---ebpf-pid----448770----pid-448770
---ebpf-pid----448770----pid-448520
---ebpf-pid----448770----pid-1
---ebpf-pid----448770----pid-448770
---ebpf-pid----448770----pid-448520
---ebpf-pid----448770----pid-1
Failed to get process information for PID 0
Failed to get process information for PID 0
---ebpf-pid----448770----pid-448770
---ebpf-pid----448770----pid-448520
---ebpf-pid----448770----pid-1
---ebpf-pid----448770----pid-448770
---ebpf-pid----448770----pid-448520
---ebpf-pid----448770----pid-1
Failed to get process information for PID 0
---ebpf-pid----4210----pid-4210
---ebpf-pid----448770----pid-448770
---ebpf-pid----448770----pid-448520
---ebpf-pid----4210----pid-4164
---ebpf-pid----448770----pid-1
---ebpf-pid----4210----pid-3417
---ebpf-pid----448770----pid-448770
---ebpf-pid----448770----pid-448520
---ebpf-pid----4210----pid-1
---ebpf-pid----448770----pid-1
---ebpf-pid----448782----pid-448782
---ebpf-pid----448782----pid-448520
---ebpf-pid----448783----pid-448783
---ebpf-pid----448782----pid-1
---ebpf-pid----448783----pid-448520
---ebpf-pid----448783----pid-1
Failed to get process information for PID 0
Failed to get process information for PID 0
[2m2024-05-24 09:48:50[0m [32m INFO[0m [2mkube_guardian::watch[0m[2m:[0m Service Status ServiceStatus { conditions: None, load_balancer: Some(LoadBalancerStatus { ingress: None }) }
[2m2024-05-24 09:48:50[0m [32m INFO[0m [2mkube_guardian::watch[0m[2m:[0m SVC  kubernetes Ready
Failed to get process information for PID 0
Failed to get process information for PID 0
---ebpf-pid----448786----pid-448786
---ebpf-pid----448786----pid-448520
---ebpf-pid----448786----pid-1
---ebpf-pid----2010----pid-2010
---ebpf-pid----2010----pid-1
---ebpf-pid----6105----pid-6105
---ebpf-pid----6105----pid-6082
---ebpf-pid----6105----pid-5550
---ebpf-pid----6105----pid-1
---ebpf-pid----6105----pid-6105
---ebpf-pid----6105----pid-6082
---ebpf-pid----6105----pid-5550
---ebpf-pid----6105----pid-1
---ebpf-pid----6105----pid-6105
---ebpf-pid----6105----pid-6082
---ebpf-pid----6105----pid-5550
---ebpf-pid----5865----pid-5865
---ebpf-pid----6105----pid-1
---ebpf-pid----6105----pid-6105
---ebpf-pid----6105----pid-6082
---ebpf-pid----5865----pid-5550
---ebpf-pid----6105----pid-5550
---ebpf-pid----5865----pid-1
---ebpf-pid----6105----pid-1
---ebpf-pid----14----pid-14
---ebpf-pid----6105----pid-6105
---ebpf-pid----14----pid-2
---ebpf-pid----6105----pid-6082
---ebpf-pid----448784----pid-448784
---ebpf-pid----6105----pid-5550
---ebpf-pid----448784----pid-448520
---ebpf-pid----448784----pid-1
---ebpf-pid----6105----pid-1
---ebpf-pid----448784----pid-448784
---ebpf-pid----448785----pid-448785
---ebpf-pid----448784----pid-448520
---ebpf-pid----448784----pid-1
---ebpf-pid----448785----pid-448520
---ebpf-pid----448786----pid-448786
---ebpf-pid----448782----pid-448782
---ebpf-pid----5614----pid-5614
---ebpf-pid----448786----pid-448520
---ebpf-pid----448786----pid-1
---ebpf-pid----5614----pid-1
---ebpf-pid----448785----pid-1
---ebpf-pid----5614----pid-5614
---ebpf-pid----6105----pid-6105
---ebpf-pid----6105----pid-6082
---ebpf-pid----5614----pid-1
---ebpf-pid----5614----pid-5614
---ebpf-pid----6105----pid-5550
---ebpf-pid----5614----pid-1
---ebpf-pid----448784----pid-448784
---ebpf-pid----6105----pid-1
---ebpf-pid----5865----pid-5865
---ebpf-pid----448784----pid-448520
---ebpf-pid----5865----pid-5550
---ebpf-pid----448784----pid-1
---ebpf-pid----5865----pid-1
---ebpf-pid----448784----pid-448784
---ebpf-pid----6105----pid-6105
---ebpf-pid----448784----pid-448520
---ebpf-pid----6105----pid-6082
---ebpf-pid----448784----pid-1
---ebpf-pid----6105----pid-5550
---ebpf-pid----448782----pid-448520
---ebpf-pid----6105----pid-1
---ebpf-pid----6105----pid-6105
---ebpf-pid----448782----pid-1
---ebpf-pid----6105----pid-6082
---ebpf-pid----448786----pid-448786
---ebpf-pid----6105----pid-5550
---ebpf-pid----6105----pid-1
---ebpf-pid----6105----pid-6105
---ebpf-pid----448786----pid-448520
---ebpf-pid----6105----pid-6082
---ebpf-pid----6105----pid-5550
---ebpf-pid----448784----pid-448784
---ebpf-pid----6105----pid-1
---ebpf-pid----5865----pid-5865
---ebpf-pid----5865----pid-5550
---ebpf-pid----5865----pid-1
---ebpf-pid----6105----pid-6105
---ebpf-pid----448784----pid-448520
---ebpf-pid----6105----pid-6082
---ebpf-pid----6105----pid-5550
---ebpf-pid----448784----pid-1
---ebpf-pid----6105----pid-1
---ebpf-pid----448786----pid-1
---ebpf-pid----448784----pid-448784
---ebpf-pid----448786----pid-448786
---ebpf-pid----448786----pid-448786
---ebpf-pid----448786----pid-448520
---ebpf-pid----448784----pid-448520
---ebpf-pid----448786----pid-1
---ebpf-pid----448784----pid-1
---ebpf-pid----6105----pid-6105
---ebpf-pid----448784----pid-448784
---ebpf-pid----448786----pid-448520
---ebpf-pid----6105----pid-6082
---ebpf-pid----448784----pid-448520
---ebpf-pid----6105----pid-5550
---ebpf-pid----448784----pid-1
---ebpf-pid----6105----pid-1
---ebpf-pid----6105----pid-6105
---ebpf-pid----448786----pid-1
---ebpf-pid----6105----pid-6082
---ebpf-pid----6105----pid-5550
---ebpf-pid----5881----pid-5881
---ebpf-pid----6105----pid-1
---ebpf-pid----6105----pid-6105
---ebpf-pid----6105----pid-6082
---ebpf-pid----5881----pid-5550
---ebpf-pid----6105----pid-5550
---ebpf-pid----6105----pid-1
---ebpf-pid----5865----pid-5865
---ebpf-pid----5881----pid-1
---ebpf-pid----5865----pid-5550
---ebpf-pid----448786----pid-448786
---ebpf-pid----5865----pid-1
---ebpf-pid----5865----pid-5865
---ebpf-pid----448786----pid-448520
---ebpf-pid----5865----pid-5550
---ebpf-pid----5865----pid-1
---ebpf-pid----448786----pid-1
---ebpf-pid----6105----pid-6105
---ebpf-pid----448786----pid-448786
---ebpf-pid----6105----pid-6082
---ebpf-pid----448784----pid-448784
---ebpf-pid----448786----pid-448520
---ebpf-pid----6105----pid-5550
---ebpf-pid----448784----pid-448520
---ebpf-pid----6105----pid-1
---ebpf-pid----448786----pid-1
---ebpf-pid----448784----pid-1
---ebpf-pid----6105----pid-6105
---ebpf-pid----448786----pid-448786
---ebpf-pid----448784----pid-448784
---ebpf-pid----6105----pid-6082
---ebpf-pid----448786----pid-448520
---ebpf-pid----448784----pid-448520
---ebpf-pid----448786----pid-1
---ebpf-pid----6105----pid-5550
---ebpf-pid----448784----pid-1
---ebpf-pid----6105----pid-1
---ebpf-pid----6105----pid-6105
---ebpf-pid----6105----pid-6082
---ebpf-pid----6105----pid-5550
---ebpf-pid----6105----pid-1
---ebpf-pid----6105----pid-6105
---ebpf-pid----6105----pid-6082
---ebpf-pid----6105----pid-5550
---ebpf-pid----6105----pid-1
---ebpf-pid----6105----pid-6105
---ebpf-pid----6105----pid-6082
---ebpf-pid----6105----pid-5550
---ebpf-pid----6105----pid-1
---ebpf-pid----6105----pid-6105
---ebpf-pid----6105----pid-6082
---ebpf-pid----6105----pid-5550
---ebpf-pid----6105----pid-1
Failed to get process information for PID 0
---ebpf-pid----6105----pid-6105
---ebpf-pid----6105----pid-6082
---ebpf-pid----6105----pid-5550
---ebpf-pid----6105----pid-1
---ebpf-pid----5637----pid-5637
---ebpf-pid----5637----pid-1
---ebpf-pid----6105----pid-6105
---ebpf-pid----6105----pid-6082
---ebpf-pid----6105----pid-5550
---ebpf-pid----6105----pid-1
---ebpf-pid----6105----pid-6105
---ebpf-pid----6105----pid-6082
---ebpf-pid----6105----pid-5550
---ebpf-pid----6105----pid-1
---ebpf-pid----6105----pid-6105
---ebpf-pid----6105----pid-6082
---ebpf-pid----6105----pid-5550
---ebpf-pid----6105----pid-1
---ebpf-pid----6105----pid-6105
---ebpf-pid----6105----pid-6082
---ebpf-pid----6105----pid-5550
---ebpf-pid----6105----pid-1
---ebpf-pid----6105----pid-6105
---ebpf-pid----6105----pid-6082
---ebpf-pid----6105----pid-5550
---ebpf-pid----6105----pid-1
---ebpf-pid----448787----pid-448787
---ebpf-pid----448787----pid-448520
---ebpf-pid----448787----pid-1
---ebpf-pid----448787----pid-448787
---ebpf-pid----448787----pid-448520
---ebpf-pid----448787----pid-1
---ebpf-pid----6105----pid-6105
---ebpf-pid----6105----pid-6082
---ebpf-pid----6105----pid-5550
---ebpf-pid----6105----pid-1
---ebpf-pid----6105----pid-6105
---ebpf-pid----6105----pid-6082
---ebpf-pid----5865----pid-5865
---ebpf-pid----6105----pid-5550
---ebpf-pid----5865----pid-5550
---ebpf-pid----6105----pid-1
---ebpf-pid----5891----pid-5891
---ebpf-pid----5891----pid-5550
---ebpf-pid----5891----pid-1
---ebpf-pid----5865----pid-1
---ebpf-pid----448787----pid-448787
---ebpf-pid----448787----pid-448520
---ebpf-pid----448787----pid-1
---ebpf-pid----6105----pid-6105
---ebpf-pid----448787----pid-448787
---ebpf-pid----448787----pid-448520
---ebpf-pid----448787----pid-1
---ebpf-pid----5881----pid-5881
---ebpf-pid----5881----pid-5550
---ebpf-pid----448786----pid-448786
---ebpf-pid----5881----pid-1
---ebpf-pid----448787----pid-448787
---ebpf-pid----448786----pid-448520
---ebpf-pid----448787----pid-448520
---ebpf-pid----448786----pid-1
---ebpf-pid----6105----pid-6082
---ebpf-pid----448787----pid-1
---ebpf-pid----448786----pid-448786
---ebpf-pid----448787----pid-448787
---ebpf-pid----6105----pid-5550
---ebpf-pid----448786----pid-448520
---ebpf-pid----448787----pid-448520
---ebpf-pid----6105----pid-1
---ebpf-pid----448786----pid-1
---ebpf-pid----6105----pid-6105
---ebpf-pid----448787----pid-1
---ebpf-pid----5891----pid-5891
---ebpf-pid----6105----pid-6082
---ebpf-pid----5891----pid-5550
---ebpf-pid----6105----pid-5550
---ebpf-pid----5891----pid-1
---ebpf-pid----5891----pid-5891
---ebpf-pid----5891----pid-5550
---ebpf-pid----6105----pid-1
---ebpf-pid----6105----pid-6105
---ebpf-pid----5891----pid-1
---ebpf-pid----448787----pid-448787
---ebpf-pid----6105----pid-6082
---ebpf-pid----448787----pid-448520
---ebpf-pid----6105----pid-5550
---ebpf-pid----448787----pid-1
---ebpf-pid----6105----pid-1
---ebpf-pid----448787----pid-448787
---ebpf-pid----6105----pid-6105
---ebpf-pid----6105----pid-6082
---ebpf-pid----448787----pid-448520
---ebpf-pid----6105----pid-5550
---ebpf-pid----448787----pid-1
---ebpf-pid----6105----pid-1
---ebpf-pid----5865----pid-5865
---ebpf-pid----5865----pid-5550
---ebpf-pid----5865----pid-1
---ebpf-pid----6105----pid-6105
---ebpf-pid----6105----pid-6082
---ebpf-pid----6105----pid-5550
---ebpf-pid----6105----pid-1
---ebpf-pid----6105----pid-6105
---ebpf-pid----6105----pid-6082
---ebpf-pid----6105----pid-5550
---ebpf-pid----6105----pid-1
---ebpf-pid----6105----pid-6105
---ebpf-pid----6105----pid-6082
---ebpf-pid----6105----pid-5550
---ebpf-pid----6105----pid-1
---ebpf-pid----6105----pid-6105
---ebpf-pid----6105----pid-6082
---ebpf-pid----6105----pid-5550
---ebpf-pid----6105----pid-1
---ebpf-pid----6105----pid-6105
---ebpf-pid----6105----pid-6082
---ebpf-pid----6105----pid-5550
---ebpf-pid----6105----pid-1
---ebpf-pid----6105----pid-6105
---ebpf-pid----6105----pid-6082
---ebpf-pid----6105----pid-5550
---ebpf-pid----6105----pid-1
---ebpf-pid----6105----pid-6105
---ebpf-pid----6105----pid-6082
---ebpf-pid----6105----pid-5550
---ebpf-pid----6105----pid-1
---ebpf-pid----6105----pid-6105
---ebpf-pid----6105----pid-6082
---ebpf-pid----6105----pid-5550
---ebpf-pid----6105----pid-1
---ebpf-pid----6105----pid-6105
---ebpf-pid----6105----pid-6082
---ebpf-pid----6105----pid-5550
---ebpf-pid----6105----pid-1
---ebpf-pid----6105----pid-6105
---ebpf-pid----6105----pid-6082
---ebpf-pid----6105----pid-5550
---ebpf-pid----6105----pid-1
---ebpf-pid----448784----pid-448784
---ebpf-pid----448784----pid-448520
---ebpf-pid----448784----pid-1
---ebpf-pid----6105----pid-6105
---ebpf-pid----6105----pid-6082
---ebpf-pid----6105----pid-5550
---ebpf-pid----6105----pid-1
---ebpf-pid----448784----pid-448784
---ebpf-pid----448784----pid-448520
---ebpf-pid----448784----pid-1
---ebpf-pid----6105----pid-6105
---ebpf-pid----6105----pid-6082
---ebpf-pid----6105----pid-5550
---ebpf-pid----6105----pid-1
---ebpf-pid----6105----pid-6105
Failed to get process information for PID 0
---ebpf-pid----448786----pid-448786
---ebpf-pid----448786----pid-448520
---ebpf-pid----6105----pid-6082
---ebpf-pid----448786----pid-1
---ebpf-pid----448786----pid-448786
---ebpf-pid----6105----pid-5550
---ebpf-pid----448786----pid-448520
---ebpf-pid----6105----pid-1
---ebpf-pid----6105----pid-6105
---ebpf-pid----448786----pid-1
---ebpf-pid----6105----pid-6082
---ebpf-pid----6105----pid-5550
---ebpf-pid----6105----pid-1
---ebpf-pid----6105----pid-6105
---ebpf-pid----6105----pid-6082
---ebpf-pid----6105----pid-5550
---ebpf-pid----6105----pid-1
---ebpf-pid----6105----pid-6105
---ebpf-pid----6105----pid-6082
---ebpf-pid----6105----pid-5550
---ebpf-pid----6105----pid-1
---ebpf-pid----6105----pid-6105
---ebpf-pid----6105----pid-6082
---ebpf-pid----6105----pid-5550
---ebpf-pid----6105----pid-1
Failed to get process information for PID 0
---ebpf-pid----6105----pid-6105
---ebpf-pid----6105----pid-6082
---ebpf-pid----6105----pid-5550
---ebpf-pid----6105----pid-1
---ebpf-pid----4210----pid-4210
Failed to get process information for PID 0
---ebpf-pid----4210----pid-4164
---ebpf-pid----4210----pid-3417
---ebpf-pid----4210----pid-1
---ebpf-pid----6105----pid-6105
---ebpf-pid----6105----pid-6082
---ebpf-pid----6105----pid-5550
---ebpf-pid----6105----pid-1
---ebpf-pid----6105----pid-6105
---ebpf-pid----6105----pid-6082
---ebpf-pid----6105----pid-5550
---ebpf-pid----6105----pid-1
---ebpf-pid----448787----pid-448787
---ebpf-pid----448787----pid-448520
---ebpf-pid----448787----pid-1
---ebpf-pid----448787----pid-448787
---ebpf-pid----448787----pid-448520
---ebpf-pid----448787----pid-1
---ebpf-pid----6105----pid-6105
---ebpf-pid----6105----pid-6082
---ebpf-pid----6105----pid-5550
---ebpf-pid----6105----pid-1
---ebpf-pid----6105----pid-6105
---ebpf-pid----6105----pid-6082
---ebpf-pid----6105----pid-5550
---ebpf-pid----6105----pid-1
---ebpf-pid----6105----pid-6105
---ebpf-pid----6105----pid-6082
---ebpf-pid----6105----pid-5550
---ebpf-pid----6105----pid-1
---ebpf-pid----6105----pid-6105
---ebpf-pid----6105----pid-6082
---ebpf-pid----6105----pid-5550
---ebpf-pid----6105----pid-1
---ebpf-pid----6105----pid-6105
---ebpf-pid----6105----pid-6082
---ebpf-pid----6105----pid-5550
---ebpf-pid----6105----pid-1
---ebpf-pid----6105----pid-6105
---ebpf-pid----6105----pid-6082
---ebpf-pid----6105----pid-5550
---ebpf-pid----6105----pid-1
---ebpf-pid----6105----pid-6105
---ebpf-pid----6105----pid-6082
---ebpf-pid----6105----pid-5550
---ebpf-pid----6105----pid-1
---ebpf-pid----6105----pid-6105
---ebpf-pid----6105----pid-6082
---ebpf-pid----6105----pid-5550
---ebpf-pid----6105----pid-1
---ebpf-pid----448770----pid-448770
---ebpf-pid----448770----pid-448520
---ebpf-pid----448770----pid-1
---ebpf-pid----448770----pid-448770
---ebpf-pid----448770----pid-448520
---ebpf-pid----448770----pid-1
---ebpf-pid----448770----pid-448770
---ebpf-pid----448770----pid-448520
---ebpf-pid----448770----pid-1
---ebpf-pid----448786----pid-448786
---ebpf-pid----448786----pid-448520
---ebpf-pid----448786----pid-1
---ebpf-pid----448786----pid-448786
---ebpf-pid----448786----pid-448520
---ebpf-pid----448786----pid-1
---ebpf-pid----5891----pid-5891
---ebpf-pid----5891----pid-5550
---ebpf-pid----5891----pid-1
---ebpf-pid----5891----pid-5891
---ebpf-pid----5891----pid-5550
---ebpf-pid----5891----pid-1
---ebpf-pid----448546----pid-448546
---ebpf-pid----448546----pid-1
---ebpf-pid----6105----pid-6105
---ebpf-pid----6105----pid-6082
---ebpf-pid----448458----pid-448458
---ebpf-pid----6105----pid-5550
---ebpf-pid----6105----pid-1
---ebpf-pid----448458----pid-8974
---ebpf-pid----448782----pid-448782
---ebpf-pid----448458----pid-7431
---ebpf-pid----448782----pid-448520
---ebpf-pid----448458----pid-1
---ebpf-pid----448782----pid-1
---ebpf-pid----448458----pid-448458
---ebpf-pid----448782----pid-448782
---ebpf-pid----448458----pid-8974
---ebpf-pid----448782----pid-448520
---ebpf-pid----448782----pid-1
---ebpf-pid----448458----pid-7431
---ebpf-pid----448788----pid-448788
---ebpf-pid----448458----pid-1
---ebpf-pid----448458----pid-448458
---ebpf-pid----448788----pid-7255
---ebpf-pid----448458----pid-8974
---ebpf-pid----448458----pid-7431
---ebpf-pid----448458----pid-1
---ebpf-pid----448458----pid-448458
---ebpf-pid----448458----pid-8974
---ebpf-pid----448458----pid-7431
---ebpf-pid----448788----pid-1
---ebpf-pid----448458----pid-1
---ebpf-pid----448788----pid-448788
---ebpf-pid----448788----pid-448788
---ebpf-pid----448788----pid-7255
---ebpf-pid----448788----pid-7255
---ebpf-pid----448788----pid-1
---ebpf-pid----448788----pid-448788
---ebpf-pid----448788----pid-1
---ebpf-pid----448788----pid-7255
---ebpf-pid----448788----pid-448788
---ebpf-pid----448788----pid-1
---ebpf-pid----448784----pid-448784
---ebpf-pid----448784----pid-448520
---ebpf-pid----448458----pid-448458
---ebpf-pid----448784----pid-1
---ebpf-pid----448458----pid-8974
---ebpf-pid----448788----pid-7255
---ebpf-pid----448458----pid-7431
---ebpf-pid----448788----pid-1
---ebpf-pid----448788----pid-448788
---ebpf-pid----448458----pid-1
---ebpf-pid----448458----pid-448458
---ebpf-pid----448788----pid-7255
---ebpf-pid----448788----pid-1
---ebpf-pid----448458----pid-8974
---ebpf-pid----448788----pid-448788
---ebpf-pid----448788----pid-7255
---ebpf-pid----448458----pid-7431
---ebpf-pid----448788----pid-1
---ebpf-pid----448788----pid-448788
---ebpf-pid----448458----pid-1
---ebpf-pid----448788----pid-7255
---ebpf-pid----6105----pid-6105
---ebpf-pid----448788----pid-1
---ebpf-pid----448458----pid-448458
---ebpf-pid----448458----pid-8974
---ebpf-pid----6105----pid-6082
---ebpf-pid----448458----pid-7431
---ebpf-pid----448458----pid-1
---ebpf-pid----6105----pid-5550
---ebpf-pid----448458----pid-448458
---ebpf-pid----6105----pid-1
---ebpf-pid----448458----pid-8974
---ebpf-pid----448787----pid-448787
---ebpf-pid----448458----pid-7431
---ebpf-pid----448787----pid-448520
---ebpf-pid----448458----pid-1
---ebpf-pid----448787----pid-1
---ebpf-pid----448787----pid-448787
---ebpf-pid----9296----pid-9296
---ebpf-pid----448787----pid-448520
---ebpf-pid----9296----pid-7255
---ebpf-pid----448787----pid-1
---ebpf-pid----6105----pid-6105
---ebpf-pid----9296----pid-1
---ebpf-pid----6105----pid-6082
---ebpf-pid----9296----pid-9296
---ebpf-pid----6105----pid-5550
---ebpf-pid----9296----pid-7255
---ebpf-pid----6105----pid-1
---ebpf-pid----9296----pid-1
---ebpf-pid----6105----pid-6105
---ebpf-pid----6105----pid-6082
---ebpf-pid----6105----pid-5550
[2m2024-05-24 09:48:50[0m [32m INFO[0m [2mkube_guardian::watch[0m[2m:[0m Service Status ServiceStatus { conditions: None, load_balancer: Some(LoadBalancerStatus { ingress: None }) }
[2m2024-05-24 09:48:50[0m [32m INFO[0m [2mkube_guardian::watch[0m[2m:[0m SVC  alertmanager Ready
---ebpf-pid----6105----pid-1
---ebpf-pid----6105----pid-6105
---ebpf-pid----6105----pid-6082
---ebpf-pid----448783----pid-448783
---ebpf-pid----6105----pid-5550
---ebpf-pid----448783----pid-448520
---ebpf-pid----6105----pid-1
---ebpf-pid----6105----pid-6105
---ebpf-pid----448783----pid-1
---ebpf-pid----9296----pid-9296
---ebpf-pid----9296----pid-7255
---ebpf-pid----6105----pid-6082
---ebpf-pid----9296----pid-1
---ebpf-pid----5881----pid-5881
---ebpf-pid----6105----pid-5550
---ebpf-pid----6105----pid-1
---ebpf-pid----448782----pid-448782
---ebpf-pid----9296----pid-9296
---ebpf-pid----448782----pid-448520
---ebpf-pid----9296----pid-7255
---ebpf-pid----9296----pid-1
---ebpf-pid----5881----pid-5550
---ebpf-pid----5881----pid-1
---ebpf-pid----5891----pid-5891
---ebpf-pid----5891----pid-5550
---ebpf-pid----5891----pid-1
---ebpf-pid----448785----pid-448785
---ebpf-pid----448786----pid-448786
---ebpf-pid----448786----pid-448520
---ebpf-pid----448782----pid-1
---ebpf-pid----448786----pid-1
---ebpf-pid----448782----pid-448782
---ebpf-pid----448782----pid-448520
---ebpf-pid----448782----pid-1
---ebpf-pid----6105----pid-6105
---ebpf-pid----6105----pid-6082
---ebpf-pid----6105----pid-5550
---ebpf-pid----6105----pid-1
---ebpf-pid----6105----pid-6105
---ebpf-pid----6105----pid-6082
---ebpf-pid----6105----pid-5550
---ebpf-pid----448786----pid-448786
---ebpf-pid----6105----pid-1
---ebpf-pid----448785----pid-448520
---ebpf-pid----448787----pid-448787
---ebpf-pid----448785----pid-1
---ebpf-pid----448786----pid-448520
---ebpf-pid----448785----pid-448785
---ebpf-pid----448785----pid-448520
---ebpf-pid----448786----pid-1
---ebpf-pid----448785----pid-1
---ebpf-pid----6105----pid-6105
---ebpf-pid----448787----pid-448520
---ebpf-pid----448785----pid-448785
---ebpf-pid----448787----pid-1
---ebpf-pid----448787----pid-448787
---ebpf-pid----448787----pid-448520
---ebpf-pid----448785----pid-448520
---ebpf-pid----448787----pid-1
---ebpf-pid----6105----pid-6105
---ebpf-pid----448785----pid-1
---ebpf-pid----6105----pid-6082
---ebpf-pid----448785----pid-448785
---ebpf-pid----6105----pid-5550
---ebpf-pid----6105----pid-6082
---ebpf-pid----448785----pid-448520
---ebpf-pid----6105----pid-1
---ebpf-pid----6105----pid-5550
---ebpf-pid----6105----pid-6105
---ebpf-pid----448785----pid-1
---ebpf-pid----6105----pid-1
---ebpf-pid----6105----pid-6082
---ebpf-pid----6105----pid-6105
---ebpf-pid----448458----pid-448458
---ebpf-pid----6105----pid-5550
---ebpf-pid----6105----pid-6082
---ebpf-pid----448458----pid-8974
---ebpf-pid----6105----pid-1
---ebpf-pid----6105----pid-5550
---ebpf-pid----6105----pid-6105
---ebpf-pid----6105----pid-1
---ebpf-pid----6105----pid-6082
---ebpf-pid----6105----pid-6105
---ebpf-pid----6105----pid-5550
---ebpf-pid----6105----pid-6082
---ebpf-pid----6105----pid-5550
---ebpf-pid----448458----pid-7431
---ebpf-pid----448458----pid-1
---ebpf-pid----448458----pid-448458
---ebpf-pid----6105----pid-1
---ebpf-pid----448770----pid-448770
---ebpf-pid----6105----pid-1
---ebpf-pid----6105----pid-6105
---ebpf-pid----6105----pid-6082
---ebpf-pid----448770----pid-448520
---ebpf-pid----6105----pid-5550
---ebpf-pid----448770----pid-1
---ebpf-pid----448770----pid-448770
---ebpf-pid----448770----pid-448520
---ebpf-pid----448458----pid-8974
---ebpf-pid----448770----pid-1
---ebpf-pid----448458----pid-7431
---ebpf-pid----448770----pid-448770
---ebpf-pid----448458----pid-1
---ebpf-pid----448770----pid-448520
---ebpf-pid----448546----pid-448546
---ebpf-pid----448770----pid-1
---ebpf-pid----5881----pid-5881
---ebpf-pid----6105----pid-1
---ebpf-pid----448786----pid-448786
---ebpf-pid----5881----pid-5550
---ebpf-pid----448786----pid-448520
---ebpf-pid----448786----pid-1
---ebpf-pid----448546----pid-1
---ebpf-pid----448786----pid-448786
---ebpf-pid----5881----pid-1
---ebpf-pid----448786----pid-448520
---ebpf-pid----5891----pid-5891
---ebpf-pid----448786----pid-1
---ebpf-pid----6105----pid-6105
---ebpf-pid----5891----pid-5550
---ebpf-pid----6105----pid-6082
---ebpf-pid----5891----pid-1
---ebpf-pid----6105----pid-5550
---ebpf-pid----5891----pid-5891
---ebpf-pid----5891----pid-5550
---ebpf-pid----6105----pid-1
---ebpf-pid----6105----pid-6105
---ebpf-pid----5891----pid-1
---ebpf-pid----5881----pid-5881
---ebpf-pid----6105----pid-6082
---ebpf-pid----5881----pid-5550
---ebpf-pid----6105----pid-5550
---ebpf-pid----5881----pid-1
---ebpf-pid----5891----pid-5891
---ebpf-pid----6105----pid-1
---ebpf-pid----5891----pid-5550
---ebpf-pid----5891----pid-1
---ebpf-pid----448789----pid-448789
---ebpf-pid----448789----pid-7255
---ebpf-pid----6105----pid-6105
Failed to get process information for PID 0
---ebpf-pid----448789----pid-1
---ebpf-pid----448789----pid-448789
---ebpf-pid----448789----pid-7255
---ebpf-pid----6105----pid-6082
---ebpf-pid----448789----pid-1
---ebpf-pid----448789----pid-448789
---ebpf-pid----448789----pid-7255
---ebpf-pid----6105----pid-5550
---ebpf-pid----448782----pid-448782
---ebpf-pid----6105----pid-1
---ebpf-pid----6105----pid-6105
---ebpf-pid----448782----pid-448520
---ebpf-pid----448789----pid-1
---ebpf-pid----448789----pid-448789
---ebpf-pid----448789----pid-7255
---ebpf-pid----448789----pid-1
---ebpf-pid----448458----pid-448458
---ebpf-pid----448458----pid-8974
---ebpf-pid----448782----pid-1
---ebpf-pid----448458----pid-7431
---ebpf-pid----9297----pid-9297
---ebpf-pid----448458----pid-1
---ebpf-pid----9297----pid-7255
---ebpf-pid----448458----pid-448458
---ebpf-pid----9297----pid-1
---ebpf-pid----448458----pid-8974
---ebpf-pid----9297----pid-9297
---ebpf-pid----448458----pid-7431
---ebpf-pid----9297----pid-7255
---ebpf-pid----448458----pid-1
---ebpf-pid----9297----pid-1
---ebpf-pid----9297----pid-9297
---ebpf-pid----9297----pid-7255
---ebpf-pid----9297----pid-1
---ebpf-pid----448789----pid-448789
[2m2024-05-24 09:48:50[0m [32m INFO[0m [2mkube_guardian::watch[0m[2m:[0m pod name collector-7wszx
---ebpf-pid----9297----pid-9297
---ebpf-pid----9297----pid-7255
---ebpf-pid----448789----pid-7255
---ebpf-pid----9297----pid-1
---ebpf-pid----448789----pid-1
---ebpf-pid----448789----pid-448789
---ebpf-pid----448770----pid-448770
---ebpf-pid----448770----pid-448520
---ebpf-pid----448770----pid-1
---ebpf-pid----448789----pid-7255
---ebpf-pid----6105----pid-6105
---ebpf-pid----448789----pid-1
---ebpf-pid----448789----pid-448789
---ebpf-pid----448789----pid-7255
---ebpf-pid----448789----pid-1
---ebpf-pid----448789----pid-448789
---ebpf-pid----448789----pid-7255
---ebpf-pid----6105----pid-6082
---ebpf-pid----448789----pid-1
---ebpf-pid----448789----pid-448789
---ebpf-pid----448789----pid-7255
---ebpf-pid----448789----pid-1
---ebpf-pid----6105----pid-5550
---ebpf-pid----6105----pid-6082
---ebpf-pid----6105----pid-1
---ebpf-pid----448789----pid-448789
---ebpf-pid----448789----pid-7255
---ebpf-pid----448789----pid-1
---ebpf-pid----6105----pid-5550
---ebpf-pid----448789----pid-448789
---ebpf-pid----448789----pid-7255
---ebpf-pid----448786----pid-448786
---ebpf-pid----6105----pid-1
---ebpf-pid----448786----pid-448520
---ebpf-pid----6105----pid-6105
---ebpf-pid----448786----pid-1
---ebpf-pid----448786----pid-448786
---ebpf-pid----448786----pid-448520
---ebpf-pid----6105----pid-6082
---ebpf-pid----448786----pid-1
---ebpf-pid----6105----pid-6105
---ebpf-pid----6105----pid-5550
---ebpf-pid----6105----pid-6082
---ebpf-pid----6105----pid-1
---ebpf-pid----6105----pid-6105
---ebpf-pid----6105----pid-5550
---ebpf-pid----6105----pid-6082
---ebpf-pid----448789----pid-1
---ebpf-pid----448789----pid-448789
---ebpf-pid----6105----pid-5550
---ebpf-pid----6105----pid-1
---ebpf-pid----448770----pid-448770
---ebpf-pid----448770----pid-448520
---ebpf-pid----448770----pid-1
---ebpf-pid----9297----pid-9297
---ebpf-pid----448770----pid-448770
---ebpf-pid----9297----pid-7255
---ebpf-pid----448789----pid-7255
---ebpf-pid----6105----pid-1
---ebpf-pid----448770----pid-448520
---ebpf-pid----9297----pid-1
---ebpf-pid----9297----pid-9297
---ebpf-pid----448770----pid-1
---ebpf-pid----9297----pid-7255
---ebpf-pid----448770----pid-448770
---ebpf-pid----9297----pid-1
---ebpf-pid----448770----pid-448520
---ebpf-pid----6105----pid-6105
---ebpf-pid----448789----pid-1
---ebpf-pid----448770----pid-1
---ebpf-pid----6105----pid-6082
---ebpf-pid----448789----pid-448789
---ebpf-pid----6105----pid-5550
---ebpf-pid----448789----pid-7255
---ebpf-pid----448789----pid-1
---ebpf-pid----448789----pid-448789
---ebpf-pid----6105----pid-1
---ebpf-pid----6105----pid-6105
---ebpf-pid----448789----pid-7255
---ebpf-pid----6105----pid-6082
---ebpf-pid----448789----pid-1
---ebpf-pid----448789----pid-448789
---ebpf-pid----6105----pid-5550
---ebpf-pid----448789----pid-7255
---ebpf-pid----6105----pid-1
---ebpf-pid----6105----pid-6105
---ebpf-pid----448789----pid-1
---ebpf-pid----448789----pid-448789
---ebpf-pid----6105----pid-6082
---ebpf-pid----6105----pid-5550
---ebpf-pid----448789----pid-7255
---ebpf-pid----6105----pid-1
---ebpf-pid----448789----pid-1
---ebpf-pid----6105----pid-6105
---ebpf-pid----448789----pid-448789
---ebpf-pid----6105----pid-6082
---ebpf-pid----448789----pid-7255
---ebpf-pid----6105----pid-5550
---ebpf-pid----448789----pid-1
---ebpf-pid----448789----pid-448789
---ebpf-pid----6105----pid-1
---ebpf-pid----448789----pid-7255
---ebpf-pid----448786----pid-448786
---ebpf-pid----448789----pid-1
---ebpf-pid----448786----pid-448520
---ebpf-pid----448789----pid-448789
---ebpf-pid----448789----pid-7255
---ebpf-pid----448786----pid-1
---ebpf-pid----448789----pid-1
---ebpf-pid----448789----pid-448789
---ebpf-pid----6105----pid-6105
---ebpf-pid----448789----pid-7255
---ebpf-pid----6105----pid-6082
---ebpf-pid----448789----pid-1
---ebpf-pid----6105----pid-5550
---ebpf-pid----448789----pid-448789
---ebpf-pid----6105----pid-1
---ebpf-pid----6105----pid-6105
---ebpf-pid----6105----pid-6082
---ebpf-pid----6105----pid-5550
---ebpf-pid----6105----pid-1
---ebpf-pid----448786----pid-448786
---ebpf-pid----448786----pid-448520
---ebpf-pid----448786----pid-1
---ebpf-pid----6105----pid-6105
---ebpf-pid----448789----pid-7255
---ebpf-pid----448458----pid-448458
---ebpf-pid----6105----pid-6082
---ebpf-pid----448458----pid-8974
---ebpf-pid----6105----pid-5550
---ebpf-pid----448458----pid-7431
---ebpf-pid----448458----pid-1
---ebpf-pid----448789----pid-1
---ebpf-pid----448458----pid-448458
---ebpf-pid----448789----pid-448789
---ebpf-pid----6105----pid-1
---ebpf-pid----448458----pid-8974
---ebpf-pid----448789----pid-7255
---ebpf-pid----6105----pid-6105
---ebpf-pid----448458----pid-7431
---ebpf-pid----448789----pid-1
---ebpf-pid----6105----pid-6105
---ebpf-pid----448458----pid-1
---ebpf-pid----6105----pid-6082
---ebpf-pid----6105----pid-6082
---ebpf-pid----6105----pid-5550
---ebpf-pid----6105----pid-5550
---ebpf-pid----6105----pid-1
---ebpf-pid----6105----pid-6105
---ebpf-pid----6105----pid-1
---ebpf-pid----6105----pid-6082
---ebpf-pid----448782----pid-448782
---ebpf-pid----6105----pid-5550
---ebpf-pid----6105----pid-1
---ebpf-pid----448784----pid-448784
---ebpf-pid----448782----pid-448520
---ebpf-pid----448784----pid-448520
---ebpf-pid----448784----pid-1
---ebpf-pid----448782----pid-1
---ebpf-pid----448786----pid-448786
---ebpf-pid----448786----pid-448520
---ebpf-pid----448458----pid-448458
---ebpf-pid----448458----pid-8974
---ebpf-pid----448786----pid-1
---ebpf-pid----448458----pid-7431
---ebpf-pid----448786----pid-448786
---ebpf-pid----448458----pid-1
---ebpf-pid----448786----pid-448520
---ebpf-pid----448458----pid-448458
---ebpf-pid----448458----pid-8974
---ebpf-pid----448786----pid-1
---ebpf-pid----6105----pid-6105
---ebpf-pid----448458----pid-7431
---ebpf-pid----6105----pid-6105
---ebpf-pid----6105----pid-6082
---ebpf-pid----448458----pid-1
---ebpf-pid----6105----pid-6082
---ebpf-pid----6105----pid-5550
---ebpf-pid----6105----pid-5550
---ebpf-pid----9298----pid-9298
---ebpf-pid----6105----pid-1
---ebpf-pid----6105----pid-6105
---ebpf-pid----6105----pid-1
---ebpf-pid----6105----pid-6082
---ebpf-pid----9298----pid-7255
---ebpf-pid----6105----pid-6105
---ebpf-pid----6105----pid-5550
---ebpf-pid----9298----pid-1
---ebpf-pid----9298----pid-9298
---ebpf-pid----6105----pid-6082
---ebpf-pid----9298----pid-7255
---ebpf-pid----6105----pid-5550
---ebpf-pid----9298----pid-1
---ebpf-pid----6105----pid-1
---ebpf-pid----6105----pid-1
---ebpf-pid----448786----pid-448786
---ebpf-pid----5865----pid-5865
---ebpf-pid----448786----pid-448520
---ebpf-pid----448786----pid-1
---ebpf-pid----5865----pid-5550
---ebpf-pid----6105----pid-6105
---ebpf-pid----6105----pid-6082
---ebpf-pid----5865----pid-1
---ebpf-pid----448784----pid-448784
---ebpf-pid----6105----pid-5550
---ebpf-pid----448784----pid-448520
---ebpf-pid----448784----pid-1
---ebpf-pid----6105----pid-1
---ebpf-pid----448784----pid-448784
---ebpf-pid----6105----pid-6105
---ebpf-pid----6105----pid-6082
---ebpf-pid----448784----pid-448520
---ebpf-pid----6105----pid-5550
---ebpf-pid----448784----pid-1
---ebpf-pid----6105----pid-1
---ebpf-pid----448786----pid-448786
---ebpf-pid----448786----pid-448520
---ebpf-pid----448786----pid-1
---ebpf-pid----6105----pid-6105
---ebpf-pid----6105----pid-6082
---ebpf-pid----6105----pid-5550
---ebpf-pid----6105----pid-1
---ebpf-pid----6105----pid-6105
---ebpf-pid----6105----pid-6082
---ebpf-pid----6105----pid-5550
---ebpf-pid----6105----pid-1
---ebpf-pid----6105----pid-6105
---ebpf-pid----6105----pid-6082
---ebpf-pid----6105----pid-5550
---ebpf-pid----6105----pid-1
---ebpf-pid----6105----pid-6105
---ebpf-pid----6105----pid-6082
---ebpf-pid----6105----pid-5550
---ebpf-pid----6105----pid-1
---ebpf-pid----448458----pid-448458
---ebpf-pid----448458----pid-8974
---ebpf-pid----448458----pid-7431
---ebpf-pid----448458----pid-1
---ebpf-pid----448458----pid-448458
---ebpf-pid----448458----pid-8974
---ebpf-pid----448458----pid-7431
---ebpf-pid----448458----pid-1
---ebpf-pid----448786----pid-448786
---ebpf-pid----448786----pid-448520
---ebpf-pid----448786----pid-1
---ebpf-pid----6105----pid-6105
---ebpf-pid----6105----pid-6082
[2m2024-05-24 09:48:50[0m [32m INFO[0m [2mkube_guardian::container[0m[2m:[0m If index of containerid  Some("3091cc1fb7ff18e12656d5ba96ddcf686384de2b4f161512a3944d474d14243f") [Some(2), Some(9)]
---ebpf-pid----6105----pid-5550
[2m2024-05-24 09:48:50[0m [32m INFO[0m [2mkube_guardian::watch[0m[2m:[0m pod name collector-7wszx
---ebpf-pid----6105----pid-1
---ebpf-pid----6105----pid-6105
[2m2024-05-24 09:48:50[0m [32m INFO[0m [2mkube_guardian::watch[0m[2m:[0m Service Status ServiceStatus { conditions: None, load_balancer: Some(LoadBalancerStatus { ingress: None }) }
---ebpf-pid----6105----pid-6082
---ebpf-pid----6105----pid-5550
[2m2024-05-24 09:48:50[0m [32m INFO[0m [2mkube_guardian::watch[0m[2m:[0m SVC  gmp-operator Ready
---ebpf-pid----6105----pid-1
---ebpf-pid----448786----pid-448786
---ebpf-pid----448786----pid-448520
---ebpf-pid----448784----pid-448784
---ebpf-pid----9298----pid-9298
---ebpf-pid----448784----pid-448520
---ebpf-pid----448784----pid-1
---ebpf-pid----448786----pid-1
---ebpf-pid----448790----pid-448790
---ebpf-pid----448790----pid-7255
---ebpf-pid----9298----pid-7255
---ebpf-pid----448790----pid-1
---ebpf-pid----448790----pid-448790
---ebpf-pid----448790----pid-7255
---ebpf-pid----448790----pid-1
---ebpf-pid----448458----pid-448458
---ebpf-pid----448458----pid-8974
---ebpf-pid----448458----pid-7431
---ebpf-pid----448458----pid-1
---ebpf-pid----448458----pid-448458
---ebpf-pid----448458----pid-8974
---ebpf-pid----448458----pid-7431
---ebpf-pid----6105----pid-6105
---ebpf-pid----9298----pid-1
---ebpf-pid----9298----pid-9298
---ebpf-pid----448458----pid-1
---ebpf-pid----9298----pid-7255
---ebpf-pid----9298----pid-1
---ebpf-pid----448787----pid-448787
---ebpf-pid----448787----pid-448787
---ebpf-pid----6105----pid-6082
---ebpf-pid----448787----pid-448520
---ebpf-pid----6105----pid-5550
---ebpf-pid----6105----pid-1
---ebpf-pid----6105----pid-6105
---ebpf-pid----6105----pid-6082
---ebpf-pid----6105----pid-5550
---ebpf-pid----448787----pid-1
---ebpf-pid----6105----pid-1
---ebpf-pid----448787----pid-448520
---ebpf-pid----5865----pid-5865
---ebpf-pid----448787----pid-1
---ebpf-pid----448787----pid-448787
---ebpf-pid----5865----pid-5550
---ebpf-pid----448787----pid-448520
---ebpf-pid----5865----pid-1
---ebpf-pid----5865----pid-5865
---ebpf-pid----448790----pid-448790
---ebpf-pid----448787----pid-1
---ebpf-pid----5865----pid-5550
---ebpf-pid----5865----pid-1
---ebpf-pid----6105----pid-6105
---ebpf-pid----448790----pid-7255
---ebpf-pid----448790----pid-1
---ebpf-pid----448790----pid-448790
---ebpf-pid----6105----pid-6082
---ebpf-pid----6105----pid-5550
---ebpf-pid----448790----pid-7255
---ebpf-pid----5865----pid-5865
---ebpf-pid----448790----pid-1
---ebpf-pid----448790----pid-448790
---ebpf-pid----448790----pid-7255
---ebpf-pid----5865----pid-5550
---ebpf-pid----5865----pid-1
---ebpf-pid----5865----pid-5865
---ebpf-pid----448784----pid-448784
---ebpf-pid----448790----pid-1
---ebpf-pid----448790----pid-448790
---ebpf-pid----6105----pid-1
---ebpf-pid----5865----pid-5550
---ebpf-pid----448784----pid-448520
---ebpf-pid----6105----pid-6105
---ebpf-pid----448790----pid-7255
---ebpf-pid----5865----pid-1
---ebpf-pid----448784----pid-1
---ebpf-pid----6105----pid-6105
---ebpf-pid----6105----pid-6082
---ebpf-pid----6105----pid-6082
---ebpf-pid----6105----pid-5550
---ebpf-pid----448790----pid-1
---ebpf-pid----448790----pid-448790
---ebpf-pid----448790----pid-7255
---ebpf-pid----6105----pid-1
---ebpf-pid----448790----pid-1
---ebpf-pid----6105----pid-6105
---ebpf-pid----448790----pid-448790
---ebpf-pid----6105----pid-5550
---ebpf-pid----448787----pid-448787
---ebpf-pid----6105----pid-6082
---ebpf-pid----448787----pid-448520
---ebpf-pid----6105----pid-5550
---ebpf-pid----448787----pid-1
---ebpf-pid----448787----pid-448787
---ebpf-pid----448787----pid-448520
---ebpf-pid----6105----pid-1
---ebpf-pid----6105----pid-6105
---ebpf-pid----448790----pid-7255
---ebpf-pid----448787----pid-1
---ebpf-pid----6105----pid-6105
---ebpf-pid----448790----pid-1
---ebpf-pid----6105----pid-6082
---ebpf-pid----6105----pid-5550
---ebpf-pid----6105----pid-1
---ebpf-pid----6105----pid-6105
---ebpf-pid----6105----pid-6082
---ebpf-pid----6105----pid-6082
---ebpf-pid----6105----pid-5550
---ebpf-pid----6105----pid-5550
---ebpf-pid----6105----pid-1
---ebpf-pid----6105----pid-6105
---ebpf-pid----6105----pid-1
---ebpf-pid----6105----pid-1
---ebpf-pid----448783----pid-448783
---ebpf-pid----448787----pid-448787
---ebpf-pid----6105----pid-6082
---ebpf-pid----448787----pid-448520
---ebpf-pid----6105----pid-5550
---ebpf-pid----448787----pid-1
---ebpf-pid----6105----pid-6105
---ebpf-pid----6105----pid-1
---ebpf-pid----6105----pid-6105
---ebpf-pid----6105----pid-6082
[2m2024-05-24 09:48:50[0m [32m INFO[0m [2mkube_guardian::container[0m[2m:[0m If index of containerid  Some("ab8a7ad191d9e7522dc020cef4c951c3975efc8d116106f284dfb98d2b3d717c") [Some(2), Some(9)]
---ebpf-pid----6105----pid-6082
---ebpf-pid----448783----pid-448520
---ebpf-pid----6105----pid-5550
---ebpf-pid----448783----pid-1
---ebpf-pid----6105----pid-1
---ebpf-pid----448787----pid-448787
---ebpf-pid----6105----pid-6105
---ebpf-pid----6105----pid-6082
---ebpf-pid----6105----pid-5550
---ebpf-pid----448787----pid-448520
---ebpf-pid----6105----pid-5550
---ebpf-pid----448787----pid-1
---ebpf-pid----448787----pid-448787
---ebpf-pid----6105----pid-1
---ebpf-pid----448787----pid-448520
---ebpf-pid----448787----pid-1
Failed to get process information for PID 0
---ebpf-pid----6105----pid-1
---ebpf-pid----6105----pid-6105
---ebpf-pid----6105----pid-6105
---ebpf-pid----6105----pid-6082
---ebpf-pid----6105----pid-6082
---ebpf-pid----6105----pid-5550
---ebpf-pid----6105----pid-1
---ebpf-pid----6105----pid-6105
---ebpf-pid----5865----pid-5865
---ebpf-pid----448783----pid-448783
---ebpf-pid----448783----pid-448520
---ebpf-pid----5865----pid-5550
---ebpf-pid----6105----pid-5550
---ebpf-pid----5865----pid-1
---ebpf-pid----5865----pid-5865
---ebpf-pid----5865----pid-5550
---ebpf-pid----6105----pid-6082
---ebpf-pid----6105----pid-1
---ebpf-pid----6105----pid-6105
---ebpf-pid----6105----pid-5550
---ebpf-pid----6105----pid-1
---ebpf-pid----6105----pid-6082
---ebpf-pid----6105----pid-6105
---ebpf-pid----448783----pid-1
---ebpf-pid----6105----pid-6082
---ebpf-pid----6105----pid-5550
---ebpf-pid----448783----pid-448783
---ebpf-pid----6105----pid-5550
---ebpf-pid----6105----pid-1
---ebpf-pid----6105----pid-1
---ebpf-pid----448783----pid-448520
---ebpf-pid----6105----pid-6105
---ebpf-pid----448787----pid-448787
---ebpf-pid----448783----pid-1
---ebpf-pid----448787----pid-448520
---ebpf-pid----5865----pid-1
---ebpf-pid----5891----pid-5891
---ebpf-pid----5891----pid-5550
---ebpf-pid----448787----pid-1
---ebpf-pid----6105----pid-6105
---ebpf-pid----5891----pid-1
---ebpf-pid----5891----pid-5891
---ebpf-pid----5891----pid-5550
---ebpf-pid----6105----pid-6082
---ebpf-pid----5891----pid-1
---ebpf-pid----6105----pid-6105
---ebpf-pid----6105----pid-5550
---ebpf-pid----6105----pid-6082
---ebpf-pid----6105----pid-5550
---ebpf-pid----6105----pid-1
---ebpf-pid----6105----pid-6105
---ebpf-pid----6105----pid-1
---ebpf-pid----448458----pid-448458
---ebpf-pid----6105----pid-6082
---ebpf-pid----448458----pid-8974
---ebpf-pid----6105----pid-5550
---ebpf-pid----448458----pid-7431
---ebpf-pid----6105----pid-1
---ebpf-pid----448458----pid-1
---ebpf-pid----448787----pid-448787
---ebpf-pid----448458----pid-448458
---ebpf-pid----448787----pid-448520
---ebpf-pid----448458----pid-8974
---ebpf-pid----448524----pid-448524
---ebpf-pid----448787----pid-1
---ebpf-pid----6105----pid-6105
---ebpf-pid----448458----pid-7431
---ebpf-pid----448458----pid-1
---ebpf-pid----6105----pid-6082
---ebpf-pid----448524----pid-1
---ebpf-pid----5891----pid-5891
---ebpf-pid----6105----pid-5550
---ebpf-pid----5891----pid-5550
---ebpf-pid----6105----pid-1
---ebpf-pid----6105----pid-6105
---ebpf-pid----5891----pid-1
---ebpf-pid----5891----pid-5891
---ebpf-pid----6105----pid-6082
---ebpf-pid----5891----pid-5550
---ebpf-pid----5891----pid-1
---ebpf-pid----6105----pid-5550
---ebpf-pid----6105----pid-6082
---ebpf-pid----448458----pid-448458
[2m2024-05-24 09:48:50[0m [32m INFO[0m [2mkube_guardian::watch[0m[2m:[0m Service Status ServiceStatus { conditions: None, load_balancer: Some(LoadBalancerStatus { ingress: None }) }
[2m2024-05-24 09:48:50[0m [32m INFO[0m [2mkube_guardian::watch[0m[2m:[0m SVC  broker Ready
---ebpf-pid----448458----pid-8974
---ebpf-pid----6105----pid-1
---ebpf-pid----6105----pid-6105
---ebpf-pid----448458----pid-7431
---ebpf-pid----6105----pid-6082
---ebpf-pid----6105----pid-5550
---ebpf-pid----6105----pid-1
---ebpf-pid----448785----pid-448785
---ebpf-pid----6105----pid-5550
---ebpf-pid----6105----pid-1
---ebpf-pid----448785----pid-448520
---ebpf-pid----6105----pid-6105
---ebpf-pid----448785----pid-1
---ebpf-pid----6105----pid-6082
---ebpf-pid----6105----pid-6105
---ebpf-pid----6105----pid-5550
---ebpf-pid----6105----pid-6082
---ebpf-pid----6105----pid-1
---ebpf-pid----6105----pid-5550
---ebpf-pid----5891----pid-5891
---ebpf-pid----6105----pid-1
---ebpf-pid----448787----pid-448787
---ebpf-pid----5891----pid-5550
---ebpf-pid----448787----pid-448520
---ebpf-pid----5891----pid-1
---ebpf-pid----448787----pid-1
---ebpf-pid----6105----pid-6105
---ebpf-pid----6105----pid-6105
---ebpf-pid----448458----pid-1
---ebpf-pid----448458----pid-448458
---ebpf-pid----6105----pid-6082
---ebpf-pid----448458----pid-8974
---ebpf-pid----6105----pid-5550
---ebpf-pid----448458----pid-7431
---ebpf-pid----6105----pid-1
---ebpf-pid----448787----pid-448787
---ebpf-pid----448458----pid-1
---ebpf-pid----448787----pid-448520
---ebpf-pid----448458----pid-448458
---ebpf-pid----448787----pid-1
---ebpf-pid----448458----pid-8974
---ebpf-pid----6105----pid-6105
---ebpf-pid----448458----pid-7431
---ebpf-pid----6105----pid-6082
---ebpf-pid----6105----pid-5550
---ebpf-pid----6105----pid-6082
---ebpf-pid----6105----pid-1
---ebpf-pid----6105----pid-6105
---ebpf-pid----6105----pid-5550
---ebpf-pid----6105----pid-6082
---ebpf-pid----6105----pid-5550
---ebpf-pid----6105----pid-1
---ebpf-pid----448770----pid-448770
---ebpf-pid----6105----pid-1
---ebpf-pid----5891----pid-5891
---ebpf-pid----448458----pid-1
---ebpf-pid----5891----pid-5550
---ebpf-pid----448458----pid-448458
---ebpf-pid----5891----pid-1
---ebpf-pid----6105----pid-6105
---ebpf-pid----448458----pid-8974
---ebpf-pid----6105----pid-6082
---ebpf-pid----448458----pid-7431
---ebpf-pid----6105----pid-5550
---ebpf-pid----448458----pid-1
---ebpf-pid----6105----pid-1
---ebpf-pid----448770----pid-448520
---ebpf-pid----448787----pid-448787
---ebpf-pid----448770----pid-1
---ebpf-pid----448787----pid-448520
---ebpf-pid----448770----pid-448770
---ebpf-pid----448787----pid-1
---ebpf-pid----448770----pid-448520
---ebpf-pid----6105----pid-6105
---ebpf-pid----6105----pid-6082
---ebpf-pid----448770----pid-1
---ebpf-pid----448770----pid-448770
---ebpf-pid----6105----pid-5550
---ebpf-pid----448770----pid-448520
---ebpf-pid----6105----pid-1
---ebpf-pid----448770----pid-1
---ebpf-pid----6105----pid-6105
---ebpf-pid----448793----pid-448793
---ebpf-pid----6105----pid-6082
---ebpf-pid----448793----pid-7255
---ebpf-pid----6105----pid-5550
---ebpf-pid----448793----pid-1
---ebpf-pid----448793----pid-448793
---ebpf-pid----6105----pid-1
---ebpf-pid----448787----pid-448787
---ebpf-pid----448793----pid-7255
---ebpf-pid----448793----pid-1
---ebpf-pid----448787----pid-448520
---ebpf-pid----448793----pid-448793
---ebpf-pid----448787----pid-1
---ebpf-pid----448793----pid-7255
---ebpf-pid----448524----pid-448524
---ebpf-pid----448793----pid-1
---ebpf-pid----448524----pid-1
---ebpf-pid----448793----pid-448793
---ebpf-pid----448784----pid-448784
---ebpf-pid----448793----pid-7255
---ebpf-pid----448784----pid-448520
---ebpf-pid----448793----pid-1
---ebpf-pid----448784----pid-1
---ebpf-pid----448793----pid-448793
---ebpf-pid----5881----pid-5881
---ebpf-pid----448793----pid-7255
---ebpf-pid----5881----pid-5550
---ebpf-pid----448793----pid-1
---ebpf-pid----448793----pid-448793
---ebpf-pid----5881----pid-1
---ebpf-pid----448786----pid-448786
---ebpf-pid----5891----pid-5891
---ebpf-pid----448786----pid-448520
---ebpf-pid----448786----pid-1
---ebpf-pid----6105----pid-6105
---ebpf-pid----6105----pid-6082
---ebpf-pid----448793----pid-7255
---ebpf-pid----6105----pid-5550
---ebpf-pid----448793----pid-1
---ebpf-pid----6105----pid-1
---ebpf-pid----448793----pid-448793
---ebpf-pid----448786----pid-448786
---ebpf-pid----448793----pid-7255
---ebpf-pid----448786----pid-448520
---ebpf-pid----448793----pid-1
---ebpf-pid----448786----pid-1
---ebpf-pid----448793----pid-448793
---ebpf-pid----6105----pid-6105
---ebpf-pid----448793----pid-7255
---ebpf-pid----6105----pid-6082
---ebpf-pid----5891----pid-5550
---ebpf-pid----6105----pid-5550
---ebpf-pid----6105----pid-1
---ebpf-pid----6105----pid-6105
---ebpf-pid----5891----pid-1
---ebpf-pid----6105----pid-6082
---ebpf-pid----448793----pid-1
---ebpf-pid----9299----pid-9299
---ebpf-pid----6105----pid-5550
---ebpf-pid----9299----pid-7255
---ebpf-pid----6105----pid-1
---ebpf-pid----6105----pid-6105
---ebpf-pid----9299----pid-1
---ebpf-pid----9299----pid-9299
---ebpf-pid----6105----pid-6082
---ebpf-pid----9299----pid-7255
---ebpf-pid----6105----pid-5550
---ebpf-pid----9299----pid-1
---ebpf-pid----9299----pid-9299
---ebpf-pid----6105----pid-1
---ebpf-pid----448786----pid-448786
---ebpf-pid----9299----pid-7255
---ebpf-pid----448786----pid-448520
---ebpf-pid----9299----pid-1
---ebpf-pid----9299----pid-9299
---ebpf-pid----448786----pid-1
---ebpf-pid----5891----pid-5891
---ebpf-pid----6105----pid-6105
---ebpf-pid----9299----pid-7255
---ebpf-pid----6105----pid-6082
---ebpf-pid----9299----pid-1
---ebpf-pid----5891----pid-5550
---ebpf-pid----448787----pid-448787
---ebpf-pid----6105----pid-5550
---ebpf-pid----448787----pid-448520
---ebpf-pid----6105----pid-1
---ebpf-pid----448786----pid-448786
---ebpf-pid----448787----pid-1
---ebpf-pid----5891----pid-1
---ebpf-pid----448787----pid-448787
---ebpf-pid----448786----pid-448520
---ebpf-pid----448787----pid-448520
---ebpf-pid----5865----pid-5865
---ebpf-pid----448786----pid-1
---ebpf-pid----6105----pid-6105
---ebpf-pid----448787----pid-1
---ebpf-pid----5865----pid-5550
---ebpf-pid----5637----pid-5637
---ebpf-pid----6105----pid-6082
---ebpf-pid----6105----pid-5550
---ebpf-pid----5865----pid-1
---ebpf-pid----5865----pid-5865
---ebpf-pid----6105----pid-1
---ebpf-pid----6105----pid-6105
---ebpf-pid----5865----pid-5550
---ebpf-pid----6105----pid-6082
---ebpf-pid----6105----pid-5550
---ebpf-pid----5865----pid-1
---ebpf-pid----5881----pid-5881
---ebpf-pid----6105----pid-1
---ebpf-pid----448786----pid-448786
---ebpf-pid----5881----pid-5550
---ebpf-pid----448786----pid-448520
---ebpf-pid----5881----pid-1
---ebpf-pid----5881----pid-5881
---ebpf-pid----448786----pid-1
---ebpf-pid----448786----pid-448786
---ebpf-pid----5881----pid-5550
---ebpf-pid----448786----pid-448520
---ebpf-pid----5881----pid-1
---ebpf-pid----448786----pid-1
---ebpf-pid----6105----pid-6105
---ebpf-pid----448783----pid-448783
---ebpf-pid----6105----pid-6082
---ebpf-pid----448783----pid-448520
---ebpf-pid----5637----pid-1
---ebpf-pid----6105----pid-5550
---ebpf-pid----448783----pid-1
---ebpf-pid----6105----pid-1
---ebpf-pid----6105----pid-6105
---ebpf-pid----6105----pid-6082
---ebpf-pid----6105----pid-5550
---ebpf-pid----6105----pid-1
---ebpf-pid----6105----pid-6105
---ebpf-pid----6105----pid-6082
Failed to get process information for PID 0
---ebpf-pid----6105----pid-6105
---ebpf-pid----6105----pid-6082
---ebpf-pid----6105----pid-5550
---ebpf-pid----6105----pid-5550
---ebpf-pid----6105----pid-1
---ebpf-pid----6105----pid-1
---ebpf-pid----6105----pid-6105
---ebpf-pid----6105----pid-6105
---ebpf-pid----6105----pid-6082
---ebpf-pid----6105----pid-6082
---ebpf-pid----6105----pid-5550
---ebpf-pid----6105----pid-5550
---ebpf-pid----6105----pid-1
---ebpf-pid----6105----pid-1
---ebpf-pid----6105----pid-6105
---ebpf-pid----448786----pid-448786
---ebpf-pid----6105----pid-6082
---ebpf-pid----6105----pid-5550
---ebpf-pid----6105----pid-1
---ebpf-pid----6105----pid-6105
---ebpf-pid----6105----pid-6082
---ebpf-pid----6105----pid-5550
---ebpf-pid----6105----pid-1
---ebpf-pid----448786----pid-448786
---ebpf-pid----448786----pid-448520
---ebpf-pid----448786----pid-1
---ebpf-pid----448786----pid-448786
---ebpf-pid----448786----pid-448520
---ebpf-pid----448786----pid-1
---ebpf-pid----448786----pid-448520
---ebpf-pid----6105----pid-6105
---ebpf-pid----6105----pid-6082
---ebpf-pid----448786----pid-1
---ebpf-pid----448786----pid-448786
---ebpf-pid----6105----pid-5550
---ebpf-pid----448786----pid-448520
---ebpf-pid----6105----pid-1
---ebpf-pid----6105----pid-6105
---ebpf-pid----448786----pid-1
---ebpf-pid----6105----pid-6105
---ebpf-pid----6105----pid-6082
---ebpf-pid----6105----pid-5550
---ebpf-pid----6105----pid-6082
---ebpf-pid----6105----pid-1
---ebpf-pid----6105----pid-5550
---ebpf-pid----5085----pid-5085
---ebpf-pid----6105----pid-1
---ebpf-pid----5085----pid-4164
---ebpf-pid----6105----pid-6105
---ebpf-pid----5085----pid-3417
---ebpf-pid----6105----pid-6082
---ebpf-pid----5085----pid-1
---ebpf-pid----6105----pid-5550
---ebpf-pid----6105----pid-6105
---ebpf-pid----6105----pid-1
---ebpf-pid----6105----pid-6105
---ebpf-pid----6105----pid-6082
---ebpf-pid----6105----pid-6082
---ebpf-pid----6105----pid-5550
---ebpf-pid----6105----pid-5550
---ebpf-pid----6105----pid-1
---ebpf-pid----6105----pid-6105
---ebpf-pid----6105----pid-1
---ebpf-pid----6105----pid-6082
---ebpf-pid----6105----pid-6105
---ebpf-pid----6105----pid-5550
---ebpf-pid----6105----pid-6082
---ebpf-pid----6105----pid-1
---ebpf-pid----6105----pid-5550
---ebpf-pid----448787----pid-448787
---ebpf-pid----6105----pid-1
---ebpf-pid----6105----pid-6105
---ebpf-pid----6105----pid-6082
---ebpf-pid----6105----pid-5550
---ebpf-pid----6105----pid-1
---ebpf-pid----448783----pid-448783
---ebpf-pid----448783----pid-448520
---ebpf-pid----448787----pid-448520
---ebpf-pid----448787----pid-1
---ebpf-pid----6105----pid-6105
---ebpf-pid----6105----pid-6082
---ebpf-pid----6105----pid-5550
---ebpf-pid----6105----pid-1
---ebpf-pid----6105----pid-6105
---ebpf-pid----6105----pid-6082
---ebpf-pid----6105----pid-5550
---ebpf-pid----6105----pid-1
---ebpf-pid----448787----pid-448787
---ebpf-pid----448787----pid-448520
---ebpf-pid----448787----pid-1
---ebpf-pid----6105----pid-6105
---ebpf-pid----6105----pid-6082
---ebpf-pid----6105----pid-5550
---ebpf-pid----6105----pid-1
---ebpf-pid----6105----pid-6105
---ebpf-pid----6105----pid-6082
---ebpf-pid----6105----pid-5550
---ebpf-pid----6105----pid-1
---ebpf-pid----448786----pid-448786
---ebpf-pid----448786----pid-448520
---ebpf-pid----448783----pid-1
---ebpf-pid----448786----pid-1
---ebpf-pid----6105----pid-6105
---ebpf-pid----6105----pid-6082
---ebpf-pid----6105----pid-5550
---ebpf-pid----6105----pid-1
---ebpf-pid----448786----pid-448786
---ebpf-pid----448786----pid-448520
---ebpf-pid----448786----pid-1
---ebpf-pid----6105----pid-6105
---ebpf-pid----6105----pid-6105
---ebpf-pid----6105----pid-6082
---ebpf-pid----6105----pid-6082
---ebpf-pid----6105----pid-5550
---ebpf-pid----6105----pid-5550
---ebpf-pid----6105----pid-1
---ebpf-pid----6105----pid-6105
---ebpf-pid----6105----pid-1
---ebpf-pid----6105----pid-6105
---ebpf-pid----6105----pid-6082
---ebpf-pid----6105----pid-6082
---ebpf-pid----6105----pid-5550
---ebpf-pid----6105----pid-5550
---ebpf-pid----6105----pid-1
---ebpf-pid----48015----pid-48015
---ebpf-pid----6105----pid-1
---ebpf-pid----6105----pid-6105
---ebpf-pid----48015----pid-5550
---ebpf-pid----6105----pid-6082
---ebpf-pid----48015----pid-1
---ebpf-pid----6105----pid-5550
---ebpf-pid----48015----pid-48015
---ebpf-pid----6105----pid-1
---ebpf-pid----48015----pid-5550
---ebpf-pid----6105----pid-6105
---ebpf-pid----48015----pid-1
---ebpf-pid----6105----pid-6082
---ebpf-pid----6105----pid-6105
---ebpf-pid----6105----pid-5550
---ebpf-pid----6105----pid-6082
---ebpf-pid----6105----pid-1
---ebpf-pid----6105----pid-5550
---ebpf-pid----448787----pid-448787
---ebpf-pid----6105----pid-1
---ebpf-pid----448787----pid-448520
---ebpf-pid----6105----pid-6105
---ebpf-pid----448787----pid-1
---ebpf-pid----6105----pid-6082
---ebpf-pid----448787----pid-448787
---ebpf-pid----6105----pid-5550
---ebpf-pid----448787----pid-448520
---ebpf-pid----6105----pid-1
---ebpf-pid----448787----pid-1
---ebpf-pid----48015----pid-48015
---ebpf-pid----6105----pid-6105
---ebpf-pid----48015----pid-5550
---ebpf-pid----6105----pid-6082
---ebpf-pid----48015----pid-1
---ebpf-pid----6105----pid-5550
---ebpf-pid----48015----pid-48015
---ebpf-pid----6105----pid-1
---ebpf-pid----48015----pid-5550
---ebpf-pid----6105----pid-6105
---ebpf-pid----48015----pid-1
---ebpf-pid----6105----pid-6082
---ebpf-pid----6105----pid-6105
---ebpf-pid----6105----pid-5550
---ebpf-pid----6105----pid-6082
---ebpf-pid----6105----pid-1
---ebpf-pid----6105----pid-5550
---ebpf-pid----6105----pid-6105
---ebpf-pid----6105----pid-6082
---ebpf-pid----6105----pid-5550
---ebpf-pid----6105----pid-1
---ebpf-pid----6105----pid-6105
---ebpf-pid----6105----pid-6082
---ebpf-pid----6105----pid-5550
---ebpf-pid----6105----pid-1
---ebpf-pid----448787----pid-448787
---ebpf-pid----448787----pid-448520
---ebpf-pid----448787----pid-1
---ebpf-pid----448787----pid-448787
---ebpf-pid----448787----pid-448520
---ebpf-pid----448787----pid-1
---ebpf-pid----6105----pid-6105
---ebpf-pid----6105----pid-1
---ebpf-pid----6105----pid-6082
---ebpf-pid----6105----pid-6105
---ebpf-pid----6105----pid-5550
---ebpf-pid----6105----pid-6082
---ebpf-pid----6105----pid-1
---ebpf-pid----6105----pid-6105
---ebpf-pid----6105----pid-5550
---ebpf-pid----6105----pid-6082
---ebpf-pid----6105----pid-1
---ebpf-pid----6105----pid-5550
---ebpf-pid----6105----pid-6105
---ebpf-pid----6105----pid-1
---ebpf-pid----6105----pid-6082
---ebpf-pid----6105----pid-6105
---ebpf-pid----6105----pid-5550
---ebpf-pid----6105----pid-6082
---ebpf-pid----6105----pid-1
---ebpf-pid----6105----pid-5550
---ebpf-pid----448787----pid-448787
---ebpf-pid----6105----pid-1
---ebpf-pid----448787----pid-448520
---ebpf-pid----6105----pid-6105
---ebpf-pid----448787----pid-1
---ebpf-pid----6105----pid-6082
---ebpf-pid----6105----pid-6105
---ebpf-pid----6105----pid-6082
---ebpf-pid----6105----pid-5550
---ebpf-pid----6105----pid-5550
---ebpf-pid----6105----pid-1
---ebpf-pid----6105----pid-6105
---ebpf-pid----6105----pid-1
---ebpf-pid----6105----pid-6082
---ebpf-pid----6105----pid-6105
---ebpf-pid----6105----pid-5550
---ebpf-pid----6105----pid-6082
---ebpf-pid----6105----pid-1
---ebpf-pid----448787----pid-448787
---ebpf-pid----6105----pid-5550
---ebpf-pid----448787----pid-448520
---ebpf-pid----448787----pid-1
---ebpf-pid----6105----pid-1
---ebpf-pid----6105----pid-6105
---ebpf-pid----48015----pid-48015
---ebpf-pid----6105----pid-6082
---ebpf-pid----48015----pid-5550
---ebpf-pid----6105----pid-5550
---ebpf-pid----48015----pid-1
---ebpf-pid----6105----pid-6105
---ebpf-pid----6105----pid-1
---ebpf-pid----6105----pid-6105
---ebpf-pid----6105----pid-6082
---ebpf-pid----6105----pid-6082
---ebpf-pid----6105----pid-5550
Failed to get process information for PID 0
---ebpf-pid----6105----pid-1
---ebpf-pid----6105----pid-5550
---ebpf-pid----448787----pid-448787
---ebpf-pid----6105----pid-1
---ebpf-pid----448787----pid-448520
---ebpf-pid----448786----pid-448786
---ebpf-pid----448786----pid-448520
---ebpf-pid----448787----pid-1
---ebpf-pid----6105----pid-6105
---ebpf-pid----448786----pid-1
---ebpf-pid----6105----pid-6105
---ebpf-pid----6105----pid-6082
---ebpf-pid----6105----pid-6082
---ebpf-pid----6105----pid-5550
---ebpf-pid----6105----pid-5550
---ebpf-pid----6105----pid-1
---ebpf-pid----6105----pid-1
---ebpf-pid----6105----pid-6105
---ebpf-pid----6105----pid-6082
---ebpf-pid----448782----pid-448782
---ebpf-pid----6105----pid-5550
---ebpf-pid----6105----pid-1
---ebpf-pid----448782----pid-448520
---ebpf-pid----448786----pid-448786
---ebpf-pid----448786----pid-448520
---ebpf-pid----448782----pid-1
---ebpf-pid----5637----pid-5637
---ebpf-pid----448786----pid-1
---ebpf-pid----6105----pid-6105
---ebpf-pid----5637----pid-1
---ebpf-pid----6105----pid-6082
---ebpf-pid----6105----pid-6105
---ebpf-pid----6105----pid-5550
---ebpf-pid----6105----pid-6082
---ebpf-pid----5865----pid-5865
---ebpf-pid----6105----pid-1
---ebpf-pid----6105----pid-5550
---ebpf-pid----6105----pid-1
---ebpf-pid----448789----pid-448789
---ebpf-pid----5865----pid-5550
---ebpf-pid----5865----pid-1
---ebpf-pid----448770----pid-448770
---ebpf-pid----448770----pid-448520
---ebpf-pid----448789----pid-7255
---ebpf-pid----448770----pid-1
---ebpf-pid----448770----pid-448770
---ebpf-pid----448770----pid-448520
---ebpf-pid----448770----pid-1
---ebpf-pid----448770----pid-448770
---ebpf-pid----448788----pid-448788
---ebpf-pid----448770----pid-448520
---ebpf-pid----448788----pid-7255
---ebpf-pid----448770----pid-1
---ebpf-pid----448788----pid-1
---ebpf-pid----5865----pid-5865
---ebpf-pid----448788----pid-448788
---ebpf-pid----5865----pid-5550
---ebpf-pid----448788----pid-7255
---ebpf-pid----5865----pid-1
---ebpf-pid----448788----pid-1
---ebpf-pid----448770----pid-448770
---ebpf-pid----6105----pid-6105
---ebpf-pid----448459----pid-448459
---ebpf-pid----448770----pid-448520
---ebpf-pid----6105----pid-6082
---ebpf-pid----448459----pid-8974
---ebpf-pid----448770----pid-1
---ebpf-pid----6105----pid-5550
---ebpf-pid----448770----pid-448770
---ebpf-pid----448459----pid-7431
---ebpf-pid----6105----pid-1
---ebpf-pid----448770----pid-448520
---ebpf-pid----448787----pid-448787
---ebpf-pid----448459----pid-1
---ebpf-pid----448459----pid-448459
---ebpf-pid----448787----pid-448520
---ebpf-pid----448459----pid-8974
---ebpf-pid----448770----pid-1
---ebpf-pid----448787----pid-1
---ebpf-pid----448770----pid-448770
---ebpf-pid----448459----pid-7431
---ebpf-pid----6105----pid-6105
---ebpf-pid----448770----pid-448520
---ebpf-pid----448459----pid-1
---ebpf-pid----6105----pid-6082
---ebpf-pid----448459----pid-448459
---ebpf-pid----448770----pid-1
---ebpf-pid----6105----pid-5550
---ebpf-pid----2094----pid-2094
---ebpf-pid----448459----pid-8974
---ebpf-pid----6105----pid-1
---ebpf-pid----6105----pid-6105
---ebpf-pid----2094----pid-1
---ebpf-pid----448459----pid-7431
---ebpf-pid----6105----pid-6082
---ebpf-pid----448459----pid-1
---ebpf-pid----6105----pid-5550
---ebpf-pid----448459----pid-448459
---ebpf-pid----448459----pid-8974
---ebpf-pid----6105----pid-1
---ebpf-pid----6105----pid-6105
---ebpf-pid----448459----pid-7431
---ebpf-pid----6105----pid-6082
---ebpf-pid----448459----pid-1
---ebpf-pid----6105----pid-5550
---ebpf-pid----448788----pid-448788
---ebpf-pid----6105----pid-1
---ebpf-pid----448788----pid-7255
---ebpf-pid----6105----pid-6105
---ebpf-pid----6105----pid-6082
---ebpf-pid----448788----pid-1
---ebpf-pid----6105----pid-5550
---ebpf-pid----6105----pid-1
---ebpf-pid----448788----pid-448788
---ebpf-pid----448787----pid-448787
---ebpf-pid----448788----pid-7255
---ebpf-pid----448787----pid-448520
---ebpf-pid----448788----pid-1
---ebpf-pid----448459----pid-448459
---ebpf-pid----448787----pid-1
---ebpf-pid----5316----pid-5316
---ebpf-pid----448459----pid-8974
---ebpf-pid----5316----pid-4164
---ebpf-pid----448459----pid-7431
---ebpf-pid----5316----pid-3417
---ebpf-pid----448459----pid-1
---ebpf-pid----448459----pid-448459
---ebpf-pid----5316----pid-1
---ebpf-pid----448787----pid-448787
---ebpf-pid----448459----pid-8974
---ebpf-pid----448459----pid-7431
---ebpf-pid----448459----pid-1
---ebpf-pid----448788----pid-448788
---ebpf-pid----448788----pid-7255
---ebpf-pid----448787----pid-448520
---ebpf-pid----448788----pid-1
---ebpf-pid----448787----pid-1
---ebpf-pid----448788----pid-448788
---ebpf-pid----6105----pid-6105
---ebpf-pid----448788----pid-7255
---ebpf-pid----6105----pid-6082
---ebpf-pid----448788----pid-1
---ebpf-pid----6105----pid-5550
---ebpf-pid----2089----pid-2089
---ebpf-pid----448459----pid-448459
---ebpf-pid----6105----pid-1
---ebpf-pid----6105----pid-6105
---ebpf-pid----448459----pid-8974
---ebpf-pid----2089----pid-1
---ebpf-pid----2089----pid-2089
---ebpf-pid----6105----pid-6082
---ebpf-pid----448459----pid-7431
---ebpf-pid----6105----pid-5550
---ebpf-pid----2089----pid-1
---ebpf-pid----2089----pid-2089
---ebpf-pid----448459----pid-1
---ebpf-pid----448459----pid-448459
---ebpf-pid----6105----pid-1
---ebpf-pid----6105----pid-6105
---ebpf-pid----2089----pid-1
---ebpf-pid----2089----pid-2089
---ebpf-pid----448459----pid-8974
---ebpf-pid----6105----pid-6082
---ebpf-pid----2089----pid-1
---ebpf-pid----448459----pid-7431
---ebpf-pid----6105----pid-5550
---ebpf-pid----6105----pid-1
---ebpf-pid----448459----pid-1
Failed to get process information for PID 0
---ebpf-pid----448788----pid-448788
---ebpf-pid----6105----pid-6105
---ebpf-pid----6105----pid-6082
---ebpf-pid----448788----pid-7255
---ebpf-pid----6105----pid-5550
---ebpf-pid----448788----pid-1
---ebpf-pid----448788----pid-448788
---ebpf-pid----6105----pid-1
---ebpf-pid----6105----pid-6105
---ebpf-pid----448788----pid-7255
---ebpf-pid----6105----pid-6082
---ebpf-pid----448788----pid-1
---ebpf-pid----6105----pid-5550
---ebpf-pid----448788----pid-448788
---ebpf-pid----6105----pid-1
---ebpf-pid----448788----pid-7255
---ebpf-pid----448788----pid-1
---ebpf-pid----448788----pid-448788
---ebpf-pid----6105----pid-6105
---ebpf-pid----448788----pid-7255
---ebpf-pid----448788----pid-1
---ebpf-pid----448788----pid-448788
---ebpf-pid----448788----pid-7255
---ebpf-pid----448789----pid-1
---ebpf-pid----448788----pid-1
---ebpf-pid----448789----pid-448789
---ebpf-pid----448788----pid-448788
---ebpf-pid----448789----pid-7255
---ebpf-pid----6105----pid-6082
---ebpf-pid----448789----pid-1
---ebpf-pid----6105----pid-5550
---ebpf-pid----448458----pid-448458
[2m2024-05-24 09:48:50[0m [32m INFO[0m [2mkube_guardian::watch[0m[2m:[0m Service Status ServiceStatus { conditions: None, load_balancer: Some(LoadBalancerStatus { ingress: None }) }
[2m2024-05-24 09:48:50[0m [32m INFO[0m [2mkube_guardian::watch[0m[2m:[0m SVC  guardian-db Ready
---ebpf-pid----6105----pid-1
---ebpf-pid----448458----pid-8974
---ebpf-pid----6211----pid-6211
---ebpf-pid----448458----pid-7431
---ebpf-pid----6211----pid-5550
---ebpf-pid----6211----pid-1
---ebpf-pid----6211----pid-6211
---ebpf-pid----6211----pid-5550
---ebpf-pid----6211----pid-1
---ebpf-pid----448784----pid-448784
---ebpf-pid----448784----pid-448520
---ebpf-pid----448784----pid-1
---ebpf-pid----448788----pid-7255
---ebpf-pid----448786----pid-448786
---ebpf-pid----448788----pid-1
---ebpf-pid----448786----pid-448520
---ebpf-pid----448788----pid-448788
---ebpf-pid----448784----pid-448784
---ebpf-pid----448786----pid-1
---ebpf-pid----448788----pid-7255
---ebpf-pid----448786----pid-448786
---ebpf-pid----448784----pid-448520
---ebpf-pid----448788----pid-1
---ebpf-pid----448788----pid-448788
---ebpf-pid----448458----pid-1
---ebpf-pid----448458----pid-448458
---ebpf-pid----448458----pid-8974
---ebpf-pid----448788----pid-7255
---ebpf-pid----448788----pid-1
---ebpf-pid----448788----pid-448788
---ebpf-pid----448458----pid-7431
---ebpf-pid----448786----pid-448520
---ebpf-pid----448788----pid-7255
---ebpf-pid----448458----pid-1
---ebpf-pid----448786----pid-1
---ebpf-pid----448788----pid-1
---ebpf-pid----448789----pid-448789
---ebpf-pid----5891----pid-5891
---ebpf-pid----448788----pid-448788
---ebpf-pid----448788----pid-7255
---ebpf-pid----448789----pid-7255
---ebpf-pid----448788----pid-1
---ebpf-pid----448789----pid-1
---ebpf-pid----448789----pid-448789
---ebpf-pid----448784----pid-1
---ebpf-pid----448789----pid-7255
---ebpf-pid----448784----pid-448784
---ebpf-pid----448789----pid-1
---ebpf-pid----448458----pid-448458
---ebpf-pid----448784----pid-448520
---ebpf-pid----448784----pid-1
---ebpf-pid----448458----pid-8974
---ebpf-pid----448784----pid-448784
---ebpf-pid----448458----pid-7431
---ebpf-pid----448784----pid-448520
---ebpf-pid----448458----pid-1
---ebpf-pid----448784----pid-1
---ebpf-pid----448458----pid-448458
---ebpf-pid----448784----pid-448784
---ebpf-pid----448784----pid-448520
---ebpf-pid----448458----pid-8974
---ebpf-pid----448784----pid-1
---ebpf-pid----448784----pid-448784
---ebpf-pid----5891----pid-5550
---ebpf-pid----448458----pid-7431
---ebpf-pid----448788----pid-448788
---ebpf-pid----5891----pid-1
---ebpf-pid----448458----pid-1
---ebpf-pid----448788----pid-7255
---ebpf-pid----448789----pid-448789
---ebpf-pid----5891----pid-5891
---ebpf-pid----448788----pid-1
---ebpf-pid----448788----pid-448788
---ebpf-pid----448784----pid-448520
---ebpf-pid----448789----pid-7255
---ebpf-pid----448788----pid-7255
---ebpf-pid----5891----pid-5550
---ebpf-pid----448788----pid-1
---ebpf-pid----448789----pid-1
---ebpf-pid----448788----pid-448788
---ebpf-pid----5891----pid-1
---ebpf-pid----5891----pid-5891
---ebpf-pid----448789----pid-448789
---ebpf-pid----448788----pid-7255
---ebpf-pid----448788----pid-1
---ebpf-pid----448788----pid-448788
---ebpf-pid----448789----pid-7255
---ebpf-pid----448784----pid-1
---ebpf-pid----448788----pid-7255
---ebpf-pid----448783----pid-448783
---ebpf-pid----448788----pid-1
---ebpf-pid----448789----pid-1
---ebpf-pid----5891----pid-5550
---ebpf-pid----448788----pid-448788
---ebpf-pid----448783----pid-448520
---ebpf-pid----448788----pid-7255
---ebpf-pid----448789----pid-448789
---ebpf-pid----448788----pid-1
---ebpf-pid----448788----pid-448788
---ebpf-pid----448783----pid-1
---ebpf-pid----448788----pid-7255
---ebpf-pid----448788----pid-1
---ebpf-pid----448458----pid-448458
---ebpf-pid----5891----pid-1
---ebpf-pid----448458----pid-8974
---ebpf-pid----448789----pid-7255
---ebpf-pid----448783----pid-448783
---ebpf-pid----5891----pid-5891
---ebpf-pid----448783----pid-448520
---ebpf-pid----448789----pid-1
---ebpf-pid----448789----pid-448789
---ebpf-pid----448783----pid-1
---ebpf-pid----448784----pid-448784
---ebpf-pid----448784----pid-448520
---ebpf-pid----5891----pid-5550
---ebpf-pid----448784----pid-1
---ebpf-pid----448789----pid-7255
---ebpf-pid----448785----pid-448785
---ebpf-pid----448789----pid-1
---ebpf-pid----448785----pid-448520
---ebpf-pid----448458----pid-7431
---ebpf-pid----9297----pid-9297
---ebpf-pid----9297----pid-7255
---ebpf-pid----9297----pid-1
---ebpf-pid----448785----pid-1
---ebpf-pid----448458----pid-1
---ebpf-pid----9297----pid-9297
---ebpf-pid----9297----pid-7255
---ebpf-pid----5891----pid-1
---ebpf-pid----9297----pid-9297
---ebpf-pid----9297----pid-1
---ebpf-pid----9297----pid-9297
---ebpf-pid----9297----pid-7255
---ebpf-pid----9297----pid-7255
---ebpf-pid----9297----pid-1
---ebpf-pid----9297----pid-1
---ebpf-pid----6105----pid-6105
---ebpf-pid----5891----pid-5891
---ebpf-pid----6105----pid-6082
[2m2024-05-24 09:48:50[0m [32m INFO[0m [2mkube_guardian::watch[0m[2m:[0m pod name gmp-operator-577675898c-tcprm
---ebpf-pid----5891----pid-5550
---ebpf-pid----5891----pid-1
---ebpf-pid----5891----pid-5891
---ebpf-pid----6105----pid-5550
---ebpf-pid----5891----pid-5550
---ebpf-pid----448458----pid-448458
---ebpf-pid----5891----pid-1
---ebpf-pid----448782----pid-448782
---ebpf-pid----6105----pid-1
---ebpf-pid----448782----pid-448520
---ebpf-pid----6105----pid-6105
---ebpf-pid----448458----pid-8974
---ebpf-pid----6105----pid-6082
---ebpf-pid----448458----pid-7431
---ebpf-pid----448458----pid-1
---ebpf-pid----448459----pid-448459
---ebpf-pid----448459----pid-8974
---ebpf-pid----448459----pid-7431
---ebpf-pid----448459----pid-1
---ebpf-pid----448459----pid-448459
---ebpf-pid----448459----pid-8974
---ebpf-pid----448459----pid-7431
---ebpf-pid----448459----pid-1
---ebpf-pid----9296----pid-9296
---ebpf-pid----9296----pid-7255
---ebpf-pid----9296----pid-1
---ebpf-pid----9296----pid-9296
---ebpf-pid----9296----pid-7255
---ebpf-pid----6105----pid-5550
---ebpf-pid----9296----pid-1
---ebpf-pid----9296----pid-9296
---ebpf-pid----6105----pid-1
---ebpf-pid----377755----pid-377755
---ebpf-pid----9296----pid-7255
---ebpf-pid----9296----pid-1
---ebpf-pid----377755----pid-1
---ebpf-pid----9296----pid-9296
---ebpf-pid----448546----pid-448546
---ebpf-pid----9296----pid-7255
---ebpf-pid----448546----pid-1
---ebpf-pid----6105----pid-6105
---ebpf-pid----9296----pid-1
---ebpf-pid----6105----pid-6105
---ebpf-pid----6105----pid-6082
---ebpf-pid----6105----pid-6082
---ebpf-pid----6105----pid-5550
---ebpf-pid----6105----pid-1
---ebpf-pid----6105----pid-5550
---ebpf-pid----6105----pid-6105
---ebpf-pid----6105----pid-6082
---ebpf-pid----6105----pid-1
---ebpf-pid----6105----pid-5550
---ebpf-pid----448782----pid-1
---ebpf-pid----6105----pid-1
---ebpf-pid----448782----pid-448782
---ebpf-pid----448782----pid-448520
---ebpf-pid----448782----pid-1
---ebpf-pid----448782----pid-448782
---ebpf-pid----448786----pid-448786
---ebpf-pid----6105----pid-6105
---ebpf-pid----448786----pid-448520
---ebpf-pid----448782----pid-448520
---ebpf-pid----8845----pid-8845
---ebpf-pid----8845----pid-7637
---ebpf-pid----448782----pid-1
---ebpf-pid----2094----pid-2094
---ebpf-pid----2094----pid-1
---ebpf-pid----448786----pid-448786
---ebpf-pid----448786----pid-448520
---ebpf-pid----448786----pid-1
---ebpf-pid----448786----pid-448786
---ebpf-pid----448786----pid-448520
---ebpf-pid----448786----pid-1
---ebpf-pid----6105----pid-6105
---ebpf-pid----6105----pid-6082
---ebpf-pid----6105----pid-5550
---ebpf-pid----6105----pid-6082
---ebpf-pid----8845----pid-1
---ebpf-pid----448785----pid-448785
---ebpf-pid----448785----pid-448520
---ebpf-pid----448785----pid-1
---ebpf-pid----6105----pid-5550
---ebpf-pid----6105----pid-1
---ebpf-pid----6105----pid-6105
---ebpf-pid----6105----pid-1
---ebpf-pid----448786----pid-448786
---ebpf-pid----6105----pid-6082
---ebpf-pid----6105----pid-5550
---ebpf-pid----448786----pid-448520
---ebpf-pid----6105----pid-1
---ebpf-pid----448786----pid-1
---ebpf-pid----448785----pid-448785
---ebpf-pid----448785----pid-448520
---ebpf-pid----448785----pid-1
---ebpf-pid----5891----pid-5891
---ebpf-pid----4562----pid-4562
---ebpf-pid----4562----pid-3466
---ebpf-pid----5891----pid-5550
---ebpf-pid----4562----pid-1
---ebpf-pid----5891----pid-1
---ebpf-pid----4562----pid-4562
---ebpf-pid----6105----pid-6105
---ebpf-pid----4562----pid-3466
---ebpf-pid----6105----pid-6082
---ebpf-pid----6105----pid-5550
---ebpf-pid----4562----pid-1
---ebpf-pid----6105----pid-1
---ebpf-pid----2094----pid-2094
---ebpf-pid----2094----pid-1
---ebpf-pid----448786----pid-448786
---ebpf-pid----448786----pid-448520
---ebpf-pid----448786----pid-1
---ebpf-pid----6105----pid-6105
---ebpf-pid----6105----pid-6082
---ebpf-pid----6105----pid-5550
---ebpf-pid----6105----pid-1
---ebpf-pid----6105----pid-6105
---ebpf-pid----6105----pid-6082
---ebpf-pid----6105----pid-5550
---ebpf-pid----6105----pid-1
---ebpf-pid----6105----pid-6105
---ebpf-pid----448786----pid-1
---ebpf-pid----448786----pid-448786
---ebpf-pid----448786----pid-448520
---ebpf-pid----448786----pid-1
---ebpf-pid----6105----pid-6105
---ebpf-pid----6105----pid-6082
---ebpf-pid----6105----pid-5550
---ebpf-pid----6105----pid-1
---ebpf-pid----6105----pid-6105
---ebpf-pid----6105----pid-6082
---ebpf-pid----6105----pid-5550
---ebpf-pid----6105----pid-1
---ebpf-pid----6105----pid-6105
---ebpf-pid----6105----pid-6082
---ebpf-pid----6105----pid-5550
---ebpf-pid----6105----pid-6082
---ebpf-pid----6105----pid-1
---ebpf-pid----6105----pid-6105
---ebpf-pid----6105----pid-5550
---ebpf-pid----6105----pid-6082
---ebpf-pid----6105----pid-1
---ebpf-pid----6105----pid-5550
[2m2024-05-24 09:48:50[0m [32m INFO[0m [2mkube_guardian::container[0m[2m:[0m If index of containerid  Some("e414f3abadb7a23a23666aa462f4cd93917a52e41860f67e7da5689219ab3269") [Some(2), Some(23)]
---ebpf-pid----6105----pid-6105
---ebpf-pid----6105----pid-6082
---ebpf-pid----6105----pid-5550
---ebpf-pid----6105----pid-1
---ebpf-pid----448546----pid-448546
---ebpf-pid----6105----pid-1
---ebpf-pid----448786----pid-448786
---ebpf-pid----448786----pid-448520
---ebpf-pid----448786----pid-1
---ebpf-pid----448786----pid-448786
---ebpf-pid----448786----pid-448520
---ebpf-pid----6105----pid-6105
---ebpf-pid----448786----pid-1
---ebpf-pid----6105----pid-6105
---ebpf-pid----6105----pid-6082
---ebpf-pid----6105----pid-5550
---ebpf-pid----6105----pid-6082
---ebpf-pid----6105----pid-1
---ebpf-pid----6105----pid-6105
---ebpf-pid----6105----pid-5550
---ebpf-pid----6105----pid-6082
---ebpf-pid----6105----pid-1
---ebpf-pid----6105----pid-6105
---ebpf-pid----6105----pid-5550
---ebpf-pid----6105----pid-6082
---ebpf-pid----6105----pid-1
---ebpf-pid----5865----pid-5865
---ebpf-pid----6105----pid-5550
---ebpf-pid----5865----pid-5550
---ebpf-pid----6105----pid-1
---ebpf-pid----6105----pid-6105
---ebpf-pid----5865----pid-1
---ebpf-pid----5865----pid-5865
---ebpf-pid----6105----pid-6082
---ebpf-pid----5865----pid-5550
---ebpf-pid----6105----pid-5550
---ebpf-pid----5865----pid-1
---ebpf-pid----6105----pid-6105
---ebpf-pid----6105----pid-1
---ebpf-pid----6105----pid-6105
---ebpf-pid----6105----pid-6082
---ebpf-pid----6105----pid-6082
---ebpf-pid----6105----pid-5550
---ebpf-pid----6105----pid-5550
---ebpf-pid----6105----pid-1
---ebpf-pid----6105----pid-6105
---ebpf-pid----6105----pid-1
---ebpf-pid----448786----pid-448786
---ebpf-pid----6105----pid-6082
---ebpf-pid----448786----pid-448520
---ebpf-pid----6105----pid-5550
---ebpf-pid----448786----pid-1
---ebpf-pid----6105----pid-1
---ebpf-pid----448786----pid-448786
---ebpf-pid----448787----pid-448787
---ebpf-pid----448786----pid-448520
---ebpf-pid----448787----pid-448520
---ebpf-pid----448786----pid-1
---ebpf-pid----448787----pid-1
---ebpf-pid----6105----pid-6105
---ebpf-pid----448787----pid-448787
---ebpf-pid----6105----pid-6082
---ebpf-pid----448787----pid-448520
---ebpf-pid----448787----pid-1
---ebpf-pid----448546----pid-1
---ebpf-pid----6105----pid-6105
---ebpf-pid----448546----pid-448546
---ebpf-pid----6105----pid-5550
---ebpf-pid----6105----pid-6082
---ebpf-pid----448546----pid-1
---ebpf-pid----6105----pid-1
---ebpf-pid----448546----pid-448546
---ebpf-pid----6105----pid-5550
---ebpf-pid----6105----pid-6105
---ebpf-pid----448546----pid-1
---ebpf-pid----6105----pid-1
---ebpf-pid----6105----pid-6082
---ebpf-pid----6105----pid-6105
---ebpf-pid----6105----pid-5550
---ebpf-pid----6105----pid-6082
---ebpf-pid----6105----pid-1
---ebpf-pid----6105----pid-5550
---ebpf-pid----6105----pid-6105
---ebpf-pid----6105----pid-1
---ebpf-pid----6105----pid-6082
---ebpf-pid----6105----pid-6105
---ebpf-pid----6105----pid-5550
---ebpf-pid----6105----pid-6082
---ebpf-pid----6105----pid-1
---ebpf-pid----6105----pid-5550
---ebpf-pid----6105----pid-6105
---ebpf-pid----6105----pid-1
---ebpf-pid----6105----pid-6082
---ebpf-pid----6105----pid-6105
---ebpf-pid----6105----pid-5550
---ebpf-pid----6105----pid-6082
---ebpf-pid----6105----pid-5550
---ebpf-pid----6105----pid-1
---ebpf-pid----6105----pid-1
---ebpf-pid----5865----pid-5865
---ebpf-pid----4213----pid-4213
---ebpf-pid----5865----pid-5550
---ebpf-pid----4213----pid-4164
---ebpf-pid----5865----pid-1
---ebpf-pid----5865----pid-5865
---ebpf-pid----4213----pid-3417
---ebpf-pid----5865----pid-5550
---ebpf-pid----4213----pid-1
---ebpf-pid----5108----pid-5108
---ebpf-pid----5865----pid-1
---ebpf-pid----6105----pid-6105
---ebpf-pid----5108----pid-3323
---ebpf-pid----5108----pid-1
---ebpf-pid----6105----pid-6082
---ebpf-pid----5108----pid-5108
---ebpf-pid----6105----pid-5550
---ebpf-pid----5108----pid-3323
---ebpf-pid----6105----pid-1
---ebpf-pid----5108----pid-1
---ebpf-pid----6105----pid-6105
---ebpf-pid----448785----pid-448785
---ebpf-pid----6105----pid-6082
---ebpf-pid----448785----pid-448520
---ebpf-pid----6105----pid-5550
---ebpf-pid----448785----pid-1
---ebpf-pid----6105----pid-1
---ebpf-pid----448785----pid-448785
---ebpf-pid----6105----pid-6105
---ebpf-pid----448787----pid-448787
---ebpf-pid----448785----pid-448520
---ebpf-pid----6105----pid-6082
---ebpf-pid----448787----pid-448520
---ebpf-pid----448785----pid-1
---ebpf-pid----6105----pid-5550
---ebpf-pid----448790----pid-448790
---ebpf-pid----448787----pid-1
---ebpf-pid----6105----pid-1
---ebpf-pid----448787----pid-448787
---ebpf-pid----448790----pid-7255
---ebpf-pid----448790----pid-1
---ebpf-pid----448785----pid-448785
---ebpf-pid----448787----pid-448520
---ebpf-pid----448790----pid-448790
---ebpf-pid----448787----pid-1
---ebpf-pid----448785----pid-448520
---ebpf-pid----448790----pid-7255
---ebpf-pid----6105----pid-6105
---ebpf-pid----448785----pid-1
---ebpf-pid----448790----pid-1
---ebpf-pid----6105----pid-6082
---ebpf-pid----6105----pid-6105
---ebpf-pid----448459----pid-448459
[2m2024-05-24 09:48:50[0m [32m INFO[0m [2mkube_guardian::watch[0m[2m:[0m Service Status ServiceStatus { conditions: None, load_balancer: Some(LoadBalancerStatus { ingress: None }) }
[2m2024-05-24 09:48:50[0m [32m INFO[0m [2mkube_guardian::watch[0m[2m:[0m SVC  antrea Ready
---ebpf-pid----6105----pid-6082
---ebpf-pid----6105----pid-5550
---ebpf-pid----448459----pid-8974
---ebpf-pid----6105----pid-1
---ebpf-pid----6105----pid-6105
---ebpf-pid----448459----pid-7431
---ebpf-pid----6105----pid-5550
---ebpf-pid----448459----pid-1
---ebpf-pid----6105----pid-6082
---ebpf-pid----6105----pid-1
---ebpf-pid----448459----pid-448459
---ebpf-pid----6105----pid-6105
---ebpf-pid----6105----pid-5550
---ebpf-pid----448459----pid-8974
---ebpf-pid----6105----pid-6082
---ebpf-pid----6105----pid-1
---ebpf-pid----448459----pid-7431
---ebpf-pid----5865----pid-5865
---ebpf-pid----6105----pid-5550
---ebpf-pid----6105----pid-1
---ebpf-pid----448786----pid-448786
---ebpf-pid----448459----pid-1
---ebpf-pid----448787----pid-448787
---ebpf-pid----448790----pid-448790
---ebpf-pid----5865----pid-5550
---ebpf-pid----448787----pid-448520
---ebpf-pid----5865----pid-1
---ebpf-pid----5865----pid-5865
---ebpf-pid----448787----pid-1
---ebpf-pid----448787----pid-448787
---ebpf-pid----5865----pid-5550
---ebpf-pid----448787----pid-448520
---ebpf-pid----5865----pid-1
---ebpf-pid----6105----pid-6105
---ebpf-pid----448787----pid-1
---ebpf-pid----6105----pid-6082
---ebpf-pid----448786----pid-448520
---ebpf-pid----448790----pid-7255
---ebpf-pid----448786----pid-1
---ebpf-pid----448786----pid-448786
---ebpf-pid----448790----pid-1
---ebpf-pid----448790----pid-448790
---ebpf-pid----448786----pid-448520
---ebpf-pid----448790----pid-7255
---ebpf-pid----448786----pid-1
---ebpf-pid----448790----pid-1
---ebpf-pid----448459----pid-448459
---ebpf-pid----6105----pid-5550
---ebpf-pid----448459----pid-8974
---ebpf-pid----6105----pid-6105
---ebpf-pid----448459----pid-7431
---ebpf-pid----6105----pid-1
---ebpf-pid----6105----pid-6105
---ebpf-pid----448459----pid-1
---ebpf-pid----6105----pid-6082
---ebpf-pid----6105----pid-6082
---ebpf-pid----448459----pid-448459
---ebpf-pid----6105----pid-5550
---ebpf-pid----448787----pid-448787
---ebpf-pid----6105----pid-5550
---ebpf-pid----6105----pid-1
---ebpf-pid----6105----pid-6105
---ebpf-pid----448459----pid-8974
---ebpf-pid----6105----pid-1
---ebpf-pid----6105----pid-6082
---ebpf-pid----448787----pid-448787
---ebpf-pid----448459----pid-7431
---ebpf-pid----6105----pid-5550
---ebpf-pid----448787----pid-448520
---ebpf-pid----448459----pid-1
---ebpf-pid----6105----pid-1
---ebpf-pid----6105----pid-6105
---ebpf-pid----448790----pid-448790
---ebpf-pid----448787----pid-1
---ebpf-pid----448787----pid-448787
---ebpf-pid----6105----pid-6082
---ebpf-pid----448787----pid-448520
---ebpf-pid----6105----pid-5550
---ebpf-pid----6105----pid-1
---ebpf-pid----448787----pid-448520
---ebpf-pid----448787----pid-1
---ebpf-pid----448787----pid-1
---ebpf-pid----448787----pid-448787
---ebpf-pid----6105----pid-6105
---ebpf-pid----6105----pid-6082
---ebpf-pid----448790----pid-7255
---ebpf-pid----6105----pid-6105
---ebpf-pid----6105----pid-5550
---ebpf-pid----448790----pid-1
---ebpf-pid----448790----pid-448790
---ebpf-pid----6105----pid-1
---ebpf-pid----6105----pid-6105
---ebpf-pid----6105----pid-6082
---ebpf-pid----448790----pid-7255
---ebpf-pid----6105----pid-6082
---ebpf-pid----448790----pid-1
---ebpf-pid----448790----pid-448790
---ebpf-pid----6105----pid-5550
---ebpf-pid----6105----pid-5550
---ebpf-pid----6105----pid-1
---ebpf-pid----448790----pid-7255
---ebpf-pid----6105----pid-6105
---ebpf-pid----448790----pid-1
---ebpf-pid----6105----pid-6082
---ebpf-pid----448790----pid-448790
---ebpf-pid----6105----pid-1
---ebpf-pid----6105----pid-5550
---ebpf-pid----448790----pid-7255
---ebpf-pid----9034----pid-9034
---ebpf-pid----448790----pid-1
---ebpf-pid----6105----pid-1
---ebpf-pid----448459----pid-448459
---ebpf-pid----6105----pid-6105
---ebpf-pid----6105----pid-6082
---ebpf-pid----448459----pid-8974
---ebpf-pid----9034----pid-7637
---ebpf-pid----6105----pid-5550
---ebpf-pid----448459----pid-7431
---ebpf-pid----6105----pid-1
---ebpf-pid----448459----pid-1
---ebpf-pid----448782----pid-448782
---ebpf-pid----448459----pid-448459
---ebpf-pid----9034----pid-1
---ebpf-pid----9034----pid-9034
---ebpf-pid----448459----pid-8974
---ebpf-pid----448782----pid-448520
---ebpf-pid----448782----pid-1
---ebpf-pid----448459----pid-7431
---ebpf-pid----6105----pid-6105
---ebpf-pid----9034----pid-7637
---ebpf-pid----448459----pid-1
---ebpf-pid----6105----pid-6082
---ebpf-pid----9298----pid-9298
---ebpf-pid----6105----pid-5550
---ebpf-pid----9298----pid-7255
---ebpf-pid----9034----pid-1
---ebpf-pid----6105----pid-1
---ebpf-pid----9298----pid-1
---ebpf-pid----6105----pid-6105
---ebpf-pid----9298----pid-9298
---ebpf-pid----448770----pid-448770
---ebpf-pid----6105----pid-6082
---ebpf-pid----9298----pid-7255
---ebpf-pid----6105----pid-5550
---ebpf-pid----9298----pid-1
---ebpf-pid----448770----pid-448520
---ebpf-pid----448770----pid-448770
---ebpf-pid----6105----pid-1
---ebpf-pid----6105----pid-6105
---ebpf-pid----448770----pid-448520
---ebpf-pid----6105----pid-6082
---ebpf-pid----448770----pid-1
---ebpf-pid----448770----pid-1
---ebpf-pid----6105----pid-5550
---ebpf-pid----448770----pid-448770
Failed to get process information for PID 448794
Failed to get process information for PID 0
---ebpf-pid----448770----pid-448520
---ebpf-pid----448770----pid-1
---ebpf-pid----448770----pid-448770
---ebpf-pid----448770----pid-448520
---ebpf-pid----448770----pid-1
---ebpf-pid----448787----pid-448787
---ebpf-pid----6105----pid-1
---ebpf-pid----6105----pid-6105
---ebpf-pid----448787----pid-448520
---ebpf-pid----6105----pid-6082
---ebpf-pid----6105----pid-5550
---ebpf-pid----448787----pid-1
---ebpf-pid----448787----pid-448787
---ebpf-pid----6105----pid-1
---ebpf-pid----5865----pid-5865
---ebpf-pid----448787----pid-448520
---ebpf-pid----5865----pid-5550
---ebpf-pid----5865----pid-1
---ebpf-pid----5865----pid-5865
---ebpf-pid----448787----pid-1
---ebpf-pid----448785----pid-448785
---ebpf-pid----5865----pid-5550
---ebpf-pid----5865----pid-1
---ebpf-pid----6105----pid-6105
---ebpf-pid----448785----pid-448520
---ebpf-pid----6105----pid-6082
---ebpf-pid----448787----pid-448520
---ebpf-pid----6105----pid-5550
---ebpf-pid----448785----pid-1
---ebpf-pid----6105----pid-1
---ebpf-pid----448787----pid-1
---ebpf-pid----9298----pid-9298
---ebpf-pid----6105----pid-6105
---ebpf-pid----448546----pid-448546
---ebpf-pid----6105----pid-6082
---ebpf-pid----448546----pid-1
---ebpf-pid----6105----pid-5550
---ebpf-pid----9298----pid-7255
---ebpf-pid----6105----pid-1
---ebpf-pid----448786----pid-448786
---ebpf-pid----6105----pid-6105
---ebpf-pid----448786----pid-448520
---ebpf-pid----6105----pid-6082
---ebpf-pid----9298----pid-1
---ebpf-pid----448786----pid-1
---ebpf-pid----6105----pid-5550
---ebpf-pid----448786----pid-448786
---ebpf-pid----9298----pid-9298
---ebpf-pid----6105----pid-1
---ebpf-pid----448786----pid-448520
---ebpf-pid----6105----pid-6105
---ebpf-pid----9298----pid-7255
---ebpf-pid----448786----pid-1
---ebpf-pid----448546----pid-448546
---ebpf-pid----448546----pid-1
---ebpf-pid----9298----pid-1
---ebpf-pid----448546----pid-448546
---ebpf-pid----448521----pid-448521
---ebpf-pid----448546----pid-1
---ebpf-pid----448546----pid-448546
---ebpf-pid----448521----pid-1
---ebpf-pid----448784----pid-448784
---ebpf-pid----448546----pid-1
---ebpf-pid----377755----pid-377755
---ebpf-pid----448784----pid-448520
---ebpf-pid----6105----pid-6082
---ebpf-pid----377755----pid-1
---ebpf-pid----377755----pid-377755
---ebpf-pid----448784----pid-1
---ebpf-pid----1856----pid-1856
---ebpf-pid----6105----pid-5550
---ebpf-pid----1856----pid-1
---ebpf-pid----1856----pid-1856
---ebpf-pid----6105----pid-1
---ebpf-pid----6105----pid-6105
---ebpf-pid----6105----pid-6082
---ebpf-pid----377755----pid-1
---ebpf-pid----6105----pid-6105
---ebpf-pid----6105----pid-5550
---ebpf-pid----6105----pid-6082
---ebpf-pid----6105----pid-1
---ebpf-pid----1856----pid-1
---ebpf-pid----6105----pid-6105
---ebpf-pid----448784----pid-448784
---ebpf-pid----6105----pid-5550
---ebpf-pid----6105----pid-6082
---ebpf-pid----448784----pid-448520
---ebpf-pid----6105----pid-1
---ebpf-pid----448782----pid-448782
---ebpf-pid----6105----pid-5550
---ebpf-pid----448784----pid-1
---ebpf-pid----448793----pid-448793
---ebpf-pid----448782----pid-448520
---ebpf-pid----6105----pid-1
---ebpf-pid----448793----pid-7255
---ebpf-pid----448786----pid-448786
---ebpf-pid----448782----pid-1
---ebpf-pid----6105----pid-6105
---ebpf-pid----448786----pid-448520
---ebpf-pid----448793----pid-1
---ebpf-pid----448793----pid-448793
---ebpf-pid----6105----pid-6082
---ebpf-pid----448786----pid-1
---ebpf-pid----6105----pid-6105
---ebpf-pid----448793----pid-7255
---ebpf-pid----6105----pid-5550
---ebpf-pid----6105----pid-6082
---ebpf-pid----448793----pid-1
---ebpf-pid----6105----pid-1
---ebpf-pid----448793----pid-448793
---ebpf-pid----6105----pid-6105
---ebpf-pid----6105----pid-5550
---ebpf-pid----6105----pid-6082
---ebpf-pid----6105----pid-1
---ebpf-pid----5865----pid-5865
---ebpf-pid----448793----pid-7255
---ebpf-pid----6105----pid-5550
---ebpf-pid----448793----pid-1
---ebpf-pid----5865----pid-5550
---ebpf-pid----448793----pid-448793
---ebpf-pid----6105----pid-1
---ebpf-pid----6105----pid-6105
---ebpf-pid----5865----pid-1
---ebpf-pid----448793----pid-7255
---ebpf-pid----6105----pid-6105
---ebpf-pid----6105----pid-6082
---ebpf-pid----448793----pid-1
---ebpf-pid----448459----pid-448459
---ebpf-pid----6105----pid-6082
---ebpf-pid----6105----pid-5550
---ebpf-pid----448459----pid-8974
---ebpf-pid----6105----pid-5550
---ebpf-pid----6105----pid-1
---ebpf-pid----448786----pid-448786
---ebpf-pid----448783----pid-448783
---ebpf-pid----6105----pid-1
---ebpf-pid----448786----pid-448786
---ebpf-pid----448783----pid-448520
---ebpf-pid----448786----pid-448520
---ebpf-pid----448786----pid-448520
---ebpf-pid----448783----pid-1
---ebpf-pid----448786----pid-1
---ebpf-pid----448786----pid-448786
---ebpf-pid----448786----pid-1
---ebpf-pid----448459----pid-7431
---ebpf-pid----6105----pid-6105
---ebpf-pid----448786----pid-448520
---ebpf-pid----448459----pid-1
---ebpf-pid----448786----pid-1
---ebpf-pid----6105----pid-6082
---ebpf-pid----448459----pid-448459
---ebpf-pid----6105----pid-6105
---ebpf-pid----6105----pid-5550
---ebpf-pid----448459----pid-8974
---ebpf-pid----6105----pid-6082
---ebpf-pid----6105----pid-1
---ebpf-pid----448459----pid-7431
---ebpf-pid----6105----pid-5550
---ebpf-pid----5865----pid-5865
---ebpf-pid----448459----pid-1
---ebpf-pid----6105----pid-1
---ebpf-pid----448793----pid-448793
---ebpf-pid----6105----pid-6105
---ebpf-pid----448793----pid-7255
---ebpf-pid----5865----pid-5550
---ebpf-pid----6105----pid-6082
---ebpf-pid----448793----pid-1
---ebpf-pid----5865----pid-1
---ebpf-pid----6105----pid-5550
---ebpf-pid----448793----pid-448793
---ebpf-pid----6105----pid-6105
---ebpf-pid----6105----pid-1
---ebpf-pid----6105----pid-6105
---ebpf-pid----448793----pid-7255
---ebpf-pid----448793----pid-1
---ebpf-pid----448793----pid-448793
---ebpf-pid----448793----pid-7255
---ebpf-pid----6105----pid-6082
---ebpf-pid----448793----pid-1
---ebpf-pid----6105----pid-5550
---ebpf-pid----448793----pid-448793
---ebpf-pid----6105----pid-1
---ebpf-pid----448793----pid-7255
---ebpf-pid----448786----pid-448786
---ebpf-pid----448793----pid-1
---ebpf-pid----448793----pid-448793
---ebpf-pid----448786----pid-448520
---ebpf-pid----448793----pid-7255
---ebpf-pid----448786----pid-1
---ebpf-pid----6105----pid-6105
---ebpf-pid----448793----pid-1
---ebpf-pid----448793----pid-448793
---ebpf-pid----6105----pid-6082
---ebpf-pid----448793----pid-7255
---ebpf-pid----6105----pid-5550
---ebpf-pid----448793----pid-1
---ebpf-pid----6105----pid-1
---ebpf-pid----448793----pid-448793
---ebpf-pid----448793----pid-7255
---ebpf-pid----448793----pid-1
---ebpf-pid----448793----pid-448793
---ebpf-pid----448793----pid-7255
[2m2024-05-24 09:48:50[0m [32m INFO[0m [2mkube_guardian::watch[0m[2m:[0m pod name guardian-db-d45bd7f7b-49k7z
---ebpf-pid----448793----pid-1
---ebpf-pid----9299----pid-9299
---ebpf-pid----9299----pid-7255
---ebpf-pid----9299----pid-1
---ebpf-pid----9299----pid-9299
---ebpf-pid----9299----pid-7255
---ebpf-pid----9299----pid-1
---ebpf-pid----448788----pid-448788
---ebpf-pid----448788----pid-7255
---ebpf-pid----448788----pid-1
---ebpf-pid----448788----pid-448788
---ebpf-pid----448788----pid-7255
---ebpf-pid----5865----pid-5865
---ebpf-pid----448788----pid-1
---ebpf-pid----448459----pid-448459
---ebpf-pid----5865----pid-5550
---ebpf-pid----448459----pid-8974
---ebpf-pid----5865----pid-1
---ebpf-pid----448459----pid-7431
---ebpf-pid----6105----pid-6105
---ebpf-pid----448459----pid-1
---ebpf-pid----6105----pid-6082
---ebpf-pid----448459----pid-448459
---ebpf-pid----6105----pid-6082
---ebpf-pid----6105----pid-5550
---ebpf-pid----6105----pid-5550
---ebpf-pid----448459----pid-8974
---ebpf-pid----6105----pid-1
---ebpf-pid----448459----pid-7431
---ebpf-pid----448459----pid-1
---ebpf-pid----9299----pid-9299
---ebpf-pid----9299----pid-7255
---ebpf-pid----6105----pid-1
---ebpf-pid----9299----pid-1
---ebpf-pid----448786----pid-448786
---ebpf-pid----9299----pid-9299
---ebpf-pid----448786----pid-448520
---ebpf-pid----9299----pid-7255
---ebpf-pid----9299----pid-1
---ebpf-pid----448788----pid-448788
---ebpf-pid----448786----pid-1
---ebpf-pid----6105----pid-6105
---ebpf-pid----448788----pid-7255
---ebpf-pid----6105----pid-6105
---ebpf-pid----6105----pid-6082
---ebpf-pid----448788----pid-1
---ebpf-pid----448788----pid-448788
---ebpf-pid----6105----pid-5550
---ebpf-pid----6105----pid-6082
---ebpf-pid----448788----pid-7255
---ebpf-pid----6105----pid-1
---ebpf-pid----5865----pid-5865
---ebpf-pid----6105----pid-5550
---ebpf-pid----448788----pid-1
---ebpf-pid----448459----pid-448459
---ebpf-pid----5865----pid-5550
---ebpf-pid----6105----pid-1
---ebpf-pid----448459----pid-8974
---ebpf-pid----5865----pid-1
---ebpf-pid----448787----pid-448787
---ebpf-pid----6105----pid-6105
---ebpf-pid----448459----pid-7431
---ebpf-pid----6105----pid-6082
---ebpf-pid----448787----pid-448520
---ebpf-pid----448459----pid-1
---ebpf-pid----6105----pid-5550
---ebpf-pid----448459----pid-448459
---ebpf-pid----448787----pid-1
---ebpf-pid----6105----pid-1
---ebpf-pid----448787----pid-448787
---ebpf-pid----448786----pid-448786
---ebpf-pid----448459----pid-8974
---ebpf-pid----448787----pid-448520
---ebpf-pid----448459----pid-7431
---ebpf-pid----448786----pid-448520
---ebpf-pid----448787----pid-1
---ebpf-pid----448459----pid-1
---ebpf-pid----6105----pid-6105
---ebpf-pid----448788----pid-448788
---ebpf-pid----448786----pid-1
---ebpf-pid----6105----pid-6105
---ebpf-pid----6105----pid-6082
---ebpf-pid----448788----pid-7255
---ebpf-pid----6105----pid-6082
---ebpf-pid----6105----pid-5550
---ebpf-pid----448788----pid-1
---ebpf-pid----448788----pid-448788
---ebpf-pid----6105----pid-5550
---ebpf-pid----6105----pid-1
---ebpf-pid----448788----pid-7255
---ebpf-pid----6105----pid-6105
---ebpf-pid----6105----pid-1
---ebpf-pid----6105----pid-6105
---ebpf-pid----448788----pid-1
---ebpf-pid----6105----pid-6082
---ebpf-pid----448788----pid-448788
---ebpf-pid----6105----pid-6082
---ebpf-pid----6105----pid-5550
---ebpf-pid----448788----pid-7255
---ebpf-pid----6105----pid-5550
---ebpf-pid----6105----pid-1
---ebpf-pid----448788----pid-1
---ebpf-pid----6105----pid-1
---ebpf-pid----6105----pid-6105
---ebpf-pid----448788----pid-448788
---ebpf-pid----448786----pid-448786
---ebpf-pid----6105----pid-6082
---ebpf-pid----448788----pid-7255
---ebpf-pid----448786----pid-448520
---ebpf-pid----448788----pid-1
---ebpf-pid----6105----pid-5550
---ebpf-pid----448786----pid-1
---ebpf-pid----6105----pid-6105
---ebpf-pid----6105----pid-1
---ebpf-pid----6105----pid-6082
---ebpf-pid----6105----pid-6105
---ebpf-pid----6105----pid-5550
---ebpf-pid----6105----pid-6082
---ebpf-pid----6105----pid-1
---ebpf-pid----6105----pid-5550
---ebpf-pid----6105----pid-6105
---ebpf-pid----6105----pid-1
---ebpf-pid----6105----pid-6082
---ebpf-pid----6105----pid-6105
---ebpf-pid----6105----pid-5550
---ebpf-pid----9296----pid-9296
---ebpf-pid----6105----pid-1
---ebpf-pid----6105----pid-6082
Failed to get process information for PID 0
---ebpf-pid----6105----pid-6105
---ebpf-pid----6105----pid-5550
---ebpf-pid----6105----pid-1
---ebpf-pid----6105----pid-6082
---ebpf-pid----448770----pid-448770
---ebpf-pid----448770----pid-448520
---ebpf-pid----6105----pid-5550
---ebpf-pid----448770----pid-1
---ebpf-pid----448770----pid-448770
---ebpf-pid----6105----pid-1
---ebpf-pid----448770----pid-448520
---ebpf-pid----6105----pid-6105
---ebpf-pid----448770----pid-1
---ebpf-pid----448770----pid-448770
---ebpf-pid----6105----pid-6082
---ebpf-pid----448770----pid-448520
---ebpf-pid----6105----pid-5550
---ebpf-pid----448770----pid-1
---ebpf-pid----448786----pid-448786
---ebpf-pid----6105----pid-1
---ebpf-pid----6105----pid-6105
---ebpf-pid----448786----pid-448520
---ebpf-pid----6105----pid-6082
---ebpf-pid----448786----pid-1
---ebpf-pid----9296----pid-7255
---ebpf-pid----448786----pid-448786
---ebpf-pid----6105----pid-5550
---ebpf-pid----9296----pid-1
---ebpf-pid----448786----pid-448520
---ebpf-pid----9296----pid-9296
---ebpf-pid----6105----pid-1
---ebpf-pid----448786----pid-1
---ebpf-pid----6105----pid-6105
---ebpf-pid----6105----pid-6105
---ebpf-pid----9296----pid-7255
---ebpf-pid----6105----pid-6082
---ebpf-pid----6105----pid-6082
---ebpf-pid----9296----pid-1
---ebpf-pid----6105----pid-5550
---ebpf-pid----6105----pid-5550
---ebpf-pid----6105----pid-1
---ebpf-pid----6105----pid-1
---ebpf-pid----6105----pid-6105
---ebpf-pid----6105----pid-6105
---ebpf-pid----6105----pid-6082
---ebpf-pid----6105----pid-6082
---ebpf-pid----6105----pid-5550
---ebpf-pid----6105----pid-5550
---ebpf-pid----6105----pid-1
---ebpf-pid----6105----pid-1
---ebpf-pid----6105----pid-6105
---ebpf-pid----6105----pid-6105
---ebpf-pid----6105----pid-6082
---ebpf-pid----6105----pid-6082
---ebpf-pid----6105----pid-5550
---ebpf-pid----6105----pid-5550
---ebpf-pid----6105----pid-1
---ebpf-pid----6105----pid-1
---ebpf-pid----5865----pid-5865
---ebpf-pid----6105----pid-6105
---ebpf-pid----5865----pid-5550
---ebpf-pid----6105----pid-6082
---ebpf-pid----5865----pid-1
---ebpf-pid----6105----pid-5550
---ebpf-pid----448785----pid-448785
---ebpf-pid----6105----pid-1
---ebpf-pid----448459----pid-448459
---ebpf-pid----448785----pid-448520
---ebpf-pid----448459----pid-8974
---ebpf-pid----448785----pid-1
---ebpf-pid----448785----pid-448785
---ebpf-pid----448459----pid-7431
---ebpf-pid----448785----pid-448520
---ebpf-pid----448459----pid-1
---ebpf-pid----448459----pid-448459
---ebpf-pid----448785----pid-1
---ebpf-pid----448770----pid-448770
---ebpf-pid----448459----pid-8974
---ebpf-pid----448770----pid-448520
---ebpf-pid----448459----pid-7431
---ebpf-pid----448770----pid-1
---ebpf-pid----448770----pid-448770
---ebpf-pid----448459----pid-1
---ebpf-pid----448784----pid-448784
---ebpf-pid----448770----pid-448520
---ebpf-pid----448784----pid-448520
---ebpf-pid----448770----pid-1
---ebpf-pid----448784----pid-1
---ebpf-pid----448770----pid-448770
---ebpf-pid----6105----pid-6105
---ebpf-pid----448770----pid-448520
---ebpf-pid----6105----pid-6082
---ebpf-pid----448770----pid-1
---ebpf-pid----6105----pid-5550
---ebpf-pid----448785----pid-448785
---ebpf-pid----6105----pid-1
---ebpf-pid----448785----pid-448520
---ebpf-pid----6105----pid-6105
---ebpf-pid----6105----pid-6082
---ebpf-pid----448785----pid-1
---ebpf-pid----448785----pid-448785
---ebpf-pid----6105----pid-5550
---ebpf-pid----448785----pid-448520
---ebpf-pid----6105----pid-1
---ebpf-pid----448785----pid-1
---ebpf-pid----448786----pid-448786
---ebpf-pid----448785----pid-448785
---ebpf-pid----448786----pid-448520
---ebpf-pid----448785----pid-448520
---ebpf-pid----448786----pid-1
---ebpf-pid----448785----pid-1
---ebpf-pid----448786----pid-448786
---ebpf-pid----448786----pid-448520
---ebpf-pid----448786----pid-1
---ebpf-pid----6105----pid-6105
---ebpf-pid----6105----pid-6082
---ebpf-pid----6105----pid-5550
---ebpf-pid----6105----pid-1
---ebpf-pid----6105----pid-6105
---ebpf-pid----6105----pid-6082
---ebpf-pid----6105----pid-5550
---ebpf-pid----6105----pid-1
---ebpf-pid----5891----pid-5891
[2m2024-05-24 09:48:50[0m [32m INFO[0m [2mkube_guardian::container[0m[2m:[0m If index of containerid  Some("06f2301fb97e3549b802a2d6d13e0a89c507fd99dca6a41b136934c1902b6859") [Some(2), Some(12)]
---ebpf-pid----5891----pid-5550
---ebpf-pid----5891----pid-1
---ebpf-pid----6105----pid-6105
---ebpf-pid----6105----pid-6082
---ebpf-pid----6105----pid-5550
---ebpf-pid----6105----pid-1
---ebpf-pid----448459----pid-448459
---ebpf-pid----448459----pid-8974
---ebpf-pid----448459----pid-7431
---ebpf-pid----448459----pid-1
---ebpf-pid----448459----pid-448459
---ebpf-pid----448459----pid-8974
---ebpf-pid----448459----pid-7431
---ebpf-pid----448459----pid-1
---ebpf-pid----448459----pid-448459
---ebpf-pid----448459----pid-8974
[2m2024-05-24 09:48:50[0m [32m INFO[0m [2mkube_guardian::watch[0m[2m:[0m Service Status ServiceStatus { conditions: None, load_balancer: Some(LoadBalancerStatus { ingress: None }) }
[2m2024-05-24 09:48:50[0m [32m INFO[0m [2mkube_guardian::watch[0m[2m:[0m SVC  default-http-backend Ready
---ebpf-pid----448459----pid-7431
---ebpf-pid----448787----pid-448787
---ebpf-pid----448787----pid-448520
---ebpf-pid----448459----pid-1
---ebpf-pid----448459----pid-448459
---ebpf-pid----448787----pid-1
---ebpf-pid----448787----pid-448787
---ebpf-pid----448787----pid-448520
---ebpf-pid----448787----pid-1
---ebpf-pid----6105----pid-6105
---ebpf-pid----448459----pid-8974
---ebpf-pid----6105----pid-6082
---ebpf-pid----448459----pid-7431
---ebpf-pid----6105----pid-5550
---ebpf-pid----448459----pid-1
---ebpf-pid----448782----pid-448782
---ebpf-pid----6105----pid-1
---ebpf-pid----6105----pid-6105
---ebpf-pid----448782----pid-448520
---ebpf-pid----6105----pid-6082
---ebpf-pid----448782----pid-1
---ebpf-pid----9296----pid-9296
---ebpf-pid----6105----pid-5550
---ebpf-pid----9296----pid-7255
---ebpf-pid----6105----pid-1
---ebpf-pid----5891----pid-5891
---ebpf-pid----9296----pid-1
---ebpf-pid----9296----pid-9296
---ebpf-pid----5891----pid-5550
---ebpf-pid----9296----pid-7255
---ebpf-pid----9296----pid-1
---ebpf-pid----448786----pid-448786
---ebpf-pid----448786----pid-448520
---ebpf-pid----5891----pid-1
---ebpf-pid----448786----pid-1
---ebpf-pid----5891----pid-5891
---ebpf-pid----448786----pid-448786
---ebpf-pid----5891----pid-5550
---ebpf-pid----448786----pid-448520
---ebpf-pid----448786----pid-1
---ebpf-pid----5891----pid-1
---ebpf-pid----5865----pid-5865
---ebpf-pid----6105----pid-6105
---ebpf-pid----5865----pid-5550
---ebpf-pid----6105----pid-6082
---ebpf-pid----5865----pid-1
---ebpf-pid----5865----pid-5865
---ebpf-pid----6105----pid-5550
---ebpf-pid----5865----pid-5550
---ebpf-pid----6105----pid-1
---ebpf-pid----5865----pid-1
---ebpf-pid----6105----pid-6105
---ebpf-pid----5865----pid-5865
---ebpf-pid----6105----pid-6082
---ebpf-pid----5865----pid-5550
---ebpf-pid----6105----pid-5550
---ebpf-pid----5865----pid-1
---ebpf-pid----5865----pid-5865
---ebpf-pid----6105----pid-1
---ebpf-pid----448787----pid-448787
---ebpf-pid----5865----pid-5550
---ebpf-pid----5865----pid-1
---ebpf-pid----448787----pid-448520
---ebpf-pid----448787----pid-448787
---ebpf-pid----448787----pid-1
---ebpf-pid----448787----pid-448520
---ebpf-pid----6105----pid-6105
---ebpf-pid----448787----pid-1
---ebpf-pid----6105----pid-6082
---ebpf-pid----448787----pid-448787
---ebpf-pid----6105----pid-5550
---ebpf-pid----448787----pid-448520
---ebpf-pid----448787----pid-1
---ebpf-pid----5865----pid-5865
---ebpf-pid----6105----pid-1
---ebpf-pid----448787----pid-448787
---ebpf-pid----5865----pid-5550
---ebpf-pid----448787----pid-448520
---ebpf-pid----5865----pid-1
---ebpf-pid----5865----pid-5865
---ebpf-pid----448787----pid-1
---ebpf-pid----6105----pid-6105
---ebpf-pid----5865----pid-5550
---ebpf-pid----5865----pid-1
---ebpf-pid----5865----pid-5865
---ebpf-pid----5865----pid-5550
---ebpf-pid----6105----pid-6082
---ebpf-pid----5865----pid-1
---ebpf-pid----5881----pid-5881
---ebpf-pid----6105----pid-5550
---ebpf-pid----5881----pid-5550
---ebpf-pid----5881----pid-1
---ebpf-pid----6105----pid-1
---ebpf-pid----5881----pid-5881
---ebpf-pid----6105----pid-6105
---ebpf-pid----5881----pid-5550
---ebpf-pid----6105----pid-6082
---ebpf-pid----5881----pid-1
---ebpf-pid----5881----pid-5881
---ebpf-pid----6105----pid-5550
---ebpf-pid----5881----pid-5550
---ebpf-pid----6105----pid-1
---ebpf-pid----5881----pid-1
---ebpf-pid----448787----pid-448787
---ebpf-pid----6105----pid-6105
---ebpf-pid----448787----pid-448520
---ebpf-pid----6105----pid-6082
---ebpf-pid----448787----pid-1
---ebpf-pid----448787----pid-448787
---ebpf-pid----6105----pid-5550
---ebpf-pid----448787----pid-448520
---ebpf-pid----6105----pid-1
---ebpf-pid----6105----pid-6105
---ebpf-pid----448787----pid-1
---ebpf-pid----6105----pid-6082
---ebpf-pid----6105----pid-5550
---ebpf-pid----6105----pid-1
---ebpf-pid----6105----pid-6105
---ebpf-pid----6105----pid-6082
---ebpf-pid----6105----pid-5550
---ebpf-pid----448784----pid-448784
---ebpf-pid----448784----pid-448520
---ebpf-pid----6105----pid-1
---ebpf-pid----448784----pid-1
---ebpf-pid----6105----pid-6105
---ebpf-pid----6105----pid-6105
---ebpf-pid----6105----pid-6082
---ebpf-pid----6105----pid-6082
---ebpf-pid----6105----pid-5550
---ebpf-pid----6105----pid-5550
---ebpf-pid----6105----pid-1
---ebpf-pid----6105----pid-1
---ebpf-pid----6105----pid-6105
---ebpf-pid----6105----pid-6105
---ebpf-pid----6105----pid-6082
---ebpf-pid----6105----pid-5550
---ebpf-pid----6105----pid-1
---ebpf-pid----6105----pid-6105
---ebpf-pid----6105----pid-6082
---ebpf-pid----6105----pid-6082
---ebpf-pid----6105----pid-5550
---ebpf-pid----6105----pid-5550
---ebpf-pid----6105----pid-1
---ebpf-pid----6105----pid-6105
---ebpf-pid----6105----pid-1
---ebpf-pid----6105----pid-6082
---ebpf-pid----448786----pid-448786
---ebpf-pid----6105----pid-5550
---ebpf-pid----448786----pid-448520
---ebpf-pid----6105----pid-1
---ebpf-pid----6105----pid-6105
---ebpf-pid----6105----pid-6082
---ebpf-pid----6105----pid-5550
---ebpf-pid----6105----pid-1
---ebpf-pid----6105----pid-6105
---ebpf-pid----6105----pid-6082
---ebpf-pid----6105----pid-5550
---ebpf-pid----448786----pid-1
---ebpf-pid----6105----pid-6105
---ebpf-pid----6105----pid-1
---ebpf-pid----448786----pid-448786
Failed to get process information for PID 0
---ebpf-pid----448786----pid-448520
---ebpf-pid----6105----pid-6082
---ebpf-pid----6105----pid-6105
---ebpf-pid----6105----pid-5550
---ebpf-pid----6105----pid-1
---ebpf-pid----6105----pid-6105
---ebpf-pid----6105----pid-6082
---ebpf-pid----6105----pid-5550
---ebpf-pid----6105----pid-1
---ebpf-pid----6105----pid-6105
---ebpf-pid----6105----pid-6082
---ebpf-pid----6105----pid-5550
---ebpf-pid----6105----pid-1
---ebpf-pid----6105----pid-6105
---ebpf-pid----6105----pid-6082
---ebpf-pid----6105----pid-5550
---ebpf-pid----6105----pid-6082
---ebpf-pid----6105----pid-1
---ebpf-pid----6105----pid-6105
---ebpf-pid----6105----pid-5550
---ebpf-pid----448786----pid-1
---ebpf-pid----448786----pid-448786
---ebpf-pid----6105----pid-1
---ebpf-pid----448787----pid-448787
---ebpf-pid----6105----pid-6105
---ebpf-pid----448786----pid-448520
---ebpf-pid----448787----pid-448520
---ebpf-pid----6105----pid-6082
---ebpf-pid----448786----pid-1
---ebpf-pid----448787----pid-1
---ebpf-pid----448787----pid-448787
Failed to get process information for PID 0
---ebpf-pid----6105----pid-5550
---ebpf-pid----448787----pid-448520
---ebpf-pid----6105----pid-6082
---ebpf-pid----448787----pid-1
---ebpf-pid----6105----pid-1
---ebpf-pid----6105----pid-5550
---ebpf-pid----6105----pid-6105
---ebpf-pid----6105----pid-1
---ebpf-pid----448786----pid-448786
---ebpf-pid----6105----pid-6082
---ebpf-pid----448786----pid-448520
---ebpf-pid----448786----pid-1
---ebpf-pid----6105----pid-6105
---ebpf-pid----6105----pid-6082
---ebpf-pid----6105----pid-5550
---ebpf-pid----6105----pid-5550
---ebpf-pid----6105----pid-1
---ebpf-pid----6105----pid-6105
---ebpf-pid----6105----pid-1
---ebpf-pid----6105----pid-6105
---ebpf-pid----6105----pid-6082
---ebpf-pid----6105----pid-6082
---ebpf-pid----6105----pid-5550
---ebpf-pid----6105----pid-5550
---ebpf-pid----6105----pid-1
---ebpf-pid----448786----pid-448786
---ebpf-pid----6105----pid-1
---ebpf-pid----6105----pid-6105
---ebpf-pid----6105----pid-6082
---ebpf-pid----6105----pid-5550
---ebpf-pid----6105----pid-1
---ebpf-pid----448786----pid-448786
---ebpf-pid----448786----pid-448520
---ebpf-pid----448786----pid-1
---ebpf-pid----448786----pid-448520
---ebpf-pid----6105----pid-6105
---ebpf-pid----448786----pid-1
---ebpf-pid----6105----pid-6082
---ebpf-pid----448786----pid-448786
---ebpf-pid----6105----pid-5550
---ebpf-pid----448786----pid-448520
---ebpf-pid----448786----pid-1
---ebpf-pid----6105----pid-6105
---ebpf-pid----6105----pid-1
---ebpf-pid----448786----pid-448786
---ebpf-pid----6105----pid-6082
---ebpf-pid----5881----pid-5881
---ebpf-pid----448786----pid-448520
---ebpf-pid----5881----pid-5550
---ebpf-pid----5881----pid-1
---ebpf-pid----6105----pid-5550
---ebpf-pid----448786----pid-1
---ebpf-pid----6105----pid-1
---ebpf-pid----6105----pid-6105
---ebpf-pid----6105----pid-6105
---ebpf-pid----6105----pid-6082
---ebpf-pid----6105----pid-6082
---ebpf-pid----6105----pid-5550
---ebpf-pid----6105----pid-5550
---ebpf-pid----6105----pid-1
---ebpf-pid----6105----pid-1
---ebpf-pid----6105----pid-6105
---ebpf-pid----6105----pid-6105
---ebpf-pid----6105----pid-6082
---ebpf-pid----6105----pid-6082
---ebpf-pid----6105----pid-5550
---ebpf-pid----6105----pid-1
---ebpf-pid----6105----pid-5550
---ebpf-pid----6105----pid-6105
---ebpf-pid----6105----pid-6082
---ebpf-pid----6105----pid-1
---ebpf-pid----6105----pid-6105
---ebpf-pid----6105----pid-5550
---ebpf-pid----6105----pid-6082
---ebpf-pid----6105----pid-1
---ebpf-pid----6105----pid-5550
---ebpf-pid----448786----pid-448786
---ebpf-pid----6105----pid-1
---ebpf-pid----448786----pid-448520
---ebpf-pid----448787----pid-448787
---ebpf-pid----448786----pid-1
---ebpf-pid----6105----pid-6105
---ebpf-pid----6105----pid-6082
---ebpf-pid----6105----pid-5550
---ebpf-pid----448787----pid-448520
---ebpf-pid----448790----pid-448790
---ebpf-pid----6105----pid-1
---ebpf-pid----448790----pid-7255
---ebpf-pid----448790----pid-1
---ebpf-pid----448790----pid-448790
---ebpf-pid----448790----pid-7255
---ebpf-pid----448787----pid-1
---ebpf-pid----448790----pid-1
---ebpf-pid----448787----pid-448787
---ebpf-pid----6105----pid-6105
---ebpf-pid----448458----pid-448458
---ebpf-pid----448787----pid-448520
---ebpf-pid----448787----pid-1
---ebpf-pid----448458----pid-8974
---ebpf-pid----6105----pid-6105
---ebpf-pid----448458----pid-7431
---ebpf-pid----448458----pid-1
---ebpf-pid----448458----pid-448458
---ebpf-pid----448458----pid-8974
---ebpf-pid----448458----pid-7431
---ebpf-pid----448458----pid-1
---ebpf-pid----448458----pid-448458
---ebpf-pid----448458----pid-8974
---ebpf-pid----6105----pid-6082
---ebpf-pid----6105----pid-5550
---ebpf-pid----6105----pid-6082
---ebpf-pid----448458----pid-7431
---ebpf-pid----6105----pid-1
---ebpf-pid----6105----pid-6105
---ebpf-pid----448458----pid-1
---ebpf-pid----448458----pid-448458
---ebpf-pid----6105----pid-6082
---ebpf-pid----448458----pid-8974
---ebpf-pid----6105----pid-5550
---ebpf-pid----6105----pid-5550
---ebpf-pid----6105----pid-1
---ebpf-pid----448782----pid-448782
---ebpf-pid----6105----pid-1
---ebpf-pid----448786----pid-448786
---ebpf-pid----448782----pid-448520
---ebpf-pid----448786----pid-448520
---ebpf-pid----448782----pid-1
---ebpf-pid----6105----pid-6105
---ebpf-pid----448786----pid-1
---ebpf-pid----6105----pid-6105
---ebpf-pid----6105----pid-6082
---ebpf-pid----448458----pid-7431
---ebpf-pid----6105----pid-6082
---ebpf-pid----6105----pid-5550
---ebpf-pid----6105----pid-5550
---ebpf-pid----6105----pid-1
---ebpf-pid----6105----pid-6105
---ebpf-pid----6105----pid-6082
---ebpf-pid----448458----pid-1
---ebpf-pid----6105----pid-1
---ebpf-pid----6105----pid-6105
---ebpf-pid----6105----pid-5550
---ebpf-pid----6105----pid-6082
---ebpf-pid----448790----pid-448790
---ebpf-pid----6105----pid-1
[2m2024-05-24 09:48:50[0m [32m INFO[0m [2mkube_guardian::watch[0m[2m:[0m Service Status ServiceStatus { conditions: None, load_balancer: Some(LoadBalancerStatus { ingress: None }) }
[2m2024-05-24 09:48:50[0m [32m INFO[0m [2mkube_guardian::watch[0m[2m:[0m SVC  kube-dns Ready
---ebpf-pid----448786----pid-448786
---ebpf-pid----448790----pid-7255
---ebpf-pid----448785----pid-448785
---ebpf-pid----448785----pid-448520
---ebpf-pid----6105----pid-5550
---ebpf-pid----448790----pid-1
---ebpf-pid----448785----pid-1
---ebpf-pid----448790----pid-448790
---ebpf-pid----448790----pid-7255
---ebpf-pid----4716----pid-4716
---ebpf-pid----448790----pid-1
---ebpf-pid----448458----pid-448458
---ebpf-pid----448458----pid-8974
---ebpf-pid----4716----pid-3323
---ebpf-pid----448458----pid-7431
---ebpf-pid----448458----pid-1
---ebpf-pid----448458----pid-448458
---ebpf-pid----4716----pid-1
---ebpf-pid----448458----pid-8974
---ebpf-pid----4716----pid-4716
---ebpf-pid----448458----pid-7431
---ebpf-pid----4716----pid-3323
---ebpf-pid----4716----pid-1
---ebpf-pid----448458----pid-1
---ebpf-pid----448786----pid-448786
---ebpf-pid----448790----pid-448790
---ebpf-pid----448786----pid-448520
---ebpf-pid----448790----pid-7255
---ebpf-pid----448786----pid-1
---ebpf-pid----448790----pid-1
---ebpf-pid----448786----pid-448786
---ebpf-pid----448790----pid-448790
---ebpf-pid----448786----pid-448520
---ebpf-pid----448790----pid-7255
---ebpf-pid----448786----pid-1
---ebpf-pid----448790----pid-1
---ebpf-pid----448790----pid-448790
---ebpf-pid----448790----pid-7255
---ebpf-pid----448790----pid-1
---ebpf-pid----448790----pid-448790
---ebpf-pid----448790----pid-7255
[2m2024-05-24 09:48:50[0m [32m INFO[0m [2mkube_guardian::watch[0m[2m:[0m pod name kube-guardian-broker-64b94f45d5-pp9sd
---ebpf-pid----448790----pid-1
---ebpf-pid----448790----pid-448790
---ebpf-pid----6105----pid-1
---ebpf-pid----448786----pid-448520
---ebpf-pid----448790----pid-7255
---ebpf-pid----448786----pid-1
---ebpf-pid----448786----pid-448786
---ebpf-pid----448790----pid-1
---ebpf-pid----448790----pid-448790
---ebpf-pid----6105----pid-6105
---ebpf-pid----448790----pid-7255
---ebpf-pid----6105----pid-6082
---ebpf-pid----448790----pid-1
---ebpf-pid----448790----pid-448790
---ebpf-pid----6105----pid-5550
---ebpf-pid----448790----pid-7255
---ebpf-pid----6105----pid-1
---ebpf-pid----6105----pid-6105
---ebpf-pid----448790----pid-1
---ebpf-pid----448790----pid-448790
---ebpf-pid----6105----pid-6082
---ebpf-pid----448790----pid-7255
---ebpf-pid----6105----pid-5550
---ebpf-pid----448790----pid-1
---ebpf-pid----448786----pid-448520
---ebpf-pid----448458----pid-448458
---ebpf-pid----448458----pid-8974
---ebpf-pid----448786----pid-1
---ebpf-pid----9298----pid-9298
---ebpf-pid----6105----pid-6105
---ebpf-pid----448458----pid-7431
---ebpf-pid----9298----pid-7255
---ebpf-pid----6105----pid-6082
---ebpf-pid----448458----pid-1
Failed to get process information for PID 0
---ebpf-pid----9298----pid-1
---ebpf-pid----6105----pid-5550
---ebpf-pid----448458----pid-448458
---ebpf-pid----6105----pid-1
---ebpf-pid----9298----pid-9298
---ebpf-pid----5637----pid-5637
---ebpf-pid----6105----pid-1
---ebpf-pid----448458----pid-8974
---ebpf-pid----6105----pid-6105
---ebpf-pid----9298----pid-7255
---ebpf-pid----5637----pid-1
---ebpf-pid----448458----pid-7431
---ebpf-pid----6105----pid-6082
---ebpf-pid----9298----pid-1
---ebpf-pid----448458----pid-1
---ebpf-pid----6105----pid-5550
---ebpf-pid----9298----pid-9298
---ebpf-pid----6105----pid-1
---ebpf-pid----9298----pid-7255
---ebpf-pid----448787----pid-448787
---ebpf-pid----9298----pid-1
---ebpf-pid----448787----pid-448520
---ebpf-pid----9298----pid-9298
---ebpf-pid----5881----pid-5881
---ebpf-pid----448787----pid-1
---ebpf-pid----5881----pid-5550
---ebpf-pid----9298----pid-7255
---ebpf-pid----9298----pid-1
---ebpf-pid----5881----pid-5881
---ebpf-pid----5881----pid-5550
---ebpf-pid----5881----pid-1
---ebpf-pid----5881----pid-5881
---ebpf-pid----5881----pid-5550
---ebpf-pid----5881----pid-1
---ebpf-pid----448785----pid-448785
---ebpf-pid----448785----pid-448520
---ebpf-pid----448785----pid-1
---ebpf-pid----5881----pid-5881
---ebpf-pid----5881----pid-5550
---ebpf-pid----5881----pid-1
---ebpf-pid----5881----pid-5881
---ebpf-pid----5881----pid-5550
---ebpf-pid----448787----pid-448787
---ebpf-pid----5881----pid-1
---ebpf-pid----6105----pid-6105
---ebpf-pid----6105----pid-6082
---ebpf-pid----6105----pid-5550
---ebpf-pid----6105----pid-1
---ebpf-pid----448787----pid-448520
---ebpf-pid----5881----pid-1
---ebpf-pid----5881----pid-5881
---ebpf-pid----448787----pid-1
---ebpf-pid----6105----pid-6105
---ebpf-pid----5881----pid-5550
---ebpf-pid----6105----pid-6105
---ebpf-pid----5881----pid-1
---ebpf-pid----6105----pid-6082
---ebpf-pid----6105----pid-6082
---ebpf-pid----448796----pid-448796
---ebpf-pid----6105----pid-5550
---ebpf-pid----6105----pid-5550
---ebpf-pid----448796----pid-448770
---ebpf-pid----6105----pid-1
---ebpf-pid----6105----pid-1
---ebpf-pid----6105----pid-6105
---ebpf-pid----448786----pid-448786
---ebpf-pid----448796----pid-448520
---ebpf-pid----6105----pid-6082
---ebpf-pid----448796----pid-1
---ebpf-pid----448786----pid-448520
---ebpf-pid----6105----pid-5550
---ebpf-pid----5614----pid-5614
---ebpf-pid----6105----pid-1
---ebpf-pid----448786----pid-1
---ebpf-pid----448786----pid-448786
---ebpf-pid----5614----pid-1
---ebpf-pid----6105----pid-6105
---ebpf-pid----6105----pid-6082
---ebpf-pid----6105----pid-5550
---ebpf-pid----448786----pid-448520
---ebpf-pid----448786----pid-1
---ebpf-pid----6105----pid-6105
---ebpf-pid----6105----pid-1
---ebpf-pid----6105----pid-6082
---ebpf-pid----448770----pid-448770
---ebpf-pid----6105----pid-5550
---ebpf-pid----448770----pid-448520
---ebpf-pid----6105----pid-1
---ebpf-pid----6105----pid-6105
---ebpf-pid----6105----pid-6082
---ebpf-pid----448770----pid-1
---ebpf-pid----448770----pid-448770
---ebpf-pid----6105----pid-5550
---ebpf-pid----6105----pid-1
---ebpf-pid----448770----pid-448520
---ebpf-pid----6105----pid-6105
---ebpf-pid----448524----pid-448524
---ebpf-pid----448770----pid-1
---ebpf-pid----6105----pid-6082
---ebpf-pid----448770----pid-448770
---ebpf-pid----448524----pid-1
---ebpf-pid----6105----pid-6105
---ebpf-pid----448770----pid-448520
---ebpf-pid----6105----pid-6082
---ebpf-pid----448770----pid-1
---ebpf-pid----6105----pid-5550
---ebpf-pid----6105----pid-5550
---ebpf-pid----6105----pid-1
---ebpf-pid----448770----pid-448770
---ebpf-pid----6105----pid-6105
[2m2024-05-24 09:48:50[0m [32m INFO[0m [2mkube_guardian::container[0m[2m:[0m If index of containerid  Some("4e40e1282d8265584d0dce9414f477ad4d46bf1fdc15f45c63b4562129d83bd8") [Some(2), Some(10)]
[2m2024-05-24 09:48:50[0m [32m INFO[0m [2mkube_guardian::watch[0m[2m:[0m Unready pod kube-guardian-controller-lrsv5: containers with unready status: [controller]
---ebpf-pid----6105----pid-1
---ebpf-pid----6105----pid-6082
---ebpf-pid----6105----pid-6105
---ebpf-pid----6105----pid-5550
---ebpf-pid----377755----pid-377755
---ebpf-pid----448770----pid-448520
---ebpf-pid----6105----pid-6082
---ebpf-pid----377755----pid-1
---ebpf-pid----448770----pid-1
---ebpf-pid----6105----pid-5550
---ebpf-pid----448770----pid-448770
---ebpf-pid----6105----pid-1
---ebpf-pid----6105----pid-1
---ebpf-pid----448786----pid-448786
---ebpf-pid----448770----pid-448520
---ebpf-pid----448770----pid-1
---ebpf-pid----448786----pid-448520
---ebpf-pid----448786----pid-1
---ebpf-pid----448786----pid-448786
---ebpf-pid----448786----pid-448520
---ebpf-pid----448786----pid-1
---ebpf-pid----448770----pid-448770
---ebpf-pid----448786----pid-448786
---ebpf-pid----448770----pid-448520
---ebpf-pid----448770----pid-1
---ebpf-pid----448785----pid-448785
---ebpf-pid----448786----pid-448520
---ebpf-pid----448785----pid-448520
---ebpf-pid----448785----pid-1
---ebpf-pid----448785----pid-448785
---ebpf-pid----448786----pid-1
---ebpf-pid----448787----pid-448787
---ebpf-pid----448787----pid-448520
---ebpf-pid----448786----pid-448786
---ebpf-pid----448787----pid-1
---ebpf-pid----448787----pid-448787
---ebpf-pid----448786----pid-448520
---ebpf-pid----448787----pid-448520
---ebpf-pid----448786----pid-1
---ebpf-pid----448787----pid-1
---ebpf-pid----6105----pid-6105
---ebpf-pid----448770----pid-448770
---ebpf-pid----448785----pid-448520
---ebpf-pid----6105----pid-6082
---ebpf-pid----448770----pid-448520
---ebpf-pid----448770----pid-1
---ebpf-pid----448770----pid-448770
---ebpf-pid----448770----pid-448520
---ebpf-pid----448770----pid-1
---ebpf-pid----448770----pid-448770
---ebpf-pid----448770----pid-448520
---ebpf-pid----6105----pid-5550
---ebpf-pid----448770----pid-1
---ebpf-pid----448793----pid-448793
---ebpf-pid----6105----pid-1
---ebpf-pid----448793----pid-7255
---ebpf-pid----448785----pid-1
---ebpf-pid----448785----pid-448785
---ebpf-pid----448785----pid-448520
---ebpf-pid----448793----pid-1
---ebpf-pid----448793----pid-448793
---ebpf-pid----448785----pid-1
---ebpf-pid----448785----pid-448785
---ebpf-pid----448793----pid-7255
---ebpf-pid----448785----pid-448520
---ebpf-pid----448793----pid-1
---ebpf-pid----448793----pid-448793
---ebpf-pid----448785----pid-1
---ebpf-pid----448789----pid-448789
---ebpf-pid----448793----pid-7255
---ebpf-pid----448789----pid-7255
---ebpf-pid----448793----pid-1
---ebpf-pid----448793----pid-448793
---ebpf-pid----6105----pid-6105
---ebpf-pid----448789----pid-1
---ebpf-pid----448793----pid-7255
---ebpf-pid----448789----pid-448789
---ebpf-pid----448793----pid-1
---ebpf-pid----6105----pid-6082
---ebpf-pid----448458----pid-448458
---ebpf-pid----448793----pid-448793
---ebpf-pid----448793----pid-7255
---ebpf-pid----448793----pid-1
---ebpf-pid----448789----pid-7255
---ebpf-pid----448793----pid-448793
---ebpf-pid----448789----pid-1
---ebpf-pid----448793----pid-7255
---ebpf-pid----448459----pid-448459
---ebpf-pid----448793----pid-1
---ebpf-pid----448793----pid-448793
---ebpf-pid----448459----pid-8974
---ebpf-pid----6105----pid-5550
---ebpf-pid----448793----pid-7255
---ebpf-pid----448459----pid-7431
---ebpf-pid----6105----pid-1
---ebpf-pid----448793----pid-1
---ebpf-pid----448458----pid-8974
---ebpf-pid----448793----pid-448793
---ebpf-pid----448459----pid-1
---ebpf-pid----448459----pid-448459
---ebpf-pid----448458----pid-7431
---ebpf-pid----448459----pid-8974
---ebpf-pid----448793----pid-7255
---ebpf-pid----448459----pid-7431
---ebpf-pid----6105----pid-6105
Failed to get process information for PID 0
---ebpf-pid----448793----pid-1
---ebpf-pid----448458----pid-1
---ebpf-pid----448458----pid-448458
---ebpf-pid----6105----pid-6105
---ebpf-pid----6105----pid-6082
---ebpf-pid----448458----pid-8974
---ebpf-pid----6105----pid-6082
---ebpf-pid----448458----pid-7431
---ebpf-pid----6105----pid-5550
---ebpf-pid----6105----pid-5550
---ebpf-pid----448458----pid-1
---ebpf-pid----9299----pid-9299
---ebpf-pid----9299----pid-7255
---ebpf-pid----6105----pid-1
---ebpf-pid----9299----pid-1
---ebpf-pid----448787----pid-448787
---ebpf-pid----9299----pid-9299
---ebpf-pid----9299----pid-7255
---ebpf-pid----448787----pid-448520
---ebpf-pid----9299----pid-1
---ebpf-pid----6105----pid-1
---ebpf-pid----6105----pid-6105
---ebpf-pid----448459----pid-1
[2m2024-05-24 09:48:50[0m [32m INFO[0m [2mkube_guardian::watch[0m[2m:[0m Service Status ServiceStatus { conditions: None, load_balancer: Some(LoadBalancerStatus { ingress: None }) }
[2m2024-05-24 09:48:50[0m [32m INFO[0m [2mkube_guardian::watch[0m[2m:[0m SVC  metrics-server Ready
---ebpf-pid----448789----pid-448789
---ebpf-pid----448789----pid-7255
---ebpf-pid----6105----pid-6082
---ebpf-pid----448789----pid-1
---ebpf-pid----448789----pid-448789
---ebpf-pid----448789----pid-7255
---ebpf-pid----448789----pid-1
---ebpf-pid----6105----pid-5550
---ebpf-pid----448459----pid-448459
---ebpf-pid----6105----pid-1
---ebpf-pid----6105----pid-6105
---ebpf-pid----9299----pid-9299
---ebpf-pid----6105----pid-6082
---ebpf-pid----6105----pid-5550
---ebpf-pid----448459----pid-8974
---ebpf-pid----6105----pid-1
---ebpf-pid----448787----pid-1
---ebpf-pid----9299----pid-7255
---ebpf-pid----6105----pid-6105
---ebpf-pid----9299----pid-1
---ebpf-pid----6105----pid-6082
---ebpf-pid----9299----pid-9299
---ebpf-pid----6105----pid-5550
---ebpf-pid----9299----pid-7255
---ebpf-pid----448459----pid-7431
---ebpf-pid----9299----pid-1
---ebpf-pid----6105----pid-1
---ebpf-pid----6105----pid-6105
---ebpf-pid----448459----pid-1
---ebpf-pid----448786----pid-448786
---ebpf-pid----448459----pid-448459
---ebpf-pid----6105----pid-6082
---ebpf-pid----6105----pid-5550
---ebpf-pid----448786----pid-448520
---ebpf-pid----448459----pid-8974
---ebpf-pid----6105----pid-1
---ebpf-pid----6105----pid-6105
---ebpf-pid----448459----pid-7431
---ebpf-pid----448786----pid-1
---ebpf-pid----6105----pid-6082
---ebpf-pid----448787----pid-448787
---ebpf-pid----448786----pid-448786
---ebpf-pid----6105----pid-5550
---ebpf-pid----448787----pid-448520
---ebpf-pid----448786----pid-448520
---ebpf-pid----6105----pid-1
---ebpf-pid----6105----pid-6105
---ebpf-pid----448787----pid-1
---ebpf-pid----6105----pid-6105
---ebpf-pid----6105----pid-6082
---ebpf-pid----6105----pid-5550
---ebpf-pid----448786----pid-1
---ebpf-pid----6105----pid-6105
---ebpf-pid----6105----pid-6082
---ebpf-pid----448459----pid-1
---ebpf-pid----6105----pid-1
---ebpf-pid----6105----pid-6105
---ebpf-pid----6105----pid-5550
---ebpf-pid----6105----pid-6082
---ebpf-pid----6105----pid-5550
---ebpf-pid----6105----pid-6082
---ebpf-pid----6105----pid-1
---ebpf-pid----6105----pid-6105
---ebpf-pid----448789----pid-448789
---ebpf-pid----6105----pid-5550
---ebpf-pid----6105----pid-1
---ebpf-pid----6105----pid-6082
---ebpf-pid----448789----pid-7255
---ebpf-pid----6105----pid-5550
---ebpf-pid----448789----pid-1
---ebpf-pid----448789----pid-448789
---ebpf-pid----6105----pid-1
---ebpf-pid----6105----pid-6105
---ebpf-pid----448789----pid-7255
---ebpf-pid----6105----pid-1
---ebpf-pid----6105----pid-6105
---ebpf-pid----6105----pid-6082
---ebpf-pid----448789----pid-1
---ebpf-pid----6105----pid-6105
---ebpf-pid----6105----pid-6082
---ebpf-pid----6105----pid-5550
---ebpf-pid----6105----pid-5550
---ebpf-pid----6105----pid-6082
---ebpf-pid----448789----pid-448789
---ebpf-pid----6105----pid-1
---ebpf-pid----448786----pid-448786
---ebpf-pid----6105----pid-5550
---ebpf-pid----448786----pid-448520
---ebpf-pid----448789----pid-7255
---ebpf-pid----448789----pid-1
---ebpf-pid----448789----pid-448789
---ebpf-pid----448789----pid-7255
---ebpf-pid----448789----pid-1
---ebpf-pid----448459----pid-448459
---ebpf-pid----448459----pid-8974
---ebpf-pid----448786----pid-1
---ebpf-pid----6105----pid-1
---ebpf-pid----6105----pid-6105
---ebpf-pid----6105----pid-6105
---ebpf-pid----6105----pid-6082
---ebpf-pid----6105----pid-6082
---ebpf-pid----6105----pid-5550
---ebpf-pid----6105----pid-5550
---ebpf-pid----6105----pid-1
---ebpf-pid----6105----pid-1
---ebpf-pid----448459----pid-7431
---ebpf-pid----6105----pid-6105
---ebpf-pid----6105----pid-6105
---ebpf-pid----6105----pid-6082
---ebpf-pid----6105----pid-6082
---ebpf-pid----6105----pid-5550
---ebpf-pid----6105----pid-5550
---ebpf-pid----448459----pid-1
---ebpf-pid----6105----pid-1
---ebpf-pid----6105----pid-1
---ebpf-pid----6105----pid-6105
---ebpf-pid----6105----pid-1
---ebpf-pid----6105----pid-6082
---ebpf-pid----6105----pid-6105
---ebpf-pid----6105----pid-5550
---ebpf-pid----6105----pid-6082
---ebpf-pid----6105----pid-5550
---ebpf-pid----6105----pid-1
---ebpf-pid----6105----pid-6105
---ebpf-pid----6105----pid-1
---ebpf-pid----448787----pid-448787
---ebpf-pid----6105----pid-6082
---ebpf-pid----448787----pid-448520
---ebpf-pid----6105----pid-5550
---ebpf-pid----6105----pid-1
---ebpf-pid----448783----pid-448783
Failed to get process information for PID 448796
---ebpf-pid----448787----pid-1
---ebpf-pid----448786----pid-448786
---ebpf-pid----448786----pid-448520
---ebpf-pid----448786----pid-1
---ebpf-pid----6105----pid-6105
---ebpf-pid----448783----pid-448520
---ebpf-pid----6105----pid-6082
---ebpf-pid----6105----pid-5550
---ebpf-pid----448783----pid-1
---ebpf-pid----6105----pid-1
---ebpf-pid----448459----pid-448459
---ebpf-pid----6105----pid-6105
---ebpf-pid----448546----pid-448546
---ebpf-pid----6105----pid-6082
---ebpf-pid----448459----pid-8974
---ebpf-pid----448546----pid-1
---ebpf-pid----448459----pid-7431
---ebpf-pid----6105----pid-5550
---ebpf-pid----448786----pid-448786
---ebpf-pid----448459----pid-1
---ebpf-pid----448786----pid-448520
---ebpf-pid----9297----pid-9297
---ebpf-pid----6105----pid-1
---ebpf-pid----6105----pid-6105
---ebpf-pid----448786----pid-1
---ebpf-pid----9297----pid-7255
---ebpf-pid----6105----pid-6105
---ebpf-pid----6105----pid-6082
---ebpf-pid----6105----pid-6082
---ebpf-pid----9297----pid-1
---ebpf-pid----6105----pid-5550
---ebpf-pid----9297----pid-9297
---ebpf-pid----6105----pid-1
---ebpf-pid----6105----pid-6105
---ebpf-pid----9297----pid-7255
---ebpf-pid----6105----pid-5550
---ebpf-pid----9297----pid-1
---ebpf-pid----6105----pid-6082
---ebpf-pid----448770----pid-448770
---ebpf-pid----6105----pid-5550
---ebpf-pid----448770----pid-448520
---ebpf-pid----6105----pid-1
---ebpf-pid----6105----pid-1
---ebpf-pid----6105----pid-6105
---ebpf-pid----448770----pid-1
---ebpf-pid----6105----pid-6105
---ebpf-pid----26----pid-26
---ebpf-pid----6105----pid-6082
---ebpf-pid----6105----pid-6082
---ebpf-pid----26----pid-2
---ebpf-pid----9297----pid-9297
---ebpf-pid----6105----pid-5550
---ebpf-pid----6105----pid-5550
---ebpf-pid----9297----pid-7255
---ebpf-pid----6105----pid-1
---ebpf-pid----9297----pid-1
---ebpf-pid----6105----pid-6105
---ebpf-pid----9297----pid-9297
---ebpf-pid----6105----pid-1
---ebpf-pid----6105----pid-6082
---ebpf-pid----448786----pid-448786
---ebpf-pid----9297----pid-7255
---ebpf-pid----6105----pid-5550
---ebpf-pid----9297----pid-1
---ebpf-pid----448786----pid-448520
---ebpf-pid----6105----pid-6105
---ebpf-pid----6105----pid-6082
---ebpf-pid----448782----pid-448782
---ebpf-pid----6105----pid-5550
---ebpf-pid----448782----pid-448520
---ebpf-pid----448786----pid-1
---ebpf-pid----448782----pid-1
---ebpf-pid----6105----pid-1
---ebpf-pid----448786----pid-448786
---ebpf-pid----6105----pid-6105
---ebpf-pid----6105----pid-1
---ebpf-pid----6105----pid-6105
---ebpf-pid----6105----pid-6082
---ebpf-pid----448786----pid-448520
---ebpf-pid----6105----pid-6082
---ebpf-pid----6105----pid-5550
---ebpf-pid----6105----pid-5550
---ebpf-pid----448786----pid-1
---ebpf-pid----6105----pid-1
---ebpf-pid----6105----pid-6105
---ebpf-pid----6105----pid-1
---ebpf-pid----6105----pid-6082
---ebpf-pid----6105----pid-6105
---ebpf-pid----6105----pid-5550
---ebpf-pid----6105----pid-6082
---ebpf-pid----6105----pid-1
---ebpf-pid----6105----pid-5550
---ebpf-pid----6105----pid-1
---ebpf-pid----6105----pid-6105
---ebpf-pid----6105----pid-6082
---ebpf-pid----6105----pid-6105
---ebpf-pid----6105----pid-5550
---ebpf-pid----6105----pid-6082
---ebpf-pid----6105----pid-5550
---ebpf-pid----6105----pid-1
---ebpf-pid----6105----pid-6105
---ebpf-pid----6105----pid-6105
---ebpf-pid----6105----pid-1
---ebpf-pid----448786----pid-448786
---ebpf-pid----448786----pid-448520
---ebpf-pid----448786----pid-1
---ebpf-pid----6105----pid-6105
---ebpf-pid----6105----pid-6082
---ebpf-pid----6105----pid-6082
---ebpf-pid----6105----pid-5550
---ebpf-pid----6105----pid-6082
---ebpf-pid----6105----pid-6105
---ebpf-pid----6105----pid-5550
---ebpf-pid----6105----pid-6082
---ebpf-pid----6105----pid-1
---ebpf-pid----6105----pid-6105
---ebpf-pid----6105----pid-1
---ebpf-pid----6105----pid-5550
---ebpf-pid----5891----pid-5891
---ebpf-pid----6105----pid-6082
---ebpf-pid----6105----pid-1
---ebpf-pid----5891----pid-5550
---ebpf-pid----6105----pid-6105
---ebpf-pid----6105----pid-5550
---ebpf-pid----5891----pid-1
---ebpf-pid----6105----pid-6082
---ebpf-pid----6105----pid-6105
---ebpf-pid----6105----pid-1
---ebpf-pid----6105----pid-6105
---ebpf-pid----6105----pid-5550
---ebpf-pid----6105----pid-6082
---ebpf-pid----6105----pid-6082
---ebpf-pid----6105----pid-1
---ebpf-pid----6105----pid-5550
---ebpf-pid----6105----pid-6105
---ebpf-pid----6105----pid-5550
---ebpf-pid----6105----pid-1
---ebpf-pid----6105----pid-6082
---ebpf-pid----6105----pid-6105
---ebpf-pid----6105----pid-1
---ebpf-pid----6105----pid-6105
---ebpf-pid----6105----pid-5550
---ebpf-pid----6105----pid-6082
---ebpf-pid----6105----pid-6082
---ebpf-pid----6105----pid-1
---ebpf-pid----6105----pid-5550
---ebpf-pid----6105----pid-6105
---ebpf-pid----6105----pid-5550
---ebpf-pid----6105----pid-6082
---ebpf-pid----6105----pid-1
---ebpf-pid----6105----pid-1
---ebpf-pid----6105----pid-6105
---ebpf-pid----9296----pid-9296
---ebpf-pid----6105----pid-5550
---ebpf-pid----6105----pid-6082
---ebpf-pid----9296----pid-7255
---ebpf-pid----6105----pid-1
---ebpf-pid----6105----pid-6105
---ebpf-pid----6105----pid-5550
---ebpf-pid----9296----pid-1
---ebpf-pid----6105----pid-6082
---ebpf-pid----9296----pid-9296
---ebpf-pid----6105----pid-1
---ebpf-pid----5891----pid-5891
---ebpf-pid----6105----pid-5550
---ebpf-pid----9296----pid-7255
---ebpf-pid----5891----pid-5550
---ebpf-pid----9296----pid-1
---ebpf-pid----6105----pid-1
---ebpf-pid----6105----pid-6105
---ebpf-pid----448770----pid-448770
---ebpf-pid----5891----pid-1
---ebpf-pid----5891----pid-5891
---ebpf-pid----6105----pid-6082
---ebpf-pid----448770----pid-448520
---ebpf-pid----5891----pid-5550
---ebpf-pid----6105----pid-5550
---ebpf-pid----448770----pid-1
---ebpf-pid----448770----pid-448770
---ebpf-pid----5891----pid-1
---ebpf-pid----6105----pid-1
---ebpf-pid----6105----pid-6105
---ebpf-pid----448770----pid-448770
---ebpf-pid----448770----pid-448520
---ebpf-pid----6105----pid-6082
---ebpf-pid----448770----pid-448520
---ebpf-pid----448770----pid-1
---ebpf-pid----448770----pid-448770
---ebpf-pid----6105----pid-5550
---ebpf-pid----448770----pid-1
---ebpf-pid----448770----pid-448520
---ebpf-pid----448770----pid-448770
---ebpf-pid----6105----pid-1
---ebpf-pid----6105----pid-6105
---ebpf-pid----448770----pid-1
---ebpf-pid----448770----pid-448520
---ebpf-pid----448786----pid-448786
---ebpf-pid----6105----pid-6082
---ebpf-pid----448770----pid-1
---ebpf-pid----448786----pid-448520
---ebpf-pid----448770----pid-448770
---ebpf-pid----6105----pid-5550
---ebpf-pid----6105----pid-1
---ebpf-pid----448770----pid-448520
---ebpf-pid----448787----pid-448787
---ebpf-pid----448786----pid-1
---ebpf-pid----448770----pid-1
---ebpf-pid----448787----pid-448520
---ebpf-pid----448787----pid-1
---ebpf-pid----448786----pid-448786
---ebpf-pid----6105----pid-5550
---ebpf-pid----448786----pid-448520
---ebpf-pid----448786----pid-1
---ebpf-pid----6105----pid-6105
---ebpf-pid----448784----pid-448784
---ebpf-pid----6105----pid-1
[2m2024-05-24 09:48:50[0m [32m INFO[0m [2mkube_guardian::watch[0m[2m:[0m pod name mycurlpod
---ebpf-pid----448787----pid-448787
---ebpf-pid----448787----pid-448520
---ebpf-pid----448787----pid-1
---ebpf-pid----448786----pid-448786
---ebpf-pid----6105----pid-6082
---ebpf-pid----6105----pid-5550
---ebpf-pid----448786----pid-448520
---ebpf-pid----6105----pid-1
---ebpf-pid----448786----pid-1
---ebpf-pid----6105----pid-6105
---ebpf-pid----6105----pid-6105
---ebpf-pid----6105----pid-6082
---ebpf-pid----6105----pid-6082
---ebpf-pid----6105----pid-6105
---ebpf-pid----6105----pid-5550
---ebpf-pid----6105----pid-5550
---ebpf-pid----6105----pid-1
---ebpf-pid----6105----pid-1
---ebpf-pid----448782----pid-448782
---ebpf-pid----6105----pid-6105
---ebpf-pid----448784----pid-448520
---ebpf-pid----6105----pid-6082
---ebpf-pid----448784----pid-1
---ebpf-pid----448782----pid-448520
---ebpf-pid----9296----pid-9296
---ebpf-pid----6105----pid-5550
---ebpf-pid----448782----pid-1
---ebpf-pid----9296----pid-7255
---ebpf-pid----5614----pid-5614
---ebpf-pid----6105----pid-1
---ebpf-pid----9296----pid-1
---ebpf-pid----9296----pid-9296
---ebpf-pid----6105----pid-6105
---ebpf-pid----5614----pid-1
---ebpf-pid----9296----pid-7255
---ebpf-pid----6105----pid-6105
---ebpf-pid----6105----pid-6082
---ebpf-pid----9296----pid-1
---ebpf-pid----6105----pid-6082
---ebpf-pid----6105----pid-5550
---ebpf-pid----6105----pid-1
---ebpf-pid----5891----pid-5891
---ebpf-pid----6105----pid-6082
---ebpf-pid----5891----pid-5550
---ebpf-pid----6105----pid-5550
---ebpf-pid----6105----pid-5550
---ebpf-pid----5891----pid-1
---ebpf-pid----6105----pid-6105
---ebpf-pid----6105----pid-6082
---ebpf-pid----6105----pid-5550
---ebpf-pid----6105----pid-1
---ebpf-pid----5891----pid-5891
---ebpf-pid----5891----pid-5550
---ebpf-pid----6105----pid-1
---ebpf-pid----5891----pid-1
---ebpf-pid----6105----pid-6105
---ebpf-pid----6105----pid-6105
---ebpf-pid----6105----pid-6082
---ebpf-pid----6105----pid-5550
---ebpf-pid----6105----pid-1
---ebpf-pid----448787----pid-448787
---ebpf-pid----448787----pid-448520
---ebpf-pid----448787----pid-1
---ebpf-pid----448787----pid-448787
---ebpf-pid----448787----pid-448520
---ebpf-pid----6105----pid-1
---ebpf-pid----448787----pid-1
---ebpf-pid----6105----pid-6105
---ebpf-pid----6105----pid-6105
---ebpf-pid----6105----pid-6082
---ebpf-pid----6105----pid-6082
---ebpf-pid----6105----pid-5550
---ebpf-pid----6105----pid-5550
---ebpf-pid----6105----pid-6082
---ebpf-pid----6105----pid-1
[2m2024-05-24 09:48:50[0m [32m INFO[0m [2mkube_guardian::watch[0m[2m:[0m Service Status ServiceStatus { conditions: None, load_balancer: Some(LoadBalancerStatus { ingress: None }) }
[2m2024-05-24 09:48:50[0m [32m INFO[0m [2mkube_guardian::watch[0m[2m:[0m SVC  nginx-service Ready
---ebpf-pid----6105----pid-1
---ebpf-pid----5316----pid-5316
---ebpf-pid----5316----pid-4164
---ebpf-pid----448787----pid-448787
---ebpf-pid----6105----pid-6105
---ebpf-pid----448787----pid-448520
---ebpf-pid----6105----pid-6082
---ebpf-pid----448787----pid-1
---ebpf-pid----6105----pid-5550
---ebpf-pid----6105----pid-6105
---ebpf-pid----6105----pid-1
---ebpf-pid----6105----pid-6082
---ebpf-pid----6105----pid-6105
---ebpf-pid----6105----pid-5550
---ebpf-pid----6105----pid-6082
---ebpf-pid----6105----pid-1
---ebpf-pid----6105----pid-6105
---ebpf-pid----6105----pid-5550
---ebpf-pid----6105----pid-6082
---ebpf-pid----6105----pid-1
---ebpf-pid----6105----pid-5550
---ebpf-pid----5316----pid-3417
---ebpf-pid----6105----pid-1
---ebpf-pid----448787----pid-448787
---ebpf-pid----5316----pid-1
---ebpf-pid----448787----pid-448520
---ebpf-pid----448458----pid-448458
---ebpf-pid----448787----pid-1
---ebpf-pid----448458----pid-8974
---ebpf-pid----6105----pid-6105
---ebpf-pid----6105----pid-6082
---ebpf-pid----6105----pid-5550
---ebpf-pid----6105----pid-5550
---ebpf-pid----448458----pid-7431
---ebpf-pid----6105----pid-1
---ebpf-pid----6105----pid-1
---ebpf-pid----6105----pid-6105
---ebpf-pid----6105----pid-6105
---ebpf-pid----448458----pid-1
---ebpf-pid----448458----pid-448458
---ebpf-pid----6105----pid-6082
---ebpf-pid----448458----pid-8974
---ebpf-pid----6105----pid-5550
---ebpf-pid----6105----pid-6082
---ebpf-pid----448458----pid-7431
---ebpf-pid----6105----pid-1
---ebpf-pid----448785----pid-448785
---ebpf-pid----6105----pid-5550
---ebpf-pid----448458----pid-1
---ebpf-pid----448785----pid-448520
---ebpf-pid----448786----pid-448786
---ebpf-pid----448785----pid-1
---ebpf-pid----448786----pid-448520
---ebpf-pid----448786----pid-448786
---ebpf-pid----6105----pid-1
---ebpf-pid----448786----pid-1
---ebpf-pid----5865----pid-5865
---ebpf-pid----448786----pid-448520
---ebpf-pid----448786----pid-448786
---ebpf-pid----5865----pid-5550
---ebpf-pid----448786----pid-1
---ebpf-pid----448786----pid-448520
---ebpf-pid----448786----pid-448786
---ebpf-pid----448786----pid-1
---ebpf-pid----448789----pid-448789
---ebpf-pid----448786----pid-448520
---ebpf-pid----5865----pid-1
---ebpf-pid----5865----pid-5865
---ebpf-pid----5865----pid-5550
---ebpf-pid----5865----pid-1
---ebpf-pid----448789----pid-7255
---ebpf-pid----6105----pid-6105
---ebpf-pid----6105----pid-6082
---ebpf-pid----448786----pid-1
---ebpf-pid----7313----pid-7313
---ebpf-pid----6105----pid-5550
---ebpf-pid----6105----pid-1
---ebpf-pid----448789----pid-1
---ebpf-pid----6105----pid-6105
---ebpf-pid----7313----pid-1
---ebpf-pid----448789----pid-448789
---ebpf-pid----448786----pid-448786
---ebpf-pid----6105----pid-6082
---ebpf-pid----448789----pid-7255
---ebpf-pid----448786----pid-448520
---ebpf-pid----6105----pid-5550
---ebpf-pid----448789----pid-1
---ebpf-pid----448458----pid-448458
---ebpf-pid----6105----pid-1
---ebpf-pid----448786----pid-1
---ebpf-pid----448785----pid-448785
---ebpf-pid----448787----pid-448787
---ebpf-pid----448458----pid-8974
---ebpf-pid----448785----pid-448520
---ebpf-pid----448787----pid-448520
---ebpf-pid----448458----pid-7431
---ebpf-pid----448787----pid-1
---ebpf-pid----448785----pid-1
---ebpf-pid----6105----pid-6105
---ebpf-pid----448785----pid-448785
---ebpf-pid----448458----pid-1
---ebpf-pid----448458----pid-448458
---ebpf-pid----6105----pid-6082
---ebpf-pid----448785----pid-448520
---ebpf-pid----448458----pid-8974
---ebpf-pid----6105----pid-5550
---ebpf-pid----448785----pid-1
---ebpf-pid----448787----pid-448787
---ebpf-pid----448458----pid-7431
---ebpf-pid----6105----pid-1
---ebpf-pid----6105----pid-6105
---ebpf-pid----448458----pid-1
---ebpf-pid----448787----pid-448520
---ebpf-pid----448789----pid-448789
---ebpf-pid----6105----pid-6082
---ebpf-pid----448787----pid-1
---ebpf-pid----6105----pid-5550
---ebpf-pid----448787----pid-448787
---ebpf-pid----6105----pid-1
---ebpf-pid----448787----pid-448520
---ebpf-pid----448789----pid-7255
---ebpf-pid----448786----pid-448786
---ebpf-pid----448787----pid-1
---ebpf-pid----448786----pid-448520
---ebpf-pid----6105----pid-6105
---ebpf-pid----6105----pid-6082
---ebpf-pid----448786----pid-1
---ebpf-pid----448786----pid-448786
---ebpf-pid----6105----pid-5550
---ebpf-pid----448786----pid-448520
---ebpf-pid----6105----pid-1
---ebpf-pid----6105----pid-6105
---ebpf-pid----448786----pid-1
---ebpf-pid----6105----pid-6105
---ebpf-pid----6105----pid-6082
---ebpf-pid----6105----pid-6082
---ebpf-pid----6105----pid-5550
---ebpf-pid----6105----pid-5550
---ebpf-pid----6105----pid-1
---ebpf-pid----6105----pid-6105
---ebpf-pid----6105----pid-1
---ebpf-pid----6105----pid-6105
---ebpf-pid----6105----pid-6082
---ebpf-pid----6105----pid-6082
---ebpf-pid----448789----pid-1
---ebpf-pid----448789----pid-448789
---ebpf-pid----6105----pid-5550
---ebpf-pid----448789----pid-7255
---ebpf-pid----6105----pid-1
---ebpf-pid----448789----pid-1
---ebpf-pid----6105----pid-6105
---ebpf-pid----448458----pid-448458
---ebpf-pid----6105----pid-5550
---ebpf-pid----448458----pid-8974
---ebpf-pid----6105----pid-6082
---ebpf-pid----6105----pid-1
---ebpf-pid----448458----pid-7431
---ebpf-pid----6105----pid-5550
---ebpf-pid----6105----pid-6105
---ebpf-pid----6105----pid-1
---ebpf-pid----448458----pid-1
---ebpf-pid----6105----pid-6082
---ebpf-pid----6105----pid-6105
---ebpf-pid----448458----pid-448458
---ebpf-pid----6105----pid-5550
---ebpf-pid----6105----pid-6082
---ebpf-pid----448458----pid-8974
---ebpf-pid----6105----pid-1
---ebpf-pid----6105----pid-5550
---ebpf-pid----448458----pid-7431
---ebpf-pid----448458----pid-448458
---ebpf-pid----448458----pid-8974
---ebpf-pid----448458----pid-1
---ebpf-pid----6105----pid-1
---ebpf-pid----448789----pid-448789
---ebpf-pid----448784----pid-448784
---ebpf-pid----448458----pid-7431
---ebpf-pid----448789----pid-7255
---ebpf-pid----448784----pid-448520
---ebpf-pid----448458----pid-1
---ebpf-pid----448458----pid-448458
---ebpf-pid----448789----pid-1
---ebpf-pid----448784----pid-1
---ebpf-pid----448789----pid-448789
---ebpf-pid----448784----pid-448784
---ebpf-pid----448458----pid-8974
---ebpf-pid----448789----pid-7255
---ebpf-pid----448784----pid-448520
---ebpf-pid----448458----pid-7431
---ebpf-pid----448789----pid-1
---ebpf-pid----448784----pid-1
---ebpf-pid----448789----pid-448789
---ebpf-pid----6105----pid-6105
---ebpf-pid----448458----pid-1
---ebpf-pid----448458----pid-448458
---ebpf-pid----6105----pid-6082
---ebpf-pid----448789----pid-7255
---ebpf-pid----448458----pid-8974
---ebpf-pid----6105----pid-5550
---ebpf-pid----448789----pid-1
---ebpf-pid----448789----pid-448789
---ebpf-pid----448458----pid-7431
---ebpf-pid----6105----pid-1
---ebpf-pid----6105----pid-6105
---ebpf-pid----448789----pid-7255
---ebpf-pid----448458----pid-1
---ebpf-pid----448458----pid-448458
---ebpf-pid----6105----pid-6082
---ebpf-pid----448789----pid-1
---ebpf-pid----448458----pid-448458
---ebpf-pid----448458----pid-8974
---ebpf-pid----6105----pid-5550
---ebpf-pid----448458----pid-7431
---ebpf-pid----448458----pid-8974
---ebpf-pid----6105----pid-1
---ebpf-pid----448786----pid-448786
---ebpf-pid----448458----pid-7431
---ebpf-pid----448458----pid-1
---ebpf-pid----6105----pid-6105
---ebpf-pid----448786----pid-448520
---ebpf-pid----6105----pid-6082
---ebpf-pid----448786----pid-1
---ebpf-pid----6105----pid-6105
---ebpf-pid----6105----pid-5550
---ebpf-pid----6105----pid-6082
---ebpf-pid----6105----pid-1
---ebpf-pid----377755----pid-377755
---ebpf-pid----6105----pid-5550
---ebpf-pid----377755----pid-1
---ebpf-pid----6105----pid-1
---ebpf-pid----5865----pid-5865
---ebpf-pid----6105----pid-6105
---ebpf-pid----6105----pid-6082
---ebpf-pid----5865----pid-5550
Failed to get process information for PID 0
---ebpf-pid----6105----pid-5550
---ebpf-pid----5865----pid-1
---ebpf-pid----5865----pid-5865
---ebpf-pid----6105----pid-1
---ebpf-pid----448786----pid-448786
---ebpf-pid----5865----pid-5550
---ebpf-pid----448786----pid-448520
---ebpf-pid----5865----pid-1
---ebpf-pid----5865----pid-5865
---ebpf-pid----448786----pid-1
---ebpf-pid----6105----pid-6105
---ebpf-pid----5865----pid-5550
---ebpf-pid----6105----pid-6082
---ebpf-pid----5865----pid-1
---ebpf-pid----5865----pid-5865
[2m2024-05-24 09:48:50[0m [32m INFO[0m [2mkube_guardian::container[0m[2m:[0m If index of containerid  Some("1a109ed33affab1c5033db64c7b6a2905292fb8e6f4d82643be1bd2dba0976fd") [Some(2), Some(22)]
---ebpf-pid----5865----pid-5550
---ebpf-pid----6105----pid-5550
---ebpf-pid----6105----pid-1
---ebpf-pid----448458----pid-1
---ebpf-pid----448458----pid-448458
---ebpf-pid----6105----pid-6105
---ebpf-pid----448458----pid-8974
---ebpf-pid----6105----pid-6082
---ebpf-pid----448458----pid-7431
---ebpf-pid----6105----pid-5550
---ebpf-pid----448458----pid-1
---ebpf-pid----9297----pid-9297
---ebpf-pid----6105----pid-1
---ebpf-pid----9297----pid-7255
---ebpf-pid----5865----pid-1
---ebpf-pid----5865----pid-5865
---ebpf-pid----5865----pid-5550
---ebpf-pid----5865----pid-1
---ebpf-pid----448785----pid-448785
---ebpf-pid----5865----pid-5865
---ebpf-pid----5865----pid-5550
---ebpf-pid----448785----pid-448520
---ebpf-pid----5865----pid-1
---ebpf-pid----448785----pid-1
---ebpf-pid----26----pid-26
---ebpf-pid----9297----pid-1
---ebpf-pid----9297----pid-9297
---ebpf-pid----5865----pid-5865
---ebpf-pid----9297----pid-7255
---ebpf-pid----448786----pid-448786
---ebpf-pid----9297----pid-1
---ebpf-pid----5865----pid-5550
---ebpf-pid----9297----pid-9297
---ebpf-pid----9297----pid-7255
---ebpf-pid----5865----pid-1
---ebpf-pid----448782----pid-448782
---ebpf-pid----9297----pid-1
---ebpf-pid----9297----pid-9297
---ebpf-pid----448786----pid-448520
---ebpf-pid----448782----pid-448520
---ebpf-pid----9297----pid-7255
---ebpf-pid----448782----pid-1
---ebpf-pid----9297----pid-1
---ebpf-pid----448788----pid-448788
---ebpf-pid----448783----pid-448783
---ebpf-pid----448786----pid-1
---ebpf-pid----448786----pid-448786
---ebpf-pid----26----pid-2
---ebpf-pid----448788----pid-7255
---ebpf-pid----448786----pid-448520
---ebpf-pid----448458----pid-448458
---ebpf-pid----448788----pid-1
---ebpf-pid----448786----pid-1
---ebpf-pid----448786----pid-448786
---ebpf-pid----448788----pid-448788
---ebpf-pid----448786----pid-448520
---ebpf-pid----448458----pid-8974
---ebpf-pid----448788----pid-7255
---ebpf-pid----448788----pid-1
---ebpf-pid----448788----pid-448788
---ebpf-pid----448788----pid-7255
---ebpf-pid----448458----pid-7431
---ebpf-pid----448788----pid-1
---ebpf-pid----448788----pid-448788
---ebpf-pid----448783----pid-448520
---ebpf-pid----448786----pid-1
---ebpf-pid----448788----pid-7255
---ebpf-pid----448783----pid-1
---ebpf-pid----448786----pid-448786
---ebpf-pid----6105----pid-6105
---ebpf-pid----448786----pid-448520
---ebpf-pid----448786----pid-1
---ebpf-pid----6105----pid-6105
---ebpf-pid----6105----pid-6082
---ebpf-pid----448458----pid-1
---ebpf-pid----6105----pid-5550
---ebpf-pid----448788----pid-1
---ebpf-pid----448458----pid-448458
---ebpf-pid----448458----pid-8974
---ebpf-pid----448458----pid-7431
---ebpf-pid----448458----pid-1
---ebpf-pid----448458----pid-448458
---ebpf-pid----448458----pid-8974
---ebpf-pid----6105----pid-6082
---ebpf-pid----448458----pid-7431
---ebpf-pid----6105----pid-5550
---ebpf-pid----448458----pid-1
---ebpf-pid----6105----pid-1
---ebpf-pid----6105----pid-6105
---ebpf-pid----6105----pid-6082
---ebpf-pid----448788----pid-448788
---ebpf-pid----6105----pid-5550
---ebpf-pid----448458----pid-448458
---ebpf-pid----6105----pid-1
---ebpf-pid----448458----pid-8974
---ebpf-pid----6105----pid-6105
---ebpf-pid----448458----pid-7431
---ebpf-pid----6105----pid-1
---ebpf-pid----6105----pid-6105
---ebpf-pid----448458----pid-1
---ebpf-pid----448784----pid-448784
---ebpf-pid----6105----pid-6082
---ebpf-pid----6105----pid-6082
---ebpf-pid----448784----pid-448520
---ebpf-pid----6105----pid-5550
---ebpf-pid----6105----pid-5550
---ebpf-pid----448784----pid-1
---ebpf-pid----6105----pid-1
---ebpf-pid----6105----pid-1
---ebpf-pid----448785----pid-448785
---ebpf-pid----5865----pid-5865
---ebpf-pid----5865----pid-5550
---ebpf-pid----448785----pid-448520
---ebpf-pid----448785----pid-1
---ebpf-pid----5865----pid-1
---ebpf-pid----6105----pid-6105
---ebpf-pid----6105----pid-6105
---ebpf-pid----6105----pid-6082
---ebpf-pid----6105----pid-6082
---ebpf-pid----6105----pid-5550
---ebpf-pid----6105----pid-5550
---ebpf-pid----6105----pid-1
---ebpf-pid----6105----pid-1
---ebpf-pid----6105----pid-6105
---ebpf-pid----6105----pid-6105
---ebpf-pid----448788----pid-7255
---ebpf-pid----6105----pid-6082
---ebpf-pid----6105----pid-6082
---ebpf-pid----6105----pid-5550
---ebpf-pid----6105----pid-5550
---ebpf-pid----448788----pid-1
---ebpf-pid----6105----pid-1
---ebpf-pid----6105----pid-1
---ebpf-pid----448788----pid-448788
---ebpf-pid----448787----pid-448787
---ebpf-pid----448786----pid-448786
---ebpf-pid----448786----pid-448520
---ebpf-pid----448786----pid-1
---ebpf-pid----448788----pid-7255
---ebpf-pid----448786----pid-448786
---ebpf-pid----448788----pid-1
---ebpf-pid----448786----pid-448520
---ebpf-pid----448788----pid-448788
---ebpf-pid----448786----pid-1
---ebpf-pid----448787----pid-448520
---ebpf-pid----448788----pid-7255
---ebpf-pid----6105----pid-6105
---ebpf-pid----448788----pid-1
---ebpf-pid----448788----pid-448788
---ebpf-pid----448788----pid-7255
---ebpf-pid----6105----pid-6082
---ebpf-pid----448788----pid-1
---ebpf-pid----6105----pid-5550
---ebpf-pid----448788----pid-448788
---ebpf-pid----448788----pid-7255
---ebpf-pid----6105----pid-1
---ebpf-pid----6105----pid-6105
---ebpf-pid----448788----pid-1
---ebpf-pid----448788----pid-448788
---ebpf-pid----6105----pid-6082
---ebpf-pid----448788----pid-7255
---ebpf-pid----6105----pid-5550
---ebpf-pid----448788----pid-1
---ebpf-pid----448783----pid-448783
---ebpf-pid----6105----pid-1
---ebpf-pid----5865----pid-5865
---ebpf-pid----448783----pid-448520
---ebpf-pid----5865----pid-5550
---ebpf-pid----448783----pid-1
---ebpf-pid----5865----pid-1
---ebpf-pid----5865----pid-5865
---ebpf-pid----448787----pid-1
---ebpf-pid----6105----pid-6105
---ebpf-pid----448787----pid-448787
---ebpf-pid----5865----pid-5550
---ebpf-pid----6105----pid-6082
---ebpf-pid----448787----pid-448520
---ebpf-pid----5865----pid-1
---ebpf-pid----6105----pid-5550
---ebpf-pid----448784----pid-448784
---ebpf-pid----448787----pid-1
---ebpf-pid----6105----pid-6105
---ebpf-pid----448784----pid-448520
---ebpf-pid----6105----pid-1
---ebpf-pid----6105----pid-6105
---ebpf-pid----448784----pid-1
---ebpf-pid----6105----pid-6082
---ebpf-pid----448784----pid-448784
---ebpf-pid----6105----pid-5550
---ebpf-pid----448784----pid-448520
---ebpf-pid----448784----pid-1
---ebpf-pid----448787----pid-448787
---ebpf-pid----6105----pid-6082
---ebpf-pid----448787----pid-448520
---ebpf-pid----448787----pid-1
---ebpf-pid----6105----pid-5550
---ebpf-pid----448787----pid-448787
---ebpf-pid----6105----pid-1
---ebpf-pid----448787----pid-448520
---ebpf-pid----6105----pid-6105
---ebpf-pid----448787----pid-1
---ebpf-pid----6105----pid-6082
---ebpf-pid----5881----pid-5881
---ebpf-pid----6105----pid-5550
---ebpf-pid----5881----pid-5550
---ebpf-pid----6105----pid-1
---ebpf-pid----6105----pid-6105
---ebpf-pid----5881----pid-1
---ebpf-pid----5881----pid-5881
---ebpf-pid----6105----pid-6082
---ebpf-pid----5881----pid-5550
---ebpf-pid----6105----pid-5550
---ebpf-pid----6105----pid-1
---ebpf-pid----6105----pid-1
---ebpf-pid----6105----pid-6105
---ebpf-pid----6105----pid-6105
---ebpf-pid----5881----pid-1
---ebpf-pid----6105----pid-6082
---ebpf-pid----6105----pid-6105
---ebpf-pid----6105----pid-5550
---ebpf-pid----6105----pid-6082
---ebpf-pid----6105----pid-6082
---ebpf-pid----6105----pid-1
---ebpf-pid----6105----pid-5550
---ebpf-pid----6105----pid-6105
---ebpf-pid----6105----pid-5550
---ebpf-pid----6105----pid-1
---ebpf-pid----6105----pid-1
---ebpf-pid----377755----pid-377755
---ebpf-pid----6105----pid-6105
---ebpf-pid----6105----pid-6105
---ebpf-pid----6105----pid-6082
---ebpf-pid----377755----pid-1
---ebpf-pid----6105----pid-6082
---ebpf-pid----6105----pid-6082
---ebpf-pid----6105----pid-5550
---ebpf-pid----6105----pid-5550
---ebpf-pid----6105----pid-5550
---ebpf-pid----6105----pid-1
---ebpf-pid----6105----pid-6105
---ebpf-pid----6105----pid-1
---ebpf-pid----6105----pid-1
---ebpf-pid----448787----pid-448787
---ebpf-pid----448787----pid-448787
---ebpf-pid----6105----pid-6082
---ebpf-pid----448787----pid-448520
---ebpf-pid----448787----pid-448520
---ebpf-pid----6105----pid-5550
---ebpf-pid----448787----pid-1
---ebpf-pid----6105----pid-1
---ebpf-pid----6105----pid-6105
---ebpf-pid----6105----pid-6105
---ebpf-pid----6105----pid-6082
---ebpf-pid----448787----pid-1
---ebpf-pid----6105----pid-6082
---ebpf-pid----448787----pid-448787
---ebpf-pid----6105----pid-5550
---ebpf-pid----6105----pid-5550
---ebpf-pid----448787----pid-448520
---ebpf-pid----6105----pid-1
---ebpf-pid----6105----pid-6105
---ebpf-pid----6105----pid-1
---ebpf-pid----448787----pid-1
---ebpf-pid----448787----pid-448787
---ebpf-pid----6105----pid-6082
---ebpf-pid----6105----pid-6105
---ebpf-pid----448787----pid-448520
---ebpf-pid----6105----pid-5550
---ebpf-pid----6105----pid-6082
---ebpf-pid----448787----pid-1
---ebpf-pid----6105----pid-1
---ebpf-pid----6105----pid-6105
---ebpf-pid----448787----pid-448787
---ebpf-pid----6105----pid-6082
---ebpf-pid----448787----pid-448520
---ebpf-pid----6105----pid-5550
---ebpf-pid----6105----pid-5550
---ebpf-pid----448787----pid-1
---ebpf-pid----6105----pid-1
---ebpf-pid----6105----pid-6105
---ebpf-pid----448787----pid-448787
---ebpf-pid----6105----pid-6082
---ebpf-pid----6105----pid-1
---ebpf-pid----6105----pid-6105
---ebpf-pid----448787----pid-448520
---ebpf-pid----6105----pid-6082
---ebpf-pid----6105----pid-5550
---ebpf-pid----6105----pid-5550
---ebpf-pid----448787----pid-1
---ebpf-pid----6105----pid-6105
---ebpf-pid----6105----pid-6082
---ebpf-pid----6105----pid-5550
---ebpf-pid----6105----pid-1
---ebpf-pid----6105----pid-6105
---ebpf-pid----6105----pid-6082
---ebpf-pid----6105----pid-5550
---ebpf-pid----6105----pid-1
---ebpf-pid----6105----pid-6105
---ebpf-pid----6105----pid-6082
---ebpf-pid----6105----pid-5550
---ebpf-pid----6105----pid-1
---ebpf-pid----6105----pid-6105
---ebpf-pid----6105----pid-6082
---ebpf-pid----6105----pid-5550
---ebpf-pid----6105----pid-1
---ebpf-pid----6105----pid-6105
---ebpf-pid----6105----pid-6082
---ebpf-pid----6105----pid-5550
---ebpf-pid----6105----pid-1
---ebpf-pid----6105----pid-1
---ebpf-pid----5881----pid-5881
---ebpf-pid----5881----pid-5550
---ebpf-pid----5881----pid-1
---ebpf-pid----5881----pid-5881
---ebpf-pid----5881----pid-5550
---ebpf-pid----5881----pid-1
---ebpf-pid----6105----pid-6105
---ebpf-pid----6105----pid-6082
---ebpf-pid----6105----pid-5550
---ebpf-pid----6105----pid-1
---ebpf-pid----6105----pid-6105
---ebpf-pid----6105----pid-1
---ebpf-pid----6105----pid-6105
---ebpf-pid----6105----pid-6082
---ebpf-pid----6105----pid-6082
---ebpf-pid----6105----pid-5550
---ebpf-pid----6105----pid-1
---ebpf-pid----6105----pid-5550
---ebpf-pid----448787----pid-448787
---ebpf-pid----6105----pid-1
---ebpf-pid----448787----pid-448520
---ebpf-pid----6105----pid-6105
---ebpf-pid----448787----pid-1
---ebpf-pid----448787----pid-448787
---ebpf-pid----6105----pid-6082
---ebpf-pid----448787----pid-448520
---ebpf-pid----6105----pid-5550
---ebpf-pid----448787----pid-1
---ebpf-pid----6105----pid-6105
---ebpf-pid----6105----pid-1
---ebpf-pid----6105----pid-6082
---ebpf-pid----6105----pid-6105
---ebpf-pid----6105----pid-6082
---ebpf-pid----6105----pid-5550
---ebpf-pid----6105----pid-5550
---ebpf-pid----6105----pid-1
---ebpf-pid----6105----pid-6105
---ebpf-pid----6105----pid-1
---ebpf-pid----5865----pid-5865
---ebpf-pid----6105----pid-6082
---ebpf-pid----5865----pid-5550
---ebpf-pid----6105----pid-5550
---ebpf-pid----5865----pid-1
---ebpf-pid----6105----pid-1
---ebpf-pid----6105----pid-6105
---ebpf-pid----5881----pid-5881
---ebpf-pid----6105----pid-6082
---ebpf-pid----5881----pid-5550
---ebpf-pid----6105----pid-5550
---ebpf-pid----5881----pid-1
---ebpf-pid----5881----pid-5881
---ebpf-pid----6105----pid-1
---ebpf-pid----448770----pid-448770
---ebpf-pid----5881----pid-5550
---ebpf-pid----448770----pid-448520
---ebpf-pid----5881----pid-1
---ebpf-pid----6105----pid-6105
---ebpf-pid----448770----pid-1
---ebpf-pid----448770----pid-448770
---ebpf-pid----6105----pid-6082
---ebpf-pid----6105----pid-5550
---ebpf-pid----448770----pid-448520
---ebpf-pid----6105----pid-1
---ebpf-pid----6105----pid-6105
---ebpf-pid----448770----pid-1
---ebpf-pid----448770----pid-448770
---ebpf-pid----6105----pid-6082
---ebpf-pid----6105----pid-5550
---ebpf-pid----6105----pid-1
---ebpf-pid----448770----pid-448520
---ebpf-pid----448787----pid-448787
---ebpf-pid----448770----pid-1
---ebpf-pid----448785----pid-448785
---ebpf-pid----448787----pid-448520
---ebpf-pid----448787----pid-1
---ebpf-pid----448787----pid-448787
---ebpf-pid----448787----pid-448520
---ebpf-pid----448785----pid-448520
---ebpf-pid----448787----pid-1
---ebpf-pid----6105----pid-6105
---ebpf-pid----448786----pid-448786
---ebpf-pid----6105----pid-6082
---ebpf-pid----6105----pid-5550
---ebpf-pid----6105----pid-1
---ebpf-pid----448786----pid-448520
---ebpf-pid----6105----pid-6105
---ebpf-pid----448785----pid-1
---ebpf-pid----448785----pid-448785
---ebpf-pid----448786----pid-1
---ebpf-pid----6105----pid-6082
---ebpf-pid----448786----pid-448786
---ebpf-pid----6105----pid-5550
---ebpf-pid----448786----pid-448520
---ebpf-pid----6105----pid-1
---ebpf-pid----448786----pid-1
---ebpf-pid----6105----pid-6105
---ebpf-pid----6105----pid-6082
---ebpf-pid----6105----pid-5550
---ebpf-pid----448785----pid-448520
---ebpf-pid----6105----pid-1
---ebpf-pid----448785----pid-1
---ebpf-pid----6105----pid-6105
---ebpf-pid----5316----pid-5316
---ebpf-pid----6105----pid-6082
---ebpf-pid----5316----pid-4164
---ebpf-pid----6105----pid-5550
---ebpf-pid----5316----pid-3417
---ebpf-pid----6105----pid-1
---ebpf-pid----448782----pid-448782
---ebpf-pid----5316----pid-1
---ebpf-pid----6105----pid-6105
---ebpf-pid----448782----pid-448520
---ebpf-pid----6105----pid-6082
---ebpf-pid----448782----pid-1
---ebpf-pid----6105----pid-5550
---ebpf-pid----448546----pid-448546
---ebpf-pid----6105----pid-1
---ebpf-pid----448546----pid-1
---ebpf-pid----6105----pid-6105
---ebpf-pid----5881----pid-5881
---ebpf-pid----6105----pid-6082
---ebpf-pid----6105----pid-5550
---ebpf-pid----6105----pid-1
---ebpf-pid----6105----pid-6105
---ebpf-pid----5881----pid-5550
---ebpf-pid----5881----pid-1
---ebpf-pid----5881----pid-5881
---ebpf-pid----5881----pid-5550
---ebpf-pid----9299----pid-9299
---ebpf-pid----9299----pid-7255
---ebpf-pid----5881----pid-1
---ebpf-pid----9299----pid-1
---ebpf-pid----5881----pid-5881
---ebpf-pid----6105----pid-6082
---ebpf-pid----5881----pid-5550
---ebpf-pid----6105----pid-5550
---ebpf-pid----6105----pid-1
---ebpf-pid----6105----pid-6105
---ebpf-pid----5881----pid-1
---ebpf-pid----448793----pid-448793
---ebpf-pid----5881----pid-5881
---ebpf-pid----448793----pid-7255
---ebpf-pid----448793----pid-1
---ebpf-pid----448793----pid-448793
---ebpf-pid----448793----pid-7255
---ebpf-pid----448793----pid-1
---ebpf-pid----448458----pid-448458
---ebpf-pid----448458----pid-8974
---ebpf-pid----448458----pid-7431
---ebpf-pid----448458----pid-1
---ebpf-pid----448458----pid-448458
---ebpf-pid----6105----pid-6082
---ebpf-pid----448458----pid-8974
---ebpf-pid----6105----pid-5550
---ebpf-pid----5881----pid-5550
---ebpf-pid----5881----pid-1
---ebpf-pid----5891----pid-5891
---ebpf-pid----6105----pid-1
---ebpf-pid----448458----pid-7431
---ebpf-pid----448458----pid-1
---ebpf-pid----448458----pid-448458
---ebpf-pid----5891----pid-5550
---ebpf-pid----448458----pid-8974
---ebpf-pid----448458----pid-7431
---ebpf-pid----448458----pid-1
---ebpf-pid----448458----pid-448458
---ebpf-pid----448458----pid-8974
---ebpf-pid----448458----pid-7431
---ebpf-pid----448458----pid-1
---ebpf-pid----448793----pid-448793
---ebpf-pid----6105----pid-6105
---ebpf-pid----448793----pid-7255
---ebpf-pid----6105----pid-6082
---ebpf-pid----448793----pid-1
---ebpf-pid----448793----pid-448793
---ebpf-pid----6105----pid-5550
---ebpf-pid----448793----pid-7255
---ebpf-pid----6105----pid-1
---ebpf-pid----6105----pid-6105
---ebpf-pid----448793----pid-1
---ebpf-pid----6105----pid-6082
---ebpf-pid----448793----pid-448793
---ebpf-pid----6105----pid-5550
---ebpf-pid----6105----pid-1
---ebpf-pid----448793----pid-7255
---ebpf-pid----448458----pid-448458
---ebpf-pid----448793----pid-1
---ebpf-pid----448793----pid-448793
---ebpf-pid----448793----pid-7255
---ebpf-pid----5891----pid-1
---ebpf-pid----448793----pid-1
---ebpf-pid----448793----pid-448793
---ebpf-pid----448786----pid-448786
---ebpf-pid----448793----pid-7255
---ebpf-pid----448793----pid-1
---ebpf-pid----448793----pid-448793
---ebpf-pid----448458----pid-8974
---ebpf-pid----448786----pid-448520
---ebpf-pid----448793----pid-7255
---ebpf-pid----448793----pid-1
---ebpf-pid----448793----pid-448793
---ebpf-pid----448786----pid-1
---ebpf-pid----448793----pid-7255
---ebpf-pid----448786----pid-448786
---ebpf-pid----448793----pid-1
---ebpf-pid----448793----pid-448793
---ebpf-pid----448786----pid-448520
---ebpf-pid----448793----pid-7255
---ebpf-pid----448793----pid-1
---ebpf-pid----448793----pid-448793
---ebpf-pid----448786----pid-1
---ebpf-pid----448793----pid-7255
---ebpf-pid----448786----pid-448786
---ebpf-pid----448793----pid-1
---ebpf-pid----448786----pid-448520
---ebpf-pid----448793----pid-448793
---ebpf-pid----448786----pid-1
---ebpf-pid----448793----pid-7255
Failed to get process information for PID 0
---ebpf-pid----448793----pid-1
---ebpf-pid----448793----pid-448793
---ebpf-pid----448793----pid-7255
---ebpf-pid----448793----pid-1
---ebpf-pid----448793----pid-448793
---ebpf-pid----448793----pid-7255
---ebpf-pid----448793----pid-1
---ebpf-pid----448458----pid-448458
---ebpf-pid----448458----pid-8974
---ebpf-pid----448458----pid-7431
---ebpf-pid----448458----pid-1
---ebpf-pid----448458----pid-448458
---ebpf-pid----448786----pid-448786
---ebpf-pid----448458----pid-7431
---ebpf-pid----448786----pid-448520
---ebpf-pid----448458----pid-1
---ebpf-pid----448786----pid-1
---ebpf-pid----448790----pid-448790
---ebpf-pid----448458----pid-448458
---ebpf-pid----448458----pid-8974
---ebpf-pid----448458----pid-7431
---ebpf-pid----448458----pid-1
---ebpf-pid----448790----pid-7255
---ebpf-pid----448790----pid-448790
---ebpf-pid----448790----pid-7255
---ebpf-pid----448458----pid-8974
---ebpf-pid----448458----pid-7431
---ebpf-pid----448458----pid-1
---ebpf-pid----448790----pid-1
---ebpf-pid----448790----pid-448790
---ebpf-pid----448790----pid-1
---ebpf-pid----448790----pid-7255
---ebpf-pid----448790----pid-448790
---ebpf-pid----448790----pid-1
---ebpf-pid----4716----pid-4716
---ebpf-pid----448790----pid-7255
---ebpf-pid----448790----pid-1
---ebpf-pid----4716----pid-3323
---ebpf-pid----448458----pid-448458
---ebpf-pid----4716----pid-1
---ebpf-pid----5891----pid-5891
---ebpf-pid----448458----pid-8974
---ebpf-pid----5891----pid-5550
---ebpf-pid----448458----pid-7431
---ebpf-pid----5891----pid-1
---ebpf-pid----448458----pid-1
---ebpf-pid----448458----pid-448458
---ebpf-pid----448770----pid-448770
---ebpf-pid----448458----pid-8974
---ebpf-pid----448770----pid-448520
---ebpf-pid----448458----pid-7431
---ebpf-pid----448770----pid-1
---ebpf-pid----448770----pid-448770
---ebpf-pid----448770----pid-448520
---ebpf-pid----448770----pid-1
---ebpf-pid----448770----pid-448770
---ebpf-pid----448770----pid-448520
---ebpf-pid----448770----pid-1
---ebpf-pid----448785----pid-448785
---ebpf-pid----448785----pid-448520
---ebpf-pid----448785----pid-1
---ebpf-pid----448785----pid-448785
---ebpf-pid----448785----pid-448520
---ebpf-pid----448785----pid-1
---ebpf-pid----448458----pid-1
---ebpf-pid----448785----pid-448785
---ebpf-pid----6105----pid-6105
---ebpf-pid----448785----pid-448520
---ebpf-pid----6105----pid-6082
---ebpf-pid----448785----pid-1
---ebpf-pid----448785----pid-448785
---ebpf-pid----448785----pid-448520
---ebpf-pid----6105----pid-5550
---ebpf-pid----448785----pid-1
---ebpf-pid----6105----pid-1
---ebpf-pid----448783----pid-448783
---ebpf-pid----448790----pid-448790
---ebpf-pid----448790----pid-7255
---ebpf-pid----448783----pid-448520
---ebpf-pid----448783----pid-1
---ebpf-pid----448785----pid-448785
---ebpf-pid----448785----pid-448785
---ebpf-pid----448785----pid-448520
---ebpf-pid----448790----pid-1
---ebpf-pid----448790----pid-448790
---ebpf-pid----448785----pid-448520
---ebpf-pid----448785----pid-1
---ebpf-pid----448790----pid-7255
---ebpf-pid----448785----pid-1
---ebpf-pid----448790----pid-1
---ebpf-pid----448785----pid-448785
---ebpf-pid----448790----pid-448790
---ebpf-pid----448785----pid-448520
---ebpf-pid----448790----pid-7255
---ebpf-pid----448785----pid-1
---ebpf-pid----448790----pid-1
---ebpf-pid----448785----pid-448785
---ebpf-pid----448790----pid-448790
---ebpf-pid----448785----pid-448520
---ebpf-pid----448790----pid-7255
---ebpf-pid----448785----pid-1
---ebpf-pid----448790----pid-1
---ebpf-pid----9299----pid-9299
---ebpf-pid----448546----pid-448546
---ebpf-pid----9299----pid-7255
---ebpf-pid----448546----pid-1
---ebpf-pid----6105----pid-6105
---ebpf-pid----9299----pid-1
---ebpf-pid----9299----pid-9299
---ebpf-pid----9299----pid-7255
---ebpf-pid----6105----pid-6082
---ebpf-pid----9299----pid-1
---ebpf-pid----9299----pid-9299
---ebpf-pid----6105----pid-5550
Failed to get process information for PID 0
---ebpf-pid----9299----pid-7255
---ebpf-pid----6105----pid-1
---ebpf-pid----9299----pid-1
---ebpf-pid----448786----pid-448786
---ebpf-pid----9299----pid-9299
---ebpf-pid----9299----pid-7255
---ebpf-pid----448786----pid-448520
---ebpf-pid----9299----pid-1
---ebpf-pid----9299----pid-9299
---ebpf-pid----448786----pid-1
---ebpf-pid----448786----pid-448786
---ebpf-pid----9299----pid-7255
---ebpf-pid----448786----pid-448520
---ebpf-pid----9299----pid-1
---ebpf-pid----448786----pid-1
---ebpf-pid----9299----pid-9299
---ebpf-pid----6105----pid-6105
---ebpf-pid----9299----pid-7255
---ebpf-pid----6105----pid-6082
---ebpf-pid----9299----pid-1
---ebpf-pid----9299----pid-9299
---ebpf-pid----6105----pid-5550
---ebpf-pid----9299----pid-7255
---ebpf-pid----6105----pid-1
---ebpf-pid----6105----pid-6105
---ebpf-pid----6105----pid-6082
---ebpf-pid----6105----pid-5550
---ebpf-pid----9299----pid-1
---ebpf-pid----6105----pid-1
---ebpf-pid----6105----pid-6105
---ebpf-pid----9299----pid-9299
---ebpf-pid----6105----pid-6082
---ebpf-pid----6105----pid-5550
---ebpf-pid----9299----pid-7255
---ebpf-pid----6105----pid-1
---ebpf-pid----6105----pid-6105
---ebpf-pid----9299----pid-1
---ebpf-pid----6105----pid-6082
---ebpf-pid----9299----pid-9299
---ebpf-pid----9299----pid-7255
---ebpf-pid----6105----pid-5550
---ebpf-pid----9299----pid-1
---ebpf-pid----9299----pid-9299
---ebpf-pid----6105----pid-1
---ebpf-pid----9299----pid-7255
---ebpf-pid----448458----pid-448458
---ebpf-pid----9299----pid-1
---ebpf-pid----448787----pid-448787
---ebpf-pid----448458----pid-8974
---ebpf-pid----448787----pid-448520
---ebpf-pid----448787----pid-1
---ebpf-pid----448787----pid-448787
---ebpf-pid----448458----pid-7431
---ebpf-pid----448787----pid-448520
---ebpf-pid----448787----pid-1
---ebpf-pid----5891----pid-5891
---ebpf-pid----5891----pid-5550
---ebpf-pid----5891----pid-5891
---ebpf-pid----448458----pid-1
---ebpf-pid----5891----pid-5550
---ebpf-pid----448458----pid-448458
---ebpf-pid----5891----pid-1
---ebpf-pid----5891----pid-1
---ebpf-pid----448458----pid-8974
---ebpf-pid----448458----pid-7431
---ebpf-pid----448458----pid-1
---ebpf-pid----9298----pid-9298
---ebpf-pid----5891----pid-5891
---ebpf-pid----9298----pid-7255
---ebpf-pid----9298----pid-1
---ebpf-pid----9298----pid-9298
---ebpf-pid----9298----pid-7255
---ebpf-pid----9298----pid-1
---ebpf-pid----5891----pid-5550
---ebpf-pid----448785----pid-448785
---ebpf-pid----5891----pid-1
---ebpf-pid----448787----pid-448787
---ebpf-pid----448785----pid-448520
---ebpf-pid----448787----pid-448520
---ebpf-pid----448785----pid-1
---ebpf-pid----448787----pid-1
---ebpf-pid----9298----pid-9298
---ebpf-pid----448787----pid-448787
---ebpf-pid----9298----pid-7255
---ebpf-pid----448787----pid-448520
---ebpf-pid----9298----pid-1
---ebpf-pid----448787----pid-1
---ebpf-pid----9298----pid-9298
---ebpf-pid----5891----pid-5891
---ebpf-pid----448788----pid-448788
---ebpf-pid----5891----pid-5550
---ebpf-pid----9298----pid-7255
---ebpf-pid----5891----pid-1
---ebpf-pid----9298----pid-1
---ebpf-pid----5881----pid-5881
---ebpf-pid----448785----pid-448785
---ebpf-pid----5881----pid-5550
---ebpf-pid----448785----pid-448520
---ebpf-pid----448785----pid-1
---ebpf-pid----5881----pid-1
---ebpf-pid----448788----pid-7255
---ebpf-pid----448784----pid-448784
---ebpf-pid----448787----pid-448787
---ebpf-pid----448788----pid-1
---ebpf-pid----448784----pid-448520
---ebpf-pid----448787----pid-448520
---ebpf-pid----448788----pid-448788
---ebpf-pid----448784----pid-1
---ebpf-pid----448787----pid-1
---ebpf-pid----448788----pid-7255
---ebpf-pid----6105----pid-6105
---ebpf-pid----448787----pid-448787
---ebpf-pid----6105----pid-6082
---ebpf-pid----448788----pid-1
---ebpf-pid----448787----pid-448520
---ebpf-pid----448458----pid-448458
---ebpf-pid----6105----pid-5550
---ebpf-pid----448787----pid-1
---ebpf-pid----448458----pid-8974
---ebpf-pid----6105----pid-1
---ebpf-pid----5891----pid-5891
---ebpf-pid----6105----pid-6105
---ebpf-pid----448458----pid-7431
---ebpf-pid----5891----pid-5550
---ebpf-pid----6105----pid-6082
---ebpf-pid----5891----pid-1
---ebpf-pid----5891----pid-5891
---ebpf-pid----6105----pid-5550
---ebpf-pid----448458----pid-1
---ebpf-pid----448458----pid-448458
---ebpf-pid----5891----pid-5550
---ebpf-pid----6105----pid-1
---ebpf-pid----6105----pid-6105
---ebpf-pid----448458----pid-8974
---ebpf-pid----5891----pid-1
---ebpf-pid----448787----pid-448787
---ebpf-pid----6105----pid-6082
---ebpf-pid----448458----pid-7431
---ebpf-pid----6105----pid-5550
---ebpf-pid----448787----pid-448520
---ebpf-pid----448458----pid-1
---ebpf-pid----448788----pid-448788
---ebpf-pid----448787----pid-1
---ebpf-pid----6105----pid-6105
---ebpf-pid----6105----pid-1
---ebpf-pid----6105----pid-6082
---ebpf-pid----448788----pid-7255
---ebpf-pid----6105----pid-6105
---ebpf-pid----6105----pid-5550
Failed to get process information for PID 0
---ebpf-pid----6105----pid-1
---ebpf-pid----448788----pid-1
---ebpf-pid----6105----pid-6082
---ebpf-pid----448788----pid-448788
---ebpf-pid----6105----pid-5550
---ebpf-pid----448787----pid-448787
---ebpf-pid----448788----pid-7255
---ebpf-pid----448787----pid-448520
---ebpf-pid----448788----pid-1
---ebpf-pid----448787----pid-1
---ebpf-pid----448458----pid-448458
---ebpf-pid----6105----pid-6105
---ebpf-pid----448458----pid-8974
---ebpf-pid----6105----pid-6082
---ebpf-pid----448458----pid-7431
---ebpf-pid----6105----pid-5550
---ebpf-pid----448458----pid-1
---ebpf-pid----448458----pid-448458
---ebpf-pid----6105----pid-1
---ebpf-pid----448458----pid-8974
---ebpf-pid----448793----pid-448793
---ebpf-pid----448458----pid-7431
---ebpf-pid----448458----pid-1
---ebpf-pid----448788----pid-448788
---ebpf-pid----448793----pid-7255
---ebpf-pid----448788----pid-7255
---ebpf-pid----448788----pid-1
---ebpf-pid----448788----pid-448788
---ebpf-pid----448793----pid-1
---ebpf-pid----448788----pid-7255
---ebpf-pid----448793----pid-448793
---ebpf-pid----448788----pid-1
---ebpf-pid----6105----pid-1
---ebpf-pid----448788----pid-448788
---ebpf-pid----448788----pid-7255
---ebpf-pid----448793----pid-7255
---ebpf-pid----448788----pid-1
---ebpf-pid----448788----pid-448788
---ebpf-pid----448793----pid-1
---ebpf-pid----448458----pid-448458
---ebpf-pid----448788----pid-7255
---ebpf-pid----448458----pid-8974
---ebpf-pid----448788----pid-1
---ebpf-pid----448788----pid-448788
---ebpf-pid----448458----pid-7431
---ebpf-pid----448788----pid-7255
---ebpf-pid----448458----pid-1
---ebpf-pid----448458----pid-448458
---ebpf-pid----448788----pid-1
---ebpf-pid----448788----pid-448788
---ebpf-pid----448458----pid-8974
---ebpf-pid----448788----pid-7255
---ebpf-pid----448458----pid-7431
---ebpf-pid----448788----pid-1
---ebpf-pid----448458----pid-1
---ebpf-pid----448788----pid-448788
---ebpf-pid----448785----pid-448785
---ebpf-pid----448788----pid-7255
---ebpf-pid----6105----pid-6105
---ebpf-pid----448788----pid-1
---ebpf-pid----6105----pid-6082
---ebpf-pid----448788----pid-448788
---ebpf-pid----6105----pid-5550
---ebpf-pid----448788----pid-7255
---ebpf-pid----448785----pid-448520
---ebpf-pid----448788----pid-1
---ebpf-pid----6105----pid-1
---ebpf-pid----448458----pid-448458
---ebpf-pid----448787----pid-448787
---ebpf-pid----448458----pid-8974
---ebpf-pid----448787----pid-448520
---ebpf-pid----448785----pid-1
---ebpf-pid----448458----pid-7431
---ebpf-pid----448787----pid-1
---ebpf-pid----6105----pid-6105
---ebpf-pid----6105----pid-6105
---ebpf-pid----448458----pid-1
---ebpf-pid----6105----pid-6082
---ebpf-pid----448458----pid-448458
---ebpf-pid----6105----pid-5550
---ebpf-pid----448458----pid-8974
---ebpf-pid----6105----pid-6082
---ebpf-pid----448458----pid-7431
---ebpf-pid----6105----pid-1
---ebpf-pid----6105----pid-6105
---ebpf-pid----448458----pid-1
---ebpf-pid----9296----pid-9296
---ebpf-pid----6105----pid-5550
---ebpf-pid----6105----pid-6082
---ebpf-pid----9296----pid-7255
---ebpf-pid----6105----pid-5550
---ebpf-pid----9296----pid-1
---ebpf-pid----6105----pid-1
---ebpf-pid----9296----pid-9296
---ebpf-pid----6105----pid-6105
---ebpf-pid----6105----pid-1
---ebpf-pid----9296----pid-7255
---ebpf-pid----6105----pid-6082
---ebpf-pid----9296----pid-1
---ebpf-pid----6105----pid-5550
---ebpf-pid----448783----pid-448783
Failed to get process information for PID 0
---ebpf-pid----6105----pid-1
---ebpf-pid----448783----pid-448520
---ebpf-pid----6105----pid-6105
---ebpf-pid----6105----pid-6105
---ebpf-pid----448783----pid-1
---ebpf-pid----6105----pid-6082
---ebpf-pid----6105----pid-6082
---ebpf-pid----6105----pid-5550
---ebpf-pid----6105----pid-5550
---ebpf-pid----6105----pid-1
---ebpf-pid----448770----pid-448770
---ebpf-pid----6105----pid-1
---ebpf-pid----6105----pid-6105
---ebpf-pid----448770----pid-448520
---ebpf-pid----6105----pid-6082
---ebpf-pid----448770----pid-1
---ebpf-pid----448770----pid-448770
---ebpf-pid----6105----pid-5550
---ebpf-pid----448770----pid-448520
---ebpf-pid----6105----pid-1
---ebpf-pid----6105----pid-6105
---ebpf-pid----448770----pid-1
---ebpf-pid----6105----pid-6082
---ebpf-pid----448770----pid-448770
---ebpf-pid----6105----pid-5550
---ebpf-pid----448770----pid-448520
---ebpf-pid----6105----pid-1
---ebpf-pid----6105----pid-6105
---ebpf-pid----448770----pid-1
---ebpf-pid----448785----pid-448785
---ebpf-pid----6105----pid-6082
---ebpf-pid----6105----pid-5550
---ebpf-pid----448785----pid-448520
---ebpf-pid----6105----pid-1
---ebpf-pid----448785----pid-1
---ebpf-pid----6105----pid-6105
---ebpf-pid----448785----pid-448785
---ebpf-pid----6105----pid-6082
---ebpf-pid----448785----pid-448520
---ebpf-pid----6105----pid-5550
---ebpf-pid----448785----pid-1
---ebpf-pid----6105----pid-1
---ebpf-pid----6105----pid-6105
---ebpf-pid----448782----pid-448782
---ebpf-pid----6105----pid-6082
---ebpf-pid----448782----pid-448520
---ebpf-pid----448782----pid-1
---ebpf-pid----6105----pid-5550
---ebpf-pid----9296----pid-9296
---ebpf-pid----9296----pid-7255
---ebpf-pid----6105----pid-1
---ebpf-pid----9296----pid-1
---ebpf-pid----9296----pid-9296
---ebpf-pid----9296----pid-7255
---ebpf-pid----448786----pid-448786
---ebpf-pid----9296----pid-1
---ebpf-pid----5881----pid-5881
---ebpf-pid----6105----pid-6105
---ebpf-pid----5881----pid-5550
---ebpf-pid----6105----pid-6082
---ebpf-pid----5881----pid-1
---ebpf-pid----6105----pid-5550
---ebpf-pid----5881----pid-5881
---ebpf-pid----6105----pid-1
---ebpf-pid----5881----pid-5550
---ebpf-pid----6105----pid-6105
---ebpf-pid----5881----pid-1
---ebpf-pid----6105----pid-6082
---ebpf-pid----6105----pid-5550
---ebpf-pid----448786----pid-448520
---ebpf-pid----6105----pid-1
---ebpf-pid----6105----pid-6105
---ebpf-pid----448786----pid-1
---ebpf-pid----6105----pid-6082
---ebpf-pid----448786----pid-448786
---ebpf-pid----6105----pid-5550
---ebpf-pid----448786----pid-448520
---ebpf-pid----6105----pid-1
---ebpf-pid----448786----pid-1
---ebpf-pid----6105----pid-6105
---ebpf-pid----6105----pid-6105
---ebpf-pid----6105----pid-6082
---ebpf-pid----6105----pid-6082
---ebpf-pid----6105----pid-5550
---ebpf-pid----6105----pid-5550
---ebpf-pid----6105----pid-1
---ebpf-pid----448787----pid-448787
---ebpf-pid----6105----pid-1
---ebpf-pid----6105----pid-6105
---ebpf-pid----448787----pid-448520
---ebpf-pid----6105----pid-6082
---ebpf-pid----448787----pid-1
---ebpf-pid----6105----pid-5550
---ebpf-pid----6105----pid-6105
---ebpf-pid----6105----pid-1
---ebpf-pid----6105----pid-6105
---ebpf-pid----6105----pid-6082
---ebpf-pid----6105----pid-6082
---ebpf-pid----6105----pid-5550
---ebpf-pid----6105----pid-5550
---ebpf-pid----6105----pid-1
---ebpf-pid----6105----pid-6105
---ebpf-pid----6105----pid-1
---ebpf-pid----6105----pid-6105
---ebpf-pid----6105----pid-6082
---ebpf-pid----6105----pid-6082
---ebpf-pid----6105----pid-5550
---ebpf-pid----6105----pid-5550
---ebpf-pid----6105----pid-1
---ebpf-pid----6105----pid-6105
---ebpf-pid----6105----pid-1
---ebpf-pid----6105----pid-6082
---ebpf-pid----6105----pid-5550
---ebpf-pid----5891----pid-5891
---ebpf-pid----6105----pid-1
---ebpf-pid----6105----pid-6105
---ebpf-pid----5891----pid-5550
---ebpf-pid----6105----pid-6082
---ebpf-pid----5891----pid-1
---ebpf-pid----6105----pid-5550
---ebpf-pid----6105----pid-6105
---ebpf-pid----6105----pid-6082
---ebpf-pid----6105----pid-1
---ebpf-pid----6105----pid-6105
---ebpf-pid----6105----pid-5550
---ebpf-pid----6105----pid-6082
---ebpf-pid----6105----pid-1
---ebpf-pid----6105----pid-5550
---ebpf-pid----6105----pid-1
---ebpf-pid----6105----pid-6105
---ebpf-pid----6105----pid-6082
---ebpf-pid----6105----pid-5550
---ebpf-pid----6105----pid-1
---ebpf-pid----448787----pid-448787
---ebpf-pid----7313----pid-7313
---ebpf-pid----448787----pid-448520
---ebpf-pid----448787----pid-1
---ebpf-pid----448787----pid-448787
---ebpf-pid----7313----pid-1
---ebpf-pid----6105----pid-6105
---ebpf-pid----448787----pid-448520
---ebpf-pid----6105----pid-6082
---ebpf-pid----448787----pid-1
---ebpf-pid----6105----pid-5550
---ebpf-pid----6105----pid-6105
---ebpf-pid----6105----pid-1
---ebpf-pid----6105----pid-6082
---ebpf-pid----6105----pid-5550
---ebpf-pid----6105----pid-1
---ebpf-pid----6105----pid-6105
---ebpf-pid----6105----pid-6082
---ebpf-pid----6105----pid-5550
---ebpf-pid----6105----pid-1
---ebpf-pid----6105----pid-6105
---ebpf-pid----6105----pid-6105
---ebpf-pid----6105----pid-6082
---ebpf-pid----6105----pid-6082
---ebpf-pid----6105----pid-5550
---ebpf-pid----6105----pid-5550
---ebpf-pid----6105----pid-1
---ebpf-pid----6105----pid-1
---ebpf-pid----6105----pid-6105
---ebpf-pid----6105----pid-6082
---ebpf-pid----6105----pid-5550
---ebpf-pid----6105----pid-1
---ebpf-pid----6105----pid-6105
---ebpf-pid----6105----pid-6082
---ebpf-pid----6105----pid-5550
---ebpf-pid----6105----pid-1
Failed to get process information for PID 0
---ebpf-pid----377755----pid-377755
---ebpf-pid----377755----pid-1
---ebpf-pid----6105----pid-6105
Failed to get process information for PID 0
---ebpf-pid----6105----pid-6082
---ebpf-pid----6105----pid-5550
---ebpf-pid----6105----pid-1
---ebpf-pid----448787----pid-448787
---ebpf-pid----448787----pid-448520
---ebpf-pid----448787----pid-1
---ebpf-pid----448787----pid-448787
---ebpf-pid----448787----pid-448520
---ebpf-pid----448787----pid-1
---ebpf-pid----6105----pid-6105
---ebpf-pid----6105----pid-6082
---ebpf-pid----6105----pid-5550
---ebpf-pid----6105----pid-1
---ebpf-pid----6105----pid-6105
---ebpf-pid----6105----pid-6082
---ebpf-pid----6105----pid-5550
---ebpf-pid----6105----pid-1
---ebpf-pid----6105----pid-6105
---ebpf-pid----6105----pid-6082
---ebpf-pid----6105----pid-5550
---ebpf-pid----6105----pid-1
---ebpf-pid----448786----pid-448786
---ebpf-pid----448786----pid-448520
---ebpf-pid----448786----pid-1
---ebpf-pid----6105----pid-6105
---ebpf-pid----448784----pid-448784
---ebpf-pid----6105----pid-6082
---ebpf-pid----6105----pid-5550
---ebpf-pid----448784----pid-448520
---ebpf-pid----6105----pid-1
---ebpf-pid----448784----pid-1
---ebpf-pid----448786----pid-448786
---ebpf-pid----448786----pid-448520
---ebpf-pid----448786----pid-1
---ebpf-pid----448770----pid-448770
---ebpf-pid----6105----pid-6105
---ebpf-pid----448770----pid-448520
---ebpf-pid----448770----pid-1
---ebpf-pid----6105----pid-6082
---ebpf-pid----448770----pid-448770
---ebpf-pid----6105----pid-5550
---ebpf-pid----6105----pid-1
---ebpf-pid----5879----pid-5879
---ebpf-pid----448770----pid-448520
---ebpf-pid----5879----pid-5550
---ebpf-pid----448770----pid-1
---ebpf-pid----5879----pid-1
---ebpf-pid----448770----pid-448770
---ebpf-pid----5879----pid-5879
---ebpf-pid----5879----pid-5550
---ebpf-pid----448770----pid-448520
---ebpf-pid----5879----pid-1
---ebpf-pid----6105----pid-6105
---ebpf-pid----6105----pid-6082
---ebpf-pid----448770----pid-1
---ebpf-pid----6105----pid-5550
---ebpf-pid----6105----pid-1
---ebpf-pid----6105----pid-6105
---ebpf-pid----6105----pid-6082
---ebpf-pid----6105----pid-5550
---ebpf-pid----448783----pid-448783
---ebpf-pid----448783----pid-448520
---ebpf-pid----448783----pid-1
---ebpf-pid----448783----pid-448783
---ebpf-pid----448783----pid-448520
---ebpf-pid----448783----pid-1
---ebpf-pid----448783----pid-448783
---ebpf-pid----448783----pid-448520
---ebpf-pid----448783----pid-1
---ebpf-pid----448783----pid-448783
---ebpf-pid----448789----pid-448789
---ebpf-pid----448783----pid-448520
---ebpf-pid----448789----pid-7255
---ebpf-pid----448789----pid-448789
---ebpf-pid----448789----pid-1
---ebpf-pid----448789----pid-7255
---ebpf-pid----448789----pid-448789
---ebpf-pid----448789----pid-1
---ebpf-pid----448789----pid-448789
---ebpf-pid----448789----pid-7255
---ebpf-pid----448789----pid-7255
---ebpf-pid----6105----pid-1
---ebpf-pid----448789----pid-1
---ebpf-pid----448786----pid-448786
---ebpf-pid----448458----pid-448458
---ebpf-pid----448783----pid-1
---ebpf-pid----448458----pid-8974
---ebpf-pid----448786----pid-448520
---ebpf-pid----448789----pid-1
---ebpf-pid----448458----pid-7431
---ebpf-pid----448786----pid-1
---ebpf-pid----6105----pid-6105
---ebpf-pid----448458----pid-1
---ebpf-pid----448458----pid-448458
---ebpf-pid----6105----pid-6082
---ebpf-pid----448458----pid-8974
---ebpf-pid----6105----pid-5550
---ebpf-pid----448458----pid-7431
---ebpf-pid----6105----pid-1
---ebpf-pid----5879----pid-5879
---ebpf-pid----448458----pid-1
---ebpf-pid----5879----pid-5550
---ebpf-pid----5879----pid-1
---ebpf-pid----6105----pid-6105
---ebpf-pid----6105----pid-6082
---ebpf-pid----6105----pid-5550
---ebpf-pid----6105----pid-1
---ebpf-pid----448786----pid-448786
---ebpf-pid----448786----pid-448520
---ebpf-pid----448786----pid-1
---ebpf-pid----6105----pid-6105
---ebpf-pid----6105----pid-6082
---ebpf-pid----6105----pid-5550
---ebpf-pid----6105----pid-1
---ebpf-pid----448786----pid-448786
---ebpf-pid----448786----pid-448520
---ebpf-pid----448786----pid-1
---ebpf-pid----448786----pid-448786
---ebpf-pid----448786----pid-448520
---ebpf-pid----448786----pid-1
---ebpf-pid----6105----pid-6105
---ebpf-pid----6105----pid-6082
---ebpf-pid----6105----pid-5550
---ebpf-pid----6105----pid-1
---ebpf-pid----6105----pid-6105
---ebpf-pid----6105----pid-6082
---ebpf-pid----6105----pid-5550
---ebpf-pid----6105----pid-1
---ebpf-pid----6105----pid-6105
---ebpf-pid----6105----pid-6082
---ebpf-pid----6105----pid-5550
---ebpf-pid----6105----pid-1
---ebpf-pid----6105----pid-6105
---ebpf-pid----6105----pid-6082
---ebpf-pid----6105----pid-5550
---ebpf-pid----6105----pid-1
---ebpf-pid----448786----pid-448786
Failed to get process information for PID 0
---ebpf-pid----448786----pid-448520
---ebpf-pid----448786----pid-1
---ebpf-pid----448786----pid-448786
---ebpf-pid----448786----pid-448520
---ebpf-pid----9297----pid-9297
---ebpf-pid----448786----pid-1
---ebpf-pid----6105----pid-6105
---ebpf-pid----6105----pid-6082
---ebpf-pid----9297----pid-7255
---ebpf-pid----6105----pid-5550
---ebpf-pid----9297----pid-1
---ebpf-pid----9297----pid-9297
---ebpf-pid----9297----pid-7255
---ebpf-pid----9297----pid-1
---ebpf-pid----9297----pid-9297
---ebpf-pid----6105----pid-1
---ebpf-pid----9297----pid-7255
---ebpf-pid----9297----pid-1
---ebpf-pid----9297----pid-9297
---ebpf-pid----9297----pid-7255
---ebpf-pid----6105----pid-6105
---ebpf-pid----9297----pid-1
---ebpf-pid----6105----pid-6082
---ebpf-pid----6105----pid-5550
---ebpf-pid----6105----pid-1
---ebpf-pid----6105----pid-6105
---ebpf-pid----6105----pid-6082
---ebpf-pid----6105----pid-5550
---ebpf-pid----448783----pid-448783
---ebpf-pid----6105----pid-1
---ebpf-pid----6105----pid-6105
---ebpf-pid----448783----pid-448520
---ebpf-pid----9297----pid-9297
---ebpf-pid----6105----pid-6082
---ebpf-pid----448783----pid-1
---ebpf-pid----9297----pid-7255
---ebpf-pid----9297----pid-1
---ebpf-pid----9297----pid-9297
---ebpf-pid----9297----pid-7255
---ebpf-pid----9297----pid-1
---ebpf-pid----6105----pid-5550
---ebpf-pid----6105----pid-1
---ebpf-pid----6105----pid-6105
---ebpf-pid----6105----pid-6082
---ebpf-pid----6105----pid-5550
---ebpf-pid----6105----pid-1
---ebpf-pid----6105----pid-6105
---ebpf-pid----5891----pid-5891
---ebpf-pid----6105----pid-6082
---ebpf-pid----5891----pid-5550
---ebpf-pid----6105----pid-5550
---ebpf-pid----6105----pid-1
---ebpf-pid----448786----pid-448786
---ebpf-pid----448786----pid-448520
---ebpf-pid----448786----pid-1
---ebpf-pid----448786----pid-448786
---ebpf-pid----448786----pid-448520
---ebpf-pid----448786----pid-1
---ebpf-pid----6105----pid-6105
---ebpf-pid----6105----pid-6082
---ebpf-pid----5891----pid-1
---ebpf-pid----6105----pid-5550
---ebpf-pid----6105----pid-6105
---ebpf-pid----6105----pid-1
---ebpf-pid----6105----pid-6082
---ebpf-pid----6105----pid-6105
---ebpf-pid----6105----pid-6082
---ebpf-pid----6105----pid-5550
---ebpf-pid----6105----pid-1
---ebpf-pid----6105----pid-6105
---ebpf-pid----6105----pid-5550
---ebpf-pid----6105----pid-6082
---ebpf-pid----6105----pid-1
---ebpf-pid----6105----pid-6105
---ebpf-pid----6105----pid-6082
---ebpf-pid----6105----pid-5550
---ebpf-pid----6105----pid-5550
---ebpf-pid----6105----pid-1
---ebpf-pid----448787----pid-448787
---ebpf-pid----448787----pid-448520
---ebpf-pid----448787----pid-1
---ebpf-pid----6105----pid-1
---ebpf-pid----448787----pid-448787
---ebpf-pid----448787----pid-448520
---ebpf-pid----448787----pid-1
---ebpf-pid----6105----pid-6105
---ebpf-pid----6105----pid-6105
---ebpf-pid----6105----pid-6082
---ebpf-pid----6105----pid-6082
---ebpf-pid----6105----pid-5550
---ebpf-pid----6105----pid-1
---ebpf-pid----6105----pid-6105
---ebpf-pid----6105----pid-5550
---ebpf-pid----6105----pid-6082
---ebpf-pid----6105----pid-5550
---ebpf-pid----6105----pid-1
---ebpf-pid----6105----pid-1
---ebpf-pid----6105----pid-6105
---ebpf-pid----6105----pid-6082
Failed to get process information for PID 0
---ebpf-pid----6105----pid-6105
---ebpf-pid----6105----pid-5550
---ebpf-pid----6105----pid-6082
---ebpf-pid----6105----pid-1
---ebpf-pid----6105----pid-5550
---ebpf-pid----6105----pid-6105
---ebpf-pid----6105----pid-1
---ebpf-pid----6105----pid-6082
---ebpf-pid----6105----pid-6105
---ebpf-pid----6105----pid-5550
---ebpf-pid----6105----pid-1
---ebpf-pid----448787----pid-448787
---ebpf-pid----6105----pid-6082
---ebpf-pid----448787----pid-448520
---ebpf-pid----448787----pid-1
---ebpf-pid----6105----pid-6105
---ebpf-pid----6105----pid-6082
---ebpf-pid----6105----pid-5550
---ebpf-pid----6105----pid-5550
---ebpf-pid----6105----pid-1
---ebpf-pid----6105----pid-1
---ebpf-pid----448787----pid-448787
---ebpf-pid----448786----pid-448786
---ebpf-pid----448787----pid-448520
---ebpf-pid----448787----pid-1
---ebpf-pid----6105----pid-6105
---ebpf-pid----448786----pid-448520
---ebpf-pid----6105----pid-6082
---ebpf-pid----6105----pid-5550
---ebpf-pid----448786----pid-1
---ebpf-pid----448786----pid-448786
---ebpf-pid----6105----pid-1
---ebpf-pid----448786----pid-448520
---ebpf-pid----6105----pid-6105
---ebpf-pid----6105----pid-6082
---ebpf-pid----448786----pid-1
---ebpf-pid----6105----pid-6105
---ebpf-pid----6105----pid-5550
---ebpf-pid----6105----pid-1
---ebpf-pid----6105----pid-6082
---ebpf-pid----6105----pid-6105
---ebpf-pid----6105----pid-6082
---ebpf-pid----6105----pid-5550
---ebpf-pid----6105----pid-5550
---ebpf-pid----6105----pid-1
---ebpf-pid----6105----pid-1
---ebpf-pid----6105----pid-6105
---ebpf-pid----448787----pid-448787
---ebpf-pid----6105----pid-6082
---ebpf-pid----6105----pid-5550
---ebpf-pid----6105----pid-1
---ebpf-pid----5879----pid-5879
---ebpf-pid----5879----pid-5550
---ebpf-pid----448787----pid-448520
---ebpf-pid----5879----pid-1
---ebpf-pid----6105----pid-6105
---ebpf-pid----6105----pid-6082
---ebpf-pid----6105----pid-5550
---ebpf-pid----448787----pid-1
---ebpf-pid----6105----pid-1
---ebpf-pid----6105----pid-6105
---ebpf-pid----448458----pid-448458
---ebpf-pid----6105----pid-6082
---ebpf-pid----6105----pid-5550
---ebpf-pid----6105----pid-1
---ebpf-pid----6105----pid-6105
---ebpf-pid----448458----pid-8974
---ebpf-pid----6105----pid-6082
---ebpf-pid----6105----pid-5550
---ebpf-pid----6105----pid-1
---ebpf-pid----448787----pid-448787
---ebpf-pid----448787----pid-448520
---ebpf-pid----448787----pid-1
---ebpf-pid----6105----pid-6105
---ebpf-pid----448458----pid-7431
---ebpf-pid----6105----pid-6082
---ebpf-pid----6105----pid-5550
---ebpf-pid----448458----pid-1
---ebpf-pid----448458----pid-448458
---ebpf-pid----6105----pid-1
---ebpf-pid----6105----pid-6105
---ebpf-pid----448458----pid-8974
---ebpf-pid----6105----pid-6082
---ebpf-pid----448458----pid-7431
---ebpf-pid----6105----pid-5550
---ebpf-pid----448458----pid-1
---ebpf-pid----448789----pid-448789
---ebpf-pid----6105----pid-1
---ebpf-pid----6105----pid-6105
---ebpf-pid----448789----pid-7255
---ebpf-pid----6105----pid-6082
---ebpf-pid----448789----pid-1
---ebpf-pid----448789----pid-448789
---ebpf-pid----6105----pid-5550
---ebpf-pid----6105----pid-1
---ebpf-pid----6105----pid-6105
---ebpf-pid----6105----pid-6082
---ebpf-pid----6105----pid-5550
---ebpf-pid----448789----pid-7255
---ebpf-pid----6105----pid-1
---ebpf-pid----448787----pid-448787
---ebpf-pid----448787----pid-448520
---ebpf-pid----448789----pid-1
---ebpf-pid----448789----pid-448789
---ebpf-pid----448787----pid-1
---ebpf-pid----448787----pid-448787
---ebpf-pid----448787----pid-448520
---ebpf-pid----448787----pid-1
---ebpf-pid----6105----pid-6105
---ebpf-pid----448789----pid-7255
---ebpf-pid----6105----pid-6082
---ebpf-pid----6105----pid-5550
---ebpf-pid----6105----pid-1
---ebpf-pid----6105----pid-6105
---ebpf-pid----6105----pid-6082
---ebpf-pid----6105----pid-5550
---ebpf-pid----6105----pid-1
---ebpf-pid----6105----pid-6105
---ebpf-pid----6105----pid-6082
---ebpf-pid----6105----pid-5550
---ebpf-pid----448789----pid-1
---ebpf-pid----6105----pid-1
---ebpf-pid----448789----pid-448789
---ebpf-pid----6105----pid-6105
---ebpf-pid----448789----pid-7255
---ebpf-pid----448789----pid-1
---ebpf-pid----448458----pid-448458
---ebpf-pid----6105----pid-6082
---ebpf-pid----448458----pid-8974
---ebpf-pid----6105----pid-5550
---ebpf-pid----448458----pid-7431
---ebpf-pid----6105----pid-1
---ebpf-pid----448458----pid-1
---ebpf-pid----6105----pid-6105
---ebpf-pid----448458----pid-448458
---ebpf-pid----6105----pid-6082
---ebpf-pid----448458----pid-8974
---ebpf-pid----6105----pid-5550
---ebpf-pid----448458----pid-7431
---ebpf-pid----6105----pid-1
---ebpf-pid----448458----pid-1
---ebpf-pid----448787----pid-448787
---ebpf-pid----448458----pid-448458
---ebpf-pid----448458----pid-8974
---ebpf-pid----448458----pid-7431
---ebpf-pid----448787----pid-448520
---ebpf-pid----448458----pid-1
---ebpf-pid----448458----pid-448458
---ebpf-pid----448458----pid-8974
---ebpf-pid----448787----pid-1
---ebpf-pid----448458----pid-7431
---ebpf-pid----448458----pid-1
---ebpf-pid----448787----pid-448787
Failed to get process information for PID 0
---ebpf-pid----448770----pid-448770
---ebpf-pid----448787----pid-448520
---ebpf-pid----448787----pid-1
---ebpf-pid----448787----pid-448787
---ebpf-pid----448770----pid-448520
---ebpf-pid----448787----pid-448520
---ebpf-pid----448770----pid-1
---ebpf-pid----448770----pid-448770
---ebpf-pid----448787----pid-1
---ebpf-pid----6105----pid-6105
---ebpf-pid----448770----pid-448520
---ebpf-pid----6105----pid-6082
---ebpf-pid----448770----pid-1
---ebpf-pid----448770----pid-448770
---ebpf-pid----6105----pid-5550
---ebpf-pid----448770----pid-448520
---ebpf-pid----6105----pid-1
---ebpf-pid----6105----pid-6105
---ebpf-pid----448770----pid-1
---ebpf-pid----6105----pid-6082
---ebpf-pid----6105----pid-5550
---ebpf-pid----6105----pid-1
---ebpf-pid----5879----pid-5879
---ebpf-pid----5881----pid-5881
---ebpf-pid----5879----pid-5550
---ebpf-pid----5879----pid-1
---ebpf-pid----5881----pid-5550
---ebpf-pid----5881----pid-1
---ebpf-pid----5881----pid-5881
---ebpf-pid----5881----pid-5550
---ebpf-pid----5881----pid-1
---ebpf-pid----5881----pid-5881
---ebpf-pid----5881----pid-5550
---ebpf-pid----5881----pid-1
---ebpf-pid----5881----pid-5881
---ebpf-pid----5881----pid-5550
---ebpf-pid----5881----pid-1
---ebpf-pid----448546----pid-448546
---ebpf-pid----448546----pid-1
---ebpf-pid----448783----pid-448783
---ebpf-pid----7312----pid-7312
---ebpf-pid----7312----pid-1
---ebpf-pid----5614----pid-5614
---ebpf-pid----5614----pid-1
---ebpf-pid----448783----pid-448520
---ebpf-pid----448783----pid-1
---ebpf-pid----6105----pid-6105
---ebpf-pid----448783----pid-448783
---ebpf-pid----448783----pid-448520
---ebpf-pid----448783----pid-1
---ebpf-pid----448783----pid-448783
---ebpf-pid----6105----pid-6082
---ebpf-pid----6105----pid-5550
---ebpf-pid----448783----pid-448520
---ebpf-pid----448783----pid-1
---ebpf-pid----448783----pid-448783
---ebpf-pid----448783----pid-448520
---ebpf-pid----6105----pid-1
---ebpf-pid----6105----pid-6105
---ebpf-pid----448783----pid-1
---ebpf-pid----448783----pid-448783
---ebpf-pid----448783----pid-448520
---ebpf-pid----448783----pid-1
---ebpf-pid----448783----pid-448783
---ebpf-pid----448783----pid-448520
---ebpf-pid----448783----pid-1
---ebpf-pid----448783----pid-448783
---ebpf-pid----448783----pid-448520
---ebpf-pid----448783----pid-1
---ebpf-pid----448458----pid-448458
---ebpf-pid----6105----pid-6082
---ebpf-pid----6105----pid-5550
---ebpf-pid----448458----pid-8974
---ebpf-pid----6105----pid-1
---ebpf-pid----6105----pid-6105
---ebpf-pid----448458----pid-7431
---ebpf-pid----6105----pid-6082
---ebpf-pid----448458----pid-1
---ebpf-pid----448458----pid-448458
---ebpf-pid----6105----pid-5550
---ebpf-pid----448458----pid-8974
---ebpf-pid----6105----pid-1
---ebpf-pid----448787----pid-448787
---ebpf-pid----448458----pid-7431
---ebpf-pid----448787----pid-448520
---ebpf-pid----448458----pid-1
---ebpf-pid----448787----pid-1
---ebpf-pid----6105----pid-6105
---ebpf-pid----448790----pid-448790
---ebpf-pid----6105----pid-6082
---ebpf-pid----448790----pid-7255
---ebpf-pid----6105----pid-5550
---ebpf-pid----6105----pid-1
---ebpf-pid----448790----pid-1
---ebpf-pid----6105----pid-6105
---ebpf-pid----448790----pid-448790
---ebpf-pid----6105----pid-6082
---ebpf-pid----448790----pid-7255
---ebpf-pid----6105----pid-5550
---ebpf-pid----448790----pid-1
---ebpf-pid----6105----pid-1
---ebpf-pid----448458----pid-448458
---ebpf-pid----6105----pid-6105
---ebpf-pid----6105----pid-6082
---ebpf-pid----448458----pid-8974
---ebpf-pid----6105----pid-5550
---ebpf-pid----448458----pid-7431
---ebpf-pid----6105----pid-1
Failed to get process information for PID 0
---ebpf-pid----6105----pid-6105
---ebpf-pid----448458----pid-1
---ebpf-pid----6105----pid-6082
---ebpf-pid----448458----pid-448458
---ebpf-pid----6105----pid-5550
---ebpf-pid----448458----pid-8974
---ebpf-pid----6105----pid-1
---ebpf-pid----448787----pid-448787
---ebpf-pid----448458----pid-7431
---ebpf-pid----448787----pid-448520
---ebpf-pid----448787----pid-1
---ebpf-pid----448458----pid-1
---ebpf-pid----448787----pid-448787
---ebpf-pid----448790----pid-448790
---ebpf-pid----448787----pid-448520
---ebpf-pid----448787----pid-1
---ebpf-pid----448790----pid-7255
---ebpf-pid----6105----pid-6105
---ebpf-pid----6105----pid-6082
---ebpf-pid----448790----pid-1
---ebpf-pid----448790----pid-448790
---ebpf-pid----6105----pid-5550
---ebpf-pid----448790----pid-7255
---ebpf-pid----6105----pid-1
---ebpf-pid----6105----pid-6105
---ebpf-pid----448790----pid-1
---ebpf-pid----6105----pid-6082
---ebpf-pid----448790----pid-448790
---ebpf-pid----6105----pid-5550
---ebpf-pid----448790----pid-7255
---ebpf-pid----6105----pid-1
---ebpf-pid----5881----pid-5881
---ebpf-pid----5881----pid-5550
---ebpf-pid----448790----pid-1
---ebpf-pid----448790----pid-448790
---ebpf-pid----5881----pid-1
---ebpf-pid----6105----pid-6105
---ebpf-pid----448790----pid-7255
---ebpf-pid----6105----pid-6082
---ebpf-pid----6105----pid-5550
---ebpf-pid----448790----pid-1
---ebpf-pid----448790----pid-448790
---ebpf-pid----6105----pid-1
---ebpf-pid----448790----pid-448790
---ebpf-pid----448790----pid-7255
---ebpf-pid----448790----pid-7255
---ebpf-pid----448790----pid-1
---ebpf-pid----448790----pid-1
---ebpf-pid----448790----pid-448790
---ebpf-pid----448790----pid-448790
---ebpf-pid----448790----pid-7255
---ebpf-pid----448790----pid-1
---ebpf-pid----448790----pid-7255
---ebpf-pid----448790----pid-1
---ebpf-pid----448458----pid-448458
---ebpf-pid----448458----pid-8974
---ebpf-pid----448458----pid-448458
---ebpf-pid----448458----pid-8974
---ebpf-pid----448458----pid-7431
---ebpf-pid----448458----pid-1
---ebpf-pid----448458----pid-448458
---ebpf-pid----448458----pid-8974
---ebpf-pid----448458----pid-7431
---ebpf-pid----448458----pid-1
---ebpf-pid----9298----pid-9298
---ebpf-pid----9298----pid-7255
---ebpf-pid----9298----pid-1
---ebpf-pid----448458----pid-7431
---ebpf-pid----9298----pid-9298
---ebpf-pid----448458----pid-1
---ebpf-pid----448458----pid-448458
---ebpf-pid----9298----pid-7255
---ebpf-pid----448458----pid-8974
---ebpf-pid----9298----pid-1
---ebpf-pid----9298----pid-9298
---ebpf-pid----448458----pid-7431
---ebpf-pid----9298----pid-7255
---ebpf-pid----448458----pid-1
---ebpf-pid----9298----pid-1
---ebpf-pid----9298----pid-9298
---ebpf-pid----9298----pid-7255
---ebpf-pid----9298----pid-1
---ebpf-pid----9298----pid-9298
---ebpf-pid----9298----pid-7255
---ebpf-pid----9298----pid-1
---ebpf-pid----9298----pid-9298
---ebpf-pid----9298----pid-7255
---ebpf-pid----9298----pid-1
---ebpf-pid----448783----pid-448783
---ebpf-pid----448783----pid-448520
---ebpf-pid----448783----pid-1
---ebpf-pid----9298----pid-9298
---ebpf-pid----9298----pid-7255
---ebpf-pid----9298----pid-1
---ebpf-pid----9298----pid-9298
---ebpf-pid----9298----pid-7255
---ebpf-pid----9298----pid-1
---ebpf-pid----448786----pid-448786
---ebpf-pid----448786----pid-448520
---ebpf-pid----448786----pid-1
---ebpf-pid----448786----pid-448786
---ebpf-pid----448786----pid-448520
---ebpf-pid----448786----pid-1
---ebpf-pid----6105----pid-6105
---ebpf-pid----6105----pid-6082
---ebpf-pid----6105----pid-5550
---ebpf-pid----6105----pid-1
---ebpf-pid----6105----pid-6105
---ebpf-pid----6105----pid-6082
---ebpf-pid----6105----pid-5550
---ebpf-pid----6105----pid-1
---ebpf-pid----5879----pid-5879
---ebpf-pid----5879----pid-5550
---ebpf-pid----5879----pid-1
---ebpf-pid----5879----pid-5879
---ebpf-pid----5879----pid-5550
---ebpf-pid----5879----pid-1
---ebpf-pid----6105----pid-6105
---ebpf-pid----6105----pid-6082
---ebpf-pid----6105----pid-5550
---ebpf-pid----6105----pid-1
---ebpf-pid----6105----pid-6105
---ebpf-pid----6105----pid-6082
---ebpf-pid----6105----pid-5550
---ebpf-pid----6105----pid-1
---ebpf-pid----6105----pid-6105
---ebpf-pid----6105----pid-6082
---ebpf-pid----6105----pid-5550
---ebpf-pid----6105----pid-1
---ebpf-pid----6105----pid-6105
---ebpf-pid----6105----pid-6082
---ebpf-pid----6105----pid-5550
---ebpf-pid----6105----pid-1
---ebpf-pid----5879----pid-5879
---ebpf-pid----5879----pid-5550
---ebpf-pid----5879----pid-1
---ebpf-pid----448786----pid-448786
---ebpf-pid----448786----pid-448520
---ebpf-pid----448786----pid-1
---ebpf-pid----5879----pid-5879
---ebpf-pid----5879----pid-5550
---ebpf-pid----5879----pid-1
---ebpf-pid----448786----pid-448786
---ebpf-pid----448786----pid-448520
---ebpf-pid----448786----pid-1
---ebpf-pid----448786----pid-448786
---ebpf-pid----448786----pid-448520
---ebpf-pid----448786----pid-1
---ebpf-pid----448786----pid-448786
---ebpf-pid----448786----pid-448520
---ebpf-pid----448786----pid-1
---ebpf-pid----5881----pid-5881
---ebpf-pid----5881----pid-5550
---ebpf-pid----5881----pid-1
---ebpf-pid----6105----pid-6105
---ebpf-pid----6105----pid-6082
---ebpf-pid----6105----pid-5550
---ebpf-pid----6105----pid-1
---ebpf-pid----6105----pid-6105
---ebpf-pid----448782----pid-448782
---ebpf-pid----448782----pid-448520
---ebpf-pid----448782----pid-1
---ebpf-pid----6105----pid-6105
---ebpf-pid----6105----pid-6082
---ebpf-pid----6105----pid-5550
---ebpf-pid----6105----pid-1
---ebpf-pid----6105----pid-6105
---ebpf-pid----6105----pid-6082
---ebpf-pid----6105----pid-6082
---ebpf-pid----6105----pid-5550
---ebpf-pid----6105----pid-1
---ebpf-pid----6105----pid-5550
---ebpf-pid----448786----pid-448786
---ebpf-pid----448786----pid-448520
---ebpf-pid----6105----pid-1
---ebpf-pid----448786----pid-448786
---ebpf-pid----448786----pid-1
---ebpf-pid----6105----pid-6105
---ebpf-pid----6105----pid-6082
---ebpf-pid----448786----pid-448520
---ebpf-pid----6105----pid-5550
---ebpf-pid----448786----pid-1
---ebpf-pid----6105----pid-6105
---ebpf-pid----6105----pid-1
---ebpf-pid----6105----pid-6105
---ebpf-pid----6105----pid-6082
---ebpf-pid----6105----pid-6082
---ebpf-pid----6105----pid-5550
---ebpf-pid----6105----pid-5550
---ebpf-pid----6105----pid-1
---ebpf-pid----6105----pid-1
---ebpf-pid----448786----pid-448786
---ebpf-pid----448786----pid-448520
---ebpf-pid----448786----pid-1
---ebpf-pid----6105----pid-6105
---ebpf-pid----6105----pid-6105
---ebpf-pid----6105----pid-6082
---ebpf-pid----6105----pid-5550
---ebpf-pid----6105----pid-1
---ebpf-pid----6105----pid-6105
---ebpf-pid----6105----pid-6082
---ebpf-pid----6105----pid-5550
---ebpf-pid----6105----pid-1
---ebpf-pid----448782----pid-448782
---ebpf-pid----448782----pid-448520
---ebpf-pid----6105----pid-6082
---ebpf-pid----448782----pid-1
---ebpf-pid----6105----pid-6105
---ebpf-pid----6105----pid-5550
---ebpf-pid----6105----pid-6082
---ebpf-pid----6105----pid-1
---ebpf-pid----5891----pid-5891
---ebpf-pid----6105----pid-5550
---ebpf-pid----5891----pid-5550
---ebpf-pid----6105----pid-1
---ebpf-pid----448782----pid-448782
---ebpf-pid----5891----pid-1
---ebpf-pid----6105----pid-6105
---ebpf-pid----448782----pid-448520
---ebpf-pid----6105----pid-6082
---ebpf-pid----448782----pid-1
---ebpf-pid----6105----pid-6105
---ebpf-pid----6105----pid-5550
---ebpf-pid----6105----pid-6082
---ebpf-pid----6105----pid-5550
---ebpf-pid----6105----pid-1
---ebpf-pid----448786----pid-448786
---ebpf-pid----448786----pid-448520
---ebpf-pid----448786----pid-1
---ebpf-pid----6105----pid-6105
---ebpf-pid----6105----pid-6082
---ebpf-pid----6105----pid-5550
---ebpf-pid----6105----pid-1
---ebpf-pid----6105----pid-6105
---ebpf-pid----6105----pid-1
---ebpf-pid----6105----pid-6105
---ebpf-pid----6105----pid-6082
---ebpf-pid----6105----pid-5550
---ebpf-pid----6105----pid-1
---ebpf-pid----448786----pid-448786
---ebpf-pid----448786----pid-448520
---ebpf-pid----6105----pid-6082
---ebpf-pid----448786----pid-1
---ebpf-pid----6105----pid-6105
---ebpf-pid----6105----pid-5550
---ebpf-pid----6105----pid-6082
---ebpf-pid----6105----pid-1
---ebpf-pid----448786----pid-448786
---ebpf-pid----6105----pid-5550
---ebpf-pid----6105----pid-1
---ebpf-pid----448786----pid-448520
---ebpf-pid----6105----pid-6105
---ebpf-pid----448786----pid-1
---ebpf-pid----6105----pid-6082
---ebpf-pid----6105----pid-6105
---ebpf-pid----6105----pid-5550
---ebpf-pid----6105----pid-1
---ebpf-pid----6105----pid-6082
---ebpf-pid----6105----pid-6105
---ebpf-pid----6105----pid-5550
---ebpf-pid----6105----pid-6082
---ebpf-pid----6105----pid-1
---ebpf-pid----6105----pid-6105
---ebpf-pid----6105----pid-5550
---ebpf-pid----6105----pid-6082
---ebpf-pid----6105----pid-1
---ebpf-pid----6105----pid-6105
---ebpf-pid----6105----pid-5550
---ebpf-pid----6105----pid-6082
---ebpf-pid----6105----pid-1
---ebpf-pid----6105----pid-6105
---ebpf-pid----6105----pid-5550
---ebpf-pid----6105----pid-6082
---ebpf-pid----6105----pid-1
---ebpf-pid----448786----pid-448786
---ebpf-pid----6105----pid-5550
---ebpf-pid----448786----pid-448520
---ebpf-pid----6105----pid-1
---ebpf-pid----6105----pid-6105
---ebpf-pid----448786----pid-1
---ebpf-pid----6105----pid-6082
---ebpf-pid----6105----pid-6105
---ebpf-pid----6105----pid-5550
---ebpf-pid----6105----pid-6082
---ebpf-pid----6105----pid-1
---ebpf-pid----6105----pid-5550
---ebpf-pid----5637----pid-5637
---ebpf-pid----6105----pid-1
---ebpf-pid----448786----pid-448786
---ebpf-pid----5637----pid-1
---ebpf-pid----448546----pid-448546
---ebpf-pid----448786----pid-448520
---ebpf-pid----448546----pid-1
---ebpf-pid----448786----pid-1
---ebpf-pid----448770----pid-448770
Failed to get process information for PID 0
---ebpf-pid----448770----pid-448520
---ebpf-pid----448770----pid-1
---ebpf-pid----448770----pid-448770
---ebpf-pid----448770----pid-448520
---ebpf-pid----448770----pid-1
---ebpf-pid----6105----pid-6105
---ebpf-pid----448770----pid-448770
---ebpf-pid----6105----pid-6082
---ebpf-pid----448770----pid-448520
---ebpf-pid----6105----pid-5550
---ebpf-pid----448770----pid-1
---ebpf-pid----448784----pid-448784
---ebpf-pid----6105----pid-1
---ebpf-pid----5891----pid-5891
---ebpf-pid----448784----pid-448520
---ebpf-pid----5891----pid-5550
---ebpf-pid----448784----pid-1
---ebpf-pid----448784----pid-448784
---ebpf-pid----5891----pid-1
---ebpf-pid----6105----pid-6105
---ebpf-pid----448784----pid-448520
---ebpf-pid----6105----pid-6082
---ebpf-pid----448784----pid-1
---ebpf-pid----6105----pid-5550
---ebpf-pid----448784----pid-448784
---ebpf-pid----6105----pid-1
---ebpf-pid----448784----pid-448520
---ebpf-pid----448784----pid-1
---ebpf-pid----448784----pid-448784
---ebpf-pid----448784----pid-448520
---ebpf-pid----448784----pid-1
---ebpf-pid----448784----pid-448784
---ebpf-pid----448784----pid-448520
---ebpf-pid----448784----pid-1
---ebpf-pid----448784----pid-448784
---ebpf-pid----448784----pid-448520
---ebpf-pid----448784----pid-1
---ebpf-pid----448793----pid-448793
---ebpf-pid----448793----pid-7255
---ebpf-pid----448793----pid-1
---ebpf-pid----448793----pid-448793
---ebpf-pid----448793----pid-7255
---ebpf-pid----448793----pid-1
---ebpf-pid----448458----pid-448458
---ebpf-pid----448458----pid-8974
---ebpf-pid----448458----pid-7431
---ebpf-pid----448458----pid-1
---ebpf-pid----448458----pid-448458
---ebpf-pid----448458----pid-8974
---ebpf-pid----448458----pid-7431
---ebpf-pid----448458----pid-1
---ebpf-pid----448793----pid-448793
---ebpf-pid----448793----pid-7255
---ebpf-pid----448793----pid-1
---ebpf-pid----448793----pid-448793
---ebpf-pid----448793----pid-7255
---ebpf-pid----448793----pid-1
---ebpf-pid----448458----pid-448458
---ebpf-pid----448458----pid-8974
---ebpf-pid----448458----pid-7431
---ebpf-pid----448458----pid-1
---ebpf-pid----448458----pid-448458
---ebpf-pid----448458----pid-8974
---ebpf-pid----448458----pid-7431
---ebpf-pid----448458----pid-1
---ebpf-pid----448793----pid-448793
---ebpf-pid----448793----pid-7255
---ebpf-pid----448793----pid-1
---ebpf-pid----448793----pid-448793
---ebpf-pid----448793----pid-7255
---ebpf-pid----448793----pid-1
---ebpf-pid----448793----pid-448793
---ebpf-pid----448793----pid-7255
---ebpf-pid----448793----pid-1
---ebpf-pid----448793----pid-448793
---ebpf-pid----448793----pid-7255
---ebpf-pid----448793----pid-1
---ebpf-pid----448458----pid-448458
---ebpf-pid----448458----pid-8974
---ebpf-pid----448458----pid-7431
---ebpf-pid----448458----pid-1
---ebpf-pid----448458----pid-448458
---ebpf-pid----448458----pid-8974
---ebpf-pid----448458----pid-7431
---ebpf-pid----448458----pid-1
---ebpf-pid----448458----pid-448458
---ebpf-pid----448458----pid-8974
---ebpf-pid----448458----pid-7431
---ebpf-pid----448458----pid-1
---ebpf-pid----448458----pid-448458
---ebpf-pid----448458----pid-8974
---ebpf-pid----448458----pid-7431
---ebpf-pid----448458----pid-1
---ebpf-pid----9299----pid-9299
---ebpf-pid----9299----pid-7255
---ebpf-pid----9299----pid-1
---ebpf-pid----9299----pid-9299
---ebpf-pid----9299----pid-7255
---ebpf-pid----9299----pid-1
---ebpf-pid----9299----pid-9299
---ebpf-pid----9299----pid-7255
---ebpf-pid----9299----pid-1
---ebpf-pid----9299----pid-9299
---ebpf-pid----9299----pid-7255
---ebpf-pid----9299----pid-1
---ebpf-pid----9299----pid-9299
---ebpf-pid----9299----pid-7255
---ebpf-pid----9299----pid-1
---ebpf-pid----9299----pid-9299
---ebpf-pid----9299----pid-7255
---ebpf-pid----9299----pid-1
---ebpf-pid----448783----pid-448783
---ebpf-pid----448783----pid-448520
---ebpf-pid----448787----pid-448787
---ebpf-pid----448783----pid-1
---ebpf-pid----9299----pid-9299
---ebpf-pid----9299----pid-7255
---ebpf-pid----448787----pid-448520
---ebpf-pid----9299----pid-1
---ebpf-pid----9299----pid-9299
---ebpf-pid----448787----pid-1
---ebpf-pid----448787----pid-448787
---ebpf-pid----9299----pid-7255
---ebpf-pid----448787----pid-448520
---ebpf-pid----9299----pid-1
---ebpf-pid----448787----pid-1
---ebpf-pid----6105----pid-6105
---ebpf-pid----6105----pid-6082
---ebpf-pid----6105----pid-5550
---ebpf-pid----6105----pid-1
---ebpf-pid----6105----pid-6105
---ebpf-pid----6105----pid-6082
---ebpf-pid----6105----pid-5550
---ebpf-pid----6105----pid-1
---ebpf-pid----5881----pid-5881
---ebpf-pid----5881----pid-5550
---ebpf-pid----5881----pid-1
---ebpf-pid----6105----pid-6105
---ebpf-pid----6105----pid-6082
---ebpf-pid----6105----pid-5550
---ebpf-pid----6105----pid-1
---ebpf-pid----6105----pid-6105
---ebpf-pid----6105----pid-6082
---ebpf-pid----6105----pid-5550
---ebpf-pid----6105----pid-1
---ebpf-pid----448787----pid-448787
---ebpf-pid----448787----pid-448520
---ebpf-pid----448787----pid-1
---ebpf-pid----448787----pid-448787
---ebpf-pid----448787----pid-448520
---ebpf-pid----448787----pid-1
---ebpf-pid----6105----pid-6105
---ebpf-pid----6105----pid-6082
---ebpf-pid----6105----pid-5550
---ebpf-pid----6105----pid-1
---ebpf-pid----6105----pid-6105
---ebpf-pid----6105----pid-6082
---ebpf-pid----6105----pid-5550
---ebpf-pid----6105----pid-1
---ebpf-pid----5881----pid-5881
---ebpf-pid----5881----pid-5550
---ebpf-pid----5881----pid-1
---ebpf-pid----6105----pid-6105
---ebpf-pid----6105----pid-6082
---ebpf-pid----6105----pid-5550
---ebpf-pid----6105----pid-1
---ebpf-pid----6105----pid-6105
---ebpf-pid----6105----pid-6082
---ebpf-pid----6105----pid-5550
---ebpf-pid----6105----pid-1
---ebpf-pid----448787----pid-448787
---ebpf-pid----448787----pid-448520
---ebpf-pid----448787----pid-1
---ebpf-pid----6105----pid-6105
---ebpf-pid----6105----pid-6082
---ebpf-pid----6105----pid-5550
---ebpf-pid----6105----pid-1
---ebpf-pid----448787----pid-448787
---ebpf-pid----448787----pid-448520
---ebpf-pid----448787----pid-1
---ebpf-pid----6105----pid-6105
---ebpf-pid----6105----pid-6082
---ebpf-pid----6105----pid-5550
---ebpf-pid----6105----pid-1
---ebpf-pid----6105----pid-6105
---ebpf-pid----6105----pid-6082
---ebpf-pid----6105----pid-5550
---ebpf-pid----6105----pid-1
---ebpf-pid----5891----pid-5891
---ebpf-pid----5891----pid-5550
---ebpf-pid----5891----pid-1
---ebpf-pid----6105----pid-6105
---ebpf-pid----6105----pid-6082
---ebpf-pid----6105----pid-5550
---ebpf-pid----6105----pid-1
---ebpf-pid----448787----pid-448787
---ebpf-pid----448787----pid-448520
---ebpf-pid----448787----pid-1
---ebpf-pid----448787----pid-448787
---ebpf-pid----448787----pid-448520
---ebpf-pid----448787----pid-1
---ebpf-pid----6105----pid-6105
---ebpf-pid----6105----pid-6082
---ebpf-pid----6105----pid-5550
---ebpf-pid----6105----pid-1
---ebpf-pid----6105----pid-6105
---ebpf-pid----6105----pid-6082
---ebpf-pid----6105----pid-5550
---ebpf-pid----6105----pid-1
---ebpf-pid----6105----pid-6105
---ebpf-pid----6105----pid-6082
---ebpf-pid----6105----pid-5550
---ebpf-pid----6105----pid-1
---ebpf-pid----6105----pid-6105
---ebpf-pid----6105----pid-6082
---ebpf-pid----6105----pid-5550
---ebpf-pid----6105----pid-1
---ebpf-pid----6105----pid-6105
---ebpf-pid----6105----pid-6082
---ebpf-pid----6105----pid-5550
---ebpf-pid----6105----pid-1
---ebpf-pid----6105----pid-6105
---ebpf-pid----6105----pid-6082
---ebpf-pid----6105----pid-5550
---ebpf-pid----6105----pid-1
---ebpf-pid----448546----pid-448546
---ebpf-pid----448546----pid-1
---ebpf-pid----448787----pid-448787
---ebpf-pid----5891----pid-5891
---ebpf-pid----448787----pid-448520
---ebpf-pid----5891----pid-5550
---ebpf-pid----5891----pid-1
---ebpf-pid----5879----pid-5879
---ebpf-pid----448787----pid-1
---ebpf-pid----5879----pid-5550
---ebpf-pid----448787----pid-448787
---ebpf-pid----5879----pid-1
---ebpf-pid----448787----pid-448520
---ebpf-pid----5879----pid-5879
---ebpf-pid----5879----pid-5550
---ebpf-pid----448787----pid-1
---ebpf-pid----6105----pid-6105
---ebpf-pid----448782----pid-448782
---ebpf-pid----5879----pid-1
---ebpf-pid----6105----pid-6082
---ebpf-pid----448546----pid-448546
---ebpf-pid----6105----pid-5550
---ebpf-pid----448782----pid-448520
---ebpf-pid----448546----pid-1
---ebpf-pid----6105----pid-1
---ebpf-pid----6105----pid-6105
---ebpf-pid----6105----pid-6082
---ebpf-pid----448782----pid-1
---ebpf-pid----6105----pid-5550
---ebpf-pid----6105----pid-6105
---ebpf-pid----6105----pid-1
---ebpf-pid----6105----pid-6082
Failed to get process information for PID 0
Failed to get process information for PID 0
---ebpf-pid----6105----pid-6105
---ebpf-pid----6105----pid-5550
---ebpf-pid----6105----pid-1
---ebpf-pid----6105----pid-6105
---ebpf-pid----6105----pid-6082
---ebpf-pid----6105----pid-6082
---ebpf-pid----6105----pid-5550
---ebpf-pid----6105----pid-5550
---ebpf-pid----6105----pid-1
---ebpf-pid----6105----pid-6105
---ebpf-pid----6105----pid-1
---ebpf-pid----6105----pid-6082
---ebpf-pid----6105----pid-6105
---ebpf-pid----6105----pid-5550
---ebpf-pid----6105----pid-1
---ebpf-pid----6105----pid-6082
---ebpf-pid----6105----pid-5550
---ebpf-pid----6105----pid-6105
---ebpf-pid----5879----pid-5879
---ebpf-pid----6105----pid-1
---ebpf-pid----5879----pid-5550
---ebpf-pid----5879----pid-1
---ebpf-pid----6105----pid-6105
---ebpf-pid----6105----pid-6082
---ebpf-pid----6105----pid-6082
---ebpf-pid----6105----pid-5550
---ebpf-pid----6105----pid-1
---ebpf-pid----6105----pid-5550
---ebpf-pid----6105----pid-1
---ebpf-pid----6105----pid-6105
---ebpf-pid----448785----pid-448785
---ebpf-pid----6105----pid-6082
---ebpf-pid----448785----pid-448520
---ebpf-pid----6105----pid-5550
---ebpf-pid----448785----pid-1
---ebpf-pid----448785----pid-448785
---ebpf-pid----6105----pid-1
---ebpf-pid----448787----pid-448787
---ebpf-pid----448785----pid-448520
---ebpf-pid----448787----pid-448520
---ebpf-pid----448785----pid-1
---ebpf-pid----448785----pid-448785
---ebpf-pid----448787----pid-1
---ebpf-pid----448787----pid-448787
---ebpf-pid----448785----pid-448520
---ebpf-pid----448787----pid-448520
---ebpf-pid----448785----pid-1
---ebpf-pid----448785----pid-448785
---ebpf-pid----448785----pid-448520
---ebpf-pid----448785----pid-1
---ebpf-pid----448458----pid-448458
---ebpf-pid----448787----pid-1
---ebpf-pid----6105----pid-6105
---ebpf-pid----448458----pid-8974
---ebpf-pid----448458----pid-7431
---ebpf-pid----6105----pid-6082
---ebpf-pid----448458----pid-1
---ebpf-pid----448458----pid-448458
---ebpf-pid----6105----pid-5550
---ebpf-pid----448458----pid-8974
---ebpf-pid----6105----pid-1
---ebpf-pid----6105----pid-6105
---ebpf-pid----6105----pid-6082
---ebpf-pid----448458----pid-7431
---ebpf-pid----448458----pid-1
---ebpf-pid----6105----pid-5550
---ebpf-pid----448788----pid-448788
---ebpf-pid----448788----pid-7255
---ebpf-pid----6105----pid-1
---ebpf-pid----448788----pid-1
---ebpf-pid----6105----pid-6105
---ebpf-pid----448788----pid-448788
---ebpf-pid----6105----pid-6082
---ebpf-pid----448788----pid-7255
---ebpf-pid----6105----pid-5550
---ebpf-pid----448788----pid-1
---ebpf-pid----448458----pid-448458
---ebpf-pid----6105----pid-1
---ebpf-pid----448458----pid-8974
---ebpf-pid----6105----pid-6105
---ebpf-pid----448458----pid-7431
---ebpf-pid----448458----pid-1
---ebpf-pid----6105----pid-6082
---ebpf-pid----448458----pid-448458
---ebpf-pid----6105----pid-5550
---ebpf-pid----448458----pid-8974
---ebpf-pid----6105----pid-1
---ebpf-pid----448458----pid-7431
---ebpf-pid----448783----pid-448783
---ebpf-pid----448458----pid-1
---ebpf-pid----448783----pid-448520
---ebpf-pid----448788----pid-448788
---ebpf-pid----448783----pid-1
---ebpf-pid----448788----pid-7255
---ebpf-pid----6105----pid-6105
---ebpf-pid----448788----pid-1
---ebpf-pid----448788----pid-448788
---ebpf-pid----6105----pid-6082
---ebpf-pid----448788----pid-7255
---ebpf-pid----448788----pid-1
---ebpf-pid----6105----pid-5550
---ebpf-pid----448788----pid-448788
---ebpf-pid----6105----pid-1
---ebpf-pid----448788----pid-7255
---ebpf-pid----448787----pid-448787
---ebpf-pid----448787----pid-448520
---ebpf-pid----448788----pid-1
---ebpf-pid----448788----pid-448788
---ebpf-pid----448787----pid-1
---ebpf-pid----448787----pid-448787
---ebpf-pid----448788----pid-7255
---ebpf-pid----448787----pid-448520
---ebpf-pid----448788----pid-1
---ebpf-pid----448458----pid-448458
---ebpf-pid----448787----pid-1
---ebpf-pid----448458----pid-8974
---ebpf-pid----448770----pid-448770
---ebpf-pid----448458----pid-7431
---ebpf-pid----448770----pid-448520
---ebpf-pid----448458----pid-1
---ebpf-pid----448458----pid-448458
---ebpf-pid----448770----pid-1
---ebpf-pid----448770----pid-448770
---ebpf-pid----448458----pid-8974
---ebpf-pid----448770----pid-448520
---ebpf-pid----448458----pid-7431
---ebpf-pid----448770----pid-1
---ebpf-pid----448783----pid-448783
---ebpf-pid----448783----pid-448520
---ebpf-pid----448783----pid-1
---ebpf-pid----448783----pid-448783
---ebpf-pid----448783----pid-448520
---ebpf-pid----448458----pid-1
---ebpf-pid----448783----pid-1
---ebpf-pid----448770----pid-448770
---ebpf-pid----448458----pid-448458
---ebpf-pid----448770----pid-448520
---ebpf-pid----448770----pid-1
---ebpf-pid----448788----pid-448788
---ebpf-pid----448458----pid-8974
---ebpf-pid----448788----pid-7255
---ebpf-pid----448458----pid-7431
---ebpf-pid----448788----pid-1
---ebpf-pid----448788----pid-448788
---ebpf-pid----448458----pid-1
---ebpf-pid----448458----pid-448458
---ebpf-pid----448788----pid-7255
---ebpf-pid----448458----pid-8974
---ebpf-pid----448788----pid-1
---ebpf-pid----448458----pid-7431
---ebpf-pid----448786----pid-448786
---ebpf-pid----448786----pid-448520
---ebpf-pid----448786----pid-1
---ebpf-pid----448786----pid-448786
---ebpf-pid----448786----pid-448520
---ebpf-pid----448786----pid-1
---ebpf-pid----448458----pid-1
---ebpf-pid----9296----pid-9296
---ebpf-pid----9296----pid-7255
---ebpf-pid----9296----pid-1
---ebpf-pid----6105----pid-6105
---ebpf-pid----6105----pid-6082
---ebpf-pid----6105----pid-5550
---ebpf-pid----9296----pid-9296
---ebpf-pid----6105----pid-1
---ebpf-pid----6105----pid-6105
---ebpf-pid----9296----pid-7255
---ebpf-pid----9296----pid-1
---ebpf-pid----9296----pid-9296
---ebpf-pid----6105----pid-6082
---ebpf-pid----9296----pid-7255
---ebpf-pid----6105----pid-5550
---ebpf-pid----6105----pid-1
---ebpf-pid----6105----pid-6105
---ebpf-pid----9296----pid-1
---ebpf-pid----9296----pid-9296
---ebpf-pid----6105----pid-6082
---ebpf-pid----9296----pid-7255
---ebpf-pid----6105----pid-5550
---ebpf-pid----9296----pid-1
---ebpf-pid----6105----pid-1
---ebpf-pid----6105----pid-6105
---ebpf-pid----6105----pid-6082
---ebpf-pid----6105----pid-5550
---ebpf-pid----6105----pid-1
---ebpf-pid----6105----pid-6105
---ebpf-pid----6105----pid-6082
---ebpf-pid----6105----pid-5550
---ebpf-pid----6105----pid-1
---ebpf-pid----6105----pid-6105
---ebpf-pid----6105----pid-6105
---ebpf-pid----6105----pid-6082
---ebpf-pid----6105----pid-6082
---ebpf-pid----6105----pid-5550
---ebpf-pid----6105----pid-5550
---ebpf-pid----6105----pid-1
---ebpf-pid----6105----pid-6105
---ebpf-pid----6105----pid-6082
---ebpf-pid----6105----pid-1
---ebpf-pid----6105----pid-5550
---ebpf-pid----6105----pid-6105
---ebpf-pid----6105----pid-1
---ebpf-pid----6105----pid-6105
---ebpf-pid----6105----pid-6082
---ebpf-pid----6105----pid-6082
---ebpf-pid----6105----pid-5550
---ebpf-pid----6105----pid-1
---ebpf-pid----6105----pid-5550
---ebpf-pid----5879----pid-5879
---ebpf-pid----5879----pid-5550
---ebpf-pid----6105----pid-1
---ebpf-pid----6105----pid-6105
---ebpf-pid----6105----pid-6082
---ebpf-pid----5879----pid-1
---ebpf-pid----6105----pid-5550
---ebpf-pid----6105----pid-1
---ebpf-pid----6105----pid-6105
---ebpf-pid----6105----pid-6082
---ebpf-pid----6105----pid-5550
---ebpf-pid----6105----pid-1
---ebpf-pid----6105----pid-6105
---ebpf-pid----6105----pid-6082
---ebpf-pid----6105----pid-5550
---ebpf-pid----5891----pid-5891
---ebpf-pid----6105----pid-1
---ebpf-pid----6105----pid-6105
---ebpf-pid----6105----pid-6082
---ebpf-pid----6105----pid-5550
---ebpf-pid----6105----pid-1
---ebpf-pid----6105----pid-6105
---ebpf-pid----6105----pid-6082
---ebpf-pid----6105----pid-5550
---ebpf-pid----6105----pid-1
---ebpf-pid----6105----pid-6105
---ebpf-pid----6105----pid-6082
---ebpf-pid----6105----pid-5550
---ebpf-pid----6105----pid-1
---ebpf-pid----448786----pid-448786
---ebpf-pid----448786----pid-448520
---ebpf-pid----5891----pid-5550
---ebpf-pid----448786----pid-1
---ebpf-pid----448786----pid-448786
---ebpf-pid----5891----pid-1
---ebpf-pid----448786----pid-448520
---ebpf-pid----6105----pid-6105
---ebpf-pid----448786----pid-1
---ebpf-pid----6105----pid-6105
---ebpf-pid----6105----pid-6082
---ebpf-pid----6105----pid-6082
---ebpf-pid----6105----pid-5550
---ebpf-pid----6105----pid-5550
---ebpf-pid----6105----pid-1
---ebpf-pid----6105----pid-1
---ebpf-pid----6105----pid-6105
---ebpf-pid----6105----pid-6105
---ebpf-pid----6105----pid-6082
---ebpf-pid----6105----pid-6082
---ebpf-pid----6105----pid-5550
---ebpf-pid----6105----pid-5550
---ebpf-pid----6105----pid-1
---ebpf-pid----6105----pid-6105
---ebpf-pid----6105----pid-1
---ebpf-pid----448786----pid-448786
---ebpf-pid----6105----pid-6082
---ebpf-pid----448786----pid-448520
---ebpf-pid----6105----pid-5550
---ebpf-pid----448786----pid-1
---ebpf-pid----6105----pid-1
---ebpf-pid----448786----pid-448786
---ebpf-pid----6105----pid-6105
---ebpf-pid----448786----pid-448520
---ebpf-pid----6105----pid-6082
---ebpf-pid----448786----pid-1
---ebpf-pid----448786----pid-448786
---ebpf-pid----6105----pid-5550
---ebpf-pid----448786----pid-448520
---ebpf-pid----448786----pid-1
---ebpf-pid----6105----pid-1
---ebpf-pid----448786----pid-448786
---ebpf-pid----6105----pid-6105
---ebpf-pid----448786----pid-448520
Failed to get process information for PID 0
---ebpf-pid----6105----pid-6082
---ebpf-pid----448786----pid-1
---ebpf-pid----5879----pid-5879
---ebpf-pid----6105----pid-5550
---ebpf-pid----5879----pid-5550
---ebpf-pid----6105----pid-1
---ebpf-pid----6105----pid-6105
---ebpf-pid----5879----pid-1
---ebpf-pid----5891----pid-5891
---ebpf-pid----6105----pid-6082
---ebpf-pid----5891----pid-5550
---ebpf-pid----6105----pid-5550
---ebpf-pid----5891----pid-1
---ebpf-pid----6105----pid-1
---ebpf-pid----448786----pid-448786
---ebpf-pid----6105----pid-6105
---ebpf-pid----448786----pid-448520
---ebpf-pid----6105----pid-6082
---ebpf-pid----448786----pid-1
---ebpf-pid----6105----pid-5550
---ebpf-pid----448786----pid-448786
---ebpf-pid----6105----pid-1
---ebpf-pid----448786----pid-448520
---ebpf-pid----448786----pid-448786
---ebpf-pid----448786----pid-1
---ebpf-pid----448786----pid-448786
---ebpf-pid----448786----pid-448520
---ebpf-pid----448786----pid-448520
---ebpf-pid----448786----pid-1
---ebpf-pid----6105----pid-6105
---ebpf-pid----448786----pid-1
---ebpf-pid----6105----pid-6082
---ebpf-pid----5881----pid-5881
---ebpf-pid----6105----pid-5550
---ebpf-pid----5881----pid-5550
---ebpf-pid----6105----pid-1
---ebpf-pid----5881----pid-1
---ebpf-pid----6105----pid-6105
---ebpf-pid----5881----pid-5881
---ebpf-pid----6105----pid-6082
---ebpf-pid----5881----pid-5550
---ebpf-pid----6105----pid-5550
---ebpf-pid----5881----pid-1
---ebpf-pid----6105----pid-1
---ebpf-pid----7312----pid-7312
---ebpf-pid----6105----pid-6105
Failed to get process information for PID 0
---ebpf-pid----7312----pid-1
---ebpf-pid----6105----pid-6082
---ebpf-pid----7312----pid-7312
---ebpf-pid----6105----pid-5550
---ebpf-pid----7312----pid-1
---ebpf-pid----6105----pid-1
---ebpf-pid----6105----pid-6105
---ebpf-pid----6105----pid-6082
---ebpf-pid----6105----pid-5550
---ebpf-pid----6105----pid-1
---ebpf-pid----6105----pid-6105
---ebpf-pid----6105----pid-6082
---ebpf-pid----6105----pid-5550
---ebpf-pid----6105----pid-1
Failed to get process information for PID 0
---ebpf-pid----6105----pid-6105
---ebpf-pid----6105----pid-6082
---ebpf-pid----6105----pid-5550
---ebpf-pid----6105----pid-1
---ebpf-pid----448786----pid-448786
---ebpf-pid----448786----pid-448520
---ebpf-pid----448786----pid-1
---ebpf-pid----448786----pid-448786
---ebpf-pid----448786----pid-448520
---ebpf-pid----448786----pid-1
---ebpf-pid----6105----pid-6105
---ebpf-pid----6105----pid-6082
---ebpf-pid----6105----pid-5550
---ebpf-pid----6105----pid-1
---ebpf-pid----6105----pid-6105
---ebpf-pid----6105----pid-6082
---ebpf-pid----6105----pid-5550
---ebpf-pid----6105----pid-1
---ebpf-pid----6105----pid-6105
---ebpf-pid----6105----pid-6082
---ebpf-pid----5881----pid-5881
---ebpf-pid----6105----pid-5550
---ebpf-pid----5881----pid-5550
---ebpf-pid----6105----pid-1
---ebpf-pid----5881----pid-1
---ebpf-pid----448782----pid-448782
---ebpf-pid----448770----pid-448770
---ebpf-pid----448782----pid-448520
---ebpf-pid----448770----pid-448520
---ebpf-pid----448770----pid-1
---ebpf-pid----448782----pid-1
---ebpf-pid----448770----pid-448770
---ebpf-pid----448782----pid-448782
---ebpf-pid----448770----pid-448520
---ebpf-pid----448782----pid-448520
---ebpf-pid----448770----pid-1
---ebpf-pid----448770----pid-448770
---ebpf-pid----448782----pid-1
---ebpf-pid----448770----pid-448520
---ebpf-pid----448770----pid-1
---ebpf-pid----448789----pid-448789
---ebpf-pid----448789----pid-7255
---ebpf-pid----448789----pid-1
---ebpf-pid----448789----pid-448789
---ebpf-pid----448789----pid-7255
---ebpf-pid----448789----pid-1
---ebpf-pid----448458----pid-448458
---ebpf-pid----448458----pid-8974
---ebpf-pid----448458----pid-7431
---ebpf-pid----448458----pid-1
---ebpf-pid----448458----pid-448458
---ebpf-pid----448458----pid-8974
---ebpf-pid----448458----pid-7431
---ebpf-pid----448458----pid-1
---ebpf-pid----448789----pid-448789
---ebpf-pid----448789----pid-7255
---ebpf-pid----448789----pid-1
---ebpf-pid----448789----pid-448789
---ebpf-pid----448789----pid-7255
---ebpf-pid----448789----pid-1
---ebpf-pid----448458----pid-448458
---ebpf-pid----448458----pid-8974
---ebpf-pid----448458----pid-7431
---ebpf-pid----448458----pid-1
---ebpf-pid----448458----pid-448458
---ebpf-pid----448458----pid-8974
---ebpf-pid----448458----pid-7431
---ebpf-pid----448458----pid-1
---ebpf-pid----448789----pid-448789
---ebpf-pid----448789----pid-7255
---ebpf-pid----448789----pid-1
---ebpf-pid----448789----pid-448789
---ebpf-pid----448789----pid-7255
---ebpf-pid----448789----pid-1
---ebpf-pid----448789----pid-448789
---ebpf-pid----448789----pid-7255
---ebpf-pid----448789----pid-1
---ebpf-pid----448789----pid-448789
---ebpf-pid----448789----pid-7255
---ebpf-pid----448789----pid-1
---ebpf-pid----448458----pid-448458
---ebpf-pid----448458----pid-8974
---ebpf-pid----448458----pid-7431
---ebpf-pid----448458----pid-1
---ebpf-pid----448458----pid-448458
---ebpf-pid----448458----pid-8974
---ebpf-pid----448458----pid-7431
---ebpf-pid----448458----pid-1
---ebpf-pid----448458----pid-448458
---ebpf-pid----448458----pid-8974
---ebpf-pid----448458----pid-7431
---ebpf-pid----448458----pid-1
---ebpf-pid----448458----pid-448458
---ebpf-pid----448458----pid-8974
---ebpf-pid----448458----pid-7431
---ebpf-pid----448458----pid-1
---ebpf-pid----9297----pid-9297
---ebpf-pid----9297----pid-7255
---ebpf-pid----9297----pid-1
---ebpf-pid----9297----pid-9297
---ebpf-pid----9297----pid-7255
---ebpf-pid----9297----pid-1
---ebpf-pid----448783----pid-448783
---ebpf-pid----448783----pid-448520
---ebpf-pid----448783----pid-1
---ebpf-pid----9297----pid-9297
---ebpf-pid----9297----pid-7255
---ebpf-pid----9297----pid-1
---ebpf-pid----9297----pid-9297
---ebpf-pid----9297----pid-7255
---ebpf-pid----9297----pid-1
---ebpf-pid----448787----pid-448787
---ebpf-pid----448787----pid-448520
---ebpf-pid----448787----pid-1
---ebpf-pid----448787----pid-448787
---ebpf-pid----448787----pid-448520
---ebpf-pid----448787----pid-1
---ebpf-pid----6105----pid-6105
---ebpf-pid----6105----pid-6082
---ebpf-pid----6105----pid-5550
---ebpf-pid----6105----pid-1
---ebpf-pid----6105----pid-6105
---ebpf-pid----6105----pid-6082
---ebpf-pid----6105----pid-5550
---ebpf-pid----6105----pid-1
---ebpf-pid----5891----pid-5891
---ebpf-pid----5891----pid-5550
---ebpf-pid----5891----pid-1
---ebpf-pid----5891----pid-5891
---ebpf-pid----5891----pid-5550
---ebpf-pid----5891----pid-1
---ebpf-pid----6105----pid-6105
---ebpf-pid----6105----pid-6082
---ebpf-pid----6105----pid-5550
---ebpf-pid----6105----pid-1
---ebpf-pid----6105----pid-6105
---ebpf-pid----6105----pid-6082
---ebpf-pid----6105----pid-5550
---ebpf-pid----6105----pid-1
---ebpf-pid----448787----pid-448787
---ebpf-pid----448787----pid-448520
---ebpf-pid----448787----pid-1
---ebpf-pid----6105----pid-6105
---ebpf-pid----6105----pid-6082
---ebpf-pid----6105----pid-5550
---ebpf-pid----6105----pid-1
---ebpf-pid----448787----pid-448787
---ebpf-pid----448787----pid-448520
---ebpf-pid----448787----pid-1
---ebpf-pid----6105----pid-6105
---ebpf-pid----6105----pid-6082
---ebpf-pid----6105----pid-5550
---ebpf-pid----6105----pid-1
---ebpf-pid----6105----pid-6105
---ebpf-pid----6105----pid-6082
---ebpf-pid----6105----pid-5550
---ebpf-pid----6105----pid-1
---ebpf-pid----6105----pid-6105
---ebpf-pid----6105----pid-6082
---ebpf-pid----6105----pid-5550
---ebpf-pid----6105----pid-1
---ebpf-pid----448787----pid-448787
---ebpf-pid----448787----pid-448520
---ebpf-pid----448787----pid-1
---ebpf-pid----6105----pid-6105
---ebpf-pid----6105----pid-6082
---ebpf-pid----6105----pid-5550
---ebpf-pid----6105----pid-1
---ebpf-pid----448787----pid-448787
---ebpf-pid----448787----pid-448520
---ebpf-pid----448787----pid-1
---ebpf-pid----6105----pid-6105
---ebpf-pid----6105----pid-6082
---ebpf-pid----6105----pid-5550
---ebpf-pid----6105----pid-1
---ebpf-pid----6105----pid-6105
---ebpf-pid----6105----pid-6082
---ebpf-pid----6105----pid-5550
---ebpf-pid----6105----pid-1
---ebpf-pid----6105----pid-6105
---ebpf-pid----6105----pid-6082
---ebpf-pid----6105----pid-5550
---ebpf-pid----6105----pid-1
---ebpf-pid----6105----pid-6105
---ebpf-pid----6105----pid-6082
---ebpf-pid----6105----pid-5550
---ebpf-pid----6105----pid-1
---ebpf-pid----448521----pid-448521
---ebpf-pid----448521----pid-1
---ebpf-pid----6105----pid-6105
---ebpf-pid----6105----pid-6082
---ebpf-pid----6105----pid-5550
---ebpf-pid----6105----pid-1
---ebpf-pid----6105----pid-6105
---ebpf-pid----6105----pid-6082
---ebpf-pid----6105----pid-5550
---ebpf-pid----6105----pid-1
---ebpf-pid----448787----pid-448787
---ebpf-pid----448787----pid-448520
---ebpf-pid----448787----pid-1
---ebpf-pid----448787----pid-448787
---ebpf-pid----448787----pid-448520
---ebpf-pid----448787----pid-1
---ebpf-pid----6105----pid-6105
---ebpf-pid----6105----pid-6082
---ebpf-pid----6105----pid-5550
---ebpf-pid----6105----pid-1
---ebpf-pid----6105----pid-6105
---ebpf-pid----6105----pid-6082
---ebpf-pid----6105----pid-5550
---ebpf-pid----6105----pid-1
---ebpf-pid----6105----pid-6105
---ebpf-pid----6105----pid-6082
---ebpf-pid----6105----pid-5550
---ebpf-pid----6105----pid-1
---ebpf-pid----6105----pid-6105
---ebpf-pid----6105----pid-6082
---ebpf-pid----6105----pid-5550
---ebpf-pid----6105----pid-1
---ebpf-pid----6105----pid-6105
---ebpf-pid----6105----pid-6082
---ebpf-pid----6105----pid-5550
---ebpf-pid----6105----pid-1
---ebpf-pid----6105----pid-6105
---ebpf-pid----6105----pid-6082
---ebpf-pid----6105----pid-5550
---ebpf-pid----6105----pid-1
---ebpf-pid----448787----pid-448787
---ebpf-pid----448787----pid-448520
---ebpf-pid----448787----pid-1
---ebpf-pid----448787----pid-448787
---ebpf-pid----448787----pid-448520
---ebpf-pid----448787----pid-1
---ebpf-pid----6105----pid-6105
---ebpf-pid----6105----pid-6082
---ebpf-pid----6105----pid-5550
---ebpf-pid----6105----pid-1
---ebpf-pid----6105----pid-6105
---ebpf-pid----6105----pid-6082
---ebpf-pid----6105----pid-5550
---ebpf-pid----6105----pid-1
---ebpf-pid----6105----pid-6105
---ebpf-pid----6105----pid-6082
---ebpf-pid----6105----pid-5550
---ebpf-pid----6105----pid-1
---ebpf-pid----6105----pid-6105
---ebpf-pid----6105----pid-6082
---ebpf-pid----6105----pid-5550
---ebpf-pid----6105----pid-1
---ebpf-pid----4213----pid-4213
---ebpf-pid----4213----pid-4164
---ebpf-pid----4213----pid-3417
---ebpf-pid----4213----pid-1
---ebpf-pid----448787----pid-448787
---ebpf-pid----448787----pid-448520
---ebpf-pid----448787----pid-1
---ebpf-pid----448787----pid-448787
---ebpf-pid----448787----pid-448520
---ebpf-pid----448787----pid-1
---ebpf-pid----6105----pid-6105
---ebpf-pid----6105----pid-6082
---ebpf-pid----6105----pid-5550
---ebpf-pid----6105----pid-1
---ebpf-pid----448770----pid-448770
---ebpf-pid----448770----pid-448520
---ebpf-pid----448770----pid-1
---ebpf-pid----448770----pid-448770
---ebpf-pid----448770----pid-448520
---ebpf-pid----448770----pid-1
---ebpf-pid----448770----pid-448770
---ebpf-pid----448770----pid-448520
---ebpf-pid----448770----pid-1
---ebpf-pid----5891----pid-5891
---ebpf-pid----5891----pid-5891
---ebpf-pid----5891----pid-5550
---ebpf-pid----5891----pid-5550
---ebpf-pid----5891----pid-1
---ebpf-pid----5891----pid-5891
---ebpf-pid----5891----pid-1
---ebpf-pid----5891----pid-5550
---ebpf-pid----6105----pid-6105
---ebpf-pid----5891----pid-1
Failed to get process information for PID 0
---ebpf-pid----5637----pid-5637
---ebpf-pid----5637----pid-1
---ebpf-pid----448782----pid-448782
---ebpf-pid----448782----pid-448520
---ebpf-pid----6105----pid-6082
---ebpf-pid----448782----pid-1
---ebpf-pid----5891----pid-5891
---ebpf-pid----448782----pid-448782
---ebpf-pid----6105----pid-5550
---ebpf-pid----448782----pid-448520
---ebpf-pid----448782----pid-1
---ebpf-pid----448782----pid-448782
---ebpf-pid----6105----pid-1
---ebpf-pid----6105----pid-6105
---ebpf-pid----5891----pid-5550
---ebpf-pid----6105----pid-6082
---ebpf-pid----5891----pid-1
---ebpf-pid----448782----pid-448520
---ebpf-pid----448785----pid-448785
---ebpf-pid----448782----pid-1
---ebpf-pid----6105----pid-5550
---ebpf-pid----448782----pid-448782
---ebpf-pid----448782----pid-448520
---ebpf-pid----6105----pid-1
---ebpf-pid----448782----pid-1
---ebpf-pid----6105----pid-6105
---ebpf-pid----448782----pid-448782
---ebpf-pid----448782----pid-448520
---ebpf-pid----6105----pid-6082
---ebpf-pid----448785----pid-448520
---ebpf-pid----6105----pid-5550
---ebpf-pid----448785----pid-1
---ebpf-pid----448782----pid-1
---ebpf-pid----6105----pid-1
---ebpf-pid----448782----pid-448782
---ebpf-pid----448787----pid-448787
---ebpf-pid----448782----pid-448520
---ebpf-pid----448787----pid-448520
---ebpf-pid----448782----pid-1
---ebpf-pid----448787----pid-1
---ebpf-pid----448787----pid-448787
---ebpf-pid----448787----pid-448520
---ebpf-pid----448787----pid-1
Failed to get process information for PID 0
---ebpf-pid----6105----pid-6105
---ebpf-pid----6105----pid-6082
---ebpf-pid----6105----pid-5550
---ebpf-pid----6105----pid-1
---ebpf-pid----6105----pid-6105
---ebpf-pid----6105----pid-6082
---ebpf-pid----6105----pid-5550
---ebpf-pid----6105----pid-1
---ebpf-pid----6105----pid-6105
---ebpf-pid----6105----pid-6082
---ebpf-pid----6105----pid-5550
---ebpf-pid----6105----pid-1
---ebpf-pid----6105----pid-6105
---ebpf-pid----6105----pid-6082
---ebpf-pid----6105----pid-5550
---ebpf-pid----6105----pid-1
---ebpf-pid----5891----pid-5891
---ebpf-pid----5891----pid-5550
---ebpf-pid----5891----pid-1
---ebpf-pid----448790----pid-448790
---ebpf-pid----448790----pid-7255
---ebpf-pid----448790----pid-1
---ebpf-pid----448790----pid-448790
---ebpf-pid----448790----pid-7255
---ebpf-pid----448790----pid-1
---ebpf-pid----448458----pid-448458
---ebpf-pid----448458----pid-8974
---ebpf-pid----448458----pid-7431
---ebpf-pid----448458----pid-1
---ebpf-pid----448458----pid-448458
---ebpf-pid----448458----pid-8974
---ebpf-pid----448458----pid-7431
---ebpf-pid----448458----pid-1
---ebpf-pid----448790----pid-448790
---ebpf-pid----448790----pid-7255
---ebpf-pid----448790----pid-1
---ebpf-pid----448790----pid-448790
---ebpf-pid----448790----pid-7255
---ebpf-pid----448790----pid-1
---ebpf-pid----448458----pid-448458
---ebpf-pid----448458----pid-8974
---ebpf-pid----448458----pid-7431
---ebpf-pid----448458----pid-1
---ebpf-pid----448458----pid-448458
---ebpf-pid----448458----pid-8974
---ebpf-pid----448458----pid-7431
---ebpf-pid----448458----pid-1
---ebpf-pid----448790----pid-448790
---ebpf-pid----448790----pid-7255
---ebpf-pid----448790----pid-1
---ebpf-pid----448790----pid-448790
---ebpf-pid----448790----pid-7255
---ebpf-pid----448790----pid-1
---ebpf-pid----448458----pid-448458
---ebpf-pid----448458----pid-8974
---ebpf-pid----448458----pid-7431
---ebpf-pid----448458----pid-1
---ebpf-pid----448458----pid-448458
---ebpf-pid----448458----pid-8974
---ebpf-pid----448458----pid-7431
---ebpf-pid----448458----pid-1
---ebpf-pid----448790----pid-448790
---ebpf-pid----448790----pid-7255
---ebpf-pid----448790----pid-1
---ebpf-pid----448790----pid-448790
---ebpf-pid----448790----pid-7255
---ebpf-pid----448790----pid-1
---ebpf-pid----448458----pid-448458
---ebpf-pid----448458----pid-8974
---ebpf-pid----448458----pid-7431
---ebpf-pid----448458----pid-1
---ebpf-pid----448458----pid-448458
---ebpf-pid----448458----pid-8974
---ebpf-pid----448458----pid-7431
---ebpf-pid----448458----pid-1
---ebpf-pid----448458----pid-448458
---ebpf-pid----448458----pid-8974
---ebpf-pid----448458----pid-7431
---ebpf-pid----448458----pid-1
---ebpf-pid----448458----pid-448458
---ebpf-pid----448458----pid-8974
---ebpf-pid----448458----pid-7431
---ebpf-pid----448458----pid-1
---ebpf-pid----9298----pid-9298
---ebpf-pid----9298----pid-7255
---ebpf-pid----9298----pid-1
---ebpf-pid----9298----pid-9298
---ebpf-pid----9298----pid-7255
---ebpf-pid----9298----pid-1
---ebpf-pid----9298----pid-9298
---ebpf-pid----9298----pid-7255
---ebpf-pid----9298----pid-1
---ebpf-pid----9298----pid-9298
---ebpf-pid----9298----pid-7255
---ebpf-pid----9298----pid-1
---ebpf-pid----9298----pid-9298
---ebpf-pid----9298----pid-7255
---ebpf-pid----9298----pid-1
---ebpf-pid----9298----pid-9298
---ebpf-pid----9298----pid-7255
---ebpf-pid----9298----pid-1
---ebpf-pid----448782----pid-448782
---ebpf-pid----448782----pid-448520
---ebpf-pid----448782----pid-1
---ebpf-pid----9298----pid-9298
---ebpf-pid----9298----pid-7255
---ebpf-pid----9298----pid-1
---ebpf-pid----9298----pid-9298
---ebpf-pid----9298----pid-7255
---ebpf-pid----6105----pid-6105
---ebpf-pid----448786----pid-448786
---ebpf-pid----9298----pid-1
---ebpf-pid----5881----pid-5881
---ebpf-pid----6105----pid-6082
---ebpf-pid----6105----pid-5550
---ebpf-pid----6105----pid-1
---ebpf-pid----5891----pid-5891
---ebpf-pid----5891----pid-5550
---ebpf-pid----5891----pid-1
---ebpf-pid----6105----pid-6105
---ebpf-pid----6105----pid-6082
---ebpf-pid----6105----pid-5550
---ebpf-pid----6105----pid-1
---ebpf-pid----6105----pid-6105
---ebpf-pid----6105----pid-6082
---ebpf-pid----6105----pid-5550
---ebpf-pid----6105----pid-1
---ebpf-pid----6105----pid-6105
---ebpf-pid----6105----pid-6082
---ebpf-pid----6105----pid-5550
---ebpf-pid----6105----pid-1
---ebpf-pid----6105----pid-6105
---ebpf-pid----6105----pid-6082
---ebpf-pid----6105----pid-5550
---ebpf-pid----6105----pid-1
---ebpf-pid----6105----pid-6105
---ebpf-pid----6105----pid-6082
---ebpf-pid----6105----pid-5550
---ebpf-pid----6105----pid-1
---ebpf-pid----448786----pid-448786
---ebpf-pid----448786----pid-448520
---ebpf-pid----448786----pid-448520
---ebpf-pid----448786----pid-1
---ebpf-pid----448786----pid-448786
---ebpf-pid----448786----pid-1
---ebpf-pid----6105----pid-6105
---ebpf-pid----448786----pid-448520
---ebpf-pid----6105----pid-6082
---ebpf-pid----448786----pid-1
---ebpf-pid----6105----pid-5550
---ebpf-pid----6105----pid-1
---ebpf-pid----448786----pid-448786
---ebpf-pid----5881----pid-5550
---ebpf-pid----448786----pid-448520
---ebpf-pid----5881----pid-1
---ebpf-pid----448786----pid-448786
---ebpf-pid----448786----pid-1
---ebpf-pid----6105----pid-6105
---ebpf-pid----448786----pid-448520
---ebpf-pid----448786----pid-1
---ebpf-pid----6105----pid-6082
---ebpf-pid----448786----pid-448786
---ebpf-pid----6105----pid-5550
---ebpf-pid----448786----pid-448520
---ebpf-pid----6105----pid-1
---ebpf-pid----448786----pid-1
---ebpf-pid----6105----pid-6105
---ebpf-pid----5881----pid-5881
---ebpf-pid----4211----pid-4211
---ebpf-pid----6105----pid-6082
---ebpf-pid----5881----pid-5550
---ebpf-pid----4211----pid-4164
---ebpf-pid----6105----pid-5550
---ebpf-pid----5881----pid-1
---ebpf-pid----4211----pid-3417
---ebpf-pid----5881----pid-5881
---ebpf-pid----6105----pid-1
---ebpf-pid----5881----pid-5550
---ebpf-pid----4211----pid-1
---ebpf-pid----6105----pid-6105
---ebpf-pid----6105----pid-6082
---ebpf-pid----5881----pid-1
---ebpf-pid----5881----pid-5881
---ebpf-pid----6105----pid-5550
---ebpf-pid----5881----pid-5550
---ebpf-pid----6105----pid-1
---ebpf-pid----6105----pid-6105
---ebpf-pid----5881----pid-1
---ebpf-pid----6105----pid-6082
---ebpf-pid----5881----pid-5881
---ebpf-pid----6105----pid-5550
---ebpf-pid----5881----pid-5550
---ebpf-pid----6105----pid-1
---ebpf-pid----6105----pid-6105
---ebpf-pid----5881----pid-1
---ebpf-pid----7312----pid-7312
---ebpf-pid----6105----pid-6082
---ebpf-pid----6105----pid-5550
---ebpf-pid----7312----pid-1
---ebpf-pid----448786----pid-448786
---ebpf-pid----6105----pid-1
---ebpf-pid----448786----pid-448786
---ebpf-pid----448786----pid-448520
---ebpf-pid----448786----pid-448520
---ebpf-pid----448786----pid-1
---ebpf-pid----448786----pid-1
---ebpf-pid----448786----pid-448786
---ebpf-pid----448786----pid-448786
---ebpf-pid----448786----pid-448520
---ebpf-pid----448786----pid-1
---ebpf-pid----448786----pid-448520
---ebpf-pid----6105----pid-6105
---ebpf-pid----6105----pid-6082
---ebpf-pid----448786----pid-1
---ebpf-pid----6105----pid-5550
---ebpf-pid----6105----pid-1
---ebpf-pid----6105----pid-6105
---ebpf-pid----6105----pid-6082
---ebpf-pid----6105----pid-5550
---ebpf-pid----6105----pid-6105
---ebpf-pid----6105----pid-1
---ebpf-pid----6105----pid-6105
---ebpf-pid----6105----pid-6082
---ebpf-pid----6105----pid-6082
---ebpf-pid----6105----pid-5550
---ebpf-pid----6105----pid-5550
---ebpf-pid----6105----pid-1
---ebpf-pid----6105----pid-1
---ebpf-pid----6105----pid-6105
---ebpf-pid----6105----pid-6105
---ebpf-pid----6105----pid-6082
---ebpf-pid----6105----pid-6082
---ebpf-pid----6105----pid-5550
---ebpf-pid----6105----pid-5550
---ebpf-pid----6105----pid-1
---ebpf-pid----6105----pid-1
---ebpf-pid----6105----pid-6105
---ebpf-pid----6105----pid-6105
---ebpf-pid----6105----pid-6082
---ebpf-pid----6105----pid-6082
---ebpf-pid----6105----pid-5550
---ebpf-pid----6105----pid-5550
---ebpf-pid----6105----pid-1
---ebpf-pid----6105----pid-1
---ebpf-pid----6105----pid-6105
---ebpf-pid----6105----pid-6105
---ebpf-pid----6105----pid-6082
---ebpf-pid----6105----pid-5550
---ebpf-pid----6105----pid-6082
---ebpf-pid----6105----pid-1
---ebpf-pid----448782----pid-448782
---ebpf-pid----448782----pid-448520
---ebpf-pid----6105----pid-5550
---ebpf-pid----448782----pid-1
---ebpf-pid----6105----pid-1
---ebpf-pid----448783----pid-448783
---ebpf-pid----448783----pid-448520
---ebpf-pid----448783----pid-1
---ebpf-pid----6105----pid-6105
---ebpf-pid----6105----pid-6082
---ebpf-pid----6105----pid-5550
---ebpf-pid----6105----pid-1
---ebpf-pid----6105----pid-6105
---ebpf-pid----6105----pid-6082
---ebpf-pid----6105----pid-5550
---ebpf-pid----6105----pid-1
---ebpf-pid----448786----pid-448786
---ebpf-pid----448786----pid-448520
---ebpf-pid----448786----pid-1
---ebpf-pid----448786----pid-448786
---ebpf-pid----448786----pid-448520
---ebpf-pid----448786----pid-1
---ebpf-pid----6105----pid-6105
---ebpf-pid----6105----pid-6082
---ebpf-pid----6105----pid-5550
---ebpf-pid----6105----pid-1
---ebpf-pid----6105----pid-6105
---ebpf-pid----6105----pid-6082
---ebpf-pid----6105----pid-5550
---ebpf-pid----6105----pid-1
---ebpf-pid----6105----pid-6105
---ebpf-pid----6105----pid-6082
---ebpf-pid----6105----pid-5550
---ebpf-pid----6105----pid-1
---ebpf-pid----6105----pid-6105
---ebpf-pid----6105----pid-6082
---ebpf-pid----6105----pid-5550
---ebpf-pid----6105----pid-1
Failed to get process information for PID 0
---ebpf-pid----6105----pid-6105
---ebpf-pid----6105----pid-6082
---ebpf-pid----6105----pid-5550
---ebpf-pid----6105----pid-1
---ebpf-pid----6105----pid-6105
---ebpf-pid----6105----pid-6082
---ebpf-pid----6105----pid-5550
---ebpf-pid----6105----pid-1
---ebpf-pid----448786----pid-448786
---ebpf-pid----448786----pid-448520
---ebpf-pid----448786----pid-1
---ebpf-pid----6105----pid-6105
---ebpf-pid----6105----pid-6082
---ebpf-pid----6105----pid-5550
---ebpf-pid----6105----pid-1
---ebpf-pid----448786----pid-448786
---ebpf-pid----448786----pid-448520
---ebpf-pid----448786----pid-1
---ebpf-pid----6105----pid-6105
---ebpf-pid----6105----pid-6082
---ebpf-pid----6105----pid-5550
---ebpf-pid----6105----pid-1
---ebpf-pid----5881----pid-5881
---ebpf-pid----5881----pid-5550
---ebpf-pid----5881----pid-1
---ebpf-pid----6105----pid-6105
---ebpf-pid----6105----pid-6082
---ebpf-pid----6105----pid-5550
---ebpf-pid----6105----pid-1
---ebpf-pid----448770----pid-448770
---ebpf-pid----448770----pid-448520
---ebpf-pid----448770----pid-1
---ebpf-pid----448770----pid-448770
---ebpf-pid----448770----pid-448520
---ebpf-pid----448770----pid-1
---ebpf-pid----448770----pid-448770
---ebpf-pid----448770----pid-448520
---ebpf-pid----448770----pid-1
Failed to get process information for PID 0
---ebpf-pid----448784----pid-448784
---ebpf-pid----448784----pid-448520
---ebpf-pid----448784----pid-1
---ebpf-pid----448784----pid-448784
---ebpf-pid----448784----pid-448520
---ebpf-pid----448784----pid-1
---ebpf-pid----448793----pid-448793
---ebpf-pid----448793----pid-7255
---ebpf-pid----448793----pid-1
---ebpf-pid----448793----pid-448793
---ebpf-pid----448793----pid-7255
---ebpf-pid----448793----pid-1
---ebpf-pid----448458----pid-448458
---ebpf-pid----448458----pid-8974
---ebpf-pid----448458----pid-7431
---ebpf-pid----448458----pid-1
---ebpf-pid----448458----pid-448458
---ebpf-pid----448458----pid-8974
---ebpf-pid----448458----pid-7431
---ebpf-pid----448458----pid-1
---ebpf-pid----448793----pid-448793
---ebpf-pid----448793----pid-7255
---ebpf-pid----448793----pid-1
---ebpf-pid----448793----pid-448793
---ebpf-pid----448793----pid-7255
---ebpf-pid----448793----pid-1
---ebpf-pid----448458----pid-448458
---ebpf-pid----448458----pid-8974
---ebpf-pid----448458----pid-7431
---ebpf-pid----448458----pid-1
---ebpf-pid----448458----pid-448458
---ebpf-pid----448458----pid-8974
---ebpf-pid----448458----pid-7431
---ebpf-pid----448458----pid-1
---ebpf-pid----448793----pid-448793
---ebpf-pid----448793----pid-7255
---ebpf-pid----448793----pid-1
---ebpf-pid----448793----pid-448793
---ebpf-pid----448793----pid-7255
---ebpf-pid----448793----pid-1
---ebpf-pid----448793----pid-448793
---ebpf-pid----448458----pid-448458
---ebpf-pid----448793----pid-7255
---ebpf-pid----448793----pid-1
---ebpf-pid----448793----pid-448793
---ebpf-pid----448458----pid-8974
---ebpf-pid----448793----pid-7255
---ebpf-pid----448793----pid-1
---ebpf-pid----448458----pid-448458
---ebpf-pid----448458----pid-7431
---ebpf-pid----448458----pid-8974
---ebpf-pid----448458----pid-7431
---ebpf-pid----448458----pid-1
---ebpf-pid----448458----pid-1
---ebpf-pid----448458----pid-448458
---ebpf-pid----448458----pid-448458
---ebpf-pid----448458----pid-8974
---ebpf-pid----448458----pid-8974
---ebpf-pid----448458----pid-7431
---ebpf-pid----448458----pid-7431
---ebpf-pid----448458----pid-1
---ebpf-pid----9299----pid-9299
---ebpf-pid----448458----pid-1
---ebpf-pid----9299----pid-7255
---ebpf-pid----9299----pid-1
---ebpf-pid----9299----pid-9299
---ebpf-pid----9299----pid-7255
---ebpf-pid----9299----pid-1
---ebpf-pid----448784----pid-448784
---ebpf-pid----448784----pid-448520
---ebpf-pid----448784----pid-1
---ebpf-pid----9299----pid-9299
---ebpf-pid----9299----pid-7255
---ebpf-pid----9299----pid-1
---ebpf-pid----9299----pid-9299
---ebpf-pid----9299----pid-7255
---ebpf-pid----9299----pid-1
---ebpf-pid----448787----pid-448787
---ebpf-pid----448787----pid-448520
---ebpf-pid----448787----pid-1
---ebpf-pid----448787----pid-448787
---ebpf-pid----448787----pid-448520
---ebpf-pid----448787----pid-1
---ebpf-pid----6105----pid-6105
---ebpf-pid----6105----pid-6082
---ebpf-pid----6105----pid-5550
---ebpf-pid----6105----pid-1
---ebpf-pid----6105----pid-6105
---ebpf-pid----6105----pid-6082
---ebpf-pid----6105----pid-5550
---ebpf-pid----6105----pid-1
---ebpf-pid----448787----pid-448787
---ebpf-pid----448787----pid-448520
---ebpf-pid----448787----pid-1
---ebpf-pid----6105----pid-6105
---ebpf-pid----6105----pid-6082
---ebpf-pid----6105----pid-5550
---ebpf-pid----6105----pid-1
---ebpf-pid----448787----pid-448787
---ebpf-pid----448787----pid-448520
---ebpf-pid----448787----pid-1
---ebpf-pid----6105----pid-6105
---ebpf-pid----6105----pid-6082
---ebpf-pid----6105----pid-5550
---ebpf-pid----6105----pid-1
---ebpf-pid----6105----pid-6105
---ebpf-pid----6105----pid-6082
---ebpf-pid----6105----pid-5550
---ebpf-pid----6105----pid-1
---ebpf-pid----6105----pid-6105
---ebpf-pid----6105----pid-6082
---ebpf-pid----6105----pid-5550
---ebpf-pid----6105----pid-1
---ebpf-pid----448787----pid-448787
---ebpf-pid----448787----pid-448520
---ebpf-pid----448787----pid-1
---ebpf-pid----448787----pid-448787
---ebpf-pid----448787----pid-448520
---ebpf-pid----448787----pid-1
---ebpf-pid----6105----pid-6105
---ebpf-pid----6105----pid-6082
---ebpf-pid----6105----pid-5550
---ebpf-pid----6105----pid-1
---ebpf-pid----6105----pid-6105
---ebpf-pid----6105----pid-6082
---ebpf-pid----6105----pid-5550
---ebpf-pid----6105----pid-1
---ebpf-pid----6105----pid-6105
---ebpf-pid----6105----pid-6082
---ebpf-pid----6105----pid-5550
---ebpf-pid----6105----pid-1
---ebpf-pid----6105----pid-6105
---ebpf-pid----6105----pid-6082
---ebpf-pid----6105----pid-5550
---ebpf-pid----6105----pid-1
---ebpf-pid----5881----pid-5881
---ebpf-pid----6105----pid-6105
---ebpf-pid----5881----pid-5550
Failed to get process information for PID 0
Failed to get process information for PID 0
---ebpf-pid----5881----pid-1
---ebpf-pid----6105----pid-6105
---ebpf-pid----6105----pid-6082
---ebpf-pid----6105----pid-6082
---ebpf-pid----6105----pid-5550
---ebpf-pid----6105----pid-5550
---ebpf-pid----6105----pid-1
---ebpf-pid----6105----pid-6105
---ebpf-pid----6105----pid-6082
---ebpf-pid----6105----pid-1
---ebpf-pid----6105----pid-6105
---ebpf-pid----6105----pid-5550
---ebpf-pid----6105----pid-6082
---ebpf-pid----6105----pid-1
---ebpf-pid----448787----pid-448787
---ebpf-pid----6105----pid-5550
---ebpf-pid----448787----pid-448520
---ebpf-pid----6105----pid-1
---ebpf-pid----6105----pid-6105
---ebpf-pid----448787----pid-1
---ebpf-pid----448787----pid-448787
---ebpf-pid----6105----pid-6082
---ebpf-pid----448787----pid-448520
---ebpf-pid----6105----pid-5550
---ebpf-pid----448787----pid-1
---ebpf-pid----6105----pid-6105
---ebpf-pid----6105----pid-1
---ebpf-pid----6105----pid-6105
---ebpf-pid----6105----pid-6082
---ebpf-pid----6105----pid-6082
---ebpf-pid----6105----pid-5550
---ebpf-pid----6105----pid-5550
---ebpf-pid----6105----pid-1
---ebpf-pid----6105----pid-1
---ebpf-pid----5881----pid-5881
---ebpf-pid----6105----pid-6105
---ebpf-pid----5881----pid-5550
---ebpf-pid----5881----pid-1
---ebpf-pid----6105----pid-6082
---ebpf-pid----5881----pid-5881
---ebpf-pid----6105----pid-5550
---ebpf-pid----5881----pid-5550
---ebpf-pid----6105----pid-1
---ebpf-pid----448546----pid-448546
---ebpf-pid----6105----pid-6105
---ebpf-pid----448546----pid-1
---ebpf-pid----6105----pid-6082
---ebpf-pid----6105----pid-6105
---ebpf-pid----6105----pid-5550
---ebpf-pid----6105----pid-6082
---ebpf-pid----6105----pid-1
---ebpf-pid----5881----pid-1
---ebpf-pid----6105----pid-5550
---ebpf-pid----6105----pid-6105
---ebpf-pid----5881----pid-5881
---ebpf-pid----6105----pid-1
---ebpf-pid----6105----pid-6082
---ebpf-pid----448787----pid-448787
---ebpf-pid----5881----pid-5550
---ebpf-pid----448787----pid-448520
---ebpf-pid----6105----pid-5550
---ebpf-pid----5881----pid-1
---ebpf-pid----5881----pid-5881
---ebpf-pid----448787----pid-1
---ebpf-pid----6105----pid-1
---ebpf-pid----6105----pid-6105
---ebpf-pid----6105----pid-6105
---ebpf-pid----5881----pid-5550
---ebpf-pid----6105----pid-6082
---ebpf-pid----6105----pid-5550
---ebpf-pid----5881----pid-1
---ebpf-pid----6105----pid-1
---ebpf-pid----5891----pid-5891
---ebpf-pid----6105----pid-6105
---ebpf-pid----6105----pid-6082
---ebpf-pid----5891----pid-5550
---ebpf-pid----6105----pid-5550
---ebpf-pid----5891----pid-1
---ebpf-pid----6105----pid-1
---ebpf-pid----6105----pid-6105
---ebpf-pid----6105----pid-6082
---ebpf-pid----448787----pid-448787
---ebpf-pid----448787----pid-448520
---ebpf-pid----6105----pid-6082
---ebpf-pid----448787----pid-1
---ebpf-pid----448787----pid-448787
---ebpf-pid----6105----pid-5550
---ebpf-pid----6105----pid-5550
---ebpf-pid----448787----pid-448520
---ebpf-pid----448787----pid-1
---ebpf-pid----448787----pid-448787
---ebpf-pid----448787----pid-448520
---ebpf-pid----6105----pid-1
---ebpf-pid----448787----pid-1
---ebpf-pid----5637----pid-5637
---ebpf-pid----6105----pid-6105
---ebpf-pid----5637----pid-1
---ebpf-pid----6105----pid-1
---ebpf-pid----6105----pid-6105
---ebpf-pid----6105----pid-6105
---ebpf-pid----6105----pid-6082
---ebpf-pid----6105----pid-6082
---ebpf-pid----6105----pid-5550
---ebpf-pid----6105----pid-5550
---ebpf-pid----6105----pid-1
---ebpf-pid----6105----pid-6105
---ebpf-pid----6105----pid-1
---ebpf-pid----448787----pid-448787
---ebpf-pid----6105----pid-6082
---ebpf-pid----448787----pid-448520
---ebpf-pid----6105----pid-5550
---ebpf-pid----448787----pid-1
---ebpf-pid----448787----pid-448787
---ebpf-pid----6105----pid-1
---ebpf-pid----448787----pid-448520
---ebpf-pid----6105----pid-6082
---ebpf-pid----448787----pid-1
---ebpf-pid----6105----pid-5550
---ebpf-pid----448783----pid-448783
---ebpf-pid----448788----pid-448788
---ebpf-pid----448783----pid-448520
---ebpf-pid----448788----pid-7255
---ebpf-pid----448783----pid-1
---ebpf-pid----448788----pid-1
---ebpf-pid----448788----pid-448788
---ebpf-pid----448546----pid-448546
---ebpf-pid----448788----pid-7255
---ebpf-pid----448546----pid-1
---ebpf-pid----6105----pid-1
---ebpf-pid----448788----pid-1
---ebpf-pid----6105----pid-6105
---ebpf-pid----448458----pid-448458
---ebpf-pid----6105----pid-6082
---ebpf-pid----448458----pid-8974
---ebpf-pid----6105----pid-5550
---ebpf-pid----448458----pid-7431
---ebpf-pid----6105----pid-1
---ebpf-pid----6105----pid-6105
---ebpf-pid----448458----pid-1
---ebpf-pid----448458----pid-448458
---ebpf-pid----6105----pid-6082
---ebpf-pid----448458----pid-8974
---ebpf-pid----448458----pid-7431
---ebpf-pid----448458----pid-1
---ebpf-pid----448788----pid-448788
---ebpf-pid----6105----pid-5550
---ebpf-pid----448788----pid-7255
---ebpf-pid----448788----pid-1
---ebpf-pid----6105----pid-1
---ebpf-pid----448788----pid-448788
---ebpf-pid----6105----pid-6105
---ebpf-pid----448788----pid-7255
---ebpf-pid----6105----pid-6082
---ebpf-pid----6105----pid-5550
---ebpf-pid----448788----pid-1
---ebpf-pid----448458----pid-448458
---ebpf-pid----6105----pid-1
---ebpf-pid----448458----pid-8974
---ebpf-pid----5879----pid-5879
---ebpf-pid----5879----pid-5550
---ebpf-pid----448458----pid-7431
---ebpf-pid----5879----pid-1
---ebpf-pid----448458----pid-1
---ebpf-pid----6105----pid-6105
---ebpf-pid----448458----pid-448458
---ebpf-pid----6105----pid-6082
---ebpf-pid----448458----pid-8974
---ebpf-pid----6105----pid-5550
---ebpf-pid----448458----pid-7431
---ebpf-pid----6105----pid-1
---ebpf-pid----448458----pid-1
---ebpf-pid----448770----pid-448770
---ebpf-pid----448788----pid-448788
---ebpf-pid----448770----pid-448520
---ebpf-pid----448458----pid-448458
---ebpf-pid----448788----pid-7255
---ebpf-pid----448770----pid-1
---ebpf-pid----448458----pid-8974
---ebpf-pid----448770----pid-448770
---ebpf-pid----448788----pid-1
---ebpf-pid----448458----pid-7431
---ebpf-pid----448788----pid-448788
---ebpf-pid----448770----pid-448520
---ebpf-pid----448458----pid-1
---ebpf-pid----448788----pid-7255
---ebpf-pid----448458----pid-448458
---ebpf-pid----448770----pid-1
---ebpf-pid----448770----pid-448770
---ebpf-pid----448788----pid-1
---ebpf-pid----448458----pid-8974
---ebpf-pid----448788----pid-448788
---ebpf-pid----448770----pid-448520
---ebpf-pid----448458----pid-7431
---ebpf-pid----448788----pid-7255
---ebpf-pid----448770----pid-1
---ebpf-pid----448785----pid-448785
---ebpf-pid----448458----pid-1
---ebpf-pid----448788----pid-1
---ebpf-pid----448788----pid-448788
---ebpf-pid----448785----pid-448520
---ebpf-pid----448785----pid-1
---ebpf-pid----448788----pid-7255
---ebpf-pid----448785----pid-448785
---ebpf-pid----448788----pid-1
---ebpf-pid----448785----pid-448520
---ebpf-pid----448458----pid-448458
---ebpf-pid----448785----pid-1
---ebpf-pid----448458----pid-8974
---ebpf-pid----448458----pid-7431
---ebpf-pid----9296----pid-9296
---ebpf-pid----9296----pid-7255
---ebpf-pid----9296----pid-1
---ebpf-pid----448458----pid-1
---ebpf-pid----9296----pid-9296
---ebpf-pid----448458----pid-448458
---ebpf-pid----9296----pid-7255
---ebpf-pid----9296----pid-1
---ebpf-pid----448458----pid-8974
---ebpf-pid----448458----pid-7431
---ebpf-pid----448458----pid-1
---ebpf-pid----448784----pid-448784
---ebpf-pid----448784----pid-448520
---ebpf-pid----448784----pid-1
---ebpf-pid----9296----pid-9296
---ebpf-pid----9296----pid-7255
---ebpf-pid----9296----pid-1
---ebpf-pid----9296----pid-9296
---ebpf-pid----9296----pid-7255
---ebpf-pid----9296----pid-1
---ebpf-pid----448786----pid-448786
---ebpf-pid----448786----pid-448520
---ebpf-pid----448786----pid-1
---ebpf-pid----448786----pid-448786
---ebpf-pid----448786----pid-448520
---ebpf-pid----448786----pid-1
---ebpf-pid----6105----pid-6105
---ebpf-pid----6105----pid-6082
---ebpf-pid----6105----pid-5550
---ebpf-pid----6105----pid-1
---ebpf-pid----5891----pid-5891
---ebpf-pid----5891----pid-5550
---ebpf-pid----5891----pid-1
---ebpf-pid----5879----pid-5879
---ebpf-pid----6105----pid-6105
---ebpf-pid----5879----pid-5550
---ebpf-pid----5879----pid-1
---ebpf-pid----6105----pid-6082
---ebpf-pid----6105----pid-5550
---ebpf-pid----6105----pid-1
---ebpf-pid----5879----pid-5879
---ebpf-pid----6105----pid-6105
---ebpf-pid----6105----pid-6082
---ebpf-pid----5879----pid-5550
---ebpf-pid----6105----pid-5550
---ebpf-pid----5879----pid-1
---ebpf-pid----5879----pid-5879
---ebpf-pid----6105----pid-1
---ebpf-pid----6105----pid-6105
---ebpf-pid----5879----pid-5550
---ebpf-pid----6105----pid-6082
---ebpf-pid----5879----pid-1
---ebpf-pid----6105----pid-6105
---ebpf-pid----6105----pid-5550
---ebpf-pid----6105----pid-6082
---ebpf-pid----6105----pid-1
---ebpf-pid----448786----pid-448786
---ebpf-pid----6105----pid-5550
---ebpf-pid----448786----pid-448520
---ebpf-pid----6105----pid-1
---ebpf-pid----6105----pid-6105
---ebpf-pid----448786----pid-1
---ebpf-pid----448786----pid-448786
---ebpf-pid----6105----pid-6082
---ebpf-pid----448786----pid-448520
---ebpf-pid----6105----pid-5550
---ebpf-pid----448786----pid-1
---ebpf-pid----6105----pid-6105
---ebpf-pid----6105----pid-1
---ebpf-pid----6105----pid-6082
---ebpf-pid----448786----pid-448786
---ebpf-pid----6105----pid-5550
---ebpf-pid----448786----pid-448520
---ebpf-pid----6105----pid-1
---ebpf-pid----6105----pid-6105
---ebpf-pid----6105----pid-6082
---ebpf-pid----6105----pid-5550
---ebpf-pid----448786----pid-1
---ebpf-pid----448786----pid-448786
---ebpf-pid----6105----pid-1
---ebpf-pid----6105----pid-6105
---ebpf-pid----448786----pid-448520
---ebpf-pid----6105----pid-6082
---ebpf-pid----448786----pid-1
---ebpf-pid----6105----pid-5550
---ebpf-pid----5891----pid-5891
---ebpf-pid----6105----pid-1
---ebpf-pid----6105----pid-6105
---ebpf-pid----5891----pid-5550
---ebpf-pid----6105----pid-6082
---ebpf-pid----5891----pid-1
---ebpf-pid----5891----pid-5891
---ebpf-pid----6105----pid-5550
---ebpf-pid----5891----pid-5550
---ebpf-pid----6105----pid-1
---ebpf-pid----6105----pid-6105
---ebpf-pid----5891----pid-1
---ebpf-pid----6105----pid-6082
---ebpf-pid----6105----pid-5550
---ebpf-pid----6105----pid-1
---ebpf-pid----6105----pid-6105
---ebpf-pid----6105----pid-6082
---ebpf-pid----6105----pid-5550
---ebpf-pid----6105----pid-1
---ebpf-pid----448786----pid-448786
---ebpf-pid----448786----pid-448520
---ebpf-pid----448786----pid-1
---ebpf-pid----6105----pid-6105
---ebpf-pid----6105----pid-6082
---ebpf-pid----6105----pid-5550
---ebpf-pid----6105----pid-1
---ebpf-pid----6105----pid-6105
---ebpf-pid----6105----pid-6082
---ebpf-pid----6105----pid-5550
---ebpf-pid----6105----pid-1
---ebpf-pid----448786----pid-448786
---ebpf-pid----448786----pid-448520
---ebpf-pid----448786----pid-1
---ebpf-pid----6105----pid-6105
---ebpf-pid----5316----pid-5316
---ebpf-pid----5316----pid-4164
---ebpf-pid----5316----pid-3417
---ebpf-pid----6105----pid-6082
---ebpf-pid----5316----pid-1
---ebpf-pid----6105----pid-5550
---ebpf-pid----6105----pid-1
---ebpf-pid----6105----pid-6105
---ebpf-pid----6105----pid-6082
---ebpf-pid----6105----pid-5550
---ebpf-pid----448786----pid-448786
---ebpf-pid----448786----pid-448520
---ebpf-pid----6105----pid-1
---ebpf-pid----448786----pid-1
---ebpf-pid----448786----pid-448786
---ebpf-pid----448786----pid-448520
Failed to get process information for PID 0
---ebpf-pid----6105----pid-6105
---ebpf-pid----448786----pid-1
---ebpf-pid----6105----pid-6082
---ebpf-pid----6105----pid-5550
---ebpf-pid----6105----pid-1
---ebpf-pid----6105----pid-6105
---ebpf-pid----6105----pid-6082
---ebpf-pid----6105----pid-5550
---ebpf-pid----6105----pid-1
---ebpf-pid----6105----pid-6105
---ebpf-pid----6105----pid-6082
---ebpf-pid----6105----pid-5550
---ebpf-pid----6105----pid-1
---ebpf-pid----6105----pid-6105
---ebpf-pid----6105----pid-6082
Failed to get process information for PID 0
---ebpf-pid----6105----pid-5550
---ebpf-pid----6105----pid-1
---ebpf-pid----6105----pid-6105
---ebpf-pid----6105----pid-6082
---ebpf-pid----6105----pid-5550
---ebpf-pid----6105----pid-1
---ebpf-pid----6105----pid-6105
---ebpf-pid----6105----pid-6082
---ebpf-pid----6105----pid-5550
---ebpf-pid----6105----pid-1
---ebpf-pid----6105----pid-6105
---ebpf-pid----6105----pid-6082
---ebpf-pid----6105----pid-5550
---ebpf-pid----6105----pid-1
---ebpf-pid----448784----pid-448784
---ebpf-pid----448784----pid-448520
---ebpf-pid----448784----pid-1
---ebpf-pid----6105----pid-6105
---ebpf-pid----6105----pid-6082
---ebpf-pid----6105----pid-5550
---ebpf-pid----6105----pid-1
---ebpf-pid----448786----pid-448786
---ebpf-pid----448786----pid-448520
---ebpf-pid----448786----pid-1
---ebpf-pid----448786----pid-448786
---ebpf-pid----448786----pid-448520
---ebpf-pid----448786----pid-1
---ebpf-pid----6105----pid-6105
---ebpf-pid----6105----pid-6082
---ebpf-pid----6105----pid-5550
---ebpf-pid----6105----pid-1
---ebpf-pid----6105----pid-6105
---ebpf-pid----6105----pid-6082
---ebpf-pid----6105----pid-5550
---ebpf-pid----6105----pid-1
---ebpf-pid----6105----pid-6105
---ebpf-pid----6105----pid-6082
---ebpf-pid----6105----pid-5550
---ebpf-pid----7312----pid-7312
Failed to get process information for PID 0
---ebpf-pid----6105----pid-1
---ebpf-pid----6105----pid-6105
---ebpf-pid----6105----pid-6082
---ebpf-pid----7312----pid-1
---ebpf-pid----6105----pid-5550
---ebpf-pid----6105----pid-1
---ebpf-pid----6105----pid-6105
---ebpf-pid----6105----pid-6082
---ebpf-pid----6105----pid-5550
---ebpf-pid----6105----pid-1
---ebpf-pid----6105----pid-6105
---ebpf-pid----6105----pid-6082
---ebpf-pid----6105----pid-5550
---ebpf-pid----6105----pid-1
---ebpf-pid----448786----pid-448786
---ebpf-pid----448786----pid-448520
---ebpf-pid----448786----pid-1
---ebpf-pid----6105----pid-6105
---ebpf-pid----6105----pid-6082
---ebpf-pid----6105----pid-5550
---ebpf-pid----6105----pid-1
---ebpf-pid----448786----pid-448786
---ebpf-pid----448786----pid-448520
---ebpf-pid----448786----pid-1
---ebpf-pid----6105----pid-6105
---ebpf-pid----6105----pid-6082
---ebpf-pid----6105----pid-5550
---ebpf-pid----6105----pid-1
---ebpf-pid----5881----pid-5881
---ebpf-pid----5881----pid-5550
---ebpf-pid----5881----pid-1
---ebpf-pid----6105----pid-6105
---ebpf-pid----6105----pid-6082
---ebpf-pid----6105----pid-5550
---ebpf-pid----6105----pid-1
---ebpf-pid----448770----pid-448770
---ebpf-pid----448770----pid-448520
---ebpf-pid----448770----pid-1
---ebpf-pid----448770----pid-448770
---ebpf-pid----448770----pid-448520
---ebpf-pid----448770----pid-1
---ebpf-pid----448770----pid-448770
---ebpf-pid----448770----pid-448520
---ebpf-pid----448770----pid-1
---ebpf-pid----448785----pid-448785
---ebpf-pid----448785----pid-448520
---ebpf-pid----448785----pid-1
---ebpf-pid----448785----pid-448785
---ebpf-pid----448785----pid-448520
---ebpf-pid----448458----pid-448458
---ebpf-pid----448785----pid-1
---ebpf-pid----448458----pid-8974
---ebpf-pid----448785----pid-448785
---ebpf-pid----448785----pid-448520
---ebpf-pid----448458----pid-7431
---ebpf-pid----448785----pid-1
---ebpf-pid----448458----pid-1
---ebpf-pid----448785----pid-448785
---ebpf-pid----448458----pid-448458
---ebpf-pid----448458----pid-8974
---ebpf-pid----448785----pid-448520
---ebpf-pid----448458----pid-7431
---ebpf-pid----448785----pid-1
---ebpf-pid----448458----pid-1
---ebpf-pid----448789----pid-448789
---ebpf-pid----448789----pid-7255
---ebpf-pid----448789----pid-1
---ebpf-pid----448789----pid-448789
---ebpf-pid----448789----pid-7255
---ebpf-pid----448789----pid-1
---ebpf-pid----448458----pid-448458
---ebpf-pid----448458----pid-8974
---ebpf-pid----448458----pid-7431
---ebpf-pid----448458----pid-1
---ebpf-pid----448783----pid-448783
---ebpf-pid----448458----pid-448458
---ebpf-pid----448458----pid-8974
---ebpf-pid----448783----pid-448520
---ebpf-pid----448458----pid-7431
---ebpf-pid----448783----pid-1
---ebpf-pid----9297----pid-9297
---ebpf-pid----9297----pid-7255
---ebpf-pid----9297----pid-1
---ebpf-pid----9297----pid-9297
---ebpf-pid----448458----pid-1
---ebpf-pid----9297----pid-7255
---ebpf-pid----448789----pid-448789
---ebpf-pid----448789----pid-7255
---ebpf-pid----9297----pid-1
---ebpf-pid----448789----pid-1
---ebpf-pid----448789----pid-448789
---ebpf-pid----448789----pid-7255
---ebpf-pid----448789----pid-1
---ebpf-pid----448458----pid-448458
---ebpf-pid----448458----pid-8974
---ebpf-pid----5891----pid-5891
---ebpf-pid----448458----pid-7431
---ebpf-pid----448458----pid-1
---ebpf-pid----448458----pid-448458
---ebpf-pid----5891----pid-5550
---ebpf-pid----448458----pid-8974
---ebpf-pid----5891----pid-1
---ebpf-pid----5891----pid-5891
---ebpf-pid----5891----pid-5550
---ebpf-pid----448458----pid-7431
---ebpf-pid----5891----pid-1
---ebpf-pid----448787----pid-448787
---ebpf-pid----448458----pid-1
---ebpf-pid----448789----pid-448789
---ebpf-pid----448787----pid-448520
---ebpf-pid----448789----pid-7255
---ebpf-pid----448787----pid-1
---ebpf-pid----448789----pid-1
---ebpf-pid----6105----pid-6105
---ebpf-pid----448789----pid-448789
---ebpf-pid----6105----pid-6082
---ebpf-pid----448789----pid-7255
---ebpf-pid----6105----pid-5550
---ebpf-pid----448789----pid-1
---ebpf-pid----448789----pid-448789
---ebpf-pid----6105----pid-1
---ebpf-pid----448789----pid-7255
---ebpf-pid----5879----pid-5879
---ebpf-pid----448789----pid-1
---ebpf-pid----5879----pid-5550
---ebpf-pid----448789----pid-448789
---ebpf-pid----5879----pid-1
---ebpf-pid----448789----pid-7255
---ebpf-pid----6105----pid-6105
---ebpf-pid----448789----pid-1
---ebpf-pid----6105----pid-6082
---ebpf-pid----448458----pid-448458
---ebpf-pid----6105----pid-5550
---ebpf-pid----448458----pid-8974
---ebpf-pid----6105----pid-1
---ebpf-pid----448787----pid-448787
---ebpf-pid----448458----pid-7431
---ebpf-pid----448787----pid-448520
---ebpf-pid----448458----pid-1
---ebpf-pid----448458----pid-448458
---ebpf-pid----448787----pid-1
---ebpf-pid----6105----pid-6105
---ebpf-pid----6105----pid-6082
---ebpf-pid----448458----pid-8974
---ebpf-pid----6105----pid-5550
---ebpf-pid----6105----pid-1
---ebpf-pid----5879----pid-5879
---ebpf-pid----448458----pid-7431
---ebpf-pid----5879----pid-5550
---ebpf-pid----5879----pid-1
---ebpf-pid----6105----pid-6105
---ebpf-pid----448458----pid-1
---ebpf-pid----9297----pid-9297
---ebpf-pid----6105----pid-6082
---ebpf-pid----6105----pid-5550
---ebpf-pid----9297----pid-7255
---ebpf-pid----6105----pid-1
---ebpf-pid----448787----pid-448787
---ebpf-pid----448787----pid-448520
---ebpf-pid----9297----pid-1
---ebpf-pid----448787----pid-1
---ebpf-pid----6105----pid-6105
---ebpf-pid----6105----pid-6082
---ebpf-pid----6105----pid-5550
---ebpf-pid----6105----pid-1
---ebpf-pid----9297----pid-9297
---ebpf-pid----5879----pid-5879
---ebpf-pid----9297----pid-7255
---ebpf-pid----5879----pid-5550
---ebpf-pid----5879----pid-1
---ebpf-pid----9297----pid-1
---ebpf-pid----9297----pid-9297
---ebpf-pid----6105----pid-6105
---ebpf-pid----9297----pid-7255
---ebpf-pid----9297----pid-1
---ebpf-pid----6105----pid-6082
---ebpf-pid----9297----pid-9297
---ebpf-pid----6105----pid-5550
---ebpf-pid----6105----pid-1
---ebpf-pid----6105----pid-6105
---ebpf-pid----9297----pid-7255
---ebpf-pid----6105----pid-6082
---ebpf-pid----6105----pid-5550
---ebpf-pid----6105----pid-1
---ebpf-pid----9297----pid-1
---ebpf-pid----448787----pid-448787
---ebpf-pid----5879----pid-5879
---ebpf-pid----448787----pid-448520
---ebpf-pid----448787----pid-1
---ebpf-pid----448787----pid-448787
---ebpf-pid----5879----pid-5550
---ebpf-pid----448787----pid-448520
---ebpf-pid----5879----pid-1
---ebpf-pid----448787----pid-1
---ebpf-pid----6105----pid-6105
---ebpf-pid----6105----pid-6082
---ebpf-pid----6105----pid-6105
---ebpf-pid----6105----pid-5550
---ebpf-pid----6105----pid-1
---ebpf-pid----6105----pid-6082
---ebpf-pid----448787----pid-448787
---ebpf-pid----448787----pid-448520
---ebpf-pid----6105----pid-5550
---ebpf-pid----448787----pid-1
---ebpf-pid----6105----pid-1
Failed to get process information for PID 0
---ebpf-pid----6105----pid-6105
---ebpf-pid----4210----pid-4210
---ebpf-pid----6105----pid-6082
---ebpf-pid----4210----pid-4164
---ebpf-pid----6105----pid-5550
---ebpf-pid----4210----pid-3417
---ebpf-pid----6105----pid-1
---ebpf-pid----5614----pid-5614
---ebpf-pid----4210----pid-1
---ebpf-pid----5614----pid-1
---ebpf-pid----6105----pid-6105
---ebpf-pid----448787----pid-448787
---ebpf-pid----448787----pid-448520
---ebpf-pid----6105----pid-6082
---ebpf-pid----448787----pid-1
---ebpf-pid----6105----pid-5550
---ebpf-pid----448787----pid-448787
---ebpf-pid----6105----pid-1
---ebpf-pid----448787----pid-448520
---ebpf-pid----448524----pid-448524
---ebpf-pid----448787----pid-1
---ebpf-pid----6105----pid-6105
---ebpf-pid----6105----pid-6105
---ebpf-pid----6105----pid-6082
---ebpf-pid----6105----pid-5550
---ebpf-pid----6105----pid-6082
---ebpf-pid----6105----pid-5550
---ebpf-pid----448524----pid-1
---ebpf-pid----448787----pid-448787
---ebpf-pid----6105----pid-1
---ebpf-pid----448782----pid-448782
---ebpf-pid----448782----pid-448520
---ebpf-pid----448782----pid-1
---ebpf-pid----448770----pid-448770
---ebpf-pid----448770----pid-448520
---ebpf-pid----448787----pid-448520
---ebpf-pid----448787----pid-1
---ebpf-pid----448770----pid-1
---ebpf-pid----448787----pid-448787
---ebpf-pid----448787----pid-448520
---ebpf-pid----448787----pid-1
---ebpf-pid----5879----pid-5879
---ebpf-pid----5879----pid-5550
---ebpf-pid----6105----pid-1
---ebpf-pid----448770----pid-448770
---ebpf-pid----448770----pid-448520
---ebpf-pid----448770----pid-1
---ebpf-pid----448770----pid-448770
---ebpf-pid----448770----pid-448520
---ebpf-pid----448770----pid-1
---ebpf-pid----5879----pid-1
---ebpf-pid----6105----pid-6105
---ebpf-pid----6105----pid-6082
---ebpf-pid----6105----pid-5550
---ebpf-pid----448784----pid-448784
---ebpf-pid----6105----pid-1
---ebpf-pid----6105----pid-6105
---ebpf-pid----6105----pid-6082
---ebpf-pid----9298----pid-9298
---ebpf-pid----6105----pid-5550
---ebpf-pid----6105----pid-1
---ebpf-pid----9298----pid-7255
---ebpf-pid----6105----pid-6105
---ebpf-pid----6105----pid-6082
---ebpf-pid----6105----pid-5550
---ebpf-pid----9298----pid-1
---ebpf-pid----6105----pid-1
---ebpf-pid----448784----pid-448520
---ebpf-pid----6105----pid-6105
---ebpf-pid----448784----pid-1
---ebpf-pid----6105----pid-6082
---ebpf-pid----448784----pid-448784
---ebpf-pid----6105----pid-5550
---ebpf-pid----6105----pid-1
---ebpf-pid----6105----pid-6105
---ebpf-pid----448784----pid-448520
---ebpf-pid----6105----pid-6082
---ebpf-pid----6105----pid-5550
---ebpf-pid----448784----pid-1
---ebpf-pid----6105----pid-1
---ebpf-pid----448787----pid-448787
---ebpf-pid----448784----pid-448784
---ebpf-pid----448787----pid-448520
---ebpf-pid----448784----pid-448520
---ebpf-pid----448787----pid-1
---ebpf-pid----6105----pid-6105
---ebpf-pid----448784----pid-1
---ebpf-pid----448784----pid-448784
---ebpf-pid----6105----pid-6082
---ebpf-pid----448784----pid-448520
---ebpf-pid----6105----pid-5550
---ebpf-pid----448784----pid-1
---ebpf-pid----6105----pid-1
---ebpf-pid----448784----pid-448784
---ebpf-pid----6105----pid-6105
---ebpf-pid----448784----pid-448520
---ebpf-pid----6105----pid-6082
---ebpf-pid----448784----pid-1
---ebpf-pid----6105----pid-5550
---ebpf-pid----448790----pid-448790
---ebpf-pid----6105----pid-1
---ebpf-pid----448787----pid-448787
---ebpf-pid----448790----pid-7255
---ebpf-pid----448787----pid-448520
---ebpf-pid----448790----pid-1
---ebpf-pid----448790----pid-448790
---ebpf-pid----448787----pid-1
---ebpf-pid----6105----pid-6105
---ebpf-pid----448790----pid-7255
---ebpf-pid----448790----pid-1
---ebpf-pid----6105----pid-6082
---ebpf-pid----448458----pid-448458
---ebpf-pid----6105----pid-5550
---ebpf-pid----448458----pid-8974
---ebpf-pid----448458----pid-7431
---ebpf-pid----6105----pid-1
---ebpf-pid----6105----pid-6105
---ebpf-pid----448458----pid-1
---ebpf-pid----448458----pid-448458
---ebpf-pid----6105----pid-6082
---ebpf-pid----448458----pid-8974
---ebpf-pid----448458----pid-7431
---ebpf-pid----6105----pid-5550
---ebpf-pid----448458----pid-1
---ebpf-pid----448790----pid-448790
---ebpf-pid----6105----pid-1
---ebpf-pid----6105----pid-6105
---ebpf-pid----448790----pid-7255
---ebpf-pid----6105----pid-6082
---ebpf-pid----448790----pid-1
---ebpf-pid----448790----pid-448790
---ebpf-pid----6105----pid-5550
---ebpf-pid----6105----pid-1
---ebpf-pid----448790----pid-7255
---ebpf-pid----6105----pid-6105
---ebpf-pid----448790----pid-1
---ebpf-pid----6105----pid-6082
---ebpf-pid----448458----pid-448458
---ebpf-pid----6105----pid-5550
---ebpf-pid----448458----pid-8974
---ebpf-pid----6105----pid-1
---ebpf-pid----448787----pid-448787
---ebpf-pid----448458----pid-7431
---ebpf-pid----448787----pid-448520
---ebpf-pid----448458----pid-1
---ebpf-pid----448458----pid-448458
---ebpf-pid----448787----pid-1
---ebpf-pid----6105----pid-6105
---ebpf-pid----448458----pid-8974
---ebpf-pid----6105----pid-6082
---ebpf-pid----448458----pid-7431
---ebpf-pid----6105----pid-5550
---ebpf-pid----6105----pid-1
---ebpf-pid----448458----pid-1
---ebpf-pid----6105----pid-6105
---ebpf-pid----448790----pid-448790
---ebpf-pid----6105----pid-6082
---ebpf-pid----448790----pid-7255
---ebpf-pid----6105----pid-5550
---ebpf-pid----448790----pid-1
---ebpf-pid----448790----pid-448790
---ebpf-pid----6105----pid-1
---ebpf-pid----448787----pid-448787
---ebpf-pid----448790----pid-7255
Failed to get process information for PID 0
---ebpf-pid----448787----pid-448520
---ebpf-pid----448790----pid-1
---ebpf-pid----448790----pid-448790
---ebpf-pid----448787----pid-1
---ebpf-pid----6105----pid-6105
---ebpf-pid----448790----pid-7255
---ebpf-pid----6105----pid-6082
---ebpf-pid----448790----pid-1
---ebpf-pid----448790----pid-448790
---ebpf-pid----6105----pid-5550
---ebpf-pid----448790----pid-7255
---ebpf-pid----6105----pid-1
---ebpf-pid----6105----pid-6105
---ebpf-pid----448790----pid-1
---ebpf-pid----448458----pid-448458
---ebpf-pid----6105----pid-6082
---ebpf-pid----448458----pid-8974
---ebpf-pid----6105----pid-5550
---ebpf-pid----448458----pid-7431
---ebpf-pid----6105----pid-1
---ebpf-pid----448458----pid-1
---ebpf-pid----448458----pid-448458
---ebpf-pid----6105----pid-6105
---ebpf-pid----448458----pid-8974
---ebpf-pid----6105----pid-6082
---ebpf-pid----448458----pid-7431
---ebpf-pid----6105----pid-5550
---ebpf-pid----448458----pid-1
---ebpf-pid----6105----pid-1
---ebpf-pid----6105----pid-6105
---ebpf-pid----6105----pid-6082
---ebpf-pid----448458----pid-448458
---ebpf-pid----6105----pid-5550
---ebpf-pid----6105----pid-1
---ebpf-pid----448458----pid-8974
---ebpf-pid----6105----pid-6105
---ebpf-pid----448458----pid-7431
---ebpf-pid----6105----pid-6082
---ebpf-pid----448458----pid-1
---ebpf-pid----6105----pid-5550
---ebpf-pid----448458----pid-448458
---ebpf-pid----6105----pid-1
---ebpf-pid----448458----pid-8974
---ebpf-pid----6105----pid-6105
---ebpf-pid----448458----pid-7431
---ebpf-pid----6105----pid-6082
---ebpf-pid----6105----pid-5550
---ebpf-pid----448458----pid-1
---ebpf-pid----6105----pid-1
---ebpf-pid----6105----pid-6105
---ebpf-pid----6105----pid-6082
---ebpf-pid----9298----pid-9298
---ebpf-pid----6105----pid-5550
---ebpf-pid----6105----pid-1
---ebpf-pid----9298----pid-7255
---ebpf-pid----9298----pid-1
---ebpf-pid----9298----pid-9298
---ebpf-pid----9298----pid-7255
---ebpf-pid----448782----pid-448782
---ebpf-pid----9298----pid-1
---ebpf-pid----448782----pid-448520
---ebpf-pid----448782----pid-1
---ebpf-pid----9298----pid-9298
---ebpf-pid----9298----pid-7255
---ebpf-pid----9298----pid-1
---ebpf-pid----9298----pid-9298
---ebpf-pid----9298----pid-7255
---ebpf-pid----9298----pid-1
---ebpf-pid----9298----pid-9298
---ebpf-pid----9298----pid-7255
---ebpf-pid----9298----pid-1
---ebpf-pid----9298----pid-9298
---ebpf-pid----9298----pid-7255
---ebpf-pid----9298----pid-1
---ebpf-pid----9298----pid-9298
---ebpf-pid----9298----pid-7255
---ebpf-pid----9298----pid-1
---ebpf-pid----9298----pid-9298
---ebpf-pid----9298----pid-7255
---ebpf-pid----9298----pid-1
---ebpf-pid----448786----pid-448786
---ebpf-pid----5879----pid-5879
---ebpf-pid----448786----pid-448520
---ebpf-pid----5879----pid-5550
---ebpf-pid----5879----pid-1
---ebpf-pid----448786----pid-1
---ebpf-pid----448786----pid-448786
---ebpf-pid----448786----pid-448520
---ebpf-pid----448786----pid-1
---ebpf-pid----5879----pid-5879
---ebpf-pid----5879----pid-5550
---ebpf-pid----5879----pid-1
---ebpf-pid----6105----pid-6105
---ebpf-pid----6105----pid-6082
---ebpf-pid----6105----pid-5550
---ebpf-pid----6105----pid-1
---ebpf-pid----6105----pid-6105
---ebpf-pid----6105----pid-6082
---ebpf-pid----6105----pid-5550
---ebpf-pid----6105----pid-1
---ebpf-pid----5879----pid-5879
---ebpf-pid----6105----pid-6105
---ebpf-pid----5879----pid-5550
---ebpf-pid----6105----pid-6082
---ebpf-pid----5879----pid-1
---ebpf-pid----448786----pid-448786
---ebpf-pid----6105----pid-5550
---ebpf-pid----448786----pid-448520
---ebpf-pid----6105----pid-1
---ebpf-pid----6105----pid-6105
---ebpf-pid----448786----pid-1
---ebpf-pid----6105----pid-6082
---ebpf-pid----6105----pid-5550
---ebpf-pid----6105----pid-1
---ebpf-pid----5891----pid-5891
---ebpf-pid----5891----pid-5550
---ebpf-pid----5891----pid-1
---ebpf-pid----6105----pid-6105
---ebpf-pid----6105----pid-6082
---ebpf-pid----6105----pid-5550
---ebpf-pid----6105----pid-1
---ebpf-pid----6105----pid-6105
---ebpf-pid----6105----pid-6105
---ebpf-pid----6105----pid-6082
---ebpf-pid----6105----pid-6082
---ebpf-pid----6105----pid-5550
---ebpf-pid----6105----pid-5550
---ebpf-pid----6105----pid-1
---ebpf-pid----6105----pid-1
---ebpf-pid----6105----pid-6105
---ebpf-pid----6105----pid-6082
---ebpf-pid----6105----pid-5550
---ebpf-pid----6105----pid-1
---ebpf-pid----448786----pid-448786
---ebpf-pid----448786----pid-448520
---ebpf-pid----448786----pid-1
---ebpf-pid----448786----pid-448786
---ebpf-pid----448786----pid-448520
---ebpf-pid----448786----pid-1
---ebpf-pid----448785----pid-448785
---ebpf-pid----448785----pid-448520
---ebpf-pid----448785----pid-1
---ebpf-pid----6105----pid-6105
---ebpf-pid----6105----pid-6082
---ebpf-pid----6105----pid-5550
---ebpf-pid----6105----pid-1
---ebpf-pid----6105----pid-6105
---ebpf-pid----6105----pid-6082
---ebpf-pid----6105----pid-6105
---ebpf-pid----6105----pid-5550
---ebpf-pid----448786----pid-448786
---ebpf-pid----6105----pid-6082
---ebpf-pid----6105----pid-1
---ebpf-pid----6105----pid-5550
---ebpf-pid----6105----pid-6105
---ebpf-pid----6105----pid-1
---ebpf-pid----448785----pid-448785
---ebpf-pid----448785----pid-448520
---ebpf-pid----6105----pid-6082
---ebpf-pid----448785----pid-1
---ebpf-pid----6105----pid-6105
---ebpf-pid----6105----pid-5550
---ebpf-pid----6105----pid-6082
---ebpf-pid----6105----pid-1
---ebpf-pid----6105----pid-5550
---ebpf-pid----6105----pid-6105
---ebpf-pid----6105----pid-1
---ebpf-pid----6105----pid-6082
---ebpf-pid----6105----pid-6105
---ebpf-pid----6105----pid-5550
---ebpf-pid----6105----pid-6082
---ebpf-pid----6105----pid-1
---ebpf-pid----1856----pid-1856
---ebpf-pid----6105----pid-5550
---ebpf-pid----1856----pid-1
---ebpf-pid----448786----pid-448786
---ebpf-pid----6105----pid-1
---ebpf-pid----6105----pid-6105
---ebpf-pid----448786----pid-448520
---ebpf-pid----448786----pid-1
---ebpf-pid----6105----pid-6082
---ebpf-pid----448786----pid-448786
---ebpf-pid----448786----pid-448520
---ebpf-pid----6105----pid-5550
---ebpf-pid----448786----pid-448520
---ebpf-pid----6105----pid-1
---ebpf-pid----448786----pid-1
---ebpf-pid----448786----pid-1
---ebpf-pid----448786----pid-448786
---ebpf-pid----5614----pid-5614
---ebpf-pid----448786----pid-448520
---ebpf-pid----5614----pid-1
---ebpf-pid----5614----pid-5614
---ebpf-pid----6105----pid-6105
---ebpf-pid----5614----pid-1
---ebpf-pid----6105----pid-6082
---ebpf-pid----448786----pid-448786
---ebpf-pid----448786----pid-1
---ebpf-pid----448786----pid-448520
---ebpf-pid----6105----pid-6105
---ebpf-pid----448786----pid-1
---ebpf-pid----448786----pid-448786
---ebpf-pid----6105----pid-6082
---ebpf-pid----448786----pid-448520
---ebpf-pid----6105----pid-5550
---ebpf-pid----448786----pid-1
---ebpf-pid----6105----pid-1
---ebpf-pid----6105----pid-6105
---ebpf-pid----5881----pid-5881
---ebpf-pid----6105----pid-6082
---ebpf-pid----5881----pid-5550
---ebpf-pid----6105----pid-5550
---ebpf-pid----5881----pid-1
---ebpf-pid----6105----pid-1
---ebpf-pid----6105----pid-5550
---ebpf-pid----6105----pid-1
---ebpf-pid----6105----pid-6105
---ebpf-pid----6105----pid-6082
---ebpf-pid----5891----pid-5891
---ebpf-pid----5891----pid-5550
---ebpf-pid----5891----pid-1
---ebpf-pid----6105----pid-6105
---ebpf-pid----6105----pid-5550
---ebpf-pid----6105----pid-6082
---ebpf-pid----6105----pid-1
---ebpf-pid----6105----pid-5550
---ebpf-pid----6105----pid-1
---ebpf-pid----6105----pid-6105
---ebpf-pid----6105----pid-6105
---ebpf-pid----6105----pid-6082
---ebpf-pid----6105----pid-6082
---ebpf-pid----6105----pid-5550
---ebpf-pid----6105----pid-5550
---ebpf-pid----6105----pid-1
---ebpf-pid----6105----pid-1
---ebpf-pid----448786----pid-448786
---ebpf-pid----448786----pid-448520
---ebpf-pid----448785----pid-448785
---ebpf-pid----448785----pid-448520
---ebpf-pid----448786----pid-1
---ebpf-pid----448786----pid-448786
---ebpf-pid----448785----pid-1
---ebpf-pid----448785----pid-448785
---ebpf-pid----448786----pid-448520
---ebpf-pid----448785----pid-448520
---ebpf-pid----448786----pid-1
---ebpf-pid----5881----pid-5881
---ebpf-pid----448785----pid-1
---ebpf-pid----5881----pid-5550
---ebpf-pid----448785----pid-448785
---ebpf-pid----448785----pid-448520
---ebpf-pid----5881----pid-1
---ebpf-pid----6105----pid-6105
---ebpf-pid----448785----pid-1
---ebpf-pid----6105----pid-6082
---ebpf-pid----448785----pid-448785
---ebpf-pid----6105----pid-5550
---ebpf-pid----448785----pid-448520
---ebpf-pid----6105----pid-1
---ebpf-pid----6105----pid-6105
---ebpf-pid----448785----pid-1
---ebpf-pid----6105----pid-6082
---ebpf-pid----6105----pid-5550
---ebpf-pid----6105----pid-1
---ebpf-pid----448786----pid-448786
---ebpf-pid----448786----pid-448520
---ebpf-pid----448786----pid-1
---ebpf-pid----6105----pid-6105
---ebpf-pid----6105----pid-6082
---ebpf-pid----448793----pid-448793
---ebpf-pid----6105----pid-5550
---ebpf-pid----6105----pid-1
---ebpf-pid----448793----pid-7255
---ebpf-pid----6105----pid-6105
---ebpf-pid----6105----pid-6082
---ebpf-pid----448793----pid-1
---ebpf-pid----448793----pid-448793
---ebpf-pid----6105----pid-5550
---ebpf-pid----448793----pid-7255
---ebpf-pid----6105----pid-1
---ebpf-pid----6105----pid-6105
---ebpf-pid----448793----pid-1
---ebpf-pid----6105----pid-6082
---ebpf-pid----6105----pid-6105
---ebpf-pid----6105----pid-5550
---ebpf-pid----6105----pid-6082
---ebpf-pid----6105----pid-1
---ebpf-pid----6105----pid-6105
---ebpf-pid----6105----pid-5550
---ebpf-pid----6105----pid-6082
---ebpf-pid----6105----pid-1
---ebpf-pid----6105----pid-5550
---ebpf-pid----6105----pid-6105
---ebpf-pid----6105----pid-1
---ebpf-pid----448784----pid-448784
---ebpf-pid----6105----pid-6082
---ebpf-pid----448784----pid-448520
---ebpf-pid----6105----pid-5550
---ebpf-pid----448784----pid-1
---ebpf-pid----6105----pid-1
---ebpf-pid----6105----pid-6105
---ebpf-pid----448458----pid-448458
---ebpf-pid----6105----pid-6082
---ebpf-pid----6105----pid-5550
---ebpf-pid----448458----pid-8974
---ebpf-pid----6105----pid-1
---ebpf-pid----6105----pid-6105
---ebpf-pid----6105----pid-6082
---ebpf-pid----448458----pid-7431
---ebpf-pid----448458----pid-1
---ebpf-pid----6105----pid-5550
---ebpf-pid----448458----pid-448458
---ebpf-pid----6105----pid-1
---ebpf-pid----448770----pid-448770
---ebpf-pid----448770----pid-448520
---ebpf-pid----448458----pid-8974
---ebpf-pid----448770----pid-1
---ebpf-pid----448458----pid-7431
---ebpf-pid----448770----pid-448770
---ebpf-pid----448458----pid-1
---ebpf-pid----448458----pid-448458
---ebpf-pid----448770----pid-448520
---ebpf-pid----448458----pid-8974
---ebpf-pid----448770----pid-1
---ebpf-pid----448458----pid-7431
---ebpf-pid----448770----pid-448770
---ebpf-pid----448770----pid-448520
---ebpf-pid----448458----pid-1
---ebpf-pid----448458----pid-448458
---ebpf-pid----448770----pid-1
---ebpf-pid----448793----pid-448793
---ebpf-pid----448458----pid-8974
---ebpf-pid----448793----pid-7255
---ebpf-pid----448458----pid-7431
---ebpf-pid----448793----pid-1
---ebpf-pid----448793----pid-448793
---ebpf-pid----448458----pid-1
---ebpf-pid----448793----pid-7255
---ebpf-pid----448793----pid-448793
---ebpf-pid----448793----pid-1
---ebpf-pid----448793----pid-7255
---ebpf-pid----448793----pid-448793
---ebpf-pid----448793----pid-1
---ebpf-pid----448793----pid-7255
---ebpf-pid----448793----pid-448793
---ebpf-pid----448793----pid-1
---ebpf-pid----448793----pid-448793
---ebpf-pid----448793----pid-7255
---ebpf-pid----448793----pid-7255
---ebpf-pid----448793----pid-1
---ebpf-pid----448793----pid-1
---ebpf-pid----448458----pid-448458
---ebpf-pid----448458----pid-8974
---ebpf-pid----448458----pid-7431
---ebpf-pid----448458----pid-1
---ebpf-pid----448458----pid-448458
---ebpf-pid----448458----pid-8974
---ebpf-pid----448458----pid-7431
---ebpf-pid----448458----pid-1
---ebpf-pid----448458----pid-448458
---ebpf-pid----448458----pid-8974
---ebpf-pid----448458----pid-7431
---ebpf-pid----448458----pid-1
---ebpf-pid----448458----pid-448458
---ebpf-pid----448458----pid-8974
---ebpf-pid----448458----pid-7431
---ebpf-pid----448458----pid-1
---ebpf-pid----9299----pid-9299
---ebpf-pid----9299----pid-7255
---ebpf-pid----448782----pid-448782
---ebpf-pid----448782----pid-448520
---ebpf-pid----9299----pid-1
---ebpf-pid----9299----pid-9299
---ebpf-pid----448782----pid-1
---ebpf-pid----448782----pid-448782
---ebpf-pid----9299----pid-7255
---ebpf-pid----448782----pid-448520
---ebpf-pid----448782----pid-1
---ebpf-pid----9299----pid-1
---ebpf-pid----9299----pid-9299
---ebpf-pid----9299----pid-7255
---ebpf-pid----9299----pid-1
---ebpf-pid----9299----pid-9299
---ebpf-pid----9299----pid-7255
---ebpf-pid----9299----pid-1
---ebpf-pid----448787----pid-448787
---ebpf-pid----448787----pid-448520
---ebpf-pid----6105----pid-6105
---ebpf-pid----6105----pid-6105
---ebpf-pid----448787----pid-1
---ebpf-pid----448787----pid-448787
---ebpf-pid----6105----pid-6082
---ebpf-pid----6105----pid-6082
---ebpf-pid----448787----pid-448520
---ebpf-pid----6105----pid-5550
---ebpf-pid----448787----pid-1
---ebpf-pid----5879----pid-5879
---ebpf-pid----6105----pid-1
---ebpf-pid----5879----pid-5550
---ebpf-pid----6105----pid-5550
---ebpf-pid----5879----pid-1
---ebpf-pid----5881----pid-5881
---ebpf-pid----6105----pid-1
---ebpf-pid----6105----pid-6105
---ebpf-pid----5881----pid-5550
---ebpf-pid----6105----pid-6082
---ebpf-pid----5881----pid-1
---ebpf-pid----6105----pid-5550
---ebpf-pid----6105----pid-1
---ebpf-pid----6105----pid-6105
---ebpf-pid----6105----pid-6082
---ebpf-pid----6105----pid-5550
---ebpf-pid----448787----pid-448787
---ebpf-pid----448787----pid-448520
---ebpf-pid----6105----pid-1
---ebpf-pid----448787----pid-1
---ebpf-pid----448787----pid-448787
---ebpf-pid----448787----pid-448520
---ebpf-pid----448787----pid-1
---ebpf-pid----6105----pid-6105
---ebpf-pid----6105----pid-6082
---ebpf-pid----6105----pid-5550
---ebpf-pid----6105----pid-1
---ebpf-pid----6105----pid-6105
---ebpf-pid----6105----pid-6082
---ebpf-pid----5879----pid-5879
---ebpf-pid----6105----pid-5550
---ebpf-pid----5879----pid-5550
---ebpf-pid----6105----pid-1
---ebpf-pid----6105----pid-6105
---ebpf-pid----5879----pid-1
---ebpf-pid----5879----pid-5879
---ebpf-pid----6105----pid-6082
---ebpf-pid----5879----pid-5550
---ebpf-pid----6105----pid-5550
---ebpf-pid----5879----pid-1
---ebpf-pid----6105----pid-6105
---ebpf-pid----6105----pid-1
---ebpf-pid----6105----pid-6105
---ebpf-pid----6105----pid-6082
---ebpf-pid----6105----pid-6082
---ebpf-pid----6105----pid-5550
---ebpf-pid----6105----pid-5550
---ebpf-pid----6105----pid-1
---ebpf-pid----6105----pid-6105
---ebpf-pid----6105----pid-6082
---ebpf-pid----6105----pid-1
---ebpf-pid----6105----pid-5550
---ebpf-pid----6105----pid-1
---ebpf-pid----5881----pid-5881
---ebpf-pid----5881----pid-5550
---ebpf-pid----448787----pid-448787
---ebpf-pid----5881----pid-1
---ebpf-pid----5881----pid-5881
---ebpf-pid----448787----pid-448520
---ebpf-pid----5881----pid-5550
---ebpf-pid----448787----pid-1
---ebpf-pid----448787----pid-448787
---ebpf-pid----5881----pid-1
---ebpf-pid----6105----pid-6105
---ebpf-pid----448787----pid-448520
---ebpf-pid----6105----pid-6082
---ebpf-pid----448787----pid-1
---ebpf-pid----448787----pid-448787
---ebpf-pid----6105----pid-5550
---ebpf-pid----448787----pid-448520
---ebpf-pid----6105----pid-1
---ebpf-pid----6105----pid-6105
---ebpf-pid----448787----pid-1
---ebpf-pid----448787----pid-448787
---ebpf-pid----6105----pid-6082
---ebpf-pid----448787----pid-448520
---ebpf-pid----6105----pid-5550
---ebpf-pid----448787----pid-1
---ebpf-pid----6105----pid-1
---ebpf-pid----6105----pid-6105
---ebpf-pid----6105----pid-6082
---ebpf-pid----6105----pid-5550
---ebpf-pid----6105----pid-1
---ebpf-pid----6105----pid-6105
---ebpf-pid----6105----pid-6082
---ebpf-pid----14----pid-14
Failed to get process information for PID 0
---ebpf-pid----6105----pid-5550
---ebpf-pid----14----pid-2
---ebpf-pid----6105----pid-1
---ebpf-pid----6105----pid-6105
---ebpf-pid----6105----pid-6082
---ebpf-pid----6105----pid-5550
---ebpf-pid----6105----pid-1
---ebpf-pid----6105----pid-6105
---ebpf-pid----6105----pid-6082
---ebpf-pid----6105----pid-5550
---ebpf-pid----6105----pid-1
---ebpf-pid----6105----pid-6105
---ebpf-pid----6105----pid-6082
---ebpf-pid----6105----pid-5550
---ebpf-pid----6105----pid-1
---ebpf-pid----6105----pid-6105
---ebpf-pid----6105----pid-6082
---ebpf-pid----6105----pid-5550
---ebpf-pid----6105----pid-1
---ebpf-pid----448787----pid-448787
---ebpf-pid----448787----pid-448520
---ebpf-pid----448787----pid-1
---ebpf-pid----6105----pid-6105
Failed to get process information for PID 0
---ebpf-pid----6105----pid-6082
---ebpf-pid----6105----pid-5550
---ebpf-pid----6105----pid-1
---ebpf-pid----6105----pid-6105
---ebpf-pid----6105----pid-6082
---ebpf-pid----6105----pid-5550
---ebpf-pid----6105----pid-1
---ebpf-pid----448787----pid-448787
---ebpf-pid----448787----pid-448520
---ebpf-pid----448787----pid-1
---ebpf-pid----6105----pid-6105
---ebpf-pid----6105----pid-6082
---ebpf-pid----6105----pid-5550
---ebpf-pid----6105----pid-1
---ebpf-pid----6105----pid-6105
---ebpf-pid----6105----pid-6082
---ebpf-pid----6105----pid-5550
---ebpf-pid----6105----pid-1
---ebpf-pid----448524----pid-448524
---ebpf-pid----448524----pid-1
---ebpf-pid----6105----pid-6105
---ebpf-pid----6105----pid-6082
---ebpf-pid----6105----pid-5550
---ebpf-pid----6105----pid-1
---ebpf-pid----6105----pid-6105
---ebpf-pid----6105----pid-6082
---ebpf-pid----6105----pid-5550
---ebpf-pid----6105----pid-1
---ebpf-pid----448787----pid-448787
---ebpf-pid----448787----pid-448520
---ebpf-pid----448787----pid-1
---ebpf-pid----6105----pid-6105
---ebpf-pid----6105----pid-6082
---ebpf-pid----6105----pid-6105
---ebpf-pid----6105----pid-5550
---ebpf-pid----2089----pid-2089
---ebpf-pid----6105----pid-6082
---ebpf-pid----2089----pid-1
---ebpf-pid----6105----pid-1
---ebpf-pid----2089----pid-2089
---ebpf-pid----6105----pid-6105
---ebpf-pid----6105----pid-5550
---ebpf-pid----2089----pid-1
---ebpf-pid----6105----pid-6082
---ebpf-pid----6105----pid-1
---ebpf-pid----6105----pid-5550
---ebpf-pid----6105----pid-1
---ebpf-pid----448787----pid-448787
---ebpf-pid----448787----pid-448520
---ebpf-pid----448787----pid-1
---ebpf-pid----6105----pid-6105
---ebpf-pid----6105----pid-6082
---ebpf-pid----6105----pid-5550
---ebpf-pid----6105----pid-1
---ebpf-pid----6105----pid-6105
---ebpf-pid----448784----pid-448784
---ebpf-pid----6105----pid-6082
---ebpf-pid----6105----pid-5550
---ebpf-pid----448784----pid-448520
---ebpf-pid----448784----pid-1
---ebpf-pid----6105----pid-1
---ebpf-pid----448784----pid-448784
---ebpf-pid----6105----pid-6105
---ebpf-pid----448784----pid-448520
---ebpf-pid----6105----pid-6082
---ebpf-pid----448784----pid-1
---ebpf-pid----6105----pid-5550
---ebpf-pid----6105----pid-1
---ebpf-pid----448788----pid-448788
---ebpf-pid----6105----pid-6105
---ebpf-pid----448788----pid-7255
---ebpf-pid----6105----pid-6082
---ebpf-pid----448788----pid-1
---ebpf-pid----448788----pid-448788
---ebpf-pid----6105----pid-5550
---ebpf-pid----448788----pid-7255
---ebpf-pid----448788----pid-1
---ebpf-pid----6105----pid-1
---ebpf-pid----448787----pid-448787
---ebpf-pid----448787----pid-448520
---ebpf-pid----448787----pid-1
---ebpf-pid----448787----pid-448787
---ebpf-pid----448787----pid-448520
---ebpf-pid----448787----pid-1
---ebpf-pid----6105----pid-6105
---ebpf-pid----6105----pid-6082
---ebpf-pid----6105----pid-5550
---ebpf-pid----6105----pid-1
---ebpf-pid----6105----pid-6105
---ebpf-pid----6105----pid-6082
---ebpf-pid----6105----pid-5550
---ebpf-pid----6105----pid-1
---ebpf-pid----5881----pid-5881
---ebpf-pid----5881----pid-5550
---ebpf-pid----5881----pid-1
---ebpf-pid----448770----pid-448770
---ebpf-pid----448770----pid-448520
---ebpf-pid----448770----pid-1
---ebpf-pid----448770----pid-448770
---ebpf-pid----448770----pid-448520
---ebpf-pid----448770----pid-1
---ebpf-pid----448770----pid-448770
---ebpf-pid----448770----pid-448520
---ebpf-pid----448770----pid-1
---ebpf-pid----448458----pid-448458
---ebpf-pid----448458----pid-8974
---ebpf-pid----448458----pid-7431
---ebpf-pid----448458----pid-1
---ebpf-pid----9296----pid-9296
---ebpf-pid----448458----pid-448458
---ebpf-pid----9296----pid-7255
---ebpf-pid----9296----pid-1
---ebpf-pid----9296----pid-9296
[2m2024-05-24 09:48:50[0m [32m INFO[0m [2mkube_guardian::watch[0m[2m:[0m pod name nginx-deployment-7c79c4bf97-jrtdg
---ebpf-pid----448458----pid-8974
---ebpf-pid----9296----pid-7255
---ebpf-pid----9296----pid-1
---ebpf-pid----448458----pid-7431
---ebpf-pid----9296----pid-9296
---ebpf-pid----9296----pid-7255
---ebpf-pid----448458----pid-1
---ebpf-pid----9296----pid-1
---ebpf-pid----9296----pid-9296
---ebpf-pid----448788----pid-448788
---ebpf-pid----9296----pid-7255
---ebpf-pid----9296----pid-1
---ebpf-pid----448788----pid-7255
---ebpf-pid----448788----pid-1
---ebpf-pid----448788----pid-448788
---ebpf-pid----448788----pid-7255
---ebpf-pid----448788----pid-1
---ebpf-pid----448458----pid-448458
---ebpf-pid----448458----pid-8974
---ebpf-pid----448458----pid-7431
---ebpf-pid----448458----pid-1
---ebpf-pid----448458----pid-448458
---ebpf-pid----448458----pid-8974
---ebpf-pid----448458----pid-7431
---ebpf-pid----448458----pid-1
---ebpf-pid----448788----pid-448788
---ebpf-pid----448788----pid-7255
---ebpf-pid----448788----pid-1
---ebpf-pid----448788----pid-448788
---ebpf-pid----448788----pid-7255
---ebpf-pid----448788----pid-1
---ebpf-pid----448788----pid-448788
---ebpf-pid----448788----pid-7255
---ebpf-pid----448788----pid-1
---ebpf-pid----448788----pid-448788
---ebpf-pid----448788----pid-7255
---ebpf-pid----448788----pid-1
---ebpf-pid----448458----pid-448458
---ebpf-pid----448458----pid-8974
---ebpf-pid----448458----pid-7431
---ebpf-pid----448458----pid-1
---ebpf-pid----448458----pid-448458
---ebpf-pid----448458----pid-8974
---ebpf-pid----448458----pid-7431
---ebpf-pid----448458----pid-1
---ebpf-pid----448458----pid-448458
---ebpf-pid----448458----pid-8974
---ebpf-pid----448458----pid-7431
---ebpf-pid----448458----pid-1
---ebpf-pid----448458----pid-448458
---ebpf-pid----448458----pid-8974
---ebpf-pid----448458----pid-7431
---ebpf-pid----448458----pid-1
---ebpf-pid----448783----pid-448783
---ebpf-pid----448783----pid-448520
---ebpf-pid----448783----pid-1
[2m2024-05-24 09:48:50[0m [32m INFO[0m [2mkube_guardian::container[0m[2m:[0m If index of containerid  Some("7bf25ba63b21b804b81b791bb65e2f108f49b098857cb413abd2ce21c453ddca") [Some(2), Some(21)]
---ebpf-pid----448783----pid-448783
---ebpf-pid----448783----pid-448520
---ebpf-pid----448783----pid-1
Failed to get process information for PID 0
---ebpf-pid----448786----pid-448786
---ebpf-pid----448786----pid-448520
---ebpf-pid----448786----pid-1
---ebpf-pid----6105----pid-6105
---ebpf-pid----6105----pid-6082
---ebpf-pid----6105----pid-5550
---ebpf-pid----6105----pid-1
---ebpf-pid----6105----pid-6105
---ebpf-pid----6105----pid-6082
---ebpf-pid----6105----pid-5550
---ebpf-pid----6105----pid-1
---ebpf-pid----6105----pid-6105
---ebpf-pid----6105----pid-6082
---ebpf-pid----6105----pid-5550
---ebpf-pid----6105----pid-1
---ebpf-pid----6105----pid-6105
---ebpf-pid----6105----pid-6082
---ebpf-pid----6105----pid-5550
---ebpf-pid----6105----pid-1
---ebpf-pid----448786----pid-448786
---ebpf-pid----448786----pid-448520
---ebpf-pid----448786----pid-1
---ebpf-pid----6105----pid-6105
---ebpf-pid----6105----pid-6082
---ebpf-pid----6105----pid-5550
---ebpf-pid----6105----pid-1
---ebpf-pid----448786----pid-448786
---ebpf-pid----448786----pid-448520
---ebpf-pid----448786----pid-1
---ebpf-pid----6105----pid-6105
---ebpf-pid----6105----pid-6082
---ebpf-pid----6105----pid-5550
---ebpf-pid----6105----pid-1
---ebpf-pid----6105----pid-6105
---ebpf-pid----6105----pid-6082
---ebpf-pid----6105----pid-5550
---ebpf-pid----6105----pid-1
---ebpf-pid----6105----pid-6105
---ebpf-pid----6105----pid-6082
---ebpf-pid----6105----pid-5550
---ebpf-pid----6105----pid-1
---ebpf-pid----6105----pid-6105
---ebpf-pid----6105----pid-6082
---ebpf-pid----6105----pid-5550
---ebpf-pid----6105----pid-1
---ebpf-pid----6105----pid-6105
---ebpf-pid----6105----pid-6082
---ebpf-pid----6105----pid-5550
---ebpf-pid----6105----pid-1
---ebpf-pid----6105----pid-6105
---ebpf-pid----6105----pid-6082
---ebpf-pid----6105----pid-5550
---ebpf-pid----6105----pid-1
---ebpf-pid----6105----pid-6105
---ebpf-pid----6105----pid-6082
---ebpf-pid----6105----pid-5550
---ebpf-pid----6105----pid-1
---ebpf-pid----5891----pid-5891
---ebpf-pid----448786----pid-448786
---ebpf-pid----5891----pid-5550
---ebpf-pid----5891----pid-1
---ebpf-pid----5881----pid-5881
---ebpf-pid----448786----pid-448520
---ebpf-pid----5881----pid-5550
---ebpf-pid----448786----pid-1
---ebpf-pid----5881----pid-1
---ebpf-pid----5879----pid-5879
---ebpf-pid----5881----pid-5881
---ebpf-pid----5879----pid-5550
---ebpf-pid----5881----pid-5550
---ebpf-pid----5879----pid-1
---ebpf-pid----448786----pid-448786
---ebpf-pid----448786----pid-448520
---ebpf-pid----5881----pid-1
---ebpf-pid----6105----pid-6105
---ebpf-pid----448786----pid-1
---ebpf-pid----448786----pid-448786
---ebpf-pid----448786----pid-448520
---ebpf-pid----6105----pid-6082
---ebpf-pid----6105----pid-5550
---ebpf-pid----448786----pid-1
---ebpf-pid----448785----pid-448785
---ebpf-pid----6105----pid-1
---ebpf-pid----448785----pid-448520
---ebpf-pid----6105----pid-6105
---ebpf-pid----448785----pid-1
---ebpf-pid----5879----pid-5879
---ebpf-pid----6105----pid-6082
---ebpf-pid----6105----pid-5550
---ebpf-pid----5879----pid-5550
---ebpf-pid----6105----pid-1
---ebpf-pid----5879----pid-1
---ebpf-pid----6105----pid-6105
---ebpf-pid----5879----pid-5879
---ebpf-pid----5879----pid-5550
---ebpf-pid----6105----pid-6082
---ebpf-pid----5879----pid-1
---ebpf-pid----6105----pid-5550
---ebpf-pid----448786----pid-448786
---ebpf-pid----6105----pid-1
---ebpf-pid----6105----pid-6105
---ebpf-pid----448786----pid-448520
---ebpf-pid----6105----pid-6082
---ebpf-pid----448786----pid-1
---ebpf-pid----6105----pid-5550
---ebpf-pid----6105----pid-6105
---ebpf-pid----6105----pid-1
---ebpf-pid----448546----pid-448546
---ebpf-pid----6105----pid-6082
---ebpf-pid----448546----pid-1
---ebpf-pid----6105----pid-5550
---ebpf-pid----6105----pid-6105
---ebpf-pid----6105----pid-1
---ebpf-pid----6105----pid-6082
---ebpf-pid----6105----pid-6105
---ebpf-pid----6105----pid-6082
---ebpf-pid----7313----pid-7313
---ebpf-pid----6105----pid-5550
---ebpf-pid----7313----pid-1
---ebpf-pid----6105----pid-6105
---ebpf-pid----6105----pid-1
---ebpf-pid----448786----pid-448786
---ebpf-pid----6105----pid-6082
---ebpf-pid----448786----pid-448520
---ebpf-pid----6105----pid-5550
---ebpf-pid----6105----pid-5550
---ebpf-pid----448786----pid-1
---ebpf-pid----6105----pid-1
---ebpf-pid----6105----pid-1
---ebpf-pid----6105----pid-6105
---ebpf-pid----6105----pid-6105
---ebpf-pid----6105----pid-6105
Failed to get process information for PID 0
---ebpf-pid----6105----pid-6082
---ebpf-pid----6105----pid-5550
---ebpf-pid----6105----pid-6082
---ebpf-pid----6105----pid-1
---ebpf-pid----6105----pid-6082
---ebpf-pid----6105----pid-5550
---ebpf-pid----6105----pid-5550
---ebpf-pid----6105----pid-1
---ebpf-pid----6105----pid-1
---ebpf-pid----6105----pid-6105
---ebpf-pid----6105----pid-6105
---ebpf-pid----448786----pid-448786
---ebpf-pid----6105----pid-6082
---ebpf-pid----6105----pid-5550
---ebpf-pid----448786----pid-448520
---ebpf-pid----6105----pid-1
---ebpf-pid----6105----pid-6105
---ebpf-pid----6105----pid-6082
---ebpf-pid----448786----pid-1
---ebpf-pid----6105----pid-6105
---ebpf-pid----6105----pid-5550
---ebpf-pid----6105----pid-6082
---ebpf-pid----6105----pid-1
---ebpf-pid----6105----pid-5550
---ebpf-pid----6105----pid-6082
---ebpf-pid----6105----pid-6105
---ebpf-pid----6105----pid-1
---ebpf-pid----6105----pid-5550
---ebpf-pid----6105----pid-6105
---ebpf-pid----6105----pid-1
---ebpf-pid----6105----pid-6082
---ebpf-pid----6105----pid-6082
---ebpf-pid----6105----pid-5550
---ebpf-pid----6105----pid-5550
---ebpf-pid----6105----pid-1
---ebpf-pid----448786----pid-448786
---ebpf-pid----6105----pid-1
---ebpf-pid----5881----pid-5881
---ebpf-pid----448786----pid-448520
---ebpf-pid----5881----pid-5550
---ebpf-pid----448786----pid-1
---ebpf-pid----448786----pid-448786
Failed to get process information for PID 0
---ebpf-pid----5881----pid-1
---ebpf-pid----448770----pid-448770
---ebpf-pid----448770----pid-448520
---ebpf-pid----448786----pid-448520
---ebpf-pid----448770----pid-1
---ebpf-pid----448786----pid-1
---ebpf-pid----448770----pid-448770
---ebpf-pid----6105----pid-6105
---ebpf-pid----448770----pid-448520
---ebpf-pid----6105----pid-6082
---ebpf-pid----448770----pid-1
---ebpf-pid----6105----pid-5550
---ebpf-pid----448770----pid-448770
---ebpf-pid----6105----pid-1
---ebpf-pid----6105----pid-6105
---ebpf-pid----448770----pid-448520
---ebpf-pid----6105----pid-6082
---ebpf-pid----448770----pid-1
---ebpf-pid----6105----pid-5550
---ebpf-pid----6105----pid-1
---ebpf-pid----448784----pid-448784
---ebpf-pid----448786----pid-448786
---ebpf-pid----448786----pid-448520
---ebpf-pid----448784----pid-448520
---ebpf-pid----448786----pid-1
---ebpf-pid----6105----pid-6105
---ebpf-pid----448784----pid-1
---ebpf-pid----6105----pid-6082
---ebpf-pid----6105----pid-5550
---ebpf-pid----448784----pid-448784
---ebpf-pid----6105----pid-1
---ebpf-pid----6105----pid-6105
---ebpf-pid----6105----pid-6082
---ebpf-pid----6105----pid-5550
---ebpf-pid----448784----pid-448520
---ebpf-pid----448784----pid-1
---ebpf-pid----6105----pid-1
---ebpf-pid----448785----pid-448785
---ebpf-pid----448785----pid-448520
---ebpf-pid----448784----pid-448784
---ebpf-pid----448785----pid-1
---ebpf-pid----448784----pid-448520
---ebpf-pid----448786----pid-448786
---ebpf-pid----448786----pid-448520
---ebpf-pid----448784----pid-1
---ebpf-pid----448786----pid-1
---ebpf-pid----448786----pid-448786
---ebpf-pid----448784----pid-448784
---ebpf-pid----448786----pid-448520
---ebpf-pid----448786----pid-1
---ebpf-pid----448784----pid-448520
---ebpf-pid----448458----pid-448458
---ebpf-pid----448784----pid-1
---ebpf-pid----448458----pid-8974
---ebpf-pid----448789----pid-448789
---ebpf-pid----448458----pid-7431
---ebpf-pid----448789----pid-7255
---ebpf-pid----448458----pid-1
---ebpf-pid----448458----pid-448458
---ebpf-pid----448789----pid-1
---ebpf-pid----448458----pid-8974
---ebpf-pid----448789----pid-448789
---ebpf-pid----448458----pid-7431
---ebpf-pid----448789----pid-7255
---ebpf-pid----448789----pid-1
---ebpf-pid----448458----pid-1
---ebpf-pid----448458----pid-448458
---ebpf-pid----448789----pid-448789
---ebpf-pid----448458----pid-8974
---ebpf-pid----448789----pid-7255
---ebpf-pid----448458----pid-7431
---ebpf-pid----448789----pid-1
---ebpf-pid----448789----pid-448789
---ebpf-pid----448458----pid-1
---ebpf-pid----448458----pid-448458
---ebpf-pid----448789----pid-7255
---ebpf-pid----448458----pid-8974
---ebpf-pid----448789----pid-1
---ebpf-pid----448458----pid-7431
---ebpf-pid----448458----pid-448458
---ebpf-pid----448458----pid-1
---ebpf-pid----448458----pid-8974
---ebpf-pid----448458----pid-448458
---ebpf-pid----448458----pid-7431
---ebpf-pid----448458----pid-8974
---ebpf-pid----448458----pid-1
---ebpf-pid----448458----pid-7431
---ebpf-pid----448458----pid-448458
---ebpf-pid----448458----pid-1
---ebpf-pid----448458----pid-8974
---ebpf-pid----448458----pid-448458
---ebpf-pid----448458----pid-7431
---ebpf-pid----448458----pid-8974
---ebpf-pid----448458----pid-7431
---ebpf-pid----448458----pid-1
---ebpf-pid----448458----pid-448458
---ebpf-pid----448458----pid-1
---ebpf-pid----448789----pid-448789
---ebpf-pid----448789----pid-7255
[2m2024-05-24 09:48:50[0m [32m INFO[0m [2mkube_guardian::watch[0m[2m:[0m pod name kube-guardian-controller-lrsv5
---ebpf-pid----448458----pid-8974
---ebpf-pid----448789----pid-1
---ebpf-pid----448789----pid-448789
---ebpf-pid----448458----pid-7431
---ebpf-pid----448458----pid-1
---ebpf-pid----448458----pid-448458
---ebpf-pid----448458----pid-8974
---ebpf-pid----448789----pid-7255
---ebpf-pid----448458----pid-7431
---ebpf-pid----448458----pid-1
---ebpf-pid----448789----pid-1
---ebpf-pid----448789----pid-448789
---ebpf-pid----448789----pid-7255
---ebpf-pid----448789----pid-1
---ebpf-pid----448789----pid-448789
---ebpf-pid----448789----pid-7255
---ebpf-pid----448789----pid-1
---ebpf-pid----9297----pid-9297
---ebpf-pid----9297----pid-7255
---ebpf-pid----9297----pid-1
---ebpf-pid----9297----pid-9297
---ebpf-pid----9297----pid-7255
---ebpf-pid----9297----pid-1
---ebpf-pid----9297----pid-9297
---ebpf-pid----9297----pid-7255
---ebpf-pid----9297----pid-1
---ebpf-pid----9297----pid-9297
---ebpf-pid----9297----pid-7255
---ebpf-pid----9297----pid-1
---ebpf-pid----448783----pid-448783
---ebpf-pid----448783----pid-448520
---ebpf-pid----448783----pid-1
---ebpf-pid----9297----pid-9297
---ebpf-pid----9297----pid-7255
---ebpf-pid----9297----pid-1
---ebpf-pid----9297----pid-9297
---ebpf-pid----9297----pid-7255
---ebpf-pid----9297----pid-1
[2m2024-05-24 09:48:50[0m [32m INFO[0m [2mkube_guardian::container[0m[2m:[0m If index of containerid  Some("b9030680d999edab6be9505862082b3455afa562e424132a0677c5954d98e606") [None, None]
Failed to get process information for PID 0
---ebpf-pid----21----pid-21
---ebpf-pid----21----pid-2
---ebpf-pid----21----pid-21
---ebpf-pid----21----pid-2
Failed to get process information for PID 0
Failed to get process information for PID 0
---ebpf-pid----31----pid-31
---ebpf-pid----31----pid-2
---ebpf-pid----8289----pid-8289
---ebpf-pid----8289----pid-7472
---ebpf-pid----8289----pid-1
---ebpf-pid----8289----pid-8289
---ebpf-pid----8289----pid-7472
---ebpf-pid----8289----pid-1
Failed to get process information for PID 0
---ebpf-pid----26----pid-26
---ebpf-pid----26----pid-2
---ebpf-pid----26----pid-26
---ebpf-pid----26----pid-2
---ebpf-pid----8289----pid-8289
---ebpf-pid----8289----pid-7472
---ebpf-pid----8289----pid-1
---ebpf-pid----8289----pid-8289
---ebpf-pid----8289----pid-7472
---ebpf-pid----8289----pid-1
Failed to get process information for PID 0
---ebpf-pid----4213----pid-4213
---ebpf-pid----4213----pid-4164
---ebpf-pid----4213----pid-3417
---ebpf-pid----4213----pid-1
Failed to get process information for PID 0
---ebpf-pid----26----pid-26
Failed to get process information for PID 0
---ebpf-pid----26----pid-2
---ebpf-pid----9178----pid-9178
---ebpf-pid----9178----pid-7637
---ebpf-pid----9178----pid-1
---ebpf-pid----9178----pid-9178
---ebpf-pid----9178----pid-7637
---ebpf-pid----9178----pid-1
---ebpf-pid----9178----pid-9178
---ebpf-pid----9178----pid-7637
---ebpf-pid----9178----pid-1
---ebpf-pid----9178----pid-9178
---ebpf-pid----9178----pid-7637
---ebpf-pid----9178----pid-1
---ebpf-pid----448522----pid-448522
---ebpf-pid----448522----pid-1
---ebpf-pid----448522----pid-448522
---ebpf-pid----448522----pid-1
---ebpf-pid----4213----pid-4213
---ebpf-pid----4213----pid-4164
---ebpf-pid----4213----pid-3417
---ebpf-pid----4213----pid-1
---ebpf-pid----4213----pid-4213
---ebpf-pid----4213----pid-4164
---ebpf-pid----4213----pid-3417
---ebpf-pid----4213----pid-1
---ebpf-pid----4213----pid-4213
---ebpf-pid----4213----pid-4164
---ebpf-pid----4213----pid-3417
---ebpf-pid----4213----pid-1
Failed to get process information for PID 0
Failed to get process information for PID 0
---ebpf-pid----14----pid-14
---ebpf-pid----14----pid-2
---ebpf-pid----14----pid-14
---ebpf-pid----14----pid-2
---ebpf-pid----14----pid-14
---ebpf-pid----14----pid-2
---ebpf-pid----14----pid-14
---ebpf-pid----14----pid-2
---ebpf-pid----448785----pid-448785
---ebpf-pid----448785----pid-448520
---ebpf-pid----448785----pid-1
---ebpf-pid----448785----pid-448785
---ebpf-pid----448785----pid-448520
---ebpf-pid----448785----pid-1
---ebpf-pid----448785----pid-448785
---ebpf-pid----448785----pid-448520
---ebpf-pid----448785----pid-1
---ebpf-pid----448785----pid-448785
---ebpf-pid----448785----pid-448520
---ebpf-pid----448785----pid-1
---ebpf-pid----448785----pid-448785
---ebpf-pid----448785----pid-448520
---ebpf-pid----448785----pid-1
---ebpf-pid----448785----pid-448785
---ebpf-pid----448785----pid-448520
---ebpf-pid----448785----pid-1
---ebpf-pid----448785----pid-448785
---ebpf-pid----448785----pid-448520
---ebpf-pid----448785----pid-1
---ebpf-pid----448785----pid-448785
---ebpf-pid----448785----pid-448520
---ebpf-pid----448785----pid-1
---ebpf-pid----448785----pid-448785
---ebpf-pid----448785----pid-448520
---ebpf-pid----448785----pid-1
---ebpf-pid----9178----pid-9178
---ebpf-pid----9178----pid-7637
---ebpf-pid----9178----pid-1
---ebpf-pid----9178----pid-9178
---ebpf-pid----9178----pid-7637
---ebpf-pid----9178----pid-1
---ebpf-pid----9178----pid-9178
---ebpf-pid----9178----pid-7637
---ebpf-pid----9178----pid-1
---ebpf-pid----9178----pid-9178
---ebpf-pid----9178----pid-7637
---ebpf-pid----9178----pid-1
Failed to get process information for PID 0
---ebpf-pid----9178----pid-9178
---ebpf-pid----9178----pid-7637
---ebpf-pid----9178----pid-1
---ebpf-pid----9178----pid-9178
---ebpf-pid----9178----pid-7637
---ebpf-pid----9178----pid-1
---ebpf-pid----9178----pid-9178
---ebpf-pid----9178----pid-7637
---ebpf-pid----9178----pid-1
---ebpf-pid----9178----pid-9178
---ebpf-pid----9178----pid-7637
---ebpf-pid----9178----pid-1
---ebpf-pid----448783----pid-448783
---ebpf-pid----448783----pid-448520
---ebpf-pid----448783----pid-1
---ebpf-pid----9178----pid-9178
---ebpf-pid----9178----pid-7637
---ebpf-pid----9178----pid-1
---ebpf-pid----9178----pid-9178
---ebpf-pid----9178----pid-7637
---ebpf-pid----9178----pid-1
---ebpf-pid----15124----pid-15124
Failed to get process information for PID 0
---ebpf-pid----15124----pid-7637
---ebpf-pid----15124----pid-1
---ebpf-pid----15124----pid-15124
---ebpf-pid----15124----pid-7637
---ebpf-pid----15124----pid-1
---ebpf-pid----15124----pid-15124
---ebpf-pid----15124----pid-7637
---ebpf-pid----15124----pid-1
---ebpf-pid----15124----pid-15124
---ebpf-pid----15124----pid-7637
---ebpf-pid----15124----pid-1
---ebpf-pid----15124----pid-15124
---ebpf-pid----15124----pid-7637
---ebpf-pid----15124----pid-1
---ebpf-pid----448785----pid-448785
---ebpf-pid----448785----pid-448520
---ebpf-pid----448785----pid-1
---ebpf-pid----15124----pid-15124
---ebpf-pid----15124----pid-7637
---ebpf-pid----15124----pid-1
---ebpf-pid----15124----pid-15124
---ebpf-pid----15124----pid-7637
---ebpf-pid----15124----pid-1
---ebpf-pid----448785----pid-448785
---ebpf-pid----448785----pid-448520
---ebpf-pid----448785----pid-1
---ebpf-pid----15124----pid-15124
---ebpf-pid----15124----pid-7637
---ebpf-pid----15124----pid-1
---ebpf-pid----15124----pid-15124
---ebpf-pid----15124----pid-7637
---ebpf-pid----15124----pid-1
---ebpf-pid----15124----pid-15124
---ebpf-pid----15124----pid-7637
---ebpf-pid----15124----pid-1
---ebpf-pid----15124----pid-15124
---ebpf-pid----15124----pid-7637
---ebpf-pid----15124----pid-1
---ebpf-pid----15124----pid-15124
---ebpf-pid----15124----pid-7637
---ebpf-pid----15124----pid-1
---ebpf-pid----448785----pid-448785
---ebpf-pid----448785----pid-448520
---ebpf-pid----448785----pid-1
---ebpf-pid----15124----pid-15124
---ebpf-pid----15124----pid-7637
---ebpf-pid----15124----pid-1
---ebpf-pid----15124----pid-15124
---ebpf-pid----15124----pid-7637
---ebpf-pid----15124----pid-1
---ebpf-pid----9178----pid-9178
---ebpf-pid----9178----pid-7637
---ebpf-pid----9178----pid-1
---ebpf-pid----9178----pid-9178
---ebpf-pid----9178----pid-7637
---ebpf-pid----9178----pid-1
---ebpf-pid----9178----pid-9178
---ebpf-pid----9178----pid-7637
---ebpf-pid----9178----pid-1
---ebpf-pid----9178----pid-9178
---ebpf-pid----9178----pid-7637
---ebpf-pid----9178----pid-1
---ebpf-pid----4716----pid-4716
---ebpf-pid----4716----pid-3323
---ebpf-pid----4716----pid-1
---ebpf-pid----9178----pid-9178
---ebpf-pid----9178----pid-7637
---ebpf-pid----9178----pid-1
---ebpf-pid----9178----pid-9178
---ebpf-pid----9178----pid-7637
---ebpf-pid----9178----pid-1
---ebpf-pid----9179----pid-9179
---ebpf-pid----9179----pid-7637
---ebpf-pid----9179----pid-1
---ebpf-pid----9179----pid-9179
---ebpf-pid----9179----pid-7637
---ebpf-pid----9179----pid-1
---ebpf-pid----9179----pid-9179
---ebpf-pid----9179----pid-7637
---ebpf-pid----9179----pid-1
---ebpf-pid----448782----pid-448782
---ebpf-pid----448782----pid-448520
---ebpf-pid----448782----pid-1
---ebpf-pid----448782----pid-448782
---ebpf-pid----448782----pid-448520
---ebpf-pid----448782----pid-1
---ebpf-pid----448782----pid-448782
---ebpf-pid----448782----pid-448520
---ebpf-pid----448782----pid-1
---ebpf-pid----448782----pid-448782
---ebpf-pid----448782----pid-448520
---ebpf-pid----448782----pid-1
---ebpf-pid----448782----pid-448782
---ebpf-pid----448782----pid-448520
---ebpf-pid----448782----pid-1
---ebpf-pid----448782----pid-448782
---ebpf-pid----448782----pid-448520
---ebpf-pid----448782----pid-1
---ebpf-pid----9180----pid-9180
---ebpf-pid----9180----pid-7637
---ebpf-pid----9180----pid-1
---ebpf-pid----9180----pid-9180
---ebpf-pid----9180----pid-7637
---ebpf-pid----9180----pid-1
---ebpf-pid----9178----pid-9178
---ebpf-pid----9178----pid-7637
---ebpf-pid----9178----pid-1
---ebpf-pid----9178----pid-9178
---ebpf-pid----9178----pid-7637
---ebpf-pid----9178----pid-1
---ebpf-pid----9178----pid-9178
---ebpf-pid----9178----pid-7637
---ebpf-pid----9178----pid-1
---ebpf-pid----9178----pid-9178
---ebpf-pid----9178----pid-7637
---ebpf-pid----9178----pid-1
---ebpf-pid----7313----pid-7313
---ebpf-pid----7313----pid-1
Failed to get process information for PID 0
---ebpf-pid----14----pid-14
---ebpf-pid----14----pid-2
---ebpf-pid----5614----pid-5614
---ebpf-pid----5614----pid-1
Failed to get process information for PID 0
---ebpf-pid----448522----pid-448522
---ebpf-pid----448522----pid-1
---ebpf-pid----7312----pid-7312
---ebpf-pid----7312----pid-1
---ebpf-pid----5614----pid-5614
---ebpf-pid----5614----pid-1
---ebpf-pid----9180----pid-9180
---ebpf-pid----9180----pid-7637
---ebpf-pid----9180----pid-1
---ebpf-pid----9180----pid-9180
---ebpf-pid----9180----pid-7637
---ebpf-pid----9180----pid-1
---ebpf-pid----9180----pid-9180
---ebpf-pid----9180----pid-7637
---ebpf-pid----9180----pid-1
---ebpf-pid----9180----pid-9180
---ebpf-pid----9180----pid-7637
---ebpf-pid----9180----pid-1
---ebpf-pid----9180----pid-9180
---ebpf-pid----9180----pid-7637
---ebpf-pid----9180----pid-1
---ebpf-pid----9180----pid-9180
---ebpf-pid----9180----pid-7637
---ebpf-pid----9180----pid-1
---ebpf-pid----9180----pid-9180
---ebpf-pid----9180----pid-7637
---ebpf-pid----9180----pid-1
---ebpf-pid----9180----pid-9180
---ebpf-pid----9180----pid-7637
---ebpf-pid----9180----pid-1
---ebpf-pid----9180----pid-9180
---ebpf-pid----9180----pid-7637
---ebpf-pid----9180----pid-1
---ebpf-pid----9180----pid-9180
---ebpf-pid----9180----pid-7637
---ebpf-pid----9180----pid-1
---ebpf-pid----9180----pid-9180
---ebpf-pid----9180----pid-7637
---ebpf-pid----9180----pid-1
---ebpf-pid----9180----pid-9180
---ebpf-pid----9180----pid-7637
---ebpf-pid----9180----pid-1
---ebpf-pid----9180----pid-9180
---ebpf-pid----9180----pid-7637
---ebpf-pid----9180----pid-1
---ebpf-pid----9180----pid-9180
---ebpf-pid----9180----pid-7637
---ebpf-pid----9180----pid-1
---ebpf-pid----15124----pid-15124
---ebpf-pid----15124----pid-7637
---ebpf-pid----15124----pid-1
---ebpf-pid----15124----pid-15124
---ebpf-pid----15124----pid-7637
---ebpf-pid----15124----pid-1
---ebpf-pid----9180----pid-9180
---ebpf-pid----448521----pid-448521
---ebpf-pid----9180----pid-9180
---ebpf-pid----9180----pid-7637
---ebpf-pid----448521----pid-1
---ebpf-pid----448521----pid-448521
---ebpf-pid----9180----pid-1
---ebpf-pid----448521----pid-1
---ebpf-pid----448785----pid-448785
---ebpf-pid----9180----pid-9180
---ebpf-pid----448785----pid-448520
---ebpf-pid----9180----pid-7637
---ebpf-pid----448785----pid-1
---ebpf-pid----9180----pid-1
---ebpf-pid----9180----pid-7637
---ebpf-pid----9180----pid-9180
---ebpf-pid----9180----pid-1
---ebpf-pid----9180----pid-9180
---ebpf-pid----9180----pid-7637
---ebpf-pid----9180----pid-7637
---ebpf-pid----448785----pid-448785
---ebpf-pid----9180----pid-1
---ebpf-pid----9180----pid-9180
---ebpf-pid----448785----pid-448520
---ebpf-pid----9180----pid-1
---ebpf-pid----9180----pid-7637
---ebpf-pid----9180----pid-1
---ebpf-pid----9180----pid-9180
---ebpf-pid----9180----pid-7637
---ebpf-pid----9180----pid-1
---ebpf-pid----448785----pid-1
---ebpf-pid----448522----pid-448522
---ebpf-pid----448522----pid-1
---ebpf-pid----448521----pid-448521
---ebpf-pid----448521----pid-1
---ebpf-pid----9180----pid-9180
---ebpf-pid----9180----pid-7637
---ebpf-pid----9180----pid-1
---ebpf-pid----448783----pid-448783
---ebpf-pid----448783----pid-448520
---ebpf-pid----448783----pid-1
---ebpf-pid----14----pid-14
---ebpf-pid----14----pid-2
---ebpf-pid----14----pid-14
---ebpf-pid----14----pid-2
---ebpf-pid----14----pid-14
---ebpf-pid----14----pid-2
---ebpf-pid----14----pid-14
---ebpf-pid----14----pid-2
---ebpf-pid----14----pid-14
---ebpf-pid----14----pid-2
---ebpf-pid----4716----pid-4716
---ebpf-pid----4716----pid-3323
---ebpf-pid----4716----pid-1
---ebpf-pid----4716----pid-4716
---ebpf-pid----4716----pid-3323
---ebpf-pid----4716----pid-1
---ebpf-pid----4716----pid-4716
---ebpf-pid----4716----pid-3323
---ebpf-pid----4716----pid-1
---ebpf-pid----1856----pid-1856
---ebpf-pid----1856----pid-1
---ebpf-pid----448522----pid-448522
---ebpf-pid----448522----pid-1
---ebpf-pid----9180----pid-9180
---ebpf-pid----9180----pid-7637
---ebpf-pid----9180----pid-1
---ebpf-pid----9180----pid-9180
---ebpf-pid----9180----pid-7637
---ebpf-pid----9180----pid-1
---ebpf-pid----9179----pid-9179
---ebpf-pid----9179----pid-7637
---ebpf-pid----9179----pid-1
---ebpf-pid----9179----pid-9179
---ebpf-pid----9179----pid-7637
---ebpf-pid----9179----pid-1
---ebpf-pid----15124----pid-15124
---ebpf-pid----15124----pid-7637
---ebpf-pid----15124----pid-1
---ebpf-pid----15124----pid-15124
---ebpf-pid----15124----pid-7637
---ebpf-pid----15124----pid-1
---ebpf-pid----448784----pid-448784
---ebpf-pid----448784----pid-448520
---ebpf-pid----448784----pid-1
---ebpf-pid----9180----pid-9180
---ebpf-pid----9180----pid-7637
---ebpf-pid----9180----pid-1
---ebpf-pid----9180----pid-9180
---ebpf-pid----9180----pid-7637
---ebpf-pid----9180----pid-1
---ebpf-pid----9180----pid-9180
---ebpf-pid----9180----pid-7637
---ebpf-pid----9180----pid-1
---ebpf-pid----9180----pid-9180
---ebpf-pid----9180----pid-7637
---ebpf-pid----9180----pid-1
---ebpf-pid----9180----pid-9180
---ebpf-pid----9180----pid-7637
---ebpf-pid----9180----pid-1
---ebpf-pid----9179----pid-9179
---ebpf-pid----9179----pid-7637
---ebpf-pid----9179----pid-1
---ebpf-pid----9179----pid-9179
---ebpf-pid----9179----pid-7637
---ebpf-pid----9179----pid-1
---ebpf-pid----9180----pid-9180
---ebpf-pid----9180----pid-7637
---ebpf-pid----9180----pid-1
---ebpf-pid----9180----pid-9180
---ebpf-pid----9180----pid-7637
---ebpf-pid----9180----pid-1
Failed to get process information for PID 0
---ebpf-pid----9179----pid-9179
---ebpf-pid----9179----pid-7637
---ebpf-pid----9179----pid-1
---ebpf-pid----9179----pid-9179
---ebpf-pid----9179----pid-7637
---ebpf-pid----9179----pid-1
---ebpf-pid----9179----pid-9179
---ebpf-pid----9179----pid-7637
---ebpf-pid----9179----pid-1
---ebpf-pid----9179----pid-9179
---ebpf-pid----9179----pid-7637
---ebpf-pid----9179----pid-1
---ebpf-pid----1856----pid-1856
---ebpf-pid----1856----pid-1
---ebpf-pid----9189----pid-9189
---ebpf-pid----9189----pid-7637
---ebpf-pid----9189----pid-1
---ebpf-pid----9189----pid-9189
---ebpf-pid----9189----pid-7637
---ebpf-pid----9189----pid-1
---ebpf-pid----9189----pid-9189
---ebpf-pid----9189----pid-7637
---ebpf-pid----9189----pid-1
---ebpf-pid----9189----pid-9189
---ebpf-pid----9189----pid-7637
---ebpf-pid----9189----pid-1
Failed to get process information for PID 0
---ebpf-pid----26----pid-26
---ebpf-pid----26----pid-2
---ebpf-pid----9189----pid-9189
---ebpf-pid----9189----pid-7637
---ebpf-pid----9189----pid-1
---ebpf-pid----9189----pid-9189
---ebpf-pid----9189----pid-7637
---ebpf-pid----9189----pid-1
Failed to get process information for PID 0
---ebpf-pid----9189----pid-9189
---ebpf-pid----9189----pid-7637
---ebpf-pid----9189----pid-1
---ebpf-pid----9189----pid-9189
---ebpf-pid----9189----pid-7637
---ebpf-pid----9189----pid-1
---ebpf-pid----9189----pid-9189
---ebpf-pid----9189----pid-7637
---ebpf-pid----9189----pid-1
---ebpf-pid----9189----pid-9189
---ebpf-pid----9189----pid-7637
---ebpf-pid----9189----pid-1
Failed to get process information for PID 0
---ebpf-pid----9189----pid-9189
---ebpf-pid----9189----pid-7637
---ebpf-pid----9189----pid-1
---ebpf-pid----9189----pid-9189
---ebpf-pid----9189----pid-7637
---ebpf-pid----9189----pid-1
---ebpf-pid----9189----pid-9189
---ebpf-pid----9189----pid-7637
---ebpf-pid----9189----pid-1
---ebpf-pid----9189----pid-9189
---ebpf-pid----9189----pid-7637
---ebpf-pid----9189----pid-1
---ebpf-pid----5637----pid-5637
---ebpf-pid----5637----pid-1
---ebpf-pid----9189----pid-9189
---ebpf-pid----9189----pid-7637
---ebpf-pid----9189----pid-1
---ebpf-pid----9189----pid-9189
---ebpf-pid----9189----pid-7637
---ebpf-pid----9189----pid-1
---ebpf-pid----9180----pid-9180
---ebpf-pid----9179----pid-9179
---ebpf-pid----9180----pid-7637
---ebpf-pid----9180----pid-1
---ebpf-pid----9179----pid-7637
---ebpf-pid----9179----pid-1
---ebpf-pid----9179----pid-9179
---ebpf-pid----9179----pid-7637
---ebpf-pid----9179----pid-1
---ebpf-pid----9189----pid-9189
---ebpf-pid----9189----pid-7637
---ebpf-pid----9189----pid-1
---ebpf-pid----9189----pid-9189
---ebpf-pid----9189----pid-7637
---ebpf-pid----9189----pid-1
---ebpf-pid----9189----pid-9189
---ebpf-pid----9189----pid-7637
---ebpf-pid----9189----pid-1
---ebpf-pid----9189----pid-9189
---ebpf-pid----9189----pid-7637
---ebpf-pid----9189----pid-1
---ebpf-pid----4716----pid-4716
---ebpf-pid----4716----pid-3323
---ebpf-pid----4716----pid-1
---ebpf-pid----9189----pid-9189
---ebpf-pid----9189----pid-7637
---ebpf-pid----9189----pid-1
---ebpf-pid----9189----pid-9189
---ebpf-pid----9189----pid-7637
---ebpf-pid----9189----pid-1
---ebpf-pid----9189----pid-9189
---ebpf-pid----9189----pid-7637
---ebpf-pid----9189----pid-1
---ebpf-pid----9189----pid-9189
---ebpf-pid----9189----pid-7637
---ebpf-pid----9189----pid-1
---ebpf-pid----4716----pid-4716
---ebpf-pid----4716----pid-3323
---ebpf-pid----4716----pid-1
---ebpf-pid----9189----pid-9189
---ebpf-pid----9189----pid-7637
---ebpf-pid----9189----pid-1
---ebpf-pid----9189----pid-9189
---ebpf-pid----9189----pid-7637
---ebpf-pid----9189----pid-1
---ebpf-pid----9189----pid-9189
---ebpf-pid----9189----pid-7637
---ebpf-pid----9189----pid-1
---ebpf-pid----9189----pid-9189
---ebpf-pid----9189----pid-7637
---ebpf-pid----9189----pid-1
---ebpf-pid----4716----pid-4716
---ebpf-pid----4716----pid-3323
---ebpf-pid----4716----pid-1
---ebpf-pid----15124----pid-15124
---ebpf-pid----15124----pid-7637
---ebpf-pid----15124----pid-1
---ebpf-pid----15124----pid-15124
---ebpf-pid----15124----pid-7637
---ebpf-pid----15124----pid-1
---ebpf-pid----15124----pid-15124
---ebpf-pid----15124----pid-7637
---ebpf-pid----15124----pid-1
---ebpf-pid----15124----pid-15124
---ebpf-pid----15124----pid-7637
---ebpf-pid----15124----pid-1
---ebpf-pid----448785----pid-448785
---ebpf-pid----448785----pid-448520
---ebpf-pid----448785----pid-1
---ebpf-pid----15124----pid-15124
---ebpf-pid----15124----pid-7637
---ebpf-pid----15124----pid-1
---ebpf-pid----15124----pid-15124
---ebpf-pid----15124----pid-7637
---ebpf-pid----15124----pid-1
---ebpf-pid----15124----pid-15124
---ebpf-pid----15124----pid-7637
---ebpf-pid----15124----pid-1
---ebpf-pid----15124----pid-15124
---ebpf-pid----15124----pid-7637
---ebpf-pid----15124----pid-1
---ebpf-pid----448783----pid-448783
---ebpf-pid----448783----pid-448520
---ebpf-pid----448783----pid-1
---ebpf-pid----15124----pid-15124
---ebpf-pid----15124----pid-7637
---ebpf-pid----15124----pid-1
---ebpf-pid----15124----pid-15124
---ebpf-pid----15124----pid-7637
---ebpf-pid----15124----pid-1
---ebpf-pid----15124----pid-15124
---ebpf-pid----15124----pid-7637
---ebpf-pid----15124----pid-1
---ebpf-pid----15124----pid-15124
---ebpf-pid----15124----pid-7637
---ebpf-pid----15124----pid-1
Failed to get process information for PID 0
---ebpf-pid----15124----pid-15124
---ebpf-pid----15124----pid-7637
---ebpf-pid----15124----pid-1
---ebpf-pid----15124----pid-15124
---ebpf-pid----15124----pid-7637
---ebpf-pid----15124----pid-1
---ebpf-pid----9179----pid-9179
---ebpf-pid----9179----pid-7637
---ebpf-pid----9179----pid-1
---ebpf-pid----9179----pid-9179
---ebpf-pid----9179----pid-7637
---ebpf-pid----9179----pid-1
---ebpf-pid----5614----pid-5614
---ebpf-pid----5614----pid-1
---ebpf-pid----9179----pid-9179
---ebpf-pid----9179----pid-7637
---ebpf-pid----9179----pid-1
---ebpf-pid----9179----pid-9179
---ebpf-pid----9179----pid-7637
---ebpf-pid----9179----pid-1
Failed to get process information for PID 0
---ebpf-pid----9178----pid-9178
---ebpf-pid----9178----pid-7637
---ebpf-pid----9178----pid-1
---ebpf-pid----9178----pid-9178
---ebpf-pid----9178----pid-7637
---ebpf-pid----9178----pid-1
---ebpf-pid----9179----pid-9179
---ebpf-pid----9179----pid-7637
---ebpf-pid----9179----pid-1
---ebpf-pid----9179----pid-9179
---ebpf-pid----9179----pid-7637
---ebpf-pid----9179----pid-1
---ebpf-pid----4716----pid-4716
---ebpf-pid----4716----pid-3323
---ebpf-pid----4716----pid-1
Failed to get process information for PID 0
---ebpf-pid----14----pid-14
---ebpf-pid----14----pid-2
---ebpf-pid----4716----pid-4716
---ebpf-pid----4716----pid-3323
---ebpf-pid----4716----pid-1
---ebpf-pid----4562----pid-4562
---ebpf-pid----4562----pid-3466
---ebpf-pid----4562----pid-1
---ebpf-pid----2089----pid-2089
---ebpf-pid----2089----pid-1
Failed to get process information for PID 0
---ebpf-pid----2088----pid-2088
---ebpf-pid----2088----pid-1
---ebpf-pid----2088----pid-2088
---ebpf-pid----2088----pid-1
Failed to get process information for PID 0
---ebpf-pid----2089----pid-2089
---ebpf-pid----2089----pid-1
---ebpf-pid----2089----pid-2089
---ebpf-pid----2089----pid-1
---ebpf-pid----2089----pid-2089
---ebpf-pid----2089----pid-1
---ebpf-pid----2089----pid-2089
---ebpf-pid----2089----pid-1
---ebpf-pid----2089----pid-2089
---ebpf-pid----2089----pid-1
---ebpf-pid----2089----pid-2089
---ebpf-pid----2089----pid-1
---ebpf-pid----4562----pid-4562
---ebpf-pid----4562----pid-3466
---ebpf-pid----4562----pid-1
---ebpf-pid----4562----pid-4562
---ebpf-pid----4562----pid-3466
---ebpf-pid----4562----pid-1
---ebpf-pid----4562----pid-4562
---ebpf-pid----4562----pid-3466
---ebpf-pid----2089----pid-2089
---ebpf-pid----4562----pid-1
---ebpf-pid----2089----pid-1
---ebpf-pid----2089----pid-2089
---ebpf-pid----2089----pid-1
---ebpf-pid----2089----pid-2089
---ebpf-pid----2089----pid-1
---ebpf-pid----2089----pid-2089
---ebpf-pid----2089----pid-1
---ebpf-pid----2089----pid-2089
---ebpf-pid----2089----pid-1
---ebpf-pid----2089----pid-2089
---ebpf-pid----2089----pid-1
---ebpf-pid----2089----pid-2089
---ebpf-pid----2089----pid-1
---ebpf-pid----2089----pid-2089
---ebpf-pid----2089----pid-1
---ebpf-pid----2089----pid-2089
---ebpf-pid----2089----pid-1
---ebpf-pid----2089----pid-2089
---ebpf-pid----2089----pid-1
---ebpf-pid----2089----pid-2089
---ebpf-pid----2089----pid-1
---ebpf-pid----4562----pid-4562
---ebpf-pid----4562----pid-3466
---ebpf-pid----4562----pid-1
---ebpf-pid----4562----pid-4562
---ebpf-pid----4562----pid-3466
---ebpf-pid----4562----pid-1
---ebpf-pid----4562----pid-4562
---ebpf-pid----4562----pid-3466
---ebpf-pid----4562----pid-1
---ebpf-pid----4562----pid-4562
---ebpf-pid----4562----pid-3466
---ebpf-pid----4562----pid-1
---ebpf-pid----4562----pid-4562
---ebpf-pid----4562----pid-3466
---ebpf-pid----4562----pid-1
---ebpf-pid----4562----pid-4562
---ebpf-pid----4562----pid-3466
---ebpf-pid----372881----pid-372881
---ebpf-pid----4562----pid-1
---ebpf-pid----4562----pid-4562
---ebpf-pid----372881----pid-1
---ebpf-pid----4562----pid-3466
---ebpf-pid----4562----pid-1
---ebpf-pid----4562----pid-4562
---ebpf-pid----4562----pid-3466
---ebpf-pid----4562----pid-1
---ebpf-pid----4562----pid-4562
---ebpf-pid----4562----pid-3466
---ebpf-pid----4562----pid-1
---ebpf-pid----14----pid-14
---ebpf-pid----14----pid-2
---ebpf-pid----26----pid-26
---ebpf-pid----26----pid-2
Failed to get process information for PID 0
Failed to get process information for PID 0
---ebpf-pid----4562----pid-4562
---ebpf-pid----4562----pid-3466
---ebpf-pid----4562----pid-1
---ebpf-pid----4562----pid-4562
---ebpf-pid----4562----pid-3466
---ebpf-pid----4562----pid-1
---ebpf-pid----6400----pid-6400
---ebpf-pid----6400----pid-1
Failed to get process information for PID 0
Failed to get process information for PID 0
Failed to get process information for PID 0
---ebpf-pid----448785----pid-448785
---ebpf-pid----448785----pid-448520
---ebpf-pid----448785----pid-1
---ebpf-pid----4562----pid-4562
---ebpf-pid----4562----pid-3466
---ebpf-pid----4562----pid-1
---ebpf-pid----2089----pid-2089
---ebpf-pid----2089----pid-1
---ebpf-pid----2089----pid-2089
---ebpf-pid----2088----pid-2088
---ebpf-pid----2089----pid-1
---ebpf-pid----2089----pid-2089
---ebpf-pid----2088----pid-1
---ebpf-pid----372881----pid-372881
---ebpf-pid----2088----pid-2088
---ebpf-pid----2089----pid-1
---ebpf-pid----2094----pid-2094
---ebpf-pid----372881----pid-1
---ebpf-pid----2088----pid-1
---ebpf-pid----372881----pid-372881
---ebpf-pid----2094----pid-1
---ebpf-pid----2088----pid-2088
---ebpf-pid----2094----pid-2094
---ebpf-pid----372881----pid-1
---ebpf-pid----2088----pid-1
---ebpf-pid----2094----pid-1
---ebpf-pid----372881----pid-372881
---ebpf-pid----6211----pid-6211
---ebpf-pid----372881----pid-1
---ebpf-pid----6211----pid-5550
---ebpf-pid----6211----pid-1
---ebpf-pid----372881----pid-372881
---ebpf-pid----2088----pid-2088
---ebpf-pid----48015----pid-48015
---ebpf-pid----48015----pid-5550
---ebpf-pid----48015----pid-1
---ebpf-pid----372881----pid-1
---ebpf-pid----48015----pid-48015
---ebpf-pid----48015----pid-5550
---ebpf-pid----372881----pid-372881
---ebpf-pid----48015----pid-1
---ebpf-pid----6211----pid-6211
---ebpf-pid----2088----pid-1
---ebpf-pid----2088----pid-2088
---ebpf-pid----2088----pid-1
---ebpf-pid----372881----pid-1
---ebpf-pid----5891----pid-5891
---ebpf-pid----372881----pid-372881
---ebpf-pid----6211----pid-5550
---ebpf-pid----372881----pid-1
---ebpf-pid----5891----pid-5550
---ebpf-pid----6211----pid-1
---ebpf-pid----372881----pid-372881
---ebpf-pid----6211----pid-6211
---ebpf-pid----5891----pid-1
---ebpf-pid----372881----pid-1
---ebpf-pid----5891----pid-5891
---ebpf-pid----372881----pid-372881
---ebpf-pid----48015----pid-48015
---ebpf-pid----372881----pid-1
---ebpf-pid----372881----pid-372881
---ebpf-pid----48015----pid-5550
---ebpf-pid----372881----pid-1
---ebpf-pid----372881----pid-372881
---ebpf-pid----48015----pid-1
---ebpf-pid----48015----pid-48015
---ebpf-pid----5891----pid-5550
---ebpf-pid----372881----pid-1
---ebpf-pid----372881----pid-372881
---ebpf-pid----48015----pid-5550
---ebpf-pid----372881----pid-1
---ebpf-pid----48015----pid-1
---ebpf-pid----5891----pid-1
---ebpf-pid----372881----pid-372881
---ebpf-pid----48015----pid-48015
---ebpf-pid----6211----pid-6211
---ebpf-pid----372881----pid-1
---ebpf-pid----372881----pid-372881
---ebpf-pid----48015----pid-5550
---ebpf-pid----6211----pid-5550
---ebpf-pid----372881----pid-1
---ebpf-pid----48015----pid-1
---ebpf-pid----6211----pid-1
---ebpf-pid----372881----pid-372881
---ebpf-pid----6211----pid-6211
---ebpf-pid----372881----pid-1
---ebpf-pid----6211----pid-5550
---ebpf-pid----48015----pid-48015
---ebpf-pid----6211----pid-1
---ebpf-pid----48015----pid-5550
---ebpf-pid----2088----pid-2088
---ebpf-pid----6211----pid-5550
---ebpf-pid----48015----pid-1
---ebpf-pid----48015----pid-48015
---ebpf-pid----2088----pid-1
---ebpf-pid----2088----pid-2088
---ebpf-pid----6211----pid-1
---ebpf-pid----48015----pid-5550
---ebpf-pid----6211----pid-6211
---ebpf-pid----2088----pid-1
---ebpf-pid----48015----pid-1
---ebpf-pid----2088----pid-2088
---ebpf-pid----6211----pid-5550
---ebpf-pid----6211----pid-1
---ebpf-pid----2088----pid-1
---ebpf-pid----2088----pid-2088
---ebpf-pid----2088----pid-1
---ebpf-pid----2088----pid-2088
---ebpf-pid----2088----pid-1
---ebpf-pid----2088----pid-2088
---ebpf-pid----2088----pid-1
---ebpf-pid----4562----pid-4562
Failed to get process information for PID 0
---ebpf-pid----4562----pid-3466
---ebpf-pid----4562----pid-1
---ebpf-pid----4562----pid-4562
---ebpf-pid----4562----pid-3466
---ebpf-pid----4562----pid-1
Failed to get process information for PID 0
---ebpf-pid----6211----pid-6211
---ebpf-pid----6105----pid-6105
---ebpf-pid----6211----pid-5550
---ebpf-pid----6105----pid-6082
---ebpf-pid----6105----pid-5550
---ebpf-pid----6105----pid-1
---ebpf-pid----6228----pid-6228
---ebpf-pid----6228----pid-5550
---ebpf-pid----6228----pid-1
---ebpf-pid----5891----pid-5891
---ebpf-pid----6211----pid-1
---ebpf-pid----5891----pid-5550
---ebpf-pid----5891----pid-1
Failed to get process information for PID 0
---ebpf-pid----21----pid-21
---ebpf-pid----21----pid-2
---ebpf-pid----21----pid-21
---ebpf-pid----21----pid-2
Failed to get process information for PID 0
---ebpf-pid----5194----pid-5194
---ebpf-pid----5194----pid-3323
---ebpf-pid----5194----pid-1
---ebpf-pid----5187----pid-5187
---ebpf-pid----5187----pid-3323
---ebpf-pid----5187----pid-1
---ebpf-pid----5187----pid-5187
---ebpf-pid----5187----pid-3323
---ebpf-pid----5187----pid-1
---ebpf-pid----5187----pid-5187
---ebpf-pid----5187----pid-3323
---ebpf-pid----5187----pid-1
---ebpf-pid----5174----pid-5174
---ebpf-pid----5174----pid-3323
---ebpf-pid----5174----pid-1
---ebpf-pid----5174----pid-5174
---ebpf-pid----5174----pid-3323
---ebpf-pid----5174----pid-1
---ebpf-pid----4720----pid-4720
---ebpf-pid----4720----pid-3323
---ebpf-pid----4720----pid-1
---ebpf-pid----4720----pid-4720
---ebpf-pid----4720----pid-3323
---ebpf-pid----4720----pid-1
---ebpf-pid----4720----pid-4720
---ebpf-pid----4720----pid-3323
---ebpf-pid----4720----pid-1
---ebpf-pid----4720----pid-4720
---ebpf-pid----4720----pid-3323
---ebpf-pid----4720----pid-1
---ebpf-pid----4720----pid-4720
---ebpf-pid----4720----pid-3323
---ebpf-pid----4720----pid-1
---ebpf-pid----4720----pid-4720
---ebpf-pid----4720----pid-3323
---ebpf-pid----4720----pid-1
---ebpf-pid----4720----pid-4720
---ebpf-pid----4720----pid-3323
---ebpf-pid----4720----pid-1
---ebpf-pid----4720----pid-4720
---ebpf-pid----4720----pid-3323
---ebpf-pid----4720----pid-1
---ebpf-pid----4720----pid-4720
---ebpf-pid----4720----pid-3323
---ebpf-pid----4720----pid-1
---ebpf-pid----4720----pid-4720
---ebpf-pid----4720----pid-3323
---ebpf-pid----4720----pid-1
---ebpf-pid----4720----pid-4720
---ebpf-pid----4720----pid-3323
---ebpf-pid----4720----pid-1
---ebpf-pid----4720----pid-4720
---ebpf-pid----4720----pid-3323
---ebpf-pid----4720----pid-1
---ebpf-pid----4720----pid-4720
---ebpf-pid----4720----pid-3323
---ebpf-pid----4720----pid-1
---ebpf-pid----4720----pid-4720
---ebpf-pid----4720----pid-3323
---ebpf-pid----4720----pid-1
---ebpf-pid----5191----pid-5191
---ebpf-pid----5191----pid-3323
---ebpf-pid----5191----pid-1
---ebpf-pid----26----pid-26
---ebpf-pid----26----pid-2
Failed to get process information for PID 0
Failed to get process information for PID 0
---ebpf-pid----5187----pid-5187
---ebpf-pid----5187----pid-3323
---ebpf-pid----5187----pid-1
---ebpf-pid----5174----pid-5174
---ebpf-pid----5174----pid-3323
---ebpf-pid----5174----pid-1
---ebpf-pid----5191----pid-5191
---ebpf-pid----5191----pid-3323
---ebpf-pid----5191----pid-1
---ebpf-pid----448785----pid-448785
---ebpf-pid----448785----pid-448520
---ebpf-pid----448785----pid-1
---ebpf-pid----5187----pid-5187
---ebpf-pid----5187----pid-3323
---ebpf-pid----5187----pid-1
---ebpf-pid----5187----pid-5187
---ebpf-pid----5187----pid-3323
---ebpf-pid----5187----pid-1
---ebpf-pid----5187----pid-5187
---ebpf-pid----5187----pid-3323
---ebpf-pid----5187----pid-1
---ebpf-pid----5187----pid-5187
---ebpf-pid----5187----pid-3323
---ebpf-pid----5187----pid-1
Failed to get process information for PID 0
---ebpf-pid----53663----pid-53663
---ebpf-pid----53663----pid-3466
---ebpf-pid----53663----pid-1
---ebpf-pid----53663----pid-53663
---ebpf-pid----53663----pid-3466
---ebpf-pid----53663----pid-1
---ebpf-pid----53663----pid-53663
---ebpf-pid----53663----pid-3466
---ebpf-pid----53663----pid-1
---ebpf-pid----4716----pid-4716
---ebpf-pid----4716----pid-3323
---ebpf-pid----4716----pid-1
---ebpf-pid----4716----pid-4716
---ebpf-pid----4716----pid-3323
---ebpf-pid----4716----pid-1
---ebpf-pid----4716----pid-4716
---ebpf-pid----4716----pid-3323
---ebpf-pid----4716----pid-1
---ebpf-pid----4716----pid-4716
---ebpf-pid----4716----pid-3323
---ebpf-pid----4716----pid-1
---ebpf-pid----4716----pid-4716
---ebpf-pid----4716----pid-3323
---ebpf-pid----4716----pid-1
---ebpf-pid----4716----pid-4716
---ebpf-pid----4716----pid-3323
---ebpf-pid----4716----pid-1
---ebpf-pid----4716----pid-4716
---ebpf-pid----4716----pid-3323
---ebpf-pid----4716----pid-1
---ebpf-pid----4716----pid-4716
---ebpf-pid----4716----pid-3323
---ebpf-pid----4716----pid-1
---ebpf-pid----4716----pid-4716
---ebpf-pid----4716----pid-3323
---ebpf-pid----4716----pid-1
---ebpf-pid----4716----pid-4716
---ebpf-pid----4716----pid-3323
---ebpf-pid----4716----pid-1
---ebpf-pid----4716----pid-4716
---ebpf-pid----4716----pid-3323
---ebpf-pid----4716----pid-1
---ebpf-pid----4716----pid-4716
---ebpf-pid----4716----pid-3323
---ebpf-pid----4716----pid-1
---ebpf-pid----4716----pid-4716
---ebpf-pid----4716----pid-3323
---ebpf-pid----4716----pid-1
---ebpf-pid----4716----pid-4716
---ebpf-pid----4716----pid-3323
---ebpf-pid----4716----pid-1
---ebpf-pid----4716----pid-4716
---ebpf-pid----4716----pid-3323
---ebpf-pid----4716----pid-1
---ebpf-pid----4716----pid-4716
---ebpf-pid----4716----pid-3323
---ebpf-pid----4716----pid-1
---ebpf-pid----4716----pid-4716
---ebpf-pid----4716----pid-3323
---ebpf-pid----4716----pid-1
---ebpf-pid----4716----pid-4716
---ebpf-pid----4716----pid-3323
---ebpf-pid----4716----pid-1
---ebpf-pid----4716----pid-4716
---ebpf-pid----4716----pid-3323
---ebpf-pid----4716----pid-1
---ebpf-pid----406335----pid-406335
---ebpf-pid----406335----pid-3323
---ebpf-pid----406335----pid-1
---ebpf-pid----406335----pid-406335
---ebpf-pid----406335----pid-3323
---ebpf-pid----406335----pid-1
---ebpf-pid----5119----pid-5119
---ebpf-pid----5119----pid-3323
---ebpf-pid----5119----pid-1
---ebpf-pid----5119----pid-5119
---ebpf-pid----5108----pid-5108
---ebpf-pid----5119----pid-3323
---ebpf-pid----5108----pid-3323
---ebpf-pid----5119----pid-1
---ebpf-pid----5108----pid-1
---ebpf-pid----5119----pid-5119
---ebpf-pid----5119----pid-3323
---ebpf-pid----5119----pid-1
---ebpf-pid----5119----pid-5119
---ebpf-pid----5119----pid-3323
---ebpf-pid----5119----pid-1
---ebpf-pid----5119----pid-5119
---ebpf-pid----5119----pid-3323
---ebpf-pid----5119----pid-1
---ebpf-pid----5119----pid-5119
---ebpf-pid----5119----pid-3323
---ebpf-pid----5119----pid-1
---ebpf-pid----5119----pid-5119
---ebpf-pid----5119----pid-3323
---ebpf-pid----5119----pid-1
---ebpf-pid----5119----pid-5119
---ebpf-pid----5119----pid-3323
---ebpf-pid----5119----pid-1
---ebpf-pid----5108----pid-5108
---ebpf-pid----5108----pid-3323
---ebpf-pid----5108----pid-1
---ebpf-pid----5108----pid-5108
---ebpf-pid----5108----pid-3323
---ebpf-pid----5108----pid-1
---ebpf-pid----5108----pid-5108
---ebpf-pid----5108----pid-3323
---ebpf-pid----5108----pid-1
---ebpf-pid----5108----pid-5108
---ebpf-pid----5108----pid-3323
---ebpf-pid----5108----pid-1
---ebpf-pid----5108----pid-5108
---ebpf-pid----5108----pid-3323
---ebpf-pid----5108----pid-1
---ebpf-pid----5108----pid-5108
---ebpf-pid----5108----pid-3323
---ebpf-pid----5108----pid-1
---ebpf-pid----5108----pid-5108
---ebpf-pid----5108----pid-3323
---ebpf-pid----5108----pid-1
---ebpf-pid----5108----pid-5108
---ebpf-pid----5108----pid-3323
---ebpf-pid----5108----pid-1
---ebpf-pid----5108----pid-5108
---ebpf-pid----5108----pid-3323
---ebpf-pid----5108----pid-1
---ebpf-pid----5108----pid-5108
---ebpf-pid----5108----pid-3323
---ebpf-pid----5108----pid-1
---ebpf-pid----5108----pid-5108
---ebpf-pid----5108----pid-3323
---ebpf-pid----5108----pid-1
---ebpf-pid----5108----pid-5108
---ebpf-pid----5108----pid-3323
---ebpf-pid----5108----pid-1
---ebpf-pid----5108----pid-5108
---ebpf-pid----5108----pid-3323
---ebpf-pid----5108----pid-1
---ebpf-pid----5119----pid-5119
---ebpf-pid----5119----pid-3323
---ebpf-pid----5119----pid-1
---ebpf-pid----5119----pid-5119
---ebpf-pid----5119----pid-3323
---ebpf-pid----5119----pid-1
---ebpf-pid----5119----pid-5119
---ebpf-pid----5119----pid-3323
---ebpf-pid----5119----pid-1
---ebpf-pid----5119----pid-5119
---ebpf-pid----5119----pid-3323
---ebpf-pid----5119----pid-1
---ebpf-pid----5119----pid-5119
---ebpf-pid----5119----pid-3323
---ebpf-pid----5119----pid-1
---ebpf-pid----5119----pid-5119
---ebpf-pid----5119----pid-3323
---ebpf-pid----5119----pid-1
---ebpf-pid----5119----pid-5119
---ebpf-pid----5119----pid-3323
---ebpf-pid----5119----pid-1
---ebpf-pid----5119----pid-5119
---ebpf-pid----5119----pid-3323
---ebpf-pid----5119----pid-1
---ebpf-pid----5119----pid-5119
---ebpf-pid----5119----pid-3323
---ebpf-pid----5119----pid-1
---ebpf-pid----406335----pid-406335
---ebpf-pid----406335----pid-3323
---ebpf-pid----406335----pid-1
---ebpf-pid----406335----pid-406335
---ebpf-pid----406335----pid-3323
---ebpf-pid----406335----pid-406335
---ebpf-pid----406335----pid-1
---ebpf-pid----406335----pid-3323
---ebpf-pid----406335----pid-1
---ebpf-pid----406335----pid-406335
---ebpf-pid----406335----pid-3323
---ebpf-pid----406335----pid-1
---ebpf-pid----406335----pid-406335
---ebpf-pid----406335----pid-3323
---ebpf-pid----406335----pid-1
---ebpf-pid----406335----pid-406335
---ebpf-pid----406335----pid-3323
---ebpf-pid----406335----pid-1
---ebpf-pid----406335----pid-406335
---ebpf-pid----406335----pid-3323
---ebpf-pid----406335----pid-1
---ebpf-pid----406335----pid-406335
---ebpf-pid----406335----pid-3323
---ebpf-pid----406335----pid-1
---ebpf-pid----406335----pid-406335
---ebpf-pid----406335----pid-3323
---ebpf-pid----406335----pid-1
---ebpf-pid----406335----pid-406335
---ebpf-pid----406335----pid-3323
---ebpf-pid----406335----pid-1
---ebpf-pid----406335----pid-406335
---ebpf-pid----406335----pid-3323
---ebpf-pid----406335----pid-1
---ebpf-pid----406335----pid-406335
---ebpf-pid----406335----pid-3323
---ebpf-pid----406335----pid-1
---ebpf-pid----406335----pid-406335
---ebpf-pid----406335----pid-3323
---ebpf-pid----406335----pid-1
---ebpf-pid----406335----pid-406335
---ebpf-pid----406335----pid-3323
---ebpf-pid----406335----pid-1
---ebpf-pid----406335----pid-406335
---ebpf-pid----406335----pid-3323
---ebpf-pid----406335----pid-1
---ebpf-pid----406335----pid-406335
---ebpf-pid----406335----pid-3323
---ebpf-pid----406335----pid-1
---ebpf-pid----406335----pid-406335
---ebpf-pid----406335----pid-3323
---ebpf-pid----406335----pid-1
---ebpf-pid----406335----pid-406335
---ebpf-pid----406335----pid-3323
---ebpf-pid----406335----pid-1
---ebpf-pid----406335----pid-406335
---ebpf-pid----406335----pid-3323
---ebpf-pid----406335----pid-1
---ebpf-pid----406335----pid-406335
---ebpf-pid----406335----pid-3323
---ebpf-pid----406335----pid-1
---ebpf-pid----406335----pid-406335
---ebpf-pid----406335----pid-3323
---ebpf-pid----406335----pid-1
---ebpf-pid----406335----pid-406335
---ebpf-pid----406335----pid-3323
---ebpf-pid----406335----pid-1
---ebpf-pid----406335----pid-406335
---ebpf-pid----406335----pid-3323
---ebpf-pid----406335----pid-1
---ebpf-pid----406335----pid-406335
---ebpf-pid----406335----pid-3323
---ebpf-pid----406335----pid-1
---ebpf-pid----406335----pid-406335
---ebpf-pid----406335----pid-3323
---ebpf-pid----406335----pid-1
---ebpf-pid----406335----pid-406335
---ebpf-pid----406335----pid-3323
---ebpf-pid----406335----pid-1
---ebpf-pid----406335----pid-406335
---ebpf-pid----406335----pid-3323
---ebpf-pid----406335----pid-1
---ebpf-pid----406335----pid-406335
---ebpf-pid----406335----pid-3323
---ebpf-pid----406335----pid-1
---ebpf-pid----406335----pid-406335
---ebpf-pid----406335----pid-3323
---ebpf-pid----406335----pid-1
---ebpf-pid----406335----pid-406335
---ebpf-pid----406335----pid-3323
---ebpf-pid----406335----pid-1
---ebpf-pid----406334----pid-406334
---ebpf-pid----406334----pid-3323
---ebpf-pid----406334----pid-1
---ebpf-pid----406334----pid-406334
---ebpf-pid----406334----pid-3323
---ebpf-pid----406334----pid-1
---ebpf-pid----406334----pid-406334
---ebpf-pid----406334----pid-3323
---ebpf-pid----406334----pid-1
---ebpf-pid----406334----pid-406334
---ebpf-pid----406334----pid-3323
---ebpf-pid----406334----pid-1
---ebpf-pid----406334----pid-406334
---ebpf-pid----406334----pid-3323
---ebpf-pid----406334----pid-1
---ebpf-pid----406334----pid-406334
---ebpf-pid----406334----pid-3323
---ebpf-pid----406334----pid-1
---ebpf-pid----406334----pid-406334
---ebpf-pid----406334----pid-3323
---ebpf-pid----406334----pid-1
---ebpf-pid----406334----pid-406334
---ebpf-pid----406334----pid-3323
---ebpf-pid----406334----pid-1
---ebpf-pid----406334----pid-406334
---ebpf-pid----406334----pid-3323
---ebpf-pid----406334----pid-1
---ebpf-pid----406334----pid-406334
---ebpf-pid----406334----pid-3323
---ebpf-pid----406334----pid-1
---ebpf-pid----406334----pid-406334
---ebpf-pid----406334----pid-3323
---ebpf-pid----406334----pid-1
---ebpf-pid----406334----pid-406334
---ebpf-pid----406334----pid-3323
---ebpf-pid----406334----pid-1
---ebpf-pid----406334----pid-406334
---ebpf-pid----406334----pid-3323
---ebpf-pid----406334----pid-1
---ebpf-pid----406334----pid-406334
---ebpf-pid----406334----pid-3323
---ebpf-pid----406334----pid-1
---ebpf-pid----406334----pid-406334
---ebpf-pid----406334----pid-3323
---ebpf-pid----406334----pid-1
---ebpf-pid----406334----pid-406334
---ebpf-pid----406334----pid-3323
---ebpf-pid----406334----pid-1
---ebpf-pid----406334----pid-406334
---ebpf-pid----406334----pid-3323
---ebpf-pid----406334----pid-1
---ebpf-pid----406334----pid-406334
---ebpf-pid----406334----pid-3323
---ebpf-pid----406334----pid-1
---ebpf-pid----406334----pid-406334
---ebpf-pid----406334----pid-3323
---ebpf-pid----406334----pid-1
---ebpf-pid----406334----pid-406334
---ebpf-pid----406334----pid-3323
---ebpf-pid----406334----pid-1
---ebpf-pid----406334----pid-406334
---ebpf-pid----406334----pid-3323
---ebpf-pid----406334----pid-1
---ebpf-pid----406334----pid-406334
---ebpf-pid----406334----pid-3323
---ebpf-pid----406334----pid-1
---ebpf-pid----406334----pid-406334
---ebpf-pid----406334----pid-3323
---ebpf-pid----406334----pid-1
---ebpf-pid----406334----pid-406334
---ebpf-pid----406334----pid-3323
---ebpf-pid----406334----pid-1
---ebpf-pid----406334----pid-406334
---ebpf-pid----406334----pid-3323
---ebpf-pid----406334----pid-1
---ebpf-pid----406334----pid-406334
---ebpf-pid----406334----pid-3323
---ebpf-pid----406334----pid-1
Failed to get process information for PID 0
Failed to get process information for PID 0
---ebpf-pid----14----pid-14
---ebpf-pid----14----pid-2
---ebpf-pid----5109----pid-5109
---ebpf-pid----406334----pid-406334
---ebpf-pid----406334----pid-3323
---ebpf-pid----406334----pid-1
---ebpf-pid----406334----pid-406334
---ebpf-pid----406334----pid-3323
---ebpf-pid----5109----pid-3323
---ebpf-pid----406334----pid-1
---ebpf-pid----5109----pid-1
---ebpf-pid----406334----pid-406334
---ebpf-pid----406335----pid-406335
---ebpf-pid----406334----pid-3323
---ebpf-pid----406335----pid-3323
---ebpf-pid----406334----pid-1
---ebpf-pid----406335----pid-1
---ebpf-pid----5108----pid-5108
---ebpf-pid----5108----pid-3323
---ebpf-pid----5108----pid-1
---ebpf-pid----406334----pid-406334
---ebpf-pid----406334----pid-3323
---ebpf-pid----406334----pid-1
---ebpf-pid----406334----pid-406334
---ebpf-pid----406334----pid-3323
---ebpf-pid----406334----pid-1
---ebpf-pid----406334----pid-406334
---ebpf-pid----406334----pid-3323
---ebpf-pid----406334----pid-1
---ebpf-pid----406334----pid-406334
---ebpf-pid----406334----pid-3323
---ebpf-pid----406334----pid-1
---ebpf-pid----406334----pid-406334
---ebpf-pid----406334----pid-3323
---ebpf-pid----406334----pid-1
---ebpf-pid----406334----pid-406334
---ebpf-pid----406334----pid-3323
---ebpf-pid----406334----pid-1
---ebpf-pid----406334----pid-406334
---ebpf-pid----406334----pid-3323
---ebpf-pid----406334----pid-1
---ebpf-pid----406334----pid-406334
---ebpf-pid----406334----pid-3323
---ebpf-pid----406334----pid-1
---ebpf-pid----406334----pid-406334
---ebpf-pid----406334----pid-3323
---ebpf-pid----406334----pid-1
---ebpf-pid----406334----pid-406334
---ebpf-pid----406334----pid-3323
---ebpf-pid----406334----pid-1
---ebpf-pid----5108----pid-5108
---ebpf-pid----5108----pid-3323
---ebpf-pid----5108----pid-1
---ebpf-pid----5109----pid-5109
---ebpf-pid----5109----pid-3323
---ebpf-pid----5109----pid-1
---ebpf-pid----5109----pid-5109
---ebpf-pid----5109----pid-3323
---ebpf-pid----5109----pid-1
---ebpf-pid----406334----pid-406334
---ebpf-pid----406334----pid-3323
---ebpf-pid----406334----pid-1
---ebpf-pid----406334----pid-406334
---ebpf-pid----406334----pid-3323
---ebpf-pid----406334----pid-1
---ebpf-pid----5109----pid-5109
---ebpf-pid----5109----pid-3323
---ebpf-pid----5109----pid-1
---ebpf-pid----5119----pid-5119
---ebpf-pid----5119----pid-3323
---ebpf-pid----5119----pid-1
---ebpf-pid----5119----pid-5119
---ebpf-pid----5119----pid-3323
---ebpf-pid----5119----pid-1
---ebpf-pid----5119----pid-5119
---ebpf-pid----5119----pid-3323
---ebpf-pid----5119----pid-1
---ebpf-pid----406334----pid-406334
---ebpf-pid----406334----pid-3323
---ebpf-pid----406334----pid-1
---ebpf-pid----5109----pid-5109
---ebpf-pid----5109----pid-3323
---ebpf-pid----5109----pid-1
---ebpf-pid----5109----pid-5109
---ebpf-pid----5109----pid-3323
---ebpf-pid----5109----pid-1
---ebpf-pid----5109----pid-5109
---ebpf-pid----5109----pid-3323
---ebpf-pid----5109----pid-1
---ebpf-pid----5109----pid-5109
---ebpf-pid----5109----pid-3323
---ebpf-pid----5109----pid-1
---ebpf-pid----5109----pid-5109
---ebpf-pid----5109----pid-3323
---ebpf-pid----5109----pid-1
---ebpf-pid----4716----pid-4716
---ebpf-pid----4716----pid-3323
---ebpf-pid----4716----pid-1
---ebpf-pid----4716----pid-4716
---ebpf-pid----4716----pid-3323
---ebpf-pid----4716----pid-1
---ebpf-pid----4716----pid-4716
---ebpf-pid----4716----pid-3323
---ebpf-pid----4716----pid-1
---ebpf-pid----4716----pid-4716
---ebpf-pid----4716----pid-3323
---ebpf-pid----4716----pid-1
---ebpf-pid----4716----pid-4716
---ebpf-pid----4716----pid-3323
---ebpf-pid----4716----pid-1
---ebpf-pid----4716----pid-4716
---ebpf-pid----406335----pid-406335
---ebpf-pid----4716----pid-3323
---ebpf-pid----406335----pid-3323
---ebpf-pid----4716----pid-1
---ebpf-pid----4716----pid-4716
---ebpf-pid----406335----pid-1
---ebpf-pid----4716----pid-3323
---ebpf-pid----4716----pid-1
---ebpf-pid----4716----pid-4716
---ebpf-pid----4716----pid-3323
---ebpf-pid----4716----pid-1
---ebpf-pid----4716----pid-4716
---ebpf-pid----4716----pid-3323
---ebpf-pid----4716----pid-1
---ebpf-pid----4716----pid-4716
---ebpf-pid----4716----pid-3323
---ebpf-pid----4716----pid-1
---ebpf-pid----4716----pid-4716
---ebpf-pid----4716----pid-3323
---ebpf-pid----4716----pid-1
---ebpf-pid----406335----pid-406335
---ebpf-pid----406335----pid-3323
---ebpf-pid----406335----pid-1
---ebpf-pid----406335----pid-406335
---ebpf-pid----406335----pid-3323
---ebpf-pid----406335----pid-1
---ebpf-pid----406335----pid-406335
---ebpf-pid----406335----pid-3323
---ebpf-pid----406335----pid-1
---ebpf-pid----406335----pid-406335
---ebpf-pid----406335----pid-3323
---ebpf-pid----406335----pid-1
Failed to get process information for PID 0
---ebpf-pid----53663----pid-53663
---ebpf-pid----53663----pid-3466
---ebpf-pid----53663----pid-1
---ebpf-pid----53663----pid-53663
---ebpf-pid----53663----pid-3466
---ebpf-pid----53663----pid-1
---ebpf-pid----2094----pid-2094
---ebpf-pid----2094----pid-1
---ebpf-pid----2094----pid-2094
---ebpf-pid----2094----pid-1
---ebpf-pid----53663----pid-53663
---ebpf-pid----53663----pid-3466
---ebpf-pid----53663----pid-1
Failed to get process information for PID 0
---ebpf-pid----53663----pid-53663
---ebpf-pid----53663----pid-3466
---ebpf-pid----53663----pid-1
Failed to get process information for PID 0
---ebpf-pid----14----pid-14
---ebpf-pid----14----pid-2
---ebpf-pid----14----pid-14
---ebpf-pid----14----pid-2
---ebpf-pid----406335----pid-406335
---ebpf-pid----406335----pid-3323
Failed to get process information for PID 0
---ebpf-pid----406335----pid-1
Failed to get process information for PID 0
---ebpf-pid----8844----pid-8844
---ebpf-pid----8844----pid-7637
---ebpf-pid----6671----pid-6671
---ebpf-pid----8844----pid-1
---ebpf-pid----8844----pid-8844
---ebpf-pid----8844----pid-7637
---ebpf-pid----6671----pid-5476
---ebpf-pid----8844----pid-1
---ebpf-pid----8844----pid-8844
---ebpf-pid----6671----pid-1
---ebpf-pid----6671----pid-6671
---ebpf-pid----8844----pid-7637
---ebpf-pid----6671----pid-5476
---ebpf-pid----8844----pid-1
---ebpf-pid----8844----pid-8844
---ebpf-pid----6671----pid-1
---ebpf-pid----8844----pid-7637
---ebpf-pid----6671----pid-6671
---ebpf-pid----5705----pid-5705
---ebpf-pid----8844----pid-1
---ebpf-pid----6671----pid-5476
---ebpf-pid----5705----pid-5476
---ebpf-pid----6671----pid-1
---ebpf-pid----6671----pid-6671
---ebpf-pid----5705----pid-1
---ebpf-pid----5705----pid-5705
---ebpf-pid----6671----pid-5476
---ebpf-pid----5705----pid-5476
---ebpf-pid----6671----pid-1
---ebpf-pid----6671----pid-6671
---ebpf-pid----5705----pid-1
---ebpf-pid----6671----pid-5476
---ebpf-pid----6671----pid-1
---ebpf-pid----6671----pid-6671
---ebpf-pid----6671----pid-5476
---ebpf-pid----6671----pid-1
---ebpf-pid----6671----pid-6671
---ebpf-pid----6671----pid-5476
---ebpf-pid----6671----pid-1
---ebpf-pid----6671----pid-6671
---ebpf-pid----6671----pid-5476
---ebpf-pid----6671----pid-1
---ebpf-pid----6671----pid-6671
---ebpf-pid----6671----pid-5476
---ebpf-pid----6671----pid-1
---ebpf-pid----6671----pid-6671
---ebpf-pid----6671----pid-5476
---ebpf-pid----8844----pid-8844
---ebpf-pid----6671----pid-1
---ebpf-pid----6671----pid-6671
---ebpf-pid----6671----pid-5476
---ebpf-pid----8844----pid-7637
---ebpf-pid----6671----pid-1
---ebpf-pid----448785----pid-448785
---ebpf-pid----8844----pid-1
---ebpf-pid----448785----pid-448520
---ebpf-pid----448785----pid-1
---ebpf-pid----6671----pid-6671
---ebpf-pid----8844----pid-8844
---ebpf-pid----8844----pid-7637
---ebpf-pid----6671----pid-5476
---ebpf-pid----6671----pid-1
---ebpf-pid----6671----pid-6671
---ebpf-pid----6671----pid-5476
---ebpf-pid----6671----pid-1
---ebpf-pid----448783----pid-448783
---ebpf-pid----448783----pid-448520
---ebpf-pid----448783----pid-1
---ebpf-pid----8844----pid-1
---ebpf-pid----8844----pid-8844
---ebpf-pid----7312----pid-7312
---ebpf-pid----8844----pid-7637
---ebpf-pid----8844----pid-1
---ebpf-pid----8844----pid-8844
---ebpf-pid----8844----pid-7637
---ebpf-pid----7312----pid-1
---ebpf-pid----8844----pid-1
---ebpf-pid----448783----pid-448783
---ebpf-pid----8844----pid-8844
---ebpf-pid----8844----pid-7637
---ebpf-pid----448783----pid-448520
---ebpf-pid----8844----pid-1
---ebpf-pid----448783----pid-1
---ebpf-pid----8844----pid-8844
---ebpf-pid----448783----pid-448783
---ebpf-pid----8844----pid-7637
---ebpf-pid----448783----pid-448520
---ebpf-pid----8844----pid-1
---ebpf-pid----5705----pid-5705
---ebpf-pid----448783----pid-1
---ebpf-pid----379067----pid-379067
---ebpf-pid----379067----pid-379067
---ebpf-pid----5705----pid-5476
---ebpf-pid----379067----pid-5476
---ebpf-pid----5705----pid-1
---ebpf-pid----5705----pid-5705
---ebpf-pid----379067----pid-5476
---ebpf-pid----379067----pid-1
---ebpf-pid----379067----pid-379067
---ebpf-pid----5705----pid-5476
---ebpf-pid----379067----pid-5476
---ebpf-pid----5705----pid-1
---ebpf-pid----379067----pid-1
---ebpf-pid----379067----pid-1
---ebpf-pid----7312----pid-7312
---ebpf-pid----379067----pid-379067
---ebpf-pid----7312----pid-1
---ebpf-pid----379067----pid-379067
---ebpf-pid----379067----pid-5476
---ebpf-pid----379067----pid-5476
---ebpf-pid----379067----pid-1
---ebpf-pid----379067----pid-1
---ebpf-pid----379067----pid-379067
---ebpf-pid----379067----pid-379067
---ebpf-pid----379067----pid-5476
---ebpf-pid----379067----pid-5476
---ebpf-pid----379067----pid-1
---ebpf-pid----5637----pid-5637
---ebpf-pid----379067----pid-1
---ebpf-pid----5637----pid-1
---ebpf-pid----379067----pid-379067
---ebpf-pid----448521----pid-448521
---ebpf-pid----379067----pid-5476
---ebpf-pid----448521----pid-1
---ebpf-pid----379067----pid-1
---ebpf-pid----379067----pid-379067
---ebpf-pid----379067----pid-5476
---ebpf-pid----379067----pid-1
---ebpf-pid----379067----pid-379067
---ebpf-pid----379067----pid-5476
---ebpf-pid----379067----pid-1
---ebpf-pid----379067----pid-379067
---ebpf-pid----379067----pid-5476
---ebpf-pid----379067----pid-1
---ebpf-pid----379067----pid-379067
---ebpf-pid----379067----pid-5476
---ebpf-pid----379067----pid-1
Failed to get process information for PID 0
Failed to get process information for PID 0
Failed to get process information for PID 0
Failed to get process information for PID 0
Failed to get process information for PID 0
---ebpf-pid----14----pid-14
Failed to get process information for PID 0
---ebpf-pid----14----pid-2
---ebpf-pid----9034----pid-9034
---ebpf-pid----9034----pid-7637
---ebpf-pid----9034----pid-1
---ebpf-pid----9034----pid-9034
---ebpf-pid----9034----pid-7637
---ebpf-pid----9034----pid-1
---ebpf-pid----379067----pid-379067
---ebpf-pid----379067----pid-5476
---ebpf-pid----379067----pid-1
---ebpf-pid----379067----pid-379067
---ebpf-pid----379067----pid-5476
---ebpf-pid----379067----pid-1
---ebpf-pid----5705----pid-5705
---ebpf-pid----5705----pid-5476
---ebpf-pid----5705----pid-1
---ebpf-pid----5705----pid-5705
---ebpf-pid----5705----pid-5476
---ebpf-pid----5705----pid-1
---ebpf-pid----379067----pid-379067
---ebpf-pid----379067----pid-5476
---ebpf-pid----379067----pid-1
---ebpf-pid----379067----pid-379067
---ebpf-pid----379067----pid-5476
---ebpf-pid----379067----pid-1
---ebpf-pid----5705----pid-5705
---ebpf-pid----5705----pid-5476
---ebpf-pid----5705----pid-1
---ebpf-pid----5705----pid-5705
---ebpf-pid----5705----pid-5476
---ebpf-pid----5705----pid-1
---ebpf-pid----5705----pid-5705
---ebpf-pid----5705----pid-5476
---ebpf-pid----5705----pid-1
---ebpf-pid----5705----pid-5705
---ebpf-pid----5705----pid-5476
---ebpf-pid----5705----pid-1
---ebpf-pid----9422----pid-9422
---ebpf-pid----5705----pid-5705
---ebpf-pid----9422----pid-7637
---ebpf-pid----9422----pid-1
---ebpf-pid----9422----pid-9422
---ebpf-pid----5705----pid-5476
---ebpf-pid----9422----pid-7637
---ebpf-pid----8844----pid-8844
---ebpf-pid----5705----pid-1
---ebpf-pid----9422----pid-1
---ebpf-pid----8844----pid-7637
---ebpf-pid----9422----pid-9422
---ebpf-pid----5705----pid-5705
---ebpf-pid----5705----pid-5476
---ebpf-pid----9422----pid-7637
---ebpf-pid----5705----pid-1
---ebpf-pid----9422----pid-1
---ebpf-pid----5705----pid-5705
---ebpf-pid----9422----pid-9422
---ebpf-pid----5705----pid-5476
---ebpf-pid----9422----pid-7637
---ebpf-pid----5705----pid-1
---ebpf-pid----5705----pid-5705
---ebpf-pid----9422----pid-1
---ebpf-pid----5705----pid-5476
---ebpf-pid----6671----pid-6671
---ebpf-pid----8844----pid-1
---ebpf-pid----5705----pid-1
---ebpf-pid----5705----pid-5705
---ebpf-pid----6671----pid-5476
---ebpf-pid----5705----pid-5476
---ebpf-pid----6671----pid-1
---ebpf-pid----5705----pid-1
---ebpf-pid----379067----pid-379067
---ebpf-pid----6671----pid-6671
---ebpf-pid----379067----pid-5476
---ebpf-pid----6671----pid-5476
---ebpf-pid----379067----pid-1
---ebpf-pid----6671----pid-1
---ebpf-pid----379067----pid-379067
---ebpf-pid----379067----pid-5476
---ebpf-pid----379067----pid-1
---ebpf-pid----8844----pid-8844
---ebpf-pid----379067----pid-379067
---ebpf-pid----379067----pid-5476
---ebpf-pid----8844----pid-7637
---ebpf-pid----379067----pid-1
---ebpf-pid----8844----pid-1
---ebpf-pid----379067----pid-379067
---ebpf-pid----8844----pid-8844
---ebpf-pid----379067----pid-5476
---ebpf-pid----8844----pid-7637
---ebpf-pid----379067----pid-1
---ebpf-pid----379067----pid-379067
---ebpf-pid----8844----pid-1
---ebpf-pid----8844----pid-8844
---ebpf-pid----8844----pid-7637
---ebpf-pid----8844----pid-1
---ebpf-pid----379067----pid-5476
---ebpf-pid----379067----pid-1
---ebpf-pid----379067----pid-379067
---ebpf-pid----379067----pid-5476
---ebpf-pid----379067----pid-1
Failed to get process information for PID 0
---ebpf-pid----448784----pid-448784
---ebpf-pid----448784----pid-448520
---ebpf-pid----448784----pid-1
---ebpf-pid----448784----pid-448784
---ebpf-pid----448784----pid-448520
---ebpf-pid----448784----pid-1
---ebpf-pid----448784----pid-448784
---ebpf-pid----448784----pid-448520
---ebpf-pid----448784----pid-1
Failed to get process information for PID 0
---ebpf-pid----14----pid-14
---ebpf-pid----14----pid-2
---ebpf-pid----5288----pid-5288
---ebpf-pid----5288----pid-3615
---ebpf-pid----5288----pid-1
---ebpf-pid----5288----pid-5288
---ebpf-pid----5288----pid-3615
---ebpf-pid----5288----pid-1
---ebpf-pid----5303----pid-5303
---ebpf-pid----5303----pid-3615
---ebpf-pid----5303----pid-1
---ebpf-pid----5303----pid-5303
---ebpf-pid----5303----pid-3615
---ebpf-pid----5303----pid-1
---ebpf-pid----5288----pid-5288
---ebpf-pid----5288----pid-3615
---ebpf-pid----5288----pid-1
---ebpf-pid----8845----pid-8845
---ebpf-pid----8845----pid-7637
---ebpf-pid----8845----pid-1
---ebpf-pid----8845----pid-8845
---ebpf-pid----8845----pid-7637
---ebpf-pid----8845----pid-1
---ebpf-pid----8845----pid-8845
---ebpf-pid----8845----pid-7637
---ebpf-pid----8845----pid-1
---ebpf-pid----8845----pid-8845
---ebpf-pid----8845----pid-7637
---ebpf-pid----8845----pid-1
---ebpf-pid----4716----pid-4716
Failed to get process information for PID 0
---ebpf-pid----4716----pid-3323
---ebpf-pid----4716----pid-1
---ebpf-pid----6671----pid-6671
---ebpf-pid----6671----pid-6671
---ebpf-pid----6671----pid-5476
---ebpf-pid----6671----pid-1
---ebpf-pid----6671----pid-5476
---ebpf-pid----6671----pid-6671
---ebpf-pid----6671----pid-5476
---ebpf-pid----6671----pid-1
---ebpf-pid----6671----pid-6671
---ebpf-pid----6671----pid-1
---ebpf-pid----6671----pid-6671
---ebpf-pid----6671----pid-5476
---ebpf-pid----6671----pid-5476
---ebpf-pid----6671----pid-1
---ebpf-pid----6671----pid-6671
---ebpf-pid----6671----pid-1
---ebpf-pid----6671----pid-5476
---ebpf-pid----379067----pid-379067
---ebpf-pid----6671----pid-1
---ebpf-pid----379067----pid-5476
---ebpf-pid----379067----pid-1
---ebpf-pid----379067----pid-379067
---ebpf-pid----379067----pid-5476
---ebpf-pid----379067----pid-1
---ebpf-pid----379067----pid-379067
---ebpf-pid----379067----pid-5476
---ebpf-pid----379067----pid-1
---ebpf-pid----379067----pid-379067
---ebpf-pid----379067----pid-5476
---ebpf-pid----379067----pid-1
Failed to get process information for PID 0
Failed to get process information for PID 0
Failed to get process information for PID 0
---ebpf-pid----5277----pid-5277
---ebpf-pid----5277----pid-3615
---ebpf-pid----5277----pid-1
---ebpf-pid----5277----pid-5277
---ebpf-pid----5277----pid-3615
---ebpf-pid----5277----pid-1
---ebpf-pid----5288----pid-5288
---ebpf-pid----5288----pid-3615
---ebpf-pid----5288----pid-1
Failed to get process information for PID 0
---ebpf-pid----21----pid-21
---ebpf-pid----21----pid-2
---ebpf-pid----21----pid-21
---ebpf-pid----21----pid-2
---ebpf-pid----5279----pid-5279
---ebpf-pid----5279----pid-3615
---ebpf-pid----5279----pid-1
---ebpf-pid----5288----pid-5288
---ebpf-pid----5288----pid-3615
---ebpf-pid----5288----pid-1
Failed to get process information for PID 0
---ebpf-pid----5279----pid-5279
---ebpf-pid----5279----pid-3615
---ebpf-pid----5279----pid-1
---ebpf-pid----5279----pid-5279
---ebpf-pid----5279----pid-3615
---ebpf-pid----5279----pid-1
Failed to get process information for PID 0
Failed to get process information for PID 0
---ebpf-pid----6671----pid-6671
---ebpf-pid----6671----pid-5476
---ebpf-pid----6671----pid-1
---ebpf-pid----6671----pid-6671
---ebpf-pid----6671----pid-5476
---ebpf-pid----6671----pid-1
---ebpf-pid----5085----pid-5085
---ebpf-pid----9034----pid-9034
---ebpf-pid----5085----pid-4164
---ebpf-pid----379067----pid-379067
---ebpf-pid----5085----pid-3417
---ebpf-pid----379067----pid-5476
---ebpf-pid----9034----pid-7637
---ebpf-pid----5085----pid-1
---ebpf-pid----4211----pid-4211
---ebpf-pid----379067----pid-1
---ebpf-pid----379067----pid-379067
---ebpf-pid----4211----pid-4164
---ebpf-pid----4211----pid-3417
---ebpf-pid----9034----pid-1
---ebpf-pid----4211----pid-1
---ebpf-pid----9034----pid-9034
---ebpf-pid----379067----pid-5476
---ebpf-pid----9034----pid-7637
---ebpf-pid----379067----pid-1
---ebpf-pid----9034----pid-1
---ebpf-pid----9034----pid-9034
---ebpf-pid----9034----pid-7637
---ebpf-pid----9034----pid-1
---ebpf-pid----4210----pid-4210
---ebpf-pid----9034----pid-9034
---ebpf-pid----9034----pid-7637
---ebpf-pid----4210----pid-4164
---ebpf-pid----9034----pid-1
---ebpf-pid----379067----pid-379067
---ebpf-pid----379067----pid-5476
---ebpf-pid----379067----pid-1
---ebpf-pid----379067----pid-379067
---ebpf-pid----4210----pid-3417
---ebpf-pid----379067----pid-5476
---ebpf-pid----379067----pid-1
---ebpf-pid----379067----pid-379067
---ebpf-pid----4210----pid-1
---ebpf-pid----379067----pid-5476
---ebpf-pid----379067----pid-1
---ebpf-pid----379067----pid-379067
---ebpf-pid----379067----pid-5476
---ebpf-pid----379067----pid-1
Failed to get process information for PID 0
---ebpf-pid----2012----pid-2012
---ebpf-pid----2012----pid-1
---ebpf-pid----2012----pid-2012
---ebpf-pid----2012----pid-1
---ebpf-pid----2012----pid-2012
---ebpf-pid----2012----pid-1
---ebpf-pid----2012----pid-2012
---ebpf-pid----2012----pid-1
---ebpf-pid----2012----pid-2012
---ebpf-pid----2012----pid-1
---ebpf-pid----372881----pid-372881
---ebpf-pid----372881----pid-1
---ebpf-pid----372881----pid-372881
---ebpf-pid----372881----pid-1
---ebpf-pid----372881----pid-372881
---ebpf-pid----372881----pid-1
---ebpf-pid----2012----pid-2012
---ebpf-pid----2012----pid-1
---ebpf-pid----2012----pid-2012
---ebpf-pid----2012----pid-1
---ebpf-pid----372881----pid-372881
---ebpf-pid----372881----pid-1
---ebpf-pid----372881----pid-372881
---ebpf-pid----372881----pid-1
---ebpf-pid----2089----pid-2089
---ebpf-pid----2089----pid-1
---ebpf-pid----2089----pid-2089
---ebpf-pid----2089----pid-1
---ebpf-pid----2089----pid-2089
---ebpf-pid----2089----pid-1
---ebpf-pid----9178----pid-9178
---ebpf-pid----9178----pid-7637
---ebpf-pid----9178----pid-1
---ebpf-pid----9178----pid-9178
---ebpf-pid----9178----pid-7637
---ebpf-pid----9178----pid-1
---ebpf-pid----9178----pid-9178
---ebpf-pid----9178----pid-7637
---ebpf-pid----9178----pid-1
---ebpf-pid----2094----pid-2094
---ebpf-pid----2094----pid-1
---ebpf-pid----2094----pid-2094
---ebpf-pid----2094----pid-1
---ebpf-pid----2094----pid-2094
---ebpf-pid----2094----pid-1
---ebpf-pid----8844----pid-8844
---ebpf-pid----8844----pid-7637
---ebpf-pid----8844----pid-1
---ebpf-pid----8844----pid-8844
---ebpf-pid----8844----pid-7637
---ebpf-pid----8844----pid-1
---ebpf-pid----2089----pid-2089
---ebpf-pid----2089----pid-1
---ebpf-pid----2089----pid-2089
---ebpf-pid----2089----pid-1
---ebpf-pid----2089----pid-2089
---ebpf-pid----2089----pid-1
---ebpf-pid----14----pid-14
---ebpf-pid----14----pid-2
---ebpf-pid----14----pid-14
---ebpf-pid----14----pid-2
---ebpf-pid----5085----pid-5085
---ebpf-pid----5085----pid-4164
---ebpf-pid----5085----pid-3417
---ebpf-pid----5085----pid-1
---ebpf-pid----4211----pid-4211
---ebpf-pid----4211----pid-4164
---ebpf-pid----4211----pid-3417
---ebpf-pid----4211----pid-1
---ebpf-pid----53663----pid-53663
---ebpf-pid----53663----pid-3466
---ebpf-pid----53663----pid-1
---ebpf-pid----6513----pid-6513
---ebpf-pid----6513----pid-5980
---ebpf-pid----6513----pid-1
---ebpf-pid----6513----pid-6513
---ebpf-pid----6513----pid-5980
---ebpf-pid----6513----pid-1
---ebpf-pid----372881----pid-372881
---ebpf-pid----9422----pid-9422
---ebpf-pid----372881----pid-1
---ebpf-pid----372881----pid-372881
---ebpf-pid----9422----pid-7637
---ebpf-pid----9422----pid-1
---ebpf-pid----372881----pid-1
---ebpf-pid----372881----pid-372881
---ebpf-pid----9422----pid-9422
---ebpf-pid----9422----pid-7637
---ebpf-pid----9422----pid-1
---ebpf-pid----9422----pid-9422
---ebpf-pid----9422----pid-7637
---ebpf-pid----372881----pid-1
---ebpf-pid----9422----pid-1
---ebpf-pid----9422----pid-9422
---ebpf-pid----372881----pid-372881
---ebpf-pid----9422----pid-7637
---ebpf-pid----9422----pid-1
---ebpf-pid----9422----pid-9422
---ebpf-pid----372881----pid-1
---ebpf-pid----9422----pid-7637
---ebpf-pid----9422----pid-1
---ebpf-pid----2089----pid-2089
---ebpf-pid----2089----pid-1
---ebpf-pid----2089----pid-2089
---ebpf-pid----2089----pid-1
---ebpf-pid----8844----pid-8844
---ebpf-pid----8844----pid-7637
---ebpf-pid----8844----pid-1
---ebpf-pid----8844----pid-8844
---ebpf-pid----8844----pid-7637
---ebpf-pid----8844----pid-1
---ebpf-pid----8459----pid-8459
---ebpf-pid----8459----pid-7749
---ebpf-pid----8459----pid-1
---ebpf-pid----8459----pid-8459
---ebpf-pid----8459----pid-7749
---ebpf-pid----8459----pid-1
---ebpf-pid----21----pid-21
Failed to get process information for PID 0
---ebpf-pid----21----pid-2
---ebpf-pid----21----pid-21
---ebpf-pid----21----pid-2
---ebpf-pid----8459----pid-8459
---ebpf-pid----8459----pid-7749
---ebpf-pid----8459----pid-1
---ebpf-pid----8459----pid-8459
---ebpf-pid----8459----pid-7749
---ebpf-pid----8459----pid-1
Failed to get process information for PID 0
Failed to get process information for PID 0
---ebpf-pid----21----pid-21
---ebpf-pid----21----pid-2
---ebpf-pid----9034----pid-9034
---ebpf-pid----9034----pid-7637
---ebpf-pid----9034----pid-1
---ebpf-pid----9034----pid-9034
---ebpf-pid----9034----pid-7637
---ebpf-pid----9034----pid-1
---ebpf-pid----2094----pid-2094
---ebpf-pid----2094----pid-1
---ebpf-pid----2094----pid-2094
---ebpf-pid----2094----pid-1
---ebpf-pid----2094----pid-2094
---ebpf-pid----2094----pid-1
---ebpf-pid----2094----pid-2094
---ebpf-pid----2094----pid-1
---ebpf-pid----8845----pid-8845
---ebpf-pid----2094----pid-2094
---ebpf-pid----8845----pid-7637
---ebpf-pid----8845----pid-1
---ebpf-pid----2094----pid-2094
---ebpf-pid----2094----pid-1
---ebpf-pid----2094----pid-2094
---ebpf-pid----2094----pid-1
---ebpf-pid----2094----pid-1
---ebpf-pid----2094----pid-2094
---ebpf-pid----2094----pid-2094
---ebpf-pid----2094----pid-1
---ebpf-pid----2094----pid-2094
---ebpf-pid----2094----pid-1
---ebpf-pid----8845----pid-8845
---ebpf-pid----2094----pid-1
---ebpf-pid----8845----pid-7637
---ebpf-pid----8845----pid-8845
---ebpf-pid----8845----pid-1
---ebpf-pid----8845----pid-8845
---ebpf-pid----8845----pid-7637
---ebpf-pid----8845----pid-7637
---ebpf-pid----8845----pid-1
---ebpf-pid----8845----pid-1
---ebpf-pid----2094----pid-2094
---ebpf-pid----2094----pid-1
---ebpf-pid----8844----pid-8844
---ebpf-pid----8844----pid-7637
---ebpf-pid----8844----pid-1
---ebpf-pid----8844----pid-8844
---ebpf-pid----8844----pid-7637
---ebpf-pid----8844----pid-1
---ebpf-pid----8844----pid-8844
---ebpf-pid----8844----pid-7637
---ebpf-pid----8844----pid-1
Failed to get process information for PID 0
Failed to get process information for PID 0
---ebpf-pid----379067----pid-379067
---ebpf-pid----379067----pid-5476
---ebpf-pid----379067----pid-1
---ebpf-pid----379067----pid-379067
---ebpf-pid----379067----pid-5476
---ebpf-pid----379067----pid-1
---ebpf-pid----379067----pid-379067
---ebpf-pid----379067----pid-5476
---ebpf-pid----379067----pid-1
---ebpf-pid----379067----pid-379067
---ebpf-pid----379067----pid-5476
---ebpf-pid----379067----pid-1
---ebpf-pid----2088----pid-2088
---ebpf-pid----2088----pid-1
---ebpf-pid----2088----pid-2088
---ebpf-pid----2088----pid-1
---ebpf-pid----2088----pid-2088
---ebpf-pid----2088----pid-1
---ebpf-pid----2088----pid-2088
---ebpf-pid----2088----pid-1
---ebpf-pid----2088----pid-2088
---ebpf-pid----2088----pid-1
---ebpf-pid----5638----pid-5638
---ebpf-pid----5638----pid-1
---ebpf-pid----5638----pid-5638
---ebpf-pid----5638----pid-1
---ebpf-pid----5638----pid-5638
---ebpf-pid----5638----pid-1
---ebpf-pid----2088----pid-2088
---ebpf-pid----2088----pid-1
---ebpf-pid----2088----pid-2088
---ebpf-pid----2088----pid-1
---ebpf-pid----5638----pid-5638
---ebpf-pid----5638----pid-1
---ebpf-pid----5638----pid-5638
---ebpf-pid----5638----pid-1
---ebpf-pid----2088----pid-2088
---ebpf-pid----2088----pid-1
---ebpf-pid----2088----pid-2088
---ebpf-pid----2088----pid-1
---ebpf-pid----5638----pid-5638
---ebpf-pid----5638----pid-1
---ebpf-pid----5638----pid-5638
---ebpf-pid----5638----pid-1
---ebpf-pid----2088----pid-2088
---ebpf-pid----2088----pid-1
---ebpf-pid----2088----pid-2088
---ebpf-pid----2088----pid-1
---ebpf-pid----5638----pid-5638
---ebpf-pid----5638----pid-1
---ebpf-pid----5638----pid-5638
---ebpf-pid----5638----pid-1
---ebpf-pid----2088----pid-2088
---ebpf-pid----2088----pid-1
---ebpf-pid----2088----pid-2088
---ebpf-pid----2088----pid-1
---ebpf-pid----5705----pid-5705
---ebpf-pid----5705----pid-5476
---ebpf-pid----5705----pid-1
---ebpf-pid----5705----pid-5705
---ebpf-pid----5705----pid-5476
---ebpf-pid----5705----pid-1
---ebpf-pid----5705----pid-5705
---ebpf-pid----5705----pid-5476
---ebpf-pid----5705----pid-1
---ebpf-pid----5705----pid-5705
---ebpf-pid----5705----pid-5476
---ebpf-pid----5705----pid-1
---ebpf-pid----379067----pid-379067
---ebpf-pid----379067----pid-5476
---ebpf-pid----448783----pid-448783
---ebpf-pid----379067----pid-1
---ebpf-pid----379067----pid-379067
---ebpf-pid----379067----pid-5476
---ebpf-pid----448783----pid-448520
---ebpf-pid----448783----pid-1
---ebpf-pid----379067----pid-1
---ebpf-pid----448783----pid-448783
---ebpf-pid----448783----pid-448520
---ebpf-pid----5705----pid-5705
---ebpf-pid----5705----pid-5476
---ebpf-pid----5705----pid-1
---ebpf-pid----5705----pid-5705
---ebpf-pid----5705----pid-5476
---ebpf-pid----448783----pid-1
---ebpf-pid----448783----pid-448783
---ebpf-pid----5705----pid-1
---ebpf-pid----448783----pid-448520
---ebpf-pid----448783----pid-1
---ebpf-pid----448783----pid-448783
---ebpf-pid----448783----pid-448520
---ebpf-pid----448783----pid-1
Failed to get process information for PID 0
Failed to get process information for PID 0
---ebpf-pid----21----pid-21
---ebpf-pid----21----pid-2
---ebpf-pid----21----pid-21
---ebpf-pid----21----pid-2
---ebpf-pid----8428----pid-8428
---ebpf-pid----8428----pid-7561
---ebpf-pid----8428----pid-1
---ebpf-pid----8428----pid-8428
---ebpf-pid----8428----pid-7561
---ebpf-pid----8428----pid-1
---ebpf-pid----8428----pid-8428
---ebpf-pid----8428----pid-7561
---ebpf-pid----8428----pid-1
---ebpf-pid----8428----pid-8428
---ebpf-pid----8428----pid-7561
---ebpf-pid----8428----pid-1
Failed to get process information for PID 0
Failed to get process information for PID 0
Failed to get process information for PID 0
Failed to get process information for PID 0
Failed to get process information for PID 0
---ebpf-pid----14----pid-14
---ebpf-pid----14----pid-2
---ebpf-pid----8430----pid-8430
---ebpf-pid----8430----pid-7561
---ebpf-pid----8430----pid-1
---ebpf-pid----8430----pid-8430
---ebpf-pid----8430----pid-7561
---ebpf-pid----8430----pid-1
---ebpf-pid----8430----pid-8430
---ebpf-pid----8430----pid-7561
---ebpf-pid----8430----pid-1
---ebpf-pid----8430----pid-8430
---ebpf-pid----8430----pid-7561
---ebpf-pid----8430----pid-1
---ebpf-pid----448522----pid-448522
---ebpf-pid----448522----pid-1
---ebpf-pid----48015----pid-48015
---ebpf-pid----48015----pid-5550
---ebpf-pid----48015----pid-1
---ebpf-pid----6105----pid-6105
---ebpf-pid----6105----pid-6082
---ebpf-pid----6105----pid-5550
---ebpf-pid----6105----pid-1
---ebpf-pid----6211----pid-6211
---ebpf-pid----6211----pid-5550
---ebpf-pid----6211----pid-1
---ebpf-pid----6105----pid-6105
---ebpf-pid----6105----pid-6082
---ebpf-pid----6105----pid-5550
---ebpf-pid----6105----pid-1
---ebpf-pid----48015----pid-48015
---ebpf-pid----48015----pid-5550
---ebpf-pid----48015----pid-1
---ebpf-pid----6105----pid-6105
---ebpf-pid----6105----pid-6082
---ebpf-pid----6105----pid-5550
---ebpf-pid----6105----pid-1
---ebpf-pid----6105----pid-6105
---ebpf-pid----6105----pid-6082
---ebpf-pid----6105----pid-5550
---ebpf-pid----6105----pid-1
---ebpf-pid----6105----pid-6105
---ebpf-pid----6105----pid-6082
---ebpf-pid----6105----pid-5550
---ebpf-pid----6105----pid-1
---ebpf-pid----6211----pid-6211
---ebpf-pid----6211----pid-5550
---ebpf-pid----6211----pid-1
---ebpf-pid----6211----pid-6211
---ebpf-pid----6211----pid-5550
---ebpf-pid----6211----pid-1
---ebpf-pid----44563----pid-44563
---ebpf-pid----2012----pid-2012
---ebpf-pid----2012----pid-1
---ebpf-pid----44563----pid-7984
---ebpf-pid----44563----pid-1
---ebpf-pid----9408----pid-9408
---ebpf-pid----2012----pid-2012
---ebpf-pid----44563----pid-44563
---ebpf-pid----2012----pid-1
---ebpf-pid----2012----pid-2012
---ebpf-pid----9408----pid-7984
---ebpf-pid----2012----pid-1
---ebpf-pid----2012----pid-2012
---ebpf-pid----44563----pid-7984
---ebpf-pid----2012----pid-1
---ebpf-pid----2012----pid-2012
---ebpf-pid----9408----pid-1
---ebpf-pid----2012----pid-1
---ebpf-pid----9408----pid-9408
---ebpf-pid----44563----pid-1
---ebpf-pid----44563----pid-44563
---ebpf-pid----44563----pid-7984
---ebpf-pid----44563----pid-1
---ebpf-pid----9408----pid-7984
---ebpf-pid----9408----pid-1
---ebpf-pid----9408----pid-9408
---ebpf-pid----9408----pid-7984
---ebpf-pid----9408----pid-1
---ebpf-pid----372881----pid-372881
---ebpf-pid----2088----pid-2088
---ebpf-pid----2088----pid-1
---ebpf-pid----2088----pid-2088
---ebpf-pid----372881----pid-1
---ebpf-pid----2088----pid-1
---ebpf-pid----372881----pid-372881
---ebpf-pid----2012----pid-2012
---ebpf-pid----2088----pid-2088
---ebpf-pid----2012----pid-1
---ebpf-pid----2088----pid-1
---ebpf-pid----2012----pid-2012
---ebpf-pid----2088----pid-2088
---ebpf-pid----372881----pid-1
---ebpf-pid----2012----pid-1
---ebpf-pid----2089----pid-2089
---ebpf-pid----372881----pid-372881
---ebpf-pid----2089----pid-1
---ebpf-pid----2088----pid-1
---ebpf-pid----2088----pid-2088
---ebpf-pid----2088----pid-1
---ebpf-pid----4213----pid-4213
---ebpf-pid----372881----pid-1
---ebpf-pid----4213----pid-4164
---ebpf-pid----5085----pid-5085
---ebpf-pid----4213----pid-3417
---ebpf-pid----4213----pid-1
---ebpf-pid----4213----pid-4213
---ebpf-pid----5085----pid-4164
---ebpf-pid----4213----pid-4164
---ebpf-pid----5085----pid-3417
---ebpf-pid----4213----pid-3417
---ebpf-pid----4213----pid-1
---ebpf-pid----5085----pid-1
---ebpf-pid----2012----pid-2012
---ebpf-pid----5085----pid-5085
---ebpf-pid----2012----pid-1
---ebpf-pid----2012----pid-2012
---ebpf-pid----2012----pid-1
---ebpf-pid----4213----pid-4213
---ebpf-pid----5085----pid-4164
---ebpf-pid----4213----pid-4164
---ebpf-pid----5085----pid-3417
---ebpf-pid----4213----pid-3417
---ebpf-pid----5085----pid-1
---ebpf-pid----5085----pid-5085
---ebpf-pid----4213----pid-1
---ebpf-pid----5085----pid-4164
---ebpf-pid----4213----pid-4213
---ebpf-pid----5085----pid-3417
---ebpf-pid----5085----pid-1
---ebpf-pid----4213----pid-4164
---ebpf-pid----4213----pid-3417
---ebpf-pid----4213----pid-1
Failed to get process information for PID 0
---ebpf-pid----21----pid-21
---ebpf-pid----21----pid-2
---ebpf-pid----21----pid-21
---ebpf-pid----21----pid-2
---ebpf-pid----389824----pid-389824
---ebpf-pid----389824----pid-389208
---ebpf-pid----389824----pid-1
---ebpf-pid----389824----pid-389824
---ebpf-pid----389824----pid-389208
---ebpf-pid----389824----pid-1
Failed to get process information for PID 0
Failed to get process information for PID 0
---ebpf-pid----21----pid-21
---ebpf-pid----21----pid-2
Failed to get process information for PID 0
Failed to get process information for PID 0
---ebpf-pid----5705----pid-5705
---ebpf-pid----5705----pid-5476
---ebpf-pid----5705----pid-1
---ebpf-pid----5705----pid-5705
---ebpf-pid----5705----pid-5476
---ebpf-pid----5705----pid-1
---ebpf-pid----5705----pid-5705
---ebpf-pid----5705----pid-5476
---ebpf-pid----5705----pid-1
---ebpf-pid----5705----pid-5705
---ebpf-pid----5705----pid-5476
---ebpf-pid----5705----pid-1
---ebpf-pid----5705----pid-5705
---ebpf-pid----5705----pid-5476
---ebpf-pid----5705----pid-1
---ebpf-pid----7313----pid-7313
---ebpf-pid----6671----pid-6671
---ebpf-pid----7313----pid-1
---ebpf-pid----377755----pid-377755
---ebpf-pid----6671----pid-5476
---ebpf-pid----6671----pid-1
---ebpf-pid----377755----pid-1
---ebpf-pid----6671----pid-6671
---ebpf-pid----4213----pid-4213
---ebpf-pid----6671----pid-5476
---ebpf-pid----4213----pid-4164
---ebpf-pid----6671----pid-1
---ebpf-pid----4213----pid-3417
---ebpf-pid----4213----pid-1
---ebpf-pid----6671----pid-6671
---ebpf-pid----6671----pid-5476
Failed to get process information for PID 0
---ebpf-pid----6671----pid-1
---ebpf-pid----6671----pid-6671
---ebpf-pid----6671----pid-5476
---ebpf-pid----6671----pid-1
---ebpf-pid----6671----pid-6671
---ebpf-pid----6671----pid-5476
---ebpf-pid----6671----pid-1
---ebpf-pid----6671----pid-6671
---ebpf-pid----6671----pid-5476
---ebpf-pid----6671----pid-1
Failed to get process information for PID 0
---ebpf-pid----6671----pid-6671
---ebpf-pid----5705----pid-5705
---ebpf-pid----5705----pid-5476
---ebpf-pid----6671----pid-5476
---ebpf-pid----5705----pid-1
---ebpf-pid----6671----pid-1
---ebpf-pid----6671----pid-6671
---ebpf-pid----6671----pid-5476
---ebpf-pid----5705----pid-5705
---ebpf-pid----6671----pid-1
---ebpf-pid----448785----pid-448785
---ebpf-pid----5705----pid-5476
---ebpf-pid----5705----pid-1
---ebpf-pid----448785----pid-448520
---ebpf-pid----2012----pid-2012
---ebpf-pid----448785----pid-1
---ebpf-pid----2012----pid-1
---ebpf-pid----2012----pid-2012
---ebpf-pid----2012----pid-1
---ebpf-pid----5705----pid-5705
---ebpf-pid----5705----pid-5476
---ebpf-pid----5705----pid-1
---ebpf-pid----5705----pid-5705
---ebpf-pid----5705----pid-5476
---ebpf-pid----5705----pid-1
---ebpf-pid----5705----pid-5705
Failed to get process information for PID 0
---ebpf-pid----5705----pid-5476
---ebpf-pid----5705----pid-1
---ebpf-pid----5705----pid-5705
---ebpf-pid----5705----pid-5476
---ebpf-pid----5705----pid-1
---ebpf-pid----14----pid-14
Failed to get process information for PID 0
---ebpf-pid----14----pid-2
---ebpf-pid----14----pid-14
---ebpf-pid----14----pid-2
---ebpf-pid----448784----pid-448784
---ebpf-pid----448784----pid-448520
---ebpf-pid----448784----pid-1
---ebpf-pid----2012----pid-2012
---ebpf-pid----379067----pid-379067
---ebpf-pid----2012----pid-1
---ebpf-pid----2012----pid-2012
---ebpf-pid----448546----pid-448546
---ebpf-pid----2012----pid-1
---ebpf-pid----448546----pid-1
---ebpf-pid----379067----pid-5476
---ebpf-pid----448546----pid-448546
---ebpf-pid----6671----pid-6671
---ebpf-pid----448546----pid-1
---ebpf-pid----6671----pid-5476
---ebpf-pid----379067----pid-1
---ebpf-pid----448784----pid-448784
---ebpf-pid----379067----pid-379067
---ebpf-pid----6671----pid-1
---ebpf-pid----448784----pid-448520
---ebpf-pid----379067----pid-5476
---ebpf-pid----448784----pid-1
---ebpf-pid----379067----pid-1
---ebpf-pid----6671----pid-6671
---ebpf-pid----6671----pid-6671
---ebpf-pid----6671----pid-5476
---ebpf-pid----6671----pid-1
---ebpf-pid----6671----pid-6671
---ebpf-pid----6671----pid-5476
---ebpf-pid----6671----pid-5476
---ebpf-pid----6671----pid-1
---ebpf-pid----6671----pid-1
---ebpf-pid----6671----pid-6671
---ebpf-pid----6671----pid-5476
---ebpf-pid----6671----pid-6671
---ebpf-pid----6671----pid-1
---ebpf-pid----2089----pid-2089
---ebpf-pid----2089----pid-1
---ebpf-pid----6671----pid-5476
---ebpf-pid----2089----pid-2089
---ebpf-pid----6671----pid-1
---ebpf-pid----6671----pid-6671
---ebpf-pid----2089----pid-1
---ebpf-pid----6671----pid-5476
---ebpf-pid----6671----pid-1
---ebpf-pid----6671----pid-6671
---ebpf-pid----6671----pid-5476
---ebpf-pid----6671----pid-1
---ebpf-pid----6671----pid-6671
---ebpf-pid----6671----pid-5476
---ebpf-pid----4716----pid-4716
---ebpf-pid----6671----pid-1
---ebpf-pid----6671----pid-6671
---ebpf-pid----4716----pid-3323
---ebpf-pid----6671----pid-5476
---ebpf-pid----4716----pid-1
---ebpf-pid----6671----pid-1
---ebpf-pid----6671----pid-6671
---ebpf-pid----6671----pid-5476
---ebpf-pid----6671----pid-1
---ebpf-pid----6671----pid-6671
---ebpf-pid----6671----pid-5476
---ebpf-pid----6671----pid-1
---ebpf-pid----2012----pid-2012
---ebpf-pid----2012----pid-1
---ebpf-pid----5705----pid-5705
---ebpf-pid----5705----pid-5476
---ebpf-pid----5705----pid-1
---ebpf-pid----5705----pid-5705
---ebpf-pid----5705----pid-5476
---ebpf-pid----379067----pid-379067
---ebpf-pid----372881----pid-372881
---ebpf-pid----372881----pid-1
---ebpf-pid----372881----pid-372881
---ebpf-pid----372881----pid-1
---ebpf-pid----372881----pid-372881
---ebpf-pid----372881----pid-1
---ebpf-pid----372881----pid-372881
---ebpf-pid----372881----pid-1
---ebpf-pid----372881----pid-372881
---ebpf-pid----372881----pid-1
---ebpf-pid----372881----pid-372881
---ebpf-pid----372881----pid-1
---ebpf-pid----372881----pid-372881
---ebpf-pid----372881----pid-1
---ebpf-pid----372881----pid-372881
---ebpf-pid----372881----pid-1
---ebpf-pid----372881----pid-372881
---ebpf-pid----372881----pid-1
---ebpf-pid----372881----pid-372881
---ebpf-pid----372881----pid-1
---ebpf-pid----2088----pid-2088
---ebpf-pid----2088----pid-1
---ebpf-pid----372881----pid-372881
---ebpf-pid----372881----pid-1
---ebpf-pid----372881----pid-372881
---ebpf-pid----372881----pid-1
---ebpf-pid----372881----pid-372881
---ebpf-pid----5705----pid-1
---ebpf-pid----5705----pid-5705
---ebpf-pid----5705----pid-5476
---ebpf-pid----372881----pid-1
---ebpf-pid----372881----pid-372881
---ebpf-pid----372881----pid-1
---ebpf-pid----372881----pid-372881
---ebpf-pid----5705----pid-1
---ebpf-pid----372881----pid-1
---ebpf-pid----5705----pid-5705
---ebpf-pid----372881----pid-372881
---ebpf-pid----372881----pid-1
---ebpf-pid----5705----pid-5476
---ebpf-pid----372881----pid-372881
---ebpf-pid----379067----pid-5476
---ebpf-pid----372881----pid-1
---ebpf-pid----5705----pid-1
---ebpf-pid----379067----pid-1
---ebpf-pid----372881----pid-372881
---ebpf-pid----5705----pid-5705
---ebpf-pid----379067----pid-379067
---ebpf-pid----372881----pid-1
---ebpf-pid----372881----pid-372881
---ebpf-pid----5705----pid-5476
---ebpf-pid----379067----pid-5476
---ebpf-pid----372881----pid-1
---ebpf-pid----5705----pid-1
---ebpf-pid----379067----pid-1
---ebpf-pid----372881----pid-372881
---ebpf-pid----5705----pid-5705
---ebpf-pid----372881----pid-1
---ebpf-pid----372881----pid-372881
---ebpf-pid----372881----pid-1
---ebpf-pid----5705----pid-5476
---ebpf-pid----5705----pid-1
---ebpf-pid----2088----pid-2088
---ebpf-pid----2088----pid-1
---ebpf-pid----2088----pid-2088
---ebpf-pid----5705----pid-5705
---ebpf-pid----5705----pid-5476
---ebpf-pid----2012----pid-2012
---ebpf-pid----379067----pid-379067
---ebpf-pid----379067----pid-5476
---ebpf-pid----2088----pid-1
---ebpf-pid----2088----pid-2088
---ebpf-pid----2088----pid-1
---ebpf-pid----2088----pid-2088
---ebpf-pid----2088----pid-1
---ebpf-pid----2088----pid-2088
---ebpf-pid----2088----pid-1
---ebpf-pid----2088----pid-2088
---ebpf-pid----2088----pid-1
---ebpf-pid----2088----pid-2088
---ebpf-pid----2088----pid-1
---ebpf-pid----2088----pid-2088
---ebpf-pid----2088----pid-1
---ebpf-pid----2088----pid-2088
---ebpf-pid----2088----pid-1
---ebpf-pid----2088----pid-2088
---ebpf-pid----2088----pid-1
---ebpf-pid----2088----pid-2088
---ebpf-pid----2088----pid-1
---ebpf-pid----2088----pid-2088
---ebpf-pid----2088----pid-1
---ebpf-pid----2088----pid-2088
---ebpf-pid----2088----pid-1
---ebpf-pid----2088----pid-2088
---ebpf-pid----2088----pid-1
---ebpf-pid----2088----pid-2088
---ebpf-pid----2088----pid-1
---ebpf-pid----2012----pid-1
---ebpf-pid----2088----pid-2088
---ebpf-pid----5705----pid-5705
---ebpf-pid----2088----pid-1
---ebpf-pid----2088----pid-2088
---ebpf-pid----379067----pid-1
---ebpf-pid----379067----pid-379067
---ebpf-pid----5705----pid-1
---ebpf-pid----5705----pid-5476
---ebpf-pid----5705----pid-1
---ebpf-pid----5705----pid-5705
---ebpf-pid----5705----pid-5476
---ebpf-pid----5705----pid-1
---ebpf-pid----2012----pid-2012
---ebpf-pid----2012----pid-1
---ebpf-pid----2012----pid-2012
---ebpf-pid----2012----pid-1
---ebpf-pid----5705----pid-5705
---ebpf-pid----5705----pid-5476
---ebpf-pid----5705----pid-1
---ebpf-pid----2012----pid-2012
---ebpf-pid----6671----pid-6671
---ebpf-pid----2012----pid-1
---ebpf-pid----2012----pid-2012
---ebpf-pid----6671----pid-5476
---ebpf-pid----2012----pid-1
---ebpf-pid----6671----pid-1
---ebpf-pid----2012----pid-2012
---ebpf-pid----6671----pid-6671
---ebpf-pid----6671----pid-5476
---ebpf-pid----6671----pid-1
---ebpf-pid----6671----pid-6671
---ebpf-pid----6671----pid-5476
---ebpf-pid----6671----pid-1
---ebpf-pid----6671----pid-6671
---ebpf-pid----6671----pid-5476
---ebpf-pid----6671----pid-1
---ebpf-pid----5705----pid-5705
---ebpf-pid----5705----pid-5476
---ebpf-pid----5705----pid-1
---ebpf-pid----6671----pid-6671
---ebpf-pid----6671----pid-5476
---ebpf-pid----6671----pid-1
---ebpf-pid----6671----pid-6671
---ebpf-pid----6671----pid-5476
---ebpf-pid----6671----pid-1
---ebpf-pid----5705----pid-5705
---ebpf-pid----5705----pid-5476
---ebpf-pid----5705----pid-1
---ebpf-pid----5705----pid-5705
---ebpf-pid----5705----pid-5476
---ebpf-pid----5705----pid-1
---ebpf-pid----2089----pid-2089
---ebpf-pid----2089----pid-1
---ebpf-pid----2089----pid-2089
---ebpf-pid----2089----pid-1
---ebpf-pid----2089----pid-2089
---ebpf-pid----2089----pid-1
---ebpf-pid----2089----pid-2089
---ebpf-pid----2089----pid-1
---ebpf-pid----2089----pid-2089
---ebpf-pid----2089----pid-1
---ebpf-pid----2089----pid-2089
---ebpf-pid----2089----pid-1
---ebpf-pid----2089----pid-2089
---ebpf-pid----2089----pid-1
---ebpf-pid----2089----pid-2089
---ebpf-pid----2089----pid-1
---ebpf-pid----2089----pid-2089
---ebpf-pid----2089----pid-1
---ebpf-pid----2089----pid-2089
---ebpf-pid----2089----pid-1
---ebpf-pid----2089----pid-2089
---ebpf-pid----2089----pid-1
---ebpf-pid----2089----pid-2089
---ebpf-pid----2089----pid-1
---ebpf-pid----2089----pid-2089
---ebpf-pid----2089----pid-1
---ebpf-pid----2089----pid-2089
---ebpf-pid----2089----pid-1
---ebpf-pid----2089----pid-2089
---ebpf-pid----2089----pid-1
---ebpf-pid----2089----pid-2089
---ebpf-pid----2089----pid-1
---ebpf-pid----2089----pid-2089
---ebpf-pid----2089----pid-1
---ebpf-pid----2089----pid-2089
---ebpf-pid----2089----pid-1
---ebpf-pid----2089----pid-2089
---ebpf-pid----2089----pid-1
---ebpf-pid----2089----pid-2089
---ebpf-pid----2089----pid-1
---ebpf-pid----2089----pid-2089
---ebpf-pid----2089----pid-1
---ebpf-pid----2089----pid-2089
---ebpf-pid----2089----pid-1
---ebpf-pid----2089----pid-2089
---ebpf-pid----2089----pid-1
---ebpf-pid----2089----pid-2089
---ebpf-pid----2089----pid-1
---ebpf-pid----2089----pid-2089
---ebpf-pid----2089----pid-1
---ebpf-pid----2089----pid-2089
---ebpf-pid----2089----pid-1
---ebpf-pid----2089----pid-2089
---ebpf-pid----2089----pid-1
---ebpf-pid----2089----pid-2089
---ebpf-pid----2089----pid-1
---ebpf-pid----2089----pid-2089
---ebpf-pid----2089----pid-1
---ebpf-pid----2089----pid-2089
---ebpf-pid----2089----pid-1
---ebpf-pid----2012----pid-1
---ebpf-pid----2089----pid-2089
---ebpf-pid----2012----pid-2012
---ebpf-pid----2089----pid-1
---ebpf-pid----2012----pid-1
---ebpf-pid----2089----pid-2089
---ebpf-pid----379067----pid-379067
---ebpf-pid----379067----pid-5476
---ebpf-pid----2089----pid-1
---ebpf-pid----2089----pid-2089
---ebpf-pid----379067----pid-1
---ebpf-pid----2089----pid-1
---ebpf-pid----379067----pid-379067
---ebpf-pid----2089----pid-2089
---ebpf-pid----379067----pid-5476
---ebpf-pid----2089----pid-1
---ebpf-pid----2089----pid-2089
---ebpf-pid----379067----pid-1
---ebpf-pid----2012----pid-2012
---ebpf-pid----2089----pid-1
---ebpf-pid----2012----pid-1
---ebpf-pid----2089----pid-2089
---ebpf-pid----2012----pid-2012
---ebpf-pid----2089----pid-1
---ebpf-pid----2012----pid-1
---ebpf-pid----2089----pid-2089
---ebpf-pid----5705----pid-5705
---ebpf-pid----2089----pid-1
---ebpf-pid----5705----pid-5476
---ebpf-pid----2089----pid-2089
---ebpf-pid----5705----pid-1
---ebpf-pid----2089----pid-1
---ebpf-pid----6671----pid-6671
---ebpf-pid----2089----pid-2089
---ebpf-pid----6671----pid-5476
---ebpf-pid----2089----pid-1
---ebpf-pid----2089----pid-2089
---ebpf-pid----6671----pid-1
---ebpf-pid----6671----pid-6671
---ebpf-pid----2089----pid-1
---ebpf-pid----2089----pid-2089
---ebpf-pid----2088----pid-1
---ebpf-pid----2089----pid-1
---ebpf-pid----2088----pid-2088
---ebpf-pid----2089----pid-2089
---ebpf-pid----2088----pid-1
---ebpf-pid----2089----pid-1
---ebpf-pid----2088----pid-2088
---ebpf-pid----2089----pid-2089
---ebpf-pid----2088----pid-1
---ebpf-pid----2088----pid-2088
---ebpf-pid----2089----pid-1
---ebpf-pid----2088----pid-1
---ebpf-pid----2089----pid-2089
---ebpf-pid----2088----pid-2088
---ebpf-pid----2089----pid-1
---ebpf-pid----2088----pid-1
---ebpf-pid----2089----pid-2089
---ebpf-pid----2088----pid-2088
---ebpf-pid----2089----pid-1
---ebpf-pid----2088----pid-1
---ebpf-pid----2088----pid-2088
---ebpf-pid----2089----pid-2089
---ebpf-pid----2088----pid-1
---ebpf-pid----2089----pid-1
---ebpf-pid----2088----pid-2088
---ebpf-pid----2089----pid-2089
---ebpf-pid----2088----pid-1
---ebpf-pid----2089----pid-1
---ebpf-pid----2088----pid-2088
---ebpf-pid----2089----pid-2089
---ebpf-pid----2088----pid-1
---ebpf-pid----2088----pid-2088
---ebpf-pid----2089----pid-1
---ebpf-pid----2089----pid-2089
---ebpf-pid----2088----pid-1
---ebpf-pid----2088----pid-2088
---ebpf-pid----2088----pid-1
---ebpf-pid----2088----pid-2088
---ebpf-pid----2088----pid-1
---ebpf-pid----2088----pid-2088
---ebpf-pid----2088----pid-1
---ebpf-pid----2088----pid-2088
---ebpf-pid----2088----pid-1
---ebpf-pid----2089----pid-1
---ebpf-pid----2088----pid-2088
---ebpf-pid----2089----pid-2089
---ebpf-pid----2088----pid-1
---ebpf-pid----2089----pid-1
---ebpf-pid----2088----pid-2088
---ebpf-pid----2089----pid-2089
---ebpf-pid----2088----pid-1
---ebpf-pid----2089----pid-1
---ebpf-pid----2088----pid-2088
---ebpf-pid----2089----pid-2089
---ebpf-pid----2088----pid-1
---ebpf-pid----2089----pid-1
---ebpf-pid----2089----pid-2089
---ebpf-pid----6671----pid-5476
---ebpf-pid----2089----pid-1
---ebpf-pid----2089----pid-2089
---ebpf-pid----6671----pid-1
---ebpf-pid----5707----pid-5707
---ebpf-pid----2089----pid-1
---ebpf-pid----2089----pid-2089
---ebpf-pid----5707----pid-5476
---ebpf-pid----2089----pid-1
---ebpf-pid----5707----pid-1
---ebpf-pid----2089----pid-2089
---ebpf-pid----5707----pid-5707
---ebpf-pid----2089----pid-1
---ebpf-pid----2089----pid-2089
---ebpf-pid----5707----pid-5476
---ebpf-pid----5707----pid-1
---ebpf-pid----2089----pid-1
---ebpf-pid----6671----pid-6671
---ebpf-pid----2089----pid-2089
---ebpf-pid----6671----pid-5476
---ebpf-pid----2089----pid-1
---ebpf-pid----2089----pid-2089
---ebpf-pid----6671----pid-1
---ebpf-pid----6671----pid-6671
---ebpf-pid----2089----pid-1
---ebpf-pid----6671----pid-5476
---ebpf-pid----2089----pid-2089
---ebpf-pid----6671----pid-1
---ebpf-pid----2089----pid-1
---ebpf-pid----6671----pid-6671
---ebpf-pid----2089----pid-2089
---ebpf-pid----6671----pid-5476
---ebpf-pid----2089----pid-1
---ebpf-pid----2089----pid-2089
---ebpf-pid----6671----pid-1
---ebpf-pid----6671----pid-6671
---ebpf-pid----2089----pid-1
---ebpf-pid----2089----pid-2089
---ebpf-pid----6671----pid-5476
---ebpf-pid----2089----pid-1
---ebpf-pid----6671----pid-1
---ebpf-pid----2089----pid-2089
---ebpf-pid----6671----pid-6671
---ebpf-pid----2089----pid-1
---ebpf-pid----6671----pid-5476
---ebpf-pid----2089----pid-2089
---ebpf-pid----6671----pid-1
---ebpf-pid----6671----pid-6671
---ebpf-pid----2089----pid-1
---ebpf-pid----6671----pid-5476
---ebpf-pid----6671----pid-1
---ebpf-pid----6671----pid-6671
---ebpf-pid----6671----pid-5476
---ebpf-pid----6671----pid-1
---ebpf-pid----2089----pid-2089
---ebpf-pid----6671----pid-6671
---ebpf-pid----2089----pid-1
---ebpf-pid----6671----pid-5476
---ebpf-pid----2089----pid-2089
---ebpf-pid----6671----pid-1
---ebpf-pid----2089----pid-1
---ebpf-pid----5705----pid-5705
---ebpf-pid----2089----pid-2089
---ebpf-pid----5705----pid-5476
---ebpf-pid----2089----pid-1
---ebpf-pid----2089----pid-2089
---ebpf-pid----5705----pid-1
---ebpf-pid----5705----pid-5705
---ebpf-pid----2089----pid-1
---ebpf-pid----2089----pid-2089
---ebpf-pid----379067----pid-5476
---ebpf-pid----2089----pid-1
---ebpf-pid----2089----pid-2089
---ebpf-pid----379067----pid-1
---ebpf-pid----2012----pid-2012
---ebpf-pid----2089----pid-1
---ebpf-pid----2089----pid-2089
---ebpf-pid----2012----pid-1
---ebpf-pid----2012----pid-2012
---ebpf-pid----2089----pid-1
---ebpf-pid----2012----pid-1
---ebpf-pid----2089----pid-2089
---ebpf-pid----2012----pid-2012
---ebpf-pid----2089----pid-1
---ebpf-pid----2012----pid-1
---ebpf-pid----2089----pid-2089
---ebpf-pid----2012----pid-2012
---ebpf-pid----2088----pid-2088
---ebpf-pid----2012----pid-1
---ebpf-pid----2089----pid-1
---ebpf-pid----2012----pid-2012
---ebpf-pid----2089----pid-2089
---ebpf-pid----2088----pid-1
---ebpf-pid----2088----pid-2088
---ebpf-pid----2012----pid-1
---ebpf-pid----2089----pid-1
---ebpf-pid----2012----pid-2012
---ebpf-pid----2089----pid-2089
---ebpf-pid----2088----pid-1
---ebpf-pid----2088----pid-2088
---ebpf-pid----2012----pid-1
---ebpf-pid----2089----pid-1
---ebpf-pid----2088----pid-1
---ebpf-pid----2089----pid-2089
---ebpf-pid----2088----pid-2088
---ebpf-pid----2089----pid-1
---ebpf-pid----2088----pid-1
---ebpf-pid----2089----pid-2089
---ebpf-pid----2088----pid-2088
---ebpf-pid----2089----pid-1
---ebpf-pid----2088----pid-1
---ebpf-pid----2088----pid-2088
---ebpf-pid----2089----pid-2089
---ebpf-pid----2088----pid-1
---ebpf-pid----2088----pid-2088
---ebpf-pid----2089----pid-1
---ebpf-pid----2088----pid-1
---ebpf-pid----2089----pid-2089
---ebpf-pid----2088----pid-2088
---ebpf-pid----2089----pid-1
---ebpf-pid----2088----pid-1
---ebpf-pid----2089----pid-2089
---ebpf-pid----2088----pid-2088
---ebpf-pid----2012----pid-2012
---ebpf-pid----2089----pid-1
---ebpf-pid----2089----pid-2089
---ebpf-pid----2088----pid-1
---ebpf-pid----2012----pid-1
---ebpf-pid----2088----pid-2088
---ebpf-pid----2012----pid-2012
---ebpf-pid----2089----pid-1
---ebpf-pid----2088----pid-1
---ebpf-pid----2089----pid-2089
---ebpf-pid----2012----pid-1
---ebpf-pid----2012----pid-2012
---ebpf-pid----2012----pid-1
---ebpf-pid----5705----pid-5476
---ebpf-pid----2094----pid-2094
---ebpf-pid----5705----pid-1
---ebpf-pid----2094----pid-1
---ebpf-pid----5705----pid-5705
---ebpf-pid----2094----pid-2094
---ebpf-pid----5705----pid-5476
---ebpf-pid----2094----pid-1
---ebpf-pid----2094----pid-2094
---ebpf-pid----5705----pid-1
---ebpf-pid----5705----pid-5705
---ebpf-pid----2094----pid-1
---ebpf-pid----5705----pid-5476
---ebpf-pid----5705----pid-1
---ebpf-pid----5705----pid-5705
---ebpf-pid----2094----pid-2094
---ebpf-pid----2089----pid-1
---ebpf-pid----5705----pid-5476
---ebpf-pid----2089----pid-2089
---ebpf-pid----2094----pid-1
---ebpf-pid----2094----pid-2094
---ebpf-pid----2089----pid-1
---ebpf-pid----5705----pid-1
---ebpf-pid----2089----pid-2089
---ebpf-pid----5705----pid-5705
---ebpf-pid----2089----pid-1
---ebpf-pid----2088----pid-2088
---ebpf-pid----2089----pid-2089
---ebpf-pid----2089----pid-1
---ebpf-pid----2089----pid-2089
---ebpf-pid----2089----pid-1
---ebpf-pid----2089----pid-2089
---ebpf-pid----2088----pid-1
---ebpf-pid----2089----pid-1
---ebpf-pid----2088----pid-2088
---ebpf-pid----2089----pid-2089
---ebpf-pid----2094----pid-1
---ebpf-pid----2094----pid-2094
---ebpf-pid----2094----pid-1
---ebpf-pid----2094----pid-2094
---ebpf-pid----2094----pid-1
---ebpf-pid----2094----pid-2094
---ebpf-pid----2094----pid-1
---ebpf-pid----2094----pid-2094
---ebpf-pid----2094----pid-1
---ebpf-pid----2094----pid-2094
---ebpf-pid----2094----pid-1
---ebpf-pid----5705----pid-5476
---ebpf-pid----2094----pid-2094
---ebpf-pid----5705----pid-1
---ebpf-pid----5705----pid-5705
---ebpf-pid----2094----pid-1
---ebpf-pid----5705----pid-5476
---ebpf-pid----2094----pid-2094
---ebpf-pid----5705----pid-1
---ebpf-pid----2094----pid-1
---ebpf-pid----5705----pid-5705
---ebpf-pid----2094----pid-2094
---ebpf-pid----5705----pid-5476
---ebpf-pid----2094----pid-1
---ebpf-pid----2094----pid-2094
---ebpf-pid----5705----pid-1
---ebpf-pid----5705----pid-5705
---ebpf-pid----2094----pid-1
---ebpf-pid----5705----pid-5476
---ebpf-pid----2094----pid-2094
---ebpf-pid----5705----pid-1
---ebpf-pid----2094----pid-1
---ebpf-pid----5705----pid-5705
---ebpf-pid----2094----pid-2094
---ebpf-pid----5705----pid-5476
---ebpf-pid----2094----pid-1
---ebpf-pid----2094----pid-2094
---ebpf-pid----5705----pid-1
---ebpf-pid----2094----pid-1
---ebpf-pid----5705----pid-5705
---ebpf-pid----2094----pid-2094
---ebpf-pid----2094----pid-1
---ebpf-pid----2094----pid-2094
---ebpf-pid----2094----pid-1
---ebpf-pid----2094----pid-2094
---ebpf-pid----5705----pid-5476
---ebpf-pid----2094----pid-1
---ebpf-pid----2094----pid-2094
---ebpf-pid----2094----pid-1
---ebpf-pid----2094----pid-2094
---ebpf-pid----2094----pid-1
---ebpf-pid----2094----pid-2094
---ebpf-pid----5705----pid-1
---ebpf-pid----5705----pid-5705
---ebpf-pid----2094----pid-1
---ebpf-pid----2094----pid-2094
---ebpf-pid----2094----pid-1
---ebpf-pid----5705----pid-5476
---ebpf-pid----2094----pid-2094
---ebpf-pid----2094----pid-1
---ebpf-pid----5705----pid-1
---ebpf-pid----2094----pid-2094
---ebpf-pid----5705----pid-5705
---ebpf-pid----2094----pid-1
---ebpf-pid----5705----pid-5476
---ebpf-pid----2094----pid-2094
---ebpf-pid----5705----pid-1
---ebpf-pid----5705----pid-5705
---ebpf-pid----2094----pid-1
---ebpf-pid----2094----pid-2094
---ebpf-pid----5705----pid-5476
---ebpf-pid----2094----pid-1
---ebpf-pid----5705----pid-1
---ebpf-pid----2094----pid-2094
---ebpf-pid----5705----pid-5705
---ebpf-pid----2094----pid-1
---ebpf-pid----2094----pid-2094
---ebpf-pid----5705----pid-5476
---ebpf-pid----2094----pid-1
---ebpf-pid----5705----pid-1
---ebpf-pid----2094----pid-2094
---ebpf-pid----5705----pid-5705
---ebpf-pid----2094----pid-1
---ebpf-pid----5705----pid-5476
---ebpf-pid----2094----pid-2094
---ebpf-pid----2094----pid-1
---ebpf-pid----5705----pid-1
---ebpf-pid----2089----pid-1
---ebpf-pid----2094----pid-2094
---ebpf-pid----2089----pid-2089
---ebpf-pid----2094----pid-1
---ebpf-pid----2094----pid-2094
---ebpf-pid----2094----pid-1
---ebpf-pid----2094----pid-2094
---ebpf-pid----2089----pid-1
---ebpf-pid----2094----pid-1
---ebpf-pid----2088----pid-1
---ebpf-pid----2094----pid-2094
---ebpf-pid----2089----pid-2089
---ebpf-pid----2088----pid-2088
---ebpf-pid----5705----pid-5705
---ebpf-pid----2089----pid-1
---ebpf-pid----5705----pid-5476
---ebpf-pid----2089----pid-2089
---ebpf-pid----5705----pid-1
---ebpf-pid----5705----pid-5705
---ebpf-pid----2089----pid-1
---ebpf-pid----2088----pid-1
---ebpf-pid----5705----pid-5476
---ebpf-pid----2089----pid-2089
---ebpf-pid----5705----pid-1
---ebpf-pid----5705----pid-5705
---ebpf-pid----5705----pid-5476
---ebpf-pid----5705----pid-1
---ebpf-pid----5705----pid-5705
---ebpf-pid----5705----pid-5476
---ebpf-pid----5705----pid-1
---ebpf-pid----5705----pid-5705
---ebpf-pid----5705----pid-5476
---ebpf-pid----5705----pid-1
---ebpf-pid----378284----pid-378284
---ebpf-pid----378284----pid-5476
---ebpf-pid----378284----pid-1
---ebpf-pid----378284----pid-378284
---ebpf-pid----378284----pid-5476
---ebpf-pid----378284----pid-1
---ebpf-pid----5705----pid-5705
---ebpf-pid----5705----pid-5476
---ebpf-pid----5705----pid-1
---ebpf-pid----5705----pid-5705
---ebpf-pid----5705----pid-5476
---ebpf-pid----5705----pid-1
---ebpf-pid----5705----pid-5705
---ebpf-pid----5705----pid-5476
---ebpf-pid----5705----pid-1
---ebpf-pid----5705----pid-5705
---ebpf-pid----5705----pid-5476
---ebpf-pid----5705----pid-1
---ebpf-pid----379067----pid-379067
---ebpf-pid----379067----pid-5476
---ebpf-pid----379067----pid-1
---ebpf-pid----379067----pid-379067
---ebpf-pid----379067----pid-5476
---ebpf-pid----379067----pid-1
---ebpf-pid----379067----pid-379067
---ebpf-pid----379067----pid-5476
---ebpf-pid----2089----pid-1
---ebpf-pid----379067----pid-1
---ebpf-pid----2089----pid-2089
---ebpf-pid----379067----pid-379067
---ebpf-pid----2089----pid-1
---ebpf-pid----2089----pid-2089
---ebpf-pid----379067----pid-5476
---ebpf-pid----2089----pid-1
---ebpf-pid----2089----pid-2089
---ebpf-pid----379067----pid-1
---ebpf-pid----379067----pid-379067
---ebpf-pid----2089----pid-1
---ebpf-pid----379067----pid-5476
---ebpf-pid----2089----pid-2089
---ebpf-pid----379067----pid-1
---ebpf-pid----6671----pid-6671
---ebpf-pid----6671----pid-5476
---ebpf-pid----6671----pid-1
---ebpf-pid----6671----pid-6671
---ebpf-pid----6671----pid-5476
---ebpf-pid----6671----pid-1
---ebpf-pid----6671----pid-6671
---ebpf-pid----6671----pid-5476
---ebpf-pid----6671----pid-1
---ebpf-pid----6671----pid-6671
---ebpf-pid----6671----pid-5476
---ebpf-pid----6671----pid-1
---ebpf-pid----6671----pid-6671
---ebpf-pid----2088----pid-2088
---ebpf-pid----6671----pid-5476
---ebpf-pid----6671----pid-1
---ebpf-pid----2088----pid-1
---ebpf-pid----379067----pid-379067
---ebpf-pid----2088----pid-2088
---ebpf-pid----379067----pid-5476
---ebpf-pid----2088----pid-1
---ebpf-pid----2088----pid-2088
---ebpf-pid----379067----pid-1
---ebpf-pid----379067----pid-379067
---ebpf-pid----2088----pid-1
---ebpf-pid----379067----pid-5476
---ebpf-pid----2088----pid-2088
---ebpf-pid----379067----pid-1
---ebpf-pid----2088----pid-1
---ebpf-pid----5707----pid-5707
---ebpf-pid----2088----pid-2088
---ebpf-pid----2088----pid-1
---ebpf-pid----2088----pid-2088
---ebpf-pid----5707----pid-5476
---ebpf-pid----2088----pid-1
---ebpf-pid----5707----pid-1
---ebpf-pid----2088----pid-2088
---ebpf-pid----6671----pid-6671
---ebpf-pid----6671----pid-5476
---ebpf-pid----2088----pid-1
---ebpf-pid----2088----pid-2088
---ebpf-pid----6671----pid-1
---ebpf-pid----6671----pid-6671
---ebpf-pid----2088----pid-1
---ebpf-pid----2088----pid-2088
---ebpf-pid----6671----pid-5476
---ebpf-pid----2089----pid-1
---ebpf-pid----2089----pid-2089
---ebpf-pid----2088----pid-1
---ebpf-pid----6671----pid-1
---ebpf-pid----2088----pid-2088
---ebpf-pid----378284----pid-378284
---ebpf-pid----2089----pid-1
---ebpf-pid----2089----pid-2089
---ebpf-pid----378284----pid-5476
---ebpf-pid----2088----pid-1
---ebpf-pid----2088----pid-2088
---ebpf-pid----2089----pid-1
---ebpf-pid----378284----pid-1
---ebpf-pid----2089----pid-2089
---ebpf-pid----2088----pid-1
---ebpf-pid----378284----pid-378284
---ebpf-pid----2088----pid-2088
---ebpf-pid----378284----pid-5476
---ebpf-pid----2089----pid-1
---ebpf-pid----2088----pid-1
---ebpf-pid----2089----pid-2089
---ebpf-pid----2088----pid-2088
---ebpf-pid----378284----pid-1
---ebpf-pid----378284----pid-378284
---ebpf-pid----2088----pid-1
---ebpf-pid----2089----pid-1
---ebpf-pid----2088----pid-2088
---ebpf-pid----378284----pid-5476
---ebpf-pid----2089----pid-2089
---ebpf-pid----2088----pid-1
---ebpf-pid----378284----pid-1
---ebpf-pid----2088----pid-2088
---ebpf-pid----2089----pid-1
---ebpf-pid----378284----pid-378284
---ebpf-pid----2089----pid-2089
---ebpf-pid----378284----pid-5476
---ebpf-pid----2089----pid-1
---ebpf-pid----2089----pid-2089
---ebpf-pid----378284----pid-1
---ebpf-pid----2089----pid-1
---ebpf-pid----2089----pid-2089
---ebpf-pid----2094----pid-1
---ebpf-pid----2094----pid-2094
---ebpf-pid----2089----pid-1
---ebpf-pid----2089----pid-2089
---ebpf-pid----2094----pid-1
---ebpf-pid----2089----pid-1
---ebpf-pid----2094----pid-2094
---ebpf-pid----2089----pid-2089
---ebpf-pid----2094----pid-1
---ebpf-pid----2094----pid-2094
---ebpf-pid----2089----pid-1
---ebpf-pid----2089----pid-2089
---ebpf-pid----2094----pid-1
---ebpf-pid----2094----pid-2094
---ebpf-pid----2089----pid-1
---ebpf-pid----2089----pid-2089
---ebpf-pid----2094----pid-1
---ebpf-pid----2094----pid-2094
---ebpf-pid----2089----pid-1
---ebpf-pid----2089----pid-2089
---ebpf-pid----2094----pid-1
---ebpf-pid----2094----pid-2094
---ebpf-pid----2089----pid-1
---ebpf-pid----2089----pid-2089
---ebpf-pid----2094----pid-1
---ebpf-pid----2094----pid-2094
---ebpf-pid----2089----pid-1
---ebpf-pid----2094----pid-1
---ebpf-pid----2089----pid-2089
---ebpf-pid----2094----pid-2094
---ebpf-pid----2089----pid-1
---ebpf-pid----2089----pid-2089
---ebpf-pid----2094----pid-1
---ebpf-pid----2094----pid-2094
---ebpf-pid----2089----pid-1
---ebpf-pid----2089----pid-2089
---ebpf-pid----2094----pid-1
---ebpf-pid----2094----pid-2094
---ebpf-pid----2089----pid-1
---ebpf-pid----2089----pid-2089
---ebpf-pid----2094----pid-1
---ebpf-pid----2094----pid-2094
---ebpf-pid----2089----pid-1
---ebpf-pid----2089----pid-2089
---ebpf-pid----378284----pid-378284
---ebpf-pid----2089----pid-1
---ebpf-pid----2089----pid-2089
---ebpf-pid----2088----pid-1
---ebpf-pid----2088----pid-2088
---ebpf-pid----378284----pid-5476
---ebpf-pid----2088----pid-1
---ebpf-pid----2088----pid-2088
---ebpf-pid----2088----pid-1
---ebpf-pid----2088----pid-2088
---ebpf-pid----378284----pid-1
---ebpf-pid----378284----pid-378284
---ebpf-pid----2088----pid-1
---ebpf-pid----2088----pid-2088
---ebpf-pid----378284----pid-5476
---ebpf-pid----2088----pid-1
---ebpf-pid----2088----pid-2088
---ebpf-pid----2088----pid-1
---ebpf-pid----378284----pid-1
---ebpf-pid----2088----pid-2088
---ebpf-pid----378284----pid-378284
---ebpf-pid----2088----pid-1
---ebpf-pid----378284----pid-5476
---ebpf-pid----2088----pid-2088
---ebpf-pid----378284----pid-1
---ebpf-pid----378284----pid-378284
---ebpf-pid----2088----pid-1
---ebpf-pid----2088----pid-2088
---ebpf-pid----378284----pid-5476
---ebpf-pid----2088----pid-1
---ebpf-pid----378284----pid-1
---ebpf-pid----2088----pid-2088
---ebpf-pid----378284----pid-378284
---ebpf-pid----378284----pid-5476
---ebpf-pid----2088----pid-1
---ebpf-pid----2088----pid-2088
---ebpf-pid----378284----pid-1
---ebpf-pid----378284----pid-378284
---ebpf-pid----2088----pid-1
---ebpf-pid----2088----pid-2088
---ebpf-pid----378284----pid-5476
---ebpf-pid----2088----pid-1
---ebpf-pid----378284----pid-1
---ebpf-pid----2088----pid-2088
---ebpf-pid----378284----pid-378284
---ebpf-pid----378284----pid-5476
---ebpf-pid----2088----pid-1
---ebpf-pid----2088----pid-2088
---ebpf-pid----378284----pid-1
---ebpf-pid----378284----pid-378284
---ebpf-pid----2088----pid-1
---ebpf-pid----2088----pid-2088
---ebpf-pid----378284----pid-5476
---ebpf-pid----378284----pid-1
---ebpf-pid----2088----pid-1
---ebpf-pid----378284----pid-378284
---ebpf-pid----2088----pid-2088
---ebpf-pid----378284----pid-5476
---ebpf-pid----378284----pid-1
---ebpf-pid----378284----pid-378284
---ebpf-pid----378284----pid-5476
---ebpf-pid----378284----pid-1
---ebpf-pid----2089----pid-1
---ebpf-pid----2088----pid-1
---ebpf-pid----2089----pid-2089
---ebpf-pid----2089----pid-1
---ebpf-pid----2089----pid-2089
---ebpf-pid----2089----pid-1
---ebpf-pid----2089----pid-2089
---ebpf-pid----2089----pid-1
---ebpf-pid----2089----pid-2089
---ebpf-pid----2089----pid-1
---ebpf-pid----2089----pid-2089
---ebpf-pid----2089----pid-1
---ebpf-pid----2089----pid-2089
---ebpf-pid----2089----pid-1
---ebpf-pid----2089----pid-2089
---ebpf-pid----2089----pid-1
---ebpf-pid----2089----pid-2089
---ebpf-pid----2089----pid-1
---ebpf-pid----2089----pid-2089
---ebpf-pid----2089----pid-1
---ebpf-pid----2089----pid-2089
---ebpf-pid----2089----pid-1
---ebpf-pid----2089----pid-2089
---ebpf-pid----2089----pid-1
---ebpf-pid----2089----pid-2089
---ebpf-pid----2088----pid-2088
---ebpf-pid----2089----pid-1
---ebpf-pid----2089----pid-2089
---ebpf-pid----2088----pid-1
---ebpf-pid----2088----pid-2088
---ebpf-pid----2089----pid-1
---ebpf-pid----2089----pid-2089
---ebpf-pid----2088----pid-1
---ebpf-pid----2088----pid-2088
---ebpf-pid----2089----pid-1
---ebpf-pid----2089----pid-2089
---ebpf-pid----2088----pid-1
---ebpf-pid----2088----pid-2088
---ebpf-pid----2089----pid-1
---ebpf-pid----2089----pid-2089
---ebpf-pid----2088----pid-1
---ebpf-pid----2089----pid-1
---ebpf-pid----2088----pid-2088
---ebpf-pid----2089----pid-2089
---ebpf-pid----2089----pid-1
---ebpf-pid----2088----pid-1
---ebpf-pid----2089----pid-2089
---ebpf-pid----2088----pid-2088
---ebpf-pid----2088----pid-1
---ebpf-pid----2089----pid-1
---ebpf-pid----2088----pid-2088
---ebpf-pid----2089----pid-2089
---ebpf-pid----2089----pid-1
---ebpf-pid----2088----pid-1
---ebpf-pid----2089----pid-2089
---ebpf-pid----2088----pid-2088
---ebpf-pid----2089----pid-1
---ebpf-pid----2088----pid-1
---ebpf-pid----2089----pid-2089
---ebpf-pid----2088----pid-2088
---ebpf-pid----2089----pid-1
---ebpf-pid----2088----pid-1
---ebpf-pid----2089----pid-2089
---ebpf-pid----2088----pid-2088
---ebpf-pid----2089----pid-1
---ebpf-pid----2088----pid-1
---ebpf-pid----2088----pid-2088
---ebpf-pid----2089----pid-2089
---ebpf-pid----2088----pid-1
---ebpf-pid----2089----pid-1
---ebpf-pid----2089----pid-2089
---ebpf-pid----2088----pid-2088
---ebpf-pid----2089----pid-1
---ebpf-pid----2088----pid-1
---ebpf-pid----2089----pid-2089
---ebpf-pid----2088----pid-2088
---ebpf-pid----2089----pid-1
---ebpf-pid----2088----pid-1
---ebpf-pid----2089----pid-2089
---ebpf-pid----2088----pid-2088
---ebpf-pid----2089----pid-1
---ebpf-pid----2088----pid-1
---ebpf-pid----2089----pid-2089
---ebpf-pid----2088----pid-2088
---ebpf-pid----2089----pid-1
---ebpf-pid----2088----pid-1
---ebpf-pid----2089----pid-2089
---ebpf-pid----2088----pid-2088
---ebpf-pid----2089----pid-1
---ebpf-pid----2088----pid-1
---ebpf-pid----2089----pid-2089
---ebpf-pid----2088----pid-2088
---ebpf-pid----2089----pid-1
---ebpf-pid----2088----pid-1
---ebpf-pid----2089----pid-2089
---ebpf-pid----2088----pid-2088
---ebpf-pid----2089----pid-1
---ebpf-pid----2088----pid-1
---ebpf-pid----2089----pid-2089
---ebpf-pid----2088----pid-2088
---ebpf-pid----2094----pid-1
---ebpf-pid----378284----pid-378284
---ebpf-pid----378284----pid-5476
---ebpf-pid----378284----pid-1
---ebpf-pid----378284----pid-378284
---ebpf-pid----378284----pid-5476
---ebpf-pid----378284----pid-1
---ebpf-pid----378284----pid-378284
---ebpf-pid----378284----pid-5476
---ebpf-pid----378284----pid-1
---ebpf-pid----378284----pid-378284
---ebpf-pid----378284----pid-5476
---ebpf-pid----378284----pid-1
---ebpf-pid----378284----pid-378284
---ebpf-pid----378284----pid-5476
---ebpf-pid----378284----pid-1
---ebpf-pid----378284----pid-378284
---ebpf-pid----378284----pid-5476
---ebpf-pid----378284----pid-1
---ebpf-pid----378284----pid-378284
---ebpf-pid----378284----pid-5476
---ebpf-pid----378284----pid-1
---ebpf-pid----378284----pid-378284
---ebpf-pid----378284----pid-5476
---ebpf-pid----378284----pid-1
---ebpf-pid----378284----pid-378284
---ebpf-pid----378284----pid-5476
---ebpf-pid----378284----pid-1
---ebpf-pid----378284----pid-378284
---ebpf-pid----2094----pid-2094
---ebpf-pid----378284----pid-5476
---ebpf-pid----2094----pid-1
---ebpf-pid----378284----pid-1
---ebpf-pid----2094----pid-2094
---ebpf-pid----378284----pid-378284
---ebpf-pid----2094----pid-1
---ebpf-pid----378284----pid-5476
---ebpf-pid----2094----pid-2094
---ebpf-pid----378284----pid-1
---ebpf-pid----2094----pid-1
---ebpf-pid----378284----pid-378284
---ebpf-pid----2094----pid-2094
---ebpf-pid----378284----pid-5476
---ebpf-pid----2094----pid-1
---ebpf-pid----2094----pid-2094
---ebpf-pid----2094----pid-1
---ebpf-pid----2094----pid-2094
---ebpf-pid----2089----pid-1
---ebpf-pid----2089----pid-2089
---ebpf-pid----2089----pid-1
---ebpf-pid----2089----pid-2089
---ebpf-pid----2089----pid-1
---ebpf-pid----2089----pid-2089
---ebpf-pid----2089----pid-1
---ebpf-pid----2089----pid-2089
---ebpf-pid----2089----pid-1
---ebpf-pid----2089----pid-2089
---ebpf-pid----2089----pid-1
---ebpf-pid----2089----pid-2089
---ebpf-pid----2089----pid-1
---ebpf-pid----2089----pid-2089
---ebpf-pid----2089----pid-1
---ebpf-pid----2088----pid-1
---ebpf-pid----2088----pid-2088
---ebpf-pid----2088----pid-1
---ebpf-pid----2089----pid-2089
---ebpf-pid----2088----pid-2088
---ebpf-pid----2088----pid-1
---ebpf-pid----2088----pid-2088
---ebpf-pid----2088----pid-1
---ebpf-pid----2088----pid-2088
---ebpf-pid----2088----pid-1
---ebpf-pid----2088----pid-2088
---ebpf-pid----2088----pid-1
---ebpf-pid----2094----pid-1
---ebpf-pid----2088----pid-2088
---ebpf-pid----2094----pid-2094
---ebpf-pid----2088----pid-1
---ebpf-pid----2088----pid-2088
---ebpf-pid----2094----pid-1
---ebpf-pid----2094----pid-2094
---ebpf-pid----2088----pid-1
---ebpf-pid----2088----pid-2088
---ebpf-pid----2094----pid-1
---ebpf-pid----2094----pid-2094
---ebpf-pid----2088----pid-1
---ebpf-pid----2088----pid-2088
---ebpf-pid----2094----pid-1
---ebpf-pid----2094----pid-2094
---ebpf-pid----2088----pid-1
---ebpf-pid----2088----pid-2088
---ebpf-pid----2094----pid-1
---ebpf-pid----2088----pid-1
---ebpf-pid----2094----pid-2094
---ebpf-pid----2088----pid-2088
---ebpf-pid----2088----pid-1
---ebpf-pid----2088----pid-2088
---ebpf-pid----2088----pid-1
---ebpf-pid----2088----pid-2088
---ebpf-pid----2088----pid-1
---ebpf-pid----2088----pid-2088
---ebpf-pid----2088----pid-1
---ebpf-pid----2088----pid-2088
---ebpf-pid----2088----pid-1
---ebpf-pid----2088----pid-2088
---ebpf-pid----2088----pid-1
---ebpf-pid----2088----pid-2088
---ebpf-pid----2088----pid-1
---ebpf-pid----2088----pid-2088
---ebpf-pid----2088----pid-1
---ebpf-pid----2088----pid-2088
---ebpf-pid----2088----pid-1
---ebpf-pid----2088----pid-2088
---ebpf-pid----2088----pid-1
---ebpf-pid----2088----pid-2088
---ebpf-pid----2088----pid-1
---ebpf-pid----2088----pid-2088
---ebpf-pid----2088----pid-1
---ebpf-pid----2088----pid-2088
---ebpf-pid----2088----pid-1
---ebpf-pid----2088----pid-2088
---ebpf-pid----2089----pid-1
---ebpf-pid----2088----pid-1
---ebpf-pid----2089----pid-2089
---ebpf-pid----2088----pid-2088
---ebpf-pid----2088----pid-1
---ebpf-pid----2089----pid-1
---ebpf-pid----2088----pid-2088
---ebpf-pid----2089----pid-2089
---ebpf-pid----2088----pid-1
---ebpf-pid----2089----pid-1
---ebpf-pid----2088----pid-2088
---ebpf-pid----2089----pid-2089
---ebpf-pid----2088----pid-1
---ebpf-pid----2089----pid-1
---ebpf-pid----2089----pid-2089
---ebpf-pid----2088----pid-2088
---ebpf-pid----2089----pid-1
---ebpf-pid----2088----pid-1
---ebpf-pid----2089----pid-2089
---ebpf-pid----2088----pid-2088
---ebpf-pid----2089----pid-1
---ebpf-pid----2088----pid-1
---ebpf-pid----2089----pid-2089
---ebpf-pid----2088----pid-2088
---ebpf-pid----2089----pid-1
---ebpf-pid----2088----pid-1
---ebpf-pid----2089----pid-2089
---ebpf-pid----2088----pid-2088
---ebpf-pid----2089----pid-1
---ebpf-pid----2088----pid-1
---ebpf-pid----2089----pid-2089
---ebpf-pid----2088----pid-2088
---ebpf-pid----2089----pid-1
---ebpf-pid----2088----pid-1
---ebpf-pid----2089----pid-2089
---ebpf-pid----2088----pid-2088
---ebpf-pid----2089----pid-1
---ebpf-pid----2088----pid-1
---ebpf-pid----2089----pid-2089
---ebpf-pid----2088----pid-2088
---ebpf-pid----2089----pid-1
---ebpf-pid----2088----pid-1
---ebpf-pid----2089----pid-2089
---ebpf-pid----2088----pid-2088
---ebpf-pid----2088----pid-1
---ebpf-pid----2089----pid-1
---ebpf-pid----2089----pid-2089
---ebpf-pid----2088----pid-2088
---ebpf-pid----2089----pid-1
---ebpf-pid----2088----pid-1
---ebpf-pid----2089----pid-2089
---ebpf-pid----2088----pid-2088
---ebpf-pid----2089----pid-1
---ebpf-pid----2088----pid-1
---ebpf-pid----2089----pid-2089
---ebpf-pid----2089----pid-1
---ebpf-pid----2089----pid-2089
---ebpf-pid----2089----pid-1
---ebpf-pid----2088----pid-2088
---ebpf-pid----2089----pid-2089
---ebpf-pid----2089----pid-1
---ebpf-pid----2088----pid-1
---ebpf-pid----2089----pid-2089
---ebpf-pid----2088----pid-2088
---ebpf-pid----2089----pid-1
---ebpf-pid----2088----pid-1
---ebpf-pid----2089----pid-2089
---ebpf-pid----2088----pid-2088
---ebpf-pid----2089----pid-1
---ebpf-pid----2088----pid-1
---ebpf-pid----2089----pid-2089
---ebpf-pid----2088----pid-2088
---ebpf-pid----2089----pid-1
---ebpf-pid----2088----pid-1
---ebpf-pid----2089----pid-2089
---ebpf-pid----2088----pid-2088
---ebpf-pid----2089----pid-1
---ebpf-pid----2088----pid-1
---ebpf-pid----2088----pid-2088
---ebpf-pid----2089----pid-2089
---ebpf-pid----2094----pid-1
---ebpf-pid----378284----pid-1
---ebpf-pid----2088----pid-1
---ebpf-pid----378284----pid-378284
---ebpf-pid----2094----pid-2094
---ebpf-pid----2088----pid-2088
---ebpf-pid----378284----pid-5476
---ebpf-pid----2094----pid-1
---ebpf-pid----2094----pid-2094
---ebpf-pid----2088----pid-1
---ebpf-pid----2088----pid-2088
---ebpf-pid----378284----pid-1
---ebpf-pid----378284----pid-378284
---ebpf-pid----2094----pid-1
---ebpf-pid----2088----pid-1
---ebpf-pid----2094----pid-2094
---ebpf-pid----2088----pid-2088
---ebpf-pid----378284----pid-5476
---ebpf-pid----2094----pid-1
---ebpf-pid----2088----pid-1
---ebpf-pid----2094----pid-2094
---ebpf-pid----378284----pid-1
---ebpf-pid----2088----pid-2088
---ebpf-pid----378284----pid-378284
---ebpf-pid----2094----pid-1
---ebpf-pid----2088----pid-1
---ebpf-pid----2094----pid-2094
---ebpf-pid----378284----pid-5476
---ebpf-pid----2088----pid-2088
---ebpf-pid----378284----pid-1
---ebpf-pid----2094----pid-1
---ebpf-pid----2088----pid-1
---ebpf-pid----378284----pid-378284
---ebpf-pid----2094----pid-2094
---ebpf-pid----2088----pid-2088
---ebpf-pid----378284----pid-5476
---ebpf-pid----2088----pid-1
---ebpf-pid----2094----pid-1
---ebpf-pid----2088----pid-2088
---ebpf-pid----2094----pid-2094
---ebpf-pid----378284----pid-1
---ebpf-pid----378284----pid-378284
---ebpf-pid----2088----pid-1
---ebpf-pid----2094----pid-1
---ebpf-pid----2088----pid-2088
---ebpf-pid----2094----pid-2094
---ebpf-pid----378284----pid-5476
---ebpf-pid----2088----pid-1
---ebpf-pid----2094----pid-1
---ebpf-pid----2088----pid-2088
---ebpf-pid----378284----pid-1
---ebpf-pid----2094----pid-2094
---ebpf-pid----378284----pid-378284
---ebpf-pid----2088----pid-1
---ebpf-pid----2094----pid-1
---ebpf-pid----2088----pid-2088
---ebpf-pid----378284----pid-5476
---ebpf-pid----2094----pid-2094
---ebpf-pid----2088----pid-1
---ebpf-pid----378284----pid-1
---ebpf-pid----2094----pid-1
---ebpf-pid----2088----pid-2088
---ebpf-pid----2094----pid-2094
---ebpf-pid----378284----pid-378284
---ebpf-pid----2088----pid-1
---ebpf-pid----2088----pid-2088
---ebpf-pid----2094----pid-1
---ebpf-pid----378284----pid-5476
---ebpf-pid----2094----pid-2094
---ebpf-pid----2088----pid-1
---ebpf-pid----378284----pid-1
---ebpf-pid----2094----pid-1
---ebpf-pid----2088----pid-2088
---ebpf-pid----378284----pid-378284
---ebpf-pid----2094----pid-2094
---ebpf-pid----378284----pid-5476
---ebpf-pid----2094----pid-1
---ebpf-pid----2094----pid-2094
---ebpf-pid----378284----pid-1
---ebpf-pid----2088----pid-1
---ebpf-pid----378284----pid-378284
---ebpf-pid----2094----pid-1
---ebpf-pid----2088----pid-2088
---ebpf-pid----2094----pid-2094
---ebpf-pid----378284----pid-5476
---ebpf-pid----2088----pid-1
---ebpf-pid----2094----pid-1
---ebpf-pid----2088----pid-2088
---ebpf-pid----2094----pid-2094
---ebpf-pid----378284----pid-1
---ebpf-pid----378284----pid-378284
---ebpf-pid----2088----pid-1
---ebpf-pid----2094----pid-1
---ebpf-pid----2088----pid-2088
---ebpf-pid----2094----pid-2094
---ebpf-pid----378284----pid-5476
---ebpf-pid----2088----pid-1
---ebpf-pid----2088----pid-2088
---ebpf-pid----2094----pid-1
---ebpf-pid----378284----pid-1
---ebpf-pid----2094----pid-2094
---ebpf-pid----2088----pid-1
---ebpf-pid----378284----pid-378284
---ebpf-pid----2094----pid-1
---ebpf-pid----2088----pid-2088
---ebpf-pid----2094----pid-2094
---ebpf-pid----378284----pid-5476
---ebpf-pid----2094----pid-1
---ebpf-pid----2088----pid-1
---ebpf-pid----378284----pid-1
---ebpf-pid----2094----pid-2094
---ebpf-pid----378284----pid-378284
---ebpf-pid----2089----pid-1
---ebpf-pid----2094----pid-1
---ebpf-pid----378284----pid-5476
---ebpf-pid----2089----pid-2089
---ebpf-pid----2094----pid-2094
---ebpf-pid----378284----pid-1
---ebpf-pid----2089----pid-1
---ebpf-pid----2094----pid-1
---ebpf-pid----378284----pid-378284
---ebpf-pid----2089----pid-2089
---ebpf-pid----2094----pid-2094
---ebpf-pid----378284----pid-5476
---ebpf-pid----2094----pid-1
---ebpf-pid----2089----pid-1
---ebpf-pid----2089----pid-2089
---ebpf-pid----2094----pid-2094
---ebpf-pid----378284----pid-1
---ebpf-pid----378284----pid-378284
---ebpf-pid----2094----pid-1
---ebpf-pid----2089----pid-1
---ebpf-pid----378284----pid-5476
---ebpf-pid----2094----pid-2094
---ebpf-pid----2089----pid-2089
---ebpf-pid----378284----pid-1
---ebpf-pid----2089----pid-1
---ebpf-pid----378284----pid-378284
---ebpf-pid----2088----pid-2088
---ebpf-pid----2089----pid-2089
---ebpf-pid----378284----pid-5476
---ebpf-pid----2088----pid-1
---ebpf-pid----2089----pid-1
---ebpf-pid----2088----pid-2088
---ebpf-pid----2089----pid-2089
---ebpf-pid----378284----pid-1
---ebpf-pid----378284----pid-378284
---ebpf-pid----2088----pid-1
---ebpf-pid----2089----pid-1
---ebpf-pid----2088----pid-2088
---ebpf-pid----378284----pid-5476
---ebpf-pid----2089----pid-2089
---ebpf-pid----378284----pid-1
---ebpf-pid----2088----pid-1
---ebpf-pid----378284----pid-378284
---ebpf-pid----2089----pid-1
---ebpf-pid----2088----pid-2088
---ebpf-pid----2089----pid-2089
---ebpf-pid----378284----pid-5476
---ebpf-pid----2088----pid-1
---ebpf-pid----2089----pid-1
---ebpf-pid----2088----pid-2088
---ebpf-pid----378284----pid-1
---ebpf-pid----2089----pid-2089
---ebpf-pid----378284----pid-378284
---ebpf-pid----2088----pid-1
---ebpf-pid----2089----pid-1
---ebpf-pid----378284----pid-5476
---ebpf-pid----2088----pid-2088
---ebpf-pid----2089----pid-2089
---ebpf-pid----378284----pid-1
---ebpf-pid----2088----pid-1
---ebpf-pid----378284----pid-378284
---ebpf-pid----2089----pid-1
---ebpf-pid----2088----pid-2088
---ebpf-pid----2089----pid-2089
---ebpf-pid----378284----pid-5476
---ebpf-pid----2088----pid-1
---ebpf-pid----2089----pid-1
---ebpf-pid----2088----pid-2088
---ebpf-pid----378284----pid-1
---ebpf-pid----2089----pid-2089
---ebpf-pid----378284----pid-378284
---ebpf-pid----2088----pid-1
---ebpf-pid----378284----pid-5476
---ebpf-pid----2089----pid-1
---ebpf-pid----2088----pid-2088
---ebpf-pid----2089----pid-2089
---ebpf-pid----378284----pid-1
---ebpf-pid----378284----pid-378284
---ebpf-pid----2089----pid-1
---ebpf-pid----2089----pid-2089
---ebpf-pid----378284----pid-5476
---ebpf-pid----2088----pid-1
---ebpf-pid----2088----pid-2088
---ebpf-pid----2088----pid-1
---ebpf-pid----2088----pid-2088
---ebpf-pid----2088----pid-1
---ebpf-pid----2088----pid-2088
---ebpf-pid----2088----pid-1
---ebpf-pid----2088----pid-2088
---ebpf-pid----2088----pid-1
---ebpf-pid----2088----pid-2088
---ebpf-pid----2088----pid-1
---ebpf-pid----2088----pid-2088
---ebpf-pid----2088----pid-1
---ebpf-pid----2088----pid-2088
---ebpf-pid----2088----pid-1
---ebpf-pid----2088----pid-2088
---ebpf-pid----2088----pid-1
---ebpf-pid----2088----pid-2088
---ebpf-pid----2088----pid-1
---ebpf-pid----2088----pid-2088
---ebpf-pid----2088----pid-1
---ebpf-pid----2088----pid-2088
---ebpf-pid----2088----pid-1
---ebpf-pid----2094----pid-1
---ebpf-pid----2094----pid-2094
---ebpf-pid----2094----pid-1
---ebpf-pid----2094----pid-2094
---ebpf-pid----378284----pid-1
---ebpf-pid----378284----pid-378284
---ebpf-pid----378284----pid-5476
---ebpf-pid----378284----pid-1
---ebpf-pid----378284----pid-378284
---ebpf-pid----378284----pid-5476
---ebpf-pid----2088----pid-2088
---ebpf-pid----378284----pid-1
---ebpf-pid----378284----pid-378284
---ebpf-pid----2088----pid-1
---ebpf-pid----2088----pid-2088
---ebpf-pid----378284----pid-5476
---ebpf-pid----2088----pid-1
---ebpf-pid----2088----pid-2088
---ebpf-pid----378284----pid-1
---ebpf-pid----378284----pid-378284
---ebpf-pid----2088----pid-1
---ebpf-pid----2088----pid-2088
---ebpf-pid----378284----pid-5476
---ebpf-pid----378284----pid-1
---ebpf-pid----2088----pid-1
---ebpf-pid----378284----pid-378284
---ebpf-pid----2088----pid-2088
---ebpf-pid----378284----pid-5476
---ebpf-pid----2088----pid-1
---ebpf-pid----2088----pid-2088
---ebpf-pid----378284----pid-1
---ebpf-pid----2088----pid-1
---ebpf-pid----378284----pid-378284
---ebpf-pid----2088----pid-2088
---ebpf-pid----378284----pid-5476
---ebpf-pid----2088----pid-1
---ebpf-pid----2088----pid-2088
---ebpf-pid----378284----pid-1
---ebpf-pid----378284----pid-378284
---ebpf-pid----2088----pid-1
---ebpf-pid----2088----pid-2088
---ebpf-pid----378284----pid-5476
---ebpf-pid----2088----pid-1
---ebpf-pid----2088----pid-2088
---ebpf-pid----378284----pid-1
---ebpf-pid----378284----pid-378284
---ebpf-pid----2088----pid-1
---ebpf-pid----378284----pid-5476
---ebpf-pid----2088----pid-2088
---ebpf-pid----2088----pid-1
---ebpf-pid----2088----pid-2088
---ebpf-pid----378284----pid-1
---ebpf-pid----378284----pid-378284
---ebpf-pid----2094----pid-1
---ebpf-pid----2088----pid-1
---ebpf-pid----2094----pid-2094
---ebpf-pid----2088----pid-2088
---ebpf-pid----378284----pid-5476
---ebpf-pid----2094----pid-1
---ebpf-pid----2088----pid-1
---ebpf-pid----378284----pid-1
---ebpf-pid----2094----pid-2094
---ebpf-pid----2088----pid-2088
---ebpf-pid----378284----pid-378284
---ebpf-pid----2094----pid-1
---ebpf-pid----378284----pid-5476
---ebpf-pid----2088----pid-1
---ebpf-pid----2094----pid-2094
---ebpf-pid----2088----pid-2088
---ebpf-pid----378284----pid-1
---ebpf-pid----2094----pid-1
---ebpf-pid----378284----pid-378284
---ebpf-pid----2088----pid-1
---ebpf-pid----2094----pid-2094
---ebpf-pid----2088----pid-2088
---ebpf-pid----378284----pid-5476
---ebpf-pid----2094----pid-1
---ebpf-pid----2088----pid-1
---ebpf-pid----2094----pid-2094
---ebpf-pid----378284----pid-1
---ebpf-pid----2088----pid-2088
---ebpf-pid----378284----pid-378284
---ebpf-pid----2094----pid-1
---ebpf-pid----2088----pid-1
---ebpf-pid----2094----pid-2094
---ebpf-pid----378284----pid-5476
---ebpf-pid----2088----pid-2088
---ebpf-pid----2094----pid-1
---ebpf-pid----2088----pid-1
---ebpf-pid----2094----pid-2094
---ebpf-pid----2088----pid-2088
---ebpf-pid----2094----pid-1
---ebpf-pid----2088----pid-1
---ebpf-pid----2094----pid-2094
---ebpf-pid----2088----pid-2088
---ebpf-pid----2094----pid-1
---ebpf-pid----2088----pid-1
---ebpf-pid----2094----pid-2094
---ebpf-pid----2088----pid-2088
---ebpf-pid----2094----pid-1
---ebpf-pid----2088----pid-1
---ebpf-pid----2094----pid-2094
---ebpf-pid----2088----pid-2088
---ebpf-pid----2094----pid-1
---ebpf-pid----2088----pid-1
---ebpf-pid----2094----pid-2094
---ebpf-pid----2088----pid-2088
---ebpf-pid----2094----pid-1
---ebpf-pid----2088----pid-1
---ebpf-pid----2094----pid-2094
---ebpf-pid----2088----pid-2088
---ebpf-pid----2094----pid-1
---ebpf-pid----2088----pid-1
---ebpf-pid----2094----pid-2094
---ebpf-pid----2088----pid-2088
---ebpf-pid----2094----pid-1
---ebpf-pid----2088----pid-1
---ebpf-pid----2094----pid-2094
---ebpf-pid----2088----pid-2088
---ebpf-pid----2094----pid-1
---ebpf-pid----2088----pid-1
---ebpf-pid----2094----pid-2094
---ebpf-pid----2088----pid-2088
---ebpf-pid----2094----pid-1
---ebpf-pid----2088----pid-1
---ebpf-pid----2094----pid-2094
---ebpf-pid----2088----pid-2088
---ebpf-pid----2094----pid-1
---ebpf-pid----2088----pid-1
---ebpf-pid----2094----pid-2094
---ebpf-pid----2088----pid-2088
---ebpf-pid----2094----pid-1
---ebpf-pid----2088----pid-1
---ebpf-pid----2094----pid-2094
---ebpf-pid----2088----pid-2088
---ebpf-pid----2094----pid-1
---ebpf-pid----2088----pid-1
---ebpf-pid----2094----pid-2094
---ebpf-pid----2088----pid-2088
---ebpf-pid----2094----pid-1
---ebpf-pid----2088----pid-1
---ebpf-pid----2094----pid-2094
---ebpf-pid----2088----pid-2088
---ebpf-pid----2094----pid-1
---ebpf-pid----2088----pid-1
---ebpf-pid----2088----pid-2088
---ebpf-pid----2088----pid-1
---ebpf-pid----2088----pid-2088
---ebpf-pid----2088----pid-1
---ebpf-pid----2088----pid-2088
---ebpf-pid----2088----pid-1
---ebpf-pid----2088----pid-2088
---ebpf-pid----2088----pid-1
---ebpf-pid----2088----pid-2088
---ebpf-pid----2088----pid-1
---ebpf-pid----2088----pid-2088
---ebpf-pid----2088----pid-1
---ebpf-pid----2088----pid-2088
---ebpf-pid----2088----pid-1
---ebpf-pid----2088----pid-2088
---ebpf-pid----2088----pid-1
---ebpf-pid----2088----pid-2088
---ebpf-pid----2088----pid-1
---ebpf-pid----2088----pid-2088
---ebpf-pid----2088----pid-1
---ebpf-pid----2089----pid-1
---ebpf-pid----2088----pid-2088
---ebpf-pid----2089----pid-2089
---ebpf-pid----2088----pid-1
---ebpf-pid----2088----pid-2088
---ebpf-pid----2089----pid-1
---ebpf-pid----2088----pid-1
---ebpf-pid----2089----pid-2089
---ebpf-pid----2088----pid-2088
---ebpf-pid----2089----pid-1
---ebpf-pid----2088----pid-1
---ebpf-pid----2088----pid-2088
---ebpf-pid----2089----pid-2089
---ebpf-pid----2088----pid-1
---ebpf-pid----2089----pid-1
---ebpf-pid----2088----pid-2088
---ebpf-pid----2089----pid-2089
---ebpf-pid----2088----pid-1
---ebpf-pid----2088----pid-2088
---ebpf-pid----2089----pid-1
---ebpf-pid----2089----pid-2089
---ebpf-pid----2088----pid-1
---ebpf-pid----2089----pid-1
---ebpf-pid----2088----pid-2088
---ebpf-pid----2089----pid-2089
---ebpf-pid----2088----pid-1
---ebpf-pid----2088----pid-2088
---ebpf-pid----2089----pid-1
---ebpf-pid----2089----pid-2089
---ebpf-pid----2088----pid-1
---ebpf-pid----2088----pid-2088
---ebpf-pid----2089----pid-1
---ebpf-pid----2089----pid-2089
---ebpf-pid----2088----pid-1
---ebpf-pid----2088----pid-2088
---ebpf-pid----2089----pid-1
---ebpf-pid----2089----pid-2089
---ebpf-pid----2088----pid-1
---ebpf-pid----2088----pid-2088
---ebpf-pid----2089----pid-1
---ebpf-pid----2088----pid-1
---ebpf-pid----2089----pid-2089
---ebpf-pid----2088----pid-2088
---ebpf-pid----2088----pid-1
---ebpf-pid----2089----pid-1
---ebpf-pid----2088----pid-2088
---ebpf-pid----2089----pid-2089
---ebpf-pid----2088----pid-1
---ebpf-pid----2089----pid-1
---ebpf-pid----2088----pid-2088
---ebpf-pid----2089----pid-2089
---ebpf-pid----2088----pid-1
---ebpf-pid----2089----pid-1
---ebpf-pid----5707----pid-5707
---ebpf-pid----2089----pid-2089
---ebpf-pid----5707----pid-5476
---ebpf-pid----2089----pid-1
---ebpf-pid----2089----pid-2089
---ebpf-pid----5707----pid-1
---ebpf-pid----5707----pid-5707
---ebpf-pid----2089----pid-1
---ebpf-pid----2089----pid-2089
---ebpf-pid----5707----pid-5476
---ebpf-pid----2089----pid-1
---ebpf-pid----5707----pid-1
---ebpf-pid----2089----pid-2089
---ebpf-pid----5707----pid-5707
---ebpf-pid----2089----pid-1
---ebpf-pid----5707----pid-5476
---ebpf-pid----2089----pid-2089
---ebpf-pid----5707----pid-1
---ebpf-pid----2089----pid-1
---ebpf-pid----5707----pid-5707
---ebpf-pid----2089----pid-2089
---ebpf-pid----2088----pid-2088
---ebpf-pid----2089----pid-1
---ebpf-pid----2089----pid-2089
---ebpf-pid----5707----pid-5476
---ebpf-pid----2088----pid-1
---ebpf-pid----2088----pid-2088
---ebpf-pid----2089----pid-1
---ebpf-pid----5707----pid-1
---ebpf-pid----2088----pid-1
---ebpf-pid----2088----pid-2088
---ebpf-pid----5707----pid-5707
---ebpf-pid----5707----pid-5476
---ebpf-pid----2088----pid-1
---ebpf-pid----2088----pid-2088
---ebpf-pid----5707----pid-1
---ebpf-pid----5707----pid-5707
---ebpf-pid----2088----pid-1
---ebpf-pid----2088----pid-2088
---ebpf-pid----5707----pid-5476
---ebpf-pid----5707----pid-1
---ebpf-pid----5707----pid-5707
---ebpf-pid----5707----pid-5476
---ebpf-pid----5707----pid-1
---ebpf-pid----5707----pid-5707
---ebpf-pid----5707----pid-5476
---ebpf-pid----5707----pid-1
---ebpf-pid----5707----pid-5707
---ebpf-pid----5707----pid-5476
---ebpf-pid----5707----pid-1
---ebpf-pid----5707----pid-5707
---ebpf-pid----5707----pid-5476
---ebpf-pid----5707----pid-1
---ebpf-pid----5707----pid-5707
---ebpf-pid----5707----pid-5476
---ebpf-pid----5707----pid-1
---ebpf-pid----5707----pid-5707
---ebpf-pid----2089----pid-2089
---ebpf-pid----5707----pid-5476
---ebpf-pid----2089----pid-1
---ebpf-pid----2089----pid-2089
---ebpf-pid----5707----pid-1
---ebpf-pid----5707----pid-5707
---ebpf-pid----2089----pid-1
---ebpf-pid----5707----pid-5476
---ebpf-pid----2089----pid-2089
---ebpf-pid----2089----pid-1
---ebpf-pid----2089----pid-2089
---ebpf-pid----5707----pid-1
---ebpf-pid----5707----pid-5707
---ebpf-pid----2089----pid-1
---ebpf-pid----2089----pid-2089
---ebpf-pid----5707----pid-5476
---ebpf-pid----2089----pid-1
---ebpf-pid----5707----pid-1
---ebpf-pid----2089----pid-2089
---ebpf-pid----5707----pid-5707
---ebpf-pid----5707----pid-5476
---ebpf-pid----2089----pid-1
---ebpf-pid----2089----pid-2089
---ebpf-pid----5707----pid-1
---ebpf-pid----5705----pid-5705
---ebpf-pid----2089----pid-1
---ebpf-pid----5705----pid-5476
---ebpf-pid----2089----pid-2089
---ebpf-pid----5705----pid-1
---ebpf-pid----2089----pid-1
---ebpf-pid----5705----pid-5705
---ebpf-pid----2089----pid-2089
---ebpf-pid----5705----pid-5476
---ebpf-pid----2089----pid-1
---ebpf-pid----2089----pid-2089
---ebpf-pid----5705----pid-1
---ebpf-pid----5705----pid-5705
---ebpf-pid----2089----pid-1
---ebpf-pid----5705----pid-5476
---ebpf-pid----2089----pid-2089
---ebpf-pid----5705----pid-1
---ebpf-pid----2089----pid-1
---ebpf-pid----5705----pid-5705
---ebpf-pid----2089----pid-2089
---ebpf-pid----2089----pid-1
---ebpf-pid----5705----pid-5476
---ebpf-pid----2089----pid-2089
---ebpf-pid----2088----pid-1
---ebpf-pid----5705----pid-1
---ebpf-pid----2089----pid-1
---ebpf-pid----2088----pid-2088
---ebpf-pid----378284----pid-378284
---ebpf-pid----2089----pid-2089
---ebpf-pid----2088----pid-1
---ebpf-pid----378284----pid-5476
---ebpf-pid----2089----pid-1
---ebpf-pid----2088----pid-2088
---ebpf-pid----2089----pid-2089
---ebpf-pid----378284----pid-1
---ebpf-pid----378284----pid-378284
---ebpf-pid----2088----pid-1
---ebpf-pid----2088----pid-2088
---ebpf-pid----378284----pid-5476
---ebpf-pid----2088----pid-1
---ebpf-pid----378284----pid-1
---ebpf-pid----2088----pid-2088
---ebpf-pid----378284----pid-378284
---ebpf-pid----378284----pid-5476
---ebpf-pid----2088----pid-1
---ebpf-pid----2088----pid-2088
---ebpf-pid----378284----pid-1
---ebpf-pid----2088----pid-1
---ebpf-pid----378284----pid-378284
---ebpf-pid----2088----pid-2088
---ebpf-pid----378284----pid-5476
---ebpf-pid----2088----pid-1
---ebpf-pid----2089----pid-2089
---ebpf-pid----378284----pid-1
---ebpf-pid----6671----pid-6671
---ebpf-pid----2089----pid-1
---ebpf-pid----2089----pid-2089
---ebpf-pid----6671----pid-5476
---ebpf-pid----2089----pid-1
---ebpf-pid----6671----pid-1
---ebpf-pid----14----pid-14
---ebpf-pid----6671----pid-6671
---ebpf-pid----14----pid-2
---ebpf-pid----6671----pid-5476
---ebpf-pid----448783----pid-448783
---ebpf-pid----6671----pid-1
---ebpf-pid----448783----pid-448520
---ebpf-pid----6671----pid-6671
---ebpf-pid----448783----pid-1
---ebpf-pid----378284----pid-1
---ebpf-pid----448783----pid-448783
---ebpf-pid----378284----pid-378284
---ebpf-pid----6671----pid-5476
---ebpf-pid----448783----pid-448520
---ebpf-pid----378284----pid-5476
---ebpf-pid----6671----pid-1
---ebpf-pid----448783----pid-1
---ebpf-pid----6671----pid-6671
---ebpf-pid----4716----pid-4716
---ebpf-pid----378284----pid-1
---ebpf-pid----378284----pid-378284
---ebpf-pid----6671----pid-5476
---ebpf-pid----4716----pid-3323
---ebpf-pid----378284----pid-5476
---ebpf-pid----6671----pid-1
---ebpf-pid----4716----pid-1
---ebpf-pid----6671----pid-6671
---ebpf-pid----379067----pid-379067
---ebpf-pid----6671----pid-5476
---ebpf-pid----379067----pid-5476
---ebpf-pid----6671----pid-1
---ebpf-pid----379067----pid-1
---ebpf-pid----6671----pid-6671
---ebpf-pid----379067----pid-379067
---ebpf-pid----6671----pid-5476
---ebpf-pid----379067----pid-5476
---ebpf-pid----378284----pid-1
---ebpf-pid----6671----pid-1
---ebpf-pid----6671----pid-6671
---ebpf-pid----378284----pid-378284
---ebpf-pid----6671----pid-5476
---ebpf-pid----378284----pid-5476
---ebpf-pid----6671----pid-1
---ebpf-pid----6671----pid-6671
---ebpf-pid----378284----pid-1
---ebpf-pid----378284----pid-378284
---ebpf-pid----6671----pid-5476
---ebpf-pid----378284----pid-5476
---ebpf-pid----6671----pid-1
---ebpf-pid----6671----pid-6671
---ebpf-pid----378284----pid-1
---ebpf-pid----378284----pid-378284
---ebpf-pid----6671----pid-5476
---ebpf-pid----378284----pid-5476
---ebpf-pid----6671----pid-1
---ebpf-pid----6671----pid-6671
---ebpf-pid----378284----pid-1
---ebpf-pid----6671----pid-5476
---ebpf-pid----378284----pid-378284
---ebpf-pid----6671----pid-1
---ebpf-pid----378284----pid-5476
---ebpf-pid----6671----pid-6671
---ebpf-pid----6671----pid-5476
---ebpf-pid----378284----pid-1
---ebpf-pid----378284----pid-378284
---ebpf-pid----6671----pid-1
---ebpf-pid----6671----pid-6671
---ebpf-pid----378284----pid-5476
---ebpf-pid----6671----pid-5476
---ebpf-pid----378284----pid-1
---ebpf-pid----378284----pid-378284
---ebpf-pid----6671----pid-1
---ebpf-pid----6671----pid-6671
---ebpf-pid----378284----pid-5476
---ebpf-pid----6671----pid-5476
---ebpf-pid----378284----pid-1
---ebpf-pid----6671----pid-1
---ebpf-pid----378284----pid-378284
---ebpf-pid----6671----pid-6671
---ebpf-pid----378284----pid-5476
---ebpf-pid----6671----pid-5476
---ebpf-pid----6671----pid-1
---ebpf-pid----378284----pid-1
---ebpf-pid----379067----pid-379067
---ebpf-pid----378284----pid-378284
---ebpf-pid----379067----pid-5476
---ebpf-pid----378284----pid-5476
---ebpf-pid----379067----pid-1
---ebpf-pid----378284----pid-1
---ebpf-pid----379067----pid-379067
---ebpf-pid----378284----pid-378284
---ebpf-pid----378284----pid-5476
---ebpf-pid----378284----pid-1
---ebpf-pid----378284----pid-378284
---ebpf-pid----378284----pid-5476
---ebpf-pid----378284----pid-1
---ebpf-pid----378284----pid-378284
---ebpf-pid----378284----pid-5476
---ebpf-pid----378284----pid-1
---ebpf-pid----378284----pid-378284
---ebpf-pid----378284----pid-5476
---ebpf-pid----378284----pid-1
---ebpf-pid----378284----pid-378284
---ebpf-pid----379067----pid-1
---ebpf-pid----378284----pid-5476
---ebpf-pid----379067----pid-379067
---ebpf-pid----2089----pid-1
---ebpf-pid----379067----pid-5476
---ebpf-pid----2089----pid-2089
---ebpf-pid----379067----pid-1
---ebpf-pid----2089----pid-1
---ebpf-pid----4716----pid-4716
---ebpf-pid----2089----pid-2089
---ebpf-pid----2089----pid-1
---ebpf-pid----4716----pid-3323
---ebpf-pid----2089----pid-2089
---ebpf-pid----4716----pid-1
---ebpf-pid----2089----pid-1
---ebpf-pid----448546----pid-448546
---ebpf-pid----2089----pid-2089
---ebpf-pid----448546----pid-1
---ebpf-pid----2089----pid-1
---ebpf-pid----448546----pid-448546
---ebpf-pid----2089----pid-2089
---ebpf-pid----448546----pid-1
---ebpf-pid----2089----pid-1
---ebpf-pid----4716----pid-4716
---ebpf-pid----2089----pid-2089
---ebpf-pid----4716----pid-3323
---ebpf-pid----2089----pid-1
---ebpf-pid----2089----pid-2089
---ebpf-pid----4716----pid-1
---ebpf-pid----4716----pid-4716
---ebpf-pid----2089----pid-1
---ebpf-pid----2089----pid-2089
---ebpf-pid----4716----pid-3323
---ebpf-pid----2089----pid-1
---ebpf-pid----4716----pid-1
---ebpf-pid----2089----pid-2089
---ebpf-pid----378284----pid-1
---ebpf-pid----448546----pid-448546
---ebpf-pid----378284----pid-378284
---ebpf-pid----2089----pid-1
---ebpf-pid----448546----pid-1
---ebpf-pid----2089----pid-2089
---ebpf-pid----378284----pid-5476
---ebpf-pid----4716----pid-4716
---ebpf-pid----2089----pid-1
---ebpf-pid----378284----pid-1
---ebpf-pid----4716----pid-3323
---ebpf-pid----2089----pid-2089
---ebpf-pid----378284----pid-378284
---ebpf-pid----4716----pid-1
---ebpf-pid----2089----pid-1
---ebpf-pid----448521----pid-448521
---ebpf-pid----2089----pid-2089
---ebpf-pid----448521----pid-1
---ebpf-pid----2089----pid-1
---ebpf-pid----7312----pid-7312
---ebpf-pid----2089----pid-2089
---ebpf-pid----7312----pid-1
---ebpf-pid----2089----pid-1
---ebpf-pid----4716----pid-4716
---ebpf-pid----2089----pid-2089
---ebpf-pid----4716----pid-3323
---ebpf-pid----2089----pid-1
---ebpf-pid----2089----pid-2089
---ebpf-pid----378284----pid-5476
---ebpf-pid----4716----pid-1
---ebpf-pid----378284----pid-1
---ebpf-pid----7312----pid-7312
---ebpf-pid----378284----pid-378284
---ebpf-pid----7312----pid-1
---ebpf-pid----378284----pid-5476
---ebpf-pid----7312----pid-7312
---ebpf-pid----378284----pid-1
---ebpf-pid----7312----pid-1
---ebpf-pid----378284----pid-378284
---ebpf-pid----448546----pid-448546
---ebpf-pid----378284----pid-5476
---ebpf-pid----448546----pid-1
---ebpf-pid----7312----pid-7312
---ebpf-pid----378284----pid-1
---ebpf-pid----378284----pid-378284
---ebpf-pid----7312----pid-1
---ebpf-pid----448521----pid-448521
---ebpf-pid----378284----pid-5476
---ebpf-pid----448521----pid-1
---ebpf-pid----448521----pid-448521
---ebpf-pid----378284----pid-1
---ebpf-pid----378284----pid-378284
---ebpf-pid----448521----pid-1
---ebpf-pid----448521----pid-448521
---ebpf-pid----378284----pid-5476
---ebpf-pid----448521----pid-1
---ebpf-pid----378284----pid-1
---ebpf-pid----448521----pid-448521
---ebpf-pid----378284----pid-378284
---ebpf-pid----448521----pid-1
---ebpf-pid----378284----pid-5476
---ebpf-pid----448521----pid-448521
---ebpf-pid----378284----pid-1
---ebpf-pid----448521----pid-1
---ebpf-pid----378284----pid-378284
---ebpf-pid----448546----pid-448546
---ebpf-pid----378284----pid-5476
---ebpf-pid----448546----pid-1
---ebpf-pid----448546----pid-448546
---ebpf-pid----378284----pid-1
---ebpf-pid----378284----pid-378284
---ebpf-pid----448546----pid-1
---ebpf-pid----448546----pid-448546
---ebpf-pid----378284----pid-5476
---ebpf-pid----448546----pid-1
---ebpf-pid----378284----pid-1
---ebpf-pid----4716----pid-4716
---ebpf-pid----378284----pid-378284
---ebpf-pid----4716----pid-3323
---ebpf-pid----378284----pid-5476
---ebpf-pid----4716----pid-1
---ebpf-pid----378284----pid-1
---ebpf-pid----4716----pid-4716
---ebpf-pid----378284----pid-378284
---ebpf-pid----4716----pid-3323
---ebpf-pid----378284----pid-5476
---ebpf-pid----4716----pid-1
---ebpf-pid----378284----pid-1
---ebpf-pid----4716----pid-4716
---ebpf-pid----378284----pid-378284
---ebpf-pid----4716----pid-3323
---ebpf-pid----378284----pid-5476
---ebpf-pid----4716----pid-1
---ebpf-pid----378284----pid-1
---ebpf-pid----7312----pid-7312
---ebpf-pid----378284----pid-378284
---ebpf-pid----7312----pid-1
---ebpf-pid----378284----pid-5476
---ebpf-pid----448521----pid-448521
---ebpf-pid----378284----pid-1
---ebpf-pid----378284----pid-378284
---ebpf-pid----448521----pid-1
---ebpf-pid----379067----pid-5476
---ebpf-pid----379067----pid-1
---ebpf-pid----6671----pid-6671
---ebpf-pid----2089----pid-1
---ebpf-pid----6671----pid-5476
---ebpf-pid----6671----pid-1
---ebpf-pid----2089----pid-2089
---ebpf-pid----2089----pid-1
---ebpf-pid----2089----pid-2089
---ebpf-pid----378284----pid-5476
---ebpf-pid----378284----pid-1
---ebpf-pid----378284----pid-378284
---ebpf-pid----2089----pid-1
---ebpf-pid----378284----pid-5476
---ebpf-pid----2089----pid-2089
---ebpf-pid----378284----pid-1
---ebpf-pid----378284----pid-378284
---ebpf-pid----2089----pid-1
---ebpf-pid----378284----pid-5476
---ebpf-pid----2089----pid-2089
---ebpf-pid----378284----pid-1
---ebpf-pid----378284----pid-378284
---ebpf-pid----2089----pid-1
---ebpf-pid----378284----pid-5476
---ebpf-pid----2089----pid-2089
---ebpf-pid----378284----pid-1
---ebpf-pid----378284----pid-378284
---ebpf-pid----2089----pid-1
---ebpf-pid----378284----pid-5476
---ebpf-pid----2089----pid-2089
---ebpf-pid----2089----pid-1
---ebpf-pid----2089----pid-2089
---ebpf-pid----2089----pid-1
---ebpf-pid----378284----pid-1
---ebpf-pid----378284----pid-378284
---ebpf-pid----2089----pid-2089
---ebpf-pid----378284----pid-5476
---ebpf-pid----2089----pid-1
---ebpf-pid----378284----pid-1
---ebpf-pid----378284----pid-378284
---ebpf-pid----2089----pid-2089
---ebpf-pid----378284----pid-5476
---ebpf-pid----2089----pid-1
---ebpf-pid----378284----pid-1
---ebpf-pid----378284----pid-378284
---ebpf-pid----378284----pid-5476
---ebpf-pid----378284----pid-1
---ebpf-pid----378284----pid-378284
---ebpf-pid----6671----pid-6671
---ebpf-pid----378284----pid-5476
---ebpf-pid----6671----pid-5476
---ebpf-pid----378284----pid-1
---ebpf-pid----378284----pid-378284
---ebpf-pid----6671----pid-1
---ebpf-pid----6671----pid-6671
---ebpf-pid----378284----pid-5476
---ebpf-pid----6671----pid-5476
---ebpf-pid----378284----pid-1
---ebpf-pid----378284----pid-378284
---ebpf-pid----6671----pid-1
---ebpf-pid----379067----pid-379067
---ebpf-pid----379067----pid-5476
---ebpf-pid----379067----pid-1
---ebpf-pid----379067----pid-379067
---ebpf-pid----379067----pid-5476
---ebpf-pid----378284----pid-5476
---ebpf-pid----379067----pid-1
---ebpf-pid----379067----pid-379067
---ebpf-pid----378284----pid-1
---ebpf-pid----379067----pid-5476
---ebpf-pid----378284----pid-378284
---ebpf-pid----379067----pid-1
---ebpf-pid----378284----pid-5476
---ebpf-pid----379067----pid-379067
---ebpf-pid----378284----pid-1
---ebpf-pid----379067----pid-5476
---ebpf-pid----378284----pid-378284
---ebpf-pid----379067----pid-1
---ebpf-pid----378284----pid-5476
---ebpf-pid----379067----pid-379067
---ebpf-pid----379067----pid-5476
---ebpf-pid----378284----pid-1
---ebpf-pid----378284----pid-378284
---ebpf-pid----379067----pid-1
---ebpf-pid----379067----pid-379067
---ebpf-pid----378284----pid-5476
---ebpf-pid----379067----pid-5476
---ebpf-pid----378284----pid-1
---ebpf-pid----378284----pid-378284
---ebpf-pid----379067----pid-1
---ebpf-pid----4716----pid-4716
---ebpf-pid----379067----pid-379067
---ebpf-pid----378284----pid-5476
---ebpf-pid----4716----pid-3323
---ebpf-pid----379067----pid-5476
---ebpf-pid----378284----pid-1
---ebpf-pid----378284----pid-378284
---ebpf-pid----4716----pid-1
---ebpf-pid----379067----pid-1
---ebpf-pid----4716----pid-4716
---ebpf-pid----379067----pid-379067
---ebpf-pid----378284----pid-5476
---ebpf-pid----4716----pid-3323
---ebpf-pid----379067----pid-5476
---ebpf-pid----378284----pid-1
---ebpf-pid----378284----pid-378284
---ebpf-pid----379067----pid-1
---ebpf-pid----4716----pid-1
---ebpf-pid----378284----pid-5476
---ebpf-pid----4716----pid-4716
---ebpf-pid----379067----pid-379067
---ebpf-pid----378284----pid-1
---ebpf-pid----379067----pid-5476
---ebpf-pid----4716----pid-3323
---ebpf-pid----378284----pid-378284
---ebpf-pid----379067----pid-1
---ebpf-pid----4716----pid-1
---ebpf-pid----378284----pid-5476
---ebpf-pid----379067----pid-379067
---ebpf-pid----4716----pid-4716
---ebpf-pid----378284----pid-1
---ebpf-pid----4716----pid-3323
---ebpf-pid----379067----pid-5476
---ebpf-pid----378284----pid-378284
---ebpf-pid----4716----pid-1
---ebpf-pid----379067----pid-1
---ebpf-pid----378284----pid-5476
---ebpf-pid----379067----pid-379067
---ebpf-pid----4716----pid-4716
---ebpf-pid----378284----pid-1
---ebpf-pid----4716----pid-3323
---ebpf-pid----379067----pid-5476
---ebpf-pid----378284----pid-378284
---ebpf-pid----4716----pid-1
---ebpf-pid----379067----pid-1
---ebpf-pid----379067----pid-379067
---ebpf-pid----4716----pid-4716
---ebpf-pid----379067----pid-5476
---ebpf-pid----4716----pid-3323
---ebpf-pid----379067----pid-1
---ebpf-pid----379067----pid-379067
---ebpf-pid----4716----pid-1
---ebpf-pid----4716----pid-4716
---ebpf-pid----379067----pid-5476
---ebpf-pid----4716----pid-3323
---ebpf-pid----379067----pid-1
---ebpf-pid----379067----pid-379067
---ebpf-pid----4716----pid-1
---ebpf-pid----4716----pid-4716
---ebpf-pid----379067----pid-5476
---ebpf-pid----4716----pid-3323
---ebpf-pid----379067----pid-1
---ebpf-pid----379067----pid-379067
---ebpf-pid----4716----pid-1
---ebpf-pid----4716----pid-4716
---ebpf-pid----378284----pid-5476
---ebpf-pid----379067----pid-5476
---ebpf-pid----4716----pid-3323
---ebpf-pid----379067----pid-1
---ebpf-pid----378284----pid-1
---ebpf-pid----379067----pid-379067
---ebpf-pid----378284----pid-378284
---ebpf-pid----4716----pid-1
---ebpf-pid----4716----pid-4716
---ebpf-pid----379067----pid-5476
---ebpf-pid----378284----pid-5476
---ebpf-pid----4716----pid-3323
---ebpf-pid----378284----pid-1
---ebpf-pid----379067----pid-1
---ebpf-pid----378284----pid-378284
---ebpf-pid----379067----pid-379067
---ebpf-pid----4716----pid-1
---ebpf-pid----4716----pid-4716
---ebpf-pid----378284----pid-5476
---ebpf-pid----379067----pid-5476
---ebpf-pid----4716----pid-3323
---ebpf-pid----378284----pid-1
---ebpf-pid----379067----pid-1
---ebpf-pid----378284----pid-378284
---ebpf-pid----379067----pid-379067
---ebpf-pid----4716----pid-1
---ebpf-pid----4716----pid-4716
---ebpf-pid----378284----pid-5476
---ebpf-pid----379067----pid-5476
---ebpf-pid----4716----pid-3323
---ebpf-pid----378284----pid-1
---ebpf-pid----379067----pid-1
---ebpf-pid----378284----pid-378284
---ebpf-pid----379067----pid-379067
---ebpf-pid----4716----pid-1
---ebpf-pid----378284----pid-5476
---ebpf-pid----4716----pid-4716
---ebpf-pid----379067----pid-5476
---ebpf-pid----378284----pid-1
---ebpf-pid----4716----pid-3323
---ebpf-pid----379067----pid-1
---ebpf-pid----378284----pid-378284
---ebpf-pid----379067----pid-379067
---ebpf-pid----4716----pid-1
---ebpf-pid----378284----pid-5476
---ebpf-pid----4716----pid-4716
---ebpf-pid----379067----pid-5476
---ebpf-pid----378284----pid-1
---ebpf-pid----4716----pid-3323
---ebpf-pid----379067----pid-1
---ebpf-pid----378284----pid-378284
---ebpf-pid----379067----pid-379067
---ebpf-pid----4716----pid-1
---ebpf-pid----378284----pid-5476
---ebpf-pid----448782----pid-448782
---ebpf-pid----379067----pid-5476
---ebpf-pid----378284----pid-1
---ebpf-pid----379067----pid-1
---ebpf-pid----378284----pid-378284
---ebpf-pid----379067----pid-379067
---ebpf-pid----378284----pid-5476
---ebpf-pid----379067----pid-5476
---ebpf-pid----378284----pid-1
---ebpf-pid----379067----pid-1
---ebpf-pid----378284----pid-378284
---ebpf-pid----379067----pid-379067
---ebpf-pid----378284----pid-5476
---ebpf-pid----379067----pid-5476
---ebpf-pid----378284----pid-1
---ebpf-pid----378284----pid-378284
---ebpf-pid----379067----pid-1
---ebpf-pid----379067----pid-379067
---ebpf-pid----378284----pid-5476
---ebpf-pid----379067----pid-5476
---ebpf-pid----2089----pid-2089
---ebpf-pid----378284----pid-1
---ebpf-pid----378284----pid-378284
---ebpf-pid----379067----pid-1
---ebpf-pid----379067----pid-379067
---ebpf-pid----2089----pid-1
---ebpf-pid----378284----pid-5476
---ebpf-pid----2089----pid-2089
---ebpf-pid----379067----pid-5476
---ebpf-pid----378284----pid-1
---ebpf-pid----2089----pid-1
---ebpf-pid----378284----pid-378284
---ebpf-pid----379067----pid-1
---ebpf-pid----2089----pid-2089
---ebpf-pid----379067----pid-379067
---ebpf-pid----2089----pid-1
---ebpf-pid----379067----pid-5476
---ebpf-pid----2089----pid-2089
---ebpf-pid----379067----pid-1
---ebpf-pid----2089----pid-1
---ebpf-pid----379067----pid-379067
---ebpf-pid----2089----pid-2089
---ebpf-pid----379067----pid-5476
---ebpf-pid----2089----pid-1
---ebpf-pid----2089----pid-2089
---ebpf-pid----379067----pid-1
---ebpf-pid----379067----pid-379067
---ebpf-pid----2089----pid-1
---ebpf-pid----379067----pid-5476
---ebpf-pid----2089----pid-2089
---ebpf-pid----379067----pid-1
---ebpf-pid----2089----pid-1
---ebpf-pid----379067----pid-379067
---ebpf-pid----2089----pid-2089
---ebpf-pid----379067----pid-5476
---ebpf-pid----2089----pid-1
---ebpf-pid----2089----pid-2089
---ebpf-pid----379067----pid-1
---ebpf-pid----379067----pid-379067
---ebpf-pid----2089----pid-1
---ebpf-pid----379067----pid-5476
---ebpf-pid----2089----pid-2089
---ebpf-pid----379067----pid-1
---ebpf-pid----2089----pid-1
---ebpf-pid----379067----pid-379067
---ebpf-pid----2089----pid-2089
---ebpf-pid----379067----pid-5476
---ebpf-pid----2089----pid-1
---ebpf-pid----2094----pid-2094
---ebpf-pid----379067----pid-1
---ebpf-pid----379067----pid-379067
---ebpf-pid----2094----pid-1
---ebpf-pid----2094----pid-2094
---ebpf-pid----379067----pid-5476
---ebpf-pid----2094----pid-1
---ebpf-pid----379067----pid-1
---ebpf-pid----379067----pid-379067
---ebpf-pid----2094----pid-2094
---ebpf-pid----379067----pid-5476
---ebpf-pid----2094----pid-1
---ebpf-pid----2094----pid-2094
---ebpf-pid----379067----pid-1
---ebpf-pid----379067----pid-379067
---ebpf-pid----2094----pid-1
---ebpf-pid----379067----pid-5476
---ebpf-pid----2094----pid-2094
---ebpf-pid----379067----pid-1
---ebpf-pid----2094----pid-1
---ebpf-pid----379067----pid-379067
---ebpf-pid----2094----pid-2094
---ebpf-pid----379067----pid-5476
---ebpf-pid----379067----pid-1
---ebpf-pid----379067----pid-379067
---ebpf-pid----379067----pid-5476
---ebpf-pid----379067----pid-1
---ebpf-pid----379067----pid-379067
---ebpf-pid----379067----pid-5476
---ebpf-pid----448782----pid-448520
---ebpf-pid----379067----pid-1
---ebpf-pid----448782----pid-1
---ebpf-pid----379067----pid-379067
---ebpf-pid----379067----pid-5476
---ebpf-pid----379067----pid-1
---ebpf-pid----379067----pid-379067
---ebpf-pid----379067----pid-5476
---ebpf-pid----379067----pid-1
---ebpf-pid----379067----pid-379067
---ebpf-pid----379067----pid-5476
---ebpf-pid----379067----pid-1
---ebpf-pid----379067----pid-379067
---ebpf-pid----379067----pid-5476
---ebpf-pid----379067----pid-1
---ebpf-pid----379067----pid-379067
---ebpf-pid----379067----pid-5476
---ebpf-pid----379067----pid-1
---ebpf-pid----379067----pid-379067
---ebpf-pid----448782----pid-448782
---ebpf-pid----448782----pid-448520
---ebpf-pid----448782----pid-1
---ebpf-pid----448782----pid-448782
---ebpf-pid----448782----pid-448520
---ebpf-pid----448782----pid-1
---ebpf-pid----448782----pid-448782
---ebpf-pid----448782----pid-448520
---ebpf-pid----448782----pid-1
---ebpf-pid----448782----pid-448782
---ebpf-pid----448782----pid-448520
---ebpf-pid----448782----pid-1
---ebpf-pid----448785----pid-448785
---ebpf-pid----448785----pid-448520
---ebpf-pid----448785----pid-1
---ebpf-pid----448785----pid-448785
---ebpf-pid----448785----pid-448520
---ebpf-pid----448785----pid-1
---ebpf-pid----448785----pid-448785
---ebpf-pid----448785----pid-448520
---ebpf-pid----448785----pid-1
---ebpf-pid----448785----pid-448785
---ebpf-pid----448785----pid-448520
---ebpf-pid----448785----pid-1
---ebpf-pid----448785----pid-448785
---ebpf-pid----448785----pid-448520
---ebpf-pid----448785----pid-1
---ebpf-pid----448785----pid-448785
---ebpf-pid----448785----pid-448520
---ebpf-pid----448785----pid-1
---ebpf-pid----448785----pid-448785
---ebpf-pid----448785----pid-448520
---ebpf-pid----448785----pid-1
---ebpf-pid----448785----pid-448785
---ebpf-pid----448785----pid-448520
---ebpf-pid----448785----pid-1
---ebpf-pid----448785----pid-448785
---ebpf-pid----448785----pid-448520
---ebpf-pid----448785----pid-1
---ebpf-pid----448785----pid-448785
---ebpf-pid----448785----pid-448520
---ebpf-pid----448785----pid-1
---ebpf-pid----448785----pid-448785
---ebpf-pid----448785----pid-448520
---ebpf-pid----448785----pid-1
---ebpf-pid----448785----pid-448785
---ebpf-pid----448785----pid-448520
---ebpf-pid----448785----pid-1
---ebpf-pid----448785----pid-448785
---ebpf-pid----448785----pid-448520
---ebpf-pid----448785----pid-1
---ebpf-pid----448785----pid-448785
---ebpf-pid----448785----pid-448520
---ebpf-pid----448785----pid-1
---ebpf-pid----448785----pid-448785
---ebpf-pid----448785----pid-448520
---ebpf-pid----448785----pid-1
---ebpf-pid----448785----pid-448785
---ebpf-pid----448785----pid-448520
---ebpf-pid----448785----pid-1
---ebpf-pid----372881----pid-372881
---ebpf-pid----372881----pid-1
---ebpf-pid----372881----pid-372881
---ebpf-pid----2094----pid-1
---ebpf-pid----2094----pid-2094
---ebpf-pid----372881----pid-1
---ebpf-pid----372881----pid-372881
---ebpf-pid----2094----pid-1
---ebpf-pid----2094----pid-2094
---ebpf-pid----372881----pid-1
---ebpf-pid----372881----pid-372881
---ebpf-pid----2094----pid-1
---ebpf-pid----2094----pid-2094
---ebpf-pid----372881----pid-1
---ebpf-pid----372881----pid-372881
---ebpf-pid----2094----pid-1
---ebpf-pid----2094----pid-2094
---ebpf-pid----372881----pid-1
---ebpf-pid----372881----pid-372881
---ebpf-pid----2094----pid-1
---ebpf-pid----2094----pid-2094
---ebpf-pid----372881----pid-1
---ebpf-pid----372881----pid-372881
---ebpf-pid----2094----pid-1
---ebpf-pid----2094----pid-2094
---ebpf-pid----372881----pid-1
---ebpf-pid----372881----pid-372881
---ebpf-pid----2094----pid-1
---ebpf-pid----2094----pid-2094
---ebpf-pid----372881----pid-1
---ebpf-pid----372881----pid-372881
---ebpf-pid----2094----pid-1
---ebpf-pid----2094----pid-2094
---ebpf-pid----372881----pid-1
---ebpf-pid----372881----pid-372881
---ebpf-pid----2094----pid-1
---ebpf-pid----2094----pid-2094
---ebpf-pid----372881----pid-1
---ebpf-pid----372881----pid-372881
---ebpf-pid----2094----pid-1
---ebpf-pid----2094----pid-2094
---ebpf-pid----372881----pid-1
---ebpf-pid----372881----pid-372881
---ebpf-pid----2094----pid-1
---ebpf-pid----2089----pid-2089
---ebpf-pid----372881----pid-1
---ebpf-pid----372881----pid-372881
---ebpf-pid----2089----pid-1
---ebpf-pid----2089----pid-2089
---ebpf-pid----372881----pid-1
---ebpf-pid----372881----pid-372881
---ebpf-pid----2089----pid-1
---ebpf-pid----2089----pid-2089
---ebpf-pid----372881----pid-1
---ebpf-pid----372881----pid-372881
---ebpf-pid----2089----pid-1
---ebpf-pid----2089----pid-2089
---ebpf-pid----372881----pid-1
---ebpf-pid----372881----pid-372881
---ebpf-pid----2089----pid-1
---ebpf-pid----372881----pid-1
---ebpf-pid----2089----pid-2089
---ebpf-pid----372881----pid-372881
---ebpf-pid----2089----pid-1
---ebpf-pid----372881----pid-1
---ebpf-pid----2089----pid-2089
---ebpf-pid----372881----pid-372881
---ebpf-pid----2089----pid-1
---ebpf-pid----372881----pid-1
---ebpf-pid----2089----pid-2089
---ebpf-pid----372881----pid-372881
---ebpf-pid----2089----pid-1
---ebpf-pid----2089----pid-2089
---ebpf-pid----372881----pid-1
---ebpf-pid----372881----pid-372881
---ebpf-pid----2089----pid-1
---ebpf-pid----2089----pid-2089
---ebpf-pid----2089----pid-1
---ebpf-pid----372881----pid-1
---ebpf-pid----2089----pid-2089
---ebpf-pid----372881----pid-372881
---ebpf-pid----378284----pid-5476
---ebpf-pid----2089----pid-1
---ebpf-pid----372881----pid-1
---ebpf-pid----2089----pid-2089
---ebpf-pid----372881----pid-372881
---ebpf-pid----378284----pid-1
---ebpf-pid----378284----pid-378284
---ebpf-pid----372881----pid-1
---ebpf-pid----372881----pid-372881
---ebpf-pid----2089----pid-1
---ebpf-pid----378284----pid-5476
---ebpf-pid----372881----pid-1
---ebpf-pid----2089----pid-2089
---ebpf-pid----372881----pid-372881
---ebpf-pid----378284----pid-1
---ebpf-pid----2089----pid-1
---ebpf-pid----378284----pid-378284
---ebpf-pid----372881----pid-1
---ebpf-pid----2089----pid-2089
---ebpf-pid----372881----pid-372881
---ebpf-pid----378284----pid-5476
---ebpf-pid----2089----pid-1
---ebpf-pid----372881----pid-1
---ebpf-pid----2089----pid-2089
---ebpf-pid----378284----pid-1
---ebpf-pid----372881----pid-372881
---ebpf-pid----378284----pid-378284
---ebpf-pid----2089----pid-1
---ebpf-pid----2089----pid-2089
---ebpf-pid----378284----pid-5476
---ebpf-pid----372881----pid-1
---ebpf-pid----372881----pid-372881
---ebpf-pid----2089----pid-1
---ebpf-pid----378284----pid-1
---ebpf-pid----2089----pid-2089
---ebpf-pid----378284----pid-378284
---ebpf-pid----2089----pid-1
---ebpf-pid----2089----pid-2089
---ebpf-pid----372881----pid-1
---ebpf-pid----372881----pid-372881
---ebpf-pid----378284----pid-5476
---ebpf-pid----2089----pid-1
---ebpf-pid----2089----pid-2089
---ebpf-pid----378284----pid-1
---ebpf-pid----372881----pid-1
---ebpf-pid----378284----pid-378284
---ebpf-pid----372881----pid-372881
---ebpf-pid----2089----pid-1
---ebpf-pid----2089----pid-2089
---ebpf-pid----378284----pid-5476
---ebpf-pid----372881----pid-1
---ebpf-pid----372881----pid-372881
---ebpf-pid----2089----pid-1
---ebpf-pid----378284----pid-1
---ebpf-pid----2089----pid-2089
---ebpf-pid----378284----pid-378284
---ebpf-pid----372881----pid-1
---ebpf-pid----372881----pid-372881
---ebpf-pid----2089----pid-1
---ebpf-pid----378284----pid-5476
---ebpf-pid----2089----pid-2089
---ebpf-pid----372881----pid-1
---ebpf-pid----372881----pid-372881
---ebpf-pid----378284----pid-1
---ebpf-pid----2089----pid-1
---ebpf-pid----378284----pid-378284
---ebpf-pid----2089----pid-2089
---ebpf-pid----372881----pid-1
---ebpf-pid----372881----pid-372881
---ebpf-pid----2089----pid-1
---ebpf-pid----2089----pid-2089
---ebpf-pid----372881----pid-1
---ebpf-pid----372881----pid-372881
---ebpf-pid----2089----pid-1
---ebpf-pid----2089----pid-2089
---ebpf-pid----372881----pid-1
---ebpf-pid----2089----pid-1
---ebpf-pid----372881----pid-372881
---ebpf-pid----2089----pid-2089
---ebpf-pid----372881----pid-1
---ebpf-pid----372881----pid-372881
---ebpf-pid----2089----pid-1
---ebpf-pid----2089----pid-2089
---ebpf-pid----372881----pid-1
---ebpf-pid----2089----pid-1
---ebpf-pid----372881----pid-372881
---ebpf-pid----2089----pid-2089
---ebpf-pid----372881----pid-1
---ebpf-pid----2089----pid-1
---ebpf-pid----372881----pid-372881
---ebpf-pid----2089----pid-2089
---ebpf-pid----372881----pid-1
---ebpf-pid----2089----pid-1
---ebpf-pid----372881----pid-372881
---ebpf-pid----2089----pid-2089
---ebpf-pid----2089----pid-1
---ebpf-pid----2089----pid-2089
---ebpf-pid----372881----pid-1
---ebpf-pid----2089----pid-1
---ebpf-pid----372881----pid-372881
---ebpf-pid----2089----pid-2089
---ebpf-pid----379067----pid-5476
---ebpf-pid----372881----pid-1
---ebpf-pid----2089----pid-1
---ebpf-pid----372881----pid-372881
---ebpf-pid----2089----pid-2089
---ebpf-pid----379067----pid-1
---ebpf-pid----379067----pid-379067
---ebpf-pid----372881----pid-1
---ebpf-pid----2089----pid-1
---ebpf-pid----372881----pid-372881
---ebpf-pid----2089----pid-2089
---ebpf-pid----379067----pid-5476
---ebpf-pid----372881----pid-1
---ebpf-pid----2089----pid-1
---ebpf-pid----372881----pid-372881
---ebpf-pid----379067----pid-1
---ebpf-pid----2089----pid-2089
---ebpf-pid----379067----pid-379067
---ebpf-pid----372881----pid-1
---ebpf-pid----2089----pid-1
---ebpf-pid----372881----pid-372881
---ebpf-pid----379067----pid-5476
---ebpf-pid----2089----pid-2089
---ebpf-pid----372881----pid-1
---ebpf-pid----2089----pid-1
---ebpf-pid----372881----pid-372881
---ebpf-pid----379067----pid-1
---ebpf-pid----2089----pid-2089
---ebpf-pid----379067----pid-379067
---ebpf-pid----372881----pid-1
---ebpf-pid----2089----pid-1
---ebpf-pid----372881----pid-372881
---ebpf-pid----379067----pid-5476
---ebpf-pid----2089----pid-2089
---ebpf-pid----372881----pid-1
---ebpf-pid----379067----pid-1
---ebpf-pid----2089----pid-1
---ebpf-pid----372881----pid-372881
---ebpf-pid----379067----pid-379067
---ebpf-pid----2089----pid-2089
---ebpf-pid----372881----pid-1
---ebpf-pid----379067----pid-5476
---ebpf-pid----372881----pid-372881
---ebpf-pid----2089----pid-1
---ebpf-pid----2089----pid-2089
---ebpf-pid----379067----pid-1
---ebpf-pid----372881----pid-1
---ebpf-pid----379067----pid-379067
---ebpf-pid----372881----pid-372881
---ebpf-pid----2089----pid-1
---ebpf-pid----2089----pid-2089
---ebpf-pid----379067----pid-5476
---ebpf-pid----372881----pid-1
---ebpf-pid----2089----pid-1
---ebpf-pid----372881----pid-372881
---ebpf-pid----379067----pid-1
---ebpf-pid----2089----pid-2089
---ebpf-pid----379067----pid-379067
---ebpf-pid----372881----pid-1
---ebpf-pid----2089----pid-1
---ebpf-pid----372881----pid-372881
---ebpf-pid----379067----pid-5476
---ebpf-pid----2089----pid-2089
---ebpf-pid----372881----pid-1
---ebpf-pid----379067----pid-1
---ebpf-pid----2089----pid-1
---ebpf-pid----372881----pid-372881
---ebpf-pid----379067----pid-379067
---ebpf-pid----2089----pid-2089
---ebpf-pid----372881----pid-1
---ebpf-pid----378284----pid-5476
---ebpf-pid----372881----pid-372881
---ebpf-pid----2089----pid-1
---ebpf-pid----2089----pid-2089
---ebpf-pid----378284----pid-1
---ebpf-pid----372881----pid-1
---ebpf-pid----378284----pid-378284
---ebpf-pid----2089----pid-1
---ebpf-pid----372881----pid-372881
---ebpf-pid----2089----pid-2089
---ebpf-pid----378284----pid-5476
---ebpf-pid----372881----pid-1
---ebpf-pid----2089----pid-1
---ebpf-pid----372881----pid-372881
---ebpf-pid----2089----pid-2089
---ebpf-pid----378284----pid-1
---ebpf-pid----378284----pid-378284
---ebpf-pid----372881----pid-1
---ebpf-pid----2089----pid-1
---ebpf-pid----372881----pid-372881
---ebpf-pid----2089----pid-2089
---ebpf-pid----378284----pid-5476
---ebpf-pid----372881----pid-1
---ebpf-pid----2089----pid-1
---ebpf-pid----372881----pid-372881
---ebpf-pid----378284----pid-1
---ebpf-pid----2089----pid-2089
---ebpf-pid----378284----pid-378284
---ebpf-pid----372881----pid-1
---ebpf-pid----2089----pid-1
---ebpf-pid----372881----pid-372881
---ebpf-pid----378284----pid-5476
---ebpf-pid----2089----pid-2089
---ebpf-pid----372881----pid-1
---ebpf-pid----378284----pid-1
---ebpf-pid----2089----pid-1
---ebpf-pid----372881----pid-372881
---ebpf-pid----378284----pid-378284
---ebpf-pid----2089----pid-2089
---ebpf-pid----372881----pid-1
---ebpf-pid----378284----pid-5476
---ebpf-pid----372881----pid-372881
---ebpf-pid----378284----pid-1
---ebpf-pid----378284----pid-378284
---ebpf-pid----372881----pid-1
---ebpf-pid----372881----pid-372881
---ebpf-pid----378284----pid-5476
---ebpf-pid----372881----pid-1
---ebpf-pid----372881----pid-372881
---ebpf-pid----378284----pid-1
---ebpf-pid----378284----pid-378284
---ebpf-pid----372881----pid-1
---ebpf-pid----372881----pid-372881
---ebpf-pid----378284----pid-5476
---ebpf-pid----372881----pid-1
---ebpf-pid----378284----pid-1
---ebpf-pid----372881----pid-372881
---ebpf-pid----378284----pid-378284
---ebpf-pid----372881----pid-1
---ebpf-pid----378284----pid-5476
---ebpf-pid----372881----pid-372881
---ebpf-pid----372881----pid-1
---ebpf-pid----378284----pid-1
---ebpf-pid----372881----pid-372881
---ebpf-pid----378284----pid-378284
---ebpf-pid----372881----pid-1
---ebpf-pid----372881----pid-372881
---ebpf-pid----378284----pid-5476
---ebpf-pid----372881----pid-1
---ebpf-pid----378284----pid-1
---ebpf-pid----372881----pid-372881
---ebpf-pid----378284----pid-378284
---ebpf-pid----372881----pid-1
---ebpf-pid----378284----pid-5476
---ebpf-pid----372881----pid-372881
---ebpf-pid----372881----pid-1
---ebpf-pid----378284----pid-1
---ebpf-pid----372881----pid-372881
---ebpf-pid----378284----pid-378284
---ebpf-pid----372881----pid-1
---ebpf-pid----378284----pid-5476
---ebpf-pid----372881----pid-372881
---ebpf-pid----372881----pid-1
---ebpf-pid----378284----pid-1
---ebpf-pid----372881----pid-372881
---ebpf-pid----378284----pid-378284
---ebpf-pid----372881----pid-1
---ebpf-pid----378284----pid-5476
---ebpf-pid----372881----pid-372881
---ebpf-pid----372881----pid-1
---ebpf-pid----378284----pid-1
---ebpf-pid----372881----pid-372881
---ebpf-pid----378284----pid-378284
---ebpf-pid----372881----pid-1
---ebpf-pid----378284----pid-5476
---ebpf-pid----372881----pid-372881
---ebpf-pid----378284----pid-1
---ebpf-pid----372881----pid-1
---ebpf-pid----372881----pid-372881
---ebpf-pid----378284----pid-378284
---ebpf-pid----372881----pid-1
---ebpf-pid----378284----pid-5476
---ebpf-pid----372881----pid-372881
---ebpf-pid----378284----pid-1
---ebpf-pid----372881----pid-1
---ebpf-pid----378284----pid-378284
---ebpf-pid----372881----pid-372881
---ebpf-pid----378284----pid-5476
---ebpf-pid----372881----pid-1
---ebpf-pid----372881----pid-372881
---ebpf-pid----378284----pid-1
---ebpf-pid----378284----pid-378284
---ebpf-pid----372881----pid-1
---ebpf-pid----372881----pid-372881
---ebpf-pid----378284----pid-5476
---ebpf-pid----372881----pid-1
---ebpf-pid----378284----pid-1
---ebpf-pid----372881----pid-372881
---ebpf-pid----378284----pid-378284
---ebpf-pid----372881----pid-1
---ebpf-pid----378284----pid-5476
---ebpf-pid----372881----pid-372881
---ebpf-pid----378284----pid-1
---ebpf-pid----378284----pid-378284
---ebpf-pid----378284----pid-5476
---ebpf-pid----378284----pid-1
---ebpf-pid----378284----pid-378284
---ebpf-pid----378284----pid-5476
---ebpf-pid----378284----pid-1
---ebpf-pid----378284----pid-378284
---ebpf-pid----378284----pid-5476
---ebpf-pid----378284----pid-1
---ebpf-pid----378284----pid-378284
---ebpf-pid----378284----pid-5476
---ebpf-pid----378284----pid-1
---ebpf-pid----378284----pid-378284
---ebpf-pid----379067----pid-5476
---ebpf-pid----379067----pid-1
---ebpf-pid----379067----pid-379067
---ebpf-pid----379067----pid-5476
---ebpf-pid----379067----pid-1
---ebpf-pid----379067----pid-379067
---ebpf-pid----379067----pid-5476
---ebpf-pid----379067----pid-1
---ebpf-pid----379067----pid-379067
---ebpf-pid----379067----pid-5476
---ebpf-pid----379067----pid-1
---ebpf-pid----379067----pid-379067
---ebpf-pid----379067----pid-5476
---ebpf-pid----379067----pid-1
---ebpf-pid----379067----pid-379067
---ebpf-pid----379067----pid-5476
---ebpf-pid----379067----pid-1
---ebpf-pid----379067----pid-379067
---ebpf-pid----379067----pid-5476
---ebpf-pid----379067----pid-1
---ebpf-pid----379067----pid-379067
---ebpf-pid----379067----pid-5476
---ebpf-pid----379067----pid-1
---ebpf-pid----379067----pid-379067
---ebpf-pid----379067----pid-5476
---ebpf-pid----379067----pid-1
---ebpf-pid----379067----pid-379067
---ebpf-pid----379067----pid-5476
---ebpf-pid----379067----pid-1
---ebpf-pid----379067----pid-379067
---ebpf-pid----379067----pid-5476
---ebpf-pid----379067----pid-1
---ebpf-pid----379067----pid-379067
---ebpf-pid----379067----pid-5476
---ebpf-pid----379067----pid-1
---ebpf-pid----379067----pid-379067
---ebpf-pid----379067----pid-5476
---ebpf-pid----379067----pid-1
---ebpf-pid----379067----pid-379067
---ebpf-pid----379067----pid-5476
---ebpf-pid----379067----pid-1
---ebpf-pid----379067----pid-379067
---ebpf-pid----379067----pid-5476
---ebpf-pid----379067----pid-1
---ebpf-pid----379067----pid-379067
---ebpf-pid----379067----pid-5476
---ebpf-pid----379067----pid-1
---ebpf-pid----379067----pid-379067
---ebpf-pid----379067----pid-5476
---ebpf-pid----372881----pid-1
---ebpf-pid----372881----pid-372881
---ebpf-pid----372881----pid-1
---ebpf-pid----372881----pid-372881
---ebpf-pid----372881----pid-1
---ebpf-pid----372881----pid-372881
---ebpf-pid----378284----pid-5476
---ebpf-pid----372881----pid-1
---ebpf-pid----378284----pid-1
---ebpf-pid----372881----pid-372881
---ebpf-pid----378284----pid-378284
---ebpf-pid----372881----pid-1
---ebpf-pid----372881----pid-372881
---ebpf-pid----378284----pid-5476
---ebpf-pid----372881----pid-1
---ebpf-pid----378284----pid-1
---ebpf-pid----372881----pid-372881
---ebpf-pid----378284----pid-378284
---ebpf-pid----372881----pid-1
---ebpf-pid----378284----pid-5476
---ebpf-pid----372881----pid-372881
---ebpf-pid----378284----pid-1
---ebpf-pid----372881----pid-1
---ebpf-pid----372881----pid-372881
---ebpf-pid----378284----pid-378284
---ebpf-pid----372881----pid-1
---ebpf-pid----378284----pid-5476
---ebpf-pid----372881----pid-372881
---ebpf-pid----372881----pid-1
---ebpf-pid----378284----pid-1
---ebpf-pid----372881----pid-372881
---ebpf-pid----372881----pid-1
---ebpf-pid----378284----pid-378284
---ebpf-pid----372881----pid-372881
---ebpf-pid----378284----pid-5476
---ebpf-pid----372881----pid-1
---ebpf-pid----372881----pid-372881
---ebpf-pid----378284----pid-1
---ebpf-pid----372881----pid-1
---ebpf-pid----378284----pid-378284
---ebpf-pid----372881----pid-372881
---ebpf-pid----378284----pid-5476
---ebpf-pid----372881----pid-1
---ebpf-pid----372881----pid-372881
---ebpf-pid----378284----pid-1
---ebpf-pid----378284----pid-378284
---ebpf-pid----378284----pid-5476
---ebpf-pid----378284----pid-1
---ebpf-pid----378284----pid-378284
---ebpf-pid----378284----pid-5476
---ebpf-pid----379067----pid-1
---ebpf-pid----379067----pid-379067
---ebpf-pid----378284----pid-1
---ebpf-pid----378284----pid-378284
---ebpf-pid----379067----pid-5476
---ebpf-pid----378284----pid-5476
---ebpf-pid----379067----pid-1
---ebpf-pid----379067----pid-379067
---ebpf-pid----378284----pid-1
---ebpf-pid----378284----pid-378284
---ebpf-pid----379067----pid-5476
---ebpf-pid----378284----pid-5476
---ebpf-pid----378284----pid-1
---ebpf-pid----378284----pid-378284
---ebpf-pid----378284----pid-5476
---ebpf-pid----378284----pid-1
---ebpf-pid----378284----pid-378284
---ebpf-pid----379067----pid-1
---ebpf-pid----379067----pid-379067
---ebpf-pid----378284----pid-5476
---ebpf-pid----379067----pid-5476
---ebpf-pid----378284----pid-1
---ebpf-pid----378284----pid-378284
---ebpf-pid----379067----pid-1
---ebpf-pid----379067----pid-379067
---ebpf-pid----378284----pid-5476
---ebpf-pid----379067----pid-5476
---ebpf-pid----378284----pid-1
---ebpf-pid----379067----pid-1
---ebpf-pid----378284----pid-378284
---ebpf-pid----379067----pid-379067
---ebpf-pid----379067----pid-5476
---ebpf-pid----378284----pid-5476
---ebpf-pid----379067----pid-1
---ebpf-pid----378284----pid-1
---ebpf-pid----379067----pid-379067
---ebpf-pid----378284----pid-378284
---ebpf-pid----379067----pid-5476
---ebpf-pid----378284----pid-5476
---ebpf-pid----379067----pid-1
---ebpf-pid----379067----pid-379067
---ebpf-pid----378284----pid-1
---ebpf-pid----378284----pid-378284
---ebpf-pid----379067----pid-5476
---ebpf-pid----378284----pid-5476
---ebpf-pid----379067----pid-1
---ebpf-pid----379067----pid-379067
---ebpf-pid----378284----pid-1
---ebpf-pid----379067----pid-5476
---ebpf-pid----378284----pid-378284
---ebpf-pid----379067----pid-1
---ebpf-pid----378284----pid-5476
---ebpf-pid----379067----pid-379067
---ebpf-pid----379067----pid-5476
---ebpf-pid----378284----pid-1
---ebpf-pid----378284----pid-378284
---ebpf-pid----379067----pid-1
---ebpf-pid----379067----pid-379067
---ebpf-pid----378284----pid-5476
---ebpf-pid----2089----pid-1
---ebpf-pid----2089----pid-2089
---ebpf-pid----2089----pid-1
---ebpf-pid----378284----pid-1
---ebpf-pid----2089----pid-2089
---ebpf-pid----378284----pid-378284
---ebpf-pid----2089----pid-1
---ebpf-pid----378284----pid-5476
---ebpf-pid----2089----pid-2089
---ebpf-pid----378284----pid-1
---ebpf-pid----2089----pid-1
---ebpf-pid----378284----pid-378284
---ebpf-pid----2089----pid-2089
---ebpf-pid----378284----pid-5476
---ebpf-pid----2089----pid-1
---ebpf-pid----2089----pid-2089
---ebpf-pid----378284----pid-1
---ebpf-pid----2089----pid-1
---ebpf-pid----378284----pid-378284
---ebpf-pid----2089----pid-2089
---ebpf-pid----378284----pid-5476
---ebpf-pid----2089----pid-1
---ebpf-pid----2089----pid-2089
---ebpf-pid----378284----pid-1
---ebpf-pid----2089----pid-1
---ebpf-pid----378284----pid-378284
---ebpf-pid----2089----pid-2089
---ebpf-pid----378284----pid-5476
---ebpf-pid----2089----pid-1
---ebpf-pid----2089----pid-2089
---ebpf-pid----378284----pid-1
---ebpf-pid----378284----pid-378284
---ebpf-pid----2089----pid-1
---ebpf-pid----2089----pid-2089
---ebpf-pid----378284----pid-5476
---ebpf-pid----2089----pid-1
---ebpf-pid----378284----pid-1
---ebpf-pid----2089----pid-2089
---ebpf-pid----2089----pid-1
---ebpf-pid----2089----pid-2089
---ebpf-pid----2089----pid-1
---ebpf-pid----2089----pid-2089
---ebpf-pid----2089----pid-1
---ebpf-pid----2089----pid-2089
---ebpf-pid----2089----pid-1
---ebpf-pid----2089----pid-2089
---ebpf-pid----2089----pid-1
---ebpf-pid----2089----pid-2089
---ebpf-pid----2089----pid-1
---ebpf-pid----2089----pid-2089
---ebpf-pid----2089----pid-1
---ebpf-pid----2089----pid-2089
---ebpf-pid----2089----pid-1
---ebpf-pid----2089----pid-2089
---ebpf-pid----2089----pid-1
---ebpf-pid----2089----pid-2089
---ebpf-pid----2089----pid-1
---ebpf-pid----2089----pid-2089
---ebpf-pid----2089----pid-1
---ebpf-pid----372881----pid-1
---ebpf-pid----2089----pid-2089
---ebpf-pid----2089----pid-1
---ebpf-pid----372881----pid-372881
---ebpf-pid----2089----pid-2089
---ebpf-pid----2089----pid-1
---ebpf-pid----2089----pid-2089
---ebpf-pid----372881----pid-1
---ebpf-pid----372881----pid-372881
---ebpf-pid----2089----pid-1
---ebpf-pid----2089----pid-2089
---ebpf-pid----372881----pid-1
---ebpf-pid----372881----pid-372881
---ebpf-pid----2089----pid-1
---ebpf-pid----2089----pid-2089
---ebpf-pid----372881----pid-1
---ebpf-pid----372881----pid-372881
---ebpf-pid----2089----pid-1
---ebpf-pid----2089----pid-2089
---ebpf-pid----372881----pid-1
---ebpf-pid----2089----pid-1
---ebpf-pid----372881----pid-372881
---ebpf-pid----2089----pid-2089
---ebpf-pid----372881----pid-1
---ebpf-pid----2089----pid-1
---ebpf-pid----372881----pid-372881
---ebpf-pid----2089----pid-2089
---ebpf-pid----372881----pid-1
---ebpf-pid----2089----pid-1
---ebpf-pid----372881----pid-372881
---ebpf-pid----2089----pid-2089
---ebpf-pid----372881----pid-1
---ebpf-pid----2089----pid-1
---ebpf-pid----372881----pid-372881
---ebpf-pid----2089----pid-2089
---ebpf-pid----372881----pid-1
---ebpf-pid----372881----pid-372881
---ebpf-pid----372881----pid-1
---ebpf-pid----372881----pid-372881
---ebpf-pid----372881----pid-1
---ebpf-pid----372881----pid-372881
---ebpf-pid----372881----pid-1
---ebpf-pid----372881----pid-372881
---ebpf-pid----2089----pid-1
---ebpf-pid----2089----pid-2089
---ebpf-pid----2089----pid-1
---ebpf-pid----2089----pid-2089
---ebpf-pid----2089----pid-1
---ebpf-pid----2089----pid-2089
---ebpf-pid----2089----pid-1
---ebpf-pid----2089----pid-2089
---ebpf-pid----2089----pid-1
---ebpf-pid----2089----pid-2089
---ebpf-pid----372881----pid-1
---ebpf-pid----372881----pid-372881
---ebpf-pid----372881----pid-1
---ebpf-pid----379067----pid-5476
---ebpf-pid----379067----pid-1
---ebpf-pid----379067----pid-379067
---ebpf-pid----379067----pid-5476
---ebpf-pid----379067----pid-1
---ebpf-pid----379067----pid-379067
---ebpf-pid----379067----pid-5476
---ebpf-pid----379067----pid-1
---ebpf-pid----379067----pid-379067
---ebpf-pid----379067----pid-5476
---ebpf-pid----379067----pid-1
---ebpf-pid----379067----pid-379067
---ebpf-pid----379067----pid-5476
---ebpf-pid----379067----pid-1
---ebpf-pid----379067----pid-379067
---ebpf-pid----379067----pid-5476
---ebpf-pid----379067----pid-1
---ebpf-pid----379067----pid-379067
---ebpf-pid----379067----pid-5476
---ebpf-pid----379067----pid-1
---ebpf-pid----379067----pid-379067
---ebpf-pid----379067----pid-5476
---ebpf-pid----379067----pid-1
---ebpf-pid----379067----pid-379067
---ebpf-pid----379067----pid-5476
---ebpf-pid----379067----pid-1
---ebpf-pid----379067----pid-379067
---ebpf-pid----379067----pid-5476
---ebpf-pid----379067----pid-1
---ebpf-pid----379067----pid-379067
---ebpf-pid----379067----pid-5476
---ebpf-pid----379067----pid-1
---ebpf-pid----378284----pid-378284
---ebpf-pid----378284----pid-5476
---ebpf-pid----378284----pid-1
---ebpf-pid----378284----pid-378284
---ebpf-pid----378284----pid-5476
---ebpf-pid----378284----pid-1
---ebpf-pid----378284----pid-378284
---ebpf-pid----378284----pid-5476
---ebpf-pid----378284----pid-378284
---ebpf-pid----378284----pid-5476
---ebpf-pid----378284----pid-1
---ebpf-pid----378284----pid-378284
---ebpf-pid----378284----pid-5476
---ebpf-pid----378284----pid-1
---ebpf-pid----378284----pid-378284
---ebpf-pid----378284----pid-5476
---ebpf-pid----378284----pid-1
---ebpf-pid----378284----pid-378284
---ebpf-pid----378284----pid-5476
---ebpf-pid----378284----pid-1
---ebpf-pid----378284----pid-378284
---ebpf-pid----378284----pid-5476
---ebpf-pid----378284----pid-1
---ebpf-pid----378284----pid-378284
---ebpf-pid----378284----pid-5476
---ebpf-pid----378284----pid-1
---ebpf-pid----378284----pid-378284
---ebpf-pid----378284----pid-1
---ebpf-pid----378284----pid-5476
---ebpf-pid----378284----pid-378284
---ebpf-pid----378284----pid-1
---ebpf-pid----378284----pid-5476
---ebpf-pid----378284----pid-378284
---ebpf-pid----378284----pid-1
---ebpf-pid----378284----pid-5476
---ebpf-pid----379067----pid-379067
---ebpf-pid----378284----pid-1
---ebpf-pid----379067----pid-5476
---ebpf-pid----378284----pid-378284
---ebpf-pid----379067----pid-1
---ebpf-pid----378284----pid-5476
---ebpf-pid----379067----pid-379067
---ebpf-pid----378284----pid-1
---ebpf-pid----379067----pid-5476
---ebpf-pid----378284----pid-378284
---ebpf-pid----379067----pid-1
---ebpf-pid----378284----pid-5476
---ebpf-pid----379067----pid-379067
---ebpf-pid----378284----pid-1
---ebpf-pid----378284----pid-378284
---ebpf-pid----379067----pid-5476
---ebpf-pid----372881----pid-372881
---ebpf-pid----372881----pid-1
---ebpf-pid----372881----pid-372881
---ebpf-pid----2089----pid-1
---ebpf-pid----2089----pid-2089
---ebpf-pid----2089----pid-1
---ebpf-pid----2089----pid-2089
---ebpf-pid----2089----pid-1
---ebpf-pid----372881----pid-1
---ebpf-pid----372881----pid-372881
---ebpf-pid----372881----pid-1
---ebpf-pid----372881----pid-372881
---ebpf-pid----372881----pid-1
---ebpf-pid----372881----pid-372881
---ebpf-pid----372881----pid-1
---ebpf-pid----372881----pid-372881
---ebpf-pid----372881----pid-1
---ebpf-pid----372881----pid-372881
---ebpf-pid----372881----pid-1
---ebpf-pid----372881----pid-372881
---ebpf-pid----372881----pid-1
---ebpf-pid----372881----pid-372881
---ebpf-pid----372881----pid-1
---ebpf-pid----372881----pid-372881
---ebpf-pid----372881----pid-1
---ebpf-pid----372881----pid-372881
---ebpf-pid----372881----pid-1
---ebpf-pid----372881----pid-372881
---ebpf-pid----372881----pid-1
---ebpf-pid----372881----pid-372881
---ebpf-pid----372881----pid-1
---ebpf-pid----372881----pid-372881
---ebpf-pid----372881----pid-1
---ebpf-pid----372881----pid-372881
---ebpf-pid----372881----pid-1
---ebpf-pid----372881----pid-372881
---ebpf-pid----2089----pid-2089
---ebpf-pid----372881----pid-1
---ebpf-pid----2089----pid-1
---ebpf-pid----5707----pid-5707
---ebpf-pid----2089----pid-2089
---ebpf-pid----5707----pid-5476
---ebpf-pid----2089----pid-1
---ebpf-pid----2089----pid-2089
---ebpf-pid----5707----pid-1
---ebpf-pid----2089----pid-1
---ebpf-pid----5707----pid-5707
---ebpf-pid----2089----pid-2089
---ebpf-pid----5707----pid-5476
---ebpf-pid----2089----pid-1
---ebpf-pid----2089----pid-2089
---ebpf-pid----5707----pid-1
---ebpf-pid----5707----pid-5707
---ebpf-pid----2089----pid-1
---ebpf-pid----2089----pid-2089
---ebpf-pid----5707----pid-5476
---ebpf-pid----2089----pid-1
---ebpf-pid----2089----pid-2089
---ebpf-pid----2089----pid-1
---ebpf-pid----2089----pid-2089
---ebpf-pid----2089----pid-1
---ebpf-pid----2089----pid-2089
---ebpf-pid----2089----pid-1
---ebpf-pid----2089----pid-2089
---ebpf-pid----378284----pid-5476
---ebpf-pid----378284----pid-1
---ebpf-pid----378284----pid-378284
---ebpf-pid----378284----pid-5476
---ebpf-pid----378284----pid-1
---ebpf-pid----378284----pid-378284
---ebpf-pid----378284----pid-5476
---ebpf-pid----378284----pid-1
---ebpf-pid----378284----pid-378284
---ebpf-pid----378284----pid-5476
---ebpf-pid----378284----pid-1
---ebpf-pid----378284----pid-378284
---ebpf-pid----378284----pid-5476
---ebpf-pid----378284----pid-1
---ebpf-pid----378284----pid-378284
---ebpf-pid----2089----pid-1
---ebpf-pid----378284----pid-5476
---ebpf-pid----2089----pid-2089
---ebpf-pid----2089----pid-1
---ebpf-pid----378284----pid-1
---ebpf-pid----2089----pid-2089
---ebpf-pid----378284----pid-378284
---ebpf-pid----2089----pid-1
---ebpf-pid----378284----pid-5476
---ebpf-pid----2089----pid-2089
---ebpf-pid----378284----pid-1
---ebpf-pid----2089----pid-1
---ebpf-pid----378284----pid-378284
---ebpf-pid----2089----pid-2089
---ebpf-pid----378284----pid-5476
---ebpf-pid----2089----pid-1
---ebpf-pid----378284----pid-1
---ebpf-pid----2089----pid-2089
---ebpf-pid----378284----pid-378284
---ebpf-pid----2089----pid-1
---ebpf-pid----378284----pid-5476
---ebpf-pid----2089----pid-2089
---ebpf-pid----378284----pid-1
---ebpf-pid----2089----pid-1
---ebpf-pid----378284----pid-378284
---ebpf-pid----2089----pid-2089
---ebpf-pid----378284----pid-5476
---ebpf-pid----2089----pid-1
---ebpf-pid----2089----pid-2089
---ebpf-pid----378284----pid-1
---ebpf-pid----2089----pid-1
---ebpf-pid----378284----pid-378284
---ebpf-pid----2089----pid-2089
---ebpf-pid----378284----pid-5476
---ebpf-pid----2089----pid-1
---ebpf-pid----2089----pid-2089
---ebpf-pid----378284----pid-1
---ebpf-pid----378284----pid-378284
---ebpf-pid----2089----pid-1
---ebpf-pid----2089----pid-2089
---ebpf-pid----378284----pid-5476
---ebpf-pid----2089----pid-1
---ebpf-pid----2089----pid-2089
---ebpf-pid----378284----pid-1
---ebpf-pid----5707----pid-1
---ebpf-pid----5707----pid-5707
---ebpf-pid----5707----pid-5476
---ebpf-pid----5707----pid-1
---ebpf-pid----5707----pid-5707
---ebpf-pid----5707----pid-5476
---ebpf-pid----379067----pid-1
---ebpf-pid----379067----pid-379067
---ebpf-pid----2089----pid-1
---ebpf-pid----2089----pid-2089
---ebpf-pid----2089----pid-1
---ebpf-pid----379067----pid-5476
---ebpf-pid----379067----pid-1
---ebpf-pid----379067----pid-379067
---ebpf-pid----379067----pid-5476
---ebpf-pid----379067----pid-1
---ebpf-pid----379067----pid-379067
---ebpf-pid----379067----pid-5476
---ebpf-pid----379067----pid-1
---ebpf-pid----379067----pid-379067
---ebpf-pid----379067----pid-5476
---ebpf-pid----379067----pid-1
---ebpf-pid----379067----pid-379067
---ebpf-pid----379067----pid-5476
---ebpf-pid----378284----pid-378284
---ebpf-pid----379067----pid-1
---ebpf-pid----379067----pid-379067
---ebpf-pid----378284----pid-5476
---ebpf-pid----379067----pid-5476
---ebpf-pid----378284----pid-1
---ebpf-pid----379067----pid-1
---ebpf-pid----378284----pid-378284
---ebpf-pid----379067----pid-379067
---ebpf-pid----378284----pid-5476
---ebpf-pid----379067----pid-5476
---ebpf-pid----378284----pid-1
---ebpf-pid----379067----pid-1
---ebpf-pid----378284----pid-378284
---ebpf-pid----379067----pid-379067
---ebpf-pid----378284----pid-5476
---ebpf-pid----379067----pid-5476
---ebpf-pid----378284----pid-1
---ebpf-pid----379067----pid-1
---ebpf-pid----378284----pid-378284
---ebpf-pid----379067----pid-379067
---ebpf-pid----378284----pid-5476
---ebpf-pid----379067----pid-5476
---ebpf-pid----378284----pid-1
---ebpf-pid----379067----pid-1
---ebpf-pid----378284----pid-378284
---ebpf-pid----5707----pid-5707
---ebpf-pid----378284----pid-5476
---ebpf-pid----5707----pid-5476
---ebpf-pid----378284----pid-1
---ebpf-pid----5707----pid-1
---ebpf-pid----378284----pid-378284
---ebpf-pid----5707----pid-5707
---ebpf-pid----378284----pid-5476
---ebpf-pid----5707----pid-5476
---ebpf-pid----378284----pid-1
---ebpf-pid----5707----pid-1
---ebpf-pid----378284----pid-378284
---ebpf-pid----379067----pid-379067
---ebpf-pid----378284----pid-5476
---ebpf-pid----379067----pid-5476
---ebpf-pid----378284----pid-1
---ebpf-pid----379067----pid-1
---ebpf-pid----378284----pid-378284
---ebpf-pid----379067----pid-379067
---ebpf-pid----378284----pid-5476
---ebpf-pid----379067----pid-5476
---ebpf-pid----378284----pid-1
---ebpf-pid----5707----pid-1
---ebpf-pid----5707----pid-5707
---ebpf-pid----5707----pid-5476
---ebpf-pid----5707----pid-1
---ebpf-pid----5707----pid-5707
---ebpf-pid----5707----pid-5476
---ebpf-pid----5707----pid-1
---ebpf-pid----5707----pid-5707
---ebpf-pid----5707----pid-5476
---ebpf-pid----2089----pid-2089
---ebpf-pid----2089----pid-1
---ebpf-pid----2089----pid-2089
---ebpf-pid----2089----pid-1
---ebpf-pid----2089----pid-2089
---ebpf-pid----2089----pid-1
---ebpf-pid----2089----pid-2089
---ebpf-pid----378284----pid-378284
---ebpf-pid----378284----pid-5476
---ebpf-pid----378284----pid-1
---ebpf-pid----2089----pid-1
---ebpf-pid----378284----pid-378284
---ebpf-pid----2089----pid-2089
---ebpf-pid----378284----pid-5476
---ebpf-pid----2089----pid-1
---ebpf-pid----2089----pid-2089
---ebpf-pid----378284----pid-1
---ebpf-pid----378284----pid-378284
---ebpf-pid----2089----pid-1
---ebpf-pid----2089----pid-2089
---ebpf-pid----378284----pid-5476
---ebpf-pid----2089----pid-1
---ebpf-pid----2089----pid-2089
---ebpf-pid----378284----pid-1
---ebpf-pid----378284----pid-378284
---ebpf-pid----2089----pid-1
---ebpf-pid----2089----pid-2089
---ebpf-pid----378284----pid-5476
---ebpf-pid----2089----pid-1
---ebpf-pid----378284----pid-1
---ebpf-pid----2089----pid-2089
---ebpf-pid----378284----pid-378284
---ebpf-pid----378284----pid-5476
---ebpf-pid----2089----pid-1
---ebpf-pid----2089----pid-2089
---ebpf-pid----378284----pid-1
---ebpf-pid----2089----pid-1
---ebpf-pid----2089----pid-2089
---ebpf-pid----2089----pid-2089
---ebpf-pid----2089----pid-1
---ebpf-pid----2089----pid-1
---ebpf-pid----2089----pid-2089
---ebpf-pid----2089----pid-2089
---ebpf-pid----2089----pid-1
---ebpf-pid----2089----pid-1
---ebpf-pid----2089----pid-2089
---ebpf-pid----2089----pid-2089
---ebpf-pid----2089----pid-1
---ebpf-pid----2089----pid-1
---ebpf-pid----2089----pid-2089
---ebpf-pid----2089----pid-2089
---ebpf-pid----2089----pid-1
---ebpf-pid----2089----pid-1
---ebpf-pid----2089----pid-2089
---ebpf-pid----2089----pid-2089
---ebpf-pid----2089----pid-1
---ebpf-pid----2089----pid-1
---ebpf-pid----2089----pid-2089
---ebpf-pid----2089----pid-2089
---ebpf-pid----2089----pid-1
---ebpf-pid----2089----pid-2089
---ebpf-pid----2089----pid-1
---ebpf-pid----2089----pid-2089
---ebpf-pid----2089----pid-1
---ebpf-pid----2089----pid-2089
---ebpf-pid----2089----pid-1
---ebpf-pid----2089----pid-2089
---ebpf-pid----2089----pid-1
---ebpf-pid----2089----pid-2089
---ebpf-pid----2089----pid-1
---ebpf-pid----2089----pid-2089
---ebpf-pid----2089----pid-1
---ebpf-pid----2089----pid-1
---ebpf-pid----2089----pid-2089
---ebpf-pid----2089----pid-2089
---ebpf-pid----2089----pid-1
---ebpf-pid----2089----pid-1
---ebpf-pid----2089----pid-2089
---ebpf-pid----2089----pid-2089
---ebpf-pid----2089----pid-1
---ebpf-pid----2089----pid-2089
---ebpf-pid----2089----pid-1
---ebpf-pid----2089----pid-2089
---ebpf-pid----2089----pid-1
---ebpf-pid----2089----pid-2089
---ebpf-pid----2089----pid-1
---ebpf-pid----2089----pid-2089
---ebpf-pid----2089----pid-1
---ebpf-pid----2089----pid-2089
---ebpf-pid----2089----pid-1
---ebpf-pid----2089----pid-2089
---ebpf-pid----2089----pid-1
---ebpf-pid----2089----pid-2089
---ebpf-pid----2089----pid-1
---ebpf-pid----2089----pid-2089
---ebpf-pid----2089----pid-1
---ebpf-pid----379067----pid-1
---ebpf-pid----379067----pid-379067
---ebpf-pid----379067----pid-5476
---ebpf-pid----379067----pid-1
---ebpf-pid----379067----pid-379067
---ebpf-pid----379067----pid-5476
---ebpf-pid----379067----pid-1
---ebpf-pid----379067----pid-379067
---ebpf-pid----5707----pid-1
---ebpf-pid----379067----pid-5476
---ebpf-pid----5707----pid-5707
---ebpf-pid----5707----pid-5476
---ebpf-pid----5707----pid-1
---ebpf-pid----5707----pid-5707
---ebpf-pid----5707----pid-5476
---ebpf-pid----5707----pid-1
---ebpf-pid----5707----pid-5707
---ebpf-pid----5707----pid-5476
---ebpf-pid----5707----pid-1
---ebpf-pid----5707----pid-5707
---ebpf-pid----5707----pid-5476
---ebpf-pid----5707----pid-1
---ebpf-pid----5707----pid-5707
---ebpf-pid----5707----pid-5476
---ebpf-pid----5707----pid-1
---ebpf-pid----5707----pid-5707
---ebpf-pid----5707----pid-5476
---ebpf-pid----5707----pid-1
---ebpf-pid----5707----pid-5707
---ebpf-pid----5707----pid-5476
---ebpf-pid----5707----pid-1
---ebpf-pid----5707----pid-5707
---ebpf-pid----5707----pid-5476
---ebpf-pid----5707----pid-1
---ebpf-pid----6671----pid-6671
---ebpf-pid----6671----pid-5476
---ebpf-pid----6671----pid-1
---ebpf-pid----6671----pid-6671
---ebpf-pid----6671----pid-5476
---ebpf-pid----6671----pid-1
---ebpf-pid----6671----pid-6671
---ebpf-pid----6671----pid-5476
---ebpf-pid----6671----pid-1
---ebpf-pid----6671----pid-6671
---ebpf-pid----6671----pid-5476
---ebpf-pid----6671----pid-1
---ebpf-pid----5707----pid-5707
---ebpf-pid----5707----pid-5476
---ebpf-pid----5707----pid-1
---ebpf-pid----5707----pid-5707
---ebpf-pid----5707----pid-5476
---ebpf-pid----5707----pid-1
---ebpf-pid----5707----pid-5707
---ebpf-pid----5707----pid-5476
---ebpf-pid----5707----pid-1
---ebpf-pid----5707----pid-5707
---ebpf-pid----5707----pid-5476
---ebpf-pid----5707----pid-1
---ebpf-pid----379067----pid-379067
---ebpf-pid----379067----pid-5476
---ebpf-pid----379067----pid-1
---ebpf-pid----379067----pid-379067
---ebpf-pid----379067----pid-5476
---ebpf-pid----379067----pid-1
---ebpf-pid----5707----pid-5707
---ebpf-pid----5707----pid-5476
---ebpf-pid----5707----pid-1
---ebpf-pid----379067----pid-379067
---ebpf-pid----379067----pid-5476
---ebpf-pid----379067----pid-1
---ebpf-pid----379067----pid-379067
---ebpf-pid----379067----pid-5476
---ebpf-pid----379067----pid-1
---ebpf-pid----379067----pid-379067
---ebpf-pid----379067----pid-5476
---ebpf-pid----379067----pid-1
---ebpf-pid----379067----pid-379067
---ebpf-pid----379067----pid-5476
---ebpf-pid----379067----pid-1
---ebpf-pid----379067----pid-379067
---ebpf-pid----379067----pid-5476
---ebpf-pid----379067----pid-1
---ebpf-pid----379067----pid-379067
---ebpf-pid----379067----pid-5476
---ebpf-pid----379067----pid-1
---ebpf-pid----379067----pid-379067
---ebpf-pid----379067----pid-5476
---ebpf-pid----379067----pid-1
---ebpf-pid----379067----pid-379067
---ebpf-pid----379067----pid-5476
---ebpf-pid----379067----pid-1
---ebpf-pid----379067----pid-379067
---ebpf-pid----379067----pid-5476
---ebpf-pid----379067----pid-1
---ebpf-pid----379067----pid-379067
---ebpf-pid----379067----pid-1
---ebpf-pid----379067----pid-5476
---ebpf-pid----448783----pid-448783
---ebpf-pid----2089----pid-2089
---ebpf-pid----379067----pid-1
---ebpf-pid----448783----pid-448520
---ebpf-pid----379067----pid-379067
---ebpf-pid----2089----pid-1
---ebpf-pid----448783----pid-1
---ebpf-pid----2089----pid-2089
---ebpf-pid----379067----pid-5476
---ebpf-pid----14----pid-14
---ebpf-pid----379067----pid-1
---ebpf-pid----2089----pid-1
---ebpf-pid----14----pid-2
---ebpf-pid----2089----pid-2089
---ebpf-pid----448783----pid-448783
---ebpf-pid----379067----pid-379067
---ebpf-pid----2089----pid-1
---ebpf-pid----448783----pid-448520
---ebpf-pid----379067----pid-5476
---ebpf-pid----2089----pid-2089
---ebpf-pid----448783----pid-1
---ebpf-pid----379067----pid-1
---ebpf-pid----2089----pid-1
---ebpf-pid----379067----pid-379067
---ebpf-pid----6671----pid-6671
---ebpf-pid----2089----pid-2089
---ebpf-pid----379067----pid-5476
---ebpf-pid----2089----pid-1
---ebpf-pid----6671----pid-5476
---ebpf-pid----2089----pid-2089
---ebpf-pid----379067----pid-1
---ebpf-pid----6671----pid-1
---ebpf-pid----379067----pid-379067
---ebpf-pid----6671----pid-6671
---ebpf-pid----379067----pid-5476
---ebpf-pid----2089----pid-1
---ebpf-pid----6671----pid-5476
---ebpf-pid----2089----pid-2089
---ebpf-pid----379067----pid-1
---ebpf-pid----379067----pid-379067
---ebpf-pid----6671----pid-1
---ebpf-pid----2089----pid-1
---ebpf-pid----6671----pid-6671
---ebpf-pid----379067----pid-379067
---ebpf-pid----379067----pid-5476
---ebpf-pid----6671----pid-5476
---ebpf-pid----379067----pid-1
---ebpf-pid----379067----pid-5476
---ebpf-pid----379067----pid-379067
---ebpf-pid----6671----pid-1
---ebpf-pid----379067----pid-1
---ebpf-pid----6671----pid-6671
---ebpf-pid----379067----pid-5476
---ebpf-pid----379067----pid-379067
---ebpf-pid----6671----pid-5476
---ebpf-pid----379067----pid-1
---ebpf-pid----379067----pid-5476
---ebpf-pid----379067----pid-379067
---ebpf-pid----6671----pid-1
---ebpf-pid----379067----pid-1
---ebpf-pid----6671----pid-6671
---ebpf-pid----379067----pid-5476
---ebpf-pid----379067----pid-379067
---ebpf-pid----6671----pid-5476
---ebpf-pid----379067----pid-1
---ebpf-pid----379067----pid-5476
---ebpf-pid----379067----pid-379067
---ebpf-pid----6671----pid-1
---ebpf-pid----379067----pid-5476
---ebpf-pid----6671----pid-6671
---ebpf-pid----379067----pid-1
---ebpf-pid----379067----pid-379067
---ebpf-pid----379067----pid-1
---ebpf-pid----6671----pid-5476
---ebpf-pid----379067----pid-379067
---ebpf-pid----379067----pid-5476
---ebpf-pid----6671----pid-1
---ebpf-pid----379067----pid-5476
---ebpf-pid----6671----pid-6671
---ebpf-pid----379067----pid-1
---ebpf-pid----379067----pid-1
---ebpf-pid----379067----pid-379067
---ebpf-pid----379067----pid-379067
---ebpf-pid----6671----pid-5476
---ebpf-pid----379067----pid-5476
---ebpf-pid----379067----pid-5476
---ebpf-pid----6671----pid-1
---ebpf-pid----6671----pid-6671
---ebpf-pid----379067----pid-1
---ebpf-pid----379067----pid-1
---ebpf-pid----379067----pid-379067
---ebpf-pid----379067----pid-379067
---ebpf-pid----6671----pid-5476
---ebpf-pid----379067----pid-5476
---ebpf-pid----379067----pid-5476
---ebpf-pid----6671----pid-1
---ebpf-pid----6671----pid-6671
---ebpf-pid----379067----pid-1
---ebpf-pid----379067----pid-379067
---ebpf-pid----379067----pid-1
---ebpf-pid----379067----pid-379067
---ebpf-pid----6671----pid-5476
---ebpf-pid----379067----pid-5476
---ebpf-pid----6671----pid-1
---ebpf-pid----5707----pid-5707
---ebpf-pid----5707----pid-5476
---ebpf-pid----5707----pid-1
---ebpf-pid----5707----pid-5707
---ebpf-pid----5707----pid-5476
---ebpf-pid----5707----pid-1
---ebpf-pid----6671----pid-6671
---ebpf-pid----6671----pid-5476
---ebpf-pid----6671----pid-1
---ebpf-pid----5707----pid-5707
---ebpf-pid----5707----pid-5476
---ebpf-pid----5707----pid-1
---ebpf-pid----5707----pid-5707
---ebpf-pid----5707----pid-5476
---ebpf-pid----5707----pid-1
---ebpf-pid----6671----pid-6671
---ebpf-pid----6671----pid-5476
---ebpf-pid----6671----pid-1
---ebpf-pid----5707----pid-5707
---ebpf-pid----5707----pid-5476
---ebpf-pid----5707----pid-1
---ebpf-pid----5707----pid-5707
---ebpf-pid----5707----pid-5476
---ebpf-pid----5707----pid-1
---ebpf-pid----6671----pid-6671
---ebpf-pid----6671----pid-5476
---ebpf-pid----6671----pid-1
---ebpf-pid----2089----pid-1
---ebpf-pid----2088----pid-2088
---ebpf-pid----2089----pid-2089
---ebpf-pid----379067----pid-1
---ebpf-pid----2088----pid-1
---ebpf-pid----379067----pid-379067
---ebpf-pid----2088----pid-2088
---ebpf-pid----2088----pid-1
---ebpf-pid----2088----pid-2088
---ebpf-pid----2088----pid-1
---ebpf-pid----2089----pid-1
---ebpf-pid----2088----pid-2088
---ebpf-pid----379067----pid-5476
---ebpf-pid----2088----pid-1
---ebpf-pid----2089----pid-2089
---ebpf-pid----2088----pid-2088
---ebpf-pid----2088----pid-1
---ebpf-pid----2089----pid-1
---ebpf-pid----379067----pid-1
---ebpf-pid----379067----pid-379067
---ebpf-pid----379067----pid-5476
---ebpf-pid----2089----pid-2089
---ebpf-pid----379067----pid-1
---ebpf-pid----379067----pid-379067
---ebpf-pid----2089----pid-1
---ebpf-pid----379067----pid-5476
---ebpf-pid----379067----pid-5476
---ebpf-pid----379067----pid-1
---ebpf-pid----2089----pid-2089
---ebpf-pid----379067----pid-379067
---ebpf-pid----379067----pid-5476
---ebpf-pid----379067----pid-1
---ebpf-pid----379067----pid-1
---ebpf-pid----379067----pid-379067
---ebpf-pid----379067----pid-5476
---ebpf-pid----379067----pid-1
---ebpf-pid----379067----pid-379067
---ebpf-pid----379067----pid-5476
---ebpf-pid----379067----pid-1
---ebpf-pid----379067----pid-379067
---ebpf-pid----379067----pid-5476
---ebpf-pid----379067----pid-1
---ebpf-pid----379067----pid-379067
---ebpf-pid----379067----pid-5476
---ebpf-pid----379067----pid-1
---ebpf-pid----379067----pid-379067
---ebpf-pid----379067----pid-5476
---ebpf-pid----379067----pid-1
---ebpf-pid----379067----pid-379067
---ebpf-pid----379067----pid-5476
---ebpf-pid----379067----pid-1
---ebpf-pid----379067----pid-379067
---ebpf-pid----379067----pid-5476
---ebpf-pid----379067----pid-1
---ebpf-pid----379067----pid-379067
---ebpf-pid----379067----pid-5476
---ebpf-pid----379067----pid-1
---ebpf-pid----379067----pid-379067
---ebpf-pid----379067----pid-5476
---ebpf-pid----379067----pid-1
---ebpf-pid----2012----pid-2012
---ebpf-pid----2012----pid-1
---ebpf-pid----2012----pid-2012
---ebpf-pid----2012----pid-1
---ebpf-pid----6671----pid-6671
---ebpf-pid----6671----pid-5476
---ebpf-pid----6671----pid-1
---ebpf-pid----6671----pid-6671
---ebpf-pid----6671----pid-5476
---ebpf-pid----6671----pid-1
---ebpf-pid----2088----pid-2088
---ebpf-pid----2088----pid-1
---ebpf-pid----2088----pid-2088
---ebpf-pid----2088----pid-1
---ebpf-pid----2088----pid-2088
---ebpf-pid----2088----pid-1
---ebpf-pid----2088----pid-2088
---ebpf-pid----2089----pid-1
---ebpf-pid----2089----pid-2089
---ebpf-pid----2088----pid-1
---ebpf-pid----2088----pid-2088
---ebpf-pid----2089----pid-1
---ebpf-pid----2089----pid-2089
---ebpf-pid----2088----pid-1
---ebpf-pid----2088----pid-2088
---ebpf-pid----2089----pid-1
---ebpf-pid----2089----pid-2089
---ebpf-pid----2088----pid-1
---ebpf-pid----2089----pid-1
---ebpf-pid----2088----pid-2088
---ebpf-pid----2089----pid-2089
---ebpf-pid----2088----pid-1
---ebpf-pid----2089----pid-1
---ebpf-pid----2088----pid-2088
---ebpf-pid----2089----pid-2089
---ebpf-pid----2088----pid-1
---ebpf-pid----2089----pid-1
---ebpf-pid----2088----pid-2088
---ebpf-pid----2089----pid-2089
---ebpf-pid----2088----pid-1
---ebpf-pid----2089----pid-1
---ebpf-pid----2088----pid-2088
---ebpf-pid----2089----pid-2089
---ebpf-pid----2088----pid-1
---ebpf-pid----2089----pid-1
---ebpf-pid----2088----pid-2088
---ebpf-pid----2089----pid-2089
---ebpf-pid----2088----pid-1
---ebpf-pid----2089----pid-1
---ebpf-pid----2088----pid-2088
---ebpf-pid----2089----pid-2089
---ebpf-pid----2089----pid-1
---ebpf-pid----2088----pid-1
---ebpf-pid----2089----pid-2089
---ebpf-pid----2088----pid-2088
---ebpf-pid----2089----pid-1
---ebpf-pid----2088----pid-1
---ebpf-pid----2089----pid-2089
---ebpf-pid----2088----pid-2088
---ebpf-pid----2089----pid-1
---ebpf-pid----2088----pid-1
---ebpf-pid----2089----pid-2089
---ebpf-pid----2088----pid-2088
---ebpf-pid----2089----pid-1
---ebpf-pid----2088----pid-1
---ebpf-pid----2089----pid-2089
---ebpf-pid----2088----pid-2088
---ebpf-pid----2089----pid-1
---ebpf-pid----2088----pid-1
---ebpf-pid----2089----pid-2089
---ebpf-pid----2088----pid-2088
---ebpf-pid----2089----pid-1
---ebpf-pid----2088----pid-1
---ebpf-pid----2089----pid-2089
---ebpf-pid----2088----pid-2088
---ebpf-pid----2089----pid-1
---ebpf-pid----2088----pid-1
---ebpf-pid----2089----pid-2089
---ebpf-pid----2088----pid-2088
---ebpf-pid----2089----pid-1
---ebpf-pid----2088----pid-1
---ebpf-pid----2088----pid-2088
---ebpf-pid----2088----pid-1
---ebpf-pid----2088----pid-2088
---ebpf-pid----2088----pid-1
---ebpf-pid----2088----pid-2088
---ebpf-pid----2088----pid-1
---ebpf-pid----2088----pid-2088
---ebpf-pid----2088----pid-1
---ebpf-pid----2088----pid-2088
---ebpf-pid----2088----pid-1
---ebpf-pid----2088----pid-2088
---ebpf-pid----6671----pid-6671
---ebpf-pid----6671----pid-5476
---ebpf-pid----379067----pid-379067
---ebpf-pid----379067----pid-5476
---ebpf-pid----379067----pid-1
---ebpf-pid----379067----pid-379067
---ebpf-pid----379067----pid-5476
---ebpf-pid----379067----pid-1
---ebpf-pid----379067----pid-379067
---ebpf-pid----379067----pid-5476
---ebpf-pid----2088----pid-1
---ebpf-pid----379067----pid-1
---ebpf-pid----2088----pid-2088
---ebpf-pid----379067----pid-379067
---ebpf-pid----2088----pid-1
---ebpf-pid----379067----pid-5476
---ebpf-pid----2088----pid-2088
---ebpf-pid----379067----pid-1
---ebpf-pid----2088----pid-1
---ebpf-pid----2088----pid-2088
---ebpf-pid----379067----pid-379067
---ebpf-pid----379067----pid-5476
---ebpf-pid----2088----pid-1
---ebpf-pid----2088----pid-2088
---ebpf-pid----379067----pid-1
---ebpf-pid----2088----pid-1
---ebpf-pid----379067----pid-379067
---ebpf-pid----2088----pid-2088
---ebpf-pid----379067----pid-5476
---ebpf-pid----2088----pid-1
---ebpf-pid----2088----pid-2088
---ebpf-pid----379067----pid-1
---ebpf-pid----379067----pid-379067
---ebpf-pid----2088----pid-1
---ebpf-pid----2088----pid-2088
---ebpf-pid----379067----pid-5476
---ebpf-pid----2088----pid-1
---ebpf-pid----2088----pid-2088
---ebpf-pid----379067----pid-1
---ebpf-pid----379067----pid-379067
---ebpf-pid----2088----pid-1
---ebpf-pid----2088----pid-2088
---ebpf-pid----379067----pid-5476
---ebpf-pid----379067----pid-1
---ebpf-pid----2088----pid-1
---ebpf-pid----379067----pid-379067
---ebpf-pid----2088----pid-2088
---ebpf-pid----379067----pid-5476
---ebpf-pid----2088----pid-1
---ebpf-pid----2088----pid-2088
---ebpf-pid----379067----pid-1
---ebpf-pid----379067----pid-379067
---ebpf-pid----2088----pid-1
---ebpf-pid----2088----pid-2088
---ebpf-pid----379067----pid-5476
---ebpf-pid----2088----pid-1
---ebpf-pid----2088----pid-2088
---ebpf-pid----379067----pid-1
---ebpf-pid----379067----pid-379067
---ebpf-pid----2088----pid-1
---ebpf-pid----379067----pid-5476
---ebpf-pid----2088----pid-2088
---ebpf-pid----379067----pid-1
---ebpf-pid----2088----pid-1
---ebpf-pid----2088----pid-2088
---ebpf-pid----379067----pid-379067
---ebpf-pid----379067----pid-5476
---ebpf-pid----2088----pid-1
---ebpf-pid----2088----pid-2088
---ebpf-pid----379067----pid-1
---ebpf-pid----379067----pid-379067
---ebpf-pid----2088----pid-1
---ebpf-pid----2088----pid-2088
---ebpf-pid----379067----pid-5476
---ebpf-pid----2088----pid-1
---ebpf-pid----379067----pid-1
---ebpf-pid----2088----pid-2088
---ebpf-pid----379067----pid-379067
---ebpf-pid----2088----pid-1
---ebpf-pid----379067----pid-5476
---ebpf-pid----2088----pid-2088
---ebpf-pid----379067----pid-1
---ebpf-pid----379067----pid-379067
---ebpf-pid----2088----pid-1
---ebpf-pid----2088----pid-2088
---ebpf-pid----2088----pid-1
---ebpf-pid----372881----pid-372881
---ebpf-pid----2089----pid-2089
---ebpf-pid----6671----pid-1
---ebpf-pid----2012----pid-2012
---ebpf-pid----372881----pid-1
---ebpf-pid----2089----pid-1
---ebpf-pid----372881----pid-372881
---ebpf-pid----2089----pid-2089
---ebpf-pid----2089----pid-1
---ebpf-pid----372881----pid-1
---ebpf-pid----2012----pid-1
---ebpf-pid----2089----pid-2089
---ebpf-pid----2012----pid-2012
---ebpf-pid----372881----pid-372881
---ebpf-pid----2089----pid-1
---ebpf-pid----372881----pid-1
---ebpf-pid----2012----pid-1
---ebpf-pid----372881----pid-372881
---ebpf-pid----2089----pid-2089
---ebpf-pid----2012----pid-2012
---ebpf-pid----372881----pid-1
---ebpf-pid----2012----pid-1
---ebpf-pid----2089----pid-1
---ebpf-pid----372881----pid-372881
---ebpf-pid----2012----pid-2012
---ebpf-pid----2089----pid-2089
---ebpf-pid----372881----pid-1
---ebpf-pid----372881----pid-372881
---ebpf-pid----379067----pid-5476
---ebpf-pid----372881----pid-1
---ebpf-pid----379067----pid-1
---ebpf-pid----372881----pid-372881
---ebpf-pid----6671----pid-6671
---ebpf-pid----372881----pid-1
---ebpf-pid----6671----pid-5476
---ebpf-pid----372881----pid-372881
---ebpf-pid----6671----pid-1
---ebpf-pid----372881----pid-1
---ebpf-pid----6671----pid-6671
---ebpf-pid----372881----pid-372881
---ebpf-pid----6671----pid-5476
---ebpf-pid----372881----pid-1
---ebpf-pid----372881----pid-372881
---ebpf-pid----6671----pid-1
---ebpf-pid----2089----pid-2089
---ebpf-pid----372881----pid-1
---ebpf-pid----2089----pid-1
---ebpf-pid----372881----pid-372881
---ebpf-pid----2089----pid-2089
---ebpf-pid----2089----pid-1
---ebpf-pid----372881----pid-1
---ebpf-pid----2089----pid-2089
---ebpf-pid----372881----pid-372881
---ebpf-pid----2089----pid-1
---ebpf-pid----372881----pid-1
---ebpf-pid----2089----pid-2089
---ebpf-pid----372881----pid-372881
---ebpf-pid----2089----pid-1
---ebpf-pid----372881----pid-1
---ebpf-pid----2089----pid-2089
---ebpf-pid----372881----pid-372881
---ebpf-pid----2089----pid-1
---ebpf-pid----372881----pid-1
---ebpf-pid----2089----pid-2089
---ebpf-pid----372881----pid-372881
---ebpf-pid----2089----pid-1
---ebpf-pid----372881----pid-1
---ebpf-pid----2089----pid-2089
---ebpf-pid----372881----pid-372881
---ebpf-pid----2089----pid-1
---ebpf-pid----372881----pid-1
---ebpf-pid----2089----pid-2089
---ebpf-pid----372881----pid-372881
---ebpf-pid----2089----pid-1
---ebpf-pid----2089----pid-2089
---ebpf-pid----372881----pid-1
---ebpf-pid----372881----pid-372881
---ebpf-pid----2089----pid-1
---ebpf-pid----2089----pid-2089
---ebpf-pid----372881----pid-1
---ebpf-pid----372881----pid-372881
---ebpf-pid----2089----pid-1
---ebpf-pid----2089----pid-2089
---ebpf-pid----372881----pid-1
---ebpf-pid----2089----pid-1
---ebpf-pid----372881----pid-372881
---ebpf-pid----2089----pid-2089
---ebpf-pid----372881----pid-1
---ebpf-pid----2089----pid-1
---ebpf-pid----372881----pid-372881
---ebpf-pid----2089----pid-2089
---ebpf-pid----2089----pid-1
---ebpf-pid----372881----pid-1
---ebpf-pid----2089----pid-2089
---ebpf-pid----372881----pid-372881
---ebpf-pid----2089----pid-1
---ebpf-pid----372881----pid-1
---ebpf-pid----2089----pid-2089
---ebpf-pid----372881----pid-372881
---ebpf-pid----2089----pid-1
---ebpf-pid----2089----pid-2089
---ebpf-pid----372881----pid-1
---ebpf-pid----372881----pid-372881
---ebpf-pid----2089----pid-1
---ebpf-pid----372881----pid-1
---ebpf-pid----2089----pid-2089
---ebpf-pid----372881----pid-372881
---ebpf-pid----2089----pid-1
---ebpf-pid----372881----pid-1
---ebpf-pid----372881----pid-372881
---ebpf-pid----2089----pid-2089
---ebpf-pid----372881----pid-1
---ebpf-pid----2089----pid-1
---ebpf-pid----372881----pid-372881
---ebpf-pid----2089----pid-2089
---ebpf-pid----372881----pid-1
---ebpf-pid----2089----pid-1
---ebpf-pid----372881----pid-372881
---ebpf-pid----2089----pid-2089
---ebpf-pid----372881----pid-1
---ebpf-pid----2089----pid-1
---ebpf-pid----372881----pid-372881
---ebpf-pid----2012----pid-1
---ebpf-pid----2089----pid-2089
---ebpf-pid----2089----pid-1
---ebpf-pid----372881----pid-1
---ebpf-pid----2012----pid-2012
---ebpf-pid----2089----pid-2089
---ebpf-pid----372881----pid-372881
---ebpf-pid----2089----pid-1
---ebpf-pid----372881----pid-1
---ebpf-pid----2012----pid-1
---ebpf-pid----2089----pid-2089
---ebpf-pid----2012----pid-2012
---ebpf-pid----372881----pid-372881
---ebpf-pid----2089----pid-1
---ebpf-pid----372881----pid-1
---ebpf-pid----2012----pid-1
---ebpf-pid----2089----pid-2089
---ebpf-pid----2012----pid-2012
---ebpf-pid----372881----pid-372881
---ebpf-pid----2012----pid-1
---ebpf-pid----2012----pid-2012
---ebpf-pid----372881----pid-1
---ebpf-pid----372881----pid-372881
---ebpf-pid----2012----pid-1
---ebpf-pid----2012----pid-2012
---ebpf-pid----372881----pid-1
---ebpf-pid----372881----pid-372881
---ebpf-pid----2012----pid-1
---ebpf-pid----2012----pid-2012
---ebpf-pid----372881----pid-1
---ebpf-pid----372881----pid-372881
---ebpf-pid----2089----pid-1
---ebpf-pid----2012----pid-1
---ebpf-pid----2089----pid-2089
---ebpf-pid----2089----pid-1
---ebpf-pid----2089----pid-2089
---ebpf-pid----2089----pid-1
---ebpf-pid----2089----pid-2089
---ebpf-pid----2089----pid-1
---ebpf-pid----2089----pid-2089
---ebpf-pid----2089----pid-1
---ebpf-pid----2089----pid-2089
---ebpf-pid----2089----pid-1
---ebpf-pid----2089----pid-2089
---ebpf-pid----2089----pid-1
---ebpf-pid----2089----pid-2089
---ebpf-pid----2089----pid-1
---ebpf-pid----2089----pid-2089
---ebpf-pid----2089----pid-1
---ebpf-pid----2089----pid-2089
---ebpf-pid----2089----pid-1
---ebpf-pid----2089----pid-2089
---ebpf-pid----2089----pid-1
---ebpf-pid----2089----pid-2089
---ebpf-pid----2089----pid-1
---ebpf-pid----2089----pid-2089
---ebpf-pid----2089----pid-1
---ebpf-pid----2089----pid-2089
---ebpf-pid----2089----pid-1
---ebpf-pid----2089----pid-2089
---ebpf-pid----2089----pid-1
---ebpf-pid----2089----pid-2089
---ebpf-pid----2089----pid-1
---ebpf-pid----2089----pid-2089
---ebpf-pid----2089----pid-1
---ebpf-pid----2089----pid-2089
---ebpf-pid----2089----pid-1
---ebpf-pid----2089----pid-2089
---ebpf-pid----2089----pid-1
---ebpf-pid----2089----pid-2089
---ebpf-pid----2089----pid-1
---ebpf-pid----2089----pid-2089
---ebpf-pid----2089----pid-1
---ebpf-pid----2089----pid-2089
---ebpf-pid----2089----pid-1
---ebpf-pid----2089----pid-2089
---ebpf-pid----2089----pid-1
---ebpf-pid----2089----pid-2089
---ebpf-pid----2089----pid-1
---ebpf-pid----2089----pid-2089
---ebpf-pid----2089----pid-1
---ebpf-pid----2089----pid-2089
---ebpf-pid----2089----pid-1
---ebpf-pid----2089----pid-2089
---ebpf-pid----2089----pid-1
---ebpf-pid----2089----pid-2089
---ebpf-pid----2089----pid-1
---ebpf-pid----2089----pid-2089
---ebpf-pid----2089----pid-1
---ebpf-pid----2089----pid-2089
---ebpf-pid----2089----pid-1
---ebpf-pid----2089----pid-2089
---ebpf-pid----2089----pid-1
---ebpf-pid----2089----pid-2089
---ebpf-pid----2089----pid-1
---ebpf-pid----2089----pid-2089
---ebpf-pid----2089----pid-1
---ebpf-pid----2089----pid-2089
---ebpf-pid----2089----pid-1
---ebpf-pid----2089----pid-2089
---ebpf-pid----2089----pid-1
---ebpf-pid----2089----pid-2089
---ebpf-pid----2089----pid-1
---ebpf-pid----2089----pid-2089
---ebpf-pid----2089----pid-1
---ebpf-pid----2089----pid-2089
---ebpf-pid----2089----pid-1
---ebpf-pid----2089----pid-2089
---ebpf-pid----2089----pid-1
---ebpf-pid----2089----pid-2089
---ebpf-pid----2089----pid-1
---ebpf-pid----2089----pid-2089
---ebpf-pid----2089----pid-1
---ebpf-pid----2089----pid-2089
---ebpf-pid----2089----pid-1
---ebpf-pid----2089----pid-2089
---ebpf-pid----2089----pid-1
---ebpf-pid----2089----pid-2089
---ebpf-pid----2089----pid-1
---ebpf-pid----2089----pid-2089
---ebpf-pid----2089----pid-1
---ebpf-pid----2089----pid-2089
---ebpf-pid----2089----pid-1
---ebpf-pid----2089----pid-2089
---ebpf-pid----2089----pid-1
---ebpf-pid----2089----pid-2089
---ebpf-pid----2089----pid-1
---ebpf-pid----2089----pid-2089
---ebpf-pid----2089----pid-1
---ebpf-pid----2089----pid-2089
---ebpf-pid----2089----pid-1
---ebpf-pid----2089----pid-2089
---ebpf-pid----2089----pid-1
---ebpf-pid----2089----pid-2089
---ebpf-pid----2089----pid-1
---ebpf-pid----2089----pid-2089
---ebpf-pid----2089----pid-1
---ebpf-pid----2089----pid-2089
---ebpf-pid----2089----pid-1
---ebpf-pid----2089----pid-2089
---ebpf-pid----2089----pid-1
---ebpf-pid----2089----pid-2089
---ebpf-pid----2089----pid-1
---ebpf-pid----372881----pid-1
---ebpf-pid----372881----pid-372881
---ebpf-pid----372881----pid-1
---ebpf-pid----2089----pid-2089
---ebpf-pid----372881----pid-372881
---ebpf-pid----2089----pid-1
---ebpf-pid----372881----pid-1
---ebpf-pid----2089----pid-2089
---ebpf-pid----372881----pid-372881
---ebpf-pid----2089----pid-1
---ebpf-pid----372881----pid-1
---ebpf-pid----2089----pid-2089
---ebpf-pid----372881----pid-372881
---ebpf-pid----2089----pid-1
---ebpf-pid----2089----pid-2089
---ebpf-pid----372881----pid-1
---ebpf-pid----372881----pid-372881
---ebpf-pid----2089----pid-1
---ebpf-pid----2089----pid-2089
---ebpf-pid----372881----pid-1
---ebpf-pid----372881----pid-372881
---ebpf-pid----2089----pid-1
---ebpf-pid----2089----pid-2089
---ebpf-pid----372881----pid-1
---ebpf-pid----2089----pid-1
---ebpf-pid----372881----pid-372881
---ebpf-pid----372881----pid-1
---ebpf-pid----2088----pid-2088
---ebpf-pid----2088----pid-1
---ebpf-pid----2088----pid-2088
---ebpf-pid----2088----pid-1
---ebpf-pid----2088----pid-2088
---ebpf-pid----2088----pid-1
---ebpf-pid----2088----pid-2088
---ebpf-pid----2088----pid-1
---ebpf-pid----2088----pid-2088
---ebpf-pid----2088----pid-1
---ebpf-pid----2088----pid-2088
---ebpf-pid----2088----pid-1
---ebpf-pid----2088----pid-2088
---ebpf-pid----2088----pid-1
---ebpf-pid----2088----pid-2088
---ebpf-pid----2088----pid-1
---ebpf-pid----2088----pid-2088
---ebpf-pid----2088----pid-1
---ebpf-pid----2088----pid-2088
---ebpf-pid----2088----pid-1
---ebpf-pid----2088----pid-2088
---ebpf-pid----2088----pid-1
---ebpf-pid----2088----pid-2088
---ebpf-pid----2088----pid-1
---ebpf-pid----2088----pid-2088
---ebpf-pid----2088----pid-1
---ebpf-pid----2088----pid-2088
---ebpf-pid----2089----pid-2089
---ebpf-pid----2012----pid-2012
---ebpf-pid----2089----pid-1
---ebpf-pid----2089----pid-1
---ebpf-pid----2089----pid-2089
---ebpf-pid----2089----pid-1
---ebpf-pid----2089----pid-2089
---ebpf-pid----2089----pid-1
---ebpf-pid----2089----pid-2089
---ebpf-pid----2089----pid-1
---ebpf-pid----2089----pid-2089
---ebpf-pid----2089----pid-1
---ebpf-pid----2089----pid-2089
---ebpf-pid----2089----pid-1
---ebpf-pid----2089----pid-2089
---ebpf-pid----2089----pid-1
---ebpf-pid----2089----pid-2089
---ebpf-pid----2089----pid-1
---ebpf-pid----2089----pid-2089
---ebpf-pid----2089----pid-1
---ebpf-pid----2089----pid-2089
---ebpf-pid----2089----pid-1
---ebpf-pid----2089----pid-2089
---ebpf-pid----2089----pid-1
---ebpf-pid----2089----pid-2089
---ebpf-pid----2089----pid-1
---ebpf-pid----2089----pid-2089
---ebpf-pid----2089----pid-1
---ebpf-pid----2089----pid-2089
---ebpf-pid----2089----pid-1
---ebpf-pid----2089----pid-2089
---ebpf-pid----2089----pid-1
---ebpf-pid----2089----pid-2089
---ebpf-pid----2089----pid-1
---ebpf-pid----2089----pid-2089
---ebpf-pid----2089----pid-1
---ebpf-pid----2012----pid-2012
---ebpf-pid----2012----pid-1
---ebpf-pid----2089----pid-2089
---ebpf-pid----2089----pid-1
---ebpf-pid----2089----pid-2089
---ebpf-pid----2089----pid-1
---ebpf-pid----2089----pid-2089
---ebpf-pid----2088----pid-1
---ebpf-pid----2012----pid-2012
---ebpf-pid----2012----pid-1
---ebpf-pid----2089----pid-1
---ebpf-pid----2012----pid-1
---ebpf-pid----2012----pid-2012
---ebpf-pid----2012----pid-1
---ebpf-pid----2012----pid-2012
---ebpf-pid----2012----pid-1
---ebpf-pid----2012----pid-2012
---ebpf-pid----2012----pid-1
---ebpf-pid----2012----pid-2012
---ebpf-pid----2012----pid-1
---ebpf-pid----2012----pid-2012
---ebpf-pid----2012----pid-1
---ebpf-pid----2012----pid-2012
---ebpf-pid----2012----pid-1
---ebpf-pid----2012----pid-2012
---ebpf-pid----2012----pid-1
---ebpf-pid----2094----pid-2094
---ebpf-pid----2094----pid-1
---ebpf-pid----2094----pid-2094
---ebpf-pid----2094----pid-1
---ebpf-pid----2094----pid-2094
---ebpf-pid----2094----pid-1
---ebpf-pid----2094----pid-2094
---ebpf-pid----2094----pid-1
---ebpf-pid----2094----pid-2094
---ebpf-pid----2094----pid-1
---ebpf-pid----2094----pid-2094
---ebpf-pid----2094----pid-1
---ebpf-pid----2094----pid-2094
---ebpf-pid----2094----pid-1
---ebpf-pid----2094----pid-2094
---ebpf-pid----2094----pid-1
---ebpf-pid----2094----pid-2094
---ebpf-pid----2094----pid-1
---ebpf-pid----2094----pid-2094
---ebpf-pid----2094----pid-1
---ebpf-pid----2094----pid-2094
---ebpf-pid----2094----pid-1
---ebpf-pid----2094----pid-2094
---ebpf-pid----2094----pid-1
---ebpf-pid----2089----pid-2089
---ebpf-pid----2089----pid-1
---ebpf-pid----2089----pid-2089
---ebpf-pid----2089----pid-1
---ebpf-pid----2089----pid-2089
---ebpf-pid----2089----pid-1
---ebpf-pid----2089----pid-2089
---ebpf-pid----2089----pid-1
---ebpf-pid----2089----pid-2089
---ebpf-pid----2089----pid-1
---ebpf-pid----2089----pid-2089
---ebpf-pid----2089----pid-1
---ebpf-pid----2089----pid-2089
---ebpf-pid----2089----pid-1
---ebpf-pid----2089----pid-2089
---ebpf-pid----2089----pid-1
---ebpf-pid----2089----pid-2089
---ebpf-pid----2094----pid-2094
---ebpf-pid----2089----pid-1
---ebpf-pid----2089----pid-2089
---ebpf-pid----2094----pid-1
---ebpf-pid----2094----pid-2094
---ebpf-pid----2089----pid-1
---ebpf-pid----2089----pid-2089
---ebpf-pid----2094----pid-1
---ebpf-pid----2094----pid-2094
---ebpf-pid----2089----pid-1
---ebpf-pid----2089----pid-2089
---ebpf-pid----2094----pid-1
---ebpf-pid----2094----pid-2094
---ebpf-pid----2089----pid-1
---ebpf-pid----2089----pid-2089
---ebpf-pid----2094----pid-1
---ebpf-pid----2094----pid-2094
---ebpf-pid----2089----pid-1
---ebpf-pid----2094----pid-1
---ebpf-pid----2089----pid-2089
---ebpf-pid----2094----pid-2094
---ebpf-pid----2089----pid-1
---ebpf-pid----2094----pid-1
---ebpf-pid----2089----pid-2089
---ebpf-pid----379067----pid-379067
---ebpf-pid----2089----pid-1
---ebpf-pid----2089----pid-2089
---ebpf-pid----2089----pid-1
---ebpf-pid----2089----pid-2089
---ebpf-pid----2089----pid-1
---ebpf-pid----2089----pid-2089
---ebpf-pid----2089----pid-1
---ebpf-pid----2089----pid-2089
---ebpf-pid----2089----pid-1
---ebpf-pid----2089----pid-2089
---ebpf-pid----2089----pid-1
---ebpf-pid----2089----pid-2089
---ebpf-pid----2089----pid-1
---ebpf-pid----2089----pid-2089
---ebpf-pid----2089----pid-1
---ebpf-pid----2089----pid-2089
---ebpf-pid----2089----pid-1
---ebpf-pid----2089----pid-2089
---ebpf-pid----2089----pid-1
---ebpf-pid----2089----pid-2089
---ebpf-pid----2089----pid-1
---ebpf-pid----2089----pid-2089
---ebpf-pid----2089----pid-1
---ebpf-pid----2089----pid-2089
---ebpf-pid----2089----pid-1
---ebpf-pid----2089----pid-2089
---ebpf-pid----2089----pid-1
---ebpf-pid----2089----pid-2089
---ebpf-pid----2089----pid-1
---ebpf-pid----2089----pid-2089
---ebpf-pid----2089----pid-1
---ebpf-pid----2089----pid-2089
---ebpf-pid----2089----pid-1
---ebpf-pid----2089----pid-2089
---ebpf-pid----2089----pid-1
---ebpf-pid----2089----pid-2089
---ebpf-pid----2089----pid-1
---ebpf-pid----2089----pid-2089
---ebpf-pid----2012----pid-2012
---ebpf-pid----2012----pid-1
---ebpf-pid----2012----pid-2012
---ebpf-pid----2012----pid-1
---ebpf-pid----2012----pid-2012
---ebpf-pid----2012----pid-1
---ebpf-pid----2012----pid-2012
---ebpf-pid----2012----pid-1
---ebpf-pid----2012----pid-2012
---ebpf-pid----2012----pid-1
---ebpf-pid----2012----pid-2012
---ebpf-pid----2012----pid-1
---ebpf-pid----2012----pid-2012
---ebpf-pid----2012----pid-1
---ebpf-pid----2012----pid-2012
---ebpf-pid----2012----pid-1
---ebpf-pid----2012----pid-2012
---ebpf-pid----2012----pid-1
---ebpf-pid----2012----pid-2012
---ebpf-pid----2012----pid-1
---ebpf-pid----2012----pid-2012
---ebpf-pid----2012----pid-1
---ebpf-pid----2012----pid-2012
---ebpf-pid----2012----pid-1
---ebpf-pid----2012----pid-2012
---ebpf-pid----2012----pid-1
---ebpf-pid----2012----pid-2012
---ebpf-pid----2012----pid-1
---ebpf-pid----2012----pid-2012
---ebpf-pid----2012----pid-1
---ebpf-pid----2012----pid-2012
---ebpf-pid----2012----pid-1
---ebpf-pid----2012----pid-2012
---ebpf-pid----2012----pid-1
---ebpf-pid----2012----pid-2012
---ebpf-pid----2012----pid-1
---ebpf-pid----2012----pid-2012
---ebpf-pid----2012----pid-1
---ebpf-pid----2012----pid-2012
---ebpf-pid----2012----pid-1
---ebpf-pid----2012----pid-2012
---ebpf-pid----2012----pid-1
---ebpf-pid----2012----pid-2012
---ebpf-pid----2012----pid-1
---ebpf-pid----2012----pid-2012
---ebpf-pid----2012----pid-1
---ebpf-pid----2012----pid-2012
---ebpf-pid----2012----pid-1
---ebpf-pid----2012----pid-2012
---ebpf-pid----2012----pid-1
---ebpf-pid----2012----pid-2012
---ebpf-pid----2012----pid-1
---ebpf-pid----2012----pid-2012
---ebpf-pid----2012----pid-1
---ebpf-pid----2012----pid-2012
---ebpf-pid----2012----pid-1
---ebpf-pid----2012----pid-2012
---ebpf-pid----2012----pid-1
---ebpf-pid----2012----pid-2012
---ebpf-pid----2012----pid-1
---ebpf-pid----2012----pid-2012
---ebpf-pid----2012----pid-1
---ebpf-pid----2012----pid-2012
---ebpf-pid----2012----pid-1
---ebpf-pid----2012----pid-2012
---ebpf-pid----379067----pid-5476
---ebpf-pid----2012----pid-1
---ebpf-pid----2012----pid-2012
---ebpf-pid----379067----pid-1
---ebpf-pid----2088----pid-2088
---ebpf-pid----379067----pid-379067
---ebpf-pid----2088----pid-1
---ebpf-pid----2088----pid-2088
---ebpf-pid----379067----pid-5476
---ebpf-pid----2088----pid-1
---ebpf-pid----379067----pid-1
---ebpf-pid----2088----pid-2088
---ebpf-pid----379067----pid-379067
---ebpf-pid----379067----pid-5476
---ebpf-pid----2088----pid-1
---ebpf-pid----2088----pid-2088
---ebpf-pid----379067----pid-1
---ebpf-pid----372881----pid-372881
---ebpf-pid----2088----pid-1
---ebpf-pid----2088----pid-2088
---ebpf-pid----372881----pid-1
---ebpf-pid----2088----pid-1
---ebpf-pid----372881----pid-372881
---ebpf-pid----2088----pid-2088
---ebpf-pid----372881----pid-1
---ebpf-pid----372881----pid-372881
---ebpf-pid----2088----pid-1
---ebpf-pid----2088----pid-2088
---ebpf-pid----372881----pid-1
---ebpf-pid----2088----pid-1
---ebpf-pid----372881----pid-372881
---ebpf-pid----2088----pid-2088
---ebpf-pid----372881----pid-1
---ebpf-pid----2088----pid-1
---ebpf-pid----372881----pid-372881
---ebpf-pid----2088----pid-2088
---ebpf-pid----372881----pid-1
---ebpf-pid----2088----pid-1
---ebpf-pid----372881----pid-372881
---ebpf-pid----2088----pid-2088
---ebpf-pid----372881----pid-1
---ebpf-pid----2088----pid-1
---ebpf-pid----2088----pid-2088
---ebpf-pid----372881----pid-372881
---ebpf-pid----2088----pid-1
---ebpf-pid----372881----pid-1
---ebpf-pid----448546----pid-448546
---ebpf-pid----372881----pid-372881
---ebpf-pid----448546----pid-1
---ebpf-pid----372881----pid-1
---ebpf-pid----2088----pid-2088
---ebpf-pid----372881----pid-372881
---ebpf-pid----2088----pid-1
---ebpf-pid----372881----pid-1
---ebpf-pid----2088----pid-2088
---ebpf-pid----372881----pid-372881
---ebpf-pid----2088----pid-1
---ebpf-pid----2088----pid-2088
---ebpf-pid----372881----pid-1
---ebpf-pid----372881----pid-372881
---ebpf-pid----2088----pid-1
---ebpf-pid----2089----pid-2089
---ebpf-pid----372881----pid-1
---ebpf-pid----372881----pid-372881
---ebpf-pid----2089----pid-1
---ebpf-pid----2089----pid-2089
---ebpf-pid----372881----pid-1
---ebpf-pid----2089----pid-1
---ebpf-pid----372881----pid-372881
---ebpf-pid----2089----pid-2089
---ebpf-pid----372881----pid-1
---ebpf-pid----2089----pid-1
---ebpf-pid----2089----pid-2089
---ebpf-pid----2089----pid-1
---ebpf-pid----2089----pid-2089
---ebpf-pid----2089----pid-1
---ebpf-pid----2089----pid-2089
---ebpf-pid----2089----pid-1
---ebpf-pid----2089----pid-2089
---ebpf-pid----2089----pid-1
---ebpf-pid----2089----pid-2089
---ebpf-pid----2089----pid-1
---ebpf-pid----2089----pid-2089
---ebpf-pid----2089----pid-1
---ebpf-pid----6671----pid-6671
---ebpf-pid----6671----pid-5476
---ebpf-pid----2012----pid-1
---ebpf-pid----2012----pid-2012
---ebpf-pid----2012----pid-1
---ebpf-pid----2012----pid-2012
---ebpf-pid----2012----pid-1
---ebpf-pid----2012----pid-2012
---ebpf-pid----2012----pid-1
---ebpf-pid----2012----pid-2012
---ebpf-pid----2012----pid-1
---ebpf-pid----2012----pid-2012
---ebpf-pid----2012----pid-1
---ebpf-pid----2012----pid-2012
---ebpf-pid----2012----pid-1
---ebpf-pid----2012----pid-2012
---ebpf-pid----2012----pid-1
---ebpf-pid----2012----pid-2012
---ebpf-pid----2012----pid-1
---ebpf-pid----2012----pid-2012
---ebpf-pid----2012----pid-1
---ebpf-pid----2012----pid-2012
---ebpf-pid----2089----pid-1
---ebpf-pid----2089----pid-2089
---ebpf-pid----2089----pid-1
---ebpf-pid----2089----pid-2089
---ebpf-pid----2089----pid-1
---ebpf-pid----2089----pid-2089
---ebpf-pid----2089----pid-1
---ebpf-pid----2089----pid-2089
---ebpf-pid----2089----pid-1
---ebpf-pid----2089----pid-2089
---ebpf-pid----2089----pid-1
---ebpf-pid----2089----pid-2089
---ebpf-pid----2089----pid-1
---ebpf-pid----2089----pid-2089
---ebpf-pid----372881----pid-372881
---ebpf-pid----2089----pid-1
---ebpf-pid----372881----pid-372881
---ebpf-pid----372881----pid-1
---ebpf-pid----372881----pid-1
---ebpf-pid----372881----pid-372881
---ebpf-pid----372881----pid-372881
---ebpf-pid----372881----pid-1
---ebpf-pid----372881----pid-1
---ebpf-pid----372881----pid-372881
---ebpf-pid----372881----pid-372881
---ebpf-pid----372881----pid-1
---ebpf-pid----372881----pid-1
---ebpf-pid----372881----pid-372881
---ebpf-pid----372881----pid-372881
---ebpf-pid----372881----pid-1
---ebpf-pid----372881----pid-1
---ebpf-pid----372881----pid-372881
---ebpf-pid----372881----pid-372881
---ebpf-pid----372881----pid-1
---ebpf-pid----372881----pid-1
---ebpf-pid----372881----pid-372881
---ebpf-pid----372881----pid-372881
---ebpf-pid----372881----pid-1
---ebpf-pid----372881----pid-1
---ebpf-pid----372881----pid-372881
---ebpf-pid----372881----pid-372881
---ebpf-pid----372881----pid-1
---ebpf-pid----372881----pid-1
---ebpf-pid----372881----pid-372881
---ebpf-pid----372881----pid-372881
---ebpf-pid----372881----pid-1
---ebpf-pid----372881----pid-1
---ebpf-pid----372881----pid-372881
---ebpf-pid----372881----pid-372881
---ebpf-pid----372881----pid-1
---ebpf-pid----372881----pid-1
---ebpf-pid----372881----pid-372881
---ebpf-pid----372881----pid-372881
---ebpf-pid----372881----pid-1
---ebpf-pid----372881----pid-372881
---ebpf-pid----372881----pid-1
---ebpf-pid----372881----pid-372881
---ebpf-pid----372881----pid-1
---ebpf-pid----372881----pid-372881
---ebpf-pid----372881----pid-1
---ebpf-pid----2094----pid-2094
---ebpf-pid----372881----pid-1
---ebpf-pid----372881----pid-372881
---ebpf-pid----2094----pid-1
---ebpf-pid----2094----pid-2094
---ebpf-pid----372881----pid-1
---ebpf-pid----372881----pid-372881
---ebpf-pid----2094----pid-1
---ebpf-pid----2094----pid-2094
---ebpf-pid----2094----pid-1
---ebpf-pid----2094----pid-2094
---ebpf-pid----372881----pid-1
---ebpf-pid----2094----pid-1
---ebpf-pid----2094----pid-2094
---ebpf-pid----6671----pid-1
---ebpf-pid----448546----pid-448546
---ebpf-pid----2094----pid-1
---ebpf-pid----2094----pid-2094
---ebpf-pid----448546----pid-1
---ebpf-pid----2094----pid-1
---ebpf-pid----6671----pid-6671
---ebpf-pid----2094----pid-2094
---ebpf-pid----6671----pid-5476
---ebpf-pid----2094----pid-1
---ebpf-pid----2094----pid-2094
---ebpf-pid----6671----pid-1
---ebpf-pid----6671----pid-6671
---ebpf-pid----2094----pid-1
---ebpf-pid----2094----pid-2094
---ebpf-pid----6671----pid-5476
---ebpf-pid----2094----pid-1
---ebpf-pid----6671----pid-1
---ebpf-pid----6671----pid-6671
---ebpf-pid----372881----pid-372881
---ebpf-pid----6671----pid-5476
---ebpf-pid----372881----pid-1
---ebpf-pid----6671----pid-1
---ebpf-pid----372881----pid-372881
---ebpf-pid----5707----pid-5707
---ebpf-pid----372881----pid-1
---ebpf-pid----5707----pid-5476
---ebpf-pid----372881----pid-372881
---ebpf-pid----5707----pid-1
---ebpf-pid----5707----pid-5707
---ebpf-pid----5707----pid-5476
---ebpf-pid----5707----pid-1
---ebpf-pid----6671----pid-6671
---ebpf-pid----6671----pid-5476
---ebpf-pid----6671----pid-1
---ebpf-pid----379067----pid-379067
---ebpf-pid----379067----pid-5476
---ebpf-pid----379067----pid-1
---ebpf-pid----378284----pid-378284
---ebpf-pid----378284----pid-5476
---ebpf-pid----378284----pid-1
---ebpf-pid----378284----pid-378284
---ebpf-pid----378284----pid-5476
---ebpf-pid----378284----pid-1
---ebpf-pid----379067----pid-379067
---ebpf-pid----379067----pid-5476
---ebpf-pid----379067----pid-1
---ebpf-pid----378284----pid-378284
---ebpf-pid----378284----pid-5476
---ebpf-pid----378284----pid-1
---ebpf-pid----378284----pid-378284
---ebpf-pid----378284----pid-5476
---ebpf-pid----2012----pid-1
---ebpf-pid----2012----pid-2012
---ebpf-pid----2012----pid-1
---ebpf-pid----2012----pid-2012
---ebpf-pid----2012----pid-1
---ebpf-pid----2012----pid-2012
---ebpf-pid----2012----pid-1
---ebpf-pid----2012----pid-2012
---ebpf-pid----2012----pid-1
---ebpf-pid----2012----pid-2012
---ebpf-pid----2012----pid-1
---ebpf-pid----2012----pid-2012
---ebpf-pid----2012----pid-1
---ebpf-pid----2012----pid-2012
---ebpf-pid----2012----pid-1
---ebpf-pid----2012----pid-2012
---ebpf-pid----2012----pid-1
---ebpf-pid----2012----pid-2012
---ebpf-pid----2012----pid-1
---ebpf-pid----2012----pid-2012
---ebpf-pid----2012----pid-1
---ebpf-pid----2012----pid-2012
---ebpf-pid----2012----pid-1
---ebpf-pid----2012----pid-2012
---ebpf-pid----2012----pid-1
---ebpf-pid----2012----pid-2012
---ebpf-pid----2012----pid-1
---ebpf-pid----2012----pid-2012
---ebpf-pid----2012----pid-1
---ebpf-pid----2012----pid-2012
---ebpf-pid----2012----pid-1
---ebpf-pid----2012----pid-2012
---ebpf-pid----2012----pid-1
---ebpf-pid----2012----pid-2012
---ebpf-pid----2012----pid-1
---ebpf-pid----2012----pid-2012
---ebpf-pid----372881----pid-1
---ebpf-pid----2012----pid-1
---ebpf-pid----2012----pid-2012
---ebpf-pid----372881----pid-372881
---ebpf-pid----2012----pid-1
---ebpf-pid----372881----pid-1
---ebpf-pid----2012----pid-2012
---ebpf-pid----372881----pid-372881
---ebpf-pid----2012----pid-1
---ebpf-pid----2012----pid-2012
---ebpf-pid----372881----pid-1
---ebpf-pid----372881----pid-372881
---ebpf-pid----2012----pid-1
---ebpf-pid----2012----pid-2012
---ebpf-pid----372881----pid-1
---ebpf-pid----372881----pid-372881
---ebpf-pid----2012----pid-1
---ebpf-pid----2012----pid-2012
---ebpf-pid----372881----pid-1
---ebpf-pid----378284----pid-1
---ebpf-pid----372881----pid-372881
---ebpf-pid----379067----pid-379067
---ebpf-pid----372881----pid-1
---ebpf-pid----379067----pid-5476
---ebpf-pid----372881----pid-372881
---ebpf-pid----379067----pid-1
---ebpf-pid----378284----pid-378284
---ebpf-pid----372881----pid-1
---ebpf-pid----372881----pid-372881
---ebpf-pid----378284----pid-5476
---ebpf-pid----372881----pid-1
---ebpf-pid----378284----pid-1
---ebpf-pid----372881----pid-372881
---ebpf-pid----378284----pid-378284
---ebpf-pid----372881----pid-1
---ebpf-pid----378284----pid-5476
---ebpf-pid----372881----pid-372881
---ebpf-pid----378284----pid-1
---ebpf-pid----372881----pid-1
---ebpf-pid----379067----pid-379067
---ebpf-pid----372881----pid-372881
---ebpf-pid----379067----pid-5476
---ebpf-pid----372881----pid-1
---ebpf-pid----372881----pid-372881
---ebpf-pid----379067----pid-1
---ebpf-pid----378284----pid-378284
---ebpf-pid----372881----pid-1
---ebpf-pid----372881----pid-372881
---ebpf-pid----378284----pid-5476
---ebpf-pid----372881----pid-1
---ebpf-pid----372881----pid-372881
---ebpf-pid----378284----pid-1
---ebpf-pid----378284----pid-378284
---ebpf-pid----372881----pid-1
---ebpf-pid----372881----pid-372881
---ebpf-pid----378284----pid-5476
---ebpf-pid----378284----pid-1
---ebpf-pid----372881----pid-1
---ebpf-pid----378284----pid-378284
---ebpf-pid----372881----pid-372881
---ebpf-pid----378284----pid-5476
---ebpf-pid----372881----pid-1
---ebpf-pid----372881----pid-372881
---ebpf-pid----378284----pid-1
---ebpf-pid----378284----pid-378284
---ebpf-pid----372881----pid-1
---ebpf-pid----372881----pid-372881
---ebpf-pid----378284----pid-5476
---ebpf-pid----378284----pid-1
---ebpf-pid----372881----pid-1
---ebpf-pid----378284----pid-378284
---ebpf-pid----372881----pid-372881
---ebpf-pid----378284----pid-5476
---ebpf-pid----372881----pid-1
---ebpf-pid----372881----pid-372881
---ebpf-pid----378284----pid-1
---ebpf-pid----378284----pid-378284
---ebpf-pid----372881----pid-1
---ebpf-pid----372881----pid-372881
---ebpf-pid----378284----pid-5476
---ebpf-pid----378284----pid-1
---ebpf-pid----372881----pid-1
---ebpf-pid----378284----pid-378284
---ebpf-pid----372881----pid-372881
---ebpf-pid----372881----pid-1
---ebpf-pid----378284----pid-5476
---ebpf-pid----372881----pid-372881
---ebpf-pid----378284----pid-1
---ebpf-pid----372881----pid-1
---ebpf-pid----378284----pid-378284
---ebpf-pid----372881----pid-372881
---ebpf-pid----378284----pid-5476
---ebpf-pid----372881----pid-1
---ebpf-pid----372881----pid-372881
---ebpf-pid----378284----pid-1
---ebpf-pid----378284----pid-378284
---ebpf-pid----372881----pid-1
---ebpf-pid----378284----pid-5476
---ebpf-pid----372881----pid-372881
---ebpf-pid----378284----pid-1
---ebpf-pid----372881----pid-1
---ebpf-pid----378284----pid-378284
---ebpf-pid----372881----pid-372881
---ebpf-pid----378284----pid-5476
---ebpf-pid----378284----pid-1
---ebpf-pid----372881----pid-1
---ebpf-pid----378284----pid-378284
---ebpf-pid----372881----pid-372881
---ebpf-pid----378284----pid-5476
---ebpf-pid----372881----pid-1
---ebpf-pid----372881----pid-372881
---ebpf-pid----378284----pid-1
---ebpf-pid----378284----pid-378284
---ebpf-pid----372881----pid-1
---ebpf-pid----372881----pid-372881
---ebpf-pid----378284----pid-5476
---ebpf-pid----372881----pid-1
---ebpf-pid----378284----pid-1
---ebpf-pid----372881----pid-372881
---ebpf-pid----378284----pid-378284
---ebpf-pid----372881----pid-1
---ebpf-pid----378284----pid-5476
---ebpf-pid----372881----pid-372881
---ebpf-pid----378284----pid-1
---ebpf-pid----372881----pid-1
---ebpf-pid----378284----pid-378284
---ebpf-pid----372881----pid-372881
---ebpf-pid----378284----pid-5476
---ebpf-pid----372881----pid-1
---ebpf-pid----372881----pid-372881
---ebpf-pid----372881----pid-1
---ebpf-pid----2012----pid-1
---ebpf-pid----372881----pid-372881
---ebpf-pid----2012----pid-2012
---ebpf-pid----372881----pid-1
---ebpf-pid----2012----pid-1
---ebpf-pid----372881----pid-372881
---ebpf-pid----2094----pid-2094
---ebpf-pid----372881----pid-1
---ebpf-pid----2094----pid-1
---ebpf-pid----372881----pid-372881
---ebpf-pid----2094----pid-2094
---ebpf-pid----372881----pid-1
---ebpf-pid----2094----pid-1
---ebpf-pid----2094----pid-2094
---ebpf-pid----372881----pid-372881
---ebpf-pid----2094----pid-1
---ebpf-pid----2094----pid-2094
---ebpf-pid----2094----pid-1
---ebpf-pid----2094----pid-2094
---ebpf-pid----372881----pid-1
---ebpf-pid----372881----pid-372881
---ebpf-pid----2094----pid-1
---ebpf-pid----2094----pid-2094
---ebpf-pid----372881----pid-1
---ebpf-pid----372881----pid-372881
---ebpf-pid----2094----pid-1
---ebpf-pid----2094----pid-2094
---ebpf-pid----372881----pid-1
---ebpf-pid----372881----pid-372881
---ebpf-pid----2094----pid-1
---ebpf-pid----2094----pid-2094
---ebpf-pid----372881----pid-1
---ebpf-pid----372881----pid-372881
---ebpf-pid----2094----pid-1
---ebpf-pid----2094----pid-2094
---ebpf-pid----372881----pid-1
---ebpf-pid----372881----pid-372881
---ebpf-pid----2094----pid-1
---ebpf-pid----2094----pid-2094
---ebpf-pid----372881----pid-1
---ebpf-pid----372881----pid-372881
---ebpf-pid----2094----pid-1
---ebpf-pid----2094----pid-2094
---ebpf-pid----372881----pid-1
---ebpf-pid----372881----pid-372881
---ebpf-pid----2094----pid-1
---ebpf-pid----2094----pid-2094
---ebpf-pid----372881----pid-1
---ebpf-pid----2094----pid-1
---ebpf-pid----372881----pid-372881
---ebpf-pid----2089----pid-2089
---ebpf-pid----372881----pid-1
---ebpf-pid----2089----pid-1
---ebpf-pid----2089----pid-2089
---ebpf-pid----372881----pid-372881
---ebpf-pid----2089----pid-1
---ebpf-pid----372881----pid-1
---ebpf-pid----2089----pid-2089
---ebpf-pid----372881----pid-372881
---ebpf-pid----2089----pid-1
---ebpf-pid----2089----pid-2089
---ebpf-pid----372881----pid-1
---ebpf-pid----2089----pid-1
---ebpf-pid----372881----pid-372881
---ebpf-pid----2089----pid-2089
---ebpf-pid----372881----pid-1
---ebpf-pid----2089----pid-1
---ebpf-pid----372881----pid-372881
---ebpf-pid----2089----pid-2089
---ebpf-pid----372881----pid-1
---ebpf-pid----2089----pid-1
---ebpf-pid----372881----pid-372881
---ebpf-pid----2089----pid-2089
---ebpf-pid----372881----pid-1
---ebpf-pid----2089----pid-1
---ebpf-pid----372881----pid-372881
---ebpf-pid----2089----pid-2089
---ebpf-pid----372881----pid-1
---ebpf-pid----2089----pid-1
---ebpf-pid----372881----pid-372881
---ebpf-pid----2089----pid-2089
---ebpf-pid----372881----pid-1
---ebpf-pid----2089----pid-1
---ebpf-pid----372881----pid-372881
---ebpf-pid----2089----pid-2089
---ebpf-pid----372881----pid-1
---ebpf-pid----2089----pid-1
---ebpf-pid----372881----pid-372881
---ebpf-pid----2089----pid-2089
---ebpf-pid----2089----pid-1
---ebpf-pid----2089----pid-2089
---ebpf-pid----2089----pid-1
---ebpf-pid----2089----pid-2089
---ebpf-pid----2089----pid-1
---ebpf-pid----2089----pid-2089
---ebpf-pid----2089----pid-1
---ebpf-pid----2089----pid-2089
---ebpf-pid----2089----pid-1
---ebpf-pid----2089----pid-2089
---ebpf-pid----2089----pid-1
---ebpf-pid----2089----pid-2089
---ebpf-pid----2089----pid-1
---ebpf-pid----2089----pid-2089
---ebpf-pid----2089----pid-1
---ebpf-pid----2089----pid-2089
---ebpf-pid----2089----pid-1
---ebpf-pid----2089----pid-2089
---ebpf-pid----2089----pid-1
---ebpf-pid----2089----pid-2089
---ebpf-pid----2089----pid-1
---ebpf-pid----2089----pid-2089
---ebpf-pid----2089----pid-1
---ebpf-pid----2089----pid-2089
---ebpf-pid----2089----pid-1
---ebpf-pid----2089----pid-2089
---ebpf-pid----2089----pid-1
---ebpf-pid----2089----pid-2089
---ebpf-pid----2089----pid-1
---ebpf-pid----2089----pid-2089
---ebpf-pid----2089----pid-1
---ebpf-pid----2089----pid-2089
---ebpf-pid----2089----pid-1
---ebpf-pid----2089----pid-2089
---ebpf-pid----2089----pid-1
---ebpf-pid----2089----pid-2089
---ebpf-pid----2089----pid-1
---ebpf-pid----2089----pid-2089
---ebpf-pid----2089----pid-1
---ebpf-pid----2089----pid-2089
---ebpf-pid----2089----pid-1
---ebpf-pid----372881----pid-1
---ebpf-pid----2089----pid-2089
---ebpf-pid----372881----pid-372881
---ebpf-pid----2089----pid-1
---ebpf-pid----372881----pid-1
---ebpf-pid----2089----pid-2089
---ebpf-pid----372881----pid-372881
---ebpf-pid----2089----pid-1
---ebpf-pid----372881----pid-1
---ebpf-pid----2089----pid-2089
---ebpf-pid----372881----pid-372881
---ebpf-pid----372881----pid-1
---ebpf-pid----2089----pid-1
---ebpf-pid----372881----pid-372881
---ebpf-pid----2089----pid-2089
---ebpf-pid----372881----pid-1
---ebpf-pid----2089----pid-1
---ebpf-pid----372881----pid-372881
---ebpf-pid----2089----pid-2089
---ebpf-pid----372881----pid-1
---ebpf-pid----2089----pid-1
---ebpf-pid----372881----pid-372881
---ebpf-pid----2089----pid-2089
---ebpf-pid----372881----pid-1
---ebpf-pid----2089----pid-1
---ebpf-pid----372881----pid-372881
---ebpf-pid----2089----pid-2089
---ebpf-pid----372881----pid-1
---ebpf-pid----2089----pid-1
---ebpf-pid----372881----pid-372881
---ebpf-pid----2089----pid-2089
---ebpf-pid----372881----pid-1
---ebpf-pid----2089----pid-1
---ebpf-pid----372881----pid-372881
---ebpf-pid----2089----pid-2089
---ebpf-pid----372881----pid-1
---ebpf-pid----2089----pid-1
---ebpf-pid----372881----pid-372881
---ebpf-pid----2089----pid-2089
---ebpf-pid----372881----pid-1
---ebpf-pid----2089----pid-1
---ebpf-pid----372881----pid-372881
---ebpf-pid----2089----pid-2089
---ebpf-pid----372881----pid-1
---ebpf-pid----2089----pid-1
---ebpf-pid----372881----pid-372881
---ebpf-pid----2089----pid-2089
---ebpf-pid----372881----pid-1
---ebpf-pid----2089----pid-1
---ebpf-pid----372881----pid-372881
---ebpf-pid----2089----pid-2089
---ebpf-pid----372881----pid-1
---ebpf-pid----2089----pid-1
---ebpf-pid----372881----pid-372881
---ebpf-pid----2089----pid-2089
---ebpf-pid----372881----pid-1
---ebpf-pid----2089----pid-1
---ebpf-pid----372881----pid-372881
---ebpf-pid----2089----pid-2089
---ebpf-pid----372881----pid-1
---ebpf-pid----2089----pid-1
---ebpf-pid----372881----pid-372881
---ebpf-pid----2089----pid-2089
---ebpf-pid----372881----pid-1
---ebpf-pid----2089----pid-1
---ebpf-pid----372881----pid-372881
---ebpf-pid----2089----pid-2089
---ebpf-pid----372881----pid-1
---ebpf-pid----2089----pid-1
---ebpf-pid----372881----pid-372881
---ebpf-pid----372881----pid-1
---ebpf-pid----372881----pid-372881
---ebpf-pid----372881----pid-1
---ebpf-pid----372881----pid-372881
---ebpf-pid----372881----pid-1
---ebpf-pid----372881----pid-372881
---ebpf-pid----372881----pid-1
---ebpf-pid----372881----pid-372881
---ebpf-pid----372881----pid-1
---ebpf-pid----372881----pid-372881
---ebpf-pid----372881----pid-1
---ebpf-pid----372881----pid-372881
---ebpf-pid----372881----pid-1
---ebpf-pid----372881----pid-372881
---ebpf-pid----372881----pid-1
---ebpf-pid----372881----pid-372881
---ebpf-pid----372881----pid-1
---ebpf-pid----372881----pid-372881
---ebpf-pid----372881----pid-1
---ebpf-pid----372881----pid-372881
---ebpf-pid----372881----pid-1
---ebpf-pid----372881----pid-372881
---ebpf-pid----372881----pid-1
---ebpf-pid----372881----pid-372881
---ebpf-pid----372881----pid-1
---ebpf-pid----372881----pid-372881
---ebpf-pid----372881----pid-1
---ebpf-pid----372881----pid-372881
---ebpf-pid----372881----pid-1
---ebpf-pid----372881----pid-372881
---ebpf-pid----372881----pid-1
---ebpf-pid----372881----pid-372881
---ebpf-pid----372881----pid-1
---ebpf-pid----372881----pid-372881
---ebpf-pid----372881----pid-1
---ebpf-pid----372881----pid-372881
---ebpf-pid----372881----pid-1
---ebpf-pid----372881----pid-372881
---ebpf-pid----372881----pid-1
---ebpf-pid----372881----pid-372881
---ebpf-pid----372881----pid-1
---ebpf-pid----372881----pid-372881
---ebpf-pid----378284----pid-1
---ebpf-pid----372881----pid-1
---ebpf-pid----378284----pid-378284
---ebpf-pid----372881----pid-372881
---ebpf-pid----378284----pid-5476
---ebpf-pid----372881----pid-1
---ebpf-pid----372881----pid-372881
---ebpf-pid----378284----pid-1
---ebpf-pid----372881----pid-1
---ebpf-pid----2089----pid-2089
---ebpf-pid----378284----pid-378284
---ebpf-pid----372881----pid-372881
---ebpf-pid----378284----pid-5476
---ebpf-pid----2089----pid-1
---ebpf-pid----372881----pid-1
---ebpf-pid----2089----pid-2089
---ebpf-pid----372881----pid-372881
---ebpf-pid----378284----pid-1
---ebpf-pid----378284----pid-378284
---ebpf-pid----2089----pid-1
---ebpf-pid----372881----pid-1
---ebpf-pid----2089----pid-2089
---ebpf-pid----372881----pid-372881
---ebpf-pid----378284----pid-5476
---ebpf-pid----372881----pid-1
---ebpf-pid----2089----pid-1
---ebpf-pid----372881----pid-372881
---ebpf-pid----378284----pid-1
---ebpf-pid----2089----pid-2089
---ebpf-pid----378284----pid-378284
---ebpf-pid----372881----pid-1
---ebpf-pid----2089----pid-1
---ebpf-pid----372881----pid-372881
---ebpf-pid----378284----pid-5476
---ebpf-pid----2089----pid-2089
---ebpf-pid----372881----pid-1
---ebpf-pid----378284----pid-1
---ebpf-pid----2089----pid-1
---ebpf-pid----372881----pid-372881
---ebpf-pid----448785----pid-448785
---ebpf-pid----448785----pid-448520
---ebpf-pid----448785----pid-1
---ebpf-pid----378284----pid-378284
---ebpf-pid----378284----pid-5476
---ebpf-pid----378284----pid-1
---ebpf-pid----378284----pid-378284
---ebpf-pid----378284----pid-5476
---ebpf-pid----378284----pid-1
---ebpf-pid----378284----pid-378284
---ebpf-pid----378284----pid-5476
---ebpf-pid----378284----pid-1
---ebpf-pid----378284----pid-378284
---ebpf-pid----378284----pid-5476
---ebpf-pid----378284----pid-1
---ebpf-pid----378284----pid-378284
---ebpf-pid----378284----pid-5476
---ebpf-pid----378284----pid-1
---ebpf-pid----2089----pid-2089
---ebpf-pid----6671----pid-6671
---ebpf-pid----6671----pid-5476
---ebpf-pid----2089----pid-1
---ebpf-pid----2089----pid-2089
---ebpf-pid----6671----pid-1
---ebpf-pid----378284----pid-378284
---ebpf-pid----2089----pid-1
---ebpf-pid----6671----pid-6671
---ebpf-pid----378284----pid-5476
---ebpf-pid----6671----pid-5476
---ebpf-pid----378284----pid-1
---ebpf-pid----6671----pid-6671
---ebpf-pid----6671----pid-1
---ebpf-pid----6671----pid-5476
---ebpf-pid----2094----pid-2094
---ebpf-pid----6671----pid-1
---ebpf-pid----2094----pid-1
---ebpf-pid----6671----pid-6671
---ebpf-pid----2094----pid-2094
---ebpf-pid----6671----pid-5476
---ebpf-pid----2094----pid-1
---ebpf-pid----2094----pid-2094
---ebpf-pid----6671----pid-1
---ebpf-pid----378284----pid-378284
---ebpf-pid----2094----pid-1
---ebpf-pid----2094----pid-2094
---ebpf-pid----378284----pid-5476
---ebpf-pid----2094----pid-1
---ebpf-pid----378284----pid-1
---ebpf-pid----2094----pid-2094
---ebpf-pid----378284----pid-378284
---ebpf-pid----2094----pid-1
---ebpf-pid----378284----pid-5476
---ebpf-pid----2094----pid-2094
---ebpf-pid----378284----pid-1
---ebpf-pid----2094----pid-1
---ebpf-pid----2094----pid-2094
---ebpf-pid----6671----pid-6671
---ebpf-pid----2094----pid-1
---ebpf-pid----6671----pid-5476
---ebpf-pid----2094----pid-2094
---ebpf-pid----6671----pid-1
---ebpf-pid----6671----pid-6671
---ebpf-pid----2094----pid-1
---ebpf-pid----2094----pid-2094
---ebpf-pid----6671----pid-5476
---ebpf-pid----2094----pid-1
---ebpf-pid----2089----pid-2089
---ebpf-pid----6671----pid-1
---ebpf-pid----378284----pid-378284
---ebpf-pid----2089----pid-1
---ebpf-pid----372881----pid-1
---ebpf-pid----2089----pid-2089
---ebpf-pid----378284----pid-5476
---ebpf-pid----2089----pid-1
---ebpf-pid----372881----pid-372881
---ebpf-pid----378284----pid-1
---ebpf-pid----2089----pid-2089
---ebpf-pid----378284----pid-378284
---ebpf-pid----2089----pid-1
---ebpf-pid----378284----pid-5476
---ebpf-pid----2089----pid-2089
---ebpf-pid----378284----pid-1
---ebpf-pid----2089----pid-1
---ebpf-pid----378284----pid-378284
---ebpf-pid----378284----pid-5476
---ebpf-pid----378284----pid-1
---ebpf-pid----6671----pid-6671
---ebpf-pid----2089----pid-2089
---ebpf-pid----6671----pid-5476
---ebpf-pid----6671----pid-1
---ebpf-pid----378284----pid-378284
---ebpf-pid----378284----pid-5476
---ebpf-pid----2089----pid-1
---ebpf-pid----2089----pid-2089
---ebpf-pid----2089----pid-1
---ebpf-pid----2089----pid-2089
---ebpf-pid----2089----pid-1
---ebpf-pid----2089----pid-2089
---ebpf-pid----2089----pid-1
---ebpf-pid----2089----pid-2089
---ebpf-pid----2089----pid-1
---ebpf-pid----2089----pid-2089
---ebpf-pid----2089----pid-1
---ebpf-pid----2089----pid-2089
---ebpf-pid----2089----pid-1
---ebpf-pid----2089----pid-2089
---ebpf-pid----2089----pid-1
---ebpf-pid----2089----pid-2089
---ebpf-pid----2089----pid-1
---ebpf-pid----2089----pid-2089
---ebpf-pid----2089----pid-1
---ebpf-pid----2089----pid-2089
---ebpf-pid----2089----pid-1
---ebpf-pid----2089----pid-2089
---ebpf-pid----2089----pid-1
---ebpf-pid----2089----pid-2089
---ebpf-pid----2089----pid-1
---ebpf-pid----2089----pid-2089
---ebpf-pid----2089----pid-1
---ebpf-pid----2089----pid-2089
---ebpf-pid----2089----pid-1
---ebpf-pid----2089----pid-2089
---ebpf-pid----372881----pid-1
---ebpf-pid----2089----pid-1
---ebpf-pid----372881----pid-372881
---ebpf-pid----2089----pid-2089
---ebpf-pid----372881----pid-1
---ebpf-pid----2089----pid-1
---ebpf-pid----2089----pid-2089
---ebpf-pid----372881----pid-372881
---ebpf-pid----2089----pid-1
---ebpf-pid----372881----pid-1
---ebpf-pid----2089----pid-2089
---ebpf-pid----372881----pid-372881
---ebpf-pid----378284----pid-1
---ebpf-pid----2089----pid-1
---ebpf-pid----2089----pid-2089
---ebpf-pid----2089----pid-1
---ebpf-pid----2089----pid-2089
---ebpf-pid----2089----pid-1
---ebpf-pid----2089----pid-2089
---ebpf-pid----2089----pid-1
---ebpf-pid----2089----pid-2089
---ebpf-pid----2089----pid-1
---ebpf-pid----2089----pid-2089
---ebpf-pid----2089----pid-1
---ebpf-pid----2089----pid-2089
---ebpf-pid----2089----pid-1
---ebpf-pid----2089----pid-2089
---ebpf-pid----2089----pid-1
---ebpf-pid----2089----pid-2089
---ebpf-pid----2089----pid-1
---ebpf-pid----2089----pid-2089
---ebpf-pid----2089----pid-1
---ebpf-pid----2089----pid-2089
---ebpf-pid----2089----pid-1
---ebpf-pid----2089----pid-2089
---ebpf-pid----6671----pid-6671
---ebpf-pid----372881----pid-1
---ebpf-pid----372881----pid-372881
---ebpf-pid----372881----pid-1
---ebpf-pid----372881----pid-372881
---ebpf-pid----372881----pid-1
---ebpf-pid----372881----pid-372881
---ebpf-pid----372881----pid-1
---ebpf-pid----372881----pid-372881
---ebpf-pid----372881----pid-1
---ebpf-pid----372881----pid-372881
---ebpf-pid----372881----pid-1
---ebpf-pid----372881----pid-372881
---ebpf-pid----372881----pid-1
---ebpf-pid----372881----pid-372881
---ebpf-pid----372881----pid-1
---ebpf-pid----372881----pid-372881
---ebpf-pid----372881----pid-1
---ebpf-pid----372881----pid-372881
---ebpf-pid----372881----pid-1
---ebpf-pid----372881----pid-372881
---ebpf-pid----372881----pid-1
---ebpf-pid----372881----pid-372881
---ebpf-pid----372881----pid-1
---ebpf-pid----372881----pid-372881
---ebpf-pid----372881----pid-1
---ebpf-pid----372881----pid-372881
---ebpf-pid----372881----pid-1
---ebpf-pid----6671----pid-5476
---ebpf-pid----372881----pid-372881
---ebpf-pid----6671----pid-1
---ebpf-pid----372881----pid-1
---ebpf-pid----6671----pid-6671
---ebpf-pid----372881----pid-372881
---ebpf-pid----6671----pid-5476
---ebpf-pid----372881----pid-1
---ebpf-pid----372881----pid-372881
---ebpf-pid----6671----pid-1
---ebpf-pid----6671----pid-6671
---ebpf-pid----2089----pid-1
---ebpf-pid----2089----pid-2089
---ebpf-pid----2089----pid-1
---ebpf-pid----2089----pid-2089
---ebpf-pid----2089----pid-1
---ebpf-pid----2089----pid-2089
---ebpf-pid----2089----pid-1
---ebpf-pid----2089----pid-2089
---ebpf-pid----2089----pid-1
---ebpf-pid----2089----pid-2089
---ebpf-pid----2089----pid-1
---ebpf-pid----2089----pid-2089
---ebpf-pid----2089----pid-1
---ebpf-pid----2089----pid-2089
---ebpf-pid----2089----pid-1
---ebpf-pid----2089----pid-2089
---ebpf-pid----2089----pid-1
---ebpf-pid----2089----pid-2089
---ebpf-pid----2089----pid-1
---ebpf-pid----2089----pid-2089
---ebpf-pid----2089----pid-1
---ebpf-pid----2089----pid-2089
---ebpf-pid----2089----pid-1
---ebpf-pid----2089----pid-2089
---ebpf-pid----2089----pid-1
---ebpf-pid----6671----pid-5476
---ebpf-pid----372881----pid-1
---ebpf-pid----372881----pid-372881
---ebpf-pid----372881----pid-1
---ebpf-pid----372881----pid-372881
---ebpf-pid----372881----pid-1
---ebpf-pid----372881----pid-372881
---ebpf-pid----372881----pid-1
---ebpf-pid----372881----pid-372881
---ebpf-pid----372881----pid-1
---ebpf-pid----372881----pid-372881
---ebpf-pid----372881----pid-1
---ebpf-pid----372881----pid-372881
---ebpf-pid----372881----pid-1
---ebpf-pid----372881----pid-372881
---ebpf-pid----372881----pid-1
---ebpf-pid----372881----pid-372881
---ebpf-pid----372881----pid-1
---ebpf-pid----372881----pid-372881
---ebpf-pid----6671----pid-1
---ebpf-pid----6671----pid-6671
---ebpf-pid----372881----pid-1
---ebpf-pid----372881----pid-372881
---ebpf-pid----6671----pid-5476
---ebpf-pid----372881----pid-1
---ebpf-pid----6671----pid-1
---ebpf-pid----372881----pid-372881
---ebpf-pid----378284----pid-378284
---ebpf-pid----372881----pid-1
---ebpf-pid----378284----pid-5476
---ebpf-pid----372881----pid-372881
---ebpf-pid----378284----pid-1
---ebpf-pid----372881----pid-1
---ebpf-pid----378284----pid-378284
---ebpf-pid----372881----pid-372881
---ebpf-pid----378284----pid-5476
---ebpf-pid----372881----pid-1
---ebpf-pid----372881----pid-372881
---ebpf-pid----378284----pid-1
---ebpf-pid----6671----pid-6671
---ebpf-pid----372881----pid-1
---ebpf-pid----372881----pid-372881
---ebpf-pid----6671----pid-5476
---ebpf-pid----372881----pid-1
---ebpf-pid----372881----pid-372881
---ebpf-pid----6671----pid-1
---ebpf-pid----6671----pid-6671
---ebpf-pid----372881----pid-1
---ebpf-pid----372881----pid-372881
---ebpf-pid----6671----pid-5476
---ebpf-pid----372881----pid-1
---ebpf-pid----6671----pid-1
---ebpf-pid----372881----pid-372881
---ebpf-pid----378284----pid-378284
---ebpf-pid----372881----pid-1
---ebpf-pid----378284----pid-5476
---ebpf-pid----372881----pid-372881
---ebpf-pid----378284----pid-1
---ebpf-pid----372881----pid-1
---ebpf-pid----6671----pid-6671
---ebpf-pid----2089----pid-2089
---ebpf-pid----2089----pid-1
---ebpf-pid----2089----pid-2089
---ebpf-pid----2089----pid-1
---ebpf-pid----2089----pid-2089
---ebpf-pid----2089----pid-1
---ebpf-pid----2089----pid-2089
---ebpf-pid----2089----pid-1
---ebpf-pid----2089----pid-2089
---ebpf-pid----2089----pid-1
---ebpf-pid----2089----pid-2089
---ebpf-pid----2089----pid-1
---ebpf-pid----2089----pid-2089
---ebpf-pid----2089----pid-1
---ebpf-pid----2089----pid-2089
---ebpf-pid----2089----pid-1
---ebpf-pid----2089----pid-2089
---ebpf-pid----2089----pid-1
---ebpf-pid----2089----pid-2089
---ebpf-pid----2089----pid-1
---ebpf-pid----2089----pid-2089
---ebpf-pid----2089----pid-1
---ebpf-pid----2089----pid-2089
---ebpf-pid----2089----pid-1
---ebpf-pid----2089----pid-2089
---ebpf-pid----2089----pid-1
---ebpf-pid----2089----pid-2089
---ebpf-pid----2089----pid-1
---ebpf-pid----2089----pid-2089
---ebpf-pid----2089----pid-1
---ebpf-pid----2089----pid-2089
---ebpf-pid----2089----pid-1
---ebpf-pid----2089----pid-2089
---ebpf-pid----2089----pid-1
---ebpf-pid----2089----pid-2089
---ebpf-pid----2089----pid-1
---ebpf-pid----2089----pid-2089
---ebpf-pid----2089----pid-1
---ebpf-pid----6671----pid-5476
---ebpf-pid----6671----pid-1
---ebpf-pid----6671----pid-6671
---ebpf-pid----6671----pid-5476
---ebpf-pid----6671----pid-1
---ebpf-pid----6671----pid-6671
---ebpf-pid----6671----pid-5476
---ebpf-pid----372881----pid-372881
---ebpf-pid----372881----pid-1
---ebpf-pid----372881----pid-372881
---ebpf-pid----372881----pid-1
---ebpf-pid----372881----pid-372881
---ebpf-pid----372881----pid-1
---ebpf-pid----372881----pid-372881
---ebpf-pid----372881----pid-1
---ebpf-pid----372881----pid-372881
---ebpf-pid----372881----pid-1
---ebpf-pid----372881----pid-372881
---ebpf-pid----372881----pid-1
---ebpf-pid----372881----pid-372881
---ebpf-pid----372881----pid-1
---ebpf-pid----372881----pid-372881
---ebpf-pid----372881----pid-1
---ebpf-pid----372881----pid-372881
---ebpf-pid----6671----pid-1
---ebpf-pid----372881----pid-1
---ebpf-pid----372881----pid-372881
---ebpf-pid----378284----pid-378284
---ebpf-pid----2089----pid-2089
---ebpf-pid----2089----pid-1
---ebpf-pid----2089----pid-2089
---ebpf-pid----378284----pid-5476
---ebpf-pid----2089----pid-1
---ebpf-pid----2089----pid-2089
---ebpf-pid----378284----pid-1
---ebpf-pid----6671----pid-6671
---ebpf-pid----2089----pid-1
---ebpf-pid----2089----pid-2089
---ebpf-pid----6671----pid-5476
---ebpf-pid----6671----pid-1
---ebpf-pid----6671----pid-6671
---ebpf-pid----6671----pid-5476
---ebpf-pid----2089----pid-1
---ebpf-pid----6671----pid-1
---ebpf-pid----2089----pid-2089
---ebpf-pid----378284----pid-378284
---ebpf-pid----2089----pid-1
---ebpf-pid----378284----pid-5476
---ebpf-pid----2089----pid-2089
---ebpf-pid----378284----pid-1
---ebpf-pid----2089----pid-1
---ebpf-pid----378284----pid-378284
---ebpf-pid----2089----pid-2089
---ebpf-pid----378284----pid-5476
---ebpf-pid----2089----pid-1
---ebpf-pid----2089----pid-2089
---ebpf-pid----378284----pid-1
---ebpf-pid----378284----pid-378284
---ebpf-pid----2089----pid-1
---ebpf-pid----2089----pid-2089
---ebpf-pid----378284----pid-5476
---ebpf-pid----2089----pid-1
---ebpf-pid----378284----pid-1
---ebpf-pid----379067----pid-379067
---ebpf-pid----372881----pid-1
---ebpf-pid----372881----pid-372881
---ebpf-pid----379067----pid-5476
---ebpf-pid----372881----pid-1
---ebpf-pid----379067----pid-1
---ebpf-pid----372881----pid-372881
---ebpf-pid----379067----pid-379067
---ebpf-pid----372881----pid-1
---ebpf-pid----379067----pid-5476
---ebpf-pid----372881----pid-372881
---ebpf-pid----379067----pid-1
---ebpf-pid----372881----pid-1
---ebpf-pid----379067----pid-379067
---ebpf-pid----372881----pid-372881
---ebpf-pid----379067----pid-5476
---ebpf-pid----372881----pid-1
---ebpf-pid----372881----pid-372881
---ebpf-pid----379067----pid-1
---ebpf-pid----378284----pid-378284
---ebpf-pid----372881----pid-1
---ebpf-pid----372881----pid-372881
---ebpf-pid----378284----pid-5476
---ebpf-pid----372881----pid-1
---ebpf-pid----372881----pid-372881
---ebpf-pid----378284----pid-1
---ebpf-pid----372881----pid-1
---ebpf-pid----372881----pid-372881
---ebpf-pid----372881----pid-1
---ebpf-pid----372881----pid-372881
---ebpf-pid----372881----pid-1
---ebpf-pid----372881----pid-372881
---ebpf-pid----372881----pid-1
---ebpf-pid----372881----pid-372881
---ebpf-pid----372881----pid-1
---ebpf-pid----372881----pid-372881
---ebpf-pid----372881----pid-1
---ebpf-pid----372881----pid-372881
---ebpf-pid----372881----pid-1
---ebpf-pid----372881----pid-372881
---ebpf-pid----372881----pid-1
---ebpf-pid----2089----pid-2089
---ebpf-pid----2089----pid-1
---ebpf-pid----2089----pid-2089
---ebpf-pid----2089----pid-1
---ebpf-pid----2089----pid-2089
---ebpf-pid----378284----pid-378284
---ebpf-pid----378284----pid-5476
---ebpf-pid----378284----pid-1
---ebpf-pid----379067----pid-379067
---ebpf-pid----379067----pid-5476
---ebpf-pid----379067----pid-1
---ebpf-pid----379067----pid-379067
---ebpf-pid----379067----pid-5476
---ebpf-pid----379067----pid-1
---ebpf-pid----378284----pid-378284
---ebpf-pid----378284----pid-5476
---ebpf-pid----378284----pid-1
---ebpf-pid----379067----pid-379067
---ebpf-pid----2089----pid-1
---ebpf-pid----2089----pid-2089
---ebpf-pid----2089----pid-1
---ebpf-pid----2089----pid-2089
---ebpf-pid----2089----pid-1
---ebpf-pid----2089----pid-2089
---ebpf-pid----2089----pid-1
---ebpf-pid----2089----pid-2089
---ebpf-pid----2089----pid-1
---ebpf-pid----2089----pid-2089
---ebpf-pid----2089----pid-1
---ebpf-pid----2089----pid-2089
---ebpf-pid----2089----pid-1
---ebpf-pid----2089----pid-2089
---ebpf-pid----372881----pid-372881
---ebpf-pid----379067----pid-5476
---ebpf-pid----379067----pid-1
---ebpf-pid----379067----pid-379067
---ebpf-pid----379067----pid-5476
---ebpf-pid----379067----pid-1
---ebpf-pid----379067----pid-379067
---ebpf-pid----379067----pid-5476
---ebpf-pid----379067----pid-1
---ebpf-pid----378284----pid-378284
---ebpf-pid----2089----pid-1
---ebpf-pid----378284----pid-5476
---ebpf-pid----2089----pid-2089
---ebpf-pid----378284----pid-1
---ebpf-pid----379067----pid-379067
---ebpf-pid----2089----pid-1
---ebpf-pid----2089----pid-2089
---ebpf-pid----379067----pid-5476
---ebpf-pid----2089----pid-1
---ebpf-pid----2089----pid-2089
---ebpf-pid----379067----pid-1
---ebpf-pid----378284----pid-378284
---ebpf-pid----2089----pid-1
---ebpf-pid----2089----pid-2089
---ebpf-pid----378284----pid-5476
---ebpf-pid----378284----pid-1
---ebpf-pid----2089----pid-1
---ebpf-pid----378284----pid-378284
---ebpf-pid----2089----pid-2089
---ebpf-pid----378284----pid-5476
---ebpf-pid----2089----pid-1
---ebpf-pid----2089----pid-2089
---ebpf-pid----378284----pid-1
---ebpf-pid----379067----pid-379067
---ebpf-pid----2089----pid-1
---ebpf-pid----2089----pid-2089
---ebpf-pid----379067----pid-5476
---ebpf-pid----379067----pid-1
---ebpf-pid----2089----pid-1
---ebpf-pid----379067----pid-379067
---ebpf-pid----2089----pid-2089
---ebpf-pid----372881----pid-1
---ebpf-pid----379067----pid-5476
---ebpf-pid----372881----pid-372881
---ebpf-pid----2089----pid-1
---ebpf-pid----2089----pid-2089
---ebpf-pid----379067----pid-1
---ebpf-pid----372881----pid-1
---ebpf-pid----379067----pid-379067
---ebpf-pid----372881----pid-372881
---ebpf-pid----2089----pid-1
---ebpf-pid----2089----pid-2089
---ebpf-pid----379067----pid-5476
---ebpf-pid----372881----pid-1
---ebpf-pid----2089----pid-1
---ebpf-pid----379067----pid-1
---ebpf-pid----2089----pid-2089
---ebpf-pid----378284----pid-378284
---ebpf-pid----2089----pid-1
---ebpf-pid----378284----pid-5476
---ebpf-pid----2089----pid-2089
---ebpf-pid----378284----pid-1
---ebpf-pid----2089----pid-1
---ebpf-pid----378284----pid-378284
---ebpf-pid----372881----pid-372881
---ebpf-pid----2089----pid-2089
---ebpf-pid----378284----pid-5476
---ebpf-pid----2089----pid-1
---ebpf-pid----2089----pid-2089
---ebpf-pid----372881----pid-1
---ebpf-pid----378284----pid-1
---ebpf-pid----372881----pid-372881
---ebpf-pid----5703----pid-5703
---ebpf-pid----372881----pid-1
---ebpf-pid----5703----pid-5476
---ebpf-pid----2094----pid-2094
---ebpf-pid----2089----pid-1
---ebpf-pid----2089----pid-2089
---ebpf-pid----5703----pid-1
---ebpf-pid----2094----pid-1
---ebpf-pid----448785----pid-448785
---ebpf-pid----6671----pid-6671
---ebpf-pid----2089----pid-1
---ebpf-pid----2089----pid-2089
---ebpf-pid----448785----pid-448520
---ebpf-pid----6671----pid-5476
---ebpf-pid----2089----pid-1
---ebpf-pid----448785----pid-1
---ebpf-pid----2089----pid-2089
---ebpf-pid----6671----pid-1
---ebpf-pid----2012----pid-2012
---ebpf-pid----378284----pid-378284
---ebpf-pid----2089----pid-1
---ebpf-pid----2012----pid-1
---ebpf-pid----2089----pid-2089
---ebpf-pid----378284----pid-5476
---ebpf-pid----2012----pid-2012
---ebpf-pid----2089----pid-1
---ebpf-pid----378284----pid-1
---ebpf-pid----2012----pid-1
---ebpf-pid----2089----pid-2089
---ebpf-pid----378284----pid-378284
---ebpf-pid----2012----pid-2012
---ebpf-pid----2089----pid-1
---ebpf-pid----2089----pid-2089
---ebpf-pid----378284----pid-5476
---ebpf-pid----378284----pid-1
---ebpf-pid----2089----pid-2089
---ebpf-pid----2089----pid-1
---ebpf-pid----2089----pid-2089
---ebpf-pid----2089----pid-1
---ebpf-pid----2089----pid-2089
---ebpf-pid----2089----pid-1
---ebpf-pid----2089----pid-2089
---ebpf-pid----2089----pid-1
---ebpf-pid----2089----pid-2089
---ebpf-pid----2089----pid-1
---ebpf-pid----2089----pid-2089
---ebpf-pid----2012----pid-1
---ebpf-pid----2012----pid-2012
---ebpf-pid----2089----pid-1
---ebpf-pid----2089----pid-2089
---ebpf-pid----2012----pid-1
---ebpf-pid----2012----pid-2012
---ebpf-pid----2089----pid-1
---ebpf-pid----2089----pid-2089
---ebpf-pid----2012----pid-1
---ebpf-pid----2012----pid-2012
---ebpf-pid----2089----pid-1
---ebpf-pid----2089----pid-2089
---ebpf-pid----2012----pid-1
---ebpf-pid----2012----pid-2012
---ebpf-pid----2089----pid-1
---ebpf-pid----2012----pid-1
---ebpf-pid----2089----pid-2089
---ebpf-pid----2012----pid-2012
---ebpf-pid----2089----pid-1
---ebpf-pid----2012----pid-1
---ebpf-pid----2089----pid-2089
---ebpf-pid----2012----pid-2012
---ebpf-pid----2012----pid-1
---ebpf-pid----2089----pid-1
---ebpf-pid----2012----pid-2012
---ebpf-pid----2089----pid-2089
---ebpf-pid----2012----pid-1
---ebpf-pid----2089----pid-1
---ebpf-pid----2012----pid-2012
---ebpf-pid----2089----pid-2089
---ebpf-pid----2012----pid-1
---ebpf-pid----2012----pid-2012
---ebpf-pid----2089----pid-1
---ebpf-pid----2089----pid-2089
---ebpf-pid----2012----pid-1
---ebpf-pid----379067----pid-379067
---ebpf-pid----2089----pid-1
---ebpf-pid----378284----pid-378284
---ebpf-pid----379067----pid-5476
---ebpf-pid----378284----pid-5476
---ebpf-pid----379067----pid-1
---ebpf-pid----379067----pid-379067
---ebpf-pid----378284----pid-1
---ebpf-pid----379067----pid-5476
---ebpf-pid----2012----pid-2012
---ebpf-pid----379067----pid-1
---ebpf-pid----379067----pid-379067
---ebpf-pid----2012----pid-1
---ebpf-pid----2012----pid-2012
---ebpf-pid----379067----pid-5476
---ebpf-pid----2012----pid-1
---ebpf-pid----379067----pid-1
---ebpf-pid----5705----pid-5705
---ebpf-pid----379067----pid-379067
---ebpf-pid----2089----pid-1
---ebpf-pid----5705----pid-5476
---ebpf-pid----379067----pid-5476
---ebpf-pid----2089----pid-2089
---ebpf-pid----5705----pid-1
---ebpf-pid----379067----pid-1
---ebpf-pid----5705----pid-5705
---ebpf-pid----2089----pid-1
---ebpf-pid----378284----pid-378284
---ebpf-pid----2089----pid-2089
---ebpf-pid----2089----pid-1
---ebpf-pid----378284----pid-5476
---ebpf-pid----5705----pid-5476
---ebpf-pid----2089----pid-2089
---ebpf-pid----378284----pid-1
---ebpf-pid----5705----pid-1
---ebpf-pid----2089----pid-1
---ebpf-pid----378284----pid-378284
---ebpf-pid----5705----pid-5705
---ebpf-pid----2089----pid-2089
---ebpf-pid----378284----pid-5476
---ebpf-pid----5705----pid-5476
---ebpf-pid----2089----pid-1
---ebpf-pid----2089----pid-2089
---ebpf-pid----378284----pid-1
---ebpf-pid----5705----pid-1
---ebpf-pid----2094----pid-2094
---ebpf-pid----378284----pid-378284
---ebpf-pid----2089----pid-1
---ebpf-pid----2089----pid-2089
---ebpf-pid----2094----pid-1
---ebpf-pid----2094----pid-2094
---ebpf-pid----378284----pid-5476
---ebpf-pid----2089----pid-1
---ebpf-pid----2089----pid-2089
---ebpf-pid----2094----pid-1
---ebpf-pid----378284----pid-1
---ebpf-pid----2094----pid-2094
---ebpf-pid----2089----pid-1
---ebpf-pid----378284----pid-378284
---ebpf-pid----2089----pid-2089
---ebpf-pid----2094----pid-1
---ebpf-pid----378284----pid-5476
---ebpf-pid----2094----pid-2094
---ebpf-pid----2089----pid-1
---ebpf-pid----2089----pid-2089
---ebpf-pid----378284----pid-1
---ebpf-pid----5705----pid-5705
---ebpf-pid----5705----pid-5476
---ebpf-pid----5705----pid-1
---ebpf-pid----5705----pid-5705
---ebpf-pid----5705----pid-5476
---ebpf-pid----5705----pid-1
---ebpf-pid----5705----pid-5705
---ebpf-pid----5705----pid-5476
---ebpf-pid----5705----pid-1
---ebpf-pid----5705----pid-5705
---ebpf-pid----5705----pid-5476
---ebpf-pid----2094----pid-1
---ebpf-pid----2094----pid-2094
---ebpf-pid----5705----pid-1
---ebpf-pid----5705----pid-5705
---ebpf-pid----2094----pid-1
---ebpf-pid----2094----pid-2094
---ebpf-pid----5705----pid-5476
---ebpf-pid----2094----pid-1
---ebpf-pid----2094----pid-2094
---ebpf-pid----5705----pid-1
---ebpf-pid----5705----pid-5705
---ebpf-pid----2094----pid-1
---ebpf-pid----2094----pid-2094
---ebpf-pid----5705----pid-5476
---ebpf-pid----2094----pid-1
---ebpf-pid----2094----pid-2094
---ebpf-pid----5705----pid-1
---ebpf-pid----5705----pid-5705
---ebpf-pid----2094----pid-1
---ebpf-pid----6671----pid-6671
---ebpf-pid----5705----pid-5476
---ebpf-pid----6671----pid-5476
---ebpf-pid----5705----pid-1
---ebpf-pid----6671----pid-1
---ebpf-pid----5705----pid-5705
---ebpf-pid----6671----pid-6671
---ebpf-pid----6671----pid-5476
---ebpf-pid----2089----pid-1
---ebpf-pid----2089----pid-2089
---ebpf-pid----6671----pid-1
---ebpf-pid----6671----pid-6671
---ebpf-pid----2089----pid-1
---ebpf-pid----6671----pid-5476
---ebpf-pid----2089----pid-2089
---ebpf-pid----6671----pid-1
---ebpf-pid----2089----pid-1
---ebpf-pid----6671----pid-6671
---ebpf-pid----2012----pid-2012
---ebpf-pid----6671----pid-5476
---ebpf-pid----2012----pid-1
---ebpf-pid----2012----pid-2012
---ebpf-pid----6671----pid-1
---ebpf-pid----6671----pid-6671
---ebpf-pid----2012----pid-1
---ebpf-pid----6671----pid-5476
---ebpf-pid----2012----pid-2012
---ebpf-pid----6671----pid-1
---ebpf-pid----2012----pid-1
---ebpf-pid----6671----pid-6671
---ebpf-pid----2012----pid-2012
---ebpf-pid----6671----pid-5476
---ebpf-pid----2012----pid-1
---ebpf-pid----6671----pid-1
---ebpf-pid----2012----pid-2012
---ebpf-pid----6671----pid-6671
---ebpf-pid----2012----pid-1
---ebpf-pid----6671----pid-5476
---ebpf-pid----2012----pid-2012
---ebpf-pid----6671----pid-1
---ebpf-pid----6671----pid-6671
---ebpf-pid----2012----pid-1
---ebpf-pid----2012----pid-2012
---ebpf-pid----6671----pid-5476
---ebpf-pid----2012----pid-1
---ebpf-pid----6671----pid-1
---ebpf-pid----6671----pid-6671
---ebpf-pid----6671----pid-5476
---ebpf-pid----6671----pid-1
---ebpf-pid----2088----pid-2088
---ebpf-pid----2088----pid-1
---ebpf-pid----2088----pid-2088
---ebpf-pid----2088----pid-1
---ebpf-pid----2088----pid-2088
---ebpf-pid----2088----pid-1
---ebpf-pid----2088----pid-2088
---ebpf-pid----2088----pid-1
---ebpf-pid----2088----pid-2088
---ebpf-pid----2088----pid-1
---ebpf-pid----2088----pid-2088
---ebpf-pid----2088----pid-1
---ebpf-pid----2088----pid-2088
---ebpf-pid----2088----pid-1
---ebpf-pid----2088----pid-2088
---ebpf-pid----2088----pid-1
---ebpf-pid----2088----pid-2088
---ebpf-pid----2088----pid-1
---ebpf-pid----2088----pid-2088
---ebpf-pid----2088----pid-1
---ebpf-pid----448783----pid-448783
---ebpf-pid----448783----pid-448520
---ebpf-pid----448783----pid-1
---ebpf-pid----448783----pid-448783
---ebpf-pid----5705----pid-5476
---ebpf-pid----448783----pid-448520
---ebpf-pid----5705----pid-1
---ebpf-pid----5705----pid-5705
---ebpf-pid----448783----pid-1
---ebpf-pid----448783----pid-448783
---ebpf-pid----5705----pid-5476
---ebpf-pid----448783----pid-448520
---ebpf-pid----5705----pid-1
---ebpf-pid----5705----pid-5705
---ebpf-pid----448783----pid-1
---ebpf-pid----448783----pid-448783
---ebpf-pid----5705----pid-5476
---ebpf-pid----448783----pid-448520
---ebpf-pid----5705----pid-1
---ebpf-pid----2094----pid-2094
---ebpf-pid----448783----pid-1
---ebpf-pid----448783----pid-448783
---ebpf-pid----2094----pid-1
---ebpf-pid----2094----pid-2094
---ebpf-pid----448783----pid-448520
---ebpf-pid----2094----pid-1
---ebpf-pid----448783----pid-1
---ebpf-pid----2094----pid-2094
---ebpf-pid----448783----pid-448783
---ebpf-pid----2094----pid-1
---ebpf-pid----2094----pid-2094
---ebpf-pid----448783----pid-448520
---ebpf-pid----2094----pid-1
---ebpf-pid----448783----pid-1
---ebpf-pid----2094----pid-2094
---ebpf-pid----448783----pid-448783
---ebpf-pid----448783----pid-448520
---ebpf-pid----2094----pid-1
---ebpf-pid----2094----pid-2094
---ebpf-pid----448783----pid-1
---ebpf-pid----2088----pid-2088
---ebpf-pid----2088----pid-1
---ebpf-pid----2088----pid-2088
---ebpf-pid----2088----pid-1
---ebpf-pid----2088----pid-2088
---ebpf-pid----2088----pid-1
---ebpf-pid----2088----pid-2088
---ebpf-pid----2088----pid-1
---ebpf-pid----2088----pid-2088
---ebpf-pid----2088----pid-1
---ebpf-pid----2088----pid-2088
---ebpf-pid----2088----pid-1
---ebpf-pid----2088----pid-2088
---ebpf-pid----2088----pid-1
---ebpf-pid----2088----pid-2088
---ebpf-pid----2088----pid-1
---ebpf-pid----2088----pid-2088
---ebpf-pid----2088----pid-1
---ebpf-pid----378284----pid-378284
---ebpf-pid----378284----pid-5476
---ebpf-pid----378284----pid-1
---ebpf-pid----378284----pid-378284
---ebpf-pid----378284----pid-5476
---ebpf-pid----378284----pid-1
---ebpf-pid----378284----pid-378284
---ebpf-pid----378284----pid-5476
---ebpf-pid----378284----pid-1
---ebpf-pid----378284----pid-378284
---ebpf-pid----378284----pid-5476
---ebpf-pid----378284----pid-1
---ebpf-pid----378284----pid-378284
---ebpf-pid----378284----pid-5476
---ebpf-pid----378284----pid-1
---ebpf-pid----2012----pid-2012
---ebpf-pid----2012----pid-1
---ebpf-pid----2012----pid-2012
---ebpf-pid----2012----pid-1
---ebpf-pid----2012----pid-2012
---ebpf-pid----2012----pid-1
---ebpf-pid----2012----pid-2012
---ebpf-pid----2012----pid-1
---ebpf-pid----2012----pid-2012
---ebpf-pid----2012----pid-1
---ebpf-pid----2094----pid-1
---ebpf-pid----2012----pid-2012
---ebpf-pid----2094----pid-2094
---ebpf-pid----2012----pid-1
---ebpf-pid----2094----pid-1
---ebpf-pid----2012----pid-2012
---ebpf-pid----2094----pid-2094
---ebpf-pid----2094----pid-1
---ebpf-pid----378284----pid-378284
---ebpf-pid----2094----pid-2094
---ebpf-pid----378284----pid-5476
---ebpf-pid----2094----pid-1
---ebpf-pid----5707----pid-5707
---ebpf-pid----378284----pid-1
---ebpf-pid----378284----pid-378284
---ebpf-pid----5707----pid-5476
---ebpf-pid----378284----pid-5476
---ebpf-pid----5707----pid-1
---ebpf-pid----5707----pid-5707
---ebpf-pid----378284----pid-1
---ebpf-pid----378284----pid-378284
---ebpf-pid----5707----pid-5476
---ebpf-pid----378284----pid-5476
---ebpf-pid----5707----pid-1
---ebpf-pid----5707----pid-5707
---ebpf-pid----378284----pid-1
---ebpf-pid----378284----pid-378284
---ebpf-pid----5707----pid-5476
---ebpf-pid----378284----pid-5476
---ebpf-pid----378284----pid-1
---ebpf-pid----378284----pid-378284
---ebpf-pid----378284----pid-5476
---ebpf-pid----378284----pid-1
---ebpf-pid----378284----pid-378284
---ebpf-pid----378284----pid-5476
---ebpf-pid----378284----pid-1
---ebpf-pid----378284----pid-378284
---ebpf-pid----378284----pid-5476
---ebpf-pid----378284----pid-1
---ebpf-pid----378284----pid-378284
---ebpf-pid----378284----pid-5476
---ebpf-pid----378284----pid-1
---ebpf-pid----378284----pid-378284
---ebpf-pid----378284----pid-5476
---ebpf-pid----378284----pid-1
---ebpf-pid----378284----pid-378284
---ebpf-pid----378284----pid-5476
---ebpf-pid----378284----pid-1
---ebpf-pid----378284----pid-378284
---ebpf-pid----378284----pid-5476
---ebpf-pid----378284----pid-1
---ebpf-pid----448784----pid-448784
---ebpf-pid----448784----pid-448520
---ebpf-pid----448784----pid-1
---ebpf-pid----378284----pid-378284
---ebpf-pid----378284----pid-5476
---ebpf-pid----5707----pid-1
---ebpf-pid----5707----pid-5707
---ebpf-pid----5707----pid-5476
---ebpf-pid----378284----pid-1
---ebpf-pid----5707----pid-1
---ebpf-pid----2012----pid-1
---ebpf-pid----5707----pid-5707
---ebpf-pid----2012----pid-2012
---ebpf-pid----378284----pid-378284
---ebpf-pid----5707----pid-5476
---ebpf-pid----378284----pid-5476
---ebpf-pid----5707----pid-1
---ebpf-pid----2088----pid-2088
---ebpf-pid----378284----pid-1
---ebpf-pid----378284----pid-378284
---ebpf-pid----2088----pid-1
---ebpf-pid----2088----pid-2088
---ebpf-pid----378284----pid-5476
---ebpf-pid----2088----pid-1
---ebpf-pid----2088----pid-2088
---ebpf-pid----378284----pid-1
---ebpf-pid----378284----pid-378284
---ebpf-pid----2088----pid-1
---ebpf-pid----2088----pid-2088
---ebpf-pid----378284----pid-5476
---ebpf-pid----2088----pid-1
---ebpf-pid----378284----pid-1
---ebpf-pid----2088----pid-2088
---ebpf-pid----378284----pid-378284
---ebpf-pid----2088----pid-1
---ebpf-pid----378284----pid-5476
---ebpf-pid----2088----pid-2088
---ebpf-pid----378284----pid-1
---ebpf-pid----2088----pid-1
---ebpf-pid----378284----pid-378284
---ebpf-pid----2088----pid-2088
---ebpf-pid----378284----pid-5476
---ebpf-pid----2088----pid-1
---ebpf-pid----2088----pid-2088
---ebpf-pid----378284----pid-1
---ebpf-pid----378284----pid-378284
---ebpf-pid----2088----pid-1
---ebpf-pid----2088----pid-2088
---ebpf-pid----378284----pid-5476
---ebpf-pid----2088----pid-1
---ebpf-pid----378284----pid-1
---ebpf-pid----2088----pid-2088
---ebpf-pid----378284----pid-378284
---ebpf-pid----2088----pid-1
---ebpf-pid----2088----pid-2088
---ebpf-pid----378284----pid-5476
---ebpf-pid----378284----pid-1
---ebpf-pid----378284----pid-378284
---ebpf-pid----378284----pid-5476
---ebpf-pid----378284----pid-1
---ebpf-pid----378284----pid-378284
---ebpf-pid----378284----pid-5476
---ebpf-pid----378284----pid-1
---ebpf-pid----378284----pid-378284
---ebpf-pid----378284----pid-5476
---ebpf-pid----378284----pid-1
---ebpf-pid----378284----pid-378284
---ebpf-pid----378284----pid-5476
---ebpf-pid----378284----pid-1
---ebpf-pid----378284----pid-378284
---ebpf-pid----378284----pid-5476
---ebpf-pid----378284----pid-1
---ebpf-pid----378284----pid-378284
---ebpf-pid----378284----pid-5476
---ebpf-pid----378284----pid-1
---ebpf-pid----378284----pid-378284
---ebpf-pid----378284----pid-5476
---ebpf-pid----378284----pid-1
---ebpf-pid----378284----pid-378284
---ebpf-pid----378284----pid-5476
---ebpf-pid----378284----pid-1
---ebpf-pid----378284----pid-378284
---ebpf-pid----378284----pid-5476
---ebpf-pid----2088----pid-1
---ebpf-pid----2088----pid-2088
---ebpf-pid----378284----pid-1
---ebpf-pid----378284----pid-378284
---ebpf-pid----2088----pid-1
---ebpf-pid----2088----pid-2088
---ebpf-pid----378284----pid-5476
---ebpf-pid----2088----pid-1
---ebpf-pid----2088----pid-2088
---ebpf-pid----378284----pid-1
---ebpf-pid----2088----pid-2088
---ebpf-pid----2088----pid-1
---ebpf-pid----2088----pid-2088
---ebpf-pid----2088----pid-1
---ebpf-pid----2088----pid-2088
---ebpf-pid----2088----pid-1
---ebpf-pid----2088----pid-2088
---ebpf-pid----2088----pid-1
---ebpf-pid----2088----pid-2088
---ebpf-pid----2088----pid-1
---ebpf-pid----2088----pid-2088
---ebpf-pid----2088----pid-1
---ebpf-pid----2088----pid-2088
---ebpf-pid----2088----pid-1
---ebpf-pid----2088----pid-2088
---ebpf-pid----2088----pid-1
---ebpf-pid----2088----pid-2088
---ebpf-pid----2088----pid-1
---ebpf-pid----2088----pid-1
---ebpf-pid----2088----pid-2088
---ebpf-pid----2088----pid-2088
---ebpf-pid----2088----pid-1
---ebpf-pid----2088----pid-1
---ebpf-pid----2088----pid-2088
---ebpf-pid----2088----pid-2088
---ebpf-pid----2088----pid-1
---ebpf-pid----2088----pid-1
---ebpf-pid----2088----pid-2088
---ebpf-pid----2088----pid-2088
---ebpf-pid----2088----pid-1
---ebpf-pid----2088----pid-1
---ebpf-pid----2088----pid-2088
---ebpf-pid----2088----pid-2088
---ebpf-pid----2088----pid-1
---ebpf-pid----2088----pid-2088
---ebpf-pid----2088----pid-1
---ebpf-pid----372881----pid-372881
---ebpf-pid----2088----pid-1
---ebpf-pid----2088----pid-2088
---ebpf-pid----372881----pid-1
---ebpf-pid----372881----pid-372881
---ebpf-pid----2088----pid-1
---ebpf-pid----2088----pid-2088
---ebpf-pid----372881----pid-1
---ebpf-pid----372881----pid-372881
---ebpf-pid----2088----pid-1
---ebpf-pid----2012----pid-1
---ebpf-pid----2088----pid-2088
---ebpf-pid----2012----pid-2012
---ebpf-pid----2088----pid-1
---ebpf-pid----372881----pid-1
---ebpf-pid----2088----pid-2088
---ebpf-pid----372881----pid-372881
---ebpf-pid----2012----pid-1
---ebpf-pid----2012----pid-2012
---ebpf-pid----2088----pid-1
---ebpf-pid----372881----pid-1
---ebpf-pid----2088----pid-2088
---ebpf-pid----372881----pid-372881
---ebpf-pid----2012----pid-1
---ebpf-pid----2012----pid-2012
---ebpf-pid----2088----pid-1
---ebpf-pid----372881----pid-1
---ebpf-pid----2088----pid-2088
---ebpf-pid----372881----pid-372881
---ebpf-pid----2012----pid-1
---ebpf-pid----2012----pid-2012
---ebpf-pid----2088----pid-1
---ebpf-pid----372881----pid-1
---ebpf-pid----2088----pid-2088
---ebpf-pid----372881----pid-372881
---ebpf-pid----2012----pid-1
---ebpf-pid----2012----pid-2012
---ebpf-pid----2088----pid-1
---ebpf-pid----372881----pid-1
---ebpf-pid----2088----pid-2088
---ebpf-pid----372881----pid-372881
---ebpf-pid----2012----pid-1
---ebpf-pid----2012----pid-2012
---ebpf-pid----2088----pid-1
---ebpf-pid----372881----pid-1
---ebpf-pid----2088----pid-2088
---ebpf-pid----372881----pid-372881
---ebpf-pid----2012----pid-1
---ebpf-pid----2012----pid-2012
---ebpf-pid----372881----pid-1
---ebpf-pid----372881----pid-372881
---ebpf-pid----2012----pid-1
---ebpf-pid----2012----pid-2012
---ebpf-pid----372881----pid-1
---ebpf-pid----372881----pid-372881
---ebpf-pid----2012----pid-1
---ebpf-pid----2012----pid-2012
---ebpf-pid----372881----pid-1
---ebpf-pid----372881----pid-372881
---ebpf-pid----2012----pid-1
---ebpf-pid----372881----pid-1
---ebpf-pid----2012----pid-2012
---ebpf-pid----372881----pid-372881
---ebpf-pid----2012----pid-1
---ebpf-pid----372881----pid-1
---ebpf-pid----2012----pid-2012
---ebpf-pid----372881----pid-372881
---ebpf-pid----372881----pid-1
---ebpf-pid----2012----pid-1
---ebpf-pid----372881----pid-372881
---ebpf-pid----2012----pid-2012
---ebpf-pid----372881----pid-1
---ebpf-pid----2012----pid-1
---ebpf-pid----372881----pid-372881
---ebpf-pid----2012----pid-2012
---ebpf-pid----372881----pid-1
---ebpf-pid----372881----pid-372881
---ebpf-pid----2012----pid-1
---ebpf-pid----2012----pid-2012
---ebpf-pid----372881----pid-1
---ebpf-pid----2012----pid-1
---ebpf-pid----2012----pid-2012
---ebpf-pid----2088----pid-1
---ebpf-pid----2088----pid-2088
---ebpf-pid----2012----pid-1
---ebpf-pid----2012----pid-2012
---ebpf-pid----2088----pid-1
---ebpf-pid----2088----pid-2088
---ebpf-pid----2012----pid-1
---ebpf-pid----2012----pid-2012
---ebpf-pid----2088----pid-1
---ebpf-pid----5705----pid-5705
---ebpf-pid----2012----pid-1
---ebpf-pid----2012----pid-2012
---ebpf-pid----5705----pid-5476
---ebpf-pid----2012----pid-1
---ebpf-pid----5705----pid-1
---ebpf-pid----2012----pid-2012
---ebpf-pid----5705----pid-5705
---ebpf-pid----5705----pid-5476
---ebpf-pid----2012----pid-1
---ebpf-pid----2012----pid-2012
---ebpf-pid----5705----pid-1
---ebpf-pid----5705----pid-5705
---ebpf-pid----2012----pid-1
---ebpf-pid----2012----pid-2012
---ebpf-pid----5705----pid-5476
---ebpf-pid----5705----pid-1
---ebpf-pid----372881----pid-372881
---ebpf-pid----372881----pid-1
---ebpf-pid----372881----pid-372881
---ebpf-pid----372881----pid-1
---ebpf-pid----2088----pid-2088
---ebpf-pid----2088----pid-1
---ebpf-pid----2088----pid-2088
---ebpf-pid----2088----pid-1
---ebpf-pid----2088----pid-2088
---ebpf-pid----2088----pid-1
---ebpf-pid----2088----pid-2088
---ebpf-pid----2088----pid-1
---ebpf-pid----2088----pid-2088
---ebpf-pid----2088----pid-1
---ebpf-pid----2088----pid-2088
---ebpf-pid----5705----pid-5705
---ebpf-pid----2088----pid-1
---ebpf-pid----5705----pid-5476
---ebpf-pid----2088----pid-2088
---ebpf-pid----2012----pid-1
---ebpf-pid----2012----pid-2012
---ebpf-pid----5705----pid-1
---ebpf-pid----2012----pid-1
---ebpf-pid----5705----pid-5705
---ebpf-pid----2012----pid-2012
---ebpf-pid----2012----pid-1
---ebpf-pid----5705----pid-5476
---ebpf-pid----2012----pid-2012
---ebpf-pid----5705----pid-1
---ebpf-pid----2012----pid-1
---ebpf-pid----5705----pid-5705
---ebpf-pid----2012----pid-2012
---ebpf-pid----5705----pid-5476
---ebpf-pid----2012----pid-1
---ebpf-pid----2012----pid-2012
---ebpf-pid----5705----pid-1
---ebpf-pid----5705----pid-5705
---ebpf-pid----2012----pid-1
---ebpf-pid----2012----pid-2012
---ebpf-pid----5705----pid-5476
---ebpf-pid----2012----pid-1
---ebpf-pid----5705----pid-1
---ebpf-pid----2012----pid-2012
---ebpf-pid----5705----pid-5705
---ebpf-pid----2012----pid-1
---ebpf-pid----5705----pid-5476
---ebpf-pid----2012----pid-2012
---ebpf-pid----5705----pid-1
---ebpf-pid----2012----pid-1
---ebpf-pid----5705----pid-5705
---ebpf-pid----2012----pid-2012
---ebpf-pid----5705----pid-5476
---ebpf-pid----2012----pid-1
---ebpf-pid----2012----pid-2012
---ebpf-pid----5705----pid-1
---ebpf-pid----5705----pid-5705
---ebpf-pid----5705----pid-5476
---ebpf-pid----2012----pid-1
---ebpf-pid----5705----pid-1
---ebpf-pid----2012----pid-2012
---ebpf-pid----5705----pid-5705
---ebpf-pid----5705----pid-5476
---ebpf-pid----2012----pid-1
---ebpf-pid----2012----pid-2012
---ebpf-pid----5705----pid-1
---ebpf-pid----2012----pid-1
---ebpf-pid----5705----pid-5705
---ebpf-pid----2012----pid-2012
---ebpf-pid----5705----pid-5476
---ebpf-pid----2012----pid-1
---ebpf-pid----2012----pid-2012
---ebpf-pid----5705----pid-1
---ebpf-pid----6671----pid-6671
---ebpf-pid----2012----pid-1
---ebpf-pid----2012----pid-2012
---ebpf-pid----6671----pid-5476
---ebpf-pid----2012----pid-1
---ebpf-pid----6671----pid-1
---ebpf-pid----2012----pid-2012
---ebpf-pid----6671----pid-6671
---ebpf-pid----2012----pid-1
---ebpf-pid----2089----pid-2089
---ebpf-pid----2089----pid-1
---ebpf-pid----2089----pid-2089
---ebpf-pid----2089----pid-1
---ebpf-pid----2089----pid-2089
---ebpf-pid----2089----pid-1
---ebpf-pid----2089----pid-2089
---ebpf-pid----2089----pid-1
---ebpf-pid----2089----pid-2089
---ebpf-pid----2089----pid-1
---ebpf-pid----2089----pid-2089
---ebpf-pid----2089----pid-1
---ebpf-pid----2089----pid-2089
---ebpf-pid----2089----pid-1
---ebpf-pid----2089----pid-2089
---ebpf-pid----2089----pid-1
---ebpf-pid----2089----pid-2089
---ebpf-pid----2089----pid-1
---ebpf-pid----2089----pid-2089
---ebpf-pid----2089----pid-1
---ebpf-pid----2089----pid-2089
---ebpf-pid----2089----pid-1
---ebpf-pid----2089----pid-2089
---ebpf-pid----2089----pid-1
---ebpf-pid----2089----pid-2089
---ebpf-pid----2089----pid-1
---ebpf-pid----2089----pid-2089
---ebpf-pid----2089----pid-1
---ebpf-pid----2089----pid-2089
---ebpf-pid----2089----pid-1
---ebpf-pid----2089----pid-2089
---ebpf-pid----2089----pid-1
---ebpf-pid----2089----pid-2089
---ebpf-pid----2089----pid-1
---ebpf-pid----2089----pid-2089
---ebpf-pid----2089----pid-1
---ebpf-pid----2089----pid-2089
---ebpf-pid----2089----pid-1
---ebpf-pid----2089----pid-2089
---ebpf-pid----2089----pid-1
---ebpf-pid----2089----pid-2089
---ebpf-pid----2089----pid-1
---ebpf-pid----2089----pid-2089
---ebpf-pid----2088----pid-1
---ebpf-pid----2088----pid-2088
---ebpf-pid----2089----pid-1
---ebpf-pid----2089----pid-2089
---ebpf-pid----2088----pid-1
---ebpf-pid----6671----pid-5476
---ebpf-pid----2088----pid-2088
---ebpf-pid----2089----pid-1
---ebpf-pid----2089----pid-2089
---ebpf-pid----2088----pid-1
---ebpf-pid----6671----pid-1
---ebpf-pid----2088----pid-2088
---ebpf-pid----6671----pid-6671
---ebpf-pid----2089----pid-1
---ebpf-pid----2089----pid-2089
---ebpf-pid----6671----pid-5476
---ebpf-pid----2088----pid-1
---ebpf-pid----2088----pid-2088
---ebpf-pid----2089----pid-1
---ebpf-pid----2089----pid-2089
---ebpf-pid----6671----pid-1
---ebpf-pid----6671----pid-6671
---ebpf-pid----2088----pid-1
---ebpf-pid----2089----pid-1
---ebpf-pid----2088----pid-2088
---ebpf-pid----2089----pid-2089
---ebpf-pid----6671----pid-5476
---ebpf-pid----2088----pid-1
---ebpf-pid----2089----pid-1
---ebpf-pid----6671----pid-1
---ebpf-pid----2088----pid-2088
---ebpf-pid----2089----pid-2089
---ebpf-pid----6671----pid-6671
---ebpf-pid----2088----pid-1
---ebpf-pid----2089----pid-1
---ebpf-pid----2089----pid-2089
---ebpf-pid----2089----pid-1
---ebpf-pid----2089----pid-2089
---ebpf-pid----6671----pid-5476
---ebpf-pid----2089----pid-1
---ebpf-pid----2089----pid-2089
---ebpf-pid----6671----pid-1
---ebpf-pid----2089----pid-1
---ebpf-pid----6671----pid-6671
---ebpf-pid----2089----pid-2089
---ebpf-pid----6671----pid-5476
---ebpf-pid----2089----pid-1
---ebpf-pid----2089----pid-2089
---ebpf-pid----6671----pid-1
---ebpf-pid----6671----pid-6671
---ebpf-pid----2089----pid-1
---ebpf-pid----6671----pid-5476
---ebpf-pid----2089----pid-2089
---ebpf-pid----6671----pid-1
---ebpf-pid----2089----pid-1
---ebpf-pid----6671----pid-6671
---ebpf-pid----2089----pid-2089
---ebpf-pid----6671----pid-5476
---ebpf-pid----2089----pid-1
---ebpf-pid----2089----pid-2089
---ebpf-pid----6671----pid-1
---ebpf-pid----6671----pid-6671
---ebpf-pid----2089----pid-1
---ebpf-pid----2089----pid-2089
---ebpf-pid----6671----pid-5476
---ebpf-pid----2089----pid-1
---ebpf-pid----6671----pid-1
---ebpf-pid----2089----pid-2089
---ebpf-pid----6671----pid-6671
---ebpf-pid----2089----pid-1
---ebpf-pid----6671----pid-5476
---ebpf-pid----2089----pid-2089
---ebpf-pid----6671----pid-1
---ebpf-pid----6671----pid-6671
---ebpf-pid----2089----pid-1
---ebpf-pid----2089----pid-2089
---ebpf-pid----6671----pid-5476
---ebpf-pid----2089----pid-1
---ebpf-pid----2089----pid-2089
---ebpf-pid----6671----pid-1
---ebpf-pid----6671----pid-6671
---ebpf-pid----2089----pid-1
---ebpf-pid----6671----pid-5476
---ebpf-pid----2089----pid-2089
---ebpf-pid----6671----pid-1
---ebpf-pid----6671----pid-6671
---ebpf-pid----2089----pid-1
---ebpf-pid----6671----pid-5476
---ebpf-pid----6671----pid-1
---ebpf-pid----6671----pid-6671
---ebpf-pid----6671----pid-5476
---ebpf-pid----6671----pid-1
---ebpf-pid----6671----pid-6671
---ebpf-pid----6671----pid-5476
---ebpf-pid----6671----pid-1
---ebpf-pid----372881----pid-372881
---ebpf-pid----2088----pid-2088
---ebpf-pid----372881----pid-1
---ebpf-pid----2088----pid-1
---ebpf-pid----372881----pid-372881
---ebpf-pid----2088----pid-2088
---ebpf-pid----372881----pid-1
---ebpf-pid----2088----pid-1
---ebpf-pid----372881----pid-372881
---ebpf-pid----2088----pid-2088
---ebpf-pid----372881----pid-1
---ebpf-pid----2088----pid-1
---ebpf-pid----372881----pid-372881
---ebpf-pid----2088----pid-2088
---ebpf-pid----372881----pid-1
---ebpf-pid----2088----pid-1
---ebpf-pid----372881----pid-372881
---ebpf-pid----2088----pid-2088
---ebpf-pid----372881----pid-1
---ebpf-pid----2088----pid-1
---ebpf-pid----372881----pid-372881
---ebpf-pid----2088----pid-2088
---ebpf-pid----372881----pid-1
---ebpf-pid----2088----pid-1
---ebpf-pid----372881----pid-372881
---ebpf-pid----2088----pid-2088
---ebpf-pid----372881----pid-1
---ebpf-pid----2088----pid-1
---ebpf-pid----372881----pid-372881
---ebpf-pid----2088----pid-2088
---ebpf-pid----372881----pid-1
---ebpf-pid----2088----pid-1
---ebpf-pid----372881----pid-372881
---ebpf-pid----2088----pid-2088
---ebpf-pid----372881----pid-1
---ebpf-pid----372881----pid-372881
---ebpf-pid----2088----pid-1
---ebpf-pid----2088----pid-2088
---ebpf-pid----372881----pid-1
---ebpf-pid----372881----pid-372881
---ebpf-pid----2088----pid-1
---ebpf-pid----2088----pid-2088
---ebpf-pid----372881----pid-1
---ebpf-pid----372881----pid-372881
---ebpf-pid----2088----pid-1
---ebpf-pid----2088----pid-2088
---ebpf-pid----372881----pid-1
---ebpf-pid----372881----pid-372881
---ebpf-pid----2088----pid-1
---ebpf-pid----2088----pid-2088
---ebpf-pid----372881----pid-1
---ebpf-pid----2088----pid-1
---ebpf-pid----372881----pid-372881
---ebpf-pid----2088----pid-2088
---ebpf-pid----372881----pid-1
---ebpf-pid----2088----pid-1
---ebpf-pid----372881----pid-372881
---ebpf-pid----2088----pid-2088
---ebpf-pid----372881----pid-1
---ebpf-pid----2088----pid-1
---ebpf-pid----372881----pid-372881
---ebpf-pid----2088----pid-2088
---ebpf-pid----2088----pid-1
---ebpf-pid----372881----pid-1
---ebpf-pid----2088----pid-2088
---ebpf-pid----372881----pid-372881
---ebpf-pid----2088----pid-1
---ebpf-pid----372881----pid-1
---ebpf-pid----2088----pid-2088
---ebpf-pid----372881----pid-372881
---ebpf-pid----2088----pid-1
---ebpf-pid----372881----pid-1
---ebpf-pid----2088----pid-2088
---ebpf-pid----378284----pid-378284
---ebpf-pid----2088----pid-1
---ebpf-pid----378284----pid-5476
---ebpf-pid----2088----pid-2088
---ebpf-pid----378284----pid-1
---ebpf-pid----2088----pid-1
---ebpf-pid----378284----pid-378284
---ebpf-pid----2088----pid-2088
---ebpf-pid----378284----pid-5476
---ebpf-pid----2088----pid-1
---ebpf-pid----2088----pid-2088
---ebpf-pid----378284----pid-1
---ebpf-pid----378284----pid-378284
---ebpf-pid----2088----pid-1
---ebpf-pid----2088----pid-2088
---ebpf-pid----378284----pid-5476
---ebpf-pid----2088----pid-1
---ebpf-pid----2088----pid-2088
---ebpf-pid----378284----pid-1
---ebpf-pid----378284----pid-378284
---ebpf-pid----2089----pid-2089
---ebpf-pid----2088----pid-1
---ebpf-pid----2088----pid-2088
---ebpf-pid----378284----pid-5476
---ebpf-pid----2088----pid-1
---ebpf-pid----2089----pid-1
---ebpf-pid----378284----pid-1
---ebpf-pid----2088----pid-2088
---ebpf-pid----2089----pid-2089
---ebpf-pid----378284----pid-378284
---ebpf-pid----2088----pid-1
---ebpf-pid----2089----pid-1
---ebpf-pid----378284----pid-5476
---ebpf-pid----2088----pid-2088
---ebpf-pid----2089----pid-2089
---ebpf-pid----2088----pid-1
---ebpf-pid----378284----pid-1
---ebpf-pid----2089----pid-1
---ebpf-pid----2088----pid-2088
---ebpf-pid----2088----pid-2088
---ebpf-pid----2089----pid-2089
---ebpf-pid----2088----pid-1
---ebpf-pid----2088----pid-1
---ebpf-pid----2089----pid-1
---ebpf-pid----2088----pid-2088
---ebpf-pid----2088----pid-2088
---ebpf-pid----2089----pid-2089
---ebpf-pid----2088----pid-1
---ebpf-pid----2088----pid-1
---ebpf-pid----2089----pid-1
---ebpf-pid----2088----pid-2088
---ebpf-pid----2088----pid-2088
---ebpf-pid----2089----pid-2089
---ebpf-pid----2088----pid-1
---ebpf-pid----2089----pid-1
---ebpf-pid----2088----pid-2088
---ebpf-pid----2089----pid-2089
---ebpf-pid----2088----pid-1
---ebpf-pid----2089----pid-1
---ebpf-pid----2088----pid-2088
---ebpf-pid----2089----pid-2089
---ebpf-pid----2088----pid-1
---ebpf-pid----2089----pid-1
---ebpf-pid----2088----pid-2088
---ebpf-pid----2089----pid-2089
---ebpf-pid----2088----pid-1
---ebpf-pid----2089----pid-1
---ebpf-pid----2088----pid-2088
---ebpf-pid----2089----pid-2089
---ebpf-pid----2088----pid-1
---ebpf-pid----2089----pid-1
---ebpf-pid----2088----pid-2088
---ebpf-pid----2089----pid-2089
---ebpf-pid----2088----pid-1
---ebpf-pid----2088----pid-2088
---ebpf-pid----2089----pid-1
---ebpf-pid----2089----pid-2089
---ebpf-pid----2088----pid-1
---ebpf-pid----2088----pid-2088
---ebpf-pid----2089----pid-1
---ebpf-pid----2089----pid-2089
---ebpf-pid----2088----pid-1
---ebpf-pid----2088----pid-2088
---ebpf-pid----2089----pid-1
---ebpf-pid----2089----pid-2089
---ebpf-pid----2088----pid-1
---ebpf-pid----2088----pid-2088
---ebpf-pid----2089----pid-1
---ebpf-pid----2088----pid-1
---ebpf-pid----2012----pid-2012
---ebpf-pid----2088----pid-2088
---ebpf-pid----2088----pid-1
---ebpf-pid----2012----pid-1
---ebpf-pid----2088----pid-2088
---ebpf-pid----2012----pid-2012
---ebpf-pid----2088----pid-1
---ebpf-pid----2012----pid-1
---ebpf-pid----2088----pid-2088
---ebpf-pid----2088----pid-1
---ebpf-pid----2088----pid-2088
---ebpf-pid----2012----pid-2012
---ebpf-pid----2088----pid-1
---ebpf-pid----2088----pid-2088
---ebpf-pid----2012----pid-1
---ebpf-pid----2088----pid-1
---ebpf-pid----2088----pid-2088
---ebpf-pid----2012----pid-2012
---ebpf-pid----2088----pid-1
---ebpf-pid----2012----pid-1
---ebpf-pid----2088----pid-2088
---ebpf-pid----2012----pid-2012
---ebpf-pid----2088----pid-1
---ebpf-pid----2012----pid-1
---ebpf-pid----2088----pid-2088
---ebpf-pid----2012----pid-2012
---ebpf-pid----2088----pid-1
---ebpf-pid----2012----pid-1
---ebpf-pid----2088----pid-2088
---ebpf-pid----2012----pid-2012
---ebpf-pid----2088----pid-1
---ebpf-pid----2088----pid-2088
---ebpf-pid----2012----pid-1
---ebpf-pid----2012----pid-2012
---ebpf-pid----2088----pid-1
---ebpf-pid----2088----pid-2088
---ebpf-pid----2012----pid-1
---ebpf-pid----2012----pid-2012
---ebpf-pid----2088----pid-1
---ebpf-pid----2088----pid-2088
---ebpf-pid----2012----pid-1
---ebpf-pid----2088----pid-1
---ebpf-pid----2012----pid-2012
---ebpf-pid----2012----pid-2012
---ebpf-pid----2012----pid-1
---ebpf-pid----2012----pid-2012
---ebpf-pid----2012----pid-1
---ebpf-pid----2012----pid-2012
---ebpf-pid----2012----pid-1
---ebpf-pid----2012----pid-2012
---ebpf-pid----2012----pid-1
---ebpf-pid----2012----pid-2012
---ebpf-pid----2012----pid-1
---ebpf-pid----2012----pid-2012
---ebpf-pid----2012----pid-1
---ebpf-pid----2012----pid-2012
---ebpf-pid----2012----pid-1
---ebpf-pid----2012----pid-2012
---ebpf-pid----2012----pid-1
---ebpf-pid----2012----pid-2012
---ebpf-pid----2012----pid-1
---ebpf-pid----2012----pid-1
---ebpf-pid----2012----pid-2012
---ebpf-pid----2012----pid-2012
---ebpf-pid----2012----pid-1
---ebpf-pid----2012----pid-1
---ebpf-pid----2012----pid-2012
---ebpf-pid----2012----pid-2012
---ebpf-pid----2012----pid-1
---ebpf-pid----2012----pid-1
---ebpf-pid----2012----pid-2012
---ebpf-pid----2012----pid-2012
---ebpf-pid----2012----pid-1
---ebpf-pid----2012----pid-1
---ebpf-pid----2012----pid-2012
---ebpf-pid----2012----pid-2012
---ebpf-pid----2012----pid-1
---ebpf-pid----2012----pid-2012
---ebpf-pid----2012----pid-1
---ebpf-pid----2012----pid-2012
---ebpf-pid----2012----pid-1
---ebpf-pid----2012----pid-2012
---ebpf-pid----2012----pid-1
---ebpf-pid----2012----pid-2012
---ebpf-pid----2012----pid-1
---ebpf-pid----2012----pid-2012
---ebpf-pid----2012----pid-1
---ebpf-pid----2012----pid-2012
---ebpf-pid----2012----pid-1
---ebpf-pid----2012----pid-2012
---ebpf-pid----2012----pid-1
---ebpf-pid----2012----pid-2012
---ebpf-pid----2012----pid-1
---ebpf-pid----2012----pid-2012
---ebpf-pid----2012----pid-1
---ebpf-pid----2012----pid-1
---ebpf-pid----2012----pid-2012
---ebpf-pid----2012----pid-2012
---ebpf-pid----2012----pid-1
---ebpf-pid----2012----pid-2012
---ebpf-pid----2012----pid-1
---ebpf-pid----2012----pid-2012
---ebpf-pid----2012----pid-1
---ebpf-pid----2012----pid-2012
---ebpf-pid----2012----pid-1
---ebpf-pid----2012----pid-2012
---ebpf-pid----2012----pid-1
---ebpf-pid----2012----pid-2012
---ebpf-pid----2012----pid-1
---ebpf-pid----2012----pid-2012
---ebpf-pid----2012----pid-1
---ebpf-pid----2012----pid-2012
---ebpf-pid----2012----pid-1
---ebpf-pid----2012----pid-2012
---ebpf-pid----2012----pid-1
---ebpf-pid----2012----pid-2012
---ebpf-pid----2012----pid-1
---ebpf-pid----2012----pid-2012
---ebpf-pid----2012----pid-1
---ebpf-pid----2012----pid-2012
---ebpf-pid----2012----pid-1
---ebpf-pid----2012----pid-2012
---ebpf-pid----2012----pid-1
---ebpf-pid----2012----pid-2012
---ebpf-pid----2012----pid-1
---ebpf-pid----2012----pid-2012
---ebpf-pid----2012----pid-1
---ebpf-pid----2012----pid-2012
---ebpf-pid----2012----pid-1
---ebpf-pid----2012----pid-2012
---ebpf-pid----2012----pid-1
---ebpf-pid----2012----pid-2012
---ebpf-pid----2012----pid-1
---ebpf-pid----2012----pid-2012
---ebpf-pid----2012----pid-1
---ebpf-pid----2012----pid-2012
---ebpf-pid----2088----pid-1
---ebpf-pid----2012----pid-1
---ebpf-pid----2088----pid-2088
---ebpf-pid----2012----pid-2012
---ebpf-pid----2088----pid-1
---ebpf-pid----2012----pid-1
---ebpf-pid----2088----pid-2088
---ebpf-pid----2012----pid-2012
---ebpf-pid----2088----pid-1
---ebpf-pid----2012----pid-1
---ebpf-pid----2088----pid-2088
---ebpf-pid----2012----pid-2012
---ebpf-pid----2088----pid-1
---ebpf-pid----2088----pid-2088
---ebpf-pid----2012----pid-1
---ebpf-pid----2012----pid-2012
---ebpf-pid----2088----pid-1
---ebpf-pid----378284----pid-378284
---ebpf-pid----2012----pid-1
---ebpf-pid----2012----pid-2012
---ebpf-pid----378284----pid-5476
---ebpf-pid----2012----pid-1
---ebpf-pid----2012----pid-2012
---ebpf-pid----378284----pid-1
---ebpf-pid----378284----pid-378284
---ebpf-pid----2012----pid-1
---ebpf-pid----2012----pid-2012
---ebpf-pid----378284----pid-5476
---ebpf-pid----2012----pid-1
---ebpf-pid----378284----pid-1
---ebpf-pid----2012----pid-2012
---ebpf-pid----448784----pid-448784
---ebpf-pid----2012----pid-1
---ebpf-pid----448784----pid-448520
---ebpf-pid----2012----pid-2012
---ebpf-pid----448784----pid-1
---ebpf-pid----2012----pid-1
---ebpf-pid----378284----pid-378284
---ebpf-pid----2012----pid-2012
---ebpf-pid----378284----pid-5476
---ebpf-pid----2012----pid-1
---ebpf-pid----2012----pid-2012
---ebpf-pid----378284----pid-1
---ebpf-pid----378284----pid-378284
---ebpf-pid----2012----pid-1
---ebpf-pid----2012----pid-2012
---ebpf-pid----378284----pid-5476
---ebpf-pid----2012----pid-1
---ebpf-pid----378284----pid-1
---ebpf-pid----2012----pid-2012
---ebpf-pid----378284----pid-378284
---ebpf-pid----2012----pid-1
---ebpf-pid----378284----pid-5476
---ebpf-pid----378284----pid-1
---ebpf-pid----2012----pid-2012
---ebpf-pid----378284----pid-378284
---ebpf-pid----2012----pid-1
---ebpf-pid----378284----pid-5476
---ebpf-pid----2012----pid-2012
---ebpf-pid----378284----pid-1
---ebpf-pid----2012----pid-1
---ebpf-pid----378284----pid-378284
---ebpf-pid----2012----pid-2012
---ebpf-pid----378284----pid-5476
---ebpf-pid----2012----pid-1
---ebpf-pid----2012----pid-2012
---ebpf-pid----378284----pid-1
---ebpf-pid----378284----pid-378284
---ebpf-pid----2012----pid-1
---ebpf-pid----2012----pid-2012
---ebpf-pid----378284----pid-5476
---ebpf-pid----2012----pid-1
---ebpf-pid----2012----pid-2012
---ebpf-pid----378284----pid-1
---ebpf-pid----378284----pid-378284
---ebpf-pid----2012----pid-1
---ebpf-pid----2012----pid-2012
---ebpf-pid----378284----pid-5476
---ebpf-pid----378284----pid-1
---ebpf-pid----378284----pid-378284
---ebpf-pid----378284----pid-5476
---ebpf-pid----378284----pid-1
---ebpf-pid----378284----pid-378284
---ebpf-pid----378284----pid-5476
---ebpf-pid----378284----pid-1
---ebpf-pid----448783----pid-448783
---ebpf-pid----448783----pid-448520
---ebpf-pid----448783----pid-1
---ebpf-pid----448783----pid-448783
---ebpf-pid----448783----pid-448520
---ebpf-pid----2012----pid-1
---ebpf-pid----2012----pid-2012
---ebpf-pid----2012----pid-1
---ebpf-pid----2012----pid-2012
---ebpf-pid----2012----pid-1
---ebpf-pid----2012----pid-2012
---ebpf-pid----2012----pid-1
---ebpf-pid----2012----pid-2012
---ebpf-pid----2012----pid-1
---ebpf-pid----2012----pid-2012
---ebpf-pid----2012----pid-1
---ebpf-pid----2012----pid-2012
---ebpf-pid----2012----pid-1
---ebpf-pid----2012----pid-2012
---ebpf-pid----2012----pid-1
---ebpf-pid----2012----pid-2012
---ebpf-pid----448783----pid-1
---ebpf-pid----2094----pid-2094
---ebpf-pid----2094----pid-1
---ebpf-pid----372881----pid-372881
---ebpf-pid----372881----pid-1
---ebpf-pid----372881----pid-372881
---ebpf-pid----372881----pid-1
---ebpf-pid----372881----pid-372881
---ebpf-pid----372881----pid-1
---ebpf-pid----372881----pid-372881
---ebpf-pid----2012----pid-1
---ebpf-pid----372881----pid-1
---ebpf-pid----2012----pid-2012
---ebpf-pid----372881----pid-372881
---ebpf-pid----2012----pid-1
---ebpf-pid----372881----pid-1
---ebpf-pid----2012----pid-2012
---ebpf-pid----372881----pid-372881
---ebpf-pid----2012----pid-1
---ebpf-pid----2012----pid-2012
---ebpf-pid----2012----pid-1
---ebpf-pid----372881----pid-1
---ebpf-pid----2012----pid-2012
---ebpf-pid----372881----pid-372881
---ebpf-pid----2012----pid-1
---ebpf-pid----372881----pid-1
---ebpf-pid----2012----pid-2012
---ebpf-pid----372881----pid-372881
---ebpf-pid----2012----pid-1
---ebpf-pid----2012----pid-1
---ebpf-pid----2012----pid-2012
---ebpf-pid----2012----pid-2012
---ebpf-pid----372881----pid-1
---ebpf-pid----372881----pid-372881
---ebpf-pid----2012----pid-1
---ebpf-pid----2012----pid-1
---ebpf-pid----2012----pid-2012
---ebpf-pid----372881----pid-1
---ebpf-pid----2012----pid-2012
---ebpf-pid----372881----pid-372881
---ebpf-pid----2012----pid-1
---ebpf-pid----2012----pid-1
---ebpf-pid----2012----pid-2012
---ebpf-pid----372881----pid-1
---ebpf-pid----2012----pid-2012
---ebpf-pid----372881----pid-372881
---ebpf-pid----2012----pid-1
---ebpf-pid----2012----pid-1
---ebpf-pid----2012----pid-2012
---ebpf-pid----372881----pid-1
---ebpf-pid----2012----pid-2012
---ebpf-pid----372881----pid-372881
---ebpf-pid----2012----pid-1
---ebpf-pid----2012----pid-1
---ebpf-pid----372881----pid-1
---ebpf-pid----2012----pid-2012
---ebpf-pid----2012----pid-2012
---ebpf-pid----372881----pid-372881
---ebpf-pid----2012----pid-1
---ebpf-pid----2012----pid-1
---ebpf-pid----2012----pid-2012
---ebpf-pid----372881----pid-1
---ebpf-pid----2012----pid-2012
---ebpf-pid----372881----pid-372881
---ebpf-pid----2012----pid-1
---ebpf-pid----2012----pid-1
---ebpf-pid----2012----pid-2012
---ebpf-pid----372881----pid-1
---ebpf-pid----2012----pid-2012
---ebpf-pid----372881----pid-372881
---ebpf-pid----2012----pid-1
---ebpf-pid----2012----pid-1
---ebpf-pid----2012----pid-2012
---ebpf-pid----372881----pid-1
---ebpf-pid----2012----pid-2012
---ebpf-pid----372881----pid-372881
---ebpf-pid----2012----pid-1
---ebpf-pid----2012----pid-1
---ebpf-pid----2012----pid-2012
---ebpf-pid----372881----pid-1
---ebpf-pid----2012----pid-2012
---ebpf-pid----372881----pid-372881
---ebpf-pid----2012----pid-1
---ebpf-pid----2012----pid-1
---ebpf-pid----2012----pid-2012
---ebpf-pid----372881----pid-1
---ebpf-pid----2012----pid-2012
---ebpf-pid----448785----pid-448785
---ebpf-pid----2012----pid-1
---ebpf-pid----2012----pid-1
---ebpf-pid----448785----pid-448520
---ebpf-pid----2012----pid-2012
---ebpf-pid----2012----pid-2012
---ebpf-pid----2012----pid-1
---ebpf-pid----2012----pid-1
---ebpf-pid----448785----pid-1
---ebpf-pid----2012----pid-2012
---ebpf-pid----2012----pid-2012
---ebpf-pid----6671----pid-6671
---ebpf-pid----2012----pid-1
---ebpf-pid----2012----pid-2012
---ebpf-pid----2012----pid-1
---ebpf-pid----6671----pid-5476
---ebpf-pid----2012----pid-2012
---ebpf-pid----2012----pid-1
---ebpf-pid----6671----pid-1
---ebpf-pid----2012----pid-2012
---ebpf-pid----2012----pid-1
---ebpf-pid----6671----pid-6671
---ebpf-pid----2012----pid-2012
---ebpf-pid----2012----pid-1
---ebpf-pid----6671----pid-5476
---ebpf-pid----2012----pid-2012
---ebpf-pid----2012----pid-1
---ebpf-pid----2012----pid-2012
---ebpf-pid----6671----pid-1
---ebpf-pid----2012----pid-1
---ebpf-pid----6671----pid-6671
---ebpf-pid----2012----pid-2012
---ebpf-pid----2012----pid-1
---ebpf-pid----2012----pid-2012
---ebpf-pid----6671----pid-5476
---ebpf-pid----2012----pid-1
---ebpf-pid----2012----pid-2012
---ebpf-pid----2012----pid-1
---ebpf-pid----6671----pid-1
---ebpf-pid----2012----pid-2012
---ebpf-pid----6671----pid-6671
---ebpf-pid----2012----pid-1
---ebpf-pid----6671----pid-5476
---ebpf-pid----2012----pid-2012
---ebpf-pid----2012----pid-1
---ebpf-pid----2012----pid-2012
---ebpf-pid----6671----pid-1
---ebpf-pid----2012----pid-1
---ebpf-pid----6671----pid-6671
---ebpf-pid----2012----pid-2012
---ebpf-pid----2012----pid-1
---ebpf-pid----2012----pid-2012
---ebpf-pid----6671----pid-5476
---ebpf-pid----2012----pid-1
---ebpf-pid----2012----pid-2012
---ebpf-pid----2012----pid-1
---ebpf-pid----6671----pid-1
---ebpf-pid----2012----pid-2012
---ebpf-pid----6671----pid-6671
---ebpf-pid----2012----pid-1
---ebpf-pid----2012----pid-2012
---ebpf-pid----2012----pid-1
---ebpf-pid----6671----pid-5476
---ebpf-pid----2012----pid-2012
---ebpf-pid----2012----pid-1
---ebpf-pid----6671----pid-1
---ebpf-pid----2012----pid-2012
---ebpf-pid----2012----pid-1
---ebpf-pid----6671----pid-6671
---ebpf-pid----2012----pid-2012
---ebpf-pid----2012----pid-1
---ebpf-pid----6671----pid-5476
---ebpf-pid----2012----pid-2012
---ebpf-pid----2012----pid-1
---ebpf-pid----2012----pid-2012
---ebpf-pid----6671----pid-1
---ebpf-pid----2012----pid-1
---ebpf-pid----6671----pid-6671
---ebpf-pid----2012----pid-2012
---ebpf-pid----2012----pid-1
---ebpf-pid----2012----pid-2012
---ebpf-pid----6671----pid-5476
---ebpf-pid----2012----pid-1
---ebpf-pid----2012----pid-1
---ebpf-pid----2012----pid-2012
---ebpf-pid----2012----pid-2012
---ebpf-pid----6671----pid-1
---ebpf-pid----6671----pid-6671
---ebpf-pid----2012----pid-1
---ebpf-pid----2012----pid-2012
---ebpf-pid----2012----pid-1
---ebpf-pid----2012----pid-2012
---ebpf-pid----6671----pid-5476
---ebpf-pid----2012----pid-1
---ebpf-pid----2012----pid-2012
---ebpf-pid----2012----pid-1
---ebpf-pid----6671----pid-1
---ebpf-pid----2012----pid-2012
---ebpf-pid----6671----pid-6671
---ebpf-pid----2012----pid-1
---ebpf-pid----6671----pid-5476
---ebpf-pid----2012----pid-1
---ebpf-pid----2012----pid-2012
---ebpf-pid----2012----pid-2012
---ebpf-pid----6671----pid-1
---ebpf-pid----2012----pid-1
---ebpf-pid----6671----pid-6671
---ebpf-pid----2012----pid-1
---ebpf-pid----2012----pid-2012
---ebpf-pid----372881----pid-372881
---ebpf-pid----2012----pid-1
---ebpf-pid----6671----pid-5476
---ebpf-pid----2012----pid-2012
---ebpf-pid----372881----pid-1
---ebpf-pid----372881----pid-372881
---ebpf-pid----6671----pid-1
---ebpf-pid----2012----pid-1
---ebpf-pid----6671----pid-6671
---ebpf-pid----2012----pid-2012
---ebpf-pid----372881----pid-1
---ebpf-pid----372881----pid-372881
---ebpf-pid----6671----pid-5476
---ebpf-pid----2012----pid-1
---ebpf-pid----2012----pid-2012
---ebpf-pid----372881----pid-1
---ebpf-pid----372881----pid-372881
---ebpf-pid----6671----pid-1
---ebpf-pid----2012----pid-1
---ebpf-pid----6671----pid-6671
---ebpf-pid----2012----pid-2012
---ebpf-pid----372881----pid-1
---ebpf-pid----372881----pid-372881
---ebpf-pid----6671----pid-5476
---ebpf-pid----2012----pid-1
---ebpf-pid----2012----pid-2012
---ebpf-pid----6671----pid-1
---ebpf-pid----372881----pid-1
---ebpf-pid----6671----pid-6671
---ebpf-pid----372881----pid-372881
---ebpf-pid----2012----pid-1
---ebpf-pid----2012----pid-2012
---ebpf-pid----6671----pid-5476
---ebpf-pid----372881----pid-1
---ebpf-pid----372881----pid-372881
---ebpf-pid----2012----pid-1
---ebpf-pid----6671----pid-1
---ebpf-pid----2012----pid-2012
---ebpf-pid----6671----pid-6671
---ebpf-pid----372881----pid-1
---ebpf-pid----372881----pid-372881
---ebpf-pid----2012----pid-1
---ebpf-pid----6671----pid-5476
---ebpf-pid----2012----pid-2012
---ebpf-pid----372881----pid-1
---ebpf-pid----372881----pid-372881
---ebpf-pid----2012----pid-1
---ebpf-pid----6671----pid-1
---ebpf-pid----2012----pid-2012
---ebpf-pid----6671----pid-6671
---ebpf-pid----372881----pid-1
---ebpf-pid----6671----pid-5476
---ebpf-pid----6671----pid-6671
---ebpf-pid----6671----pid-1
---ebpf-pid----6671----pid-5476
---ebpf-pid----6671----pid-6671
---ebpf-pid----6671----pid-1
---ebpf-pid----6671----pid-5476
---ebpf-pid----6671----pid-6671
---ebpf-pid----6671----pid-1
---ebpf-pid----6671----pid-5476
---ebpf-pid----6671----pid-6671
---ebpf-pid----6671----pid-1
---ebpf-pid----6671----pid-5476
---ebpf-pid----6671----pid-6671
---ebpf-pid----6671----pid-1
---ebpf-pid----6671----pid-5476
---ebpf-pid----6671----pid-6671
---ebpf-pid----6671----pid-1
---ebpf-pid----6671----pid-5476
---ebpf-pid----6671----pid-6671
---ebpf-pid----6671----pid-1
---ebpf-pid----6671----pid-5476
---ebpf-pid----6671----pid-1
---ebpf-pid----6671----pid-6671
---ebpf-pid----6671----pid-5476
---ebpf-pid----6671----pid-1
---ebpf-pid----6671----pid-6671
---ebpf-pid----6671----pid-5476
---ebpf-pid----6671----pid-1
---ebpf-pid----6671----pid-6671
---ebpf-pid----6671----pid-5476
---ebpf-pid----6671----pid-1
---ebpf-pid----6671----pid-6671
---ebpf-pid----6671----pid-5476
---ebpf-pid----6671----pid-1
---ebpf-pid----6671----pid-6671
---ebpf-pid----6671----pid-5476
---ebpf-pid----6671----pid-1
---ebpf-pid----372881----pid-372881
---ebpf-pid----372881----pid-1
---ebpf-pid----372881----pid-372881
---ebpf-pid----372881----pid-1
---ebpf-pid----372881----pid-372881
---ebpf-pid----372881----pid-1
---ebpf-pid----372881----pid-372881
---ebpf-pid----372881----pid-1
---ebpf-pid----372881----pid-372881
---ebpf-pid----372881----pid-1
---ebpf-pid----372881----pid-372881
---ebpf-pid----372881----pid-1
---ebpf-pid----372881----pid-372881
---ebpf-pid----372881----pid-1
---ebpf-pid----372881----pid-372881
---ebpf-pid----372881----pid-1
---ebpf-pid----372881----pid-372881
---ebpf-pid----372881----pid-1
---ebpf-pid----372881----pid-372881
---ebpf-pid----372881----pid-1
---ebpf-pid----372881----pid-372881
---ebpf-pid----372881----pid-1
---ebpf-pid----372881----pid-372881
---ebpf-pid----372881----pid-1
---ebpf-pid----372881----pid-372881
---ebpf-pid----372881----pid-1
---ebpf-pid----372881----pid-372881
---ebpf-pid----372881----pid-1
---ebpf-pid----372881----pid-372881
---ebpf-pid----372881----pid-1
---ebpf-pid----372881----pid-372881
---ebpf-pid----372881----pid-1
---ebpf-pid----372881----pid-372881
---ebpf-pid----372881----pid-1
---ebpf-pid----372881----pid-372881
---ebpf-pid----372881----pid-1
---ebpf-pid----372881----pid-372881
---ebpf-pid----372881----pid-1
---ebpf-pid----372881----pid-372881
---ebpf-pid----372881----pid-1
---ebpf-pid----372881----pid-372881
---ebpf-pid----372881----pid-1
---ebpf-pid----372881----pid-372881
---ebpf-pid----372881----pid-1
---ebpf-pid----372881----pid-372881
---ebpf-pid----372881----pid-1
---ebpf-pid----372881----pid-372881
---ebpf-pid----372881----pid-1
---ebpf-pid----372881----pid-372881
---ebpf-pid----372881----pid-1
---ebpf-pid----372881----pid-372881
---ebpf-pid----372881----pid-1
---ebpf-pid----372881----pid-372881
---ebpf-pid----372881----pid-1
---ebpf-pid----372881----pid-372881
---ebpf-pid----372881----pid-1
---ebpf-pid----372881----pid-372881
---ebpf-pid----372881----pid-1
---ebpf-pid----372881----pid-372881
---ebpf-pid----372881----pid-1
---ebpf-pid----372881----pid-372881
---ebpf-pid----372881----pid-1
---ebpf-pid----372881----pid-372881
---ebpf-pid----372881----pid-1
---ebpf-pid----372881----pid-372881
---ebpf-pid----372881----pid-1
---ebpf-pid----372881----pid-372881
---ebpf-pid----372881----pid-1
---ebpf-pid----372881----pid-372881
---ebpf-pid----372881----pid-1
---ebpf-pid----372881----pid-372881
---ebpf-pid----372881----pid-1
---ebpf-pid----372881----pid-372881
---ebpf-pid----372881----pid-1
---ebpf-pid----372881----pid-372881
---ebpf-pid----2012----pid-1
---ebpf-pid----372881----pid-1
---ebpf-pid----2012----pid-2012
---ebpf-pid----372881----pid-372881
---ebpf-pid----372881----pid-1
---ebpf-pid----372881----pid-372881
---ebpf-pid----2012----pid-1
---ebpf-pid----2012----pid-2012
---ebpf-pid----372881----pid-1
---ebpf-pid----372881----pid-372881
---ebpf-pid----2012----pid-1
---ebpf-pid----2012----pid-2012
---ebpf-pid----372881----pid-1
---ebpf-pid----372881----pid-372881
---ebpf-pid----2012----pid-1
---ebpf-pid----372881----pid-1
---ebpf-pid----2012----pid-2012
---ebpf-pid----372881----pid-372881
---ebpf-pid----372881----pid-1
---ebpf-pid----2012----pid-1
---ebpf-pid----2012----pid-2012
---ebpf-pid----2012----pid-1
---ebpf-pid----2012----pid-2012
---ebpf-pid----2012----pid-1
---ebpf-pid----2012----pid-2012
---ebpf-pid----2012----pid-1
---ebpf-pid----2012----pid-2012
---ebpf-pid----2012----pid-1
---ebpf-pid----2012----pid-2012
---ebpf-pid----2012----pid-1
---ebpf-pid----2012----pid-2012
---ebpf-pid----2012----pid-1
---ebpf-pid----2012----pid-2012
---ebpf-pid----2012----pid-1
---ebpf-pid----2012----pid-2012
---ebpf-pid----2012----pid-1
---ebpf-pid----2012----pid-2012
---ebpf-pid----2012----pid-1
---ebpf-pid----2012----pid-2012
---ebpf-pid----2012----pid-1
---ebpf-pid----2012----pid-2012
---ebpf-pid----2012----pid-1
---ebpf-pid----2012----pid-2012
---ebpf-pid----2012----pid-1
---ebpf-pid----2012----pid-2012
---ebpf-pid----2012----pid-1
---ebpf-pid----2012----pid-2012
---ebpf-pid----2012----pid-1
---ebpf-pid----2012----pid-2012
---ebpf-pid----2012----pid-1
---ebpf-pid----2012----pid-2012
---ebpf-pid----2012----pid-1
---ebpf-pid----2012----pid-2012
---ebpf-pid----2012----pid-1
---ebpf-pid----372881----pid-372881
---ebpf-pid----2012----pid-2012
---ebpf-pid----2012----pid-1
---ebpf-pid----372881----pid-1
---ebpf-pid----2012----pid-2012
---ebpf-pid----372881----pid-372881
---ebpf-pid----2012----pid-1
---ebpf-pid----372881----pid-1
---ebpf-pid----6671----pid-6671
---ebpf-pid----2012----pid-2012
---ebpf-pid----372881----pid-372881
---ebpf-pid----372881----pid-1
---ebpf-pid----2012----pid-1
---ebpf-pid----372881----pid-372881
---ebpf-pid----2012----pid-2012
---ebpf-pid----372881----pid-1
---ebpf-pid----2012----pid-1
---ebpf-pid----372881----pid-372881
---ebpf-pid----2012----pid-2012
---ebpf-pid----372881----pid-1
---ebpf-pid----2012----pid-1
---ebpf-pid----372881----pid-372881
---ebpf-pid----2012----pid-2012
---ebpf-pid----372881----pid-1
---ebpf-pid----2012----pid-1
---ebpf-pid----372881----pid-372881
---ebpf-pid----2012----pid-2012
---ebpf-pid----372881----pid-1
---ebpf-pid----2012----pid-1
---ebpf-pid----372881----pid-372881
---ebpf-pid----2012----pid-2012
---ebpf-pid----372881----pid-1
---ebpf-pid----372881----pid-372881
---ebpf-pid----2012----pid-1
---ebpf-pid----2012----pid-2012
---ebpf-pid----372881----pid-1
---ebpf-pid----372881----pid-372881
---ebpf-pid----2012----pid-1
---ebpf-pid----2012----pid-2012
---ebpf-pid----372881----pid-1
---ebpf-pid----372881----pid-372881
---ebpf-pid----2012----pid-1
---ebpf-pid----2012----pid-2012
---ebpf-pid----372881----pid-1
---ebpf-pid----372881----pid-372881
---ebpf-pid----2012----pid-1
---ebpf-pid----372881----pid-1
---ebpf-pid----2012----pid-2012
---ebpf-pid----372881----pid-372881
---ebpf-pid----2012----pid-1
---ebpf-pid----372881----pid-1
---ebpf-pid----2012----pid-2012
---ebpf-pid----372881----pid-372881
---ebpf-pid----372881----pid-1
---ebpf-pid----2012----pid-1
---ebpf-pid----2012----pid-2012
---ebpf-pid----372881----pid-372881
---ebpf-pid----372881----pid-1
---ebpf-pid----372881----pid-372881
---ebpf-pid----2012----pid-1
---ebpf-pid----2012----pid-2012
---ebpf-pid----372881----pid-1
---ebpf-pid----372881----pid-372881
---ebpf-pid----2012----pid-1
---ebpf-pid----2012----pid-2012
---ebpf-pid----372881----pid-1
---ebpf-pid----372881----pid-372881
---ebpf-pid----2012----pid-1
---ebpf-pid----2012----pid-2012
---ebpf-pid----372881----pid-1
---ebpf-pid----6671----pid-5476
---ebpf-pid----2088----pid-2088
---ebpf-pid----2088----pid-1
---ebpf-pid----2088----pid-2088
---ebpf-pid----2088----pid-1
---ebpf-pid----2088----pid-2088
---ebpf-pid----2088----pid-1
---ebpf-pid----2088----pid-2088
---ebpf-pid----2088----pid-1
---ebpf-pid----2088----pid-2088
---ebpf-pid----2088----pid-1
---ebpf-pid----2088----pid-2088
---ebpf-pid----2088----pid-1
---ebpf-pid----2088----pid-2088
---ebpf-pid----2088----pid-1
---ebpf-pid----2088----pid-2088
---ebpf-pid----2088----pid-1
---ebpf-pid----2088----pid-2088
---ebpf-pid----2088----pid-1
---ebpf-pid----2088----pid-2088
---ebpf-pid----2088----pid-1
---ebpf-pid----2088----pid-2088
---ebpf-pid----2088----pid-1
---ebpf-pid----2088----pid-2088
---ebpf-pid----2088----pid-1
---ebpf-pid----2088----pid-2088
---ebpf-pid----2088----pid-1
---ebpf-pid----2088----pid-2088
---ebpf-pid----2088----pid-1
---ebpf-pid----2088----pid-2088
---ebpf-pid----2088----pid-1
---ebpf-pid----2088----pid-2088
---ebpf-pid----2088----pid-1
---ebpf-pid----2088----pid-2088
---ebpf-pid----2088----pid-1
---ebpf-pid----2088----pid-2088
---ebpf-pid----372881----pid-372881
---ebpf-pid----372881----pid-1
---ebpf-pid----372881----pid-372881
---ebpf-pid----372881----pid-1
---ebpf-pid----372881----pid-372881
---ebpf-pid----372881----pid-1
---ebpf-pid----372881----pid-372881
---ebpf-pid----2088----pid-1
---ebpf-pid----2088----pid-2088
---ebpf-pid----2088----pid-1
---ebpf-pid----2088----pid-2088
---ebpf-pid----2088----pid-1
---ebpf-pid----2088----pid-2088
---ebpf-pid----2088----pid-1
---ebpf-pid----2088----pid-2088
---ebpf-pid----2088----pid-1
---ebpf-pid----372881----pid-1
---ebpf-pid----2088----pid-2088
---ebpf-pid----2088----pid-1
---ebpf-pid----2088----pid-2088
---ebpf-pid----2088----pid-1
---ebpf-pid----2088----pid-2088
---ebpf-pid----2088----pid-1
---ebpf-pid----2088----pid-2088
---ebpf-pid----2088----pid-1
---ebpf-pid----2088----pid-2088
---ebpf-pid----372881----pid-372881
---ebpf-pid----2088----pid-1
---ebpf-pid----2088----pid-2088
---ebpf-pid----372881----pid-1
---ebpf-pid----372881----pid-372881
---ebpf-pid----2088----pid-1
---ebpf-pid----2088----pid-2088
---ebpf-pid----372881----pid-1
---ebpf-pid----2088----pid-1
---ebpf-pid----372881----pid-372881
---ebpf-pid----2088----pid-2088
---ebpf-pid----2088----pid-1
---ebpf-pid----372881----pid-1
---ebpf-pid----2088----pid-2088
---ebpf-pid----372881----pid-372881
---ebpf-pid----2088----pid-1
---ebpf-pid----2088----pid-2088
---ebpf-pid----372881----pid-1
---ebpf-pid----372881----pid-372881
---ebpf-pid----2088----pid-1
---ebpf-pid----2088----pid-2088
---ebpf-pid----372881----pid-1
---ebpf-pid----372881----pid-372881
---ebpf-pid----2088----pid-1
---ebpf-pid----2088----pid-2088
---ebpf-pid----372881----pid-1
---ebpf-pid----372881----pid-372881
---ebpf-pid----2088----pid-1
---ebpf-pid----2088----pid-2088
---ebpf-pid----372881----pid-1
---ebpf-pid----372881----pid-372881
---ebpf-pid----2088----pid-1
---ebpf-pid----2088----pid-2088
---ebpf-pid----372881----pid-1
---ebpf-pid----372881----pid-372881
---ebpf-pid----2088----pid-1
---ebpf-pid----2088----pid-2088
---ebpf-pid----372881----pid-1
---ebpf-pid----372881----pid-372881
---ebpf-pid----2088----pid-1
---ebpf-pid----2088----pid-2088
---ebpf-pid----372881----pid-1
---ebpf-pid----372881----pid-372881
---ebpf-pid----2088----pid-1
---ebpf-pid----2088----pid-2088
---ebpf-pid----372881----pid-1
---ebpf-pid----372881----pid-372881
---ebpf-pid----2088----pid-1
---ebpf-pid----2088----pid-2088
---ebpf-pid----372881----pid-1
---ebpf-pid----372881----pid-372881
---ebpf-pid----2088----pid-1
---ebpf-pid----372881----pid-1
---ebpf-pid----2088----pid-2088
---ebpf-pid----372881----pid-372881
---ebpf-pid----2088----pid-1
---ebpf-pid----372881----pid-1
---ebpf-pid----2088----pid-2088
---ebpf-pid----372881----pid-372881
---ebpf-pid----2088----pid-1
---ebpf-pid----372881----pid-1
---ebpf-pid----2088----pid-2088
---ebpf-pid----372881----pid-372881
---ebpf-pid----2088----pid-1
---ebpf-pid----372881----pid-1
---ebpf-pid----2088----pid-2088
---ebpf-pid----372881----pid-372881
---ebpf-pid----2088----pid-1
---ebpf-pid----372881----pid-1
---ebpf-pid----2088----pid-2088
---ebpf-pid----372881----pid-372881
---ebpf-pid----2088----pid-1
---ebpf-pid----2088----pid-2088
---ebpf-pid----2088----pid-1
---ebpf-pid----2088----pid-2088
---ebpf-pid----2088----pid-1
---ebpf-pid----2088----pid-2088
---ebpf-pid----2088----pid-1
---ebpf-pid----2088----pid-2088
---ebpf-pid----2088----pid-1
---ebpf-pid----2088----pid-2088
---ebpf-pid----6671----pid-1
---ebpf-pid----2012----pid-2012
---ebpf-pid----2012----pid-1
---ebpf-pid----2012----pid-1
---ebpf-pid----2012----pid-2012
---ebpf-pid----2012----pid-2012
---ebpf-pid----2012----pid-1
---ebpf-pid----2012----pid-1
---ebpf-pid----2012----pid-2012
---ebpf-pid----2012----pid-2012
---ebpf-pid----2012----pid-1
---ebpf-pid----2012----pid-1
---ebpf-pid----2012----pid-2012
---ebpf-pid----2012----pid-2012
---ebpf-pid----2012----pid-1
---ebpf-pid----2012----pid-1
---ebpf-pid----2012----pid-2012
---ebpf-pid----2012----pid-2012
---ebpf-pid----2012----pid-1
---ebpf-pid----2012----pid-2012
---ebpf-pid----2012----pid-1
---ebpf-pid----2012----pid-2012
---ebpf-pid----2012----pid-1
---ebpf-pid----2012----pid-2012
---ebpf-pid----2012----pid-1
---ebpf-pid----2012----pid-2012
---ebpf-pid----2012----pid-1
---ebpf-pid----2012----pid-1
---ebpf-pid----2012----pid-2012
---ebpf-pid----2012----pid-2012
---ebpf-pid----2012----pid-1
---ebpf-pid----2012----pid-1
---ebpf-pid----2012----pid-2012
---ebpf-pid----2012----pid-2012
---ebpf-pid----372881----pid-1
---ebpf-pid----2012----pid-1
---ebpf-pid----372881----pid-372881
---ebpf-pid----2012----pid-1
---ebpf-pid----2012----pid-2012
---ebpf-pid----2012----pid-2012
---ebpf-pid----372881----pid-1
---ebpf-pid----2012----pid-1
---ebpf-pid----372881----pid-372881
---ebpf-pid----2012----pid-1
---ebpf-pid----2012----pid-2012
---ebpf-pid----378284----pid-378284
---ebpf-pid----372881----pid-1
---ebpf-pid----2012----pid-1
---ebpf-pid----372881----pid-372881
---ebpf-pid----2012----pid-2012
---ebpf-pid----378284----pid-5476
---ebpf-pid----372881----pid-1
---ebpf-pid----2012----pid-1
---ebpf-pid----372881----pid-372881
---ebpf-pid----2012----pid-2012
---ebpf-pid----378284----pid-1
---ebpf-pid----378284----pid-378284
---ebpf-pid----372881----pid-1
---ebpf-pid----372881----pid-372881
---ebpf-pid----2088----pid-1
---ebpf-pid----378284----pid-5476
---ebpf-pid----2088----pid-2088
---ebpf-pid----372881----pid-1
---ebpf-pid----372881----pid-372881
---ebpf-pid----378284----pid-1
---ebpf-pid----2088----pid-1
---ebpf-pid----378284----pid-378284
---ebpf-pid----2088----pid-2088
---ebpf-pid----372881----pid-1
---ebpf-pid----2094----pid-2094
---ebpf-pid----378284----pid-5476
---ebpf-pid----2088----pid-1
---ebpf-pid----378284----pid-1
---ebpf-pid----378284----pid-378284
---ebpf-pid----2094----pid-1
---ebpf-pid----2094----pid-2094
---ebpf-pid----2088----pid-2088
---ebpf-pid----378284----pid-5476
---ebpf-pid----2094----pid-1
---ebpf-pid----2088----pid-1
---ebpf-pid----2094----pid-2094
---ebpf-pid----378284----pid-1
---ebpf-pid----2088----pid-2088
---ebpf-pid----378284----pid-378284
---ebpf-pid----2094----pid-1
---ebpf-pid----2088----pid-1
---ebpf-pid----2094----pid-2094
---ebpf-pid----378284----pid-5476
---ebpf-pid----2088----pid-2088
---ebpf-pid----2094----pid-1
---ebpf-pid----2088----pid-1
---ebpf-pid----2094----pid-2094
---ebpf-pid----378284----pid-1
---ebpf-pid----2088----pid-2088
---ebpf-pid----378284----pid-378284
---ebpf-pid----2094----pid-1
---ebpf-pid----2088----pid-1
---ebpf-pid----2094----pid-2094
---ebpf-pid----378284----pid-5476
---ebpf-pid----2088----pid-2088
---ebpf-pid----2094----pid-1
---ebpf-pid----378284----pid-1
---ebpf-pid----2088----pid-1
---ebpf-pid----2094----pid-2094
---ebpf-pid----378284----pid-378284
---ebpf-pid----2088----pid-2088
---ebpf-pid----2094----pid-1
---ebpf-pid----2088----pid-1
---ebpf-pid----378284----pid-5476
---ebpf-pid----2094----pid-2094
---ebpf-pid----2088----pid-2088
---ebpf-pid----2094----pid-1
---ebpf-pid----2088----pid-1
---ebpf-pid----2094----pid-2094
---ebpf-pid----2088----pid-2088
---ebpf-pid----2094----pid-1
---ebpf-pid----2088----pid-1
---ebpf-pid----2094----pid-2094
---ebpf-pid----2088----pid-2088
---ebpf-pid----2088----pid-1
---ebpf-pid----2094----pid-1
---ebpf-pid----2088----pid-2088
---ebpf-pid----2094----pid-2094
---ebpf-pid----2088----pid-1
---ebpf-pid----2094----pid-1
---ebpf-pid----2088----pid-2088
---ebpf-pid----2094----pid-2094
---ebpf-pid----2088----pid-1
---ebpf-pid----2094----pid-1
---ebpf-pid----2088----pid-2088
---ebpf-pid----2094----pid-2094
---ebpf-pid----2088----pid-1
---ebpf-pid----2094----pid-1
---ebpf-pid----2088----pid-2088
---ebpf-pid----2094----pid-2094
---ebpf-pid----2088----pid-1
---ebpf-pid----2094----pid-1
---ebpf-pid----2088----pid-2088
---ebpf-pid----2094----pid-2094
---ebpf-pid----378284----pid-1
---ebpf-pid----2088----pid-1
---ebpf-pid----378284----pid-378284
---ebpf-pid----2088----pid-2088
---ebpf-pid----378284----pid-5476
---ebpf-pid----2088----pid-1
---ebpf-pid----2088----pid-2088
---ebpf-pid----378284----pid-1
---ebpf-pid----378284----pid-378284
---ebpf-pid----2088----pid-1
---ebpf-pid----2088----pid-2088
---ebpf-pid----378284----pid-5476
---ebpf-pid----2088----pid-1
---ebpf-pid----378284----pid-1
---ebpf-pid----2088----pid-2088
---ebpf-pid----378284----pid-378284
---ebpf-pid----2088----pid-1
---ebpf-pid----378284----pid-5476
---ebpf-pid----2088----pid-2088
---ebpf-pid----378284----pid-1
---ebpf-pid----2088----pid-1
---ebpf-pid----2088----pid-2088
---ebpf-pid----2012----pid-2012
---ebpf-pid----2088----pid-1
---ebpf-pid----2012----pid-1
---ebpf-pid----2012----pid-2012
---ebpf-pid----2088----pid-2088
---ebpf-pid----2012----pid-1
---ebpf-pid----2012----pid-2012
---ebpf-pid----2012----pid-1
---ebpf-pid----2012----pid-2012
---ebpf-pid----2012----pid-1
---ebpf-pid----2012----pid-2012
---ebpf-pid----2012----pid-1
---ebpf-pid----2012----pid-2012
---ebpf-pid----2012----pid-1
---ebpf-pid----2012----pid-1
---ebpf-pid----2012----pid-2012
---ebpf-pid----2094----pid-1
---ebpf-pid----2012----pid-2012
---ebpf-pid----2094----pid-2094
---ebpf-pid----2012----pid-1
---ebpf-pid----2012----pid-1
---ebpf-pid----2012----pid-2012
---ebpf-pid----2094----pid-1
---ebpf-pid----2012----pid-2012
---ebpf-pid----2094----pid-2094
---ebpf-pid----2012----pid-1
---ebpf-pid----2012----pid-1
---ebpf-pid----2012----pid-2012
---ebpf-pid----2094----pid-1
---ebpf-pid----2012----pid-2012
---ebpf-pid----2094----pid-2094
---ebpf-pid----2012----pid-1
---ebpf-pid----2012----pid-1
---ebpf-pid----2012----pid-2012
---ebpf-pid----2094----pid-1
---ebpf-pid----2012----pid-2012
---ebpf-pid----2094----pid-2094
---ebpf-pid----2012----pid-1
---ebpf-pid----2012----pid-2012
---ebpf-pid----2094----pid-1
---ebpf-pid----2012----pid-1
---ebpf-pid----5705----pid-5705
---ebpf-pid----2012----pid-2012
---ebpf-pid----2012----pid-1
---ebpf-pid----2012----pid-2012
---ebpf-pid----5705----pid-5476
---ebpf-pid----2012----pid-1
---ebpf-pid----2094----pid-2094
---ebpf-pid----2012----pid-1
---ebpf-pid----5705----pid-1
---ebpf-pid----2012----pid-2012
---ebpf-pid----5705----pid-5705
---ebpf-pid----2094----pid-1
---ebpf-pid----2094----pid-2094
---ebpf-pid----2012----pid-1
---ebpf-pid----5705----pid-5476
---ebpf-pid----2012----pid-2012
---ebpf-pid----2094----pid-1
---ebpf-pid----5705----pid-1
---ebpf-pid----2094----pid-2094
---ebpf-pid----2012----pid-1
---ebpf-pid----5705----pid-5705
---ebpf-pid----2012----pid-2012
---ebpf-pid----2094----pid-1
---ebpf-pid----5705----pid-5476
---ebpf-pid----2094----pid-2094
---ebpf-pid----2012----pid-1
---ebpf-pid----2012----pid-2012
---ebpf-pid----5705----pid-1
---ebpf-pid----2094----pid-1
---ebpf-pid----5705----pid-5705
---ebpf-pid----2012----pid-1
---ebpf-pid----2094----pid-2094
---ebpf-pid----2012----pid-2012
---ebpf-pid----5705----pid-5476
---ebpf-pid----2094----pid-1
---ebpf-pid----2012----pid-1
---ebpf-pid----5705----pid-1
---ebpf-pid----5705----pid-5705
---ebpf-pid----2012----pid-2012
---ebpf-pid----5705----pid-5476
---ebpf-pid----2012----pid-1
---ebpf-pid----2012----pid-2012
---ebpf-pid----5705----pid-1
---ebpf-pid----5705----pid-5705
---ebpf-pid----2012----pid-1
---ebpf-pid----2012----pid-2012
---ebpf-pid----5705----pid-5476
---ebpf-pid----2012----pid-1
---ebpf-pid----5705----pid-1
---ebpf-pid----2012----pid-2012
---ebpf-pid----5705----pid-5705
---ebpf-pid----2012----pid-1
---ebpf-pid----5705----pid-5476
---ebpf-pid----2012----pid-2012
---ebpf-pid----5705----pid-1
---ebpf-pid----2012----pid-1
---ebpf-pid----5705----pid-5705
---ebpf-pid----2012----pid-2012
---ebpf-pid----5705----pid-5476
---ebpf-pid----2012----pid-1
---ebpf-pid----2012----pid-2012
---ebpf-pid----2094----pid-2094
---ebpf-pid----2094----pid-1
---ebpf-pid----2088----pid-1
---ebpf-pid----2094----pid-2094
---ebpf-pid----2088----pid-2088
---ebpf-pid----2088----pid-1
---ebpf-pid----2094----pid-1
---ebpf-pid----2088----pid-2088
---ebpf-pid----2094----pid-2094
---ebpf-pid----2088----pid-1
---ebpf-pid----2094----pid-1
---ebpf-pid----2088----pid-2088
---ebpf-pid----2094----pid-2094
---ebpf-pid----2088----pid-1
---ebpf-pid----2094----pid-1
---ebpf-pid----2088----pid-2088
---ebpf-pid----2094----pid-2094
---ebpf-pid----2094----pid-1
---ebpf-pid----2094----pid-2094
---ebpf-pid----2088----pid-1
---ebpf-pid----2088----pid-2088
---ebpf-pid----2088----pid-1
---ebpf-pid----5705----pid-5705
---ebpf-pid----5705----pid-5476
---ebpf-pid----5705----pid-1
---ebpf-pid----5705----pid-5705
---ebpf-pid----5705----pid-5476
---ebpf-pid----5705----pid-1
---ebpf-pid----5705----pid-5705
---ebpf-pid----5705----pid-5476
---ebpf-pid----5705----pid-1
---ebpf-pid----5705----pid-5705
---ebpf-pid----5705----pid-5476
---ebpf-pid----5705----pid-1
---ebpf-pid----5705----pid-5705
---ebpf-pid----5705----pid-5476
---ebpf-pid----5705----pid-1
---ebpf-pid----5705----pid-5705
---ebpf-pid----5705----pid-5476
---ebpf-pid----5705----pid-1
---ebpf-pid----5705----pid-5705
---ebpf-pid----5705----pid-5476
---ebpf-pid----5705----pid-1
---ebpf-pid----2094----pid-1
---ebpf-pid----5705----pid-5705
---ebpf-pid----2094----pid-2094
---ebpf-pid----5705----pid-5476
---ebpf-pid----2094----pid-1
---ebpf-pid----5705----pid-1
---ebpf-pid----2094----pid-2094
---ebpf-pid----5705----pid-5705
---ebpf-pid----2094----pid-1
---ebpf-pid----2094----pid-2094
---ebpf-pid----5705----pid-5476
---ebpf-pid----2094----pid-1
---ebpf-pid----5705----pid-1
---ebpf-pid----2094----pid-2094
---ebpf-pid----5705----pid-5705
---ebpf-pid----5705----pid-1
---ebpf-pid----2094----pid-1
---ebpf-pid----5705----pid-5476
---ebpf-pid----5705----pid-5705
---ebpf-pid----2094----pid-2094
---ebpf-pid----5705----pid-5476
---ebpf-pid----5705----pid-1
---ebpf-pid----5705----pid-5705
---ebpf-pid----5705----pid-5476
---ebpf-pid----5705----pid-1
---ebpf-pid----5705----pid-5705
---ebpf-pid----2012----pid-1
---ebpf-pid----2012----pid-2012
---ebpf-pid----5705----pid-5476
---ebpf-pid----2094----pid-1
---ebpf-pid----2012----pid-1
---ebpf-pid----5705----pid-1
---ebpf-pid----2094----pid-2094
---ebpf-pid----2012----pid-2012
---ebpf-pid----5705----pid-5705
---ebpf-pid----2012----pid-1
---ebpf-pid----2094----pid-1
---ebpf-pid----5705----pid-5476
---ebpf-pid----2012----pid-2012
---ebpf-pid----2094----pid-2094
---ebpf-pid----5705----pid-1
---ebpf-pid----2012----pid-1
---ebpf-pid----2094----pid-1
---ebpf-pid----5705----pid-5705
---ebpf-pid----2012----pid-2012
---ebpf-pid----2094----pid-2094
---ebpf-pid----5705----pid-5476
---ebpf-pid----2094----pid-1
---ebpf-pid----2012----pid-1
---ebpf-pid----5707----pid-5707
---ebpf-pid----5705----pid-1
---ebpf-pid----2012----pid-2012
---ebpf-pid----5705----pid-5705
---ebpf-pid----5707----pid-5476
---ebpf-pid----2012----pid-1
---ebpf-pid----5705----pid-5476
---ebpf-pid----2012----pid-2012
---ebpf-pid----5707----pid-1
---ebpf-pid----5707----pid-5707
---ebpf-pid----5705----pid-1
---ebpf-pid----2012----pid-1
---ebpf-pid----5705----pid-5705
---ebpf-pid----2012----pid-2012
---ebpf-pid----5707----pid-5476
---ebpf-pid----5705----pid-5476
---ebpf-pid----2012----pid-1
---ebpf-pid----2012----pid-2012
---ebpf-pid----5707----pid-1
---ebpf-pid----5705----pid-1
---ebpf-pid----5707----pid-5707
---ebpf-pid----2012----pid-1
---ebpf-pid----5705----pid-5705
---ebpf-pid----2012----pid-2012
---ebpf-pid----5705----pid-5476
---ebpf-pid----2012----pid-1
---ebpf-pid----5707----pid-5476
---ebpf-pid----2012----pid-2012
---ebpf-pid----5707----pid-1
---ebpf-pid----5705----pid-5705
---ebpf-pid----2012----pid-1
---ebpf-pid----2012----pid-2012
---ebpf-pid----5705----pid-5476
---ebpf-pid----2012----pid-1
---ebpf-pid----5705----pid-1
---ebpf-pid----5705----pid-5705
---ebpf-pid----2012----pid-2012
---ebpf-pid----2012----pid-1
---ebpf-pid----2012----pid-2012
---ebpf-pid----5705----pid-5476
---ebpf-pid----2012----pid-1
---ebpf-pid----2012----pid-2012
---ebpf-pid----5705----pid-1
---ebpf-pid----5705----pid-5705
---ebpf-pid----2012----pid-1
---ebpf-pid----5705----pid-1
---ebpf-pid----2012----pid-2012
---ebpf-pid----5705----pid-5705
---ebpf-pid----5705----pid-5476
---ebpf-pid----2012----pid-1
---ebpf-pid----5705----pid-5476
---ebpf-pid----2012----pid-2012
---ebpf-pid----5705----pid-1
---ebpf-pid----5705----pid-5705
---ebpf-pid----5705----pid-1
---ebpf-pid----5705----pid-5705
---ebpf-pid----2012----pid-1
---ebpf-pid----2012----pid-2012
---ebpf-pid----5705----pid-5476
---ebpf-pid----5705----pid-5476
---ebpf-pid----5705----pid-1
---ebpf-pid----378284----pid-378284
---ebpf-pid----5705----pid-1
---ebpf-pid----5705----pid-5705
---ebpf-pid----378284----pid-5476
---ebpf-pid----5705----pid-5476
---ebpf-pid----378284----pid-1
---ebpf-pid----5705----pid-5705
---ebpf-pid----5705----pid-1
---ebpf-pid----5705----pid-5705
---ebpf-pid----5705----pid-5476
---ebpf-pid----5705----pid-5476
---ebpf-pid----5705----pid-1
---ebpf-pid----5705----pid-5705
---ebpf-pid----5705----pid-1
---ebpf-pid----5705----pid-5705
---ebpf-pid----5705----pid-5476
---ebpf-pid----5705----pid-5476
---ebpf-pid----5705----pid-1
---ebpf-pid----5705----pid-5705
---ebpf-pid----5705----pid-1
---ebpf-pid----378284----pid-378284
---ebpf-pid----5705----pid-5476
---ebpf-pid----5705----pid-1
---ebpf-pid----378284----pid-5476
---ebpf-pid----5705----pid-5705
---ebpf-pid----378284----pid-1
---ebpf-pid----5705----pid-5476
---ebpf-pid----378284----pid-378284
---ebpf-pid----378284----pid-5476
---ebpf-pid----5705----pid-1
---ebpf-pid----5705----pid-5705
---ebpf-pid----378284----pid-1
---ebpf-pid----5705----pid-5476
---ebpf-pid----378284----pid-378284
---ebpf-pid----5705----pid-1
---ebpf-pid----378284----pid-5476
---ebpf-pid----5705----pid-5705
---ebpf-pid----378284----pid-1
---ebpf-pid----5705----pid-5476
---ebpf-pid----378284----pid-378284
---ebpf-pid----5705----pid-1
---ebpf-pid----5705----pid-5705
---ebpf-pid----5705----pid-5476
---ebpf-pid----5705----pid-1
---ebpf-pid----5705----pid-5705
---ebpf-pid----5705----pid-1
---ebpf-pid----5705----pid-5705
---ebpf-pid----5705----pid-5476
---ebpf-pid----5705----pid-1
---ebpf-pid----5705----pid-5705
---ebpf-pid----5705----pid-5476
---ebpf-pid----5705----pid-1
---ebpf-pid----5705----pid-5705
---ebpf-pid----5705----pid-5476
---ebpf-pid----5705----pid-1
---ebpf-pid----5705----pid-5705
---ebpf-pid----378284----pid-5476
---ebpf-pid----5705----pid-5476
---ebpf-pid----378284----pid-1
---ebpf-pid----378284----pid-378284
---ebpf-pid----5705----pid-1
---ebpf-pid----5705----pid-5705
---ebpf-pid----378284----pid-5476
---ebpf-pid----5705----pid-5476
---ebpf-pid----378284----pid-1
---ebpf-pid----378284----pid-378284
---ebpf-pid----5705----pid-1
---ebpf-pid----5705----pid-5705
---ebpf-pid----378284----pid-5476
---ebpf-pid----5705----pid-5476
---ebpf-pid----378284----pid-1
---ebpf-pid----5705----pid-1
---ebpf-pid----378284----pid-378284
---ebpf-pid----5705----pid-5705
---ebpf-pid----378284----pid-5476
---ebpf-pid----5705----pid-5476
---ebpf-pid----378284----pid-1
---ebpf-pid----5705----pid-1
---ebpf-pid----378284----pid-378284
---ebpf-pid----5705----pid-5705
---ebpf-pid----378284----pid-5476
---ebpf-pid----5705----pid-5476
---ebpf-pid----378284----pid-1
---ebpf-pid----5705----pid-1
---ebpf-pid----378284----pid-378284
---ebpf-pid----5705----pid-5705
---ebpf-pid----378284----pid-5476
---ebpf-pid----2012----pid-1
---ebpf-pid----2012----pid-2012
---ebpf-pid----2012----pid-1
---ebpf-pid----2012----pid-2012
---ebpf-pid----2012----pid-1
---ebpf-pid----2012----pid-2012
---ebpf-pid----2012----pid-1
---ebpf-pid----2012----pid-2012
---ebpf-pid----2012----pid-1
---ebpf-pid----2012----pid-2012
---ebpf-pid----2012----pid-1
---ebpf-pid----378284----pid-1
---ebpf-pid----5707----pid-5707
---ebpf-pid----2012----pid-2012
---ebpf-pid----5707----pid-5476
---ebpf-pid----2012----pid-1
---ebpf-pid----2012----pid-2012
---ebpf-pid----2012----pid-1
---ebpf-pid----2012----pid-2012
---ebpf-pid----5707----pid-1
---ebpf-pid----5707----pid-5707
---ebpf-pid----2012----pid-1
---ebpf-pid----378284----pid-378284
---ebpf-pid----5707----pid-5476
---ebpf-pid----378284----pid-5476
---ebpf-pid----5707----pid-1
---ebpf-pid----5705----pid-5476
---ebpf-pid----5707----pid-5707
---ebpf-pid----378284----pid-1
---ebpf-pid----378284----pid-378284
---ebpf-pid----5705----pid-1
---ebpf-pid----5707----pid-5476
---ebpf-pid----5705----pid-5705
---ebpf-pid----378284----pid-5476
---ebpf-pid----5707----pid-1
---ebpf-pid----378284----pid-1
---ebpf-pid----5705----pid-5476
---ebpf-pid----378284----pid-378284
---ebpf-pid----5707----pid-5707
---ebpf-pid----5705----pid-1
---ebpf-pid----372881----pid-372881
---ebpf-pid----378284----pid-5476
---ebpf-pid----5707----pid-5476
---ebpf-pid----372881----pid-1
---ebpf-pid----378284----pid-1
---ebpf-pid----5707----pid-1
---ebpf-pid----372881----pid-372881
---ebpf-pid----5707----pid-5707
---ebpf-pid----5707----pid-5476
---ebpf-pid----372881----pid-1
---ebpf-pid----5705----pid-5476
---ebpf-pid----378284----pid-378284
---ebpf-pid----5707----pid-1
---ebpf-pid----5705----pid-1
---ebpf-pid----5707----pid-5707
---ebpf-pid----378284----pid-5476
---ebpf-pid----5705----pid-5705
---ebpf-pid----5707----pid-5476
---ebpf-pid----378284----pid-1
---ebpf-pid----5705----pid-5476
---ebpf-pid----378284----pid-378284
---ebpf-pid----5707----pid-1
---ebpf-pid----5705----pid-1
---ebpf-pid----378284----pid-5476
---ebpf-pid----5707----pid-5707
---ebpf-pid----379067----pid-379067
---ebpf-pid----378284----pid-1
---ebpf-pid----5707----pid-5476
---ebpf-pid----379067----pid-5476
---ebpf-pid----378284----pid-378284
---ebpf-pid----5707----pid-1
---ebpf-pid----379067----pid-1
---ebpf-pid----378284----pid-5476
---ebpf-pid----5707----pid-5707
---ebpf-pid----379067----pid-379067
---ebpf-pid----378284----pid-1
---ebpf-pid----5707----pid-5476
---ebpf-pid----379067----pid-5476
---ebpf-pid----378284----pid-378284
---ebpf-pid----5707----pid-1
---ebpf-pid----378284----pid-5476
---ebpf-pid----379067----pid-1
---ebpf-pid----379067----pid-379067
---ebpf-pid----378284----pid-1
---ebpf-pid----378284----pid-378284
---ebpf-pid----379067----pid-5476
---ebpf-pid----378284----pid-5476
---ebpf-pid----379067----pid-1
---ebpf-pid----379067----pid-379067
---ebpf-pid----378284----pid-1
---ebpf-pid----378284----pid-378284
---ebpf-pid----379067----pid-5476
---ebpf-pid----378284----pid-5476
---ebpf-pid----379067----pid-1
---ebpf-pid----2088----pid-2088
---ebpf-pid----378284----pid-1
---ebpf-pid----378284----pid-378284
---ebpf-pid----2088----pid-1
---ebpf-pid----378284----pid-5476
---ebpf-pid----5707----pid-5707
---ebpf-pid----378284----pid-378284
---ebpf-pid----378284----pid-1
---ebpf-pid----378284----pid-5476
---ebpf-pid----5707----pid-5476
---ebpf-pid----378284----pid-378284
---ebpf-pid----5707----pid-1
---ebpf-pid----378284----pid-1
---ebpf-pid----5707----pid-5707
---ebpf-pid----378284----pid-378284
---ebpf-pid----378284----pid-5476
---ebpf-pid----5707----pid-5476
---ebpf-pid----5707----pid-1
---ebpf-pid----378284----pid-1
---ebpf-pid----5707----pid-5707
---ebpf-pid----378284----pid-378284
---ebpf-pid----378284----pid-5476
---ebpf-pid----5707----pid-5476
---ebpf-pid----5707----pid-1
---ebpf-pid----378284----pid-1
---ebpf-pid----378284----pid-378284
---ebpf-pid----5707----pid-5707
---ebpf-pid----378284----pid-5476
---ebpf-pid----5707----pid-5476
---ebpf-pid----378284----pid-1
---ebpf-pid----5707----pid-1
---ebpf-pid----5707----pid-5707
---ebpf-pid----378284----pid-378284
---ebpf-pid----378284----pid-5476
---ebpf-pid----5707----pid-5476
---ebpf-pid----378284----pid-1
---ebpf-pid----5707----pid-1
---ebpf-pid----378284----pid-378284
---ebpf-pid----5707----pid-5707
---ebpf-pid----5707----pid-5476
---ebpf-pid----378284----pid-5476
---ebpf-pid----378284----pid-5476
---ebpf-pid----5707----pid-1
---ebpf-pid----5707----pid-5707
---ebpf-pid----378284----pid-1
---ebpf-pid----378284----pid-1
---ebpf-pid----2012----pid-2012
---ebpf-pid----378284----pid-378284
---ebpf-pid----5707----pid-5476
---ebpf-pid----2012----pid-1
---ebpf-pid----378284----pid-5476
---ebpf-pid----5707----pid-1
---ebpf-pid----2012----pid-2012
---ebpf-pid----5707----pid-5707
---ebpf-pid----378284----pid-1
---ebpf-pid----378284----pid-378284
---ebpf-pid----2012----pid-1
---ebpf-pid----5707----pid-5476
---ebpf-pid----2012----pid-2012
---ebpf-pid----378284----pid-5476
---ebpf-pid----5707----pid-1
---ebpf-pid----2012----pid-1
---ebpf-pid----5707----pid-5707
---ebpf-pid----2012----pid-2012
---ebpf-pid----378284----pid-1
---ebpf-pid----378284----pid-378284
---ebpf-pid----2012----pid-1
---ebpf-pid----2012----pid-2012
---ebpf-pid----378284----pid-5476
---ebpf-pid----5707----pid-5476
---ebpf-pid----2012----pid-1
---ebpf-pid----378284----pid-1
---ebpf-pid----5707----pid-1
---ebpf-pid----378284----pid-378284
---ebpf-pid----2012----pid-2012
---ebpf-pid----5707----pid-5707
---ebpf-pid----378284----pid-5476
---ebpf-pid----2012----pid-1
---ebpf-pid----378284----pid-1
---ebpf-pid----2012----pid-2012
---ebpf-pid----378284----pid-378284
---ebpf-pid----2012----pid-1
---ebpf-pid----378284----pid-5476
---ebpf-pid----2012----pid-2012
---ebpf-pid----378284----pid-1
---ebpf-pid----2012----pid-1
---ebpf-pid----378284----pid-378284
---ebpf-pid----2012----pid-2012
---ebpf-pid----378284----pid-5476
---ebpf-pid----2012----pid-1
---ebpf-pid----2012----pid-2012
---ebpf-pid----378284----pid-1
---ebpf-pid----378284----pid-378284
---ebpf-pid----2012----pid-1
---ebpf-pid----2012----pid-2012
---ebpf-pid----378284----pid-5476
---ebpf-pid----2012----pid-1
---ebpf-pid----2012----pid-2012
---ebpf-pid----378284----pid-1
---ebpf-pid----378284----pid-378284
---ebpf-pid----2012----pid-1
---ebpf-pid----378284----pid-5476
---ebpf-pid----2012----pid-2012
---ebpf-pid----2012----pid-1
---ebpf-pid----378284----pid-1
---ebpf-pid----2012----pid-2012
---ebpf-pid----378284----pid-378284
---ebpf-pid----2012----pid-1
---ebpf-pid----378284----pid-5476
---ebpf-pid----2012----pid-2012
---ebpf-pid----2088----pid-2088
---ebpf-pid----378284----pid-1
---ebpf-pid----2012----pid-1
---ebpf-pid----378284----pid-378284
---ebpf-pid----2012----pid-2012
---ebpf-pid----2088----pid-1
---ebpf-pid----378284----pid-5476
---ebpf-pid----2012----pid-1
---ebpf-pid----2012----pid-2012
---ebpf-pid----378284----pid-1
---ebpf-pid----5707----pid-5476
---ebpf-pid----378284----pid-378284
---ebpf-pid----2012----pid-1
---ebpf-pid----2012----pid-2012
---ebpf-pid----5707----pid-1
---ebpf-pid----378284----pid-5476
---ebpf-pid----448782----pid-448782
---ebpf-pid----2012----pid-1
---ebpf-pid----378284----pid-1
---ebpf-pid----2012----pid-2012
---ebpf-pid----378284----pid-378284
---ebpf-pid----448782----pid-448520
---ebpf-pid----2012----pid-1
---ebpf-pid----378284----pid-5476
---ebpf-pid----448782----pid-1
---ebpf-pid----2012----pid-2012
---ebpf-pid----448782----pid-448782
---ebpf-pid----378284----pid-1
---ebpf-pid----448782----pid-448520
---ebpf-pid----2012----pid-1
---ebpf-pid----448782----pid-1
---ebpf-pid----448782----pid-448782
---ebpf-pid----2012----pid-2012
---ebpf-pid----2012----pid-1
---ebpf-pid----448782----pid-448520
---ebpf-pid----2012----pid-2012
---ebpf-pid----448782----pid-1
---ebpf-pid----2012----pid-1
---ebpf-pid----2012----pid-2012
---ebpf-pid----378284----pid-378284
---ebpf-pid----2012----pid-1
---ebpf-pid----378284----pid-5476
---ebpf-pid----2012----pid-2012
---ebpf-pid----2012----pid-1
---ebpf-pid----2012----pid-2012
---ebpf-pid----2012----pid-1
---ebpf-pid----2012----pid-2012
---ebpf-pid----2012----pid-1
---ebpf-pid----2012----pid-2012
---ebpf-pid----378284----pid-1
---ebpf-pid----378284----pid-378284
---ebpf-pid----378284----pid-5476
---ebpf-pid----378284----pid-1
---ebpf-pid----378284----pid-378284
---ebpf-pid----378284----pid-5476
---ebpf-pid----378284----pid-1
---ebpf-pid----378284----pid-378284
---ebpf-pid----378284----pid-5476
---ebpf-pid----378284----pid-1
---ebpf-pid----448784----pid-448784
---ebpf-pid----448784----pid-448520
---ebpf-pid----448784----pid-1
---ebpf-pid----448784----pid-448784
---ebpf-pid----378284----pid-378284
---ebpf-pid----448784----pid-448520
---ebpf-pid----378284----pid-5476
---ebpf-pid----378284----pid-1
---ebpf-pid----378284----pid-378284
---ebpf-pid----378284----pid-5476
---ebpf-pid----378284----pid-1
---ebpf-pid----378284----pid-378284
---ebpf-pid----448784----pid-1
---ebpf-pid----5705----pid-5705
---ebpf-pid----378284----pid-5476
---ebpf-pid----5705----pid-5476
---ebpf-pid----378284----pid-1
---ebpf-pid----378284----pid-378284
---ebpf-pid----378284----pid-5476
---ebpf-pid----5705----pid-1
---ebpf-pid----5705----pid-5705
---ebpf-pid----378284----pid-1
---ebpf-pid----378284----pid-378284
---ebpf-pid----378284----pid-5476
---ebpf-pid----5705----pid-5476
---ebpf-pid----378284----pid-1
---ebpf-pid----378284----pid-378284
---ebpf-pid----378284----pid-5476
---ebpf-pid----378284----pid-1
---ebpf-pid----378284----pid-378284
---ebpf-pid----5705----pid-1
---ebpf-pid----5705----pid-5705
---ebpf-pid----378284----pid-5476
---ebpf-pid----5705----pid-5476
---ebpf-pid----378284----pid-1
---ebpf-pid----378284----pid-378284
---ebpf-pid----5705----pid-1
---ebpf-pid----378284----pid-5476
---ebpf-pid----5705----pid-5705
---ebpf-pid----378284----pid-1
---ebpf-pid----378284----pid-378284
---ebpf-pid----5705----pid-5476
---ebpf-pid----378284----pid-5476
---ebpf-pid----5705----pid-1
---ebpf-pid----5705----pid-5705
---ebpf-pid----2012----pid-1
---ebpf-pid----2012----pid-2012
---ebpf-pid----5705----pid-5476
---ebpf-pid----2012----pid-1
---ebpf-pid----5705----pid-1
---ebpf-pid----2012----pid-2012
---ebpf-pid----5705----pid-5705
---ebpf-pid----2012----pid-1
---ebpf-pid----5705----pid-5476
---ebpf-pid----2012----pid-2012
---ebpf-pid----2012----pid-1
---ebpf-pid----5705----pid-1
---ebpf-pid----2012----pid-2012
---ebpf-pid----5705----pid-5705
---ebpf-pid----2012----pid-1
---ebpf-pid----5705----pid-5476
---ebpf-pid----2012----pid-2012
---ebpf-pid----5705----pid-1
---ebpf-pid----2012----pid-1
---ebpf-pid----5705----pid-5705
---ebpf-pid----2012----pid-2012
---ebpf-pid----5705----pid-5476
---ebpf-pid----2012----pid-1
---ebpf-pid----2012----pid-2012
---ebpf-pid----5705----pid-1
---ebpf-pid----5705----pid-5705
---ebpf-pid----2012----pid-1
---ebpf-pid----2012----pid-2012
---ebpf-pid----5705----pid-5476
---ebpf-pid----2012----pid-1
---ebpf-pid----5705----pid-1
---ebpf-pid----2012----pid-2012
---ebpf-pid----5705----pid-5705
---ebpf-pid----2012----pid-1
---ebpf-pid----378284----pid-1
---ebpf-pid----5705----pid-5476
---ebpf-pid----2012----pid-2012
---ebpf-pid----378284----pid-378284
---ebpf-pid----5705----pid-1
---ebpf-pid----2012----pid-1
---ebpf-pid----378284----pid-5476
---ebpf-pid----2012----pid-2012
---ebpf-pid----378284----pid-1
---ebpf-pid----5705----pid-5705
---ebpf-pid----5705----pid-5476
---ebpf-pid----5705----pid-1
---ebpf-pid----5705----pid-5705
---ebpf-pid----5705----pid-5476
---ebpf-pid----5705----pid-1
---ebpf-pid----5705----pid-5705
---ebpf-pid----5705----pid-5476
---ebpf-pid----5705----pid-1
---ebpf-pid----5705----pid-5705
---ebpf-pid----5705----pid-5476
---ebpf-pid----5705----pid-1
---ebpf-pid----5705----pid-5705
---ebpf-pid----5705----pid-5476
---ebpf-pid----5705----pid-1
---ebpf-pid----5705----pid-5705
---ebpf-pid----5705----pid-5476
---ebpf-pid----5705----pid-1
---ebpf-pid----5705----pid-5705
---ebpf-pid----5705----pid-5476
---ebpf-pid----378284----pid-378284
---ebpf-pid----5705----pid-1
---ebpf-pid----5705----pid-5705
---ebpf-pid----378284----pid-5476
---ebpf-pid----5705----pid-5476
---ebpf-pid----378284----pid-1
---ebpf-pid----378284----pid-378284
---ebpf-pid----5705----pid-1
---ebpf-pid----5705----pid-5705
---ebpf-pid----378284----pid-5476
---ebpf-pid----5705----pid-5476
---ebpf-pid----378284----pid-1
---ebpf-pid----5705----pid-1
---ebpf-pid----5705----pid-5705
---ebpf-pid----5705----pid-5476
---ebpf-pid----5705----pid-1
---ebpf-pid----5705----pid-5705
---ebpf-pid----5705----pid-5476
---ebpf-pid----5705----pid-1
---ebpf-pid----378284----pid-378284
---ebpf-pid----378284----pid-5476
---ebpf-pid----5705----pid-5705
---ebpf-pid----5705----pid-5476
---ebpf-pid----5705----pid-1
---ebpf-pid----5705----pid-5705
---ebpf-pid----5705----pid-5476
---ebpf-pid----5705----pid-1
---ebpf-pid----5705----pid-5705
---ebpf-pid----5705----pid-5476
---ebpf-pid----378284----pid-1
---ebpf-pid----5705----pid-1
---ebpf-pid----378284----pid-378284
---ebpf-pid----5705----pid-5705
---ebpf-pid----5705----pid-5476
---ebpf-pid----5705----pid-1
---ebpf-pid----378284----pid-5476
---ebpf-pid----5705----pid-5705
---ebpf-pid----378284----pid-1
---ebpf-pid----5705----pid-5476
---ebpf-pid----378284----pid-378284
---ebpf-pid----5705----pid-1
---ebpf-pid----378284----pid-5476
---ebpf-pid----5705----pid-5705
---ebpf-pid----378284----pid-1
---ebpf-pid----378284----pid-378284
---ebpf-pid----5705----pid-5476
---ebpf-pid----378284----pid-5476
---ebpf-pid----5705----pid-1
---ebpf-pid----378284----pid-1
---ebpf-pid----5705----pid-5705
---ebpf-pid----378284----pid-378284
---ebpf-pid----5705----pid-5476
---ebpf-pid----378284----pid-5476
---ebpf-pid----378284----pid-1
---ebpf-pid----5705----pid-1
---ebpf-pid----378284----pid-378284
---ebpf-pid----5705----pid-5705
---ebpf-pid----378284----pid-5476
---ebpf-pid----5705----pid-5476
---ebpf-pid----378284----pid-1
---ebpf-pid----378284----pid-378284
---ebpf-pid----5705----pid-1
---ebpf-pid----378284----pid-5476
---ebpf-pid----5705----pid-5705
---ebpf-pid----378284----pid-1
---ebpf-pid----378284----pid-378284
---ebpf-pid----5705----pid-5476
---ebpf-pid----5705----pid-1
---ebpf-pid----5705----pid-5705
---ebpf-pid----5705----pid-5476
---ebpf-pid----5705----pid-1
---ebpf-pid----5705----pid-5705
---ebpf-pid----5705----pid-5476
---ebpf-pid----5705----pid-1
---ebpf-pid----5705----pid-5705
---ebpf-pid----5705----pid-5476
---ebpf-pid----5705----pid-1
---ebpf-pid----5705----pid-5705
---ebpf-pid----5705----pid-5476
---ebpf-pid----5705----pid-1
---ebpf-pid----5705----pid-5705
---ebpf-pid----5705----pid-5476
---ebpf-pid----378284----pid-5476
---ebpf-pid----378284----pid-1
---ebpf-pid----5705----pid-1
---ebpf-pid----378284----pid-378284
---ebpf-pid----5705----pid-5705
---ebpf-pid----378284----pid-5476
---ebpf-pid----5705----pid-5476
---ebpf-pid----378284----pid-1
---ebpf-pid----378284----pid-378284
---ebpf-pid----5705----pid-1
---ebpf-pid----5705----pid-5705
---ebpf-pid----378284----pid-5476
---ebpf-pid----5705----pid-5476
---ebpf-pid----378284----pid-1
---ebpf-pid----378284----pid-378284
---ebpf-pid----378284----pid-5476
---ebpf-pid----5705----pid-1
---ebpf-pid----5705----pid-5705
---ebpf-pid----378284----pid-1
---ebpf-pid----378284----pid-378284
---ebpf-pid----5705----pid-5476
---ebpf-pid----378284----pid-5476
---ebpf-pid----5705----pid-1
---ebpf-pid----5705----pid-5705
---ebpf-pid----378284----pid-1
---ebpf-pid----378284----pid-378284
---ebpf-pid----5705----pid-5476
---ebpf-pid----378284----pid-5476
---ebpf-pid----5705----pid-1
---ebpf-pid----5705----pid-5705
---ebpf-pid----378284----pid-1
---ebpf-pid----372881----pid-372881
---ebpf-pid----5705----pid-5476
---ebpf-pid----372881----pid-1
---ebpf-pid----5705----pid-1
---ebpf-pid----372881----pid-372881
---ebpf-pid----5705----pid-5705
---ebpf-pid----372881----pid-1
---ebpf-pid----372881----pid-372881
---ebpf-pid----5705----pid-5476
---ebpf-pid----372881----pid-1
---ebpf-pid----5705----pid-1
---ebpf-pid----372881----pid-372881
---ebpf-pid----5705----pid-5705
---ebpf-pid----372881----pid-1
---ebpf-pid----372881----pid-372881
---ebpf-pid----372881----pid-1
---ebpf-pid----372881----pid-372881
---ebpf-pid----2012----pid-1
---ebpf-pid----2012----pid-2012
---ebpf-pid----372881----pid-1
---ebpf-pid----372881----pid-372881
---ebpf-pid----2012----pid-1
---ebpf-pid----2012----pid-2012
---ebpf-pid----372881----pid-1
---ebpf-pid----372881----pid-372881
---ebpf-pid----2012----pid-1
---ebpf-pid----2012----pid-2012
---ebpf-pid----2012----pid-1
---ebpf-pid----2012----pid-2012
---ebpf-pid----2012----pid-1
---ebpf-pid----372881----pid-1
---ebpf-pid----2012----pid-2012
---ebpf-pid----372881----pid-372881
---ebpf-pid----2012----pid-1
---ebpf-pid----372881----pid-1
---ebpf-pid----2012----pid-2012
---ebpf-pid----372881----pid-372881
---ebpf-pid----2012----pid-1
---ebpf-pid----2012----pid-2012
---ebpf-pid----372881----pid-1
---ebpf-pid----372881----pid-372881
---ebpf-pid----2012----pid-1
---ebpf-pid----372881----pid-1
---ebpf-pid----2012----pid-2012
---ebpf-pid----2012----pid-1
---ebpf-pid----2012----pid-2012
---ebpf-pid----2012----pid-1
---ebpf-pid----2012----pid-2012
---ebpf-pid----2012----pid-1
---ebpf-pid----2012----pid-2012
---ebpf-pid----373029----pid-373029
---ebpf-pid----2012----pid-1
---ebpf-pid----2012----pid-2012
---ebpf-pid----373029----pid-5476
---ebpf-pid----2012----pid-1
---ebpf-pid----2012----pid-2012
---ebpf-pid----373029----pid-1
---ebpf-pid----373029----pid-373029
---ebpf-pid----2012----pid-1
---ebpf-pid----373029----pid-5476
---ebpf-pid----2012----pid-2012
---ebpf-pid----373029----pid-1
---ebpf-pid----373029----pid-373029
---ebpf-pid----2012----pid-1
---ebpf-pid----2012----pid-2012
---ebpf-pid----2012----pid-1
---ebpf-pid----2012----pid-2012
---ebpf-pid----2012----pid-1
---ebpf-pid----2012----pid-2012
---ebpf-pid----2012----pid-1
---ebpf-pid----2012----pid-2012
---ebpf-pid----2012----pid-1
---ebpf-pid----2012----pid-2012
---ebpf-pid----2012----pid-1
---ebpf-pid----2012----pid-2012
---ebpf-pid----2012----pid-1
---ebpf-pid----2012----pid-2012
---ebpf-pid----2012----pid-1
---ebpf-pid----2012----pid-2012
---ebpf-pid----2012----pid-1
---ebpf-pid----2012----pid-2012
---ebpf-pid----2012----pid-1
---ebpf-pid----2012----pid-2012
---ebpf-pid----2012----pid-1
---ebpf-pid----2012----pid-2012
---ebpf-pid----2012----pid-1
---ebpf-pid----2012----pid-2012
---ebpf-pid----2012----pid-1
---ebpf-pid----2012----pid-2012
---ebpf-pid----373029----pid-5476
---ebpf-pid----2012----pid-1
---ebpf-pid----2012----pid-2012
---ebpf-pid----373029----pid-1
---ebpf-pid----373029----pid-373029
---ebpf-pid----2012----pid-1
---ebpf-pid----373029----pid-5476
---ebpf-pid----2012----pid-2012
---ebpf-pid----373029----pid-1
---ebpf-pid----2012----pid-1
---ebpf-pid----373029----pid-373029
---ebpf-pid----2012----pid-2012
---ebpf-pid----373029----pid-5476
---ebpf-pid----2012----pid-1
---ebpf-pid----2012----pid-2012
---ebpf-pid----373029----pid-1
---ebpf-pid----2012----pid-1
---ebpf-pid----373029----pid-373029
---ebpf-pid----2012----pid-2012
---ebpf-pid----373029----pid-5476
---ebpf-pid----2012----pid-1
---ebpf-pid----2012----pid-2012
---ebpf-pid----2012----pid-1
---ebpf-pid----2012----pid-2012
---ebpf-pid----2012----pid-1
---ebpf-pid----2012----pid-2012
---ebpf-pid----2012----pid-1
---ebpf-pid----2012----pid-2012
---ebpf-pid----373029----pid-1
---ebpf-pid----373029----pid-373029
---ebpf-pid----2012----pid-1
---ebpf-pid----2012----pid-2012
---ebpf-pid----373029----pid-5476
---ebpf-pid----2012----pid-1
---ebpf-pid----2012----pid-2012
---ebpf-pid----373029----pid-1
---ebpf-pid----373029----pid-373029
---ebpf-pid----2012----pid-1
---ebpf-pid----2012----pid-2012
---ebpf-pid----373029----pid-5476
---ebpf-pid----2012----pid-1
---ebpf-pid----2012----pid-2012
---ebpf-pid----373029----pid-1
---ebpf-pid----373029----pid-373029
---ebpf-pid----2012----pid-1
---ebpf-pid----2012----pid-2012
---ebpf-pid----373029----pid-5476
---ebpf-pid----2012----pid-1
---ebpf-pid----373029----pid-1
---ebpf-pid----2012----pid-2012
---ebpf-pid----2012----pid-1
---ebpf-pid----2012----pid-2012
---ebpf-pid----2012----pid-1
---ebpf-pid----2012----pid-2012
---ebpf-pid----2012----pid-1
---ebpf-pid----2012----pid-2012
---ebpf-pid----2012----pid-1
---ebpf-pid----2012----pid-2012
---ebpf-pid----2012----pid-1
---ebpf-pid----2012----pid-2012
---ebpf-pid----2012----pid-1
---ebpf-pid----2012----pid-2012
---ebpf-pid----2012----pid-1
---ebpf-pid----2012----pid-2012
---ebpf-pid----2012----pid-1
---ebpf-pid----2012----pid-2012
---ebpf-pid----2012----pid-1
---ebpf-pid----373029----pid-373029
---ebpf-pid----372881----pid-372881
---ebpf-pid----372881----pid-1
---ebpf-pid----372881----pid-372881
---ebpf-pid----372881----pid-1
---ebpf-pid----372881----pid-372881
---ebpf-pid----372881----pid-1
---ebpf-pid----373029----pid-5476
---ebpf-pid----372881----pid-372881
---ebpf-pid----373029----pid-1
---ebpf-pid----372881----pid-1
---ebpf-pid----373029----pid-373029
---ebpf-pid----372881----pid-372881
---ebpf-pid----373029----pid-5476
---ebpf-pid----373029----pid-1
---ebpf-pid----373029----pid-373029
---ebpf-pid----372881----pid-1
---ebpf-pid----372881----pid-372881
---ebpf-pid----5705----pid-5476
---ebpf-pid----372881----pid-1
---ebpf-pid----372881----pid-372881
---ebpf-pid----5705----pid-1
---ebpf-pid----5705----pid-5705
---ebpf-pid----372881----pid-1
---ebpf-pid----372881----pid-372881
---ebpf-pid----5705----pid-5476
---ebpf-pid----5705----pid-1
---ebpf-pid----372881----pid-1
---ebpf-pid----5705----pid-5705
---ebpf-pid----372881----pid-372881
---ebpf-pid----5705----pid-5476
---ebpf-pid----372881----pid-1
---ebpf-pid----372881----pid-372881
---ebpf-pid----5705----pid-1
---ebpf-pid----5705----pid-5705
---ebpf-pid----372881----pid-1
---ebpf-pid----372881----pid-372881
---ebpf-pid----5705----pid-5476
---ebpf-pid----372881----pid-1
---ebpf-pid----5705----pid-1
---ebpf-pid----372881----pid-372881
---ebpf-pid----5705----pid-5705
---ebpf-pid----5705----pid-5476
---ebpf-pid----372881----pid-1
---ebpf-pid----372881----pid-372881
---ebpf-pid----5705----pid-1
---ebpf-pid----5705----pid-5705
---ebpf-pid----372881----pid-1
---ebpf-pid----372881----pid-372881
---ebpf-pid----5705----pid-5476
---ebpf-pid----372881----pid-1
---ebpf-pid----5705----pid-1
---ebpf-pid----372881----pid-372881
---ebpf-pid----5705----pid-5705
---ebpf-pid----372881----pid-1
---ebpf-pid----5705----pid-5476
---ebpf-pid----372881----pid-372881
---ebpf-pid----5705----pid-1
---ebpf-pid----372881----pid-1
---ebpf-pid----372881----pid-372881
---ebpf-pid----372881----pid-1
---ebpf-pid----372881----pid-372881
---ebpf-pid----372881----pid-1
---ebpf-pid----372881----pid-372881
---ebpf-pid----373029----pid-5476
---ebpf-pid----372881----pid-1
---ebpf-pid----372881----pid-372881
---ebpf-pid----373029----pid-1
---ebpf-pid----373029----pid-373029
---ebpf-pid----372881----pid-1
---ebpf-pid----372881----pid-372881
---ebpf-pid----373029----pid-5476
---ebpf-pid----373029----pid-1
---ebpf-pid----372881----pid-1
---ebpf-pid----373029----pid-373029
---ebpf-pid----372881----pid-372881
---ebpf-pid----372881----pid-1
---ebpf-pid----373029----pid-5476
---ebpf-pid----372881----pid-372881
---ebpf-pid----373029----pid-1
---ebpf-pid----373029----pid-373029
---ebpf-pid----373029----pid-5476
---ebpf-pid----5705----pid-5705
---ebpf-pid----373029----pid-1
---ebpf-pid----373029----pid-373029
---ebpf-pid----5705----pid-5476
---ebpf-pid----373029----pid-5476
---ebpf-pid----5705----pid-1
---ebpf-pid----5705----pid-5705
---ebpf-pid----373029----pid-1
---ebpf-pid----373029----pid-373029
---ebpf-pid----5705----pid-5476
---ebpf-pid----373029----pid-5476
---ebpf-pid----5705----pid-1
---ebpf-pid----373029----pid-1
---ebpf-pid----5705----pid-5705
---ebpf-pid----373029----pid-373029
---ebpf-pid----5705----pid-5476
---ebpf-pid----373029----pid-5476
---ebpf-pid----373029----pid-1
---ebpf-pid----5705----pid-1
---ebpf-pid----373029----pid-373029
---ebpf-pid----5705----pid-5705
---ebpf-pid----373029----pid-5476
---ebpf-pid----5705----pid-5476
---ebpf-pid----373029----pid-1
---ebpf-pid----373029----pid-373029
---ebpf-pid----5705----pid-1
---ebpf-pid----5705----pid-5705
---ebpf-pid----373029----pid-5476
---ebpf-pid----373029----pid-1
---ebpf-pid----5705----pid-5476
---ebpf-pid----373029----pid-373029
---ebpf-pid----5705----pid-1
---ebpf-pid----373029----pid-5476
---ebpf-pid----5705----pid-5705
---ebpf-pid----373029----pid-1
---ebpf-pid----5705----pid-5476
---ebpf-pid----373029----pid-373029
---ebpf-pid----5705----pid-1
---ebpf-pid----373029----pid-5476
---ebpf-pid----5705----pid-5705
---ebpf-pid----373029----pid-1
---ebpf-pid----373029----pid-373029
---ebpf-pid----5705----pid-5476
---ebpf-pid----2012----pid-2012
---ebpf-pid----2012----pid-1
---ebpf-pid----2012----pid-2012
---ebpf-pid----2012----pid-1
---ebpf-pid----2012----pid-2012
---ebpf-pid----2012----pid-1
---ebpf-pid----2012----pid-2012
---ebpf-pid----2012----pid-1
---ebpf-pid----2012----pid-2012
---ebpf-pid----2012----pid-1
---ebpf-pid----2012----pid-2012
---ebpf-pid----2012----pid-1
---ebpf-pid----2012----pid-2012
---ebpf-pid----2012----pid-1
---ebpf-pid----2012----pid-2012
---ebpf-pid----2012----pid-1
---ebpf-pid----2012----pid-2012
---ebpf-pid----2012----pid-1
---ebpf-pid----2012----pid-2012
---ebpf-pid----373029----pid-5476
---ebpf-pid----2012----pid-1
---ebpf-pid----2012----pid-2012
---ebpf-pid----373029----pid-1
---ebpf-pid----373029----pid-373029
---ebpf-pid----2012----pid-1
---ebpf-pid----2012----pid-2012
---ebpf-pid----373029----pid-5476
---ebpf-pid----2012----pid-1
---ebpf-pid----2012----pid-2012
---ebpf-pid----373029----pid-1
---ebpf-pid----373029----pid-373029
---ebpf-pid----2012----pid-1
---ebpf-pid----2012----pid-2012
---ebpf-pid----373029----pid-5476
---ebpf-pid----373029----pid-1
---ebpf-pid----373029----pid-373029
---ebpf-pid----373029----pid-5476
---ebpf-pid----373029----pid-1
---ebpf-pid----373029----pid-373029
---ebpf-pid----373029----pid-5476
---ebpf-pid----373029----pid-1
---ebpf-pid----6671----pid-6671
---ebpf-pid----6671----pid-5476
---ebpf-pid----6671----pid-1
---ebpf-pid----6671----pid-6671
---ebpf-pid----6671----pid-5476
---ebpf-pid----6671----pid-1
---ebpf-pid----6671----pid-6671
---ebpf-pid----6671----pid-5476
---ebpf-pid----5705----pid-1
---ebpf-pid----2012----pid-1
---ebpf-pid----372881----pid-1
---ebpf-pid----372881----pid-372881
---ebpf-pid----372881----pid-1
---ebpf-pid----6671----pid-1
---ebpf-pid----372881----pid-372881
---ebpf-pid----6671----pid-6671
---ebpf-pid----372881----pid-1
---ebpf-pid----6671----pid-5476
---ebpf-pid----372881----pid-372881
---ebpf-pid----372881----pid-1
---ebpf-pid----6671----pid-1
---ebpf-pid----372881----pid-372881
---ebpf-pid----6671----pid-6671
---ebpf-pid----5705----pid-5705
---ebpf-pid----372881----pid-1
---ebpf-pid----6671----pid-5476
---ebpf-pid----372881----pid-372881
---ebpf-pid----2012----pid-2012
---ebpf-pid----6671----pid-1
---ebpf-pid----6671----pid-6671
---ebpf-pid----372881----pid-1
---ebpf-pid----2012----pid-1
---ebpf-pid----372881----pid-372881
---ebpf-pid----2012----pid-2012
---ebpf-pid----6671----pid-5476
---ebpf-pid----372881----pid-1
---ebpf-pid----372881----pid-372881
---ebpf-pid----6671----pid-1
---ebpf-pid----2012----pid-1
---ebpf-pid----6671----pid-6671
---ebpf-pid----2012----pid-2012
---ebpf-pid----372881----pid-1
---ebpf-pid----372881----pid-372881
---ebpf-pid----6671----pid-5476
---ebpf-pid----2012----pid-1
---ebpf-pid----2012----pid-2012
---ebpf-pid----372881----pid-1
---ebpf-pid----6671----pid-1
---ebpf-pid----372881----pid-372881
---ebpf-pid----6671----pid-6671
---ebpf-pid----2012----pid-1
---ebpf-pid----6671----pid-5476
---ebpf-pid----2012----pid-2012
---ebpf-pid----372881----pid-1
---ebpf-pid----372881----pid-372881
---ebpf-pid----6671----pid-1
---ebpf-pid----2012----pid-1
---ebpf-pid----6671----pid-6671
---ebpf-pid----2012----pid-2012
---ebpf-pid----372881----pid-1
---ebpf-pid----372881----pid-372881
---ebpf-pid----2012----pid-1
---ebpf-pid----6671----pid-5476
---ebpf-pid----2012----pid-2012
---ebpf-pid----372881----pid-1
---ebpf-pid----372881----pid-372881
---ebpf-pid----6671----pid-1
---ebpf-pid----6671----pid-6671
---ebpf-pid----2012----pid-1
---ebpf-pid----372881----pid-1
---ebpf-pid----2012----pid-2012
---ebpf-pid----372881----pid-372881
---ebpf-pid----6671----pid-5476
---ebpf-pid----2012----pid-1
---ebpf-pid----372881----pid-1
---ebpf-pid----6671----pid-1
---ebpf-pid----2012----pid-2012
---ebpf-pid----372881----pid-372881
---ebpf-pid----6671----pid-6671
---ebpf-pid----2012----pid-1
---ebpf-pid----372881----pid-1
---ebpf-pid----6671----pid-5476
---ebpf-pid----2012----pid-2012
---ebpf-pid----372881----pid-372881
---ebpf-pid----6671----pid-1
---ebpf-pid----2012----pid-1
---ebpf-pid----372881----pid-1
---ebpf-pid----6671----pid-6671
---ebpf-pid----2012----pid-2012
---ebpf-pid----372881----pid-372881
---ebpf-pid----6671----pid-5476
---ebpf-pid----2012----pid-1
---ebpf-pid----372881----pid-1
---ebpf-pid----2012----pid-2012
---ebpf-pid----372881----pid-372881
---ebpf-pid----6671----pid-1
---ebpf-pid----6671----pid-6671
---ebpf-pid----2012----pid-1
---ebpf-pid----372881----pid-1
---ebpf-pid----2012----pid-2012
---ebpf-pid----372881----pid-372881
---ebpf-pid----6671----pid-5476
---ebpf-pid----2012----pid-1
---ebpf-pid----372881----pid-1
---ebpf-pid----2012----pid-2012
---ebpf-pid----5705----pid-5476
---ebpf-pid----6671----pid-1
---ebpf-pid----6671----pid-6671
---ebpf-pid----2012----pid-1
---ebpf-pid----5705----pid-1
---ebpf-pid----2012----pid-2012
---ebpf-pid----6671----pid-5476
---ebpf-pid----5705----pid-5705
---ebpf-pid----2012----pid-1
---ebpf-pid----6671----pid-1
---ebpf-pid----2012----pid-2012
---ebpf-pid----5705----pid-5476
---ebpf-pid----6671----pid-6671
---ebpf-pid----5705----pid-1
---ebpf-pid----2012----pid-1
---ebpf-pid----6671----pid-5476
---ebpf-pid----5705----pid-5705
---ebpf-pid----2012----pid-2012
---ebpf-pid----6671----pid-1
---ebpf-pid----2012----pid-1
---ebpf-pid----5705----pid-5476
---ebpf-pid----6671----pid-6671
---ebpf-pid----2012----pid-2012
---ebpf-pid----5705----pid-1
---ebpf-pid----6671----pid-5476
---ebpf-pid----2012----pid-1
---ebpf-pid----5705----pid-5705
---ebpf-pid----2012----pid-2012
---ebpf-pid----6671----pid-1
---ebpf-pid----5705----pid-5476
---ebpf-pid----6671----pid-6671
---ebpf-pid----2012----pid-1
---ebpf-pid----2012----pid-2012
---ebpf-pid----6671----pid-5476
---ebpf-pid----5705----pid-1
---ebpf-pid----5705----pid-5705
---ebpf-pid----2012----pid-1
---ebpf-pid----2012----pid-2012
---ebpf-pid----6671----pid-1
---ebpf-pid----6671----pid-6671
---ebpf-pid----5705----pid-5476
---ebpf-pid----2012----pid-1
---ebpf-pid----6671----pid-5476
---ebpf-pid----5705----pid-1
---ebpf-pid----2012----pid-2012
---ebpf-pid----5705----pid-5705
---ebpf-pid----6671----pid-1
---ebpf-pid----2012----pid-1
---ebpf-pid----6671----pid-6671
---ebpf-pid----5705----pid-5476
---ebpf-pid----2012----pid-2012
---ebpf-pid----6671----pid-5476
---ebpf-pid----5705----pid-1
---ebpf-pid----2012----pid-1
---ebpf-pid----5705----pid-5705
---ebpf-pid----2012----pid-2012
---ebpf-pid----6671----pid-1
---ebpf-pid----6671----pid-6671
---ebpf-pid----5705----pid-5476
---ebpf-pid----2012----pid-1
---ebpf-pid----2012----pid-2012
---ebpf-pid----6671----pid-5476
---ebpf-pid----5705----pid-1
---ebpf-pid----5705----pid-5705
---ebpf-pid----2012----pid-1
---ebpf-pid----6671----pid-1
---ebpf-pid----5705----pid-5705
---ebpf-pid----6671----pid-6671
---ebpf-pid----5705----pid-5476
---ebpf-pid----5705----pid-5476
---ebpf-pid----6671----pid-5476
---ebpf-pid----5705----pid-1
---ebpf-pid----5705----pid-1
---ebpf-pid----5705----pid-5705
---ebpf-pid----6671----pid-1
---ebpf-pid----5705----pid-5705
---ebpf-pid----6671----pid-6671
---ebpf-pid----5705----pid-5476
---ebpf-pid----5705----pid-5476
---ebpf-pid----6671----pid-5476
---ebpf-pid----5705----pid-1
---ebpf-pid----5705----pid-1
---ebpf-pid----6671----pid-1
---ebpf-pid----5705----pid-5705
---ebpf-pid----6671----pid-6671
---ebpf-pid----5705----pid-5705
---ebpf-pid----5705----pid-5476
---ebpf-pid----5705----pid-5476
---ebpf-pid----6671----pid-5476
---ebpf-pid----5705----pid-1
---ebpf-pid----5705----pid-1
---ebpf-pid----5705----pid-5705
---ebpf-pid----6671----pid-1
---ebpf-pid----5705----pid-5705
---ebpf-pid----6671----pid-6671
---ebpf-pid----5705----pid-5476
---ebpf-pid----5705----pid-5476
---ebpf-pid----6671----pid-5476
---ebpf-pid----378284----pid-378284
---ebpf-pid----6671----pid-1
---ebpf-pid----2089----pid-2089
---ebpf-pid----378284----pid-5476
---ebpf-pid----2089----pid-1
---ebpf-pid----378284----pid-1
---ebpf-pid----378284----pid-378284
---ebpf-pid----378284----pid-5476
---ebpf-pid----2089----pid-2089
---ebpf-pid----378284----pid-1
---ebpf-pid----378284----pid-378284
---ebpf-pid----2089----pid-1
---ebpf-pid----2089----pid-2089
---ebpf-pid----378284----pid-5476
---ebpf-pid----2089----pid-1
---ebpf-pid----378284----pid-1
---ebpf-pid----378284----pid-378284
---ebpf-pid----2089----pid-2089
---ebpf-pid----378284----pid-5476
---ebpf-pid----2089----pid-1
---ebpf-pid----6671----pid-6671
---ebpf-pid----378284----pid-1
---ebpf-pid----378284----pid-378284
---ebpf-pid----6671----pid-5476
---ebpf-pid----378284----pid-5476
---ebpf-pid----6671----pid-1
---ebpf-pid----378284----pid-1
---ebpf-pid----6671----pid-6671
---ebpf-pid----378284----pid-378284
---ebpf-pid----6671----pid-5476
---ebpf-pid----378284----pid-5476
---ebpf-pid----6671----pid-1
---ebpf-pid----378284----pid-1
---ebpf-pid----6671----pid-6671
---ebpf-pid----378284----pid-378284
---ebpf-pid----378284----pid-5476
---ebpf-pid----6671----pid-5476
---ebpf-pid----378284----pid-1
---ebpf-pid----378284----pid-378284
---ebpf-pid----6671----pid-1
---ebpf-pid----2089----pid-2089
---ebpf-pid----378284----pid-5476
---ebpf-pid----378284----pid-1
---ebpf-pid----2089----pid-1
---ebpf-pid----378284----pid-378284
---ebpf-pid----2089----pid-2089
---ebpf-pid----378284----pid-5476
---ebpf-pid----2089----pid-1
---ebpf-pid----378284----pid-1
---ebpf-pid----2089----pid-2089
---ebpf-pid----378284----pid-378284
---ebpf-pid----2089----pid-1
---ebpf-pid----378284----pid-5476
---ebpf-pid----2089----pid-2089
---ebpf-pid----378284----pid-1
---ebpf-pid----378284----pid-378284
---ebpf-pid----2089----pid-1
---ebpf-pid----2089----pid-2089
---ebpf-pid----5705----pid-1
---ebpf-pid----2089----pid-1
---ebpf-pid----2089----pid-2089
---ebpf-pid----5705----pid-5705
---ebpf-pid----2089----pid-1
---ebpf-pid----5705----pid-5476
---ebpf-pid----2089----pid-2089
---ebpf-pid----5705----pid-1
---ebpf-pid----5705----pid-5705
---ebpf-pid----2089----pid-1
---ebpf-pid----2089----pid-2089
---ebpf-pid----5705----pid-5476
---ebpf-pid----2089----pid-1
---ebpf-pid----5705----pid-1
---ebpf-pid----2089----pid-2089
---ebpf-pid----5705----pid-5705
---ebpf-pid----2089----pid-1
---ebpf-pid----5705----pid-5476
---ebpf-pid----2089----pid-2089
---ebpf-pid----5705----pid-1
---ebpf-pid----5705----pid-5705
---ebpf-pid----2089----pid-1
---ebpf-pid----2089----pid-2089
---ebpf-pid----5705----pid-5476
---ebpf-pid----2089----pid-1
---ebpf-pid----5705----pid-1
---ebpf-pid----2089----pid-2089
---ebpf-pid----5705----pid-5705
---ebpf-pid----2089----pid-1
---ebpf-pid----5705----pid-5476
---ebpf-pid----5705----pid-1
---ebpf-pid----7313----pid-7313
---ebpf-pid----7313----pid-1
---ebpf-pid----7313----pid-7313
---ebpf-pid----7313----pid-1
---ebpf-pid----5705----pid-5705
---ebpf-pid----5705----pid-5476
---ebpf-pid----2089----pid-2089
---ebpf-pid----378284----pid-5476
---ebpf-pid----378284----pid-1
---ebpf-pid----2089----pid-1
---ebpf-pid----378284----pid-378284
---ebpf-pid----2089----pid-2089
---ebpf-pid----378284----pid-5476
---ebpf-pid----2089----pid-1
---ebpf-pid----2089----pid-2089
---ebpf-pid----378284----pid-1
---ebpf-pid----2089----pid-1
---ebpf-pid----2089----pid-2089
---ebpf-pid----2089----pid-1
---ebpf-pid----2089----pid-2089
---ebpf-pid----2089----pid-1
---ebpf-pid----2089----pid-2089
---ebpf-pid----2089----pid-1
---ebpf-pid----2089----pid-2089
---ebpf-pid----2089----pid-1
---ebpf-pid----2089----pid-2089
---ebpf-pid----2089----pid-1
---ebpf-pid----2089----pid-2089
---ebpf-pid----2089----pid-1
---ebpf-pid----2089----pid-2089
---ebpf-pid----2089----pid-1
---ebpf-pid----2089----pid-2089
---ebpf-pid----2089----pid-1
---ebpf-pid----2089----pid-2089
---ebpf-pid----5705----pid-1
---ebpf-pid----5705----pid-5705
---ebpf-pid----5705----pid-5476
---ebpf-pid----2089----pid-1
---ebpf-pid----5705----pid-1
---ebpf-pid----2089----pid-2089
---ebpf-pid----2089----pid-1
---ebpf-pid----2089----pid-2089
---ebpf-pid----378284----pid-378284
---ebpf-pid----5705----pid-5705
---ebpf-pid----378284----pid-5476
---ebpf-pid----5705----pid-5476
---ebpf-pid----378284----pid-1
---ebpf-pid----378284----pid-378284
---ebpf-pid----378284----pid-5476
---ebpf-pid----2089----pid-1
---ebpf-pid----2089----pid-2089
---ebpf-pid----2089----pid-1
---ebpf-pid----2089----pid-2089
---ebpf-pid----2089----pid-1
---ebpf-pid----2089----pid-2089
---ebpf-pid----2089----pid-1
---ebpf-pid----2089----pid-2089
---ebpf-pid----378284----pid-1
---ebpf-pid----372881----pid-372881
---ebpf-pid----2089----pid-1
---ebpf-pid----2089----pid-2089
---ebpf-pid----372881----pid-1
---ebpf-pid----2089----pid-1
---ebpf-pid----372881----pid-372881
---ebpf-pid----2089----pid-2089
---ebpf-pid----372881----pid-1
---ebpf-pid----372881----pid-372881
---ebpf-pid----2089----pid-1
---ebpf-pid----2089----pid-2089
---ebpf-pid----5705----pid-1
---ebpf-pid----372881----pid-1
---ebpf-pid----2089----pid-1
---ebpf-pid----372881----pid-372881
---ebpf-pid----5705----pid-5705
---ebpf-pid----2089----pid-2089
---ebpf-pid----372881----pid-1
---ebpf-pid----2089----pid-1
---ebpf-pid----5705----pid-5476
---ebpf-pid----372881----pid-372881
---ebpf-pid----2089----pid-2089
---ebpf-pid----5705----pid-1
---ebpf-pid----372881----pid-1
---ebpf-pid----5705----pid-5705
---ebpf-pid----372881----pid-372881
---ebpf-pid----5705----pid-1
---ebpf-pid----5705----pid-5476
---ebpf-pid----372881----pid-1
---ebpf-pid----5705----pid-5705
---ebpf-pid----372881----pid-372881
---ebpf-pid----5705----pid-1
---ebpf-pid----5705----pid-5705
---ebpf-pid----372881----pid-1
---ebpf-pid----372881----pid-372881
---ebpf-pid----5705----pid-5476
---ebpf-pid----5705----pid-5476
---ebpf-pid----5705----pid-1
---ebpf-pid----5705----pid-5705
---ebpf-pid----5705----pid-5476
---ebpf-pid----5705----pid-1
---ebpf-pid----5705----pid-1
---ebpf-pid----5705----pid-5705
---ebpf-pid----5638----pid-5638
---ebpf-pid----5638----pid-1
---ebpf-pid----7313----pid-7313
---ebpf-pid----5705----pid-5476
---ebpf-pid----7313----pid-1
---ebpf-pid----5638----pid-5638
---ebpf-pid----5705----pid-1
---ebpf-pid----5638----pid-1
---ebpf-pid----2094----pid-2094
---ebpf-pid----5705----pid-5705
---ebpf-pid----2094----pid-1
---ebpf-pid----2094----pid-2094
---ebpf-pid----5705----pid-5476
---ebpf-pid----2094----pid-1
---ebpf-pid----2094----pid-2094
---ebpf-pid----2094----pid-1
---ebpf-pid----5705----pid-1
---ebpf-pid----2094----pid-2094
---ebpf-pid----5705----pid-5705
---ebpf-pid----2094----pid-1
---ebpf-pid----2094----pid-2094
---ebpf-pid----2094----pid-1
---ebpf-pid----5705----pid-5476
---ebpf-pid----2094----pid-2094
---ebpf-pid----2094----pid-1
---ebpf-pid----2094----pid-2094
---ebpf-pid----5705----pid-1
---ebpf-pid----2094----pid-1
---ebpf-pid----2094----pid-2094
---ebpf-pid----5705----pid-5705
---ebpf-pid----2094----pid-1
---ebpf-pid----2094----pid-2094
---ebpf-pid----2094----pid-1
---ebpf-pid----2094----pid-2094
---ebpf-pid----372881----pid-1
---ebpf-pid----2094----pid-1
---ebpf-pid----2094----pid-2094
---ebpf-pid----2089----pid-1
---ebpf-pid----2094----pid-1
---ebpf-pid----5705----pid-5476
---ebpf-pid----2094----pid-2094
---ebpf-pid----372881----pid-372881
---ebpf-pid----2094----pid-1
---ebpf-pid----2094----pid-2094
---ebpf-pid----2094----pid-1
---ebpf-pid----2094----pid-2094
---ebpf-pid----2094----pid-1
---ebpf-pid----2089----pid-2089
---ebpf-pid----2094----pid-2094
---ebpf-pid----5705----pid-1
---ebpf-pid----5705----pid-5705
---ebpf-pid----5705----pid-5476
---ebpf-pid----5705----pid-1
---ebpf-pid----5705----pid-5705
---ebpf-pid----5705----pid-5476
---ebpf-pid----5705----pid-1
---ebpf-pid----5705----pid-5705
---ebpf-pid----5705----pid-5476
---ebpf-pid----5705----pid-1
---ebpf-pid----5705----pid-5705
---ebpf-pid----2089----pid-1
---ebpf-pid----2089----pid-2089
---ebpf-pid----2089----pid-1
---ebpf-pid----2089----pid-2089
---ebpf-pid----2089----pid-1
---ebpf-pid----2089----pid-2089
---ebpf-pid----2089----pid-1
---ebpf-pid----2089----pid-2089
---ebpf-pid----2089----pid-1
---ebpf-pid----2089----pid-2089
---ebpf-pid----372881----pid-1
---ebpf-pid----2094----pid-1
---ebpf-pid----372881----pid-372881
---ebpf-pid----2094----pid-2094
---ebpf-pid----372881----pid-1
---ebpf-pid----372881----pid-372881
---ebpf-pid----372881----pid-1
---ebpf-pid----372881----pid-372881
---ebpf-pid----372881----pid-1
---ebpf-pid----372881----pid-372881
---ebpf-pid----372881----pid-1
---ebpf-pid----372881----pid-372881
---ebpf-pid----372881----pid-1
---ebpf-pid----372881----pid-372881
---ebpf-pid----372881----pid-1
---ebpf-pid----372881----pid-372881
---ebpf-pid----5705----pid-5476
---ebpf-pid----5705----pid-1
---ebpf-pid----5705----pid-5705
---ebpf-pid----5705----pid-5476
---ebpf-pid----5705----pid-1
---ebpf-pid----5705----pid-5705
---ebpf-pid----5705----pid-5476
---ebpf-pid----5705----pid-1
---ebpf-pid----5705----pid-5705
---ebpf-pid----5705----pid-5476
---ebpf-pid----5705----pid-1
---ebpf-pid----5705----pid-5705
---ebpf-pid----5705----pid-5476
---ebpf-pid----5705----pid-1
---ebpf-pid----5705----pid-5705
---ebpf-pid----5705----pid-5476
---ebpf-pid----5705----pid-1
---ebpf-pid----5705----pid-5705
---ebpf-pid----5705----pid-5476
---ebpf-pid----5705----pid-1
---ebpf-pid----5705----pid-5705
---ebpf-pid----5705----pid-5476
---ebpf-pid----5705----pid-1
---ebpf-pid----5705----pid-5705
---ebpf-pid----5705----pid-5476
---ebpf-pid----5705----pid-1
---ebpf-pid----5705----pid-5705
---ebpf-pid----5705----pid-5476
---ebpf-pid----5705----pid-1
---ebpf-pid----5705----pid-5705
---ebpf-pid----5705----pid-5476
---ebpf-pid----5705----pid-1
---ebpf-pid----5705----pid-5705
---ebpf-pid----5705----pid-5476
---ebpf-pid----5705----pid-1
---ebpf-pid----5705----pid-5705
---ebpf-pid----5705----pid-5476
---ebpf-pid----5705----pid-1
---ebpf-pid----5705----pid-5705
---ebpf-pid----5705----pid-5476
---ebpf-pid----5705----pid-1
---ebpf-pid----5705----pid-5705
---ebpf-pid----5705----pid-5476
---ebpf-pid----5705----pid-1
---ebpf-pid----5705----pid-5705
---ebpf-pid----5705----pid-5476
---ebpf-pid----5705----pid-1
---ebpf-pid----5705----pid-5705
---ebpf-pid----2094----pid-1
---ebpf-pid----5705----pid-5476
---ebpf-pid----5705----pid-1
---ebpf-pid----2094----pid-2094
---ebpf-pid----5705----pid-5705
---ebpf-pid----2094----pid-1
---ebpf-pid----2094----pid-2094
---ebpf-pid----5705----pid-5476
---ebpf-pid----2094----pid-1
---ebpf-pid----2094----pid-2094
---ebpf-pid----5705----pid-1
---ebpf-pid----2094----pid-1
---ebpf-pid----2094----pid-2094
---ebpf-pid----2094----pid-1
---ebpf-pid----2094----pid-2094
---ebpf-pid----5705----pid-5705
---ebpf-pid----2094----pid-1
---ebpf-pid----2094----pid-2094
---ebpf-pid----5705----pid-5476
---ebpf-pid----2094----pid-1
---ebpf-pid----2094----pid-2094
---ebpf-pid----5705----pid-1
---ebpf-pid----5705----pid-5705
---ebpf-pid----2094----pid-1
---ebpf-pid----2094----pid-2094
---ebpf-pid----2094----pid-1
---ebpf-pid----2094----pid-2094
---ebpf-pid----2094----pid-1
---ebpf-pid----2094----pid-2094
---ebpf-pid----2094----pid-1
---ebpf-pid----2094----pid-2094
---ebpf-pid----2094----pid-1
---ebpf-pid----2094----pid-2094
---ebpf-pid----2094----pid-1
---ebpf-pid----2094----pid-2094
---ebpf-pid----2094----pid-1
---ebpf-pid----2094----pid-2094
---ebpf-pid----2094----pid-1
---ebpf-pid----448785----pid-448785
---ebpf-pid----448785----pid-448520
---ebpf-pid----448785----pid-1
---ebpf-pid----5638----pid-5638
---ebpf-pid----2089----pid-1
---ebpf-pid----2089----pid-2089
---ebpf-pid----5638----pid-1
---ebpf-pid----2094----pid-2094
---ebpf-pid----2089----pid-1
---ebpf-pid----2089----pid-2089
---ebpf-pid----2094----pid-1
---ebpf-pid----2094----pid-2094
---ebpf-pid----2089----pid-1
---ebpf-pid----2094----pid-1
---ebpf-pid----2094----pid-2094
---ebpf-pid----2089----pid-2089
---ebpf-pid----2089----pid-1
---ebpf-pid----2089----pid-2089
---ebpf-pid----2089----pid-1
---ebpf-pid----2089----pid-2089
---ebpf-pid----2089----pid-1
---ebpf-pid----2089----pid-2089
---ebpf-pid----2089----pid-1
---ebpf-pid----2089----pid-2089
---ebpf-pid----2089----pid-1
---ebpf-pid----2089----pid-2089
---ebpf-pid----2089----pid-1
---ebpf-pid----2089----pid-2089
---ebpf-pid----2089----pid-1
---ebpf-pid----2089----pid-2089
---ebpf-pid----2089----pid-1
---ebpf-pid----2089----pid-2089
---ebpf-pid----2089----pid-1
---ebpf-pid----2089----pid-2089
---ebpf-pid----2089----pid-1
---ebpf-pid----2089----pid-2089
---ebpf-pid----2089----pid-1
---ebpf-pid----2089----pid-2089
---ebpf-pid----2089----pid-1
---ebpf-pid----2089----pid-2089
---ebpf-pid----2089----pid-1
---ebpf-pid----2089----pid-2089
---ebpf-pid----2089----pid-1
---ebpf-pid----2089----pid-2089
---ebpf-pid----5705----pid-5476
---ebpf-pid----2089----pid-1
---ebpf-pid----372881----pid-1
---ebpf-pid----2094----pid-1
---ebpf-pid----2094----pid-2094
---ebpf-pid----372881----pid-372881
---ebpf-pid----2094----pid-1
---ebpf-pid----2094----pid-2094
---ebpf-pid----372881----pid-1
---ebpf-pid----372881----pid-372881
---ebpf-pid----2094----pid-1
---ebpf-pid----372881----pid-1
---ebpf-pid----2094----pid-2094
---ebpf-pid----372881----pid-372881
---ebpf-pid----2094----pid-1
---ebpf-pid----372881----pid-1
---ebpf-pid----2094----pid-2094
---ebpf-pid----2094----pid-2094
---ebpf-pid----2094----pid-1
---ebpf-pid----2094----pid-1
---ebpf-pid----2094----pid-2094
---ebpf-pid----2094----pid-2094
---ebpf-pid----2094----pid-1
---ebpf-pid----2094----pid-1
---ebpf-pid----2094----pid-2094
---ebpf-pid----2094----pid-2094
---ebpf-pid----2094----pid-1
---ebpf-pid----2094----pid-1
---ebpf-pid----2094----pid-2094
---ebpf-pid----2094----pid-2094
---ebpf-pid----2094----pid-1
---ebpf-pid----2094----pid-1
---ebpf-pid----2094----pid-2094
---ebpf-pid----2094----pid-2094
---ebpf-pid----2094----pid-1
---ebpf-pid----2094----pid-1
---ebpf-pid----2094----pid-2094
---ebpf-pid----2094----pid-2094
---ebpf-pid----2094----pid-1
---ebpf-pid----2094----pid-1
---ebpf-pid----2094----pid-2094
---ebpf-pid----2094----pid-2094
---ebpf-pid----2094----pid-1
---ebpf-pid----2094----pid-1
---ebpf-pid----2094----pid-2094
---ebpf-pid----2094----pid-2094
---ebpf-pid----2094----pid-1
---ebpf-pid----2094----pid-1
---ebpf-pid----2094----pid-2094
---ebpf-pid----2094----pid-2094
---ebpf-pid----2094----pid-1
---ebpf-pid----2094----pid-1
---ebpf-pid----2094----pid-2094
---ebpf-pid----2094----pid-2094
---ebpf-pid----2094----pid-1
---ebpf-pid----2094----pid-1
---ebpf-pid----2088----pid-2088
---ebpf-pid----2094----pid-2094
---ebpf-pid----2088----pid-1
---ebpf-pid----2094----pid-1
---ebpf-pid----2088----pid-2088
---ebpf-pid----2094----pid-2094
---ebpf-pid----5705----pid-1
---ebpf-pid----5705----pid-5705
---ebpf-pid----2088----pid-1
---ebpf-pid----2094----pid-1
---ebpf-pid----2088----pid-2088
---ebpf-pid----2094----pid-2094
---ebpf-pid----5705----pid-5476
---ebpf-pid----2094----pid-1
---ebpf-pid----2088----pid-1
---ebpf-pid----2094----pid-2094
---ebpf-pid----2088----pid-2088
---ebpf-pid----5705----pid-1
---ebpf-pid----5705----pid-5705
---ebpf-pid----2094----pid-1
---ebpf-pid----2088----pid-1
---ebpf-pid----2094----pid-2094
---ebpf-pid----2088----pid-2088
---ebpf-pid----5705----pid-5476
---ebpf-pid----2094----pid-1
---ebpf-pid----2088----pid-1
---ebpf-pid----2094----pid-2094
---ebpf-pid----2088----pid-2088
---ebpf-pid----5705----pid-1
---ebpf-pid----5705----pid-5705
---ebpf-pid----2094----pid-1
---ebpf-pid----2088----pid-1
---ebpf-pid----2094----pid-2094
---ebpf-pid----2088----pid-2088
---ebpf-pid----5705----pid-5476
---ebpf-pid----2094----pid-1
---ebpf-pid----2088----pid-1
---ebpf-pid----2094----pid-2094
---ebpf-pid----5705----pid-1
---ebpf-pid----2088----pid-2088
---ebpf-pid----5705----pid-5705
---ebpf-pid----2094----pid-1
---ebpf-pid----2088----pid-1
---ebpf-pid----2094----pid-2094
---ebpf-pid----5705----pid-5476
---ebpf-pid----2088----pid-2088
---ebpf-pid----2094----pid-1
---ebpf-pid----5705----pid-1
---ebpf-pid----2088----pid-1
---ebpf-pid----5705----pid-5705
---ebpf-pid----5705----pid-5476
---ebpf-pid----5705----pid-1
---ebpf-pid----5705----pid-5705
---ebpf-pid----5705----pid-5476
---ebpf-pid----2094----pid-2094
---ebpf-pid----5705----pid-1
---ebpf-pid----5705----pid-5705
---ebpf-pid----2094----pid-1
---ebpf-pid----5705----pid-5476
---ebpf-pid----2094----pid-2094
---ebpf-pid----5705----pid-1
---ebpf-pid----2094----pid-1
---ebpf-pid----2094----pid-2094
---ebpf-pid----5705----pid-5705
---ebpf-pid----2094----pid-1
---ebpf-pid----5705----pid-5476
---ebpf-pid----2094----pid-2094
---ebpf-pid----2094----pid-1
---ebpf-pid----5705----pid-1
---ebpf-pid----2094----pid-2094
---ebpf-pid----5705----pid-5705
---ebpf-pid----2094----pid-1
---ebpf-pid----5705----pid-5476
---ebpf-pid----2094----pid-2094
---ebpf-pid----2094----pid-1
---ebpf-pid----5705----pid-1
---ebpf-pid----2094----pid-2094
---ebpf-pid----5705----pid-5705
---ebpf-pid----2094----pid-1
---ebpf-pid----2094----pid-2094
---ebpf-pid----5705----pid-5476
---ebpf-pid----2094----pid-1
---ebpf-pid----5705----pid-1
---ebpf-pid----2094----pid-2094
---ebpf-pid----5705----pid-5705
---ebpf-pid----2094----pid-1
---ebpf-pid----5705----pid-5476
---ebpf-pid----2094----pid-2094
---ebpf-pid----5705----pid-1
---ebpf-pid----2094----pid-1
---ebpf-pid----2094----pid-2094
---ebpf-pid----5705----pid-5705
---ebpf-pid----2094----pid-1
---ebpf-pid----5705----pid-5476
---ebpf-pid----2094----pid-2094
---ebpf-pid----5705----pid-1
---ebpf-pid----2094----pid-1
---ebpf-pid----5705----pid-5705
---ebpf-pid----2094----pid-2094
---ebpf-pid----2094----pid-1
---ebpf-pid----2094----pid-2094
---ebpf-pid----2094----pid-1
---ebpf-pid----2094----pid-2094
---ebpf-pid----2094----pid-1
---ebpf-pid----2094----pid-2094
---ebpf-pid----2094----pid-1
---ebpf-pid----2094----pid-2094
---ebpf-pid----2094----pid-1
---ebpf-pid----2094----pid-2094
---ebpf-pid----2094----pid-1
---ebpf-pid----2094----pid-2094
---ebpf-pid----2094----pid-1
---ebpf-pid----2094----pid-2094
---ebpf-pid----2094----pid-1
---ebpf-pid----2094----pid-2094
---ebpf-pid----2094----pid-1
---ebpf-pid----2094----pid-2094
---ebpf-pid----2094----pid-1
---ebpf-pid----2094----pid-2094
---ebpf-pid----2094----pid-1
---ebpf-pid----2094----pid-2094
---ebpf-pid----2094----pid-1
---ebpf-pid----2094----pid-2094
---ebpf-pid----2094----pid-1
---ebpf-pid----2094----pid-2094
---ebpf-pid----2094----pid-1
---ebpf-pid----2094----pid-2094
---ebpf-pid----2094----pid-1
---ebpf-pid----2094----pid-2094
---ebpf-pid----2094----pid-1
---ebpf-pid----7313----pid-7313
---ebpf-pid----7313----pid-1
---ebpf-pid----2094----pid-2094
---ebpf-pid----2094----pid-1
---ebpf-pid----2094----pid-2094
---ebpf-pid----2094----pid-1
---ebpf-pid----2094----pid-2094
---ebpf-pid----2094----pid-1
---ebpf-pid----2094----pid-2094
---ebpf-pid----2088----pid-2088
---ebpf-pid----2094----pid-1
---ebpf-pid----2094----pid-2094
---ebpf-pid----2088----pid-1
---ebpf-pid----2094----pid-1
---ebpf-pid----2088----pid-2088
---ebpf-pid----2094----pid-2094
---ebpf-pid----2094----pid-1
---ebpf-pid----2088----pid-1
---ebpf-pid----2094----pid-2094
---ebpf-pid----2088----pid-2088
---ebpf-pid----2094----pid-1
---ebpf-pid----2088----pid-1
---ebpf-pid----2094----pid-2094
---ebpf-pid----2094----pid-1
---ebpf-pid----2088----pid-2088
---ebpf-pid----2094----pid-2094
---ebpf-pid----2094----pid-1
---ebpf-pid----2088----pid-1
---ebpf-pid----6671----pid-6671
---ebpf-pid----2088----pid-2088
---ebpf-pid----6671----pid-5476
---ebpf-pid----2088----pid-1
---ebpf-pid----2088----pid-2088
---ebpf-pid----6671----pid-1
---ebpf-pid----6671----pid-6671
---ebpf-pid----2088----pid-1
---ebpf-pid----2088----pid-2088
---ebpf-pid----6671----pid-5476
---ebpf-pid----2088----pid-1
---ebpf-pid----6671----pid-1
---ebpf-pid----2088----pid-2088
---ebpf-pid----6671----pid-6671
---ebpf-pid----6671----pid-5476
---ebpf-pid----2088----pid-1
---ebpf-pid----2088----pid-2088
---ebpf-pid----6671----pid-1
---ebpf-pid----6671----pid-6671
---ebpf-pid----2088----pid-1
---ebpf-pid----2088----pid-2088
---ebpf-pid----6671----pid-5476
---ebpf-pid----6671----pid-1
---ebpf-pid----6671----pid-6671
---ebpf-pid----2088----pid-1
---ebpf-pid----2088----pid-2088
---ebpf-pid----6671----pid-5476
---ebpf-pid----2088----pid-1
---ebpf-pid----6671----pid-1
---ebpf-pid----2088----pid-2088
---ebpf-pid----6671----pid-6671
---ebpf-pid----2088----pid-1
---ebpf-pid----6671----pid-5476
---ebpf-pid----2088----pid-2088
---ebpf-pid----6671----pid-1
---ebpf-pid----2088----pid-1
---ebpf-pid----6671----pid-6671
---ebpf-pid----2088----pid-2088
---ebpf-pid----6671----pid-5476
---ebpf-pid----2088----pid-1
---ebpf-pid----2088----pid-2088
---ebpf-pid----6671----pid-1
---ebpf-pid----6671----pid-6671
---ebpf-pid----2088----pid-1
---ebpf-pid----6671----pid-5476
---ebpf-pid----2088----pid-2088
---ebpf-pid----6671----pid-1
---ebpf-pid----5703----pid-5703
---ebpf-pid----2088----pid-1
---ebpf-pid----2088----pid-2088
---ebpf-pid----5703----pid-5476
---ebpf-pid----2088----pid-1
---ebpf-pid----2088----pid-2088
---ebpf-pid----5703----pid-1
---ebpf-pid----6671----pid-6671
---ebpf-pid----6671----pid-5476
---ebpf-pid----6671----pid-1
---ebpf-pid----6671----pid-6671
---ebpf-pid----6671----pid-5476
---ebpf-pid----6671----pid-1
---ebpf-pid----6671----pid-6671
---ebpf-pid----6671----pid-5476
---ebpf-pid----6671----pid-1
---ebpf-pid----6671----pid-6671
---ebpf-pid----6671----pid-5476
---ebpf-pid----6671----pid-1
---ebpf-pid----6671----pid-6671
---ebpf-pid----6671----pid-5476
---ebpf-pid----6671----pid-1
---ebpf-pid----6671----pid-6671
---ebpf-pid----6671----pid-5476
---ebpf-pid----6671----pid-1
---ebpf-pid----6671----pid-6671
---ebpf-pid----6671----pid-5476
---ebpf-pid----6671----pid-1
---ebpf-pid----6671----pid-6671
---ebpf-pid----6671----pid-5476
---ebpf-pid----6671----pid-1
---ebpf-pid----2089----pid-2089
---ebpf-pid----2088----pid-1
---ebpf-pid----2088----pid-2088
---ebpf-pid----5705----pid-5476
---ebpf-pid----6671----pid-6671
---ebpf-pid----5705----pid-1
---ebpf-pid----2088----pid-1
---ebpf-pid----5705----pid-5705
---ebpf-pid----2088----pid-2088
---ebpf-pid----2089----pid-1
---ebpf-pid----5705----pid-5476
---ebpf-pid----2089----pid-2089
---ebpf-pid----2088----pid-1
---ebpf-pid----5705----pid-1
---ebpf-pid----2088----pid-2088
---ebpf-pid----2089----pid-1
---ebpf-pid----5705----pid-5705
---ebpf-pid----2089----pid-2089
---ebpf-pid----2088----pid-1
---ebpf-pid----5705----pid-5476
---ebpf-pid----2088----pid-2088
---ebpf-pid----2089----pid-1
---ebpf-pid----2089----pid-2089
---ebpf-pid----2088----pid-1
---ebpf-pid----2088----pid-2088
---ebpf-pid----2089----pid-1
---ebpf-pid----2094----pid-2094
---ebpf-pid----2088----pid-1
---ebpf-pid----2088----pid-2088
---ebpf-pid----2094----pid-1
---ebpf-pid----2094----pid-2094
---ebpf-pid----2088----pid-1
---ebpf-pid----2088----pid-2088
---ebpf-pid----2094----pid-1
---ebpf-pid----2094----pid-2094
---ebpf-pid----2088----pid-1
---ebpf-pid----2088----pid-2088
---ebpf-pid----2094----pid-1
---ebpf-pid----2094----pid-2094
---ebpf-pid----2088----pid-1
---ebpf-pid----2088----pid-2088
---ebpf-pid----2094----pid-1
---ebpf-pid----373029----pid-373029
---ebpf-pid----2088----pid-1
---ebpf-pid----2088----pid-2088
---ebpf-pid----373029----pid-5476
---ebpf-pid----2088----pid-1
---ebpf-pid----2088----pid-2088
---ebpf-pid----373029----pid-1
---ebpf-pid----373029----pid-373029
---ebpf-pid----2088----pid-1
---ebpf-pid----2088----pid-2088
---ebpf-pid----373029----pid-5476
---ebpf-pid----2088----pid-1
---ebpf-pid----2088----pid-2088
---ebpf-pid----373029----pid-1
---ebpf-pid----373029----pid-373029
---ebpf-pid----2088----pid-1
---ebpf-pid----2088----pid-2088
---ebpf-pid----373029----pid-5476
---ebpf-pid----2088----pid-1
---ebpf-pid----373029----pid-1
---ebpf-pid----2088----pid-2088
---ebpf-pid----373029----pid-373029
---ebpf-pid----2088----pid-1
---ebpf-pid----373029----pid-5476
---ebpf-pid----2088----pid-2088
---ebpf-pid----373029----pid-1
---ebpf-pid----2088----pid-1
---ebpf-pid----373029----pid-373029
---ebpf-pid----2088----pid-2088
---ebpf-pid----373029----pid-5476
---ebpf-pid----2088----pid-1
---ebpf-pid----2088----pid-2088
---ebpf-pid----373029----pid-1
---ebpf-pid----373029----pid-373029
---ebpf-pid----2088----pid-1
---ebpf-pid----2088----pid-2088
---ebpf-pid----373029----pid-5476
---ebpf-pid----5705----pid-1
---ebpf-pid----5705----pid-5705
---ebpf-pid----5705----pid-5476
---ebpf-pid----5705----pid-1
---ebpf-pid----5705----pid-5705
---ebpf-pid----5705----pid-5476
---ebpf-pid----5705----pid-1
---ebpf-pid----5705----pid-5705
---ebpf-pid----5705----pid-5476
---ebpf-pid----5705----pid-1
---ebpf-pid----5705----pid-5705
---ebpf-pid----5705----pid-5476
---ebpf-pid----5705----pid-1
---ebpf-pid----5705----pid-5705
---ebpf-pid----5705----pid-5476
---ebpf-pid----5705----pid-1
---ebpf-pid----5705----pid-5705
---ebpf-pid----5705----pid-5476
---ebpf-pid----5705----pid-1
---ebpf-pid----5705----pid-5705
---ebpf-pid----5705----pid-5476
---ebpf-pid----5705----pid-1
---ebpf-pid----5705----pid-5705
---ebpf-pid----5705----pid-5476
---ebpf-pid----5705----pid-1
---ebpf-pid----5705----pid-5705
---ebpf-pid----5705----pid-5476
---ebpf-pid----5705----pid-1
---ebpf-pid----5705----pid-5705
---ebpf-pid----5705----pid-5476
---ebpf-pid----5705----pid-1
---ebpf-pid----5705----pid-5705
---ebpf-pid----5705----pid-5476
---ebpf-pid----5705----pid-1
---ebpf-pid----5705----pid-5705
---ebpf-pid----5705----pid-5476
---ebpf-pid----5705----pid-1
---ebpf-pid----5705----pid-5705
---ebpf-pid----5705----pid-5476
---ebpf-pid----5705----pid-1
---ebpf-pid----5705----pid-5705
---ebpf-pid----5705----pid-5476
---ebpf-pid----5705----pid-1
---ebpf-pid----5705----pid-5705
---ebpf-pid----5705----pid-5476
---ebpf-pid----5705----pid-1
---ebpf-pid----5705----pid-5705
---ebpf-pid----5705----pid-5476
---ebpf-pid----5705----pid-1
---ebpf-pid----5705----pid-5705
---ebpf-pid----5705----pid-5476
---ebpf-pid----5705----pid-1
---ebpf-pid----5705----pid-5705
---ebpf-pid----5705----pid-5476
---ebpf-pid----5705----pid-1
---ebpf-pid----2089----pid-2089
---ebpf-pid----2089----pid-1
---ebpf-pid----2089----pid-2089
---ebpf-pid----2089----pid-1
---ebpf-pid----2089----pid-2089
---ebpf-pid----2089----pid-1
---ebpf-pid----2089----pid-2089
---ebpf-pid----2089----pid-1
---ebpf-pid----2089----pid-2089
---ebpf-pid----2089----pid-1
---ebpf-pid----2089----pid-2089
---ebpf-pid----2089----pid-1
---ebpf-pid----2089----pid-2089
---ebpf-pid----2089----pid-1
---ebpf-pid----2089----pid-2089
---ebpf-pid----2089----pid-1
---ebpf-pid----2089----pid-2089
---ebpf-pid----2089----pid-1
---ebpf-pid----2089----pid-2089
---ebpf-pid----2089----pid-1
---ebpf-pid----2089----pid-2089
---ebpf-pid----2089----pid-1
---ebpf-pid----2089----pid-2089
---ebpf-pid----2089----pid-1
---ebpf-pid----2089----pid-2089
---ebpf-pid----2089----pid-1
---ebpf-pid----2089----pid-2089
---ebpf-pid----2089----pid-1
---ebpf-pid----2089----pid-2089
---ebpf-pid----2089----pid-1
---ebpf-pid----2089----pid-2089
---ebpf-pid----2089----pid-1
---ebpf-pid----2089----pid-2089
---ebpf-pid----2089----pid-1
---ebpf-pid----2089----pid-2089
---ebpf-pid----2089----pid-1
---ebpf-pid----2089----pid-2089
---ebpf-pid----2089----pid-1
---ebpf-pid----2089----pid-2089
---ebpf-pid----6671----pid-5476
---ebpf-pid----6671----pid-1
---ebpf-pid----6671----pid-6671
---ebpf-pid----6671----pid-5476
---ebpf-pid----6671----pid-1
---ebpf-pid----6671----pid-6671
---ebpf-pid----6671----pid-5476
---ebpf-pid----6671----pid-1
---ebpf-pid----448784----pid-448784
---ebpf-pid----448784----pid-448520
---ebpf-pid----448784----pid-1
---ebpf-pid----1856----pid-1856
---ebpf-pid----1856----pid-1
---ebpf-pid----1856----pid-1856
---ebpf-pid----1856----pid-1
---ebpf-pid----448546----pid-448546
---ebpf-pid----448546----pid-1
---ebpf-pid----7312----pid-7312
---ebpf-pid----7312----pid-1
---ebpf-pid----7312----pid-7312
---ebpf-pid----7312----pid-1
---ebpf-pid----7312----pid-7312
---ebpf-pid----7312----pid-1
---ebpf-pid----448784----pid-448784
---ebpf-pid----448784----pid-448520
---ebpf-pid----448784----pid-1
---ebpf-pid----448784----pid-448784
---ebpf-pid----448784----pid-448520
---ebpf-pid----448784----pid-1
---ebpf-pid----448784----pid-448784
---ebpf-pid----448784----pid-448520
---ebpf-pid----448784----pid-1
---ebpf-pid----448784----pid-448784
---ebpf-pid----448784----pid-448520
---ebpf-pid----448784----pid-1
---ebpf-pid----448784----pid-448784
---ebpf-pid----373029----pid-1
---ebpf-pid----373029----pid-373029
---ebpf-pid----448784----pid-448520
---ebpf-pid----373029----pid-5476
---ebpf-pid----448784----pid-1
---ebpf-pid----373029----pid-1
---ebpf-pid----448784----pid-448784
---ebpf-pid----373029----pid-373029
---ebpf-pid----448784----pid-448520
---ebpf-pid----373029----pid-5476
---ebpf-pid----448784----pid-1
---ebpf-pid----373029----pid-1
---ebpf-pid----373029----pid-373029
---ebpf-pid----448784----pid-448784
---ebpf-pid----2089----pid-1
---ebpf-pid----448784----pid-448520
---ebpf-pid----2089----pid-2089
---ebpf-pid----448784----pid-1
---ebpf-pid----2089----pid-1
---ebpf-pid----373029----pid-5476
---ebpf-pid----448784----pid-448784
---ebpf-pid----2089----pid-2089
---ebpf-pid----2088----pid-1
---ebpf-pid----373029----pid-1
---ebpf-pid----448784----pid-448520
---ebpf-pid----2088----pid-2088
---ebpf-pid----2089----pid-1
---ebpf-pid----2089----pid-2089
---ebpf-pid----448784----pid-1
---ebpf-pid----2088----pid-1
---ebpf-pid----14----pid-14
---ebpf-pid----2089----pid-1
---ebpf-pid----2089----pid-2089
---ebpf-pid----14----pid-2
---ebpf-pid----6671----pid-6671
---ebpf-pid----2088----pid-2088
---ebpf-pid----2089----pid-1
---ebpf-pid----2089----pid-2089
---ebpf-pid----2089----pid-1
---ebpf-pid----2089----pid-2089
---ebpf-pid----2089----pid-1
---ebpf-pid----2089----pid-2089
---ebpf-pid----2089----pid-1
---ebpf-pid----2089----pid-2089
---ebpf-pid----2089----pid-1
---ebpf-pid----2089----pid-2089
---ebpf-pid----2089----pid-1
---ebpf-pid----2089----pid-2089
---ebpf-pid----2089----pid-1
---ebpf-pid----2089----pid-2089
---ebpf-pid----2089----pid-1
---ebpf-pid----2089----pid-2089
---ebpf-pid----2089----pid-1
---ebpf-pid----2089----pid-2089
---ebpf-pid----2089----pid-1
---ebpf-pid----2089----pid-2089
---ebpf-pid----2089----pid-1
---ebpf-pid----2089----pid-2089
---ebpf-pid----2089----pid-1
---ebpf-pid----2089----pid-2089
---ebpf-pid----2089----pid-1
---ebpf-pid----2089----pid-2089
---ebpf-pid----2089----pid-1
---ebpf-pid----2089----pid-2089
---ebpf-pid----2088----pid-1
---ebpf-pid----2088----pid-2088
---ebpf-pid----2088----pid-1
---ebpf-pid----2089----pid-1
---ebpf-pid----2088----pid-2088
---ebpf-pid----2089----pid-2089
---ebpf-pid----2089----pid-1
---ebpf-pid----2089----pid-2089
---ebpf-pid----2089----pid-1
---ebpf-pid----2089----pid-2089
---ebpf-pid----2089----pid-1
---ebpf-pid----2089----pid-2089
---ebpf-pid----2089----pid-1
---ebpf-pid----2089----pid-2089
---ebpf-pid----2089----pid-1
---ebpf-pid----2089----pid-2089
---ebpf-pid----2089----pid-1
---ebpf-pid----2089----pid-2089
---ebpf-pid----2089----pid-1
---ebpf-pid----2089----pid-2089
---ebpf-pid----2089----pid-1
---ebpf-pid----2089----pid-2089
---ebpf-pid----2089----pid-1
---ebpf-pid----2089----pid-2089
---ebpf-pid----2089----pid-1
---ebpf-pid----2089----pid-2089
---ebpf-pid----2089----pid-1
---ebpf-pid----2089----pid-2089
---ebpf-pid----2089----pid-1
---ebpf-pid----2089----pid-2089
---ebpf-pid----2089----pid-1
---ebpf-pid----2089----pid-2089
---ebpf-pid----2088----pid-1
---ebpf-pid----2088----pid-2088
---ebpf-pid----2089----pid-1
---ebpf-pid----2089----pid-2089
---ebpf-pid----2089----pid-1
---ebpf-pid----2089----pid-2089
---ebpf-pid----2089----pid-1
---ebpf-pid----2088----pid-1
---ebpf-pid----2089----pid-2089
---ebpf-pid----2088----pid-2088
---ebpf-pid----2089----pid-1
---ebpf-pid----2089----pid-2089
---ebpf-pid----2088----pid-1
---ebpf-pid----2088----pid-2088
---ebpf-pid----2089----pid-1
---ebpf-pid----2089----pid-2089
---ebpf-pid----2088----pid-1
---ebpf-pid----2088----pid-2088
---ebpf-pid----2088----pid-1
---ebpf-pid----2088----pid-2088
---ebpf-pid----2088----pid-1
---ebpf-pid----2088----pid-2088
---ebpf-pid----2088----pid-1
---ebpf-pid----2088----pid-2088
---ebpf-pid----373029----pid-373029
---ebpf-pid----2088----pid-1
---ebpf-pid----2088----pid-2088
---ebpf-pid----373029----pid-5476
---ebpf-pid----2088----pid-1
---ebpf-pid----2088----pid-2088
---ebpf-pid----373029----pid-1
---ebpf-pid----2089----pid-1
---ebpf-pid----373029----pid-373029
---ebpf-pid----2089----pid-2089
---ebpf-pid----2088----pid-1
---ebpf-pid----2088----pid-2088
---ebpf-pid----373029----pid-5476
---ebpf-pid----2089----pid-1
---ebpf-pid----2089----pid-2089
---ebpf-pid----373029----pid-1
---ebpf-pid----2088----pid-1
---ebpf-pid----373029----pid-373029
---ebpf-pid----2088----pid-2088
---ebpf-pid----2089----pid-1
---ebpf-pid----2089----pid-2089
---ebpf-pid----373029----pid-5476
---ebpf-pid----6671----pid-5476
---ebpf-pid----2088----pid-1
---ebpf-pid----2088----pid-2088
---ebpf-pid----2089----pid-1
---ebpf-pid----373029----pid-1
---ebpf-pid----6671----pid-1
---ebpf-pid----2089----pid-2089
---ebpf-pid----373029----pid-373029
---ebpf-pid----448785----pid-448785
---ebpf-pid----2088----pid-1
---ebpf-pid----2088----pid-2088
---ebpf-pid----2089----pid-1
---ebpf-pid----373029----pid-5476
---ebpf-pid----2089----pid-2089
---ebpf-pid----448785----pid-448520
---ebpf-pid----2088----pid-1
---ebpf-pid----2088----pid-2088
---ebpf-pid----2089----pid-1
---ebpf-pid----448785----pid-1
---ebpf-pid----2089----pid-2089
---ebpf-pid----448785----pid-448785
---ebpf-pid----2088----pid-1
---ebpf-pid----2088----pid-2088
---ebpf-pid----448785----pid-448520
---ebpf-pid----2088----pid-1
---ebpf-pid----448785----pid-1
---ebpf-pid----2088----pid-2088
---ebpf-pid----6671----pid-6671
---ebpf-pid----2088----pid-1
---ebpf-pid----6671----pid-5476
---ebpf-pid----2088----pid-2088
---ebpf-pid----6671----pid-1
---ebpf-pid----6671----pid-6671
---ebpf-pid----2088----pid-1
---ebpf-pid----2088----pid-2088
---ebpf-pid----6671----pid-5476
---ebpf-pid----2088----pid-1
---ebpf-pid----2088----pid-2088
---ebpf-pid----6671----pid-1
---ebpf-pid----6671----pid-6671
---ebpf-pid----2088----pid-1
---ebpf-pid----2088----pid-2088
---ebpf-pid----6671----pid-5476
---ebpf-pid----2088----pid-1
---ebpf-pid----2088----pid-2088
---ebpf-pid----6671----pid-1
---ebpf-pid----372881----pid-372881
---ebpf-pid----2088----pid-1
---ebpf-pid----2094----pid-2094
---ebpf-pid----372881----pid-1
---ebpf-pid----379067----pid-379067
---ebpf-pid----2094----pid-1
---ebpf-pid----2094----pid-2094
---ebpf-pid----379067----pid-5476
---ebpf-pid----2094----pid-1
---ebpf-pid----2094----pid-2094
---ebpf-pid----379067----pid-1
---ebpf-pid----2094----pid-1
---ebpf-pid----379067----pid-379067
---ebpf-pid----2094----pid-2094
---ebpf-pid----379067----pid-5476
---ebpf-pid----2094----pid-1
---ebpf-pid----2094----pid-2094
---ebpf-pid----379067----pid-1
---ebpf-pid----2094----pid-1
---ebpf-pid----6671----pid-6671
---ebpf-pid----2094----pid-2094
---ebpf-pid----6671----pid-5476
---ebpf-pid----2094----pid-1
---ebpf-pid----2094----pid-2094
---ebpf-pid----6671----pid-1
---ebpf-pid----2094----pid-1
---ebpf-pid----6671----pid-6671
---ebpf-pid----2094----pid-2094
---ebpf-pid----6671----pid-5476
---ebpf-pid----2094----pid-1
---ebpf-pid----5705----pid-5705
---ebpf-pid----6671----pid-1
---ebpf-pid----5705----pid-5476
---ebpf-pid----6671----pid-6671
---ebpf-pid----5705----pid-1
---ebpf-pid----6671----pid-5476
---ebpf-pid----5705----pid-5705
---ebpf-pid----5705----pid-5476
---ebpf-pid----5705----pid-1
---ebpf-pid----2094----pid-2094
---ebpf-pid----2094----pid-1
---ebpf-pid----2094----pid-2094
---ebpf-pid----2094----pid-1
---ebpf-pid----2094----pid-2094
---ebpf-pid----2094----pid-1
---ebpf-pid----2094----pid-2094
---ebpf-pid----2094----pid-1
---ebpf-pid----2094----pid-2094
---ebpf-pid----2094----pid-1
---ebpf-pid----5705----pid-5705
---ebpf-pid----5705----pid-5476
---ebpf-pid----5705----pid-1
---ebpf-pid----5705----pid-5705
---ebpf-pid----5705----pid-5476
---ebpf-pid----5705----pid-1
---ebpf-pid----5705----pid-5705
---ebpf-pid----5705----pid-5476
---ebpf-pid----2089----pid-1
---ebpf-pid----2089----pid-2089
---ebpf-pid----5705----pid-1
---ebpf-pid----5705----pid-5705
---ebpf-pid----2089----pid-1
---ebpf-pid----2089----pid-2089
---ebpf-pid----5705----pid-5476
---ebpf-pid----2089----pid-1
---ebpf-pid----5705----pid-1
---ebpf-pid----2089----pid-2089
---ebpf-pid----5705----pid-5705
---ebpf-pid----2089----pid-1
---ebpf-pid----5705----pid-5476
---ebpf-pid----2089----pid-2089
---ebpf-pid----5705----pid-1
---ebpf-pid----2089----pid-1
---ebpf-pid----373029----pid-373029
---ebpf-pid----2089----pid-2089
---ebpf-pid----373029----pid-5476
---ebpf-pid----2089----pid-1
---ebpf-pid----2089----pid-2089
---ebpf-pid----373029----pid-1
---ebpf-pid----373029----pid-373029
---ebpf-pid----2089----pid-1
---ebpf-pid----2089----pid-2089
---ebpf-pid----373029----pid-5476
---ebpf-pid----2089----pid-1
---ebpf-pid----2089----pid-2089
---ebpf-pid----373029----pid-1
---ebpf-pid----373029----pid-373029
---ebpf-pid----2089----pid-1
---ebpf-pid----2089----pid-2089
---ebpf-pid----373029----pid-5476
---ebpf-pid----2089----pid-1
---ebpf-pid----373029----pid-1
---ebpf-pid----2089----pid-2089
---ebpf-pid----373029----pid-373029
---ebpf-pid----2089----pid-1
---ebpf-pid----373029----pid-5476
---ebpf-pid----2089----pid-2089
---ebpf-pid----373029----pid-1
---ebpf-pid----2089----pid-1
---ebpf-pid----373029----pid-373029
---ebpf-pid----2089----pid-2089
---ebpf-pid----373029----pid-5476
---ebpf-pid----2089----pid-1
---ebpf-pid----2089----pid-2089
---ebpf-pid----373029----pid-1
---ebpf-pid----373029----pid-373029
---ebpf-pid----2089----pid-1
---ebpf-pid----2089----pid-2089
---ebpf-pid----373029----pid-5476
---ebpf-pid----2089----pid-1
---ebpf-pid----2089----pid-2089
---ebpf-pid----373029----pid-1
---ebpf-pid----379067----pid-379067
---ebpf-pid----2089----pid-1
---ebpf-pid----2089----pid-2089
---ebpf-pid----379067----pid-5476
---ebpf-pid----379067----pid-1
---ebpf-pid----379067----pid-379067
---ebpf-pid----379067----pid-5476
---ebpf-pid----379067----pid-1
---ebpf-pid----379067----pid-379067
---ebpf-pid----379067----pid-5476
---ebpf-pid----379067----pid-1
---ebpf-pid----5705----pid-5705
---ebpf-pid----5705----pid-5476
---ebpf-pid----5705----pid-1
---ebpf-pid----5705----pid-5705
---ebpf-pid----5705----pid-5476
---ebpf-pid----5705----pid-1
---ebpf-pid----379067----pid-379067
---ebpf-pid----379067----pid-5476
---ebpf-pid----379067----pid-1
---ebpf-pid----379067----pid-379067
---ebpf-pid----379067----pid-5476
---ebpf-pid----2089----pid-1
---ebpf-pid----2089----pid-2089
---ebpf-pid----2089----pid-1
---ebpf-pid----2089----pid-2089
---ebpf-pid----2089----pid-1
---ebpf-pid----2089----pid-2089
---ebpf-pid----2089----pid-1
---ebpf-pid----2089----pid-2089
---ebpf-pid----2089----pid-1
---ebpf-pid----2089----pid-2089
---ebpf-pid----2089----pid-1
---ebpf-pid----2089----pid-2089
---ebpf-pid----2089----pid-1
---ebpf-pid----2089----pid-2089
---ebpf-pid----2089----pid-1
---ebpf-pid----2089----pid-2089
---ebpf-pid----2089----pid-1
---ebpf-pid----372881----pid-372881
---ebpf-pid----372881----pid-1
---ebpf-pid----372881----pid-372881
---ebpf-pid----372881----pid-1
---ebpf-pid----372881----pid-372881
---ebpf-pid----373029----pid-1
---ebpf-pid----373029----pid-373029
---ebpf-pid----372881----pid-1
---ebpf-pid----372881----pid-372881
---ebpf-pid----373029----pid-5476
---ebpf-pid----379067----pid-1
---ebpf-pid----372881----pid-1
---ebpf-pid----5705----pid-5705
---ebpf-pid----372881----pid-372881
---ebpf-pid----373029----pid-1
---ebpf-pid----373029----pid-373029
---ebpf-pid----372881----pid-1
---ebpf-pid----5705----pid-5476
---ebpf-pid----372881----pid-372881
---ebpf-pid----373029----pid-5476
---ebpf-pid----5705----pid-1
---ebpf-pid----5705----pid-5705
---ebpf-pid----373029----pid-1
---ebpf-pid----372881----pid-1
---ebpf-pid----373029----pid-373029
---ebpf-pid----5705----pid-5476
---ebpf-pid----372881----pid-372881
---ebpf-pid----373029----pid-5476
---ebpf-pid----372881----pid-1
---ebpf-pid----5705----pid-1
---ebpf-pid----372881----pid-372881
---ebpf-pid----379067----pid-379067
---ebpf-pid----373029----pid-1
---ebpf-pid----373029----pid-373029
---ebpf-pid----372881----pid-1
---ebpf-pid----379067----pid-5476
---ebpf-pid----372881----pid-372881
---ebpf-pid----379067----pid-1
---ebpf-pid----372881----pid-1
---ebpf-pid----5705----pid-5705
---ebpf-pid----2089----pid-2089
---ebpf-pid----5705----pid-5476
---ebpf-pid----2089----pid-1
---ebpf-pid----2089----pid-2089
---ebpf-pid----5705----pid-1
---ebpf-pid----5705----pid-5705
---ebpf-pid----2089----pid-1
---ebpf-pid----2089----pid-2089
---ebpf-pid----5705----pid-5476
---ebpf-pid----2089----pid-1
---ebpf-pid----5705----pid-1
---ebpf-pid----379067----pid-379067
---ebpf-pid----379067----pid-5476
---ebpf-pid----2089----pid-2089
---ebpf-pid----379067----pid-1
---ebpf-pid----2089----pid-1
---ebpf-pid----379067----pid-379067
---ebpf-pid----2089----pid-2089
---ebpf-pid----379067----pid-5476
---ebpf-pid----2089----pid-1
---ebpf-pid----2089----pid-2089
---ebpf-pid----379067----pid-1
---ebpf-pid----379067----pid-379067
---ebpf-pid----2089----pid-1
---ebpf-pid----2089----pid-2089
---ebpf-pid----379067----pid-5476
---ebpf-pid----2089----pid-1
---ebpf-pid----379067----pid-1
---ebpf-pid----2089----pid-2089
---ebpf-pid----379067----pid-379067
---ebpf-pid----2089----pid-1
---ebpf-pid----379067----pid-5476
---ebpf-pid----2089----pid-2089
---ebpf-pid----379067----pid-1
---ebpf-pid----2089----pid-1
---ebpf-pid----5705----pid-5705
---ebpf-pid----2089----pid-2089
---ebpf-pid----2089----pid-1
---ebpf-pid----2089----pid-2089
---ebpf-pid----2089----pid-1
---ebpf-pid----2089----pid-2089
---ebpf-pid----2089----pid-1
---ebpf-pid----2089----pid-2089
---ebpf-pid----2089----pid-1
---ebpf-pid----2089----pid-2089
---ebpf-pid----2089----pid-1
---ebpf-pid----2089----pid-2089
---ebpf-pid----2089----pid-1
---ebpf-pid----2089----pid-2089
---ebpf-pid----2089----pid-1
---ebpf-pid----373029----pid-5476
---ebpf-pid----2089----pid-2089
---ebpf-pid----2089----pid-1
---ebpf-pid----2089----pid-2089
---ebpf-pid----373029----pid-1
---ebpf-pid----373029----pid-373029
---ebpf-pid----2089----pid-1
---ebpf-pid----373029----pid-5476
---ebpf-pid----2089----pid-2089
---ebpf-pid----373029----pid-1
---ebpf-pid----2089----pid-1
---ebpf-pid----373029----pid-373029
---ebpf-pid----2089----pid-2089
---ebpf-pid----2089----pid-1
---ebpf-pid----373029----pid-5476
---ebpf-pid----2089----pid-2089
---ebpf-pid----373029----pid-1
---ebpf-pid----2089----pid-1
---ebpf-pid----373029----pid-373029
---ebpf-pid----2089----pid-2089
---ebpf-pid----373029----pid-5476
---ebpf-pid----2089----pid-1
---ebpf-pid----2089----pid-2089
---ebpf-pid----373029----pid-1
---ebpf-pid----2089----pid-1
---ebpf-pid----373029----pid-373029
---ebpf-pid----2089----pid-2089
---ebpf-pid----373029----pid-5476
---ebpf-pid----2089----pid-1
---ebpf-pid----2089----pid-2089
---ebpf-pid----373029----pid-1
---ebpf-pid----2089----pid-1
---ebpf-pid----373029----pid-373029
---ebpf-pid----2089----pid-2089
---ebpf-pid----373029----pid-5476
---ebpf-pid----373029----pid-1
---ebpf-pid----2089----pid-1
---ebpf-pid----5705----pid-5476
---ebpf-pid----2089----pid-2089
---ebpf-pid----2089----pid-1
---ebpf-pid----5705----pid-1
---ebpf-pid----5705----pid-5705
---ebpf-pid----2089----pid-2089
---ebpf-pid----5705----pid-5476
---ebpf-pid----2089----pid-1
---ebpf-pid----2089----pid-2089
---ebpf-pid----5705----pid-1
---ebpf-pid----2089----pid-1
---ebpf-pid----379067----pid-379067
---ebpf-pid----2089----pid-2089
---ebpf-pid----379067----pid-5476
---ebpf-pid----2089----pid-1
---ebpf-pid----2089----pid-2089
---ebpf-pid----379067----pid-1
---ebpf-pid----379067----pid-379067
---ebpf-pid----2089----pid-1
---ebpf-pid----2089----pid-2089
---ebpf-pid----379067----pid-5476
---ebpf-pid----2089----pid-1
---ebpf-pid----379067----pid-1
---ebpf-pid----2089----pid-2089
---ebpf-pid----379067----pid-379067
---ebpf-pid----2089----pid-1
---ebpf-pid----379067----pid-5476
---ebpf-pid----2089----pid-2089
---ebpf-pid----2089----pid-1
---ebpf-pid----379067----pid-1
---ebpf-pid----379067----pid-379067
---ebpf-pid----2089----pid-2089
---ebpf-pid----379067----pid-5476
---ebpf-pid----2089----pid-1
---ebpf-pid----2089----pid-2089
---ebpf-pid----379067----pid-1
---ebpf-pid----5705----pid-5705
---ebpf-pid----2089----pid-1
---ebpf-pid----2012----pid-2012
---ebpf-pid----5705----pid-5476
---ebpf-pid----2012----pid-1
---ebpf-pid----2012----pid-2012
---ebpf-pid----5705----pid-1
---ebpf-pid----5705----pid-5705
---ebpf-pid----2012----pid-1
---ebpf-pid----2012----pid-2012
---ebpf-pid----5705----pid-5476
---ebpf-pid----373029----pid-373029
---ebpf-pid----5705----pid-1
---ebpf-pid----379067----pid-379067
---ebpf-pid----373029----pid-5476
---ebpf-pid----379067----pid-5476
---ebpf-pid----373029----pid-1
---ebpf-pid----379067----pid-1
---ebpf-pid----373029----pid-373029
---ebpf-pid----379067----pid-379067
---ebpf-pid----373029----pid-5476
---ebpf-pid----379067----pid-5476
---ebpf-pid----373029----pid-1
---ebpf-pid----379067----pid-1
---ebpf-pid----373029----pid-373029
---ebpf-pid----379067----pid-379067
---ebpf-pid----373029----pid-5476
---ebpf-pid----379067----pid-5476
---ebpf-pid----373029----pid-1
---ebpf-pid----379067----pid-1
---ebpf-pid----373029----pid-373029
---ebpf-pid----5705----pid-5705
---ebpf-pid----373029----pid-5476
---ebpf-pid----5705----pid-5476
---ebpf-pid----373029----pid-1
---ebpf-pid----373029----pid-373029
---ebpf-pid----373029----pid-5476
---ebpf-pid----373029----pid-1
---ebpf-pid----6671----pid-6671
---ebpf-pid----6671----pid-5476
---ebpf-pid----6671----pid-1
---ebpf-pid----6671----pid-6671
---ebpf-pid----6671----pid-5476
---ebpf-pid----6671----pid-1
---ebpf-pid----6671----pid-6671
---ebpf-pid----6671----pid-5476
---ebpf-pid----6671----pid-1
---ebpf-pid----6671----pid-6671
---ebpf-pid----6671----pid-1
---ebpf-pid----6671----pid-6671
---ebpf-pid----6671----pid-5476
---ebpf-pid----6671----pid-5476
---ebpf-pid----6671----pid-1
---ebpf-pid----6671----pid-6671
---ebpf-pid----6671----pid-1
---ebpf-pid----6671----pid-6671
---ebpf-pid----6671----pid-5476
---ebpf-pid----6671----pid-5476
---ebpf-pid----6671----pid-1
---ebpf-pid----6671----pid-1
---ebpf-pid----6671----pid-6671
---ebpf-pid----6671----pid-6671
---ebpf-pid----6671----pid-5476
---ebpf-pid----6671----pid-5476
---ebpf-pid----6671----pid-1
---ebpf-pid----6671----pid-1
---ebpf-pid----6671----pid-6671
---ebpf-pid----448783----pid-448783
---ebpf-pid----6671----pid-5476
---ebpf-pid----448783----pid-448520
---ebpf-pid----6671----pid-1
---ebpf-pid----2012----pid-1
---ebpf-pid----448783----pid-1
---ebpf-pid----448783----pid-448783
---ebpf-pid----2012----pid-2012
---ebpf-pid----448783----pid-448520
---ebpf-pid----2012----pid-1
---ebpf-pid----2012----pid-2012
---ebpf-pid----448783----pid-1
---ebpf-pid----448783----pid-448783
---ebpf-pid----2012----pid-1
---ebpf-pid----2012----pid-2012
---ebpf-pid----448783----pid-448520
---ebpf-pid----2012----pid-1
---ebpf-pid----2012----pid-2012
---ebpf-pid----448783----pid-1
---ebpf-pid----448783----pid-448783
---ebpf-pid----2012----pid-1
---ebpf-pid----2012----pid-2012
---ebpf-pid----448783----pid-448520
---ebpf-pid----2012----pid-1
---ebpf-pid----448783----pid-1
---ebpf-pid----2012----pid-2012
---ebpf-pid----5638----pid-5638
---ebpf-pid----2012----pid-1
---ebpf-pid----5638----pid-1
---ebpf-pid----379067----pid-379067
---ebpf-pid----1856----pid-1856
---ebpf-pid----379067----pid-5476
---ebpf-pid----1856----pid-1
---ebpf-pid----448783----pid-448783
---ebpf-pid----379067----pid-1
---ebpf-pid----448783----pid-448520
---ebpf-pid----379067----pid-379067
---ebpf-pid----448783----pid-1
---ebpf-pid----379067----pid-5476
---ebpf-pid----448783----pid-448783
---ebpf-pid----379067----pid-1
---ebpf-pid----448783----pid-448520
---ebpf-pid----379067----pid-379067
---ebpf-pid----448783----pid-1
---ebpf-pid----379067----pid-5476
---ebpf-pid----5638----pid-5638
---ebpf-pid----379067----pid-1
---ebpf-pid----5638----pid-1
---ebpf-pid----379067----pid-379067
---ebpf-pid----373029----pid-373029
---ebpf-pid----379067----pid-5476
---ebpf-pid----373029----pid-5476
---ebpf-pid----379067----pid-1
---ebpf-pid----373029----pid-1
---ebpf-pid----379067----pid-379067
---ebpf-pid----373029----pid-373029
---ebpf-pid----379067----pid-5476
---ebpf-pid----373029----pid-5476
---ebpf-pid----379067----pid-1
---ebpf-pid----2012----pid-2012
---ebpf-pid----2012----pid-1
---ebpf-pid----2012----pid-2012
---ebpf-pid----2012----pid-1
---ebpf-pid----2012----pid-2012
---ebpf-pid----2012----pid-1
---ebpf-pid----2012----pid-2012
---ebpf-pid----2012----pid-1
---ebpf-pid----2012----pid-2012
---ebpf-pid----2012----pid-1
---ebpf-pid----2012----pid-2012
---ebpf-pid----2012----pid-1
---ebpf-pid----2012----pid-2012
---ebpf-pid----2012----pid-1
---ebpf-pid----2012----pid-2012
---ebpf-pid----2012----pid-1
---ebpf-pid----6671----pid-6671
---ebpf-pid----6671----pid-5476
---ebpf-pid----6671----pid-1
---ebpf-pid----6671----pid-6671
---ebpf-pid----6671----pid-5476
---ebpf-pid----6671----pid-1
---ebpf-pid----6671----pid-6671
---ebpf-pid----6671----pid-5476
---ebpf-pid----6671----pid-1
---ebpf-pid----6671----pid-6671
---ebpf-pid----6671----pid-5476
---ebpf-pid----6671----pid-1
---ebpf-pid----6671----pid-6671
---ebpf-pid----6671----pid-5476
---ebpf-pid----6671----pid-1
---ebpf-pid----373029----pid-373029
---ebpf-pid----373029----pid-5476
---ebpf-pid----373029----pid-1
---ebpf-pid----373029----pid-373029
---ebpf-pid----373029----pid-5476
---ebpf-pid----373029----pid-1
---ebpf-pid----373029----pid-373029
---ebpf-pid----373029----pid-5476
---ebpf-pid----373029----pid-1
---ebpf-pid----373029----pid-373029
---ebpf-pid----373029----pid-5476
---ebpf-pid----373029----pid-1
---ebpf-pid----2012----pid-2012
---ebpf-pid----2012----pid-1
---ebpf-pid----2012----pid-2012
---ebpf-pid----2012----pid-1
---ebpf-pid----2012----pid-2012
---ebpf-pid----2012----pid-1
---ebpf-pid----2012----pid-2012
---ebpf-pid----373029----pid-1
---ebpf-pid----2012----pid-1
---ebpf-pid----2012----pid-2012
---ebpf-pid----373029----pid-373029
---ebpf-pid----2012----pid-1
---ebpf-pid----373029----pid-5476
---ebpf-pid----379067----pid-379067
---ebpf-pid----373029----pid-1
---ebpf-pid----379067----pid-5476
---ebpf-pid----373029----pid-373029
---ebpf-pid----379067----pid-1
---ebpf-pid----373029----pid-5476
---ebpf-pid----379067----pid-379067
---ebpf-pid----373029----pid-1
---ebpf-pid----5705----pid-1
---ebpf-pid----373029----pid-373029
---ebpf-pid----5705----pid-5705
---ebpf-pid----373029----pid-373029
---ebpf-pid----5705----pid-5476
---ebpf-pid----373029----pid-5476
---ebpf-pid----373029----pid-1
---ebpf-pid----5705----pid-1
---ebpf-pid----5707----pid-5707
---ebpf-pid----373029----pid-373029
---ebpf-pid----373029----pid-5476
---ebpf-pid----5707----pid-5476
---ebpf-pid----5707----pid-1
---ebpf-pid----373029----pid-1
---ebpf-pid----5707----pid-5707
---ebpf-pid----373029----pid-373029
---ebpf-pid----5707----pid-5476
---ebpf-pid----373029----pid-5476
---ebpf-pid----379067----pid-5476
---ebpf-pid----5707----pid-1
---ebpf-pid----5707----pid-5707
---ebpf-pid----379067----pid-1
---ebpf-pid----379067----pid-379067
---ebpf-pid----5707----pid-5476
---ebpf-pid----379067----pid-5476
---ebpf-pid----5707----pid-1
---ebpf-pid----5707----pid-5707
---ebpf-pid----379067----pid-1
---ebpf-pid----2089----pid-2089
---ebpf-pid----5707----pid-5476
---ebpf-pid----2089----pid-1
---ebpf-pid----2089----pid-2089
---ebpf-pid----2089----pid-1
---ebpf-pid----2089----pid-2089
---ebpf-pid----2089----pid-1
---ebpf-pid----2089----pid-2089
---ebpf-pid----373029----pid-1
---ebpf-pid----2089----pid-1
---ebpf-pid----373029----pid-373029
---ebpf-pid----2089----pid-2089
---ebpf-pid----2089----pid-1
---ebpf-pid----2089----pid-2089
---ebpf-pid----373029----pid-5476
---ebpf-pid----2089----pid-1
---ebpf-pid----373029----pid-1
---ebpf-pid----2088----pid-2088
---ebpf-pid----373029----pid-373029
---ebpf-pid----2088----pid-1
---ebpf-pid----5707----pid-1
---ebpf-pid----2088----pid-2088
---ebpf-pid----2088----pid-1
---ebpf-pid----373029----pid-5476
---ebpf-pid----2088----pid-2088
---ebpf-pid----373029----pid-1
---ebpf-pid----2088----pid-1
---ebpf-pid----373029----pid-373029
---ebpf-pid----2088----pid-2088
---ebpf-pid----373029----pid-5476
---ebpf-pid----2088----pid-1
---ebpf-pid----2088----pid-2088
---ebpf-pid----373029----pid-1
---ebpf-pid----6671----pid-6671
---ebpf-pid----2088----pid-1
---ebpf-pid----2088----pid-2088
---ebpf-pid----6671----pid-5476
---ebpf-pid----2088----pid-1
---ebpf-pid----5707----pid-5707
---ebpf-pid----2088----pid-2088
---ebpf-pid----5707----pid-5476
---ebpf-pid----2088----pid-1
---ebpf-pid----2088----pid-2088
---ebpf-pid----2088----pid-1
---ebpf-pid----2088----pid-2088
---ebpf-pid----2088----pid-1
---ebpf-pid----5707----pid-1
---ebpf-pid----2089----pid-2089
---ebpf-pid----5707----pid-5707
---ebpf-pid----2089----pid-1
---ebpf-pid----5707----pid-5476
---ebpf-pid----2089----pid-2089
---ebpf-pid----5707----pid-1
---ebpf-pid----2089----pid-1
---ebpf-pid----2094----pid-2094
---ebpf-pid----2089----pid-2089
---ebpf-pid----2089----pid-1
---ebpf-pid----6671----pid-1
---ebpf-pid----2089----pid-2089
---ebpf-pid----6671----pid-6671
---ebpf-pid----6671----pid-5476
---ebpf-pid----2089----pid-1
---ebpf-pid----2089----pid-2089
---ebpf-pid----6671----pid-1
---ebpf-pid----2089----pid-1
---ebpf-pid----6671----pid-6671
---ebpf-pid----2089----pid-2089
---ebpf-pid----6671----pid-5476
---ebpf-pid----2089----pid-1
---ebpf-pid----2089----pid-2089
---ebpf-pid----6671----pid-1
---ebpf-pid----6671----pid-6671
---ebpf-pid----2089----pid-1
---ebpf-pid----2089----pid-2089
---ebpf-pid----2089----pid-1
---ebpf-pid----6671----pid-5476
---ebpf-pid----2089----pid-2089
---ebpf-pid----6671----pid-1
---ebpf-pid----6671----pid-6671
---ebpf-pid----2089----pid-1
---ebpf-pid----2094----pid-1
---ebpf-pid----2094----pid-2094
---ebpf-pid----373029----pid-5476
---ebpf-pid----6671----pid-5476
---ebpf-pid----2094----pid-1
---ebpf-pid----2094----pid-2094
---ebpf-pid----373029----pid-1
---ebpf-pid----6671----pid-1
---ebpf-pid----373029----pid-373029
---ebpf-pid----6671----pid-6671
---ebpf-pid----2094----pid-1
---ebpf-pid----373029----pid-5476
---ebpf-pid----2094----pid-2094
---ebpf-pid----6671----pid-5476
---ebpf-pid----373029----pid-1
---ebpf-pid----373029----pid-373029
---ebpf-pid----6671----pid-1
---ebpf-pid----6671----pid-6671
---ebpf-pid----2094----pid-1
---ebpf-pid----373029----pid-5476
---ebpf-pid----2094----pid-2094
---ebpf-pid----6671----pid-5476
---ebpf-pid----373029----pid-1
---ebpf-pid----2094----pid-1
---ebpf-pid----373029----pid-373029
---ebpf-pid----6671----pid-1
---ebpf-pid----2094----pid-2094
---ebpf-pid----6671----pid-6671
---ebpf-pid----373029----pid-5476
---ebpf-pid----2094----pid-1
---ebpf-pid----2094----pid-2094
---ebpf-pid----6671----pid-5476
---ebpf-pid----373029----pid-1
---ebpf-pid----373029----pid-373029
---ebpf-pid----6671----pid-1
---ebpf-pid----2089----pid-2089
---ebpf-pid----373029----pid-5476
---ebpf-pid----2089----pid-1
---ebpf-pid----6671----pid-6671
---ebpf-pid----373029----pid-1
---ebpf-pid----2089----pid-2089
---ebpf-pid----373029----pid-373029
---ebpf-pid----2089----pid-1
---ebpf-pid----6671----pid-5476
---ebpf-pid----373029----pid-5476
---ebpf-pid----2089----pid-2089
---ebpf-pid----6671----pid-1
---ebpf-pid----6671----pid-6671
---ebpf-pid----2089----pid-1
---ebpf-pid----373029----pid-1
---ebpf-pid----2089----pid-2089
---ebpf-pid----373029----pid-373029
---ebpf-pid----6671----pid-5476
---ebpf-pid----2089----pid-1
---ebpf-pid----373029----pid-5476
---ebpf-pid----2089----pid-2089
---ebpf-pid----6671----pid-1
---ebpf-pid----2094----pid-2094
---ebpf-pid----373029----pid-1
---ebpf-pid----373029----pid-373029
---ebpf-pid----2094----pid-1
---ebpf-pid----373029----pid-5476
---ebpf-pid----2094----pid-1
---ebpf-pid----2094----pid-2094
---ebpf-pid----2094----pid-2094
---ebpf-pid----373029----pid-1
---ebpf-pid----2094----pid-1
---ebpf-pid----373029----pid-373029
---ebpf-pid----2094----pid-1
---ebpf-pid----2094----pid-2094
---ebpf-pid----2094----pid-2094
---ebpf-pid----373029----pid-5476
---ebpf-pid----2094----pid-1
---ebpf-pid----2094----pid-1
---ebpf-pid----5707----pid-5707
---ebpf-pid----373029----pid-1
---ebpf-pid----2094----pid-2094
---ebpf-pid----373029----pid-373029
---ebpf-pid----5707----pid-5476
---ebpf-pid----5707----pid-1
---ebpf-pid----373029----pid-5476
---ebpf-pid----5707----pid-5707
---ebpf-pid----373029----pid-1
---ebpf-pid----373029----pid-373029
---ebpf-pid----5707----pid-5476
---ebpf-pid----373029----pid-5476
---ebpf-pid----5707----pid-1
---ebpf-pid----5707----pid-5707
---ebpf-pid----373029----pid-1
---ebpf-pid----373029----pid-373029
---ebpf-pid----5707----pid-5476
---ebpf-pid----373029----pid-5476
---ebpf-pid----2089----pid-1
---ebpf-pid----373029----pid-1
---ebpf-pid----2089----pid-2089
---ebpf-pid----373029----pid-373029
---ebpf-pid----2089----pid-1
---ebpf-pid----373029----pid-5476
---ebpf-pid----2089----pid-2089
---ebpf-pid----373029----pid-1
---ebpf-pid----373029----pid-373029
---ebpf-pid----2094----pid-1
---ebpf-pid----373029----pid-5476
---ebpf-pid----2094----pid-2094
---ebpf-pid----373029----pid-1
---ebpf-pid----2094----pid-1
---ebpf-pid----373029----pid-373029
---ebpf-pid----2094----pid-2094
---ebpf-pid----373029----pid-5476
---ebpf-pid----2094----pid-1
---ebpf-pid----4562----pid-4562
---ebpf-pid----373029----pid-1
---ebpf-pid----373029----pid-373029
---ebpf-pid----4562----pid-3466
---ebpf-pid----373029----pid-5476
---ebpf-pid----4562----pid-1
---ebpf-pid----4562----pid-4562
---ebpf-pid----373029----pid-1
---ebpf-pid----373029----pid-373029
---ebpf-pid----4562----pid-3466
---ebpf-pid----373029----pid-5476
---ebpf-pid----4562----pid-1
---ebpf-pid----5705----pid-5705
---ebpf-pid----373029----pid-1
---ebpf-pid----5705----pid-5476
---ebpf-pid----373029----pid-373029
---ebpf-pid----5705----pid-1
---ebpf-pid----5705----pid-5705
---ebpf-pid----373029----pid-5476
---ebpf-pid----5705----pid-5476
---ebpf-pid----373029----pid-1
---ebpf-pid----373029----pid-373029
---ebpf-pid----5705----pid-1
---ebpf-pid----373029----pid-5476
---ebpf-pid----5705----pid-5705
---ebpf-pid----373029----pid-1
---ebpf-pid----5705----pid-5476
---ebpf-pid----373029----pid-373029
---ebpf-pid----5705----pid-1
---ebpf-pid----5705----pid-5705
---ebpf-pid----373029----pid-5476
---ebpf-pid----373029----pid-1
---ebpf-pid----5705----pid-5476
---ebpf-pid----373029----pid-373029
---ebpf-pid----5705----pid-1
---ebpf-pid----5705----pid-5705
---ebpf-pid----373029----pid-5476
---ebpf-pid----5705----pid-5476
---ebpf-pid----373029----pid-1
---ebpf-pid----2089----pid-1
---ebpf-pid----2089----pid-2089
---ebpf-pid----2089----pid-1
---ebpf-pid----2089----pid-2089
---ebpf-pid----2089----pid-1
---ebpf-pid----2094----pid-2094
---ebpf-pid----2094----pid-1
---ebpf-pid----2094----pid-2094
---ebpf-pid----2094----pid-1
---ebpf-pid----2094----pid-2094
---ebpf-pid----373029----pid-373029
---ebpf-pid----2094----pid-1
---ebpf-pid----2094----pid-2094
---ebpf-pid----373029----pid-5476
---ebpf-pid----2094----pid-1
---ebpf-pid----373029----pid-1
---ebpf-pid----2094----pid-2094
---ebpf-pid----373029----pid-373029
---ebpf-pid----2094----pid-1
---ebpf-pid----2094----pid-2094
---ebpf-pid----373029----pid-5476
---ebpf-pid----2094----pid-1
---ebpf-pid----2094----pid-2094
---ebpf-pid----373029----pid-1
---ebpf-pid----373029----pid-373029
---ebpf-pid----2094----pid-1
---ebpf-pid----373029----pid-5476
---ebpf-pid----2094----pid-2094
---ebpf-pid----373029----pid-1
---ebpf-pid----2094----pid-1
---ebpf-pid----373029----pid-373029
---ebpf-pid----2094----pid-2094
---ebpf-pid----373029----pid-5476
---ebpf-pid----2094----pid-1
---ebpf-pid----2094----pid-2094
---ebpf-pid----373029----pid-1
---ebpf-pid----373029----pid-373029
---ebpf-pid----2094----pid-1
---ebpf-pid----2094----pid-2094
---ebpf-pid----373029----pid-5476
---ebpf-pid----2094----pid-1
---ebpf-pid----2094----pid-2094
---ebpf-pid----373029----pid-1
---ebpf-pid----373029----pid-373029
---ebpf-pid----373029----pid-5476
---ebpf-pid----5707----pid-1
---ebpf-pid----5707----pid-5707
---ebpf-pid----373029----pid-1
---ebpf-pid----373029----pid-373029
---ebpf-pid----5707----pid-5476
---ebpf-pid----373029----pid-5476
---ebpf-pid----5707----pid-1
---ebpf-pid----5707----pid-5707
---ebpf-pid----373029----pid-1
---ebpf-pid----373029----pid-373029
---ebpf-pid----5707----pid-5476
---ebpf-pid----373029----pid-5476
---ebpf-pid----5707----pid-1
---ebpf-pid----5705----pid-5705
---ebpf-pid----373029----pid-1
---ebpf-pid----373029----pid-373029
---ebpf-pid----5705----pid-5476
---ebpf-pid----373029----pid-5476
---ebpf-pid----5705----pid-1
---ebpf-pid----5705----pid-5705
---ebpf-pid----373029----pid-1
---ebpf-pid----373029----pid-373029
---ebpf-pid----5705----pid-5476
---ebpf-pid----373029----pid-5476
---ebpf-pid----373029----pid-1
---ebpf-pid----448783----pid-448783
---ebpf-pid----448783----pid-448520
---ebpf-pid----448783----pid-1
---ebpf-pid----448783----pid-448783
---ebpf-pid----448783----pid-448520
---ebpf-pid----5705----pid-1
---ebpf-pid----448783----pid-1
---ebpf-pid----6671----pid-6671
---ebpf-pid----7313----pid-7313
---ebpf-pid----5705----pid-1
---ebpf-pid----6671----pid-5476
---ebpf-pid----5707----pid-5707
---ebpf-pid----7313----pid-1
---ebpf-pid----7313----pid-7313
---ebpf-pid----6671----pid-1
---ebpf-pid----6671----pid-6671
---ebpf-pid----7313----pid-1
---ebpf-pid----7313----pid-7313
---ebpf-pid----5707----pid-5476
---ebpf-pid----6671----pid-5476
---ebpf-pid----7313----pid-1
---ebpf-pid----5707----pid-1
---ebpf-pid----6671----pid-1
---ebpf-pid----7313----pid-7313
---ebpf-pid----5705----pid-5705
---ebpf-pid----6671----pid-6671
---ebpf-pid----7313----pid-1
---ebpf-pid----5705----pid-5476
---ebpf-pid----7312----pid-7312
---ebpf-pid----6671----pid-5476
---ebpf-pid----5705----pid-1
---ebpf-pid----7312----pid-1
---ebpf-pid----6671----pid-1
---ebpf-pid----5705----pid-5705
---ebpf-pid----448783----pid-448783
---ebpf-pid----6671----pid-6671
---ebpf-pid----448783----pid-448520
---ebpf-pid----5705----pid-5476
---ebpf-pid----448783----pid-1
---ebpf-pid----2094----pid-1
---ebpf-pid----448783----pid-448783
---ebpf-pid----2094----pid-2094
---ebpf-pid----448783----pid-448520
---ebpf-pid----2094----pid-1
---ebpf-pid----448783----pid-1
---ebpf-pid----2094----pid-2094
---ebpf-pid----6671----pid-5476
---ebpf-pid----448783----pid-448783
---ebpf-pid----2094----pid-1
---ebpf-pid----6671----pid-1
---ebpf-pid----448783----pid-448520
---ebpf-pid----2094----pid-2094
---ebpf-pid----6671----pid-6671
---ebpf-pid----448783----pid-1
---ebpf-pid----6671----pid-5476
---ebpf-pid----448783----pid-448783
---ebpf-pid----5705----pid-1
---ebpf-pid----6671----pid-1
---ebpf-pid----448783----pid-448520
---ebpf-pid----5707----pid-5707
---ebpf-pid----6671----pid-6671
---ebpf-pid----5707----pid-5476
---ebpf-pid----448783----pid-1
---ebpf-pid----6671----pid-5476
---ebpf-pid----5638----pid-5638
---ebpf-pid----5707----pid-1
---ebpf-pid----6671----pid-1
---ebpf-pid----5707----pid-5707
---ebpf-pid----6671----pid-6671
---ebpf-pid----5638----pid-1
---ebpf-pid----6671----pid-6671
---ebpf-pid----5707----pid-5476
---ebpf-pid----6671----pid-5476
---ebpf-pid----6671----pid-5476
---ebpf-pid----5707----pid-1
---ebpf-pid----5705----pid-5705
---ebpf-pid----6671----pid-1
---ebpf-pid----448783----pid-448783
---ebpf-pid----6671----pid-1
---ebpf-pid----5705----pid-5476
---ebpf-pid----6671----pid-6671
---ebpf-pid----2094----pid-1
---ebpf-pid----6671----pid-5476
---ebpf-pid----2094----pid-2094
---ebpf-pid----448783----pid-448520
---ebpf-pid----2094----pid-1
---ebpf-pid----6671----pid-1
---ebpf-pid----448783----pid-1
---ebpf-pid----2094----pid-2094
---ebpf-pid----5638----pid-5638
---ebpf-pid----2094----pid-1
---ebpf-pid----5638----pid-1
---ebpf-pid----2094----pid-2094
---ebpf-pid----5638----pid-5638
---ebpf-pid----2094----pid-1
---ebpf-pid----5638----pid-1
---ebpf-pid----6671----pid-6671
---ebpf-pid----2094----pid-2094
---ebpf-pid----5638----pid-5638
---ebpf-pid----6671----pid-5476
---ebpf-pid----2094----pid-1
---ebpf-pid----5638----pid-1
---ebpf-pid----2094----pid-2094
---ebpf-pid----5638----pid-5638
---ebpf-pid----6671----pid-1
---ebpf-pid----5638----pid-1
---ebpf-pid----6671----pid-6671
---ebpf-pid----5638----pid-5638
---ebpf-pid----6671----pid-5476
---ebpf-pid----5705----pid-1
---ebpf-pid----5638----pid-1
---ebpf-pid----5705----pid-5705
---ebpf-pid----6671----pid-1
---ebpf-pid----2094----pid-1
---ebpf-pid----6671----pid-6671
---ebpf-pid----2094----pid-2094
---ebpf-pid----5705----pid-5476
---ebpf-pid----6671----pid-5476
---ebpf-pid----2094----pid-1
---ebpf-pid----2094----pid-2094
---ebpf-pid----5705----pid-1
---ebpf-pid----6671----pid-1
---ebpf-pid----2094----pid-2094
---ebpf-pid----6671----pid-6671
---ebpf-pid----2094----pid-1
---ebpf-pid----2094----pid-2094
---ebpf-pid----2094----pid-1
---ebpf-pid----6671----pid-5476
---ebpf-pid----2094----pid-2094
---ebpf-pid----2094----pid-1
---ebpf-pid----2094----pid-2094
---ebpf-pid----6671----pid-1
---ebpf-pid----2094----pid-1
---ebpf-pid----6671----pid-6671
---ebpf-pid----5707----pid-5707
---ebpf-pid----2094----pid-1
---ebpf-pid----6671----pid-5476
---ebpf-pid----2094----pid-2094
---ebpf-pid----5707----pid-5476
---ebpf-pid----6671----pid-1
---ebpf-pid----2094----pid-1
---ebpf-pid----6671----pid-6671
---ebpf-pid----2094----pid-2094
---ebpf-pid----5707----pid-1
---ebpf-pid----5707----pid-5707
---ebpf-pid----6671----pid-5476
---ebpf-pid----2094----pid-1
---ebpf-pid----2094----pid-2094
---ebpf-pid----6671----pid-1
---ebpf-pid----5707----pid-5476
---ebpf-pid----6671----pid-6671
---ebpf-pid----6671----pid-6671
---ebpf-pid----6671----pid-5476
---ebpf-pid----5707----pid-1
---ebpf-pid----5707----pid-5707
---ebpf-pid----6671----pid-1
---ebpf-pid----373029----pid-373029
---ebpf-pid----5707----pid-5476
---ebpf-pid----373029----pid-5476
---ebpf-pid----5707----pid-1
---ebpf-pid----373029----pid-1
---ebpf-pid----5707----pid-5707
---ebpf-pid----373029----pid-373029
---ebpf-pid----5707----pid-5476
---ebpf-pid----373029----pid-5476
---ebpf-pid----5707----pid-1
---ebpf-pid----373029----pid-1
---ebpf-pid----2094----pid-2094
---ebpf-pid----373029----pid-373029
---ebpf-pid----2094----pid-1
---ebpf-pid----373029----pid-5476
---ebpf-pid----2094----pid-2094
---ebpf-pid----373029----pid-1
---ebpf-pid----373029----pid-373029
---ebpf-pid----2094----pid-1
---ebpf-pid----2094----pid-1
---ebpf-pid----2094----pid-2094
---ebpf-pid----2094----pid-2094
---ebpf-pid----2094----pid-1
---ebpf-pid----2094----pid-1
---ebpf-pid----2094----pid-2094
---ebpf-pid----2094----pid-2094
---ebpf-pid----2094----pid-1
---ebpf-pid----2094----pid-1
---ebpf-pid----2094----pid-2094
---ebpf-pid----2094----pid-2094
---ebpf-pid----2094----pid-1
---ebpf-pid----2094----pid-1
---ebpf-pid----2094----pid-2094
---ebpf-pid----2094----pid-2094
---ebpf-pid----2094----pid-1
---ebpf-pid----2094----pid-2094
---ebpf-pid----2094----pid-1
---ebpf-pid----2094----pid-2094
---ebpf-pid----2094----pid-1
---ebpf-pid----2094----pid-2094
---ebpf-pid----2094----pid-1
---ebpf-pid----2094----pid-2094
---ebpf-pid----2094----pid-1
---ebpf-pid----2094----pid-2094
---ebpf-pid----2094----pid-1
---ebpf-pid----2094----pid-2094
---ebpf-pid----2094----pid-1
---ebpf-pid----373029----pid-5476
---ebpf-pid----2094----pid-2094
---ebpf-pid----2094----pid-1
---ebpf-pid----373029----pid-1
---ebpf-pid----2094----pid-2094
---ebpf-pid----373029----pid-373029
---ebpf-pid----373029----pid-5476
---ebpf-pid----2094----pid-1
---ebpf-pid----2094----pid-2094
---ebpf-pid----373029----pid-1
---ebpf-pid----373029----pid-373029
---ebpf-pid----2094----pid-1
---ebpf-pid----2094----pid-2094
---ebpf-pid----373029----pid-5476
---ebpf-pid----2094----pid-1
---ebpf-pid----373029----pid-1
---ebpf-pid----2094----pid-2094
---ebpf-pid----373029----pid-373029
---ebpf-pid----2094----pid-1
---ebpf-pid----2094----pid-2094
---ebpf-pid----373029----pid-5476
---ebpf-pid----2094----pid-1
---ebpf-pid----2094----pid-2094
---ebpf-pid----2094----pid-1
---ebpf-pid----2094----pid-1
---ebpf-pid----2094----pid-2094
---ebpf-pid----2094----pid-2094
---ebpf-pid----2094----pid-1
---ebpf-pid----373029----pid-1
---ebpf-pid----2094----pid-2094
---ebpf-pid----373029----pid-373029
---ebpf-pid----2094----pid-1
---ebpf-pid----6671----pid-5476
---ebpf-pid----373029----pid-5476
---ebpf-pid----2094----pid-2094
---ebpf-pid----373029----pid-1
---ebpf-pid----6671----pid-1
---ebpf-pid----2094----pid-1
---ebpf-pid----373029----pid-373029
---ebpf-pid----6671----pid-6671
---ebpf-pid----2094----pid-2094
---ebpf-pid----373029----pid-5476
---ebpf-pid----6671----pid-5476
---ebpf-pid----2094----pid-1
---ebpf-pid----6671----pid-1
---ebpf-pid----373029----pid-1
---ebpf-pid----2094----pid-2094
---ebpf-pid----6671----pid-6671
---ebpf-pid----373029----pid-373029
---ebpf-pid----2094----pid-1
---ebpf-pid----6671----pid-5476
---ebpf-pid----373029----pid-5476
---ebpf-pid----2094----pid-2094
---ebpf-pid----6671----pid-1
---ebpf-pid----373029----pid-1
---ebpf-pid----2094----pid-1
---ebpf-pid----6671----pid-6671
---ebpf-pid----373029----pid-373029
---ebpf-pid----2094----pid-2094
---ebpf-pid----6671----pid-5476
---ebpf-pid----373029----pid-5476
---ebpf-pid----6671----pid-1
---ebpf-pid----373029----pid-1
---ebpf-pid----6671----pid-6671
---ebpf-pid----373029----pid-373029
---ebpf-pid----2094----pid-1
---ebpf-pid----2094----pid-2094
---ebpf-pid----6671----pid-5476
---ebpf-pid----373029----pid-5476
---ebpf-pid----2094----pid-1
---ebpf-pid----2094----pid-2094
---ebpf-pid----373029----pid-1
---ebpf-pid----6671----pid-1
---ebpf-pid----6671----pid-6671
---ebpf-pid----373029----pid-373029
---ebpf-pid----2094----pid-1
---ebpf-pid----2094----pid-2094
---ebpf-pid----6671----pid-5476
---ebpf-pid----373029----pid-5476
---ebpf-pid----2094----pid-1
---ebpf-pid----6671----pid-1
---ebpf-pid----373029----pid-1
---ebpf-pid----2094----pid-2094
---ebpf-pid----6671----pid-6671
---ebpf-pid----448783----pid-448783
---ebpf-pid----6671----pid-5476
---ebpf-pid----2094----pid-1
---ebpf-pid----2094----pid-2094
---ebpf-pid----448783----pid-448520
---ebpf-pid----6671----pid-1
---ebpf-pid----6671----pid-6671
---ebpf-pid----2094----pid-1
---ebpf-pid----448783----pid-1
---ebpf-pid----2094----pid-2094
---ebpf-pid----448783----pid-448783
---ebpf-pid----6671----pid-5476
---ebpf-pid----448783----pid-448520
---ebpf-pid----2094----pid-1
---ebpf-pid----6671----pid-1
---ebpf-pid----2094----pid-2094
---ebpf-pid----6671----pid-6671
---ebpf-pid----448783----pid-1
---ebpf-pid----2094----pid-1
---ebpf-pid----448783----pid-448783
---ebpf-pid----6671----pid-5476
---ebpf-pid----2094----pid-2094
---ebpf-pid----6671----pid-1
---ebpf-pid----448783----pid-448520
---ebpf-pid----2094----pid-1
---ebpf-pid----373029----pid-373029
---ebpf-pid----2088----pid-2088
---ebpf-pid----448783----pid-1
---ebpf-pid----448783----pid-448783
---ebpf-pid----373029----pid-5476
---ebpf-pid----2088----pid-1
---ebpf-pid----2088----pid-2088
---ebpf-pid----373029----pid-1
---ebpf-pid----448783----pid-448520
---ebpf-pid----373029----pid-373029
---ebpf-pid----2088----pid-1
---ebpf-pid----2088----pid-2088
---ebpf-pid----2088----pid-1
---ebpf-pid----448783----pid-1
---ebpf-pid----2088----pid-2088
---ebpf-pid----448783----pid-448783
---ebpf-pid----2088----pid-1
---ebpf-pid----448783----pid-448520
---ebpf-pid----2088----pid-2088
---ebpf-pid----448783----pid-1
---ebpf-pid----2088----pid-1
---ebpf-pid----7313----pid-7313
---ebpf-pid----2088----pid-2088
---ebpf-pid----2088----pid-1
---ebpf-pid----7313----pid-1
---ebpf-pid----448783----pid-448783
---ebpf-pid----2088----pid-2088
---ebpf-pid----448783----pid-448520
---ebpf-pid----2088----pid-1
---ebpf-pid----2088----pid-2088
---ebpf-pid----448783----pid-1
---ebpf-pid----448783----pid-448783
---ebpf-pid----2088----pid-1
---ebpf-pid----2088----pid-2088
---ebpf-pid----448783----pid-448520
---ebpf-pid----2094----pid-1
---ebpf-pid----373029----pid-5476
---ebpf-pid----448783----pid-1
---ebpf-pid----2094----pid-2094
---ebpf-pid----6671----pid-6671
---ebpf-pid----373029----pid-1
---ebpf-pid----6671----pid-6671
---ebpf-pid----2094----pid-1
---ebpf-pid----6671----pid-5476
---ebpf-pid----2094----pid-2094
---ebpf-pid----6671----pid-5476
---ebpf-pid----6671----pid-1
---ebpf-pid----6671----pid-6671
---ebpf-pid----2094----pid-1
---ebpf-pid----6671----pid-1
---ebpf-pid----2094----pid-2094
---ebpf-pid----6671----pid-6671
---ebpf-pid----6671----pid-5476
---ebpf-pid----2094----pid-1
---ebpf-pid----6671----pid-5476
---ebpf-pid----2094----pid-2094
---ebpf-pid----6671----pid-1
---ebpf-pid----448783----pid-448783
---ebpf-pid----6671----pid-1
---ebpf-pid----6671----pid-6671
---ebpf-pid----448783----pid-448520
---ebpf-pid----2094----pid-1
---ebpf-pid----6671----pid-5476
---ebpf-pid----2094----pid-2094
---ebpf-pid----448783----pid-1
---ebpf-pid----6671----pid-1
---ebpf-pid----448783----pid-448783
---ebpf-pid----6671----pid-6671
---ebpf-pid----2094----pid-1
---ebpf-pid----2094----pid-2094
---ebpf-pid----448783----pid-448520
---ebpf-pid----6671----pid-5476
---ebpf-pid----2094----pid-1
---ebpf-pid----448783----pid-1
---ebpf-pid----2094----pid-2094
---ebpf-pid----6671----pid-1
---ebpf-pid----448783----pid-448783
---ebpf-pid----6671----pid-6671
---ebpf-pid----448783----pid-448520
---ebpf-pid----6671----pid-5476
---ebpf-pid----2094----pid-1
---ebpf-pid----448783----pid-1
---ebpf-pid----2094----pid-2094
---ebpf-pid----6671----pid-1
---ebpf-pid----448783----pid-448783
---ebpf-pid----6671----pid-6671
---ebpf-pid----2094----pid-1
---ebpf-pid----448783----pid-448520
---ebpf-pid----2094----pid-2094
---ebpf-pid----6671----pid-5476
---ebpf-pid----448783----pid-1
---ebpf-pid----2094----pid-1
---ebpf-pid----448783----pid-448783
---ebpf-pid----2094----pid-2094
---ebpf-pid----448783----pid-448520
---ebpf-pid----2094----pid-1
---ebpf-pid----2094----pid-2094
---ebpf-pid----448783----pid-1
---ebpf-pid----448783----pid-448783
---ebpf-pid----2094----pid-1
---ebpf-pid----2094----pid-2094
---ebpf-pid----2094----pid-1
---ebpf-pid----2094----pid-2094
---ebpf-pid----2094----pid-1
---ebpf-pid----2094----pid-2094
---ebpf-pid----2094----pid-1
---ebpf-pid----2094----pid-2094
---ebpf-pid----2094----pid-1
---ebpf-pid----2094----pid-2094
---ebpf-pid----448783----pid-448520
---ebpf-pid----2094----pid-1
---ebpf-pid----5705----pid-5705
---ebpf-pid----448783----pid-1
---ebpf-pid----5705----pid-5705
---ebpf-pid----5705----pid-5476
---ebpf-pid----5705----pid-1
---ebpf-pid----5705----pid-5476
---ebpf-pid----5705----pid-5705
---ebpf-pid----5705----pid-1
---ebpf-pid----5705----pid-5705
---ebpf-pid----2088----pid-1
---ebpf-pid----2088----pid-2088
---ebpf-pid----5705----pid-5476
---ebpf-pid----5705----pid-1
---ebpf-pid----2088----pid-1
---ebpf-pid----448783----pid-448783
---ebpf-pid----2088----pid-2088
---ebpf-pid----448783----pid-448520
---ebpf-pid----2088----pid-1
---ebpf-pid----448783----pid-1
---ebpf-pid----2088----pid-2088
---ebpf-pid----448783----pid-448783
---ebpf-pid----2088----pid-1
---ebpf-pid----448783----pid-448520
---ebpf-pid----2088----pid-2088
---ebpf-pid----448783----pid-1
---ebpf-pid----2088----pid-1
---ebpf-pid----5705----pid-5705
---ebpf-pid----2088----pid-2088
---ebpf-pid----5705----pid-5476
---ebpf-pid----2088----pid-1
---ebpf-pid----2088----pid-2088
---ebpf-pid----5705----pid-1
---ebpf-pid----5705----pid-5705
---ebpf-pid----2088----pid-1
---ebpf-pid----2088----pid-2088
---ebpf-pid----5705----pid-5476
---ebpf-pid----2088----pid-1
---ebpf-pid----5705----pid-1
---ebpf-pid----2088----pid-2088
---ebpf-pid----448783----pid-448783
---ebpf-pid----2088----pid-1
---ebpf-pid----448783----pid-448520
---ebpf-pid----2088----pid-2088
---ebpf-pid----2088----pid-1
---ebpf-pid----448783----pid-1
---ebpf-pid----2088----pid-2088
---ebpf-pid----448783----pid-448783
---ebpf-pid----2088----pid-1
---ebpf-pid----448783----pid-448520
---ebpf-pid----2088----pid-2088
---ebpf-pid----2088----pid-1
---ebpf-pid----448783----pid-1
---ebpf-pid----448783----pid-448783
---ebpf-pid----448783----pid-448520
---ebpf-pid----5705----pid-5476
---ebpf-pid----448783----pid-1
---ebpf-pid----448783----pid-448783
---ebpf-pid----5705----pid-1
---ebpf-pid----448783----pid-448520
---ebpf-pid----5705----pid-5705
---ebpf-pid----448783----pid-1
---ebpf-pid----448783----pid-448783
---ebpf-pid----5705----pid-5476
---ebpf-pid----448783----pid-448520
---ebpf-pid----5705----pid-1
---ebpf-pid----5705----pid-5705
---ebpf-pid----448783----pid-1
---ebpf-pid----448783----pid-448783
---ebpf-pid----5705----pid-5476
---ebpf-pid----448783----pid-448520
---ebpf-pid----5705----pid-1
---ebpf-pid----448783----pid-1
---ebpf-pid----448783----pid-448783
---ebpf-pid----5705----pid-5705
---ebpf-pid----448783----pid-448520
---ebpf-pid----5705----pid-5476
---ebpf-pid----448783----pid-1
---ebpf-pid----448782----pid-448782
---ebpf-pid----5705----pid-1
---ebpf-pid----5705----pid-5705
---ebpf-pid----448782----pid-448520
---ebpf-pid----5705----pid-5476
---ebpf-pid----448782----pid-1
---ebpf-pid----448782----pid-448782
---ebpf-pid----5705----pid-1
---ebpf-pid----5705----pid-5705
---ebpf-pid----448782----pid-448520
---ebpf-pid----448782----pid-1
---ebpf-pid----448784----pid-448784
---ebpf-pid----5705----pid-5476
---ebpf-pid----448784----pid-448520
---ebpf-pid----5705----pid-1
---ebpf-pid----5705----pid-5705
---ebpf-pid----448784----pid-1
---ebpf-pid----448784----pid-448784
---ebpf-pid----5705----pid-5476
---ebpf-pid----6671----pid-1
---ebpf-pid----2088----pid-2088
---ebpf-pid----448784----pid-448520
---ebpf-pid----372881----pid-372881
---ebpf-pid----448784----pid-1
---ebpf-pid----2088----pid-1
---ebpf-pid----2088----pid-2088
---ebpf-pid----448784----pid-448784
---ebpf-pid----372881----pid-1
---ebpf-pid----372881----pid-372881
---ebpf-pid----2088----pid-1
---ebpf-pid----448784----pid-448520
---ebpf-pid----2088----pid-2088
---ebpf-pid----372881----pid-1
---ebpf-pid----448784----pid-1
---ebpf-pid----372881----pid-372881
---ebpf-pid----448784----pid-448784
---ebpf-pid----2088----pid-1
---ebpf-pid----2088----pid-2088
---ebpf-pid----372881----pid-1
---ebpf-pid----448784----pid-448520
---ebpf-pid----372881----pid-372881
---ebpf-pid----2088----pid-1
---ebpf-pid----2088----pid-2088
---ebpf-pid----448784----pid-1
---ebpf-pid----372881----pid-1
---ebpf-pid----448784----pid-448784
---ebpf-pid----372881----pid-372881
---ebpf-pid----2088----pid-1
---ebpf-pid----2088----pid-2088
---ebpf-pid----448784----pid-448520
---ebpf-pid----372881----pid-1
---ebpf-pid----372881----pid-372881
---ebpf-pid----2088----pid-1
---ebpf-pid----448784----pid-1
---ebpf-pid----2088----pid-2088
---ebpf-pid----448784----pid-448784
---ebpf-pid----372881----pid-1
---ebpf-pid----372881----pid-372881
---ebpf-pid----2088----pid-1
---ebpf-pid----5705----pid-1
---ebpf-pid----2088----pid-2088
---ebpf-pid----5707----pid-5707
---ebpf-pid----2088----pid-1
---ebpf-pid----5707----pid-5476
---ebpf-pid----2094----pid-2094
---ebpf-pid----5707----pid-1
---ebpf-pid----2094----pid-1
---ebpf-pid----5707----pid-5707
---ebpf-pid----6671----pid-6671
---ebpf-pid----372881----pid-1
---ebpf-pid----5707----pid-5476
---ebpf-pid----372881----pid-372881
---ebpf-pid----372881----pid-1
---ebpf-pid----372881----pid-372881
---ebpf-pid----372881----pid-1
---ebpf-pid----372881----pid-372881
---ebpf-pid----6671----pid-5476
---ebpf-pid----372881----pid-1
---ebpf-pid----372881----pid-372881
---ebpf-pid----448784----pid-448520
---ebpf-pid----6671----pid-1
---ebpf-pid----372881----pid-1
---ebpf-pid----6671----pid-6671
---ebpf-pid----372881----pid-372881
---ebpf-pid----448784----pid-1
---ebpf-pid----6671----pid-5476
---ebpf-pid----448784----pid-448784
---ebpf-pid----372881----pid-1
---ebpf-pid----372881----pid-372881
---ebpf-pid----6671----pid-1
---ebpf-pid----448784----pid-448520
---ebpf-pid----6671----pid-6671
---ebpf-pid----372881----pid-1
---ebpf-pid----372881----pid-372881
---ebpf-pid----448784----pid-1
---ebpf-pid----6671----pid-5476
---ebpf-pid----448784----pid-448784
---ebpf-pid----372881----pid-1
---ebpf-pid----372881----pid-372881
---ebpf-pid----6671----pid-1
---ebpf-pid----6671----pid-6671
---ebpf-pid----372881----pid-1
---ebpf-pid----448784----pid-448520
---ebpf-pid----372881----pid-372881
---ebpf-pid----6671----pid-5476
---ebpf-pid----372881----pid-1
---ebpf-pid----372881----pid-372881
---ebpf-pid----448784----pid-1
---ebpf-pid----6671----pid-1
---ebpf-pid----448784----pid-448784
---ebpf-pid----6671----pid-6671
---ebpf-pid----372881----pid-1
---ebpf-pid----372881----pid-372881
---ebpf-pid----448784----pid-448520
---ebpf-pid----6671----pid-5476
---ebpf-pid----372881----pid-1
---ebpf-pid----372881----pid-372881
---ebpf-pid----448784----pid-1
---ebpf-pid----6671----pid-1
---ebpf-pid----448784----pid-448784
---ebpf-pid----6671----pid-6671
---ebpf-pid----372881----pid-1
---ebpf-pid----372881----pid-372881
---ebpf-pid----6671----pid-5476
---ebpf-pid----448784----pid-448520
---ebpf-pid----372881----pid-1
---ebpf-pid----6671----pid-1
---ebpf-pid----448784----pid-1
---ebpf-pid----372881----pid-372881
---ebpf-pid----6671----pid-6671
---ebpf-pid----448784----pid-448784
---ebpf-pid----372881----pid-1
---ebpf-pid----6671----pid-5476
---ebpf-pid----448784----pid-448520
---ebpf-pid----372881----pid-372881
---ebpf-pid----6671----pid-1
---ebpf-pid----448784----pid-1
---ebpf-pid----372881----pid-1
---ebpf-pid----448784----pid-448784
---ebpf-pid----6671----pid-6671
---ebpf-pid----372881----pid-372881
---ebpf-pid----448784----pid-448520
---ebpf-pid----6671----pid-5476
---ebpf-pid----372881----pid-1
---ebpf-pid----372881----pid-372881
---ebpf-pid----6671----pid-1
---ebpf-pid----448784----pid-1
---ebpf-pid----6671----pid-6671
---ebpf-pid----448784----pid-448784
---ebpf-pid----372881----pid-1
---ebpf-pid----372881----pid-372881
---ebpf-pid----6671----pid-5476
---ebpf-pid----448784----pid-448520
---ebpf-pid----372881----pid-1
---ebpf-pid----372881----pid-372881
---ebpf-pid----6671----pid-1
---ebpf-pid----448784----pid-1
---ebpf-pid----6671----pid-6671
---ebpf-pid----448784----pid-448784
---ebpf-pid----372881----pid-1
---ebpf-pid----372881----pid-372881
---ebpf-pid----6671----pid-5476
---ebpf-pid----448784----pid-448520
---ebpf-pid----372881----pid-1
---ebpf-pid----6671----pid-1
---ebpf-pid----372881----pid-372881
---ebpf-pid----6671----pid-6671
---ebpf-pid----448784----pid-1
---ebpf-pid----5705----pid-5705
---ebpf-pid----372881----pid-1
---ebpf-pid----6671----pid-5476
---ebpf-pid----372881----pid-372881
---ebpf-pid----5705----pid-5476
---ebpf-pid----6671----pid-1
---ebpf-pid----372881----pid-1
---ebpf-pid----6671----pid-6671
---ebpf-pid----5705----pid-1
---ebpf-pid----372881----pid-372881
---ebpf-pid----448784----pid-448784
---ebpf-pid----6671----pid-5476
---ebpf-pid----448784----pid-448520
---ebpf-pid----372881----pid-1
---ebpf-pid----372881----pid-372881
---ebpf-pid----448784----pid-1
---ebpf-pid----448784----pid-448784
---ebpf-pid----372881----pid-1
---ebpf-pid----6671----pid-1
---ebpf-pid----372881----pid-372881
---ebpf-pid----5705----pid-5705
---ebpf-pid----448784----pid-448520
---ebpf-pid----372881----pid-1
---ebpf-pid----372881----pid-372881
---ebpf-pid----448784----pid-1
---ebpf-pid----5705----pid-5476
---ebpf-pid----5705----pid-5705
---ebpf-pid----372881----pid-1
---ebpf-pid----5705----pid-1
---ebpf-pid----372881----pid-372881
---ebpf-pid----5705----pid-5705
---ebpf-pid----5705----pid-5476
---ebpf-pid----372881----pid-1
---ebpf-pid----5705----pid-1
---ebpf-pid----5705----pid-5476
---ebpf-pid----372881----pid-372881
---ebpf-pid----5705----pid-5705
---ebpf-pid----5705----pid-1
---ebpf-pid----372881----pid-1
---ebpf-pid----5705----pid-5705
---ebpf-pid----372881----pid-372881
---ebpf-pid----5705----pid-5476
---ebpf-pid----5705----pid-5476
---ebpf-pid----372881----pid-1
---ebpf-pid----5705----pid-1
---ebpf-pid----372881----pid-372881
---ebpf-pid----448782----pid-448782
---ebpf-pid----5705----pid-1
---ebpf-pid----5705----pid-5705
---ebpf-pid----372881----pid-1
---ebpf-pid----448782----pid-448520
---ebpf-pid----372881----pid-372881
---ebpf-pid----5705----pid-5476
---ebpf-pid----448782----pid-1
---ebpf-pid----372881----pid-1
---ebpf-pid----5705----pid-5705
---ebpf-pid----5705----pid-1
---ebpf-pid----372881----pid-372881
---ebpf-pid----5705----pid-5705
---ebpf-pid----5705----pid-5476
---ebpf-pid----372881----pid-1
---ebpf-pid----372881----pid-372881
---ebpf-pid----5705----pid-5476
---ebpf-pid----5705----pid-1
---ebpf-pid----448782----pid-448782
---ebpf-pid----372881----pid-1
---ebpf-pid----5705----pid-1
---ebpf-pid----372881----pid-372881
---ebpf-pid----5705----pid-5705
---ebpf-pid----448782----pid-448520
---ebpf-pid----372881----pid-1
---ebpf-pid----5705----pid-5476
---ebpf-pid----372881----pid-372881
---ebpf-pid----448782----pid-1
---ebpf-pid----448782----pid-448782
---ebpf-pid----5705----pid-1
---ebpf-pid----372881----pid-1
---ebpf-pid----5705----pid-5705
---ebpf-pid----372881----pid-372881
---ebpf-pid----448782----pid-448520
---ebpf-pid----5705----pid-5476
---ebpf-pid----372881----pid-1
---ebpf-pid----448782----pid-1
---ebpf-pid----372881----pid-372881
---ebpf-pid----448782----pid-448782
---ebpf-pid----5705----pid-1
---ebpf-pid----5705----pid-5705
---ebpf-pid----372881----pid-1
---ebpf-pid----372881----pid-372881
---ebpf-pid----448782----pid-448520
---ebpf-pid----5705----pid-5476
---ebpf-pid----372881----pid-1
---ebpf-pid----448782----pid-1
---ebpf-pid----5705----pid-1
---ebpf-pid----372881----pid-372881
---ebpf-pid----448782----pid-448782
---ebpf-pid----5705----pid-5705
---ebpf-pid----372881----pid-1
---ebpf-pid----5705----pid-5476
---ebpf-pid----448782----pid-448520
---ebpf-pid----372881----pid-372881
---ebpf-pid----372881----pid-1
---ebpf-pid----5705----pid-1
---ebpf-pid----372881----pid-372881
---ebpf-pid----5705----pid-5705
---ebpf-pid----372881----pid-1
---ebpf-pid----448782----pid-1
---ebpf-pid----372881----pid-372881
---ebpf-pid----5705----pid-5476
---ebpf-pid----448782----pid-448782
---ebpf-pid----372881----pid-1
---ebpf-pid----5705----pid-1
---ebpf-pid----448782----pid-448520
---ebpf-pid----372881----pid-372881
---ebpf-pid----5705----pid-5705
---ebpf-pid----448782----pid-1
---ebpf-pid----372881----pid-1
---ebpf-pid----448782----pid-448782
---ebpf-pid----5705----pid-5476
---ebpf-pid----372881----pid-372881
---ebpf-pid----5705----pid-1
---ebpf-pid----448782----pid-448520
---ebpf-pid----372881----pid-1
---ebpf-pid----5705----pid-5705
---ebpf-pid----372881----pid-372881
---ebpf-pid----448782----pid-1
---ebpf-pid----5705----pid-5476
---ebpf-pid----448783----pid-448783
---ebpf-pid----372881----pid-1
---ebpf-pid----372881----pid-372881
---ebpf-pid----5705----pid-1
---ebpf-pid----448783----pid-448520
---ebpf-pid----373029----pid-373029
---ebpf-pid----372881----pid-1
---ebpf-pid----372881----pid-372881
---ebpf-pid----373029----pid-5476
---ebpf-pid----372881----pid-1
---ebpf-pid----448783----pid-1
---ebpf-pid----372881----pid-372881
---ebpf-pid----373029----pid-1
---ebpf-pid----448783----pid-448783
---ebpf-pid----373029----pid-373029
---ebpf-pid----372881----pid-1
---ebpf-pid----448783----pid-448520
---ebpf-pid----372881----pid-372881
---ebpf-pid----373029----pid-5476
---ebpf-pid----448783----pid-1
---ebpf-pid----372881----pid-1
---ebpf-pid----373029----pid-1
---ebpf-pid----448783----pid-448783
---ebpf-pid----372881----pid-372881
---ebpf-pid----373029----pid-373029
---ebpf-pid----448783----pid-448520
---ebpf-pid----372881----pid-1
---ebpf-pid----373029----pid-5476
---ebpf-pid----372881----pid-372881
---ebpf-pid----448783----pid-1
---ebpf-pid----372881----pid-1
---ebpf-pid----372881----pid-372881
---ebpf-pid----373029----pid-1
---ebpf-pid----372881----pid-1
---ebpf-pid----373029----pid-373029
---ebpf-pid----448783----pid-448783
---ebpf-pid----372881----pid-372881
---ebpf-pid----373029----pid-5476
---ebpf-pid----372881----pid-1
---ebpf-pid----372881----pid-372881
---ebpf-pid----448783----pid-448520
---ebpf-pid----373029----pid-1
---ebpf-pid----2088----pid-2088
---ebpf-pid----372881----pid-1
---ebpf-pid----448783----pid-1
---ebpf-pid----372881----pid-372881
---ebpf-pid----448783----pid-448783
---ebpf-pid----2088----pid-1
---ebpf-pid----2088----pid-2088
---ebpf-pid----372881----pid-1
---ebpf-pid----448783----pid-448520
---ebpf-pid----372881----pid-372881
---ebpf-pid----2088----pid-1
---ebpf-pid----2088----pid-2088
---ebpf-pid----448783----pid-1
---ebpf-pid----372881----pid-1
---ebpf-pid----372881----pid-372881
---ebpf-pid----448783----pid-448783
---ebpf-pid----2088----pid-1
---ebpf-pid----2088----pid-2088
---ebpf-pid----372881----pid-1
---ebpf-pid----372881----pid-372881
---ebpf-pid----448783----pid-448520
---ebpf-pid----2088----pid-1
---ebpf-pid----2088----pid-2088
---ebpf-pid----372881----pid-1
---ebpf-pid----448783----pid-1
---ebpf-pid----372881----pid-372881
---ebpf-pid----448783----pid-448783
---ebpf-pid----2088----pid-1
---ebpf-pid----2088----pid-2088
---ebpf-pid----372881----pid-1
---ebpf-pid----372881----pid-372881
---ebpf-pid----2088----pid-1
---ebpf-pid----448783----pid-448520
---ebpf-pid----372881----pid-1
---ebpf-pid----2088----pid-2088
---ebpf-pid----372881----pid-372881
---ebpf-pid----2088----pid-1
---ebpf-pid----448783----pid-1
---ebpf-pid----372881----pid-1
---ebpf-pid----2088----pid-2088
---ebpf-pid----448783----pid-448783
---ebpf-pid----372881----pid-372881
---ebpf-pid----2088----pid-1
---ebpf-pid----448783----pid-448520
---ebpf-pid----372881----pid-1
---ebpf-pid----2088----pid-2088
---ebpf-pid----372881----pid-372881
---ebpf-pid----448783----pid-1
---ebpf-pid----2088----pid-1
---ebpf-pid----448783----pid-448783
---ebpf-pid----372881----pid-1
---ebpf-pid----5707----pid-5707
---ebpf-pid----372881----pid-372881
---ebpf-pid----448783----pid-448520
---ebpf-pid----372881----pid-1
---ebpf-pid----5707----pid-5476
---ebpf-pid----372881----pid-372881
---ebpf-pid----448783----pid-1
---ebpf-pid----448783----pid-448783
---ebpf-pid----5707----pid-1
---ebpf-pid----372881----pid-1
---ebpf-pid----5707----pid-5707
---ebpf-pid----372881----pid-372881
---ebpf-pid----448783----pid-448520
---ebpf-pid----5707----pid-5476
---ebpf-pid----372881----pid-1
---ebpf-pid----372881----pid-372881
---ebpf-pid----5707----pid-1
---ebpf-pid----448783----pid-1
---ebpf-pid----5707----pid-5707
---ebpf-pid----448784----pid-448784
---ebpf-pid----372881----pid-1
---ebpf-pid----372881----pid-372881
---ebpf-pid----5707----pid-5476
---ebpf-pid----372881----pid-1
---ebpf-pid----5707----pid-1
---ebpf-pid----372881----pid-372881
---ebpf-pid----5707----pid-5707
---ebpf-pid----372881----pid-1
---ebpf-pid----5707----pid-5476
---ebpf-pid----372881----pid-372881
---ebpf-pid----5707----pid-1
---ebpf-pid----5707----pid-5707
---ebpf-pid----5707----pid-5476
---ebpf-pid----5707----pid-1
---ebpf-pid----5707----pid-5707
---ebpf-pid----448784----pid-448520
---ebpf-pid----5707----pid-5476
---ebpf-pid----448784----pid-1
---ebpf-pid----5707----pid-1
---ebpf-pid----448784----pid-448784
---ebpf-pid----5705----pid-5705
---ebpf-pid----448784----pid-448520
---ebpf-pid----5705----pid-5476
---ebpf-pid----448784----pid-1
---ebpf-pid----5705----pid-1
---ebpf-pid----373029----pid-373029
---ebpf-pid----5705----pid-5705
---ebpf-pid----373029----pid-5476
---ebpf-pid----5705----pid-5476
---ebpf-pid----373029----pid-1
---ebpf-pid----5705----pid-1
---ebpf-pid----373029----pid-373029
---ebpf-pid----5705----pid-5705
---ebpf-pid----373029----pid-5476
---ebpf-pid----5705----pid-5476
---ebpf-pid----373029----pid-1
---ebpf-pid----5705----pid-1
---ebpf-pid----448783----pid-448783
---ebpf-pid----5705----pid-5705
---ebpf-pid----448783----pid-448520
---ebpf-pid----5705----pid-5476
---ebpf-pid----448783----pid-1
---ebpf-pid----5705----pid-1
---ebpf-pid----448785----pid-448785
---ebpf-pid----5705----pid-5705
---ebpf-pid----5705----pid-5476
---ebpf-pid----448785----pid-448520
---ebpf-pid----5705----pid-1
---ebpf-pid----448785----pid-1
---ebpf-pid----448785----pid-448785
---ebpf-pid----448785----pid-448520
---ebpf-pid----448785----pid-1
---ebpf-pid----448785----pid-448785
---ebpf-pid----5707----pid-1
---ebpf-pid----448785----pid-448520
---ebpf-pid----5707----pid-5707
---ebpf-pid----448785----pid-1
---ebpf-pid----5707----pid-5476
---ebpf-pid----448785----pid-448785
---ebpf-pid----5707----pid-1
---ebpf-pid----448785----pid-448520
---ebpf-pid----373029----pid-373029
---ebpf-pid----372881----pid-1
---ebpf-pid----448785----pid-1
---ebpf-pid----373029----pid-5476
---ebpf-pid----448546----pid-448546
---ebpf-pid----372881----pid-372881
---ebpf-pid----448546----pid-1
---ebpf-pid----448546----pid-448546
---ebpf-pid----448546----pid-1
---ebpf-pid----373029----pid-1
---ebpf-pid----448785----pid-448785
---ebpf-pid----373029----pid-373029
---ebpf-pid----448785----pid-448520
---ebpf-pid----373029----pid-5476
---ebpf-pid----448785----pid-1
---ebpf-pid----373029----pid-1
---ebpf-pid----448785----pid-448785
---ebpf-pid----5707----pid-5707
---ebpf-pid----448785----pid-448520
---ebpf-pid----5707----pid-5476
---ebpf-pid----448785----pid-1
---ebpf-pid----5707----pid-1
---ebpf-pid----448785----pid-448785
---ebpf-pid----373029----pid-373029
---ebpf-pid----448785----pid-448520
---ebpf-pid----373029----pid-5476
---ebpf-pid----373029----pid-1
---ebpf-pid----448785----pid-1
---ebpf-pid----373029----pid-373029
---ebpf-pid----448546----pid-448546
---ebpf-pid----448546----pid-1
---ebpf-pid----373029----pid-5476
---ebpf-pid----448546----pid-448546
---ebpf-pid----448546----pid-1
---ebpf-pid----448785----pid-448785
---ebpf-pid----373029----pid-1
---ebpf-pid----5707----pid-5707
---ebpf-pid----448785----pid-448520
---ebpf-pid----5707----pid-5476
---ebpf-pid----448785----pid-1
---ebpf-pid----448785----pid-448785
---ebpf-pid----5707----pid-1
---ebpf-pid----373029----pid-373029
---ebpf-pid----448785----pid-448520
---ebpf-pid----373029----pid-5476
---ebpf-pid----448785----pid-1
---ebpf-pid----6671----pid-6671
---ebpf-pid----373029----pid-1
---ebpf-pid----373029----pid-373029
---ebpf-pid----6671----pid-5476
---ebpf-pid----373029----pid-5476
---ebpf-pid----6671----pid-1
---ebpf-pid----6671----pid-6671
---ebpf-pid----373029----pid-1
---ebpf-pid----5707----pid-5707
---ebpf-pid----6671----pid-5476
---ebpf-pid----5707----pid-5476
---ebpf-pid----6671----pid-1
---ebpf-pid----6671----pid-6671
---ebpf-pid----5707----pid-1
---ebpf-pid----373029----pid-373029
---ebpf-pid----6671----pid-5476
---ebpf-pid----373029----pid-5476
---ebpf-pid----6671----pid-1
---ebpf-pid----6671----pid-6671
---ebpf-pid----373029----pid-1
---ebpf-pid----6671----pid-5476
---ebpf-pid----5707----pid-5707
---ebpf-pid----372881----pid-1
---ebpf-pid----372881----pid-372881
---ebpf-pid----6671----pid-1
---ebpf-pid----5707----pid-5476
---ebpf-pid----6671----pid-6671
---ebpf-pid----5707----pid-1
---ebpf-pid----6671----pid-5476
---ebpf-pid----373029----pid-373029
---ebpf-pid----372881----pid-1
---ebpf-pid----372881----pid-372881
---ebpf-pid----6671----pid-1
---ebpf-pid----373029----pid-5476
---ebpf-pid----6671----pid-6671
---ebpf-pid----372881----pid-1
---ebpf-pid----372881----pid-372881
---ebpf-pid----373029----pid-1
---ebpf-pid----6671----pid-5476
---ebpf-pid----373029----pid-373029
---ebpf-pid----6671----pid-1
---ebpf-pid----6671----pid-6671
---ebpf-pid----373029----pid-5476
---ebpf-pid----6671----pid-5476
---ebpf-pid----373029----pid-1
---ebpf-pid----6671----pid-1
---ebpf-pid----5707----pid-5707
---ebpf-pid----6671----pid-6671
---ebpf-pid----5707----pid-5476
---ebpf-pid----6671----pid-5476
---ebpf-pid----5707----pid-1
---ebpf-pid----6671----pid-1
---ebpf-pid----6671----pid-6671
---ebpf-pid----5707----pid-5707
---ebpf-pid----6671----pid-5476
---ebpf-pid----5707----pid-5476
---ebpf-pid----6671----pid-1
---ebpf-pid----6671----pid-6671
---ebpf-pid----5707----pid-1
---ebpf-pid----373029----pid-373029
---ebpf-pid----6671----pid-5476
---ebpf-pid----373029----pid-5476
---ebpf-pid----6671----pid-1
---ebpf-pid----6671----pid-6671
---ebpf-pid----373029----pid-1
---ebpf-pid----373029----pid-373029
---ebpf-pid----6671----pid-5476
---ebpf-pid----373029----pid-5476
---ebpf-pid----6671----pid-1
---ebpf-pid----5705----pid-5705
---ebpf-pid----373029----pid-1
---ebpf-pid----5707----pid-5707
---ebpf-pid----5705----pid-5476
---ebpf-pid----5707----pid-5476
---ebpf-pid----5705----pid-1
---ebpf-pid----5705----pid-5705
---ebpf-pid----5707----pid-1
---ebpf-pid----373029----pid-373029
---ebpf-pid----5705----pid-5476
---ebpf-pid----373029----pid-5476
---ebpf-pid----5705----pid-1
---ebpf-pid----5705----pid-5705
---ebpf-pid----373029----pid-1
---ebpf-pid----373029----pid-373029
---ebpf-pid----5705----pid-5476
---ebpf-pid----373029----pid-5476
---ebpf-pid----373029----pid-1
---ebpf-pid----2094----pid-2094
---ebpf-pid----5705----pid-1
---ebpf-pid----5705----pid-5705
---ebpf-pid----2094----pid-1
---ebpf-pid----373029----pid-373029
---ebpf-pid----5705----pid-5476
---ebpf-pid----373029----pid-5476
---ebpf-pid----5705----pid-1
---ebpf-pid----5705----pid-5705
---ebpf-pid----373029----pid-1
---ebpf-pid----373029----pid-373029
---ebpf-pid----5705----pid-5476
---ebpf-pid----373029----pid-5476
---ebpf-pid----5705----pid-1
---ebpf-pid----448784----pid-448784
---ebpf-pid----373029----pid-1
---ebpf-pid----373029----pid-373029
---ebpf-pid----448784----pid-448520
---ebpf-pid----373029----pid-5476
---ebpf-pid----448784----pid-1
---ebpf-pid----448784----pid-448784
---ebpf-pid----373029----pid-1
---ebpf-pid----448784----pid-448520
---ebpf-pid----373029----pid-373029
---ebpf-pid----448784----pid-1
---ebpf-pid----373029----pid-5476
---ebpf-pid----448784----pid-448784
---ebpf-pid----373029----pid-1
---ebpf-pid----448784----pid-448520
---ebpf-pid----373029----pid-373029
---ebpf-pid----448784----pid-1
---ebpf-pid----373029----pid-5476
---ebpf-pid----448546----pid-448546
---ebpf-pid----373029----pid-1
---ebpf-pid----448546----pid-1
---ebpf-pid----373029----pid-373029
---ebpf-pid----448785----pid-448785
---ebpf-pid----373029----pid-5476
---ebpf-pid----448785----pid-448520
---ebpf-pid----373029----pid-1
---ebpf-pid----373029----pid-373029
---ebpf-pid----448785----pid-1
---ebpf-pid----448785----pid-448785
---ebpf-pid----373029----pid-5476
---ebpf-pid----448785----pid-448520
---ebpf-pid----373029----pid-1
---ebpf-pid----5707----pid-5707
---ebpf-pid----448785----pid-1
---ebpf-pid----448785----pid-448785
---ebpf-pid----5707----pid-5476
---ebpf-pid----448785----pid-448520
---ebpf-pid----5707----pid-1
---ebpf-pid----5707----pid-5707
---ebpf-pid----448785----pid-1
---ebpf-pid----14----pid-14
---ebpf-pid----5707----pid-5476
---ebpf-pid----372881----pid-1
---ebpf-pid----14----pid-2
---ebpf-pid----372881----pid-372881
---ebpf-pid----5707----pid-1
---ebpf-pid----1856----pid-1856
---ebpf-pid----5707----pid-5707
---ebpf-pid----372881----pid-1
---ebpf-pid----1856----pid-1
---ebpf-pid----5707----pid-5476
---ebpf-pid----372881----pid-372881
---ebpf-pid----5707----pid-5707
---ebpf-pid----5707----pid-1
---ebpf-pid----372881----pid-1
---ebpf-pid----5707----pid-5476
---ebpf-pid----5707----pid-5707
---ebpf-pid----372881----pid-372881
---ebpf-pid----5707----pid-1
---ebpf-pid----5707----pid-5476
---ebpf-pid----372881----pid-1
---ebpf-pid----377755----pid-377755
---ebpf-pid----372881----pid-372881
---ebpf-pid----5707----pid-1
---ebpf-pid----372881----pid-1
---ebpf-pid----5707----pid-5707
---ebpf-pid----377755----pid-1
---ebpf-pid----372881----pid-372881
---ebpf-pid----5707----pid-5707
---ebpf-pid----5707----pid-5476
---ebpf-pid----372881----pid-1
---ebpf-pid----5707----pid-5476
---ebpf-pid----372881----pid-372881
---ebpf-pid----5707----pid-1
---ebpf-pid----5707----pid-5707
---ebpf-pid----5707----pid-1
---ebpf-pid----372881----pid-1
---ebpf-pid----5707----pid-5707
---ebpf-pid----372881----pid-372881
---ebpf-pid----5707----pid-5476
---ebpf-pid----5707----pid-5476
---ebpf-pid----372881----pid-1
---ebpf-pid----5707----pid-1
---ebpf-pid----372881----pid-372881
---ebpf-pid----5707----pid-1
---ebpf-pid----6671----pid-6671
---ebpf-pid----5707----pid-5707
---ebpf-pid----372881----pid-1
---ebpf-pid----6671----pid-5476
---ebpf-pid----372881----pid-372881
---ebpf-pid----5707----pid-5476
---ebpf-pid----6671----pid-1
---ebpf-pid----372881----pid-1
---ebpf-pid----5707----pid-1
---ebpf-pid----6671----pid-6671
---ebpf-pid----372881----pid-372881
---ebpf-pid----5707----pid-5707
---ebpf-pid----6671----pid-5476
---ebpf-pid----372881----pid-1
---ebpf-pid----5707----pid-5476
---ebpf-pid----372881----pid-372881
---ebpf-pid----6671----pid-1
---ebpf-pid----5707----pid-1
---ebpf-pid----5707----pid-5707
---ebpf-pid----372881----pid-1
---ebpf-pid----372881----pid-372881
---ebpf-pid----6671----pid-6671
---ebpf-pid----5707----pid-5476
---ebpf-pid----372881----pid-1
---ebpf-pid----6671----pid-5476
---ebpf-pid----5707----pid-1
---ebpf-pid----372881----pid-372881
---ebpf-pid----5707----pid-5707
---ebpf-pid----6671----pid-1
---ebpf-pid----372881----pid-1
---ebpf-pid----6671----pid-6671
---ebpf-pid----5707----pid-5476
---ebpf-pid----372881----pid-372881
---ebpf-pid----6671----pid-5476
---ebpf-pid----5707----pid-1
---ebpf-pid----372881----pid-1
---ebpf-pid----5707----pid-5707
---ebpf-pid----372881----pid-372881
---ebpf-pid----6671----pid-1
---ebpf-pid----6671----pid-6671
---ebpf-pid----5707----pid-5476
---ebpf-pid----372881----pid-1
---ebpf-pid----372881----pid-372881
---ebpf-pid----6671----pid-5476
---ebpf-pid----5707----pid-1
---ebpf-pid----5707----pid-5707
---ebpf-pid----372881----pid-1
---ebpf-pid----6671----pid-1
---ebpf-pid----372881----pid-372881
---ebpf-pid----6671----pid-6671
---ebpf-pid----5707----pid-5476
---ebpf-pid----372881----pid-1
---ebpf-pid----6671----pid-5476
---ebpf-pid----372881----pid-372881
---ebpf-pid----5707----pid-1
---ebpf-pid----5638----pid-5638
---ebpf-pid----5638----pid-1
---ebpf-pid----448783----pid-448783
---ebpf-pid----6671----pid-1
---ebpf-pid----6671----pid-6671
---ebpf-pid----448783----pid-448520
---ebpf-pid----6671----pid-5476
---ebpf-pid----448783----pid-1
---ebpf-pid----6671----pid-1
---ebpf-pid----448783----pid-448783
---ebpf-pid----6671----pid-6671
---ebpf-pid----448783----pid-448520
---ebpf-pid----6671----pid-5476
---ebpf-pid----448783----pid-1
---ebpf-pid----6671----pid-1
---ebpf-pid----448783----pid-448783
---ebpf-pid----6671----pid-6671
---ebpf-pid----448783----pid-448520
---ebpf-pid----448783----pid-1
---ebpf-pid----6671----pid-5476
---ebpf-pid----448783----pid-448783
---ebpf-pid----6671----pid-1
---ebpf-pid----5705----pid-5705
---ebpf-pid----448783----pid-448520
---ebpf-pid----5705----pid-5476
---ebpf-pid----448783----pid-1
---ebpf-pid----448783----pid-448783
---ebpf-pid----5705----pid-1
---ebpf-pid----448783----pid-448520
---ebpf-pid----5705----pid-5705
---ebpf-pid----448783----pid-1
---ebpf-pid----448783----pid-448783
---ebpf-pid----5705----pid-5476
---ebpf-pid----448783----pid-448520
---ebpf-pid----5705----pid-1
---ebpf-pid----5705----pid-5705
---ebpf-pid----448783----pid-1
---ebpf-pid----448546----pid-448546
---ebpf-pid----448546----pid-1
---ebpf-pid----5705----pid-5476
---ebpf-pid----7312----pid-7312
---ebpf-pid----5705----pid-1
---ebpf-pid----5705----pid-5705
---ebpf-pid----7312----pid-1
---ebpf-pid----7312----pid-7312
---ebpf-pid----5705----pid-5476
---ebpf-pid----7312----pid-1
---ebpf-pid----5705----pid-1
---ebpf-pid----7312----pid-7312
---ebpf-pid----2089----pid-2089
---ebpf-pid----7312----pid-1
---ebpf-pid----2089----pid-1
---ebpf-pid----448546----pid-448546
---ebpf-pid----2089----pid-2089
---ebpf-pid----448546----pid-1
---ebpf-pid----2089----pid-1
---ebpf-pid----14----pid-14
---ebpf-pid----2089----pid-2089
---ebpf-pid----14----pid-2
---ebpf-pid----2089----pid-1
---ebpf-pid----448785----pid-448785
---ebpf-pid----2089----pid-2089
---ebpf-pid----448785----pid-448520
---ebpf-pid----2089----pid-1
---ebpf-pid----2089----pid-2089
---ebpf-pid----448785----pid-1
---ebpf-pid----14----pid-14
---ebpf-pid----2089----pid-1
---ebpf-pid----2089----pid-2089
---ebpf-pid----14----pid-2
---ebpf-pid----448784----pid-448784
---ebpf-pid----448784----pid-448520
---ebpf-pid----448784----pid-1
---ebpf-pid----2089----pid-1
---ebpf-pid----448546----pid-448546
---ebpf-pid----2089----pid-2089
---ebpf-pid----448546----pid-1
---ebpf-pid----2089----pid-1
---ebpf-pid----448546----pid-448546
---ebpf-pid----2089----pid-2089
---ebpf-pid----448546----pid-1
---ebpf-pid----2089----pid-1
---ebpf-pid----448546----pid-448546
---ebpf-pid----2089----pid-2089
---ebpf-pid----2089----pid-1
---ebpf-pid----448546----pid-1
---ebpf-pid----2012----pid-2012
---ebpf-pid----7313----pid-7313
---ebpf-pid----2012----pid-1
---ebpf-pid----7313----pid-1
---ebpf-pid----2012----pid-2012
---ebpf-pid----7313----pid-7313
---ebpf-pid----7313----pid-1
---ebpf-pid----2012----pid-1
---ebpf-pid----448546----pid-448546
---ebpf-pid----2012----pid-2012
---ebpf-pid----2012----pid-1
---ebpf-pid----2012----pid-2012
---ebpf-pid----2012----pid-1
---ebpf-pid----448546----pid-1
---ebpf-pid----2012----pid-2012
---ebpf-pid----448785----pid-448785
---ebpf-pid----2012----pid-1
---ebpf-pid----448785----pid-448520
---ebpf-pid----2012----pid-2012
---ebpf-pid----448785----pid-1
---ebpf-pid----2012----pid-1
---ebpf-pid----7312----pid-7312
---ebpf-pid----372881----pid-1
---ebpf-pid----2012----pid-2012
---ebpf-pid----372881----pid-372881
---ebpf-pid----7312----pid-1
---ebpf-pid----7312----pid-7312
---ebpf-pid----372881----pid-1
---ebpf-pid----372881----pid-372881
---ebpf-pid----2012----pid-1
---ebpf-pid----7312----pid-1
---ebpf-pid----2012----pid-2012
---ebpf-pid----448546----pid-448546
---ebpf-pid----372881----pid-1
---ebpf-pid----372881----pid-372881
---ebpf-pid----448546----pid-1
---ebpf-pid----2012----pid-1
---ebpf-pid----7312----pid-7312
---ebpf-pid----2012----pid-2012
---ebpf-pid----372881----pid-1
---ebpf-pid----372881----pid-372881
---ebpf-pid----2012----pid-1
---ebpf-pid----7312----pid-1
---ebpf-pid----2012----pid-2012
---ebpf-pid----372881----pid-1
---ebpf-pid----7312----pid-7312
---ebpf-pid----372881----pid-372881
---ebpf-pid----7312----pid-1
---ebpf-pid----372881----pid-1
---ebpf-pid----7312----pid-7312
---ebpf-pid----372881----pid-372881
---ebpf-pid----2012----pid-1
---ebpf-pid----7312----pid-1
---ebpf-pid----2012----pid-2012
---ebpf-pid----7313----pid-7313
---ebpf-pid----372881----pid-1
---ebpf-pid----372881----pid-372881
---ebpf-pid----2012----pid-1
---ebpf-pid----7313----pid-1
---ebpf-pid----2012----pid-2012
---ebpf-pid----5707----pid-5707
---ebpf-pid----372881----pid-1
---ebpf-pid----372881----pid-372881
---ebpf-pid----2012----pid-1
---ebpf-pid----2012----pid-2012
---ebpf-pid----5707----pid-5476
---ebpf-pid----372881----pid-1
---ebpf-pid----372881----pid-372881
---ebpf-pid----2012----pid-1
---ebpf-pid----5707----pid-1
---ebpf-pid----2012----pid-2012
---ebpf-pid----5707----pid-5707
---ebpf-pid----2012----pid-1
---ebpf-pid----2012----pid-2012
---ebpf-pid----5707----pid-5476
---ebpf-pid----2012----pid-1
---ebpf-pid----5707----pid-1
---ebpf-pid----2012----pid-2012
---ebpf-pid----5707----pid-5707
---ebpf-pid----2012----pid-1
---ebpf-pid----5707----pid-5476
---ebpf-pid----2012----pid-2012
---ebpf-pid----5707----pid-1
---ebpf-pid----2012----pid-1
---ebpf-pid----2012----pid-2012
---ebpf-pid----2012----pid-1
---ebpf-pid----5707----pid-5707
---ebpf-pid----2012----pid-2012
---ebpf-pid----2012----pid-1
---ebpf-pid----5707----pid-5476
---ebpf-pid----2012----pid-2012
---ebpf-pid----5707----pid-1
---ebpf-pid----2012----pid-1
---ebpf-pid----5707----pid-5707
---ebpf-pid----2012----pid-2012
---ebpf-pid----5707----pid-5476
---ebpf-pid----2012----pid-1
---ebpf-pid----5707----pid-1
---ebpf-pid----5707----pid-5707
---ebpf-pid----5707----pid-5476
---ebpf-pid----5707----pid-1
---ebpf-pid----5707----pid-5707
---ebpf-pid----5707----pid-5476
---ebpf-pid----5707----pid-1
---ebpf-pid----5707----pid-5707
---ebpf-pid----2012----pid-2012
---ebpf-pid----5707----pid-5476
---ebpf-pid----2012----pid-1
---ebpf-pid----5707----pid-1
---ebpf-pid----2012----pid-2012
---ebpf-pid----5707----pid-5707
---ebpf-pid----2012----pid-1
---ebpf-pid----5707----pid-5476
---ebpf-pid----2012----pid-2012
---ebpf-pid----5707----pid-1
---ebpf-pid----2012----pid-1
---ebpf-pid----5707----pid-5707
---ebpf-pid----2012----pid-2012
---ebpf-pid----5707----pid-5476
---ebpf-pid----2012----pid-1
---ebpf-pid----2012----pid-2012
---ebpf-pid----5707----pid-1
---ebpf-pid----5707----pid-5707
---ebpf-pid----2012----pid-1
---ebpf-pid----2012----pid-2012
---ebpf-pid----5707----pid-5476
---ebpf-pid----2012----pid-1
---ebpf-pid----5707----pid-1
---ebpf-pid----2012----pid-2012
---ebpf-pid----5707----pid-5707
---ebpf-pid----2012----pid-1
---ebpf-pid----5707----pid-5476
---ebpf-pid----2012----pid-2012
---ebpf-pid----5707----pid-1
---ebpf-pid----2012----pid-1
---ebpf-pid----5707----pid-5707
---ebpf-pid----372881----pid-372881
---ebpf-pid----372881----pid-1
---ebpf-pid----372881----pid-1
---ebpf-pid----372881----pid-372881
---ebpf-pid----372881----pid-372881
---ebpf-pid----372881----pid-1
---ebpf-pid----372881----pid-372881
---ebpf-pid----372881----pid-1
---ebpf-pid----372881----pid-372881
---ebpf-pid----372881----pid-1
---ebpf-pid----372881----pid-372881
---ebpf-pid----372881----pid-1
---ebpf-pid----372881----pid-1
---ebpf-pid----372881----pid-372881
---ebpf-pid----372881----pid-372881
---ebpf-pid----372881----pid-1
---ebpf-pid----372881----pid-1
---ebpf-pid----372881----pid-372881
---ebpf-pid----372881----pid-372881
---ebpf-pid----372881----pid-1
---ebpf-pid----372881----pid-1
---ebpf-pid----372881----pid-372881
---ebpf-pid----372881----pid-372881
---ebpf-pid----372881----pid-1
---ebpf-pid----372881----pid-1
---ebpf-pid----372881----pid-372881
---ebpf-pid----372881----pid-372881
---ebpf-pid----372881----pid-1
---ebpf-pid----372881----pid-1
---ebpf-pid----372881----pid-372881
---ebpf-pid----372881----pid-372881
---ebpf-pid----372881----pid-1
---ebpf-pid----372881----pid-1
---ebpf-pid----372881----pid-372881
---ebpf-pid----372881----pid-372881
---ebpf-pid----372881----pid-1
---ebpf-pid----372881----pid-372881
---ebpf-pid----372881----pid-1
---ebpf-pid----372881----pid-372881
---ebpf-pid----372881----pid-1
---ebpf-pid----372881----pid-372881
---ebpf-pid----372881----pid-1
---ebpf-pid----372881----pid-372881
---ebpf-pid----372881----pid-1
---ebpf-pid----372881----pid-372881
---ebpf-pid----372881----pid-1
---ebpf-pid----372881----pid-1
---ebpf-pid----372881----pid-372881
---ebpf-pid----372881----pid-372881
---ebpf-pid----372881----pid-1
---ebpf-pid----372881----pid-372881
---ebpf-pid----372881----pid-1
---ebpf-pid----372881----pid-372881
---ebpf-pid----372881----pid-1
---ebpf-pid----372881----pid-372881
---ebpf-pid----372881----pid-1
---ebpf-pid----372881----pid-372881
---ebpf-pid----372881----pid-1
---ebpf-pid----372881----pid-372881
---ebpf-pid----372881----pid-1
---ebpf-pid----372881----pid-372881
---ebpf-pid----372881----pid-1
---ebpf-pid----372881----pid-1
---ebpf-pid----372881----pid-372881
---ebpf-pid----372881----pid-372881
---ebpf-pid----372881----pid-1
---ebpf-pid----372881----pid-1
---ebpf-pid----372881----pid-372881
---ebpf-pid----372881----pid-372881
---ebpf-pid----372881----pid-1
---ebpf-pid----372881----pid-1
---ebpf-pid----372881----pid-372881
---ebpf-pid----5707----pid-5707
---ebpf-pid----372881----pid-1
---ebpf-pid----5707----pid-5476
---ebpf-pid----372881----pid-372881
---ebpf-pid----372881----pid-1
---ebpf-pid----5707----pid-1
---ebpf-pid----5707----pid-5476
---ebpf-pid----372881----pid-372881
---ebpf-pid----5707----pid-5707
---ebpf-pid----372881----pid-1
---ebpf-pid----5707----pid-5476
---ebpf-pid----5707----pid-1
---ebpf-pid----372881----pid-372881
---ebpf-pid----5707----pid-5707
---ebpf-pid----5707----pid-1
---ebpf-pid----372881----pid-1
---ebpf-pid----5707----pid-5707
---ebpf-pid----372881----pid-372881
---ebpf-pid----5707----pid-5476
---ebpf-pid----5707----pid-5476
---ebpf-pid----372881----pid-1
---ebpf-pid----5707----pid-1
---ebpf-pid----372881----pid-372881
---ebpf-pid----5707----pid-1
---ebpf-pid----5707----pid-5707
---ebpf-pid----2088----pid-2088
---ebpf-pid----372881----pid-1
---ebpf-pid----5707----pid-5476
---ebpf-pid----372881----pid-372881
---ebpf-pid----2088----pid-1
---ebpf-pid----2088----pid-2088
---ebpf-pid----5707----pid-1
---ebpf-pid----5707----pid-5707
---ebpf-pid----372881----pid-1
---ebpf-pid----2088----pid-1
---ebpf-pid----372881----pid-372881
---ebpf-pid----2088----pid-2088
---ebpf-pid----5707----pid-5476
---ebpf-pid----372881----pid-1
---ebpf-pid----372881----pid-372881
---ebpf-pid----2088----pid-1
---ebpf-pid----2088----pid-2088
---ebpf-pid----5707----pid-1
---ebpf-pid----5707----pid-5707
---ebpf-pid----372881----pid-1
---ebpf-pid----2088----pid-1
---ebpf-pid----372881----pid-372881
---ebpf-pid----2088----pid-2088
---ebpf-pid----5707----pid-5476
---ebpf-pid----372881----pid-1
---ebpf-pid----2088----pid-1
---ebpf-pid----372881----pid-372881
---ebpf-pid----5707----pid-1
---ebpf-pid----2088----pid-2088
---ebpf-pid----372881----pid-1
---ebpf-pid----2088----pid-1
---ebpf-pid----372881----pid-372881
---ebpf-pid----2088----pid-2088
---ebpf-pid----372881----pid-1
---ebpf-pid----2088----pid-1
---ebpf-pid----5707----pid-5707
---ebpf-pid----372881----pid-372881
---ebpf-pid----2088----pid-2088
---ebpf-pid----5707----pid-5476
---ebpf-pid----372881----pid-1
---ebpf-pid----2088----pid-1
---ebpf-pid----2088----pid-2088
---ebpf-pid----372881----pid-372881
---ebpf-pid----5707----pid-1
---ebpf-pid----2088----pid-1
---ebpf-pid----372881----pid-1
---ebpf-pid----5707----pid-5707
---ebpf-pid----2088----pid-2088
---ebpf-pid----372881----pid-372881
---ebpf-pid----5707----pid-5476
---ebpf-pid----372881----pid-1
---ebpf-pid----2088----pid-1
---ebpf-pid----5707----pid-1
---ebpf-pid----372881----pid-372881
---ebpf-pid----2088----pid-2088
---ebpf-pid----5707----pid-5707
---ebpf-pid----2088----pid-1
---ebpf-pid----372881----pid-1
---ebpf-pid----2088----pid-2088
---ebpf-pid----372881----pid-372881
---ebpf-pid----5707----pid-5476
---ebpf-pid----2088----pid-1
---ebpf-pid----372881----pid-1
---ebpf-pid----5707----pid-1
---ebpf-pid----2088----pid-2088
---ebpf-pid----372881----pid-372881
---ebpf-pid----5707----pid-5707
---ebpf-pid----2088----pid-1
---ebpf-pid----372881----pid-1
---ebpf-pid----5707----pid-5476
---ebpf-pid----2088----pid-2088
---ebpf-pid----372881----pid-372881
---ebpf-pid----5707----pid-1
---ebpf-pid----2088----pid-1
---ebpf-pid----372881----pid-1
---ebpf-pid----5707----pid-5707
---ebpf-pid----2088----pid-2088
---ebpf-pid----372881----pid-372881
---ebpf-pid----5707----pid-5476
---ebpf-pid----2088----pid-1
---ebpf-pid----372881----pid-1
---ebpf-pid----2088----pid-2088
---ebpf-pid----372881----pid-372881
---ebpf-pid----5707----pid-1
---ebpf-pid----5707----pid-5707
---ebpf-pid----2088----pid-1
---ebpf-pid----372881----pid-1
---ebpf-pid----2088----pid-2088
---ebpf-pid----372881----pid-372881
---ebpf-pid----5707----pid-5476
---ebpf-pid----2088----pid-1
---ebpf-pid----372881----pid-1
---ebpf-pid----5707----pid-1
---ebpf-pid----2088----pid-2088
---ebpf-pid----372881----pid-372881
---ebpf-pid----5707----pid-5707
---ebpf-pid----2088----pid-1
---ebpf-pid----372881----pid-1
---ebpf-pid----5707----pid-5476
---ebpf-pid----5707----pid-5707
---ebpf-pid----372881----pid-372881
---ebpf-pid----5707----pid-1
---ebpf-pid----5707----pid-5476
---ebpf-pid----5707----pid-5707
---ebpf-pid----372881----pid-1
---ebpf-pid----372881----pid-372881
---ebpf-pid----5707----pid-1
---ebpf-pid----5707----pid-5476
---ebpf-pid----5707----pid-5707
---ebpf-pid----372881----pid-1
---ebpf-pid----372881----pid-372881
---ebpf-pid----5707----pid-1
---ebpf-pid----5707----pid-5476
---ebpf-pid----5707----pid-5707
---ebpf-pid----372881----pid-1
---ebpf-pid----5707----pid-5476
---ebpf-pid----5707----pid-1
---ebpf-pid----372881----pid-372881
---ebpf-pid----5707----pid-5707
---ebpf-pid----5707----pid-1
---ebpf-pid----372881----pid-1
---ebpf-pid----5707----pid-5707
---ebpf-pid----5707----pid-5476
---ebpf-pid----372881----pid-372881
---ebpf-pid----5707----pid-5476
---ebpf-pid----5707----pid-1
---ebpf-pid----372881----pid-1
---ebpf-pid----372881----pid-372881
---ebpf-pid----5707----pid-5707
---ebpf-pid----5707----pid-1
---ebpf-pid----372881----pid-1
---ebpf-pid----5707----pid-5707
---ebpf-pid----372881----pid-372881
---ebpf-pid----5707----pid-5476
---ebpf-pid----5707----pid-5476
---ebpf-pid----5707----pid-1
---ebpf-pid----372881----pid-1
---ebpf-pid----5707----pid-5707
---ebpf-pid----372881----pid-372881
---ebpf-pid----5707----pid-1
---ebpf-pid----5707----pid-5707
---ebpf-pid----5707----pid-5476
---ebpf-pid----372881----pid-1
---ebpf-pid----372881----pid-372881
---ebpf-pid----5707----pid-1
---ebpf-pid----5707----pid-5476
---ebpf-pid----5707----pid-5707
---ebpf-pid----372881----pid-1
---ebpf-pid----372881----pid-372881
---ebpf-pid----5707----pid-1
---ebpf-pid----5707----pid-5476
---ebpf-pid----5707----pid-5707
---ebpf-pid----372881----pid-1
---ebpf-pid----372881----pid-372881
---ebpf-pid----5707----pid-1
---ebpf-pid----5707----pid-5476
---ebpf-pid----5707----pid-5707
---ebpf-pid----372881----pid-1
---ebpf-pid----372881----pid-372881
---ebpf-pid----5707----pid-5476
---ebpf-pid----5707----pid-1
---ebpf-pid----5707----pid-5707
---ebpf-pid----372881----pid-1
---ebpf-pid----5707----pid-1
---ebpf-pid----5707----pid-5707
---ebpf-pid----372881----pid-372881
---ebpf-pid----5707----pid-5476
---ebpf-pid----5707----pid-5476
---ebpf-pid----372881----pid-1
---ebpf-pid----5707----pid-1
---ebpf-pid----372881----pid-372881
---ebpf-pid----5707----pid-1
---ebpf-pid----5707----pid-5707
---ebpf-pid----5707----pid-5707
---ebpf-pid----372881----pid-1
---ebpf-pid----5707----pid-5476
---ebpf-pid----372881----pid-372881
---ebpf-pid----5707----pid-5476
---ebpf-pid----5707----pid-1
---ebpf-pid----372881----pid-1
---ebpf-pid----5707----pid-1
---ebpf-pid----5707----pid-5707
---ebpf-pid----372881----pid-372881
---ebpf-pid----5707----pid-5707
---ebpf-pid----372881----pid-1
---ebpf-pid----5707----pid-5476
---ebpf-pid----5707----pid-5476
---ebpf-pid----372881----pid-372881
---ebpf-pid----5707----pid-1
---ebpf-pid----5707----pid-1
---ebpf-pid----5707----pid-5707
---ebpf-pid----372881----pid-1
---ebpf-pid----5707----pid-5707
---ebpf-pid----372881----pid-372881
---ebpf-pid----5707----pid-5476
---ebpf-pid----372881----pid-1
---ebpf-pid----372881----pid-372881
---ebpf-pid----5707----pid-1
---ebpf-pid----5707----pid-5476
---ebpf-pid----5707----pid-5707
---ebpf-pid----5707----pid-1
---ebpf-pid----372881----pid-1
---ebpf-pid----5707----pid-5476
---ebpf-pid----5707----pid-5707
---ebpf-pid----372881----pid-372881
---ebpf-pid----5707----pid-1
---ebpf-pid----5707----pid-5476
---ebpf-pid----372881----pid-1
---ebpf-pid----5707----pid-5707
---ebpf-pid----372881----pid-372881
---ebpf-pid----5707----pid-1
---ebpf-pid----5707----pid-5707
---ebpf-pid----5707----pid-5476
---ebpf-pid----372881----pid-1
---ebpf-pid----372881----pid-372881
---ebpf-pid----5707----pid-5476
---ebpf-pid----5707----pid-1
---ebpf-pid----5707----pid-5707
---ebpf-pid----372881----pid-1
---ebpf-pid----372881----pid-372881
---ebpf-pid----5707----pid-1
---ebpf-pid----5707----pid-5476
---ebpf-pid----5707----pid-5707
---ebpf-pid----372881----pid-1
---ebpf-pid----5707----pid-1
---ebpf-pid----372881----pid-372881
---ebpf-pid----5707----pid-5707
---ebpf-pid----5707----pid-5476
---ebpf-pid----372881----pid-1
---ebpf-pid----5707----pid-5476
---ebpf-pid----372881----pid-372881
---ebpf-pid----5707----pid-1
---ebpf-pid----5707----pid-5707
---ebpf-pid----5707----pid-1
---ebpf-pid----372881----pid-1
---ebpf-pid----5707----pid-5707
---ebpf-pid----372881----pid-372881
---ebpf-pid----5707----pid-5476
---ebpf-pid----372881----pid-1
---ebpf-pid----5707----pid-5476
---ebpf-pid----372881----pid-372881
---ebpf-pid----5707----pid-1
---ebpf-pid----5707----pid-1
---ebpf-pid----372881----pid-1
---ebpf-pid----5707----pid-5707
---ebpf-pid----5707----pid-5707
---ebpf-pid----372881----pid-372881
---ebpf-pid----5707----pid-5476
---ebpf-pid----372881----pid-1
---ebpf-pid----372881----pid-372881
---ebpf-pid----5707----pid-5476
---ebpf-pid----5707----pid-1
---ebpf-pid----5707----pid-5707
---ebpf-pid----372881----pid-1
---ebpf-pid----5707----pid-1
---ebpf-pid----372881----pid-372881
---ebpf-pid----5707----pid-5707
---ebpf-pid----5707----pid-5476
---ebpf-pid----372881----pid-1
---ebpf-pid----5707----pid-5476
---ebpf-pid----5707----pid-1
---ebpf-pid----372881----pid-372881
---ebpf-pid----5707----pid-5707
---ebpf-pid----5707----pid-1
---ebpf-pid----5707----pid-5707
---ebpf-pid----5707----pid-5476
---ebpf-pid----372881----pid-1
---ebpf-pid----372881----pid-372881
---ebpf-pid----5707----pid-1
---ebpf-pid----5707----pid-5707
---ebpf-pid----372881----pid-1
---ebpf-pid----5707----pid-5476
---ebpf-pid----372881----pid-372881
---ebpf-pid----5707----pid-1
---ebpf-pid----372881----pid-1
---ebpf-pid----5707----pid-5707
---ebpf-pid----372881----pid-372881
---ebpf-pid----5707----pid-5476
---ebpf-pid----372881----pid-1
---ebpf-pid----372881----pid-372881
---ebpf-pid----5707----pid-1
---ebpf-pid----2012----pid-2012
---ebpf-pid----372881----pid-1
---ebpf-pid----5707----pid-5476
---ebpf-pid----372881----pid-372881
---ebpf-pid----2012----pid-1
---ebpf-pid----2012----pid-2012
---ebpf-pid----372881----pid-1
---ebpf-pid----372881----pid-372881
---ebpf-pid----2012----pid-1
---ebpf-pid----5707----pid-1
---ebpf-pid----2012----pid-2012
---ebpf-pid----5707----pid-5707
---ebpf-pid----372881----pid-1
---ebpf-pid----2012----pid-1
---ebpf-pid----2012----pid-2012
---ebpf-pid----2012----pid-1
---ebpf-pid----372881----pid-372881
---ebpf-pid----2012----pid-2012
---ebpf-pid----372881----pid-1
---ebpf-pid----372881----pid-372881
---ebpf-pid----2012----pid-1
---ebpf-pid----2012----pid-2012
---ebpf-pid----372881----pid-1
---ebpf-pid----2012----pid-1
---ebpf-pid----372881----pid-372881
---ebpf-pid----2012----pid-2012
---ebpf-pid----372881----pid-1
---ebpf-pid----2012----pid-1
---ebpf-pid----372881----pid-372881
---ebpf-pid----2012----pid-2012
---ebpf-pid----2012----pid-1
---ebpf-pid----372881----pid-1
---ebpf-pid----2012----pid-2012
---ebpf-pid----372881----pid-372881
---ebpf-pid----2012----pid-1
---ebpf-pid----372881----pid-1
---ebpf-pid----2012----pid-2012
---ebpf-pid----372881----pid-372881
---ebpf-pid----2012----pid-1
---ebpf-pid----2012----pid-2012
---ebpf-pid----372881----pid-1
---ebpf-pid----372881----pid-372881
---ebpf-pid----2012----pid-1
---ebpf-pid----372881----pid-1
---ebpf-pid----372881----pid-372881
---ebpf-pid----372881----pid-1
---ebpf-pid----2012----pid-2012
---ebpf-pid----372881----pid-372881
---ebpf-pid----2012----pid-1
---ebpf-pid----372881----pid-1
---ebpf-pid----2012----pid-2012
---ebpf-pid----372881----pid-372881
---ebpf-pid----2012----pid-1
---ebpf-pid----372881----pid-1
---ebpf-pid----2012----pid-2012
---ebpf-pid----372881----pid-372881
---ebpf-pid----2012----pid-1
---ebpf-pid----372881----pid-1
---ebpf-pid----2012----pid-2012
---ebpf-pid----372881----pid-372881
---ebpf-pid----2012----pid-1
---ebpf-pid----372881----pid-1
---ebpf-pid----2012----pid-2012
---ebpf-pid----372881----pid-372881
---ebpf-pid----2012----pid-1
---ebpf-pid----2012----pid-2012
---ebpf-pid----372881----pid-1
---ebpf-pid----372881----pid-372881
---ebpf-pid----2012----pid-1
---ebpf-pid----2012----pid-2012
---ebpf-pid----372881----pid-1
---ebpf-pid----2012----pid-1
---ebpf-pid----372881----pid-372881
---ebpf-pid----2012----pid-2012
---ebpf-pid----5707----pid-5476
---ebpf-pid----372881----pid-1
---ebpf-pid----2012----pid-1
---ebpf-pid----372881----pid-372881
---ebpf-pid----2012----pid-2012
---ebpf-pid----5707----pid-1
---ebpf-pid----372881----pid-1
---ebpf-pid----2012----pid-1
---ebpf-pid----5707----pid-5707
---ebpf-pid----372881----pid-372881
---ebpf-pid----2012----pid-2012
---ebpf-pid----5707----pid-5476
---ebpf-pid----372881----pid-1
---ebpf-pid----2012----pid-1
---ebpf-pid----372881----pid-372881
---ebpf-pid----5707----pid-1
---ebpf-pid----372881----pid-372881
---ebpf-pid----5707----pid-5707
---ebpf-pid----372881----pid-1
---ebpf-pid----372881----pid-372881
---ebpf-pid----372881----pid-1
---ebpf-pid----5707----pid-5476
---ebpf-pid----372881----pid-372881
---ebpf-pid----372881----pid-1
---ebpf-pid----372881----pid-372881
---ebpf-pid----5707----pid-1
---ebpf-pid----5707----pid-5707
---ebpf-pid----372881----pid-1
---ebpf-pid----372881----pid-1
---ebpf-pid----372881----pid-372881
---ebpf-pid----372881----pid-372881
---ebpf-pid----5707----pid-5476
---ebpf-pid----372881----pid-1
---ebpf-pid----372881----pid-1
---ebpf-pid----372881----pid-372881
---ebpf-pid----372881----pid-372881
---ebpf-pid----5707----pid-1
---ebpf-pid----5707----pid-5707
---ebpf-pid----372881----pid-1
---ebpf-pid----372881----pid-1
---ebpf-pid----372881----pid-372881
---ebpf-pid----372881----pid-372881
---ebpf-pid----5707----pid-5476
---ebpf-pid----372881----pid-1
---ebpf-pid----372881----pid-1
---ebpf-pid----372881----pid-372881
---ebpf-pid----5707----pid-1
---ebpf-pid----372881----pid-372881
---ebpf-pid----5707----pid-5707
---ebpf-pid----372881----pid-1
---ebpf-pid----5707----pid-5476
---ebpf-pid----372881----pid-1
---ebpf-pid----372881----pid-372881
---ebpf-pid----372881----pid-372881
---ebpf-pid----5707----pid-1
---ebpf-pid----372881----pid-1
---ebpf-pid----5707----pid-5707
---ebpf-pid----372881----pid-1
---ebpf-pid----6671----pid-6671
---ebpf-pid----372881----pid-372881
---ebpf-pid----6671----pid-5476
---ebpf-pid----5707----pid-5476
---ebpf-pid----372881----pid-1
---ebpf-pid----372881----pid-372881
---ebpf-pid----6671----pid-1
---ebpf-pid----5707----pid-1
---ebpf-pid----6671----pid-6671
---ebpf-pid----5707----pid-5707
---ebpf-pid----372881----pid-1
---ebpf-pid----372881----pid-372881
---ebpf-pid----6671----pid-5476
---ebpf-pid----5707----pid-5476
---ebpf-pid----372881----pid-1
---ebpf-pid----6671----pid-1
---ebpf-pid----372881----pid-372881
---ebpf-pid----2089----pid-2089
---ebpf-pid----5707----pid-1
---ebpf-pid----372881----pid-1
---ebpf-pid----5707----pid-5707
---ebpf-pid----2089----pid-1
---ebpf-pid----372881----pid-372881
---ebpf-pid----2089----pid-2089
---ebpf-pid----5707----pid-5476
---ebpf-pid----372881----pid-1
---ebpf-pid----2089----pid-1
---ebpf-pid----372881----pid-372881
---ebpf-pid----5707----pid-1
---ebpf-pid----2089----pid-2089
---ebpf-pid----5707----pid-5707
---ebpf-pid----372881----pid-1
---ebpf-pid----2089----pid-1
---ebpf-pid----372881----pid-372881
---ebpf-pid----5707----pid-5476
---ebpf-pid----2089----pid-2089
---ebpf-pid----372881----pid-1
---ebpf-pid----5707----pid-1
---ebpf-pid----2089----pid-1
---ebpf-pid----372881----pid-372881
---ebpf-pid----2089----pid-2089
---ebpf-pid----5707----pid-5707
---ebpf-pid----372881----pid-1
---ebpf-pid----372881----pid-372881
---ebpf-pid----5707----pid-5476
---ebpf-pid----372881----pid-1
---ebpf-pid----372881----pid-372881
---ebpf-pid----2089----pid-1
---ebpf-pid----5707----pid-1
---ebpf-pid----2089----pid-2089
---ebpf-pid----5707----pid-5707
---ebpf-pid----372881----pid-1
---ebpf-pid----2089----pid-1
---ebpf-pid----372881----pid-372881
---ebpf-pid----2089----pid-2089
---ebpf-pid----5707----pid-5476
---ebpf-pid----372881----pid-1
---ebpf-pid----2089----pid-1
---ebpf-pid----372881----pid-372881
---ebpf-pid----5707----pid-1
---ebpf-pid----2089----pid-2089
---ebpf-pid----5707----pid-5707
---ebpf-pid----372881----pid-1
---ebpf-pid----2089----pid-1
---ebpf-pid----372881----pid-372881
---ebpf-pid----5707----pid-5476
---ebpf-pid----2089----pid-2089
---ebpf-pid----372881----pid-1
---ebpf-pid----2089----pid-1
---ebpf-pid----5707----pid-1
---ebpf-pid----2089----pid-2089
---ebpf-pid----372881----pid-372881
---ebpf-pid----5707----pid-5707
---ebpf-pid----2089----pid-1
---ebpf-pid----372881----pid-1
---ebpf-pid----372881----pid-372881
---ebpf-pid----5707----pid-5476
---ebpf-pid----2089----pid-2089
---ebpf-pid----372881----pid-1
---ebpf-pid----2089----pid-1
---ebpf-pid----372881----pid-372881
---ebpf-pid----2089----pid-2089
---ebpf-pid----372881----pid-1
---ebpf-pid----2089----pid-1
---ebpf-pid----372881----pid-372881
---ebpf-pid----2089----pid-2089
---ebpf-pid----372881----pid-1
---ebpf-pid----2089----pid-1
---ebpf-pid----372881----pid-372881
---ebpf-pid----2089----pid-2089
---ebpf-pid----372881----pid-1
---ebpf-pid----2089----pid-1
---ebpf-pid----2089----pid-2089
---ebpf-pid----372881----pid-372881
---ebpf-pid----372881----pid-1
---ebpf-pid----2089----pid-1
---ebpf-pid----2089----pid-2089
---ebpf-pid----372881----pid-372881
---ebpf-pid----372881----pid-1
---ebpf-pid----2089----pid-1
---ebpf-pid----372881----pid-372881
---ebpf-pid----2089----pid-2089
---ebpf-pid----372881----pid-1
---ebpf-pid----2089----pid-1
---ebpf-pid----372881----pid-372881
---ebpf-pid----2089----pid-2089
---ebpf-pid----2089----pid-1
---ebpf-pid----372881----pid-1
---ebpf-pid----2089----pid-2089
---ebpf-pid----372881----pid-372881
---ebpf-pid----2089----pid-1
---ebpf-pid----2089----pid-2089
---ebpf-pid----372881----pid-1
---ebpf-pid----372881----pid-372881
---ebpf-pid----2089----pid-1
---ebpf-pid----2089----pid-2089
---ebpf-pid----372881----pid-1
---ebpf-pid----372881----pid-372881
---ebpf-pid----2089----pid-1
---ebpf-pid----2089----pid-2089
---ebpf-pid----372881----pid-1
---ebpf-pid----372881----pid-372881
---ebpf-pid----2089----pid-1
---ebpf-pid----2089----pid-2089
---ebpf-pid----372881----pid-1
---ebpf-pid----372881----pid-372881
---ebpf-pid----2089----pid-1
---ebpf-pid----2089----pid-2089
---ebpf-pid----372881----pid-1
---ebpf-pid----372881----pid-372881
---ebpf-pid----2089----pid-1
---ebpf-pid----372881----pid-1
---ebpf-pid----2089----pid-2089
---ebpf-pid----372881----pid-372881
---ebpf-pid----2089----pid-1
---ebpf-pid----2089----pid-2089
---ebpf-pid----5707----pid-1
---ebpf-pid----372881----pid-1
---ebpf-pid----5707----pid-5707
---ebpf-pid----372881----pid-372881
---ebpf-pid----2089----pid-1
---ebpf-pid----2089----pid-2089
---ebpf-pid----372881----pid-1
---ebpf-pid----372881----pid-372881
---ebpf-pid----2089----pid-1
---ebpf-pid----2089----pid-2089
---ebpf-pid----372881----pid-1
---ebpf-pid----2089----pid-1
---ebpf-pid----5707----pid-5476
---ebpf-pid----372881----pid-372881
---ebpf-pid----2089----pid-2089
---ebpf-pid----5707----pid-1
---ebpf-pid----372881----pid-1
---ebpf-pid----2089----pid-1
---ebpf-pid----5707----pid-5707
---ebpf-pid----372881----pid-372881
---ebpf-pid----2089----pid-2089
---ebpf-pid----5707----pid-5476
---ebpf-pid----2089----pid-1
---ebpf-pid----2089----pid-2089
---ebpf-pid----5707----pid-1
---ebpf-pid----372881----pid-1
---ebpf-pid----2089----pid-1
---ebpf-pid----5707----pid-5707
---ebpf-pid----372881----pid-372881
---ebpf-pid----2089----pid-2089
---ebpf-pid----5707----pid-5476
---ebpf-pid----372881----pid-1
---ebpf-pid----372881----pid-372881
---ebpf-pid----5707----pid-1
---ebpf-pid----2089----pid-1
---ebpf-pid----5707----pid-5707
---ebpf-pid----372881----pid-1
---ebpf-pid----2089----pid-2089
---ebpf-pid----372881----pid-372881
---ebpf-pid----5707----pid-5476
---ebpf-pid----2089----pid-1
---ebpf-pid----2089----pid-2089
---ebpf-pid----5707----pid-1
---ebpf-pid----5707----pid-5707
---ebpf-pid----372881----pid-1
---ebpf-pid----2089----pid-1
---ebpf-pid----372881----pid-372881
---ebpf-pid----2089----pid-2089
---ebpf-pid----5707----pid-5476
---ebpf-pid----372881----pid-1
---ebpf-pid----2089----pid-1
---ebpf-pid----5707----pid-1
---ebpf-pid----372881----pid-372881
---ebpf-pid----2089----pid-2089
---ebpf-pid----5707----pid-5707
---ebpf-pid----372881----pid-1
---ebpf-pid----2089----pid-1
---ebpf-pid----5707----pid-5476
---ebpf-pid----372881----pid-372881
---ebpf-pid----2089----pid-2089
---ebpf-pid----5707----pid-1
---ebpf-pid----372881----pid-1
---ebpf-pid----2089----pid-1
---ebpf-pid----5707----pid-5707
---ebpf-pid----372881----pid-372881
---ebpf-pid----2089----pid-2089
---ebpf-pid----5707----pid-5476
---ebpf-pid----372881----pid-1
---ebpf-pid----2089----pid-1
---ebpf-pid----372881----pid-372881
---ebpf-pid----5707----pid-1
---ebpf-pid----5707----pid-5707
---ebpf-pid----372881----pid-1
---ebpf-pid----372881----pid-372881
---ebpf-pid----5707----pid-5476
---ebpf-pid----372881----pid-1
---ebpf-pid----5707----pid-1
---ebpf-pid----373029----pid-373029
---ebpf-pid----5707----pid-5707
---ebpf-pid----373029----pid-5476
---ebpf-pid----5707----pid-5476
---ebpf-pid----373029----pid-1
---ebpf-pid----373029----pid-373029
---ebpf-pid----5707----pid-1
---ebpf-pid----5707----pid-5707
---ebpf-pid----373029----pid-5476
---ebpf-pid----5707----pid-5476
---ebpf-pid----373029----pid-1
---ebpf-pid----373029----pid-373029
---ebpf-pid----5707----pid-1
---ebpf-pid----5707----pid-5707
---ebpf-pid----373029----pid-5476
---ebpf-pid----5707----pid-5476
---ebpf-pid----373029----pid-1
---ebpf-pid----373029----pid-373029
---ebpf-pid----373029----pid-5476
---ebpf-pid----373029----pid-1
---ebpf-pid----373029----pid-373029
---ebpf-pid----373029----pid-5476
---ebpf-pid----373029----pid-1
---ebpf-pid----2089----pid-2089
---ebpf-pid----2094----pid-2094
---ebpf-pid----2089----pid-1
---ebpf-pid----2094----pid-1
---ebpf-pid----2089----pid-2089
---ebpf-pid----2094----pid-2094
---ebpf-pid----2089----pid-1
---ebpf-pid----2094----pid-1
---ebpf-pid----2089----pid-2089
---ebpf-pid----6671----pid-6671
---ebpf-pid----2089----pid-1
---ebpf-pid----6671----pid-5476
---ebpf-pid----2089----pid-2089
---ebpf-pid----2089----pid-1
---ebpf-pid----6671----pid-1
---ebpf-pid----2089----pid-2089
---ebpf-pid----6671----pid-6671
---ebpf-pid----2089----pid-1
---ebpf-pid----2089----pid-2089
---ebpf-pid----6671----pid-5476
---ebpf-pid----2089----pid-1
---ebpf-pid----2089----pid-2089
---ebpf-pid----6671----pid-1
---ebpf-pid----2089----pid-1
---ebpf-pid----6671----pid-6671
---ebpf-pid----2089----pid-2089
---ebpf-pid----6671----pid-5476
---ebpf-pid----2089----pid-1
---ebpf-pid----2089----pid-2089
---ebpf-pid----6671----pid-1
---ebpf-pid----6671----pid-6671
---ebpf-pid----2089----pid-1
---ebpf-pid----2089----pid-2089
---ebpf-pid----6671----pid-5476
---ebpf-pid----2089----pid-1
---ebpf-pid----6671----pid-1
---ebpf-pid----2089----pid-2089
---ebpf-pid----2089----pid-1
---ebpf-pid----2089----pid-2089
---ebpf-pid----2089----pid-1
---ebpf-pid----2089----pid-2089
---ebpf-pid----2089----pid-1
---ebpf-pid----2089----pid-2089
---ebpf-pid----2089----pid-1
---ebpf-pid----2089----pid-2089
---ebpf-pid----2089----pid-1
---ebpf-pid----2089----pid-2089
---ebpf-pid----2089----pid-1
---ebpf-pid----5707----pid-1
---ebpf-pid----2089----pid-2089
---ebpf-pid----5707----pid-5707
---ebpf-pid----2089----pid-1
---ebpf-pid----2089----pid-2089
---ebpf-pid----2089----pid-1
---ebpf-pid----2089----pid-2089
---ebpf-pid----5707----pid-5476
---ebpf-pid----5707----pid-1
---ebpf-pid----5707----pid-5707
---ebpf-pid----5707----pid-5476
---ebpf-pid----5707----pid-1
---ebpf-pid----5707----pid-5707
---ebpf-pid----5707----pid-5476
---ebpf-pid----5707----pid-1
---ebpf-pid----5707----pid-5707
---ebpf-pid----5707----pid-5476
---ebpf-pid----5707----pid-1
---ebpf-pid----5707----pid-5707
---ebpf-pid----5707----pid-5476
---ebpf-pid----5707----pid-1
---ebpf-pid----5707----pid-5707
---ebpf-pid----5707----pid-5476
---ebpf-pid----5707----pid-1
---ebpf-pid----5707----pid-5707
---ebpf-pid----5707----pid-5476
---ebpf-pid----5707----pid-1
---ebpf-pid----5707----pid-5707
---ebpf-pid----5707----pid-5476
---ebpf-pid----2089----pid-1
---ebpf-pid----5707----pid-1
---ebpf-pid----2089----pid-2089
---ebpf-pid----5707----pid-5707
---ebpf-pid----5707----pid-5476
---ebpf-pid----2089----pid-1
---ebpf-pid----5707----pid-1
---ebpf-pid----2089----pid-2089
---ebpf-pid----5707----pid-5707
---ebpf-pid----2089----pid-1
---ebpf-pid----5707----pid-5476
---ebpf-pid----2089----pid-2089
---ebpf-pid----5707----pid-1
---ebpf-pid----5707----pid-5707
---ebpf-pid----5707----pid-5476
---ebpf-pid----2089----pid-1
---ebpf-pid----5707----pid-1
---ebpf-pid----2089----pid-2089
---ebpf-pid----5707----pid-5707
---ebpf-pid----2089----pid-1
---ebpf-pid----5707----pid-5476
---ebpf-pid----2089----pid-2089
---ebpf-pid----5707----pid-1
---ebpf-pid----2089----pid-1
---ebpf-pid----448785----pid-448785
---ebpf-pid----2089----pid-2089
---ebpf-pid----448785----pid-448520
---ebpf-pid----448785----pid-1
---ebpf-pid----2089----pid-1
---ebpf-pid----448785----pid-448785
---ebpf-pid----2089----pid-2089
---ebpf-pid----448785----pid-448520
---ebpf-pid----2089----pid-1
---ebpf-pid----2089----pid-2089
---ebpf-pid----448785----pid-1
---ebpf-pid----1856----pid-1856
---ebpf-pid----2089----pid-1
---ebpf-pid----2089----pid-2089
---ebpf-pid----1856----pid-1
---ebpf-pid----5707----pid-5707
---ebpf-pid----2089----pid-1
---ebpf-pid----2089----pid-2089
---ebpf-pid----5707----pid-5476
---ebpf-pid----2089----pid-1
---ebpf-pid----2089----pid-2089
---ebpf-pid----5707----pid-1
---ebpf-pid----5707----pid-5707
---ebpf-pid----2089----pid-1
---ebpf-pid----372881----pid-372881
---ebpf-pid----5707----pid-5476
---ebpf-pid----372881----pid-1
---ebpf-pid----372881----pid-372881
---ebpf-pid----5707----pid-1
---ebpf-pid----5707----pid-5707
---ebpf-pid----372881----pid-1
---ebpf-pid----372881----pid-372881
---ebpf-pid----5707----pid-5476
---ebpf-pid----372881----pid-1
---ebpf-pid----5707----pid-1
---ebpf-pid----372881----pid-372881
---ebpf-pid----5707----pid-5707
---ebpf-pid----372881----pid-1
---ebpf-pid----5707----pid-5476
---ebpf-pid----372881----pid-372881
---ebpf-pid----5707----pid-1
---ebpf-pid----372881----pid-1
---ebpf-pid----5707----pid-5707
---ebpf-pid----372881----pid-372881
---ebpf-pid----5707----pid-5476
---ebpf-pid----372881----pid-1
---ebpf-pid----372881----pid-372881
---ebpf-pid----5707----pid-1
---ebpf-pid----5707----pid-5707
---ebpf-pid----372881----pid-1
---ebpf-pid----372881----pid-372881
---ebpf-pid----5707----pid-5476
---ebpf-pid----5707----pid-1
---ebpf-pid----2088----pid-2088
---ebpf-pid----372881----pid-1
---ebpf-pid----2088----pid-1
---ebpf-pid----372881----pid-372881
---ebpf-pid----7312----pid-7312
---ebpf-pid----372881----pid-1
---ebpf-pid----7312----pid-1
---ebpf-pid----372881----pid-372881
---ebpf-pid----6671----pid-6671
---ebpf-pid----372881----pid-1
---ebpf-pid----6671----pid-5476
---ebpf-pid----372881----pid-372881
---ebpf-pid----6671----pid-1
---ebpf-pid----6671----pid-6671
---ebpf-pid----372881----pid-1
---ebpf-pid----372881----pid-372881
---ebpf-pid----6671----pid-5476
---ebpf-pid----372881----pid-1
---ebpf-pid----6671----pid-1
---ebpf-pid----5707----pid-5707
---ebpf-pid----372881----pid-372881
---ebpf-pid----5707----pid-5476
---ebpf-pid----372881----pid-1
---ebpf-pid----372881----pid-372881
---ebpf-pid----5707----pid-1
---ebpf-pid----372881----pid-1
---ebpf-pid----5707----pid-5707
---ebpf-pid----372881----pid-372881
---ebpf-pid----5707----pid-5476
---ebpf-pid----372881----pid-1
---ebpf-pid----372881----pid-372881
---ebpf-pid----5707----pid-1
---ebpf-pid----5707----pid-5707
---ebpf-pid----372881----pid-1
---ebpf-pid----5707----pid-5476
---ebpf-pid----5707----pid-1
---ebpf-pid----5705----pid-5705
---ebpf-pid----372881----pid-372881
---ebpf-pid----5705----pid-5476
---ebpf-pid----372881----pid-1
---ebpf-pid----372881----pid-372881
---ebpf-pid----5705----pid-1
---ebpf-pid----5705----pid-5705
---ebpf-pid----372881----pid-1
---ebpf-pid----2094----pid-2094
---ebpf-pid----5705----pid-5476
---ebpf-pid----2094----pid-1
---ebpf-pid----2094----pid-2094
---ebpf-pid----5705----pid-1
---ebpf-pid----5705----pid-5705
---ebpf-pid----2094----pid-1
---ebpf-pid----2094----pid-2094
---ebpf-pid----5705----pid-5476
---ebpf-pid----2094----pid-1
---ebpf-pid----5705----pid-1
---ebpf-pid----2094----pid-2094
---ebpf-pid----6671----pid-6671
---ebpf-pid----2094----pid-1
---ebpf-pid----6671----pid-5476
---ebpf-pid----2094----pid-2094
---ebpf-pid----6671----pid-1
---ebpf-pid----6671----pid-6671
---ebpf-pid----2094----pid-1
---ebpf-pid----2094----pid-2094
---ebpf-pid----6671----pid-5476
---ebpf-pid----2094----pid-1
---ebpf-pid----2094----pid-2094
---ebpf-pid----6671----pid-1
---ebpf-pid----6671----pid-6671
---ebpf-pid----2094----pid-1
---ebpf-pid----2094----pid-2094
---ebpf-pid----6671----pid-5476
---ebpf-pid----2094----pid-1
---ebpf-pid----6671----pid-1
---ebpf-pid----6671----pid-6671
---ebpf-pid----2094----pid-2094
---ebpf-pid----6671----pid-5476
---ebpf-pid----2094----pid-1
---ebpf-pid----6671----pid-1
---ebpf-pid----6671----pid-6671
---ebpf-pid----2094----pid-2094
---ebpf-pid----6671----pid-5476
---ebpf-pid----2094----pid-1
---ebpf-pid----2094----pid-2094
---ebpf-pid----6671----pid-1
---ebpf-pid----6671----pid-6671
---ebpf-pid----2094----pid-1
---ebpf-pid----2094----pid-2094
---ebpf-pid----6671----pid-5476
---ebpf-pid----2094----pid-1
---ebpf-pid----2094----pid-2094
---ebpf-pid----6671----pid-1
---ebpf-pid----6671----pid-6671
---ebpf-pid----2094----pid-1
---ebpf-pid----6671----pid-5476
---ebpf-pid----2094----pid-2094
---ebpf-pid----6671----pid-1
---ebpf-pid----6671----pid-6671
---ebpf-pid----2094----pid-1
---ebpf-pid----6671----pid-5476
---ebpf-pid----2094----pid-2094
---ebpf-pid----6671----pid-1
---ebpf-pid----6671----pid-6671
---ebpf-pid----6671----pid-5476
---ebpf-pid----6671----pid-1
---ebpf-pid----2089----pid-2089
---ebpf-pid----2089----pid-1
---ebpf-pid----2089----pid-2089
---ebpf-pid----2089----pid-1
---ebpf-pid----2089----pid-2089
---ebpf-pid----2089----pid-1
---ebpf-pid----2094----pid-1
---ebpf-pid----2089----pid-2089
---ebpf-pid----2094----pid-2094
---ebpf-pid----2094----pid-1
---ebpf-pid----2089----pid-1
---ebpf-pid----2094----pid-2094
---ebpf-pid----2089----pid-2089
---ebpf-pid----2094----pid-1
---ebpf-pid----2089----pid-1
---ebpf-pid----2089----pid-2089
---ebpf-pid----2094----pid-2094
---ebpf-pid----2089----pid-1
---ebpf-pid----2094----pid-1
---ebpf-pid----2089----pid-2089
---ebpf-pid----2094----pid-2094
---ebpf-pid----2089----pid-1
---ebpf-pid----2094----pid-1
---ebpf-pid----2089----pid-2089
---ebpf-pid----2094----pid-2094
---ebpf-pid----2089----pid-1
---ebpf-pid----2094----pid-1
---ebpf-pid----2089----pid-2089
---ebpf-pid----2094----pid-2094
---ebpf-pid----2089----pid-1
---ebpf-pid----2089----pid-2089
---ebpf-pid----2094----pid-1
---ebpf-pid----2094----pid-2094
---ebpf-pid----2089----pid-1
---ebpf-pid----2089----pid-2089
---ebpf-pid----2094----pid-1
---ebpf-pid----2094----pid-2094
---ebpf-pid----2089----pid-1
---ebpf-pid----2089----pid-2089
---ebpf-pid----2089----pid-1
---ebpf-pid----2089----pid-2089
---ebpf-pid----2094----pid-1
---ebpf-pid----2094----pid-2094
---ebpf-pid----2089----pid-1
---ebpf-pid----2089----pid-2089
---ebpf-pid----2094----pid-1
---ebpf-pid----2094----pid-2094
---ebpf-pid----2089----pid-1
---ebpf-pid----2089----pid-2089
---ebpf-pid----2094----pid-1
---ebpf-pid----2094----pid-2094
---ebpf-pid----2089----pid-1
---ebpf-pid----2089----pid-2089
---ebpf-pid----2094----pid-1
---ebpf-pid----5705----pid-5705
---ebpf-pid----2089----pid-1
---ebpf-pid----2089----pid-2089
---ebpf-pid----5705----pid-5476
---ebpf-pid----2089----pid-1
---ebpf-pid----5705----pid-1
---ebpf-pid----2089----pid-2089
---ebpf-pid----2094----pid-2094
---ebpf-pid----2089----pid-1
---ebpf-pid----2089----pid-2089
---ebpf-pid----2094----pid-1
---ebpf-pid----2094----pid-2094
---ebpf-pid----2089----pid-1
---ebpf-pid----2089----pid-2089
---ebpf-pid----2094----pid-1
---ebpf-pid----2094----pid-2094
---ebpf-pid----2089----pid-1
---ebpf-pid----7312----pid-7312
---ebpf-pid----2094----pid-1
---ebpf-pid----2094----pid-2094
---ebpf-pid----7312----pid-1
---ebpf-pid----1856----pid-1856
---ebpf-pid----2094----pid-1
---ebpf-pid----2094----pid-2094
---ebpf-pid----1856----pid-1
---ebpf-pid----7312----pid-7312
---ebpf-pid----7312----pid-1
---ebpf-pid----1856----pid-1856
---ebpf-pid----2094----pid-1
---ebpf-pid----2094----pid-2094
---ebpf-pid----1856----pid-1
---ebpf-pid----1856----pid-1856
---ebpf-pid----2094----pid-1
---ebpf-pid----2094----pid-2094
---ebpf-pid----1856----pid-1
---ebpf-pid----5638----pid-5638
---ebpf-pid----2094----pid-1
---ebpf-pid----2094----pid-2094
---ebpf-pid----5638----pid-1
---ebpf-pid----5638----pid-5638
---ebpf-pid----2094----pid-1
---ebpf-pid----2094----pid-2094
---ebpf-pid----5638----pid-1
---ebpf-pid----2094----pid-1
---ebpf-pid----5638----pid-5638
---ebpf-pid----5705----pid-5705
---ebpf-pid----5638----pid-1
---ebpf-pid----1856----pid-1856
---ebpf-pid----5705----pid-5476
Failed to get process information for PID 0
---ebpf-pid----1856----pid-1
---ebpf-pid----5705----pid-1
---ebpf-pid----7313----pid-7313
---ebpf-pid----5705----pid-5705
---ebpf-pid----7313----pid-1
---ebpf-pid----5705----pid-5705
---ebpf-pid----5705----pid-5476
---ebpf-pid----5705----pid-5476
---ebpf-pid----5705----pid-1
---ebpf-pid----5705----pid-1
---ebpf-pid----5705----pid-5705
---ebpf-pid----5705----pid-5705
---ebpf-pid----5705----pid-5476
---ebpf-pid----5705----pid-5476
---ebpf-pid----5705----pid-1
---ebpf-pid----372881----pid-372881
---ebpf-pid----5705----pid-1
---ebpf-pid----5705----pid-5705
---ebpf-pid----372881----pid-1
---ebpf-pid----372881----pid-372881
---ebpf-pid----372881----pid-1
---ebpf-pid----372881----pid-372881
---ebpf-pid----5705----pid-5476
---ebpf-pid----372881----pid-1
---ebpf-pid----5705----pid-1
---ebpf-pid----372881----pid-372881
---ebpf-pid----5705----pid-5705
---ebpf-pid----372881----pid-1
---ebpf-pid----5705----pid-5476
---ebpf-pid----372881----pid-372881
---ebpf-pid----5705----pid-1
---ebpf-pid----372881----pid-1
---ebpf-pid----5705----pid-5705
---ebpf-pid----372881----pid-372881
---ebpf-pid----372881----pid-1
---ebpf-pid----372881----pid-372881
---ebpf-pid----372881----pid-1
---ebpf-pid----372881----pid-372881
---ebpf-pid----5705----pid-5476
---ebpf-pid----372881----pid-1
---ebpf-pid----5705----pid-1
---ebpf-pid----372881----pid-372881
---ebpf-pid----5705----pid-5705
---ebpf-pid----372881----pid-1
---ebpf-pid----5705----pid-5476
---ebpf-pid----372881----pid-372881
---ebpf-pid----5705----pid-1
---ebpf-pid----372881----pid-1
---ebpf-pid----5705----pid-5705
---ebpf-pid----372881----pid-372881
---ebpf-pid----5705----pid-5476
---ebpf-pid----372881----pid-1
---ebpf-pid----372881----pid-372881
---ebpf-pid----5705----pid-1
---ebpf-pid----5705----pid-5705
---ebpf-pid----372881----pid-1
---ebpf-pid----372881----pid-372881
---ebpf-pid----5705----pid-5476
---ebpf-pid----372881----pid-1
---ebpf-pid----372881----pid-372881
---ebpf-pid----5705----pid-1
---ebpf-pid----2088----pid-2088
---ebpf-pid----372881----pid-1
---ebpf-pid----372881----pid-372881
---ebpf-pid----2088----pid-1
---ebpf-pid----2088----pid-2088
---ebpf-pid----372881----pid-1
---ebpf-pid----372881----pid-372881
---ebpf-pid----2088----pid-1
---ebpf-pid----2088----pid-2088
---ebpf-pid----372881----pid-1
---ebpf-pid----372881----pid-372881
---ebpf-pid----2088----pid-1
---ebpf-pid----2088----pid-2088
---ebpf-pid----372881----pid-1
---ebpf-pid----372881----pid-372881
---ebpf-pid----2088----pid-1
---ebpf-pid----2088----pid-2088
---ebpf-pid----372881----pid-1
---ebpf-pid----372881----pid-372881
---ebpf-pid----2088----pid-1
---ebpf-pid----2088----pid-2088
---ebpf-pid----372881----pid-1
---ebpf-pid----2088----pid-1
---ebpf-pid----372881----pid-372881
---ebpf-pid----2088----pid-2088
---ebpf-pid----372881----pid-1
---ebpf-pid----2088----pid-1
---ebpf-pid----372881----pid-372881
---ebpf-pid----2088----pid-2088
---ebpf-pid----372881----pid-1
---ebpf-pid----2088----pid-1
---ebpf-pid----372881----pid-372881
---ebpf-pid----2088----pid-2088
---ebpf-pid----372881----pid-1
---ebpf-pid----2088----pid-1
---ebpf-pid----2088----pid-2088
---ebpf-pid----372881----pid-372881
---ebpf-pid----2088----pid-1
---ebpf-pid----372881----pid-1
---ebpf-pid----2088----pid-2088
---ebpf-pid----372881----pid-372881
---ebpf-pid----2088----pid-1
---ebpf-pid----372881----pid-1
---ebpf-pid----2088----pid-2088
---ebpf-pid----372881----pid-372881
---ebpf-pid----2088----pid-1
---ebpf-pid----372881----pid-1
---ebpf-pid----2088----pid-2088
---ebpf-pid----372881----pid-372881
---ebpf-pid----2088----pid-1
---ebpf-pid----372881----pid-1
---ebpf-pid----2088----pid-2088
---ebpf-pid----372881----pid-372881
---ebpf-pid----2088----pid-1
---ebpf-pid----372881----pid-1
---ebpf-pid----2088----pid-2088
---ebpf-pid----372881----pid-372881
---ebpf-pid----2088----pid-1
---ebpf-pid----372881----pid-1
---ebpf-pid----2088----pid-2088
---ebpf-pid----372881----pid-372881
---ebpf-pid----2088----pid-1
---ebpf-pid----372881----pid-1
---ebpf-pid----2088----pid-2088
---ebpf-pid----2088----pid-1
---ebpf-pid----2088----pid-2088
---ebpf-pid----372881----pid-372881
---ebpf-pid----2088----pid-1
---ebpf-pid----372881----pid-1
---ebpf-pid----2088----pid-2088
---ebpf-pid----372881----pid-372881
---ebpf-pid----2088----pid-1
---ebpf-pid----372881----pid-1
---ebpf-pid----2088----pid-2088
---ebpf-pid----372881----pid-372881
---ebpf-pid----372881----pid-1
---ebpf-pid----2088----pid-1
---ebpf-pid----372881----pid-372881
---ebpf-pid----372881----pid-1
---ebpf-pid----2088----pid-2088
---ebpf-pid----372881----pid-372881
---ebpf-pid----2088----pid-1
---ebpf-pid----2088----pid-2088
---ebpf-pid----372881----pid-1
---ebpf-pid----2088----pid-1
---ebpf-pid----372881----pid-372881
---ebpf-pid----2088----pid-2088
---ebpf-pid----372881----pid-1
---ebpf-pid----2088----pid-1
---ebpf-pid----372881----pid-372881
---ebpf-pid----2088----pid-2088
---ebpf-pid----372881----pid-1
---ebpf-pid----2088----pid-1
---ebpf-pid----372881----pid-372881
---ebpf-pid----2088----pid-2088
---ebpf-pid----372881----pid-1
---ebpf-pid----2088----pid-1
---ebpf-pid----372881----pid-372881
---ebpf-pid----2088----pid-2088
---ebpf-pid----2088----pid-1
---ebpf-pid----2088----pid-2088
---ebpf-pid----372881----pid-1
---ebpf-pid----372881----pid-372881
---ebpf-pid----372881----pid-1
---ebpf-pid----372881----pid-372881
---ebpf-pid----372881----pid-1
---ebpf-pid----2088----pid-1
---ebpf-pid----372881----pid-372881
---ebpf-pid----2088----pid-2088
---ebpf-pid----2088----pid-1
---ebpf-pid----372881----pid-1
---ebpf-pid----2088----pid-2088
---ebpf-pid----372881----pid-372881
---ebpf-pid----2088----pid-1
---ebpf-pid----372881----pid-1
---ebpf-pid----2088----pid-2088
---ebpf-pid----372881----pid-372881
---ebpf-pid----2088----pid-1
---ebpf-pid----2088----pid-2088
---ebpf-pid----372881----pid-1
---ebpf-pid----372881----pid-372881
---ebpf-pid----2088----pid-1
---ebpf-pid----372881----pid-1
---ebpf-pid----2088----pid-2088
---ebpf-pid----372881----pid-372881
---ebpf-pid----2088----pid-1
---ebpf-pid----372881----pid-1
---ebpf-pid----2088----pid-2088
---ebpf-pid----372881----pid-372881
---ebpf-pid----2088----pid-1
---ebpf-pid----2088----pid-2088
---ebpf-pid----372881----pid-1
---ebpf-pid----372881----pid-372881
---ebpf-pid----2088----pid-1
---ebpf-pid----2088----pid-2088
---ebpf-pid----372881----pid-1
---ebpf-pid----372881----pid-372881
---ebpf-pid----2088----pid-1
---ebpf-pid----2088----pid-2088
---ebpf-pid----372881----pid-1
---ebpf-pid----372881----pid-372881
---ebpf-pid----2088----pid-1
---ebpf-pid----2088----pid-2088
---ebpf-pid----372881----pid-1
---ebpf-pid----372881----pid-372881
---ebpf-pid----2088----pid-1
---ebpf-pid----2088----pid-2088
---ebpf-pid----372881----pid-1
---ebpf-pid----372881----pid-372881
---ebpf-pid----2088----pid-1
---ebpf-pid----2088----pid-2088
---ebpf-pid----372881----pid-1
---ebpf-pid----372881----pid-372881
---ebpf-pid----2088----pid-1
---ebpf-pid----2088----pid-2088
---ebpf-pid----372881----pid-1
---ebpf-pid----448546----pid-448546
---ebpf-pid----448546----pid-1
---ebpf-pid----2089----pid-2089
---ebpf-pid----2089----pid-1
---ebpf-pid----2089----pid-2089
---ebpf-pid----2089----pid-1
---ebpf-pid----2089----pid-2089
---ebpf-pid----2089----pid-1
---ebpf-pid----2089----pid-2089
---ebpf-pid----2089----pid-1
---ebpf-pid----2089----pid-2089
---ebpf-pid----2089----pid-1
---ebpf-pid----2089----pid-2089
---ebpf-pid----2089----pid-1
---ebpf-pid----2089----pid-2089
---ebpf-pid----2089----pid-1
---ebpf-pid----2089----pid-2089
---ebpf-pid----2089----pid-1
---ebpf-pid----2089----pid-2089
---ebpf-pid----2089----pid-1
---ebpf-pid----2089----pid-2089
---ebpf-pid----2089----pid-1
---ebpf-pid----2089----pid-2089
---ebpf-pid----2089----pid-1
---ebpf-pid----2089----pid-2089
---ebpf-pid----2089----pid-1
---ebpf-pid----2088----pid-1
---ebpf-pid----2089----pid-2089
---ebpf-pid----2088----pid-2088
---ebpf-pid----2089----pid-1
---ebpf-pid----2088----pid-1
---ebpf-pid----2089----pid-2089
---ebpf-pid----2088----pid-2088
---ebpf-pid----2089----pid-1
---ebpf-pid----2088----pid-1
---ebpf-pid----2089----pid-2089
---ebpf-pid----2088----pid-2088
---ebpf-pid----2089----pid-1
---ebpf-pid----2088----pid-1
---ebpf-pid----2089----pid-2089
---ebpf-pid----2088----pid-2088
---ebpf-pid----2089----pid-1
---ebpf-pid----2088----pid-1
---ebpf-pid----2089----pid-2089
---ebpf-pid----2088----pid-2088
---ebpf-pid----2089----pid-1
---ebpf-pid----2088----pid-1
---ebpf-pid----2089----pid-2089
---ebpf-pid----2088----pid-2088
---ebpf-pid----2088----pid-1
---ebpf-pid----2089----pid-1
---ebpf-pid----2089----pid-2089
---ebpf-pid----2089----pid-1
---ebpf-pid----2089----pid-2089
---ebpf-pid----2089----pid-1
---ebpf-pid----2089----pid-2089
---ebpf-pid----2089----pid-1
---ebpf-pid----2089----pid-2089
---ebpf-pid----2089----pid-1
---ebpf-pid----2088----pid-2088
---ebpf-pid----2088----pid-1
---ebpf-pid----2088----pid-2088
---ebpf-pid----2089----pid-2089
---ebpf-pid----2088----pid-1
---ebpf-pid----2089----pid-1
---ebpf-pid----2089----pid-2089
---ebpf-pid----2089----pid-1
---ebpf-pid----2089----pid-2089
---ebpf-pid----2089----pid-1
---ebpf-pid----2089----pid-2089
---ebpf-pid----2088----pid-2088
---ebpf-pid----2088----pid-1
---ebpf-pid----2089----pid-1
---ebpf-pid----2089----pid-2089
---ebpf-pid----2088----pid-2088
---ebpf-pid----2089----pid-1
---ebpf-pid----2089----pid-2089
---ebpf-pid----2088----pid-1
---ebpf-pid----372881----pid-372881
---ebpf-pid----2089----pid-1
---ebpf-pid----2089----pid-2089
---ebpf-pid----372881----pid-1
---ebpf-pid----372881----pid-372881
---ebpf-pid----2089----pid-1
---ebpf-pid----2089----pid-2089
---ebpf-pid----372881----pid-1
---ebpf-pid----2089----pid-1
---ebpf-pid----2089----pid-2089
---ebpf-pid----2089----pid-1
---ebpf-pid----2089----pid-2089
---ebpf-pid----2089----pid-1
---ebpf-pid----372881----pid-372881
---ebpf-pid----2089----pid-2089
---ebpf-pid----372881----pid-1
---ebpf-pid----2089----pid-1
---ebpf-pid----372881----pid-372881
---ebpf-pid----2089----pid-2089
---ebpf-pid----372881----pid-1
---ebpf-pid----372881----pid-372881
---ebpf-pid----372881----pid-1
---ebpf-pid----372881----pid-372881
---ebpf-pid----2089----pid-1
---ebpf-pid----372881----pid-1
---ebpf-pid----2089----pid-2089
---ebpf-pid----372881----pid-372881
---ebpf-pid----372881----pid-1
---ebpf-pid----372881----pid-372881
---ebpf-pid----2089----pid-1
---ebpf-pid----2089----pid-2089
---ebpf-pid----372881----pid-1
---ebpf-pid----372881----pid-372881
---ebpf-pid----2089----pid-1
---ebpf-pid----2089----pid-2089
---ebpf-pid----372881----pid-1
---ebpf-pid----372881----pid-372881
---ebpf-pid----2089----pid-1
---ebpf-pid----2089----pid-2089
---ebpf-pid----372881----pid-1
---ebpf-pid----372881----pid-372881
---ebpf-pid----2089----pid-1
---ebpf-pid----372881----pid-1
---ebpf-pid----372881----pid-372881
---ebpf-pid----2089----pid-2089
---ebpf-pid----372881----pid-1
---ebpf-pid----2089----pid-1
---ebpf-pid----372881----pid-372881
---ebpf-pid----2089----pid-2089
---ebpf-pid----372881----pid-1
---ebpf-pid----2089----pid-1
---ebpf-pid----372881----pid-372881
---ebpf-pid----2089----pid-2089
---ebpf-pid----2089----pid-1
---ebpf-pid----2089----pid-2089
---ebpf-pid----2089----pid-1
---ebpf-pid----2089----pid-2089
---ebpf-pid----2089----pid-1
---ebpf-pid----2089----pid-2089
---ebpf-pid----2089----pid-1
---ebpf-pid----2089----pid-2089
---ebpf-pid----2089----pid-1
---ebpf-pid----2089----pid-2089
---ebpf-pid----372881----pid-1
---ebpf-pid----372881----pid-372881
---ebpf-pid----2089----pid-1
---ebpf-pid----372881----pid-1
---ebpf-pid----2089----pid-2089
---ebpf-pid----372881----pid-372881
---ebpf-pid----2089----pid-1
---ebpf-pid----372881----pid-1
---ebpf-pid----2089----pid-2089
---ebpf-pid----372881----pid-372881
---ebpf-pid----2089----pid-1
---ebpf-pid----372881----pid-1
---ebpf-pid----2089----pid-2089
---ebpf-pid----372881----pid-372881
---ebpf-pid----2089----pid-1
---ebpf-pid----372881----pid-1
---ebpf-pid----2089----pid-2089
---ebpf-pid----372881----pid-372881
---ebpf-pid----2089----pid-1
---ebpf-pid----372881----pid-1
---ebpf-pid----372881----pid-372881
---ebpf-pid----2089----pid-2089
---ebpf-pid----372881----pid-1
---ebpf-pid----372881----pid-372881
---ebpf-pid----2089----pid-1
---ebpf-pid----2089----pid-2089
---ebpf-pid----2089----pid-1
---ebpf-pid----7312----pid-7312
---ebpf-pid----7312----pid-1
---ebpf-pid----7312----pid-7312
---ebpf-pid----7312----pid-1
---ebpf-pid----2089----pid-2089
---ebpf-pid----2089----pid-1
---ebpf-pid----372881----pid-1
---ebpf-pid----2089----pid-2089
---ebpf-pid----372881----pid-372881
---ebpf-pid----372881----pid-1
---ebpf-pid----372881----pid-372881
---ebpf-pid----372881----pid-1
---ebpf-pid----2089----pid-1
---ebpf-pid----372881----pid-372881
---ebpf-pid----2089----pid-2089
---ebpf-pid----2089----pid-1
---ebpf-pid----372881----pid-1
---ebpf-pid----2089----pid-2089
---ebpf-pid----372881----pid-372881
---ebpf-pid----2089----pid-1
---ebpf-pid----372881----pid-1
---ebpf-pid----2089----pid-2089
---ebpf-pid----372881----pid-372881
---ebpf-pid----2089----pid-1
---ebpf-pid----372881----pid-1
---ebpf-pid----2089----pid-2089
---ebpf-pid----372881----pid-372881
---ebpf-pid----2089----pid-1
---ebpf-pid----372881----pid-1
---ebpf-pid----2089----pid-2089
---ebpf-pid----372881----pid-372881
---ebpf-pid----2089----pid-1
---ebpf-pid----372881----pid-1
---ebpf-pid----5705----pid-5705
---ebpf-pid----372881----pid-372881
---ebpf-pid----5705----pid-5476
---ebpf-pid----372881----pid-1
---ebpf-pid----372881----pid-372881
---ebpf-pid----372881----pid-1
---ebpf-pid----5705----pid-1
---ebpf-pid----372881----pid-372881
---ebpf-pid----5705----pid-5705
---ebpf-pid----5705----pid-5476
---ebpf-pid----372881----pid-1
---ebpf-pid----372881----pid-372881
---ebpf-pid----5705----pid-1
---ebpf-pid----5705----pid-5705
---ebpf-pid----372881----pid-1
---ebpf-pid----372881----pid-372881
---ebpf-pid----5705----pid-5476
---ebpf-pid----372881----pid-1
---ebpf-pid----372881----pid-372881
---ebpf-pid----5705----pid-1
---ebpf-pid----5705----pid-5705
---ebpf-pid----5705----pid-5476
---ebpf-pid----5705----pid-1
---ebpf-pid----5705----pid-5705
---ebpf-pid----5705----pid-5476
---ebpf-pid----5705----pid-1
---ebpf-pid----5705----pid-5705
---ebpf-pid----372881----pid-1
---ebpf-pid----5705----pid-5476
---ebpf-pid----5705----pid-1
---ebpf-pid----5705----pid-5705
---ebpf-pid----5705----pid-5476
---ebpf-pid----5705----pid-1
---ebpf-pid----5705----pid-5705
---ebpf-pid----5705----pid-5476
---ebpf-pid----5705----pid-1
---ebpf-pid----5705----pid-5705
---ebpf-pid----5705----pid-5476
---ebpf-pid----5705----pid-1
---ebpf-pid----5705----pid-5705
---ebpf-pid----5705----pid-5476
---ebpf-pid----5705----pid-1
---ebpf-pid----5705----pid-5705
---ebpf-pid----5705----pid-5476
---ebpf-pid----5705----pid-1
---ebpf-pid----5705----pid-5705
---ebpf-pid----5705----pid-5476
---ebpf-pid----5705----pid-1
---ebpf-pid----5705----pid-5705
---ebpf-pid----5705----pid-5476
---ebpf-pid----5705----pid-1
---ebpf-pid----5705----pid-5705
---ebpf-pid----5705----pid-5476
---ebpf-pid----5705----pid-1
---ebpf-pid----5705----pid-5705
---ebpf-pid----5705----pid-5476
---ebpf-pid----5705----pid-1
---ebpf-pid----5705----pid-5705
---ebpf-pid----5705----pid-5476
---ebpf-pid----5705----pid-1
---ebpf-pid----5705----pid-5705
---ebpf-pid----372881----pid-372881
---ebpf-pid----5705----pid-5476
---ebpf-pid----5705----pid-1
---ebpf-pid----372881----pid-1
---ebpf-pid----5705----pid-5705
---ebpf-pid----372881----pid-372881
---ebpf-pid----5705----pid-5476
---ebpf-pid----372881----pid-1
---ebpf-pid----5705----pid-1
---ebpf-pid----5705----pid-5705
---ebpf-pid----372881----pid-372881
---ebpf-pid----5705----pid-5476
---ebpf-pid----372881----pid-1
---ebpf-pid----5705----pid-1
---ebpf-pid----372881----pid-372881
---ebpf-pid----5705----pid-5705
---ebpf-pid----5705----pid-5476
---ebpf-pid----372881----pid-1
---ebpf-pid----372881----pid-372881
---ebpf-pid----5705----pid-1
---ebpf-pid----5705----pid-5705
---ebpf-pid----372881----pid-1
---ebpf-pid----372881----pid-372881
---ebpf-pid----5705----pid-5476
---ebpf-pid----372881----pid-1
---ebpf-pid----5705----pid-1
---ebpf-pid----2012----pid-2012
---ebpf-pid----5705----pid-5705
---ebpf-pid----5705----pid-5476
---ebpf-pid----2012----pid-1
---ebpf-pid----2012----pid-2012
---ebpf-pid----5705----pid-1
---ebpf-pid----5705----pid-5705
---ebpf-pid----2012----pid-1
---ebpf-pid----2012----pid-2012
---ebpf-pid----2012----pid-1
---ebpf-pid----2012----pid-2012
---ebpf-pid----2012----pid-1
---ebpf-pid----2012----pid-2012
---ebpf-pid----2012----pid-1
---ebpf-pid----2012----pid-2012
---ebpf-pid----2012----pid-1
---ebpf-pid----2012----pid-2012
---ebpf-pid----2012----pid-1
---ebpf-pid----2012----pid-2012
---ebpf-pid----2012----pid-1
---ebpf-pid----2012----pid-2012
---ebpf-pid----2012----pid-1
---ebpf-pid----2012----pid-2012
---ebpf-pid----2012----pid-1
---ebpf-pid----5705----pid-5476
---ebpf-pid----5707----pid-5707
---ebpf-pid----5705----pid-1
---ebpf-pid----5707----pid-5476
---ebpf-pid----5705----pid-5705
---ebpf-pid----5707----pid-1
---ebpf-pid----5705----pid-5476
---ebpf-pid----5707----pid-5707
---ebpf-pid----5705----pid-1
---ebpf-pid----5705----pid-5705
---ebpf-pid----5707----pid-5476
---ebpf-pid----5705----pid-5476
---ebpf-pid----5707----pid-1
---ebpf-pid----5707----pid-5707
---ebpf-pid----5705----pid-1
---ebpf-pid----5705----pid-5705
---ebpf-pid----5707----pid-5476
---ebpf-pid----5705----pid-5476
---ebpf-pid----5707----pid-1
---ebpf-pid----5707----pid-5707
---ebpf-pid----5705----pid-1
---ebpf-pid----5707----pid-5476
---ebpf-pid----5705----pid-5705
---ebpf-pid----5707----pid-1
---ebpf-pid----5705----pid-5476
---ebpf-pid----5707----pid-5707
---ebpf-pid----5705----pid-1
---ebpf-pid----5705----pid-5705
---ebpf-pid----5707----pid-5476
---ebpf-pid----5705----pid-5476
---ebpf-pid----5707----pid-1
---ebpf-pid----5707----pid-5707
---ebpf-pid----5705----pid-1
---ebpf-pid----5705----pid-5705
---ebpf-pid----5707----pid-5476
---ebpf-pid----5705----pid-5476
---ebpf-pid----5707----pid-1
---ebpf-pid----5707----pid-5707
---ebpf-pid----5705----pid-1
---ebpf-pid----5705----pid-5705
---ebpf-pid----5707----pid-5476
---ebpf-pid----5705----pid-5476
---ebpf-pid----5707----pid-1
---ebpf-pid----5705----pid-1
---ebpf-pid----5707----pid-5707
---ebpf-pid----5705----pid-5705
---ebpf-pid----5705----pid-5476
---ebpf-pid----5707----pid-5476
---ebpf-pid----5705----pid-1
---ebpf-pid----5707----pid-1
---ebpf-pid----5705----pid-5705
---ebpf-pid----5707----pid-5707
---ebpf-pid----5705----pid-5476
---ebpf-pid----5707----pid-5476
---ebpf-pid----5705----pid-1
---ebpf-pid----5705----pid-5705
---ebpf-pid----5707----pid-1
---ebpf-pid----5707----pid-5707
---ebpf-pid----5705----pid-5476
---ebpf-pid----5707----pid-5476
---ebpf-pid----5705----pid-1
---ebpf-pid----5705----pid-5705
---ebpf-pid----5707----pid-1
---ebpf-pid----5705----pid-5476
---ebpf-pid----5707----pid-5707
---ebpf-pid----5705----pid-1
---ebpf-pid----5707----pid-5476
---ebpf-pid----5705----pid-5705
---ebpf-pid----5705----pid-5476
---ebpf-pid----5707----pid-1
---ebpf-pid----5707----pid-5707
---ebpf-pid----5705----pid-1
---ebpf-pid----5705----pid-5705
---ebpf-pid----5707----pid-5476
---ebpf-pid----5705----pid-5476
---ebpf-pid----5707----pid-1
---ebpf-pid----5705----pid-1
---ebpf-pid----5707----pid-5707
---ebpf-pid----5705----pid-5705
---ebpf-pid----5707----pid-5476
---ebpf-pid----5705----pid-5476
---ebpf-pid----5705----pid-1
---ebpf-pid----5707----pid-1
---ebpf-pid----5705----pid-5705
---ebpf-pid----5707----pid-5707
---ebpf-pid----5705----pid-5476
---ebpf-pid----5707----pid-5476
---ebpf-pid----5705----pid-1
---ebpf-pid----5705----pid-5705
---ebpf-pid----5707----pid-1
---ebpf-pid----5707----pid-5707
---ebpf-pid----5705----pid-5476
---ebpf-pid----5707----pid-5476
---ebpf-pid----5707----pid-1
---ebpf-pid----5707----pid-5707
---ebpf-pid----5707----pid-5476
---ebpf-pid----5707----pid-1
---ebpf-pid----5707----pid-5707
---ebpf-pid----5707----pid-5476
---ebpf-pid----5707----pid-1
---ebpf-pid----5707----pid-5707
---ebpf-pid----5705----pid-1
---ebpf-pid----5705----pid-5705
---ebpf-pid----5705----pid-5476
---ebpf-pid----5705----pid-1
---ebpf-pid----5705----pid-5705
---ebpf-pid----5705----pid-5476
---ebpf-pid----5707----pid-5476
---ebpf-pid----5705----pid-1
---ebpf-pid----5705----pid-5705
---ebpf-pid----5707----pid-1
---ebpf-pid----5705----pid-5476
---ebpf-pid----5707----pid-5707
---ebpf-pid----5705----pid-1
---ebpf-pid----5705----pid-5705
---ebpf-pid----5707----pid-5476
---ebpf-pid----5705----pid-5476
---ebpf-pid----5707----pid-1
---ebpf-pid----5707----pid-5707
---ebpf-pid----5705----pid-1
---ebpf-pid----5705----pid-5705
---ebpf-pid----5707----pid-5476
---ebpf-pid----5705----pid-5476
---ebpf-pid----5705----pid-1
---ebpf-pid----5705----pid-5705
---ebpf-pid----5707----pid-1
---ebpf-pid----6671----pid-6671
---ebpf-pid----5705----pid-5476
---ebpf-pid----5705----pid-1
---ebpf-pid----6671----pid-5476
---ebpf-pid----5705----pid-5705
---ebpf-pid----6671----pid-1
---ebpf-pid----5705----pid-5476
---ebpf-pid----5705----pid-5705
---ebpf-pid----5705----pid-1
---ebpf-pid----5705----pid-5476
---ebpf-pid----5705----pid-5705
---ebpf-pid----5705----pid-1
---ebpf-pid----2088----pid-2088
---ebpf-pid----2088----pid-1
---ebpf-pid----2088----pid-2088
---ebpf-pid----5705----pid-5476
---ebpf-pid----5705----pid-1
---ebpf-pid----5705----pid-5705
---ebpf-pid----5705----pid-5476
---ebpf-pid----5705----pid-1
---ebpf-pid----5705----pid-5705
---ebpf-pid----5705----pid-5476
---ebpf-pid----2088----pid-1
---ebpf-pid----2088----pid-2088
---ebpf-pid----2088----pid-1
---ebpf-pid----2088----pid-2088
---ebpf-pid----2088----pid-1
---ebpf-pid----2088----pid-2088
---ebpf-pid----2088----pid-1
---ebpf-pid----2088----pid-2088
---ebpf-pid----2088----pid-1
---ebpf-pid----5705----pid-1
---ebpf-pid----5705----pid-5705
---ebpf-pid----5705----pid-5476
---ebpf-pid----5705----pid-1
---ebpf-pid----5705----pid-5705
---ebpf-pid----5705----pid-5476
---ebpf-pid----2088----pid-2088
---ebpf-pid----5705----pid-1
---ebpf-pid----2088----pid-1
---ebpf-pid----2088----pid-2088
---ebpf-pid----2088----pid-1
---ebpf-pid----5705----pid-5705
---ebpf-pid----5705----pid-5476
---ebpf-pid----5705----pid-1
---ebpf-pid----5705----pid-5705
---ebpf-pid----5705----pid-5476
---ebpf-pid----2088----pid-2088
---ebpf-pid----2088----pid-1
---ebpf-pid----2088----pid-2088
---ebpf-pid----2088----pid-1
---ebpf-pid----2088----pid-2088
---ebpf-pid----2088----pid-1
---ebpf-pid----2088----pid-2088
---ebpf-pid----5705----pid-1
---ebpf-pid----5705----pid-5705
---ebpf-pid----5705----pid-5476
---ebpf-pid----2088----pid-1
---ebpf-pid----2088----pid-2088
---ebpf-pid----2088----pid-1
---ebpf-pid----5705----pid-1
---ebpf-pid----5705----pid-5705
---ebpf-pid----5705----pid-5476
---ebpf-pid----5705----pid-1
---ebpf-pid----2088----pid-2088
---ebpf-pid----2088----pid-1
---ebpf-pid----2088----pid-2088
---ebpf-pid----2088----pid-1
---ebpf-pid----5705----pid-5705
---ebpf-pid----5705----pid-5476
---ebpf-pid----5705----pid-1
---ebpf-pid----5705----pid-5705
---ebpf-pid----2088----pid-2088
---ebpf-pid----2088----pid-1
---ebpf-pid----2088----pid-2088
---ebpf-pid----2088----pid-1
---ebpf-pid----5705----pid-5476
---ebpf-pid----5705----pid-1
---ebpf-pid----5705----pid-5705
---ebpf-pid----5705----pid-5476
---ebpf-pid----7313----pid-7313
---ebpf-pid----7313----pid-1
---ebpf-pid----21----pid-21
---ebpf-pid----21----pid-2
---ebpf-pid----2088----pid-2088
---ebpf-pid----5705----pid-1
---ebpf-pid----5705----pid-5705
---ebpf-pid----2088----pid-1
---ebpf-pid----372881----pid-372881
---ebpf-pid----5705----pid-5476
---ebpf-pid----372881----pid-1
---ebpf-pid----5705----pid-1
---ebpf-pid----372881----pid-372881
---ebpf-pid----5705----pid-5705
---ebpf-pid----5705----pid-5476
---ebpf-pid----372881----pid-1
---ebpf-pid----6671----pid-6671
---ebpf-pid----5705----pid-1
---ebpf-pid----5705----pid-5705
---ebpf-pid----6671----pid-5476
---ebpf-pid----5705----pid-5476
---ebpf-pid----6671----pid-1
---ebpf-pid----5705----pid-1
---ebpf-pid----6671----pid-6671
---ebpf-pid----5705----pid-5705
---ebpf-pid----5705----pid-5476
---ebpf-pid----6671----pid-5476
---ebpf-pid----5705----pid-1
---ebpf-pid----6671----pid-1
---ebpf-pid----5705----pid-5705
---ebpf-pid----6671----pid-6671
---ebpf-pid----5705----pid-5476
---ebpf-pid----6671----pid-5476
---ebpf-pid----5705----pid-1
---ebpf-pid----5705----pid-5705
---ebpf-pid----6671----pid-1
---ebpf-pid----372881----pid-372881
---ebpf-pid----5705----pid-5476
---ebpf-pid----5705----pid-1
---ebpf-pid----372881----pid-1
---ebpf-pid----5705----pid-5705
---ebpf-pid----372881----pid-372881
---ebpf-pid----5705----pid-5476
---ebpf-pid----372881----pid-1
---ebpf-pid----372881----pid-372881
---ebpf-pid----5705----pid-1
---ebpf-pid----372881----pid-1
---ebpf-pid----372881----pid-372881
---ebpf-pid----5705----pid-5705
---ebpf-pid----372881----pid-1
---ebpf-pid----6671----pid-6671
---ebpf-pid----5705----pid-5476
---ebpf-pid----6671----pid-5476
---ebpf-pid----5705----pid-1
---ebpf-pid----5705----pid-5705
---ebpf-pid----6671----pid-1
---ebpf-pid----5705----pid-5476
---ebpf-pid----6671----pid-6671
---ebpf-pid----5705----pid-1
---ebpf-pid----6671----pid-5476
---ebpf-pid----5705----pid-5705
---ebpf-pid----5705----pid-5476
---ebpf-pid----6671----pid-1
---ebpf-pid----372881----pid-372881
---ebpf-pid----5705----pid-1
---ebpf-pid----5705----pid-5705
---ebpf-pid----372881----pid-1
---ebpf-pid----6671----pid-6671
---ebpf-pid----5705----pid-5476
---ebpf-pid----6671----pid-5476
---ebpf-pid----5705----pid-1
---ebpf-pid----5705----pid-5705
---ebpf-pid----6671----pid-1
---ebpf-pid----6671----pid-6671
---ebpf-pid----5705----pid-5476
---ebpf-pid----6671----pid-5476
---ebpf-pid----5705----pid-1
---ebpf-pid----6671----pid-1
---ebpf-pid----448785----pid-448785
---ebpf-pid----6671----pid-6671
---ebpf-pid----448785----pid-448520
---ebpf-pid----6671----pid-5476
---ebpf-pid----448785----pid-1
---ebpf-pid----2088----pid-2088
---ebpf-pid----6671----pid-1
---ebpf-pid----372881----pid-372881
---ebpf-pid----2088----pid-1
---ebpf-pid----2088----pid-2088
---ebpf-pid----372881----pid-1
---ebpf-pid----6671----pid-6671
---ebpf-pid----2088----pid-1
---ebpf-pid----2088----pid-2088
---ebpf-pid----6671----pid-5476
---ebpf-pid----2088----pid-1
---ebpf-pid----2088----pid-2088
---ebpf-pid----6671----pid-1
---ebpf-pid----6671----pid-6671
---ebpf-pid----2088----pid-1
---ebpf-pid----2088----pid-2088
---ebpf-pid----6671----pid-5476
---ebpf-pid----2088----pid-1
---ebpf-pid----6671----pid-1
---ebpf-pid----2088----pid-2088
---ebpf-pid----2012----pid-2012
---ebpf-pid----2088----pid-1
---ebpf-pid----2012----pid-1
---ebpf-pid----2088----pid-2088
---ebpf-pid----2012----pid-2012
---ebpf-pid----2088----pid-1
---ebpf-pid----2088----pid-2088
---ebpf-pid----2012----pid-1
---ebpf-pid----2012----pid-2012
---ebpf-pid----2088----pid-1
---ebpf-pid----2088----pid-2088
---ebpf-pid----2012----pid-1
---ebpf-pid----2012----pid-2012
---ebpf-pid----2088----pid-1
---ebpf-pid----2088----pid-2088
---ebpf-pid----2012----pid-1
---ebpf-pid----2088----pid-1
---ebpf-pid----2012----pid-2012
---ebpf-pid----2088----pid-2088
---ebpf-pid----2012----pid-1
---ebpf-pid----2088----pid-1
---ebpf-pid----2012----pid-2012
---ebpf-pid----2088----pid-2088
---ebpf-pid----2012----pid-1
---ebpf-pid----2088----pid-1
---ebpf-pid----2012----pid-2012
---ebpf-pid----2088----pid-2088
---ebpf-pid----2088----pid-1
---ebpf-pid----2088----pid-2088
---ebpf-pid----2088----pid-1
---ebpf-pid----2088----pid-2088
---ebpf-pid----2088----pid-1
---ebpf-pid----2088----pid-2088
---ebpf-pid----2088----pid-1
---ebpf-pid----2088----pid-2088
---ebpf-pid----2088----pid-1
---ebpf-pid----2088----pid-2088
---ebpf-pid----2088----pid-1
---ebpf-pid----2088----pid-2088
---ebpf-pid----2088----pid-1
---ebpf-pid----2088----pid-2088
---ebpf-pid----2088----pid-1
---ebpf-pid----2088----pid-2088
---ebpf-pid----2088----pid-1
---ebpf-pid----2088----pid-2088
---ebpf-pid----2088----pid-1
---ebpf-pid----2088----pid-2088
---ebpf-pid----2088----pid-1
---ebpf-pid----2088----pid-2088
---ebpf-pid----2088----pid-1
---ebpf-pid----2088----pid-2088
---ebpf-pid----2012----pid-1
---ebpf-pid----2088----pid-1
---ebpf-pid----2012----pid-2012
---ebpf-pid----2088----pid-2088
---ebpf-pid----2088----pid-1
---ebpf-pid----2012----pid-1
---ebpf-pid----2088----pid-2088
---ebpf-pid----2012----pid-2012
---ebpf-pid----2012----pid-1
---ebpf-pid----6671----pid-6671
---ebpf-pid----6671----pid-5476
---ebpf-pid----2088----pid-1
---ebpf-pid----6671----pid-1
---ebpf-pid----448783----pid-448783
---ebpf-pid----6671----pid-6671
---ebpf-pid----448783----pid-448520
---ebpf-pid----6671----pid-5476
---ebpf-pid----448783----pid-1
---ebpf-pid----448783----pid-448783
---ebpf-pid----6671----pid-1
---ebpf-pid----6671----pid-6671
---ebpf-pid----448783----pid-448520
---ebpf-pid----6671----pid-5476
---ebpf-pid----448783----pid-1
---ebpf-pid----448783----pid-448783
---ebpf-pid----6671----pid-1
---ebpf-pid----6671----pid-6671
---ebpf-pid----448783----pid-448520
---ebpf-pid----6671----pid-5476
---ebpf-pid----448783----pid-1
---ebpf-pid----448783----pid-448783
---ebpf-pid----6671----pid-1
---ebpf-pid----2012----pid-2012
---ebpf-pid----448783----pid-448520
---ebpf-pid----448783----pid-1
---ebpf-pid----448783----pid-448783
---ebpf-pid----448783----pid-448520
---ebpf-pid----448783----pid-1
---ebpf-pid----448783----pid-448783
---ebpf-pid----448783----pid-448520
---ebpf-pid----448783----pid-1
---ebpf-pid----448783----pid-448783
---ebpf-pid----448783----pid-448520
---ebpf-pid----448783----pid-1
---ebpf-pid----448783----pid-448783
---ebpf-pid----448783----pid-448520
---ebpf-pid----448783----pid-1
---ebpf-pid----448783----pid-448783
---ebpf-pid----448783----pid-448520
---ebpf-pid----448783----pid-1
---ebpf-pid----5703----pid-5703
---ebpf-pid----5703----pid-5476
---ebpf-pid----5703----pid-1
---ebpf-pid----448783----pid-448783
---ebpf-pid----448783----pid-448520
---ebpf-pid----448783----pid-1
---ebpf-pid----5638----pid-5638
---ebpf-pid----5638----pid-1
---ebpf-pid----448783----pid-448783
---ebpf-pid----448783----pid-448520
---ebpf-pid----448783----pid-1
---ebpf-pid----448783----pid-448783
---ebpf-pid----448783----pid-448520
---ebpf-pid----448783----pid-1
---ebpf-pid----448783----pid-448783
---ebpf-pid----448783----pid-448520
---ebpf-pid----448783----pid-1
---ebpf-pid----448783----pid-448783
---ebpf-pid----448783----pid-448520
---ebpf-pid----448783----pid-1
---ebpf-pid----448783----pid-448783
---ebpf-pid----448783----pid-448520
---ebpf-pid----448783----pid-1
---ebpf-pid----448783----pid-448783
---ebpf-pid----448783----pid-448520
---ebpf-pid----448783----pid-1
---ebpf-pid----448783----pid-448783
---ebpf-pid----448783----pid-448520
---ebpf-pid----448783----pid-1
---ebpf-pid----448783----pid-448783
---ebpf-pid----448783----pid-448520
---ebpf-pid----448783----pid-1
---ebpf-pid----448783----pid-448783
---ebpf-pid----448783----pid-448520
---ebpf-pid----448783----pid-1
---ebpf-pid----7313----pid-7313
---ebpf-pid----7313----pid-1
---ebpf-pid----5638----pid-5638
---ebpf-pid----5638----pid-1
---ebpf-pid----1856----pid-1856
---ebpf-pid----1856----pid-1
---ebpf-pid----5638----pid-5638
---ebpf-pid----5638----pid-1
---ebpf-pid----448546----pid-448546
---ebpf-pid----448546----pid-1
---ebpf-pid----7313----pid-7313
---ebpf-pid----7313----pid-1
---ebpf-pid----448546----pid-448546
---ebpf-pid----448546----pid-1
---ebpf-pid----2012----pid-2012
---ebpf-pid----2012----pid-1
---ebpf-pid----2012----pid-2012
---ebpf-pid----2012----pid-1
---ebpf-pid----2012----pid-2012
---ebpf-pid----2012----pid-1
---ebpf-pid----2012----pid-2012
---ebpf-pid----2012----pid-1
---ebpf-pid----2012----pid-2012
---ebpf-pid----2012----pid-1
---ebpf-pid----2012----pid-2012
---ebpf-pid----2012----pid-1
---ebpf-pid----2012----pid-2012
---ebpf-pid----2012----pid-1
---ebpf-pid----2012----pid-2012
---ebpf-pid----2012----pid-1
---ebpf-pid----2012----pid-2012
---ebpf-pid----2012----pid-1
---ebpf-pid----2012----pid-2012
---ebpf-pid----2012----pid-1
---ebpf-pid----2012----pid-2012
---ebpf-pid----2012----pid-1
---ebpf-pid----2012----pid-2012
---ebpf-pid----2012----pid-1
---ebpf-pid----2012----pid-2012
---ebpf-pid----2012----pid-1
---ebpf-pid----2012----pid-2012
---ebpf-pid----2012----pid-1
---ebpf-pid----2012----pid-2012
---ebpf-pid----2012----pid-1
---ebpf-pid----2012----pid-2012
---ebpf-pid----2012----pid-1
---ebpf-pid----2012----pid-2012
---ebpf-pid----2012----pid-1
---ebpf-pid----2012----pid-1
---ebpf-pid----6671----pid-6671
---ebpf-pid----2012----pid-2012
---ebpf-pid----6671----pid-5476
---ebpf-pid----2012----pid-1
---ebpf-pid----2012----pid-2012
---ebpf-pid----6671----pid-1
---ebpf-pid----2012----pid-1
---ebpf-pid----6671----pid-6671
---ebpf-pid----2012----pid-2012
---ebpf-pid----6671----pid-5476
---ebpf-pid----2012----pid-1
---ebpf-pid----373029----pid-373029
---ebpf-pid----373029----pid-5476
---ebpf-pid----373029----pid-1
---ebpf-pid----373029----pid-373029
---ebpf-pid----373029----pid-5476
---ebpf-pid----373029----pid-1
---ebpf-pid----373029----pid-373029
---ebpf-pid----373029----pid-5476
---ebpf-pid----373029----pid-1
---ebpf-pid----373029----pid-373029
---ebpf-pid----373029----pid-5476
---ebpf-pid----373029----pid-1
---ebpf-pid----373029----pid-373029
---ebpf-pid----373029----pid-5476
---ebpf-pid----373029----pid-1
---ebpf-pid----373029----pid-373029
---ebpf-pid----373029----pid-5476
---ebpf-pid----373029----pid-1
---ebpf-pid----2088----pid-2088
---ebpf-pid----2088----pid-1
---ebpf-pid----2088----pid-2088
---ebpf-pid----2088----pid-1
---ebpf-pid----2088----pid-2088
---ebpf-pid----2088----pid-1
---ebpf-pid----6671----pid-1
---ebpf-pid----2012----pid-2012
---ebpf-pid----2088----pid-2088
---ebpf-pid----2088----pid-1
---ebpf-pid----2088----pid-2088
---ebpf-pid----2088----pid-1
---ebpf-pid----2088----pid-2088
---ebpf-pid----2012----pid-1
---ebpf-pid----2088----pid-1
---ebpf-pid----6671----pid-6671
---ebpf-pid----2088----pid-2088
---ebpf-pid----6671----pid-5476
---ebpf-pid----448783----pid-448783
---ebpf-pid----448783----pid-448520
---ebpf-pid----448783----pid-1
---ebpf-pid----1856----pid-1856
---ebpf-pid----1856----pid-1
---ebpf-pid----1856----pid-1856
---ebpf-pid----1856----pid-1
---ebpf-pid----448782----pid-448782
---ebpf-pid----448782----pid-448520
---ebpf-pid----448782----pid-1
---ebpf-pid----5705----pid-5705
---ebpf-pid----5705----pid-5476
---ebpf-pid----5705----pid-1
---ebpf-pid----5705----pid-5705
---ebpf-pid----2088----pid-1
---ebpf-pid----2088----pid-2088
---ebpf-pid----2088----pid-1
---ebpf-pid----2088----pid-2088
---ebpf-pid----2088----pid-1
---ebpf-pid----2088----pid-2088
---ebpf-pid----2088----pid-1
---ebpf-pid----2088----pid-2088
---ebpf-pid----5705----pid-5476
---ebpf-pid----2088----pid-1
---ebpf-pid----5705----pid-1
---ebpf-pid----2088----pid-2088
---ebpf-pid----2012----pid-2012
---ebpf-pid----6671----pid-1
---ebpf-pid----6671----pid-6671
---ebpf-pid----2012----pid-1
---ebpf-pid----2012----pid-2012
---ebpf-pid----6671----pid-5476
---ebpf-pid----2012----pid-1
---ebpf-pid----6671----pid-1
---ebpf-pid----2012----pid-2012
---ebpf-pid----6671----pid-6671
---ebpf-pid----2012----pid-1
---ebpf-pid----6671----pid-5476
---ebpf-pid----2012----pid-2012
---ebpf-pid----6671----pid-1
---ebpf-pid----2012----pid-2012
---ebpf-pid----2012----pid-1
---ebpf-pid----2012----pid-2012
---ebpf-pid----2012----pid-1
---ebpf-pid----6671----pid-6671
---ebpf-pid----2012----pid-1
---ebpf-pid----6671----pid-5476
---ebpf-pid----2012----pid-2012
---ebpf-pid----6671----pid-1
---ebpf-pid----2012----pid-1
---ebpf-pid----6671----pid-6671
---ebpf-pid----2012----pid-2012
---ebpf-pid----6671----pid-5476
---ebpf-pid----2012----pid-1
---ebpf-pid----2012----pid-2012
---ebpf-pid----6671----pid-1
---ebpf-pid----2012----pid-2012
---ebpf-pid----2012----pid-1
---ebpf-pid----2012----pid-2012
---ebpf-pid----2012----pid-1
---ebpf-pid----6671----pid-6671
---ebpf-pid----2012----pid-1
---ebpf-pid----2012----pid-2012
---ebpf-pid----6671----pid-5476
---ebpf-pid----2012----pid-1
---ebpf-pid----6671----pid-1
---ebpf-pid----2012----pid-2012
---ebpf-pid----6671----pid-6671
---ebpf-pid----6671----pid-5476
---ebpf-pid----2012----pid-1
---ebpf-pid----2012----pid-2012
---ebpf-pid----6671----pid-1
---ebpf-pid----6671----pid-6671
---ebpf-pid----2012----pid-1
---ebpf-pid----2012----pid-2012
---ebpf-pid----6671----pid-5476
---ebpf-pid----6671----pid-1
---ebpf-pid----2012----pid-1
---ebpf-pid----2012----pid-2012
---ebpf-pid----2012----pid-2012
---ebpf-pid----2012----pid-1
---ebpf-pid----2012----pid-1
---ebpf-pid----6671----pid-6671
---ebpf-pid----2012----pid-2012
---ebpf-pid----6671----pid-5476
---ebpf-pid----2012----pid-1
---ebpf-pid----2012----pid-2012
---ebpf-pid----2012----pid-1
---ebpf-pid----2012----pid-2012
---ebpf-pid----2012----pid-1
---ebpf-pid----2012----pid-2012
---ebpf-pid----2088----pid-1
---ebpf-pid----2088----pid-2088
---ebpf-pid----2012----pid-1
---ebpf-pid----2088----pid-1
---ebpf-pid----2012----pid-2012
---ebpf-pid----2012----pid-2012
---ebpf-pid----2012----pid-1
---ebpf-pid----2012----pid-1
---ebpf-pid----2012----pid-2012
---ebpf-pid----2012----pid-2012
---ebpf-pid----2012----pid-1
---ebpf-pid----2012----pid-1
---ebpf-pid----2012----pid-2012
---ebpf-pid----2012----pid-2012
---ebpf-pid----2012----pid-1
---ebpf-pid----2012----pid-2012
---ebpf-pid----2012----pid-1
---ebpf-pid----2012----pid-2012
---ebpf-pid----2012----pid-1
---ebpf-pid----2012----pid-2012
---ebpf-pid----2012----pid-1
---ebpf-pid----2012----pid-2012
---ebpf-pid----2012----pid-1
---ebpf-pid----2012----pid-2012
---ebpf-pid----2012----pid-1
---ebpf-pid----2012----pid-2012
---ebpf-pid----2012----pid-1
---ebpf-pid----2012----pid-2012
---ebpf-pid----2012----pid-1
---ebpf-pid----2012----pid-2012
---ebpf-pid----2012----pid-1
---ebpf-pid----2012----pid-1
---ebpf-pid----2012----pid-2012
---ebpf-pid----2012----pid-2012
---ebpf-pid----2012----pid-1
---ebpf-pid----2012----pid-1
---ebpf-pid----2012----pid-2012
---ebpf-pid----2012----pid-2012
---ebpf-pid----2012----pid-1
---ebpf-pid----2012----pid-1
---ebpf-pid----2012----pid-2012
---ebpf-pid----2012----pid-2012
---ebpf-pid----2012----pid-1
---ebpf-pid----2012----pid-1
---ebpf-pid----2012----pid-2012
---ebpf-pid----2012----pid-2012
---ebpf-pid----2012----pid-1
---ebpf-pid----2012----pid-2012
---ebpf-pid----2012----pid-1
---ebpf-pid----2012----pid-2012
---ebpf-pid----2012----pid-1
---ebpf-pid----2012----pid-2012
---ebpf-pid----2012----pid-1
---ebpf-pid----2012----pid-2012
---ebpf-pid----2012----pid-1
---ebpf-pid----2012----pid-2012
---ebpf-pid----2012----pid-1
---ebpf-pid----2012----pid-1
---ebpf-pid----2012----pid-2012
---ebpf-pid----2012----pid-2012
---ebpf-pid----2012----pid-1
---ebpf-pid----2012----pid-1
---ebpf-pid----2012----pid-2012
---ebpf-pid----2012----pid-2012
---ebpf-pid----2012----pid-1
---ebpf-pid----2012----pid-2012
---ebpf-pid----2012----pid-1
---ebpf-pid----2012----pid-2012
---ebpf-pid----2012----pid-1
---ebpf-pid----2012----pid-2012
---ebpf-pid----2012----pid-1
---ebpf-pid----5703----pid-5703
---ebpf-pid----5703----pid-5476
---ebpf-pid----5703----pid-1
---ebpf-pid----373029----pid-373029
---ebpf-pid----373029----pid-5476
---ebpf-pid----373029----pid-1
---ebpf-pid----373029----pid-373029
---ebpf-pid----373029----pid-5476
---ebpf-pid----6671----pid-1
---ebpf-pid----6671----pid-6671
---ebpf-pid----6671----pid-5476
---ebpf-pid----6671----pid-1
---ebpf-pid----6671----pid-6671
---ebpf-pid----6671----pid-5476
---ebpf-pid----6671----pid-1
---ebpf-pid----6671----pid-6671
---ebpf-pid----6671----pid-5476
---ebpf-pid----6671----pid-1
---ebpf-pid----2012----pid-2012
---ebpf-pid----2012----pid-1
---ebpf-pid----6671----pid-6671
---ebpf-pid----6671----pid-5476
---ebpf-pid----6671----pid-1
---ebpf-pid----6671----pid-6671
---ebpf-pid----6671----pid-5476
---ebpf-pid----2012----pid-1
---ebpf-pid----6671----pid-1
---ebpf-pid----2012----pid-2012
---ebpf-pid----6671----pid-6671
---ebpf-pid----6671----pid-5476
---ebpf-pid----2012----pid-1
---ebpf-pid----2012----pid-2012
---ebpf-pid----6671----pid-1
---ebpf-pid----6671----pid-6671
---ebpf-pid----2012----pid-1
---ebpf-pid----6671----pid-5476
---ebpf-pid----2012----pid-2012
---ebpf-pid----6671----pid-1
---ebpf-pid----2012----pid-1
---ebpf-pid----2012----pid-2012
---ebpf-pid----2012----pid-2012
---ebpf-pid----2012----pid-1
---ebpf-pid----6671----pid-6671
---ebpf-pid----2012----pid-1
---ebpf-pid----2012----pid-2012
---ebpf-pid----6671----pid-5476
---ebpf-pid----2012----pid-1
---ebpf-pid----6671----pid-1
---ebpf-pid----2012----pid-2012
---ebpf-pid----2012----pid-2012
---ebpf-pid----2012----pid-1
---ebpf-pid----2012----pid-1
---ebpf-pid----2012----pid-2012
---ebpf-pid----2012----pid-2012
---ebpf-pid----2012----pid-1
---ebpf-pid----2012----pid-1
---ebpf-pid----2012----pid-2012
---ebpf-pid----2012----pid-2012
---ebpf-pid----373029----pid-1
---ebpf-pid----2012----pid-1
---ebpf-pid----2012----pid-2012
---ebpf-pid----2012----pid-2012
---ebpf-pid----2012----pid-1
---ebpf-pid----2012----pid-1
---ebpf-pid----5707----pid-5707
---ebpf-pid----2012----pid-2012
---ebpf-pid----5707----pid-5476
---ebpf-pid----2012----pid-1
---ebpf-pid----2012----pid-2012
---ebpf-pid----5707----pid-1
---ebpf-pid----5707----pid-5707
---ebpf-pid----2012----pid-1
---ebpf-pid----2012----pid-2012
---ebpf-pid----5707----pid-5476
---ebpf-pid----5707----pid-1
---ebpf-pid----2012----pid-1
---ebpf-pid----5707----pid-5707
---ebpf-pid----2012----pid-2012
---ebpf-pid----5707----pid-5476
---ebpf-pid----2012----pid-1
---ebpf-pid----2012----pid-2012
---ebpf-pid----5707----pid-1
---ebpf-pid----2012----pid-2012
---ebpf-pid----2012----pid-1
---ebpf-pid----2012----pid-1
---ebpf-pid----2012----pid-2012
---ebpf-pid----6671----pid-6671
---ebpf-pid----2012----pid-1
---ebpf-pid----2012----pid-2012
---ebpf-pid----2012----pid-1
---ebpf-pid----2012----pid-2012
---ebpf-pid----2012----pid-1
---ebpf-pid----2012----pid-2012
---ebpf-pid----2012----pid-1
---ebpf-pid----2012----pid-2012
---ebpf-pid----2012----pid-1
---ebpf-pid----448782----pid-448782
---ebpf-pid----2012----pid-1
---ebpf-pid----2012----pid-2012
---ebpf-pid----448782----pid-448520
---ebpf-pid----2012----pid-1
---ebpf-pid----2012----pid-2012
---ebpf-pid----448782----pid-1
---ebpf-pid----21----pid-21
---ebpf-pid----2012----pid-1
---ebpf-pid----2012----pid-2012
---ebpf-pid----21----pid-2
---ebpf-pid----2012----pid-1
---ebpf-pid----21----pid-21
---ebpf-pid----2012----pid-2012
---ebpf-pid----21----pid-2
---ebpf-pid----2012----pid-1
---ebpf-pid----5707----pid-5707
---ebpf-pid----5707----pid-5476
---ebpf-pid----5707----pid-1
---ebpf-pid----5707----pid-5707
---ebpf-pid----5707----pid-5476
---ebpf-pid----5707----pid-1
---ebpf-pid----5707----pid-5707
---ebpf-pid----5707----pid-5476
---ebpf-pid----5707----pid-1
---ebpf-pid----5707----pid-5707
---ebpf-pid----5707----pid-5476
---ebpf-pid----5707----pid-1
---ebpf-pid----5707----pid-5707
---ebpf-pid----5707----pid-5476
---ebpf-pid----5707----pid-1
---ebpf-pid----5707----pid-5707
---ebpf-pid----5707----pid-5476
---ebpf-pid----5707----pid-1
---ebpf-pid----5707----pid-5707
---ebpf-pid----6671----pid-5476
---ebpf-pid----6671----pid-1
---ebpf-pid----6671----pid-6671
---ebpf-pid----6671----pid-5476
---ebpf-pid----6671----pid-1
---ebpf-pid----6671----pid-6671
---ebpf-pid----6671----pid-5476
---ebpf-pid----6671----pid-1
---ebpf-pid----2012----pid-2012
---ebpf-pid----2012----pid-1
---ebpf-pid----2089----pid-2089
---ebpf-pid----2089----pid-1
---ebpf-pid----2089----pid-2089
---ebpf-pid----2089----pid-1
---ebpf-pid----5707----pid-5707
---ebpf-pid----5707----pid-5476
---ebpf-pid----5707----pid-1
---ebpf-pid----5707----pid-5707
---ebpf-pid----5707----pid-5476
---ebpf-pid----5707----pid-1
---ebpf-pid----5707----pid-5707
---ebpf-pid----5707----pid-5476
---ebpf-pid----5707----pid-1
---ebpf-pid----5707----pid-5707
---ebpf-pid----5707----pid-5476
---ebpf-pid----5707----pid-1
---ebpf-pid----5707----pid-5707
---ebpf-pid----5707----pid-5476
---ebpf-pid----5707----pid-1
---ebpf-pid----5707----pid-5476
---ebpf-pid----5707----pid-1
---ebpf-pid----5707----pid-5707
---ebpf-pid----5707----pid-5476
---ebpf-pid----5707----pid-1
---ebpf-pid----5707----pid-5707
---ebpf-pid----5707----pid-5476
---ebpf-pid----5707----pid-1
---ebpf-pid----5707----pid-5707
---ebpf-pid----5707----pid-5476
---ebpf-pid----5707----pid-1
---ebpf-pid----5707----pid-5707
---ebpf-pid----5707----pid-5476
---ebpf-pid----5707----pid-1
---ebpf-pid----5707----pid-5707
---ebpf-pid----5707----pid-5476
---ebpf-pid----5707----pid-1
---ebpf-pid----5707----pid-5707
---ebpf-pid----5707----pid-5476
---ebpf-pid----5707----pid-1
---ebpf-pid----5707----pid-5707
---ebpf-pid----5707----pid-5476
---ebpf-pid----5707----pid-1
---ebpf-pid----5707----pid-5707
---ebpf-pid----5707----pid-5476
---ebpf-pid----5707----pid-1
---ebpf-pid----5707----pid-5707
---ebpf-pid----5707----pid-5476
---ebpf-pid----5707----pid-1
---ebpf-pid----5707----pid-5707
---ebpf-pid----5707----pid-5476
---ebpf-pid----5707----pid-1
---ebpf-pid----5707----pid-5707
---ebpf-pid----5707----pid-5476
---ebpf-pid----5707----pid-1
---ebpf-pid----5707----pid-5707
---ebpf-pid----2089----pid-2089
---ebpf-pid----448782----pid-448782
---ebpf-pid----5707----pid-5476
---ebpf-pid----5707----pid-1
---ebpf-pid----5707----pid-5707
---ebpf-pid----5707----pid-5476
---ebpf-pid----2089----pid-1
---ebpf-pid----5703----pid-5703
---ebpf-pid----448782----pid-448520
---ebpf-pid----5707----pid-1
---ebpf-pid----5707----pid-5707
---ebpf-pid----5707----pid-5476
---ebpf-pid----5703----pid-5476
---ebpf-pid----5707----pid-1
---ebpf-pid----5707----pid-5707
---ebpf-pid----448782----pid-1
---ebpf-pid----448782----pid-448782
---ebpf-pid----5703----pid-1
---ebpf-pid----5707----pid-5707
---ebpf-pid----448782----pid-448520
---ebpf-pid----5707----pid-5476
---ebpf-pid----5707----pid-1
---ebpf-pid----5707----pid-5707
---ebpf-pid----5707----pid-5476
---ebpf-pid----5707----pid-5476
---ebpf-pid----5707----pid-1
---ebpf-pid----5707----pid-5707
---ebpf-pid----5707----pid-1
---ebpf-pid----5705----pid-5705
---ebpf-pid----5707----pid-5476
---ebpf-pid----5705----pid-5476
---ebpf-pid----5707----pid-1
---ebpf-pid----5705----pid-1
---ebpf-pid----2089----pid-2089
---ebpf-pid----5705----pid-5705
---ebpf-pid----2089----pid-1
---ebpf-pid----5705----pid-5476
---ebpf-pid----5707----pid-5707
---ebpf-pid----448782----pid-1
---ebpf-pid----5707----pid-5476
---ebpf-pid----5707----pid-1
---ebpf-pid----5705----pid-1
---ebpf-pid----5707----pid-5707
---ebpf-pid----5705----pid-5705
---ebpf-pid----5705----pid-5476
---ebpf-pid----5707----pid-5476
---ebpf-pid----5705----pid-1
---ebpf-pid----5707----pid-1
---ebpf-pid----5705----pid-5705
---ebpf-pid----5707----pid-5707
---ebpf-pid----5705----pid-5476
---ebpf-pid----5707----pid-5476
---ebpf-pid----5705----pid-1
---ebpf-pid----5705----pid-5705
---ebpf-pid----5707----pid-1
---ebpf-pid----5707----pid-5707
---ebpf-pid----5707----pid-5476
---ebpf-pid----5707----pid-1
---ebpf-pid----5707----pid-5707
---ebpf-pid----5705----pid-5476
---ebpf-pid----5707----pid-5476
---ebpf-pid----5705----pid-1
---ebpf-pid----5707----pid-1
---ebpf-pid----5705----pid-5705
---ebpf-pid----5707----pid-5707
---ebpf-pid----5705----pid-5476
---ebpf-pid----5707----pid-5476
---ebpf-pid----5705----pid-1
---ebpf-pid----5705----pid-5705
---ebpf-pid----5707----pid-1
---ebpf-pid----5707----pid-5707
---ebpf-pid----5705----pid-5476
---ebpf-pid----5707----pid-5476
---ebpf-pid----5705----pid-1
---ebpf-pid----5705----pid-5705
---ebpf-pid----5707----pid-1
---ebpf-pid----5705----pid-5476
---ebpf-pid----5707----pid-5707
---ebpf-pid----5705----pid-1
---ebpf-pid----5707----pid-5476
---ebpf-pid----6671----pid-6671
---ebpf-pid----6671----pid-5476
---ebpf-pid----5707----pid-1
---ebpf-pid----8841----pid-8841
---ebpf-pid----6671----pid-1
---ebpf-pid----5707----pid-5707
---ebpf-pid----8841----pid-7637
---ebpf-pid----5707----pid-5476
---ebpf-pid----8841----pid-1
---ebpf-pid----5707----pid-1
---ebpf-pid----5707----pid-5707
---ebpf-pid----5707----pid-5707
---ebpf-pid----5707----pid-5476
---ebpf-pid----5707----pid-5476
---ebpf-pid----5707----pid-1
---ebpf-pid----5707----pid-1
---ebpf-pid----373029----pid-373029
---ebpf-pid----5707----pid-5707
---ebpf-pid----373029----pid-5476
---ebpf-pid----5707----pid-5476
---ebpf-pid----373029----pid-1
---ebpf-pid----373029----pid-373029
---ebpf-pid----5707----pid-1
---ebpf-pid----5705----pid-5705
---ebpf-pid----5705----pid-5476
---ebpf-pid----5705----pid-1
---ebpf-pid----5705----pid-5705
---ebpf-pid----5705----pid-5476
---ebpf-pid----373029----pid-5476
---ebpf-pid----5705----pid-1
---ebpf-pid----373029----pid-1
---ebpf-pid----5707----pid-5707
---ebpf-pid----373029----pid-373029
---ebpf-pid----5707----pid-5476
---ebpf-pid----373029----pid-5476
---ebpf-pid----5707----pid-1
---ebpf-pid----373029----pid-1
---ebpf-pid----373029----pid-373029
---ebpf-pid----5707----pid-5707
---ebpf-pid----373029----pid-5476
---ebpf-pid----5707----pid-5476
---ebpf-pid----373029----pid-1
---ebpf-pid----373029----pid-373029
---ebpf-pid----5707----pid-1
---ebpf-pid----5707----pid-5707
---ebpf-pid----373029----pid-5476
---ebpf-pid----5707----pid-5476
---ebpf-pid----373029----pid-1
---ebpf-pid----5705----pid-5705
---ebpf-pid----5707----pid-1
---ebpf-pid----5707----pid-5707
---ebpf-pid----5705----pid-5476
---ebpf-pid----5705----pid-1
---ebpf-pid----5707----pid-5476
---ebpf-pid----5705----pid-5705
---ebpf-pid----5707----pid-1
---ebpf-pid----5705----pid-5476
---ebpf-pid----5705----pid-1
---ebpf-pid----5705----pid-5705
---ebpf-pid----5705----pid-5705
---ebpf-pid----5705----pid-5476
---ebpf-pid----5705----pid-5476
---ebpf-pid----5705----pid-1
---ebpf-pid----5705----pid-5705
---ebpf-pid----5705----pid-1
---ebpf-pid----5705----pid-5705
---ebpf-pid----5705----pid-5476
---ebpf-pid----5705----pid-1
---ebpf-pid----5705----pid-5476
---ebpf-pid----6671----pid-6671
---ebpf-pid----5705----pid-1
---ebpf-pid----6671----pid-5476
---ebpf-pid----5707----pid-5707
---ebpf-pid----6671----pid-1
---ebpf-pid----6671----pid-6671
---ebpf-pid----5707----pid-5476
---ebpf-pid----6671----pid-5476
---ebpf-pid----5707----pid-1
---ebpf-pid----5705----pid-5705
---ebpf-pid----6671----pid-1
---ebpf-pid----6671----pid-6671
---ebpf-pid----5705----pid-5476
---ebpf-pid----6671----pid-5476
---ebpf-pid----5705----pid-1
---ebpf-pid----6671----pid-1
---ebpf-pid----5705----pid-5705
---ebpf-pid----6671----pid-6671
---ebpf-pid----5705----pid-5476
---ebpf-pid----6671----pid-5476
---ebpf-pid----6671----pid-1
---ebpf-pid----6671----pid-6671
---ebpf-pid----5705----pid-1
---ebpf-pid----6671----pid-5476
---ebpf-pid----5705----pid-5705
---ebpf-pid----5705----pid-5476
---ebpf-pid----5705----pid-1
---ebpf-pid----6671----pid-1
---ebpf-pid----5707----pid-5707
---ebpf-pid----6671----pid-6671
---ebpf-pid----6671----pid-5476
---ebpf-pid----5707----pid-5476
---ebpf-pid----6671----pid-1
---ebpf-pid----5707----pid-1
---ebpf-pid----6671----pid-6671
---ebpf-pid----5707----pid-5707
---ebpf-pid----6671----pid-5476
---ebpf-pid----6671----pid-1
---ebpf-pid----5707----pid-5476
---ebpf-pid----6671----pid-6671
---ebpf-pid----5707----pid-1
---ebpf-pid----6671----pid-5476
---ebpf-pid----5705----pid-5705
---ebpf-pid----6671----pid-1
---ebpf-pid----6671----pid-6671
---ebpf-pid----5705----pid-5476
---ebpf-pid----5705----pid-1
---ebpf-pid----5705----pid-5705
---ebpf-pid----5705----pid-5476
---ebpf-pid----6671----pid-5476
---ebpf-pid----5705----pid-1
---ebpf-pid----6671----pid-1
---ebpf-pid----6671----pid-6671
---ebpf-pid----5707----pid-5707
---ebpf-pid----6671----pid-5476
---ebpf-pid----5707----pid-5476
---ebpf-pid----6671----pid-1
---ebpf-pid----6671----pid-6671
---ebpf-pid----5707----pid-1
---ebpf-pid----5707----pid-5707
---ebpf-pid----6671----pid-5476
---ebpf-pid----6671----pid-1
---ebpf-pid----5707----pid-5476
---ebpf-pid----6671----pid-6671
---ebpf-pid----5707----pid-1
---ebpf-pid----373029----pid-373029
---ebpf-pid----373029----pid-5476
---ebpf-pid----373029----pid-1
---ebpf-pid----373029----pid-373029
---ebpf-pid----6671----pid-5476
---ebpf-pid----373029----pid-5476
---ebpf-pid----6671----pid-1
---ebpf-pid----6671----pid-6671
---ebpf-pid----373029----pid-1
---ebpf-pid----373029----pid-373029
---ebpf-pid----6671----pid-5476
---ebpf-pid----373029----pid-5476
---ebpf-pid----373029----pid-1
---ebpf-pid----6671----pid-1
---ebpf-pid----6671----pid-6671
---ebpf-pid----373029----pid-373029
---ebpf-pid----6671----pid-5476
---ebpf-pid----373029----pid-5476
---ebpf-pid----6671----pid-1
---ebpf-pid----6671----pid-6671
---ebpf-pid----373029----pid-1
---ebpf-pid----373029----pid-373029
---ebpf-pid----6671----pid-5476
---ebpf-pid----373029----pid-5476
---ebpf-pid----6671----pid-1
---ebpf-pid----6671----pid-6671
---ebpf-pid----373029----pid-1
---ebpf-pid----6671----pid-5476
---ebpf-pid----373029----pid-373029
---ebpf-pid----6671----pid-1
---ebpf-pid----373029----pid-5476
---ebpf-pid----6671----pid-6671
---ebpf-pid----373029----pid-1
---ebpf-pid----373029----pid-373029
---ebpf-pid----6671----pid-5476
---ebpf-pid----448782----pid-448782
---ebpf-pid----6671----pid-1
---ebpf-pid----373029----pid-5476
---ebpf-pid----6671----pid-6671
---ebpf-pid----448782----pid-448520
---ebpf-pid----373029----pid-1
---ebpf-pid----6671----pid-5476
---ebpf-pid----373029----pid-373029
---ebpf-pid----448782----pid-1
---ebpf-pid----6671----pid-1
---ebpf-pid----6671----pid-6671
---ebpf-pid----373029----pid-5476
---ebpf-pid----6671----pid-5476
---ebpf-pid----373029----pid-1
---ebpf-pid----373029----pid-373029
---ebpf-pid----6671----pid-1
---ebpf-pid----6671----pid-6671
---ebpf-pid----373029----pid-5476
---ebpf-pid----6671----pid-5476
---ebpf-pid----373029----pid-1
---ebpf-pid----6671----pid-1
---ebpf-pid----2012----pid-2012
---ebpf-pid----6671----pid-6671
---ebpf-pid----2012----pid-1
---ebpf-pid----6671----pid-5476
---ebpf-pid----5707----pid-5707
---ebpf-pid----5707----pid-5476
---ebpf-pid----5707----pid-1
---ebpf-pid----6671----pid-1
---ebpf-pid----6671----pid-6671
---ebpf-pid----6671----pid-6671
---ebpf-pid----6671----pid-5476
---ebpf-pid----6671----pid-5476
---ebpf-pid----6671----pid-1
---ebpf-pid----6671----pid-1
---ebpf-pid----6671----pid-6671
---ebpf-pid----6671----pid-6671
---ebpf-pid----6671----pid-5476
---ebpf-pid----6671----pid-1
---ebpf-pid----6671----pid-5476
---ebpf-pid----5707----pid-5707
---ebpf-pid----6671----pid-1
---ebpf-pid----6671----pid-6671
---ebpf-pid----6671----pid-5476
---ebpf-pid----6671----pid-1
---ebpf-pid----6671----pid-6671
---ebpf-pid----6671----pid-5476
---ebpf-pid----6671----pid-1
---ebpf-pid----6671----pid-6671
---ebpf-pid----6671----pid-5476
---ebpf-pid----6671----pid-1
---ebpf-pid----6671----pid-6671
---ebpf-pid----6671----pid-5476
---ebpf-pid----6671----pid-1
---ebpf-pid----6671----pid-6671
---ebpf-pid----6671----pid-5476
---ebpf-pid----6671----pid-1
---ebpf-pid----6671----pid-6671
---ebpf-pid----6671----pid-5476
---ebpf-pid----6671----pid-1
---ebpf-pid----5707----pid-5707
---ebpf-pid----5707----pid-5476
---ebpf-pid----5707----pid-1
---ebpf-pid----5707----pid-5707
---ebpf-pid----5707----pid-5476
---ebpf-pid----5707----pid-1
---ebpf-pid----2089----pid-2089
---ebpf-pid----2089----pid-1
---ebpf-pid----2089----pid-2089
---ebpf-pid----2089----pid-1
---ebpf-pid----2089----pid-2089
---ebpf-pid----2089----pid-1
---ebpf-pid----2089----pid-2089
---ebpf-pid----2089----pid-1
---ebpf-pid----2089----pid-2089
---ebpf-pid----2089----pid-1
---ebpf-pid----2089----pid-2089
---ebpf-pid----2089----pid-1
---ebpf-pid----2089----pid-2089
---ebpf-pid----2089----pid-1
---ebpf-pid----2089----pid-2089
---ebpf-pid----2089----pid-1
---ebpf-pid----2089----pid-2089
---ebpf-pid----2089----pid-1
---ebpf-pid----2089----pid-2089
---ebpf-pid----2089----pid-1
---ebpf-pid----2089----pid-2089
---ebpf-pid----2089----pid-1
---ebpf-pid----2089----pid-2089
---ebpf-pid----2089----pid-1
---ebpf-pid----2089----pid-2089
---ebpf-pid----2089----pid-1
---ebpf-pid----2089----pid-2089
---ebpf-pid----2089----pid-1
---ebpf-pid----2089----pid-2089
---ebpf-pid----2089----pid-1
---ebpf-pid----2089----pid-2089
---ebpf-pid----2089----pid-1
---ebpf-pid----373029----pid-373029
---ebpf-pid----373029----pid-5476
---ebpf-pid----373029----pid-1
---ebpf-pid----373029----pid-373029
---ebpf-pid----373029----pid-5476
---ebpf-pid----448782----pid-448782
---ebpf-pid----448782----pid-448520
---ebpf-pid----448782----pid-1
---ebpf-pid----448782----pid-448782
---ebpf-pid----448782----pid-448520
---ebpf-pid----448782----pid-1
---ebpf-pid----448782----pid-448782
---ebpf-pid----448782----pid-448520
---ebpf-pid----448782----pid-1
---ebpf-pid----448782----pid-448782
---ebpf-pid----448782----pid-448520
---ebpf-pid----448782----pid-1
---ebpf-pid----448782----pid-448782
---ebpf-pid----448782----pid-448520
---ebpf-pid----448782----pid-1
---ebpf-pid----448782----pid-448782
---ebpf-pid----448782----pid-448520
---ebpf-pid----448782----pid-1
---ebpf-pid----373029----pid-1
---ebpf-pid----373029----pid-373029
---ebpf-pid----373029----pid-5476
---ebpf-pid----373029----pid-1
---ebpf-pid----373029----pid-373029
---ebpf-pid----373029----pid-5476
---ebpf-pid----373029----pid-1
---ebpf-pid----2089----pid-2089
---ebpf-pid----2089----pid-1
---ebpf-pid----2089----pid-2089
---ebpf-pid----2089----pid-1
---ebpf-pid----5707----pid-5476
---ebpf-pid----5707----pid-1
---ebpf-pid----5707----pid-5707
---ebpf-pid----5707----pid-5476
---ebpf-pid----5707----pid-1
---ebpf-pid----379067----pid-379067
---ebpf-pid----379067----pid-5476
---ebpf-pid----379067----pid-1
---ebpf-pid----2089----pid-2089
---ebpf-pid----2089----pid-1
---ebpf-pid----2089----pid-2089
---ebpf-pid----2089----pid-1
---ebpf-pid----379067----pid-379067
---ebpf-pid----379067----pid-5476
---ebpf-pid----2089----pid-2089
---ebpf-pid----2089----pid-1
---ebpf-pid----2089----pid-2089
---ebpf-pid----2089----pid-1
---ebpf-pid----373029----pid-373029
---ebpf-pid----373029----pid-5476
---ebpf-pid----373029----pid-1
---ebpf-pid----373029----pid-373029
---ebpf-pid----373029----pid-5476
---ebpf-pid----373029----pid-1
---ebpf-pid----2089----pid-2089
---ebpf-pid----2089----pid-1
---ebpf-pid----2089----pid-2089
---ebpf-pid----2089----pid-1
---ebpf-pid----2089----pid-2089
---ebpf-pid----379067----pid-1
---ebpf-pid----379067----pid-379067
---ebpf-pid----379067----pid-5476
---ebpf-pid----379067----pid-1
---ebpf-pid----379067----pid-379067
---ebpf-pid----379067----pid-5476
---ebpf-pid----379067----pid-1
---ebpf-pid----379067----pid-379067
---ebpf-pid----379067----pid-5476
---ebpf-pid----379067----pid-1
---ebpf-pid----379067----pid-379067
---ebpf-pid----379067----pid-5476
---ebpf-pid----379067----pid-1
---ebpf-pid----379067----pid-379067
---ebpf-pid----379067----pid-5476
---ebpf-pid----379067----pid-1
---ebpf-pid----379067----pid-379067
---ebpf-pid----379067----pid-5476
---ebpf-pid----379067----pid-1
---ebpf-pid----2089----pid-1
---ebpf-pid----379067----pid-379067
---ebpf-pid----2089----pid-2089
---ebpf-pid----379067----pid-5476
---ebpf-pid----2089----pid-1
---ebpf-pid----2089----pid-2089
---ebpf-pid----379067----pid-1
---ebpf-pid----379067----pid-379067
---ebpf-pid----2089----pid-1
---ebpf-pid----2089----pid-2089
---ebpf-pid----379067----pid-5476
---ebpf-pid----2089----pid-1
---ebpf-pid----2089----pid-2089
---ebpf-pid----379067----pid-1
---ebpf-pid----379067----pid-379067
---ebpf-pid----2089----pid-1
---ebpf-pid----2089----pid-2089
---ebpf-pid----379067----pid-5476
---ebpf-pid----2089----pid-1
---ebpf-pid----2089----pid-2089
---ebpf-pid----379067----pid-1
---ebpf-pid----379067----pid-379067
---ebpf-pid----2089----pid-1
---ebpf-pid----2089----pid-2089
---ebpf-pid----379067----pid-5476
---ebpf-pid----2089----pid-1
---ebpf-pid----379067----pid-1
---ebpf-pid----379067----pid-379067
---ebpf-pid----2089----pid-2089
---ebpf-pid----379067----pid-5476
---ebpf-pid----2089----pid-1
---ebpf-pid----2089----pid-2089
---ebpf-pid----379067----pid-1
---ebpf-pid----2089----pid-1
---ebpf-pid----379067----pid-379067
---ebpf-pid----2089----pid-2089
---ebpf-pid----379067----pid-5476
---ebpf-pid----2089----pid-1
---ebpf-pid----2089----pid-2089
---ebpf-pid----379067----pid-1
---ebpf-pid----2089----pid-1
---ebpf-pid----2089----pid-2089
---ebpf-pid----2089----pid-1
---ebpf-pid----2089----pid-2089
---ebpf-pid----2089----pid-1
---ebpf-pid----2089----pid-2089
---ebpf-pid----2089----pid-1
---ebpf-pid----2089----pid-2089
---ebpf-pid----2089----pid-1
---ebpf-pid----2089----pid-2089
---ebpf-pid----2089----pid-1
---ebpf-pid----2089----pid-2089
---ebpf-pid----2089----pid-1
---ebpf-pid----2089----pid-2089
---ebpf-pid----2089----pid-1
---ebpf-pid----2089----pid-2089
---ebpf-pid----2089----pid-1
---ebpf-pid----2089----pid-2089
---ebpf-pid----2089----pid-1
---ebpf-pid----2089----pid-2089
---ebpf-pid----2089----pid-1
---ebpf-pid----2089----pid-2089
---ebpf-pid----2089----pid-1
---ebpf-pid----2089----pid-2089
---ebpf-pid----2089----pid-1
---ebpf-pid----379067----pid-379067
---ebpf-pid----2089----pid-2089
---ebpf-pid----379067----pid-5476
---ebpf-pid----2089----pid-1
---ebpf-pid----2088----pid-2088
---ebpf-pid----379067----pid-1
---ebpf-pid----379067----pid-379067
---ebpf-pid----2088----pid-1
---ebpf-pid----2088----pid-2088
---ebpf-pid----379067----pid-5476
---ebpf-pid----2088----pid-1
---ebpf-pid----2088----pid-2088
---ebpf-pid----379067----pid-1
---ebpf-pid----379067----pid-379067
---ebpf-pid----2088----pid-1
---ebpf-pid----2088----pid-2088
---ebpf-pid----379067----pid-5476
---ebpf-pid----2088----pid-1
---ebpf-pid----379067----pid-1
---ebpf-pid----2088----pid-2088
---ebpf-pid----379067----pid-379067
---ebpf-pid----2088----pid-1
---ebpf-pid----379067----pid-5476
---ebpf-pid----2088----pid-2088
---ebpf-pid----379067----pid-1
---ebpf-pid----2088----pid-1
---ebpf-pid----379067----pid-379067
---ebpf-pid----379067----pid-5476
---ebpf-pid----379067----pid-1
---ebpf-pid----379067----pid-379067
---ebpf-pid----379067----pid-5476
---ebpf-pid----379067----pid-1
---ebpf-pid----379067----pid-379067
---ebpf-pid----379067----pid-5476
---ebpf-pid----379067----pid-1
---ebpf-pid----379067----pid-379067
---ebpf-pid----379067----pid-5476
---ebpf-pid----379067----pid-1
---ebpf-pid----2088----pid-2088
---ebpf-pid----379067----pid-379067
---ebpf-pid----2088----pid-1
---ebpf-pid----379067----pid-5476
---ebpf-pid----2088----pid-2088
---ebpf-pid----379067----pid-1
---ebpf-pid----2088----pid-1
---ebpf-pid----379067----pid-379067
---ebpf-pid----2088----pid-2088
---ebpf-pid----379067----pid-5476
---ebpf-pid----2088----pid-1
---ebpf-pid----2088----pid-2088
---ebpf-pid----379067----pid-1
---ebpf-pid----379067----pid-379067
---ebpf-pid----2088----pid-1
---ebpf-pid----2088----pid-2088
---ebpf-pid----379067----pid-5476
---ebpf-pid----2088----pid-1
---ebpf-pid----379067----pid-1
---ebpf-pid----2088----pid-2088
---ebpf-pid----379067----pid-379067
---ebpf-pid----2088----pid-1
---ebpf-pid----379067----pid-5476
---ebpf-pid----2088----pid-2088
---ebpf-pid----379067----pid-1
---ebpf-pid----2088----pid-1
---ebpf-pid----379067----pid-379067
---ebpf-pid----2088----pid-2088
---ebpf-pid----2088----pid-1
---ebpf-pid----2088----pid-2088
---ebpf-pid----2088----pid-1
---ebpf-pid----2088----pid-2088
---ebpf-pid----2088----pid-1
---ebpf-pid----2088----pid-2088
---ebpf-pid----2088----pid-1
---ebpf-pid----2088----pid-2088
---ebpf-pid----2088----pid-1
---ebpf-pid----2088----pid-2088
---ebpf-pid----2088----pid-1
---ebpf-pid----2088----pid-2088
---ebpf-pid----2088----pid-1
---ebpf-pid----2012----pid-2012
---ebpf-pid----2012----pid-1
---ebpf-pid----2089----pid-2089
---ebpf-pid----2089----pid-1
---ebpf-pid----2089----pid-2089
---ebpf-pid----2089----pid-1
---ebpf-pid----2089----pid-2089
---ebpf-pid----2089----pid-1
---ebpf-pid----2089----pid-2089
---ebpf-pid----2089----pid-1
---ebpf-pid----2089----pid-2089
---ebpf-pid----2089----pid-1
---ebpf-pid----2089----pid-2089
---ebpf-pid----2089----pid-1
---ebpf-pid----2089----pid-2089
---ebpf-pid----2089----pid-1
---ebpf-pid----2089----pid-2089
---ebpf-pid----2089----pid-1
---ebpf-pid----2089----pid-2089
---ebpf-pid----2089----pid-1
---ebpf-pid----2089----pid-2089
---ebpf-pid----379067----pid-5476
---ebpf-pid----2089----pid-1
---ebpf-pid----379067----pid-379067
---ebpf-pid----379067----pid-1
---ebpf-pid----379067----pid-379067
---ebpf-pid----379067----pid-5476
---ebpf-pid----379067----pid-5476
---ebpf-pid----379067----pid-1
---ebpf-pid----379067----pid-379067
---ebpf-pid----379067----pid-1
---ebpf-pid----379067----pid-379067
---ebpf-pid----379067----pid-5476
---ebpf-pid----379067----pid-1
---ebpf-pid----379067----pid-379067
---ebpf-pid----379067----pid-5476
---ebpf-pid----379067----pid-1
---ebpf-pid----2088----pid-2088
---ebpf-pid----2088----pid-1
---ebpf-pid----2088----pid-2088
---ebpf-pid----2088----pid-1
---ebpf-pid----2088----pid-2088
---ebpf-pid----2088----pid-1
---ebpf-pid----2088----pid-2088
---ebpf-pid----379067----pid-5476
---ebpf-pid----379067----pid-1
---ebpf-pid----379067----pid-379067
---ebpf-pid----379067----pid-5476
---ebpf-pid----379067----pid-1
---ebpf-pid----379067----pid-379067
---ebpf-pid----379067----pid-5476
---ebpf-pid----379067----pid-1
---ebpf-pid----379067----pid-379067
---ebpf-pid----379067----pid-5476
---ebpf-pid----379067----pid-1
---ebpf-pid----379067----pid-379067
---ebpf-pid----379067----pid-5476
---ebpf-pid----379067----pid-1
---ebpf-pid----379067----pid-379067
---ebpf-pid----379067----pid-5476
---ebpf-pid----379067----pid-1
---ebpf-pid----379067----pid-379067
---ebpf-pid----379067----pid-5476
---ebpf-pid----379067----pid-1
---ebpf-pid----379067----pid-379067
---ebpf-pid----2088----pid-1
---ebpf-pid----2088----pid-2088
---ebpf-pid----379067----pid-5476
---ebpf-pid----2088----pid-1
---ebpf-pid----379067----pid-1
---ebpf-pid----2088----pid-2088
---ebpf-pid----2088----pid-2088
---ebpf-pid----2088----pid-1
---ebpf-pid----2088----pid-1
---ebpf-pid----2088----pid-2088
---ebpf-pid----2088----pid-2088
---ebpf-pid----2088----pid-1
---ebpf-pid----2088----pid-2088
---ebpf-pid----2088----pid-1
---ebpf-pid----2088----pid-2088
---ebpf-pid----2088----pid-1
---ebpf-pid----2088----pid-2088
---ebpf-pid----2088----pid-1
---ebpf-pid----2088----pid-2088
---ebpf-pid----2088----pid-1
---ebpf-pid----2088----pid-2088
---ebpf-pid----2088----pid-1
---ebpf-pid----2088----pid-2088
---ebpf-pid----2088----pid-1
---ebpf-pid----2088----pid-2088
---ebpf-pid----2088----pid-1
---ebpf-pid----2088----pid-2088
---ebpf-pid----2088----pid-1
---ebpf-pid----2088----pid-1
---ebpf-pid----2088----pid-2088
---ebpf-pid----2088----pid-1
---ebpf-pid----2088----pid-2088
---ebpf-pid----2088----pid-1
---ebpf-pid----2088----pid-2088
---ebpf-pid----2088----pid-1
---ebpf-pid----2088----pid-2088
---ebpf-pid----2088----pid-1
---ebpf-pid----2088----pid-2088
---ebpf-pid----379067----pid-379067
---ebpf-pid----379067----pid-5476
---ebpf-pid----2088----pid-1
---ebpf-pid----2088----pid-2088
---ebpf-pid----2088----pid-1
---ebpf-pid----2088----pid-2088
---ebpf-pid----379067----pid-1
---ebpf-pid----2088----pid-1
---ebpf-pid----2088----pid-2088
---ebpf-pid----2088----pid-1
---ebpf-pid----2088----pid-2088
---ebpf-pid----379067----pid-379067
---ebpf-pid----2088----pid-1
---ebpf-pid----2088----pid-2088
---ebpf-pid----379067----pid-5476
---ebpf-pid----2088----pid-1
---ebpf-pid----2088----pid-2088
---ebpf-pid----379067----pid-1
---ebpf-pid----379067----pid-379067
---ebpf-pid----2088----pid-1
---ebpf-pid----2088----pid-2088
---ebpf-pid----379067----pid-5476
---ebpf-pid----2088----pid-1
---ebpf-pid----2088----pid-2088
---ebpf-pid----379067----pid-1
---ebpf-pid----379067----pid-379067
---ebpf-pid----2088----pid-1
---ebpf-pid----2088----pid-2088
---ebpf-pid----379067----pid-5476
---ebpf-pid----2088----pid-1
---ebpf-pid----379067----pid-1
---ebpf-pid----379067----pid-379067
---ebpf-pid----379067----pid-379067
---ebpf-pid----379067----pid-5476
---ebpf-pid----379067----pid-5476
---ebpf-pid----379067----pid-1
---ebpf-pid----379067----pid-1
---ebpf-pid----379067----pid-379067
---ebpf-pid----379067----pid-379067
---ebpf-pid----379067----pid-5476
---ebpf-pid----379067----pid-5476
---ebpf-pid----379067----pid-1
---ebpf-pid----379067----pid-1
---ebpf-pid----379067----pid-379067
---ebpf-pid----379067----pid-379067
---ebpf-pid----379067----pid-5476
---ebpf-pid----379067----pid-5476
---ebpf-pid----379067----pid-1
---ebpf-pid----379067----pid-1
---ebpf-pid----2088----pid-2088
---ebpf-pid----379067----pid-379067
---ebpf-pid----2088----pid-1
---ebpf-pid----379067----pid-5476
---ebpf-pid----2089----pid-2089
---ebpf-pid----379067----pid-1
---ebpf-pid----2089----pid-1
---ebpf-pid----379067----pid-379067
---ebpf-pid----2012----pid-2012
---ebpf-pid----379067----pid-5476
---ebpf-pid----2012----pid-1
---ebpf-pid----2012----pid-2012
---ebpf-pid----379067----pid-1
---ebpf-pid----379067----pid-379067
---ebpf-pid----2012----pid-1
---ebpf-pid----2012----pid-2012
---ebpf-pid----379067----pid-5476
---ebpf-pid----2012----pid-1
---ebpf-pid----2012----pid-2012
---ebpf-pid----379067----pid-1
---ebpf-pid----379067----pid-379067
---ebpf-pid----2012----pid-1
---ebpf-pid----2012----pid-2012
---ebpf-pid----379067----pid-5476
---ebpf-pid----2012----pid-1
---ebpf-pid----379067----pid-1
---ebpf-pid----2012----pid-2012
---ebpf-pid----5707----pid-5707
---ebpf-pid----2012----pid-1
---ebpf-pid----5707----pid-5476
---ebpf-pid----2012----pid-2012
---ebpf-pid----5707----pid-1
---ebpf-pid----2012----pid-1
---ebpf-pid----379067----pid-379067
---ebpf-pid----2012----pid-2012
---ebpf-pid----379067----pid-5476
---ebpf-pid----379067----pid-1
---ebpf-pid----379067----pid-379067
---ebpf-pid----379067----pid-5476
---ebpf-pid----379067----pid-1
---ebpf-pid----379067----pid-379067
---ebpf-pid----379067----pid-5476
---ebpf-pid----379067----pid-1
---ebpf-pid----379067----pid-379067
---ebpf-pid----379067----pid-5476
---ebpf-pid----379067----pid-1
---ebpf-pid----379067----pid-379067
---ebpf-pid----379067----pid-5476
---ebpf-pid----379067----pid-1
---ebpf-pid----379067----pid-379067
---ebpf-pid----379067----pid-5476
---ebpf-pid----2012----pid-1
---ebpf-pid----2012----pid-2012
---ebpf-pid----379067----pid-1
---ebpf-pid----379067----pid-379067
---ebpf-pid----2012----pid-1
---ebpf-pid----2012----pid-2012
---ebpf-pid----379067----pid-5476
---ebpf-pid----379067----pid-1
---ebpf-pid----2012----pid-1
---ebpf-pid----379067----pid-379067
---ebpf-pid----2012----pid-2012
---ebpf-pid----2012----pid-1
---ebpf-pid----2012----pid-2012
---ebpf-pid----2012----pid-1
---ebpf-pid----2012----pid-2012
---ebpf-pid----2012----pid-1
---ebpf-pid----2012----pid-2012
---ebpf-pid----2012----pid-1
---ebpf-pid----2089----pid-2089
---ebpf-pid----2089----pid-1
---ebpf-pid----2089----pid-2089
---ebpf-pid----2089----pid-1
---ebpf-pid----2089----pid-2089
---ebpf-pid----379067----pid-5476
---ebpf-pid----2089----pid-1
---ebpf-pid----379067----pid-1
---ebpf-pid----2089----pid-2089
---ebpf-pid----2089----pid-1
---ebpf-pid----2089----pid-2089
---ebpf-pid----2089----pid-1
---ebpf-pid----2089----pid-2089
---ebpf-pid----2089----pid-1
---ebpf-pid----2088----pid-2088
---ebpf-pid----2089----pid-2089
---ebpf-pid----2088----pid-1
---ebpf-pid----2089----pid-1
---ebpf-pid----2089----pid-2089
---ebpf-pid----2088----pid-2088
---ebpf-pid----2089----pid-1
---ebpf-pid----2088----pid-1
---ebpf-pid----2089----pid-2089
---ebpf-pid----2088----pid-2088
---ebpf-pid----2088----pid-1
---ebpf-pid----2089----pid-1
---ebpf-pid----2088----pid-2088
---ebpf-pid----2089----pid-2089
---ebpf-pid----2088----pid-1
---ebpf-pid----2089----pid-1
---ebpf-pid----2089----pid-2089
---ebpf-pid----5707----pid-5707
---ebpf-pid----5707----pid-5476
---ebpf-pid----5707----pid-1
---ebpf-pid----5707----pid-5707
---ebpf-pid----5707----pid-5476
---ebpf-pid----5707----pid-1
---ebpf-pid----5707----pid-5707
---ebpf-pid----5707----pid-5476
---ebpf-pid----5707----pid-1
---ebpf-pid----5707----pid-5707
---ebpf-pid----5707----pid-5476
---ebpf-pid----5707----pid-1
---ebpf-pid----5707----pid-5707
---ebpf-pid----5707----pid-5476
---ebpf-pid----5707----pid-1
---ebpf-pid----5707----pid-5707
---ebpf-pid----5707----pid-5476
---ebpf-pid----5707----pid-1
---ebpf-pid----373029----pid-373029
---ebpf-pid----373029----pid-5476
---ebpf-pid----373029----pid-1
---ebpf-pid----373029----pid-373029
---ebpf-pid----2089----pid-1
---ebpf-pid----2089----pid-2089
---ebpf-pid----373029----pid-5476
---ebpf-pid----2089----pid-1
---ebpf-pid----373029----pid-1
---ebpf-pid----2089----pid-2089
---ebpf-pid----6671----pid-6671
---ebpf-pid----2089----pid-1
---ebpf-pid----6671----pid-5476
---ebpf-pid----2089----pid-2089
---ebpf-pid----6671----pid-1
---ebpf-pid----2089----pid-1
---ebpf-pid----6671----pid-6671
---ebpf-pid----2089----pid-2089
---ebpf-pid----6671----pid-5476
---ebpf-pid----2089----pid-1
---ebpf-pid----2089----pid-2089
---ebpf-pid----6671----pid-1
---ebpf-pid----6671----pid-6671
---ebpf-pid----2089----pid-1
---ebpf-pid----2089----pid-2089
---ebpf-pid----6671----pid-5476
---ebpf-pid----2089----pid-1
---ebpf-pid----2089----pid-2089
---ebpf-pid----6671----pid-1
---ebpf-pid----373029----pid-373029
---ebpf-pid----2089----pid-1
---ebpf-pid----2089----pid-2089
---ebpf-pid----373029----pid-5476
---ebpf-pid----2089----pid-1
---ebpf-pid----373029----pid-1
---ebpf-pid----2089----pid-2089
---ebpf-pid----373029----pid-373029
---ebpf-pid----2089----pid-1
---ebpf-pid----373029----pid-5476
---ebpf-pid----2094----pid-2094
---ebpf-pid----2094----pid-1
---ebpf-pid----2094----pid-2094
---ebpf-pid----2094----pid-1
---ebpf-pid----2094----pid-2094
---ebpf-pid----2094----pid-1
---ebpf-pid----6671----pid-6671
---ebpf-pid----6671----pid-5476
---ebpf-pid----6671----pid-1
---ebpf-pid----2094----pid-2094
---ebpf-pid----2094----pid-1
---ebpf-pid----2094----pid-2094
---ebpf-pid----2094----pid-1
---ebpf-pid----2094----pid-2094
---ebpf-pid----2094----pid-1
---ebpf-pid----2094----pid-2094
---ebpf-pid----2094----pid-1
---ebpf-pid----2094----pid-2094
---ebpf-pid----2094----pid-1
---ebpf-pid----2094----pid-2094
---ebpf-pid----2094----pid-1
---ebpf-pid----2094----pid-2094
---ebpf-pid----2094----pid-1
---ebpf-pid----2094----pid-2094
---ebpf-pid----2094----pid-1
---ebpf-pid----2094----pid-2094
---ebpf-pid----2094----pid-1
---ebpf-pid----2094----pid-2094
---ebpf-pid----2094----pid-1
---ebpf-pid----2094----pid-2094
---ebpf-pid----2094----pid-1
---ebpf-pid----2094----pid-2094
---ebpf-pid----2094----pid-1
---ebpf-pid----2094----pid-2094
---ebpf-pid----2094----pid-1
---ebpf-pid----2094----pid-2094
---ebpf-pid----2094----pid-1
---ebpf-pid----2094----pid-2094
---ebpf-pid----2094----pid-1
---ebpf-pid----2094----pid-2094
---ebpf-pid----2094----pid-1
---ebpf-pid----2094----pid-2094
---ebpf-pid----2094----pid-1
---ebpf-pid----2094----pid-2094
---ebpf-pid----373029----pid-1
---ebpf-pid----2094----pid-1
---ebpf-pid----6671----pid-6671
---ebpf-pid----2094----pid-2094
---ebpf-pid----6671----pid-5476
---ebpf-pid----6671----pid-1
---ebpf-pid----373029----pid-373029
---ebpf-pid----373029----pid-5476
---ebpf-pid----373029----pid-1
---ebpf-pid----373029----pid-373029
---ebpf-pid----373029----pid-5476
---ebpf-pid----373029----pid-1
---ebpf-pid----373029----pid-373029
---ebpf-pid----373029----pid-5476
---ebpf-pid----373029----pid-1
---ebpf-pid----373029----pid-373029
---ebpf-pid----373029----pid-5476
---ebpf-pid----373029----pid-1
---ebpf-pid----373029----pid-373029
---ebpf-pid----373029----pid-5476
---ebpf-pid----373029----pid-1
---ebpf-pid----373029----pid-373029
---ebpf-pid----2094----pid-1
---ebpf-pid----5705----pid-5705
---ebpf-pid----373029----pid-5476
---ebpf-pid----5705----pid-5476
---ebpf-pid----373029----pid-1
---ebpf-pid----448784----pid-448784
---ebpf-pid----5705----pid-1
---ebpf-pid----5705----pid-5705
---ebpf-pid----448784----pid-448520
---ebpf-pid----5705----pid-5476
---ebpf-pid----448784----pid-1
---ebpf-pid----448784----pid-448784
---ebpf-pid----5705----pid-1
---ebpf-pid----5705----pid-5705
---ebpf-pid----448784----pid-448520
---ebpf-pid----5705----pid-5476
---ebpf-pid----448784----pid-1
---ebpf-pid----5705----pid-1
---ebpf-pid----448782----pid-448782
---ebpf-pid----5705----pid-5705
---ebpf-pid----448782----pid-448520
---ebpf-pid----5705----pid-5476
---ebpf-pid----448782----pid-1
---ebpf-pid----5705----pid-1
---ebpf-pid----5705----pid-5705
---ebpf-pid----5705----pid-5476
---ebpf-pid----5705----pid-1
---ebpf-pid----5705----pid-5705
---ebpf-pid----5705----pid-5476
---ebpf-pid----5705----pid-1
---ebpf-pid----5705----pid-5705
---ebpf-pid----5705----pid-5476
---ebpf-pid----5705----pid-1
---ebpf-pid----2029----pid-2029
---ebpf-pid----448782----pid-448782
---ebpf-pid----448782----pid-448520
---ebpf-pid----448782----pid-1
---ebpf-pid----448782----pid-448782
---ebpf-pid----448782----pid-448520
---ebpf-pid----448782----pid-1
---ebpf-pid----448783----pid-448783
---ebpf-pid----448783----pid-448520
---ebpf-pid----448783----pid-1
---ebpf-pid----448783----pid-448783
---ebpf-pid----448783----pid-448520
---ebpf-pid----2029----pid-1
---ebpf-pid----448783----pid-1
---ebpf-pid----373029----pid-373029
---ebpf-pid----2029----pid-2029
---ebpf-pid----2029----pid-1
---ebpf-pid----373029----pid-5476
---ebpf-pid----2029----pid-2029
---ebpf-pid----373029----pid-1
---ebpf-pid----373029----pid-373029
---ebpf-pid----2029----pid-1
---ebpf-pid----2029----pid-2029
---ebpf-pid----373029----pid-5476
---ebpf-pid----2029----pid-1
---ebpf-pid----373029----pid-1
---ebpf-pid----2029----pid-2029
---ebpf-pid----379067----pid-379067
---ebpf-pid----2029----pid-1
---ebpf-pid----379067----pid-5476
---ebpf-pid----2029----pid-2029
---ebpf-pid----2029----pid-1
---ebpf-pid----379067----pid-1
---ebpf-pid----2029----pid-2029
---ebpf-pid----373029----pid-373029
---ebpf-pid----2029----pid-1
---ebpf-pid----373029----pid-5476
---ebpf-pid----2029----pid-2029
---ebpf-pid----373029----pid-1
---ebpf-pid----2029----pid-1
---ebpf-pid----373029----pid-373029
---ebpf-pid----2029----pid-2029
---ebpf-pid----373029----pid-5476
---ebpf-pid----2029----pid-1
---ebpf-pid----2029----pid-2029
---ebpf-pid----373029----pid-1
---ebpf-pid----379067----pid-379067
---ebpf-pid----2029----pid-1
---ebpf-pid----2029----pid-2029
---ebpf-pid----379067----pid-5476
---ebpf-pid----2029----pid-1
---ebpf-pid----379067----pid-1
---ebpf-pid----2029----pid-2029
---ebpf-pid----373029----pid-373029
---ebpf-pid----2029----pid-1
---ebpf-pid----373029----pid-5476
---ebpf-pid----2029----pid-2029
---ebpf-pid----373029----pid-1
---ebpf-pid----2029----pid-1
---ebpf-pid----373029----pid-373029
---ebpf-pid----2029----pid-2029
---ebpf-pid----373029----pid-5476
---ebpf-pid----2029----pid-1
---ebpf-pid----2029----pid-2029
---ebpf-pid----373029----pid-1
---ebpf-pid----379067----pid-379067
---ebpf-pid----2029----pid-1
---ebpf-pid----2029----pid-2029
---ebpf-pid----379067----pid-5476
---ebpf-pid----2029----pid-1
---ebpf-pid----379067----pid-1
---ebpf-pid----2029----pid-2029
---ebpf-pid----2029----pid-1
---ebpf-pid----2029----pid-2029
---ebpf-pid----2029----pid-1
---ebpf-pid----2029----pid-2029
---ebpf-pid----2029----pid-1
---ebpf-pid----2029----pid-2029
---ebpf-pid----2029----pid-1
---ebpf-pid----2029----pid-2029
---ebpf-pid----2029----pid-1
---ebpf-pid----2029----pid-2029
---ebpf-pid----2029----pid-1
---ebpf-pid----2029----pid-2029
---ebpf-pid----2029----pid-1
---ebpf-pid----2029----pid-2029
---ebpf-pid----2029----pid-1
---ebpf-pid----2029----pid-2029
---ebpf-pid----5707----pid-5707
---ebpf-pid----5707----pid-5476
---ebpf-pid----5707----pid-1
---ebpf-pid----5707----pid-5707
---ebpf-pid----5707----pid-5476
---ebpf-pid----5707----pid-1
---ebpf-pid----373029----pid-373029
---ebpf-pid----373029----pid-5476
---ebpf-pid----373029----pid-1
---ebpf-pid----373029----pid-373029
---ebpf-pid----373029----pid-5476
---ebpf-pid----373029----pid-1
---ebpf-pid----5707----pid-5707
---ebpf-pid----5707----pid-5476
---ebpf-pid----5707----pid-1
---ebpf-pid----373029----pid-373029
---ebpf-pid----373029----pid-5476
---ebpf-pid----373029----pid-1
---ebpf-pid----2029----pid-1
---ebpf-pid----2029----pid-2029
---ebpf-pid----2029----pid-1
---ebpf-pid----2029----pid-2029
---ebpf-pid----373029----pid-373029
---ebpf-pid----2029----pid-1
---ebpf-pid----2029----pid-2029
---ebpf-pid----373029----pid-5476
---ebpf-pid----373029----pid-1
---ebpf-pid----373029----pid-373029
---ebpf-pid----373029----pid-5476
---ebpf-pid----373029----pid-1
---ebpf-pid----2029----pid-1
---ebpf-pid----5707----pid-5707
---ebpf-pid----2029----pid-2029
---ebpf-pid----5707----pid-5476
---ebpf-pid----2029----pid-1
---ebpf-pid----2029----pid-2029
---ebpf-pid----2029----pid-1
---ebpf-pid----2029----pid-2029
---ebpf-pid----2029----pid-1
---ebpf-pid----2029----pid-2029
---ebpf-pid----2029----pid-1
---ebpf-pid----5705----pid-5705
---ebpf-pid----5707----pid-1
---ebpf-pid----5707----pid-5707
---ebpf-pid----5705----pid-5476
---ebpf-pid----5707----pid-5476
---ebpf-pid----5705----pid-1
---ebpf-pid----5705----pid-5705
---ebpf-pid----5707----pid-1
---ebpf-pid----448783----pid-448783
---ebpf-pid----5705----pid-5476
---ebpf-pid----448783----pid-448520
---ebpf-pid----5705----pid-1
---ebpf-pid----5707----pid-5707
---ebpf-pid----448783----pid-1
---ebpf-pid----2012----pid-2012
---ebpf-pid----5707----pid-5476
---ebpf-pid----5707----pid-1
---ebpf-pid----373029----pid-373029
---ebpf-pid----373029----pid-5476
---ebpf-pid----373029----pid-1
---ebpf-pid----2029----pid-2029
---ebpf-pid----2029----pid-1
---ebpf-pid----2029----pid-2029
---ebpf-pid----2029----pid-1
---ebpf-pid----2029----pid-2029
---ebpf-pid----2029----pid-1
---ebpf-pid----2029----pid-2029
---ebpf-pid----2029----pid-1
---ebpf-pid----2012----pid-1
---ebpf-pid----2012----pid-2012
---ebpf-pid----2012----pid-1
---ebpf-pid----2012----pid-2012
---ebpf-pid----2012----pid-1
---ebpf-pid----2012----pid-2012
---ebpf-pid----2012----pid-1
---ebpf-pid----2012----pid-2012
---ebpf-pid----2012----pid-1
---ebpf-pid----2012----pid-2012
---ebpf-pid----2012----pid-1
---ebpf-pid----2012----pid-2012
---ebpf-pid----2029----pid-2029
---ebpf-pid----2012----pid-1
---ebpf-pid----2012----pid-2012
---ebpf-pid----2029----pid-1
---ebpf-pid----2029----pid-2029
---ebpf-pid----2029----pid-1
---ebpf-pid----2029----pid-2029
---ebpf-pid----2029----pid-1
---ebpf-pid----2029----pid-2029
---ebpf-pid----2029----pid-1
---ebpf-pid----2029----pid-2029
---ebpf-pid----2012----pid-1
---ebpf-pid----2089----pid-2089
---ebpf-pid----2029----pid-1
---ebpf-pid----2029----pid-2029
---ebpf-pid----2089----pid-1
---ebpf-pid----2089----pid-2089
---ebpf-pid----2029----pid-1
---ebpf-pid----2029----pid-2029
---ebpf-pid----2089----pid-1
---ebpf-pid----2089----pid-2089
---ebpf-pid----2029----pid-1
---ebpf-pid----2029----pid-2029
---ebpf-pid----2089----pid-1
---ebpf-pid----2089----pid-2089
---ebpf-pid----2089----pid-1
---ebpf-pid----2089----pid-2089
---ebpf-pid----2089----pid-1
---ebpf-pid----2089----pid-2089
---ebpf-pid----2089----pid-1
---ebpf-pid----2089----pid-2089
---ebpf-pid----2089----pid-1
---ebpf-pid----2029----pid-1
---ebpf-pid----2089----pid-2089
---ebpf-pid----2029----pid-2029
---ebpf-pid----2089----pid-1
---ebpf-pid----2089----pid-2089
---ebpf-pid----2029----pid-1
---ebpf-pid----2029----pid-2029
---ebpf-pid----2089----pid-1
---ebpf-pid----2089----pid-2089
---ebpf-pid----2029----pid-1
---ebpf-pid----2029----pid-2029
---ebpf-pid----2089----pid-1
---ebpf-pid----2089----pid-2089
---ebpf-pid----2029----pid-1
---ebpf-pid----2029----pid-2029
---ebpf-pid----2089----pid-1
---ebpf-pid----2029----pid-1
---ebpf-pid----2089----pid-2089
---ebpf-pid----2029----pid-2029
---ebpf-pid----2089----pid-1
---ebpf-pid----2029----pid-1
---ebpf-pid----2089----pid-2089
---ebpf-pid----2029----pid-2029
---ebpf-pid----2089----pid-1
---ebpf-pid----2029----pid-1
---ebpf-pid----2089----pid-2089
---ebpf-pid----2029----pid-2029
---ebpf-pid----2089----pid-1
---ebpf-pid----2029----pid-1
---ebpf-pid----2089----pid-2089
---ebpf-pid----2029----pid-2029
---ebpf-pid----2089----pid-1
---ebpf-pid----2029----pid-1
---ebpf-pid----2089----pid-2089
---ebpf-pid----2029----pid-2029
---ebpf-pid----2089----pid-1
---ebpf-pid----2029----pid-1
---ebpf-pid----2089----pid-2089
---ebpf-pid----2029----pid-2029
---ebpf-pid----2089----pid-1
---ebpf-pid----2029----pid-1
---ebpf-pid----2089----pid-2089
---ebpf-pid----2029----pid-2029
---ebpf-pid----2089----pid-1
---ebpf-pid----2029----pid-1
---ebpf-pid----2029----pid-2029
---ebpf-pid----2029----pid-1
---ebpf-pid----2029----pid-2029
---ebpf-pid----2029----pid-1
---ebpf-pid----2029----pid-2029
---ebpf-pid----2029----pid-1
---ebpf-pid----2029----pid-2029
---ebpf-pid----2029----pid-1
---ebpf-pid----2029----pid-2029
---ebpf-pid----2029----pid-1
---ebpf-pid----2029----pid-2029
---ebpf-pid----2029----pid-1
---ebpf-pid----2029----pid-2029
---ebpf-pid----2029----pid-1
---ebpf-pid----373029----pid-373029
---ebpf-pid----2089----pid-2089
---ebpf-pid----2089----pid-1
---ebpf-pid----2089----pid-2089
---ebpf-pid----2089----pid-1
---ebpf-pid----2089----pid-2089
---ebpf-pid----2089----pid-1
---ebpf-pid----2089----pid-2089
---ebpf-pid----2089----pid-1
---ebpf-pid----2089----pid-2089
---ebpf-pid----2089----pid-1
---ebpf-pid----2089----pid-2089
---ebpf-pid----2089----pid-1
---ebpf-pid----2089----pid-2089
---ebpf-pid----2089----pid-1
---ebpf-pid----2089----pid-2089
---ebpf-pid----2089----pid-1
---ebpf-pid----2089----pid-2089
---ebpf-pid----2089----pid-1
---ebpf-pid----2089----pid-2089
---ebpf-pid----373029----pid-5476
---ebpf-pid----2089----pid-1
---ebpf-pid----2089----pid-2089
---ebpf-pid----373029----pid-1
---ebpf-pid----373029----pid-373029
---ebpf-pid----2089----pid-1
---ebpf-pid----2089----pid-2089
---ebpf-pid----373029----pid-5476
---ebpf-pid----2089----pid-1
---ebpf-pid----2089----pid-2089
---ebpf-pid----373029----pid-1
---ebpf-pid----373029----pid-373029
---ebpf-pid----2089----pid-1
---ebpf-pid----2089----pid-2089
---ebpf-pid----373029----pid-5476
---ebpf-pid----2089----pid-1
---ebpf-pid----373029----pid-1
---ebpf-pid----2089----pid-2089
---ebpf-pid----373029----pid-373029
---ebpf-pid----2089----pid-1
---ebpf-pid----373029----pid-5476
---ebpf-pid----2089----pid-2089
---ebpf-pid----373029----pid-1
---ebpf-pid----2089----pid-1
---ebpf-pid----373029----pid-373029
---ebpf-pid----2089----pid-2089
---ebpf-pid----373029----pid-5476
---ebpf-pid----2089----pid-1
---ebpf-pid----2089----pid-2089
---ebpf-pid----373029----pid-1
---ebpf-pid----2089----pid-1
---ebpf-pid----373029----pid-373029
---ebpf-pid----2089----pid-2089
---ebpf-pid----373029----pid-5476
---ebpf-pid----2089----pid-1
---ebpf-pid----2089----pid-2089
---ebpf-pid----373029----pid-1
---ebpf-pid----2029----pid-2029
---ebpf-pid----2089----pid-1
---ebpf-pid----2089----pid-2089
---ebpf-pid----2029----pid-1
---ebpf-pid----2029----pid-2029
---ebpf-pid----2089----pid-1
---ebpf-pid----2089----pid-2089
---ebpf-pid----2029----pid-1
---ebpf-pid----2029----pid-2029
---ebpf-pid----2089----pid-1
---ebpf-pid----2089----pid-2089
---ebpf-pid----2029----pid-1
---ebpf-pid----2029----pid-2029
---ebpf-pid----2089----pid-1
---ebpf-pid----2089----pid-2089
---ebpf-pid----2029----pid-1
---ebpf-pid----2029----pid-2029
---ebpf-pid----2089----pid-1
---ebpf-pid----2089----pid-2089
---ebpf-pid----2029----pid-1
---ebpf-pid----2029----pid-2029
---ebpf-pid----2089----pid-1
---ebpf-pid----2089----pid-2089
---ebpf-pid----2029----pid-1
---ebpf-pid----2029----pid-2029
---ebpf-pid----2089----pid-1
---ebpf-pid----2089----pid-2089
---ebpf-pid----2029----pid-1
---ebpf-pid----2029----pid-2029
---ebpf-pid----2089----pid-1
---ebpf-pid----2089----pid-2089
---ebpf-pid----2029----pid-1
---ebpf-pid----2029----pid-2029
---ebpf-pid----2029----pid-1
---ebpf-pid----2029----pid-2029
---ebpf-pid----2029----pid-1
---ebpf-pid----2029----pid-2029
---ebpf-pid----2029----pid-1
---ebpf-pid----2029----pid-2029
---ebpf-pid----2029----pid-1
---ebpf-pid----2029----pid-2029
---ebpf-pid----2029----pid-1
---ebpf-pid----2029----pid-2029
---ebpf-pid----2029----pid-1
---ebpf-pid----2029----pid-2029
---ebpf-pid----2029----pid-1
---ebpf-pid----2029----pid-2029
---ebpf-pid----2029----pid-1
---ebpf-pid----2029----pid-2029
---ebpf-pid----2029----pid-1
---ebpf-pid----2088----pid-2088
---ebpf-pid----2088----pid-1
---ebpf-pid----2029----pid-2029
---ebpf-pid----2029----pid-1
---ebpf-pid----2029----pid-2029
---ebpf-pid----2029----pid-1
---ebpf-pid----2029----pid-2029
---ebpf-pid----2029----pid-1
---ebpf-pid----2029----pid-2029
---ebpf-pid----2029----pid-1
---ebpf-pid----2029----pid-2029
---ebpf-pid----2029----pid-1
---ebpf-pid----2029----pid-2029
---ebpf-pid----2029----pid-1
---ebpf-pid----2029----pid-2029
---ebpf-pid----2029----pid-1
---ebpf-pid----2029----pid-2029
---ebpf-pid----2089----pid-1
---ebpf-pid----2089----pid-2089
---ebpf-pid----2089----pid-1
---ebpf-pid----2089----pid-2089
---ebpf-pid----2089----pid-1
---ebpf-pid----5707----pid-5707
---ebpf-pid----5707----pid-5476
---ebpf-pid----5707----pid-1
---ebpf-pid----5707----pid-5707
---ebpf-pid----5707----pid-5476
---ebpf-pid----5707----pid-1
---ebpf-pid----5707----pid-5707
---ebpf-pid----5707----pid-5476
---ebpf-pid----5707----pid-1
---ebpf-pid----5707----pid-5707
---ebpf-pid----5707----pid-5476
---ebpf-pid----5707----pid-1
---ebpf-pid----5707----pid-5707
---ebpf-pid----5707----pid-5476
---ebpf-pid----5707----pid-1
---ebpf-pid----5707----pid-5707
---ebpf-pid----5707----pid-5476
---ebpf-pid----5707----pid-1
---ebpf-pid----5707----pid-5707
---ebpf-pid----5707----pid-5476
---ebpf-pid----5707----pid-1
---ebpf-pid----5707----pid-5707
---ebpf-pid----5707----pid-5476
---ebpf-pid----2029----pid-1
---ebpf-pid----2029----pid-2029
---ebpf-pid----5707----pid-1
---ebpf-pid----5707----pid-5707
---ebpf-pid----2029----pid-1
---ebpf-pid----2029----pid-2029
---ebpf-pid----5707----pid-5476
---ebpf-pid----2029----pid-1
---ebpf-pid----5707----pid-1
---ebpf-pid----2029----pid-2029
---ebpf-pid----2094----pid-2094
---ebpf-pid----2029----pid-1
---ebpf-pid----2094----pid-1
---ebpf-pid----2094----pid-2094
---ebpf-pid----2029----pid-2029
---ebpf-pid----2094----pid-1
---ebpf-pid----2029----pid-1
---ebpf-pid----2094----pid-2094
---ebpf-pid----2029----pid-2029
---ebpf-pid----2094----pid-1
---ebpf-pid----2094----pid-2094
---ebpf-pid----2029----pid-1
---ebpf-pid----2029----pid-2029
---ebpf-pid----2094----pid-1
---ebpf-pid----2094----pid-2094
---ebpf-pid----2029----pid-1
---ebpf-pid----2029----pid-2029
---ebpf-pid----2094----pid-1
---ebpf-pid----2094----pid-2094
---ebpf-pid----2029----pid-1
---ebpf-pid----2029----pid-2029
---ebpf-pid----2094----pid-1
---ebpf-pid----2094----pid-2094
---ebpf-pid----2029----pid-1
---ebpf-pid----2029----pid-2029
---ebpf-pid----2094----pid-1
---ebpf-pid----2094----pid-2094
---ebpf-pid----2029----pid-1
---ebpf-pid----2029----pid-2029
---ebpf-pid----2094----pid-1
---ebpf-pid----2094----pid-2094
---ebpf-pid----2029----pid-1
---ebpf-pid----2029----pid-2029
---ebpf-pid----2094----pid-1
---ebpf-pid----2094----pid-2094
---ebpf-pid----2029----pid-1
---ebpf-pid----2029----pid-2029
---ebpf-pid----2029----pid-1
---ebpf-pid----2029----pid-2029
---ebpf-pid----2029----pid-1
---ebpf-pid----2029----pid-2029
---ebpf-pid----2029----pid-1
---ebpf-pid----2029----pid-2029
---ebpf-pid----2029----pid-1
---ebpf-pid----2029----pid-2029
---ebpf-pid----2029----pid-1
---ebpf-pid----2029----pid-2029
---ebpf-pid----2029----pid-1
---ebpf-pid----2029----pid-2029
---ebpf-pid----2029----pid-1
---ebpf-pid----2029----pid-2029
---ebpf-pid----2094----pid-1
---ebpf-pid----2094----pid-2094
---ebpf-pid----2094----pid-1
---ebpf-pid----2094----pid-2094
---ebpf-pid----2094----pid-1
---ebpf-pid----2094----pid-2094
---ebpf-pid----2094----pid-1
---ebpf-pid----2094----pid-2094
---ebpf-pid----2094----pid-1
---ebpf-pid----2094----pid-2094
---ebpf-pid----2094----pid-1
---ebpf-pid----2094----pid-2094
---ebpf-pid----2094----pid-1
---ebpf-pid----2094----pid-2094
---ebpf-pid----2094----pid-1
---ebpf-pid----2094----pid-2094
---ebpf-pid----2094----pid-1
---ebpf-pid----2094----pid-2094
---ebpf-pid----2094----pid-1
---ebpf-pid----2094----pid-2094
---ebpf-pid----2094----pid-1
---ebpf-pid----2094----pid-2094
---ebpf-pid----2094----pid-1
---ebpf-pid----2094----pid-2094
---ebpf-pid----2094----pid-1
---ebpf-pid----2094----pid-2094
---ebpf-pid----2094----pid-1
---ebpf-pid----2094----pid-2094
---ebpf-pid----2094----pid-1
---ebpf-pid----2094----pid-2094
---ebpf-pid----2094----pid-1
---ebpf-pid----2094----pid-2094
---ebpf-pid----2094----pid-1
---ebpf-pid----2094----pid-2094
---ebpf-pid----2094----pid-1
---ebpf-pid----2094----pid-2094
---ebpf-pid----2094----pid-1
---ebpf-pid----2094----pid-2094
---ebpf-pid----2094----pid-1
---ebpf-pid----2094----pid-2094
---ebpf-pid----2094----pid-1
---ebpf-pid----2094----pid-2094
---ebpf-pid----2029----pid-1
---ebpf-pid----2029----pid-2029
---ebpf-pid----2029----pid-1
---ebpf-pid----2029----pid-2029
---ebpf-pid----2029----pid-1
---ebpf-pid----373029----pid-373029
---ebpf-pid----373029----pid-5476
---ebpf-pid----373029----pid-1
---ebpf-pid----373029----pid-373029
---ebpf-pid----373029----pid-5476
---ebpf-pid----2094----pid-1
---ebpf-pid----2094----pid-2094
---ebpf-pid----2094----pid-1
---ebpf-pid----2094----pid-2094
---ebpf-pid----2094----pid-1
---ebpf-pid----2094----pid-2094
---ebpf-pid----2094----pid-1
---ebpf-pid----2094----pid-2094
---ebpf-pid----2094----pid-1
---ebpf-pid----2094----pid-2094
---ebpf-pid----2094----pid-1
---ebpf-pid----2094----pid-2094
---ebpf-pid----2094----pid-1
---ebpf-pid----373029----pid-1
---ebpf-pid----373029----pid-373029
---ebpf-pid----2094----pid-2094
---ebpf-pid----2094----pid-1
---ebpf-pid----373029----pid-5476
---ebpf-pid----2094----pid-2094
---ebpf-pid----373029----pid-1
---ebpf-pid----5705----pid-5705
---ebpf-pid----2094----pid-1
---ebpf-pid----7312----pid-7312
---ebpf-pid----5705----pid-5476
---ebpf-pid----7312----pid-1
---ebpf-pid----5705----pid-1
---ebpf-pid----2094----pid-2094
---ebpf-pid----5705----pid-5705
---ebpf-pid----2094----pid-1
---ebpf-pid----5705----pid-5476
---ebpf-pid----2094----pid-2094
---ebpf-pid----2094----pid-1
---ebpf-pid----5705----pid-1
---ebpf-pid----2094----pid-2094
---ebpf-pid----373029----pid-373029
---ebpf-pid----2094----pid-1
---ebpf-pid----373029----pid-5476
---ebpf-pid----2094----pid-2094
---ebpf-pid----373029----pid-1
---ebpf-pid----2094----pid-1
---ebpf-pid----379067----pid-379067
---ebpf-pid----2094----pid-2094
---ebpf-pid----379067----pid-5476
---ebpf-pid----2094----pid-1
---ebpf-pid----2094----pid-2094
---ebpf-pid----379067----pid-1
---ebpf-pid----379067----pid-379067
---ebpf-pid----2094----pid-1
---ebpf-pid----2094----pid-2094
---ebpf-pid----379067----pid-5476
---ebpf-pid----2094----pid-1
---ebpf-pid----379067----pid-1
---ebpf-pid----2094----pid-2094
---ebpf-pid----373029----pid-373029
---ebpf-pid----2094----pid-1
---ebpf-pid----373029----pid-5476
---ebpf-pid----2094----pid-2094
---ebpf-pid----373029----pid-1
---ebpf-pid----2094----pid-1
---ebpf-pid----2094----pid-2094
---ebpf-pid----2094----pid-1
---ebpf-pid----2094----pid-2094
---ebpf-pid----2094----pid-1
---ebpf-pid----2094----pid-2094
---ebpf-pid----2094----pid-1
---ebpf-pid----2094----pid-2094
---ebpf-pid----2094----pid-1
---ebpf-pid----2094----pid-2094
---ebpf-pid----2094----pid-1
---ebpf-pid----2094----pid-2094
---ebpf-pid----2094----pid-2094
---ebpf-pid----2094----pid-1
---ebpf-pid----2094----pid-1
---ebpf-pid----2094----pid-2094
---ebpf-pid----2094----pid-2094
---ebpf-pid----2094----pid-1
---ebpf-pid----2094----pid-1
---ebpf-pid----2094----pid-2094
---ebpf-pid----2094----pid-2094
---ebpf-pid----2094----pid-1
---ebpf-pid----2094----pid-2094
---ebpf-pid----2094----pid-1
---ebpf-pid----2088----pid-2088
---ebpf-pid----2088----pid-1
---ebpf-pid----2088----pid-2088
---ebpf-pid----2088----pid-1
---ebpf-pid----2088----pid-2088
---ebpf-pid----2088----pid-1
---ebpf-pid----2088----pid-2088
---ebpf-pid----2088----pid-1
---ebpf-pid----2088----pid-2088
---ebpf-pid----2088----pid-1
---ebpf-pid----2088----pid-2088
---ebpf-pid----2088----pid-1
---ebpf-pid----2088----pid-2088
---ebpf-pid----2088----pid-1
---ebpf-pid----2088----pid-2088
---ebpf-pid----2088----pid-1
---ebpf-pid----2088----pid-2088
---ebpf-pid----2088----pid-1
---ebpf-pid----2088----pid-2088
---ebpf-pid----2088----pid-1
---ebpf-pid----2088----pid-2088
---ebpf-pid----2088----pid-1
---ebpf-pid----2094----pid-1
---ebpf-pid----2088----pid-2088
---ebpf-pid----2094----pid-2094
---ebpf-pid----2088----pid-1
---ebpf-pid----2094----pid-1
---ebpf-pid----2088----pid-2088
---ebpf-pid----2094----pid-2094
---ebpf-pid----2088----pid-1
---ebpf-pid----2088----pid-2088
---ebpf-pid----2094----pid-1
---ebpf-pid----2094----pid-2094
---ebpf-pid----2088----pid-1
---ebpf-pid----2094----pid-1
---ebpf-pid----2012----pid-2012
---ebpf-pid----2094----pid-2094
---ebpf-pid----2012----pid-1
---ebpf-pid----2094----pid-1
---ebpf-pid----2012----pid-2012
---ebpf-pid----2094----pid-2094
---ebpf-pid----2094----pid-1
---ebpf-pid----2094----pid-2094
---ebpf-pid----2094----pid-1
---ebpf-pid----2094----pid-2094
---ebpf-pid----2094----pid-1
---ebpf-pid----2094----pid-2094
---ebpf-pid----2094----pid-1
---ebpf-pid----2094----pid-2094
---ebpf-pid----2094----pid-1
---ebpf-pid----2094----pid-2094
---ebpf-pid----2094----pid-1
---ebpf-pid----2094----pid-2094
---ebpf-pid----2012----pid-1
---ebpf-pid----2012----pid-2012
---ebpf-pid----2094----pid-1
---ebpf-pid----2094----pid-2094
---ebpf-pid----2012----pid-1
---ebpf-pid----2012----pid-2012
---ebpf-pid----2094----pid-1
---ebpf-pid----2094----pid-2094
---ebpf-pid----2012----pid-1
---ebpf-pid----2012----pid-2012
---ebpf-pid----2094----pid-1
---ebpf-pid----2094----pid-2094
---ebpf-pid----2012----pid-1
---ebpf-pid----2012----pid-2012
---ebpf-pid----2094----pid-1
---ebpf-pid----2094----pid-2094
---ebpf-pid----2012----pid-1
---ebpf-pid----2012----pid-2012
---ebpf-pid----2094----pid-1
---ebpf-pid----2094----pid-2094
---ebpf-pid----2012----pid-1
---ebpf-pid----2012----pid-2012
---ebpf-pid----2094----pid-1
---ebpf-pid----2094----pid-2094
---ebpf-pid----2012----pid-1
---ebpf-pid----2012----pid-2012
---ebpf-pid----2094----pid-1
---ebpf-pid----2094----pid-2094
---ebpf-pid----2012----pid-1
---ebpf-pid----5705----pid-5705
---ebpf-pid----2094----pid-1
---ebpf-pid----2094----pid-2094
---ebpf-pid----5705----pid-5476
---ebpf-pid----5705----pid-1
---ebpf-pid----5705----pid-5705
---ebpf-pid----5705----pid-5476
---ebpf-pid----5705----pid-1
---ebpf-pid----5705----pid-5705
---ebpf-pid----5705----pid-5476
---ebpf-pid----5705----pid-1
---ebpf-pid----5705----pid-5705
---ebpf-pid----5705----pid-5476
---ebpf-pid----5705----pid-1
---ebpf-pid----5705----pid-5705
---ebpf-pid----5705----pid-5476
---ebpf-pid----5705----pid-1
---ebpf-pid----5705----pid-5705
---ebpf-pid----5705----pid-5476
---ebpf-pid----5705----pid-1
---ebpf-pid----5705----pid-5705
---ebpf-pid----5705----pid-5476
---ebpf-pid----5705----pid-1
---ebpf-pid----5705----pid-5705
---ebpf-pid----5705----pid-5476
---ebpf-pid----5705----pid-1
---ebpf-pid----5705----pid-5705
---ebpf-pid----5705----pid-5476
---ebpf-pid----5705----pid-1
---ebpf-pid----373029----pid-373029
---ebpf-pid----373029----pid-5476
---ebpf-pid----373029----pid-1
---ebpf-pid----373029----pid-373029
---ebpf-pid----373029----pid-5476
---ebpf-pid----2094----pid-1
---ebpf-pid----2094----pid-2094
---ebpf-pid----373029----pid-1
---ebpf-pid----373029----pid-373029
---ebpf-pid----2094----pid-1
---ebpf-pid----2094----pid-2094
---ebpf-pid----373029----pid-5476
---ebpf-pid----2094----pid-1
---ebpf-pid----373029----pid-1
---ebpf-pid----2094----pid-2094
---ebpf-pid----373029----pid-373029
---ebpf-pid----2094----pid-1
---ebpf-pid----2094----pid-2094
---ebpf-pid----2094----pid-1
---ebpf-pid----2094----pid-2094
---ebpf-pid----2094----pid-1
---ebpf-pid----2094----pid-2094
---ebpf-pid----2094----pid-1
---ebpf-pid----2094----pid-2094
---ebpf-pid----2094----pid-1
---ebpf-pid----2094----pid-2094
---ebpf-pid----2094----pid-1
---ebpf-pid----2094----pid-2094
---ebpf-pid----2094----pid-1
---ebpf-pid----2094----pid-2094
---ebpf-pid----2094----pid-1
---ebpf-pid----2094----pid-2094
---ebpf-pid----2094----pid-1
---ebpf-pid----2094----pid-2094
---ebpf-pid----2094----pid-1
---ebpf-pid----2094----pid-2094
---ebpf-pid----2094----pid-1
---ebpf-pid----448783----pid-448783
---ebpf-pid----448783----pid-448520
---ebpf-pid----448783----pid-1
---ebpf-pid----373029----pid-5476
---ebpf-pid----448783----pid-448783
---ebpf-pid----373029----pid-1
---ebpf-pid----448783----pid-448520
---ebpf-pid----373029----pid-373029
---ebpf-pid----448783----pid-1
---ebpf-pid----373029----pid-5476
---ebpf-pid----448783----pid-448783
---ebpf-pid----373029----pid-1
---ebpf-pid----373029----pid-373029
---ebpf-pid----373029----pid-5476
---ebpf-pid----373029----pid-1
---ebpf-pid----373029----pid-373029
---ebpf-pid----373029----pid-5476
---ebpf-pid----448783----pid-448520
---ebpf-pid----373029----pid-1
---ebpf-pid----448783----pid-1
---ebpf-pid----373029----pid-373029
---ebpf-pid----5707----pid-5707
---ebpf-pid----373029----pid-5476
---ebpf-pid----5707----pid-5476
---ebpf-pid----373029----pid-1
---ebpf-pid----5707----pid-1
---ebpf-pid----373029----pid-373029
---ebpf-pid----5707----pid-5707
---ebpf-pid----373029----pid-5476
---ebpf-pid----5707----pid-5476
---ebpf-pid----373029----pid-1
---ebpf-pid----5707----pid-1
---ebpf-pid----373029----pid-373029
---ebpf-pid----373029----pid-5476
---ebpf-pid----373029----pid-1
---ebpf-pid----2089----pid-2089
---ebpf-pid----2089----pid-1
---ebpf-pid----2089----pid-2089
---ebpf-pid----2089----pid-1
---ebpf-pid----2089----pid-2089
---ebpf-pid----2089----pid-1
---ebpf-pid----2089----pid-2089
---ebpf-pid----2089----pid-1
---ebpf-pid----2089----pid-2089
---ebpf-pid----2089----pid-1
---ebpf-pid----5707----pid-5707
---ebpf-pid----2089----pid-2089
---ebpf-pid----5707----pid-5476
---ebpf-pid----5707----pid-1
---ebpf-pid----5707----pid-5707
---ebpf-pid----5707----pid-5476
---ebpf-pid----5707----pid-1
---ebpf-pid----5707----pid-5707
---ebpf-pid----5707----pid-5476
---ebpf-pid----5707----pid-1
---ebpf-pid----5707----pid-5707
---ebpf-pid----5707----pid-5476
---ebpf-pid----5707----pid-1
---ebpf-pid----5707----pid-5707
---ebpf-pid----5707----pid-5476
---ebpf-pid----5707----pid-1
---ebpf-pid----5707----pid-5707
---ebpf-pid----5707----pid-5476
---ebpf-pid----5707----pid-1
---ebpf-pid----448783----pid-448783
---ebpf-pid----2089----pid-1
---ebpf-pid----448783----pid-448520
---ebpf-pid----2089----pid-2089
---ebpf-pid----448783----pid-1
---ebpf-pid----2089----pid-1
---ebpf-pid----448783----pid-448783
---ebpf-pid----2089----pid-2089
---ebpf-pid----448783----pid-448520
---ebpf-pid----2089----pid-1
---ebpf-pid----2089----pid-2089
---ebpf-pid----448783----pid-1
---ebpf-pid----448783----pid-448783
---ebpf-pid----2089----pid-1
---ebpf-pid----2089----pid-2089
---ebpf-pid----448783----pid-448520
---ebpf-pid----2089----pid-1
---ebpf-pid----2089----pid-2089
---ebpf-pid----448783----pid-1
---ebpf-pid----448783----pid-448783
---ebpf-pid----2089----pid-1
---ebpf-pid----2089----pid-2089
---ebpf-pid----448783----pid-448520
---ebpf-pid----2089----pid-1
---ebpf-pid----448783----pid-1
---ebpf-pid----2089----pid-2089
---ebpf-pid----2089----pid-1
---ebpf-pid----2089----pid-2089
---ebpf-pid----2089----pid-1
---ebpf-pid----2089----pid-2089
---ebpf-pid----2089----pid-1
---ebpf-pid----2089----pid-2089
---ebpf-pid----2089----pid-1
---ebpf-pid----2089----pid-2089
---ebpf-pid----2089----pid-1
---ebpf-pid----2089----pid-2089
---ebpf-pid----2089----pid-1
---ebpf-pid----2089----pid-2089
---ebpf-pid----2089----pid-1
---ebpf-pid----2089----pid-2089
---ebpf-pid----2089----pid-1
---ebpf-pid----373029----pid-373029
---ebpf-pid----373029----pid-5476
---ebpf-pid----448783----pid-448783
---ebpf-pid----373029----pid-1
---ebpf-pid----448783----pid-448520
---ebpf-pid----373029----pid-373029
---ebpf-pid----448783----pid-1
---ebpf-pid----373029----pid-5476
---ebpf-pid----5490----pid-5490
---ebpf-pid----373029----pid-1
---ebpf-pid----5490----pid-1
---ebpf-pid----373029----pid-373029
---ebpf-pid----448783----pid-448783
---ebpf-pid----373029----pid-5476
---ebpf-pid----448783----pid-448520
---ebpf-pid----373029----pid-1
---ebpf-pid----448783----pid-1
---ebpf-pid----373029----pid-373029
---ebpf-pid----5705----pid-5705
---ebpf-pid----373029----pid-5476
---ebpf-pid----5705----pid-5476
---ebpf-pid----5705----pid-1
---ebpf-pid----5707----pid-5707
---ebpf-pid----5707----pid-5476
---ebpf-pid----5707----pid-1
---ebpf-pid----5707----pid-5707
---ebpf-pid----5707----pid-5476
---ebpf-pid----5707----pid-1
---ebpf-pid----5707----pid-5707
---ebpf-pid----5707----pid-5476
---ebpf-pid----5707----pid-1
---ebpf-pid----5707----pid-5707
---ebpf-pid----5707----pid-5476
---ebpf-pid----5707----pid-1
---ebpf-pid----5705----pid-5705
---ebpf-pid----5705----pid-5476
---ebpf-pid----5705----pid-1
---ebpf-pid----5705----pid-5705
---ebpf-pid----5705----pid-5476
---ebpf-pid----373029----pid-1
---ebpf-pid----373029----pid-373029
---ebpf-pid----373029----pid-5476
---ebpf-pid----373029----pid-1
---ebpf-pid----373029----pid-373029
---ebpf-pid----5705----pid-1
---ebpf-pid----5705----pid-5705
---ebpf-pid----5705----pid-5476
---ebpf-pid----5705----pid-1
---ebpf-pid----5707----pid-5707
---ebpf-pid----373029----pid-5476
---ebpf-pid----5707----pid-5476
---ebpf-pid----373029----pid-1
---ebpf-pid----5707----pid-1
---ebpf-pid----373029----pid-373029
---ebpf-pid----5707----pid-5707
---ebpf-pid----373029----pid-5476
---ebpf-pid----5707----pid-5476
---ebpf-pid----373029----pid-1
---ebpf-pid----5707----pid-1
---ebpf-pid----373029----pid-373029
---ebpf-pid----5707----pid-5707
---ebpf-pid----373029----pid-5476
---ebpf-pid----5707----pid-5476
---ebpf-pid----373029----pid-1
---ebpf-pid----5707----pid-1
---ebpf-pid----373029----pid-373029
---ebpf-pid----14----pid-14
---ebpf-pid----373029----pid-5476
---ebpf-pid----14----pid-2
---ebpf-pid----5707----pid-5707
---ebpf-pid----373029----pid-1
---ebpf-pid----373029----pid-373029
---ebpf-pid----5707----pid-5476
---ebpf-pid----373029----pid-5476
---ebpf-pid----5707----pid-1
---ebpf-pid----5707----pid-5707
---ebpf-pid----373029----pid-1
---ebpf-pid----2089----pid-2089
---ebpf-pid----2089----pid-1
---ebpf-pid----2089----pid-2089
---ebpf-pid----2089----pid-1
---ebpf-pid----2089----pid-2089
---ebpf-pid----2089----pid-1
---ebpf-pid----2089----pid-2089
---ebpf-pid----2089----pid-1
---ebpf-pid----2089----pid-2089
---ebpf-pid----2089----pid-1
---ebpf-pid----2089----pid-2089
---ebpf-pid----2089----pid-1
---ebpf-pid----2089----pid-2089
---ebpf-pid----2089----pid-1
---ebpf-pid----2089----pid-2089
---ebpf-pid----2089----pid-1
---ebpf-pid----2089----pid-2089
---ebpf-pid----2089----pid-1
---ebpf-pid----5707----pid-5476
---ebpf-pid----2089----pid-2089
---ebpf-pid----2089----pid-1
---ebpf-pid----5707----pid-1
---ebpf-pid----373029----pid-373029
---ebpf-pid----5707----pid-5707
---ebpf-pid----5707----pid-5476
---ebpf-pid----373029----pid-5476
---ebpf-pid----5707----pid-1
---ebpf-pid----373029----pid-1
---ebpf-pid----5707----pid-5707
---ebpf-pid----373029----pid-373029
---ebpf-pid----5707----pid-5476
---ebpf-pid----373029----pid-5476
---ebpf-pid----5707----pid-1
---ebpf-pid----373029----pid-1
---ebpf-pid----5707----pid-5707
---ebpf-pid----373029----pid-373029
---ebpf-pid----5707----pid-5476
---ebpf-pid----5707----pid-1
---ebpf-pid----5707----pid-5707
---ebpf-pid----5707----pid-5476
---ebpf-pid----5707----pid-1
---ebpf-pid----5707----pid-5707
---ebpf-pid----5707----pid-5476
---ebpf-pid----5707----pid-1
---ebpf-pid----5707----pid-5707
---ebpf-pid----5707----pid-5476
---ebpf-pid----5707----pid-1
---ebpf-pid----5707----pid-5707
---ebpf-pid----5707----pid-5476
---ebpf-pid----373029----pid-5476
---ebpf-pid----373029----pid-1
---ebpf-pid----373029----pid-373029
---ebpf-pid----373029----pid-5476
---ebpf-pid----5707----pid-1
---ebpf-pid----5707----pid-5707
---ebpf-pid----5707----pid-5476
---ebpf-pid----373029----pid-1
---ebpf-pid----373029----pid-373029
---ebpf-pid----373029----pid-5476
---ebpf-pid----5707----pid-1
---ebpf-pid----5707----pid-5707
---ebpf-pid----5707----pid-5476
---ebpf-pid----373029----pid-1
---ebpf-pid----373029----pid-373029
---ebpf-pid----373029----pid-5476
---ebpf-pid----5707----pid-1
---ebpf-pid----5707----pid-5707
---ebpf-pid----373029----pid-1
---ebpf-pid----373029----pid-373029
---ebpf-pid----5707----pid-5476
---ebpf-pid----373029----pid-5476
---ebpf-pid----5707----pid-1
---ebpf-pid----5707----pid-5707
---ebpf-pid----373029----pid-1
---ebpf-pid----373029----pid-373029
---ebpf-pid----5707----pid-5476
---ebpf-pid----373029----pid-5476
---ebpf-pid----5707----pid-1
---ebpf-pid----5707----pid-5707
---ebpf-pid----373029----pid-1
---ebpf-pid----373029----pid-373029
---ebpf-pid----5707----pid-5476
---ebpf-pid----373029----pid-5476
---ebpf-pid----5707----pid-1
---ebpf-pid----5703----pid-5703
---ebpf-pid----373029----pid-1
---ebpf-pid----373029----pid-373029
---ebpf-pid----5703----pid-5476
---ebpf-pid----5703----pid-1
---ebpf-pid----5707----pid-5707
---ebpf-pid----5707----pid-5476
---ebpf-pid----5707----pid-1
---ebpf-pid----5707----pid-5707
---ebpf-pid----5707----pid-5476
---ebpf-pid----5707----pid-1
---ebpf-pid----5707----pid-5707
---ebpf-pid----5707----pid-5476
---ebpf-pid----5707----pid-1
---ebpf-pid----5707----pid-5707
---ebpf-pid----5707----pid-5476
---ebpf-pid----373029----pid-5476
---ebpf-pid----373029----pid-1
---ebpf-pid----2029----pid-2029
---ebpf-pid----2029----pid-1
---ebpf-pid----2029----pid-2029
---ebpf-pid----2029----pid-1
---ebpf-pid----2029----pid-2029
---ebpf-pid----2029----pid-1
---ebpf-pid----2029----pid-2029
---ebpf-pid----2029----pid-1
---ebpf-pid----2029----pid-2029
---ebpf-pid----2029----pid-1
---ebpf-pid----2029----pid-2029
---ebpf-pid----2029----pid-1
---ebpf-pid----2029----pid-2029
---ebpf-pid----2029----pid-1
---ebpf-pid----2029----pid-2029
---ebpf-pid----2029----pid-1
---ebpf-pid----2029----pid-2029
---ebpf-pid----5707----pid-1
---ebpf-pid----5707----pid-5707
---ebpf-pid----2029----pid-1
---ebpf-pid----2029----pid-2029
---ebpf-pid----5707----pid-5476
---ebpf-pid----2029----pid-1
---ebpf-pid----5707----pid-1
---ebpf-pid----2089----pid-2089
---ebpf-pid----5707----pid-5707
---ebpf-pid----2089----pid-1
---ebpf-pid----5707----pid-5476
---ebpf-pid----2089----pid-2089
---ebpf-pid----2089----pid-1
---ebpf-pid----5707----pid-1
---ebpf-pid----2094----pid-2094
---ebpf-pid----5707----pid-5707
---ebpf-pid----5707----pid-5476
---ebpf-pid----2094----pid-1
---ebpf-pid----2094----pid-2094
---ebpf-pid----5707----pid-1
---ebpf-pid----5707----pid-5707
---ebpf-pid----2094----pid-1
---ebpf-pid----2094----pid-2094
---ebpf-pid----5707----pid-5476
---ebpf-pid----2094----pid-1
---ebpf-pid----5707----pid-1
---ebpf-pid----5707----pid-5707
---ebpf-pid----5707----pid-5476
---ebpf-pid----5707----pid-1
---ebpf-pid----5707----pid-5707
---ebpf-pid----5707----pid-5476
---ebpf-pid----5707----pid-1
---ebpf-pid----2088----pid-2088
---ebpf-pid----2088----pid-1
---ebpf-pid----2088----pid-2088
---ebpf-pid----2088----pid-1
---ebpf-pid----2094----pid-2094
---ebpf-pid----2088----pid-2088
---ebpf-pid----2094----pid-1
---ebpf-pid----2088----pid-1
---ebpf-pid----2094----pid-2094
---ebpf-pid----2088----pid-2088
---ebpf-pid----2094----pid-1
---ebpf-pid----2088----pid-1
---ebpf-pid----2094----pid-2094
---ebpf-pid----2088----pid-2088
---ebpf-pid----2094----pid-1
---ebpf-pid----2088----pid-1
---ebpf-pid----2094----pid-2094
---ebpf-pid----2088----pid-2088
---ebpf-pid----2094----pid-1
---ebpf-pid----2088----pid-1
---ebpf-pid----2094----pid-2094
---ebpf-pid----2088----pid-2088
---ebpf-pid----2094----pid-1
---ebpf-pid----2088----pid-1
---ebpf-pid----2012----pid-2012
---ebpf-pid----2088----pid-2088
---ebpf-pid----2012----pid-1
---ebpf-pid----2088----pid-1
---ebpf-pid----2012----pid-2012
---ebpf-pid----2088----pid-2088
---ebpf-pid----2012----pid-1
---ebpf-pid----2088----pid-1
---ebpf-pid----2012----pid-2012
---ebpf-pid----2088----pid-2088
---ebpf-pid----2012----pid-1
---ebpf-pid----2088----pid-1
---ebpf-pid----2012----pid-2012
---ebpf-pid----373029----pid-373029
---ebpf-pid----2012----pid-1
---ebpf-pid----2012----pid-2012
---ebpf-pid----2012----pid-1
---ebpf-pid----2012----pid-2012
---ebpf-pid----2012----pid-1
---ebpf-pid----2012----pid-2012
---ebpf-pid----2012----pid-1
---ebpf-pid----2012----pid-2012
---ebpf-pid----2012----pid-1
---ebpf-pid----2012----pid-2012
---ebpf-pid----2012----pid-1
---ebpf-pid----2012----pid-2012
---ebpf-pid----2012----pid-1
---ebpf-pid----2012----pid-2012
---ebpf-pid----2012----pid-1
---ebpf-pid----2012----pid-2012
---ebpf-pid----2012----pid-1
---ebpf-pid----2012----pid-2012
---ebpf-pid----2012----pid-1
---ebpf-pid----2012----pid-2012
---ebpf-pid----2012----pid-1
---ebpf-pid----2012----pid-2012
---ebpf-pid----2012----pid-1
---ebpf-pid----2012----pid-2012
---ebpf-pid----2012----pid-1
---ebpf-pid----2012----pid-2012
---ebpf-pid----2012----pid-1
---ebpf-pid----2012----pid-2012
---ebpf-pid----373029----pid-5476
---ebpf-pid----373029----pid-1
---ebpf-pid----373029----pid-373029
---ebpf-pid----373029----pid-5476
---ebpf-pid----2012----pid-1
---ebpf-pid----373029----pid-1
---ebpf-pid----2012----pid-2012
---ebpf-pid----373029----pid-373029
---ebpf-pid----2012----pid-1
---ebpf-pid----373029----pid-5476
---ebpf-pid----2012----pid-2012
---ebpf-pid----373029----pid-1
---ebpf-pid----2012----pid-1
---ebpf-pid----373029----pid-373029
---ebpf-pid----379067----pid-379067
---ebpf-pid----373029----pid-5476
---ebpf-pid----379067----pid-5476
---ebpf-pid----373029----pid-1
---ebpf-pid----373029----pid-373029
---ebpf-pid----373029----pid-5476
---ebpf-pid----373029----pid-1
---ebpf-pid----373029----pid-373029
---ebpf-pid----373029----pid-5476
---ebpf-pid----373029----pid-1
---ebpf-pid----373029----pid-373029
---ebpf-pid----373029----pid-5476
---ebpf-pid----373029----pid-1
---ebpf-pid----373029----pid-373029
---ebpf-pid----373029----pid-5476
---ebpf-pid----373029----pid-1
---ebpf-pid----379067----pid-1
---ebpf-pid----373029----pid-373029
---ebpf-pid----379067----pid-379067
---ebpf-pid----379067----pid-5476
---ebpf-pid----373029----pid-5476
---ebpf-pid----379067----pid-1
---ebpf-pid----373029----pid-1
---ebpf-pid----379067----pid-379067
---ebpf-pid----373029----pid-373029
---ebpf-pid----379067----pid-5476
---ebpf-pid----373029----pid-5476
---ebpf-pid----379067----pid-1
---ebpf-pid----373029----pid-1
---ebpf-pid----379067----pid-379067
---ebpf-pid----2029----pid-2029
---ebpf-pid----379067----pid-5476
---ebpf-pid----2029----pid-1
---ebpf-pid----2029----pid-2029
---ebpf-pid----379067----pid-1
---ebpf-pid----373029----pid-373029
---ebpf-pid----2029----pid-1
---ebpf-pid----2029----pid-2029
---ebpf-pid----373029----pid-5476
---ebpf-pid----2029----pid-1
---ebpf-pid----373029----pid-1
---ebpf-pid----2029----pid-2029
---ebpf-pid----373029----pid-373029
---ebpf-pid----373029----pid-5476
---ebpf-pid----373029----pid-1
---ebpf-pid----373029----pid-373029
---ebpf-pid----373029----pid-5476
---ebpf-pid----373029----pid-1
---ebpf-pid----373029----pid-373029
---ebpf-pid----373029----pid-5476
---ebpf-pid----373029----pid-1
---ebpf-pid----2029----pid-1
---ebpf-pid----373029----pid-373029
---ebpf-pid----2029----pid-2029
---ebpf-pid----2029----pid-1
---ebpf-pid----2029----pid-2029
---ebpf-pid----2029----pid-1
---ebpf-pid----2029----pid-2029
---ebpf-pid----2029----pid-1
---ebpf-pid----2029----pid-2029
---ebpf-pid----2029----pid-1
---ebpf-pid----2029----pid-2029
---ebpf-pid----373029----pid-5476
---ebpf-pid----373029----pid-1
---ebpf-pid----373029----pid-373029
---ebpf-pid----373029----pid-5476
---ebpf-pid----373029----pid-1
---ebpf-pid----2088----pid-2088
---ebpf-pid----2029----pid-1
---ebpf-pid----2029----pid-2029
---ebpf-pid----2029----pid-1
---ebpf-pid----373029----pid-373029
---ebpf-pid----373029----pid-5476
---ebpf-pid----2088----pid-1
---ebpf-pid----373029----pid-1
---ebpf-pid----373029----pid-373029
---ebpf-pid----373029----pid-5476
---ebpf-pid----373029----pid-1
---ebpf-pid----2088----pid-2088
---ebpf-pid----373029----pid-373029
---ebpf-pid----2088----pid-1
---ebpf-pid----373029----pid-5476
---ebpf-pid----2088----pid-2088
---ebpf-pid----373029----pid-1
---ebpf-pid----2088----pid-1
---ebpf-pid----373029----pid-373029
---ebpf-pid----2088----pid-2088
---ebpf-pid----373029----pid-5476
---ebpf-pid----2088----pid-1
---ebpf-pid----2088----pid-2088
---ebpf-pid----373029----pid-1
---ebpf-pid----373029----pid-373029
---ebpf-pid----2088----pid-1
---ebpf-pid----2088----pid-2088
---ebpf-pid----373029----pid-5476
---ebpf-pid----2088----pid-1
---ebpf-pid----2088----pid-2088
---ebpf-pid----373029----pid-1
---ebpf-pid----373029----pid-373029
---ebpf-pid----2088----pid-1
---ebpf-pid----373029----pid-5476
---ebpf-pid----2088----pid-2088
---ebpf-pid----373029----pid-1
---ebpf-pid----2088----pid-1
---ebpf-pid----373029----pid-373029
---ebpf-pid----2088----pid-2088
---ebpf-pid----2088----pid-1
---ebpf-pid----373029----pid-5476
---ebpf-pid----2088----pid-2088
---ebpf-pid----373029----pid-1
---ebpf-pid----373029----pid-373029
---ebpf-pid----2088----pid-1
---ebpf-pid----2088----pid-2088
---ebpf-pid----373029----pid-5476
---ebpf-pid----2088----pid-1
---ebpf-pid----2088----pid-2088
---ebpf-pid----373029----pid-1
---ebpf-pid----373029----pid-373029
---ebpf-pid----2088----pid-1
---ebpf-pid----2088----pid-2088
---ebpf-pid----373029----pid-5476
---ebpf-pid----2088----pid-1
---ebpf-pid----2088----pid-2088
---ebpf-pid----2088----pid-1
---ebpf-pid----2088----pid-2088
---ebpf-pid----2088----pid-1
---ebpf-pid----2088----pid-2088
---ebpf-pid----2088----pid-1
---ebpf-pid----2088----pid-2088
---ebpf-pid----2088----pid-1
---ebpf-pid----2088----pid-2088
---ebpf-pid----2088----pid-1
---ebpf-pid----2088----pid-2088
---ebpf-pid----2088----pid-1
---ebpf-pid----2088----pid-2088
---ebpf-pid----373029----pid-1
---ebpf-pid----373029----pid-373029
---ebpf-pid----2088----pid-1
---ebpf-pid----373029----pid-5476
---ebpf-pid----373029----pid-1
---ebpf-pid----5707----pid-5707
---ebpf-pid----5707----pid-5476
---ebpf-pid----5707----pid-1
---ebpf-pid----5707----pid-5707
---ebpf-pid----5707----pid-5476
---ebpf-pid----5707----pid-1
---ebpf-pid----5707----pid-5707
---ebpf-pid----5707----pid-5476
---ebpf-pid----5707----pid-1
---ebpf-pid----5707----pid-5707
---ebpf-pid----5707----pid-5476
---ebpf-pid----5707----pid-1
---ebpf-pid----5707----pid-5707
---ebpf-pid----5707----pid-5476
---ebpf-pid----5707----pid-1
---ebpf-pid----5707----pid-5707
---ebpf-pid----5707----pid-5476
---ebpf-pid----5707----pid-1
---ebpf-pid----5707----pid-5707
---ebpf-pid----5707----pid-5476
---ebpf-pid----5707----pid-1
---ebpf-pid----5707----pid-5707
---ebpf-pid----2088----pid-2088
---ebpf-pid----5707----pid-5476
---ebpf-pid----5707----pid-1
---ebpf-pid----2088----pid-1
---ebpf-pid----5707----pid-5707
---ebpf-pid----2088----pid-2088
---ebpf-pid----5707----pid-5476
---ebpf-pid----2088----pid-1
---ebpf-pid----2088----pid-2088
---ebpf-pid----2088----pid-1
---ebpf-pid----2088----pid-2088
---ebpf-pid----2088----pid-1
---ebpf-pid----2088----pid-2088
---ebpf-pid----2088----pid-1
---ebpf-pid----2088----pid-2088
---ebpf-pid----5707----pid-1
---ebpf-pid----5707----pid-5707
---ebpf-pid----2088----pid-1
---ebpf-pid----2088----pid-2088
---ebpf-pid----5707----pid-5476
---ebpf-pid----2088----pid-1
---ebpf-pid----5707----pid-1
---ebpf-pid----2088----pid-2088
---ebpf-pid----2089----pid-2089
---ebpf-pid----2088----pid-1
---ebpf-pid----2089----pid-1
---ebpf-pid----2088----pid-2088
---ebpf-pid----2089----pid-2089
---ebpf-pid----2088----pid-1
---ebpf-pid----2089----pid-1
---ebpf-pid----2088----pid-2088
---ebpf-pid----2089----pid-2089
---ebpf-pid----2089----pid-1
---ebpf-pid----2088----pid-1
---ebpf-pid----2089----pid-2089
---ebpf-pid----2088----pid-2088
---ebpf-pid----2089----pid-1
---ebpf-pid----2088----pid-1
---ebpf-pid----1856----pid-1856
---ebpf-pid----2088----pid-2088
---ebpf-pid----1856----pid-1
---ebpf-pid----2088----pid-1
---ebpf-pid----2089----pid-2089
---ebpf-pid----2088----pid-2088
---ebpf-pid----2089----pid-1
---ebpf-pid----2088----pid-1
---ebpf-pid----2089----pid-2089
---ebpf-pid----2088----pid-2088
---ebpf-pid----2089----pid-1
---ebpf-pid----2088----pid-1
---ebpf-pid----2089----pid-2089
---ebpf-pid----2088----pid-2088
---ebpf-pid----2089----pid-1
---ebpf-pid----2088----pid-1
---ebpf-pid----2089----pid-2089
---ebpf-pid----2088----pid-2088
---ebpf-pid----2088----pid-1
---ebpf-pid----2089----pid-1
---ebpf-pid----2088----pid-2088
---ebpf-pid----2089----pid-2089
---ebpf-pid----2088----pid-1
---ebpf-pid----2089----pid-1
---ebpf-pid----2088----pid-2088
---ebpf-pid----2089----pid-2089
---ebpf-pid----2088----pid-1
---ebpf-pid----2089----pid-1
---ebpf-pid----2088----pid-2088
---ebpf-pid----2089----pid-2089
---ebpf-pid----2088----pid-1
---ebpf-pid----2089----pid-1
---ebpf-pid----2088----pid-2088
---ebpf-pid----2089----pid-2089
---ebpf-pid----2088----pid-1
---ebpf-pid----2089----pid-1
---ebpf-pid----2029----pid-2029
---ebpf-pid----2089----pid-2089
---ebpf-pid----2029----pid-1
---ebpf-pid----2089----pid-1
---ebpf-pid----2029----pid-2029
---ebpf-pid----2089----pid-2089
---ebpf-pid----2029----pid-1
---ebpf-pid----2089----pid-1
---ebpf-pid----2029----pid-2029
---ebpf-pid----2089----pid-2089
---ebpf-pid----2029----pid-1
---ebpf-pid----2089----pid-1
---ebpf-pid----2029----pid-2029
---ebpf-pid----2089----pid-2089
---ebpf-pid----2029----pid-1
---ebpf-pid----2089----pid-1
---ebpf-pid----2089----pid-2089
---ebpf-pid----2089----pid-1
---ebpf-pid----2089----pid-2089
---ebpf-pid----2089----pid-1
---ebpf-pid----2089----pid-2089
---ebpf-pid----2089----pid-1
---ebpf-pid----373029----pid-373029
---ebpf-pid----373029----pid-5476
---ebpf-pid----373029----pid-1
---ebpf-pid----373029----pid-373029
---ebpf-pid----373029----pid-5476
---ebpf-pid----373029----pid-1
---ebpf-pid----373029----pid-373029
---ebpf-pid----373029----pid-5476
---ebpf-pid----373029----pid-1
---ebpf-pid----373029----pid-373029
---ebpf-pid----373029----pid-5476
---ebpf-pid----373029----pid-1
---ebpf-pid----373029----pid-373029
---ebpf-pid----373029----pid-5476
---ebpf-pid----373029----pid-1
---ebpf-pid----373029----pid-373029
---ebpf-pid----373029----pid-5476
---ebpf-pid----373029----pid-1
---ebpf-pid----373029----pid-373029
---ebpf-pid----373029----pid-5476
---ebpf-pid----373029----pid-1
---ebpf-pid----373029----pid-373029
---ebpf-pid----2029----pid-2029
---ebpf-pid----373029----pid-5476
---ebpf-pid----2029----pid-1
---ebpf-pid----2029----pid-2029
---ebpf-pid----373029----pid-1
---ebpf-pid----373029----pid-373029
---ebpf-pid----2029----pid-1
---ebpf-pid----2029----pid-2029
---ebpf-pid----373029----pid-5476
---ebpf-pid----2029----pid-1
---ebpf-pid----2029----pid-2029
---ebpf-pid----373029----pid-1
---ebpf-pid----373029----pid-373029
---ebpf-pid----2029----pid-1
---ebpf-pid----2029----pid-2029
---ebpf-pid----2029----pid-1
---ebpf-pid----2029----pid-2029
---ebpf-pid----2029----pid-1
---ebpf-pid----2029----pid-2029
---ebpf-pid----2029----pid-1
---ebpf-pid----2029----pid-2029
---ebpf-pid----2029----pid-1
---ebpf-pid----2029----pid-2029
---ebpf-pid----373029----pid-5476
---ebpf-pid----2029----pid-1
---ebpf-pid----2029----pid-2029
---ebpf-pid----373029----pid-1
---ebpf-pid----2029----pid-1
---ebpf-pid----5705----pid-5705
---ebpf-pid----2029----pid-2029
---ebpf-pid----5705----pid-5476
---ebpf-pid----2029----pid-1
---ebpf-pid----2029----pid-2029
---ebpf-pid----2029----pid-1
---ebpf-pid----2029----pid-2029
---ebpf-pid----2029----pid-1
---ebpf-pid----2029----pid-2029
---ebpf-pid----2029----pid-1
---ebpf-pid----5705----pid-1
---ebpf-pid----2029----pid-2029
---ebpf-pid----5705----pid-5705
---ebpf-pid----2029----pid-1
---ebpf-pid----2029----pid-2029
---ebpf-pid----5705----pid-5476
---ebpf-pid----2029----pid-1
---ebpf-pid----5705----pid-1
---ebpf-pid----2029----pid-2029
---ebpf-pid----5705----pid-5705
---ebpf-pid----2029----pid-1
---ebpf-pid----5705----pid-5476
---ebpf-pid----2029----pid-2029
---ebpf-pid----5705----pid-1
---ebpf-pid----2029----pid-1
---ebpf-pid----5705----pid-5705
---ebpf-pid----2029----pid-2029
---ebpf-pid----5705----pid-5476
---ebpf-pid----2029----pid-1
---ebpf-pid----2029----pid-2029
---ebpf-pid----5705----pid-1
---ebpf-pid----2029----pid-1
---ebpf-pid----5705----pid-5705
---ebpf-pid----2029----pid-2029
---ebpf-pid----5705----pid-5476
---ebpf-pid----2029----pid-1
---ebpf-pid----2029----pid-2029
---ebpf-pid----5705----pid-1
---ebpf-pid----5705----pid-5705
---ebpf-pid----2029----pid-1
---ebpf-pid----2029----pid-2029
---ebpf-pid----5705----pid-5476
---ebpf-pid----2029----pid-1
---ebpf-pid----2094----pid-2094
---ebpf-pid----5705----pid-1
---ebpf-pid----5705----pid-5705
---ebpf-pid----2094----pid-1
---ebpf-pid----2094----pid-2094
---ebpf-pid----5705----pid-5476
---ebpf-pid----2094----pid-1
---ebpf-pid----5705----pid-1
---ebpf-pid----2094----pid-2094
---ebpf-pid----5705----pid-5705
---ebpf-pid----2094----pid-1
---ebpf-pid----5705----pid-5476
---ebpf-pid----2094----pid-2094
---ebpf-pid----5705----pid-1
---ebpf-pid----5705----pid-5705
---ebpf-pid----5705----pid-5476
---ebpf-pid----5705----pid-1
---ebpf-pid----379067----pid-379067
---ebpf-pid----379067----pid-5476
---ebpf-pid----379067----pid-1
---ebpf-pid----379067----pid-379067
---ebpf-pid----379067----pid-5476
---ebpf-pid----379067----pid-1
---ebpf-pid----379067----pid-379067
---ebpf-pid----379067----pid-5476
---ebpf-pid----379067----pid-1
---ebpf-pid----379067----pid-379067
---ebpf-pid----379067----pid-5476
---ebpf-pid----379067----pid-1
---ebpf-pid----379067----pid-379067
---ebpf-pid----379067----pid-5476
---ebpf-pid----379067----pid-1
---ebpf-pid----379067----pid-379067
---ebpf-pid----379067----pid-5476
---ebpf-pid----379067----pid-1
---ebpf-pid----379067----pid-379067
---ebpf-pid----379067----pid-5476
---ebpf-pid----379067----pid-1
---ebpf-pid----379067----pid-379067
---ebpf-pid----379067----pid-5476
---ebpf-pid----379067----pid-1
---ebpf-pid----379067----pid-379067
---ebpf-pid----379067----pid-5476
---ebpf-pid----379067----pid-1
---ebpf-pid----2029----pid-2029
---ebpf-pid----2029----pid-1
---ebpf-pid----2029----pid-2029
---ebpf-pid----2029----pid-1
---ebpf-pid----2029----pid-2029
---ebpf-pid----2029----pid-1
---ebpf-pid----2029----pid-2029
---ebpf-pid----2094----pid-1
---ebpf-pid----2094----pid-2094
---ebpf-pid----2094----pid-1
---ebpf-pid----2094----pid-2094
---ebpf-pid----2094----pid-1
---ebpf-pid----2094----pid-2094
---ebpf-pid----2094----pid-1
---ebpf-pid----2094----pid-2094
---ebpf-pid----2094----pid-1
---ebpf-pid----2094----pid-2094
---ebpf-pid----2029----pid-1
---ebpf-pid----2029----pid-2029
---ebpf-pid----2094----pid-1
---ebpf-pid----2094----pid-2094
---ebpf-pid----2029----pid-1
---ebpf-pid----2029----pid-2029
---ebpf-pid----2094----pid-1
---ebpf-pid----379067----pid-379067
---ebpf-pid----379067----pid-5476
---ebpf-pid----379067----pid-1
---ebpf-pid----2029----pid-2029
---ebpf-pid----2029----pid-1
---ebpf-pid----2029----pid-2029
---ebpf-pid----2029----pid-1
---ebpf-pid----2029----pid-1
---ebpf-pid----2029----pid-2029
---ebpf-pid----2029----pid-2029
---ebpf-pid----2029----pid-1
---ebpf-pid----2029----pid-1
---ebpf-pid----379067----pid-379067
---ebpf-pid----5707----pid-5707
---ebpf-pid----379067----pid-5476
---ebpf-pid----5707----pid-5476
---ebpf-pid----379067----pid-1
---ebpf-pid----5707----pid-1
---ebpf-pid----379067----pid-379067
---ebpf-pid----5707----pid-5707
---ebpf-pid----379067----pid-5476
---ebpf-pid----5707----pid-5476
---ebpf-pid----5707----pid-1
---ebpf-pid----5707----pid-5707
---ebpf-pid----5707----pid-5476
---ebpf-pid----5707----pid-1
---ebpf-pid----2088----pid-2088
---ebpf-pid----2088----pid-1
---ebpf-pid----2088----pid-2088
---ebpf-pid----2088----pid-1
---ebpf-pid----2088----pid-2088
---ebpf-pid----2088----pid-1
---ebpf-pid----2088----pid-2088
---ebpf-pid----2088----pid-1
---ebpf-pid----2088----pid-2088
---ebpf-pid----2088----pid-1
---ebpf-pid----2088----pid-2088
---ebpf-pid----2088----pid-1
---ebpf-pid----2088----pid-2088
---ebpf-pid----2088----pid-1
---ebpf-pid----2088----pid-2088
---ebpf-pid----2088----pid-1
---ebpf-pid----2088----pid-2088
---ebpf-pid----2088----pid-1
---ebpf-pid----2088----pid-2088
---ebpf-pid----2088----pid-1
---ebpf-pid----2012----pid-2012
---ebpf-pid----2012----pid-1
---ebpf-pid----2012----pid-2012
---ebpf-pid----379067----pid-1
---ebpf-pid----2012----pid-1
---ebpf-pid----379067----pid-379067
---ebpf-pid----2012----pid-2012
---ebpf-pid----379067----pid-5476
---ebpf-pid----2012----pid-1
---ebpf-pid----2012----pid-2012
---ebpf-pid----379067----pid-1
---ebpf-pid----379067----pid-379067
---ebpf-pid----2012----pid-1
---ebpf-pid----2012----pid-2012
---ebpf-pid----379067----pid-5476
---ebpf-pid----2012----pid-1
---ebpf-pid----2012----pid-2012
---ebpf-pid----379067----pid-1
---ebpf-pid----5707----pid-5707
---ebpf-pid----2012----pid-1
---ebpf-pid----2012----pid-2012
---ebpf-pid----5707----pid-5476
---ebpf-pid----5707----pid-1
---ebpf-pid----2012----pid-1
---ebpf-pid----2029----pid-2029
---ebpf-pid----2012----pid-2012
---ebpf-pid----2012----pid-1
---ebpf-pid----2029----pid-1
---ebpf-pid----2012----pid-2012
---ebpf-pid----2029----pid-2029
---ebpf-pid----2029----pid-1
---ebpf-pid----2012----pid-1
---ebpf-pid----2029----pid-2029
---ebpf-pid----2012----pid-2012
---ebpf-pid----2029----pid-1
---ebpf-pid----2029----pid-2029
---ebpf-pid----2029----pid-1
---ebpf-pid----5707----pid-5707
---ebpf-pid----5707----pid-5476
---ebpf-pid----5707----pid-1
---ebpf-pid----5707----pid-5707
---ebpf-pid----5707----pid-5476
---ebpf-pid----5707----pid-1
---ebpf-pid----5707----pid-5707
---ebpf-pid----5707----pid-5476
---ebpf-pid----5707----pid-1
---ebpf-pid----5707----pid-5707
---ebpf-pid----5707----pid-5476
---ebpf-pid----5707----pid-1
---ebpf-pid----5707----pid-5707
---ebpf-pid----5707----pid-5476
---ebpf-pid----2012----pid-1
---ebpf-pid----2089----pid-2089
---ebpf-pid----5707----pid-1
---ebpf-pid----5707----pid-5707
---ebpf-pid----2089----pid-1
---ebpf-pid----2089----pid-2089
---ebpf-pid----5707----pid-5476
---ebpf-pid----2089----pid-1
---ebpf-pid----5707----pid-1
---ebpf-pid----2089----pid-2089
---ebpf-pid----2029----pid-2029
---ebpf-pid----2089----pid-1
---ebpf-pid----2029----pid-1
---ebpf-pid----2089----pid-2089
---ebpf-pid----2029----pid-2029
---ebpf-pid----2089----pid-1
---ebpf-pid----2029----pid-1
---ebpf-pid----2089----pid-2089
---ebpf-pid----2029----pid-2029
---ebpf-pid----2089----pid-1
---ebpf-pid----2029----pid-1
---ebpf-pid----2089----pid-2089
---ebpf-pid----2029----pid-2029
---ebpf-pid----2089----pid-1
---ebpf-pid----2089----pid-2089
---ebpf-pid----2089----pid-1
---ebpf-pid----2089----pid-2089
---ebpf-pid----2089----pid-1
---ebpf-pid----2089----pid-2089
---ebpf-pid----2089----pid-1
---ebpf-pid----2089----pid-2089
---ebpf-pid----2089----pid-1
---ebpf-pid----2089----pid-2089
---ebpf-pid----2089----pid-1
---ebpf-pid----2089----pid-2089
---ebpf-pid----2089----pid-1
---ebpf-pid----2089----pid-2089
---ebpf-pid----2089----pid-1
---ebpf-pid----2089----pid-2089
---ebpf-pid----2089----pid-1
---ebpf-pid----2089----pid-2089
---ebpf-pid----2089----pid-1
---ebpf-pid----2089----pid-2089
---ebpf-pid----2089----pid-1
---ebpf-pid----2089----pid-2089
---ebpf-pid----2089----pid-1
---ebpf-pid----2089----pid-2089
---ebpf-pid----2089----pid-1
---ebpf-pid----2089----pid-2089
---ebpf-pid----2089----pid-1
---ebpf-pid----2089----pid-2089
---ebpf-pid----2089----pid-1
---ebpf-pid----2089----pid-2089
---ebpf-pid----2089----pid-1
---ebpf-pid----2089----pid-2089
---ebpf-pid----2029----pid-1
---ebpf-pid----2089----pid-1
---ebpf-pid----2029----pid-2029
---ebpf-pid----2089----pid-2089
---ebpf-pid----2029----pid-1
---ebpf-pid----2029----pid-2029
---ebpf-pid----2029----pid-1
---ebpf-pid----2029----pid-2029
---ebpf-pid----2029----pid-1
---ebpf-pid----2029----pid-2029
---ebpf-pid----2029----pid-1
---ebpf-pid----2029----pid-2029
---ebpf-pid----2029----pid-1
---ebpf-pid----2029----pid-2029
---ebpf-pid----2029----pid-1
---ebpf-pid----379067----pid-379067
---ebpf-pid----379067----pid-5476
---ebpf-pid----379067----pid-1
---ebpf-pid----379067----pid-379067
---ebpf-pid----379067----pid-5476
---ebpf-pid----379067----pid-1
---ebpf-pid----2029----pid-2029
---ebpf-pid----2029----pid-1
---ebpf-pid----2029----pid-2029
---ebpf-pid----2029----pid-1
---ebpf-pid----2029----pid-2029
---ebpf-pid----2029----pid-1
---ebpf-pid----2029----pid-2029
---ebpf-pid----2029----pid-1
---ebpf-pid----2029----pid-2029
---ebpf-pid----2029----pid-1
---ebpf-pid----2029----pid-2029
---ebpf-pid----2029----pid-1
---ebpf-pid----2029----pid-2029
---ebpf-pid----2029----pid-1
---ebpf-pid----2029----pid-2029
---ebpf-pid----2029----pid-1
---ebpf-pid----2029----pid-2029
---ebpf-pid----2029----pid-1
---ebpf-pid----2089----pid-1
---ebpf-pid----2029----pid-2029
---ebpf-pid----2089----pid-2089
---ebpf-pid----2029----pid-1
---ebpf-pid----2089----pid-1
---ebpf-pid----2029----pid-2029
---ebpf-pid----2089----pid-2089
---ebpf-pid----2029----pid-1
---ebpf-pid----2089----pid-1
---ebpf-pid----2029----pid-2029
---ebpf-pid----2089----pid-2089
---ebpf-pid----2029----pid-1
---ebpf-pid----2089----pid-1
---ebpf-pid----2029----pid-2029
---ebpf-pid----2089----pid-2089
---ebpf-pid----2029----pid-1
---ebpf-pid----2089----pid-1
---ebpf-pid----2089----pid-2089
---ebpf-pid----2089----pid-1
---ebpf-pid----2089----pid-2089
---ebpf-pid----2089----pid-1
---ebpf-pid----2089----pid-2089
---ebpf-pid----2089----pid-1
---ebpf-pid----5703----pid-5703
---ebpf-pid----5703----pid-5476
---ebpf-pid----5703----pid-1
---ebpf-pid----379067----pid-379067
---ebpf-pid----379067----pid-5476
---ebpf-pid----379067----pid-1
---ebpf-pid----379067----pid-379067
---ebpf-pid----379067----pid-5476
---ebpf-pid----379067----pid-1
---ebpf-pid----379067----pid-379067
---ebpf-pid----379067----pid-5476
---ebpf-pid----379067----pid-1
---ebpf-pid----379067----pid-379067
---ebpf-pid----379067----pid-5476
---ebpf-pid----379067----pid-1
---ebpf-pid----379067----pid-379067
---ebpf-pid----379067----pid-5476
---ebpf-pid----2029----pid-2029
---ebpf-pid----379067----pid-1
---ebpf-pid----379067----pid-379067
---ebpf-pid----2029----pid-1
---ebpf-pid----2029----pid-2029
---ebpf-pid----379067----pid-5476
---ebpf-pid----2029----pid-1
---ebpf-pid----379067----pid-1
---ebpf-pid----2029----pid-2029
---ebpf-pid----379067----pid-379067
---ebpf-pid----2029----pid-1
---ebpf-pid----379067----pid-5476
---ebpf-pid----2029----pid-2029
---ebpf-pid----2029----pid-1
---ebpf-pid----379067----pid-1
---ebpf-pid----2029----pid-2029
---ebpf-pid----379067----pid-379067
---ebpf-pid----2029----pid-1
---ebpf-pid----379067----pid-5476
---ebpf-pid----379067----pid-379067
---ebpf-pid----379067----pid-1
---ebpf-pid----379067----pid-5476
---ebpf-pid----379067----pid-379067
---ebpf-pid----379067----pid-1
---ebpf-pid----379067----pid-5476
---ebpf-pid----379067----pid-379067
---ebpf-pid----379067----pid-1
---ebpf-pid----373029----pid-373029
---ebpf-pid----379067----pid-5476
---ebpf-pid----379067----pid-1
---ebpf-pid----379067----pid-379067
---ebpf-pid----379067----pid-5476
---ebpf-pid----379067----pid-1
---ebpf-pid----2089----pid-2089
---ebpf-pid----2089----pid-1
---ebpf-pid----2089----pid-2089
---ebpf-pid----2089----pid-1
---ebpf-pid----2089----pid-2089
---ebpf-pid----2089----pid-1
---ebpf-pid----2089----pid-2089
---ebpf-pid----2089----pid-1
---ebpf-pid----2089----pid-2089
---ebpf-pid----2089----pid-1
---ebpf-pid----2089----pid-2089
---ebpf-pid----2089----pid-1
---ebpf-pid----2089----pid-2089
---ebpf-pid----2089----pid-1
---ebpf-pid----2089----pid-2089
---ebpf-pid----2089----pid-1
---ebpf-pid----2089----pid-2089
---ebpf-pid----2089----pid-1
---ebpf-pid----2089----pid-2089
---ebpf-pid----2089----pid-1
---ebpf-pid----2089----pid-2089
---ebpf-pid----2089----pid-1
---ebpf-pid----2089----pid-2089
---ebpf-pid----373029----pid-5476
---ebpf-pid----373029----pid-1
---ebpf-pid----373029----pid-373029
---ebpf-pid----373029----pid-5476
---ebpf-pid----373029----pid-1
---ebpf-pid----373029----pid-373029
---ebpf-pid----373029----pid-5476
---ebpf-pid----373029----pid-1
---ebpf-pid----373029----pid-373029
---ebpf-pid----373029----pid-5476
---ebpf-pid----373029----pid-1
---ebpf-pid----373029----pid-373029
---ebpf-pid----373029----pid-5476
---ebpf-pid----373029----pid-1
---ebpf-pid----2012----pid-2012
---ebpf-pid----2012----pid-1
---ebpf-pid----2012----pid-2012
---ebpf-pid----2012----pid-1
---ebpf-pid----2012----pid-2012
---ebpf-pid----2012----pid-1
---ebpf-pid----2012----pid-2012
---ebpf-pid----2012----pid-1
---ebpf-pid----2012----pid-2012
---ebpf-pid----2012----pid-1
---ebpf-pid----2012----pid-2012
---ebpf-pid----2012----pid-1
---ebpf-pid----2012----pid-2012
---ebpf-pid----2012----pid-1
---ebpf-pid----2012----pid-2012
---ebpf-pid----2089----pid-1
---ebpf-pid----2012----pid-1
---ebpf-pid----2089----pid-2089
---ebpf-pid----2012----pid-2012
---ebpf-pid----2089----pid-1
---ebpf-pid----2012----pid-1
---ebpf-pid----2089----pid-2089
---ebpf-pid----2012----pid-2012
---ebpf-pid----2089----pid-1
---ebpf-pid----2012----pid-1
---ebpf-pid----2089----pid-2089
---ebpf-pid----2012----pid-2012
---ebpf-pid----2089----pid-1
---ebpf-pid----2089----pid-2089
---ebpf-pid----2012----pid-1
---ebpf-pid----2012----pid-2012
---ebpf-pid----2089----pid-1
---ebpf-pid----2089----pid-2089
---ebpf-pid----2012----pid-1
---ebpf-pid----2012----pid-2012
---ebpf-pid----2089----pid-1
---ebpf-pid----2089----pid-2089
---ebpf-pid----2012----pid-1
---ebpf-pid----2012----pid-2012
---ebpf-pid----2089----pid-1
---ebpf-pid----2012----pid-1
---ebpf-pid----5705----pid-5705
---ebpf-pid----2012----pid-2012
---ebpf-pid----5705----pid-5476
---ebpf-pid----2012----pid-1
---ebpf-pid----2012----pid-2012
---ebpf-pid----5705----pid-1
---ebpf-pid----5705----pid-5705
---ebpf-pid----2012----pid-1
---ebpf-pid----2012----pid-2012
---ebpf-pid----5705----pid-5476
---ebpf-pid----2012----pid-1
---ebpf-pid----5705----pid-1
---ebpf-pid----2012----pid-2012
---ebpf-pid----5705----pid-5705
---ebpf-pid----2012----pid-1
---ebpf-pid----5705----pid-5476
---ebpf-pid----2012----pid-2012
---ebpf-pid----5705----pid-1
---ebpf-pid----2012----pid-1
---ebpf-pid----5705----pid-5705
---ebpf-pid----2012----pid-2012
---ebpf-pid----5705----pid-5476
---ebpf-pid----2012----pid-1
---ebpf-pid----2012----pid-2012
---ebpf-pid----5705----pid-1
---ebpf-pid----5705----pid-5705
---ebpf-pid----2012----pid-1
---ebpf-pid----2012----pid-2012
---ebpf-pid----5705----pid-5476
---ebpf-pid----5705----pid-1
---ebpf-pid----5705----pid-5705
---ebpf-pid----5705----pid-5476
---ebpf-pid----5705----pid-1
---ebpf-pid----5705----pid-5705
---ebpf-pid----5705----pid-5476
---ebpf-pid----5705----pid-1
---ebpf-pid----5705----pid-5705
---ebpf-pid----5705----pid-5476
---ebpf-pid----5705----pid-1
---ebpf-pid----5705----pid-5705
---ebpf-pid----5705----pid-5476
---ebpf-pid----5705----pid-1
---ebpf-pid----2012----pid-1
---ebpf-pid----2012----pid-2012
---ebpf-pid----2012----pid-1
---ebpf-pid----2012----pid-2012
---ebpf-pid----2012----pid-1
---ebpf-pid----2012----pid-2012
---ebpf-pid----2012----pid-1
---ebpf-pid----2012----pid-2012
---ebpf-pid----2012----pid-1
---ebpf-pid----2012----pid-2012
---ebpf-pid----2012----pid-1
---ebpf-pid----2012----pid-2012
---ebpf-pid----2012----pid-1
---ebpf-pid----2012----pid-2012
---ebpf-pid----2012----pid-1
---ebpf-pid----2012----pid-2012
---ebpf-pid----2012----pid-1
---ebpf-pid----2012----pid-2012
---ebpf-pid----2012----pid-1
---ebpf-pid----2012----pid-2012
---ebpf-pid----2012----pid-1
---ebpf-pid----2012----pid-2012
---ebpf-pid----2012----pid-1
---ebpf-pid----2012----pid-2012
---ebpf-pid----5705----pid-5705
---ebpf-pid----2012----pid-1
---ebpf-pid----2012----pid-2012
---ebpf-pid----5705----pid-5476
---ebpf-pid----2012----pid-1
---ebpf-pid----2012----pid-2012
---ebpf-pid----5705----pid-1
---ebpf-pid----2088----pid-2088
---ebpf-pid----2012----pid-1
---ebpf-pid----2012----pid-2012
---ebpf-pid----2088----pid-1
---ebpf-pid----2088----pid-2088
---ebpf-pid----2012----pid-1
---ebpf-pid----2012----pid-2012
---ebpf-pid----2088----pid-1
---ebpf-pid----2088----pid-2088
---ebpf-pid----2088----pid-1
---ebpf-pid----2088----pid-2088
---ebpf-pid----2088----pid-1
---ebpf-pid----2088----pid-2088
---ebpf-pid----2088----pid-1
---ebpf-pid----2088----pid-2088
---ebpf-pid----2088----pid-1
---ebpf-pid----2088----pid-2088
---ebpf-pid----2088----pid-1
---ebpf-pid----2088----pid-2088
---ebpf-pid----2012----pid-1
---ebpf-pid----2012----pid-2012
---ebpf-pid----2088----pid-1
---ebpf-pid----2088----pid-2088
---ebpf-pid----2012----pid-1
---ebpf-pid----2012----pid-2012
---ebpf-pid----2088----pid-1
---ebpf-pid----2088----pid-2088
---ebpf-pid----2012----pid-1
---ebpf-pid----2088----pid-1
---ebpf-pid----2012----pid-2012
---ebpf-pid----2088----pid-2088
---ebpf-pid----2012----pid-1
---ebpf-pid----2088----pid-1
---ebpf-pid----2012----pid-2012
---ebpf-pid----2088----pid-2088
---ebpf-pid----2012----pid-1
---ebpf-pid----2088----pid-1
---ebpf-pid----2012----pid-2012
---ebpf-pid----2088----pid-2088
---ebpf-pid----2012----pid-1
---ebpf-pid----2012----pid-2012
---ebpf-pid----2012----pid-1
---ebpf-pid----2012----pid-2012
---ebpf-pid----2012----pid-1
---ebpf-pid----2012----pid-2012
---ebpf-pid----2012----pid-1
---ebpf-pid----6671----pid-6671
---ebpf-pid----6671----pid-5476
---ebpf-pid----2088----pid-1
---ebpf-pid----2088----pid-2088
---ebpf-pid----2088----pid-1
---ebpf-pid----2088----pid-2088
---ebpf-pid----2088----pid-1
---ebpf-pid----2088----pid-2088
---ebpf-pid----2088----pid-1
---ebpf-pid----2088----pid-2088
---ebpf-pid----2088----pid-1
---ebpf-pid----2088----pid-2088
---ebpf-pid----6671----pid-1
---ebpf-pid----2088----pid-1
---ebpf-pid----6671----pid-6671
---ebpf-pid----6671----pid-5476
---ebpf-pid----6671----pid-1
---ebpf-pid----6671----pid-6671
---ebpf-pid----6671----pid-5476
---ebpf-pid----2088----pid-2088
---ebpf-pid----6671----pid-1
---ebpf-pid----2088----pid-1
---ebpf-pid----6671----pid-6671
---ebpf-pid----2088----pid-2088
---ebpf-pid----6671----pid-5476
---ebpf-pid----2088----pid-1
---ebpf-pid----2088----pid-2088
---ebpf-pid----6671----pid-1
---ebpf-pid----6671----pid-6671
---ebpf-pid----2088----pid-1
---ebpf-pid----2088----pid-2088
---ebpf-pid----6671----pid-5476
---ebpf-pid----2088----pid-1
---ebpf-pid----6671----pid-1
---ebpf-pid----2088----pid-2088
---ebpf-pid----6671----pid-6671
---ebpf-pid----6671----pid-5476
---ebpf-pid----2088----pid-1
---ebpf-pid----2088----pid-2088
---ebpf-pid----6671----pid-1
---ebpf-pid----6671----pid-6671
---ebpf-pid----2088----pid-1
---ebpf-pid----2088----pid-2088
---ebpf-pid----6671----pid-5476
---ebpf-pid----2088----pid-1
---ebpf-pid----2088----pid-2088
---ebpf-pid----6671----pid-1
---ebpf-pid----6671----pid-6671
---ebpf-pid----2088----pid-1
---ebpf-pid----6671----pid-5476
---ebpf-pid----2088----pid-2088
---ebpf-pid----6671----pid-1
---ebpf-pid----2088----pid-1
---ebpf-pid----6671----pid-6671
---ebpf-pid----2088----pid-2088
---ebpf-pid----6671----pid-5476
---ebpf-pid----2088----pid-1
---ebpf-pid----2088----pid-2088
---ebpf-pid----6671----pid-1
---ebpf-pid----2088----pid-1
---ebpf-pid----6671----pid-6671
---ebpf-pid----2088----pid-2088
---ebpf-pid----6671----pid-5476
---ebpf-pid----2088----pid-1
---ebpf-pid----2088----pid-2088
---ebpf-pid----6671----pid-1
---ebpf-pid----6671----pid-6671
---ebpf-pid----2088----pid-1
---ebpf-pid----2088----pid-2088
---ebpf-pid----6671----pid-5476
---ebpf-pid----2088----pid-1
---ebpf-pid----6671----pid-1
---ebpf-pid----2088----pid-2088
---ebpf-pid----6671----pid-6671
---ebpf-pid----2088----pid-1
---ebpf-pid----6671----pid-5476
---ebpf-pid----2088----pid-2088
---ebpf-pid----6671----pid-1
---ebpf-pid----6671----pid-6671
---ebpf-pid----2088----pid-1
---ebpf-pid----2088----pid-2088
---ebpf-pid----6671----pid-5476
---ebpf-pid----2088----pid-1
---ebpf-pid----2088----pid-2088
---ebpf-pid----6671----pid-1
---ebpf-pid----6671----pid-6671
---ebpf-pid----2088----pid-1
---ebpf-pid----2088----pid-2088
---ebpf-pid----6671----pid-5476
---ebpf-pid----2088----pid-1
---ebpf-pid----6671----pid-1
---ebpf-pid----2088----pid-2088
---ebpf-pid----2088----pid-1
---ebpf-pid----2088----pid-2088
---ebpf-pid----2088----pid-1
---ebpf-pid----2088----pid-2088
---ebpf-pid----2088----pid-1
---ebpf-pid----2088----pid-2088
---ebpf-pid----2088----pid-1
---ebpf-pid----2088----pid-2088
---ebpf-pid----2088----pid-1
---ebpf-pid----2088----pid-2088
---ebpf-pid----2088----pid-1
---ebpf-pid----2088----pid-2088
---ebpf-pid----2088----pid-1
---ebpf-pid----2088----pid-2088
---ebpf-pid----2088----pid-1
---ebpf-pid----2088----pid-2088
---ebpf-pid----2088----pid-1
---ebpf-pid----2088----pid-2088
---ebpf-pid----6671----pid-6671
---ebpf-pid----2088----pid-1
---ebpf-pid----6671----pid-5476
---ebpf-pid----2088----pid-2088
---ebpf-pid----6671----pid-1
---ebpf-pid----2088----pid-1
---ebpf-pid----6671----pid-6671
---ebpf-pid----2088----pid-2088
---ebpf-pid----6671----pid-5476
---ebpf-pid----2088----pid-1
---ebpf-pid----2088----pid-2088
---ebpf-pid----6671----pid-1
---ebpf-pid----6671----pid-6671
---ebpf-pid----2088----pid-1
---ebpf-pid----2088----pid-2088
---ebpf-pid----6671----pid-5476
---ebpf-pid----2088----pid-1
---ebpf-pid----6671----pid-1
---ebpf-pid----6671----pid-6671
---ebpf-pid----6671----pid-5476
---ebpf-pid----6671----pid-1
---ebpf-pid----6671----pid-6671
---ebpf-pid----6671----pid-5476
---ebpf-pid----6671----pid-1
---ebpf-pid----6671----pid-6671
---ebpf-pid----6671----pid-5476
---ebpf-pid----6671----pid-1
---ebpf-pid----6671----pid-6671
---ebpf-pid----6671----pid-5476
---ebpf-pid----6671----pid-1
---ebpf-pid----2088----pid-2088
---ebpf-pid----2088----pid-1
---ebpf-pid----2088----pid-2088
---ebpf-pid----2088----pid-1
---ebpf-pid----2088----pid-2088
---ebpf-pid----2088----pid-1
---ebpf-pid----373029----pid-373029
---ebpf-pid----373029----pid-5476
---ebpf-pid----373029----pid-1
---ebpf-pid----373029----pid-373029
---ebpf-pid----373029----pid-5476
---ebpf-pid----373029----pid-1
---ebpf-pid----373029----pid-373029
---ebpf-pid----373029----pid-5476
---ebpf-pid----373029----pid-1
---ebpf-pid----373029----pid-373029
---ebpf-pid----373029----pid-5476
---ebpf-pid----373029----pid-1
---ebpf-pid----373029----pid-373029
---ebpf-pid----6671----pid-6671
---ebpf-pid----373029----pid-5476
---ebpf-pid----6671----pid-5476
---ebpf-pid----373029----pid-1
---ebpf-pid----373029----pid-373029
---ebpf-pid----6671----pid-1
---ebpf-pid----6671----pid-6671
---ebpf-pid----373029----pid-5476
---ebpf-pid----6671----pid-5476
---ebpf-pid----373029----pid-1
---ebpf-pid----6671----pid-1
---ebpf-pid----6671----pid-6671
---ebpf-pid----6671----pid-6671
---ebpf-pid----6671----pid-5476
---ebpf-pid----6671----pid-5476
---ebpf-pid----6671----pid-1
---ebpf-pid----6671----pid-1
---ebpf-pid----6671----pid-6671
---ebpf-pid----6671----pid-6671
---ebpf-pid----6671----pid-5476
---ebpf-pid----6671----pid-5476
---ebpf-pid----6671----pid-1
---ebpf-pid----6671----pid-1
---ebpf-pid----6671----pid-6671
---ebpf-pid----6671----pid-6671
---ebpf-pid----6671----pid-5476
---ebpf-pid----6671----pid-5476
---ebpf-pid----6671----pid-1
---ebpf-pid----6671----pid-1
---ebpf-pid----6671----pid-6671
---ebpf-pid----6671----pid-6671
---ebpf-pid----6671----pid-5476
---ebpf-pid----6671----pid-5476
---ebpf-pid----6671----pid-1
---ebpf-pid----6671----pid-1
---ebpf-pid----6671----pid-6671
---ebpf-pid----6671----pid-5476
---ebpf-pid----6671----pid-1
---ebpf-pid----6671----pid-6671
---ebpf-pid----6671----pid-5476
---ebpf-pid----6671----pid-1
---ebpf-pid----6671----pid-6671
---ebpf-pid----6671----pid-6671
---ebpf-pid----6671----pid-5476
---ebpf-pid----6671----pid-5476
---ebpf-pid----6671----pid-1
---ebpf-pid----6671----pid-6671
---ebpf-pid----6671----pid-5476
---ebpf-pid----6671----pid-1
---ebpf-pid----6671----pid-6671
---ebpf-pid----6671----pid-5476
---ebpf-pid----6671----pid-1
---ebpf-pid----6671----pid-6671
---ebpf-pid----6671----pid-5476
---ebpf-pid----6671----pid-1
---ebpf-pid----379067----pid-379067
---ebpf-pid----379067----pid-5476
---ebpf-pid----379067----pid-1
---ebpf-pid----379067----pid-379067
---ebpf-pid----379067----pid-5476
---ebpf-pid----379067----pid-1
---ebpf-pid----6671----pid-6671
---ebpf-pid----6671----pid-5476
---ebpf-pid----6671----pid-1
---ebpf-pid----6671----pid-6671
---ebpf-pid----6671----pid-5476
---ebpf-pid----6671----pid-1
---ebpf-pid----6671----pid-1
---ebpf-pid----6671----pid-6671
---ebpf-pid----6671----pid-6671
---ebpf-pid----6671----pid-5476
---ebpf-pid----6671----pid-5476
---ebpf-pid----6671----pid-1
---ebpf-pid----6671----pid-1
---ebpf-pid----6671----pid-6671
---ebpf-pid----6671----pid-5476
---ebpf-pid----6671----pid-1
---ebpf-pid----379067----pid-379067
---ebpf-pid----379067----pid-5476
---ebpf-pid----379067----pid-1
---ebpf-pid----6671----pid-6671
---ebpf-pid----6671----pid-5476
---ebpf-pid----6671----pid-1
---ebpf-pid----373029----pid-373029
---ebpf-pid----373029----pid-5476
---ebpf-pid----373029----pid-1
---ebpf-pid----6671----pid-6671
---ebpf-pid----6671----pid-5476
---ebpf-pid----6671----pid-1
---ebpf-pid----6671----pid-6671
---ebpf-pid----6671----pid-5476
---ebpf-pid----6671----pid-1
---ebpf-pid----6671----pid-6671
---ebpf-pid----6671----pid-5476
---ebpf-pid----373029----pid-373029
---ebpf-pid----373029----pid-5476
---ebpf-pid----6671----pid-1
---ebpf-pid----2088----pid-2088
---ebpf-pid----373029----pid-1
---ebpf-pid----379067----pid-379067
---ebpf-pid----379067----pid-5476
---ebpf-pid----379067----pid-1
---ebpf-pid----379067----pid-379067
---ebpf-pid----379067----pid-5476
---ebpf-pid----379067----pid-1
---ebpf-pid----5707----pid-5707
---ebpf-pid----5707----pid-5476
---ebpf-pid----5707----pid-1
---ebpf-pid----5707----pid-5707
---ebpf-pid----5707----pid-5476
---ebpf-pid----5707----pid-1
---ebpf-pid----5707----pid-5707
---ebpf-pid----5707----pid-5476
---ebpf-pid----5707----pid-1
---ebpf-pid----373029----pid-373029
---ebpf-pid----2088----pid-1
---ebpf-pid----2088----pid-2088
---ebpf-pid----373029----pid-5476
---ebpf-pid----2088----pid-1
---ebpf-pid----2088----pid-2088
---ebpf-pid----373029----pid-1
---ebpf-pid----6671----pid-6671
---ebpf-pid----2088----pid-1
---ebpf-pid----6671----pid-5476
---ebpf-pid----6671----pid-1
---ebpf-pid----6671----pid-6671
---ebpf-pid----6671----pid-5476
---ebpf-pid----6671----pid-1
---ebpf-pid----2012----pid-2012
---ebpf-pid----2012----pid-1
---ebpf-pid----2012----pid-2012
---ebpf-pid----2012----pid-1
---ebpf-pid----2012----pid-2012
---ebpf-pid----2012----pid-1
---ebpf-pid----2012----pid-2012
---ebpf-pid----2088----pid-2088
---ebpf-pid----2012----pid-1
---ebpf-pid----2012----pid-2012
---ebpf-pid----2088----pid-1
---ebpf-pid----2088----pid-2088
---ebpf-pid----2088----pid-1
---ebpf-pid----2088----pid-2088
---ebpf-pid----2088----pid-1
---ebpf-pid----2088----pid-2088
---ebpf-pid----2088----pid-1
---ebpf-pid----2088----pid-2088
---ebpf-pid----2088----pid-1
---ebpf-pid----2088----pid-2088
---ebpf-pid----2088----pid-1
---ebpf-pid----2088----pid-2088
---ebpf-pid----2088----pid-1
---ebpf-pid----379067----pid-379067
---ebpf-pid----379067----pid-5476
---ebpf-pid----379067----pid-1
---ebpf-pid----379067----pid-379067
---ebpf-pid----379067----pid-5476
---ebpf-pid----2012----pid-1
---ebpf-pid----379067----pid-1
---ebpf-pid----2012----pid-2012
---ebpf-pid----379067----pid-379067
---ebpf-pid----2012----pid-1
---ebpf-pid----379067----pid-5476
---ebpf-pid----2012----pid-2012
---ebpf-pid----379067----pid-1
---ebpf-pid----2012----pid-1
---ebpf-pid----379067----pid-379067
---ebpf-pid----2012----pid-2012
---ebpf-pid----379067----pid-5476
---ebpf-pid----2012----pid-1
---ebpf-pid----2012----pid-2012
---ebpf-pid----379067----pid-1
---ebpf-pid----379067----pid-379067
---ebpf-pid----2012----pid-1
---ebpf-pid----2012----pid-2012
---ebpf-pid----379067----pid-5476
---ebpf-pid----2012----pid-1
---ebpf-pid----379067----pid-1
---ebpf-pid----2012----pid-2012
---ebpf-pid----379067----pid-379067
---ebpf-pid----2012----pid-1
---ebpf-pid----379067----pid-5476
---ebpf-pid----2012----pid-2012
---ebpf-pid----2012----pid-1
---ebpf-pid----2012----pid-2012
---ebpf-pid----2012----pid-1
---ebpf-pid----2012----pid-2012
---ebpf-pid----2012----pid-1
---ebpf-pid----2012----pid-2012
---ebpf-pid----2012----pid-1
---ebpf-pid----2012----pid-2012
---ebpf-pid----2012----pid-1
---ebpf-pid----2012----pid-2012
---ebpf-pid----2012----pid-1
---ebpf-pid----5707----pid-5707
---ebpf-pid----5707----pid-5476
---ebpf-pid----5707----pid-1
---ebpf-pid----5707----pid-5707
---ebpf-pid----5707----pid-5476
Failed to get process information for PID 0
---ebpf-pid----5707----pid-1
---ebpf-pid----5707----pid-5707
---ebpf-pid----5707----pid-5476
---ebpf-pid----5707----pid-1
---ebpf-pid----5707----pid-5707
---ebpf-pid----5707----pid-5476
---ebpf-pid----379067----pid-1
---ebpf-pid----379067----pid-379067
---ebpf-pid----379067----pid-5476
---ebpf-pid----379067----pid-1
---ebpf-pid----379067----pid-379067
---ebpf-pid----379067----pid-5476
---ebpf-pid----379067----pid-1
---ebpf-pid----379067----pid-379067
---ebpf-pid----379067----pid-5476
---ebpf-pid----379067----pid-1
---ebpf-pid----379067----pid-379067
---ebpf-pid----379067----pid-5476
---ebpf-pid----379067----pid-1
---ebpf-pid----2089----pid-2089
---ebpf-pid----2089----pid-1
---ebpf-pid----2089----pid-2089
---ebpf-pid----2089----pid-1
---ebpf-pid----2089----pid-2089
---ebpf-pid----2089----pid-1
---ebpf-pid----2089----pid-2089
---ebpf-pid----2089----pid-1
---ebpf-pid----2089----pid-2089
---ebpf-pid----2089----pid-1
---ebpf-pid----5707----pid-1
---ebpf-pid----2089----pid-2089
---ebpf-pid----2089----pid-1
---ebpf-pid----5707----pid-5707
---ebpf-pid----5707----pid-5476
---ebpf-pid----5707----pid-1
---ebpf-pid----5707----pid-5707
---ebpf-pid----5707----pid-5476
---ebpf-pid----5707----pid-1
---ebpf-pid----2088----pid-2088
---ebpf-pid----2088----pid-1
---ebpf-pid----2088----pid-2088
---ebpf-pid----2088----pid-1
---ebpf-pid----6671----pid-6671
---ebpf-pid----6671----pid-5476
---ebpf-pid----6671----pid-1
---ebpf-pid----6671----pid-6671
---ebpf-pid----6671----pid-5476
---ebpf-pid----6671----pid-1
---ebpf-pid----6671----pid-6671
---ebpf-pid----2088----pid-2088
---ebpf-pid----6671----pid-5476
---ebpf-pid----2088----pid-1
---ebpf-pid----6671----pid-1
---ebpf-pid----2088----pid-2088
---ebpf-pid----6671----pid-6671
---ebpf-pid----2088----pid-1
---ebpf-pid----6671----pid-5476
---ebpf-pid----2088----pid-2088
---ebpf-pid----6671----pid-1
---ebpf-pid----2088----pid-1
---ebpf-pid----2012----pid-2012
---ebpf-pid----2088----pid-2088
---ebpf-pid----2012----pid-1
---ebpf-pid----2088----pid-1
---ebpf-pid----2088----pid-2088
---ebpf-pid----2088----pid-1
---ebpf-pid----2088----pid-2088
---ebpf-pid----2088----pid-1
---ebpf-pid----2012----pid-2012
---ebpf-pid----2088----pid-2088
---ebpf-pid----2088----pid-1
---ebpf-pid----2012----pid-1
---ebpf-pid----2088----pid-2088
---ebpf-pid----2012----pid-2012
---ebpf-pid----2012----pid-1
---ebpf-pid----2088----pid-1
---ebpf-pid----2088----pid-2088
---ebpf-pid----2012----pid-2012
---ebpf-pid----2088----pid-1
---ebpf-pid----2012----pid-1
---ebpf-pid----2088----pid-2088
---ebpf-pid----373029----pid-373029
---ebpf-pid----2088----pid-1
---ebpf-pid----373029----pid-5476
---ebpf-pid----2088----pid-2088
---ebpf-pid----373029----pid-1
---ebpf-pid----2088----pid-1
---ebpf-pid----373029----pid-373029
---ebpf-pid----2012----pid-2012
---ebpf-pid----2088----pid-2088
---ebpf-pid----373029----pid-5476
---ebpf-pid----2088----pid-1
---ebpf-pid----2012----pid-1
---ebpf-pid----2088----pid-2088
---ebpf-pid----2012----pid-2012
---ebpf-pid----373029----pid-1
---ebpf-pid----2088----pid-1
---ebpf-pid----6671----pid-6671
---ebpf-pid----2012----pid-1
---ebpf-pid----2012----pid-2012
---ebpf-pid----6671----pid-5476
---ebpf-pid----2012----pid-1
---ebpf-pid----2012----pid-2012
---ebpf-pid----6671----pid-1
---ebpf-pid----6671----pid-6671
---ebpf-pid----2012----pid-1
---ebpf-pid----2012----pid-2012
---ebpf-pid----6671----pid-5476
---ebpf-pid----2012----pid-1
---ebpf-pid----6671----pid-1
---ebpf-pid----2012----pid-2012
---ebpf-pid----6671----pid-6671
---ebpf-pid----2012----pid-1
---ebpf-pid----2012----pid-2012
---ebpf-pid----6671----pid-5476
---ebpf-pid----2012----pid-1
---ebpf-pid----6671----pid-1
---ebpf-pid----2012----pid-2012
---ebpf-pid----2012----pid-1
---ebpf-pid----2012----pid-2012
---ebpf-pid----6671----pid-6671
---ebpf-pid----2012----pid-1
---ebpf-pid----6671----pid-5476
---ebpf-pid----2012----pid-2012
---ebpf-pid----2012----pid-1
---ebpf-pid----6671----pid-1
---ebpf-pid----2012----pid-2012
---ebpf-pid----6671----pid-6671
---ebpf-pid----2012----pid-1
---ebpf-pid----6671----pid-5476
---ebpf-pid----2012----pid-2012
---ebpf-pid----6671----pid-1
---ebpf-pid----2012----pid-1
---ebpf-pid----6671----pid-6671
---ebpf-pid----2012----pid-2012
---ebpf-pid----2012----pid-1
---ebpf-pid----6671----pid-5476
---ebpf-pid----2012----pid-2012
---ebpf-pid----6671----pid-1
---ebpf-pid----2012----pid-1
---ebpf-pid----6671----pid-6671
---ebpf-pid----2012----pid-2012
---ebpf-pid----6671----pid-5476
---ebpf-pid----2012----pid-1
---ebpf-pid----5707----pid-5707
---ebpf-pid----5707----pid-5476
---ebpf-pid----5707----pid-1
---ebpf-pid----5707----pid-5707
---ebpf-pid----5707----pid-5476
---ebpf-pid----5707----pid-1
---ebpf-pid----5707----pid-5707
---ebpf-pid----6671----pid-1
---ebpf-pid----6671----pid-6671
---ebpf-pid----5707----pid-5476
---ebpf-pid----6671----pid-5476
---ebpf-pid----5707----pid-1
---ebpf-pid----5707----pid-5707
---ebpf-pid----6671----pid-1
---ebpf-pid----6671----pid-6671
---ebpf-pid----5707----pid-5476
---ebpf-pid----6671----pid-5476
---ebpf-pid----5707----pid-1
---ebpf-pid----5707----pid-5707
---ebpf-pid----6671----pid-1
---ebpf-pid----6671----pid-6671
---ebpf-pid----6671----pid-5476
---ebpf-pid----6671----pid-1
---ebpf-pid----6671----pid-6671
---ebpf-pid----6671----pid-5476
---ebpf-pid----6671----pid-1
---ebpf-pid----6671----pid-6671
---ebpf-pid----6671----pid-5476
---ebpf-pid----6671----pid-1
---ebpf-pid----6671----pid-6671
---ebpf-pid----6671----pid-5476
---ebpf-pid----6671----pid-1
---ebpf-pid----6671----pid-6671
---ebpf-pid----6671----pid-5476
---ebpf-pid----6671----pid-1
---ebpf-pid----6671----pid-6671
---ebpf-pid----6671----pid-5476
---ebpf-pid----6671----pid-1
---ebpf-pid----6671----pid-6671
---ebpf-pid----6671----pid-5476
---ebpf-pid----6671----pid-1
---ebpf-pid----6671----pid-6671
---ebpf-pid----6671----pid-5476
---ebpf-pid----2088----pid-2088
---ebpf-pid----6671----pid-1
---ebpf-pid----2088----pid-1
---ebpf-pid----6671----pid-6671
---ebpf-pid----2088----pid-2088
---ebpf-pid----6671----pid-5476
---ebpf-pid----2088----pid-1
---ebpf-pid----2088----pid-2088
---ebpf-pid----6671----pid-1
---ebpf-pid----6671----pid-6671
---ebpf-pid----2088----pid-1
---ebpf-pid----2088----pid-2088
---ebpf-pid----6671----pid-5476
---ebpf-pid----2088----pid-1
---ebpf-pid----6671----pid-1
---ebpf-pid----2088----pid-2088
---ebpf-pid----2089----pid-2089
---ebpf-pid----5707----pid-5476
---ebpf-pid----2088----pid-1
---ebpf-pid----2089----pid-1
---ebpf-pid----2088----pid-2088
---ebpf-pid----5707----pid-1
---ebpf-pid----2089----pid-2089
---ebpf-pid----5707----pid-5707
---ebpf-pid----2088----pid-1
---ebpf-pid----2088----pid-2088
---ebpf-pid----2089----pid-1
---ebpf-pid----5707----pid-5476
---ebpf-pid----2088----pid-1
---ebpf-pid----2089----pid-2089
---ebpf-pid----5707----pid-1
---ebpf-pid----2088----pid-2088
---ebpf-pid----5707----pid-5707
---ebpf-pid----2089----pid-1
---ebpf-pid----2088----pid-1
---ebpf-pid----2089----pid-2089
---ebpf-pid----5707----pid-5476
---ebpf-pid----2088----pid-2088
---ebpf-pid----2089----pid-1
---ebpf-pid----5707----pid-1
---ebpf-pid----2088----pid-1
---ebpf-pid----2089----pid-2089
---ebpf-pid----5707----pid-5707
---ebpf-pid----2088----pid-2088
---ebpf-pid----2089----pid-1
---ebpf-pid----5707----pid-5476
---ebpf-pid----2089----pid-2089
---ebpf-pid----2088----pid-1
---ebpf-pid----2088----pid-2088
---ebpf-pid----5707----pid-1
---ebpf-pid----2089----pid-1
---ebpf-pid----5707----pid-5707
---ebpf-pid----2089----pid-2089
---ebpf-pid----2088----pid-1
---ebpf-pid----2088----pid-2088
---ebpf-pid----5707----pid-5476
---ebpf-pid----2089----pid-1
---ebpf-pid----2088----pid-1
---ebpf-pid----2088----pid-2088
---ebpf-pid----5707----pid-1
---ebpf-pid----2089----pid-2089
---ebpf-pid----5707----pid-5707
---ebpf-pid----2088----pid-1
---ebpf-pid----2088----pid-2088
---ebpf-pid----5707----pid-5476
---ebpf-pid----2089----pid-1
---ebpf-pid----2088----pid-1
---ebpf-pid----2089----pid-2089
---ebpf-pid----5707----pid-1
---ebpf-pid----2088----pid-2088
---ebpf-pid----379067----pid-379067
---ebpf-pid----2089----pid-1
---ebpf-pid----2088----pid-1
---ebpf-pid----2089----pid-2089
---ebpf-pid----379067----pid-5476
---ebpf-pid----2088----pid-2088
---ebpf-pid----2089----pid-1
---ebpf-pid----379067----pid-1
---ebpf-pid----2088----pid-1
---ebpf-pid----379067----pid-379067
---ebpf-pid----379067----pid-379067
---ebpf-pid----2088----pid-2088
---ebpf-pid----379067----pid-5476
---ebpf-pid----379067----pid-5476
---ebpf-pid----2088----pid-1
---ebpf-pid----2088----pid-2088
---ebpf-pid----379067----pid-1
---ebpf-pid----379067----pid-1
---ebpf-pid----379067----pid-379067
---ebpf-pid----379067----pid-379067
---ebpf-pid----2088----pid-1
---ebpf-pid----2088----pid-2088
---ebpf-pid----379067----pid-5476
---ebpf-pid----379067----pid-5476
---ebpf-pid----2088----pid-1
---ebpf-pid----379067----pid-1
---ebpf-pid----379067----pid-1
---ebpf-pid----2088----pid-2088
---ebpf-pid----379067----pid-379067
---ebpf-pid----379067----pid-379067
---ebpf-pid----2088----pid-1
---ebpf-pid----379067----pid-5476
---ebpf-pid----379067----pid-5476
---ebpf-pid----379067----pid-1
---ebpf-pid----379067----pid-379067
---ebpf-pid----379067----pid-1
---ebpf-pid----379067----pid-379067
---ebpf-pid----379067----pid-5476
---ebpf-pid----379067----pid-5476
---ebpf-pid----379067----pid-1
---ebpf-pid----379067----pid-379067
---ebpf-pid----379067----pid-1
---ebpf-pid----379067----pid-379067
---ebpf-pid----379067----pid-5476
---ebpf-pid----379067----pid-5476
---ebpf-pid----379067----pid-1
---ebpf-pid----379067----pid-379067
---ebpf-pid----379067----pid-1
---ebpf-pid----379067----pid-379067
---ebpf-pid----379067----pid-5476
---ebpf-pid----379067----pid-5476
---ebpf-pid----379067----pid-1
---ebpf-pid----379067----pid-1
---ebpf-pid----379067----pid-379067
---ebpf-pid----379067----pid-379067
---ebpf-pid----379067----pid-5476
---ebpf-pid----379067----pid-5476
---ebpf-pid----379067----pid-1
---ebpf-pid----379067----pid-379067
---ebpf-pid----379067----pid-5476
---ebpf-pid----379067----pid-1
---ebpf-pid----2088----pid-2088
---ebpf-pid----2088----pid-1
---ebpf-pid----2088----pid-2088
---ebpf-pid----2088----pid-1
---ebpf-pid----2088----pid-2088
---ebpf-pid----2088----pid-1
---ebpf-pid----2088----pid-2088
---ebpf-pid----2088----pid-1
---ebpf-pid----2088----pid-2088
---ebpf-pid----2088----pid-1
---ebpf-pid----373029----pid-373029
---ebpf-pid----373029----pid-5476
---ebpf-pid----373029----pid-1
---ebpf-pid----373029----pid-373029
---ebpf-pid----373029----pid-5476
---ebpf-pid----373029----pid-1
---ebpf-pid----373029----pid-373029
---ebpf-pid----373029----pid-5476
---ebpf-pid----373029----pid-1
---ebpf-pid----373029----pid-373029
---ebpf-pid----373029----pid-5476
---ebpf-pid----373029----pid-1
---ebpf-pid----373029----pid-373029
---ebpf-pid----373029----pid-5476
---ebpf-pid----373029----pid-1
---ebpf-pid----373029----pid-373029
---ebpf-pid----379067----pid-1
---ebpf-pid----379067----pid-379067
---ebpf-pid----379067----pid-5476
---ebpf-pid----379067----pid-1
---ebpf-pid----379067----pid-379067
---ebpf-pid----379067----pid-379067
---ebpf-pid----379067----pid-5476
---ebpf-pid----379067----pid-5476
---ebpf-pid----379067----pid-1
---ebpf-pid----2089----pid-2089
---ebpf-pid----379067----pid-1
---ebpf-pid----379067----pid-379067
---ebpf-pid----373029----pid-5476
---ebpf-pid----379067----pid-5476
---ebpf-pid----2089----pid-1
---ebpf-pid----2089----pid-2089
---ebpf-pid----379067----pid-1
---ebpf-pid----2089----pid-1
---ebpf-pid----2088----pid-2088
---ebpf-pid----2089----pid-2089
---ebpf-pid----2089----pid-1
---ebpf-pid----2089----pid-2089
---ebpf-pid----2089----pid-1
---ebpf-pid----2089----pid-2089
---ebpf-pid----2089----pid-1
---ebpf-pid----2089----pid-2089
---ebpf-pid----2089----pid-1
---ebpf-pid----2089----pid-2089
---ebpf-pid----2089----pid-1
---ebpf-pid----2089----pid-2089
---ebpf-pid----2089----pid-1
---ebpf-pid----2088----pid-1
---ebpf-pid----2089----pid-2089
---ebpf-pid----2089----pid-1
---ebpf-pid----2089----pid-2089
---ebpf-pid----2089----pid-1
---ebpf-pid----2012----pid-2012
---ebpf-pid----2012----pid-1
---ebpf-pid----2012----pid-2012
---ebpf-pid----2012----pid-1
---ebpf-pid----2012----pid-2012
---ebpf-pid----2088----pid-2088
---ebpf-pid----2012----pid-1
---ebpf-pid----2012----pid-2012
---ebpf-pid----2088----pid-1
---ebpf-pid----2088----pid-2088
---ebpf-pid----2012----pid-1
---ebpf-pid----2088----pid-1
---ebpf-pid----2012----pid-2012
---ebpf-pid----2088----pid-2088
---ebpf-pid----2012----pid-1
---ebpf-pid----2088----pid-1
---ebpf-pid----2012----pid-2012
---ebpf-pid----2088----pid-2088
---ebpf-pid----2012----pid-1
---ebpf-pid----2088----pid-1
---ebpf-pid----2012----pid-2012
---ebpf-pid----2088----pid-2088
---ebpf-pid----2088----pid-1
---ebpf-pid----2012----pid-1
---ebpf-pid----2088----pid-2088
---ebpf-pid----2012----pid-2012
---ebpf-pid----2088----pid-1
---ebpf-pid----2088----pid-2088
---ebpf-pid----2088----pid-1
---ebpf-pid----2088----pid-2088
---ebpf-pid----2088----pid-1
---ebpf-pid----2088----pid-2088
---ebpf-pid----2088----pid-1
---ebpf-pid----373029----pid-1
---ebpf-pid----2088----pid-2088
---ebpf-pid----373029----pid-373029
---ebpf-pid----2088----pid-1
---ebpf-pid----373029----pid-5476
---ebpf-pid----2088----pid-2088
---ebpf-pid----373029----pid-1
---ebpf-pid----2088----pid-1
---ebpf-pid----373029----pid-373029
---ebpf-pid----2088----pid-2088
---ebpf-pid----373029----pid-5476
---ebpf-pid----2088----pid-1
---ebpf-pid----2088----pid-2088
---ebpf-pid----373029----pid-1
---ebpf-pid----2088----pid-1
---ebpf-pid----373029----pid-373029
---ebpf-pid----2088----pid-2088
---ebpf-pid----2088----pid-1
---ebpf-pid----2088----pid-2088
---ebpf-pid----373029----pid-5476
---ebpf-pid----373029----pid-1
---ebpf-pid----2088----pid-1
---ebpf-pid----373029----pid-373029
---ebpf-pid----2088----pid-2088
---ebpf-pid----373029----pid-5476
---ebpf-pid----2088----pid-1
---ebpf-pid----2088----pid-2088
---ebpf-pid----373029----pid-1
---ebpf-pid----373029----pid-373029
---ebpf-pid----2088----pid-1
---ebpf-pid----2088----pid-2088
---ebpf-pid----373029----pid-5476
---ebpf-pid----2088----pid-1
---ebpf-pid----373029----pid-1
---ebpf-pid----2088----pid-2088
---ebpf-pid----373029----pid-373029
---ebpf-pid----2088----pid-1
---ebpf-pid----373029----pid-5476
---ebpf-pid----5705----pid-5705
---ebpf-pid----373029----pid-1
---ebpf-pid----5705----pid-5476
---ebpf-pid----373029----pid-373029
---ebpf-pid----5705----pid-1
---ebpf-pid----373029----pid-5476
---ebpf-pid----5705----pid-5705
---ebpf-pid----373029----pid-1
---ebpf-pid----5705----pid-5476
---ebpf-pid----373029----pid-373029
---ebpf-pid----5705----pid-1
---ebpf-pid----373029----pid-5476
---ebpf-pid----5705----pid-5705
---ebpf-pid----373029----pid-1
---ebpf-pid----5705----pid-5476
---ebpf-pid----373029----pid-373029
---ebpf-pid----5705----pid-1
---ebpf-pid----373029----pid-5476
---ebpf-pid----5705----pid-5705
Failed to get process information for PID 0
---ebpf-pid----373029----pid-1
---ebpf-pid----2088----pid-2088
---ebpf-pid----5705----pid-5476
---ebpf-pid----5705----pid-1
---ebpf-pid----2088----pid-1
---ebpf-pid----5705----pid-5705
---ebpf-pid----2088----pid-2088
---ebpf-pid----5705----pid-5476
---ebpf-pid----2088----pid-1
---ebpf-pid----2088----pid-2088
---ebpf-pid----5705----pid-1
---ebpf-pid----5705----pid-5705
---ebpf-pid----2088----pid-1
---ebpf-pid----2088----pid-2088
---ebpf-pid----5705----pid-5476
---ebpf-pid----2088----pid-1
---ebpf-pid----2088----pid-2088
---ebpf-pid----5705----pid-1
---ebpf-pid----5705----pid-5705
---ebpf-pid----2088----pid-1
---ebpf-pid----2088----pid-2088
---ebpf-pid----5705----pid-5476
---ebpf-pid----2088----pid-1
---ebpf-pid----5705----pid-1
---ebpf-pid----2088----pid-2088
---ebpf-pid----5705----pid-5705
---ebpf-pid----2088----pid-1
---ebpf-pid----5705----pid-5476
---ebpf-pid----2088----pid-2088
---ebpf-pid----5705----pid-1
---ebpf-pid----2088----pid-1
---ebpf-pid----5705----pid-5705
---ebpf-pid----2088----pid-2088
---ebpf-pid----5705----pid-5476
---ebpf-pid----2088----pid-1
---ebpf-pid----2088----pid-2088
---ebpf-pid----5705----pid-1
---ebpf-pid----2012----pid-1
---ebpf-pid----5705----pid-5705
---ebpf-pid----2012----pid-2012
---ebpf-pid----2012----pid-1
---ebpf-pid----2012----pid-2012
---ebpf-pid----5705----pid-5476
---ebpf-pid----2012----pid-1
---ebpf-pid----5705----pid-1
---ebpf-pid----5705----pid-5705
---ebpf-pid----5705----pid-5705
---ebpf-pid----5705----pid-5476
---ebpf-pid----5705----pid-5476
---ebpf-pid----5705----pid-1
---ebpf-pid----5705----pid-5705
---ebpf-pid----5705----pid-1
---ebpf-pid----5705----pid-5476
---ebpf-pid----5705----pid-5705
---ebpf-pid----5705----pid-1
---ebpf-pid----5705----pid-5476
---ebpf-pid----5705----pid-5705
---ebpf-pid----5705----pid-1
---ebpf-pid----5705----pid-5705
---ebpf-pid----5705----pid-5476
---ebpf-pid----5705----pid-5476
---ebpf-pid----5705----pid-1
---ebpf-pid----5705----pid-5705
---ebpf-pid----5705----pid-1
---ebpf-pid----5705----pid-5705
---ebpf-pid----5705----pid-5476
---ebpf-pid----5705----pid-5476
---ebpf-pid----5705----pid-1
---ebpf-pid----5705----pid-1
---ebpf-pid----5705----pid-5705
---ebpf-pid----5705----pid-5705
---ebpf-pid----5705----pid-5476
---ebpf-pid----5705----pid-1
---ebpf-pid----5705----pid-5476
---ebpf-pid----5705----pid-5705
---ebpf-pid----5705----pid-1
---ebpf-pid----5705----pid-5476
---ebpf-pid----5705----pid-5705
---ebpf-pid----5705----pid-5476
---ebpf-pid----5705----pid-1
---ebpf-pid----5705----pid-5705
---ebpf-pid----2088----pid-1
---ebpf-pid----5705----pid-1
---ebpf-pid----2088----pid-2088
---ebpf-pid----5705----pid-5705
---ebpf-pid----2088----pid-1
---ebpf-pid----2088----pid-2088
---ebpf-pid----2088----pid-1
---ebpf-pid----2088----pid-2088
---ebpf-pid----5705----pid-5476
---ebpf-pid----2088----pid-1
---ebpf-pid----5705----pid-1
---ebpf-pid----2088----pid-2088
---ebpf-pid----5705----pid-5705
---ebpf-pid----2088----pid-1
---ebpf-pid----5705----pid-5476
---ebpf-pid----2088----pid-2088
---ebpf-pid----5705----pid-1
---ebpf-pid----5705----pid-5705
---ebpf-pid----5705----pid-5476
---ebpf-pid----2088----pid-1
---ebpf-pid----5705----pid-1
---ebpf-pid----5705----pid-5705
---ebpf-pid----2088----pid-2088
---ebpf-pid----5705----pid-5476
---ebpf-pid----5705----pid-1
---ebpf-pid----5705----pid-5705
---ebpf-pid----5705----pid-5476
---ebpf-pid----5705----pid-5476
---ebpf-pid----5705----pid-1
---ebpf-pid----2012----pid-2012
---ebpf-pid----2088----pid-1
---ebpf-pid----2012----pid-1
---ebpf-pid----5705----pid-5705
---ebpf-pid----5705----pid-5476
---ebpf-pid----2088----pid-2088
---ebpf-pid----5705----pid-1
---ebpf-pid----5705----pid-1
---ebpf-pid----5705----pid-5705
---ebpf-pid----5705----pid-5705
---ebpf-pid----5705----pid-5476
---ebpf-pid----5705----pid-1
---ebpf-pid----2029----pid-2029
---ebpf-pid----2029----pid-1
---ebpf-pid----2088----pid-1
---ebpf-pid----2029----pid-2029
---ebpf-pid----2029----pid-1
---ebpf-pid----2088----pid-2088
---ebpf-pid----2088----pid-2088
---ebpf-pid----2088----pid-1
---ebpf-pid----2088----pid-2088
---ebpf-pid----5705----pid-5476
---ebpf-pid----2088----pid-1
---ebpf-pid----2088----pid-2088
---ebpf-pid----2088----pid-1
---ebpf-pid----5705----pid-5705
---ebpf-pid----5705----pid-5476
---ebpf-pid----2088----pid-1
---ebpf-pid----5705----pid-1
---ebpf-pid----2088----pid-2088
---ebpf-pid----5705----pid-1
---ebpf-pid----2088----pid-1
---ebpf-pid----2088----pid-2088
---ebpf-pid----2029----pid-2029
---ebpf-pid----2088----pid-1
---ebpf-pid----2029----pid-1
---ebpf-pid----2088----pid-2088
---ebpf-pid----2029----pid-2029
---ebpf-pid----2088----pid-1
---ebpf-pid----2029----pid-1
---ebpf-pid----2088----pid-2088
---ebpf-pid----2029----pid-2029
---ebpf-pid----2088----pid-1
---ebpf-pid----2029----pid-1
---ebpf-pid----2088----pid-2088
---ebpf-pid----2029----pid-2029
---ebpf-pid----5705----pid-5705
---ebpf-pid----2029----pid-1
---ebpf-pid----2029----pid-2029
---ebpf-pid----5705----pid-5476
---ebpf-pid----2029----pid-1
---ebpf-pid----5705----pid-1
---ebpf-pid----2029----pid-2029
---ebpf-pid----2088----pid-2088
---ebpf-pid----2029----pid-1
---ebpf-pid----2088----pid-1
---ebpf-pid----2088----pid-2088
---ebpf-pid----2029----pid-2029
---ebpf-pid----2088----pid-1
---ebpf-pid----2029----pid-1
---ebpf-pid----2088----pid-2088
---ebpf-pid----2029----pid-2029
---ebpf-pid----2088----pid-1
---ebpf-pid----2029----pid-1
---ebpf-pid----5705----pid-5705
---ebpf-pid----2029----pid-2029
---ebpf-pid----5705----pid-5476
---ebpf-pid----2029----pid-1
---ebpf-pid----2029----pid-2029
---ebpf-pid----5705----pid-1
---ebpf-pid----2029----pid-1
---ebpf-pid----5705----pid-5705
---ebpf-pid----2029----pid-2029
---ebpf-pid----2029----pid-1
---ebpf-pid----5705----pid-5476
---ebpf-pid----2029----pid-2029
---ebpf-pid----5705----pid-1
---ebpf-pid----2029----pid-1
---ebpf-pid----5705----pid-5705
---ebpf-pid----2029----pid-2029
---ebpf-pid----5705----pid-5476
---ebpf-pid----2029----pid-1
---ebpf-pid----2029----pid-2029
---ebpf-pid----5705----pid-1
---ebpf-pid----5705----pid-5705
---ebpf-pid----2029----pid-1
---ebpf-pid----2029----pid-2029
---ebpf-pid----5705----pid-5476
---ebpf-pid----2029----pid-1
---ebpf-pid----5705----pid-1
---ebpf-pid----2029----pid-2029
---ebpf-pid----5705----pid-5705
---ebpf-pid----5705----pid-5476
---ebpf-pid----5705----pid-1
---ebpf-pid----5705----pid-5705
---ebpf-pid----5705----pid-5476
---ebpf-pid----5705----pid-1
---ebpf-pid----5705----pid-5705
---ebpf-pid----5705----pid-5476
---ebpf-pid----5705----pid-1
---ebpf-pid----2012----pid-2012
---ebpf-pid----2012----pid-1
---ebpf-pid----2012----pid-2012
---ebpf-pid----2012----pid-1
---ebpf-pid----2012----pid-2012
---ebpf-pid----2012----pid-1
---ebpf-pid----2012----pid-2012
---ebpf-pid----2012----pid-1
---ebpf-pid----2012----pid-2012
---ebpf-pid----2088----pid-1
---ebpf-pid----2088----pid-2088
---ebpf-pid----2088----pid-1
---ebpf-pid----2088----pid-2088
---ebpf-pid----2088----pid-1
---ebpf-pid----2029----pid-1
---ebpf-pid----2088----pid-2088
---ebpf-pid----2029----pid-2029
---ebpf-pid----2088----pid-1
---ebpf-pid----2029----pid-1
---ebpf-pid----2088----pid-2088
---ebpf-pid----2029----pid-2029
---ebpf-pid----2029----pid-1
---ebpf-pid----2088----pid-1
---ebpf-pid----2029----pid-2029
---ebpf-pid----2088----pid-2088
---ebpf-pid----2029----pid-1
---ebpf-pid----2029----pid-2029
---ebpf-pid----2088----pid-1
---ebpf-pid----2088----pid-2088
---ebpf-pid----2029----pid-1
---ebpf-pid----2029----pid-2029
---ebpf-pid----2088----pid-1
---ebpf-pid----2088----pid-2088
---ebpf-pid----2029----pid-1
---ebpf-pid----2029----pid-2029
---ebpf-pid----2029----pid-1
---ebpf-pid----2029----pid-2029
---ebpf-pid----2088----pid-1
---ebpf-pid----2029----pid-1
---ebpf-pid----2088----pid-2088
---ebpf-pid----2029----pid-2029
---ebpf-pid----2029----pid-1
---ebpf-pid----2088----pid-1
---ebpf-pid----2029----pid-2029
---ebpf-pid----2088----pid-2088
---ebpf-pid----2029----pid-1
---ebpf-pid----2088----pid-1
---ebpf-pid----2029----pid-2029
---ebpf-pid----2088----pid-2088
---ebpf-pid----2029----pid-1
---ebpf-pid----2029----pid-2029
---ebpf-pid----2088----pid-1
---ebpf-pid----2088----pid-2088
---ebpf-pid----2029----pid-1
---ebpf-pid----2029----pid-2029
---ebpf-pid----2088----pid-1
---ebpf-pid----2088----pid-2088
---ebpf-pid----2029----pid-1
---ebpf-pid----2029----pid-2029
---ebpf-pid----2088----pid-1
---ebpf-pid----2029----pid-1
---ebpf-pid----2029----pid-2029
---ebpf-pid----2029----pid-1
---ebpf-pid----2029----pid-2029
---ebpf-pid----2029----pid-1
---ebpf-pid----2029----pid-2029
---ebpf-pid----2029----pid-1
---ebpf-pid----2029----pid-2029
---ebpf-pid----2029----pid-1
---ebpf-pid----2029----pid-2029
---ebpf-pid----2029----pid-1
---ebpf-pid----2029----pid-2029
---ebpf-pid----2029----pid-1
---ebpf-pid----2029----pid-2029
---ebpf-pid----2088----pid-2088
---ebpf-pid----2088----pid-1
---ebpf-pid----2088----pid-2088
---ebpf-pid----2088----pid-1
---ebpf-pid----2088----pid-2088
---ebpf-pid----2088----pid-1
---ebpf-pid----2088----pid-2088
---ebpf-pid----2088----pid-1
---ebpf-pid----2088----pid-2088
---ebpf-pid----2088----pid-1
---ebpf-pid----2088----pid-2088
---ebpf-pid----2088----pid-1
---ebpf-pid----2088----pid-2088
---ebpf-pid----2012----pid-1
---ebpf-pid----2012----pid-2012
---ebpf-pid----2012----pid-1
---ebpf-pid----2012----pid-2012
---ebpf-pid----2012----pid-1
---ebpf-pid----2012----pid-2012
---ebpf-pid----2012----pid-1
---ebpf-pid----2012----pid-2012
---ebpf-pid----2012----pid-1
---ebpf-pid----2012----pid-2012
---ebpf-pid----2012----pid-1
---ebpf-pid----2012----pid-2012
---ebpf-pid----2012----pid-1
---ebpf-pid----2012----pid-2012
---ebpf-pid----2012----pid-1
---ebpf-pid----448784----pid-448784
---ebpf-pid----2029----pid-1
---ebpf-pid----2029----pid-2029
---ebpf-pid----448784----pid-448520
---ebpf-pid----2029----pid-1
---ebpf-pid----448784----pid-1
---ebpf-pid----2029----pid-2029
---ebpf-pid----2012----pid-2012
---ebpf-pid----2029----pid-1
---ebpf-pid----2029----pid-2029
---ebpf-pid----2088----pid-1
---ebpf-pid----2088----pid-2088
---ebpf-pid----2088----pid-1
---ebpf-pid----2029----pid-1
---ebpf-pid----2088----pid-2088
---ebpf-pid----2029----pid-2029
---ebpf-pid----2088----pid-1
---ebpf-pid----2029----pid-1
---ebpf-pid----2088----pid-2088
---ebpf-pid----2029----pid-2029
---ebpf-pid----2088----pid-1
---ebpf-pid----2029----pid-1
---ebpf-pid----2029----pid-2029
---ebpf-pid----2088----pid-2088
---ebpf-pid----2029----pid-1
---ebpf-pid----2088----pid-1
---ebpf-pid----2029----pid-2029
---ebpf-pid----2088----pid-2088
---ebpf-pid----2029----pid-1
---ebpf-pid----2029----pid-2029
---ebpf-pid----2088----pid-1
---ebpf-pid----2088----pid-2088
---ebpf-pid----2029----pid-1
---ebpf-pid----2029----pid-2029
---ebpf-pid----2088----pid-1
---ebpf-pid----2088----pid-2088
---ebpf-pid----2029----pid-1
---ebpf-pid----2029----pid-2029
---ebpf-pid----2088----pid-1
---ebpf-pid----2088----pid-2088
---ebpf-pid----2029----pid-1
---ebpf-pid----2029----pid-2029
---ebpf-pid----2088----pid-1
---ebpf-pid----2088----pid-2088
---ebpf-pid----2029----pid-1
---ebpf-pid----2029----pid-2029
---ebpf-pid----2088----pid-1
---ebpf-pid----2088----pid-2088
---ebpf-pid----2029----pid-1
---ebpf-pid----2029----pid-2029
---ebpf-pid----2012----pid-1
---ebpf-pid----2029----pid-1
---ebpf-pid----2029----pid-2029
---ebpf-pid----2012----pid-2012
---ebpf-pid----2029----pid-1
---ebpf-pid----2012----pid-1
---ebpf-pid----6671----pid-6671
---ebpf-pid----2012----pid-2012
---ebpf-pid----6671----pid-5476
---ebpf-pid----2012----pid-1
---ebpf-pid----2012----pid-2012
---ebpf-pid----6671----pid-1
---ebpf-pid----6671----pid-6671
---ebpf-pid----2012----pid-1
---ebpf-pid----2012----pid-2012
---ebpf-pid----6671----pid-5476
---ebpf-pid----2012----pid-1
---ebpf-pid----6671----pid-1
---ebpf-pid----2012----pid-2012
---ebpf-pid----6671----pid-6671
---ebpf-pid----2012----pid-1
---ebpf-pid----6671----pid-5476
---ebpf-pid----2012----pid-2012
---ebpf-pid----6671----pid-1
---ebpf-pid----2012----pid-1
---ebpf-pid----6671----pid-6671
---ebpf-pid----373029----pid-373029
---ebpf-pid----6671----pid-5476
---ebpf-pid----373029----pid-5476
---ebpf-pid----6671----pid-1
---ebpf-pid----6671----pid-6671
---ebpf-pid----373029----pid-1
---ebpf-pid----373029----pid-373029
---ebpf-pid----6671----pid-5476
---ebpf-pid----373029----pid-5476
---ebpf-pid----6671----pid-1
---ebpf-pid----6671----pid-6671
---ebpf-pid----373029----pid-1
---ebpf-pid----6671----pid-5476
---ebpf-pid----373029----pid-373029
---ebpf-pid----6671----pid-1
---ebpf-pid----373029----pid-5476
---ebpf-pid----6671----pid-6671
---ebpf-pid----373029----pid-1
---ebpf-pid----6671----pid-5476
---ebpf-pid----373029----pid-373029
---ebpf-pid----6671----pid-1
---ebpf-pid----6671----pid-6671
---ebpf-pid----373029----pid-5476
---ebpf-pid----6671----pid-5476
---ebpf-pid----373029----pid-1
---ebpf-pid----373029----pid-373029
---ebpf-pid----373029----pid-5476
---ebpf-pid----373029----pid-1
---ebpf-pid----2088----pid-2088
---ebpf-pid----2088----pid-1
---ebpf-pid----6671----pid-1
---ebpf-pid----2088----pid-2088
---ebpf-pid----6671----pid-6671
---ebpf-pid----2088----pid-1
---ebpf-pid----6671----pid-5476
---ebpf-pid----2088----pid-2088
---ebpf-pid----6671----pid-1
---ebpf-pid----2088----pid-1
---ebpf-pid----6671----pid-6671
---ebpf-pid----2088----pid-2088
---ebpf-pid----6671----pid-5476
---ebpf-pid----2088----pid-1
---ebpf-pid----6671----pid-1
---ebpf-pid----2088----pid-2088
---ebpf-pid----373029----pid-373029
---ebpf-pid----373029----pid-5476
---ebpf-pid----2088----pid-1
---ebpf-pid----2088----pid-2088
---ebpf-pid----373029----pid-1
---ebpf-pid----373029----pid-373029
---ebpf-pid----2088----pid-1
---ebpf-pid----2088----pid-2088
---ebpf-pid----373029----pid-5476
---ebpf-pid----2088----pid-1
---ebpf-pid----373029----pid-1
---ebpf-pid----2088----pid-2088
---ebpf-pid----373029----pid-373029
---ebpf-pid----2088----pid-1
---ebpf-pid----373029----pid-5476
---ebpf-pid----2088----pid-2088
---ebpf-pid----373029----pid-1
---ebpf-pid----2088----pid-1
---ebpf-pid----2029----pid-2029
---ebpf-pid----2088----pid-2088
---ebpf-pid----2029----pid-1
---ebpf-pid----2088----pid-1
---ebpf-pid----2029----pid-2029
---ebpf-pid----2088----pid-2088
---ebpf-pid----2029----pid-1
---ebpf-pid----2088----pid-1
---ebpf-pid----2029----pid-2029
---ebpf-pid----2088----pid-2088
---ebpf-pid----2029----pid-1
---ebpf-pid----379067----pid-379067
---ebpf-pid----2088----pid-1
---ebpf-pid----2088----pid-2088
---ebpf-pid----379067----pid-5476
---ebpf-pid----2088----pid-1
---ebpf-pid----379067----pid-1
---ebpf-pid----2088----pid-2088
---ebpf-pid----379067----pid-379067
---ebpf-pid----2088----pid-1
---ebpf-pid----379067----pid-5476
---ebpf-pid----2088----pid-2088
---ebpf-pid----2088----pid-1
---ebpf-pid----379067----pid-1
---ebpf-pid----2088----pid-1
---ebpf-pid----2088----pid-2088
---ebpf-pid----2029----pid-2029
---ebpf-pid----2088----pid-2088
---ebpf-pid----2088----pid-1
---ebpf-pid----2029----pid-1
---ebpf-pid----2088----pid-1
---ebpf-pid----2088----pid-2088
---ebpf-pid----2088----pid-2088
---ebpf-pid----2029----pid-2029
---ebpf-pid----2088----pid-1
---ebpf-pid----2088----pid-1
---ebpf-pid----2029----pid-1
---ebpf-pid----2088----pid-2088
---ebpf-pid----2088----pid-2088
---ebpf-pid----2029----pid-2029
---ebpf-pid----2088----pid-1
---ebpf-pid----2029----pid-1
---ebpf-pid----2088----pid-1
---ebpf-pid----2088----pid-2088
---ebpf-pid----373029----pid-373029
---ebpf-pid----2088----pid-2088
---ebpf-pid----373029----pid-5476
---ebpf-pid----2088----pid-1
---ebpf-pid----2088----pid-2088
---ebpf-pid----373029----pid-1
---ebpf-pid----373029----pid-373029
---ebpf-pid----2088----pid-1
---ebpf-pid----2088----pid-2088
---ebpf-pid----373029----pid-5476
---ebpf-pid----2088----pid-1
---ebpf-pid----2088----pid-2088
---ebpf-pid----373029----pid-1
---ebpf-pid----379067----pid-379067
---ebpf-pid----2088----pid-1
---ebpf-pid----2088----pid-2088
---ebpf-pid----379067----pid-5476
---ebpf-pid----2088----pid-1
---ebpf-pid----2088----pid-1
---ebpf-pid----2088----pid-2088
---ebpf-pid----379067----pid-1
---ebpf-pid----2088----pid-2088
---ebpf-pid----379067----pid-379067
---ebpf-pid----2088----pid-1
---ebpf-pid----2088----pid-1
---ebpf-pid----2088----pid-2088
---ebpf-pid----379067----pid-5476
---ebpf-pid----2088----pid-2088
---ebpf-pid----2088----pid-1
---ebpf-pid----379067----pid-1
---ebpf-pid----2088----pid-1
---ebpf-pid----2088----pid-2088
---ebpf-pid----373029----pid-373029
---ebpf-pid----2088----pid-2088
---ebpf-pid----2088----pid-1
---ebpf-pid----2088----pid-2088
---ebpf-pid----2088----pid-1
---ebpf-pid----2088----pid-2088
---ebpf-pid----2088----pid-1
---ebpf-pid----2088----pid-2088
---ebpf-pid----2088----pid-1
---ebpf-pid----2088----pid-1
---ebpf-pid----2088----pid-2088
---ebpf-pid----2088----pid-2088
---ebpf-pid----2088----pid-1
---ebpf-pid----2088----pid-1
---ebpf-pid----2088----pid-2088
---ebpf-pid----2088----pid-2088
---ebpf-pid----2088----pid-1
---ebpf-pid----2088----pid-2088
---ebpf-pid----2088----pid-1
---ebpf-pid----2088----pid-1
---ebpf-pid----2088----pid-2088
---ebpf-pid----2088----pid-2088
---ebpf-pid----2088----pid-1
---ebpf-pid----2088----pid-1
---ebpf-pid----2088----pid-2088
---ebpf-pid----2088----pid-2088
---ebpf-pid----2088----pid-1
---ebpf-pid----2088----pid-2088
---ebpf-pid----373029----pid-5476
---ebpf-pid----2088----pid-1
---ebpf-pid----2088----pid-2088
---ebpf-pid----373029----pid-1
---ebpf-pid----373029----pid-373029
---ebpf-pid----2088----pid-1
---ebpf-pid----373029----pid-5476
---ebpf-pid----2088----pid-2088
---ebpf-pid----373029----pid-1
---ebpf-pid----2088----pid-1
---ebpf-pid----379067----pid-379067
---ebpf-pid----2088----pid-2088
---ebpf-pid----379067----pid-5476
---ebpf-pid----2088----pid-1
---ebpf-pid----379067----pid-1
---ebpf-pid----379067----pid-379067
---ebpf-pid----379067----pid-5476
---ebpf-pid----2088----pid-1
---ebpf-pid----2088----pid-2088
---ebpf-pid----379067----pid-1
---ebpf-pid----379067----pid-379067
---ebpf-pid----2088----pid-1
---ebpf-pid----2088----pid-2088
---ebpf-pid----2088----pid-1
---ebpf-pid----2088----pid-2088
---ebpf-pid----2088----pid-1
---ebpf-pid----379067----pid-5476
---ebpf-pid----2088----pid-2088
---ebpf-pid----379067----pid-1
---ebpf-pid----2088----pid-1
---ebpf-pid----2088----pid-2088
---ebpf-pid----379067----pid-379067
---ebpf-pid----2088----pid-1
---ebpf-pid----379067----pid-5476
---ebpf-pid----2088----pid-2088
---ebpf-pid----379067----pid-1
---ebpf-pid----373029----pid-373029
---ebpf-pid----373029----pid-5476
---ebpf-pid----373029----pid-1
---ebpf-pid----373029----pid-373029
---ebpf-pid----373029----pid-5476
---ebpf-pid----373029----pid-1
---ebpf-pid----373029----pid-373029
---ebpf-pid----373029----pid-5476
---ebpf-pid----373029----pid-1
---ebpf-pid----373029----pid-373029
---ebpf-pid----373029----pid-5476
---ebpf-pid----2088----pid-2088
---ebpf-pid----373029----pid-1
---ebpf-pid----373029----pid-373029
---ebpf-pid----2088----pid-1
---ebpf-pid----373029----pid-5476
---ebpf-pid----2088----pid-2088
---ebpf-pid----373029----pid-1
---ebpf-pid----373029----pid-373029
---ebpf-pid----2088----pid-1
---ebpf-pid----373029----pid-5476
---ebpf-pid----2088----pid-2088
---ebpf-pid----373029----pid-1
---ebpf-pid----373029----pid-373029
---ebpf-pid----373029----pid-5476
---ebpf-pid----373029----pid-1
---ebpf-pid----373029----pid-373029
---ebpf-pid----373029----pid-5476
---ebpf-pid----373029----pid-1
---ebpf-pid----373029----pid-373029
---ebpf-pid----373029----pid-5476
---ebpf-pid----373029----pid-1
---ebpf-pid----373029----pid-373029
---ebpf-pid----373029----pid-5476
---ebpf-pid----373029----pid-1
---ebpf-pid----6671----pid-6671
---ebpf-pid----6671----pid-5476
---ebpf-pid----6671----pid-1
---ebpf-pid----6671----pid-6671
---ebpf-pid----6671----pid-5476
---ebpf-pid----6671----pid-1
---ebpf-pid----379067----pid-379067
---ebpf-pid----379067----pid-5476
---ebpf-pid----379067----pid-1
---ebpf-pid----6671----pid-6671
---ebpf-pid----6671----pid-5476
---ebpf-pid----2088----pid-1
---ebpf-pid----2088----pid-2088
---ebpf-pid----6671----pid-1
---ebpf-pid----6671----pid-6671
---ebpf-pid----2088----pid-1
---ebpf-pid----2088----pid-2088
---ebpf-pid----6671----pid-5476
---ebpf-pid----6671----pid-1
---ebpf-pid----5705----pid-5705
---ebpf-pid----2088----pid-1
---ebpf-pid----2088----pid-2088
---ebpf-pid----5705----pid-5476
---ebpf-pid----5705----pid-1
---ebpf-pid----5705----pid-5705
---ebpf-pid----5705----pid-5476
---ebpf-pid----2088----pid-1
---ebpf-pid----2088----pid-2088
---ebpf-pid----5705----pid-1
---ebpf-pid----5705----pid-5705
---ebpf-pid----2088----pid-1
---ebpf-pid----2088----pid-2088
---ebpf-pid----2088----pid-1
---ebpf-pid----2088----pid-2088
---ebpf-pid----2088----pid-1
---ebpf-pid----2088----pid-1
---ebpf-pid----2088----pid-2088
---ebpf-pid----2088----pid-2088
---ebpf-pid----2088----pid-1
---ebpf-pid----2088----pid-1
---ebpf-pid----2088----pid-2088
---ebpf-pid----2088----pid-2088
---ebpf-pid----2088----pid-1
---ebpf-pid----2088----pid-2088
---ebpf-pid----2088----pid-1
---ebpf-pid----2088----pid-2088
---ebpf-pid----2088----pid-1
---ebpf-pid----2088----pid-2088
---ebpf-pid----2088----pid-1
---ebpf-pid----2088----pid-2088
---ebpf-pid----2088----pid-1
---ebpf-pid----2088----pid-2088
---ebpf-pid----5705----pid-5476
---ebpf-pid----5705----pid-1
---ebpf-pid----2088----pid-1
---ebpf-pid----5705----pid-5705
---ebpf-pid----2088----pid-2088
---ebpf-pid----5705----pid-5476
---ebpf-pid----2088----pid-1
---ebpf-pid----2088----pid-1
---ebpf-pid----2088----pid-2088
---ebpf-pid----2088----pid-2088
---ebpf-pid----5705----pid-1
---ebpf-pid----2012----pid-2012
---ebpf-pid----2088----pid-1
---ebpf-pid----2012----pid-1
---ebpf-pid----2088----pid-1
---ebpf-pid----6671----pid-6671
---ebpf-pid----2012----pid-2012
---ebpf-pid----2088----pid-2088
---ebpf-pid----6671----pid-5476
---ebpf-pid----2012----pid-1
---ebpf-pid----2088----pid-1
---ebpf-pid----2012----pid-2012
---ebpf-pid----2088----pid-2088
---ebpf-pid----6671----pid-1
---ebpf-pid----6671----pid-6671
---ebpf-pid----2088----pid-1
---ebpf-pid----2012----pid-1
---ebpf-pid----2012----pid-2012
---ebpf-pid----2088----pid-2088
---ebpf-pid----6671----pid-5476
---ebpf-pid----2012----pid-1
---ebpf-pid----2088----pid-1
---ebpf-pid----6671----pid-1
---ebpf-pid----2012----pid-2012
---ebpf-pid----2088----pid-2088
---ebpf-pid----6671----pid-6671
---ebpf-pid----2012----pid-1
---ebpf-pid----2088----pid-1
---ebpf-pid----6671----pid-5476
---ebpf-pid----2012----pid-2012
---ebpf-pid----2088----pid-2088
---ebpf-pid----6671----pid-1
---ebpf-pid----2012----pid-1
---ebpf-pid----2088----pid-1
---ebpf-pid----6671----pid-6671
---ebpf-pid----2012----pid-2012
---ebpf-pid----2088----pid-2088
---ebpf-pid----6671----pid-5476
---ebpf-pid----2088----pid-1
---ebpf-pid----2012----pid-1
---ebpf-pid----2088----pid-2088
---ebpf-pid----2012----pid-2012
---ebpf-pid----6671----pid-1
---ebpf-pid----2088----pid-1
---ebpf-pid----2012----pid-1
---ebpf-pid----6671----pid-6671
---ebpf-pid----2088----pid-2088
---ebpf-pid----2012----pid-2012
---ebpf-pid----6671----pid-5476
---ebpf-pid----2088----pid-1
---ebpf-pid----2088----pid-2088
---ebpf-pid----6671----pid-1
---ebpf-pid----2088----pid-1
---ebpf-pid----6671----pid-6671
---ebpf-pid----2088----pid-2088
---ebpf-pid----6671----pid-5476
---ebpf-pid----2088----pid-1
---ebpf-pid----2088----pid-2088
---ebpf-pid----6671----pid-1
---ebpf-pid----6671----pid-6671
---ebpf-pid----2088----pid-1
---ebpf-pid----2088----pid-2088
---ebpf-pid----6671----pid-5476
---ebpf-pid----2088----pid-1
---ebpf-pid----2088----pid-2088
---ebpf-pid----6671----pid-1
---ebpf-pid----6671----pid-6671
---ebpf-pid----2088----pid-1
---ebpf-pid----2088----pid-2088
---ebpf-pid----6671----pid-5476
---ebpf-pid----2012----pid-1
---ebpf-pid----2088----pid-1
---ebpf-pid----2012----pid-2012
---ebpf-pid----6671----pid-1
---ebpf-pid----2088----pid-2088
---ebpf-pid----6671----pid-6671
---ebpf-pid----2012----pid-1
---ebpf-pid----2088----pid-1
---ebpf-pid----2012----pid-2012
---ebpf-pid----6671----pid-5476
---ebpf-pid----2088----pid-2088
---ebpf-pid----2012----pid-1
---ebpf-pid----6671----pid-1
---ebpf-pid----2088----pid-1
---ebpf-pid----2094----pid-2094
---ebpf-pid----6671----pid-6671
---ebpf-pid----2088----pid-2088
---ebpf-pid----2094----pid-1
---ebpf-pid----6671----pid-5476
---ebpf-pid----2088----pid-1
---ebpf-pid----2094----pid-2094
---ebpf-pid----2088----pid-2088
---ebpf-pid----6671----pid-1
---ebpf-pid----6671----pid-6671
---ebpf-pid----2094----pid-1
---ebpf-pid----2094----pid-2094
---ebpf-pid----2088----pid-1
---ebpf-pid----2088----pid-2088
---ebpf-pid----6671----pid-5476
---ebpf-pid----2094----pid-1
---ebpf-pid----2088----pid-1
---ebpf-pid----2094----pid-2094
---ebpf-pid----6671----pid-1
---ebpf-pid----2088----pid-2088
---ebpf-pid----6671----pid-6671
---ebpf-pid----2094----pid-1
---ebpf-pid----2088----pid-1
---ebpf-pid----2094----pid-2094
---ebpf-pid----2088----pid-2088
---ebpf-pid----6671----pid-5476
---ebpf-pid----2094----pid-1
---ebpf-pid----2094----pid-2094
---ebpf-pid----6671----pid-1
---ebpf-pid----2094----pid-1
---ebpf-pid----6671----pid-6671
---ebpf-pid----2094----pid-2094
---ebpf-pid----6671----pid-5476
---ebpf-pid----2094----pid-1
---ebpf-pid----2094----pid-2094
---ebpf-pid----6671----pid-1
---ebpf-pid----6671----pid-6671
---ebpf-pid----2094----pid-1
---ebpf-pid----2094----pid-2094
---ebpf-pid----6671----pid-5476
---ebpf-pid----2094----pid-1
---ebpf-pid----6671----pid-1
---ebpf-pid----2094----pid-2094
---ebpf-pid----6671----pid-6671
---ebpf-pid----2094----pid-1
---ebpf-pid----6671----pid-5476
---ebpf-pid----2094----pid-2094
---ebpf-pid----2088----pid-1
---ebpf-pid----6671----pid-1
---ebpf-pid----2094----pid-1
---ebpf-pid----2088----pid-2088
---ebpf-pid----6671----pid-6671
---ebpf-pid----2094----pid-2094
---ebpf-pid----2088----pid-1
---ebpf-pid----6671----pid-5476
---ebpf-pid----2094----pid-1
---ebpf-pid----2088----pid-2088
---ebpf-pid----2094----pid-2094
---ebpf-pid----2088----pid-1
---ebpf-pid----6671----pid-1
---ebpf-pid----2088----pid-2088
---ebpf-pid----6671----pid-6671
---ebpf-pid----2094----pid-1
---ebpf-pid----2094----pid-2094
---ebpf-pid----2088----pid-1
---ebpf-pid----6671----pid-5476
---ebpf-pid----2088----pid-2088
---ebpf-pid----2094----pid-1
---ebpf-pid----2094----pid-2094
---ebpf-pid----6671----pid-1
---ebpf-pid----2088----pid-1
---ebpf-pid----6671----pid-6671
---ebpf-pid----2088----pid-2088
---ebpf-pid----2094----pid-1
---ebpf-pid----6671----pid-5476
---ebpf-pid----2094----pid-2094
---ebpf-pid----2088----pid-1
---ebpf-pid----2088----pid-2088
---ebpf-pid----6671----pid-1
---ebpf-pid----2094----pid-1
---ebpf-pid----6671----pid-6671
---ebpf-pid----2094----pid-2094
---ebpf-pid----2088----pid-1
---ebpf-pid----2088----pid-2088
---ebpf-pid----2094----pid-1
---ebpf-pid----6671----pid-5476
---ebpf-pid----2094----pid-2094
---ebpf-pid----2088----pid-1
---ebpf-pid----6671----pid-1
---ebpf-pid----2088----pid-2088
---ebpf-pid----6671----pid-6671
---ebpf-pid----2094----pid-1
---ebpf-pid----2094----pid-2094
---ebpf-pid----2088----pid-1
---ebpf-pid----6671----pid-5476
---ebpf-pid----2088----pid-2088
---ebpf-pid----6671----pid-1
---ebpf-pid----373029----pid-373029
---ebpf-pid----373029----pid-5476
---ebpf-pid----373029----pid-1
---ebpf-pid----373029----pid-373029
---ebpf-pid----373029----pid-5476
---ebpf-pid----2088----pid-1
---ebpf-pid----373029----pid-1
---ebpf-pid----2088----pid-2088
---ebpf-pid----373029----pid-373029
---ebpf-pid----2088----pid-1
---ebpf-pid----2088----pid-2088
---ebpf-pid----373029----pid-5476
---ebpf-pid----2088----pid-1
---ebpf-pid----373029----pid-1
---ebpf-pid----2088----pid-2088
---ebpf-pid----373029----pid-373029
---ebpf-pid----2088----pid-1
---ebpf-pid----2089----pid-2089
---ebpf-pid----373029----pid-5476
---ebpf-pid----2089----pid-1
---ebpf-pid----373029----pid-1
---ebpf-pid----2089----pid-2089
---ebpf-pid----373029----pid-373029
---ebpf-pid----2089----pid-1
---ebpf-pid----2089----pid-2089
---ebpf-pid----373029----pid-5476
---ebpf-pid----2089----pid-1
---ebpf-pid----373029----pid-1
---ebpf-pid----373029----pid-373029
---ebpf-pid----373029----pid-5476
---ebpf-pid----373029----pid-1
---ebpf-pid----5705----pid-5705
---ebpf-pid----5705----pid-5476
---ebpf-pid----5705----pid-1
---ebpf-pid----373029----pid-373029
---ebpf-pid----373029----pid-5476
---ebpf-pid----2089----pid-2089
---ebpf-pid----373029----pid-1
---ebpf-pid----373029----pid-373029
---ebpf-pid----2089----pid-1
---ebpf-pid----2089----pid-2089
---ebpf-pid----373029----pid-5476
---ebpf-pid----2089----pid-1
---ebpf-pid----373029----pid-1
---ebpf-pid----2089----pid-2089
---ebpf-pid----2089----pid-1
---ebpf-pid----373029----pid-373029
---ebpf-pid----2089----pid-2089
---ebpf-pid----2089----pid-1
---ebpf-pid----373029----pid-5476
---ebpf-pid----2089----pid-2089
---ebpf-pid----373029----pid-1
---ebpf-pid----2089----pid-1
---ebpf-pid----2089----pid-2089
---ebpf-pid----6671----pid-6671
---ebpf-pid----2089----pid-1
---ebpf-pid----6671----pid-5476
---ebpf-pid----2089----pid-2089
---ebpf-pid----6671----pid-1
---ebpf-pid----2089----pid-1
---ebpf-pid----6671----pid-6671
---ebpf-pid----2089----pid-2089
---ebpf-pid----2089----pid-1
---ebpf-pid----6671----pid-5476
---ebpf-pid----2089----pid-2089
---ebpf-pid----6671----pid-1
---ebpf-pid----5705----pid-5705
---ebpf-pid----5705----pid-5476
---ebpf-pid----5705----pid-1
---ebpf-pid----5705----pid-5705
---ebpf-pid----2089----pid-1
---ebpf-pid----2089----pid-2089
---ebpf-pid----2089----pid-1
---ebpf-pid----2089----pid-2089
---ebpf-pid----2089----pid-1
---ebpf-pid----2089----pid-2089
---ebpf-pid----2089----pid-1
---ebpf-pid----2089----pid-2089
---ebpf-pid----5705----pid-5476
---ebpf-pid----2089----pid-1
---ebpf-pid----2089----pid-2089
---ebpf-pid----2089----pid-1
---ebpf-pid----5705----pid-1
---ebpf-pid----2089----pid-2089
---ebpf-pid----5705----pid-5705
---ebpf-pid----2089----pid-1
---ebpf-pid----2089----pid-2089
---ebpf-pid----5705----pid-5476
---ebpf-pid----2089----pid-1
---ebpf-pid----2089----pid-2089
---ebpf-pid----5705----pid-1
---ebpf-pid----5705----pid-5705
---ebpf-pid----2089----pid-1
---ebpf-pid----2089----pid-2089
---ebpf-pid----5705----pid-5476
---ebpf-pid----2089----pid-1
---ebpf-pid----2089----pid-2089
---ebpf-pid----5705----pid-1
---ebpf-pid----2089----pid-1
---ebpf-pid----6671----pid-6671
---ebpf-pid----2089----pid-2089
---ebpf-pid----6671----pid-5476
---ebpf-pid----2089----pid-1
---ebpf-pid----2089----pid-2089
---ebpf-pid----6671----pid-1
---ebpf-pid----2089----pid-1
---ebpf-pid----5705----pid-5705
---ebpf-pid----2089----pid-2089
---ebpf-pid----2089----pid-1
---ebpf-pid----5705----pid-5476
---ebpf-pid----2089----pid-2089
---ebpf-pid----2089----pid-1
---ebpf-pid----5705----pid-1
---ebpf-pid----2089----pid-2089
---ebpf-pid----5705----pid-5705
---ebpf-pid----2094----pid-1
---ebpf-pid----2089----pid-1
---ebpf-pid----2094----pid-2094
---ebpf-pid----2089----pid-2089
---ebpf-pid----5705----pid-5476
---ebpf-pid----2094----pid-1
---ebpf-pid----2089----pid-1
---ebpf-pid----2094----pid-2094
---ebpf-pid----5705----pid-1
---ebpf-pid----2089----pid-2089
---ebpf-pid----6671----pid-6671
---ebpf-pid----2094----pid-1
---ebpf-pid----2089----pid-1
---ebpf-pid----2094----pid-2094
---ebpf-pid----6671----pid-5476
---ebpf-pid----2089----pid-2089
---ebpf-pid----2094----pid-1
---ebpf-pid----6671----pid-1
---ebpf-pid----2089----pid-1
---ebpf-pid----2094----pid-2094
---ebpf-pid----6671----pid-6671
---ebpf-pid----2089----pid-2089
---ebpf-pid----2094----pid-1
---ebpf-pid----2089----pid-1
---ebpf-pid----2094----pid-2094
---ebpf-pid----6671----pid-5476
---ebpf-pid----2089----pid-2089
---ebpf-pid----6671----pid-1
---ebpf-pid----2094----pid-1
---ebpf-pid----2089----pid-1
---ebpf-pid----2094----pid-2094
---ebpf-pid----373029----pid-373029
---ebpf-pid----2089----pid-2089
---ebpf-pid----2094----pid-1
---ebpf-pid----2094----pid-2094
---ebpf-pid----373029----pid-5476
---ebpf-pid----2094----pid-1
---ebpf-pid----2094----pid-2094
---ebpf-pid----373029----pid-1
---ebpf-pid----6671----pid-6671
---ebpf-pid----2094----pid-1
---ebpf-pid----2094----pid-2094
---ebpf-pid----6671----pid-5476
---ebpf-pid----2094----pid-1
---ebpf-pid----6671----pid-1
---ebpf-pid----2094----pid-2094
---ebpf-pid----6671----pid-6671
---ebpf-pid----2094----pid-1
---ebpf-pid----6671----pid-5476
---ebpf-pid----2094----pid-2094
---ebpf-pid----6671----pid-1
---ebpf-pid----6671----pid-6671
---ebpf-pid----2094----pid-1
---ebpf-pid----2094----pid-2094
---ebpf-pid----6671----pid-5476
---ebpf-pid----2094----pid-1
---ebpf-pid----2094----pid-2094
---ebpf-pid----6671----pid-1
---ebpf-pid----6671----pid-6671
---ebpf-pid----2094----pid-1
---ebpf-pid----2094----pid-2094
---ebpf-pid----6671----pid-5476
---ebpf-pid----2094----pid-1
---ebpf-pid----6671----pid-1
---ebpf-pid----2094----pid-2094
---ebpf-pid----373029----pid-373029
---ebpf-pid----2094----pid-1
---ebpf-pid----373029----pid-5476
---ebpf-pid----2094----pid-2094
---ebpf-pid----373029----pid-1
---ebpf-pid----2094----pid-1
---ebpf-pid----373029----pid-373029
---ebpf-pid----2094----pid-2094
---ebpf-pid----373029----pid-5476
---ebpf-pid----2094----pid-1
---ebpf-pid----373029----pid-1
---ebpf-pid----2094----pid-2094
---ebpf-pid----373029----pid-373029
---ebpf-pid----2094----pid-1
---ebpf-pid----373029----pid-5476
---ebpf-pid----2094----pid-2094
---ebpf-pid----2094----pid-1
---ebpf-pid----2089----pid-1
---ebpf-pid----373029----pid-1
---ebpf-pid----2094----pid-2094
---ebpf-pid----2089----pid-2089
---ebpf-pid----373029----pid-373029
---ebpf-pid----2094----pid-1
---ebpf-pid----2089----pid-1
---ebpf-pid----2089----pid-2089
---ebpf-pid----2089----pid-1
---ebpf-pid----2089----pid-2089
---ebpf-pid----2089----pid-1
---ebpf-pid----2089----pid-2089
---ebpf-pid----2089----pid-1
---ebpf-pid----2089----pid-2089
---ebpf-pid----2089----pid-1
---ebpf-pid----2089----pid-2089
---ebpf-pid----2089----pid-1
---ebpf-pid----2089----pid-2089
---ebpf-pid----2089----pid-1
---ebpf-pid----2089----pid-2089
---ebpf-pid----2089----pid-1
---ebpf-pid----2089----pid-2089
---ebpf-pid----2089----pid-1
---ebpf-pid----2089----pid-2089
---ebpf-pid----2089----pid-1
---ebpf-pid----2089----pid-2089
---ebpf-pid----2089----pid-1
---ebpf-pid----2089----pid-2089
---ebpf-pid----2089----pid-1
---ebpf-pid----2089----pid-2089
---ebpf-pid----2089----pid-1
---ebpf-pid----2089----pid-2089
---ebpf-pid----2089----pid-1
---ebpf-pid----2089----pid-2089
---ebpf-pid----2089----pid-1
---ebpf-pid----2089----pid-2089
---ebpf-pid----2089----pid-1
---ebpf-pid----2089----pid-2089
---ebpf-pid----2089----pid-1
---ebpf-pid----2089----pid-2089
---ebpf-pid----2089----pid-1
---ebpf-pid----2089----pid-2089
---ebpf-pid----2089----pid-1
---ebpf-pid----2089----pid-2089
---ebpf-pid----2089----pid-1
---ebpf-pid----2089----pid-2089
---ebpf-pid----373029----pid-5476
---ebpf-pid----2089----pid-1
---ebpf-pid----2089----pid-2089
---ebpf-pid----373029----pid-1
---ebpf-pid----2089----pid-1
---ebpf-pid----373029----pid-373029
---ebpf-pid----2089----pid-2089
---ebpf-pid----373029----pid-5476
---ebpf-pid----2089----pid-1
---ebpf-pid----2089----pid-2089
---ebpf-pid----373029----pid-1
---ebpf-pid----2089----pid-1
---ebpf-pid----373029----pid-373029
---ebpf-pid----2089----pid-2089
---ebpf-pid----373029----pid-5476
---ebpf-pid----2089----pid-1
---ebpf-pid----2089----pid-2089
---ebpf-pid----373029----pid-1
---ebpf-pid----373029----pid-373029
---ebpf-pid----2089----pid-1
---ebpf-pid----373029----pid-373029
---ebpf-pid----373029----pid-5476
---ebpf-pid----373029----pid-5476
---ebpf-pid----373029----pid-1
---ebpf-pid----373029----pid-1
---ebpf-pid----373029----pid-373029
---ebpf-pid----373029----pid-373029
---ebpf-pid----373029----pid-5476
---ebpf-pid----373029----pid-5476
---ebpf-pid----373029----pid-1
---ebpf-pid----373029----pid-1
---ebpf-pid----373029----pid-373029
---ebpf-pid----448784----pid-448784
---ebpf-pid----373029----pid-5476
---ebpf-pid----448784----pid-448520
---ebpf-pid----373029----pid-1
---ebpf-pid----373029----pid-373029
---ebpf-pid----448784----pid-1
---ebpf-pid----373029----pid-373029
---ebpf-pid----373029----pid-5476
---ebpf-pid----373029----pid-5476
---ebpf-pid----373029----pid-1
---ebpf-pid----373029----pid-373029
---ebpf-pid----373029----pid-1
---ebpf-pid----6671----pid-6671
---ebpf-pid----373029----pid-5476
---ebpf-pid----6671----pid-5476
---ebpf-pid----373029----pid-1
---ebpf-pid----373029----pid-373029
---ebpf-pid----6671----pid-1
---ebpf-pid----373029----pid-373029
---ebpf-pid----373029----pid-5476
---ebpf-pid----373029----pid-5476
---ebpf-pid----373029----pid-1
---ebpf-pid----373029----pid-373029
---ebpf-pid----373029----pid-1
---ebpf-pid----373029----pid-373029
---ebpf-pid----373029----pid-5476
---ebpf-pid----373029----pid-5476
---ebpf-pid----373029----pid-1
---ebpf-pid----373029----pid-1
---ebpf-pid----373029----pid-373029
---ebpf-pid----379067----pid-379067
---ebpf-pid----373029----pid-5476
---ebpf-pid----379067----pid-5476
---ebpf-pid----373029----pid-1
---ebpf-pid----379067----pid-1
---ebpf-pid----373029----pid-373029
---ebpf-pid----379067----pid-379067
---ebpf-pid----373029----pid-5476
---ebpf-pid----379067----pid-5476
---ebpf-pid----373029----pid-1
---ebpf-pid----373029----pid-373029
---ebpf-pid----379067----pid-1
---ebpf-pid----379067----pid-379067
---ebpf-pid----373029----pid-5476
---ebpf-pid----379067----pid-5476
---ebpf-pid----373029----pid-1
---ebpf-pid----379067----pid-379067
---ebpf-pid----379067----pid-1
---ebpf-pid----379067----pid-379067
---ebpf-pid----379067----pid-5476
---ebpf-pid----379067----pid-5476
---ebpf-pid----379067----pid-1
---ebpf-pid----379067----pid-1
---ebpf-pid----379067----pid-379067
---ebpf-pid----379067----pid-379067
---ebpf-pid----379067----pid-5476
---ebpf-pid----379067----pid-5476
---ebpf-pid----379067----pid-1
---ebpf-pid----379067----pid-379067
---ebpf-pid----379067----pid-1
---ebpf-pid----379067----pid-379067
---ebpf-pid----2089----pid-2089
---ebpf-pid----379067----pid-5476
---ebpf-pid----2089----pid-1
---ebpf-pid----2089----pid-2089
---ebpf-pid----379067----pid-1
---ebpf-pid----2089----pid-1
---ebpf-pid----379067----pid-379067
---ebpf-pid----2089----pid-2089
---ebpf-pid----2089----pid-1
---ebpf-pid----379067----pid-5476
---ebpf-pid----2089----pid-2089
---ebpf-pid----379067----pid-1
---ebpf-pid----2089----pid-1
---ebpf-pid----2089----pid-2089
---ebpf-pid----379067----pid-379067
---ebpf-pid----2089----pid-1
---ebpf-pid----379067----pid-5476
---ebpf-pid----2089----pid-2089
---ebpf-pid----379067----pid-1
---ebpf-pid----2089----pid-1
---ebpf-pid----2089----pid-2089
---ebpf-pid----379067----pid-379067
---ebpf-pid----2089----pid-1
---ebpf-pid----379067----pid-5476
---ebpf-pid----2089----pid-2089
---ebpf-pid----379067----pid-1
---ebpf-pid----2089----pid-1
---ebpf-pid----379067----pid-379067
---ebpf-pid----2089----pid-2089
---ebpf-pid----2089----pid-1
---ebpf-pid----379067----pid-5476
---ebpf-pid----2089----pid-2089
---ebpf-pid----379067----pid-1
---ebpf-pid----2089----pid-1
---ebpf-pid----2088----pid-2088
---ebpf-pid----2089----pid-2089
---ebpf-pid----2089----pid-1
---ebpf-pid----2088----pid-1
---ebpf-pid----2089----pid-2089
---ebpf-pid----2088----pid-2088
---ebpf-pid----2089----pid-1
---ebpf-pid----2088----pid-1
---ebpf-pid----2089----pid-2089
---ebpf-pid----2088----pid-2088
---ebpf-pid----2089----pid-1
---ebpf-pid----2089----pid-2089
---ebpf-pid----2088----pid-1
---ebpf-pid----2088----pid-2088
---ebpf-pid----2089----pid-1
---ebpf-pid----2089----pid-2089
---ebpf-pid----2088----pid-1
---ebpf-pid----2088----pid-2088
---ebpf-pid----2089----pid-1
---ebpf-pid----2089----pid-2089
---ebpf-pid----2088----pid-1
---ebpf-pid----2089----pid-1
---ebpf-pid----2088----pid-2088
---ebpf-pid----2089----pid-2089
---ebpf-pid----2089----pid-1
---ebpf-pid----2088----pid-1
---ebpf-pid----2089----pid-2089
---ebpf-pid----2088----pid-2088
---ebpf-pid----2089----pid-1
---ebpf-pid----2088----pid-1
---ebpf-pid----2089----pid-2089
---ebpf-pid----2088----pid-2088
---ebpf-pid----2089----pid-1
---ebpf-pid----2088----pid-1
---ebpf-pid----2089----pid-2089
---ebpf-pid----2088----pid-2088
---ebpf-pid----2089----pid-1
---ebpf-pid----2089----pid-2089
---ebpf-pid----2088----pid-1
---ebpf-pid----2088----pid-2088
---ebpf-pid----2089----pid-1
---ebpf-pid----2089----pid-2089
---ebpf-pid----2088----pid-1
---ebpf-pid----2012----pid-2012
---ebpf-pid----2089----pid-1
---ebpf-pid----2089----pid-2089
---ebpf-pid----2012----pid-1
---ebpf-pid----2089----pid-1
---ebpf-pid----2012----pid-2012
---ebpf-pid----2012----pid-1
---ebpf-pid----2012----pid-2012
---ebpf-pid----2012----pid-1
---ebpf-pid----2012----pid-2012
---ebpf-pid----2012----pid-1
---ebpf-pid----2012----pid-2012
---ebpf-pid----2012----pid-1
---ebpf-pid----2012----pid-2012
---ebpf-pid----2012----pid-1
---ebpf-pid----379067----pid-5476
---ebpf-pid----2012----pid-2012
---ebpf-pid----379067----pid-1
---ebpf-pid----2012----pid-1
---ebpf-pid----379067----pid-379067
---ebpf-pid----2012----pid-2012
---ebpf-pid----379067----pid-5476
---ebpf-pid----2012----pid-1
---ebpf-pid----379067----pid-1
---ebpf-pid----2012----pid-2012
---ebpf-pid----379067----pid-379067
---ebpf-pid----2012----pid-1
---ebpf-pid----2012----pid-2012
---ebpf-pid----379067----pid-5476
---ebpf-pid----2012----pid-1
---ebpf-pid----2088----pid-2088
---ebpf-pid----2088----pid-1
---ebpf-pid----2089----pid-2089
---ebpf-pid----2088----pid-2088
---ebpf-pid----2089----pid-1
---ebpf-pid----2089----pid-2089
---ebpf-pid----2088----pid-1
---ebpf-pid----2088----pid-2088
---ebpf-pid----2089----pid-1
---ebpf-pid----2089----pid-2089
---ebpf-pid----2088----pid-1
---ebpf-pid----2089----pid-1
---ebpf-pid----2088----pid-2088
---ebpf-pid----2089----pid-2089
---ebpf-pid----2089----pid-1
---ebpf-pid----2088----pid-1
---ebpf-pid----2088----pid-2088
---ebpf-pid----2088----pid-1
---ebpf-pid----2088----pid-2088
---ebpf-pid----2088----pid-1
---ebpf-pid----2088----pid-2088
---ebpf-pid----2088----pid-1
---ebpf-pid----2088----pid-2088
---ebpf-pid----2089----pid-2089
---ebpf-pid----2088----pid-1
---ebpf-pid----2089----pid-1
---ebpf-pid----2089----pid-2089
---ebpf-pid----2088----pid-2088
---ebpf-pid----2089----pid-1
---ebpf-pid----2089----pid-2089
---ebpf-pid----2088----pid-1
---ebpf-pid----2088----pid-2088
---ebpf-pid----2089----pid-1
---ebpf-pid----2089----pid-2089
---ebpf-pid----2088----pid-1
---ebpf-pid----2089----pid-1
---ebpf-pid----5705----pid-5705
---ebpf-pid----2089----pid-2089
---ebpf-pid----2089----pid-1
---ebpf-pid----5705----pid-5476
---ebpf-pid----2089----pid-2089
---ebpf-pid----2089----pid-1
---ebpf-pid----5705----pid-1
---ebpf-pid----2089----pid-2089
---ebpf-pid----5705----pid-5705
---ebpf-pid----2089----pid-1
---ebpf-pid----2089----pid-2089
---ebpf-pid----5705----pid-5476
---ebpf-pid----2089----pid-1
---ebpf-pid----5705----pid-1
---ebpf-pid----2089----pid-2089
---ebpf-pid----5705----pid-5705
---ebpf-pid----2089----pid-1
---ebpf-pid----5705----pid-5476
---ebpf-pid----2089----pid-2089
---ebpf-pid----5705----pid-1
---ebpf-pid----2089----pid-1
---ebpf-pid----2088----pid-2088
---ebpf-pid----2089----pid-2089
---ebpf-pid----2089----pid-1
---ebpf-pid----2088----pid-1
---ebpf-pid----2088----pid-2088
---ebpf-pid----2088----pid-2088
---ebpf-pid----2088----pid-1
---ebpf-pid----2088----pid-2088
---ebpf-pid----2088----pid-1
---ebpf-pid----2088----pid-1
---ebpf-pid----2088----pid-2088
---ebpf-pid----2088----pid-1
---ebpf-pid----2088----pid-2088
---ebpf-pid----2088----pid-1
---ebpf-pid----2088----pid-2088
---ebpf-pid----2088----pid-1
---ebpf-pid----2088----pid-2088
---ebpf-pid----2088----pid-1
---ebpf-pid----2088----pid-2088
---ebpf-pid----2088----pid-1
---ebpf-pid----2088----pid-2088
---ebpf-pid----2088----pid-1
---ebpf-pid----2088----pid-2088
---ebpf-pid----2088----pid-1
---ebpf-pid----2088----pid-2088
---ebpf-pid----2088----pid-1
---ebpf-pid----2088----pid-2088
---ebpf-pid----2088----pid-2088
---ebpf-pid----379067----pid-1
---ebpf-pid----2088----pid-1
---ebpf-pid----2088----pid-2088
---ebpf-pid----379067----pid-379067
---ebpf-pid----379067----pid-5476
---ebpf-pid----379067----pid-1
---ebpf-pid----2088----pid-1
---ebpf-pid----2088----pid-2088
---ebpf-pid----2088----pid-1
---ebpf-pid----2088----pid-2088
---ebpf-pid----2088----pid-1
---ebpf-pid----2088----pid-2088
---ebpf-pid----2088----pid-1
---ebpf-pid----2088----pid-2088
---ebpf-pid----2088----pid-1
---ebpf-pid----379067----pid-379067
---ebpf-pid----2088----pid-2088
---ebpf-pid----2088----pid-1
---ebpf-pid----379067----pid-5476
---ebpf-pid----2088----pid-2088
---ebpf-pid----379067----pid-1
---ebpf-pid----2088----pid-1
---ebpf-pid----379067----pid-379067
---ebpf-pid----2088----pid-2088
---ebpf-pid----379067----pid-5476
---ebpf-pid----2088----pid-1
---ebpf-pid----2088----pid-2088
---ebpf-pid----379067----pid-1
---ebpf-pid----379067----pid-379067
---ebpf-pid----2088----pid-1
---ebpf-pid----2088----pid-2088
---ebpf-pid----379067----pid-5476
---ebpf-pid----2088----pid-1
---ebpf-pid----379067----pid-1
---ebpf-pid----2088----pid-2088
---ebpf-pid----379067----pid-379067
---ebpf-pid----2088----pid-1
---ebpf-pid----379067----pid-5476
---ebpf-pid----2088----pid-2088
---ebpf-pid----379067----pid-1
---ebpf-pid----2088----pid-1
---ebpf-pid----379067----pid-379067
---ebpf-pid----2088----pid-2088
---ebpf-pid----379067----pid-5476
---ebpf-pid----2088----pid-1
---ebpf-pid----2088----pid-2088
---ebpf-pid----379067----pid-1
---ebpf-pid----379067----pid-379067
---ebpf-pid----2088----pid-1
---ebpf-pid----2088----pid-2088
---ebpf-pid----379067----pid-5476
---ebpf-pid----2088----pid-1
---ebpf-pid----2088----pid-2088
---ebpf-pid----379067----pid-1
---ebpf-pid----379067----pid-379067
---ebpf-pid----2088----pid-1
---ebpf-pid----2088----pid-2088
---ebpf-pid----379067----pid-5476
---ebpf-pid----379067----pid-1
---ebpf-pid----379067----pid-379067
---ebpf-pid----379067----pid-5476
---ebpf-pid----379067----pid-1
---ebpf-pid----379067----pid-379067
---ebpf-pid----379067----pid-5476
---ebpf-pid----379067----pid-1
---ebpf-pid----2088----pid-1
---ebpf-pid----379067----pid-379067
---ebpf-pid----2088----pid-2088
---ebpf-pid----379067----pid-5476
---ebpf-pid----2088----pid-1
---ebpf-pid----2088----pid-2088
---ebpf-pid----379067----pid-1
---ebpf-pid----379067----pid-379067
---ebpf-pid----2088----pid-1
---ebpf-pid----2088----pid-2088
---ebpf-pid----379067----pid-5476
---ebpf-pid----2088----pid-1
---ebpf-pid----2088----pid-2088
---ebpf-pid----379067----pid-1
---ebpf-pid----379067----pid-379067
---ebpf-pid----2088----pid-1
---ebpf-pid----2094----pid-2094
---ebpf-pid----2094----pid-1
---ebpf-pid----2094----pid-2094
---ebpf-pid----2094----pid-1
---ebpf-pid----2094----pid-2094
---ebpf-pid----2094----pid-1
---ebpf-pid----2094----pid-2094
---ebpf-pid----2094----pid-1
---ebpf-pid----373029----pid-373029
---ebpf-pid----373029----pid-5476
---ebpf-pid----373029----pid-1
---ebpf-pid----373029----pid-373029
---ebpf-pid----373029----pid-5476
---ebpf-pid----373029----pid-1
---ebpf-pid----2088----pid-1
---ebpf-pid----1856----pid-1856
---ebpf-pid----1856----pid-1
---ebpf-pid----2088----pid-2088
---ebpf-pid----2088----pid-1
---ebpf-pid----2088----pid-2088
---ebpf-pid----2088----pid-1
---ebpf-pid----373029----pid-373029
---ebpf-pid----373029----pid-5476
---ebpf-pid----373029----pid-1
---ebpf-pid----373029----pid-373029
---ebpf-pid----373029----pid-5476
---ebpf-pid----373029----pid-1
---ebpf-pid----5707----pid-5707
---ebpf-pid----5707----pid-5476
---ebpf-pid----5707----pid-1
---ebpf-pid----5707----pid-5707
---ebpf-pid----5707----pid-5476
---ebpf-pid----5707----pid-1
---ebpf-pid----373029----pid-373029
---ebpf-pid----5707----pid-5707
---ebpf-pid----373029----pid-5476
---ebpf-pid----5707----pid-5476
---ebpf-pid----373029----pid-1
---ebpf-pid----5707----pid-1
---ebpf-pid----373029----pid-373029
---ebpf-pid----5707----pid-5707
---ebpf-pid----373029----pid-5476
---ebpf-pid----5707----pid-5476
---ebpf-pid----373029----pid-1
---ebpf-pid----5707----pid-1
---ebpf-pid----373029----pid-373029
---ebpf-pid----5707----pid-5707
---ebpf-pid----373029----pid-5476
---ebpf-pid----5707----pid-5476
---ebpf-pid----5707----pid-1
---ebpf-pid----373029----pid-1
---ebpf-pid----5707----pid-5707
---ebpf-pid----373029----pid-373029
---ebpf-pid----5707----pid-5476
---ebpf-pid----373029----pid-5476
---ebpf-pid----5707----pid-1
---ebpf-pid----373029----pid-1
---ebpf-pid----373029----pid-373029
---ebpf-pid----5707----pid-5707
---ebpf-pid----5707----pid-5476
---ebpf-pid----373029----pid-5476
---ebpf-pid----5707----pid-1
---ebpf-pid----5707----pid-5707
---ebpf-pid----5707----pid-5476
---ebpf-pid----5707----pid-1
---ebpf-pid----5707----pid-5707
---ebpf-pid----5707----pid-5476
---ebpf-pid----5707----pid-1
---ebpf-pid----5707----pid-5707
---ebpf-pid----5707----pid-5476
---ebpf-pid----5707----pid-1
---ebpf-pid----5707----pid-5707
---ebpf-pid----5707----pid-5476
---ebpf-pid----379067----pid-5476
---ebpf-pid----5707----pid-1
---ebpf-pid----379067----pid-1
---ebpf-pid----379067----pid-379067
---ebpf-pid----379067----pid-5476
---ebpf-pid----379067----pid-1
---ebpf-pid----379067----pid-379067
---ebpf-pid----379067----pid-5476
---ebpf-pid----379067----pid-1
---ebpf-pid----2094----pid-2094
---ebpf-pid----2094----pid-1
---ebpf-pid----2094----pid-2094
---ebpf-pid----2094----pid-1
---ebpf-pid----2094----pid-2094
---ebpf-pid----2094----pid-1
---ebpf-pid----2094----pid-2094
---ebpf-pid----2094----pid-1
---ebpf-pid----2094----pid-2094
---ebpf-pid----2094----pid-1
---ebpf-pid----2094----pid-2094
---ebpf-pid----2094----pid-1
---ebpf-pid----2094----pid-2094
---ebpf-pid----5707----pid-5707
---ebpf-pid----2094----pid-1
---ebpf-pid----5707----pid-5476
---ebpf-pid----2094----pid-2094
---ebpf-pid----5707----pid-1
---ebpf-pid----5707----pid-5707
---ebpf-pid----2094----pid-1
---ebpf-pid----2094----pid-2094
---ebpf-pid----5707----pid-5476
---ebpf-pid----2094----pid-1
---ebpf-pid----5707----pid-1
---ebpf-pid----2094----pid-2094
---ebpf-pid----5707----pid-5707
---ebpf-pid----2094----pid-1
---ebpf-pid----5707----pid-5476
---ebpf-pid----5705----pid-5705
---ebpf-pid----5707----pid-1
---ebpf-pid----5705----pid-5476
---ebpf-pid----5707----pid-5707
---ebpf-pid----5705----pid-1
---ebpf-pid----5707----pid-5476
---ebpf-pid----5705----pid-5705
---ebpf-pid----5707----pid-1
---ebpf-pid----5705----pid-5476
---ebpf-pid----5707----pid-5707
---ebpf-pid----5705----pid-1
---ebpf-pid----5707----pid-5476
---ebpf-pid----5705----pid-5705
---ebpf-pid----5707----pid-1
---ebpf-pid----5707----pid-5707
---ebpf-pid----5705----pid-5476
---ebpf-pid----5707----pid-5476
---ebpf-pid----5705----pid-1
---ebpf-pid----5705----pid-5705
---ebpf-pid----5707----pid-1
---ebpf-pid----5707----pid-5707
---ebpf-pid----5705----pid-5476
---ebpf-pid----5707----pid-5476
---ebpf-pid----5705----pid-1
---ebpf-pid----5705----pid-5705
---ebpf-pid----5707----pid-1
---ebpf-pid----5707----pid-5707
---ebpf-pid----5707----pid-5476
---ebpf-pid----5707----pid-1
---ebpf-pid----5707----pid-5707
---ebpf-pid----5707----pid-5476
---ebpf-pid----5707----pid-1
---ebpf-pid----5707----pid-5707
---ebpf-pid----5707----pid-5476
---ebpf-pid----5707----pid-1
---ebpf-pid----5707----pid-5707
---ebpf-pid----373029----pid-1
---ebpf-pid----373029----pid-373029
---ebpf-pid----373029----pid-5476
---ebpf-pid----373029----pid-1
---ebpf-pid----2094----pid-2094
---ebpf-pid----2094----pid-1
---ebpf-pid----2094----pid-2094
---ebpf-pid----2094----pid-1
---ebpf-pid----373029----pid-373029
---ebpf-pid----373029----pid-5476
---ebpf-pid----373029----pid-1
---ebpf-pid----373029----pid-373029
---ebpf-pid----373029----pid-5476
---ebpf-pid----5707----pid-5476
---ebpf-pid----5707----pid-1
---ebpf-pid----5707----pid-5707
---ebpf-pid----5707----pid-5476
---ebpf-pid----5707----pid-1
---ebpf-pid----5707----pid-5707
---ebpf-pid----5707----pid-5476
---ebpf-pid----5707----pid-1
---ebpf-pid----2088----pid-2088
---ebpf-pid----373029----pid-1
---ebpf-pid----373029----pid-373029
---ebpf-pid----2088----pid-1
---ebpf-pid----5707----pid-5707
---ebpf-pid----373029----pid-5476
---ebpf-pid----5707----pid-5476
---ebpf-pid----373029----pid-1
---ebpf-pid----373029----pid-373029
---ebpf-pid----5707----pid-1
---ebpf-pid----5707----pid-5707
---ebpf-pid----373029----pid-5476
---ebpf-pid----5707----pid-5476
---ebpf-pid----373029----pid-1
---ebpf-pid----373029----pid-373029
---ebpf-pid----5707----pid-1
---ebpf-pid----5707----pid-5707
---ebpf-pid----373029----pid-5476
---ebpf-pid----5707----pid-5476
---ebpf-pid----373029----pid-1
---ebpf-pid----373029----pid-373029
---ebpf-pid----5707----pid-1
---ebpf-pid----5707----pid-5707
---ebpf-pid----373029----pid-5476
---ebpf-pid----5707----pid-5476
---ebpf-pid----5707----pid-1
---ebpf-pid----373029----pid-1
---ebpf-pid----5707----pid-5707
---ebpf-pid----373029----pid-373029
---ebpf-pid----5707----pid-5476
---ebpf-pid----373029----pid-5476
---ebpf-pid----5707----pid-1
---ebpf-pid----373029----pid-1
---ebpf-pid----5707----pid-5707
---ebpf-pid----373029----pid-373029
---ebpf-pid----5707----pid-5476
---ebpf-pid----373029----pid-5476
---ebpf-pid----5707----pid-1
---ebpf-pid----373029----pid-1
---ebpf-pid----5707----pid-5707
---ebpf-pid----373029----pid-373029
---ebpf-pid----5707----pid-5476
---ebpf-pid----373029----pid-5476
---ebpf-pid----5707----pid-1
---ebpf-pid----5707----pid-5707
---ebpf-pid----373029----pid-1
---ebpf-pid----373029----pid-373029
---ebpf-pid----5707----pid-5476
---ebpf-pid----373029----pid-5476
---ebpf-pid----5707----pid-1
---ebpf-pid----373029----pid-1
---ebpf-pid----2088----pid-2088
---ebpf-pid----2088----pid-1
---ebpf-pid----2088----pid-2088
---ebpf-pid----2088----pid-1
---ebpf-pid----2088----pid-2088
---ebpf-pid----2088----pid-1
---ebpf-pid----2088----pid-2088
---ebpf-pid----5707----pid-5707
---ebpf-pid----2088----pid-1
---ebpf-pid----2088----pid-2088
---ebpf-pid----5707----pid-5476
---ebpf-pid----2088----pid-1
---ebpf-pid----5707----pid-1
---ebpf-pid----2088----pid-2088
---ebpf-pid----5707----pid-5707
---ebpf-pid----2088----pid-1
---ebpf-pid----5707----pid-5476
---ebpf-pid----2088----pid-2088
---ebpf-pid----5707----pid-1
---ebpf-pid----2088----pid-1
---ebpf-pid----5707----pid-5707
---ebpf-pid----2088----pid-2088
---ebpf-pid----5707----pid-5476
---ebpf-pid----5707----pid-1
---ebpf-pid----5707----pid-5707
---ebpf-pid----5707----pid-5476
---ebpf-pid----5707----pid-1
---ebpf-pid----5707----pid-5707
---ebpf-pid----5707----pid-5476
---ebpf-pid----5707----pid-1
---ebpf-pid----5707----pid-5707
---ebpf-pid----5707----pid-5476
---ebpf-pid----5707----pid-1
---ebpf-pid----5707----pid-5707
---ebpf-pid----5707----pid-5476
---ebpf-pid----5707----pid-1
---ebpf-pid----5707----pid-5707
---ebpf-pid----5707----pid-5476
---ebpf-pid----5707----pid-1
---ebpf-pid----5707----pid-5707
---ebpf-pid----5707----pid-5476
---ebpf-pid----5707----pid-1
---ebpf-pid----5705----pid-5476
---ebpf-pid----5707----pid-5707
---ebpf-pid----5705----pid-1
---ebpf-pid----5707----pid-5476
---ebpf-pid----2089----pid-2089
---ebpf-pid----5707----pid-1
---ebpf-pid----2088----pid-1
---ebpf-pid----2089----pid-1
---ebpf-pid----5707----pid-5707
---ebpf-pid----2089----pid-2089
---ebpf-pid----2088----pid-2088
---ebpf-pid----5707----pid-5476
---ebpf-pid----2089----pid-1
---ebpf-pid----2088----pid-1
---ebpf-pid----2089----pid-2089
---ebpf-pid----5707----pid-1
---ebpf-pid----2088----pid-2088
---ebpf-pid----5707----pid-5707
---ebpf-pid----2089----pid-1
---ebpf-pid----2089----pid-2089
---ebpf-pid----5707----pid-5476
---ebpf-pid----2089----pid-1
---ebpf-pid----5707----pid-1
---ebpf-pid----2089----pid-2089
---ebpf-pid----5707----pid-5707
---ebpf-pid----2088----pid-1
---ebpf-pid----2089----pid-1
---ebpf-pid----5707----pid-5476
---ebpf-pid----2089----pid-2089
---ebpf-pid----5707----pid-1
---ebpf-pid----5707----pid-5707
---ebpf-pid----2089----pid-1
---ebpf-pid----2089----pid-2089
---ebpf-pid----5707----pid-5476
---ebpf-pid----2089----pid-1
---ebpf-pid----2089----pid-2089
---ebpf-pid----5707----pid-1
---ebpf-pid----5707----pid-5707
---ebpf-pid----2089----pid-1
---ebpf-pid----2089----pid-2089
---ebpf-pid----5707----pid-5476
---ebpf-pid----2089----pid-1
---ebpf-pid----2089----pid-2089
---ebpf-pid----2089----pid-1
---ebpf-pid----2089----pid-2089
---ebpf-pid----2089----pid-1
---ebpf-pid----2089----pid-2089
---ebpf-pid----2089----pid-1
---ebpf-pid----2089----pid-2089
---ebpf-pid----2089----pid-1
---ebpf-pid----2089----pid-2089
---ebpf-pid----2088----pid-2088
---ebpf-pid----2089----pid-1
---ebpf-pid----2089----pid-2089
---ebpf-pid----2089----pid-1
---ebpf-pid----2029----pid-2029
---ebpf-pid----2088----pid-1
---ebpf-pid----2029----pid-1
---ebpf-pid----2088----pid-2088
---ebpf-pid----2029----pid-2029
---ebpf-pid----2088----pid-1
---ebpf-pid----2029----pid-1
---ebpf-pid----2088----pid-2088
---ebpf-pid----2088----pid-1
---ebpf-pid----2088----pid-2088
---ebpf-pid----2088----pid-1
---ebpf-pid----2088----pid-2088
---ebpf-pid----2088----pid-1
---ebpf-pid----2088----pid-2088
---ebpf-pid----2088----pid-1
---ebpf-pid----2088----pid-2088
---ebpf-pid----2088----pid-1
---ebpf-pid----2088----pid-2088
---ebpf-pid----2088----pid-1
---ebpf-pid----2088----pid-2088
---ebpf-pid----2029----pid-2029
---ebpf-pid----2029----pid-1
---ebpf-pid----2029----pid-2029
---ebpf-pid----2029----pid-1
---ebpf-pid----2029----pid-2029
---ebpf-pid----2029----pid-1
---ebpf-pid----2029----pid-2029
---ebpf-pid----2029----pid-1
---ebpf-pid----2029----pid-2029
---ebpf-pid----2029----pid-1
---ebpf-pid----2029----pid-2029
---ebpf-pid----2029----pid-1
---ebpf-pid----2029----pid-2029
---ebpf-pid----2029----pid-1
---ebpf-pid----2029----pid-2029
---ebpf-pid----2029----pid-1
---ebpf-pid----2094----pid-2094
---ebpf-pid----2094----pid-1
---ebpf-pid----2094----pid-2094
---ebpf-pid----2094----pid-1
---ebpf-pid----2094----pid-2094
---ebpf-pid----2094----pid-1
---ebpf-pid----2094----pid-2094
---ebpf-pid----2094----pid-1
---ebpf-pid----2094----pid-2094
---ebpf-pid----5707----pid-1
---ebpf-pid----2094----pid-1
---ebpf-pid----5707----pid-5707
---ebpf-pid----5705----pid-5705
---ebpf-pid----5707----pid-5476
---ebpf-pid----5705----pid-5476
---ebpf-pid----5707----pid-1
---ebpf-pid----5705----pid-1
---ebpf-pid----5707----pid-5707
---ebpf-pid----5705----pid-5705
---ebpf-pid----5707----pid-5476
---ebpf-pid----5705----pid-5476
---ebpf-pid----5707----pid-1
---ebpf-pid----5705----pid-1
---ebpf-pid----5707----pid-5707
---ebpf-pid----5705----pid-5705
---ebpf-pid----5707----pid-5476
---ebpf-pid----5705----pid-5476
---ebpf-pid----5707----pid-1
---ebpf-pid----5705----pid-1
---ebpf-pid----5707----pid-5707
---ebpf-pid----5705----pid-5705
---ebpf-pid----5707----pid-5476
---ebpf-pid----5705----pid-5476
---ebpf-pid----5707----pid-1
---ebpf-pid----5705----pid-1
---ebpf-pid----5707----pid-5707
---ebpf-pid----5705----pid-5705
---ebpf-pid----5707----pid-5476
---ebpf-pid----5705----pid-5476
---ebpf-pid----5707----pid-1
---ebpf-pid----5707----pid-5707
---ebpf-pid----5705----pid-1
---ebpf-pid----6671----pid-6671
---ebpf-pid----5707----pid-5476
---ebpf-pid----6671----pid-5476
---ebpf-pid----5707----pid-1
---ebpf-pid----5707----pid-5707
---ebpf-pid----6671----pid-1
---ebpf-pid----6671----pid-6671
---ebpf-pid----5707----pid-5476
---ebpf-pid----6671----pid-5476
---ebpf-pid----5707----pid-1
---ebpf-pid----5707----pid-5707
---ebpf-pid----5707----pid-5476
---ebpf-pid----5707----pid-1
---ebpf-pid----5707----pid-5707
---ebpf-pid----5707----pid-5476
---ebpf-pid----5707----pid-1
---ebpf-pid----5707----pid-5707
---ebpf-pid----5707----pid-5476
---ebpf-pid----5707----pid-1
---ebpf-pid----5707----pid-5707
---ebpf-pid----5707----pid-5476
---ebpf-pid----5707----pid-1
---ebpf-pid----5707----pid-5707
---ebpf-pid----2088----pid-1
---ebpf-pid----2088----pid-2088
---ebpf-pid----2088----pid-1
---ebpf-pid----448783----pid-448783
---ebpf-pid----448783----pid-448520
---ebpf-pid----448783----pid-1
---ebpf-pid----5705----pid-5705
---ebpf-pid----5705----pid-5476
---ebpf-pid----5705----pid-1
---ebpf-pid----5705----pid-5705
---ebpf-pid----5705----pid-5476
---ebpf-pid----5705----pid-1
---ebpf-pid----5707----pid-5476
---ebpf-pid----5707----pid-1
---ebpf-pid----5707----pid-5707
---ebpf-pid----5707----pid-5476
---ebpf-pid----5707----pid-1
---ebpf-pid----5707----pid-5707
---ebpf-pid----5707----pid-5476
---ebpf-pid----5707----pid-1
---ebpf-pid----6671----pid-6671
---ebpf-pid----6671----pid-5476
---ebpf-pid----6671----pid-1
---ebpf-pid----5707----pid-5707
---ebpf-pid----5707----pid-5476
---ebpf-pid----5707----pid-1
---ebpf-pid----5707----pid-5707
---ebpf-pid----5707----pid-5476
---ebpf-pid----5707----pid-1
---ebpf-pid----5707----pid-5707
---ebpf-pid----5707----pid-5476
---ebpf-pid----5707----pid-1
---ebpf-pid----5707----pid-5707
---ebpf-pid----5707----pid-5476
---ebpf-pid----6671----pid-6671
---ebpf-pid----5707----pid-1
---ebpf-pid----6671----pid-5476
---ebpf-pid----5707----pid-5707
---ebpf-pid----6671----pid-1
---ebpf-pid----5707----pid-5476
---ebpf-pid----448783----pid-448783
---ebpf-pid----5707----pid-1
---ebpf-pid----448783----pid-448520
---ebpf-pid----5707----pid-5707
---ebpf-pid----448783----pid-1
---ebpf-pid----5707----pid-5476
---ebpf-pid----448783----pid-448783
---ebpf-pid----5707----pid-1
---ebpf-pid----448783----pid-448520
---ebpf-pid----5707----pid-5707
---ebpf-pid----448783----pid-1
---ebpf-pid----5707----pid-5476
---ebpf-pid----448783----pid-448783
---ebpf-pid----5707----pid-1
---ebpf-pid----448783----pid-448520
---ebpf-pid----5707----pid-5707
---ebpf-pid----5707----pid-5476
---ebpf-pid----448783----pid-1
---ebpf-pid----448783----pid-448783
---ebpf-pid----5707----pid-1
---ebpf-pid----5707----pid-5707
---ebpf-pid----448783----pid-448520
---ebpf-pid----5707----pid-5476
---ebpf-pid----448783----pid-1
---ebpf-pid----448783----pid-448783
---ebpf-pid----5707----pid-1
---ebpf-pid----5707----pid-5707
---ebpf-pid----448783----pid-448520
---ebpf-pid----5707----pid-5476
---ebpf-pid----448783----pid-1
---ebpf-pid----448783----pid-448783
---ebpf-pid----448783----pid-448520
---ebpf-pid----448783----pid-1
---ebpf-pid----448783----pid-448783
---ebpf-pid----448783----pid-448520
---ebpf-pid----448783----pid-1
---ebpf-pid----448546----pid-448546
---ebpf-pid----448546----pid-1
---ebpf-pid----5707----pid-1
---ebpf-pid----379067----pid-379067
---ebpf-pid----5707----pid-5707
---ebpf-pid----5707----pid-5476
---ebpf-pid----379067----pid-5476
---ebpf-pid----5707----pid-1
---ebpf-pid----379067----pid-1
---ebpf-pid----5707----pid-5707
---ebpf-pid----379067----pid-379067
---ebpf-pid----379067----pid-5476
---ebpf-pid----5707----pid-5476
---ebpf-pid----379067----pid-1
---ebpf-pid----5707----pid-1
---ebpf-pid----5707----pid-5707
---ebpf-pid----5707----pid-5476
---ebpf-pid----5707----pid-1
---ebpf-pid----5707----pid-5707
---ebpf-pid----5707----pid-5476
---ebpf-pid----5707----pid-1
---ebpf-pid----5707----pid-5707
---ebpf-pid----5707----pid-5476
---ebpf-pid----5707----pid-1
---ebpf-pid----5707----pid-5707
---ebpf-pid----5707----pid-5476
---ebpf-pid----5707----pid-1
---ebpf-pid----5707----pid-5707
---ebpf-pid----5707----pid-5476
---ebpf-pid----5707----pid-1
---ebpf-pid----5707----pid-5707
---ebpf-pid----5707----pid-5476
---ebpf-pid----5707----pid-1
---ebpf-pid----5707----pid-5707
---ebpf-pid----5707----pid-5476
---ebpf-pid----5707----pid-1
---ebpf-pid----5707----pid-5707
---ebpf-pid----5707----pid-5476
---ebpf-pid----5707----pid-1
---ebpf-pid----6671----pid-1
---ebpf-pid----6671----pid-6671
---ebpf-pid----6671----pid-5476
---ebpf-pid----6671----pid-1
---ebpf-pid----6671----pid-6671
---ebpf-pid----6671----pid-5476
---ebpf-pid----6671----pid-1
---ebpf-pid----6671----pid-6671
---ebpf-pid----6671----pid-5476
---ebpf-pid----6671----pid-1
---ebpf-pid----379067----pid-379067
---ebpf-pid----379067----pid-5476
---ebpf-pid----5707----pid-5707
---ebpf-pid----5707----pid-5476
---ebpf-pid----5707----pid-1
---ebpf-pid----5707----pid-5707
---ebpf-pid----5707----pid-5476
---ebpf-pid----5707----pid-1
---ebpf-pid----5707----pid-5707
---ebpf-pid----5707----pid-5476
---ebpf-pid----5707----pid-1
---ebpf-pid----6671----pid-6671
---ebpf-pid----5707----pid-5707
---ebpf-pid----6671----pid-5476
---ebpf-pid----5707----pid-5476
---ebpf-pid----6671----pid-1
---ebpf-pid----5707----pid-1
---ebpf-pid----6671----pid-6671
---ebpf-pid----5707----pid-5707
---ebpf-pid----5707----pid-5476
---ebpf-pid----6671----pid-5476
---ebpf-pid----5707----pid-1
---ebpf-pid----6671----pid-1
---ebpf-pid----2029----pid-2029
---ebpf-pid----6671----pid-6671
---ebpf-pid----6671----pid-5476
---ebpf-pid----2029----pid-1
---ebpf-pid----2029----pid-2029
---ebpf-pid----6671----pid-1
---ebpf-pid----6671----pid-6671
---ebpf-pid----2029----pid-1
---ebpf-pid----2029----pid-2029
---ebpf-pid----6671----pid-5476
---ebpf-pid----2029----pid-1
---ebpf-pid----6671----pid-1
---ebpf-pid----2029----pid-2029
---ebpf-pid----6671----pid-6671
---ebpf-pid----2029----pid-1
---ebpf-pid----6671----pid-5476
---ebpf-pid----2029----pid-2029
---ebpf-pid----2029----pid-1
---ebpf-pid----6671----pid-1
---ebpf-pid----2029----pid-2029
---ebpf-pid----373029----pid-373029
---ebpf-pid----2029----pid-1
---ebpf-pid----373029----pid-5476
---ebpf-pid----2029----pid-2029
---ebpf-pid----373029----pid-1
---ebpf-pid----2029----pid-1
---ebpf-pid----373029----pid-373029
---ebpf-pid----2029----pid-2029
---ebpf-pid----373029----pid-5476
---ebpf-pid----2029----pid-1
---ebpf-pid----2029----pid-2029
---ebpf-pid----373029----pid-1
---ebpf-pid----373029----pid-373029
---ebpf-pid----373029----pid-5476
---ebpf-pid----373029----pid-1
---ebpf-pid----373029----pid-373029
---ebpf-pid----373029----pid-5476
---ebpf-pid----373029----pid-1
---ebpf-pid----373029----pid-373029
---ebpf-pid----2029----pid-1
---ebpf-pid----2029----pid-2029
---ebpf-pid----373029----pid-5476
---ebpf-pid----2029----pid-1
---ebpf-pid----373029----pid-1
---ebpf-pid----2029----pid-2029
---ebpf-pid----373029----pid-373029
---ebpf-pid----2029----pid-1
---ebpf-pid----373029----pid-5476
---ebpf-pid----2029----pid-2029
---ebpf-pid----373029----pid-1
---ebpf-pid----2029----pid-1
---ebpf-pid----373029----pid-373029
---ebpf-pid----2029----pid-2029
---ebpf-pid----373029----pid-5476
---ebpf-pid----2029----pid-1
---ebpf-pid----2029----pid-2029
---ebpf-pid----2029----pid-1
---ebpf-pid----2029----pid-2029
---ebpf-pid----2029----pid-1
---ebpf-pid----2029----pid-2029
---ebpf-pid----2029----pid-1
---ebpf-pid----2029----pid-2029
---ebpf-pid----2029----pid-1
---ebpf-pid----2029----pid-2029
---ebpf-pid----2029----pid-1
---ebpf-pid----2029----pid-2029
---ebpf-pid----2029----pid-1
---ebpf-pid----2029----pid-2029
---ebpf-pid----2029----pid-1
---ebpf-pid----2029----pid-2029
---ebpf-pid----2029----pid-1
---ebpf-pid----2029----pid-2029
---ebpf-pid----2029----pid-1
---ebpf-pid----2029----pid-2029
---ebpf-pid----2029----pid-1
---ebpf-pid----2029----pid-2029
---ebpf-pid----2029----pid-1
---ebpf-pid----2029----pid-2029
---ebpf-pid----2029----pid-1
---ebpf-pid----2029----pid-2029
---ebpf-pid----2029----pid-1
---ebpf-pid----2029----pid-2029
---ebpf-pid----2029----pid-1
---ebpf-pid----2029----pid-2029
---ebpf-pid----379067----pid-1
---ebpf-pid----448784----pid-448784
---ebpf-pid----448784----pid-448520
---ebpf-pid----448784----pid-1
---ebpf-pid----379067----pid-379067
---ebpf-pid----379067----pid-5476
---ebpf-pid----379067----pid-1
---ebpf-pid----379067----pid-379067
---ebpf-pid----379067----pid-5476
---ebpf-pid----379067----pid-1
---ebpf-pid----379067----pid-379067
---ebpf-pid----379067----pid-5476
---ebpf-pid----379067----pid-1
---ebpf-pid----379067----pid-379067
---ebpf-pid----379067----pid-5476
---ebpf-pid----2029----pid-1
---ebpf-pid----2029----pid-2029
---ebpf-pid----2029----pid-1
---ebpf-pid----2029----pid-2029
---ebpf-pid----379067----pid-1
---ebpf-pid----2029----pid-1
---ebpf-pid----379067----pid-379067
---ebpf-pid----2029----pid-2029
---ebpf-pid----379067----pid-5476
---ebpf-pid----2029----pid-1
---ebpf-pid----2029----pid-2029
---ebpf-pid----379067----pid-1
---ebpf-pid----379067----pid-379067
---ebpf-pid----2029----pid-1
---ebpf-pid----2029----pid-2029
---ebpf-pid----379067----pid-5476
---ebpf-pid----2029----pid-1
---ebpf-pid----2029----pid-2029
---ebpf-pid----379067----pid-1
---ebpf-pid----379067----pid-379067
---ebpf-pid----2029----pid-1
---ebpf-pid----2029----pid-2029
---ebpf-pid----379067----pid-5476
---ebpf-pid----2029----pid-1
---ebpf-pid----379067----pid-1
---ebpf-pid----2029----pid-2029
---ebpf-pid----379067----pid-379067
---ebpf-pid----2029----pid-1
---ebpf-pid----379067----pid-5476
---ebpf-pid----2029----pid-2029
---ebpf-pid----379067----pid-1
---ebpf-pid----379067----pid-379067
---ebpf-pid----2029----pid-1
---ebpf-pid----2029----pid-2029
---ebpf-pid----379067----pid-5476
---ebpf-pid----2029----pid-1
---ebpf-pid----2029----pid-2029
---ebpf-pid----379067----pid-1
---ebpf-pid----379067----pid-379067
---ebpf-pid----2029----pid-1
---ebpf-pid----2029----pid-2029
---ebpf-pid----379067----pid-5476
---ebpf-pid----2029----pid-1
---ebpf-pid----2029----pid-2029
---ebpf-pid----379067----pid-1
---ebpf-pid----379067----pid-379067
---ebpf-pid----2029----pid-1
---ebpf-pid----2029----pid-2029
---ebpf-pid----379067----pid-5476
---ebpf-pid----2029----pid-1
---ebpf-pid----379067----pid-1
---ebpf-pid----2029----pid-2029
---ebpf-pid----379067----pid-379067
---ebpf-pid----2029----pid-1
---ebpf-pid----379067----pid-5476
---ebpf-pid----2029----pid-2029
---ebpf-pid----379067----pid-1
---ebpf-pid----379067----pid-379067
---ebpf-pid----379067----pid-5476
---ebpf-pid----379067----pid-1
---ebpf-pid----379067----pid-379067
---ebpf-pid----379067----pid-5476
---ebpf-pid----2029----pid-1
---ebpf-pid----2029----pid-2029
---ebpf-pid----379067----pid-1
---ebpf-pid----379067----pid-379067
---ebpf-pid----2029----pid-1
---ebpf-pid----2029----pid-2029
---ebpf-pid----379067----pid-5476
---ebpf-pid----2029----pid-1
---ebpf-pid----379067----pid-1
---ebpf-pid----2029----pid-2029
---ebpf-pid----379067----pid-379067
---ebpf-pid----2029----pid-1
---ebpf-pid----379067----pid-5476
---ebpf-pid----2029----pid-2029
---ebpf-pid----379067----pid-1
---ebpf-pid----379067----pid-379067
---ebpf-pid----2029----pid-1
---ebpf-pid----2029----pid-2029
---ebpf-pid----2029----pid-1
---ebpf-pid----2029----pid-2029
---ebpf-pid----2029----pid-1
---ebpf-pid----2029----pid-2029
---ebpf-pid----2029----pid-1
---ebpf-pid----2029----pid-2029
---ebpf-pid----2029----pid-1
---ebpf-pid----2029----pid-2029
---ebpf-pid----2029----pid-1
---ebpf-pid----2029----pid-2029
---ebpf-pid----2029----pid-1
---ebpf-pid----2029----pid-2029
---ebpf-pid----2029----pid-1
---ebpf-pid----2029----pid-2029
---ebpf-pid----2029----pid-1
---ebpf-pid----2029----pid-2029
---ebpf-pid----2029----pid-1
---ebpf-pid----2029----pid-2029
---ebpf-pid----2029----pid-1
---ebpf-pid----2029----pid-2029
---ebpf-pid----2029----pid-1
---ebpf-pid----2029----pid-2029
---ebpf-pid----2029----pid-1
---ebpf-pid----2029----pid-2029
---ebpf-pid----2029----pid-1
---ebpf-pid----2029----pid-2029
---ebpf-pid----2029----pid-1
---ebpf-pid----2029----pid-2029
---ebpf-pid----373029----pid-1
---ebpf-pid----373029----pid-373029
---ebpf-pid----373029----pid-5476
---ebpf-pid----373029----pid-1
---ebpf-pid----373029----pid-373029
---ebpf-pid----373029----pid-5476
---ebpf-pid----373029----pid-1
---ebpf-pid----373029----pid-373029
---ebpf-pid----373029----pid-5476
---ebpf-pid----373029----pid-1
---ebpf-pid----2094----pid-2094
---ebpf-pid----2094----pid-1
---ebpf-pid----2094----pid-2094
---ebpf-pid----2094----pid-1
---ebpf-pid----2094----pid-2094
---ebpf-pid----2094----pid-1
---ebpf-pid----2094----pid-2094
---ebpf-pid----379067----pid-5476
---ebpf-pid----379067----pid-1
---ebpf-pid----379067----pid-379067
---ebpf-pid----2029----pid-1
---ebpf-pid----2029----pid-2029
---ebpf-pid----2029----pid-1
---ebpf-pid----2029----pid-2029
---ebpf-pid----2029----pid-1
---ebpf-pid----2029----pid-2029
---ebpf-pid----2029----pid-1
---ebpf-pid----2029----pid-2029
---ebpf-pid----2029----pid-1
---ebpf-pid----2029----pid-2029
---ebpf-pid----379067----pid-5476
---ebpf-pid----2094----pid-1
---ebpf-pid----2094----pid-2094
---ebpf-pid----2094----pid-1
---ebpf-pid----379067----pid-1
---ebpf-pid----379067----pid-379067
---ebpf-pid----379067----pid-5476
---ebpf-pid----379067----pid-1
---ebpf-pid----379067----pid-379067
---ebpf-pid----379067----pid-5476
---ebpf-pid----2094----pid-2094
---ebpf-pid----379067----pid-1
---ebpf-pid----379067----pid-379067
---ebpf-pid----2094----pid-1
---ebpf-pid----2094----pid-2094
---ebpf-pid----379067----pid-5476
---ebpf-pid----2094----pid-1
---ebpf-pid----2094----pid-2094
---ebpf-pid----379067----pid-1
---ebpf-pid----379067----pid-379067
---ebpf-pid----2094----pid-1
---ebpf-pid----2094----pid-2094
---ebpf-pid----379067----pid-5476
---ebpf-pid----2094----pid-1
---ebpf-pid----379067----pid-1
---ebpf-pid----2094----pid-2094
---ebpf-pid----379067----pid-379067
---ebpf-pid----2094----pid-1
---ebpf-pid----379067----pid-5476
---ebpf-pid----2094----pid-2094
---ebpf-pid----379067----pid-1
---ebpf-pid----2094----pid-1
---ebpf-pid----379067----pid-379067
---ebpf-pid----2094----pid-2094
---ebpf-pid----379067----pid-5476
---ebpf-pid----2094----pid-1
---ebpf-pid----2094----pid-2094
---ebpf-pid----379067----pid-1
---ebpf-pid----379067----pid-379067
---ebpf-pid----2094----pid-1
---ebpf-pid----2094----pid-2094
---ebpf-pid----379067----pid-5476
---ebpf-pid----2094----pid-1
---ebpf-pid----379067----pid-1
---ebpf-pid----2094----pid-2094
---ebpf-pid----379067----pid-379067
---ebpf-pid----2094----pid-1
---ebpf-pid----379067----pid-5476
---ebpf-pid----2094----pid-2094
---ebpf-pid----379067----pid-1
---ebpf-pid----2094----pid-1
---ebpf-pid----448782----pid-448782
---ebpf-pid----2094----pid-2094
---ebpf-pid----2094----pid-1
---ebpf-pid----448782----pid-448520
---ebpf-pid----2094----pid-2094
---ebpf-pid----448782----pid-1
---ebpf-pid----2094----pid-1
---ebpf-pid----448782----pid-448782
---ebpf-pid----2094----pid-2094
---ebpf-pid----448782----pid-448520
---ebpf-pid----2094----pid-1
---ebpf-pid----2094----pid-2094
---ebpf-pid----448782----pid-1
---ebpf-pid----448782----pid-448782
---ebpf-pid----2094----pid-1
---ebpf-pid----373029----pid-373029
---ebpf-pid----448782----pid-448520
---ebpf-pid----373029----pid-5476
---ebpf-pid----448782----pid-1
---ebpf-pid----5705----pid-5705
---ebpf-pid----373029----pid-1
---ebpf-pid----373029----pid-373029
---ebpf-pid----5705----pid-5476
---ebpf-pid----373029----pid-5476
---ebpf-pid----5705----pid-1
---ebpf-pid----5705----pid-5705
---ebpf-pid----373029----pid-1
---ebpf-pid----373029----pid-373029
---ebpf-pid----5705----pid-5476
---ebpf-pid----2029----pid-1
---ebpf-pid----2029----pid-2029
---ebpf-pid----2029----pid-1
---ebpf-pid----2029----pid-2029
---ebpf-pid----2029----pid-1
---ebpf-pid----2029----pid-2029
---ebpf-pid----2029----pid-1
---ebpf-pid----2029----pid-2029
---ebpf-pid----2029----pid-1
---ebpf-pid----2029----pid-2029
---ebpf-pid----2029----pid-1
---ebpf-pid----2029----pid-2029
---ebpf-pid----2029----pid-1
---ebpf-pid----5705----pid-1
---ebpf-pid----2029----pid-2029
---ebpf-pid----5705----pid-5705
---ebpf-pid----2029----pid-1
---ebpf-pid----2029----pid-2029
---ebpf-pid----5705----pid-5476
---ebpf-pid----2029----pid-1
---ebpf-pid----5705----pid-1
---ebpf-pid----2029----pid-2029
---ebpf-pid----5705----pid-5705
---ebpf-pid----5705----pid-5476
---ebpf-pid----5705----pid-1
---ebpf-pid----5705----pid-5705
---ebpf-pid----5705----pid-5476
---ebpf-pid----5705----pid-1
---ebpf-pid----448782----pid-448782
---ebpf-pid----448782----pid-448520
---ebpf-pid----448782----pid-1
---ebpf-pid----448782----pid-448782
---ebpf-pid----448782----pid-448520
---ebpf-pid----448782----pid-1
---ebpf-pid----2029----pid-1
---ebpf-pid----2029----pid-2029
---ebpf-pid----2029----pid-1
---ebpf-pid----2029----pid-2029
---ebpf-pid----2029----pid-1
---ebpf-pid----2029----pid-2029
---ebpf-pid----2029----pid-1
---ebpf-pid----2029----pid-2029
---ebpf-pid----2029----pid-1
---ebpf-pid----2029----pid-2029
---ebpf-pid----448784----pid-448784
---ebpf-pid----2029----pid-1
---ebpf-pid----448784----pid-448520
---ebpf-pid----2029----pid-2029
---ebpf-pid----448784----pid-1
---ebpf-pid----448784----pid-448784
---ebpf-pid----448784----pid-448520
---ebpf-pid----448784----pid-1
---ebpf-pid----448782----pid-448782
---ebpf-pid----448782----pid-448520
---ebpf-pid----448782----pid-1
---ebpf-pid----448784----pid-448784
---ebpf-pid----448784----pid-448520
---ebpf-pid----448784----pid-1
---ebpf-pid----448784----pid-448784
---ebpf-pid----2029----pid-1
---ebpf-pid----2029----pid-2029
---ebpf-pid----448784----pid-448520
---ebpf-pid----2029----pid-1
---ebpf-pid----448784----pid-1
---ebpf-pid----2029----pid-2029
---ebpf-pid----448783----pid-448783
---ebpf-pid----2029----pid-1
---ebpf-pid----448783----pid-448520
---ebpf-pid----2029----pid-2029
---ebpf-pid----448783----pid-1
---ebpf-pid----2029----pid-1
---ebpf-pid----448783----pid-448783
---ebpf-pid----2029----pid-2029
---ebpf-pid----448783----pid-448520
---ebpf-pid----2029----pid-1
---ebpf-pid----448783----pid-1
---ebpf-pid----448783----pid-448783
---ebpf-pid----2029----pid-2029
---ebpf-pid----448783----pid-448520
---ebpf-pid----2029----pid-1
---ebpf-pid----2029----pid-2029
---ebpf-pid----448783----pid-1
---ebpf-pid----2029----pid-1
---ebpf-pid----377755----pid-377755
---ebpf-pid----2029----pid-2029
---ebpf-pid----377755----pid-1
---ebpf-pid----2029----pid-1
---ebpf-pid----448784----pid-448784
---ebpf-pid----2029----pid-2029
---ebpf-pid----448784----pid-448520
---ebpf-pid----2029----pid-1
---ebpf-pid----2029----pid-2029
---ebpf-pid----448784----pid-1
---ebpf-pid----448784----pid-448784
---ebpf-pid----2029----pid-1
---ebpf-pid----2029----pid-2029
---ebpf-pid----448784----pid-448520
---ebpf-pid----2029----pid-1
---ebpf-pid----448784----pid-1
---ebpf-pid----2029----pid-2029
---ebpf-pid----448784----pid-448784
---ebpf-pid----2029----pid-1
---ebpf-pid----448784----pid-448520
---ebpf-pid----2029----pid-2029
---ebpf-pid----448784----pid-1
---ebpf-pid----2029----pid-1
---ebpf-pid----14----pid-14
---ebpf-pid----2029----pid-2029
---ebpf-pid----14----pid-2
---ebpf-pid----2029----pid-1
---ebpf-pid----14----pid-14
---ebpf-pid----2029----pid-2029
---ebpf-pid----14----pid-2
---ebpf-pid----2029----pid-1
---ebpf-pid----448784----pid-448784
---ebpf-pid----2029----pid-2029
---ebpf-pid----448784----pid-448520
---ebpf-pid----2029----pid-1
---ebpf-pid----373029----pid-5476
---ebpf-pid----373029----pid-1
---ebpf-pid----373029----pid-373029
---ebpf-pid----373029----pid-5476
---ebpf-pid----373029----pid-1
---ebpf-pid----373029----pid-373029
---ebpf-pid----373029----pid-5476
---ebpf-pid----373029----pid-1
---ebpf-pid----448784----pid-1
---ebpf-pid----448784----pid-448784
---ebpf-pid----448784----pid-448520
---ebpf-pid----448784----pid-1
---ebpf-pid----448783----pid-448783
---ebpf-pid----2029----pid-2029
---ebpf-pid----2029----pid-1
---ebpf-pid----2029----pid-2029
---ebpf-pid----448783----pid-448520
---ebpf-pid----448783----pid-1
---ebpf-pid----448783----pid-448783
---ebpf-pid----373029----pid-373029
---ebpf-pid----373029----pid-5476
---ebpf-pid----373029----pid-1
---ebpf-pid----373029----pid-373029
---ebpf-pid----373029----pid-5476
---ebpf-pid----373029----pid-1
---ebpf-pid----2029----pid-1
---ebpf-pid----2029----pid-2029
---ebpf-pid----2029----pid-1
---ebpf-pid----2029----pid-2029
---ebpf-pid----2029----pid-1
---ebpf-pid----2029----pid-2029
---ebpf-pid----2029----pid-1
---ebpf-pid----2029----pid-2029
---ebpf-pid----2029----pid-1
---ebpf-pid----2029----pid-2029
---ebpf-pid----2029----pid-1
---ebpf-pid----2029----pid-2029
---ebpf-pid----2029----pid-1
---ebpf-pid----2029----pid-2029
---ebpf-pid----2029----pid-1
---ebpf-pid----2029----pid-2029
---ebpf-pid----2029----pid-1
---ebpf-pid----2029----pid-2029
---ebpf-pid----2029----pid-1
---ebpf-pid----2029----pid-2029
---ebpf-pid----2029----pid-1
---ebpf-pid----2029----pid-2029
---ebpf-pid----2029----pid-1
---ebpf-pid----2029----pid-2029
---ebpf-pid----2029----pid-1
---ebpf-pid----2029----pid-2029
---ebpf-pid----2029----pid-1
---ebpf-pid----2029----pid-2029
---ebpf-pid----2029----pid-1
---ebpf-pid----2029----pid-2029
---ebpf-pid----2029----pid-1
---ebpf-pid----2029----pid-2029
---ebpf-pid----2029----pid-1
---ebpf-pid----2029----pid-2029
---ebpf-pid----2029----pid-1
---ebpf-pid----2029----pid-2029
---ebpf-pid----2029----pid-1
---ebpf-pid----2029----pid-2029
---ebpf-pid----2029----pid-1
---ebpf-pid----2029----pid-2029
---ebpf-pid----2029----pid-1
---ebpf-pid----2029----pid-2029
---ebpf-pid----2029----pid-1
---ebpf-pid----2029----pid-2029
---ebpf-pid----2029----pid-1
---ebpf-pid----2029----pid-2029
---ebpf-pid----2029----pid-1
---ebpf-pid----2029----pid-2029
---ebpf-pid----2029----pid-1
---ebpf-pid----2029----pid-2029
---ebpf-pid----2029----pid-1
---ebpf-pid----2029----pid-2029
---ebpf-pid----2029----pid-1
---ebpf-pid----2029----pid-2029
---ebpf-pid----2029----pid-1
---ebpf-pid----2029----pid-2029
---ebpf-pid----2029----pid-1
---ebpf-pid----2029----pid-2029
---ebpf-pid----2029----pid-1
---ebpf-pid----2029----pid-2029
---ebpf-pid----2029----pid-1
---ebpf-pid----2029----pid-2029
---ebpf-pid----2029----pid-1
---ebpf-pid----2029----pid-2029
---ebpf-pid----2029----pid-1
---ebpf-pid----2029----pid-2029
---ebpf-pid----2029----pid-1
---ebpf-pid----2029----pid-2029
---ebpf-pid----2029----pid-1
---ebpf-pid----2029----pid-2029
---ebpf-pid----2029----pid-1
---ebpf-pid----2029----pid-2029
---ebpf-pid----2029----pid-1
---ebpf-pid----2029----pid-2029
---ebpf-pid----2029----pid-1
---ebpf-pid----2029----pid-2029
---ebpf-pid----2029----pid-1
---ebpf-pid----2029----pid-2029
---ebpf-pid----2029----pid-1
---ebpf-pid----2029----pid-2029
---ebpf-pid----2029----pid-1
---ebpf-pid----2029----pid-2029
---ebpf-pid----2029----pid-1
---ebpf-pid----2029----pid-2029
---ebpf-pid----2029----pid-1
---ebpf-pid----2029----pid-2029
---ebpf-pid----2029----pid-1
---ebpf-pid----2029----pid-2029
---ebpf-pid----2029----pid-1
---ebpf-pid----2029----pid-2029
---ebpf-pid----2029----pid-1
---ebpf-pid----2029----pid-2029
---ebpf-pid----2029----pid-1
---ebpf-pid----2029----pid-2029
---ebpf-pid----2029----pid-1
---ebpf-pid----2029----pid-2029
---ebpf-pid----2029----pid-1
---ebpf-pid----2029----pid-2029
---ebpf-pid----2029----pid-1
---ebpf-pid----2029----pid-2029
---ebpf-pid----2029----pid-1
---ebpf-pid----2029----pid-2029
---ebpf-pid----2029----pid-1
---ebpf-pid----2029----pid-2029
---ebpf-pid----2029----pid-1
---ebpf-pid----2029----pid-2029
---ebpf-pid----2029----pid-1
---ebpf-pid----2029----pid-2029
---ebpf-pid----2029----pid-1
---ebpf-pid----2029----pid-2029
---ebpf-pid----2029----pid-1
---ebpf-pid----2029----pid-2029
---ebpf-pid----2029----pid-1
---ebpf-pid----2029----pid-2029
---ebpf-pid----2029----pid-1
---ebpf-pid----2029----pid-2029
---ebpf-pid----2029----pid-1
---ebpf-pid----2029----pid-2029
---ebpf-pid----2029----pid-1
---ebpf-pid----2029----pid-2029
---ebpf-pid----2029----pid-1
---ebpf-pid----2029----pid-2029
---ebpf-pid----2029----pid-1
---ebpf-pid----2029----pid-2029
---ebpf-pid----2029----pid-1
---ebpf-pid----2029----pid-2029
---ebpf-pid----2029----pid-1
---ebpf-pid----2029----pid-2029
---ebpf-pid----2029----pid-1
---ebpf-pid----2029----pid-2029
---ebpf-pid----2029----pid-1
---ebpf-pid----2029----pid-2029
---ebpf-pid----2029----pid-1
---ebpf-pid----2029----pid-2029
---ebpf-pid----2029----pid-1
---ebpf-pid----2029----pid-2029
---ebpf-pid----373029----pid-373029
---ebpf-pid----373029----pid-5476
---ebpf-pid----373029----pid-1
---ebpf-pid----373029----pid-373029
---ebpf-pid----373029----pid-5476
---ebpf-pid----373029----pid-1
---ebpf-pid----373029----pid-373029
---ebpf-pid----2029----pid-1
---ebpf-pid----2029----pid-2029
---ebpf-pid----373029----pid-5476
---ebpf-pid----2029----pid-1
---ebpf-pid----373029----pid-1
---ebpf-pid----2029----pid-2029
---ebpf-pid----2094----pid-2094
---ebpf-pid----2094----pid-1
---ebpf-pid----2029----pid-1
---ebpf-pid----2094----pid-2094
---ebpf-pid----2029----pid-2029
---ebpf-pid----2094----pid-1
---ebpf-pid----2094----pid-2094
---ebpf-pid----2029----pid-1
---ebpf-pid----2029----pid-2029
---ebpf-pid----2094----pid-1
---ebpf-pid----2094----pid-2094
---ebpf-pid----2029----pid-1
---ebpf-pid----2029----pid-2029
---ebpf-pid----2094----pid-1
---ebpf-pid----2094----pid-2094
---ebpf-pid----2029----pid-1
---ebpf-pid----2029----pid-2029
---ebpf-pid----2094----pid-1
---ebpf-pid----2094----pid-2094
---ebpf-pid----2029----pid-1
---ebpf-pid----2029----pid-2029
---ebpf-pid----2094----pid-1
---ebpf-pid----2094----pid-2094
---ebpf-pid----2029----pid-1
---ebpf-pid----2029----pid-2029
---ebpf-pid----2094----pid-1
---ebpf-pid----2094----pid-2094
---ebpf-pid----2029----pid-1
---ebpf-pid----2029----pid-2029
---ebpf-pid----2094----pid-1
---ebpf-pid----2094----pid-2094
---ebpf-pid----2029----pid-1
---ebpf-pid----2029----pid-2029
---ebpf-pid----2094----pid-1
---ebpf-pid----2029----pid-1
---ebpf-pid----2094----pid-2094
---ebpf-pid----2029----pid-2029
---ebpf-pid----2094----pid-1
---ebpf-pid----2029----pid-1
---ebpf-pid----2012----pid-2012
---ebpf-pid----5707----pid-5707
---ebpf-pid----2012----pid-1
---ebpf-pid----5707----pid-5476
---ebpf-pid----2012----pid-2012
---ebpf-pid----5707----pid-1
---ebpf-pid----2012----pid-1
---ebpf-pid----5707----pid-5707
---ebpf-pid----2012----pid-2012
---ebpf-pid----5707----pid-5476
---ebpf-pid----2012----pid-1
---ebpf-pid----2012----pid-2012
---ebpf-pid----5707----pid-1
---ebpf-pid----5707----pid-5707
---ebpf-pid----2012----pid-1
---ebpf-pid----2012----pid-2012
---ebpf-pid----5707----pid-5476
---ebpf-pid----2012----pid-1
---ebpf-pid----5707----pid-1
---ebpf-pid----2012----pid-2012
---ebpf-pid----2029----pid-2029
---ebpf-pid----2029----pid-1
---ebpf-pid----2029----pid-2029
---ebpf-pid----2029----pid-1
---ebpf-pid----2029----pid-2029
---ebpf-pid----2029----pid-1
---ebpf-pid----2029----pid-2029
---ebpf-pid----2029----pid-1
---ebpf-pid----2029----pid-2029
---ebpf-pid----2029----pid-1
---ebpf-pid----2029----pid-2029
---ebpf-pid----2029----pid-1
---ebpf-pid----2029----pid-2029
---ebpf-pid----2029----pid-1
---ebpf-pid----2029----pid-2029
---ebpf-pid----2029----pid-1
---ebpf-pid----2029----pid-2029
---ebpf-pid----2029----pid-1
---ebpf-pid----2029----pid-2029
---ebpf-pid----2029----pid-1
---ebpf-pid----2029----pid-2029
---ebpf-pid----2029----pid-1
---ebpf-pid----448783----pid-448520
---ebpf-pid----2029----pid-2029
---ebpf-pid----448783----pid-1
---ebpf-pid----2029----pid-1
---ebpf-pid----448783----pid-448783
---ebpf-pid----2029----pid-2029
---ebpf-pid----448783----pid-448520
---ebpf-pid----2029----pid-1
---ebpf-pid----2029----pid-2029
---ebpf-pid----448783----pid-1
---ebpf-pid----448783----pid-448783
---ebpf-pid----2029----pid-1
---ebpf-pid----2029----pid-2029
---ebpf-pid----448783----pid-448520
---ebpf-pid----2029----pid-1
---ebpf-pid----2029----pid-2029
---ebpf-pid----448783----pid-1
---ebpf-pid----448783----pid-448783
---ebpf-pid----448783----pid-448520
---ebpf-pid----448783----pid-1
---ebpf-pid----448784----pid-448784
---ebpf-pid----448784----pid-448520
---ebpf-pid----448784----pid-1
---ebpf-pid----448784----pid-448784
---ebpf-pid----448784----pid-448520
---ebpf-pid----448784----pid-1
---ebpf-pid----5084----pid-5084
---ebpf-pid----5084----pid-4164
---ebpf-pid----5084----pid-3417
---ebpf-pid----5084----pid-1
---ebpf-pid----448784----pid-448784
---ebpf-pid----2029----pid-1
---ebpf-pid----2029----pid-2029
---ebpf-pid----2029----pid-1
---ebpf-pid----2029----pid-2029
---ebpf-pid----2029----pid-1
---ebpf-pid----2029----pid-2029
---ebpf-pid----2029----pid-1
---ebpf-pid----2029----pid-2029
---ebpf-pid----2029----pid-1
---ebpf-pid----448784----pid-448520
---ebpf-pid----448784----pid-1
---ebpf-pid----7313----pid-7313
---ebpf-pid----7313----pid-1
---ebpf-pid----2089----pid-2089
---ebpf-pid----2089----pid-1
---ebpf-pid----5879----pid-5879
---ebpf-pid----5879----pid-5550
---ebpf-pid----5879----pid-1
---ebpf-pid----5891----pid-5891
---ebpf-pid----5891----pid-5550
---ebpf-pid----5891----pid-1
---ebpf-pid----5705----pid-5705
---ebpf-pid----5705----pid-5476
---ebpf-pid----5705----pid-1
---ebpf-pid----5705----pid-5705
---ebpf-pid----5705----pid-5476
---ebpf-pid----2012----pid-1
---ebpf-pid----5705----pid-1
---ebpf-pid----2012----pid-2012
---ebpf-pid----2012----pid-2012
---ebpf-pid----2012----pid-1
---ebpf-pid----2012----pid-1
---ebpf-pid----2012----pid-2012
---ebpf-pid----2012----pid-2012
---ebpf-pid----2012----pid-1
---ebpf-pid----2012----pid-1
---ebpf-pid----2012----pid-2012
---ebpf-pid----2012----pid-2012
---ebpf-pid----2012----pid-1
---ebpf-pid----2012----pid-1
---ebpf-pid----2012----pid-2012
---ebpf-pid----2012----pid-2012
---ebpf-pid----2012----pid-1
---ebpf-pid----2012----pid-1
---ebpf-pid----2094----pid-2094
---ebpf-pid----2012----pid-2012
---ebpf-pid----2094----pid-1
---ebpf-pid----2012----pid-1
---ebpf-pid----2094----pid-2094
---ebpf-pid----2012----pid-2012
---ebpf-pid----2094----pid-1
---ebpf-pid----2012----pid-1
---ebpf-pid----2094----pid-2094
---ebpf-pid----2012----pid-2012
---ebpf-pid----2094----pid-1
---ebpf-pid----2012----pid-1
---ebpf-pid----2094----pid-2094
---ebpf-pid----2012----pid-2012
---ebpf-pid----2012----pid-1
---ebpf-pid----2094----pid-1
---ebpf-pid----2012----pid-2012
---ebpf-pid----2094----pid-2094
---ebpf-pid----2012----pid-1
---ebpf-pid----2094----pid-1
---ebpf-pid----2012----pid-2012
---ebpf-pid----2094----pid-2094
---ebpf-pid----2012----pid-1
---ebpf-pid----2094----pid-1
---ebpf-pid----2012----pid-2012
---ebpf-pid----2094----pid-2094
---ebpf-pid----2012----pid-1
---ebpf-pid----2094----pid-1
---ebpf-pid----2012----pid-2012
---ebpf-pid----2094----pid-2094
---ebpf-pid----2094----pid-1
---ebpf-pid----2094----pid-2094
---ebpf-pid----2094----pid-1
---ebpf-pid----2094----pid-2094
---ebpf-pid----2094----pid-1
---ebpf-pid----2094----pid-2094
---ebpf-pid----2094----pid-1
---ebpf-pid----2094----pid-2094
---ebpf-pid----2094----pid-1
---ebpf-pid----2094----pid-2094
---ebpf-pid----2094----pid-1
---ebpf-pid----2094----pid-2094
---ebpf-pid----2094----pid-1
---ebpf-pid----2094----pid-2094
---ebpf-pid----2094----pid-1
---ebpf-pid----2094----pid-2094
---ebpf-pid----2029----pid-2029
---ebpf-pid----2029----pid-1
---ebpf-pid----2029----pid-2029
---ebpf-pid----2029----pid-1
---ebpf-pid----2029----pid-2029
---ebpf-pid----2029----pid-1
---ebpf-pid----2029----pid-2029
---ebpf-pid----2029----pid-1
---ebpf-pid----2029----pid-2029
---ebpf-pid----2029----pid-1
---ebpf-pid----2029----pid-2029
---ebpf-pid----2029----pid-1
---ebpf-pid----2029----pid-2029
---ebpf-pid----2029----pid-1
---ebpf-pid----2029----pid-2029
---ebpf-pid----2029----pid-1
---ebpf-pid----2029----pid-2029
---ebpf-pid----2029----pid-1
---ebpf-pid----2029----pid-2029
---ebpf-pid----2029----pid-1
---ebpf-pid----2029----pid-2029
---ebpf-pid----2029----pid-1
---ebpf-pid----2029----pid-2029
---ebpf-pid----2029----pid-1
---ebpf-pid----2029----pid-2029
---ebpf-pid----2029----pid-1
---ebpf-pid----2029----pid-2029
---ebpf-pid----2029----pid-1
---ebpf-pid----2029----pid-2029
---ebpf-pid----2029----pid-1
---ebpf-pid----2029----pid-2029
---ebpf-pid----2029----pid-1
---ebpf-pid----2029----pid-2029
---ebpf-pid----2029----pid-1
---ebpf-pid----2029----pid-2029
---ebpf-pid----2029----pid-1
---ebpf-pid----2094----pid-1
---ebpf-pid----2029----pid-2029
---ebpf-pid----2094----pid-2094
---ebpf-pid----2029----pid-1
---ebpf-pid----2094----pid-1
---ebpf-pid----2029----pid-2029
---ebpf-pid----2094----pid-2094
---ebpf-pid----2029----pid-1
---ebpf-pid----2094----pid-1
---ebpf-pid----2029----pid-2029
---ebpf-pid----2094----pid-2094
---ebpf-pid----2029----pid-1
---ebpf-pid----2094----pid-1
---ebpf-pid----2029----pid-2029
---ebpf-pid----2094----pid-2094
---ebpf-pid----2029----pid-1
---ebpf-pid----2094----pid-1
---ebpf-pid----2029----pid-2029
---ebpf-pid----2094----pid-2094
---ebpf-pid----2029----pid-1
---ebpf-pid----2094----pid-1
---ebpf-pid----2029----pid-2029
---ebpf-pid----2094----pid-2094
---ebpf-pid----2029----pid-1
---ebpf-pid----2094----pid-1
---ebpf-pid----2094----pid-2094
---ebpf-pid----2094----pid-1
---ebpf-pid----2094----pid-2094
---ebpf-pid----2094----pid-1
---ebpf-pid----2094----pid-2094
---ebpf-pid----2094----pid-1
---ebpf-pid----2094----pid-2094
---ebpf-pid----2094----pid-1
---ebpf-pid----2094----pid-2094
---ebpf-pid----2094----pid-1
---ebpf-pid----2094----pid-2094
---ebpf-pid----2094----pid-1
---ebpf-pid----2094----pid-2094
---ebpf-pid----2094----pid-1
---ebpf-pid----2012----pid-1
---ebpf-pid----379067----pid-379067
---ebpf-pid----379067----pid-5476
---ebpf-pid----379067----pid-1
---ebpf-pid----5705----pid-5705
---ebpf-pid----5705----pid-5476
---ebpf-pid----5705----pid-1
---ebpf-pid----5705----pid-5705
---ebpf-pid----5705----pid-5476
---ebpf-pid----5705----pid-1
---ebpf-pid----379067----pid-379067
---ebpf-pid----379067----pid-5476
---ebpf-pid----379067----pid-1
---ebpf-pid----5705----pid-5705
---ebpf-pid----5705----pid-5476
---ebpf-pid----5705----pid-1
---ebpf-pid----5705----pid-5705
---ebpf-pid----5705----pid-5476
---ebpf-pid----5705----pid-1
---ebpf-pid----379067----pid-379067
---ebpf-pid----379067----pid-5476
---ebpf-pid----379067----pid-1
---ebpf-pid----379067----pid-379067
---ebpf-pid----379067----pid-5476
---ebpf-pid----379067----pid-1
---ebpf-pid----379067----pid-379067
---ebpf-pid----2094----pid-2094
---ebpf-pid----379067----pid-5476
---ebpf-pid----2094----pid-1
---ebpf-pid----379067----pid-1
---ebpf-pid----379067----pid-379067
---ebpf-pid----2029----pid-2029
---ebpf-pid----379067----pid-5476
---ebpf-pid----2029----pid-1
---ebpf-pid----2029----pid-2029
---ebpf-pid----379067----pid-1
---ebpf-pid----379067----pid-379067
---ebpf-pid----2029----pid-1
---ebpf-pid----2029----pid-2029
---ebpf-pid----379067----pid-5476
---ebpf-pid----2029----pid-1
---ebpf-pid----2089----pid-2089
---ebpf-pid----379067----pid-1
---ebpf-pid----448783----pid-448783
---ebpf-pid----2089----pid-1
---ebpf-pid----2089----pid-2089
---ebpf-pid----448783----pid-448520
---ebpf-pid----2089----pid-1
---ebpf-pid----448783----pid-1
---ebpf-pid----2089----pid-2089
---ebpf-pid----448783----pid-448783
---ebpf-pid----2089----pid-1
---ebpf-pid----448783----pid-448520
---ebpf-pid----2089----pid-2089
---ebpf-pid----2089----pid-1
---ebpf-pid----2089----pid-2089
---ebpf-pid----2089----pid-1
---ebpf-pid----2089----pid-2089
---ebpf-pid----2089----pid-1
---ebpf-pid----2089----pid-2089
---ebpf-pid----2089----pid-1
---ebpf-pid----2089----pid-2089
---ebpf-pid----2089----pid-1
---ebpf-pid----2089----pid-2089
---ebpf-pid----2089----pid-1
---ebpf-pid----2089----pid-2089
---ebpf-pid----2089----pid-1
---ebpf-pid----2089----pid-2089
---ebpf-pid----2089----pid-1
---ebpf-pid----2029----pid-2029
---ebpf-pid----2029----pid-1
---ebpf-pid----2029----pid-2029
---ebpf-pid----2029----pid-1
---ebpf-pid----2029----pid-2029
---ebpf-pid----2029----pid-1
---ebpf-pid----2029----pid-2029
---ebpf-pid----2029----pid-1
---ebpf-pid----2029----pid-2029
---ebpf-pid----2029----pid-1
---ebpf-pid----2029----pid-2029
---ebpf-pid----2029----pid-1
---ebpf-pid----2029----pid-2029
---ebpf-pid----2029----pid-1
---ebpf-pid----2029----pid-2029
---ebpf-pid----2029----pid-1
---ebpf-pid----2029----pid-2029
---ebpf-pid----2029----pid-1
---ebpf-pid----2029----pid-2029
---ebpf-pid----2029----pid-1
---ebpf-pid----2029----pid-2029
---ebpf-pid----2029----pid-1
---ebpf-pid----2029----pid-2029
---ebpf-pid----2029----pid-1
---ebpf-pid----2029----pid-2029
---ebpf-pid----2029----pid-1
---ebpf-pid----2029----pid-2029
---ebpf-pid----2029----pid-1
---ebpf-pid----2029----pid-2029
---ebpf-pid----2029----pid-1
---ebpf-pid----2029----pid-2029
---ebpf-pid----2089----pid-2089
---ebpf-pid----2029----pid-1
---ebpf-pid----2089----pid-1
---ebpf-pid----2029----pid-2029
---ebpf-pid----2012----pid-2012
---ebpf-pid----2029----pid-1
---ebpf-pid----2012----pid-1
---ebpf-pid----2029----pid-2029
---ebpf-pid----2012----pid-2012
---ebpf-pid----2029----pid-1
---ebpf-pid----2012----pid-1
---ebpf-pid----2029----pid-2029
---ebpf-pid----2012----pid-2012
---ebpf-pid----2029----pid-1
---ebpf-pid----2012----pid-1
---ebpf-pid----2029----pid-2029
---ebpf-pid----2012----pid-2012
---ebpf-pid----2029----pid-1
---ebpf-pid----2012----pid-1
---ebpf-pid----2029----pid-2029
---ebpf-pid----2012----pid-2012
---ebpf-pid----2029----pid-1
---ebpf-pid----2012----pid-1
---ebpf-pid----2029----pid-2029
---ebpf-pid----2012----pid-2012
---ebpf-pid----2029----pid-1
---ebpf-pid----2012----pid-1
---ebpf-pid----2029----pid-2029
---ebpf-pid----2012----pid-2012
---ebpf-pid----2029----pid-1
---ebpf-pid----2012----pid-1
---ebpf-pid----2029----pid-2029
---ebpf-pid----2012----pid-2012
---ebpf-pid----2012----pid-1
---ebpf-pid----2029----pid-2029
---ebpf-pid----2029----pid-1
---ebpf-pid----2029----pid-2029
---ebpf-pid----2029----pid-1
---ebpf-pid----2029----pid-2029
---ebpf-pid----2029----pid-1
---ebpf-pid----2029----pid-2029
---ebpf-pid----2029----pid-1
---ebpf-pid----2029----pid-2029
---ebpf-pid----2029----pid-1
---ebpf-pid----2029----pid-2029
---ebpf-pid----2029----pid-1
---ebpf-pid----2029----pid-2029
---ebpf-pid----2029----pid-1
---ebpf-pid----2029----pid-2029
---ebpf-pid----2029----pid-1
---ebpf-pid----2029----pid-2029
---ebpf-pid----448783----pid-1
---ebpf-pid----2029----pid-1
---ebpf-pid----2029----pid-2029
---ebpf-pid----448783----pid-448783
---ebpf-pid----2029----pid-1
---ebpf-pid----448783----pid-448520
---ebpf-pid----2029----pid-2029
---ebpf-pid----448783----pid-1
---ebpf-pid----2029----pid-1
---ebpf-pid----448783----pid-448783
---ebpf-pid----2029----pid-2029
---ebpf-pid----448783----pid-448520
---ebpf-pid----2029----pid-1
---ebpf-pid----2029----pid-2029
---ebpf-pid----448783----pid-1
---ebpf-pid----379067----pid-379067
---ebpf-pid----2029----pid-1
---ebpf-pid----2029----pid-2029
---ebpf-pid----379067----pid-5476
---ebpf-pid----2029----pid-1
---ebpf-pid----2029----pid-2029
---ebpf-pid----379067----pid-1
---ebpf-pid----373029----pid-373029
---ebpf-pid----2029----pid-1
---ebpf-pid----2029----pid-2029
---ebpf-pid----373029----pid-5476
---ebpf-pid----2029----pid-1
---ebpf-pid----373029----pid-1
---ebpf-pid----2029----pid-2029
---ebpf-pid----373029----pid-373029
---ebpf-pid----2029----pid-1
---ebpf-pid----373029----pid-5476
---ebpf-pid----2029----pid-2029
---ebpf-pid----373029----pid-1
---ebpf-pid----2029----pid-1
---ebpf-pid----379067----pid-379067
---ebpf-pid----2029----pid-2029
---ebpf-pid----379067----pid-5476
---ebpf-pid----2029----pid-1
---ebpf-pid----2029----pid-2029
---ebpf-pid----379067----pid-1
---ebpf-pid----379067----pid-379067
---ebpf-pid----2029----pid-1
---ebpf-pid----2029----pid-2029
---ebpf-pid----379067----pid-5476
---ebpf-pid----2029----pid-1
---ebpf-pid----379067----pid-1
---ebpf-pid----379067----pid-379067
---ebpf-pid----379067----pid-5476
---ebpf-pid----379067----pid-1
---ebpf-pid----379067----pid-379067
---ebpf-pid----379067----pid-5476
---ebpf-pid----379067----pid-1
---ebpf-pid----448783----pid-448783
---ebpf-pid----448783----pid-448520
---ebpf-pid----448783----pid-1
---ebpf-pid----448783----pid-448783
---ebpf-pid----448783----pid-448520
---ebpf-pid----448783----pid-1
---ebpf-pid----448783----pid-448783
---ebpf-pid----448783----pid-448520
---ebpf-pid----448783----pid-1
---ebpf-pid----2029----pid-1
---ebpf-pid----2029----pid-2029
---ebpf-pid----2029----pid-1
---ebpf-pid----2029----pid-2029
---ebpf-pid----2029----pid-1
---ebpf-pid----2029----pid-2029
---ebpf-pid----2029----pid-1
---ebpf-pid----2029----pid-2029
---ebpf-pid----2029----pid-1
---ebpf-pid----448783----pid-448783
---ebpf-pid----448783----pid-448520
---ebpf-pid----448783----pid-1
---ebpf-pid----448783----pid-448783
---ebpf-pid----448783----pid-448520
---ebpf-pid----448783----pid-1
---ebpf-pid----448783----pid-448783
---ebpf-pid----448783----pid-448520
---ebpf-pid----448783----pid-1
---ebpf-pid----2089----pid-2089
---ebpf-pid----2089----pid-1
---ebpf-pid----2012----pid-2012
---ebpf-pid----2029----pid-2029
---ebpf-pid----2012----pid-1
---ebpf-pid----2029----pid-1
---ebpf-pid----2012----pid-2012
---ebpf-pid----2029----pid-2029
---ebpf-pid----2012----pid-1
---ebpf-pid----2029----pid-1
---ebpf-pid----2012----pid-2012
---ebpf-pid----2029----pid-2029
---ebpf-pid----2012----pid-1
---ebpf-pid----2029----pid-1
---ebpf-pid----2012----pid-2012
---ebpf-pid----2029----pid-2029
---ebpf-pid----2012----pid-1
---ebpf-pid----2029----pid-1
---ebpf-pid----2012----pid-2012
---ebpf-pid----2029----pid-2029
---ebpf-pid----2012----pid-1
---ebpf-pid----2029----pid-1
---ebpf-pid----2012----pid-2012
---ebpf-pid----2029----pid-2029
---ebpf-pid----2012----pid-1
---ebpf-pid----2029----pid-1
---ebpf-pid----2012----pid-2012
---ebpf-pid----2029----pid-2029
---ebpf-pid----2012----pid-1
---ebpf-pid----2029----pid-1
---ebpf-pid----2012----pid-2012
---ebpf-pid----2029----pid-2029
---ebpf-pid----2012----pid-1
---ebpf-pid----2029----pid-1
---ebpf-pid----2012----pid-2012
---ebpf-pid----2029----pid-2029
---ebpf-pid----2012----pid-1
---ebpf-pid----2029----pid-1
---ebpf-pid----2012----pid-2012
---ebpf-pid----2094----pid-2094
---ebpf-pid----2012----pid-1
---ebpf-pid----2094----pid-1
---ebpf-pid----2012----pid-2012
---ebpf-pid----2094----pid-2094
---ebpf-pid----2012----pid-1
---ebpf-pid----2094----pid-1
---ebpf-pid----2012----pid-2012
---ebpf-pid----2094----pid-2094
---ebpf-pid----2012----pid-1
---ebpf-pid----2094----pid-1
---ebpf-pid----2012----pid-2012
---ebpf-pid----2094----pid-2094
---ebpf-pid----2094----pid-1
---ebpf-pid----2012----pid-1
---ebpf-pid----2094----pid-2094
---ebpf-pid----2012----pid-2012
---ebpf-pid----2012----pid-1
---ebpf-pid----2094----pid-1
---ebpf-pid----2012----pid-2012
---ebpf-pid----2094----pid-2094
---ebpf-pid----2094----pid-1
---ebpf-pid----2094----pid-2094
---ebpf-pid----2094----pid-1
---ebpf-pid----2094----pid-2094
---ebpf-pid----2094----pid-1
---ebpf-pid----5707----pid-5707
---ebpf-pid----5707----pid-5476
---ebpf-pid----5707----pid-1
---ebpf-pid----5707----pid-5707
---ebpf-pid----5707----pid-5476
---ebpf-pid----5707----pid-1
---ebpf-pid----2012----pid-2012
---ebpf-pid----2012----pid-1
---ebpf-pid----2012----pid-2012
---ebpf-pid----2012----pid-1
---ebpf-pid----2012----pid-1
---ebpf-pid----2012----pid-2012
---ebpf-pid----2012----pid-1
---ebpf-pid----2012----pid-2012
---ebpf-pid----2012----pid-1
---ebpf-pid----2012----pid-2012
---ebpf-pid----2012----pid-1
---ebpf-pid----2012----pid-2012
---ebpf-pid----2012----pid-1
---ebpf-pid----2012----pid-2012
---ebpf-pid----2012----pid-1
---ebpf-pid----2012----pid-2012
---ebpf-pid----2012----pid-1
---ebpf-pid----2012----pid-2012
---ebpf-pid----2012----pid-1
---ebpf-pid----2012----pid-2012
---ebpf-pid----2012----pid-1
---ebpf-pid----2012----pid-2012
---ebpf-pid----2012----pid-1
---ebpf-pid----2012----pid-2012
---ebpf-pid----2012----pid-1
---ebpf-pid----2012----pid-2012
---ebpf-pid----2012----pid-1
---ebpf-pid----2012----pid-2012
---ebpf-pid----2012----pid-1
---ebpf-pid----2012----pid-2012
---ebpf-pid----2012----pid-1
---ebpf-pid----2012----pid-2012
---ebpf-pid----2012----pid-1
---ebpf-pid----2012----pid-2012
---ebpf-pid----2012----pid-1
---ebpf-pid----2012----pid-2012
---ebpf-pid----2012----pid-2012
---ebpf-pid----2012----pid-1
---ebpf-pid----2012----pid-1
---ebpf-pid----2012----pid-2012
---ebpf-pid----2012----pid-2012
---ebpf-pid----2012----pid-1
---ebpf-pid----2012----pid-2012
---ebpf-pid----2012----pid-1
---ebpf-pid----2012----pid-2012
---ebpf-pid----2012----pid-1
---ebpf-pid----2012----pid-2012
---ebpf-pid----2012----pid-1
---ebpf-pid----2012----pid-2012
---ebpf-pid----2012----pid-1
---ebpf-pid----2012----pid-2012
---ebpf-pid----2012----pid-1
---ebpf-pid----2012----pid-2012
---ebpf-pid----2012----pid-1
---ebpf-pid----2012----pid-2012
---ebpf-pid----2012----pid-1
---ebpf-pid----2012----pid-2012
---ebpf-pid----2012----pid-1
---ebpf-pid----2012----pid-2012
---ebpf-pid----2012----pid-1
---ebpf-pid----2012----pid-2012
---ebpf-pid----2012----pid-1
---ebpf-pid----2012----pid-2012
---ebpf-pid----2012----pid-1
---ebpf-pid----2012----pid-2012
---ebpf-pid----2012----pid-1
---ebpf-pid----2012----pid-2012
---ebpf-pid----2012----pid-1
---ebpf-pid----2029----pid-2029
---ebpf-pid----2012----pid-1
---ebpf-pid----2012----pid-2012
---ebpf-pid----2029----pid-1
---ebpf-pid----2029----pid-2029
---ebpf-pid----2012----pid-1
---ebpf-pid----2012----pid-2012
---ebpf-pid----2029----pid-1
---ebpf-pid----2029----pid-2029
---ebpf-pid----2012----pid-1
---ebpf-pid----2012----pid-2012
---ebpf-pid----2029----pid-1
---ebpf-pid----2029----pid-2029
---ebpf-pid----2012----pid-1
---ebpf-pid----2012----pid-2012
---ebpf-pid----2029----pid-1
---ebpf-pid----2029----pid-2029
---ebpf-pid----2012----pid-1
---ebpf-pid----2012----pid-2012
---ebpf-pid----2029----pid-1
---ebpf-pid----2029----pid-2029
---ebpf-pid----2012----pid-1
---ebpf-pid----2012----pid-2012
---ebpf-pid----2029----pid-1
---ebpf-pid----2029----pid-2029
---ebpf-pid----2012----pid-1
---ebpf-pid----2012----pid-2012
---ebpf-pid----2029----pid-1
---ebpf-pid----2029----pid-2029
---ebpf-pid----2012----pid-1
---ebpf-pid----2029----pid-1
---ebpf-pid----2029----pid-2029
---ebpf-pid----2012----pid-2012
---ebpf-pid----2012----pid-1
---ebpf-pid----2012----pid-2012
---ebpf-pid----2012----pid-1
---ebpf-pid----2012----pid-2012
---ebpf-pid----2012----pid-1
---ebpf-pid----2012----pid-2012
---ebpf-pid----2012----pid-1
---ebpf-pid----2012----pid-2012
---ebpf-pid----2012----pid-1
---ebpf-pid----2012----pid-2012
---ebpf-pid----2012----pid-1
---ebpf-pid----2012----pid-2012
---ebpf-pid----2012----pid-1
---ebpf-pid----2012----pid-2012
---ebpf-pid----2012----pid-1
---ebpf-pid----2012----pid-2012
---ebpf-pid----2012----pid-1
---ebpf-pid----2012----pid-2012
---ebpf-pid----2012----pid-1
---ebpf-pid----2012----pid-2012
---ebpf-pid----2012----pid-1
---ebpf-pid----2012----pid-2012
---ebpf-pid----2012----pid-1
---ebpf-pid----2012----pid-2012
---ebpf-pid----2012----pid-1
---ebpf-pid----448783----pid-448783
---ebpf-pid----448783----pid-448520
---ebpf-pid----448783----pid-1
---ebpf-pid----448783----pid-448783
---ebpf-pid----448783----pid-448520
---ebpf-pid----448783----pid-1
---ebpf-pid----448783----pid-448783
---ebpf-pid----448783----pid-448520
---ebpf-pid----448783----pid-1
---ebpf-pid----448783----pid-448783
---ebpf-pid----448783----pid-448520
---ebpf-pid----448783----pid-1
---ebpf-pid----448783----pid-448783
---ebpf-pid----448783----pid-448520
---ebpf-pid----448783----pid-1
---ebpf-pid----448783----pid-448783
---ebpf-pid----448783----pid-448520
---ebpf-pid----448783----pid-1
---ebpf-pid----448783----pid-448783
---ebpf-pid----448783----pid-448520
---ebpf-pid----448783----pid-1
---ebpf-pid----448783----pid-448783
---ebpf-pid----448783----pid-448520
---ebpf-pid----2029----pid-1
---ebpf-pid----2029----pid-2029
---ebpf-pid----2029----pid-1
---ebpf-pid----2094----pid-2094
---ebpf-pid----2094----pid-1
---ebpf-pid----2094----pid-2094
---ebpf-pid----2094----pid-1
---ebpf-pid----2094----pid-2094
---ebpf-pid----2094----pid-1
---ebpf-pid----2094----pid-2094
---ebpf-pid----2094----pid-1
---ebpf-pid----2094----pid-2094
---ebpf-pid----2094----pid-1
---ebpf-pid----2094----pid-2094
---ebpf-pid----2094----pid-1
---ebpf-pid----2094----pid-2094
---ebpf-pid----2094----pid-1
---ebpf-pid----2094----pid-2094
---ebpf-pid----2094----pid-1
---ebpf-pid----2094----pid-2094
---ebpf-pid----2094----pid-1
---ebpf-pid----2094----pid-2094
---ebpf-pid----2094----pid-1
---ebpf-pid----2094----pid-2094
---ebpf-pid----2094----pid-1
---ebpf-pid----2094----pid-2094
---ebpf-pid----2094----pid-1
---ebpf-pid----2094----pid-2094
---ebpf-pid----2094----pid-1
---ebpf-pid----2094----pid-2094
---ebpf-pid----448783----pid-1
---ebpf-pid----373029----pid-373029
---ebpf-pid----2094----pid-1
---ebpf-pid----2094----pid-2094
---ebpf-pid----373029----pid-5476
---ebpf-pid----2094----pid-1
---ebpf-pid----373029----pid-1
---ebpf-pid----2094----pid-2094
---ebpf-pid----373029----pid-373029
---ebpf-pid----2094----pid-1
---ebpf-pid----2094----pid-2094
---ebpf-pid----373029----pid-5476
---ebpf-pid----2094----pid-1
---ebpf-pid----373029----pid-1
---ebpf-pid----2094----pid-2094
---ebpf-pid----373029----pid-373029
---ebpf-pid----2094----pid-1
---ebpf-pid----373029----pid-5476
---ebpf-pid----2094----pid-2094
---ebpf-pid----373029----pid-1
---ebpf-pid----2094----pid-1
---ebpf-pid----373029----pid-373029
---ebpf-pid----2094----pid-2094
---ebpf-pid----373029----pid-5476
---ebpf-pid----2094----pid-1
---ebpf-pid----2094----pid-2094
---ebpf-pid----373029----pid-1
---ebpf-pid----373029----pid-373029
---ebpf-pid----2094----pid-1
---ebpf-pid----2094----pid-2094
---ebpf-pid----373029----pid-5476
---ebpf-pid----2094----pid-1
---ebpf-pid----373029----pid-1
---ebpf-pid----2094----pid-2094
---ebpf-pid----373029----pid-373029
---ebpf-pid----2094----pid-1
---ebpf-pid----373029----pid-5476
---ebpf-pid----2094----pid-2094
---ebpf-pid----373029----pid-1
---ebpf-pid----2094----pid-1
---ebpf-pid----373029----pid-373029
---ebpf-pid----2094----pid-2094
---ebpf-pid----373029----pid-5476
---ebpf-pid----2094----pid-1
---ebpf-pid----2094----pid-2094
---ebpf-pid----373029----pid-1
---ebpf-pid----373029----pid-373029
---ebpf-pid----2094----pid-1
---ebpf-pid----2094----pid-2094
---ebpf-pid----373029----pid-5476
---ebpf-pid----2094----pid-1
---ebpf-pid----373029----pid-1
---ebpf-pid----373029----pid-373029
---ebpf-pid----373029----pid-5476
---ebpf-pid----373029----pid-1
---ebpf-pid----373029----pid-373029
---ebpf-pid----373029----pid-5476
---ebpf-pid----373029----pid-1
---ebpf-pid----373029----pid-373029
---ebpf-pid----373029----pid-5476
---ebpf-pid----373029----pid-1
---ebpf-pid----373029----pid-373029
---ebpf-pid----373029----pid-5476
---ebpf-pid----373029----pid-1
---ebpf-pid----373029----pid-373029
---ebpf-pid----2094----pid-2094
---ebpf-pid----2094----pid-1
---ebpf-pid----2094----pid-2094
---ebpf-pid----2094----pid-1
---ebpf-pid----2094----pid-2094
---ebpf-pid----2094----pid-1
---ebpf-pid----373029----pid-373029
---ebpf-pid----373029----pid-5476
---ebpf-pid----373029----pid-1
---ebpf-pid----373029----pid-373029
---ebpf-pid----373029----pid-5476
---ebpf-pid----373029----pid-1
---ebpf-pid----373029----pid-373029
---ebpf-pid----373029----pid-5476
---ebpf-pid----373029----pid-1
---ebpf-pid----373029----pid-373029
---ebpf-pid----373029----pid-5476
---ebpf-pid----373029----pid-1
---ebpf-pid----373029----pid-373029
---ebpf-pid----373029----pid-5476
---ebpf-pid----373029----pid-1
---ebpf-pid----373029----pid-373029
---ebpf-pid----373029----pid-5476
---ebpf-pid----373029----pid-1
---ebpf-pid----2094----pid-2094
---ebpf-pid----2094----pid-1
---ebpf-pid----2094----pid-2094
---ebpf-pid----2094----pid-1
---ebpf-pid----2094----pid-2094
---ebpf-pid----2094----pid-1
---ebpf-pid----2094----pid-2094
---ebpf-pid----373029----pid-5476
---ebpf-pid----373029----pid-1
---ebpf-pid----373029----pid-373029
---ebpf-pid----373029----pid-5476
---ebpf-pid----373029----pid-1
---ebpf-pid----373029----pid-373029
---ebpf-pid----373029----pid-5476
---ebpf-pid----373029----pid-1
---ebpf-pid----373029----pid-373029
---ebpf-pid----2094----pid-1
---ebpf-pid----2094----pid-2094
---ebpf-pid----373029----pid-5476
---ebpf-pid----2094----pid-1
---ebpf-pid----2094----pid-2094
---ebpf-pid----373029----pid-1
---ebpf-pid----373029----pid-373029
---ebpf-pid----2094----pid-1
---ebpf-pid----373029----pid-5476
---ebpf-pid----2094----pid-2094
---ebpf-pid----373029----pid-1
---ebpf-pid----373029----pid-373029
---ebpf-pid----2094----pid-1
---ebpf-pid----2094----pid-2094
---ebpf-pid----373029----pid-5476
---ebpf-pid----2094----pid-1
---ebpf-pid----373029----pid-1
---ebpf-pid----2094----pid-2094
---ebpf-pid----373029----pid-373029
---ebpf-pid----2094----pid-1
---ebpf-pid----2094----pid-2094
---ebpf-pid----373029----pid-5476
---ebpf-pid----2094----pid-1
---ebpf-pid----373029----pid-1
---ebpf-pid----2094----pid-2094
---ebpf-pid----373029----pid-373029
---ebpf-pid----2094----pid-1
---ebpf-pid----373029----pid-5476
---ebpf-pid----2094----pid-2094
---ebpf-pid----373029----pid-1
---ebpf-pid----2094----pid-1
---ebpf-pid----373029----pid-373029
---ebpf-pid----2094----pid-2094
---ebpf-pid----373029----pid-5476
---ebpf-pid----2094----pid-1
---ebpf-pid----2094----pid-2094
---ebpf-pid----2094----pid-1
---ebpf-pid----2088----pid-2088
---ebpf-pid----2088----pid-1
---ebpf-pid----2088----pid-2088
---ebpf-pid----2088----pid-1
---ebpf-pid----2088----pid-2088
---ebpf-pid----2088----pid-1
---ebpf-pid----2088----pid-2088
---ebpf-pid----2088----pid-1
---ebpf-pid----2088----pid-2088
---ebpf-pid----2088----pid-1
---ebpf-pid----2088----pid-2088
---ebpf-pid----2088----pid-1
---ebpf-pid----2088----pid-2088
---ebpf-pid----2088----pid-1
---ebpf-pid----2088----pid-2088
---ebpf-pid----2088----pid-1
---ebpf-pid----2088----pid-2088
---ebpf-pid----2088----pid-1
---ebpf-pid----2088----pid-2088
---ebpf-pid----2088----pid-1
---ebpf-pid----2088----pid-2088
---ebpf-pid----2088----pid-1
---ebpf-pid----2088----pid-2088
---ebpf-pid----2088----pid-1
---ebpf-pid----2088----pid-2088
---ebpf-pid----2088----pid-1
---ebpf-pid----2088----pid-2088
---ebpf-pid----373029----pid-1
---ebpf-pid----2088----pid-1
---ebpf-pid----373029----pid-373029
---ebpf-pid----2088----pid-2088
---ebpf-pid----373029----pid-5476
---ebpf-pid----2088----pid-1
---ebpf-pid----2088----pid-2088
---ebpf-pid----373029----pid-1
---ebpf-pid----373029----pid-373029
---ebpf-pid----2088----pid-1
---ebpf-pid----2088----pid-2088
---ebpf-pid----373029----pid-5476
---ebpf-pid----2088----pid-1
---ebpf-pid----2088----pid-2088
---ebpf-pid----373029----pid-1
---ebpf-pid----373029----pid-373029
---ebpf-pid----2088----pid-1
---ebpf-pid----2088----pid-2088
---ebpf-pid----373029----pid-5476
---ebpf-pid----2088----pid-1
---ebpf-pid----373029----pid-1
---ebpf-pid----2088----pid-2088
---ebpf-pid----373029----pid-373029
---ebpf-pid----373029----pid-5476
---ebpf-pid----2088----pid-1
---ebpf-pid----2094----pid-2094
---ebpf-pid----2094----pid-1
---ebpf-pid----2094----pid-2094
---ebpf-pid----2094----pid-1
---ebpf-pid----2094----pid-2094
---ebpf-pid----2094----pid-1
---ebpf-pid----2094----pid-2094
---ebpf-pid----2094----pid-1
---ebpf-pid----2094----pid-2094
---ebpf-pid----2094----pid-1
---ebpf-pid----2094----pid-2094
---ebpf-pid----2094----pid-1
---ebpf-pid----2094----pid-2094
---ebpf-pid----2094----pid-1
---ebpf-pid----2094----pid-2094
---ebpf-pid----2094----pid-1
---ebpf-pid----2094----pid-2094
---ebpf-pid----2094----pid-1
---ebpf-pid----2094----pid-2094
---ebpf-pid----2094----pid-1
---ebpf-pid----5705----pid-5705
---ebpf-pid----5705----pid-5476
---ebpf-pid----5705----pid-1
---ebpf-pid----5705----pid-5705
---ebpf-pid----5705----pid-5476
---ebpf-pid----5705----pid-1
---ebpf-pid----5705----pid-5705
---ebpf-pid----373029----pid-1
---ebpf-pid----373029----pid-373029
---ebpf-pid----373029----pid-5476
---ebpf-pid----373029----pid-1
---ebpf-pid----373029----pid-373029
---ebpf-pid----373029----pid-5476
---ebpf-pid----373029----pid-1
---ebpf-pid----373029----pid-373029
---ebpf-pid----373029----pid-5476
---ebpf-pid----373029----pid-1
---ebpf-pid----373029----pid-373029
---ebpf-pid----373029----pid-5476
---ebpf-pid----373029----pid-1
---ebpf-pid----373029----pid-373029
---ebpf-pid----373029----pid-5476
---ebpf-pid----5705----pid-5476
---ebpf-pid----5705----pid-1
---ebpf-pid----5705----pid-5705
---ebpf-pid----5705----pid-5476
---ebpf-pid----5705----pid-1
---ebpf-pid----5705----pid-5705
---ebpf-pid----5705----pid-5476
---ebpf-pid----5705----pid-1
---ebpf-pid----5705----pid-5705
---ebpf-pid----5705----pid-5476
---ebpf-pid----373029----pid-1
---ebpf-pid----373029----pid-373029
---ebpf-pid----5705----pid-1
---ebpf-pid----5705----pid-5705
---ebpf-pid----373029----pid-5476
---ebpf-pid----5705----pid-5476
---ebpf-pid----5705----pid-1
---ebpf-pid----5705----pid-5705
---ebpf-pid----5705----pid-5476
---ebpf-pid----5705----pid-1
---ebpf-pid----5705----pid-5705
---ebpf-pid----5705----pid-5476
---ebpf-pid----373029----pid-1
---ebpf-pid----5705----pid-1
---ebpf-pid----5705----pid-5705
---ebpf-pid----373029----pid-373029
---ebpf-pid----373029----pid-5476
---ebpf-pid----5705----pid-5476
---ebpf-pid----5705----pid-1
---ebpf-pid----373029----pid-1
---ebpf-pid----5705----pid-5705
---ebpf-pid----373029----pid-373029
---ebpf-pid----5705----pid-5476
---ebpf-pid----373029----pid-5476
---ebpf-pid----5705----pid-1
---ebpf-pid----373029----pid-1
---ebpf-pid----5705----pid-5705
---ebpf-pid----373029----pid-373029
---ebpf-pid----5705----pid-5476
---ebpf-pid----373029----pid-5476
---ebpf-pid----5705----pid-1
---ebpf-pid----373029----pid-1
---ebpf-pid----5705----pid-5705
---ebpf-pid----373029----pid-373029
---ebpf-pid----5705----pid-5476
---ebpf-pid----373029----pid-5476
---ebpf-pid----5705----pid-1
---ebpf-pid----373029----pid-1
---ebpf-pid----2089----pid-2089
---ebpf-pid----448782----pid-448782
---ebpf-pid----2089----pid-1
---ebpf-pid----448782----pid-448520
---ebpf-pid----2089----pid-2089
---ebpf-pid----448782----pid-1
---ebpf-pid----2089----pid-1
---ebpf-pid----5707----pid-5707
---ebpf-pid----379067----pid-379067
---ebpf-pid----379067----pid-5476
---ebpf-pid----5707----pid-5476
---ebpf-pid----5707----pid-1
---ebpf-pid----5707----pid-5707
---ebpf-pid----5707----pid-5476
---ebpf-pid----5707----pid-1
---ebpf-pid----5707----pid-5707
---ebpf-pid----5707----pid-5476
---ebpf-pid----5707----pid-1
---ebpf-pid----5707----pid-5707
---ebpf-pid----5707----pid-5476
---ebpf-pid----5707----pid-1
---ebpf-pid----5707----pid-5707
---ebpf-pid----5707----pid-5476
---ebpf-pid----379067----pid-1
---ebpf-pid----379067----pid-379067
---ebpf-pid----5707----pid-1
---ebpf-pid----5707----pid-5707
---ebpf-pid----379067----pid-5476
---ebpf-pid----5707----pid-5476
---ebpf-pid----379067----pid-1
---ebpf-pid----5707----pid-1
---ebpf-pid----379067----pid-379067
---ebpf-pid----5707----pid-5707
---ebpf-pid----379067----pid-5476
---ebpf-pid----5707----pid-5476
---ebpf-pid----379067----pid-1
---ebpf-pid----5707----pid-1
---ebpf-pid----379067----pid-379067
---ebpf-pid----5707----pid-5707
---ebpf-pid----379067----pid-5476
---ebpf-pid----5707----pid-5476
---ebpf-pid----379067----pid-1
---ebpf-pid----5707----pid-1
---ebpf-pid----379067----pid-379067
---ebpf-pid----5703----pid-5703
---ebpf-pid----5703----pid-5476
---ebpf-pid----5703----pid-1
---ebpf-pid----5707----pid-5707
---ebpf-pid----5707----pid-5476
---ebpf-pid----379067----pid-5476
---ebpf-pid----379067----pid-1
---ebpf-pid----2088----pid-2088
---ebpf-pid----2088----pid-1
---ebpf-pid----2088----pid-2088
---ebpf-pid----2088----pid-1
---ebpf-pid----2088----pid-2088
---ebpf-pid----2088----pid-1
---ebpf-pid----2088----pid-2088
---ebpf-pid----2088----pid-1
---ebpf-pid----2088----pid-2088
---ebpf-pid----2088----pid-1
---ebpf-pid----2088----pid-2088
---ebpf-pid----2088----pid-1
Failed to get process information for PID 0
---ebpf-pid----5707----pid-1
---ebpf-pid----5707----pid-5707
---ebpf-pid----5707----pid-5476
---ebpf-pid----2088----pid-2088
---ebpf-pid----5707----pid-1
---ebpf-pid----5707----pid-5707
---ebpf-pid----2088----pid-1
---ebpf-pid----2088----pid-2088
---ebpf-pid----5707----pid-5476
---ebpf-pid----2088----pid-1
---ebpf-pid----5707----pid-1
---ebpf-pid----2088----pid-2088
---ebpf-pid----5707----pid-5707
---ebpf-pid----2088----pid-1
---ebpf-pid----2088----pid-2088
---ebpf-pid----5707----pid-5476
---ebpf-pid----2088----pid-1
---ebpf-pid----2088----pid-2088
---ebpf-pid----5707----pid-1
---ebpf-pid----5707----pid-5707
---ebpf-pid----2088----pid-1
---ebpf-pid----2088----pid-2088
---ebpf-pid----5707----pid-5476
---ebpf-pid----2088----pid-1
---ebpf-pid----5707----pid-1
---ebpf-pid----2088----pid-2088
---ebpf-pid----5707----pid-5707
---ebpf-pid----2088----pid-1
---ebpf-pid----5707----pid-5476
---ebpf-pid----2088----pid-2088
---ebpf-pid----5707----pid-1
---ebpf-pid----2088----pid-1
---ebpf-pid----5707----pid-5707
---ebpf-pid----2088----pid-2088
---ebpf-pid----5707----pid-5476
---ebpf-pid----2088----pid-1
---ebpf-pid----2088----pid-2088
---ebpf-pid----5707----pid-1
---ebpf-pid----2088----pid-1
---ebpf-pid----5707----pid-5707
---ebpf-pid----2088----pid-2088
---ebpf-pid----5707----pid-5476
---ebpf-pid----2088----pid-1
---ebpf-pid----2088----pid-2088
---ebpf-pid----5707----pid-1
---ebpf-pid----5707----pid-5707
---ebpf-pid----2088----pid-1
---ebpf-pid----2088----pid-2088
---ebpf-pid----5707----pid-5476
---ebpf-pid----2088----pid-1
---ebpf-pid----5707----pid-1
---ebpf-pid----2088----pid-2088
---ebpf-pid----5707----pid-5707
---ebpf-pid----2088----pid-1
---ebpf-pid----5707----pid-5476
---ebpf-pid----379067----pid-379067
---ebpf-pid----5707----pid-1
---ebpf-pid----379067----pid-5476
---ebpf-pid----5707----pid-5707
---ebpf-pid----379067----pid-1
---ebpf-pid----5707----pid-5476
---ebpf-pid----2088----pid-2088
---ebpf-pid----5707----pid-1
---ebpf-pid----2088----pid-1
---ebpf-pid----5707----pid-5707
---ebpf-pid----2088----pid-2088
---ebpf-pid----5707----pid-5476
---ebpf-pid----2088----pid-1
---ebpf-pid----2088----pid-2088
---ebpf-pid----2088----pid-1
---ebpf-pid----2088----pid-2088
---ebpf-pid----2088----pid-1
---ebpf-pid----2088----pid-2088
---ebpf-pid----2088----pid-1
---ebpf-pid----2088----pid-2088
---ebpf-pid----2088----pid-1
---ebpf-pid----2088----pid-2088
---ebpf-pid----2088----pid-1
---ebpf-pid----2088----pid-2088
---ebpf-pid----5707----pid-1
---ebpf-pid----373029----pid-373029
---ebpf-pid----2088----pid-1
---ebpf-pid----2088----pid-2088
---ebpf-pid----373029----pid-5476
---ebpf-pid----2088----pid-1
---ebpf-pid----2088----pid-2088
---ebpf-pid----373029----pid-1
---ebpf-pid----373029----pid-373029
---ebpf-pid----373029----pid-5476
---ebpf-pid----2088----pid-1
---ebpf-pid----2088----pid-2088
---ebpf-pid----373029----pid-1
---ebpf-pid----2088----pid-1
---ebpf-pid----5707----pid-5707
---ebpf-pid----2088----pid-2088
---ebpf-pid----5707----pid-5476
---ebpf-pid----2088----pid-1
---ebpf-pid----2088----pid-2088
---ebpf-pid----5707----pid-1
---ebpf-pid----2088----pid-1
---ebpf-pid----5707----pid-5707
---ebpf-pid----2088----pid-2088
---ebpf-pid----5707----pid-5476
---ebpf-pid----2088----pid-1
---ebpf-pid----2088----pid-2088
---ebpf-pid----5707----pid-1
---ebpf-pid----5707----pid-5707
---ebpf-pid----2088----pid-1
---ebpf-pid----2088----pid-2088
---ebpf-pid----5707----pid-5476
---ebpf-pid----2088----pid-1
---ebpf-pid----2088----pid-2088
---ebpf-pid----5707----pid-1
---ebpf-pid----5707----pid-5707
---ebpf-pid----5707----pid-5476
---ebpf-pid----5707----pid-1
---ebpf-pid----5707----pid-5707
---ebpf-pid----5707----pid-5476
---ebpf-pid----5707----pid-1
---ebpf-pid----5707----pid-5707
---ebpf-pid----5707----pid-5476
---ebpf-pid----5707----pid-1
---ebpf-pid----5707----pid-5707
---ebpf-pid----5707----pid-5476
---ebpf-pid----5707----pid-1
---ebpf-pid----5707----pid-5707
---ebpf-pid----5707----pid-5476
---ebpf-pid----2088----pid-1
---ebpf-pid----2088----pid-2088
---ebpf-pid----2088----pid-1
---ebpf-pid----2088----pid-2088
---ebpf-pid----2088----pid-1
---ebpf-pid----2088----pid-2088
---ebpf-pid----2088----pid-1
---ebpf-pid----2088----pid-2088
---ebpf-pid----2088----pid-1
---ebpf-pid----2088----pid-2088
---ebpf-pid----2088----pid-1
---ebpf-pid----2088----pid-2088
---ebpf-pid----2088----pid-1
---ebpf-pid----2088----pid-2088
---ebpf-pid----2088----pid-1
---ebpf-pid----2088----pid-2088
---ebpf-pid----2088----pid-1
---ebpf-pid----2088----pid-2088
---ebpf-pid----2088----pid-1
---ebpf-pid----2088----pid-2088
---ebpf-pid----2088----pid-1
---ebpf-pid----2088----pid-2088
---ebpf-pid----2088----pid-1
---ebpf-pid----2088----pid-2088
---ebpf-pid----2088----pid-1
---ebpf-pid----2029----pid-2029
---ebpf-pid----2029----pid-1
---ebpf-pid----2029----pid-2029
---ebpf-pid----2029----pid-1
---ebpf-pid----2029----pid-2029
---ebpf-pid----2029----pid-1
---ebpf-pid----2029----pid-2029
---ebpf-pid----2029----pid-1
---ebpf-pid----2029----pid-2029
---ebpf-pid----2029----pid-1
---ebpf-pid----2029----pid-2029
---ebpf-pid----2029----pid-1
---ebpf-pid----2029----pid-2029
---ebpf-pid----2029----pid-1
---ebpf-pid----2029----pid-2029
---ebpf-pid----2029----pid-1
---ebpf-pid----2029----pid-2029
---ebpf-pid----2029----pid-1
---ebpf-pid----2029----pid-2029
---ebpf-pid----2029----pid-1
---ebpf-pid----2029----pid-2029
---ebpf-pid----2029----pid-1
---ebpf-pid----2029----pid-2029
---ebpf-pid----2029----pid-1
---ebpf-pid----2029----pid-2029
---ebpf-pid----2029----pid-1
---ebpf-pid----2029----pid-2029
---ebpf-pid----2029----pid-1
---ebpf-pid----2029----pid-2029
---ebpf-pid----2029----pid-1
---ebpf-pid----2029----pid-2029
---ebpf-pid----2029----pid-1
---ebpf-pid----2029----pid-2029
---ebpf-pid----5707----pid-1
---ebpf-pid----2029----pid-1
---ebpf-pid----5707----pid-5707
---ebpf-pid----2029----pid-2029
---ebpf-pid----5707----pid-5476
---ebpf-pid----2029----pid-1
---ebpf-pid----2029----pid-2029
---ebpf-pid----5707----pid-1
---ebpf-pid----5707----pid-5707
---ebpf-pid----2029----pid-1
---ebpf-pid----2029----pid-2029
---ebpf-pid----5707----pid-5476
---ebpf-pid----2029----pid-1
---ebpf-pid----2089----pid-2089
---ebpf-pid----5707----pid-1
---ebpf-pid----5707----pid-5707
---ebpf-pid----2089----pid-1
---ebpf-pid----2089----pid-2089
---ebpf-pid----5707----pid-5476
---ebpf-pid----2089----pid-1
---ebpf-pid----5707----pid-1
---ebpf-pid----2089----pid-2089
---ebpf-pid----5707----pid-5707
---ebpf-pid----2089----pid-1
---ebpf-pid----5707----pid-5476
---ebpf-pid----2089----pid-2089
---ebpf-pid----5707----pid-1
---ebpf-pid----2089----pid-1
---ebpf-pid----5707----pid-5707
---ebpf-pid----2089----pid-2089
---ebpf-pid----5707----pid-5476
---ebpf-pid----2089----pid-1
---ebpf-pid----2089----pid-2089
---ebpf-pid----5707----pid-1
---ebpf-pid----5707----pid-5707
---ebpf-pid----2089----pid-1
---ebpf-pid----2089----pid-2089
---ebpf-pid----5707----pid-5476
---ebpf-pid----2089----pid-1
---ebpf-pid----5707----pid-1
---ebpf-pid----2089----pid-2089
---ebpf-pid----5707----pid-5707
---ebpf-pid----2089----pid-1
---ebpf-pid----5707----pid-5476
---ebpf-pid----2089----pid-2089
---ebpf-pid----5707----pid-1
---ebpf-pid----5707----pid-5707
---ebpf-pid----5707----pid-5476
---ebpf-pid----5707----pid-1
---ebpf-pid----5707----pid-5707
---ebpf-pid----5707----pid-5476
---ebpf-pid----5707----pid-1
---ebpf-pid----5707----pid-5707
---ebpf-pid----5707----pid-5476
---ebpf-pid----5707----pid-1
---ebpf-pid----5707----pid-5707
---ebpf-pid----5707----pid-5476
---ebpf-pid----2089----pid-1
---ebpf-pid----2089----pid-2089
---ebpf-pid----2089----pid-1
---ebpf-pid----6671----pid-6671
---ebpf-pid----6671----pid-5476
---ebpf-pid----6671----pid-1
---ebpf-pid----6671----pid-6671
---ebpf-pid----6671----pid-5476
---ebpf-pid----6671----pid-1
---ebpf-pid----6671----pid-6671
---ebpf-pid----6671----pid-5476
---ebpf-pid----6671----pid-1
---ebpf-pid----6671----pid-6671
---ebpf-pid----6671----pid-5476
---ebpf-pid----6671----pid-1
---ebpf-pid----6671----pid-6671
---ebpf-pid----6671----pid-5476
---ebpf-pid----6671----pid-1
---ebpf-pid----379067----pid-379067
---ebpf-pid----379067----pid-5476
---ebpf-pid----379067----pid-1
---ebpf-pid----379067----pid-379067
---ebpf-pid----379067----pid-5476
---ebpf-pid----379067----pid-1
---ebpf-pid----379067----pid-379067
---ebpf-pid----379067----pid-5476
---ebpf-pid----379067----pid-1
---ebpf-pid----379067----pid-379067
---ebpf-pid----379067----pid-5476
---ebpf-pid----5707----pid-1
---ebpf-pid----5707----pid-5707
---ebpf-pid----5707----pid-5476
---ebpf-pid----379067----pid-1
---ebpf-pid----379067----pid-379067
---ebpf-pid----379067----pid-5476
---ebpf-pid----5707----pid-1
---ebpf-pid----5707----pid-5707
---ebpf-pid----5707----pid-5476
---ebpf-pid----5707----pid-1
---ebpf-pid----5707----pid-5707
---ebpf-pid----5707----pid-5476
---ebpf-pid----5707----pid-1
---ebpf-pid----5707----pid-5707
---ebpf-pid----5707----pid-5476
---ebpf-pid----5707----pid-1
---ebpf-pid----5707----pid-5707
---ebpf-pid----5707----pid-5476
---ebpf-pid----5707----pid-1
---ebpf-pid----5707----pid-5707
---ebpf-pid----5707----pid-5476
---ebpf-pid----5707----pid-1
---ebpf-pid----5707----pid-5707
---ebpf-pid----5707----pid-5476
---ebpf-pid----5707----pid-1
---ebpf-pid----5707----pid-5707
---ebpf-pid----5707----pid-5476
---ebpf-pid----5707----pid-1
---ebpf-pid----5707----pid-5707
---ebpf-pid----5707----pid-5476
---ebpf-pid----5707----pid-1
---ebpf-pid----5707----pid-5707
---ebpf-pid----5707----pid-5476
---ebpf-pid----5707----pid-1
---ebpf-pid----5707----pid-5707
---ebpf-pid----5707----pid-5476
---ebpf-pid----5707----pid-1
---ebpf-pid----5707----pid-5707
---ebpf-pid----5707----pid-5476
---ebpf-pid----5707----pid-1
---ebpf-pid----5707----pid-5707
---ebpf-pid----5707----pid-5476
---ebpf-pid----5707----pid-1
---ebpf-pid----5707----pid-5707
---ebpf-pid----5707----pid-5476
---ebpf-pid----379067----pid-1
---ebpf-pid----6671----pid-6671
---ebpf-pid----6671----pid-5476
---ebpf-pid----6671----pid-1
---ebpf-pid----6671----pid-6671
---ebpf-pid----6671----pid-5476
---ebpf-pid----6671----pid-1
---ebpf-pid----2088----pid-2088
---ebpf-pid----2088----pid-1
---ebpf-pid----2088----pid-2088
---ebpf-pid----5707----pid-1
---ebpf-pid----2088----pid-1
---ebpf-pid----2088----pid-2088
---ebpf-pid----5707----pid-5707
---ebpf-pid----2088----pid-1
---ebpf-pid----5707----pid-5476
---ebpf-pid----2088----pid-2088
---ebpf-pid----5707----pid-1
---ebpf-pid----2088----pid-1
---ebpf-pid----5707----pid-5707
---ebpf-pid----2088----pid-2088
---ebpf-pid----5707----pid-5476
---ebpf-pid----2088----pid-1
---ebpf-pid----2088----pid-2088
---ebpf-pid----5707----pid-1
---ebpf-pid----5707----pid-5707
---ebpf-pid----2088----pid-1
---ebpf-pid----2088----pid-2088
---ebpf-pid----5707----pid-5476
---ebpf-pid----5707----pid-1
---ebpf-pid----2088----pid-1
---ebpf-pid----5707----pid-5707
---ebpf-pid----2088----pid-2088
---ebpf-pid----5707----pid-5476
---ebpf-pid----2088----pid-1
---ebpf-pid----2029----pid-2029
---ebpf-pid----5707----pid-1
---ebpf-pid----5707----pid-5707
---ebpf-pid----2029----pid-1
---ebpf-pid----2029----pid-2029
---ebpf-pid----5707----pid-5476
---ebpf-pid----2029----pid-1
---ebpf-pid----5707----pid-1
---ebpf-pid----2029----pid-2029
---ebpf-pid----5707----pid-5707
---ebpf-pid----2029----pid-1
---ebpf-pid----5707----pid-5476
---ebpf-pid----2029----pid-2029
---ebpf-pid----5707----pid-1
---ebpf-pid----2029----pid-1
---ebpf-pid----5707----pid-5707
---ebpf-pid----2029----pid-2029
---ebpf-pid----5707----pid-5476
---ebpf-pid----2029----pid-1
---ebpf-pid----2029----pid-2029
---ebpf-pid----5707----pid-1
---ebpf-pid----5707----pid-5707
---ebpf-pid----5707----pid-5476
---ebpf-pid----5707----pid-1
---ebpf-pid----5707----pid-5707
---ebpf-pid----5707----pid-5476
---ebpf-pid----5707----pid-1
---ebpf-pid----2094----pid-2094
---ebpf-pid----2094----pid-1
---ebpf-pid----2094----pid-2094
---ebpf-pid----2094----pid-1
---ebpf-pid----2094----pid-2094
---ebpf-pid----2094----pid-1
---ebpf-pid----2094----pid-2094
---ebpf-pid----2094----pid-1
---ebpf-pid----2094----pid-2094
---ebpf-pid----2094----pid-1
---ebpf-pid----2094----pid-2094
---ebpf-pid----2094----pid-1
---ebpf-pid----2029----pid-1
---ebpf-pid----2029----pid-2029
---ebpf-pid----2029----pid-1
---ebpf-pid----2029----pid-2029
---ebpf-pid----2029----pid-1
---ebpf-pid----2029----pid-2029
---ebpf-pid----2029----pid-1
---ebpf-pid----2094----pid-2094
---ebpf-pid----2094----pid-2094
---ebpf-pid----2094----pid-1
---ebpf-pid----2094----pid-2094
---ebpf-pid----2094----pid-1
---ebpf-pid----2094----pid-2094
---ebpf-pid----2094----pid-1
---ebpf-pid----2094----pid-2094
---ebpf-pid----2094----pid-1
---ebpf-pid----2094----pid-2094
---ebpf-pid----2094----pid-1
---ebpf-pid----2094----pid-2094
---ebpf-pid----2094----pid-1
---ebpf-pid----2094----pid-2094
---ebpf-pid----2094----pid-1
---ebpf-pid----2094----pid-1
---ebpf-pid----2094----pid-2094
---ebpf-pid----5705----pid-5705
---ebpf-pid----2094----pid-1
---ebpf-pid----2094----pid-2094
---ebpf-pid----5705----pid-5476
---ebpf-pid----2094----pid-1
---ebpf-pid----5705----pid-1
---ebpf-pid----373029----pid-373029
---ebpf-pid----5705----pid-5705
---ebpf-pid----373029----pid-5476
---ebpf-pid----5705----pid-5476
---ebpf-pid----373029----pid-1
---ebpf-pid----5705----pid-1
---ebpf-pid----5705----pid-5705
---ebpf-pid----373029----pid-373029
---ebpf-pid----5705----pid-5476
---ebpf-pid----373029----pid-5476
---ebpf-pid----5705----pid-1
---ebpf-pid----373029----pid-1
---ebpf-pid----5705----pid-5705
---ebpf-pid----5705----pid-5705
---ebpf-pid----5705----pid-5476
---ebpf-pid----5705----pid-5476
---ebpf-pid----5705----pid-1
---ebpf-pid----5705----pid-5705
---ebpf-pid----5705----pid-5476
---ebpf-pid----5705----pid-1
---ebpf-pid----5707----pid-5707
---ebpf-pid----5707----pid-5476
---ebpf-pid----5705----pid-1
---ebpf-pid----379067----pid-379067
---ebpf-pid----5707----pid-1
---ebpf-pid----5707----pid-5707
---ebpf-pid----379067----pid-5476
---ebpf-pid----5707----pid-5476
---ebpf-pid----379067----pid-1
---ebpf-pid----379067----pid-379067
---ebpf-pid----5707----pid-1
---ebpf-pid----5707----pid-5707
---ebpf-pid----379067----pid-5476
---ebpf-pid----5707----pid-5476
---ebpf-pid----379067----pid-1
---ebpf-pid----379067----pid-379067
---ebpf-pid----5707----pid-1
---ebpf-pid----5705----pid-5705
---ebpf-pid----379067----pid-5476
---ebpf-pid----5705----pid-5476
---ebpf-pid----379067----pid-1
---ebpf-pid----5705----pid-1
---ebpf-pid----379067----pid-379067
---ebpf-pid----5707----pid-5707
---ebpf-pid----379067----pid-5476
---ebpf-pid----5707----pid-5476
---ebpf-pid----379067----pid-1
---ebpf-pid----5707----pid-1
---ebpf-pid----379067----pid-379067
---ebpf-pid----2094----pid-2094
---ebpf-pid----379067----pid-5476
---ebpf-pid----2094----pid-1
---ebpf-pid----14----pid-14
---ebpf-pid----379067----pid-1
---ebpf-pid----6671----pid-6671
---ebpf-pid----14----pid-2
---ebpf-pid----2094----pid-2094
---ebpf-pid----6671----pid-5476
---ebpf-pid----2094----pid-1
---ebpf-pid----2094----pid-2094
---ebpf-pid----6671----pid-1
---ebpf-pid----6671----pid-6671
---ebpf-pid----2094----pid-1
---ebpf-pid----2094----pid-2094
---ebpf-pid----6671----pid-5476
---ebpf-pid----2094----pid-1
---ebpf-pid----6671----pid-1
---ebpf-pid----2094----pid-2094
---ebpf-pid----379067----pid-379067
---ebpf-pid----2094----pid-1
---ebpf-pid----379067----pid-5476
---ebpf-pid----2094----pid-2094
---ebpf-pid----379067----pid-1
---ebpf-pid----2094----pid-1
---ebpf-pid----6671----pid-6671
---ebpf-pid----2094----pid-2094
---ebpf-pid----6671----pid-5476
---ebpf-pid----2094----pid-1
---ebpf-pid----2094----pid-2094
---ebpf-pid----6671----pid-1
---ebpf-pid----2094----pid-2094
---ebpf-pid----2094----pid-1
---ebpf-pid----2094----pid-2094
---ebpf-pid----2094----pid-1
---ebpf-pid----2094----pid-2094
---ebpf-pid----2094----pid-1
---ebpf-pid----448783----pid-448783
---ebpf-pid----2094----pid-1
---ebpf-pid----2094----pid-2094
---ebpf-pid----2094----pid-1
---ebpf-pid----2094----pid-2094
---ebpf-pid----2094----pid-1
---ebpf-pid----2094----pid-2094
---ebpf-pid----2094----pid-1
---ebpf-pid----2094----pid-2094
---ebpf-pid----2094----pid-1
---ebpf-pid----2094----pid-2094
---ebpf-pid----2094----pid-1
---ebpf-pid----2094----pid-2094
---ebpf-pid----2094----pid-1
---ebpf-pid----2094----pid-2094
---ebpf-pid----2094----pid-1
---ebpf-pid----2094----pid-2094
---ebpf-pid----2094----pid-1
---ebpf-pid----2094----pid-2094
---ebpf-pid----2094----pid-1
---ebpf-pid----2094----pid-2094
---ebpf-pid----2094----pid-1
---ebpf-pid----2094----pid-2094
---ebpf-pid----2094----pid-1
---ebpf-pid----2094----pid-2094
---ebpf-pid----2094----pid-1
---ebpf-pid----2094----pid-2094
---ebpf-pid----2094----pid-1
---ebpf-pid----5705----pid-5705
---ebpf-pid----5705----pid-5476
---ebpf-pid----5705----pid-1
---ebpf-pid----5705----pid-5705
---ebpf-pid----5705----pid-5476
---ebpf-pid----5705----pid-1
---ebpf-pid----5705----pid-5705
---ebpf-pid----5705----pid-5476
---ebpf-pid----5705----pid-1
---ebpf-pid----5705----pid-5705
---ebpf-pid----5705----pid-5476
---ebpf-pid----5705----pid-1
---ebpf-pid----5705----pid-5705
---ebpf-pid----5705----pid-5476
---ebpf-pid----5705----pid-1
---ebpf-pid----379067----pid-379067
---ebpf-pid----448783----pid-448520
---ebpf-pid----379067----pid-5476
---ebpf-pid----379067----pid-1
---ebpf-pid----448783----pid-1
---ebpf-pid----379067----pid-379067
---ebpf-pid----448783----pid-448783
---ebpf-pid----379067----pid-5476
---ebpf-pid----448783----pid-448520
---ebpf-pid----448783----pid-1
---ebpf-pid----379067----pid-1
---ebpf-pid----2089----pid-2089
---ebpf-pid----2089----pid-1
---ebpf-pid----2089----pid-2089
---ebpf-pid----2089----pid-1
---ebpf-pid----2089----pid-2089
---ebpf-pid----2089----pid-1
---ebpf-pid----2089----pid-2089
---ebpf-pid----2089----pid-1
---ebpf-pid----379067----pid-379067
---ebpf-pid----2089----pid-2089
---ebpf-pid----379067----pid-5476
---ebpf-pid----2089----pid-1
---ebpf-pid----2089----pid-2089
---ebpf-pid----379067----pid-1
---ebpf-pid----379067----pid-379067
---ebpf-pid----2089----pid-1
---ebpf-pid----2089----pid-2089
---ebpf-pid----379067----pid-5476
---ebpf-pid----2089----pid-1
---ebpf-pid----2089----pid-2089
---ebpf-pid----379067----pid-1
---ebpf-pid----379067----pid-379067
---ebpf-pid----379067----pid-5476
---ebpf-pid----379067----pid-1
---ebpf-pid----379067----pid-379067
---ebpf-pid----379067----pid-5476
---ebpf-pid----379067----pid-1
---ebpf-pid----379067----pid-379067
---ebpf-pid----379067----pid-5476
---ebpf-pid----379067----pid-1
---ebpf-pid----379067----pid-379067
---ebpf-pid----2089----pid-1
---ebpf-pid----5705----pid-5705
---ebpf-pid----5705----pid-5476
---ebpf-pid----5705----pid-1
---ebpf-pid----5705----pid-5705
---ebpf-pid----5705----pid-5476
---ebpf-pid----5705----pid-1
---ebpf-pid----5705----pid-5705
---ebpf-pid----379067----pid-5476
---ebpf-pid----5705----pid-5476
---ebpf-pid----379067----pid-1
---ebpf-pid----379067----pid-379067
---ebpf-pid----5705----pid-1
---ebpf-pid----5705----pid-5705
---ebpf-pid----379067----pid-5476
---ebpf-pid----5705----pid-5476
---ebpf-pid----379067----pid-1
---ebpf-pid----379067----pid-379067
---ebpf-pid----379067----pid-5476
---ebpf-pid----5705----pid-1
---ebpf-pid----379067----pid-379067
---ebpf-pid----379067----pid-1
---ebpf-pid----6671----pid-6671
---ebpf-pid----379067----pid-5476
---ebpf-pid----6671----pid-5476
---ebpf-pid----379067----pid-1
---ebpf-pid----379067----pid-379067
---ebpf-pid----6671----pid-1
---ebpf-pid----6671----pid-6671
---ebpf-pid----379067----pid-5476
---ebpf-pid----6671----pid-5476
---ebpf-pid----379067----pid-1
---ebpf-pid----379067----pid-379067
---ebpf-pid----6671----pid-1
---ebpf-pid----6671----pid-6671
---ebpf-pid----379067----pid-5476
---ebpf-pid----6671----pid-5476
---ebpf-pid----379067----pid-1
---ebpf-pid----379067----pid-379067
---ebpf-pid----6671----pid-1
---ebpf-pid----6671----pid-6671
---ebpf-pid----379067----pid-5476
---ebpf-pid----6671----pid-5476
---ebpf-pid----379067----pid-1
---ebpf-pid----5705----pid-5705
---ebpf-pid----6671----pid-1
---ebpf-pid----6671----pid-6671
---ebpf-pid----6671----pid-5476
---ebpf-pid----6671----pid-1
---ebpf-pid----6671----pid-6671
---ebpf-pid----6671----pid-5476
---ebpf-pid----6671----pid-1
---ebpf-pid----6671----pid-6671
---ebpf-pid----6671----pid-5476
---ebpf-pid----6671----pid-1
---ebpf-pid----6671----pid-6671
---ebpf-pid----6671----pid-5476
---ebpf-pid----6671----pid-1
---ebpf-pid----6671----pid-6671
---ebpf-pid----6671----pid-5476
---ebpf-pid----6671----pid-1
---ebpf-pid----6671----pid-6671
---ebpf-pid----6671----pid-5476
---ebpf-pid----6671----pid-1
---ebpf-pid----2089----pid-2089
---ebpf-pid----5705----pid-5476
---ebpf-pid----2089----pid-1
---ebpf-pid----5705----pid-1
---ebpf-pid----5705----pid-5705
---ebpf-pid----5705----pid-5476
---ebpf-pid----5705----pid-1
---ebpf-pid----373029----pid-373029
---ebpf-pid----373029----pid-5476
---ebpf-pid----373029----pid-1
---ebpf-pid----373029----pid-373029
---ebpf-pid----373029----pid-5476
---ebpf-pid----373029----pid-1
---ebpf-pid----373029----pid-373029
---ebpf-pid----373029----pid-5476
---ebpf-pid----373029----pid-1
---ebpf-pid----373029----pid-373029
---ebpf-pid----373029----pid-5476
---ebpf-pid----373029----pid-1
---ebpf-pid----6671----pid-6671
---ebpf-pid----6671----pid-5476
---ebpf-pid----6671----pid-1
---ebpf-pid----6671----pid-6671
---ebpf-pid----6671----pid-5476
---ebpf-pid----6671----pid-1
---ebpf-pid----6671----pid-6671
---ebpf-pid----6671----pid-5476
---ebpf-pid----6671----pid-1
---ebpf-pid----373029----pid-373029
---ebpf-pid----2089----pid-2089
---ebpf-pid----373029----pid-5476
---ebpf-pid----2089----pid-1
---ebpf-pid----5705----pid-5705
---ebpf-pid----373029----pid-1
---ebpf-pid----373029----pid-373029
---ebpf-pid----5705----pid-5476
---ebpf-pid----373029----pid-5476
---ebpf-pid----5705----pid-1
---ebpf-pid----5705----pid-5705
---ebpf-pid----5705----pid-5476
---ebpf-pid----5705----pid-1
---ebpf-pid----373029----pid-373029
---ebpf-pid----373029----pid-5476
---ebpf-pid----373029----pid-1
---ebpf-pid----373029----pid-373029
---ebpf-pid----373029----pid-5476
---ebpf-pid----373029----pid-1
---ebpf-pid----373029----pid-373029
---ebpf-pid----373029----pid-5476
---ebpf-pid----373029----pid-1
---ebpf-pid----373029----pid-373029
---ebpf-pid----373029----pid-5476
---ebpf-pid----373029----pid-1
---ebpf-pid----5705----pid-5705
---ebpf-pid----5705----pid-5476
---ebpf-pid----5705----pid-1
---ebpf-pid----5705----pid-5705
---ebpf-pid----373029----pid-1
---ebpf-pid----5705----pid-5476
---ebpf-pid----379067----pid-379067
---ebpf-pid----5705----pid-1
---ebpf-pid----379067----pid-5476
---ebpf-pid----5707----pid-5707
---ebpf-pid----379067----pid-1
---ebpf-pid----5707----pid-5476
---ebpf-pid----379067----pid-379067
---ebpf-pid----5707----pid-1
---ebpf-pid----379067----pid-5476
---ebpf-pid----5707----pid-5707
---ebpf-pid----5707----pid-5476
---ebpf-pid----379067----pid-1
---ebpf-pid----5705----pid-5705
---ebpf-pid----5705----pid-5476
---ebpf-pid----5705----pid-1
---ebpf-pid----5705----pid-5705
---ebpf-pid----5705----pid-5476
---ebpf-pid----5705----pid-1
---ebpf-pid----5705----pid-5705
---ebpf-pid----5705----pid-5476
---ebpf-pid----5705----pid-1
---ebpf-pid----6671----pid-6671
---ebpf-pid----6671----pid-5476
---ebpf-pid----5707----pid-1
---ebpf-pid----5707----pid-5707
---ebpf-pid----5707----pid-5476
---ebpf-pid----5707----pid-1
---ebpf-pid----373029----pid-373029
---ebpf-pid----6671----pid-1
---ebpf-pid----5703----pid-5703
---ebpf-pid----373029----pid-5476
---ebpf-pid----5703----pid-5476
---ebpf-pid----373029----pid-1
---ebpf-pid----373029----pid-373029
---ebpf-pid----5703----pid-1
---ebpf-pid----373029----pid-373029
---ebpf-pid----373029----pid-5476
---ebpf-pid----373029----pid-5476
---ebpf-pid----373029----pid-1
---ebpf-pid----373029----pid-1
---ebpf-pid----373029----pid-373029
---ebpf-pid----373029----pid-373029
---ebpf-pid----373029----pid-5476
---ebpf-pid----373029----pid-5476
---ebpf-pid----373029----pid-1
---ebpf-pid----373029----pid-1
---ebpf-pid----379067----pid-379067
---ebpf-pid----2094----pid-2094
---ebpf-pid----379067----pid-5476
---ebpf-pid----2094----pid-1
---ebpf-pid----2094----pid-2094
---ebpf-pid----379067----pid-1
---ebpf-pid----379067----pid-379067
---ebpf-pid----2094----pid-1
---ebpf-pid----2094----pid-2094
---ebpf-pid----379067----pid-5476
---ebpf-pid----2094----pid-1
---ebpf-pid----379067----pid-1
---ebpf-pid----2094----pid-2094
---ebpf-pid----373029----pid-373029
---ebpf-pid----2094----pid-1
---ebpf-pid----373029----pid-5476
---ebpf-pid----2094----pid-2094
---ebpf-pid----373029----pid-1
---ebpf-pid----2094----pid-1
---ebpf-pid----373029----pid-373029
---ebpf-pid----2094----pid-2094
---ebpf-pid----373029----pid-5476
---ebpf-pid----2094----pid-1
---ebpf-pid----2094----pid-2094
---ebpf-pid----373029----pid-1
---ebpf-pid----2088----pid-2088
---ebpf-pid----2094----pid-1
---ebpf-pid----2094----pid-2094
---ebpf-pid----2088----pid-1
---ebpf-pid----2088----pid-2088
---ebpf-pid----2094----pid-1
---ebpf-pid----2094----pid-2094
---ebpf-pid----2088----pid-1
---ebpf-pid----2088----pid-2088
---ebpf-pid----2094----pid-1
---ebpf-pid----373029----pid-373029
---ebpf-pid----2088----pid-1
---ebpf-pid----2088----pid-2088
---ebpf-pid----373029----pid-5476
---ebpf-pid----2088----pid-1
---ebpf-pid----373029----pid-1
---ebpf-pid----2088----pid-2088
---ebpf-pid----373029----pid-373029
---ebpf-pid----2088----pid-1
---ebpf-pid----373029----pid-5476
---ebpf-pid----373029----pid-1
---ebpf-pid----6671----pid-6671
---ebpf-pid----6671----pid-5476
---ebpf-pid----6671----pid-1
---ebpf-pid----6671----pid-6671
---ebpf-pid----6671----pid-5476
---ebpf-pid----6671----pid-1
---ebpf-pid----6671----pid-6671
---ebpf-pid----6671----pid-5476
---ebpf-pid----6671----pid-1
---ebpf-pid----6671----pid-6671
---ebpf-pid----6671----pid-5476
---ebpf-pid----6671----pid-1
---ebpf-pid----6671----pid-6671
---ebpf-pid----6671----pid-5476
---ebpf-pid----6671----pid-1
---ebpf-pid----6671----pid-6671
---ebpf-pid----2088----pid-2088
---ebpf-pid----2088----pid-1
---ebpf-pid----2094----pid-2094
---ebpf-pid----2094----pid-1
---ebpf-pid----2094----pid-2094
---ebpf-pid----2094----pid-1
---ebpf-pid----2094----pid-2094
---ebpf-pid----6671----pid-5476
---ebpf-pid----2094----pid-1
---ebpf-pid----2094----pid-2094
---ebpf-pid----6671----pid-1
---ebpf-pid----6671----pid-6671
---ebpf-pid----2094----pid-1
---ebpf-pid----2094----pid-2094
---ebpf-pid----6671----pid-5476
---ebpf-pid----6671----pid-1
---ebpf-pid----6671----pid-6671
---ebpf-pid----2094----pid-1
---ebpf-pid----2089----pid-2089
---ebpf-pid----6671----pid-5476
---ebpf-pid----2089----pid-1
---ebpf-pid----2089----pid-2089
---ebpf-pid----6671----pid-1
---ebpf-pid----2094----pid-2094
---ebpf-pid----2089----pid-1
---ebpf-pid----2089----pid-2089
---ebpf-pid----2094----pid-1
---ebpf-pid----2094----pid-2094
---ebpf-pid----2089----pid-1
---ebpf-pid----2089----pid-2089
---ebpf-pid----2094----pid-1
---ebpf-pid----2094----pid-2094
---ebpf-pid----2089----pid-1
---ebpf-pid----2089----pid-2089
---ebpf-pid----2094----pid-1
---ebpf-pid----2094----pid-2094
---ebpf-pid----2089----pid-1
---ebpf-pid----2094----pid-1
---ebpf-pid----2089----pid-2089
---ebpf-pid----2094----pid-2094
---ebpf-pid----2089----pid-1
---ebpf-pid----2094----pid-1
---ebpf-pid----2089----pid-2089
---ebpf-pid----2094----pid-2094
---ebpf-pid----2089----pid-1
---ebpf-pid----2094----pid-1
---ebpf-pid----2089----pid-2089
---ebpf-pid----2094----pid-2094
---ebpf-pid----2089----pid-1
---ebpf-pid----2094----pid-1
---ebpf-pid----2089----pid-2089
---ebpf-pid----2094----pid-2094
---ebpf-pid----2089----pid-1
---ebpf-pid----2094----pid-1
---ebpf-pid----2089----pid-2089
---ebpf-pid----2094----pid-2094
---ebpf-pid----2089----pid-1
---ebpf-pid----2094----pid-1
---ebpf-pid----2089----pid-2089
---ebpf-pid----2094----pid-2094
---ebpf-pid----2089----pid-1
---ebpf-pid----2094----pid-1
---ebpf-pid----2089----pid-2089
---ebpf-pid----373029----pid-373029
---ebpf-pid----2089----pid-1
---ebpf-pid----373029----pid-5476
---ebpf-pid----2089----pid-2089
---ebpf-pid----373029----pid-1
---ebpf-pid----2089----pid-1
---ebpf-pid----373029----pid-373029
---ebpf-pid----2089----pid-2089
---ebpf-pid----373029----pid-5476
---ebpf-pid----2089----pid-1
---ebpf-pid----2089----pid-2089
---ebpf-pid----373029----pid-1
---ebpf-pid----2088----pid-2088
---ebpf-pid----2089----pid-1
---ebpf-pid----2089----pid-2089
---ebpf-pid----2088----pid-1
---ebpf-pid----2088----pid-2088
---ebpf-pid----2089----pid-1
---ebpf-pid----2089----pid-2089
---ebpf-pid----2088----pid-1
---ebpf-pid----2088----pid-2088
---ebpf-pid----2089----pid-1
---ebpf-pid----2089----pid-2089
---ebpf-pid----2088----pid-1
---ebpf-pid----2088----pid-2088
---ebpf-pid----2089----pid-1
---ebpf-pid----2089----pid-2089
---ebpf-pid----2088----pid-1
---ebpf-pid----2088----pid-2088
---ebpf-pid----2089----pid-1
---ebpf-pid----2089----pid-2089
---ebpf-pid----2089----pid-1
---ebpf-pid----5707----pid-5707
---ebpf-pid----5707----pid-5476
---ebpf-pid----5707----pid-1
---ebpf-pid----5707----pid-5707
---ebpf-pid----5707----pid-5476
---ebpf-pid----5707----pid-1
---ebpf-pid----5707----pid-5707
---ebpf-pid----5707----pid-5476
---ebpf-pid----2088----pid-1
---ebpf-pid----2088----pid-2088
---ebpf-pid----5707----pid-1
---ebpf-pid----5707----pid-5707
---ebpf-pid----2088----pid-1
---ebpf-pid----2088----pid-2088
---ebpf-pid----5707----pid-5476
---ebpf-pid----2088----pid-1
---ebpf-pid----5707----pid-1
---ebpf-pid----373029----pid-373029
---ebpf-pid----5707----pid-5707
---ebpf-pid----373029----pid-5476
---ebpf-pid----5707----pid-5476
---ebpf-pid----373029----pid-1
---ebpf-pid----5707----pid-1
---ebpf-pid----373029----pid-373029
---ebpf-pid----5707----pid-5707
---ebpf-pid----373029----pid-5476
---ebpf-pid----5707----pid-5476
---ebpf-pid----373029----pid-1
---ebpf-pid----5707----pid-1
---ebpf-pid----373029----pid-373029
---ebpf-pid----5707----pid-5707
---ebpf-pid----5707----pid-5476
---ebpf-pid----373029----pid-5476
---ebpf-pid----5707----pid-1
---ebpf-pid----373029----pid-1
---ebpf-pid----5707----pid-5707
---ebpf-pid----373029----pid-373029
---ebpf-pid----5707----pid-5476
---ebpf-pid----373029----pid-5476
---ebpf-pid----373029----pid-1
---ebpf-pid----5707----pid-1
---ebpf-pid----373029----pid-373029
---ebpf-pid----5707----pid-5707
---ebpf-pid----373029----pid-5476
---ebpf-pid----5707----pid-5476
---ebpf-pid----5707----pid-1
---ebpf-pid----5707----pid-5707
---ebpf-pid----5707----pid-5476
---ebpf-pid----5707----pid-1
---ebpf-pid----5707----pid-5707
---ebpf-pid----5707----pid-5476
---ebpf-pid----5707----pid-1
---ebpf-pid----5707----pid-5707
---ebpf-pid----5707----pid-5476
---ebpf-pid----5707----pid-1
---ebpf-pid----5707----pid-5707
---ebpf-pid----5707----pid-5476
---ebpf-pid----5707----pid-1
---ebpf-pid----5707----pid-5707
---ebpf-pid----5707----pid-5476
---ebpf-pid----5707----pid-1
---ebpf-pid----5707----pid-5707
---ebpf-pid----5707----pid-5476
---ebpf-pid----5707----pid-1
---ebpf-pid----5707----pid-5707
---ebpf-pid----5707----pid-5476
---ebpf-pid----5707----pid-1
---ebpf-pid----5707----pid-5707
---ebpf-pid----5707----pid-5476
---ebpf-pid----5707----pid-1
---ebpf-pid----5707----pid-5707
---ebpf-pid----5707----pid-5476
---ebpf-pid----373029----pid-1
---ebpf-pid----373029----pid-373029
---ebpf-pid----373029----pid-5476
---ebpf-pid----373029----pid-1
---ebpf-pid----373029----pid-373029
---ebpf-pid----5707----pid-1
---ebpf-pid----5707----pid-5707
---ebpf-pid----5707----pid-5476
---ebpf-pid----5707----pid-1
---ebpf-pid----5707----pid-5707
---ebpf-pid----373029----pid-5476
---ebpf-pid----373029----pid-1
---ebpf-pid----5707----pid-5476
---ebpf-pid----373029----pid-373029
---ebpf-pid----373029----pid-5476
---ebpf-pid----373029----pid-1
---ebpf-pid----5707----pid-1
---ebpf-pid----373029----pid-373029
---ebpf-pid----5707----pid-5707
---ebpf-pid----373029----pid-5476
---ebpf-pid----5707----pid-5476
---ebpf-pid----373029----pid-1
---ebpf-pid----5707----pid-1
---ebpf-pid----2088----pid-2088
---ebpf-pid----5707----pid-5707
---ebpf-pid----5707----pid-5476
---ebpf-pid----2088----pid-1
---ebpf-pid----2088----pid-2088
---ebpf-pid----5707----pid-1
---ebpf-pid----2088----pid-1
---ebpf-pid----5707----pid-5707
---ebpf-pid----2088----pid-2088
---ebpf-pid----5707----pid-5476
---ebpf-pid----2088----pid-1
---ebpf-pid----2088----pid-2088
---ebpf-pid----5707----pid-1
---ebpf-pid----5707----pid-5707
---ebpf-pid----2088----pid-1
---ebpf-pid----2088----pid-2088
---ebpf-pid----5707----pid-5476
---ebpf-pid----2088----pid-1
---ebpf-pid----5707----pid-1
---ebpf-pid----2088----pid-2088
---ebpf-pid----5707----pid-5707
---ebpf-pid----2088----pid-1
---ebpf-pid----5707----pid-5476
---ebpf-pid----2088----pid-2088
---ebpf-pid----5707----pid-1
---ebpf-pid----2088----pid-1
---ebpf-pid----5707----pid-5707
---ebpf-pid----2088----pid-2088
---ebpf-pid----5707----pid-5476
---ebpf-pid----2088----pid-1
---ebpf-pid----2088----pid-2088
---ebpf-pid----5707----pid-1
---ebpf-pid----2088----pid-1
---ebpf-pid----5705----pid-5705
---ebpf-pid----5705----pid-5476
---ebpf-pid----5705----pid-1
---ebpf-pid----5705----pid-5705
---ebpf-pid----5705----pid-5476
---ebpf-pid----5705----pid-1
---ebpf-pid----5705----pid-5705
---ebpf-pid----5705----pid-5476
---ebpf-pid----5705----pid-1
---ebpf-pid----5705----pid-5705
---ebpf-pid----5707----pid-5707
---ebpf-pid----5705----pid-5476
---ebpf-pid----5707----pid-5476
---ebpf-pid----5705----pid-1
---ebpf-pid----5705----pid-5705
---ebpf-pid----5707----pid-1
---ebpf-pid----5707----pid-5707
---ebpf-pid----5705----pid-5476
---ebpf-pid----5707----pid-5476
---ebpf-pid----5705----pid-1
---ebpf-pid----5705----pid-5705
---ebpf-pid----5707----pid-1
---ebpf-pid----5707----pid-5707
---ebpf-pid----5705----pid-5476
---ebpf-pid----5707----pid-5476
---ebpf-pid----5705----pid-1
---ebpf-pid----5707----pid-1
---ebpf-pid----5707----pid-5707
---ebpf-pid----5707----pid-5476
---ebpf-pid----5707----pid-1
---ebpf-pid----5707----pid-5707
---ebpf-pid----5707----pid-5476
---ebpf-pid----5707----pid-1
---ebpf-pid----5707----pid-5707
---ebpf-pid----5707----pid-5476
---ebpf-pid----5707----pid-1
---ebpf-pid----5707----pid-5707
---ebpf-pid----5707----pid-5476
---ebpf-pid----5707----pid-1
---ebpf-pid----5707----pid-5707
---ebpf-pid----5707----pid-5476
---ebpf-pid----5707----pid-1
---ebpf-pid----5707----pid-5707
---ebpf-pid----5707----pid-5476
---ebpf-pid----5705----pid-5705
---ebpf-pid----5705----pid-5476
---ebpf-pid----5705----pid-1
---ebpf-pid----5705----pid-5705
---ebpf-pid----5705----pid-5476
---ebpf-pid----5705----pid-1
---ebpf-pid----5705----pid-5705
---ebpf-pid----5705----pid-5476
---ebpf-pid----5705----pid-1
---ebpf-pid----2089----pid-2089
---ebpf-pid----5707----pid-1
---ebpf-pid----5707----pid-5707
---ebpf-pid----5707----pid-5476
---ebpf-pid----5707----pid-1
---ebpf-pid----5707----pid-5707
---ebpf-pid----5707----pid-5476
---ebpf-pid----5707----pid-1
---ebpf-pid----5707----pid-5707
---ebpf-pid----5707----pid-5476
---ebpf-pid----5707----pid-1
---ebpf-pid----5707----pid-5707
---ebpf-pid----2089----pid-1
---ebpf-pid----2089----pid-2089
---ebpf-pid----2089----pid-1
---ebpf-pid----2089----pid-2089
---ebpf-pid----2089----pid-1
---ebpf-pid----2089----pid-2089
---ebpf-pid----2089----pid-1
---ebpf-pid----5707----pid-5476
---ebpf-pid----2089----pid-2089
---ebpf-pid----5707----pid-1
---ebpf-pid----2089----pid-1
---ebpf-pid----5707----pid-5707
---ebpf-pid----2089----pid-2089
---ebpf-pid----5707----pid-5476
---ebpf-pid----2089----pid-1
---ebpf-pid----2089----pid-2089
---ebpf-pid----5707----pid-1
---ebpf-pid----2088----pid-2088
---ebpf-pid----2089----pid-1
---ebpf-pid----2089----pid-2089
---ebpf-pid----2088----pid-1
---ebpf-pid----2088----pid-2088
---ebpf-pid----2089----pid-1
---ebpf-pid----2089----pid-2089
---ebpf-pid----2088----pid-1
---ebpf-pid----2088----pid-2088
---ebpf-pid----2089----pid-1
---ebpf-pid----2029----pid-2029
---ebpf-pid----2088----pid-1
---ebpf-pid----2088----pid-2088
---ebpf-pid----2029----pid-1
---ebpf-pid----2029----pid-2029
---ebpf-pid----2088----pid-1
---ebpf-pid----2088----pid-2088
---ebpf-pid----2029----pid-1
---ebpf-pid----2029----pid-2029
---ebpf-pid----2088----pid-1
---ebpf-pid----2088----pid-2088
---ebpf-pid----2029----pid-1
---ebpf-pid----2029----pid-2029
---ebpf-pid----2088----pid-1
---ebpf-pid----2088----pid-2088
---ebpf-pid----2029----pid-1
---ebpf-pid----2029----pid-2029
---ebpf-pid----2088----pid-1
---ebpf-pid----2088----pid-2088
---ebpf-pid----2029----pid-1
---ebpf-pid----2029----pid-2029
---ebpf-pid----2088----pid-1
---ebpf-pid----2088----pid-2088
---ebpf-pid----2029----pid-1
---ebpf-pid----2029----pid-2029
---ebpf-pid----2088----pid-1
---ebpf-pid----2088----pid-2088
---ebpf-pid----2029----pid-1
---ebpf-pid----2029----pid-2029
---ebpf-pid----2088----pid-1
---ebpf-pid----2088----pid-2088
---ebpf-pid----2029----pid-1
---ebpf-pid----2029----pid-2029
---ebpf-pid----2088----pid-1
---ebpf-pid----2088----pid-2088
---ebpf-pid----2029----pid-1
---ebpf-pid----2088----pid-2088
---ebpf-pid----2088----pid-1
---ebpf-pid----2088----pid-2088
---ebpf-pid----2088----pid-1
---ebpf-pid----2088----pid-2088
---ebpf-pid----2088----pid-1
---ebpf-pid----2088----pid-2088
---ebpf-pid----2088----pid-1
---ebpf-pid----2088----pid-2088
---ebpf-pid----2088----pid-1
---ebpf-pid----2088----pid-2088
---ebpf-pid----2088----pid-1
---ebpf-pid----2088----pid-2088
---ebpf-pid----2088----pid-1
---ebpf-pid----2088----pid-2088
---ebpf-pid----2088----pid-1
---ebpf-pid----2088----pid-2088
---ebpf-pid----2088----pid-1
---ebpf-pid----2088----pid-2088
---ebpf-pid----2088----pid-1
---ebpf-pid----2088----pid-2088
---ebpf-pid----2088----pid-1
---ebpf-pid----2088----pid-2088
---ebpf-pid----2088----pid-1
---ebpf-pid----2088----pid-2088
---ebpf-pid----2088----pid-1
---ebpf-pid----2088----pid-2088
---ebpf-pid----2088----pid-1
---ebpf-pid----2088----pid-2088
---ebpf-pid----2088----pid-1
---ebpf-pid----2088----pid-2088
---ebpf-pid----2088----pid-1
---ebpf-pid----2088----pid-2088
---ebpf-pid----2088----pid-1
---ebpf-pid----2089----pid-2089
---ebpf-pid----2089----pid-1
---ebpf-pid----2089----pid-2089
---ebpf-pid----2089----pid-1
---ebpf-pid----2089----pid-2089
---ebpf-pid----2088----pid-1
---ebpf-pid----2088----pid-2088
---ebpf-pid----2089----pid-1
---ebpf-pid----2089----pid-2089
---ebpf-pid----2088----pid-1
---ebpf-pid----2088----pid-2088
---ebpf-pid----2089----pid-1
---ebpf-pid----2089----pid-2089
---ebpf-pid----2088----pid-1
---ebpf-pid----2088----pid-2088
---ebpf-pid----2089----pid-1
---ebpf-pid----2089----pid-2089
---ebpf-pid----2088----pid-1
---ebpf-pid----2088----pid-2088
---ebpf-pid----2089----pid-1
---ebpf-pid----2089----pid-2089
---ebpf-pid----2088----pid-1
---ebpf-pid----2088----pid-2088
---ebpf-pid----2089----pid-1
---ebpf-pid----2089----pid-2089
---ebpf-pid----2088----pid-1
---ebpf-pid----2088----pid-2088
---ebpf-pid----2089----pid-1
---ebpf-pid----2089----pid-2089
---ebpf-pid----2088----pid-1
---ebpf-pid----2088----pid-2088
---ebpf-pid----2089----pid-1
---ebpf-pid----2029----pid-2029
---ebpf-pid----2088----pid-1
---ebpf-pid----2088----pid-2088
---ebpf-pid----2029----pid-1
---ebpf-pid----2029----pid-2029
---ebpf-pid----2088----pid-1
---ebpf-pid----2088----pid-2088
---ebpf-pid----2029----pid-1
---ebpf-pid----2089----pid-2089
---ebpf-pid----2088----pid-1
---ebpf-pid----2088----pid-2088
---ebpf-pid----2089----pid-1
---ebpf-pid----2089----pid-2089
---ebpf-pid----2088----pid-1
---ebpf-pid----2029----pid-2029
---ebpf-pid----2089----pid-1
---ebpf-pid----2029----pid-1
---ebpf-pid----2029----pid-2029
---ebpf-pid----2029----pid-1
---ebpf-pid----2029----pid-2029
---ebpf-pid----2029----pid-1
---ebpf-pid----2029----pid-2029
---ebpf-pid----2029----pid-1
---ebpf-pid----2029----pid-2029
---ebpf-pid----2029----pid-1
---ebpf-pid----2029----pid-2029
---ebpf-pid----2029----pid-1
---ebpf-pid----2029----pid-2029
---ebpf-pid----2029----pid-1
---ebpf-pid----2029----pid-2029
---ebpf-pid----2029----pid-1
---ebpf-pid----2029----pid-2029
---ebpf-pid----2089----pid-2089
---ebpf-pid----2089----pid-1
---ebpf-pid----2089----pid-2089
---ebpf-pid----2089----pid-1
---ebpf-pid----2089----pid-2089
---ebpf-pid----2089----pid-1
---ebpf-pid----2089----pid-2089
---ebpf-pid----2089----pid-1
---ebpf-pid----2089----pid-2089
---ebpf-pid----2089----pid-1
---ebpf-pid----5707----pid-5707
---ebpf-pid----5707----pid-5476
---ebpf-pid----5707----pid-1
---ebpf-pid----5707----pid-5707
---ebpf-pid----5707----pid-5476
---ebpf-pid----5707----pid-1
---ebpf-pid----5707----pid-5707
---ebpf-pid----5707----pid-5476
---ebpf-pid----5707----pid-1
---ebpf-pid----5707----pid-5707
---ebpf-pid----5707----pid-5476
---ebpf-pid----5707----pid-1
---ebpf-pid----5707----pid-5707
---ebpf-pid----5707----pid-5476
---ebpf-pid----5707----pid-1
---ebpf-pid----5707----pid-5707
---ebpf-pid----5707----pid-5476
---ebpf-pid----2029----pid-1
---ebpf-pid----2029----pid-2029
---ebpf-pid----2029----pid-1
---ebpf-pid----6671----pid-6671
---ebpf-pid----6671----pid-5476
---ebpf-pid----6671----pid-1
---ebpf-pid----6671----pid-6671
---ebpf-pid----6671----pid-5476
---ebpf-pid----5707----pid-1
---ebpf-pid----5707----pid-5707
---ebpf-pid----5707----pid-5476
---ebpf-pid----5707----pid-1
---ebpf-pid----5707----pid-5707
---ebpf-pid----5707----pid-5476
---ebpf-pid----5707----pid-1
---ebpf-pid----5707----pid-5707
---ebpf-pid----5707----pid-5476
---ebpf-pid----5707----pid-1
---ebpf-pid----5707----pid-5707
---ebpf-pid----5707----pid-5476
---ebpf-pid----6671----pid-1
---ebpf-pid----5707----pid-1
---ebpf-pid----6671----pid-6671
---ebpf-pid----5707----pid-5707
---ebpf-pid----6671----pid-5476
---ebpf-pid----5707----pid-5476
---ebpf-pid----6671----pid-1
---ebpf-pid----5707----pid-1
---ebpf-pid----6671----pid-6671
---ebpf-pid----5707----pid-5707
---ebpf-pid----6671----pid-5476
---ebpf-pid----5707----pid-5476
---ebpf-pid----5707----pid-1
---ebpf-pid----6671----pid-1
---ebpf-pid----5707----pid-5707
---ebpf-pid----6671----pid-6671
---ebpf-pid----5707----pid-5476
---ebpf-pid----6671----pid-5476
---ebpf-pid----5707----pid-1
---ebpf-pid----6671----pid-1
---ebpf-pid----5707----pid-5707
---ebpf-pid----6671----pid-6671
---ebpf-pid----5707----pid-5476
---ebpf-pid----6671----pid-5476
---ebpf-pid----5707----pid-1
---ebpf-pid----6671----pid-1
---ebpf-pid----5707----pid-5707
---ebpf-pid----6671----pid-6671
---ebpf-pid----5707----pid-5476
---ebpf-pid----6671----pid-5476
---ebpf-pid----5707----pid-1
---ebpf-pid----6671----pid-1
---ebpf-pid----5707----pid-5707
---ebpf-pid----6671----pid-6671
---ebpf-pid----5707----pid-5476
---ebpf-pid----6671----pid-5476
---ebpf-pid----5707----pid-1
---ebpf-pid----6671----pid-1
---ebpf-pid----5707----pid-5707
---ebpf-pid----6671----pid-6671
---ebpf-pid----6671----pid-5476
---ebpf-pid----6671----pid-1
---ebpf-pid----6671----pid-6671
---ebpf-pid----6671----pid-5476
---ebpf-pid----6671----pid-1
---ebpf-pid----5705----pid-5705
---ebpf-pid----5705----pid-5476
---ebpf-pid----5705----pid-1
---ebpf-pid----5705----pid-5705
---ebpf-pid----5705----pid-5476
---ebpf-pid----5707----pid-5476
---ebpf-pid----5705----pid-1
---ebpf-pid----5707----pid-1
---ebpf-pid----5705----pid-5705
---ebpf-pid----5707----pid-5707
---ebpf-pid----5705----pid-5476
---ebpf-pid----5707----pid-5476
---ebpf-pid----5707----pid-1
---ebpf-pid----5705----pid-1
---ebpf-pid----5707----pid-5707
---ebpf-pid----5705----pid-5705
---ebpf-pid----5705----pid-5476
---ebpf-pid----5707----pid-5476
---ebpf-pid----5705----pid-1
---ebpf-pid----5707----pid-1
---ebpf-pid----5705----pid-5705
---ebpf-pid----5707----pid-5707
---ebpf-pid----5705----pid-5476
---ebpf-pid----5707----pid-5476
---ebpf-pid----5705----pid-1
---ebpf-pid----5707----pid-1
---ebpf-pid----5705----pid-5705
---ebpf-pid----5707----pid-5707
---ebpf-pid----5705----pid-5476
---ebpf-pid----5707----pid-5476
---ebpf-pid----5705----pid-1
---ebpf-pid----5707----pid-1
---ebpf-pid----5705----pid-5705
---ebpf-pid----5707----pid-5707
---ebpf-pid----5705----pid-5476
---ebpf-pid----5707----pid-5476
---ebpf-pid----5707----pid-1
---ebpf-pid----5705----pid-1
---ebpf-pid----5705----pid-5705
---ebpf-pid----5707----pid-5707
---ebpf-pid----5705----pid-5476
---ebpf-pid----5707----pid-5476
---ebpf-pid----5705----pid-1
---ebpf-pid----5707----pid-1
---ebpf-pid----5705----pid-5705
---ebpf-pid----6365----pid-6365
---ebpf-pid----5705----pid-5476
---ebpf-pid----6365----pid-5980
---ebpf-pid----5705----pid-1
---ebpf-pid----5705----pid-5705
---ebpf-pid----6365----pid-1
---ebpf-pid----6365----pid-6365
---ebpf-pid----5705----pid-5476
---ebpf-pid----6365----pid-5980
---ebpf-pid----5705----pid-1
---ebpf-pid----5707----pid-5707
---ebpf-pid----6365----pid-1
---ebpf-pid----6365----pid-6365
---ebpf-pid----5707----pid-5476
---ebpf-pid----6365----pid-5980
---ebpf-pid----5707----pid-1
---ebpf-pid----5707----pid-5707
---ebpf-pid----6365----pid-1
---ebpf-pid----6365----pid-6365
---ebpf-pid----6365----pid-5980
---ebpf-pid----6365----pid-1
---ebpf-pid----5707----pid-5707
---ebpf-pid----5707----pid-5476
---ebpf-pid----5707----pid-1
---ebpf-pid----5707----pid-5707
---ebpf-pid----5707----pid-5476
---ebpf-pid----5707----pid-1
---ebpf-pid----5707----pid-5707
---ebpf-pid----5707----pid-5476
---ebpf-pid----5707----pid-1
---ebpf-pid----5707----pid-5707
---ebpf-pid----5707----pid-5476
---ebpf-pid----5707----pid-1
---ebpf-pid----5707----pid-5707
---ebpf-pid----5707----pid-5476
---ebpf-pid----5707----pid-1
---ebpf-pid----5707----pid-5707
---ebpf-pid----5707----pid-5476
---ebpf-pid----5707----pid-1
---ebpf-pid----5707----pid-5707
---ebpf-pid----5707----pid-5476
---ebpf-pid----5707----pid-1
---ebpf-pid----5707----pid-5707
---ebpf-pid----5707----pid-5476
---ebpf-pid----5707----pid-1
---ebpf-pid----5707----pid-5707
---ebpf-pid----5707----pid-5476
---ebpf-pid----5707----pid-1
---ebpf-pid----5707----pid-5707
---ebpf-pid----5707----pid-5476
---ebpf-pid----5707----pid-1
---ebpf-pid----5707----pid-5707
---ebpf-pid----5707----pid-5476
---ebpf-pid----5707----pid-5476
---ebpf-pid----5707----pid-1
---ebpf-pid----5707----pid-1
---ebpf-pid----5707----pid-5707
---ebpf-pid----5707----pid-5707
---ebpf-pid----5707----pid-5476
---ebpf-pid----5707----pid-1
---ebpf-pid----5707----pid-5707
---ebpf-pid----5707----pid-5476
---ebpf-pid----5707----pid-1
---ebpf-pid----5707----pid-5707
---ebpf-pid----5707----pid-5476
---ebpf-pid----5707----pid-1
---ebpf-pid----5707----pid-5707
---ebpf-pid----5707----pid-5476
---ebpf-pid----5707----pid-1
---ebpf-pid----5707----pid-5707
---ebpf-pid----5707----pid-5476
---ebpf-pid----5707----pid-1
---ebpf-pid----5707----pid-5707
---ebpf-pid----5707----pid-5476
---ebpf-pid----5707----pid-1
---ebpf-pid----5707----pid-5707
---ebpf-pid----5707----pid-5476
---ebpf-pid----5707----pid-5476
---ebpf-pid----5707----pid-1
---ebpf-pid----5707----pid-5707
---ebpf-pid----5707----pid-1
---ebpf-pid----5707----pid-5707
---ebpf-pid----5707----pid-5476
---ebpf-pid----5707----pid-5476
---ebpf-pid----5707----pid-1
---ebpf-pid----5707----pid-1
---ebpf-pid----2089----pid-2089
---ebpf-pid----5707----pid-5707
---ebpf-pid----2089----pid-1
---ebpf-pid----5707----pid-5476
---ebpf-pid----2089----pid-2089
---ebpf-pid----5707----pid-1
---ebpf-pid----2089----pid-1
---ebpf-pid----5707----pid-5707
---ebpf-pid----2089----pid-2089
---ebpf-pid----5707----pid-5476
---ebpf-pid----2089----pid-1
---ebpf-pid----2089----pid-2089
---ebpf-pid----5707----pid-1
---ebpf-pid----5707----pid-5707
---ebpf-pid----2089----pid-1
---ebpf-pid----2089----pid-2089
---ebpf-pid----5707----pid-5476
---ebpf-pid----2089----pid-1
---ebpf-pid----5707----pid-1
---ebpf-pid----2089----pid-2089
---ebpf-pid----5707----pid-5707
---ebpf-pid----2089----pid-1
---ebpf-pid----5707----pid-5476
---ebpf-pid----2089----pid-2089
---ebpf-pid----2089----pid-1
---ebpf-pid----5707----pid-1
---ebpf-pid----5707----pid-5707
---ebpf-pid----5707----pid-5476
---ebpf-pid----5707----pid-1
---ebpf-pid----5705----pid-5705
---ebpf-pid----5705----pid-5476
---ebpf-pid----5705----pid-1
---ebpf-pid----5705----pid-5705
---ebpf-pid----5705----pid-5476
---ebpf-pid----5705----pid-1
---ebpf-pid----5707----pid-5707
---ebpf-pid----5707----pid-5476
---ebpf-pid----2089----pid-2089
---ebpf-pid----5707----pid-1
---ebpf-pid----2089----pid-1
---ebpf-pid----5707----pid-5707
---ebpf-pid----2089----pid-2089
---ebpf-pid----5707----pid-5476
---ebpf-pid----5707----pid-1
---ebpf-pid----5707----pid-5707
---ebpf-pid----5707----pid-5476
---ebpf-pid----5707----pid-1
---ebpf-pid----5707----pid-5707
---ebpf-pid----5707----pid-5476
---ebpf-pid----5707----pid-1
---ebpf-pid----5707----pid-5707
---ebpf-pid----5707----pid-5476
---ebpf-pid----5707----pid-1
---ebpf-pid----2089----pid-1
---ebpf-pid----5707----pid-5707
---ebpf-pid----2089----pid-2089
---ebpf-pid----5707----pid-5476
---ebpf-pid----2089----pid-1
---ebpf-pid----2089----pid-2089
---ebpf-pid----2089----pid-1
---ebpf-pid----2089----pid-2089
---ebpf-pid----2089----pid-1
---ebpf-pid----2089----pid-2089
---ebpf-pid----2089----pid-1
---ebpf-pid----2089----pid-2089
---ebpf-pid----2089----pid-1
---ebpf-pid----2089----pid-2089
---ebpf-pid----2089----pid-1
---ebpf-pid----2089----pid-2089
---ebpf-pid----2089----pid-1
---ebpf-pid----2089----pid-2089
---ebpf-pid----2089----pid-1
---ebpf-pid----2089----pid-2089
---ebpf-pid----2089----pid-1
---ebpf-pid----2088----pid-2088
---ebpf-pid----2088----pid-1
---ebpf-pid----2088----pid-2088
---ebpf-pid----2088----pid-1
---ebpf-pid----2088----pid-2088
---ebpf-pid----2088----pid-1
---ebpf-pid----2088----pid-2088
---ebpf-pid----2088----pid-1
---ebpf-pid----2088----pid-2088
---ebpf-pid----2088----pid-1
---ebpf-pid----2088----pid-2088
---ebpf-pid----2088----pid-1
---ebpf-pid----2088----pid-2088
---ebpf-pid----2088----pid-1
---ebpf-pid----2088----pid-2088
---ebpf-pid----2088----pid-1
---ebpf-pid----6671----pid-6671
---ebpf-pid----6671----pid-5476
---ebpf-pid----5707----pid-1
---ebpf-pid----5707----pid-5707
---ebpf-pid----6671----pid-1
---ebpf-pid----2029----pid-2029
---ebpf-pid----5707----pid-5476
---ebpf-pid----5707----pid-1
---ebpf-pid----5707----pid-5707
---ebpf-pid----5707----pid-5476
---ebpf-pid----5707----pid-1
---ebpf-pid----2088----pid-2088
---ebpf-pid----2029----pid-1
---ebpf-pid----2088----pid-1
---ebpf-pid----2088----pid-2088
---ebpf-pid----2029----pid-2029
---ebpf-pid----2088----pid-1
---ebpf-pid----2029----pid-1
---ebpf-pid----2088----pid-2088
---ebpf-pid----2029----pid-2029
---ebpf-pid----2088----pid-1
---ebpf-pid----2029----pid-1
---ebpf-pid----2088----pid-2088
---ebpf-pid----2029----pid-2029
---ebpf-pid----2088----pid-1
---ebpf-pid----2029----pid-1
---ebpf-pid----2088----pid-2088
---ebpf-pid----2029----pid-2029
---ebpf-pid----2088----pid-1
---ebpf-pid----2029----pid-1
---ebpf-pid----2029----pid-2029
---ebpf-pid----2029----pid-1
---ebpf-pid----2029----pid-2029
---ebpf-pid----2029----pid-1
---ebpf-pid----2029----pid-2029
---ebpf-pid----2029----pid-1
---ebpf-pid----2029----pid-2029
---ebpf-pid----2029----pid-1
---ebpf-pid----2029----pid-2029
---ebpf-pid----2029----pid-1
---ebpf-pid----2029----pid-2029
---ebpf-pid----2029----pid-1
---ebpf-pid----2088----pid-2088
---ebpf-pid----2029----pid-2029
---ebpf-pid----2088----pid-1
---ebpf-pid----2029----pid-1
---ebpf-pid----2088----pid-2088
---ebpf-pid----2029----pid-2029
---ebpf-pid----2088----pid-1
---ebpf-pid----2029----pid-1
---ebpf-pid----2088----pid-2088
---ebpf-pid----2029----pid-2029
---ebpf-pid----2088----pid-1
---ebpf-pid----2088----pid-2088
---ebpf-pid----2029----pid-1
---ebpf-pid----2029----pid-2029
---ebpf-pid----2088----pid-1
---ebpf-pid----2088----pid-2088
---ebpf-pid----2029----pid-1
---ebpf-pid----2029----pid-2029
---ebpf-pid----2088----pid-1
---ebpf-pid----2088----pid-2088
---ebpf-pid----2029----pid-1
---ebpf-pid----2029----pid-2029
---ebpf-pid----2088----pid-1
---ebpf-pid----2088----pid-2088
---ebpf-pid----2029----pid-1
---ebpf-pid----2029----pid-2029
---ebpf-pid----2088----pid-1
---ebpf-pid----2088----pid-2088
---ebpf-pid----2029----pid-1
---ebpf-pid----5707----pid-5707
---ebpf-pid----2088----pid-1
---ebpf-pid----2088----pid-2088
---ebpf-pid----5707----pid-5476
---ebpf-pid----2088----pid-1
---ebpf-pid----5707----pid-1
---ebpf-pid----2088----pid-2088
---ebpf-pid----373029----pid-373029
---ebpf-pid----2088----pid-1
---ebpf-pid----2088----pid-2088
---ebpf-pid----2088----pid-1
---ebpf-pid----2088----pid-2088
---ebpf-pid----2088----pid-1
---ebpf-pid----2088----pid-2088
---ebpf-pid----2088----pid-1
---ebpf-pid----2088----pid-2088
---ebpf-pid----2088----pid-1
---ebpf-pid----2088----pid-2088
---ebpf-pid----2088----pid-1
---ebpf-pid----379067----pid-379067
---ebpf-pid----379067----pid-5476
---ebpf-pid----379067----pid-1
---ebpf-pid----379067----pid-379067
---ebpf-pid----379067----pid-5476
---ebpf-pid----379067----pid-1
---ebpf-pid----373029----pid-373029
---ebpf-pid----373029----pid-5476
---ebpf-pid----373029----pid-5476
---ebpf-pid----373029----pid-1
---ebpf-pid----373029----pid-373029
---ebpf-pid----373029----pid-1
---ebpf-pid----5707----pid-5707
---ebpf-pid----373029----pid-5476
---ebpf-pid----5707----pid-5476
---ebpf-pid----373029----pid-1
---ebpf-pid----379067----pid-379067
---ebpf-pid----5707----pid-1
---ebpf-pid----5707----pid-5707
---ebpf-pid----379067----pid-5476
---ebpf-pid----5707----pid-5476
---ebpf-pid----379067----pid-1
---ebpf-pid----379067----pid-379067
---ebpf-pid----5707----pid-1
---ebpf-pid----5707----pid-5707
---ebpf-pid----5707----pid-5476
---ebpf-pid----5707----pid-1
---ebpf-pid----5707----pid-5707
---ebpf-pid----5707----pid-5476
---ebpf-pid----5707----pid-1
---ebpf-pid----373029----pid-373029
---ebpf-pid----373029----pid-5476
---ebpf-pid----373029----pid-1
---ebpf-pid----373029----pid-373029
---ebpf-pid----373029----pid-5476
---ebpf-pid----373029----pid-1
---ebpf-pid----373029----pid-373029
---ebpf-pid----373029----pid-5476
---ebpf-pid----373029----pid-1
---ebpf-pid----379067----pid-379067
---ebpf-pid----379067----pid-5476
---ebpf-pid----379067----pid-1
---ebpf-pid----379067----pid-379067
---ebpf-pid----379067----pid-5476
---ebpf-pid----379067----pid-1
---ebpf-pid----379067----pid-379067
---ebpf-pid----379067----pid-5476
---ebpf-pid----379067----pid-1
---ebpf-pid----379067----pid-379067
---ebpf-pid----379067----pid-5476
---ebpf-pid----379067----pid-1
---ebpf-pid----379067----pid-379067
---ebpf-pid----379067----pid-5476
---ebpf-pid----379067----pid-1
---ebpf-pid----379067----pid-379067
---ebpf-pid----379067----pid-5476
---ebpf-pid----379067----pid-1
---ebpf-pid----373029----pid-373029
---ebpf-pid----373029----pid-5476
---ebpf-pid----373029----pid-1
---ebpf-pid----373029----pid-373029
---ebpf-pid----373029----pid-5476
---ebpf-pid----373029----pid-1
---ebpf-pid----379067----pid-379067
---ebpf-pid----379067----pid-5476
---ebpf-pid----379067----pid-1
---ebpf-pid----373029----pid-373029
---ebpf-pid----379067----pid-5476
---ebpf-pid----379067----pid-1
---ebpf-pid----379067----pid-379067
---ebpf-pid----379067----pid-5476
---ebpf-pid----379067----pid-1
---ebpf-pid----379067----pid-379067
---ebpf-pid----379067----pid-5476
---ebpf-pid----379067----pid-1
---ebpf-pid----379067----pid-379067
---ebpf-pid----379067----pid-5476
---ebpf-pid----379067----pid-1
---ebpf-pid----2089----pid-2089
---ebpf-pid----373029----pid-5476
---ebpf-pid----2089----pid-1
---ebpf-pid----2089----pid-2089
---ebpf-pid----373029----pid-1
---ebpf-pid----2029----pid-2029
---ebpf-pid----2089----pid-1
---ebpf-pid----2089----pid-2089
---ebpf-pid----2029----pid-1
---ebpf-pid----2029----pid-2029
---ebpf-pid----2089----pid-1
---ebpf-pid----2089----pid-2089
---ebpf-pid----2029----pid-1
---ebpf-pid----2029----pid-2029
---ebpf-pid----2089----pid-1
---ebpf-pid----2089----pid-2089
---ebpf-pid----2029----pid-1
---ebpf-pid----2029----pid-2029
---ebpf-pid----2089----pid-1
---ebpf-pid----2089----pid-2089
---ebpf-pid----2029----pid-1
---ebpf-pid----2029----pid-2029
---ebpf-pid----2089----pid-1
---ebpf-pid----2089----pid-2089
---ebpf-pid----2029----pid-1
---ebpf-pid----2089----pid-1
---ebpf-pid----2029----pid-2029
---ebpf-pid----2089----pid-2089
---ebpf-pid----2029----pid-1
---ebpf-pid----2089----pid-1
---ebpf-pid----2029----pid-2029
---ebpf-pid----2089----pid-2089
---ebpf-pid----2029----pid-1
---ebpf-pid----2089----pid-1
---ebpf-pid----2029----pid-2029
---ebpf-pid----379067----pid-379067
---ebpf-pid----2029----pid-1
---ebpf-pid----2029----pid-2029
---ebpf-pid----379067----pid-5476
---ebpf-pid----2029----pid-1
---ebpf-pid----379067----pid-1
---ebpf-pid----2029----pid-2029
---ebpf-pid----379067----pid-379067
---ebpf-pid----379067----pid-5476
---ebpf-pid----2029----pid-1
---ebpf-pid----2029----pid-2029
---ebpf-pid----379067----pid-1
---ebpf-pid----2029----pid-1
---ebpf-pid----379067----pid-379067
---ebpf-pid----2029----pid-2029
---ebpf-pid----379067----pid-5476
---ebpf-pid----2029----pid-1
---ebpf-pid----2029----pid-2029
---ebpf-pid----379067----pid-1
---ebpf-pid----379067----pid-379067
---ebpf-pid----2029----pid-1
---ebpf-pid----2029----pid-2029
---ebpf-pid----379067----pid-5476
---ebpf-pid----2029----pid-1
---ebpf-pid----379067----pid-1
---ebpf-pid----2029----pid-2029
---ebpf-pid----379067----pid-379067
---ebpf-pid----2029----pid-1
---ebpf-pid----379067----pid-5476
---ebpf-pid----2029----pid-2029
---ebpf-pid----379067----pid-1
---ebpf-pid----2029----pid-1
---ebpf-pid----379067----pid-379067
---ebpf-pid----2029----pid-2029
---ebpf-pid----379067----pid-5476
---ebpf-pid----2029----pid-1
---ebpf-pid----2029----pid-2029
---ebpf-pid----379067----pid-1
---ebpf-pid----379067----pid-379067
---ebpf-pid----2029----pid-1
---ebpf-pid----2029----pid-2029
---ebpf-pid----379067----pid-5476
---ebpf-pid----2029----pid-1
---ebpf-pid----2029----pid-2029
---ebpf-pid----379067----pid-1
---ebpf-pid----379067----pid-379067
---ebpf-pid----2029----pid-1
---ebpf-pid----2029----pid-2029
---ebpf-pid----2029----pid-1
---ebpf-pid----2029----pid-2029
---ebpf-pid----2029----pid-1
---ebpf-pid----2029----pid-2029
---ebpf-pid----2029----pid-1
---ebpf-pid----2029----pid-2029
---ebpf-pid----2029----pid-1
---ebpf-pid----2029----pid-2029
---ebpf-pid----2029----pid-1
---ebpf-pid----2029----pid-2029
---ebpf-pid----2029----pid-1
---ebpf-pid----2029----pid-2029
---ebpf-pid----2029----pid-1
---ebpf-pid----2029----pid-2029
---ebpf-pid----379067----pid-5476
---ebpf-pid----379067----pid-1
---ebpf-pid----379067----pid-379067
---ebpf-pid----379067----pid-5476
---ebpf-pid----379067----pid-1
---ebpf-pid----6671----pid-6671
---ebpf-pid----6671----pid-5476
---ebpf-pid----6671----pid-1
---ebpf-pid----6671----pid-6671
---ebpf-pid----6671----pid-5476
---ebpf-pid----6671----pid-1
---ebpf-pid----6671----pid-6671
---ebpf-pid----6671----pid-5476
---ebpf-pid----6671----pid-1
---ebpf-pid----6671----pid-6671
---ebpf-pid----6671----pid-5476
---ebpf-pid----6671----pid-1
---ebpf-pid----2029----pid-1
---ebpf-pid----2029----pid-2029
---ebpf-pid----2029----pid-1
---ebpf-pid----379067----pid-379067
---ebpf-pid----379067----pid-5476
---ebpf-pid----379067----pid-1
---ebpf-pid----379067----pid-379067
---ebpf-pid----379067----pid-5476
---ebpf-pid----379067----pid-1
---ebpf-pid----379067----pid-379067
---ebpf-pid----379067----pid-5476
---ebpf-pid----379067----pid-1
---ebpf-pid----6671----pid-6671
---ebpf-pid----379067----pid-379067
---ebpf-pid----379067----pid-5476
---ebpf-pid----6671----pid-5476
---ebpf-pid----379067----pid-1
---ebpf-pid----6671----pid-1
---ebpf-pid----379067----pid-379067
---ebpf-pid----6671----pid-6671
---ebpf-pid----379067----pid-5476
---ebpf-pid----6671----pid-5476
---ebpf-pid----379067----pid-1
---ebpf-pid----6671----pid-1
---ebpf-pid----379067----pid-379067
---ebpf-pid----6671----pid-6671
---ebpf-pid----379067----pid-5476
---ebpf-pid----6671----pid-5476
---ebpf-pid----6671----pid-1
---ebpf-pid----6671----pid-6671
---ebpf-pid----6671----pid-5476
---ebpf-pid----6671----pid-1
---ebpf-pid----6671----pid-6671
---ebpf-pid----6671----pid-5476
---ebpf-pid----6671----pid-1
---ebpf-pid----6671----pid-6671
---ebpf-pid----379067----pid-1
---ebpf-pid----379067----pid-379067
---ebpf-pid----6671----pid-5476
---ebpf-pid----379067----pid-5476
---ebpf-pid----6671----pid-1
---ebpf-pid----5705----pid-5705
---ebpf-pid----379067----pid-1
---ebpf-pid----379067----pid-379067
---ebpf-pid----5705----pid-5476
---ebpf-pid----379067----pid-5476
---ebpf-pid----5705----pid-1
---ebpf-pid----5705----pid-5705
---ebpf-pid----379067----pid-1
---ebpf-pid----5705----pid-5476
---ebpf-pid----2089----pid-2089
---ebpf-pid----5705----pid-1
---ebpf-pid----2089----pid-1
---ebpf-pid----5705----pid-5705
---ebpf-pid----2089----pid-2089
---ebpf-pid----5705----pid-5476
---ebpf-pid----2089----pid-1
---ebpf-pid----2089----pid-2089
---ebpf-pid----5705----pid-1
---ebpf-pid----5705----pid-5705
---ebpf-pid----2089----pid-1
---ebpf-pid----2029----pid-2029
---ebpf-pid----5705----pid-5476
---ebpf-pid----2029----pid-1
---ebpf-pid----2029----pid-2029
---ebpf-pid----5705----pid-1
---ebpf-pid----5705----pid-5705
---ebpf-pid----2029----pid-1
---ebpf-pid----2029----pid-2029
---ebpf-pid----5705----pid-5476
---ebpf-pid----2029----pid-1
---ebpf-pid----5705----pid-1
---ebpf-pid----2029----pid-2029
---ebpf-pid----5705----pid-5705
---ebpf-pid----2029----pid-1
---ebpf-pid----5705----pid-5476
---ebpf-pid----2029----pid-2029
---ebpf-pid----2029----pid-1
---ebpf-pid----2029----pid-2029
---ebpf-pid----2029----pid-1
---ebpf-pid----2029----pid-2029
---ebpf-pid----2029----pid-1
---ebpf-pid----2029----pid-2029
---ebpf-pid----2029----pid-1
---ebpf-pid----2029----pid-2029
---ebpf-pid----2029----pid-1
---ebpf-pid----2029----pid-2029
---ebpf-pid----2029----pid-1
---ebpf-pid----2029----pid-2029
---ebpf-pid----2029----pid-1
---ebpf-pid----2029----pid-2029
---ebpf-pid----2029----pid-1
---ebpf-pid----2029----pid-2029
---ebpf-pid----5705----pid-1
---ebpf-pid----5705----pid-5705
---ebpf-pid----5705----pid-5476
---ebpf-pid----5705----pid-1
---ebpf-pid----5705----pid-5705
---ebpf-pid----5705----pid-5476
---ebpf-pid----5705----pid-1
---ebpf-pid----5705----pid-5705
---ebpf-pid----5705----pid-5476
---ebpf-pid----5705----pid-1
---ebpf-pid----5705----pid-5705
---ebpf-pid----5705----pid-5476
---ebpf-pid----5705----pid-1
---ebpf-pid----2029----pid-1
---ebpf-pid----2012----pid-2012
---ebpf-pid----2029----pid-2029
---ebpf-pid----2012----pid-1
---ebpf-pid----2029----pid-1
---ebpf-pid----2029----pid-2029
---ebpf-pid----2029----pid-1
---ebpf-pid----2029----pid-2029
---ebpf-pid----2029----pid-1
---ebpf-pid----2029----pid-2029
---ebpf-pid----2029----pid-1
---ebpf-pid----2029----pid-2029
---ebpf-pid----2029----pid-1
---ebpf-pid----2029----pid-2029
---ebpf-pid----2029----pid-1
---ebpf-pid----2012----pid-2012
---ebpf-pid----2029----pid-2029
---ebpf-pid----2012----pid-1
---ebpf-pid----2029----pid-1
---ebpf-pid----2012----pid-2012
---ebpf-pid----2029----pid-2029
---ebpf-pid----2012----pid-1
---ebpf-pid----2029----pid-1
---ebpf-pid----373029----pid-373029
---ebpf-pid----2029----pid-2029
---ebpf-pid----2029----pid-1
---ebpf-pid----373029----pid-5476
---ebpf-pid----2029----pid-2029
---ebpf-pid----373029----pid-1
---ebpf-pid----2029----pid-1
---ebpf-pid----373029----pid-373029
---ebpf-pid----2029----pid-2029
---ebpf-pid----373029----pid-5476
---ebpf-pid----2029----pid-1
---ebpf-pid----2029----pid-2029
---ebpf-pid----373029----pid-1
---ebpf-pid----373029----pid-373029
---ebpf-pid----2029----pid-1
---ebpf-pid----2029----pid-2029
---ebpf-pid----373029----pid-5476
---ebpf-pid----373029----pid-1
---ebpf-pid----2029----pid-1
---ebpf-pid----373029----pid-373029
---ebpf-pid----5705----pid-5705
---ebpf-pid----373029----pid-5476
---ebpf-pid----5705----pid-5476
---ebpf-pid----373029----pid-1
---ebpf-pid----5705----pid-1
---ebpf-pid----373029----pid-373029
---ebpf-pid----5705----pid-5705
---ebpf-pid----373029----pid-5476
---ebpf-pid----5705----pid-5476
---ebpf-pid----373029----pid-1
---ebpf-pid----5705----pid-1
---ebpf-pid----373029----pid-373029
---ebpf-pid----373029----pid-373029
---ebpf-pid----373029----pid-5476
---ebpf-pid----373029----pid-5476
---ebpf-pid----373029----pid-1
---ebpf-pid----373029----pid-1
---ebpf-pid----373029----pid-373029
---ebpf-pid----373029----pid-373029
---ebpf-pid----373029----pid-5476
---ebpf-pid----373029----pid-5476
---ebpf-pid----373029----pid-1
---ebpf-pid----373029----pid-1
---ebpf-pid----5703----pid-5703
---ebpf-pid----5703----pid-5476
---ebpf-pid----5703----pid-1
---ebpf-pid----373029----pid-373029
---ebpf-pid----373029----pid-5476
---ebpf-pid----373029----pid-1
---ebpf-pid----373029----pid-373029
---ebpf-pid----373029----pid-5476
---ebpf-pid----373029----pid-1
---ebpf-pid----373029----pid-373029
---ebpf-pid----373029----pid-5476
---ebpf-pid----373029----pid-1
---ebpf-pid----373029----pid-373029
---ebpf-pid----373029----pid-5476
---ebpf-pid----2088----pid-2088
---ebpf-pid----373029----pid-1
---ebpf-pid----2088----pid-1
---ebpf-pid----373029----pid-373029
---ebpf-pid----2088----pid-2088
---ebpf-pid----373029----pid-5476
---ebpf-pid----2088----pid-1
---ebpf-pid----2088----pid-2088
---ebpf-pid----2088----pid-1
---ebpf-pid----2088----pid-2088
---ebpf-pid----2088----pid-1
---ebpf-pid----2088----pid-2088
---ebpf-pid----2088----pid-1
---ebpf-pid----2088----pid-2088
---ebpf-pid----2088----pid-1
---ebpf-pid----2088----pid-2088
---ebpf-pid----2088----pid-1
---ebpf-pid----373029----pid-1
---ebpf-pid----2088----pid-2088
---ebpf-pid----373029----pid-373029
---ebpf-pid----2088----pid-1
---ebpf-pid----373029----pid-5476
---ebpf-pid----2088----pid-2088
---ebpf-pid----373029----pid-1
---ebpf-pid----2088----pid-1
---ebpf-pid----373029----pid-373029
---ebpf-pid----2088----pid-2088
---ebpf-pid----373029----pid-5476
---ebpf-pid----373029----pid-1
---ebpf-pid----373029----pid-373029
---ebpf-pid----373029----pid-5476
---ebpf-pid----373029----pid-1
---ebpf-pid----373029----pid-373029
---ebpf-pid----373029----pid-5476
---ebpf-pid----373029----pid-1
---ebpf-pid----373029----pid-373029
---ebpf-pid----373029----pid-5476
---ebpf-pid----2088----pid-1
---ebpf-pid----2088----pid-2088
---ebpf-pid----373029----pid-1
---ebpf-pid----373029----pid-373029
---ebpf-pid----2088----pid-1
---ebpf-pid----2088----pid-2088
---ebpf-pid----373029----pid-5476
---ebpf-pid----2088----pid-1
---ebpf-pid----2088----pid-2088
---ebpf-pid----373029----pid-1
---ebpf-pid----373029----pid-373029
---ebpf-pid----2088----pid-1
---ebpf-pid----2088----pid-2088
---ebpf-pid----373029----pid-5476
---ebpf-pid----2088----pid-1
---ebpf-pid----373029----pid-1
---ebpf-pid----6671----pid-6671
---ebpf-pid----373029----pid-373029
---ebpf-pid----6671----pid-5476
---ebpf-pid----373029----pid-5476
---ebpf-pid----6671----pid-1
---ebpf-pid----373029----pid-1
---ebpf-pid----6671----pid-6671
---ebpf-pid----373029----pid-373029
---ebpf-pid----373029----pid-5476
---ebpf-pid----6671----pid-5476
---ebpf-pid----6671----pid-1
---ebpf-pid----373029----pid-1
---ebpf-pid----6671----pid-6671
---ebpf-pid----373029----pid-373029
---ebpf-pid----6671----pid-5476
---ebpf-pid----373029----pid-5476
---ebpf-pid----6671----pid-1
---ebpf-pid----373029----pid-1
---ebpf-pid----6671----pid-6671
---ebpf-pid----6671----pid-5476
---ebpf-pid----6671----pid-1
---ebpf-pid----6671----pid-6671
---ebpf-pid----6671----pid-5476
---ebpf-pid----6671----pid-1
---ebpf-pid----6671----pid-6671
---ebpf-pid----6671----pid-5476
---ebpf-pid----6671----pid-1
---ebpf-pid----6671----pid-6671
---ebpf-pid----373029----pid-373029
---ebpf-pid----6671----pid-5476
---ebpf-pid----6671----pid-1
---ebpf-pid----373029----pid-5476
---ebpf-pid----6671----pid-6671
---ebpf-pid----373029----pid-1
---ebpf-pid----6671----pid-5476
---ebpf-pid----373029----pid-373029
---ebpf-pid----373029----pid-5476
---ebpf-pid----373029----pid-1
---ebpf-pid----373029----pid-373029
---ebpf-pid----373029----pid-5476
---ebpf-pid----373029----pid-1
---ebpf-pid----373029----pid-373029
---ebpf-pid----373029----pid-5476
---ebpf-pid----373029----pid-1
---ebpf-pid----373029----pid-373029
---ebpf-pid----373029----pid-5476
---ebpf-pid----373029----pid-1
---ebpf-pid----373029----pid-373029
---ebpf-pid----373029----pid-5476
---ebpf-pid----373029----pid-1
---ebpf-pid----5705----pid-5705
---ebpf-pid----5705----pid-5476
---ebpf-pid----5705----pid-1
---ebpf-pid----5705----pid-5705
---ebpf-pid----5705----pid-5476
---ebpf-pid----5705----pid-1
---ebpf-pid----373029----pid-373029
---ebpf-pid----373029----pid-5476
---ebpf-pid----373029----pid-1
---ebpf-pid----373029----pid-373029
---ebpf-pid----373029----pid-5476
---ebpf-pid----6671----pid-1
---ebpf-pid----6671----pid-6671
---ebpf-pid----373029----pid-1
---ebpf-pid----5705----pid-5705
---ebpf-pid----6671----pid-5476
---ebpf-pid----5705----pid-5476
---ebpf-pid----6671----pid-1
---ebpf-pid----6671----pid-6671
---ebpf-pid----6671----pid-5476
---ebpf-pid----6671----pid-1
---ebpf-pid----6671----pid-6671
---ebpf-pid----6671----pid-5476
---ebpf-pid----6671----pid-1
---ebpf-pid----6671----pid-6671
---ebpf-pid----6671----pid-5476
---ebpf-pid----6671----pid-1
---ebpf-pid----6671----pid-6671
---ebpf-pid----5705----pid-1
---ebpf-pid----6671----pid-5476
---ebpf-pid----5705----pid-5705
---ebpf-pid----6671----pid-1
---ebpf-pid----5705----pid-5476
---ebpf-pid----6671----pid-6671
---ebpf-pid----6671----pid-5476
---ebpf-pid----5705----pid-1
---ebpf-pid----373029----pid-373029
---ebpf-pid----6671----pid-1
---ebpf-pid----6671----pid-6671
---ebpf-pid----373029----pid-5476
---ebpf-pid----6671----pid-5476
---ebpf-pid----373029----pid-1
---ebpf-pid----373029----pid-373029
---ebpf-pid----6671----pid-1
---ebpf-pid----6671----pid-6671
---ebpf-pid----373029----pid-5476
---ebpf-pid----373029----pid-1
---ebpf-pid----6671----pid-5476
---ebpf-pid----6671----pid-6671
---ebpf-pid----6671----pid-1
---ebpf-pid----6671----pid-5476
---ebpf-pid----2012----pid-2012
---ebpf-pid----6671----pid-1
---ebpf-pid----2012----pid-1
---ebpf-pid----6671----pid-6671
---ebpf-pid----2012----pid-2012
---ebpf-pid----6671----pid-5476
---ebpf-pid----2012----pid-1
---ebpf-pid----2012----pid-2012
---ebpf-pid----6671----pid-1
---ebpf-pid----373029----pid-373029
---ebpf-pid----373029----pid-5476
---ebpf-pid----373029----pid-1
---ebpf-pid----373029----pid-373029
---ebpf-pid----373029----pid-5476
---ebpf-pid----373029----pid-1
---ebpf-pid----373029----pid-373029
---ebpf-pid----373029----pid-5476
---ebpf-pid----373029----pid-1
---ebpf-pid----373029----pid-373029
---ebpf-pid----373029----pid-5476
---ebpf-pid----373029----pid-1
---ebpf-pid----373029----pid-373029
---ebpf-pid----373029----pid-5476
---ebpf-pid----373029----pid-1
---ebpf-pid----379067----pid-379067
---ebpf-pid----379067----pid-5476
---ebpf-pid----379067----pid-1
---ebpf-pid----373029----pid-373029
---ebpf-pid----373029----pid-5476
---ebpf-pid----373029----pid-1
---ebpf-pid----373029----pid-373029
---ebpf-pid----373029----pid-5476
---ebpf-pid----373029----pid-1
---ebpf-pid----5705----pid-5705
---ebpf-pid----5705----pid-5476
---ebpf-pid----5705----pid-1
---ebpf-pid----5705----pid-5705
---ebpf-pid----5705----pid-5476
---ebpf-pid----5705----pid-1
---ebpf-pid----5705----pid-5705
---ebpf-pid----5705----pid-5476
---ebpf-pid----5705----pid-1
---ebpf-pid----2012----pid-1
---ebpf-pid----5705----pid-5705
---ebpf-pid----2012----pid-2012
---ebpf-pid----5705----pid-5476
---ebpf-pid----2012----pid-1
---ebpf-pid----2012----pid-2012
---ebpf-pid----5705----pid-1
---ebpf-pid----5705----pid-5705
---ebpf-pid----2012----pid-1
---ebpf-pid----5705----pid-5476
---ebpf-pid----2012----pid-2012
---ebpf-pid----5705----pid-1
---ebpf-pid----2012----pid-1
---ebpf-pid----5705----pid-5705
---ebpf-pid----2012----pid-2012
---ebpf-pid----5705----pid-5476
---ebpf-pid----2012----pid-1
---ebpf-pid----2012----pid-2012
---ebpf-pid----5705----pid-1
---ebpf-pid----5705----pid-5705
---ebpf-pid----2012----pid-1
---ebpf-pid----2012----pid-2012
---ebpf-pid----5705----pid-5476
---ebpf-pid----2012----pid-1
---ebpf-pid----5705----pid-1
---ebpf-pid----2012----pid-2012
---ebpf-pid----5705----pid-5705
---ebpf-pid----2012----pid-1
---ebpf-pid----5705----pid-5476
---ebpf-pid----2012----pid-2012
---ebpf-pid----5705----pid-1
---ebpf-pid----2012----pid-1
---ebpf-pid----5705----pid-5705
---ebpf-pid----2012----pid-2012
---ebpf-pid----2012----pid-1
---ebpf-pid----2012----pid-2012
---ebpf-pid----2012----pid-1
---ebpf-pid----2012----pid-2012
---ebpf-pid----2012----pid-1
---ebpf-pid----2012----pid-2012
---ebpf-pid----2012----pid-1
---ebpf-pid----2012----pid-2012
---ebpf-pid----2012----pid-1
---ebpf-pid----2012----pid-2012
---ebpf-pid----2012----pid-1
---ebpf-pid----2012----pid-2012
---ebpf-pid----2012----pid-1
---ebpf-pid----2012----pid-2012
---ebpf-pid----2012----pid-1
---ebpf-pid----5705----pid-5476
---ebpf-pid----5705----pid-1
---ebpf-pid----5705----pid-5705
---ebpf-pid----5705----pid-5476
---ebpf-pid----5705----pid-1
---ebpf-pid----5705----pid-5705
---ebpf-pid----5705----pid-5476
---ebpf-pid----5705----pid-1
---ebpf-pid----5705----pid-5705
---ebpf-pid----5705----pid-5476
---ebpf-pid----5705----pid-1
---ebpf-pid----5705----pid-5705
---ebpf-pid----5705----pid-5476
---ebpf-pid----5705----pid-1
---ebpf-pid----5705----pid-5705
---ebpf-pid----2012----pid-2012
---ebpf-pid----2012----pid-1
---ebpf-pid----2012----pid-2012
---ebpf-pid----5705----pid-5476
---ebpf-pid----5705----pid-1
---ebpf-pid----5705----pid-5705
---ebpf-pid----5705----pid-5476
---ebpf-pid----5705----pid-1
---ebpf-pid----5705----pid-5705
---ebpf-pid----5705----pid-5476
---ebpf-pid----2012----pid-1
---ebpf-pid----5705----pid-1
---ebpf-pid----379067----pid-379067
---ebpf-pid----2012----pid-2012
---ebpf-pid----2012----pid-1
Failed to get process information for PID 448828
Failed to get process information for PID 448828
Failed to get process information for PID 448828
Failed to get process information for PID 448828
Failed to get process information for PID 448828
Failed to get process information for PID 448828
Failed to get process information for PID 448828
Failed to get process information for PID 448828
---ebpf-pid----2012----pid-2012
---ebpf-pid----2012----pid-1
---ebpf-pid----2012----pid-2012
---ebpf-pid----379067----pid-5476
---ebpf-pid----2012----pid-1
---ebpf-pid----2012----pid-2012
---ebpf-pid----379067----pid-1
---ebpf-pid----379067----pid-379067
---ebpf-pid----2012----pid-1
---ebpf-pid----2012----pid-2012
---ebpf-pid----379067----pid-5476
---ebpf-pid----2012----pid-1
---ebpf-pid----2012----pid-2012
---ebpf-pid----379067----pid-1
---ebpf-pid----379067----pid-379067
---ebpf-pid----2012----pid-1
---ebpf-pid----2012----pid-2012
---ebpf-pid----379067----pid-5476
---ebpf-pid----2012----pid-1
---ebpf-pid----2012----pid-2012
---ebpf-pid----379067----pid-1
---ebpf-pid----379067----pid-379067
---ebpf-pid----2012----pid-1
---ebpf-pid----2012----pid-2012
---ebpf-pid----379067----pid-5476
---ebpf-pid----2012----pid-1
---ebpf-pid----379067----pid-1
---ebpf-pid----2029----pid-2029
---ebpf-pid----2029----pid-1
---ebpf-pid----373029----pid-373029
---ebpf-pid----2029----pid-2029
---ebpf-pid----373029----pid-5476
---ebpf-pid----2029----pid-1
---ebpf-pid----2029----pid-2029
---ebpf-pid----373029----pid-1
---ebpf-pid----379067----pid-379067
---ebpf-pid----2029----pid-1
---ebpf-pid----2029----pid-2029
---ebpf-pid----379067----pid-5476
---ebpf-pid----2029----pid-1
---ebpf-pid----379067----pid-1
---ebpf-pid----2029----pid-2029
---ebpf-pid----379067----pid-379067
---ebpf-pid----2029----pid-1
---ebpf-pid----379067----pid-5476
---ebpf-pid----2029----pid-2029
---ebpf-pid----379067----pid-1
---ebpf-pid----2029----pid-1
---ebpf-pid----373029----pid-373029
---ebpf-pid----2029----pid-2029
---ebpf-pid----373029----pid-5476
---ebpf-pid----2029----pid-1
---ebpf-pid----2029----pid-2029
---ebpf-pid----373029----pid-1
---ebpf-pid----373029----pid-373029
---ebpf-pid----2029----pid-1
---ebpf-pid----2029----pid-2029
---ebpf-pid----373029----pid-5476
---ebpf-pid----2029----pid-1
---ebpf-pid----2029----pid-2029
---ebpf-pid----373029----pid-1
---ebpf-pid----5705----pid-5705
---ebpf-pid----2029----pid-1
---ebpf-pid----2029----pid-2029
---ebpf-pid----5705----pid-5476
---ebpf-pid----5705----pid-1
---ebpf-pid----5705----pid-5705
---ebpf-pid----5705----pid-5476
---ebpf-pid----5705----pid-1
---ebpf-pid----5705----pid-5705
---ebpf-pid----5705----pid-5476
---ebpf-pid----5705----pid-1
---ebpf-pid----5705----pid-5705
---ebpf-pid----5705----pid-5476
---ebpf-pid----5705----pid-1
---ebpf-pid----5705----pid-5705
---ebpf-pid----2029----pid-1
---ebpf-pid----2029----pid-2029
---ebpf-pid----2029----pid-1
---ebpf-pid----2029----pid-2029
---ebpf-pid----2029----pid-1
---ebpf-pid----2029----pid-2029
---ebpf-pid----2029----pid-1
---ebpf-pid----2029----pid-2029
---ebpf-pid----2029----pid-1
---ebpf-pid----2029----pid-2029
---ebpf-pid----2029----pid-1
---ebpf-pid----2029----pid-2029
---ebpf-pid----2029----pid-1
---ebpf-pid----2029----pid-2029
---ebpf-pid----2029----pid-1
---ebpf-pid----2029----pid-2029
---ebpf-pid----2029----pid-1
---ebpf-pid----2029----pid-2029
---ebpf-pid----2029----pid-1
---ebpf-pid----2029----pid-2029
---ebpf-pid----2029----pid-1
---ebpf-pid----5705----pid-5476
---ebpf-pid----2029----pid-2029
---ebpf-pid----2029----pid-1
---ebpf-pid----5705----pid-5705
---ebpf-pid----5705----pid-5476
---ebpf-pid----5705----pid-1
---ebpf-pid----5705----pid-5705
---ebpf-pid----5705----pid-1
Failed to get process information for PID 448828
Failed to get process information for PID 448828
---ebpf-pid----6671----pid-6671
---ebpf-pid----5705----pid-5476
---ebpf-pid----6671----pid-5476
---ebpf-pid----5705----pid-1
---ebpf-pid----6671----pid-1
---ebpf-pid----5705----pid-5705
---ebpf-pid----6671----pid-6671
---ebpf-pid----5705----pid-5476
---ebpf-pid----6671----pid-5476
---ebpf-pid----5705----pid-1
---ebpf-pid----6671----pid-1
---ebpf-pid----6671----pid-6671
---ebpf-pid----6671----pid-5476
---ebpf-pid----6671----pid-1
---ebpf-pid----6671----pid-6671
---ebpf-pid----5705----pid-5705
---ebpf-pid----5705----pid-5476
---ebpf-pid----5705----pid-1
---ebpf-pid----5705----pid-5705
---ebpf-pid----5705----pid-5476
---ebpf-pid----5705----pid-1
---ebpf-pid----6671----pid-5476
---ebpf-pid----6671----pid-1
---ebpf-pid----2029----pid-2029
---ebpf-pid----2012----pid-2012
---ebpf-pid----2029----pid-1
---ebpf-pid----2012----pid-1
---ebpf-pid----2029----pid-2029
---ebpf-pid----2012----pid-2012
---ebpf-pid----2029----pid-1
---ebpf-pid----2012----pid-1
---ebpf-pid----2029----pid-2029
---ebpf-pid----2012----pid-2012
---ebpf-pid----2029----pid-1
---ebpf-pid----2012----pid-1
---ebpf-pid----2029----pid-2029
---ebpf-pid----2012----pid-2012
---ebpf-pid----2029----pid-1
---ebpf-pid----2012----pid-1
---ebpf-pid----2029----pid-2029
---ebpf-pid----2012----pid-2012
---ebpf-pid----2029----pid-1
---ebpf-pid----2012----pid-1
---ebpf-pid----2029----pid-2029
---ebpf-pid----2012----pid-2012
---ebpf-pid----2029----pid-1
---ebpf-pid----2012----pid-1
---ebpf-pid----2029----pid-2029
---ebpf-pid----2012----pid-2012
---ebpf-pid----2029----pid-1
---ebpf-pid----2012----pid-1
---ebpf-pid----2029----pid-2029
---ebpf-pid----2012----pid-2012
---ebpf-pid----2029----pid-1
---ebpf-pid----2012----pid-1
---ebpf-pid----2029----pid-2029
---ebpf-pid----2012----pid-2012
---ebpf-pid----2029----pid-1
---ebpf-pid----2012----pid-1
---ebpf-pid----2029----pid-2029
---ebpf-pid----2012----pid-2012
---ebpf-pid----2029----pid-1
---ebpf-pid----2012----pid-1
---ebpf-pid----2029----pid-2029
---ebpf-pid----2012----pid-2012
---ebpf-pid----2029----pid-1
---ebpf-pid----2012----pid-1
---ebpf-pid----2029----pid-2029
---ebpf-pid----2012----pid-2012
---ebpf-pid----2029----pid-1
---ebpf-pid----2012----pid-1
---ebpf-pid----2094----pid-2094
---ebpf-pid----6365----pid-6365
---ebpf-pid----2094----pid-1
---ebpf-pid----6365----pid-5980
---ebpf-pid----2094----pid-2094
---ebpf-pid----2094----pid-1
---ebpf-pid----6365----pid-1
---ebpf-pid----2094----pid-2094
---ebpf-pid----6671----pid-6671
---ebpf-pid----2094----pid-1
---ebpf-pid----6671----pid-5476
---ebpf-pid----2094----pid-2094
---ebpf-pid----6671----pid-1
---ebpf-pid----2094----pid-1
---ebpf-pid----6671----pid-6671
---ebpf-pid----2094----pid-2094
---ebpf-pid----6671----pid-5476
---ebpf-pid----2094----pid-1
---ebpf-pid----2094----pid-2094
---ebpf-pid----6671----pid-1
---ebpf-pid----6671----pid-6671
---ebpf-pid----2094----pid-1
---ebpf-pid----2094----pid-2094
---ebpf-pid----6671----pid-5476
---ebpf-pid----2094----pid-1
---ebpf-pid----2094----pid-2094
---ebpf-pid----2094----pid-1
---ebpf-pid----2094----pid-2094
---ebpf-pid----2094----pid-1
---ebpf-pid----2094----pid-2094
---ebpf-pid----2094----pid-1
---ebpf-pid----2088----pid-2088
---ebpf-pid----2088----pid-1
---ebpf-pid----2088----pid-2088
---ebpf-pid----2088----pid-1
---ebpf-pid----2088----pid-2088
---ebpf-pid----2088----pid-1
---ebpf-pid----2088----pid-2088
---ebpf-pid----2088----pid-1
---ebpf-pid----2088----pid-2088
---ebpf-pid----2088----pid-1
---ebpf-pid----2088----pid-2088
---ebpf-pid----2088----pid-1
---ebpf-pid----2088----pid-2088
---ebpf-pid----2088----pid-1
---ebpf-pid----2088----pid-2088
---ebpf-pid----2088----pid-1
---ebpf-pid----2088----pid-2088
---ebpf-pid----2088----pid-1
---ebpf-pid----2088----pid-2088
---ebpf-pid----6671----pid-1
---ebpf-pid----2088----pid-1
---ebpf-pid----6671----pid-6671
---ebpf-pid----2088----pid-2088
---ebpf-pid----2088----pid-1
---ebpf-pid----6671----pid-5476
---ebpf-pid----2088----pid-2088
---ebpf-pid----6671----pid-1
---ebpf-pid----2088----pid-1
---ebpf-pid----6671----pid-6671
---ebpf-pid----2088----pid-2088
---ebpf-pid----6671----pid-5476
---ebpf-pid----2088----pid-1
---ebpf-pid----2088----pid-2088
---ebpf-pid----6671----pid-1
---ebpf-pid----6671----pid-6671
---ebpf-pid----2088----pid-1
---ebpf-pid----2088----pid-2088
---ebpf-pid----6671----pid-5476
---ebpf-pid----2088----pid-1
---ebpf-pid----6671----pid-1
---ebpf-pid----2088----pid-2088
---ebpf-pid----373029----pid-373029
---ebpf-pid----373029----pid-5476
---ebpf-pid----373029----pid-1
---ebpf-pid----373029----pid-373029
---ebpf-pid----373029----pid-5476
---ebpf-pid----373029----pid-1
---ebpf-pid----373029----pid-373029
---ebpf-pid----373029----pid-5476
---ebpf-pid----2088----pid-1
---ebpf-pid----373029----pid-1
---ebpf-pid----2088----pid-2088
---ebpf-pid----373029----pid-373029
---ebpf-pid----2088----pid-1
---ebpf-pid----373029----pid-5476
---ebpf-pid----2088----pid-2088
---ebpf-pid----373029----pid-1
---ebpf-pid----2088----pid-1
---ebpf-pid----373029----pid-373029
---ebpf-pid----2088----pid-2088
---ebpf-pid----373029----pid-5476
---ebpf-pid----373029----pid-1
---ebpf-pid----2088----pid-1
---ebpf-pid----373029----pid-373029
---ebpf-pid----2088----pid-2088
---ebpf-pid----373029----pid-5476
---ebpf-pid----2088----pid-1
---ebpf-pid----373029----pid-373029
---ebpf-pid----373029----pid-1
---ebpf-pid----5703----pid-5703
---ebpf-pid----373029----pid-5476
---ebpf-pid----5703----pid-5476
---ebpf-pid----373029----pid-1
---ebpf-pid----373029----pid-373029
---ebpf-pid----5703----pid-1
---ebpf-pid----373029----pid-373029
---ebpf-pid----373029----pid-5476
---ebpf-pid----373029----pid-5476
---ebpf-pid----373029----pid-1
---ebpf-pid----373029----pid-373029
---ebpf-pid----373029----pid-1
---ebpf-pid----373029----pid-373029
---ebpf-pid----373029----pid-5476
---ebpf-pid----373029----pid-5476
---ebpf-pid----373029----pid-1
---ebpf-pid----373029----pid-373029
---ebpf-pid----373029----pid-5476
---ebpf-pid----373029----pid-1
---ebpf-pid----373029----pid-373029
---ebpf-pid----373029----pid-5476
---ebpf-pid----373029----pid-1
---ebpf-pid----373029----pid-373029
---ebpf-pid----373029----pid-5476
---ebpf-pid----373029----pid-1
---ebpf-pid----373029----pid-373029
---ebpf-pid----373029----pid-5476
---ebpf-pid----373029----pid-1
---ebpf-pid----373029----pid-373029
---ebpf-pid----373029----pid-5476
---ebpf-pid----373029----pid-1
---ebpf-pid----373029----pid-373029
---ebpf-pid----373029----pid-5476
---ebpf-pid----373029----pid-1
---ebpf-pid----373029----pid-373029
---ebpf-pid----373029----pid-5476
---ebpf-pid----373029----pid-1
---ebpf-pid----373029----pid-373029
---ebpf-pid----373029----pid-5476
---ebpf-pid----373029----pid-1
---ebpf-pid----373029----pid-373029
---ebpf-pid----373029----pid-5476
---ebpf-pid----373029----pid-1
---ebpf-pid----373029----pid-373029
---ebpf-pid----373029----pid-5476
---ebpf-pid----373029----pid-1
---ebpf-pid----373029----pid-373029
---ebpf-pid----373029----pid-5476
---ebpf-pid----373029----pid-1
---ebpf-pid----373029----pid-373029
---ebpf-pid----373029----pid-5476
---ebpf-pid----373029----pid-1
---ebpf-pid----373029----pid-373029
---ebpf-pid----373029----pid-1
---ebpf-pid----373029----pid-373029
---ebpf-pid----373029----pid-5476
---ebpf-pid----373029----pid-1
---ebpf-pid----2088----pid-2088
---ebpf-pid----2088----pid-1
---ebpf-pid----2088----pid-2088
---ebpf-pid----2088----pid-1
---ebpf-pid----2088----pid-2088
---ebpf-pid----2088----pid-1
---ebpf-pid----2088----pid-2088
---ebpf-pid----373029----pid-5476
---ebpf-pid----2088----pid-1
---ebpf-pid----373029----pid-1
---ebpf-pid----2088----pid-2088
---ebpf-pid----373029----pid-373029
---ebpf-pid----2088----pid-1
---ebpf-pid----2088----pid-2088
---ebpf-pid----373029----pid-5476
---ebpf-pid----2088----pid-1
---ebpf-pid----373029----pid-1
---ebpf-pid----2088----pid-2088
---ebpf-pid----373029----pid-373029
---ebpf-pid----2088----pid-1
---ebpf-pid----373029----pid-5476
---ebpf-pid----2088----pid-2088
---ebpf-pid----373029----pid-1
---ebpf-pid----2088----pid-1
---ebpf-pid----373029----pid-373029
---ebpf-pid----2088----pid-2088
---ebpf-pid----373029----pid-5476
---ebpf-pid----2088----pid-1
---ebpf-pid----2088----pid-2088
---ebpf-pid----373029----pid-1
---ebpf-pid----373029----pid-373029
---ebpf-pid----2088----pid-1
---ebpf-pid----2088----pid-2088
---ebpf-pid----373029----pid-5476
---ebpf-pid----2088----pid-1
---ebpf-pid----2088----pid-2088
---ebpf-pid----373029----pid-1
---ebpf-pid----373029----pid-373029
---ebpf-pid----2088----pid-1
---ebpf-pid----2088----pid-2088
---ebpf-pid----373029----pid-5476
---ebpf-pid----2088----pid-1
---ebpf-pid----373029----pid-1
---ebpf-pid----2088----pid-2088
---ebpf-pid----373029----pid-373029
---ebpf-pid----2088----pid-1
---ebpf-pid----373029----pid-5476
---ebpf-pid----2088----pid-2088
---ebpf-pid----373029----pid-1
---ebpf-pid----2088----pid-1
---ebpf-pid----373029----pid-373029
---ebpf-pid----2088----pid-2088
---ebpf-pid----373029----pid-5476
---ebpf-pid----2088----pid-1
---ebpf-pid----2088----pid-2088
---ebpf-pid----373029----pid-1
---ebpf-pid----373029----pid-373029
---ebpf-pid----2088----pid-1
---ebpf-pid----2088----pid-2088
---ebpf-pid----373029----pid-5476
---ebpf-pid----2088----pid-1
---ebpf-pid----373029----pid-1
---ebpf-pid----2088----pid-2088
---ebpf-pid----373029----pid-373029
---ebpf-pid----2088----pid-1
---ebpf-pid----2088----pid-2088
---ebpf-pid----373029----pid-5476
---ebpf-pid----373029----pid-1
---ebpf-pid----373029----pid-373029
---ebpf-pid----373029----pid-5476
---ebpf-pid----373029----pid-1
---ebpf-pid----5705----pid-5705
---ebpf-pid----5705----pid-5476
---ebpf-pid----5705----pid-1
---ebpf-pid----5705----pid-5705
---ebpf-pid----5705----pid-5476
---ebpf-pid----5705----pid-1
---ebpf-pid----5705----pid-5705
---ebpf-pid----5705----pid-5476
---ebpf-pid----5705----pid-1
---ebpf-pid----5705----pid-5705
---ebpf-pid----5705----pid-5476
---ebpf-pid----5705----pid-1
---ebpf-pid----5705----pid-5705
---ebpf-pid----5705----pid-5476
---ebpf-pid----5705----pid-1
---ebpf-pid----5705----pid-5705
---ebpf-pid----5705----pid-5476
---ebpf-pid----5705----pid-1
---ebpf-pid----5705----pid-5705
---ebpf-pid----5705----pid-5476
---ebpf-pid----5705----pid-1
---ebpf-pid----5705----pid-5705
---ebpf-pid----5705----pid-5476
---ebpf-pid----5705----pid-1
---ebpf-pid----5705----pid-5705
---ebpf-pid----5705----pid-5476
---ebpf-pid----2088----pid-1
---ebpf-pid----2088----pid-2088
---ebpf-pid----5705----pid-1
---ebpf-pid----5705----pid-5705
---ebpf-pid----2088----pid-1
---ebpf-pid----2088----pid-2088
---ebpf-pid----5705----pid-5476
---ebpf-pid----2088----pid-1
---ebpf-pid----5705----pid-1
---ebpf-pid----2088----pid-2088
---ebpf-pid----5705----pid-5705
---ebpf-pid----2088----pid-1
---ebpf-pid----5705----pid-5476
---ebpf-pid----2088----pid-2088
---ebpf-pid----5705----pid-1
---ebpf-pid----2088----pid-1
---ebpf-pid----5705----pid-5705
---ebpf-pid----2088----pid-2088
---ebpf-pid----5705----pid-5476
---ebpf-pid----2088----pid-1
---ebpf-pid----2088----pid-2088
---ebpf-pid----5705----pid-1
---ebpf-pid----5705----pid-5705
---ebpf-pid----2088----pid-1
---ebpf-pid----2088----pid-2088
---ebpf-pid----5705----pid-5476
---ebpf-pid----2088----pid-1
---ebpf-pid----2088----pid-2088
---ebpf-pid----5705----pid-1
---ebpf-pid----5705----pid-5705
---ebpf-pid----2088----pid-1
---ebpf-pid----2088----pid-2088
---ebpf-pid----5705----pid-5476
---ebpf-pid----2088----pid-1
---ebpf-pid----5705----pid-1
---ebpf-pid----2088----pid-2088
---ebpf-pid----2094----pid-2094
---ebpf-pid----2088----pid-1
---ebpf-pid----2094----pid-1
---ebpf-pid----2088----pid-2088
---ebpf-pid----2094----pid-2094
---ebpf-pid----2094----pid-1
---ebpf-pid----2088----pid-1
---ebpf-pid----2094----pid-2094
---ebpf-pid----2088----pid-2088
---ebpf-pid----2094----pid-1
---ebpf-pid----2088----pid-1
---ebpf-pid----2094----pid-2094
---ebpf-pid----2088----pid-2088
---ebpf-pid----2094----pid-1
---ebpf-pid----2088----pid-1
---ebpf-pid----2094----pid-2094
---ebpf-pid----2088----pid-2088
---ebpf-pid----2094----pid-1
---ebpf-pid----2088----pid-1
---ebpf-pid----2094----pid-2094
---ebpf-pid----2088----pid-2088
---ebpf-pid----2088----pid-1
---ebpf-pid----2088----pid-2088
---ebpf-pid----2088----pid-1
---ebpf-pid----2088----pid-2088
---ebpf-pid----2088----pid-1
---ebpf-pid----2088----pid-2088
---ebpf-pid----2088----pid-1
---ebpf-pid----2088----pid-2088
---ebpf-pid----2088----pid-1
---ebpf-pid----2088----pid-2088
---ebpf-pid----2088----pid-1
---ebpf-pid----5705----pid-5705
---ebpf-pid----5705----pid-5476
---ebpf-pid----2094----pid-1
---ebpf-pid----2094----pid-2094
---ebpf-pid----2094----pid-1
---ebpf-pid----2094----pid-2094
---ebpf-pid----2094----pid-1
---ebpf-pid----2094----pid-2094
---ebpf-pid----2094----pid-1
---ebpf-pid----2094----pid-2094
---ebpf-pid----2094----pid-1
---ebpf-pid----2094----pid-2094
---ebpf-pid----2094----pid-1
---ebpf-pid----2094----pid-2094
---ebpf-pid----2094----pid-1
---ebpf-pid----2094----pid-2094
---ebpf-pid----2094----pid-1
---ebpf-pid----2094----pid-2094
---ebpf-pid----2094----pid-1
---ebpf-pid----2094----pid-2094
---ebpf-pid----2094----pid-1
---ebpf-pid----2094----pid-2094
---ebpf-pid----2094----pid-1
---ebpf-pid----2094----pid-2094
---ebpf-pid----2094----pid-1
---ebpf-pid----2094----pid-2094
---ebpf-pid----2094----pid-1
---ebpf-pid----2094----pid-2094
---ebpf-pid----2094----pid-1
---ebpf-pid----2094----pid-2094
---ebpf-pid----2094----pid-1
---ebpf-pid----2088----pid-2088
---ebpf-pid----2088----pid-1
---ebpf-pid----2088----pid-2088
---ebpf-pid----2088----pid-1
---ebpf-pid----2088----pid-2088
---ebpf-pid----2088----pid-1
---ebpf-pid----2088----pid-2088
---ebpf-pid----2088----pid-1
---ebpf-pid----2088----pid-2088
---ebpf-pid----2088----pid-1
---ebpf-pid----2088----pid-2088
---ebpf-pid----2088----pid-1
---ebpf-pid----2088----pid-2088
---ebpf-pid----2088----pid-1
---ebpf-pid----2088----pid-2088
---ebpf-pid----2088----pid-1
---ebpf-pid----2088----pid-2088
---ebpf-pid----2088----pid-1
---ebpf-pid----2088----pid-2088
---ebpf-pid----2088----pid-1
---ebpf-pid----2029----pid-2029
---ebpf-pid----5705----pid-1
---ebpf-pid----5705----pid-5705
---ebpf-pid----5705----pid-5476
---ebpf-pid----2029----pid-1
---ebpf-pid----2029----pid-2029
---ebpf-pid----2029----pid-1
---ebpf-pid----2029----pid-2029
---ebpf-pid----2029----pid-1
---ebpf-pid----2029----pid-2029
---ebpf-pid----2029----pid-1
---ebpf-pid----2029----pid-2029
---ebpf-pid----5705----pid-1
---ebpf-pid----2029----pid-1
---ebpf-pid----2029----pid-2029
---ebpf-pid----5705----pid-5705
---ebpf-pid----2029----pid-1
---ebpf-pid----5705----pid-5476
---ebpf-pid----2029----pid-2029
---ebpf-pid----5705----pid-1
---ebpf-pid----2029----pid-1
---ebpf-pid----5705----pid-5705
---ebpf-pid----2029----pid-2029
---ebpf-pid----5705----pid-5476
---ebpf-pid----2029----pid-1
---ebpf-pid----2029----pid-2029
---ebpf-pid----5705----pid-1
---ebpf-pid----5705----pid-5705
---ebpf-pid----5705----pid-5476
---ebpf-pid----5705----pid-1
---ebpf-pid----5705----pid-5705
---ebpf-pid----5705----pid-5476
---ebpf-pid----5705----pid-1
---ebpf-pid----2029----pid-1
---ebpf-pid----5705----pid-5705
---ebpf-pid----2029----pid-2029
---ebpf-pid----5705----pid-5476
---ebpf-pid----2029----pid-1
---ebpf-pid----2094----pid-2094
---ebpf-pid----5705----pid-1
---ebpf-pid----5705----pid-5705
---ebpf-pid----2094----pid-1
---ebpf-pid----2094----pid-2094
---ebpf-pid----5705----pid-5476
---ebpf-pid----2094----pid-1
---ebpf-pid----2094----pid-2094
---ebpf-pid----5705----pid-1
---ebpf-pid----5705----pid-5705
---ebpf-pid----2094----pid-1
---ebpf-pid----5705----pid-5476
---ebpf-pid----2094----pid-2094
---ebpf-pid----5705----pid-1
---ebpf-pid----2094----pid-1
---ebpf-pid----5705----pid-5705
---ebpf-pid----2094----pid-2094
---ebpf-pid----5705----pid-5476
---ebpf-pid----2094----pid-1
---ebpf-pid----2094----pid-2094
---ebpf-pid----5705----pid-1
---ebpf-pid----2094----pid-1
---ebpf-pid----6671----pid-6671
---ebpf-pid----2094----pid-2094
---ebpf-pid----6671----pid-5476
---ebpf-pid----2094----pid-1
---ebpf-pid----2094----pid-2094
---ebpf-pid----6671----pid-1
---ebpf-pid----6671----pid-6671
---ebpf-pid----2094----pid-1
---ebpf-pid----2094----pid-2094
---ebpf-pid----6671----pid-5476
---ebpf-pid----2094----pid-1
---ebpf-pid----6671----pid-1
---ebpf-pid----2094----pid-2094
---ebpf-pid----6671----pid-6671
---ebpf-pid----2094----pid-1
---ebpf-pid----2012----pid-2012
Failed to get process information for PID 0
---ebpf-pid----2012----pid-1
---ebpf-pid----2012----pid-2012
---ebpf-pid----2012----pid-1
---ebpf-pid----2012----pid-2012
---ebpf-pid----2012----pid-1
---ebpf-pid----2012----pid-2012
---ebpf-pid----2012----pid-1
---ebpf-pid----2012----pid-2012
---ebpf-pid----2012----pid-1
---ebpf-pid----2012----pid-2012
---ebpf-pid----2012----pid-1
---ebpf-pid----2012----pid-2012
---ebpf-pid----2012----pid-1
---ebpf-pid----2012----pid-2012
---ebpf-pid----2012----pid-1
---ebpf-pid----2012----pid-2012
---ebpf-pid----2012----pid-1
---ebpf-pid----2012----pid-2012
---ebpf-pid----2012----pid-1
---ebpf-pid----2012----pid-2012
---ebpf-pid----2012----pid-1
---ebpf-pid----2012----pid-2012
---ebpf-pid----2012----pid-1
---ebpf-pid----2012----pid-2012
---ebpf-pid----6671----pid-5476
---ebpf-pid----2012----pid-1
---ebpf-pid----2012----pid-2012
---ebpf-pid----6671----pid-1
---ebpf-pid----2012----pid-1
---ebpf-pid----6671----pid-6671
---ebpf-pid----2012----pid-2012
---ebpf-pid----6671----pid-5476
---ebpf-pid----2012----pid-1
---ebpf-pid----2012----pid-2012
---ebpf-pid----6671----pid-1
---ebpf-pid----6671----pid-6671
---ebpf-pid----2012----pid-1
---ebpf-pid----2012----pid-2012
---ebpf-pid----6671----pid-5476
---ebpf-pid----2012----pid-1
---ebpf-pid----2012----pid-2012
---ebpf-pid----6671----pid-1
---ebpf-pid----6671----pid-6671
---ebpf-pid----2012----pid-1
---ebpf-pid----2012----pid-2012
---ebpf-pid----6671----pid-5476
---ebpf-pid----2012----pid-1
---ebpf-pid----6671----pid-1
---ebpf-pid----2012----pid-2012
---ebpf-pid----6671----pid-6671
---ebpf-pid----2012----pid-1
---ebpf-pid----6671----pid-5476
---ebpf-pid----6671----pid-6671
---ebpf-pid----6671----pid-1
---ebpf-pid----6671----pid-5476
---ebpf-pid----6671----pid-6671
---ebpf-pid----6671----pid-1
---ebpf-pid----6671----pid-5476
---ebpf-pid----6671----pid-6671
---ebpf-pid----6671----pid-1
---ebpf-pid----6671----pid-5476
---ebpf-pid----6671----pid-6671
---ebpf-pid----6671----pid-1
---ebpf-pid----6671----pid-5476
---ebpf-pid----6671----pid-6671
---ebpf-pid----6671----pid-1
---ebpf-pid----6671----pid-5476
---ebpf-pid----6671----pid-6671
---ebpf-pid----6671----pid-1
---ebpf-pid----6671----pid-5476
---ebpf-pid----6671----pid-6671
---ebpf-pid----6671----pid-1
---ebpf-pid----6671----pid-5476
---ebpf-pid----6671----pid-6671
---ebpf-pid----6671----pid-5476
---ebpf-pid----6671----pid-1
---ebpf-pid----6671----pid-6671
---ebpf-pid----6671----pid-5476
---ebpf-pid----6671----pid-1
---ebpf-pid----6671----pid-6671
---ebpf-pid----6671----pid-5476
---ebpf-pid----6671----pid-1
---ebpf-pid----6671----pid-6671
---ebpf-pid----6671----pid-5476
---ebpf-pid----6671----pid-1
---ebpf-pid----6671----pid-6671
---ebpf-pid----6671----pid-1
---ebpf-pid----6671----pid-6671
---ebpf-pid----6671----pid-5476
---ebpf-pid----6671----pid-1
---ebpf-pid----6671----pid-6671
---ebpf-pid----6671----pid-5476
---ebpf-pid----6671----pid-1
---ebpf-pid----6671----pid-6671
---ebpf-pid----6671----pid-5476
---ebpf-pid----6671----pid-1
---ebpf-pid----6671----pid-6671
---ebpf-pid----6671----pid-5476
---ebpf-pid----6671----pid-1
---ebpf-pid----6671----pid-6671
---ebpf-pid----6671----pid-5476
---ebpf-pid----6671----pid-1
---ebpf-pid----6671----pid-6671
---ebpf-pid----6671----pid-5476
---ebpf-pid----6671----pid-1
---ebpf-pid----2094----pid-2094
---ebpf-pid----2094----pid-1
---ebpf-pid----2094----pid-2094
---ebpf-pid----2094----pid-1
---ebpf-pid----2094----pid-2094
---ebpf-pid----2094----pid-1
---ebpf-pid----2094----pid-2094
---ebpf-pid----2094----pid-1
---ebpf-pid----2094----pid-2094
---ebpf-pid----2094----pid-1
---ebpf-pid----2094----pid-2094
---ebpf-pid----6671----pid-5476
---ebpf-pid----6671----pid-1
---ebpf-pid----6671----pid-6671
---ebpf-pid----6671----pid-5476
---ebpf-pid----6671----pid-1
---ebpf-pid----6671----pid-6671
---ebpf-pid----6671----pid-5476
---ebpf-pid----6671----pid-1
---ebpf-pid----5703----pid-5703
---ebpf-pid----2094----pid-1
---ebpf-pid----2094----pid-2094
---ebpf-pid----5703----pid-5476
---ebpf-pid----2094----pid-1
---ebpf-pid----2094----pid-2094
---ebpf-pid----5703----pid-1
---ebpf-pid----379067----pid-379067
---ebpf-pid----2094----pid-1
---ebpf-pid----379067----pid-5476
---ebpf-pid----2094----pid-2094
---ebpf-pid----379067----pid-1
---ebpf-pid----379067----pid-379067
---ebpf-pid----2094----pid-1
---ebpf-pid----379067----pid-5476
---ebpf-pid----2094----pid-2094
---ebpf-pid----379067----pid-1
---ebpf-pid----2094----pid-1
---ebpf-pid----379067----pid-379067
---ebpf-pid----2094----pid-2094
---ebpf-pid----379067----pid-5476
---ebpf-pid----2094----pid-1
---ebpf-pid----2094----pid-2094
---ebpf-pid----379067----pid-1
---ebpf-pid----379067----pid-379067
---ebpf-pid----2094----pid-1
---ebpf-pid----2094----pid-2094
---ebpf-pid----379067----pid-5476
---ebpf-pid----2094----pid-1
---ebpf-pid----379067----pid-1
---ebpf-pid----2094----pid-2094
---ebpf-pid----448785----pid-448785
---ebpf-pid----2094----pid-1
---ebpf-pid----448785----pid-448520
---ebpf-pid----2088----pid-2088
---ebpf-pid----2088----pid-1
---ebpf-pid----448785----pid-1
---ebpf-pid----2088----pid-2088
---ebpf-pid----373029----pid-373029
---ebpf-pid----2088----pid-1
---ebpf-pid----373029----pid-5476
---ebpf-pid----2088----pid-2088
---ebpf-pid----373029----pid-1
---ebpf-pid----2088----pid-1
---ebpf-pid----373029----pid-373029
---ebpf-pid----2088----pid-2088
---ebpf-pid----373029----pid-5476
---ebpf-pid----2088----pid-1
---ebpf-pid----2088----pid-2088
---ebpf-pid----373029----pid-1
---ebpf-pid----373029----pid-373029
---ebpf-pid----2088----pid-1
---ebpf-pid----2088----pid-2088
---ebpf-pid----373029----pid-5476
---ebpf-pid----2088----pid-1
---ebpf-pid----2094----pid-2094
---ebpf-pid----373029----pid-1
---ebpf-pid----373029----pid-373029
---ebpf-pid----2094----pid-1
---ebpf-pid----2094----pid-2094
---ebpf-pid----373029----pid-5476
---ebpf-pid----373029----pid-1
---ebpf-pid----2094----pid-1
---ebpf-pid----2094----pid-2094
---ebpf-pid----2094----pid-1
---ebpf-pid----2094----pid-2094
---ebpf-pid----2094----pid-1
---ebpf-pid----2094----pid-2094
---ebpf-pid----2094----pid-1
---ebpf-pid----2094----pid-2094
---ebpf-pid----2094----pid-1
---ebpf-pid----2094----pid-2094
---ebpf-pid----2094----pid-1
---ebpf-pid----2094----pid-2094
---ebpf-pid----2094----pid-1
---ebpf-pid----2094----pid-2094
---ebpf-pid----2094----pid-1
---ebpf-pid----2094----pid-2094
---ebpf-pid----2094----pid-1
---ebpf-pid----2094----pid-2094
---ebpf-pid----2094----pid-1
---ebpf-pid----2094----pid-2094
---ebpf-pid----2094----pid-1
---ebpf-pid----2094----pid-2094
---ebpf-pid----2094----pid-1
---ebpf-pid----2094----pid-2094
---ebpf-pid----2094----pid-1
---ebpf-pid----2094----pid-2094
---ebpf-pid----2094----pid-1
---ebpf-pid----2094----pid-2094
---ebpf-pid----2094----pid-1
---ebpf-pid----2094----pid-2094
---ebpf-pid----2094----pid-1
---ebpf-pid----2094----pid-2094
---ebpf-pid----2094----pid-1
---ebpf-pid----2094----pid-2094
---ebpf-pid----2094----pid-1
---ebpf-pid----2094----pid-2094
---ebpf-pid----2094----pid-1
---ebpf-pid----2094----pid-2094
---ebpf-pid----2094----pid-1
---ebpf-pid----2094----pid-2094
---ebpf-pid----2094----pid-1
---ebpf-pid----2094----pid-2094
---ebpf-pid----2094----pid-1
---ebpf-pid----2094----pid-2094
---ebpf-pid----2094----pid-1
---ebpf-pid----2094----pid-2094
---ebpf-pid----2094----pid-1
---ebpf-pid----2094----pid-2094
---ebpf-pid----2094----pid-1
---ebpf-pid----2094----pid-2094
---ebpf-pid----2094----pid-1
---ebpf-pid----2094----pid-2094
---ebpf-pid----2094----pid-1
---ebpf-pid----2094----pid-2094
---ebpf-pid----2094----pid-1
---ebpf-pid----2094----pid-2094
---ebpf-pid----373029----pid-373029
---ebpf-pid----2094----pid-1
---ebpf-pid----6671----pid-6671
---ebpf-pid----373029----pid-5476
---ebpf-pid----6671----pid-5476
---ebpf-pid----373029----pid-1
---ebpf-pid----373029----pid-373029
---ebpf-pid----373029----pid-5476
---ebpf-pid----373029----pid-1
---ebpf-pid----373029----pid-373029
---ebpf-pid----373029----pid-5476
---ebpf-pid----373029----pid-1
---ebpf-pid----373029----pid-373029
---ebpf-pid----373029----pid-5476
---ebpf-pid----6671----pid-1
---ebpf-pid----6671----pid-6671
---ebpf-pid----373029----pid-1
---ebpf-pid----373029----pid-373029
---ebpf-pid----6671----pid-5476
---ebpf-pid----373029----pid-5476
---ebpf-pid----6671----pid-1
---ebpf-pid----6671----pid-6671
---ebpf-pid----373029----pid-1
---ebpf-pid----373029----pid-373029
---ebpf-pid----6671----pid-5476
---ebpf-pid----6671----pid-1
---ebpf-pid----6671----pid-6671
---ebpf-pid----6671----pid-5476
---ebpf-pid----6671----pid-1
---ebpf-pid----6671----pid-6671
---ebpf-pid----6671----pid-5476
---ebpf-pid----6671----pid-1
---ebpf-pid----6671----pid-6671
---ebpf-pid----6671----pid-5476
---ebpf-pid----6671----pid-1
---ebpf-pid----6671----pid-6671
---ebpf-pid----6671----pid-5476
---ebpf-pid----373029----pid-5476
---ebpf-pid----6671----pid-1
---ebpf-pid----6671----pid-6671
---ebpf-pid----373029----pid-1
---ebpf-pid----6671----pid-5476
---ebpf-pid----373029----pid-373029
---ebpf-pid----6671----pid-1
---ebpf-pid----373029----pid-5476
---ebpf-pid----6671----pid-6671
---ebpf-pid----373029----pid-1
---ebpf-pid----6671----pid-5476
---ebpf-pid----373029----pid-373029
---ebpf-pid----6671----pid-1
---ebpf-pid----373029----pid-5476
---ebpf-pid----6671----pid-6671
---ebpf-pid----373029----pid-1
---ebpf-pid----6671----pid-5476
---ebpf-pid----373029----pid-373029
---ebpf-pid----6671----pid-1
---ebpf-pid----373029----pid-5476
---ebpf-pid----5705----pid-5705
---ebpf-pid----373029----pid-1
---ebpf-pid----5705----pid-5476
---ebpf-pid----373029----pid-373029
---ebpf-pid----373029----pid-5476
---ebpf-pid----373029----pid-1
---ebpf-pid----373029----pid-373029
---ebpf-pid----373029----pid-5476
---ebpf-pid----5705----pid-1
---ebpf-pid----5705----pid-5705
---ebpf-pid----373029----pid-1
---ebpf-pid----5705----pid-5476
---ebpf-pid----373029----pid-373029
---ebpf-pid----5705----pid-1
---ebpf-pid----373029----pid-5476
---ebpf-pid----5705----pid-5705
---ebpf-pid----373029----pid-1
---ebpf-pid----5705----pid-5476
---ebpf-pid----373029----pid-373029
---ebpf-pid----373029----pid-5476
---ebpf-pid----5705----pid-1
---ebpf-pid----2012----pid-2012
---ebpf-pid----373029----pid-1
---ebpf-pid----379067----pid-379067
---ebpf-pid----2012----pid-1
---ebpf-pid----2012----pid-2012
---ebpf-pid----379067----pid-5476
---ebpf-pid----2012----pid-1
---ebpf-pid----379067----pid-1
---ebpf-pid----2012----pid-2012
---ebpf-pid----379067----pid-379067
---ebpf-pid----2012----pid-1
---ebpf-pid----379067----pid-5476
---ebpf-pid----2012----pid-2012
---ebpf-pid----379067----pid-1
---ebpf-pid----2012----pid-1
---ebpf-pid----5705----pid-5705
---ebpf-pid----2012----pid-2012
---ebpf-pid----5705----pid-5476
---ebpf-pid----2012----pid-1
---ebpf-pid----2012----pid-2012
---ebpf-pid----5705----pid-1
---ebpf-pid----5705----pid-5705
---ebpf-pid----2012----pid-1
---ebpf-pid----2012----pid-2012
---ebpf-pid----5705----pid-5476
---ebpf-pid----2012----pid-1
---ebpf-pid----5705----pid-5705
---ebpf-pid----5705----pid-1
---ebpf-pid----379067----pid-379067
---ebpf-pid----5705----pid-5476
---ebpf-pid----379067----pid-5476
---ebpf-pid----5705----pid-1
---ebpf-pid----5705----pid-5705
---ebpf-pid----5705----pid-5476
---ebpf-pid----5705----pid-1
---ebpf-pid----5705----pid-5705
---ebpf-pid----5705----pid-5476
---ebpf-pid----5705----pid-1
---ebpf-pid----5705----pid-5705
---ebpf-pid----5705----pid-5476
---ebpf-pid----5705----pid-1
---ebpf-pid----5705----pid-5705
---ebpf-pid----5705----pid-5476
---ebpf-pid----5705----pid-1
---ebpf-pid----5705----pid-5705
---ebpf-pid----5705----pid-5476
---ebpf-pid----5705----pid-1
---ebpf-pid----5705----pid-5705
---ebpf-pid----5705----pid-5476
---ebpf-pid----5705----pid-1
---ebpf-pid----5705----pid-5705
---ebpf-pid----5705----pid-5476
---ebpf-pid----5705----pid-1
---ebpf-pid----5705----pid-5705
---ebpf-pid----5705----pid-5476
---ebpf-pid----5705----pid-1
---ebpf-pid----5705----pid-5705
---ebpf-pid----5705----pid-5476
---ebpf-pid----5705----pid-1
---ebpf-pid----5705----pid-5705
---ebpf-pid----5705----pid-5476
---ebpf-pid----379067----pid-1
---ebpf-pid----379067----pid-379067
---ebpf-pid----5705----pid-1
---ebpf-pid----5705----pid-5705
---ebpf-pid----379067----pid-5476
---ebpf-pid----5705----pid-5476
---ebpf-pid----379067----pid-1
---ebpf-pid----379067----pid-379067
---ebpf-pid----5705----pid-1
---ebpf-pid----5705----pid-5705
---ebpf-pid----379067----pid-5476
---ebpf-pid----5705----pid-5476
---ebpf-pid----379067----pid-1
---ebpf-pid----5705----pid-5705
---ebpf-pid----5705----pid-1
---ebpf-pid----5705----pid-5705
---ebpf-pid----5705----pid-5476
---ebpf-pid----5705----pid-5476
---ebpf-pid----5705----pid-1
---ebpf-pid----5705----pid-5705
---ebpf-pid----5705----pid-1
---ebpf-pid----5705----pid-5705
---ebpf-pid----5705----pid-5476
---ebpf-pid----5705----pid-5476
---ebpf-pid----5705----pid-1
---ebpf-pid----5705----pid-1
---ebpf-pid----379067----pid-379067
---ebpf-pid----5705----pid-5705
---ebpf-pid----379067----pid-5476
---ebpf-pid----379067----pid-1
---ebpf-pid----2089----pid-2089
---ebpf-pid----2089----pid-1
---ebpf-pid----2089----pid-2089
---ebpf-pid----2089----pid-1
---ebpf-pid----2089----pid-2089
---ebpf-pid----2089----pid-1
---ebpf-pid----2089----pid-2089
---ebpf-pid----2089----pid-1
---ebpf-pid----2089----pid-2089
---ebpf-pid----5705----pid-5476
---ebpf-pid----2089----pid-1
---ebpf-pid----2089----pid-2089
---ebpf-pid----5705----pid-1
---ebpf-pid----5705----pid-5705
---ebpf-pid----2089----pid-1
---ebpf-pid----2089----pid-2089
---ebpf-pid----5705----pid-5476
---ebpf-pid----2089----pid-1
---ebpf-pid----2089----pid-2089
---ebpf-pid----5705----pid-1
---ebpf-pid----5705----pid-5705
---ebpf-pid----2089----pid-1
---ebpf-pid----2089----pid-2089
---ebpf-pid----5705----pid-5476
---ebpf-pid----2089----pid-1
---ebpf-pid----5705----pid-1
---ebpf-pid----2089----pid-2089
---ebpf-pid----5705----pid-5705
---ebpf-pid----5705----pid-5476
---ebpf-pid----2089----pid-1
---ebpf-pid----5705----pid-5705
---ebpf-pid----5705----pid-1
---ebpf-pid----5705----pid-5705
---ebpf-pid----5705----pid-5476
---ebpf-pid----5705----pid-5476
---ebpf-pid----5705----pid-1
---ebpf-pid----5705----pid-5705
---ebpf-pid----5705----pid-1
---ebpf-pid----6671----pid-6671
---ebpf-pid----5705----pid-5476
---ebpf-pid----5705----pid-1
---ebpf-pid----6671----pid-5476
---ebpf-pid----6671----pid-1
---ebpf-pid----6671----pid-6671
---ebpf-pid----6671----pid-5476
---ebpf-pid----6671----pid-1
---ebpf-pid----6671----pid-6671
---ebpf-pid----6671----pid-5476
---ebpf-pid----6671----pid-1
---ebpf-pid----6671----pid-6671
---ebpf-pid----6671----pid-5476
---ebpf-pid----6671----pid-1
---ebpf-pid----6671----pid-6671
---ebpf-pid----6671----pid-5476
---ebpf-pid----6671----pid-1
---ebpf-pid----6671----pid-6671
---ebpf-pid----6671----pid-5476
---ebpf-pid----6671----pid-1
---ebpf-pid----6671----pid-6671
---ebpf-pid----6671----pid-5476
---ebpf-pid----6671----pid-1
---ebpf-pid----6671----pid-6671
---ebpf-pid----6671----pid-5476
---ebpf-pid----6671----pid-1
---ebpf-pid----6671----pid-6671
---ebpf-pid----6671----pid-5476
---ebpf-pid----6671----pid-1
---ebpf-pid----6671----pid-6671
---ebpf-pid----6671----pid-5476
---ebpf-pid----6671----pid-1
---ebpf-pid----379067----pid-379067
---ebpf-pid----379067----pid-5476
---ebpf-pid----379067----pid-1
---ebpf-pid----379067----pid-379067
---ebpf-pid----5705----pid-5705
---ebpf-pid----379067----pid-5476
---ebpf-pid----5705----pid-5476
---ebpf-pid----379067----pid-1
---ebpf-pid----5705----pid-1
---ebpf-pid----5705----pid-5705
---ebpf-pid----379067----pid-379067
---ebpf-pid----5705----pid-5476
---ebpf-pid----379067----pid-5476
---ebpf-pid----5705----pid-1
---ebpf-pid----379067----pid-1
---ebpf-pid----5705----pid-5705
---ebpf-pid----379067----pid-379067
---ebpf-pid----5705----pid-5476
---ebpf-pid----379067----pid-5476
---ebpf-pid----379067----pid-1
---ebpf-pid----5705----pid-1
---ebpf-pid----379067----pid-379067
---ebpf-pid----5705----pid-5705
---ebpf-pid----379067----pid-5476
---ebpf-pid----5705----pid-5476
---ebpf-pid----379067----pid-1
---ebpf-pid----5705----pid-1
---ebpf-pid----379067----pid-379067
---ebpf-pid----5705----pid-5705
---ebpf-pid----379067----pid-5476
---ebpf-pid----5705----pid-5476
---ebpf-pid----379067----pid-1
---ebpf-pid----5705----pid-1
---ebpf-pid----379067----pid-379067
---ebpf-pid----5705----pid-5705
---ebpf-pid----5705----pid-5476
---ebpf-pid----5705----pid-1
---ebpf-pid----5705----pid-5705
---ebpf-pid----5705----pid-5476
---ebpf-pid----5705----pid-1
---ebpf-pid----5705----pid-5705
---ebpf-pid----5705----pid-5476
---ebpf-pid----5705----pid-1
---ebpf-pid----5705----pid-5705
---ebpf-pid----5705----pid-5476
---ebpf-pid----5705----pid-1
---ebpf-pid----5705----pid-5705
---ebpf-pid----379067----pid-5476
---ebpf-pid----379067----pid-1
---ebpf-pid----379067----pid-379067
---ebpf-pid----379067----pid-5476
---ebpf-pid----379067----pid-1
---ebpf-pid----379067----pid-379067
---ebpf-pid----379067----pid-5476
---ebpf-pid----379067----pid-1
---ebpf-pid----379067----pid-379067
---ebpf-pid----379067----pid-5476
---ebpf-pid----379067----pid-1
---ebpf-pid----373029----pid-373029
---ebpf-pid----373029----pid-5476
---ebpf-pid----373029----pid-1
---ebpf-pid----373029----pid-373029
---ebpf-pid----373029----pid-5476
---ebpf-pid----373029----pid-1
---ebpf-pid----373029----pid-373029
---ebpf-pid----373029----pid-5476
---ebpf-pid----373029----pid-1
---ebpf-pid----373029----pid-373029
---ebpf-pid----373029----pid-5476
---ebpf-pid----5705----pid-5476
---ebpf-pid----373029----pid-1
---ebpf-pid----5705----pid-1
---ebpf-pid----373029----pid-373029
---ebpf-pid----5705----pid-5705
---ebpf-pid----373029----pid-5476
---ebpf-pid----5705----pid-5476
---ebpf-pid----5705----pid-1
---ebpf-pid----373029----pid-1
---ebpf-pid----5705----pid-5705
---ebpf-pid----373029----pid-373029
---ebpf-pid----5705----pid-5476
---ebpf-pid----5705----pid-1
---ebpf-pid----373029----pid-5476
---ebpf-pid----373029----pid-373029
---ebpf-pid----373029----pid-1
---ebpf-pid----373029----pid-5476
---ebpf-pid----373029----pid-373029
---ebpf-pid----373029----pid-1
---ebpf-pid----373029----pid-5476
---ebpf-pid----373029----pid-373029
---ebpf-pid----373029----pid-1
---ebpf-pid----373029----pid-5476
---ebpf-pid----373029----pid-373029
---ebpf-pid----373029----pid-1
---ebpf-pid----373029----pid-5476
---ebpf-pid----373029----pid-373029
---ebpf-pid----373029----pid-1
---ebpf-pid----373029----pid-5476
---ebpf-pid----373029----pid-373029
---ebpf-pid----373029----pid-1
---ebpf-pid----373029----pid-5476
---ebpf-pid----373029----pid-373029
---ebpf-pid----373029----pid-1
---ebpf-pid----373029----pid-5476
---ebpf-pid----373029----pid-373029
---ebpf-pid----373029----pid-1
---ebpf-pid----373029----pid-373029
---ebpf-pid----373029----pid-5476
---ebpf-pid----373029----pid-5476
---ebpf-pid----373029----pid-1
---ebpf-pid----373029----pid-373029
---ebpf-pid----373029----pid-1
---ebpf-pid----373029----pid-373029
---ebpf-pid----373029----pid-5476
---ebpf-pid----373029----pid-5476
---ebpf-pid----373029----pid-1
---ebpf-pid----373029----pid-373029
---ebpf-pid----373029----pid-1
---ebpf-pid----373029----pid-5476
---ebpf-pid----373029----pid-373029
---ebpf-pid----373029----pid-1
---ebpf-pid----373029----pid-5476
---ebpf-pid----373029----pid-373029
---ebpf-pid----373029----pid-1
---ebpf-pid----373029----pid-373029
---ebpf-pid----373029----pid-5476
---ebpf-pid----373029----pid-5476
---ebpf-pid----373029----pid-1
---ebpf-pid----373029----pid-373029
---ebpf-pid----373029----pid-1
---ebpf-pid----373029----pid-373029
---ebpf-pid----373029----pid-5476
---ebpf-pid----373029----pid-1
---ebpf-pid----373029----pid-5476
---ebpf-pid----373029----pid-373029
---ebpf-pid----373029----pid-1
---ebpf-pid----373029----pid-5476
---ebpf-pid----373029----pid-373029
---ebpf-pid----373029----pid-5476
---ebpf-pid----373029----pid-1
---ebpf-pid----373029----pid-373029
---ebpf-pid----373029----pid-1
---ebpf-pid----373029----pid-373029
---ebpf-pid----373029----pid-5476
---ebpf-pid----373029----pid-5476
---ebpf-pid----373029----pid-1
---ebpf-pid----373029----pid-373029
---ebpf-pid----373029----pid-1
---ebpf-pid----373029----pid-373029
---ebpf-pid----373029----pid-5476
---ebpf-pid----373029----pid-1
---ebpf-pid----373029----pid-5476
---ebpf-pid----373029----pid-373029
---ebpf-pid----373029----pid-1
---ebpf-pid----373029----pid-5476
---ebpf-pid----373029----pid-373029
---ebpf-pid----373029----pid-1
---ebpf-pid----373029----pid-5476
---ebpf-pid----373029----pid-373029
---ebpf-pid----373029----pid-1
---ebpf-pid----373029----pid-5476
---ebpf-pid----373029----pid-373029
---ebpf-pid----373029----pid-1
---ebpf-pid----373029----pid-5476
---ebpf-pid----373029----pid-373029
---ebpf-pid----373029----pid-1
---ebpf-pid----373029----pid-5476
---ebpf-pid----373029----pid-373029
---ebpf-pid----373029----pid-1
---ebpf-pid----373029----pid-5476
---ebpf-pid----373029----pid-373029
---ebpf-pid----373029----pid-1
---ebpf-pid----373029----pid-5476
---ebpf-pid----373029----pid-373029
---ebpf-pid----373029----pid-1
---ebpf-pid----373029----pid-5476
---ebpf-pid----6671----pid-6671
---ebpf-pid----373029----pid-1
---ebpf-pid----6671----pid-5476
---ebpf-pid----373029----pid-373029
---ebpf-pid----6671----pid-1
---ebpf-pid----373029----pid-5476
---ebpf-pid----6671----pid-6671
---ebpf-pid----373029----pid-1
---ebpf-pid----6671----pid-5476
---ebpf-pid----373029----pid-373029
---ebpf-pid----6671----pid-1
---ebpf-pid----373029----pid-5476
---ebpf-pid----6671----pid-6671
---ebpf-pid----373029----pid-1
---ebpf-pid----373029----pid-373029
---ebpf-pid----6671----pid-5476
---ebpf-pid----373029----pid-5476
---ebpf-pid----6671----pid-1
---ebpf-pid----6671----pid-6671
---ebpf-pid----373029----pid-1
---ebpf-pid----373029----pid-373029
---ebpf-pid----6671----pid-5476
---ebpf-pid----373029----pid-5476
---ebpf-pid----6671----pid-1
---ebpf-pid----6671----pid-6671
---ebpf-pid----373029----pid-1
---ebpf-pid----373029----pid-373029
---ebpf-pid----373029----pid-5476
---ebpf-pid----373029----pid-1
---ebpf-pid----373029----pid-373029
---ebpf-pid----373029----pid-5476
---ebpf-pid----373029----pid-1
---ebpf-pid----373029----pid-373029
---ebpf-pid----373029----pid-5476
---ebpf-pid----373029----pid-1
---ebpf-pid----373029----pid-373029
---ebpf-pid----373029----pid-5476
---ebpf-pid----373029----pid-1
---ebpf-pid----373029----pid-373029
---ebpf-pid----373029----pid-5476
---ebpf-pid----373029----pid-1
---ebpf-pid----5705----pid-5705
---ebpf-pid----5705----pid-5476
---ebpf-pid----5705----pid-1
---ebpf-pid----5705----pid-5705
---ebpf-pid----5705----pid-5476
---ebpf-pid----5705----pid-1
---ebpf-pid----5705----pid-5705
---ebpf-pid----5705----pid-5476
---ebpf-pid----5705----pid-1
---ebpf-pid----5705----pid-5705
---ebpf-pid----5705----pid-5476
---ebpf-pid----5705----pid-1
---ebpf-pid----5705----pid-5705
---ebpf-pid----5705----pid-5476
---ebpf-pid----5705----pid-1
---ebpf-pid----5705----pid-5705
---ebpf-pid----5705----pid-5476
---ebpf-pid----5705----pid-1
---ebpf-pid----5705----pid-5705
---ebpf-pid----5705----pid-5476
---ebpf-pid----5705----pid-1
---ebpf-pid----5705----pid-5705
---ebpf-pid----5705----pid-5476
---ebpf-pid----5705----pid-1
---ebpf-pid----5705----pid-5705
---ebpf-pid----5705----pid-5476
---ebpf-pid----5705----pid-1
---ebpf-pid----5705----pid-5705
---ebpf-pid----5705----pid-5476
---ebpf-pid----5705----pid-1
---ebpf-pid----6671----pid-6671
---ebpf-pid----6671----pid-5476
---ebpf-pid----6671----pid-1
---ebpf-pid----6671----pid-6671
---ebpf-pid----6671----pid-5476
---ebpf-pid----6671----pid-1
---ebpf-pid----6671----pid-6671
---ebpf-pid----6671----pid-5476
---ebpf-pid----6671----pid-1
---ebpf-pid----6671----pid-5476
---ebpf-pid----6671----pid-6671
---ebpf-pid----6671----pid-5476
---ebpf-pid----6671----pid-1
---ebpf-pid----6671----pid-6671
---ebpf-pid----6671----pid-1
---ebpf-pid----6671----pid-5476
---ebpf-pid----6671----pid-1
---ebpf-pid----6671----pid-6671
---ebpf-pid----6671----pid-5476
---ebpf-pid----6671----pid-1
---ebpf-pid----6671----pid-6671
---ebpf-pid----6671----pid-6671
---ebpf-pid----6671----pid-5476
---ebpf-pid----6671----pid-5476
---ebpf-pid----6671----pid-1
---ebpf-pid----6671----pid-1
---ebpf-pid----6671----pid-6671
---ebpf-pid----6671----pid-6671
---ebpf-pid----6671----pid-5476
---ebpf-pid----6671----pid-5476
---ebpf-pid----6671----pid-1
---ebpf-pid----6671----pid-1
---ebpf-pid----6671----pid-6671
---ebpf-pid----6671----pid-6671
---ebpf-pid----6671----pid-5476
---ebpf-pid----6671----pid-1
---ebpf-pid----379067----pid-379067
---ebpf-pid----379067----pid-5476
---ebpf-pid----6671----pid-5476
---ebpf-pid----379067----pid-1
---ebpf-pid----379067----pid-379067
---ebpf-pid----6671----pid-1
---ebpf-pid----6671----pid-6671
---ebpf-pid----379067----pid-5476
---ebpf-pid----6671----pid-5476
---ebpf-pid----379067----pid-1
---ebpf-pid----379067----pid-379067
---ebpf-pid----6671----pid-1
---ebpf-pid----379067----pid-379067
---ebpf-pid----379067----pid-5476
---ebpf-pid----379067----pid-5476
---ebpf-pid----379067----pid-1
---ebpf-pid----379067----pid-379067
---ebpf-pid----379067----pid-5476
---ebpf-pid----379067----pid-1
---ebpf-pid----379067----pid-379067
---ebpf-pid----379067----pid-5476
---ebpf-pid----379067----pid-1
---ebpf-pid----379067----pid-379067
---ebpf-pid----379067----pid-5476
---ebpf-pid----379067----pid-1
---ebpf-pid----379067----pid-379067
---ebpf-pid----379067----pid-5476
---ebpf-pid----379067----pid-1
---ebpf-pid----6671----pid-6671
---ebpf-pid----6671----pid-5476
---ebpf-pid----6671----pid-1
---ebpf-pid----379067----pid-379067
---ebpf-pid----379067----pid-5476
---ebpf-pid----379067----pid-1
---ebpf-pid----379067----pid-379067
---ebpf-pid----379067----pid-1
---ebpf-pid----379067----pid-379067
---ebpf-pid----379067----pid-5476
---ebpf-pid----379067----pid-5476
---ebpf-pid----379067----pid-1
---ebpf-pid----6671----pid-6671
---ebpf-pid----379067----pid-1
---ebpf-pid----379067----pid-379067
---ebpf-pid----6671----pid-5476
---ebpf-pid----379067----pid-5476
---ebpf-pid----6671----pid-1
---ebpf-pid----379067----pid-1
---ebpf-pid----379067----pid-379067
---ebpf-pid----379067----pid-379067
---ebpf-pid----379067----pid-5476
---ebpf-pid----379067----pid-5476
---ebpf-pid----379067----pid-1
---ebpf-pid----379067----pid-1
---ebpf-pid----379067----pid-379067
---ebpf-pid----379067----pid-379067
---ebpf-pid----379067----pid-5476
---ebpf-pid----379067----pid-5476
---ebpf-pid----379067----pid-1
---ebpf-pid----379067----pid-1
---ebpf-pid----6671----pid-6671
---ebpf-pid----379067----pid-379067
---ebpf-pid----6671----pid-5476
---ebpf-pid----379067----pid-5476
---ebpf-pid----6671----pid-1
---ebpf-pid----379067----pid-1
---ebpf-pid----6671----pid-6671
---ebpf-pid----379067----pid-379067
---ebpf-pid----379067----pid-5476
---ebpf-pid----379067----pid-1
---ebpf-pid----379067----pid-379067
---ebpf-pid----379067----pid-5476
---ebpf-pid----379067----pid-1
---ebpf-pid----379067----pid-379067
---ebpf-pid----379067----pid-5476
---ebpf-pid----379067----pid-1
---ebpf-pid----379067----pid-379067
---ebpf-pid----379067----pid-5476
---ebpf-pid----6671----pid-5476
---ebpf-pid----379067----pid-1
---ebpf-pid----6671----pid-1
---ebpf-pid----379067----pid-379067
---ebpf-pid----6671----pid-6671
---ebpf-pid----6671----pid-5476
---ebpf-pid----6671----pid-1
---ebpf-pid----6671----pid-6671
---ebpf-pid----6671----pid-5476
---ebpf-pid----6671----pid-1
---ebpf-pid----6671----pid-6671
---ebpf-pid----6671----pid-5476
---ebpf-pid----6671----pid-1
---ebpf-pid----6671----pid-6671
---ebpf-pid----6671----pid-5476
---ebpf-pid----6671----pid-1
---ebpf-pid----6671----pid-6671
---ebpf-pid----6671----pid-5476
---ebpf-pid----6671----pid-1
---ebpf-pid----6671----pid-6671
---ebpf-pid----6671----pid-5476
---ebpf-pid----6671----pid-1
---ebpf-pid----6671----pid-6671
---ebpf-pid----6671----pid-5476
---ebpf-pid----379067----pid-5476
---ebpf-pid----6671----pid-1
---ebpf-pid----6671----pid-6671
---ebpf-pid----379067----pid-1
---ebpf-pid----6671----pid-5476
---ebpf-pid----379067----pid-379067
---ebpf-pid----6671----pid-1
---ebpf-pid----379067----pid-5476
---ebpf-pid----6671----pid-6671
---ebpf-pid----379067----pid-1
---ebpf-pid----6671----pid-5476
---ebpf-pid----379067----pid-379067
---ebpf-pid----6671----pid-1
---ebpf-pid----379067----pid-5476
---ebpf-pid----6671----pid-6671
---ebpf-pid----379067----pid-1
---ebpf-pid----6671----pid-5476
---ebpf-pid----379067----pid-379067
---ebpf-pid----379067----pid-5476
---ebpf-pid----379067----pid-1
---ebpf-pid----379067----pid-379067
---ebpf-pid----379067----pid-5476
---ebpf-pid----379067----pid-1
---ebpf-pid----379067----pid-379067
---ebpf-pid----379067----pid-5476
---ebpf-pid----379067----pid-1
---ebpf-pid----379067----pid-379067
---ebpf-pid----379067----pid-5476
---ebpf-pid----6671----pid-1
---ebpf-pid----6671----pid-6671
---ebpf-pid----379067----pid-1
---ebpf-pid----379067----pid-379067
---ebpf-pid----6671----pid-5476
---ebpf-pid----379067----pid-5476
---ebpf-pid----6671----pid-1
---ebpf-pid----6671----pid-6671
---ebpf-pid----379067----pid-1
---ebpf-pid----379067----pid-379067
---ebpf-pid----6671----pid-5476
---ebpf-pid----379067----pid-5476
---ebpf-pid----6671----pid-1
---ebpf-pid----6671----pid-6671
---ebpf-pid----379067----pid-1
---ebpf-pid----2094----pid-2094
---ebpf-pid----6671----pid-5476
---ebpf-pid----2094----pid-1
---ebpf-pid----6671----pid-1
---ebpf-pid----2094----pid-2094
---ebpf-pid----6671----pid-6671
---ebpf-pid----2094----pid-1
---ebpf-pid----6671----pid-5476
---ebpf-pid----2094----pid-2094
---ebpf-pid----6671----pid-1
---ebpf-pid----2094----pid-1
---ebpf-pid----6671----pid-6671
---ebpf-pid----2094----pid-2094
---ebpf-pid----6671----pid-5476
---ebpf-pid----2094----pid-1
---ebpf-pid----2094----pid-2094
---ebpf-pid----6671----pid-1
---ebpf-pid----6671----pid-6671
---ebpf-pid----6671----pid-5476
---ebpf-pid----6671----pid-1
---ebpf-pid----6671----pid-6671
---ebpf-pid----6671----pid-5476
---ebpf-pid----6671----pid-1
---ebpf-pid----6671----pid-6671
---ebpf-pid----6671----pid-5476
---ebpf-pid----6671----pid-1
---ebpf-pid----6671----pid-6671
---ebpf-pid----6671----pid-5476
---ebpf-pid----6671----pid-1
---ebpf-pid----373029----pid-373029
---ebpf-pid----373029----pid-5476
---ebpf-pid----373029----pid-1
---ebpf-pid----5705----pid-5705
---ebpf-pid----5705----pid-5476
---ebpf-pid----5705----pid-1
---ebpf-pid----373029----pid-373029
---ebpf-pid----373029----pid-5476
---ebpf-pid----373029----pid-1
---ebpf-pid----373029----pid-373029
---ebpf-pid----373029----pid-5476
---ebpf-pid----373029----pid-1
---ebpf-pid----379067----pid-379067
---ebpf-pid----379067----pid-5476
---ebpf-pid----379067----pid-1
---ebpf-pid----379067----pid-379067
---ebpf-pid----379067----pid-5476
---ebpf-pid----379067----pid-1
---ebpf-pid----379067----pid-379067
---ebpf-pid----2094----pid-1
---ebpf-pid----379067----pid-5476
---ebpf-pid----2094----pid-2094
---ebpf-pid----379067----pid-1
---ebpf-pid----2094----pid-1
---ebpf-pid----379067----pid-379067
---ebpf-pid----2094----pid-2094
---ebpf-pid----379067----pid-5476
---ebpf-pid----2094----pid-1
---ebpf-pid----2094----pid-2094
---ebpf-pid----379067----pid-1
---ebpf-pid----379067----pid-379067
---ebpf-pid----2094----pid-1
---ebpf-pid----2094----pid-2094
---ebpf-pid----379067----pid-5476
---ebpf-pid----2094----pid-1
---ebpf-pid----379067----pid-1
---ebpf-pid----2094----pid-2094
---ebpf-pid----379067----pid-379067
---ebpf-pid----2094----pid-1
---ebpf-pid----379067----pid-5476
---ebpf-pid----373029----pid-373029
---ebpf-pid----379067----pid-1
---ebpf-pid----373029----pid-5476
---ebpf-pid----379067----pid-379067
---ebpf-pid----373029----pid-1
---ebpf-pid----379067----pid-5476
---ebpf-pid----373029----pid-373029
---ebpf-pid----379067----pid-1
---ebpf-pid----373029----pid-5476
---ebpf-pid----373029----pid-1
---ebpf-pid----373029----pid-373029
---ebpf-pid----373029----pid-5476
---ebpf-pid----373029----pid-1
---ebpf-pid----373029----pid-373029
---ebpf-pid----373029----pid-5476
---ebpf-pid----373029----pid-1
---ebpf-pid----373029----pid-373029
---ebpf-pid----373029----pid-5476
---ebpf-pid----5707----pid-5707
---ebpf-pid----373029----pid-1
---ebpf-pid----373029----pid-373029
---ebpf-pid----5707----pid-5476
---ebpf-pid----373029----pid-5476
---ebpf-pid----373029----pid-1
---ebpf-pid----5707----pid-1
---ebpf-pid----373029----pid-373029
---ebpf-pid----5707----pid-5707
---ebpf-pid----373029----pid-5476
---ebpf-pid----5707----pid-5476
---ebpf-pid----373029----pid-1
---ebpf-pid----5707----pid-1
---ebpf-pid----373029----pid-373029
---ebpf-pid----2088----pid-2088
---ebpf-pid----373029----pid-5476
---ebpf-pid----2088----pid-1
---ebpf-pid----2088----pid-2088
---ebpf-pid----373029----pid-1
---ebpf-pid----373029----pid-373029
---ebpf-pid----2088----pid-1
---ebpf-pid----5707----pid-5707
---ebpf-pid----373029----pid-5476
---ebpf-pid----5707----pid-5476
---ebpf-pid----373029----pid-1
---ebpf-pid----373029----pid-373029
---ebpf-pid----5707----pid-1
---ebpf-pid----379067----pid-379067
---ebpf-pid----373029----pid-5476
---ebpf-pid----379067----pid-5476
---ebpf-pid----373029----pid-1
---ebpf-pid----379067----pid-1
---ebpf-pid----379067----pid-379067
---ebpf-pid----379067----pid-5476
---ebpf-pid----379067----pid-1
---ebpf-pid----5707----pid-5707
---ebpf-pid----5707----pid-5476
---ebpf-pid----5707----pid-1
---ebpf-pid----5707----pid-5707
---ebpf-pid----5707----pid-5476
---ebpf-pid----5707----pid-1
---ebpf-pid----5707----pid-5707
---ebpf-pid----5707----pid-5476
---ebpf-pid----5707----pid-1
---ebpf-pid----5707----pid-5707
---ebpf-pid----5707----pid-5476
---ebpf-pid----5707----pid-1
---ebpf-pid----5707----pid-5707
---ebpf-pid----5707----pid-5476
---ebpf-pid----5707----pid-1
---ebpf-pid----5707----pid-5707
---ebpf-pid----5707----pid-5476
---ebpf-pid----5707----pid-1
---ebpf-pid----5707----pid-5707
---ebpf-pid----5707----pid-5476
---ebpf-pid----5707----pid-1
---ebpf-pid----5707----pid-5707
---ebpf-pid----5707----pid-5476
---ebpf-pid----5707----pid-1
---ebpf-pid----5707----pid-5707
---ebpf-pid----5707----pid-5476
---ebpf-pid----5707----pid-1
---ebpf-pid----2094----pid-2094
---ebpf-pid----5707----pid-5707
---ebpf-pid----2094----pid-1
---ebpf-pid----5707----pid-5476
---ebpf-pid----2094----pid-2094
---ebpf-pid----5707----pid-1
---ebpf-pid----2094----pid-1
---ebpf-pid----5707----pid-5707
---ebpf-pid----2094----pid-2094
---ebpf-pid----5707----pid-5476
---ebpf-pid----2094----pid-1
---ebpf-pid----2094----pid-2094
---ebpf-pid----2094----pid-1
---ebpf-pid----2094----pid-2094
---ebpf-pid----2094----pid-1
---ebpf-pid----2094----pid-2094
---ebpf-pid----2094----pid-1
---ebpf-pid----2094----pid-2094
---ebpf-pid----2094----pid-1
---ebpf-pid----2094----pid-2094
---ebpf-pid----2094----pid-1
---ebpf-pid----2094----pid-2094
---ebpf-pid----2094----pid-1
---ebpf-pid----2094----pid-2094
---ebpf-pid----2094----pid-1
---ebpf-pid----2094----pid-2094
---ebpf-pid----5707----pid-1
---ebpf-pid----5707----pid-5707
---ebpf-pid----5707----pid-5476
---ebpf-pid----2094----pid-1
---ebpf-pid----2094----pid-2094
---ebpf-pid----2094----pid-1
---ebpf-pid----2094----pid-2094
---ebpf-pid----2094----pid-1
---ebpf-pid----2094----pid-2094
---ebpf-pid----5707----pid-1
---ebpf-pid----2029----pid-2029
---ebpf-pid----2029----pid-1
---ebpf-pid----2029----pid-2029
---ebpf-pid----2029----pid-1
---ebpf-pid----2029----pid-2029
---ebpf-pid----2029----pid-1
---ebpf-pid----5707----pid-5707
---ebpf-pid----2094----pid-1
---ebpf-pid----2094----pid-2094
---ebpf-pid----5707----pid-5476
---ebpf-pid----2094----pid-1
---ebpf-pid----5707----pid-1
---ebpf-pid----2094----pid-2094
---ebpf-pid----5707----pid-5707
---ebpf-pid----2094----pid-1
---ebpf-pid----5707----pid-5476
---ebpf-pid----2094----pid-2094
---ebpf-pid----5707----pid-1
---ebpf-pid----2094----pid-1
---ebpf-pid----5707----pid-5707
---ebpf-pid----2094----pid-2094
---ebpf-pid----2094----pid-1
---ebpf-pid----5707----pid-5476
---ebpf-pid----2094----pid-2094
---ebpf-pid----5707----pid-1
---ebpf-pid----2094----pid-1
---ebpf-pid----5707----pid-5707
---ebpf-pid----2094----pid-2094
---ebpf-pid----5707----pid-5476
---ebpf-pid----2094----pid-1
---ebpf-pid----2012----pid-2012
---ebpf-pid----5707----pid-1
---ebpf-pid----5707----pid-5707
---ebpf-pid----2012----pid-1
---ebpf-pid----2012----pid-2012
---ebpf-pid----5707----pid-5476
---ebpf-pid----2012----pid-1
---ebpf-pid----5707----pid-1
---ebpf-pid----2012----pid-2012
---ebpf-pid----5707----pid-5707
---ebpf-pid----2012----pid-1
---ebpf-pid----5707----pid-5476
---ebpf-pid----2012----pid-2012
---ebpf-pid----5707----pid-1
---ebpf-pid----2012----pid-1
---ebpf-pid----5707----pid-5707
---ebpf-pid----2012----pid-2012
---ebpf-pid----5707----pid-5476
---ebpf-pid----2012----pid-1
---ebpf-pid----2012----pid-2012
---ebpf-pid----5707----pid-1
---ebpf-pid----5707----pid-5707
---ebpf-pid----2012----pid-1
---ebpf-pid----2012----pid-2012
---ebpf-pid----5707----pid-5476
---ebpf-pid----2012----pid-1
---ebpf-pid----2012----pid-2012
---ebpf-pid----5707----pid-1
---ebpf-pid----5707----pid-5707
---ebpf-pid----2012----pid-1
---ebpf-pid----5707----pid-5476
---ebpf-pid----2012----pid-2012
---ebpf-pid----5707----pid-1
---ebpf-pid----2012----pid-1
---ebpf-pid----5707----pid-5707
---ebpf-pid----2012----pid-2012
---ebpf-pid----5707----pid-5476
---ebpf-pid----2012----pid-1
---ebpf-pid----2012----pid-2012
---ebpf-pid----5707----pid-1
---ebpf-pid----2012----pid-1
---ebpf-pid----5707----pid-5707
---ebpf-pid----2012----pid-2012
---ebpf-pid----5707----pid-5476
---ebpf-pid----2012----pid-1
---ebpf-pid----2012----pid-2012
---ebpf-pid----2012----pid-1
---ebpf-pid----2012----pid-2012
---ebpf-pid----2012----pid-1
---ebpf-pid----2012----pid-2012
---ebpf-pid----2012----pid-1
---ebpf-pid----2012----pid-2012
---ebpf-pid----2012----pid-1
---ebpf-pid----2012----pid-2012
---ebpf-pid----2012----pid-1
---ebpf-pid----2012----pid-2012
---ebpf-pid----2012----pid-1
---ebpf-pid----2012----pid-2012
---ebpf-pid----5707----pid-1
---ebpf-pid----5707----pid-5707
---ebpf-pid----5707----pid-5476
---ebpf-pid----5707----pid-1
---ebpf-pid----5707----pid-5707
---ebpf-pid----5707----pid-5476
---ebpf-pid----5707----pid-1
---ebpf-pid----5707----pid-5707
---ebpf-pid----5707----pid-5476
---ebpf-pid----5707----pid-1
---ebpf-pid----5707----pid-5707
---ebpf-pid----5707----pid-5476
---ebpf-pid----5707----pid-1
---ebpf-pid----5707----pid-5707
---ebpf-pid----5707----pid-5476
---ebpf-pid----5707----pid-1
---ebpf-pid----5707----pid-5707
---ebpf-pid----5707----pid-5476
---ebpf-pid----5707----pid-1
---ebpf-pid----5707----pid-5707
---ebpf-pid----5707----pid-5476
---ebpf-pid----5707----pid-1
---ebpf-pid----5707----pid-5707
---ebpf-pid----5707----pid-5476
---ebpf-pid----5707----pid-1
---ebpf-pid----5707----pid-5707
---ebpf-pid----5707----pid-5476
---ebpf-pid----5707----pid-1
---ebpf-pid----5707----pid-5707
---ebpf-pid----5707----pid-5476
---ebpf-pid----2012----pid-1
---ebpf-pid----5707----pid-1
---ebpf-pid----2012----pid-2012
---ebpf-pid----5707----pid-5707
---ebpf-pid----2012----pid-1
---ebpf-pid----5707----pid-5476
---ebpf-pid----2012----pid-2012
---ebpf-pid----5707----pid-1
---ebpf-pid----2012----pid-1
---ebpf-pid----5707----pid-5707
---ebpf-pid----2012----pid-2012
---ebpf-pid----5707----pid-5476
---ebpf-pid----2012----pid-1
---ebpf-pid----2012----pid-2012
---ebpf-pid----5707----pid-1
---ebpf-pid----5707----pid-5707
---ebpf-pid----2012----pid-1
---ebpf-pid----2012----pid-2012
---ebpf-pid----5707----pid-5476
---ebpf-pid----2012----pid-1
---ebpf-pid----2012----pid-2012
---ebpf-pid----5707----pid-1
---ebpf-pid----2012----pid-1
---ebpf-pid----5707----pid-5707
---ebpf-pid----2012----pid-2012
---ebpf-pid----5707----pid-5476
---ebpf-pid----2012----pid-1
---ebpf-pid----2012----pid-2012
---ebpf-pid----5707----pid-1
---ebpf-pid----5707----pid-5707
---ebpf-pid----2012----pid-1
---ebpf-pid----2012----pid-2012
---ebpf-pid----5707----pid-5476
---ebpf-pid----2012----pid-1
---ebpf-pid----5707----pid-1
---ebpf-pid----2012----pid-2012
---ebpf-pid----2029----pid-2029
---ebpf-pid----2012----pid-1
---ebpf-pid----2029----pid-1
---ebpf-pid----2012----pid-2012
---ebpf-pid----5707----pid-5707
---ebpf-pid----2012----pid-1
---ebpf-pid----5707----pid-5476
---ebpf-pid----2012----pid-2012
---ebpf-pid----2012----pid-1
---ebpf-pid----5707----pid-1
---ebpf-pid----2012----pid-2012
---ebpf-pid----5707----pid-5707
---ebpf-pid----2012----pid-1
---ebpf-pid----2012----pid-2012
---ebpf-pid----2012----pid-1
---ebpf-pid----2012----pid-2012
---ebpf-pid----5707----pid-5476
---ebpf-pid----2012----pid-1
---ebpf-pid----5707----pid-1
---ebpf-pid----2012----pid-2012
---ebpf-pid----5707----pid-5707
---ebpf-pid----2012----pid-1
---ebpf-pid----5707----pid-5476
---ebpf-pid----2012----pid-2012
---ebpf-pid----5707----pid-1
---ebpf-pid----2012----pid-1
---ebpf-pid----5707----pid-5707
---ebpf-pid----2012----pid-2012
---ebpf-pid----5707----pid-5476
---ebpf-pid----2012----pid-1
---ebpf-pid----2012----pid-2012
---ebpf-pid----5707----pid-1
---ebpf-pid----5707----pid-5707
---ebpf-pid----2012----pid-1
---ebpf-pid----2012----pid-2012
---ebpf-pid----5707----pid-5476
---ebpf-pid----2012----pid-1
---ebpf-pid----5707----pid-1
---ebpf-pid----5707----pid-5707
---ebpf-pid----5707----pid-5476
---ebpf-pid----5707----pid-1
---ebpf-pid----5707----pid-5707
---ebpf-pid----5707----pid-5476
---ebpf-pid----5707----pid-1
---ebpf-pid----5707----pid-5707
---ebpf-pid----5707----pid-5476
---ebpf-pid----5707----pid-1
---ebpf-pid----5707----pid-5707
---ebpf-pid----5707----pid-5476
---ebpf-pid----5707----pid-1
---ebpf-pid----5707----pid-5707
---ebpf-pid----5707----pid-5476
---ebpf-pid----5707----pid-1
---ebpf-pid----6671----pid-6671
---ebpf-pid----6671----pid-5476
---ebpf-pid----6671----pid-1
---ebpf-pid----6671----pid-6671
---ebpf-pid----6671----pid-5476
---ebpf-pid----6671----pid-1
---ebpf-pid----6671----pid-6671
---ebpf-pid----6671----pid-5476
---ebpf-pid----6671----pid-1
---ebpf-pid----6671----pid-6671
---ebpf-pid----6671----pid-5476
---ebpf-pid----6671----pid-1
---ebpf-pid----5705----pid-5705
---ebpf-pid----5705----pid-5476
---ebpf-pid----5705----pid-1
---ebpf-pid----5705----pid-5705
---ebpf-pid----5705----pid-5476
---ebpf-pid----5705----pid-1
---ebpf-pid----5705----pid-5705
---ebpf-pid----5705----pid-5476
---ebpf-pid----5705----pid-1
---ebpf-pid----6671----pid-6671
---ebpf-pid----6671----pid-5476
---ebpf-pid----6671----pid-1
---ebpf-pid----6671----pid-6671
---ebpf-pid----6671----pid-5476
---ebpf-pid----6671----pid-1
---ebpf-pid----6671----pid-6671
---ebpf-pid----6671----pid-5476
---ebpf-pid----6671----pid-1
---ebpf-pid----2012----pid-2012
---ebpf-pid----5707----pid-5707
---ebpf-pid----2012----pid-1
---ebpf-pid----5707----pid-5476
---ebpf-pid----2029----pid-2029
---ebpf-pid----5707----pid-1
---ebpf-pid----5707----pid-5707
---ebpf-pid----2029----pid-1
---ebpf-pid----2029----pid-2029
---ebpf-pid----5707----pid-5476
---ebpf-pid----2029----pid-1
---ebpf-pid----2029----pid-2029
---ebpf-pid----2029----pid-1
---ebpf-pid----2029----pid-2029
---ebpf-pid----2029----pid-1
---ebpf-pid----2029----pid-2029
---ebpf-pid----2029----pid-1
---ebpf-pid----2029----pid-2029
---ebpf-pid----5707----pid-1
---ebpf-pid----5707----pid-5707
---ebpf-pid----2029----pid-1
---ebpf-pid----2029----pid-2029
---ebpf-pid----5707----pid-5476
---ebpf-pid----2029----pid-1
---ebpf-pid----5707----pid-1
---ebpf-pid----2029----pid-2029
---ebpf-pid----5707----pid-5707
---ebpf-pid----2029----pid-1
---ebpf-pid----2029----pid-2029
---ebpf-pid----2029----pid-1
---ebpf-pid----2029----pid-2029
---ebpf-pid----2029----pid-1
---ebpf-pid----2029----pid-2029
---ebpf-pid----2029----pid-1
---ebpf-pid----2029----pid-2029
---ebpf-pid----2029----pid-1
---ebpf-pid----5707----pid-5476
---ebpf-pid----2029----pid-2029
---ebpf-pid----5707----pid-1
---ebpf-pid----2029----pid-1
---ebpf-pid----5707----pid-5707
---ebpf-pid----2029----pid-2029
---ebpf-pid----5707----pid-5476
---ebpf-pid----2029----pid-1
---ebpf-pid----2029----pid-2029
---ebpf-pid----5707----pid-1
---ebpf-pid----5707----pid-5707
---ebpf-pid----2029----pid-1
---ebpf-pid----2029----pid-2029
---ebpf-pid----2029----pid-1
---ebpf-pid----5707----pid-5476
---ebpf-pid----2029----pid-2029
---ebpf-pid----5707----pid-1
---ebpf-pid----2029----pid-1
---ebpf-pid----5707----pid-5707
---ebpf-pid----2029----pid-2029
---ebpf-pid----5707----pid-5476
---ebpf-pid----2029----pid-1
---ebpf-pid----2029----pid-2029
---ebpf-pid----5707----pid-1
---ebpf-pid----5707----pid-5707
---ebpf-pid----2029----pid-1
---ebpf-pid----2029----pid-2029
---ebpf-pid----5707----pid-5476
---ebpf-pid----2029----pid-1
---ebpf-pid----5707----pid-1
---ebpf-pid----2029----pid-2029
---ebpf-pid----5707----pid-5707
---ebpf-pid----2029----pid-1
---ebpf-pid----5707----pid-5476
---ebpf-pid----2029----pid-2029
---ebpf-pid----5707----pid-1
---ebpf-pid----5707----pid-5707
---ebpf-pid----2029----pid-1
---ebpf-pid----2029----pid-2029
---ebpf-pid----5707----pid-5476
---ebpf-pid----5707----pid-1
---ebpf-pid----5707----pid-5707
---ebpf-pid----5707----pid-5476
---ebpf-pid----5707----pid-1
---ebpf-pid----5705----pid-5705
---ebpf-pid----5705----pid-5476
---ebpf-pid----5705----pid-1
---ebpf-pid----5705----pid-5705
---ebpf-pid----5705----pid-5476
---ebpf-pid----5705----pid-1
---ebpf-pid----5707----pid-5707
---ebpf-pid----5707----pid-5476
---ebpf-pid----5707----pid-1
---ebpf-pid----5707----pid-5707
---ebpf-pid----5707----pid-5476
---ebpf-pid----2029----pid-1
---ebpf-pid----2029----pid-2029
---ebpf-pid----2029----pid-1
---ebpf-pid----2029----pid-2029
---ebpf-pid----2029----pid-1
---ebpf-pid----2029----pid-2029
---ebpf-pid----2029----pid-1
---ebpf-pid----2029----pid-2029
---ebpf-pid----2029----pid-1
---ebpf-pid----2029----pid-2029
---ebpf-pid----2029----pid-1
---ebpf-pid----2094----pid-2094
---ebpf-pid----2094----pid-1
---ebpf-pid----2029----pid-2029
---ebpf-pid----2029----pid-1
---ebpf-pid----2029----pid-2029
---ebpf-pid----2029----pid-1
---ebpf-pid----2029----pid-2029
---ebpf-pid----2029----pid-1
---ebpf-pid----5707----pid-1
---ebpf-pid----2029----pid-2029
---ebpf-pid----5707----pid-5707
---ebpf-pid----2029----pid-1
---ebpf-pid----5707----pid-5476
---ebpf-pid----448785----pid-448785
---ebpf-pid----5707----pid-1
---ebpf-pid----448785----pid-448520
---ebpf-pid----5707----pid-5707
---ebpf-pid----448785----pid-1
---ebpf-pid----5707----pid-5476
---ebpf-pid----2029----pid-2029
---ebpf-pid----5707----pid-1
---ebpf-pid----2029----pid-1
---ebpf-pid----5705----pid-5705
---ebpf-pid----2029----pid-2029
---ebpf-pid----5705----pid-5476
---ebpf-pid----2029----pid-1
---ebpf-pid----2029----pid-2029
---ebpf-pid----5705----pid-1
---ebpf-pid----5705----pid-5705
---ebpf-pid----2029----pid-1
---ebpf-pid----2012----pid-2012
---ebpf-pid----5705----pid-5476
---ebpf-pid----2012----pid-1
---ebpf-pid----2012----pid-2012
---ebpf-pid----5705----pid-1
---ebpf-pid----5705----pid-5705
---ebpf-pid----2012----pid-1
---ebpf-pid----2012----pid-2012
---ebpf-pid----5705----pid-5476
---ebpf-pid----2012----pid-1
---ebpf-pid----5705----pid-1
---ebpf-pid----2012----pid-2012
---ebpf-pid----5705----pid-5705
---ebpf-pid----2012----pid-1
---ebpf-pid----5705----pid-5476
---ebpf-pid----2012----pid-2012
---ebpf-pid----5705----pid-1
---ebpf-pid----5705----pid-5705
---ebpf-pid----5705----pid-5476
---ebpf-pid----5705----pid-1
---ebpf-pid----5705----pid-5705
---ebpf-pid----5705----pid-5476
---ebpf-pid----5705----pid-1
---ebpf-pid----5705----pid-5705
---ebpf-pid----5705----pid-5476
---ebpf-pid----5705----pid-1
---ebpf-pid----5705----pid-5705
---ebpf-pid----5705----pid-5476
---ebpf-pid----5705----pid-1
---ebpf-pid----5705----pid-5705
---ebpf-pid----5705----pid-5476
---ebpf-pid----5705----pid-1
---ebpf-pid----5705----pid-5705
---ebpf-pid----5705----pid-5476
---ebpf-pid----5705----pid-1
---ebpf-pid----5705----pid-5705
---ebpf-pid----5705----pid-5476
---ebpf-pid----5705----pid-1
---ebpf-pid----5705----pid-5705
---ebpf-pid----5705----pid-5476
---ebpf-pid----5705----pid-1
---ebpf-pid----5705----pid-5705
---ebpf-pid----5705----pid-5476
---ebpf-pid----5705----pid-1
---ebpf-pid----5705----pid-5705
---ebpf-pid----5705----pid-5476
---ebpf-pid----5705----pid-1
---ebpf-pid----6671----pid-6671
---ebpf-pid----6671----pid-5476
---ebpf-pid----6671----pid-1
---ebpf-pid----6671----pid-6671
---ebpf-pid----6671----pid-5476
---ebpf-pid----6671----pid-1
---ebpf-pid----5705----pid-5705
---ebpf-pid----2012----pid-1
---ebpf-pid----2012----pid-2012
---ebpf-pid----5705----pid-5476
---ebpf-pid----2012----pid-1
---ebpf-pid----5705----pid-1
---ebpf-pid----2012----pid-2012
---ebpf-pid----373029----pid-373029
---ebpf-pid----2012----pid-1
---ebpf-pid----373029----pid-5476
---ebpf-pid----2012----pid-2012
---ebpf-pid----373029----pid-1
---ebpf-pid----2012----pid-1
---ebpf-pid----373029----pid-373029
---ebpf-pid----2012----pid-2012
---ebpf-pid----373029----pid-5476
---ebpf-pid----2012----pid-1
---ebpf-pid----2012----pid-2012
---ebpf-pid----373029----pid-1
---ebpf-pid----5705----pid-5705
---ebpf-pid----2012----pid-1
---ebpf-pid----2012----pid-2012
---ebpf-pid----5705----pid-5476
---ebpf-pid----2012----pid-1
---ebpf-pid----5705----pid-1
---ebpf-pid----2012----pid-2012
---ebpf-pid----5705----pid-5705
---ebpf-pid----2012----pid-1
---ebpf-pid----2012----pid-2012
---ebpf-pid----5705----pid-5476
---ebpf-pid----2012----pid-1
---ebpf-pid----5705----pid-1
---ebpf-pid----2089----pid-2089
---ebpf-pid----5705----pid-5705
---ebpf-pid----2089----pid-1
---ebpf-pid----5705----pid-5476
---ebpf-pid----2089----pid-2089
---ebpf-pid----5705----pid-1
---ebpf-pid----2089----pid-1
---ebpf-pid----6671----pid-6671
---ebpf-pid----2012----pid-2012
---ebpf-pid----6671----pid-5476
---ebpf-pid----2012----pid-1
---ebpf-pid----2012----pid-2012
---ebpf-pid----6671----pid-1
---ebpf-pid----2089----pid-2089
---ebpf-pid----2012----pid-1
---ebpf-pid----2012----pid-2012
---ebpf-pid----2089----pid-1
---ebpf-pid----2089----pid-2089
---ebpf-pid----2012----pid-1
---ebpf-pid----2089----pid-2089
---ebpf-pid----2089----pid-1
---ebpf-pid----2089----pid-2089
---ebpf-pid----2089----pid-1
---ebpf-pid----2089----pid-1
---ebpf-pid----5707----pid-5707
---ebpf-pid----5707----pid-5476
---ebpf-pid----5707----pid-1
---ebpf-pid----6671----pid-6671
---ebpf-pid----6671----pid-5476
---ebpf-pid----6671----pid-1
---ebpf-pid----6671----pid-6671
---ebpf-pid----6671----pid-5476
---ebpf-pid----6671----pid-1
---ebpf-pid----5707----pid-5707
---ebpf-pid----5707----pid-5476
---ebpf-pid----5707----pid-1
---ebpf-pid----5707----pid-5707
---ebpf-pid----2012----pid-2012
---ebpf-pid----2012----pid-1
---ebpf-pid----2029----pid-2029
---ebpf-pid----2029----pid-1
---ebpf-pid----2029----pid-2029
---ebpf-pid----2029----pid-1
---ebpf-pid----2029----pid-2029
---ebpf-pid----2029----pid-1
---ebpf-pid----2029----pid-2029
---ebpf-pid----2029----pid-1
---ebpf-pid----2029----pid-2029
---ebpf-pid----2029----pid-1
---ebpf-pid----5707----pid-5476
---ebpf-pid----5707----pid-1
---ebpf-pid----373029----pid-373029
---ebpf-pid----373029----pid-5476
---ebpf-pid----373029----pid-1
---ebpf-pid----5707----pid-5707
---ebpf-pid----5707----pid-5476
---ebpf-pid----5707----pid-1
---ebpf-pid----2094----pid-2094
---ebpf-pid----2094----pid-1
---ebpf-pid----2094----pid-2094
---ebpf-pid----2094----pid-1
---ebpf-pid----2094----pid-2094
---ebpf-pid----2094----pid-1
---ebpf-pid----2029----pid-2029
---ebpf-pid----2094----pid-2094
---ebpf-pid----2029----pid-1
---ebpf-pid----2094----pid-1
---ebpf-pid----2029----pid-2029
---ebpf-pid----2094----pid-2094
---ebpf-pid----2029----pid-1
---ebpf-pid----2094----pid-1
---ebpf-pid----2029----pid-2029
---ebpf-pid----2094----pid-2094
---ebpf-pid----2029----pid-1
---ebpf-pid----2094----pid-1
---ebpf-pid----2029----pid-2029
---ebpf-pid----2094----pid-2094
---ebpf-pid----2029----pid-1
---ebpf-pid----2094----pid-1
---ebpf-pid----2029----pid-2029
---ebpf-pid----2094----pid-2094
---ebpf-pid----2029----pid-1
---ebpf-pid----2094----pid-1
---ebpf-pid----2094----pid-2094
---ebpf-pid----2094----pid-1
---ebpf-pid----2094----pid-2094
---ebpf-pid----2094----pid-1
---ebpf-pid----2094----pid-2094
---ebpf-pid----2094----pid-1
---ebpf-pid----2094----pid-2094
---ebpf-pid----2094----pid-1
---ebpf-pid----2094----pid-2094
---ebpf-pid----2094----pid-1
---ebpf-pid----2094----pid-2094
---ebpf-pid----2094----pid-2094
---ebpf-pid----2094----pid-1
---ebpf-pid----2094----pid-1
---ebpf-pid----2094----pid-2094
---ebpf-pid----2094----pid-2094
---ebpf-pid----2094----pid-1
---ebpf-pid----2094----pid-1
---ebpf-pid----2094----pid-2094
---ebpf-pid----2094----pid-2094
---ebpf-pid----2094----pid-1
---ebpf-pid----2094----pid-2094
---ebpf-pid----2094----pid-1
---ebpf-pid----2094----pid-2094
---ebpf-pid----2094----pid-1
---ebpf-pid----2094----pid-2094
---ebpf-pid----2094----pid-1
---ebpf-pid----2094----pid-2094
---ebpf-pid----2094----pid-1
---ebpf-pid----2094----pid-2094
---ebpf-pid----2094----pid-1
---ebpf-pid----5707----pid-5707
---ebpf-pid----2094----pid-1
---ebpf-pid----2094----pid-2094
---ebpf-pid----5707----pid-5476
---ebpf-pid----2094----pid-1
---ebpf-pid----5707----pid-1
---ebpf-pid----2094----pid-2094
---ebpf-pid----5707----pid-5707
---ebpf-pid----2094----pid-1
---ebpf-pid----5707----pid-5476
---ebpf-pid----2094----pid-2094
---ebpf-pid----5707----pid-1
---ebpf-pid----2094----pid-1
---ebpf-pid----5707----pid-5707
---ebpf-pid----2094----pid-2094
---ebpf-pid----5707----pid-5476
---ebpf-pid----2094----pid-1
---ebpf-pid----2094----pid-2094
---ebpf-pid----2094----pid-1
---ebpf-pid----2094----pid-2094
---ebpf-pid----2094----pid-1
---ebpf-pid----373029----pid-373029
---ebpf-pid----373029----pid-5476
---ebpf-pid----373029----pid-1
---ebpf-pid----373029----pid-373029
---ebpf-pid----373029----pid-5476
---ebpf-pid----373029----pid-1
---ebpf-pid----373029----pid-373029
---ebpf-pid----373029----pid-5476
---ebpf-pid----373029----pid-1
---ebpf-pid----373029----pid-373029
---ebpf-pid----373029----pid-5476
---ebpf-pid----373029----pid-1
---ebpf-pid----373029----pid-373029
---ebpf-pid----373029----pid-5476
---ebpf-pid----373029----pid-1
---ebpf-pid----373029----pid-373029
---ebpf-pid----373029----pid-5476
---ebpf-pid----373029----pid-1
---ebpf-pid----373029----pid-373029
---ebpf-pid----373029----pid-5476
---ebpf-pid----5707----pid-1
---ebpf-pid----5707----pid-5707
---ebpf-pid----5707----pid-5476
---ebpf-pid----5707----pid-1
---ebpf-pid----5707----pid-5707
---ebpf-pid----5707----pid-5476
---ebpf-pid----5707----pid-1
---ebpf-pid----5707----pid-5707
---ebpf-pid----5707----pid-5476
---ebpf-pid----5707----pid-1
---ebpf-pid----5707----pid-5707
---ebpf-pid----5707----pid-5476
---ebpf-pid----373029----pid-1
---ebpf-pid----5707----pid-1
---ebpf-pid----5707----pid-5707
---ebpf-pid----5707----pid-5476
---ebpf-pid----5707----pid-1
---ebpf-pid----5707----pid-5707
---ebpf-pid----5707----pid-5476
---ebpf-pid----5707----pid-1
---ebpf-pid----5707----pid-5707
---ebpf-pid----5707----pid-5476
---ebpf-pid----5707----pid-1
---ebpf-pid----2094----pid-2094
---ebpf-pid----2094----pid-1
---ebpf-pid----2094----pid-2094
---ebpf-pid----2094----pid-1
---ebpf-pid----2094----pid-2094
---ebpf-pid----2094----pid-1
---ebpf-pid----373029----pid-373029
---ebpf-pid----373029----pid-5476
---ebpf-pid----373029----pid-1
---ebpf-pid----373029----pid-373029
---ebpf-pid----373029----pid-5476
---ebpf-pid----373029----pid-1
---ebpf-pid----373029----pid-373029
---ebpf-pid----373029----pid-5476
---ebpf-pid----2094----pid-2094
---ebpf-pid----373029----pid-1
---ebpf-pid----2012----pid-2012
---ebpf-pid----2094----pid-1
---ebpf-pid----2094----pid-2094
---ebpf-pid----2094----pid-1
---ebpf-pid----2094----pid-2094
---ebpf-pid----2094----pid-1
---ebpf-pid----2094----pid-2094
---ebpf-pid----2094----pid-1
---ebpf-pid----2094----pid-2094
---ebpf-pid----2094----pid-1
---ebpf-pid----2094----pid-2094
---ebpf-pid----2094----pid-1
---ebpf-pid----2094----pid-2094
---ebpf-pid----2094----pid-1
---ebpf-pid----2094----pid-2094
---ebpf-pid----2012----pid-1
---ebpf-pid----2012----pid-2012
---ebpf-pid----2094----pid-1
---ebpf-pid----2094----pid-2094
---ebpf-pid----2012----pid-1
---ebpf-pid----2012----pid-2012
---ebpf-pid----2094----pid-1
---ebpf-pid----2094----pid-2094
---ebpf-pid----2012----pid-1
---ebpf-pid----2012----pid-2012
---ebpf-pid----2094----pid-1
---ebpf-pid----2094----pid-2094
---ebpf-pid----2012----pid-1
---ebpf-pid----2012----pid-2012
---ebpf-pid----2094----pid-1
---ebpf-pid----2094----pid-2094
---ebpf-pid----2012----pid-1
---ebpf-pid----2012----pid-2012
---ebpf-pid----2094----pid-1
---ebpf-pid----2094----pid-2094
---ebpf-pid----2012----pid-1
---ebpf-pid----2012----pid-2012
---ebpf-pid----2094----pid-1
---ebpf-pid----2094----pid-2094
---ebpf-pid----2012----pid-1
---ebpf-pid----2012----pid-2012
---ebpf-pid----2094----pid-1
---ebpf-pid----2094----pid-2094
---ebpf-pid----2012----pid-1
---ebpf-pid----2012----pid-2012
---ebpf-pid----2094----pid-1
---ebpf-pid----2094----pid-2094
---ebpf-pid----2012----pid-1
---ebpf-pid----2012----pid-2012
---ebpf-pid----2094----pid-1
---ebpf-pid----2094----pid-2094
---ebpf-pid----2012----pid-1
---ebpf-pid----6671----pid-6671
---ebpf-pid----6671----pid-5476
---ebpf-pid----6671----pid-1
---ebpf-pid----373029----pid-373029
---ebpf-pid----373029----pid-5476
---ebpf-pid----373029----pid-1
---ebpf-pid----373029----pid-373029
---ebpf-pid----373029----pid-5476
---ebpf-pid----373029----pid-1
---ebpf-pid----373029----pid-373029
---ebpf-pid----373029----pid-5476
---ebpf-pid----373029----pid-1
---ebpf-pid----6671----pid-6671
---ebpf-pid----2094----pid-1
---ebpf-pid----2089----pid-2089
---ebpf-pid----2089----pid-1
---ebpf-pid----2089----pid-2089
---ebpf-pid----2089----pid-1
---ebpf-pid----2089----pid-2089
---ebpf-pid----2089----pid-1
---ebpf-pid----2089----pid-2089
---ebpf-pid----2089----pid-1
---ebpf-pid----2089----pid-2089
---ebpf-pid----2089----pid-1
---ebpf-pid----2089----pid-2089
---ebpf-pid----2089----pid-1
---ebpf-pid----2089----pid-2089
---ebpf-pid----2089----pid-1
---ebpf-pid----2089----pid-2089
---ebpf-pid----2089----pid-1
---ebpf-pid----2089----pid-2089
---ebpf-pid----2089----pid-1
---ebpf-pid----2089----pid-2089
---ebpf-pid----2089----pid-1
---ebpf-pid----2089----pid-2089
---ebpf-pid----2089----pid-1
---ebpf-pid----2089----pid-2089
---ebpf-pid----2089----pid-1
---ebpf-pid----2089----pid-2089
---ebpf-pid----2089----pid-1
---ebpf-pid----2089----pid-2089
---ebpf-pid----2089----pid-1
---ebpf-pid----2089----pid-2089
---ebpf-pid----6671----pid-5476
---ebpf-pid----2089----pid-1
---ebpf-pid----6671----pid-1
---ebpf-pid----2089----pid-2089
---ebpf-pid----6671----pid-6671
---ebpf-pid----2089----pid-1
---ebpf-pid----6671----pid-5476
---ebpf-pid----2089----pid-2089
---ebpf-pid----6671----pid-1
---ebpf-pid----2089----pid-1
---ebpf-pid----373029----pid-373029
---ebpf-pid----2089----pid-2089
---ebpf-pid----373029----pid-5476
---ebpf-pid----2089----pid-1
---ebpf-pid----373029----pid-1
---ebpf-pid----373029----pid-373029
---ebpf-pid----373029----pid-5476
---ebpf-pid----373029----pid-1
---ebpf-pid----373029----pid-373029
---ebpf-pid----373029----pid-5476
---ebpf-pid----373029----pid-1
---ebpf-pid----6671----pid-6671
---ebpf-pid----6671----pid-5476
---ebpf-pid----2089----pid-2089
---ebpf-pid----6671----pid-1
---ebpf-pid----2089----pid-1
---ebpf-pid----2089----pid-2089
---ebpf-pid----5705----pid-5705
---ebpf-pid----5705----pid-5476
---ebpf-pid----2089----pid-1
---ebpf-pid----373029----pid-373029
---ebpf-pid----373029----pid-5476
---ebpf-pid----373029----pid-1
---ebpf-pid----373029----pid-373029
---ebpf-pid----373029----pid-5476
---ebpf-pid----373029----pid-1
---ebpf-pid----373029----pid-373029
---ebpf-pid----373029----pid-5476
---ebpf-pid----373029----pid-1
---ebpf-pid----373029----pid-373029
---ebpf-pid----5705----pid-1
---ebpf-pid----373029----pid-5476
---ebpf-pid----373029----pid-1
---ebpf-pid----373029----pid-373029
---ebpf-pid----373029----pid-5476
---ebpf-pid----5707----pid-5707
---ebpf-pid----373029----pid-1
---ebpf-pid----5707----pid-5476
---ebpf-pid----373029----pid-373029
---ebpf-pid----5707----pid-1
---ebpf-pid----373029----pid-5476
---ebpf-pid----5707----pid-5707
---ebpf-pid----373029----pid-1
---ebpf-pid----5707----pid-5476
---ebpf-pid----373029----pid-373029
---ebpf-pid----5707----pid-1
---ebpf-pid----373029----pid-5476
---ebpf-pid----5705----pid-5705
---ebpf-pid----373029----pid-1
---ebpf-pid----5705----pid-5476
---ebpf-pid----373029----pid-373029
---ebpf-pid----373029----pid-5476
---ebpf-pid----5705----pid-1
---ebpf-pid----5705----pid-5705
---ebpf-pid----373029----pid-1
---ebpf-pid----373029----pid-373029
---ebpf-pid----5705----pid-5476
---ebpf-pid----373029----pid-5476
---ebpf-pid----5705----pid-1
---ebpf-pid----5707----pid-5707
---ebpf-pid----373029----pid-1
---ebpf-pid----373029----pid-373029
---ebpf-pid----5707----pid-5476
---ebpf-pid----373029----pid-5476
---ebpf-pid----5707----pid-1
---ebpf-pid----5707----pid-5707
---ebpf-pid----373029----pid-1
---ebpf-pid----2094----pid-2094
---ebpf-pid----5707----pid-5476
---ebpf-pid----2094----pid-1
---ebpf-pid----5707----pid-1
---ebpf-pid----2094----pid-2094
---ebpf-pid----5707----pid-5707
---ebpf-pid----2094----pid-1
---ebpf-pid----5707----pid-5476
---ebpf-pid----2094----pid-2094
---ebpf-pid----5707----pid-1
---ebpf-pid----6671----pid-6671
---ebpf-pid----6671----pid-5476
---ebpf-pid----6671----pid-1
---ebpf-pid----5707----pid-5707
---ebpf-pid----5707----pid-5476
---ebpf-pid----5707----pid-1
---ebpf-pid----5707----pid-5707
---ebpf-pid----5707----pid-5476
---ebpf-pid----5707----pid-1
---ebpf-pid----2094----pid-1
---ebpf-pid----5707----pid-5707
---ebpf-pid----2094----pid-2094
---ebpf-pid----5707----pid-5476
---ebpf-pid----2094----pid-1
---ebpf-pid----2094----pid-2094
---ebpf-pid----5707----pid-1
---ebpf-pid----379067----pid-379067
---ebpf-pid----2094----pid-1
---ebpf-pid----2094----pid-2094
---ebpf-pid----379067----pid-5476
---ebpf-pid----2094----pid-1
---ebpf-pid----2094----pid-2094
---ebpf-pid----2094----pid-1
---ebpf-pid----2094----pid-2094
---ebpf-pid----2094----pid-1
---ebpf-pid----2094----pid-2094
---ebpf-pid----2094----pid-1
---ebpf-pid----2094----pid-2094
---ebpf-pid----2094----pid-1
---ebpf-pid----2088----pid-2088
---ebpf-pid----2088----pid-1
---ebpf-pid----2088----pid-2088
---ebpf-pid----2088----pid-1
---ebpf-pid----2088----pid-2088
---ebpf-pid----2088----pid-1
---ebpf-pid----2088----pid-2088
---ebpf-pid----2088----pid-1
---ebpf-pid----2088----pid-2088
---ebpf-pid----2088----pid-1
---ebpf-pid----2088----pid-2088
---ebpf-pid----2088----pid-1
---ebpf-pid----2088----pid-2088
---ebpf-pid----2088----pid-1
---ebpf-pid----2088----pid-2088
---ebpf-pid----379067----pid-1
---ebpf-pid----2012----pid-2012
---ebpf-pid----2088----pid-1
---ebpf-pid----2088----pid-2088
---ebpf-pid----2012----pid-1
---ebpf-pid----2012----pid-2012
---ebpf-pid----2088----pid-1
---ebpf-pid----2088----pid-2088
---ebpf-pid----2012----pid-1
---ebpf-pid----2012----pid-2012
---ebpf-pid----2088----pid-1
---ebpf-pid----2088----pid-2088
---ebpf-pid----2012----pid-1
---ebpf-pid----2012----pid-2012
---ebpf-pid----2012----pid-1
---ebpf-pid----2012----pid-2012
---ebpf-pid----2012----pid-1
---ebpf-pid----5707----pid-5707
---ebpf-pid----5707----pid-5476
---ebpf-pid----5707----pid-1
---ebpf-pid----5707----pid-5707
---ebpf-pid----5707----pid-5476
---ebpf-pid----5707----pid-1
---ebpf-pid----379067----pid-379067
---ebpf-pid----379067----pid-5476
---ebpf-pid----379067----pid-1
---ebpf-pid----379067----pid-379067
---ebpf-pid----379067----pid-5476
---ebpf-pid----379067----pid-1
---ebpf-pid----379067----pid-379067
---ebpf-pid----379067----pid-5476
---ebpf-pid----379067----pid-1
---ebpf-pid----379067----pid-379067
---ebpf-pid----379067----pid-5476
---ebpf-pid----379067----pid-1
---ebpf-pid----373029----pid-373029
---ebpf-pid----373029----pid-5476
---ebpf-pid----373029----pid-1
---ebpf-pid----373029----pid-373029
---ebpf-pid----373029----pid-5476
---ebpf-pid----373029----pid-1
---ebpf-pid----379067----pid-379067
---ebpf-pid----2088----pid-1
---ebpf-pid----2088----pid-2088
---ebpf-pid----379067----pid-5476
---ebpf-pid----379067----pid-1
---ebpf-pid----379067----pid-379067
---ebpf-pid----379067----pid-5476
---ebpf-pid----2088----pid-1
---ebpf-pid----2088----pid-2088
---ebpf-pid----2088----pid-1
---ebpf-pid----379067----pid-1
---ebpf-pid----379067----pid-379067
---ebpf-pid----379067----pid-5476
---ebpf-pid----379067----pid-1
---ebpf-pid----379067----pid-379067
---ebpf-pid----2088----pid-2088
---ebpf-pid----2088----pid-1
---ebpf-pid----2088----pid-2088
---ebpf-pid----2088----pid-1
---ebpf-pid----2088----pid-2088
---ebpf-pid----379067----pid-5476
---ebpf-pid----2088----pid-1
---ebpf-pid----379067----pid-1
---ebpf-pid----2088----pid-2088
---ebpf-pid----379067----pid-379067
---ebpf-pid----2088----pid-1
---ebpf-pid----379067----pid-5476
---ebpf-pid----2088----pid-2088
---ebpf-pid----379067----pid-1
---ebpf-pid----379067----pid-379067
---ebpf-pid----379067----pid-5476
---ebpf-pid----379067----pid-1
---ebpf-pid----379067----pid-379067
---ebpf-pid----379067----pid-5476
---ebpf-pid----2088----pid-1
---ebpf-pid----2088----pid-2088
---ebpf-pid----379067----pid-1
---ebpf-pid----379067----pid-379067
---ebpf-pid----2088----pid-1
---ebpf-pid----2088----pid-2088
---ebpf-pid----379067----pid-5476
---ebpf-pid----2088----pid-1
---ebpf-pid----2088----pid-2088
---ebpf-pid----379067----pid-1
---ebpf-pid----379067----pid-379067
---ebpf-pid----2088----pid-1
---ebpf-pid----2088----pid-2088
---ebpf-pid----379067----pid-5476
---ebpf-pid----2088----pid-1
---ebpf-pid----379067----pid-1
---ebpf-pid----2088----pid-2088
---ebpf-pid----379067----pid-379067
---ebpf-pid----379067----pid-5476
---ebpf-pid----2088----pid-1
---ebpf-pid----2088----pid-2088
---ebpf-pid----379067----pid-1
---ebpf-pid----379067----pid-379067
---ebpf-pid----2088----pid-1
---ebpf-pid----2088----pid-2088
---ebpf-pid----379067----pid-5476
---ebpf-pid----2088----pid-1
---ebpf-pid----379067----pid-1
---ebpf-pid----2088----pid-2088
---ebpf-pid----379067----pid-379067
---ebpf-pid----2088----pid-1
---ebpf-pid----2088----pid-2088
---ebpf-pid----379067----pid-5476
---ebpf-pid----2088----pid-1
---ebpf-pid----379067----pid-1
---ebpf-pid----2088----pid-2088
---ebpf-pid----379067----pid-379067
---ebpf-pid----2088----pid-1
---ebpf-pid----379067----pid-5476
---ebpf-pid----2088----pid-2088
---ebpf-pid----379067----pid-1
---ebpf-pid----2088----pid-1
---ebpf-pid----379067----pid-379067
---ebpf-pid----2088----pid-2088
---ebpf-pid----2088----pid-1
---ebpf-pid----2088----pid-2088
---ebpf-pid----2088----pid-1
---ebpf-pid----2088----pid-2088
---ebpf-pid----2088----pid-1
---ebpf-pid----2088----pid-2088
---ebpf-pid----2088----pid-1
---ebpf-pid----2088----pid-2088
---ebpf-pid----2088----pid-1
---ebpf-pid----379067----pid-5476
---ebpf-pid----2088----pid-2088
---ebpf-pid----379067----pid-1
---ebpf-pid----2088----pid-1
---ebpf-pid----2012----pid-2012
---ebpf-pid----2088----pid-2088
---ebpf-pid----2012----pid-1
---ebpf-pid----2088----pid-1
---ebpf-pid----2012----pid-2012
---ebpf-pid----2088----pid-2088
---ebpf-pid----2012----pid-1
---ebpf-pid----2088----pid-1
---ebpf-pid----2012----pid-2012
---ebpf-pid----2088----pid-2088
---ebpf-pid----2012----pid-1
---ebpf-pid----2012----pid-2012
---ebpf-pid----2088----pid-1
---ebpf-pid----2088----pid-2088
---ebpf-pid----2012----pid-1
---ebpf-pid----2012----pid-2012
---ebpf-pid----2088----pid-1
---ebpf-pid----2088----pid-2088
---ebpf-pid----2012----pid-1
---ebpf-pid----2012----pid-2012
---ebpf-pid----2088----pid-1
---ebpf-pid----5707----pid-5707
---ebpf-pid----2012----pid-1
---ebpf-pid----2012----pid-2012
---ebpf-pid----5707----pid-5476
---ebpf-pid----2012----pid-1
---ebpf-pid----2012----pid-2012
---ebpf-pid----5707----pid-1
---ebpf-pid----2012----pid-1
---ebpf-pid----2012----pid-2012
---ebpf-pid----5707----pid-5707
---ebpf-pid----2012----pid-1
---ebpf-pid----2012----pid-2012
---ebpf-pid----5707----pid-5476
---ebpf-pid----5707----pid-1
---ebpf-pid----2012----pid-1
---ebpf-pid----5707----pid-5707
---ebpf-pid----2089----pid-2089
---ebpf-pid----5707----pid-5476
---ebpf-pid----2089----pid-1
---ebpf-pid----2089----pid-2089
---ebpf-pid----5707----pid-1
---ebpf-pid----5707----pid-5707
---ebpf-pid----2089----pid-1
---ebpf-pid----2089----pid-2089
---ebpf-pid----5707----pid-5476
---ebpf-pid----2089----pid-1
---ebpf-pid----2089----pid-2089
---ebpf-pid----5707----pid-1
---ebpf-pid----5707----pid-5707
---ebpf-pid----2089----pid-1
---ebpf-pid----2089----pid-2089
---ebpf-pid----5707----pid-5476
---ebpf-pid----2089----pid-1
---ebpf-pid----5707----pid-1
---ebpf-pid----2089----pid-2089
---ebpf-pid----5707----pid-5707
---ebpf-pid----2089----pid-1
---ebpf-pid----5707----pid-5476
---ebpf-pid----2089----pid-2089
---ebpf-pid----5707----pid-1
---ebpf-pid----2089----pid-1
---ebpf-pid----5707----pid-5707
---ebpf-pid----2089----pid-2089
---ebpf-pid----5707----pid-5476
---ebpf-pid----2089----pid-1
---ebpf-pid----2089----pid-2089
---ebpf-pid----5707----pid-1
---ebpf-pid----5707----pid-5707
---ebpf-pid----2089----pid-1
---ebpf-pid----2089----pid-2089
---ebpf-pid----5707----pid-5476
---ebpf-pid----2089----pid-1
---ebpf-pid----2089----pid-2089
---ebpf-pid----5707----pid-1
---ebpf-pid----5707----pid-5707
---ebpf-pid----2089----pid-1
---ebpf-pid----2089----pid-2089
---ebpf-pid----5707----pid-5476
---ebpf-pid----2089----pid-1
---ebpf-pid----2089----pid-2089
---ebpf-pid----5707----pid-1
---ebpf-pid----2089----pid-1
---ebpf-pid----2089----pid-2089
---ebpf-pid----2089----pid-1
---ebpf-pid----5707----pid-5707
---ebpf-pid----2089----pid-2089
---ebpf-pid----5707----pid-5476
---ebpf-pid----2089----pid-1
---ebpf-pid----2089----pid-2089
---ebpf-pid----5707----pid-1
---ebpf-pid----2088----pid-2088
---ebpf-pid----2089----pid-1
---ebpf-pid----2089----pid-2089
---ebpf-pid----2088----pid-1
---ebpf-pid----2088----pid-2088
---ebpf-pid----2089----pid-1
---ebpf-pid----2089----pid-2089
---ebpf-pid----2088----pid-1
---ebpf-pid----2088----pid-2088
---ebpf-pid----2089----pid-1
---ebpf-pid----2089----pid-2089
---ebpf-pid----2088----pid-1
---ebpf-pid----2089----pid-1
---ebpf-pid----2088----pid-2088
---ebpf-pid----2088----pid-1
---ebpf-pid----2089----pid-2089
---ebpf-pid----2088----pid-2088
---ebpf-pid----2089----pid-1
---ebpf-pid----2088----pid-1
---ebpf-pid----373029----pid-373029
---ebpf-pid----2088----pid-2088
---ebpf-pid----373029----pid-5476
---ebpf-pid----2088----pid-1
---ebpf-pid----2088----pid-2088
---ebpf-pid----373029----pid-1
---ebpf-pid----373029----pid-373029
---ebpf-pid----2088----pid-1
---ebpf-pid----2088----pid-2088
---ebpf-pid----373029----pid-5476
---ebpf-pid----2088----pid-1
---ebpf-pid----373029----pid-1
---ebpf-pid----2088----pid-2088
---ebpf-pid----373029----pid-373029
---ebpf-pid----2088----pid-1
---ebpf-pid----373029----pid-5476
---ebpf-pid----2088----pid-2088
---ebpf-pid----2088----pid-1
---ebpf-pid----373029----pid-1
---ebpf-pid----2094----pid-2094
---ebpf-pid----2094----pid-1
---ebpf-pid----2094----pid-2094
---ebpf-pid----2094----pid-1
---ebpf-pid----2094----pid-2094
---ebpf-pid----2094----pid-1
---ebpf-pid----373029----pid-373029
---ebpf-pid----2094----pid-2094
---ebpf-pid----2094----pid-1
---ebpf-pid----2094----pid-2094
---ebpf-pid----373029----pid-5476
---ebpf-pid----2094----pid-1
---ebpf-pid----2094----pid-2094
---ebpf-pid----373029----pid-1
---ebpf-pid----373029----pid-373029
---ebpf-pid----2094----pid-1
---ebpf-pid----2094----pid-2094
---ebpf-pid----373029----pid-5476
---ebpf-pid----2094----pid-1
---ebpf-pid----373029----pid-1
---ebpf-pid----2094----pid-2094
---ebpf-pid----2094----pid-1
---ebpf-pid----2094----pid-2094
---ebpf-pid----2094----pid-1
---ebpf-pid----2094----pid-2094
---ebpf-pid----2094----pid-1
---ebpf-pid----2029----pid-2029
---ebpf-pid----2029----pid-1
---ebpf-pid----373029----pid-373029
---ebpf-pid----2029----pid-2029
---ebpf-pid----373029----pid-5476
---ebpf-pid----2029----pid-1
---ebpf-pid----2029----pid-2029
---ebpf-pid----373029----pid-1
---ebpf-pid----373029----pid-373029
---ebpf-pid----2029----pid-1
---ebpf-pid----2029----pid-2029
---ebpf-pid----373029----pid-5476
---ebpf-pid----2029----pid-1
---ebpf-pid----373029----pid-1
---ebpf-pid----2029----pid-2029
---ebpf-pid----373029----pid-373029
---ebpf-pid----2029----pid-1
---ebpf-pid----2029----pid-2029
---ebpf-pid----373029----pid-5476
---ebpf-pid----2029----pid-1
---ebpf-pid----373029----pid-1
---ebpf-pid----2029----pid-2029
---ebpf-pid----373029----pid-373029
---ebpf-pid----2029----pid-1
---ebpf-pid----373029----pid-5476
---ebpf-pid----2029----pid-2029
---ebpf-pid----373029----pid-1
---ebpf-pid----373029----pid-373029
---ebpf-pid----2029----pid-1
---ebpf-pid----2029----pid-2029
---ebpf-pid----373029----pid-5476
---ebpf-pid----2029----pid-1
---ebpf-pid----2029----pid-2029
---ebpf-pid----373029----pid-1
---ebpf-pid----6671----pid-6671
---ebpf-pid----2029----pid-1
---ebpf-pid----2094----pid-2094
---ebpf-pid----6671----pid-5476
---ebpf-pid----2094----pid-1
---ebpf-pid----6671----pid-1
---ebpf-pid----2094----pid-2094
---ebpf-pid----6671----pid-6671
---ebpf-pid----6671----pid-5476
---ebpf-pid----2094----pid-1
---ebpf-pid----6671----pid-1
---ebpf-pid----2094----pid-2094
---ebpf-pid----6671----pid-6671
---ebpf-pid----2094----pid-1
---ebpf-pid----6671----pid-5476
---ebpf-pid----2094----pid-2094
---ebpf-pid----6671----pid-1
---ebpf-pid----6671----pid-6671
---ebpf-pid----2094----pid-1
---ebpf-pid----2094----pid-2094
---ebpf-pid----6671----pid-5476
---ebpf-pid----2094----pid-1
---ebpf-pid----6671----pid-1
---ebpf-pid----2094----pid-2094
---ebpf-pid----6671----pid-6671
---ebpf-pid----2094----pid-1
---ebpf-pid----6671----pid-5476
---ebpf-pid----2094----pid-2094
---ebpf-pid----6671----pid-1
---ebpf-pid----2094----pid-1
---ebpf-pid----6671----pid-6671
---ebpf-pid----2094----pid-2094
---ebpf-pid----6671----pid-5476
---ebpf-pid----6671----pid-1
---ebpf-pid----6671----pid-6671
---ebpf-pid----6671----pid-5476
---ebpf-pid----2094----pid-1
---ebpf-pid----6671----pid-1
---ebpf-pid----2094----pid-2094
---ebpf-pid----6671----pid-6671
---ebpf-pid----2094----pid-1
---ebpf-pid----6671----pid-5476
---ebpf-pid----2094----pid-2094
---ebpf-pid----6671----pid-1
---ebpf-pid----2094----pid-1
---ebpf-pid----6671----pid-6671
---ebpf-pid----5707----pid-5707
---ebpf-pid----6671----pid-5476
---ebpf-pid----5707----pid-5476
---ebpf-pid----5707----pid-1
---ebpf-pid----5707----pid-5707
---ebpf-pid----6671----pid-1
---ebpf-pid----6671----pid-6671
---ebpf-pid----5707----pid-5476
---ebpf-pid----6671----pid-5476
---ebpf-pid----5707----pid-1
---ebpf-pid----5707----pid-5707
---ebpf-pid----6671----pid-1
---ebpf-pid----6671----pid-6671
---ebpf-pid----6671----pid-5476
---ebpf-pid----6671----pid-1
---ebpf-pid----5707----pid-5476
---ebpf-pid----5707----pid-1
---ebpf-pid----5707----pid-5707
---ebpf-pid----5707----pid-5476
---ebpf-pid----5707----pid-1
---ebpf-pid----6671----pid-6671
---ebpf-pid----6671----pid-5476
---ebpf-pid----6671----pid-1
---ebpf-pid----6671----pid-6671
---ebpf-pid----6671----pid-5476
---ebpf-pid----6671----pid-1
---ebpf-pid----5707----pid-5707
---ebpf-pid----5707----pid-5476
---ebpf-pid----5707----pid-1
---ebpf-pid----5707----pid-5707
---ebpf-pid----5707----pid-5476
---ebpf-pid----5707----pid-1
---ebpf-pid----5707----pid-5707
---ebpf-pid----5707----pid-5476
---ebpf-pid----5707----pid-1
---ebpf-pid----5707----pid-5707
---ebpf-pid----5707----pid-5476
---ebpf-pid----5707----pid-1
---ebpf-pid----5707----pid-5707
---ebpf-pid----5707----pid-5476
---ebpf-pid----5707----pid-1
---ebpf-pid----5707----pid-5707
---ebpf-pid----5707----pid-5476
---ebpf-pid----5707----pid-1
---ebpf-pid----5707----pid-5707
---ebpf-pid----5707----pid-5476
---ebpf-pid----5707----pid-1
---ebpf-pid----5707----pid-5707
---ebpf-pid----5707----pid-5476
---ebpf-pid----5707----pid-1
---ebpf-pid----5707----pid-5707
---ebpf-pid----5707----pid-5476
---ebpf-pid----6671----pid-6671
---ebpf-pid----6671----pid-5476
---ebpf-pid----6671----pid-1
---ebpf-pid----373029----pid-373029
---ebpf-pid----373029----pid-5476
---ebpf-pid----373029----pid-1
---ebpf-pid----373029----pid-373029
---ebpf-pid----373029----pid-5476
---ebpf-pid----373029----pid-1
---ebpf-pid----373029----pid-373029
---ebpf-pid----373029----pid-5476
---ebpf-pid----373029----pid-1
---ebpf-pid----373029----pid-373029
---ebpf-pid----373029----pid-5476
---ebpf-pid----373029----pid-1
---ebpf-pid----373029----pid-373029
---ebpf-pid----373029----pid-5476
---ebpf-pid----373029----pid-1
---ebpf-pid----373029----pid-373029
---ebpf-pid----373029----pid-5476
---ebpf-pid----373029----pid-1
---ebpf-pid----373029----pid-373029
---ebpf-pid----373029----pid-5476
---ebpf-pid----373029----pid-1
---ebpf-pid----373029----pid-373029
---ebpf-pid----373029----pid-5476
---ebpf-pid----373029----pid-1
---ebpf-pid----2089----pid-2089
---ebpf-pid----2089----pid-1
---ebpf-pid----2089----pid-2089
---ebpf-pid----2089----pid-1
---ebpf-pid----2089----pid-2089
---ebpf-pid----2089----pid-1
---ebpf-pid----2089----pid-2089
---ebpf-pid----2089----pid-1
---ebpf-pid----2089----pid-2089
---ebpf-pid----2089----pid-1
---ebpf-pid----2089----pid-2089
---ebpf-pid----2089----pid-1
---ebpf-pid----5707----pid-1
---ebpf-pid----5707----pid-5707
---ebpf-pid----5707----pid-5476
---ebpf-pid----5707----pid-1
---ebpf-pid----5707----pid-5707
---ebpf-pid----5707----pid-5476
---ebpf-pid----5707----pid-1
---ebpf-pid----5707----pid-5707
---ebpf-pid----5707----pid-5476
---ebpf-pid----5707----pid-1
---ebpf-pid----5707----pid-5707
---ebpf-pid----5707----pid-5476
---ebpf-pid----5707----pid-1
---ebpf-pid----5707----pid-5707
---ebpf-pid----5707----pid-5476
---ebpf-pid----5707----pid-1
---ebpf-pid----379067----pid-379067
---ebpf-pid----379067----pid-5476
---ebpf-pid----379067----pid-1
---ebpf-pid----379067----pid-379067
---ebpf-pid----379067----pid-5476
---ebpf-pid----379067----pid-1
---ebpf-pid----379067----pid-379067
---ebpf-pid----379067----pid-5476
---ebpf-pid----2089----pid-2089
---ebpf-pid----379067----pid-1
---ebpf-pid----2089----pid-1
---ebpf-pid----2094----pid-2094
---ebpf-pid----2089----pid-2089
---ebpf-pid----2094----pid-1
---ebpf-pid----2089----pid-1
---ebpf-pid----2094----pid-2094
---ebpf-pid----2089----pid-2089
---ebpf-pid----2094----pid-1
---ebpf-pid----2089----pid-1
---ebpf-pid----2089----pid-2089
---ebpf-pid----2094----pid-2094
---ebpf-pid----2089----pid-1
---ebpf-pid----2094----pid-1
---ebpf-pid----6671----pid-6671
---ebpf-pid----2094----pid-2094
---ebpf-pid----6671----pid-5476
---ebpf-pid----2094----pid-1
---ebpf-pid----2094----pid-2094
---ebpf-pid----6671----pid-1
---ebpf-pid----2094----pid-1
---ebpf-pid----6671----pid-6671
---ebpf-pid----2094----pid-2094
---ebpf-pid----6671----pid-5476
---ebpf-pid----2094----pid-1
---ebpf-pid----2094----pid-2094
---ebpf-pid----6671----pid-1
---ebpf-pid----6671----pid-6671
---ebpf-pid----2094----pid-1
---ebpf-pid----373029----pid-373029
---ebpf-pid----6671----pid-5476
---ebpf-pid----6671----pid-1
---ebpf-pid----373029----pid-5476
---ebpf-pid----6671----pid-6671
---ebpf-pid----373029----pid-1
---ebpf-pid----6671----pid-5476
---ebpf-pid----373029----pid-373029
---ebpf-pid----6671----pid-1
---ebpf-pid----373029----pid-5476
---ebpf-pid----6671----pid-6671
---ebpf-pid----373029----pid-1
---ebpf-pid----6671----pid-5476
---ebpf-pid----373029----pid-373029
---ebpf-pid----6671----pid-1
---ebpf-pid----6671----pid-6671
---ebpf-pid----373029----pid-5476
---ebpf-pid----6671----pid-5476
---ebpf-pid----373029----pid-1
---ebpf-pid----373029----pid-373029
---ebpf-pid----6671----pid-1
---ebpf-pid----6671----pid-6671
---ebpf-pid----373029----pid-5476
---ebpf-pid----6671----pid-5476
---ebpf-pid----373029----pid-1
---ebpf-pid----6671----pid-1
---ebpf-pid----373029----pid-373029
---ebpf-pid----6671----pid-6671
---ebpf-pid----373029----pid-5476
---ebpf-pid----373029----pid-1
---ebpf-pid----373029----pid-373029
---ebpf-pid----373029----pid-5476
---ebpf-pid----373029----pid-1
---ebpf-pid----373029----pid-373029
---ebpf-pid----373029----pid-5476
---ebpf-pid----6671----pid-5476
---ebpf-pid----6671----pid-1
---ebpf-pid----6671----pid-6671
---ebpf-pid----6671----pid-5476
---ebpf-pid----6671----pid-1
---ebpf-pid----6671----pid-6671
---ebpf-pid----6671----pid-5476
---ebpf-pid----6671----pid-1
---ebpf-pid----2089----pid-2089
---ebpf-pid----2089----pid-1
---ebpf-pid----2089----pid-2089
---ebpf-pid----2089----pid-1
---ebpf-pid----6671----pid-6671
---ebpf-pid----6671----pid-5476
---ebpf-pid----373029----pid-1
---ebpf-pid----373029----pid-373029
---ebpf-pid----6671----pid-1
---ebpf-pid----6671----pid-6671
---ebpf-pid----373029----pid-5476
---ebpf-pid----6671----pid-5476
---ebpf-pid----6671----pid-1
---ebpf-pid----373029----pid-1
---ebpf-pid----6671----pid-6671
---ebpf-pid----373029----pid-373029
---ebpf-pid----6671----pid-5476
---ebpf-pid----373029----pid-5476
---ebpf-pid----6671----pid-1
---ebpf-pid----6671----pid-6671
---ebpf-pid----373029----pid-1
---ebpf-pid----6671----pid-5476
---ebpf-pid----373029----pid-373029
---ebpf-pid----6671----pid-1
---ebpf-pid----6671----pid-6671
---ebpf-pid----373029----pid-5476
---ebpf-pid----6671----pid-5476
---ebpf-pid----373029----pid-1
---ebpf-pid----6671----pid-1
---ebpf-pid----6671----pid-6671
---ebpf-pid----373029----pid-373029
---ebpf-pid----6671----pid-5476
---ebpf-pid----373029----pid-5476
---ebpf-pid----6671----pid-1
---ebpf-pid----6671----pid-6671
---ebpf-pid----373029----pid-1
---ebpf-pid----6671----pid-5476
---ebpf-pid----373029----pid-373029
---ebpf-pid----6671----pid-1
---ebpf-pid----6671----pid-6671
---ebpf-pid----373029----pid-5476
---ebpf-pid----6671----pid-5476
---ebpf-pid----6671----pid-1
---ebpf-pid----2012----pid-2012
---ebpf-pid----373029----pid-1
---ebpf-pid----373029----pid-373029
---ebpf-pid----2012----pid-1
---ebpf-pid----2012----pid-2012
---ebpf-pid----373029----pid-5476
---ebpf-pid----2012----pid-1
---ebpf-pid----2012----pid-2012
---ebpf-pid----373029----pid-1
---ebpf-pid----2012----pid-1
---ebpf-pid----373029----pid-373029
---ebpf-pid----2012----pid-2012
---ebpf-pid----2012----pid-1
---ebpf-pid----373029----pid-5476
---ebpf-pid----2012----pid-2012
---ebpf-pid----2012----pid-1
---ebpf-pid----373029----pid-1
---ebpf-pid----2012----pid-2012
---ebpf-pid----373029----pid-373029
---ebpf-pid----2012----pid-1
---ebpf-pid----2012----pid-2012
---ebpf-pid----373029----pid-5476
---ebpf-pid----2012----pid-1
---ebpf-pid----2012----pid-2012
---ebpf-pid----373029----pid-1
---ebpf-pid----2012----pid-1
---ebpf-pid----373029----pid-373029
---ebpf-pid----2012----pid-2012
---ebpf-pid----373029----pid-5476
---ebpf-pid----2012----pid-1
---ebpf-pid----2012----pid-2012
---ebpf-pid----373029----pid-1
---ebpf-pid----2012----pid-1
---ebpf-pid----2012----pid-2012
---ebpf-pid----373029----pid-373029
---ebpf-pid----2012----pid-1
---ebpf-pid----2012----pid-2012
---ebpf-pid----373029----pid-5476
---ebpf-pid----2012----pid-1
---ebpf-pid----2012----pid-2012
---ebpf-pid----373029----pid-1
---ebpf-pid----373029----pid-373029
---ebpf-pid----373029----pid-5476
---ebpf-pid----2012----pid-1
---ebpf-pid----2012----pid-2012
---ebpf-pid----373029----pid-1
---ebpf-pid----2012----pid-1
---ebpf-pid----373029----pid-373029
---ebpf-pid----2012----pid-2012
---ebpf-pid----2012----pid-1
---ebpf-pid----373029----pid-5476
---ebpf-pid----2012----pid-2012
---ebpf-pid----2012----pid-1
---ebpf-pid----373029----pid-1
---ebpf-pid----2012----pid-2012
---ebpf-pid----373029----pid-373029
---ebpf-pid----2012----pid-1
---ebpf-pid----2012----pid-2012
---ebpf-pid----373029----pid-5476
---ebpf-pid----2012----pid-1
---ebpf-pid----2012----pid-2012
---ebpf-pid----373029----pid-1
---ebpf-pid----2012----pid-1
---ebpf-pid----2094----pid-2094
---ebpf-pid----2012----pid-2012
---ebpf-pid----2012----pid-1
---ebpf-pid----2012----pid-2012
---ebpf-pid----2094----pid-1
---ebpf-pid----2094----pid-2094
---ebpf-pid----2012----pid-1
---ebpf-pid----2012----pid-2012
---ebpf-pid----2094----pid-1
---ebpf-pid----2094----pid-2094
---ebpf-pid----2012----pid-1
---ebpf-pid----2094----pid-1
---ebpf-pid----2094----pid-2094
---ebpf-pid----2094----pid-1
---ebpf-pid----2094----pid-2094
---ebpf-pid----2094----pid-1
---ebpf-pid----2094----pid-2094
---ebpf-pid----2012----pid-2012
---ebpf-pid----2012----pid-1
---ebpf-pid----2094----pid-1
---ebpf-pid----2012----pid-2012
---ebpf-pid----2094----pid-2094
---ebpf-pid----2094----pid-1
---ebpf-pid----2012----pid-1
---ebpf-pid----2094----pid-2094
---ebpf-pid----2012----pid-2012
---ebpf-pid----2094----pid-1
---ebpf-pid----2012----pid-1
---ebpf-pid----2094----pid-2094
---ebpf-pid----2012----pid-2012
---ebpf-pid----2094----pid-1
---ebpf-pid----2094----pid-2094
---ebpf-pid----2012----pid-1
---ebpf-pid----2012----pid-2012
---ebpf-pid----2094----pid-1
---ebpf-pid----2094----pid-2094
---ebpf-pid----2012----pid-1
---ebpf-pid----2012----pid-2012
---ebpf-pid----2094----pid-1
---ebpf-pid----2094----pid-2094
---ebpf-pid----2094----pid-1
---ebpf-pid----2012----pid-1
---ebpf-pid----2094----pid-2094
---ebpf-pid----2012----pid-2012
---ebpf-pid----2094----pid-1
---ebpf-pid----2094----pid-2094
---ebpf-pid----2012----pid-1
---ebpf-pid----2012----pid-2012
---ebpf-pid----2094----pid-1
---ebpf-pid----2094----pid-2094
---ebpf-pid----2012----pid-1
---ebpf-pid----379067----pid-379067
---ebpf-pid----2094----pid-1
---ebpf-pid----2094----pid-2094
---ebpf-pid----2094----pid-1
---ebpf-pid----2094----pid-2094
---ebpf-pid----379067----pid-5476
---ebpf-pid----2094----pid-1
---ebpf-pid----2094----pid-2094
---ebpf-pid----379067----pid-1
---ebpf-pid----379067----pid-379067
---ebpf-pid----2094----pid-1
---ebpf-pid----2094----pid-2094
---ebpf-pid----379067----pid-5476
---ebpf-pid----2094----pid-1
---ebpf-pid----2094----pid-2094
---ebpf-pid----379067----pid-1
---ebpf-pid----373029----pid-373029
---ebpf-pid----2094----pid-1
---ebpf-pid----373029----pid-373029
---ebpf-pid----373029----pid-5476
---ebpf-pid----373029----pid-1
---ebpf-pid----373029----pid-373029
---ebpf-pid----373029----pid-5476
---ebpf-pid----373029----pid-5476
---ebpf-pid----373029----pid-1
---ebpf-pid----373029----pid-1
---ebpf-pid----373029----pid-373029
---ebpf-pid----373029----pid-373029
---ebpf-pid----373029----pid-5476
---ebpf-pid----373029----pid-5476
---ebpf-pid----373029----pid-1
---ebpf-pid----373029----pid-1
---ebpf-pid----373029----pid-373029
---ebpf-pid----373029----pid-373029
---ebpf-pid----373029----pid-5476
---ebpf-pid----373029----pid-5476
---ebpf-pid----373029----pid-1
---ebpf-pid----373029----pid-1
---ebpf-pid----373029----pid-373029
---ebpf-pid----373029----pid-373029
---ebpf-pid----373029----pid-5476
---ebpf-pid----373029----pid-5476
---ebpf-pid----373029----pid-1
---ebpf-pid----373029----pid-373029
---ebpf-pid----373029----pid-1
---ebpf-pid----373029----pid-373029
---ebpf-pid----373029----pid-5476
---ebpf-pid----373029----pid-5476
---ebpf-pid----373029----pid-1
---ebpf-pid----373029----pid-373029
---ebpf-pid----373029----pid-1
---ebpf-pid----373029----pid-5476
---ebpf-pid----373029----pid-373029
---ebpf-pid----373029----pid-1
---ebpf-pid----373029----pid-373029
---ebpf-pid----373029----pid-5476
---ebpf-pid----373029----pid-5476
---ebpf-pid----373029----pid-1
---ebpf-pid----373029----pid-373029
---ebpf-pid----373029----pid-1
---ebpf-pid----373029----pid-373029
---ebpf-pid----373029----pid-5476
---ebpf-pid----373029----pid-5476
---ebpf-pid----373029----pid-1
---ebpf-pid----373029----pid-373029
---ebpf-pid----373029----pid-5476
---ebpf-pid----373029----pid-1
---ebpf-pid----373029----pid-1
---ebpf-pid----373029----pid-373029
---ebpf-pid----2012----pid-2012
---ebpf-pid----373029----pid-5476
---ebpf-pid----2012----pid-1
---ebpf-pid----373029----pid-1
---ebpf-pid----2012----pid-2012
---ebpf-pid----2029----pid-2029
---ebpf-pid----2012----pid-1
---ebpf-pid----2029----pid-1
---ebpf-pid----2012----pid-2012
---ebpf-pid----2029----pid-2029
---ebpf-pid----2029----pid-1
---ebpf-pid----2012----pid-1
---ebpf-pid----2029----pid-2029
---ebpf-pid----2012----pid-2012
---ebpf-pid----2029----pid-1
---ebpf-pid----2012----pid-1
---ebpf-pid----2029----pid-2029
---ebpf-pid----2012----pid-2012
---ebpf-pid----2029----pid-1
---ebpf-pid----2012----pid-1
---ebpf-pid----2029----pid-2029
---ebpf-pid----2012----pid-2012
---ebpf-pid----2029----pid-1
---ebpf-pid----379067----pid-379067
---ebpf-pid----2012----pid-1
---ebpf-pid----379067----pid-5476
---ebpf-pid----2012----pid-2012
---ebpf-pid----379067----pid-1
---ebpf-pid----379067----pid-379067
---ebpf-pid----2012----pid-1
---ebpf-pid----2012----pid-2012
---ebpf-pid----379067----pid-5476
---ebpf-pid----2012----pid-1
---ebpf-pid----379067----pid-1
---ebpf-pid----2029----pid-2029
---ebpf-pid----2012----pid-2012
---ebpf-pid----2029----pid-1
---ebpf-pid----2012----pid-1
---ebpf-pid----379067----pid-379067
---ebpf-pid----2012----pid-2012
---ebpf-pid----379067----pid-5476
---ebpf-pid----379067----pid-1
---ebpf-pid----2012----pid-1
---ebpf-pid----379067----pid-379067
---ebpf-pid----373029----pid-373029
---ebpf-pid----379067----pid-5476
---ebpf-pid----373029----pid-5476
---ebpf-pid----379067----pid-1
---ebpf-pid----379067----pid-379067
---ebpf-pid----373029----pid-1
---ebpf-pid----373029----pid-373029
---ebpf-pid----379067----pid-5476
---ebpf-pid----379067----pid-1
---ebpf-pid----373029----pid-5476
---ebpf-pid----379067----pid-379067
---ebpf-pid----379067----pid-5476
---ebpf-pid----373029----pid-1
---ebpf-pid----373029----pid-373029
---ebpf-pid----379067----pid-1
---ebpf-pid----379067----pid-379067
---ebpf-pid----379067----pid-5476
---ebpf-pid----373029----pid-5476
---ebpf-pid----379067----pid-1
---ebpf-pid----379067----pid-379067
---ebpf-pid----373029----pid-1
---ebpf-pid----373029----pid-373029
---ebpf-pid----379067----pid-5476
---ebpf-pid----373029----pid-5476
---ebpf-pid----379067----pid-1
---ebpf-pid----379067----pid-379067
---ebpf-pid----373029----pid-1
---ebpf-pid----379067----pid-5476
---ebpf-pid----373029----pid-373029
---ebpf-pid----379067----pid-1
---ebpf-pid----379067----pid-379067
---ebpf-pid----373029----pid-5476
---ebpf-pid----379067----pid-5476
---ebpf-pid----373029----pid-1
---ebpf-pid----379067----pid-1
---ebpf-pid----373029----pid-373029
---ebpf-pid----379067----pid-379067
---ebpf-pid----373029----pid-5476
---ebpf-pid----379067----pid-5476
---ebpf-pid----379067----pid-1
---ebpf-pid----373029----pid-1
---ebpf-pid----379067----pid-379067
---ebpf-pid----373029----pid-373029
---ebpf-pid----379067----pid-5476
---ebpf-pid----379067----pid-1
---ebpf-pid----373029----pid-5476
---ebpf-pid----379067----pid-379067
---ebpf-pid----373029----pid-1
---ebpf-pid----379067----pid-5476
---ebpf-pid----373029----pid-373029
---ebpf-pid----379067----pid-1
---ebpf-pid----373029----pid-5476
---ebpf-pid----379067----pid-379067
---ebpf-pid----373029----pid-1
---ebpf-pid----373029----pid-373029
---ebpf-pid----379067----pid-5476
---ebpf-pid----373029----pid-5476
---ebpf-pid----379067----pid-1
---ebpf-pid----373029----pid-1
---ebpf-pid----2012----pid-2012
---ebpf-pid----373029----pid-373029
---ebpf-pid----2012----pid-1
---ebpf-pid----373029----pid-5476
---ebpf-pid----2012----pid-2012
---ebpf-pid----373029----pid-1
---ebpf-pid----2012----pid-1
---ebpf-pid----2012----pid-2012
---ebpf-pid----6671----pid-6671
---ebpf-pid----2012----pid-1
---ebpf-pid----6671----pid-5476
---ebpf-pid----2012----pid-2012
---ebpf-pid----6671----pid-1
---ebpf-pid----6671----pid-6671
---ebpf-pid----2012----pid-1
---ebpf-pid----2012----pid-2012
---ebpf-pid----6671----pid-5476
---ebpf-pid----6671----pid-1
---ebpf-pid----6671----pid-6671
---ebpf-pid----2012----pid-1
---ebpf-pid----6671----pid-5476
---ebpf-pid----2012----pid-2012
---ebpf-pid----6671----pid-1
---ebpf-pid----2012----pid-1
---ebpf-pid----6671----pid-6671
---ebpf-pid----2012----pid-2012
---ebpf-pid----6671----pid-5476
---ebpf-pid----2012----pid-1
---ebpf-pid----6671----pid-1
---ebpf-pid----2012----pid-2012
---ebpf-pid----6671----pid-6671
---ebpf-pid----2012----pid-1
---ebpf-pid----6671----pid-5476
---ebpf-pid----2012----pid-2012
---ebpf-pid----6671----pid-1
---ebpf-pid----2012----pid-1
---ebpf-pid----6671----pid-6671
---ebpf-pid----2012----pid-2012
---ebpf-pid----6671----pid-5476
---ebpf-pid----2012----pid-1
---ebpf-pid----6671----pid-1
---ebpf-pid----2012----pid-2012
---ebpf-pid----6671----pid-6671
---ebpf-pid----2012----pid-1
---ebpf-pid----6671----pid-5476
---ebpf-pid----2012----pid-2012
---ebpf-pid----6671----pid-1
---ebpf-pid----6671----pid-6671
---ebpf-pid----2012----pid-1
---ebpf-pid----2012----pid-2012
---ebpf-pid----6671----pid-5476
---ebpf-pid----6671----pid-1
---ebpf-pid----2012----pid-1
---ebpf-pid----6671----pid-6671
---ebpf-pid----2012----pid-2012
---ebpf-pid----6671----pid-5476
---ebpf-pid----2012----pid-1
---ebpf-pid----2012----pid-2012
---ebpf-pid----6671----pid-1
---ebpf-pid----6671----pid-6671
---ebpf-pid----6671----pid-5476
---ebpf-pid----2012----pid-1
---ebpf-pid----2012----pid-2012
---ebpf-pid----6671----pid-1
---ebpf-pid----6671----pid-6671
---ebpf-pid----2012----pid-1
---ebpf-pid----6671----pid-5476
---ebpf-pid----2012----pid-2012
---ebpf-pid----6671----pid-1
---ebpf-pid----2012----pid-1
---ebpf-pid----6671----pid-6671
---ebpf-pid----2012----pid-2012
---ebpf-pid----6671----pid-5476
---ebpf-pid----2012----pid-1
---ebpf-pid----6671----pid-1
---ebpf-pid----6671----pid-6671
---ebpf-pid----2012----pid-2012
---ebpf-pid----6671----pid-5476
---ebpf-pid----6671----pid-1
---ebpf-pid----2012----pid-1
---ebpf-pid----6671----pid-6671
---ebpf-pid----2012----pid-2012
---ebpf-pid----6671----pid-5476
---ebpf-pid----2012----pid-1
---ebpf-pid----6671----pid-1
---ebpf-pid----2012----pid-2012
---ebpf-pid----6671----pid-6671
---ebpf-pid----6671----pid-5476
---ebpf-pid----2012----pid-1
---ebpf-pid----2012----pid-2012
---ebpf-pid----6671----pid-1
---ebpf-pid----6671----pid-6671
---ebpf-pid----2012----pid-1
---ebpf-pid----379067----pid-379067
---ebpf-pid----6671----pid-5476
---ebpf-pid----379067----pid-5476
---ebpf-pid----6671----pid-1
---ebpf-pid----6671----pid-6671
---ebpf-pid----379067----pid-1
---ebpf-pid----379067----pid-379067
---ebpf-pid----6671----pid-5476
---ebpf-pid----379067----pid-5476
---ebpf-pid----6671----pid-1
---ebpf-pid----6671----pid-6671
---ebpf-pid----379067----pid-1
---ebpf-pid----379067----pid-379067
---ebpf-pid----6671----pid-5476
---ebpf-pid----6671----pid-1
---ebpf-pid----379067----pid-5476
---ebpf-pid----5707----pid-5707
---ebpf-pid----5707----pid-5476
---ebpf-pid----379067----pid-1
---ebpf-pid----5707----pid-1
---ebpf-pid----5707----pid-5707
---ebpf-pid----379067----pid-379067
---ebpf-pid----5707----pid-5476
---ebpf-pid----379067----pid-5476
---ebpf-pid----5707----pid-1
---ebpf-pid----379067----pid-1
---ebpf-pid----5707----pid-5707
---ebpf-pid----379067----pid-379067
---ebpf-pid----5707----pid-5476
---ebpf-pid----379067----pid-5476
---ebpf-pid----5707----pid-1
---ebpf-pid----5707----pid-5707
---ebpf-pid----5707----pid-5476
---ebpf-pid----379067----pid-1
---ebpf-pid----379067----pid-379067
---ebpf-pid----5707----pid-1
---ebpf-pid----5707----pid-5707
---ebpf-pid----379067----pid-5476
---ebpf-pid----5707----pid-5476
---ebpf-pid----379067----pid-1
---ebpf-pid----5707----pid-1
---ebpf-pid----379067----pid-379067
---ebpf-pid----5707----pid-5707
---ebpf-pid----5707----pid-5476
---ebpf-pid----379067----pid-5476
---ebpf-pid----5707----pid-1
---ebpf-pid----5707----pid-5707
---ebpf-pid----379067----pid-1
---ebpf-pid----379067----pid-379067
---ebpf-pid----5707----pid-5476
---ebpf-pid----379067----pid-5476
---ebpf-pid----5707----pid-1
---ebpf-pid----5707----pid-5707
---ebpf-pid----379067----pid-1
---ebpf-pid----379067----pid-379067
---ebpf-pid----5707----pid-5476
---ebpf-pid----379067----pid-5476
---ebpf-pid----5707----pid-1
---ebpf-pid----5707----pid-5707
---ebpf-pid----379067----pid-1
---ebpf-pid----5707----pid-5476
---ebpf-pid----379067----pid-379067
---ebpf-pid----5707----pid-1
---ebpf-pid----5707----pid-5707
---ebpf-pid----379067----pid-5476
---ebpf-pid----5707----pid-5476
---ebpf-pid----379067----pid-1
---ebpf-pid----5707----pid-1
---ebpf-pid----5707----pid-5707
---ebpf-pid----2088----pid-2088
---ebpf-pid----5707----pid-5476
---ebpf-pid----2088----pid-1
---ebpf-pid----2088----pid-2088
---ebpf-pid----5707----pid-1
---ebpf-pid----5707----pid-5707
---ebpf-pid----5707----pid-5476
---ebpf-pid----2088----pid-1
---ebpf-pid----2088----pid-2088
---ebpf-pid----5707----pid-1
---ebpf-pid----5707----pid-5707
---ebpf-pid----2088----pid-1
---ebpf-pid----2088----pid-2088
---ebpf-pid----5707----pid-5476
---ebpf-pid----2088----pid-1
---ebpf-pid----5707----pid-1
---ebpf-pid----2088----pid-2088
---ebpf-pid----5707----pid-5707
---ebpf-pid----2088----pid-1
---ebpf-pid----5707----pid-5476
---ebpf-pid----2088----pid-2088
---ebpf-pid----5707----pid-1
---ebpf-pid----5707----pid-5707
---ebpf-pid----2088----pid-1
---ebpf-pid----5707----pid-5476
---ebpf-pid----2088----pid-2088
---ebpf-pid----5707----pid-1
---ebpf-pid----2088----pid-1
---ebpf-pid----5707----pid-5707
---ebpf-pid----2088----pid-2088
---ebpf-pid----5707----pid-5476
---ebpf-pid----2088----pid-1
---ebpf-pid----2088----pid-2088
---ebpf-pid----5707----pid-1
---ebpf-pid----5707----pid-5707
---ebpf-pid----2088----pid-1
---ebpf-pid----2088----pid-2088
---ebpf-pid----5707----pid-5476
---ebpf-pid----2088----pid-1
---ebpf-pid----5707----pid-1
---ebpf-pid----2088----pid-2088
---ebpf-pid----5707----pid-5707
---ebpf-pid----2088----pid-1
---ebpf-pid----5707----pid-5476
---ebpf-pid----2088----pid-2088
---ebpf-pid----5707----pid-1
---ebpf-pid----2088----pid-1
---ebpf-pid----5707----pid-5707
---ebpf-pid----2088----pid-2088
---ebpf-pid----5707----pid-5476
---ebpf-pid----2088----pid-1
---ebpf-pid----5707----pid-1
---ebpf-pid----2088----pid-2088
---ebpf-pid----5707----pid-5707
---ebpf-pid----2088----pid-1
---ebpf-pid----5707----pid-5476
---ebpf-pid----2088----pid-2088
---ebpf-pid----5707----pid-1
---ebpf-pid----2088----pid-2088
---ebpf-pid----2088----pid-1
---ebpf-pid----2088----pid-2088
---ebpf-pid----2088----pid-1
---ebpf-pid----2088----pid-2088
---ebpf-pid----2088----pid-1
---ebpf-pid----2088----pid-2088
---ebpf-pid----2088----pid-1
---ebpf-pid----2088----pid-2088
---ebpf-pid----2088----pid-1
---ebpf-pid----2088----pid-2088
---ebpf-pid----2088----pid-1
---ebpf-pid----2088----pid-2088
---ebpf-pid----2088----pid-1
---ebpf-pid----2088----pid-2088
---ebpf-pid----2088----pid-1
---ebpf-pid----2088----pid-1
---ebpf-pid----2088----pid-2088
---ebpf-pid----2088----pid-2088
---ebpf-pid----2088----pid-1
---ebpf-pid----2088----pid-1
---ebpf-pid----2088----pid-2088
---ebpf-pid----2088----pid-1
---ebpf-pid----2088----pid-2088
---ebpf-pid----2088----pid-1
---ebpf-pid----2088----pid-2088
---ebpf-pid----2088----pid-1
---ebpf-pid----2088----pid-2088
---ebpf-pid----2088----pid-2088
---ebpf-pid----2088----pid-1
---ebpf-pid----2088----pid-2088
---ebpf-pid----2088----pid-1
---ebpf-pid----2088----pid-1
---ebpf-pid----2088----pid-2088
---ebpf-pid----5707----pid-5707
---ebpf-pid----2088----pid-1
---ebpf-pid----2088----pid-2088
---ebpf-pid----2088----pid-1
---ebpf-pid----5707----pid-5476
---ebpf-pid----2088----pid-2088
---ebpf-pid----5707----pid-1
---ebpf-pid----2088----pid-1
---ebpf-pid----5707----pid-5707
---ebpf-pid----2088----pid-2088
---ebpf-pid----2088----pid-1
---ebpf-pid----5707----pid-5476
---ebpf-pid----2088----pid-2088
---ebpf-pid----5707----pid-1
---ebpf-pid----5707----pid-5707
---ebpf-pid----2088----pid-1
---ebpf-pid----2088----pid-2088
---ebpf-pid----5707----pid-5476
---ebpf-pid----2088----pid-1
---ebpf-pid----2088----pid-2088
---ebpf-pid----5707----pid-1
---ebpf-pid----2088----pid-1
---ebpf-pid----5707----pid-5707
---ebpf-pid----2088----pid-2088
---ebpf-pid----5707----pid-5476
---ebpf-pid----2088----pid-1
---ebpf-pid----2088----pid-2088
---ebpf-pid----2088----pid-1
---ebpf-pid----5707----pid-1
---ebpf-pid----2012----pid-2012
---ebpf-pid----5707----pid-5707
---ebpf-pid----2012----pid-1
---ebpf-pid----5707----pid-5476
---ebpf-pid----2012----pid-2012
---ebpf-pid----2012----pid-1
---ebpf-pid----2012----pid-2012
---ebpf-pid----5707----pid-1
---ebpf-pid----5707----pid-5707
---ebpf-pid----2012----pid-1
---ebpf-pid----2012----pid-2012
---ebpf-pid----5707----pid-5476
---ebpf-pid----2012----pid-1
---ebpf-pid----2012----pid-2012
---ebpf-pid----5707----pid-1
---ebpf-pid----5707----pid-5707
---ebpf-pid----2012----pid-1
---ebpf-pid----2012----pid-2012
---ebpf-pid----5707----pid-5476
---ebpf-pid----2012----pid-1
---ebpf-pid----2012----pid-2012
---ebpf-pid----5707----pid-1
---ebpf-pid----5707----pid-5707
---ebpf-pid----2012----pid-1
---ebpf-pid----2012----pid-2012
---ebpf-pid----2012----pid-1
---ebpf-pid----2012----pid-2012
---ebpf-pid----5707----pid-5476
---ebpf-pid----2012----pid-1
---ebpf-pid----5707----pid-1
---ebpf-pid----2012----pid-2012
---ebpf-pid----5707----pid-5707
---ebpf-pid----2012----pid-1
---ebpf-pid----5707----pid-5476
---ebpf-pid----5707----pid-5707
---ebpf-pid----5707----pid-1
---ebpf-pid----5707----pid-5476
---ebpf-pid----5707----pid-5707
---ebpf-pid----5707----pid-1
---ebpf-pid----5707----pid-5707
---ebpf-pid----5707----pid-5476
---ebpf-pid----5707----pid-5476
---ebpf-pid----5707----pid-1
---ebpf-pid----5707----pid-1
---ebpf-pid----5707----pid-5707
---ebpf-pid----6671----pid-6671
---ebpf-pid----5707----pid-5476
---ebpf-pid----6671----pid-5476
---ebpf-pid----5707----pid-1
---ebpf-pid----5707----pid-5707
---ebpf-pid----6671----pid-1
---ebpf-pid----373029----pid-373029
---ebpf-pid----5707----pid-5476
---ebpf-pid----5707----pid-1
---ebpf-pid----373029----pid-5476
---ebpf-pid----5707----pid-5707
---ebpf-pid----5707----pid-5476
---ebpf-pid----373029----pid-1
---ebpf-pid----5707----pid-1
---ebpf-pid----373029----pid-373029
---ebpf-pid----5707----pid-5707
---ebpf-pid----373029----pid-5476
---ebpf-pid----5707----pid-5476
---ebpf-pid----5707----pid-1
---ebpf-pid----373029----pid-1
---ebpf-pid----5707----pid-5707
---ebpf-pid----6671----pid-6671
---ebpf-pid----5707----pid-5476
---ebpf-pid----6671----pid-5476
---ebpf-pid----5707----pid-1
---ebpf-pid----5707----pid-5707
---ebpf-pid----6671----pid-1
---ebpf-pid----6671----pid-6671
---ebpf-pid----5707----pid-5476
---ebpf-pid----5707----pid-1
---ebpf-pid----5707----pid-5707
---ebpf-pid----6671----pid-5476
---ebpf-pid----5707----pid-5476
---ebpf-pid----6671----pid-1
---ebpf-pid----379067----pid-379067
---ebpf-pid----5707----pid-1
---ebpf-pid----5707----pid-5707
---ebpf-pid----379067----pid-5476
---ebpf-pid----5707----pid-5476
---ebpf-pid----379067----pid-1
---ebpf-pid----6671----pid-6671
---ebpf-pid----5707----pid-1
---ebpf-pid----2012----pid-2012
---ebpf-pid----6671----pid-5476
---ebpf-pid----2012----pid-1
---ebpf-pid----2012----pid-2012
---ebpf-pid----2012----pid-1
---ebpf-pid----6671----pid-1
---ebpf-pid----2012----pid-2012
---ebpf-pid----6671----pid-6671
---ebpf-pid----2012----pid-1
---ebpf-pid----2012----pid-2012
---ebpf-pid----6671----pid-5476
---ebpf-pid----2012----pid-1
---ebpf-pid----6671----pid-1
---ebpf-pid----2012----pid-2012
---ebpf-pid----379067----pid-379067
---ebpf-pid----2012----pid-1
---ebpf-pid----2012----pid-2012
---ebpf-pid----379067----pid-5476
---ebpf-pid----2012----pid-1
---ebpf-pid----2012----pid-2012
---ebpf-pid----379067----pid-1
---ebpf-pid----6671----pid-6671
---ebpf-pid----2012----pid-1
---ebpf-pid----2012----pid-2012
---ebpf-pid----6671----pid-5476
---ebpf-pid----2012----pid-1
---ebpf-pid----2012----pid-2012
---ebpf-pid----6671----pid-1
---ebpf-pid----2012----pid-2012
---ebpf-pid----2012----pid-1
---ebpf-pid----2012----pid-2012
---ebpf-pid----2012----pid-1
---ebpf-pid----2012----pid-2012
---ebpf-pid----2012----pid-1
---ebpf-pid----2088----pid-2088
---ebpf-pid----2012----pid-1
---ebpf-pid----2012----pid-2012
---ebpf-pid----2088----pid-1
---ebpf-pid----2088----pid-2088
---ebpf-pid----2012----pid-1
---ebpf-pid----2088----pid-1
---ebpf-pid----2012----pid-2012
---ebpf-pid----2088----pid-2088
---ebpf-pid----2012----pid-1
---ebpf-pid----2088----pid-1
---ebpf-pid----2012----pid-2012
---ebpf-pid----2088----pid-2088
---ebpf-pid----2088----pid-1
---ebpf-pid----2012----pid-1
---ebpf-pid----2012----pid-2012
---ebpf-pid----2088----pid-2088
---ebpf-pid----2088----pid-1
---ebpf-pid----2088----pid-2088
---ebpf-pid----2088----pid-1
---ebpf-pid----2012----pid-1
---ebpf-pid----2088----pid-2088
---ebpf-pid----2012----pid-2012
---ebpf-pid----2088----pid-1
---ebpf-pid----2012----pid-1
---ebpf-pid----2088----pid-2088
---ebpf-pid----2012----pid-2012
---ebpf-pid----2088----pid-1
---ebpf-pid----2012----pid-1
---ebpf-pid----2088----pid-2088
---ebpf-pid----2012----pid-2012
---ebpf-pid----2088----pid-1
---ebpf-pid----2012----pid-1
---ebpf-pid----2088----pid-2088
---ebpf-pid----2012----pid-2012
---ebpf-pid----2088----pid-1
---ebpf-pid----379067----pid-379067
---ebpf-pid----379067----pid-5476
---ebpf-pid----2012----pid-1
---ebpf-pid----2088----pid-2088
---ebpf-pid----379067----pid-1
---ebpf-pid----379067----pid-379067
---ebpf-pid----2088----pid-1
---ebpf-pid----2088----pid-2088
---ebpf-pid----379067----pid-5476
---ebpf-pid----2088----pid-1
---ebpf-pid----379067----pid-1
---ebpf-pid----2088----pid-2088
---ebpf-pid----379067----pid-379067
---ebpf-pid----379067----pid-5476
---ebpf-pid----2088----pid-1
---ebpf-pid----2088----pid-2088
---ebpf-pid----379067----pid-1
---ebpf-pid----379067----pid-379067
---ebpf-pid----379067----pid-5476
---ebpf-pid----2088----pid-1
---ebpf-pid----2088----pid-2088
---ebpf-pid----379067----pid-1
---ebpf-pid----379067----pid-379067
---ebpf-pid----2088----pid-1
---ebpf-pid----379067----pid-5476
---ebpf-pid----2088----pid-2088
---ebpf-pid----379067----pid-1
---ebpf-pid----2088----pid-1
---ebpf-pid----379067----pid-379067
---ebpf-pid----2088----pid-2088
---ebpf-pid----379067----pid-5476
---ebpf-pid----2088----pid-1
---ebpf-pid----379067----pid-1
---ebpf-pid----2088----pid-2088
---ebpf-pid----379067----pid-379067
---ebpf-pid----379067----pid-5476
---ebpf-pid----2088----pid-1
---ebpf-pid----2088----pid-2088
---ebpf-pid----379067----pid-1
---ebpf-pid----379067----pid-379067
---ebpf-pid----2088----pid-1
---ebpf-pid----2088----pid-2088
---ebpf-pid----379067----pid-5476
---ebpf-pid----2088----pid-1
---ebpf-pid----379067----pid-1
---ebpf-pid----379067----pid-379067
---ebpf-pid----5707----pid-5707
---ebpf-pid----379067----pid-5476
---ebpf-pid----5707----pid-5476
---ebpf-pid----379067----pid-1
---ebpf-pid----379067----pid-379067
---ebpf-pid----5707----pid-1
---ebpf-pid----379067----pid-5476
---ebpf-pid----5707----pid-5707
---ebpf-pid----379067----pid-1
---ebpf-pid----5707----pid-5476
---ebpf-pid----2088----pid-2088
---ebpf-pid----5707----pid-1
---ebpf-pid----2088----pid-1
---ebpf-pid----5707----pid-5707
---ebpf-pid----2088----pid-2088
---ebpf-pid----2088----pid-1
---ebpf-pid----2088----pid-2088
---ebpf-pid----5707----pid-5476
---ebpf-pid----2088----pid-1
---ebpf-pid----2088----pid-2088
---ebpf-pid----5707----pid-1
---ebpf-pid----5707----pid-5707
---ebpf-pid----2088----pid-1
---ebpf-pid----2088----pid-2088
---ebpf-pid----5707----pid-5476
---ebpf-pid----2088----pid-1
---ebpf-pid----2088----pid-2088
---ebpf-pid----5707----pid-1
---ebpf-pid----2088----pid-1
---ebpf-pid----5707----pid-5707
---ebpf-pid----2088----pid-2088
---ebpf-pid----2088----pid-1
---ebpf-pid----5707----pid-5476
---ebpf-pid----2088----pid-2088
---ebpf-pid----5707----pid-1
---ebpf-pid----2088----pid-1
---ebpf-pid----5707----pid-5707
---ebpf-pid----2088----pid-2088
---ebpf-pid----2088----pid-1
---ebpf-pid----5707----pid-5476
---ebpf-pid----379067----pid-379067
---ebpf-pid----5707----pid-1
---ebpf-pid----379067----pid-5476
---ebpf-pid----5707----pid-5707
---ebpf-pid----379067----pid-1
---ebpf-pid----2029----pid-2029
---ebpf-pid----5707----pid-5476
---ebpf-pid----2029----pid-1
---ebpf-pid----2029----pid-2029
---ebpf-pid----5707----pid-1
---ebpf-pid----5707----pid-5707
---ebpf-pid----2029----pid-1
---ebpf-pid----2029----pid-2029
---ebpf-pid----5707----pid-5476
---ebpf-pid----2029----pid-1
---ebpf-pid----2029----pid-2029
---ebpf-pid----5707----pid-1
---ebpf-pid----5707----pid-5707
---ebpf-pid----2029----pid-1
---ebpf-pid----2029----pid-2029
---ebpf-pid----5707----pid-5476
---ebpf-pid----2029----pid-1
---ebpf-pid----2029----pid-2029
---ebpf-pid----5707----pid-1
---ebpf-pid----2029----pid-1
---ebpf-pid----2029----pid-2029
---ebpf-pid----5707----pid-5707
---ebpf-pid----2029----pid-1
---ebpf-pid----5707----pid-5476
---ebpf-pid----2029----pid-2029
---ebpf-pid----5707----pid-1
---ebpf-pid----2029----pid-1
---ebpf-pid----2029----pid-2029
---ebpf-pid----379067----pid-379067
---ebpf-pid----2029----pid-1
---ebpf-pid----379067----pid-5476
---ebpf-pid----2029----pid-2029
---ebpf-pid----2029----pid-1
---ebpf-pid----2029----pid-2029
---ebpf-pid----379067----pid-1
---ebpf-pid----379067----pid-379067
---ebpf-pid----2029----pid-1
---ebpf-pid----2029----pid-2029
---ebpf-pid----379067----pid-5476
---ebpf-pid----2029----pid-1
---ebpf-pid----2029----pid-2029
---ebpf-pid----379067----pid-1
---ebpf-pid----379067----pid-379067
---ebpf-pid----2029----pid-1
---ebpf-pid----2029----pid-2029
---ebpf-pid----379067----pid-5476
---ebpf-pid----2029----pid-1
---ebpf-pid----2029----pid-2029
---ebpf-pid----379067----pid-1
---ebpf-pid----2029----pid-1
---ebpf-pid----379067----pid-379067
---ebpf-pid----2029----pid-2029
---ebpf-pid----379067----pid-5476
---ebpf-pid----2029----pid-1
---ebpf-pid----379067----pid-1
---ebpf-pid----2029----pid-2029
---ebpf-pid----379067----pid-379067
---ebpf-pid----2029----pid-1
---ebpf-pid----2029----pid-2029
---ebpf-pid----379067----pid-5476
---ebpf-pid----2029----pid-1
---ebpf-pid----379067----pid-1
---ebpf-pid----2029----pid-2029
---ebpf-pid----379067----pid-379067
---ebpf-pid----2029----pid-1
---ebpf-pid----2029----pid-2029
---ebpf-pid----379067----pid-5476
---ebpf-pid----2029----pid-1
---ebpf-pid----379067----pid-1
---ebpf-pid----2029----pid-2029
---ebpf-pid----379067----pid-379067
---ebpf-pid----2029----pid-1
---ebpf-pid----379067----pid-5476
---ebpf-pid----2029----pid-2029
---ebpf-pid----379067----pid-1
---ebpf-pid----2029----pid-1
---ebpf-pid----379067----pid-379067
---ebpf-pid----2029----pid-2029
---ebpf-pid----379067----pid-5476
---ebpf-pid----2029----pid-1
---ebpf-pid----2029----pid-2029
---ebpf-pid----379067----pid-1
---ebpf-pid----2029----pid-1
---ebpf-pid----379067----pid-379067
---ebpf-pid----2029----pid-2029
---ebpf-pid----379067----pid-5476
---ebpf-pid----2029----pid-1
---ebpf-pid----2029----pid-2029
---ebpf-pid----379067----pid-1
---ebpf-pid----379067----pid-379067
---ebpf-pid----2029----pid-1
---ebpf-pid----2029----pid-2029
---ebpf-pid----379067----pid-5476
---ebpf-pid----2029----pid-1
---ebpf-pid----2029----pid-2029
---ebpf-pid----379067----pid-1
---ebpf-pid----379067----pid-379067
---ebpf-pid----2029----pid-1
---ebpf-pid----2029----pid-2029
---ebpf-pid----379067----pid-5476
---ebpf-pid----2029----pid-1
---ebpf-pid----2029----pid-2029
---ebpf-pid----379067----pid-1
---ebpf-pid----379067----pid-379067
---ebpf-pid----2029----pid-1
---ebpf-pid----5705----pid-5705
---ebpf-pid----379067----pid-5476
---ebpf-pid----5705----pid-5476
---ebpf-pid----5705----pid-1
---ebpf-pid----5705----pid-5705
---ebpf-pid----379067----pid-1
---ebpf-pid----5705----pid-5476
---ebpf-pid----5703----pid-5703
---ebpf-pid----5705----pid-1
---ebpf-pid----5703----pid-5476
---ebpf-pid----5705----pid-5705
---ebpf-pid----5703----pid-1
---ebpf-pid----5705----pid-5476
---ebpf-pid----6671----pid-6671
---ebpf-pid----5705----pid-1
---ebpf-pid----6671----pid-5476
---ebpf-pid----5705----pid-5705
---ebpf-pid----6671----pid-1
---ebpf-pid----5705----pid-5476
---ebpf-pid----6671----pid-6671
---ebpf-pid----5705----pid-1
---ebpf-pid----5705----pid-5705
---ebpf-pid----6671----pid-5476
---ebpf-pid----5705----pid-5476
---ebpf-pid----5705----pid-1
---ebpf-pid----6671----pid-1
---ebpf-pid----5705----pid-5705
---ebpf-pid----379067----pid-379067
---ebpf-pid----5705----pid-5476
---ebpf-pid----379067----pid-5476
---ebpf-pid----5705----pid-1
---ebpf-pid----379067----pid-1
---ebpf-pid----5705----pid-5705
---ebpf-pid----379067----pid-379067
---ebpf-pid----5705----pid-5476
---ebpf-pid----379067----pid-5476
---ebpf-pid----5705----pid-1
---ebpf-pid----379067----pid-1
---ebpf-pid----5705----pid-5705
---ebpf-pid----5705----pid-5476
---ebpf-pid----6671----pid-6671
---ebpf-pid----5705----pid-1
---ebpf-pid----5705----pid-5705
---ebpf-pid----6671----pid-5476
---ebpf-pid----5705----pid-5476
---ebpf-pid----6671----pid-1
---ebpf-pid----5705----pid-1
---ebpf-pid----6671----pid-6671
---ebpf-pid----5705----pid-5705
---ebpf-pid----6671----pid-5476
---ebpf-pid----5705----pid-5476
---ebpf-pid----6671----pid-1
---ebpf-pid----5705----pid-1
---ebpf-pid----379067----pid-379067
---ebpf-pid----379067----pid-379067
---ebpf-pid----379067----pid-5476
---ebpf-pid----379067----pid-5476
---ebpf-pid----379067----pid-1
---ebpf-pid----379067----pid-379067
---ebpf-pid----379067----pid-1
---ebpf-pid----379067----pid-5476
---ebpf-pid----373029----pid-373029
---ebpf-pid----379067----pid-1
---ebpf-pid----373029----pid-5476
---ebpf-pid----373029----pid-1
---ebpf-pid----379067----pid-379067
---ebpf-pid----379067----pid-5476
---ebpf-pid----379067----pid-1
---ebpf-pid----379067----pid-379067
---ebpf-pid----379067----pid-5476
---ebpf-pid----379067----pid-1
---ebpf-pid----373029----pid-373029
---ebpf-pid----373029----pid-5476
---ebpf-pid----373029----pid-1
---ebpf-pid----373029----pid-373029
---ebpf-pid----373029----pid-5476
---ebpf-pid----373029----pid-1
---ebpf-pid----373029----pid-373029
---ebpf-pid----373029----pid-5476
---ebpf-pid----373029----pid-1
---ebpf-pid----373029----pid-373029
---ebpf-pid----373029----pid-5476
---ebpf-pid----373029----pid-1
---ebpf-pid----373029----pid-373029
---ebpf-pid----373029----pid-5476
---ebpf-pid----373029----pid-1
---ebpf-pid----373029----pid-373029
---ebpf-pid----373029----pid-5476
---ebpf-pid----373029----pid-1
---ebpf-pid----373029----pid-373029
---ebpf-pid----373029----pid-5476
---ebpf-pid----373029----pid-1
---ebpf-pid----373029----pid-373029
---ebpf-pid----373029----pid-5476
---ebpf-pid----373029----pid-1
---ebpf-pid----373029----pid-373029
---ebpf-pid----373029----pid-5476
---ebpf-pid----373029----pid-1
---ebpf-pid----373029----pid-373029
---ebpf-pid----373029----pid-5476
---ebpf-pid----373029----pid-1
---ebpf-pid----373029----pid-373029
---ebpf-pid----373029----pid-5476
---ebpf-pid----373029----pid-1
---ebpf-pid----373029----pid-373029
---ebpf-pid----373029----pid-5476
---ebpf-pid----373029----pid-1
---ebpf-pid----373029----pid-373029
---ebpf-pid----373029----pid-5476
---ebpf-pid----373029----pid-1
---ebpf-pid----373029----pid-373029
---ebpf-pid----373029----pid-5476
---ebpf-pid----373029----pid-1
---ebpf-pid----373029----pid-373029
---ebpf-pid----373029----pid-5476
---ebpf-pid----373029----pid-1
---ebpf-pid----373029----pid-373029
---ebpf-pid----373029----pid-5476
---ebpf-pid----373029----pid-1
---ebpf-pid----373029----pid-373029
---ebpf-pid----373029----pid-5476
---ebpf-pid----373029----pid-1
---ebpf-pid----2094----pid-2094
---ebpf-pid----2094----pid-1
---ebpf-pid----2094----pid-2094
---ebpf-pid----2094----pid-1
---ebpf-pid----2094----pid-2094
---ebpf-pid----2094----pid-1
---ebpf-pid----2094----pid-2094
---ebpf-pid----2094----pid-1
---ebpf-pid----2094----pid-2094
---ebpf-pid----2094----pid-1
---ebpf-pid----2094----pid-2094
---ebpf-pid----2094----pid-1
---ebpf-pid----2094----pid-2094
---ebpf-pid----2094----pid-1
---ebpf-pid----2094----pid-2094
---ebpf-pid----2094----pid-1
---ebpf-pid----2094----pid-2094
---ebpf-pid----2094----pid-1
---ebpf-pid----2094----pid-2094
---ebpf-pid----2094----pid-1
---ebpf-pid----5705----pid-5705
---ebpf-pid----5705----pid-5476
---ebpf-pid----5705----pid-1
---ebpf-pid----5705----pid-5705
---ebpf-pid----406334----pid-406334
---ebpf-pid----5705----pid-5476
---ebpf-pid----5705----pid-1
---ebpf-pid----406334----pid-3323
---ebpf-pid----5705----pid-5705
---ebpf-pid----5705----pid-5476
Failed to get process information for PID 0
---ebpf-pid----406334----pid-1
---ebpf-pid----5705----pid-1
---ebpf-pid----5705----pid-5705
---ebpf-pid----5705----pid-5476
---ebpf-pid----5705----pid-1
---ebpf-pid----448522----pid-448522
---ebpf-pid----448522----pid-1
---ebpf-pid----5705----pid-5705
---ebpf-pid----5705----pid-5476
---ebpf-pid----5705----pid-1
---ebpf-pid----4716----pid-4716
---ebpf-pid----4716----pid-3323
---ebpf-pid----4716----pid-1
---ebpf-pid----448783----pid-448783
---ebpf-pid----406335----pid-406335
---ebpf-pid----448783----pid-448520
---ebpf-pid----406335----pid-3323
---ebpf-pid----448783----pid-1
---ebpf-pid----448783----pid-448783
---ebpf-pid----406335----pid-1
---ebpf-pid----406335----pid-406335
---ebpf-pid----448783----pid-448520
---ebpf-pid----406335----pid-3323
---ebpf-pid----448783----pid-1
---ebpf-pid----14----pid-14
---ebpf-pid----406335----pid-1
---ebpf-pid----406335----pid-406335
---ebpf-pid----14----pid-2
---ebpf-pid----406335----pid-3323
---ebpf-pid----4716----pid-4716
---ebpf-pid----406335----pid-1
---ebpf-pid----4716----pid-3323
---ebpf-pid----406335----pid-406335
---ebpf-pid----406335----pid-3323
---ebpf-pid----4716----pid-1
---ebpf-pid----4716----pid-4716
---ebpf-pid----406335----pid-1
---ebpf-pid----406335----pid-406335
---ebpf-pid----4716----pid-3323
---ebpf-pid----406335----pid-3323
---ebpf-pid----406335----pid-1
---ebpf-pid----4716----pid-1
---ebpf-pid----5108----pid-5108
---ebpf-pid----4716----pid-4716
---ebpf-pid----5108----pid-3323
---ebpf-pid----4716----pid-3323
---ebpf-pid----5108----pid-1
---ebpf-pid----4716----pid-1
---ebpf-pid----4716----pid-4716
---ebpf-pid----4716----pid-3323
---ebpf-pid----4716----pid-1
---ebpf-pid----4716----pid-4716
---ebpf-pid----4716----pid-3323
---ebpf-pid----4716----pid-1
---ebpf-pid----4716----pid-4716
---ebpf-pid----4716----pid-3323
---ebpf-pid----4716----pid-1
---ebpf-pid----4716----pid-4716
---ebpf-pid----4716----pid-3323
---ebpf-pid----5109----pid-5109
---ebpf-pid----4716----pid-1
---ebpf-pid----4716----pid-4716
---ebpf-pid----5109----pid-3323
---ebpf-pid----5109----pid-1
---ebpf-pid----4716----pid-3323
---ebpf-pid----5109----pid-5109
---ebpf-pid----4716----pid-1
---ebpf-pid----5109----pid-3323
---ebpf-pid----4716----pid-4716
---ebpf-pid----5109----pid-1
---ebpf-pid----5109----pid-5109
---ebpf-pid----4716----pid-3323
---ebpf-pid----5109----pid-3323
---ebpf-pid----4716----pid-1
---ebpf-pid----5109----pid-1
---ebpf-pid----4716----pid-4716
---ebpf-pid----4716----pid-3323
---ebpf-pid----4716----pid-1
---ebpf-pid----4716----pid-4716
---ebpf-pid----4716----pid-3323
---ebpf-pid----4716----pid-1
---ebpf-pid----4716----pid-4716
---ebpf-pid----4716----pid-3323
---ebpf-pid----5109----pid-5109
---ebpf-pid----4716----pid-1
---ebpf-pid----5109----pid-3323
---ebpf-pid----5109----pid-1
---ebpf-pid----5109----pid-5109
---ebpf-pid----5109----pid-3323
---ebpf-pid----5109----pid-1
---ebpf-pid----5109----pid-5109
---ebpf-pid----5109----pid-3323
---ebpf-pid----5109----pid-1
---ebpf-pid----5109----pid-5109
---ebpf-pid----5109----pid-3323
---ebpf-pid----5109----pid-1
---ebpf-pid----5109----pid-5109
---ebpf-pid----5109----pid-3323
---ebpf-pid----5109----pid-1
---ebpf-pid----5109----pid-5109
---ebpf-pid----5109----pid-3323
---ebpf-pid----5109----pid-1
---ebpf-pid----5109----pid-5109
---ebpf-pid----5109----pid-3323
---ebpf-pid----5109----pid-1
---ebpf-pid----5109----pid-5109
---ebpf-pid----5109----pid-3323
---ebpf-pid----5109----pid-1
---ebpf-pid----5109----pid-5109
---ebpf-pid----5109----pid-3323
---ebpf-pid----5109----pid-1
---ebpf-pid----5109----pid-5109
---ebpf-pid----5109----pid-3323
---ebpf-pid----5109----pid-1
---ebpf-pid----5109----pid-5109
---ebpf-pid----5109----pid-3323
---ebpf-pid----5109----pid-1
---ebpf-pid----5109----pid-5109
---ebpf-pid----5109----pid-3323
---ebpf-pid----5109----pid-1
---ebpf-pid----5109----pid-5109
---ebpf-pid----5109----pid-3323
---ebpf-pid----5109----pid-1
---ebpf-pid----5109----pid-5109
---ebpf-pid----5109----pid-3323
---ebpf-pid----5109----pid-1
---ebpf-pid----5109----pid-5109
---ebpf-pid----5109----pid-3323
---ebpf-pid----5109----pid-1
---ebpf-pid----5109----pid-5109
---ebpf-pid----5109----pid-3323
---ebpf-pid----5109----pid-1
---ebpf-pid----5109----pid-5109
---ebpf-pid----5109----pid-3323
---ebpf-pid----5109----pid-1
---ebpf-pid----5109----pid-5109
---ebpf-pid----5109----pid-3323
---ebpf-pid----5109----pid-1
---ebpf-pid----5109----pid-5109
---ebpf-pid----5109----pid-3323
---ebpf-pid----5109----pid-1
---ebpf-pid----5109----pid-5109
---ebpf-pid----5109----pid-3323
---ebpf-pid----5109----pid-1
---ebpf-pid----5109----pid-5109
---ebpf-pid----5109----pid-3323
---ebpf-pid----5109----pid-1
---ebpf-pid----5109----pid-5109
---ebpf-pid----5109----pid-3323
---ebpf-pid----5109----pid-1
---ebpf-pid----5109----pid-5109
---ebpf-pid----5109----pid-3323
---ebpf-pid----5109----pid-1
---ebpf-pid----5109----pid-5109
---ebpf-pid----5109----pid-3323
---ebpf-pid----5109----pid-1
---ebpf-pid----5109----pid-5109
---ebpf-pid----5109----pid-3323
---ebpf-pid----5109----pid-1
---ebpf-pid----5109----pid-5109
---ebpf-pid----5109----pid-3323
---ebpf-pid----5109----pid-1
---ebpf-pid----5109----pid-5109
---ebpf-pid----5109----pid-3323
---ebpf-pid----5109----pid-1
Failed to get process information for PID 0
Failed to get process information for PID 0
---ebpf-pid----14----pid-14
---ebpf-pid----14----pid-2
---ebpf-pid----5119----pid-5119
---ebpf-pid----5119----pid-3323
---ebpf-pid----5119----pid-1
---ebpf-pid----5109----pid-5109
---ebpf-pid----5109----pid-3323
---ebpf-pid----5109----pid-1
---ebpf-pid----5109----pid-5109
---ebpf-pid----5109----pid-3323
---ebpf-pid----5109----pid-1
---ebpf-pid----5109----pid-5109
---ebpf-pid----5109----pid-3323
---ebpf-pid----5109----pid-1
---ebpf-pid----5109----pid-5109
---ebpf-pid----5109----pid-3323
---ebpf-pid----5109----pid-1
---ebpf-pid----5109----pid-5109
---ebpf-pid----5109----pid-3323
---ebpf-pid----5109----pid-1
---ebpf-pid----5109----pid-5109
---ebpf-pid----5109----pid-3323
---ebpf-pid----5109----pid-1
---ebpf-pid----5109----pid-5109
---ebpf-pid----5109----pid-3323
---ebpf-pid----5109----pid-1
---ebpf-pid----5109----pid-5109
---ebpf-pid----5109----pid-3323
---ebpf-pid----5109----pid-1
---ebpf-pid----5109----pid-5109
---ebpf-pid----5109----pid-3323
---ebpf-pid----5109----pid-1
---ebpf-pid----5109----pid-5109
---ebpf-pid----5109----pid-3323
---ebpf-pid----5109----pid-1
---ebpf-pid----5109----pid-5109
---ebpf-pid----5109----pid-3323
---ebpf-pid----5109----pid-1
---ebpf-pid----5109----pid-5109
---ebpf-pid----5109----pid-3323
---ebpf-pid----5109----pid-1
---ebpf-pid----5109----pid-5109
---ebpf-pid----5109----pid-3323
---ebpf-pid----5109----pid-1
---ebpf-pid----5108----pid-5108
---ebpf-pid----5108----pid-3323
---ebpf-pid----5108----pid-1
---ebpf-pid----5108----pid-5108
---ebpf-pid----5108----pid-3323
---ebpf-pid----5108----pid-1
---ebpf-pid----5108----pid-5108
---ebpf-pid----5108----pid-3323
---ebpf-pid----5108----pid-1
---ebpf-pid----5108----pid-5108
---ebpf-pid----5108----pid-3323
---ebpf-pid----5108----pid-1
---ebpf-pid----5108----pid-5108
---ebpf-pid----5108----pid-3323
---ebpf-pid----5108----pid-1
---ebpf-pid----5108----pid-5108
---ebpf-pid----5108----pid-3323
---ebpf-pid----5108----pid-1
---ebpf-pid----5108----pid-5108
---ebpf-pid----5108----pid-3323
---ebpf-pid----5108----pid-1
---ebpf-pid----5108----pid-5108
---ebpf-pid----5108----pid-3323
---ebpf-pid----5108----pid-1
---ebpf-pid----5108----pid-5108
---ebpf-pid----5108----pid-3323
---ebpf-pid----5108----pid-1
---ebpf-pid----5108----pid-5108
---ebpf-pid----5108----pid-3323
---ebpf-pid----5108----pid-1
---ebpf-pid----5108----pid-5108
---ebpf-pid----5108----pid-3323
---ebpf-pid----5108----pid-1
---ebpf-pid----5119----pid-5119
---ebpf-pid----5119----pid-3323
---ebpf-pid----5119----pid-1
---ebpf-pid----5119----pid-5119
---ebpf-pid----5119----pid-3323
---ebpf-pid----5119----pid-1
---ebpf-pid----5119----pid-5119
---ebpf-pid----5119----pid-3323
---ebpf-pid----5119----pid-1
---ebpf-pid----5108----pid-5108
---ebpf-pid----5108----pid-3323
---ebpf-pid----5108----pid-1
---ebpf-pid----5108----pid-5108
---ebpf-pid----5108----pid-3323
---ebpf-pid----5108----pid-1
---ebpf-pid----5108----pid-5108
---ebpf-pid----5108----pid-3323
---ebpf-pid----5108----pid-1
---ebpf-pid----5108----pid-5108
---ebpf-pid----5108----pid-3323
---ebpf-pid----5108----pid-1
---ebpf-pid----5108----pid-5108
---ebpf-pid----5108----pid-3323
---ebpf-pid----5108----pid-1
---ebpf-pid----5108----pid-5108
---ebpf-pid----5108----pid-3323
---ebpf-pid----5108----pid-1
---ebpf-pid----5108----pid-5108
---ebpf-pid----5108----pid-3323
---ebpf-pid----5108----pid-1
---ebpf-pid----5108----pid-5108
---ebpf-pid----5108----pid-3323
---ebpf-pid----5108----pid-1
---ebpf-pid----5108----pid-5108
---ebpf-pid----5108----pid-3323
---ebpf-pid----5108----pid-1
---ebpf-pid----5108----pid-5108
---ebpf-pid----5108----pid-3323
---ebpf-pid----5108----pid-1
---ebpf-pid----5108----pid-5108
---ebpf-pid----5108----pid-3323
---ebpf-pid----5108----pid-1
---ebpf-pid----5108----pid-5108
---ebpf-pid----5108----pid-3323
---ebpf-pid----5108----pid-1
---ebpf-pid----5108----pid-5108
---ebpf-pid----5108----pid-3323
---ebpf-pid----5108----pid-1
---ebpf-pid----5108----pid-5108
---ebpf-pid----5108----pid-3323
---ebpf-pid----5108----pid-1
---ebpf-pid----5108----pid-5108
---ebpf-pid----5108----pid-3323
---ebpf-pid----5108----pid-1
---ebpf-pid----5108----pid-5108
---ebpf-pid----5108----pid-3323
---ebpf-pid----5108----pid-1
---ebpf-pid----5108----pid-5108
---ebpf-pid----5108----pid-3323
---ebpf-pid----5108----pid-1
---ebpf-pid----5108----pid-5108
---ebpf-pid----5108----pid-3323
---ebpf-pid----5108----pid-1
---ebpf-pid----5108----pid-5108
---ebpf-pid----5108----pid-3323
---ebpf-pid----5108----pid-1
---ebpf-pid----5108----pid-5108
---ebpf-pid----5108----pid-3323
---ebpf-pid----5108----pid-1
---ebpf-pid----5108----pid-5108
---ebpf-pid----5108----pid-3323
---ebpf-pid----5108----pid-1
---ebpf-pid----5108----pid-5108
---ebpf-pid----5108----pid-3323
---ebpf-pid----5108----pid-1
---ebpf-pid----5108----pid-5108
---ebpf-pid----5108----pid-3323
---ebpf-pid----5108----pid-1
---ebpf-pid----5108----pid-5108
---ebpf-pid----5108----pid-3323
---ebpf-pid----5108----pid-1
---ebpf-pid----5108----pid-5108
---ebpf-pid----5108----pid-3323
---ebpf-pid----5108----pid-1
---ebpf-pid----5108----pid-5108
---ebpf-pid----5108----pid-3323
---ebpf-pid----5108----pid-1
---ebpf-pid----5108----pid-5108
---ebpf-pid----5108----pid-3323
---ebpf-pid----5108----pid-1
---ebpf-pid----5108----pid-5108
---ebpf-pid----5108----pid-3323
---ebpf-pid----5108----pid-1
---ebpf-pid----5119----pid-5119
---ebpf-pid----5119----pid-3323
---ebpf-pid----5119----pid-1
---ebpf-pid----5119----pid-5119
---ebpf-pid----5119----pid-3323
---ebpf-pid----5119----pid-1
---ebpf-pid----5119----pid-5119
---ebpf-pid----5119----pid-3323
---ebpf-pid----5119----pid-1
---ebpf-pid----5119----pid-5119
---ebpf-pid----5119----pid-3323
---ebpf-pid----5119----pid-1
---ebpf-pid----5119----pid-5119
---ebpf-pid----5119----pid-3323
---ebpf-pid----5119----pid-1
---ebpf-pid----5119----pid-5119
---ebpf-pid----5119----pid-3323
---ebpf-pid----5119----pid-1
---ebpf-pid----5119----pid-5119
---ebpf-pid----5119----pid-3323
---ebpf-pid----5119----pid-1
---ebpf-pid----5119----pid-5119
---ebpf-pid----5119----pid-3323
---ebpf-pid----5119----pid-1
---ebpf-pid----5119----pid-5119
---ebpf-pid----5119----pid-3323
---ebpf-pid----5119----pid-1
---ebpf-pid----5119----pid-5119
---ebpf-pid----5119----pid-3323
---ebpf-pid----5119----pid-1
---ebpf-pid----5119----pid-5119
---ebpf-pid----5119----pid-3323
---ebpf-pid----5119----pid-1
---ebpf-pid----5119----pid-5119
---ebpf-pid----5119----pid-3323
---ebpf-pid----5119----pid-1
---ebpf-pid----5119----pid-5119
---ebpf-pid----5119----pid-3323
---ebpf-pid----5119----pid-1
---ebpf-pid----5119----pid-5119
---ebpf-pid----5119----pid-3323
---ebpf-pid----5119----pid-1
---ebpf-pid----5119----pid-5119
---ebpf-pid----5119----pid-3323
---ebpf-pid----5119----pid-1
---ebpf-pid----5119----pid-5119
---ebpf-pid----5119----pid-3323
---ebpf-pid----5119----pid-1
---ebpf-pid----5119----pid-5119
---ebpf-pid----5119----pid-3323
---ebpf-pid----5119----pid-1
---ebpf-pid----5119----pid-5119
---ebpf-pid----5119----pid-3323
---ebpf-pid----5119----pid-1
---ebpf-pid----5119----pid-5119
---ebpf-pid----5119----pid-3323
---ebpf-pid----5119----pid-1
---ebpf-pid----5119----pid-5119
---ebpf-pid----5119----pid-3323
---ebpf-pid----5119----pid-1
---ebpf-pid----5119----pid-5119
---ebpf-pid----5119----pid-3323
---ebpf-pid----5119----pid-1
---ebpf-pid----5119----pid-5119
---ebpf-pid----5119----pid-3323
---ebpf-pid----5119----pid-1
---ebpf-pid----5119----pid-5119
---ebpf-pid----5119----pid-3323
---ebpf-pid----5119----pid-1
---ebpf-pid----5119----pid-5119
---ebpf-pid----5119----pid-3323
---ebpf-pid----5119----pid-1
---ebpf-pid----5119----pid-5119
---ebpf-pid----5119----pid-3323
---ebpf-pid----5119----pid-1
---ebpf-pid----5119----pid-5119
---ebpf-pid----5119----pid-3323
---ebpf-pid----5119----pid-1
---ebpf-pid----5119----pid-5119
---ebpf-pid----5119----pid-3323
---ebpf-pid----5119----pid-1
---ebpf-pid----5119----pid-5119
---ebpf-pid----5119----pid-3323
---ebpf-pid----5119----pid-1
---ebpf-pid----5119----pid-5119
---ebpf-pid----5119----pid-3323
---ebpf-pid----5119----pid-1
---ebpf-pid----5119----pid-5119
---ebpf-pid----5119----pid-3323
---ebpf-pid----5119----pid-1
---ebpf-pid----5119----pid-5119
---ebpf-pid----5119----pid-3323
---ebpf-pid----5119----pid-1
---ebpf-pid----5119----pid-5119
---ebpf-pid----5119----pid-3323
---ebpf-pid----5119----pid-1
---ebpf-pid----5119----pid-5119
---ebpf-pid----5119----pid-3323
---ebpf-pid----5119----pid-1
---ebpf-pid----5119----pid-5119
---ebpf-pid----5119----pid-3323
---ebpf-pid----5119----pid-1
---ebpf-pid----5119----pid-5119
---ebpf-pid----5119----pid-3323
---ebpf-pid----5119----pid-1
---ebpf-pid----5119----pid-5119
---ebpf-pid----5119----pid-3323
---ebpf-pid----5119----pid-1
---ebpf-pid----5119----pid-5119
---ebpf-pid----5119----pid-3323
---ebpf-pid----5119----pid-1
---ebpf-pid----5119----pid-5119
---ebpf-pid----5119----pid-3323
---ebpf-pid----5119----pid-1
---ebpf-pid----5119----pid-5119
---ebpf-pid----5119----pid-3323
---ebpf-pid----5119----pid-1
---ebpf-pid----5119----pid-5119
---ebpf-pid----5119----pid-3323
---ebpf-pid----5119----pid-1
---ebpf-pid----406335----pid-406335
---ebpf-pid----406335----pid-3323
---ebpf-pid----406335----pid-1
---ebpf-pid----406335----pid-406335
---ebpf-pid----406335----pid-3323
---ebpf-pid----406335----pid-1
---ebpf-pid----406335----pid-406335
---ebpf-pid----406335----pid-3323
---ebpf-pid----406335----pid-1
---ebpf-pid----406335----pid-406335
---ebpf-pid----406335----pid-3323
---ebpf-pid----406335----pid-1
---ebpf-pid----406335----pid-406335
---ebpf-pid----406335----pid-3323
---ebpf-pid----406335----pid-1
---ebpf-pid----406335----pid-406335
---ebpf-pid----406335----pid-3323
---ebpf-pid----406335----pid-1
---ebpf-pid----406335----pid-406335
---ebpf-pid----406335----pid-3323
---ebpf-pid----406335----pid-1
---ebpf-pid----406335----pid-406335
---ebpf-pid----406335----pid-3323
---ebpf-pid----406335----pid-1
---ebpf-pid----406335----pid-406335
---ebpf-pid----406335----pid-3323
---ebpf-pid----406335----pid-1
---ebpf-pid----406335----pid-406335
---ebpf-pid----406335----pid-3323
---ebpf-pid----406335----pid-1
---ebpf-pid----406335----pid-406335
---ebpf-pid----406335----pid-3323
---ebpf-pid----406335----pid-1
---ebpf-pid----406335----pid-406335
---ebpf-pid----406335----pid-3323
---ebpf-pid----406335----pid-1
---ebpf-pid----406335----pid-406335
---ebpf-pid----406335----pid-3323
---ebpf-pid----406335----pid-1
---ebpf-pid----406335----pid-406335
---ebpf-pid----406335----pid-3323
---ebpf-pid----406335----pid-1
---ebpf-pid----406335----pid-406335
---ebpf-pid----406335----pid-3323
---ebpf-pid----406335----pid-1
---ebpf-pid----406335----pid-406335
---ebpf-pid----406335----pid-3323
---ebpf-pid----406335----pid-1
---ebpf-pid----406335----pid-406335
---ebpf-pid----406335----pid-3323
---ebpf-pid----406335----pid-1
---ebpf-pid----406335----pid-406335
---ebpf-pid----406335----pid-3323
---ebpf-pid----406335----pid-1
---ebpf-pid----406335----pid-406335
---ebpf-pid----406335----pid-3323
---ebpf-pid----406335----pid-1
---ebpf-pid----406335----pid-406335
---ebpf-pid----406335----pid-3323
---ebpf-pid----406335----pid-1
---ebpf-pid----406335----pid-406335
---ebpf-pid----406335----pid-3323
---ebpf-pid----406335----pid-1
---ebpf-pid----406335----pid-406335
---ebpf-pid----406335----pid-3323
---ebpf-pid----406335----pid-1
---ebpf-pid----406335----pid-406335
---ebpf-pid----406335----pid-3323
---ebpf-pid----406335----pid-1
---ebpf-pid----406335----pid-406335
---ebpf-pid----406335----pid-3323
---ebpf-pid----406335----pid-1
---ebpf-pid----406335----pid-406335
---ebpf-pid----406335----pid-3323
---ebpf-pid----406335----pid-1
---ebpf-pid----406335----pid-406335
---ebpf-pid----406335----pid-3323
---ebpf-pid----406335----pid-1
---ebpf-pid----406335----pid-406335
---ebpf-pid----406335----pid-3323
---ebpf-pid----406335----pid-1
---ebpf-pid----406335----pid-406335
---ebpf-pid----406335----pid-3323
---ebpf-pid----406335----pid-1
---ebpf-pid----406335----pid-406335
---ebpf-pid----406335----pid-3323
---ebpf-pid----406335----pid-1
---ebpf-pid----406335----pid-406335
---ebpf-pid----406335----pid-3323
---ebpf-pid----406335----pid-1
---ebpf-pid----406335----pid-406335
---ebpf-pid----406335----pid-3323
---ebpf-pid----406335----pid-1
---ebpf-pid----406335----pid-406335
---ebpf-pid----406335----pid-3323
---ebpf-pid----406335----pid-1
---ebpf-pid----406335----pid-406335
---ebpf-pid----406335----pid-3323
---ebpf-pid----406335----pid-1
---ebpf-pid----406335----pid-406335
---ebpf-pid----406335----pid-3323
---ebpf-pid----406335----pid-1
---ebpf-pid----406335----pid-406335
---ebpf-pid----406335----pid-3323
---ebpf-pid----406335----pid-1
---ebpf-pid----406335----pid-406335
---ebpf-pid----406335----pid-3323
---ebpf-pid----406335----pid-1
---ebpf-pid----406335----pid-406335
---ebpf-pid----406335----pid-3323
---ebpf-pid----406335----pid-1
---ebpf-pid----406335----pid-406335
---ebpf-pid----406335----pid-3323
---ebpf-pid----406335----pid-1
---ebpf-pid----406335----pid-406335
---ebpf-pid----406335----pid-3323
---ebpf-pid----406335----pid-1
---ebpf-pid----5108----pid-5108
---ebpf-pid----5108----pid-3323
---ebpf-pid----5108----pid-1
---ebpf-pid----5108----pid-5108
---ebpf-pid----5108----pid-3323
---ebpf-pid----5108----pid-1
---ebpf-pid----5108----pid-5108
---ebpf-pid----5108----pid-3323
---ebpf-pid----5108----pid-1
---ebpf-pid----5108----pid-5108
---ebpf-pid----5108----pid-3323
---ebpf-pid----5108----pid-1
---ebpf-pid----5108----pid-5108
---ebpf-pid----5108----pid-3323
---ebpf-pid----5108----pid-1
---ebpf-pid----5108----pid-5108
---ebpf-pid----5108----pid-3323
---ebpf-pid----5108----pid-1
---ebpf-pid----5108----pid-5108
---ebpf-pid----5108----pid-3323
---ebpf-pid----5108----pid-1
---ebpf-pid----5108----pid-5108
---ebpf-pid----5108----pid-3323
---ebpf-pid----5108----pid-1
---ebpf-pid----5108----pid-5108
---ebpf-pid----5108----pid-3323
---ebpf-pid----5108----pid-1
---ebpf-pid----5108----pid-5108
---ebpf-pid----5108----pid-3323
---ebpf-pid----5108----pid-1
---ebpf-pid----5108----pid-5108
---ebpf-pid----5108----pid-3323
---ebpf-pid----5108----pid-1
---ebpf-pid----5108----pid-5108
---ebpf-pid----5108----pid-3323
---ebpf-pid----5108----pid-1
---ebpf-pid----5108----pid-5108
---ebpf-pid----5108----pid-3323
---ebpf-pid----5108----pid-1
---ebpf-pid----5108----pid-5108
---ebpf-pid----5108----pid-3323
---ebpf-pid----5108----pid-1
---ebpf-pid----5108----pid-5108
---ebpf-pid----5108----pid-3323
---ebpf-pid----5108----pid-1
---ebpf-pid----5108----pid-5108
---ebpf-pid----5108----pid-3323
---ebpf-pid----5108----pid-1
---ebpf-pid----5108----pid-5108
---ebpf-pid----5108----pid-3323
---ebpf-pid----5108----pid-1
---ebpf-pid----5108----pid-5108
---ebpf-pid----5108----pid-3323
---ebpf-pid----5108----pid-1
---ebpf-pid----5108----pid-5108
---ebpf-pid----5108----pid-3323
---ebpf-pid----5108----pid-1
---ebpf-pid----5108----pid-5108
---ebpf-pid----5108----pid-3323
---ebpf-pid----5108----pid-1
---ebpf-pid----5108----pid-5108
---ebpf-pid----5108----pid-3323
---ebpf-pid----5108----pid-1
---ebpf-pid----5108----pid-5108
---ebpf-pid----5108----pid-3323
---ebpf-pid----5108----pid-1
---ebpf-pid----5108----pid-5108
---ebpf-pid----5108----pid-3323
---ebpf-pid----5108----pid-1
---ebpf-pid----5108----pid-5108
---ebpf-pid----5108----pid-3323
---ebpf-pid----5108----pid-1
---ebpf-pid----5108----pid-5108
---ebpf-pid----5108----pid-3323
---ebpf-pid----5108----pid-1
---ebpf-pid----5108----pid-5108
---ebpf-pid----5108----pid-3323
---ebpf-pid----5108----pid-1
---ebpf-pid----5108----pid-5108
---ebpf-pid----5108----pid-3323
---ebpf-pid----5108----pid-1
---ebpf-pid----5108----pid-5108
---ebpf-pid----5108----pid-3323
---ebpf-pid----5108----pid-1
---ebpf-pid----5108----pid-5108
---ebpf-pid----5108----pid-3323
---ebpf-pid----5108----pid-1
---ebpf-pid----5108----pid-5108
---ebpf-pid----5108----pid-3323
---ebpf-pid----5108----pid-1
---ebpf-pid----5108----pid-5108
---ebpf-pid----5108----pid-3323
---ebpf-pid----5108----pid-1
---ebpf-pid----5108----pid-5108
---ebpf-pid----5108----pid-3323
---ebpf-pid----5108----pid-1
---ebpf-pid----5108----pid-5108
---ebpf-pid----5108----pid-3323
---ebpf-pid----5108----pid-1
---ebpf-pid----5108----pid-5108
---ebpf-pid----5108----pid-3323
---ebpf-pid----5108----pid-1
---ebpf-pid----5108----pid-5108
---ebpf-pid----5108----pid-3323
---ebpf-pid----5108----pid-1
---ebpf-pid----5108----pid-5108
---ebpf-pid----5108----pid-3323
---ebpf-pid----5108----pid-1
---ebpf-pid----5108----pid-5108
---ebpf-pid----5108----pid-3323
---ebpf-pid----5108----pid-1
---ebpf-pid----5108----pid-5108
---ebpf-pid----5108----pid-3323
---ebpf-pid----5108----pid-1
---ebpf-pid----5108----pid-5108
---ebpf-pid----5108----pid-3323
---ebpf-pid----5108----pid-1
---ebpf-pid----5108----pid-5108
---ebpf-pid----5108----pid-3323
---ebpf-pid----5108----pid-1
---ebpf-pid----5108----pid-5108
---ebpf-pid----5108----pid-3323
---ebpf-pid----5108----pid-1
---ebpf-pid----5108----pid-5108
---ebpf-pid----5108----pid-3323
---ebpf-pid----5108----pid-1
---ebpf-pid----5108----pid-5108
---ebpf-pid----5108----pid-3323
---ebpf-pid----5108----pid-1
---ebpf-pid----5108----pid-5108
---ebpf-pid----5108----pid-3323
---ebpf-pid----5108----pid-1
---ebpf-pid----5108----pid-5108
---ebpf-pid----5108----pid-3323
---ebpf-pid----5108----pid-1
---ebpf-pid----5108----pid-5108
---ebpf-pid----5108----pid-3323
---ebpf-pid----5108----pid-1
---ebpf-pid----5108----pid-5108
---ebpf-pid----5108----pid-3323
---ebpf-pid----5108----pid-1
---ebpf-pid----5108----pid-5108
---ebpf-pid----5108----pid-3323
---ebpf-pid----5108----pid-1
---ebpf-pid----5108----pid-5108
---ebpf-pid----5108----pid-3323
---ebpf-pid----5108----pid-1
---ebpf-pid----5108----pid-5108
---ebpf-pid----5108----pid-3323
---ebpf-pid----5108----pid-1
---ebpf-pid----5108----pid-5108
---ebpf-pid----5108----pid-3323
---ebpf-pid----5108----pid-1
---ebpf-pid----5108----pid-5108
---ebpf-pid----5108----pid-3323
---ebpf-pid----5108----pid-1
---ebpf-pid----5119----pid-5119
---ebpf-pid----5119----pid-3323
---ebpf-pid----5119----pid-1
---ebpf-pid----5119----pid-5119
---ebpf-pid----5119----pid-3323
---ebpf-pid----5119----pid-1
---ebpf-pid----5119----pid-5119
---ebpf-pid----5119----pid-3323
---ebpf-pid----5119----pid-1
---ebpf-pid----5119----pid-5119
---ebpf-pid----5119----pid-3323
---ebpf-pid----5119----pid-1
---ebpf-pid----5119----pid-5119
---ebpf-pid----5119----pid-3323
---ebpf-pid----5119----pid-1
---ebpf-pid----5119----pid-5119
---ebpf-pid----5119----pid-3323
---ebpf-pid----5119----pid-1
---ebpf-pid----5119----pid-5119
---ebpf-pid----5119----pid-3323
---ebpf-pid----5119----pid-1
---ebpf-pid----5119----pid-5119
---ebpf-pid----5119----pid-3323
---ebpf-pid----5119----pid-1
---ebpf-pid----5119----pid-5119
---ebpf-pid----5119----pid-3323
---ebpf-pid----5119----pid-1
---ebpf-pid----5119----pid-5119
---ebpf-pid----5119----pid-3323
---ebpf-pid----5119----pid-1
---ebpf-pid----5119----pid-5119
---ebpf-pid----5119----pid-3323
---ebpf-pid----5119----pid-1
---ebpf-pid----5119----pid-5119
---ebpf-pid----5119----pid-3323
---ebpf-pid----5119----pid-1
---ebpf-pid----5119----pid-5119
---ebpf-pid----5119----pid-3323
---ebpf-pid----5119----pid-1
---ebpf-pid----5119----pid-5119
---ebpf-pid----5119----pid-3323
---ebpf-pid----5119----pid-1
---ebpf-pid----5119----pid-5119
---ebpf-pid----5119----pid-3323
---ebpf-pid----5119----pid-1
---ebpf-pid----5119----pid-5119
---ebpf-pid----5119----pid-3323
---ebpf-pid----5119----pid-1
---ebpf-pid----5119----pid-5119
---ebpf-pid----5119----pid-3323
---ebpf-pid----5119----pid-1
---ebpf-pid----5119----pid-5119
---ebpf-pid----5119----pid-3323
---ebpf-pid----5119----pid-1
---ebpf-pid----5119----pid-5119
---ebpf-pid----5119----pid-3323
---ebpf-pid----5119----pid-1
---ebpf-pid----5119----pid-5119
---ebpf-pid----5119----pid-3323
---ebpf-pid----5119----pid-1
---ebpf-pid----5119----pid-5119
---ebpf-pid----5119----pid-3323
---ebpf-pid----5119----pid-1
---ebpf-pid----5119----pid-5119
---ebpf-pid----5119----pid-3323
---ebpf-pid----5119----pid-1
---ebpf-pid----5119----pid-5119
---ebpf-pid----5119----pid-3323
---ebpf-pid----5119----pid-1
---ebpf-pid----5119----pid-5119
---ebpf-pid----5119----pid-3323
---ebpf-pid----5119----pid-1
---ebpf-pid----5119----pid-5119
---ebpf-pid----5119----pid-3323
---ebpf-pid----5119----pid-1
---ebpf-pid----5119----pid-5119
---ebpf-pid----5119----pid-3323
---ebpf-pid----5119----pid-1
---ebpf-pid----5119----pid-5119
---ebpf-pid----5119----pid-3323
---ebpf-pid----5119----pid-1
---ebpf-pid----5119----pid-5119
---ebpf-pid----5119----pid-3323
---ebpf-pid----5119----pid-1
---ebpf-pid----5119----pid-5119
---ebpf-pid----5119----pid-3323
---ebpf-pid----5119----pid-1
---ebpf-pid----5119----pid-5119
---ebpf-pid----5119----pid-3323
---ebpf-pid----5119----pid-1
---ebpf-pid----5119----pid-5119
---ebpf-pid----5119----pid-3323
---ebpf-pid----5119----pid-1
---ebpf-pid----5119----pid-5119
---ebpf-pid----5119----pid-3323
---ebpf-pid----5119----pid-1
---ebpf-pid----5119----pid-5119
---ebpf-pid----5119----pid-3323
---ebpf-pid----5119----pid-1
---ebpf-pid----5119----pid-5119
---ebpf-pid----5119----pid-3323
---ebpf-pid----5119----pid-1
---ebpf-pid----5119----pid-5119
---ebpf-pid----5119----pid-3323
---ebpf-pid----5119----pid-1
---ebpf-pid----5119----pid-5119
---ebpf-pid----5119----pid-3323
---ebpf-pid----5119----pid-1
---ebpf-pid----5119----pid-5119
---ebpf-pid----5119----pid-3323
---ebpf-pid----5119----pid-1
---ebpf-pid----5119----pid-5119
---ebpf-pid----5119----pid-3323
---ebpf-pid----5119----pid-1
---ebpf-pid----5119----pid-5119
---ebpf-pid----5119----pid-3323
---ebpf-pid----5119----pid-1
---ebpf-pid----5119----pid-5119
---ebpf-pid----5119----pid-3323
---ebpf-pid----5119----pid-1
---ebpf-pid----5119----pid-5119
---ebpf-pid----5119----pid-3323
---ebpf-pid----5119----pid-1
---ebpf-pid----5119----pid-5119
---ebpf-pid----5119----pid-3323
---ebpf-pid----5119----pid-1
---ebpf-pid----5119----pid-5119
---ebpf-pid----5119----pid-3323
---ebpf-pid----5119----pid-1
---ebpf-pid----5119----pid-5119
---ebpf-pid----5119----pid-3323
---ebpf-pid----5119----pid-1
---ebpf-pid----5119----pid-5119
---ebpf-pid----5119----pid-3323
---ebpf-pid----5119----pid-1
---ebpf-pid----5119----pid-5119
---ebpf-pid----5119----pid-3323
---ebpf-pid----5119----pid-1
---ebpf-pid----5119----pid-5119
---ebpf-pid----5119----pid-3323
---ebpf-pid----5119----pid-1
---ebpf-pid----5119----pid-5119
---ebpf-pid----5119----pid-3323
---ebpf-pid----5119----pid-1
---ebpf-pid----5119----pid-5119
---ebpf-pid----5119----pid-3323
---ebpf-pid----5119----pid-1
---ebpf-pid----5119----pid-5119
---ebpf-pid----5119----pid-3323
---ebpf-pid----5119----pid-1
---ebpf-pid----5119----pid-5119
---ebpf-pid----5119----pid-3323
---ebpf-pid----5119----pid-1
---ebpf-pid----5119----pid-5119
---ebpf-pid----5119----pid-3323
---ebpf-pid----5119----pid-1
---ebpf-pid----5119----pid-5119
---ebpf-pid----5119----pid-3323
---ebpf-pid----5119----pid-1
---ebpf-pid----5119----pid-5119
---ebpf-pid----5119----pid-3323
---ebpf-pid----5119----pid-1
---ebpf-pid----5119----pid-5119
---ebpf-pid----5119----pid-3323
---ebpf-pid----5119----pid-1
---ebpf-pid----5119----pid-5119
---ebpf-pid----5119----pid-3323
---ebpf-pid----5119----pid-1
---ebpf-pid----5119----pid-5119
---ebpf-pid----5119----pid-3323
---ebpf-pid----5119----pid-1
---ebpf-pid----5119----pid-5119
---ebpf-pid----5119----pid-3323
---ebpf-pid----5119----pid-1
---ebpf-pid----5119----pid-5119
---ebpf-pid----5119----pid-3323
---ebpf-pid----5119----pid-1
---ebpf-pid----5119----pid-5119
---ebpf-pid----5119----pid-3323
---ebpf-pid----5119----pid-1
---ebpf-pid----5119----pid-5119
---ebpf-pid----5119----pid-3323
---ebpf-pid----5119----pid-1
---ebpf-pid----5119----pid-5119
---ebpf-pid----5119----pid-3323
---ebpf-pid----5119----pid-1
---ebpf-pid----5119----pid-5119
---ebpf-pid----5119----pid-3323
---ebpf-pid----5119----pid-1
---ebpf-pid----5119----pid-5119
---ebpf-pid----5119----pid-3323
---ebpf-pid----5119----pid-1
---ebpf-pid----5119----pid-5119
---ebpf-pid----5119----pid-3323
---ebpf-pid----5119----pid-1
---ebpf-pid----448830----pid-448830
---ebpf-pid----448830----pid-448829
---ebpf-pid----448830----pid-2128
---ebpf-pid----448830----pid-1
Failed to get process information for PID 448830
---ebpf-pid----448830----pid-448830
---ebpf-pid----448830----pid-448829
---ebpf-pid----448830----pid-2128
---ebpf-pid----448830----pid-1
---ebpf-pid----448830----pid-448830
---ebpf-pid----448830----pid-448829
---ebpf-pid----448830----pid-2128
---ebpf-pid----448830----pid-1
---ebpf-pid----448830----pid-448830
---ebpf-pid----448830----pid-448829
---ebpf-pid----448830----pid-2128
---ebpf-pid----448830----pid-1
---ebpf-pid----2012----pid-2012
---ebpf-pid----2012----pid-1
---ebpf-pid----2012----pid-2012
Failed to get process information for PID 448830
Failed to get process information for PID 448830
---ebpf-pid----2012----pid-1
---ebpf-pid----2012----pid-2012
---ebpf-pid----2012----pid-1
---ebpf-pid----5119----pid-5119
---ebpf-pid----5119----pid-3323
---ebpf-pid----5119----pid-1
---ebpf-pid----5119----pid-5119
---ebpf-pid----5119----pid-3323
---ebpf-pid----5119----pid-1
---ebpf-pid----5119----pid-5119
---ebpf-pid----5119----pid-3323
---ebpf-pid----5119----pid-1
---ebpf-pid----5119----pid-5119
---ebpf-pid----5119----pid-3323
---ebpf-pid----5119----pid-1
---ebpf-pid----5108----pid-5108
---ebpf-pid----5108----pid-3323
---ebpf-pid----5108----pid-1
---ebpf-pid----5109----pid-5109
---ebpf-pid----5109----pid-3323
---ebpf-pid----5109----pid-1
---ebpf-pid----5109----pid-5109
---ebpf-pid----5109----pid-3323
---ebpf-pid----5109----pid-1
---ebpf-pid----5109----pid-5109
---ebpf-pid----5109----pid-3323
---ebpf-pid----5109----pid-1
---ebpf-pid----5109----pid-5109
---ebpf-pid----5109----pid-3323
---ebpf-pid----5109----pid-1
---ebpf-pid----5109----pid-5109
---ebpf-pid----5109----pid-3323
---ebpf-pid----5109----pid-1
---ebpf-pid----5109----pid-5109
---ebpf-pid----5109----pid-3323
---ebpf-pid----5109----pid-1
---ebpf-pid----5109----pid-5109
---ebpf-pid----5109----pid-3323
---ebpf-pid----5109----pid-1
---ebpf-pid----5109----pid-5109
---ebpf-pid----5109----pid-3323
---ebpf-pid----5109----pid-1
---ebpf-pid----5109----pid-5109
---ebpf-pid----5109----pid-3323
---ebpf-pid----377755----pid-377755
---ebpf-pid----5109----pid-1
---ebpf-pid----377755----pid-1
---ebpf-pid----377755----pid-377755
---ebpf-pid----377755----pid-1
---ebpf-pid----448784----pid-448784
---ebpf-pid----5109----pid-5109
---ebpf-pid----448784----pid-448520
---ebpf-pid----5109----pid-3323
---ebpf-pid----5109----pid-1
---ebpf-pid----5109----pid-5109
---ebpf-pid----448784----pid-1
---ebpf-pid----448784----pid-448784
---ebpf-pid----5109----pid-3323
---ebpf-pid----5109----pid-1
---ebpf-pid----5109----pid-5109
---ebpf-pid----5109----pid-3323
---ebpf-pid----5109----pid-1
---ebpf-pid----5109----pid-5109
---ebpf-pid----5109----pid-3323
---ebpf-pid----5109----pid-1
---ebpf-pid----5109----pid-5109
---ebpf-pid----5109----pid-3323
---ebpf-pid----5109----pid-1
---ebpf-pid----5109----pid-5109
---ebpf-pid----5109----pid-3323
---ebpf-pid----5109----pid-1
---ebpf-pid----448784----pid-448520
---ebpf-pid----5109----pid-5109
---ebpf-pid----5109----pid-3323
---ebpf-pid----5109----pid-1
---ebpf-pid----5109----pid-5109
---ebpf-pid----5109----pid-3323
---ebpf-pid----448784----pid-1
---ebpf-pid----448784----pid-448784
---ebpf-pid----5109----pid-1
---ebpf-pid----5109----pid-5109
---ebpf-pid----5109----pid-3323
---ebpf-pid----5109----pid-1
---ebpf-pid----5108----pid-5108
---ebpf-pid----5108----pid-3323
---ebpf-pid----5108----pid-1
---ebpf-pid----5108----pid-5108
---ebpf-pid----448784----pid-448520
---ebpf-pid----5108----pid-3323
---ebpf-pid----5108----pid-1
---ebpf-pid----5109----pid-5109
---ebpf-pid----448784----pid-1
---ebpf-pid----5109----pid-3323
---ebpf-pid----377755----pid-377755
---ebpf-pid----5109----pid-1
---ebpf-pid----5109----pid-5109
---ebpf-pid----5109----pid-3323
---ebpf-pid----5109----pid-1
---ebpf-pid----5108----pid-5108
---ebpf-pid----5108----pid-3323
---ebpf-pid----5108----pid-1
---ebpf-pid----5108----pid-5108
---ebpf-pid----377755----pid-1
---ebpf-pid----377755----pid-377755
---ebpf-pid----5108----pid-3323
---ebpf-pid----5108----pid-1
---ebpf-pid----5109----pid-5109
---ebpf-pid----5109----pid-3323
---ebpf-pid----5109----pid-1
---ebpf-pid----5108----pid-5108
---ebpf-pid----377755----pid-1
---ebpf-pid----5108----pid-3323
---ebpf-pid----5108----pid-1
---ebpf-pid----5108----pid-5108
---ebpf-pid----5108----pid-3323
---ebpf-pid----5108----pid-1
---ebpf-pid----5108----pid-5108
---ebpf-pid----448784----pid-448784
---ebpf-pid----5108----pid-3323
---ebpf-pid----5108----pid-1
---ebpf-pid----5109----pid-5109
---ebpf-pid----5109----pid-3323
---ebpf-pid----5109----pid-1
---ebpf-pid----5109----pid-5109
---ebpf-pid----448784----pid-448520
---ebpf-pid----5109----pid-3323
---ebpf-pid----5109----pid-1
---ebpf-pid----5108----pid-5108
---ebpf-pid----5108----pid-3323
---ebpf-pid----448784----pid-1
---ebpf-pid----5108----pid-1
---ebpf-pid----5108----pid-5108
Failed to get process information for PID 0
Failed to get process information for PID 0
---ebpf-pid----14----pid-14
---ebpf-pid----5108----pid-3323
---ebpf-pid----5108----pid-1
---ebpf-pid----5108----pid-5108
---ebpf-pid----5108----pid-3323
---ebpf-pid----5108----pid-1
---ebpf-pid----5108----pid-5108
---ebpf-pid----5108----pid-3323
---ebpf-pid----5108----pid-1
---ebpf-pid----5109----pid-5109
---ebpf-pid----14----pid-2
---ebpf-pid----5109----pid-3323
---ebpf-pid----5109----pid-1
---ebpf-pid----14----pid-14
---ebpf-pid----14----pid-2
---ebpf-pid----14----pid-14
---ebpf-pid----14----pid-2
---ebpf-pid----5637----pid-5637
---ebpf-pid----5637----pid-1
---ebpf-pid----5637----pid-5637
---ebpf-pid----5637----pid-1
---ebpf-pid----406334----pid-406334
---ebpf-pid----406334----pid-3323
---ebpf-pid----406334----pid-1
---ebpf-pid----5109----pid-5109
---ebpf-pid----5109----pid-3323
---ebpf-pid----5109----pid-1
---ebpf-pid----5109----pid-5109
---ebpf-pid----5109----pid-5109
---ebpf-pid----5109----pid-3323
---ebpf-pid----5109----pid-1
---ebpf-pid----5109----pid-5109
---ebpf-pid----5109----pid-3323
---ebpf-pid----5109----pid-3323
---ebpf-pid----5109----pid-1
---ebpf-pid----5109----pid-5109
---ebpf-pid----5109----pid-3323
---ebpf-pid----5109----pid-1
---ebpf-pid----5109----pid-1
---ebpf-pid----5109----pid-5109
---ebpf-pid----31----pid-31
---ebpf-pid----5109----pid-3323
---ebpf-pid----5109----pid-1
---ebpf-pid----31----pid-2
---ebpf-pid----5109----pid-5109
---ebpf-pid----5109----pid-3323
---ebpf-pid----5109----pid-1
---ebpf-pid----5109----pid-5109
---ebpf-pid----5109----pid-3323
---ebpf-pid----5109----pid-1
---ebpf-pid----5109----pid-5109
---ebpf-pid----5109----pid-3323
---ebpf-pid----5109----pid-1
---ebpf-pid----5109----pid-5109
---ebpf-pid----406334----pid-406334
---ebpf-pid----5109----pid-3323
---ebpf-pid----5109----pid-1
---ebpf-pid----406334----pid-3323
---ebpf-pid----7312----pid-7312
---ebpf-pid----406334----pid-1
---ebpf-pid----7312----pid-1
---ebpf-pid----14----pid-14
---ebpf-pid----14----pid-2
---ebpf-pid----448784----pid-448784
---ebpf-pid----5109----pid-5109
---ebpf-pid----448784----pid-448520
---ebpf-pid----5109----pid-3323
---ebpf-pid----448784----pid-1
---ebpf-pid----5108----pid-5108
---ebpf-pid----5108----pid-3323
---ebpf-pid----5109----pid-1
---ebpf-pid----5108----pid-1
---ebpf-pid----5108----pid-5108
---ebpf-pid----406334----pid-406334
---ebpf-pid----5108----pid-3323
---ebpf-pid----406334----pid-3323
---ebpf-pid----5108----pid-1
---ebpf-pid----5108----pid-5108
---ebpf-pid----406334----pid-1
---ebpf-pid----5108----pid-3323
---ebpf-pid----406334----pid-406334
---ebpf-pid----5108----pid-1
---ebpf-pid----406334----pid-3323
---ebpf-pid----5637----pid-5637
---ebpf-pid----5637----pid-1
---ebpf-pid----406334----pid-1
---ebpf-pid----448546----pid-448546
---ebpf-pid----448546----pid-1
---ebpf-pid----1856----pid-1856
---ebpf-pid----1856----pid-1
---ebpf-pid----448546----pid-448546
---ebpf-pid----448546----pid-1
---ebpf-pid----448783----pid-448783
---ebpf-pid----448783----pid-448520
---ebpf-pid----448783----pid-1
---ebpf-pid----406334----pid-406334
---ebpf-pid----406334----pid-3323
---ebpf-pid----406334----pid-1
---ebpf-pid----406334----pid-406334
---ebpf-pid----7312----pid-7312
---ebpf-pid----7312----pid-1
---ebpf-pid----406334----pid-3323
---ebpf-pid----7312----pid-7312
---ebpf-pid----7312----pid-1
---ebpf-pid----448546----pid-448546
---ebpf-pid----406334----pid-1
---ebpf-pid----406334----pid-406334
---ebpf-pid----406334----pid-3323
---ebpf-pid----406334----pid-1
---ebpf-pid----448546----pid-1
---ebpf-pid----406334----pid-406334
---ebpf-pid----406334----pid-3323
---ebpf-pid----406334----pid-1
---ebpf-pid----5108----pid-5108
---ebpf-pid----5108----pid-3323
---ebpf-pid----5108----pid-1
---ebpf-pid----5108----pid-5108
---ebpf-pid----5108----pid-3323
---ebpf-pid----5108----pid-1
---ebpf-pid----5109----pid-5109
---ebpf-pid----5109----pid-3323
---ebpf-pid----5109----pid-1
---ebpf-pid----5109----pid-5109
---ebpf-pid----5109----pid-3323
---ebpf-pid----5109----pid-1
---ebpf-pid----4562----pid-4562
---ebpf-pid----4562----pid-3466
---ebpf-pid----4562----pid-1
Failed to get process information for PID 0
Failed to get process information for PID 0
---ebpf-pid----26----pid-26
---ebpf-pid----26----pid-2
---ebpf-pid----4562----pid-4562
---ebpf-pid----4562----pid-3466
---ebpf-pid----4562----pid-1
Failed to get process information for PID 0
---ebpf-pid----26----pid-26
Failed to get process information for PID 0
---ebpf-pid----26----pid-2
---ebpf-pid----26----pid-26
---ebpf-pid----26----pid-2
Failed to get process information for PID 0
---ebpf-pid----21----pid-21
---ebpf-pid----21----pid-2
---ebpf-pid----21----pid-21
---ebpf-pid----21----pid-2
---ebpf-pid----5109----pid-5109
---ebpf-pid----5109----pid-3323
---ebpf-pid----5109----pid-1
---ebpf-pid----406334----pid-406334
---ebpf-pid----406334----pid-3323
---ebpf-pid----406334----pid-1
Failed to get process information for PID 0
---ebpf-pid----2012----pid-2012
---ebpf-pid----2012----pid-1
---ebpf-pid----2012----pid-2012
---ebpf-pid----2012----pid-1
Failed to get process information for PID 0
---ebpf-pid----2012----pid-2012
---ebpf-pid----2012----pid-1
---ebpf-pid----8835----pid-8835
---ebpf-pid----8835----pid-7890
---ebpf-pid----8835----pid-1
---ebpf-pid----8835----pid-8835
---ebpf-pid----8835----pid-7890
---ebpf-pid----8835----pid-1
Failed to get process information for PID 0
---ebpf-pid----26----pid-26
---ebpf-pid----26----pid-2
---ebpf-pid----26----pid-26
---ebpf-pid----26----pid-2
---ebpf-pid----8856----pid-8856
---ebpf-pid----8856----pid-7890
---ebpf-pid----8856----pid-1
---ebpf-pid----8856----pid-8856
---ebpf-pid----8856----pid-7890
---ebpf-pid----8856----pid-1
Failed to get process information for PID 0
Failed to get process information for PID 0
---ebpf-pid----26----pid-26
---ebpf-pid----26----pid-2
Failed to get process information for PID 0
---ebpf-pid----14----pid-14
---ebpf-pid----14----pid-2
---ebpf-pid----14----pid-14
---ebpf-pid----14----pid-2
---ebpf-pid----2089----pid-2089
---ebpf-pid----2089----pid-1
---ebpf-pid----2089----pid-2089
---ebpf-pid----2089----pid-1
---ebpf-pid----2089----pid-2089
---ebpf-pid----2089----pid-1
---ebpf-pid----2089----pid-2089
---ebpf-pid----2089----pid-1
---ebpf-pid----2089----pid-2089
---ebpf-pid----2089----pid-1
---ebpf-pid----2089----pid-2089
---ebpf-pid----2089----pid-1
---ebpf-pid----2089----pid-2089
---ebpf-pid----2089----pid-1
---ebpf-pid----2089----pid-2089
---ebpf-pid----5705----pid-5705
---ebpf-pid----448784----pid-448784
---ebpf-pid----2089----pid-1
---ebpf-pid----7312----pid-7312
---ebpf-pid----5705----pid-5476
---ebpf-pid----2089----pid-2089
---ebpf-pid----5705----pid-1
---ebpf-pid----5705----pid-5705
---ebpf-pid----5705----pid-5476
---ebpf-pid----2089----pid-1
---ebpf-pid----5705----pid-1
---ebpf-pid----5705----pid-5705
---ebpf-pid----2089----pid-2089
---ebpf-pid----448784----pid-448520
---ebpf-pid----5705----pid-5476
---ebpf-pid----2089----pid-1
---ebpf-pid----7312----pid-1
---ebpf-pid----448784----pid-1
---ebpf-pid----5705----pid-1
---ebpf-pid----5705----pid-5705
---ebpf-pid----448783----pid-448783
---ebpf-pid----5705----pid-5476
---ebpf-pid----7312----pid-7312
---ebpf-pid----5705----pid-1
---ebpf-pid----5705----pid-5705
---ebpf-pid----448783----pid-448520
---ebpf-pid----5705----pid-5476
---ebpf-pid----7312----pid-1
---ebpf-pid----5705----pid-1
---ebpf-pid----7312----pid-7312
---ebpf-pid----5705----pid-5705
---ebpf-pid----7312----pid-1
---ebpf-pid----7312----pid-7312
---ebpf-pid----448783----pid-1
---ebpf-pid----379067----pid-379067
---ebpf-pid----7312----pid-1
---ebpf-pid----7312----pid-7312
---ebpf-pid----5705----pid-5476
---ebpf-pid----379067----pid-5476
---ebpf-pid----5705----pid-1
---ebpf-pid----7312----pid-1
---ebpf-pid----2089----pid-2089
---ebpf-pid----379067----pid-1
---ebpf-pid----379067----pid-379067
---ebpf-pid----7312----pid-7312
---ebpf-pid----379067----pid-5476
---ebpf-pid----379067----pid-1
---ebpf-pid----7312----pid-1
---ebpf-pid----2089----pid-1
---ebpf-pid----5705----pid-5705
---ebpf-pid----7312----pid-7312
---ebpf-pid----5705----pid-5476
---ebpf-pid----5705----pid-1
---ebpf-pid----7312----pid-1
---ebpf-pid----5705----pid-5705
---ebpf-pid----7312----pid-7312
---ebpf-pid----5705----pid-5476
---ebpf-pid----7312----pid-1
---ebpf-pid----7312----pid-7312
---ebpf-pid----5705----pid-1
---ebpf-pid----7312----pid-1
Failed to get process information for PID 0
Failed to get process information for PID 0
---ebpf-pid----2029----pid-2029
---ebpf-pid----2029----pid-1
---ebpf-pid----2029----pid-2029
---ebpf-pid----2029----pid-1
---ebpf-pid----2029----pid-2029
---ebpf-pid----2029----pid-1
---ebpf-pid----379067----pid-379067
---ebpf-pid----379067----pid-5476
---ebpf-pid----379067----pid-1
---ebpf-pid----379067----pid-379067
---ebpf-pid----379067----pid-5476
---ebpf-pid----379067----pid-1
---ebpf-pid----2012----pid-2012
---ebpf-pid----2012----pid-1
---ebpf-pid----6671----pid-6671
---ebpf-pid----6671----pid-5476
---ebpf-pid----6671----pid-1
---ebpf-pid----6671----pid-6671
---ebpf-pid----6671----pid-5476
---ebpf-pid----6671----pid-1
---ebpf-pid----2089----pid-2089
---ebpf-pid----2089----pid-1
---ebpf-pid----2089----pid-2089
---ebpf-pid----2089----pid-1
---ebpf-pid----6211----pid-6211
---ebpf-pid----6211----pid-5550
---ebpf-pid----6211----pid-1
---ebpf-pid----6105----pid-6105
---ebpf-pid----6105----pid-6082
---ebpf-pid----6105----pid-5550
---ebpf-pid----6105----pid-1
---ebpf-pid----6211----pid-6211
---ebpf-pid----48015----pid-48015
---ebpf-pid----6211----pid-5550
---ebpf-pid----48015----pid-5550
---ebpf-pid----48015----pid-1
---ebpf-pid----6211----pid-1
---ebpf-pid----6211----pid-6211
---ebpf-pid----6105----pid-6105
---ebpf-pid----6211----pid-5550
---ebpf-pid----6105----pid-6082
---ebpf-pid----6211----pid-1
---ebpf-pid----6105----pid-6105
---ebpf-pid----6105----pid-5550
---ebpf-pid----6105----pid-6082
---ebpf-pid----6105----pid-1
---ebpf-pid----48015----pid-48015
---ebpf-pid----6105----pid-5550
---ebpf-pid----48015----pid-5550
---ebpf-pid----6105----pid-1
---ebpf-pid----48015----pid-1
---ebpf-pid----6105----pid-6105
---ebpf-pid----6105----pid-6082
---ebpf-pid----6105----pid-5550
---ebpf-pid----6105----pid-1
---ebpf-pid----6105----pid-6105
---ebpf-pid----6105----pid-6082
---ebpf-pid----6105----pid-5550
---ebpf-pid----6105----pid-1
Failed to get process information for PID 0
---ebpf-pid----26----pid-26
---ebpf-pid----26----pid-2
---ebpf-pid----26----pid-26
---ebpf-pid----26----pid-2
---ebpf-pid----8856----pid-8856
---ebpf-pid----8856----pid-7890
---ebpf-pid----8856----pid-1
---ebpf-pid----8856----pid-8856
---ebpf-pid----8856----pid-7890
---ebpf-pid----8856----pid-1
Failed to get process information for PID 0
---ebpf-pid----53663----pid-53663
---ebpf-pid----53663----pid-3466
---ebpf-pid----53663----pid-1
---ebpf-pid----6211----pid-6211
---ebpf-pid----6211----pid-5550
---ebpf-pid----6211----pid-1
---ebpf-pid----6211----pid-6211
---ebpf-pid----6211----pid-5550
---ebpf-pid----6211----pid-1
Failed to get process information for PID 0
---ebpf-pid----26----pid-26
---ebpf-pid----26----pid-2
Failed to get process information for PID 0
---ebpf-pid----21----pid-21
---ebpf-pid----21----pid-2
---ebpf-pid----21----pid-21
---ebpf-pid----21----pid-2
Failed to get process information for PID 0
---ebpf-pid----63171----pid-63171
---ebpf-pid----63171----pid-7472
---ebpf-pid----63171----pid-1
---ebpf-pid----63171----pid-63171
---ebpf-pid----63171----pid-7472
---ebpf-pid----63171----pid-1
Failed to get process information for PID 0
---ebpf-pid----26----pid-26
---ebpf-pid----26----pid-2
---ebpf-pid----26----pid-26
---ebpf-pid----26----pid-2
---ebpf-pid----63171----pid-63171
---ebpf-pid----63171----pid-7472
---ebpf-pid----63171----pid-1
---ebpf-pid----63171----pid-63171
---ebpf-pid----63171----pid-7472
---ebpf-pid----63171----pid-1
---ebpf-pid----2012----pid-2012
---ebpf-pid----2012----pid-1
Failed to get process information for PID 0
---ebpf-pid----26----pid-26
---ebpf-pid----26----pid-2
Failed to get process information for PID 0
---ebpf-pid----14----pid-14
Failed to get process information for PID 0
---ebpf-pid----14----pid-2
---ebpf-pid----31----pid-31
---ebpf-pid----31----pid-2
Failed to get process information for PID 0
Failed to get process information for PID 0
Failed to get process information for PID 0
Failed to get process information for PID 0
Failed to get process information for PID 0
---ebpf-pid----441911----pid-441911
---ebpf-pid----441911----pid-2
---ebpf-pid----441911----pid-441911
---ebpf-pid----441911----pid-2
---ebpf-pid----21----pid-21
---ebpf-pid----21----pid-2
---ebpf-pid----21----pid-21
---ebpf-pid----21----pid-2
Failed to get process information for PID 0
---ebpf-pid----2094----pid-2094
---ebpf-pid----2029----pid-2029
---ebpf-pid----2029----pid-1
---ebpf-pid----2094----pid-1
---ebpf-pid----2029----pid-2029
---ebpf-pid----2094----pid-2094
---ebpf-pid----2094----pid-1
---ebpf-pid----2029----pid-1
---ebpf-pid----2094----pid-2094
---ebpf-pid----2029----pid-2029
---ebpf-pid----2094----pid-1
---ebpf-pid----2029----pid-1
---ebpf-pid----2094----pid-2094
---ebpf-pid----2094----pid-1
---ebpf-pid----2094----pid-2094
---ebpf-pid----2094----pid-1
---ebpf-pid----2012----pid-2012
---ebpf-pid----2012----pid-1
---ebpf-pid----2012----pid-2012
---ebpf-pid----2012----pid-1
---ebpf-pid----2012----pid-2012
---ebpf-pid----2012----pid-1
---ebpf-pid----2012----pid-2012
---ebpf-pid----2012----pid-1
---ebpf-pid----2012----pid-2012
---ebpf-pid----2012----pid-1
---ebpf-pid----2089----pid-2089
---ebpf-pid----2089----pid-1
---ebpf-pid----2089----pid-2089
---ebpf-pid----2089----pid-1
---ebpf-pid----2089----pid-2089
---ebpf-pid----2089----pid-1
---ebpf-pid----2089----pid-2089
---ebpf-pid----2089----pid-1
---ebpf-pid----2089----pid-2089
---ebpf-pid----2089----pid-1
---ebpf-pid----2012----pid-2012
---ebpf-pid----2012----pid-1
---ebpf-pid----2012----pid-2012
---ebpf-pid----2012----pid-1
---ebpf-pid----2012----pid-2012
---ebpf-pid----2012----pid-1
---ebpf-pid----2012----pid-2012
---ebpf-pid----2029----pid-2029
---ebpf-pid----2012----pid-1
---ebpf-pid----2012----pid-2012
---ebpf-pid----2029----pid-1
---ebpf-pid----2029----pid-2029
---ebpf-pid----2012----pid-1
---ebpf-pid----2012----pid-2012
---ebpf-pid----2029----pid-1
---ebpf-pid----5879----pid-5879
---ebpf-pid----2012----pid-1
---ebpf-pid----2012----pid-2012
---ebpf-pid----5879----pid-5550
---ebpf-pid----2012----pid-1
---ebpf-pid----5879----pid-1
---ebpf-pid----48015----pid-48015
---ebpf-pid----5879----pid-5879
---ebpf-pid----48015----pid-5550
---ebpf-pid----5879----pid-5550
---ebpf-pid----6228----pid-6228
---ebpf-pid----48015----pid-1
---ebpf-pid----48015----pid-48015
---ebpf-pid----48015----pid-5550
---ebpf-pid----6228----pid-5550
---ebpf-pid----48015----pid-1
---ebpf-pid----6228----pid-1
---ebpf-pid----6228----pid-6228
---ebpf-pid----48015----pid-48015
---ebpf-pid----6228----pid-5550
---ebpf-pid----48015----pid-5550
---ebpf-pid----48015----pid-1
---ebpf-pid----6228----pid-1
---ebpf-pid----48015----pid-48015
---ebpf-pid----6228----pid-6228
---ebpf-pid----48015----pid-5550
---ebpf-pid----6228----pid-5550
---ebpf-pid----48015----pid-1
---ebpf-pid----48015----pid-48015
---ebpf-pid----6228----pid-1
---ebpf-pid----6228----pid-6228
---ebpf-pid----48015----pid-5550
---ebpf-pid----6228----pid-5550
---ebpf-pid----48015----pid-1
---ebpf-pid----48015----pid-48015
---ebpf-pid----6228----pid-1
---ebpf-pid----6228----pid-6228
---ebpf-pid----48015----pid-5550
---ebpf-pid----48015----pid-1
---ebpf-pid----6228----pid-5550
---ebpf-pid----48015----pid-48015
---ebpf-pid----48015----pid-5550
---ebpf-pid----6228----pid-1
---ebpf-pid----6228----pid-6228
---ebpf-pid----48015----pid-1
---ebpf-pid----2012----pid-2012
---ebpf-pid----6228----pid-5550
---ebpf-pid----2012----pid-1
---ebpf-pid----6228----pid-1
---ebpf-pid----2012----pid-2012
---ebpf-pid----2012----pid-1
---ebpf-pid----5879----pid-1
---ebpf-pid----5879----pid-5879
---ebpf-pid----5879----pid-5550
---ebpf-pid----5879----pid-1
Failed to get process information for PID 0
Failed to get process information for PID 0
Failed to get process information for PID 0
Failed to get process information for PID 0
---ebpf-pid----31----pid-31
---ebpf-pid----26----pid-26
---ebpf-pid----31----pid-2
---ebpf-pid----26----pid-2
---ebpf-pid----31----pid-31
---ebpf-pid----26----pid-26
---ebpf-pid----31----pid-2
---ebpf-pid----26----pid-2
Failed to get process information for PID 0
Failed to get process information for PID 0
---ebpf-pid----2089----pid-2089
---ebpf-pid----2089----pid-1
---ebpf-pid----2089----pid-2089
---ebpf-pid----2089----pid-1
---ebpf-pid----2089----pid-2089
---ebpf-pid----2089----pid-1
---ebpf-pid----14----pid-14
---ebpf-pid----14----pid-2
---ebpf-pid----14----pid-14
---ebpf-pid----14----pid-2
---ebpf-pid----14----pid-14
---ebpf-pid----14----pid-2
Failed to get process information for PID 0
---ebpf-pid----2029----pid-2029
---ebpf-pid----2029----pid-1
Failed to get process information for PID 0
---ebpf-pid----2089----pid-2089
---ebpf-pid----2089----pid-1
---ebpf-pid----2089----pid-2089
---ebpf-pid----2089----pid-1
---ebpf-pid----6211----pid-6211
---ebpf-pid----6105----pid-6105
---ebpf-pid----6105----pid-6082
---ebpf-pid----6211----pid-5550
---ebpf-pid----6105----pid-5550
---ebpf-pid----6105----pid-1
---ebpf-pid----6211----pid-1
---ebpf-pid----5879----pid-5879
---ebpf-pid----6228----pid-6228
---ebpf-pid----5879----pid-5550
---ebpf-pid----5879----pid-1
---ebpf-pid----6228----pid-5550
---ebpf-pid----6228----pid-1
---ebpf-pid----9117----pid-9117
---ebpf-pid----9117----pid-7561
---ebpf-pid----9117----pid-1
---ebpf-pid----8430----pid-8430
---ebpf-pid----8430----pid-7561
---ebpf-pid----8430----pid-1
---ebpf-pid----8430----pid-8430
---ebpf-pid----8430----pid-7561
---ebpf-pid----8430----pid-1
Failed to get process information for PID 0
---ebpf-pid----4211----pid-4211
---ebpf-pid----4211----pid-4164
---ebpf-pid----4211----pid-3417
---ebpf-pid----4211----pid-1
Failed to get process information for PID 0
Failed to get process information for PID 0
Failed to get process information for PID 0
Failed to get process information for PID 0
Failed to get process information for PID 0
---ebpf-pid----26----pid-26
---ebpf-pid----14----pid-14
---ebpf-pid----26----pid-2
---ebpf-pid----26----pid-26
---ebpf-pid----14----pid-2
---ebpf-pid----26----pid-2
---ebpf-pid----21----pid-21
---ebpf-pid----21----pid-2
Failed to get process information for PID 0
Failed to get process information for PID 0
---ebpf-pid----21----pid-21
---ebpf-pid----21----pid-2
---ebpf-pid----21----pid-21
---ebpf-pid----21----pid-2
---ebpf-pid----7312----pid-7312
---ebpf-pid----7312----pid-1
---ebpf-pid----5891----pid-5891
---ebpf-pid----5891----pid-5550
---ebpf-pid----5891----pid-1
---ebpf-pid----5891----pid-5891
---ebpf-pid----5891----pid-5550
---ebpf-pid----5891----pid-1
---ebpf-pid----4716----pid-4716
---ebpf-pid----4716----pid-3323
---ebpf-pid----4716----pid-1
---ebpf-pid----4716----pid-4716
---ebpf-pid----4716----pid-3323
---ebpf-pid----4716----pid-1
---ebpf-pid----4716----pid-4716
---ebpf-pid----4716----pid-3323
---ebpf-pid----4716----pid-1
---ebpf-pid----4716----pid-4716
---ebpf-pid----4716----pid-3323
---ebpf-pid----4716----pid-1
---ebpf-pid----4716----pid-4716
---ebpf-pid----4716----pid-3323
---ebpf-pid----4716----pid-1
---ebpf-pid----4716----pid-4716
---ebpf-pid----4716----pid-3323
---ebpf-pid----4716----pid-1
---ebpf-pid----4716----pid-4716
---ebpf-pid----4716----pid-3323
---ebpf-pid----4716----pid-1
---ebpf-pid----4716----pid-4716
---ebpf-pid----4716----pid-3323
---ebpf-pid----4716----pid-1
---ebpf-pid----4716----pid-4716
---ebpf-pid----4716----pid-3323
---ebpf-pid----4716----pid-1
---ebpf-pid----4716----pid-4716
---ebpf-pid----4716----pid-3323
---ebpf-pid----4716----pid-1
---ebpf-pid----4716----pid-4716
---ebpf-pid----4716----pid-3323
---ebpf-pid----4716----pid-1
---ebpf-pid----406334----pid-406334
---ebpf-pid----406334----pid-3323
---ebpf-pid----406334----pid-1
---ebpf-pid----406334----pid-406334
---ebpf-pid----406334----pid-3323
---ebpf-pid----406334----pid-1
---ebpf-pid----406334----pid-406334
---ebpf-pid----406334----pid-3323
---ebpf-pid----406334----pid-1
---ebpf-pid----406334----pid-406334
---ebpf-pid----406334----pid-3323
---ebpf-pid----406334----pid-1
---ebpf-pid----406334----pid-406334
---ebpf-pid----406334----pid-3323
---ebpf-pid----406334----pid-1
---ebpf-pid----406334----pid-406334
---ebpf-pid----406334----pid-3323
---ebpf-pid----406334----pid-1
---ebpf-pid----406334----pid-406334
---ebpf-pid----406334----pid-3323
---ebpf-pid----406334----pid-1
---ebpf-pid----406334----pid-406334
---ebpf-pid----406334----pid-3323
---ebpf-pid----406334----pid-1
---ebpf-pid----406334----pid-406334
---ebpf-pid----406334----pid-3323
---ebpf-pid----406334----pid-1
---ebpf-pid----406334----pid-406334
---ebpf-pid----406334----pid-3323
---ebpf-pid----406334----pid-1
---ebpf-pid----406334----pid-406334
---ebpf-pid----406334----pid-3323
---ebpf-pid----406334----pid-1
---ebpf-pid----406334----pid-406334
---ebpf-pid----406334----pid-3323
---ebpf-pid----406334----pid-1
---ebpf-pid----406334----pid-406334
---ebpf-pid----406334----pid-3323
---ebpf-pid----406334----pid-1
---ebpf-pid----406334----pid-406334
---ebpf-pid----406334----pid-3323
---ebpf-pid----406334----pid-1
---ebpf-pid----406334----pid-406334
---ebpf-pid----406334----pid-3323
---ebpf-pid----406334----pid-1
---ebpf-pid----406334----pid-406334
---ebpf-pid----406334----pid-3323
---ebpf-pid----406334----pid-1
---ebpf-pid----406334----pid-406334
---ebpf-pid----406334----pid-3323
---ebpf-pid----406334----pid-1
---ebpf-pid----406334----pid-406334
---ebpf-pid----406334----pid-3323
---ebpf-pid----406334----pid-1
---ebpf-pid----5108----pid-5108
---ebpf-pid----5108----pid-3323
---ebpf-pid----5108----pid-1
---ebpf-pid----406334----pid-406334
---ebpf-pid----406334----pid-3323
---ebpf-pid----406334----pid-1
---ebpf-pid----5119----pid-5119
---ebpf-pid----5119----pid-3323
---ebpf-pid----5119----pid-1
---ebpf-pid----5119----pid-5119
---ebpf-pid----5119----pid-3323
---ebpf-pid----5119----pid-1
---ebpf-pid----5119----pid-5119
---ebpf-pid----5119----pid-3323
---ebpf-pid----5119----pid-1
---ebpf-pid----5119----pid-5119
---ebpf-pid----5119----pid-3323
---ebpf-pid----5119----pid-1
---ebpf-pid----5637----pid-5637
---ebpf-pid----5637----pid-1
Failed to get process information for PID 0
---ebpf-pid----5109----pid-5109
Failed to get process information for PID 0
Failed to get process information for PID 0
---ebpf-pid----5109----pid-3323
---ebpf-pid----5109----pid-1
Failed to get process information for PID 0
Failed to get process information for PID 0
Failed to get process information for PID 0
---ebpf-pid----14----pid-14
---ebpf-pid----14----pid-2
---ebpf-pid----5108----pid-5108
---ebpf-pid----5108----pid-3323
---ebpf-pid----5108----pid-1
Failed to get process information for PID 0
---ebpf-pid----26----pid-26
---ebpf-pid----26----pid-2
Failed to get process information for PID 0
Failed to get process information for PID 0
---ebpf-pid----21----pid-21
---ebpf-pid----21----pid-2
---ebpf-pid----21----pid-21
---ebpf-pid----21----pid-2
---ebpf-pid----47714----pid-47714
---ebpf-pid----47714----pid-7749
---ebpf-pid----47714----pid-1
---ebpf-pid----47714----pid-47714
---ebpf-pid----47714----pid-7749
---ebpf-pid----47714----pid-1
Failed to get process information for PID 0
---ebpf-pid----21----pid-21
---ebpf-pid----21----pid-2
Failed to get process information for PID 0
Failed to get process information for PID 0
---ebpf-pid----7313----pid-7313
---ebpf-pid----7313----pid-1
---ebpf-pid----7313----pid-7313
---ebpf-pid----7313----pid-1
Failed to get process information for PID 0
Failed to get process information for PID 0
---ebpf-pid----373029----pid-373029
---ebpf-pid----373029----pid-5476
---ebpf-pid----373029----pid-1
---ebpf-pid----373029----pid-373029
---ebpf-pid----373029----pid-5476
---ebpf-pid----5705----pid-5705
---ebpf-pid----373029----pid-1
---ebpf-pid----373029----pid-373029
---ebpf-pid----5705----pid-5476
---ebpf-pid----373029----pid-5476
---ebpf-pid----5705----pid-1
---ebpf-pid----5705----pid-5705
---ebpf-pid----5705----pid-5705
---ebpf-pid----5705----pid-5476
---ebpf-pid----373029----pid-1
---ebpf-pid----5705----pid-1
---ebpf-pid----5705----pid-5476
---ebpf-pid----373029----pid-373029
---ebpf-pid----373029----pid-5476
---ebpf-pid----5705----pid-1
---ebpf-pid----5705----pid-5705
---ebpf-pid----373029----pid-1
---ebpf-pid----5705----pid-5476
---ebpf-pid----8845----pid-8845
---ebpf-pid----5705----pid-1
---ebpf-pid----8845----pid-7637
---ebpf-pid----8845----pid-1
---ebpf-pid----8845----pid-8845
---ebpf-pid----8845----pid-7637
---ebpf-pid----8845----pid-1
---ebpf-pid----8845----pid-8845
---ebpf-pid----8845----pid-7637
---ebpf-pid----8845----pid-1
---ebpf-pid----377755----pid-377755
---ebpf-pid----377755----pid-1
---ebpf-pid----7312----pid-7312
---ebpf-pid----7312----pid-1
---ebpf-pid----5705----pid-5705
---ebpf-pid----5705----pid-5476
---ebpf-pid----5705----pid-1
---ebpf-pid----5705----pid-5705
---ebpf-pid----5705----pid-5476
---ebpf-pid----5705----pid-1
---ebpf-pid----14----pid-14
---ebpf-pid----14----pid-2
Failed to get process information for PID 0
Failed to get process information for PID 0
Failed to get process information for PID 0
---ebpf-pid----5705----pid-5705
---ebpf-pid----5705----pid-5476
---ebpf-pid----5705----pid-1
---ebpf-pid----5705----pid-5705
---ebpf-pid----5705----pid-5476
---ebpf-pid----5705----pid-1
---ebpf-pid----5705----pid-5705
---ebpf-pid----5705----pid-5476
---ebpf-pid----5705----pid-1
---ebpf-pid----5705----pid-5705
---ebpf-pid----5705----pid-5476
---ebpf-pid----5705----pid-1
---ebpf-pid----4716----pid-4716
---ebpf-pid----4716----pid-3323
---ebpf-pid----4716----pid-1
---ebpf-pid----4716----pid-4716
---ebpf-pid----4716----pid-3323
---ebpf-pid----4716----pid-1
---ebpf-pid----4716----pid-4716
---ebpf-pid----4716----pid-3323
---ebpf-pid----4716----pid-1
---ebpf-pid----8845----pid-8845
---ebpf-pid----8845----pid-7637
---ebpf-pid----8845----pid-1
---ebpf-pid----8845----pid-8845
---ebpf-pid----8845----pid-7637
---ebpf-pid----8845----pid-1
---ebpf-pid----8845----pid-8845
---ebpf-pid----8845----pid-7637
---ebpf-pid----8845----pid-1
---ebpf-pid----8845----pid-8845
---ebpf-pid----8845----pid-7637
---ebpf-pid----8845----pid-1
---ebpf-pid----5705----pid-5705
---ebpf-pid----5705----pid-5476
---ebpf-pid----5705----pid-1
---ebpf-pid----5705----pid-5705
---ebpf-pid----5705----pid-5476
---ebpf-pid----5705----pid-1
---ebpf-pid----5705----pid-5705
---ebpf-pid----5705----pid-5476
---ebpf-pid----5705----pid-1
---ebpf-pid----5705----pid-5705
---ebpf-pid----5705----pid-5476
---ebpf-pid----5705----pid-1
---ebpf-pid----5705----pid-5705
---ebpf-pid----5705----pid-5476
---ebpf-pid----5705----pid-1
---ebpf-pid----5705----pid-5705
---ebpf-pid----5705----pid-5476
---ebpf-pid----5705----pid-1
Failed to get process information for PID 0
---ebpf-pid----8459----pid-8459
---ebpf-pid----8459----pid-7749
---ebpf-pid----8459----pid-1
---ebpf-pid----8459----pid-8459
---ebpf-pid----8459----pid-7749
---ebpf-pid----8459----pid-1
Failed to get process information for PID 0
---ebpf-pid----21----pid-21
---ebpf-pid----21----pid-2
---ebpf-pid----21----pid-21
---ebpf-pid----21----pid-2
---ebpf-pid----47714----pid-47714
---ebpf-pid----47714----pid-7749
---ebpf-pid----47714----pid-1
---ebpf-pid----47714----pid-47714
---ebpf-pid----47714----pid-7749
---ebpf-pid----47714----pid-1
Failed to get process information for PID 0
Failed to get process information for PID 0
---ebpf-pid----21----pid-21
---ebpf-pid----21----pid-2
Failed to get process information for PID 0
---ebpf-pid----53663----pid-53663
---ebpf-pid----53663----pid-3466
---ebpf-pid----53663----pid-1
---ebpf-pid----53663----pid-53663
---ebpf-pid----53663----pid-3466
---ebpf-pid----53663----pid-1
Failed to get process information for PID 0
Failed to get process information for PID 0
Failed to get process information for PID 0
---ebpf-pid----53663----pid-53663
---ebpf-pid----53663----pid-3466
---ebpf-pid----53663----pid-1
---ebpf-pid----53663----pid-53663
---ebpf-pid----53663----pid-3466
---ebpf-pid----53663----pid-1
Failed to get process information for PID 0
Failed to get process information for PID 0
---ebpf-pid----8845----pid-8845
---ebpf-pid----8845----pid-7637
---ebpf-pid----8845----pid-1
---ebpf-pid----8845----pid-8845
---ebpf-pid----8845----pid-7637
---ebpf-pid----8845----pid-1
---ebpf-pid----448521----pid-448521
---ebpf-pid----448521----pid-1
Failed to get process information for PID 0
---ebpf-pid----53663----pid-53663
---ebpf-pid----53663----pid-3466
---ebpf-pid----53663----pid-1
---ebpf-pid----6365----pid-6365
---ebpf-pid----6365----pid-5980
---ebpf-pid----6365----pid-1
---ebpf-pid----6365----pid-6365
---ebpf-pid----6365----pid-5980
---ebpf-pid----6365----pid-1
---ebpf-pid----6365----pid-6365
---ebpf-pid----6365----pid-5980
---ebpf-pid----6365----pid-1
---ebpf-pid----6365----pid-6365
---ebpf-pid----6365----pid-5980
---ebpf-pid----6365----pid-1
Failed to get process information for PID 0
---ebpf-pid----5705----pid-5705
---ebpf-pid----5705----pid-5476
---ebpf-pid----5705----pid-1
---ebpf-pid----5705----pid-5705
---ebpf-pid----5705----pid-5476
---ebpf-pid----373029----pid-373029
---ebpf-pid----7312----pid-7312
---ebpf-pid----2088----pid-2088
---ebpf-pid----7312----pid-1
---ebpf-pid----373029----pid-5476
---ebpf-pid----2088----pid-1
---ebpf-pid----373029----pid-1
---ebpf-pid----2088----pid-2088
---ebpf-pid----373029----pid-373029
---ebpf-pid----7312----pid-7312
---ebpf-pid----2088----pid-1
---ebpf-pid----2088----pid-2088
---ebpf-pid----7312----pid-1
---ebpf-pid----373029----pid-5476
---ebpf-pid----7312----pid-7312
---ebpf-pid----373029----pid-1
---ebpf-pid----2088----pid-1
---ebpf-pid----7312----pid-1
---ebpf-pid----7312----pid-7312
---ebpf-pid----2088----pid-2088
---ebpf-pid----7312----pid-1
---ebpf-pid----7312----pid-7312
---ebpf-pid----2088----pid-1
---ebpf-pid----7312----pid-1
---ebpf-pid----7312----pid-7312
---ebpf-pid----2088----pid-2088
---ebpf-pid----7312----pid-1
---ebpf-pid----7312----pid-7312
---ebpf-pid----2088----pid-1
---ebpf-pid----7312----pid-1
---ebpf-pid----373029----pid-373029
---ebpf-pid----7312----pid-7312
---ebpf-pid----7312----pid-1
---ebpf-pid----7312----pid-7312
---ebpf-pid----373029----pid-5476
---ebpf-pid----7312----pid-1
---ebpf-pid----7312----pid-7312
---ebpf-pid----373029----pid-1
---ebpf-pid----7312----pid-1
---ebpf-pid----373029----pid-373029
---ebpf-pid----5705----pid-1
---ebpf-pid----5705----pid-5705
---ebpf-pid----373029----pid-5476
---ebpf-pid----5705----pid-5476
---ebpf-pid----5705----pid-1
---ebpf-pid----5705----pid-5705
---ebpf-pid----373029----pid-1
---ebpf-pid----5705----pid-5476
---ebpf-pid----2088----pid-2088
---ebpf-pid----5705----pid-1
---ebpf-pid----448785----pid-448785
---ebpf-pid----2088----pid-1
---ebpf-pid----2088----pid-2088
---ebpf-pid----448785----pid-448520
---ebpf-pid----448785----pid-1
---ebpf-pid----448785----pid-448785
---ebpf-pid----2088----pid-1
---ebpf-pid----2088----pid-2088
---ebpf-pid----448785----pid-448520
---ebpf-pid----448785----pid-1
---ebpf-pid----448522----pid-448522
---ebpf-pid----2088----pid-1
---ebpf-pid----2088----pid-2088
---ebpf-pid----448522----pid-1
---ebpf-pid----2088----pid-1
---ebpf-pid----6671----pid-6671
---ebpf-pid----6671----pid-5476
---ebpf-pid----6671----pid-1
---ebpf-pid----6671----pid-6671
---ebpf-pid----6671----pid-5476
---ebpf-pid----6671----pid-1
Failed to get process information for PID 0
Failed to get process information for PID 0
Failed to get process information for PID 0
Failed to get process information for PID 0
---ebpf-pid----26----pid-26
---ebpf-pid----26----pid-2
---ebpf-pid----26----pid-26
---ebpf-pid----26----pid-2
---ebpf-pid----5795----pid-5795
---ebpf-pid----5795----pid-5476
---ebpf-pid----5795----pid-1
---ebpf-pid----5753----pid-5753
---ebpf-pid----5753----pid-5476
---ebpf-pid----5753----pid-1
---ebpf-pid----5753----pid-5753
---ebpf-pid----5753----pid-5476
---ebpf-pid----5753----pid-1
---ebpf-pid----5753----pid-5753
---ebpf-pid----5753----pid-5476
---ebpf-pid----5753----pid-1
---ebpf-pid----5753----pid-5753
---ebpf-pid----5753----pid-5476
---ebpf-pid----5753----pid-1
---ebpf-pid----448522----pid-448522
---ebpf-pid----448522----pid-1
---ebpf-pid----448522----pid-448522
---ebpf-pid----448522----pid-1
---ebpf-pid----448522----pid-448522
---ebpf-pid----448522----pid-1
---ebpf-pid----448522----pid-448522
---ebpf-pid----448522----pid-1
Failed to get process information for PID 0
---ebpf-pid----373029----pid-373029
---ebpf-pid----373029----pid-5476
---ebpf-pid----373029----pid-1
---ebpf-pid----373029----pid-373029
---ebpf-pid----373029----pid-5476
---ebpf-pid----373029----pid-1
---ebpf-pid----5786----pid-5786
---ebpf-pid----5786----pid-5476
---ebpf-pid----5786----pid-1
---ebpf-pid----5786----pid-5786
---ebpf-pid----5786----pid-5476
---ebpf-pid----5786----pid-1
---ebpf-pid----448782----pid-448782
---ebpf-pid----448782----pid-448520
---ebpf-pid----448782----pid-1
---ebpf-pid----26----pid-26
Failed to get process information for PID 0
Failed to get process information for PID 0
---ebpf-pid----26----pid-2
---ebpf-pid----26----pid-26
---ebpf-pid----26----pid-2
---ebpf-pid----26----pid-26
---ebpf-pid----26----pid-2
---ebpf-pid----26----pid-26
---ebpf-pid----26----pid-2
---ebpf-pid----26----pid-26
---ebpf-pid----26----pid-2
---ebpf-pid----26----pid-26
---ebpf-pid----26----pid-2
---ebpf-pid----26----pid-26
---ebpf-pid----26----pid-2
---ebpf-pid----4716----pid-4716
---ebpf-pid----4716----pid-3323
---ebpf-pid----4716----pid-1
---ebpf-pid----5753----pid-5753
---ebpf-pid----5753----pid-5476
---ebpf-pid----5753----pid-1
---ebpf-pid----5753----pid-5753
---ebpf-pid----5753----pid-5476
---ebpf-pid----5753----pid-1
Failed to get process information for PID 0
Failed to get process information for PID 0
Failed to get process information for PID 0
---ebpf-pid----5795----pid-5795
---ebpf-pid----5795----pid-5476
---ebpf-pid----5795----pid-1
---ebpf-pid----5795----pid-5795
---ebpf-pid----5795----pid-5476
---ebpf-pid----5795----pid-1
---ebpf-pid----5795----pid-5795
---ebpf-pid----5795----pid-5476
---ebpf-pid----5795----pid-1
---ebpf-pid----5795----pid-5795
---ebpf-pid----5795----pid-5476
---ebpf-pid----5795----pid-1
---ebpf-pid----448785----pid-448785
---ebpf-pid----448785----pid-448520
---ebpf-pid----5786----pid-5786
---ebpf-pid----448785----pid-1
---ebpf-pid----448785----pid-448785
---ebpf-pid----448785----pid-448520
---ebpf-pid----5786----pid-5476
---ebpf-pid----448785----pid-1
---ebpf-pid----448785----pid-448785
---ebpf-pid----448785----pid-448520
---ebpf-pid----5786----pid-1
---ebpf-pid----448785----pid-1
---ebpf-pid----5786----pid-5786
---ebpf-pid----5786----pid-5476
---ebpf-pid----5786----pid-1
---ebpf-pid----5786----pid-5786
---ebpf-pid----5786----pid-5476
---ebpf-pid----5786----pid-1
---ebpf-pid----5786----pid-5786
---ebpf-pid----5786----pid-5476
---ebpf-pid----5786----pid-1
---ebpf-pid----6228----pid-6228
---ebpf-pid----6228----pid-5550
---ebpf-pid----6228----pid-1
---ebpf-pid----6105----pid-6105
---ebpf-pid----6105----pid-6082
---ebpf-pid----6105----pid-5550
---ebpf-pid----6105----pid-1
---ebpf-pid----6105----pid-6105
---ebpf-pid----6211----pid-6211
---ebpf-pid----6105----pid-6082
---ebpf-pid----6105----pid-5550
---ebpf-pid----6211----pid-5550
---ebpf-pid----6105----pid-1
---ebpf-pid----6211----pid-1
---ebpf-pid----6228----pid-6228
---ebpf-pid----6228----pid-5550
---ebpf-pid----6228----pid-1
---ebpf-pid----6105----pid-6105
---ebpf-pid----6105----pid-6082
---ebpf-pid----6105----pid-5550
---ebpf-pid----6105----pid-1
---ebpf-pid----6228----pid-6228
---ebpf-pid----6228----pid-5550
---ebpf-pid----6228----pid-1
---ebpf-pid----6105----pid-6105
---ebpf-pid----6105----pid-6082
---ebpf-pid----6105----pid-5550
---ebpf-pid----6105----pid-1
---ebpf-pid----6211----pid-6211
---ebpf-pid----6211----pid-5550
---ebpf-pid----6211----pid-1
---ebpf-pid----6105----pid-6105
---ebpf-pid----6105----pid-6082
---ebpf-pid----6105----pid-5550
---ebpf-pid----6105----pid-1
Failed to get process information for PID 0
---ebpf-pid----26----pid-26
---ebpf-pid----26----pid-2
---ebpf-pid----26----pid-26
---ebpf-pid----26----pid-2
---ebpf-pid----5795----pid-5795
---ebpf-pid----5795----pid-5476
---ebpf-pid----5795----pid-1
---ebpf-pid----5795----pid-5795
---ebpf-pid----5795----pid-5476
---ebpf-pid----5795----pid-1
---ebpf-pid----5795----pid-5795
---ebpf-pid----5795----pid-5476
---ebpf-pid----5795----pid-1
---ebpf-pid----5795----pid-5795
---ebpf-pid----5795----pid-5476
---ebpf-pid----5795----pid-1
Failed to get process information for PID 0
---ebpf-pid----26----pid-26
---ebpf-pid----26----pid-2
Failed to get process information for PID 0
---ebpf-pid----2012----pid-2012
---ebpf-pid----2012----pid-1
---ebpf-pid----2012----pid-2012
---ebpf-pid----2012----pid-1
---ebpf-pid----2012----pid-2012
---ebpf-pid----2012----pid-1
---ebpf-pid----44563----pid-44563
---ebpf-pid----44563----pid-7984
---ebpf-pid----44563----pid-1
---ebpf-pid----44563----pid-44563
---ebpf-pid----44563----pid-7984
---ebpf-pid----44563----pid-1
---ebpf-pid----9408----pid-9408
---ebpf-pid----9408----pid-7984
---ebpf-pid----9408----pid-1
---ebpf-pid----2012----pid-2012
---ebpf-pid----2012----pid-1
---ebpf-pid----2012----pid-2012
---ebpf-pid----2012----pid-1
---ebpf-pid----2029----pid-2029
---ebpf-pid----2029----pid-1
---ebpf-pid----2029----pid-2029
---ebpf-pid----2029----pid-1
Failed to get process information for PID 0
---ebpf-pid----21----pid-21
Failed to get process information for PID 0
---ebpf-pid----21----pid-2
---ebpf-pid----21----pid-21
---ebpf-pid----21----pid-2
Failed to get process information for PID 0
---ebpf-pid----21----pid-21
---ebpf-pid----21----pid-2
Failed to get process information for PID 0
Failed to get process information for PID 0
---ebpf-pid----21----pid-21
---ebpf-pid----21----pid-2
---ebpf-pid----21----pid-21
---ebpf-pid----21----pid-2
---ebpf-pid----448785----pid-448785
---ebpf-pid----448785----pid-448520
---ebpf-pid----448785----pid-1
---ebpf-pid----8845----pid-8845
---ebpf-pid----8845----pid-7637
---ebpf-pid----8845----pid-1
---ebpf-pid----8845----pid-8845
---ebpf-pid----8845----pid-7637
---ebpf-pid----8845----pid-1
Failed to get process information for PID 0
Failed to get process information for PID 0
---ebpf-pid----21----pid-21
---ebpf-pid----21----pid-2
Failed to get process information for PID 0
Failed to get process information for PID 0
---ebpf-pid----2012----pid-2012
---ebpf-pid----2012----pid-1
Failed to get process information for PID 0
Failed to get process information for PID 0
Failed to get process information for PID 0
Failed to get process information for PID 0
---ebpf-pid----5638----pid-5638
---ebpf-pid----5638----pid-1
---ebpf-pid----5638----pid-5638
---ebpf-pid----5638----pid-1
Failed to get process information for PID 0
Failed to get process information for PID 0
---ebpf-pid----21----pid-21
---ebpf-pid----21----pid-2
---ebpf-pid----26----pid-26
---ebpf-pid----26----pid-2
Failed to get process information for PID 0
---ebpf-pid----6228----pid-6228
---ebpf-pid----6211----pid-6211
---ebpf-pid----6105----pid-6105
---ebpf-pid----6228----pid-5550
---ebpf-pid----6105----pid-6082
---ebpf-pid----6211----pid-5550
---ebpf-pid----6105----pid-5550
---ebpf-pid----6228----pid-1
---ebpf-pid----6105----pid-1
---ebpf-pid----6211----pid-1
---ebpf-pid----5891----pid-5891
---ebpf-pid----5891----pid-5550
---ebpf-pid----5891----pid-1
---ebpf-pid----2012----pid-2012
---ebpf-pid----2012----pid-1
---ebpf-pid----6365----pid-6365
---ebpf-pid----2029----pid-2029
---ebpf-pid----2029----pid-1
---ebpf-pid----2029----pid-2029
---ebpf-pid----2012----pid-2012
---ebpf-pid----6365----pid-5980
---ebpf-pid----2029----pid-1
---ebpf-pid----2012----pid-1
---ebpf-pid----6365----pid-1
---ebpf-pid----2012----pid-2012
---ebpf-pid----6365----pid-6365
---ebpf-pid----2012----pid-1
---ebpf-pid----6365----pid-5980
---ebpf-pid----2012----pid-2012
---ebpf-pid----6365----pid-1
---ebpf-pid----6365----pid-6365
---ebpf-pid----6365----pid-5980
---ebpf-pid----6365----pid-1
---ebpf-pid----2012----pid-1
---ebpf-pid----2029----pid-2029
---ebpf-pid----2029----pid-1
---ebpf-pid----2029----pid-2029
---ebpf-pid----2012----pid-2012
---ebpf-pid----2012----pid-1
---ebpf-pid----17564----pid-17564
---ebpf-pid----2029----pid-1
---ebpf-pid----2029----pid-2029
---ebpf-pid----17564----pid-5980
---ebpf-pid----17564----pid-1
---ebpf-pid----2029----pid-1
---ebpf-pid----2029----pid-2029
---ebpf-pid----2029----pid-1
---ebpf-pid----2029----pid-2029
---ebpf-pid----17564----pid-17564
---ebpf-pid----2029----pid-1
---ebpf-pid----17564----pid-5980
---ebpf-pid----17564----pid-1
---ebpf-pid----2012----pid-2012
---ebpf-pid----2012----pid-1
---ebpf-pid----6365----pid-6365
---ebpf-pid----6365----pid-5980
---ebpf-pid----6365----pid-1
---ebpf-pid----6365----pid-6365
---ebpf-pid----6365----pid-5980
---ebpf-pid----6365----pid-1
Failed to get process information for PID 0
Failed to get process information for PID 0
---ebpf-pid----26----pid-26
---ebpf-pid----26----pid-2
Failed to get process information for PID 0
Failed to get process information for PID 0
---ebpf-pid----379067----pid-379067
---ebpf-pid----379067----pid-5476
---ebpf-pid----379067----pid-1
---ebpf-pid----379067----pid-379067
---ebpf-pid----379067----pid-5476
---ebpf-pid----379067----pid-1
---ebpf-pid----379067----pid-379067
---ebpf-pid----379067----pid-5476
---ebpf-pid----379067----pid-1
---ebpf-pid----379067----pid-379067
---ebpf-pid----379067----pid-5476
---ebpf-pid----379067----pid-1
---ebpf-pid----2088----pid-2088
---ebpf-pid----2088----pid-1
---ebpf-pid----373029----pid-373029
---ebpf-pid----448783----pid-448783
---ebpf-pid----373029----pid-5476
---ebpf-pid----373029----pid-1
---ebpf-pid----373029----pid-373029
---ebpf-pid----448783----pid-448520
---ebpf-pid----373029----pid-5476
---ebpf-pid----373029----pid-1
---ebpf-pid----448783----pid-1
---ebpf-pid----7313----pid-7313
---ebpf-pid----7313----pid-1
---ebpf-pid----6671----pid-6671
Failed to get process information for PID 0
---ebpf-pid----6671----pid-5476
---ebpf-pid----6671----pid-1
---ebpf-pid----6671----pid-6671
---ebpf-pid----6671----pid-5476
---ebpf-pid----6671----pid-1
---ebpf-pid----6671----pid-6671
---ebpf-pid----6671----pid-5476
---ebpf-pid----6671----pid-1
---ebpf-pid----6671----pid-6671
---ebpf-pid----6671----pid-5476
---ebpf-pid----6671----pid-1
---ebpf-pid----4716----pid-4716
---ebpf-pid----4716----pid-3323
---ebpf-pid----4716----pid-1
---ebpf-pid----4716----pid-4716
---ebpf-pid----4716----pid-3323
---ebpf-pid----4716----pid-1
---ebpf-pid----4716----pid-4716
---ebpf-pid----4716----pid-3323
---ebpf-pid----4716----pid-1
---ebpf-pid----4716----pid-4716
---ebpf-pid----4716----pid-3323
---ebpf-pid----4716----pid-1
---ebpf-pid----4716----pid-4716
---ebpf-pid----4716----pid-3323
---ebpf-pid----4716----pid-1
---ebpf-pid----4716----pid-4716
---ebpf-pid----4716----pid-3323
---ebpf-pid----4716----pid-1
---ebpf-pid----4716----pid-4716
---ebpf-pid----4716----pid-3323
---ebpf-pid----4716----pid-1
---ebpf-pid----4716----pid-4716
---ebpf-pid----4716----pid-3323
---ebpf-pid----4716----pid-1
---ebpf-pid----5108----pid-5108
---ebpf-pid----5108----pid-3323
---ebpf-pid----5108----pid-1
Failed to get process information for PID 0
---ebpf-pid----5108----pid-5108
---ebpf-pid----5108----pid-3323
---ebpf-pid----5108----pid-1
---ebpf-pid----406335----pid-406335
---ebpf-pid----406335----pid-3323
---ebpf-pid----406335----pid-1
---ebpf-pid----406335----pid-406335
---ebpf-pid----406335----pid-3323
---ebpf-pid----406335----pid-1
---ebpf-pid----406335----pid-406335
---ebpf-pid----406335----pid-3323
---ebpf-pid----406335----pid-1
---ebpf-pid----5119----pid-5119
---ebpf-pid----5119----pid-3323
---ebpf-pid----5119----pid-1
---ebpf-pid----5108----pid-5108
---ebpf-pid----5108----pid-3323
---ebpf-pid----5108----pid-1
---ebpf-pid----5108----pid-5108
---ebpf-pid----5108----pid-3323
---ebpf-pid----5108----pid-1
---ebpf-pid----26----pid-26
---ebpf-pid----26----pid-2
---ebpf-pid----406335----pid-406335
---ebpf-pid----406335----pid-3323
---ebpf-pid----406335----pid-1
Failed to get process information for PID 0
Failed to get process information for PID 0
---ebpf-pid----14----pid-14
---ebpf-pid----14----pid-2
---ebpf-pid----5109----pid-5109
---ebpf-pid----5109----pid-3323
---ebpf-pid----5109----pid-1
---ebpf-pid----406335----pid-406335
---ebpf-pid----406335----pid-3323
---ebpf-pid----406335----pid-1
---ebpf-pid----406335----pid-406335
---ebpf-pid----406335----pid-3323
---ebpf-pid----406335----pid-1
---ebpf-pid----2089----pid-2089
---ebpf-pid----2089----pid-1
---ebpf-pid----2089----pid-2089
---ebpf-pid----2089----pid-1
Failed to get process information for PID 0
---ebpf-pid----448862----pid-448862
---ebpf-pid----448862----pid-448861
---ebpf-pid----448862----pid-2128
---ebpf-pid----448862----pid-1
---ebpf-pid----448862----pid-448862
---ebpf-pid----448862----pid-448861
---ebpf-pid----448862----pid-2128
---ebpf-pid----448862----pid-1
---ebpf-pid----448862----pid-448862
---ebpf-pid----448862----pid-448861
---ebpf-pid----448862----pid-2128
---ebpf-pid----448862----pid-1
---ebpf-pid----448862----pid-448862
---ebpf-pid----448862----pid-448861
---ebpf-pid----448862----pid-2128
---ebpf-pid----448862----pid-1
---ebpf-pid----448862----pid-448862
---ebpf-pid----448862----pid-448861
---ebpf-pid----448862----pid-2128
Failed to get process information for PID 448862
---ebpf-pid----448862----pid-1
---ebpf-pid----2089----pid-2089
---ebpf-pid----2089----pid-1
---ebpf-pid----2089----pid-2089
---ebpf-pid----2089----pid-1
---ebpf-pid----2094----pid-2094
---ebpf-pid----2094----pid-1
---ebpf-pid----2094----pid-2094
---ebpf-pid----2094----pid-1
---ebpf-pid----31----pid-31
Failed to get process information for PID 0
Failed to get process information for PID 0
Failed to get process information for PID 0
Failed to get process information for PID 0
Failed to get process information for PID 0
---ebpf-pid----14----pid-14
---ebpf-pid----21----pid-21
---ebpf-pid----31----pid-2
---ebpf-pid----14----pid-2
---ebpf-pid----21----pid-2
---ebpf-pid----21----pid-21
---ebpf-pid----21----pid-2
Failed to get process information for PID 0
Failed to get process information for PID 0
Failed to get process information for PID 0
---ebpf-pid----26----pid-26
---ebpf-pid----31----pid-31
---ebpf-pid----26----pid-2
---ebpf-pid----31----pid-2
Failed to get process information for PID 0
Failed to get process information for PID 0
---ebpf-pid----31----pid-31
---ebpf-pid----14----pid-14
---ebpf-pid----14----pid-2
---ebpf-pid----31----pid-2
---ebpf-pid----8835----pid-8835
---ebpf-pid----8835----pid-7890
---ebpf-pid----8835----pid-1
---ebpf-pid----8835----pid-8835
---ebpf-pid----8835----pid-7890
---ebpf-pid----8835----pid-1
Failed to get process information for PID 0
---ebpf-pid----26----pid-26
---ebpf-pid----26----pid-2
---ebpf-pid----26----pid-26
---ebpf-pid----26----pid-2
---ebpf-pid----8856----pid-8856
---ebpf-pid----8856----pid-7890
---ebpf-pid----8856----pid-1
---ebpf-pid----8856----pid-8856
---ebpf-pid----8856----pid-7890
---ebpf-pid----8856----pid-1
Failed to get process information for PID 0
Failed to get process information for PID 0
---ebpf-pid----26----pid-26
---ebpf-pid----26----pid-2
---ebpf-pid----6671----pid-6671
Failed to get process information for PID 0
---ebpf-pid----379067----pid-379067
---ebpf-pid----6671----pid-5476
---ebpf-pid----6671----pid-1
---ebpf-pid----6671----pid-6671
---ebpf-pid----379067----pid-5476
---ebpf-pid----6671----pid-5476
---ebpf-pid----379067----pid-1
---ebpf-pid----379067----pid-379067
---ebpf-pid----6671----pid-1
---ebpf-pid----2088----pid-2088
---ebpf-pid----379067----pid-5476
---ebpf-pid----2088----pid-1
---ebpf-pid----2088----pid-2088
---ebpf-pid----379067----pid-1
---ebpf-pid----5638----pid-5638
---ebpf-pid----2088----pid-1
---ebpf-pid----379067----pid-379067
---ebpf-pid----2088----pid-2088
---ebpf-pid----5638----pid-1
---ebpf-pid----5638----pid-5638
---ebpf-pid----2088----pid-1
---ebpf-pid----2088----pid-2088
---ebpf-pid----5638----pid-1
---ebpf-pid----5638----pid-5638
---ebpf-pid----2088----pid-1
---ebpf-pid----2088----pid-2088
---ebpf-pid----5638----pid-1
---ebpf-pid----2088----pid-2088
---ebpf-pid----379067----pid-5476
---ebpf-pid----2088----pid-1
---ebpf-pid----2088----pid-1
---ebpf-pid----379067----pid-1
---ebpf-pid----2088----pid-2088
---ebpf-pid----379067----pid-379067
---ebpf-pid----2088----pid-1
---ebpf-pid----379067----pid-5476
---ebpf-pid----5638----pid-5638
---ebpf-pid----5638----pid-1
---ebpf-pid----379067----pid-1
---ebpf-pid----5638----pid-5638
---ebpf-pid----448785----pid-448785
---ebpf-pid----5638----pid-1
---ebpf-pid----448785----pid-448520
---ebpf-pid----2088----pid-2088
---ebpf-pid----2088----pid-1
---ebpf-pid----448785----pid-1
---ebpf-pid----2088----pid-2088
---ebpf-pid----448785----pid-448785
---ebpf-pid----2088----pid-1
---ebpf-pid----448785----pid-448520
---ebpf-pid----5638----pid-5638
---ebpf-pid----379067----pid-379067
---ebpf-pid----448785----pid-1
---ebpf-pid----379067----pid-379067
---ebpf-pid----5638----pid-1
---ebpf-pid----379067----pid-5476
---ebpf-pid----5638----pid-5638
---ebpf-pid----379067----pid-5476
---ebpf-pid----5638----pid-1
---ebpf-pid----379067----pid-1
---ebpf-pid----2088----pid-2088
---ebpf-pid----379067----pid-379067
---ebpf-pid----379067----pid-1
---ebpf-pid----379067----pid-379067
---ebpf-pid----2088----pid-1
---ebpf-pid----379067----pid-5476
---ebpf-pid----2088----pid-2088
---ebpf-pid----379067----pid-5476
---ebpf-pid----379067----pid-1
---ebpf-pid----2088----pid-1
---ebpf-pid----5638----pid-5638
---ebpf-pid----379067----pid-1
---ebpf-pid----448785----pid-448785
---ebpf-pid----5638----pid-1
---ebpf-pid----448785----pid-448520
---ebpf-pid----5638----pid-5638
---ebpf-pid----5638----pid-1
---ebpf-pid----448785----pid-1
---ebpf-pid----2088----pid-2088
---ebpf-pid----2088----pid-1
---ebpf-pid----2088----pid-2088
---ebpf-pid----2088----pid-1
Failed to get process information for PID 0
---ebpf-pid----2088----pid-2088
---ebpf-pid----2088----pid-1
---ebpf-pid----2088----pid-2088
---ebpf-pid----2088----pid-1
Failed to get process information for PID 0
Failed to get process information for PID 0
---ebpf-pid----26----pid-26
---ebpf-pid----26----pid-2
---ebpf-pid----2089----pid-2089
---ebpf-pid----2089----pid-1
Failed to get process information for PID 0
---ebpf-pid----2088----pid-2088
---ebpf-pid----2088----pid-1
---ebpf-pid----2088----pid-2088
---ebpf-pid----2088----pid-1
---ebpf-pid----2088----pid-2088
---ebpf-pid----2088----pid-1
---ebpf-pid----2029----pid-2029
---ebpf-pid----2029----pid-1
---ebpf-pid----2029----pid-2029
---ebpf-pid----2029----pid-1
---ebpf-pid----373029----pid-373029
---ebpf-pid----373029----pid-5476
---ebpf-pid----373029----pid-1
---ebpf-pid----373029----pid-373029
---ebpf-pid----373029----pid-5476
---ebpf-pid----373029----pid-1
---ebpf-pid----2089----pid-2089
---ebpf-pid----2089----pid-1
---ebpf-pid----373029----pid-373029
---ebpf-pid----373029----pid-5476
---ebpf-pid----373029----pid-1
---ebpf-pid----373029----pid-373029
---ebpf-pid----373029----pid-5476
---ebpf-pid----373029----pid-1
---ebpf-pid----6228----pid-6228
---ebpf-pid----6228----pid-5550
---ebpf-pid----6228----pid-1
---ebpf-pid----6105----pid-6105
---ebpf-pid----6105----pid-6082
---ebpf-pid----6105----pid-5550
---ebpf-pid----6105----pid-1
---ebpf-pid----48015----pid-48015
---ebpf-pid----48015----pid-5550
---ebpf-pid----48015----pid-1
---ebpf-pid----6105----pid-6105
---ebpf-pid----6105----pid-6082
---ebpf-pid----6105----pid-5550
---ebpf-pid----6105----pid-1
---ebpf-pid----48015----pid-48015
---ebpf-pid----48015----pid-5550
---ebpf-pid----48015----pid-1
---ebpf-pid----6105----pid-6105
---ebpf-pid----6105----pid-6082
---ebpf-pid----6105----pid-5550
---ebpf-pid----6105----pid-1
---ebpf-pid----48015----pid-48015
---ebpf-pid----48015----pid-5550
---ebpf-pid----48015----pid-1
---ebpf-pid----6105----pid-6105
---ebpf-pid----6105----pid-6082
---ebpf-pid----6105----pid-5550
---ebpf-pid----6105----pid-1
---ebpf-pid----48015----pid-48015
---ebpf-pid----48015----pid-5550
---ebpf-pid----48015----pid-1
---ebpf-pid----6105----pid-6105
---ebpf-pid----6105----pid-6082
---ebpf-pid----6105----pid-5550
---ebpf-pid----6105----pid-1
Failed to get process information for PID 0
---ebpf-pid----21----pid-21
---ebpf-pid----21----pid-2
---ebpf-pid----21----pid-21
---ebpf-pid----21----pid-2
---ebpf-pid----8289----pid-8289
---ebpf-pid----8289----pid-7472
---ebpf-pid----8289----pid-1
---ebpf-pid----8289----pid-8289
---ebpf-pid----8289----pid-7472
---ebpf-pid----8289----pid-1
Failed to get process information for PID 0
---ebpf-pid----26----pid-26
---ebpf-pid----26----pid-2
---ebpf-pid----26----pid-26
---ebpf-pid----26----pid-2
---ebpf-pid----8289----pid-8289
---ebpf-pid----8289----pid-7472
---ebpf-pid----8289----pid-1
---ebpf-pid----8289----pid-8289
---ebpf-pid----8289----pid-7472
---ebpf-pid----8289----pid-1
Failed to get process information for PID 0
---ebpf-pid----26----pid-26
---ebpf-pid----26----pid-2
Failed to get process information for PID 0
---ebpf-pid----221861----pid-221861
---ebpf-pid----221861----pid-1
---ebpf-pid----221861----pid-221861
---ebpf-pid----221861----pid-1
---ebpf-pid----8844----pid-8844
---ebpf-pid----8844----pid-7637
---ebpf-pid----8844----pid-1
Failed to get process information for PID 0
---ebpf-pid----2029----pid-2029
---ebpf-pid----2029----pid-1
---ebpf-pid----2029----pid-2029
---ebpf-pid----2029----pid-1
---ebpf-pid----9034----pid-9034
---ebpf-pid----9034----pid-7637
---ebpf-pid----9034----pid-1
---ebpf-pid----9034----pid-9034
---ebpf-pid----9034----pid-7637
---ebpf-pid----9034----pid-1
---ebpf-pid----9034----pid-9034
---ebpf-pid----9034----pid-7637
---ebpf-pid----9034----pid-1
---ebpf-pid----31----pid-31
---ebpf-pid----441911----pid-441911
---ebpf-pid----31----pid-2
---ebpf-pid----441911----pid-2
Failed to get process information for PID 0
Failed to get process information for PID 0
---ebpf-pid----21----pid-21
---ebpf-pid----21----pid-2
---ebpf-pid----21----pid-21
---ebpf-pid----21----pid-2
Failed to get process information for PID 0
---ebpf-pid----6228----pid-6228
---ebpf-pid----6228----pid-5550
---ebpf-pid----6228----pid-1
---ebpf-pid----6228----pid-6228
---ebpf-pid----6228----pid-5550
---ebpf-pid----6228----pid-1
---ebpf-pid----6228----pid-6228
---ebpf-pid----6228----pid-5550
---ebpf-pid----6228----pid-1
---ebpf-pid----2012----pid-2012
---ebpf-pid----2012----pid-1
---ebpf-pid----2012----pid-2012
---ebpf-pid----2012----pid-1
---ebpf-pid----2094----pid-2094
---ebpf-pid----2012----pid-2012
---ebpf-pid----2094----pid-1
---ebpf-pid----2012----pid-1
---ebpf-pid----2094----pid-2094
---ebpf-pid----2012----pid-2012
---ebpf-pid----2094----pid-1
---ebpf-pid----2012----pid-1
---ebpf-pid----2094----pid-2094
---ebpf-pid----2012----pid-2012
---ebpf-pid----2094----pid-1
---ebpf-pid----2012----pid-1
---ebpf-pid----2088----pid-2088
---ebpf-pid----2012----pid-2012
---ebpf-pid----2012----pid-1
---ebpf-pid----2012----pid-2012
---ebpf-pid----2012----pid-1
---ebpf-pid----2012----pid-2012
---ebpf-pid----2012----pid-1
---ebpf-pid----5891----pid-5891
---ebpf-pid----2029----pid-2029
---ebpf-pid----5891----pid-5550
---ebpf-pid----2029----pid-1
---ebpf-pid----2029----pid-2029
---ebpf-pid----5891----pid-1
---ebpf-pid----5891----pid-5891
---ebpf-pid----2029----pid-1
---ebpf-pid----2029----pid-2029
---ebpf-pid----5891----pid-5550
---ebpf-pid----5891----pid-1
---ebpf-pid----2029----pid-1
---ebpf-pid----2012----pid-2012
---ebpf-pid----2029----pid-2029
---ebpf-pid----2012----pid-1
---ebpf-pid----2029----pid-1
---ebpf-pid----5881----pid-5881
---ebpf-pid----2029----pid-2029
---ebpf-pid----5881----pid-5550
---ebpf-pid----2029----pid-1
---ebpf-pid----2029----pid-2029
---ebpf-pid----2088----pid-1
---ebpf-pid----6228----pid-6228
---ebpf-pid----2088----pid-2088
---ebpf-pid----6228----pid-5550
---ebpf-pid----2088----pid-1
---ebpf-pid----2088----pid-2088
---ebpf-pid----6228----pid-1
---ebpf-pid----2088----pid-1
---ebpf-pid----6228----pid-6228
---ebpf-pid----2088----pid-2088
---ebpf-pid----6228----pid-5550
---ebpf-pid----2088----pid-1
---ebpf-pid----6228----pid-1
---ebpf-pid----6228----pid-6228
---ebpf-pid----6228----pid-5550
---ebpf-pid----6228----pid-1
---ebpf-pid----6228----pid-6228
---ebpf-pid----6228----pid-5550
---ebpf-pid----6228----pid-1
---ebpf-pid----6228----pid-6228
---ebpf-pid----2029----pid-1
---ebpf-pid----6228----pid-5550
---ebpf-pid----2029----pid-2029
---ebpf-pid----6228----pid-1
---ebpf-pid----2029----pid-1
---ebpf-pid----6228----pid-6228
---ebpf-pid----2089----pid-2089
---ebpf-pid----6228----pid-5550
---ebpf-pid----2089----pid-1
---ebpf-pid----2089----pid-2089
---ebpf-pid----6228----pid-1
---ebpf-pid----6228----pid-6228
---ebpf-pid----2089----pid-1
---ebpf-pid----6228----pid-5550
---ebpf-pid----5881----pid-1
---ebpf-pid----5881----pid-5881
---ebpf-pid----5881----pid-5550
---ebpf-pid----6228----pid-1
---ebpf-pid----48015----pid-48015
---ebpf-pid----5881----pid-1
---ebpf-pid----2012----pid-2012
---ebpf-pid----48015----pid-5550
---ebpf-pid----2012----pid-1
---ebpf-pid----2012----pid-2012
---ebpf-pid----48015----pid-1
---ebpf-pid----2012----pid-1
---ebpf-pid----48015----pid-48015
---ebpf-pid----48015----pid-5550
---ebpf-pid----48015----pid-1
---ebpf-pid----48015----pid-48015
---ebpf-pid----48015----pid-5550
---ebpf-pid----48015----pid-1
---ebpf-pid----6228----pid-6228
---ebpf-pid----6228----pid-5550
---ebpf-pid----6228----pid-1
---ebpf-pid----6228----pid-6228
---ebpf-pid----6228----pid-5550
---ebpf-pid----6228----pid-1
---ebpf-pid----6105----pid-6105
---ebpf-pid----6105----pid-6082
---ebpf-pid----6105----pid-5550
---ebpf-pid----6105----pid-1
---ebpf-pid----5879----pid-5879
---ebpf-pid----5879----pid-5550
---ebpf-pid----5879----pid-1
---ebpf-pid----5879----pid-5879
---ebpf-pid----5879----pid-5550
---ebpf-pid----5879----pid-1
---ebpf-pid----6105----pid-6105
---ebpf-pid----6105----pid-6082
---ebpf-pid----6105----pid-5550
---ebpf-pid----6105----pid-1
---ebpf-pid----470----pid-470
---ebpf-pid----470----pid-1
---ebpf-pid----470----pid-470
---ebpf-pid----470----pid-1
---ebpf-pid----2094----pid-2094
---ebpf-pid----2094----pid-1
Failed to get process information for PID 0
---ebpf-pid----2029----pid-2029
---ebpf-pid----2029----pid-1
---ebpf-pid----2029----pid-2029
---ebpf-pid----2029----pid-1
Failed to get process information for PID 0
Failed to get process information for PID 0
---ebpf-pid----373029----pid-373029
---ebpf-pid----373029----pid-5476
---ebpf-pid----373029----pid-1
---ebpf-pid----5638----pid-5638
---ebpf-pid----5638----pid-1
---ebpf-pid----448783----pid-448783
---ebpf-pid----448783----pid-448520
---ebpf-pid----448783----pid-1
---ebpf-pid----6671----pid-6671
---ebpf-pid----6671----pid-5476
---ebpf-pid----6671----pid-1
---ebpf-pid----6671----pid-6671
---ebpf-pid----6671----pid-5476
---ebpf-pid----6671----pid-1
---ebpf-pid----448783----pid-448783
---ebpf-pid----448783----pid-448520
---ebpf-pid----448783----pid-1
---ebpf-pid----6671----pid-6671
---ebpf-pid----6671----pid-5476
---ebpf-pid----6671----pid-1
---ebpf-pid----6671----pid-6671
---ebpf-pid----6671----pid-5476
---ebpf-pid----6671----pid-1
---ebpf-pid----4716----pid-4716
---ebpf-pid----4716----pid-3323
---ebpf-pid----4716----pid-1
---ebpf-pid----4716----pid-4716
---ebpf-pid----4716----pid-3323
---ebpf-pid----4716----pid-1
---ebpf-pid----2012----pid-2012
---ebpf-pid----2012----pid-1
---ebpf-pid----2012----pid-2012
---ebpf-pid----2012----pid-1
---ebpf-pid----14----pid-14
---ebpf-pid----14----pid-2
---ebpf-pid----4716----pid-4716
---ebpf-pid----4716----pid-3323
---ebpf-pid----4716----pid-1
---ebpf-pid----4716----pid-4716
---ebpf-pid----4716----pid-3323
---ebpf-pid----4716----pid-1
---ebpf-pid----7312----pid-7312
---ebpf-pid----7312----pid-1
---ebpf-pid----4716----pid-4716
---ebpf-pid----4716----pid-3323
---ebpf-pid----4716----pid-1
---ebpf-pid----4716----pid-4716
---ebpf-pid----4716----pid-3323
---ebpf-pid----4716----pid-1
---ebpf-pid----379067----pid-379067
---ebpf-pid----379067----pid-5476
---ebpf-pid----379067----pid-1
---ebpf-pid----448783----pid-448783
---ebpf-pid----448783----pid-448520
---ebpf-pid----448783----pid-1
---ebpf-pid----448783----pid-448783
---ebpf-pid----448783----pid-448520
---ebpf-pid----448783----pid-1
---ebpf-pid----2010----pid-2010
---ebpf-pid----2010----pid-1
---ebpf-pid----448546----pid-448546
---ebpf-pid----448546----pid-1
---ebpf-pid----448783----pid-448783
---ebpf-pid----448783----pid-448520
---ebpf-pid----448783----pid-1
---ebpf-pid----7313----pid-7313
---ebpf-pid----7313----pid-1
---ebpf-pid----448783----pid-448783
---ebpf-pid----448783----pid-448520
---ebpf-pid----448783----pid-1
---ebpf-pid----448783----pid-448783
---ebpf-pid----448783----pid-448520
---ebpf-pid----448783----pid-1
---ebpf-pid----2010----pid-2010
---ebpf-pid----2010----pid-1
---ebpf-pid----448546----pid-448546
---ebpf-pid----448546----pid-1
---ebpf-pid----5637----pid-5637
---ebpf-pid----5637----pid-1
---ebpf-pid----448783----pid-448783
---ebpf-pid----448783----pid-448520
---ebpf-pid----448783----pid-1
---ebpf-pid----7313----pid-7313
---ebpf-pid----7313----pid-1
---ebpf-pid----7313----pid-7313
---ebpf-pid----7313----pid-1
---ebpf-pid----448783----pid-448783
---ebpf-pid----448783----pid-448520
---ebpf-pid----448783----pid-1
---ebpf-pid----448783----pid-448783
---ebpf-pid----448783----pid-448520
---ebpf-pid----448783----pid-1
---ebpf-pid----7313----pid-7313
---ebpf-pid----7313----pid-1
---ebpf-pid----5637----pid-5637
---ebpf-pid----5637----pid-1
---ebpf-pid----448783----pid-448783
---ebpf-pid----448783----pid-448520
---ebpf-pid----448783----pid-1
---ebpf-pid----7313----pid-7313
---ebpf-pid----7313----pid-1
---ebpf-pid----7313----pid-7313
---ebpf-pid----7313----pid-1
---ebpf-pid----4716----pid-4716
---ebpf-pid----4716----pid-3323
---ebpf-pid----4716----pid-1
---ebpf-pid----14----pid-14
---ebpf-pid----14----pid-2
---ebpf-pid----4716----pid-4716
---ebpf-pid----4716----pid-3323
---ebpf-pid----4716----pid-1
---ebpf-pid----4716----pid-4716
---ebpf-pid----4716----pid-3323
---ebpf-pid----4716----pid-1
---ebpf-pid----4716----pid-4716
---ebpf-pid----4716----pid-3323
---ebpf-pid----4716----pid-1
---ebpf-pid----5637----pid-5637
---ebpf-pid----5637----pid-1
---ebpf-pid----4716----pid-4716
---ebpf-pid----4716----pid-3323
---ebpf-pid----4716----pid-1
---ebpf-pid----5637----pid-5637
---ebpf-pid----5637----pid-1
---ebpf-pid----4716----pid-4716
---ebpf-pid----4716----pid-3323
---ebpf-pid----4716----pid-1
---ebpf-pid----4716----pid-4716
---ebpf-pid----4716----pid-3323
---ebpf-pid----4716----pid-1
---ebpf-pid----4716----pid-4716
---ebpf-pid----4716----pid-3323
---ebpf-pid----4716----pid-1
---ebpf-pid----4716----pid-4716
---ebpf-pid----4716----pid-3323
---ebpf-pid----4716----pid-1
---ebpf-pid----4716----pid-4716
---ebpf-pid----4716----pid-3323
---ebpf-pid----4716----pid-1
---ebpf-pid----448783----pid-448783
---ebpf-pid----448783----pid-448520
---ebpf-pid----448783----pid-1
---ebpf-pid----5637----pid-5637
---ebpf-pid----5637----pid-1
---ebpf-pid----448783----pid-448783
---ebpf-pid----448783----pid-448520
---ebpf-pid----448783----pid-1
---ebpf-pid----4716----pid-4716
---ebpf-pid----4716----pid-3323
---ebpf-pid----4716----pid-1
---ebpf-pid----448546----pid-448546
---ebpf-pid----448546----pid-1
---ebpf-pid----5637----pid-5637
---ebpf-pid----5637----pid-1
---ebpf-pid----5637----pid-5637
---ebpf-pid----5637----pid-1
---ebpf-pid----4716----pid-4716
---ebpf-pid----4716----pid-3323
---ebpf-pid----4716----pid-1
---ebpf-pid----5637----pid-5637
---ebpf-pid----5637----pid-1
---ebpf-pid----4716----pid-4716
---ebpf-pid----4716----pid-3323
---ebpf-pid----4716----pid-1
---ebpf-pid----4716----pid-4716
---ebpf-pid----4716----pid-3323
---ebpf-pid----4716----pid-1
---ebpf-pid----4716----pid-4716
---ebpf-pid----4716----pid-3323
---ebpf-pid----4716----pid-1
---ebpf-pid----4716----pid-4716
---ebpf-pid----4716----pid-3323
---ebpf-pid----4716----pid-1
---ebpf-pid----6671----pid-6671
---ebpf-pid----6671----pid-5476
---ebpf-pid----6671----pid-1
---ebpf-pid----6671----pid-6671
---ebpf-pid----6671----pid-5476
---ebpf-pid----6671----pid-1
---ebpf-pid----5637----pid-5637
---ebpf-pid----5637----pid-1
---ebpf-pid----4716----pid-4716
---ebpf-pid----4716----pid-3323
---ebpf-pid----4716----pid-1
---ebpf-pid----4716----pid-4716
---ebpf-pid----4716----pid-3323
---ebpf-pid----4716----pid-1
---ebpf-pid----5637----pid-5637
---ebpf-pid----5637----pid-1
---ebpf-pid----448546----pid-448546
---ebpf-pid----448546----pid-1
---ebpf-pid----5705----pid-5705
---ebpf-pid----5705----pid-5476
---ebpf-pid----5705----pid-1
---ebpf-pid----5705----pid-5705
---ebpf-pid----5705----pid-5476
---ebpf-pid----5705----pid-1
---ebpf-pid----5705----pid-5705
---ebpf-pid----5705----pid-5476
---ebpf-pid----5705----pid-1
---ebpf-pid----448546----pid-448546
---ebpf-pid----448546----pid-1
---ebpf-pid----448546----pid-448546
---ebpf-pid----448546----pid-1
---ebpf-pid----4716----pid-4716
---ebpf-pid----4716----pid-3323
---ebpf-pid----4716----pid-1
---ebpf-pid----4716----pid-4716
---ebpf-pid----4716----pid-3323
---ebpf-pid----4716----pid-1
---ebpf-pid----7312----pid-7312
---ebpf-pid----7312----pid-1
---ebpf-pid----448783----pid-448783
---ebpf-pid----448783----pid-448520
---ebpf-pid----448783----pid-1
---ebpf-pid----448783----pid-448783
---ebpf-pid----448783----pid-448520
---ebpf-pid----448783----pid-1
---ebpf-pid----448546----pid-448546
---ebpf-pid----448546----pid-1
---ebpf-pid----7313----pid-7313
---ebpf-pid----7313----pid-1
---ebpf-pid----448783----pid-448783
---ebpf-pid----448783----pid-448520
---ebpf-pid----448783----pid-1
---ebpf-pid----448546----pid-448546
---ebpf-pid----448546----pid-1
---ebpf-pid----448783----pid-448783
---ebpf-pid----448783----pid-448520
---ebpf-pid----448783----pid-1
---ebpf-pid----448546----pid-448546
---ebpf-pid----448546----pid-1
---ebpf-pid----4716----pid-4716
---ebpf-pid----4716----pid-3323
---ebpf-pid----4716----pid-1
---ebpf-pid----4716----pid-4716
---ebpf-pid----4716----pid-3323
---ebpf-pid----4716----pid-1
---ebpf-pid----4716----pid-4716
---ebpf-pid----4716----pid-3323
---ebpf-pid----4716----pid-1
---ebpf-pid----4716----pid-4716
---ebpf-pid----4716----pid-3323
---ebpf-pid----4716----pid-1
---ebpf-pid----4716----pid-4716
---ebpf-pid----4716----pid-3323
---ebpf-pid----4716----pid-1
---ebpf-pid----448546----pid-448546
---ebpf-pid----448546----pid-1
---ebpf-pid----5638----pid-5638
---ebpf-pid----5638----pid-1
---ebpf-pid----4716----pid-4716
---ebpf-pid----4716----pid-3323
---ebpf-pid----4716----pid-1
---ebpf-pid----448546----pid-448546
---ebpf-pid----448546----pid-1
---ebpf-pid----448546----pid-448546
---ebpf-pid----448546----pid-1
---ebpf-pid----4716----pid-4716
---ebpf-pid----4716----pid-3323
---ebpf-pid----4716----pid-1
---ebpf-pid----7313----pid-7313
---ebpf-pid----7313----pid-1
---ebpf-pid----7313----pid-7313
---ebpf-pid----7313----pid-1
---ebpf-pid----4716----pid-4716
---ebpf-pid----4716----pid-3323
---ebpf-pid----4716----pid-1
---ebpf-pid----4716----pid-4716
---ebpf-pid----4716----pid-3323
---ebpf-pid----4716----pid-1
---ebpf-pid----4716----pid-4716
---ebpf-pid----4716----pid-3323
---ebpf-pid----4716----pid-1
---ebpf-pid----7313----pid-7313
---ebpf-pid----7313----pid-1
---ebpf-pid----448783----pid-448783
---ebpf-pid----448783----pid-448520
---ebpf-pid----448783----pid-1
---ebpf-pid----448783----pid-448783
---ebpf-pid----448783----pid-448520
---ebpf-pid----448783----pid-1
---ebpf-pid----4716----pid-4716
---ebpf-pid----4716----pid-3323
---ebpf-pid----4716----pid-1
---ebpf-pid----448783----pid-448783
---ebpf-pid----448783----pid-448520
---ebpf-pid----448783----pid-1
---ebpf-pid----448783----pid-448783
---ebpf-pid----448783----pid-448520
---ebpf-pid----448783----pid-1
---ebpf-pid----5638----pid-5638
---ebpf-pid----5638----pid-1
---ebpf-pid----5638----pid-5638
---ebpf-pid----5638----pid-1
---ebpf-pid----4716----pid-4716
---ebpf-pid----4716----pid-3323
---ebpf-pid----4716----pid-1
---ebpf-pid----4716----pid-4716
---ebpf-pid----4716----pid-3323
---ebpf-pid----4716----pid-1
---ebpf-pid----4716----pid-4716
---ebpf-pid----4716----pid-3323
---ebpf-pid----4716----pid-1
---ebpf-pid----4716----pid-4716
---ebpf-pid----4716----pid-3323
---ebpf-pid----4716----pid-1
---ebpf-pid----4716----pid-4716
---ebpf-pid----4716----pid-3323
---ebpf-pid----4716----pid-1
---ebpf-pid----4716----pid-4716
---ebpf-pid----4716----pid-3323
---ebpf-pid----4716----pid-1
---ebpf-pid----4716----pid-4716
---ebpf-pid----4716----pid-3323
---ebpf-pid----4716----pid-1
---ebpf-pid----4716----pid-4716
---ebpf-pid----4716----pid-3323
---ebpf-pid----4716----pid-1
---ebpf-pid----4716----pid-4716
---ebpf-pid----4716----pid-3323
---ebpf-pid----4716----pid-1
---ebpf-pid----448783----pid-448783
---ebpf-pid----448783----pid-448520
---ebpf-pid----448783----pid-1
---ebpf-pid----7312----pid-7312
---ebpf-pid----7312----pid-1
---ebpf-pid----7312----pid-7312
---ebpf-pid----7312----pid-1
---ebpf-pid----373029----pid-373029
---ebpf-pid----373029----pid-5476
---ebpf-pid----373029----pid-1
---ebpf-pid----448783----pid-448783
---ebpf-pid----448783----pid-448520
---ebpf-pid----448783----pid-1
---ebpf-pid----448783----pid-448783
---ebpf-pid----448783----pid-448520
---ebpf-pid----448783----pid-1
---ebpf-pid----448783----pid-448783
---ebpf-pid----448783----pid-448520
---ebpf-pid----448783----pid-1
---ebpf-pid----448783----pid-448783
---ebpf-pid----448783----pid-448520
---ebpf-pid----448783----pid-1
---ebpf-pid----448783----pid-448783
---ebpf-pid----448783----pid-448520
---ebpf-pid----448783----pid-1
---ebpf-pid----448783----pid-448783
---ebpf-pid----448783----pid-448520
---ebpf-pid----448783----pid-1
---ebpf-pid----448783----pid-448783
---ebpf-pid----448783----pid-448520
---ebpf-pid----448783----pid-1
---ebpf-pid----448783----pid-448783
---ebpf-pid----448783----pid-448520
---ebpf-pid----448783----pid-1
---ebpf-pid----448783----pid-448783
---ebpf-pid----448783----pid-448520
---ebpf-pid----448783----pid-1
---ebpf-pid----448783----pid-448783
---ebpf-pid----448783----pid-448520
---ebpf-pid----448783----pid-1
---ebpf-pid----448783----pid-448783
---ebpf-pid----448783----pid-448520
---ebpf-pid----448783----pid-1
---ebpf-pid----448783----pid-448783
---ebpf-pid----448783----pid-448520
---ebpf-pid----448783----pid-1
---ebpf-pid----4716----pid-4716
---ebpf-pid----4716----pid-3323
---ebpf-pid----4716----pid-1
---ebpf-pid----4716----pid-4716
---ebpf-pid----4716----pid-3323
---ebpf-pid----4716----pid-1
---ebpf-pid----4716----pid-4716
---ebpf-pid----4716----pid-3323
---ebpf-pid----4716----pid-1
---ebpf-pid----4716----pid-4716
---ebpf-pid----4716----pid-3323
---ebpf-pid----4716----pid-1
---ebpf-pid----4716----pid-4716
---ebpf-pid----4716----pid-3323
---ebpf-pid----4716----pid-1
---ebpf-pid----4716----pid-4716
---ebpf-pid----4716----pid-3323
---ebpf-pid----4716----pid-1
---ebpf-pid----4716----pid-4716
---ebpf-pid----4716----pid-3323
---ebpf-pid----4716----pid-1
---ebpf-pid----4716----pid-4716
---ebpf-pid----4716----pid-3323
---ebpf-pid----4716----pid-1
---ebpf-pid----448783----pid-448783
---ebpf-pid----448783----pid-448520
---ebpf-pid----448783----pid-1
---ebpf-pid----448783----pid-448783
---ebpf-pid----448783----pid-448520
---ebpf-pid----448783----pid-1
---ebpf-pid----448783----pid-448783
---ebpf-pid----448783----pid-448520
---ebpf-pid----448783----pid-1
---ebpf-pid----448783----pid-448783
---ebpf-pid----448783----pid-448520
---ebpf-pid----448783----pid-1
---ebpf-pid----448783----pid-448783
---ebpf-pid----448783----pid-448520
---ebpf-pid----448783----pid-1
---ebpf-pid----448783----pid-448783
---ebpf-pid----448783----pid-448520
---ebpf-pid----448783----pid-1
---ebpf-pid----448783----pid-448783
---ebpf-pid----448783----pid-448520
---ebpf-pid----448783----pid-1
---ebpf-pid----448783----pid-448783
---ebpf-pid----448783----pid-448520
---ebpf-pid----448783----pid-1
---ebpf-pid----5638----pid-5638
---ebpf-pid----5638----pid-1
---ebpf-pid----373029----pid-373029
---ebpf-pid----373029----pid-5476
---ebpf-pid----373029----pid-1
---ebpf-pid----373029----pid-373029
---ebpf-pid----373029----pid-5476
---ebpf-pid----373029----pid-1
---ebpf-pid----373029----pid-373029
---ebpf-pid----373029----pid-5476
---ebpf-pid----373029----pid-1
---ebpf-pid----373029----pid-373029
---ebpf-pid----373029----pid-5476
---ebpf-pid----373029----pid-1
---ebpf-pid----373029----pid-373029
---ebpf-pid----373029----pid-5476
---ebpf-pid----373029----pid-1
---ebpf-pid----373029----pid-373029
---ebpf-pid----373029----pid-5476
---ebpf-pid----373029----pid-1
---ebpf-pid----373029----pid-373029
---ebpf-pid----373029----pid-5476
---ebpf-pid----373029----pid-1
---ebpf-pid----373029----pid-373029
---ebpf-pid----373029----pid-5476
---ebpf-pid----373029----pid-1
---ebpf-pid----373029----pid-373029
---ebpf-pid----373029----pid-5476
---ebpf-pid----373029----pid-1
---ebpf-pid----373029----pid-373029
---ebpf-pid----373029----pid-5476
---ebpf-pid----373029----pid-1
---ebpf-pid----373029----pid-373029
---ebpf-pid----373029----pid-5476
---ebpf-pid----373029----pid-1
---ebpf-pid----373029----pid-373029
---ebpf-pid----373029----pid-5476
---ebpf-pid----373029----pid-1
---ebpf-pid----373029----pid-373029
---ebpf-pid----373029----pid-5476
---ebpf-pid----373029----pid-1
---ebpf-pid----373029----pid-373029
---ebpf-pid----373029----pid-5476
---ebpf-pid----373029----pid-1
---ebpf-pid----373029----pid-373029
---ebpf-pid----373029----pid-5476
---ebpf-pid----373029----pid-1
---ebpf-pid----373029----pid-373029
---ebpf-pid----373029----pid-5476
---ebpf-pid----373029----pid-1
---ebpf-pid----373029----pid-373029
---ebpf-pid----373029----pid-5476
---ebpf-pid----373029----pid-1
---ebpf-pid----373029----pid-373029
---ebpf-pid----373029----pid-5476
---ebpf-pid----373029----pid-1
---ebpf-pid----373029----pid-373029
---ebpf-pid----373029----pid-5476
---ebpf-pid----373029----pid-1
---ebpf-pid----373029----pid-373029
---ebpf-pid----373029----pid-5476
---ebpf-pid----373029----pid-1
---ebpf-pid----373029----pid-373029
---ebpf-pid----373029----pid-5476
---ebpf-pid----373029----pid-1
---ebpf-pid----373029----pid-373029
---ebpf-pid----373029----pid-5476
---ebpf-pid----373029----pid-1
---ebpf-pid----373029----pid-373029
---ebpf-pid----373029----pid-5476
---ebpf-pid----373029----pid-1
---ebpf-pid----373029----pid-373029
---ebpf-pid----373029----pid-5476
---ebpf-pid----373029----pid-1
---ebpf-pid----373029----pid-373029
---ebpf-pid----373029----pid-5476
---ebpf-pid----373029----pid-1
---ebpf-pid----373029----pid-373029
---ebpf-pid----373029----pid-5476
---ebpf-pid----373029----pid-1
---ebpf-pid----373029----pid-373029
---ebpf-pid----373029----pid-5476
---ebpf-pid----373029----pid-1
---ebpf-pid----373029----pid-373029
---ebpf-pid----373029----pid-5476
---ebpf-pid----373029----pid-1
---ebpf-pid----373029----pid-373029
---ebpf-pid----373029----pid-5476
---ebpf-pid----373029----pid-1
---ebpf-pid----373029----pid-373029
---ebpf-pid----373029----pid-5476
---ebpf-pid----373029----pid-1
---ebpf-pid----373029----pid-373029
---ebpf-pid----373029----pid-5476
---ebpf-pid----373029----pid-1
---ebpf-pid----373029----pid-373029
---ebpf-pid----373029----pid-5476
---ebpf-pid----373029----pid-1
---ebpf-pid----373029----pid-373029
---ebpf-pid----373029----pid-5476
---ebpf-pid----373029----pid-1
---ebpf-pid----373029----pid-373029
---ebpf-pid----373029----pid-5476
---ebpf-pid----373029----pid-1
---ebpf-pid----373029----pid-373029
---ebpf-pid----373029----pid-5476
---ebpf-pid----373029----pid-1
---ebpf-pid----373029----pid-373029
---ebpf-pid----373029----pid-5476
---ebpf-pid----373029----pid-1
---ebpf-pid----373029----pid-373029
---ebpf-pid----373029----pid-5476
---ebpf-pid----373029----pid-1
---ebpf-pid----373029----pid-373029
---ebpf-pid----373029----pid-5476
---ebpf-pid----373029----pid-1
---ebpf-pid----373029----pid-373029
---ebpf-pid----373029----pid-5476
---ebpf-pid----373029----pid-1
---ebpf-pid----373029----pid-373029
---ebpf-pid----373029----pid-5476
---ebpf-pid----373029----pid-1
---ebpf-pid----373029----pid-373029
---ebpf-pid----373029----pid-5476
---ebpf-pid----373029----pid-1
---ebpf-pid----373029----pid-373029
---ebpf-pid----373029----pid-5476
---ebpf-pid----373029----pid-1
---ebpf-pid----373029----pid-373029
---ebpf-pid----373029----pid-5476
---ebpf-pid----373029----pid-1
---ebpf-pid----373029----pid-373029
---ebpf-pid----373029----pid-5476
---ebpf-pid----373029----pid-1
---ebpf-pid----373029----pid-373029
---ebpf-pid----373029----pid-5476
---ebpf-pid----373029----pid-1
---ebpf-pid----373029----pid-373029
---ebpf-pid----373029----pid-5476
---ebpf-pid----373029----pid-1
---ebpf-pid----373029----pid-373029
---ebpf-pid----373029----pid-5476
---ebpf-pid----373029----pid-1
---ebpf-pid----373029----pid-373029
---ebpf-pid----373029----pid-5476
---ebpf-pid----373029----pid-1
---ebpf-pid----373029----pid-373029
---ebpf-pid----373029----pid-5476
---ebpf-pid----373029----pid-1
---ebpf-pid----373029----pid-373029
---ebpf-pid----373029----pid-5476
---ebpf-pid----373029----pid-1
---ebpf-pid----373029----pid-373029
---ebpf-pid----373029----pid-5476
---ebpf-pid----373029----pid-1
---ebpf-pid----373029----pid-373029
---ebpf-pid----373029----pid-5476
---ebpf-pid----373029----pid-1
---ebpf-pid----373029----pid-373029
---ebpf-pid----373029----pid-5476
---ebpf-pid----373029----pid-1
---ebpf-pid----373029----pid-373029
---ebpf-pid----373029----pid-5476
---ebpf-pid----373029----pid-1
---ebpf-pid----373029----pid-373029
---ebpf-pid----373029----pid-5476
---ebpf-pid----373029----pid-1
---ebpf-pid----373029----pid-373029
---ebpf-pid----373029----pid-5476
---ebpf-pid----373029----pid-1
---ebpf-pid----373029----pid-373029
---ebpf-pid----373029----pid-5476
---ebpf-pid----373029----pid-1
---ebpf-pid----373029----pid-373029
---ebpf-pid----373029----pid-5476
---ebpf-pid----373029----pid-1
---ebpf-pid----373029----pid-373029
---ebpf-pid----373029----pid-5476
---ebpf-pid----373029----pid-1
---ebpf-pid----373029----pid-373029
---ebpf-pid----373029----pid-5476
---ebpf-pid----373029----pid-1
---ebpf-pid----373029----pid-373029
---ebpf-pid----373029----pid-5476
---ebpf-pid----373029----pid-1
---ebpf-pid----373029----pid-373029
---ebpf-pid----373029----pid-5476
---ebpf-pid----373029----pid-1
---ebpf-pid----373029----pid-373029
---ebpf-pid----373029----pid-5476
---ebpf-pid----373029----pid-1
---ebpf-pid----373029----pid-373029
---ebpf-pid----373029----pid-5476
---ebpf-pid----373029----pid-1
---ebpf-pid----373029----pid-373029
---ebpf-pid----373029----pid-5476
---ebpf-pid----373029----pid-1
---ebpf-pid----373029----pid-373029
---ebpf-pid----373029----pid-5476
---ebpf-pid----373029----pid-1
---ebpf-pid----373029----pid-373029
---ebpf-pid----373029----pid-5476
---ebpf-pid----373029----pid-1
---ebpf-pid----373029----pid-373029
---ebpf-pid----373029----pid-5476
---ebpf-pid----373029----pid-1
---ebpf-pid----373029----pid-373029
---ebpf-pid----373029----pid-5476
---ebpf-pid----373029----pid-1
---ebpf-pid----373029----pid-373029
---ebpf-pid----373029----pid-5476
---ebpf-pid----373029----pid-1
---ebpf-pid----373029----pid-373029
---ebpf-pid----373029----pid-5476
---ebpf-pid----373029----pid-1
---ebpf-pid----373029----pid-373029
---ebpf-pid----373029----pid-5476
---ebpf-pid----373029----pid-1
---ebpf-pid----373029----pid-373029
---ebpf-pid----373029----pid-5476
---ebpf-pid----373029----pid-1
---ebpf-pid----373029----pid-373029
---ebpf-pid----373029----pid-5476
---ebpf-pid----373029----pid-1
---ebpf-pid----373029----pid-373029
---ebpf-pid----373029----pid-5476
---ebpf-pid----373029----pid-1
---ebpf-pid----373029----pid-373029
---ebpf-pid----373029----pid-5476
---ebpf-pid----373029----pid-1
---ebpf-pid----373029----pid-373029
---ebpf-pid----373029----pid-5476
---ebpf-pid----373029----pid-1
---ebpf-pid----373029----pid-373029
---ebpf-pid----373029----pid-5476
---ebpf-pid----373029----pid-1
---ebpf-pid----373029----pid-373029
---ebpf-pid----373029----pid-5476
---ebpf-pid----373029----pid-1
---ebpf-pid----373029----pid-373029
---ebpf-pid----373029----pid-5476
---ebpf-pid----373029----pid-1
---ebpf-pid----373029----pid-373029
---ebpf-pid----373029----pid-5476
---ebpf-pid----373029----pid-1
---ebpf-pid----373029----pid-373029
---ebpf-pid----373029----pid-5476
---ebpf-pid----373029----pid-1
---ebpf-pid----373029----pid-373029
---ebpf-pid----373029----pid-5476
---ebpf-pid----373029----pid-1
---ebpf-pid----373029----pid-373029
---ebpf-pid----373029----pid-5476
---ebpf-pid----373029----pid-1
---ebpf-pid----373029----pid-373029
---ebpf-pid----373029----pid-5476
---ebpf-pid----373029----pid-1
---ebpf-pid----373029----pid-373029
---ebpf-pid----373029----pid-5476
---ebpf-pid----373029----pid-1
---ebpf-pid----373029----pid-373029
---ebpf-pid----373029----pid-5476
---ebpf-pid----373029----pid-1
---ebpf-pid----373029----pid-373029
---ebpf-pid----373029----pid-5476
---ebpf-pid----373029----pid-1
---ebpf-pid----373029----pid-373029
---ebpf-pid----373029----pid-5476
---ebpf-pid----373029----pid-1
---ebpf-pid----373029----pid-373029
---ebpf-pid----373029----pid-5476
---ebpf-pid----373029----pid-1
---ebpf-pid----373029----pid-373029
---ebpf-pid----373029----pid-5476
---ebpf-pid----373029----pid-1
---ebpf-pid----373029----pid-373029
---ebpf-pid----373029----pid-5476
---ebpf-pid----373029----pid-1
---ebpf-pid----373029----pid-373029
---ebpf-pid----373029----pid-5476
---ebpf-pid----373029----pid-1
---ebpf-pid----373029----pid-373029
---ebpf-pid----373029----pid-5476
---ebpf-pid----373029----pid-1
---ebpf-pid----373029----pid-373029
---ebpf-pid----373029----pid-5476
---ebpf-pid----373029----pid-1
---ebpf-pid----373029----pid-373029
---ebpf-pid----373029----pid-5476
---ebpf-pid----373029----pid-1
---ebpf-pid----373029----pid-373029
---ebpf-pid----373029----pid-5476
---ebpf-pid----373029----pid-1
---ebpf-pid----373029----pid-373029
---ebpf-pid----373029----pid-5476
---ebpf-pid----373029----pid-1
---ebpf-pid----373029----pid-373029
---ebpf-pid----373029----pid-5476
---ebpf-pid----373029----pid-1
---ebpf-pid----373029----pid-373029
---ebpf-pid----373029----pid-5476
---ebpf-pid----373029----pid-1
---ebpf-pid----373029----pid-373029
---ebpf-pid----373029----pid-5476
---ebpf-pid----373029----pid-1
---ebpf-pid----373029----pid-373029
---ebpf-pid----373029----pid-5476
---ebpf-pid----373029----pid-1
---ebpf-pid----373029----pid-373029
---ebpf-pid----373029----pid-5476
---ebpf-pid----373029----pid-1
---ebpf-pid----448546----pid-448546
---ebpf-pid----448546----pid-1
---ebpf-pid----5638----pid-5638
---ebpf-pid----5638----pid-1
---ebpf-pid----5707----pid-5707
---ebpf-pid----5707----pid-5476
---ebpf-pid----5707----pid-1
---ebpf-pid----5707----pid-5707
---ebpf-pid----5707----pid-5476
---ebpf-pid----5707----pid-1
---ebpf-pid----5707----pid-5707
---ebpf-pid----5707----pid-5476
---ebpf-pid----5707----pid-1
---ebpf-pid----373029----pid-373029
---ebpf-pid----373029----pid-5476
---ebpf-pid----373029----pid-1
---ebpf-pid----373029----pid-373029
---ebpf-pid----373029----pid-5476
---ebpf-pid----373029----pid-1
---ebpf-pid----448783----pid-448783
---ebpf-pid----448783----pid-448520
---ebpf-pid----448783----pid-1
---ebpf-pid----448783----pid-448783
---ebpf-pid----448783----pid-448520
---ebpf-pid----448783----pid-1
---ebpf-pid----448783----pid-448783
---ebpf-pid----448783----pid-448520
---ebpf-pid----448783----pid-1
---ebpf-pid----448783----pid-448783
---ebpf-pid----448783----pid-448520
---ebpf-pid----448783----pid-1
---ebpf-pid----448783----pid-448783
---ebpf-pid----448783----pid-448520
---ebpf-pid----448783----pid-1
---ebpf-pid----448783----pid-448783
---ebpf-pid----448783----pid-448520
---ebpf-pid----448783----pid-1
---ebpf-pid----448783----pid-448783
---ebpf-pid----448783----pid-448520
---ebpf-pid----448783----pid-1
---ebpf-pid----448783----pid-448783
---ebpf-pid----448783----pid-448520
---ebpf-pid----448783----pid-1
---ebpf-pid----448783----pid-448783
---ebpf-pid----448783----pid-448520
---ebpf-pid----448783----pid-1
---ebpf-pid----448783----pid-448783
---ebpf-pid----448783----pid-448520
---ebpf-pid----448783----pid-1
---ebpf-pid----448546----pid-448546
---ebpf-pid----448546----pid-1
---ebpf-pid----448546----pid-448546
---ebpf-pid----448546----pid-1
---ebpf-pid----7312----pid-7312
---ebpf-pid----7312----pid-1
---ebpf-pid----7312----pid-7312
---ebpf-pid----7312----pid-1
---ebpf-pid----448865----pid-448865
---ebpf-pid----448865----pid-448864
---ebpf-pid----448865----pid-2127
---ebpf-pid----448865----pid-1
---ebpf-pid----448865----pid-448865
---ebpf-pid----448865----pid-448864
---ebpf-pid----448865----pid-2127
---ebpf-pid----448865----pid-1
---ebpf-pid----448865----pid-448865
---ebpf-pid----448865----pid-448864
---ebpf-pid----448865----pid-2127
---ebpf-pid----448865----pid-1
---ebpf-pid----448865----pid-448865
---ebpf-pid----448865----pid-448864
---ebpf-pid----448865----pid-2127
---ebpf-pid----448865----pid-1
---ebpf-pid----448865----pid-448865
---ebpf-pid----448865----pid-448864
---ebpf-pid----448865----pid-2127
---ebpf-pid----448865----pid-1
---ebpf-pid----448865----pid-448865
---ebpf-pid----448865----pid-448864
---ebpf-pid----448865----pid-2127
---ebpf-pid----448865----pid-1
---ebpf-pid----448865----pid-448865
---ebpf-pid----448865----pid-448864
---ebpf-pid----448865----pid-2127
---ebpf-pid----448865----pid-1
---ebpf-pid----448865----pid-448865
---ebpf-pid----448865----pid-448864
---ebpf-pid----448865----pid-2127
---ebpf-pid----448865----pid-1
---ebpf-pid----448865----pid-448865
---ebpf-pid----448865----pid-448864
---ebpf-pid----448865----pid-2127
---ebpf-pid----448865----pid-1
---ebpf-pid----448865----pid-448865
---ebpf-pid----448865----pid-448864
---ebpf-pid----448865----pid-2127
---ebpf-pid----448865----pid-1
---ebpf-pid----448865----pid-448865
---ebpf-pid----448865----pid-448864
---ebpf-pid----448865----pid-2127
---ebpf-pid----448865----pid-1
---ebpf-pid----448865----pid-448865
---ebpf-pid----448865----pid-448864
---ebpf-pid----448865----pid-2127
---ebpf-pid----448865----pid-1
---ebpf-pid----448865----pid-448865
---ebpf-pid----448865----pid-448864
---ebpf-pid----448865----pid-2127
---ebpf-pid----448865----pid-1
---ebpf-pid----448865----pid-448865
---ebpf-pid----448865----pid-448864
---ebpf-pid----448865----pid-2127
---ebpf-pid----448865----pid-1
---ebpf-pid----448865----pid-448865
---ebpf-pid----448865----pid-448864
---ebpf-pid----448865----pid-2127
---ebpf-pid----448865----pid-1
---ebpf-pid----448865----pid-448865
---ebpf-pid----448865----pid-448864
---ebpf-pid----448865----pid-2127
---ebpf-pid----448865----pid-1
---ebpf-pid----448865----pid-448865
---ebpf-pid----448865----pid-448864
---ebpf-pid----448865----pid-2127
---ebpf-pid----448865----pid-1
---ebpf-pid----448865----pid-448865
---ebpf-pid----448865----pid-448864
---ebpf-pid----448865----pid-2127
---ebpf-pid----448865----pid-1
---ebpf-pid----448865----pid-448865
---ebpf-pid----448865----pid-448864
---ebpf-pid----448865----pid-2127
---ebpf-pid----448865----pid-1
---ebpf-pid----448865----pid-448865
---ebpf-pid----448865----pid-448864
---ebpf-pid----448865----pid-2127
---ebpf-pid----448865----pid-1
---ebpf-pid----448865----pid-448865
---ebpf-pid----448865----pid-448864
---ebpf-pid----448865----pid-2127
---ebpf-pid----448865----pid-1
---ebpf-pid----448865----pid-448865
---ebpf-pid----448865----pid-448864
---ebpf-pid----448865----pid-2127
---ebpf-pid----448865----pid-1
---ebpf-pid----448865----pid-448865
---ebpf-pid----448865----pid-448864
---ebpf-pid----448865----pid-2127
---ebpf-pid----448865----pid-1
---ebpf-pid----448865----pid-448865
---ebpf-pid----448865----pid-448864
---ebpf-pid----448865----pid-2127
---ebpf-pid----448865----pid-1
---ebpf-pid----448865----pid-448865
---ebpf-pid----448865----pid-448864
---ebpf-pid----448865----pid-2127
---ebpf-pid----448865----pid-1
---ebpf-pid----448865----pid-448865
---ebpf-pid----448865----pid-448864
---ebpf-pid----448865----pid-2127
---ebpf-pid----448865----pid-1
---ebpf-pid----448865----pid-448865
---ebpf-pid----448865----pid-448864
---ebpf-pid----448865----pid-2127
---ebpf-pid----448865----pid-1
---ebpf-pid----448865----pid-448865
---ebpf-pid----448865----pid-448864
---ebpf-pid----448865----pid-2127
---ebpf-pid----448865----pid-1
---ebpf-pid----448865----pid-448865
---ebpf-pid----448865----pid-448864
---ebpf-pid----448865----pid-2127
---ebpf-pid----448865----pid-1
---ebpf-pid----448865----pid-448865
---ebpf-pid----448865----pid-448864
---ebpf-pid----448865----pid-2127
---ebpf-pid----448865----pid-1
---ebpf-pid----448865----pid-448865
---ebpf-pid----448865----pid-448864
---ebpf-pid----448865----pid-2127
---ebpf-pid----448865----pid-1
---ebpf-pid----448865----pid-448865
---ebpf-pid----448865----pid-448864
---ebpf-pid----448865----pid-2127
---ebpf-pid----448865----pid-1
---ebpf-pid----448865----pid-448865
---ebpf-pid----448865----pid-448864
---ebpf-pid----448865----pid-2127
---ebpf-pid----448865----pid-1
---ebpf-pid----448865----pid-448865
---ebpf-pid----448865----pid-448864
---ebpf-pid----448865----pid-2127
---ebpf-pid----448865----pid-1
---ebpf-pid----448865----pid-448865
---ebpf-pid----448865----pid-448864
---ebpf-pid----448865----pid-2127
---ebpf-pid----448865----pid-1
---ebpf-pid----7312----pid-7312
---ebpf-pid----7312----pid-1
---ebpf-pid----7312----pid-7312
---ebpf-pid----7312----pid-1
---ebpf-pid----7312----pid-7312
---ebpf-pid----7312----pid-1
---ebpf-pid----379067----pid-379067
---ebpf-pid----379067----pid-5476
---ebpf-pid----379067----pid-1
---ebpf-pid----379067----pid-379067
---ebpf-pid----379067----pid-5476
---ebpf-pid----379067----pid-1
---ebpf-pid----379067----pid-379067
---ebpf-pid----379067----pid-5476
---ebpf-pid----379067----pid-1
---ebpf-pid----379067----pid-379067
---ebpf-pid----379067----pid-5476
---ebpf-pid----379067----pid-1
---ebpf-pid----379067----pid-379067
---ebpf-pid----379067----pid-5476
---ebpf-pid----379067----pid-1
---ebpf-pid----379067----pid-379067
---ebpf-pid----379067----pid-5476
---ebpf-pid----379067----pid-1
---ebpf-pid----7312----pid-7312
---ebpf-pid----7312----pid-1
---ebpf-pid----7312----pid-7312
---ebpf-pid----7312----pid-1
---ebpf-pid----448783----pid-448783
---ebpf-pid----448783----pid-448520
---ebpf-pid----448783----pid-1
---ebpf-pid----448783----pid-448783
---ebpf-pid----448783----pid-448520
---ebpf-pid----448783----pid-1
---ebpf-pid----448783----pid-448783
---ebpf-pid----448783----pid-448520
---ebpf-pid----448783----pid-1
---ebpf-pid----448783----pid-448783
---ebpf-pid----448783----pid-448520
---ebpf-pid----448783----pid-1
---ebpf-pid----448783----pid-448783
---ebpf-pid----448783----pid-448520
---ebpf-pid----448783----pid-1
---ebpf-pid----448783----pid-448783
---ebpf-pid----448783----pid-448520
---ebpf-pid----448783----pid-1
---ebpf-pid----448783----pid-448783
---ebpf-pid----448783----pid-448520
---ebpf-pid----448783----pid-1
---ebpf-pid----448783----pid-448783
---ebpf-pid----448783----pid-448520
---ebpf-pid----448783----pid-1
---ebpf-pid----448783----pid-448783
---ebpf-pid----448783----pid-448520
---ebpf-pid----448783----pid-1
---ebpf-pid----448783----pid-448783
---ebpf-pid----448783----pid-448520
---ebpf-pid----448783----pid-1
---ebpf-pid----448783----pid-448783
Failed to get process information for PID 448865
---ebpf-pid----448783----pid-448520
---ebpf-pid----448783----pid-1
---ebpf-pid----448783----pid-448783
---ebpf-pid----448783----pid-448520
---ebpf-pid----448783----pid-1
---ebpf-pid----448783----pid-448783
---ebpf-pid----448783----pid-448520
---ebpf-pid----448783----pid-1
---ebpf-pid----448546----pid-448546
---ebpf-pid----448546----pid-1
---ebpf-pid----5638----pid-5638
---ebpf-pid----5638----pid-1
---ebpf-pid----5638----pid-5638
---ebpf-pid----5638----pid-1
---ebpf-pid----448783----pid-448783
---ebpf-pid----448783----pid-448520
---ebpf-pid----448783----pid-1
---ebpf-pid----448783----pid-448783
---ebpf-pid----448783----pid-448520
---ebpf-pid----448783----pid-1
---ebpf-pid----448783----pid-448783
---ebpf-pid----448783----pid-448520
---ebpf-pid----448783----pid-1
---ebpf-pid----448783----pid-448783
---ebpf-pid----448783----pid-448520
---ebpf-pid----448783----pid-1
---ebpf-pid----448783----pid-448783
---ebpf-pid----448783----pid-448520
---ebpf-pid----448783----pid-1
---ebpf-pid----448783----pid-448783
---ebpf-pid----448783----pid-448520
---ebpf-pid----448783----pid-1
---ebpf-pid----448783----pid-448783
---ebpf-pid----448783----pid-448520
---ebpf-pid----448783----pid-1
---ebpf-pid----4716----pid-4716
---ebpf-pid----4716----pid-3323
---ebpf-pid----4716----pid-1
---ebpf-pid----4716----pid-4716
---ebpf-pid----4716----pid-3323
---ebpf-pid----4716----pid-1
---ebpf-pid----5638----pid-5638
---ebpf-pid----5638----pid-1
---ebpf-pid----448546----pid-448546
---ebpf-pid----448546----pid-1
---ebpf-pid----448546----pid-448546
---ebpf-pid----448546----pid-1
---ebpf-pid----5638----pid-5638
---ebpf-pid----5638----pid-1
---ebpf-pid----4716----pid-4716
---ebpf-pid----4716----pid-3323
---ebpf-pid----4716----pid-1
---ebpf-pid----4716----pid-4716
---ebpf-pid----4716----pid-3323
---ebpf-pid----4716----pid-1
---ebpf-pid----4716----pid-4716
---ebpf-pid----4716----pid-3323
---ebpf-pid----4716----pid-1
---ebpf-pid----5638----pid-5638
---ebpf-pid----5638----pid-1
---ebpf-pid----4716----pid-4716
---ebpf-pid----4716----pid-3323
---ebpf-pid----4716----pid-1
---ebpf-pid----4716----pid-4716
---ebpf-pid----4716----pid-3323
---ebpf-pid----4716----pid-1
---ebpf-pid----5638----pid-5638
---ebpf-pid----5638----pid-1
---ebpf-pid----4716----pid-4716
---ebpf-pid----4716----pid-3323
---ebpf-pid----4716----pid-1
---ebpf-pid----4716----pid-4716
Failed to get process information for PID 448865
Failed to get process information for PID 448868
Failed to get process information for PID 448868
Failed to get process information for PID 448868
---ebpf-pid----4716----pid-3323
---ebpf-pid----4716----pid-1
---ebpf-pid----5638----pid-5638
---ebpf-pid----5638----pid-1
---ebpf-pid----5638----pid-5638
---ebpf-pid----5638----pid-1
---ebpf-pid----4716----pid-4716
---ebpf-pid----4716----pid-3323
---ebpf-pid----4716----pid-1
---ebpf-pid----4716----pid-4716
---ebpf-pid----4716----pid-3323
---ebpf-pid----4716----pid-1
---ebpf-pid----4716----pid-4716
---ebpf-pid----4716----pid-3323
---ebpf-pid----4716----pid-1
---ebpf-pid----4716----pid-4716
---ebpf-pid----4716----pid-3323
---ebpf-pid----4716----pid-1
---ebpf-pid----7313----pid-7313
---ebpf-pid----7313----pid-1
---ebpf-pid----7313----pid-7313
---ebpf-pid----7313----pid-1
---ebpf-pid----4716----pid-4716
---ebpf-pid----4716----pid-3323
---ebpf-pid----4716----pid-1
---ebpf-pid----4716----pid-4716
---ebpf-pid----4716----pid-3323
---ebpf-pid----4716----pid-1
---ebpf-pid----5707----pid-5707
---ebpf-pid----5707----pid-5476
---ebpf-pid----5707----pid-1
---ebpf-pid----5707----pid-5707
---ebpf-pid----5707----pid-5476
---ebpf-pid----5707----pid-1
---ebpf-pid----5707----pid-5707
---ebpf-pid----5707----pid-5476
---ebpf-pid----5707----pid-1
---ebpf-pid----5707----pid-5707
---ebpf-pid----5707----pid-5476
---ebpf-pid----5707----pid-1
---ebpf-pid----5707----pid-5707
---ebpf-pid----5707----pid-5476
---ebpf-pid----5707----pid-1
---ebpf-pid----5707----pid-5707
---ebpf-pid----5707----pid-5476
---ebpf-pid----5707----pid-1
---ebpf-pid----448546----pid-448546
---ebpf-pid----448546----pid-1
---ebpf-pid----7313----pid-7313
---ebpf-pid----7313----pid-1
---ebpf-pid----4716----pid-4716
---ebpf-pid----4716----pid-3323
---ebpf-pid----4716----pid-1
---ebpf-pid----4716----pid-4716
---ebpf-pid----4716----pid-3323
---ebpf-pid----4716----pid-1
---ebpf-pid----4716----pid-4716
---ebpf-pid----4716----pid-3323
---ebpf-pid----4716----pid-1
---ebpf-pid----7313----pid-7313
---ebpf-pid----7313----pid-1
---ebpf-pid----4716----pid-4716
---ebpf-pid----4716----pid-3323
---ebpf-pid----4716----pid-1
---ebpf-pid----448546----pid-448546
---ebpf-pid----448546----pid-1
---ebpf-pid----4716----pid-4716
---ebpf-pid----4716----pid-3323
---ebpf-pid----4716----pid-1
---ebpf-pid----4716----pid-4716
---ebpf-pid----4716----pid-3323
---ebpf-pid----4716----pid-1
---ebpf-pid----4716----pid-4716
---ebpf-pid----4716----pid-3323
---ebpf-pid----4716----pid-1
---ebpf-pid----4716----pid-4716
---ebpf-pid----4716----pid-3323
---ebpf-pid----4716----pid-1
---ebpf-pid----4716----pid-4716
---ebpf-pid----4716----pid-3323
---ebpf-pid----4716----pid-1
---ebpf-pid----4716----pid-4716
---ebpf-pid----4716----pid-3323
---ebpf-pid----4716----pid-1
---ebpf-pid----4716----pid-4716
---ebpf-pid----4716----pid-3323
---ebpf-pid----4716----pid-1
---ebpf-pid----4716----pid-4716
---ebpf-pid----4716----pid-3323
---ebpf-pid----4716----pid-1
---ebpf-pid----4716----pid-4716
---ebpf-pid----4716----pid-3323
---ebpf-pid----4716----pid-1
---ebpf-pid----4716----pid-4716
---ebpf-pid----4716----pid-3323
---ebpf-pid----4716----pid-1
---ebpf-pid----4716----pid-4716
---ebpf-pid----4716----pid-3323
---ebpf-pid----4716----pid-1
---ebpf-pid----4716----pid-4716
---ebpf-pid----4716----pid-3323
---ebpf-pid----4716----pid-1
---ebpf-pid----4716----pid-4716
---ebpf-pid----4716----pid-3323
---ebpf-pid----4716----pid-1
---ebpf-pid----4716----pid-4716
---ebpf-pid----4716----pid-3323
---ebpf-pid----4716----pid-1
---ebpf-pid----373029----pid-373029
---ebpf-pid----373029----pid-5476
---ebpf-pid----373029----pid-1
---ebpf-pid----373029----pid-373029
---ebpf-pid----373029----pid-5476
---ebpf-pid----373029----pid-1
---ebpf-pid----4716----pid-4716
---ebpf-pid----4716----pid-3323
---ebpf-pid----4716----pid-1
---ebpf-pid----4716----pid-4716
---ebpf-pid----4716----pid-3323
---ebpf-pid----4716----pid-1
---ebpf-pid----4716----pid-4716
---ebpf-pid----4716----pid-3323
---ebpf-pid----4716----pid-1
---ebpf-pid----4716----pid-4716
---ebpf-pid----4716----pid-3323
---ebpf-pid----4716----pid-1
---ebpf-pid----4716----pid-4716
---ebpf-pid----4716----pid-3323
---ebpf-pid----4716----pid-1
---ebpf-pid----4720----pid-4720
---ebpf-pid----4720----pid-3323
---ebpf-pid----4720----pid-1
---ebpf-pid----4720----pid-4720
---ebpf-pid----4720----pid-3323
---ebpf-pid----4720----pid-1
---ebpf-pid----4716----pid-4716
---ebpf-pid----4716----pid-3323
---ebpf-pid----4716----pid-1
---ebpf-pid----4716----pid-4716
---ebpf-pid----4716----pid-3323
---ebpf-pid----4716----pid-1
---ebpf-pid----4716----pid-4716
---ebpf-pid----4716----pid-3323
---ebpf-pid----4716----pid-1
---ebpf-pid----448783----pid-448783
---ebpf-pid----448783----pid-448520
---ebpf-pid----448783----pid-1
---ebpf-pid----448783----pid-448783
---ebpf-pid----448783----pid-448520
---ebpf-pid----448783----pid-1
---ebpf-pid----448783----pid-448783
---ebpf-pid----448783----pid-448520
---ebpf-pid----448783----pid-1
---ebpf-pid----448783----pid-448783
---ebpf-pid----448783----pid-448520
---ebpf-pid----448783----pid-1
---ebpf-pid----448783----pid-448783
---ebpf-pid----448783----pid-448520
---ebpf-pid----448783----pid-1
---ebpf-pid----448783----pid-448783
---ebpf-pid----448783----pid-448520
---ebpf-pid----448783----pid-1
---ebpf-pid----448783----pid-448783
---ebpf-pid----448783----pid-448520
---ebpf-pid----448783----pid-1
---ebpf-pid----6671----pid-6671
---ebpf-pid----6671----pid-5476
---ebpf-pid----6671----pid-1
---ebpf-pid----6671----pid-6671
---ebpf-pid----6671----pid-5476
---ebpf-pid----6671----pid-1
---ebpf-pid----6671----pid-6671
---ebpf-pid----6671----pid-5476
---ebpf-pid----6671----pid-1
---ebpf-pid----6671----pid-6671
---ebpf-pid----6671----pid-5476
---ebpf-pid----6671----pid-1
---ebpf-pid----6671----pid-6671
---ebpf-pid----6671----pid-5476
---ebpf-pid----6671----pid-1
---ebpf-pid----6671----pid-6671
---ebpf-pid----6671----pid-5476
---ebpf-pid----6671----pid-1
---ebpf-pid----6671----pid-6671
---ebpf-pid----6671----pid-5476
---ebpf-pid----6671----pid-1
---ebpf-pid----448783----pid-448783
---ebpf-pid----448783----pid-448520
---ebpf-pid----448783----pid-1
---ebpf-pid----448783----pid-448783
---ebpf-pid----448783----pid-448520
---ebpf-pid----448783----pid-1
---ebpf-pid----448783----pid-448783
---ebpf-pid----448783----pid-448520
---ebpf-pid----448783----pid-1
---ebpf-pid----448783----pid-448783
---ebpf-pid----448783----pid-448520
---ebpf-pid----448783----pid-1
---ebpf-pid----448783----pid-448783
---ebpf-pid----448783----pid-448520
---ebpf-pid----448783----pid-1
---ebpf-pid----448783----pid-448783
---ebpf-pid----448783----pid-448520
---ebpf-pid----448783----pid-1
---ebpf-pid----448783----pid-448783
---ebpf-pid----448783----pid-448520
---ebpf-pid----448783----pid-1
---ebpf-pid----448783----pid-448783
---ebpf-pid----448783----pid-448520
---ebpf-pid----448783----pid-1
---ebpf-pid----448783----pid-448783
---ebpf-pid----448783----pid-448520
---ebpf-pid----448783----pid-1
---ebpf-pid----448783----pid-448783
---ebpf-pid----448783----pid-448520
---ebpf-pid----448783----pid-1
---ebpf-pid----448783----pid-448783
---ebpf-pid----448783----pid-448520
---ebpf-pid----448783----pid-1
---ebpf-pid----448783----pid-448783
---ebpf-pid----448783----pid-448520
---ebpf-pid----448783----pid-1
---ebpf-pid----448783----pid-448783
---ebpf-pid----448783----pid-448520
---ebpf-pid----448783----pid-1
---ebpf-pid----448783----pid-448783
---ebpf-pid----448783----pid-448520
---ebpf-pid----448783----pid-1
---ebpf-pid----448783----pid-448783
---ebpf-pid----448783----pid-448520
---ebpf-pid----448783----pid-1
---ebpf-pid----448783----pid-448783
---ebpf-pid----448783----pid-448520
---ebpf-pid----448783----pid-1
---ebpf-pid----448783----pid-448783
---ebpf-pid----448783----pid-448520
---ebpf-pid----448783----pid-1
---ebpf-pid----448783----pid-448783
---ebpf-pid----448783----pid-448520
---ebpf-pid----448783----pid-1
---ebpf-pid----448783----pid-448783
---ebpf-pid----448783----pid-448520
---ebpf-pid----448783----pid-1
---ebpf-pid----448783----pid-448783
---ebpf-pid----448783----pid-448520
---ebpf-pid----448783----pid-1
---ebpf-pid----5705----pid-5705
---ebpf-pid----5705----pid-5476
---ebpf-pid----5705----pid-1
---ebpf-pid----448783----pid-448783
---ebpf-pid----448783----pid-448520
---ebpf-pid----448783----pid-1
---ebpf-pid----448783----pid-448783
---ebpf-pid----448783----pid-448520
---ebpf-pid----448783----pid-1
---ebpf-pid----448783----pid-448783
---ebpf-pid----448783----pid-448520
---ebpf-pid----448783----pid-1
---ebpf-pid----448783----pid-448783
---ebpf-pid----448783----pid-448520
---ebpf-pid----448783----pid-1
---ebpf-pid----448783----pid-448783
---ebpf-pid----448783----pid-448520
---ebpf-pid----448783----pid-1
---ebpf-pid----448783----pid-448783
---ebpf-pid----448783----pid-448520
---ebpf-pid----448783----pid-1
---ebpf-pid----448783----pid-448783
---ebpf-pid----448783----pid-448520
---ebpf-pid----448783----pid-1
---ebpf-pid----448783----pid-448783
---ebpf-pid----448783----pid-448520
---ebpf-pid----448783----pid-1
---ebpf-pid----448783----pid-448783
---ebpf-pid----448783----pid-448520
---ebpf-pid----448783----pid-1
---ebpf-pid----448783----pid-448783
---ebpf-pid----448783----pid-448520
---ebpf-pid----448783----pid-1
---ebpf-pid----448783----pid-448783
---ebpf-pid----448783----pid-448520
---ebpf-pid----448783----pid-1
---ebpf-pid----448783----pid-448783
---ebpf-pid----448783----pid-448520
---ebpf-pid----448783----pid-1
---ebpf-pid----448783----pid-448783
---ebpf-pid----448783----pid-448520
---ebpf-pid----448783----pid-1
---ebpf-pid----448783----pid-448783
---ebpf-pid----448783----pid-448520
---ebpf-pid----448783----pid-1
---ebpf-pid----448783----pid-448783
---ebpf-pid----448783----pid-448520
---ebpf-pid----448783----pid-1
---ebpf-pid----448783----pid-448783
---ebpf-pid----448783----pid-448520
---ebpf-pid----448783----pid-1
---ebpf-pid----448783----pid-448783
---ebpf-pid----448783----pid-448520
---ebpf-pid----448783----pid-1
---ebpf-pid----448783----pid-448783
---ebpf-pid----448783----pid-448520
---ebpf-pid----448783----pid-1
---ebpf-pid----448783----pid-448783
---ebpf-pid----448783----pid-448520
---ebpf-pid----448783----pid-1
---ebpf-pid----448783----pid-448783
---ebpf-pid----448783----pid-448520
---ebpf-pid----448783----pid-1
---ebpf-pid----448783----pid-448783
---ebpf-pid----448783----pid-448520
---ebpf-pid----448783----pid-1
---ebpf-pid----448783----pid-448783
---ebpf-pid----448783----pid-448520
---ebpf-pid----448783----pid-1
---ebpf-pid----4716----pid-4716
---ebpf-pid----4716----pid-3323
---ebpf-pid----4716----pid-1
---ebpf-pid----448783----pid-448783
---ebpf-pid----448783----pid-448520
---ebpf-pid----448783----pid-1
---ebpf-pid----448783----pid-448783
---ebpf-pid----448783----pid-448520
---ebpf-pid----448783----pid-1
---ebpf-pid----2088----pid-2088
---ebpf-pid----2088----pid-1
---ebpf-pid----2088----pid-2088
---ebpf-pid----2088----pid-1
---ebpf-pid----2088----pid-2088
---ebpf-pid----2088----pid-1
---ebpf-pid----2088----pid-2088
---ebpf-pid----2088----pid-1
---ebpf-pid----2088----pid-2088
---ebpf-pid----2088----pid-1
---ebpf-pid----2088----pid-2088
---ebpf-pid----2088----pid-1
---ebpf-pid----2088----pid-2088
---ebpf-pid----2088----pid-1
---ebpf-pid----2088----pid-2088
---ebpf-pid----2088----pid-1
---ebpf-pid----2088----pid-2088
---ebpf-pid----2088----pid-1
---ebpf-pid----2088----pid-2088
---ebpf-pid----2088----pid-1
---ebpf-pid----2088----pid-2088
---ebpf-pid----2088----pid-1
---ebpf-pid----2088----pid-2088
---ebpf-pid----2088----pid-1
---ebpf-pid----2088----pid-2088
---ebpf-pid----2088----pid-1
---ebpf-pid----2088----pid-2088
---ebpf-pid----2088----pid-1
---ebpf-pid----2088----pid-2088
---ebpf-pid----2088----pid-1
---ebpf-pid----2088----pid-2088
---ebpf-pid----2088----pid-1
---ebpf-pid----2088----pid-2088
---ebpf-pid----2088----pid-1
---ebpf-pid----2088----pid-2088
---ebpf-pid----2088----pid-1
---ebpf-pid----2088----pid-2088
---ebpf-pid----2088----pid-1
---ebpf-pid----2088----pid-2088
---ebpf-pid----2088----pid-1
---ebpf-pid----2088----pid-2088
---ebpf-pid----2088----pid-1
---ebpf-pid----2088----pid-2088
---ebpf-pid----2088----pid-1
---ebpf-pid----2088----pid-2088
---ebpf-pid----2088----pid-1
---ebpf-pid----2088----pid-2088
---ebpf-pid----2088----pid-1
---ebpf-pid----2088----pid-2088
---ebpf-pid----2088----pid-1
---ebpf-pid----2088----pid-2088
---ebpf-pid----2088----pid-1
---ebpf-pid----14----pid-14
---ebpf-pid----14----pid-2
---ebpf-pid----2088----pid-2088
---ebpf-pid----2088----pid-1
---ebpf-pid----2088----pid-2088
---ebpf-pid----2088----pid-1
---ebpf-pid----2088----pid-2088
---ebpf-pid----2088----pid-1
---ebpf-pid----2088----pid-2088
---ebpf-pid----2088----pid-1
---ebpf-pid----2088----pid-2088
---ebpf-pid----2088----pid-1
---ebpf-pid----2088----pid-2088
---ebpf-pid----2088----pid-1
---ebpf-pid----2088----pid-2088
---ebpf-pid----2088----pid-1
---ebpf-pid----2088----pid-2088
---ebpf-pid----2088----pid-1
---ebpf-pid----2088----pid-2088
---ebpf-pid----2088----pid-1
---ebpf-pid----2088----pid-2088
---ebpf-pid----2088----pid-1
---ebpf-pid----2088----pid-2088
---ebpf-pid----2088----pid-1
---ebpf-pid----2088----pid-2088
---ebpf-pid----2088----pid-1
---ebpf-pid----2088----pid-2088
---ebpf-pid----2088----pid-1
---ebpf-pid----2088----pid-2088
---ebpf-pid----2088----pid-1
---ebpf-pid----2088----pid-2088
---ebpf-pid----2088----pid-1
---ebpf-pid----2088----pid-2088
---ebpf-pid----2088----pid-1
---ebpf-pid----2088----pid-2088
---ebpf-pid----2088----pid-1
---ebpf-pid----2088----pid-2088
---ebpf-pid----2088----pid-1
---ebpf-pid----2088----pid-2088
---ebpf-pid----2088----pid-1
---ebpf-pid----2088----pid-2088
---ebpf-pid----2088----pid-1
---ebpf-pid----2088----pid-2088
---ebpf-pid----2088----pid-1
---ebpf-pid----2088----pid-2088
---ebpf-pid----2088----pid-1
---ebpf-pid----2088----pid-2088
---ebpf-pid----2088----pid-1
---ebpf-pid----2088----pid-2088
---ebpf-pid----2088----pid-1
---ebpf-pid----2088----pid-2088
---ebpf-pid----2088----pid-1
---ebpf-pid----2088----pid-2088
---ebpf-pid----2088----pid-1
---ebpf-pid----2088----pid-2088
---ebpf-pid----2088----pid-1
---ebpf-pid----2088----pid-2088
---ebpf-pid----2088----pid-1
---ebpf-pid----2088----pid-2088
---ebpf-pid----2088----pid-1
---ebpf-pid----2088----pid-2088
---ebpf-pid----2088----pid-1
---ebpf-pid----2088----pid-2088
---ebpf-pid----2088----pid-1
---ebpf-pid----2088----pid-2088
---ebpf-pid----2088----pid-1
---ebpf-pid----2088----pid-2088
---ebpf-pid----2088----pid-1
---ebpf-pid----2088----pid-2088
---ebpf-pid----2088----pid-1
---ebpf-pid----2088----pid-2088
---ebpf-pid----2088----pid-1
---ebpf-pid----2088----pid-2088
---ebpf-pid----2088----pid-1
---ebpf-pid----2088----pid-2088
---ebpf-pid----2088----pid-1
---ebpf-pid----2088----pid-2088
---ebpf-pid----2088----pid-1
---ebpf-pid----2088----pid-2088
---ebpf-pid----2088----pid-1
---ebpf-pid----2088----pid-2088
---ebpf-pid----2088----pid-1
---ebpf-pid----2088----pid-2088
---ebpf-pid----2088----pid-1
---ebpf-pid----2088----pid-2088
---ebpf-pid----2088----pid-1
---ebpf-pid----2088----pid-2088
---ebpf-pid----2088----pid-1
---ebpf-pid----2088----pid-2088
---ebpf-pid----2088----pid-1
---ebpf-pid----2088----pid-2088
---ebpf-pid----2088----pid-1
---ebpf-pid----2088----pid-2088
---ebpf-pid----2088----pid-1
---ebpf-pid----2088----pid-2088
---ebpf-pid----2088----pid-1
---ebpf-pid----2088----pid-2088
---ebpf-pid----2088----pid-1
---ebpf-pid----2088----pid-2088
---ebpf-pid----2088----pid-1
---ebpf-pid----2088----pid-2088
---ebpf-pid----2088----pid-1
---ebpf-pid----2088----pid-2088
---ebpf-pid----2088----pid-1
---ebpf-pid----2088----pid-2088
---ebpf-pid----2088----pid-1
---ebpf-pid----2088----pid-2088
---ebpf-pid----2088----pid-1
---ebpf-pid----2088----pid-2088
---ebpf-pid----2088----pid-1
---ebpf-pid----2088----pid-2088
---ebpf-pid----2088----pid-1
---ebpf-pid----2088----pid-2088
---ebpf-pid----2088----pid-1
---ebpf-pid----2088----pid-2088
---ebpf-pid----2088----pid-1
---ebpf-pid----2088----pid-2088
---ebpf-pid----2088----pid-1
---ebpf-pid----2088----pid-2088
---ebpf-pid----2088----pid-1
---ebpf-pid----2088----pid-2088
---ebpf-pid----2088----pid-1
---ebpf-pid----2088----pid-2088
---ebpf-pid----2088----pid-1
---ebpf-pid----2088----pid-2088
---ebpf-pid----2088----pid-1
---ebpf-pid----2088----pid-2088
---ebpf-pid----2088----pid-1
---ebpf-pid----2088----pid-2088
---ebpf-pid----2088----pid-1
---ebpf-pid----2088----pid-2088
---ebpf-pid----2088----pid-1
---ebpf-pid----2088----pid-2088
---ebpf-pid----2088----pid-1
---ebpf-pid----2088----pid-2088
---ebpf-pid----2088----pid-1
---ebpf-pid----2088----pid-2088
---ebpf-pid----2088----pid-1
---ebpf-pid----2088----pid-2088
---ebpf-pid----2088----pid-1
---ebpf-pid----2088----pid-2088
---ebpf-pid----2088----pid-1
---ebpf-pid----2088----pid-2088
---ebpf-pid----2088----pid-1
---ebpf-pid----2088----pid-2088
---ebpf-pid----2088----pid-1
---ebpf-pid----2088----pid-2088
---ebpf-pid----2088----pid-1
---ebpf-pid----2088----pid-2088
---ebpf-pid----2088----pid-1
---ebpf-pid----2088----pid-2088
---ebpf-pid----2088----pid-1
---ebpf-pid----2088----pid-2088
---ebpf-pid----2088----pid-1
---ebpf-pid----2088----pid-2088
---ebpf-pid----2088----pid-1
---ebpf-pid----2088----pid-2088
---ebpf-pid----2088----pid-1
---ebpf-pid----2088----pid-2088
---ebpf-pid----2088----pid-1
---ebpf-pid----2088----pid-2088
---ebpf-pid----2088----pid-1
---ebpf-pid----2088----pid-2088
---ebpf-pid----2088----pid-1
---ebpf-pid----2088----pid-2088
---ebpf-pid----2088----pid-1
---ebpf-pid----2088----pid-2088
---ebpf-pid----2088----pid-1
---ebpf-pid----2088----pid-2088
---ebpf-pid----2088----pid-1
---ebpf-pid----2088----pid-2088
---ebpf-pid----2088----pid-1
---ebpf-pid----2088----pid-2088
---ebpf-pid----2088----pid-1
---ebpf-pid----2088----pid-2088
---ebpf-pid----2088----pid-1
---ebpf-pid----2088----pid-2088
---ebpf-pid----2088----pid-1
---ebpf-pid----2088----pid-2088
---ebpf-pid----2088----pid-1
---ebpf-pid----2088----pid-2088
---ebpf-pid----2088----pid-1
---ebpf-pid----2088----pid-2088
---ebpf-pid----2088----pid-1
---ebpf-pid----2088----pid-2088
---ebpf-pid----2088----pid-1
---ebpf-pid----2088----pid-2088
---ebpf-pid----2088----pid-1
---ebpf-pid----2088----pid-2088
---ebpf-pid----2088----pid-1
---ebpf-pid----2088----pid-2088
---ebpf-pid----2088----pid-1
---ebpf-pid----2088----pid-2088
---ebpf-pid----2088----pid-1
---ebpf-pid----2088----pid-2088
---ebpf-pid----2088----pid-1
---ebpf-pid----2088----pid-2088
---ebpf-pid----2088----pid-1
---ebpf-pid----2088----pid-2088
---ebpf-pid----2088----pid-1
---ebpf-pid----2088----pid-2088
---ebpf-pid----2088----pid-1
---ebpf-pid----2088----pid-2088
---ebpf-pid----2088----pid-1
---ebpf-pid----2088----pid-2088
---ebpf-pid----2088----pid-1
---ebpf-pid----2088----pid-2088
---ebpf-pid----2088----pid-1
---ebpf-pid----2088----pid-2088
---ebpf-pid----2088----pid-1
---ebpf-pid----2088----pid-2088
---ebpf-pid----2088----pid-1
---ebpf-pid----2088----pid-2088
---ebpf-pid----2088----pid-1
---ebpf-pid----2088----pid-2088
---ebpf-pid----2088----pid-1
---ebpf-pid----2088----pid-2088
---ebpf-pid----2088----pid-1
---ebpf-pid----2088----pid-2088
---ebpf-pid----2088----pid-1
---ebpf-pid----2088----pid-2088
---ebpf-pid----2088----pid-1
---ebpf-pid----2088----pid-2088
---ebpf-pid----2088----pid-1
---ebpf-pid----2088----pid-2088
---ebpf-pid----2088----pid-1
---ebpf-pid----2088----pid-2088
---ebpf-pid----2088----pid-1
---ebpf-pid----2088----pid-2088
---ebpf-pid----2088----pid-1
---ebpf-pid----2088----pid-2088
---ebpf-pid----2088----pid-1
---ebpf-pid----2088----pid-2088
---ebpf-pid----2088----pid-1
---ebpf-pid----2088----pid-2088
---ebpf-pid----2088----pid-1
---ebpf-pid----2088----pid-2088
---ebpf-pid----2088----pid-1
---ebpf-pid----2088----pid-2088
---ebpf-pid----2088----pid-1
---ebpf-pid----2088----pid-2088
---ebpf-pid----2088----pid-1
---ebpf-pid----2088----pid-2088
---ebpf-pid----2088----pid-1
---ebpf-pid----2088----pid-2088
---ebpf-pid----2088----pid-1
---ebpf-pid----2088----pid-2088
---ebpf-pid----2088----pid-1
---ebpf-pid----2088----pid-2088
---ebpf-pid----2088----pid-1
---ebpf-pid----2088----pid-2088
---ebpf-pid----2088----pid-1
---ebpf-pid----2088----pid-2088
---ebpf-pid----2088----pid-1
---ebpf-pid----2088----pid-2088
---ebpf-pid----2088----pid-1
---ebpf-pid----2088----pid-2088
---ebpf-pid----2088----pid-1
---ebpf-pid----2088----pid-2088
---ebpf-pid----2088----pid-1
---ebpf-pid----6671----pid-6671
---ebpf-pid----6671----pid-5476
---ebpf-pid----6671----pid-1
---ebpf-pid----6671----pid-6671
---ebpf-pid----6671----pid-5476
---ebpf-pid----6671----pid-1
---ebpf-pid----6671----pid-6671
---ebpf-pid----6671----pid-5476
---ebpf-pid----6671----pid-1
---ebpf-pid----2088----pid-2088
---ebpf-pid----2088----pid-1
---ebpf-pid----2088----pid-2088
---ebpf-pid----2088----pid-1
---ebpf-pid----2088----pid-2088
---ebpf-pid----2088----pid-1
---ebpf-pid----2088----pid-2088
---ebpf-pid----2088----pid-1
---ebpf-pid----2088----pid-2088
---ebpf-pid----2088----pid-1
---ebpf-pid----2088----pid-2088
---ebpf-pid----2088----pid-1
---ebpf-pid----2088----pid-2088
---ebpf-pid----2088----pid-1
---ebpf-pid----2088----pid-2088
---ebpf-pid----2088----pid-1
---ebpf-pid----2088----pid-2088
---ebpf-pid----2088----pid-1
---ebpf-pid----2088----pid-2088
---ebpf-pid----2088----pid-1
---ebpf-pid----2088----pid-2088
---ebpf-pid----2088----pid-1
---ebpf-pid----2088----pid-2088
---ebpf-pid----2088----pid-1
---ebpf-pid----2088----pid-2088
---ebpf-pid----2088----pid-1
---ebpf-pid----2088----pid-2088
---ebpf-pid----2088----pid-1
---ebpf-pid----2088----pid-2088
---ebpf-pid----2088----pid-1
---ebpf-pid----2088----pid-2088
---ebpf-pid----2088----pid-1
---ebpf-pid----2088----pid-2088
---ebpf-pid----2088----pid-1
---ebpf-pid----2088----pid-2088
---ebpf-pid----2088----pid-1
---ebpf-pid----2088----pid-2088
---ebpf-pid----2088----pid-1
---ebpf-pid----2088----pid-2088
---ebpf-pid----2088----pid-1
---ebpf-pid----2088----pid-2088
---ebpf-pid----2088----pid-1
---ebpf-pid----2088----pid-2088
---ebpf-pid----2088----pid-1
---ebpf-pid----2088----pid-2088
---ebpf-pid----2088----pid-1
---ebpf-pid----2088----pid-2088
---ebpf-pid----2088----pid-1
---ebpf-pid----2088----pid-2088
---ebpf-pid----2088----pid-1
---ebpf-pid----2088----pid-2088
---ebpf-pid----2088----pid-1
---ebpf-pid----2088----pid-2088
---ebpf-pid----2088----pid-1
---ebpf-pid----2088----pid-2088
---ebpf-pid----2088----pid-1
---ebpf-pid----2088----pid-2088
---ebpf-pid----2088----pid-1
---ebpf-pid----2088----pid-2088
---ebpf-pid----2088----pid-1
---ebpf-pid----2088----pid-2088
---ebpf-pid----2088----pid-1
---ebpf-pid----2088----pid-2088
---ebpf-pid----2088----pid-1
---ebpf-pid----2088----pid-2088
---ebpf-pid----2088----pid-1
---ebpf-pid----2088----pid-2088
---ebpf-pid----2088----pid-1
---ebpf-pid----2088----pid-2088
---ebpf-pid----2088----pid-1
---ebpf-pid----2088----pid-2088
---ebpf-pid----2088----pid-1
---ebpf-pid----2088----pid-2088
---ebpf-pid----2088----pid-1
---ebpf-pid----448783----pid-448783
---ebpf-pid----448783----pid-448520
---ebpf-pid----448783----pid-1
---ebpf-pid----448783----pid-448783
---ebpf-pid----448783----pid-448520
---ebpf-pid----448783----pid-1
---ebpf-pid----448783----pid-448783
---ebpf-pid----448783----pid-448520
---ebpf-pid----448783----pid-1
---ebpf-pid----448783----pid-448783
---ebpf-pid----448783----pid-448520
---ebpf-pid----448783----pid-1
---ebpf-pid----448783----pid-448783
---ebpf-pid----448783----pid-448520
---ebpf-pid----448783----pid-1
---ebpf-pid----448783----pid-448783
---ebpf-pid----448783----pid-448520
---ebpf-pid----448783----pid-1
---ebpf-pid----448783----pid-448783
---ebpf-pid----448783----pid-448520
---ebpf-pid----448783----pid-1
---ebpf-pid----448783----pid-448783
---ebpf-pid----448783----pid-448520
---ebpf-pid----448783----pid-1
---ebpf-pid----448783----pid-448783
---ebpf-pid----448783----pid-448520
---ebpf-pid----448783----pid-1
---ebpf-pid----448783----pid-448783
---ebpf-pid----448783----pid-448520
---ebpf-pid----448783----pid-1
---ebpf-pid----448783----pid-448783
---ebpf-pid----448783----pid-448520
---ebpf-pid----448783----pid-1
---ebpf-pid----448783----pid-448783
---ebpf-pid----448783----pid-448520
---ebpf-pid----448783----pid-1
---ebpf-pid----448783----pid-448783
---ebpf-pid----448783----pid-448520
---ebpf-pid----448783----pid-1
---ebpf-pid----448783----pid-448783
---ebpf-pid----448783----pid-448520
---ebpf-pid----448783----pid-1
---ebpf-pid----448783----pid-448783
---ebpf-pid----448783----pid-448520
---ebpf-pid----448783----pid-1
---ebpf-pid----448783----pid-448783
---ebpf-pid----448783----pid-448520
---ebpf-pid----448783----pid-1
---ebpf-pid----448783----pid-448783
---ebpf-pid----448783----pid-448520
---ebpf-pid----448783----pid-1
---ebpf-pid----448783----pid-448783
---ebpf-pid----448783----pid-448520
---ebpf-pid----448783----pid-1
---ebpf-pid----448783----pid-448783
---ebpf-pid----448783----pid-448520
---ebpf-pid----448783----pid-1
---ebpf-pid----448783----pid-448783
---ebpf-pid----448783----pid-448520
---ebpf-pid----448783----pid-1
---ebpf-pid----448783----pid-448783
---ebpf-pid----448783----pid-448520
---ebpf-pid----448783----pid-1
---ebpf-pid----448783----pid-448783
---ebpf-pid----448783----pid-448520
---ebpf-pid----448783----pid-1
---ebpf-pid----448783----pid-448783
---ebpf-pid----448783----pid-448520
---ebpf-pid----448783----pid-1
---ebpf-pid----448783----pid-448783
---ebpf-pid----448783----pid-448520
---ebpf-pid----448783----pid-1
---ebpf-pid----448783----pid-448783
---ebpf-pid----448783----pid-448520
---ebpf-pid----448783----pid-1
---ebpf-pid----448783----pid-448783
---ebpf-pid----448783----pid-448520
---ebpf-pid----448783----pid-1
---ebpf-pid----448783----pid-448783
---ebpf-pid----448783----pid-448520
---ebpf-pid----448783----pid-1
---ebpf-pid----448783----pid-448783
---ebpf-pid----448783----pid-448520
---ebpf-pid----448783----pid-1
---ebpf-pid----448783----pid-448783
---ebpf-pid----448783----pid-448520
---ebpf-pid----448783----pid-1
---ebpf-pid----448783----pid-448783
---ebpf-pid----448783----pid-448520
---ebpf-pid----448783----pid-1
---ebpf-pid----448783----pid-448783
---ebpf-pid----448783----pid-448520
---ebpf-pid----448783----pid-1
---ebpf-pid----448783----pid-448783
---ebpf-pid----448783----pid-448520
---ebpf-pid----448783----pid-1
---ebpf-pid----448783----pid-448783
---ebpf-pid----448783----pid-448520
---ebpf-pid----448783----pid-1
---ebpf-pid----448783----pid-448783
---ebpf-pid----448783----pid-448520
---ebpf-pid----448783----pid-1
---ebpf-pid----448783----pid-448783
---ebpf-pid----448783----pid-448520
---ebpf-pid----448783----pid-1
---ebpf-pid----448783----pid-448783
---ebpf-pid----448783----pid-448520
---ebpf-pid----448783----pid-1
---ebpf-pid----448783----pid-448783
---ebpf-pid----448783----pid-448520
---ebpf-pid----448783----pid-1
---ebpf-pid----448783----pid-448783
---ebpf-pid----448783----pid-448520
---ebpf-pid----448783----pid-1
---ebpf-pid----448783----pid-448783
---ebpf-pid----448783----pid-448520
---ebpf-pid----448783----pid-1
---ebpf-pid----448783----pid-448783
---ebpf-pid----448783----pid-448520
---ebpf-pid----448783----pid-1
---ebpf-pid----448783----pid-448783
---ebpf-pid----448783----pid-448520
---ebpf-pid----448783----pid-1
---ebpf-pid----448783----pid-448783
---ebpf-pid----448783----pid-448520
---ebpf-pid----448783----pid-1
---ebpf-pid----448783----pid-448783
---ebpf-pid----448783----pid-448520
---ebpf-pid----448783----pid-1
---ebpf-pid----448783----pid-448783
---ebpf-pid----448783----pid-448520
---ebpf-pid----448783----pid-1
---ebpf-pid----448783----pid-448783
---ebpf-pid----448783----pid-448520
---ebpf-pid----448783----pid-1
---ebpf-pid----448783----pid-448783
---ebpf-pid----448783----pid-448520
---ebpf-pid----448783----pid-1
---ebpf-pid----448783----pid-448783
---ebpf-pid----448783----pid-448520
---ebpf-pid----448783----pid-1
---ebpf-pid----448783----pid-448783
---ebpf-pid----448783----pid-448520
---ebpf-pid----448783----pid-1
---ebpf-pid----448783----pid-448783
---ebpf-pid----448783----pid-448520
---ebpf-pid----448783----pid-1
---ebpf-pid----448783----pid-448783
---ebpf-pid----448783----pid-448520
---ebpf-pid----448783----pid-1
---ebpf-pid----448783----pid-448783
---ebpf-pid----448783----pid-448520
---ebpf-pid----448783----pid-1
---ebpf-pid----448783----pid-448783
---ebpf-pid----448783----pid-448520
---ebpf-pid----448783----pid-1
---ebpf-pid----448783----pid-448783
---ebpf-pid----448783----pid-448520
---ebpf-pid----448783----pid-1
---ebpf-pid----448783----pid-448783
---ebpf-pid----448783----pid-448520
---ebpf-pid----448783----pid-1
---ebpf-pid----448783----pid-448783
---ebpf-pid----448783----pid-448520
---ebpf-pid----448783----pid-1
---ebpf-pid----448783----pid-448783
---ebpf-pid----448783----pid-448520
---ebpf-pid----448783----pid-1
---ebpf-pid----448783----pid-448783
---ebpf-pid----448783----pid-448520
---ebpf-pid----448783----pid-1
---ebpf-pid----448783----pid-448783
---ebpf-pid----448783----pid-448520
---ebpf-pid----448783----pid-1
---ebpf-pid----448783----pid-448783
---ebpf-pid----448783----pid-448520
---ebpf-pid----448783----pid-1
---ebpf-pid----448783----pid-448783
---ebpf-pid----448783----pid-448520
---ebpf-pid----448783----pid-1
---ebpf-pid----448783----pid-448783
---ebpf-pid----448783----pid-448520
---ebpf-pid----448783----pid-1
---ebpf-pid----448783----pid-448783
---ebpf-pid----448783----pid-448520
---ebpf-pid----448783----pid-1
---ebpf-pid----448783----pid-448783
---ebpf-pid----448783----pid-448520
---ebpf-pid----448783----pid-1
---ebpf-pid----448783----pid-448783
---ebpf-pid----448783----pid-448520
---ebpf-pid----448783----pid-1
---ebpf-pid----448783----pid-448783
---ebpf-pid----448783----pid-448520
---ebpf-pid----448783----pid-1
---ebpf-pid----448783----pid-448783
---ebpf-pid----448783----pid-448520
---ebpf-pid----448783----pid-1
---ebpf-pid----448783----pid-448783
---ebpf-pid----448783----pid-448520
---ebpf-pid----448783----pid-1
---ebpf-pid----448783----pid-448783
---ebpf-pid----448783----pid-448520
---ebpf-pid----448783----pid-1
---ebpf-pid----448783----pid-448783
---ebpf-pid----448783----pid-448520
---ebpf-pid----448783----pid-1
---ebpf-pid----448783----pid-448783
---ebpf-pid----448783----pid-448520
---ebpf-pid----448783----pid-1
---ebpf-pid----448783----pid-448783
---ebpf-pid----448783----pid-448520
---ebpf-pid----448783----pid-1
---ebpf-pid----448783----pid-448783
---ebpf-pid----448783----pid-448520
---ebpf-pid----448783----pid-1
---ebpf-pid----448783----pid-448783
---ebpf-pid----448783----pid-448520
---ebpf-pid----448783----pid-1
---ebpf-pid----448783----pid-448783
---ebpf-pid----448783----pid-448520
---ebpf-pid----448783----pid-1
---ebpf-pid----448783----pid-448783
---ebpf-pid----448783----pid-448520
---ebpf-pid----448783----pid-1
---ebpf-pid----448783----pid-448783
---ebpf-pid----448783----pid-448520
---ebpf-pid----448783----pid-1
---ebpf-pid----448783----pid-448783
---ebpf-pid----448783----pid-448520
---ebpf-pid----448783----pid-1
---ebpf-pid----448783----pid-448783
---ebpf-pid----448783----pid-448520
---ebpf-pid----448783----pid-1
---ebpf-pid----448783----pid-448783
---ebpf-pid----448783----pid-448520
---ebpf-pid----448783----pid-1
---ebpf-pid----7313----pid-7313
---ebpf-pid----7313----pid-1
---ebpf-pid----448783----pid-448783
---ebpf-pid----448783----pid-448520
---ebpf-pid----448783----pid-1
---ebpf-pid----448783----pid-448783
---ebpf-pid----448783----pid-448520
---ebpf-pid----448783----pid-1
---ebpf-pid----448783----pid-448783
---ebpf-pid----448783----pid-448520
---ebpf-pid----448783----pid-1
---ebpf-pid----448783----pid-448783
---ebpf-pid----448783----pid-448520
---ebpf-pid----448783----pid-1
---ebpf-pid----448783----pid-448783
---ebpf-pid----448783----pid-448520
---ebpf-pid----448783----pid-1
---ebpf-pid----448783----pid-448783
---ebpf-pid----448783----pid-448520
---ebpf-pid----448783----pid-1
---ebpf-pid----448783----pid-448783
---ebpf-pid----448783----pid-448520
---ebpf-pid----448783----pid-1
---ebpf-pid----448783----pid-448783
---ebpf-pid----448783----pid-448520
---ebpf-pid----448783----pid-1
---ebpf-pid----448783----pid-448783
---ebpf-pid----448783----pid-448520
---ebpf-pid----448783----pid-1
---ebpf-pid----448783----pid-448783
---ebpf-pid----448783----pid-448520
---ebpf-pid----448783----pid-1
---ebpf-pid----448522----pid-448522
---ebpf-pid----448522----pid-1
---ebpf-pid----448522----pid-448522
---ebpf-pid----448522----pid-1
---ebpf-pid----448783----pid-448783
---ebpf-pid----448783----pid-448520
---ebpf-pid----448783----pid-1
---ebpf-pid----448783----pid-448783
---ebpf-pid----448783----pid-448520
---ebpf-pid----448783----pid-1
---ebpf-pid----448783----pid-448783
---ebpf-pid----448783----pid-448520
---ebpf-pid----448783----pid-1
---ebpf-pid----448783----pid-448783
---ebpf-pid----448783----pid-448520
---ebpf-pid----448783----pid-1
---ebpf-pid----448783----pid-448783
---ebpf-pid----448783----pid-448520
---ebpf-pid----448783----pid-1
---ebpf-pid----448783----pid-448783
---ebpf-pid----448783----pid-448520
---ebpf-pid----448783----pid-1
---ebpf-pid----448783----pid-448783
---ebpf-pid----448783----pid-448520
---ebpf-pid----448783----pid-1
---ebpf-pid----5638----pid-5638
---ebpf-pid----5638----pid-1
---ebpf-pid----5638----pid-5638
---ebpf-pid----5638----pid-1
---ebpf-pid----448783----pid-448783
---ebpf-pid----448783----pid-448520
---ebpf-pid----448783----pid-1
---ebpf-pid----448783----pid-448783
---ebpf-pid----448783----pid-448520
---ebpf-pid----448783----pid-1
---ebpf-pid----448522----pid-448522
---ebpf-pid----448522----pid-1
---ebpf-pid----5638----pid-5638
---ebpf-pid----5638----pid-1
---ebpf-pid----448783----pid-448783
---ebpf-pid----448783----pid-448520
---ebpf-pid----448783----pid-1
---ebpf-pid----448783----pid-448783
---ebpf-pid----448783----pid-448520
---ebpf-pid----448783----pid-1
---ebpf-pid----448783----pid-448783
---ebpf-pid----448783----pid-448520
---ebpf-pid----448783----pid-1
---ebpf-pid----448783----pid-448783
---ebpf-pid----448783----pid-448520
---ebpf-pid----448783----pid-1
---ebpf-pid----5638----pid-5638
---ebpf-pid----5638----pid-1
---ebpf-pid----448783----pid-448783
---ebpf-pid----448783----pid-448520
---ebpf-pid----448783----pid-1
---ebpf-pid----448783----pid-448783
---ebpf-pid----448783----pid-448520
---ebpf-pid----448783----pid-1
---ebpf-pid----448783----pid-448783
---ebpf-pid----448783----pid-448520
---ebpf-pid----448783----pid-1
---ebpf-pid----448783----pid-448783
---ebpf-pid----448783----pid-448520
---ebpf-pid----448783----pid-1
---ebpf-pid----448783----pid-448783
---ebpf-pid----448783----pid-448520
---ebpf-pid----448783----pid-1
---ebpf-pid----448783----pid-448783
---ebpf-pid----448783----pid-448520
---ebpf-pid----448783----pid-1
---ebpf-pid----448783----pid-448783
---ebpf-pid----448783----pid-448520
---ebpf-pid----448783----pid-1
---ebpf-pid----448783----pid-448783
---ebpf-pid----448783----pid-448520
---ebpf-pid----448783----pid-1
---ebpf-pid----448783----pid-448783
---ebpf-pid----448783----pid-448520
---ebpf-pid----448783----pid-1
---ebpf-pid----448783----pid-448783
---ebpf-pid----448783----pid-448520
---ebpf-pid----448783----pid-1
---ebpf-pid----448783----pid-448783
---ebpf-pid----448783----pid-448520
---ebpf-pid----448783----pid-1
---ebpf-pid----448783----pid-448783
---ebpf-pid----448783----pid-448520
---ebpf-pid----448783----pid-1
---ebpf-pid----448783----pid-448783
---ebpf-pid----448783----pid-448520
---ebpf-pid----448783----pid-1
---ebpf-pid----448783----pid-448783
---ebpf-pid----448783----pid-448520
---ebpf-pid----448783----pid-1
---ebpf-pid----448783----pid-448783
---ebpf-pid----448783----pid-448520
---ebpf-pid----448783----pid-1
---ebpf-pid----448783----pid-448783
---ebpf-pid----448783----pid-448520
---ebpf-pid----448783----pid-1
---ebpf-pid----448783----pid-448783
---ebpf-pid----448783----pid-448520
---ebpf-pid----448783----pid-1
---ebpf-pid----448783----pid-448783
---ebpf-pid----448783----pid-448520
---ebpf-pid----448783----pid-1
---ebpf-pid----448783----pid-448783
---ebpf-pid----448783----pid-448520
---ebpf-pid----448783----pid-1
---ebpf-pid----448783----pid-448783
---ebpf-pid----448783----pid-448520
---ebpf-pid----448783----pid-1
---ebpf-pid----448783----pid-448783
---ebpf-pid----448783----pid-448520
---ebpf-pid----448783----pid-1
---ebpf-pid----448783----pid-448783
---ebpf-pid----448783----pid-448520
---ebpf-pid----448783----pid-1
---ebpf-pid----448783----pid-448783
---ebpf-pid----448783----pid-448520
---ebpf-pid----448783----pid-1
---ebpf-pid----448783----pid-448783
---ebpf-pid----448783----pid-448520
---ebpf-pid----448783----pid-1
---ebpf-pid----448783----pid-448783
---ebpf-pid----448783----pid-448520
---ebpf-pid----448783----pid-1
---ebpf-pid----448783----pid-448783
---ebpf-pid----448783----pid-448520
---ebpf-pid----448783----pid-1
---ebpf-pid----448783----pid-448783
---ebpf-pid----448783----pid-448520
---ebpf-pid----448783----pid-1
---ebpf-pid----448783----pid-448783
---ebpf-pid----448783----pid-448520
---ebpf-pid----448783----pid-1
---ebpf-pid----448783----pid-448783
---ebpf-pid----448783----pid-448520
---ebpf-pid----448783----pid-1
---ebpf-pid----448783----pid-448783
---ebpf-pid----448783----pid-448520
---ebpf-pid----448783----pid-1
---ebpf-pid----448783----pid-448783
---ebpf-pid----448783----pid-448520
---ebpf-pid----448783----pid-1
---ebpf-pid----448783----pid-448783
---ebpf-pid----448783----pid-448520
---ebpf-pid----448783----pid-1
---ebpf-pid----448783----pid-448783
---ebpf-pid----448783----pid-448520
---ebpf-pid----448783----pid-1
---ebpf-pid----448783----pid-448783
---ebpf-pid----448783----pid-448520
---ebpf-pid----448783----pid-1
---ebpf-pid----448783----pid-448783
---ebpf-pid----448783----pid-448520
---ebpf-pid----448783----pid-1
---ebpf-pid----448783----pid-448783
---ebpf-pid----448783----pid-448520
---ebpf-pid----448783----pid-1
---ebpf-pid----448783----pid-448783
---ebpf-pid----448783----pid-448520
---ebpf-pid----448783----pid-1
---ebpf-pid----448783----pid-448783
---ebpf-pid----448783----pid-448520
---ebpf-pid----448783----pid-1
---ebpf-pid----14----pid-14
---ebpf-pid----14----pid-2
---ebpf-pid----448783----pid-448783
---ebpf-pid----448783----pid-448520
---ebpf-pid----448783----pid-1
---ebpf-pid----448783----pid-448783
---ebpf-pid----448783----pid-448520
---ebpf-pid----448783----pid-1
---ebpf-pid----448783----pid-448783
---ebpf-pid----448783----pid-448520
---ebpf-pid----448783----pid-1
---ebpf-pid----448783----pid-448783
---ebpf-pid----448783----pid-448520
---ebpf-pid----448783----pid-1
---ebpf-pid----448783----pid-448783
---ebpf-pid----448783----pid-448520
---ebpf-pid----448783----pid-1
---ebpf-pid----448783----pid-448783
---ebpf-pid----448783----pid-448520
---ebpf-pid----448783----pid-1
---ebpf-pid----5638----pid-5638
---ebpf-pid----5638----pid-1
---ebpf-pid----448783----pid-448783
---ebpf-pid----448783----pid-448520
---ebpf-pid----448783----pid-1
---ebpf-pid----448783----pid-448783
---ebpf-pid----448783----pid-448520
---ebpf-pid----448783----pid-1
---ebpf-pid----448783----pid-448783
---ebpf-pid----448783----pid-448520
---ebpf-pid----448783----pid-1
---ebpf-pid----448783----pid-448783
---ebpf-pid----448783----pid-448520
---ebpf-pid----448783----pid-1
---ebpf-pid----448783----pid-448783
---ebpf-pid----448783----pid-448520
---ebpf-pid----448783----pid-1
---ebpf-pid----448783----pid-448783
---ebpf-pid----448783----pid-448520
---ebpf-pid----448783----pid-1
---ebpf-pid----448783----pid-448783
---ebpf-pid----448783----pid-448520
---ebpf-pid----448783----pid-1
---ebpf-pid----448783----pid-448783
---ebpf-pid----448783----pid-448520
---ebpf-pid----448783----pid-1
---ebpf-pid----448783----pid-448783
---ebpf-pid----448783----pid-448520
---ebpf-pid----448783----pid-1
---ebpf-pid----448783----pid-448783
---ebpf-pid----448783----pid-448520
---ebpf-pid----448783----pid-1
---ebpf-pid----448783----pid-448783
---ebpf-pid----448783----pid-448520
---ebpf-pid----448783----pid-1
---ebpf-pid----448783----pid-448783
---ebpf-pid----448783----pid-448520
---ebpf-pid----448783----pid-1
---ebpf-pid----448783----pid-448783
---ebpf-pid----448783----pid-448520
---ebpf-pid----448783----pid-1
---ebpf-pid----448783----pid-448783
---ebpf-pid----448783----pid-448520
---ebpf-pid----448783----pid-1
---ebpf-pid----448783----pid-448783
---ebpf-pid----448783----pid-448520
---ebpf-pid----448783----pid-1
---ebpf-pid----448783----pid-448783
---ebpf-pid----448783----pid-448520
---ebpf-pid----448783----pid-1
---ebpf-pid----448783----pid-448783
---ebpf-pid----448783----pid-448520
---ebpf-pid----448783----pid-1
---ebpf-pid----448783----pid-448783
---ebpf-pid----448783----pid-448520
---ebpf-pid----448783----pid-1
---ebpf-pid----448783----pid-448783
---ebpf-pid----448783----pid-448520
---ebpf-pid----448783----pid-1
---ebpf-pid----448783----pid-448783
---ebpf-pid----448783----pid-448520
---ebpf-pid----448783----pid-1
---ebpf-pid----448783----pid-448783
---ebpf-pid----448783----pid-448520
---ebpf-pid----448783----pid-1
---ebpf-pid----448783----pid-448783
---ebpf-pid----448783----pid-448520
---ebpf-pid----448783----pid-1
---ebpf-pid----448783----pid-448783
---ebpf-pid----448783----pid-448520
---ebpf-pid----448783----pid-1
---ebpf-pid----448783----pid-448783
---ebpf-pid----448783----pid-448520
---ebpf-pid----448783----pid-1
---ebpf-pid----448783----pid-448783
---ebpf-pid----448783----pid-448520
---ebpf-pid----448783----pid-1
---ebpf-pid----448783----pid-448783
---ebpf-pid----448783----pid-448520
---ebpf-pid----448783----pid-1
---ebpf-pid----448783----pid-448783
---ebpf-pid----448783----pid-448520
---ebpf-pid----448783----pid-1
---ebpf-pid----448783----pid-448783
---ebpf-pid----448783----pid-448520
---ebpf-pid----448783----pid-1
---ebpf-pid----448783----pid-448783
---ebpf-pid----448783----pid-448520
---ebpf-pid----448783----pid-1
---ebpf-pid----448783----pid-448783
---ebpf-pid----448783----pid-448520
---ebpf-pid----448783----pid-1
---ebpf-pid----448783----pid-448783
---ebpf-pid----448783----pid-448520
---ebpf-pid----448783----pid-1
---ebpf-pid----448783----pid-448783
---ebpf-pid----448783----pid-448520
---ebpf-pid----448783----pid-1
---ebpf-pid----448783----pid-448783
---ebpf-pid----448783----pid-448520
---ebpf-pid----448783----pid-1
---ebpf-pid----448783----pid-448783
---ebpf-pid----448783----pid-448520
---ebpf-pid----448783----pid-1
---ebpf-pid----448783----pid-448783
---ebpf-pid----448783----pid-448520
---ebpf-pid----448783----pid-1
---ebpf-pid----448783----pid-448783
---ebpf-pid----448783----pid-448520
---ebpf-pid----448783----pid-1
---ebpf-pid----448783----pid-448783
---ebpf-pid----448783----pid-448520
---ebpf-pid----448783----pid-1
---ebpf-pid----448783----pid-448783
---ebpf-pid----448783----pid-448520
---ebpf-pid----448783----pid-1
---ebpf-pid----448783----pid-448783
---ebpf-pid----448783----pid-448520
---ebpf-pid----448783----pid-1
---ebpf-pid----448783----pid-448783
---ebpf-pid----448783----pid-448520
---ebpf-pid----448783----pid-1
---ebpf-pid----448783----pid-448783
---ebpf-pid----448783----pid-448520
---ebpf-pid----448783----pid-1
---ebpf-pid----448783----pid-448783
---ebpf-pid----448783----pid-448520
---ebpf-pid----448783----pid-1
---ebpf-pid----448783----pid-448783
---ebpf-pid----448783----pid-448520
---ebpf-pid----448783----pid-1
---ebpf-pid----448783----pid-448783
---ebpf-pid----448783----pid-448520
---ebpf-pid----448783----pid-1
---ebpf-pid----448783----pid-448783
---ebpf-pid----448783----pid-448520
---ebpf-pid----448783----pid-1
---ebpf-pid----448783----pid-448783
---ebpf-pid----448783----pid-448520
---ebpf-pid----448783----pid-1
---ebpf-pid----448783----pid-448783
---ebpf-pid----448783----pid-448520
---ebpf-pid----448783----pid-1
---ebpf-pid----14----pid-14
---ebpf-pid----14----pid-2
---ebpf-pid----14----pid-14
---ebpf-pid----14----pid-2
---ebpf-pid----448783----pid-448783
---ebpf-pid----448783----pid-448520
---ebpf-pid----448783----pid-1
---ebpf-pid----448783----pid-448783
---ebpf-pid----448783----pid-448520
---ebpf-pid----448783----pid-1
---ebpf-pid----448783----pid-448783
---ebpf-pid----448783----pid-448520
---ebpf-pid----448783----pid-1
---ebpf-pid----448783----pid-448783
---ebpf-pid----448783----pid-448520
---ebpf-pid----448783----pid-1
---ebpf-pid----448783----pid-448783
---ebpf-pid----448783----pid-448520
---ebpf-pid----448783----pid-1
---ebpf-pid----448783----pid-448783
---ebpf-pid----448783----pid-448520
---ebpf-pid----448783----pid-1
---ebpf-pid----448783----pid-448783
---ebpf-pid----448783----pid-448520
---ebpf-pid----448783----pid-1
---ebpf-pid----5637----pid-5637
---ebpf-pid----5637----pid-1
---ebpf-pid----5637----pid-5637
---ebpf-pid----5637----pid-1
---ebpf-pid----5637----pid-5637
---ebpf-pid----5637----pid-1
---ebpf-pid----5637----pid-5637
---ebpf-pid----5637----pid-1
---ebpf-pid----5637----pid-5637
---ebpf-pid----5637----pid-1
---ebpf-pid----448783----pid-448783
---ebpf-pid----448783----pid-448520
---ebpf-pid----448783----pid-1
---ebpf-pid----448783----pid-448783
---ebpf-pid----448783----pid-448520
---ebpf-pid----448783----pid-1
---ebpf-pid----448783----pid-448783
---ebpf-pid----448783----pid-448520
---ebpf-pid----448783----pid-1
---ebpf-pid----5637----pid-5637
---ebpf-pid----5637----pid-1
---ebpf-pid----448783----pid-448783
---ebpf-pid----448783----pid-448520
---ebpf-pid----448783----pid-1
---ebpf-pid----448783----pid-448783
---ebpf-pid----448783----pid-448520
---ebpf-pid----448783----pid-1
---ebpf-pid----448783----pid-448783
---ebpf-pid----448783----pid-448520
---ebpf-pid----448783----pid-1
---ebpf-pid----448522----pid-448522
---ebpf-pid----448522----pid-1
---ebpf-pid----5705----pid-5705
---ebpf-pid----5705----pid-5476
---ebpf-pid----5705----pid-1
---ebpf-pid----5705----pid-5705
---ebpf-pid----5705----pid-5476
---ebpf-pid----5705----pid-1
---ebpf-pid----2089----pid-2089
---ebpf-pid----2089----pid-1
---ebpf-pid----2089----pid-2089
---ebpf-pid----2089----pid-1
---ebpf-pid----2089----pid-2089
---ebpf-pid----2089----pid-1
---ebpf-pid----2089----pid-2089
---ebpf-pid----2089----pid-1
---ebpf-pid----2089----pid-2089
---ebpf-pid----2089----pid-1
---ebpf-pid----2089----pid-2089
---ebpf-pid----2089----pid-1
---ebpf-pid----2089----pid-2089
---ebpf-pid----2089----pid-1
---ebpf-pid----2089----pid-2089
---ebpf-pid----2089----pid-1
---ebpf-pid----2089----pid-2089
---ebpf-pid----2089----pid-1
---ebpf-pid----2089----pid-2089
---ebpf-pid----2089----pid-1
---ebpf-pid----2089----pid-2089
---ebpf-pid----2089----pid-1
---ebpf-pid----2089----pid-2089
---ebpf-pid----2089----pid-1
---ebpf-pid----2089----pid-2089
---ebpf-pid----2089----pid-1
---ebpf-pid----2089----pid-2089
---ebpf-pid----2089----pid-1
---ebpf-pid----2089----pid-2089
---ebpf-pid----2089----pid-1
---ebpf-pid----2089----pid-2089
---ebpf-pid----2089----pid-1
---ebpf-pid----2089----pid-2089
---ebpf-pid----2089----pid-1
---ebpf-pid----2089----pid-2089
---ebpf-pid----2089----pid-1
---ebpf-pid----2089----pid-2089
---ebpf-pid----2089----pid-1
---ebpf-pid----2089----pid-2089
---ebpf-pid----2089----pid-1
---ebpf-pid----2089----pid-2089
---ebpf-pid----2089----pid-1
---ebpf-pid----2089----pid-2089
---ebpf-pid----2089----pid-1
---ebpf-pid----2089----pid-2089
---ebpf-pid----2089----pid-1
---ebpf-pid----2089----pid-2089
---ebpf-pid----2089----pid-1
---ebpf-pid----2089----pid-2089
---ebpf-pid----2089----pid-1
---ebpf-pid----2089----pid-2089
---ebpf-pid----2089----pid-1
---ebpf-pid----2089----pid-2089
---ebpf-pid----2089----pid-1
---ebpf-pid----2089----pid-2089
---ebpf-pid----2089----pid-1
---ebpf-pid----2089----pid-2089
---ebpf-pid----2089----pid-1
---ebpf-pid----2089----pid-2089
---ebpf-pid----2089----pid-1
---ebpf-pid----2089----pid-2089
---ebpf-pid----2089----pid-1
---ebpf-pid----2089----pid-2089
---ebpf-pid----2089----pid-1
---ebpf-pid----2089----pid-2089
---ebpf-pid----2089----pid-1
---ebpf-pid----2089----pid-2089
---ebpf-pid----2089----pid-1
---ebpf-pid----2089----pid-2089
---ebpf-pid----2089----pid-1
---ebpf-pid----2089----pid-2089
---ebpf-pid----2089----pid-1
---ebpf-pid----2089----pid-2089
---ebpf-pid----2089----pid-1
---ebpf-pid----2089----pid-2089
---ebpf-pid----2089----pid-1
---ebpf-pid----2089----pid-2089
---ebpf-pid----2089----pid-1
---ebpf-pid----2089----pid-2089
---ebpf-pid----2089----pid-1
---ebpf-pid----2089----pid-2089
---ebpf-pid----2089----pid-1
---ebpf-pid----2089----pid-2089
---ebpf-pid----2089----pid-1
---ebpf-pid----2089----pid-2089
---ebpf-pid----2089----pid-1
---ebpf-pid----2089----pid-2089
---ebpf-pid----2089----pid-1
---ebpf-pid----2089----pid-2089
---ebpf-pid----2089----pid-1
---ebpf-pid----2089----pid-2089
---ebpf-pid----2089----pid-1
---ebpf-pid----2089----pid-2089
---ebpf-pid----2089----pid-1
---ebpf-pid----2089----pid-2089
---ebpf-pid----2089----pid-1
---ebpf-pid----2089----pid-2089
---ebpf-pid----2089----pid-1
---ebpf-pid----2089----pid-2089
---ebpf-pid----2089----pid-1
---ebpf-pid----2089----pid-2089
---ebpf-pid----2089----pid-1
---ebpf-pid----2089----pid-2089
---ebpf-pid----2089----pid-1
---ebpf-pid----2089----pid-2089
---ebpf-pid----2089----pid-1
---ebpf-pid----2089----pid-2089
---ebpf-pid----2089----pid-1
---ebpf-pid----2089----pid-2089
---ebpf-pid----2089----pid-1
---ebpf-pid----2089----pid-2089
---ebpf-pid----2089----pid-1
---ebpf-pid----2089----pid-2089
---ebpf-pid----2089----pid-1
---ebpf-pid----2089----pid-2089
---ebpf-pid----2089----pid-1
---ebpf-pid----2089----pid-2089
---ebpf-pid----2089----pid-1
---ebpf-pid----2089----pid-2089
---ebpf-pid----2089----pid-1
---ebpf-pid----2089----pid-2089
---ebpf-pid----2089----pid-1
---ebpf-pid----2089----pid-2089
---ebpf-pid----2089----pid-1
---ebpf-pid----2089----pid-2089
---ebpf-pid----2089----pid-1
---ebpf-pid----2089----pid-2089
---ebpf-pid----2089----pid-1
---ebpf-pid----2089----pid-2089
---ebpf-pid----2089----pid-1
---ebpf-pid----2089----pid-2089
---ebpf-pid----2089----pid-1
---ebpf-pid----2089----pid-2089
---ebpf-pid----2089----pid-1
---ebpf-pid----2089----pid-2089
---ebpf-pid----2089----pid-1
---ebpf-pid----2089----pid-2089
---ebpf-pid----2089----pid-1
---ebpf-pid----2089----pid-2089
---ebpf-pid----2089----pid-1
---ebpf-pid----2089----pid-2089
---ebpf-pid----2089----pid-1
---ebpf-pid----2089----pid-2089
---ebpf-pid----2089----pid-1
---ebpf-pid----2089----pid-2089
---ebpf-pid----2089----pid-1
---ebpf-pid----2089----pid-2089
---ebpf-pid----2089----pid-1
---ebpf-pid----2089----pid-2089
---ebpf-pid----2089----pid-1
---ebpf-pid----2089----pid-2089
---ebpf-pid----2089----pid-1
---ebpf-pid----2089----pid-2089
---ebpf-pid----2089----pid-1
---ebpf-pid----2089----pid-2089
---ebpf-pid----2089----pid-1
---ebpf-pid----2089----pid-2089
---ebpf-pid----2089----pid-1
---ebpf-pid----2089----pid-2089
---ebpf-pid----2089----pid-1
---ebpf-pid----2089----pid-2089
---ebpf-pid----2089----pid-1
---ebpf-pid----5705----pid-5705
---ebpf-pid----5705----pid-5476
---ebpf-pid----5705----pid-1
---ebpf-pid----5705----pid-5705
---ebpf-pid----5705----pid-5476
---ebpf-pid----5705----pid-1
---ebpf-pid----5705----pid-5705
---ebpf-pid----5705----pid-5476
---ebpf-pid----5705----pid-1
---ebpf-pid----5637----pid-5637
---ebpf-pid----5637----pid-1
---ebpf-pid----2089----pid-2089
---ebpf-pid----2089----pid-1
---ebpf-pid----2089----pid-2089
---ebpf-pid----2089----pid-1
---ebpf-pid----2089----pid-2089
---ebpf-pid----2089----pid-1
---ebpf-pid----2089----pid-2089
---ebpf-pid----2089----pid-1
---ebpf-pid----2089----pid-2089
---ebpf-pid----2089----pid-1
---ebpf-pid----2089----pid-2089
---ebpf-pid----2089----pid-1
---ebpf-pid----2089----pid-2089
---ebpf-pid----2089----pid-1
---ebpf-pid----2089----pid-2089
---ebpf-pid----2089----pid-1
---ebpf-pid----2089----pid-2089
---ebpf-pid----2089----pid-1
---ebpf-pid----2089----pid-2089
---ebpf-pid----2089----pid-1
---ebpf-pid----2089----pid-2089
---ebpf-pid----2089----pid-1
---ebpf-pid----2089----pid-2089
---ebpf-pid----2089----pid-1
---ebpf-pid----2089----pid-2089
---ebpf-pid----2089----pid-1
---ebpf-pid----2089----pid-2089
---ebpf-pid----2089----pid-1
---ebpf-pid----2089----pid-2089
---ebpf-pid----2089----pid-1
---ebpf-pid----2089----pid-2089
---ebpf-pid----2089----pid-1
---ebpf-pid----2089----pid-2089
---ebpf-pid----2089----pid-1
---ebpf-pid----2089----pid-2089
---ebpf-pid----2089----pid-1
---ebpf-pid----2089----pid-2089
---ebpf-pid----2089----pid-1
---ebpf-pid----2089----pid-2089
---ebpf-pid----2089----pid-1
---ebpf-pid----2089----pid-2089
---ebpf-pid----2089----pid-1
---ebpf-pid----2089----pid-2089
---ebpf-pid----2089----pid-1
---ebpf-pid----2089----pid-2089
---ebpf-pid----2089----pid-1
---ebpf-pid----2089----pid-2089
---ebpf-pid----2089----pid-1
---ebpf-pid----2089----pid-2089
---ebpf-pid----2089----pid-1
---ebpf-pid----2089----pid-2089
---ebpf-pid----2089----pid-1
---ebpf-pid----2089----pid-2089
---ebpf-pid----2089----pid-1
---ebpf-pid----2089----pid-2089
---ebpf-pid----2089----pid-1
---ebpf-pid----2089----pid-2089
---ebpf-pid----2089----pid-1
---ebpf-pid----2089----pid-2089
---ebpf-pid----2089----pid-1
---ebpf-pid----2089----pid-2089
---ebpf-pid----2089----pid-1
---ebpf-pid----2089----pid-2089
---ebpf-pid----2089----pid-1
---ebpf-pid----2089----pid-2089
---ebpf-pid----2089----pid-1
---ebpf-pid----5705----pid-5705
---ebpf-pid----5705----pid-5476
---ebpf-pid----5705----pid-1
---ebpf-pid----5705----pid-5705
---ebpf-pid----5705----pid-5476
---ebpf-pid----5705----pid-1
---ebpf-pid----5705----pid-5705
---ebpf-pid----5705----pid-5476
---ebpf-pid----5705----pid-1
---ebpf-pid----5705----pid-5705
---ebpf-pid----5705----pid-5476
---ebpf-pid----5705----pid-1
---ebpf-pid----5705----pid-5705
---ebpf-pid----5705----pid-5476
---ebpf-pid----5705----pid-1
---ebpf-pid----5705----pid-5705
---ebpf-pid----5705----pid-5476
---ebpf-pid----5705----pid-1
---ebpf-pid----5705----pid-5705
---ebpf-pid----5705----pid-5476
---ebpf-pid----5705----pid-1
---ebpf-pid----5705----pid-5705
---ebpf-pid----5705----pid-5476
---ebpf-pid----5705----pid-1
---ebpf-pid----5705----pid-5705
---ebpf-pid----5705----pid-5476
---ebpf-pid----5705----pid-1
---ebpf-pid----5705----pid-5705
---ebpf-pid----5705----pid-5476
---ebpf-pid----5705----pid-1
---ebpf-pid----5707----pid-5707
---ebpf-pid----5707----pid-5476
---ebpf-pid----5707----pid-1
---ebpf-pid----5707----pid-5707
---ebpf-pid----5707----pid-5476
---ebpf-pid----5707----pid-1
---ebpf-pid----5707----pid-5707
---ebpf-pid----5707----pid-5476
---ebpf-pid----5707----pid-1
---ebpf-pid----5707----pid-5707
---ebpf-pid----5707----pid-5476
---ebpf-pid----5707----pid-1
---ebpf-pid----5707----pid-5707
---ebpf-pid----5707----pid-5476
---ebpf-pid----5707----pid-1
---ebpf-pid----5707----pid-5707
---ebpf-pid----5707----pid-5476
---ebpf-pid----5707----pid-1
---ebpf-pid----5707----pid-5707
---ebpf-pid----5707----pid-5476
---ebpf-pid----5707----pid-1
---ebpf-pid----5707----pid-5707
---ebpf-pid----5707----pid-5476
---ebpf-pid----5707----pid-1
---ebpf-pid----5707----pid-5707
---ebpf-pid----5707----pid-5476
---ebpf-pid----5707----pid-1
---ebpf-pid----5705----pid-5705
---ebpf-pid----5705----pid-5476
---ebpf-pid----5705----pid-1
---ebpf-pid----5705----pid-5705
---ebpf-pid----5705----pid-5476
---ebpf-pid----5705----pid-1
---ebpf-pid----5705----pid-5705
---ebpf-pid----5705----pid-5476
---ebpf-pid----5705----pid-1
---ebpf-pid----5705----pid-5705
---ebpf-pid----5705----pid-5476
---ebpf-pid----5705----pid-1
---ebpf-pid----5705----pid-5705
---ebpf-pid----5705----pid-5476
---ebpf-pid----5705----pid-1
---ebpf-pid----5705----pid-5705
---ebpf-pid----5705----pid-5476
---ebpf-pid----5705----pid-1
---ebpf-pid----5705----pid-5705
---ebpf-pid----5705----pid-5476
---ebpf-pid----5705----pid-1
---ebpf-pid----5707----pid-5707
---ebpf-pid----5707----pid-5476
---ebpf-pid----5707----pid-1
---ebpf-pid----5707----pid-5707
---ebpf-pid----5707----pid-5476
---ebpf-pid----5707----pid-1
---ebpf-pid----448783----pid-448783
---ebpf-pid----448783----pid-448520
---ebpf-pid----448783----pid-1
---ebpf-pid----448783----pid-448783
---ebpf-pid----448783----pid-448520
---ebpf-pid----448783----pid-1
---ebpf-pid----448783----pid-448783
---ebpf-pid----448783----pid-448520
---ebpf-pid----448783----pid-1
---ebpf-pid----448783----pid-448783
---ebpf-pid----448783----pid-448520
---ebpf-pid----448783----pid-1
---ebpf-pid----5638----pid-5638
---ebpf-pid----5638----pid-1
---ebpf-pid----448783----pid-448783
---ebpf-pid----448783----pid-448520
---ebpf-pid----448783----pid-1
---ebpf-pid----448783----pid-448783
---ebpf-pid----448783----pid-448520
---ebpf-pid----448783----pid-1
---ebpf-pid----448783----pid-448783
---ebpf-pid----448783----pid-448520
---ebpf-pid----448783----pid-1
---ebpf-pid----448783----pid-448783
---ebpf-pid----448783----pid-448520
---ebpf-pid----448783----pid-1
---ebpf-pid----448783----pid-448783
---ebpf-pid----448783----pid-448520
---ebpf-pid----448783----pid-1
---ebpf-pid----448783----pid-448783
---ebpf-pid----448783----pid-448520
---ebpf-pid----448783----pid-1
---ebpf-pid----448783----pid-448783
---ebpf-pid----448783----pid-448520
---ebpf-pid----448783----pid-1
---ebpf-pid----448783----pid-448783
---ebpf-pid----448783----pid-448520
---ebpf-pid----448783----pid-1
---ebpf-pid----448783----pid-448783
---ebpf-pid----448783----pid-448520
---ebpf-pid----448783----pid-1
---ebpf-pid----448783----pid-448783
---ebpf-pid----448783----pid-448520
---ebpf-pid----448783----pid-1
---ebpf-pid----448783----pid-448783
---ebpf-pid----448783----pid-448520
---ebpf-pid----448783----pid-1
---ebpf-pid----448783----pid-448783
---ebpf-pid----448783----pid-448520
---ebpf-pid----448783----pid-1
---ebpf-pid----448783----pid-448783
---ebpf-pid----448783----pid-448520
---ebpf-pid----448783----pid-1
---ebpf-pid----4716----pid-4716
---ebpf-pid----4716----pid-3323
---ebpf-pid----4716----pid-1
---ebpf-pid----4716----pid-4716
---ebpf-pid----4716----pid-3323
---ebpf-pid----4716----pid-1
---ebpf-pid----6671----pid-6671
---ebpf-pid----6671----pid-5476
---ebpf-pid----6671----pid-1
---ebpf-pid----6671----pid-6671
---ebpf-pid----6671----pid-5476
---ebpf-pid----6671----pid-1
---ebpf-pid----6671----pid-6671
---ebpf-pid----6671----pid-5476
---ebpf-pid----6671----pid-1
---ebpf-pid----6671----pid-6671
---ebpf-pid----6671----pid-5476
---ebpf-pid----6671----pid-1
---ebpf-pid----6671----pid-6671
---ebpf-pid----6671----pid-5476
---ebpf-pid----6671----pid-1
---ebpf-pid----6671----pid-6671
---ebpf-pid----6671----pid-5476
---ebpf-pid----6671----pid-1
---ebpf-pid----6671----pid-6671
---ebpf-pid----6671----pid-5476
---ebpf-pid----6671----pid-1
---ebpf-pid----448522----pid-448522
---ebpf-pid----448522----pid-1
---ebpf-pid----4716----pid-4716
---ebpf-pid----4716----pid-3323
---ebpf-pid----4716----pid-1
---ebpf-pid----4716----pid-4716
---ebpf-pid----4716----pid-3323
---ebpf-pid----4716----pid-1
---ebpf-pid----4716----pid-4716
---ebpf-pid----4716----pid-3323
---ebpf-pid----4716----pid-1
---ebpf-pid----7313----pid-7313
---ebpf-pid----7313----pid-1
---ebpf-pid----7313----pid-7313
---ebpf-pid----7313----pid-1
---ebpf-pid----5637----pid-5637
---ebpf-pid----5637----pid-1
---ebpf-pid----448522----pid-448522
---ebpf-pid----448522----pid-1
---ebpf-pid----7313----pid-7313
---ebpf-pid----7313----pid-1
---ebpf-pid----4716----pid-4716
---ebpf-pid----4716----pid-3323
---ebpf-pid----4716----pid-1
---ebpf-pid----5637----pid-5637
---ebpf-pid----5637----pid-1
---ebpf-pid----5637----pid-5637
---ebpf-pid----5637----pid-1
---ebpf-pid----5638----pid-5638
---ebpf-pid----5638----pid-1
---ebpf-pid----4716----pid-4716
---ebpf-pid----4716----pid-3323
---ebpf-pid----4716----pid-1
---ebpf-pid----5637----pid-5637
---ebpf-pid----5637----pid-1
---ebpf-pid----4716----pid-4716
---ebpf-pid----4716----pid-3323
---ebpf-pid----4716----pid-1
---ebpf-pid----4716----pid-4716
---ebpf-pid----4716----pid-3323
---ebpf-pid----4716----pid-1
---ebpf-pid----4716----pid-4716
---ebpf-pid----4716----pid-3323
---ebpf-pid----4716----pid-1
---ebpf-pid----5637----pid-5637
---ebpf-pid----5637----pid-1
---ebpf-pid----5637----pid-5637
---ebpf-pid----5637----pid-1
---ebpf-pid----4716----pid-4716
---ebpf-pid----4716----pid-3323
---ebpf-pid----4716----pid-1
---ebpf-pid----448783----pid-448783
---ebpf-pid----448783----pid-448520
---ebpf-pid----448783----pid-1
---ebpf-pid----448783----pid-448783
---ebpf-pid----448783----pid-448520
---ebpf-pid----448783----pid-1
---ebpf-pid----448783----pid-448783
---ebpf-pid----448783----pid-448520
---ebpf-pid----448783----pid-1
---ebpf-pid----448783----pid-448783
---ebpf-pid----448783----pid-448520
---ebpf-pid----448783----pid-1
---ebpf-pid----448783----pid-448783
---ebpf-pid----448783----pid-448520
---ebpf-pid----448783----pid-1
---ebpf-pid----448783----pid-448783
---ebpf-pid----448783----pid-448520
---ebpf-pid----448783----pid-1
---ebpf-pid----448783----pid-448783
---ebpf-pid----448783----pid-448520
---ebpf-pid----448783----pid-1
---ebpf-pid----448783----pid-448783
---ebpf-pid----448783----pid-448520
---ebpf-pid----448783----pid-1
---ebpf-pid----448783----pid-448783
---ebpf-pid----448783----pid-448520
---ebpf-pid----448783----pid-1
---ebpf-pid----448783----pid-448783
---ebpf-pid----448783----pid-448520
---ebpf-pid----448783----pid-1
---ebpf-pid----448783----pid-448783
---ebpf-pid----448783----pid-448520
---ebpf-pid----448783----pid-1
---ebpf-pid----448783----pid-448783
---ebpf-pid----448783----pid-448520
---ebpf-pid----448783----pid-1
---ebpf-pid----448783----pid-448783
---ebpf-pid----448783----pid-448520
---ebpf-pid----448783----pid-1
---ebpf-pid----448783----pid-448783
---ebpf-pid----448783----pid-448520
---ebpf-pid----448783----pid-1
---ebpf-pid----448783----pid-448783
---ebpf-pid----448783----pid-448520
---ebpf-pid----448783----pid-1
---ebpf-pid----448783----pid-448783
---ebpf-pid----448783----pid-448520
---ebpf-pid----448783----pid-1
---ebpf-pid----448783----pid-448783
---ebpf-pid----448783----pid-448520
---ebpf-pid----448783----pid-1
---ebpf-pid----448783----pid-448783
---ebpf-pid----448783----pid-448520
---ebpf-pid----448783----pid-1
---ebpf-pid----448783----pid-448783
---ebpf-pid----448783----pid-448520
---ebpf-pid----448783----pid-1
---ebpf-pid----448783----pid-448783
---ebpf-pid----448783----pid-448520
---ebpf-pid----448783----pid-1
---ebpf-pid----448783----pid-448783
---ebpf-pid----448783----pid-448520
---ebpf-pid----448783----pid-1
---ebpf-pid----448783----pid-448783
---ebpf-pid----448783----pid-448520
---ebpf-pid----448783----pid-1
---ebpf-pid----448783----pid-448783
---ebpf-pid----448783----pid-448520
---ebpf-pid----448783----pid-1
---ebpf-pid----448783----pid-448783
---ebpf-pid----448783----pid-448520
---ebpf-pid----448783----pid-1
---ebpf-pid----448783----pid-448783
---ebpf-pid----448783----pid-448520
---ebpf-pid----448783----pid-1
---ebpf-pid----448783----pid-448783
---ebpf-pid----448783----pid-448520
---ebpf-pid----448783----pid-1
---ebpf-pid----448783----pid-448783
---ebpf-pid----448783----pid-448520
---ebpf-pid----448783----pid-1
---ebpf-pid----448783----pid-448783
---ebpf-pid----448783----pid-448520
---ebpf-pid----448783----pid-1
---ebpf-pid----448783----pid-448783
---ebpf-pid----448783----pid-448520
---ebpf-pid----448783----pid-1
---ebpf-pid----5638----pid-5638
---ebpf-pid----5638----pid-1
---ebpf-pid----448783----pid-448783
---ebpf-pid----448783----pid-448520
---ebpf-pid----448783----pid-1
---ebpf-pid----448783----pid-448783
---ebpf-pid----448783----pid-448520
---ebpf-pid----448783----pid-1
---ebpf-pid----448783----pid-448783
---ebpf-pid----448783----pid-448520
---ebpf-pid----448783----pid-1
---ebpf-pid----5638----pid-5638
---ebpf-pid----5638----pid-1
---ebpf-pid----5638----pid-5638
---ebpf-pid----5638----pid-1
---ebpf-pid----4716----pid-4716
---ebpf-pid----4716----pid-3323
---ebpf-pid----4716----pid-1
---ebpf-pid----4716----pid-4716
---ebpf-pid----4716----pid-3323
---ebpf-pid----4716----pid-1
---ebpf-pid----4716----pid-4716
---ebpf-pid----4716----pid-3323
---ebpf-pid----4716----pid-1
---ebpf-pid----2088----pid-2088
---ebpf-pid----2088----pid-1
---ebpf-pid----2088----pid-2088
---ebpf-pid----2088----pid-1
---ebpf-pid----2088----pid-2088
---ebpf-pid----2088----pid-1
---ebpf-pid----2088----pid-2088
---ebpf-pid----2088----pid-1
---ebpf-pid----2088----pid-2088
---ebpf-pid----2088----pid-1
---ebpf-pid----2088----pid-2088
---ebpf-pid----2088----pid-1
---ebpf-pid----2088----pid-2088
---ebpf-pid----2088----pid-1
---ebpf-pid----2088----pid-2088
---ebpf-pid----2088----pid-1
---ebpf-pid----2088----pid-2088
---ebpf-pid----2088----pid-1
---ebpf-pid----2088----pid-2088
---ebpf-pid----2088----pid-1
---ebpf-pid----2088----pid-2088
---ebpf-pid----2088----pid-1
---ebpf-pid----2088----pid-2088
---ebpf-pid----2088----pid-1
---ebpf-pid----2088----pid-2088
---ebpf-pid----2088----pid-1
---ebpf-pid----2088----pid-2088
---ebpf-pid----2088----pid-1
---ebpf-pid----2088----pid-2088
---ebpf-pid----2088----pid-1
---ebpf-pid----2088----pid-2088
---ebpf-pid----2088----pid-1
---ebpf-pid----2088----pid-2088
---ebpf-pid----2088----pid-1
---ebpf-pid----448522----pid-448522
---ebpf-pid----448522----pid-1
---ebpf-pid----7313----pid-7313
---ebpf-pid----7313----pid-1
---ebpf-pid----4716----pid-4716
---ebpf-pid----4716----pid-3323
---ebpf-pid----4716----pid-1
---ebpf-pid----4716----pid-4716
---ebpf-pid----4716----pid-3323
---ebpf-pid----4716----pid-1
---ebpf-pid----4716----pid-4716
---ebpf-pid----4716----pid-3323
---ebpf-pid----4716----pid-1
---ebpf-pid----4716----pid-4716
---ebpf-pid----4716----pid-3323
---ebpf-pid----4716----pid-1
---ebpf-pid----7313----pid-7313
---ebpf-pid----7313----pid-1
---ebpf-pid----4716----pid-4716
---ebpf-pid----4716----pid-3323
---ebpf-pid----4716----pid-1
---ebpf-pid----4716----pid-4716
---ebpf-pid----4716----pid-3323
---ebpf-pid----4716----pid-1
---ebpf-pid----4716----pid-4716
---ebpf-pid----4716----pid-3323
---ebpf-pid----4716----pid-1
---ebpf-pid----7313----pid-7313
---ebpf-pid----7313----pid-1
---ebpf-pid----7313----pid-7313
---ebpf-pid----7313----pid-1
---ebpf-pid----4716----pid-4716
---ebpf-pid----4716----pid-3323
---ebpf-pid----4716----pid-1
---ebpf-pid----4716----pid-4716
---ebpf-pid----4716----pid-3323
---ebpf-pid----4716----pid-1
---ebpf-pid----4716----pid-4716
---ebpf-pid----4716----pid-3323
---ebpf-pid----4716----pid-1
---ebpf-pid----4716----pid-4716
---ebpf-pid----4716----pid-3323
---ebpf-pid----4716----pid-1
---ebpf-pid----4716----pid-4716
---ebpf-pid----4716----pid-3323
---ebpf-pid----4716----pid-1
---ebpf-pid----448522----pid-448522
---ebpf-pid----448522----pid-1
---ebpf-pid----7313----pid-7313
---ebpf-pid----7313----pid-1
---ebpf-pid----5637----pid-5637
---ebpf-pid----5637----pid-1
---ebpf-pid----4716----pid-4716
---ebpf-pid----4716----pid-3323
---ebpf-pid----4716----pid-1
---ebpf-pid----4716----pid-4716
---ebpf-pid----4716----pid-3323
---ebpf-pid----4716----pid-1
---ebpf-pid----4716----pid-4716
---ebpf-pid----4716----pid-3323
---ebpf-pid----4716----pid-1
---ebpf-pid----4716----pid-4716
---ebpf-pid----4716----pid-3323
---ebpf-pid----4716----pid-1
---ebpf-pid----4716----pid-4716
---ebpf-pid----4716----pid-3323
---ebpf-pid----4716----pid-1
---ebpf-pid----7313----pid-7313
---ebpf-pid----7313----pid-1
---ebpf-pid----4716----pid-4716
---ebpf-pid----4716----pid-3323
---ebpf-pid----4716----pid-1
---ebpf-pid----4716----pid-4716
---ebpf-pid----4716----pid-3323
---ebpf-pid----4716----pid-1
---ebpf-pid----448522----pid-448522
---ebpf-pid----448522----pid-1
---ebpf-pid----7313----pid-7313
---ebpf-pid----7313----pid-1
---ebpf-pid----4716----pid-4716
---ebpf-pid----4716----pid-3323
---ebpf-pid----4716----pid-1
---ebpf-pid----4716----pid-4716
---ebpf-pid----4716----pid-3323
---ebpf-pid----4716----pid-1
---ebpf-pid----4716----pid-4716
---ebpf-pid----4716----pid-3323
---ebpf-pid----4716----pid-1
---ebpf-pid----4716----pid-4716
---ebpf-pid----4716----pid-3323
---ebpf-pid----4716----pid-1
---ebpf-pid----7313----pid-7313
---ebpf-pid----7313----pid-1
---ebpf-pid----4716----pid-4716
---ebpf-pid----4716----pid-3323
---ebpf-pid----4716----pid-1
---ebpf-pid----4716----pid-4716
---ebpf-pid----4716----pid-3323
---ebpf-pid----4716----pid-1
---ebpf-pid----4716----pid-4716
---ebpf-pid----4716----pid-3323
---ebpf-pid----4716----pid-1
---ebpf-pid----4716----pid-4716
---ebpf-pid----4716----pid-3323
---ebpf-pid----4716----pid-1
---ebpf-pid----4716----pid-4716
---ebpf-pid----4716----pid-3323
---ebpf-pid----4716----pid-1
---ebpf-pid----4716----pid-4716
---ebpf-pid----4716----pid-3323
---ebpf-pid----4716----pid-1
---ebpf-pid----448522----pid-448522
---ebpf-pid----448522----pid-1
---ebpf-pid----4716----pid-4716
---ebpf-pid----4716----pid-3323
---ebpf-pid----4716----pid-1
---ebpf-pid----4716----pid-4716
---ebpf-pid----4716----pid-3323
---ebpf-pid----4716----pid-1
---ebpf-pid----4716----pid-4716
---ebpf-pid----4716----pid-3323
---ebpf-pid----4716----pid-1
---ebpf-pid----4716----pid-4716
---ebpf-pid----4716----pid-3323
---ebpf-pid----4716----pid-1
---ebpf-pid----448522----pid-448522
---ebpf-pid----448522----pid-1
---ebpf-pid----448522----pid-448522
---ebpf-pid----448522----pid-1
---ebpf-pid----7313----pid-7313
---ebpf-pid----7313----pid-1
---ebpf-pid----4716----pid-4716
---ebpf-pid----4716----pid-3323
---ebpf-pid----4716----pid-1
---ebpf-pid----4716----pid-4716
---ebpf-pid----4716----pid-3323
---ebpf-pid----4716----pid-1
---ebpf-pid----4716----pid-4716
---ebpf-pid----4716----pid-3323
---ebpf-pid----4716----pid-1
---ebpf-pid----4716----pid-4716
---ebpf-pid----4716----pid-3323
---ebpf-pid----4716----pid-1
---ebpf-pid----4716----pid-4716
---ebpf-pid----4716----pid-3323
---ebpf-pid----4716----pid-1
---ebpf-pid----448522----pid-448522
---ebpf-pid----448522----pid-1
---ebpf-pid----7313----pid-7313
---ebpf-pid----7313----pid-1
---ebpf-pid----7313----pid-7313
---ebpf-pid----7313----pid-1
---ebpf-pid----7313----pid-7313
---ebpf-pid----7313----pid-1
---ebpf-pid----4716----pid-4716
---ebpf-pid----4716----pid-3323
---ebpf-pid----4716----pid-1
---ebpf-pid----4716----pid-4716
---ebpf-pid----4716----pid-3323
---ebpf-pid----4716----pid-1
---ebpf-pid----4716----pid-4716
---ebpf-pid----4716----pid-3323
---ebpf-pid----4716----pid-1
---ebpf-pid----448522----pid-448522
---ebpf-pid----448522----pid-1
---ebpf-pid----7313----pid-7313
---ebpf-pid----7313----pid-1
---ebpf-pid----7313----pid-7313
---ebpf-pid----7313----pid-1
---ebpf-pid----4716----pid-4716
---ebpf-pid----4716----pid-3323
---ebpf-pid----4716----pid-1
---ebpf-pid----4716----pid-4716
---ebpf-pid----4716----pid-3323
---ebpf-pid----4716----pid-1
---ebpf-pid----4716----pid-4716
---ebpf-pid----4716----pid-3323
---ebpf-pid----4716----pid-1
---ebpf-pid----5637----pid-5637
---ebpf-pid----5637----pid-1
---ebpf-pid----4716----pid-4716
---ebpf-pid----4716----pid-3323
---ebpf-pid----4716----pid-1
---ebpf-pid----4716----pid-4716
---ebpf-pid----4716----pid-3323
---ebpf-pid----4716----pid-1
---ebpf-pid----4716----pid-4716
---ebpf-pid----4716----pid-3323
---ebpf-pid----4716----pid-1
---ebpf-pid----4716----pid-4716
---ebpf-pid----4716----pid-3323
---ebpf-pid----4716----pid-1
---ebpf-pid----5637----pid-5637
---ebpf-pid----5637----pid-1
---ebpf-pid----4716----pid-4716
---ebpf-pid----4716----pid-3323
---ebpf-pid----4716----pid-1
---ebpf-pid----4716----pid-4716
---ebpf-pid----4716----pid-3323
---ebpf-pid----4716----pid-1
---ebpf-pid----4716----pid-4716
---ebpf-pid----4716----pid-3323
---ebpf-pid----4716----pid-1
---ebpf-pid----4716----pid-4716
---ebpf-pid----4716----pid-3323
---ebpf-pid----4716----pid-1
---ebpf-pid----448522----pid-448522
---ebpf-pid----448522----pid-1
---ebpf-pid----4716----pid-4716
---ebpf-pid----4716----pid-3323
---ebpf-pid----4716----pid-1
---ebpf-pid----4716----pid-4716
---ebpf-pid----4716----pid-3323
---ebpf-pid----4716----pid-1
---ebpf-pid----4716----pid-4716
---ebpf-pid----4716----pid-3323
---ebpf-pid----4716----pid-1
---ebpf-pid----4716----pid-4716
---ebpf-pid----4716----pid-3323
---ebpf-pid----4716----pid-1
---ebpf-pid----5638----pid-5638
---ebpf-pid----5638----pid-1
---ebpf-pid----448522----pid-448522
---ebpf-pid----448522----pid-1
---ebpf-pid----4716----pid-4716
---ebpf-pid----4716----pid-3323
---ebpf-pid----4716----pid-1
---ebpf-pid----4716----pid-4716
---ebpf-pid----4716----pid-3323
---ebpf-pid----4716----pid-1
---ebpf-pid----4716----pid-4716
---ebpf-pid----4716----pid-3323
---ebpf-pid----4716----pid-1
---ebpf-pid----4716----pid-4716
---ebpf-pid----4716----pid-3323
---ebpf-pid----4716----pid-1
---ebpf-pid----4716----pid-4716
---ebpf-pid----4716----pid-3323
---ebpf-pid----4716----pid-1
---ebpf-pid----4716----pid-4716
---ebpf-pid----4716----pid-3323
---ebpf-pid----4716----pid-1
---ebpf-pid----5637----pid-5637
---ebpf-pid----5637----pid-1
---ebpf-pid----4716----pid-4716
---ebpf-pid----4716----pid-3323
---ebpf-pid----4716----pid-1
---ebpf-pid----4716----pid-4716
---ebpf-pid----4716----pid-3323
---ebpf-pid----4716----pid-1
---ebpf-pid----5637----pid-5637
---ebpf-pid----5637----pid-1
---ebpf-pid----5637----pid-5637
---ebpf-pid----5637----pid-1
---ebpf-pid----5637----pid-5637
---ebpf-pid----5637----pid-1
---ebpf-pid----4716----pid-4716
---ebpf-pid----4716----pid-3323
---ebpf-pid----4716----pid-1
---ebpf-pid----4716----pid-4716
---ebpf-pid----4716----pid-3323
---ebpf-pid----4716----pid-1
---ebpf-pid----4716----pid-4716
---ebpf-pid----4716----pid-3323
---ebpf-pid----4716----pid-1
---ebpf-pid----4716----pid-4716
---ebpf-pid----4716----pid-3323
---ebpf-pid----4716----pid-1
---ebpf-pid----4716----pid-4716
---ebpf-pid----4716----pid-3323
---ebpf-pid----4716----pid-1
---ebpf-pid----4716----pid-4716
---ebpf-pid----4716----pid-3323
---ebpf-pid----4716----pid-1
---ebpf-pid----448522----pid-448522
---ebpf-pid----448522----pid-1
---ebpf-pid----448522----pid-448522
---ebpf-pid----448522----pid-1
---ebpf-pid----4716----pid-4716
---ebpf-pid----4716----pid-3323
---ebpf-pid----4716----pid-1
---ebpf-pid----4716----pid-4716
---ebpf-pid----4716----pid-3323
---ebpf-pid----4716----pid-1
---ebpf-pid----4716----pid-4716
---ebpf-pid----4716----pid-3323
---ebpf-pid----4716----pid-1
---ebpf-pid----4716----pid-4716
---ebpf-pid----4716----pid-3323
---ebpf-pid----4716----pid-1
---ebpf-pid----4716----pid-4716
---ebpf-pid----4716----pid-3323
---ebpf-pid----4716----pid-1
---ebpf-pid----4716----pid-4716
---ebpf-pid----4716----pid-3323
---ebpf-pid----4716----pid-1
---ebpf-pid----4716----pid-4716
---ebpf-pid----4716----pid-3323
---ebpf-pid----4716----pid-1
---ebpf-pid----4716----pid-4716
---ebpf-pid----4716----pid-3323
---ebpf-pid----4716----pid-1
---ebpf-pid----4716----pid-4716
---ebpf-pid----4716----pid-3323
---ebpf-pid----4716----pid-1
---ebpf-pid----5637----pid-5637
---ebpf-pid----5637----pid-1
---ebpf-pid----4716----pid-4716
---ebpf-pid----4716----pid-3323
---ebpf-pid----4716----pid-1
---ebpf-pid----4716----pid-4716
---ebpf-pid----4716----pid-3323
---ebpf-pid----4716----pid-1
---ebpf-pid----4716----pid-4716
---ebpf-pid----4716----pid-3323
---ebpf-pid----4716----pid-1
---ebpf-pid----4716----pid-4716
---ebpf-pid----4716----pid-3323
---ebpf-pid----4716----pid-1
---ebpf-pid----4716----pid-4716
---ebpf-pid----4716----pid-3323
---ebpf-pid----4716----pid-1
---ebpf-pid----4716----pid-4716
---ebpf-pid----4716----pid-3323
---ebpf-pid----4716----pid-1
---ebpf-pid----4716----pid-4716
---ebpf-pid----4716----pid-3323
---ebpf-pid----4716----pid-1
---ebpf-pid----448783----pid-448783
---ebpf-pid----448783----pid-448520
---ebpf-pid----448783----pid-1
---ebpf-pid----448783----pid-448783
---ebpf-pid----448783----pid-448520
---ebpf-pid----448783----pid-1
---ebpf-pid----448783----pid-448783
---ebpf-pid----448783----pid-448520
---ebpf-pid----448783----pid-1
---ebpf-pid----448783----pid-448783
---ebpf-pid----448783----pid-448520
---ebpf-pid----448783----pid-1
---ebpf-pid----448783----pid-448783
---ebpf-pid----448783----pid-448520
---ebpf-pid----448783----pid-1
---ebpf-pid----448783----pid-448783
---ebpf-pid----448783----pid-448520
---ebpf-pid----448783----pid-1
---ebpf-pid----448783----pid-448783
---ebpf-pid----448783----pid-448520
---ebpf-pid----448783----pid-1
---ebpf-pid----448783----pid-448783
---ebpf-pid----448783----pid-448520
---ebpf-pid----448783----pid-1
---ebpf-pid----448783----pid-448783
---ebpf-pid----448783----pid-448520
---ebpf-pid----448783----pid-1
---ebpf-pid----448783----pid-448783
---ebpf-pid----448783----pid-448520
---ebpf-pid----448783----pid-1
---ebpf-pid----448783----pid-448783
---ebpf-pid----448783----pid-448520
---ebpf-pid----448783----pid-1
---ebpf-pid----448783----pid-448783
---ebpf-pid----448783----pid-448520
---ebpf-pid----448783----pid-1
---ebpf-pid----448783----pid-448783
---ebpf-pid----448783----pid-448520
---ebpf-pid----448783----pid-1
---ebpf-pid----448783----pid-448783
---ebpf-pid----448783----pid-448520
---ebpf-pid----448783----pid-1
---ebpf-pid----448783----pid-448783
---ebpf-pid----448783----pid-448520
---ebpf-pid----448783----pid-1
---ebpf-pid----448783----pid-448783
---ebpf-pid----448783----pid-448520
---ebpf-pid----448783----pid-1
---ebpf-pid----448783----pid-448783
---ebpf-pid----448783----pid-448520
---ebpf-pid----448783----pid-1
---ebpf-pid----448783----pid-448783
---ebpf-pid----448783----pid-448520
---ebpf-pid----448783----pid-1
---ebpf-pid----448783----pid-448783
---ebpf-pid----448783----pid-448520
---ebpf-pid----448783----pid-1
---ebpf-pid----448783----pid-448783
---ebpf-pid----448783----pid-448520
---ebpf-pid----448783----pid-1
---ebpf-pid----448783----pid-448783
---ebpf-pid----448783----pid-448520
---ebpf-pid----448783----pid-1
---ebpf-pid----448783----pid-448783
---ebpf-pid----448783----pid-448520
---ebpf-pid----448783----pid-1
---ebpf-pid----448783----pid-448783
---ebpf-pid----448783----pid-448520
---ebpf-pid----448783----pid-1
---ebpf-pid----448783----pid-448783
---ebpf-pid----448783----pid-448520
---ebpf-pid----448783----pid-1
---ebpf-pid----448783----pid-448783
---ebpf-pid----448783----pid-448520
---ebpf-pid----448783----pid-1
---ebpf-pid----448783----pid-448783
---ebpf-pid----448783----pid-448520
---ebpf-pid----448783----pid-1
---ebpf-pid----448783----pid-448783
---ebpf-pid----448783----pid-448520
---ebpf-pid----448783----pid-1
---ebpf-pid----5638----pid-5638
---ebpf-pid----5638----pid-1
---ebpf-pid----5638----pid-5638
---ebpf-pid----5638----pid-1
---ebpf-pid----448783----pid-448783
---ebpf-pid----448783----pid-448520
---ebpf-pid----448783----pid-1
---ebpf-pid----448783----pid-448783
---ebpf-pid----448783----pid-448520
---ebpf-pid----448783----pid-1
---ebpf-pid----448783----pid-448783
---ebpf-pid----448783----pid-448520
---ebpf-pid----448783----pid-1
---ebpf-pid----448783----pid-448783
---ebpf-pid----448783----pid-448520
---ebpf-pid----448783----pid-1
---ebpf-pid----448783----pid-448783
---ebpf-pid----448783----pid-448520
---ebpf-pid----448783----pid-1
---ebpf-pid----448783----pid-448783
---ebpf-pid----448783----pid-448520
---ebpf-pid----448783----pid-1
---ebpf-pid----448783----pid-448783
---ebpf-pid----448783----pid-448520
---ebpf-pid----448783----pid-1
---ebpf-pid----5638----pid-5638
---ebpf-pid----5638----pid-1
---ebpf-pid----448522----pid-448522
---ebpf-pid----448522----pid-1
---ebpf-pid----5638----pid-5638
---ebpf-pid----5638----pid-1
---ebpf-pid----5638----pid-5638
---ebpf-pid----5638----pid-1
---ebpf-pid----4716----pid-4716
---ebpf-pid----4716----pid-3323
---ebpf-pid----4716----pid-1
---ebpf-pid----4716----pid-4716
---ebpf-pid----4716----pid-3323
---ebpf-pid----4716----pid-1
---ebpf-pid----5638----pid-5638
---ebpf-pid----5638----pid-1
---ebpf-pid----7313----pid-7313
---ebpf-pid----7313----pid-1
---ebpf-pid----4716----pid-4716
---ebpf-pid----4716----pid-3323
---ebpf-pid----4716----pid-1
---ebpf-pid----373029----pid-373029
---ebpf-pid----373029----pid-5476
---ebpf-pid----373029----pid-1
---ebpf-pid----373029----pid-373029
---ebpf-pid----373029----pid-5476
---ebpf-pid----373029----pid-1
---ebpf-pid----373029----pid-373029
---ebpf-pid----373029----pid-5476
---ebpf-pid----373029----pid-1
---ebpf-pid----373029----pid-373029
---ebpf-pid----373029----pid-5476
---ebpf-pid----373029----pid-1
---ebpf-pid----373029----pid-373029
---ebpf-pid----373029----pid-5476
---ebpf-pid----373029----pid-1
---ebpf-pid----373029----pid-373029
---ebpf-pid----373029----pid-5476
---ebpf-pid----373029----pid-1
---ebpf-pid----373029----pid-373029
---ebpf-pid----373029----pid-5476
---ebpf-pid----373029----pid-1
---ebpf-pid----373029----pid-373029
---ebpf-pid----373029----pid-5476
---ebpf-pid----373029----pid-1
---ebpf-pid----373029----pid-373029
---ebpf-pid----373029----pid-5476
---ebpf-pid----373029----pid-1
---ebpf-pid----373029----pid-373029
---ebpf-pid----373029----pid-5476
---ebpf-pid----373029----pid-1
---ebpf-pid----373029----pid-373029
---ebpf-pid----373029----pid-5476
---ebpf-pid----373029----pid-1
---ebpf-pid----373029----pid-373029
---ebpf-pid----373029----pid-5476
---ebpf-pid----373029----pid-1
---ebpf-pid----5638----pid-5638
---ebpf-pid----5638----pid-1
---ebpf-pid----4716----pid-4716
---ebpf-pid----4716----pid-3323
---ebpf-pid----4716----pid-1
---ebpf-pid----4716----pid-4716
---ebpf-pid----4716----pid-3323
---ebpf-pid----4716----pid-1
---ebpf-pid----4716----pid-4716
---ebpf-pid----4716----pid-3323
---ebpf-pid----4716----pid-1
---ebpf-pid----4716----pid-4716
---ebpf-pid----4716----pid-3323
---ebpf-pid----4716----pid-1
---ebpf-pid----4716----pid-4716
---ebpf-pid----4716----pid-3323
---ebpf-pid----4716----pid-1
---ebpf-pid----4716----pid-4716
---ebpf-pid----4716----pid-3323
---ebpf-pid----4716----pid-1
---ebpf-pid----4716----pid-4716
---ebpf-pid----4716----pid-3323
---ebpf-pid----4716----pid-1
---ebpf-pid----4716----pid-4716
---ebpf-pid----4716----pid-3323
---ebpf-pid----4716----pid-1
---ebpf-pid----4716----pid-4716
---ebpf-pid----4716----pid-3323
---ebpf-pid----4716----pid-1
---ebpf-pid----448522----pid-448522
---ebpf-pid----448522----pid-1
---ebpf-pid----7313----pid-7313
---ebpf-pid----7313----pid-1
---ebpf-pid----4716----pid-4716
---ebpf-pid----4716----pid-3323
---ebpf-pid----4716----pid-1
---ebpf-pid----4716----pid-4716
---ebpf-pid----4716----pid-3323
---ebpf-pid----4716----pid-1
---ebpf-pid----4716----pid-4716
---ebpf-pid----4716----pid-3323
---ebpf-pid----4716----pid-1
---ebpf-pid----4716----pid-4716
---ebpf-pid----4716----pid-3323
---ebpf-pid----4716----pid-1
---ebpf-pid----448783----pid-448783
---ebpf-pid----448783----pid-448520
---ebpf-pid----448783----pid-1
---ebpf-pid----448783----pid-448783
---ebpf-pid----448783----pid-448520
---ebpf-pid----448783----pid-1
---ebpf-pid----448783----pid-448783
---ebpf-pid----448783----pid-448520
---ebpf-pid----448783----pid-1
---ebpf-pid----448783----pid-448783
---ebpf-pid----448783----pid-448520
---ebpf-pid----448783----pid-1
---ebpf-pid----448783----pid-448783
---ebpf-pid----448783----pid-448520
---ebpf-pid----448783----pid-1
---ebpf-pid----448783----pid-448783
---ebpf-pid----448783----pid-448520
---ebpf-pid----448783----pid-1
---ebpf-pid----448783----pid-448783
---ebpf-pid----448783----pid-448520
---ebpf-pid----448783----pid-1
---ebpf-pid----448783----pid-448783
---ebpf-pid----448783----pid-448520
---ebpf-pid----448783----pid-1
---ebpf-pid----7313----pid-7313
---ebpf-pid----7313----pid-1
---ebpf-pid----448783----pid-448783
---ebpf-pid----448783----pid-448520
---ebpf-pid----448783----pid-1
---ebpf-pid----448783----pid-448783
---ebpf-pid----448783----pid-448520
---ebpf-pid----448783----pid-1
---ebpf-pid----448783----pid-448783
---ebpf-pid----448783----pid-448520
---ebpf-pid----448783----pid-1
---ebpf-pid----448783----pid-448783
---ebpf-pid----448783----pid-448520
---ebpf-pid----448783----pid-1
---ebpf-pid----448783----pid-448783
---ebpf-pid----448783----pid-448520
---ebpf-pid----448783----pid-1
---ebpf-pid----448783----pid-448783
---ebpf-pid----448783----pid-448520
---ebpf-pid----448783----pid-1
---ebpf-pid----448783----pid-448783
---ebpf-pid----448783----pid-448520
---ebpf-pid----448783----pid-1
---ebpf-pid----448783----pid-448783
---ebpf-pid----448783----pid-448520
---ebpf-pid----448783----pid-1
---ebpf-pid----448783----pid-448783
---ebpf-pid----448783----pid-448520
---ebpf-pid----448783----pid-1
---ebpf-pid----448783----pid-448783
---ebpf-pid----448783----pid-448520
---ebpf-pid----448783----pid-1
---ebpf-pid----448783----pid-448783
---ebpf-pid----448783----pid-448520
---ebpf-pid----448783----pid-1
---ebpf-pid----448783----pid-448783
---ebpf-pid----448783----pid-448520
---ebpf-pid----448783----pid-1
---ebpf-pid----448783----pid-448783
---ebpf-pid----448783----pid-448520
---ebpf-pid----448783----pid-1
---ebpf-pid----448783----pid-448783
---ebpf-pid----448783----pid-448520
---ebpf-pid----448783----pid-1
---ebpf-pid----448783----pid-448783
---ebpf-pid----448783----pid-448520
---ebpf-pid----448783----pid-1
---ebpf-pid----7313----pid-7313
---ebpf-pid----7313----pid-1
---ebpf-pid----448783----pid-448783
---ebpf-pid----448783----pid-448520
---ebpf-pid----448783----pid-1
---ebpf-pid----448783----pid-448783
---ebpf-pid----448783----pid-448520
---ebpf-pid----448783----pid-1
---ebpf-pid----448783----pid-448783
---ebpf-pid----448783----pid-448520
---ebpf-pid----448783----pid-1
---ebpf-pid----448783----pid-448783
---ebpf-pid----448783----pid-448520
---ebpf-pid----448783----pid-1
---ebpf-pid----448783----pid-448783
---ebpf-pid----448783----pid-448520
---ebpf-pid----448783----pid-1
---ebpf-pid----448783----pid-448783
---ebpf-pid----448783----pid-448520
---ebpf-pid----448783----pid-1
---ebpf-pid----448783----pid-448783
---ebpf-pid----448783----pid-448520
---ebpf-pid----448783----pid-1
---ebpf-pid----448783----pid-448783
---ebpf-pid----448783----pid-448520
---ebpf-pid----448783----pid-1
---ebpf-pid----448783----pid-448783
---ebpf-pid----448783----pid-448520
---ebpf-pid----448783----pid-1
---ebpf-pid----448783----pid-448783
---ebpf-pid----448783----pid-448520
---ebpf-pid----448783----pid-1
---ebpf-pid----448783----pid-448783
---ebpf-pid----448783----pid-448520
---ebpf-pid----448783----pid-1
---ebpf-pid----448783----pid-448783
---ebpf-pid----448783----pid-448520
---ebpf-pid----448783----pid-1
---ebpf-pid----448783----pid-448783
---ebpf-pid----448783----pid-448520
---ebpf-pid----448783----pid-1
---ebpf-pid----448783----pid-448783
---ebpf-pid----448783----pid-448520
---ebpf-pid----448783----pid-1
---ebpf-pid----448783----pid-448783
---ebpf-pid----448783----pid-448520
---ebpf-pid----448783----pid-1
---ebpf-pid----448522----pid-448522
---ebpf-pid----448522----pid-1
---ebpf-pid----448783----pid-448783
---ebpf-pid----448783----pid-448520
---ebpf-pid----448783----pid-1
---ebpf-pid----448783----pid-448783
---ebpf-pid----448783----pid-448520
---ebpf-pid----448783----pid-1
---ebpf-pid----448783----pid-448783
---ebpf-pid----448783----pid-448520
---ebpf-pid----448783----pid-1
---ebpf-pid----448783----pid-448783
---ebpf-pid----448783----pid-448520
---ebpf-pid----448783----pid-1
---ebpf-pid----448783----pid-448783
---ebpf-pid----448783----pid-448520
---ebpf-pid----448783----pid-1
---ebpf-pid----448783----pid-448783
---ebpf-pid----448783----pid-448520
---ebpf-pid----448783----pid-1
---ebpf-pid----448783----pid-448783
---ebpf-pid----448783----pid-448520
---ebpf-pid----448783----pid-1
---ebpf-pid----448783----pid-448783
---ebpf-pid----448783----pid-448520
---ebpf-pid----448783----pid-1
---ebpf-pid----448783----pid-448783
---ebpf-pid----448783----pid-448520
---ebpf-pid----448783----pid-1
---ebpf-pid----448783----pid-448783
---ebpf-pid----448783----pid-448520
---ebpf-pid----448783----pid-1
---ebpf-pid----448783----pid-448783
---ebpf-pid----448783----pid-448520
---ebpf-pid----448783----pid-1
---ebpf-pid----7313----pid-7313
---ebpf-pid----7313----pid-1
---ebpf-pid----5637----pid-5637
---ebpf-pid----5637----pid-1
---ebpf-pid----5637----pid-5637
---ebpf-pid----5637----pid-1
---ebpf-pid----4716----pid-4716
---ebpf-pid----4716----pid-3323
---ebpf-pid----4716----pid-1
---ebpf-pid----4716----pid-4716
---ebpf-pid----4716----pid-3323
---ebpf-pid----4716----pid-1
---ebpf-pid----5637----pid-5637
---ebpf-pid----5637----pid-1
---ebpf-pid----5637----pid-5637
---ebpf-pid----5637----pid-1
---ebpf-pid----4716----pid-4716
---ebpf-pid----4716----pid-3323
---ebpf-pid----4716----pid-1
---ebpf-pid----4716----pid-4716
---ebpf-pid----4716----pid-3323
---ebpf-pid----4716----pid-1
---ebpf-pid----4716----pid-4716
---ebpf-pid----4716----pid-3323
---ebpf-pid----4716----pid-1
---ebpf-pid----4716----pid-4716
---ebpf-pid----4716----pid-3323
---ebpf-pid----4716----pid-1
---ebpf-pid----4716----pid-4716
---ebpf-pid----4716----pid-3323
---ebpf-pid----4716----pid-1
---ebpf-pid----4716----pid-4716
---ebpf-pid----4716----pid-3323
---ebpf-pid----4716----pid-1
---ebpf-pid----4716----pid-4716
---ebpf-pid----4716----pid-3323
---ebpf-pid----4716----pid-1
---ebpf-pid----5637----pid-5637
---ebpf-pid----5637----pid-1
---ebpf-pid----4716----pid-4716
---ebpf-pid----4716----pid-3323
---ebpf-pid----4716----pid-1
---ebpf-pid----4716----pid-4716
---ebpf-pid----4716----pid-3323
---ebpf-pid----4716----pid-1
---ebpf-pid----4716----pid-4716
---ebpf-pid----4716----pid-3323
---ebpf-pid----4716----pid-1
---ebpf-pid----4716----pid-4716
---ebpf-pid----4716----pid-3323
---ebpf-pid----4716----pid-1
---ebpf-pid----5637----pid-5637
---ebpf-pid----5637----pid-1
---ebpf-pid----5637----pid-5637
---ebpf-pid----5637----pid-1
---ebpf-pid----4716----pid-4716
---ebpf-pid----4716----pid-3323
---ebpf-pid----4716----pid-1
---ebpf-pid----4716----pid-4716
---ebpf-pid----4716----pid-3323
---ebpf-pid----4716----pid-1
---ebpf-pid----4716----pid-4716
---ebpf-pid----4716----pid-3323
---ebpf-pid----4716----pid-1
---ebpf-pid----4716----pid-4716
---ebpf-pid----4716----pid-3323
---ebpf-pid----4716----pid-1
---ebpf-pid----4716----pid-4716
---ebpf-pid----4716----pid-3323
---ebpf-pid----4716----pid-1
---ebpf-pid----4716----pid-4716
---ebpf-pid----4716----pid-3323
---ebpf-pid----4716----pid-1
---ebpf-pid----4716----pid-4716
---ebpf-pid----4716----pid-3323
---ebpf-pid----4716----pid-1
---ebpf-pid----4716----pid-4716
---ebpf-pid----4716----pid-3323
---ebpf-pid----4716----pid-1
---ebpf-pid----448522----pid-448522
---ebpf-pid----448522----pid-1
---ebpf-pid----5637----pid-5637
---ebpf-pid----5637----pid-1
---ebpf-pid----5637----pid-5637
---ebpf-pid----5637----pid-1
---ebpf-pid----4716----pid-4716
---ebpf-pid----4716----pid-3323
---ebpf-pid----4716----pid-1
---ebpf-pid----4716----pid-4716
---ebpf-pid----4716----pid-3323
---ebpf-pid----4716----pid-1
---ebpf-pid----4716----pid-4716
---ebpf-pid----4716----pid-3323
---ebpf-pid----4716----pid-1
---ebpf-pid----5637----pid-5637
---ebpf-pid----5637----pid-1
---ebpf-pid----4716----pid-4716
---ebpf-pid----4716----pid-3323
---ebpf-pid----4716----pid-1
---ebpf-pid----4716----pid-4716
---ebpf-pid----4716----pid-3323
---ebpf-pid----4716----pid-1
---ebpf-pid----5637----pid-5637
---ebpf-pid----5637----pid-1
---ebpf-pid----5637----pid-5637
---ebpf-pid----5637----pid-1
---ebpf-pid----4716----pid-4716
---ebpf-pid----4716----pid-3323
---ebpf-pid----4716----pid-1
---ebpf-pid----4716----pid-4716
---ebpf-pid----4716----pid-3323
---ebpf-pid----4716----pid-1
---ebpf-pid----5637----pid-5637
---ebpf-pid----5637----pid-1
---ebpf-pid----4716----pid-4716
---ebpf-pid----4716----pid-3323
---ebpf-pid----4716----pid-1
---ebpf-pid----4716----pid-4716
---ebpf-pid----4716----pid-3323
---ebpf-pid----4716----pid-1
---ebpf-pid----5638----pid-5638
---ebpf-pid----5638----pid-1
---ebpf-pid----4716----pid-4716
---ebpf-pid----4716----pid-3323
---ebpf-pid----4716----pid-1
---ebpf-pid----4716----pid-4716
---ebpf-pid----4716----pid-3323
---ebpf-pid----4716----pid-1
---ebpf-pid----4716----pid-4716
---ebpf-pid----4716----pid-3323
---ebpf-pid----4716----pid-1
---ebpf-pid----4716----pid-4716
---ebpf-pid----4716----pid-3323
---ebpf-pid----4716----pid-1
---ebpf-pid----448783----pid-448783
---ebpf-pid----448783----pid-448520
---ebpf-pid----448783----pid-1
---ebpf-pid----448783----pid-448783
---ebpf-pid----448783----pid-448520
---ebpf-pid----448783----pid-1
---ebpf-pid----448783----pid-448783
---ebpf-pid----448783----pid-448520
---ebpf-pid----448783----pid-1
---ebpf-pid----448783----pid-448783
---ebpf-pid----448783----pid-448520
---ebpf-pid----448783----pid-1
---ebpf-pid----448783----pid-448783
---ebpf-pid----448783----pid-448520
---ebpf-pid----448783----pid-1
---ebpf-pid----448783----pid-448783
---ebpf-pid----448783----pid-448520
---ebpf-pid----448783----pid-1
---ebpf-pid----448783----pid-448783
---ebpf-pid----448783----pid-448520
---ebpf-pid----448783----pid-1
---ebpf-pid----448783----pid-448783
---ebpf-pid----448783----pid-448520
---ebpf-pid----448783----pid-1
---ebpf-pid----448783----pid-448783
---ebpf-pid----448783----pid-448520
---ebpf-pid----448783----pid-1
---ebpf-pid----448783----pid-448783
---ebpf-pid----448783----pid-448520
---ebpf-pid----448783----pid-1
---ebpf-pid----448783----pid-448783
---ebpf-pid----448783----pid-448520
---ebpf-pid----448783----pid-1
---ebpf-pid----448783----pid-448783
---ebpf-pid----448783----pid-448520
---ebpf-pid----448783----pid-1
---ebpf-pid----448783----pid-448783
---ebpf-pid----448783----pid-448520
---ebpf-pid----448783----pid-1
---ebpf-pid----448783----pid-448783
---ebpf-pid----448783----pid-448520
---ebpf-pid----448783----pid-1
---ebpf-pid----448783----pid-448783
---ebpf-pid----448783----pid-448520
---ebpf-pid----448783----pid-1
---ebpf-pid----5638----pid-5638
---ebpf-pid----5638----pid-1
---ebpf-pid----5638----pid-5638
---ebpf-pid----5638----pid-1
---ebpf-pid----5638----pid-5638
---ebpf-pid----5638----pid-1
---ebpf-pid----5638----pid-5638
---ebpf-pid----5638----pid-1
---ebpf-pid----5637----pid-5637
---ebpf-pid----5637----pid-1
---ebpf-pid----448522----pid-448522
---ebpf-pid----448522----pid-1
---ebpf-pid----5638----pid-5638
---ebpf-pid----5638----pid-1
---ebpf-pid----5638----pid-5638
---ebpf-pid----5638----pid-1
---ebpf-pid----4716----pid-4716
---ebpf-pid----4716----pid-3323
---ebpf-pid----4716----pid-1
---ebpf-pid----4716----pid-4716
---ebpf-pid----4716----pid-3323
---ebpf-pid----4716----pid-1
---ebpf-pid----4716----pid-4716
---ebpf-pid----4716----pid-3323
---ebpf-pid----4716----pid-1
---ebpf-pid----4716----pid-4716
---ebpf-pid----4716----pid-3323
---ebpf-pid----4716----pid-1
---ebpf-pid----4716----pid-4716
---ebpf-pid----4716----pid-3323
---ebpf-pid----4716----pid-1
---ebpf-pid----4716----pid-4716
---ebpf-pid----4716----pid-3323
---ebpf-pid----4716----pid-1
---ebpf-pid----448783----pid-448783
---ebpf-pid----448783----pid-448520
---ebpf-pid----448783----pid-1
---ebpf-pid----448783----pid-448783
---ebpf-pid----448783----pid-448520
---ebpf-pid----448783----pid-1
---ebpf-pid----448783----pid-448783
---ebpf-pid----448783----pid-448520
---ebpf-pid----448783----pid-1
---ebpf-pid----448783----pid-448783
---ebpf-pid----448783----pid-448520
---ebpf-pid----448783----pid-1
---ebpf-pid----448783----pid-448783
---ebpf-pid----448783----pid-448520
---ebpf-pid----448783----pid-1
---ebpf-pid----448783----pid-448783
---ebpf-pid----448783----pid-448520
---ebpf-pid----448783----pid-1
---ebpf-pid----448783----pid-448783
---ebpf-pid----448783----pid-448520
---ebpf-pid----448783----pid-1
---ebpf-pid----4716----pid-4716
---ebpf-pid----4716----pid-3323
---ebpf-pid----4716----pid-1
---ebpf-pid----448522----pid-448522
---ebpf-pid----448522----pid-1
---ebpf-pid----5638----pid-5638
---ebpf-pid----5638----pid-1
---ebpf-pid----4716----pid-4716
---ebpf-pid----4716----pid-3323
---ebpf-pid----4716----pid-1
---ebpf-pid----4716----pid-4716
---ebpf-pid----4716----pid-3323
---ebpf-pid----4716----pid-1
---ebpf-pid----5638----pid-5638
---ebpf-pid----5638----pid-1
---ebpf-pid----5638----pid-5638
---ebpf-pid----5638----pid-1
---ebpf-pid----4716----pid-4716
---ebpf-pid----4716----pid-3323
---ebpf-pid----4716----pid-1
---ebpf-pid----5638----pid-5638
---ebpf-pid----5638----pid-1
---ebpf-pid----4716----pid-4716
---ebpf-pid----4716----pid-3323
---ebpf-pid----4716----pid-1
---ebpf-pid----4716----pid-4716
---ebpf-pid----4716----pid-3323
---ebpf-pid----4716----pid-1
---ebpf-pid----448783----pid-448783
---ebpf-pid----448783----pid-448520
---ebpf-pid----448783----pid-1
---ebpf-pid----448783----pid-448783
---ebpf-pid----448783----pid-448520
---ebpf-pid----448783----pid-1
---ebpf-pid----448783----pid-448783
---ebpf-pid----448783----pid-448520
---ebpf-pid----448783----pid-1
---ebpf-pid----448783----pid-448783
---ebpf-pid----448783----pid-448520
---ebpf-pid----448783----pid-1
---ebpf-pid----448783----pid-448783
---ebpf-pid----448783----pid-448520
---ebpf-pid----448783----pid-1
---ebpf-pid----448783----pid-448783
---ebpf-pid----448783----pid-448520
---ebpf-pid----448783----pid-1
---ebpf-pid----448783----pid-448783
---ebpf-pid----448783----pid-448520
---ebpf-pid----448783----pid-1
---ebpf-pid----448783----pid-448783
---ebpf-pid----448783----pid-448520
---ebpf-pid----448783----pid-1
---ebpf-pid----448783----pid-448783
---ebpf-pid----448783----pid-448520
---ebpf-pid----448783----pid-1
---ebpf-pid----448783----pid-448783
---ebpf-pid----448783----pid-448520
---ebpf-pid----448783----pid-1
---ebpf-pid----448783----pid-448783
---ebpf-pid----448783----pid-448520
---ebpf-pid----448783----pid-1
---ebpf-pid----448783----pid-448783
---ebpf-pid----448783----pid-448520
---ebpf-pid----448783----pid-1
---ebpf-pid----448783----pid-448783
---ebpf-pid----448783----pid-448520
---ebpf-pid----448783----pid-1
---ebpf-pid----448783----pid-448783
---ebpf-pid----448783----pid-448520
---ebpf-pid----448783----pid-1
---ebpf-pid----448783----pid-448783
---ebpf-pid----448783----pid-448520
---ebpf-pid----448783----pid-1
---ebpf-pid----448783----pid-448783
---ebpf-pid----448783----pid-448520
---ebpf-pid----448783----pid-1
---ebpf-pid----448783----pid-448783
---ebpf-pid----448783----pid-448520
---ebpf-pid----448783----pid-1
---ebpf-pid----448783----pid-448783
---ebpf-pid----448783----pid-448520
---ebpf-pid----448783----pid-1
---ebpf-pid----448783----pid-448783
---ebpf-pid----448783----pid-448520
---ebpf-pid----448783----pid-1
---ebpf-pid----448783----pid-448783
---ebpf-pid----448783----pid-448520
---ebpf-pid----448783----pid-1
---ebpf-pid----448783----pid-448783
---ebpf-pid----448783----pid-448520
---ebpf-pid----448783----pid-1
---ebpf-pid----448783----pid-448783
---ebpf-pid----448783----pid-448520
---ebpf-pid----448783----pid-1
---ebpf-pid----448783----pid-448783
---ebpf-pid----448783----pid-448520
---ebpf-pid----448783----pid-1
---ebpf-pid----448783----pid-448783
---ebpf-pid----448783----pid-448520
---ebpf-pid----448783----pid-1
---ebpf-pid----448783----pid-448783
---ebpf-pid----448783----pid-448520
---ebpf-pid----448783----pid-1
---ebpf-pid----448783----pid-448783
---ebpf-pid----448783----pid-448520
---ebpf-pid----448783----pid-1
---ebpf-pid----448783----pid-448783
---ebpf-pid----448783----pid-448520
---ebpf-pid----448783----pid-1
---ebpf-pid----448783----pid-448783
---ebpf-pid----448783----pid-448520
---ebpf-pid----448783----pid-1
---ebpf-pid----448783----pid-448783
---ebpf-pid----448783----pid-448520
---ebpf-pid----448783----pid-1
---ebpf-pid----448783----pid-448783
---ebpf-pid----448783----pid-448520
---ebpf-pid----448783----pid-1
---ebpf-pid----448783----pid-448783
---ebpf-pid----448783----pid-448520
---ebpf-pid----448783----pid-1
---ebpf-pid----4716----pid-4716
---ebpf-pid----4716----pid-3323
---ebpf-pid----4716----pid-1
---ebpf-pid----4716----pid-4716
---ebpf-pid----4716----pid-3323
---ebpf-pid----4716----pid-1
---ebpf-pid----5637----pid-5637
---ebpf-pid----5637----pid-1
---ebpf-pid----4716----pid-4716
---ebpf-pid----4716----pid-3323
---ebpf-pid----4716----pid-1
---ebpf-pid----4716----pid-4716
---ebpf-pid----4716----pid-3323
---ebpf-pid----4716----pid-1
---ebpf-pid----5637----pid-5637
---ebpf-pid----5637----pid-1
---ebpf-pid----4716----pid-4716
---ebpf-pid----4716----pid-3323
---ebpf-pid----4716----pid-1
---ebpf-pid----5637----pid-5637
---ebpf-pid----5637----pid-1
---ebpf-pid----4716----pid-4716
---ebpf-pid----4716----pid-3323
---ebpf-pid----4716----pid-1
---ebpf-pid----4716----pid-4716
---ebpf-pid----4716----pid-3323
---ebpf-pid----4716----pid-1
---ebpf-pid----448522----pid-448522
---ebpf-pid----448522----pid-1
---ebpf-pid----5637----pid-5637
---ebpf-pid----5637----pid-1
---ebpf-pid----4716----pid-4716
---ebpf-pid----4716----pid-3323
---ebpf-pid----4716----pid-1
---ebpf-pid----4716----pid-4716
---ebpf-pid----4716----pid-3323
---ebpf-pid----4716----pid-1
---ebpf-pid----5637----pid-5637
---ebpf-pid----5637----pid-1
---ebpf-pid----4716----pid-4716
---ebpf-pid----4716----pid-3323
---ebpf-pid----4716----pid-1
---ebpf-pid----4716----pid-4716
---ebpf-pid----4716----pid-3323
---ebpf-pid----4716----pid-1
---ebpf-pid----4716----pid-4716
---ebpf-pid----4716----pid-3323
---ebpf-pid----4716----pid-1
---ebpf-pid----448783----pid-448783
---ebpf-pid----448783----pid-448520
---ebpf-pid----448783----pid-1
---ebpf-pid----448783----pid-448783
---ebpf-pid----448783----pid-448520
---ebpf-pid----448783----pid-1
---ebpf-pid----448783----pid-448783
---ebpf-pid----448783----pid-448520
---ebpf-pid----448783----pid-1
---ebpf-pid----448783----pid-448783
---ebpf-pid----448783----pid-448520
---ebpf-pid----448783----pid-1
---ebpf-pid----448783----pid-448783
---ebpf-pid----448783----pid-448520
---ebpf-pid----448783----pid-1
---ebpf-pid----448783----pid-448783
---ebpf-pid----448783----pid-448520
---ebpf-pid----448783----pid-1
---ebpf-pid----448783----pid-448783
---ebpf-pid----448783----pid-448520
---ebpf-pid----448783----pid-1
---ebpf-pid----448783----pid-448783
---ebpf-pid----448783----pid-448520
---ebpf-pid----448783----pid-1
---ebpf-pid----448783----pid-448783
---ebpf-pid----448783----pid-448520
---ebpf-pid----448783----pid-1
---ebpf-pid----448783----pid-448783
---ebpf-pid----448783----pid-448520
---ebpf-pid----448783----pid-1
---ebpf-pid----448783----pid-448783
---ebpf-pid----448783----pid-448520
---ebpf-pid----448783----pid-1
---ebpf-pid----448783----pid-448783
---ebpf-pid----448783----pid-448520
---ebpf-pid----448783----pid-1
---ebpf-pid----448783----pid-448783
---ebpf-pid----448783----pid-448520
---ebpf-pid----448783----pid-1
---ebpf-pid----448783----pid-448783
---ebpf-pid----448783----pid-448520
---ebpf-pid----448783----pid-1
---ebpf-pid----448783----pid-448783
---ebpf-pid----448783----pid-448520
---ebpf-pid----448783----pid-1
---ebpf-pid----448783----pid-448783
---ebpf-pid----448783----pid-448520
---ebpf-pid----448783----pid-1
---ebpf-pid----5637----pid-5637
---ebpf-pid----5637----pid-1
---ebpf-pid----448783----pid-448783
---ebpf-pid----448783----pid-448520
---ebpf-pid----448783----pid-1
---ebpf-pid----448783----pid-448783
---ebpf-pid----448783----pid-448520
---ebpf-pid----448783----pid-1
---ebpf-pid----448783----pid-448783
---ebpf-pid----448783----pid-448520
---ebpf-pid----448783----pid-1
---ebpf-pid----448783----pid-448783
---ebpf-pid----448783----pid-448520
---ebpf-pid----448783----pid-1
---ebpf-pid----448783----pid-448783
---ebpf-pid----448783----pid-448520
---ebpf-pid----448783----pid-1
---ebpf-pid----448783----pid-448783
---ebpf-pid----448783----pid-448520
---ebpf-pid----448783----pid-1
---ebpf-pid----448783----pid-448783
---ebpf-pid----448783----pid-448520
---ebpf-pid----448783----pid-1
---ebpf-pid----448783----pid-448783
---ebpf-pid----448783----pid-448520
---ebpf-pid----448783----pid-1
---ebpf-pid----448783----pid-448783
---ebpf-pid----448783----pid-448520
---ebpf-pid----448783----pid-1
---ebpf-pid----448783----pid-448783
---ebpf-pid----448783----pid-448520
---ebpf-pid----448783----pid-1
---ebpf-pid----448783----pid-448783
---ebpf-pid----448783----pid-448520
---ebpf-pid----448783----pid-1
---ebpf-pid----448783----pid-448783
---ebpf-pid----448783----pid-448520
---ebpf-pid----448783----pid-1
---ebpf-pid----448783----pid-448783
---ebpf-pid----448783----pid-448520
---ebpf-pid----448783----pid-1
---ebpf-pid----448783----pid-448783
---ebpf-pid----448783----pid-448520
---ebpf-pid----448783----pid-1
---ebpf-pid----448783----pid-448783
---ebpf-pid----448783----pid-448520
---ebpf-pid----448783----pid-1
---ebpf-pid----5637----pid-5637
---ebpf-pid----5637----pid-1
---ebpf-pid----5637----pid-5637
---ebpf-pid----5637----pid-1
---ebpf-pid----5637----pid-5637
---ebpf-pid----5637----pid-1
---ebpf-pid----448783----pid-448783
---ebpf-pid----448783----pid-448520
---ebpf-pid----448783----pid-1
---ebpf-pid----448783----pid-448783
---ebpf-pid----448783----pid-448520
---ebpf-pid----448783----pid-1
---ebpf-pid----448783----pid-448783
---ebpf-pid----448783----pid-448520
---ebpf-pid----448783----pid-1
---ebpf-pid----448783----pid-448783
---ebpf-pid----448783----pid-448520
---ebpf-pid----448783----pid-1
---ebpf-pid----448783----pid-448783
---ebpf-pid----448783----pid-448520
---ebpf-pid----448783----pid-1
---ebpf-pid----448783----pid-448783
---ebpf-pid----448783----pid-448520
---ebpf-pid----448783----pid-1
---ebpf-pid----448783----pid-448783
---ebpf-pid----448783----pid-448520
---ebpf-pid----448783----pid-1
---ebpf-pid----448783----pid-448783
---ebpf-pid----448783----pid-448520
---ebpf-pid----448783----pid-1
---ebpf-pid----5638----pid-5638
---ebpf-pid----5638----pid-1
---ebpf-pid----448783----pid-448783
---ebpf-pid----448783----pid-448520
---ebpf-pid----448783----pid-1
---ebpf-pid----448783----pid-448783
---ebpf-pid----448783----pid-448520
---ebpf-pid----448783----pid-1
---ebpf-pid----5637----pid-5637
---ebpf-pid----5637----pid-1
---ebpf-pid----5638----pid-5638
---ebpf-pid----5638----pid-1
---ebpf-pid----448522----pid-448522
---ebpf-pid----448522----pid-1
---ebpf-pid----5638----pid-5638
---ebpf-pid----5638----pid-1
---ebpf-pid----5638----pid-5638
---ebpf-pid----5638----pid-1
---ebpf-pid----5638----pid-5638
---ebpf-pid----5638----pid-1
---ebpf-pid----4716----pid-4716
---ebpf-pid----4716----pid-3323
---ebpf-pid----4716----pid-1
---ebpf-pid----5638----pid-5638
---ebpf-pid----5638----pid-1
---ebpf-pid----448522----pid-448522
---ebpf-pid----448522----pid-1
---ebpf-pid----5638----pid-5638
---ebpf-pid----5638----pid-1
---ebpf-pid----5638----pid-5638
---ebpf-pid----5638----pid-1
---ebpf-pid----5638----pid-5638
---ebpf-pid----5638----pid-1
---ebpf-pid----4716----pid-4716
---ebpf-pid----4716----pid-3323
---ebpf-pid----4716----pid-1
---ebpf-pid----4716----pid-4716
---ebpf-pid----4716----pid-3323
---ebpf-pid----4716----pid-1
---ebpf-pid----4716----pid-4716
---ebpf-pid----4716----pid-3323
---ebpf-pid----4716----pid-1
---ebpf-pid----4716----pid-4716
---ebpf-pid----4716----pid-3323
---ebpf-pid----4716----pid-1
---ebpf-pid----4716----pid-4716
---ebpf-pid----4716----pid-3323
---ebpf-pid----4716----pid-1
---ebpf-pid----5638----pid-5638
---ebpf-pid----5638----pid-1
---ebpf-pid----4716----pid-4716
---ebpf-pid----4716----pid-3323
---ebpf-pid----4716----pid-1
---ebpf-pid----4716----pid-4716
---ebpf-pid----4716----pid-3323
---ebpf-pid----4716----pid-1
---ebpf-pid----5703----pid-5703
---ebpf-pid----5703----pid-5476
---ebpf-pid----5703----pid-1
---ebpf-pid----5638----pid-5638
---ebpf-pid----5638----pid-1
---ebpf-pid----4716----pid-4716
---ebpf-pid----4716----pid-3323
---ebpf-pid----4716----pid-1
---ebpf-pid----4716----pid-4716
---ebpf-pid----4716----pid-3323
---ebpf-pid----4716----pid-1
---ebpf-pid----4716----pid-4716
---ebpf-pid----4716----pid-3323
---ebpf-pid----4716----pid-1
---ebpf-pid----448522----pid-448522
---ebpf-pid----448522----pid-1
---ebpf-pid----5638----pid-5638
---ebpf-pid----5638----pid-1
---ebpf-pid----4716----pid-4716
---ebpf-pid----4716----pid-3323
---ebpf-pid----4716----pid-1
---ebpf-pid----4716----pid-4716
---ebpf-pid----4716----pid-3323
---ebpf-pid----4716----pid-1
---ebpf-pid----448522----pid-448522
---ebpf-pid----448522----pid-1
---ebpf-pid----5638----pid-5638
---ebpf-pid----5638----pid-1
---ebpf-pid----5638----pid-5638
---ebpf-pid----5638----pid-1
---ebpf-pid----4716----pid-4716
---ebpf-pid----4716----pid-3323
---ebpf-pid----4716----pid-1
---ebpf-pid----4716----pid-4716
---ebpf-pid----4716----pid-3323
---ebpf-pid----4716----pid-1
---ebpf-pid----4716----pid-4716
---ebpf-pid----4716----pid-3323
---ebpf-pid----4716----pid-1
---ebpf-pid----7313----pid-7313
---ebpf-pid----7313----pid-1
---ebpf-pid----4716----pid-4716
---ebpf-pid----4716----pid-3323
---ebpf-pid----4716----pid-1
---ebpf-pid----448522----pid-448522
---ebpf-pid----448522----pid-1
---ebpf-pid----448522----pid-448522
---ebpf-pid----448522----pid-1
---ebpf-pid----5703----pid-5703
---ebpf-pid----5703----pid-5476
---ebpf-pid----5703----pid-1
---ebpf-pid----4716----pid-4716
---ebpf-pid----4716----pid-3323
---ebpf-pid----4716----pid-1
---ebpf-pid----4716----pid-4716
---ebpf-pid----4716----pid-3323
---ebpf-pid----4716----pid-1
---ebpf-pid----4716----pid-4716
---ebpf-pid----4716----pid-3323
---ebpf-pid----4716----pid-1
---ebpf-pid----7313----pid-7313
---ebpf-pid----7313----pid-1
---ebpf-pid----4716----pid-4716
---ebpf-pid----4716----pid-3323
---ebpf-pid----4716----pid-1
---ebpf-pid----7313----pid-7313
---ebpf-pid----7313----pid-1
---ebpf-pid----448522----pid-448522
---ebpf-pid----448522----pid-1
---ebpf-pid----7313----pid-7313
---ebpf-pid----7313----pid-1
---ebpf-pid----4716----pid-4716
---ebpf-pid----4716----pid-3323
---ebpf-pid----4716----pid-1
---ebpf-pid----5703----pid-5703
---ebpf-pid----5703----pid-5476
---ebpf-pid----5703----pid-1
---ebpf-pid----448522----pid-448522
---ebpf-pid----448522----pid-1
---ebpf-pid----7313----pid-7313
---ebpf-pid----7313----pid-1
---ebpf-pid----5637----pid-5637
---ebpf-pid----5637----pid-1
---ebpf-pid----7313----pid-7313
---ebpf-pid----7313----pid-1
---ebpf-pid----7313----pid-7313
---ebpf-pid----7313----pid-1
---ebpf-pid----7313----pid-7313
---ebpf-pid----7313----pid-1
---ebpf-pid----448522----pid-448522
---ebpf-pid----448522----pid-1
---ebpf-pid----7313----pid-7313
---ebpf-pid----7313----pid-1
---ebpf-pid----4716----pid-4716
---ebpf-pid----4716----pid-3323
---ebpf-pid----4716----pid-1
---ebpf-pid----4716----pid-4716
---ebpf-pid----4716----pid-3323
---ebpf-pid----4716----pid-1
---ebpf-pid----4716----pid-4716
---ebpf-pid----4716----pid-3323
---ebpf-pid----4716----pid-1
---ebpf-pid----5703----pid-5703
---ebpf-pid----5703----pid-5476
---ebpf-pid----5703----pid-1
---ebpf-pid----4716----pid-4716
---ebpf-pid----4716----pid-3323
---ebpf-pid----4716----pid-1
---ebpf-pid----4716----pid-4716
---ebpf-pid----4716----pid-3323
---ebpf-pid----4716----pid-1
---ebpf-pid----4716----pid-4716
---ebpf-pid----4716----pid-3323
---ebpf-pid----4716----pid-1
---ebpf-pid----4716----pid-4716
---ebpf-pid----4716----pid-3323
---ebpf-pid----4716----pid-1
---ebpf-pid----4716----pid-4716
---ebpf-pid----4716----pid-3323
---ebpf-pid----4716----pid-1
---ebpf-pid----4716----pid-4716
---ebpf-pid----4716----pid-3323
---ebpf-pid----4716----pid-1
---ebpf-pid----4716----pid-4716
---ebpf-pid----4716----pid-3323
---ebpf-pid----4716----pid-1
---ebpf-pid----4716----pid-4716
---ebpf-pid----4716----pid-3323
---ebpf-pid----4716----pid-1
---ebpf-pid----4716----pid-4716
---ebpf-pid----4716----pid-3323
---ebpf-pid----4716----pid-1
---ebpf-pid----7312----pid-7312
---ebpf-pid----7312----pid-1
---ebpf-pid----4716----pid-4716
---ebpf-pid----4716----pid-3323
---ebpf-pid----4716----pid-1
---ebpf-pid----5638----pid-5638
---ebpf-pid----5638----pid-1
---ebpf-pid----4716----pid-4716
---ebpf-pid----4716----pid-3323
---ebpf-pid----4716----pid-1
---ebpf-pid----4716----pid-4716
---ebpf-pid----4716----pid-3323
---ebpf-pid----4716----pid-1
---ebpf-pid----4716----pid-4716
---ebpf-pid----4716----pid-3323
---ebpf-pid----4716----pid-1
---ebpf-pid----4716----pid-4716
---ebpf-pid----4716----pid-3323
---ebpf-pid----4716----pid-1
---ebpf-pid----4716----pid-4716
---ebpf-pid----4716----pid-3323
---ebpf-pid----4716----pid-1
---ebpf-pid----7312----pid-7312
---ebpf-pid----7312----pid-1
---ebpf-pid----4716----pid-4716
---ebpf-pid----4716----pid-3323
---ebpf-pid----4716----pid-1
---ebpf-pid----4716----pid-4716
---ebpf-pid----4716----pid-3323
---ebpf-pid----4716----pid-1
---ebpf-pid----5703----pid-5703
---ebpf-pid----5703----pid-5476
---ebpf-pid----5703----pid-1
---ebpf-pid----448522----pid-448522
---ebpf-pid----448522----pid-1
---ebpf-pid----4716----pid-4716
---ebpf-pid----4716----pid-3323
---ebpf-pid----4716----pid-1
---ebpf-pid----5703----pid-5703
---ebpf-pid----5703----pid-5476
---ebpf-pid----5703----pid-1
---ebpf-pid----7312----pid-7312
---ebpf-pid----7312----pid-1
---ebpf-pid----4716----pid-4716
---ebpf-pid----4716----pid-3323
---ebpf-pid----4716----pid-1
---ebpf-pid----4716----pid-4716
---ebpf-pid----4716----pid-3323
---ebpf-pid----4716----pid-1
---ebpf-pid----4716----pid-4716
---ebpf-pid----4716----pid-3323
---ebpf-pid----4716----pid-1
---ebpf-pid----4716----pid-4716
---ebpf-pid----4716----pid-3323
---ebpf-pid----4716----pid-1
---ebpf-pid----4716----pid-4716
---ebpf-pid----4716----pid-3323
---ebpf-pid----4716----pid-1
---ebpf-pid----4716----pid-4716
---ebpf-pid----4716----pid-3323
---ebpf-pid----4716----pid-1
---ebpf-pid----4716----pid-4716
---ebpf-pid----4716----pid-3323
---ebpf-pid----4716----pid-1
---ebpf-pid----4716----pid-4716
---ebpf-pid----4716----pid-3323
---ebpf-pid----4716----pid-1
---ebpf-pid----4716----pid-4716
---ebpf-pid----4716----pid-3323
---ebpf-pid----4716----pid-1
---ebpf-pid----4716----pid-4716
---ebpf-pid----4716----pid-3323
---ebpf-pid----4716----pid-1
---ebpf-pid----4716----pid-4716
---ebpf-pid----4716----pid-3323
---ebpf-pid----4716----pid-1
---ebpf-pid----4716----pid-4716
---ebpf-pid----4716----pid-3323
---ebpf-pid----4716----pid-1
---ebpf-pid----4716----pid-4716
---ebpf-pid----4716----pid-3323
---ebpf-pid----4716----pid-1
---ebpf-pid----4716----pid-4716
---ebpf-pid----4716----pid-3323
---ebpf-pid----4716----pid-1
---ebpf-pid----7312----pid-7312
---ebpf-pid----7312----pid-1
---ebpf-pid----4716----pid-4716
---ebpf-pid----4716----pid-3323
---ebpf-pid----4716----pid-1
---ebpf-pid----7312----pid-7312
---ebpf-pid----7312----pid-1
---ebpf-pid----4716----pid-4716
---ebpf-pid----4716----pid-3323
---ebpf-pid----4716----pid-1
---ebpf-pid----4716----pid-4716
---ebpf-pid----4716----pid-3323
---ebpf-pid----4716----pid-1
---ebpf-pid----4716----pid-4716
---ebpf-pid----4716----pid-3323
---ebpf-pid----4716----pid-1
---ebpf-pid----7312----pid-7312
---ebpf-pid----7312----pid-1
---ebpf-pid----14----pid-14
---ebpf-pid----14----pid-2
---ebpf-pid----4716----pid-4716
---ebpf-pid----4716----pid-3323
---ebpf-pid----4716----pid-1
---ebpf-pid----4716----pid-4716
---ebpf-pid----4716----pid-3323
---ebpf-pid----4716----pid-1
---ebpf-pid----4716----pid-4716
---ebpf-pid----4716----pid-3323
---ebpf-pid----4716----pid-1
---ebpf-pid----5703----pid-5703
---ebpf-pid----5703----pid-5476
---ebpf-pid----5703----pid-1
---ebpf-pid----7312----pid-7312
---ebpf-pid----7312----pid-1
---ebpf-pid----4716----pid-4716
---ebpf-pid----4716----pid-3323
---ebpf-pid----4716----pid-1
---ebpf-pid----4716----pid-4716
---ebpf-pid----4716----pid-3323
---ebpf-pid----4716----pid-1
---ebpf-pid----4716----pid-4716
---ebpf-pid----4716----pid-3323
---ebpf-pid----4716----pid-1
---ebpf-pid----4716----pid-4716
---ebpf-pid----4716----pid-3323
---ebpf-pid----4716----pid-1
---ebpf-pid----448783----pid-448783
---ebpf-pid----448783----pid-448520
---ebpf-pid----448783----pid-1
---ebpf-pid----448783----pid-448783
---ebpf-pid----448783----pid-448520
---ebpf-pid----448783----pid-1
---ebpf-pid----448783----pid-448783
---ebpf-pid----448783----pid-448520
---ebpf-pid----448783----pid-1
---ebpf-pid----448783----pid-448783
---ebpf-pid----448783----pid-448520
---ebpf-pid----448783----pid-1
---ebpf-pid----448783----pid-448783
---ebpf-pid----448783----pid-448520
---ebpf-pid----448783----pid-1
---ebpf-pid----448783----pid-448783
---ebpf-pid----448783----pid-448520
---ebpf-pid----448783----pid-1
---ebpf-pid----448783----pid-448783
---ebpf-pid----448783----pid-448520
---ebpf-pid----448783----pid-1
---ebpf-pid----448783----pid-448783
---ebpf-pid----448783----pid-448520
---ebpf-pid----448783----pid-1
---ebpf-pid----448783----pid-448783
---ebpf-pid----448783----pid-448520
---ebpf-pid----448783----pid-1
---ebpf-pid----448783----pid-448783
---ebpf-pid----448783----pid-448520
---ebpf-pid----448783----pid-1
---ebpf-pid----448783----pid-448783
---ebpf-pid----448783----pid-448520
---ebpf-pid----448783----pid-1
---ebpf-pid----448783----pid-448783
---ebpf-pid----448783----pid-448520
---ebpf-pid----448783----pid-1
---ebpf-pid----448783----pid-448783
---ebpf-pid----448783----pid-448520
---ebpf-pid----448783----pid-1
---ebpf-pid----448783----pid-448783
---ebpf-pid----448783----pid-448520
---ebpf-pid----448783----pid-1
---ebpf-pid----448783----pid-448783
---ebpf-pid----448783----pid-448520
---ebpf-pid----448783----pid-1
---ebpf-pid----5703----pid-5703
---ebpf-pid----5703----pid-5476
---ebpf-pid----5703----pid-1
---ebpf-pid----448783----pid-448783
---ebpf-pid----448783----pid-448520
---ebpf-pid----448783----pid-1
---ebpf-pid----448783----pid-448783
---ebpf-pid----448783----pid-448520
---ebpf-pid----448783----pid-1
---ebpf-pid----448783----pid-448783
---ebpf-pid----448783----pid-448520
---ebpf-pid----448783----pid-1
---ebpf-pid----448783----pid-448783
---ebpf-pid----448783----pid-448520
---ebpf-pid----448783----pid-1
---ebpf-pid----448783----pid-448783
---ebpf-pid----448783----pid-448520
---ebpf-pid----448783----pid-1
---ebpf-pid----448783----pid-448783
---ebpf-pid----448783----pid-448520
---ebpf-pid----448783----pid-1
---ebpf-pid----448783----pid-448783
---ebpf-pid----448783----pid-448520
---ebpf-pid----448783----pid-1
---ebpf-pid----448783----pid-448783
---ebpf-pid----448783----pid-448520
---ebpf-pid----448783----pid-1
---ebpf-pid----448783----pid-448783
---ebpf-pid----448783----pid-448520
---ebpf-pid----448783----pid-1
---ebpf-pid----448783----pid-448783
---ebpf-pid----448783----pid-448520
---ebpf-pid----448783----pid-1
---ebpf-pid----448783----pid-448783
---ebpf-pid----448783----pid-448520
---ebpf-pid----448783----pid-1
---ebpf-pid----448783----pid-448783
---ebpf-pid----448783----pid-448520
---ebpf-pid----448783----pid-1
---ebpf-pid----448783----pid-448783
---ebpf-pid----448783----pid-448520
---ebpf-pid----448783----pid-1
---ebpf-pid----448783----pid-448783
---ebpf-pid----448783----pid-448520
---ebpf-pid----448783----pid-1
---ebpf-pid----448783----pid-448783
---ebpf-pid----448783----pid-448520
---ebpf-pid----448783----pid-1
---ebpf-pid----448783----pid-448783
---ebpf-pid----448783----pid-448520
---ebpf-pid----448783----pid-1
---ebpf-pid----448783----pid-448783
---ebpf-pid----448783----pid-448520
---ebpf-pid----448783----pid-1
---ebpf-pid----448783----pid-448783
---ebpf-pid----448783----pid-448520
---ebpf-pid----448783----pid-1
---ebpf-pid----448783----pid-448783
---ebpf-pid----448783----pid-448520
---ebpf-pid----448783----pid-1
---ebpf-pid----448783----pid-448783
---ebpf-pid----448783----pid-448520
---ebpf-pid----448783----pid-1
---ebpf-pid----448783----pid-448783
---ebpf-pid----448783----pid-448520
---ebpf-pid----448783----pid-1
---ebpf-pid----448783----pid-448783
---ebpf-pid----448783----pid-448520
---ebpf-pid----448783----pid-1
---ebpf-pid----448783----pid-448783
---ebpf-pid----448783----pid-448520
---ebpf-pid----448783----pid-1
---ebpf-pid----448783----pid-448783
---ebpf-pid----448783----pid-448520
---ebpf-pid----448783----pid-1
---ebpf-pid----448783----pid-448783
---ebpf-pid----448783----pid-448520
---ebpf-pid----448783----pid-1
---ebpf-pid----448783----pid-448783
---ebpf-pid----448783----pid-448520
---ebpf-pid----448783----pid-1
---ebpf-pid----448783----pid-448783
---ebpf-pid----448783----pid-448520
---ebpf-pid----448783----pid-1
---ebpf-pid----448783----pid-448783
---ebpf-pid----448783----pid-448520
---ebpf-pid----448783----pid-1
---ebpf-pid----448783----pid-448783
---ebpf-pid----448783----pid-448520
---ebpf-pid----448783----pid-1
---ebpf-pid----448783----pid-448783
---ebpf-pid----448783----pid-448520
---ebpf-pid----448783----pid-1
---ebpf-pid----448783----pid-448783
---ebpf-pid----448783----pid-448520
---ebpf-pid----448783----pid-1
---ebpf-pid----448783----pid-448783
---ebpf-pid----448783----pid-448520
---ebpf-pid----448783----pid-1
---ebpf-pid----448783----pid-448783
---ebpf-pid----448783----pid-448520
---ebpf-pid----448783----pid-1
---ebpf-pid----448783----pid-448783
---ebpf-pid----448783----pid-448520
---ebpf-pid----448783----pid-1
---ebpf-pid----448783----pid-448783
---ebpf-pid----448783----pid-448520
---ebpf-pid----448783----pid-1
---ebpf-pid----448783----pid-448783
---ebpf-pid----448783----pid-448520
---ebpf-pid----448783----pid-1
---ebpf-pid----448783----pid-448783
---ebpf-pid----448783----pid-448520
---ebpf-pid----448783----pid-1
---ebpf-pid----7313----pid-7313
---ebpf-pid----7313----pid-1
---ebpf-pid----14----pid-14
---ebpf-pid----14----pid-2
---ebpf-pid----448783----pid-448783
---ebpf-pid----448783----pid-448520
---ebpf-pid----448783----pid-1
---ebpf-pid----448783----pid-448783
---ebpf-pid----448783----pid-448520
---ebpf-pid----448783----pid-1
---ebpf-pid----448783----pid-448783
---ebpf-pid----448783----pid-448520
---ebpf-pid----448783----pid-1
---ebpf-pid----448783----pid-448783
---ebpf-pid----448783----pid-448520
---ebpf-pid----448783----pid-1
---ebpf-pid----448783----pid-448783
---ebpf-pid----448783----pid-448520
---ebpf-pid----448783----pid-1
---ebpf-pid----448783----pid-448783
---ebpf-pid----448783----pid-448520
---ebpf-pid----448783----pid-1
---ebpf-pid----448783----pid-448783
---ebpf-pid----448783----pid-448520
---ebpf-pid----448783----pid-1
---ebpf-pid----448783----pid-448783
---ebpf-pid----448783----pid-448520
---ebpf-pid----448783----pid-1
---ebpf-pid----448783----pid-448783
---ebpf-pid----448783----pid-448520
---ebpf-pid----448783----pid-1
---ebpf-pid----448783----pid-448783
---ebpf-pid----448783----pid-448520
---ebpf-pid----448783----pid-1
---ebpf-pid----448783----pid-448783
---ebpf-pid----448783----pid-448520
---ebpf-pid----448783----pid-1
---ebpf-pid----448783----pid-448783
---ebpf-pid----448783----pid-448520
---ebpf-pid----448783----pid-1
---ebpf-pid----7313----pid-7313
---ebpf-pid----7313----pid-1
---ebpf-pid----7313----pid-7313
---ebpf-pid----7313----pid-1
---ebpf-pid----448783----pid-448783
---ebpf-pid----448783----pid-448520
---ebpf-pid----448783----pid-1
---ebpf-pid----448783----pid-448783
---ebpf-pid----448783----pid-448520
---ebpf-pid----448783----pid-1
---ebpf-pid----448783----pid-448783
---ebpf-pid----448783----pid-448520
---ebpf-pid----448783----pid-1
---ebpf-pid----448783----pid-448783
---ebpf-pid----448783----pid-448520
---ebpf-pid----448783----pid-1
---ebpf-pid----448783----pid-448783
---ebpf-pid----448783----pid-448520
---ebpf-pid----448783----pid-1
---ebpf-pid----448783----pid-448783
---ebpf-pid----448783----pid-448520
---ebpf-pid----448783----pid-1
---ebpf-pid----448783----pid-448783
---ebpf-pid----448783----pid-448520
---ebpf-pid----448783----pid-1
---ebpf-pid----448783----pid-448783
---ebpf-pid----448783----pid-448520
---ebpf-pid----448783----pid-1
---ebpf-pid----448783----pid-448783
---ebpf-pid----448783----pid-448520
---ebpf-pid----448783----pid-1
---ebpf-pid----448783----pid-448783
---ebpf-pid----448783----pid-448520
---ebpf-pid----448783----pid-1
---ebpf-pid----448783----pid-448783
---ebpf-pid----448783----pid-448520
---ebpf-pid----448783----pid-1
---ebpf-pid----448522----pid-448522
---ebpf-pid----448522----pid-1
---ebpf-pid----448783----pid-448783
---ebpf-pid----448783----pid-448520
---ebpf-pid----448783----pid-1
---ebpf-pid----448783----pid-448783
---ebpf-pid----448783----pid-448520
---ebpf-pid----448783----pid-1
---ebpf-pid----448783----pid-448783
---ebpf-pid----448783----pid-448520
---ebpf-pid----448783----pid-1
---ebpf-pid----448783----pid-448783
---ebpf-pid----448783----pid-448520
---ebpf-pid----448783----pid-1
---ebpf-pid----448783----pid-448783
---ebpf-pid----448783----pid-448520
---ebpf-pid----448783----pid-1
---ebpf-pid----448783----pid-448783
---ebpf-pid----448783----pid-448520
---ebpf-pid----448783----pid-1
---ebpf-pid----448783----pid-448783
---ebpf-pid----448783----pid-448520
---ebpf-pid----448783----pid-1
---ebpf-pid----448783----pid-448783
---ebpf-pid----448783----pid-448520
---ebpf-pid----448783----pid-1
---ebpf-pid----448783----pid-448783
---ebpf-pid----448783----pid-448520
---ebpf-pid----448783----pid-1
---ebpf-pid----7313----pid-7313
---ebpf-pid----7313----pid-1
---ebpf-pid----7313----pid-7313
---ebpf-pid----7313----pid-1
---ebpf-pid----7313----pid-7313
---ebpf-pid----7313----pid-1
---ebpf-pid----448522----pid-448522
---ebpf-pid----448522----pid-1
---ebpf-pid----448783----pid-448783
---ebpf-pid----448783----pid-448520
---ebpf-pid----448783----pid-1
---ebpf-pid----448783----pid-448783
---ebpf-pid----448783----pid-448520
---ebpf-pid----448783----pid-1
---ebpf-pid----448783----pid-448783
---ebpf-pid----448783----pid-448520
---ebpf-pid----448783----pid-1
---ebpf-pid----448783----pid-448783
---ebpf-pid----448783----pid-448520
---ebpf-pid----448783----pid-1
---ebpf-pid----7313----pid-7313
---ebpf-pid----7313----pid-1
---ebpf-pid----448783----pid-448783
---ebpf-pid----448783----pid-448520
---ebpf-pid----448783----pid-1
---ebpf-pid----448783----pid-448783
---ebpf-pid----448783----pid-448520
---ebpf-pid----448783----pid-1
---ebpf-pid----448783----pid-448783
---ebpf-pid----448783----pid-448520
---ebpf-pid----448783----pid-1
---ebpf-pid----448783----pid-448783
---ebpf-pid----448783----pid-448520
---ebpf-pid----448783----pid-1
---ebpf-pid----448783----pid-448783
---ebpf-pid----448783----pid-448520
---ebpf-pid----448783----pid-1
---ebpf-pid----448783----pid-448783
---ebpf-pid----448783----pid-448520
---ebpf-pid----448783----pid-1
---ebpf-pid----448783----pid-448783
---ebpf-pid----448783----pid-448520
---ebpf-pid----448783----pid-1
---ebpf-pid----448783----pid-448783
---ebpf-pid----448783----pid-448520
---ebpf-pid----448783----pid-1
---ebpf-pid----448522----pid-448522
---ebpf-pid----448522----pid-1
---ebpf-pid----448783----pid-448783
---ebpf-pid----448783----pid-448520
---ebpf-pid----448783----pid-1
---ebpf-pid----448783----pid-448783
---ebpf-pid----448783----pid-448520
---ebpf-pid----448783----pid-1
---ebpf-pid----448783----pid-448783
---ebpf-pid----448783----pid-448520
---ebpf-pid----448783----pid-1
---ebpf-pid----448783----pid-448783
---ebpf-pid----448783----pid-448520
---ebpf-pid----448783----pid-1
---ebpf-pid----448783----pid-448783
---ebpf-pid----448783----pid-448520
---ebpf-pid----448783----pid-1
---ebpf-pid----448783----pid-448783
---ebpf-pid----448783----pid-448520
---ebpf-pid----448783----pid-1
---ebpf-pid----448783----pid-448783
---ebpf-pid----448783----pid-448520
---ebpf-pid----448783----pid-1
---ebpf-pid----448783----pid-448783
---ebpf-pid----448783----pid-448520
---ebpf-pid----448783----pid-1
---ebpf-pid----448783----pid-448783
---ebpf-pid----448783----pid-448520
---ebpf-pid----448783----pid-1
---ebpf-pid----448783----pid-448783
---ebpf-pid----448783----pid-448520
---ebpf-pid----448783----pid-1
---ebpf-pid----448783----pid-448783
---ebpf-pid----448783----pid-448520
---ebpf-pid----448783----pid-1
---ebpf-pid----448783----pid-448783
---ebpf-pid----448783----pid-448520
---ebpf-pid----448783----pid-1
---ebpf-pid----448783----pid-448783
---ebpf-pid----448783----pid-448520
---ebpf-pid----448783----pid-1
---ebpf-pid----448783----pid-448783
---ebpf-pid----448783----pid-448520
---ebpf-pid----448783----pid-1
---ebpf-pid----448783----pid-448783
---ebpf-pid----448783----pid-448520
---ebpf-pid----448783----pid-1
---ebpf-pid----448783----pid-448783
---ebpf-pid----448783----pid-448520
---ebpf-pid----448783----pid-1
---ebpf-pid----5637----pid-5637
---ebpf-pid----5637----pid-1
---ebpf-pid----448783----pid-448783
---ebpf-pid----448783----pid-448520
---ebpf-pid----448783----pid-1
---ebpf-pid----448783----pid-448783
---ebpf-pid----448783----pid-448520
---ebpf-pid----448783----pid-1
---ebpf-pid----448783----pid-448783
---ebpf-pid----448783----pid-448520
---ebpf-pid----448783----pid-1
---ebpf-pid----448783----pid-448783
---ebpf-pid----448783----pid-448520
---ebpf-pid----448783----pid-1
---ebpf-pid----448783----pid-448783
---ebpf-pid----448783----pid-448520
---ebpf-pid----448783----pid-1
---ebpf-pid----448783----pid-448783
---ebpf-pid----448783----pid-448520
---ebpf-pid----448783----pid-1
---ebpf-pid----448783----pid-448783
---ebpf-pid----448783----pid-448520
---ebpf-pid----448783----pid-1
---ebpf-pid----448783----pid-448783
---ebpf-pid----448783----pid-448520
---ebpf-pid----448783----pid-1
---ebpf-pid----448783----pid-448783
---ebpf-pid----448783----pid-448520
---ebpf-pid----448783----pid-1
---ebpf-pid----448783----pid-448783
---ebpf-pid----448783----pid-448520
---ebpf-pid----448783----pid-1
---ebpf-pid----448783----pid-448783
---ebpf-pid----448783----pid-448520
---ebpf-pid----448783----pid-1
---ebpf-pid----448783----pid-448783
---ebpf-pid----448783----pid-448520
---ebpf-pid----448783----pid-1
---ebpf-pid----448783----pid-448783
---ebpf-pid----448783----pid-448520
---ebpf-pid----448783----pid-1
---ebpf-pid----448783----pid-448783
---ebpf-pid----448783----pid-448520
---ebpf-pid----448783----pid-1
---ebpf-pid----448783----pid-448783
---ebpf-pid----448783----pid-448520
---ebpf-pid----448783----pid-1
---ebpf-pid----448783----pid-448783
---ebpf-pid----448783----pid-448520
---ebpf-pid----448783----pid-1
---ebpf-pid----448783----pid-448783
---ebpf-pid----448783----pid-448520
---ebpf-pid----448783----pid-1
---ebpf-pid----448783----pid-448783
---ebpf-pid----448783----pid-448520
---ebpf-pid----448783----pid-1
---ebpf-pid----448783----pid-448783
---ebpf-pid----448783----pid-448520
---ebpf-pid----448783----pid-1
---ebpf-pid----5637----pid-5637
---ebpf-pid----5637----pid-1
---ebpf-pid----5637----pid-5637
---ebpf-pid----5637----pid-1
---ebpf-pid----448783----pid-448783
---ebpf-pid----448783----pid-448520
---ebpf-pid----448783----pid-1
---ebpf-pid----448783----pid-448783
---ebpf-pid----448783----pid-448520
---ebpf-pid----448783----pid-1
---ebpf-pid----448783----pid-448783
---ebpf-pid----448783----pid-448520
---ebpf-pid----448783----pid-1
---ebpf-pid----448783----pid-448783
---ebpf-pid----448783----pid-448520
---ebpf-pid----448783----pid-1
---ebpf-pid----448783----pid-448783
---ebpf-pid----448783----pid-448520
---ebpf-pid----448783----pid-1
---ebpf-pid----448783----pid-448783
---ebpf-pid----448783----pid-448520
---ebpf-pid----448783----pid-1
---ebpf-pid----448783----pid-448783
---ebpf-pid----448783----pid-448520
---ebpf-pid----448783----pid-1
---ebpf-pid----448783----pid-448783
---ebpf-pid----448783----pid-448520
---ebpf-pid----448783----pid-1
---ebpf-pid----448783----pid-448783
---ebpf-pid----448783----pid-448520
---ebpf-pid----448783----pid-1
---ebpf-pid----448783----pid-448783
---ebpf-pid----448783----pid-448520
---ebpf-pid----448783----pid-1
---ebpf-pid----448783----pid-448783
---ebpf-pid----448783----pid-448520
---ebpf-pid----448783----pid-1
---ebpf-pid----448783----pid-448783
---ebpf-pid----448783----pid-448520
---ebpf-pid----448783----pid-1
---ebpf-pid----448783----pid-448783
---ebpf-pid----448783----pid-448520
---ebpf-pid----448783----pid-1
---ebpf-pid----448783----pid-448783
---ebpf-pid----448783----pid-448520
---ebpf-pid----448783----pid-1
---ebpf-pid----448783----pid-448783
---ebpf-pid----448783----pid-448520
---ebpf-pid----448783----pid-1
---ebpf-pid----448783----pid-448783
---ebpf-pid----448783----pid-448520
---ebpf-pid----448783----pid-1
---ebpf-pid----14----pid-14
---ebpf-pid----14----pid-2
---ebpf-pid----448783----pid-448783
---ebpf-pid----448783----pid-448520
---ebpf-pid----448783----pid-1
---ebpf-pid----448783----pid-448783
---ebpf-pid----448783----pid-448520
---ebpf-pid----448783----pid-1
---ebpf-pid----448783----pid-448783
---ebpf-pid----448783----pid-448520
---ebpf-pid----448783----pid-1
---ebpf-pid----448783----pid-448783
---ebpf-pid----448783----pid-448520
---ebpf-pid----448783----pid-1
---ebpf-pid----448783----pid-448783
---ebpf-pid----448783----pid-448520
---ebpf-pid----448783----pid-1
---ebpf-pid----448783----pid-448783
---ebpf-pid----448783----pid-448520
---ebpf-pid----448783----pid-1
---ebpf-pid----448783----pid-448783
---ebpf-pid----448783----pid-448520
---ebpf-pid----448783----pid-1
---ebpf-pid----378284----pid-378284
---ebpf-pid----378284----pid-5476
---ebpf-pid----378284----pid-1
---ebpf-pid----378284----pid-378284
---ebpf-pid----378284----pid-5476
---ebpf-pid----378284----pid-1
---ebpf-pid----378284----pid-378284
---ebpf-pid----378284----pid-5476
---ebpf-pid----378284----pid-1
---ebpf-pid----378284----pid-378284
---ebpf-pid----378284----pid-5476
---ebpf-pid----378284----pid-1
---ebpf-pid----378284----pid-378284
---ebpf-pid----378284----pid-5476
---ebpf-pid----378284----pid-1
---ebpf-pid----378284----pid-378284
---ebpf-pid----378284----pid-5476
---ebpf-pid----378284----pid-1
---ebpf-pid----378284----pid-378284
---ebpf-pid----378284----pid-5476
---ebpf-pid----378284----pid-1
---ebpf-pid----448522----pid-448522
---ebpf-pid----448522----pid-1
---ebpf-pid----5637----pid-5637
---ebpf-pid----5637----pid-1
---ebpf-pid----5637----pid-5637
---ebpf-pid----5637----pid-1
---ebpf-pid----448522----pid-448522
---ebpf-pid----448522----pid-1
---ebpf-pid----5637----pid-5637
---ebpf-pid----5637----pid-1
---ebpf-pid----2088----pid-2088
---ebpf-pid----2088----pid-1
---ebpf-pid----2088----pid-2088
---ebpf-pid----2088----pid-1
---ebpf-pid----2088----pid-2088
---ebpf-pid----2088----pid-1
---ebpf-pid----2088----pid-2088
---ebpf-pid----2088----pid-1
---ebpf-pid----2088----pid-2088
---ebpf-pid----2088----pid-1
---ebpf-pid----2088----pid-2088
---ebpf-pid----2088----pid-1
---ebpf-pid----2088----pid-2088
---ebpf-pid----2088----pid-1
---ebpf-pid----2088----pid-2088
---ebpf-pid----2088----pid-1
---ebpf-pid----2088----pid-2088
---ebpf-pid----2088----pid-1
---ebpf-pid----2088----pid-2088
---ebpf-pid----2088----pid-1
---ebpf-pid----2088----pid-2088
---ebpf-pid----2088----pid-1
---ebpf-pid----2088----pid-2088
---ebpf-pid----2088----pid-1
---ebpf-pid----2088----pid-2088
---ebpf-pid----2088----pid-1
---ebpf-pid----2088----pid-2088
---ebpf-pid----2088----pid-1
---ebpf-pid----2088----pid-2088
---ebpf-pid----2088----pid-1
---ebpf-pid----2088----pid-2088
---ebpf-pid----2088----pid-1
---ebpf-pid----2088----pid-2088
---ebpf-pid----2088----pid-1
---ebpf-pid----2088----pid-2088
---ebpf-pid----2088----pid-1
---ebpf-pid----2088----pid-2088
---ebpf-pid----2088----pid-1
---ebpf-pid----2088----pid-2088
---ebpf-pid----2088----pid-1
---ebpf-pid----2088----pid-2088
---ebpf-pid----2088----pid-1
---ebpf-pid----2088----pid-2088
---ebpf-pid----2088----pid-1
---ebpf-pid----2088----pid-2088
---ebpf-pid----2088----pid-1
---ebpf-pid----2088----pid-2088
---ebpf-pid----2088----pid-1
---ebpf-pid----2088----pid-2088
---ebpf-pid----2088----pid-1
---ebpf-pid----2088----pid-2088
---ebpf-pid----2088----pid-1
---ebpf-pid----2088----pid-2088
---ebpf-pid----2088----pid-1
---ebpf-pid----2088----pid-2088
---ebpf-pid----2088----pid-1
---ebpf-pid----2088----pid-2088
---ebpf-pid----2088----pid-1
---ebpf-pid----2088----pid-2088
---ebpf-pid----2088----pid-1
---ebpf-pid----2088----pid-2088
---ebpf-pid----2088----pid-1
---ebpf-pid----2088----pid-2088
---ebpf-pid----2088----pid-1
---ebpf-pid----2088----pid-2088
---ebpf-pid----2088----pid-1
---ebpf-pid----2088----pid-2088
---ebpf-pid----2088----pid-1
---ebpf-pid----2088----pid-2088
---ebpf-pid----2088----pid-1
---ebpf-pid----2088----pid-2088
---ebpf-pid----2088----pid-1
---ebpf-pid----2088----pid-2088
---ebpf-pid----2088----pid-1
---ebpf-pid----2088----pid-2088
---ebpf-pid----2088----pid-1
---ebpf-pid----2088----pid-2088
---ebpf-pid----2088----pid-1
---ebpf-pid----2088----pid-2088
---ebpf-pid----2088----pid-1
---ebpf-pid----2088----pid-2088
---ebpf-pid----2088----pid-1
---ebpf-pid----2088----pid-2088
---ebpf-pid----2088----pid-1
---ebpf-pid----2088----pid-2088
---ebpf-pid----2088----pid-1
---ebpf-pid----2088----pid-2088
---ebpf-pid----2088----pid-1
---ebpf-pid----2088----pid-2088
---ebpf-pid----2088----pid-1
---ebpf-pid----2088----pid-2088
---ebpf-pid----2088----pid-1
---ebpf-pid----2088----pid-2088
---ebpf-pid----2088----pid-1
---ebpf-pid----2088----pid-2088
---ebpf-pid----2088----pid-1
---ebpf-pid----2088----pid-2088
---ebpf-pid----2088----pid-1
---ebpf-pid----2088----pid-2088
---ebpf-pid----2088----pid-1
---ebpf-pid----2088----pid-2088
---ebpf-pid----2088----pid-1
---ebpf-pid----2088----pid-2088
---ebpf-pid----2088----pid-1
---ebpf-pid----2088----pid-2088
---ebpf-pid----2088----pid-1
---ebpf-pid----2088----pid-2088
---ebpf-pid----2088----pid-1
---ebpf-pid----2088----pid-2088
---ebpf-pid----2088----pid-1
---ebpf-pid----2088----pid-2088
---ebpf-pid----2088----pid-1
---ebpf-pid----2088----pid-2088
---ebpf-pid----2088----pid-1
---ebpf-pid----2088----pid-2088
---ebpf-pid----2088----pid-1
---ebpf-pid----2088----pid-2088
---ebpf-pid----2088----pid-1
---ebpf-pid----2088----pid-2088
---ebpf-pid----2088----pid-1
---ebpf-pid----2088----pid-2088
---ebpf-pid----2088----pid-1
---ebpf-pid----2088----pid-2088
---ebpf-pid----2088----pid-1
---ebpf-pid----2088----pid-2088
---ebpf-pid----2088----pid-1
---ebpf-pid----2088----pid-2088
---ebpf-pid----2088----pid-1
---ebpf-pid----448783----pid-448783
---ebpf-pid----448783----pid-448520
---ebpf-pid----448783----pid-1
---ebpf-pid----448522----pid-448522
---ebpf-pid----448522----pid-1
---ebpf-pid----5637----pid-5637
---ebpf-pid----5637----pid-1
---ebpf-pid----2029----pid-2029
---ebpf-pid----2029----pid-1
---ebpf-pid----2029----pid-2029
---ebpf-pid----2029----pid-1
---ebpf-pid----2029----pid-2029
---ebpf-pid----2029----pid-1
---ebpf-pid----2029----pid-2029
---ebpf-pid----2029----pid-1
---ebpf-pid----2029----pid-2029
---ebpf-pid----2029----pid-1
---ebpf-pid----2029----pid-2029
---ebpf-pid----2029----pid-1
---ebpf-pid----2029----pid-2029
---ebpf-pid----2029----pid-1
---ebpf-pid----2029----pid-2029
---ebpf-pid----2029----pid-1
---ebpf-pid----2089----pid-2089
---ebpf-pid----2089----pid-1
---ebpf-pid----2089----pid-2089
---ebpf-pid----2089----pid-1
---ebpf-pid----2089----pid-2089
---ebpf-pid----2089----pid-1
---ebpf-pid----2089----pid-2089
---ebpf-pid----2089----pid-1
---ebpf-pid----2089----pid-2089
---ebpf-pid----2089----pid-1
---ebpf-pid----2089----pid-2089
---ebpf-pid----2089----pid-1
---ebpf-pid----2089----pid-2089
---ebpf-pid----2089----pid-1
---ebpf-pid----2089----pid-2089
---ebpf-pid----2089----pid-1
---ebpf-pid----2089----pid-2089
---ebpf-pid----2089----pid-1
---ebpf-pid----2089----pid-2089
---ebpf-pid----2089----pid-1
---ebpf-pid----2089----pid-2089
---ebpf-pid----2089----pid-1
---ebpf-pid----2089----pid-2089
---ebpf-pid----2089----pid-1
---ebpf-pid----2089----pid-2089
---ebpf-pid----2089----pid-1
---ebpf-pid----2089----pid-2089
---ebpf-pid----2089----pid-1
---ebpf-pid----2089----pid-2089
---ebpf-pid----2089----pid-1
---ebpf-pid----2089----pid-2089
---ebpf-pid----2089----pid-1
---ebpf-pid----373029----pid-373029
---ebpf-pid----373029----pid-5476
---ebpf-pid----373029----pid-1
---ebpf-pid----373029----pid-373029
---ebpf-pid----373029----pid-5476
---ebpf-pid----373029----pid-1
---ebpf-pid----5705----pid-5705
---ebpf-pid----5705----pid-5476
---ebpf-pid----5705----pid-1
---ebpf-pid----5705----pid-5705
---ebpf-pid----5705----pid-5476
---ebpf-pid----5705----pid-1
---ebpf-pid----5705----pid-5705
---ebpf-pid----5705----pid-5476
---ebpf-pid----5705----pid-1
---ebpf-pid----5705----pid-5705
---ebpf-pid----5705----pid-5476
---ebpf-pid----5705----pid-1
---ebpf-pid----5705----pid-5705
---ebpf-pid----5705----pid-5476
---ebpf-pid----5705----pid-1
---ebpf-pid----5705----pid-5705
---ebpf-pid----5705----pid-5476
---ebpf-pid----5705----pid-1
---ebpf-pid----5109----pid-5109
---ebpf-pid----5109----pid-3323
---ebpf-pid----5109----pid-1
---ebpf-pid----5705----pid-5705
---ebpf-pid----5705----pid-5476
---ebpf-pid----5705----pid-1
---ebpf-pid----5705----pid-5705
---ebpf-pid----5705----pid-5476
---ebpf-pid----5705----pid-1
---ebpf-pid----5109----pid-5109
---ebpf-pid----5109----pid-3323
---ebpf-pid----5109----pid-1
---ebpf-pid----5109----pid-5109
---ebpf-pid----5109----pid-3323
---ebpf-pid----5109----pid-1
---ebpf-pid----406335----pid-406335
---ebpf-pid----406335----pid-3323
---ebpf-pid----406335----pid-1
---ebpf-pid----406335----pid-406335
---ebpf-pid----406335----pid-3323
---ebpf-pid----406335----pid-1
---ebpf-pid----379067----pid-379067
---ebpf-pid----379067----pid-5476
---ebpf-pid----379067----pid-1
---ebpf-pid----379067----pid-379067
---ebpf-pid----379067----pid-5476
---ebpf-pid----379067----pid-1
---ebpf-pid----7313----pid-7313
---ebpf-pid----7313----pid-1
---ebpf-pid----7313----pid-7313
---ebpf-pid----7313----pid-1
---ebpf-pid----7313----pid-7313
---ebpf-pid----7313----pid-1
---ebpf-pid----2094----pid-2094
---ebpf-pid----2094----pid-1
---ebpf-pid----2094----pid-2094
---ebpf-pid----2094----pid-1
---ebpf-pid----2094----pid-2094
---ebpf-pid----2094----pid-1
---ebpf-pid----2094----pid-2094
---ebpf-pid----2094----pid-1
---ebpf-pid----2094----pid-2094
---ebpf-pid----2094----pid-1
---ebpf-pid----2094----pid-2094
---ebpf-pid----2094----pid-1
---ebpf-pid----2094----pid-2094
---ebpf-pid----2094----pid-1
---ebpf-pid----2094----pid-2094
---ebpf-pid----2094----pid-1
---ebpf-pid----2094----pid-2094
---ebpf-pid----2094----pid-1
---ebpf-pid----2094----pid-2094
---ebpf-pid----2094----pid-1
---ebpf-pid----378284----pid-378284
---ebpf-pid----378284----pid-5476
---ebpf-pid----378284----pid-1
---ebpf-pid----378284----pid-378284
---ebpf-pid----378284----pid-5476
---ebpf-pid----378284----pid-1
---ebpf-pid----378284----pid-378284
---ebpf-pid----378284----pid-5476
---ebpf-pid----378284----pid-1
---ebpf-pid----378284----pid-378284
---ebpf-pid----378284----pid-5476
---ebpf-pid----378284----pid-1
---ebpf-pid----378284----pid-378284
---ebpf-pid----378284----pid-5476
---ebpf-pid----378284----pid-1
---ebpf-pid----378284----pid-378284
---ebpf-pid----378284----pid-5476
---ebpf-pid----378284----pid-1
---ebpf-pid----378284----pid-378284
---ebpf-pid----378284----pid-5476
---ebpf-pid----378284----pid-1
---ebpf-pid----378284----pid-378284
---ebpf-pid----378284----pid-5476
---ebpf-pid----378284----pid-1
---ebpf-pid----5705----pid-5705
---ebpf-pid----5705----pid-5476
---ebpf-pid----5705----pid-1
---ebpf-pid----5705----pid-5705
---ebpf-pid----5705----pid-5476
---ebpf-pid----5705----pid-1
---ebpf-pid----5705----pid-5705
---ebpf-pid----5705----pid-5476
---ebpf-pid----5705----pid-1
---ebpf-pid----5705----pid-5705
---ebpf-pid----5705----pid-5476
---ebpf-pid----5705----pid-1
---ebpf-pid----5705----pid-5705
---ebpf-pid----5705----pid-5476
---ebpf-pid----5705----pid-1
---ebpf-pid----5705----pid-5705
---ebpf-pid----5705----pid-5476
---ebpf-pid----5705----pid-1
---ebpf-pid----5705----pid-5705
---ebpf-pid----5705----pid-5476
---ebpf-pid----5705----pid-1
---ebpf-pid----5705----pid-5705
---ebpf-pid----5705----pid-5476
---ebpf-pid----5705----pid-1
---ebpf-pid----5705----pid-5705
---ebpf-pid----5705----pid-5476
---ebpf-pid----5705----pid-1
---ebpf-pid----406335----pid-406335
---ebpf-pid----406335----pid-3323
---ebpf-pid----406335----pid-1
---ebpf-pid----378284----pid-378284
---ebpf-pid----378284----pid-5476
---ebpf-pid----378284----pid-1
---ebpf-pid----378284----pid-378284
---ebpf-pid----378284----pid-5476
---ebpf-pid----378284----pid-1
---ebpf-pid----378284----pid-378284
---ebpf-pid----378284----pid-5476
---ebpf-pid----378284----pid-1
---ebpf-pid----378284----pid-378284
---ebpf-pid----378284----pid-5476
---ebpf-pid----378284----pid-1
---ebpf-pid----378284----pid-378284
---ebpf-pid----378284----pid-5476
---ebpf-pid----378284----pid-1
---ebpf-pid----448783----pid-448783
---ebpf-pid----448783----pid-448520
---ebpf-pid----448783----pid-1
---ebpf-pid----448783----pid-448783
---ebpf-pid----448783----pid-448520
---ebpf-pid----448783----pid-1
---ebpf-pid----448783----pid-448783
---ebpf-pid----448783----pid-448520
---ebpf-pid----448783----pid-1
---ebpf-pid----448783----pid-448783
---ebpf-pid----448783----pid-448520
---ebpf-pid----448783----pid-1
---ebpf-pid----5638----pid-5638
---ebpf-pid----5638----pid-1
---ebpf-pid----5638----pid-5638
---ebpf-pid----5638----pid-1
---ebpf-pid----448521----pid-448521
---ebpf-pid----448521----pid-1
---ebpf-pid----448521----pid-448521
---ebpf-pid----448521----pid-1
---ebpf-pid----448522----pid-448522
---ebpf-pid----448522----pid-1
---ebpf-pid----5638----pid-5638
---ebpf-pid----5638----pid-1
---ebpf-pid----448522----pid-448522
---ebpf-pid----448522----pid-1
---ebpf-pid----448521----pid-448521
---ebpf-pid----448521----pid-1
---ebpf-pid----5638----pid-5638
---ebpf-pid----5638----pid-1
---ebpf-pid----5638----pid-5638
---ebpf-pid----5638----pid-1
---ebpf-pid----448521----pid-448521
---ebpf-pid----448521----pid-1
---ebpf-pid----5638----pid-5638
---ebpf-pid----5638----pid-1
---ebpf-pid----5638----pid-5638
---ebpf-pid----5638----pid-1
---ebpf-pid----7313----pid-7313
---ebpf-pid----7313----pid-1
---ebpf-pid----7313----pid-7313
---ebpf-pid----7313----pid-1
---ebpf-pid----448783----pid-448783
---ebpf-pid----448783----pid-448520
---ebpf-pid----448783----pid-1
---ebpf-pid----448783----pid-448783
---ebpf-pid----448783----pid-448520
---ebpf-pid----448783----pid-1
---ebpf-pid----448783----pid-448783
---ebpf-pid----448783----pid-448520
---ebpf-pid----448783----pid-1
---ebpf-pid----7313----pid-7313
---ebpf-pid----7313----pid-1
---ebpf-pid----4716----pid-4716
---ebpf-pid----4716----pid-3323
---ebpf-pid----4716----pid-1
---ebpf-pid----4716----pid-4716
---ebpf-pid----4716----pid-3323
---ebpf-pid----4716----pid-1
---ebpf-pid----448522----pid-448522
---ebpf-pid----448522----pid-1
---ebpf-pid----5638----pid-5638
---ebpf-pid----5638----pid-1
---ebpf-pid----4716----pid-4716
---ebpf-pid----4716----pid-3323
---ebpf-pid----4716----pid-1
---ebpf-pid----4716----pid-4716
---ebpf-pid----4716----pid-3323
---ebpf-pid----4716----pid-1
---ebpf-pid----5637----pid-5637
---ebpf-pid----5637----pid-1
---ebpf-pid----4716----pid-4716
---ebpf-pid----4716----pid-3323
---ebpf-pid----4716----pid-1
---ebpf-pid----4716----pid-4716
---ebpf-pid----4716----pid-3323
---ebpf-pid----4716----pid-1
---ebpf-pid----5108----pid-5108
---ebpf-pid----5108----pid-3323
---ebpf-pid----5108----pid-1
---ebpf-pid----4716----pid-4716
---ebpf-pid----4716----pid-3323
---ebpf-pid----4716----pid-1
---ebpf-pid----4716----pid-4716
---ebpf-pid----4716----pid-3323
---ebpf-pid----4716----pid-1
---ebpf-pid----4716----pid-4716
---ebpf-pid----4716----pid-3323
---ebpf-pid----4716----pid-1
---ebpf-pid----4716----pid-4716
---ebpf-pid----4716----pid-3323
---ebpf-pid----4716----pid-1
---ebpf-pid----4716----pid-4716
---ebpf-pid----4716----pid-3323
---ebpf-pid----4716----pid-1
---ebpf-pid----4716----pid-4716
---ebpf-pid----4716----pid-3323
---ebpf-pid----4716----pid-1
---ebpf-pid----4716----pid-4716
---ebpf-pid----4716----pid-3323
---ebpf-pid----4716----pid-1
---ebpf-pid----448783----pid-448783
---ebpf-pid----448783----pid-448520
---ebpf-pid----448783----pid-1
---ebpf-pid----448783----pid-448783
---ebpf-pid----448783----pid-448520
---ebpf-pid----448783----pid-1
---ebpf-pid----448783----pid-448783
---ebpf-pid----448783----pid-448520
---ebpf-pid----448783----pid-1
---ebpf-pid----448783----pid-448783
---ebpf-pid----448783----pid-448520
---ebpf-pid----448783----pid-1
---ebpf-pid----448783----pid-448783
---ebpf-pid----448783----pid-448520
---ebpf-pid----448783----pid-1
---ebpf-pid----448783----pid-448783
---ebpf-pid----448783----pid-448520
---ebpf-pid----448783----pid-1
---ebpf-pid----448783----pid-448783
---ebpf-pid----448783----pid-448520
---ebpf-pid----448783----pid-1
---ebpf-pid----448783----pid-448783
---ebpf-pid----448783----pid-448520
---ebpf-pid----448783----pid-1
---ebpf-pid----448783----pid-448783
---ebpf-pid----448783----pid-448520
---ebpf-pid----448783----pid-1
---ebpf-pid----448783----pid-448783
---ebpf-pid----448783----pid-448520
---ebpf-pid----448783----pid-1
---ebpf-pid----448783----pid-448783
---ebpf-pid----448783----pid-448520
---ebpf-pid----448783----pid-1
---ebpf-pid----448783----pid-448783
---ebpf-pid----448783----pid-448520
---ebpf-pid----448783----pid-1
---ebpf-pid----448783----pid-448783
---ebpf-pid----448783----pid-448520
---ebpf-pid----448783----pid-1
---ebpf-pid----448783----pid-448783
---ebpf-pid----448783----pid-448520
---ebpf-pid----448783----pid-1
---ebpf-pid----448783----pid-448783
---ebpf-pid----448783----pid-448520
---ebpf-pid----448783----pid-1
---ebpf-pid----448783----pid-448783
---ebpf-pid----448783----pid-448520
---ebpf-pid----448783----pid-1
---ebpf-pid----448783----pid-448783
---ebpf-pid----448783----pid-448520
---ebpf-pid----448783----pid-1
---ebpf-pid----448783----pid-448783
---ebpf-pid----448783----pid-448520
---ebpf-pid----448783----pid-1
---ebpf-pid----448783----pid-448783
---ebpf-pid----448783----pid-448520
---ebpf-pid----448783----pid-1
---ebpf-pid----448783----pid-448783
---ebpf-pid----448783----pid-448520
---ebpf-pid----448783----pid-1
---ebpf-pid----448783----pid-448783
---ebpf-pid----448783----pid-448520
---ebpf-pid----448783----pid-1
---ebpf-pid----448783----pid-448783
---ebpf-pid----448783----pid-448520
---ebpf-pid----448783----pid-1
---ebpf-pid----448783----pid-448783
---ebpf-pid----448783----pid-448520
---ebpf-pid----448783----pid-1
---ebpf-pid----448783----pid-448783
---ebpf-pid----448783----pid-448520
---ebpf-pid----448783----pid-1
---ebpf-pid----448783----pid-448783
---ebpf-pid----448783----pid-448520
---ebpf-pid----448783----pid-1
---ebpf-pid----448783----pid-448783
---ebpf-pid----448783----pid-448520
---ebpf-pid----448783----pid-1
---ebpf-pid----448783----pid-448783
---ebpf-pid----448783----pid-448520
---ebpf-pid----448783----pid-1
---ebpf-pid----448783----pid-448783
---ebpf-pid----448783----pid-448520
---ebpf-pid----448783----pid-1
---ebpf-pid----448783----pid-448783
---ebpf-pid----448783----pid-448520
---ebpf-pid----448783----pid-1
---ebpf-pid----14----pid-14
---ebpf-pid----14----pid-2
---ebpf-pid----5637----pid-5637
---ebpf-pid----5637----pid-1
---ebpf-pid----4716----pid-4716
---ebpf-pid----4716----pid-3323
---ebpf-pid----4716----pid-1
---ebpf-pid----448522----pid-448522
---ebpf-pid----448522----pid-1
---ebpf-pid----5637----pid-5637
---ebpf-pid----5637----pid-1
---ebpf-pid----448522----pid-448522
---ebpf-pid----448522----pid-1
---ebpf-pid----5637----pid-5637
---ebpf-pid----5637----pid-1
---ebpf-pid----4716----pid-4716
---ebpf-pid----4716----pid-3323
---ebpf-pid----4716----pid-1
---ebpf-pid----4716----pid-4716
---ebpf-pid----4716----pid-3323
---ebpf-pid----4716----pid-1
---ebpf-pid----4716----pid-4716
---ebpf-pid----4716----pid-3323
---ebpf-pid----4716----pid-1
---ebpf-pid----4716----pid-4716
---ebpf-pid----4716----pid-3323
---ebpf-pid----4716----pid-1
---ebpf-pid----4716----pid-4716
---ebpf-pid----4716----pid-3323
---ebpf-pid----4716----pid-1
---ebpf-pid----7313----pid-7313
---ebpf-pid----7313----pid-1
---ebpf-pid----4716----pid-4716
---ebpf-pid----4716----pid-3323
---ebpf-pid----4716----pid-1
---ebpf-pid----4716----pid-4716
---ebpf-pid----4716----pid-3323
---ebpf-pid----4716----pid-1
---ebpf-pid----4716----pid-4716
---ebpf-pid----4716----pid-3323
---ebpf-pid----4716----pid-1
---ebpf-pid----5637----pid-5637
---ebpf-pid----5637----pid-1
---ebpf-pid----5637----pid-5637
---ebpf-pid----5637----pid-1
---ebpf-pid----4716----pid-4716
---ebpf-pid----4716----pid-3323
---ebpf-pid----4716----pid-1
---ebpf-pid----4716----pid-4716
---ebpf-pid----4716----pid-3323
---ebpf-pid----4716----pid-1
---ebpf-pid----4716----pid-4716
---ebpf-pid----4716----pid-3323
---ebpf-pid----4716----pid-1
---ebpf-pid----4716----pid-4716
---ebpf-pid----4716----pid-3323
---ebpf-pid----4716----pid-1
---ebpf-pid----5705----pid-5705
---ebpf-pid----5705----pid-5476
---ebpf-pid----5705----pid-1
---ebpf-pid----379067----pid-379067
---ebpf-pid----379067----pid-5476
---ebpf-pid----379067----pid-1
---ebpf-pid----379067----pid-379067
---ebpf-pid----379067----pid-5476
---ebpf-pid----379067----pid-1
---ebpf-pid----5705----pid-5705
---ebpf-pid----5705----pid-5476
---ebpf-pid----5705----pid-1
---ebpf-pid----378284----pid-378284
---ebpf-pid----378284----pid-5476
---ebpf-pid----378284----pid-1
---ebpf-pid----378284----pid-378284
---ebpf-pid----378284----pid-5476
---ebpf-pid----378284----pid-1
---ebpf-pid----378284----pid-378284
---ebpf-pid----378284----pid-5476
---ebpf-pid----378284----pid-1
---ebpf-pid----378284----pid-378284
---ebpf-pid----378284----pid-5476
---ebpf-pid----378284----pid-1
---ebpf-pid----378284----pid-378284
---ebpf-pid----378284----pid-5476
---ebpf-pid----378284----pid-1
---ebpf-pid----379067----pid-379067
---ebpf-pid----379067----pid-5476
---ebpf-pid----379067----pid-1
---ebpf-pid----379067----pid-379067
---ebpf-pid----379067----pid-5476
---ebpf-pid----379067----pid-1
---ebpf-pid----379067----pid-379067
---ebpf-pid----379067----pid-5476
---ebpf-pid----379067----pid-1
---ebpf-pid----379067----pid-379067
---ebpf-pid----379067----pid-5476
---ebpf-pid----379067----pid-1
---ebpf-pid----379067----pid-379067
---ebpf-pid----379067----pid-5476
---ebpf-pid----379067----pid-1
---ebpf-pid----379067----pid-379067
---ebpf-pid----379067----pid-5476
---ebpf-pid----379067----pid-1
---ebpf-pid----379067----pid-379067
---ebpf-pid----379067----pid-5476
---ebpf-pid----379067----pid-1
---ebpf-pid----379067----pid-379067
---ebpf-pid----379067----pid-5476
---ebpf-pid----379067----pid-1
---ebpf-pid----379067----pid-379067
---ebpf-pid----379067----pid-5476
---ebpf-pid----379067----pid-1
---ebpf-pid----378284----pid-378284
---ebpf-pid----378284----pid-5476
---ebpf-pid----378284----pid-1
---ebpf-pid----378284----pid-378284
---ebpf-pid----378284----pid-5476
---ebpf-pid----378284----pid-1
---ebpf-pid----379067----pid-379067
---ebpf-pid----379067----pid-5476
---ebpf-pid----379067----pid-1
---ebpf-pid----379067----pid-379067
---ebpf-pid----379067----pid-5476
---ebpf-pid----379067----pid-1
---ebpf-pid----448522----pid-448522
---ebpf-pid----448522----pid-1
---ebpf-pid----379067----pid-379067
---ebpf-pid----379067----pid-5476
---ebpf-pid----379067----pid-1
---ebpf-pid----379067----pid-379067
---ebpf-pid----379067----pid-5476
---ebpf-pid----379067----pid-1
---ebpf-pid----448522----pid-448522
---ebpf-pid----448522----pid-1
---ebpf-pid----7313----pid-7313
---ebpf-pid----7313----pid-1
---ebpf-pid----2089----pid-2089
---ebpf-pid----2089----pid-1
---ebpf-pid----2089----pid-2089
---ebpf-pid----2089----pid-1
---ebpf-pid----2089----pid-2089
---ebpf-pid----2089----pid-1
---ebpf-pid----2089----pid-2089
---ebpf-pid----2089----pid-1
---ebpf-pid----2089----pid-2089
---ebpf-pid----2089----pid-1
---ebpf-pid----2089----pid-2089
---ebpf-pid----2089----pid-1
---ebpf-pid----2089----pid-2089
---ebpf-pid----2089----pid-1
---ebpf-pid----2089----pid-2089
---ebpf-pid----2089----pid-1
---ebpf-pid----2089----pid-2089
---ebpf-pid----2089----pid-1
---ebpf-pid----448522----pid-448522
---ebpf-pid----448522----pid-1
---ebpf-pid----448522----pid-448522
---ebpf-pid----448522----pid-1
---ebpf-pid----448783----pid-448783
---ebpf-pid----448783----pid-448520
---ebpf-pid----448783----pid-1
---ebpf-pid----448783----pid-448783
---ebpf-pid----448783----pid-448520
---ebpf-pid----448783----pid-1
---ebpf-pid----448783----pid-448783
---ebpf-pid----448783----pid-448520
---ebpf-pid----448783----pid-1
---ebpf-pid----448783----pid-448783
---ebpf-pid----448783----pid-448520
---ebpf-pid----448783----pid-1
---ebpf-pid----448783----pid-448783
---ebpf-pid----448783----pid-448520
---ebpf-pid----448783----pid-1
---ebpf-pid----448783----pid-448783
---ebpf-pid----448783----pid-448520
---ebpf-pid----448783----pid-1
---ebpf-pid----448783----pid-448783
---ebpf-pid----448783----pid-448520
---ebpf-pid----448783----pid-1
---ebpf-pid----448783----pid-448783
---ebpf-pid----448783----pid-448520
---ebpf-pid----448783----pid-1
---ebpf-pid----448783----pid-448783
---ebpf-pid----448783----pid-448520
---ebpf-pid----448783----pid-1
---ebpf-pid----448783----pid-448783
---ebpf-pid----448783----pid-448520
---ebpf-pid----448783----pid-1
---ebpf-pid----448783----pid-448783
---ebpf-pid----448783----pid-448520
---ebpf-pid----448783----pid-1
---ebpf-pid----448783----pid-448783
---ebpf-pid----448783----pid-448520
---ebpf-pid----448783----pid-1
---ebpf-pid----448783----pid-448783
---ebpf-pid----448783----pid-448520
---ebpf-pid----448783----pid-1
---ebpf-pid----448783----pid-448783
---ebpf-pid----448783----pid-448520
---ebpf-pid----448783----pid-1
---ebpf-pid----406335----pid-406335
---ebpf-pid----406335----pid-3323
---ebpf-pid----406335----pid-1
---ebpf-pid----406335----pid-406335
---ebpf-pid----406335----pid-3323
---ebpf-pid----406335----pid-1
---ebpf-pid----406335----pid-406335
---ebpf-pid----406335----pid-3323
---ebpf-pid----406335----pid-1
---ebpf-pid----5638----pid-5638
---ebpf-pid----5638----pid-1
---ebpf-pid----5638----pid-5638
---ebpf-pid----5638----pid-1
---ebpf-pid----5638----pid-5638
---ebpf-pid----5638----pid-1
---ebpf-pid----5638----pid-5638
---ebpf-pid----5638----pid-1
---ebpf-pid----448522----pid-448522
---ebpf-pid----448522----pid-1
---ebpf-pid----448783----pid-448783
---ebpf-pid----448783----pid-448520
---ebpf-pid----448783----pid-1
---ebpf-pid----448783----pid-448783
---ebpf-pid----448783----pid-448520
---ebpf-pid----448783----pid-1
---ebpf-pid----448783----pid-448783
---ebpf-pid----448783----pid-448520
---ebpf-pid----448783----pid-1
---ebpf-pid----448783----pid-448783
---ebpf-pid----448783----pid-448520
---ebpf-pid----448783----pid-1
---ebpf-pid----448783----pid-448783
---ebpf-pid----448783----pid-448520
---ebpf-pid----448783----pid-1
---ebpf-pid----448783----pid-448783
---ebpf-pid----448783----pid-448520
---ebpf-pid----448783----pid-1
---ebpf-pid----448783----pid-448783
---ebpf-pid----448783----pid-448520
---ebpf-pid----448783----pid-1
---ebpf-pid----448783----pid-448783
---ebpf-pid----448783----pid-448520
---ebpf-pid----448783----pid-1
---ebpf-pid----448783----pid-448783
---ebpf-pid----448783----pid-448520
---ebpf-pid----448783----pid-1
---ebpf-pid----448783----pid-448783
---ebpf-pid----448783----pid-448520
---ebpf-pid----448783----pid-1
---ebpf-pid----448783----pid-448783
---ebpf-pid----448783----pid-448520
---ebpf-pid----448783----pid-1
---ebpf-pid----448783----pid-448783
---ebpf-pid----448783----pid-448520
---ebpf-pid----448783----pid-1
---ebpf-pid----448783----pid-448783
---ebpf-pid----448783----pid-448520
---ebpf-pid----448783----pid-1
---ebpf-pid----448783----pid-448783
---ebpf-pid----448783----pid-448520
---ebpf-pid----448783----pid-1
---ebpf-pid----448783----pid-448783
---ebpf-pid----448783----pid-448520
---ebpf-pid----448783----pid-1
---ebpf-pid----448783----pid-448783
---ebpf-pid----448783----pid-448520
---ebpf-pid----448783----pid-1
---ebpf-pid----448783----pid-448783
---ebpf-pid----448783----pid-448520
---ebpf-pid----448783----pid-1
---ebpf-pid----448783----pid-448783
---ebpf-pid----448783----pid-448520
---ebpf-pid----448783----pid-1
---ebpf-pid----448783----pid-448783
---ebpf-pid----448783----pid-448520
---ebpf-pid----448783----pid-1
---ebpf-pid----448783----pid-448783
---ebpf-pid----448783----pid-448520
---ebpf-pid----448783----pid-1
---ebpf-pid----448783----pid-448783
---ebpf-pid----448783----pid-448520
---ebpf-pid----448783----pid-1
---ebpf-pid----448783----pid-448783
---ebpf-pid----448783----pid-448520
---ebpf-pid----448783----pid-1
---ebpf-pid----448783----pid-448783
---ebpf-pid----448783----pid-448520
---ebpf-pid----448783----pid-1
---ebpf-pid----448783----pid-448783
---ebpf-pid----448783----pid-448520
---ebpf-pid----448783----pid-1
---ebpf-pid----448783----pid-448783
---ebpf-pid----448783----pid-448520
---ebpf-pid----448783----pid-1
---ebpf-pid----448783----pid-448783
---ebpf-pid----448783----pid-448520
---ebpf-pid----448783----pid-1
---ebpf-pid----448783----pid-448783
---ebpf-pid----448783----pid-448520
---ebpf-pid----448783----pid-1
---ebpf-pid----448783----pid-448783
---ebpf-pid----448783----pid-448520
---ebpf-pid----448783----pid-1
---ebpf-pid----448783----pid-448783
---ebpf-pid----448783----pid-448520
---ebpf-pid----448783----pid-1
---ebpf-pid----448783----pid-448783
---ebpf-pid----448783----pid-448520
---ebpf-pid----448783----pid-1
---ebpf-pid----448783----pid-448783
---ebpf-pid----448783----pid-448520
---ebpf-pid----448783----pid-1
---ebpf-pid----448783----pid-448783
---ebpf-pid----448783----pid-448520
---ebpf-pid----448783----pid-1
---ebpf-pid----448783----pid-448783
---ebpf-pid----448783----pid-448520
---ebpf-pid----448783----pid-1
---ebpf-pid----448783----pid-448783
---ebpf-pid----448783----pid-448520
---ebpf-pid----448783----pid-1
---ebpf-pid----448783----pid-448783
---ebpf-pid----448783----pid-448520
---ebpf-pid----448783----pid-1
---ebpf-pid----448783----pid-448783
---ebpf-pid----448783----pid-448520
---ebpf-pid----448783----pid-1
---ebpf-pid----448783----pid-448783
---ebpf-pid----448783----pid-448520
---ebpf-pid----448783----pid-1
---ebpf-pid----448783----pid-448783
---ebpf-pid----448783----pid-448520
---ebpf-pid----448783----pid-1
---ebpf-pid----448783----pid-448783
---ebpf-pid----448783----pid-448520
---ebpf-pid----448783----pid-1
---ebpf-pid----448783----pid-448783
---ebpf-pid----448783----pid-448520
---ebpf-pid----448783----pid-1
---ebpf-pid----448783----pid-448783
---ebpf-pid----448783----pid-448520
---ebpf-pid----448783----pid-1
---ebpf-pid----448783----pid-448783
---ebpf-pid----448783----pid-448520
---ebpf-pid----448783----pid-1
---ebpf-pid----448783----pid-448783
---ebpf-pid----448783----pid-448520
---ebpf-pid----448783----pid-1
---ebpf-pid----448783----pid-448783
---ebpf-pid----448783----pid-448520
---ebpf-pid----448783----pid-1
---ebpf-pid----448783----pid-448783
---ebpf-pid----448783----pid-448520
---ebpf-pid----448783----pid-1
---ebpf-pid----448783----pid-448783
---ebpf-pid----448783----pid-448520
---ebpf-pid----448783----pid-1
---ebpf-pid----448783----pid-448783
---ebpf-pid----448783----pid-448520
---ebpf-pid----448783----pid-1
---ebpf-pid----448783----pid-448783
---ebpf-pid----448783----pid-448520
---ebpf-pid----448783----pid-1
---ebpf-pid----448522----pid-448522
---ebpf-pid----448522----pid-1
---ebpf-pid----379067----pid-379067
---ebpf-pid----379067----pid-5476
---ebpf-pid----379067----pid-1
---ebpf-pid----379067----pid-379067
---ebpf-pid----379067----pid-5476
---ebpf-pid----379067----pid-1
---ebpf-pid----379067----pid-379067
---ebpf-pid----379067----pid-5476
---ebpf-pid----379067----pid-1
---ebpf-pid----379067----pid-379067
---ebpf-pid----379067----pid-5476
---ebpf-pid----379067----pid-1
---ebpf-pid----379067----pid-379067
---ebpf-pid----379067----pid-5476
---ebpf-pid----379067----pid-1
---ebpf-pid----379067----pid-379067
---ebpf-pid----379067----pid-5476
---ebpf-pid----379067----pid-1
---ebpf-pid----379067----pid-379067
---ebpf-pid----379067----pid-5476
---ebpf-pid----379067----pid-1
---ebpf-pid----379067----pid-379067
---ebpf-pid----379067----pid-5476
---ebpf-pid----379067----pid-1
---ebpf-pid----379067----pid-379067
---ebpf-pid----379067----pid-5476
---ebpf-pid----379067----pid-1
---ebpf-pid----448522----pid-448522
---ebpf-pid----448522----pid-1
---ebpf-pid----7313----pid-7313
---ebpf-pid----7313----pid-1
---ebpf-pid----448522----pid-448522
---ebpf-pid----448522----pid-1
---ebpf-pid----7313----pid-7313
---ebpf-pid----7313----pid-1
---ebpf-pid----7313----pid-7313
---ebpf-pid----7313----pid-1
---ebpf-pid----5637----pid-5637
---ebpf-pid----5637----pid-1
---ebpf-pid----7313----pid-7313
---ebpf-pid----7313----pid-1
---ebpf-pid----448522----pid-448522
---ebpf-pid----448522----pid-1
---ebpf-pid----5637----pid-5637
---ebpf-pid----5637----pid-1
---ebpf-pid----4716----pid-4716
---ebpf-pid----4716----pid-3323
---ebpf-pid----4716----pid-1
---ebpf-pid----4716----pid-4716
---ebpf-pid----4716----pid-3323
---ebpf-pid----4716----pid-1
---ebpf-pid----7313----pid-7313
---ebpf-pid----7313----pid-1
---ebpf-pid----7313----pid-7313
---ebpf-pid----7313----pid-1
---ebpf-pid----4716----pid-4716
---ebpf-pid----4716----pid-3323
---ebpf-pid----4716----pid-1
---ebpf-pid----448522----pid-448522
---ebpf-pid----448522----pid-1
---ebpf-pid----4716----pid-4716
---ebpf-pid----4716----pid-3323
---ebpf-pid----4716----pid-1
---ebpf-pid----4716----pid-4716
---ebpf-pid----4716----pid-3323
---ebpf-pid----4716----pid-1
---ebpf-pid----4716----pid-4716
---ebpf-pid----4716----pid-3323
---ebpf-pid----4716----pid-1
---ebpf-pid----4716----pid-4716
---ebpf-pid----4716----pid-3323
---ebpf-pid----4716----pid-1
---ebpf-pid----4716----pid-4716
---ebpf-pid----4716----pid-3323
---ebpf-pid----4716----pid-1
---ebpf-pid----4716----pid-4716
---ebpf-pid----4716----pid-3323
---ebpf-pid----4716----pid-1
---ebpf-pid----4716----pid-4716
---ebpf-pid----4716----pid-3323
---ebpf-pid----4716----pid-1
---ebpf-pid----4716----pid-4716
---ebpf-pid----4716----pid-3323
---ebpf-pid----4716----pid-1
---ebpf-pid----4716----pid-4716
---ebpf-pid----4716----pid-3323
---ebpf-pid----4716----pid-1
---ebpf-pid----4716----pid-4716
---ebpf-pid----4716----pid-3323
---ebpf-pid----4716----pid-1
---ebpf-pid----406335----pid-406335
---ebpf-pid----406335----pid-3323
---ebpf-pid----406335----pid-1
---ebpf-pid----7313----pid-7313
---ebpf-pid----7313----pid-1
---ebpf-pid----7313----pid-7313
---ebpf-pid----7313----pid-1
---ebpf-pid----406335----pid-406335
---ebpf-pid----406335----pid-3323
---ebpf-pid----406335----pid-1
---ebpf-pid----406335----pid-406335
---ebpf-pid----406335----pid-3323
---ebpf-pid----406335----pid-1
---ebpf-pid----406335----pid-406335
---ebpf-pid----406335----pid-3323
---ebpf-pid----406335----pid-1
---ebpf-pid----4716----pid-4716
---ebpf-pid----4716----pid-3323
---ebpf-pid----4716----pid-1
---ebpf-pid----4716----pid-4716
---ebpf-pid----4716----pid-3323
---ebpf-pid----4716----pid-1
---ebpf-pid----4716----pid-4716
---ebpf-pid----4716----pid-3323
---ebpf-pid----4716----pid-1
---ebpf-pid----4716----pid-4716
---ebpf-pid----4716----pid-3323
---ebpf-pid----4716----pid-1
---ebpf-pid----4716----pid-4716
---ebpf-pid----4716----pid-3323
---ebpf-pid----4716----pid-1
---ebpf-pid----4716----pid-4716
---ebpf-pid----4716----pid-3323
---ebpf-pid----4716----pid-1
---ebpf-pid----448522----pid-448522
---ebpf-pid----448522----pid-1
---ebpf-pid----7313----pid-7313
---ebpf-pid----7313----pid-1
---ebpf-pid----4716----pid-4716
---ebpf-pid----4716----pid-3323
---ebpf-pid----4716----pid-1
---ebpf-pid----4716----pid-4716
---ebpf-pid----4716----pid-3323
---ebpf-pid----4716----pid-1
---ebpf-pid----4716----pid-4716
---ebpf-pid----4716----pid-3323
---ebpf-pid----4716----pid-1
---ebpf-pid----7313----pid-7313
---ebpf-pid----7313----pid-1
---ebpf-pid----7313----pid-7313
---ebpf-pid----7313----pid-1
---ebpf-pid----4716----pid-4716
---ebpf-pid----4716----pid-3323
---ebpf-pid----4716----pid-1
---ebpf-pid----4716----pid-4716
---ebpf-pid----4716----pid-3323
---ebpf-pid----4716----pid-1
---ebpf-pid----4716----pid-4716
---ebpf-pid----4716----pid-3323
---ebpf-pid----4716----pid-1
---ebpf-pid----4716----pid-4716
---ebpf-pid----4716----pid-3323
---ebpf-pid----4716----pid-1
---ebpf-pid----4716----pid-4716
---ebpf-pid----4716----pid-3323
---ebpf-pid----4716----pid-1
---ebpf-pid----5637----pid-5637
---ebpf-pid----5637----pid-1
---ebpf-pid----4716----pid-4716
---ebpf-pid----4716----pid-3323
---ebpf-pid----4716----pid-1
---ebpf-pid----4716----pid-4716
---ebpf-pid----4716----pid-3323
---ebpf-pid----4716----pid-1
---ebpf-pid----4716----pid-4716
---ebpf-pid----4716----pid-3323
---ebpf-pid----4716----pid-1
---ebpf-pid----4716----pid-4716
---ebpf-pid----4716----pid-3323
---ebpf-pid----4716----pid-1
---ebpf-pid----4719----pid-4719
---ebpf-pid----4719----pid-3323
---ebpf-pid----4719----pid-1
---ebpf-pid----7313----pid-7313
---ebpf-pid----7313----pid-1
---ebpf-pid----4716----pid-4716
---ebpf-pid----4716----pid-3323
---ebpf-pid----4716----pid-1
---ebpf-pid----4716----pid-4716
---ebpf-pid----4716----pid-3323
---ebpf-pid----4716----pid-1
---ebpf-pid----4716----pid-4716
---ebpf-pid----4716----pid-3323
---ebpf-pid----4716----pid-1
---ebpf-pid----4716----pid-4716
---ebpf-pid----4716----pid-3323
---ebpf-pid----4716----pid-1
---ebpf-pid----448522----pid-448522
---ebpf-pid----448522----pid-1
---ebpf-pid----5637----pid-5637
---ebpf-pid----5637----pid-1
---ebpf-pid----5637----pid-5637
---ebpf-pid----5637----pid-1
---ebpf-pid----4716----pid-4716
---ebpf-pid----4716----pid-3323
---ebpf-pid----4716----pid-1
---ebpf-pid----4716----pid-4716
---ebpf-pid----4716----pid-3323
---ebpf-pid----4716----pid-1
---ebpf-pid----4716----pid-4716
---ebpf-pid----4716----pid-3323
---ebpf-pid----4716----pid-1
---ebpf-pid----5637----pid-5637
---ebpf-pid----5637----pid-1
---ebpf-pid----4716----pid-4716
---ebpf-pid----4716----pid-3323
---ebpf-pid----4716----pid-1
---ebpf-pid----4716----pid-4716
---ebpf-pid----4716----pid-3323
---ebpf-pid----4716----pid-1
---ebpf-pid----448783----pid-448783
---ebpf-pid----448783----pid-448520
---ebpf-pid----448783----pid-1
---ebpf-pid----448783----pid-448783
---ebpf-pid----448783----pid-448520
---ebpf-pid----448783----pid-1
---ebpf-pid----448783----pid-448783
---ebpf-pid----448783----pid-448520
---ebpf-pid----448783----pid-1
---ebpf-pid----448783----pid-448783
---ebpf-pid----448783----pid-448520
---ebpf-pid----448783----pid-1
---ebpf-pid----448783----pid-448783
---ebpf-pid----448783----pid-448520
---ebpf-pid----448783----pid-1
---ebpf-pid----448783----pid-448783
---ebpf-pid----448783----pid-448520
---ebpf-pid----448783----pid-1
---ebpf-pid----448783----pid-448783
---ebpf-pid----448783----pid-448520
---ebpf-pid----448783----pid-1
---ebpf-pid----448783----pid-448783
---ebpf-pid----448783----pid-448520
---ebpf-pid----448783----pid-1
---ebpf-pid----448783----pid-448783
---ebpf-pid----448783----pid-448520
---ebpf-pid----448783----pid-1
---ebpf-pid----448783----pid-448783
---ebpf-pid----448783----pid-448520
---ebpf-pid----448783----pid-1
---ebpf-pid----448783----pid-448783
---ebpf-pid----448783----pid-448520
---ebpf-pid----448783----pid-1
---ebpf-pid----14----pid-14
---ebpf-pid----14----pid-2
---ebpf-pid----448783----pid-448783
---ebpf-pid----448783----pid-448520
---ebpf-pid----448783----pid-1
---ebpf-pid----448783----pid-448783
---ebpf-pid----448783----pid-448520
---ebpf-pid----448783----pid-1
---ebpf-pid----448783----pid-448783
---ebpf-pid----448783----pid-448520
---ebpf-pid----448783----pid-1
---ebpf-pid----448783----pid-448783
---ebpf-pid----448783----pid-448520
---ebpf-pid----448783----pid-1
---ebpf-pid----448783----pid-448783
---ebpf-pid----448783----pid-448520
---ebpf-pid----448783----pid-1
---ebpf-pid----448783----pid-448783
---ebpf-pid----448783----pid-448520
---ebpf-pid----448783----pid-1
---ebpf-pid----448783----pid-448783
---ebpf-pid----448783----pid-448520
---ebpf-pid----448783----pid-1
---ebpf-pid----448783----pid-448783
---ebpf-pid----448783----pid-448520
---ebpf-pid----448783----pid-1
---ebpf-pid----448783----pid-448783
---ebpf-pid----448783----pid-448520
---ebpf-pid----448783----pid-1
---ebpf-pid----448783----pid-448783
---ebpf-pid----448783----pid-448520
---ebpf-pid----448783----pid-1
---ebpf-pid----448783----pid-448783
---ebpf-pid----448783----pid-448520
---ebpf-pid----448783----pid-1
---ebpf-pid----448783----pid-448783
---ebpf-pid----448783----pid-448520
---ebpf-pid----448783----pid-1
---ebpf-pid----448783----pid-448783
---ebpf-pid----448783----pid-448520
---ebpf-pid----448783----pid-1
---ebpf-pid----448783----pid-448783
---ebpf-pid----448783----pid-448520
---ebpf-pid----448783----pid-1
---ebpf-pid----448783----pid-448783
---ebpf-pid----448783----pid-448520
---ebpf-pid----448783----pid-1
---ebpf-pid----448783----pid-448783
---ebpf-pid----448783----pid-448520
---ebpf-pid----448783----pid-1
---ebpf-pid----448783----pid-448783
---ebpf-pid----448783----pid-448520
---ebpf-pid----448783----pid-1
---ebpf-pid----448783----pid-448783
---ebpf-pid----448783----pid-448520
---ebpf-pid----448783----pid-1
---ebpf-pid----448783----pid-448783
---ebpf-pid----448783----pid-448520
---ebpf-pid----448783----pid-1
---ebpf-pid----448783----pid-448783
---ebpf-pid----448783----pid-448520
---ebpf-pid----448783----pid-1
---ebpf-pid----448783----pid-448783
---ebpf-pid----448783----pid-448520
---ebpf-pid----448783----pid-1
---ebpf-pid----448783----pid-448783
---ebpf-pid----448783----pid-448520
---ebpf-pid----448783----pid-1
---ebpf-pid----448783----pid-448783
---ebpf-pid----448783----pid-448520
---ebpf-pid----448783----pid-1
---ebpf-pid----448783----pid-448783
---ebpf-pid----448783----pid-448520
---ebpf-pid----448783----pid-1
---ebpf-pid----5106----pid-5106
---ebpf-pid----5106----pid-3323
---ebpf-pid----5106----pid-1
---ebpf-pid----406335----pid-406335
---ebpf-pid----406335----pid-3323
---ebpf-pid----406335----pid-1
---ebpf-pid----406335----pid-406335
---ebpf-pid----406335----pid-3323
---ebpf-pid----406335----pid-1
---ebpf-pid----406335----pid-406335
---ebpf-pid----406335----pid-3323
---ebpf-pid----406335----pid-1
---ebpf-pid----406335----pid-406335
---ebpf-pid----406335----pid-3323
---ebpf-pid----406335----pid-1
---ebpf-pid----406335----pid-406335
---ebpf-pid----406335----pid-3323
---ebpf-pid----406335----pid-1
---ebpf-pid----406335----pid-406335
---ebpf-pid----406335----pid-3323
---ebpf-pid----406335----pid-1
---ebpf-pid----406335----pid-406335
---ebpf-pid----406335----pid-3323
---ebpf-pid----406335----pid-1
---ebpf-pid----406335----pid-406335
---ebpf-pid----406335----pid-3323
---ebpf-pid----406335----pid-1
---ebpf-pid----5638----pid-5638
---ebpf-pid----5638----pid-1
---ebpf-pid----4716----pid-4716
---ebpf-pid----4716----pid-3323
---ebpf-pid----4716----pid-1
---ebpf-pid----4716----pid-4716
---ebpf-pid----4716----pid-3323
---ebpf-pid----4716----pid-1
---ebpf-pid----4716----pid-4716
---ebpf-pid----4716----pid-3323
---ebpf-pid----4716----pid-1
---ebpf-pid----448522----pid-448522
---ebpf-pid----448522----pid-1
---ebpf-pid----4716----pid-4716
---ebpf-pid----4716----pid-3323
---ebpf-pid----4716----pid-1
---ebpf-pid----4716----pid-4716
---ebpf-pid----4716----pid-3323
---ebpf-pid----4716----pid-1
---ebpf-pid----5637----pid-5637
---ebpf-pid----5637----pid-1
---ebpf-pid----4716----pid-4716
---ebpf-pid----4716----pid-3323
---ebpf-pid----4716----pid-1
---ebpf-pid----448522----pid-448522
---ebpf-pid----448522----pid-1
---ebpf-pid----4716----pid-4716
---ebpf-pid----4716----pid-3323
---ebpf-pid----4716----pid-1
---ebpf-pid----448522----pid-448522
---ebpf-pid----448522----pid-1
---ebpf-pid----5637----pid-5637
---ebpf-pid----5637----pid-1
---ebpf-pid----4716----pid-4716
---ebpf-pid----4716----pid-3323
---ebpf-pid----4716----pid-1
---ebpf-pid----4716----pid-4716
---ebpf-pid----4716----pid-3323
---ebpf-pid----4716----pid-1
---ebpf-pid----5637----pid-5637
---ebpf-pid----5637----pid-1
---ebpf-pid----4716----pid-4716
---ebpf-pid----4716----pid-3323
---ebpf-pid----4716----pid-1
---ebpf-pid----5637----pid-5637
---ebpf-pid----5637----pid-1
---ebpf-pid----5637----pid-5637
---ebpf-pid----5637----pid-1
---ebpf-pid----5637----pid-5637
---ebpf-pid----5637----pid-1
---ebpf-pid----4716----pid-4716
---ebpf-pid----4716----pid-3323
---ebpf-pid----4716----pid-1
---ebpf-pid----5637----pid-5637
---ebpf-pid----5637----pid-1
---ebpf-pid----4716----pid-4716
---ebpf-pid----4716----pid-3323
---ebpf-pid----4716----pid-1
---ebpf-pid----4716----pid-4716
---ebpf-pid----4716----pid-3323
---ebpf-pid----4716----pid-1
---ebpf-pid----4716----pid-4716
---ebpf-pid----4716----pid-3323
---ebpf-pid----4716----pid-1
---ebpf-pid----5637----pid-5637
---ebpf-pid----5637----pid-1
---ebpf-pid----5637----pid-5637
---ebpf-pid----5637----pid-1
---ebpf-pid----4716----pid-4716
---ebpf-pid----4716----pid-3323
---ebpf-pid----4716----pid-1
---ebpf-pid----4716----pid-4716
---ebpf-pid----4716----pid-3323
---ebpf-pid----4716----pid-1
---ebpf-pid----4716----pid-4716
---ebpf-pid----4716----pid-3323
---ebpf-pid----4716----pid-1
---ebpf-pid----5637----pid-5637
---ebpf-pid----5637----pid-1
---ebpf-pid----4716----pid-4716
---ebpf-pid----4716----pid-3323
---ebpf-pid----4716----pid-1
---ebpf-pid----448522----pid-448522
---ebpf-pid----448522----pid-1
---ebpf-pid----4716----pid-4716
---ebpf-pid----4716----pid-3323
---ebpf-pid----4716----pid-1
---ebpf-pid----4716----pid-4716
---ebpf-pid----4716----pid-3323
---ebpf-pid----4716----pid-1
---ebpf-pid----4716----pid-4716
---ebpf-pid----4716----pid-3323
---ebpf-pid----4716----pid-1
---ebpf-pid----448522----pid-448522
---ebpf-pid----448522----pid-1
---ebpf-pid----5638----pid-5638
---ebpf-pid----5638----pid-1
---ebpf-pid----4716----pid-4716
---ebpf-pid----4716----pid-3323
---ebpf-pid----4716----pid-1
---ebpf-pid----5638----pid-5638
---ebpf-pid----5638----pid-1
---ebpf-pid----4716----pid-4716
---ebpf-pid----4716----pid-3323
---ebpf-pid----4716----pid-1
---ebpf-pid----4716----pid-4716
---ebpf-pid----4716----pid-3323
---ebpf-pid----4716----pid-1
---ebpf-pid----4716----pid-4716
---ebpf-pid----4716----pid-3323
---ebpf-pid----4716----pid-1
---ebpf-pid----4716----pid-4716
---ebpf-pid----4716----pid-3323
---ebpf-pid----4716----pid-1
---ebpf-pid----7313----pid-7313
---ebpf-pid----7313----pid-1
---ebpf-pid----4716----pid-4716
---ebpf-pid----4716----pid-3323
---ebpf-pid----4716----pid-1
---ebpf-pid----4716----pid-4716
---ebpf-pid----4716----pid-3323
---ebpf-pid----4716----pid-1
---ebpf-pid----4716----pid-4716
---ebpf-pid----4716----pid-3323
---ebpf-pid----4716----pid-1
---ebpf-pid----4716----pid-4716
---ebpf-pid----4716----pid-3323
---ebpf-pid----4716----pid-1
---ebpf-pid----4716----pid-4716
---ebpf-pid----4716----pid-3323
---ebpf-pid----4716----pid-1
---ebpf-pid----4716----pid-4716
---ebpf-pid----4716----pid-3323
---ebpf-pid----4716----pid-1
---ebpf-pid----4716----pid-4716
---ebpf-pid----4716----pid-3323
---ebpf-pid----4716----pid-1
---ebpf-pid----448783----pid-448783
---ebpf-pid----448783----pid-448520
---ebpf-pid----448783----pid-1
---ebpf-pid----448783----pid-448783
---ebpf-pid----448783----pid-448520
---ebpf-pid----448783----pid-1
---ebpf-pid----448783----pid-448783
---ebpf-pid----448783----pid-448520
---ebpf-pid----448783----pid-1
---ebpf-pid----448783----pid-448783
---ebpf-pid----448783----pid-448520
---ebpf-pid----448783----pid-1
---ebpf-pid----448783----pid-448783
---ebpf-pid----448783----pid-448520
---ebpf-pid----448783----pid-1
---ebpf-pid----7313----pid-7313
---ebpf-pid----7313----pid-1
---ebpf-pid----7313----pid-7313
---ebpf-pid----7313----pid-1
---ebpf-pid----4716----pid-4716
---ebpf-pid----4716----pid-3323
---ebpf-pid----4716----pid-1
---ebpf-pid----4716----pid-4716
---ebpf-pid----4716----pid-3323
---ebpf-pid----4716----pid-1
---ebpf-pid----4716----pid-4716
---ebpf-pid----4716----pid-3323
---ebpf-pid----4716----pid-1
---ebpf-pid----4716----pid-4716
---ebpf-pid----4716----pid-3323
---ebpf-pid----4716----pid-1
---ebpf-pid----4716----pid-4716
---ebpf-pid----4716----pid-3323
---ebpf-pid----4716----pid-1
---ebpf-pid----7313----pid-7313
---ebpf-pid----7313----pid-1
---ebpf-pid----4716----pid-4716
---ebpf-pid----4716----pid-3323
---ebpf-pid----4716----pid-1
---ebpf-pid----5638----pid-5638
---ebpf-pid----5638----pid-1
---ebpf-pid----4716----pid-4716
---ebpf-pid----4716----pid-3323
---ebpf-pid----4716----pid-1
---ebpf-pid----4716----pid-4716
---ebpf-pid----4716----pid-3323
---ebpf-pid----4716----pid-1
---ebpf-pid----4716----pid-4716
---ebpf-pid----4716----pid-3323
---ebpf-pid----4716----pid-1
---ebpf-pid----7313----pid-7313
---ebpf-pid----7313----pid-1
---ebpf-pid----4716----pid-4716
---ebpf-pid----4716----pid-3323
---ebpf-pid----4716----pid-1
---ebpf-pid----4716----pid-4716
---ebpf-pid----4716----pid-3323
---ebpf-pid----4716----pid-1
---ebpf-pid----4716----pid-4716
---ebpf-pid----4716----pid-3323
---ebpf-pid----4716----pid-1
---ebpf-pid----6428----pid-6428
---ebpf-pid----6428----pid-5550
---ebpf-pid----6428----pid-1
---ebpf-pid----7313----pid-7313
---ebpf-pid----7313----pid-1
---ebpf-pid----7313----pid-7313
---ebpf-pid----7313----pid-1
---ebpf-pid----4716----pid-4716
---ebpf-pid----4716----pid-3323
---ebpf-pid----4716----pid-1
---ebpf-pid----4716----pid-4716
---ebpf-pid----4716----pid-3323
---ebpf-pid----4716----pid-1
---ebpf-pid----4716----pid-4716
---ebpf-pid----4716----pid-3323
---ebpf-pid----4716----pid-1
---ebpf-pid----4716----pid-4716
---ebpf-pid----4716----pid-3323
---ebpf-pid----4716----pid-1
---ebpf-pid----4716----pid-4716
---ebpf-pid----4716----pid-3323
---ebpf-pid----4716----pid-1
---ebpf-pid----4716----pid-4716
---ebpf-pid----4716----pid-3323
---ebpf-pid----4716----pid-1
---ebpf-pid----7313----pid-7313
---ebpf-pid----7313----pid-1
---ebpf-pid----4716----pid-4716
---ebpf-pid----4716----pid-3323
---ebpf-pid----4716----pid-1
---ebpf-pid----448783----pid-448783
---ebpf-pid----448783----pid-448520
---ebpf-pid----448783----pid-1
---ebpf-pid----448783----pid-448783
---ebpf-pid----448783----pid-448520
---ebpf-pid----448783----pid-1
---ebpf-pid----4716----pid-4716
---ebpf-pid----4716----pid-3323
---ebpf-pid----4716----pid-1
---ebpf-pid----4716----pid-4716
---ebpf-pid----4716----pid-3323
---ebpf-pid----4716----pid-1
---ebpf-pid----4716----pid-4716
---ebpf-pid----4716----pid-3323
---ebpf-pid----4716----pid-1
---ebpf-pid----4716----pid-4716
---ebpf-pid----4716----pid-3323
---ebpf-pid----4716----pid-1
---ebpf-pid----4716----pid-4716
---ebpf-pid----4716----pid-3323
---ebpf-pid----4716----pid-1
---ebpf-pid----4716----pid-4716
---ebpf-pid----4716----pid-3323
---ebpf-pid----4716----pid-1
---ebpf-pid----4716----pid-4716
---ebpf-pid----4716----pid-3323
---ebpf-pid----4716----pid-1
---ebpf-pid----4716----pid-4716
---ebpf-pid----4716----pid-3323
---ebpf-pid----4716----pid-1
---ebpf-pid----406335----pid-406335
---ebpf-pid----406335----pid-3323
---ebpf-pid----406335----pid-1
---ebpf-pid----406335----pid-406335
---ebpf-pid----406335----pid-3323
---ebpf-pid----406335----pid-1
---ebpf-pid----406335----pid-406335
---ebpf-pid----406335----pid-3323
---ebpf-pid----406335----pid-1
---ebpf-pid----406335----pid-406335
---ebpf-pid----406335----pid-3323
---ebpf-pid----406335----pid-1
---ebpf-pid----406335----pid-406335
---ebpf-pid----406335----pid-3323
---ebpf-pid----406335----pid-1
---ebpf-pid----406335----pid-406335
---ebpf-pid----406335----pid-3323
---ebpf-pid----406335----pid-1
---ebpf-pid----406335----pid-406335
---ebpf-pid----406335----pid-3323
---ebpf-pid----406335----pid-1
---ebpf-pid----406335----pid-406335
---ebpf-pid----406335----pid-3323
---ebpf-pid----406335----pid-1
---ebpf-pid----4716----pid-4716
---ebpf-pid----4716----pid-3323
---ebpf-pid----4716----pid-1
---ebpf-pid----4716----pid-4716
---ebpf-pid----4716----pid-3323
---ebpf-pid----4716----pid-1
---ebpf-pid----4716----pid-4716
---ebpf-pid----4716----pid-3323
---ebpf-pid----4716----pid-1
---ebpf-pid----4716----pid-4716
---ebpf-pid----4716----pid-3323
---ebpf-pid----4716----pid-1
---ebpf-pid----4716----pid-4716
---ebpf-pid----4716----pid-3323
---ebpf-pid----4716----pid-1
---ebpf-pid----448783----pid-448783
---ebpf-pid----448783----pid-448520
---ebpf-pid----448783----pid-1
---ebpf-pid----448783----pid-448783
---ebpf-pid----448783----pid-448520
---ebpf-pid----448783----pid-1
---ebpf-pid----448783----pid-448783
---ebpf-pid----448783----pid-448520
---ebpf-pid----448783----pid-1
---ebpf-pid----448783----pid-448783
---ebpf-pid----448783----pid-448520
---ebpf-pid----448783----pid-1
---ebpf-pid----448783----pid-448783
---ebpf-pid----448783----pid-448520
---ebpf-pid----448783----pid-1
---ebpf-pid----448783----pid-448783
---ebpf-pid----448783----pid-448520
---ebpf-pid----448783----pid-1
---ebpf-pid----448783----pid-448783
---ebpf-pid----448783----pid-448520
---ebpf-pid----448783----pid-1
---ebpf-pid----448783----pid-448783
---ebpf-pid----448783----pid-448520
---ebpf-pid----448783----pid-1
---ebpf-pid----448783----pid-448783
---ebpf-pid----448783----pid-448520
---ebpf-pid----448783----pid-1
---ebpf-pid----448783----pid-448783
---ebpf-pid----448783----pid-448520
---ebpf-pid----448783----pid-1
---ebpf-pid----448783----pid-448783
---ebpf-pid----448783----pid-448520
---ebpf-pid----448783----pid-1
---ebpf-pid----448783----pid-448783
---ebpf-pid----448783----pid-448520
---ebpf-pid----448783----pid-1
---ebpf-pid----5638----pid-5638
---ebpf-pid----5638----pid-1
---ebpf-pid----448783----pid-448783
---ebpf-pid----448783----pid-448520
---ebpf-pid----448783----pid-1
---ebpf-pid----448783----pid-448783
---ebpf-pid----448783----pid-448520
---ebpf-pid----448783----pid-1
---ebpf-pid----448783----pid-448783
---ebpf-pid----448783----pid-448520
---ebpf-pid----448783----pid-1
---ebpf-pid----448783----pid-448783
---ebpf-pid----448783----pid-448520
---ebpf-pid----448783----pid-1
---ebpf-pid----448783----pid-448783
---ebpf-pid----448783----pid-448520
---ebpf-pid----448783----pid-1
---ebpf-pid----448783----pid-448783
---ebpf-pid----448783----pid-448520
---ebpf-pid----448783----pid-1
---ebpf-pid----448783----pid-448783
---ebpf-pid----448783----pid-448520
---ebpf-pid----448783----pid-1
---ebpf-pid----448783----pid-448783
---ebpf-pid----448783----pid-448520
---ebpf-pid----448783----pid-1
---ebpf-pid----448783----pid-448783
---ebpf-pid----448783----pid-448520
---ebpf-pid----448783----pid-1
---ebpf-pid----448783----pid-448783
---ebpf-pid----448783----pid-448520
---ebpf-pid----448783----pid-1
---ebpf-pid----448783----pid-448783
---ebpf-pid----448783----pid-448520
---ebpf-pid----448783----pid-1
---ebpf-pid----448783----pid-448783
---ebpf-pid----448783----pid-448520
---ebpf-pid----448783----pid-1
---ebpf-pid----448783----pid-448783
---ebpf-pid----448783----pid-448520
---ebpf-pid----448783----pid-1
---ebpf-pid----448783----pid-448783
---ebpf-pid----448783----pid-448520
---ebpf-pid----448783----pid-1
---ebpf-pid----448783----pid-448783
---ebpf-pid----448783----pid-448520
---ebpf-pid----448783----pid-1
---ebpf-pid----448783----pid-448783
---ebpf-pid----448783----pid-448520
---ebpf-pid----448783----pid-1
---ebpf-pid----448783----pid-448783
---ebpf-pid----448783----pid-448520
---ebpf-pid----448783----pid-1
---ebpf-pid----448783----pid-448783
---ebpf-pid----448783----pid-448520
---ebpf-pid----448783----pid-1
---ebpf-pid----448783----pid-448783
---ebpf-pid----448783----pid-448520
---ebpf-pid----448783----pid-1
---ebpf-pid----448783----pid-448783
---ebpf-pid----448783----pid-448520
---ebpf-pid----448783----pid-1
---ebpf-pid----14----pid-14
---ebpf-pid----14----pid-2
---ebpf-pid----14----pid-14
---ebpf-pid----14----pid-2
---ebpf-pid----448783----pid-448783
---ebpf-pid----448783----pid-448520
---ebpf-pid----448783----pid-1
---ebpf-pid----448783----pid-448783
---ebpf-pid----448783----pid-448520
---ebpf-pid----448783----pid-1
---ebpf-pid----448783----pid-448783
---ebpf-pid----448783----pid-448520
---ebpf-pid----448783----pid-1
---ebpf-pid----448783----pid-448783
---ebpf-pid----448783----pid-448520
---ebpf-pid----448783----pid-1
---ebpf-pid----448783----pid-448783
---ebpf-pid----448783----pid-448520
---ebpf-pid----448783----pid-1
---ebpf-pid----448783----pid-448783
---ebpf-pid----448783----pid-448520
---ebpf-pid----448783----pid-1
---ebpf-pid----448783----pid-448783
---ebpf-pid----448783----pid-448520
---ebpf-pid----448783----pid-1
---ebpf-pid----448783----pid-448783
---ebpf-pid----448783----pid-448520
---ebpf-pid----448783----pid-1
---ebpf-pid----448783----pid-448783
---ebpf-pid----448783----pid-448520
---ebpf-pid----448783----pid-1
---ebpf-pid----448783----pid-448783
---ebpf-pid----448783----pid-448520
---ebpf-pid----448783----pid-1
---ebpf-pid----448783----pid-448783
---ebpf-pid----448783----pid-448520
---ebpf-pid----448783----pid-1
---ebpf-pid----448783----pid-448783
---ebpf-pid----448783----pid-448520
---ebpf-pid----448783----pid-1
---ebpf-pid----448783----pid-448783
---ebpf-pid----448783----pid-448520
---ebpf-pid----448783----pid-1
---ebpf-pid----448783----pid-448783
---ebpf-pid----448783----pid-448520
---ebpf-pid----448783----pid-1
---ebpf-pid----448783----pid-448783
---ebpf-pid----448783----pid-448520
---ebpf-pid----448783----pid-1
---ebpf-pid----448783----pid-448783
---ebpf-pid----448783----pid-448520
---ebpf-pid----448783----pid-1
---ebpf-pid----448783----pid-448783
---ebpf-pid----448783----pid-448520
---ebpf-pid----448783----pid-1
---ebpf-pid----448783----pid-448783
---ebpf-pid----448783----pid-448520
---ebpf-pid----448783----pid-1
---ebpf-pid----448783----pid-448783
---ebpf-pid----448783----pid-448520
---ebpf-pid----448783----pid-1
---ebpf-pid----448783----pid-448783
---ebpf-pid----448783----pid-448520
---ebpf-pid----448783----pid-1
---ebpf-pid----448783----pid-448783
---ebpf-pid----448783----pid-448520
---ebpf-pid----448783----pid-1
---ebpf-pid----448783----pid-448783
---ebpf-pid----448783----pid-448520
---ebpf-pid----448783----pid-1
---ebpf-pid----448783----pid-448783
---ebpf-pid----448783----pid-448520
---ebpf-pid----448783----pid-1
---ebpf-pid----448783----pid-448783
---ebpf-pid----448783----pid-448520
---ebpf-pid----448783----pid-1
---ebpf-pid----448783----pid-448783
---ebpf-pid----448783----pid-448520
---ebpf-pid----448783----pid-1
---ebpf-pid----448783----pid-448783
---ebpf-pid----448783----pid-448520
---ebpf-pid----448783----pid-1
---ebpf-pid----448783----pid-448783
---ebpf-pid----448783----pid-448520
---ebpf-pid----448783----pid-1
---ebpf-pid----448522----pid-448522
---ebpf-pid----448522----pid-1
---ebpf-pid----448783----pid-448783
---ebpf-pid----448783----pid-448520
---ebpf-pid----448783----pid-1
---ebpf-pid----448783----pid-448783
---ebpf-pid----448783----pid-448520
---ebpf-pid----448783----pid-1
---ebpf-pid----448783----pid-448783
---ebpf-pid----448783----pid-448520
---ebpf-pid----448783----pid-1
---ebpf-pid----448783----pid-448783
---ebpf-pid----448783----pid-448520
---ebpf-pid----448783----pid-1
---ebpf-pid----448783----pid-448783
---ebpf-pid----448783----pid-448520
---ebpf-pid----448783----pid-1
---ebpf-pid----448783----pid-448783
---ebpf-pid----448783----pid-448520
---ebpf-pid----448783----pid-1
---ebpf-pid----448783----pid-448783
---ebpf-pid----448783----pid-448520
---ebpf-pid----448783----pid-1
---ebpf-pid----448783----pid-448783
---ebpf-pid----448783----pid-448520
---ebpf-pid----448783----pid-1
---ebpf-pid----7313----pid-7313
---ebpf-pid----7313----pid-1
---ebpf-pid----448783----pid-448783
---ebpf-pid----448783----pid-448520
---ebpf-pid----448783----pid-1
---ebpf-pid----448783----pid-448783
---ebpf-pid----448783----pid-448520
---ebpf-pid----448783----pid-1
---ebpf-pid----448783----pid-448783
---ebpf-pid----448783----pid-448520
---ebpf-pid----448783----pid-1
---ebpf-pid----448783----pid-448783
---ebpf-pid----448783----pid-448520
---ebpf-pid----448783----pid-1
---ebpf-pid----448783----pid-448783
---ebpf-pid----448783----pid-448520
---ebpf-pid----448783----pid-1
---ebpf-pid----448783----pid-448783
---ebpf-pid----448783----pid-448520
---ebpf-pid----448783----pid-1
---ebpf-pid----448783----pid-448783
---ebpf-pid----448783----pid-448520
---ebpf-pid----448783----pid-1
---ebpf-pid----448783----pid-448783
---ebpf-pid----448783----pid-448520
---ebpf-pid----448783----pid-1
---ebpf-pid----448783----pid-448783
---ebpf-pid----448783----pid-448520
---ebpf-pid----448783----pid-1
---ebpf-pid----448783----pid-448783
---ebpf-pid----448783----pid-448520
---ebpf-pid----448783----pid-1
---ebpf-pid----7313----pid-7313
---ebpf-pid----7313----pid-1
---ebpf-pid----5637----pid-5637
---ebpf-pid----5637----pid-1
---ebpf-pid----5878----pid-5878
---ebpf-pid----5878----pid-5550
---ebpf-pid----5878----pid-1
---ebpf-pid----448522----pid-448522
---ebpf-pid----448522----pid-1
---ebpf-pid----7313----pid-7313
---ebpf-pid----7313----pid-1
---ebpf-pid----448783----pid-448783
---ebpf-pid----448783----pid-448520
---ebpf-pid----448783----pid-1
---ebpf-pid----448783----pid-448783
---ebpf-pid----448783----pid-448520
---ebpf-pid----448783----pid-1
---ebpf-pid----448783----pid-448783
---ebpf-pid----448783----pid-448520
---ebpf-pid----448783----pid-1
---ebpf-pid----448783----pid-448783
---ebpf-pid----448783----pid-448520
---ebpf-pid----448783----pid-1
---ebpf-pid----448783----pid-448783
---ebpf-pid----448783----pid-448520
---ebpf-pid----448783----pid-1
---ebpf-pid----448783----pid-448783
---ebpf-pid----448783----pid-448520
---ebpf-pid----448783----pid-1
---ebpf-pid----448783----pid-448783
---ebpf-pid----448783----pid-448520
---ebpf-pid----448783----pid-1
---ebpf-pid----448783----pid-448783
---ebpf-pid----448783----pid-448520
---ebpf-pid----448783----pid-1
---ebpf-pid----448783----pid-448783
---ebpf-pid----448783----pid-448520
---ebpf-pid----448783----pid-1
---ebpf-pid----448783----pid-448783
---ebpf-pid----448783----pid-448520
---ebpf-pid----448783----pid-1
---ebpf-pid----448783----pid-448783
---ebpf-pid----448783----pid-448520
---ebpf-pid----448783----pid-1
---ebpf-pid----448783----pid-448783
---ebpf-pid----448783----pid-448520
---ebpf-pid----448783----pid-1
---ebpf-pid----448783----pid-448783
---ebpf-pid----448783----pid-448520
---ebpf-pid----448783----pid-1
---ebpf-pid----448522----pid-448522
---ebpf-pid----448522----pid-1
---ebpf-pid----448783----pid-448783
---ebpf-pid----448783----pid-448520
---ebpf-pid----448783----pid-1
---ebpf-pid----448783----pid-448783
---ebpf-pid----448783----pid-448520
---ebpf-pid----448783----pid-1
---ebpf-pid----448783----pid-448783
---ebpf-pid----448783----pid-448520
---ebpf-pid----448783----pid-1
---ebpf-pid----448783----pid-448783
---ebpf-pid----448783----pid-448520
---ebpf-pid----448783----pid-1
---ebpf-pid----448783----pid-448783
---ebpf-pid----448783----pid-448520
---ebpf-pid----448783----pid-1
---ebpf-pid----448783----pid-448783
---ebpf-pid----448783----pid-448520
---ebpf-pid----448783----pid-1
---ebpf-pid----448783----pid-448783
---ebpf-pid----448783----pid-448520
---ebpf-pid----448783----pid-1
---ebpf-pid----2032----pid-2032
---ebpf-pid----2032----pid-1
---ebpf-pid----4716----pid-4716
---ebpf-pid----4716----pid-3323
---ebpf-pid----4716----pid-1
---ebpf-pid----4716----pid-4716
---ebpf-pid----4716----pid-3323
---ebpf-pid----4716----pid-1
---ebpf-pid----4716----pid-4716
---ebpf-pid----4716----pid-3323
---ebpf-pid----4716----pid-1
---ebpf-pid----6365----pid-6365
---ebpf-pid----6365----pid-5980
---ebpf-pid----6365----pid-1
---ebpf-pid----2056----pid-2056
---ebpf-pid----2056----pid-1
---ebpf-pid----406335----pid-406335
---ebpf-pid----406335----pid-3323
---ebpf-pid----406335----pid-1
---ebpf-pid----406335----pid-406335
---ebpf-pid----406335----pid-3323
---ebpf-pid----406335----pid-1
---ebpf-pid----406335----pid-406335
---ebpf-pid----406335----pid-3323
---ebpf-pid----406335----pid-1
---ebpf-pid----406335----pid-406335
---ebpf-pid----406335----pid-3323
---ebpf-pid----406335----pid-1
---ebpf-pid----406335----pid-406335
---ebpf-pid----406335----pid-3323
---ebpf-pid----406335----pid-1
---ebpf-pid----2056----pid-2056
---ebpf-pid----2056----pid-1
---ebpf-pid----2056----pid-2056
---ebpf-pid----2056----pid-1
---ebpf-pid----2056----pid-2056
---ebpf-pid----2056----pid-1
---ebpf-pid----2056----pid-2056
---ebpf-pid----2056----pid-1
---ebpf-pid----2056----pid-2056
---ebpf-pid----2056----pid-1
---ebpf-pid----2056----pid-2056
---ebpf-pid----2056----pid-1
---ebpf-pid----2056----pid-2056
---ebpf-pid----2056----pid-1
---ebpf-pid----2056----pid-2056
---ebpf-pid----2056----pid-1
---ebpf-pid----4716----pid-4716
---ebpf-pid----4716----pid-3323
---ebpf-pid----4716----pid-1
---ebpf-pid----4716----pid-4716
---ebpf-pid----4716----pid-3323
---ebpf-pid----4716----pid-1
---ebpf-pid----4716----pid-4716
---ebpf-pid----4716----pid-3323
---ebpf-pid----4716----pid-1
---ebpf-pid----4716----pid-4716
---ebpf-pid----4716----pid-3323
---ebpf-pid----4716----pid-1
---ebpf-pid----4716----pid-4716
---ebpf-pid----4716----pid-3323
---ebpf-pid----4716----pid-1
---ebpf-pid----4716----pid-4716
---ebpf-pid----4716----pid-3323
---ebpf-pid----4716----pid-1
---ebpf-pid----4716----pid-4716
---ebpf-pid----4716----pid-3323
---ebpf-pid----4716----pid-1
---ebpf-pid----4716----pid-4716
---ebpf-pid----4716----pid-3323
---ebpf-pid----4716----pid-1
---ebpf-pid----448522----pid-448522
---ebpf-pid----448522----pid-1
---ebpf-pid----7313----pid-7313
---ebpf-pid----7313----pid-1
---ebpf-pid----4716----pid-4716
---ebpf-pid----4716----pid-3323
---ebpf-pid----4716----pid-1
---ebpf-pid----4716----pid-4716
---ebpf-pid----4716----pid-3323
---ebpf-pid----4716----pid-1
---ebpf-pid----4716----pid-4716
---ebpf-pid----4716----pid-3323
---ebpf-pid----4716----pid-1
---ebpf-pid----448521----pid-448521
---ebpf-pid----448521----pid-1
---ebpf-pid----2056----pid-2056
---ebpf-pid----2056----pid-1
---ebpf-pid----5637----pid-5637
---ebpf-pid----5637----pid-1
---ebpf-pid----448521----pid-448521
---ebpf-pid----448521----pid-1
---ebpf-pid----5637----pid-5637
---ebpf-pid----5637----pid-1
---ebpf-pid----5637----pid-5637
---ebpf-pid----5637----pid-1
---ebpf-pid----4716----pid-4716
---ebpf-pid----4716----pid-3323
---ebpf-pid----4716----pid-1
---ebpf-pid----448522----pid-448522
---ebpf-pid----448522----pid-1
---ebpf-pid----4716----pid-4716
---ebpf-pid----4716----pid-3323
---ebpf-pid----4716----pid-1
---ebpf-pid----4716----pid-4716
---ebpf-pid----4716----pid-3323
---ebpf-pid----4716----pid-1
---ebpf-pid----5703----pid-5703
---ebpf-pid----5703----pid-5476
---ebpf-pid----5703----pid-1
---ebpf-pid----448521----pid-448521
---ebpf-pid----448521----pid-1
---ebpf-pid----4716----pid-4716
---ebpf-pid----4716----pid-3323
---ebpf-pid----4716----pid-1
---ebpf-pid----448522----pid-448522
---ebpf-pid----448522----pid-1
---ebpf-pid----5637----pid-5637
---ebpf-pid----5637----pid-1
---ebpf-pid----4716----pid-4716
---ebpf-pid----4716----pid-3323
---ebpf-pid----4716----pid-1
---ebpf-pid----4716----pid-4716
---ebpf-pid----4716----pid-3323
---ebpf-pid----4716----pid-1
---ebpf-pid----5703----pid-5703
---ebpf-pid----5703----pid-5476
---ebpf-pid----5703----pid-1
---ebpf-pid----5703----pid-5703
---ebpf-pid----5703----pid-5476
---ebpf-pid----5703----pid-1
---ebpf-pid----448783----pid-448783
---ebpf-pid----448783----pid-448520
---ebpf-pid----448783----pid-1
---ebpf-pid----448783----pid-448783
---ebpf-pid----448783----pid-448520
---ebpf-pid----448783----pid-1
---ebpf-pid----448783----pid-448783
---ebpf-pid----448783----pid-448520
---ebpf-pid----448783----pid-1
---ebpf-pid----448783----pid-448783
---ebpf-pid----448783----pid-448520
---ebpf-pid----448783----pid-1
---ebpf-pid----448783----pid-448783
---ebpf-pid----448783----pid-448520
---ebpf-pid----448783----pid-1
---ebpf-pid----448783----pid-448783
---ebpf-pid----448783----pid-448520
---ebpf-pid----448783----pid-1
---ebpf-pid----448783----pid-448783
---ebpf-pid----448783----pid-448520
---ebpf-pid----448783----pid-1
---ebpf-pid----448783----pid-448783
---ebpf-pid----448783----pid-448520
---ebpf-pid----448783----pid-1
---ebpf-pid----448783----pid-448783
---ebpf-pid----448783----pid-448520
---ebpf-pid----448783----pid-1
---ebpf-pid----448783----pid-448783
---ebpf-pid----448783----pid-448520
---ebpf-pid----448783----pid-1
---ebpf-pid----448783----pid-448783
---ebpf-pid----448783----pid-448520
---ebpf-pid----448783----pid-1
---ebpf-pid----448783----pid-448783
---ebpf-pid----448783----pid-448520
---ebpf-pid----448783----pid-1
---ebpf-pid----448783----pid-448783
---ebpf-pid----448783----pid-448520
---ebpf-pid----448783----pid-1
---ebpf-pid----448521----pid-448521
---ebpf-pid----448521----pid-1
---ebpf-pid----448783----pid-448783
---ebpf-pid----448783----pid-448520
---ebpf-pid----448783----pid-1
---ebpf-pid----448783----pid-448783
---ebpf-pid----448783----pid-448520
---ebpf-pid----448783----pid-1
---ebpf-pid----448783----pid-448783
---ebpf-pid----448783----pid-448520
---ebpf-pid----448783----pid-1
---ebpf-pid----448783----pid-448783
---ebpf-pid----448783----pid-448520
---ebpf-pid----448783----pid-1
---ebpf-pid----448783----pid-448783
---ebpf-pid----448783----pid-448520
---ebpf-pid----448783----pid-1
---ebpf-pid----448783----pid-448783
---ebpf-pid----448783----pid-448520
---ebpf-pid----448783----pid-1
---ebpf-pid----448783----pid-448783
---ebpf-pid----448783----pid-448520
---ebpf-pid----448783----pid-1
---ebpf-pid----448783----pid-448783
---ebpf-pid----448783----pid-448520
---ebpf-pid----448783----pid-1
---ebpf-pid----448783----pid-448783
---ebpf-pid----448783----pid-448520
---ebpf-pid----448783----pid-1
---ebpf-pid----448783----pid-448783
---ebpf-pid----448783----pid-448520
---ebpf-pid----448783----pid-1
---ebpf-pid----448783----pid-448783
---ebpf-pid----448783----pid-448520
---ebpf-pid----448783----pid-1
---ebpf-pid----448783----pid-448783
---ebpf-pid----448783----pid-448520
---ebpf-pid----448783----pid-1
---ebpf-pid----448783----pid-448783
---ebpf-pid----448783----pid-448520
---ebpf-pid----448783----pid-1
---ebpf-pid----448783----pid-448783
---ebpf-pid----448783----pid-448520
---ebpf-pid----448783----pid-1
---ebpf-pid----448783----pid-448783
---ebpf-pid----448783----pid-448520
---ebpf-pid----448783----pid-1
---ebpf-pid----448783----pid-448783
---ebpf-pid----448783----pid-448520
---ebpf-pid----448783----pid-1
---ebpf-pid----448783----pid-448783
---ebpf-pid----448783----pid-448520
---ebpf-pid----448783----pid-1
---ebpf-pid----448783----pid-448783
---ebpf-pid----448783----pid-448520
---ebpf-pid----448783----pid-1
---ebpf-pid----448783----pid-448783
---ebpf-pid----448783----pid-448520
---ebpf-pid----448783----pid-1
---ebpf-pid----448783----pid-448783
---ebpf-pid----448783----pid-448520
---ebpf-pid----448783----pid-1
---ebpf-pid----448783----pid-448783
---ebpf-pid----448783----pid-448520
---ebpf-pid----448783----pid-1
---ebpf-pid----448783----pid-448783
---ebpf-pid----448783----pid-448520
---ebpf-pid----448783----pid-1
---ebpf-pid----448783----pid-448783
---ebpf-pid----448783----pid-448520
---ebpf-pid----448783----pid-1
---ebpf-pid----448783----pid-448783
---ebpf-pid----448783----pid-448520
---ebpf-pid----448783----pid-1
---ebpf-pid----448783----pid-448783
---ebpf-pid----448783----pid-448520
---ebpf-pid----448783----pid-1
---ebpf-pid----448783----pid-448783
---ebpf-pid----448783----pid-448520
---ebpf-pid----448783----pid-1
---ebpf-pid----448783----pid-448783
---ebpf-pid----448783----pid-448520
---ebpf-pid----448783----pid-1
---ebpf-pid----448783----pid-448783
---ebpf-pid----448783----pid-448520
---ebpf-pid----448783----pid-1
---ebpf-pid----448783----pid-448783
---ebpf-pid----448783----pid-448520
---ebpf-pid----448783----pid-1
---ebpf-pid----448783----pid-448783
---ebpf-pid----448783----pid-448520
---ebpf-pid----448783----pid-1
---ebpf-pid----448783----pid-448783
---ebpf-pid----448783----pid-448520
---ebpf-pid----448783----pid-1
---ebpf-pid----448783----pid-448783
---ebpf-pid----448783----pid-448520
---ebpf-pid----448783----pid-1
---ebpf-pid----448783----pid-448783
---ebpf-pid----448783----pid-448520
---ebpf-pid----448783----pid-1
---ebpf-pid----448783----pid-448783
---ebpf-pid----448783----pid-448520
---ebpf-pid----448783----pid-1
---ebpf-pid----448783----pid-448783
---ebpf-pid----448783----pid-448520
---ebpf-pid----448783----pid-1
---ebpf-pid----448783----pid-448783
---ebpf-pid----448783----pid-448520
---ebpf-pid----448783----pid-1
---ebpf-pid----448783----pid-448783
---ebpf-pid----448783----pid-448520
---ebpf-pid----448783----pid-1
---ebpf-pid----448783----pid-448783
---ebpf-pid----448783----pid-448520
---ebpf-pid----448783----pid-1
---ebpf-pid----448783----pid-448783
---ebpf-pid----448783----pid-448520
---ebpf-pid----448783----pid-1
---ebpf-pid----448783----pid-448783
---ebpf-pid----448783----pid-448520
---ebpf-pid----448783----pid-1
---ebpf-pid----448783----pid-448783
---ebpf-pid----448783----pid-448520
---ebpf-pid----448783----pid-1
---ebpf-pid----448783----pid-448783
---ebpf-pid----448783----pid-448520
---ebpf-pid----448783----pid-1
---ebpf-pid----14----pid-14
---ebpf-pid----14----pid-2
---ebpf-pid----5703----pid-5703
---ebpf-pid----5703----pid-5476
---ebpf-pid----5703----pid-1
---ebpf-pid----1856----pid-1856
---ebpf-pid----1856----pid-1
---ebpf-pid----378284----pid-378284
---ebpf-pid----378284----pid-5476
---ebpf-pid----378284----pid-1
---ebpf-pid----378284----pid-378284
---ebpf-pid----378284----pid-5476
---ebpf-pid----378284----pid-1
---ebpf-pid----378284----pid-378284
---ebpf-pid----378284----pid-5476
---ebpf-pid----378284----pid-1
---ebpf-pid----378284----pid-378284
---ebpf-pid----378284----pid-5476
---ebpf-pid----378284----pid-1
---ebpf-pid----378284----pid-378284
---ebpf-pid----378284----pid-5476
---ebpf-pid----378284----pid-1
---ebpf-pid----378284----pid-378284
---ebpf-pid----378284----pid-5476
---ebpf-pid----378284----pid-1
---ebpf-pid----378284----pid-378284
---ebpf-pid----378284----pid-5476
---ebpf-pid----378284----pid-1
---ebpf-pid----378284----pid-378284
---ebpf-pid----378284----pid-5476
---ebpf-pid----378284----pid-1
---ebpf-pid----378284----pid-378284
---ebpf-pid----378284----pid-5476
---ebpf-pid----378284----pid-1
---ebpf-pid----5109----pid-5109
---ebpf-pid----5109----pid-3323
---ebpf-pid----5109----pid-1
---ebpf-pid----5109----pid-5109
---ebpf-pid----5109----pid-3323
---ebpf-pid----5109----pid-1
---ebpf-pid----378284----pid-378284
---ebpf-pid----378284----pid-5476
---ebpf-pid----378284----pid-1
---ebpf-pid----378284----pid-378284
---ebpf-pid----378284----pid-5476
---ebpf-pid----378284----pid-1
---ebpf-pid----5703----pid-5703
---ebpf-pid----5703----pid-5476
---ebpf-pid----5703----pid-1
---ebpf-pid----378284----pid-378284
---ebpf-pid----378284----pid-5476
---ebpf-pid----378284----pid-1
---ebpf-pid----378284----pid-378284
---ebpf-pid----378284----pid-5476
---ebpf-pid----378284----pid-1
---ebpf-pid----378284----pid-378284
---ebpf-pid----378284----pid-5476
---ebpf-pid----378284----pid-1
---ebpf-pid----378284----pid-378284
---ebpf-pid----378284----pid-5476
---ebpf-pid----378284----pid-1
---ebpf-pid----378284----pid-378284
---ebpf-pid----378284----pid-5476
---ebpf-pid----378284----pid-1
---ebpf-pid----378284----pid-378284
---ebpf-pid----378284----pid-5476
---ebpf-pid----378284----pid-1
---ebpf-pid----378284----pid-378284
---ebpf-pid----378284----pid-5476
---ebpf-pid----378284----pid-1
---ebpf-pid----378284----pid-378284
---ebpf-pid----378284----pid-5476
---ebpf-pid----378284----pid-1
---ebpf-pid----378284----pid-378284
---ebpf-pid----378284----pid-5476
---ebpf-pid----378284----pid-1
---ebpf-pid----378284----pid-378284
---ebpf-pid----378284----pid-5476
---ebpf-pid----378284----pid-1
---ebpf-pid----378284----pid-378284
---ebpf-pid----378284----pid-5476
---ebpf-pid----378284----pid-1
---ebpf-pid----14----pid-14
---ebpf-pid----14----pid-2
---ebpf-pid----378284----pid-378284
---ebpf-pid----378284----pid-5476
---ebpf-pid----378284----pid-1
---ebpf-pid----378284----pid-378284
---ebpf-pid----378284----pid-5476
---ebpf-pid----378284----pid-1
---ebpf-pid----5638----pid-5638
---ebpf-pid----5638----pid-1
---ebpf-pid----378284----pid-378284
---ebpf-pid----378284----pid-5476
---ebpf-pid----378284----pid-1
---ebpf-pid----378284----pid-378284
---ebpf-pid----378284----pid-5476
---ebpf-pid----378284----pid-1
---ebpf-pid----378284----pid-378284
---ebpf-pid----378284----pid-5476
---ebpf-pid----378284----pid-1
---ebpf-pid----378284----pid-378284
---ebpf-pid----378284----pid-5476
---ebpf-pid----378284----pid-1
---ebpf-pid----378284----pid-378284
---ebpf-pid----378284----pid-5476
---ebpf-pid----378284----pid-1
---ebpf-pid----5638----pid-5638
---ebpf-pid----5638----pid-1
---ebpf-pid----5638----pid-5638
---ebpf-pid----5638----pid-1
---ebpf-pid----378284----pid-378284
---ebpf-pid----378284----pid-5476
---ebpf-pid----378284----pid-1
---ebpf-pid----5638----pid-5638
---ebpf-pid----5638----pid-1
---ebpf-pid----378284----pid-378284
---ebpf-pid----378284----pid-5476
---ebpf-pid----378284----pid-1
---ebpf-pid----448521----pid-448521
---ebpf-pid----448521----pid-1
---ebpf-pid----378284----pid-378284
---ebpf-pid----378284----pid-5476
---ebpf-pid----378284----pid-1
---ebpf-pid----378284----pid-378284
---ebpf-pid----378284----pid-5476
---ebpf-pid----378284----pid-1
---ebpf-pid----378284----pid-378284
---ebpf-pid----378284----pid-5476
---ebpf-pid----378284----pid-1
---ebpf-pid----5703----pid-5703
---ebpf-pid----5703----pid-5476
---ebpf-pid----5703----pid-1
---ebpf-pid----378284----pid-378284
---ebpf-pid----378284----pid-5476
---ebpf-pid----378284----pid-1
---ebpf-pid----378284----pid-378284
---ebpf-pid----378284----pid-5476
---ebpf-pid----378284----pid-1
---ebpf-pid----378284----pid-378284
---ebpf-pid----378284----pid-5476
---ebpf-pid----378284----pid-1
---ebpf-pid----378284----pid-378284
---ebpf-pid----378284----pid-5476
---ebpf-pid----378284----pid-1
---ebpf-pid----378284----pid-378284
---ebpf-pid----378284----pid-5476
---ebpf-pid----378284----pid-1
---ebpf-pid----378284----pid-378284
---ebpf-pid----378284----pid-5476
---ebpf-pid----378284----pid-1
---ebpf-pid----378284----pid-378284
---ebpf-pid----378284----pid-5476
---ebpf-pid----378284----pid-1
---ebpf-pid----378284----pid-378284
---ebpf-pid----378284----pid-5476
---ebpf-pid----378284----pid-1
---ebpf-pid----378284----pid-378284
---ebpf-pid----378284----pid-5476
---ebpf-pid----378284----pid-1
---ebpf-pid----378284----pid-378284
---ebpf-pid----378284----pid-5476
---ebpf-pid----378284----pid-1
---ebpf-pid----378284----pid-378284
---ebpf-pid----378284----pid-5476
---ebpf-pid----378284----pid-1
---ebpf-pid----378284----pid-378284
---ebpf-pid----378284----pid-5476
---ebpf-pid----378284----pid-1
---ebpf-pid----5703----pid-5703
---ebpf-pid----5703----pid-5476
---ebpf-pid----5703----pid-1
---ebpf-pid----378284----pid-378284
---ebpf-pid----378284----pid-5476
---ebpf-pid----378284----pid-1
---ebpf-pid----378284----pid-378284
---ebpf-pid----378284----pid-5476
---ebpf-pid----378284----pid-1
---ebpf-pid----378284----pid-378284
---ebpf-pid----378284----pid-5476
---ebpf-pid----378284----pid-1
---ebpf-pid----378284----pid-378284
---ebpf-pid----378284----pid-5476
---ebpf-pid----378284----pid-1
---ebpf-pid----378284----pid-378284
---ebpf-pid----378284----pid-5476
---ebpf-pid----378284----pid-1
---ebpf-pid----378284----pid-378284
---ebpf-pid----378284----pid-5476
---ebpf-pid----378284----pid-1
---ebpf-pid----378284----pid-378284
---ebpf-pid----378284----pid-5476
---ebpf-pid----378284----pid-1
---ebpf-pid----378284----pid-378284
---ebpf-pid----378284----pid-5476
---ebpf-pid----378284----pid-1
---ebpf-pid----378284----pid-378284
---ebpf-pid----378284----pid-5476
---ebpf-pid----378284----pid-1
---ebpf-pid----378284----pid-378284
---ebpf-pid----378284----pid-5476
---ebpf-pid----378284----pid-1
---ebpf-pid----378284----pid-378284
---ebpf-pid----378284----pid-5476
---ebpf-pid----378284----pid-1
---ebpf-pid----378284----pid-378284
---ebpf-pid----378284----pid-5476
---ebpf-pid----378284----pid-1
---ebpf-pid----5638----pid-5638
---ebpf-pid----5638----pid-1
---ebpf-pid----1856----pid-1856
---ebpf-pid----1856----pid-1
---ebpf-pid----378284----pid-378284
---ebpf-pid----378284----pid-5476
---ebpf-pid----378284----pid-1
---ebpf-pid----378284----pid-378284
Failed to get process information for PID 0
---ebpf-pid----378284----pid-5476
---ebpf-pid----378284----pid-1
---ebpf-pid----378284----pid-378284
---ebpf-pid----378284----pid-5476
---ebpf-pid----378284----pid-1
---ebpf-pid----378284----pid-378284
---ebpf-pid----378284----pid-5476
---ebpf-pid----378284----pid-1
---ebpf-pid----378284----pid-378284
---ebpf-pid----378284----pid-5476
---ebpf-pid----378284----pid-1
---ebpf-pid----378284----pid-378284
---ebpf-pid----378284----pid-5476
---ebpf-pid----378284----pid-1
---ebpf-pid----378284----pid-378284
---ebpf-pid----378284----pid-5476
---ebpf-pid----378284----pid-1
---ebpf-pid----378284----pid-378284
---ebpf-pid----378284----pid-5476
---ebpf-pid----378284----pid-1
---ebpf-pid----378284----pid-378284
---ebpf-pid----378284----pid-5476
---ebpf-pid----378284----pid-1
---ebpf-pid----378284----pid-378284
---ebpf-pid----378284----pid-5476
---ebpf-pid----378284----pid-1
---ebpf-pid----378284----pid-378284
---ebpf-pid----378284----pid-5476
---ebpf-pid----378284----pid-1
---ebpf-pid----378284----pid-378284
---ebpf-pid----378284----pid-5476
---ebpf-pid----378284----pid-1
---ebpf-pid----379067----pid-379067
---ebpf-pid----379067----pid-5476
---ebpf-pid----379067----pid-1
---ebpf-pid----379067----pid-379067
---ebpf-pid----379067----pid-5476
---ebpf-pid----379067----pid-1
---ebpf-pid----378284----pid-378284
---ebpf-pid----378284----pid-5476
---ebpf-pid----378284----pid-1
---ebpf-pid----378284----pid-378284
---ebpf-pid----378284----pid-5476
---ebpf-pid----378284----pid-1
---ebpf-pid----378284----pid-378284
---ebpf-pid----378284----pid-5476
---ebpf-pid----378284----pid-1
---ebpf-pid----378284----pid-378284
---ebpf-pid----378284----pid-5476
---ebpf-pid----378284----pid-1
---ebpf-pid----373029----pid-373029
---ebpf-pid----373029----pid-5476
---ebpf-pid----373029----pid-1
---ebpf-pid----373029----pid-373029
---ebpf-pid----373029----pid-5476
---ebpf-pid----373029----pid-1
---ebpf-pid----378284----pid-378284
---ebpf-pid----378284----pid-5476
---ebpf-pid----378284----pid-1
---ebpf-pid----373029----pid-373029
---ebpf-pid----373029----pid-5476
---ebpf-pid----373029----pid-1
---ebpf-pid----373029----pid-373029
---ebpf-pid----373029----pid-5476
---ebpf-pid----373029----pid-1
---ebpf-pid----373029----pid-373029
---ebpf-pid----373029----pid-5476
---ebpf-pid----373029----pid-1
---ebpf-pid----373029----pid-373029
---ebpf-pid----373029----pid-5476
---ebpf-pid----373029----pid-1
---ebpf-pid----373029----pid-373029
---ebpf-pid----373029----pid-5476
---ebpf-pid----373029----pid-1
---ebpf-pid----378284----pid-378284
---ebpf-pid----378284----pid-5476
---ebpf-pid----378284----pid-1
---ebpf-pid----373029----pid-373029
---ebpf-pid----373029----pid-5476
---ebpf-pid----373029----pid-1
---ebpf-pid----373029----pid-373029
---ebpf-pid----373029----pid-5476
---ebpf-pid----373029----pid-1
---ebpf-pid----378284----pid-378284
---ebpf-pid----378284----pid-5476
---ebpf-pid----378284----pid-1
---ebpf-pid----378284----pid-378284
---ebpf-pid----378284----pid-5476
---ebpf-pid----378284----pid-1
---ebpf-pid----378284----pid-378284
---ebpf-pid----378284----pid-5476
---ebpf-pid----378284----pid-1
---ebpf-pid----378284----pid-378284
---ebpf-pid----378284----pid-5476
---ebpf-pid----378284----pid-1
---ebpf-pid----379067----pid-379067
---ebpf-pid----379067----pid-5476
---ebpf-pid----379067----pid-1
---ebpf-pid----379067----pid-379067
---ebpf-pid----379067----pid-5476
---ebpf-pid----379067----pid-1
---ebpf-pid----378284----pid-378284
---ebpf-pid----378284----pid-5476
---ebpf-pid----378284----pid-1
---ebpf-pid----7313----pid-7313
---ebpf-pid----7313----pid-1
---ebpf-pid----5703----pid-5703
---ebpf-pid----5703----pid-5476
---ebpf-pid----5703----pid-1
---ebpf-pid----378284----pid-378284
---ebpf-pid----378284----pid-5476
---ebpf-pid----378284----pid-1
---ebpf-pid----378284----pid-378284
---ebpf-pid----378284----pid-5476
---ebpf-pid----378284----pid-1
---ebpf-pid----6671----pid-6671
---ebpf-pid----6671----pid-5476
---ebpf-pid----6671----pid-1
---ebpf-pid----373029----pid-373029
---ebpf-pid----373029----pid-5476
---ebpf-pid----373029----pid-1
---ebpf-pid----373029----pid-373029
---ebpf-pid----373029----pid-5476
---ebpf-pid----373029----pid-1
---ebpf-pid----373029----pid-373029
---ebpf-pid----373029----pid-5476
---ebpf-pid----373029----pid-1
---ebpf-pid----378284----pid-378284
---ebpf-pid----378284----pid-5476
---ebpf-pid----378284----pid-1
---ebpf-pid----378284----pid-378284
---ebpf-pid----378284----pid-5476
---ebpf-pid----378284----pid-1
---ebpf-pid----379067----pid-379067
---ebpf-pid----379067----pid-5476
---ebpf-pid----379067----pid-1
---ebpf-pid----379067----pid-379067
---ebpf-pid----379067----pid-5476
---ebpf-pid----379067----pid-1
---ebpf-pid----378284----pid-378284
---ebpf-pid----378284----pid-5476
---ebpf-pid----378284----pid-1
---ebpf-pid----378284----pid-378284
---ebpf-pid----378284----pid-5476
---ebpf-pid----378284----pid-1
---ebpf-pid----378284----pid-378284
---ebpf-pid----378284----pid-5476
---ebpf-pid----378284----pid-1
---ebpf-pid----378284----pid-378284
---ebpf-pid----378284----pid-5476
---ebpf-pid----378284----pid-1
---ebpf-pid----6671----pid-6671
---ebpf-pid----6671----pid-5476
---ebpf-pid----6671----pid-1
---ebpf-pid----6671----pid-6671
---ebpf-pid----6671----pid-5476
---ebpf-pid----6671----pid-1
---ebpf-pid----378284----pid-378284
---ebpf-pid----378284----pid-5476
---ebpf-pid----378284----pid-1
---ebpf-pid----378284----pid-378284
---ebpf-pid----378284----pid-5476
---ebpf-pid----378284----pid-1
---ebpf-pid----379067----pid-379067
---ebpf-pid----379067----pid-5476
---ebpf-pid----379067----pid-1
---ebpf-pid----379067----pid-379067
---ebpf-pid----379067----pid-5476
---ebpf-pid----379067----pid-1
---ebpf-pid----378284----pid-378284
---ebpf-pid----378284----pid-5476
---ebpf-pid----378284----pid-1
---ebpf-pid----379067----pid-379067
---ebpf-pid----379067----pid-5476
---ebpf-pid----379067----pid-1
---ebpf-pid----379067----pid-379067
---ebpf-pid----379067----pid-5476
---ebpf-pid----379067----pid-1
---ebpf-pid----379067----pid-379067
---ebpf-pid----379067----pid-5476
---ebpf-pid----379067----pid-1
---ebpf-pid----379067----pid-379067
---ebpf-pid----379067----pid-5476
---ebpf-pid----379067----pid-1
---ebpf-pid----7313----pid-7313
---ebpf-pid----7313----pid-1
---ebpf-pid----379067----pid-379067
---ebpf-pid----379067----pid-5476
---ebpf-pid----379067----pid-1
---ebpf-pid----379067----pid-379067
---ebpf-pid----379067----pid-5476
---ebpf-pid----379067----pid-1
---ebpf-pid----5703----pid-5703
---ebpf-pid----5703----pid-5476
---ebpf-pid----5703----pid-1
---ebpf-pid----6671----pid-6671
---ebpf-pid----6671----pid-5476
---ebpf-pid----6671----pid-1
---ebpf-pid----6671----pid-6671
---ebpf-pid----6671----pid-5476
---ebpf-pid----6671----pid-1
---ebpf-pid----6671----pid-6671
---ebpf-pid----6671----pid-5476
---ebpf-pid----6671----pid-1
---ebpf-pid----6671----pid-6671
---ebpf-pid----6671----pid-5476
---ebpf-pid----6671----pid-1
---ebpf-pid----6671----pid-6671
---ebpf-pid----6671----pid-5476
---ebpf-pid----6671----pid-1
---ebpf-pid----6671----pid-6671
---ebpf-pid----6671----pid-5476
---ebpf-pid----6671----pid-1
---ebpf-pid----6671----pid-6671
---ebpf-pid----6671----pid-5476
---ebpf-pid----6671----pid-1
---ebpf-pid----6671----pid-6671
---ebpf-pid----6671----pid-5476
---ebpf-pid----6671----pid-1
---ebpf-pid----6671----pid-6671
---ebpf-pid----6671----pid-5476
---ebpf-pid----6671----pid-1
---ebpf-pid----5703----pid-5703
---ebpf-pid----5703----pid-5476
---ebpf-pid----5703----pid-1
---ebpf-pid----4716----pid-4716
---ebpf-pid----4716----pid-3323
---ebpf-pid----4716----pid-1
---ebpf-pid----4716----pid-4716
---ebpf-pid----4716----pid-3323
---ebpf-pid----4716----pid-1
---ebpf-pid----379067----pid-379067
---ebpf-pid----379067----pid-5476
---ebpf-pid----379067----pid-1
---ebpf-pid----379067----pid-379067
---ebpf-pid----379067----pid-5476
---ebpf-pid----379067----pid-1
---ebpf-pid----379067----pid-379067
---ebpf-pid----379067----pid-5476
---ebpf-pid----379067----pid-1
---ebpf-pid----379067----pid-379067
---ebpf-pid----379067----pid-5476
---ebpf-pid----379067----pid-1
---ebpf-pid----379067----pid-379067
---ebpf-pid----379067----pid-5476
---ebpf-pid----379067----pid-1
---ebpf-pid----379067----pid-379067
---ebpf-pid----379067----pid-5476
---ebpf-pid----379067----pid-1
---ebpf-pid----4716----pid-4716
---ebpf-pid----4716----pid-3323
---ebpf-pid----4716----pid-1
---ebpf-pid----5637----pid-5637
---ebpf-pid----5637----pid-1
---ebpf-pid----4716----pid-4716
---ebpf-pid----4716----pid-3323
---ebpf-pid----4716----pid-1
---ebpf-pid----4716----pid-4716
---ebpf-pid----4716----pid-3323
---ebpf-pid----4716----pid-1
---ebpf-pid----4716----pid-4716
---ebpf-pid----4716----pid-3323
---ebpf-pid----4716----pid-1
---ebpf-pid----5637----pid-5637
---ebpf-pid----5637----pid-1
---ebpf-pid----5637----pid-5637
---ebpf-pid----5637----pid-1
---ebpf-pid----4716----pid-4716
---ebpf-pid----4716----pid-3323
---ebpf-pid----4716----pid-1
---ebpf-pid----4716----pid-4716
---ebpf-pid----4716----pid-3323
---ebpf-pid----4716----pid-1
---ebpf-pid----448522----pid-448522
---ebpf-pid----448522----pid-1
---ebpf-pid----448522----pid-448522
---ebpf-pid----448522----pid-1
---ebpf-pid----5703----pid-5703
---ebpf-pid----5703----pid-5476
---ebpf-pid----5703----pid-1
---ebpf-pid----4716----pid-4716
---ebpf-pid----4716----pid-3323
---ebpf-pid----4716----pid-1
---ebpf-pid----4716----pid-4716
---ebpf-pid----4716----pid-3323
---ebpf-pid----4716----pid-1
---ebpf-pid----4716----pid-4716
---ebpf-pid----4716----pid-3323
---ebpf-pid----4716----pid-1
---ebpf-pid----5703----pid-5703
---ebpf-pid----5703----pid-5476
---ebpf-pid----5703----pid-1
---ebpf-pid----378284----pid-378284
---ebpf-pid----378284----pid-5476
---ebpf-pid----378284----pid-1
---ebpf-pid----378284----pid-378284
---ebpf-pid----378284----pid-5476
---ebpf-pid----378284----pid-1
---ebpf-pid----5703----pid-5703
---ebpf-pid----5703----pid-5476
---ebpf-pid----5703----pid-1
---ebpf-pid----4716----pid-4716
---ebpf-pid----4716----pid-3323
---ebpf-pid----4716----pid-1
---ebpf-pid----448783----pid-448783
---ebpf-pid----448783----pid-448520
---ebpf-pid----448783----pid-1
---ebpf-pid----448783----pid-448783
---ebpf-pid----448783----pid-448520
---ebpf-pid----448783----pid-1
---ebpf-pid----448783----pid-448783
---ebpf-pid----448783----pid-448520
---ebpf-pid----448783----pid-1
---ebpf-pid----448783----pid-448783
---ebpf-pid----448783----pid-448520
---ebpf-pid----448783----pid-1
---ebpf-pid----448783----pid-448783
---ebpf-pid----448783----pid-448520
---ebpf-pid----448783----pid-1
---ebpf-pid----448783----pid-448783
---ebpf-pid----448783----pid-448520
---ebpf-pid----448783----pid-1
---ebpf-pid----448783----pid-448783
---ebpf-pid----448783----pid-448520
---ebpf-pid----448783----pid-1
---ebpf-pid----448783----pid-448783
---ebpf-pid----448783----pid-448520
---ebpf-pid----448783----pid-1
---ebpf-pid----448783----pid-448783
---ebpf-pid----448783----pid-448520
---ebpf-pid----448783----pid-1
---ebpf-pid----448783----pid-448783
---ebpf-pid----448783----pid-448520
---ebpf-pid----448783----pid-1
---ebpf-pid----448783----pid-448783
---ebpf-pid----448783----pid-448520
---ebpf-pid----448783----pid-1
---ebpf-pid----448783----pid-448783
---ebpf-pid----448783----pid-448520
---ebpf-pid----448783----pid-1
---ebpf-pid----448783----pid-448783
---ebpf-pid----448783----pid-448520
---ebpf-pid----448783----pid-1
---ebpf-pid----448783----pid-448783
---ebpf-pid----448783----pid-448520
---ebpf-pid----448783----pid-1
---ebpf-pid----448783----pid-448783
---ebpf-pid----448783----pid-448520
---ebpf-pid----448783----pid-1
---ebpf-pid----448783----pid-448783
---ebpf-pid----448783----pid-448520
---ebpf-pid----448783----pid-1
---ebpf-pid----448783----pid-448783
---ebpf-pid----448783----pid-448520
---ebpf-pid----448783----pid-1
---ebpf-pid----448783----pid-448783
---ebpf-pid----448783----pid-448520
---ebpf-pid----448783----pid-1
---ebpf-pid----448783----pid-448783
---ebpf-pid----448783----pid-448520
---ebpf-pid----448783----pid-1
---ebpf-pid----448783----pid-448783
---ebpf-pid----448783----pid-448520
---ebpf-pid----448783----pid-1
---ebpf-pid----448783----pid-448783
---ebpf-pid----448783----pid-448520
---ebpf-pid----448783----pid-1
---ebpf-pid----448783----pid-448783
---ebpf-pid----448783----pid-448520
---ebpf-pid----448783----pid-1
---ebpf-pid----448783----pid-448783
---ebpf-pid----448783----pid-448520
---ebpf-pid----448783----pid-1
---ebpf-pid----448783----pid-448783
---ebpf-pid----448783----pid-448520
---ebpf-pid----448783----pid-1
---ebpf-pid----448783----pid-448783
---ebpf-pid----448783----pid-448520
---ebpf-pid----448783----pid-1
---ebpf-pid----448783----pid-448783
---ebpf-pid----448783----pid-448520
---ebpf-pid----448783----pid-1
---ebpf-pid----448783----pid-448783
---ebpf-pid----448783----pid-448520
---ebpf-pid----448783----pid-1
---ebpf-pid----448783----pid-448783
---ebpf-pid----448783----pid-448520
---ebpf-pid----448783----pid-1
---ebpf-pid----448783----pid-448783
---ebpf-pid----448783----pid-448520
---ebpf-pid----448783----pid-1
---ebpf-pid----448783----pid-448783
---ebpf-pid----448783----pid-448520
---ebpf-pid----448783----pid-1
---ebpf-pid----448783----pid-448783
---ebpf-pid----448783----pid-448520
---ebpf-pid----448783----pid-1
---ebpf-pid----448783----pid-448783
---ebpf-pid----448783----pid-448520
---ebpf-pid----448783----pid-1
---ebpf-pid----448783----pid-448783
---ebpf-pid----448783----pid-448520
---ebpf-pid----448783----pid-1
---ebpf-pid----448783----pid-448783
---ebpf-pid----448783----pid-448520
---ebpf-pid----448783----pid-1
---ebpf-pid----448783----pid-448783
---ebpf-pid----448783----pid-448520
---ebpf-pid----448783----pid-1
---ebpf-pid----448783----pid-448783
---ebpf-pid----448783----pid-448520
---ebpf-pid----448783----pid-1
---ebpf-pid----448783----pid-448783
---ebpf-pid----448783----pid-448520
---ebpf-pid----448783----pid-1
---ebpf-pid----448783----pid-448783
---ebpf-pid----448783----pid-448520
---ebpf-pid----448783----pid-1
---ebpf-pid----448783----pid-448783
---ebpf-pid----448783----pid-448520
---ebpf-pid----448783----pid-1
---ebpf-pid----448783----pid-448783
---ebpf-pid----448783----pid-448520
---ebpf-pid----448783----pid-1
---ebpf-pid----448783----pid-448783
---ebpf-pid----448783----pid-448520
---ebpf-pid----448783----pid-1
---ebpf-pid----448783----pid-448783
---ebpf-pid----448783----pid-448520
---ebpf-pid----448783----pid-1
---ebpf-pid----448783----pid-448783
---ebpf-pid----448783----pid-448520
---ebpf-pid----448783----pid-1
---ebpf-pid----448783----pid-448783
---ebpf-pid----448783----pid-448520
---ebpf-pid----448783----pid-1
---ebpf-pid----448783----pid-448783
---ebpf-pid----448783----pid-448520
---ebpf-pid----448783----pid-1
---ebpf-pid----448783----pid-448783
---ebpf-pid----448783----pid-448520
---ebpf-pid----448783----pid-1
---ebpf-pid----448783----pid-448783
---ebpf-pid----448783----pid-448520
---ebpf-pid----448783----pid-1
---ebpf-pid----448783----pid-448783
---ebpf-pid----448783----pid-448520
---ebpf-pid----448783----pid-1
---ebpf-pid----448783----pid-448783
---ebpf-pid----448783----pid-448520
---ebpf-pid----448783----pid-1
---ebpf-pid----448783----pid-448783
---ebpf-pid----448783----pid-448520
---ebpf-pid----448783----pid-1
---ebpf-pid----448783----pid-448783
---ebpf-pid----448783----pid-448520
---ebpf-pid----448783----pid-1
---ebpf-pid----448783----pid-448783
---ebpf-pid----448783----pid-448520
---ebpf-pid----448783----pid-1
---ebpf-pid----448783----pid-448783
---ebpf-pid----448783----pid-448520
---ebpf-pid----448783----pid-1
---ebpf-pid----448783----pid-448783
---ebpf-pid----448783----pid-448520
---ebpf-pid----448783----pid-1
---ebpf-pid----448783----pid-448783
---ebpf-pid----448783----pid-448520
---ebpf-pid----448783----pid-1
---ebpf-pid----448783----pid-448783
---ebpf-pid----448783----pid-448520
---ebpf-pid----448783----pid-1
---ebpf-pid----448783----pid-448783
---ebpf-pid----448783----pid-448520
---ebpf-pid----448783----pid-1
---ebpf-pid----448783----pid-448783
---ebpf-pid----448783----pid-448520
---ebpf-pid----448783----pid-1
---ebpf-pid----448783----pid-448783
---ebpf-pid----448783----pid-448520
---ebpf-pid----448783----pid-1
---ebpf-pid----448783----pid-448783
---ebpf-pid----448783----pid-448520
---ebpf-pid----448783----pid-1
---ebpf-pid----448522----pid-448522
---ebpf-pid----448522----pid-1
---ebpf-pid----448522----pid-448522
---ebpf-pid----448522----pid-1
---ebpf-pid----378284----pid-378284
---ebpf-pid----378284----pid-5476
---ebpf-pid----378284----pid-1
---ebpf-pid----378284----pid-378284
---ebpf-pid----378284----pid-5476
---ebpf-pid----378284----pid-1
---ebpf-pid----378284----pid-378284
---ebpf-pid----378284----pid-5476
---ebpf-pid----378284----pid-1
---ebpf-pid----378284----pid-378284
---ebpf-pid----378284----pid-5476
---ebpf-pid----378284----pid-1
---ebpf-pid----378284----pid-378284
---ebpf-pid----378284----pid-5476
---ebpf-pid----378284----pid-1
---ebpf-pid----378284----pid-378284
---ebpf-pid----378284----pid-5476
---ebpf-pid----378284----pid-1
---ebpf-pid----378284----pid-378284
---ebpf-pid----378284----pid-5476
---ebpf-pid----378284----pid-1
---ebpf-pid----378284----pid-378284
---ebpf-pid----378284----pid-5476
---ebpf-pid----378284----pid-1
---ebpf-pid----378284----pid-378284
---ebpf-pid----378284----pid-5476
---ebpf-pid----378284----pid-1
---ebpf-pid----378284----pid-378284
---ebpf-pid----378284----pid-5476
---ebpf-pid----378284----pid-1
---ebpf-pid----378284----pid-378284
---ebpf-pid----378284----pid-5476
---ebpf-pid----378284----pid-1
---ebpf-pid----378284----pid-378284
---ebpf-pid----378284----pid-5476
---ebpf-pid----378284----pid-1
---ebpf-pid----378284----pid-378284
---ebpf-pid----378284----pid-5476
---ebpf-pid----378284----pid-1
---ebpf-pid----378284----pid-378284
---ebpf-pid----378284----pid-5476
---ebpf-pid----378284----pid-1
---ebpf-pid----4716----pid-4716
---ebpf-pid----4716----pid-3323
---ebpf-pid----4716----pid-1
---ebpf-pid----4716----pid-4716
---ebpf-pid----4716----pid-3323
---ebpf-pid----4716----pid-1
---ebpf-pid----5703----pid-5703
---ebpf-pid----5703----pid-5476
---ebpf-pid----5703----pid-1
---ebpf-pid----378284----pid-378284
---ebpf-pid----378284----pid-5476
---ebpf-pid----378284----pid-1
---ebpf-pid----378284----pid-378284
---ebpf-pid----378284----pid-5476
---ebpf-pid----378284----pid-1
---ebpf-pid----5637----pid-5637
---ebpf-pid----5637----pid-1
---ebpf-pid----2088----pid-2088
---ebpf-pid----2088----pid-1
---ebpf-pid----2088----pid-2088
---ebpf-pid----2088----pid-1
---ebpf-pid----2088----pid-2088
---ebpf-pid----2088----pid-1
---ebpf-pid----2088----pid-2088
---ebpf-pid----2088----pid-1
---ebpf-pid----2088----pid-2088
---ebpf-pid----2088----pid-1
---ebpf-pid----2088----pid-2088
---ebpf-pid----2088----pid-1
---ebpf-pid----2088----pid-2088
---ebpf-pid----2088----pid-1
---ebpf-pid----2088----pid-2088
---ebpf-pid----2088----pid-1
---ebpf-pid----2088----pid-2088
---ebpf-pid----2088----pid-1
---ebpf-pid----2088----pid-2088
---ebpf-pid----2088----pid-1
---ebpf-pid----2088----pid-2088
---ebpf-pid----2088----pid-1
---ebpf-pid----2088----pid-2088
---ebpf-pid----2088----pid-1
---ebpf-pid----2088----pid-2088
---ebpf-pid----2088----pid-1
---ebpf-pid----7313----pid-7313
---ebpf-pid----7313----pid-1
---ebpf-pid----7313----pid-7313
---ebpf-pid----7313----pid-1
---ebpf-pid----2088----pid-2088
---ebpf-pid----2088----pid-1
---ebpf-pid----2088----pid-2088
---ebpf-pid----2088----pid-1
---ebpf-pid----2088----pid-2088
---ebpf-pid----2088----pid-1
---ebpf-pid----2088----pid-2088
---ebpf-pid----2088----pid-1
---ebpf-pid----2088----pid-2088
---ebpf-pid----2088----pid-1
---ebpf-pid----2088----pid-2088
---ebpf-pid----2088----pid-1
---ebpf-pid----2088----pid-2088
---ebpf-pid----2088----pid-1
---ebpf-pid----448522----pid-448522
---ebpf-pid----448522----pid-1
---ebpf-pid----7313----pid-7313
---ebpf-pid----7313----pid-1
---ebpf-pid----448522----pid-448522
---ebpf-pid----448522----pid-1
---ebpf-pid----7313----pid-7313
---ebpf-pid----7313----pid-1
---ebpf-pid----7313----pid-7313
---ebpf-pid----7313----pid-1
---ebpf-pid----5703----pid-5703
---ebpf-pid----5703----pid-5476
---ebpf-pid----5703----pid-1
---ebpf-pid----7313----pid-7313
---ebpf-pid----7313----pid-1
---ebpf-pid----448783----pid-448783
---ebpf-pid----448783----pid-448520
---ebpf-pid----448783----pid-1
---ebpf-pid----448783----pid-448783
---ebpf-pid----448783----pid-448520
---ebpf-pid----448783----pid-1
---ebpf-pid----2088----pid-2088
---ebpf-pid----2088----pid-1
---ebpf-pid----2088----pid-2088
---ebpf-pid----2088----pid-1
---ebpf-pid----2088----pid-2088
---ebpf-pid----2088----pid-1
---ebpf-pid----2088----pid-2088
---ebpf-pid----2088----pid-1
---ebpf-pid----2088----pid-2088
---ebpf-pid----2088----pid-1
---ebpf-pid----2088----pid-2088
---ebpf-pid----2088----pid-1
---ebpf-pid----2088----pid-2088
---ebpf-pid----2088----pid-1
---ebpf-pid----2088----pid-2088
---ebpf-pid----2088----pid-1
---ebpf-pid----448783----pid-448783
---ebpf-pid----448783----pid-448520
---ebpf-pid----448783----pid-1
---ebpf-pid----15----pid-15
---ebpf-pid----15----pid-2
---ebpf-pid----2089----pid-2089
---ebpf-pid----2089----pid-1
---ebpf-pid----2089----pid-2089
---ebpf-pid----2089----pid-1
---ebpf-pid----2089----pid-2089
---ebpf-pid----2089----pid-1
---ebpf-pid----448783----pid-448783
---ebpf-pid----448783----pid-448520
---ebpf-pid----448783----pid-1
---ebpf-pid----5637----pid-5637
---ebpf-pid----5637----pid-1
---ebpf-pid----448522----pid-448522
---ebpf-pid----448522----pid-1
---ebpf-pid----5637----pid-5637
---ebpf-pid----5637----pid-1
---ebpf-pid----5637----pid-5637
---ebpf-pid----5637----pid-1
---ebpf-pid----378284----pid-378284
---ebpf-pid----378284----pid-5476
---ebpf-pid----378284----pid-1
---ebpf-pid----378284----pid-378284
---ebpf-pid----378284----pid-5476
---ebpf-pid----378284----pid-1
---ebpf-pid----378284----pid-378284
---ebpf-pid----378284----pid-5476
---ebpf-pid----378284----pid-1
---ebpf-pid----378284----pid-378284
---ebpf-pid----378284----pid-5476
---ebpf-pid----378284----pid-1
---ebpf-pid----378284----pid-378284
---ebpf-pid----378284----pid-5476
---ebpf-pid----378284----pid-1
---ebpf-pid----378284----pid-378284
---ebpf-pid----378284----pid-5476
---ebpf-pid----378284----pid-1
---ebpf-pid----378284----pid-378284
---ebpf-pid----378284----pid-5476
---ebpf-pid----378284----pid-1
---ebpf-pid----378284----pid-378284
---ebpf-pid----378284----pid-5476
---ebpf-pid----378284----pid-1
---ebpf-pid----378284----pid-378284
---ebpf-pid----378284----pid-5476
---ebpf-pid----378284----pid-1
---ebpf-pid----7313----pid-7313
---ebpf-pid----7313----pid-1
---ebpf-pid----7313----pid-7313
---ebpf-pid----7313----pid-1
---ebpf-pid----5705----pid-5705
---ebpf-pid----5705----pid-5476
---ebpf-pid----5705----pid-1
---ebpf-pid----5705----pid-5705
---ebpf-pid----5705----pid-5476
---ebpf-pid----5705----pid-1
---ebpf-pid----5705----pid-5705
---ebpf-pid----5705----pid-5476
---ebpf-pid----5705----pid-1
---ebpf-pid----5705----pid-5705
---ebpf-pid----5705----pid-5476
---ebpf-pid----5705----pid-1
---ebpf-pid----5705----pid-5705
---ebpf-pid----5705----pid-5476
---ebpf-pid----5705----pid-1
---ebpf-pid----5705----pid-5705
---ebpf-pid----5705----pid-5476
---ebpf-pid----5705----pid-1
Failed to get process information for PID 0
---ebpf-pid----5705----pid-5705
---ebpf-pid----5705----pid-5476
---ebpf-pid----5705----pid-1
---ebpf-pid----373029----pid-373029
---ebpf-pid----373029----pid-5476
---ebpf-pid----373029----pid-1
---ebpf-pid----7313----pid-7313
---ebpf-pid----7313----pid-1
---ebpf-pid----373029----pid-373029
---ebpf-pid----373029----pid-5476
---ebpf-pid----373029----pid-1
---ebpf-pid----373029----pid-373029
---ebpf-pid----373029----pid-5476
---ebpf-pid----373029----pid-1
---ebpf-pid----373029----pid-373029
---ebpf-pid----373029----pid-5476
---ebpf-pid----373029----pid-1
---ebpf-pid----373029----pid-373029
---ebpf-pid----373029----pid-5476
---ebpf-pid----373029----pid-1
---ebpf-pid----373029----pid-373029
---ebpf-pid----373029----pid-5476
---ebpf-pid----373029----pid-1
---ebpf-pid----373029----pid-373029
---ebpf-pid----373029----pid-5476
---ebpf-pid----373029----pid-1
---ebpf-pid----5705----pid-5705
---ebpf-pid----5705----pid-5476
---ebpf-pid----5705----pid-1
---ebpf-pid----5705----pid-5705
---ebpf-pid----5705----pid-5476
---ebpf-pid----5705----pid-1
---ebpf-pid----5705----pid-5705
---ebpf-pid----5705----pid-5476
---ebpf-pid----5705----pid-1
---ebpf-pid----5705----pid-5705
---ebpf-pid----5705----pid-5476
---ebpf-pid----5705----pid-1
---ebpf-pid----5705----pid-5705
---ebpf-pid----5705----pid-5476
---ebpf-pid----5705----pid-1
---ebpf-pid----5637----pid-5637
---ebpf-pid----5637----pid-1
---ebpf-pid----5705----pid-5705
---ebpf-pid----5705----pid-5476
---ebpf-pid----5705----pid-1
---ebpf-pid----5705----pid-5705
---ebpf-pid----5705----pid-5476
---ebpf-pid----5705----pid-1
---ebpf-pid----6671----pid-6671
---ebpf-pid----6671----pid-5476
---ebpf-pid----6671----pid-1
---ebpf-pid----5705----pid-5705
---ebpf-pid----5705----pid-5476
---ebpf-pid----5705----pid-1
---ebpf-pid----6671----pid-6671
---ebpf-pid----6671----pid-5476
---ebpf-pid----6671----pid-1
---ebpf-pid----6671----pid-6671
---ebpf-pid----6671----pid-5476
---ebpf-pid----6671----pid-1
---ebpf-pid----6671----pid-6671
---ebpf-pid----6671----pid-5476
---ebpf-pid----6671----pid-1
---ebpf-pid----5705----pid-5705
---ebpf-pid----5705----pid-5476
---ebpf-pid----5705----pid-1
---ebpf-pid----5705----pid-5705
---ebpf-pid----5705----pid-5476
---ebpf-pid----5705----pid-1
---ebpf-pid----5705----pid-5705
---ebpf-pid----5705----pid-5476
---ebpf-pid----5705----pid-1
---ebpf-pid----6671----pid-6671
---ebpf-pid----6671----pid-5476
---ebpf-pid----6671----pid-1
---ebpf-pid----6671----pid-6671
---ebpf-pid----6671----pid-5476
---ebpf-pid----6671----pid-1
---ebpf-pid----6671----pid-6671
---ebpf-pid----6671----pid-5476
---ebpf-pid----6671----pid-1
---ebpf-pid----6671----pid-6671
---ebpf-pid----6671----pid-5476
---ebpf-pid----6671----pid-1
---ebpf-pid----2029----pid-2029
---ebpf-pid----2029----pid-1
---ebpf-pid----2029----pid-2029
---ebpf-pid----2029----pid-1
---ebpf-pid----2029----pid-2029
---ebpf-pid----2029----pid-1
---ebpf-pid----2029----pid-2029
---ebpf-pid----2029----pid-1
---ebpf-pid----2029----pid-2029
---ebpf-pid----2029----pid-1
---ebpf-pid----2029----pid-2029
---ebpf-pid----2029----pid-1
---ebpf-pid----2029----pid-2029
---ebpf-pid----2029----pid-1
---ebpf-pid----379067----pid-379067
---ebpf-pid----379067----pid-5476
---ebpf-pid----379067----pid-1
---ebpf-pid----2012----pid-2012
---ebpf-pid----2012----pid-1
---ebpf-pid----2012----pid-2012
---ebpf-pid----2012----pid-1
---ebpf-pid----2012----pid-2012
---ebpf-pid----2012----pid-1
---ebpf-pid----2012----pid-2012
---ebpf-pid----2012----pid-1
---ebpf-pid----2012----pid-2012
---ebpf-pid----2012----pid-1
---ebpf-pid----2012----pid-2012
---ebpf-pid----2012----pid-1
---ebpf-pid----2012----pid-2012
---ebpf-pid----2012----pid-1
---ebpf-pid----2012----pid-2012
---ebpf-pid----2012----pid-1
---ebpf-pid----379067----pid-379067
---ebpf-pid----379067----pid-5476
---ebpf-pid----379067----pid-1
---ebpf-pid----378284----pid-378284
---ebpf-pid----378284----pid-5476
---ebpf-pid----378284----pid-1
---ebpf-pid----379067----pid-379067
---ebpf-pid----379067----pid-5476
---ebpf-pid----379067----pid-1
---ebpf-pid----378284----pid-378284
---ebpf-pid----378284----pid-5476
---ebpf-pid----378284----pid-1
---ebpf-pid----378284----pid-378284
---ebpf-pid----378284----pid-5476
---ebpf-pid----378284----pid-1
---ebpf-pid----5705----pid-5705
---ebpf-pid----5705----pid-5476
---ebpf-pid----5705----pid-1
---ebpf-pid----379067----pid-379067
---ebpf-pid----379067----pid-5476
---ebpf-pid----379067----pid-1
---ebpf-pid----5705----pid-5705
---ebpf-pid----5705----pid-5476
---ebpf-pid----5705----pid-1
---ebpf-pid----379067----pid-379067
---ebpf-pid----379067----pid-5476
---ebpf-pid----379067----pid-1
---ebpf-pid----6671----pid-6671
---ebpf-pid----6671----pid-5476
---ebpf-pid----6671----pid-1
---ebpf-pid----6671----pid-6671
---ebpf-pid----6671----pid-5476
---ebpf-pid----6671----pid-1
---ebpf-pid----448522----pid-448522
---ebpf-pid----448522----pid-1
---ebpf-pid----6671----pid-6671
---ebpf-pid----6671----pid-5476
---ebpf-pid----6671----pid-1
---ebpf-pid----6671----pid-6671
---ebpf-pid----6671----pid-5476
---ebpf-pid----6671----pid-1
---ebpf-pid----6671----pid-6671
---ebpf-pid----6671----pid-5476
---ebpf-pid----6671----pid-1
---ebpf-pid----6671----pid-6671
---ebpf-pid----6671----pid-5476
---ebpf-pid----6671----pid-1
---ebpf-pid----6671----pid-6671
---ebpf-pid----6671----pid-5476
---ebpf-pid----6671----pid-1
---ebpf-pid----6671----pid-6671
---ebpf-pid----6671----pid-5476
---ebpf-pid----6671----pid-1
---ebpf-pid----379067----pid-379067
---ebpf-pid----379067----pid-5476
---ebpf-pid----379067----pid-1
---ebpf-pid----379067----pid-379067
---ebpf-pid----379067----pid-5476
---ebpf-pid----379067----pid-1
---ebpf-pid----379067----pid-379067
---ebpf-pid----379067----pid-5476
---ebpf-pid----379067----pid-1
---ebpf-pid----379067----pid-379067
---ebpf-pid----379067----pid-5476
---ebpf-pid----379067----pid-1
---ebpf-pid----379067----pid-379067
---ebpf-pid----379067----pid-5476
---ebpf-pid----379067----pid-1
---ebpf-pid----379067----pid-379067
---ebpf-pid----379067----pid-5476
---ebpf-pid----379067----pid-1
---ebpf-pid----379067----pid-379067
---ebpf-pid----379067----pid-5476
---ebpf-pid----379067----pid-1
---ebpf-pid----379067----pid-379067
---ebpf-pid----379067----pid-5476
---ebpf-pid----379067----pid-1
---ebpf-pid----6671----pid-6671
---ebpf-pid----6671----pid-5476
---ebpf-pid----6671----pid-1
---ebpf-pid----6671----pid-6671
---ebpf-pid----6671----pid-5476
---ebpf-pid----6671----pid-1
---ebpf-pid----6671----pid-6671
---ebpf-pid----6671----pid-5476
---ebpf-pid----6671----pid-1
Failed to get process information for PID 0
---ebpf-pid----5703----pid-5703
---ebpf-pid----5703----pid-5476
---ebpf-pid----5703----pid-1
---ebpf-pid----6671----pid-6671
---ebpf-pid----6671----pid-5476
---ebpf-pid----6671----pid-1
---ebpf-pid----6671----pid-6671
---ebpf-pid----6671----pid-5476
---ebpf-pid----6671----pid-1
---ebpf-pid----6671----pid-6671
---ebpf-pid----6671----pid-5476
---ebpf-pid----6671----pid-1
---ebpf-pid----6671----pid-6671
---ebpf-pid----6671----pid-5476
---ebpf-pid----6671----pid-1
---ebpf-pid----6671----pid-6671
---ebpf-pid----6671----pid-5476
---ebpf-pid----6671----pid-1
---ebpf-pid----378284----pid-378284
---ebpf-pid----378284----pid-5476
---ebpf-pid----378284----pid-1
---ebpf-pid----5705----pid-5705
---ebpf-pid----5705----pid-5476
---ebpf-pid----5705----pid-1
---ebpf-pid----5705----pid-5705
---ebpf-pid----5705----pid-5476
---ebpf-pid----5705----pid-1
---ebpf-pid----5703----pid-5703
---ebpf-pid----5703----pid-5476
---ebpf-pid----5703----pid-1
---ebpf-pid----378284----pid-378284
---ebpf-pid----378284----pid-5476
---ebpf-pid----378284----pid-1
---ebpf-pid----378284----pid-378284
---ebpf-pid----378284----pid-5476
---ebpf-pid----378284----pid-1
---ebpf-pid----378284----pid-378284
---ebpf-pid----378284----pid-5476
---ebpf-pid----378284----pid-1
---ebpf-pid----378284----pid-378284
---ebpf-pid----378284----pid-5476
---ebpf-pid----378284----pid-1
---ebpf-pid----378284----pid-378284
---ebpf-pid----378284----pid-5476
---ebpf-pid----378284----pid-1
---ebpf-pid----378284----pid-378284
---ebpf-pid----378284----pid-5476
---ebpf-pid----378284----pid-1
---ebpf-pid----378284----pid-378284
---ebpf-pid----378284----pid-5476
---ebpf-pid----378284----pid-1
---ebpf-pid----378284----pid-378284
---ebpf-pid----378284----pid-5476
---ebpf-pid----378284----pid-1
---ebpf-pid----378284----pid-378284
---ebpf-pid----378284----pid-5476
---ebpf-pid----378284----pid-1
---ebpf-pid----378284----pid-378284
---ebpf-pid----378284----pid-5476
---ebpf-pid----378284----pid-1
---ebpf-pid----5703----pid-5703
---ebpf-pid----5703----pid-5476
---ebpf-pid----5703----pid-1
---ebpf-pid----6671----pid-6671
---ebpf-pid----6671----pid-5476
---ebpf-pid----6671----pid-1
---ebpf-pid----5703----pid-5703
---ebpf-pid----5703----pid-5476
---ebpf-pid----5703----pid-1
---ebpf-pid----6671----pid-6671
---ebpf-pid----6671----pid-5476
---ebpf-pid----6671----pid-1
---ebpf-pid----379067----pid-379067
---ebpf-pid----379067----pid-5476
---ebpf-pid----379067----pid-1
---ebpf-pid----379067----pid-379067
---ebpf-pid----379067----pid-5476
---ebpf-pid----379067----pid-1
---ebpf-pid----379067----pid-379067
---ebpf-pid----379067----pid-5476
---ebpf-pid----379067----pid-1
---ebpf-pid----379067----pid-379067
---ebpf-pid----379067----pid-5476
---ebpf-pid----379067----pid-1
---ebpf-pid----6671----pid-6671
---ebpf-pid----6671----pid-5476
---ebpf-pid----6671----pid-1
---ebpf-pid----6671----pid-6671
---ebpf-pid----6671----pid-5476
---ebpf-pid----6671----pid-1
---ebpf-pid----6671----pid-6671
---ebpf-pid----6671----pid-5476
---ebpf-pid----6671----pid-1
---ebpf-pid----379067----pid-379067
---ebpf-pid----379067----pid-5476
---ebpf-pid----379067----pid-1
---ebpf-pid----379067----pid-379067
---ebpf-pid----379067----pid-5476
---ebpf-pid----379067----pid-1
---ebpf-pid----379067----pid-379067
---ebpf-pid----379067----pid-5476
---ebpf-pid----379067----pid-1
---ebpf-pid----5705----pid-5705
---ebpf-pid----5705----pid-5476
---ebpf-pid----5705----pid-1
---ebpf-pid----5705----pid-5705
---ebpf-pid----5705----pid-5476
---ebpf-pid----5705----pid-1
---ebpf-pid----5705----pid-5705
---ebpf-pid----5705----pid-5476
---ebpf-pid----5705----pid-1
---ebpf-pid----5705----pid-5705
---ebpf-pid----5705----pid-5476
---ebpf-pid----5705----pid-1
---ebpf-pid----5705----pid-5705
---ebpf-pid----5705----pid-5476
---ebpf-pid----5705----pid-1
---ebpf-pid----5705----pid-5705
---ebpf-pid----5705----pid-5476
---ebpf-pid----5705----pid-1
---ebpf-pid----5705----pid-5705
---ebpf-pid----5705----pid-5476
---ebpf-pid----5705----pid-1
---ebpf-pid----5705----pid-5705
---ebpf-pid----5705----pid-5476
---ebpf-pid----5705----pid-1
---ebpf-pid----5705----pid-5705
---ebpf-pid----5705----pid-5476
---ebpf-pid----5705----pid-1
---ebpf-pid----5705----pid-5705
---ebpf-pid----5705----pid-5476
---ebpf-pid----5705----pid-1
---ebpf-pid----5705----pid-5705
---ebpf-pid----5705----pid-5476
---ebpf-pid----5705----pid-1
---ebpf-pid----379067----pid-379067
---ebpf-pid----379067----pid-5476
---ebpf-pid----379067----pid-1
---ebpf-pid----379067----pid-379067
---ebpf-pid----379067----pid-5476
---ebpf-pid----379067----pid-1
---ebpf-pid----379067----pid-379067
---ebpf-pid----379067----pid-5476
---ebpf-pid----379067----pid-1
---ebpf-pid----379067----pid-379067
---ebpf-pid----379067----pid-5476
---ebpf-pid----379067----pid-1
---ebpf-pid----379067----pid-379067
---ebpf-pid----379067----pid-5476
---ebpf-pid----379067----pid-1
---ebpf-pid----379067----pid-379067
---ebpf-pid----379067----pid-5476
---ebpf-pid----379067----pid-1
---ebpf-pid----379067----pid-379067
---ebpf-pid----379067----pid-5476
---ebpf-pid----379067----pid-1
---ebpf-pid----379067----pid-379067
---ebpf-pid----379067----pid-5476
---ebpf-pid----379067----pid-1
---ebpf-pid----379067----pid-379067
---ebpf-pid----379067----pid-5476
---ebpf-pid----379067----pid-1
---ebpf-pid----379067----pid-379067
---ebpf-pid----379067----pid-5476
---ebpf-pid----379067----pid-1
---ebpf-pid----378284----pid-378284
---ebpf-pid----378284----pid-5476
---ebpf-pid----378284----pid-1
---ebpf-pid----378284----pid-378284
---ebpf-pid----378284----pid-5476
---ebpf-pid----378284----pid-1
---ebpf-pid----378284----pid-378284
---ebpf-pid----378284----pid-5476
---ebpf-pid----378284----pid-1
---ebpf-pid----378284----pid-378284
---ebpf-pid----378284----pid-5476
---ebpf-pid----378284----pid-1
---ebpf-pid----378284----pid-378284
---ebpf-pid----378284----pid-5476
---ebpf-pid----378284----pid-1
---ebpf-pid----378284----pid-378284
---ebpf-pid----378284----pid-5476
---ebpf-pid----378284----pid-1
---ebpf-pid----378284----pid-378284
---ebpf-pid----378284----pid-5476
---ebpf-pid----378284----pid-1
---ebpf-pid----378284----pid-378284
---ebpf-pid----378284----pid-5476
---ebpf-pid----378284----pid-1
---ebpf-pid----378284----pid-378284
---ebpf-pid----378284----pid-5476
---ebpf-pid----378284----pid-1
---ebpf-pid----378284----pid-378284
---ebpf-pid----378284----pid-5476
---ebpf-pid----378284----pid-1
---ebpf-pid----379067----pid-379067
---ebpf-pid----379067----pid-5476
---ebpf-pid----379067----pid-1
---ebpf-pid----379067----pid-379067
---ebpf-pid----379067----pid-5476
---ebpf-pid----379067----pid-1
---ebpf-pid----379067----pid-379067
---ebpf-pid----379067----pid-5476
---ebpf-pid----379067----pid-1
---ebpf-pid----5703----pid-5703
---ebpf-pid----5703----pid-5476
---ebpf-pid----5703----pid-1
---ebpf-pid----5705----pid-5705
---ebpf-pid----5705----pid-5476
---ebpf-pid----5705----pid-1
---ebpf-pid----5705----pid-5705
---ebpf-pid----5705----pid-5476
---ebpf-pid----5705----pid-1
---ebpf-pid----379067----pid-379067
---ebpf-pid----379067----pid-5476
---ebpf-pid----379067----pid-1
---ebpf-pid----379067----pid-379067
---ebpf-pid----379067----pid-5476
---ebpf-pid----379067----pid-1
---ebpf-pid----379067----pid-379067
---ebpf-pid----379067----pid-5476
---ebpf-pid----379067----pid-1
---ebpf-pid----379067----pid-379067
---ebpf-pid----379067----pid-5476
---ebpf-pid----379067----pid-1
---ebpf-pid----5705----pid-5705
---ebpf-pid----5705----pid-5476
---ebpf-pid----5705----pid-1
---ebpf-pid----5705----pid-5705
---ebpf-pid----5705----pid-5476
---ebpf-pid----5705----pid-1
---ebpf-pid----5705----pid-5705
---ebpf-pid----5705----pid-5476
---ebpf-pid----5705----pid-1
---ebpf-pid----5705----pid-5705
---ebpf-pid----5705----pid-5476
---ebpf-pid----5705----pid-1
---ebpf-pid----5705----pid-5705
---ebpf-pid----5705----pid-5476
---ebpf-pid----5705----pid-1
---ebpf-pid----379067----pid-379067
---ebpf-pid----379067----pid-5476
---ebpf-pid----379067----pid-1
---ebpf-pid----379067----pid-379067
---ebpf-pid----379067----pid-5476
---ebpf-pid----379067----pid-1
---ebpf-pid----5705----pid-5705
---ebpf-pid----5705----pid-5476
---ebpf-pid----5705----pid-1
---ebpf-pid----5705----pid-5705
---ebpf-pid----5705----pid-5476
---ebpf-pid----5705----pid-1
---ebpf-pid----5705----pid-5705
---ebpf-pid----5705----pid-5476
---ebpf-pid----5705----pid-1
---ebpf-pid----379067----pid-379067
---ebpf-pid----379067----pid-5476
---ebpf-pid----379067----pid-1
---ebpf-pid----379067----pid-379067
---ebpf-pid----379067----pid-5476
---ebpf-pid----379067----pid-1
---ebpf-pid----379067----pid-379067
---ebpf-pid----379067----pid-5476
---ebpf-pid----379067----pid-1
---ebpf-pid----2094----pid-2094
---ebpf-pid----2094----pid-1
---ebpf-pid----2094----pid-2094
---ebpf-pid----2094----pid-1
---ebpf-pid----2094----pid-2094
---ebpf-pid----2094----pid-1
---ebpf-pid----2094----pid-2094
---ebpf-pid----2094----pid-1
---ebpf-pid----379067----pid-379067
---ebpf-pid----379067----pid-5476
---ebpf-pid----379067----pid-1
---ebpf-pid----379067----pid-379067
---ebpf-pid----379067----pid-5476
---ebpf-pid----379067----pid-1
---ebpf-pid----5705----pid-5705
---ebpf-pid----5705----pid-5476
---ebpf-pid----5705----pid-1
---ebpf-pid----2094----pid-2094
---ebpf-pid----2094----pid-1
---ebpf-pid----2094----pid-2094
---ebpf-pid----2094----pid-1
---ebpf-pid----2094----pid-2094
---ebpf-pid----2094----pid-1
---ebpf-pid----2094----pid-2094
---ebpf-pid----2094----pid-1
---ebpf-pid----2094----pid-2094
---ebpf-pid----2094----pid-1
---ebpf-pid----2094----pid-2094
---ebpf-pid----2094----pid-1
---ebpf-pid----2094----pid-2094
---ebpf-pid----2094----pid-1
---ebpf-pid----2094----pid-2094
---ebpf-pid----2094----pid-1
---ebpf-pid----2094----pid-2094
---ebpf-pid----2094----pid-1
---ebpf-pid----2094----pid-2094
---ebpf-pid----2094----pid-1
---ebpf-pid----2094----pid-2094
---ebpf-pid----2094----pid-1
---ebpf-pid----2094----pid-2094
---ebpf-pid----2094----pid-1
---ebpf-pid----2094----pid-2094
---ebpf-pid----2094----pid-1
---ebpf-pid----2094----pid-2094
---ebpf-pid----2094----pid-1
---ebpf-pid----2094----pid-2094
---ebpf-pid----2094----pid-1
---ebpf-pid----2088----pid-2088
---ebpf-pid----2088----pid-1
---ebpf-pid----2094----pid-2094
---ebpf-pid----2094----pid-1
---ebpf-pid----2094----pid-2094
---ebpf-pid----2094----pid-1
---ebpf-pid----2089----pid-2089
---ebpf-pid----2089----pid-1
---ebpf-pid----2094----pid-2094
---ebpf-pid----2094----pid-1
---ebpf-pid----2094----pid-2094
---ebpf-pid----2094----pid-1
---ebpf-pid----2094----pid-2094
---ebpf-pid----2094----pid-1
---ebpf-pid----2094----pid-2094
---ebpf-pid----2094----pid-1
---ebpf-pid----2094----pid-2094
---ebpf-pid----2094----pid-1
---ebpf-pid----2094----pid-2094
---ebpf-pid----2094----pid-1
---ebpf-pid----2094----pid-2094
---ebpf-pid----2094----pid-1
---ebpf-pid----2094----pid-2094
---ebpf-pid----2094----pid-1
---ebpf-pid----2094----pid-2094
---ebpf-pid----2094----pid-1
---ebpf-pid----2094----pid-2094
---ebpf-pid----2094----pid-1
---ebpf-pid----2089----pid-2089
---ebpf-pid----2089----pid-1
---ebpf-pid----2089----pid-2089
---ebpf-pid----2089----pid-1
---ebpf-pid----2089----pid-2089
---ebpf-pid----2089----pid-1
---ebpf-pid----2089----pid-2089
---ebpf-pid----2089----pid-1
---ebpf-pid----5705----pid-5705
---ebpf-pid----5705----pid-5476
---ebpf-pid----5705----pid-1
---ebpf-pid----5705----pid-5705
---ebpf-pid----5705----pid-5476
---ebpf-pid----5705----pid-1
---ebpf-pid----5705----pid-5705
---ebpf-pid----5705----pid-5476
---ebpf-pid----5705----pid-1
---ebpf-pid----5705----pid-5705
---ebpf-pid----5705----pid-5476
---ebpf-pid----5705----pid-1
---ebpf-pid----5705----pid-5705
---ebpf-pid----5705----pid-5476
---ebpf-pid----5705----pid-1
---ebpf-pid----6671----pid-6671
---ebpf-pid----6671----pid-5476
---ebpf-pid----6671----pid-1
---ebpf-pid----6671----pid-6671
---ebpf-pid----6671----pid-5476
---ebpf-pid----6671----pid-1
---ebpf-pid----6671----pid-6671
---ebpf-pid----6671----pid-5476
---ebpf-pid----6671----pid-1
---ebpf-pid----7312----pid-7312
---ebpf-pid----7312----pid-1
---ebpf-pid----6671----pid-6671
---ebpf-pid----6671----pid-5476
---ebpf-pid----6671----pid-1
---ebpf-pid----6671----pid-6671
---ebpf-pid----6671----pid-5476
---ebpf-pid----6671----pid-1
---ebpf-pid----6671----pid-6671
---ebpf-pid----6671----pid-5476
---ebpf-pid----6671----pid-1
---ebpf-pid----6671----pid-6671
---ebpf-pid----6671----pid-5476
---ebpf-pid----6671----pid-1
---ebpf-pid----6671----pid-6671
---ebpf-pid----6671----pid-5476
---ebpf-pid----6671----pid-1
---ebpf-pid----4716----pid-4716
---ebpf-pid----4716----pid-3323
---ebpf-pid----4716----pid-1
---ebpf-pid----14----pid-14
---ebpf-pid----14----pid-2
---ebpf-pid----4716----pid-4716
---ebpf-pid----4716----pid-3323
---ebpf-pid----4716----pid-1
---ebpf-pid----4716----pid-4716
---ebpf-pid----4716----pid-3323
---ebpf-pid----4716----pid-1
---ebpf-pid----7312----pid-7312
---ebpf-pid----7312----pid-1
---ebpf-pid----4716----pid-4716
---ebpf-pid----4716----pid-3323
---ebpf-pid----4716----pid-1
---ebpf-pid----4716----pid-4716
---ebpf-pid----4716----pid-3323
---ebpf-pid----4716----pid-1
---ebpf-pid----448783----pid-448783
---ebpf-pid----448783----pid-448520
---ebpf-pid----448783----pid-1
---ebpf-pid----448783----pid-448783
---ebpf-pid----448783----pid-448520
---ebpf-pid----448783----pid-1
---ebpf-pid----448783----pid-448783
---ebpf-pid----448783----pid-448520
---ebpf-pid----448783----pid-1
---ebpf-pid----448783----pid-448783
---ebpf-pid----448783----pid-448520
---ebpf-pid----448783----pid-1
---ebpf-pid----448783----pid-448783
---ebpf-pid----448783----pid-448520
---ebpf-pid----448783----pid-1
---ebpf-pid----448783----pid-448783
---ebpf-pid----448783----pid-448520
---ebpf-pid----448783----pid-1
---ebpf-pid----448783----pid-448783
---ebpf-pid----448783----pid-448520
---ebpf-pid----448783----pid-1
---ebpf-pid----448783----pid-448783
---ebpf-pid----448783----pid-448520
---ebpf-pid----448783----pid-1
---ebpf-pid----448783----pid-448783
---ebpf-pid----448783----pid-448520
---ebpf-pid----448783----pid-1
---ebpf-pid----448783----pid-448783
---ebpf-pid----448783----pid-448520
---ebpf-pid----448783----pid-1
---ebpf-pid----448783----pid-448783
---ebpf-pid----448783----pid-448520
---ebpf-pid----448783----pid-1
---ebpf-pid----448783----pid-448783
---ebpf-pid----448783----pid-448520
---ebpf-pid----448783----pid-1
---ebpf-pid----448783----pid-448783
---ebpf-pid----448783----pid-448520
---ebpf-pid----448783----pid-1
---ebpf-pid----448783----pid-448783
---ebpf-pid----448783----pid-448520
---ebpf-pid----448783----pid-1
---ebpf-pid----448783----pid-448783
---ebpf-pid----448783----pid-448520
---ebpf-pid----448783----pid-1
---ebpf-pid----448783----pid-448783
---ebpf-pid----448783----pid-448520
---ebpf-pid----448783----pid-1
---ebpf-pid----448783----pid-448783
---ebpf-pid----448783----pid-448520
---ebpf-pid----448783----pid-1
---ebpf-pid----448783----pid-448783
---ebpf-pid----448783----pid-448520
---ebpf-pid----448783----pid-1
---ebpf-pid----7312----pid-7312
---ebpf-pid----7312----pid-1
---ebpf-pid----448783----pid-448783
---ebpf-pid----448783----pid-448520
---ebpf-pid----448783----pid-1
---ebpf-pid----448783----pid-448783
---ebpf-pid----448783----pid-448520
---ebpf-pid----448783----pid-1
---ebpf-pid----448783----pid-448783
---ebpf-pid----448783----pid-448520
---ebpf-pid----448783----pid-1
---ebpf-pid----448783----pid-448783
---ebpf-pid----448783----pid-448520
---ebpf-pid----448783----pid-1
---ebpf-pid----448546----pid-448546
---ebpf-pid----448546----pid-1
---ebpf-pid----7312----pid-7312
---ebpf-pid----7312----pid-1
---ebpf-pid----7312----pid-7312
---ebpf-pid----7312----pid-1
---ebpf-pid----7313----pid-7313
---ebpf-pid----7313----pid-1
---ebpf-pid----4716----pid-4716
---ebpf-pid----4716----pid-3323
---ebpf-pid----4716----pid-1
---ebpf-pid----4716----pid-4716
---ebpf-pid----4716----pid-3323
---ebpf-pid----4716----pid-1
---ebpf-pid----4716----pid-4716
---ebpf-pid----4716----pid-3323
---ebpf-pid----4716----pid-1
---ebpf-pid----4716----pid-4716
---ebpf-pid----4716----pid-3323
---ebpf-pid----4716----pid-1
---ebpf-pid----4716----pid-4716
---ebpf-pid----4716----pid-3323
---ebpf-pid----4716----pid-1
---ebpf-pid----4716----pid-4716
---ebpf-pid----4716----pid-3323
---ebpf-pid----4716----pid-1
---ebpf-pid----4716----pid-4716
---ebpf-pid----4716----pid-3323
---ebpf-pid----4716----pid-1
---ebpf-pid----4716----pid-4716
---ebpf-pid----4716----pid-3323
---ebpf-pid----4716----pid-1
---ebpf-pid----7313----pid-7313
---ebpf-pid----7313----pid-1
---ebpf-pid----4716----pid-4716
---ebpf-pid----4716----pid-3323
---ebpf-pid----4716----pid-1
---ebpf-pid----4716----pid-4716
---ebpf-pid----4716----pid-3323
---ebpf-pid----4716----pid-1
---ebpf-pid----4716----pid-4716
---ebpf-pid----4716----pid-3323
---ebpf-pid----4716----pid-1
---ebpf-pid----4716----pid-4716
---ebpf-pid----4716----pid-3323
---ebpf-pid----4716----pid-1
---ebpf-pid----4716----pid-4716
---ebpf-pid----4716----pid-3323
---ebpf-pid----4716----pid-1
---ebpf-pid----7313----pid-7313
---ebpf-pid----7313----pid-1
---ebpf-pid----7313----pid-7313
---ebpf-pid----7313----pid-1
---ebpf-pid----7313----pid-7313
---ebpf-pid----7313----pid-1
---ebpf-pid----4716----pid-4716
---ebpf-pid----4716----pid-3323
---ebpf-pid----4716----pid-1
---ebpf-pid----4716----pid-4716
---ebpf-pid----4716----pid-3323
---ebpf-pid----4716----pid-1
---ebpf-pid----4716----pid-4716
---ebpf-pid----4716----pid-3323
---ebpf-pid----4716----pid-1
---ebpf-pid----448546----pid-448546
---ebpf-pid----448546----pid-1
---ebpf-pid----4716----pid-4716
---ebpf-pid----4716----pid-3323
---ebpf-pid----4716----pid-1
---ebpf-pid----4716----pid-4716
---ebpf-pid----4716----pid-3323
---ebpf-pid----4716----pid-1
---ebpf-pid----4716----pid-4716
---ebpf-pid----4716----pid-3323
---ebpf-pid----4716----pid-1
---ebpf-pid----14----pid-14
---ebpf-pid----14----pid-2
---ebpf-pid----4716----pid-4716
---ebpf-pid----4716----pid-3323
---ebpf-pid----4716----pid-1
---ebpf-pid----448546----pid-448546
---ebpf-pid----448546----pid-1
---ebpf-pid----7312----pid-7312
---ebpf-pid----7312----pid-1
---ebpf-pid----4716----pid-4716
---ebpf-pid----4716----pid-3323
---ebpf-pid----4716----pid-1
---ebpf-pid----4716----pid-4716
---ebpf-pid----4716----pid-3323
---ebpf-pid----4716----pid-1
---ebpf-pid----4716----pid-4716
---ebpf-pid----4716----pid-3323
---ebpf-pid----4716----pid-1
---ebpf-pid----4716----pid-4716
---ebpf-pid----4716----pid-3323
---ebpf-pid----4716----pid-1
---ebpf-pid----4716----pid-4716
---ebpf-pid----4716----pid-3323
---ebpf-pid----4716----pid-1
---ebpf-pid----4716----pid-4716
---ebpf-pid----4716----pid-3323
---ebpf-pid----4716----pid-1
---ebpf-pid----4716----pid-4716
---ebpf-pid----4716----pid-3323
---ebpf-pid----4716----pid-1
---ebpf-pid----4716----pid-4716
---ebpf-pid----4716----pid-3323
---ebpf-pid----4716----pid-1
---ebpf-pid----5638----pid-5638
---ebpf-pid----5638----pid-1
---ebpf-pid----448522----pid-448522
---ebpf-pid----448522----pid-1
---ebpf-pid----4716----pid-4716
---ebpf-pid----4716----pid-3323
---ebpf-pid----4716----pid-1
---ebpf-pid----4716----pid-4716
---ebpf-pid----4716----pid-3323
---ebpf-pid----4716----pid-1
---ebpf-pid----4716----pid-4716
---ebpf-pid----4716----pid-3323
---ebpf-pid----4716----pid-1
---ebpf-pid----5638----pid-5638
---ebpf-pid----5638----pid-1
---ebpf-pid----15----pid-15
---ebpf-pid----15----pid-2
---ebpf-pid----4716----pid-4716
---ebpf-pid----4716----pid-3323
---ebpf-pid----4716----pid-1
---ebpf-pid----4716----pid-4716
---ebpf-pid----4716----pid-3323
---ebpf-pid----4716----pid-1
---ebpf-pid----4716----pid-4716
---ebpf-pid----4716----pid-3323
---ebpf-pid----4716----pid-1
---ebpf-pid----4716----pid-4716
---ebpf-pid----4716----pid-3323
---ebpf-pid----4716----pid-1
---ebpf-pid----4716----pid-4716
---ebpf-pid----4716----pid-3323
---ebpf-pid----4716----pid-1
---ebpf-pid----4716----pid-4716
---ebpf-pid----4716----pid-3323
---ebpf-pid----4716----pid-1
---ebpf-pid----4358----pid-4358
---ebpf-pid----4358----pid-3417
---ebpf-pid----4358----pid-1
---ebpf-pid----4358----pid-4358
---ebpf-pid----4358----pid-3417
---ebpf-pid----4358----pid-1
---ebpf-pid----5638----pid-5638
---ebpf-pid----5638----pid-1
---ebpf-pid----5638----pid-5638
---ebpf-pid----5638----pid-1
---ebpf-pid----4716----pid-4716
---ebpf-pid----4716----pid-3323
---ebpf-pid----4716----pid-1
---ebpf-pid----4716----pid-4716
---ebpf-pid----4716----pid-3323
---ebpf-pid----4716----pid-1
---ebpf-pid----5637----pid-5637
---ebpf-pid----5637----pid-1
---ebpf-pid----5638----pid-5638
---ebpf-pid----5638----pid-1
---ebpf-pid----5638----pid-5638
---ebpf-pid----5638----pid-1
---ebpf-pid----4716----pid-4716
---ebpf-pid----4716----pid-3323
---ebpf-pid----4716----pid-1
---ebpf-pid----4716----pid-4716
---ebpf-pid----4716----pid-3323
---ebpf-pid----4716----pid-1
---ebpf-pid----5638----pid-5638
---ebpf-pid----5638----pid-1
---ebpf-pid----5638----pid-5638
---ebpf-pid----5638----pid-1
---ebpf-pid----5638----pid-5638
---ebpf-pid----5638----pid-1
---ebpf-pid----4716----pid-4716
---ebpf-pid----4716----pid-3323
---ebpf-pid----4716----pid-1
---ebpf-pid----4716----pid-4716
---ebpf-pid----4716----pid-3323
---ebpf-pid----4716----pid-1
---ebpf-pid----4716----pid-4716
---ebpf-pid----4716----pid-3323
---ebpf-pid----4716----pid-1
---ebpf-pid----4716----pid-4716
---ebpf-pid----4716----pid-3323
---ebpf-pid----4716----pid-1
---ebpf-pid----5638----pid-5638
---ebpf-pid----5638----pid-1
---ebpf-pid----5638----pid-5638
---ebpf-pid----5638----pid-1
---ebpf-pid----4716----pid-4716
---ebpf-pid----4716----pid-3323
---ebpf-pid----4716----pid-1
---ebpf-pid----4716----pid-4716
---ebpf-pid----4716----pid-3323
---ebpf-pid----4716----pid-1
---ebpf-pid----4716----pid-4716
---ebpf-pid----4716----pid-3323
---ebpf-pid----4716----pid-1
---ebpf-pid----5637----pid-5637
---ebpf-pid----5637----pid-1
---ebpf-pid----5637----pid-5637
---ebpf-pid----5637----pid-1
---ebpf-pid----4716----pid-4716
---ebpf-pid----4716----pid-3323
---ebpf-pid----4716----pid-1
---ebpf-pid----4716----pid-4716
---ebpf-pid----4716----pid-3323
---ebpf-pid----4716----pid-1
---ebpf-pid----4716----pid-4716
---ebpf-pid----4716----pid-3323
---ebpf-pid----4716----pid-1
---ebpf-pid----5637----pid-5637
---ebpf-pid----5637----pid-1
---ebpf-pid----5637----pid-5637
---ebpf-pid----5637----pid-1
---ebpf-pid----5637----pid-5637
---ebpf-pid----5637----pid-1
---ebpf-pid----4716----pid-4716
---ebpf-pid----4716----pid-3323
---ebpf-pid----4716----pid-1
---ebpf-pid----4716----pid-4716
---ebpf-pid----4716----pid-3323
---ebpf-pid----4716----pid-1
---ebpf-pid----4716----pid-4716
---ebpf-pid----4716----pid-3323
---ebpf-pid----4716----pid-1
---ebpf-pid----4716----pid-4716
---ebpf-pid----4716----pid-3323
---ebpf-pid----4716----pid-1
---ebpf-pid----4716----pid-4716
---ebpf-pid----4716----pid-3323
---ebpf-pid----4716----pid-1
---ebpf-pid----448522----pid-448522
---ebpf-pid----448522----pid-1
---ebpf-pid----448522----pid-448522
---ebpf-pid----448522----pid-1
---ebpf-pid----4716----pid-4716
---ebpf-pid----4716----pid-3323
---ebpf-pid----4716----pid-1
---ebpf-pid----4716----pid-4716
---ebpf-pid----4716----pid-3323
---ebpf-pid----4716----pid-1
---ebpf-pid----4716----pid-4716
---ebpf-pid----4716----pid-3323
---ebpf-pid----4716----pid-1
---ebpf-pid----4716----pid-4716
---ebpf-pid----4716----pid-3323
---ebpf-pid----4716----pid-1
---ebpf-pid----4716----pid-4716
---ebpf-pid----4716----pid-3323
---ebpf-pid----4716----pid-1
---ebpf-pid----4716----pid-4716
---ebpf-pid----4716----pid-3323
---ebpf-pid----4716----pid-1
---ebpf-pid----7313----pid-7313
---ebpf-pid----7313----pid-1
---ebpf-pid----7313----pid-7313
---ebpf-pid----7313----pid-1
---ebpf-pid----4716----pid-4716
---ebpf-pid----4716----pid-3323
---ebpf-pid----4716----pid-1
---ebpf-pid----5638----pid-5638
---ebpf-pid----5638----pid-1
---ebpf-pid----7313----pid-7313
---ebpf-pid----7313----pid-1
---ebpf-pid----7313----pid-7313
---ebpf-pid----7313----pid-1
---ebpf-pid----4716----pid-4716
---ebpf-pid----4716----pid-3323
---ebpf-pid----4716----pid-1
---ebpf-pid----4716----pid-4716
---ebpf-pid----4716----pid-3323
---ebpf-pid----4716----pid-1
---ebpf-pid----4716----pid-4716
---ebpf-pid----4716----pid-3323
---ebpf-pid----4716----pid-1
---ebpf-pid----7313----pid-7313
---ebpf-pid----7313----pid-1
---ebpf-pid----4716----pid-4716
---ebpf-pid----4716----pid-3323
---ebpf-pid----4716----pid-1
---ebpf-pid----4716----pid-4716
---ebpf-pid----4716----pid-3323
---ebpf-pid----4716----pid-1
---ebpf-pid----4716----pid-4716
---ebpf-pid----4716----pid-3323
---ebpf-pid----4716----pid-1
---ebpf-pid----448522----pid-448522
---ebpf-pid----448522----pid-1
---ebpf-pid----7313----pid-7313
---ebpf-pid----7313----pid-1
---ebpf-pid----4309----pid-4309
---ebpf-pid----4309----pid-3417
---ebpf-pid----4309----pid-1
---ebpf-pid----4716----pid-4716
---ebpf-pid----4716----pid-3323
---ebpf-pid----4716----pid-1
---ebpf-pid----4716----pid-4716
---ebpf-pid----4716----pid-3323
---ebpf-pid----4716----pid-1
---ebpf-pid----4716----pid-4716
---ebpf-pid----4716----pid-3323
---ebpf-pid----4716----pid-1
---ebpf-pid----4716----pid-4716
---ebpf-pid----4716----pid-3323
---ebpf-pid----4716----pid-1
---ebpf-pid----448546----pid-448546
---ebpf-pid----448546----pid-1
---ebpf-pid----7313----pid-7313
---ebpf-pid----7313----pid-1
---ebpf-pid----4716----pid-4716
---ebpf-pid----4716----pid-3323
---ebpf-pid----4716----pid-1
---ebpf-pid----4716----pid-4716
---ebpf-pid----4716----pid-3323
---ebpf-pid----4716----pid-1
---ebpf-pid----4716----pid-4716
---ebpf-pid----4716----pid-3323
---ebpf-pid----4716----pid-1
---ebpf-pid----448546----pid-448546
---ebpf-pid----448546----pid-1
---ebpf-pid----7313----pid-7313
---ebpf-pid----7313----pid-1
---ebpf-pid----4716----pid-4716
---ebpf-pid----4716----pid-3323
---ebpf-pid----4716----pid-1
---ebpf-pid----5638----pid-5638
---ebpf-pid----5638----pid-1
---ebpf-pid----448546----pid-448546
---ebpf-pid----448546----pid-1
---ebpf-pid----7313----pid-7313
---ebpf-pid----7313----pid-1
---ebpf-pid----4716----pid-4716
---ebpf-pid----4716----pid-3323
---ebpf-pid----4716----pid-1
---ebpf-pid----4716----pid-4716
---ebpf-pid----4716----pid-3323
---ebpf-pid----4716----pid-1
---ebpf-pid----4716----pid-4716
---ebpf-pid----4716----pid-3323
---ebpf-pid----4716----pid-1
---ebpf-pid----7313----pid-7313
---ebpf-pid----7313----pid-1
---ebpf-pid----4716----pid-4716
---ebpf-pid----4716----pid-3323
---ebpf-pid----4716----pid-1
---ebpf-pid----4716----pid-4716
---ebpf-pid----4716----pid-3323
---ebpf-pid----4716----pid-1
---ebpf-pid----4716----pid-4716
---ebpf-pid----4716----pid-3323
---ebpf-pid----4716----pid-1
---ebpf-pid----4716----pid-4716
---ebpf-pid----4716----pid-3323
---ebpf-pid----4716----pid-1
---ebpf-pid----4716----pid-4716
---ebpf-pid----4716----pid-3323
---ebpf-pid----4716----pid-1
---ebpf-pid----4716----pid-4716
---ebpf-pid----4716----pid-3323
---ebpf-pid----4716----pid-1
---ebpf-pid----4716----pid-4716
---ebpf-pid----4716----pid-3323
---ebpf-pid----4716----pid-1
---ebpf-pid----4716----pid-4716
---ebpf-pid----4716----pid-3323
---ebpf-pid----4716----pid-1
---ebpf-pid----7313----pid-7313
---ebpf-pid----7313----pid-1
---ebpf-pid----7313----pid-7313
---ebpf-pid----7313----pid-1
---ebpf-pid----4716----pid-4716
---ebpf-pid----4716----pid-3323
---ebpf-pid----4716----pid-1
---ebpf-pid----448546----pid-448546
---ebpf-pid----448546----pid-1
---ebpf-pid----4716----pid-4716
---ebpf-pid----4716----pid-3323
---ebpf-pid----4716----pid-1
---ebpf-pid----4716----pid-4716
---ebpf-pid----4716----pid-3323
---ebpf-pid----4716----pid-1
---ebpf-pid----4716----pid-4716
---ebpf-pid----4716----pid-3323
---ebpf-pid----4716----pid-1
---ebpf-pid----4716----pid-4716
---ebpf-pid----4716----pid-3323
---ebpf-pid----4716----pid-1
---ebpf-pid----448546----pid-448546
---ebpf-pid----448546----pid-1
---ebpf-pid----4716----pid-4716
---ebpf-pid----4716----pid-3323
---ebpf-pid----4716----pid-1
---ebpf-pid----448546----pid-448546
---ebpf-pid----448546----pid-1
---ebpf-pid----4716----pid-4716
---ebpf-pid----4716----pid-3323
---ebpf-pid----4716----pid-1
---ebpf-pid----4716----pid-4716
---ebpf-pid----4716----pid-3323
---ebpf-pid----4716----pid-1
---ebpf-pid----4716----pid-4716
---ebpf-pid----4716----pid-3323
---ebpf-pid----4716----pid-1
---ebpf-pid----4716----pid-4716
---ebpf-pid----4716----pid-3323
---ebpf-pid----4716----pid-1
---ebpf-pid----7313----pid-7313
---ebpf-pid----7313----pid-1
---ebpf-pid----4716----pid-4716
---ebpf-pid----4716----pid-3323
---ebpf-pid----4716----pid-1
---ebpf-pid----4716----pid-4716
---ebpf-pid----4716----pid-3323
---ebpf-pid----4716----pid-1
---ebpf-pid----448546----pid-448546
---ebpf-pid----448546----pid-1
---ebpf-pid----7313----pid-7313
---ebpf-pid----7313----pid-1
---ebpf-pid----4716----pid-4716
---ebpf-pid----4716----pid-3323
---ebpf-pid----4716----pid-1
---ebpf-pid----448546----pid-448546
---ebpf-pid----448546----pid-1
---ebpf-pid----4716----pid-4716
---ebpf-pid----4716----pid-3323
---ebpf-pid----4716----pid-1
---ebpf-pid----4716----pid-4716
---ebpf-pid----4716----pid-3323
---ebpf-pid----4716----pid-1
---ebpf-pid----5279----pid-5279
---ebpf-pid----5279----pid-3615
---ebpf-pid----5279----pid-1
---ebpf-pid----7313----pid-7313
---ebpf-pid----7313----pid-1
---ebpf-pid----7313----pid-7313
---ebpf-pid----7313----pid-1
---ebpf-pid----4716----pid-4716
---ebpf-pid----4716----pid-3323
---ebpf-pid----4716----pid-1
---ebpf-pid----448546----pid-448546
---ebpf-pid----448546----pid-1
---ebpf-pid----448546----pid-448546
---ebpf-pid----448546----pid-1
---ebpf-pid----7313----pid-7313
---ebpf-pid----7313----pid-1
---ebpf-pid----4716----pid-4716
---ebpf-pid----4716----pid-3323
---ebpf-pid----4716----pid-1
---ebpf-pid----448783----pid-448783
---ebpf-pid----448783----pid-448520
---ebpf-pid----448783----pid-1
---ebpf-pid----448783----pid-448783
---ebpf-pid----448783----pid-448520
---ebpf-pid----448783----pid-1
---ebpf-pid----448783----pid-448783
---ebpf-pid----448783----pid-448520
---ebpf-pid----448783----pid-1
---ebpf-pid----448783----pid-448783
---ebpf-pid----448783----pid-448520
---ebpf-pid----448783----pid-1
---ebpf-pid----448783----pid-448783
---ebpf-pid----448783----pid-448520
---ebpf-pid----448783----pid-1
---ebpf-pid----448783----pid-448783
---ebpf-pid----448783----pid-448520
---ebpf-pid----448783----pid-1
---ebpf-pid----448783----pid-448783
---ebpf-pid----448783----pid-448520
---ebpf-pid----448783----pid-1
---ebpf-pid----448783----pid-448783
---ebpf-pid----448783----pid-448520
---ebpf-pid----448783----pid-1
---ebpf-pid----448783----pid-448783
---ebpf-pid----448783----pid-448520
---ebpf-pid----448783----pid-1
---ebpf-pid----448783----pid-448783
---ebpf-pid----448783----pid-448520
---ebpf-pid----448783----pid-1
---ebpf-pid----448783----pid-448783
---ebpf-pid----448783----pid-448520
---ebpf-pid----448783----pid-1
---ebpf-pid----448783----pid-448783
---ebpf-pid----448783----pid-448520
---ebpf-pid----448783----pid-1
---ebpf-pid----448783----pid-448783
---ebpf-pid----448783----pid-448520
---ebpf-pid----448783----pid-1
---ebpf-pid----448783----pid-448783
---ebpf-pid----448783----pid-448520
---ebpf-pid----448783----pid-1
---ebpf-pid----448783----pid-448783
---ebpf-pid----448783----pid-448520
---ebpf-pid----448783----pid-1
---ebpf-pid----5638----pid-5638
---ebpf-pid----5638----pid-1
---ebpf-pid----448783----pid-448783
---ebpf-pid----448783----pid-448520
---ebpf-pid----448783----pid-1
---ebpf-pid----5638----pid-5638
---ebpf-pid----5638----pid-1
---ebpf-pid----448783----pid-448783
---ebpf-pid----448783----pid-448520
---ebpf-pid----448783----pid-1
---ebpf-pid----5637----pid-5637
---ebpf-pid----5637----pid-1
---ebpf-pid----448546----pid-448546
---ebpf-pid----448546----pid-1
---ebpf-pid----7312----pid-7312
---ebpf-pid----7312----pid-1
---ebpf-pid----7312----pid-7312
---ebpf-pid----7312----pid-1
---ebpf-pid----5638----pid-5638
---ebpf-pid----5638----pid-1
---ebpf-pid----448546----pid-448546
---ebpf-pid----448546----pid-1
---ebpf-pid----7312----pid-7312
---ebpf-pid----7312----pid-1
---ebpf-pid----448783----pid-448783
---ebpf-pid----448783----pid-448520
---ebpf-pid----448783----pid-1
---ebpf-pid----448783----pid-448783
---ebpf-pid----448783----pid-448520
---ebpf-pid----448783----pid-1
---ebpf-pid----448783----pid-448783
---ebpf-pid----448783----pid-448520
---ebpf-pid----448783----pid-1
---ebpf-pid----448546----pid-448546
---ebpf-pid----448546----pid-1
---ebpf-pid----448783----pid-448783
---ebpf-pid----448783----pid-448520
---ebpf-pid----448783----pid-1
---ebpf-pid----448783----pid-448783
---ebpf-pid----448783----pid-448520
---ebpf-pid----448783----pid-1
---ebpf-pid----448783----pid-448783
---ebpf-pid----448783----pid-448520
---ebpf-pid----448783----pid-1
---ebpf-pid----448783----pid-448783
---ebpf-pid----448783----pid-448520
---ebpf-pid----448783----pid-1
---ebpf-pid----448783----pid-448783
---ebpf-pid----448783----pid-448520
---ebpf-pid----448783----pid-1
---ebpf-pid----7313----pid-7313
---ebpf-pid----7313----pid-1
---ebpf-pid----7312----pid-7312
---ebpf-pid----7312----pid-1
---ebpf-pid----448783----pid-448783
---ebpf-pid----448783----pid-448520
---ebpf-pid----448783----pid-1
---ebpf-pid----7312----pid-7312
---ebpf-pid----7312----pid-1
---ebpf-pid----6671----pid-6671
---ebpf-pid----6671----pid-5476
---ebpf-pid----6671----pid-1
---ebpf-pid----7312----pid-7312
---ebpf-pid----7312----pid-1
---ebpf-pid----6671----pid-6671
---ebpf-pid----6671----pid-5476
---ebpf-pid----6671----pid-1
---ebpf-pid----6671----pid-6671
---ebpf-pid----6671----pid-5476
---ebpf-pid----6671----pid-1
---ebpf-pid----6671----pid-6671
---ebpf-pid----6671----pid-5476
---ebpf-pid----6671----pid-1
---ebpf-pid----7312----pid-7312
---ebpf-pid----7312----pid-1
---ebpf-pid----7312----pid-7312
---ebpf-pid----7312----pid-1
---ebpf-pid----4716----pid-4716
---ebpf-pid----4716----pid-3323
---ebpf-pid----4716----pid-1
---ebpf-pid----4716----pid-4716
---ebpf-pid----4716----pid-3323
---ebpf-pid----4716----pid-1
---ebpf-pid----4716----pid-4716
---ebpf-pid----4716----pid-3323
---ebpf-pid----4716----pid-1
---ebpf-pid----448546----pid-448546
---ebpf-pid----448546----pid-1
---ebpf-pid----7312----pid-7312
---ebpf-pid----7312----pid-1
---ebpf-pid----5638----pid-5638
---ebpf-pid----5638----pid-1
---ebpf-pid----4716----pid-4716
---ebpf-pid----4716----pid-3323
---ebpf-pid----4716----pid-1
---ebpf-pid----4716----pid-4716
---ebpf-pid----4716----pid-3323
---ebpf-pid----4716----pid-1
---ebpf-pid----4716----pid-4716
---ebpf-pid----4716----pid-3323
---ebpf-pid----4716----pid-1
---ebpf-pid----4716----pid-4716
---ebpf-pid----4716----pid-3323
---ebpf-pid----4716----pid-1
---ebpf-pid----4716----pid-4716
---ebpf-pid----4716----pid-3323
---ebpf-pid----4716----pid-1
---ebpf-pid----4716----pid-4716
---ebpf-pid----4716----pid-3323
---ebpf-pid----4716----pid-1
---ebpf-pid----4716----pid-4716
---ebpf-pid----4716----pid-3323
---ebpf-pid----4716----pid-1
---ebpf-pid----7312----pid-7312
---ebpf-pid----7312----pid-1
---ebpf-pid----4716----pid-4716
---ebpf-pid----4716----pid-3323
---ebpf-pid----4716----pid-1
---ebpf-pid----4716----pid-4716
---ebpf-pid----4716----pid-3323
---ebpf-pid----4716----pid-1
---ebpf-pid----4716----pid-4716
---ebpf-pid----4716----pid-3323
---ebpf-pid----4716----pid-1
---ebpf-pid----4716----pid-4716
---ebpf-pid----4716----pid-3323
---ebpf-pid----4716----pid-1
---ebpf-pid----448546----pid-448546
---ebpf-pid----448546----pid-1
---ebpf-pid----7312----pid-7312
---ebpf-pid----7312----pid-1
---ebpf-pid----4716----pid-4716
---ebpf-pid----4716----pid-3323
---ebpf-pid----4716----pid-1
---ebpf-pid----7312----pid-7312
---ebpf-pid----7312----pid-1
---ebpf-pid----4716----pid-4716
---ebpf-pid----4716----pid-3323
---ebpf-pid----4716----pid-1
---ebpf-pid----4716----pid-4716
---ebpf-pid----4716----pid-3323
---ebpf-pid----4716----pid-1
---ebpf-pid----7312----pid-7312
---ebpf-pid----7312----pid-1
---ebpf-pid----4716----pid-4716
---ebpf-pid----4716----pid-3323
---ebpf-pid----4716----pid-1
---ebpf-pid----4716----pid-4716
---ebpf-pid----4716----pid-3323
---ebpf-pid----4716----pid-1
---ebpf-pid----448546----pid-448546
---ebpf-pid----448546----pid-1
---ebpf-pid----4716----pid-4716
---ebpf-pid----4716----pid-3323
---ebpf-pid----4716----pid-1
---ebpf-pid----4716----pid-4716
---ebpf-pid----4716----pid-3323
---ebpf-pid----4716----pid-1
---ebpf-pid----7312----pid-7312
---ebpf-pid----7312----pid-1
---ebpf-pid----4716----pid-4716
---ebpf-pid----4716----pid-3323
---ebpf-pid----4716----pid-1
---ebpf-pid----448546----pid-448546
---ebpf-pid----448546----pid-1
---ebpf-pid----448546----pid-448546
---ebpf-pid----448546----pid-1
---ebpf-pid----4716----pid-4716
---ebpf-pid----4716----pid-3323
---ebpf-pid----4716----pid-1
---ebpf-pid----14----pid-14
---ebpf-pid----14----pid-2
---ebpf-pid----4716----pid-4716
---ebpf-pid----4716----pid-3323
---ebpf-pid----4716----pid-1
---ebpf-pid----4716----pid-4716
---ebpf-pid----4716----pid-3323
---ebpf-pid----4716----pid-1
---ebpf-pid----5638----pid-5638
---ebpf-pid----5638----pid-1
---ebpf-pid----5638----pid-5638
---ebpf-pid----5638----pid-1
---ebpf-pid----4716----pid-4716
---ebpf-pid----4716----pid-3323
---ebpf-pid----4716----pid-1
---ebpf-pid----4716----pid-4716
---ebpf-pid----4716----pid-3323
---ebpf-pid----4716----pid-1
---ebpf-pid----7313----pid-7313
---ebpf-pid----7313----pid-1
---ebpf-pid----7313----pid-7313
---ebpf-pid----7313----pid-1
---ebpf-pid----4716----pid-4716
---ebpf-pid----4716----pid-3323
---ebpf-pid----4716----pid-1
---ebpf-pid----4716----pid-4716
---ebpf-pid----4716----pid-3323
---ebpf-pid----4716----pid-1
---ebpf-pid----4716----pid-4716
---ebpf-pid----4716----pid-3323
---ebpf-pid----4716----pid-1
---ebpf-pid----4716----pid-4716
---ebpf-pid----4716----pid-3323
---ebpf-pid----4716----pid-1
---ebpf-pid----7313----pid-7313
---ebpf-pid----7313----pid-1
---ebpf-pid----4716----pid-4716
---ebpf-pid----4716----pid-3323
---ebpf-pid----4716----pid-1
---ebpf-pid----7312----pid-7312
---ebpf-pid----7312----pid-1
---ebpf-pid----7313----pid-7313
---ebpf-pid----7313----pid-1
---ebpf-pid----4716----pid-4716
---ebpf-pid----4716----pid-3323
---ebpf-pid----4716----pid-1
---ebpf-pid----4716----pid-4716
---ebpf-pid----4716----pid-3323
---ebpf-pid----4716----pid-1
---ebpf-pid----448546----pid-448546
---ebpf-pid----448546----pid-1
---ebpf-pid----7312----pid-7312
---ebpf-pid----7312----pid-1
---ebpf-pid----4716----pid-4716
---ebpf-pid----4716----pid-3323
---ebpf-pid----4716----pid-1
---ebpf-pid----4716----pid-4716
---ebpf-pid----4716----pid-3323
---ebpf-pid----4716----pid-1
---ebpf-pid----4716----pid-4716
---ebpf-pid----4716----pid-3323
---ebpf-pid----4716----pid-1
---ebpf-pid----448546----pid-448546
---ebpf-pid----448546----pid-1
---ebpf-pid----7312----pid-7312
---ebpf-pid----7312----pid-1
---ebpf-pid----4716----pid-4716
---ebpf-pid----4716----pid-3323
---ebpf-pid----4716----pid-1
---ebpf-pid----4716----pid-4716
---ebpf-pid----4716----pid-3323
---ebpf-pid----4716----pid-1
---ebpf-pid----4716----pid-4716
---ebpf-pid----4716----pid-3323
---ebpf-pid----4716----pid-1
---ebpf-pid----4716----pid-4716
---ebpf-pid----4716----pid-3323
---ebpf-pid----4716----pid-1
---ebpf-pid----448546----pid-448546
---ebpf-pid----448546----pid-1
---ebpf-pid----4716----pid-4716
---ebpf-pid----4716----pid-3323
---ebpf-pid----4716----pid-1
---ebpf-pid----4716----pid-4716
---ebpf-pid----4716----pid-3323
---ebpf-pid----4716----pid-1
---ebpf-pid----4716----pid-4716
---ebpf-pid----4716----pid-3323
---ebpf-pid----4716----pid-1
---ebpf-pid----4716----pid-4716
---ebpf-pid----4716----pid-3323
---ebpf-pid----4716----pid-1
---ebpf-pid----448546----pid-448546
---ebpf-pid----448546----pid-1
---ebpf-pid----4716----pid-4716
---ebpf-pid----4716----pid-3323
---ebpf-pid----4716----pid-1
---ebpf-pid----4716----pid-4716
---ebpf-pid----4716----pid-3323
---ebpf-pid----4716----pid-1
---ebpf-pid----4716----pid-4716
---ebpf-pid----4716----pid-3323
---ebpf-pid----4716----pid-1
---ebpf-pid----4716----pid-4716
---ebpf-pid----4716----pid-3323
---ebpf-pid----4716----pid-1
---ebpf-pid----4716----pid-4716
---ebpf-pid----4716----pid-3323
---ebpf-pid----4716----pid-1
---ebpf-pid----448546----pid-448546
---ebpf-pid----448546----pid-1
---ebpf-pid----1856----pid-1856
---ebpf-pid----1856----pid-1
---ebpf-pid----4716----pid-4716
---ebpf-pid----4716----pid-3323
---ebpf-pid----4716----pid-1
---ebpf-pid----5637----pid-5637
---ebpf-pid----5637----pid-1
---ebpf-pid----5637----pid-5637
---ebpf-pid----5637----pid-1
---ebpf-pid----4716----pid-4716
---ebpf-pid----4716----pid-3323
---ebpf-pid----4716----pid-1
---ebpf-pid----4716----pid-4716
---ebpf-pid----4716----pid-3323
---ebpf-pid----4716----pid-1
---ebpf-pid----4716----pid-4716
---ebpf-pid----4716----pid-3323
---ebpf-pid----4716----pid-1
---ebpf-pid----4716----pid-4716
---ebpf-pid----4716----pid-3323
---ebpf-pid----4716----pid-1
---ebpf-pid----4716----pid-4716
---ebpf-pid----4716----pid-3323
---ebpf-pid----4716----pid-1
---ebpf-pid----4716----pid-4716
---ebpf-pid----4716----pid-3323
---ebpf-pid----4716----pid-1
---ebpf-pid----5705----pid-5705
---ebpf-pid----5705----pid-5476
---ebpf-pid----5705----pid-1
---ebpf-pid----5705----pid-5705
---ebpf-pid----5705----pid-5476
---ebpf-pid----5705----pid-1
---ebpf-pid----5705----pid-5705
---ebpf-pid----5705----pid-5476
---ebpf-pid----5705----pid-1
---ebpf-pid----5705----pid-5705
---ebpf-pid----5705----pid-5476
---ebpf-pid----5705----pid-1
---ebpf-pid----4716----pid-4716
---ebpf-pid----4716----pid-3323
---ebpf-pid----4716----pid-1
---ebpf-pid----4716----pid-4716
---ebpf-pid----4716----pid-3323
---ebpf-pid----4716----pid-1
---ebpf-pid----4716----pid-4716
---ebpf-pid----4716----pid-3323
---ebpf-pid----4716----pid-1
---ebpf-pid----4716----pid-4716
---ebpf-pid----4716----pid-3323
---ebpf-pid----4716----pid-1
---ebpf-pid----4716----pid-4716
---ebpf-pid----4716----pid-3323
---ebpf-pid----4716----pid-1
---ebpf-pid----5637----pid-5637
---ebpf-pid----5637----pid-1
---ebpf-pid----4716----pid-4716
---ebpf-pid----4716----pid-3323
---ebpf-pid----4716----pid-1
---ebpf-pid----4716----pid-4716
---ebpf-pid----4716----pid-3323
---ebpf-pid----4716----pid-1
---ebpf-pid----7313----pid-7313
---ebpf-pid----7313----pid-1
---ebpf-pid----5637----pid-5637
---ebpf-pid----5637----pid-1
---ebpf-pid----5637----pid-5637
---ebpf-pid----5637----pid-1
---ebpf-pid----4716----pid-4716
---ebpf-pid----4716----pid-3323
---ebpf-pid----4716----pid-1
---ebpf-pid----4716----pid-4716
---ebpf-pid----4716----pid-3323
---ebpf-pid----4716----pid-1
---ebpf-pid----4716----pid-4716
---ebpf-pid----4716----pid-3323
---ebpf-pid----4716----pid-1
---ebpf-pid----14----pid-14
---ebpf-pid----14----pid-2
---ebpf-pid----4716----pid-4716
---ebpf-pid----4716----pid-3323
---ebpf-pid----4716----pid-1
---ebpf-pid----5637----pid-5637
---ebpf-pid----5637----pid-1
---ebpf-pid----4716----pid-4716
---ebpf-pid----4716----pid-3323
---ebpf-pid----4716----pid-1
---ebpf-pid----4716----pid-4716
---ebpf-pid----4716----pid-3323
---ebpf-pid----4716----pid-1
---ebpf-pid----4716----pid-4716
---ebpf-pid----4716----pid-3323
---ebpf-pid----4716----pid-1
---ebpf-pid----4716----pid-4716
---ebpf-pid----4716----pid-3323
---ebpf-pid----4716----pid-1
---ebpf-pid----5637----pid-5637
---ebpf-pid----5637----pid-1
---ebpf-pid----5637----pid-5637
---ebpf-pid----5637----pid-1
---ebpf-pid----4716----pid-4716
---ebpf-pid----4716----pid-3323
---ebpf-pid----4716----pid-1
---ebpf-pid----448546----pid-448546
---ebpf-pid----448546----pid-1
---ebpf-pid----5637----pid-5637
---ebpf-pid----5637----pid-1
---ebpf-pid----4716----pid-4716
---ebpf-pid----4716----pid-3323
---ebpf-pid----4716----pid-1
---ebpf-pid----448546----pid-448546
---ebpf-pid----448546----pid-1
---ebpf-pid----5637----pid-5637
---ebpf-pid----5637----pid-1
---ebpf-pid----4716----pid-4716
---ebpf-pid----4716----pid-3323
---ebpf-pid----4716----pid-1
---ebpf-pid----4716----pid-4716
---ebpf-pid----4716----pid-3323
---ebpf-pid----4716----pid-1
---ebpf-pid----4716----pid-4716
---ebpf-pid----4716----pid-3323
---ebpf-pid----4716----pid-1
---ebpf-pid----4716----pid-4716
---ebpf-pid----4716----pid-3323
---ebpf-pid----4716----pid-1
---ebpf-pid----448546----pid-448546
---ebpf-pid----448546----pid-1
---ebpf-pid----5637----pid-5637
---ebpf-pid----5637----pid-1
---ebpf-pid----5637----pid-5637
---ebpf-pid----5637----pid-1
---ebpf-pid----4716----pid-4716
---ebpf-pid----4716----pid-3323
---ebpf-pid----4716----pid-1
---ebpf-pid----4716----pid-4716
---ebpf-pid----4716----pid-3323
---ebpf-pid----4716----pid-1
---ebpf-pid----448546----pid-448546
---ebpf-pid----448546----pid-1
---ebpf-pid----448546----pid-448546
---ebpf-pid----448546----pid-1
---ebpf-pid----5637----pid-5637
---ebpf-pid----5637----pid-1
---ebpf-pid----5637----pid-5637
---ebpf-pid----5637----pid-1
---ebpf-pid----4716----pid-4716
---ebpf-pid----4716----pid-3323
---ebpf-pid----4716----pid-1
---ebpf-pid----4716----pid-4716
---ebpf-pid----4716----pid-3323
---ebpf-pid----4716----pid-1
---ebpf-pid----4716----pid-4716
---ebpf-pid----4716----pid-3323
---ebpf-pid----4716----pid-1
---ebpf-pid----4716----pid-4716
---ebpf-pid----4716----pid-3323
---ebpf-pid----4716----pid-1
---ebpf-pid----448546----pid-448546
---ebpf-pid----448546----pid-1
---ebpf-pid----5637----pid-5637
---ebpf-pid----5637----pid-1
---ebpf-pid----5637----pid-5637
---ebpf-pid----5637----pid-1
---ebpf-pid----5637----pid-5637
---ebpf-pid----5637----pid-1
---ebpf-pid----4716----pid-4716
---ebpf-pid----4716----pid-3323
---ebpf-pid----4716----pid-1
---ebpf-pid----1856----pid-1856
---ebpf-pid----1856----pid-1
---ebpf-pid----448546----pid-448546
---ebpf-pid----448546----pid-1
---ebpf-pid----448546----pid-448546
---ebpf-pid----448546----pid-1
---ebpf-pid----4716----pid-4716
---ebpf-pid----4716----pid-3323
---ebpf-pid----4716----pid-1
---ebpf-pid----4716----pid-4716
---ebpf-pid----4716----pid-3323
---ebpf-pid----4716----pid-1
---ebpf-pid----4716----pid-4716
---ebpf-pid----4716----pid-3323
---ebpf-pid----4716----pid-1
---ebpf-pid----7313----pid-7313
---ebpf-pid----7313----pid-1
---ebpf-pid----7313----pid-7313
---ebpf-pid----7313----pid-1
---ebpf-pid----4716----pid-4716
---ebpf-pid----4716----pid-3323
---ebpf-pid----4716----pid-1
---ebpf-pid----448546----pid-448546
---ebpf-pid----448546----pid-1
---ebpf-pid----7313----pid-7313
---ebpf-pid----7313----pid-1
---ebpf-pid----4716----pid-4716
---ebpf-pid----4716----pid-3323
---ebpf-pid----4716----pid-1
---ebpf-pid----4716----pid-4716
---ebpf-pid----4716----pid-3323
---ebpf-pid----4716----pid-1
---ebpf-pid----4716----pid-4716
---ebpf-pid----4716----pid-3323
---ebpf-pid----4716----pid-1
---ebpf-pid----4716----pid-4716
---ebpf-pid----4716----pid-3323
---ebpf-pid----4716----pid-1
---ebpf-pid----4716----pid-4716
---ebpf-pid----4716----pid-3323
---ebpf-pid----4716----pid-1
---ebpf-pid----1856----pid-1856
---ebpf-pid----1856----pid-1
---ebpf-pid----448546----pid-448546
---ebpf-pid----448546----pid-1
---ebpf-pid----4716----pid-4716
---ebpf-pid----4716----pid-3323
---ebpf-pid----4716----pid-1
---ebpf-pid----4716----pid-4716
---ebpf-pid----4716----pid-3323
---ebpf-pid----4716----pid-1
---ebpf-pid----4716----pid-4716
---ebpf-pid----4716----pid-3323
---ebpf-pid----4716----pid-1
---ebpf-pid----4716----pid-4716
---ebpf-pid----4716----pid-3323
---ebpf-pid----4716----pid-1
---ebpf-pid----4716----pid-4716
---ebpf-pid----4716----pid-3323
---ebpf-pid----4716----pid-1
---ebpf-pid----448546----pid-448546
---ebpf-pid----448546----pid-1
---ebpf-pid----7313----pid-7313
---ebpf-pid----7313----pid-1
---ebpf-pid----4716----pid-4716
---ebpf-pid----4716----pid-3323
---ebpf-pid----4716----pid-1
---ebpf-pid----4716----pid-4716
---ebpf-pid----4716----pid-3323
---ebpf-pid----4716----pid-1
---ebpf-pid----4716----pid-4716
---ebpf-pid----4716----pid-3323
---ebpf-pid----4716----pid-1
---ebpf-pid----4716----pid-4716
---ebpf-pid----4716----pid-3323
---ebpf-pid----4716----pid-1
---ebpf-pid----4716----pid-4716
---ebpf-pid----4716----pid-3323
---ebpf-pid----4716----pid-1
---ebpf-pid----4716----pid-4716
---ebpf-pid----4716----pid-3323
---ebpf-pid----4716----pid-1
---ebpf-pid----4716----pid-4716
---ebpf-pid----4716----pid-3323
---ebpf-pid----4716----pid-1
---ebpf-pid----4716----pid-4716
---ebpf-pid----4716----pid-3323
---ebpf-pid----4716----pid-1
---ebpf-pid----4716----pid-4716
---ebpf-pid----4716----pid-3323
---ebpf-pid----4716----pid-1
---ebpf-pid----448546----pid-448546
---ebpf-pid----448546----pid-1
---ebpf-pid----7313----pid-7313
---ebpf-pid----7313----pid-1
---ebpf-pid----4716----pid-4716
---ebpf-pid----4716----pid-3323
---ebpf-pid----4716----pid-1
---ebpf-pid----4716----pid-4716
---ebpf-pid----4716----pid-3323
---ebpf-pid----4716----pid-1
---ebpf-pid----4716----pid-4716
---ebpf-pid----4716----pid-3323
---ebpf-pid----4716----pid-1
---ebpf-pid----4716----pid-4716
---ebpf-pid----4716----pid-3323
---ebpf-pid----4716----pid-1
---ebpf-pid----7313----pid-7313
---ebpf-pid----7313----pid-1
---ebpf-pid----4716----pid-4716
---ebpf-pid----4716----pid-3323
---ebpf-pid----4716----pid-1
---ebpf-pid----448546----pid-448546
---ebpf-pid----448546----pid-1
---ebpf-pid----5638----pid-5638
---ebpf-pid----5638----pid-1
---ebpf-pid----4716----pid-4716
---ebpf-pid----4716----pid-3323
---ebpf-pid----4716----pid-1
---ebpf-pid----4716----pid-4716
---ebpf-pid----4716----pid-3323
---ebpf-pid----4716----pid-1
---ebpf-pid----4716----pid-4716
---ebpf-pid----4716----pid-3323
---ebpf-pid----4716----pid-1
---ebpf-pid----4716----pid-4716
---ebpf-pid----4716----pid-3323
---ebpf-pid----4716----pid-1
---ebpf-pid----4716----pid-4716
---ebpf-pid----4716----pid-3323
---ebpf-pid----4716----pid-1
---ebpf-pid----4716----pid-4716
---ebpf-pid----4716----pid-3323
---ebpf-pid----4716----pid-1
---ebpf-pid----7313----pid-7313
---ebpf-pid----7313----pid-1
---ebpf-pid----448546----pid-448546
---ebpf-pid----448546----pid-1
---ebpf-pid----5638----pid-5638
---ebpf-pid----5638----pid-1
---ebpf-pid----4716----pid-4716
---ebpf-pid----4716----pid-3323
---ebpf-pid----4716----pid-1
---ebpf-pid----5638----pid-5638
---ebpf-pid----5638----pid-1
---ebpf-pid----5638----pid-5638
---ebpf-pid----5638----pid-1
---ebpf-pid----5638----pid-5638
---ebpf-pid----5638----pid-1
---ebpf-pid----4716----pid-4716
---ebpf-pid----4716----pid-3323
---ebpf-pid----4716----pid-1
---ebpf-pid----4716----pid-4716
---ebpf-pid----4716----pid-3323
---ebpf-pid----4716----pid-1
---ebpf-pid----4716----pid-4716
---ebpf-pid----4716----pid-3323
---ebpf-pid----4716----pid-1
---ebpf-pid----4716----pid-4716
---ebpf-pid----4716----pid-3323
---ebpf-pid----4716----pid-1
---ebpf-pid----5638----pid-5638
---ebpf-pid----5638----pid-1
---ebpf-pid----4716----pid-4716
---ebpf-pid----4716----pid-3323
---ebpf-pid----4716----pid-1
---ebpf-pid----4716----pid-4716
---ebpf-pid----4716----pid-3323
---ebpf-pid----4716----pid-1
---ebpf-pid----448783----pid-448783
---ebpf-pid----448783----pid-448520
---ebpf-pid----448783----pid-1
---ebpf-pid----448783----pid-448783
---ebpf-pid----448783----pid-448520
---ebpf-pid----448783----pid-1
---ebpf-pid----448783----pid-448783
---ebpf-pid----448783----pid-448520
---ebpf-pid----448783----pid-1
---ebpf-pid----448783----pid-448783
---ebpf-pid----448783----pid-448520
---ebpf-pid----448783----pid-1
---ebpf-pid----448783----pid-448783
---ebpf-pid----448783----pid-448520
---ebpf-pid----448783----pid-1
---ebpf-pid----448783----pid-448783
---ebpf-pid----448783----pid-448520
---ebpf-pid----448783----pid-1
---ebpf-pid----448783----pid-448783
---ebpf-pid----448783----pid-448520
---ebpf-pid----448783----pid-1
---ebpf-pid----448783----pid-448783
---ebpf-pid----448783----pid-448520
---ebpf-pid----448783----pid-1
---ebpf-pid----448783----pid-448783
---ebpf-pid----448783----pid-448520
---ebpf-pid----448783----pid-1
---ebpf-pid----448783----pid-448783
---ebpf-pid----448783----pid-448520
---ebpf-pid----448783----pid-1
---ebpf-pid----448783----pid-448783
---ebpf-pid----448783----pid-448520
---ebpf-pid----448783----pid-1
---ebpf-pid----448783----pid-448783
---ebpf-pid----448783----pid-448520
---ebpf-pid----448783----pid-1
---ebpf-pid----448783----pid-448783
---ebpf-pid----448783----pid-448520
---ebpf-pid----448783----pid-1
---ebpf-pid----448783----pid-448783
---ebpf-pid----448783----pid-448520
---ebpf-pid----448783----pid-1
---ebpf-pid----448783----pid-448783
---ebpf-pid----448783----pid-448520
---ebpf-pid----448783----pid-1
---ebpf-pid----448783----pid-448783
---ebpf-pid----448783----pid-448520
---ebpf-pid----448783----pid-1
---ebpf-pid----448783----pid-448783
---ebpf-pid----448783----pid-448520
---ebpf-pid----448783----pid-1
---ebpf-pid----448783----pid-448783
---ebpf-pid----448783----pid-448520
---ebpf-pid----448783----pid-1
---ebpf-pid----448783----pid-448783
---ebpf-pid----448783----pid-448520
---ebpf-pid----448783----pid-1
---ebpf-pid----448783----pid-448783
---ebpf-pid----448783----pid-448520
---ebpf-pid----448783----pid-1
---ebpf-pid----448783----pid-448783
---ebpf-pid----448783----pid-448520
---ebpf-pid----448783----pid-1
---ebpf-pid----448783----pid-448783
---ebpf-pid----448783----pid-448520
---ebpf-pid----448783----pid-1
---ebpf-pid----448783----pid-448783
---ebpf-pid----448783----pid-448520
---ebpf-pid----448783----pid-1
---ebpf-pid----5637----pid-5637
---ebpf-pid----5637----pid-1
---ebpf-pid----448783----pid-448783
---ebpf-pid----448783----pid-448520
---ebpf-pid----448783----pid-1
---ebpf-pid----448783----pid-448783
---ebpf-pid----448783----pid-448520
---ebpf-pid----448783----pid-1
---ebpf-pid----448783----pid-448783
---ebpf-pid----448783----pid-448520
---ebpf-pid----448783----pid-1
---ebpf-pid----448783----pid-448783
---ebpf-pid----448783----pid-448520
---ebpf-pid----448783----pid-1
---ebpf-pid----448783----pid-448783
---ebpf-pid----448783----pid-448520
---ebpf-pid----448783----pid-1
---ebpf-pid----448783----pid-448783
---ebpf-pid----448783----pid-448520
---ebpf-pid----448783----pid-1
---ebpf-pid----448783----pid-448783
---ebpf-pid----448783----pid-448520
---ebpf-pid----448783----pid-1
---ebpf-pid----448783----pid-448783
---ebpf-pid----448783----pid-448520
---ebpf-pid----448783----pid-1
---ebpf-pid----448783----pid-448783
---ebpf-pid----448783----pid-448520
---ebpf-pid----448783----pid-1
---ebpf-pid----448783----pid-448783
---ebpf-pid----448783----pid-448520
---ebpf-pid----448783----pid-1
---ebpf-pid----448783----pid-448783
---ebpf-pid----448783----pid-448520
---ebpf-pid----448783----pid-1
---ebpf-pid----448546----pid-448546
---ebpf-pid----448546----pid-1
---ebpf-pid----7313----pid-7313
---ebpf-pid----7313----pid-1
---ebpf-pid----7313----pid-7313
---ebpf-pid----7313----pid-1
---ebpf-pid----448783----pid-448783
---ebpf-pid----448783----pid-448520
---ebpf-pid----448783----pid-1
---ebpf-pid----448783----pid-448783
---ebpf-pid----448783----pid-448520
---ebpf-pid----448783----pid-1
---ebpf-pid----448783----pid-448783
---ebpf-pid----448783----pid-448520
---ebpf-pid----448783----pid-1
---ebpf-pid----448783----pid-448783
---ebpf-pid----448783----pid-448520
---ebpf-pid----448783----pid-1
---ebpf-pid----448783----pid-448783
---ebpf-pid----448783----pid-448520
---ebpf-pid----448783----pid-1
---ebpf-pid----448783----pid-448783
---ebpf-pid----448783----pid-448520
---ebpf-pid----448783----pid-1
---ebpf-pid----448783----pid-448783
---ebpf-pid----448783----pid-448520
---ebpf-pid----448783----pid-1
---ebpf-pid----448783----pid-448783
---ebpf-pid----448783----pid-448520
---ebpf-pid----448783----pid-1
---ebpf-pid----448783----pid-448783
---ebpf-pid----448783----pid-448520
---ebpf-pid----448783----pid-1
---ebpf-pid----448783----pid-448783
---ebpf-pid----448783----pid-448520
---ebpf-pid----448783----pid-1
---ebpf-pid----448783----pid-448783
---ebpf-pid----448783----pid-448520
---ebpf-pid----448783----pid-1
---ebpf-pid----448783----pid-448783
---ebpf-pid----448783----pid-448520
---ebpf-pid----448783----pid-1
---ebpf-pid----448783----pid-448783
---ebpf-pid----448783----pid-448520
---ebpf-pid----448783----pid-1
---ebpf-pid----448783----pid-448783
---ebpf-pid----448783----pid-448520
---ebpf-pid----448783----pid-1
---ebpf-pid----448783----pid-448783
---ebpf-pid----448783----pid-448520
---ebpf-pid----448783----pid-1
---ebpf-pid----448783----pid-448783
---ebpf-pid----448783----pid-448520
---ebpf-pid----448783----pid-1
---ebpf-pid----448783----pid-448783
---ebpf-pid----448783----pid-448520
---ebpf-pid----448783----pid-1
---ebpf-pid----448783----pid-448783
---ebpf-pid----448783----pid-448520
---ebpf-pid----448783----pid-1
---ebpf-pid----7313----pid-7313
---ebpf-pid----7313----pid-1
---ebpf-pid----448783----pid-448783
---ebpf-pid----448783----pid-448520
---ebpf-pid----448783----pid-1
---ebpf-pid----448783----pid-448783
---ebpf-pid----448783----pid-448520
---ebpf-pid----448783----pid-1
---ebpf-pid----448783----pid-448783
---ebpf-pid----448783----pid-448520
---ebpf-pid----448783----pid-1
---ebpf-pid----448783----pid-448783
---ebpf-pid----448783----pid-448520
---ebpf-pid----448783----pid-1
---ebpf-pid----448783----pid-448783
---ebpf-pid----448783----pid-448520
---ebpf-pid----448783----pid-1
---ebpf-pid----448783----pid-448783
---ebpf-pid----448783----pid-448520
---ebpf-pid----448783----pid-1
---ebpf-pid----448783----pid-448783
---ebpf-pid----448783----pid-448520
---ebpf-pid----448783----pid-1
---ebpf-pid----448783----pid-448783
---ebpf-pid----448783----pid-448520
---ebpf-pid----448783----pid-1
---ebpf-pid----448783----pid-448783
---ebpf-pid----448783----pid-448520
---ebpf-pid----448783----pid-1
---ebpf-pid----448783----pid-448783
---ebpf-pid----448783----pid-448520
---ebpf-pid----448783----pid-1
---ebpf-pid----448783----pid-448783
---ebpf-pid----448783----pid-448520
---ebpf-pid----448783----pid-1
---ebpf-pid----448783----pid-448783
---ebpf-pid----448783----pid-448520
---ebpf-pid----448783----pid-1
---ebpf-pid----448783----pid-448783
---ebpf-pid----448783----pid-448520
---ebpf-pid----448783----pid-1
---ebpf-pid----448783----pid-448783
---ebpf-pid----448783----pid-448520
---ebpf-pid----448783----pid-1
---ebpf-pid----448783----pid-448783
---ebpf-pid----448783----pid-448520
---ebpf-pid----448783----pid-1
---ebpf-pid----448783----pid-448783
---ebpf-pid----448783----pid-448520
---ebpf-pid----448783----pid-1
---ebpf-pid----448783----pid-448783
---ebpf-pid----448783----pid-448520
---ebpf-pid----448783----pid-1
---ebpf-pid----448783----pid-448783
---ebpf-pid----448783----pid-448520
---ebpf-pid----448783----pid-1
---ebpf-pid----448783----pid-448783
---ebpf-pid----448783----pid-448520
---ebpf-pid----448783----pid-1
---ebpf-pid----448783----pid-448783
---ebpf-pid----448783----pid-448520
---ebpf-pid----448783----pid-1
---ebpf-pid----448783----pid-448783
---ebpf-pid----448783----pid-448520
---ebpf-pid----448783----pid-1
---ebpf-pid----448783----pid-448783
---ebpf-pid----448783----pid-448520
---ebpf-pid----448783----pid-1
---ebpf-pid----448783----pid-448783
---ebpf-pid----448783----pid-448520
---ebpf-pid----448783----pid-1
---ebpf-pid----448783----pid-448783
---ebpf-pid----448783----pid-448520
---ebpf-pid----448783----pid-1
---ebpf-pid----448783----pid-448783
---ebpf-pid----448783----pid-448520
---ebpf-pid----448783----pid-1
---ebpf-pid----448783----pid-448783
---ebpf-pid----448783----pid-448520
---ebpf-pid----448783----pid-1
---ebpf-pid----448783----pid-448783
---ebpf-pid----448783----pid-448520
---ebpf-pid----448783----pid-1
---ebpf-pid----448783----pid-448783
---ebpf-pid----448783----pid-448520
---ebpf-pid----448783----pid-1
---ebpf-pid----448783----pid-448783
---ebpf-pid----448783----pid-448520
---ebpf-pid----448783----pid-1
---ebpf-pid----448783----pid-448783
---ebpf-pid----448783----pid-448520
---ebpf-pid----448783----pid-1
---ebpf-pid----448783----pid-448783
---ebpf-pid----448783----pid-448520
---ebpf-pid----448783----pid-1
---ebpf-pid----448783----pid-448783
---ebpf-pid----448783----pid-448520
---ebpf-pid----448783----pid-1
---ebpf-pid----448546----pid-448546
---ebpf-pid----448546----pid-1
---ebpf-pid----5637----pid-5637
---ebpf-pid----5637----pid-1
---ebpf-pid----448783----pid-448783
---ebpf-pid----448783----pid-448520
---ebpf-pid----448783----pid-1
---ebpf-pid----448783----pid-448783
---ebpf-pid----448783----pid-448520
---ebpf-pid----448783----pid-1
---ebpf-pid----448783----pid-448783
---ebpf-pid----448783----pid-448520
---ebpf-pid----448783----pid-1
---ebpf-pid----1856----pid-1856
---ebpf-pid----1856----pid-1
---ebpf-pid----448783----pid-448783
---ebpf-pid----448783----pid-448520
---ebpf-pid----448783----pid-1
---ebpf-pid----14----pid-14
---ebpf-pid----14----pid-2
---ebpf-pid----5637----pid-5637
---ebpf-pid----5637----pid-1
---ebpf-pid----4716----pid-4716
---ebpf-pid----4716----pid-3323
---ebpf-pid----4716----pid-1
---ebpf-pid----5637----pid-5637
---ebpf-pid----5637----pid-1
---ebpf-pid----448546----pid-448546
---ebpf-pid----448546----pid-1
---ebpf-pid----5637----pid-5637
---ebpf-pid----5637----pid-1
---ebpf-pid----5637----pid-5637
---ebpf-pid----5637----pid-1
---ebpf-pid----5637----pid-5637
---ebpf-pid----5637----pid-1
---ebpf-pid----5637----pid-5637
---ebpf-pid----5637----pid-1
---ebpf-pid----4716----pid-4716
---ebpf-pid----4716----pid-3323
---ebpf-pid----4716----pid-1
---ebpf-pid----4716----pid-4716
---ebpf-pid----4716----pid-3323
---ebpf-pid----4716----pid-1
---ebpf-pid----5637----pid-5637
---ebpf-pid----5637----pid-1
---ebpf-pid----5637----pid-5637
---ebpf-pid----5637----pid-1
---ebpf-pid----4716----pid-4716
---ebpf-pid----4716----pid-3323
---ebpf-pid----4716----pid-1
---ebpf-pid----5637----pid-5637
---ebpf-pid----5637----pid-1
---ebpf-pid----5637----pid-5637
---ebpf-pid----5637----pid-1
---ebpf-pid----7313----pid-7313
---ebpf-pid----7313----pid-1
---ebpf-pid----4716----pid-4716
---ebpf-pid----4716----pid-3323
---ebpf-pid----4716----pid-1
---ebpf-pid----4716----pid-4716
---ebpf-pid----4716----pid-3323
---ebpf-pid----4716----pid-1
---ebpf-pid----4716----pid-4716
---ebpf-pid----4716----pid-3323
---ebpf-pid----4716----pid-1
---ebpf-pid----448546----pid-448546
---ebpf-pid----448546----pid-1
---ebpf-pid----5637----pid-5637
---ebpf-pid----5637----pid-1
---ebpf-pid----5637----pid-5637
---ebpf-pid----5637----pid-1
---ebpf-pid----4716----pid-4716
---ebpf-pid----4716----pid-3323
---ebpf-pid----4716----pid-1
---ebpf-pid----448546----pid-448546
---ebpf-pid----448546----pid-1
---ebpf-pid----5637----pid-5637
---ebpf-pid----5637----pid-1
---ebpf-pid----4716----pid-4716
---ebpf-pid----4716----pid-3323
---ebpf-pid----4716----pid-1
---ebpf-pid----448546----pid-448546
---ebpf-pid----448546----pid-1
---ebpf-pid----4716----pid-4716
---ebpf-pid----4716----pid-3323
---ebpf-pid----4716----pid-1
---ebpf-pid----4716----pid-4716
---ebpf-pid----4716----pid-3323
---ebpf-pid----4716----pid-1
---ebpf-pid----4716----pid-4716
---ebpf-pid----4716----pid-3323
---ebpf-pid----4716----pid-1
---ebpf-pid----4716----pid-4716
---ebpf-pid----4716----pid-3323
---ebpf-pid----4716----pid-1
---ebpf-pid----5637----pid-5637
---ebpf-pid----5637----pid-1
---ebpf-pid----5637----pid-5637
---ebpf-pid----5637----pid-1
---ebpf-pid----4716----pid-4716
---ebpf-pid----4716----pid-3323
---ebpf-pid----4716----pid-1
---ebpf-pid----5637----pid-5637
---ebpf-pid----5637----pid-1
---ebpf-pid----5637----pid-5637
---ebpf-pid----5637----pid-1
---ebpf-pid----4716----pid-4716
---ebpf-pid----4716----pid-3323
---ebpf-pid----4716----pid-1
---ebpf-pid----4716----pid-4716
---ebpf-pid----4716----pid-3323
---ebpf-pid----4716----pid-1
---ebpf-pid----4716----pid-4716
---ebpf-pid----4716----pid-3323
---ebpf-pid----4716----pid-1
---ebpf-pid----448546----pid-448546
---ebpf-pid----448546----pid-1
---ebpf-pid----14----pid-14
---ebpf-pid----14----pid-2
---ebpf-pid----5637----pid-5637
---ebpf-pid----5637----pid-1
---ebpf-pid----4716----pid-4716
---ebpf-pid----4716----pid-3323
---ebpf-pid----4716----pid-1
---ebpf-pid----448546----pid-448546
---ebpf-pid----448546----pid-1
---ebpf-pid----448546----pid-448546
---ebpf-pid----448546----pid-1
---ebpf-pid----5637----pid-5637
---ebpf-pid----5637----pid-1
---ebpf-pid----4716----pid-4716
---ebpf-pid----4716----pid-3323
---ebpf-pid----4716----pid-1
---ebpf-pid----4716----pid-4716
---ebpf-pid----4716----pid-3323
---ebpf-pid----4716----pid-1
---ebpf-pid----448783----pid-448783
---ebpf-pid----448783----pid-448520
---ebpf-pid----448783----pid-1
---ebpf-pid----448783----pid-448783
---ebpf-pid----448783----pid-448520
---ebpf-pid----448783----pid-1
---ebpf-pid----448783----pid-448783
---ebpf-pid----448783----pid-448520
---ebpf-pid----448783----pid-1
---ebpf-pid----448783----pid-448783
---ebpf-pid----448783----pid-448520
---ebpf-pid----448783----pid-1
---ebpf-pid----448783----pid-448783
---ebpf-pid----448783----pid-448520
---ebpf-pid----448783----pid-1
---ebpf-pid----448783----pid-448783
---ebpf-pid----448783----pid-448520
---ebpf-pid----448783----pid-1
---ebpf-pid----448783----pid-448783
---ebpf-pid----448783----pid-448520
---ebpf-pid----448783----pid-1
---ebpf-pid----448783----pid-448783
---ebpf-pid----448783----pid-448520
---ebpf-pid----448783----pid-1
---ebpf-pid----448783----pid-448783
---ebpf-pid----448783----pid-448520
---ebpf-pid----448783----pid-1
---ebpf-pid----448783----pid-448783
---ebpf-pid----448783----pid-448520
---ebpf-pid----448783----pid-1
---ebpf-pid----448783----pid-448783
---ebpf-pid----448783----pid-448520
---ebpf-pid----448783----pid-1
---ebpf-pid----448783----pid-448783
---ebpf-pid----448783----pid-448520
---ebpf-pid----448783----pid-1
---ebpf-pid----448783----pid-448783
---ebpf-pid----448783----pid-448520
---ebpf-pid----448783----pid-1
---ebpf-pid----448783----pid-448783
---ebpf-pid----448783----pid-448520
---ebpf-pid----448783----pid-1
---ebpf-pid----448783----pid-448783
---ebpf-pid----448783----pid-448520
---ebpf-pid----448783----pid-1
---ebpf-pid----448783----pid-448783
---ebpf-pid----448783----pid-448520
---ebpf-pid----448783----pid-1
---ebpf-pid----448783----pid-448783
---ebpf-pid----448783----pid-448520
---ebpf-pid----448783----pid-1
---ebpf-pid----448783----pid-448783
---ebpf-pid----448783----pid-448520
---ebpf-pid----448783----pid-1
---ebpf-pid----448783----pid-448783
---ebpf-pid----448783----pid-448520
---ebpf-pid----448783----pid-1
---ebpf-pid----448783----pid-448783
---ebpf-pid----448783----pid-448520
---ebpf-pid----448783----pid-1
---ebpf-pid----448783----pid-448783
---ebpf-pid----448783----pid-448520
---ebpf-pid----448783----pid-1
---ebpf-pid----448783----pid-448783
---ebpf-pid----448783----pid-448520
---ebpf-pid----448783----pid-1
---ebpf-pid----448783----pid-448783
---ebpf-pid----448783----pid-448520
---ebpf-pid----448783----pid-1
---ebpf-pid----448783----pid-448783
---ebpf-pid----448783----pid-448520
---ebpf-pid----448783----pid-1
---ebpf-pid----448783----pid-448783
---ebpf-pid----448783----pid-448520
---ebpf-pid----448783----pid-1
---ebpf-pid----448783----pid-448783
---ebpf-pid----448783----pid-448520
---ebpf-pid----448783----pid-1
---ebpf-pid----448783----pid-448783
---ebpf-pid----448783----pid-448520
---ebpf-pid----448783----pid-1
---ebpf-pid----448783----pid-448783
---ebpf-pid----448783----pid-448520
---ebpf-pid----448783----pid-1
---ebpf-pid----448783----pid-448783
---ebpf-pid----448783----pid-448520
---ebpf-pid----448783----pid-1
---ebpf-pid----448783----pid-448783
---ebpf-pid----448783----pid-448520
---ebpf-pid----448783----pid-1
---ebpf-pid----448783----pid-448783
---ebpf-pid----448783----pid-448520
---ebpf-pid----448783----pid-1
---ebpf-pid----448546----pid-448546
---ebpf-pid----448546----pid-1
---ebpf-pid----4716----pid-4716
---ebpf-pid----4716----pid-3323
---ebpf-pid----4716----pid-1
---ebpf-pid----5638----pid-5638
---ebpf-pid----5638----pid-1
---ebpf-pid----448546----pid-448546
---ebpf-pid----448546----pid-1
---ebpf-pid----4716----pid-4716
---ebpf-pid----4716----pid-3323
---ebpf-pid----4716----pid-1
---ebpf-pid----4716----pid-4716
---ebpf-pid----4716----pid-3323
---ebpf-pid----4716----pid-1
---ebpf-pid----4716----pid-4716
---ebpf-pid----4716----pid-3323
---ebpf-pid----4716----pid-1
---ebpf-pid----4716----pid-4716
---ebpf-pid----4716----pid-3323
---ebpf-pid----4716----pid-1
---ebpf-pid----4716----pid-4716
---ebpf-pid----4716----pid-3323
---ebpf-pid----4716----pid-1
---ebpf-pid----4716----pid-4716
---ebpf-pid----4716----pid-3323
---ebpf-pid----4716----pid-1
---ebpf-pid----4716----pid-4716
---ebpf-pid----4716----pid-3323
---ebpf-pid----4716----pid-1
---ebpf-pid----1856----pid-1856
---ebpf-pid----1856----pid-1
---ebpf-pid----5638----pid-5638
---ebpf-pid----5638----pid-1
---ebpf-pid----5638----pid-5638
---ebpf-pid----5638----pid-1
---ebpf-pid----5638----pid-5638
---ebpf-pid----5638----pid-1
---ebpf-pid----448546----pid-448546
---ebpf-pid----448546----pid-1
---ebpf-pid----448546----pid-448546
---ebpf-pid----448546----pid-1
---ebpf-pid----5638----pid-5638
---ebpf-pid----5638----pid-1
---ebpf-pid----4716----pid-4716
---ebpf-pid----4716----pid-3323
---ebpf-pid----4716----pid-1
---ebpf-pid----4716----pid-4716
---ebpf-pid----4716----pid-3323
---ebpf-pid----4716----pid-1
---ebpf-pid----4716----pid-4716
---ebpf-pid----4716----pid-3323
---ebpf-pid----4716----pid-1
---ebpf-pid----4716----pid-4716
---ebpf-pid----4716----pid-3323
---ebpf-pid----4716----pid-1
---ebpf-pid----1856----pid-1856
---ebpf-pid----1856----pid-1
---ebpf-pid----5638----pid-5638
---ebpf-pid----5638----pid-1
---ebpf-pid----4716----pid-4716
---ebpf-pid----4716----pid-3323
---ebpf-pid----4716----pid-1
---ebpf-pid----4716----pid-4716
---ebpf-pid----4716----pid-3323
---ebpf-pid----4716----pid-1
---ebpf-pid----4716----pid-4716
---ebpf-pid----4716----pid-3323
---ebpf-pid----4716----pid-1
---ebpf-pid----1856----pid-1856
---ebpf-pid----1856----pid-1
---ebpf-pid----4716----pid-4716
---ebpf-pid----4716----pid-3323
---ebpf-pid----4716----pid-1
---ebpf-pid----4716----pid-4716
---ebpf-pid----4716----pid-3323
---ebpf-pid----4716----pid-1
---ebpf-pid----1856----pid-1856
---ebpf-pid----1856----pid-1
---ebpf-pid----4716----pid-4716
---ebpf-pid----4716----pid-3323
---ebpf-pid----4716----pid-1
---ebpf-pid----448546----pid-448546
---ebpf-pid----448546----pid-1
---ebpf-pid----5637----pid-5637
---ebpf-pid----5637----pid-1
---ebpf-pid----4716----pid-4716
---ebpf-pid----4716----pid-3323
---ebpf-pid----4716----pid-1
---ebpf-pid----1856----pid-1856
---ebpf-pid----1856----pid-1
---ebpf-pid----4716----pid-4716
---ebpf-pid----4716----pid-3323
---ebpf-pid----4716----pid-1
---ebpf-pid----448546----pid-448546
---ebpf-pid----448546----pid-1
---ebpf-pid----4716----pid-4716
---ebpf-pid----4716----pid-3323
---ebpf-pid----4716----pid-1
---ebpf-pid----4716----pid-4716
---ebpf-pid----4716----pid-3323
---ebpf-pid----4716----pid-1
---ebpf-pid----1856----pid-1856
---ebpf-pid----1856----pid-1
---ebpf-pid----4716----pid-4716
---ebpf-pid----4716----pid-3323
---ebpf-pid----4716----pid-1
---ebpf-pid----4716----pid-4716
---ebpf-pid----4716----pid-3323
---ebpf-pid----4716----pid-1
---ebpf-pid----4716----pid-4716
---ebpf-pid----4716----pid-3323
---ebpf-pid----4716----pid-1
---ebpf-pid----7313----pid-7313
---ebpf-pid----7313----pid-1
---ebpf-pid----4716----pid-4716
---ebpf-pid----4716----pid-3323
---ebpf-pid----4716----pid-1
---ebpf-pid----4716----pid-4716
---ebpf-pid----4716----pid-3323
---ebpf-pid----4716----pid-1
---ebpf-pid----1856----pid-1856
---ebpf-pid----1856----pid-1
---ebpf-pid----4716----pid-4716
---ebpf-pid----4716----pid-3323
---ebpf-pid----4716----pid-1
---ebpf-pid----4716----pid-4716
---ebpf-pid----4716----pid-3323
---ebpf-pid----4716----pid-1
---ebpf-pid----4716----pid-4716
---ebpf-pid----4716----pid-3323
---ebpf-pid----4716----pid-1
---ebpf-pid----4716----pid-4716
---ebpf-pid----4716----pid-3323
---ebpf-pid----4716----pid-1
---ebpf-pid----4716----pid-4716
---ebpf-pid----4716----pid-3323
---ebpf-pid----4716----pid-1
---ebpf-pid----5638----pid-5638
---ebpf-pid----5638----pid-1
---ebpf-pid----5638----pid-5638
---ebpf-pid----5638----pid-1
---ebpf-pid----4716----pid-4716
---ebpf-pid----4716----pid-3323
---ebpf-pid----4716----pid-1
---ebpf-pid----4716----pid-4716
---ebpf-pid----4716----pid-3323
---ebpf-pid----4716----pid-1
---ebpf-pid----4716----pid-4716
---ebpf-pid----4716----pid-3323
---ebpf-pid----4716----pid-1
---ebpf-pid----5638----pid-5638
---ebpf-pid----5638----pid-1
---ebpf-pid----5638----pid-5638
---ebpf-pid----5638----pid-1
---ebpf-pid----5638----pid-5638
---ebpf-pid----5638----pid-1
---ebpf-pid----4716----pid-4716
---ebpf-pid----4716----pid-3323
---ebpf-pid----4716----pid-1
---ebpf-pid----4716----pid-4716
---ebpf-pid----4716----pid-3323
---ebpf-pid----4716----pid-1
---ebpf-pid----4716----pid-4716
---ebpf-pid----4716----pid-3323
---ebpf-pid----4716----pid-1
---ebpf-pid----373029----pid-373029
---ebpf-pid----373029----pid-5476
---ebpf-pid----373029----pid-1
---ebpf-pid----373029----pid-373029
---ebpf-pid----373029----pid-5476
---ebpf-pid----373029----pid-1
---ebpf-pid----373029----pid-373029
---ebpf-pid----373029----pid-5476
---ebpf-pid----373029----pid-1
---ebpf-pid----373029----pid-373029
---ebpf-pid----373029----pid-5476
---ebpf-pid----373029----pid-1
---ebpf-pid----373029----pid-373029
---ebpf-pid----373029----pid-5476
---ebpf-pid----373029----pid-1
---ebpf-pid----373029----pid-373029
---ebpf-pid----373029----pid-5476
---ebpf-pid----373029----pid-1
---ebpf-pid----7313----pid-7313
---ebpf-pid----7313----pid-1
---ebpf-pid----7313----pid-7313
---ebpf-pid----7313----pid-1
---ebpf-pid----1856----pid-1856
---ebpf-pid----1856----pid-1
---ebpf-pid----4716----pid-4716
---ebpf-pid----4716----pid-3323
---ebpf-pid----4716----pid-1
---ebpf-pid----4716----pid-4716
---ebpf-pid----4716----pid-3323
---ebpf-pid----4716----pid-1
---ebpf-pid----4716----pid-4716
---ebpf-pid----4716----pid-3323
---ebpf-pid----4716----pid-1
---ebpf-pid----4716----pid-4716
---ebpf-pid----4716----pid-3323
---ebpf-pid----4716----pid-1
---ebpf-pid----448783----pid-448783
---ebpf-pid----448783----pid-448520
---ebpf-pid----448783----pid-1
---ebpf-pid----448783----pid-448783
---ebpf-pid----448783----pid-448520
---ebpf-pid----448783----pid-1
---ebpf-pid----448783----pid-448783
---ebpf-pid----448783----pid-448520
---ebpf-pid----448783----pid-1
---ebpf-pid----448783----pid-448783
---ebpf-pid----448783----pid-448520
---ebpf-pid----448783----pid-1
---ebpf-pid----448783----pid-448783
---ebpf-pid----448783----pid-448520
---ebpf-pid----448783----pid-1
---ebpf-pid----448783----pid-448783
---ebpf-pid----448783----pid-448520
---ebpf-pid----448783----pid-1
---ebpf-pid----448783----pid-448783
---ebpf-pid----448783----pid-448520
---ebpf-pid----448783----pid-1
---ebpf-pid----448783----pid-448783
---ebpf-pid----448783----pid-448520
---ebpf-pid----448783----pid-1
---ebpf-pid----448783----pid-448783
---ebpf-pid----448783----pid-448520
---ebpf-pid----448783----pid-1
---ebpf-pid----448783----pid-448783
---ebpf-pid----448783----pid-448520
---ebpf-pid----448783----pid-1
---ebpf-pid----448783----pid-448783
---ebpf-pid----448783----pid-448520
---ebpf-pid----448783----pid-1
---ebpf-pid----448783----pid-448783
---ebpf-pid----448783----pid-448520
---ebpf-pid----448783----pid-1
---ebpf-pid----448783----pid-448783
---ebpf-pid----448783----pid-448520
---ebpf-pid----448783----pid-1
---ebpf-pid----448783----pid-448783
---ebpf-pid----448783----pid-448520
---ebpf-pid----448783----pid-1
---ebpf-pid----448783----pid-448783
---ebpf-pid----448783----pid-448520
---ebpf-pid----448783----pid-1
---ebpf-pid----448783----pid-448783
---ebpf-pid----448783----pid-448520
---ebpf-pid----448783----pid-1
---ebpf-pid----448783----pid-448783
---ebpf-pid----448783----pid-448520
---ebpf-pid----448783----pid-1
---ebpf-pid----448783----pid-448783
---ebpf-pid----448783----pid-448520
---ebpf-pid----448783----pid-1
---ebpf-pid----448783----pid-448783
---ebpf-pid----448783----pid-448520
---ebpf-pid----448783----pid-1
---ebpf-pid----448783----pid-448783
---ebpf-pid----448783----pid-448520
---ebpf-pid----448783----pid-1
---ebpf-pid----448783----pid-448783
---ebpf-pid----448783----pid-448520
---ebpf-pid----448783----pid-1
---ebpf-pid----448783----pid-448783
---ebpf-pid----448783----pid-448520
---ebpf-pid----448783----pid-1
---ebpf-pid----448783----pid-448783
---ebpf-pid----448783----pid-448520
---ebpf-pid----448783----pid-1
---ebpf-pid----448783----pid-448783
---ebpf-pid----448783----pid-448520
---ebpf-pid----448783----pid-1
---ebpf-pid----448783----pid-448783
---ebpf-pid----448783----pid-448520
---ebpf-pid----448783----pid-1
---ebpf-pid----448783----pid-448783
---ebpf-pid----448783----pid-448520
---ebpf-pid----448783----pid-1
---ebpf-pid----5637----pid-5637
---ebpf-pid----5637----pid-1
---ebpf-pid----448783----pid-448783
---ebpf-pid----448783----pid-448520
---ebpf-pid----448783----pid-1
---ebpf-pid----448783----pid-448783
---ebpf-pid----448783----pid-448520
---ebpf-pid----448783----pid-1
---ebpf-pid----448783----pid-448783
---ebpf-pid----448783----pid-448520
---ebpf-pid----448783----pid-1
---ebpf-pid----448783----pid-448783
---ebpf-pid----448783----pid-448520
---ebpf-pid----448783----pid-1
---ebpf-pid----448783----pid-448783
---ebpf-pid----448783----pid-448520
---ebpf-pid----448783----pid-1
---ebpf-pid----448783----pid-448783
---ebpf-pid----448783----pid-448520
---ebpf-pid----448783----pid-1
---ebpf-pid----448783----pid-448783
---ebpf-pid----448783----pid-448520
---ebpf-pid----448783----pid-1
---ebpf-pid----448783----pid-448783
---ebpf-pid----448783----pid-448520
---ebpf-pid----448783----pid-1
---ebpf-pid----448783----pid-448783
---ebpf-pid----448783----pid-448520
---ebpf-pid----448783----pid-1
---ebpf-pid----448783----pid-448783
---ebpf-pid----448783----pid-448520
---ebpf-pid----448783----pid-1
---ebpf-pid----448783----pid-448783
---ebpf-pid----448783----pid-448520
---ebpf-pid----448783----pid-1
---ebpf-pid----448783----pid-448783
---ebpf-pid----448783----pid-448520
---ebpf-pid----448783----pid-1
---ebpf-pid----448783----pid-448783
---ebpf-pid----448783----pid-448520
---ebpf-pid----448783----pid-1
---ebpf-pid----448783----pid-448783
---ebpf-pid----448783----pid-448520
---ebpf-pid----448783----pid-1
---ebpf-pid----448783----pid-448783
---ebpf-pid----448783----pid-448520
---ebpf-pid----448783----pid-1
---ebpf-pid----448783----pid-448783
---ebpf-pid----448783----pid-448520
---ebpf-pid----448783----pid-1
---ebpf-pid----448783----pid-448783
---ebpf-pid----448783----pid-448520
---ebpf-pid----448783----pid-1
---ebpf-pid----448783----pid-448783
---ebpf-pid----448783----pid-448520
---ebpf-pid----448783----pid-1
---ebpf-pid----448783----pid-448783
---ebpf-pid----448783----pid-448520
---ebpf-pid----448783----pid-1
---ebpf-pid----5638----pid-5638
---ebpf-pid----5638----pid-1
---ebpf-pid----5638----pid-5638
---ebpf-pid----5638----pid-1
---ebpf-pid----448546----pid-448546
Failed to get process information for PID 0
---ebpf-pid----448546----pid-1
---ebpf-pid----5638----pid-5638
---ebpf-pid----5638----pid-1
---ebpf-pid----5638----pid-5638
---ebpf-pid----5638----pid-1
---ebpf-pid----5638----pid-5638
---ebpf-pid----5638----pid-1
---ebpf-pid----448546----pid-448546
---ebpf-pid----448546----pid-1
---ebpf-pid----5638----pid-5638
---ebpf-pid----5638----pid-1
---ebpf-pid----5637----pid-5637
---ebpf-pid----5637----pid-1
---ebpf-pid----448546----pid-448546
---ebpf-pid----448546----pid-1
---ebpf-pid----448546----pid-448546
---ebpf-pid----448546----pid-1
---ebpf-pid----448546----pid-448546
---ebpf-pid----448546----pid-1
---ebpf-pid----5638----pid-5638
---ebpf-pid----5638----pid-1
---ebpf-pid----448546----pid-448546
Failed to get process information for PID 0
---ebpf-pid----448546----pid-1
---ebpf-pid----5638----pid-5638
---ebpf-pid----5638----pid-1
---ebpf-pid----448546----pid-448546
---ebpf-pid----448546----pid-1
---ebpf-pid----448783----pid-448783
---ebpf-pid----448783----pid-448520
---ebpf-pid----448783----pid-1
---ebpf-pid----448783----pid-448783
---ebpf-pid----448783----pid-448520
---ebpf-pid----448783----pid-1
---ebpf-pid----448783----pid-448783
---ebpf-pid----448783----pid-448520
---ebpf-pid----448783----pid-1
---ebpf-pid----448783----pid-448783
---ebpf-pid----448783----pid-448520
---ebpf-pid----448783----pid-1
---ebpf-pid----448783----pid-448783
---ebpf-pid----448783----pid-448520
---ebpf-pid----448783----pid-1
---ebpf-pid----448783----pid-448783
---ebpf-pid----448783----pid-448520
---ebpf-pid----448783----pid-1
---ebpf-pid----448783----pid-448783
---ebpf-pid----448783----pid-448520
---ebpf-pid----448783----pid-1
---ebpf-pid----448783----pid-448783
---ebpf-pid----448783----pid-448520
---ebpf-pid----448783----pid-1
---ebpf-pid----448783----pid-448783
---ebpf-pid----448783----pid-448520
---ebpf-pid----448783----pid-1
---ebpf-pid----448783----pid-448783
---ebpf-pid----448783----pid-448520
---ebpf-pid----448783----pid-1
---ebpf-pid----448783----pid-448783
---ebpf-pid----448783----pid-448520
---ebpf-pid----448783----pid-1
---ebpf-pid----448783----pid-448783
---ebpf-pid----448783----pid-448520
---ebpf-pid----448783----pid-1
---ebpf-pid----448783----pid-448783
---ebpf-pid----448783----pid-448520
---ebpf-pid----448783----pid-1
---ebpf-pid----448783----pid-448783
---ebpf-pid----448783----pid-448520
---ebpf-pid----448783----pid-1
---ebpf-pid----448783----pid-448783
---ebpf-pid----448783----pid-448520
---ebpf-pid----448783----pid-1
---ebpf-pid----448783----pid-448783
---ebpf-pid----448783----pid-448520
---ebpf-pid----448783----pid-1
---ebpf-pid----448783----pid-448783
---ebpf-pid----448783----pid-448520
---ebpf-pid----448783----pid-1
---ebpf-pid----448783----pid-448783
---ebpf-pid----448783----pid-448520
---ebpf-pid----448783----pid-1
---ebpf-pid----448783----pid-448783
---ebpf-pid----448783----pid-448520
---ebpf-pid----448783----pid-1
---ebpf-pid----448783----pid-448783
---ebpf-pid----448783----pid-448520
---ebpf-pid----448783----pid-1
---ebpf-pid----448783----pid-448783
---ebpf-pid----448783----pid-448520
---ebpf-pid----448783----pid-1
---ebpf-pid----448783----pid-448783
---ebpf-pid----448783----pid-448520
---ebpf-pid----448783----pid-1
---ebpf-pid----448783----pid-448783
---ebpf-pid----448783----pid-448520
---ebpf-pid----448783----pid-1
---ebpf-pid----448783----pid-448783
---ebpf-pid----448783----pid-448520
---ebpf-pid----448783----pid-1
---ebpf-pid----448783----pid-448783
---ebpf-pid----448783----pid-448520
---ebpf-pid----448783----pid-1
---ebpf-pid----448783----pid-448783
---ebpf-pid----448783----pid-448520
---ebpf-pid----448783----pid-1
---ebpf-pid----448783----pid-448783
---ebpf-pid----448783----pid-448520
---ebpf-pid----448783----pid-1
---ebpf-pid----448783----pid-448783
---ebpf-pid----448783----pid-448520
---ebpf-pid----448783----pid-1
---ebpf-pid----448783----pid-448783
---ebpf-pid----448783----pid-448520
---ebpf-pid----448783----pid-1
---ebpf-pid----448783----pid-448783
---ebpf-pid----448783----pid-448520
---ebpf-pid----448783----pid-1
---ebpf-pid----448783----pid-448783
---ebpf-pid----448783----pid-448520
---ebpf-pid----448783----pid-1
---ebpf-pid----448783----pid-448783
---ebpf-pid----448783----pid-448520
---ebpf-pid----448783----pid-1
---ebpf-pid----448783----pid-448783
---ebpf-pid----448783----pid-448520
---ebpf-pid----448783----pid-1
---ebpf-pid----448783----pid-448783
---ebpf-pid----448783----pid-448520
---ebpf-pid----448783----pid-1
---ebpf-pid----448783----pid-448783
---ebpf-pid----448783----pid-448520
---ebpf-pid----448783----pid-1
---ebpf-pid----448783----pid-448783
---ebpf-pid----448783----pid-448520
---ebpf-pid----448783----pid-1
---ebpf-pid----448783----pid-448783
---ebpf-pid----448783----pid-448520
---ebpf-pid----448783----pid-1
---ebpf-pid----448783----pid-448783
---ebpf-pid----448783----pid-448520
---ebpf-pid----448783----pid-1
---ebpf-pid----448783----pid-448783
---ebpf-pid----448783----pid-448520
---ebpf-pid----448783----pid-1
---ebpf-pid----448783----pid-448783
---ebpf-pid----448783----pid-448520
---ebpf-pid----448783----pid-1
---ebpf-pid----448783----pid-448783
---ebpf-pid----448783----pid-448520
---ebpf-pid----448783----pid-1
---ebpf-pid----448783----pid-448783
---ebpf-pid----448783----pid-448520
---ebpf-pid----448783----pid-1
---ebpf-pid----448783----pid-448783
---ebpf-pid----448783----pid-448520
---ebpf-pid----448783----pid-1
---ebpf-pid----448783----pid-448783
---ebpf-pid----448783----pid-448520
---ebpf-pid----448783----pid-1
---ebpf-pid----448783----pid-448783
---ebpf-pid----448783----pid-448520
---ebpf-pid----448783----pid-1
---ebpf-pid----448783----pid-448783
---ebpf-pid----448783----pid-448520
---ebpf-pid----448783----pid-1
---ebpf-pid----448783----pid-448783
---ebpf-pid----448783----pid-448520
---ebpf-pid----448783----pid-1
---ebpf-pid----448783----pid-448783
---ebpf-pid----448783----pid-448520
---ebpf-pid----448783----pid-1
---ebpf-pid----448783----pid-448783
---ebpf-pid----448783----pid-448520
---ebpf-pid----448783----pid-1
---ebpf-pid----448783----pid-448783
---ebpf-pid----448783----pid-448520
---ebpf-pid----448783----pid-1
---ebpf-pid----448783----pid-448783
---ebpf-pid----448783----pid-448520
---ebpf-pid----448783----pid-1
---ebpf-pid----448783----pid-448783
---ebpf-pid----448783----pid-448520
---ebpf-pid----448783----pid-1
---ebpf-pid----448783----pid-448783
---ebpf-pid----448783----pid-448520
---ebpf-pid----448783----pid-1
---ebpf-pid----448783----pid-448783
---ebpf-pid----448783----pid-448520
---ebpf-pid----448783----pid-1
---ebpf-pid----448783----pid-448783
---ebpf-pid----448783----pid-448520
---ebpf-pid----448783----pid-1
---ebpf-pid----448783----pid-448783
---ebpf-pid----448783----pid-448520
---ebpf-pid----448783----pid-1
---ebpf-pid----448783----pid-448783
---ebpf-pid----448783----pid-448520
---ebpf-pid----448783----pid-1
---ebpf-pid----448783----pid-448783
---ebpf-pid----448783----pid-448520
---ebpf-pid----448783----pid-1
---ebpf-pid----5638----pid-5638
---ebpf-pid----5638----pid-1
---ebpf-pid----448783----pid-448783
---ebpf-pid----448783----pid-448520
---ebpf-pid----448783----pid-1
---ebpf-pid----448783----pid-448783
---ebpf-pid----448783----pid-448520
---ebpf-pid----448783----pid-1
---ebpf-pid----448783----pid-448783
---ebpf-pid----448783----pid-448520
---ebpf-pid----448783----pid-1
---ebpf-pid----448783----pid-448783
---ebpf-pid----448783----pid-448520
---ebpf-pid----448783----pid-1
---ebpf-pid----448783----pid-448783
---ebpf-pid----448783----pid-448520
---ebpf-pid----448783----pid-1
---ebpf-pid----448783----pid-448783
---ebpf-pid----448783----pid-448520
---ebpf-pid----448783----pid-1
---ebpf-pid----448783----pid-448783
---ebpf-pid----448783----pid-448520
---ebpf-pid----448783----pid-1
---ebpf-pid----448783----pid-448783
---ebpf-pid----448783----pid-448520
---ebpf-pid----448783----pid-1
---ebpf-pid----448783----pid-448783
---ebpf-pid----448783----pid-448520
---ebpf-pid----448783----pid-1
---ebpf-pid----448546----pid-448546
---ebpf-pid----448546----pid-1
---ebpf-pid----448783----pid-448783
---ebpf-pid----448783----pid-448520
---ebpf-pid----448783----pid-1
---ebpf-pid----448783----pid-448783
---ebpf-pid----448783----pid-448520
---ebpf-pid----448783----pid-1
---ebpf-pid----448783----pid-448783
---ebpf-pid----448783----pid-448520
---ebpf-pid----448783----pid-1
---ebpf-pid----448783----pid-448783
---ebpf-pid----448783----pid-448520
---ebpf-pid----448783----pid-1
---ebpf-pid----448783----pid-448783
---ebpf-pid----448783----pid-448520
---ebpf-pid----448783----pid-1
---ebpf-pid----448783----pid-448783
---ebpf-pid----448783----pid-448520
---ebpf-pid----448783----pid-1
---ebpf-pid----448783----pid-448783
---ebpf-pid----448783----pid-448520
---ebpf-pid----448783----pid-1
---ebpf-pid----448783----pid-448783
---ebpf-pid----448783----pid-448520
---ebpf-pid----448783----pid-1
---ebpf-pid----448783----pid-448783
---ebpf-pid----448783----pid-448520
---ebpf-pid----448783----pid-1
---ebpf-pid----448783----pid-448783
---ebpf-pid----448783----pid-448520
---ebpf-pid----448783----pid-1
---ebpf-pid----448783----pid-448783
---ebpf-pid----448783----pid-448520
---ebpf-pid----448783----pid-1
---ebpf-pid----448783----pid-448783
---ebpf-pid----448783----pid-448520
---ebpf-pid----448783----pid-1
---ebpf-pid----448783----pid-448783
---ebpf-pid----448783----pid-448520
---ebpf-pid----448783----pid-1
---ebpf-pid----448783----pid-448783
---ebpf-pid----448783----pid-448520
---ebpf-pid----448783----pid-1
---ebpf-pid----448783----pid-448783
---ebpf-pid----448783----pid-448520
---ebpf-pid----448783----pid-1
---ebpf-pid----448783----pid-448783
---ebpf-pid----448783----pid-448520
---ebpf-pid----448783----pid-1
---ebpf-pid----448783----pid-448783
---ebpf-pid----448783----pid-448520
---ebpf-pid----448783----pid-1
---ebpf-pid----448783----pid-448783
---ebpf-pid----448783----pid-448520
---ebpf-pid----448783----pid-1
---ebpf-pid----448783----pid-448783
---ebpf-pid----448783----pid-448520
---ebpf-pid----448783----pid-1
---ebpf-pid----448783----pid-448783
---ebpf-pid----448783----pid-448520
---ebpf-pid----448783----pid-1
---ebpf-pid----448783----pid-448783
---ebpf-pid----448783----pid-448520
---ebpf-pid----448783----pid-1
---ebpf-pid----448783----pid-448783
---ebpf-pid----448783----pid-448520
---ebpf-pid----448783----pid-1
---ebpf-pid----448783----pid-448783
---ebpf-pid----448783----pid-448520
---ebpf-pid----448783----pid-1
---ebpf-pid----448783----pid-448783
---ebpf-pid----448783----pid-448520
---ebpf-pid----448783----pid-1
---ebpf-pid----448783----pid-448783
---ebpf-pid----448783----pid-448520
---ebpf-pid----448783----pid-1
---ebpf-pid----448783----pid-448783
---ebpf-pid----448783----pid-448520
---ebpf-pid----448783----pid-1
---ebpf-pid----448783----pid-448783
---ebpf-pid----448783----pid-448520
---ebpf-pid----448783----pid-1
---ebpf-pid----448783----pid-448783
---ebpf-pid----448783----pid-448520
---ebpf-pid----448783----pid-1
---ebpf-pid----448783----pid-448783
---ebpf-pid----448783----pid-448520
---ebpf-pid----448783----pid-1
---ebpf-pid----448783----pid-448783
---ebpf-pid----448783----pid-448520
---ebpf-pid----448783----pid-1
---ebpf-pid----448783----pid-448783
---ebpf-pid----448783----pid-448520
---ebpf-pid----448783----pid-1
---ebpf-pid----448783----pid-448783
---ebpf-pid----448783----pid-448520
---ebpf-pid----448783----pid-1
---ebpf-pid----448783----pid-448783
---ebpf-pid----448783----pid-448520
---ebpf-pid----448783----pid-1
---ebpf-pid----448783----pid-448783
---ebpf-pid----448783----pid-448520
---ebpf-pid----448783----pid-1
---ebpf-pid----448783----pid-448783
---ebpf-pid----448783----pid-448520
---ebpf-pid----448783----pid-1
---ebpf-pid----448783----pid-448783
---ebpf-pid----448783----pid-448520
---ebpf-pid----448783----pid-1
---ebpf-pid----448783----pid-448783
---ebpf-pid----448783----pid-448520
---ebpf-pid----448783----pid-1
---ebpf-pid----448783----pid-448783
---ebpf-pid----448783----pid-448520
---ebpf-pid----448783----pid-1
---ebpf-pid----448783----pid-448783
---ebpf-pid----448783----pid-448520
---ebpf-pid----448783----pid-1
---ebpf-pid----448783----pid-448783
---ebpf-pid----448783----pid-448520
---ebpf-pid----448783----pid-1
---ebpf-pid----448783----pid-448783
---ebpf-pid----448783----pid-448520
---ebpf-pid----448783----pid-1
---ebpf-pid----448783----pid-448783
---ebpf-pid----448783----pid-448520
---ebpf-pid----448783----pid-1
---ebpf-pid----448783----pid-448783
---ebpf-pid----448783----pid-448520
---ebpf-pid----448783----pid-1
---ebpf-pid----448783----pid-448783
---ebpf-pid----448783----pid-448520
---ebpf-pid----448783----pid-1
---ebpf-pid----448783----pid-448783
---ebpf-pid----448783----pid-448520
---ebpf-pid----448783----pid-1
---ebpf-pid----448783----pid-448783
---ebpf-pid----448783----pid-448520
---ebpf-pid----448783----pid-1
---ebpf-pid----448783----pid-448783
---ebpf-pid----448783----pid-448520
---ebpf-pid----448783----pid-1
---ebpf-pid----448783----pid-448783
---ebpf-pid----448783----pid-448520
---ebpf-pid----448783----pid-1
---ebpf-pid----7313----pid-7313
---ebpf-pid----7313----pid-1
---ebpf-pid----7313----pid-7313
---ebpf-pid----7313----pid-1
---ebpf-pid----7313----pid-7313
---ebpf-pid----7313----pid-1
---ebpf-pid----7313----pid-7313
---ebpf-pid----7313----pid-1
---ebpf-pid----448783----pid-448783
---ebpf-pid----448783----pid-448520
---ebpf-pid----448783----pid-1
---ebpf-pid----448783----pid-448783
---ebpf-pid----448783----pid-448520
---ebpf-pid----448783----pid-1
---ebpf-pid----448783----pid-448783
---ebpf-pid----448783----pid-448520
---ebpf-pid----448783----pid-1
---ebpf-pid----448783----pid-448783
---ebpf-pid----448783----pid-448520
---ebpf-pid----448783----pid-1
---ebpf-pid----448783----pid-448783
---ebpf-pid----448783----pid-448520
---ebpf-pid----448783----pid-1
---ebpf-pid----448783----pid-448783
---ebpf-pid----448783----pid-448520
---ebpf-pid----448783----pid-1
---ebpf-pid----448783----pid-448783
---ebpf-pid----448783----pid-448520
---ebpf-pid----448783----pid-1
---ebpf-pid----448783----pid-448783
---ebpf-pid----448783----pid-448520
---ebpf-pid----448783----pid-1
---ebpf-pid----448783----pid-448783
---ebpf-pid----448783----pid-448520
---ebpf-pid----448783----pid-1
---ebpf-pid----448783----pid-448783
---ebpf-pid----448783----pid-448520
---ebpf-pid----448783----pid-1
---ebpf-pid----448783----pid-448783
---ebpf-pid----448783----pid-448520
---ebpf-pid----448783----pid-1
---ebpf-pid----448783----pid-448783
---ebpf-pid----448783----pid-448520
---ebpf-pid----448783----pid-1
---ebpf-pid----448783----pid-448783
---ebpf-pid----448783----pid-448520
---ebpf-pid----448783----pid-1
---ebpf-pid----448783----pid-448783
---ebpf-pid----448783----pid-448520
---ebpf-pid----448783----pid-1
---ebpf-pid----448783----pid-448783
---ebpf-pid----448783----pid-448520
---ebpf-pid----448783----pid-1
---ebpf-pid----448783----pid-448783
---ebpf-pid----448783----pid-448520
---ebpf-pid----448783----pid-1
---ebpf-pid----448783----pid-448783
---ebpf-pid----448783----pid-448520
---ebpf-pid----448783----pid-1
---ebpf-pid----448783----pid-448783
---ebpf-pid----448783----pid-448520
---ebpf-pid----448783----pid-1
---ebpf-pid----14----pid-14
---ebpf-pid----14----pid-2
---ebpf-pid----448783----pid-448783
---ebpf-pid----448783----pid-448520
---ebpf-pid----448783----pid-1
---ebpf-pid----448783----pid-448783
---ebpf-pid----448783----pid-448520
---ebpf-pid----448783----pid-1
---ebpf-pid----448783----pid-448783
---ebpf-pid----448783----pid-448520
---ebpf-pid----448783----pid-1
---ebpf-pid----448783----pid-448783
---ebpf-pid----448783----pid-448520
---ebpf-pid----448783----pid-1
---ebpf-pid----448783----pid-448783
---ebpf-pid----448783----pid-448520
---ebpf-pid----448783----pid-1
---ebpf-pid----448783----pid-448783
---ebpf-pid----448783----pid-448520
---ebpf-pid----448783----pid-1
---ebpf-pid----448783----pid-448783
---ebpf-pid----448783----pid-448520
---ebpf-pid----448783----pid-1
---ebpf-pid----448783----pid-448783
---ebpf-pid----448783----pid-448520
---ebpf-pid----448783----pid-1
---ebpf-pid----448783----pid-448783
---ebpf-pid----448783----pid-448520
---ebpf-pid----448783----pid-1
---ebpf-pid----448783----pid-448783
---ebpf-pid----448783----pid-448520
---ebpf-pid----448783----pid-1
---ebpf-pid----448783----pid-448783
---ebpf-pid----448783----pid-448520
---ebpf-pid----448783----pid-1
---ebpf-pid----448783----pid-448783
---ebpf-pid----448783----pid-448520
---ebpf-pid----448783----pid-1
---ebpf-pid----448783----pid-448783
---ebpf-pid----448783----pid-448520
---ebpf-pid----448783----pid-1
---ebpf-pid----448783----pid-448783
---ebpf-pid----448783----pid-448520
---ebpf-pid----448783----pid-1
---ebpf-pid----448783----pid-448783
---ebpf-pid----448783----pid-448520
---ebpf-pid----448783----pid-1
---ebpf-pid----448783----pid-448783
---ebpf-pid----448783----pid-448520
---ebpf-pid----448783----pid-1
---ebpf-pid----448783----pid-448783
---ebpf-pid----448783----pid-448520
---ebpf-pid----448783----pid-1
---ebpf-pid----448783----pid-448783
---ebpf-pid----448783----pid-448520
---ebpf-pid----448783----pid-1
---ebpf-pid----448783----pid-448783
---ebpf-pid----448783----pid-448520
---ebpf-pid----448783----pid-1
---ebpf-pid----448783----pid-448783
---ebpf-pid----448783----pid-448520
---ebpf-pid----448783----pid-1
---ebpf-pid----448783----pid-448783
---ebpf-pid----448783----pid-448520
---ebpf-pid----448783----pid-1
---ebpf-pid----448783----pid-448783
---ebpf-pid----448783----pid-448520
---ebpf-pid----448783----pid-1
---ebpf-pid----448783----pid-448783
---ebpf-pid----448783----pid-448520
---ebpf-pid----448783----pid-1
---ebpf-pid----448783----pid-448783
---ebpf-pid----448783----pid-448520
---ebpf-pid----448783----pid-1
---ebpf-pid----448783----pid-448783
---ebpf-pid----448783----pid-448520
---ebpf-pid----448783----pid-1
---ebpf-pid----1856----pid-1856
---ebpf-pid----1856----pid-1
---ebpf-pid----5637----pid-5637
---ebpf-pid----5637----pid-1
---ebpf-pid----5637----pid-5637
---ebpf-pid----5637----pid-1
---ebpf-pid----5637----pid-5637
---ebpf-pid----5637----pid-1
---ebpf-pid----5638----pid-5638
---ebpf-pid----5638----pid-1
---ebpf-pid----1856----pid-1856
---ebpf-pid----1856----pid-1
---ebpf-pid----1856----pid-1856
---ebpf-pid----1856----pid-1
---ebpf-pid----448546----pid-448546
---ebpf-pid----448546----pid-1
---ebpf-pid----5637----pid-5637
Failed to get process information for PID 0
---ebpf-pid----5637----pid-1
---ebpf-pid----5637----pid-5637
---ebpf-pid----5637----pid-1
---ebpf-pid----448546----pid-448546
---ebpf-pid----448546----pid-1
---ebpf-pid----1856----pid-1856
---ebpf-pid----1856----pid-1
---ebpf-pid----6671----pid-6671
---ebpf-pid----6671----pid-5476
---ebpf-pid----6671----pid-1
---ebpf-pid----6671----pid-6671
---ebpf-pid----6671----pid-5476
---ebpf-pid----6671----pid-1
---ebpf-pid----6671----pid-6671
---ebpf-pid----6671----pid-5476
---ebpf-pid----6671----pid-1
---ebpf-pid----5638----pid-5638
---ebpf-pid----5638----pid-1
---ebpf-pid----6671----pid-6671
---ebpf-pid----6671----pid-5476
---ebpf-pid----6671----pid-1
---ebpf-pid----6671----pid-6671
---ebpf-pid----6671----pid-5476
---ebpf-pid----6671----pid-1
---ebpf-pid----6671----pid-6671
---ebpf-pid----6671----pid-5476
---ebpf-pid----6671----pid-1
---ebpf-pid----6671----pid-6671
---ebpf-pid----6671----pid-5476
---ebpf-pid----6671----pid-1
---ebpf-pid----6671----pid-6671
---ebpf-pid----6671----pid-5476
---ebpf-pid----6671----pid-1
---ebpf-pid----6671----pid-6671
---ebpf-pid----6671----pid-5476
---ebpf-pid----6671----pid-1
---ebpf-pid----6671----pid-6671
---ebpf-pid----6671----pid-5476
---ebpf-pid----6671----pid-1
---ebpf-pid----6671----pid-6671
---ebpf-pid----6671----pid-5476
---ebpf-pid----6671----pid-1
---ebpf-pid----6671----pid-6671
---ebpf-pid----6671----pid-5476
---ebpf-pid----6671----pid-1
Failed to get process information for PID 0
---ebpf-pid----6671----pid-6671
---ebpf-pid----6671----pid-5476
---ebpf-pid----6671----pid-1
---ebpf-pid----448546----pid-448546
---ebpf-pid----448546----pid-1
---ebpf-pid----6671----pid-6671
---ebpf-pid----6671----pid-5476
---ebpf-pid----6671----pid-1
---ebpf-pid----6671----pid-6671
---ebpf-pid----6671----pid-5476
---ebpf-pid----6671----pid-1
---ebpf-pid----6671----pid-6671
---ebpf-pid----6671----pid-5476
---ebpf-pid----6671----pid-1
---ebpf-pid----6671----pid-6671
---ebpf-pid----6671----pid-5476
---ebpf-pid----6671----pid-1
---ebpf-pid----6671----pid-6671
---ebpf-pid----6671----pid-5476
---ebpf-pid----6671----pid-1
---ebpf-pid----6671----pid-6671
---ebpf-pid----6671----pid-5476
---ebpf-pid----6671----pid-1
---ebpf-pid----6671----pid-6671
---ebpf-pid----6671----pid-5476
---ebpf-pid----6671----pid-1
---ebpf-pid----6671----pid-6671
---ebpf-pid----6671----pid-5476
---ebpf-pid----6671----pid-1
---ebpf-pid----6671----pid-6671
---ebpf-pid----6671----pid-5476
---ebpf-pid----6671----pid-1
---ebpf-pid----6671----pid-6671
---ebpf-pid----6671----pid-5476
---ebpf-pid----6671----pid-1
---ebpf-pid----6671----pid-6671
---ebpf-pid----6671----pid-5476
---ebpf-pid----6671----pid-1
---ebpf-pid----6671----pid-6671
---ebpf-pid----6671----pid-5476
---ebpf-pid----6671----pid-1
---ebpf-pid----6671----pid-6671
---ebpf-pid----6671----pid-5476
---ebpf-pid----6671----pid-1
---ebpf-pid----6671----pid-6671
---ebpf-pid----6671----pid-5476
---ebpf-pid----6671----pid-1
---ebpf-pid----6671----pid-6671
---ebpf-pid----6671----pid-5476
---ebpf-pid----6671----pid-1
---ebpf-pid----6671----pid-6671
---ebpf-pid----6671----pid-5476
---ebpf-pid----6671----pid-1
---ebpf-pid----6671----pid-6671
---ebpf-pid----6671----pid-5476
---ebpf-pid----6671----pid-1
---ebpf-pid----6671----pid-6671
---ebpf-pid----6671----pid-5476
---ebpf-pid----6671----pid-1
---ebpf-pid----6671----pid-6671
---ebpf-pid----6671----pid-5476
---ebpf-pid----6671----pid-1
---ebpf-pid----6671----pid-6671
---ebpf-pid----6671----pid-5476
---ebpf-pid----6671----pid-1
---ebpf-pid----6671----pid-6671
---ebpf-pid----6671----pid-5476
---ebpf-pid----6671----pid-1
---ebpf-pid----6671----pid-6671
---ebpf-pid----6671----pid-5476
---ebpf-pid----6671----pid-1
---ebpf-pid----6671----pid-6671
---ebpf-pid----6671----pid-5476
---ebpf-pid----6671----pid-1
---ebpf-pid----6671----pid-6671
---ebpf-pid----6671----pid-5476
---ebpf-pid----6671----pid-1
---ebpf-pid----6671----pid-6671
---ebpf-pid----6671----pid-5476
---ebpf-pid----6671----pid-1
---ebpf-pid----6671----pid-6671
---ebpf-pid----6671----pid-5476
---ebpf-pid----6671----pid-1
---ebpf-pid----6671----pid-6671
---ebpf-pid----6671----pid-5476
---ebpf-pid----6671----pid-1
---ebpf-pid----6671----pid-6671
---ebpf-pid----6671----pid-5476
---ebpf-pid----6671----pid-1
---ebpf-pid----6671----pid-6671
---ebpf-pid----6671----pid-5476
---ebpf-pid----6671----pid-1
---ebpf-pid----6671----pid-6671
---ebpf-pid----6671----pid-5476
---ebpf-pid----6671----pid-1
---ebpf-pid----6671----pid-6671
---ebpf-pid----6671----pid-5476
---ebpf-pid----6671----pid-1
---ebpf-pid----6671----pid-6671
---ebpf-pid----6671----pid-5476
---ebpf-pid----6671----pid-1
---ebpf-pid----6671----pid-6671
---ebpf-pid----6671----pid-5476
---ebpf-pid----6671----pid-1
---ebpf-pid----6671----pid-6671
---ebpf-pid----6671----pid-5476
---ebpf-pid----6671----pid-1
---ebpf-pid----6671----pid-6671
---ebpf-pid----6671----pid-5476
---ebpf-pid----6671----pid-1
---ebpf-pid----6671----pid-6671
---ebpf-pid----6671----pid-5476
---ebpf-pid----6671----pid-1
---ebpf-pid----6671----pid-6671
---ebpf-pid----6671----pid-5476
---ebpf-pid----6671----pid-1
---ebpf-pid----6671----pid-6671
---ebpf-pid----6671----pid-5476
---ebpf-pid----6671----pid-1
---ebpf-pid----6671----pid-6671
---ebpf-pid----6671----pid-5476
---ebpf-pid----6671----pid-1
---ebpf-pid----6671----pid-6671
---ebpf-pid----6671----pid-5476
---ebpf-pid----6671----pid-1
---ebpf-pid----6671----pid-6671
---ebpf-pid----6671----pid-5476
---ebpf-pid----6671----pid-1
---ebpf-pid----6671----pid-6671
---ebpf-pid----6671----pid-5476
---ebpf-pid----6671----pid-1
---ebpf-pid----6671----pid-6671
---ebpf-pid----6671----pid-5476
---ebpf-pid----6671----pid-1
---ebpf-pid----6671----pid-6671
---ebpf-pid----6671----pid-5476
---ebpf-pid----6671----pid-1
---ebpf-pid----6671----pid-6671
---ebpf-pid----6671----pid-5476
---ebpf-pid----6671----pid-1
---ebpf-pid----6671----pid-6671
---ebpf-pid----6671----pid-5476
---ebpf-pid----6671----pid-1
---ebpf-pid----6671----pid-6671
---ebpf-pid----6671----pid-5476
---ebpf-pid----6671----pid-1
---ebpf-pid----6671----pid-6671
---ebpf-pid----6671----pid-5476
---ebpf-pid----6671----pid-1
---ebpf-pid----6671----pid-6671
---ebpf-pid----6671----pid-5476
---ebpf-pid----6671----pid-1
---ebpf-pid----6671----pid-6671
---ebpf-pid----6671----pid-5476
---ebpf-pid----6671----pid-1
---ebpf-pid----6671----pid-6671
---ebpf-pid----6671----pid-5476
---ebpf-pid----6671----pid-1
---ebpf-pid----6671----pid-6671
---ebpf-pid----6671----pid-5476
---ebpf-pid----6671----pid-1
---ebpf-pid----6671----pid-6671
---ebpf-pid----6671----pid-5476
---ebpf-pid----6671----pid-1
---ebpf-pid----6671----pid-6671
---ebpf-pid----6671----pid-5476
---ebpf-pid----6671----pid-1
---ebpf-pid----6671----pid-6671
---ebpf-pid----6671----pid-5476
---ebpf-pid----6671----pid-1
---ebpf-pid----379067----pid-379067
---ebpf-pid----379067----pid-5476
---ebpf-pid----379067----pid-1
---ebpf-pid----379067----pid-379067
---ebpf-pid----379067----pid-5476
---ebpf-pid----379067----pid-1
---ebpf-pid----379067----pid-379067
---ebpf-pid----379067----pid-5476
---ebpf-pid----379067----pid-1
---ebpf-pid----379067----pid-379067
---ebpf-pid----379067----pid-5476
---ebpf-pid----379067----pid-1
---ebpf-pid----379067----pid-379067
---ebpf-pid----379067----pid-5476
---ebpf-pid----379067----pid-1
---ebpf-pid----379067----pid-379067
---ebpf-pid----379067----pid-5476
---ebpf-pid----379067----pid-1
---ebpf-pid----379067----pid-379067
---ebpf-pid----379067----pid-5476
---ebpf-pid----379067----pid-1
---ebpf-pid----379067----pid-379067
---ebpf-pid----379067----pid-5476
---ebpf-pid----379067----pid-1
---ebpf-pid----379067----pid-379067
---ebpf-pid----379067----pid-5476
---ebpf-pid----379067----pid-1
---ebpf-pid----379067----pid-379067
---ebpf-pid----379067----pid-5476
---ebpf-pid----379067----pid-1
---ebpf-pid----379067----pid-379067
---ebpf-pid----379067----pid-5476
---ebpf-pid----379067----pid-1
---ebpf-pid----379067----pid-379067
---ebpf-pid----379067----pid-5476
---ebpf-pid----379067----pid-1
---ebpf-pid----379067----pid-379067
---ebpf-pid----379067----pid-5476
---ebpf-pid----379067----pid-1
---ebpf-pid----379067----pid-379067
---ebpf-pid----379067----pid-5476
---ebpf-pid----379067----pid-1
---ebpf-pid----379067----pid-379067
---ebpf-pid----379067----pid-5476
---ebpf-pid----379067----pid-1
---ebpf-pid----379067----pid-379067
---ebpf-pid----379067----pid-5476
---ebpf-pid----379067----pid-1
---ebpf-pid----379067----pid-379067
---ebpf-pid----379067----pid-5476
---ebpf-pid----379067----pid-1
---ebpf-pid----379067----pid-379067
---ebpf-pid----379067----pid-5476
---ebpf-pid----379067----pid-1
---ebpf-pid----379067----pid-379067
---ebpf-pid----379067----pid-5476
---ebpf-pid----379067----pid-1
---ebpf-pid----379067----pid-379067
---ebpf-pid----379067----pid-5476
---ebpf-pid----379067----pid-1
---ebpf-pid----379067----pid-379067
---ebpf-pid----379067----pid-5476
---ebpf-pid----379067----pid-1
---ebpf-pid----379067----pid-379067
---ebpf-pid----379067----pid-5476
---ebpf-pid----379067----pid-1
---ebpf-pid----379067----pid-379067
---ebpf-pid----379067----pid-5476
---ebpf-pid----379067----pid-1
---ebpf-pid----379067----pid-379067
---ebpf-pid----379067----pid-5476
---ebpf-pid----379067----pid-1
---ebpf-pid----379067----pid-379067
---ebpf-pid----379067----pid-5476
---ebpf-pid----379067----pid-1
---ebpf-pid----379067----pid-379067
---ebpf-pid----379067----pid-5476
---ebpf-pid----379067----pid-1
---ebpf-pid----379067----pid-379067
---ebpf-pid----379067----pid-5476
---ebpf-pid----379067----pid-1
---ebpf-pid----373029----pid-373029
---ebpf-pid----373029----pid-5476
---ebpf-pid----373029----pid-1
---ebpf-pid----373029----pid-373029
---ebpf-pid----373029----pid-5476
---ebpf-pid----373029----pid-1
---ebpf-pid----373029----pid-373029
---ebpf-pid----373029----pid-5476
---ebpf-pid----373029----pid-1
---ebpf-pid----373029----pid-373029
---ebpf-pid----373029----pid-5476
---ebpf-pid----373029----pid-1
---ebpf-pid----373029----pid-373029
---ebpf-pid----373029----pid-5476
---ebpf-pid----373029----pid-1
---ebpf-pid----373029----pid-373029
---ebpf-pid----373029----pid-5476
---ebpf-pid----373029----pid-1
---ebpf-pid----373029----pid-373029
---ebpf-pid----373029----pid-5476
---ebpf-pid----373029----pid-1
---ebpf-pid----7313----pid-7313
---ebpf-pid----7313----pid-1
---ebpf-pid----5705----pid-5705
---ebpf-pid----5705----pid-5476
---ebpf-pid----5705----pid-1
---ebpf-pid----5705----pid-5705
---ebpf-pid----5705----pid-5476
---ebpf-pid----5705----pid-1
---ebpf-pid----5705----pid-5705
---ebpf-pid----5705----pid-5476
---ebpf-pid----5705----pid-1
---ebpf-pid----5705----pid-5705
---ebpf-pid----5705----pid-5476
---ebpf-pid----5705----pid-1
---ebpf-pid----5705----pid-5705
---ebpf-pid----5705----pid-5476
---ebpf-pid----5705----pid-1
---ebpf-pid----5705----pid-5705
---ebpf-pid----5705----pid-5476
---ebpf-pid----5705----pid-1
---ebpf-pid----5705----pid-5705
---ebpf-pid----5705----pid-5476
---ebpf-pid----5705----pid-1
---ebpf-pid----5705----pid-5705
---ebpf-pid----5705----pid-5476
---ebpf-pid----5705----pid-1
---ebpf-pid----5705----pid-5705
---ebpf-pid----5705----pid-5476
---ebpf-pid----5705----pid-1
---ebpf-pid----5705----pid-5705
---ebpf-pid----5705----pid-5476
---ebpf-pid----5705----pid-1
---ebpf-pid----5705----pid-5705
---ebpf-pid----5705----pid-5476
---ebpf-pid----5705----pid-1
---ebpf-pid----5705----pid-5705
---ebpf-pid----5705----pid-5476
---ebpf-pid----5705----pid-1
---ebpf-pid----5705----pid-5705
---ebpf-pid----5705----pid-5476
---ebpf-pid----5705----pid-1
---ebpf-pid----5705----pid-5705
---ebpf-pid----5705----pid-5476
---ebpf-pid----5705----pid-1
---ebpf-pid----5705----pid-5705
---ebpf-pid----5705----pid-5476
---ebpf-pid----5705----pid-1
---ebpf-pid----5705----pid-5705
---ebpf-pid----5705----pid-5476
---ebpf-pid----5705----pid-1
---ebpf-pid----5705----pid-5705
---ebpf-pid----5705----pid-5476
---ebpf-pid----5705----pid-1
---ebpf-pid----5705----pid-5705
---ebpf-pid----5705----pid-5476
---ebpf-pid----5705----pid-1
---ebpf-pid----5705----pid-5705
---ebpf-pid----5705----pid-5476
---ebpf-pid----5705----pid-1
---ebpf-pid----2088----pid-2088
---ebpf-pid----2088----pid-1
---ebpf-pid----2088----pid-2088
---ebpf-pid----2088----pid-1
---ebpf-pid----2088----pid-2088
---ebpf-pid----2088----pid-1
---ebpf-pid----2088----pid-2088
---ebpf-pid----2088----pid-1
---ebpf-pid----2088----pid-2088
---ebpf-pid----2088----pid-1
---ebpf-pid----2088----pid-2088
---ebpf-pid----2088----pid-1
---ebpf-pid----2088----pid-2088
---ebpf-pid----2088----pid-1
---ebpf-pid----2088----pid-2088
---ebpf-pid----2088----pid-1
---ebpf-pid----6671----pid-6671
---ebpf-pid----6671----pid-5476
---ebpf-pid----6671----pid-1
---ebpf-pid----373029----pid-373029
---ebpf-pid----373029----pid-5476
---ebpf-pid----373029----pid-1
---ebpf-pid----373029----pid-373029
---ebpf-pid----373029----pid-5476
---ebpf-pid----373029----pid-1
---ebpf-pid----373029----pid-373029
---ebpf-pid----373029----pid-5476
---ebpf-pid----373029----pid-1
---ebpf-pid----373029----pid-373029
---ebpf-pid----373029----pid-5476
---ebpf-pid----373029----pid-1
---ebpf-pid----373029----pid-373029
---ebpf-pid----373029----pid-5476
---ebpf-pid----373029----pid-1
---ebpf-pid----373029----pid-373029
---ebpf-pid----373029----pid-5476
---ebpf-pid----373029----pid-1
---ebpf-pid----373029----pid-373029
---ebpf-pid----373029----pid-5476
---ebpf-pid----373029----pid-1
---ebpf-pid----373029----pid-373029
---ebpf-pid----373029----pid-5476
---ebpf-pid----373029----pid-1
---ebpf-pid----373029----pid-373029
---ebpf-pid----373029----pid-5476
---ebpf-pid----373029----pid-1
---ebpf-pid----373029----pid-373029
---ebpf-pid----373029----pid-5476
---ebpf-pid----373029----pid-1
---ebpf-pid----373029----pid-373029
---ebpf-pid----373029----pid-5476
---ebpf-pid----373029----pid-1
---ebpf-pid----373029----pid-373029
---ebpf-pid----373029----pid-5476
---ebpf-pid----373029----pid-1
---ebpf-pid----373029----pid-373029
---ebpf-pid----373029----pid-5476
---ebpf-pid----373029----pid-1
---ebpf-pid----373029----pid-373029
---ebpf-pid----373029----pid-5476
---ebpf-pid----373029----pid-1
---ebpf-pid----373029----pid-373029
---ebpf-pid----373029----pid-5476
---ebpf-pid----373029----pid-1
---ebpf-pid----373029----pid-373029
---ebpf-pid----373029----pid-5476
---ebpf-pid----373029----pid-1
---ebpf-pid----373029----pid-373029
---ebpf-pid----373029----pid-5476
---ebpf-pid----373029----pid-1
---ebpf-pid----373029----pid-373029
---ebpf-pid----373029----pid-5476
---ebpf-pid----373029----pid-1
---ebpf-pid----373029----pid-373029
---ebpf-pid----373029----pid-5476
---ebpf-pid----373029----pid-1
---ebpf-pid----373029----pid-373029
---ebpf-pid----373029----pid-5476
---ebpf-pid----373029----pid-1
---ebpf-pid----373029----pid-373029
---ebpf-pid----373029----pid-5476
---ebpf-pid----373029----pid-1
---ebpf-pid----373029----pid-373029
---ebpf-pid----373029----pid-5476
---ebpf-pid----373029----pid-1
---ebpf-pid----373029----pid-373029
---ebpf-pid----373029----pid-5476
---ebpf-pid----373029----pid-1
---ebpf-pid----7312----pid-7312
---ebpf-pid----7312----pid-1
---ebpf-pid----7312----pid-7312
---ebpf-pid----7312----pid-1
---ebpf-pid----7313----pid-7313
---ebpf-pid----7313----pid-1
---ebpf-pid----373029----pid-373029
---ebpf-pid----373029----pid-5476
---ebpf-pid----373029----pid-1
---ebpf-pid----7312----pid-7312
---ebpf-pid----7312----pid-1
---ebpf-pid----1856----pid-1856
---ebpf-pid----1856----pid-1
---ebpf-pid----373029----pid-373029
---ebpf-pid----373029----pid-5476
---ebpf-pid----373029----pid-1
---ebpf-pid----373029----pid-373029
---ebpf-pid----373029----pid-5476
---ebpf-pid----373029----pid-1
---ebpf-pid----373029----pid-373029
---ebpf-pid----373029----pid-5476
---ebpf-pid----373029----pid-1
---ebpf-pid----373029----pid-373029
---ebpf-pid----373029----pid-5476
---ebpf-pid----373029----pid-1
---ebpf-pid----5637----pid-5637
Failed to get process information for PID 0
---ebpf-pid----5637----pid-1
---ebpf-pid----373029----pid-373029
---ebpf-pid----373029----pid-5476
---ebpf-pid----373029----pid-1
---ebpf-pid----373029----pid-373029
---ebpf-pid----373029----pid-5476
---ebpf-pid----373029----pid-1
---ebpf-pid----373029----pid-373029
---ebpf-pid----373029----pid-5476
---ebpf-pid----373029----pid-1
---ebpf-pid----373029----pid-373029
---ebpf-pid----373029----pid-5476
---ebpf-pid----373029----pid-1
---ebpf-pid----5705----pid-5705
---ebpf-pid----5705----pid-5476
---ebpf-pid----5705----pid-1
---ebpf-pid----5705----pid-5705
---ebpf-pid----5705----pid-5476
---ebpf-pid----5705----pid-1
---ebpf-pid----5705----pid-5705
---ebpf-pid----5705----pid-5476
---ebpf-pid----5705----pid-1
---ebpf-pid----5705----pid-5705
Failed to get process information for PID 0
Failed to get process information for PID 0
Failed to get process information for PID 0
---ebpf-pid----5705----pid-5476
---ebpf-pid----5705----pid-1
---ebpf-pid----1856----pid-1856
---ebpf-pid----1856----pid-1
---ebpf-pid----377755----pid-377755
---ebpf-pid----377755----pid-1
---ebpf-pid----377755----pid-377755
---ebpf-pid----377755----pid-1
---ebpf-pid----448522----pid-448522
---ebpf-pid----448522----pid-1
---ebpf-pid----379067----pid-379067
---ebpf-pid----379067----pid-5476
---ebpf-pid----379067----pid-1
---ebpf-pid----379067----pid-379067
---ebpf-pid----379067----pid-5476
---ebpf-pid----379067----pid-1
---ebpf-pid----379067----pid-379067
---ebpf-pid----379067----pid-5476
---ebpf-pid----379067----pid-1
---ebpf-pid----379067----pid-379067
---ebpf-pid----379067----pid-5476
---ebpf-pid----379067----pid-1
---ebpf-pid----379067----pid-379067
---ebpf-pid----379067----pid-5476
---ebpf-pid----379067----pid-1
---ebpf-pid----379067----pid-379067
---ebpf-pid----379067----pid-5476
---ebpf-pid----379067----pid-1
---ebpf-pid----379067----pid-379067
---ebpf-pid----379067----pid-5476
---ebpf-pid----379067----pid-1
---ebpf-pid----379067----pid-379067
---ebpf-pid----379067----pid-5476
---ebpf-pid----379067----pid-1
---ebpf-pid----379067----pid-379067
---ebpf-pid----379067----pid-5476
---ebpf-pid----379067----pid-1
---ebpf-pid----7312----pid-7312
---ebpf-pid----7312----pid-1
---ebpf-pid----6671----pid-6671
---ebpf-pid----6671----pid-5476
---ebpf-pid----6671----pid-1
---ebpf-pid----6671----pid-6671
---ebpf-pid----6671----pid-5476
---ebpf-pid----6671----pid-1
---ebpf-pid----6671----pid-6671
---ebpf-pid----6671----pid-5476
---ebpf-pid----6671----pid-1
---ebpf-pid----7312----pid-7312
---ebpf-pid----7312----pid-1
---ebpf-pid----2029----pid-2029
---ebpf-pid----2029----pid-1
---ebpf-pid----2029----pid-2029
---ebpf-pid----2029----pid-1
---ebpf-pid----2029----pid-2029
---ebpf-pid----2029----pid-1
---ebpf-pid----2029----pid-2029
---ebpf-pid----2029----pid-1
---ebpf-pid----2029----pid-2029
---ebpf-pid----2029----pid-1
---ebpf-pid----2029----pid-2029
---ebpf-pid----2029----pid-1
---ebpf-pid----2029----pid-2029
---ebpf-pid----2029----pid-1
---ebpf-pid----2029----pid-2029
---ebpf-pid----2029----pid-1
---ebpf-pid----2029----pid-2029
---ebpf-pid----2029----pid-1
---ebpf-pid----2029----pid-2029
---ebpf-pid----2029----pid-1
---ebpf-pid----2029----pid-2029
---ebpf-pid----2029----pid-1
---ebpf-pid----2029----pid-2029
---ebpf-pid----2029----pid-1
---ebpf-pid----2029----pid-2029
---ebpf-pid----2029----pid-1
---ebpf-pid----2029----pid-2029
---ebpf-pid----2029----pid-1
---ebpf-pid----2029----pid-2029
---ebpf-pid----2029----pid-1
---ebpf-pid----2029----pid-2029
---ebpf-pid----2029----pid-1
---ebpf-pid----2029----pid-2029
---ebpf-pid----2029----pid-1
---ebpf-pid----2029----pid-2029
---ebpf-pid----2029----pid-1
---ebpf-pid----2029----pid-2029
---ebpf-pid----2029----pid-1
---ebpf-pid----2029----pid-2029
---ebpf-pid----2029----pid-1
---ebpf-pid----2029----pid-2029
---ebpf-pid----2029----pid-1
---ebpf-pid----2029----pid-2029
---ebpf-pid----2029----pid-1
---ebpf-pid----2012----pid-2012
---ebpf-pid----2012----pid-1
---ebpf-pid----2029----pid-2029
---ebpf-pid----2029----pid-1
---ebpf-pid----2029----pid-2029
---ebpf-pid----2029----pid-1
---ebpf-pid----2029----pid-2029
---ebpf-pid----2029----pid-1
---ebpf-pid----2029----pid-2029
---ebpf-pid----2029----pid-1
---ebpf-pid----2029----pid-2029
---ebpf-pid----2029----pid-1
---ebpf-pid----2029----pid-2029
---ebpf-pid----2029----pid-1
---ebpf-pid----2029----pid-2029
---ebpf-pid----2029----pid-1
---ebpf-pid----2029----pid-2029
---ebpf-pid----2029----pid-1
---ebpf-pid----2029----pid-2029
---ebpf-pid----2029----pid-1
---ebpf-pid----2029----pid-2029
---ebpf-pid----2029----pid-1
---ebpf-pid----2029----pid-2029
---ebpf-pid----2029----pid-1
---ebpf-pid----2029----pid-2029
---ebpf-pid----2029----pid-1
---ebpf-pid----2029----pid-2029
---ebpf-pid----2029----pid-1
---ebpf-pid----2029----pid-2029
---ebpf-pid----2029----pid-1
---ebpf-pid----2029----pid-2029
---ebpf-pid----2029----pid-1
---ebpf-pid----2029----pid-2029
---ebpf-pid----2029----pid-1
---ebpf-pid----2029----pid-2029
---ebpf-pid----2029----pid-1
---ebpf-pid----2029----pid-2029
---ebpf-pid----2029----pid-1
---ebpf-pid----2029----pid-2029
---ebpf-pid----2029----pid-1
---ebpf-pid----2029----pid-2029
---ebpf-pid----2029----pid-1
---ebpf-pid----2029----pid-2029
---ebpf-pid----2029----pid-1
---ebpf-pid----2029----pid-2029
---ebpf-pid----2029----pid-1
---ebpf-pid----2029----pid-2029
---ebpf-pid----2029----pid-1
---ebpf-pid----2029----pid-2029
---ebpf-pid----2029----pid-1
---ebpf-pid----2029----pid-2029
---ebpf-pid----2029----pid-1
---ebpf-pid----2029----pid-2029
---ebpf-pid----2029----pid-1
---ebpf-pid----2029----pid-2029
---ebpf-pid----2029----pid-1
---ebpf-pid----2029----pid-2029
---ebpf-pid----2029----pid-1
---ebpf-pid----2029----pid-2029
---ebpf-pid----2029----pid-1
---ebpf-pid----2029----pid-2029
---ebpf-pid----2029----pid-1
---ebpf-pid----2029----pid-2029
---ebpf-pid----2029----pid-1
---ebpf-pid----2029----pid-2029
---ebpf-pid----2029----pid-1
---ebpf-pid----2029----pid-2029
---ebpf-pid----2029----pid-1
---ebpf-pid----2029----pid-2029
---ebpf-pid----2029----pid-1
---ebpf-pid----2029----pid-2029
---ebpf-pid----2029----pid-1
---ebpf-pid----2029----pid-2029
---ebpf-pid----2029----pid-1
---ebpf-pid----2029----pid-2029
---ebpf-pid----2029----pid-1
---ebpf-pid----2029----pid-2029
---ebpf-pid----2029----pid-1
---ebpf-pid----2029----pid-2029
---ebpf-pid----2029----pid-1
---ebpf-pid----2029----pid-2029
---ebpf-pid----2029----pid-1
---ebpf-pid----2029----pid-2029
---ebpf-pid----2029----pid-1
---ebpf-pid----2029----pid-2029
---ebpf-pid----2029----pid-1
---ebpf-pid----2029----pid-2029
---ebpf-pid----2029----pid-1
---ebpf-pid----2029----pid-2029
---ebpf-pid----2029----pid-1
---ebpf-pid----2029----pid-2029
---ebpf-pid----2029----pid-1
---ebpf-pid----2029----pid-2029
---ebpf-pid----2029----pid-1
---ebpf-pid----2029----pid-2029
---ebpf-pid----2029----pid-1
---ebpf-pid----2029----pid-2029
---ebpf-pid----2029----pid-1
---ebpf-pid----2012----pid-2012
---ebpf-pid----2012----pid-1
---ebpf-pid----2012----pid-2012
---ebpf-pid----2012----pid-1
---ebpf-pid----2012----pid-2012
---ebpf-pid----2012----pid-1
---ebpf-pid----2012----pid-2012
---ebpf-pid----2012----pid-1
---ebpf-pid----2012----pid-2012
---ebpf-pid----2012----pid-1
---ebpf-pid----2012----pid-2012
---ebpf-pid----2012----pid-1
---ebpf-pid----2012----pid-2012
---ebpf-pid----2012----pid-1
---ebpf-pid----2012----pid-2012
---ebpf-pid----2012----pid-1
---ebpf-pid----2012----pid-2012
---ebpf-pid----2012----pid-1
---ebpf-pid----2012----pid-2012
---ebpf-pid----2012----pid-1
---ebpf-pid----2012----pid-2012
---ebpf-pid----2012----pid-1
---ebpf-pid----2012----pid-2012
---ebpf-pid----2012----pid-1
---ebpf-pid----2012----pid-2012
---ebpf-pid----2012----pid-1
---ebpf-pid----2012----pid-2012
---ebpf-pid----2012----pid-1
---ebpf-pid----2012----pid-2012
---ebpf-pid----2012----pid-1
---ebpf-pid----2012----pid-2012
---ebpf-pid----2012----pid-1
---ebpf-pid----2012----pid-2012
---ebpf-pid----2012----pid-1
---ebpf-pid----2012----pid-2012
---ebpf-pid----2012----pid-1
---ebpf-pid----6671----pid-6671
---ebpf-pid----6671----pid-5476
---ebpf-pid----6671----pid-1
---ebpf-pid----6671----pid-6671
---ebpf-pid----6671----pid-5476
---ebpf-pid----6671----pid-1
---ebpf-pid----6671----pid-6671
---ebpf-pid----6671----pid-5476
---ebpf-pid----6671----pid-1
---ebpf-pid----6671----pid-6671
---ebpf-pid----6671----pid-5476
---ebpf-pid----6671----pid-1
---ebpf-pid----6671----pid-6671
---ebpf-pid----6671----pid-5476
---ebpf-pid----6671----pid-1
---ebpf-pid----6671----pid-6671
---ebpf-pid----6671----pid-5476
---ebpf-pid----6671----pid-1
---ebpf-pid----6671----pid-6671
---ebpf-pid----6671----pid-5476
---ebpf-pid----6671----pid-1
---ebpf-pid----6671----pid-6671
---ebpf-pid----6671----pid-5476
---ebpf-pid----6671----pid-1
---ebpf-pid----6671----pid-6671
---ebpf-pid----6671----pid-5476
---ebpf-pid----6671----pid-1
---ebpf-pid----2094----pid-2094
---ebpf-pid----2094----pid-1
---ebpf-pid----2094----pid-2094
---ebpf-pid----2094----pid-1
---ebpf-pid----2094----pid-2094
---ebpf-pid----2094----pid-1
---ebpf-pid----2094----pid-2094
---ebpf-pid----2094----pid-1
---ebpf-pid----2094----pid-2094
---ebpf-pid----2094----pid-1
---ebpf-pid----2094----pid-2094
---ebpf-pid----2094----pid-1
---ebpf-pid----2094----pid-2094
---ebpf-pid----2094----pid-1
---ebpf-pid----2094----pid-2094
---ebpf-pid----2094----pid-1
---ebpf-pid----2094----pid-2094
---ebpf-pid----2094----pid-1
---ebpf-pid----2094----pid-2094
---ebpf-pid----2094----pid-1
---ebpf-pid----2094----pid-2094
---ebpf-pid----2094----pid-1
---ebpf-pid----2094----pid-2094
---ebpf-pid----2094----pid-1
---ebpf-pid----2094----pid-2094
---ebpf-pid----2094----pid-1
---ebpf-pid----2094----pid-2094
---ebpf-pid----2094----pid-1
---ebpf-pid----2094----pid-2094
---ebpf-pid----2094----pid-1
---ebpf-pid----2094----pid-2094
---ebpf-pid----2094----pid-1
---ebpf-pid----2094----pid-2094
---ebpf-pid----2094----pid-1
---ebpf-pid----2094----pid-2094
---ebpf-pid----2094----pid-1
---ebpf-pid----2094----pid-2094
---ebpf-pid----2094----pid-1
---ebpf-pid----2094----pid-2094
---ebpf-pid----2094----pid-1
---ebpf-pid----2094----pid-2094
---ebpf-pid----2094----pid-1
---ebpf-pid----2094----pid-2094
---ebpf-pid----2094----pid-1
---ebpf-pid----2094----pid-2094
---ebpf-pid----2094----pid-1
---ebpf-pid----2094----pid-2094
---ebpf-pid----2094----pid-1
---ebpf-pid----2094----pid-2094
---ebpf-pid----2094----pid-1
---ebpf-pid----2094----pid-2094
---ebpf-pid----2094----pid-1
---ebpf-pid----2094----pid-2094
---ebpf-pid----2094----pid-1
---ebpf-pid----2094----pid-2094
---ebpf-pid----2094----pid-1
---ebpf-pid----2094----pid-2094
---ebpf-pid----2094----pid-1
---ebpf-pid----379067----pid-379067
---ebpf-pid----379067----pid-5476
---ebpf-pid----379067----pid-1
---ebpf-pid----379067----pid-379067
---ebpf-pid----379067----pid-5476
---ebpf-pid----379067----pid-1
---ebpf-pid----379067----pid-379067
---ebpf-pid----379067----pid-5476
---ebpf-pid----379067----pid-1
---ebpf-pid----2094----pid-2094
---ebpf-pid----2094----pid-1
---ebpf-pid----2094----pid-2094
---ebpf-pid----2094----pid-1
---ebpf-pid----2094----pid-2094
---ebpf-pid----2094----pid-1
---ebpf-pid----2094----pid-2094
---ebpf-pid----2094----pid-1
---ebpf-pid----2094----pid-2094
---ebpf-pid----2094----pid-1
---ebpf-pid----2094----pid-2094
---ebpf-pid----2094----pid-1
---ebpf-pid----2094----pid-2094
---ebpf-pid----2094----pid-1
---ebpf-pid----2094----pid-2094
---ebpf-pid----2094----pid-1
---ebpf-pid----2094----pid-2094
---ebpf-pid----2094----pid-1
---ebpf-pid----2094----pid-2094
---ebpf-pid----2094----pid-1
---ebpf-pid----2094----pid-2094
---ebpf-pid----2094----pid-1
---ebpf-pid----2094----pid-2094
---ebpf-pid----2094----pid-1
---ebpf-pid----2094----pid-2094
---ebpf-pid----2094----pid-1
---ebpf-pid----2094----pid-2094
---ebpf-pid----2094----pid-1
---ebpf-pid----2094----pid-2094
---ebpf-pid----2094----pid-1
---ebpf-pid----2012----pid-2012
---ebpf-pid----2012----pid-1
---ebpf-pid----379067----pid-379067
---ebpf-pid----379067----pid-5476
---ebpf-pid----379067----pid-1
---ebpf-pid----379067----pid-379067
---ebpf-pid----379067----pid-5476
---ebpf-pid----379067----pid-1
---ebpf-pid----379067----pid-379067
---ebpf-pid----379067----pid-5476
---ebpf-pid----379067----pid-1
---ebpf-pid----2012----pid-2012
---ebpf-pid----2012----pid-1
---ebpf-pid----2012----pid-2012
---ebpf-pid----2012----pid-1
---ebpf-pid----2012----pid-2012
---ebpf-pid----2012----pid-1
---ebpf-pid----2012----pid-2012
---ebpf-pid----2012----pid-1
---ebpf-pid----2012----pid-2012
---ebpf-pid----2012----pid-1
---ebpf-pid----2012----pid-2012
---ebpf-pid----2012----pid-1
---ebpf-pid----2012----pid-2012
---ebpf-pid----2012----pid-1
---ebpf-pid----2012----pid-2012
---ebpf-pid----2012----pid-1
---ebpf-pid----2012----pid-2012
---ebpf-pid----2012----pid-1
---ebpf-pid----2012----pid-2012
---ebpf-pid----2012----pid-1
---ebpf-pid----2012----pid-2012
---ebpf-pid----2012----pid-1
---ebpf-pid----2012----pid-2012
---ebpf-pid----2012----pid-1
---ebpf-pid----2088----pid-2088
---ebpf-pid----2088----pid-1
---ebpf-pid----379067----pid-379067
---ebpf-pid----379067----pid-5476
---ebpf-pid----379067----pid-1
---ebpf-pid----379067----pid-379067
---ebpf-pid----379067----pid-5476
---ebpf-pid----379067----pid-1
---ebpf-pid----379067----pid-379067
---ebpf-pid----379067----pid-5476
---ebpf-pid----379067----pid-1
---ebpf-pid----2089----pid-2089
---ebpf-pid----2089----pid-1
---ebpf-pid----2089----pid-2089
---ebpf-pid----2089----pid-1
---ebpf-pid----2089----pid-2089
---ebpf-pid----2089----pid-1
---ebpf-pid----2089----pid-2089
---ebpf-pid----2089----pid-1
---ebpf-pid----2089----pid-2089
---ebpf-pid----2089----pid-1
---ebpf-pid----2088----pid-2088
---ebpf-pid----2088----pid-1
---ebpf-pid----2088----pid-2088
---ebpf-pid----2088----pid-1
---ebpf-pid----2088----pid-2088
---ebpf-pid----2088----pid-1
---ebpf-pid----2088----pid-2088
---ebpf-pid----2088----pid-1
---ebpf-pid----2088----pid-2088
---ebpf-pid----2088----pid-1
---ebpf-pid----2088----pid-2088
---ebpf-pid----2088----pid-1
---ebpf-pid----2088----pid-2088
---ebpf-pid----2088----pid-1
---ebpf-pid----2088----pid-2088
---ebpf-pid----2088----pid-1
---ebpf-pid----2088----pid-2088
---ebpf-pid----2088----pid-1
---ebpf-pid----379067----pid-379067
---ebpf-pid----379067----pid-5476
---ebpf-pid----379067----pid-1
---ebpf-pid----379067----pid-379067
---ebpf-pid----379067----pid-5476
---ebpf-pid----379067----pid-1
---ebpf-pid----2088----pid-2088
---ebpf-pid----2088----pid-1
---ebpf-pid----2088----pid-2088
---ebpf-pid----2088----pid-1
---ebpf-pid----2088----pid-2088
---ebpf-pid----2088----pid-1
---ebpf-pid----2088----pid-2088
---ebpf-pid----2088----pid-1
---ebpf-pid----379067----pid-379067
---ebpf-pid----379067----pid-5476
---ebpf-pid----379067----pid-1
---ebpf-pid----379067----pid-379067
---ebpf-pid----379067----pid-5476
---ebpf-pid----379067----pid-1
---ebpf-pid----379067----pid-379067
---ebpf-pid----379067----pid-5476
---ebpf-pid----379067----pid-1
---ebpf-pid----379067----pid-379067
---ebpf-pid----379067----pid-5476
---ebpf-pid----379067----pid-1
---ebpf-pid----2029----pid-2029
---ebpf-pid----2029----pid-1
---ebpf-pid----2029----pid-2029
---ebpf-pid----2029----pid-1
---ebpf-pid----2029----pid-2029
---ebpf-pid----2029----pid-1
---ebpf-pid----2029----pid-2029
---ebpf-pid----2029----pid-1
---ebpf-pid----2029----pid-2029
---ebpf-pid----2029----pid-1
---ebpf-pid----2029----pid-2029
---ebpf-pid----2029----pid-1
---ebpf-pid----2029----pid-2029
---ebpf-pid----2029----pid-1
---ebpf-pid----2029----pid-2029
---ebpf-pid----2029----pid-1
---ebpf-pid----2029----pid-2029
---ebpf-pid----2029----pid-1
---ebpf-pid----2029----pid-2029
---ebpf-pid----2029----pid-1
---ebpf-pid----2029----pid-2029
---ebpf-pid----2029----pid-1
---ebpf-pid----448783----pid-448783
---ebpf-pid----448783----pid-448520
---ebpf-pid----448783----pid-1
---ebpf-pid----448783----pid-448783
---ebpf-pid----448783----pid-448520
---ebpf-pid----448783----pid-1
---ebpf-pid----448783----pid-448783
---ebpf-pid----448783----pid-448520
---ebpf-pid----448783----pid-1
---ebpf-pid----448783----pid-448783
---ebpf-pid----448783----pid-448520
---ebpf-pid----448783----pid-1
---ebpf-pid----448783----pid-448783
---ebpf-pid----448783----pid-448520
---ebpf-pid----448783----pid-1
---ebpf-pid----448783----pid-448783
---ebpf-pid----448783----pid-448520
---ebpf-pid----448783----pid-1
---ebpf-pid----448783----pid-448783
---ebpf-pid----448783----pid-448520
---ebpf-pid----448783----pid-1
---ebpf-pid----448783----pid-448783
---ebpf-pid----448783----pid-448520
---ebpf-pid----448783----pid-1
---ebpf-pid----448783----pid-448783
---ebpf-pid----448783----pid-448520
---ebpf-pid----448783----pid-1
---ebpf-pid----448783----pid-448783
---ebpf-pid----448783----pid-448520
---ebpf-pid----448783----pid-1
---ebpf-pid----448783----pid-448783
---ebpf-pid----448783----pid-448520
---ebpf-pid----448783----pid-1
---ebpf-pid----448783----pid-448783
---ebpf-pid----448783----pid-448520
---ebpf-pid----448783----pid-1
---ebpf-pid----448783----pid-448783
---ebpf-pid----448783----pid-448520
---ebpf-pid----448783----pid-1
---ebpf-pid----448783----pid-448783
---ebpf-pid----448783----pid-448520
---ebpf-pid----448783----pid-1
---ebpf-pid----448783----pid-448783
---ebpf-pid----448783----pid-448520
---ebpf-pid----448783----pid-1
---ebpf-pid----448783----pid-448783
---ebpf-pid----448783----pid-448520
---ebpf-pid----448783----pid-1
---ebpf-pid----448783----pid-448783
---ebpf-pid----448783----pid-448520
---ebpf-pid----448783----pid-1
---ebpf-pid----448783----pid-448783
---ebpf-pid----448783----pid-448520
---ebpf-pid----448783----pid-1
---ebpf-pid----448783----pid-448783
---ebpf-pid----448783----pid-448520
---ebpf-pid----448783----pid-1
---ebpf-pid----448783----pid-448783
---ebpf-pid----448783----pid-448520
---ebpf-pid----448783----pid-1
---ebpf-pid----448783----pid-448783
---ebpf-pid----448783----pid-448520
---ebpf-pid----448783----pid-1
---ebpf-pid----2088----pid-2088
---ebpf-pid----2088----pid-1
---ebpf-pid----2088----pid-2088
---ebpf-pid----2088----pid-1
---ebpf-pid----2088----pid-2088
---ebpf-pid----2088----pid-1
---ebpf-pid----2088----pid-2088
---ebpf-pid----2088----pid-1
---ebpf-pid----2088----pid-2088
---ebpf-pid----2088----pid-1
---ebpf-pid----2088----pid-2088
---ebpf-pid----2088----pid-1
---ebpf-pid----2088----pid-2088
---ebpf-pid----2088----pid-1
---ebpf-pid----2088----pid-2088
---ebpf-pid----2088----pid-1
---ebpf-pid----2088----pid-2088
---ebpf-pid----2088----pid-1
---ebpf-pid----2088----pid-2088
---ebpf-pid----2088----pid-1
---ebpf-pid----2088----pid-2088
---ebpf-pid----2088----pid-1
---ebpf-pid----448783----pid-448783
---ebpf-pid----448783----pid-448520
---ebpf-pid----448783----pid-1
---ebpf-pid----448783----pid-448783
---ebpf-pid----448783----pid-448520
---ebpf-pid----448783----pid-1
---ebpf-pid----2012----pid-2012
---ebpf-pid----2012----pid-1
---ebpf-pid----2012----pid-2012
---ebpf-pid----2012----pid-1
---ebpf-pid----448783----pid-448783
---ebpf-pid----448783----pid-448520
---ebpf-pid----448783----pid-1
---ebpf-pid----448783----pid-448783
---ebpf-pid----448783----pid-448520
---ebpf-pid----448783----pid-1
---ebpf-pid----448783----pid-448783
---ebpf-pid----448783----pid-448520
---ebpf-pid----448783----pid-1
---ebpf-pid----448783----pid-448783
---ebpf-pid----448783----pid-448520
---ebpf-pid----448783----pid-1
---ebpf-pid----448783----pid-448783
---ebpf-pid----448783----pid-448520
---ebpf-pid----448783----pid-1
---ebpf-pid----448783----pid-448783
---ebpf-pid----448783----pid-448520
---ebpf-pid----448783----pid-1
---ebpf-pid----448783----pid-448783
---ebpf-pid----448783----pid-448520
---ebpf-pid----448783----pid-1
---ebpf-pid----448783----pid-448783
---ebpf-pid----448783----pid-448520
---ebpf-pid----448783----pid-1
---ebpf-pid----5705----pid-5705
---ebpf-pid----5705----pid-5476
---ebpf-pid----5705----pid-1
---ebpf-pid----5705----pid-5705
---ebpf-pid----5705----pid-5476
---ebpf-pid----5705----pid-1
---ebpf-pid----448783----pid-448783
---ebpf-pid----448783----pid-448520
---ebpf-pid----448783----pid-1
---ebpf-pid----448783----pid-448783
---ebpf-pid----448783----pid-448520
---ebpf-pid----448783----pid-1
---ebpf-pid----5705----pid-5705
---ebpf-pid----5705----pid-5476
---ebpf-pid----5705----pid-1
---ebpf-pid----5705----pid-5705
---ebpf-pid----5705----pid-5476
---ebpf-pid----5705----pid-1
---ebpf-pid----5705----pid-5705
---ebpf-pid----5705----pid-5476
---ebpf-pid----5705----pid-1
---ebpf-pid----5705----pid-5705
---ebpf-pid----5705----pid-5476
---ebpf-pid----5705----pid-1
---ebpf-pid----5705----pid-5705
---ebpf-pid----5705----pid-5476
---ebpf-pid----5705----pid-1
---ebpf-pid----5705----pid-5705
---ebpf-pid----5705----pid-5476
---ebpf-pid----5705----pid-1
---ebpf-pid----448783----pid-448783
---ebpf-pid----448783----pid-448520
---ebpf-pid----448783----pid-1
---ebpf-pid----448783----pid-448783
---ebpf-pid----448783----pid-448520
---ebpf-pid----448783----pid-1
---ebpf-pid----448783----pid-448783
---ebpf-pid----448783----pid-448520
---ebpf-pid----448783----pid-1
---ebpf-pid----448783----pid-448783
---ebpf-pid----448783----pid-448520
---ebpf-pid----448783----pid-1
---ebpf-pid----448783----pid-448783
---ebpf-pid----448783----pid-448520
---ebpf-pid----448783----pid-1
---ebpf-pid----448783----pid-448783
---ebpf-pid----448783----pid-448520
---ebpf-pid----448783----pid-1
---ebpf-pid----448783----pid-448783
---ebpf-pid----448783----pid-448520
---ebpf-pid----448783----pid-1
---ebpf-pid----448783----pid-448783
---ebpf-pid----448783----pid-448520
---ebpf-pid----448783----pid-1
---ebpf-pid----448783----pid-448783
---ebpf-pid----448783----pid-448520
---ebpf-pid----448783----pid-1
---ebpf-pid----448783----pid-448783
---ebpf-pid----448783----pid-448520
---ebpf-pid----448783----pid-1
---ebpf-pid----448783----pid-448783
---ebpf-pid----448783----pid-448520
---ebpf-pid----448783----pid-1
---ebpf-pid----448783----pid-448783
---ebpf-pid----448783----pid-448520
---ebpf-pid----448783----pid-1
---ebpf-pid----448783----pid-448783
---ebpf-pid----448783----pid-448520
---ebpf-pid----448783----pid-1
---ebpf-pid----448783----pid-448783
---ebpf-pid----448783----pid-448520
---ebpf-pid----448783----pid-1
---ebpf-pid----448783----pid-448783
---ebpf-pid----448783----pid-448520
---ebpf-pid----448783----pid-1
---ebpf-pid----448783----pid-448783
---ebpf-pid----448783----pid-448520
---ebpf-pid----448783----pid-1
---ebpf-pid----448783----pid-448783
---ebpf-pid----448783----pid-448520
---ebpf-pid----448783----pid-1
---ebpf-pid----448783----pid-448783
---ebpf-pid----448783----pid-448520
---ebpf-pid----448783----pid-1
---ebpf-pid----448783----pid-448783
---ebpf-pid----448783----pid-448520
---ebpf-pid----448783----pid-1
---ebpf-pid----448783----pid-448783
---ebpf-pid----448783----pid-448520
---ebpf-pid----448783----pid-1
---ebpf-pid----448783----pid-448783
---ebpf-pid----448783----pid-448520
---ebpf-pid----448783----pid-1
---ebpf-pid----448783----pid-448783
---ebpf-pid----448783----pid-448520
---ebpf-pid----448783----pid-1
---ebpf-pid----448783----pid-448783
---ebpf-pid----448783----pid-448520
---ebpf-pid----448783----pid-1
---ebpf-pid----448783----pid-448783
---ebpf-pid----448783----pid-448520
---ebpf-pid----448783----pid-1
---ebpf-pid----448783----pid-448783
---ebpf-pid----448783----pid-448520
---ebpf-pid----448783----pid-1
---ebpf-pid----448783----pid-448783
---ebpf-pid----448783----pid-448520
---ebpf-pid----448783----pid-1
---ebpf-pid----448783----pid-448783
---ebpf-pid----448783----pid-448520
---ebpf-pid----448783----pid-1
---ebpf-pid----373029----pid-373029
---ebpf-pid----373029----pid-5476
---ebpf-pid----373029----pid-1
---ebpf-pid----373029----pid-373029
---ebpf-pid----373029----pid-5476
---ebpf-pid----373029----pid-1
---ebpf-pid----373029----pid-373029
---ebpf-pid----373029----pid-5476
---ebpf-pid----373029----pid-1
---ebpf-pid----373029----pid-373029
---ebpf-pid----373029----pid-5476
---ebpf-pid----373029----pid-1
---ebpf-pid----448783----pid-448783
---ebpf-pid----448783----pid-448520
---ebpf-pid----448783----pid-1
---ebpf-pid----448783----pid-448783
---ebpf-pid----448783----pid-448520
---ebpf-pid----448783----pid-1
---ebpf-pid----448783----pid-448783
---ebpf-pid----448783----pid-448520
---ebpf-pid----448783----pid-1
---ebpf-pid----448783----pid-448783
---ebpf-pid----448783----pid-448520
---ebpf-pid----448783----pid-1
---ebpf-pid----448783----pid-448783
---ebpf-pid----448783----pid-448520
---ebpf-pid----448783----pid-1
---ebpf-pid----448783----pid-448783
---ebpf-pid----448783----pid-448520
---ebpf-pid----448783----pid-1
---ebpf-pid----448783----pid-448783
---ebpf-pid----448783----pid-448520
---ebpf-pid----448783----pid-1
---ebpf-pid----448783----pid-448783
---ebpf-pid----448783----pid-448520
---ebpf-pid----448783----pid-1
---ebpf-pid----448783----pid-448783
---ebpf-pid----448783----pid-448520
---ebpf-pid----448783----pid-1
---ebpf-pid----448783----pid-448783
---ebpf-pid----448783----pid-448520
---ebpf-pid----448783----pid-1
---ebpf-pid----448783----pid-448783
---ebpf-pid----448783----pid-448520
---ebpf-pid----448783----pid-1
---ebpf-pid----448783----pid-448783
---ebpf-pid----448783----pid-448520
---ebpf-pid----448783----pid-1
---ebpf-pid----448783----pid-448783
---ebpf-pid----448783----pid-448520
---ebpf-pid----448783----pid-1
---ebpf-pid----448783----pid-448783
---ebpf-pid----448783----pid-448520
---ebpf-pid----448783----pid-1
---ebpf-pid----373029----pid-373029
---ebpf-pid----373029----pid-5476
---ebpf-pid----373029----pid-1
---ebpf-pid----373029----pid-373029
---ebpf-pid----373029----pid-5476
---ebpf-pid----373029----pid-1
---ebpf-pid----373029----pid-373029
---ebpf-pid----373029----pid-5476
---ebpf-pid----373029----pid-1
---ebpf-pid----373029----pid-373029
---ebpf-pid----373029----pid-5476
---ebpf-pid----373029----pid-1
---ebpf-pid----373029----pid-373029
---ebpf-pid----373029----pid-5476
---ebpf-pid----373029----pid-1
---ebpf-pid----373029----pid-373029
---ebpf-pid----373029----pid-5476
---ebpf-pid----373029----pid-1
---ebpf-pid----379067----pid-379067
---ebpf-pid----379067----pid-5476
---ebpf-pid----379067----pid-1
---ebpf-pid----379067----pid-379067
---ebpf-pid----379067----pid-5476
---ebpf-pid----379067----pid-1
---ebpf-pid----379067----pid-379067
---ebpf-pid----379067----pid-5476
---ebpf-pid----379067----pid-1
---ebpf-pid----379067----pid-379067
---ebpf-pid----379067----pid-5476
---ebpf-pid----379067----pid-1
---ebpf-pid----379067----pid-379067
---ebpf-pid----379067----pid-5476
---ebpf-pid----379067----pid-1
---ebpf-pid----379067----pid-379067
---ebpf-pid----379067----pid-5476
---ebpf-pid----379067----pid-1
---ebpf-pid----379067----pid-379067
---ebpf-pid----379067----pid-5476
---ebpf-pid----379067----pid-1
---ebpf-pid----379067----pid-379067
---ebpf-pid----379067----pid-5476
---ebpf-pid----379067----pid-1
---ebpf-pid----379067----pid-379067
---ebpf-pid----379067----pid-5476
---ebpf-pid----379067----pid-1
---ebpf-pid----379067----pid-379067
---ebpf-pid----379067----pid-5476
---ebpf-pid----379067----pid-1
---ebpf-pid----379067----pid-379067
---ebpf-pid----379067----pid-5476
---ebpf-pid----379067----pid-1
---ebpf-pid----4716----pid-4716
---ebpf-pid----4716----pid-3323
---ebpf-pid----4716----pid-1
---ebpf-pid----4716----pid-4716
---ebpf-pid----4716----pid-3323
---ebpf-pid----4716----pid-1
---ebpf-pid----373029----pid-373029
---ebpf-pid----373029----pid-5476
---ebpf-pid----373029----pid-1
---ebpf-pid----373029----pid-373029
---ebpf-pid----373029----pid-5476
---ebpf-pid----373029----pid-1
---ebpf-pid----4716----pid-4716
---ebpf-pid----4716----pid-3323
---ebpf-pid----4716----pid-1
---ebpf-pid----4716----pid-4716
---ebpf-pid----4716----pid-3323
---ebpf-pid----4716----pid-1
---ebpf-pid----2029----pid-2029
---ebpf-pid----2029----pid-1
---ebpf-pid----2029----pid-2029
---ebpf-pid----2029----pid-1
---ebpf-pid----2029----pid-2029
---ebpf-pid----2029----pid-1
---ebpf-pid----2029----pid-2029
---ebpf-pid----2029----pid-1
---ebpf-pid----2029----pid-2029
---ebpf-pid----2029----pid-1
---ebpf-pid----4716----pid-4716
---ebpf-pid----4716----pid-3323
---ebpf-pid----4716----pid-1
---ebpf-pid----4716----pid-4716
---ebpf-pid----4716----pid-3323
---ebpf-pid----4716----pid-1
---ebpf-pid----448783----pid-448783
---ebpf-pid----448783----pid-448520
---ebpf-pid----448783----pid-1
---ebpf-pid----448783----pid-448783
---ebpf-pid----448783----pid-448520
---ebpf-pid----448783----pid-1
---ebpf-pid----448783----pid-448783
---ebpf-pid----448783----pid-448520
---ebpf-pid----448783----pid-1
---ebpf-pid----448783----pid-448783
---ebpf-pid----448783----pid-448520
---ebpf-pid----448783----pid-1
---ebpf-pid----448783----pid-448783
---ebpf-pid----448783----pid-448520
---ebpf-pid----448783----pid-1
---ebpf-pid----448783----pid-448783
---ebpf-pid----448783----pid-448520
---ebpf-pid----448783----pid-1
---ebpf-pid----448783----pid-448783
---ebpf-pid----448783----pid-448520
---ebpf-pid----448783----pid-1
---ebpf-pid----448783----pid-448783
---ebpf-pid----448783----pid-448520
---ebpf-pid----448783----pid-1
---ebpf-pid----448783----pid-448783
---ebpf-pid----448783----pid-448520
---ebpf-pid----448783----pid-1
---ebpf-pid----448783----pid-448783
---ebpf-pid----448783----pid-448520
---ebpf-pid----448783----pid-1
---ebpf-pid----448783----pid-448783
---ebpf-pid----448783----pid-448520
---ebpf-pid----448783----pid-1
---ebpf-pid----448783----pid-448783
---ebpf-pid----448783----pid-448520
---ebpf-pid----448783----pid-1
---ebpf-pid----448783----pid-448783
---ebpf-pid----448783----pid-448520
---ebpf-pid----448783----pid-1
---ebpf-pid----448783----pid-448783
---ebpf-pid----448783----pid-448520
---ebpf-pid----448783----pid-1
---ebpf-pid----448783----pid-448783
---ebpf-pid----448783----pid-448520
---ebpf-pid----448783----pid-1
---ebpf-pid----448783----pid-448783
---ebpf-pid----448783----pid-448520
---ebpf-pid----448783----pid-1
---ebpf-pid----448783----pid-448783
---ebpf-pid----448783----pid-448520
---ebpf-pid----448783----pid-1
---ebpf-pid----448783----pid-448783
---ebpf-pid----448783----pid-448520
---ebpf-pid----448783----pid-1
---ebpf-pid----448783----pid-448783
---ebpf-pid----448783----pid-448520
---ebpf-pid----448783----pid-1
---ebpf-pid----448783----pid-448783
---ebpf-pid----448783----pid-448520
---ebpf-pid----448783----pid-1
---ebpf-pid----448783----pid-448783
---ebpf-pid----448783----pid-448520
---ebpf-pid----448783----pid-1
---ebpf-pid----448783----pid-448783
---ebpf-pid----448783----pid-448520
---ebpf-pid----448783----pid-1
---ebpf-pid----448783----pid-448783
---ebpf-pid----448783----pid-448520
---ebpf-pid----448783----pid-1
---ebpf-pid----448783----pid-448783
---ebpf-pid----448783----pid-448520
---ebpf-pid----448783----pid-1
---ebpf-pid----448783----pid-448783
---ebpf-pid----448783----pid-448520
---ebpf-pid----448783----pid-1
---ebpf-pid----448783----pid-448783
---ebpf-pid----448783----pid-448520
---ebpf-pid----448783----pid-1
---ebpf-pid----448783----pid-448783
---ebpf-pid----448783----pid-448520
---ebpf-pid----448783----pid-1
---ebpf-pid----448783----pid-448783
---ebpf-pid----448783----pid-448520
---ebpf-pid----448783----pid-1
---ebpf-pid----448783----pid-448783
---ebpf-pid----448783----pid-448520
---ebpf-pid----448783----pid-1
---ebpf-pid----448783----pid-448783
---ebpf-pid----448783----pid-448520
---ebpf-pid----448783----pid-1
---ebpf-pid----448783----pid-448783
---ebpf-pid----448783----pid-448520
---ebpf-pid----448783----pid-1
---ebpf-pid----448783----pid-448783
---ebpf-pid----448783----pid-448520
---ebpf-pid----448783----pid-1
---ebpf-pid----448783----pid-448783
---ebpf-pid----448783----pid-448520
---ebpf-pid----448783----pid-1
---ebpf-pid----448783----pid-448783
---ebpf-pid----448783----pid-448520
---ebpf-pid----448783----pid-1
---ebpf-pid----448783----pid-448783
---ebpf-pid----448783----pid-448520
---ebpf-pid----448783----pid-1
---ebpf-pid----448783----pid-448783
---ebpf-pid----448783----pid-448520
---ebpf-pid----448783----pid-1
---ebpf-pid----448783----pid-448783
---ebpf-pid----448783----pid-448520
---ebpf-pid----448783----pid-1
---ebpf-pid----448783----pid-448783
---ebpf-pid----448783----pid-448520
---ebpf-pid----448783----pid-1
---ebpf-pid----448783----pid-448783
---ebpf-pid----448783----pid-448520
---ebpf-pid----448783----pid-1
---ebpf-pid----448783----pid-448783
---ebpf-pid----448783----pid-448520
---ebpf-pid----448783----pid-1
---ebpf-pid----448783----pid-448783
---ebpf-pid----448783----pid-448520
---ebpf-pid----448783----pid-1
---ebpf-pid----448783----pid-448783
---ebpf-pid----448783----pid-448520
---ebpf-pid----448783----pid-1
---ebpf-pid----448783----pid-448783
---ebpf-pid----448783----pid-448520
---ebpf-pid----448783----pid-1
---ebpf-pid----448783----pid-448783
---ebpf-pid----448783----pid-448520
---ebpf-pid----448783----pid-1
---ebpf-pid----448783----pid-448783
---ebpf-pid----448783----pid-448520
---ebpf-pid----448783----pid-1
---ebpf-pid----448783----pid-448783
---ebpf-pid----448783----pid-448520
---ebpf-pid----448783----pid-1
---ebpf-pid----448783----pid-448783
---ebpf-pid----448783----pid-448520
---ebpf-pid----448783----pid-1
---ebpf-pid----448783----pid-448783
---ebpf-pid----448783----pid-448520
---ebpf-pid----448783----pid-1
---ebpf-pid----448783----pid-448783
---ebpf-pid----448783----pid-448520
---ebpf-pid----448783----pid-1
---ebpf-pid----448783----pid-448783
---ebpf-pid----448783----pid-448520
---ebpf-pid----448783----pid-1
---ebpf-pid----448783----pid-448783
---ebpf-pid----448783----pid-448520
---ebpf-pid----448783----pid-1
---ebpf-pid----448783----pid-448783
---ebpf-pid----448783----pid-448520
---ebpf-pid----448783----pid-1
---ebpf-pid----448783----pid-448783
---ebpf-pid----448783----pid-448520
---ebpf-pid----448783----pid-1
---ebpf-pid----448783----pid-448783
---ebpf-pid----448783----pid-448520
---ebpf-pid----448783----pid-1
---ebpf-pid----15----pid-15
---ebpf-pid----15----pid-2
---ebpf-pid----448783----pid-448783
---ebpf-pid----448783----pid-448520
---ebpf-pid----448783----pid-1
---ebpf-pid----448783----pid-448783
---ebpf-pid----448783----pid-448520
---ebpf-pid----448783----pid-1
---ebpf-pid----448783----pid-448783
---ebpf-pid----448783----pid-448520
---ebpf-pid----448783----pid-1
---ebpf-pid----448783----pid-448783
---ebpf-pid----448783----pid-448520
---ebpf-pid----448783----pid-1
---ebpf-pid----448783----pid-448783
---ebpf-pid----448783----pid-448520
---ebpf-pid----448783----pid-1
---ebpf-pid----448783----pid-448783
---ebpf-pid----448783----pid-448520
---ebpf-pid----448783----pid-1
---ebpf-pid----448783----pid-448783
---ebpf-pid----448783----pid-448520
---ebpf-pid----448783----pid-1
---ebpf-pid----448783----pid-448783
---ebpf-pid----448783----pid-448520
---ebpf-pid----448783----pid-1
---ebpf-pid----448783----pid-448783
---ebpf-pid----448783----pid-448520
---ebpf-pid----448783----pid-1
---ebpf-pid----448783----pid-448783
---ebpf-pid----448783----pid-448520
---ebpf-pid----448783----pid-1
---ebpf-pid----448783----pid-448783
---ebpf-pid----448783----pid-448520
---ebpf-pid----448783----pid-1
---ebpf-pid----448783----pid-448783
---ebpf-pid----448783----pid-448520
---ebpf-pid----448783----pid-1
---ebpf-pid----448783----pid-448783
---ebpf-pid----448783----pid-448520
---ebpf-pid----448783----pid-1
---ebpf-pid----448783----pid-448783
---ebpf-pid----448783----pid-448520
---ebpf-pid----448783----pid-1
---ebpf-pid----448783----pid-448783
---ebpf-pid----448783----pid-448520
---ebpf-pid----448783----pid-1
---ebpf-pid----448783----pid-448783
---ebpf-pid----448783----pid-448520
---ebpf-pid----448783----pid-1
---ebpf-pid----448783----pid-448783
---ebpf-pid----448783----pid-448520
---ebpf-pid----448783----pid-1
---ebpf-pid----448783----pid-448783
---ebpf-pid----448783----pid-448520
---ebpf-pid----448783----pid-1
---ebpf-pid----448783----pid-448783
---ebpf-pid----448783----pid-448520
---ebpf-pid----448783----pid-1
---ebpf-pid----448783----pid-448783
---ebpf-pid----448783----pid-448520
---ebpf-pid----448783----pid-1
---ebpf-pid----448783----pid-448783
---ebpf-pid----448783----pid-448520
---ebpf-pid----448783----pid-1
---ebpf-pid----448783----pid-448783
---ebpf-pid----448783----pid-448520
---ebpf-pid----448783----pid-1
---ebpf-pid----448783----pid-448783
---ebpf-pid----448783----pid-448520
---ebpf-pid----448783----pid-1
---ebpf-pid----448783----pid-448783
---ebpf-pid----448783----pid-448520
---ebpf-pid----448783----pid-1
---ebpf-pid----448783----pid-448783
---ebpf-pid----448783----pid-448520
---ebpf-pid----448783----pid-1
---ebpf-pid----448783----pid-448783
---ebpf-pid----448783----pid-448520
---ebpf-pid----448783----pid-1
---ebpf-pid----448783----pid-448783
---ebpf-pid----448783----pid-448520
---ebpf-pid----448783----pid-1
---ebpf-pid----448783----pid-448783
---ebpf-pid----448783----pid-448520
---ebpf-pid----448783----pid-1
---ebpf-pid----448783----pid-448783
---ebpf-pid----448783----pid-448520
---ebpf-pid----448783----pid-1
---ebpf-pid----448783----pid-448783
---ebpf-pid----448783----pid-448520
---ebpf-pid----448783----pid-1
---ebpf-pid----448783----pid-448783
---ebpf-pid----448783----pid-448520
---ebpf-pid----448783----pid-1
---ebpf-pid----448783----pid-448783
---ebpf-pid----448783----pid-448520
---ebpf-pid----448783----pid-1
---ebpf-pid----448783----pid-448783
---ebpf-pid----448783----pid-448520
---ebpf-pid----448783----pid-1
---ebpf-pid----448783----pid-448783
---ebpf-pid----448783----pid-448520
---ebpf-pid----448783----pid-1
---ebpf-pid----448783----pid-448783
---ebpf-pid----448783----pid-448520
---ebpf-pid----448783----pid-1
---ebpf-pid----448783----pid-448783
---ebpf-pid----448783----pid-448520
---ebpf-pid----448783----pid-1
---ebpf-pid----448783----pid-448783
---ebpf-pid----448783----pid-448520
---ebpf-pid----448783----pid-1
---ebpf-pid----448783----pid-448783
---ebpf-pid----448783----pid-448520
---ebpf-pid----448783----pid-1
---ebpf-pid----448783----pid-448783
---ebpf-pid----448783----pid-448520
---ebpf-pid----448783----pid-1
---ebpf-pid----448783----pid-448783
---ebpf-pid----448783----pid-448520
---ebpf-pid----448783----pid-1
---ebpf-pid----448783----pid-448783
---ebpf-pid----448783----pid-448520
---ebpf-pid----448783----pid-1
---ebpf-pid----448783----pid-448783
---ebpf-pid----448783----pid-448520
---ebpf-pid----448783----pid-1
---ebpf-pid----448783----pid-448783
---ebpf-pid----448783----pid-448520
---ebpf-pid----448783----pid-1
---ebpf-pid----448783----pid-448783
---ebpf-pid----448783----pid-448520
---ebpf-pid----448783----pid-1
---ebpf-pid----6671----pid-6671
---ebpf-pid----6671----pid-5476
---ebpf-pid----6671----pid-1
---ebpf-pid----6671----pid-6671
---ebpf-pid----6671----pid-5476
---ebpf-pid----6671----pid-1
---ebpf-pid----6671----pid-6671
---ebpf-pid----6671----pid-5476
---ebpf-pid----6671----pid-1
---ebpf-pid----5705----pid-5705
---ebpf-pid----5705----pid-5476
---ebpf-pid----5705----pid-1
---ebpf-pid----6671----pid-6671
---ebpf-pid----6671----pid-5476
---ebpf-pid----6671----pid-1
---ebpf-pid----6671----pid-6671
---ebpf-pid----6671----pid-5476
---ebpf-pid----6671----pid-1
---ebpf-pid----5705----pid-5705
---ebpf-pid----5705----pid-5476
---ebpf-pid----5705----pid-1
---ebpf-pid----5705----pid-5705
---ebpf-pid----5705----pid-5476
---ebpf-pid----5705----pid-1
---ebpf-pid----5705----pid-5705
---ebpf-pid----5705----pid-5476
---ebpf-pid----5705----pid-1
---ebpf-pid----5705----pid-5705
---ebpf-pid----5705----pid-5476
---ebpf-pid----5705----pid-1
---ebpf-pid----5705----pid-5705
---ebpf-pid----5705----pid-5476
---ebpf-pid----5705----pid-1
---ebpf-pid----5705----pid-5705
---ebpf-pid----5705----pid-5476
---ebpf-pid----5705----pid-1
---ebpf-pid----5705----pid-5705
---ebpf-pid----5705----pid-5476
---ebpf-pid----5705----pid-1
---ebpf-pid----5705----pid-5705
---ebpf-pid----5705----pid-5476
---ebpf-pid----5705----pid-1
---ebpf-pid----5705----pid-5705
---ebpf-pid----5705----pid-5476
---ebpf-pid----5705----pid-1
---ebpf-pid----5705----pid-5705
---ebpf-pid----5705----pid-5476
---ebpf-pid----5705----pid-1
---ebpf-pid----5705----pid-5705
---ebpf-pid----5705----pid-5476
---ebpf-pid----5705----pid-1
---ebpf-pid----5705----pid-5705
---ebpf-pid----5705----pid-5476
---ebpf-pid----5705----pid-1
---ebpf-pid----5705----pid-5705
---ebpf-pid----5705----pid-5476
---ebpf-pid----5705----pid-1
---ebpf-pid----5705----pid-5705
---ebpf-pid----5705----pid-5476
---ebpf-pid----5705----pid-1
---ebpf-pid----5705----pid-5705
---ebpf-pid----5705----pid-5476
---ebpf-pid----5705----pid-1
---ebpf-pid----5705----pid-5705
---ebpf-pid----5705----pid-5476
---ebpf-pid----5705----pid-1
---ebpf-pid----5705----pid-5705
---ebpf-pid----5705----pid-5476
---ebpf-pid----5705----pid-1
---ebpf-pid----5705----pid-5705
---ebpf-pid----5705----pid-5476
---ebpf-pid----5705----pid-1
---ebpf-pid----5705----pid-5705
---ebpf-pid----5705----pid-5476
---ebpf-pid----5705----pid-1
---ebpf-pid----5705----pid-5705
---ebpf-pid----5705----pid-5476
---ebpf-pid----5705----pid-1
---ebpf-pid----5705----pid-5705
---ebpf-pid----5705----pid-5476
---ebpf-pid----5705----pid-1
---ebpf-pid----5705----pid-5705
---ebpf-pid----5705----pid-5476
---ebpf-pid----5705----pid-1
---ebpf-pid----5705----pid-5705
---ebpf-pid----5705----pid-5476
---ebpf-pid----5705----pid-1
---ebpf-pid----5705----pid-5705
---ebpf-pid----5705----pid-5476
---ebpf-pid----5705----pid-1
---ebpf-pid----5705----pid-5705
---ebpf-pid----5705----pid-5476
---ebpf-pid----5705----pid-1
---ebpf-pid----5705----pid-5705
---ebpf-pid----5705----pid-5476
---ebpf-pid----5705----pid-1
---ebpf-pid----5705----pid-5705
---ebpf-pid----5705----pid-5476
---ebpf-pid----5705----pid-1
---ebpf-pid----5705----pid-5705
---ebpf-pid----5705----pid-5476
---ebpf-pid----5705----pid-1
---ebpf-pid----5705----pid-5705
---ebpf-pid----5705----pid-5476
---ebpf-pid----5705----pid-1
---ebpf-pid----5705----pid-5705
---ebpf-pid----5705----pid-5476
---ebpf-pid----5705----pid-1
---ebpf-pid----5705----pid-5705
---ebpf-pid----5705----pid-5476
---ebpf-pid----5705----pid-1
---ebpf-pid----5705----pid-5705
---ebpf-pid----5705----pid-5476
---ebpf-pid----5705----pid-1
---ebpf-pid----5705----pid-5705
---ebpf-pid----5705----pid-5476
---ebpf-pid----5705----pid-1
---ebpf-pid----5705----pid-5705
---ebpf-pid----5705----pid-5476
---ebpf-pid----5705----pid-1
---ebpf-pid----5705----pid-5705
---ebpf-pid----5705----pid-5476
---ebpf-pid----5705----pid-1
---ebpf-pid----5705----pid-5705
---ebpf-pid----5705----pid-5476
---ebpf-pid----5705----pid-1
---ebpf-pid----5705----pid-5705
---ebpf-pid----5705----pid-5476
---ebpf-pid----5705----pid-1
---ebpf-pid----5705----pid-5705
---ebpf-pid----5705----pid-5476
---ebpf-pid----5705----pid-1
---ebpf-pid----5705----pid-5705
---ebpf-pid----5705----pid-5476
---ebpf-pid----5705----pid-1
---ebpf-pid----5705----pid-5705
---ebpf-pid----5705----pid-5476
---ebpf-pid----5705----pid-1
---ebpf-pid----5705----pid-5705
---ebpf-pid----5705----pid-5476
---ebpf-pid----5705----pid-1
---ebpf-pid----5705----pid-5705
---ebpf-pid----5705----pid-5476
---ebpf-pid----5705----pid-1
---ebpf-pid----5705----pid-5705
---ebpf-pid----5705----pid-5476
---ebpf-pid----5705----pid-1
---ebpf-pid----5705----pid-5705
---ebpf-pid----5705----pid-5476
---ebpf-pid----5705----pid-1
---ebpf-pid----5705----pid-5705
---ebpf-pid----5705----pid-5476
---ebpf-pid----5705----pid-1
---ebpf-pid----5705----pid-5705
---ebpf-pid----5705----pid-5476
---ebpf-pid----5705----pid-1
---ebpf-pid----5705----pid-5705
---ebpf-pid----5705----pid-5476
---ebpf-pid----5705----pid-1
---ebpf-pid----5705----pid-5705
---ebpf-pid----5705----pid-5476
---ebpf-pid----5705----pid-1
---ebpf-pid----5705----pid-5705
---ebpf-pid----5705----pid-5476
---ebpf-pid----5705----pid-1
---ebpf-pid----5705----pid-5705
---ebpf-pid----5705----pid-5476
---ebpf-pid----5705----pid-1
---ebpf-pid----5705----pid-5705
---ebpf-pid----5705----pid-5476
---ebpf-pid----5705----pid-1
---ebpf-pid----5705----pid-5705
---ebpf-pid----5705----pid-5476
---ebpf-pid----5705----pid-1
---ebpf-pid----5705----pid-5705
---ebpf-pid----5705----pid-5476
---ebpf-pid----5705----pid-1
---ebpf-pid----5705----pid-5705
---ebpf-pid----5705----pid-5476
---ebpf-pid----5705----pid-1
---ebpf-pid----5705----pid-5705
---ebpf-pid----5705----pid-5476
---ebpf-pid----5705----pid-1
---ebpf-pid----5705----pid-5705
---ebpf-pid----5705----pid-5476
---ebpf-pid----5705----pid-1
---ebpf-pid----5705----pid-5705
---ebpf-pid----5705----pid-5476
---ebpf-pid----5705----pid-1
---ebpf-pid----5705----pid-5705
---ebpf-pid----5705----pid-5476
---ebpf-pid----5705----pid-1
---ebpf-pid----5705----pid-5705
---ebpf-pid----5705----pid-5476
---ebpf-pid----5705----pid-1
---ebpf-pid----5705----pid-5705
---ebpf-pid----5705----pid-5476
---ebpf-pid----5705----pid-1
---ebpf-pid----5705----pid-5705
---ebpf-pid----5705----pid-5476
---ebpf-pid----5705----pid-1
---ebpf-pid----5705----pid-5705
---ebpf-pid----5705----pid-5476
---ebpf-pid----5705----pid-1
---ebpf-pid----5705----pid-5705
---ebpf-pid----5705----pid-5476
---ebpf-pid----5705----pid-1
---ebpf-pid----5705----pid-5705
---ebpf-pid----5705----pid-5476
---ebpf-pid----5705----pid-1
---ebpf-pid----5705----pid-5705
---ebpf-pid----5705----pid-5476
---ebpf-pid----5705----pid-1
---ebpf-pid----5705----pid-5705
---ebpf-pid----5705----pid-5476
---ebpf-pid----5705----pid-1
---ebpf-pid----5705----pid-5705
---ebpf-pid----5705----pid-5476
---ebpf-pid----5705----pid-1
---ebpf-pid----5705----pid-5705
---ebpf-pid----5705----pid-5476
---ebpf-pid----5705----pid-1
---ebpf-pid----5705----pid-5705
---ebpf-pid----5705----pid-5476
---ebpf-pid----5705----pid-1
---ebpf-pid----5705----pid-5705
---ebpf-pid----5705----pid-5476
---ebpf-pid----5705----pid-1
---ebpf-pid----5705----pid-5705
---ebpf-pid----5705----pid-5476
---ebpf-pid----5705----pid-1
---ebpf-pid----5705----pid-5705
---ebpf-pid----5705----pid-5476
---ebpf-pid----5705----pid-1
---ebpf-pid----5705----pid-5705
---ebpf-pid----5705----pid-5476
---ebpf-pid----5705----pid-1
---ebpf-pid----5705----pid-5705
---ebpf-pid----5705----pid-5476
---ebpf-pid----5705----pid-1
---ebpf-pid----5705----pid-5705
---ebpf-pid----5705----pid-5476
---ebpf-pid----5705----pid-1
---ebpf-pid----5705----pid-5705
---ebpf-pid----5705----pid-5476
---ebpf-pid----5705----pid-1
---ebpf-pid----5705----pid-5705
---ebpf-pid----5705----pid-5476
---ebpf-pid----5705----pid-1
---ebpf-pid----5705----pid-5705
---ebpf-pid----5705----pid-5476
---ebpf-pid----5705----pid-1
---ebpf-pid----5705----pid-5705
---ebpf-pid----5705----pid-5476
---ebpf-pid----5705----pid-1
---ebpf-pid----5705----pid-5705
---ebpf-pid----5705----pid-5476
---ebpf-pid----5705----pid-1
---ebpf-pid----5705----pid-5705
---ebpf-pid----5705----pid-5476
---ebpf-pid----5705----pid-1
---ebpf-pid----5705----pid-5705
---ebpf-pid----5705----pid-5476
---ebpf-pid----5705----pid-1
---ebpf-pid----5705----pid-5705
---ebpf-pid----5705----pid-5476
---ebpf-pid----5705----pid-1
---ebpf-pid----5705----pid-5705
---ebpf-pid----5705----pid-5476
---ebpf-pid----5705----pid-1
---ebpf-pid----5705----pid-5705
---ebpf-pid----5705----pid-5476
---ebpf-pid----5705----pid-1
---ebpf-pid----5705----pid-5705
---ebpf-pid----5705----pid-5476
---ebpf-pid----5705----pid-1
---ebpf-pid----5705----pid-5705
---ebpf-pid----5705----pid-5476
---ebpf-pid----5705----pid-1
---ebpf-pid----5705----pid-5705
---ebpf-pid----5705----pid-5476
---ebpf-pid----5705----pid-1
---ebpf-pid----5705----pid-5705
---ebpf-pid----5705----pid-5476
---ebpf-pid----5705----pid-1
---ebpf-pid----5705----pid-5705
---ebpf-pid----5705----pid-5476
---ebpf-pid----5705----pid-1
---ebpf-pid----5705----pid-5705
---ebpf-pid----5705----pid-5476
---ebpf-pid----5705----pid-1
---ebpf-pid----5705----pid-5705
---ebpf-pid----5705----pid-5476
---ebpf-pid----5705----pid-1
---ebpf-pid----5705----pid-5705
---ebpf-pid----5705----pid-5476
---ebpf-pid----5705----pid-1
---ebpf-pid----5705----pid-5705
---ebpf-pid----5705----pid-5476
---ebpf-pid----5705----pid-1
---ebpf-pid----5705----pid-5705
---ebpf-pid----5705----pid-5476
---ebpf-pid----5705----pid-1
---ebpf-pid----5705----pid-5705
---ebpf-pid----5705----pid-5476
---ebpf-pid----5705----pid-1
---ebpf-pid----5705----pid-5705
---ebpf-pid----5705----pid-5476
---ebpf-pid----5705----pid-1
---ebpf-pid----5705----pid-5705
---ebpf-pid----5705----pid-5476
---ebpf-pid----5705----pid-1
---ebpf-pid----5705----pid-5705
---ebpf-pid----5705----pid-5476
---ebpf-pid----5705----pid-1
---ebpf-pid----5705----pid-5705
---ebpf-pid----5705----pid-5476
---ebpf-pid----5705----pid-1
---ebpf-pid----6671----pid-6671
---ebpf-pid----6671----pid-5476
---ebpf-pid----6671----pid-1
---ebpf-pid----6671----pid-6671
---ebpf-pid----6671----pid-5476
---ebpf-pid----6671----pid-1
---ebpf-pid----5705----pid-5705
---ebpf-pid----5705----pid-5476
---ebpf-pid----5705----pid-1
---ebpf-pid----5705----pid-5705
---ebpf-pid----5705----pid-5476
---ebpf-pid----5705----pid-1
---ebpf-pid----5705----pid-5705
---ebpf-pid----5705----pid-5476
---ebpf-pid----5705----pid-1
---ebpf-pid----379067----pid-379067
---ebpf-pid----379067----pid-5476
---ebpf-pid----379067----pid-1
---ebpf-pid----6671----pid-6671
---ebpf-pid----6671----pid-5476
---ebpf-pid----6671----pid-1
---ebpf-pid----6671----pid-6671
---ebpf-pid----6671----pid-5476
---ebpf-pid----6671----pid-1
---ebpf-pid----6671----pid-6671
---ebpf-pid----6671----pid-5476
---ebpf-pid----6671----pid-1
---ebpf-pid----6671----pid-6671
---ebpf-pid----6671----pid-5476
---ebpf-pid----6671----pid-1
---ebpf-pid----6671----pid-6671
---ebpf-pid----6671----pid-5476
---ebpf-pid----6671----pid-1
---ebpf-pid----6671----pid-6671
---ebpf-pid----6671----pid-5476
---ebpf-pid----6671----pid-1
---ebpf-pid----6671----pid-6671
---ebpf-pid----6671----pid-5476
---ebpf-pid----6671----pid-1
---ebpf-pid----6671----pid-6671
---ebpf-pid----6671----pid-5476
---ebpf-pid----6671----pid-1
---ebpf-pid----6671----pid-6671
---ebpf-pid----6671----pid-5476
---ebpf-pid----6671----pid-1
---ebpf-pid----6671----pid-6671
---ebpf-pid----6671----pid-5476
---ebpf-pid----6671----pid-1
---ebpf-pid----6671----pid-6671
---ebpf-pid----6671----pid-5476
---ebpf-pid----6671----pid-1
---ebpf-pid----6671----pid-6671
---ebpf-pid----6671----pid-5476
---ebpf-pid----6671----pid-1
---ebpf-pid----6671----pid-6671
---ebpf-pid----6671----pid-5476
---ebpf-pid----6671----pid-1
---ebpf-pid----6671----pid-6671
---ebpf-pid----6671----pid-5476
---ebpf-pid----6671----pid-1
---ebpf-pid----6671----pid-6671
---ebpf-pid----6671----pid-5476
---ebpf-pid----6671----pid-1
---ebpf-pid----6671----pid-6671
---ebpf-pid----6671----pid-5476
---ebpf-pid----6671----pid-1
---ebpf-pid----6671----pid-6671
---ebpf-pid----6671----pid-5476
---ebpf-pid----6671----pid-1
---ebpf-pid----6671----pid-6671
---ebpf-pid----6671----pid-5476
---ebpf-pid----6671----pid-1
---ebpf-pid----6671----pid-6671
---ebpf-pid----6671----pid-5476
---ebpf-pid----6671----pid-1
---ebpf-pid----6671----pid-6671
---ebpf-pid----6671----pid-5476
---ebpf-pid----6671----pid-1
---ebpf-pid----6671----pid-6671
---ebpf-pid----6671----pid-5476
---ebpf-pid----6671----pid-1
---ebpf-pid----6671----pid-6671
---ebpf-pid----6671----pid-5476
---ebpf-pid----6671----pid-1
---ebpf-pid----2089----pid-2089
---ebpf-pid----2089----pid-1
---ebpf-pid----2089----pid-2089
---ebpf-pid----2089----pid-1
---ebpf-pid----2089----pid-2089
---ebpf-pid----2089----pid-1
---ebpf-pid----6671----pid-6671
---ebpf-pid----6671----pid-5476
---ebpf-pid----6671----pid-1
---ebpf-pid----6671----pid-6671
---ebpf-pid----6671----pid-5476
---ebpf-pid----6671----pid-1
---ebpf-pid----6671----pid-6671
---ebpf-pid----6671----pid-5476
---ebpf-pid----6671----pid-1
---ebpf-pid----6671----pid-6671
---ebpf-pid----6671----pid-5476
---ebpf-pid----6671----pid-1
---ebpf-pid----6671----pid-6671
---ebpf-pid----6671----pid-5476
---ebpf-pid----6671----pid-1
---ebpf-pid----6671----pid-6671
---ebpf-pid----6671----pid-5476
---ebpf-pid----6671----pid-1
---ebpf-pid----6671----pid-6671
---ebpf-pid----6671----pid-5476
---ebpf-pid----6671----pid-1
---ebpf-pid----2094----pid-2094
---ebpf-pid----2094----pid-1
---ebpf-pid----2094----pid-2094
---ebpf-pid----2094----pid-1
---ebpf-pid----2012----pid-2012
---ebpf-pid----2012----pid-1
---ebpf-pid----2094----pid-2094
---ebpf-pid----2094----pid-1
---ebpf-pid----2094----pid-2094
---ebpf-pid----2094----pid-1
---ebpf-pid----2094----pid-2094
---ebpf-pid----2094----pid-1
---ebpf-pid----2094----pid-2094
---ebpf-pid----2094----pid-1
---ebpf-pid----2094----pid-2094
---ebpf-pid----2094----pid-1
---ebpf-pid----2094----pid-2094
---ebpf-pid----2094----pid-1
---ebpf-pid----2094----pid-2094
---ebpf-pid----2094----pid-1
---ebpf-pid----6671----pid-6671
---ebpf-pid----6671----pid-5476
---ebpf-pid----6671----pid-1
---ebpf-pid----6671----pid-6671
---ebpf-pid----6671----pid-5476
---ebpf-pid----6671----pid-1
---ebpf-pid----5705----pid-5705
---ebpf-pid----5705----pid-5476
---ebpf-pid----5705----pid-1
---ebpf-pid----5705----pid-5705
---ebpf-pid----5705----pid-5476
---ebpf-pid----5705----pid-1
---ebpf-pid----6671----pid-6671
---ebpf-pid----6671----pid-5476
---ebpf-pid----6671----pid-1
---ebpf-pid----6671----pid-6671
---ebpf-pid----6671----pid-5476
---ebpf-pid----6671----pid-1
---ebpf-pid----5705----pid-5705
---ebpf-pid----5705----pid-5476
---ebpf-pid----5705----pid-1
---ebpf-pid----5705----pid-5705
---ebpf-pid----5705----pid-5476
---ebpf-pid----5705----pid-1
---ebpf-pid----5705----pid-5705
---ebpf-pid----5705----pid-5476
---ebpf-pid----5705----pid-1
---ebpf-pid----379067----pid-379067
---ebpf-pid----379067----pid-5476
---ebpf-pid----379067----pid-1
---ebpf-pid----379067----pid-379067
---ebpf-pid----379067----pid-5476
---ebpf-pid----379067----pid-1
---ebpf-pid----379067----pid-379067
---ebpf-pid----379067----pid-5476
---ebpf-pid----379067----pid-1
---ebpf-pid----379067----pid-379067
---ebpf-pid----379067----pid-5476
---ebpf-pid----379067----pid-1
---ebpf-pid----379067----pid-379067
---ebpf-pid----379067----pid-5476
---ebpf-pid----379067----pid-1
---ebpf-pid----5705----pid-5705
---ebpf-pid----5705----pid-5476
---ebpf-pid----5705----pid-1
---ebpf-pid----5705----pid-5705
---ebpf-pid----5705----pid-5476
---ebpf-pid----5705----pid-1
---ebpf-pid----5705----pid-5705
---ebpf-pid----5705----pid-5476
---ebpf-pid----5705----pid-1
---ebpf-pid----379067----pid-379067
---ebpf-pid----379067----pid-5476
---ebpf-pid----379067----pid-1
---ebpf-pid----379067----pid-379067
---ebpf-pid----379067----pid-5476
---ebpf-pid----379067----pid-1
---ebpf-pid----5705----pid-5705
---ebpf-pid----5705----pid-5476
---ebpf-pid----5705----pid-1
---ebpf-pid----5705----pid-5705
---ebpf-pid----5705----pid-5476
---ebpf-pid----5705----pid-1
---ebpf-pid----379067----pid-379067
---ebpf-pid----379067----pid-5476
---ebpf-pid----379067----pid-1
---ebpf-pid----379067----pid-379067
---ebpf-pid----379067----pid-5476
---ebpf-pid----379067----pid-1
---ebpf-pid----5705----pid-5705
---ebpf-pid----5705----pid-5476
---ebpf-pid----5705----pid-1
---ebpf-pid----5705----pid-5705
---ebpf-pid----5705----pid-5476
---ebpf-pid----5705----pid-1
---ebpf-pid----5705----pid-5705
---ebpf-pid----5705----pid-5476
---ebpf-pid----5705----pid-1
---ebpf-pid----379067----pid-379067
---ebpf-pid----379067----pid-5476
---ebpf-pid----379067----pid-1
---ebpf-pid----379067----pid-379067
---ebpf-pid----379067----pid-5476
---ebpf-pid----379067----pid-1
---ebpf-pid----379067----pid-379067
---ebpf-pid----379067----pid-5476
---ebpf-pid----379067----pid-1
---ebpf-pid----379067----pid-379067
---ebpf-pid----379067----pid-5476
---ebpf-pid----379067----pid-1
---ebpf-pid----5705----pid-5705
---ebpf-pid----5705----pid-5476
---ebpf-pid----5705----pid-1
---ebpf-pid----5705----pid-5705
---ebpf-pid----5705----pid-5476
---ebpf-pid----5705----pid-1
---ebpf-pid----379067----pid-379067
---ebpf-pid----379067----pid-5476
---ebpf-pid----379067----pid-1
---ebpf-pid----379067----pid-379067
---ebpf-pid----379067----pid-5476
---ebpf-pid----379067----pid-1
---ebpf-pid----5705----pid-5705
---ebpf-pid----5705----pid-5476
---ebpf-pid----5705----pid-1
---ebpf-pid----5705----pid-5705
---ebpf-pid----5705----pid-5476
---ebpf-pid----5705----pid-1
---ebpf-pid----5705----pid-5705
---ebpf-pid----5705----pid-5476
---ebpf-pid----5705----pid-1
---ebpf-pid----379067----pid-379067
---ebpf-pid----379067----pid-5476
---ebpf-pid----379067----pid-1
---ebpf-pid----379067----pid-379067
---ebpf-pid----379067----pid-5476
---ebpf-pid----379067----pid-1
---ebpf-pid----5705----pid-5705
---ebpf-pid----5705----pid-5476
---ebpf-pid----5705----pid-1
---ebpf-pid----379067----pid-379067
---ebpf-pid----379067----pid-5476
---ebpf-pid----379067----pid-1
---ebpf-pid----379067----pid-379067
---ebpf-pid----379067----pid-5476
---ebpf-pid----379067----pid-1
---ebpf-pid----379067----pid-379067
---ebpf-pid----379067----pid-5476
---ebpf-pid----379067----pid-1
---ebpf-pid----379067----pid-379067
---ebpf-pid----379067----pid-5476
---ebpf-pid----379067----pid-1
---ebpf-pid----379067----pid-379067
---ebpf-pid----379067----pid-5476
---ebpf-pid----379067----pid-1
---ebpf-pid----5703----pid-5703
---ebpf-pid----5703----pid-5476
---ebpf-pid----5703----pid-1
---ebpf-pid----379067----pid-379067
---ebpf-pid----379067----pid-5476
---ebpf-pid----379067----pid-1
---ebpf-pid----379067----pid-379067
---ebpf-pid----379067----pid-5476
---ebpf-pid----379067----pid-1
---ebpf-pid----5705----pid-5705
---ebpf-pid----5705----pid-5476
---ebpf-pid----5705----pid-1
---ebpf-pid----6671----pid-6671
---ebpf-pid----6671----pid-5476
---ebpf-pid----6671----pid-1
---ebpf-pid----6671----pid-6671
---ebpf-pid----6671----pid-5476
---ebpf-pid----6671----pid-1
---ebpf-pid----6671----pid-6671
---ebpf-pid----6671----pid-5476
---ebpf-pid----6671----pid-1
---ebpf-pid----6671----pid-6671
---ebpf-pid----6671----pid-5476
---ebpf-pid----6671----pid-1
---ebpf-pid----379067----pid-379067
---ebpf-pid----379067----pid-5476
---ebpf-pid----379067----pid-1
---ebpf-pid----379067----pid-379067
---ebpf-pid----379067----pid-5476
---ebpf-pid----379067----pid-1
---ebpf-pid----379067----pid-379067
---ebpf-pid----379067----pid-5476
---ebpf-pid----379067----pid-1
---ebpf-pid----5705----pid-5705
---ebpf-pid----5705----pid-5476
---ebpf-pid----5705----pid-1
---ebpf-pid----379067----pid-379067
---ebpf-pid----379067----pid-5476
---ebpf-pid----379067----pid-1
---ebpf-pid----379067----pid-379067
---ebpf-pid----379067----pid-5476
---ebpf-pid----379067----pid-1
---ebpf-pid----379067----pid-379067
---ebpf-pid----379067----pid-5476
---ebpf-pid----379067----pid-1
---ebpf-pid----5705----pid-5705
---ebpf-pid----5705----pid-5476
---ebpf-pid----5705----pid-1
---ebpf-pid----379067----pid-379067
---ebpf-pid----379067----pid-5476
---ebpf-pid----379067----pid-1
---ebpf-pid----379067----pid-379067
---ebpf-pid----379067----pid-5476
---ebpf-pid----379067----pid-1
---ebpf-pid----379067----pid-379067
---ebpf-pid----379067----pid-5476
---ebpf-pid----379067----pid-1
---ebpf-pid----379067----pid-379067
---ebpf-pid----379067----pid-5476
---ebpf-pid----379067----pid-1
---ebpf-pid----379067----pid-379067
---ebpf-pid----379067----pid-5476
---ebpf-pid----379067----pid-1
---ebpf-pid----379067----pid-379067
---ebpf-pid----379067----pid-5476
---ebpf-pid----379067----pid-1
---ebpf-pid----379067----pid-379067
---ebpf-pid----379067----pid-5476
---ebpf-pid----379067----pid-1
---ebpf-pid----379067----pid-379067
---ebpf-pid----379067----pid-5476
---ebpf-pid----379067----pid-1
---ebpf-pid----379067----pid-379067
---ebpf-pid----379067----pid-5476
---ebpf-pid----379067----pid-1
---ebpf-pid----6671----pid-6671
---ebpf-pid----6671----pid-5476
---ebpf-pid----6671----pid-1
---ebpf-pid----6671----pid-6671
---ebpf-pid----6671----pid-5476
---ebpf-pid----6671----pid-1
---ebpf-pid----6671----pid-6671
---ebpf-pid----6671----pid-5476
---ebpf-pid----6671----pid-1
---ebpf-pid----6671----pid-6671
---ebpf-pid----6671----pid-5476
---ebpf-pid----6671----pid-1
---ebpf-pid----6671----pid-6671
---ebpf-pid----6671----pid-5476
---ebpf-pid----6671----pid-1
---ebpf-pid----2088----pid-2088
---ebpf-pid----2088----pid-1
---ebpf-pid----6671----pid-6671
---ebpf-pid----6671----pid-5476
---ebpf-pid----6671----pid-1
---ebpf-pid----6671----pid-6671
---ebpf-pid----6671----pid-5476
---ebpf-pid----6671----pid-1
---ebpf-pid----6671----pid-6671
---ebpf-pid----6671----pid-5476
---ebpf-pid----6671----pid-1
---ebpf-pid----6671----pid-6671
---ebpf-pid----6671----pid-5476
---ebpf-pid----6671----pid-1
---ebpf-pid----6671----pid-6671
---ebpf-pid----6671----pid-5476
---ebpf-pid----6671----pid-1
---ebpf-pid----379067----pid-379067
---ebpf-pid----379067----pid-5476
---ebpf-pid----379067----pid-1
---ebpf-pid----379067----pid-379067
---ebpf-pid----379067----pid-5476
---ebpf-pid----379067----pid-1
---ebpf-pid----2088----pid-2088
---ebpf-pid----2088----pid-1
---ebpf-pid----6671----pid-6671
---ebpf-pid----6671----pid-5476
---ebpf-pid----6671----pid-1
---ebpf-pid----6671----pid-6671
---ebpf-pid----6671----pid-5476
---ebpf-pid----6671----pid-1
---ebpf-pid----6671----pid-6671
---ebpf-pid----6671----pid-5476
---ebpf-pid----6671----pid-1
---ebpf-pid----6671----pid-6671
---ebpf-pid----6671----pid-5476
---ebpf-pid----6671----pid-1
---ebpf-pid----378284----pid-378284
---ebpf-pid----378284----pid-5476
---ebpf-pid----378284----pid-1
---ebpf-pid----378284----pid-378284
---ebpf-pid----378284----pid-5476
---ebpf-pid----378284----pid-1
---ebpf-pid----378284----pid-378284
---ebpf-pid----378284----pid-5476
---ebpf-pid----378284----pid-1
---ebpf-pid----378284----pid-378284
---ebpf-pid----378284----pid-5476
---ebpf-pid----378284----pid-1
---ebpf-pid----378284----pid-378284
---ebpf-pid----378284----pid-5476
---ebpf-pid----378284----pid-1
---ebpf-pid----378284----pid-378284
---ebpf-pid----378284----pid-5476
---ebpf-pid----378284----pid-1
---ebpf-pid----378284----pid-378284
---ebpf-pid----378284----pid-5476
---ebpf-pid----378284----pid-1
---ebpf-pid----378284----pid-378284
---ebpf-pid----378284----pid-5476
---ebpf-pid----378284----pid-1
---ebpf-pid----378284----pid-378284
---ebpf-pid----378284----pid-5476
---ebpf-pid----378284----pid-1
---ebpf-pid----448522----pid-448522
---ebpf-pid----448522----pid-1
---ebpf-pid----5705----pid-5705
---ebpf-pid----5705----pid-5476
---ebpf-pid----5705----pid-1
---ebpf-pid----5705----pid-5705
---ebpf-pid----5705----pid-5476
---ebpf-pid----5705----pid-1
---ebpf-pid----5705----pid-5705
---ebpf-pid----5705----pid-5476
---ebpf-pid----5705----pid-1
---ebpf-pid----5637----pid-5637
---ebpf-pid----5637----pid-1
---ebpf-pid----7313----pid-7313
---ebpf-pid----7313----pid-1
---ebpf-pid----448522----pid-448522
---ebpf-pid----448522----pid-1
---ebpf-pid----5705----pid-5705
---ebpf-pid----5705----pid-5476
---ebpf-pid----5705----pid-1
---ebpf-pid----294----pid-294
---ebpf-pid----294----pid-2
---ebpf-pid----379067----pid-379067
---ebpf-pid----379067----pid-5476
---ebpf-pid----379067----pid-1
---ebpf-pid----379067----pid-379067
---ebpf-pid----379067----pid-5476
---ebpf-pid----379067----pid-1
---ebpf-pid----379067----pid-379067
---ebpf-pid----379067----pid-5476
---ebpf-pid----379067----pid-1
---ebpf-pid----379067----pid-379067
---ebpf-pid----379067----pid-5476
---ebpf-pid----379067----pid-1
---ebpf-pid----379067----pid-379067
---ebpf-pid----379067----pid-5476
---ebpf-pid----379067----pid-1
---ebpf-pid----6671----pid-6671
---ebpf-pid----6671----pid-5476
---ebpf-pid----6671----pid-1
---ebpf-pid----6671----pid-6671
---ebpf-pid----6671----pid-5476
---ebpf-pid----6671----pid-1
---ebpf-pid----6671----pid-6671
---ebpf-pid----6671----pid-5476
---ebpf-pid----6671----pid-1
---ebpf-pid----6671----pid-6671
---ebpf-pid----6671----pid-5476
---ebpf-pid----6671----pid-1
---ebpf-pid----5705----pid-5705
---ebpf-pid----5705----pid-5476
---ebpf-pid----5705----pid-1
---ebpf-pid----5705----pid-5705
---ebpf-pid----5705----pid-5476
---ebpf-pid----5705----pid-1
---ebpf-pid----5705----pid-5705
---ebpf-pid----5705----pid-5476
---ebpf-pid----5705----pid-1
---ebpf-pid----5705----pid-5705
---ebpf-pid----5705----pid-5476
---ebpf-pid----5705----pid-1
---ebpf-pid----5705----pid-5705
---ebpf-pid----5705----pid-5476
---ebpf-pid----5705----pid-1
---ebpf-pid----5705----pid-5705
---ebpf-pid----5705----pid-5476
---ebpf-pid----5705----pid-1
---ebpf-pid----5705----pid-5705
---ebpf-pid----5705----pid-5476
---ebpf-pid----5705----pid-1
---ebpf-pid----378284----pid-378284
---ebpf-pid----378284----pid-5476
---ebpf-pid----378284----pid-1
---ebpf-pid----378284----pid-378284
---ebpf-pid----378284----pid-5476
---ebpf-pid----378284----pid-1
---ebpf-pid----5705----pid-5705
---ebpf-pid----5705----pid-5476
---ebpf-pid----5705----pid-1
---ebpf-pid----379067----pid-379067
---ebpf-pid----379067----pid-5476
---ebpf-pid----379067----pid-1
---ebpf-pid----379067----pid-379067
---ebpf-pid----379067----pid-5476
---ebpf-pid----379067----pid-1
---ebpf-pid----379067----pid-379067
---ebpf-pid----379067----pid-5476
---ebpf-pid----379067----pid-1
---ebpf-pid----379067----pid-379067
---ebpf-pid----379067----pid-5476
---ebpf-pid----379067----pid-1
---ebpf-pid----6671----pid-6671
---ebpf-pid----6671----pid-5476
---ebpf-pid----6671----pid-1
---ebpf-pid----6671----pid-6671
---ebpf-pid----6671----pid-5476
---ebpf-pid----6671----pid-1
---ebpf-pid----5705----pid-5705
---ebpf-pid----5705----pid-5476
---ebpf-pid----5705----pid-1
---ebpf-pid----6671----pid-6671
---ebpf-pid----6671----pid-5476
---ebpf-pid----6671----pid-1
---ebpf-pid----378284----pid-378284
---ebpf-pid----378284----pid-5476
---ebpf-pid----378284----pid-1
---ebpf-pid----378284----pid-378284
---ebpf-pid----378284----pid-5476
---ebpf-pid----378284----pid-1
---ebpf-pid----378284----pid-378284
---ebpf-pid----378284----pid-5476
---ebpf-pid----378284----pid-1
---ebpf-pid----378284----pid-378284
---ebpf-pid----378284----pid-5476
---ebpf-pid----378284----pid-1
---ebpf-pid----378284----pid-378284
---ebpf-pid----378284----pid-5476
---ebpf-pid----378284----pid-1
---ebpf-pid----378284----pid-378284
---ebpf-pid----378284----pid-5476
---ebpf-pid----378284----pid-1
---ebpf-pid----378284----pid-378284
---ebpf-pid----378284----pid-5476
---ebpf-pid----378284----pid-1
---ebpf-pid----6671----pid-6671
---ebpf-pid----6671----pid-5476
---ebpf-pid----6671----pid-1
---ebpf-pid----6671----pid-6671
---ebpf-pid----6671----pid-5476
---ebpf-pid----6671----pid-1
---ebpf-pid----378284----pid-378284
---ebpf-pid----378284----pid-5476
---ebpf-pid----378284----pid-1
---ebpf-pid----378284----pid-378284
---ebpf-pid----378284----pid-5476
---ebpf-pid----378284----pid-1
---ebpf-pid----378284----pid-378284
---ebpf-pid----378284----pid-5476
---ebpf-pid----378284----pid-1
---ebpf-pid----378284----pid-378284
---ebpf-pid----378284----pid-5476
---ebpf-pid----378284----pid-1
---ebpf-pid----378284----pid-378284
---ebpf-pid----378284----pid-5476
---ebpf-pid----378284----pid-1
---ebpf-pid----378284----pid-378284
---ebpf-pid----378284----pid-5476
---ebpf-pid----378284----pid-1
---ebpf-pid----378284----pid-378284
---ebpf-pid----378284----pid-5476
---ebpf-pid----378284----pid-1
---ebpf-pid----378284----pid-378284
---ebpf-pid----378284----pid-5476
---ebpf-pid----378284----pid-1
---ebpf-pid----378284----pid-378284
---ebpf-pid----378284----pid-5476
---ebpf-pid----378284----pid-1
---ebpf-pid----378284----pid-378284
---ebpf-pid----378284----pid-5476
---ebpf-pid----378284----pid-1
---ebpf-pid----378284----pid-378284
---ebpf-pid----378284----pid-5476
---ebpf-pid----378284----pid-1
---ebpf-pid----378284----pid-378284
---ebpf-pid----378284----pid-5476
---ebpf-pid----378284----pid-1
---ebpf-pid----378284----pid-378284
---ebpf-pid----378284----pid-5476
---ebpf-pid----378284----pid-1
---ebpf-pid----378284----pid-378284
---ebpf-pid----378284----pid-5476
---ebpf-pid----378284----pid-1
---ebpf-pid----378284----pid-378284
---ebpf-pid----378284----pid-5476
---ebpf-pid----378284----pid-1
---ebpf-pid----378284----pid-378284
---ebpf-pid----378284----pid-5476
---ebpf-pid----378284----pid-1
---ebpf-pid----378284----pid-378284
---ebpf-pid----378284----pid-5476
---ebpf-pid----378284----pid-1
---ebpf-pid----378284----pid-378284
---ebpf-pid----378284----pid-5476
---ebpf-pid----378284----pid-1
---ebpf-pid----2029----pid-2029
---ebpf-pid----2029----pid-1
---ebpf-pid----2029----pid-2029
---ebpf-pid----2029----pid-1
Failed to get process information for PID 0
---ebpf-pid----448522----pid-448522
---ebpf-pid----448522----pid-1
---ebpf-pid----448522----pid-448522
---ebpf-pid----448522----pid-1
---ebpf-pid----6671----pid-6671
---ebpf-pid----6671----pid-5476
---ebpf-pid----6671----pid-1
---ebpf-pid----7313----pid-7313
---ebpf-pid----7313----pid-1
---ebpf-pid----6671----pid-6671
---ebpf-pid----6671----pid-5476
---ebpf-pid----6671----pid-1
---ebpf-pid----1856----pid-1856
---ebpf-pid----1856----pid-1
---ebpf-pid----6671----pid-6671
---ebpf-pid----6671----pid-5476
---ebpf-pid----6671----pid-1
---ebpf-pid----6671----pid-6671
---ebpf-pid----6671----pid-5476
---ebpf-pid----6671----pid-1
---ebpf-pid----6671----pid-6671
---ebpf-pid----6671----pid-5476
---ebpf-pid----6671----pid-1
---ebpf-pid----6671----pid-6671
---ebpf-pid----6671----pid-5476
---ebpf-pid----6671----pid-1
---ebpf-pid----6671----pid-6671
---ebpf-pid----6671----pid-5476
---ebpf-pid----6671----pid-1
---ebpf-pid----6671----pid-6671
---ebpf-pid----6671----pid-5476
---ebpf-pid----6671----pid-1
---ebpf-pid----6671----pid-6671
---ebpf-pid----6671----pid-5476
---ebpf-pid----6671----pid-1
---ebpf-pid----379067----pid-379067
---ebpf-pid----379067----pid-5476
---ebpf-pid----379067----pid-1
---ebpf-pid----379067----pid-379067
---ebpf-pid----379067----pid-5476
---ebpf-pid----379067----pid-1
---ebpf-pid----7313----pid-7313
---ebpf-pid----7313----pid-1
---ebpf-pid----448522----pid-448522
---ebpf-pid----448522----pid-1
---ebpf-pid----7313----pid-7313
---ebpf-pid----7313----pid-1
---ebpf-pid----5637----pid-5637
---ebpf-pid----5637----pid-1
---ebpf-pid----5637----pid-5637
---ebpf-pid----5637----pid-1
---ebpf-pid----5705----pid-5705
---ebpf-pid----5705----pid-5476
Failed to get process information for PID 0
---ebpf-pid----5705----pid-1
---ebpf-pid----5705----pid-5705
---ebpf-pid----5705----pid-5476
---ebpf-pid----5705----pid-1
---ebpf-pid----5705----pid-5705
---ebpf-pid----5705----pid-5476
---ebpf-pid----5705----pid-1
---ebpf-pid----5705----pid-5705
---ebpf-pid----5705----pid-5476
---ebpf-pid----5705----pid-1
---ebpf-pid----5705----pid-5705
---ebpf-pid----5705----pid-5476
---ebpf-pid----5705----pid-1
---ebpf-pid----5705----pid-5705
---ebpf-pid----5705----pid-5476
---ebpf-pid----5705----pid-1
---ebpf-pid----5705----pid-5705
---ebpf-pid----5705----pid-5476
---ebpf-pid----5705----pid-1
---ebpf-pid----5705----pid-5705
---ebpf-pid----5705----pid-5476
---ebpf-pid----5705----pid-1
---ebpf-pid----5705----pid-5705
---ebpf-pid----5705----pid-5476
---ebpf-pid----5705----pid-1
---ebpf-pid----5705----pid-5705
---ebpf-pid----5705----pid-5476
---ebpf-pid----5705----pid-1
---ebpf-pid----5705----pid-5705
---ebpf-pid----5705----pid-5476
---ebpf-pid----5705----pid-1
---ebpf-pid----5705----pid-5705
---ebpf-pid----5705----pid-5476
---ebpf-pid----5705----pid-1
---ebpf-pid----5705----pid-5705
---ebpf-pid----5705----pid-5476
---ebpf-pid----5705----pid-1
---ebpf-pid----5705----pid-5705
---ebpf-pid----5705----pid-5476
---ebpf-pid----5705----pid-1
---ebpf-pid----379067----pid-379067
---ebpf-pid----379067----pid-5476
---ebpf-pid----379067----pid-1
---ebpf-pid----379067----pid-379067
---ebpf-pid----379067----pid-5476
---ebpf-pid----379067----pid-1
---ebpf-pid----5705----pid-5705
---ebpf-pid----5705----pid-5476
---ebpf-pid----5705----pid-1
---ebpf-pid----5705----pid-5705
---ebpf-pid----5705----pid-5476
---ebpf-pid----5705----pid-1
---ebpf-pid----5705----pid-5705
---ebpf-pid----5705----pid-5476
---ebpf-pid----5705----pid-1
---ebpf-pid----379067----pid-379067
---ebpf-pid----379067----pid-5476
---ebpf-pid----379067----pid-1
---ebpf-pid----379067----pid-379067
---ebpf-pid----379067----pid-5476
Failed to get process information for PID 0
Failed to get process information for PID 0
---ebpf-pid----379067----pid-1
---ebpf-pid----6671----pid-6671
---ebpf-pid----6671----pid-5476
---ebpf-pid----6671----pid-1
---ebpf-pid----6671----pid-6671
---ebpf-pid----6671----pid-5476
---ebpf-pid----6671----pid-1
---ebpf-pid----7313----pid-7313
---ebpf-pid----7313----pid-1
---ebpf-pid----7313----pid-7313
---ebpf-pid----7313----pid-1
---ebpf-pid----5637----pid-5637
---ebpf-pid----5637----pid-1
---ebpf-pid----448522----pid-448522
---ebpf-pid----448522----pid-1
---ebpf-pid----448522----pid-448522
---ebpf-pid----448522----pid-1
---ebpf-pid----5637----pid-5637
---ebpf-pid----5637----pid-1
---ebpf-pid----7313----pid-7313
---ebpf-pid----7313----pid-1
---ebpf-pid----5637----pid-5637
---ebpf-pid----5637----pid-1
---ebpf-pid----379067----pid-379067
---ebpf-pid----379067----pid-5476
---ebpf-pid----379067----pid-1
---ebpf-pid----379067----pid-379067
---ebpf-pid----379067----pid-5476
---ebpf-pid----379067----pid-1
---ebpf-pid----379067----pid-379067
---ebpf-pid----379067----pid-5476
---ebpf-pid----379067----pid-1
---ebpf-pid----379067----pid-379067
Failed to get process information for PID 0
---ebpf-pid----379067----pid-5476
---ebpf-pid----379067----pid-1
---ebpf-pid----379067----pid-379067
---ebpf-pid----379067----pid-5476
---ebpf-pid----379067----pid-1
---ebpf-pid----379067----pid-379067
---ebpf-pid----379067----pid-5476
---ebpf-pid----379067----pid-1
---ebpf-pid----379067----pid-379067
---ebpf-pid----379067----pid-5476
---ebpf-pid----379067----pid-1
---ebpf-pid----379067----pid-379067
---ebpf-pid----379067----pid-5476
---ebpf-pid----379067----pid-1
---ebpf-pid----379067----pid-379067
---ebpf-pid----379067----pid-5476
---ebpf-pid----379067----pid-1
---ebpf-pid----379067----pid-379067
---ebpf-pid----379067----pid-5476
---ebpf-pid----379067----pid-1
---ebpf-pid----379067----pid-379067
---ebpf-pid----379067----pid-5476
---ebpf-pid----379067----pid-1
---ebpf-pid----379067----pid-379067
---ebpf-pid----379067----pid-5476
---ebpf-pid----379067----pid-1
---ebpf-pid----379067----pid-379067
---ebpf-pid----379067----pid-5476
---ebpf-pid----379067----pid-1
---ebpf-pid----379067----pid-379067
---ebpf-pid----379067----pid-5476
---ebpf-pid----379067----pid-1
---ebpf-pid----379067----pid-379067
---ebpf-pid----379067----pid-5476
---ebpf-pid----379067----pid-1
---ebpf-pid----379067----pid-379067
---ebpf-pid----379067----pid-5476
---ebpf-pid----379067----pid-1
---ebpf-pid----379067----pid-379067
---ebpf-pid----379067----pid-5476
---ebpf-pid----379067----pid-1
---ebpf-pid----379067----pid-379067
---ebpf-pid----379067----pid-5476
---ebpf-pid----379067----pid-1
---ebpf-pid----379067----pid-379067
---ebpf-pid----379067----pid-5476
---ebpf-pid----379067----pid-1
---ebpf-pid----379067----pid-379067
---ebpf-pid----379067----pid-5476
---ebpf-pid----379067----pid-1
---ebpf-pid----379067----pid-379067
---ebpf-pid----379067----pid-5476
---ebpf-pid----379067----pid-1
---ebpf-pid----379067----pid-379067
---ebpf-pid----379067----pid-5476
---ebpf-pid----379067----pid-1
---ebpf-pid----379067----pid-379067
---ebpf-pid----379067----pid-5476
---ebpf-pid----379067----pid-1
---ebpf-pid----6671----pid-6671
---ebpf-pid----6671----pid-5476
---ebpf-pid----6671----pid-1
---ebpf-pid----6671----pid-6671
---ebpf-pid----6671----pid-5476
---ebpf-pid----6671----pid-1
---ebpf-pid----6671----pid-6671
---ebpf-pid----6671----pid-5476
---ebpf-pid----6671----pid-1
---ebpf-pid----6671----pid-6671
---ebpf-pid----6671----pid-5476
---ebpf-pid----6671----pid-1
---ebpf-pid----6671----pid-6671
---ebpf-pid----6671----pid-5476
---ebpf-pid----6671----pid-1
---ebpf-pid----6671----pid-6671
---ebpf-pid----6671----pid-5476
---ebpf-pid----6671----pid-1
---ebpf-pid----6671----pid-6671
---ebpf-pid----6671----pid-5476
---ebpf-pid----6671----pid-1
---ebpf-pid----6671----pid-6671
---ebpf-pid----6671----pid-5476
---ebpf-pid----6671----pid-1
---ebpf-pid----6671----pid-6671
---ebpf-pid----6671----pid-5476
---ebpf-pid----6671----pid-1
---ebpf-pid----5705----pid-5705
---ebpf-pid----5705----pid-5476
---ebpf-pid----5705----pid-1
---ebpf-pid----5705----pid-5705
---ebpf-pid----5705----pid-5476
---ebpf-pid----5705----pid-1
---ebpf-pid----5705----pid-5705
---ebpf-pid----5705----pid-5476
---ebpf-pid----5705----pid-1
---ebpf-pid----5705----pid-5705
---ebpf-pid----5705----pid-5476
---ebpf-pid----5705----pid-1
---ebpf-pid----5705----pid-5705
---ebpf-pid----5705----pid-5476
---ebpf-pid----5705----pid-1
---ebpf-pid----5705----pid-5705
---ebpf-pid----5705----pid-5476
---ebpf-pid----5705----pid-1
---ebpf-pid----5705----pid-5705
---ebpf-pid----5705----pid-5476
---ebpf-pid----5705----pid-1
---ebpf-pid----5705----pid-5705
---ebpf-pid----5705----pid-5476
---ebpf-pid----5705----pid-1
---ebpf-pid----5705----pid-5705
---ebpf-pid----5705----pid-5476
---ebpf-pid----5705----pid-1
---ebpf-pid----5705----pid-5705
---ebpf-pid----5705----pid-5476
---ebpf-pid----5705----pid-1
---ebpf-pid----5705----pid-5705
---ebpf-pid----5705----pid-5476
---ebpf-pid----5705----pid-1
---ebpf-pid----5705----pid-5705
---ebpf-pid----5705----pid-5476
---ebpf-pid----5705----pid-1
---ebpf-pid----5705----pid-5705
---ebpf-pid----5705----pid-5476
---ebpf-pid----5705----pid-1
---ebpf-pid----5705----pid-5705
---ebpf-pid----5705----pid-5476
---ebpf-pid----5705----pid-1
---ebpf-pid----5705----pid-5705
---ebpf-pid----5705----pid-5476
---ebpf-pid----5705----pid-1
---ebpf-pid----5705----pid-5705
---ebpf-pid----5705----pid-5476
---ebpf-pid----5705----pid-1
---ebpf-pid----5705----pid-5705
---ebpf-pid----5705----pid-5476
---ebpf-pid----5705----pid-1
---ebpf-pid----5705----pid-5705
---ebpf-pid----5705----pid-5476
---ebpf-pid----5705----pid-1
---ebpf-pid----6671----pid-6671
---ebpf-pid----6671----pid-5476
---ebpf-pid----6671----pid-1
---ebpf-pid----6671----pid-6671
---ebpf-pid----6671----pid-5476
---ebpf-pid----6671----pid-1
---ebpf-pid----6671----pid-6671
---ebpf-pid----6671----pid-5476
---ebpf-pid----6671----pid-1
---ebpf-pid----6671----pid-6671
---ebpf-pid----6671----pid-5476
---ebpf-pid----6671----pid-1
---ebpf-pid----6671----pid-6671
---ebpf-pid----6671----pid-5476
---ebpf-pid----6671----pid-1
---ebpf-pid----6671----pid-6671
---ebpf-pid----6671----pid-5476
---ebpf-pid----6671----pid-1
---ebpf-pid----6671----pid-6671
---ebpf-pid----6671----pid-5476
---ebpf-pid----6671----pid-1
---ebpf-pid----6671----pid-6671
---ebpf-pid----6671----pid-5476
---ebpf-pid----6671----pid-1
---ebpf-pid----6671----pid-6671
---ebpf-pid----6671----pid-5476
---ebpf-pid----6671----pid-1
---ebpf-pid----6671----pid-6671
---ebpf-pid----6671----pid-5476
---ebpf-pid----6671----pid-1
---ebpf-pid----6671----pid-6671
---ebpf-pid----6671----pid-5476
---ebpf-pid----6671----pid-1
---ebpf-pid----6671----pid-6671
---ebpf-pid----6671----pid-5476
---ebpf-pid----6671----pid-1
---ebpf-pid----6671----pid-6671
---ebpf-pid----6671----pid-5476
---ebpf-pid----6671----pid-1
---ebpf-pid----6671----pid-6671
---ebpf-pid----6671----pid-5476
---ebpf-pid----6671----pid-1
---ebpf-pid----6671----pid-6671
---ebpf-pid----6671----pid-5476
---ebpf-pid----6671----pid-1
---ebpf-pid----6671----pid-6671
---ebpf-pid----6671----pid-5476
---ebpf-pid----6671----pid-1
---ebpf-pid----6671----pid-6671
---ebpf-pid----6671----pid-5476
---ebpf-pid----6671----pid-1
---ebpf-pid----6671----pid-6671
---ebpf-pid----6671----pid-5476
---ebpf-pid----6671----pid-1
---ebpf-pid----378284----pid-378284
---ebpf-pid----378284----pid-5476
---ebpf-pid----378284----pid-1
---ebpf-pid----378284----pid-378284
---ebpf-pid----378284----pid-5476
---ebpf-pid----378284----pid-1
---ebpf-pid----378284----pid-378284
---ebpf-pid----378284----pid-5476
---ebpf-pid----378284----pid-1
---ebpf-pid----378284----pid-378284
---ebpf-pid----378284----pid-5476
---ebpf-pid----378284----pid-1
---ebpf-pid----378284----pid-378284
---ebpf-pid----378284----pid-5476
---ebpf-pid----378284----pid-1
---ebpf-pid----378284----pid-378284
---ebpf-pid----378284----pid-5476
---ebpf-pid----378284----pid-1
---ebpf-pid----378284----pid-378284
---ebpf-pid----378284----pid-5476
---ebpf-pid----378284----pid-1
---ebpf-pid----378284----pid-378284
---ebpf-pid----378284----pid-5476
---ebpf-pid----378284----pid-1
---ebpf-pid----378284----pid-378284
---ebpf-pid----378284----pid-5476
---ebpf-pid----378284----pid-1
---ebpf-pid----379067----pid-379067
---ebpf-pid----379067----pid-5476
---ebpf-pid----379067----pid-1
---ebpf-pid----379067----pid-379067
---ebpf-pid----379067----pid-5476
---ebpf-pid----379067----pid-1
---ebpf-pid----379067----pid-379067
---ebpf-pid----379067----pid-5476
---ebpf-pid----379067----pid-1
---ebpf-pid----379067----pid-379067
---ebpf-pid----379067----pid-5476
---ebpf-pid----379067----pid-1
---ebpf-pid----379067----pid-379067
---ebpf-pid----379067----pid-5476
---ebpf-pid----379067----pid-1
---ebpf-pid----5705----pid-5705
---ebpf-pid----5705----pid-5476
---ebpf-pid----5705----pid-1
---ebpf-pid----5705----pid-5705
---ebpf-pid----5705----pid-5476
---ebpf-pid----5705----pid-1
---ebpf-pid----5705----pid-5705
---ebpf-pid----5705----pid-5476
---ebpf-pid----5705----pid-1
---ebpf-pid----5705----pid-5705
---ebpf-pid----5705----pid-5476
---ebpf-pid----5705----pid-1
---ebpf-pid----379067----pid-379067
---ebpf-pid----379067----pid-5476
---ebpf-pid----379067----pid-1
---ebpf-pid----379067----pid-379067
---ebpf-pid----379067----pid-5476
---ebpf-pid----379067----pid-1
---ebpf-pid----379067----pid-379067
---ebpf-pid----379067----pid-5476
---ebpf-pid----379067----pid-1
---ebpf-pid----379067----pid-379067
---ebpf-pid----379067----pid-5476
---ebpf-pid----379067----pid-1
---ebpf-pid----379067----pid-379067
---ebpf-pid----379067----pid-5476
---ebpf-pid----379067----pid-1
---ebpf-pid----379067----pid-379067
---ebpf-pid----379067----pid-5476
---ebpf-pid----379067----pid-1
---ebpf-pid----379067----pid-379067
---ebpf-pid----379067----pid-5476
---ebpf-pid----379067----pid-1
---ebpf-pid----379067----pid-379067
---ebpf-pid----379067----pid-5476
---ebpf-pid----379067----pid-1
---ebpf-pid----379067----pid-379067
---ebpf-pid----379067----pid-5476
---ebpf-pid----379067----pid-1
---ebpf-pid----379067----pid-379067
---ebpf-pid----379067----pid-5476
---ebpf-pid----379067----pid-1
---ebpf-pid----379067----pid-379067
---ebpf-pid----379067----pid-5476
---ebpf-pid----379067----pid-1
---ebpf-pid----379067----pid-379067
---ebpf-pid----379067----pid-5476
---ebpf-pid----379067----pid-1
---ebpf-pid----379067----pid-379067
---ebpf-pid----379067----pid-5476
---ebpf-pid----379067----pid-1
---ebpf-pid----5705----pid-5705
---ebpf-pid----5705----pid-5476
---ebpf-pid----5705----pid-1
---ebpf-pid----379067----pid-379067
---ebpf-pid----379067----pid-5476
---ebpf-pid----379067----pid-1
---ebpf-pid----379067----pid-379067
---ebpf-pid----379067----pid-5476
---ebpf-pid----379067----pid-1
---ebpf-pid----5705----pid-5705
---ebpf-pid----5705----pid-5476
---ebpf-pid----5705----pid-1
---ebpf-pid----5705----pid-5705
---ebpf-pid----5705----pid-5476
---ebpf-pid----5705----pid-1
---ebpf-pid----5705----pid-5705
---ebpf-pid----5705----pid-5476
---ebpf-pid----5705----pid-1
---ebpf-pid----5705----pid-5705
---ebpf-pid----5705----pid-5476
---ebpf-pid----5705----pid-1
---ebpf-pid----5705----pid-5705
---ebpf-pid----5705----pid-5476
---ebpf-pid----5705----pid-1
---ebpf-pid----5705----pid-5705
---ebpf-pid----5705----pid-5476
---ebpf-pid----5705----pid-1
---ebpf-pid----5705----pid-5705
---ebpf-pid----5705----pid-5476
---ebpf-pid----5705----pid-1
---ebpf-pid----5705----pid-5705
---ebpf-pid----5705----pid-5476
---ebpf-pid----5705----pid-1
---ebpf-pid----5705----pid-5705
---ebpf-pid----5705----pid-5476
---ebpf-pid----5705----pid-1
---ebpf-pid----5705----pid-5705
---ebpf-pid----5705----pid-5476
---ebpf-pid----5705----pid-1
---ebpf-pid----5705----pid-5705
---ebpf-pid----5705----pid-5476
---ebpf-pid----5705----pid-1
---ebpf-pid----5705----pid-5705
---ebpf-pid----5705----pid-5476
---ebpf-pid----5705----pid-1
---ebpf-pid----378284----pid-378284
---ebpf-pid----378284----pid-5476
---ebpf-pid----378284----pid-1
---ebpf-pid----378284----pid-378284
---ebpf-pid----378284----pid-5476
---ebpf-pid----378284----pid-1
---ebpf-pid----378284----pid-378284
---ebpf-pid----378284----pid-5476
---ebpf-pid----378284----pid-1
---ebpf-pid----378284----pid-378284
---ebpf-pid----378284----pid-5476
---ebpf-pid----378284----pid-1
---ebpf-pid----378284----pid-378284
---ebpf-pid----378284----pid-5476
---ebpf-pid----378284----pid-1
---ebpf-pid----378284----pid-378284
---ebpf-pid----378284----pid-5476
---ebpf-pid----378284----pid-1
---ebpf-pid----378284----pid-378284
---ebpf-pid----378284----pid-5476
---ebpf-pid----378284----pid-1
---ebpf-pid----378284----pid-378284
---ebpf-pid----378284----pid-5476
---ebpf-pid----378284----pid-1
---ebpf-pid----5705----pid-5705
---ebpf-pid----5705----pid-5476
---ebpf-pid----5705----pid-1
---ebpf-pid----5705----pid-5705
---ebpf-pid----5705----pid-5476
---ebpf-pid----5705----pid-1
---ebpf-pid----5705----pid-5705
---ebpf-pid----5705----pid-5476
---ebpf-pid----5705----pid-1
---ebpf-pid----378284----pid-378284
---ebpf-pid----378284----pid-5476
---ebpf-pid----378284----pid-1
---ebpf-pid----378284----pid-378284
---ebpf-pid----378284----pid-5476
---ebpf-pid----378284----pid-1
---ebpf-pid----378284----pid-378284
---ebpf-pid----378284----pid-5476
---ebpf-pid----378284----pid-1
---ebpf-pid----378284----pid-378284
---ebpf-pid----378284----pid-5476
---ebpf-pid----378284----pid-1
---ebpf-pid----378284----pid-378284
---ebpf-pid----378284----pid-5476
---ebpf-pid----378284----pid-1
---ebpf-pid----378284----pid-378284
---ebpf-pid----378284----pid-5476
---ebpf-pid----378284----pid-1
---ebpf-pid----2089----pid-2089
---ebpf-pid----2089----pid-1
---ebpf-pid----2089----pid-2089
---ebpf-pid----2089----pid-1
---ebpf-pid----2089----pid-2089
---ebpf-pid----2089----pid-1
---ebpf-pid----2089----pid-2089
---ebpf-pid----2089----pid-1
---ebpf-pid----2089----pid-2089
---ebpf-pid----2089----pid-1
---ebpf-pid----2089----pid-2089
---ebpf-pid----2089----pid-1
---ebpf-pid----5705----pid-5705
---ebpf-pid----5705----pid-5476
---ebpf-pid----5705----pid-1
---ebpf-pid----5705----pid-5705
---ebpf-pid----5705----pid-5476
---ebpf-pid----5705----pid-1
---ebpf-pid----5705----pid-5705
---ebpf-pid----5705----pid-5476
---ebpf-pid----5705----pid-1
---ebpf-pid----2094----pid-2094
---ebpf-pid----2094----pid-1
---ebpf-pid----2094----pid-2094
---ebpf-pid----2094----pid-1
---ebpf-pid----2094----pid-2094
---ebpf-pid----2094----pid-1
---ebpf-pid----2094----pid-2094
---ebpf-pid----2094----pid-1
---ebpf-pid----2094----pid-2094
---ebpf-pid----2094----pid-1
---ebpf-pid----2094----pid-2094
---ebpf-pid----2094----pid-1
---ebpf-pid----2094----pid-2094
---ebpf-pid----2094----pid-1
---ebpf-pid----2094----pid-2094
---ebpf-pid----2094----pid-1
---ebpf-pid----2094----pid-2094
---ebpf-pid----2094----pid-1
---ebpf-pid----379067----pid-379067
---ebpf-pid----379067----pid-5476
---ebpf-pid----379067----pid-1
---ebpf-pid----379067----pid-379067
---ebpf-pid----379067----pid-5476
---ebpf-pid----379067----pid-1
---ebpf-pid----379067----pid-379067
---ebpf-pid----379067----pid-5476
---ebpf-pid----379067----pid-1
---ebpf-pid----379067----pid-379067
---ebpf-pid----379067----pid-5476
---ebpf-pid----379067----pid-1
---ebpf-pid----379067----pid-379067
---ebpf-pid----379067----pid-5476
---ebpf-pid----379067----pid-1
---ebpf-pid----379067----pid-379067
---ebpf-pid----379067----pid-5476
---ebpf-pid----379067----pid-1
---ebpf-pid----379067----pid-379067
---ebpf-pid----379067----pid-5476
---ebpf-pid----379067----pid-1
---ebpf-pid----379067----pid-379067
---ebpf-pid----379067----pid-5476
---ebpf-pid----379067----pid-1
---ebpf-pid----379067----pid-379067
---ebpf-pid----379067----pid-5476
---ebpf-pid----379067----pid-1
---ebpf-pid----379067----pid-379067
---ebpf-pid----379067----pid-5476
---ebpf-pid----379067----pid-1
---ebpf-pid----448783----pid-448783
---ebpf-pid----448783----pid-448520
---ebpf-pid----448783----pid-1
---ebpf-pid----4211----pid-4211
---ebpf-pid----4211----pid-4164
---ebpf-pid----4211----pid-3417
---ebpf-pid----4211----pid-1
---ebpf-pid----6671----pid-6671
---ebpf-pid----6671----pid-5476
---ebpf-pid----6671----pid-1
---ebpf-pid----6671----pid-6671
---ebpf-pid----6671----pid-5476
---ebpf-pid----6671----pid-1
---ebpf-pid----6671----pid-6671
---ebpf-pid----6671----pid-5476
---ebpf-pid----6671----pid-1
---ebpf-pid----6671----pid-6671
---ebpf-pid----6671----pid-5476
---ebpf-pid----6671----pid-1
---ebpf-pid----6671----pid-6671
---ebpf-pid----6671----pid-5476
---ebpf-pid----6671----pid-1
---ebpf-pid----6671----pid-6671
---ebpf-pid----6671----pid-5476
---ebpf-pid----6671----pid-1
---ebpf-pid----6671----pid-6671
---ebpf-pid----6671----pid-5476
---ebpf-pid----6671----pid-1
---ebpf-pid----6671----pid-6671
---ebpf-pid----6671----pid-5476
---ebpf-pid----6671----pid-1
---ebpf-pid----6671----pid-6671
---ebpf-pid----6671----pid-5476
---ebpf-pid----6671----pid-1
---ebpf-pid----448783----pid-448783
---ebpf-pid----448783----pid-448520
---ebpf-pid----448783----pid-1
---ebpf-pid----448783----pid-448783
---ebpf-pid----448783----pid-448520
---ebpf-pid----448783----pid-1
---ebpf-pid----448783----pid-448783
---ebpf-pid----448783----pid-448520
---ebpf-pid----448783----pid-1
---ebpf-pid----448783----pid-448783
---ebpf-pid----448783----pid-448520
---ebpf-pid----448783----pid-1
---ebpf-pid----448783----pid-448783
---ebpf-pid----448783----pid-448520
---ebpf-pid----448783----pid-1
---ebpf-pid----448783----pid-448783
---ebpf-pid----448783----pid-448520
---ebpf-pid----448783----pid-1
---ebpf-pid----448783----pid-448783
---ebpf-pid----448783----pid-448520
---ebpf-pid----448783----pid-1
---ebpf-pid----448783----pid-448783
---ebpf-pid----448783----pid-448520
---ebpf-pid----448783----pid-1
---ebpf-pid----448783----pid-448783
---ebpf-pid----448783----pid-448520
---ebpf-pid----448783----pid-1
---ebpf-pid----448783----pid-448783
---ebpf-pid----448783----pid-448520
---ebpf-pid----448783----pid-1
---ebpf-pid----448783----pid-448783
---ebpf-pid----448783----pid-448520
---ebpf-pid----448783----pid-1
---ebpf-pid----448783----pid-448783
---ebpf-pid----448783----pid-448520
---ebpf-pid----448783----pid-1
---ebpf-pid----448783----pid-448783
---ebpf-pid----448783----pid-448520
---ebpf-pid----448783----pid-1
---ebpf-pid----448783----pid-448783
---ebpf-pid----448783----pid-448520
---ebpf-pid----448783----pid-1
---ebpf-pid----448783----pid-448783
---ebpf-pid----448783----pid-448520
---ebpf-pid----448783----pid-1
---ebpf-pid----448783----pid-448783
---ebpf-pid----448783----pid-448520
---ebpf-pid----448783----pid-1
---ebpf-pid----448783----pid-448783
---ebpf-pid----448783----pid-448520
---ebpf-pid----448783----pid-1
---ebpf-pid----448783----pid-448783
---ebpf-pid----448783----pid-448520
---ebpf-pid----448783----pid-1
---ebpf-pid----448783----pid-448783
---ebpf-pid----448783----pid-448520
---ebpf-pid----448783----pid-1
---ebpf-pid----448783----pid-448783
---ebpf-pid----448783----pid-448520
---ebpf-pid----448783----pid-1
---ebpf-pid----448783----pid-448783
---ebpf-pid----448783----pid-448520
---ebpf-pid----448783----pid-1
---ebpf-pid----448783----pid-448783
---ebpf-pid----448783----pid-448520
---ebpf-pid----448783----pid-1
---ebpf-pid----448783----pid-448783
---ebpf-pid----448783----pid-448520
---ebpf-pid----448783----pid-1
---ebpf-pid----448783----pid-448783
---ebpf-pid----448783----pid-448520
---ebpf-pid----448783----pid-1
---ebpf-pid----448783----pid-448783
---ebpf-pid----448783----pid-448520
---ebpf-pid----448783----pid-1
---ebpf-pid----448783----pid-448783
---ebpf-pid----448783----pid-448520
---ebpf-pid----448783----pid-1
---ebpf-pid----448783----pid-448783
---ebpf-pid----448783----pid-448520
---ebpf-pid----448783----pid-1
---ebpf-pid----448783----pid-448783
---ebpf-pid----448783----pid-448520
---ebpf-pid----448783----pid-1
---ebpf-pid----448783----pid-448783
---ebpf-pid----448783----pid-448520
---ebpf-pid----448783----pid-1
---ebpf-pid----448783----pid-448783
---ebpf-pid----448783----pid-448520
---ebpf-pid----448783----pid-1
---ebpf-pid----448783----pid-448783
---ebpf-pid----448783----pid-448520
---ebpf-pid----448783----pid-1
---ebpf-pid----4210----pid-4210
---ebpf-pid----4210----pid-4164
---ebpf-pid----4210----pid-3417
---ebpf-pid----4210----pid-1
---ebpf-pid----448783----pid-448783
---ebpf-pid----448783----pid-448520
---ebpf-pid----448783----pid-1
---ebpf-pid----448783----pid-448783
---ebpf-pid----448783----pid-448520
---ebpf-pid----448783----pid-1
---ebpf-pid----448783----pid-448783
---ebpf-pid----448783----pid-448520
---ebpf-pid----448783----pid-1
---ebpf-pid----448783----pid-448783
---ebpf-pid----448783----pid-448520
---ebpf-pid----448783----pid-1
---ebpf-pid----448783----pid-448783
---ebpf-pid----448783----pid-448520
---ebpf-pid----448783----pid-1
---ebpf-pid----448783----pid-448783
---ebpf-pid----448783----pid-448520
---ebpf-pid----448783----pid-1
---ebpf-pid----448783----pid-448783
---ebpf-pid----448783----pid-448520
---ebpf-pid----448783----pid-1
---ebpf-pid----448783----pid-448783
---ebpf-pid----448783----pid-448520
---ebpf-pid----448783----pid-1
---ebpf-pid----448783----pid-448783
---ebpf-pid----448783----pid-448520
---ebpf-pid----448783----pid-1
---ebpf-pid----448546----pid-448546
---ebpf-pid----448546----pid-1
---ebpf-pid----7313----pid-7313
---ebpf-pid----7313----pid-1
---ebpf-pid----2012----pid-2012
---ebpf-pid----2012----pid-1
---ebpf-pid----2012----pid-2012
---ebpf-pid----2012----pid-1
---ebpf-pid----2012----pid-2012
---ebpf-pid----2012----pid-1
---ebpf-pid----2012----pid-2012
---ebpf-pid----2012----pid-1
---ebpf-pid----2012----pid-2012
---ebpf-pid----2012----pid-1
---ebpf-pid----2012----pid-2012
---ebpf-pid----2012----pid-1
---ebpf-pid----2012----pid-2012
---ebpf-pid----2012----pid-1
---ebpf-pid----2012----pid-2012
---ebpf-pid----2012----pid-1
---ebpf-pid----2012----pid-2012
---ebpf-pid----2012----pid-1
---ebpf-pid----2012----pid-2012
---ebpf-pid----2012----pid-1
---ebpf-pid----2012----pid-2012
---ebpf-pid----2012----pid-1
---ebpf-pid----3273----pid-3273
---ebpf-pid----3273----pid-1
---ebpf-pid----7312----pid-7312
---ebpf-pid----7312----pid-1
---ebpf-pid----2012----pid-2012
---ebpf-pid----2012----pid-1
---ebpf-pid----2012----pid-2012
---ebpf-pid----2012----pid-1
---ebpf-pid----2012----pid-2012
---ebpf-pid----2012----pid-1
---ebpf-pid----2012----pid-2012
---ebpf-pid----2012----pid-1
---ebpf-pid----2012----pid-2012
---ebpf-pid----2012----pid-1
---ebpf-pid----2012----pid-2012
---ebpf-pid----2012----pid-1
---ebpf-pid----2012----pid-2012
---ebpf-pid----2012----pid-1
---ebpf-pid----2012----pid-2012
---ebpf-pid----2012----pid-1
---ebpf-pid----2012----pid-2012
---ebpf-pid----2012----pid-1
---ebpf-pid----5705----pid-5705
---ebpf-pid----5705----pid-5476
---ebpf-pid----5705----pid-1
---ebpf-pid----5705----pid-5705
---ebpf-pid----5705----pid-5476
---ebpf-pid----5705----pid-1
---ebpf-pid----5705----pid-5705
---ebpf-pid----5705----pid-5476
---ebpf-pid----5705----pid-1
---ebpf-pid----5705----pid-5705
---ebpf-pid----5705----pid-5476
---ebpf-pid----5705----pid-1
---ebpf-pid----5705----pid-5705
---ebpf-pid----5705----pid-5476
---ebpf-pid----5705----pid-1
---ebpf-pid----5705----pid-5705
---ebpf-pid----5705----pid-5476
---ebpf-pid----5705----pid-1
---ebpf-pid----5705----pid-5705
---ebpf-pid----5705----pid-5476
---ebpf-pid----5705----pid-1
---ebpf-pid----5705----pid-5705
---ebpf-pid----5705----pid-5476
---ebpf-pid----5705----pid-1
---ebpf-pid----5705----pid-5705
---ebpf-pid----5705----pid-5476
---ebpf-pid----5705----pid-1
---ebpf-pid----5705----pid-5705
---ebpf-pid----5705----pid-5476
---ebpf-pid----5705----pid-1
---ebpf-pid----14379----pid-14379
---ebpf-pid----14379----pid-1
---ebpf-pid----2012----pid-2012
---ebpf-pid----2012----pid-1
---ebpf-pid----2012----pid-2012
---ebpf-pid----2012----pid-1
---ebpf-pid----2012----pid-2012
---ebpf-pid----2012----pid-1
---ebpf-pid----2012----pid-2012
---ebpf-pid----2012----pid-1
---ebpf-pid----2012----pid-2012
---ebpf-pid----2012----pid-1
---ebpf-pid----2012----pid-2012
---ebpf-pid----2012----pid-1
---ebpf-pid----2012----pid-2012
---ebpf-pid----2012----pid-1
---ebpf-pid----2012----pid-2012
---ebpf-pid----2012----pid-1
---ebpf-pid----2012----pid-2012
---ebpf-pid----2012----pid-1
---ebpf-pid----5705----pid-5705
---ebpf-pid----5705----pid-5476
---ebpf-pid----5705----pid-1
---ebpf-pid----5705----pid-5705
---ebpf-pid----5705----pid-5476
---ebpf-pid----5705----pid-1
---ebpf-pid----5705----pid-5705
---ebpf-pid----5705----pid-5476
---ebpf-pid----5705----pid-1
---ebpf-pid----5705----pid-5705
---ebpf-pid----5705----pid-5476
---ebpf-pid----5705----pid-1
---ebpf-pid----5705----pid-5705
---ebpf-pid----5705----pid-5476
---ebpf-pid----5705----pid-1
---ebpf-pid----5705----pid-5705
---ebpf-pid----5705----pid-5476
---ebpf-pid----5705----pid-1
---ebpf-pid----5705----pid-5705
---ebpf-pid----5705----pid-5476
---ebpf-pid----5705----pid-1
---ebpf-pid----5705----pid-5705
---ebpf-pid----5705----pid-5476
---ebpf-pid----5705----pid-1
---ebpf-pid----5705----pid-5705
---ebpf-pid----5705----pid-5476
---ebpf-pid----5705----pid-1
---ebpf-pid----5705----pid-5705
---ebpf-pid----5705----pid-5476
---ebpf-pid----5705----pid-1
---ebpf-pid----5705----pid-5705
---ebpf-pid----5705----pid-5476
---ebpf-pid----5705----pid-1
---ebpf-pid----5705----pid-5705
---ebpf-pid----5705----pid-5476
---ebpf-pid----5705----pid-1
---ebpf-pid----5705----pid-5705
---ebpf-pid----5705----pid-5476
---ebpf-pid----5705----pid-1
---ebpf-pid----5705----pid-5705
---ebpf-pid----5705----pid-5476
---ebpf-pid----5705----pid-1
---ebpf-pid----5705----pid-5705
---ebpf-pid----5705----pid-5476
---ebpf-pid----5705----pid-1
---ebpf-pid----5705----pid-5705
---ebpf-pid----5705----pid-5476
---ebpf-pid----5705----pid-1
---ebpf-pid----5705----pid-5705
---ebpf-pid----5705----pid-5476
---ebpf-pid----5705----pid-1
---ebpf-pid----5705----pid-5705
---ebpf-pid----5705----pid-5476
---ebpf-pid----5705----pid-1
---ebpf-pid----5705----pid-5705
---ebpf-pid----5705----pid-5476
---ebpf-pid----5705----pid-1
---ebpf-pid----5705----pid-5705
---ebpf-pid----5705----pid-5476
---ebpf-pid----5705----pid-1
---ebpf-pid----5705----pid-5705
---ebpf-pid----5705----pid-5476
---ebpf-pid----5705----pid-1
---ebpf-pid----5705----pid-5705
---ebpf-pid----5705----pid-5476
---ebpf-pid----5705----pid-1
---ebpf-pid----5705----pid-5705
---ebpf-pid----5705----pid-5476
---ebpf-pid----5705----pid-1
---ebpf-pid----5705----pid-5705
---ebpf-pid----5705----pid-5476
---ebpf-pid----5705----pid-1
---ebpf-pid----5705----pid-5705
---ebpf-pid----5705----pid-5476
---ebpf-pid----5705----pid-1
---ebpf-pid----5705----pid-5705
---ebpf-pid----5705----pid-5476
---ebpf-pid----5705----pid-1
---ebpf-pid----4210----pid-4210
---ebpf-pid----4210----pid-4164
---ebpf-pid----4210----pid-3417
---ebpf-pid----4210----pid-1
---ebpf-pid----378284----pid-378284
---ebpf-pid----378284----pid-5476
---ebpf-pid----378284----pid-1
---ebpf-pid----378284----pid-378284
---ebpf-pid----378284----pid-5476
---ebpf-pid----378284----pid-1
---ebpf-pid----378284----pid-378284
---ebpf-pid----378284----pid-5476
---ebpf-pid----378284----pid-1
---ebpf-pid----378284----pid-378284
---ebpf-pid----378284----pid-5476
---ebpf-pid----378284----pid-1
---ebpf-pid----378284----pid-378284
---ebpf-pid----378284----pid-5476
---ebpf-pid----378284----pid-1
---ebpf-pid----378284----pid-378284
---ebpf-pid----378284----pid-5476
---ebpf-pid----378284----pid-1
---ebpf-pid----378284----pid-378284
---ebpf-pid----378284----pid-5476
---ebpf-pid----378284----pid-1
---ebpf-pid----378284----pid-378284
---ebpf-pid----378284----pid-5476
---ebpf-pid----378284----pid-1
---ebpf-pid----378284----pid-378284
---ebpf-pid----378284----pid-5476
---ebpf-pid----378284----pid-1
---ebpf-pid----5705----pid-5705
---ebpf-pid----5705----pid-5476
---ebpf-pid----5705----pid-1
---ebpf-pid----5705----pid-5705
---ebpf-pid----5705----pid-5476
---ebpf-pid----5705----pid-1
---ebpf-pid----379067----pid-379067
---ebpf-pid----379067----pid-5476
---ebpf-pid----379067----pid-1
---ebpf-pid----379067----pid-379067
---ebpf-pid----379067----pid-5476
---ebpf-pid----379067----pid-1
---ebpf-pid----379067----pid-379067
---ebpf-pid----379067----pid-5476
---ebpf-pid----379067----pid-1
---ebpf-pid----379067----pid-379067
---ebpf-pid----379067----pid-5476
---ebpf-pid----379067----pid-1
---ebpf-pid----379067----pid-379067
---ebpf-pid----379067----pid-5476
---ebpf-pid----379067----pid-1
---ebpf-pid----379067----pid-379067
---ebpf-pid----379067----pid-5476
---ebpf-pid----379067----pid-1
---ebpf-pid----379067----pid-379067
---ebpf-pid----379067----pid-5476
---ebpf-pid----379067----pid-1
---ebpf-pid----379067----pid-379067
---ebpf-pid----379067----pid-5476
---ebpf-pid----379067----pid-1
---ebpf-pid----379067----pid-379067
---ebpf-pid----379067----pid-5476
---ebpf-pid----379067----pid-1
---ebpf-pid----379067----pid-379067
---ebpf-pid----379067----pid-5476
---ebpf-pid----379067----pid-1
---ebpf-pid----379067----pid-379067
---ebpf-pid----379067----pid-5476
---ebpf-pid----379067----pid-1
---ebpf-pid----379067----pid-379067
---ebpf-pid----379067----pid-5476
---ebpf-pid----379067----pid-1
---ebpf-pid----379067----pid-379067
---ebpf-pid----379067----pid-5476
---ebpf-pid----379067----pid-1
---ebpf-pid----379067----pid-379067
---ebpf-pid----379067----pid-5476
---ebpf-pid----379067----pid-1
---ebpf-pid----379067----pid-379067
---ebpf-pid----379067----pid-5476
---ebpf-pid----379067----pid-1
---ebpf-pid----379067----pid-379067
---ebpf-pid----379067----pid-5476
---ebpf-pid----379067----pid-1
---ebpf-pid----379067----pid-379067
---ebpf-pid----379067----pid-5476
---ebpf-pid----379067----pid-1
---ebpf-pid----379067----pid-379067
---ebpf-pid----379067----pid-5476
---ebpf-pid----379067----pid-1
---ebpf-pid----379067----pid-379067
---ebpf-pid----379067----pid-5476
---ebpf-pid----379067----pid-1
---ebpf-pid----5705----pid-5705
---ebpf-pid----5705----pid-5476
---ebpf-pid----5705----pid-1
---ebpf-pid----5705----pid-5705
---ebpf-pid----5705----pid-5476
---ebpf-pid----5705----pid-1
---ebpf-pid----5705----pid-5705
---ebpf-pid----5705----pid-5476
---ebpf-pid----5705----pid-1
---ebpf-pid----5705----pid-5705
---ebpf-pid----5705----pid-5476
---ebpf-pid----5705----pid-1
---ebpf-pid----5705----pid-5705
---ebpf-pid----5705----pid-5476
---ebpf-pid----5705----pid-1
---ebpf-pid----5705----pid-5705
---ebpf-pid----5705----pid-5476
---ebpf-pid----5705----pid-1
---ebpf-pid----5705----pid-5705
---ebpf-pid----5705----pid-5476
---ebpf-pid----5705----pid-1
---ebpf-pid----5705----pid-5705
---ebpf-pid----5705----pid-5476
---ebpf-pid----5705----pid-1
---ebpf-pid----5705----pid-5705
---ebpf-pid----5705----pid-5476
---ebpf-pid----5705----pid-1
---ebpf-pid----5705----pid-5705
---ebpf-pid----5705----pid-5476
---ebpf-pid----5705----pid-1
---ebpf-pid----2029----pid-2029
---ebpf-pid----2029----pid-1
---ebpf-pid----2029----pid-2029
---ebpf-pid----2029----pid-1
---ebpf-pid----2029----pid-2029
---ebpf-pid----2029----pid-1
---ebpf-pid----2029----pid-2029
---ebpf-pid----2029----pid-1
---ebpf-pid----2029----pid-2029
---ebpf-pid----2029----pid-1
---ebpf-pid----2029----pid-2029
---ebpf-pid----2029----pid-1
---ebpf-pid----2029----pid-2029
---ebpf-pid----2029----pid-1
---ebpf-pid----2029----pid-2029
---ebpf-pid----2029----pid-1
---ebpf-pid----2029----pid-2029
---ebpf-pid----2029----pid-1
---ebpf-pid----2029----pid-2029
---ebpf-pid----2029----pid-1
---ebpf-pid----378284----pid-378284
---ebpf-pid----378284----pid-5476
---ebpf-pid----378284----pid-1
---ebpf-pid----378284----pid-378284
---ebpf-pid----378284----pid-5476
---ebpf-pid----378284----pid-1
---ebpf-pid----378284----pid-378284
---ebpf-pid----378284----pid-5476
---ebpf-pid----378284----pid-1
---ebpf-pid----378284----pid-378284
---ebpf-pid----378284----pid-5476
---ebpf-pid----378284----pid-1
---ebpf-pid----2012----pid-2012
---ebpf-pid----2012----pid-1
---ebpf-pid----2012----pid-2012
---ebpf-pid----2012----pid-1
---ebpf-pid----2012----pid-2012
---ebpf-pid----2012----pid-1
---ebpf-pid----2012----pid-2012
---ebpf-pid----2012----pid-1
---ebpf-pid----2012----pid-2012
---ebpf-pid----2012----pid-1
---ebpf-pid----2012----pid-2012
---ebpf-pid----2012----pid-1
---ebpf-pid----2088----pid-2088
---ebpf-pid----2088----pid-1
---ebpf-pid----2088----pid-2088
---ebpf-pid----2088----pid-1
---ebpf-pid----2088----pid-2088
---ebpf-pid----2088----pid-1
---ebpf-pid----2088----pid-2088
---ebpf-pid----2088----pid-1
---ebpf-pid----2088----pid-2088
---ebpf-pid----2088----pid-1
---ebpf-pid----2088----pid-2088
---ebpf-pid----2088----pid-1
---ebpf-pid----2088----pid-2088
---ebpf-pid----2088----pid-1
---ebpf-pid----2088----pid-2088
---ebpf-pid----2088----pid-1
---ebpf-pid----2088----pid-2088
---ebpf-pid----2088----pid-1
---ebpf-pid----2088----pid-2088
---ebpf-pid----2088----pid-1
---ebpf-pid----2088----pid-2088
---ebpf-pid----2088----pid-1
---ebpf-pid----2088----pid-2088
---ebpf-pid----2088----pid-1
---ebpf-pid----2088----pid-2088
---ebpf-pid----2088----pid-1
---ebpf-pid----2088----pid-2088
---ebpf-pid----2088----pid-1
---ebpf-pid----2088----pid-2088
---ebpf-pid----2088----pid-1
---ebpf-pid----2088----pid-2088
---ebpf-pid----2088----pid-1
---ebpf-pid----2088----pid-2088
---ebpf-pid----2088----pid-1
---ebpf-pid----2088----pid-2088
---ebpf-pid----2088----pid-1
---ebpf-pid----2088----pid-2088
---ebpf-pid----2088----pid-1
---ebpf-pid----2088----pid-2088
---ebpf-pid----2088----pid-1
---ebpf-pid----2088----pid-2088
---ebpf-pid----2088----pid-1
---ebpf-pid----5705----pid-5705
---ebpf-pid----5705----pid-5476
---ebpf-pid----5705----pid-1
---ebpf-pid----379067----pid-379067
---ebpf-pid----379067----pid-5476
---ebpf-pid----379067----pid-1
---ebpf-pid----379067----pid-379067
---ebpf-pid----379067----pid-5476
---ebpf-pid----379067----pid-1
---ebpf-pid----378284----pid-378284
---ebpf-pid----378284----pid-5476
---ebpf-pid----378284----pid-1
---ebpf-pid----378284----pid-378284
---ebpf-pid----378284----pid-5476
---ebpf-pid----378284----pid-1
---ebpf-pid----378284----pid-378284
---ebpf-pid----378284----pid-5476
---ebpf-pid----378284----pid-1
---ebpf-pid----378284----pid-378284
---ebpf-pid----378284----pid-5476
---ebpf-pid----378284----pid-1
---ebpf-pid----2012----pid-2012
---ebpf-pid----2012----pid-1
---ebpf-pid----2012----pid-2012
---ebpf-pid----2012----pid-1
---ebpf-pid----2089----pid-2089
---ebpf-pid----2089----pid-1
---ebpf-pid----2089----pid-2089
---ebpf-pid----2089----pid-1
---ebpf-pid----2089----pid-2089
---ebpf-pid----2089----pid-1
---ebpf-pid----2089----pid-2089
---ebpf-pid----2089----pid-1
---ebpf-pid----2089----pid-2089
---ebpf-pid----2089----pid-1
---ebpf-pid----2089----pid-2089
---ebpf-pid----2089----pid-1
---ebpf-pid----2089----pid-2089
---ebpf-pid----2089----pid-1
Failed to get process information for PID 0
---ebpf-pid----2089----pid-2089
---ebpf-pid----2089----pid-1
---ebpf-pid----2089----pid-2089
---ebpf-pid----2089----pid-1
---ebpf-pid----2089----pid-2089
---ebpf-pid----2089----pid-1
---ebpf-pid----373029----pid-373029
---ebpf-pid----373029----pid-5476
---ebpf-pid----373029----pid-1
---ebpf-pid----373029----pid-373029
---ebpf-pid----373029----pid-5476
---ebpf-pid----373029----pid-1
---ebpf-pid----373029----pid-373029
---ebpf-pid----373029----pid-5476
---ebpf-pid----373029----pid-1
---ebpf-pid----373029----pid-373029
---ebpf-pid----373029----pid-5476
---ebpf-pid----373029----pid-1
---ebpf-pid----373029----pid-373029
---ebpf-pid----373029----pid-5476
---ebpf-pid----373029----pid-1
---ebpf-pid----373029----pid-373029
---ebpf-pid----373029----pid-5476
---ebpf-pid----373029----pid-1
---ebpf-pid----373029----pid-373029
---ebpf-pid----373029----pid-5476
---ebpf-pid----373029----pid-1
---ebpf-pid----373029----pid-373029
---ebpf-pid----373029----pid-5476
---ebpf-pid----373029----pid-1
---ebpf-pid----2012----pid-2012
---ebpf-pid----2012----pid-1
---ebpf-pid----2012----pid-2012
---ebpf-pid----2012----pid-1
---ebpf-pid----373029----pid-373029
---ebpf-pid----373029----pid-5476
---ebpf-pid----373029----pid-1
---ebpf-pid----373029----pid-373029
---ebpf-pid----373029----pid-5476
---ebpf-pid----373029----pid-1
---ebpf-pid----373029----pid-373029
---ebpf-pid----373029----pid-5476
---ebpf-pid----373029----pid-1
---ebpf-pid----373029----pid-373029
---ebpf-pid----373029----pid-5476
---ebpf-pid----373029----pid-1
---ebpf-pid----373029----pid-373029
---ebpf-pid----373029----pid-5476
---ebpf-pid----373029----pid-1
---ebpf-pid----373029----pid-373029
---ebpf-pid----373029----pid-5476
---ebpf-pid----373029----pid-1
---ebpf-pid----373029----pid-373029
---ebpf-pid----373029----pid-5476
---ebpf-pid----373029----pid-1
---ebpf-pid----373029----pid-373029
---ebpf-pid----373029----pid-5476
---ebpf-pid----373029----pid-1
---ebpf-pid----373029----pid-373029
---ebpf-pid----373029----pid-5476
---ebpf-pid----373029----pid-1
---ebpf-pid----373029----pid-373029
---ebpf-pid----373029----pid-5476
---ebpf-pid----373029----pid-1
---ebpf-pid----6671----pid-6671
---ebpf-pid----6671----pid-5476
---ebpf-pid----6671----pid-1
---ebpf-pid----6671----pid-6671
---ebpf-pid----6671----pid-5476
---ebpf-pid----6671----pid-1
---ebpf-pid----6671----pid-6671
---ebpf-pid----6671----pid-5476
---ebpf-pid----6671----pid-1
---ebpf-pid----6671----pid-6671
---ebpf-pid----6671----pid-5476
---ebpf-pid----6671----pid-1
---ebpf-pid----6671----pid-6671
---ebpf-pid----6671----pid-5476
---ebpf-pid----6671----pid-1
---ebpf-pid----6671----pid-6671
---ebpf-pid----6671----pid-5476
---ebpf-pid----6671----pid-1
---ebpf-pid----6671----pid-6671
---ebpf-pid----6671----pid-5476
---ebpf-pid----6671----pid-1
---ebpf-pid----6671----pid-6671
---ebpf-pid----6671----pid-5476
---ebpf-pid----6671----pid-1
---ebpf-pid----6671----pid-6671
---ebpf-pid----6671----pid-5476
---ebpf-pid----6671----pid-1
---ebpf-pid----6671----pid-6671
---ebpf-pid----6671----pid-5476
---ebpf-pid----6671----pid-1
---ebpf-pid----373029----pid-373029
---ebpf-pid----373029----pid-5476
---ebpf-pid----373029----pid-1
---ebpf-pid----373029----pid-373029
---ebpf-pid----373029----pid-5476
---ebpf-pid----373029----pid-1
---ebpf-pid----379067----pid-379067
---ebpf-pid----379067----pid-5476
---ebpf-pid----379067----pid-1
---ebpf-pid----373029----pid-373029
---ebpf-pid----373029----pid-5476
---ebpf-pid----373029----pid-1
---ebpf-pid----373029----pid-373029
---ebpf-pid----373029----pid-5476
---ebpf-pid----373029----pid-1
---ebpf-pid----373029----pid-373029
---ebpf-pid----373029----pid-5476
---ebpf-pid----373029----pid-1
---ebpf-pid----373029----pid-373029
---ebpf-pid----373029----pid-5476
---ebpf-pid----373029----pid-1
---ebpf-pid----373029----pid-373029
---ebpf-pid----373029----pid-5476
---ebpf-pid----373029----pid-1
---ebpf-pid----373029----pid-373029
---ebpf-pid----373029----pid-5476
---ebpf-pid----373029----pid-1
---ebpf-pid----373029----pid-373029
---ebpf-pid----373029----pid-5476
---ebpf-pid----373029----pid-1
---ebpf-pid----373029----pid-373029
---ebpf-pid----373029----pid-5476
---ebpf-pid----373029----pid-1
---ebpf-pid----373029----pid-373029
---ebpf-pid----373029----pid-5476
---ebpf-pid----373029----pid-1
---ebpf-pid----373029----pid-373029
---ebpf-pid----373029----pid-5476
---ebpf-pid----373029----pid-1
---ebpf-pid----373029----pid-373029
---ebpf-pid----373029----pid-5476
---ebpf-pid----373029----pid-1
---ebpf-pid----373029----pid-373029
---ebpf-pid----373029----pid-5476
---ebpf-pid----373029----pid-1
---ebpf-pid----373029----pid-373029
---ebpf-pid----373029----pid-5476
---ebpf-pid----373029----pid-1
---ebpf-pid----373029----pid-373029
---ebpf-pid----373029----pid-5476
---ebpf-pid----373029----pid-1
---ebpf-pid----373029----pid-373029
---ebpf-pid----373029----pid-5476
---ebpf-pid----373029----pid-1
---ebpf-pid----373029----pid-373029
---ebpf-pid----373029----pid-5476
---ebpf-pid----373029----pid-1
---ebpf-pid----373029----pid-373029
---ebpf-pid----373029----pid-5476
---ebpf-pid----373029----pid-1
---ebpf-pid----2094----pid-2094
---ebpf-pid----2094----pid-1
---ebpf-pid----2094----pid-2094
---ebpf-pid----2094----pid-1
---ebpf-pid----2094----pid-2094
---ebpf-pid----2094----pid-1
---ebpf-pid----2094----pid-2094
---ebpf-pid----2094----pid-1
---ebpf-pid----2094----pid-2094
---ebpf-pid----2094----pid-1
---ebpf-pid----2094----pid-2094
---ebpf-pid----2094----pid-1
---ebpf-pid----2094----pid-2094
---ebpf-pid----2094----pid-1
---ebpf-pid----2094----pid-2094
---ebpf-pid----2094----pid-1
---ebpf-pid----2094----pid-2094
---ebpf-pid----2094----pid-1
---ebpf-pid----2094----pid-2094
---ebpf-pid----2094----pid-1
---ebpf-pid----379067----pid-379067
---ebpf-pid----379067----pid-5476
---ebpf-pid----379067----pid-1
---ebpf-pid----379067----pid-379067
---ebpf-pid----379067----pid-5476
---ebpf-pid----379067----pid-1
---ebpf-pid----379067----pid-379067
---ebpf-pid----379067----pid-5476
---ebpf-pid----379067----pid-1
---ebpf-pid----379067----pid-379067
---ebpf-pid----379067----pid-5476
---ebpf-pid----379067----pid-1
---ebpf-pid----379067----pid-379067
---ebpf-pid----379067----pid-5476
---ebpf-pid----379067----pid-1
---ebpf-pid----379067----pid-379067
---ebpf-pid----379067----pid-5476
---ebpf-pid----379067----pid-1
---ebpf-pid----379067----pid-379067
---ebpf-pid----379067----pid-5476
---ebpf-pid----379067----pid-1
---ebpf-pid----379067----pid-379067
---ebpf-pid----379067----pid-5476
---ebpf-pid----379067----pid-1
---ebpf-pid----379067----pid-379067
---ebpf-pid----379067----pid-5476
---ebpf-pid----379067----pid-1
---ebpf-pid----379067----pid-379067
---ebpf-pid----379067----pid-5476
---ebpf-pid----379067----pid-1
---ebpf-pid----379067----pid-379067
---ebpf-pid----379067----pid-5476
---ebpf-pid----379067----pid-1
---ebpf-pid----379067----pid-379067
---ebpf-pid----379067----pid-5476
---ebpf-pid----379067----pid-1
---ebpf-pid----379067----pid-379067
---ebpf-pid----379067----pid-5476
---ebpf-pid----379067----pid-1
---ebpf-pid----379067----pid-379067
---ebpf-pid----379067----pid-5476
---ebpf-pid----379067----pid-1
---ebpf-pid----379067----pid-379067
---ebpf-pid----379067----pid-5476
---ebpf-pid----379067----pid-1
---ebpf-pid----379067----pid-379067
---ebpf-pid----379067----pid-5476
---ebpf-pid----379067----pid-1
---ebpf-pid----379067----pid-379067
---ebpf-pid----379067----pid-5476
---ebpf-pid----379067----pid-1
---ebpf-pid----379067----pid-379067
---ebpf-pid----379067----pid-5476
---ebpf-pid----379067----pid-1
---ebpf-pid----379067----pid-379067
---ebpf-pid----379067----pid-5476
---ebpf-pid----379067----pid-1
---ebpf-pid----379067----pid-379067
---ebpf-pid----379067----pid-5476
---ebpf-pid----379067----pid-1
---ebpf-pid----379067----pid-379067
---ebpf-pid----379067----pid-5476
---ebpf-pid----379067----pid-1
---ebpf-pid----448783----pid-448783
---ebpf-pid----448783----pid-448520
---ebpf-pid----448783----pid-1
---ebpf-pid----448783----pid-448783
---ebpf-pid----448783----pid-448520
---ebpf-pid----448783----pid-1
---ebpf-pid----448783----pid-448783
---ebpf-pid----448783----pid-448520
---ebpf-pid----448783----pid-1
---ebpf-pid----448783----pid-448783
---ebpf-pid----448783----pid-448520
---ebpf-pid----448783----pid-1
---ebpf-pid----448783----pid-448783
---ebpf-pid----448783----pid-448520
---ebpf-pid----448783----pid-1
---ebpf-pid----448783----pid-448783
---ebpf-pid----448783----pid-448520
---ebpf-pid----448783----pid-1
---ebpf-pid----448783----pid-448783
---ebpf-pid----448783----pid-448520
---ebpf-pid----448783----pid-1
---ebpf-pid----448783----pid-448783
---ebpf-pid----448783----pid-448520
---ebpf-pid----448783----pid-1
---ebpf-pid----448783----pid-448783
---ebpf-pid----448783----pid-448520
---ebpf-pid----448783----pid-1
---ebpf-pid----448783----pid-448783
---ebpf-pid----448783----pid-448520
---ebpf-pid----448783----pid-1
---ebpf-pid----448546----pid-448546
---ebpf-pid----448546----pid-1
---ebpf-pid----448783----pid-448783
---ebpf-pid----448783----pid-448520
---ebpf-pid----448783----pid-1
---ebpf-pid----448783----pid-448783
---ebpf-pid----448783----pid-448520
---ebpf-pid----448783----pid-1
---ebpf-pid----448783----pid-448783
---ebpf-pid----448783----pid-448520
---ebpf-pid----448783----pid-1
---ebpf-pid----448783----pid-448783
---ebpf-pid----448783----pid-448520
---ebpf-pid----448783----pid-1
---ebpf-pid----448783----pid-448783
---ebpf-pid----448783----pid-448520
---ebpf-pid----448783----pid-1
---ebpf-pid----5637----pid-5637
---ebpf-pid----5637----pid-1
---ebpf-pid----448783----pid-448783
---ebpf-pid----448783----pid-448520
---ebpf-pid----448783----pid-1
---ebpf-pid----448783----pid-448783
---ebpf-pid----448783----pid-448520
---ebpf-pid----448783----pid-1
---ebpf-pid----448783----pid-448783
---ebpf-pid----448783----pid-448520
---ebpf-pid----448783----pid-1
---ebpf-pid----448783----pid-448783
---ebpf-pid----448783----pid-448520
---ebpf-pid----448783----pid-1
---ebpf-pid----448783----pid-448783
---ebpf-pid----448783----pid-448520
---ebpf-pid----448783----pid-1
---ebpf-pid----448783----pid-448783
---ebpf-pid----448783----pid-448520
---ebpf-pid----448783----pid-1
---ebpf-pid----448783----pid-448783
---ebpf-pid----448783----pid-448520
---ebpf-pid----448783----pid-1
---ebpf-pid----7312----pid-7312
---ebpf-pid----7312----pid-1
---ebpf-pid----5637----pid-5637
---ebpf-pid----5637----pid-1
---ebpf-pid----7312----pid-7312
---ebpf-pid----7312----pid-1
---ebpf-pid----448783----pid-448783
---ebpf-pid----448783----pid-448520
---ebpf-pid----448783----pid-1
---ebpf-pid----7313----pid-7313
---ebpf-pid----7313----pid-1
---ebpf-pid----7313----pid-7313
---ebpf-pid----7313----pid-1
---ebpf-pid----2089----pid-2089
---ebpf-pid----2089----pid-1
---ebpf-pid----2089----pid-2089
---ebpf-pid----2089----pid-1
---ebpf-pid----2089----pid-2089
---ebpf-pid----2089----pid-1
---ebpf-pid----2089----pid-2089
---ebpf-pid----2089----pid-1
---ebpf-pid----2089----pid-2089
---ebpf-pid----2089----pid-1
---ebpf-pid----2089----pid-2089
---ebpf-pid----2089----pid-1
---ebpf-pid----2089----pid-2089
---ebpf-pid----2089----pid-1
---ebpf-pid----2089----pid-2089
---ebpf-pid----2089----pid-1
---ebpf-pid----2089----pid-2089
---ebpf-pid----2089----pid-1
---ebpf-pid----2089----pid-2089
---ebpf-pid----2089----pid-1
---ebpf-pid----2089----pid-2089
---ebpf-pid----2089----pid-1
---ebpf-pid----2089----pid-2089
---ebpf-pid----2089----pid-1
---ebpf-pid----2089----pid-2089
---ebpf-pid----2089----pid-1
---ebpf-pid----2089----pid-2089
---ebpf-pid----2089----pid-1
---ebpf-pid----2089----pid-2089
---ebpf-pid----2089----pid-1
---ebpf-pid----2089----pid-2089
---ebpf-pid----2089----pid-1
---ebpf-pid----2089----pid-2089
---ebpf-pid----2089----pid-1
---ebpf-pid----5705----pid-5705
---ebpf-pid----5705----pid-5476
---ebpf-pid----5705----pid-1
---ebpf-pid----5705----pid-5705
---ebpf-pid----5705----pid-5476
---ebpf-pid----5705----pid-1
---ebpf-pid----7313----pid-7313
---ebpf-pid----7313----pid-1
---ebpf-pid----2089----pid-2089
---ebpf-pid----2089----pid-1
---ebpf-pid----2094----pid-2094
---ebpf-pid----2094----pid-1
---ebpf-pid----2094----pid-2094
---ebpf-pid----2094----pid-1
---ebpf-pid----2094----pid-2094
---ebpf-pid----2094----pid-1
---ebpf-pid----2094----pid-2094
---ebpf-pid----2094----pid-1
---ebpf-pid----2094----pid-2094
---ebpf-pid----2094----pid-1
---ebpf-pid----2094----pid-2094
---ebpf-pid----2094----pid-1
---ebpf-pid----2094----pid-2094
---ebpf-pid----2094----pid-1
---ebpf-pid----2094----pid-2094
---ebpf-pid----2094----pid-1
---ebpf-pid----2094----pid-2094
---ebpf-pid----2094----pid-1
---ebpf-pid----448783----pid-448783
---ebpf-pid----448783----pid-448520
---ebpf-pid----448783----pid-1
---ebpf-pid----448783----pid-448783
---ebpf-pid----448783----pid-448520
---ebpf-pid----448783----pid-1
---ebpf-pid----448783----pid-448783
---ebpf-pid----448783----pid-448520
---ebpf-pid----448783----pid-1
---ebpf-pid----2012----pid-2012
---ebpf-pid----2012----pid-1
---ebpf-pid----2012----pid-2012
---ebpf-pid----2012----pid-1
---ebpf-pid----2012----pid-2012
---ebpf-pid----2012----pid-1
---ebpf-pid----2012----pid-2012
---ebpf-pid----2012----pid-1
---ebpf-pid----2012----pid-2012
---ebpf-pid----2012----pid-1
---ebpf-pid----2012----pid-2012
---ebpf-pid----2012----pid-1
---ebpf-pid----2012----pid-2012
---ebpf-pid----2012----pid-1
---ebpf-pid----2012----pid-2012
---ebpf-pid----2012----pid-1
---ebpf-pid----2012----pid-2012
---ebpf-pid----2012----pid-1
---ebpf-pid----2012----pid-2012
---ebpf-pid----2012----pid-1
---ebpf-pid----2012----pid-2012
---ebpf-pid----2012----pid-1
---ebpf-pid----2012----pid-2012
---ebpf-pid----2012----pid-1
---ebpf-pid----2012----pid-2012
---ebpf-pid----2012----pid-1
---ebpf-pid----2012----pid-2012
---ebpf-pid----2012----pid-1
---ebpf-pid----2012----pid-2012
---ebpf-pid----2012----pid-1
---ebpf-pid----2012----pid-2012
---ebpf-pid----2012----pid-1
---ebpf-pid----2012----pid-2012
---ebpf-pid----2012----pid-1
---ebpf-pid----2012----pid-2012
---ebpf-pid----2012----pid-1
---ebpf-pid----2012----pid-2012
---ebpf-pid----2012----pid-1
---ebpf-pid----2012----pid-2012
---ebpf-pid----2012----pid-1
---ebpf-pid----2012----pid-2012
---ebpf-pid----2012----pid-1
---ebpf-pid----2012----pid-2012
---ebpf-pid----2012----pid-1
---ebpf-pid----2012----pid-2012
---ebpf-pid----2012----pid-1
---ebpf-pid----2012----pid-2012
---ebpf-pid----2012----pid-1
---ebpf-pid----2012----pid-2012
---ebpf-pid----2012----pid-1
---ebpf-pid----2012----pid-2012
---ebpf-pid----2012----pid-1
---ebpf-pid----2012----pid-2012
---ebpf-pid----2012----pid-1
---ebpf-pid----2012----pid-2012
---ebpf-pid----2012----pid-1
---ebpf-pid----2012----pid-2012
---ebpf-pid----2012----pid-1
---ebpf-pid----2012----pid-2012
---ebpf-pid----2012----pid-1
---ebpf-pid----2012----pid-2012
---ebpf-pid----2012----pid-1
---ebpf-pid----2012----pid-2012
---ebpf-pid----2012----pid-1
---ebpf-pid----2012----pid-2012
---ebpf-pid----2012----pid-1
---ebpf-pid----6671----pid-6671
---ebpf-pid----6671----pid-5476
---ebpf-pid----6671----pid-1
---ebpf-pid----6671----pid-6671
---ebpf-pid----6671----pid-5476
---ebpf-pid----6671----pid-1
---ebpf-pid----6671----pid-6671
---ebpf-pid----6671----pid-5476
---ebpf-pid----6671----pid-1
---ebpf-pid----6671----pid-6671
---ebpf-pid----6671----pid-5476
---ebpf-pid----6671----pid-1
---ebpf-pid----6671----pid-6671
---ebpf-pid----6671----pid-5476
---ebpf-pid----6671----pid-1
---ebpf-pid----6671----pid-6671
---ebpf-pid----6671----pid-5476
---ebpf-pid----6671----pid-1
---ebpf-pid----6671----pid-6671
---ebpf-pid----6671----pid-5476
---ebpf-pid----6671----pid-1
---ebpf-pid----6671----pid-6671
---ebpf-pid----6671----pid-5476
---ebpf-pid----6671----pid-1
---ebpf-pid----5705----pid-5705
---ebpf-pid----5705----pid-5476
---ebpf-pid----5705----pid-1
---ebpf-pid----373029----pid-373029
---ebpf-pid----373029----pid-5476
---ebpf-pid----373029----pid-1
---ebpf-pid----378284----pid-378284
---ebpf-pid----378284----pid-5476
---ebpf-pid----378284----pid-1
---ebpf-pid----378284----pid-378284
---ebpf-pid----378284----pid-5476
---ebpf-pid----378284----pid-1
---ebpf-pid----373029----pid-373029
---ebpf-pid----373029----pid-5476
---ebpf-pid----373029----pid-1
---ebpf-pid----373029----pid-373029
---ebpf-pid----373029----pid-5476
---ebpf-pid----373029----pid-1
---ebpf-pid----373029----pid-373029
---ebpf-pid----373029----pid-5476
---ebpf-pid----373029----pid-1
---ebpf-pid----373029----pid-373029
---ebpf-pid----373029----pid-5476
---ebpf-pid----373029----pid-1
---ebpf-pid----5705----pid-5705
---ebpf-pid----5705----pid-5476
---ebpf-pid----5705----pid-1
---ebpf-pid----5705----pid-5705
---ebpf-pid----5705----pid-5476
---ebpf-pid----5705----pid-1
---ebpf-pid----2089----pid-2089
---ebpf-pid----2089----pid-1
---ebpf-pid----2089----pid-2089
---ebpf-pid----2089----pid-1
---ebpf-pid----2089----pid-2089
---ebpf-pid----2089----pid-1
---ebpf-pid----2094----pid-2094
---ebpf-pid----2094----pid-1
---ebpf-pid----2094----pid-2094
---ebpf-pid----2094----pid-1
---ebpf-pid----2094----pid-2094
---ebpf-pid----2094----pid-1
---ebpf-pid----2094----pid-2094
---ebpf-pid----2094----pid-1
---ebpf-pid----378284----pid-378284
---ebpf-pid----378284----pid-5476
---ebpf-pid----378284----pid-1
---ebpf-pid----378284----pid-378284
---ebpf-pid----378284----pid-5476
---ebpf-pid----378284----pid-1
---ebpf-pid----2089----pid-2089
---ebpf-pid----2089----pid-1
---ebpf-pid----2089----pid-2089
---ebpf-pid----2089----pid-1
---ebpf-pid----2089----pid-2089
---ebpf-pid----2089----pid-1
---ebpf-pid----2089----pid-2089
---ebpf-pid----2089----pid-1
---ebpf-pid----2089----pid-2089
---ebpf-pid----2089----pid-1
---ebpf-pid----2089----pid-2089
---ebpf-pid----2089----pid-1
---ebpf-pid----2089----pid-2089
---ebpf-pid----2089----pid-1
---ebpf-pid----2089----pid-2089
---ebpf-pid----2089----pid-1
---ebpf-pid----2089----pid-2089
---ebpf-pid----2089----pid-1
---ebpf-pid----2089----pid-2089
---ebpf-pid----2089----pid-1
---ebpf-pid----2089----pid-2089
---ebpf-pid----2089----pid-1
---ebpf-pid----2089----pid-2089
---ebpf-pid----2089----pid-1
---ebpf-pid----2089----pid-2089
---ebpf-pid----2089----pid-1
---ebpf-pid----2089----pid-2089
---ebpf-pid----2089----pid-1
---ebpf-pid----2089----pid-2089
---ebpf-pid----2089----pid-1
---ebpf-pid----2089----pid-2089
---ebpf-pid----2089----pid-1
---ebpf-pid----2089----pid-2089
---ebpf-pid----2089----pid-1
---ebpf-pid----2089----pid-2089
---ebpf-pid----2089----pid-1
---ebpf-pid----448783----pid-448783
---ebpf-pid----448783----pid-448520
---ebpf-pid----448783----pid-1
---ebpf-pid----448546----pid-448546
---ebpf-pid----448546----pid-1
---ebpf-pid----448783----pid-448783
---ebpf-pid----448783----pid-448520
---ebpf-pid----448783----pid-1
---ebpf-pid----448546----pid-448546
---ebpf-pid----448546----pid-1
---ebpf-pid----448783----pid-448783
---ebpf-pid----448783----pid-448520
---ebpf-pid----448783----pid-1
---ebpf-pid----448783----pid-448783
---ebpf-pid----448783----pid-448520
---ebpf-pid----448783----pid-1
---ebpf-pid----448546----pid-448546
---ebpf-pid----448546----pid-1
---ebpf-pid----448783----pid-448783
---ebpf-pid----448783----pid-448520
---ebpf-pid----448783----pid-1
---ebpf-pid----448783----pid-448783
---ebpf-pid----448783----pid-448520
---ebpf-pid----448783----pid-1
---ebpf-pid----448546----pid-448546
---ebpf-pid----448546----pid-1
---ebpf-pid----5637----pid-5637
---ebpf-pid----5637----pid-1
---ebpf-pid----5637----pid-5637
---ebpf-pid----5637----pid-1
---ebpf-pid----448783----pid-448783
---ebpf-pid----448783----pid-448520
---ebpf-pid----448783----pid-1
---ebpf-pid----448783----pid-448783
---ebpf-pid----448783----pid-448520
---ebpf-pid----448783----pid-1
---ebpf-pid----448783----pid-448783
---ebpf-pid----448783----pid-448520
---ebpf-pid----448783----pid-1
---ebpf-pid----448783----pid-448783
---ebpf-pid----448783----pid-448520
---ebpf-pid----448783----pid-1
---ebpf-pid----448783----pid-448783
---ebpf-pid----448783----pid-448520
---ebpf-pid----448783----pid-1
---ebpf-pid----448783----pid-448783
---ebpf-pid----448783----pid-448520
---ebpf-pid----448783----pid-1
---ebpf-pid----7312----pid-7312
---ebpf-pid----7312----pid-1
---ebpf-pid----448783----pid-448783
---ebpf-pid----448783----pid-448520
---ebpf-pid----448783----pid-1
---ebpf-pid----448783----pid-448783
---ebpf-pid----448783----pid-448520
---ebpf-pid----448783----pid-1
---ebpf-pid----5637----pid-5637
---ebpf-pid----5637----pid-1
---ebpf-pid----5637----pid-5637
---ebpf-pid----5637----pid-1
---ebpf-pid----448546----pid-448546
---ebpf-pid----448546----pid-1
---ebpf-pid----448783----pid-448783
---ebpf-pid----448783----pid-448520
---ebpf-pid----448783----pid-1
---ebpf-pid----7312----pid-7312
---ebpf-pid----7312----pid-1
---ebpf-pid----448783----pid-448783
---ebpf-pid----448783----pid-448520
---ebpf-pid----448783----pid-1
---ebpf-pid----5637----pid-5637
---ebpf-pid----5637----pid-1
---ebpf-pid----448546----pid-448546
---ebpf-pid----448546----pid-1
---ebpf-pid----448546----pid-448546
---ebpf-pid----448546----pid-1
---ebpf-pid----7313----pid-7313
---ebpf-pid----7313----pid-1
---ebpf-pid----448783----pid-448783
---ebpf-pid----448783----pid-448520
---ebpf-pid----448783----pid-1
---ebpf-pid----7313----pid-7313
---ebpf-pid----7313----pid-1
---ebpf-pid----7313----pid-7313
---ebpf-pid----7313----pid-1
---ebpf-pid----2089----pid-2089
---ebpf-pid----2089----pid-1
---ebpf-pid----2089----pid-2089
---ebpf-pid----2089----pid-1
---ebpf-pid----448783----pid-448783
---ebpf-pid----448783----pid-448520
---ebpf-pid----448783----pid-1
---ebpf-pid----448546----pid-448546
---ebpf-pid----448546----pid-1
---ebpf-pid----1856----pid-1856
---ebpf-pid----1856----pid-1
---ebpf-pid----2089----pid-2089
---ebpf-pid----2089----pid-1
---ebpf-pid----2089----pid-2089
---ebpf-pid----2089----pid-1
---ebpf-pid----2089----pid-2089
---ebpf-pid----2089----pid-1
---ebpf-pid----2089----pid-2089
---ebpf-pid----2089----pid-1
---ebpf-pid----2089----pid-2089
---ebpf-pid----2089----pid-1
---ebpf-pid----2089----pid-2089
---ebpf-pid----2089----pid-1
---ebpf-pid----2089----pid-2089
---ebpf-pid----2089----pid-1
---ebpf-pid----2089----pid-2089
---ebpf-pid----2089----pid-1
---ebpf-pid----7313----pid-7313
---ebpf-pid----7313----pid-1
---ebpf-pid----5637----pid-5637
---ebpf-pid----5637----pid-1
---ebpf-pid----5637----pid-5637
---ebpf-pid----5637----pid-1
---ebpf-pid----448546----pid-448546
---ebpf-pid----448546----pid-1
Failed to get process information for PID 0
---ebpf-pid----7312----pid-7312
---ebpf-pid----7312----pid-1
---ebpf-pid----7312----pid-7312
---ebpf-pid----7312----pid-1
---ebpf-pid----7312----pid-7312
---ebpf-pid----7312----pid-1
---ebpf-pid----448546----pid-448546
Failed to get process information for PID 0
---ebpf-pid----448546----pid-1
---ebpf-pid----7312----pid-7312
---ebpf-pid----7312----pid-1
---ebpf-pid----7312----pid-7312
---ebpf-pid----7312----pid-1
---ebpf-pid----448546----pid-448546
---ebpf-pid----448546----pid-1
---ebpf-pid----7312----pid-7312
---ebpf-pid----7312----pid-1
---ebpf-pid----1856----pid-1856
---ebpf-pid----1856----pid-1
---ebpf-pid----1856----pid-1856
---ebpf-pid----1856----pid-1
---ebpf-pid----372714----pid-372714
---ebpf-pid----372714----pid-5476
Failed to get process information for PID 0
---ebpf-pid----372714----pid-1
---ebpf-pid----372714----pid-372714
---ebpf-pid----372714----pid-5476
---ebpf-pid----372714----pid-1
---ebpf-pid----372714----pid-372714
---ebpf-pid----372714----pid-5476
---ebpf-pid----372714----pid-1
---ebpf-pid----372714----pid-372714
---ebpf-pid----372714----pid-5476
---ebpf-pid----372714----pid-1
---ebpf-pid----372714----pid-372714
---ebpf-pid----372714----pid-5476
---ebpf-pid----372714----pid-1
---ebpf-pid----372714----pid-372714
---ebpf-pid----372714----pid-5476
---ebpf-pid----372714----pid-1
---ebpf-pid----5705----pid-5705
---ebpf-pid----5705----pid-5476
---ebpf-pid----5705----pid-1
---ebpf-pid----5705----pid-5705
---ebpf-pid----5705----pid-5476
---ebpf-pid----5705----pid-1
---ebpf-pid----5705----pid-5705
---ebpf-pid----5705----pid-5476
---ebpf-pid----5705----pid-1
---ebpf-pid----5705----pid-5705
---ebpf-pid----5705----pid-5476
---ebpf-pid----5705----pid-1
---ebpf-pid----5705----pid-5705
---ebpf-pid----5705----pid-5476
---ebpf-pid----5705----pid-1
---ebpf-pid----5705----pid-5705
---ebpf-pid----5705----pid-5476
---ebpf-pid----5705----pid-1
---ebpf-pid----5705----pid-5705
---ebpf-pid----5705----pid-5476
---ebpf-pid----5705----pid-1
---ebpf-pid----5705----pid-5705
---ebpf-pid----5705----pid-5476
---ebpf-pid----5705----pid-1
---ebpf-pid----5705----pid-5705
---ebpf-pid----5705----pid-5476
---ebpf-pid----5705----pid-1
---ebpf-pid----5705----pid-5705
---ebpf-pid----5705----pid-5476
---ebpf-pid----5705----pid-1
---ebpf-pid----5705----pid-5705
---ebpf-pid----5705----pid-5476
---ebpf-pid----5705----pid-1
---ebpf-pid----5705----pid-5705
---ebpf-pid----5705----pid-5476
---ebpf-pid----5705----pid-1
---ebpf-pid----5705----pid-5705
---ebpf-pid----5705----pid-5476
---ebpf-pid----5705----pid-1
---ebpf-pid----5705----pid-5705
---ebpf-pid----5705----pid-5476
---ebpf-pid----5705----pid-1
---ebpf-pid----5705----pid-5705
---ebpf-pid----5705----pid-5476
---ebpf-pid----5705----pid-1
---ebpf-pid----5705----pid-5705
---ebpf-pid----5705----pid-5476
---ebpf-pid----5705----pid-1
---ebpf-pid----5705----pid-5705
---ebpf-pid----5705----pid-5476
---ebpf-pid----5705----pid-1
---ebpf-pid----5705----pid-5705
---ebpf-pid----5705----pid-5476
---ebpf-pid----5705----pid-1
---ebpf-pid----5705----pid-5705
---ebpf-pid----5705----pid-5476
---ebpf-pid----5705----pid-1
---ebpf-pid----5705----pid-5705
---ebpf-pid----5705----pid-5476
---ebpf-pid----5705----pid-1
---ebpf-pid----372714----pid-372714
---ebpf-pid----372714----pid-5476
---ebpf-pid----372714----pid-1
---ebpf-pid----372714----pid-372714
---ebpf-pid----372714----pid-5476
---ebpf-pid----372714----pid-1
---ebpf-pid----5705----pid-5705
---ebpf-pid----5705----pid-5476
---ebpf-pid----5705----pid-1
---ebpf-pid----5705----pid-5705
---ebpf-pid----5705----pid-5476
---ebpf-pid----5705----pid-1
---ebpf-pid----5705----pid-5705
---ebpf-pid----5705----pid-5476
---ebpf-pid----5705----pid-1
---ebpf-pid----5705----pid-5705
---ebpf-pid----5705----pid-5476
---ebpf-pid----5705----pid-1
---ebpf-pid----372714----pid-372714
---ebpf-pid----372714----pid-5476
---ebpf-pid----372714----pid-1
---ebpf-pid----372714----pid-372714
---ebpf-pid----372714----pid-5476
---ebpf-pid----372714----pid-1
---ebpf-pid----372714----pid-372714
---ebpf-pid----372714----pid-5476
---ebpf-pid----372714----pid-1
---ebpf-pid----372714----pid-372714
---ebpf-pid----372714----pid-5476
---ebpf-pid----372714----pid-1
---ebpf-pid----372714----pid-372714
---ebpf-pid----372714----pid-5476
---ebpf-pid----372714----pid-1
---ebpf-pid----372714----pid-372714
---ebpf-pid----372714----pid-5476
---ebpf-pid----372714----pid-1
---ebpf-pid----372714----pid-372714
---ebpf-pid----372714----pid-5476
---ebpf-pid----372714----pid-1
---ebpf-pid----372714----pid-372714
---ebpf-pid----372714----pid-5476
---ebpf-pid----372714----pid-1
---ebpf-pid----372714----pid-372714
---ebpf-pid----372714----pid-5476
---ebpf-pid----372714----pid-1
---ebpf-pid----372714----pid-372714
---ebpf-pid----372714----pid-5476
---ebpf-pid----372714----pid-1
---ebpf-pid----372714----pid-372714
---ebpf-pid----372714----pid-5476
---ebpf-pid----372714----pid-1
---ebpf-pid----372714----pid-372714
---ebpf-pid----372714----pid-5476
---ebpf-pid----372714----pid-1
---ebpf-pid----372714----pid-372714
---ebpf-pid----372714----pid-5476
---ebpf-pid----372714----pid-1
---ebpf-pid----372714----pid-372714
---ebpf-pid----372714----pid-5476
---ebpf-pid----372714----pid-1
---ebpf-pid----2089----pid-2089
---ebpf-pid----2089----pid-1
---ebpf-pid----2089----pid-2089
---ebpf-pid----2089----pid-1
---ebpf-pid----2089----pid-2089
---ebpf-pid----2089----pid-1
---ebpf-pid----2089----pid-2089
---ebpf-pid----2089----pid-1
---ebpf-pid----2089----pid-2089
---ebpf-pid----2089----pid-1
---ebpf-pid----2089----pid-2089
---ebpf-pid----2089----pid-1
---ebpf-pid----2089----pid-2089
---ebpf-pid----2089----pid-1
---ebpf-pid----2089----pid-2089
---ebpf-pid----2089----pid-1
---ebpf-pid----2089----pid-2089
---ebpf-pid----2089----pid-1
---ebpf-pid----2089----pid-2089
---ebpf-pid----2089----pid-1
---ebpf-pid----372714----pid-372714
---ebpf-pid----372714----pid-5476
---ebpf-pid----372714----pid-1
---ebpf-pid----372714----pid-372714
---ebpf-pid----372714----pid-5476
---ebpf-pid----372714----pid-1
---ebpf-pid----372714----pid-372714
---ebpf-pid----372714----pid-5476
---ebpf-pid----372714----pid-1
---ebpf-pid----372714----pid-372714
---ebpf-pid----372714----pid-5476
---ebpf-pid----372714----pid-1
---ebpf-pid----379067----pid-379067
---ebpf-pid----379067----pid-5476
---ebpf-pid----379067----pid-1
---ebpf-pid----379067----pid-379067
---ebpf-pid----379067----pid-5476
---ebpf-pid----379067----pid-1
---ebpf-pid----379067----pid-379067
---ebpf-pid----379067----pid-5476
---ebpf-pid----379067----pid-1
---ebpf-pid----379067----pid-379067
---ebpf-pid----379067----pid-5476
---ebpf-pid----379067----pid-1
---ebpf-pid----379067----pid-379067
---ebpf-pid----379067----pid-5476
---ebpf-pid----379067----pid-1
---ebpf-pid----379067----pid-379067
---ebpf-pid----379067----pid-5476
---ebpf-pid----379067----pid-1
---ebpf-pid----5705----pid-5705
---ebpf-pid----5705----pid-5476
---ebpf-pid----5705----pid-1
---ebpf-pid----5705----pid-5705
---ebpf-pid----5705----pid-5476
---ebpf-pid----5705----pid-1
---ebpf-pid----5705----pid-5705
---ebpf-pid----5705----pid-5476
---ebpf-pid----5705----pid-1
---ebpf-pid----5705----pid-5705
---ebpf-pid----5705----pid-5476
---ebpf-pid----5705----pid-1
---ebpf-pid----5705----pid-5705
---ebpf-pid----5705----pid-5476
---ebpf-pid----5705----pid-1
---ebpf-pid----5705----pid-5705
---ebpf-pid----5705----pid-5476
---ebpf-pid----5705----pid-1
---ebpf-pid----2089----pid-2089
---ebpf-pid----2089----pid-1
---ebpf-pid----5705----pid-5705
---ebpf-pid----5705----pid-5476
---ebpf-pid----5705----pid-1
---ebpf-pid----5705----pid-5705
---ebpf-pid----5705----pid-5476
---ebpf-pid----5705----pid-1
---ebpf-pid----5705----pid-5705
---ebpf-pid----5705----pid-5476
---ebpf-pid----5705----pid-1
---ebpf-pid----5705----pid-5705
---ebpf-pid----5705----pid-5476
---ebpf-pid----5705----pid-1
---ebpf-pid----5705----pid-5705
---ebpf-pid----5705----pid-5476
---ebpf-pid----5705----pid-1
---ebpf-pid----5705----pid-5705
---ebpf-pid----5705----pid-5476
---ebpf-pid----5705----pid-1
---ebpf-pid----5705----pid-5705
---ebpf-pid----5705----pid-5476
---ebpf-pid----5705----pid-1
---ebpf-pid----5705----pid-5705
---ebpf-pid----5705----pid-5476
---ebpf-pid----5705----pid-1
---ebpf-pid----5705----pid-5705
---ebpf-pid----5705----pid-5476
---ebpf-pid----5705----pid-1
---ebpf-pid----5705----pid-5705
---ebpf-pid----5705----pid-5476
---ebpf-pid----5705----pid-1
---ebpf-pid----5705----pid-5705
---ebpf-pid----5705----pid-5476
---ebpf-pid----5705----pid-1
---ebpf-pid----5705----pid-5705
---ebpf-pid----5705----pid-5476
---ebpf-pid----5705----pid-1
---ebpf-pid----5705----pid-5705
---ebpf-pid----5705----pid-5476
---ebpf-pid----5705----pid-1
---ebpf-pid----372714----pid-372714
---ebpf-pid----372714----pid-5476
---ebpf-pid----372714----pid-1
---ebpf-pid----372714----pid-372714
---ebpf-pid----372714----pid-5476
---ebpf-pid----372714----pid-1
---ebpf-pid----372714----pid-372714
---ebpf-pid----372714----pid-5476
---ebpf-pid----372714----pid-1
---ebpf-pid----372714----pid-372714
---ebpf-pid----372714----pid-5476
---ebpf-pid----372714----pid-1
---ebpf-pid----372714----pid-372714
---ebpf-pid----372714----pid-5476
---ebpf-pid----372714----pid-1
---ebpf-pid----372714----pid-372714
---ebpf-pid----372714----pid-5476
---ebpf-pid----372714----pid-1
---ebpf-pid----372714----pid-372714
---ebpf-pid----372714----pid-5476
---ebpf-pid----372714----pid-1
---ebpf-pid----372714----pid-372714
---ebpf-pid----372714----pid-5476
---ebpf-pid----372714----pid-1
---ebpf-pid----372714----pid-372714
---ebpf-pid----372714----pid-5476
---ebpf-pid----372714----pid-1
---ebpf-pid----372714----pid-372714
---ebpf-pid----372714----pid-5476
---ebpf-pid----372714----pid-1
---ebpf-pid----372714----pid-372714
---ebpf-pid----372714----pid-5476
---ebpf-pid----372714----pid-1
---ebpf-pid----372714----pid-372714
---ebpf-pid----372714----pid-5476
---ebpf-pid----372714----pid-1
---ebpf-pid----372714----pid-372714
---ebpf-pid----372714----pid-5476
---ebpf-pid----372714----pid-1
---ebpf-pid----372714----pid-372714
---ebpf-pid----372714----pid-5476
---ebpf-pid----372714----pid-1
---ebpf-pid----372714----pid-372714
---ebpf-pid----372714----pid-5476
---ebpf-pid----372714----pid-1
---ebpf-pid----372714----pid-372714
---ebpf-pid----372714----pid-5476
---ebpf-pid----372714----pid-1
---ebpf-pid----372714----pid-372714
---ebpf-pid----372714----pid-5476
---ebpf-pid----372714----pid-1
---ebpf-pid----372714----pid-372714
---ebpf-pid----372714----pid-5476
---ebpf-pid----372714----pid-1
---ebpf-pid----372714----pid-372714
---ebpf-pid----372714----pid-5476
---ebpf-pid----372714----pid-1
---ebpf-pid----373029----pid-373029
---ebpf-pid----373029----pid-5476
---ebpf-pid----373029----pid-1
---ebpf-pid----2012----pid-2012
---ebpf-pid----2012----pid-1
---ebpf-pid----2012----pid-2012
---ebpf-pid----2012----pid-1
Failed to get process information for PID 0
---ebpf-pid----2012----pid-2012
---ebpf-pid----2012----pid-1
---ebpf-pid----2012----pid-2012
---ebpf-pid----2012----pid-1
---ebpf-pid----2012----pid-2012
---ebpf-pid----2012----pid-1
---ebpf-pid----2012----pid-2012
---ebpf-pid----2012----pid-1
---ebpf-pid----373029----pid-373029
---ebpf-pid----373029----pid-5476
---ebpf-pid----373029----pid-1
---ebpf-pid----373029----pid-373029
---ebpf-pid----373029----pid-5476
---ebpf-pid----373029----pid-1
---ebpf-pid----372714----pid-372714
---ebpf-pid----372714----pid-5476
---ebpf-pid----372714----pid-1
---ebpf-pid----379067----pid-379067
---ebpf-pid----379067----pid-5476
---ebpf-pid----379067----pid-1
---ebpf-pid----379067----pid-379067
---ebpf-pid----379067----pid-5476
---ebpf-pid----379067----pid-1
---ebpf-pid----372714----pid-372714
---ebpf-pid----372714----pid-5476
---ebpf-pid----372714----pid-1
---ebpf-pid----372714----pid-372714
---ebpf-pid----372714----pid-5476
---ebpf-pid----372714----pid-1
---ebpf-pid----379067----pid-379067
---ebpf-pid----379067----pid-5476
---ebpf-pid----379067----pid-1
---ebpf-pid----372714----pid-372714
---ebpf-pid----372714----pid-5476
---ebpf-pid----372714----pid-1
---ebpf-pid----372714----pid-372714
---ebpf-pid----372714----pid-5476
---ebpf-pid----372714----pid-1
---ebpf-pid----372714----pid-372714
---ebpf-pid----372714----pid-5476
---ebpf-pid----372714----pid-1
---ebpf-pid----379067----pid-379067
---ebpf-pid----379067----pid-5476
---ebpf-pid----379067----pid-1
---ebpf-pid----379067----pid-379067
---ebpf-pid----379067----pid-5476
---ebpf-pid----379067----pid-1
---ebpf-pid----379067----pid-379067
---ebpf-pid----379067----pid-5476
---ebpf-pid----379067----pid-1
---ebpf-pid----7312----pid-7312
---ebpf-pid----7312----pid-1
---ebpf-pid----379067----pid-379067
---ebpf-pid----379067----pid-5476
---ebpf-pid----379067----pid-1
---ebpf-pid----379067----pid-379067
---ebpf-pid----379067----pid-5476
---ebpf-pid----379067----pid-1
---ebpf-pid----379067----pid-379067
---ebpf-pid----379067----pid-5476
---ebpf-pid----379067----pid-1
---ebpf-pid----379067----pid-379067
---ebpf-pid----379067----pid-5476
---ebpf-pid----379067----pid-1
---ebpf-pid----379067----pid-379067
---ebpf-pid----379067----pid-5476
---ebpf-pid----379067----pid-1
---ebpf-pid----379067----pid-379067
---ebpf-pid----379067----pid-5476
---ebpf-pid----379067----pid-1
---ebpf-pid----379067----pid-379067
---ebpf-pid----379067----pid-5476
---ebpf-pid----379067----pid-1
---ebpf-pid----379067----pid-379067
---ebpf-pid----379067----pid-5476
---ebpf-pid----379067----pid-1
---ebpf-pid----379067----pid-379067
---ebpf-pid----379067----pid-5476
---ebpf-pid----379067----pid-1
---ebpf-pid----379067----pid-379067
---ebpf-pid----379067----pid-5476
---ebpf-pid----379067----pid-1
---ebpf-pid----379067----pid-379067
---ebpf-pid----379067----pid-5476
---ebpf-pid----379067----pid-1
---ebpf-pid----379067----pid-379067
---ebpf-pid----379067----pid-5476
---ebpf-pid----379067----pid-1
---ebpf-pid----379067----pid-379067
---ebpf-pid----379067----pid-5476
---ebpf-pid----379067----pid-1
---ebpf-pid----379067----pid-379067
---ebpf-pid----379067----pid-5476
---ebpf-pid----379067----pid-1
---ebpf-pid----379067----pid-379067
---ebpf-pid----379067----pid-5476
---ebpf-pid----379067----pid-1
---ebpf-pid----5705----pid-5705
---ebpf-pid----5705----pid-5476
---ebpf-pid----5705----pid-1
---ebpf-pid----5705----pid-5705
---ebpf-pid----5705----pid-5476
---ebpf-pid----5705----pid-1
---ebpf-pid----5705----pid-5705
---ebpf-pid----5705----pid-5476
---ebpf-pid----5705----pid-1
---ebpf-pid----5705----pid-5705
---ebpf-pid----5705----pid-5476
---ebpf-pid----5705----pid-1
---ebpf-pid----5705----pid-5705
---ebpf-pid----5705----pid-5476
---ebpf-pid----5705----pid-1
---ebpf-pid----5705----pid-5705
---ebpf-pid----5705----pid-5476
---ebpf-pid----5705----pid-1
---ebpf-pid----5705----pid-5705
---ebpf-pid----5705----pid-5476
---ebpf-pid----5705----pid-1
---ebpf-pid----5705----pid-5705
---ebpf-pid----5705----pid-5476
---ebpf-pid----5705----pid-1
---ebpf-pid----5705----pid-5705
---ebpf-pid----5705----pid-5476
---ebpf-pid----5705----pid-1
---ebpf-pid----5705----pid-5705
---ebpf-pid----5705----pid-5476
---ebpf-pid----5705----pid-1
---ebpf-pid----5705----pid-5705
---ebpf-pid----5705----pid-5476
---ebpf-pid----5705----pid-1
---ebpf-pid----5705----pid-5705
---ebpf-pid----5705----pid-5476
---ebpf-pid----5705----pid-1
---ebpf-pid----5705----pid-5705
---ebpf-pid----5705----pid-5476
---ebpf-pid----5705----pid-1
---ebpf-pid----5705----pid-5705
---ebpf-pid----5705----pid-5476
---ebpf-pid----5705----pid-1
---ebpf-pid----5705----pid-5705
---ebpf-pid----5705----pid-5476
---ebpf-pid----5705----pid-1
---ebpf-pid----5705----pid-5705
---ebpf-pid----5705----pid-5476
---ebpf-pid----5705----pid-1
---ebpf-pid----5705----pid-5705
---ebpf-pid----5705----pid-5476
---ebpf-pid----5705----pid-1
---ebpf-pid----5705----pid-5705
---ebpf-pid----5705----pid-5476
---ebpf-pid----5705----pid-1
---ebpf-pid----5705----pid-5705
---ebpf-pid----5705----pid-5476
---ebpf-pid----5705----pid-1
---ebpf-pid----5705----pid-5705
---ebpf-pid----5705----pid-5476
---ebpf-pid----5705----pid-1
---ebpf-pid----5705----pid-5705
---ebpf-pid----5705----pid-5476
---ebpf-pid----5705----pid-1
---ebpf-pid----5705----pid-5705
---ebpf-pid----5705----pid-5476
---ebpf-pid----5705----pid-1
---ebpf-pid----5705----pid-5705
---ebpf-pid----5705----pid-5476
---ebpf-pid----5705----pid-1
---ebpf-pid----5705----pid-5705
---ebpf-pid----5705----pid-5476
---ebpf-pid----5705----pid-1
---ebpf-pid----5705----pid-5705
---ebpf-pid----5705----pid-5476
---ebpf-pid----5705----pid-1
---ebpf-pid----5705----pid-5705
---ebpf-pid----5705----pid-5476
---ebpf-pid----5705----pid-1
---ebpf-pid----5705----pid-5705
---ebpf-pid----5705----pid-5476
---ebpf-pid----5705----pid-1
---ebpf-pid----5705----pid-5705
---ebpf-pid----5705----pid-5476
---ebpf-pid----5705----pid-1
---ebpf-pid----2012----pid-2012
---ebpf-pid----2012----pid-1
---ebpf-pid----2012----pid-2012
---ebpf-pid----2012----pid-1
---ebpf-pid----379067----pid-379067
---ebpf-pid----379067----pid-5476
---ebpf-pid----379067----pid-1
---ebpf-pid----379067----pid-379067
---ebpf-pid----379067----pid-5476
---ebpf-pid----379067----pid-1
---ebpf-pid----5705----pid-5705
---ebpf-pid----5705----pid-5476
---ebpf-pid----5705----pid-1
---ebpf-pid----5705----pid-5705
---ebpf-pid----5705----pid-5476
---ebpf-pid----5705----pid-1
---ebpf-pid----5705----pid-5705
---ebpf-pid----5705----pid-5476
---ebpf-pid----5705----pid-1
---ebpf-pid----379067----pid-379067
---ebpf-pid----379067----pid-5476
---ebpf-pid----379067----pid-1
---ebpf-pid----379067----pid-379067
---ebpf-pid----379067----pid-5476
---ebpf-pid----379067----pid-1
---ebpf-pid----379067----pid-379067
---ebpf-pid----379067----pid-5476
---ebpf-pid----379067----pid-1
---ebpf-pid----379067----pid-379067
---ebpf-pid----379067----pid-5476
---ebpf-pid----379067----pid-1
---ebpf-pid----379067----pid-379067
---ebpf-pid----379067----pid-5476
---ebpf-pid----379067----pid-1
---ebpf-pid----379067----pid-379067
---ebpf-pid----379067----pid-5476
---ebpf-pid----379067----pid-1
---ebpf-pid----379067----pid-379067
---ebpf-pid----379067----pid-5476
---ebpf-pid----379067----pid-1
---ebpf-pid----379067----pid-379067
---ebpf-pid----379067----pid-5476
---ebpf-pid----379067----pid-1
---ebpf-pid----379067----pid-379067
---ebpf-pid----379067----pid-5476
---ebpf-pid----379067----pid-1
---ebpf-pid----379067----pid-379067
---ebpf-pid----379067----pid-5476
---ebpf-pid----379067----pid-1
---ebpf-pid----379067----pid-379067
---ebpf-pid----379067----pid-5476
---ebpf-pid----379067----pid-1
---ebpf-pid----379067----pid-379067
---ebpf-pid----379067----pid-5476
---ebpf-pid----379067----pid-1
---ebpf-pid----379067----pid-379067
---ebpf-pid----379067----pid-5476
---ebpf-pid----379067----pid-1
---ebpf-pid----379067----pid-379067
---ebpf-pid----379067----pid-5476
---ebpf-pid----379067----pid-1
---ebpf-pid----379067----pid-379067
---ebpf-pid----379067----pid-5476
---ebpf-pid----379067----pid-1
---ebpf-pid----379067----pid-379067
---ebpf-pid----379067----pid-5476
---ebpf-pid----379067----pid-1
---ebpf-pid----379067----pid-379067
---ebpf-pid----379067----pid-5476
---ebpf-pid----379067----pid-1
---ebpf-pid----379067----pid-379067
---ebpf-pid----379067----pid-5476
---ebpf-pid----379067----pid-1
---ebpf-pid----379067----pid-379067
---ebpf-pid----379067----pid-5476
---ebpf-pid----379067----pid-1
---ebpf-pid----379067----pid-379067
---ebpf-pid----379067----pid-5476
---ebpf-pid----379067----pid-1
---ebpf-pid----379067----pid-379067
---ebpf-pid----379067----pid-5476
---ebpf-pid----379067----pid-1
---ebpf-pid----379067----pid-379067
---ebpf-pid----379067----pid-5476
---ebpf-pid----379067----pid-1
---ebpf-pid----379067----pid-379067
---ebpf-pid----379067----pid-5476
---ebpf-pid----379067----pid-1
---ebpf-pid----373029----pid-373029
---ebpf-pid----373029----pid-5476
---ebpf-pid----373029----pid-1
---ebpf-pid----373029----pid-373029
---ebpf-pid----373029----pid-5476
---ebpf-pid----373029----pid-1
---ebpf-pid----373029----pid-373029
---ebpf-pid----373029----pid-5476
---ebpf-pid----373029----pid-1
---ebpf-pid----2012----pid-2012
---ebpf-pid----2012----pid-1
---ebpf-pid----2012----pid-2012
---ebpf-pid----2012----pid-1
---ebpf-pid----2012----pid-2012
---ebpf-pid----2012----pid-1
---ebpf-pid----2012----pid-2012
---ebpf-pid----2012----pid-1
---ebpf-pid----2012----pid-2012
---ebpf-pid----2012----pid-1
---ebpf-pid----373029----pid-373029
---ebpf-pid----373029----pid-5476
---ebpf-pid----373029----pid-1
---ebpf-pid----373029----pid-373029
---ebpf-pid----373029----pid-5476
---ebpf-pid----373029----pid-1
---ebpf-pid----373029----pid-373029
---ebpf-pid----373029----pid-5476
---ebpf-pid----373029----pid-1
---ebpf-pid----373029----pid-373029
---ebpf-pid----373029----pid-5476
---ebpf-pid----373029----pid-1
---ebpf-pid----373029----pid-373029
---ebpf-pid----373029----pid-5476
---ebpf-pid----373029----pid-1
---ebpf-pid----2089----pid-2089
---ebpf-pid----2089----pid-1
---ebpf-pid----2089----pid-2089
---ebpf-pid----2089----pid-1
---ebpf-pid----2089----pid-2089
---ebpf-pid----2089----pid-1
---ebpf-pid----2089----pid-2089
---ebpf-pid----2089----pid-1
---ebpf-pid----2089----pid-2089
---ebpf-pid----2089----pid-1
---ebpf-pid----2089----pid-2089
---ebpf-pid----2089----pid-1
---ebpf-pid----2089----pid-2089
---ebpf-pid----2089----pid-1
---ebpf-pid----2089----pid-2089
---ebpf-pid----2089----pid-1
---ebpf-pid----2089----pid-2089
---ebpf-pid----2089----pid-1
---ebpf-pid----2089----pid-2089
---ebpf-pid----2089----pid-1
---ebpf-pid----373029----pid-373029
---ebpf-pid----373029----pid-5476
---ebpf-pid----373029----pid-1
---ebpf-pid----373029----pid-373029
---ebpf-pid----373029----pid-5476
---ebpf-pid----373029----pid-1
---ebpf-pid----373029----pid-373029
---ebpf-pid----373029----pid-5476
---ebpf-pid----373029----pid-1
---ebpf-pid----373029----pid-373029
---ebpf-pid----373029----pid-5476
---ebpf-pid----373029----pid-1
---ebpf-pid----373029----pid-373029
---ebpf-pid----373029----pid-5476
---ebpf-pid----373029----pid-1
---ebpf-pid----373029----pid-373029
---ebpf-pid----373029----pid-5476
---ebpf-pid----373029----pid-1
---ebpf-pid----373029----pid-373029
---ebpf-pid----373029----pid-5476
---ebpf-pid----373029----pid-1
---ebpf-pid----373029----pid-373029
---ebpf-pid----373029----pid-5476
---ebpf-pid----373029----pid-1
---ebpf-pid----373029----pid-373029
---ebpf-pid----373029----pid-5476
---ebpf-pid----373029----pid-1
---ebpf-pid----373029----pid-373029
---ebpf-pid----373029----pid-5476
---ebpf-pid----373029----pid-1
---ebpf-pid----2089----pid-2089
---ebpf-pid----2089----pid-1
---ebpf-pid----2089----pid-2089
---ebpf-pid----2089----pid-1
---ebpf-pid----2089----pid-2089
---ebpf-pid----2089----pid-1
---ebpf-pid----2089----pid-2089
---ebpf-pid----2089----pid-1
---ebpf-pid----2089----pid-2089
---ebpf-pid----2089----pid-1
---ebpf-pid----2089----pid-2089
---ebpf-pid----2089----pid-1
---ebpf-pid----2089----pid-2089
---ebpf-pid----2089----pid-1
---ebpf-pid----2089----pid-2089
---ebpf-pid----2089----pid-1
---ebpf-pid----2089----pid-2089
---ebpf-pid----2089----pid-1
---ebpf-pid----2089----pid-2089
---ebpf-pid----2089----pid-1
---ebpf-pid----2089----pid-2089
---ebpf-pid----2089----pid-1
---ebpf-pid----2089----pid-2089
---ebpf-pid----2089----pid-1
---ebpf-pid----2089----pid-2089
---ebpf-pid----2089----pid-1
---ebpf-pid----2089----pid-2089
---ebpf-pid----2089----pid-1
---ebpf-pid----2089----pid-2089
---ebpf-pid----2089----pid-1
---ebpf-pid----2089----pid-2089
---ebpf-pid----2089----pid-1
---ebpf-pid----2089----pid-2089
---ebpf-pid----2089----pid-1
---ebpf-pid----2089----pid-2089
---ebpf-pid----2089----pid-1
---ebpf-pid----373029----pid-373029
---ebpf-pid----373029----pid-5476
---ebpf-pid----373029----pid-1
---ebpf-pid----373029----pid-373029
---ebpf-pid----373029----pid-5476
---ebpf-pid----373029----pid-1
---ebpf-pid----379067----pid-379067
---ebpf-pid----379067----pid-5476
---ebpf-pid----379067----pid-1
---ebpf-pid----379067----pid-379067
---ebpf-pid----379067----pid-5476
---ebpf-pid----379067----pid-1
---ebpf-pid----379067----pid-379067
---ebpf-pid----379067----pid-5476
---ebpf-pid----379067----pid-1
---ebpf-pid----379067----pid-379067
---ebpf-pid----379067----pid-5476
---ebpf-pid----379067----pid-1
---ebpf-pid----379067----pid-379067
---ebpf-pid----379067----pid-5476
---ebpf-pid----379067----pid-1
---ebpf-pid----379067----pid-379067
---ebpf-pid----379067----pid-5476
---ebpf-pid----379067----pid-1
---ebpf-pid----379067----pid-379067
---ebpf-pid----379067----pid-5476
---ebpf-pid----379067----pid-1
---ebpf-pid----379067----pid-379067
---ebpf-pid----379067----pid-5476
---ebpf-pid----379067----pid-1
---ebpf-pid----379067----pid-379067
---ebpf-pid----379067----pid-5476
---ebpf-pid----379067----pid-1
---ebpf-pid----379067----pid-379067
---ebpf-pid----379067----pid-5476
---ebpf-pid----379067----pid-1
---ebpf-pid----5705----pid-5705
---ebpf-pid----5705----pid-5476
---ebpf-pid----5705----pid-1
---ebpf-pid----5705----pid-5705
---ebpf-pid----5705----pid-5476
---ebpf-pid----5705----pid-1
---ebpf-pid----5705----pid-5705
---ebpf-pid----5705----pid-5476
---ebpf-pid----5705----pid-1
---ebpf-pid----5705----pid-5705
---ebpf-pid----5705----pid-5476
---ebpf-pid----5705----pid-1
---ebpf-pid----5705----pid-5705
---ebpf-pid----5705----pid-5476
---ebpf-pid----5705----pid-1
---ebpf-pid----5705----pid-5705
---ebpf-pid----5705----pid-5476
---ebpf-pid----5705----pid-1
---ebpf-pid----5705----pid-5705
---ebpf-pid----5705----pid-5476
---ebpf-pid----5705----pid-1
---ebpf-pid----5705----pid-5705
---ebpf-pid----5705----pid-5476
---ebpf-pid----5705----pid-1
---ebpf-pid----5705----pid-5705
---ebpf-pid----5705----pid-5476
---ebpf-pid----5705----pid-1
---ebpf-pid----5705----pid-5705
---ebpf-pid----5705----pid-5476
---ebpf-pid----5705----pid-1
---ebpf-pid----2089----pid-2089
---ebpf-pid----2089----pid-1
---ebpf-pid----2089----pid-2089
---ebpf-pid----2089----pid-1
---ebpf-pid----2089----pid-2089
---ebpf-pid----2089----pid-1
---ebpf-pid----2089----pid-2089
---ebpf-pid----2089----pid-1
---ebpf-pid----2089----pid-2089
---ebpf-pid----2089----pid-1
---ebpf-pid----2089----pid-2089
---ebpf-pid----2089----pid-1
---ebpf-pid----2089----pid-2089
---ebpf-pid----2089----pid-1
---ebpf-pid----2089----pid-2089
---ebpf-pid----2089----pid-1
---ebpf-pid----2089----pid-2089
---ebpf-pid----2089----pid-1
---ebpf-pid----2089----pid-2089
---ebpf-pid----2089----pid-1
---ebpf-pid----2089----pid-2089
---ebpf-pid----2089----pid-1
---ebpf-pid----2089----pid-2089
---ebpf-pid----2089----pid-1
---ebpf-pid----2089----pid-2089
---ebpf-pid----2089----pid-1
---ebpf-pid----2089----pid-2089
---ebpf-pid----2089----pid-1
---ebpf-pid----2089----pid-2089
---ebpf-pid----2089----pid-1
---ebpf-pid----2089----pid-2089
---ebpf-pid----2089----pid-1
---ebpf-pid----2089----pid-2089
---ebpf-pid----2089----pid-1
---ebpf-pid----2089----pid-2089
---ebpf-pid----2089----pid-1
---ebpf-pid----2089----pid-2089
---ebpf-pid----2089----pid-1
---ebpf-pid----2089----pid-2089
---ebpf-pid----2089----pid-1
---ebpf-pid----2089----pid-2089
---ebpf-pid----2089----pid-1
---ebpf-pid----2089----pid-2089
---ebpf-pid----2089----pid-1
---ebpf-pid----2089----pid-2089
---ebpf-pid----2089----pid-1
---ebpf-pid----2089----pid-2089
---ebpf-pid----2089----pid-1
---ebpf-pid----2089----pid-2089
---ebpf-pid----2089----pid-1
---ebpf-pid----2089----pid-2089
---ebpf-pid----2089----pid-1
---ebpf-pid----2089----pid-2089
---ebpf-pid----2089----pid-1
---ebpf-pid----2089----pid-2089
---ebpf-pid----2089----pid-1
---ebpf-pid----2089----pid-2089
---ebpf-pid----2089----pid-1
---ebpf-pid----2089----pid-2089
---ebpf-pid----2089----pid-1
---ebpf-pid----2094----pid-2094
---ebpf-pid----2094----pid-1
---ebpf-pid----2094----pid-2094
---ebpf-pid----2094----pid-1
---ebpf-pid----2094----pid-2094
---ebpf-pid----2094----pid-1
---ebpf-pid----2094----pid-2094
---ebpf-pid----2094----pid-1
---ebpf-pid----2094----pid-2094
---ebpf-pid----2094----pid-1
---ebpf-pid----2094----pid-2094
---ebpf-pid----2094----pid-1
---ebpf-pid----2094----pid-2094
---ebpf-pid----2094----pid-1
---ebpf-pid----2094----pid-2094
---ebpf-pid----2094----pid-1
---ebpf-pid----2094----pid-2094
---ebpf-pid----2094----pid-1
---ebpf-pid----2094----pid-2094
---ebpf-pid----2094----pid-1
---ebpf-pid----2094----pid-2094
---ebpf-pid----2094----pid-1
---ebpf-pid----2094----pid-2094
---ebpf-pid----2094----pid-1
---ebpf-pid----2094----pid-2094
---ebpf-pid----2094----pid-1
---ebpf-pid----2094----pid-2094
---ebpf-pid----2094----pid-1
---ebpf-pid----2094----pid-2094
---ebpf-pid----2094----pid-1
---ebpf-pid----2094----pid-2094
---ebpf-pid----2094----pid-1
---ebpf-pid----2094----pid-2094
---ebpf-pid----2094----pid-1
---ebpf-pid----2094----pid-2094
---ebpf-pid----2094----pid-1
---ebpf-pid----2094----pid-2094
---ebpf-pid----2094----pid-1
---ebpf-pid----2094----pid-2094
---ebpf-pid----2094----pid-1
---ebpf-pid----2094----pid-2094
---ebpf-pid----2094----pid-1
---ebpf-pid----2094----pid-2094
---ebpf-pid----2094----pid-1
---ebpf-pid----2094----pid-2094
---ebpf-pid----2094----pid-1
---ebpf-pid----2094----pid-2094
---ebpf-pid----2094----pid-1
---ebpf-pid----2094----pid-2094
---ebpf-pid----2094----pid-1
---ebpf-pid----2094----pid-2094
---ebpf-pid----2094----pid-1
---ebpf-pid----2094----pid-2094
---ebpf-pid----2094----pid-1
---ebpf-pid----2094----pid-2094
---ebpf-pid----2094----pid-1
---ebpf-pid----2094----pid-2094
---ebpf-pid----2094----pid-1
---ebpf-pid----2094----pid-2094
---ebpf-pid----2094----pid-1
---ebpf-pid----2094----pid-2094
---ebpf-pid----2094----pid-1
---ebpf-pid----2094----pid-2094
---ebpf-pid----2094----pid-1
---ebpf-pid----2094----pid-2094
---ebpf-pid----2094----pid-1
---ebpf-pid----2094----pid-2094
---ebpf-pid----2094----pid-1
---ebpf-pid----2094----pid-2094
---ebpf-pid----2094----pid-1
---ebpf-pid----2094----pid-2094
---ebpf-pid----2094----pid-1
---ebpf-pid----2094----pid-2094
---ebpf-pid----2094----pid-1
---ebpf-pid----2094----pid-2094
---ebpf-pid----2094----pid-1
---ebpf-pid----2094----pid-2094
---ebpf-pid----2094----pid-1
---ebpf-pid----2094----pid-2094
---ebpf-pid----2094----pid-1
---ebpf-pid----2094----pid-2094
---ebpf-pid----2094----pid-1
---ebpf-pid----2094----pid-2094
---ebpf-pid----2094----pid-1
---ebpf-pid----2094----pid-2094
---ebpf-pid----2094----pid-1
---ebpf-pid----2094----pid-2094
---ebpf-pid----2094----pid-1
---ebpf-pid----2094----pid-2094
---ebpf-pid----2094----pid-1
---ebpf-pid----2094----pid-2094
---ebpf-pid----2094----pid-1
---ebpf-pid----379067----pid-379067
---ebpf-pid----379067----pid-5476
---ebpf-pid----379067----pid-1
---ebpf-pid----379067----pid-379067
---ebpf-pid----379067----pid-5476
---ebpf-pid----379067----pid-1
---ebpf-pid----379067----pid-379067
---ebpf-pid----379067----pid-5476
---ebpf-pid----379067----pid-1
---ebpf-pid----5705----pid-5705
---ebpf-pid----5705----pid-5476
---ebpf-pid----5705----pid-1
---ebpf-pid----379067----pid-379067
---ebpf-pid----379067----pid-5476
---ebpf-pid----379067----pid-1
---ebpf-pid----379067----pid-379067
---ebpf-pid----379067----pid-5476
---ebpf-pid----379067----pid-1
---ebpf-pid----379067----pid-379067
---ebpf-pid----379067----pid-5476
---ebpf-pid----379067----pid-1
---ebpf-pid----379067----pid-379067
---ebpf-pid----379067----pid-5476
---ebpf-pid----379067----pid-1
---ebpf-pid----379067----pid-379067
---ebpf-pid----379067----pid-5476
---ebpf-pid----379067----pid-1
---ebpf-pid----379067----pid-379067
---ebpf-pid----379067----pid-5476
---ebpf-pid----379067----pid-1
---ebpf-pid----379067----pid-379067
---ebpf-pid----379067----pid-5476
---ebpf-pid----379067----pid-1
---ebpf-pid----379067----pid-379067
---ebpf-pid----379067----pid-5476
---ebpf-pid----379067----pid-1
---ebpf-pid----379067----pid-379067
---ebpf-pid----379067----pid-5476
---ebpf-pid----379067----pid-1
---ebpf-pid----2012----pid-2012
---ebpf-pid----2012----pid-1
---ebpf-pid----2012----pid-2012
---ebpf-pid----2012----pid-1
---ebpf-pid----2012----pid-2012
---ebpf-pid----2012----pid-1
---ebpf-pid----2012----pid-2012
---ebpf-pid----2012----pid-1
---ebpf-pid----2012----pid-2012
---ebpf-pid----2012----pid-1
---ebpf-pid----2012----pid-2012
---ebpf-pid----2012----pid-1
---ebpf-pid----2012----pid-2012
---ebpf-pid----2012----pid-1
---ebpf-pid----2012----pid-2012
---ebpf-pid----2012----pid-1
---ebpf-pid----2012----pid-2012
---ebpf-pid----2012----pid-1
---ebpf-pid----2012----pid-2012
---ebpf-pid----2012----pid-1
---ebpf-pid----2094----pid-2094
---ebpf-pid----2094----pid-1
---ebpf-pid----2094----pid-2094
---ebpf-pid----2094----pid-1
---ebpf-pid----2094----pid-2094
---ebpf-pid----2094----pid-1
---ebpf-pid----2094----pid-2094
---ebpf-pid----2094----pid-1
---ebpf-pid----2094----pid-2094
---ebpf-pid----2094----pid-1
---ebpf-pid----2094----pid-2094
---ebpf-pid----2094----pid-1
---ebpf-pid----2094----pid-2094
---ebpf-pid----2094----pid-1
---ebpf-pid----2094----pid-2094
---ebpf-pid----2094----pid-1
---ebpf-pid----2094----pid-2094
---ebpf-pid----2094----pid-1
---ebpf-pid----2094----pid-2094
---ebpf-pid----2094----pid-1
---ebpf-pid----2094----pid-2094
---ebpf-pid----2094----pid-1
---ebpf-pid----2094----pid-2094
---ebpf-pid----2094----pid-1
---ebpf-pid----2094----pid-2094
---ebpf-pid----2094----pid-1
---ebpf-pid----2094----pid-2094
---ebpf-pid----2094----pid-1
---ebpf-pid----2094----pid-2094
---ebpf-pid----2094----pid-1
---ebpf-pid----2094----pid-2094
---ebpf-pid----2094----pid-1
---ebpf-pid----2094----pid-2094
---ebpf-pid----2094----pid-1
---ebpf-pid----2094----pid-2094
---ebpf-pid----2094----pid-1
---ebpf-pid----2094----pid-2094
---ebpf-pid----2094----pid-1
---ebpf-pid----2094----pid-2094
---ebpf-pid----2094----pid-1
---ebpf-pid----2094----pid-2094
---ebpf-pid----2094----pid-1
---ebpf-pid----2094----pid-2094
---ebpf-pid----2094----pid-1
---ebpf-pid----2094----pid-2094
---ebpf-pid----2094----pid-1
---ebpf-pid----2094----pid-2094
---ebpf-pid----2094----pid-1
---ebpf-pid----2094----pid-2094
---ebpf-pid----2094----pid-1
---ebpf-pid----2094----pid-2094
---ebpf-pid----2094----pid-1
---ebpf-pid----2094----pid-2094
---ebpf-pid----2094----pid-1
---ebpf-pid----2094----pid-2094
---ebpf-pid----2094----pid-1
---ebpf-pid----2094----pid-2094
---ebpf-pid----2094----pid-1
---ebpf-pid----2094----pid-2094
---ebpf-pid----2094----pid-1
---ebpf-pid----379067----pid-379067
---ebpf-pid----379067----pid-5476
---ebpf-pid----379067----pid-1
---ebpf-pid----379067----pid-379067
---ebpf-pid----379067----pid-5476
---ebpf-pid----379067----pid-1
---ebpf-pid----379067----pid-379067
---ebpf-pid----379067----pid-5476
---ebpf-pid----379067----pid-1
---ebpf-pid----379067----pid-379067
---ebpf-pid----379067----pid-5476
---ebpf-pid----379067----pid-1
---ebpf-pid----379067----pid-379067
---ebpf-pid----379067----pid-5476
---ebpf-pid----379067----pid-1
---ebpf-pid----379067----pid-379067
---ebpf-pid----379067----pid-5476
---ebpf-pid----379067----pid-1
---ebpf-pid----379067----pid-379067
---ebpf-pid----379067----pid-5476
---ebpf-pid----379067----pid-1
---ebpf-pid----379067----pid-379067
---ebpf-pid----379067----pid-5476
---ebpf-pid----379067----pid-1
---ebpf-pid----379067----pid-379067
---ebpf-pid----379067----pid-5476
---ebpf-pid----379067----pid-1
---ebpf-pid----379067----pid-379067
---ebpf-pid----379067----pid-5476
---ebpf-pid----379067----pid-1
---ebpf-pid----379067----pid-379067
---ebpf-pid----379067----pid-5476
---ebpf-pid----379067----pid-1
---ebpf-pid----379067----pid-379067
---ebpf-pid----379067----pid-5476
---ebpf-pid----379067----pid-1
---ebpf-pid----379067----pid-379067
---ebpf-pid----379067----pid-5476
---ebpf-pid----379067----pid-1
---ebpf-pid----379067----pid-379067
---ebpf-pid----379067----pid-5476
---ebpf-pid----379067----pid-1
---ebpf-pid----373029----pid-373029
---ebpf-pid----373029----pid-5476
---ebpf-pid----373029----pid-1
---ebpf-pid----379067----pid-379067
---ebpf-pid----379067----pid-5476
---ebpf-pid----379067----pid-1
---ebpf-pid----379067----pid-379067
---ebpf-pid----379067----pid-5476
---ebpf-pid----379067----pid-1
---ebpf-pid----379067----pid-379067
---ebpf-pid----379067----pid-5476
---ebpf-pid----379067----pid-1
---ebpf-pid----379067----pid-379067
---ebpf-pid----379067----pid-5476
---ebpf-pid----379067----pid-1
---ebpf-pid----379067----pid-379067
---ebpf-pid----379067----pid-5476
---ebpf-pid----379067----pid-1
---ebpf-pid----5705----pid-5705
---ebpf-pid----5705----pid-5476
---ebpf-pid----5705----pid-1
---ebpf-pid----5705----pid-5705
---ebpf-pid----5705----pid-5476
---ebpf-pid----5705----pid-1
---ebpf-pid----5705----pid-5705
---ebpf-pid----5705----pid-5476
---ebpf-pid----5705----pid-1
---ebpf-pid----5705----pid-5705
---ebpf-pid----5705----pid-5476
---ebpf-pid----5705----pid-1
---ebpf-pid----5705----pid-5705
---ebpf-pid----5705----pid-5476
---ebpf-pid----5705----pid-1
---ebpf-pid----5705----pid-5705
---ebpf-pid----5705----pid-5476
---ebpf-pid----5705----pid-1
---ebpf-pid----5705----pid-5705
---ebpf-pid----5705----pid-5476
---ebpf-pid----5705----pid-1
---ebpf-pid----5705----pid-5705
---ebpf-pid----5705----pid-5476
---ebpf-pid----5705----pid-1
---ebpf-pid----5705----pid-5705
---ebpf-pid----5705----pid-5476
---ebpf-pid----5705----pid-1
---ebpf-pid----5705----pid-5705
---ebpf-pid----5705----pid-5476
---ebpf-pid----5705----pid-1
---ebpf-pid----5705----pid-5705
---ebpf-pid----5705----pid-5476
---ebpf-pid----5705----pid-1
---ebpf-pid----5705----pid-5705
---ebpf-pid----5705----pid-5476
---ebpf-pid----5705----pid-1
---ebpf-pid----5705----pid-5705
---ebpf-pid----5705----pid-5476
---ebpf-pid----5705----pid-1
---ebpf-pid----5705----pid-5705
---ebpf-pid----5705----pid-5476
---ebpf-pid----5705----pid-1
---ebpf-pid----5705----pid-5705
---ebpf-pid----5705----pid-5476
---ebpf-pid----5705----pid-1
---ebpf-pid----5705----pid-5705
---ebpf-pid----5705----pid-5476
---ebpf-pid----5705----pid-1
---ebpf-pid----5705----pid-5705
---ebpf-pid----5705----pid-5476
---ebpf-pid----5705----pid-1
---ebpf-pid----5705----pid-5705
---ebpf-pid----5705----pid-5476
---ebpf-pid----5705----pid-1
---ebpf-pid----5705----pid-5705
---ebpf-pid----5705----pid-5476
---ebpf-pid----5705----pid-1
---ebpf-pid----5705----pid-5705
---ebpf-pid----5705----pid-5476
---ebpf-pid----5705----pid-1
---ebpf-pid----5705----pid-5705
---ebpf-pid----5705----pid-5476
---ebpf-pid----5705----pid-1
---ebpf-pid----5705----pid-5705
---ebpf-pid----5705----pid-5476
---ebpf-pid----5705----pid-1
---ebpf-pid----5705----pid-5705
---ebpf-pid----5705----pid-5476
---ebpf-pid----5705----pid-1
---ebpf-pid----5705----pid-5705
---ebpf-pid----5705----pid-5476
---ebpf-pid----5705----pid-1
---ebpf-pid----5705----pid-5705
---ebpf-pid----5705----pid-5476
---ebpf-pid----5705----pid-1
---ebpf-pid----5705----pid-5705
---ebpf-pid----5705----pid-5476
---ebpf-pid----5705----pid-1
---ebpf-pid----373029----pid-373029
---ebpf-pid----373029----pid-5476
---ebpf-pid----373029----pid-1
---ebpf-pid----5705----pid-5705
---ebpf-pid----5705----pid-5476
---ebpf-pid----5705----pid-1
---ebpf-pid----373029----pid-373029
---ebpf-pid----373029----pid-5476
---ebpf-pid----373029----pid-1
---ebpf-pid----373029----pid-373029
---ebpf-pid----373029----pid-5476
---ebpf-pid----373029----pid-1
---ebpf-pid----373029----pid-373029
---ebpf-pid----373029----pid-5476
---ebpf-pid----373029----pid-1
---ebpf-pid----373029----pid-373029
---ebpf-pid----373029----pid-5476
---ebpf-pid----373029----pid-1
---ebpf-pid----373029----pid-373029
---ebpf-pid----373029----pid-5476
---ebpf-pid----373029----pid-1
---ebpf-pid----2089----pid-2089
---ebpf-pid----2089----pid-1
---ebpf-pid----373029----pid-373029
---ebpf-pid----373029----pid-5476
---ebpf-pid----373029----pid-1
---ebpf-pid----373029----pid-373029
---ebpf-pid----373029----pid-5476
---ebpf-pid----373029----pid-1
---ebpf-pid----373029----pid-373029
---ebpf-pid----373029----pid-5476
---ebpf-pid----373029----pid-1
---ebpf-pid----373029----pid-373029
---ebpf-pid----373029----pid-5476
---ebpf-pid----373029----pid-1
---ebpf-pid----373029----pid-373029
---ebpf-pid----373029----pid-5476
---ebpf-pid----373029----pid-1
---ebpf-pid----373029----pid-373029
---ebpf-pid----373029----pid-5476
---ebpf-pid----373029----pid-1
---ebpf-pid----2089----pid-2089
---ebpf-pid----2089----pid-1
---ebpf-pid----2089----pid-2089
---ebpf-pid----2089----pid-1
---ebpf-pid----2089----pid-2089
---ebpf-pid----2089----pid-1
---ebpf-pid----2089----pid-2089
---ebpf-pid----2089----pid-1
---ebpf-pid----2089----pid-2089
---ebpf-pid----2089----pid-1
---ebpf-pid----2089----pid-2089
---ebpf-pid----2089----pid-1
---ebpf-pid----2089----pid-2089
---ebpf-pid----2089----pid-1
---ebpf-pid----2089----pid-2089
---ebpf-pid----2089----pid-1
---ebpf-pid----2089----pid-2089
---ebpf-pid----2089----pid-1
---ebpf-pid----2089----pid-2089
---ebpf-pid----2089----pid-1
---ebpf-pid----2089----pid-2089
---ebpf-pid----2089----pid-1
---ebpf-pid----2089----pid-2089
---ebpf-pid----2089----pid-1
---ebpf-pid----2089----pid-2089
---ebpf-pid----2089----pid-1
---ebpf-pid----2089----pid-2089
---ebpf-pid----2089----pid-1
---ebpf-pid----2089----pid-2089
---ebpf-pid----2089----pid-1
---ebpf-pid----2089----pid-2089
---ebpf-pid----2089----pid-1
---ebpf-pid----2089----pid-2089
---ebpf-pid----2089----pid-1
---ebpf-pid----2089----pid-2089
---ebpf-pid----2089----pid-1
---ebpf-pid----2089----pid-2089
---ebpf-pid----2089----pid-1
---ebpf-pid----2089----pid-2089
---ebpf-pid----2089----pid-1
---ebpf-pid----2089----pid-2089
---ebpf-pid----2089----pid-1
---ebpf-pid----2089----pid-2089
---ebpf-pid----2089----pid-1
---ebpf-pid----2089----pid-2089
---ebpf-pid----2089----pid-1
---ebpf-pid----2089----pid-2089
---ebpf-pid----2089----pid-1
---ebpf-pid----2089----pid-2089
---ebpf-pid----2089----pid-1
---ebpf-pid----2089----pid-2089
---ebpf-pid----2089----pid-1
---ebpf-pid----2089----pid-2089
---ebpf-pid----2089----pid-1
---ebpf-pid----2089----pid-2089
---ebpf-pid----2089----pid-1
---ebpf-pid----2089----pid-2089
---ebpf-pid----2089----pid-1
---ebpf-pid----2089----pid-2089
---ebpf-pid----2089----pid-1
---ebpf-pid----2094----pid-2094
---ebpf-pid----2094----pid-1
---ebpf-pid----2094----pid-2094
---ebpf-pid----2094----pid-1
---ebpf-pid----2094----pid-2094
---ebpf-pid----2094----pid-1
---ebpf-pid----2094----pid-2094
---ebpf-pid----2094----pid-1
---ebpf-pid----2094----pid-2094
---ebpf-pid----2094----pid-1
---ebpf-pid----2094----pid-2094
---ebpf-pid----2094----pid-1
---ebpf-pid----2094----pid-2094
---ebpf-pid----2094----pid-1
---ebpf-pid----2094----pid-2094
---ebpf-pid----2094----pid-1
---ebpf-pid----2094----pid-2094
---ebpf-pid----2094----pid-1
---ebpf-pid----2094----pid-2094
---ebpf-pid----2094----pid-1
---ebpf-pid----2094----pid-2094
---ebpf-pid----2094----pid-1
---ebpf-pid----2094----pid-2094
---ebpf-pid----2094----pid-1
---ebpf-pid----2094----pid-2094
---ebpf-pid----2094----pid-1
---ebpf-pid----2094----pid-2094
---ebpf-pid----2094----pid-1
---ebpf-pid----2094----pid-2094
---ebpf-pid----2094----pid-1
---ebpf-pid----2094----pid-2094
---ebpf-pid----2094----pid-1
---ebpf-pid----2094----pid-2094
---ebpf-pid----2094----pid-1
---ebpf-pid----2094----pid-2094
---ebpf-pid----2094----pid-1
---ebpf-pid----2094----pid-2094
---ebpf-pid----2094----pid-1
---ebpf-pid----2012----pid-2012
---ebpf-pid----2012----pid-1
---ebpf-pid----5705----pid-5705
---ebpf-pid----5705----pid-5476
---ebpf-pid----5705----pid-1
---ebpf-pid----5705----pid-5705
---ebpf-pid----5705----pid-5476
---ebpf-pid----5705----pid-1
---ebpf-pid----5705----pid-5705
---ebpf-pid----5705----pid-5476
---ebpf-pid----5705----pid-1
---ebpf-pid----5705----pid-5705
---ebpf-pid----5705----pid-5476
---ebpf-pid----5705----pid-1
---ebpf-pid----5705----pid-5705
---ebpf-pid----5705----pid-5476
---ebpf-pid----5705----pid-1
---ebpf-pid----5705----pid-5705
---ebpf-pid----5705----pid-5476
---ebpf-pid----5705----pid-1
---ebpf-pid----5705----pid-5705
---ebpf-pid----5705----pid-5476
---ebpf-pid----5705----pid-1
---ebpf-pid----5705----pid-5705
---ebpf-pid----5705----pid-5476
---ebpf-pid----5705----pid-1
---ebpf-pid----5705----pid-5705
---ebpf-pid----5705----pid-5476
---ebpf-pid----5705----pid-1
---ebpf-pid----5705----pid-5705
---ebpf-pid----5705----pid-5476
---ebpf-pid----5705----pid-1
---ebpf-pid----5707----pid-5707
---ebpf-pid----5707----pid-5476
---ebpf-pid----5707----pid-1
---ebpf-pid----5707----pid-5707
---ebpf-pid----5707----pid-5476
---ebpf-pid----5707----pid-1
---ebpf-pid----5707----pid-5707
---ebpf-pid----5707----pid-5476
---ebpf-pid----5707----pid-1
---ebpf-pid----5707----pid-5707
---ebpf-pid----5707----pid-5476
---ebpf-pid----5707----pid-1
---ebpf-pid----5707----pid-5707
---ebpf-pid----5707----pid-5476
---ebpf-pid----5707----pid-1
---ebpf-pid----5707----pid-5707
---ebpf-pid----5707----pid-5476
---ebpf-pid----5707----pid-1
---ebpf-pid----5707----pid-5707
---ebpf-pid----5707----pid-5476
---ebpf-pid----5707----pid-1
---ebpf-pid----5707----pid-5707
---ebpf-pid----5707----pid-5476
---ebpf-pid----5707----pid-1
---ebpf-pid----5707----pid-5707
---ebpf-pid----5707----pid-5476
---ebpf-pid----5707----pid-1
---ebpf-pid----5707----pid-5707
---ebpf-pid----5707----pid-5476
---ebpf-pid----5707----pid-1
---ebpf-pid----5707----pid-5707
---ebpf-pid----5707----pid-5476
---ebpf-pid----5707----pid-1
---ebpf-pid----5707----pid-5707
---ebpf-pid----5707----pid-5476
---ebpf-pid----5707----pid-1
---ebpf-pid----5707----pid-5707
---ebpf-pid----5707----pid-5476
---ebpf-pid----5707----pid-1
---ebpf-pid----5707----pid-5707
---ebpf-pid----5707----pid-5476
---ebpf-pid----5707----pid-1
---ebpf-pid----5707----pid-5707
---ebpf-pid----5707----pid-5476
---ebpf-pid----5707----pid-1
---ebpf-pid----5707----pid-5707
---ebpf-pid----5707----pid-5476
---ebpf-pid----5707----pid-1
---ebpf-pid----5707----pid-5707
---ebpf-pid----5707----pid-5476
---ebpf-pid----5707----pid-1
---ebpf-pid----5707----pid-5707
---ebpf-pid----5707----pid-5476
---ebpf-pid----5707----pid-1
---ebpf-pid----5707----pid-5707
---ebpf-pid----5707----pid-5476
---ebpf-pid----5707----pid-1
---ebpf-pid----5707----pid-5707
---ebpf-pid----5707----pid-5476
---ebpf-pid----5707----pid-1
---ebpf-pid----5707----pid-5707
---ebpf-pid----5707----pid-5476
---ebpf-pid----5707----pid-1
---ebpf-pid----5707----pid-5707
---ebpf-pid----5707----pid-5476
---ebpf-pid----5707----pid-1
---ebpf-pid----5707----pid-5707
---ebpf-pid----5707----pid-5476
---ebpf-pid----5707----pid-1
---ebpf-pid----379067----pid-379067
---ebpf-pid----379067----pid-5476
---ebpf-pid----379067----pid-1
---ebpf-pid----379067----pid-379067
---ebpf-pid----379067----pid-5476
---ebpf-pid----379067----pid-1
---ebpf-pid----379067----pid-379067
---ebpf-pid----379067----pid-5476
---ebpf-pid----379067----pid-1
---ebpf-pid----379067----pid-379067
---ebpf-pid----379067----pid-5476
---ebpf-pid----379067----pid-1
---ebpf-pid----379067----pid-379067
---ebpf-pid----379067----pid-5476
---ebpf-pid----379067----pid-1
---ebpf-pid----379067----pid-379067
---ebpf-pid----379067----pid-5476
---ebpf-pid----379067----pid-1
---ebpf-pid----379067----pid-379067
---ebpf-pid----379067----pid-5476
---ebpf-pid----379067----pid-1
---ebpf-pid----379067----pid-379067
---ebpf-pid----379067----pid-5476
---ebpf-pid----379067----pid-1
---ebpf-pid----379067----pid-379067
---ebpf-pid----379067----pid-5476
---ebpf-pid----379067----pid-1
---ebpf-pid----379067----pid-379067
---ebpf-pid----379067----pid-5476
---ebpf-pid----379067----pid-1
---ebpf-pid----5707----pid-5707
---ebpf-pid----5707----pid-5476
---ebpf-pid----5707----pid-1
---ebpf-pid----5707----pid-5707
---ebpf-pid----5707----pid-5476
---ebpf-pid----5707----pid-1
---ebpf-pid----5707----pid-5707
---ebpf-pid----5707----pid-5476
---ebpf-pid----5707----pid-1
---ebpf-pid----5707----pid-5707
---ebpf-pid----5707----pid-5476
---ebpf-pid----5707----pid-1
---ebpf-pid----5707----pid-5707
---ebpf-pid----5707----pid-5476
---ebpf-pid----5707----pid-1
---ebpf-pid----5707----pid-5707
---ebpf-pid----5707----pid-5476
---ebpf-pid----5707----pid-1
---ebpf-pid----5707----pid-5707
---ebpf-pid----5707----pid-5476
---ebpf-pid----5707----pid-1
---ebpf-pid----5707----pid-5707
---ebpf-pid----5707----pid-5476
---ebpf-pid----5707----pid-1
---ebpf-pid----5707----pid-5707
---ebpf-pid----5707----pid-5476
---ebpf-pid----5707----pid-1
---ebpf-pid----5707----pid-5707
---ebpf-pid----5707----pid-5476
---ebpf-pid----5707----pid-1
---ebpf-pid----5707----pid-5707
---ebpf-pid----5707----pid-5476
---ebpf-pid----5707----pid-1
---ebpf-pid----5707----pid-5707
---ebpf-pid----5707----pid-5476
---ebpf-pid----5707----pid-1
---ebpf-pid----5707----pid-5707
---ebpf-pid----5707----pid-5476
---ebpf-pid----5707----pid-1
---ebpf-pid----5707----pid-5707
---ebpf-pid----5707----pid-5476
---ebpf-pid----5707----pid-1
---ebpf-pid----5707----pid-5707
---ebpf-pid----5707----pid-5476
---ebpf-pid----5707----pid-1
---ebpf-pid----5707----pid-5707
---ebpf-pid----5707----pid-5476
---ebpf-pid----5707----pid-1
---ebpf-pid----5707----pid-5707
---ebpf-pid----5707----pid-5476
---ebpf-pid----5707----pid-1
---ebpf-pid----2012----pid-2012
---ebpf-pid----2012----pid-1
---ebpf-pid----2012----pid-2012
---ebpf-pid----2012----pid-1
---ebpf-pid----2012----pid-2012
---ebpf-pid----2012----pid-1
---ebpf-pid----2012----pid-2012
---ebpf-pid----2012----pid-1
---ebpf-pid----2012----pid-2012
---ebpf-pid----2012----pid-1
---ebpf-pid----2012----pid-2012
---ebpf-pid----2012----pid-1
---ebpf-pid----2012----pid-2012
---ebpf-pid----2012----pid-1
---ebpf-pid----2012----pid-2012
---ebpf-pid----2012----pid-1
---ebpf-pid----2012----pid-2012
---ebpf-pid----2012----pid-1
---ebpf-pid----2012----pid-2012
---ebpf-pid----2012----pid-1
---ebpf-pid----373029----pid-373029
---ebpf-pid----373029----pid-5476
---ebpf-pid----373029----pid-1
---ebpf-pid----1856----pid-1856
---ebpf-pid----1856----pid-1
---ebpf-pid----2012----pid-2012
---ebpf-pid----2012----pid-1
---ebpf-pid----2012----pid-2012
---ebpf-pid----2012----pid-1
---ebpf-pid----2012----pid-2012
---ebpf-pid----2012----pid-1
---ebpf-pid----2012----pid-2012
---ebpf-pid----2012----pid-1
---ebpf-pid----2012----pid-2012
---ebpf-pid----2012----pid-1
---ebpf-pid----2012----pid-2012
---ebpf-pid----2012----pid-1
---ebpf-pid----2012----pid-2012
---ebpf-pid----2012----pid-1
---ebpf-pid----2012----pid-2012
---ebpf-pid----2012----pid-1
---ebpf-pid----7265----pid-7265
---ebpf-pid----7265----pid-1
---ebpf-pid----7260----pid-7260
---ebpf-pid----7260----pid-1
---ebpf-pid----7260----pid-7260
---ebpf-pid----7260----pid-1
---ebpf-pid----7260----pid-7260
---ebpf-pid----7260----pid-1
---ebpf-pid----2088----pid-2088
---ebpf-pid----2088----pid-1
---ebpf-pid----2088----pid-2088
---ebpf-pid----2088----pid-1
---ebpf-pid----2088----pid-2088
---ebpf-pid----2088----pid-1
---ebpf-pid----2088----pid-2088
---ebpf-pid----2088----pid-1
---ebpf-pid----2088----pid-2088
---ebpf-pid----2088----pid-1
---ebpf-pid----2088----pid-2088
---ebpf-pid----2088----pid-1
---ebpf-pid----2088----pid-2088
---ebpf-pid----2088----pid-1
---ebpf-pid----2088----pid-2088
---ebpf-pid----2088----pid-1
---ebpf-pid----2088----pid-2088
---ebpf-pid----2088----pid-1
---ebpf-pid----2088----pid-2088
---ebpf-pid----2088----pid-1
---ebpf-pid----2088----pid-2088
---ebpf-pid----2088----pid-1
---ebpf-pid----2088----pid-2088
---ebpf-pid----2088----pid-1
---ebpf-pid----2088----pid-2088
---ebpf-pid----2088----pid-1
---ebpf-pid----2088----pid-2088
---ebpf-pid----2088----pid-1
---ebpf-pid----2088----pid-2088
---ebpf-pid----2088----pid-1
---ebpf-pid----2088----pid-2088
---ebpf-pid----2088----pid-1
---ebpf-pid----2088----pid-2088
---ebpf-pid----2088----pid-1
---ebpf-pid----2088----pid-2088
---ebpf-pid----2088----pid-1
---ebpf-pid----2088----pid-2088
---ebpf-pid----2088----pid-1
---ebpf-pid----2088----pid-2088
---ebpf-pid----2088----pid-1
---ebpf-pid----2088----pid-2088
---ebpf-pid----2088----pid-1
---ebpf-pid----2088----pid-2088
---ebpf-pid----2088----pid-1
---ebpf-pid----2088----pid-2088
---ebpf-pid----2088----pid-1
---ebpf-pid----2088----pid-2088
---ebpf-pid----2088----pid-1
---ebpf-pid----2088----pid-2088
---ebpf-pid----2088----pid-1
---ebpf-pid----2088----pid-2088
---ebpf-pid----2088----pid-1
---ebpf-pid----2088----pid-2088
---ebpf-pid----2088----pid-1
---ebpf-pid----2088----pid-2088
---ebpf-pid----2088----pid-1
---ebpf-pid----2088----pid-2088
---ebpf-pid----2088----pid-1
---ebpf-pid----2088----pid-2088
---ebpf-pid----2088----pid-1
---ebpf-pid----2088----pid-2088
---ebpf-pid----2088----pid-1
---ebpf-pid----2088----pid-2088
---ebpf-pid----2088----pid-1
---ebpf-pid----2088----pid-2088
---ebpf-pid----2088----pid-1
---ebpf-pid----2088----pid-2088
---ebpf-pid----2088----pid-1
---ebpf-pid----2088----pid-2088
---ebpf-pid----2088----pid-1
---ebpf-pid----2088----pid-2088
---ebpf-pid----2088----pid-1
---ebpf-pid----2088----pid-2088
---ebpf-pid----2088----pid-1
---ebpf-pid----2088----pid-2088
---ebpf-pid----2088----pid-1
---ebpf-pid----2088----pid-2088
---ebpf-pid----2088----pid-1
---ebpf-pid----2088----pid-2088
---ebpf-pid----2088----pid-1
---ebpf-pid----2088----pid-2088
---ebpf-pid----2088----pid-1
---ebpf-pid----2088----pid-2088
---ebpf-pid----2088----pid-1
---ebpf-pid----2088----pid-2088
---ebpf-pid----2088----pid-1
---ebpf-pid----2088----pid-2088
---ebpf-pid----2088----pid-1
---ebpf-pid----2088----pid-2088
---ebpf-pid----2088----pid-1
---ebpf-pid----2088----pid-2088
---ebpf-pid----2088----pid-1
---ebpf-pid----2088----pid-2088
---ebpf-pid----2088----pid-1
---ebpf-pid----2088----pid-2088
---ebpf-pid----2088----pid-1
---ebpf-pid----2088----pid-2088
---ebpf-pid----2088----pid-1
---ebpf-pid----2088----pid-2088
---ebpf-pid----2088----pid-1
---ebpf-pid----2088----pid-2088
---ebpf-pid----2088----pid-1
---ebpf-pid----2088----pid-2088
---ebpf-pid----2088----pid-1
---ebpf-pid----2088----pid-2088
---ebpf-pid----2088----pid-1
---ebpf-pid----2088----pid-2088
---ebpf-pid----2088----pid-1
---ebpf-pid----2088----pid-2088
---ebpf-pid----2088----pid-1
---ebpf-pid----2088----pid-2088
---ebpf-pid----2088----pid-1
---ebpf-pid----2088----pid-2088
---ebpf-pid----2088----pid-1
---ebpf-pid----2088----pid-2088
---ebpf-pid----2088----pid-1
---ebpf-pid----2088----pid-2088
---ebpf-pid----2088----pid-1
---ebpf-pid----2088----pid-2088
---ebpf-pid----2088----pid-1
---ebpf-pid----2088----pid-2088
---ebpf-pid----2088----pid-1
---ebpf-pid----2088----pid-2088
---ebpf-pid----2088----pid-1
---ebpf-pid----2088----pid-2088
---ebpf-pid----2088----pid-1
---ebpf-pid----2088----pid-2088
---ebpf-pid----2088----pid-1
---ebpf-pid----2088----pid-2088
---ebpf-pid----2088----pid-1
---ebpf-pid----2088----pid-2088
---ebpf-pid----2088----pid-1
---ebpf-pid----2088----pid-2088
---ebpf-pid----2088----pid-1
---ebpf-pid----2088----pid-2088
---ebpf-pid----2088----pid-1
---ebpf-pid----2088----pid-2088
---ebpf-pid----2088----pid-1
---ebpf-pid----2088----pid-2088
---ebpf-pid----2088----pid-1
---ebpf-pid----2088----pid-2088
---ebpf-pid----2088----pid-1
---ebpf-pid----2088----pid-2088
---ebpf-pid----2088----pid-1
---ebpf-pid----2088----pid-2088
---ebpf-pid----2088----pid-1
---ebpf-pid----2088----pid-2088
---ebpf-pid----2088----pid-1
---ebpf-pid----2088----pid-2088
---ebpf-pid----2088----pid-1
---ebpf-pid----2088----pid-2088
---ebpf-pid----2088----pid-1
---ebpf-pid----2088----pid-2088
---ebpf-pid----2088----pid-1
---ebpf-pid----2088----pid-2088
---ebpf-pid----2088----pid-1
---ebpf-pid----2088----pid-2088
---ebpf-pid----2088----pid-1
---ebpf-pid----2088----pid-2088
---ebpf-pid----2088----pid-1
---ebpf-pid----2088----pid-2088
---ebpf-pid----2088----pid-1
---ebpf-pid----2088----pid-2088
---ebpf-pid----2088----pid-1
---ebpf-pid----2088----pid-2088
---ebpf-pid----2088----pid-1
---ebpf-pid----379067----pid-379067
---ebpf-pid----379067----pid-5476
---ebpf-pid----379067----pid-1
---ebpf-pid----379067----pid-379067
---ebpf-pid----379067----pid-5476
---ebpf-pid----379067----pid-1
---ebpf-pid----379067----pid-379067
---ebpf-pid----379067----pid-5476
---ebpf-pid----379067----pid-1
---ebpf-pid----379067----pid-379067
---ebpf-pid----379067----pid-5476
---ebpf-pid----379067----pid-1
---ebpf-pid----379067----pid-379067
---ebpf-pid----379067----pid-5476
---ebpf-pid----379067----pid-1
---ebpf-pid----379067----pid-379067
---ebpf-pid----379067----pid-5476
---ebpf-pid----379067----pid-1
---ebpf-pid----379067----pid-379067
---ebpf-pid----379067----pid-5476
---ebpf-pid----379067----pid-1
---ebpf-pid----379067----pid-379067
---ebpf-pid----379067----pid-5476
---ebpf-pid----379067----pid-1
---ebpf-pid----379067----pid-379067
---ebpf-pid----379067----pid-5476
---ebpf-pid----379067----pid-1
---ebpf-pid----379067----pid-379067
---ebpf-pid----379067----pid-5476
---ebpf-pid----379067----pid-1
---ebpf-pid----379067----pid-379067
---ebpf-pid----379067----pid-5476
---ebpf-pid----379067----pid-1
---ebpf-pid----379067----pid-379067
---ebpf-pid----379067----pid-5476
---ebpf-pid----379067----pid-1
---ebpf-pid----379067----pid-379067
---ebpf-pid----379067----pid-5476
---ebpf-pid----379067----pid-1
---ebpf-pid----379067----pid-379067
---ebpf-pid----379067----pid-5476
---ebpf-pid----379067----pid-1
---ebpf-pid----379067----pid-379067
---ebpf-pid----379067----pid-5476
---ebpf-pid----379067----pid-1
---ebpf-pid----379067----pid-379067
---ebpf-pid----379067----pid-5476
---ebpf-pid----379067----pid-1
---ebpf-pid----379067----pid-379067
---ebpf-pid----379067----pid-5476
---ebpf-pid----379067----pid-1
---ebpf-pid----379067----pid-379067
---ebpf-pid----379067----pid-5476
---ebpf-pid----379067----pid-1
---ebpf-pid----379067----pid-379067
---ebpf-pid----379067----pid-5476
---ebpf-pid----379067----pid-1
---ebpf-pid----379067----pid-379067
---ebpf-pid----379067----pid-5476
---ebpf-pid----379067----pid-1
---ebpf-pid----379067----pid-379067
---ebpf-pid----379067----pid-5476
---ebpf-pid----379067----pid-1
---ebpf-pid----379067----pid-379067
---ebpf-pid----379067----pid-5476
---ebpf-pid----379067----pid-1
---ebpf-pid----379067----pid-379067
---ebpf-pid----379067----pid-5476
---ebpf-pid----379067----pid-1
---ebpf-pid----379067----pid-379067
---ebpf-pid----379067----pid-5476
---ebpf-pid----379067----pid-1
---ebpf-pid----379067----pid-379067
---ebpf-pid----379067----pid-5476
---ebpf-pid----379067----pid-1
---ebpf-pid----379067----pid-379067
---ebpf-pid----379067----pid-5476
---ebpf-pid----379067----pid-1
---ebpf-pid----379067----pid-379067
---ebpf-pid----379067----pid-5476
---ebpf-pid----379067----pid-1
---ebpf-pid----379067----pid-379067
---ebpf-pid----379067----pid-5476
---ebpf-pid----379067----pid-1
---ebpf-pid----379067----pid-379067
---ebpf-pid----379067----pid-5476
---ebpf-pid----379067----pid-1
---ebpf-pid----379067----pid-379067
---ebpf-pid----379067----pid-5476
---ebpf-pid----379067----pid-1
---ebpf-pid----5707----pid-5707
---ebpf-pid----5707----pid-5476
---ebpf-pid----5707----pid-1
---ebpf-pid----5707----pid-5707
---ebpf-pid----5707----pid-5476
---ebpf-pid----5707----pid-1
---ebpf-pid----5707----pid-5707
---ebpf-pid----5707----pid-5476
---ebpf-pid----5707----pid-1
---ebpf-pid----5707----pid-5707
---ebpf-pid----5707----pid-5476
---ebpf-pid----5707----pid-1
---ebpf-pid----5707----pid-5707
---ebpf-pid----5707----pid-5476
---ebpf-pid----5707----pid-1
---ebpf-pid----5707----pid-5707
---ebpf-pid----5707----pid-5476
---ebpf-pid----5707----pid-1
---ebpf-pid----5707----pid-5707
---ebpf-pid----5707----pid-5476
---ebpf-pid----5707----pid-1
---ebpf-pid----5707----pid-5707
---ebpf-pid----5707----pid-5476
---ebpf-pid----5707----pid-1
---ebpf-pid----5707----pid-5707
---ebpf-pid----5707----pid-5476
---ebpf-pid----5707----pid-1
---ebpf-pid----5707----pid-5707
---ebpf-pid----5707----pid-5476
---ebpf-pid----5707----pid-1
---ebpf-pid----5705----pid-5705
---ebpf-pid----5705----pid-5476
---ebpf-pid----5705----pid-1
---ebpf-pid----5707----pid-5707
---ebpf-pid----5707----pid-5476
---ebpf-pid----5707----pid-1
---ebpf-pid----5707----pid-5707
---ebpf-pid----5707----pid-5476
---ebpf-pid----5707----pid-1
---ebpf-pid----5707----pid-5707
---ebpf-pid----5707----pid-5476
---ebpf-pid----5707----pid-1
---ebpf-pid----379067----pid-379067
---ebpf-pid----379067----pid-5476
---ebpf-pid----379067----pid-1
---ebpf-pid----379067----pid-379067
---ebpf-pid----379067----pid-5476
---ebpf-pid----379067----pid-1
---ebpf-pid----5705----pid-5705
---ebpf-pid----5705----pid-5476
---ebpf-pid----5705----pid-1
---ebpf-pid----5705----pid-5705
---ebpf-pid----5705----pid-5476
---ebpf-pid----5705----pid-1
---ebpf-pid----5707----pid-5707
---ebpf-pid----5707----pid-5476
---ebpf-pid----5707----pid-1
---ebpf-pid----5707----pid-5707
---ebpf-pid----5707----pid-5476
---ebpf-pid----5707----pid-1
---ebpf-pid----373029----pid-373029
---ebpf-pid----373029----pid-5476
---ebpf-pid----373029----pid-1
---ebpf-pid----373029----pid-373029
---ebpf-pid----373029----pid-5476
---ebpf-pid----373029----pid-1
---ebpf-pid----373029----pid-373029
---ebpf-pid----373029----pid-5476
---ebpf-pid----373029----pid-1
---ebpf-pid----373029----pid-373029
---ebpf-pid----373029----pid-5476
---ebpf-pid----373029----pid-1
---ebpf-pid----373029----pid-373029
---ebpf-pid----373029----pid-5476
---ebpf-pid----373029----pid-1
---ebpf-pid----373029----pid-373029
---ebpf-pid----373029----pid-5476
---ebpf-pid----373029----pid-1
---ebpf-pid----373029----pid-373029
---ebpf-pid----373029----pid-5476
---ebpf-pid----373029----pid-1
---ebpf-pid----373029----pid-373029
---ebpf-pid----373029----pid-5476
---ebpf-pid----373029----pid-1
---ebpf-pid----373029----pid-373029
---ebpf-pid----373029----pid-5476
---ebpf-pid----373029----pid-1
---ebpf-pid----373029----pid-373029
---ebpf-pid----373029----pid-5476
---ebpf-pid----373029----pid-1
---ebpf-pid----373029----pid-373029
---ebpf-pid----373029----pid-5476
---ebpf-pid----373029----pid-1
---ebpf-pid----373029----pid-373029
---ebpf-pid----373029----pid-5476
---ebpf-pid----373029----pid-1
---ebpf-pid----373029----pid-373029
---ebpf-pid----373029----pid-5476
---ebpf-pid----373029----pid-1
---ebpf-pid----373029----pid-373029
---ebpf-pid----373029----pid-5476
---ebpf-pid----373029----pid-1
---ebpf-pid----373029----pid-373029
---ebpf-pid----373029----pid-5476
---ebpf-pid----373029----pid-1
---ebpf-pid----373029----pid-373029
---ebpf-pid----373029----pid-5476
---ebpf-pid----373029----pid-1
---ebpf-pid----373029----pid-373029
---ebpf-pid----373029----pid-5476
---ebpf-pid----373029----pid-1
---ebpf-pid----373029----pid-373029
---ebpf-pid----373029----pid-5476
---ebpf-pid----373029----pid-1
---ebpf-pid----373029----pid-373029
---ebpf-pid----373029----pid-5476
---ebpf-pid----373029----pid-1
---ebpf-pid----373029----pid-373029
---ebpf-pid----373029----pid-5476
---ebpf-pid----373029----pid-1
---ebpf-pid----2029----pid-2029
---ebpf-pid----2029----pid-1
---ebpf-pid----2029----pid-2029
---ebpf-pid----2029----pid-1
---ebpf-pid----2029----pid-2029
---ebpf-pid----2029----pid-1
---ebpf-pid----2029----pid-2029
---ebpf-pid----2029----pid-1
---ebpf-pid----2029----pid-2029
---ebpf-pid----2029----pid-1
---ebpf-pid----2029----pid-2029
---ebpf-pid----2029----pid-1
---ebpf-pid----2029----pid-2029
---ebpf-pid----2029----pid-1
---ebpf-pid----2029----pid-2029
---ebpf-pid----2029----pid-1
---ebpf-pid----2029----pid-2029
---ebpf-pid----2029----pid-1
---ebpf-pid----2029----pid-2029
---ebpf-pid----2029----pid-1
---ebpf-pid----2029----pid-2029
---ebpf-pid----2029----pid-1
---ebpf-pid----2029----pid-2029
---ebpf-pid----2029----pid-1
---ebpf-pid----2029----pid-2029
---ebpf-pid----2029----pid-1
---ebpf-pid----2029----pid-2029
---ebpf-pid----2029----pid-1
---ebpf-pid----2012----pid-2012
---ebpf-pid----2012----pid-1
---ebpf-pid----2029----pid-2029
---ebpf-pid----2029----pid-1
---ebpf-pid----2029----pid-2029
---ebpf-pid----2029----pid-1
---ebpf-pid----2029----pid-2029
---ebpf-pid----2029----pid-1
---ebpf-pid----2029----pid-2029
---ebpf-pid----2029----pid-1
---ebpf-pid----2029----pid-2029
---ebpf-pid----2029----pid-1
---ebpf-pid----373029----pid-373029
---ebpf-pid----373029----pid-5476
---ebpf-pid----373029----pid-1
---ebpf-pid----14----pid-14
---ebpf-pid----14----pid-2
---ebpf-pid----372714----pid-372714
---ebpf-pid----372714----pid-5476
---ebpf-pid----372714----pid-1
---ebpf-pid----372714----pid-372714
---ebpf-pid----372714----pid-5476
---ebpf-pid----372714----pid-1
---ebpf-pid----372714----pid-372714
---ebpf-pid----372714----pid-5476
---ebpf-pid----372714----pid-1
---ebpf-pid----372714----pid-372714
---ebpf-pid----372714----pid-5476
---ebpf-pid----372714----pid-1
---ebpf-pid----372714----pid-372714
---ebpf-pid----372714----pid-5476
---ebpf-pid----372714----pid-1
---ebpf-pid----372714----pid-372714
---ebpf-pid----372714----pid-5476
---ebpf-pid----372714----pid-1
---ebpf-pid----372714----pid-372714
---ebpf-pid----372714----pid-5476
---ebpf-pid----372714----pid-1
---ebpf-pid----372714----pid-372714
---ebpf-pid----372714----pid-5476
---ebpf-pid----372714----pid-1
---ebpf-pid----372714----pid-372714
---ebpf-pid----372714----pid-5476
---ebpf-pid----372714----pid-1
---ebpf-pid----372714----pid-372714
---ebpf-pid----372714----pid-5476
---ebpf-pid----372714----pid-1
---ebpf-pid----2029----pid-2029
---ebpf-pid----2029----pid-1
---ebpf-pid----2029----pid-2029
---ebpf-pid----2029----pid-1
---ebpf-pid----2029----pid-2029
---ebpf-pid----2029----pid-1
---ebpf-pid----2029----pid-2029
---ebpf-pid----2029----pid-1
---ebpf-pid----2029----pid-2029
---ebpf-pid----2029----pid-1
---ebpf-pid----2029----pid-2029
---ebpf-pid----2029----pid-1
---ebpf-pid----2029----pid-2029
---ebpf-pid----2029----pid-1
---ebpf-pid----2029----pid-2029
---ebpf-pid----2029----pid-1
---ebpf-pid----2012----pid-2012
---ebpf-pid----2012----pid-1
---ebpf-pid----2012----pid-2012
---ebpf-pid----2012----pid-1
---ebpf-pid----2012----pid-2012
---ebpf-pid----2012----pid-1
---ebpf-pid----2012----pid-2012
---ebpf-pid----2012----pid-1
---ebpf-pid----2012----pid-2012
---ebpf-pid----2012----pid-1
---ebpf-pid----2012----pid-2012
---ebpf-pid----2012----pid-1
---ebpf-pid----2012----pid-2012
---ebpf-pid----2012----pid-1
---ebpf-pid----2012----pid-2012
---ebpf-pid----2012----pid-1
---ebpf-pid----2012----pid-2012
---ebpf-pid----2012----pid-1
---ebpf-pid----2012----pid-2012
---ebpf-pid----2012----pid-1
---ebpf-pid----2012----pid-2012
---ebpf-pid----2012----pid-1
---ebpf-pid----2012----pid-2012
---ebpf-pid----2012----pid-1
---ebpf-pid----2012----pid-2012
---ebpf-pid----2012----pid-1
---ebpf-pid----2012----pid-2012
---ebpf-pid----2012----pid-1
---ebpf-pid----2012----pid-2012
---ebpf-pid----2012----pid-1
---ebpf-pid----2012----pid-2012
---ebpf-pid----2012----pid-1
---ebpf-pid----2012----pid-2012
---ebpf-pid----2012----pid-1
---ebpf-pid----2012----pid-2012
---ebpf-pid----2012----pid-1
---ebpf-pid----2012----pid-2012
---ebpf-pid----2012----pid-1
---ebpf-pid----2012----pid-2012
---ebpf-pid----2012----pid-1
---ebpf-pid----2012----pid-2012
---ebpf-pid----2012----pid-1
---ebpf-pid----2012----pid-2012
---ebpf-pid----2012----pid-1
---ebpf-pid----2012----pid-2012
---ebpf-pid----2012----pid-1
---ebpf-pid----2012----pid-2012
---ebpf-pid----2012----pid-1
---ebpf-pid----2012----pid-2012
---ebpf-pid----2012----pid-1
---ebpf-pid----2012----pid-2012
---ebpf-pid----2012----pid-1
---ebpf-pid----2012----pid-2012
---ebpf-pid----2012----pid-1
---ebpf-pid----2012----pid-2012
---ebpf-pid----2012----pid-1
---ebpf-pid----2012----pid-2012
---ebpf-pid----2012----pid-1
---ebpf-pid----2012----pid-2012
---ebpf-pid----2012----pid-1
---ebpf-pid----2012----pid-2012
---ebpf-pid----2012----pid-1
---ebpf-pid----2012----pid-2012
---ebpf-pid----2012----pid-1
---ebpf-pid----2012----pid-2012
---ebpf-pid----2012----pid-1
---ebpf-pid----372714----pid-372714
---ebpf-pid----372714----pid-5476
---ebpf-pid----372714----pid-1
---ebpf-pid----372714----pid-372714
---ebpf-pid----372714----pid-5476
---ebpf-pid----372714----pid-1
---ebpf-pid----372714----pid-372714
---ebpf-pid----372714----pid-5476
---ebpf-pid----372714----pid-1
---ebpf-pid----372714----pid-372714
---ebpf-pid----372714----pid-5476
---ebpf-pid----372714----pid-1
---ebpf-pid----5707----pid-5707
---ebpf-pid----5707----pid-5476
---ebpf-pid----5707----pid-1
---ebpf-pid----5707----pid-5707
---ebpf-pid----5707----pid-5476
---ebpf-pid----5707----pid-1
---ebpf-pid----5707----pid-5707
---ebpf-pid----5707----pid-5476
---ebpf-pid----5707----pid-1
---ebpf-pid----2012----pid-2012
---ebpf-pid----2012----pid-1
---ebpf-pid----2012----pid-2012
---ebpf-pid----2012----pid-1
---ebpf-pid----2012----pid-2012
---ebpf-pid----2012----pid-1
---ebpf-pid----2012----pid-2012
---ebpf-pid----2012----pid-1
---ebpf-pid----2012----pid-2012
---ebpf-pid----2012----pid-1
---ebpf-pid----2012----pid-2012
---ebpf-pid----2012----pid-1
---ebpf-pid----2012----pid-2012
---ebpf-pid----2012----pid-1
---ebpf-pid----2012----pid-2012
---ebpf-pid----2012----pid-1
---ebpf-pid----2012----pid-2012
---ebpf-pid----2012----pid-1
---ebpf-pid----2012----pid-2012
---ebpf-pid----2012----pid-1
---ebpf-pid----2094----pid-2094
---ebpf-pid----2094----pid-1
---ebpf-pid----2094----pid-2094
---ebpf-pid----2094----pid-1
---ebpf-pid----2094----pid-2094
---ebpf-pid----2094----pid-1
---ebpf-pid----2094----pid-2094
---ebpf-pid----2094----pid-1
---ebpf-pid----2094----pid-2094
---ebpf-pid----2094----pid-1
---ebpf-pid----2094----pid-2094
---ebpf-pid----2094----pid-1
---ebpf-pid----2094----pid-2094
---ebpf-pid----2094----pid-1
---ebpf-pid----2094----pid-2094
---ebpf-pid----2094----pid-1
---ebpf-pid----2094----pid-2094
---ebpf-pid----2094----pid-1
---ebpf-pid----2094----pid-2094
---ebpf-pid----2094----pid-1
---ebpf-pid----2094----pid-2094
---ebpf-pid----2094----pid-1
---ebpf-pid----2094----pid-2094
---ebpf-pid----2094----pid-1
---ebpf-pid----2094----pid-2094
---ebpf-pid----2094----pid-1
---ebpf-pid----2094----pid-2094
---ebpf-pid----2094----pid-1
---ebpf-pid----2094----pid-2094
---ebpf-pid----2094----pid-1
---ebpf-pid----2094----pid-2094
---ebpf-pid----2094----pid-1
---ebpf-pid----2094----pid-2094
---ebpf-pid----2094----pid-1
---ebpf-pid----2094----pid-2094
---ebpf-pid----2094----pid-1
---ebpf-pid----2094----pid-2094
---ebpf-pid----2094----pid-1
---ebpf-pid----2094----pid-2094
---ebpf-pid----2094----pid-1
---ebpf-pid----2094----pid-2094
---ebpf-pid----2094----pid-1
---ebpf-pid----2094----pid-2094
---ebpf-pid----2094----pid-1
---ebpf-pid----2094----pid-2094
---ebpf-pid----2094----pid-1
---ebpf-pid----2094----pid-2094
---ebpf-pid----2094----pid-1
---ebpf-pid----2094----pid-2094
---ebpf-pid----2094----pid-1
---ebpf-pid----2094----pid-2094
---ebpf-pid----2094----pid-1
---ebpf-pid----2094----pid-2094
---ebpf-pid----2094----pid-1
---ebpf-pid----2094----pid-2094
---ebpf-pid----2094----pid-1
---ebpf-pid----2094----pid-2094
---ebpf-pid----2094----pid-1
---ebpf-pid----2094----pid-2094
---ebpf-pid----2094----pid-1
---ebpf-pid----2094----pid-2094
---ebpf-pid----2094----pid-1
---ebpf-pid----2094----pid-2094
---ebpf-pid----2094----pid-1
---ebpf-pid----2094----pid-2094
---ebpf-pid----2094----pid-1
---ebpf-pid----2094----pid-2094
---ebpf-pid----2094----pid-1
---ebpf-pid----2094----pid-2094
---ebpf-pid----2094----pid-1
---ebpf-pid----2094----pid-2094
---ebpf-pid----2094----pid-1
---ebpf-pid----2094----pid-2094
---ebpf-pid----2094----pid-1
---ebpf-pid----2094----pid-2094
---ebpf-pid----2094----pid-1
---ebpf-pid----2094----pid-2094
---ebpf-pid----2094----pid-1
---ebpf-pid----2094----pid-2094
---ebpf-pid----2094----pid-1
---ebpf-pid----2094----pid-2094
---ebpf-pid----2094----pid-1
---ebpf-pid----2094----pid-2094
---ebpf-pid----2094----pid-1
---ebpf-pid----2094----pid-2094
---ebpf-pid----2094----pid-1
---ebpf-pid----2094----pid-2094
---ebpf-pid----2094----pid-1
---ebpf-pid----2094----pid-2094
---ebpf-pid----2094----pid-1
---ebpf-pid----2094----pid-2094
---ebpf-pid----2094----pid-1
---ebpf-pid----2094----pid-2094
---ebpf-pid----2094----pid-1
---ebpf-pid----2094----pid-2094
---ebpf-pid----2094----pid-1
---ebpf-pid----2094----pid-2094
---ebpf-pid----2094----pid-1
---ebpf-pid----2094----pid-2094
---ebpf-pid----2094----pid-1
---ebpf-pid----2094----pid-2094
---ebpf-pid----2094----pid-1
---ebpf-pid----2094----pid-2094
---ebpf-pid----2094----pid-1
---ebpf-pid----2094----pid-2094
---ebpf-pid----2094----pid-1
---ebpf-pid----2094----pid-2094
---ebpf-pid----2094----pid-1
---ebpf-pid----2094----pid-2094
---ebpf-pid----2094----pid-1
---ebpf-pid----2094----pid-2094
---ebpf-pid----2094----pid-1
---ebpf-pid----2094----pid-2094
---ebpf-pid----2094----pid-1
---ebpf-pid----2094----pid-2094
---ebpf-pid----2094----pid-1
---ebpf-pid----2094----pid-2094
---ebpf-pid----2094----pid-1
---ebpf-pid----2094----pid-2094
---ebpf-pid----2094----pid-1
---ebpf-pid----2094----pid-2094
---ebpf-pid----2094----pid-1
---ebpf-pid----2094----pid-2094
---ebpf-pid----2094----pid-1
---ebpf-pid----2094----pid-2094
---ebpf-pid----2094----pid-1
---ebpf-pid----2094----pid-2094
---ebpf-pid----2094----pid-1
---ebpf-pid----2094----pid-2094
---ebpf-pid----2094----pid-1
---ebpf-pid----2094----pid-2094
---ebpf-pid----2094----pid-1
---ebpf-pid----2094----pid-2094
---ebpf-pid----2094----pid-1
---ebpf-pid----2094----pid-2094
---ebpf-pid----2094----pid-1
---ebpf-pid----2029----pid-2029
---ebpf-pid----2029----pid-1
---ebpf-pid----2094----pid-2094
---ebpf-pid----2094----pid-1
---ebpf-pid----2094----pid-2094
---ebpf-pid----2094----pid-1
---ebpf-pid----2094----pid-2094
---ebpf-pid----2094----pid-1
---ebpf-pid----2094----pid-2094
---ebpf-pid----2094----pid-1
---ebpf-pid----2029----pid-2029
---ebpf-pid----2029----pid-1
---ebpf-pid----2029----pid-2029
---ebpf-pid----2029----pid-1
---ebpf-pid----2029----pid-2029
---ebpf-pid----2029----pid-1
---ebpf-pid----2029----pid-2029
---ebpf-pid----2029----pid-1
---ebpf-pid----2029----pid-2029
---ebpf-pid----2029----pid-1
---ebpf-pid----372714----pid-372714
---ebpf-pid----372714----pid-5476
---ebpf-pid----372714----pid-1
---ebpf-pid----372714----pid-372714
---ebpf-pid----372714----pid-5476
---ebpf-pid----372714----pid-1
---ebpf-pid----2012----pid-2012
---ebpf-pid----2012----pid-1
---ebpf-pid----2012----pid-2012
---ebpf-pid----2012----pid-1
---ebpf-pid----2012----pid-2012
---ebpf-pid----2012----pid-1
---ebpf-pid----2012----pid-2012
---ebpf-pid----2012----pid-1
---ebpf-pid----2012----pid-2012
---ebpf-pid----2012----pid-1
---ebpf-pid----2012----pid-2012
---ebpf-pid----2012----pid-1
---ebpf-pid----2012----pid-2012
---ebpf-pid----2012----pid-1
---ebpf-pid----2012----pid-2012
---ebpf-pid----2012----pid-1
---ebpf-pid----2012----pid-2012
---ebpf-pid----2012----pid-1
---ebpf-pid----379067----pid-379067
---ebpf-pid----379067----pid-5476
---ebpf-pid----379067----pid-1
---ebpf-pid----379067----pid-379067
---ebpf-pid----379067----pid-5476
---ebpf-pid----379067----pid-1
---ebpf-pid----2094----pid-2094
---ebpf-pid----2094----pid-1
---ebpf-pid----2094----pid-2094
---ebpf-pid----2094----pid-1
---ebpf-pid----2094----pid-2094
---ebpf-pid----2094----pid-1
---ebpf-pid----2094----pid-2094
---ebpf-pid----2094----pid-1
---ebpf-pid----2094----pid-2094
---ebpf-pid----2094----pid-1
---ebpf-pid----2094----pid-2094
---ebpf-pid----2094----pid-1
---ebpf-pid----2094----pid-2094
---ebpf-pid----2094----pid-1
---ebpf-pid----379067----pid-379067
---ebpf-pid----379067----pid-5476
---ebpf-pid----379067----pid-1
---ebpf-pid----379067----pid-379067
---ebpf-pid----379067----pid-5476
---ebpf-pid----379067----pid-1
---ebpf-pid----379067----pid-379067
---ebpf-pid----379067----pid-5476
---ebpf-pid----379067----pid-1
---ebpf-pid----379067----pid-379067
---ebpf-pid----379067----pid-5476
---ebpf-pid----379067----pid-1
---ebpf-pid----379067----pid-379067
---ebpf-pid----379067----pid-5476
---ebpf-pid----379067----pid-1
---ebpf-pid----379067----pid-379067
---ebpf-pid----379067----pid-5476
---ebpf-pid----379067----pid-1
---ebpf-pid----379067----pid-379067
---ebpf-pid----379067----pid-5476
---ebpf-pid----379067----pid-1
---ebpf-pid----379067----pid-379067
---ebpf-pid----379067----pid-5476
---ebpf-pid----379067----pid-1
---ebpf-pid----379067----pid-379067
---ebpf-pid----379067----pid-5476
---ebpf-pid----379067----pid-1
---ebpf-pid----2012----pid-2012
---ebpf-pid----2012----pid-1
---ebpf-pid----2012----pid-2012
---ebpf-pid----2012----pid-1
---ebpf-pid----2012----pid-2012
---ebpf-pid----2012----pid-1
---ebpf-pid----2012----pid-2012
---ebpf-pid----2012----pid-1
---ebpf-pid----2012----pid-2012
---ebpf-pid----2012----pid-1
---ebpf-pid----1856----pid-1856
---ebpf-pid----1856----pid-1
---ebpf-pid----7313----pid-7313
---ebpf-pid----7313----pid-1
---ebpf-pid----5707----pid-5707
---ebpf-pid----5707----pid-5476
---ebpf-pid----5707----pid-1
---ebpf-pid----5707----pid-5707
---ebpf-pid----5707----pid-5476
---ebpf-pid----5707----pid-1
---ebpf-pid----2012----pid-2012
---ebpf-pid----2012----pid-1
---ebpf-pid----2012----pid-2012
---ebpf-pid----2012----pid-1
---ebpf-pid----2012----pid-2012
---ebpf-pid----2012----pid-1
---ebpf-pid----2012----pid-2012
---ebpf-pid----2012----pid-1
---ebpf-pid----2012----pid-2012
---ebpf-pid----2012----pid-1
---ebpf-pid----2012----pid-2012
---ebpf-pid----2012----pid-1
---ebpf-pid----7312----pid-7312
---ebpf-pid----7312----pid-1
---ebpf-pid----7312----pid-7312
---ebpf-pid----7312----pid-1
---ebpf-pid----5707----pid-5707
---ebpf-pid----5707----pid-5476
---ebpf-pid----5707----pid-1
---ebpf-pid----5707----pid-5707
---ebpf-pid----5707----pid-5476
---ebpf-pid----5707----pid-1
---ebpf-pid----5707----pid-5707
---ebpf-pid----5707----pid-5476
---ebpf-pid----5707----pid-1
---ebpf-pid----5707----pid-5707
---ebpf-pid----5707----pid-5476
---ebpf-pid----5707----pid-1
---ebpf-pid----5707----pid-5707
---ebpf-pid----5707----pid-5476
---ebpf-pid----5707----pid-1
---ebpf-pid----5707----pid-5707
---ebpf-pid----5707----pid-5476
---ebpf-pid----5707----pid-1
---ebpf-pid----373029----pid-373029
---ebpf-pid----373029----pid-5476
---ebpf-pid----373029----pid-1
---ebpf-pid----373029----pid-373029
---ebpf-pid----373029----pid-5476
---ebpf-pid----373029----pid-1
---ebpf-pid----373029----pid-373029
---ebpf-pid----373029----pid-5476
---ebpf-pid----373029----pid-1
---ebpf-pid----5707----pid-5707
---ebpf-pid----5707----pid-5476
---ebpf-pid----5707----pid-1
---ebpf-pid----5705----pid-5705
---ebpf-pid----5705----pid-5476
---ebpf-pid----5705----pid-1
---ebpf-pid----5705----pid-5705
---ebpf-pid----5705----pid-5476
---ebpf-pid----5705----pid-1
---ebpf-pid----5705----pid-5705
---ebpf-pid----5705----pid-5476
---ebpf-pid----5705----pid-1
---ebpf-pid----5705----pid-5705
---ebpf-pid----5705----pid-5476
---ebpf-pid----5705----pid-1
---ebpf-pid----5705----pid-5705
---ebpf-pid----5705----pid-5476
---ebpf-pid----5705----pid-1
---ebpf-pid----5705----pid-5705
---ebpf-pid----5705----pid-5476
---ebpf-pid----5705----pid-1
---ebpf-pid----5705----pid-5705
---ebpf-pid----5705----pid-5476
---ebpf-pid----5705----pid-1
---ebpf-pid----5705----pid-5705
---ebpf-pid----5705----pid-5476
---ebpf-pid----5705----pid-1
---ebpf-pid----5705----pid-5705
---ebpf-pid----5705----pid-5476
---ebpf-pid----5705----pid-1
---ebpf-pid----5705----pid-5705
---ebpf-pid----5705----pid-5476
---ebpf-pid----5705----pid-1
---ebpf-pid----5705----pid-5705
---ebpf-pid----5705----pid-5476
---ebpf-pid----5705----pid-1
---ebpf-pid----5705----pid-5705
---ebpf-pid----5705----pid-5476
---ebpf-pid----5705----pid-1
---ebpf-pid----5705----pid-5705
---ebpf-pid----5705----pid-5476
---ebpf-pid----5705----pid-1
---ebpf-pid----5705----pid-5705
---ebpf-pid----5705----pid-5476
---ebpf-pid----5705----pid-1
---ebpf-pid----5705----pid-5705
---ebpf-pid----5705----pid-5476
---ebpf-pid----5705----pid-1
---ebpf-pid----5705----pid-5705
---ebpf-pid----5705----pid-5476
---ebpf-pid----5705----pid-1
---ebpf-pid----5705----pid-5705
---ebpf-pid----5705----pid-5476
---ebpf-pid----5705----pid-1
---ebpf-pid----5705----pid-5705
---ebpf-pid----5705----pid-5476
---ebpf-pid----5705----pid-1
---ebpf-pid----5705----pid-5705
---ebpf-pid----5705----pid-5476
---ebpf-pid----5705----pid-1
---ebpf-pid----5705----pid-5705
---ebpf-pid----5705----pid-5476
---ebpf-pid----5705----pid-1
---ebpf-pid----5705----pid-5705
---ebpf-pid----5705----pid-5476
---ebpf-pid----5705----pid-1
---ebpf-pid----5705----pid-5705
---ebpf-pid----5705----pid-5476
---ebpf-pid----5705----pid-1
---ebpf-pid----5705----pid-5705
---ebpf-pid----5705----pid-5476
---ebpf-pid----5705----pid-1
---ebpf-pid----5705----pid-5705
---ebpf-pid----5705----pid-5476
---ebpf-pid----5705----pid-1
---ebpf-pid----5705----pid-5705
---ebpf-pid----5705----pid-5476
---ebpf-pid----5705----pid-1
---ebpf-pid----5705----pid-5705
---ebpf-pid----5705----pid-5476
---ebpf-pid----5705----pid-1
---ebpf-pid----5705----pid-5705
---ebpf-pid----5705----pid-5476
---ebpf-pid----5705----pid-1
---ebpf-pid----5705----pid-5705
---ebpf-pid----5705----pid-5476
---ebpf-pid----5705----pid-1
---ebpf-pid----5705----pid-5705
---ebpf-pid----5705----pid-5476
---ebpf-pid----5705----pid-1
---ebpf-pid----5705----pid-5705
---ebpf-pid----5705----pid-5476
---ebpf-pid----5705----pid-1
---ebpf-pid----5705----pid-5705
---ebpf-pid----5705----pid-5476
---ebpf-pid----5705----pid-1
---ebpf-pid----5705----pid-5705
---ebpf-pid----5705----pid-5476
---ebpf-pid----5705----pid-1
---ebpf-pid----5705----pid-5705
---ebpf-pid----5705----pid-5476
---ebpf-pid----5705----pid-1
---ebpf-pid----5705----pid-5705
---ebpf-pid----5705----pid-5476
---ebpf-pid----5705----pid-1
---ebpf-pid----5705----pid-5705
---ebpf-pid----5705----pid-5476
---ebpf-pid----5705----pid-1
---ebpf-pid----5705----pid-5705
---ebpf-pid----5705----pid-5476
---ebpf-pid----5705----pid-1
---ebpf-pid----5705----pid-5705
---ebpf-pid----5705----pid-5476
---ebpf-pid----5705----pid-1
---ebpf-pid----5705----pid-5705
---ebpf-pid----5705----pid-5476
---ebpf-pid----5705----pid-1
---ebpf-pid----5705----pid-5705
---ebpf-pid----5705----pid-5476
---ebpf-pid----5705----pid-1
---ebpf-pid----4210----pid-4210
---ebpf-pid----4210----pid-4164
---ebpf-pid----4210----pid-3417
---ebpf-pid----4210----pid-1
---ebpf-pid----2094----pid-2094
---ebpf-pid----2094----pid-1
---ebpf-pid----2094----pid-2094
---ebpf-pid----2094----pid-1
---ebpf-pid----2094----pid-2094
---ebpf-pid----2094----pid-1
---ebpf-pid----2094----pid-2094
---ebpf-pid----2094----pid-1
---ebpf-pid----2094----pid-2094
---ebpf-pid----2094----pid-1
---ebpf-pid----2094----pid-2094
---ebpf-pid----2094----pid-1
---ebpf-pid----2094----pid-2094
---ebpf-pid----2094----pid-1
---ebpf-pid----2094----pid-2094
---ebpf-pid----2094----pid-1
---ebpf-pid----2094----pid-2094
---ebpf-pid----2094----pid-1
---ebpf-pid----2094----pid-2094
---ebpf-pid----2094----pid-1
---ebpf-pid----2094----pid-2094
---ebpf-pid----2094----pid-1
---ebpf-pid----2094----pid-2094
---ebpf-pid----2094----pid-1
---ebpf-pid----2094----pid-2094
---ebpf-pid----2094----pid-1
---ebpf-pid----2094----pid-2094
---ebpf-pid----2094----pid-1
---ebpf-pid----2094----pid-2094
---ebpf-pid----2094----pid-1
---ebpf-pid----2094----pid-2094
---ebpf-pid----2094----pid-1
---ebpf-pid----2094----pid-2094
---ebpf-pid----2094----pid-1
---ebpf-pid----2094----pid-2094
---ebpf-pid----2094----pid-1
---ebpf-pid----2094----pid-2094
---ebpf-pid----2094----pid-1
---ebpf-pid----5703----pid-5703
---ebpf-pid----5703----pid-5476
---ebpf-pid----5703----pid-1
---ebpf-pid----2012----pid-2012
---ebpf-pid----2012----pid-1
---ebpf-pid----2012----pid-2012
---ebpf-pid----2012----pid-1
---ebpf-pid----2012----pid-2012
---ebpf-pid----2012----pid-1
---ebpf-pid----2012----pid-2012
---ebpf-pid----2012----pid-1
---ebpf-pid----2012----pid-2012
---ebpf-pid----2012----pid-1
---ebpf-pid----2012----pid-2012
---ebpf-pid----2012----pid-1
---ebpf-pid----2012----pid-2012
---ebpf-pid----2012----pid-1
---ebpf-pid----2012----pid-2012
---ebpf-pid----2012----pid-1
---ebpf-pid----2012----pid-2012
---ebpf-pid----2012----pid-1
---ebpf-pid----2088----pid-2088
---ebpf-pid----2088----pid-1
---ebpf-pid----2088----pid-2088
---ebpf-pid----2088----pid-1
---ebpf-pid----2088----pid-2088
---ebpf-pid----2088----pid-1
---ebpf-pid----2088----pid-2088
---ebpf-pid----2088----pid-1
---ebpf-pid----2088----pid-2088
---ebpf-pid----2088----pid-1
---ebpf-pid----2088----pid-2088
---ebpf-pid----2088----pid-1
---ebpf-pid----2088----pid-2088
---ebpf-pid----2088----pid-1
---ebpf-pid----2088----pid-2088
---ebpf-pid----2088----pid-1
---ebpf-pid----2088----pid-2088
---ebpf-pid----2088----pid-1
---ebpf-pid----2088----pid-2088
---ebpf-pid----2088----pid-1
---ebpf-pid----372714----pid-372714
---ebpf-pid----372714----pid-5476
---ebpf-pid----372714----pid-1
---ebpf-pid----372714----pid-372714
---ebpf-pid----372714----pid-5476
---ebpf-pid----372714----pid-1
---ebpf-pid----372714----pid-372714
---ebpf-pid----372714----pid-5476
---ebpf-pid----372714----pid-1
---ebpf-pid----372714----pid-372714
---ebpf-pid----372714----pid-5476
---ebpf-pid----372714----pid-1
---ebpf-pid----372714----pid-372714
---ebpf-pid----372714----pid-5476
---ebpf-pid----372714----pid-1
---ebpf-pid----372714----pid-372714
---ebpf-pid----372714----pid-5476
---ebpf-pid----372714----pid-1
---ebpf-pid----372714----pid-372714
---ebpf-pid----372714----pid-5476
---ebpf-pid----372714----pid-1
---ebpf-pid----372714----pid-372714
---ebpf-pid----372714----pid-5476
---ebpf-pid----372714----pid-1
---ebpf-pid----372714----pid-372714
---ebpf-pid----372714----pid-5476
---ebpf-pid----372714----pid-1
---ebpf-pid----372714----pid-372714
---ebpf-pid----372714----pid-5476
---ebpf-pid----372714----pid-1
---ebpf-pid----372714----pid-372714
---ebpf-pid----372714----pid-5476
---ebpf-pid----372714----pid-1
---ebpf-pid----372714----pid-372714
---ebpf-pid----372714----pid-5476
---ebpf-pid----372714----pid-1
---ebpf-pid----372714----pid-372714
---ebpf-pid----372714----pid-5476
---ebpf-pid----372714----pid-1
---ebpf-pid----372714----pid-372714
---ebpf-pid----372714----pid-5476
---ebpf-pid----372714----pid-1
---ebpf-pid----372714----pid-372714
---ebpf-pid----372714----pid-5476
---ebpf-pid----372714----pid-1
---ebpf-pid----372714----pid-372714
---ebpf-pid----372714----pid-5476
---ebpf-pid----372714----pid-1
---ebpf-pid----372714----pid-372714
---ebpf-pid----372714----pid-5476
---ebpf-pid----372714----pid-1
---ebpf-pid----372714----pid-372714
---ebpf-pid----372714----pid-5476
---ebpf-pid----372714----pid-1
---ebpf-pid----372714----pid-372714
---ebpf-pid----372714----pid-5476
---ebpf-pid----372714----pid-1
---ebpf-pid----372714----pid-372714
---ebpf-pid----372714----pid-5476
---ebpf-pid----372714----pid-1
---ebpf-pid----372714----pid-372714
---ebpf-pid----372714----pid-5476
---ebpf-pid----372714----pid-1
---ebpf-pid----372714----pid-372714
---ebpf-pid----372714----pid-5476
---ebpf-pid----372714----pid-1
---ebpf-pid----372714----pid-372714
---ebpf-pid----372714----pid-5476
---ebpf-pid----372714----pid-1
---ebpf-pid----372714----pid-372714
---ebpf-pid----372714----pid-5476
---ebpf-pid----372714----pid-1
---ebpf-pid----372714----pid-372714
---ebpf-pid----372714----pid-5476
---ebpf-pid----372714----pid-1
---ebpf-pid----372714----pid-372714
---ebpf-pid----372714----pid-5476
---ebpf-pid----372714----pid-1
---ebpf-pid----372714----pid-372714
---ebpf-pid----372714----pid-5476
---ebpf-pid----372714----pid-1
---ebpf-pid----372714----pid-372714
---ebpf-pid----372714----pid-5476
---ebpf-pid----372714----pid-1
---ebpf-pid----372714----pid-372714
---ebpf-pid----372714----pid-5476
---ebpf-pid----372714----pid-1
---ebpf-pid----372714----pid-372714
---ebpf-pid----372714----pid-5476
---ebpf-pid----372714----pid-1
---ebpf-pid----372714----pid-372714
---ebpf-pid----372714----pid-5476
---ebpf-pid----372714----pid-1
---ebpf-pid----372714----pid-372714
---ebpf-pid----372714----pid-5476
---ebpf-pid----372714----pid-1
---ebpf-pid----372714----pid-372714
---ebpf-pid----372714----pid-5476
---ebpf-pid----372714----pid-1
---ebpf-pid----2012----pid-2012
---ebpf-pid----2012----pid-1
---ebpf-pid----379067----pid-379067
---ebpf-pid----379067----pid-5476
---ebpf-pid----379067----pid-1
---ebpf-pid----379067----pid-379067
---ebpf-pid----379067----pid-5476
---ebpf-pid----379067----pid-1
---ebpf-pid----379067----pid-379067
---ebpf-pid----379067----pid-5476
---ebpf-pid----379067----pid-1
---ebpf-pid----379067----pid-379067
---ebpf-pid----379067----pid-5476
---ebpf-pid----379067----pid-1
---ebpf-pid----372714----pid-372714
---ebpf-pid----372714----pid-5476
---ebpf-pid----372714----pid-1
---ebpf-pid----372714----pid-372714
---ebpf-pid----372714----pid-5476
---ebpf-pid----372714----pid-1
---ebpf-pid----379067----pid-379067
---ebpf-pid----379067----pid-5476
---ebpf-pid----379067----pid-1
---ebpf-pid----379067----pid-379067
---ebpf-pid----379067----pid-5476
---ebpf-pid----379067----pid-1
---ebpf-pid----379067----pid-379067
---ebpf-pid----379067----pid-5476
---ebpf-pid----379067----pid-1
---ebpf-pid----379067----pid-379067
---ebpf-pid----379067----pid-5476
---ebpf-pid----379067----pid-1
---ebpf-pid----379067----pid-379067
---ebpf-pid----379067----pid-5476
---ebpf-pid----379067----pid-1
---ebpf-pid----379067----pid-379067
---ebpf-pid----379067----pid-5476
---ebpf-pid----379067----pid-1
---ebpf-pid----379067----pid-379067
---ebpf-pid----379067----pid-5476
---ebpf-pid----379067----pid-1
---ebpf-pid----379067----pid-379067
---ebpf-pid----379067----pid-5476
---ebpf-pid----379067----pid-1
---ebpf-pid----379067----pid-379067
---ebpf-pid----379067----pid-5476
---ebpf-pid----379067----pid-1
---ebpf-pid----379067----pid-379067
---ebpf-pid----379067----pid-5476
---ebpf-pid----379067----pid-1
---ebpf-pid----5707----pid-5707
---ebpf-pid----5707----pid-5476
---ebpf-pid----5707----pid-1
---ebpf-pid----5707----pid-5707
---ebpf-pid----5707----pid-5476
---ebpf-pid----5707----pid-1
---ebpf-pid----5707----pid-5707
---ebpf-pid----5707----pid-5476
---ebpf-pid----5707----pid-1
---ebpf-pid----5707----pid-5707
---ebpf-pid----5707----pid-5476
---ebpf-pid----5707----pid-1
---ebpf-pid----5707----pid-5707
---ebpf-pid----5707----pid-5476
---ebpf-pid----5707----pid-1
---ebpf-pid----5707----pid-5707
---ebpf-pid----5707----pid-5476
---ebpf-pid----5707----pid-1
---ebpf-pid----5707----pid-5707
---ebpf-pid----5707----pid-5476
---ebpf-pid----5707----pid-1
---ebpf-pid----5707----pid-5707
---ebpf-pid----5707----pid-5476
---ebpf-pid----5707----pid-1
---ebpf-pid----5707----pid-5707
---ebpf-pid----5707----pid-5476
---ebpf-pid----5707----pid-1
---ebpf-pid----5707----pid-5707
---ebpf-pid----5707----pid-5476
---ebpf-pid----5707----pid-1
---ebpf-pid----379067----pid-379067
---ebpf-pid----379067----pid-5476
---ebpf-pid----379067----pid-1
---ebpf-pid----379067----pid-379067
---ebpf-pid----379067----pid-5476
---ebpf-pid----379067----pid-1
---ebpf-pid----5707----pid-5707
---ebpf-pid----5707----pid-5476
---ebpf-pid----5707----pid-1
---ebpf-pid----5707----pid-5707
---ebpf-pid----5707----pid-5476
---ebpf-pid----5707----pid-1
---ebpf-pid----379067----pid-379067
---ebpf-pid----379067----pid-5476
---ebpf-pid----379067----pid-1
---ebpf-pid----379067----pid-379067
---ebpf-pid----379067----pid-5476
---ebpf-pid----379067----pid-1
---ebpf-pid----5707----pid-5707
---ebpf-pid----5707----pid-5476
---ebpf-pid----5707----pid-1
---ebpf-pid----5707----pid-5707
---ebpf-pid----5707----pid-5476
---ebpf-pid----5707----pid-1
---ebpf-pid----379067----pid-379067
---ebpf-pid----379067----pid-5476
---ebpf-pid----379067----pid-1
---ebpf-pid----379067----pid-379067
---ebpf-pid----379067----pid-5476
---ebpf-pid----379067----pid-1
---ebpf-pid----5707----pid-5707
---ebpf-pid----5707----pid-5476
---ebpf-pid----5707----pid-1
---ebpf-pid----5707----pid-5707
---ebpf-pid----5707----pid-5476
---ebpf-pid----5707----pid-1
---ebpf-pid----5707----pid-5707
---ebpf-pid----5707----pid-5476
---ebpf-pid----5707----pid-1
---ebpf-pid----5707----pid-5707
---ebpf-pid----5707----pid-5476
---ebpf-pid----5707----pid-1
---ebpf-pid----5707----pid-5707
---ebpf-pid----5707----pid-5476
---ebpf-pid----5707----pid-1
---ebpf-pid----5707----pid-5707
---ebpf-pid----5707----pid-5476
---ebpf-pid----5707----pid-1
---ebpf-pid----5707----pid-5707
---ebpf-pid----5707----pid-5476
---ebpf-pid----5707----pid-1
---ebpf-pid----5707----pid-5707
---ebpf-pid----5707----pid-5476
---ebpf-pid----5707----pid-1
---ebpf-pid----5707----pid-5707
---ebpf-pid----5707----pid-5476
---ebpf-pid----5707----pid-1
---ebpf-pid----5707----pid-5707
---ebpf-pid----5707----pid-5476
---ebpf-pid----5707----pid-1
---ebpf-pid----5707----pid-5707
---ebpf-pid----5707----pid-5476
---ebpf-pid----5707----pid-1
---ebpf-pid----5707----pid-5707
---ebpf-pid----5707----pid-5476
---ebpf-pid----5707----pid-1
---ebpf-pid----5707----pid-5707
---ebpf-pid----5707----pid-5476
---ebpf-pid----5707----pid-1
---ebpf-pid----5707----pid-5707
---ebpf-pid----5707----pid-5476
---ebpf-pid----5707----pid-1
---ebpf-pid----5707----pid-5707
---ebpf-pid----5707----pid-5476
---ebpf-pid----5707----pid-1
---ebpf-pid----5707----pid-5707
---ebpf-pid----5707----pid-5476
---ebpf-pid----5707----pid-1
---ebpf-pid----5707----pid-5707
---ebpf-pid----5707----pid-5476
---ebpf-pid----5707----pid-1
---ebpf-pid----5707----pid-5707
---ebpf-pid----5707----pid-5476
---ebpf-pid----5707----pid-1
---ebpf-pid----5707----pid-5707
---ebpf-pid----5707----pid-5476
---ebpf-pid----5707----pid-1
---ebpf-pid----5707----pid-5707
---ebpf-pid----5707----pid-5476
---ebpf-pid----5707----pid-1
---ebpf-pid----5705----pid-5705
---ebpf-pid----5705----pid-5476
---ebpf-pid----5705----pid-1
---ebpf-pid----5705----pid-5705
---ebpf-pid----5705----pid-5476
---ebpf-pid----5705----pid-1
---ebpf-pid----5705----pid-5705
---ebpf-pid----5705----pid-5476
---ebpf-pid----5705----pid-1
---ebpf-pid----5705----pid-5705
---ebpf-pid----5705----pid-5476
---ebpf-pid----5705----pid-1
---ebpf-pid----5705----pid-5705
---ebpf-pid----5705----pid-5476
---ebpf-pid----5705----pid-1
---ebpf-pid----5705----pid-5705
---ebpf-pid----5705----pid-5476
---ebpf-pid----5705----pid-1
---ebpf-pid----5705----pid-5705
---ebpf-pid----5705----pid-5476
---ebpf-pid----5705----pid-1
---ebpf-pid----5705----pid-5705
---ebpf-pid----5705----pid-5476
---ebpf-pid----5705----pid-1
---ebpf-pid----5705----pid-5705
---ebpf-pid----5705----pid-5476
---ebpf-pid----5705----pid-1
---ebpf-pid----5705----pid-5705
---ebpf-pid----5705----pid-5476
---ebpf-pid----5705----pid-1
---ebpf-pid----5705----pid-5705
---ebpf-pid----5705----pid-5476
---ebpf-pid----5705----pid-1
---ebpf-pid----5705----pid-5705
---ebpf-pid----5705----pid-5476
---ebpf-pid----5705----pid-1
---ebpf-pid----5705----pid-5705
---ebpf-pid----5705----pid-5476
---ebpf-pid----5705----pid-1
---ebpf-pid----5705----pid-5705
---ebpf-pid----5705----pid-5476
---ebpf-pid----5705----pid-1
---ebpf-pid----5705----pid-5705
---ebpf-pid----5705----pid-5476
---ebpf-pid----5705----pid-1
---ebpf-pid----5705----pid-5705
---ebpf-pid----5705----pid-5476
---ebpf-pid----5705----pid-1
---ebpf-pid----5705----pid-5705
---ebpf-pid----5705----pid-5476
---ebpf-pid----5705----pid-1
---ebpf-pid----5705----pid-5705
---ebpf-pid----5705----pid-5476
---ebpf-pid----5705----pid-1
---ebpf-pid----5705----pid-5705
---ebpf-pid----5705----pid-5476
---ebpf-pid----5705----pid-1
---ebpf-pid----5705----pid-5705
---ebpf-pid----5705----pid-5476
---ebpf-pid----5705----pid-1
---ebpf-pid----2089----pid-2089
---ebpf-pid----2089----pid-1
---ebpf-pid----2089----pid-2089
---ebpf-pid----2089----pid-1
---ebpf-pid----2089----pid-2089
---ebpf-pid----2089----pid-1
---ebpf-pid----2089----pid-2089
---ebpf-pid----2089----pid-1
---ebpf-pid----2089----pid-2089
---ebpf-pid----2089----pid-1
---ebpf-pid----2089----pid-2089
---ebpf-pid----2089----pid-1
---ebpf-pid----2089----pid-2089
---ebpf-pid----2089----pid-1
---ebpf-pid----2089----pid-2089
---ebpf-pid----2089----pid-1
---ebpf-pid----2089----pid-2089
---ebpf-pid----2089----pid-1
---ebpf-pid----2089----pid-2089
---ebpf-pid----2089----pid-1
---ebpf-pid----2089----pid-2089
---ebpf-pid----2089----pid-1
---ebpf-pid----2089----pid-2089
---ebpf-pid----2089----pid-1
---ebpf-pid----2089----pid-2089
---ebpf-pid----2089----pid-1
---ebpf-pid----2089----pid-2089
---ebpf-pid----2089----pid-1
---ebpf-pid----2089----pid-2089
---ebpf-pid----2089----pid-1
---ebpf-pid----2089----pid-2089
---ebpf-pid----2089----pid-1
---ebpf-pid----2089----pid-2089
---ebpf-pid----2089----pid-1
---ebpf-pid----2089----pid-2089
---ebpf-pid----2089----pid-1
---ebpf-pid----2089----pid-2089
---ebpf-pid----2089----pid-1
---ebpf-pid----2089----pid-2089
---ebpf-pid----2089----pid-1
---ebpf-pid----5705----pid-5705
---ebpf-pid----5705----pid-5476
---ebpf-pid----5705----pid-1
---ebpf-pid----5705----pid-5705
---ebpf-pid----5705----pid-5476
---ebpf-pid----5705----pid-1
---ebpf-pid----5705----pid-5705
---ebpf-pid----5705----pid-5476
---ebpf-pid----5705----pid-1
---ebpf-pid----5705----pid-5705
---ebpf-pid----5705----pid-5476
---ebpf-pid----5705----pid-1
---ebpf-pid----5705----pid-5705
---ebpf-pid----5705----pid-5476
---ebpf-pid----5705----pid-1
---ebpf-pid----379067----pid-379067
---ebpf-pid----379067----pid-5476
---ebpf-pid----379067----pid-1
---ebpf-pid----372714----pid-372714
---ebpf-pid----372714----pid-5476
---ebpf-pid----372714----pid-1
---ebpf-pid----372714----pid-372714
---ebpf-pid----372714----pid-5476
---ebpf-pid----372714----pid-1
---ebpf-pid----372714----pid-372714
---ebpf-pid----372714----pid-5476
---ebpf-pid----372714----pid-1
---ebpf-pid----372714----pid-372714
---ebpf-pid----372714----pid-5476
---ebpf-pid----372714----pid-1
---ebpf-pid----2089----pid-2089
---ebpf-pid----2089----pid-1
---ebpf-pid----2089----pid-2089
---ebpf-pid----2089----pid-1
---ebpf-pid----2089----pid-2089
---ebpf-pid----2089----pid-1
---ebpf-pid----2089----pid-2089
---ebpf-pid----2089----pid-1
---ebpf-pid----2089----pid-2089
---ebpf-pid----2089----pid-1
---ebpf-pid----2089----pid-2089
---ebpf-pid----2089----pid-1
---ebpf-pid----2089----pid-2089
---ebpf-pid----2089----pid-1
---ebpf-pid----2089----pid-2089
---ebpf-pid----2089----pid-1
---ebpf-pid----2089----pid-2089
---ebpf-pid----2089----pid-1
---ebpf-pid----2089----pid-2089
---ebpf-pid----2089----pid-1
---ebpf-pid----372714----pid-372714
---ebpf-pid----372714----pid-5476
---ebpf-pid----372714----pid-1
---ebpf-pid----372714----pid-372714
---ebpf-pid----372714----pid-5476
---ebpf-pid----372714----pid-1
---ebpf-pid----372714----pid-372714
---ebpf-pid----372714----pid-5476
---ebpf-pid----372714----pid-1
---ebpf-pid----372714----pid-372714
---ebpf-pid----372714----pid-5476
---ebpf-pid----372714----pid-1
---ebpf-pid----372714----pid-372714
---ebpf-pid----372714----pid-5476
---ebpf-pid----372714----pid-1
---ebpf-pid----372714----pid-372714
---ebpf-pid----372714----pid-5476
---ebpf-pid----372714----pid-1
---ebpf-pid----372714----pid-372714
---ebpf-pid----372714----pid-5476
---ebpf-pid----372714----pid-1
---ebpf-pid----372714----pid-372714
---ebpf-pid----372714----pid-5476
---ebpf-pid----372714----pid-1
---ebpf-pid----372714----pid-372714
---ebpf-pid----372714----pid-5476
---ebpf-pid----372714----pid-1
---ebpf-pid----372714----pid-372714
---ebpf-pid----372714----pid-5476
---ebpf-pid----372714----pid-1
---ebpf-pid----372714----pid-372714
---ebpf-pid----372714----pid-5476
---ebpf-pid----372714----pid-1
---ebpf-pid----372714----pid-372714
---ebpf-pid----372714----pid-5476
---ebpf-pid----372714----pid-1
---ebpf-pid----372714----pid-372714
---ebpf-pid----372714----pid-5476
---ebpf-pid----372714----pid-1
---ebpf-pid----372714----pid-372714
---ebpf-pid----372714----pid-5476
---ebpf-pid----372714----pid-1
---ebpf-pid----372714----pid-372714
---ebpf-pid----372714----pid-5476
---ebpf-pid----372714----pid-1
---ebpf-pid----372714----pid-372714
---ebpf-pid----372714----pid-5476
---ebpf-pid----372714----pid-1
---ebpf-pid----372714----pid-372714
---ebpf-pid----372714----pid-5476
---ebpf-pid----372714----pid-1
---ebpf-pid----372714----pid-372714
---ebpf-pid----372714----pid-5476
---ebpf-pid----372714----pid-1
---ebpf-pid----372714----pid-372714
---ebpf-pid----372714----pid-5476
---ebpf-pid----372714----pid-1
---ebpf-pid----372714----pid-372714
---ebpf-pid----372714----pid-5476
---ebpf-pid----372714----pid-1
---ebpf-pid----372714----pid-372714
---ebpf-pid----372714----pid-5476
---ebpf-pid----372714----pid-1
---ebpf-pid----372714----pid-372714
---ebpf-pid----372714----pid-5476
---ebpf-pid----372714----pid-1
---ebpf-pid----372714----pid-372714
---ebpf-pid----372714----pid-5476
---ebpf-pid----372714----pid-1
---ebpf-pid----372714----pid-372714
---ebpf-pid----372714----pid-5476
---ebpf-pid----372714----pid-1
---ebpf-pid----372714----pid-372714
---ebpf-pid----372714----pid-5476
---ebpf-pid----372714----pid-1
---ebpf-pid----372714----pid-372714
---ebpf-pid----372714----pid-5476
---ebpf-pid----372714----pid-1
---ebpf-pid----372714----pid-372714
---ebpf-pid----372714----pid-5476
---ebpf-pid----372714----pid-1
---ebpf-pid----372714----pid-372714
---ebpf-pid----372714----pid-5476
---ebpf-pid----372714----pid-1
---ebpf-pid----372714----pid-372714
---ebpf-pid----372714----pid-5476
---ebpf-pid----372714----pid-1
---ebpf-pid----372714----pid-372714
---ebpf-pid----372714----pid-5476
---ebpf-pid----372714----pid-1
---ebpf-pid----2094----pid-2094
---ebpf-pid----2094----pid-1
---ebpf-pid----2094----pid-2094
---ebpf-pid----2094----pid-1
---ebpf-pid----2094----pid-2094
---ebpf-pid----2094----pid-1
---ebpf-pid----2094----pid-2094
---ebpf-pid----2094----pid-1
---ebpf-pid----2094----pid-2094
---ebpf-pid----2094----pid-1
---ebpf-pid----2094----pid-2094
---ebpf-pid----2094----pid-1
---ebpf-pid----2094----pid-2094
---ebpf-pid----2094----pid-1
---ebpf-pid----2094----pid-2094
---ebpf-pid----2094----pid-1
---ebpf-pid----2094----pid-2094
---ebpf-pid----2094----pid-1
---ebpf-pid----2094----pid-2094
---ebpf-pid----2094----pid-1
---ebpf-pid----5707----pid-5707
---ebpf-pid----5707----pid-5476
---ebpf-pid----5707----pid-1
---ebpf-pid----5707----pid-5707
---ebpf-pid----5707----pid-5476
---ebpf-pid----5707----pid-1
---ebpf-pid----5707----pid-5707
---ebpf-pid----5707----pid-5476
---ebpf-pid----5707----pid-1
---ebpf-pid----5707----pid-5707
---ebpf-pid----5707----pid-5476
---ebpf-pid----5707----pid-1
---ebpf-pid----5707----pid-5707
---ebpf-pid----5707----pid-5476
---ebpf-pid----5707----pid-1
---ebpf-pid----5707----pid-5707
---ebpf-pid----5707----pid-5476
---ebpf-pid----5707----pid-1
---ebpf-pid----5707----pid-5707
---ebpf-pid----5707----pid-5476
---ebpf-pid----5707----pid-1
---ebpf-pid----5707----pid-5707
---ebpf-pid----5707----pid-5476
---ebpf-pid----5707----pid-1
---ebpf-pid----5707----pid-5707
---ebpf-pid----5707----pid-5476
---ebpf-pid----5707----pid-1
---ebpf-pid----5707----pid-5707
---ebpf-pid----5707----pid-5476
---ebpf-pid----5707----pid-1
---ebpf-pid----2094----pid-2094
---ebpf-pid----2094----pid-1
---ebpf-pid----2094----pid-2094
---ebpf-pid----2094----pid-1
---ebpf-pid----2094----pid-2094
---ebpf-pid----2094----pid-1
---ebpf-pid----2094----pid-2094
---ebpf-pid----2094----pid-1
---ebpf-pid----2094----pid-2094
---ebpf-pid----2094----pid-1
---ebpf-pid----2094----pid-2094
---ebpf-pid----2094----pid-1
---ebpf-pid----2094----pid-2094
---ebpf-pid----2094----pid-1
---ebpf-pid----2094----pid-2094
---ebpf-pid----2094----pid-1
---ebpf-pid----2094----pid-2094
---ebpf-pid----2094----pid-1
---ebpf-pid----2094----pid-2094
---ebpf-pid----2094----pid-1
---ebpf-pid----379067----pid-379067
---ebpf-pid----379067----pid-5476
---ebpf-pid----379067----pid-1
---ebpf-pid----379067----pid-379067
---ebpf-pid----379067----pid-5476
---ebpf-pid----379067----pid-1
---ebpf-pid----379067----pid-379067
---ebpf-pid----379067----pid-5476
---ebpf-pid----379067----pid-1
---ebpf-pid----379067----pid-379067
---ebpf-pid----379067----pid-5476
---ebpf-pid----379067----pid-1
---ebpf-pid----379067----pid-379067
---ebpf-pid----379067----pid-5476
---ebpf-pid----379067----pid-1
---ebpf-pid----379067----pid-379067
---ebpf-pid----379067----pid-5476
---ebpf-pid----379067----pid-1
---ebpf-pid----379067----pid-379067
---ebpf-pid----379067----pid-5476
---ebpf-pid----379067----pid-1
---ebpf-pid----379067----pid-379067
---ebpf-pid----379067----pid-5476
---ebpf-pid----379067----pid-1
---ebpf-pid----379067----pid-379067
---ebpf-pid----379067----pid-5476
---ebpf-pid----379067----pid-1
---ebpf-pid----379067----pid-379067
---ebpf-pid----379067----pid-5476
---ebpf-pid----379067----pid-1
---ebpf-pid----379067----pid-379067
---ebpf-pid----379067----pid-5476
---ebpf-pid----379067----pid-1
---ebpf-pid----379067----pid-379067
---ebpf-pid----379067----pid-5476
---ebpf-pid----379067----pid-1
---ebpf-pid----379067----pid-379067
---ebpf-pid----379067----pid-5476
---ebpf-pid----379067----pid-1
---ebpf-pid----379067----pid-379067
---ebpf-pid----379067----pid-5476
---ebpf-pid----379067----pid-1
---ebpf-pid----379067----pid-379067
---ebpf-pid----379067----pid-5476
---ebpf-pid----379067----pid-1
---ebpf-pid----379067----pid-379067
---ebpf-pid----379067----pid-5476
---ebpf-pid----379067----pid-1
---ebpf-pid----379067----pid-379067
---ebpf-pid----379067----pid-5476
---ebpf-pid----379067----pid-1
---ebpf-pid----379067----pid-379067
---ebpf-pid----379067----pid-5476
---ebpf-pid----379067----pid-1
---ebpf-pid----379067----pid-379067
---ebpf-pid----379067----pid-5476
---ebpf-pid----379067----pid-1
---ebpf-pid----379067----pid-379067
---ebpf-pid----379067----pid-5476
---ebpf-pid----379067----pid-1
---ebpf-pid----372714----pid-372714
---ebpf-pid----372714----pid-5476
---ebpf-pid----372714----pid-1
---ebpf-pid----372714----pid-372714
---ebpf-pid----372714----pid-5476
---ebpf-pid----372714----pid-1
---ebpf-pid----372714----pid-372714
---ebpf-pid----372714----pid-5476
---ebpf-pid----372714----pid-1
---ebpf-pid----372714----pid-372714
---ebpf-pid----372714----pid-5476
---ebpf-pid----372714----pid-1
---ebpf-pid----372714----pid-372714
---ebpf-pid----372714----pid-5476
---ebpf-pid----372714----pid-1
---ebpf-pid----372714----pid-372714
---ebpf-pid----372714----pid-5476
---ebpf-pid----372714----pid-1
---ebpf-pid----372714----pid-372714
---ebpf-pid----372714----pid-5476
---ebpf-pid----372714----pid-1
---ebpf-pid----372714----pid-372714
---ebpf-pid----372714----pid-5476
---ebpf-pid----372714----pid-1
---ebpf-pid----372714----pid-372714
---ebpf-pid----372714----pid-5476
---ebpf-pid----372714----pid-1
---ebpf-pid----372714----pid-372714
---ebpf-pid----372714----pid-5476
---ebpf-pid----372714----pid-1
---ebpf-pid----5705----pid-5705
---ebpf-pid----5705----pid-5476
---ebpf-pid----5705----pid-1
---ebpf-pid----5705----pid-5705
---ebpf-pid----5705----pid-5476
---ebpf-pid----5705----pid-1
---ebpf-pid----372714----pid-372714
---ebpf-pid----372714----pid-5476
---ebpf-pid----372714----pid-1
---ebpf-pid----5705----pid-5705
---ebpf-pid----5705----pid-5476
---ebpf-pid----5705----pid-1
---ebpf-pid----5705----pid-5705
---ebpf-pid----5705----pid-5476
---ebpf-pid----5705----pid-1
---ebpf-pid----372714----pid-372714
---ebpf-pid----372714----pid-5476
---ebpf-pid----372714----pid-1
---ebpf-pid----5705----pid-5705
---ebpf-pid----5705----pid-5476
---ebpf-pid----5705----pid-1
---ebpf-pid----5705----pid-5705
---ebpf-pid----5705----pid-5476
---ebpf-pid----5705----pid-1
---ebpf-pid----372714----pid-372714
---ebpf-pid----372714----pid-5476
---ebpf-pid----372714----pid-1
---ebpf-pid----5705----pid-5705
---ebpf-pid----5705----pid-5476
---ebpf-pid----5705----pid-1
---ebpf-pid----5705----pid-5705
---ebpf-pid----5705----pid-5476
---ebpf-pid----5705----pid-1
---ebpf-pid----5705----pid-5705
---ebpf-pid----5705----pid-5476
---ebpf-pid----5705----pid-1
---ebpf-pid----5705----pid-5705
---ebpf-pid----5705----pid-5476
---ebpf-pid----5705----pid-1
---ebpf-pid----5705----pid-5705
---ebpf-pid----5705----pid-5476
---ebpf-pid----5705----pid-1
---ebpf-pid----5705----pid-5705
---ebpf-pid----5705----pid-5476
---ebpf-pid----5705----pid-1
---ebpf-pid----5705----pid-5705
---ebpf-pid----5705----pid-5476
---ebpf-pid----5705----pid-1
---ebpf-pid----5705----pid-5705
---ebpf-pid----5705----pid-5476
---ebpf-pid----5705----pid-1
---ebpf-pid----5705----pid-5705
---ebpf-pid----5705----pid-5476
---ebpf-pid----5705----pid-1
---ebpf-pid----5705----pid-5705
---ebpf-pid----5705----pid-5476
---ebpf-pid----5705----pid-1
---ebpf-pid----5705----pid-5705
---ebpf-pid----5705----pid-5476
---ebpf-pid----5705----pid-1
---ebpf-pid----2094----pid-2094
---ebpf-pid----2094----pid-1
---ebpf-pid----2094----pid-2094
---ebpf-pid----2094----pid-1
---ebpf-pid----2094----pid-2094
---ebpf-pid----2094----pid-1
---ebpf-pid----2094----pid-2094
---ebpf-pid----2094----pid-1
---ebpf-pid----2094----pid-2094
---ebpf-pid----2094----pid-1
---ebpf-pid----2094----pid-2094
---ebpf-pid----2094----pid-1
---ebpf-pid----2094----pid-2094
---ebpf-pid----2094----pid-1
---ebpf-pid----2094----pid-2094
---ebpf-pid----2094----pid-1
---ebpf-pid----2094----pid-2094
---ebpf-pid----2094----pid-1
---ebpf-pid----2094----pid-2094
---ebpf-pid----2094----pid-1
---ebpf-pid----5707----pid-5707
---ebpf-pid----5707----pid-5476
---ebpf-pid----5707----pid-1
---ebpf-pid----5707----pid-5707
---ebpf-pid----5707----pid-5476
---ebpf-pid----5707----pid-1
---ebpf-pid----5707----pid-5707
---ebpf-pid----5707----pid-5476
---ebpf-pid----5707----pid-1
---ebpf-pid----5707----pid-5707
---ebpf-pid----5707----pid-5476
---ebpf-pid----5707----pid-1
---ebpf-pid----5707----pid-5707
---ebpf-pid----5707----pid-5476
---ebpf-pid----5707----pid-1
---ebpf-pid----5707----pid-5707
---ebpf-pid----5707----pid-5476
---ebpf-pid----5707----pid-1
---ebpf-pid----5707----pid-5707
---ebpf-pid----5707----pid-5476
---ebpf-pid----5707----pid-1
---ebpf-pid----5707----pid-5707
---ebpf-pid----5707----pid-5476
---ebpf-pid----5707----pid-1
---ebpf-pid----5707----pid-5707
---ebpf-pid----5707----pid-5476
---ebpf-pid----5707----pid-1
---ebpf-pid----5707----pid-5707
---ebpf-pid----5707----pid-5476
---ebpf-pid----5707----pid-1
---ebpf-pid----5707----pid-5707
---ebpf-pid----5707----pid-5476
---ebpf-pid----5707----pid-1
---ebpf-pid----5707----pid-5707
---ebpf-pid----5707----pid-5476
---ebpf-pid----5707----pid-1
---ebpf-pid----5707----pid-5707
---ebpf-pid----5707----pid-5476
---ebpf-pid----5707----pid-1
---ebpf-pid----5707----pid-5707
---ebpf-pid----5707----pid-5476
---ebpf-pid----5707----pid-1
---ebpf-pid----5707----pid-5707
---ebpf-pid----5707----pid-5476
---ebpf-pid----5707----pid-1
---ebpf-pid----5707----pid-5707
---ebpf-pid----5707----pid-5476
---ebpf-pid----5707----pid-1
---ebpf-pid----5707----pid-5707
---ebpf-pid----5707----pid-5476
---ebpf-pid----5707----pid-1
---ebpf-pid----5707----pid-5707
---ebpf-pid----5707----pid-5476
---ebpf-pid----5707----pid-1
---ebpf-pid----5707----pid-5707
---ebpf-pid----5707----pid-5476
---ebpf-pid----5707----pid-1
---ebpf-pid----5707----pid-5707
---ebpf-pid----5707----pid-5476
---ebpf-pid----5707----pid-1
---ebpf-pid----2089----pid-2089
---ebpf-pid----2089----pid-1
---ebpf-pid----2089----pid-2089
---ebpf-pid----2089----pid-1
---ebpf-pid----2089----pid-2089
---ebpf-pid----2089----pid-1
---ebpf-pid----2089----pid-2089
---ebpf-pid----2089----pid-1
---ebpf-pid----2089----pid-2089
---ebpf-pid----2089----pid-1
---ebpf-pid----2089----pid-2089
---ebpf-pid----2089----pid-1
---ebpf-pid----2089----pid-2089
---ebpf-pid----2089----pid-1
---ebpf-pid----2089----pid-2089
---ebpf-pid----2089----pid-1
---ebpf-pid----2089----pid-2089
---ebpf-pid----2089----pid-1
---ebpf-pid----2089----pid-2089
---ebpf-pid----2089----pid-1
---ebpf-pid----2089----pid-2089
---ebpf-pid----2089----pid-1
---ebpf-pid----2089----pid-2089
---ebpf-pid----2089----pid-1
---ebpf-pid----2089----pid-2089
---ebpf-pid----2089----pid-1
---ebpf-pid----2089----pid-2089
---ebpf-pid----2089----pid-1
---ebpf-pid----2089----pid-2089
---ebpf-pid----2089----pid-1
---ebpf-pid----2089----pid-2089
---ebpf-pid----2089----pid-1
---ebpf-pid----2089----pid-2089
---ebpf-pid----2089----pid-1
---ebpf-pid----2089----pid-2089
---ebpf-pid----2089----pid-1
---ebpf-pid----2089----pid-2089
---ebpf-pid----2089----pid-1
---ebpf-pid----2089----pid-2089
---ebpf-pid----2089----pid-1
---ebpf-pid----2089----pid-2089
---ebpf-pid----2089----pid-1
---ebpf-pid----2089----pid-2089
---ebpf-pid----2089----pid-1
---ebpf-pid----2089----pid-2089
---ebpf-pid----2089----pid-1
---ebpf-pid----2089----pid-2089
---ebpf-pid----2089----pid-1
---ebpf-pid----2089----pid-2089
---ebpf-pid----2089----pid-1
---ebpf-pid----2089----pid-2089
---ebpf-pid----2089----pid-1
---ebpf-pid----2089----pid-2089
---ebpf-pid----2089----pid-1
---ebpf-pid----2089----pid-2089
---ebpf-pid----2089----pid-1
---ebpf-pid----2089----pid-2089
---ebpf-pid----2089----pid-1
---ebpf-pid----2089----pid-2089
---ebpf-pid----2089----pid-1
---ebpf-pid----372714----pid-372714
---ebpf-pid----372714----pid-5476
---ebpf-pid----372714----pid-1
---ebpf-pid----372714----pid-372714
---ebpf-pid----372714----pid-5476
---ebpf-pid----372714----pid-1
---ebpf-pid----372714----pid-372714
---ebpf-pid----372714----pid-5476
---ebpf-pid----372714----pid-1
---ebpf-pid----372714----pid-372714
---ebpf-pid----372714----pid-5476
---ebpf-pid----372714----pid-1
---ebpf-pid----372714----pid-372714
---ebpf-pid----372714----pid-5476
---ebpf-pid----372714----pid-1
---ebpf-pid----372714----pid-372714
---ebpf-pid----372714----pid-5476
---ebpf-pid----372714----pid-1
---ebpf-pid----372714----pid-372714
---ebpf-pid----372714----pid-5476
---ebpf-pid----372714----pid-1
---ebpf-pid----372714----pid-372714
---ebpf-pid----372714----pid-5476
---ebpf-pid----372714----pid-1
---ebpf-pid----372714----pid-372714
---ebpf-pid----372714----pid-5476
---ebpf-pid----372714----pid-1
---ebpf-pid----372714----pid-372714
---ebpf-pid----372714----pid-5476
---ebpf-pid----372714----pid-1
---ebpf-pid----372714----pid-372714
---ebpf-pid----372714----pid-5476
---ebpf-pid----372714----pid-1
---ebpf-pid----372714----pid-372714
---ebpf-pid----372714----pid-5476
---ebpf-pid----372714----pid-1
---ebpf-pid----372714----pid-372714
---ebpf-pid----372714----pid-5476
---ebpf-pid----372714----pid-1
---ebpf-pid----1856----pid-1856
---ebpf-pid----1856----pid-1
---ebpf-pid----372714----pid-372714
---ebpf-pid----372714----pid-5476
---ebpf-pid----372714----pid-1
---ebpf-pid----1856----pid-1856
---ebpf-pid----1856----pid-1
---ebpf-pid----372714----pid-372714
---ebpf-pid----372714----pid-5476
---ebpf-pid----372714----pid-1
---ebpf-pid----372714----pid-372714
---ebpf-pid----372714----pid-5476
---ebpf-pid----372714----pid-1
---ebpf-pid----372714----pid-372714
---ebpf-pid----372714----pid-5476
---ebpf-pid----372714----pid-1
---ebpf-pid----4115----pid-4115
---ebpf-pid----4115----pid-1
---ebpf-pid----4115----pid-4115
---ebpf-pid----4115----pid-1
---ebpf-pid----372714----pid-372714
---ebpf-pid----372714----pid-5476
---ebpf-pid----372714----pid-1
---ebpf-pid----372714----pid-372714
---ebpf-pid----372714----pid-5476
---ebpf-pid----372714----pid-1
---ebpf-pid----372714----pid-372714
---ebpf-pid----372714----pid-5476
---ebpf-pid----372714----pid-1
---ebpf-pid----372714----pid-372714
---ebpf-pid----372714----pid-5476
---ebpf-pid----372714----pid-1
---ebpf-pid----3320----pid-3320
---ebpf-pid----3320----pid-1
---ebpf-pid----3320----pid-3320
---ebpf-pid----3320----pid-1
---ebpf-pid----2012----pid-2012
---ebpf-pid----2012----pid-1
---ebpf-pid----2012----pid-2012
---ebpf-pid----2012----pid-1
---ebpf-pid----2012----pid-2012
---ebpf-pid----2012----pid-1
---ebpf-pid----2012----pid-2012
---ebpf-pid----2012----pid-1
---ebpf-pid----2012----pid-2012
---ebpf-pid----2012----pid-1
---ebpf-pid----2012----pid-2012
---ebpf-pid----2012----pid-1
---ebpf-pid----2012----pid-2012
---ebpf-pid----2012----pid-1
---ebpf-pid----2012----pid-2012
---ebpf-pid----2012----pid-1
---ebpf-pid----2012----pid-2012
---ebpf-pid----2012----pid-1
---ebpf-pid----2012----pid-2012
---ebpf-pid----2012----pid-1
---ebpf-pid----2012----pid-2012
---ebpf-pid----2012----pid-1
---ebpf-pid----2012----pid-2012
---ebpf-pid----2012----pid-1
---ebpf-pid----2012----pid-2012
---ebpf-pid----2012----pid-1
---ebpf-pid----2012----pid-2012
---ebpf-pid----2012----pid-1
---ebpf-pid----379067----pid-379067
---ebpf-pid----379067----pid-5476
---ebpf-pid----379067----pid-1
---ebpf-pid----379067----pid-379067
---ebpf-pid----379067----pid-5476
---ebpf-pid----379067----pid-1
---ebpf-pid----379067----pid-379067
---ebpf-pid----379067----pid-5476
---ebpf-pid----379067----pid-1
---ebpf-pid----379067----pid-379067
---ebpf-pid----379067----pid-5476
---ebpf-pid----379067----pid-1
---ebpf-pid----379067----pid-379067
---ebpf-pid----379067----pid-5476
---ebpf-pid----379067----pid-1
---ebpf-pid----379067----pid-379067
---ebpf-pid----379067----pid-5476
---ebpf-pid----379067----pid-1
---ebpf-pid----379067----pid-379067
---ebpf-pid----379067----pid-5476
---ebpf-pid----379067----pid-1
---ebpf-pid----379067----pid-379067
---ebpf-pid----379067----pid-5476
---ebpf-pid----379067----pid-1
---ebpf-pid----379067----pid-379067
---ebpf-pid----379067----pid-5476
---ebpf-pid----379067----pid-1
---ebpf-pid----379067----pid-379067
---ebpf-pid----379067----pid-5476
---ebpf-pid----379067----pid-1
---ebpf-pid----2089----pid-2089
---ebpf-pid----2089----pid-1
---ebpf-pid----379067----pid-379067
---ebpf-pid----379067----pid-5476
---ebpf-pid----379067----pid-1
---ebpf-pid----2089----pid-2089
---ebpf-pid----2089----pid-1
---ebpf-pid----2089----pid-2089
---ebpf-pid----2089----pid-1
---ebpf-pid----2089----pid-2089
---ebpf-pid----2089----pid-1
---ebpf-pid----2089----pid-2089
---ebpf-pid----2089----pid-1
---ebpf-pid----2089----pid-2089
---ebpf-pid----2089----pid-1
---ebpf-pid----2089----pid-2089
---ebpf-pid----2089----pid-1
---ebpf-pid----2089----pid-2089
---ebpf-pid----2089----pid-1
---ebpf-pid----2089----pid-2089
---ebpf-pid----2089----pid-1
---ebpf-pid----2089----pid-2089
---ebpf-pid----2089----pid-1
---ebpf-pid----2089----pid-2089
---ebpf-pid----2089----pid-1
---ebpf-pid----2089----pid-2089
---ebpf-pid----2089----pid-1
---ebpf-pid----2089----pid-2089
---ebpf-pid----2089----pid-1
---ebpf-pid----2089----pid-2089
---ebpf-pid----2089----pid-1
---ebpf-pid----2089----pid-2089
---ebpf-pid----2089----pid-1
---ebpf-pid----2089----pid-2089
---ebpf-pid----2089----pid-1
---ebpf-pid----2089----pid-2089
---ebpf-pid----2089----pid-1
---ebpf-pid----2089----pid-2089
---ebpf-pid----2089----pid-1
---ebpf-pid----2089----pid-2089
---ebpf-pid----2089----pid-1
---ebpf-pid----2089----pid-2089
---ebpf-pid----2089----pid-1
---ebpf-pid----2089----pid-2089
---ebpf-pid----2089----pid-1
---ebpf-pid----2089----pid-2089
---ebpf-pid----2089----pid-1
---ebpf-pid----2089----pid-2089
---ebpf-pid----2089----pid-1
---ebpf-pid----2089----pid-2089
---ebpf-pid----2089----pid-1
---ebpf-pid----2089----pid-2089
---ebpf-pid----2089----pid-1
---ebpf-pid----2089----pid-2089
---ebpf-pid----2089----pid-1
---ebpf-pid----2029----pid-2029
---ebpf-pid----2029----pid-1
---ebpf-pid----2089----pid-2089
---ebpf-pid----2089----pid-1
---ebpf-pid----2088----pid-2088
---ebpf-pid----2088----pid-1
---ebpf-pid----2088----pid-2088
---ebpf-pid----2088----pid-1
---ebpf-pid----2088----pid-2088
---ebpf-pid----2088----pid-1
---ebpf-pid----2088----pid-2088
---ebpf-pid----2088----pid-1
---ebpf-pid----2088----pid-2088
---ebpf-pid----2088----pid-1
---ebpf-pid----2088----pid-2088
---ebpf-pid----2088----pid-1
---ebpf-pid----2088----pid-2088
---ebpf-pid----2088----pid-1
---ebpf-pid----4210----pid-4210
---ebpf-pid----4210----pid-4164
---ebpf-pid----4210----pid-3417
---ebpf-pid----4210----pid-1
---ebpf-pid----2088----pid-2088
---ebpf-pid----2088----pid-1
---ebpf-pid----4210----pid-4210
---ebpf-pid----4210----pid-4164
---ebpf-pid----4210----pid-3417
---ebpf-pid----4210----pid-1
---ebpf-pid----2088----pid-2088
---ebpf-pid----2088----pid-1
---ebpf-pid----4210----pid-4210
---ebpf-pid----4210----pid-4164
---ebpf-pid----4210----pid-3417
---ebpf-pid----4210----pid-1
---ebpf-pid----2088----pid-2088
---ebpf-pid----2088----pid-1
---ebpf-pid----2088----pid-2088
---ebpf-pid----2088----pid-1
---ebpf-pid----2088----pid-2088
---ebpf-pid----2088----pid-1
---ebpf-pid----2088----pid-2088
---ebpf-pid----2088----pid-1
---ebpf-pid----2088----pid-2088
---ebpf-pid----2088----pid-1
---ebpf-pid----2088----pid-2088
---ebpf-pid----2088----pid-1
---ebpf-pid----2088----pid-2088
---ebpf-pid----2088----pid-1
---ebpf-pid----2088----pid-2088
---ebpf-pid----2088----pid-1
---ebpf-pid----2088----pid-2088
---ebpf-pid----2088----pid-1
---ebpf-pid----2088----pid-2088
---ebpf-pid----2088----pid-1
---ebpf-pid----2088----pid-2088
---ebpf-pid----2088----pid-1
---ebpf-pid----2088----pid-2088
---ebpf-pid----2088----pid-1
---ebpf-pid----2088----pid-2088
---ebpf-pid----2088----pid-1
---ebpf-pid----2088----pid-2088
---ebpf-pid----2088----pid-1
---ebpf-pid----448873----pid-448873
---ebpf-pid----448873----pid-3318
---ebpf-pid----448873----pid-1
---ebpf-pid----448874----pid-448874
---ebpf-pid----448874----pid-3318
---ebpf-pid----448874----pid-1
---ebpf-pid----2088----pid-2088
---ebpf-pid----2088----pid-1
---ebpf-pid----2088----pid-2088
---ebpf-pid----2088----pid-1
---ebpf-pid----2088----pid-2088
---ebpf-pid----2088----pid-1
---ebpf-pid----2088----pid-2088
---ebpf-pid----2088----pid-1
---ebpf-pid----2088----pid-2088
---ebpf-pid----2088----pid-1
---ebpf-pid----2088----pid-2088
---ebpf-pid----2088----pid-1
---ebpf-pid----2088----pid-2088
---ebpf-pid----2088----pid-1
---ebpf-pid----2088----pid-2088
---ebpf-pid----2088----pid-1
---ebpf-pid----2088----pid-2088
---ebpf-pid----2088----pid-1
---ebpf-pid----2088----pid-2088
---ebpf-pid----2088----pid-1
---ebpf-pid----2088----pid-2088
---ebpf-pid----2088----pid-1
---ebpf-pid----2088----pid-2088
---ebpf-pid----2088----pid-1
---ebpf-pid----2088----pid-2088
---ebpf-pid----2088----pid-1
---ebpf-pid----2088----pid-2088
---ebpf-pid----2088----pid-1
---ebpf-pid----2088----pid-2088
---ebpf-pid----2088----pid-1
---ebpf-pid----2088----pid-2088
---ebpf-pid----2088----pid-1
---ebpf-pid----2088----pid-2088
---ebpf-pid----2088----pid-1
---ebpf-pid----2088----pid-2088
---ebpf-pid----2088----pid-1
---ebpf-pid----2088----pid-2088
---ebpf-pid----2088----pid-1
---ebpf-pid----2088----pid-2088
---ebpf-pid----2088----pid-1
---ebpf-pid----2088----pid-2088
---ebpf-pid----2088----pid-1
---ebpf-pid----2088----pid-2088
---ebpf-pid----2088----pid-1
---ebpf-pid----2088----pid-2088
---ebpf-pid----2088----pid-1
---ebpf-pid----2088----pid-2088
---ebpf-pid----2088----pid-1
---ebpf-pid----2088----pid-2088
---ebpf-pid----2088----pid-1
---ebpf-pid----2088----pid-2088
---ebpf-pid----2088----pid-1
---ebpf-pid----2088----pid-2088
---ebpf-pid----2088----pid-1
---ebpf-pid----2088----pid-2088
---ebpf-pid----2088----pid-1
---ebpf-pid----2088----pid-2088
---ebpf-pid----2088----pid-1
---ebpf-pid----2088----pid-2088
---ebpf-pid----2088----pid-1
---ebpf-pid----2088----pid-2088
---ebpf-pid----2088----pid-1
---ebpf-pid----2088----pid-2088
---ebpf-pid----2088----pid-1
---ebpf-pid----2088----pid-2088
---ebpf-pid----2088----pid-1
---ebpf-pid----2088----pid-2088
---ebpf-pid----2088----pid-1
---ebpf-pid----2088----pid-2088
---ebpf-pid----2088----pid-1
---ebpf-pid----2088----pid-2088
---ebpf-pid----2088----pid-1
---ebpf-pid----2088----pid-2088
---ebpf-pid----2088----pid-1
---ebpf-pid----2088----pid-2088
---ebpf-pid----2088----pid-1
---ebpf-pid----2088----pid-2088
---ebpf-pid----2088----pid-1
---ebpf-pid----2088----pid-2088
---ebpf-pid----2088----pid-1
---ebpf-pid----2088----pid-2088
---ebpf-pid----2088----pid-1
---ebpf-pid----2088----pid-2088
---ebpf-pid----2088----pid-1
---ebpf-pid----2088----pid-2088
---ebpf-pid----2088----pid-1
---ebpf-pid----2088----pid-2088
---ebpf-pid----2088----pid-1
---ebpf-pid----2088----pid-2088
---ebpf-pid----2088----pid-1
---ebpf-pid----2088----pid-2088
---ebpf-pid----2088----pid-1
---ebpf-pid----2088----pid-2088
---ebpf-pid----2088----pid-1
---ebpf-pid----2088----pid-2088
---ebpf-pid----2088----pid-1
---ebpf-pid----2088----pid-2088
---ebpf-pid----2088----pid-1
---ebpf-pid----2088----pid-2088
---ebpf-pid----2088----pid-1
---ebpf-pid----2088----pid-2088
---ebpf-pid----2088----pid-1
---ebpf-pid----2088----pid-2088
---ebpf-pid----2088----pid-1
---ebpf-pid----2088----pid-2088
---ebpf-pid----2088----pid-1
---ebpf-pid----2088----pid-2088
---ebpf-pid----2088----pid-1
---ebpf-pid----2088----pid-2088
---ebpf-pid----2088----pid-1
---ebpf-pid----2088----pid-2088
---ebpf-pid----2088----pid-1
---ebpf-pid----2088----pid-2088
---ebpf-pid----2088----pid-1
---ebpf-pid----2088----pid-2088
---ebpf-pid----2088----pid-1
---ebpf-pid----2088----pid-2088
---ebpf-pid----2088----pid-1
---ebpf-pid----2088----pid-2088
---ebpf-pid----2088----pid-1
---ebpf-pid----2088----pid-2088
---ebpf-pid----2088----pid-1
---ebpf-pid----2088----pid-2088
---ebpf-pid----2088----pid-1
---ebpf-pid----2088----pid-2088
---ebpf-pid----2088----pid-1
---ebpf-pid----2088----pid-2088
---ebpf-pid----2088----pid-1
---ebpf-pid----2088----pid-2088
---ebpf-pid----2088----pid-1
---ebpf-pid----2088----pid-2088
---ebpf-pid----2088----pid-1
---ebpf-pid----2088----pid-2088
---ebpf-pid----2088----pid-1
---ebpf-pid----2088----pid-2088
---ebpf-pid----2088----pid-1
---ebpf-pid----2088----pid-2088
---ebpf-pid----2088----pid-1
---ebpf-pid----2088----pid-2088
---ebpf-pid----2088----pid-1
---ebpf-pid----2088----pid-2088
---ebpf-pid----2088----pid-1
---ebpf-pid----2088----pid-2088
---ebpf-pid----2088----pid-1
---ebpf-pid----2088----pid-2088
---ebpf-pid----2088----pid-1
---ebpf-pid----2088----pid-2088
---ebpf-pid----2088----pid-1
---ebpf-pid----2088----pid-2088
---ebpf-pid----2088----pid-1
---ebpf-pid----5707----pid-5707
---ebpf-pid----5707----pid-5476
---ebpf-pid----5707----pid-1
---ebpf-pid----5707----pid-5707
---ebpf-pid----5707----pid-5476
---ebpf-pid----5707----pid-1
---ebpf-pid----5707----pid-5707
---ebpf-pid----5707----pid-5476
---ebpf-pid----5707----pid-1
---ebpf-pid----5707----pid-5707
---ebpf-pid----5707----pid-5476
---ebpf-pid----5707----pid-1
---ebpf-pid----5707----pid-5707
---ebpf-pid----5707----pid-5476
---ebpf-pid----5707----pid-1
---ebpf-pid----5707----pid-5707
---ebpf-pid----5707----pid-5476
---ebpf-pid----5707----pid-1
---ebpf-pid----5707----pid-5707
---ebpf-pid----5707----pid-5476
---ebpf-pid----5707----pid-1
---ebpf-pid----5707----pid-5707
---ebpf-pid----5707----pid-5476
---ebpf-pid----5707----pid-1
---ebpf-pid----5707----pid-5707
---ebpf-pid----5707----pid-5476
---ebpf-pid----5707----pid-1
---ebpf-pid----5707----pid-5707
---ebpf-pid----5707----pid-5476
---ebpf-pid----5707----pid-1
---ebpf-pid----5707----pid-5707
---ebpf-pid----5707----pid-5476
---ebpf-pid----5707----pid-1
---ebpf-pid----5707----pid-5707
---ebpf-pid----5707----pid-5476
---ebpf-pid----5707----pid-1
---ebpf-pid----5707----pid-5707
---ebpf-pid----5707----pid-5476
---ebpf-pid----5707----pid-1
---ebpf-pid----5707----pid-5707
---ebpf-pid----5707----pid-5476
---ebpf-pid----5707----pid-1
---ebpf-pid----5707----pid-5707
---ebpf-pid----5707----pid-5476
---ebpf-pid----5707----pid-1
---ebpf-pid----5707----pid-5707
---ebpf-pid----5707----pid-5476
---ebpf-pid----5707----pid-1
---ebpf-pid----5707----pid-5707
---ebpf-pid----5707----pid-5476
---ebpf-pid----5707----pid-1
---ebpf-pid----5707----pid-5707
---ebpf-pid----5707----pid-5476
---ebpf-pid----5707----pid-1
---ebpf-pid----5707----pid-5707
---ebpf-pid----5707----pid-5476
---ebpf-pid----5707----pid-1
---ebpf-pid----5707----pid-5707
---ebpf-pid----5707----pid-5476
---ebpf-pid----5707----pid-1
---ebpf-pid----448872----pid-448872
---ebpf-pid----448872----pid-3318
---ebpf-pid----448872----pid-1
---ebpf-pid----448872----pid-448872
---ebpf-pid----448872----pid-3318
---ebpf-pid----448872----pid-1
---ebpf-pid----448872----pid-448872
---ebpf-pid----448872----pid-3318
---ebpf-pid----448872----pid-1
---ebpf-pid----448872----pid-448872
---ebpf-pid----448872----pid-3318
---ebpf-pid----448872----pid-1
---ebpf-pid----2089----pid-2089
---ebpf-pid----2089----pid-1
---ebpf-pid----2089----pid-2089
---ebpf-pid----2089----pid-1
---ebpf-pid----2089----pid-2089
---ebpf-pid----2089----pid-1
---ebpf-pid----2089----pid-2089
---ebpf-pid----2089----pid-1
---ebpf-pid----2089----pid-2089
---ebpf-pid----2089----pid-1
---ebpf-pid----2089----pid-2089
---ebpf-pid----2089----pid-1
---ebpf-pid----2089----pid-2089
---ebpf-pid----2089----pid-1
---ebpf-pid----2089----pid-2089
---ebpf-pid----2089----pid-1
---ebpf-pid----2089----pid-2089
---ebpf-pid----2089----pid-1
---ebpf-pid----2089----pid-2089
---ebpf-pid----2089----pid-1
---ebpf-pid----2089----pid-2089
---ebpf-pid----2089----pid-1
---ebpf-pid----2089----pid-2089
---ebpf-pid----2089----pid-1
---ebpf-pid----2089----pid-2089
---ebpf-pid----2089----pid-1
---ebpf-pid----2089----pid-2089
---ebpf-pid----2089----pid-1
---ebpf-pid----2089----pid-2089
---ebpf-pid----2089----pid-1
---ebpf-pid----2089----pid-2089
---ebpf-pid----2089----pid-1
---ebpf-pid----2089----pid-2089
---ebpf-pid----2089----pid-1
---ebpf-pid----2089----pid-2089
---ebpf-pid----2089----pid-1
---ebpf-pid----2089----pid-2089
---ebpf-pid----2089----pid-1
---ebpf-pid----2089----pid-2089
---ebpf-pid----2089----pid-1
---ebpf-pid----2089----pid-2089
---ebpf-pid----2089----pid-1
---ebpf-pid----2089----pid-2089
---ebpf-pid----2089----pid-1
---ebpf-pid----2089----pid-2089
---ebpf-pid----2089----pid-1
---ebpf-pid----2089----pid-2089
---ebpf-pid----2089----pid-1
---ebpf-pid----2089----pid-2089
---ebpf-pid----2089----pid-1
---ebpf-pid----2089----pid-2089
---ebpf-pid----2089----pid-1
---ebpf-pid----5085----pid-5085
---ebpf-pid----5085----pid-4164
---ebpf-pid----5085----pid-3417
---ebpf-pid----5085----pid-1
---ebpf-pid----2089----pid-2089
---ebpf-pid----2089----pid-1
---ebpf-pid----2089----pid-2089
---ebpf-pid----2089----pid-1
---ebpf-pid----2089----pid-2089
---ebpf-pid----2089----pid-1
---ebpf-pid----2089----pid-2089
---ebpf-pid----2089----pid-1
---ebpf-pid----2089----pid-2089
---ebpf-pid----2089----pid-1
---ebpf-pid----2089----pid-2089
---ebpf-pid----2089----pid-1
---ebpf-pid----2089----pid-2089
---ebpf-pid----2089----pid-1
---ebpf-pid----2089----pid-2089
---ebpf-pid----2089----pid-1
---ebpf-pid----2089----pid-2089
---ebpf-pid----2089----pid-1
---ebpf-pid----2089----pid-2089
---ebpf-pid----2089----pid-1
---ebpf-pid----2089----pid-2089
---ebpf-pid----2089----pid-1
---ebpf-pid----2089----pid-2089
---ebpf-pid----2089----pid-1
---ebpf-pid----2089----pid-2089
---ebpf-pid----2089----pid-1
---ebpf-pid----2089----pid-2089
---ebpf-pid----2089----pid-1
---ebpf-pid----2089----pid-2089
---ebpf-pid----2089----pid-1
---ebpf-pid----2089----pid-2089
---ebpf-pid----2089----pid-1
---ebpf-pid----2089----pid-2089
---ebpf-pid----2089----pid-1
---ebpf-pid----2089----pid-2089
---ebpf-pid----2089----pid-1
---ebpf-pid----2089----pid-2089
---ebpf-pid----2089----pid-1
---ebpf-pid----2089----pid-2089
---ebpf-pid----2089----pid-1
---ebpf-pid----2089----pid-2089
---ebpf-pid----2089----pid-1
---ebpf-pid----379067----pid-379067
---ebpf-pid----379067----pid-5476
---ebpf-pid----379067----pid-1
---ebpf-pid----379067----pid-379067
---ebpf-pid----379067----pid-5476
---ebpf-pid----379067----pid-1
---ebpf-pid----379067----pid-379067
---ebpf-pid----379067----pid-5476
---ebpf-pid----379067----pid-1
---ebpf-pid----379067----pid-379067
---ebpf-pid----379067----pid-5476
---ebpf-pid----379067----pid-1
---ebpf-pid----379067----pid-379067
---ebpf-pid----379067----pid-5476
---ebpf-pid----379067----pid-1
---ebpf-pid----379067----pid-379067
---ebpf-pid----379067----pid-5476
---ebpf-pid----379067----pid-1
---ebpf-pid----379067----pid-379067
---ebpf-pid----379067----pid-5476
---ebpf-pid----379067----pid-1
---ebpf-pid----379067----pid-379067
---ebpf-pid----379067----pid-5476
---ebpf-pid----379067----pid-1
---ebpf-pid----379067----pid-379067
---ebpf-pid----379067----pid-5476
---ebpf-pid----379067----pid-1
---ebpf-pid----379067----pid-379067
---ebpf-pid----379067----pid-5476
---ebpf-pid----379067----pid-1
---ebpf-pid----372714----pid-372714
---ebpf-pid----372714----pid-5476
---ebpf-pid----372714----pid-1
---ebpf-pid----372714----pid-372714
---ebpf-pid----372714----pid-5476
---ebpf-pid----372714----pid-1
---ebpf-pid----372714----pid-372714
---ebpf-pid----372714----pid-5476
---ebpf-pid----372714----pid-1
---ebpf-pid----372714----pid-372714
---ebpf-pid----372714----pid-5476
---ebpf-pid----372714----pid-1
---ebpf-pid----372714----pid-372714
---ebpf-pid----372714----pid-5476
---ebpf-pid----372714----pid-1
---ebpf-pid----372714----pid-372714
---ebpf-pid----372714----pid-5476
---ebpf-pid----372714----pid-1
---ebpf-pid----372714----pid-372714
---ebpf-pid----372714----pid-5476
---ebpf-pid----372714----pid-1
---ebpf-pid----372714----pid-372714
---ebpf-pid----372714----pid-5476
---ebpf-pid----372714----pid-1
---ebpf-pid----372714----pid-372714
---ebpf-pid----372714----pid-5476
---ebpf-pid----372714----pid-1
---ebpf-pid----372714----pid-372714
---ebpf-pid----372714----pid-5476
---ebpf-pid----372714----pid-1
---ebpf-pid----373029----pid-373029
---ebpf-pid----373029----pid-5476
---ebpf-pid----373029----pid-1
---ebpf-pid----373029----pid-373029
---ebpf-pid----373029----pid-5476
---ebpf-pid----373029----pid-1
---ebpf-pid----373029----pid-373029
---ebpf-pid----373029----pid-5476
---ebpf-pid----373029----pid-1
---ebpf-pid----373029----pid-373029
---ebpf-pid----373029----pid-5476
---ebpf-pid----373029----pid-1
---ebpf-pid----373029----pid-373029
---ebpf-pid----373029----pid-5476
---ebpf-pid----373029----pid-1
---ebpf-pid----373029----pid-373029
---ebpf-pid----373029----pid-5476
---ebpf-pid----373029----pid-1
---ebpf-pid----373029----pid-373029
---ebpf-pid----373029----pid-5476
---ebpf-pid----373029----pid-1
---ebpf-pid----373029----pid-373029
---ebpf-pid----373029----pid-5476
---ebpf-pid----373029----pid-1
---ebpf-pid----373029----pid-373029
---ebpf-pid----373029----pid-5476
---ebpf-pid----373029----pid-1
---ebpf-pid----2094----pid-2094
---ebpf-pid----2094----pid-1
---ebpf-pid----5707----pid-5707
---ebpf-pid----5707----pid-5476
---ebpf-pid----5707----pid-1
---ebpf-pid----5707----pid-5707
---ebpf-pid----5707----pid-5476
---ebpf-pid----5707----pid-1
---ebpf-pid----5707----pid-5707
---ebpf-pid----5707----pid-5476
---ebpf-pid----5707----pid-1
---ebpf-pid----5707----pid-5707
---ebpf-pid----5707----pid-5476
---ebpf-pid----5707----pid-1
---ebpf-pid----5707----pid-5707
---ebpf-pid----5707----pid-5476
---ebpf-pid----5707----pid-1
---ebpf-pid----5707----pid-5707
---ebpf-pid----5707----pid-5476
---ebpf-pid----5707----pid-1
---ebpf-pid----5707----pid-5707
---ebpf-pid----5707----pid-5476
---ebpf-pid----5707----pid-1
---ebpf-pid----5707----pid-5707
---ebpf-pid----5707----pid-5476
---ebpf-pid----5707----pid-1
---ebpf-pid----5707----pid-5707
---ebpf-pid----5707----pid-5476
---ebpf-pid----5707----pid-1
---ebpf-pid----5707----pid-5707
---ebpf-pid----5707----pid-5476
---ebpf-pid----5707----pid-1
---ebpf-pid----5707----pid-5707
---ebpf-pid----5707----pid-5476
---ebpf-pid----5707----pid-1
---ebpf-pid----5707----pid-5707
---ebpf-pid----5707----pid-5476
---ebpf-pid----5707----pid-1
---ebpf-pid----379067----pid-379067
---ebpf-pid----379067----pid-5476
---ebpf-pid----379067----pid-1
---ebpf-pid----379067----pid-379067
---ebpf-pid----379067----pid-5476
---ebpf-pid----379067----pid-1
---ebpf-pid----379067----pid-379067
---ebpf-pid----379067----pid-5476
---ebpf-pid----379067----pid-1
---ebpf-pid----379067----pid-379067
---ebpf-pid----379067----pid-5476
---ebpf-pid----379067----pid-1
---ebpf-pid----379067----pid-379067
---ebpf-pid----379067----pid-5476
---ebpf-pid----379067----pid-1
---ebpf-pid----379067----pid-379067
---ebpf-pid----379067----pid-5476
---ebpf-pid----379067----pid-1
---ebpf-pid----379067----pid-379067
---ebpf-pid----379067----pid-5476
---ebpf-pid----379067----pid-1
---ebpf-pid----379067----pid-379067
---ebpf-pid----379067----pid-5476
---ebpf-pid----379067----pid-1
---ebpf-pid----379067----pid-379067
---ebpf-pid----379067----pid-5476
---ebpf-pid----379067----pid-1
---ebpf-pid----379067----pid-379067
---ebpf-pid----379067----pid-5476
---ebpf-pid----379067----pid-1
---ebpf-pid----379067----pid-379067
---ebpf-pid----379067----pid-5476
---ebpf-pid----379067----pid-1
---ebpf-pid----379067----pid-379067
---ebpf-pid----379067----pid-5476
---ebpf-pid----379067----pid-1
---ebpf-pid----379067----pid-379067
---ebpf-pid----379067----pid-5476
---ebpf-pid----379067----pid-1
---ebpf-pid----379067----pid-379067
---ebpf-pid----379067----pid-5476
---ebpf-pid----379067----pid-1
---ebpf-pid----2029----pid-2029
---ebpf-pid----2029----pid-1
---ebpf-pid----2029----pid-2029
---ebpf-pid----2029----pid-1
---ebpf-pid----2029----pid-2029
---ebpf-pid----2029----pid-1
---ebpf-pid----5707----pid-5707
---ebpf-pid----5707----pid-5476
---ebpf-pid----5707----pid-1
---ebpf-pid----5707----pid-5707
---ebpf-pid----5707----pid-5476
---ebpf-pid----5707----pid-1
---ebpf-pid----5707----pid-5707
---ebpf-pid----5707----pid-5476
---ebpf-pid----5707----pid-1
---ebpf-pid----5707----pid-5707
---ebpf-pid----5707----pid-5476
---ebpf-pid----5707----pid-1
---ebpf-pid----5707----pid-5707
---ebpf-pid----5707----pid-5476
---ebpf-pid----5707----pid-1
---ebpf-pid----5707----pid-5707
---ebpf-pid----5707----pid-5476
---ebpf-pid----5707----pid-1
---ebpf-pid----5707----pid-5707
---ebpf-pid----5707----pid-5476
---ebpf-pid----5707----pid-1
---ebpf-pid----5707----pid-5707
---ebpf-pid----5707----pid-5476
---ebpf-pid----5707----pid-1
---ebpf-pid----5707----pid-5707
---ebpf-pid----5707----pid-5476
---ebpf-pid----5707----pid-1
---ebpf-pid----5707----pid-5707
---ebpf-pid----5707----pid-5476
---ebpf-pid----5707----pid-1
---ebpf-pid----5707----pid-5707
---ebpf-pid----5707----pid-5476
---ebpf-pid----5707----pid-1
---ebpf-pid----373029----pid-373029
---ebpf-pid----373029----pid-5476
---ebpf-pid----373029----pid-1
---ebpf-pid----373029----pid-373029
---ebpf-pid----373029----pid-5476
---ebpf-pid----373029----pid-1
---ebpf-pid----373029----pid-373029
---ebpf-pid----373029----pid-5476
---ebpf-pid----373029----pid-1
---ebpf-pid----373029----pid-373029
---ebpf-pid----373029----pid-5476
---ebpf-pid----373029----pid-1
---ebpf-pid----373029----pid-373029
---ebpf-pid----373029----pid-5476
---ebpf-pid----373029----pid-1
---ebpf-pid----373029----pid-373029
---ebpf-pid----373029----pid-5476
---ebpf-pid----373029----pid-1
---ebpf-pid----373029----pid-373029
---ebpf-pid----373029----pid-5476
---ebpf-pid----373029----pid-1
---ebpf-pid----373029----pid-373029
---ebpf-pid----373029----pid-5476
---ebpf-pid----373029----pid-1
---ebpf-pid----373029----pid-373029
---ebpf-pid----373029----pid-5476
---ebpf-pid----373029----pid-1
---ebpf-pid----373029----pid-373029
---ebpf-pid----373029----pid-5476
---ebpf-pid----373029----pid-1
---ebpf-pid----373029----pid-373029
---ebpf-pid----373029----pid-5476
---ebpf-pid----373029----pid-1
---ebpf-pid----373029----pid-373029
---ebpf-pid----373029----pid-5476
---ebpf-pid----373029----pid-1
---ebpf-pid----373029----pid-373029
---ebpf-pid----373029----pid-5476
---ebpf-pid----373029----pid-1
---ebpf-pid----373029----pid-373029
---ebpf-pid----373029----pid-5476
---ebpf-pid----373029----pid-1
---ebpf-pid----373029----pid-373029
---ebpf-pid----373029----pid-5476
---ebpf-pid----373029----pid-1
---ebpf-pid----373029----pid-373029
---ebpf-pid----373029----pid-5476
---ebpf-pid----373029----pid-1
---ebpf-pid----373029----pid-373029
---ebpf-pid----373029----pid-5476
---ebpf-pid----373029----pid-1
---ebpf-pid----373029----pid-373029
---ebpf-pid----373029----pid-5476
---ebpf-pid----373029----pid-1
---ebpf-pid----373029----pid-373029
---ebpf-pid----373029----pid-5476
---ebpf-pid----373029----pid-1
---ebpf-pid----372714----pid-372714
---ebpf-pid----372714----pid-5476
---ebpf-pid----372714----pid-1
---ebpf-pid----372714----pid-372714
---ebpf-pid----372714----pid-5476
---ebpf-pid----372714----pid-1
---ebpf-pid----372714----pid-372714
---ebpf-pid----372714----pid-5476
---ebpf-pid----372714----pid-1
---ebpf-pid----372714----pid-372714
---ebpf-pid----372714----pid-5476
---ebpf-pid----372714----pid-1
---ebpf-pid----372714----pid-372714
---ebpf-pid----372714----pid-5476
---ebpf-pid----372714----pid-1
---ebpf-pid----372714----pid-372714
---ebpf-pid----372714----pid-5476
---ebpf-pid----372714----pid-1
---ebpf-pid----372714----pid-372714
---ebpf-pid----372714----pid-5476
---ebpf-pid----372714----pid-1
---ebpf-pid----372714----pid-372714
---ebpf-pid----372714----pid-5476
---ebpf-pid----372714----pid-1
---ebpf-pid----372714----pid-372714
---ebpf-pid----372714----pid-5476
---ebpf-pid----372714----pid-1
---ebpf-pid----372714----pid-372714
---ebpf-pid----372714----pid-5476
---ebpf-pid----372714----pid-1
---ebpf-pid----372714----pid-372714
---ebpf-pid----372714----pid-5476
---ebpf-pid----372714----pid-1
---ebpf-pid----372714----pid-372714
---ebpf-pid----372714----pid-5476
---ebpf-pid----372714----pid-1
---ebpf-pid----372714----pid-372714
---ebpf-pid----372714----pid-5476
---ebpf-pid----372714----pid-1
---ebpf-pid----372714----pid-372714
---ebpf-pid----372714----pid-5476
---ebpf-pid----372714----pid-1
---ebpf-pid----372714----pid-372714
---ebpf-pid----372714----pid-5476
---ebpf-pid----372714----pid-1
---ebpf-pid----372714----pid-372714
---ebpf-pid----372714----pid-5476
---ebpf-pid----372714----pid-1
---ebpf-pid----372714----pid-372714
---ebpf-pid----372714----pid-5476
---ebpf-pid----372714----pid-1
---ebpf-pid----372714----pid-372714
---ebpf-pid----372714----pid-5476
---ebpf-pid----372714----pid-1
---ebpf-pid----372714----pid-372714
---ebpf-pid----372714----pid-5476
---ebpf-pid----372714----pid-1
---ebpf-pid----372714----pid-372714
---ebpf-pid----372714----pid-5476
---ebpf-pid----372714----pid-1
---ebpf-pid----5707----pid-5707
---ebpf-pid----5707----pid-5476
---ebpf-pid----5707----pid-1
---ebpf-pid----5707----pid-5707
---ebpf-pid----5707----pid-5476
---ebpf-pid----5707----pid-1
---ebpf-pid----5707----pid-5707
---ebpf-pid----5707----pid-5476
---ebpf-pid----5707----pid-1
---ebpf-pid----5707----pid-5707
---ebpf-pid----5707----pid-5476
---ebpf-pid----5707----pid-1
---ebpf-pid----5707----pid-5707
---ebpf-pid----5707----pid-5476
---ebpf-pid----5707----pid-1
---ebpf-pid----5707----pid-5707
---ebpf-pid----5707----pid-5476
---ebpf-pid----5707----pid-1
---ebpf-pid----5707----pid-5707
---ebpf-pid----5707----pid-5476
---ebpf-pid----5707----pid-1
---ebpf-pid----5707----pid-5707
---ebpf-pid----5707----pid-5476
---ebpf-pid----5707----pid-1
---ebpf-pid----5707----pid-5707
---ebpf-pid----5707----pid-5476
---ebpf-pid----5707----pid-1
---ebpf-pid----5707----pid-5707
---ebpf-pid----5707----pid-5476
---ebpf-pid----5707----pid-1
---ebpf-pid----2029----pid-2029
---ebpf-pid----2029----pid-1
---ebpf-pid----2029----pid-2029
---ebpf-pid----2029----pid-1
---ebpf-pid----2029----pid-2029
---ebpf-pid----2029----pid-1
---ebpf-pid----2029----pid-2029
---ebpf-pid----2029----pid-1
---ebpf-pid----5707----pid-5707
---ebpf-pid----5707----pid-5476
---ebpf-pid----5707----pid-1
---ebpf-pid----5707----pid-5707
---ebpf-pid----5707----pid-5476
---ebpf-pid----5707----pid-1
---ebpf-pid----5707----pid-5707
---ebpf-pid----5707----pid-5476
---ebpf-pid----5707----pid-1
---ebpf-pid----5707----pid-5707
---ebpf-pid----5707----pid-5476
---ebpf-pid----5707----pid-1
---ebpf-pid----5707----pid-5707
---ebpf-pid----5707----pid-5476
---ebpf-pid----5707----pid-1
---ebpf-pid----372714----pid-372714
---ebpf-pid----372714----pid-5476
---ebpf-pid----372714----pid-1
---ebpf-pid----372714----pid-372714
---ebpf-pid----372714----pid-5476
---ebpf-pid----372714----pid-1
---ebpf-pid----372714----pid-372714
---ebpf-pid----372714----pid-5476
---ebpf-pid----372714----pid-1
---ebpf-pid----372714----pid-372714
---ebpf-pid----372714----pid-5476
---ebpf-pid----372714----pid-1
---ebpf-pid----372714----pid-372714
---ebpf-pid----372714----pid-5476
---ebpf-pid----372714----pid-1
---ebpf-pid----372714----pid-372714
---ebpf-pid----372714----pid-5476
---ebpf-pid----372714----pid-1
---ebpf-pid----372714----pid-372714
---ebpf-pid----372714----pid-5476
---ebpf-pid----372714----pid-1
---ebpf-pid----372714----pid-372714
---ebpf-pid----372714----pid-5476
---ebpf-pid----372714----pid-1
---ebpf-pid----372714----pid-372714
---ebpf-pid----372714----pid-5476
---ebpf-pid----372714----pid-1
---ebpf-pid----2029----pid-2029
---ebpf-pid----2029----pid-1
---ebpf-pid----2029----pid-2029
---ebpf-pid----2029----pid-1
---ebpf-pid----2029----pid-2029
---ebpf-pid----2029----pid-1
---ebpf-pid----2029----pid-2029
---ebpf-pid----2029----pid-1
---ebpf-pid----2029----pid-2029
---ebpf-pid----2029----pid-1
---ebpf-pid----2029----pid-2029
---ebpf-pid----2029----pid-1
---ebpf-pid----2029----pid-2029
---ebpf-pid----2029----pid-1
---ebpf-pid----2029----pid-2029
---ebpf-pid----2029----pid-1
---ebpf-pid----372714----pid-372714
---ebpf-pid----372714----pid-5476
---ebpf-pid----372714----pid-1
---ebpf-pid----372714----pid-372714
---ebpf-pid----372714----pid-5476
---ebpf-pid----372714----pid-1
---ebpf-pid----372714----pid-372714
---ebpf-pid----372714----pid-5476
---ebpf-pid----372714----pid-1
---ebpf-pid----372714----pid-372714
---ebpf-pid----372714----pid-5476
---ebpf-pid----372714----pid-1
---ebpf-pid----372714----pid-372714
---ebpf-pid----372714----pid-5476
---ebpf-pid----372714----pid-1
---ebpf-pid----372714----pid-372714
---ebpf-pid----372714----pid-5476
---ebpf-pid----372714----pid-1
---ebpf-pid----372714----pid-372714
---ebpf-pid----372714----pid-5476
---ebpf-pid----372714----pid-1
---ebpf-pid----372714----pid-372714
---ebpf-pid----372714----pid-5476
---ebpf-pid----372714----pid-1
---ebpf-pid----372714----pid-372714
---ebpf-pid----372714----pid-5476
---ebpf-pid----372714----pid-1
---ebpf-pid----372714----pid-372714
---ebpf-pid----372714----pid-5476
---ebpf-pid----372714----pid-1
---ebpf-pid----372714----pid-372714
---ebpf-pid----372714----pid-5476
---ebpf-pid----372714----pid-1
---ebpf-pid----372714----pid-372714
---ebpf-pid----372714----pid-5476
---ebpf-pid----372714----pid-1
---ebpf-pid----2089----pid-2089
---ebpf-pid----2089----pid-1
---ebpf-pid----2089----pid-2089
---ebpf-pid----2089----pid-1
---ebpf-pid----2089----pid-2089
---ebpf-pid----2089----pid-1
---ebpf-pid----2089----pid-2089
---ebpf-pid----2089----pid-1
---ebpf-pid----2089----pid-2089
---ebpf-pid----2089----pid-1
---ebpf-pid----2089----pid-2089
---ebpf-pid----2089----pid-1
---ebpf-pid----2089----pid-2089
---ebpf-pid----2089----pid-1
---ebpf-pid----2089----pid-2089
---ebpf-pid----2089----pid-1
---ebpf-pid----2089----pid-2089
---ebpf-pid----2089----pid-1
---ebpf-pid----2089----pid-2089
---ebpf-pid----2089----pid-1
---ebpf-pid----379067----pid-379067
---ebpf-pid----379067----pid-5476
---ebpf-pid----379067----pid-1
---ebpf-pid----379067----pid-379067
---ebpf-pid----379067----pid-5476
---ebpf-pid----379067----pid-1
---ebpf-pid----379067----pid-379067
---ebpf-pid----379067----pid-5476
---ebpf-pid----379067----pid-1
---ebpf-pid----379067----pid-379067
---ebpf-pid----379067----pid-5476
---ebpf-pid----379067----pid-1
---ebpf-pid----379067----pid-379067
---ebpf-pid----379067----pid-5476
---ebpf-pid----379067----pid-1
---ebpf-pid----379067----pid-379067
---ebpf-pid----379067----pid-5476
---ebpf-pid----379067----pid-1
---ebpf-pid----379067----pid-379067
---ebpf-pid----379067----pid-5476
---ebpf-pid----379067----pid-1
---ebpf-pid----379067----pid-379067
---ebpf-pid----379067----pid-5476
---ebpf-pid----379067----pid-1
---ebpf-pid----379067----pid-379067
---ebpf-pid----379067----pid-5476
---ebpf-pid----379067----pid-1
---ebpf-pid----379067----pid-379067
---ebpf-pid----379067----pid-5476
---ebpf-pid----379067----pid-1
---ebpf-pid----379067----pid-379067
---ebpf-pid----379067----pid-5476
---ebpf-pid----379067----pid-1
---ebpf-pid----379067----pid-379067
---ebpf-pid----379067----pid-5476
---ebpf-pid----379067----pid-1
---ebpf-pid----379067----pid-379067
---ebpf-pid----379067----pid-5476
---ebpf-pid----379067----pid-1
---ebpf-pid----379067----pid-379067
---ebpf-pid----379067----pid-5476
---ebpf-pid----379067----pid-1
---ebpf-pid----379067----pid-379067
---ebpf-pid----379067----pid-5476
---ebpf-pid----379067----pid-1
---ebpf-pid----379067----pid-379067
---ebpf-pid----379067----pid-5476
---ebpf-pid----379067----pid-1
---ebpf-pid----379067----pid-379067
---ebpf-pid----379067----pid-5476
---ebpf-pid----379067----pid-1
---ebpf-pid----379067----pid-379067
---ebpf-pid----379067----pid-5476
---ebpf-pid----379067----pid-1
---ebpf-pid----379067----pid-379067
---ebpf-pid----379067----pid-5476
---ebpf-pid----379067----pid-1
---ebpf-pid----379067----pid-379067
---ebpf-pid----379067----pid-5476
---ebpf-pid----379067----pid-1
---ebpf-pid----379067----pid-379067
---ebpf-pid----379067----pid-5476
---ebpf-pid----379067----pid-1
---ebpf-pid----379067----pid-379067
---ebpf-pid----379067----pid-5476
---ebpf-pid----379067----pid-1
---ebpf-pid----379067----pid-379067
---ebpf-pid----379067----pid-5476
---ebpf-pid----379067----pid-1
---ebpf-pid----379067----pid-379067
---ebpf-pid----379067----pid-5476
---ebpf-pid----379067----pid-1
---ebpf-pid----379067----pid-379067
---ebpf-pid----379067----pid-5476
---ebpf-pid----379067----pid-1
---ebpf-pid----379067----pid-379067
---ebpf-pid----379067----pid-5476
---ebpf-pid----379067----pid-1
---ebpf-pid----379067----pid-379067
---ebpf-pid----379067----pid-5476
---ebpf-pid----379067----pid-1
---ebpf-pid----379067----pid-379067
---ebpf-pid----379067----pid-5476
---ebpf-pid----379067----pid-1
---ebpf-pid----379067----pid-379067
---ebpf-pid----379067----pid-5476
---ebpf-pid----379067----pid-1
---ebpf-pid----379067----pid-379067
---ebpf-pid----379067----pid-5476
---ebpf-pid----379067----pid-1
---ebpf-pid----379067----pid-379067
---ebpf-pid----379067----pid-5476
---ebpf-pid----379067----pid-1
---ebpf-pid----379067----pid-379067
---ebpf-pid----379067----pid-5476
---ebpf-pid----379067----pid-1
---ebpf-pid----379067----pid-379067
---ebpf-pid----379067----pid-5476
---ebpf-pid----379067----pid-1
---ebpf-pid----379067----pid-379067
---ebpf-pid----379067----pid-5476
---ebpf-pid----379067----pid-1
---ebpf-pid----379067----pid-379067
---ebpf-pid----379067----pid-5476
---ebpf-pid----379067----pid-1
---ebpf-pid----379067----pid-379067
---ebpf-pid----379067----pid-5476
---ebpf-pid----379067----pid-1
---ebpf-pid----379067----pid-379067
---ebpf-pid----379067----pid-5476
---ebpf-pid----379067----pid-1
---ebpf-pid----379067----pid-379067
---ebpf-pid----379067----pid-5476
---ebpf-pid----379067----pid-1
---ebpf-pid----379067----pid-379067
---ebpf-pid----379067----pid-5476
---ebpf-pid----379067----pid-1
---ebpf-pid----379067----pid-379067
---ebpf-pid----379067----pid-5476
---ebpf-pid----379067----pid-1
---ebpf-pid----5707----pid-5707
---ebpf-pid----5707----pid-5476
---ebpf-pid----5707----pid-1
---ebpf-pid----5707----pid-5707
---ebpf-pid----5707----pid-5476
---ebpf-pid----5707----pid-1
---ebpf-pid----379067----pid-379067
---ebpf-pid----379067----pid-5476
---ebpf-pid----379067----pid-1
---ebpf-pid----379067----pid-379067
---ebpf-pid----379067----pid-5476
---ebpf-pid----379067----pid-1
---ebpf-pid----379067----pid-379067
---ebpf-pid----379067----pid-5476
---ebpf-pid----379067----pid-1
---ebpf-pid----5707----pid-5707
---ebpf-pid----5707----pid-5476
---ebpf-pid----5707----pid-1
---ebpf-pid----5707----pid-5707
---ebpf-pid----5707----pid-5476
---ebpf-pid----5707----pid-1
---ebpf-pid----379067----pid-379067
---ebpf-pid----379067----pid-5476
---ebpf-pid----379067----pid-1
---ebpf-pid----379067----pid-379067
---ebpf-pid----379067----pid-5476
---ebpf-pid----379067----pid-1
---ebpf-pid----379067----pid-379067
---ebpf-pid----379067----pid-5476
---ebpf-pid----379067----pid-1
---ebpf-pid----5707----pid-5707
---ebpf-pid----5707----pid-5476
---ebpf-pid----5707----pid-1
---ebpf-pid----5707----pid-5707
---ebpf-pid----5707----pid-5476
---ebpf-pid----5707----pid-1
---ebpf-pid----5707----pid-5707
---ebpf-pid----5707----pid-5476
---ebpf-pid----5707----pid-1
---ebpf-pid----5707----pid-5707
---ebpf-pid----5707----pid-5476
---ebpf-pid----5707----pid-1
---ebpf-pid----5707----pid-5707
---ebpf-pid----5707----pid-5476
---ebpf-pid----5707----pid-1
---ebpf-pid----5707----pid-5707
---ebpf-pid----5707----pid-5476
---ebpf-pid----5707----pid-1
---ebpf-pid----5707----pid-5707
---ebpf-pid----5707----pid-5476
---ebpf-pid----5707----pid-1
---ebpf-pid----5707----pid-5707
---ebpf-pid----5707----pid-5476
---ebpf-pid----5707----pid-1
---ebpf-pid----5707----pid-5707
---ebpf-pid----5707----pid-5476
---ebpf-pid----5707----pid-1
---ebpf-pid----5707----pid-5707
---ebpf-pid----5707----pid-5476
---ebpf-pid----5707----pid-1
---ebpf-pid----2088----pid-2088
---ebpf-pid----2088----pid-1
---ebpf-pid----2088----pid-2088
---ebpf-pid----2088----pid-1
---ebpf-pid----2088----pid-2088
---ebpf-pid----2088----pid-1
---ebpf-pid----2088----pid-2088
---ebpf-pid----2088----pid-1
---ebpf-pid----2088----pid-2088
---ebpf-pid----2088----pid-1
---ebpf-pid----2088----pid-2088
---ebpf-pid----2088----pid-1
---ebpf-pid----5703----pid-5703
---ebpf-pid----5703----pid-5476
---ebpf-pid----5703----pid-1
---ebpf-pid----2089----pid-2089
---ebpf-pid----2089----pid-1
---ebpf-pid----2089----pid-2089
---ebpf-pid----2089----pid-1
---ebpf-pid----2089----pid-2089
---ebpf-pid----2089----pid-1
---ebpf-pid----372714----pid-372714
---ebpf-pid----372714----pid-5476
---ebpf-pid----372714----pid-1
---ebpf-pid----372714----pid-372714
---ebpf-pid----372714----pid-5476
---ebpf-pid----372714----pid-1
---ebpf-pid----372714----pid-372714
---ebpf-pid----372714----pid-5476
---ebpf-pid----372714----pid-1
---ebpf-pid----372714----pid-372714
---ebpf-pid----372714----pid-5476
---ebpf-pid----372714----pid-1
---ebpf-pid----372714----pid-372714
---ebpf-pid----372714----pid-5476
---ebpf-pid----372714----pid-1
---ebpf-pid----372714----pid-372714
---ebpf-pid----372714----pid-5476
---ebpf-pid----372714----pid-1
---ebpf-pid----372714----pid-372714
---ebpf-pid----372714----pid-5476
---ebpf-pid----372714----pid-1
---ebpf-pid----372714----pid-372714
---ebpf-pid----372714----pid-5476
---ebpf-pid----372714----pid-1
---ebpf-pid----372714----pid-372714
---ebpf-pid----372714----pid-5476
---ebpf-pid----372714----pid-1
---ebpf-pid----372714----pid-372714
---ebpf-pid----372714----pid-5476
---ebpf-pid----372714----pid-1
---ebpf-pid----5707----pid-5707
---ebpf-pid----5707----pid-5476
---ebpf-pid----5707----pid-1
---ebpf-pid----5707----pid-5707
---ebpf-pid----5707----pid-5476
---ebpf-pid----5707----pid-1
---ebpf-pid----5707----pid-5707
---ebpf-pid----5707----pid-5476
---ebpf-pid----5707----pid-1
---ebpf-pid----5707----pid-5707
---ebpf-pid----5707----pid-5476
---ebpf-pid----5707----pid-1
---ebpf-pid----5707----pid-5707
---ebpf-pid----5707----pid-5476
---ebpf-pid----5707----pid-1
---ebpf-pid----5707----pid-5707
---ebpf-pid----5707----pid-5476
---ebpf-pid----5707----pid-1
---ebpf-pid----5707----pid-5707
---ebpf-pid----5707----pid-5476
---ebpf-pid----5707----pid-1
---ebpf-pid----5707----pid-5707
---ebpf-pid----5707----pid-5476
---ebpf-pid----5707----pid-1
---ebpf-pid----5707----pid-5707
---ebpf-pid----5707----pid-5476
---ebpf-pid----5707----pid-1
---ebpf-pid----5707----pid-5707
---ebpf-pid----5707----pid-5476
---ebpf-pid----5707----pid-1
---ebpf-pid----5707----pid-5707
---ebpf-pid----5707----pid-5476
---ebpf-pid----5707----pid-1
---ebpf-pid----5707----pid-5707
---ebpf-pid----5707----pid-5476
---ebpf-pid----5707----pid-1
---ebpf-pid----5707----pid-5707
---ebpf-pid----5707----pid-5476
---ebpf-pid----5707----pid-1
---ebpf-pid----5707----pid-5707
---ebpf-pid----5707----pid-5476
---ebpf-pid----5707----pid-1
---ebpf-pid----5707----pid-5707
---ebpf-pid----5707----pid-5476
---ebpf-pid----5707----pid-1
---ebpf-pid----5707----pid-5707
---ebpf-pid----5707----pid-5476
---ebpf-pid----5707----pid-1
---ebpf-pid----5707----pid-5707
---ebpf-pid----5707----pid-5476
---ebpf-pid----5707----pid-1
---ebpf-pid----5707----pid-5707
---ebpf-pid----5707----pid-5476
---ebpf-pid----5707----pid-1
---ebpf-pid----5707----pid-5707
---ebpf-pid----5707----pid-5476
---ebpf-pid----5707----pid-1
---ebpf-pid----5707----pid-5707
---ebpf-pid----5707----pid-5476
---ebpf-pid----5707----pid-1
---ebpf-pid----2029----pid-2029
---ebpf-pid----2029----pid-1
---ebpf-pid----2029----pid-2029
---ebpf-pid----2029----pid-1
---ebpf-pid----2029----pid-2029
---ebpf-pid----2029----pid-1
---ebpf-pid----2029----pid-2029
---ebpf-pid----2029----pid-1
---ebpf-pid----2029----pid-2029
---ebpf-pid----2029----pid-1
---ebpf-pid----2029----pid-2029
---ebpf-pid----2029----pid-1
---ebpf-pid----2029----pid-2029
---ebpf-pid----2029----pid-1
---ebpf-pid----2029----pid-2029
---ebpf-pid----2029----pid-1
---ebpf-pid----2029----pid-2029
---ebpf-pid----2029----pid-1
---ebpf-pid----2029----pid-2029
---ebpf-pid----2029----pid-1
---ebpf-pid----2029----pid-2029
---ebpf-pid----2029----pid-1
---ebpf-pid----2029----pid-2029
---ebpf-pid----2029----pid-1
---ebpf-pid----2029----pid-2029
---ebpf-pid----2029----pid-1
---ebpf-pid----2029----pid-2029
---ebpf-pid----2029----pid-1
---ebpf-pid----2029----pid-2029
---ebpf-pid----2029----pid-1
---ebpf-pid----2029----pid-2029
---ebpf-pid----2029----pid-1
---ebpf-pid----2029----pid-2029
---ebpf-pid----2029----pid-1
---ebpf-pid----2029----pid-2029
---ebpf-pid----2029----pid-1
---ebpf-pid----373029----pid-373029
---ebpf-pid----373029----pid-5476
---ebpf-pid----373029----pid-1
---ebpf-pid----373029----pid-373029
---ebpf-pid----373029----pid-5476
---ebpf-pid----373029----pid-1
---ebpf-pid----373029----pid-373029
---ebpf-pid----373029----pid-5476
---ebpf-pid----373029----pid-1
---ebpf-pid----373029----pid-373029
---ebpf-pid----373029----pid-5476
---ebpf-pid----373029----pid-1
---ebpf-pid----373029----pid-373029
---ebpf-pid----373029----pid-5476
---ebpf-pid----373029----pid-1
---ebpf-pid----373029----pid-373029
---ebpf-pid----373029----pid-5476
---ebpf-pid----373029----pid-1
---ebpf-pid----373029----pid-373029
---ebpf-pid----373029----pid-5476
---ebpf-pid----373029----pid-1
---ebpf-pid----373029----pid-373029
---ebpf-pid----373029----pid-5476
---ebpf-pid----373029----pid-1
---ebpf-pid----373029----pid-373029
---ebpf-pid----373029----pid-5476
---ebpf-pid----373029----pid-1
---ebpf-pid----373029----pid-373029
---ebpf-pid----373029----pid-5476
---ebpf-pid----373029----pid-1
---ebpf-pid----2094----pid-2094
---ebpf-pid----2094----pid-1
---ebpf-pid----2094----pid-2094
---ebpf-pid----2094----pid-1
---ebpf-pid----2094----pid-2094
---ebpf-pid----2094----pid-1
---ebpf-pid----2094----pid-2094
---ebpf-pid----2094----pid-1
---ebpf-pid----2094----pid-2094
---ebpf-pid----2094----pid-1
---ebpf-pid----2094----pid-2094
---ebpf-pid----2094----pid-1
---ebpf-pid----2094----pid-2094
---ebpf-pid----2094----pid-1
---ebpf-pid----2094----pid-2094
---ebpf-pid----2094----pid-1
---ebpf-pid----2094----pid-2094
---ebpf-pid----2094----pid-1
---ebpf-pid----2094----pid-2094
---ebpf-pid----2094----pid-1
---ebpf-pid----2094----pid-2094
---ebpf-pid----2094----pid-1
---ebpf-pid----2094----pid-2094
---ebpf-pid----2094----pid-1
---ebpf-pid----2094----pid-2094
---ebpf-pid----2094----pid-1
---ebpf-pid----2094----pid-2094
---ebpf-pid----2094----pid-1
---ebpf-pid----2094----pid-2094
---ebpf-pid----2094----pid-1
---ebpf-pid----2094----pid-2094
---ebpf-pid----2094----pid-1
---ebpf-pid----2094----pid-2094
---ebpf-pid----2094----pid-1
---ebpf-pid----2094----pid-2094
---ebpf-pid----2094----pid-1
---ebpf-pid----2094----pid-2094
---ebpf-pid----2094----pid-1
---ebpf-pid----2094----pid-2094
---ebpf-pid----2094----pid-1
---ebpf-pid----2094----pid-2094
---ebpf-pid----2094----pid-1
---ebpf-pid----2094----pid-2094
---ebpf-pid----2094----pid-1
---ebpf-pid----2094----pid-2094
---ebpf-pid----2094----pid-1
---ebpf-pid----2094----pid-2094
---ebpf-pid----2094----pid-1
---ebpf-pid----2094----pid-2094
---ebpf-pid----2094----pid-1
---ebpf-pid----2094----pid-2094
---ebpf-pid----2094----pid-1
---ebpf-pid----2094----pid-2094
---ebpf-pid----2094----pid-1
---ebpf-pid----2094----pid-2094
---ebpf-pid----2094----pid-1
---ebpf-pid----2094----pid-2094
---ebpf-pid----2094----pid-1
---ebpf-pid----2094----pid-2094
---ebpf-pid----2094----pid-1
---ebpf-pid----2094----pid-2094
---ebpf-pid----2094----pid-1
---ebpf-pid----2094----pid-2094
---ebpf-pid----2094----pid-1
---ebpf-pid----2094----pid-2094
---ebpf-pid----2094----pid-1
---ebpf-pid----2094----pid-2094
---ebpf-pid----2094----pid-1
---ebpf-pid----2094----pid-2094
---ebpf-pid----2094----pid-1
---ebpf-pid----2094----pid-2094
---ebpf-pid----2094----pid-1
---ebpf-pid----2094----pid-2094
---ebpf-pid----2094----pid-1
---ebpf-pid----2094----pid-2094
---ebpf-pid----2094----pid-1
---ebpf-pid----2094----pid-2094
---ebpf-pid----2094----pid-1
---ebpf-pid----2094----pid-2094
---ebpf-pid----2094----pid-1
---ebpf-pid----2094----pid-2094
---ebpf-pid----2094----pid-1
---ebpf-pid----2094----pid-2094
---ebpf-pid----2094----pid-1
---ebpf-pid----2094----pid-2094
---ebpf-pid----2094----pid-1
---ebpf-pid----2094----pid-2094
---ebpf-pid----2094----pid-1
---ebpf-pid----2094----pid-2094
---ebpf-pid----2094----pid-1
---ebpf-pid----2094----pid-2094
---ebpf-pid----2094----pid-1
---ebpf-pid----2094----pid-2094
---ebpf-pid----2094----pid-1
---ebpf-pid----2094----pid-2094
---ebpf-pid----2094----pid-1
---ebpf-pid----2094----pid-2094
---ebpf-pid----2094----pid-1
---ebpf-pid----2094----pid-2094
---ebpf-pid----2094----pid-1
---ebpf-pid----2094----pid-2094
---ebpf-pid----2094----pid-1
---ebpf-pid----2094----pid-2094
---ebpf-pid----2094----pid-1
---ebpf-pid----2094----pid-2094
---ebpf-pid----2094----pid-1
---ebpf-pid----2094----pid-2094
---ebpf-pid----2094----pid-1
---ebpf-pid----2094----pid-2094
---ebpf-pid----2094----pid-1
---ebpf-pid----2094----pid-2094
---ebpf-pid----2094----pid-1
---ebpf-pid----2094----pid-2094
---ebpf-pid----2094----pid-1
---ebpf-pid----2094----pid-2094
---ebpf-pid----2094----pid-1
---ebpf-pid----2094----pid-2094
---ebpf-pid----2094----pid-1
---ebpf-pid----2094----pid-2094
---ebpf-pid----2094----pid-1
---ebpf-pid----379067----pid-379067
---ebpf-pid----379067----pid-5476
---ebpf-pid----379067----pid-1
---ebpf-pid----379067----pid-379067
---ebpf-pid----379067----pid-5476
---ebpf-pid----379067----pid-1
---ebpf-pid----379067----pid-379067
---ebpf-pid----379067----pid-5476
---ebpf-pid----379067----pid-1
---ebpf-pid----379067----pid-379067
---ebpf-pid----379067----pid-5476
---ebpf-pid----379067----pid-1
---ebpf-pid----379067----pid-379067
---ebpf-pid----379067----pid-5476
---ebpf-pid----379067----pid-1
---ebpf-pid----379067----pid-379067
---ebpf-pid----379067----pid-5476
---ebpf-pid----379067----pid-1
---ebpf-pid----379067----pid-379067
---ebpf-pid----379067----pid-5476
---ebpf-pid----379067----pid-1
---ebpf-pid----379067----pid-379067
---ebpf-pid----379067----pid-5476
---ebpf-pid----379067----pid-1
---ebpf-pid----379067----pid-379067
---ebpf-pid----379067----pid-5476
---ebpf-pid----379067----pid-1
---ebpf-pid----379067----pid-379067
---ebpf-pid----379067----pid-5476
---ebpf-pid----379067----pid-1
---ebpf-pid----2029----pid-2029
---ebpf-pid----2029----pid-1
---ebpf-pid----2029----pid-2029
---ebpf-pid----2029----pid-1
---ebpf-pid----2029----pid-2029
---ebpf-pid----2029----pid-1
---ebpf-pid----2029----pid-2029
---ebpf-pid----2029----pid-1
---ebpf-pid----2029----pid-2029
---ebpf-pid----2029----pid-1
---ebpf-pid----2029----pid-2029
---ebpf-pid----2029----pid-1
---ebpf-pid----2029----pid-2029
---ebpf-pid----2029----pid-1
---ebpf-pid----2029----pid-2029
---ebpf-pid----2029----pid-1
---ebpf-pid----2029----pid-2029
---ebpf-pid----2029----pid-1
---ebpf-pid----379067----pid-379067
---ebpf-pid----379067----pid-5476
---ebpf-pid----379067----pid-1
---ebpf-pid----2012----pid-2012
---ebpf-pid----2012----pid-1
---ebpf-pid----2012----pid-2012
---ebpf-pid----2012----pid-1
---ebpf-pid----2012----pid-2012
---ebpf-pid----2012----pid-1
---ebpf-pid----2012----pid-2012
---ebpf-pid----2012----pid-1
---ebpf-pid----2012----pid-2012
---ebpf-pid----2012----pid-1
---ebpf-pid----2012----pid-2012
---ebpf-pid----2012----pid-1
---ebpf-pid----2012----pid-2012
---ebpf-pid----2012----pid-1
---ebpf-pid----372714----pid-372714
---ebpf-pid----372714----pid-5476
---ebpf-pid----372714----pid-1
---ebpf-pid----373029----pid-373029
---ebpf-pid----373029----pid-5476
---ebpf-pid----373029----pid-1
---ebpf-pid----373029----pid-373029
---ebpf-pid----373029----pid-5476
---ebpf-pid----373029----pid-1
---ebpf-pid----372714----pid-372714
---ebpf-pid----372714----pid-5476
---ebpf-pid----372714----pid-1
---ebpf-pid----372714----pid-372714
---ebpf-pid----372714----pid-5476
---ebpf-pid----372714----pid-1
---ebpf-pid----372714----pid-372714
---ebpf-pid----372714----pid-5476
---ebpf-pid----372714----pid-1
---ebpf-pid----372714----pid-372714
---ebpf-pid----372714----pid-5476
---ebpf-pid----372714----pid-1
---ebpf-pid----372714----pid-372714
---ebpf-pid----372714----pid-5476
---ebpf-pid----372714----pid-1
---ebpf-pid----372714----pid-372714
---ebpf-pid----372714----pid-5476
---ebpf-pid----372714----pid-1
---ebpf-pid----372714----pid-372714
---ebpf-pid----372714----pid-5476
---ebpf-pid----372714----pid-1
---ebpf-pid----372714----pid-372714
---ebpf-pid----372714----pid-5476
---ebpf-pid----372714----pid-1
---ebpf-pid----372714----pid-372714
---ebpf-pid----372714----pid-5476
---ebpf-pid----372714----pid-1
---ebpf-pid----372714----pid-372714
---ebpf-pid----372714----pid-5476
---ebpf-pid----372714----pid-1
---ebpf-pid----372714----pid-372714
---ebpf-pid----372714----pid-5476
---ebpf-pid----372714----pid-1
---ebpf-pid----372714----pid-372714
---ebpf-pid----372714----pid-5476
---ebpf-pid----372714----pid-1
---ebpf-pid----372714----pid-372714
---ebpf-pid----372714----pid-5476
---ebpf-pid----372714----pid-1
---ebpf-pid----372714----pid-372714
---ebpf-pid----372714----pid-5476
---ebpf-pid----372714----pid-1
---ebpf-pid----372714----pid-372714
---ebpf-pid----372714----pid-5476
---ebpf-pid----372714----pid-1
---ebpf-pid----372714----pid-372714
---ebpf-pid----372714----pid-5476
---ebpf-pid----372714----pid-1
---ebpf-pid----372714----pid-372714
---ebpf-pid----372714----pid-5476
---ebpf-pid----372714----pid-1
---ebpf-pid----372714----pid-372714
---ebpf-pid----372714----pid-5476
---ebpf-pid----372714----pid-1
---ebpf-pid----372714----pid-372714
---ebpf-pid----372714----pid-5476
---ebpf-pid----372714----pid-1
---ebpf-pid----372714----pid-372714
---ebpf-pid----372714----pid-5476
---ebpf-pid----372714----pid-1
---ebpf-pid----372714----pid-372714
---ebpf-pid----372714----pid-5476
---ebpf-pid----372714----pid-1
---ebpf-pid----372714----pid-372714
---ebpf-pid----372714----pid-5476
---ebpf-pid----372714----pid-1
---ebpf-pid----372714----pid-372714
---ebpf-pid----372714----pid-5476
---ebpf-pid----372714----pid-1
---ebpf-pid----372714----pid-372714
---ebpf-pid----372714----pid-5476
---ebpf-pid----372714----pid-1
---ebpf-pid----372714----pid-372714
---ebpf-pid----372714----pid-5476
---ebpf-pid----372714----pid-1
---ebpf-pid----372714----pid-372714
---ebpf-pid----372714----pid-5476
---ebpf-pid----372714----pid-1
---ebpf-pid----372714----pid-372714
---ebpf-pid----372714----pid-5476
---ebpf-pid----372714----pid-1
---ebpf-pid----372714----pid-372714
---ebpf-pid----372714----pid-5476
---ebpf-pid----372714----pid-1
---ebpf-pid----379067----pid-379067
---ebpf-pid----379067----pid-5476
---ebpf-pid----379067----pid-1
---ebpf-pid----379067----pid-379067
---ebpf-pid----379067----pid-5476
---ebpf-pid----379067----pid-1
---ebpf-pid----2012----pid-2012
---ebpf-pid----2012----pid-1
---ebpf-pid----2012----pid-2012
---ebpf-pid----2012----pid-1
---ebpf-pid----2012----pid-2012
---ebpf-pid----2012----pid-1
---ebpf-pid----2012----pid-2012
---ebpf-pid----2012----pid-1
---ebpf-pid----2012----pid-2012
---ebpf-pid----2012----pid-1
---ebpf-pid----2012----pid-2012
---ebpf-pid----2012----pid-1
---ebpf-pid----2012----pid-2012
---ebpf-pid----2012----pid-1
---ebpf-pid----2012----pid-2012
---ebpf-pid----2012----pid-1
---ebpf-pid----2012----pid-2012
---ebpf-pid----2012----pid-1
---ebpf-pid----2012----pid-2012
---ebpf-pid----2012----pid-1
---ebpf-pid----5707----pid-5707
---ebpf-pid----5707----pid-5476
---ebpf-pid----5707----pid-1
---ebpf-pid----5707----pid-5707
---ebpf-pid----5707----pid-5476
---ebpf-pid----5707----pid-1
---ebpf-pid----5707----pid-5707
---ebpf-pid----5707----pid-5476
---ebpf-pid----5707----pid-1
---ebpf-pid----5707----pid-5707
---ebpf-pid----5707----pid-5476
---ebpf-pid----5707----pid-1
---ebpf-pid----2029----pid-2029
---ebpf-pid----2029----pid-1
---ebpf-pid----5707----pid-5707
---ebpf-pid----5707----pid-5476
---ebpf-pid----5707----pid-1
---ebpf-pid----5707----pid-5707
---ebpf-pid----5707----pid-5476
---ebpf-pid----5707----pid-1
---ebpf-pid----2012----pid-2012
---ebpf-pid----2012----pid-1
---ebpf-pid----2012----pid-2012
---ebpf-pid----2012----pid-1
---ebpf-pid----5707----pid-5707
---ebpf-pid----5707----pid-5476
---ebpf-pid----5707----pid-1
---ebpf-pid----2012----pid-2012
---ebpf-pid----2012----pid-1
---ebpf-pid----5707----pid-5707
---ebpf-pid----5707----pid-5476
---ebpf-pid----5707----pid-1
---ebpf-pid----5707----pid-5707
---ebpf-pid----5707----pid-5476
---ebpf-pid----5707----pid-1
---ebpf-pid----5707----pid-5707
---ebpf-pid----5707----pid-5476
---ebpf-pid----5707----pid-1
---ebpf-pid----2012----pid-2012
---ebpf-pid----2012----pid-1
---ebpf-pid----5707----pid-5707
---ebpf-pid----5707----pid-5476
---ebpf-pid----5707----pid-1
---ebpf-pid----5707----pid-5707
---ebpf-pid----5707----pid-5476
---ebpf-pid----5707----pid-1
---ebpf-pid----2012----pid-2012
---ebpf-pid----2012----pid-1
---ebpf-pid----5707----pid-5707
---ebpf-pid----5707----pid-5476
---ebpf-pid----5707----pid-1
---ebpf-pid----5707----pid-5707
---ebpf-pid----5707----pid-5476
---ebpf-pid----5707----pid-1
---ebpf-pid----5707----pid-5707
---ebpf-pid----5707----pid-5476
---ebpf-pid----5707----pid-1
---ebpf-pid----5707----pid-5707
---ebpf-pid----5707----pid-5476
---ebpf-pid----5707----pid-1
---ebpf-pid----5707----pid-5707
---ebpf-pid----5707----pid-5476
---ebpf-pid----5707----pid-1
---ebpf-pid----5707----pid-5707
---ebpf-pid----5707----pid-5476
---ebpf-pid----5707----pid-1
---ebpf-pid----5707----pid-5707
---ebpf-pid----5707----pid-5476
---ebpf-pid----5707----pid-1
---ebpf-pid----5707----pid-5707
---ebpf-pid----5707----pid-5476
---ebpf-pid----5707----pid-1
---ebpf-pid----5707----pid-5707
---ebpf-pid----5707----pid-5476
---ebpf-pid----5707----pid-1
---ebpf-pid----377755----pid-377755
---ebpf-pid----377755----pid-1
---ebpf-pid----377755----pid-377755
---ebpf-pid----377755----pid-1
---ebpf-pid----372714----pid-372714
---ebpf-pid----372714----pid-5476
---ebpf-pid----372714----pid-1
---ebpf-pid----372714----pid-372714
---ebpf-pid----372714----pid-5476
---ebpf-pid----372714----pid-1
---ebpf-pid----372714----pid-372714
---ebpf-pid----372714----pid-5476
---ebpf-pid----372714----pid-1
---ebpf-pid----373029----pid-373029
---ebpf-pid----373029----pid-5476
---ebpf-pid----373029----pid-1
---ebpf-pid----373029----pid-373029
---ebpf-pid----373029----pid-5476
---ebpf-pid----373029----pid-1
---ebpf-pid----372714----pid-372714
---ebpf-pid----372714----pid-5476
---ebpf-pid----372714----pid-1
---ebpf-pid----372714----pid-372714
---ebpf-pid----372714----pid-5476
---ebpf-pid----372714----pid-1
---ebpf-pid----373029----pid-373029
---ebpf-pid----373029----pid-5476
---ebpf-pid----373029----pid-1
---ebpf-pid----372714----pid-372714
---ebpf-pid----372714----pid-5476
---ebpf-pid----372714----pid-1
---ebpf-pid----372714----pid-372714
---ebpf-pid----372714----pid-5476
---ebpf-pid----372714----pid-1
---ebpf-pid----373029----pid-373029
---ebpf-pid----373029----pid-5476
---ebpf-pid----373029----pid-1
---ebpf-pid----2089----pid-2089
---ebpf-pid----2089----pid-1
---ebpf-pid----2089----pid-2089
---ebpf-pid----2089----pid-1
---ebpf-pid----2089----pid-2089
---ebpf-pid----2089----pid-1
---ebpf-pid----2089----pid-2089
---ebpf-pid----2089----pid-1
---ebpf-pid----2089----pid-2089
---ebpf-pid----2089----pid-1
---ebpf-pid----2089----pid-2089
---ebpf-pid----2089----pid-1
---ebpf-pid----2089----pid-2089
---ebpf-pid----2089----pid-1
---ebpf-pid----2089----pid-2089
---ebpf-pid----2089----pid-1
---ebpf-pid----2089----pid-2089
---ebpf-pid----2089----pid-1
---ebpf-pid----2089----pid-2089
---ebpf-pid----2089----pid-1
---ebpf-pid----372714----pid-372714
---ebpf-pid----372714----pid-5476
---ebpf-pid----372714----pid-1
---ebpf-pid----372714----pid-372714
---ebpf-pid----372714----pid-5476
---ebpf-pid----372714----pid-1
---ebpf-pid----372714----pid-372714
---ebpf-pid----372714----pid-5476
---ebpf-pid----372714----pid-1
---ebpf-pid----372714----pid-372714
---ebpf-pid----372714----pid-5476
---ebpf-pid----372714----pid-1
---ebpf-pid----372714----pid-372714
---ebpf-pid----372714----pid-5476
---ebpf-pid----372714----pid-1
---ebpf-pid----372714----pid-372714
---ebpf-pid----372714----pid-5476
---ebpf-pid----372714----pid-1
---ebpf-pid----372714----pid-372714
---ebpf-pid----372714----pid-5476
---ebpf-pid----372714----pid-1
---ebpf-pid----372714----pid-372714
---ebpf-pid----372714----pid-5476
---ebpf-pid----372714----pid-1
---ebpf-pid----372714----pid-372714
---ebpf-pid----372714----pid-5476
---ebpf-pid----372714----pid-1
---ebpf-pid----372714----pid-372714
---ebpf-pid----372714----pid-5476
---ebpf-pid----372714----pid-1
---ebpf-pid----377755----pid-377755
---ebpf-pid----377755----pid-1
---ebpf-pid----377755----pid-377755
---ebpf-pid----377755----pid-1
---ebpf-pid----448521----pid-448521
---ebpf-pid----448521----pid-1
---ebpf-pid----2029----pid-2029
---ebpf-pid----2029----pid-1
---ebpf-pid----2029----pid-2029
---ebpf-pid----2029----pid-1
---ebpf-pid----2029----pid-2029
---ebpf-pid----2029----pid-1
---ebpf-pid----2029----pid-2029
---ebpf-pid----2029----pid-1
---ebpf-pid----2029----pid-2029
---ebpf-pid----2029----pid-1
---ebpf-pid----2029----pid-2029
---ebpf-pid----2029----pid-1
---ebpf-pid----14----pid-14
---ebpf-pid----14----pid-2
---ebpf-pid----2088----pid-2088
---ebpf-pid----2088----pid-1
---ebpf-pid----2012----pid-2012
---ebpf-pid----2012----pid-1
---ebpf-pid----2012----pid-2012
---ebpf-pid----2012----pid-1
---ebpf-pid----2012----pid-2012
---ebpf-pid----2012----pid-1
---ebpf-pid----2012----pid-2012
---ebpf-pid----2012----pid-1
---ebpf-pid----2012----pid-2012
---ebpf-pid----2012----pid-1
---ebpf-pid----2012----pid-2012
---ebpf-pid----2012----pid-1
---ebpf-pid----1856----pid-1856
---ebpf-pid----1856----pid-1
---ebpf-pid----2012----pid-2012
---ebpf-pid----2012----pid-1
---ebpf-pid----2012----pid-2012
---ebpf-pid----2012----pid-1
---ebpf-pid----2029----pid-2029
---ebpf-pid----2029----pid-1
---ebpf-pid----2029----pid-2029
---ebpf-pid----2029----pid-1
---ebpf-pid----2029----pid-2029
---ebpf-pid----2029----pid-1
---ebpf-pid----2029----pid-2029
---ebpf-pid----2029----pid-1
---ebpf-pid----2029----pid-2029
---ebpf-pid----2029----pid-1
---ebpf-pid----2029----pid-2029
---ebpf-pid----2029----pid-1
---ebpf-pid----2029----pid-2029
---ebpf-pid----2029----pid-1
---ebpf-pid----2029----pid-2029
---ebpf-pid----2029----pid-1
---ebpf-pid----2029----pid-2029
---ebpf-pid----2029----pid-1
---ebpf-pid----2029----pid-2029
---ebpf-pid----2029----pid-1
---ebpf-pid----2029----pid-2029
---ebpf-pid----2029----pid-1
---ebpf-pid----2029----pid-2029
---ebpf-pid----2029----pid-1
---ebpf-pid----2029----pid-2029
---ebpf-pid----2029----pid-1
---ebpf-pid----2029----pid-2029
---ebpf-pid----2029----pid-1
---ebpf-pid----2029----pid-2029
---ebpf-pid----2029----pid-1
---ebpf-pid----2029----pid-2029
---ebpf-pid----2029----pid-1
---ebpf-pid----2029----pid-2029
---ebpf-pid----2029----pid-1
---ebpf-pid----2029----pid-2029
---ebpf-pid----2029----pid-1
---ebpf-pid----2029----pid-2029
---ebpf-pid----2029----pid-1
---ebpf-pid----2029----pid-2029
---ebpf-pid----2029----pid-1
---ebpf-pid----2029----pid-2029
---ebpf-pid----2029----pid-1
---ebpf-pid----2029----pid-2029
---ebpf-pid----2029----pid-1
---ebpf-pid----2029----pid-2029
---ebpf-pid----2029----pid-1
---ebpf-pid----2089----pid-2089
---ebpf-pid----2089----pid-1
---ebpf-pid----2029----pid-2029
---ebpf-pid----2029----pid-1
---ebpf-pid----2029----pid-2029
---ebpf-pid----2029----pid-1
---ebpf-pid----2029----pid-2029
---ebpf-pid----2029----pid-1
---ebpf-pid----2029----pid-2029
---ebpf-pid----2029----pid-1
---ebpf-pid----2029----pid-2029
---ebpf-pid----2029----pid-1
---ebpf-pid----2029----pid-2029
---ebpf-pid----2029----pid-1
---ebpf-pid----2029----pid-2029
---ebpf-pid----2029----pid-1
---ebpf-pid----2029----pid-2029
---ebpf-pid----2029----pid-1
---ebpf-pid----2029----pid-2029
---ebpf-pid----2029----pid-1
---ebpf-pid----2029----pid-2029
---ebpf-pid----2029----pid-1
---ebpf-pid----2029----pid-2029
---ebpf-pid----2029----pid-1
---ebpf-pid----2029----pid-2029
---ebpf-pid----2029----pid-1
---ebpf-pid----2029----pid-2029
---ebpf-pid----2029----pid-1
---ebpf-pid----2029----pid-2029
---ebpf-pid----2029----pid-1
---ebpf-pid----2029----pid-2029
---ebpf-pid----2029----pid-1
---ebpf-pid----2029----pid-2029
---ebpf-pid----2029----pid-1
---ebpf-pid----2029----pid-2029
---ebpf-pid----2029----pid-1
---ebpf-pid----2029----pid-2029
---ebpf-pid----2029----pid-1
---ebpf-pid----2012----pid-2012
---ebpf-pid----2012----pid-1
---ebpf-pid----2029----pid-2029
---ebpf-pid----2029----pid-1
---ebpf-pid----2029----pid-2029
---ebpf-pid----2029----pid-1
---ebpf-pid----2029----pid-2029
---ebpf-pid----2029----pid-1
---ebpf-pid----2029----pid-2029
---ebpf-pid----2029----pid-1
---ebpf-pid----2029----pid-2029
---ebpf-pid----2029----pid-1
---ebpf-pid----2088----pid-2088
---ebpf-pid----2088----pid-1
---ebpf-pid----2088----pid-2088
---ebpf-pid----2088----pid-1
---ebpf-pid----2088----pid-2088
---ebpf-pid----2088----pid-1
---ebpf-pid----2088----pid-2088
---ebpf-pid----2088----pid-1
---ebpf-pid----2088----pid-2088
---ebpf-pid----2088----pid-1
---ebpf-pid----2088----pid-2088
---ebpf-pid----2088----pid-1
---ebpf-pid----2088----pid-2088
---ebpf-pid----2088----pid-1
---ebpf-pid----2088----pid-2088
---ebpf-pid----2088----pid-1
---ebpf-pid----2088----pid-2088
---ebpf-pid----2088----pid-1
---ebpf-pid----2088----pid-2088
---ebpf-pid----2088----pid-1
---ebpf-pid----2088----pid-2088
---ebpf-pid----2088----pid-1
---ebpf-pid----2088----pid-2088
---ebpf-pid----2088----pid-1
---ebpf-pid----2088----pid-2088
---ebpf-pid----2088----pid-1
---ebpf-pid----2088----pid-2088
---ebpf-pid----2088----pid-1
---ebpf-pid----2088----pid-2088
---ebpf-pid----2088----pid-1
---ebpf-pid----2088----pid-2088
---ebpf-pid----2088----pid-1
---ebpf-pid----2088----pid-2088
---ebpf-pid----2088----pid-1
---ebpf-pid----2088----pid-2088
---ebpf-pid----2088----pid-1
---ebpf-pid----2088----pid-2088
---ebpf-pid----2088----pid-1
---ebpf-pid----2088----pid-2088
---ebpf-pid----2088----pid-1
---ebpf-pid----2088----pid-2088
---ebpf-pid----2088----pid-1
---ebpf-pid----2088----pid-2088
---ebpf-pid----2088----pid-1
---ebpf-pid----2029----pid-2029
---ebpf-pid----2029----pid-1
---ebpf-pid----2029----pid-2029
---ebpf-pid----2029----pid-1
---ebpf-pid----2029----pid-2029
---ebpf-pid----2029----pid-1
---ebpf-pid----2029----pid-2029
---ebpf-pid----2029----pid-1
---ebpf-pid----2029----pid-2029
---ebpf-pid----2029----pid-1
---ebpf-pid----2029----pid-2029
---ebpf-pid----2029----pid-1
---ebpf-pid----2029----pid-2029
---ebpf-pid----2029----pid-1
---ebpf-pid----2029----pid-2029
---ebpf-pid----2029----pid-1
---ebpf-pid----2029----pid-2029
---ebpf-pid----2029----pid-1
---ebpf-pid----2029----pid-2029
---ebpf-pid----2029----pid-1
---ebpf-pid----5707----pid-5707
---ebpf-pid----5707----pid-5476
---ebpf-pid----5707----pid-1
---ebpf-pid----5707----pid-5707
---ebpf-pid----5707----pid-5476
---ebpf-pid----5707----pid-1
---ebpf-pid----5707----pid-5707
---ebpf-pid----5707----pid-5476
---ebpf-pid----5707----pid-1
---ebpf-pid----5707----pid-5707
---ebpf-pid----5707----pid-5476
---ebpf-pid----5707----pid-1
---ebpf-pid----5707----pid-5707
---ebpf-pid----5707----pid-5476
---ebpf-pid----5707----pid-1
---ebpf-pid----5707----pid-5707
---ebpf-pid----5707----pid-5476
---ebpf-pid----5707----pid-1
---ebpf-pid----5707----pid-5707
---ebpf-pid----5707----pid-5476
---ebpf-pid----5707----pid-1
---ebpf-pid----5707----pid-5707
---ebpf-pid----5707----pid-5476
---ebpf-pid----5707----pid-1
---ebpf-pid----5707----pid-5707
---ebpf-pid----5707----pid-5476
---ebpf-pid----5707----pid-1
---ebpf-pid----5707----pid-5707
---ebpf-pid----5707----pid-5476
---ebpf-pid----5707----pid-1
---ebpf-pid----2089----pid-2089
---ebpf-pid----2089----pid-1
---ebpf-pid----2089----pid-2089
---ebpf-pid----2089----pid-1
---ebpf-pid----2089----pid-2089
---ebpf-pid----2089----pid-1
---ebpf-pid----2089----pid-2089
---ebpf-pid----2089----pid-1
---ebpf-pid----2089----pid-2089
---ebpf-pid----2089----pid-1
---ebpf-pid----2089----pid-2089
---ebpf-pid----2089----pid-1
---ebpf-pid----2089----pid-2089
---ebpf-pid----2089----pid-1
---ebpf-pid----2089----pid-2089
---ebpf-pid----2089----pid-1
---ebpf-pid----2089----pid-2089
---ebpf-pid----2089----pid-1
---ebpf-pid----2089----pid-2089
---ebpf-pid----2089----pid-1
---ebpf-pid----4716----pid-4716
---ebpf-pid----4716----pid-3323
---ebpf-pid----4716----pid-1
---ebpf-pid----2088----pid-2088
---ebpf-pid----2088----pid-1
---ebpf-pid----2088----pid-2088
---ebpf-pid----2088----pid-1
---ebpf-pid----4716----pid-4716
---ebpf-pid----4716----pid-3323
---ebpf-pid----4716----pid-1
---ebpf-pid----2094----pid-2094
---ebpf-pid----2094----pid-1
---ebpf-pid----2088----pid-2088
---ebpf-pid----2088----pid-1
---ebpf-pid----2088----pid-2088
---ebpf-pid----2088----pid-1
---ebpf-pid----2088----pid-2088
---ebpf-pid----2088----pid-1
---ebpf-pid----4716----pid-4716
---ebpf-pid----4716----pid-3323
---ebpf-pid----4716----pid-1
---ebpf-pid----4716----pid-4716
---ebpf-pid----4716----pid-3323
---ebpf-pid----4716----pid-1
---ebpf-pid----4716----pid-4716
---ebpf-pid----4716----pid-3323
---ebpf-pid----4716----pid-1
---ebpf-pid----4716----pid-4716
---ebpf-pid----4716----pid-3323
---ebpf-pid----4716----pid-1
---ebpf-pid----2094----pid-2094
---ebpf-pid----2094----pid-1
---ebpf-pid----2094----pid-2094
---ebpf-pid----2094----pid-1
---ebpf-pid----4716----pid-4716
---ebpf-pid----4716----pid-3323
---ebpf-pid----4716----pid-1
---ebpf-pid----4716----pid-4716
---ebpf-pid----4716----pid-3323
---ebpf-pid----4716----pid-1
---ebpf-pid----4716----pid-4716
---ebpf-pid----4716----pid-3323
---ebpf-pid----4716----pid-1
---ebpf-pid----2029----pid-2029
---ebpf-pid----2029----pid-1
---ebpf-pid----2029----pid-2029
---ebpf-pid----2029----pid-1
---ebpf-pid----2029----pid-2029
---ebpf-pid----2029----pid-1
---ebpf-pid----2029----pid-2029
---ebpf-pid----2029----pid-1
---ebpf-pid----2029----pid-2029
---ebpf-pid----2029----pid-1
---ebpf-pid----2029----pid-2029
---ebpf-pid----2029----pid-1
---ebpf-pid----2094----pid-2094
---ebpf-pid----2094----pid-1
---ebpf-pid----5703----pid-5703
---ebpf-pid----5703----pid-5476
---ebpf-pid----5703----pid-1
---ebpf-pid----2088----pid-2088
---ebpf-pid----2088----pid-1
---ebpf-pid----2088----pid-2088
---ebpf-pid----2088----pid-1
---ebpf-pid----2088----pid-2088
---ebpf-pid----2088----pid-1
---ebpf-pid----2088----pid-2088
---ebpf-pid----2088----pid-1
---ebpf-pid----2088----pid-2088
---ebpf-pid----2088----pid-1
---ebpf-pid----2088----pid-2088
---ebpf-pid----2088----pid-1
---ebpf-pid----2088----pid-2088
---ebpf-pid----2088----pid-1
---ebpf-pid----2088----pid-2088
---ebpf-pid----2088----pid-1
---ebpf-pid----2088----pid-2088
---ebpf-pid----2088----pid-1
---ebpf-pid----4716----pid-4716
---ebpf-pid----4716----pid-3323
---ebpf-pid----4716----pid-1
---ebpf-pid----4716----pid-4716
---ebpf-pid----4716----pid-3323
---ebpf-pid----4716----pid-1
---ebpf-pid----5703----pid-5703
---ebpf-pid----5703----pid-5476
---ebpf-pid----5703----pid-1
---ebpf-pid----5707----pid-5707
---ebpf-pid----5707----pid-5476
---ebpf-pid----5707----pid-1
---ebpf-pid----5707----pid-5707
---ebpf-pid----5707----pid-5476
---ebpf-pid----5707----pid-1
---ebpf-pid----5707----pid-5707
---ebpf-pid----5707----pid-5476
---ebpf-pid----5707----pid-1
---ebpf-pid----5707----pid-5707
---ebpf-pid----5707----pid-5476
---ebpf-pid----5707----pid-1
---ebpf-pid----5707----pid-5707
---ebpf-pid----5707----pid-5476
---ebpf-pid----5707----pid-1
---ebpf-pid----5707----pid-5707
---ebpf-pid----5707----pid-5476
---ebpf-pid----5707----pid-1
---ebpf-pid----5707----pid-5707
---ebpf-pid----5707----pid-5476
---ebpf-pid----5707----pid-1
---ebpf-pid----5707----pid-5707
---ebpf-pid----5707----pid-5476
---ebpf-pid----5707----pid-1
---ebpf-pid----5707----pid-5707
---ebpf-pid----5707----pid-5476
---ebpf-pid----5707----pid-1
---ebpf-pid----5707----pid-5707
---ebpf-pid----5707----pid-5476
---ebpf-pid----5707----pid-1
---ebpf-pid----5707----pid-5707
---ebpf-pid----5707----pid-5476
---ebpf-pid----5707----pid-1
---ebpf-pid----5707----pid-5707
---ebpf-pid----5707----pid-5476
---ebpf-pid----5707----pid-1
---ebpf-pid----5707----pid-5707
---ebpf-pid----5707----pid-5476
---ebpf-pid----5707----pid-1
---ebpf-pid----5707----pid-5707
---ebpf-pid----5707----pid-5476
---ebpf-pid----5707----pid-1
---ebpf-pid----5707----pid-5707
---ebpf-pid----5707----pid-5476
---ebpf-pid----5707----pid-1
---ebpf-pid----5707----pid-5707
---ebpf-pid----5707----pid-5476
---ebpf-pid----5707----pid-1
---ebpf-pid----5707----pid-5707
---ebpf-pid----5707----pid-5476
---ebpf-pid----5707----pid-1
---ebpf-pid----4716----pid-4716
---ebpf-pid----4716----pid-3323
---ebpf-pid----4716----pid-1
---ebpf-pid----2094----pid-2094
---ebpf-pid----2094----pid-1
---ebpf-pid----2094----pid-2094
---ebpf-pid----2094----pid-1
---ebpf-pid----4716----pid-4716
---ebpf-pid----4716----pid-3323
---ebpf-pid----4716----pid-1
---ebpf-pid----4716----pid-4716
---ebpf-pid----4716----pid-3323
---ebpf-pid----4716----pid-1
---ebpf-pid----4716----pid-4716
---ebpf-pid----4716----pid-3323
---ebpf-pid----4716----pid-1
---ebpf-pid----4716----pid-4716
---ebpf-pid----4716----pid-3323
---ebpf-pid----4716----pid-1
---ebpf-pid----2088----pid-2088
---ebpf-pid----2088----pid-1
---ebpf-pid----2088----pid-2088
---ebpf-pid----2088----pid-1
---ebpf-pid----2088----pid-2088
---ebpf-pid----2088----pid-1
---ebpf-pid----2088----pid-2088
---ebpf-pid----2088----pid-1
---ebpf-pid----2088----pid-2088
---ebpf-pid----2088----pid-1
---ebpf-pid----2088----pid-2088
---ebpf-pid----2088----pid-1
---ebpf-pid----2088----pid-2088
---ebpf-pid----2088----pid-1
---ebpf-pid----2088----pid-2088
---ebpf-pid----2088----pid-1
---ebpf-pid----2088----pid-2088
---ebpf-pid----2088----pid-1
---ebpf-pid----2088----pid-2088
---ebpf-pid----2088----pid-1
---ebpf-pid----2088----pid-2088
---ebpf-pid----2088----pid-1
---ebpf-pid----2088----pid-2088
---ebpf-pid----2088----pid-1
---ebpf-pid----2088----pid-2088
---ebpf-pid----2088----pid-1
---ebpf-pid----377755----pid-377755
---ebpf-pid----377755----pid-1
---ebpf-pid----4716----pid-4716
---ebpf-pid----4716----pid-3323
---ebpf-pid----4716----pid-1
---ebpf-pid----4716----pid-4716
---ebpf-pid----4716----pid-3323
---ebpf-pid----4716----pid-1
---ebpf-pid----4716----pid-4716
---ebpf-pid----4716----pid-3323
---ebpf-pid----4716----pid-1
---ebpf-pid----4716----pid-4716
---ebpf-pid----4716----pid-3323
---ebpf-pid----4716----pid-1
---ebpf-pid----2088----pid-2088
---ebpf-pid----2088----pid-1
---ebpf-pid----2088----pid-2088
---ebpf-pid----2088----pid-1
---ebpf-pid----2088----pid-2088
---ebpf-pid----2088----pid-1
---ebpf-pid----2088----pid-2088
---ebpf-pid----2088----pid-1
---ebpf-pid----2088----pid-2088
---ebpf-pid----2088----pid-1
---ebpf-pid----2088----pid-2088
---ebpf-pid----2088----pid-1
---ebpf-pid----4716----pid-4716
---ebpf-pid----4716----pid-3323
---ebpf-pid----4716----pid-1
---ebpf-pid----2089----pid-2089
---ebpf-pid----2089----pid-1
---ebpf-pid----2089----pid-2089
---ebpf-pid----2089----pid-1
---ebpf-pid----2089----pid-2089
---ebpf-pid----2089----pid-1
---ebpf-pid----2089----pid-2089
---ebpf-pid----2089----pid-1
---ebpf-pid----2089----pid-2089
---ebpf-pid----2089----pid-1
---ebpf-pid----2089----pid-2089
---ebpf-pid----2089----pid-1
---ebpf-pid----2089----pid-2089
---ebpf-pid----2089----pid-1
---ebpf-pid----2089----pid-2089
---ebpf-pid----2089----pid-1
---ebpf-pid----2089----pid-2089
---ebpf-pid----2089----pid-1
---ebpf-pid----2089----pid-2089
---ebpf-pid----2089----pid-1
---ebpf-pid----2089----pid-2089
---ebpf-pid----2089----pid-1
---ebpf-pid----2089----pid-2089
---ebpf-pid----2089----pid-1
---ebpf-pid----2089----pid-2089
---ebpf-pid----2089----pid-1
---ebpf-pid----2089----pid-2089
---ebpf-pid----2089----pid-1
---ebpf-pid----2089----pid-2089
---ebpf-pid----2089----pid-1
---ebpf-pid----2089----pid-2089
---ebpf-pid----2089----pid-1
---ebpf-pid----2089----pid-2089
---ebpf-pid----2089----pid-1
---ebpf-pid----2089----pid-2089
---ebpf-pid----2089----pid-1
---ebpf-pid----2089----pid-2089
Failed to get process information for PID 0
---ebpf-pid----2089----pid-1
---ebpf-pid----2089----pid-2089
---ebpf-pid----2089----pid-1
---ebpf-pid----2089----pid-2089
Failed to get process information for PID 0
---ebpf-pid----2089----pid-1
---ebpf-pid----4716----pid-4716
---ebpf-pid----4716----pid-3323
---ebpf-pid----4716----pid-1
---ebpf-pid----448521----pid-448521
---ebpf-pid----448521----pid-1
---ebpf-pid----5703----pid-5703
---ebpf-pid----5703----pid-5476
---ebpf-pid----5703----pid-1
---ebpf-pid----2088----pid-2088
Failed to get process information for PID 0
Failed to get process information for PID 0
Failed to get process information for PID 0
Failed to get process information for PID 0
---ebpf-pid----2088----pid-1
---ebpf-pid----2088----pid-2088
---ebpf-pid----2088----pid-1
---ebpf-pid----4716----pid-4716
---ebpf-pid----4716----pid-3323
---ebpf-pid----4716----pid-1
---ebpf-pid----4716----pid-4716
---ebpf-pid----4716----pid-3323
---ebpf-pid----4716----pid-1
---ebpf-pid----4716----pid-4716
---ebpf-pid----4716----pid-3323
---ebpf-pid----4716----pid-1
---ebpf-pid----4716----pid-4716
---ebpf-pid----4716----pid-3323
---ebpf-pid----4716----pid-1
---ebpf-pid----4716----pid-4716
---ebpf-pid----4716----pid-3323
---ebpf-pid----4716----pid-1
---ebpf-pid----4716----pid-4716
---ebpf-pid----4716----pid-3323
---ebpf-pid----4716----pid-1
---ebpf-pid----4716----pid-4716
---ebpf-pid----4716----pid-3323
---ebpf-pid----4716----pid-1
---ebpf-pid----4716----pid-4716
---ebpf-pid----4716----pid-3323
---ebpf-pid----4716----pid-1
---ebpf-pid----4716----pid-4716
---ebpf-pid----4716----pid-3323
---ebpf-pid----4716----pid-1
---ebpf-pid----4716----pid-4716
---ebpf-pid----4716----pid-3323
---ebpf-pid----4716----pid-1
---ebpf-pid----4716----pid-4716
---ebpf-pid----4716----pid-3323
---ebpf-pid----4716----pid-1
---ebpf-pid----4716----pid-4716
---ebpf-pid----4716----pid-3323
---ebpf-pid----4716----pid-1
---ebpf-pid----4716----pid-4716
---ebpf-pid----4716----pid-3323
---ebpf-pid----4716----pid-1
---ebpf-pid----4716----pid-4716
---ebpf-pid----4716----pid-3323
---ebpf-pid----4716----pid-1
---ebpf-pid----4716----pid-4716
---ebpf-pid----4716----pid-3323
---ebpf-pid----4716----pid-1
---ebpf-pid----4716----pid-4716
---ebpf-pid----4716----pid-3323
---ebpf-pid----4716----pid-1
---ebpf-pid----4716----pid-4716
---ebpf-pid----4716----pid-3323
---ebpf-pid----4716----pid-1
---ebpf-pid----4716----pid-4716
---ebpf-pid----4716----pid-3323
---ebpf-pid----4716----pid-1
---ebpf-pid----4716----pid-4716
---ebpf-pid----4716----pid-3323
---ebpf-pid----4716----pid-1
---ebpf-pid----4716----pid-4716
---ebpf-pid----4716----pid-3323
---ebpf-pid----4716----pid-1
---ebpf-pid----4716----pid-4716
---ebpf-pid----4716----pid-3323
---ebpf-pid----4716----pid-1
---ebpf-pid----6351----pid-6351
---ebpf-pid----6351----pid-5980
---ebpf-pid----6351----pid-1
---ebpf-pid----448783----pid-448783
---ebpf-pid----448783----pid-448520
---ebpf-pid----448783----pid-1
---ebpf-pid----448783----pid-448783
---ebpf-pid----448783----pid-448520
---ebpf-pid----448783----pid-1
---ebpf-pid----448783----pid-448783
---ebpf-pid----448783----pid-448520
---ebpf-pid----448783----pid-1
---ebpf-pid----448783----pid-448783
---ebpf-pid----448783----pid-448520
---ebpf-pid----448783----pid-1
---ebpf-pid----448783----pid-448783
---ebpf-pid----448783----pid-448520
---ebpf-pid----448783----pid-1
---ebpf-pid----448783----pid-448783
---ebpf-pid----448783----pid-448520
---ebpf-pid----448783----pid-1
---ebpf-pid----448783----pid-448783
---ebpf-pid----448783----pid-448520
---ebpf-pid----448783----pid-1
---ebpf-pid----448783----pid-448783
---ebpf-pid----448783----pid-448520
---ebpf-pid----448783----pid-1
---ebpf-pid----448783----pid-448783
---ebpf-pid----448783----pid-448520
---ebpf-pid----448783----pid-1
---ebpf-pid----448783----pid-448783
---ebpf-pid----448783----pid-448520
---ebpf-pid----448783----pid-1
---ebpf-pid----448783----pid-448783
---ebpf-pid----448783----pid-448520
---ebpf-pid----448783----pid-1
---ebpf-pid----4716----pid-4716
---ebpf-pid----4716----pid-3323
---ebpf-pid----4716----pid-1
---ebpf-pid----4716----pid-4716
---ebpf-pid----4716----pid-3323
---ebpf-pid----4716----pid-1
---ebpf-pid----4716----pid-4716
---ebpf-pid----4716----pid-3323
---ebpf-pid----4716----pid-1
---ebpf-pid----4716----pid-4716
---ebpf-pid----4716----pid-3323
---ebpf-pid----4716----pid-1
---ebpf-pid----4716----pid-4716
---ebpf-pid----4716----pid-3323
---ebpf-pid----4716----pid-1
---ebpf-pid----448783----pid-448783
---ebpf-pid----448783----pid-448520
---ebpf-pid----448783----pid-1
---ebpf-pid----448783----pid-448783
---ebpf-pid----448783----pid-448520
---ebpf-pid----448783----pid-1
---ebpf-pid----448783----pid-448783
---ebpf-pid----448783----pid-448520
---ebpf-pid----448783----pid-1
---ebpf-pid----448783----pid-448783
---ebpf-pid----448783----pid-448520
---ebpf-pid----448783----pid-1
---ebpf-pid----448783----pid-448783
---ebpf-pid----448783----pid-448520
---ebpf-pid----448783----pid-1
---ebpf-pid----4716----pid-4716
---ebpf-pid----4716----pid-3323
---ebpf-pid----4716----pid-1
---ebpf-pid----4716----pid-4716
---ebpf-pid----4716----pid-3323
---ebpf-pid----4716----pid-1
---ebpf-pid----448783----pid-448783
---ebpf-pid----448783----pid-448520
---ebpf-pid----448783----pid-1
---ebpf-pid----448783----pid-448783
---ebpf-pid----448783----pid-448520
---ebpf-pid----448783----pid-1
---ebpf-pid----4716----pid-4716
---ebpf-pid----4716----pid-3323
---ebpf-pid----4716----pid-1
---ebpf-pid----4716----pid-4716
---ebpf-pid----4716----pid-3323
---ebpf-pid----4716----pid-1
---ebpf-pid----448783----pid-448783
---ebpf-pid----448783----pid-448520
---ebpf-pid----448783----pid-1
---ebpf-pid----448783----pid-448783
---ebpf-pid----448783----pid-448520
---ebpf-pid----448783----pid-1
---ebpf-pid----448783----pid-448783
---ebpf-pid----448783----pid-448520
---ebpf-pid----448783----pid-1
---ebpf-pid----448783----pid-448783
---ebpf-pid----448783----pid-448520
---ebpf-pid----448783----pid-1
---ebpf-pid----4716----pid-4716
---ebpf-pid----4716----pid-3323
---ebpf-pid----4716----pid-1
---ebpf-pid----4716----pid-4716
---ebpf-pid----4716----pid-3323
---ebpf-pid----4716----pid-1
---ebpf-pid----448783----pid-448783
---ebpf-pid----448783----pid-448520
---ebpf-pid----448783----pid-1
---ebpf-pid----448783----pid-448783
---ebpf-pid----448783----pid-448520
---ebpf-pid----448783----pid-1
---ebpf-pid----448783----pid-448783
---ebpf-pid----448783----pid-448520
---ebpf-pid----448783----pid-1
---ebpf-pid----448783----pid-448783
---ebpf-pid----448783----pid-448520
---ebpf-pid----448783----pid-1
---ebpf-pid----448783----pid-448783
---ebpf-pid----448783----pid-448520
---ebpf-pid----448783----pid-1
---ebpf-pid----448783----pid-448783
---ebpf-pid----448783----pid-448520
---ebpf-pid----448783----pid-1
---ebpf-pid----448783----pid-448783
---ebpf-pid----448783----pid-448520
---ebpf-pid----448783----pid-1
---ebpf-pid----448783----pid-448783
---ebpf-pid----448783----pid-448520
---ebpf-pid----448783----pid-1
---ebpf-pid----448783----pid-448783
---ebpf-pid----448783----pid-448520
---ebpf-pid----448783----pid-1
---ebpf-pid----448783----pid-448783
---ebpf-pid----448783----pid-448520
---ebpf-pid----448783----pid-1
---ebpf-pid----448783----pid-448783
---ebpf-pid----448783----pid-448520
---ebpf-pid----448783----pid-1
---ebpf-pid----448783----pid-448783
---ebpf-pid----448783----pid-448520
---ebpf-pid----448783----pid-1
---ebpf-pid----448783----pid-448783
---ebpf-pid----448783----pid-448520
---ebpf-pid----448783----pid-1
---ebpf-pid----448783----pid-448783
---ebpf-pid----448783----pid-448520
---ebpf-pid----448783----pid-1
---ebpf-pid----448783----pid-448783
---ebpf-pid----448783----pid-448520
---ebpf-pid----448783----pid-1
---ebpf-pid----294----pid-294
---ebpf-pid----294----pid-2
---ebpf-pid----448783----pid-448783
---ebpf-pid----448783----pid-448520
---ebpf-pid----448783----pid-1
---ebpf-pid----448783----pid-448783
---ebpf-pid----448783----pid-448520
---ebpf-pid----448783----pid-1
---ebpf-pid----448783----pid-448783
---ebpf-pid----448783----pid-448520
---ebpf-pid----448783----pid-1
---ebpf-pid----448783----pid-448783
---ebpf-pid----448783----pid-448520
---ebpf-pid----448783----pid-1
---ebpf-pid----448783----pid-448783
---ebpf-pid----448783----pid-448520
---ebpf-pid----448783----pid-1
---ebpf-pid----448783----pid-448783
---ebpf-pid----448783----pid-448520
---ebpf-pid----448783----pid-1
---ebpf-pid----448783----pid-448783
---ebpf-pid----448783----pid-448520
---ebpf-pid----448783----pid-1
---ebpf-pid----448783----pid-448783
---ebpf-pid----448783----pid-448520
---ebpf-pid----448783----pid-1
---ebpf-pid----448783----pid-448783
---ebpf-pid----448783----pid-448520
---ebpf-pid----448783----pid-1
---ebpf-pid----448783----pid-448783
---ebpf-pid----448783----pid-448520
---ebpf-pid----448783----pid-1
---ebpf-pid----294----pid-294
---ebpf-pid----294----pid-2
---ebpf-pid----448783----pid-448783
---ebpf-pid----448783----pid-448520
---ebpf-pid----448783----pid-1
---ebpf-pid----448783----pid-448783
---ebpf-pid----448783----pid-448520
---ebpf-pid----448783----pid-1
---ebpf-pid----448783----pid-448783
---ebpf-pid----448783----pid-448520
---ebpf-pid----448783----pid-1
---ebpf-pid----448783----pid-448783
---ebpf-pid----448783----pid-448520
---ebpf-pid----448783----pid-1
---ebpf-pid----448783----pid-448783
---ebpf-pid----448783----pid-448520
---ebpf-pid----448783----pid-1
---ebpf-pid----448783----pid-448783
---ebpf-pid----448783----pid-448520
---ebpf-pid----448783----pid-1
---ebpf-pid----448783----pid-448783
---ebpf-pid----448783----pid-448520
---ebpf-pid----448783----pid-1
---ebpf-pid----448783----pid-448783
---ebpf-pid----448783----pid-448520
---ebpf-pid----448783----pid-1
---ebpf-pid----448783----pid-448783
---ebpf-pid----448783----pid-448520
---ebpf-pid----448783----pid-1
---ebpf-pid----448783----pid-448783
---ebpf-pid----448783----pid-448520
---ebpf-pid----448783----pid-1
---ebpf-pid----448783----pid-448783
---ebpf-pid----448783----pid-448520
---ebpf-pid----448783----pid-1
---ebpf-pid----448783----pid-448783
---ebpf-pid----448783----pid-448520
---ebpf-pid----448783----pid-1
---ebpf-pid----448783----pid-448783
---ebpf-pid----448783----pid-448520
---ebpf-pid----448783----pid-1
---ebpf-pid----448783----pid-448783
---ebpf-pid----448783----pid-448520
---ebpf-pid----448783----pid-1
---ebpf-pid----448783----pid-448783
---ebpf-pid----448783----pid-448520
---ebpf-pid----448783----pid-1
---ebpf-pid----448783----pid-448783
---ebpf-pid----448783----pid-448520
---ebpf-pid----448783----pid-1
---ebpf-pid----448783----pid-448783
---ebpf-pid----448783----pid-448520
---ebpf-pid----448783----pid-1
---ebpf-pid----448783----pid-448783
---ebpf-pid----448783----pid-448520
---ebpf-pid----448783----pid-1
---ebpf-pid----448783----pid-448783
---ebpf-pid----448783----pid-448520
---ebpf-pid----448783----pid-1
---ebpf-pid----448783----pid-448783
---ebpf-pid----448783----pid-448520
---ebpf-pid----448783----pid-1
---ebpf-pid----448783----pid-448783
---ebpf-pid----448783----pid-448520
---ebpf-pid----448783----pid-1
---ebpf-pid----448783----pid-448783
---ebpf-pid----448783----pid-448520
---ebpf-pid----448783----pid-1
---ebpf-pid----448783----pid-448783
---ebpf-pid----448783----pid-448520
---ebpf-pid----448783----pid-1
---ebpf-pid----448783----pid-448783
---ebpf-pid----448783----pid-448520
---ebpf-pid----448783----pid-1
---ebpf-pid----448783----pid-448783
---ebpf-pid----448783----pid-448520
---ebpf-pid----448783----pid-1
---ebpf-pid----448783----pid-448783
---ebpf-pid----448783----pid-448520
---ebpf-pid----448783----pid-1
---ebpf-pid----448783----pid-448783
---ebpf-pid----448783----pid-448520
---ebpf-pid----448783----pid-1
---ebpf-pid----448783----pid-448783
---ebpf-pid----448783----pid-448520
---ebpf-pid----448783----pid-1
---ebpf-pid----448783----pid-448783
---ebpf-pid----448783----pid-448520
---ebpf-pid----448783----pid-1
---ebpf-pid----448783----pid-448783
---ebpf-pid----448783----pid-448520
---ebpf-pid----448783----pid-1
---ebpf-pid----448783----pid-448783
---ebpf-pid----448783----pid-448520
---ebpf-pid----448783----pid-1
---ebpf-pid----448783----pid-448783
---ebpf-pid----448783----pid-448520
---ebpf-pid----448783----pid-1
---ebpf-pid----448783----pid-448783
---ebpf-pid----448783----pid-448520
---ebpf-pid----448783----pid-1
---ebpf-pid----448783----pid-448783
---ebpf-pid----448783----pid-448520
---ebpf-pid----448783----pid-1
---ebpf-pid----448783----pid-448783
---ebpf-pid----448783----pid-448520
---ebpf-pid----448783----pid-1
---ebpf-pid----448783----pid-448783
---ebpf-pid----448783----pid-448520
---ebpf-pid----448783----pid-1
---ebpf-pid----448783----pid-448783
---ebpf-pid----448783----pid-448520
---ebpf-pid----448783----pid-1
---ebpf-pid----448783----pid-448783
---ebpf-pid----448783----pid-448520
---ebpf-pid----448783----pid-1
---ebpf-pid----448783----pid-448783
---ebpf-pid----448783----pid-448520
---ebpf-pid----448783----pid-1
---ebpf-pid----448783----pid-448783
---ebpf-pid----448783----pid-448520
---ebpf-pid----448783----pid-1
---ebpf-pid----448783----pid-448783
---ebpf-pid----448783----pid-448520
---ebpf-pid----448783----pid-1
---ebpf-pid----448783----pid-448783
---ebpf-pid----448783----pid-448520
---ebpf-pid----448783----pid-1
---ebpf-pid----448783----pid-448783
---ebpf-pid----448783----pid-448520
---ebpf-pid----448783----pid-1
---ebpf-pid----448783----pid-448783
---ebpf-pid----448783----pid-448520
---ebpf-pid----448783----pid-1
---ebpf-pid----448783----pid-448783
---ebpf-pid----448783----pid-448520
---ebpf-pid----448783----pid-1
---ebpf-pid----448783----pid-448783
---ebpf-pid----448783----pid-448520
---ebpf-pid----448783----pid-1
---ebpf-pid----448783----pid-448783
---ebpf-pid----448783----pid-448520
---ebpf-pid----448783----pid-1
---ebpf-pid----448783----pid-448783
---ebpf-pid----448783----pid-448520
---ebpf-pid----448783----pid-1
---ebpf-pid----448783----pid-448783
---ebpf-pid----448783----pid-448520
---ebpf-pid----448783----pid-1
---ebpf-pid----448783----pid-448783
---ebpf-pid----448783----pid-448520
---ebpf-pid----448783----pid-1
---ebpf-pid----448783----pid-448783
---ebpf-pid----448783----pid-448520
---ebpf-pid----448783----pid-1
---ebpf-pid----448783----pid-448783
---ebpf-pid----448783----pid-448520
---ebpf-pid----448783----pid-1
---ebpf-pid----448783----pid-448783
---ebpf-pid----448783----pid-448520
---ebpf-pid----448783----pid-1
---ebpf-pid----448783----pid-448783
---ebpf-pid----448783----pid-448520
---ebpf-pid----448783----pid-1
---ebpf-pid----448783----pid-448783
---ebpf-pid----448783----pid-448520
---ebpf-pid----448783----pid-1
---ebpf-pid----448783----pid-448783
---ebpf-pid----448783----pid-448520
---ebpf-pid----448783----pid-1
---ebpf-pid----448783----pid-448783
---ebpf-pid----448783----pid-448520
---ebpf-pid----448783----pid-1
---ebpf-pid----448783----pid-448783
---ebpf-pid----448783----pid-448520
---ebpf-pid----448783----pid-1
---ebpf-pid----448783----pid-448783
---ebpf-pid----448783----pid-448520
---ebpf-pid----448783----pid-1
---ebpf-pid----448783----pid-448783
---ebpf-pid----448783----pid-448520
---ebpf-pid----448783----pid-1
---ebpf-pid----448783----pid-448783
---ebpf-pid----448783----pid-448520
---ebpf-pid----448783----pid-1
---ebpf-pid----448783----pid-448783
---ebpf-pid----448783----pid-448520
---ebpf-pid----448783----pid-1
---ebpf-pid----448783----pid-448783
---ebpf-pid----448783----pid-448520
---ebpf-pid----448783----pid-1
---ebpf-pid----448783----pid-448783
---ebpf-pid----448783----pid-448520
---ebpf-pid----448783----pid-1
---ebpf-pid----448783----pid-448783
---ebpf-pid----448783----pid-448520
---ebpf-pid----448783----pid-1
---ebpf-pid----448783----pid-448783
---ebpf-pid----448783----pid-448520
---ebpf-pid----448783----pid-1
---ebpf-pid----448783----pid-448783
---ebpf-pid----448783----pid-448520
---ebpf-pid----448783----pid-1
---ebpf-pid----448783----pid-448783
---ebpf-pid----448783----pid-448520
---ebpf-pid----448783----pid-1
---ebpf-pid----448783----pid-448783
---ebpf-pid----448783----pid-448520
---ebpf-pid----448783----pid-1
---ebpf-pid----448783----pid-448783
---ebpf-pid----448783----pid-448520
---ebpf-pid----448783----pid-1
---ebpf-pid----448783----pid-448783
---ebpf-pid----448783----pid-448520
---ebpf-pid----448783----pid-1
---ebpf-pid----448783----pid-448783
---ebpf-pid----448783----pid-448520
---ebpf-pid----448783----pid-1
---ebpf-pid----448783----pid-448783
---ebpf-pid----448783----pid-448520
---ebpf-pid----448783----pid-1
---ebpf-pid----448783----pid-448783
---ebpf-pid----448783----pid-448520
---ebpf-pid----448783----pid-1
---ebpf-pid----448783----pid-448783
---ebpf-pid----448783----pid-448520
---ebpf-pid----448783----pid-1
---ebpf-pid----448783----pid-448783
---ebpf-pid----448783----pid-448520
---ebpf-pid----448783----pid-1
---ebpf-pid----448783----pid-448783
---ebpf-pid----448783----pid-448520
---ebpf-pid----448783----pid-1
---ebpf-pid----448783----pid-448783
---ebpf-pid----448783----pid-448520
---ebpf-pid----448783----pid-1
---ebpf-pid----448783----pid-448783
---ebpf-pid----448783----pid-448520
---ebpf-pid----448783----pid-1
---ebpf-pid----448783----pid-448783
---ebpf-pid----448783----pid-448520
---ebpf-pid----448783----pid-1
---ebpf-pid----448783----pid-448783
---ebpf-pid----448783----pid-448520
---ebpf-pid----448783----pid-1
---ebpf-pid----448783----pid-448783
---ebpf-pid----448783----pid-448520
---ebpf-pid----448783----pid-1
---ebpf-pid----448783----pid-448783
---ebpf-pid----448783----pid-448520
---ebpf-pid----448783----pid-1
---ebpf-pid----448783----pid-448783
---ebpf-pid----448783----pid-448520
---ebpf-pid----448783----pid-1
---ebpf-pid----448783----pid-448783
---ebpf-pid----448783----pid-448520
---ebpf-pid----448783----pid-1
---ebpf-pid----448783----pid-448783
---ebpf-pid----448783----pid-448520
---ebpf-pid----448783----pid-1
---ebpf-pid----448783----pid-448783
---ebpf-pid----448783----pid-448520
---ebpf-pid----448783----pid-1
---ebpf-pid----448783----pid-448783
---ebpf-pid----448783----pid-448520
---ebpf-pid----448783----pid-1
---ebpf-pid----448783----pid-448783
---ebpf-pid----448783----pid-448520
---ebpf-pid----448783----pid-1
---ebpf-pid----448783----pid-448783
---ebpf-pid----448783----pid-448520
---ebpf-pid----448783----pid-1
---ebpf-pid----448783----pid-448783
---ebpf-pid----448783----pid-448520
---ebpf-pid----448783----pid-1
---ebpf-pid----448783----pid-448783
---ebpf-pid----448783----pid-448520
---ebpf-pid----448783----pid-1
---ebpf-pid----373029----pid-373029
---ebpf-pid----373029----pid-5476
---ebpf-pid----373029----pid-1
---ebpf-pid----373029----pid-373029
---ebpf-pid----373029----pid-5476
---ebpf-pid----373029----pid-1
---ebpf-pid----373029----pid-373029
---ebpf-pid----373029----pid-5476
---ebpf-pid----373029----pid-1
---ebpf-pid----373029----pid-373029
---ebpf-pid----373029----pid-5476
---ebpf-pid----373029----pid-1
---ebpf-pid----448783----pid-448783
---ebpf-pid----448783----pid-448520
---ebpf-pid----448783----pid-1
---ebpf-pid----448783----pid-448783
---ebpf-pid----448783----pid-448520
---ebpf-pid----448783----pid-1
---ebpf-pid----448783----pid-448783
---ebpf-pid----448783----pid-448520
---ebpf-pid----448783----pid-1
---ebpf-pid----448783----pid-448783
---ebpf-pid----448783----pid-448520
---ebpf-pid----448783----pid-1
---ebpf-pid----448783----pid-448783
---ebpf-pid----448783----pid-448520
---ebpf-pid----448783----pid-1
---ebpf-pid----448783----pid-448783
---ebpf-pid----448783----pid-448520
---ebpf-pid----448783----pid-1
---ebpf-pid----448783----pid-448783
---ebpf-pid----448783----pid-448520
---ebpf-pid----448783----pid-1
---ebpf-pid----448783----pid-448783
---ebpf-pid----448783----pid-448520
---ebpf-pid----448783----pid-1
---ebpf-pid----379067----pid-379067
---ebpf-pid----379067----pid-5476
---ebpf-pid----379067----pid-1
---ebpf-pid----448783----pid-448783
---ebpf-pid----448783----pid-448520
---ebpf-pid----448783----pid-1
---ebpf-pid----448783----pid-448783
---ebpf-pid----448783----pid-448520
---ebpf-pid----448783----pid-1
---ebpf-pid----448783----pid-448783
---ebpf-pid----448783----pid-448520
---ebpf-pid----448783----pid-1
---ebpf-pid----448783----pid-448783
---ebpf-pid----448783----pid-448520
---ebpf-pid----448783----pid-1
---ebpf-pid----448783----pid-448783
---ebpf-pid----448783----pid-448520
---ebpf-pid----448783----pid-1
---ebpf-pid----448783----pid-448783
---ebpf-pid----448783----pid-448520
---ebpf-pid----448783----pid-1
---ebpf-pid----448783----pid-448783
---ebpf-pid----448783----pid-448520
---ebpf-pid----448783----pid-1
---ebpf-pid----448783----pid-448783
---ebpf-pid----448783----pid-448520
---ebpf-pid----448783----pid-1
---ebpf-pid----448783----pid-448783
---ebpf-pid----448783----pid-448520
---ebpf-pid----448783----pid-1
---ebpf-pid----448783----pid-448783
---ebpf-pid----448783----pid-448520
---ebpf-pid----448783----pid-1
---ebpf-pid----448783----pid-448783
---ebpf-pid----448783----pid-448520
---ebpf-pid----448783----pid-1
---ebpf-pid----448783----pid-448783
---ebpf-pid----448783----pid-448520
---ebpf-pid----448783----pid-1
---ebpf-pid----448783----pid-448783
---ebpf-pid----448783----pid-448520
---ebpf-pid----448783----pid-1
---ebpf-pid----448783----pid-448783
---ebpf-pid----448783----pid-448520
---ebpf-pid----448783----pid-1
---ebpf-pid----448783----pid-448783
---ebpf-pid----448783----pid-448520
---ebpf-pid----448783----pid-1
---ebpf-pid----448783----pid-448783
---ebpf-pid----448783----pid-448520
---ebpf-pid----448783----pid-1
---ebpf-pid----448783----pid-448783
---ebpf-pid----448783----pid-448520
---ebpf-pid----448783----pid-1
---ebpf-pid----448783----pid-448783
---ebpf-pid----448783----pid-448520
---ebpf-pid----448783----pid-1
---ebpf-pid----448783----pid-448783
---ebpf-pid----448783----pid-448520
---ebpf-pid----448783----pid-1
---ebpf-pid----448783----pid-448783
---ebpf-pid----448783----pid-448520
---ebpf-pid----448783----pid-1
---ebpf-pid----448783----pid-448783
---ebpf-pid----448783----pid-448520
---ebpf-pid----448783----pid-1
---ebpf-pid----448783----pid-448783
---ebpf-pid----448783----pid-448520
---ebpf-pid----448783----pid-1
---ebpf-pid----448783----pid-448783
---ebpf-pid----448783----pid-448520
---ebpf-pid----448783----pid-1
---ebpf-pid----448783----pid-448783
---ebpf-pid----448783----pid-448520
---ebpf-pid----448783----pid-1
---ebpf-pid----448783----pid-448783
---ebpf-pid----448783----pid-448520
---ebpf-pid----448783----pid-1
---ebpf-pid----448783----pid-448783
---ebpf-pid----448783----pid-448520
---ebpf-pid----448783----pid-1
---ebpf-pid----448783----pid-448783
---ebpf-pid----448783----pid-448520
---ebpf-pid----448783----pid-1
---ebpf-pid----448783----pid-448783
---ebpf-pid----448783----pid-448520
---ebpf-pid----448783----pid-1
---ebpf-pid----448783----pid-448783
---ebpf-pid----448783----pid-448520
---ebpf-pid----448783----pid-1
---ebpf-pid----448783----pid-448783
---ebpf-pid----448783----pid-448520
---ebpf-pid----448783----pid-1
---ebpf-pid----448783----pid-448783
---ebpf-pid----448783----pid-448520
---ebpf-pid----448783----pid-1
---ebpf-pid----448783----pid-448783
---ebpf-pid----448783----pid-448520
---ebpf-pid----448783----pid-1
---ebpf-pid----448783----pid-448783
---ebpf-pid----448783----pid-448520
---ebpf-pid----448783----pid-1
---ebpf-pid----448783----pid-448783
---ebpf-pid----448783----pid-448520
---ebpf-pid----448783----pid-1
---ebpf-pid----448783----pid-448783
---ebpf-pid----448783----pid-448520
---ebpf-pid----448783----pid-1
---ebpf-pid----448783----pid-448783
---ebpf-pid----448783----pid-448520
---ebpf-pid----448783----pid-1
---ebpf-pid----448783----pid-448783
---ebpf-pid----448783----pid-448520
---ebpf-pid----448783----pid-1
---ebpf-pid----448783----pid-448783
---ebpf-pid----448783----pid-448520
---ebpf-pid----448783----pid-1
---ebpf-pid----448783----pid-448783
---ebpf-pid----448783----pid-448520
---ebpf-pid----448783----pid-1
---ebpf-pid----448783----pid-448783
---ebpf-pid----448783----pid-448520
---ebpf-pid----448783----pid-1
---ebpf-pid----448783----pid-448783
---ebpf-pid----448783----pid-448520
---ebpf-pid----448783----pid-1
---ebpf-pid----448783----pid-448783
---ebpf-pid----448783----pid-448520
---ebpf-pid----448783----pid-1
---ebpf-pid----448783----pid-448783
---ebpf-pid----448783----pid-448520
---ebpf-pid----448783----pid-1
---ebpf-pid----448783----pid-448783
---ebpf-pid----448783----pid-448520
---ebpf-pid----448783----pid-1
---ebpf-pid----448783----pid-448783
---ebpf-pid----448783----pid-448520
---ebpf-pid----448783----pid-1
---ebpf-pid----448783----pid-448783
---ebpf-pid----448783----pid-448520
---ebpf-pid----448783----pid-1
---ebpf-pid----448783----pid-448783
---ebpf-pid----448783----pid-448520
---ebpf-pid----448783----pid-1
---ebpf-pid----448783----pid-448783
---ebpf-pid----448783----pid-448520
---ebpf-pid----448783----pid-1
---ebpf-pid----448783----pid-448783
---ebpf-pid----448783----pid-448520
---ebpf-pid----448783----pid-1
---ebpf-pid----448783----pid-448783
---ebpf-pid----448783----pid-448520
---ebpf-pid----448783----pid-1
---ebpf-pid----15----pid-15
---ebpf-pid----15----pid-2
---ebpf-pid----448783----pid-448783
---ebpf-pid----448783----pid-448520
---ebpf-pid----448783----pid-1
---ebpf-pid----448783----pid-448783
---ebpf-pid----448783----pid-448520
---ebpf-pid----448783----pid-1
---ebpf-pid----448783----pid-448783
---ebpf-pid----448783----pid-448520
---ebpf-pid----448783----pid-1
---ebpf-pid----448783----pid-448783
---ebpf-pid----448783----pid-448520
---ebpf-pid----448783----pid-1
---ebpf-pid----448783----pid-448783
---ebpf-pid----448783----pid-448520
---ebpf-pid----448783----pid-1
---ebpf-pid----448783----pid-448783
---ebpf-pid----448783----pid-448520
---ebpf-pid----448783----pid-1
---ebpf-pid----448783----pid-448783
---ebpf-pid----448783----pid-448520
---ebpf-pid----448783----pid-1
---ebpf-pid----448783----pid-448783
---ebpf-pid----448783----pid-448520
---ebpf-pid----448783----pid-1
---ebpf-pid----448783----pid-448783
---ebpf-pid----448783----pid-448520
---ebpf-pid----448783----pid-1
---ebpf-pid----448783----pid-448783
---ebpf-pid----448783----pid-448520
---ebpf-pid----448783----pid-1
---ebpf-pid----448783----pid-448783
---ebpf-pid----448783----pid-448520
---ebpf-pid----448783----pid-1
---ebpf-pid----448783----pid-448783
---ebpf-pid----448783----pid-448520
---ebpf-pid----448783----pid-1
---ebpf-pid----448783----pid-448783
---ebpf-pid----448783----pid-448520
---ebpf-pid----448783----pid-1
---ebpf-pid----448783----pid-448783
---ebpf-pid----448783----pid-448520
---ebpf-pid----448783----pid-1
---ebpf-pid----448783----pid-448783
---ebpf-pid----448783----pid-448520
---ebpf-pid----448783----pid-1
---ebpf-pid----448783----pid-448783
---ebpf-pid----448783----pid-448520
---ebpf-pid----448783----pid-1
---ebpf-pid----448783----pid-448783
---ebpf-pid----448783----pid-448520
---ebpf-pid----448783----pid-1
---ebpf-pid----448783----pid-448783
---ebpf-pid----448783----pid-448520
---ebpf-pid----448783----pid-1
---ebpf-pid----448783----pid-448783
---ebpf-pid----448783----pid-448520
---ebpf-pid----448783----pid-1
---ebpf-pid----448783----pid-448783
---ebpf-pid----448783----pid-448520
---ebpf-pid----448783----pid-1
---ebpf-pid----448783----pid-448783
---ebpf-pid----448783----pid-448520
---ebpf-pid----448783----pid-1
---ebpf-pid----448783----pid-448783
---ebpf-pid----448783----pid-448520
---ebpf-pid----448783----pid-1
---ebpf-pid----448783----pid-448783
---ebpf-pid----448783----pid-448520
---ebpf-pid----448783----pid-1
---ebpf-pid----448783----pid-448783
---ebpf-pid----448783----pid-448520
---ebpf-pid----448783----pid-1
---ebpf-pid----448783----pid-448783
---ebpf-pid----448783----pid-448520
---ebpf-pid----448783----pid-1
---ebpf-pid----448783----pid-448783
---ebpf-pid----448783----pid-448520
---ebpf-pid----448783----pid-1
---ebpf-pid----448783----pid-448783
---ebpf-pid----448783----pid-448520
---ebpf-pid----448783----pid-1
---ebpf-pid----448783----pid-448783
---ebpf-pid----448783----pid-448520
---ebpf-pid----448783----pid-1
---ebpf-pid----448783----pid-448783
---ebpf-pid----448783----pid-448520
---ebpf-pid----448783----pid-1
---ebpf-pid----448783----pid-448783
---ebpf-pid----448783----pid-448520
---ebpf-pid----448783----pid-1
---ebpf-pid----448783----pid-448783
---ebpf-pid----448783----pid-448520
---ebpf-pid----448783----pid-1
---ebpf-pid----448783----pid-448783
---ebpf-pid----448783----pid-448520
---ebpf-pid----448783----pid-1
---ebpf-pid----448783----pid-448783
---ebpf-pid----448783----pid-448520
---ebpf-pid----448783----pid-1
---ebpf-pid----448783----pid-448783
---ebpf-pid----448783----pid-448520
---ebpf-pid----448783----pid-1
---ebpf-pid----448783----pid-448783
---ebpf-pid----448783----pid-448520
---ebpf-pid----448783----pid-1
---ebpf-pid----448783----pid-448783
---ebpf-pid----448783----pid-448520
---ebpf-pid----448783----pid-1
---ebpf-pid----448783----pid-448783
---ebpf-pid----448783----pid-448520
---ebpf-pid----448783----pid-1
---ebpf-pid----448783----pid-448783
---ebpf-pid----448783----pid-448520
---ebpf-pid----448783----pid-1
---ebpf-pid----448783----pid-448783
---ebpf-pid----448783----pid-448520
---ebpf-pid----448783----pid-1
---ebpf-pid----448783----pid-448783
---ebpf-pid----448783----pid-448520
---ebpf-pid----448783----pid-1
---ebpf-pid----448783----pid-448783
---ebpf-pid----448783----pid-448520
---ebpf-pid----448783----pid-1
---ebpf-pid----448783----pid-448783
---ebpf-pid----448783----pid-448520
---ebpf-pid----448783----pid-1
---ebpf-pid----448783----pid-448783
---ebpf-pid----448783----pid-448520
---ebpf-pid----448783----pid-1
---ebpf-pid----448783----pid-448783
---ebpf-pid----448783----pid-448520
---ebpf-pid----448783----pid-1
---ebpf-pid----448783----pid-448783
---ebpf-pid----448783----pid-448520
---ebpf-pid----448783----pid-1
---ebpf-pid----448783----pid-448783
---ebpf-pid----448783----pid-448520
---ebpf-pid----448783----pid-1
---ebpf-pid----448783----pid-448783
---ebpf-pid----448783----pid-448520
---ebpf-pid----448783----pid-1
---ebpf-pid----448783----pid-448783
---ebpf-pid----448783----pid-448520
---ebpf-pid----448783----pid-1
---ebpf-pid----448783----pid-448783
---ebpf-pid----448783----pid-448520
---ebpf-pid----448783----pid-1
---ebpf-pid----448783----pid-448783
---ebpf-pid----448783----pid-448520
---ebpf-pid----448783----pid-1
---ebpf-pid----448783----pid-448783
---ebpf-pid----448783----pid-448520
---ebpf-pid----448783----pid-1
---ebpf-pid----448783----pid-448783
---ebpf-pid----448783----pid-448520
---ebpf-pid----448783----pid-1
---ebpf-pid----448783----pid-448783
---ebpf-pid----448783----pid-448520
---ebpf-pid----448783----pid-1
---ebpf-pid----448783----pid-448783
---ebpf-pid----448783----pid-448520
---ebpf-pid----448783----pid-1
---ebpf-pid----448783----pid-448783
---ebpf-pid----448783----pid-448520
---ebpf-pid----448783----pid-1
---ebpf-pid----448783----pid-448783
---ebpf-pid----448783----pid-448520
---ebpf-pid----448783----pid-1
---ebpf-pid----448783----pid-448783
---ebpf-pid----448783----pid-448520
---ebpf-pid----448783----pid-1
---ebpf-pid----448783----pid-448783
---ebpf-pid----448783----pid-448520
---ebpf-pid----448783----pid-1
---ebpf-pid----448783----pid-448783
---ebpf-pid----448783----pid-448520
---ebpf-pid----448783----pid-1
---ebpf-pid----448783----pid-448783
---ebpf-pid----448783----pid-448520
---ebpf-pid----448783----pid-1
---ebpf-pid----448783----pid-448783
---ebpf-pid----448783----pid-448520
---ebpf-pid----448783----pid-1
---ebpf-pid----448783----pid-448783
---ebpf-pid----448783----pid-448520
---ebpf-pid----448783----pid-1
---ebpf-pid----448783----pid-448783
---ebpf-pid----448783----pid-448520
---ebpf-pid----448783----pid-1
---ebpf-pid----373029----pid-373029
---ebpf-pid----373029----pid-5476
---ebpf-pid----373029----pid-1
---ebpf-pid----373029----pid-373029
---ebpf-pid----373029----pid-5476
---ebpf-pid----373029----pid-1
---ebpf-pid----448783----pid-448783
---ebpf-pid----448783----pid-448520
---ebpf-pid----448783----pid-1
---ebpf-pid----448783----pid-448783
---ebpf-pid----448783----pid-448520
---ebpf-pid----448783----pid-1
---ebpf-pid----448783----pid-448783
---ebpf-pid----448783----pid-448520
---ebpf-pid----448783----pid-1
---ebpf-pid----448783----pid-448783
---ebpf-pid----448783----pid-448520
---ebpf-pid----448783----pid-1
---ebpf-pid----448783----pid-448783
---ebpf-pid----448783----pid-448520
---ebpf-pid----448783----pid-1
---ebpf-pid----379067----pid-379067
---ebpf-pid----379067----pid-5476
---ebpf-pid----379067----pid-1
---ebpf-pid----379067----pid-379067
---ebpf-pid----379067----pid-5476
---ebpf-pid----379067----pid-1
---ebpf-pid----379067----pid-379067
---ebpf-pid----379067----pid-5476
---ebpf-pid----379067----pid-1
---ebpf-pid----379067----pid-379067
---ebpf-pid----379067----pid-5476
---ebpf-pid----379067----pid-1
---ebpf-pid----448783----pid-448783
---ebpf-pid----448783----pid-448520
---ebpf-pid----448783----pid-1
---ebpf-pid----448783----pid-448783
---ebpf-pid----448783----pid-448520
---ebpf-pid----448783----pid-1
---ebpf-pid----373029----pid-373029
---ebpf-pid----373029----pid-5476
---ebpf-pid----373029----pid-1
---ebpf-pid----373029----pid-373029
---ebpf-pid----373029----pid-5476
---ebpf-pid----373029----pid-1
---ebpf-pid----373029----pid-373029
---ebpf-pid----373029----pid-5476
---ebpf-pid----373029----pid-1
---ebpf-pid----373029----pid-373029
---ebpf-pid----373029----pid-5476
---ebpf-pid----373029----pid-1
---ebpf-pid----373029----pid-373029
---ebpf-pid----373029----pid-5476
---ebpf-pid----373029----pid-1
---ebpf-pid----373029----pid-373029
---ebpf-pid----373029----pid-5476
---ebpf-pid----373029----pid-1
---ebpf-pid----448783----pid-448783
---ebpf-pid----448783----pid-448520
---ebpf-pid----448783----pid-1
---ebpf-pid----448783----pid-448783
---ebpf-pid----448783----pid-448520
---ebpf-pid----448783----pid-1
---ebpf-pid----448783----pid-448783
---ebpf-pid----448783----pid-448520
---ebpf-pid----448783----pid-1
---ebpf-pid----448783----pid-448783
---ebpf-pid----448783----pid-448520
---ebpf-pid----448783----pid-1
---ebpf-pid----448783----pid-448783
---ebpf-pid----448783----pid-448520
---ebpf-pid----448783----pid-1
---ebpf-pid----448783----pid-448783
---ebpf-pid----448783----pid-448520
---ebpf-pid----448783----pid-1
---ebpf-pid----448783----pid-448783
---ebpf-pid----448783----pid-448520
---ebpf-pid----448783----pid-1
---ebpf-pid----448783----pid-448783
---ebpf-pid----448783----pid-448520
---ebpf-pid----448783----pid-1
---ebpf-pid----448783----pid-448783
---ebpf-pid----448783----pid-448520
---ebpf-pid----448783----pid-1
---ebpf-pid----448783----pid-448783
---ebpf-pid----448783----pid-448520
---ebpf-pid----448783----pid-1
---ebpf-pid----448783----pid-448783
---ebpf-pid----448783----pid-448520
---ebpf-pid----448783----pid-1
---ebpf-pid----448783----pid-448783
---ebpf-pid----448783----pid-448520
---ebpf-pid----448783----pid-1
---ebpf-pid----448783----pid-448783
---ebpf-pid----448783----pid-448520
---ebpf-pid----448783----pid-1
---ebpf-pid----448783----pid-448783
---ebpf-pid----448783----pid-448520
---ebpf-pid----448783----pid-1
---ebpf-pid----448783----pid-448783
---ebpf-pid----448783----pid-448520
---ebpf-pid----448783----pid-1
---ebpf-pid----448783----pid-448783
---ebpf-pid----448783----pid-448520
---ebpf-pid----448783----pid-1
---ebpf-pid----448783----pid-448783
---ebpf-pid----448783----pid-448520
---ebpf-pid----448783----pid-1
---ebpf-pid----448783----pid-448783
---ebpf-pid----448783----pid-448520
---ebpf-pid----448783----pid-1
---ebpf-pid----448783----pid-448783
---ebpf-pid----448783----pid-448520
---ebpf-pid----448783----pid-1
---ebpf-pid----448783----pid-448783
---ebpf-pid----448783----pid-448520
---ebpf-pid----448783----pid-1
---ebpf-pid----448783----pid-448783
---ebpf-pid----448783----pid-448520
---ebpf-pid----448783----pid-1
---ebpf-pid----448783----pid-448783
---ebpf-pid----448783----pid-448520
---ebpf-pid----448783----pid-1
---ebpf-pid----448783----pid-448783
---ebpf-pid----448783----pid-448520
---ebpf-pid----448783----pid-1
---ebpf-pid----448783----pid-448783
---ebpf-pid----448783----pid-448520
---ebpf-pid----448783----pid-1
---ebpf-pid----448783----pid-448783
---ebpf-pid----448783----pid-448520
---ebpf-pid----448783----pid-1
---ebpf-pid----448783----pid-448783
---ebpf-pid----448783----pid-448520
---ebpf-pid----448783----pid-1
---ebpf-pid----448783----pid-448783
---ebpf-pid----448783----pid-448520
---ebpf-pid----448783----pid-1
---ebpf-pid----379067----pid-379067
---ebpf-pid----379067----pid-5476
---ebpf-pid----379067----pid-1
---ebpf-pid----379067----pid-379067
---ebpf-pid----379067----pid-5476
---ebpf-pid----379067----pid-1
---ebpf-pid----379067----pid-379067
---ebpf-pid----379067----pid-5476
---ebpf-pid----379067----pid-1
---ebpf-pid----448783----pid-448783
---ebpf-pid----448783----pid-448520
---ebpf-pid----448783----pid-1
---ebpf-pid----448783----pid-448783
---ebpf-pid----448783----pid-448520
---ebpf-pid----448783----pid-1
---ebpf-pid----379067----pid-379067
---ebpf-pid----379067----pid-5476
---ebpf-pid----379067----pid-1
---ebpf-pid----379067----pid-379067
---ebpf-pid----379067----pid-5476
---ebpf-pid----379067----pid-1
---ebpf-pid----379067----pid-379067
---ebpf-pid----379067----pid-5476
---ebpf-pid----379067----pid-1
---ebpf-pid----379067----pid-379067
---ebpf-pid----379067----pid-5476
---ebpf-pid----379067----pid-1
---ebpf-pid----379067----pid-379067
---ebpf-pid----379067----pid-5476
---ebpf-pid----379067----pid-1
---ebpf-pid----379067----pid-379067
---ebpf-pid----379067----pid-5476
---ebpf-pid----379067----pid-1
---ebpf-pid----379067----pid-379067
---ebpf-pid----379067----pid-5476
---ebpf-pid----379067----pid-1
---ebpf-pid----379067----pid-379067
---ebpf-pid----379067----pid-5476
---ebpf-pid----379067----pid-1
---ebpf-pid----379067----pid-379067
---ebpf-pid----379067----pid-5476
---ebpf-pid----379067----pid-1
---ebpf-pid----379067----pid-379067
---ebpf-pid----379067----pid-5476
---ebpf-pid----379067----pid-1
---ebpf-pid----379067----pid-379067
---ebpf-pid----379067----pid-5476
---ebpf-pid----379067----pid-1
---ebpf-pid----379067----pid-379067
---ebpf-pid----379067----pid-5476
---ebpf-pid----379067----pid-1
---ebpf-pid----379067----pid-379067
---ebpf-pid----379067----pid-5476
---ebpf-pid----379067----pid-1
---ebpf-pid----379067----pid-379067
---ebpf-pid----379067----pid-5476
---ebpf-pid----379067----pid-1
---ebpf-pid----448783----pid-448783
---ebpf-pid----448783----pid-448520
---ebpf-pid----448783----pid-1
---ebpf-pid----379067----pid-379067
---ebpf-pid----379067----pid-5476
---ebpf-pid----379067----pid-1
---ebpf-pid----379067----pid-379067
---ebpf-pid----379067----pid-5476
---ebpf-pid----379067----pid-1
---ebpf-pid----379067----pid-379067
---ebpf-pid----379067----pid-5476
---ebpf-pid----379067----pid-1
---ebpf-pid----379067----pid-379067
---ebpf-pid----379067----pid-5476
---ebpf-pid----379067----pid-1
---ebpf-pid----379067----pid-379067
---ebpf-pid----379067----pid-5476
---ebpf-pid----379067----pid-1
---ebpf-pid----379067----pid-379067
---ebpf-pid----379067----pid-5476
---ebpf-pid----379067----pid-1
---ebpf-pid----379067----pid-379067
---ebpf-pid----379067----pid-5476
---ebpf-pid----379067----pid-1
---ebpf-pid----379067----pid-379067
---ebpf-pid----379067----pid-5476
---ebpf-pid----379067----pid-1
---ebpf-pid----379067----pid-379067
---ebpf-pid----379067----pid-5476
---ebpf-pid----379067----pid-1
---ebpf-pid----379067----pid-379067
---ebpf-pid----379067----pid-5476
---ebpf-pid----379067----pid-1
---ebpf-pid----379067----pid-379067
---ebpf-pid----379067----pid-5476
---ebpf-pid----379067----pid-1
---ebpf-pid----379067----pid-379067
---ebpf-pid----379067----pid-5476
---ebpf-pid----379067----pid-1
---ebpf-pid----448783----pid-448783
---ebpf-pid----448783----pid-448520
---ebpf-pid----448783----pid-1
---ebpf-pid----448783----pid-448783
---ebpf-pid----448783----pid-448520
---ebpf-pid----448783----pid-1
---ebpf-pid----448783----pid-448783
---ebpf-pid----448783----pid-448520
---ebpf-pid----448783----pid-1
---ebpf-pid----373029----pid-373029
---ebpf-pid----373029----pid-5476
---ebpf-pid----373029----pid-1
---ebpf-pid----373029----pid-373029
---ebpf-pid----373029----pid-5476
---ebpf-pid----373029----pid-1
---ebpf-pid----373029----pid-373029
---ebpf-pid----373029----pid-5476
---ebpf-pid----373029----pid-1
---ebpf-pid----373029----pid-373029
---ebpf-pid----373029----pid-5476
---ebpf-pid----373029----pid-1
---ebpf-pid----373029----pid-373029
---ebpf-pid----373029----pid-5476
---ebpf-pid----373029----pid-1
---ebpf-pid----373029----pid-373029
---ebpf-pid----373029----pid-5476
---ebpf-pid----373029----pid-1
---ebpf-pid----373029----pid-373029
---ebpf-pid----373029----pid-5476
---ebpf-pid----373029----pid-1
---ebpf-pid----373029----pid-373029
---ebpf-pid----373029----pid-5476
---ebpf-pid----373029----pid-1
---ebpf-pid----373029----pid-373029
---ebpf-pid----373029----pid-5476
---ebpf-pid----373029----pid-1
---ebpf-pid----448783----pid-448783
---ebpf-pid----448783----pid-448520
---ebpf-pid----448783----pid-1
---ebpf-pid----448783----pid-448783
---ebpf-pid----448783----pid-448520
---ebpf-pid----448783----pid-1
---ebpf-pid----448783----pid-448783
---ebpf-pid----448783----pid-448520
---ebpf-pid----448783----pid-1
---ebpf-pid----5705----pid-5705
---ebpf-pid----5705----pid-5476
---ebpf-pid----5705----pid-1
---ebpf-pid----5705----pid-5705
---ebpf-pid----5705----pid-5476
---ebpf-pid----5705----pid-1
---ebpf-pid----5705----pid-5705
---ebpf-pid----5705----pid-5476
---ebpf-pid----5705----pid-1
---ebpf-pid----5705----pid-5705
---ebpf-pid----5705----pid-5476
---ebpf-pid----5705----pid-1
---ebpf-pid----5705----pid-5705
---ebpf-pid----5705----pid-5476
---ebpf-pid----5705----pid-1
---ebpf-pid----5705----pid-5705
---ebpf-pid----5705----pid-5476
---ebpf-pid----5705----pid-1
---ebpf-pid----5705----pid-5705
---ebpf-pid----5705----pid-5476
---ebpf-pid----5705----pid-1
---ebpf-pid----5705----pid-5705
---ebpf-pid----5705----pid-5476
---ebpf-pid----5705----pid-1
---ebpf-pid----5705----pid-5705
---ebpf-pid----5705----pid-5476
---ebpf-pid----5705----pid-1
---ebpf-pid----5705----pid-5705
---ebpf-pid----5705----pid-5476
---ebpf-pid----5705----pid-1
---ebpf-pid----5705----pid-5705
---ebpf-pid----5705----pid-5476
---ebpf-pid----5705----pid-1
---ebpf-pid----5705----pid-5705
---ebpf-pid----5705----pid-5476
---ebpf-pid----5705----pid-1
---ebpf-pid----5705----pid-5705
---ebpf-pid----5705----pid-5476
---ebpf-pid----5705----pid-1
---ebpf-pid----5705----pid-5705
---ebpf-pid----5705----pid-5476
---ebpf-pid----5705----pid-1
---ebpf-pid----5705----pid-5705
---ebpf-pid----5705----pid-5476
---ebpf-pid----5705----pid-1
---ebpf-pid----5705----pid-5705
---ebpf-pid----5705----pid-5476
---ebpf-pid----5705----pid-1
---ebpf-pid----5705----pid-5705
---ebpf-pid----5705----pid-5476
---ebpf-pid----5705----pid-1
---ebpf-pid----5705----pid-5705
---ebpf-pid----5705----pid-5476
---ebpf-pid----5705----pid-1
---ebpf-pid----5705----pid-5705
---ebpf-pid----5705----pid-5476
---ebpf-pid----5705----pid-1
---ebpf-pid----5705----pid-5705
---ebpf-pid----5705----pid-5476
---ebpf-pid----5705----pid-1
---ebpf-pid----5705----pid-5705
---ebpf-pid----5705----pid-5476
---ebpf-pid----5705----pid-1
---ebpf-pid----5705----pid-5705
---ebpf-pid----5705----pid-5476
---ebpf-pid----5705----pid-1
---ebpf-pid----5705----pid-5705
---ebpf-pid----5705----pid-5476
---ebpf-pid----5705----pid-1
---ebpf-pid----5705----pid-5705
---ebpf-pid----5705----pid-5476
---ebpf-pid----5705----pid-1
---ebpf-pid----5705----pid-5705
---ebpf-pid----5705----pid-5476
---ebpf-pid----5705----pid-1
---ebpf-pid----5705----pid-5705
---ebpf-pid----5705----pid-5476
---ebpf-pid----5705----pid-1
---ebpf-pid----5705----pid-5705
---ebpf-pid----5705----pid-5476
---ebpf-pid----5705----pid-1
---ebpf-pid----5705----pid-5705
---ebpf-pid----5705----pid-5476
---ebpf-pid----5705----pid-1
---ebpf-pid----5705----pid-5705
---ebpf-pid----5705----pid-5476
---ebpf-pid----5705----pid-1
---ebpf-pid----5705----pid-5705
---ebpf-pid----5705----pid-5476
---ebpf-pid----5705----pid-1
---ebpf-pid----5705----pid-5705
---ebpf-pid----5705----pid-5476
---ebpf-pid----5705----pid-1
---ebpf-pid----5705----pid-5705
---ebpf-pid----5705----pid-5476
---ebpf-pid----5705----pid-1
---ebpf-pid----5705----pid-5705
---ebpf-pid----5705----pid-5476
---ebpf-pid----5705----pid-1
---ebpf-pid----5705----pid-5705
---ebpf-pid----5705----pid-5476
---ebpf-pid----5705----pid-1
---ebpf-pid----373029----pid-373029
---ebpf-pid----373029----pid-5476
---ebpf-pid----373029----pid-1
---ebpf-pid----373029----pid-373029
---ebpf-pid----373029----pid-5476
---ebpf-pid----373029----pid-1
---ebpf-pid----373029----pid-373029
---ebpf-pid----373029----pid-5476
---ebpf-pid----373029----pid-1
---ebpf-pid----5705----pid-5705
---ebpf-pid----5705----pid-5476
---ebpf-pid----5705----pid-1
---ebpf-pid----373029----pid-373029
---ebpf-pid----373029----pid-5476
---ebpf-pid----373029----pid-1
---ebpf-pid----373029----pid-373029
---ebpf-pid----373029----pid-5476
---ebpf-pid----373029----pid-1
---ebpf-pid----2088----pid-2088
---ebpf-pid----2088----pid-1
---ebpf-pid----2088----pid-2088
---ebpf-pid----2088----pid-1
---ebpf-pid----5705----pid-5705
---ebpf-pid----5705----pid-5476
---ebpf-pid----5705----pid-1
---ebpf-pid----5705----pid-5705
---ebpf-pid----5705----pid-5476
---ebpf-pid----5705----pid-1
---ebpf-pid----5705----pid-5705
---ebpf-pid----5705----pid-5476
---ebpf-pid----5705----pid-1
---ebpf-pid----5705----pid-5705
---ebpf-pid----5705----pid-5476
---ebpf-pid----5705----pid-1
---ebpf-pid----5705----pid-5705
---ebpf-pid----5705----pid-5476
---ebpf-pid----5705----pid-1
---ebpf-pid----5705----pid-5705
---ebpf-pid----5705----pid-5476
---ebpf-pid----5705----pid-1
---ebpf-pid----5705----pid-5705
---ebpf-pid----5705----pid-5476
---ebpf-pid----5705----pid-1
---ebpf-pid----5705----pid-5705
---ebpf-pid----5705----pid-5476
---ebpf-pid----5705----pid-1
---ebpf-pid----5705----pid-5705
---ebpf-pid----5705----pid-5476
---ebpf-pid----5705----pid-1
---ebpf-pid----5705----pid-5705
---ebpf-pid----5705----pid-5476
---ebpf-pid----5705----pid-1
---ebpf-pid----5705----pid-5705
---ebpf-pid----5705----pid-5476
---ebpf-pid----5705----pid-1
---ebpf-pid----5705----pid-5705
---ebpf-pid----5705----pid-5476
---ebpf-pid----5705----pid-1
---ebpf-pid----5705----pid-5705
---ebpf-pid----5705----pid-5476
---ebpf-pid----5705----pid-1
---ebpf-pid----5705----pid-5705
---ebpf-pid----5705----pid-5476
---ebpf-pid----5705----pid-1
---ebpf-pid----5705----pid-5705
---ebpf-pid----5705----pid-5476
---ebpf-pid----5705----pid-1
---ebpf-pid----2088----pid-2088
---ebpf-pid----2088----pid-1
---ebpf-pid----2088----pid-2088
---ebpf-pid----2088----pid-1
---ebpf-pid----2088----pid-2088
---ebpf-pid----2088----pid-1
---ebpf-pid----2088----pid-2088
---ebpf-pid----2088----pid-1
---ebpf-pid----2088----pid-2088
---ebpf-pid----2088----pid-1
---ebpf-pid----2088----pid-2088
---ebpf-pid----2088----pid-1
---ebpf-pid----2088----pid-2088
---ebpf-pid----2088----pid-1
---ebpf-pid----2088----pid-2088
---ebpf-pid----2088----pid-1
---ebpf-pid----2088----pid-2088
---ebpf-pid----2088----pid-1
---ebpf-pid----2088----pid-2088
---ebpf-pid----2088----pid-1
---ebpf-pid----2088----pid-2088
---ebpf-pid----2088----pid-1
---ebpf-pid----2088----pid-2088
---ebpf-pid----2088----pid-1
---ebpf-pid----2088----pid-2088
---ebpf-pid----2088----pid-1
---ebpf-pid----2088----pid-2088
---ebpf-pid----2088----pid-1
---ebpf-pid----2088----pid-2088
---ebpf-pid----2088----pid-1
---ebpf-pid----2088----pid-2088
---ebpf-pid----2088----pid-1
---ebpf-pid----2088----pid-2088
---ebpf-pid----2088----pid-1
---ebpf-pid----2088----pid-2088
---ebpf-pid----2088----pid-1
---ebpf-pid----2088----pid-2088
---ebpf-pid----2088----pid-1
---ebpf-pid----2088----pid-2088
---ebpf-pid----2088----pid-1
---ebpf-pid----2088----pid-2088
---ebpf-pid----2088----pid-1
---ebpf-pid----2088----pid-2088
---ebpf-pid----2088----pid-1
---ebpf-pid----2088----pid-2088
---ebpf-pid----2088----pid-1
---ebpf-pid----2088----pid-2088
---ebpf-pid----2088----pid-1
---ebpf-pid----2088----pid-2088
---ebpf-pid----2088----pid-1
---ebpf-pid----2088----pid-2088
---ebpf-pid----2088----pid-1
---ebpf-pid----2088----pid-2088
---ebpf-pid----2088----pid-1
---ebpf-pid----2088----pid-2088
---ebpf-pid----2088----pid-1
---ebpf-pid----2088----pid-2088
---ebpf-pid----2088----pid-1
---ebpf-pid----2088----pid-2088
---ebpf-pid----2088----pid-1
---ebpf-pid----2088----pid-2088
---ebpf-pid----2088----pid-1
---ebpf-pid----2088----pid-2088
---ebpf-pid----2088----pid-1
---ebpf-pid----2088----pid-2088
---ebpf-pid----2088----pid-1
---ebpf-pid----2088----pid-2088
---ebpf-pid----2088----pid-1
---ebpf-pid----2088----pid-2088
---ebpf-pid----2088----pid-1
---ebpf-pid----2088----pid-2088
---ebpf-pid----2088----pid-1
---ebpf-pid----2088----pid-2088
---ebpf-pid----2088----pid-1
---ebpf-pid----2088----pid-2088
---ebpf-pid----2088----pid-1
---ebpf-pid----2088----pid-2088
---ebpf-pid----2088----pid-1
---ebpf-pid----2088----pid-2088
---ebpf-pid----2088----pid-1
---ebpf-pid----2088----pid-2088
---ebpf-pid----2088----pid-1
---ebpf-pid----5705----pid-5705
---ebpf-pid----5705----pid-5476
---ebpf-pid----5705----pid-1
---ebpf-pid----5705----pid-5705
---ebpf-pid----5705----pid-5476
---ebpf-pid----5705----pid-1
---ebpf-pid----5705----pid-5705
---ebpf-pid----5705----pid-5476
---ebpf-pid----5705----pid-1
---ebpf-pid----5705----pid-5705
---ebpf-pid----5705----pid-5476
---ebpf-pid----5705----pid-1
---ebpf-pid----5705----pid-5705
---ebpf-pid----5705----pid-5476
---ebpf-pid----5705----pid-1
---ebpf-pid----5705----pid-5705
---ebpf-pid----5705----pid-5476
---ebpf-pid----5705----pid-1
---ebpf-pid----5705----pid-5705
---ebpf-pid----5705----pid-5476
---ebpf-pid----5705----pid-1
---ebpf-pid----5705----pid-5705
---ebpf-pid----5705----pid-5476
---ebpf-pid----5705----pid-1
---ebpf-pid----5705----pid-5705
---ebpf-pid----5705----pid-5476
---ebpf-pid----5705----pid-1
---ebpf-pid----5705----pid-5705
---ebpf-pid----5705----pid-5476
---ebpf-pid----5705----pid-1
---ebpf-pid----5705----pid-5705
---ebpf-pid----5705----pid-5476
---ebpf-pid----5705----pid-1
---ebpf-pid----5705----pid-5705
---ebpf-pid----5705----pid-5476
---ebpf-pid----5705----pid-1
---ebpf-pid----5705----pid-5705
---ebpf-pid----5705----pid-5476
---ebpf-pid----5705----pid-1
---ebpf-pid----5705----pid-5705
---ebpf-pid----5705----pid-5476
---ebpf-pid----5705----pid-1
---ebpf-pid----5705----pid-5705
---ebpf-pid----5705----pid-5476
---ebpf-pid----5705----pid-1
---ebpf-pid----5705----pid-5705
---ebpf-pid----5705----pid-5476
---ebpf-pid----5705----pid-1
---ebpf-pid----5705----pid-5705
---ebpf-pid----5705----pid-5476
---ebpf-pid----5705----pid-1
---ebpf-pid----5705----pid-5705
---ebpf-pid----5705----pid-5476
---ebpf-pid----5705----pid-1
---ebpf-pid----5705----pid-5705
---ebpf-pid----5705----pid-5476
---ebpf-pid----5705----pid-1
---ebpf-pid----5705----pid-5705
---ebpf-pid----5705----pid-5476
---ebpf-pid----5705----pid-1
---ebpf-pid----5705----pid-5705
---ebpf-pid----5705----pid-5476
---ebpf-pid----5705----pid-1
---ebpf-pid----5705----pid-5705
---ebpf-pid----5705----pid-5476
---ebpf-pid----5705----pid-1
---ebpf-pid----5705----pid-5705
---ebpf-pid----5705----pid-5476
---ebpf-pid----5705----pid-1
---ebpf-pid----5705----pid-5705
---ebpf-pid----5705----pid-5476
---ebpf-pid----5705----pid-1
---ebpf-pid----5705----pid-5705
---ebpf-pid----5705----pid-5476
---ebpf-pid----5705----pid-1
---ebpf-pid----5705----pid-5705
---ebpf-pid----5705----pid-5476
---ebpf-pid----5705----pid-1
---ebpf-pid----5705----pid-5705
---ebpf-pid----5705----pid-5476
---ebpf-pid----5705----pid-1
---ebpf-pid----5705----pid-5705
---ebpf-pid----5705----pid-5476
---ebpf-pid----5705----pid-1
---ebpf-pid----5705----pid-5705
---ebpf-pid----5705----pid-5476
---ebpf-pid----5705----pid-1
---ebpf-pid----5705----pid-5705
---ebpf-pid----5705----pid-5476
---ebpf-pid----5705----pid-1
---ebpf-pid----5705----pid-5705
---ebpf-pid----5705----pid-5476
---ebpf-pid----5705----pid-1
---ebpf-pid----5705----pid-5705
---ebpf-pid----5705----pid-5476
---ebpf-pid----5705----pid-1
---ebpf-pid----5705----pid-5705
---ebpf-pid----5705----pid-5476
---ebpf-pid----5705----pid-1
---ebpf-pid----5705----pid-5705
---ebpf-pid----5705----pid-5476
---ebpf-pid----5705----pid-1
---ebpf-pid----5705----pid-5705
---ebpf-pid----5705----pid-5476
---ebpf-pid----5705----pid-1
---ebpf-pid----5705----pid-5705
---ebpf-pid----5705----pid-5476
---ebpf-pid----5705----pid-1
---ebpf-pid----5705----pid-5705
---ebpf-pid----5705----pid-5476
---ebpf-pid----5705----pid-1
---ebpf-pid----5705----pid-5705
---ebpf-pid----5705----pid-5476
---ebpf-pid----5705----pid-1
---ebpf-pid----5705----pid-5705
---ebpf-pid----5705----pid-5476
---ebpf-pid----5705----pid-1
---ebpf-pid----5705----pid-5705
---ebpf-pid----5705----pid-5476
---ebpf-pid----5705----pid-1
---ebpf-pid----5705----pid-5705
---ebpf-pid----5705----pid-5476
---ebpf-pid----5705----pid-1
---ebpf-pid----5705----pid-5705
---ebpf-pid----5705----pid-5476
---ebpf-pid----5705----pid-1
---ebpf-pid----5705----pid-5705
---ebpf-pid----5705----pid-5476
---ebpf-pid----5705----pid-1
---ebpf-pid----5705----pid-5705
---ebpf-pid----5705----pid-5476
---ebpf-pid----5705----pid-1
---ebpf-pid----5705----pid-5705
---ebpf-pid----5705----pid-5476
---ebpf-pid----5705----pid-1
---ebpf-pid----5705----pid-5705
---ebpf-pid----5705----pid-5476
---ebpf-pid----5705----pid-1
---ebpf-pid----5705----pid-5705
---ebpf-pid----5705----pid-5476
---ebpf-pid----5705----pid-1
---ebpf-pid----5705----pid-5705
---ebpf-pid----5705----pid-5476
---ebpf-pid----5705----pid-1
---ebpf-pid----5705----pid-5705
---ebpf-pid----5705----pid-5476
---ebpf-pid----5705----pid-1
---ebpf-pid----5705----pid-5705
---ebpf-pid----5705----pid-5476
---ebpf-pid----5705----pid-1
---ebpf-pid----5705----pid-5705
---ebpf-pid----5705----pid-5476
---ebpf-pid----5705----pid-1
---ebpf-pid----5705----pid-5705
---ebpf-pid----5705----pid-5476
---ebpf-pid----5705----pid-1
---ebpf-pid----5705----pid-5705
---ebpf-pid----5705----pid-5476
---ebpf-pid----5705----pid-1
---ebpf-pid----5705----pid-5705
---ebpf-pid----5705----pid-5476
---ebpf-pid----5705----pid-1
---ebpf-pid----5705----pid-5705
---ebpf-pid----5705----pid-5476
---ebpf-pid----5705----pid-1
---ebpf-pid----5705----pid-5705
---ebpf-pid----5705----pid-5476
---ebpf-pid----5705----pid-1
---ebpf-pid----5705----pid-5705
---ebpf-pid----5705----pid-5476
---ebpf-pid----5705----pid-1
---ebpf-pid----5705----pid-5705
---ebpf-pid----5705----pid-5476
---ebpf-pid----5705----pid-1
---ebpf-pid----5705----pid-5705
---ebpf-pid----5705----pid-5476
---ebpf-pid----5705----pid-1
---ebpf-pid----6671----pid-6671
---ebpf-pid----6671----pid-5476
---ebpf-pid----6671----pid-1
---ebpf-pid----5705----pid-5705
---ebpf-pid----5705----pid-5476
---ebpf-pid----5705----pid-1
---ebpf-pid----5705----pid-5705
---ebpf-pid----5705----pid-5476
---ebpf-pid----5705----pid-1
---ebpf-pid----5705----pid-5705
---ebpf-pid----5705----pid-5476
---ebpf-pid----5705----pid-1
---ebpf-pid----5705----pid-5705
---ebpf-pid----5705----pid-5476
---ebpf-pid----5705----pid-1
---ebpf-pid----5705----pid-5705
---ebpf-pid----5705----pid-5476
---ebpf-pid----5705----pid-1
---ebpf-pid----5705----pid-5705
---ebpf-pid----5705----pid-5476
---ebpf-pid----5705----pid-1
---ebpf-pid----5705----pid-5705
---ebpf-pid----5705----pid-5476
---ebpf-pid----5705----pid-1
---ebpf-pid----5705----pid-5705
---ebpf-pid----5705----pid-5476
---ebpf-pid----5705----pid-1
---ebpf-pid----5705----pid-5705
---ebpf-pid----5705----pid-5476
---ebpf-pid----5705----pid-1
---ebpf-pid----5705----pid-5705
---ebpf-pid----5705----pid-5476
---ebpf-pid----5705----pid-1
---ebpf-pid----5705----pid-5705
---ebpf-pid----5705----pid-5476
---ebpf-pid----5705----pid-1
---ebpf-pid----5705----pid-5705
---ebpf-pid----5705----pid-5476
---ebpf-pid----5705----pid-1
---ebpf-pid----5705----pid-5705
---ebpf-pid----5705----pid-5476
---ebpf-pid----5705----pid-1
---ebpf-pid----5705----pid-5705
---ebpf-pid----5705----pid-5476
---ebpf-pid----5705----pid-1
---ebpf-pid----5705----pid-5705
---ebpf-pid----5705----pid-5476
---ebpf-pid----5705----pid-1
---ebpf-pid----5705----pid-5705
---ebpf-pid----5705----pid-5476
---ebpf-pid----5705----pid-1
---ebpf-pid----5705----pid-5705
---ebpf-pid----5705----pid-5476
---ebpf-pid----5705----pid-1
---ebpf-pid----5705----pid-5705
---ebpf-pid----5705----pid-5476
---ebpf-pid----5705----pid-1
---ebpf-pid----5705----pid-5705
---ebpf-pid----5705----pid-5476
---ebpf-pid----5705----pid-1
---ebpf-pid----5705----pid-5705
---ebpf-pid----5705----pid-5476
---ebpf-pid----5705----pid-1
---ebpf-pid----5705----pid-5705
---ebpf-pid----5705----pid-5476
---ebpf-pid----5705----pid-1
---ebpf-pid----5705----pid-5705
---ebpf-pid----5705----pid-5476
---ebpf-pid----5705----pid-1
---ebpf-pid----5705----pid-5705
---ebpf-pid----5705----pid-5476
---ebpf-pid----5705----pid-1
---ebpf-pid----5705----pid-5705
---ebpf-pid----5705----pid-5476
---ebpf-pid----5705----pid-1
---ebpf-pid----5705----pid-5705
---ebpf-pid----5705----pid-5476
---ebpf-pid----5705----pid-1
---ebpf-pid----5705----pid-5705
---ebpf-pid----5705----pid-5476
---ebpf-pid----5705----pid-1
---ebpf-pid----5705----pid-5705
---ebpf-pid----5705----pid-5476
---ebpf-pid----5705----pid-1
---ebpf-pid----5705----pid-5705
---ebpf-pid----5705----pid-5476
---ebpf-pid----5705----pid-1
---ebpf-pid----5705----pid-5705
---ebpf-pid----5705----pid-5476
---ebpf-pid----5705----pid-1
---ebpf-pid----5705----pid-5705
---ebpf-pid----5705----pid-5476
---ebpf-pid----5705----pid-1
---ebpf-pid----5705----pid-5705
---ebpf-pid----5705----pid-5476
---ebpf-pid----5705----pid-1
---ebpf-pid----5705----pid-5705
---ebpf-pid----5705----pid-5476
---ebpf-pid----5705----pid-1
---ebpf-pid----5705----pid-5705
---ebpf-pid----5705----pid-5476
---ebpf-pid----5705----pid-1
---ebpf-pid----5705----pid-5705
---ebpf-pid----5705----pid-5476
---ebpf-pid----5705----pid-1
---ebpf-pid----5705----pid-5705
---ebpf-pid----5705----pid-5476
---ebpf-pid----5705----pid-1
---ebpf-pid----5705----pid-5705
---ebpf-pid----5705----pid-5476
---ebpf-pid----5705----pid-1
---ebpf-pid----5705----pid-5705
---ebpf-pid----5705----pid-5476
---ebpf-pid----5705----pid-1
---ebpf-pid----5705----pid-5705
---ebpf-pid----5705----pid-5476
---ebpf-pid----5705----pid-1
---ebpf-pid----5705----pid-5705
---ebpf-pid----5705----pid-5476
---ebpf-pid----5705----pid-1
---ebpf-pid----5705----pid-5705
---ebpf-pid----5705----pid-5476
---ebpf-pid----5705----pid-1
---ebpf-pid----5705----pid-5705
---ebpf-pid----5705----pid-5476
---ebpf-pid----5705----pid-1
---ebpf-pid----5705----pid-5705
---ebpf-pid----5705----pid-5476
---ebpf-pid----5705----pid-1
---ebpf-pid----5705----pid-5705
---ebpf-pid----5705----pid-5476
---ebpf-pid----5705----pid-1
---ebpf-pid----5705----pid-5705
---ebpf-pid----5705----pid-5476
---ebpf-pid----5705----pid-1
---ebpf-pid----5705----pid-5705
---ebpf-pid----5705----pid-5476
---ebpf-pid----5705----pid-1
---ebpf-pid----5705----pid-5705
---ebpf-pid----5705----pid-5476
---ebpf-pid----5705----pid-1
---ebpf-pid----5705----pid-5705
---ebpf-pid----5705----pid-5476
---ebpf-pid----5705----pid-1
---ebpf-pid----5705----pid-5705
---ebpf-pid----5705----pid-5476
---ebpf-pid----5705----pid-1
---ebpf-pid----5705----pid-5705
---ebpf-pid----5705----pid-5476
---ebpf-pid----5705----pid-1
---ebpf-pid----5705----pid-5705
---ebpf-pid----5705----pid-5476
---ebpf-pid----5705----pid-1
---ebpf-pid----5705----pid-5705
---ebpf-pid----5705----pid-5476
---ebpf-pid----5705----pid-1
---ebpf-pid----5705----pid-5705
---ebpf-pid----5705----pid-5476
---ebpf-pid----5705----pid-1
---ebpf-pid----5705----pid-5705
---ebpf-pid----5705----pid-5476
---ebpf-pid----5705----pid-1
---ebpf-pid----5705----pid-5705
---ebpf-pid----5705----pid-5476
---ebpf-pid----5705----pid-1
---ebpf-pid----5705----pid-5705
---ebpf-pid----5705----pid-5476
---ebpf-pid----5705----pid-1
---ebpf-pid----5705----pid-5705
---ebpf-pid----5705----pid-5476
---ebpf-pid----5705----pid-1
---ebpf-pid----5705----pid-5705
---ebpf-pid----5705----pid-5476
---ebpf-pid----5705----pid-1
---ebpf-pid----5705----pid-5705
---ebpf-pid----5705----pid-5476
---ebpf-pid----5705----pid-1
---ebpf-pid----5705----pid-5705
---ebpf-pid----5705----pid-5476
---ebpf-pid----5705----pid-1
---ebpf-pid----5705----pid-5705
---ebpf-pid----5705----pid-5476
---ebpf-pid----5705----pid-1
---ebpf-pid----5705----pid-5705
---ebpf-pid----5705----pid-5476
---ebpf-pid----5705----pid-1
---ebpf-pid----5705----pid-5705
---ebpf-pid----5705----pid-5476
---ebpf-pid----5705----pid-1
---ebpf-pid----5705----pid-5705
---ebpf-pid----5705----pid-5476
---ebpf-pid----5705----pid-1
---ebpf-pid----5705----pid-5705
---ebpf-pid----5705----pid-5476
---ebpf-pid----5705----pid-1
---ebpf-pid----5705----pid-5705
---ebpf-pid----5705----pid-5476
---ebpf-pid----5705----pid-1
---ebpf-pid----5705----pid-5705
---ebpf-pid----5705----pid-5476
---ebpf-pid----5705----pid-1
---ebpf-pid----5705----pid-5705
---ebpf-pid----5705----pid-5476
---ebpf-pid----5705----pid-1
---ebpf-pid----5705----pid-5705
---ebpf-pid----5705----pid-5476
---ebpf-pid----5705----pid-1
---ebpf-pid----5705----pid-5705
---ebpf-pid----5705----pid-5476
---ebpf-pid----5705----pid-1
---ebpf-pid----5705----pid-5705
---ebpf-pid----5705----pid-5476
---ebpf-pid----5705----pid-1
---ebpf-pid----5705----pid-5705
---ebpf-pid----5705----pid-5476
---ebpf-pid----5705----pid-1
---ebpf-pid----5705----pid-5705
---ebpf-pid----5705----pid-5476
---ebpf-pid----5705----pid-1
---ebpf-pid----5705----pid-5705
---ebpf-pid----5705----pid-5476
---ebpf-pid----5705----pid-1
---ebpf-pid----5705----pid-5705
---ebpf-pid----5705----pid-5476
---ebpf-pid----5705----pid-1
---ebpf-pid----5705----pid-5705
---ebpf-pid----5705----pid-5476
---ebpf-pid----5705----pid-1
---ebpf-pid----5705----pid-5705
---ebpf-pid----5705----pid-5476
---ebpf-pid----5705----pid-1
---ebpf-pid----5705----pid-5705
---ebpf-pid----5705----pid-5476
---ebpf-pid----5705----pid-1
---ebpf-pid----5705----pid-5705
---ebpf-pid----5705----pid-5476
---ebpf-pid----5705----pid-1
---ebpf-pid----5705----pid-5705
---ebpf-pid----5705----pid-5476
---ebpf-pid----5705----pid-1
---ebpf-pid----5705----pid-5705
---ebpf-pid----5705----pid-5476
---ebpf-pid----5705----pid-1
---ebpf-pid----5705----pid-5705
---ebpf-pid----5705----pid-5476
---ebpf-pid----5705----pid-1
---ebpf-pid----5705----pid-5705
---ebpf-pid----5705----pid-5476
---ebpf-pid----5705----pid-1
---ebpf-pid----5705----pid-5705
---ebpf-pid----5705----pid-5476
---ebpf-pid----5705----pid-1
---ebpf-pid----5705----pid-5705
---ebpf-pid----5705----pid-5476
---ebpf-pid----5705----pid-1
---ebpf-pid----5705----pid-5705
---ebpf-pid----5705----pid-5476
---ebpf-pid----5705----pid-1
---ebpf-pid----5705----pid-5705
---ebpf-pid----5705----pid-5476
---ebpf-pid----5705----pid-1
---ebpf-pid----5705----pid-5705
---ebpf-pid----5705----pid-5476
---ebpf-pid----5705----pid-1
---ebpf-pid----5705----pid-5705
---ebpf-pid----5705----pid-5476
---ebpf-pid----5705----pid-1
---ebpf-pid----5705----pid-5705
---ebpf-pid----5705----pid-5476
---ebpf-pid----5705----pid-1
---ebpf-pid----5705----pid-5705
---ebpf-pid----5705----pid-5476
---ebpf-pid----5705----pid-1
---ebpf-pid----5705----pid-5705
---ebpf-pid----5705----pid-5476
---ebpf-pid----5705----pid-1
---ebpf-pid----5705----pid-5705
---ebpf-pid----5705----pid-5476
---ebpf-pid----5705----pid-1
---ebpf-pid----5705----pid-5705
---ebpf-pid----5705----pid-5476
---ebpf-pid----5705----pid-1
---ebpf-pid----5705----pid-5705
---ebpf-pid----5705----pid-5476
---ebpf-pid----5705----pid-1
---ebpf-pid----5705----pid-5705
---ebpf-pid----5705----pid-5476
---ebpf-pid----5705----pid-1
---ebpf-pid----5705----pid-5705
---ebpf-pid----5705----pid-5476
---ebpf-pid----5705----pid-1
---ebpf-pid----5705----pid-5705
---ebpf-pid----5705----pid-5476
---ebpf-pid----5705----pid-1
---ebpf-pid----5705----pid-5705
---ebpf-pid----5705----pid-5476
---ebpf-pid----5705----pid-1
---ebpf-pid----5705----pid-5705
---ebpf-pid----5705----pid-5476
---ebpf-pid----5705----pid-1
---ebpf-pid----5705----pid-5705
---ebpf-pid----5705----pid-5476
---ebpf-pid----5705----pid-1
---ebpf-pid----5705----pid-5705
---ebpf-pid----5705----pid-5476
---ebpf-pid----5705----pid-1
---ebpf-pid----5705----pid-5705
---ebpf-pid----5705----pid-5476
---ebpf-pid----5705----pid-1
---ebpf-pid----5705----pid-5705
---ebpf-pid----5705----pid-5476
---ebpf-pid----5705----pid-1
---ebpf-pid----5705----pid-5705
---ebpf-pid----5705----pid-5476
---ebpf-pid----5705----pid-1
---ebpf-pid----5705----pid-5705
---ebpf-pid----5705----pid-5476
---ebpf-pid----5705----pid-1
---ebpf-pid----5705----pid-5705
---ebpf-pid----5705----pid-5476
---ebpf-pid----5705----pid-1
---ebpf-pid----5705----pid-5705
---ebpf-pid----5705----pid-5476
---ebpf-pid----5705----pid-1
---ebpf-pid----5705----pid-5705
---ebpf-pid----5705----pid-5476
---ebpf-pid----5705----pid-1
---ebpf-pid----5705----pid-5705
---ebpf-pid----5705----pid-5476
---ebpf-pid----5705----pid-1
---ebpf-pid----5705----pid-5705
---ebpf-pid----5705----pid-5476
---ebpf-pid----5705----pid-1
---ebpf-pid----5705----pid-5705
---ebpf-pid----5705----pid-5476
---ebpf-pid----5705----pid-1
---ebpf-pid----5705----pid-5705
---ebpf-pid----5705----pid-5476
---ebpf-pid----5705----pid-1
---ebpf-pid----5705----pid-5705
---ebpf-pid----5705----pid-5476
---ebpf-pid----5705----pid-1
---ebpf-pid----5705----pid-5705
---ebpf-pid----5705----pid-5476
---ebpf-pid----5705----pid-1
---ebpf-pid----5705----pid-5705
---ebpf-pid----5705----pid-5476
---ebpf-pid----5705----pid-1
---ebpf-pid----5705----pid-5705
---ebpf-pid----5705----pid-5476
---ebpf-pid----5705----pid-1
---ebpf-pid----5705----pid-5705
---ebpf-pid----5705----pid-5476
---ebpf-pid----5705----pid-1
---ebpf-pid----5705----pid-5705
---ebpf-pid----5705----pid-5476
---ebpf-pid----5705----pid-1
---ebpf-pid----5705----pid-5705
---ebpf-pid----5705----pid-5476
---ebpf-pid----5705----pid-1
---ebpf-pid----5705----pid-5705
---ebpf-pid----5705----pid-5476
---ebpf-pid----5705----pid-1
---ebpf-pid----5705----pid-5705
---ebpf-pid----5705----pid-5476
---ebpf-pid----5705----pid-1
---ebpf-pid----5705----pid-5705
---ebpf-pid----5705----pid-5476
---ebpf-pid----5705----pid-1
---ebpf-pid----5705----pid-5705
---ebpf-pid----5705----pid-5476
---ebpf-pid----5705----pid-1
---ebpf-pid----5705----pid-5705
---ebpf-pid----5705----pid-5476
---ebpf-pid----5705----pid-1
---ebpf-pid----5705----pid-5705
---ebpf-pid----5705----pid-5476
---ebpf-pid----5705----pid-1
---ebpf-pid----5705----pid-5705
---ebpf-pid----5705----pid-5476
---ebpf-pid----5705----pid-1
---ebpf-pid----5705----pid-5705
---ebpf-pid----5705----pid-5476
---ebpf-pid----5705----pid-1
---ebpf-pid----5705----pid-5705
---ebpf-pid----5705----pid-5476
---ebpf-pid----5705----pid-1
---ebpf-pid----5705----pid-5705
---ebpf-pid----5705----pid-5476
---ebpf-pid----5705----pid-1
---ebpf-pid----5705----pid-5705
---ebpf-pid----5705----pid-5476
---ebpf-pid----5705----pid-1
---ebpf-pid----5705----pid-5705
---ebpf-pid----5705----pid-5476
---ebpf-pid----5705----pid-1
---ebpf-pid----5705----pid-5705
---ebpf-pid----5705----pid-5476
---ebpf-pid----5705----pid-1
---ebpf-pid----5705----pid-5705
---ebpf-pid----5705----pid-5476
---ebpf-pid----5705----pid-1
---ebpf-pid----5705----pid-5705
---ebpf-pid----5705----pid-5476
---ebpf-pid----5705----pid-1
---ebpf-pid----5705----pid-5705
---ebpf-pid----5705----pid-5476
---ebpf-pid----5705----pid-1
---ebpf-pid----5705----pid-5705
---ebpf-pid----5705----pid-5476
---ebpf-pid----5705----pid-1
---ebpf-pid----5705----pid-5705
---ebpf-pid----5705----pid-5476
---ebpf-pid----5705----pid-1
---ebpf-pid----5705----pid-5705
---ebpf-pid----5705----pid-5476
---ebpf-pid----5705----pid-1
---ebpf-pid----5705----pid-5705
---ebpf-pid----5705----pid-5476
---ebpf-pid----5705----pid-1
---ebpf-pid----5705----pid-5705
---ebpf-pid----5705----pid-5476
---ebpf-pid----5705----pid-1
---ebpf-pid----5705----pid-5705
---ebpf-pid----5705----pid-5476
---ebpf-pid----5705----pid-1
---ebpf-pid----5705----pid-5705
---ebpf-pid----5705----pid-5476
---ebpf-pid----5705----pid-1
---ebpf-pid----5705----pid-5705
---ebpf-pid----5705----pid-5476
---ebpf-pid----5705----pid-1
---ebpf-pid----5705----pid-5705
---ebpf-pid----5705----pid-5476
---ebpf-pid----5705----pid-1
---ebpf-pid----5705----pid-5705
---ebpf-pid----5705----pid-5476
---ebpf-pid----5705----pid-1
---ebpf-pid----5705----pid-5705
---ebpf-pid----5705----pid-5476
---ebpf-pid----5705----pid-1
---ebpf-pid----5705----pid-5705
---ebpf-pid----5705----pid-5476
---ebpf-pid----5705----pid-1
---ebpf-pid----5705----pid-5705
---ebpf-pid----5705----pid-5476
---ebpf-pid----5705----pid-1
---ebpf-pid----5705----pid-5705
---ebpf-pid----5705----pid-5476
---ebpf-pid----5705----pid-1
---ebpf-pid----5705----pid-5705
---ebpf-pid----5705----pid-5476
---ebpf-pid----5705----pid-1
---ebpf-pid----5705----pid-5705
---ebpf-pid----5705----pid-5476
---ebpf-pid----5705----pid-1
---ebpf-pid----5705----pid-5705
---ebpf-pid----5705----pid-5476
---ebpf-pid----5705----pid-1
---ebpf-pid----5705----pid-5705
---ebpf-pid----5705----pid-5476
---ebpf-pid----5705----pid-1
---ebpf-pid----5705----pid-5705
---ebpf-pid----5705----pid-5476
---ebpf-pid----5705----pid-1
---ebpf-pid----5705----pid-5705
---ebpf-pid----5705----pid-5476
---ebpf-pid----5705----pid-1
---ebpf-pid----5705----pid-5705
---ebpf-pid----5705----pid-5476
---ebpf-pid----5705----pid-1
---ebpf-pid----5705----pid-5705
---ebpf-pid----5705----pid-5476
---ebpf-pid----5705----pid-1
---ebpf-pid----5705----pid-5705
---ebpf-pid----5705----pid-5476
---ebpf-pid----5705----pid-1
---ebpf-pid----5705----pid-5705
---ebpf-pid----5705----pid-5476
---ebpf-pid----5705----pid-1
---ebpf-pid----5705----pid-5705
---ebpf-pid----5705----pid-5476
---ebpf-pid----5705----pid-1
---ebpf-pid----5705----pid-5705
---ebpf-pid----5705----pid-5476
---ebpf-pid----5705----pid-1
---ebpf-pid----5705----pid-5705
---ebpf-pid----5705----pid-5476
---ebpf-pid----5705----pid-1
---ebpf-pid----5705----pid-5705
---ebpf-pid----5705----pid-5476
---ebpf-pid----5705----pid-1
---ebpf-pid----5705----pid-5705
---ebpf-pid----5705----pid-5476
---ebpf-pid----5705----pid-1
---ebpf-pid----5705----pid-5705
---ebpf-pid----5705----pid-5476
---ebpf-pid----5705----pid-1
---ebpf-pid----5705----pid-5705
---ebpf-pid----5705----pid-5476
---ebpf-pid----5705----pid-1
---ebpf-pid----5705----pid-5705
---ebpf-pid----5705----pid-5476
---ebpf-pid----5705----pid-1
---ebpf-pid----5705----pid-5705
---ebpf-pid----5705----pid-5476
---ebpf-pid----5705----pid-1
---ebpf-pid----5705----pid-5705
---ebpf-pid----5705----pid-5476
---ebpf-pid----5705----pid-1
---ebpf-pid----5705----pid-5705
---ebpf-pid----5705----pid-5476
---ebpf-pid----5705----pid-1
---ebpf-pid----5707----pid-5707
---ebpf-pid----5707----pid-5476
---ebpf-pid----5707----pid-1
---ebpf-pid----5707----pid-5707
---ebpf-pid----5707----pid-5476
---ebpf-pid----5707----pid-1
---ebpf-pid----5707----pid-5707
---ebpf-pid----5707----pid-5476
---ebpf-pid----5707----pid-1
---ebpf-pid----5707----pid-5707
---ebpf-pid----5707----pid-5476
---ebpf-pid----5707----pid-1
---ebpf-pid----5707----pid-5707
---ebpf-pid----5707----pid-5476
---ebpf-pid----5707----pid-1
---ebpf-pid----5707----pid-5707
---ebpf-pid----5707----pid-5476
---ebpf-pid----5707----pid-1
---ebpf-pid----5707----pid-5707
---ebpf-pid----5707----pid-5476
---ebpf-pid----5707----pid-1
---ebpf-pid----5707----pid-5707
---ebpf-pid----5707----pid-5476
---ebpf-pid----5707----pid-1
---ebpf-pid----5707----pid-5707
---ebpf-pid----5707----pid-5476
---ebpf-pid----5707----pid-1
---ebpf-pid----6671----pid-6671
---ebpf-pid----6671----pid-5476
---ebpf-pid----6671----pid-1
---ebpf-pid----6671----pid-6671
---ebpf-pid----6671----pid-5476
---ebpf-pid----6671----pid-1
---ebpf-pid----6671----pid-6671
---ebpf-pid----6671----pid-5476
---ebpf-pid----6671----pid-1
---ebpf-pid----6671----pid-6671
---ebpf-pid----6671----pid-5476
---ebpf-pid----6671----pid-1
---ebpf-pid----6671----pid-6671
---ebpf-pid----6671----pid-5476
---ebpf-pid----6671----pid-1
---ebpf-pid----6671----pid-6671
---ebpf-pid----6671----pid-5476
---ebpf-pid----6671----pid-1
---ebpf-pid----6671----pid-6671
---ebpf-pid----6671----pid-5476
---ebpf-pid----6671----pid-1
---ebpf-pid----6671----pid-6671
---ebpf-pid----6671----pid-5476
---ebpf-pid----6671----pid-1
---ebpf-pid----6671----pid-6671
---ebpf-pid----6671----pid-5476
---ebpf-pid----6671----pid-1
---ebpf-pid----5705----pid-5705
---ebpf-pid----5705----pid-5476
---ebpf-pid----5705----pid-1
---ebpf-pid----5705----pid-5705
---ebpf-pid----5705----pid-5476
---ebpf-pid----5705----pid-1
---ebpf-pid----5705----pid-5705
---ebpf-pid----5705----pid-5476
---ebpf-pid----5705----pid-1
---ebpf-pid----5705----pid-5705
---ebpf-pid----5705----pid-5476
---ebpf-pid----5705----pid-1
---ebpf-pid----5705----pid-5705
---ebpf-pid----5705----pid-5476
---ebpf-pid----5705----pid-1
---ebpf-pid----5705----pid-5705
---ebpf-pid----5705----pid-5476
---ebpf-pid----5705----pid-1
---ebpf-pid----5705----pid-5705
---ebpf-pid----5705----pid-5476
---ebpf-pid----5705----pid-1
---ebpf-pid----5705----pid-5705
---ebpf-pid----5705----pid-5476
---ebpf-pid----5705----pid-1
---ebpf-pid----5705----pid-5705
---ebpf-pid----5705----pid-5476
---ebpf-pid----5705----pid-1
---ebpf-pid----373029----pid-373029
---ebpf-pid----373029----pid-5476
---ebpf-pid----373029----pid-1
---ebpf-pid----373029----pid-373029
---ebpf-pid----373029----pid-5476
---ebpf-pid----373029----pid-1
---ebpf-pid----373029----pid-373029
---ebpf-pid----373029----pid-5476
---ebpf-pid----373029----pid-1
---ebpf-pid----373029----pid-373029
---ebpf-pid----373029----pid-5476
---ebpf-pid----373029----pid-1
---ebpf-pid----373029----pid-373029
---ebpf-pid----373029----pid-5476
---ebpf-pid----373029----pid-1
---ebpf-pid----6671----pid-6671
---ebpf-pid----6671----pid-5476
---ebpf-pid----6671----pid-1
---ebpf-pid----6671----pid-6671
---ebpf-pid----6671----pid-5476
---ebpf-pid----6671----pid-1
---ebpf-pid----6671----pid-6671
---ebpf-pid----6671----pid-5476
---ebpf-pid----6671----pid-1
---ebpf-pid----6671----pid-6671
---ebpf-pid----6671----pid-5476
---ebpf-pid----6671----pid-1
---ebpf-pid----5705----pid-5705
---ebpf-pid----5705----pid-5476
---ebpf-pid----5705----pid-1
---ebpf-pid----5705----pid-5705
---ebpf-pid----5705----pid-5476
---ebpf-pid----5705----pid-1
---ebpf-pid----5705----pid-5705
---ebpf-pid----5705----pid-5476
---ebpf-pid----5705----pid-1
---ebpf-pid----5705----pid-5705
---ebpf-pid----5705----pid-5476
---ebpf-pid----5705----pid-1
---ebpf-pid----5705----pid-5705
---ebpf-pid----5705----pid-5476
---ebpf-pid----5705----pid-1
---ebpf-pid----5705----pid-5705
---ebpf-pid----5705----pid-5476
---ebpf-pid----5705----pid-1
---ebpf-pid----5705----pid-5705
---ebpf-pid----5705----pid-5476
---ebpf-pid----5705----pid-1
---ebpf-pid----5705----pid-5705
---ebpf-pid----5705----pid-5476
---ebpf-pid----5705----pid-1
---ebpf-pid----5705----pid-5705
---ebpf-pid----5705----pid-5476
---ebpf-pid----5705----pid-1
---ebpf-pid----2094----pid-2094
---ebpf-pid----2094----pid-1
---ebpf-pid----2094----pid-2094
---ebpf-pid----2094----pid-1
---ebpf-pid----2094----pid-2094
---ebpf-pid----2094----pid-1
---ebpf-pid----2094----pid-2094
---ebpf-pid----2094----pid-1
---ebpf-pid----2094----pid-2094
---ebpf-pid----2094----pid-1
---ebpf-pid----2094----pid-2094
---ebpf-pid----2094----pid-1
---ebpf-pid----2094----pid-2094
---ebpf-pid----2094----pid-1
---ebpf-pid----6671----pid-6671
---ebpf-pid----6671----pid-5476
---ebpf-pid----6671----pid-1
---ebpf-pid----6671----pid-6671
---ebpf-pid----6671----pid-5476
---ebpf-pid----6671----pid-1
---ebpf-pid----373029----pid-373029
---ebpf-pid----373029----pid-5476
---ebpf-pid----373029----pid-1
---ebpf-pid----373029----pid-373029
---ebpf-pid----373029----pid-5476
---ebpf-pid----373029----pid-1
---ebpf-pid----373029----pid-373029
---ebpf-pid----373029----pid-5476
---ebpf-pid----373029----pid-1
---ebpf-pid----373029----pid-373029
---ebpf-pid----373029----pid-5476
---ebpf-pid----373029----pid-1
---ebpf-pid----373029----pid-373029
---ebpf-pid----373029----pid-5476
---ebpf-pid----373029----pid-1
---ebpf-pid----373029----pid-373029
---ebpf-pid----373029----pid-5476
---ebpf-pid----373029----pid-1
---ebpf-pid----373029----pid-373029
---ebpf-pid----373029----pid-5476
---ebpf-pid----373029----pid-1
---ebpf-pid----373029----pid-373029
---ebpf-pid----373029----pid-5476
---ebpf-pid----373029----pid-1
---ebpf-pid----373029----pid-373029
---ebpf-pid----373029----pid-5476
---ebpf-pid----373029----pid-1
---ebpf-pid----372881----pid-372881
---ebpf-pid----372881----pid-1
---ebpf-pid----372881----pid-372881
---ebpf-pid----372881----pid-1
---ebpf-pid----372881----pid-372881
---ebpf-pid----372881----pid-1
---ebpf-pid----372881----pid-372881
---ebpf-pid----372881----pid-1
---ebpf-pid----372881----pid-372881
---ebpf-pid----372881----pid-1
---ebpf-pid----372881----pid-372881
---ebpf-pid----372881----pid-1
---ebpf-pid----372881----pid-372881
---ebpf-pid----372881----pid-1
---ebpf-pid----372881----pid-372881
---ebpf-pid----372881----pid-1
---ebpf-pid----372881----pid-372881
---ebpf-pid----372881----pid-1
---ebpf-pid----372881----pid-372881
---ebpf-pid----372881----pid-1
---ebpf-pid----372881----pid-372881
---ebpf-pid----372881----pid-1
---ebpf-pid----372881----pid-372881
---ebpf-pid----372881----pid-1
---ebpf-pid----5705----pid-5705
---ebpf-pid----5705----pid-5476
---ebpf-pid----5705----pid-1
---ebpf-pid----5705----pid-5705
---ebpf-pid----5705----pid-5476
---ebpf-pid----5705----pid-1
---ebpf-pid----5705----pid-5705
---ebpf-pid----5705----pid-5476
---ebpf-pid----5705----pid-1
---ebpf-pid----5705----pid-5705
---ebpf-pid----5705----pid-5476
---ebpf-pid----5705----pid-1
---ebpf-pid----5705----pid-5705
---ebpf-pid----5705----pid-5476
---ebpf-pid----5705----pid-1
---ebpf-pid----5705----pid-5705
---ebpf-pid----5705----pid-5476
---ebpf-pid----5705----pid-1
---ebpf-pid----379067----pid-379067
---ebpf-pid----379067----pid-5476
---ebpf-pid----379067----pid-1
---ebpf-pid----379067----pid-379067
---ebpf-pid----379067----pid-5476
---ebpf-pid----379067----pid-1
---ebpf-pid----379067----pid-379067
---ebpf-pid----379067----pid-5476
---ebpf-pid----379067----pid-1
---ebpf-pid----379067----pid-379067
---ebpf-pid----379067----pid-5476
---ebpf-pid----379067----pid-1
---ebpf-pid----379067----pid-379067
---ebpf-pid----379067----pid-5476
---ebpf-pid----379067----pid-1
---ebpf-pid----379067----pid-379067
---ebpf-pid----379067----pid-5476
---ebpf-pid----379067----pid-1
---ebpf-pid----379067----pid-379067
---ebpf-pid----379067----pid-5476
---ebpf-pid----379067----pid-1
---ebpf-pid----379067----pid-379067
---ebpf-pid----379067----pid-5476
---ebpf-pid----379067----pid-1
---ebpf-pid----379067----pid-379067
---ebpf-pid----379067----pid-5476
---ebpf-pid----379067----pid-1
---ebpf-pid----379067----pid-379067
---ebpf-pid----379067----pid-5476
---ebpf-pid----379067----pid-1
---ebpf-pid----379067----pid-379067
---ebpf-pid----379067----pid-5476
---ebpf-pid----379067----pid-1
---ebpf-pid----379067----pid-379067
---ebpf-pid----379067----pid-5476
---ebpf-pid----379067----pid-1
---ebpf-pid----5707----pid-5707
---ebpf-pid----5707----pid-5476
---ebpf-pid----5707----pid-1
---ebpf-pid----5707----pid-5707
---ebpf-pid----5707----pid-5476
---ebpf-pid----5707----pid-1
---ebpf-pid----5707----pid-5707
---ebpf-pid----5707----pid-5476
---ebpf-pid----5707----pid-1
---ebpf-pid----5707----pid-5707
---ebpf-pid----5707----pid-5476
---ebpf-pid----5707----pid-1
---ebpf-pid----5707----pid-5707
---ebpf-pid----5707----pid-5476
---ebpf-pid----5707----pid-1
---ebpf-pid----5707----pid-5707
---ebpf-pid----5707----pid-5476
---ebpf-pid----5707----pid-1
---ebpf-pid----2089----pid-2089
---ebpf-pid----2089----pid-1
---ebpf-pid----2089----pid-2089
---ebpf-pid----2089----pid-1
---ebpf-pid----2089----pid-2089
---ebpf-pid----2089----pid-1
---ebpf-pid----2089----pid-2089
---ebpf-pid----2089----pid-1
---ebpf-pid----2089----pid-2089
---ebpf-pid----2089----pid-1
---ebpf-pid----2089----pid-2089
---ebpf-pid----2089----pid-1
---ebpf-pid----2089----pid-2089
---ebpf-pid----2089----pid-1
---ebpf-pid----2089----pid-2089
---ebpf-pid----2089----pid-1
---ebpf-pid----2089----pid-2089
---ebpf-pid----2089----pid-1
---ebpf-pid----5707----pid-5707
---ebpf-pid----5707----pid-5476
---ebpf-pid----5707----pid-1
---ebpf-pid----5707----pid-5707
---ebpf-pid----5707----pid-5476
---ebpf-pid----5707----pid-1
---ebpf-pid----5707----pid-5707
---ebpf-pid----5707----pid-5476
---ebpf-pid----5707----pid-1
---ebpf-pid----5707----pid-5707
---ebpf-pid----5707----pid-5476
---ebpf-pid----5707----pid-1
---ebpf-pid----5707----pid-5707
---ebpf-pid----5707----pid-5476
---ebpf-pid----5707----pid-1
---ebpf-pid----5707----pid-5707
---ebpf-pid----5707----pid-5476
---ebpf-pid----5707----pid-1
---ebpf-pid----5707----pid-5707
---ebpf-pid----5707----pid-5476
---ebpf-pid----5707----pid-1
---ebpf-pid----5707----pid-5707
---ebpf-pid----5707----pid-5476
---ebpf-pid----5707----pid-1
---ebpf-pid----5707----pid-5707
---ebpf-pid----5707----pid-5476
---ebpf-pid----5707----pid-1
---ebpf-pid----6671----pid-6671
---ebpf-pid----6671----pid-5476
---ebpf-pid----6671----pid-1
---ebpf-pid----6671----pid-6671
---ebpf-pid----6671----pid-5476
---ebpf-pid----6671----pid-1
---ebpf-pid----6671----pid-6671
---ebpf-pid----6671----pid-5476
---ebpf-pid----6671----pid-1
---ebpf-pid----6671----pid-6671
---ebpf-pid----6671----pid-5476
---ebpf-pid----6671----pid-1
---ebpf-pid----6671----pid-6671
---ebpf-pid----6671----pid-5476
---ebpf-pid----6671----pid-1
---ebpf-pid----6671----pid-6671
---ebpf-pid----6671----pid-5476
---ebpf-pid----6671----pid-1
---ebpf-pid----6671----pid-6671
---ebpf-pid----6671----pid-5476
---ebpf-pid----6671----pid-1
---ebpf-pid----6671----pid-6671
---ebpf-pid----6671----pid-5476
---ebpf-pid----6671----pid-1
---ebpf-pid----6671----pid-6671
---ebpf-pid----6671----pid-5476
---ebpf-pid----6671----pid-1
---ebpf-pid----448522----pid-448522
---ebpf-pid----448522----pid-1
---ebpf-pid----373029----pid-373029
---ebpf-pid----373029----pid-5476
---ebpf-pid----373029----pid-1
---ebpf-pid----379067----pid-379067
---ebpf-pid----379067----pid-5476
---ebpf-pid----379067----pid-1
---ebpf-pid----7313----pid-7313
---ebpf-pid----7313----pid-1
---ebpf-pid----7312----pid-7312
---ebpf-pid----7312----pid-1
---ebpf-pid----379067----pid-379067
---ebpf-pid----379067----pid-5476
---ebpf-pid----379067----pid-1
---ebpf-pid----379067----pid-379067
---ebpf-pid----379067----pid-5476
---ebpf-pid----379067----pid-1
---ebpf-pid----379067----pid-379067
---ebpf-pid----379067----pid-5476
---ebpf-pid----379067----pid-1
---ebpf-pid----379067----pid-379067
Failed to get process information for PID 0
---ebpf-pid----379067----pid-5476
---ebpf-pid----379067----pid-1
---ebpf-pid----379067----pid-379067
---ebpf-pid----379067----pid-5476
---ebpf-pid----379067----pid-1
---ebpf-pid----379067----pid-379067
---ebpf-pid----379067----pid-5476
---ebpf-pid----379067----pid-1
---ebpf-pid----7312----pid-7312
---ebpf-pid----7312----pid-1
---ebpf-pid----379067----pid-379067
---ebpf-pid----379067----pid-5476
---ebpf-pid----379067----pid-1
---ebpf-pid----379067----pid-379067
---ebpf-pid----379067----pid-5476
---ebpf-pid----379067----pid-1
---ebpf-pid----7313----pid-7313
---ebpf-pid----7313----pid-1
---ebpf-pid----5638----pid-5638
---ebpf-pid----5638----pid-1
---ebpf-pid----5638----pid-5638
---ebpf-pid----5638----pid-1
---ebpf-pid----379067----pid-379067
---ebpf-pid----379067----pid-5476
---ebpf-pid----379067----pid-1
---ebpf-pid----379067----pid-379067
---ebpf-pid----379067----pid-5476
---ebpf-pid----379067----pid-1
---ebpf-pid----7313----pid-7313
---ebpf-pid----7313----pid-1
---ebpf-pid----7313----pid-7313
---ebpf-pid----7313----pid-1
---ebpf-pid----372881----pid-372881
---ebpf-pid----372881----pid-1
---ebpf-pid----372881----pid-372881
---ebpf-pid----372881----pid-1
---ebpf-pid----372881----pid-372881
---ebpf-pid----372881----pid-1
---ebpf-pid----7312----pid-7312
---ebpf-pid----7312----pid-1
---ebpf-pid----372881----pid-372881
---ebpf-pid----372881----pid-1
---ebpf-pid----372881----pid-372881
---ebpf-pid----372881----pid-1
---ebpf-pid----372881----pid-372881
---ebpf-pid----372881----pid-1
---ebpf-pid----372881----pid-372881
---ebpf-pid----372881----pid-1
---ebpf-pid----372881----pid-372881
---ebpf-pid----372881----pid-1
---ebpf-pid----372881----pid-372881
---ebpf-pid----372881----pid-1
---ebpf-pid----372881----pid-372881
---ebpf-pid----372881----pid-1
---ebpf-pid----5638----pid-5638
---ebpf-pid----5638----pid-1
---ebpf-pid----372881----pid-372881
---ebpf-pid----372881----pid-1
---ebpf-pid----372881----pid-372881
---ebpf-pid----372881----pid-1
---ebpf-pid----372881----pid-372881
---ebpf-pid----372881----pid-1
---ebpf-pid----372881----pid-372881
---ebpf-pid----372881----pid-1
---ebpf-pid----372881----pid-372881
---ebpf-pid----372881----pid-1
---ebpf-pid----372881----pid-372881
---ebpf-pid----372881----pid-1
---ebpf-pid----372881----pid-372881
---ebpf-pid----372881----pid-1
---ebpf-pid----372881----pid-372881
---ebpf-pid----372881----pid-1
---ebpf-pid----372881----pid-372881
---ebpf-pid----372881----pid-1
---ebpf-pid----372881----pid-372881
---ebpf-pid----372881----pid-1
---ebpf-pid----372881----pid-372881
---ebpf-pid----372881----pid-1
---ebpf-pid----372881----pid-372881
---ebpf-pid----372881----pid-1
---ebpf-pid----372881----pid-372881
---ebpf-pid----372881----pid-1
---ebpf-pid----372881----pid-372881
---ebpf-pid----372881----pid-1
---ebpf-pid----372881----pid-372881
---ebpf-pid----372881----pid-1
---ebpf-pid----372881----pid-372881
---ebpf-pid----372881----pid-1
---ebpf-pid----372881----pid-372881
---ebpf-pid----372881----pid-1
---ebpf-pid----372881----pid-372881
---ebpf-pid----372881----pid-1
---ebpf-pid----372881----pid-372881
---ebpf-pid----372881----pid-1
---ebpf-pid----372881----pid-372881
---ebpf-pid----372881----pid-1
---ebpf-pid----372881----pid-372881
Failed to get process information for PID 0
---ebpf-pid----372881----pid-1
---ebpf-pid----372881----pid-372881
---ebpf-pid----372881----pid-1
---ebpf-pid----372881----pid-372881
---ebpf-pid----372881----pid-1
---ebpf-pid----372881----pid-372881
---ebpf-pid----372881----pid-1
---ebpf-pid----372881----pid-372881
---ebpf-pid----372881----pid-1
---ebpf-pid----372881----pid-372881
---ebpf-pid----372881----pid-1
---ebpf-pid----5638----pid-5638
---ebpf-pid----5638----pid-1
---ebpf-pid----5638----pid-5638
---ebpf-pid----5638----pid-1
---ebpf-pid----448522----pid-448522
---ebpf-pid----448522----pid-1
---ebpf-pid----448522----pid-448522
---ebpf-pid----448522----pid-1
---ebpf-pid----7312----pid-7312
---ebpf-pid----7312----pid-1
---ebpf-pid----2029----pid-2029
---ebpf-pid----2029----pid-1
---ebpf-pid----2029----pid-2029
---ebpf-pid----2029----pid-1
---ebpf-pid----2029----pid-2029
---ebpf-pid----2029----pid-1
---ebpf-pid----2029----pid-2029
---ebpf-pid----2029----pid-1
---ebpf-pid----2029----pid-2029
---ebpf-pid----2029----pid-1
---ebpf-pid----2029----pid-2029
---ebpf-pid----2029----pid-1
---ebpf-pid----2029----pid-2029
---ebpf-pid----2029----pid-1
---ebpf-pid----2029----pid-2029
---ebpf-pid----2029----pid-1
---ebpf-pid----2029----pid-2029
---ebpf-pid----2029----pid-1
---ebpf-pid----2029----pid-2029
---ebpf-pid----2029----pid-1
---ebpf-pid----2029----pid-2029
---ebpf-pid----2029----pid-1
---ebpf-pid----2029----pid-2029
---ebpf-pid----2029----pid-1
---ebpf-pid----2029----pid-2029
---ebpf-pid----2029----pid-1
---ebpf-pid----2029----pid-2029
---ebpf-pid----2029----pid-1
---ebpf-pid----2029----pid-2029
---ebpf-pid----2029----pid-1
---ebpf-pid----2029----pid-2029
---ebpf-pid----2029----pid-1
---ebpf-pid----2029----pid-2029
---ebpf-pid----2029----pid-1
---ebpf-pid----2029----pid-2029
---ebpf-pid----2029----pid-1
---ebpf-pid----2029----pid-2029
---ebpf-pid----2029----pid-1
---ebpf-pid----2029----pid-2029
---ebpf-pid----2029----pid-1
---ebpf-pid----2029----pid-2029
---ebpf-pid----2029----pid-1
---ebpf-pid----2029----pid-2029
---ebpf-pid----2029----pid-1
---ebpf-pid----2029----pid-2029
---ebpf-pid----2029----pid-1
---ebpf-pid----2029----pid-2029
---ebpf-pid----2029----pid-1
---ebpf-pid----294----pid-294
---ebpf-pid----294----pid-2
---ebpf-pid----294----pid-294
---ebpf-pid----294----pid-2
---ebpf-pid----379067----pid-379067
---ebpf-pid----379067----pid-5476
---ebpf-pid----379067----pid-1
---ebpf-pid----379067----pid-379067
---ebpf-pid----379067----pid-5476
---ebpf-pid----379067----pid-1
---ebpf-pid----379067----pid-379067
---ebpf-pid----379067----pid-5476
---ebpf-pid----379067----pid-1
---ebpf-pid----379067----pid-379067
---ebpf-pid----379067----pid-5476
---ebpf-pid----379067----pid-1
---ebpf-pid----2029----pid-2029
---ebpf-pid----2029----pid-1
---ebpf-pid----2029----pid-2029
---ebpf-pid----2029----pid-1
---ebpf-pid----2029----pid-2029
---ebpf-pid----2029----pid-1
---ebpf-pid----6671----pid-6671
---ebpf-pid----6671----pid-5476
---ebpf-pid----6671----pid-1
---ebpf-pid----6671----pid-6671
---ebpf-pid----6671----pid-5476
---ebpf-pid----6671----pid-1
---ebpf-pid----6671----pid-6671
---ebpf-pid----6671----pid-5476
---ebpf-pid----6671----pid-1
---ebpf-pid----6671----pid-6671
---ebpf-pid----6671----pid-5476
---ebpf-pid----6671----pid-1
---ebpf-pid----6671----pid-6671
---ebpf-pid----6671----pid-5476
---ebpf-pid----6671----pid-1
---ebpf-pid----6671----pid-6671
---ebpf-pid----6671----pid-5476
---ebpf-pid----6671----pid-1
---ebpf-pid----6671----pid-6671
---ebpf-pid----6671----pid-5476
---ebpf-pid----6671----pid-1
---ebpf-pid----6671----pid-6671
---ebpf-pid----6671----pid-5476
---ebpf-pid----6671----pid-1
---ebpf-pid----6671----pid-6671
---ebpf-pid----6671----pid-5476
---ebpf-pid----6671----pid-1
---ebpf-pid----373029----pid-373029
---ebpf-pid----373029----pid-5476
---ebpf-pid----373029----pid-1
---ebpf-pid----373029----pid-373029
---ebpf-pid----373029----pid-5476
---ebpf-pid----373029----pid-1
---ebpf-pid----373029----pid-373029
---ebpf-pid----373029----pid-5476
---ebpf-pid----373029----pid-1
---ebpf-pid----373029----pid-373029
---ebpf-pid----373029----pid-5476
---ebpf-pid----373029----pid-1
---ebpf-pid----373029----pid-373029
---ebpf-pid----373029----pid-5476
---ebpf-pid----373029----pid-1
---ebpf-pid----373029----pid-373029
---ebpf-pid----373029----pid-5476
---ebpf-pid----373029----pid-1
---ebpf-pid----6671----pid-6671
---ebpf-pid----6671----pid-5476
---ebpf-pid----6671----pid-1
---ebpf-pid----7313----pid-7313
---ebpf-pid----7313----pid-1
---ebpf-pid----373029----pid-373029
---ebpf-pid----373029----pid-5476
---ebpf-pid----373029----pid-1
---ebpf-pid----373029----pid-373029
---ebpf-pid----373029----pid-5476
---ebpf-pid----373029----pid-1
---ebpf-pid----373029----pid-373029
---ebpf-pid----373029----pid-5476
---ebpf-pid----373029----pid-1
---ebpf-pid----373029----pid-373029
---ebpf-pid----373029----pid-5476
---ebpf-pid----373029----pid-1
---ebpf-pid----373029----pid-373029
---ebpf-pid----373029----pid-5476
---ebpf-pid----373029----pid-1
---ebpf-pid----373029----pid-373029
---ebpf-pid----373029----pid-5476
---ebpf-pid----373029----pid-1
---ebpf-pid----373029----pid-373029
---ebpf-pid----373029----pid-5476
---ebpf-pid----373029----pid-1
---ebpf-pid----373029----pid-373029
---ebpf-pid----373029----pid-5476
---ebpf-pid----373029----pid-1
---ebpf-pid----373029----pid-373029
---ebpf-pid----373029----pid-5476
---ebpf-pid----373029----pid-1
---ebpf-pid----373029----pid-373029
---ebpf-pid----373029----pid-5476
---ebpf-pid----373029----pid-1
---ebpf-pid----379067----pid-379067
---ebpf-pid----379067----pid-5476
---ebpf-pid----379067----pid-1
---ebpf-pid----379067----pid-379067
---ebpf-pid----379067----pid-5476
---ebpf-pid----379067----pid-1
---ebpf-pid----379067----pid-379067
---ebpf-pid----379067----pid-5476
---ebpf-pid----379067----pid-1
---ebpf-pid----2029----pid-2029
---ebpf-pid----2029----pid-1
---ebpf-pid----379067----pid-379067
---ebpf-pid----379067----pid-5476
---ebpf-pid----379067----pid-1
---ebpf-pid----379067----pid-379067
---ebpf-pid----379067----pid-5476
---ebpf-pid----379067----pid-1
---ebpf-pid----379067----pid-379067
---ebpf-pid----379067----pid-5476
---ebpf-pid----379067----pid-1
---ebpf-pid----379067----pid-379067
---ebpf-pid----379067----pid-5476
---ebpf-pid----379067----pid-1
---ebpf-pid----379067----pid-379067
---ebpf-pid----379067----pid-5476
---ebpf-pid----379067----pid-1
---ebpf-pid----379067----pid-379067
---ebpf-pid----379067----pid-5476
---ebpf-pid----379067----pid-1
---ebpf-pid----379067----pid-379067
---ebpf-pid----379067----pid-5476
---ebpf-pid----379067----pid-1
---ebpf-pid----6671----pid-6671
---ebpf-pid----6671----pid-5476
---ebpf-pid----6671----pid-1
---ebpf-pid----2029----pid-2029
---ebpf-pid----2029----pid-1
---ebpf-pid----6671----pid-6671
---ebpf-pid----6671----pid-5476
---ebpf-pid----6671----pid-1
---ebpf-pid----6671----pid-6671
---ebpf-pid----6671----pid-5476
---ebpf-pid----6671----pid-1
---ebpf-pid----6671----pid-6671
---ebpf-pid----6671----pid-5476
---ebpf-pid----6671----pid-1
---ebpf-pid----2089----pid-2089
---ebpf-pid----2089----pid-1
---ebpf-pid----2089----pid-2089
---ebpf-pid----2089----pid-1
---ebpf-pid----2089----pid-2089
---ebpf-pid----2089----pid-1
---ebpf-pid----2089----pid-2089
---ebpf-pid----2089----pid-1
---ebpf-pid----2089----pid-2089
---ebpf-pid----2089----pid-1
---ebpf-pid----2089----pid-2089
---ebpf-pid----2089----pid-1
---ebpf-pid----2089----pid-2089
---ebpf-pid----2089----pid-1
---ebpf-pid----2089----pid-2089
---ebpf-pid----2089----pid-1
---ebpf-pid----2089----pid-2089
---ebpf-pid----2089----pid-1
---ebpf-pid----2089----pid-2089
---ebpf-pid----2089----pid-1
---ebpf-pid----2089----pid-2089
---ebpf-pid----2089----pid-1
---ebpf-pid----2089----pid-2089
---ebpf-pid----2089----pid-1
---ebpf-pid----2089----pid-2089
---ebpf-pid----2089----pid-1
---ebpf-pid----2089----pid-2089
---ebpf-pid----2089----pid-1
---ebpf-pid----2089----pid-2089
---ebpf-pid----2089----pid-1
---ebpf-pid----2089----pid-2089
---ebpf-pid----2089----pid-1
---ebpf-pid----2089----pid-2089
---ebpf-pid----2089----pid-1
---ebpf-pid----379067----pid-379067
---ebpf-pid----379067----pid-5476
---ebpf-pid----379067----pid-1
---ebpf-pid----372881----pid-372881
---ebpf-pid----372881----pid-1
---ebpf-pid----372881----pid-372881
Failed to get process information for PID 0
Failed to get process information for PID 0
---ebpf-pid----372881----pid-1
---ebpf-pid----372881----pid-372881
---ebpf-pid----372881----pid-1
---ebpf-pid----372881----pid-372881
---ebpf-pid----372881----pid-1
---ebpf-pid----372881----pid-372881
---ebpf-pid----372881----pid-1
---ebpf-pid----372881----pid-372881
---ebpf-pid----372881----pid-1
---ebpf-pid----372881----pid-372881
---ebpf-pid----372881----pid-1
---ebpf-pid----372881----pid-372881
---ebpf-pid----372881----pid-1
---ebpf-pid----372881----pid-372881
---ebpf-pid----372881----pid-1
---ebpf-pid----6671----pid-6671
---ebpf-pid----6671----pid-5476
---ebpf-pid----6671----pid-1
---ebpf-pid----6671----pid-6671
---ebpf-pid----6671----pid-5476
---ebpf-pid----6671----pid-1
---ebpf-pid----6671----pid-6671
---ebpf-pid----6671----pid-5476
---ebpf-pid----6671----pid-1
---ebpf-pid----6671----pid-6671
---ebpf-pid----6671----pid-5476
---ebpf-pid----6671----pid-1
---ebpf-pid----6671----pid-6671
---ebpf-pid----6671----pid-5476
---ebpf-pid----6671----pid-1
---ebpf-pid----6671----pid-6671
---ebpf-pid----6671----pid-5476
---ebpf-pid----6671----pid-1
---ebpf-pid----6671----pid-6671
---ebpf-pid----6671----pid-5476
---ebpf-pid----6671----pid-1
---ebpf-pid----6671----pid-6671
---ebpf-pid----6671----pid-5476
---ebpf-pid----6671----pid-1
---ebpf-pid----6671----pid-6671
---ebpf-pid----6671----pid-5476
---ebpf-pid----6671----pid-1
---ebpf-pid----2029----pid-2029
---ebpf-pid----2029----pid-1
---ebpf-pid----2029----pid-2029
---ebpf-pid----2029----pid-1
---ebpf-pid----2029----pid-2029
---ebpf-pid----2029----pid-1
---ebpf-pid----2029----pid-2029
---ebpf-pid----2029----pid-1
---ebpf-pid----2029----pid-2029
---ebpf-pid----2029----pid-1
---ebpf-pid----2029----pid-2029
---ebpf-pid----2029----pid-1
---ebpf-pid----2029----pid-2029
---ebpf-pid----2029----pid-1
---ebpf-pid----2029----pid-2029
---ebpf-pid----2029----pid-1
---ebpf-pid----2029----pid-2029
---ebpf-pid----2029----pid-1
---ebpf-pid----2029----pid-2029
---ebpf-pid----2029----pid-1
---ebpf-pid----2029----pid-2029
---ebpf-pid----2029----pid-1
---ebpf-pid----2029----pid-2029
---ebpf-pid----2029----pid-1
---ebpf-pid----2029----pid-2029
---ebpf-pid----2029----pid-1
---ebpf-pid----2029----pid-2029
---ebpf-pid----2029----pid-1
---ebpf-pid----2029----pid-2029
---ebpf-pid----2029----pid-1
---ebpf-pid----2029----pid-2029
---ebpf-pid----2029----pid-1
---ebpf-pid----2029----pid-2029
---ebpf-pid----2029----pid-1
---ebpf-pid----2029----pid-2029
---ebpf-pid----2029----pid-1
---ebpf-pid----2029----pid-2029
---ebpf-pid----2029----pid-1
---ebpf-pid----2029----pid-2029
---ebpf-pid----2029----pid-1
---ebpf-pid----2029----pid-2029
---ebpf-pid----2029----pid-1
---ebpf-pid----75482----pid-75482
---ebpf-pid----75482----pid-1
---ebpf-pid----7438----pid-7438
---ebpf-pid----7438----pid-1
---ebpf-pid----7462----pid-7462
---ebpf-pid----7462----pid-1
---ebpf-pid----7462----pid-7462
---ebpf-pid----7462----pid-1
---ebpf-pid----75482----pid-75482
---ebpf-pid----75482----pid-1
---ebpf-pid----2029----pid-2029
---ebpf-pid----2029----pid-1
---ebpf-pid----2029----pid-2029
---ebpf-pid----2029----pid-1
---ebpf-pid----2029----pid-2029
---ebpf-pid----2029----pid-1
---ebpf-pid----2029----pid-2029
---ebpf-pid----2029----pid-1
---ebpf-pid----2029----pid-2029
---ebpf-pid----2029----pid-1
---ebpf-pid----2029----pid-2029
---ebpf-pid----2029----pid-1
---ebpf-pid----2029----pid-2029
---ebpf-pid----2029----pid-1
---ebpf-pid----2029----pid-2029
---ebpf-pid----2029----pid-1
---ebpf-pid----2029----pid-2029
---ebpf-pid----2029----pid-1
---ebpf-pid----2029----pid-2029
---ebpf-pid----2029----pid-1
---ebpf-pid----2029----pid-2029
---ebpf-pid----2029----pid-1
---ebpf-pid----2029----pid-2029
---ebpf-pid----2029----pid-1
---ebpf-pid----2029----pid-2029
---ebpf-pid----2029----pid-1
---ebpf-pid----2029----pid-2029
---ebpf-pid----2029----pid-1
---ebpf-pid----2029----pid-2029
---ebpf-pid----2029----pid-1
---ebpf-pid----2029----pid-2029
---ebpf-pid----2029----pid-1
---ebpf-pid----2029----pid-2029
---ebpf-pid----2029----pid-1
---ebpf-pid----2029----pid-2029
---ebpf-pid----2029----pid-1
---ebpf-pid----2029----pid-2029
---ebpf-pid----2029----pid-1
---ebpf-pid----2029----pid-2029
---ebpf-pid----2029----pid-1
---ebpf-pid----2029----pid-2029
---ebpf-pid----2029----pid-1
---ebpf-pid----2029----pid-2029
---ebpf-pid----2029----pid-1
---ebpf-pid----2029----pid-2029
---ebpf-pid----2029----pid-1
---ebpf-pid----2029----pid-2029
---ebpf-pid----2029----pid-1
---ebpf-pid----2029----pid-2029
---ebpf-pid----2029----pid-1
---ebpf-pid----2029----pid-2029
---ebpf-pid----2029----pid-1
---ebpf-pid----2029----pid-2029
---ebpf-pid----2029----pid-1
---ebpf-pid----2029----pid-2029
---ebpf-pid----2029----pid-1
---ebpf-pid----2029----pid-2029
---ebpf-pid----2029----pid-1
---ebpf-pid----2029----pid-2029
---ebpf-pid----2029----pid-1
---ebpf-pid----2029----pid-2029
---ebpf-pid----2029----pid-1
---ebpf-pid----2029----pid-2029
---ebpf-pid----2029----pid-1
---ebpf-pid----2029----pid-2029
---ebpf-pid----2029----pid-1
---ebpf-pid----2029----pid-2029
---ebpf-pid----2029----pid-1
---ebpf-pid----2029----pid-2029
---ebpf-pid----2029----pid-1
---ebpf-pid----2029----pid-2029
---ebpf-pid----2029----pid-1
---ebpf-pid----2029----pid-2029
---ebpf-pid----2029----pid-1
---ebpf-pid----372881----pid-372881
---ebpf-pid----372881----pid-1
---ebpf-pid----372881----pid-372881
---ebpf-pid----372881----pid-1
---ebpf-pid----372881----pid-372881
---ebpf-pid----372881----pid-1
---ebpf-pid----372881----pid-372881
---ebpf-pid----372881----pid-1
---ebpf-pid----372881----pid-372881
---ebpf-pid----372881----pid-1
---ebpf-pid----372881----pid-372881
---ebpf-pid----372881----pid-1
---ebpf-pid----372881----pid-372881
---ebpf-pid----372881----pid-1
---ebpf-pid----372881----pid-372881
---ebpf-pid----372881----pid-1
---ebpf-pid----372881----pid-372881
---ebpf-pid----372881----pid-1
---ebpf-pid----372881----pid-372881
---ebpf-pid----372881----pid-1
---ebpf-pid----372881----pid-372881
---ebpf-pid----372881----pid-1
---ebpf-pid----372881----pid-372881
---ebpf-pid----372881----pid-1
---ebpf-pid----372881----pid-372881
---ebpf-pid----372881----pid-1
---ebpf-pid----372881----pid-372881
---ebpf-pid----372881----pid-1
---ebpf-pid----372881----pid-372881
---ebpf-pid----372881----pid-1
---ebpf-pid----372881----pid-372881
---ebpf-pid----372881----pid-1
---ebpf-pid----372881----pid-372881
---ebpf-pid----372881----pid-1
---ebpf-pid----372881----pid-372881
---ebpf-pid----372881----pid-1
---ebpf-pid----372881----pid-372881
---ebpf-pid----372881----pid-1
---ebpf-pid----372881----pid-372881
---ebpf-pid----372881----pid-1
---ebpf-pid----372881----pid-372881
---ebpf-pid----372881----pid-1
---ebpf-pid----372881----pid-372881
---ebpf-pid----372881----pid-1
---ebpf-pid----372881----pid-372881
---ebpf-pid----372881----pid-1
---ebpf-pid----372881----pid-372881
---ebpf-pid----372881----pid-1
---ebpf-pid----2012----pid-2012
---ebpf-pid----2012----pid-1
---ebpf-pid----373029----pid-373029
---ebpf-pid----373029----pid-5476
---ebpf-pid----373029----pid-1
---ebpf-pid----373029----pid-373029
---ebpf-pid----373029----pid-5476
---ebpf-pid----373029----pid-1
---ebpf-pid----373029----pid-373029
---ebpf-pid----373029----pid-5476
---ebpf-pid----373029----pid-1
---ebpf-pid----373029----pid-373029
---ebpf-pid----373029----pid-5476
---ebpf-pid----373029----pid-1
---ebpf-pid----373029----pid-373029
---ebpf-pid----373029----pid-5476
---ebpf-pid----373029----pid-1
---ebpf-pid----379067----pid-379067
---ebpf-pid----379067----pid-5476
---ebpf-pid----379067----pid-1
---ebpf-pid----379067----pid-379067
---ebpf-pid----379067----pid-5476
---ebpf-pid----379067----pid-1
---ebpf-pid----379067----pid-379067
---ebpf-pid----379067----pid-5476
---ebpf-pid----379067----pid-1
---ebpf-pid----379067----pid-379067
---ebpf-pid----379067----pid-5476
---ebpf-pid----379067----pid-1
---ebpf-pid----379067----pid-379067
---ebpf-pid----379067----pid-5476
---ebpf-pid----379067----pid-1
---ebpf-pid----379067----pid-379067
---ebpf-pid----379067----pid-5476
---ebpf-pid----379067----pid-1
---ebpf-pid----379067----pid-379067
---ebpf-pid----379067----pid-5476
---ebpf-pid----379067----pid-1
---ebpf-pid----379067----pid-379067
---ebpf-pid----379067----pid-5476
---ebpf-pid----379067----pid-1
---ebpf-pid----379067----pid-379067
---ebpf-pid----379067----pid-5476
---ebpf-pid----379067----pid-1
---ebpf-pid----379067----pid-379067
---ebpf-pid----379067----pid-5476
---ebpf-pid----379067----pid-1
---ebpf-pid----379067----pid-379067
---ebpf-pid----379067----pid-5476
---ebpf-pid----379067----pid-1
---ebpf-pid----373029----pid-373029
---ebpf-pid----373029----pid-5476
---ebpf-pid----373029----pid-1
---ebpf-pid----373029----pid-373029
---ebpf-pid----373029----pid-5476
---ebpf-pid----373029----pid-1
---ebpf-pid----379067----pid-379067
---ebpf-pid----379067----pid-5476
---ebpf-pid----379067----pid-1
---ebpf-pid----379067----pid-379067
---ebpf-pid----379067----pid-5476
---ebpf-pid----379067----pid-1
---ebpf-pid----379067----pid-379067
---ebpf-pid----379067----pid-5476
---ebpf-pid----379067----pid-1
---ebpf-pid----379067----pid-379067
---ebpf-pid----379067----pid-5476
---ebpf-pid----379067----pid-1
---ebpf-pid----379067----pid-379067
---ebpf-pid----379067----pid-5476
---ebpf-pid----379067----pid-1
---ebpf-pid----6671----pid-6671
---ebpf-pid----6671----pid-5476
---ebpf-pid----6671----pid-1
---ebpf-pid----6671----pid-6671
---ebpf-pid----6671----pid-5476
---ebpf-pid----6671----pid-1
---ebpf-pid----6671----pid-6671
---ebpf-pid----6671----pid-5476
---ebpf-pid----6671----pid-1
---ebpf-pid----2094----pid-2094
---ebpf-pid----2094----pid-1
---ebpf-pid----2094----pid-2094
---ebpf-pid----2094----pid-1
---ebpf-pid----2094----pid-2094
---ebpf-pid----2094----pid-1
---ebpf-pid----2094----pid-2094
---ebpf-pid----2094----pid-1
---ebpf-pid----2094----pid-2094
---ebpf-pid----2094----pid-1
---ebpf-pid----2094----pid-2094
---ebpf-pid----2094----pid-1
---ebpf-pid----2094----pid-2094
---ebpf-pid----2094----pid-1
---ebpf-pid----2094----pid-2094
---ebpf-pid----2094----pid-1
---ebpf-pid----2094----pid-2094
---ebpf-pid----2094----pid-1
---ebpf-pid----2094----pid-2094
---ebpf-pid----2094----pid-1
---ebpf-pid----373029----pid-373029
---ebpf-pid----373029----pid-5476
---ebpf-pid----373029----pid-1
---ebpf-pid----373029----pid-373029
---ebpf-pid----373029----pid-5476
---ebpf-pid----373029----pid-1
---ebpf-pid----373029----pid-373029
---ebpf-pid----373029----pid-5476
---ebpf-pid----373029----pid-1
---ebpf-pid----373029----pid-373029
---ebpf-pid----373029----pid-5476
---ebpf-pid----373029----pid-1
---ebpf-pid----373029----pid-373029
---ebpf-pid----373029----pid-5476
---ebpf-pid----373029----pid-1
---ebpf-pid----373029----pid-373029
---ebpf-pid----373029----pid-5476
---ebpf-pid----373029----pid-1
---ebpf-pid----373029----pid-373029
---ebpf-pid----373029----pid-5476
---ebpf-pid----373029----pid-1
---ebpf-pid----373029----pid-373029
---ebpf-pid----373029----pid-5476
---ebpf-pid----373029----pid-1
---ebpf-pid----373029----pid-373029
---ebpf-pid----373029----pid-5476
---ebpf-pid----373029----pid-1
---ebpf-pid----373029----pid-373029
---ebpf-pid----373029----pid-5476
---ebpf-pid----373029----pid-1
---ebpf-pid----373029----pid-373029
---ebpf-pid----373029----pid-5476
---ebpf-pid----373029----pid-1
---ebpf-pid----373029----pid-373029
---ebpf-pid----373029----pid-5476
---ebpf-pid----373029----pid-1
---ebpf-pid----373029----pid-373029
---ebpf-pid----373029----pid-5476
---ebpf-pid----373029----pid-1
---ebpf-pid----373029----pid-373029
---ebpf-pid----373029----pid-5476
---ebpf-pid----373029----pid-1
---ebpf-pid----373029----pid-373029
---ebpf-pid----373029----pid-5476
---ebpf-pid----373029----pid-1
---ebpf-pid----373029----pid-373029
---ebpf-pid----373029----pid-5476
---ebpf-pid----373029----pid-1
---ebpf-pid----373029----pid-373029
---ebpf-pid----373029----pid-5476
---ebpf-pid----373029----pid-1
---ebpf-pid----373029----pid-373029
---ebpf-pid----373029----pid-5476
---ebpf-pid----373029----pid-1
---ebpf-pid----373029----pid-373029
---ebpf-pid----373029----pid-5476
---ebpf-pid----373029----pid-1
---ebpf-pid----373029----pid-373029
---ebpf-pid----373029----pid-5476
---ebpf-pid----373029----pid-1
---ebpf-pid----5705----pid-5705
---ebpf-pid----5705----pid-5476
---ebpf-pid----5705----pid-1
---ebpf-pid----5705----pid-5705
---ebpf-pid----5705----pid-5476
---ebpf-pid----5705----pid-1
---ebpf-pid----5705----pid-5705
---ebpf-pid----5705----pid-5476
---ebpf-pid----5705----pid-1
---ebpf-pid----5705----pid-5705
---ebpf-pid----5705----pid-5476
---ebpf-pid----5705----pid-1
---ebpf-pid----5705----pid-5705
---ebpf-pid----5705----pid-5476
---ebpf-pid----5705----pid-1
---ebpf-pid----5705----pid-5705
---ebpf-pid----5705----pid-5476
---ebpf-pid----5705----pid-1
---ebpf-pid----5705----pid-5705
---ebpf-pid----5705----pid-5476
---ebpf-pid----5705----pid-1
---ebpf-pid----5705----pid-5705
---ebpf-pid----5705----pid-5476
---ebpf-pid----5705----pid-1
---ebpf-pid----5705----pid-5705
---ebpf-pid----5705----pid-5476
---ebpf-pid----5705----pid-1
---ebpf-pid----5705----pid-5705
---ebpf-pid----5705----pid-5476
---ebpf-pid----5705----pid-1
---ebpf-pid----5705----pid-5705
---ebpf-pid----5705----pid-5476
---ebpf-pid----5705----pid-1
---ebpf-pid----5705----pid-5705
---ebpf-pid----5705----pid-5476
---ebpf-pid----5705----pid-1
---ebpf-pid----5705----pid-5705
---ebpf-pid----5705----pid-5476
---ebpf-pid----5705----pid-1
---ebpf-pid----5705----pid-5705
---ebpf-pid----5705----pid-5476
---ebpf-pid----5705----pid-1
---ebpf-pid----5705----pid-5705
---ebpf-pid----5705----pid-5476
---ebpf-pid----5705----pid-1
---ebpf-pid----5705----pid-5705
---ebpf-pid----5705----pid-5476
---ebpf-pid----5705----pid-1
---ebpf-pid----5705----pid-5705
---ebpf-pid----5705----pid-5476
---ebpf-pid----5705----pid-1
---ebpf-pid----5705----pid-5705
---ebpf-pid----5705----pid-5476
---ebpf-pid----5705----pid-1
---ebpf-pid----6671----pid-6671
Failed to get process information for PID 0
---ebpf-pid----6671----pid-5476
---ebpf-pid----6671----pid-1
---ebpf-pid----6671----pid-6671
---ebpf-pid----6671----pid-5476
---ebpf-pid----6671----pid-1
---ebpf-pid----6671----pid-6671
---ebpf-pid----6671----pid-5476
---ebpf-pid----6671----pid-1
---ebpf-pid----6671----pid-6671
---ebpf-pid----6671----pid-5476
---ebpf-pid----6671----pid-1
---ebpf-pid----2094----pid-2094
---ebpf-pid----2094----pid-1
---ebpf-pid----2094----pid-2094
---ebpf-pid----2094----pid-1
---ebpf-pid----2094----pid-2094
---ebpf-pid----2094----pid-1
---ebpf-pid----2094----pid-2094
---ebpf-pid----2094----pid-1
Failed to get process information for PID 0
---ebpf-pid----2094----pid-2094
---ebpf-pid----2094----pid-1
---ebpf-pid----2094----pid-2094
---ebpf-pid----2094----pid-1
---ebpf-pid----2094----pid-2094
---ebpf-pid----2094----pid-1
---ebpf-pid----2094----pid-2094
---ebpf-pid----2094----pid-1
---ebpf-pid----2094----pid-2094
---ebpf-pid----2094----pid-1
---ebpf-pid----2094----pid-2094
---ebpf-pid----2094----pid-1
---ebpf-pid----2094----pid-2094
---ebpf-pid----2094----pid-1
---ebpf-pid----2094----pid-2094
---ebpf-pid----2094----pid-1
---ebpf-pid----2094----pid-2094
---ebpf-pid----2094----pid-1
---ebpf-pid----2094----pid-2094
---ebpf-pid----2094----pid-1
---ebpf-pid----2094----pid-2094
---ebpf-pid----2094----pid-1
---ebpf-pid----2094----pid-2094
---ebpf-pid----2094----pid-1
---ebpf-pid----2094----pid-2094
---ebpf-pid----2094----pid-1
---ebpf-pid----2094----pid-2094
---ebpf-pid----2094----pid-1
---ebpf-pid----2094----pid-2094
---ebpf-pid----2094----pid-1
---ebpf-pid----2094----pid-2094
---ebpf-pid----2094----pid-1
---ebpf-pid----2094----pid-2094
---ebpf-pid----2094----pid-1
---ebpf-pid----2094----pid-2094
---ebpf-pid----2094----pid-1
---ebpf-pid----2094----pid-2094
---ebpf-pid----2094----pid-1
---ebpf-pid----2094----pid-2094
---ebpf-pid----2094----pid-1
---ebpf-pid----2094----pid-2094
---ebpf-pid----2094----pid-1
---ebpf-pid----2094----pid-2094
---ebpf-pid----2094----pid-1
---ebpf-pid----2094----pid-2094
---ebpf-pid----2094----pid-1
---ebpf-pid----2094----pid-2094
---ebpf-pid----2094----pid-1
---ebpf-pid----2094----pid-2094
---ebpf-pid----2094----pid-1
---ebpf-pid----2094----pid-2094
---ebpf-pid----2094----pid-1
---ebpf-pid----2094----pid-2094
---ebpf-pid----2094----pid-1
---ebpf-pid----2094----pid-2094
---ebpf-pid----2094----pid-1
---ebpf-pid----2094----pid-2094
---ebpf-pid----2094----pid-1
---ebpf-pid----2094----pid-2094
---ebpf-pid----2094----pid-1
---ebpf-pid----2094----pid-2094
---ebpf-pid----2094----pid-1
---ebpf-pid----2094----pid-2094
---ebpf-pid----2094----pid-1
---ebpf-pid----2094----pid-2094
---ebpf-pid----2094----pid-1
---ebpf-pid----2094----pid-2094
---ebpf-pid----2094----pid-1
---ebpf-pid----2094----pid-2094
---ebpf-pid----2094----pid-1
---ebpf-pid----2094----pid-2094
---ebpf-pid----2094----pid-1
---ebpf-pid----2094----pid-2094
---ebpf-pid----2094----pid-1
---ebpf-pid----2094----pid-2094
---ebpf-pid----2094----pid-1
---ebpf-pid----2094----pid-2094
---ebpf-pid----2094----pid-1
---ebpf-pid----2094----pid-2094
---ebpf-pid----2094----pid-1
---ebpf-pid----2094----pid-2094
---ebpf-pid----2094----pid-1
---ebpf-pid----2094----pid-2094
---ebpf-pid----2094----pid-1
---ebpf-pid----2094----pid-2094
---ebpf-pid----2094----pid-1
---ebpf-pid----2094----pid-2094
---ebpf-pid----2094----pid-1
---ebpf-pid----2094----pid-2094
---ebpf-pid----2094----pid-1
---ebpf-pid----2094----pid-2094
---ebpf-pid----2094----pid-1
---ebpf-pid----2094----pid-2094
---ebpf-pid----2094----pid-1
---ebpf-pid----2094----pid-2094
---ebpf-pid----2094----pid-1
---ebpf-pid----2094----pid-2094
---ebpf-pid----2094----pid-1
---ebpf-pid----2094----pid-2094
---ebpf-pid----2094----pid-1
---ebpf-pid----2094----pid-2094
---ebpf-pid----2094----pid-1
---ebpf-pid----2094----pid-2094
---ebpf-pid----2094----pid-1
---ebpf-pid----2094----pid-2094
---ebpf-pid----2094----pid-1
---ebpf-pid----372881----pid-372881
---ebpf-pid----372881----pid-1
---ebpf-pid----372881----pid-372881
---ebpf-pid----372881----pid-1
---ebpf-pid----372881----pid-372881
---ebpf-pid----372881----pid-1
---ebpf-pid----372881----pid-372881
---ebpf-pid----372881----pid-1
---ebpf-pid----372881----pid-372881
---ebpf-pid----372881----pid-1
---ebpf-pid----372881----pid-372881
---ebpf-pid----372881----pid-1
---ebpf-pid----372881----pid-372881
---ebpf-pid----372881----pid-1
---ebpf-pid----372881----pid-372881
---ebpf-pid----372881----pid-1
---ebpf-pid----372881----pid-372881
---ebpf-pid----372881----pid-1
---ebpf-pid----372881----pid-372881
---ebpf-pid----372881----pid-1
---ebpf-pid----2029----pid-2029
---ebpf-pid----2029----pid-1
---ebpf-pid----2029----pid-2029
---ebpf-pid----2029----pid-1
---ebpf-pid----448521----pid-448521
---ebpf-pid----448521----pid-1
---ebpf-pid----373029----pid-373029
---ebpf-pid----373029----pid-5476
---ebpf-pid----373029----pid-1
---ebpf-pid----373029----pid-373029
---ebpf-pid----373029----pid-5476
---ebpf-pid----373029----pid-1
---ebpf-pid----373029----pid-373029
---ebpf-pid----373029----pid-5476
---ebpf-pid----373029----pid-1
---ebpf-pid----373029----pid-373029
---ebpf-pid----373029----pid-5476
---ebpf-pid----373029----pid-1
---ebpf-pid----373029----pid-373029
---ebpf-pid----373029----pid-5476
---ebpf-pid----373029----pid-1
---ebpf-pid----373029----pid-373029
---ebpf-pid----373029----pid-5476
---ebpf-pid----373029----pid-1
---ebpf-pid----373029----pid-373029
---ebpf-pid----373029----pid-5476
---ebpf-pid----373029----pid-1
---ebpf-pid----6671----pid-6671
---ebpf-pid----6671----pid-5476
---ebpf-pid----6671----pid-1
---ebpf-pid----6671----pid-6671
---ebpf-pid----6671----pid-5476
---ebpf-pid----6671----pid-1
---ebpf-pid----6671----pid-6671
---ebpf-pid----6671----pid-5476
---ebpf-pid----6671----pid-1
---ebpf-pid----6671----pid-6671
---ebpf-pid----6671----pid-5476
---ebpf-pid----6671----pid-1
---ebpf-pid----6671----pid-6671
---ebpf-pid----6671----pid-5476
---ebpf-pid----6671----pid-1
---ebpf-pid----6671----pid-6671
---ebpf-pid----6671----pid-5476
---ebpf-pid----6671----pid-1
---ebpf-pid----6671----pid-6671
---ebpf-pid----6671----pid-5476
---ebpf-pid----6671----pid-1
---ebpf-pid----6671----pid-6671
---ebpf-pid----6671----pid-5476
---ebpf-pid----6671----pid-1
---ebpf-pid----6671----pid-6671
---ebpf-pid----6671----pid-5476
---ebpf-pid----6671----pid-1
---ebpf-pid----6671----pid-6671
---ebpf-pid----6671----pid-5476
---ebpf-pid----6671----pid-1
---ebpf-pid----5705----pid-5705
---ebpf-pid----5705----pid-5476
---ebpf-pid----5705----pid-1
---ebpf-pid----5705----pid-5705
---ebpf-pid----5705----pid-5476
---ebpf-pid----5705----pid-1
---ebpf-pid----5705----pid-5705
---ebpf-pid----5705----pid-5476
---ebpf-pid----5705----pid-1
---ebpf-pid----5705----pid-5705
---ebpf-pid----5705----pid-5476
---ebpf-pid----5705----pid-1
---ebpf-pid----5705----pid-5705
---ebpf-pid----5705----pid-5476
---ebpf-pid----5705----pid-1
---ebpf-pid----5705----pid-5705
---ebpf-pid----5705----pid-5476
---ebpf-pid----5705----pid-1
---ebpf-pid----5705----pid-5705
---ebpf-pid----5705----pid-5476
---ebpf-pid----5705----pid-1
---ebpf-pid----5705----pid-5705
---ebpf-pid----5705----pid-5476
---ebpf-pid----5705----pid-1
---ebpf-pid----379067----pid-379067
---ebpf-pid----379067----pid-5476
---ebpf-pid----379067----pid-1
---ebpf-pid----379067----pid-379067
---ebpf-pid----379067----pid-5476
---ebpf-pid----379067----pid-1
---ebpf-pid----379067----pid-379067
---ebpf-pid----379067----pid-5476
---ebpf-pid----379067----pid-1
---ebpf-pid----379067----pid-379067
---ebpf-pid----379067----pid-5476
---ebpf-pid----379067----pid-1
---ebpf-pid----379067----pid-379067
---ebpf-pid----379067----pid-5476
---ebpf-pid----379067----pid-1
---ebpf-pid----379067----pid-379067
---ebpf-pid----379067----pid-5476
---ebpf-pid----379067----pid-1
---ebpf-pid----379067----pid-379067
---ebpf-pid----379067----pid-5476
---ebpf-pid----379067----pid-1
---ebpf-pid----379067----pid-379067
---ebpf-pid----379067----pid-5476
---ebpf-pid----379067----pid-1
---ebpf-pid----379067----pid-379067
---ebpf-pid----379067----pid-5476
---ebpf-pid----379067----pid-1
---ebpf-pid----379067----pid-379067
---ebpf-pid----379067----pid-5476
---ebpf-pid----379067----pid-1
---ebpf-pid----379067----pid-379067
---ebpf-pid----379067----pid-5476
---ebpf-pid----379067----pid-1
---ebpf-pid----379067----pid-379067
---ebpf-pid----379067----pid-5476
---ebpf-pid----379067----pid-1
---ebpf-pid----5707----pid-5707
---ebpf-pid----5707----pid-5476
---ebpf-pid----5707----pid-1
---ebpf-pid----5707----pid-5707
---ebpf-pid----5707----pid-5476
---ebpf-pid----5707----pid-1
---ebpf-pid----5707----pid-5707
---ebpf-pid----5707----pid-5476
---ebpf-pid----5707----pid-1
---ebpf-pid----5707----pid-5707
---ebpf-pid----5707----pid-5476
---ebpf-pid----5707----pid-1
---ebpf-pid----5707----pid-5707
---ebpf-pid----5707----pid-5476
---ebpf-pid----5707----pid-1
---ebpf-pid----5707----pid-5707
---ebpf-pid----5707----pid-5476
---ebpf-pid----5707----pid-1
---ebpf-pid----5707----pid-5707
---ebpf-pid----5707----pid-5476
---ebpf-pid----5707----pid-1
---ebpf-pid----5707----pid-5707
---ebpf-pid----5707----pid-5476
---ebpf-pid----5707----pid-1
---ebpf-pid----5707----pid-5707
---ebpf-pid----5707----pid-5476
---ebpf-pid----5707----pid-1
---ebpf-pid----5707----pid-5707
---ebpf-pid----5707----pid-5476
---ebpf-pid----5707----pid-1
---ebpf-pid----5707----pid-5707
---ebpf-pid----5707----pid-5476
---ebpf-pid----5707----pid-1
---ebpf-pid----5707----pid-5707
---ebpf-pid----5707----pid-5476
---ebpf-pid----5707----pid-1
---ebpf-pid----5707----pid-5707
---ebpf-pid----5707----pid-5476
---ebpf-pid----5707----pid-1
---ebpf-pid----5707----pid-5707
---ebpf-pid----5707----pid-5476
---ebpf-pid----5707----pid-1
---ebpf-pid----5707----pid-5707
---ebpf-pid----5707----pid-5476
---ebpf-pid----5707----pid-1
---ebpf-pid----5707----pid-5707
---ebpf-pid----5707----pid-5476
---ebpf-pid----5707----pid-1
---ebpf-pid----5707----pid-5707
---ebpf-pid----5707----pid-5476
---ebpf-pid----5707----pid-1
---ebpf-pid----5707----pid-5707
---ebpf-pid----5707----pid-5476
---ebpf-pid----5707----pid-1
---ebpf-pid----5707----pid-5707
---ebpf-pid----5707----pid-5476
---ebpf-pid----5707----pid-1
---ebpf-pid----5707----pid-5707
---ebpf-pid----5707----pid-5476
---ebpf-pid----5707----pid-1
---ebpf-pid----379067----pid-379067
---ebpf-pid----379067----pid-5476
---ebpf-pid----379067----pid-1
---ebpf-pid----5707----pid-5707
---ebpf-pid----5707----pid-5476
---ebpf-pid----5707----pid-1
---ebpf-pid----5707----pid-5707
---ebpf-pid----5707----pid-5476
---ebpf-pid----5707----pid-1
---ebpf-pid----5707----pid-5707
---ebpf-pid----5707----pid-5476
---ebpf-pid----5707----pid-1
---ebpf-pid----5707----pid-5707
---ebpf-pid----5707----pid-5476
---ebpf-pid----5707----pid-1
---ebpf-pid----5707----pid-5707
---ebpf-pid----5707----pid-5476
---ebpf-pid----5707----pid-1
---ebpf-pid----5707----pid-5707
---ebpf-pid----5707----pid-5476
---ebpf-pid----5707----pid-1
---ebpf-pid----5707----pid-5707
---ebpf-pid----5707----pid-5476
---ebpf-pid----5707----pid-1
---ebpf-pid----5707----pid-5707
---ebpf-pid----5707----pid-5476
---ebpf-pid----5707----pid-1
---ebpf-pid----5707----pid-5707
---ebpf-pid----5707----pid-5476
---ebpf-pid----5707----pid-1
---ebpf-pid----5707----pid-5707
---ebpf-pid----5707----pid-5476
---ebpf-pid----5707----pid-1
---ebpf-pid----6671----pid-6671
---ebpf-pid----6671----pid-5476
---ebpf-pid----6671----pid-1
---ebpf-pid----6671----pid-6671
---ebpf-pid----6671----pid-5476
---ebpf-pid----6671----pid-1
---ebpf-pid----6671----pid-6671
---ebpf-pid----6671----pid-5476
---ebpf-pid----6671----pid-1
---ebpf-pid----6671----pid-6671
---ebpf-pid----6671----pid-5476
---ebpf-pid----6671----pid-1
---ebpf-pid----6671----pid-6671
---ebpf-pid----6671----pid-5476
---ebpf-pid----6671----pid-1
---ebpf-pid----6671----pid-6671
---ebpf-pid----6671----pid-5476
---ebpf-pid----6671----pid-1
---ebpf-pid----6671----pid-6671
---ebpf-pid----6671----pid-5476
---ebpf-pid----6671----pid-1
---ebpf-pid----6671----pid-6671
---ebpf-pid----6671----pid-5476
---ebpf-pid----6671----pid-1
---ebpf-pid----6671----pid-6671
---ebpf-pid----6671----pid-5476
---ebpf-pid----6671----pid-1
---ebpf-pid----6671----pid-6671
---ebpf-pid----6671----pid-5476
---ebpf-pid----6671----pid-1
---ebpf-pid----6671----pid-6671
---ebpf-pid----6671----pid-5476
---ebpf-pid----6671----pid-1
---ebpf-pid----6671----pid-6671
---ebpf-pid----6671----pid-5476
---ebpf-pid----6671----pid-1
---ebpf-pid----6671----pid-6671
---ebpf-pid----6671----pid-5476
---ebpf-pid----6671----pid-1
---ebpf-pid----6671----pid-6671
---ebpf-pid----6671----pid-5476
---ebpf-pid----6671----pid-1
---ebpf-pid----6671----pid-6671
---ebpf-pid----6671----pid-5476
---ebpf-pid----6671----pid-1
---ebpf-pid----6671----pid-6671
---ebpf-pid----6671----pid-5476
---ebpf-pid----6671----pid-1
---ebpf-pid----6671----pid-6671
---ebpf-pid----6671----pid-5476
---ebpf-pid----6671----pid-1
---ebpf-pid----6671----pid-6671
---ebpf-pid----6671----pid-5476
---ebpf-pid----6671----pid-1
---ebpf-pid----6671----pid-6671
---ebpf-pid----6671----pid-5476
---ebpf-pid----6671----pid-1
---ebpf-pid----6671----pid-6671
---ebpf-pid----6671----pid-5476
---ebpf-pid----6671----pid-1
---ebpf-pid----372881----pid-372881
---ebpf-pid----372881----pid-1
---ebpf-pid----372881----pid-372881
---ebpf-pid----372881----pid-1
---ebpf-pid----372881----pid-372881
---ebpf-pid----372881----pid-1
---ebpf-pid----372881----pid-372881
---ebpf-pid----372881----pid-1
---ebpf-pid----372881----pid-372881
---ebpf-pid----372881----pid-1
---ebpf-pid----372881----pid-372881
---ebpf-pid----372881----pid-1
---ebpf-pid----372881----pid-372881
---ebpf-pid----372881----pid-1
---ebpf-pid----372881----pid-372881
---ebpf-pid----372881----pid-1
---ebpf-pid----5705----pid-5705
---ebpf-pid----5705----pid-5476
---ebpf-pid----5705----pid-1
---ebpf-pid----5705----pid-5705
---ebpf-pid----5705----pid-5476
---ebpf-pid----5705----pid-1
---ebpf-pid----5705----pid-5705
---ebpf-pid----5705----pid-5476
---ebpf-pid----5705----pid-1
---ebpf-pid----5705----pid-5705
---ebpf-pid----5705----pid-5476
---ebpf-pid----5705----pid-1
---ebpf-pid----5705----pid-5705
---ebpf-pid----5705----pid-5476
---ebpf-pid----5705----pid-1
---ebpf-pid----5705----pid-5705
---ebpf-pid----5705----pid-5476
---ebpf-pid----5705----pid-1
---ebpf-pid----5705----pid-5705
---ebpf-pid----5705----pid-5476
---ebpf-pid----5705----pid-1
---ebpf-pid----5705----pid-5705
---ebpf-pid----5705----pid-5476
---ebpf-pid----5705----pid-1
---ebpf-pid----2029----pid-2029
---ebpf-pid----2029----pid-1
---ebpf-pid----2029----pid-2029
---ebpf-pid----2029----pid-1
---ebpf-pid----2029----pid-2029
---ebpf-pid----2029----pid-1
---ebpf-pid----2029----pid-2029
---ebpf-pid----2029----pid-1
---ebpf-pid----2029----pid-2029
---ebpf-pid----2029----pid-1
---ebpf-pid----2029----pid-2029
---ebpf-pid----2029----pid-1
---ebpf-pid----2029----pid-2029
---ebpf-pid----2029----pid-1
---ebpf-pid----2029----pid-2029
---ebpf-pid----2029----pid-1
---ebpf-pid----2029----pid-2029
---ebpf-pid----2029----pid-1
---ebpf-pid----2029----pid-2029
---ebpf-pid----2029----pid-1
---ebpf-pid----2029----pid-2029
---ebpf-pid----2029----pid-1
---ebpf-pid----2029----pid-2029
---ebpf-pid----2029----pid-1
---ebpf-pid----2029----pid-2029
---ebpf-pid----2029----pid-1
---ebpf-pid----2029----pid-2029
---ebpf-pid----2029----pid-1
---ebpf-pid----2029----pid-2029
---ebpf-pid----2029----pid-1
---ebpf-pid----2029----pid-2029
---ebpf-pid----2029----pid-1
---ebpf-pid----2029----pid-2029
---ebpf-pid----2029----pid-1
---ebpf-pid----2029----pid-2029
---ebpf-pid----2029----pid-1
---ebpf-pid----2029----pid-2029
---ebpf-pid----2029----pid-1
---ebpf-pid----2029----pid-2029
---ebpf-pid----2029----pid-1
---ebpf-pid----2029----pid-2029
---ebpf-pid----2029----pid-1
---ebpf-pid----2029----pid-2029
---ebpf-pid----2029----pid-1
---ebpf-pid----2029----pid-2029
---ebpf-pid----2029----pid-1
---ebpf-pid----2029----pid-2029
---ebpf-pid----2029----pid-1
---ebpf-pid----2029----pid-2029
---ebpf-pid----2029----pid-1
---ebpf-pid----2029----pid-2029
---ebpf-pid----2029----pid-1
---ebpf-pid----2029----pid-2029
---ebpf-pid----2029----pid-1
---ebpf-pid----2029----pid-2029
---ebpf-pid----2029----pid-1
---ebpf-pid----2029----pid-2029
---ebpf-pid----2029----pid-1
---ebpf-pid----2029----pid-2029
---ebpf-pid----2029----pid-1
---ebpf-pid----2029----pid-2029
---ebpf-pid----2029----pid-1
---ebpf-pid----2029----pid-2029
---ebpf-pid----2029----pid-1
---ebpf-pid----2029----pid-2029
---ebpf-pid----2029----pid-1
---ebpf-pid----2029----pid-2029
---ebpf-pid----2029----pid-1
---ebpf-pid----2029----pid-2029
---ebpf-pid----2029----pid-1
---ebpf-pid----2029----pid-2029
---ebpf-pid----2029----pid-1
---ebpf-pid----2029----pid-2029
---ebpf-pid----2029----pid-1
---ebpf-pid----2029----pid-2029
---ebpf-pid----2029----pid-1
---ebpf-pid----2029----pid-2029
---ebpf-pid----2029----pid-1
---ebpf-pid----2029----pid-2029
---ebpf-pid----2029----pid-1
---ebpf-pid----2029----pid-2029
---ebpf-pid----2029----pid-1
---ebpf-pid----2029----pid-2029
---ebpf-pid----2029----pid-1
---ebpf-pid----2029----pid-2029
---ebpf-pid----2029----pid-1
---ebpf-pid----2029----pid-2029
---ebpf-pid----2029----pid-1
---ebpf-pid----2029----pid-2029
---ebpf-pid----2029----pid-1
---ebpf-pid----2029----pid-2029
---ebpf-pid----2029----pid-1
---ebpf-pid----2029----pid-2029
---ebpf-pid----2029----pid-1
---ebpf-pid----2029----pid-2029
---ebpf-pid----2029----pid-1
---ebpf-pid----2029----pid-2029
---ebpf-pid----2029----pid-1
---ebpf-pid----2029----pid-2029
---ebpf-pid----2029----pid-1
---ebpf-pid----2029----pid-2029
---ebpf-pid----2029----pid-1
---ebpf-pid----2029----pid-2029
---ebpf-pid----2029----pid-1
---ebpf-pid----2029----pid-2029
---ebpf-pid----2029----pid-1
---ebpf-pid----2029----pid-2029
---ebpf-pid----2029----pid-1
---ebpf-pid----2029----pid-2029
---ebpf-pid----2029----pid-1
---ebpf-pid----2029----pid-2029
---ebpf-pid----2029----pid-1
---ebpf-pid----2029----pid-2029
---ebpf-pid----2029----pid-1
---ebpf-pid----2029----pid-2029
---ebpf-pid----2029----pid-1
---ebpf-pid----2029----pid-2029
---ebpf-pid----2029----pid-1
---ebpf-pid----2029----pid-2029
---ebpf-pid----2029----pid-1
---ebpf-pid----2029----pid-2029
---ebpf-pid----2029----pid-1
---ebpf-pid----2029----pid-2029
---ebpf-pid----2029----pid-1
---ebpf-pid----372881----pid-372881
---ebpf-pid----372881----pid-1
---ebpf-pid----372881----pid-372881
---ebpf-pid----372881----pid-1
---ebpf-pid----372881----pid-372881
---ebpf-pid----372881----pid-1
---ebpf-pid----372881----pid-372881
---ebpf-pid----372881----pid-1
---ebpf-pid----372881----pid-372881
---ebpf-pid----372881----pid-1
---ebpf-pid----372881----pid-372881
---ebpf-pid----372881----pid-1
---ebpf-pid----372881----pid-372881
---ebpf-pid----372881----pid-1
---ebpf-pid----372881----pid-372881
---ebpf-pid----372881----pid-1
---ebpf-pid----372881----pid-372881
---ebpf-pid----372881----pid-1
---ebpf-pid----372881----pid-372881
---ebpf-pid----372881----pid-1
---ebpf-pid----372881----pid-372881
---ebpf-pid----372881----pid-1
---ebpf-pid----372881----pid-372881
---ebpf-pid----372881----pid-1
---ebpf-pid----372881----pid-372881
---ebpf-pid----372881----pid-1
---ebpf-pid----372881----pid-372881
---ebpf-pid----372881----pid-1
---ebpf-pid----372881----pid-372881
---ebpf-pid----372881----pid-1
---ebpf-pid----372881----pid-372881
---ebpf-pid----372881----pid-1
---ebpf-pid----372881----pid-372881
---ebpf-pid----372881----pid-1
---ebpf-pid----372881----pid-372881
---ebpf-pid----372881----pid-1
---ebpf-pid----372881----pid-372881
---ebpf-pid----372881----pid-1
---ebpf-pid----372881----pid-372881
---ebpf-pid----372881----pid-1
---ebpf-pid----372881----pid-372881
---ebpf-pid----372881----pid-1
---ebpf-pid----372881----pid-372881
---ebpf-pid----372881----pid-1
---ebpf-pid----372881----pid-372881
---ebpf-pid----372881----pid-1
---ebpf-pid----372881----pid-372881
---ebpf-pid----372881----pid-1
---ebpf-pid----372881----pid-372881
---ebpf-pid----372881----pid-1
---ebpf-pid----372881----pid-372881
---ebpf-pid----372881----pid-1
---ebpf-pid----372881----pid-372881
---ebpf-pid----372881----pid-1
---ebpf-pid----372881----pid-372881
---ebpf-pid----372881----pid-1
---ebpf-pid----372881----pid-372881
---ebpf-pid----372881----pid-1
---ebpf-pid----372881----pid-372881
---ebpf-pid----372881----pid-1
---ebpf-pid----372881----pid-372881
---ebpf-pid----372881----pid-1
---ebpf-pid----372881----pid-372881
---ebpf-pid----372881----pid-1
---ebpf-pid----372881----pid-372881
---ebpf-pid----372881----pid-1
---ebpf-pid----372881----pid-372881
---ebpf-pid----372881----pid-1
---ebpf-pid----372881----pid-372881
---ebpf-pid----372881----pid-1
---ebpf-pid----372881----pid-372881
---ebpf-pid----372881----pid-1
---ebpf-pid----372881----pid-372881
---ebpf-pid----372881----pid-1
---ebpf-pid----372881----pid-372881
---ebpf-pid----372881----pid-1
---ebpf-pid----372881----pid-372881
---ebpf-pid----372881----pid-1
---ebpf-pid----5707----pid-5707
---ebpf-pid----5707----pid-5476
---ebpf-pid----5707----pid-1
---ebpf-pid----5707----pid-5707
---ebpf-pid----5707----pid-5476
---ebpf-pid----5707----pid-1
---ebpf-pid----5707----pid-5707
---ebpf-pid----5707----pid-5476
---ebpf-pid----5707----pid-1
---ebpf-pid----5707----pid-5707
---ebpf-pid----5707----pid-5476
---ebpf-pid----5707----pid-1
---ebpf-pid----5707----pid-5707
---ebpf-pid----5707----pid-5476
---ebpf-pid----5707----pid-1
---ebpf-pid----5707----pid-5707
---ebpf-pid----5707----pid-5476
---ebpf-pid----5707----pid-1
---ebpf-pid----5707----pid-5707
---ebpf-pid----5707----pid-5476
---ebpf-pid----5707----pid-1
---ebpf-pid----5707----pid-5707
---ebpf-pid----5707----pid-5476
---ebpf-pid----5707----pid-1
---ebpf-pid----5707----pid-5707
---ebpf-pid----5707----pid-5476
---ebpf-pid----5707----pid-1
---ebpf-pid----5707----pid-5707
---ebpf-pid----5707----pid-5476
---ebpf-pid----5707----pid-1
---ebpf-pid----372881----pid-372881
---ebpf-pid----372881----pid-1
---ebpf-pid----372881----pid-372881
---ebpf-pid----372881----pid-1
---ebpf-pid----372881----pid-372881
---ebpf-pid----372881----pid-1
---ebpf-pid----372881----pid-372881
---ebpf-pid----372881----pid-1
---ebpf-pid----372881----pid-372881
---ebpf-pid----372881----pid-1
---ebpf-pid----372881----pid-372881
---ebpf-pid----372881----pid-1
---ebpf-pid----372881----pid-372881
---ebpf-pid----372881----pid-1
---ebpf-pid----372881----pid-372881
---ebpf-pid----372881----pid-1
---ebpf-pid----372881----pid-372881
---ebpf-pid----372881----pid-1
---ebpf-pid----372881----pid-372881
---ebpf-pid----372881----pid-1
---ebpf-pid----372881----pid-372881
---ebpf-pid----372881----pid-1
---ebpf-pid----372881----pid-372881
---ebpf-pid----372881----pid-1
---ebpf-pid----372881----pid-372881
---ebpf-pid----372881----pid-1
---ebpf-pid----372881----pid-372881
---ebpf-pid----372881----pid-1
---ebpf-pid----372881----pid-372881
---ebpf-pid----372881----pid-1
---ebpf-pid----372881----pid-372881
---ebpf-pid----372881----pid-1
---ebpf-pid----372881----pid-372881
---ebpf-pid----372881----pid-1
---ebpf-pid----372881----pid-372881
---ebpf-pid----372881----pid-1
---ebpf-pid----372881----pid-372881
---ebpf-pid----372881----pid-1
---ebpf-pid----372881----pid-372881
---ebpf-pid----372881----pid-1
---ebpf-pid----372881----pid-372881
---ebpf-pid----372881----pid-1
---ebpf-pid----372881----pid-372881
---ebpf-pid----372881----pid-1
---ebpf-pid----372881----pid-372881
---ebpf-pid----372881----pid-1
---ebpf-pid----372881----pid-372881
---ebpf-pid----372881----pid-1
---ebpf-pid----372881----pid-372881
---ebpf-pid----372881----pid-1
---ebpf-pid----372881----pid-372881
---ebpf-pid----372881----pid-1
---ebpf-pid----372881----pid-372881
---ebpf-pid----372881----pid-1
---ebpf-pid----372881----pid-372881
---ebpf-pid----372881----pid-1
---ebpf-pid----372881----pid-372881
---ebpf-pid----372881----pid-1
---ebpf-pid----372881----pid-372881
---ebpf-pid----372881----pid-1
---ebpf-pid----372881----pid-372881
---ebpf-pid----372881----pid-1
---ebpf-pid----372881----pid-372881
---ebpf-pid----372881----pid-1
---ebpf-pid----372881----pid-372881
---ebpf-pid----372881----pid-1
---ebpf-pid----372881----pid-372881
---ebpf-pid----372881----pid-1
---ebpf-pid----372881----pid-372881
---ebpf-pid----372881----pid-1
---ebpf-pid----372881----pid-372881
---ebpf-pid----372881----pid-1
---ebpf-pid----372881----pid-372881
---ebpf-pid----372881----pid-1
---ebpf-pid----372881----pid-372881
---ebpf-pid----372881----pid-1
---ebpf-pid----372881----pid-372881
---ebpf-pid----372881----pid-1
---ebpf-pid----372881----pid-372881
---ebpf-pid----372881----pid-1
---ebpf-pid----372881----pid-372881
---ebpf-pid----372881----pid-1
---ebpf-pid----372881----pid-372881
---ebpf-pid----372881----pid-1
---ebpf-pid----2029----pid-2029
---ebpf-pid----2029----pid-1
---ebpf-pid----2029----pid-2029
---ebpf-pid----2029----pid-1
---ebpf-pid----2029----pid-2029
---ebpf-pid----2029----pid-1
---ebpf-pid----5707----pid-5707
---ebpf-pid----5707----pid-5476
---ebpf-pid----5707----pid-1
---ebpf-pid----5707----pid-5707
---ebpf-pid----5707----pid-5476
---ebpf-pid----5707----pid-1
---ebpf-pid----5707----pid-5707
---ebpf-pid----5707----pid-5476
---ebpf-pid----5707----pid-1
---ebpf-pid----5707----pid-5707
---ebpf-pid----5707----pid-5476
---ebpf-pid----5707----pid-1
---ebpf-pid----5707----pid-5707
---ebpf-pid----5707----pid-5476
---ebpf-pid----5707----pid-1
---ebpf-pid----5707----pid-5707
---ebpf-pid----5707----pid-5476
---ebpf-pid----5707----pid-1
---ebpf-pid----5707----pid-5707
---ebpf-pid----5707----pid-5476
---ebpf-pid----5707----pid-1
---ebpf-pid----5707----pid-5707
---ebpf-pid----5707----pid-5476
---ebpf-pid----5707----pid-1
---ebpf-pid----5707----pid-5707
---ebpf-pid----5707----pid-5476
---ebpf-pid----5707----pid-1
---ebpf-pid----2029----pid-2029
---ebpf-pid----2029----pid-1
---ebpf-pid----2029----pid-2029
---ebpf-pid----2029----pid-1
---ebpf-pid----2029----pid-2029
---ebpf-pid----2029----pid-1
---ebpf-pid----2029----pid-2029
---ebpf-pid----2029----pid-1
---ebpf-pid----2012----pid-2012
---ebpf-pid----2012----pid-1
---ebpf-pid----2029----pid-2029
---ebpf-pid----2029----pid-1
---ebpf-pid----2029----pid-2029
---ebpf-pid----2029----pid-1
---ebpf-pid----2029----pid-2029
---ebpf-pid----2029----pid-1
---ebpf-pid----2029----pid-2029
---ebpf-pid----2029----pid-1
---ebpf-pid----2029----pid-2029
---ebpf-pid----2029----pid-1
---ebpf-pid----2094----pid-2094
---ebpf-pid----2094----pid-1
---ebpf-pid----2029----pid-2029
---ebpf-pid----2029----pid-1
---ebpf-pid----2029----pid-2029
---ebpf-pid----2029----pid-1
---ebpf-pid----2029----pid-2029
---ebpf-pid----2029----pid-1
---ebpf-pid----2029----pid-2029
---ebpf-pid----2029----pid-1
---ebpf-pid----2029----pid-2029
---ebpf-pid----2029----pid-1
---ebpf-pid----2029----pid-2029
---ebpf-pid----2029----pid-1
---ebpf-pid----2029----pid-2029
---ebpf-pid----2029----pid-1
---ebpf-pid----2029----pid-2029
---ebpf-pid----2029----pid-1
---ebpf-pid----2029----pid-2029
---ebpf-pid----2029----pid-1
---ebpf-pid----2029----pid-2029
---ebpf-pid----2029----pid-1
---ebpf-pid----2012----pid-2012
---ebpf-pid----2012----pid-1
---ebpf-pid----2029----pid-2029
---ebpf-pid----2029----pid-1
---ebpf-pid----2029----pid-2029
---ebpf-pid----2029----pid-1
---ebpf-pid----2029----pid-2029
---ebpf-pid----2029----pid-1
---ebpf-pid----2029----pid-2029
---ebpf-pid----2029----pid-1
---ebpf-pid----2029----pid-2029
---ebpf-pid----2029----pid-1
---ebpf-pid----2029----pid-2029
---ebpf-pid----2029----pid-1
---ebpf-pid----2012----pid-2012
Failed to get process information for PID 0
---ebpf-pid----2012----pid-1
---ebpf-pid----2012----pid-2012
---ebpf-pid----2012----pid-1
---ebpf-pid----2012----pid-2012
---ebpf-pid----2012----pid-1
---ebpf-pid----379067----pid-379067
---ebpf-pid----379067----pid-5476
Failed to get process information for PID 0
Failed to get process information for PID 0
---ebpf-pid----379067----pid-1
---ebpf-pid----379067----pid-379067
---ebpf-pid----379067----pid-5476
---ebpf-pid----379067----pid-1
---ebpf-pid----379067----pid-379067
---ebpf-pid----379067----pid-5476
---ebpf-pid----379067----pid-1
---ebpf-pid----379067----pid-379067
---ebpf-pid----379067----pid-5476
---ebpf-pid----379067----pid-1
---ebpf-pid----2029----pid-2029
---ebpf-pid----2029----pid-1
---ebpf-pid----2029----pid-2029
---ebpf-pid----2029----pid-1
---ebpf-pid----2029----pid-2029
---ebpf-pid----2029----pid-1
---ebpf-pid----2029----pid-2029
---ebpf-pid----2029----pid-1
---ebpf-pid----2029----pid-2029
---ebpf-pid----2029----pid-1
---ebpf-pid----2029----pid-2029
---ebpf-pid----2029----pid-1
---ebpf-pid----379067----pid-379067
---ebpf-pid----379067----pid-5476
---ebpf-pid----379067----pid-1
---ebpf-pid----379067----pid-379067
---ebpf-pid----379067----pid-5476
---ebpf-pid----379067----pid-1
---ebpf-pid----379067----pid-379067
---ebpf-pid----379067----pid-5476
---ebpf-pid----379067----pid-1
---ebpf-pid----379067----pid-379067
---ebpf-pid----379067----pid-5476
---ebpf-pid----379067----pid-1
---ebpf-pid----379067----pid-379067
---ebpf-pid----379067----pid-5476
---ebpf-pid----379067----pid-1
---ebpf-pid----379067----pid-379067
---ebpf-pid----379067----pid-5476
---ebpf-pid----379067----pid-1
---ebpf-pid----379067----pid-379067
---ebpf-pid----379067----pid-5476
---ebpf-pid----379067----pid-1
---ebpf-pid----379067----pid-379067
---ebpf-pid----379067----pid-5476
---ebpf-pid----379067----pid-1
---ebpf-pid----379067----pid-379067
---ebpf-pid----379067----pid-5476
---ebpf-pid----379067----pid-1
---ebpf-pid----379067----pid-379067
---ebpf-pid----379067----pid-5476
---ebpf-pid----379067----pid-1
---ebpf-pid----379067----pid-379067
---ebpf-pid----379067----pid-5476
---ebpf-pid----379067----pid-1
---ebpf-pid----379067----pid-379067
---ebpf-pid----379067----pid-5476
---ebpf-pid----379067----pid-1
---ebpf-pid----379067----pid-379067
---ebpf-pid----379067----pid-5476
---ebpf-pid----379067----pid-1
---ebpf-pid----379067----pid-379067
---ebpf-pid----379067----pid-5476
---ebpf-pid----379067----pid-1
---ebpf-pid----379067----pid-379067
---ebpf-pid----379067----pid-5476
---ebpf-pid----379067----pid-1
---ebpf-pid----2094----pid-2094
---ebpf-pid----2094----pid-1
---ebpf-pid----2094----pid-2094
---ebpf-pid----2094----pid-1
---ebpf-pid----2094----pid-2094
---ebpf-pid----2094----pid-1
---ebpf-pid----2094----pid-2094
---ebpf-pid----2094----pid-1
---ebpf-pid----2094----pid-2094
---ebpf-pid----2094----pid-1
---ebpf-pid----2094----pid-2094
---ebpf-pid----2094----pid-1
---ebpf-pid----2094----pid-2094
---ebpf-pid----2094----pid-1
---ebpf-pid----2094----pid-2094
---ebpf-pid----2094----pid-1
---ebpf-pid----2094----pid-2094
---ebpf-pid----2094----pid-1
---ebpf-pid----2094----pid-2094
---ebpf-pid----2094----pid-1
---ebpf-pid----2094----pid-2094
---ebpf-pid----2094----pid-1
---ebpf-pid----2094----pid-2094
---ebpf-pid----2094----pid-1
---ebpf-pid----2094----pid-2094
---ebpf-pid----2094----pid-1
---ebpf-pid----2094----pid-2094
---ebpf-pid----2094----pid-1
---ebpf-pid----2094----pid-2094
---ebpf-pid----2094----pid-1
---ebpf-pid----2094----pid-2094
---ebpf-pid----2094----pid-1
---ebpf-pid----2094----pid-2094
---ebpf-pid----2094----pid-1
---ebpf-pid----2094----pid-2094
---ebpf-pid----2094----pid-1
---ebpf-pid----2094----pid-2094
---ebpf-pid----2094----pid-1
---ebpf-pid----2094----pid-2094
---ebpf-pid----2094----pid-1
---ebpf-pid----2094----pid-2094
---ebpf-pid----2094----pid-1
---ebpf-pid----2094----pid-2094
---ebpf-pid----2094----pid-1
---ebpf-pid----2094----pid-2094
---ebpf-pid----2094----pid-1
---ebpf-pid----2094----pid-2094
---ebpf-pid----2094----pid-1
---ebpf-pid----6671----pid-6671
---ebpf-pid----6671----pid-5476
---ebpf-pid----6671----pid-1
---ebpf-pid----6671----pid-6671
---ebpf-pid----6671----pid-5476
---ebpf-pid----6671----pid-1
---ebpf-pid----6671----pid-6671
---ebpf-pid----6671----pid-5476
---ebpf-pid----6671----pid-1
---ebpf-pid----6671----pid-6671
---ebpf-pid----6671----pid-5476
---ebpf-pid----6671----pid-1
---ebpf-pid----6671----pid-6671
---ebpf-pid----6671----pid-5476
---ebpf-pid----6671----pid-1
---ebpf-pid----6671----pid-6671
---ebpf-pid----6671----pid-5476
---ebpf-pid----6671----pid-1
---ebpf-pid----6671----pid-6671
---ebpf-pid----6671----pid-5476
---ebpf-pid----6671----pid-1
---ebpf-pid----6671----pid-6671
---ebpf-pid----6671----pid-5476
---ebpf-pid----6671----pid-1
---ebpf-pid----6671----pid-6671
---ebpf-pid----6671----pid-5476
---ebpf-pid----6671----pid-1
---ebpf-pid----6671----pid-6671
---ebpf-pid----6671----pid-5476
---ebpf-pid----6671----pid-1
---ebpf-pid----6671----pid-6671
---ebpf-pid----6671----pid-5476
---ebpf-pid----6671----pid-1
---ebpf-pid----6671----pid-6671
---ebpf-pid----6671----pid-5476
---ebpf-pid----6671----pid-1
---ebpf-pid----6671----pid-6671
---ebpf-pid----6671----pid-5476
---ebpf-pid----6671----pid-1
---ebpf-pid----6671----pid-6671
---ebpf-pid----6671----pid-5476
---ebpf-pid----6671----pid-1
---ebpf-pid----6671----pid-6671
---ebpf-pid----6671----pid-5476
---ebpf-pid----6671----pid-1
---ebpf-pid----6671----pid-6671
---ebpf-pid----6671----pid-5476
---ebpf-pid----6671----pid-1
---ebpf-pid----372881----pid-372881
---ebpf-pid----372881----pid-1
---ebpf-pid----372881----pid-372881
---ebpf-pid----372881----pid-1
---ebpf-pid----372881----pid-372881
---ebpf-pid----372881----pid-1
---ebpf-pid----5705----pid-5705
---ebpf-pid----5705----pid-5476
---ebpf-pid----5705----pid-1
---ebpf-pid----5705----pid-5705
---ebpf-pid----5705----pid-5476
---ebpf-pid----5705----pid-1
---ebpf-pid----5705----pid-5705
---ebpf-pid----5705----pid-5476
---ebpf-pid----5705----pid-1
---ebpf-pid----5705----pid-5705
---ebpf-pid----5705----pid-5476
---ebpf-pid----5705----pid-1
---ebpf-pid----5705----pid-5705
---ebpf-pid----5705----pid-5476
---ebpf-pid----5705----pid-1
Failed to get process information for PID 0
Failed to get process information for PID 0
---ebpf-pid----5705----pid-5705
---ebpf-pid----5705----pid-5476
---ebpf-pid----5705----pid-1
---ebpf-pid----5705----pid-5705
---ebpf-pid----5705----pid-5476
---ebpf-pid----5705----pid-1
---ebpf-pid----5707----pid-5707
---ebpf-pid----5707----pid-5476
---ebpf-pid----5707----pid-1
---ebpf-pid----5707----pid-5707
---ebpf-pid----5707----pid-5476
---ebpf-pid----5707----pid-1
---ebpf-pid----5707----pid-5707
---ebpf-pid----5707----pid-5476
---ebpf-pid----5707----pid-1
---ebpf-pid----5707----pid-5707
---ebpf-pid----5707----pid-5476
---ebpf-pid----5707----pid-1
---ebpf-pid----5707----pid-5707
---ebpf-pid----5707----pid-5476
---ebpf-pid----5707----pid-1
---ebpf-pid----379067----pid-379067
---ebpf-pid----379067----pid-5476
---ebpf-pid----379067----pid-1
---ebpf-pid----379067----pid-379067
---ebpf-pid----379067----pid-5476
---ebpf-pid----379067----pid-1
---ebpf-pid----379067----pid-379067
---ebpf-pid----379067----pid-5476
---ebpf-pid----379067----pid-1
---ebpf-pid----372881----pid-372881
---ebpf-pid----372881----pid-1
---ebpf-pid----372881----pid-372881
---ebpf-pid----372881----pid-1
---ebpf-pid----372881----pid-372881
---ebpf-pid----372881----pid-1
Failed to get process information for PID 0
---ebpf-pid----372881----pid-372881
---ebpf-pid----372881----pid-1
---ebpf-pid----372881----pid-372881
---ebpf-pid----372881----pid-1
---ebpf-pid----372881----pid-372881
---ebpf-pid----372881----pid-1
---ebpf-pid----372881----pid-372881
---ebpf-pid----372881----pid-1
---ebpf-pid----372881----pid-372881
---ebpf-pid----372881----pid-1
---ebpf-pid----372881----pid-372881
---ebpf-pid----372881----pid-1
---ebpf-pid----372881----pid-372881
---ebpf-pid----372881----pid-1
---ebpf-pid----2029----pid-2029
---ebpf-pid----2029----pid-1
---ebpf-pid----2029----pid-2029
---ebpf-pid----2029----pid-1
---ebpf-pid----2029----pid-2029
---ebpf-pid----2029----pid-1
---ebpf-pid----2029----pid-2029
---ebpf-pid----2029----pid-1
---ebpf-pid----2029----pid-2029
---ebpf-pid----2029----pid-1
---ebpf-pid----2029----pid-2029
---ebpf-pid----2029----pid-1
---ebpf-pid----2029----pid-2029
---ebpf-pid----2029----pid-1
---ebpf-pid----2029----pid-2029
---ebpf-pid----2029----pid-1
---ebpf-pid----2029----pid-2029
---ebpf-pid----2029----pid-1
---ebpf-pid----2029----pid-2029
---ebpf-pid----2029----pid-1
---ebpf-pid----2029----pid-2029
---ebpf-pid----2029----pid-1
---ebpf-pid----2029----pid-2029
---ebpf-pid----2029----pid-1
---ebpf-pid----2029----pid-2029
---ebpf-pid----2029----pid-1
---ebpf-pid----2029----pid-2029
---ebpf-pid----2029----pid-1
---ebpf-pid----2029----pid-2029
---ebpf-pid----2029----pid-1
---ebpf-pid----2029----pid-2029
---ebpf-pid----2029----pid-1
---ebpf-pid----2029----pid-2029
---ebpf-pid----2029----pid-1
---ebpf-pid----2029----pid-2029
---ebpf-pid----2029----pid-1
---ebpf-pid----2029----pid-2029
---ebpf-pid----2029----pid-1
---ebpf-pid----2029----pid-2029
---ebpf-pid----2029----pid-1
---ebpf-pid----5705----pid-5705
---ebpf-pid----5705----pid-5476
---ebpf-pid----5705----pid-1
---ebpf-pid----5705----pid-5705
---ebpf-pid----5705----pid-5476
---ebpf-pid----5705----pid-1
---ebpf-pid----5705----pid-5705
---ebpf-pid----5705----pid-5476
---ebpf-pid----5705----pid-1
---ebpf-pid----5705----pid-5705
---ebpf-pid----5705----pid-5476
---ebpf-pid----5705----pid-1
---ebpf-pid----5705----pid-5705
---ebpf-pid----5705----pid-5476
---ebpf-pid----5705----pid-1
---ebpf-pid----379067----pid-379067
---ebpf-pid----379067----pid-5476
---ebpf-pid----379067----pid-1
---ebpf-pid----2029----pid-2029
---ebpf-pid----2029----pid-1
---ebpf-pid----2029----pid-2029
---ebpf-pid----2029----pid-1
---ebpf-pid----2029----pid-2029
---ebpf-pid----2029----pid-1
---ebpf-pid----2029----pid-2029
---ebpf-pid----2029----pid-1
---ebpf-pid----2029----pid-2029
---ebpf-pid----2029----pid-1
---ebpf-pid----2029----pid-2029
---ebpf-pid----2029----pid-1
---ebpf-pid----6671----pid-6671
---ebpf-pid----6671----pid-5476
---ebpf-pid----6671----pid-1
---ebpf-pid----6671----pid-6671
---ebpf-pid----6671----pid-5476
---ebpf-pid----6671----pid-1
---ebpf-pid----6671----pid-6671
---ebpf-pid----6671----pid-5476
---ebpf-pid----6671----pid-1
---ebpf-pid----6671----pid-6671
---ebpf-pid----6671----pid-5476
---ebpf-pid----6671----pid-1
---ebpf-pid----372881----pid-372881
---ebpf-pid----372881----pid-1
---ebpf-pid----372881----pid-372881
---ebpf-pid----372881----pid-1
---ebpf-pid----372881----pid-372881
---ebpf-pid----372881----pid-1
---ebpf-pid----372881----pid-372881
---ebpf-pid----372881----pid-1
---ebpf-pid----5705----pid-5705
---ebpf-pid----5705----pid-5476
---ebpf-pid----5705----pid-1
---ebpf-pid----5705----pid-5705
---ebpf-pid----5705----pid-5476
---ebpf-pid----5705----pid-1
---ebpf-pid----5705----pid-5705
---ebpf-pid----5705----pid-5476
---ebpf-pid----5705----pid-1
---ebpf-pid----372881----pid-372881
---ebpf-pid----372881----pid-1
---ebpf-pid----372881----pid-372881
---ebpf-pid----372881----pid-1
---ebpf-pid----5705----pid-5705
---ebpf-pid----5705----pid-5476
---ebpf-pid----5705----pid-1
---ebpf-pid----5705----pid-5705
---ebpf-pid----5705----pid-5476
---ebpf-pid----5705----pid-1
---ebpf-pid----5705----pid-5705
---ebpf-pid----5705----pid-5476
---ebpf-pid----5705----pid-1
---ebpf-pid----5705----pid-5705
---ebpf-pid----5705----pid-5476
---ebpf-pid----5705----pid-1
---ebpf-pid----5638----pid-5638
---ebpf-pid----5638----pid-1
---ebpf-pid----5705----pid-5705
---ebpf-pid----5705----pid-5476
---ebpf-pid----5705----pid-1
---ebpf-pid----5705----pid-5705
---ebpf-pid----5705----pid-5476
---ebpf-pid----5705----pid-1
---ebpf-pid----5705----pid-5705
---ebpf-pid----5705----pid-5476
---ebpf-pid----5705----pid-1
---ebpf-pid----5705----pid-5705
---ebpf-pid----5705----pid-5476
---ebpf-pid----5705----pid-1
---ebpf-pid----5705----pid-5705
---ebpf-pid----5705----pid-5476
---ebpf-pid----5705----pid-1
---ebpf-pid----5705----pid-5705
---ebpf-pid----5705----pid-5476
Failed to get process information for PID 0
---ebpf-pid----5705----pid-1
---ebpf-pid----5705----pid-5705
---ebpf-pid----5705----pid-5476
---ebpf-pid----5705----pid-1
---ebpf-pid----5705----pid-5705
---ebpf-pid----5705----pid-5476
---ebpf-pid----5705----pid-1
---ebpf-pid----5705----pid-5705
---ebpf-pid----5705----pid-5476
---ebpf-pid----5705----pid-1
---ebpf-pid----5705----pid-5705
---ebpf-pid----5705----pid-5476
---ebpf-pid----5705----pid-1
---ebpf-pid----5705----pid-5705
---ebpf-pid----5705----pid-5476
---ebpf-pid----5705----pid-1
---ebpf-pid----379067----pid-379067
---ebpf-pid----379067----pid-5476
---ebpf-pid----379067----pid-1
---ebpf-pid----379067----pid-379067
---ebpf-pid----379067----pid-5476
---ebpf-pid----379067----pid-1
---ebpf-pid----379067----pid-379067
---ebpf-pid----379067----pid-5476
---ebpf-pid----379067----pid-1
---ebpf-pid----2089----pid-2089
---ebpf-pid----2089----pid-1
---ebpf-pid----2089----pid-2089
---ebpf-pid----2089----pid-1
---ebpf-pid----2089----pid-2089
---ebpf-pid----2089----pid-1
---ebpf-pid----2089----pid-2089
---ebpf-pid----2089----pid-1
---ebpf-pid----2089----pid-2089
---ebpf-pid----2089----pid-1
---ebpf-pid----2089----pid-2089
---ebpf-pid----2089----pid-1
---ebpf-pid----2089----pid-2089
---ebpf-pid----2089----pid-1
---ebpf-pid----2089----pid-2089
---ebpf-pid----2089----pid-1
---ebpf-pid----2089----pid-2089
---ebpf-pid----2089----pid-1
---ebpf-pid----2089----pid-2089
---ebpf-pid----2089----pid-1
---ebpf-pid----2089----pid-2089
---ebpf-pid----2089----pid-1
---ebpf-pid----2089----pid-2089
---ebpf-pid----2089----pid-1
---ebpf-pid----2089----pid-2089
---ebpf-pid----2089----pid-1
---ebpf-pid----2089----pid-2089
---ebpf-pid----2089----pid-1
---ebpf-pid----2089----pid-2089
---ebpf-pid----2089----pid-1
---ebpf-pid----2089----pid-2089
---ebpf-pid----2089----pid-1
---ebpf-pid----2089----pid-2089
---ebpf-pid----2089----pid-1
---ebpf-pid----5707----pid-5707
---ebpf-pid----5707----pid-5476
---ebpf-pid----5707----pid-1
---ebpf-pid----5707----pid-5707
---ebpf-pid----5707----pid-5476
---ebpf-pid----5707----pid-1
---ebpf-pid----5707----pid-5707
---ebpf-pid----5707----pid-5476
---ebpf-pid----5707----pid-1
---ebpf-pid----5707----pid-5707
---ebpf-pid----5707----pid-5476
---ebpf-pid----5707----pid-1
---ebpf-pid----5707----pid-5707
---ebpf-pid----5707----pid-5476
---ebpf-pid----5707----pid-1
---ebpf-pid----5707----pid-5707
---ebpf-pid----5707----pid-5476
---ebpf-pid----5707----pid-1
---ebpf-pid----5707----pid-5707
---ebpf-pid----5707----pid-5476
---ebpf-pid----5707----pid-1
---ebpf-pid----5707----pid-5707
---ebpf-pid----5707----pid-5476
---ebpf-pid----5707----pid-1
---ebpf-pid----5707----pid-5707
---ebpf-pid----5707----pid-5476
---ebpf-pid----5707----pid-1
---ebpf-pid----5707----pid-5707
---ebpf-pid----5707----pid-5476
---ebpf-pid----5707----pid-1
---ebpf-pid----5707----pid-5707
---ebpf-pid----5707----pid-5476
---ebpf-pid----5707----pid-1
---ebpf-pid----5707----pid-5707
---ebpf-pid----5707----pid-5476
---ebpf-pid----5707----pid-1
---ebpf-pid----5707----pid-5707
---ebpf-pid----5707----pid-5476
---ebpf-pid----5707----pid-1
---ebpf-pid----5707----pid-5707
---ebpf-pid----5707----pid-5476
---ebpf-pid----5707----pid-1
---ebpf-pid----5707----pid-5707
---ebpf-pid----5707----pid-5476
---ebpf-pid----5707----pid-1
---ebpf-pid----5707----pid-5707
---ebpf-pid----5707----pid-5476
---ebpf-pid----5707----pid-1
---ebpf-pid----2012----pid-2012
---ebpf-pid----2012----pid-1
---ebpf-pid----2012----pid-2012
---ebpf-pid----2012----pid-1
---ebpf-pid----2012----pid-2012
---ebpf-pid----2012----pid-1
---ebpf-pid----2012----pid-2012
---ebpf-pid----2012----pid-1
---ebpf-pid----2012----pid-2012
---ebpf-pid----2012----pid-1
---ebpf-pid----2012----pid-2012
---ebpf-pid----2012----pid-1
---ebpf-pid----379067----pid-379067
---ebpf-pid----379067----pid-5476
---ebpf-pid----379067----pid-1
---ebpf-pid----379067----pid-379067
---ebpf-pid----379067----pid-5476
---ebpf-pid----379067----pid-1
---ebpf-pid----379067----pid-379067
---ebpf-pid----379067----pid-5476
---ebpf-pid----379067----pid-1
---ebpf-pid----379067----pid-379067
---ebpf-pid----379067----pid-5476
---ebpf-pid----379067----pid-1
---ebpf-pid----379067----pid-379067
---ebpf-pid----379067----pid-5476
---ebpf-pid----379067----pid-1
---ebpf-pid----379067----pid-379067
---ebpf-pid----379067----pid-5476
---ebpf-pid----379067----pid-1
---ebpf-pid----379067----pid-379067
---ebpf-pid----379067----pid-5476
---ebpf-pid----379067----pid-1
---ebpf-pid----379067----pid-379067
---ebpf-pid----379067----pid-5476
---ebpf-pid----379067----pid-1
---ebpf-pid----379067----pid-379067
---ebpf-pid----379067----pid-5476
---ebpf-pid----379067----pid-1
---ebpf-pid----379067----pid-379067
---ebpf-pid----379067----pid-5476
---ebpf-pid----379067----pid-1
---ebpf-pid----379067----pid-379067
---ebpf-pid----379067----pid-5476
---ebpf-pid----379067----pid-1
---ebpf-pid----379067----pid-379067
---ebpf-pid----379067----pid-5476
---ebpf-pid----379067----pid-1
---ebpf-pid----379067----pid-379067
---ebpf-pid----379067----pid-5476
---ebpf-pid----379067----pid-1
---ebpf-pid----379067----pid-379067
---ebpf-pid----379067----pid-5476
---ebpf-pid----379067----pid-1
---ebpf-pid----379067----pid-379067
---ebpf-pid----379067----pid-5476
---ebpf-pid----379067----pid-1
---ebpf-pid----379067----pid-379067
---ebpf-pid----379067----pid-5476
---ebpf-pid----379067----pid-1
---ebpf-pid----379067----pid-379067
---ebpf-pid----379067----pid-5476
---ebpf-pid----379067----pid-1
---ebpf-pid----379067----pid-379067
---ebpf-pid----379067----pid-5476
---ebpf-pid----379067----pid-1
---ebpf-pid----379067----pid-379067
---ebpf-pid----379067----pid-5476
---ebpf-pid----379067----pid-1
---ebpf-pid----379067----pid-379067
---ebpf-pid----379067----pid-5476
---ebpf-pid----379067----pid-1
---ebpf-pid----5707----pid-5707
---ebpf-pid----5707----pid-5476
---ebpf-pid----5707----pid-1
---ebpf-pid----379067----pid-379067
---ebpf-pid----379067----pid-5476
---ebpf-pid----379067----pid-1
---ebpf-pid----379067----pid-379067
---ebpf-pid----379067----pid-5476
---ebpf-pid----379067----pid-1
---ebpf-pid----5707----pid-5707
---ebpf-pid----5707----pid-5476
---ebpf-pid----5707----pid-1
---ebpf-pid----5707----pid-5707
---ebpf-pid----5707----pid-5476
---ebpf-pid----5707----pid-1
---ebpf-pid----5707----pid-5707
---ebpf-pid----5707----pid-5476
---ebpf-pid----5707----pid-1
---ebpf-pid----5707----pid-5707
---ebpf-pid----5707----pid-5476
---ebpf-pid----5707----pid-1
---ebpf-pid----5707----pid-5707
---ebpf-pid----5707----pid-5476
---ebpf-pid----5707----pid-1
---ebpf-pid----5707----pid-5707
---ebpf-pid----5707----pid-5476
---ebpf-pid----5707----pid-1
---ebpf-pid----5707----pid-5707
---ebpf-pid----5707----pid-5476
---ebpf-pid----5707----pid-1
---ebpf-pid----5707----pid-5707
---ebpf-pid----5707----pid-5476
---ebpf-pid----5707----pid-1
---ebpf-pid----5707----pid-5707
---ebpf-pid----5707----pid-5476
---ebpf-pid----5707----pid-1
---ebpf-pid----5707----pid-5707
---ebpf-pid----5707----pid-5476
---ebpf-pid----5707----pid-1
---ebpf-pid----5707----pid-5707
---ebpf-pid----5707----pid-5476
---ebpf-pid----5707----pid-1
---ebpf-pid----5707----pid-5707
---ebpf-pid----5707----pid-5476
---ebpf-pid----5707----pid-1
---ebpf-pid----5707----pid-5707
---ebpf-pid----5707----pid-5476
---ebpf-pid----5707----pid-1
---ebpf-pid----5707----pid-5707
---ebpf-pid----5707----pid-5476
---ebpf-pid----5707----pid-1
---ebpf-pid----5705----pid-5705
---ebpf-pid----5705----pid-5476
---ebpf-pid----5705----pid-1
---ebpf-pid----5705----pid-5705
---ebpf-pid----5705----pid-5476
---ebpf-pid----5705----pid-1
---ebpf-pid----5705----pid-5705
---ebpf-pid----5705----pid-5476
---ebpf-pid----5705----pid-1
---ebpf-pid----5705----pid-5705
---ebpf-pid----5705----pid-5476
---ebpf-pid----5705----pid-1
---ebpf-pid----5705----pid-5705
---ebpf-pid----5705----pid-5476
---ebpf-pid----5705----pid-1
---ebpf-pid----2012----pid-2012
---ebpf-pid----2012----pid-1
---ebpf-pid----2012----pid-2012
---ebpf-pid----2012----pid-1
---ebpf-pid----2012----pid-2012
---ebpf-pid----2012----pid-1
---ebpf-pid----2012----pid-2012
---ebpf-pid----2012----pid-1
---ebpf-pid----2012----pid-2012
---ebpf-pid----2012----pid-1
---ebpf-pid----5705----pid-5705
---ebpf-pid----5705----pid-5476
---ebpf-pid----5705----pid-1
---ebpf-pid----5705----pid-5705
---ebpf-pid----5705----pid-5476
---ebpf-pid----5705----pid-1
---ebpf-pid----5705----pid-5705
---ebpf-pid----5705----pid-5476
---ebpf-pid----5705----pid-1
---ebpf-pid----5705----pid-5705
---ebpf-pid----5705----pid-5476
---ebpf-pid----5705----pid-1
---ebpf-pid----5705----pid-5705
---ebpf-pid----5705----pid-5476
---ebpf-pid----5705----pid-1
---ebpf-pid----5705----pid-5705
---ebpf-pid----5705----pid-5476
---ebpf-pid----5705----pid-1
---ebpf-pid----5705----pid-5705
---ebpf-pid----5705----pid-5476
---ebpf-pid----5705----pid-1
---ebpf-pid----5705----pid-5705
---ebpf-pid----5705----pid-5476
---ebpf-pid----5705----pid-1
---ebpf-pid----5705----pid-5705
---ebpf-pid----5705----pid-5476
---ebpf-pid----5705----pid-1
---ebpf-pid----5705----pid-5705
---ebpf-pid----5705----pid-5476
---ebpf-pid----5705----pid-1
---ebpf-pid----2012----pid-2012
---ebpf-pid----2012----pid-1
---ebpf-pid----2012----pid-2012
---ebpf-pid----2012----pid-1
---ebpf-pid----2012----pid-2012
---ebpf-pid----2012----pid-1
---ebpf-pid----2012----pid-2012
---ebpf-pid----2012----pid-1
---ebpf-pid----2012----pid-2012
---ebpf-pid----2012----pid-1
---ebpf-pid----2012----pid-2012
---ebpf-pid----2012----pid-1
---ebpf-pid----2012----pid-2012
---ebpf-pid----2012----pid-1
---ebpf-pid----2012----pid-2012
---ebpf-pid----2012----pid-1
---ebpf-pid----2012----pid-2012
---ebpf-pid----2012----pid-1
---ebpf-pid----2012----pid-2012
---ebpf-pid----2012----pid-1
---ebpf-pid----2012----pid-2012
---ebpf-pid----2012----pid-1
---ebpf-pid----2012----pid-2012
---ebpf-pid----2012----pid-1
---ebpf-pid----2012----pid-2012
---ebpf-pid----2012----pid-1
---ebpf-pid----2012----pid-2012
---ebpf-pid----2012----pid-1
---ebpf-pid----2012----pid-2012
---ebpf-pid----2012----pid-1
---ebpf-pid----2012----pid-2012
---ebpf-pid----2012----pid-1
---ebpf-pid----2012----pid-2012
---ebpf-pid----2012----pid-1
---ebpf-pid----2012----pid-2012
---ebpf-pid----2012----pid-1
---ebpf-pid----2012----pid-2012
---ebpf-pid----2012----pid-1
---ebpf-pid----2089----pid-2089
---ebpf-pid----2089----pid-1
---ebpf-pid----2089----pid-2089
---ebpf-pid----2089----pid-1
---ebpf-pid----2089----pid-2089
---ebpf-pid----2089----pid-1
---ebpf-pid----2089----pid-2089
---ebpf-pid----2089----pid-1
---ebpf-pid----2089----pid-2089
---ebpf-pid----2089----pid-1
---ebpf-pid----2089----pid-2089
---ebpf-pid----2089----pid-1
---ebpf-pid----2089----pid-2089
---ebpf-pid----2089----pid-1
---ebpf-pid----2089----pid-2089
---ebpf-pid----2089----pid-1
---ebpf-pid----2089----pid-2089
---ebpf-pid----2089----pid-1
---ebpf-pid----2089----pid-2089
---ebpf-pid----2089----pid-1
---ebpf-pid----2089----pid-2089
---ebpf-pid----2089----pid-1
---ebpf-pid----2089----pid-2089
---ebpf-pid----2089----pid-1
---ebpf-pid----2089----pid-2089
---ebpf-pid----2089----pid-1
---ebpf-pid----2089----pid-2089
---ebpf-pid----2089----pid-1
---ebpf-pid----2089----pid-2089
---ebpf-pid----2089----pid-1
---ebpf-pid----2089----pid-2089
---ebpf-pid----2089----pid-1
---ebpf-pid----2089----pid-2089
---ebpf-pid----2089----pid-1
---ebpf-pid----2089----pid-2089
---ebpf-pid----2089----pid-1
---ebpf-pid----2089----pid-2089
---ebpf-pid----2089----pid-1
---ebpf-pid----2089----pid-2089
---ebpf-pid----2089----pid-1
---ebpf-pid----2089----pid-2089
---ebpf-pid----2089----pid-1
---ebpf-pid----2089----pid-2089
---ebpf-pid----2089----pid-1
---ebpf-pid----2089----pid-2089
---ebpf-pid----2089----pid-1
---ebpf-pid----2089----pid-2089
---ebpf-pid----2089----pid-1
---ebpf-pid----2089----pid-2089
---ebpf-pid----2089----pid-1
---ebpf-pid----2089----pid-2089
---ebpf-pid----2089----pid-1
---ebpf-pid----2089----pid-2089
---ebpf-pid----2089----pid-1
---ebpf-pid----2089----pid-2089
---ebpf-pid----2089----pid-1
---ebpf-pid----2089----pid-2089
---ebpf-pid----2089----pid-1
---ebpf-pid----2089----pid-2089
---ebpf-pid----2089----pid-1
---ebpf-pid----5707----pid-5707
---ebpf-pid----5707----pid-5476
---ebpf-pid----5707----pid-1
---ebpf-pid----5707----pid-5707
---ebpf-pid----5707----pid-5476
---ebpf-pid----5707----pid-1
---ebpf-pid----5707----pid-5707
---ebpf-pid----5707----pid-5476
---ebpf-pid----5707----pid-1
---ebpf-pid----5707----pid-5707
---ebpf-pid----5707----pid-5476
---ebpf-pid----5707----pid-1
---ebpf-pid----5707----pid-5707
---ebpf-pid----5707----pid-5476
---ebpf-pid----5707----pid-1
---ebpf-pid----5707----pid-5707
---ebpf-pid----5707----pid-5476
---ebpf-pid----5707----pid-1
---ebpf-pid----5707----pid-5707
---ebpf-pid----5707----pid-5476
---ebpf-pid----5707----pid-1
---ebpf-pid----5707----pid-5707
---ebpf-pid----5707----pid-5476
---ebpf-pid----5707----pid-1
---ebpf-pid----5707----pid-5707
---ebpf-pid----5707----pid-5476
---ebpf-pid----5707----pid-1
---ebpf-pid----5707----pid-5707
---ebpf-pid----5707----pid-5476
---ebpf-pid----5707----pid-1
---ebpf-pid----2089----pid-2089
---ebpf-pid----2089----pid-1
---ebpf-pid----2089----pid-2089
---ebpf-pid----2089----pid-1
---ebpf-pid----2089----pid-2089
---ebpf-pid----2089----pid-1
---ebpf-pid----2089----pid-2089
---ebpf-pid----2089----pid-1
---ebpf-pid----2089----pid-2089
---ebpf-pid----2089----pid-1
---ebpf-pid----2089----pid-2089
---ebpf-pid----2089----pid-1
---ebpf-pid----2089----pid-2089
---ebpf-pid----2089----pid-1
---ebpf-pid----2089----pid-2089
---ebpf-pid----2089----pid-1
---ebpf-pid----2089----pid-2089
---ebpf-pid----2089----pid-1
---ebpf-pid----2029----pid-2029
---ebpf-pid----2029----pid-1
---ebpf-pid----2029----pid-2029
---ebpf-pid----2029----pid-1
---ebpf-pid----2029----pid-2029
---ebpf-pid----2029----pid-1
---ebpf-pid----2029----pid-2029
---ebpf-pid----2029----pid-1
---ebpf-pid----2029----pid-2029
---ebpf-pid----2029----pid-1
---ebpf-pid----2029----pid-2029
---ebpf-pid----2029----pid-1
---ebpf-pid----2029----pid-2029
---ebpf-pid----2029----pid-1
---ebpf-pid----2029----pid-2029
---ebpf-pid----2029----pid-1
---ebpf-pid----2029----pid-2029
---ebpf-pid----2029----pid-1
---ebpf-pid----2029----pid-2029
---ebpf-pid----2029----pid-1
---ebpf-pid----373029----pid-373029
---ebpf-pid----373029----pid-5476
---ebpf-pid----373029----pid-1
---ebpf-pid----373029----pid-373029
---ebpf-pid----373029----pid-5476
---ebpf-pid----373029----pid-1
---ebpf-pid----373029----pid-373029
---ebpf-pid----373029----pid-5476
---ebpf-pid----373029----pid-1
---ebpf-pid----373029----pid-373029
---ebpf-pid----373029----pid-5476
---ebpf-pid----373029----pid-1
---ebpf-pid----373029----pid-373029
---ebpf-pid----373029----pid-5476
---ebpf-pid----373029----pid-1
---ebpf-pid----373029----pid-373029
---ebpf-pid----373029----pid-5476
---ebpf-pid----373029----pid-1
---ebpf-pid----373029----pid-373029
---ebpf-pid----373029----pid-5476
---ebpf-pid----373029----pid-1
---ebpf-pid----373029----pid-373029
---ebpf-pid----373029----pid-5476
---ebpf-pid----373029----pid-1
---ebpf-pid----373029----pid-373029
---ebpf-pid----373029----pid-5476
---ebpf-pid----373029----pid-1
---ebpf-pid----373029----pid-373029
---ebpf-pid----373029----pid-5476
---ebpf-pid----373029----pid-1
---ebpf-pid----373029----pid-373029
---ebpf-pid----373029----pid-5476
---ebpf-pid----373029----pid-1
---ebpf-pid----373029----pid-373029
---ebpf-pid----373029----pid-5476
---ebpf-pid----373029----pid-1
---ebpf-pid----373029----pid-373029
---ebpf-pid----373029----pid-5476
---ebpf-pid----373029----pid-1
---ebpf-pid----373029----pid-373029
---ebpf-pid----373029----pid-5476
---ebpf-pid----373029----pid-1
---ebpf-pid----373029----pid-373029
---ebpf-pid----373029----pid-5476
---ebpf-pid----373029----pid-1
---ebpf-pid----373029----pid-373029
---ebpf-pid----373029----pid-5476
---ebpf-pid----373029----pid-1
---ebpf-pid----373029----pid-373029
---ebpf-pid----373029----pid-5476
---ebpf-pid----373029----pid-1
---ebpf-pid----373029----pid-373029
---ebpf-pid----373029----pid-5476
---ebpf-pid----373029----pid-1
---ebpf-pid----373029----pid-373029
---ebpf-pid----373029----pid-5476
---ebpf-pid----373029----pid-1
---ebpf-pid----373029----pid-373029
---ebpf-pid----373029----pid-5476
---ebpf-pid----373029----pid-1
---ebpf-pid----2029----pid-2029
---ebpf-pid----2029----pid-1
---ebpf-pid----2029----pid-2029
---ebpf-pid----2029----pid-1
---ebpf-pid----2029----pid-2029
---ebpf-pid----2029----pid-1
---ebpf-pid----2029----pid-2029
---ebpf-pid----2029----pid-1
---ebpf-pid----2029----pid-2029
---ebpf-pid----2029----pid-1
---ebpf-pid----2029----pid-2029
---ebpf-pid----2029----pid-1
---ebpf-pid----2029----pid-2029
---ebpf-pid----2029----pid-1
---ebpf-pid----2029----pid-2029
---ebpf-pid----2029----pid-1
---ebpf-pid----2029----pid-2029
---ebpf-pid----2029----pid-1
---ebpf-pid----2029----pid-2029
---ebpf-pid----2029----pid-1
---ebpf-pid----372881----pid-372881
---ebpf-pid----372881----pid-1
---ebpf-pid----372881----pid-372881
---ebpf-pid----372881----pid-1
---ebpf-pid----372881----pid-372881
---ebpf-pid----372881----pid-1
---ebpf-pid----372881----pid-372881
---ebpf-pid----372881----pid-1
---ebpf-pid----372881----pid-372881
---ebpf-pid----372881----pid-1
---ebpf-pid----372881----pid-372881
---ebpf-pid----372881----pid-1
---ebpf-pid----372881----pid-372881
---ebpf-pid----372881----pid-1
---ebpf-pid----372881----pid-372881
---ebpf-pid----372881----pid-1
---ebpf-pid----372881----pid-372881
---ebpf-pid----372881----pid-1
---ebpf-pid----372881----pid-372881
---ebpf-pid----372881----pid-1
---ebpf-pid----372881----pid-372881
---ebpf-pid----372881----pid-1
---ebpf-pid----372881----pid-372881
---ebpf-pid----372881----pid-1
---ebpf-pid----372881----pid-372881
---ebpf-pid----372881----pid-1
---ebpf-pid----372881----pid-372881
---ebpf-pid----372881----pid-1
---ebpf-pid----372881----pid-372881
---ebpf-pid----372881----pid-1
---ebpf-pid----372881----pid-372881
---ebpf-pid----372881----pid-1
---ebpf-pid----372881----pid-372881
---ebpf-pid----372881----pid-1
---ebpf-pid----372881----pid-372881
---ebpf-pid----372881----pid-1
---ebpf-pid----372881----pid-372881
---ebpf-pid----372881----pid-1
---ebpf-pid----372881----pid-372881
---ebpf-pid----372881----pid-1
---ebpf-pid----372881----pid-372881
---ebpf-pid----372881----pid-1
---ebpf-pid----372881----pid-372881
---ebpf-pid----372881----pid-1
---ebpf-pid----372881----pid-372881
---ebpf-pid----372881----pid-1
---ebpf-pid----372881----pid-372881
---ebpf-pid----372881----pid-1
---ebpf-pid----372881----pid-372881
---ebpf-pid----372881----pid-1
---ebpf-pid----372881----pid-372881
---ebpf-pid----372881----pid-1
---ebpf-pid----372881----pid-372881
---ebpf-pid----372881----pid-1
---ebpf-pid----372881----pid-372881
---ebpf-pid----372881----pid-1
---ebpf-pid----372881----pid-372881
---ebpf-pid----372881----pid-1
---ebpf-pid----372881----pid-372881
---ebpf-pid----372881----pid-1
---ebpf-pid----372881----pid-372881
---ebpf-pid----372881----pid-1
---ebpf-pid----372881----pid-372881
---ebpf-pid----372881----pid-1
---ebpf-pid----372881----pid-372881
---ebpf-pid----372881----pid-1
---ebpf-pid----372881----pid-372881
---ebpf-pid----372881----pid-1
---ebpf-pid----2029----pid-2029
---ebpf-pid----2029----pid-1
---ebpf-pid----372881----pid-372881
---ebpf-pid----372881----pid-1
---ebpf-pid----372881----pid-372881
---ebpf-pid----372881----pid-1
---ebpf-pid----372881----pid-372881
---ebpf-pid----372881----pid-1
---ebpf-pid----372881----pid-372881
---ebpf-pid----372881----pid-1
---ebpf-pid----372881----pid-372881
---ebpf-pid----372881----pid-1
---ebpf-pid----372881----pid-372881
---ebpf-pid----372881----pid-1
---ebpf-pid----372881----pid-372881
---ebpf-pid----372881----pid-1
---ebpf-pid----372881----pid-372881
---ebpf-pid----372881----pid-1
---ebpf-pid----372881----pid-372881
---ebpf-pid----372881----pid-1
---ebpf-pid----372881----pid-372881
---ebpf-pid----372881----pid-1
---ebpf-pid----372881----pid-372881
---ebpf-pid----372881----pid-1
---ebpf-pid----372881----pid-372881
---ebpf-pid----372881----pid-1
---ebpf-pid----372881----pid-372881
---ebpf-pid----372881----pid-1
---ebpf-pid----372881----pid-372881
---ebpf-pid----372881----pid-1
---ebpf-pid----372881----pid-372881
---ebpf-pid----372881----pid-1
---ebpf-pid----372881----pid-372881
---ebpf-pid----372881----pid-1
---ebpf-pid----372881----pid-372881
---ebpf-pid----372881----pid-1
---ebpf-pid----372881----pid-372881
---ebpf-pid----372881----pid-1
---ebpf-pid----372881----pid-372881
---ebpf-pid----372881----pid-1
---ebpf-pid----372881----pid-372881
---ebpf-pid----372881----pid-1
---ebpf-pid----372881----pid-372881
---ebpf-pid----372881----pid-1
---ebpf-pid----372881----pid-372881
---ebpf-pid----372881----pid-1
---ebpf-pid----372881----pid-372881
---ebpf-pid----372881----pid-1
---ebpf-pid----372881----pid-372881
---ebpf-pid----372881----pid-1
---ebpf-pid----372881----pid-372881
---ebpf-pid----372881----pid-1
---ebpf-pid----372881----pid-372881
---ebpf-pid----372881----pid-1
---ebpf-pid----372881----pid-372881
---ebpf-pid----372881----pid-1
---ebpf-pid----372881----pid-372881
---ebpf-pid----372881----pid-1
---ebpf-pid----372881----pid-372881
---ebpf-pid----372881----pid-1
---ebpf-pid----372881----pid-372881
---ebpf-pid----372881----pid-1
---ebpf-pid----372881----pid-372881
---ebpf-pid----372881----pid-1
---ebpf-pid----372881----pid-372881
---ebpf-pid----372881----pid-1
---ebpf-pid----372881----pid-372881
---ebpf-pid----372881----pid-1
---ebpf-pid----372881----pid-372881
---ebpf-pid----372881----pid-1
---ebpf-pid----372881----pid-372881
---ebpf-pid----372881----pid-1
---ebpf-pid----2029----pid-2029
---ebpf-pid----2029----pid-1
---ebpf-pid----2029----pid-2029
---ebpf-pid----2029----pid-1
---ebpf-pid----2029----pid-2029
---ebpf-pid----2029----pid-1
---ebpf-pid----2029----pid-2029
---ebpf-pid----2029----pid-1
---ebpf-pid----2029----pid-2029
---ebpf-pid----2029----pid-1
---ebpf-pid----2029----pid-2029
---ebpf-pid----2029----pid-1
---ebpf-pid----2029----pid-2029
---ebpf-pid----2029----pid-1
---ebpf-pid----2029----pid-2029
---ebpf-pid----2029----pid-1
---ebpf-pid----2029----pid-2029
---ebpf-pid----2029----pid-1
---ebpf-pid----2029----pid-2029
---ebpf-pid----2029----pid-1
---ebpf-pid----2029----pid-2029
---ebpf-pid----2029----pid-1
---ebpf-pid----2029----pid-2029
---ebpf-pid----2029----pid-1
---ebpf-pid----2029----pid-2029
---ebpf-pid----2029----pid-1
---ebpf-pid----2029----pid-2029
---ebpf-pid----2029----pid-1
---ebpf-pid----2029----pid-2029
---ebpf-pid----2029----pid-1
---ebpf-pid----2029----pid-2029
---ebpf-pid----2029----pid-1
---ebpf-pid----2029----pid-2029
---ebpf-pid----2029----pid-1
---ebpf-pid----2029----pid-2029
---ebpf-pid----2029----pid-1
---ebpf-pid----2029----pid-2029
---ebpf-pid----2029----pid-1
---ebpf-pid----2029----pid-2029
---ebpf-pid----2029----pid-1
---ebpf-pid----2029----pid-2029
---ebpf-pid----2029----pid-1
---ebpf-pid----2029----pid-2029
---ebpf-pid----2029----pid-1
---ebpf-pid----2029----pid-2029
---ebpf-pid----2029----pid-1
---ebpf-pid----2029----pid-2029
---ebpf-pid----2029----pid-1
---ebpf-pid----2029----pid-2029
---ebpf-pid----2029----pid-1
---ebpf-pid----2029----pid-2029
---ebpf-pid----2029----pid-1
---ebpf-pid----2029----pid-2029
---ebpf-pid----2029----pid-1
---ebpf-pid----2029----pid-2029
---ebpf-pid----2029----pid-1
---ebpf-pid----2029----pid-2029
---ebpf-pid----2029----pid-1
---ebpf-pid----2029----pid-2029
---ebpf-pid----2029----pid-1
---ebpf-pid----2029----pid-2029
---ebpf-pid----2029----pid-1
---ebpf-pid----2029----pid-2029
---ebpf-pid----2029----pid-1
---ebpf-pid----2029----pid-2029
---ebpf-pid----2029----pid-1
---ebpf-pid----2029----pid-2029
---ebpf-pid----2029----pid-1
---ebpf-pid----2029----pid-2029
---ebpf-pid----2029----pid-1
---ebpf-pid----2029----pid-2029
---ebpf-pid----2029----pid-1
---ebpf-pid----2029----pid-2029
---ebpf-pid----2029----pid-1
---ebpf-pid----2029----pid-2029
---ebpf-pid----2029----pid-1
---ebpf-pid----2029----pid-2029
---ebpf-pid----2029----pid-1
---ebpf-pid----2029----pid-2029
---ebpf-pid----2029----pid-1
---ebpf-pid----5705----pid-5705
---ebpf-pid----5705----pid-5476
---ebpf-pid----5705----pid-1
---ebpf-pid----5705----pid-5705
---ebpf-pid----5705----pid-5476
---ebpf-pid----5705----pid-1
---ebpf-pid----5705----pid-5705
---ebpf-pid----5705----pid-5476
---ebpf-pid----5705----pid-1
---ebpf-pid----379067----pid-379067
---ebpf-pid----379067----pid-5476
---ebpf-pid----379067----pid-1
---ebpf-pid----379067----pid-379067
---ebpf-pid----379067----pid-5476
---ebpf-pid----379067----pid-1
---ebpf-pid----379067----pid-379067
---ebpf-pid----379067----pid-5476
---ebpf-pid----379067----pid-1
---ebpf-pid----379067----pid-379067
---ebpf-pid----379067----pid-5476
---ebpf-pid----379067----pid-1
---ebpf-pid----379067----pid-379067
---ebpf-pid----379067----pid-5476
---ebpf-pid----379067----pid-1
---ebpf-pid----379067----pid-379067
---ebpf-pid----379067----pid-5476
---ebpf-pid----379067----pid-1
---ebpf-pid----5707----pid-5707
---ebpf-pid----5707----pid-5476
---ebpf-pid----5707----pid-1
---ebpf-pid----5707----pid-5707
---ebpf-pid----5707----pid-5476
---ebpf-pid----5707----pid-1
---ebpf-pid----5707----pid-5707
---ebpf-pid----5707----pid-5476
---ebpf-pid----5707----pid-1
---ebpf-pid----5707----pid-5707
---ebpf-pid----5707----pid-5476
---ebpf-pid----5707----pid-1
---ebpf-pid----5707----pid-5707
---ebpf-pid----5707----pid-5476
---ebpf-pid----5707----pid-1
---ebpf-pid----5707----pid-5707
---ebpf-pid----5707----pid-5476
---ebpf-pid----5707----pid-1
---ebpf-pid----5707----pid-5707
---ebpf-pid----5707----pid-5476
---ebpf-pid----5707----pid-1
---ebpf-pid----5707----pid-5707
---ebpf-pid----5707----pid-5476
---ebpf-pid----5707----pid-1
---ebpf-pid----5707----pid-5707
---ebpf-pid----5707----pid-5476
---ebpf-pid----5707----pid-1
---ebpf-pid----5707----pid-5707
---ebpf-pid----5707----pid-5476
---ebpf-pid----5707----pid-1
---ebpf-pid----5707----pid-5707
---ebpf-pid----5707----pid-5476
---ebpf-pid----5707----pid-1
---ebpf-pid----5707----pid-5707
---ebpf-pid----5707----pid-5476
---ebpf-pid----5707----pid-1
---ebpf-pid----5707----pid-5707
---ebpf-pid----5707----pid-5476
---ebpf-pid----5707----pid-1
---ebpf-pid----5707----pid-5707
---ebpf-pid----5707----pid-5476
---ebpf-pid----5707----pid-1
---ebpf-pid----373029----pid-373029
---ebpf-pid----373029----pid-5476
---ebpf-pid----373029----pid-1
---ebpf-pid----373029----pid-373029
---ebpf-pid----373029----pid-5476
---ebpf-pid----373029----pid-1
---ebpf-pid----373029----pid-373029
---ebpf-pid----373029----pid-5476
---ebpf-pid----373029----pid-1
---ebpf-pid----5707----pid-5707
---ebpf-pid----5707----pid-5476
---ebpf-pid----5707----pid-1
---ebpf-pid----5707----pid-5707
---ebpf-pid----5707----pid-5476
---ebpf-pid----5707----pid-1
---ebpf-pid----373029----pid-373029
---ebpf-pid----373029----pid-5476
---ebpf-pid----373029----pid-1
---ebpf-pid----373029----pid-373029
---ebpf-pid----373029----pid-5476
---ebpf-pid----373029----pid-1
---ebpf-pid----373029----pid-373029
---ebpf-pid----373029----pid-5476
---ebpf-pid----373029----pid-1
---ebpf-pid----373029----pid-373029
---ebpf-pid----373029----pid-5476
---ebpf-pid----373029----pid-1
---ebpf-pid----373029----pid-373029
---ebpf-pid----373029----pid-5476
---ebpf-pid----373029----pid-1
---ebpf-pid----373029----pid-373029
---ebpf-pid----373029----pid-5476
---ebpf-pid----373029----pid-1
---ebpf-pid----373029----pid-373029
---ebpf-pid----373029----pid-5476
---ebpf-pid----373029----pid-1
---ebpf-pid----373029----pid-373029
---ebpf-pid----373029----pid-5476
---ebpf-pid----373029----pid-1
---ebpf-pid----373029----pid-373029
---ebpf-pid----373029----pid-5476
---ebpf-pid----373029----pid-1
---ebpf-pid----373029----pid-373029
---ebpf-pid----373029----pid-5476
---ebpf-pid----373029----pid-1
---ebpf-pid----373029----pid-373029
---ebpf-pid----373029----pid-5476
---ebpf-pid----373029----pid-1
---ebpf-pid----373029----pid-373029
---ebpf-pid----373029----pid-5476
---ebpf-pid----373029----pid-1
---ebpf-pid----373029----pid-373029
---ebpf-pid----373029----pid-5476
---ebpf-pid----373029----pid-1
---ebpf-pid----373029----pid-373029
---ebpf-pid----373029----pid-5476
---ebpf-pid----373029----pid-1
---ebpf-pid----373029----pid-373029
---ebpf-pid----373029----pid-5476
---ebpf-pid----373029----pid-1
---ebpf-pid----373029----pid-373029
---ebpf-pid----373029----pid-5476
---ebpf-pid----373029----pid-1
---ebpf-pid----373029----pid-373029
---ebpf-pid----373029----pid-5476
---ebpf-pid----373029----pid-1
---ebpf-pid----373029----pid-373029
---ebpf-pid----373029----pid-5476
---ebpf-pid----373029----pid-1
---ebpf-pid----373029----pid-373029
---ebpf-pid----373029----pid-5476
---ebpf-pid----373029----pid-1
---ebpf-pid----373029----pid-373029
---ebpf-pid----373029----pid-5476
---ebpf-pid----373029----pid-1
---ebpf-pid----2029----pid-2029
---ebpf-pid----2029----pid-1
---ebpf-pid----2029----pid-2029
---ebpf-pid----2029----pid-1
---ebpf-pid----2029----pid-2029
---ebpf-pid----2029----pid-1
---ebpf-pid----2029----pid-2029
---ebpf-pid----2029----pid-1
---ebpf-pid----2029----pid-2029
---ebpf-pid----2029----pid-1
---ebpf-pid----2029----pid-2029
---ebpf-pid----2029----pid-1
---ebpf-pid----2029----pid-2029
---ebpf-pid----2029----pid-1
---ebpf-pid----2029----pid-2029
---ebpf-pid----2029----pid-1
---ebpf-pid----2029----pid-2029
---ebpf-pid----2029----pid-1
---ebpf-pid----2029----pid-2029
---ebpf-pid----2029----pid-1
---ebpf-pid----5705----pid-5705
---ebpf-pid----5705----pid-5476
---ebpf-pid----5705----pid-1
---ebpf-pid----5705----pid-5705
---ebpf-pid----5705----pid-5476
---ebpf-pid----5705----pid-1
---ebpf-pid----5705----pid-5705
---ebpf-pid----5705----pid-5476
---ebpf-pid----5705----pid-1
---ebpf-pid----5705----pid-5705
---ebpf-pid----5705----pid-5476
---ebpf-pid----5705----pid-1
---ebpf-pid----5705----pid-5705
---ebpf-pid----5705----pid-5476
---ebpf-pid----5705----pid-1
---ebpf-pid----5705----pid-5705
---ebpf-pid----5705----pid-5476
---ebpf-pid----5705----pid-1
---ebpf-pid----5705----pid-5705
---ebpf-pid----5705----pid-5476
---ebpf-pid----5705----pid-1
---ebpf-pid----5705----pid-5705
---ebpf-pid----5705----pid-5476
---ebpf-pid----5705----pid-1
---ebpf-pid----5705----pid-5705
---ebpf-pid----5705----pid-5476
---ebpf-pid----5705----pid-1
---ebpf-pid----5705----pid-5705
---ebpf-pid----5705----pid-5476
---ebpf-pid----5705----pid-1
---ebpf-pid----2089----pid-2089
---ebpf-pid----2089----pid-1
---ebpf-pid----2089----pid-2089
---ebpf-pid----2089----pid-1
---ebpf-pid----2089----pid-2089
---ebpf-pid----2089----pid-1
---ebpf-pid----2089----pid-2089
---ebpf-pid----2089----pid-1
---ebpf-pid----2089----pid-2089
---ebpf-pid----2089----pid-1
---ebpf-pid----2089----pid-2089
---ebpf-pid----2089----pid-1
---ebpf-pid----2089----pid-2089
---ebpf-pid----2089----pid-1
---ebpf-pid----2089----pid-2089
---ebpf-pid----2089----pid-1
---ebpf-pid----2089----pid-2089
---ebpf-pid----2089----pid-1
---ebpf-pid----2089----pid-2089
---ebpf-pid----2089----pid-1
---ebpf-pid----6671----pid-6671
---ebpf-pid----6671----pid-5476
---ebpf-pid----6671----pid-1
---ebpf-pid----6671----pid-6671
---ebpf-pid----6671----pid-5476
---ebpf-pid----6671----pid-1
---ebpf-pid----6671----pid-6671
---ebpf-pid----6671----pid-5476
---ebpf-pid----6671----pid-1
---ebpf-pid----6671----pid-6671
---ebpf-pid----6671----pid-5476
---ebpf-pid----6671----pid-1
---ebpf-pid----6671----pid-6671
---ebpf-pid----6671----pid-5476
---ebpf-pid----6671----pid-1
---ebpf-pid----6671----pid-6671
---ebpf-pid----6671----pid-5476
---ebpf-pid----6671----pid-1
---ebpf-pid----6671----pid-6671
---ebpf-pid----6671----pid-5476
---ebpf-pid----6671----pid-1
---ebpf-pid----6671----pid-6671
---ebpf-pid----6671----pid-5476
---ebpf-pid----6671----pid-1
---ebpf-pid----6671----pid-6671
---ebpf-pid----6671----pid-5476
---ebpf-pid----6671----pid-1
---ebpf-pid----6671----pid-6671
---ebpf-pid----6671----pid-5476
---ebpf-pid----6671----pid-1
---ebpf-pid----6671----pid-6671
---ebpf-pid----6671----pid-5476
---ebpf-pid----6671----pid-1
---ebpf-pid----6671----pid-6671
---ebpf-pid----6671----pid-5476
---ebpf-pid----6671----pid-1
---ebpf-pid----6671----pid-6671
---ebpf-pid----6671----pid-5476
---ebpf-pid----6671----pid-1
---ebpf-pid----6671----pid-6671
---ebpf-pid----6671----pid-5476
---ebpf-pid----6671----pid-1
---ebpf-pid----6671----pid-6671
---ebpf-pid----6671----pid-5476
---ebpf-pid----6671----pid-1
---ebpf-pid----6671----pid-6671
---ebpf-pid----6671----pid-5476
---ebpf-pid----6671----pid-1
---ebpf-pid----6671----pid-6671
---ebpf-pid----6671----pid-5476
---ebpf-pid----6671----pid-1
---ebpf-pid----6671----pid-6671
---ebpf-pid----6671----pid-5476
---ebpf-pid----6671----pid-1
---ebpf-pid----2089----pid-2089
---ebpf-pid----2089----pid-1
---ebpf-pid----2094----pid-2094
---ebpf-pid----2094----pid-1
---ebpf-pid----6671----pid-6671
---ebpf-pid----6671----pid-5476
---ebpf-pid----6671----pid-1
---ebpf-pid----6671----pid-6671
---ebpf-pid----6671----pid-5476
---ebpf-pid----6671----pid-1
---ebpf-pid----6671----pid-6671
---ebpf-pid----6671----pid-5476
---ebpf-pid----6671----pid-1
---ebpf-pid----6671----pid-6671
---ebpf-pid----6671----pid-5476
---ebpf-pid----6671----pid-1
---ebpf-pid----6671----pid-6671
---ebpf-pid----6671----pid-5476
---ebpf-pid----6671----pid-1
---ebpf-pid----6671----pid-6671
---ebpf-pid----6671----pid-5476
---ebpf-pid----6671----pid-1
---ebpf-pid----2089----pid-2089
---ebpf-pid----2089----pid-1
---ebpf-pid----2089----pid-2089
---ebpf-pid----2089----pid-1
---ebpf-pid----2089----pid-2089
---ebpf-pid----2089----pid-1
---ebpf-pid----2089----pid-2089
---ebpf-pid----2089----pid-1
---ebpf-pid----2089----pid-2089
---ebpf-pid----2089----pid-1
---ebpf-pid----2089----pid-2089
---ebpf-pid----2089----pid-1
---ebpf-pid----2089----pid-2089
---ebpf-pid----2089----pid-1
---ebpf-pid----2089----pid-2089
---ebpf-pid----2089----pid-1
---ebpf-pid----2089----pid-2089
---ebpf-pid----2089----pid-1
---ebpf-pid----2089----pid-2089
---ebpf-pid----2089----pid-1
---ebpf-pid----2089----pid-2089
---ebpf-pid----2089----pid-1
---ebpf-pid----2089----pid-2089
---ebpf-pid----2089----pid-1
---ebpf-pid----2089----pid-2089
---ebpf-pid----2089----pid-1
---ebpf-pid----2089----pid-2089
---ebpf-pid----2089----pid-1
---ebpf-pid----2089----pid-2089
---ebpf-pid----2089----pid-1
---ebpf-pid----2089----pid-2089
---ebpf-pid----2089----pid-1
---ebpf-pid----2089----pid-2089
---ebpf-pid----2089----pid-1
---ebpf-pid----2089----pid-2089
---ebpf-pid----2089----pid-1
---ebpf-pid----2089----pid-2089
---ebpf-pid----2089----pid-1
---ebpf-pid----2089----pid-2089
---ebpf-pid----2089----pid-1
---ebpf-pid----2089----pid-2089
---ebpf-pid----2089----pid-1
---ebpf-pid----2089----pid-2089
---ebpf-pid----2089----pid-1
---ebpf-pid----2089----pid-2089
---ebpf-pid----2089----pid-1
---ebpf-pid----2089----pid-2089
---ebpf-pid----2089----pid-1
---ebpf-pid----2089----pid-2089
---ebpf-pid----2089----pid-1
---ebpf-pid----2089----pid-2089
---ebpf-pid----2089----pid-1
---ebpf-pid----2089----pid-2089
---ebpf-pid----2089----pid-1
---ebpf-pid----2089----pid-2089
---ebpf-pid----2089----pid-1
---ebpf-pid----2089----pid-2089
---ebpf-pid----2089----pid-1
---ebpf-pid----2089----pid-2089
---ebpf-pid----2089----pid-1
---ebpf-pid----2089----pid-2089
---ebpf-pid----2089----pid-1
---ebpf-pid----2089----pid-2089
---ebpf-pid----2089----pid-1
---ebpf-pid----2089----pid-2089
---ebpf-pid----2089----pid-1
---ebpf-pid----2089----pid-2089
---ebpf-pid----2089----pid-1
---ebpf-pid----2089----pid-2089
---ebpf-pid----2089----pid-1
---ebpf-pid----2089----pid-2089
---ebpf-pid----2089----pid-1
---ebpf-pid----2089----pid-2089
---ebpf-pid----2089----pid-1
---ebpf-pid----2089----pid-2089
---ebpf-pid----2089----pid-1
---ebpf-pid----2089----pid-2089
---ebpf-pid----2089----pid-1
---ebpf-pid----2089----pid-2089
---ebpf-pid----2089----pid-1
---ebpf-pid----2089----pid-2089
---ebpf-pid----2089----pid-1
---ebpf-pid----2089----pid-2089
---ebpf-pid----2089----pid-1
---ebpf-pid----2089----pid-2089
---ebpf-pid----2089----pid-1
---ebpf-pid----2089----pid-2089
---ebpf-pid----2089----pid-1
---ebpf-pid----379067----pid-379067
---ebpf-pid----379067----pid-5476
---ebpf-pid----379067----pid-1
---ebpf-pid----379067----pid-379067
---ebpf-pid----379067----pid-5476
---ebpf-pid----379067----pid-1
---ebpf-pid----379067----pid-379067
---ebpf-pid----379067----pid-5476
---ebpf-pid----379067----pid-1
---ebpf-pid----379067----pid-379067
---ebpf-pid----379067----pid-5476
---ebpf-pid----379067----pid-1
---ebpf-pid----379067----pid-379067
---ebpf-pid----379067----pid-5476
---ebpf-pid----379067----pid-1
---ebpf-pid----379067----pid-379067
---ebpf-pid----379067----pid-5476
---ebpf-pid----379067----pid-1
---ebpf-pid----379067----pid-379067
---ebpf-pid----379067----pid-5476
---ebpf-pid----379067----pid-1
---ebpf-pid----379067----pid-379067
---ebpf-pid----379067----pid-5476
---ebpf-pid----379067----pid-1
---ebpf-pid----379067----pid-379067
---ebpf-pid----379067----pid-5476
---ebpf-pid----379067----pid-1
---ebpf-pid----379067----pid-379067
---ebpf-pid----379067----pid-5476
---ebpf-pid----379067----pid-1
---ebpf-pid----379067----pid-379067
---ebpf-pid----379067----pid-5476
---ebpf-pid----379067----pid-1
---ebpf-pid----379067----pid-379067
---ebpf-pid----379067----pid-5476
---ebpf-pid----379067----pid-1
---ebpf-pid----379067----pid-379067
---ebpf-pid----379067----pid-5476
---ebpf-pid----379067----pid-1
---ebpf-pid----379067----pid-379067
---ebpf-pid----379067----pid-5476
---ebpf-pid----379067----pid-1
---ebpf-pid----379067----pid-379067
---ebpf-pid----379067----pid-5476
---ebpf-pid----379067----pid-1
---ebpf-pid----5703----pid-5703
---ebpf-pid----5703----pid-5476
---ebpf-pid----5703----pid-1
---ebpf-pid----379067----pid-379067
---ebpf-pid----379067----pid-5476
---ebpf-pid----379067----pid-1
---ebpf-pid----379067----pid-379067
---ebpf-pid----379067----pid-5476
---ebpf-pid----379067----pid-1
---ebpf-pid----379067----pid-379067
---ebpf-pid----379067----pid-5476
---ebpf-pid----379067----pid-1
---ebpf-pid----379067----pid-379067
---ebpf-pid----379067----pid-5476
---ebpf-pid----379067----pid-1
---ebpf-pid----379067----pid-379067
---ebpf-pid----379067----pid-5476
---ebpf-pid----379067----pid-1
---ebpf-pid----379067----pid-379067
---ebpf-pid----379067----pid-5476
---ebpf-pid----379067----pid-1
---ebpf-pid----379067----pid-379067
---ebpf-pid----379067----pid-5476
---ebpf-pid----379067----pid-1
---ebpf-pid----379067----pid-379067
---ebpf-pid----379067----pid-5476
---ebpf-pid----379067----pid-1
---ebpf-pid----379067----pid-379067
---ebpf-pid----379067----pid-5476
---ebpf-pid----379067----pid-1
---ebpf-pid----379067----pid-379067
---ebpf-pid----379067----pid-5476
---ebpf-pid----379067----pid-1
---ebpf-pid----379067----pid-379067
---ebpf-pid----379067----pid-5476
---ebpf-pid----379067----pid-1
---ebpf-pid----379067----pid-379067
---ebpf-pid----379067----pid-5476
---ebpf-pid----379067----pid-1
---ebpf-pid----379067----pid-379067
---ebpf-pid----379067----pid-5476
---ebpf-pid----379067----pid-1
---ebpf-pid----379067----pid-379067
---ebpf-pid----379067----pid-5476
---ebpf-pid----379067----pid-1
---ebpf-pid----2012----pid-2012
---ebpf-pid----2012----pid-1
---ebpf-pid----2012----pid-2012
---ebpf-pid----2012----pid-1
---ebpf-pid----2012----pid-2012
---ebpf-pid----2012----pid-1
---ebpf-pid----2012----pid-2012
---ebpf-pid----2012----pid-1
---ebpf-pid----2012----pid-2012
---ebpf-pid----2012----pid-1
---ebpf-pid----2012----pid-2012
---ebpf-pid----2012----pid-1
---ebpf-pid----2012----pid-2012
---ebpf-pid----2012----pid-1
---ebpf-pid----2012----pid-2012
---ebpf-pid----2012----pid-1
---ebpf-pid----2012----pid-2012
---ebpf-pid----2012----pid-1
---ebpf-pid----2012----pid-2012
---ebpf-pid----2012----pid-1
---ebpf-pid----2012----pid-2012
---ebpf-pid----2012----pid-1
---ebpf-pid----2012----pid-2012
---ebpf-pid----2012----pid-1
---ebpf-pid----2012----pid-2012
---ebpf-pid----2012----pid-1
---ebpf-pid----2012----pid-2012
---ebpf-pid----2012----pid-1
---ebpf-pid----2012----pid-2012
---ebpf-pid----2012----pid-1
---ebpf-pid----2012----pid-2012
---ebpf-pid----2012----pid-1
---ebpf-pid----2012----pid-2012
---ebpf-pid----2012----pid-1
---ebpf-pid----2012----pid-2012
---ebpf-pid----2012----pid-1
---ebpf-pid----2012----pid-2012
---ebpf-pid----2012----pid-1
---ebpf-pid----2012----pid-2012
---ebpf-pid----2012----pid-1
---ebpf-pid----379067----pid-379067
---ebpf-pid----379067----pid-5476
---ebpf-pid----379067----pid-1
---ebpf-pid----379067----pid-379067
---ebpf-pid----379067----pid-5476
---ebpf-pid----379067----pid-1
---ebpf-pid----5705----pid-5705
---ebpf-pid----5705----pid-5476
---ebpf-pid----5705----pid-1
---ebpf-pid----5705----pid-5705
---ebpf-pid----5705----pid-5476
---ebpf-pid----5705----pid-1
---ebpf-pid----5705----pid-5705
---ebpf-pid----5705----pid-5476
---ebpf-pid----5705----pid-1
---ebpf-pid----5705----pid-5705
---ebpf-pid----5705----pid-5476
---ebpf-pid----5705----pid-1
---ebpf-pid----5705----pid-5705
---ebpf-pid----5705----pid-5476
---ebpf-pid----5705----pid-1
---ebpf-pid----5705----pid-5705
---ebpf-pid----5705----pid-5476
---ebpf-pid----5705----pid-1
---ebpf-pid----5705----pid-5705
---ebpf-pid----5705----pid-5476
---ebpf-pid----5705----pid-1
---ebpf-pid----5705----pid-5705
---ebpf-pid----5705----pid-5476
---ebpf-pid----5705----pid-1
---ebpf-pid----2094----pid-2094
---ebpf-pid----2094----pid-1
---ebpf-pid----2094----pid-2094
---ebpf-pid----2094----pid-1
---ebpf-pid----2094----pid-2094
---ebpf-pid----2094----pid-1
---ebpf-pid----2094----pid-2094
---ebpf-pid----2094----pid-1
---ebpf-pid----2094----pid-2094
---ebpf-pid----2094----pid-1
---ebpf-pid----2094----pid-2094
---ebpf-pid----2094----pid-1
---ebpf-pid----2094----pid-2094
---ebpf-pid----2094----pid-1
---ebpf-pid----2094----pid-2094
---ebpf-pid----2094----pid-1
---ebpf-pid----2094----pid-2094
---ebpf-pid----2094----pid-1
---ebpf-pid----2094----pid-2094
---ebpf-pid----2094----pid-1
---ebpf-pid----2094----pid-2094
---ebpf-pid----2094----pid-1
---ebpf-pid----2094----pid-2094
---ebpf-pid----2094----pid-1
---ebpf-pid----2094----pid-2094
---ebpf-pid----2094----pid-1
---ebpf-pid----2094----pid-2094
---ebpf-pid----2094----pid-1
---ebpf-pid----2094----pid-2094
---ebpf-pid----2094----pid-1
---ebpf-pid----2094----pid-2094
---ebpf-pid----2094----pid-1
---ebpf-pid----2094----pid-2094
---ebpf-pid----2094----pid-1
---ebpf-pid----2094----pid-2094
---ebpf-pid----2094----pid-1
---ebpf-pid----2094----pid-2094
---ebpf-pid----2094----pid-1
---ebpf-pid----2094----pid-2094
---ebpf-pid----2094----pid-1
---ebpf-pid----2094----pid-2094
---ebpf-pid----2094----pid-1
---ebpf-pid----2094----pid-2094
---ebpf-pid----2094----pid-1
---ebpf-pid----2094----pid-2094
---ebpf-pid----2094----pid-1
---ebpf-pid----2094----pid-2094
---ebpf-pid----2094----pid-1
---ebpf-pid----2094----pid-2094
---ebpf-pid----2094----pid-1
---ebpf-pid----2094----pid-2094
---ebpf-pid----2094----pid-1
---ebpf-pid----2094----pid-2094
---ebpf-pid----2094----pid-1
---ebpf-pid----2094----pid-2094
---ebpf-pid----2094----pid-1
---ebpf-pid----2094----pid-2094
---ebpf-pid----2094----pid-1
---ebpf-pid----2094----pid-2094
---ebpf-pid----2094----pid-1
---ebpf-pid----2094----pid-2094
---ebpf-pid----2094----pid-1
---ebpf-pid----2094----pid-2094
---ebpf-pid----2094----pid-1
---ebpf-pid----2094----pid-2094
---ebpf-pid----2094----pid-1
---ebpf-pid----2094----pid-2094
---ebpf-pid----2094----pid-1
---ebpf-pid----2094----pid-2094
---ebpf-pid----2094----pid-1
---ebpf-pid----2094----pid-2094
---ebpf-pid----2094----pid-1
---ebpf-pid----2094----pid-2094
---ebpf-pid----2094----pid-1
---ebpf-pid----2094----pid-2094
---ebpf-pid----2094----pid-1
---ebpf-pid----2094----pid-2094
---ebpf-pid----2094----pid-1
---ebpf-pid----2094----pid-2094
---ebpf-pid----2094----pid-1
---ebpf-pid----2094----pid-2094
---ebpf-pid----2094----pid-1
---ebpf-pid----2094----pid-2094
---ebpf-pid----2094----pid-1
---ebpf-pid----2094----pid-2094
---ebpf-pid----2094----pid-1
---ebpf-pid----2094----pid-2094
---ebpf-pid----2094----pid-1
---ebpf-pid----2094----pid-2094
---ebpf-pid----2094----pid-1
---ebpf-pid----2094----pid-2094
---ebpf-pid----2094----pid-1
---ebpf-pid----2094----pid-2094
---ebpf-pid----2094----pid-1
---ebpf-pid----2094----pid-2094
---ebpf-pid----2094----pid-1
---ebpf-pid----2094----pid-2094
---ebpf-pid----2094----pid-1
---ebpf-pid----2094----pid-2094
---ebpf-pid----2094----pid-1
---ebpf-pid----2012----pid-2012
---ebpf-pid----2012----pid-1
---ebpf-pid----2012----pid-2012
---ebpf-pid----2012----pid-1
---ebpf-pid----2012----pid-2012
---ebpf-pid----2012----pid-1
---ebpf-pid----2012----pid-2012
---ebpf-pid----2012----pid-1
---ebpf-pid----2012----pid-2012
---ebpf-pid----2012----pid-1
---ebpf-pid----2012----pid-2012
---ebpf-pid----2012----pid-1
---ebpf-pid----2012----pid-2012
---ebpf-pid----2012----pid-1
---ebpf-pid----2012----pid-2012
---ebpf-pid----2012----pid-1
---ebpf-pid----2012----pid-2012
---ebpf-pid----2012----pid-1
---ebpf-pid----2012----pid-2012
---ebpf-pid----2012----pid-1
---ebpf-pid----379067----pid-379067
---ebpf-pid----379067----pid-5476
---ebpf-pid----379067----pid-1
---ebpf-pid----379067----pid-379067
---ebpf-pid----379067----pid-5476
---ebpf-pid----379067----pid-1
---ebpf-pid----379067----pid-379067
---ebpf-pid----379067----pid-5476
---ebpf-pid----379067----pid-1
---ebpf-pid----379067----pid-379067
---ebpf-pid----379067----pid-5476
---ebpf-pid----379067----pid-1
---ebpf-pid----379067----pid-379067
---ebpf-pid----379067----pid-5476
---ebpf-pid----379067----pid-1
---ebpf-pid----379067----pid-379067
---ebpf-pid----379067----pid-5476
---ebpf-pid----379067----pid-1
---ebpf-pid----379067----pid-379067
---ebpf-pid----379067----pid-5476
---ebpf-pid----379067----pid-1
---ebpf-pid----379067----pid-379067
---ebpf-pid----379067----pid-5476
---ebpf-pid----379067----pid-1
---ebpf-pid----379067----pid-379067
---ebpf-pid----379067----pid-5476
---ebpf-pid----379067----pid-1
---ebpf-pid----379067----pid-379067
---ebpf-pid----379067----pid-5476
---ebpf-pid----379067----pid-1
---ebpf-pid----5705----pid-5705
---ebpf-pid----5705----pid-5476
---ebpf-pid----5705----pid-1
---ebpf-pid----5705----pid-5705
---ebpf-pid----5705----pid-5476
---ebpf-pid----5705----pid-1
---ebpf-pid----5705----pid-5705
---ebpf-pid----5705----pid-5476
---ebpf-pid----5705----pid-1
---ebpf-pid----5705----pid-5705
---ebpf-pid----5705----pid-5476
---ebpf-pid----5705----pid-1
---ebpf-pid----5705----pid-5705
---ebpf-pid----5705----pid-5476
---ebpf-pid----5705----pid-1
---ebpf-pid----5705----pid-5705
---ebpf-pid----5705----pid-5476
---ebpf-pid----5705----pid-1
---ebpf-pid----5705----pid-5705
---ebpf-pid----5705----pid-5476
---ebpf-pid----5705----pid-1
---ebpf-pid----5705----pid-5705
---ebpf-pid----5705----pid-5476
---ebpf-pid----5705----pid-1
---ebpf-pid----5705----pid-5705
---ebpf-pid----5705----pid-5476
---ebpf-pid----5705----pid-1
---ebpf-pid----5705----pid-5705
---ebpf-pid----5705----pid-5476
---ebpf-pid----5705----pid-1
---ebpf-pid----5705----pid-5705
---ebpf-pid----5705----pid-5476
---ebpf-pid----5705----pid-1
---ebpf-pid----5705----pid-5705
---ebpf-pid----5705----pid-5476
---ebpf-pid----5705----pid-1
---ebpf-pid----5705----pid-5705
---ebpf-pid----5705----pid-5476
---ebpf-pid----5705----pid-1
---ebpf-pid----5705----pid-5705
---ebpf-pid----5705----pid-5476
---ebpf-pid----5705----pid-1
---ebpf-pid----5705----pid-5705
---ebpf-pid----5705----pid-5476
---ebpf-pid----5705----pid-1
---ebpf-pid----5705----pid-5705
---ebpf-pid----5705----pid-5476
---ebpf-pid----5705----pid-1
---ebpf-pid----5705----pid-5705
---ebpf-pid----5705----pid-5476
---ebpf-pid----5705----pid-1
---ebpf-pid----5705----pid-5705
---ebpf-pid----5705----pid-5476
---ebpf-pid----5705----pid-1
---ebpf-pid----5705----pid-5705
---ebpf-pid----5705----pid-5476
---ebpf-pid----5705----pid-1
---ebpf-pid----5705----pid-5705
---ebpf-pid----5705----pid-5476
---ebpf-pid----5705----pid-1
---ebpf-pid----5705----pid-5705
---ebpf-pid----5705----pid-5476
---ebpf-pid----5705----pid-1
---ebpf-pid----5705----pid-5705
---ebpf-pid----5705----pid-5476
---ebpf-pid----5705----pid-1
---ebpf-pid----5705----pid-5705
---ebpf-pid----5705----pid-5476
---ebpf-pid----5705----pid-1
---ebpf-pid----5705----pid-5705
---ebpf-pid----5705----pid-5476
---ebpf-pid----5705----pid-1
---ebpf-pid----5705----pid-5705
---ebpf-pid----5705----pid-5476
---ebpf-pid----5705----pid-1
---ebpf-pid----5705----pid-5705
---ebpf-pid----5705----pid-5476
---ebpf-pid----5705----pid-1
---ebpf-pid----5705----pid-5705
---ebpf-pid----5705----pid-5476
---ebpf-pid----5705----pid-1
---ebpf-pid----2094----pid-2094
---ebpf-pid----2094----pid-1
---ebpf-pid----2094----pid-2094
---ebpf-pid----2094----pid-1
---ebpf-pid----2089----pid-2089
---ebpf-pid----2089----pid-1
---ebpf-pid----2094----pid-2094
---ebpf-pid----2094----pid-1
---ebpf-pid----2094----pid-2094
---ebpf-pid----2094----pid-1
---ebpf-pid----2094----pid-2094
---ebpf-pid----2094----pid-1
---ebpf-pid----2094----pid-2094
---ebpf-pid----2094----pid-1
---ebpf-pid----2094----pid-2094
---ebpf-pid----2094----pid-1
---ebpf-pid----2094----pid-2094
---ebpf-pid----2094----pid-1
---ebpf-pid----2094----pid-2094
---ebpf-pid----2094----pid-1
---ebpf-pid----2094----pid-2094
---ebpf-pid----2094----pid-1
---ebpf-pid----2094----pid-2094
---ebpf-pid----2094----pid-1
---ebpf-pid----2094----pid-2094
---ebpf-pid----2094----pid-1
---ebpf-pid----2094----pid-2094
---ebpf-pid----2094----pid-1
---ebpf-pid----2094----pid-2094
---ebpf-pid----2094----pid-1
---ebpf-pid----2094----pid-2094
---ebpf-pid----2094----pid-1
---ebpf-pid----2094----pid-2094
---ebpf-pid----2094----pid-1
---ebpf-pid----2094----pid-2094
---ebpf-pid----2094----pid-1
---ebpf-pid----2094----pid-2094
---ebpf-pid----2094----pid-1
---ebpf-pid----2094----pid-2094
---ebpf-pid----2094----pid-1
---ebpf-pid----2094----pid-2094
---ebpf-pid----2094----pid-1
---ebpf-pid----2094----pid-2094
---ebpf-pid----2094----pid-1
---ebpf-pid----2094----pid-2094
---ebpf-pid----2094----pid-1
---ebpf-pid----2094----pid-2094
---ebpf-pid----2094----pid-1
---ebpf-pid----2094----pid-2094
---ebpf-pid----2094----pid-1
---ebpf-pid----2094----pid-2094
---ebpf-pid----2094----pid-1
---ebpf-pid----2094----pid-2094
---ebpf-pid----2094----pid-1
---ebpf-pid----2094----pid-2094
---ebpf-pid----2094----pid-1
---ebpf-pid----2094----pid-2094
---ebpf-pid----2094----pid-1
---ebpf-pid----2094----pid-2094
---ebpf-pid----2094----pid-1
---ebpf-pid----2094----pid-2094
---ebpf-pid----2094----pid-1
---ebpf-pid----2094----pid-2094
---ebpf-pid----2094----pid-1
---ebpf-pid----2094----pid-2094
---ebpf-pid----2094----pid-1
---ebpf-pid----373029----pid-373029
---ebpf-pid----373029----pid-5476
---ebpf-pid----373029----pid-1
---ebpf-pid----373029----pid-373029
---ebpf-pid----373029----pid-5476
---ebpf-pid----373029----pid-1
---ebpf-pid----373029----pid-373029
---ebpf-pid----373029----pid-5476
---ebpf-pid----373029----pid-1
---ebpf-pid----373029----pid-373029
---ebpf-pid----373029----pid-5476
---ebpf-pid----373029----pid-1
---ebpf-pid----373029----pid-373029
---ebpf-pid----373029----pid-5476
---ebpf-pid----373029----pid-1
---ebpf-pid----373029----pid-373029
---ebpf-pid----373029----pid-5476
---ebpf-pid----373029----pid-1
---ebpf-pid----373029----pid-373029
---ebpf-pid----373029----pid-5476
---ebpf-pid----373029----pid-1
---ebpf-pid----373029----pid-373029
---ebpf-pid----373029----pid-5476
---ebpf-pid----373029----pid-1
---ebpf-pid----373029----pid-373029
---ebpf-pid----373029----pid-5476
---ebpf-pid----373029----pid-1
---ebpf-pid----373029----pid-373029
---ebpf-pid----373029----pid-5476
---ebpf-pid----373029----pid-1
---ebpf-pid----6671----pid-6671
---ebpf-pid----6671----pid-5476
---ebpf-pid----6671----pid-1
---ebpf-pid----6671----pid-6671
---ebpf-pid----6671----pid-5476
---ebpf-pid----6671----pid-1
---ebpf-pid----5705----pid-5705
---ebpf-pid----5705----pid-5476
---ebpf-pid----5705----pid-1
---ebpf-pid----373029----pid-373029
---ebpf-pid----373029----pid-5476
---ebpf-pid----373029----pid-1
---ebpf-pid----373029----pid-373029
---ebpf-pid----373029----pid-5476
---ebpf-pid----373029----pid-1
---ebpf-pid----6671----pid-6671
---ebpf-pid----6671----pid-5476
---ebpf-pid----6671----pid-1
---ebpf-pid----6671----pid-6671
---ebpf-pid----6671----pid-5476
---ebpf-pid----6671----pid-1
---ebpf-pid----2012----pid-2012
---ebpf-pid----2012----pid-1
---ebpf-pid----6671----pid-6671
---ebpf-pid----6671----pid-5476
---ebpf-pid----6671----pid-1
---ebpf-pid----373029----pid-373029
---ebpf-pid----373029----pid-5476
---ebpf-pid----373029----pid-1
---ebpf-pid----6671----pid-6671
---ebpf-pid----6671----pid-5476
---ebpf-pid----6671----pid-1
---ebpf-pid----6671----pid-6671
---ebpf-pid----6671----pid-5476
---ebpf-pid----6671----pid-1
---ebpf-pid----6671----pid-6671
---ebpf-pid----6671----pid-5476
---ebpf-pid----6671----pid-1
---ebpf-pid----6671----pid-6671
---ebpf-pid----6671----pid-5476
---ebpf-pid----6671----pid-1
---ebpf-pid----6671----pid-6671
---ebpf-pid----6671----pid-5476
---ebpf-pid----6671----pid-1
---ebpf-pid----6671----pid-6671
---ebpf-pid----6671----pid-5476
---ebpf-pid----6671----pid-1
---ebpf-pid----6671----pid-6671
---ebpf-pid----6671----pid-5476
---ebpf-pid----6671----pid-1
---ebpf-pid----6671----pid-6671
---ebpf-pid----6671----pid-5476
---ebpf-pid----6671----pid-1
---ebpf-pid----6671----pid-6671
---ebpf-pid----6671----pid-5476
---ebpf-pid----6671----pid-1
---ebpf-pid----6671----pid-6671
---ebpf-pid----6671----pid-5476
---ebpf-pid----6671----pid-1
---ebpf-pid----6671----pid-6671
---ebpf-pid----6671----pid-5476
---ebpf-pid----6671----pid-1
---ebpf-pid----6671----pid-6671
---ebpf-pid----6671----pid-5476
---ebpf-pid----6671----pid-1
---ebpf-pid----6671----pid-6671
---ebpf-pid----6671----pid-5476
---ebpf-pid----6671----pid-1
---ebpf-pid----379067----pid-379067
---ebpf-pid----379067----pid-5476
---ebpf-pid----379067----pid-1
---ebpf-pid----379067----pid-379067
---ebpf-pid----379067----pid-5476
---ebpf-pid----379067----pid-1
---ebpf-pid----6671----pid-6671
---ebpf-pid----6671----pid-5476
---ebpf-pid----6671----pid-1
---ebpf-pid----6671----pid-6671
---ebpf-pid----6671----pid-5476
---ebpf-pid----6671----pid-1
---ebpf-pid----6671----pid-6671
---ebpf-pid----6671----pid-5476
---ebpf-pid----6671----pid-1
---ebpf-pid----379067----pid-379067
---ebpf-pid----379067----pid-5476
---ebpf-pid----379067----pid-1
---ebpf-pid----379067----pid-379067
---ebpf-pid----379067----pid-5476
---ebpf-pid----379067----pid-1
---ebpf-pid----379067----pid-379067
---ebpf-pid----379067----pid-5476
---ebpf-pid----379067----pid-1
---ebpf-pid----379067----pid-379067
---ebpf-pid----379067----pid-5476
---ebpf-pid----379067----pid-1
---ebpf-pid----379067----pid-379067
---ebpf-pid----379067----pid-5476
---ebpf-pid----379067----pid-1
---ebpf-pid----379067----pid-379067
---ebpf-pid----379067----pid-5476
---ebpf-pid----379067----pid-1
---ebpf-pid----379067----pid-379067
---ebpf-pid----379067----pid-5476
---ebpf-pid----379067----pid-1
---ebpf-pid----379067----pid-379067
---ebpf-pid----379067----pid-5476
---ebpf-pid----379067----pid-1
---ebpf-pid----379067----pid-379067
---ebpf-pid----379067----pid-5476
---ebpf-pid----379067----pid-1
---ebpf-pid----379067----pid-379067
---ebpf-pid----379067----pid-5476
---ebpf-pid----379067----pid-1
---ebpf-pid----373029----pid-373029
---ebpf-pid----373029----pid-5476
---ebpf-pid----373029----pid-1
---ebpf-pid----379067----pid-379067
---ebpf-pid----379067----pid-5476
---ebpf-pid----379067----pid-1
---ebpf-pid----6671----pid-6671
---ebpf-pid----6671----pid-5476
---ebpf-pid----6671----pid-1
---ebpf-pid----6671----pid-6671
---ebpf-pid----6671----pid-5476
---ebpf-pid----6671----pid-1
---ebpf-pid----6671----pid-6671
---ebpf-pid----6671----pid-5476
---ebpf-pid----6671----pid-1
---ebpf-pid----6671----pid-6671
---ebpf-pid----6671----pid-5476
---ebpf-pid----6671----pid-1
---ebpf-pid----6671----pid-6671
---ebpf-pid----6671----pid-5476
---ebpf-pid----6671----pid-1
---ebpf-pid----6671----pid-6671
---ebpf-pid----6671----pid-5476
---ebpf-pid----6671----pid-1
---ebpf-pid----6671----pid-6671
---ebpf-pid----6671----pid-5476
---ebpf-pid----6671----pid-1
---ebpf-pid----6671----pid-6671
---ebpf-pid----6671----pid-5476
---ebpf-pid----6671----pid-1
---ebpf-pid----6671----pid-6671
---ebpf-pid----6671----pid-5476
---ebpf-pid----6671----pid-1
---ebpf-pid----6671----pid-6671
---ebpf-pid----6671----pid-5476
---ebpf-pid----6671----pid-1
---ebpf-pid----6671----pid-6671
---ebpf-pid----6671----pid-5476
---ebpf-pid----6671----pid-1
---ebpf-pid----6671----pid-6671
---ebpf-pid----6671----pid-5476
---ebpf-pid----6671----pid-1
---ebpf-pid----6671----pid-6671
---ebpf-pid----6671----pid-5476
---ebpf-pid----6671----pid-1
---ebpf-pid----6671----pid-6671
---ebpf-pid----6671----pid-5476
---ebpf-pid----6671----pid-1
---ebpf-pid----6671----pid-6671
---ebpf-pid----6671----pid-5476
---ebpf-pid----6671----pid-1
---ebpf-pid----6671----pid-6671
---ebpf-pid----6671----pid-5476
---ebpf-pid----6671----pid-1
---ebpf-pid----6671----pid-6671
---ebpf-pid----6671----pid-5476
---ebpf-pid----6671----pid-1
---ebpf-pid----6671----pid-6671
---ebpf-pid----6671----pid-5476
---ebpf-pid----6671----pid-1
---ebpf-pid----6671----pid-6671
---ebpf-pid----6671----pid-5476
---ebpf-pid----6671----pid-1
---ebpf-pid----379067----pid-379067
---ebpf-pid----379067----pid-5476
---ebpf-pid----379067----pid-1
---ebpf-pid----379067----pid-379067
---ebpf-pid----379067----pid-5476
---ebpf-pid----379067----pid-1
---ebpf-pid----379067----pid-379067
---ebpf-pid----379067----pid-5476
---ebpf-pid----379067----pid-1
---ebpf-pid----379067----pid-379067
---ebpf-pid----379067----pid-5476
---ebpf-pid----379067----pid-1
---ebpf-pid----379067----pid-379067
---ebpf-pid----379067----pid-5476
---ebpf-pid----379067----pid-1
---ebpf-pid----379067----pid-379067
---ebpf-pid----379067----pid-5476
---ebpf-pid----379067----pid-1
---ebpf-pid----379067----pid-379067
---ebpf-pid----379067----pid-5476
---ebpf-pid----379067----pid-1
---ebpf-pid----379067----pid-379067
---ebpf-pid----379067----pid-5476
---ebpf-pid----379067----pid-1
---ebpf-pid----379067----pid-379067
---ebpf-pid----379067----pid-5476
---ebpf-pid----379067----pid-1
---ebpf-pid----379067----pid-379067
---ebpf-pid----379067----pid-5476
---ebpf-pid----379067----pid-1
---ebpf-pid----379067----pid-379067
---ebpf-pid----379067----pid-5476
---ebpf-pid----379067----pid-1
---ebpf-pid----5705----pid-5705
---ebpf-pid----5705----pid-5476
---ebpf-pid----5705----pid-1
---ebpf-pid----5705----pid-5705
---ebpf-pid----5705----pid-5476
---ebpf-pid----5705----pid-1
---ebpf-pid----5705----pid-5705
---ebpf-pid----5705----pid-5476
---ebpf-pid----5705----pid-1
---ebpf-pid----5705----pid-5705
---ebpf-pid----5705----pid-5476
---ebpf-pid----5705----pid-1
---ebpf-pid----5705----pid-5705
---ebpf-pid----5705----pid-5476
---ebpf-pid----5705----pid-1
---ebpf-pid----5705----pid-5705
---ebpf-pid----5705----pid-5476
---ebpf-pid----5705----pid-1
---ebpf-pid----5705----pid-5705
---ebpf-pid----5705----pid-5476
---ebpf-pid----5705----pid-1
---ebpf-pid----5705----pid-5705
---ebpf-pid----5705----pid-5476
---ebpf-pid----5705----pid-1
---ebpf-pid----5705----pid-5705
---ebpf-pid----5705----pid-5476
---ebpf-pid----5705----pid-1
---ebpf-pid----5705----pid-5705
---ebpf-pid----5705----pid-5476
---ebpf-pid----5705----pid-1
---ebpf-pid----373029----pid-373029
---ebpf-pid----373029----pid-5476
---ebpf-pid----373029----pid-1
---ebpf-pid----373029----pid-373029
---ebpf-pid----373029----pid-5476
---ebpf-pid----373029----pid-1
---ebpf-pid----373029----pid-373029
---ebpf-pid----373029----pid-5476
---ebpf-pid----373029----pid-1
---ebpf-pid----373029----pid-373029
---ebpf-pid----373029----pid-5476
---ebpf-pid----373029----pid-1
---ebpf-pid----373029----pid-373029
---ebpf-pid----373029----pid-5476
---ebpf-pid----373029----pid-1
---ebpf-pid----5705----pid-5705
---ebpf-pid----5705----pid-5476
---ebpf-pid----5705----pid-1
---ebpf-pid----5705----pid-5705
---ebpf-pid----5705----pid-5476
---ebpf-pid----5705----pid-1
---ebpf-pid----373029----pid-373029
---ebpf-pid----373029----pid-5476
---ebpf-pid----373029----pid-1
---ebpf-pid----373029----pid-373029
---ebpf-pid----373029----pid-5476
---ebpf-pid----373029----pid-1
---ebpf-pid----373029----pid-373029
---ebpf-pid----373029----pid-5476
---ebpf-pid----373029----pid-1
---ebpf-pid----5705----pid-5705
---ebpf-pid----5705----pid-5476
---ebpf-pid----5705----pid-1
---ebpf-pid----373029----pid-373029
---ebpf-pid----373029----pid-5476
---ebpf-pid----373029----pid-1
---ebpf-pid----373029----pid-373029
---ebpf-pid----373029----pid-5476
---ebpf-pid----373029----pid-1
---ebpf-pid----373029----pid-373029
---ebpf-pid----373029----pid-5476
---ebpf-pid----373029----pid-1
---ebpf-pid----373029----pid-373029
---ebpf-pid----373029----pid-5476
---ebpf-pid----373029----pid-1
---ebpf-pid----5705----pid-5705
---ebpf-pid----5705----pid-5476
---ebpf-pid----5705----pid-1
---ebpf-pid----5705----pid-5705
---ebpf-pid----5705----pid-5476
---ebpf-pid----5705----pid-1
---ebpf-pid----373029----pid-373029
---ebpf-pid----373029----pid-5476
---ebpf-pid----373029----pid-1
---ebpf-pid----5705----pid-5705
---ebpf-pid----5705----pid-5476
---ebpf-pid----5705----pid-1
---ebpf-pid----373029----pid-373029
---ebpf-pid----373029----pid-5476
---ebpf-pid----373029----pid-1
---ebpf-pid----6671----pid-6671
---ebpf-pid----6671----pid-5476
---ebpf-pid----6671----pid-1
---ebpf-pid----5705----pid-5705
---ebpf-pid----5705----pid-5476
---ebpf-pid----5705----pid-1
---ebpf-pid----5705----pid-5705
---ebpf-pid----5705----pid-5476
---ebpf-pid----5705----pid-1
---ebpf-pid----6671----pid-6671
---ebpf-pid----6671----pid-5476
---ebpf-pid----6671----pid-1
---ebpf-pid----6671----pid-6671
---ebpf-pid----6671----pid-5476
---ebpf-pid----6671----pid-1
---ebpf-pid----5705----pid-5705
---ebpf-pid----5705----pid-5476
---ebpf-pid----5705----pid-1
---ebpf-pid----5705----pid-5705
---ebpf-pid----5705----pid-5476
---ebpf-pid----5705----pid-1
---ebpf-pid----6671----pid-6671
---ebpf-pid----6671----pid-5476
---ebpf-pid----6671----pid-1
---ebpf-pid----6671----pid-6671
---ebpf-pid----6671----pid-5476
---ebpf-pid----6671----pid-1
---ebpf-pid----6671----pid-6671
---ebpf-pid----6671----pid-5476
---ebpf-pid----6671----pid-1
---ebpf-pid----5705----pid-5705
---ebpf-pid----5705----pid-5476
---ebpf-pid----5705----pid-1
---ebpf-pid----5705----pid-5705
---ebpf-pid----5705----pid-5476
---ebpf-pid----5705----pid-1
---ebpf-pid----5707----pid-5707
---ebpf-pid----5707----pid-5476
---ebpf-pid----5707----pid-1
---ebpf-pid----5707----pid-5707
---ebpf-pid----5707----pid-5476
---ebpf-pid----5707----pid-1
---ebpf-pid----5705----pid-5705
---ebpf-pid----5705----pid-5476
---ebpf-pid----5705----pid-1
---ebpf-pid----5705----pid-5705
---ebpf-pid----5705----pid-5476
---ebpf-pid----5705----pid-1
---ebpf-pid----5705----pid-5705
---ebpf-pid----5705----pid-5476
---ebpf-pid----5705----pid-1
---ebpf-pid----5707----pid-5707
---ebpf-pid----5707----pid-5476
---ebpf-pid----5707----pid-1
---ebpf-pid----5707----pid-5707
---ebpf-pid----5707----pid-5476
---ebpf-pid----5707----pid-1
---ebpf-pid----5705----pid-5705
---ebpf-pid----5705----pid-5476
---ebpf-pid----5705----pid-1
---ebpf-pid----6671----pid-6671
---ebpf-pid----6671----pid-5476
---ebpf-pid----6671----pid-1
---ebpf-pid----6671----pid-6671
---ebpf-pid----6671----pid-5476
---ebpf-pid----6671----pid-1
---ebpf-pid----6671----pid-6671
---ebpf-pid----6671----pid-5476
---ebpf-pid----6671----pid-1
---ebpf-pid----6671----pid-6671
---ebpf-pid----6671----pid-5476
---ebpf-pid----6671----pid-1
---ebpf-pid----6671----pid-6671
---ebpf-pid----6671----pid-5476
---ebpf-pid----6671----pid-1
---ebpf-pid----6671----pid-6671
---ebpf-pid----6671----pid-5476
---ebpf-pid----6671----pid-1
---ebpf-pid----6671----pid-6671
---ebpf-pid----6671----pid-5476
---ebpf-pid----6671----pid-1
---ebpf-pid----6671----pid-6671
---ebpf-pid----6671----pid-5476
---ebpf-pid----6671----pid-1
---ebpf-pid----6671----pid-6671
---ebpf-pid----6671----pid-5476
---ebpf-pid----6671----pid-1
---ebpf-pid----6671----pid-6671
---ebpf-pid----6671----pid-5476
---ebpf-pid----6671----pid-1
---ebpf-pid----379067----pid-379067
---ebpf-pid----379067----pid-5476
---ebpf-pid----379067----pid-1
---ebpf-pid----5707----pid-5707
---ebpf-pid----5707----pid-5476
---ebpf-pid----5707----pid-1
---ebpf-pid----5707----pid-5707
---ebpf-pid----5707----pid-5476
---ebpf-pid----5707----pid-1
---ebpf-pid----379067----pid-379067
---ebpf-pid----379067----pid-5476
---ebpf-pid----379067----pid-1
---ebpf-pid----5705----pid-5705
---ebpf-pid----5705----pid-5476
---ebpf-pid----5705----pid-1
---ebpf-pid----5705----pid-5705
---ebpf-pid----5705----pid-5476
---ebpf-pid----5705----pid-1
---ebpf-pid----379067----pid-379067
---ebpf-pid----379067----pid-5476
---ebpf-pid----379067----pid-1
---ebpf-pid----379067----pid-379067
---ebpf-pid----379067----pid-5476
---ebpf-pid----379067----pid-1
---ebpf-pid----379067----pid-379067
---ebpf-pid----379067----pid-5476
---ebpf-pid----379067----pid-1
---ebpf-pid----379067----pid-379067
---ebpf-pid----379067----pid-5476
---ebpf-pid----379067----pid-1
---ebpf-pid----6671----pid-6671
---ebpf-pid----6671----pid-5476
---ebpf-pid----6671----pid-1
---ebpf-pid----6671----pid-6671
---ebpf-pid----6671----pid-5476
---ebpf-pid----6671----pid-1
---ebpf-pid----6671----pid-6671
---ebpf-pid----6671----pid-5476
---ebpf-pid----6671----pid-1
---ebpf-pid----6671----pid-6671
---ebpf-pid----6671----pid-5476
---ebpf-pid----6671----pid-1
---ebpf-pid----6671----pid-6671
---ebpf-pid----6671----pid-5476
---ebpf-pid----6671----pid-1
---ebpf-pid----6671----pid-6671
---ebpf-pid----6671----pid-5476
---ebpf-pid----6671----pid-1
---ebpf-pid----6671----pid-6671
---ebpf-pid----6671----pid-5476
---ebpf-pid----6671----pid-1
---ebpf-pid----6671----pid-6671
---ebpf-pid----6671----pid-5476
---ebpf-pid----6671----pid-1
---ebpf-pid----6671----pid-6671
---ebpf-pid----6671----pid-5476
---ebpf-pid----6671----pid-1
---ebpf-pid----6671----pid-6671
---ebpf-pid----6671----pid-5476
---ebpf-pid----6671----pid-1
---ebpf-pid----6671----pid-6671
---ebpf-pid----6671----pid-5476
---ebpf-pid----6671----pid-1
---ebpf-pid----6671----pid-6671
---ebpf-pid----6671----pid-5476
---ebpf-pid----6671----pid-1
---ebpf-pid----6671----pid-6671
---ebpf-pid----6671----pid-5476
---ebpf-pid----6671----pid-1
---ebpf-pid----5707----pid-5707
---ebpf-pid----5707----pid-5476
---ebpf-pid----5707----pid-1
---ebpf-pid----5707----pid-5707
---ebpf-pid----5707----pid-5476
---ebpf-pid----5707----pid-1
---ebpf-pid----5707----pid-5707
---ebpf-pid----5707----pid-5476
---ebpf-pid----5707----pid-1
---ebpf-pid----5707----pid-5707
---ebpf-pid----5707----pid-5476
---ebpf-pid----5707----pid-1
---ebpf-pid----5707----pid-5707
---ebpf-pid----5707----pid-5476
---ebpf-pid----5707----pid-1
---ebpf-pid----5707----pid-5707
---ebpf-pid----5707----pid-5476
---ebpf-pid----5707----pid-1
---ebpf-pid----5707----pid-5707
---ebpf-pid----5707----pid-5476
---ebpf-pid----5707----pid-1
---ebpf-pid----5707----pid-5707
---ebpf-pid----5707----pid-5476
---ebpf-pid----5707----pid-1
---ebpf-pid----5707----pid-5707
---ebpf-pid----5707----pid-5476
---ebpf-pid----5707----pid-1
---ebpf-pid----5707----pid-5707
---ebpf-pid----5707----pid-5476
---ebpf-pid----5707----pid-1
---ebpf-pid----5707----pid-5707
---ebpf-pid----5707----pid-5476
---ebpf-pid----5707----pid-1
---ebpf-pid----5707----pid-5707
---ebpf-pid----5707----pid-5476
---ebpf-pid----5707----pid-1
---ebpf-pid----5707----pid-5707
---ebpf-pid----5707----pid-5476
---ebpf-pid----5707----pid-1
---ebpf-pid----5707----pid-5707
---ebpf-pid----5707----pid-5476
---ebpf-pid----5707----pid-1
---ebpf-pid----5707----pid-5707
---ebpf-pid----5707----pid-5476
---ebpf-pid----5707----pid-1
---ebpf-pid----5707----pid-5707
---ebpf-pid----5707----pid-5476
---ebpf-pid----5707----pid-1
---ebpf-pid----5707----pid-5707
---ebpf-pid----5707----pid-5476
---ebpf-pid----5707----pid-1
---ebpf-pid----2029----pid-2029
---ebpf-pid----2029----pid-1
---ebpf-pid----2029----pid-2029
---ebpf-pid----2029----pid-1
---ebpf-pid----2029----pid-2029
---ebpf-pid----2029----pid-1
---ebpf-pid----2029----pid-2029
---ebpf-pid----2029----pid-1
---ebpf-pid----2029----pid-2029
---ebpf-pid----2029----pid-1
---ebpf-pid----2029----pid-2029
---ebpf-pid----2029----pid-1
---ebpf-pid----2029----pid-2029
---ebpf-pid----2029----pid-1
---ebpf-pid----2029----pid-2029
---ebpf-pid----2029----pid-1
---ebpf-pid----2029----pid-2029
---ebpf-pid----2029----pid-1
---ebpf-pid----2029----pid-2029
---ebpf-pid----2029----pid-1
---ebpf-pid----372881----pid-372881
---ebpf-pid----372881----pid-1
---ebpf-pid----372881----pid-372881
---ebpf-pid----372881----pid-1
---ebpf-pid----372881----pid-372881
---ebpf-pid----372881----pid-1
---ebpf-pid----372881----pid-372881
---ebpf-pid----372881----pid-1
---ebpf-pid----372881----pid-372881
---ebpf-pid----372881----pid-1
---ebpf-pid----372881----pid-372881
---ebpf-pid----372881----pid-1
---ebpf-pid----372881----pid-372881
---ebpf-pid----372881----pid-1
---ebpf-pid----372881----pid-372881
---ebpf-pid----372881----pid-1
---ebpf-pid----372881----pid-372881
---ebpf-pid----372881----pid-1
---ebpf-pid----372881----pid-372881
---ebpf-pid----372881----pid-1
---ebpf-pid----372881----pid-372881
---ebpf-pid----372881----pid-1
---ebpf-pid----372881----pid-372881
---ebpf-pid----372881----pid-1
---ebpf-pid----372881----pid-372881
---ebpf-pid----372881----pid-1
---ebpf-pid----372881----pid-372881
---ebpf-pid----372881----pid-1
---ebpf-pid----372881----pid-372881
---ebpf-pid----372881----pid-1
---ebpf-pid----372881----pid-372881
---ebpf-pid----372881----pid-1
---ebpf-pid----372881----pid-372881
---ebpf-pid----372881----pid-1
---ebpf-pid----372881----pid-372881
---ebpf-pid----372881----pid-1
---ebpf-pid----372881----pid-372881
---ebpf-pid----372881----pid-1
---ebpf-pid----372881----pid-372881
---ebpf-pid----372881----pid-1
---ebpf-pid----372881----pid-372881
---ebpf-pid----372881----pid-1
---ebpf-pid----372881----pid-372881
---ebpf-pid----372881----pid-1
---ebpf-pid----372881----pid-372881
---ebpf-pid----372881----pid-1
---ebpf-pid----372881----pid-372881
---ebpf-pid----372881----pid-1
---ebpf-pid----372881----pid-372881
---ebpf-pid----372881----pid-1
---ebpf-pid----372881----pid-372881
---ebpf-pid----372881----pid-1
---ebpf-pid----372881----pid-372881
---ebpf-pid----372881----pid-1
---ebpf-pid----372881----pid-372881
---ebpf-pid----372881----pid-1
---ebpf-pid----372881----pid-372881
---ebpf-pid----372881----pid-1
---ebpf-pid----372881----pid-372881
---ebpf-pid----372881----pid-1
---ebpf-pid----5705----pid-5705
---ebpf-pid----5705----pid-5476
---ebpf-pid----5705----pid-1
---ebpf-pid----5705----pid-5705
---ebpf-pid----5705----pid-5476
---ebpf-pid----5705----pid-1
---ebpf-pid----5705----pid-5705
---ebpf-pid----5705----pid-5476
---ebpf-pid----5705----pid-1
---ebpf-pid----5705----pid-5705
---ebpf-pid----5705----pid-5476
---ebpf-pid----5705----pid-1
---ebpf-pid----5705----pid-5705
---ebpf-pid----5705----pid-5476
---ebpf-pid----5705----pid-1
---ebpf-pid----5705----pid-5705
---ebpf-pid----5705----pid-5476
---ebpf-pid----5705----pid-1
---ebpf-pid----5705----pid-5705
---ebpf-pid----5705----pid-5476
---ebpf-pid----5705----pid-1
---ebpf-pid----5705----pid-5705
---ebpf-pid----5705----pid-5476
---ebpf-pid----5705----pid-1
---ebpf-pid----5705----pid-5705
---ebpf-pid----5705----pid-5476
---ebpf-pid----5705----pid-1
---ebpf-pid----5705----pid-5705
---ebpf-pid----5705----pid-5476
---ebpf-pid----5705----pid-1
---ebpf-pid----5705----pid-5705
---ebpf-pid----5705----pid-5476
---ebpf-pid----5705----pid-1
---ebpf-pid----5705----pid-5705
---ebpf-pid----5705----pid-5476
---ebpf-pid----5705----pid-1
---ebpf-pid----5705----pid-5705
---ebpf-pid----5705----pid-5476
---ebpf-pid----5705----pid-1
---ebpf-pid----5705----pid-5705
---ebpf-pid----5705----pid-5476
---ebpf-pid----5705----pid-1
---ebpf-pid----5705----pid-5705
---ebpf-pid----5705----pid-5476
---ebpf-pid----5705----pid-1
---ebpf-pid----5705----pid-5705
---ebpf-pid----5705----pid-5476
---ebpf-pid----5705----pid-1
---ebpf-pid----5705----pid-5705
---ebpf-pid----5705----pid-5476
---ebpf-pid----5705----pid-1
---ebpf-pid----5705----pid-5705
---ebpf-pid----5705----pid-5476
---ebpf-pid----5705----pid-1
---ebpf-pid----5705----pid-5705
---ebpf-pid----5705----pid-5476
---ebpf-pid----5705----pid-1
---ebpf-pid----5705----pid-5705
---ebpf-pid----5705----pid-5476
---ebpf-pid----5705----pid-1
---ebpf-pid----5707----pid-5707
---ebpf-pid----5707----pid-5476
---ebpf-pid----5707----pid-1
---ebpf-pid----5707----pid-5707
---ebpf-pid----5707----pid-5476
---ebpf-pid----5707----pid-1
---ebpf-pid----5707----pid-5707
---ebpf-pid----5707----pid-5476
---ebpf-pid----5707----pid-1
---ebpf-pid----5707----pid-5707
---ebpf-pid----5707----pid-5476
---ebpf-pid----5707----pid-1
---ebpf-pid----5707----pid-5707
---ebpf-pid----5707----pid-5476
---ebpf-pid----5707----pid-1
---ebpf-pid----5707----pid-5707
---ebpf-pid----5707----pid-5476
---ebpf-pid----5707----pid-1
---ebpf-pid----5707----pid-5707
---ebpf-pid----5707----pid-5476
---ebpf-pid----5707----pid-1
---ebpf-pid----5707----pid-5707
---ebpf-pid----5707----pid-5476
---ebpf-pid----5707----pid-1
---ebpf-pid----5707----pid-5707
---ebpf-pid----5707----pid-5476
---ebpf-pid----5707----pid-1
---ebpf-pid----5707----pid-5707
---ebpf-pid----5707----pid-5476
---ebpf-pid----5707----pid-1
---ebpf-pid----379067----pid-379067
---ebpf-pid----379067----pid-5476
---ebpf-pid----379067----pid-1
---ebpf-pid----379067----pid-379067
---ebpf-pid----379067----pid-5476
---ebpf-pid----379067----pid-1
---ebpf-pid----379067----pid-379067
---ebpf-pid----379067----pid-5476
---ebpf-pid----379067----pid-1
---ebpf-pid----379067----pid-379067
---ebpf-pid----379067----pid-5476
---ebpf-pid----379067----pid-1
---ebpf-pid----379067----pid-379067
---ebpf-pid----379067----pid-5476
---ebpf-pid----379067----pid-1
---ebpf-pid----379067----pid-379067
---ebpf-pid----379067----pid-5476
---ebpf-pid----379067----pid-1
---ebpf-pid----379067----pid-379067
---ebpf-pid----379067----pid-5476
---ebpf-pid----379067----pid-1
---ebpf-pid----379067----pid-379067
---ebpf-pid----379067----pid-5476
---ebpf-pid----379067----pid-1
---ebpf-pid----379067----pid-379067
---ebpf-pid----379067----pid-5476
---ebpf-pid----379067----pid-1
---ebpf-pid----379067----pid-379067
---ebpf-pid----379067----pid-5476
---ebpf-pid----379067----pid-1
---ebpf-pid----379067----pid-379067
---ebpf-pid----379067----pid-5476
---ebpf-pid----379067----pid-1
---ebpf-pid----379067----pid-379067
---ebpf-pid----379067----pid-5476
---ebpf-pid----379067----pid-1
---ebpf-pid----379067----pid-379067
---ebpf-pid----379067----pid-5476
---ebpf-pid----379067----pid-1
---ebpf-pid----379067----pid-379067
---ebpf-pid----379067----pid-5476
---ebpf-pid----379067----pid-1
---ebpf-pid----379067----pid-379067
---ebpf-pid----379067----pid-5476
---ebpf-pid----379067----pid-1
---ebpf-pid----379067----pid-379067
---ebpf-pid----379067----pid-5476
---ebpf-pid----379067----pid-1
---ebpf-pid----379067----pid-379067
---ebpf-pid----379067----pid-5476
---ebpf-pid----379067----pid-1
---ebpf-pid----379067----pid-379067
---ebpf-pid----379067----pid-5476
---ebpf-pid----379067----pid-1
---ebpf-pid----379067----pid-379067
---ebpf-pid----379067----pid-5476
---ebpf-pid----379067----pid-1
---ebpf-pid----379067----pid-379067
---ebpf-pid----379067----pid-5476
---ebpf-pid----379067----pid-1
---ebpf-pid----373029----pid-373029
---ebpf-pid----373029----pid-5476
---ebpf-pid----373029----pid-1
---ebpf-pid----373029----pid-373029
---ebpf-pid----373029----pid-5476
---ebpf-pid----373029----pid-1
---ebpf-pid----373029----pid-373029
---ebpf-pid----373029----pid-5476
---ebpf-pid----373029----pid-1
---ebpf-pid----373029----pid-373029
---ebpf-pid----373029----pid-5476
---ebpf-pid----373029----pid-1
---ebpf-pid----373029----pid-373029
---ebpf-pid----373029----pid-5476
---ebpf-pid----373029----pid-1
---ebpf-pid----373029----pid-373029
---ebpf-pid----373029----pid-5476
---ebpf-pid----373029----pid-1
---ebpf-pid----373029----pid-373029
---ebpf-pid----373029----pid-5476
---ebpf-pid----373029----pid-1
---ebpf-pid----373029----pid-373029
---ebpf-pid----373029----pid-5476
---ebpf-pid----373029----pid-1
---ebpf-pid----373029----pid-373029
---ebpf-pid----373029----pid-5476
---ebpf-pid----373029----pid-1
---ebpf-pid----373029----pid-373029
---ebpf-pid----373029----pid-5476
---ebpf-pid----373029----pid-1
---ebpf-pid----2094----pid-2094
---ebpf-pid----2094----pid-1
---ebpf-pid----2094----pid-2094
---ebpf-pid----2094----pid-1
---ebpf-pid----2094----pid-2094
---ebpf-pid----2094----pid-1
---ebpf-pid----2094----pid-2094
---ebpf-pid----2094----pid-1
---ebpf-pid----2094----pid-2094
---ebpf-pid----2094----pid-1
---ebpf-pid----2094----pid-2094
---ebpf-pid----2094----pid-1
---ebpf-pid----2094----pid-2094
---ebpf-pid----2094----pid-1
---ebpf-pid----2094----pid-2094
---ebpf-pid----2094----pid-1
---ebpf-pid----2094----pid-2094
---ebpf-pid----2094----pid-1
---ebpf-pid----2094----pid-2094
---ebpf-pid----2094----pid-1
---ebpf-pid----6671----pid-6671
---ebpf-pid----6671----pid-5476
---ebpf-pid----6671----pid-1
---ebpf-pid----6671----pid-6671
---ebpf-pid----6671----pid-5476
---ebpf-pid----6671----pid-1
---ebpf-pid----6671----pid-6671
---ebpf-pid----6671----pid-5476
---ebpf-pid----6671----pid-1
---ebpf-pid----6671----pid-6671
---ebpf-pid----6671----pid-5476
---ebpf-pid----6671----pid-1
---ebpf-pid----6671----pid-6671
---ebpf-pid----6671----pid-5476
---ebpf-pid----6671----pid-1
---ebpf-pid----6671----pid-6671
---ebpf-pid----6671----pid-5476
---ebpf-pid----6671----pid-1
---ebpf-pid----6671----pid-6671
---ebpf-pid----6671----pid-5476
---ebpf-pid----6671----pid-1
---ebpf-pid----6671----pid-6671
---ebpf-pid----6671----pid-5476
---ebpf-pid----6671----pid-1
---ebpf-pid----6671----pid-6671
---ebpf-pid----6671----pid-5476
---ebpf-pid----6671----pid-1
---ebpf-pid----6671----pid-6671
---ebpf-pid----6671----pid-5476
---ebpf-pid----6671----pid-1
---ebpf-pid----6671----pid-6671
---ebpf-pid----6671----pid-5476
---ebpf-pid----6671----pid-1
---ebpf-pid----6671----pid-6671
---ebpf-pid----6671----pid-5476
---ebpf-pid----6671----pid-1
---ebpf-pid----6671----pid-6671
---ebpf-pid----6671----pid-5476
---ebpf-pid----6671----pid-1
---ebpf-pid----6671----pid-6671
---ebpf-pid----6671----pid-5476
---ebpf-pid----6671----pid-1
---ebpf-pid----6671----pid-6671
---ebpf-pid----6671----pid-5476
---ebpf-pid----6671----pid-1
---ebpf-pid----6671----pid-6671
---ebpf-pid----6671----pid-5476
---ebpf-pid----6671----pid-1
---ebpf-pid----6671----pid-6671
---ebpf-pid----6671----pid-5476
---ebpf-pid----6671----pid-1
---ebpf-pid----6671----pid-6671
---ebpf-pid----6671----pid-5476
---ebpf-pid----6671----pid-1
---ebpf-pid----5705----pid-5705
---ebpf-pid----5705----pid-5476
---ebpf-pid----5705----pid-1
---ebpf-pid----5705----pid-5705
---ebpf-pid----5705----pid-5476
---ebpf-pid----5705----pid-1
---ebpf-pid----2029----pid-2029
---ebpf-pid----2029----pid-1
---ebpf-pid----2029----pid-2029
---ebpf-pid----2029----pid-1
---ebpf-pid----2029----pid-2029
---ebpf-pid----2029----pid-1
---ebpf-pid----2029----pid-2029
---ebpf-pid----2029----pid-1
---ebpf-pid----2029----pid-2029
---ebpf-pid----2029----pid-1
---ebpf-pid----2029----pid-2029
---ebpf-pid----2029----pid-1
---ebpf-pid----2029----pid-2029
---ebpf-pid----2029----pid-1
---ebpf-pid----2029----pid-2029
---ebpf-pid----2029----pid-1
---ebpf-pid----2029----pid-2029
---ebpf-pid----2029----pid-1
---ebpf-pid----2029----pid-2029
---ebpf-pid----2029----pid-1
---ebpf-pid----1856----pid-1856
---ebpf-pid----1856----pid-1
---ebpf-pid----2029----pid-2029
---ebpf-pid----2029----pid-1
---ebpf-pid----2029----pid-2029
---ebpf-pid----2029----pid-1
---ebpf-pid----2029----pid-2029
---ebpf-pid----2029----pid-1
---ebpf-pid----2029----pid-2029
---ebpf-pid----2029----pid-1
---ebpf-pid----2029----pid-2029
---ebpf-pid----2029----pid-1
---ebpf-pid----2029----pid-2029
---ebpf-pid----2029----pid-1
---ebpf-pid----2029----pid-2029
---ebpf-pid----2029----pid-1
---ebpf-pid----373029----pid-373029
---ebpf-pid----373029----pid-5476
---ebpf-pid----373029----pid-1
---ebpf-pid----373029----pid-373029
---ebpf-pid----373029----pid-5476
---ebpf-pid----373029----pid-1
---ebpf-pid----379067----pid-379067
---ebpf-pid----379067----pid-5476
---ebpf-pid----379067----pid-1
---ebpf-pid----379067----pid-379067
---ebpf-pid----379067----pid-5476
---ebpf-pid----379067----pid-1
---ebpf-pid----379067----pid-379067
---ebpf-pid----379067----pid-5476
---ebpf-pid----379067----pid-1
---ebpf-pid----379067----pid-379067
---ebpf-pid----379067----pid-5476
---ebpf-pid----379067----pid-1
---ebpf-pid----379067----pid-379067
---ebpf-pid----379067----pid-5476
---ebpf-pid----379067----pid-1
---ebpf-pid----379067----pid-379067
---ebpf-pid----379067----pid-5476
---ebpf-pid----379067----pid-1
---ebpf-pid----379067----pid-379067
---ebpf-pid----379067----pid-5476
---ebpf-pid----379067----pid-1
---ebpf-pid----379067----pid-379067
---ebpf-pid----379067----pid-5476
---ebpf-pid----379067----pid-1
---ebpf-pid----2094----pid-2094
---ebpf-pid----2094----pid-1
---ebpf-pid----2094----pid-2094
---ebpf-pid----2094----pid-1
---ebpf-pid----373029----pid-373029
---ebpf-pid----373029----pid-5476
---ebpf-pid----373029----pid-1
---ebpf-pid----373029----pid-373029
---ebpf-pid----373029----pid-5476
---ebpf-pid----373029----pid-1
---ebpf-pid----373029----pid-373029
---ebpf-pid----373029----pid-5476
---ebpf-pid----373029----pid-1
---ebpf-pid----373029----pid-373029
---ebpf-pid----373029----pid-5476
---ebpf-pid----373029----pid-1
---ebpf-pid----373029----pid-373029
---ebpf-pid----373029----pid-5476
---ebpf-pid----373029----pid-1
---ebpf-pid----373029----pid-373029
---ebpf-pid----373029----pid-5476
---ebpf-pid----373029----pid-1
---ebpf-pid----373029----pid-373029
---ebpf-pid----373029----pid-5476
---ebpf-pid----373029----pid-1
---ebpf-pid----373029----pid-373029
---ebpf-pid----373029----pid-5476
---ebpf-pid----373029----pid-1
---ebpf-pid----373029----pid-373029
---ebpf-pid----373029----pid-5476
---ebpf-pid----373029----pid-1
---ebpf-pid----373029----pid-373029
---ebpf-pid----373029----pid-5476
---ebpf-pid----373029----pid-1
---ebpf-pid----5705----pid-5705
---ebpf-pid----5705----pid-5476
---ebpf-pid----5705----pid-1
---ebpf-pid----5705----pid-5705
---ebpf-pid----5705----pid-5476
---ebpf-pid----5705----pid-1
---ebpf-pid----5705----pid-5705
---ebpf-pid----5705----pid-5476
---ebpf-pid----5705----pid-1
---ebpf-pid----5705----pid-5705
---ebpf-pid----5705----pid-5476
---ebpf-pid----5705----pid-1
---ebpf-pid----5705----pid-5705
---ebpf-pid----5705----pid-5476
---ebpf-pid----5705----pid-1
---ebpf-pid----5705----pid-5705
---ebpf-pid----5705----pid-5476
---ebpf-pid----5705----pid-1
---ebpf-pid----5705----pid-5705
---ebpf-pid----5705----pid-5476
---ebpf-pid----5705----pid-1
---ebpf-pid----5705----pid-5705
---ebpf-pid----5705----pid-5476
---ebpf-pid----5705----pid-1
---ebpf-pid----5705----pid-5705
---ebpf-pid----5705----pid-5476
---ebpf-pid----5705----pid-1
---ebpf-pid----5705----pid-5705
---ebpf-pid----5705----pid-5476
---ebpf-pid----5705----pid-1
Failed to get process information for PID 0
---ebpf-pid----379067----pid-379067
---ebpf-pid----379067----pid-5476
---ebpf-pid----379067----pid-1
---ebpf-pid----379067----pid-379067
---ebpf-pid----379067----pid-5476
---ebpf-pid----379067----pid-1
---ebpf-pid----379067----pid-379067
---ebpf-pid----379067----pid-5476
---ebpf-pid----379067----pid-1
---ebpf-pid----2094----pid-2094
---ebpf-pid----2094----pid-1
---ebpf-pid----2094----pid-2094
---ebpf-pid----2094----pid-1
---ebpf-pid----2094----pid-2094
---ebpf-pid----2094----pid-1
---ebpf-pid----372881----pid-372881
---ebpf-pid----372881----pid-1
---ebpf-pid----372881----pid-372881
---ebpf-pid----372881----pid-1
---ebpf-pid----372881----pid-372881
---ebpf-pid----372881----pid-1
---ebpf-pid----372881----pid-372881
---ebpf-pid----372881----pid-1
---ebpf-pid----372881----pid-372881
---ebpf-pid----372881----pid-1
---ebpf-pid----372881----pid-372881
---ebpf-pid----372881----pid-1
---ebpf-pid----372881----pid-372881
---ebpf-pid----372881----pid-1
---ebpf-pid----372881----pid-372881
---ebpf-pid----372881----pid-1
---ebpf-pid----372881----pid-372881
---ebpf-pid----372881----pid-1
---ebpf-pid----372881----pid-372881
---ebpf-pid----372881----pid-1
---ebpf-pid----372881----pid-372881
---ebpf-pid----372881----pid-1
---ebpf-pid----372881----pid-372881
---ebpf-pid----372881----pid-1
---ebpf-pid----372881----pid-372881
---ebpf-pid----372881----pid-1
---ebpf-pid----372881----pid-372881
---ebpf-pid----372881----pid-1
---ebpf-pid----372881----pid-372881
---ebpf-pid----372881----pid-1
---ebpf-pid----372881----pid-372881
---ebpf-pid----372881----pid-1
---ebpf-pid----372881----pid-372881
---ebpf-pid----372881----pid-1
---ebpf-pid----372881----pid-372881
---ebpf-pid----372881----pid-1
---ebpf-pid----372881----pid-372881
---ebpf-pid----372881----pid-1
---ebpf-pid----372881----pid-372881
---ebpf-pid----372881----pid-1
---ebpf-pid----372881----pid-372881
---ebpf-pid----372881----pid-1
---ebpf-pid----372881----pid-372881
---ebpf-pid----372881----pid-1
---ebpf-pid----372881----pid-372881
---ebpf-pid----372881----pid-1
---ebpf-pid----372881----pid-372881
---ebpf-pid----372881----pid-1
---ebpf-pid----372881----pid-372881
---ebpf-pid----372881----pid-1
---ebpf-pid----372881----pid-372881
---ebpf-pid----372881----pid-1
---ebpf-pid----372881----pid-372881
---ebpf-pid----372881----pid-1
---ebpf-pid----372881----pid-372881
---ebpf-pid----372881----pid-1
---ebpf-pid----372881----pid-372881
---ebpf-pid----372881----pid-1
---ebpf-pid----372881----pid-372881
---ebpf-pid----372881----pid-1
---ebpf-pid----372881----pid-372881
---ebpf-pid----372881----pid-1
---ebpf-pid----372881----pid-372881
---ebpf-pid----372881----pid-1
---ebpf-pid----372881----pid-372881
---ebpf-pid----372881----pid-1
Failed to get process information for PID 0
Failed to get process information for PID 0
---ebpf-pid----6671----pid-6671
---ebpf-pid----6671----pid-5476
---ebpf-pid----6671----pid-1
---ebpf-pid----6671----pid-6671
---ebpf-pid----6671----pid-5476
---ebpf-pid----6671----pid-1
---ebpf-pid----6671----pid-6671
---ebpf-pid----6671----pid-5476
---ebpf-pid----6671----pid-1
---ebpf-pid----6671----pid-6671
---ebpf-pid----6671----pid-5476
---ebpf-pid----6671----pid-1
---ebpf-pid----6671----pid-6671
---ebpf-pid----6671----pid-5476
---ebpf-pid----6671----pid-1
---ebpf-pid----6671----pid-6671
---ebpf-pid----6671----pid-5476
---ebpf-pid----6671----pid-1
---ebpf-pid----6671----pid-6671
---ebpf-pid----6671----pid-5476
---ebpf-pid----6671----pid-1
---ebpf-pid----6671----pid-6671
---ebpf-pid----6671----pid-5476
---ebpf-pid----6671----pid-1
---ebpf-pid----6671----pid-6671
---ebpf-pid----6671----pid-5476
---ebpf-pid----6671----pid-1
---ebpf-pid----6671----pid-6671
---ebpf-pid----6671----pid-5476
---ebpf-pid----6671----pid-1
---ebpf-pid----6671----pid-6671
---ebpf-pid----6671----pid-5476
---ebpf-pid----6671----pid-1
---ebpf-pid----6671----pid-6671
---ebpf-pid----6671----pid-5476
---ebpf-pid----6671----pid-1
---ebpf-pid----6671----pid-6671
---ebpf-pid----6671----pid-5476
---ebpf-pid----6671----pid-1
---ebpf-pid----6671----pid-6671
---ebpf-pid----6671----pid-5476
---ebpf-pid----6671----pid-1
---ebpf-pid----6671----pid-6671
---ebpf-pid----6671----pid-5476
---ebpf-pid----6671----pid-1
---ebpf-pid----6671----pid-6671
---ebpf-pid----6671----pid-5476
---ebpf-pid----6671----pid-1
---ebpf-pid----6671----pid-6671
---ebpf-pid----6671----pid-5476
---ebpf-pid----6671----pid-1
---ebpf-pid----6671----pid-6671
---ebpf-pid----6671----pid-5476
---ebpf-pid----6671----pid-1
---ebpf-pid----2029----pid-2029
---ebpf-pid----2029----pid-1
---ebpf-pid----2029----pid-2029
---ebpf-pid----2029----pid-1
---ebpf-pid----2029----pid-2029
---ebpf-pid----2029----pid-1
---ebpf-pid----2029----pid-2029
---ebpf-pid----2029----pid-1
---ebpf-pid----2029----pid-2029
---ebpf-pid----2029----pid-1
---ebpf-pid----2029----pid-2029
---ebpf-pid----2029----pid-1
---ebpf-pid----2029----pid-2029
---ebpf-pid----2029----pid-1
---ebpf-pid----2029----pid-2029
---ebpf-pid----2029----pid-1
---ebpf-pid----5705----pid-5705
---ebpf-pid----5705----pid-5476
---ebpf-pid----5705----pid-1
---ebpf-pid----5705----pid-5705
---ebpf-pid----5705----pid-5476
---ebpf-pid----5705----pid-1
---ebpf-pid----5703----pid-5703
---ebpf-pid----5703----pid-5476
---ebpf-pid----5703----pid-1
---ebpf-pid----5705----pid-5705
---ebpf-pid----5705----pid-5476
---ebpf-pid----5705----pid-1
---ebpf-pid----5705----pid-5705
---ebpf-pid----5705----pid-5476
---ebpf-pid----5705----pid-1
---ebpf-pid----5705----pid-5705
---ebpf-pid----5705----pid-5476
---ebpf-pid----5705----pid-1
---ebpf-pid----5705----pid-5705
---ebpf-pid----5705----pid-5476
---ebpf-pid----5705----pid-1
---ebpf-pid----5705----pid-5705
---ebpf-pid----5705----pid-5476
---ebpf-pid----5705----pid-1
---ebpf-pid----2029----pid-2029
---ebpf-pid----2029----pid-1
---ebpf-pid----2029----pid-2029
---ebpf-pid----2029----pid-1
---ebpf-pid----2089----pid-2089
---ebpf-pid----2089----pid-1
---ebpf-pid----2029----pid-2029
---ebpf-pid----2029----pid-1
---ebpf-pid----2029----pid-2029
---ebpf-pid----2029----pid-1
---ebpf-pid----2029----pid-2029
---ebpf-pid----2029----pid-1
---ebpf-pid----2029----pid-2029
---ebpf-pid----2029----pid-1
---ebpf-pid----2029----pid-2029
---ebpf-pid----2029----pid-1
---ebpf-pid----2029----pid-2029
---ebpf-pid----2029----pid-1
---ebpf-pid----2029----pid-2029
---ebpf-pid----2029----pid-1
---ebpf-pid----2029----pid-2029
---ebpf-pid----2029----pid-1
---ebpf-pid----2029----pid-2029
---ebpf-pid----2029----pid-1
---ebpf-pid----2029----pid-2029
---ebpf-pid----2029----pid-1
---ebpf-pid----2029----pid-2029
---ebpf-pid----2029----pid-1
---ebpf-pid----5705----pid-5705
---ebpf-pid----5705----pid-5476
---ebpf-pid----5705----pid-1
---ebpf-pid----5705----pid-5705
---ebpf-pid----5705----pid-5476
---ebpf-pid----5705----pid-1
---ebpf-pid----5705----pid-5705
---ebpf-pid----5705----pid-5476
---ebpf-pid----5705----pid-1
---ebpf-pid----7312----pid-7312
---ebpf-pid----7312----pid-1
---ebpf-pid----7312----pid-7312
---ebpf-pid----7312----pid-1
---ebpf-pid----6671----pid-6671
---ebpf-pid----6671----pid-5476
---ebpf-pid----6671----pid-1
---ebpf-pid----6671----pid-6671
---ebpf-pid----6671----pid-5476
---ebpf-pid----6671----pid-1
---ebpf-pid----5705----pid-5705
---ebpf-pid----5705----pid-5476
---ebpf-pid----5705----pid-1
---ebpf-pid----5705----pid-5705
---ebpf-pid----5705----pid-5476
---ebpf-pid----5705----pid-1
---ebpf-pid----6671----pid-6671
---ebpf-pid----6671----pid-5476
---ebpf-pid----6671----pid-1
---ebpf-pid----6671----pid-6671
---ebpf-pid----6671----pid-5476
---ebpf-pid----6671----pid-1
---ebpf-pid----6671----pid-6671
---ebpf-pid----6671----pid-5476
---ebpf-pid----6671----pid-1
---ebpf-pid----6671----pid-6671
---ebpf-pid----6671----pid-5476
---ebpf-pid----6671----pid-1
---ebpf-pid----6671----pid-6671
---ebpf-pid----6671----pid-5476
---ebpf-pid----6671----pid-1
---ebpf-pid----6671----pid-6671
---ebpf-pid----6671----pid-5476
---ebpf-pid----6671----pid-1
---ebpf-pid----6671----pid-6671
---ebpf-pid----6671----pid-5476
---ebpf-pid----6671----pid-1
---ebpf-pid----6671----pid-6671
---ebpf-pid----6671----pid-5476
---ebpf-pid----6671----pid-1
---ebpf-pid----6671----pid-6671
---ebpf-pid----6671----pid-5476
---ebpf-pid----6671----pid-1
---ebpf-pid----6671----pid-6671
---ebpf-pid----6671----pid-5476
---ebpf-pid----6671----pid-1
---ebpf-pid----6671----pid-6671
---ebpf-pid----6671----pid-5476
---ebpf-pid----6671----pid-1
---ebpf-pid----6671----pid-6671
---ebpf-pid----6671----pid-5476
---ebpf-pid----6671----pid-1
---ebpf-pid----6671----pid-6671
---ebpf-pid----6671----pid-5476
---ebpf-pid----6671----pid-1
---ebpf-pid----6671----pid-6671
---ebpf-pid----6671----pid-5476
---ebpf-pid----6671----pid-1
---ebpf-pid----6671----pid-6671
---ebpf-pid----6671----pid-5476
---ebpf-pid----6671----pid-1
---ebpf-pid----6671----pid-6671
---ebpf-pid----6671----pid-5476
---ebpf-pid----6671----pid-1
---ebpf-pid----6671----pid-6671
---ebpf-pid----6671----pid-5476
---ebpf-pid----6671----pid-1
---ebpf-pid----6671----pid-6671
---ebpf-pid----6671----pid-5476
---ebpf-pid----6671----pid-1
---ebpf-pid----6671----pid-6671
---ebpf-pid----6671----pid-5476
---ebpf-pid----6671----pid-1
---ebpf-pid----6671----pid-6671
---ebpf-pid----6671----pid-5476
---ebpf-pid----6671----pid-1
---ebpf-pid----6671----pid-6671
---ebpf-pid----6671----pid-5476
---ebpf-pid----6671----pid-1
---ebpf-pid----2094----pid-2094
---ebpf-pid----2094----pid-1
---ebpf-pid----2094----pid-2094
---ebpf-pid----2094----pid-1
---ebpf-pid----2094----pid-2094
---ebpf-pid----2094----pid-1
---ebpf-pid----2094----pid-2094
---ebpf-pid----2094----pid-1
---ebpf-pid----2094----pid-2094
---ebpf-pid----2094----pid-1
---ebpf-pid----2094----pid-2094
---ebpf-pid----2094----pid-1
---ebpf-pid----2094----pid-2094
---ebpf-pid----2094----pid-1
---ebpf-pid----2094----pid-2094
---ebpf-pid----2094----pid-1
---ebpf-pid----2094----pid-2094
---ebpf-pid----2094----pid-1
---ebpf-pid----2094----pid-2094
---ebpf-pid----2094----pid-1
---ebpf-pid----373029----pid-373029
---ebpf-pid----373029----pid-5476
---ebpf-pid----373029----pid-1
---ebpf-pid----373029----pid-373029
---ebpf-pid----373029----pid-5476
---ebpf-pid----373029----pid-1
---ebpf-pid----373029----pid-373029
---ebpf-pid----373029----pid-5476
---ebpf-pid----373029----pid-1
---ebpf-pid----373029----pid-373029
---ebpf-pid----373029----pid-5476
---ebpf-pid----373029----pid-1
---ebpf-pid----373029----pid-373029
---ebpf-pid----373029----pid-5476
---ebpf-pid----373029----pid-1
---ebpf-pid----2094----pid-2094
---ebpf-pid----2094----pid-1
---ebpf-pid----2094----pid-2094
---ebpf-pid----2094----pid-1
---ebpf-pid----2094----pid-2094
---ebpf-pid----2094----pid-1
---ebpf-pid----2094----pid-2094
---ebpf-pid----2094----pid-1
---ebpf-pid----2094----pid-2094
---ebpf-pid----2094----pid-1
---ebpf-pid----2029----pid-2029
---ebpf-pid----2029----pid-1
---ebpf-pid----373029----pid-373029
---ebpf-pid----373029----pid-5476
---ebpf-pid----373029----pid-1
---ebpf-pid----373029----pid-373029
---ebpf-pid----373029----pid-5476
---ebpf-pid----373029----pid-1
---ebpf-pid----373029----pid-373029
---ebpf-pid----373029----pid-5476
---ebpf-pid----373029----pid-1
---ebpf-pid----373029----pid-373029
---ebpf-pid----373029----pid-5476
---ebpf-pid----373029----pid-1
---ebpf-pid----373029----pid-373029
---ebpf-pid----373029----pid-5476
---ebpf-pid----373029----pid-1
---ebpf-pid----2094----pid-2094
---ebpf-pid----2094----pid-1
---ebpf-pid----2094----pid-2094
---ebpf-pid----2094----pid-1
---ebpf-pid----2094----pid-2094
---ebpf-pid----2094----pid-1
---ebpf-pid----2094----pid-2094
---ebpf-pid----2094----pid-1
---ebpf-pid----2029----pid-2029
---ebpf-pid----2029----pid-1
---ebpf-pid----2029----pid-2029
---ebpf-pid----2029----pid-1
---ebpf-pid----2029----pid-2029
---ebpf-pid----2029----pid-1
---ebpf-pid----2029----pid-2029
---ebpf-pid----2029----pid-1
---ebpf-pid----2029----pid-2029
---ebpf-pid----2029----pid-1
---ebpf-pid----2029----pid-2029
---ebpf-pid----2029----pid-1
---ebpf-pid----2029----pid-2029
---ebpf-pid----2029----pid-1
---ebpf-pid----2029----pid-2029
---ebpf-pid----2029----pid-1
---ebpf-pid----2029----pid-2029
---ebpf-pid----2029----pid-1
---ebpf-pid----2029----pid-2029
---ebpf-pid----2029----pid-1
---ebpf-pid----2094----pid-2094
---ebpf-pid----2094----pid-1
---ebpf-pid----2094----pid-2094
---ebpf-pid----2094----pid-1
---ebpf-pid----2094----pid-2094
---ebpf-pid----2094----pid-1
---ebpf-pid----2094----pid-2094
---ebpf-pid----2094----pid-1
---ebpf-pid----2094----pid-2094
---ebpf-pid----2094----pid-1
---ebpf-pid----2094----pid-2094
---ebpf-pid----2094----pid-1
---ebpf-pid----2094----pid-2094
---ebpf-pid----2094----pid-1
---ebpf-pid----2094----pid-2094
---ebpf-pid----2094----pid-1
---ebpf-pid----2094----pid-2094
---ebpf-pid----2094----pid-1
---ebpf-pid----2094----pid-2094
---ebpf-pid----2094----pid-1
---ebpf-pid----2029----pid-2029
---ebpf-pid----2029----pid-1
---ebpf-pid----2029----pid-2029
---ebpf-pid----2029----pid-1
---ebpf-pid----2029----pid-2029
---ebpf-pid----2029----pid-1
---ebpf-pid----2029----pid-2029
---ebpf-pid----2029----pid-1
---ebpf-pid----2029----pid-2029
---ebpf-pid----2029----pid-1
---ebpf-pid----2029----pid-2029
---ebpf-pid----2029----pid-1
---ebpf-pid----2029----pid-2029
---ebpf-pid----2029----pid-1
---ebpf-pid----2029----pid-2029
---ebpf-pid----2029----pid-1
---ebpf-pid----2029----pid-2029
---ebpf-pid----2029----pid-1
---ebpf-pid----2029----pid-2029
---ebpf-pid----2029----pid-1
---ebpf-pid----2094----pid-2094
---ebpf-pid----2094----pid-1
---ebpf-pid----2094----pid-2094
---ebpf-pid----2094----pid-1
---ebpf-pid----2094----pid-2094
---ebpf-pid----2094----pid-1
---ebpf-pid----2094----pid-2094
---ebpf-pid----2094----pid-1
---ebpf-pid----2094----pid-2094
---ebpf-pid----2094----pid-1
---ebpf-pid----2094----pid-2094
---ebpf-pid----2094----pid-1
---ebpf-pid----2094----pid-2094
---ebpf-pid----2094----pid-1
---ebpf-pid----2094----pid-2094
---ebpf-pid----2094----pid-1
---ebpf-pid----2094----pid-2094
---ebpf-pid----2094----pid-1
---ebpf-pid----7313----pid-7313
---ebpf-pid----7313----pid-1
---ebpf-pid----2012----pid-2012
---ebpf-pid----2012----pid-1
---ebpf-pid----2094----pid-2094
---ebpf-pid----2094----pid-1
---ebpf-pid----2094----pid-2094
---ebpf-pid----2094----pid-1
---ebpf-pid----2094----pid-2094
---ebpf-pid----2094----pid-1
---ebpf-pid----2094----pid-2094
---ebpf-pid----2094----pid-1
---ebpf-pid----2094----pid-2094
---ebpf-pid----2094----pid-1
---ebpf-pid----2094----pid-2094
---ebpf-pid----2094----pid-1
---ebpf-pid----2094----pid-2094
---ebpf-pid----2094----pid-1
---ebpf-pid----2094----pid-2094
---ebpf-pid----2094----pid-1
---ebpf-pid----5705----pid-5705
---ebpf-pid----5705----pid-5476
---ebpf-pid----5705----pid-1
---ebpf-pid----372881----pid-372881
---ebpf-pid----372881----pid-1
---ebpf-pid----372881----pid-372881
---ebpf-pid----372881----pid-1
---ebpf-pid----372881----pid-372881
---ebpf-pid----372881----pid-1
---ebpf-pid----372881----pid-372881
---ebpf-pid----372881----pid-1
---ebpf-pid----372881----pid-372881
---ebpf-pid----372881----pid-1
---ebpf-pid----2089----pid-2089
---ebpf-pid----2089----pid-1
---ebpf-pid----2089----pid-2089
---ebpf-pid----2089----pid-1
---ebpf-pid----2089----pid-2089
---ebpf-pid----2089----pid-1
---ebpf-pid----2089----pid-2089
---ebpf-pid----2089----pid-1
---ebpf-pid----2089----pid-2089
---ebpf-pid----2089----pid-1
---ebpf-pid----379067----pid-379067
---ebpf-pid----379067----pid-5476
---ebpf-pid----379067----pid-1
---ebpf-pid----372881----pid-372881
---ebpf-pid----372881----pid-1
---ebpf-pid----372881----pid-372881
---ebpf-pid----372881----pid-1
---ebpf-pid----372881----pid-372881
---ebpf-pid----372881----pid-1
---ebpf-pid----372881----pid-372881
---ebpf-pid----372881----pid-1
---ebpf-pid----372881----pid-372881
---ebpf-pid----372881----pid-1
---ebpf-pid----372881----pid-372881
---ebpf-pid----372881----pid-1
---ebpf-pid----372881----pid-372881
---ebpf-pid----372881----pid-1
---ebpf-pid----372881----pid-372881
---ebpf-pid----372881----pid-1
---ebpf-pid----372881----pid-372881
---ebpf-pid----372881----pid-1
---ebpf-pid----4716----pid-4716
---ebpf-pid----4716----pid-3323
---ebpf-pid----4716----pid-1
---ebpf-pid----4716----pid-4716
---ebpf-pid----4716----pid-3323
---ebpf-pid----4716----pid-1
---ebpf-pid----2012----pid-2012
---ebpf-pid----2012----pid-1
---ebpf-pid----2012----pid-2012
---ebpf-pid----2012----pid-1
---ebpf-pid----2012----pid-2012
---ebpf-pid----2012----pid-1
---ebpf-pid----2012----pid-2012
---ebpf-pid----2012----pid-1
---ebpf-pid----2012----pid-2012
---ebpf-pid----2012----pid-1
---ebpf-pid----6671----pid-6671
---ebpf-pid----6671----pid-5476
---ebpf-pid----6671----pid-1
---ebpf-pid----6671----pid-6671
---ebpf-pid----6671----pid-5476
---ebpf-pid----6671----pid-1
---ebpf-pid----4716----pid-4716
---ebpf-pid----4716----pid-3323
---ebpf-pid----4716----pid-1
---ebpf-pid----4716----pid-4716
---ebpf-pid----4716----pid-3323
---ebpf-pid----4716----pid-1
---ebpf-pid----4716----pid-4716
---ebpf-pid----4716----pid-3323
---ebpf-pid----4716----pid-1
---ebpf-pid----372881----pid-372881
---ebpf-pid----372881----pid-1
---ebpf-pid----372881----pid-372881
---ebpf-pid----372881----pid-1
---ebpf-pid----372881----pid-372881
---ebpf-pid----372881----pid-1
---ebpf-pid----372881----pid-372881
---ebpf-pid----372881----pid-1
---ebpf-pid----4716----pid-4716
---ebpf-pid----4716----pid-3323
---ebpf-pid----4716----pid-1
---ebpf-pid----4716----pid-4716
---ebpf-pid----4716----pid-3323
---ebpf-pid----4716----pid-1
---ebpf-pid----4716----pid-4716
---ebpf-pid----4716----pid-3323
---ebpf-pid----4716----pid-1
---ebpf-pid----372881----pid-372881
---ebpf-pid----372881----pid-1
---ebpf-pid----4716----pid-4716
---ebpf-pid----4716----pid-3323
---ebpf-pid----4716----pid-1
---ebpf-pid----6671----pid-6671
---ebpf-pid----6671----pid-5476
---ebpf-pid----6671----pid-1
---ebpf-pid----6671----pid-6671
---ebpf-pid----6671----pid-5476
---ebpf-pid----6671----pid-1
---ebpf-pid----6671----pid-6671
---ebpf-pid----6671----pid-5476
---ebpf-pid----6671----pid-1
---ebpf-pid----6671----pid-6671
---ebpf-pid----6671----pid-5476
---ebpf-pid----6671----pid-1
---ebpf-pid----372881----pid-372881
---ebpf-pid----372881----pid-1
---ebpf-pid----372881----pid-372881
---ebpf-pid----372881----pid-1
---ebpf-pid----372881----pid-372881
---ebpf-pid----372881----pid-1
---ebpf-pid----372881----pid-372881
---ebpf-pid----372881----pid-1
---ebpf-pid----372881----pid-372881
---ebpf-pid----372881----pid-1
---ebpf-pid----372881----pid-372881
---ebpf-pid----372881----pid-1
---ebpf-pid----5707----pid-5707
---ebpf-pid----5707----pid-5476
---ebpf-pid----5707----pid-1
---ebpf-pid----372881----pid-372881
---ebpf-pid----372881----pid-1
---ebpf-pid----372881----pid-372881
---ebpf-pid----372881----pid-1
---ebpf-pid----372881----pid-372881
---ebpf-pid----372881----pid-1
---ebpf-pid----372881----pid-372881
---ebpf-pid----372881----pid-1
---ebpf-pid----372881----pid-372881
---ebpf-pid----372881----pid-1
---ebpf-pid----372881----pid-372881
---ebpf-pid----372881----pid-1
---ebpf-pid----372881----pid-372881
---ebpf-pid----372881----pid-1
---ebpf-pid----372881----pid-372881
---ebpf-pid----372881----pid-1
---ebpf-pid----372881----pid-372881
---ebpf-pid----372881----pid-1
---ebpf-pid----372881----pid-372881
---ebpf-pid----372881----pid-1
---ebpf-pid----2094----pid-2094
Failed to get process information for PID 0
---ebpf-pid----2094----pid-1
---ebpf-pid----2094----pid-2094
---ebpf-pid----2094----pid-1
---ebpf-pid----373029----pid-373029
---ebpf-pid----373029----pid-5476
---ebpf-pid----373029----pid-1
---ebpf-pid----373029----pid-373029
---ebpf-pid----373029----pid-5476
---ebpf-pid----373029----pid-1
---ebpf-pid----373029----pid-373029
---ebpf-pid----373029----pid-5476
---ebpf-pid----373029----pid-1
---ebpf-pid----373029----pid-373029
---ebpf-pid----373029----pid-5476
---ebpf-pid----373029----pid-1
---ebpf-pid----5705----pid-5705
---ebpf-pid----5705----pid-5476
---ebpf-pid----5705----pid-1
---ebpf-pid----5705----pid-5705
---ebpf-pid----5705----pid-5476
---ebpf-pid----5705----pid-1
---ebpf-pid----5705----pid-5705
---ebpf-pid----5705----pid-5476
---ebpf-pid----5705----pid-1
---ebpf-pid----4716----pid-4716
---ebpf-pid----4716----pid-3323
---ebpf-pid----4716----pid-1
---ebpf-pid----373029----pid-373029
---ebpf-pid----373029----pid-5476
---ebpf-pid----373029----pid-1
---ebpf-pid----373029----pid-373029
---ebpf-pid----373029----pid-5476
---ebpf-pid----373029----pid-1
---ebpf-pid----373029----pid-373029
---ebpf-pid----373029----pid-5476
---ebpf-pid----373029----pid-1
---ebpf-pid----373029----pid-373029
---ebpf-pid----373029----pid-5476
---ebpf-pid----373029----pid-1
---ebpf-pid----373029----pid-373029
---ebpf-pid----373029----pid-5476
---ebpf-pid----373029----pid-1
---ebpf-pid----373029----pid-373029
---ebpf-pid----373029----pid-5476
---ebpf-pid----373029----pid-1
---ebpf-pid----373029----pid-373029
---ebpf-pid----373029----pid-5476
---ebpf-pid----373029----pid-1
---ebpf-pid----373029----pid-373029
---ebpf-pid----373029----pid-5476
---ebpf-pid----373029----pid-1
---ebpf-pid----373029----pid-373029
---ebpf-pid----373029----pid-5476
---ebpf-pid----373029----pid-1
---ebpf-pid----448783----pid-448783
---ebpf-pid----448783----pid-448520
---ebpf-pid----448783----pid-1
---ebpf-pid----448783----pid-448783
---ebpf-pid----448783----pid-448520
---ebpf-pid----448783----pid-1
---ebpf-pid----448783----pid-448783
---ebpf-pid----448783----pid-448520
---ebpf-pid----448783----pid-1
---ebpf-pid----448783----pid-448783
---ebpf-pid----448783----pid-448520
---ebpf-pid----448783----pid-1
---ebpf-pid----448783----pid-448783
---ebpf-pid----448783----pid-448520
---ebpf-pid----448783----pid-1
---ebpf-pid----448783----pid-448783
---ebpf-pid----448783----pid-448520
---ebpf-pid----448783----pid-1
---ebpf-pid----448783----pid-448783
---ebpf-pid----448783----pid-448520
---ebpf-pid----448783----pid-1
---ebpf-pid----448783----pid-448783
---ebpf-pid----448783----pid-448520
---ebpf-pid----448783----pid-1
---ebpf-pid----4716----pid-4716
---ebpf-pid----4716----pid-3323
---ebpf-pid----4716----pid-1
---ebpf-pid----4716----pid-4716
---ebpf-pid----4716----pid-3323
---ebpf-pid----4716----pid-1
---ebpf-pid----4716----pid-4716
---ebpf-pid----4716----pid-3323
---ebpf-pid----4716----pid-1
---ebpf-pid----4716----pid-4716
---ebpf-pid----4716----pid-3323
---ebpf-pid----4716----pid-1
---ebpf-pid----372881----pid-372881
---ebpf-pid----372881----pid-1
---ebpf-pid----372881----pid-372881
---ebpf-pid----372881----pid-1
---ebpf-pid----372881----pid-372881
---ebpf-pid----372881----pid-1
---ebpf-pid----372881----pid-372881
---ebpf-pid----372881----pid-1
---ebpf-pid----372881----pid-372881
---ebpf-pid----372881----pid-1
---ebpf-pid----372881----pid-372881
---ebpf-pid----372881----pid-1
---ebpf-pid----372881----pid-372881
---ebpf-pid----372881----pid-1
---ebpf-pid----372881----pid-372881
---ebpf-pid----372881----pid-1
---ebpf-pid----372881----pid-372881
---ebpf-pid----372881----pid-1
---ebpf-pid----448783----pid-448783
---ebpf-pid----448783----pid-448520
---ebpf-pid----448783----pid-1
---ebpf-pid----448783----pid-448783
---ebpf-pid----448783----pid-448520
---ebpf-pid----448783----pid-1
---ebpf-pid----448783----pid-448783
---ebpf-pid----448783----pid-448520
---ebpf-pid----448783----pid-1
---ebpf-pid----448783----pid-448783
---ebpf-pid----448783----pid-448520
---ebpf-pid----448783----pid-1
---ebpf-pid----448783----pid-448783
---ebpf-pid----448783----pid-448520
---ebpf-pid----448783----pid-1
---ebpf-pid----448783----pid-448783
---ebpf-pid----448783----pid-448520
---ebpf-pid----448783----pid-1
---ebpf-pid----448783----pid-448783
---ebpf-pid----448783----pid-448520
---ebpf-pid----448783----pid-1
---ebpf-pid----14----pid-14
---ebpf-pid----14----pid-2
---ebpf-pid----4716----pid-4716
---ebpf-pid----4716----pid-3323
---ebpf-pid----4716----pid-1
---ebpf-pid----4716----pid-4716
---ebpf-pid----4716----pid-3323
---ebpf-pid----4716----pid-1
---ebpf-pid----448783----pid-448783
---ebpf-pid----448783----pid-448520
---ebpf-pid----448783----pid-1
---ebpf-pid----448783----pid-448783
---ebpf-pid----448783----pid-448520
---ebpf-pid----448783----pid-1
---ebpf-pid----448783----pid-448783
---ebpf-pid----448783----pid-448520
---ebpf-pid----448783----pid-1
---ebpf-pid----4716----pid-4716
---ebpf-pid----4716----pid-3323
---ebpf-pid----4716----pid-1
---ebpf-pid----448783----pid-448783
---ebpf-pid----448783----pid-448520
---ebpf-pid----448783----pid-1
---ebpf-pid----448783----pid-448783
---ebpf-pid----448783----pid-448520
---ebpf-pid----448783----pid-1
---ebpf-pid----448783----pid-448783
---ebpf-pid----448783----pid-448520
---ebpf-pid----448783----pid-1
---ebpf-pid----448783----pid-448783
---ebpf-pid----448783----pid-448520
---ebpf-pid----448783----pid-1
---ebpf-pid----448783----pid-448783
---ebpf-pid----448783----pid-448520
---ebpf-pid----448783----pid-1
---ebpf-pid----5638----pid-5638
---ebpf-pid----5638----pid-1
---ebpf-pid----448783----pid-448783
---ebpf-pid----448783----pid-448520
---ebpf-pid----448783----pid-1
---ebpf-pid----448783----pid-448783
---ebpf-pid----448783----pid-448520
---ebpf-pid----448783----pid-1
---ebpf-pid----448783----pid-448783
---ebpf-pid----448783----pid-448520
---ebpf-pid----448783----pid-1
---ebpf-pid----448783----pid-448783
---ebpf-pid----448783----pid-448520
---ebpf-pid----448783----pid-1
---ebpf-pid----448783----pid-448783
---ebpf-pid----448783----pid-448520
---ebpf-pid----448783----pid-1
---ebpf-pid----448783----pid-448783
---ebpf-pid----448783----pid-448520
---ebpf-pid----448783----pid-1
---ebpf-pid----448783----pid-448783
---ebpf-pid----448783----pid-448520
---ebpf-pid----448783----pid-1
---ebpf-pid----448783----pid-448783
---ebpf-pid----448783----pid-448520
---ebpf-pid----448783----pid-1
---ebpf-pid----448783----pid-448783
---ebpf-pid----448783----pid-448520
---ebpf-pid----448783----pid-1
---ebpf-pid----7312----pid-7312
---ebpf-pid----7312----pid-1
---ebpf-pid----448783----pid-448783
---ebpf-pid----448783----pid-448520
---ebpf-pid----448783----pid-1
---ebpf-pid----448783----pid-448783
---ebpf-pid----448783----pid-448520
---ebpf-pid----448783----pid-1
---ebpf-pid----448783----pid-448783
---ebpf-pid----448783----pid-448520
---ebpf-pid----448783----pid-1
---ebpf-pid----448783----pid-448783
---ebpf-pid----448783----pid-448520
---ebpf-pid----448783----pid-1
---ebpf-pid----448783----pid-448783
---ebpf-pid----448783----pid-448520
---ebpf-pid----448783----pid-1
---ebpf-pid----448783----pid-448783
---ebpf-pid----448783----pid-448520
---ebpf-pid----448783----pid-1
---ebpf-pid----448783----pid-448783
---ebpf-pid----448783----pid-448520
---ebpf-pid----448783----pid-1
---ebpf-pid----448783----pid-448783
---ebpf-pid----448783----pid-448520
---ebpf-pid----448783----pid-1
---ebpf-pid----448783----pid-448783
---ebpf-pid----448783----pid-448520
---ebpf-pid----448783----pid-1
---ebpf-pid----448783----pid-448783
---ebpf-pid----448783----pid-448520
---ebpf-pid----448783----pid-1
---ebpf-pid----448783----pid-448783
---ebpf-pid----448783----pid-448520
---ebpf-pid----448783----pid-1
---ebpf-pid----448783----pid-448783
---ebpf-pid----448783----pid-448520
---ebpf-pid----448783----pid-1
---ebpf-pid----448783----pid-448783
---ebpf-pid----448783----pid-448520
---ebpf-pid----448783----pid-1
---ebpf-pid----448783----pid-448783
---ebpf-pid----448783----pid-448520
---ebpf-pid----448783----pid-1
---ebpf-pid----448783----pid-448783
---ebpf-pid----448783----pid-448520
---ebpf-pid----448783----pid-1
---ebpf-pid----7313----pid-7313
---ebpf-pid----7313----pid-1
---ebpf-pid----5638----pid-5638
---ebpf-pid----5638----pid-1
---ebpf-pid----5638----pid-5638
---ebpf-pid----5638----pid-1
---ebpf-pid----4716----pid-4716
---ebpf-pid----4716----pid-3323
---ebpf-pid----4716----pid-1
---ebpf-pid----7313----pid-7313
---ebpf-pid----7313----pid-1
---ebpf-pid----7313----pid-7313
---ebpf-pid----7313----pid-1
---ebpf-pid----7313----pid-7313
---ebpf-pid----7313----pid-1
---ebpf-pid----4716----pid-4716
---ebpf-pid----4716----pid-3323
---ebpf-pid----4716----pid-1
---ebpf-pid----4716----pid-4716
---ebpf-pid----4716----pid-3323
---ebpf-pid----4716----pid-1
---ebpf-pid----4716----pid-4716
---ebpf-pid----4716----pid-3323
---ebpf-pid----4716----pid-1
---ebpf-pid----4716----pid-4716
---ebpf-pid----4716----pid-3323
---ebpf-pid----4716----pid-1
---ebpf-pid----4716----pid-4716
---ebpf-pid----4716----pid-3323
---ebpf-pid----4716----pid-1
---ebpf-pid----7313----pid-7313
---ebpf-pid----7313----pid-1
---ebpf-pid----4716----pid-4716
---ebpf-pid----4716----pid-3323
---ebpf-pid----4716----pid-1
---ebpf-pid----4716----pid-4716
---ebpf-pid----4716----pid-3323
---ebpf-pid----4716----pid-1
---ebpf-pid----4716----pid-4716
---ebpf-pid----4716----pid-3323
---ebpf-pid----4716----pid-1
---ebpf-pid----4716----pid-4716
---ebpf-pid----4716----pid-3323
---ebpf-pid----4716----pid-1
---ebpf-pid----4716----pid-4716
---ebpf-pid----4716----pid-3323
---ebpf-pid----4716----pid-1
---ebpf-pid----4716----pid-4716
---ebpf-pid----4716----pid-3323
---ebpf-pid----4716----pid-1
---ebpf-pid----4716----pid-4716
---ebpf-pid----4716----pid-3323
---ebpf-pid----4716----pid-1
---ebpf-pid----379067----pid-379067
---ebpf-pid----379067----pid-5476
---ebpf-pid----379067----pid-1
---ebpf-pid----379067----pid-379067
---ebpf-pid----379067----pid-5476
---ebpf-pid----379067----pid-1
---ebpf-pid----4312----pid-4312
---ebpf-pid----4312----pid-3417
---ebpf-pid----4312----pid-1
---ebpf-pid----448521----pid-448521
---ebpf-pid----448521----pid-1
---ebpf-pid----4716----pid-4716
---ebpf-pid----4716----pid-3323
---ebpf-pid----4716----pid-1
---ebpf-pid----4716----pid-4716
---ebpf-pid----4716----pid-3323
---ebpf-pid----4716----pid-1
---ebpf-pid----5638----pid-5638
---ebpf-pid----5638----pid-1
---ebpf-pid----14----pid-14
---ebpf-pid----14----pid-2
---ebpf-pid----4716----pid-4716
---ebpf-pid----4716----pid-3323
---ebpf-pid----4716----pid-1
---ebpf-pid----4716----pid-4716
---ebpf-pid----4716----pid-3323
---ebpf-pid----4716----pid-1
---ebpf-pid----448783----pid-448783
---ebpf-pid----448783----pid-448520
---ebpf-pid----448783----pid-1
---ebpf-pid----448783----pid-448783
---ebpf-pid----448783----pid-448520
---ebpf-pid----448783----pid-1
---ebpf-pid----448783----pid-448783
---ebpf-pid----448783----pid-448520
---ebpf-pid----448783----pid-1
---ebpf-pid----448783----pid-448783
---ebpf-pid----448783----pid-448520
---ebpf-pid----448783----pid-1
---ebpf-pid----448783----pid-448783
---ebpf-pid----448783----pid-448520
---ebpf-pid----448783----pid-1
---ebpf-pid----448783----pid-448783
---ebpf-pid----448783----pid-448520
---ebpf-pid----448783----pid-1
---ebpf-pid----7312----pid-7312
---ebpf-pid----7312----pid-1
---ebpf-pid----448783----pid-448783
---ebpf-pid----448783----pid-448520
---ebpf-pid----448783----pid-1
---ebpf-pid----448783----pid-448783
---ebpf-pid----448783----pid-448520
---ebpf-pid----448783----pid-1
---ebpf-pid----448783----pid-448783
---ebpf-pid----448783----pid-448520
---ebpf-pid----448783----pid-1
---ebpf-pid----448783----pid-448783
---ebpf-pid----448783----pid-448520
---ebpf-pid----448783----pid-1
---ebpf-pid----448783----pid-448783
---ebpf-pid----448783----pid-448520
---ebpf-pid----448783----pid-1
---ebpf-pid----7313----pid-7313
---ebpf-pid----7313----pid-1
---ebpf-pid----7313----pid-7313
---ebpf-pid----7313----pid-1
---ebpf-pid----7313----pid-7313
---ebpf-pid----7313----pid-1
---ebpf-pid----7313----pid-7313
---ebpf-pid----7313----pid-1
---ebpf-pid----7313----pid-7313
---ebpf-pid----7313----pid-1
---ebpf-pid----7313----pid-7313
---ebpf-pid----7313----pid-1
---ebpf-pid----6671----pid-6671
---ebpf-pid----6671----pid-5476
---ebpf-pid----6671----pid-1
---ebpf-pid----6671----pid-6671
---ebpf-pid----6671----pid-5476
---ebpf-pid----6671----pid-1
---ebpf-pid----6671----pid-6671
---ebpf-pid----6671----pid-5476
---ebpf-pid----6671----pid-1
---ebpf-pid----6671----pid-6671
---ebpf-pid----6671----pid-5476
---ebpf-pid----6671----pid-1
---ebpf-pid----6671----pid-6671
---ebpf-pid----6671----pid-5476
---ebpf-pid----6671----pid-1
---ebpf-pid----6671----pid-6671
---ebpf-pid----6671----pid-5476
---ebpf-pid----6671----pid-1
---ebpf-pid----6671----pid-6671
---ebpf-pid----6671----pid-5476
---ebpf-pid----6671----pid-1
---ebpf-pid----6671----pid-6671
---ebpf-pid----6671----pid-5476
---ebpf-pid----6671----pid-1
---ebpf-pid----6671----pid-6671
---ebpf-pid----6671----pid-5476
---ebpf-pid----6671----pid-1
---ebpf-pid----6671----pid-6671
---ebpf-pid----6671----pid-5476
---ebpf-pid----6671----pid-1
---ebpf-pid----6671----pid-6671
---ebpf-pid----6671----pid-5476
---ebpf-pid----6671----pid-1
---ebpf-pid----6671----pid-6671
---ebpf-pid----6671----pid-5476
---ebpf-pid----6671----pid-1
---ebpf-pid----6671----pid-6671
---ebpf-pid----6671----pid-5476
---ebpf-pid----6671----pid-1
---ebpf-pid----6671----pid-6671
---ebpf-pid----6671----pid-5476
---ebpf-pid----6671----pid-1
---ebpf-pid----6671----pid-6671
---ebpf-pid----6671----pid-5476
---ebpf-pid----6671----pid-1
---ebpf-pid----6671----pid-6671
---ebpf-pid----6671----pid-5476
---ebpf-pid----6671----pid-1
---ebpf-pid----6671----pid-6671
---ebpf-pid----6671----pid-5476
---ebpf-pid----6671----pid-1
---ebpf-pid----6671----pid-6671
---ebpf-pid----6671----pid-5476
---ebpf-pid----6671----pid-1
---ebpf-pid----6671----pid-6671
---ebpf-pid----6671----pid-5476
---ebpf-pid----6671----pid-1
---ebpf-pid----6671----pid-6671
---ebpf-pid----6671----pid-5476
---ebpf-pid----6671----pid-1
---ebpf-pid----6671----pid-6671
---ebpf-pid----6671----pid-5476
---ebpf-pid----6671----pid-1
---ebpf-pid----6671----pid-6671
---ebpf-pid----6671----pid-5476
---ebpf-pid----6671----pid-1
---ebpf-pid----6671----pid-6671
---ebpf-pid----6671----pid-5476
---ebpf-pid----6671----pid-1
---ebpf-pid----6671----pid-6671
---ebpf-pid----6671----pid-5476
---ebpf-pid----6671----pid-1
---ebpf-pid----6671----pid-6671
---ebpf-pid----6671----pid-5476
---ebpf-pid----6671----pid-1
---ebpf-pid----6671----pid-6671
---ebpf-pid----6671----pid-5476
---ebpf-pid----6671----pid-1
---ebpf-pid----6671----pid-6671
---ebpf-pid----6671----pid-5476
---ebpf-pid----6671----pid-1
---ebpf-pid----6671----pid-6671
---ebpf-pid----6671----pid-5476
---ebpf-pid----6671----pid-1
---ebpf-pid----6671----pid-6671
---ebpf-pid----6671----pid-5476
---ebpf-pid----6671----pid-1
---ebpf-pid----6671----pid-6671
---ebpf-pid----6671----pid-5476
---ebpf-pid----6671----pid-1
---ebpf-pid----6671----pid-6671
---ebpf-pid----6671----pid-5476
---ebpf-pid----6671----pid-1
---ebpf-pid----6671----pid-6671
---ebpf-pid----6671----pid-5476
---ebpf-pid----6671----pid-1
---ebpf-pid----6671----pid-6671
---ebpf-pid----6671----pid-5476
---ebpf-pid----6671----pid-1
---ebpf-pid----4716----pid-4716
---ebpf-pid----4716----pid-3323
---ebpf-pid----4716----pid-1
---ebpf-pid----448521----pid-448521
---ebpf-pid----448521----pid-1
---ebpf-pid----4716----pid-4716
---ebpf-pid----4716----pid-3323
---ebpf-pid----4716----pid-1
---ebpf-pid----4716----pid-4716
---ebpf-pid----4716----pid-3323
---ebpf-pid----4716----pid-1
---ebpf-pid----5638----pid-5638
---ebpf-pid----5638----pid-1
---ebpf-pid----4716----pid-4716
---ebpf-pid----4716----pid-3323
---ebpf-pid----4716----pid-1
---ebpf-pid----4716----pid-4716
---ebpf-pid----4716----pid-3323
---ebpf-pid----4716----pid-1
---ebpf-pid----4716----pid-4716
---ebpf-pid----4716----pid-3323
---ebpf-pid----4716----pid-1
---ebpf-pid----5638----pid-5638
---ebpf-pid----5638----pid-1
---ebpf-pid----448783----pid-448783
---ebpf-pid----448783----pid-448520
---ebpf-pid----448783----pid-1
---ebpf-pid----448783----pid-448783
---ebpf-pid----448783----pid-448520
---ebpf-pid----448783----pid-1
---ebpf-pid----448783----pid-448783
---ebpf-pid----448783----pid-448520
---ebpf-pid----448783----pid-1
---ebpf-pid----448783----pid-448783
---ebpf-pid----448783----pid-448520
---ebpf-pid----448783----pid-1
---ebpf-pid----448783----pid-448783
---ebpf-pid----448783----pid-448520
---ebpf-pid----448783----pid-1
---ebpf-pid----448783----pid-448783
---ebpf-pid----448783----pid-448520
---ebpf-pid----448783----pid-1
---ebpf-pid----448783----pid-448783
---ebpf-pid----448783----pid-448520
---ebpf-pid----448783----pid-1
---ebpf-pid----448783----pid-448783
---ebpf-pid----448783----pid-448520
---ebpf-pid----448783----pid-1
---ebpf-pid----448783----pid-448783
---ebpf-pid----448783----pid-448520
---ebpf-pid----448783----pid-1
---ebpf-pid----448783----pid-448783
---ebpf-pid----448783----pid-448520
---ebpf-pid----448783----pid-1
---ebpf-pid----448783----pid-448783
---ebpf-pid----448783----pid-448520
---ebpf-pid----448783----pid-1
---ebpf-pid----448783----pid-448783
---ebpf-pid----448783----pid-448520
---ebpf-pid----448783----pid-1
---ebpf-pid----448783----pid-448783
---ebpf-pid----448783----pid-448520
---ebpf-pid----448783----pid-1
---ebpf-pid----448783----pid-448783
---ebpf-pid----448783----pid-448520
---ebpf-pid----448783----pid-1
---ebpf-pid----448783----pid-448783
---ebpf-pid----448783----pid-448520
---ebpf-pid----448783----pid-1
---ebpf-pid----448522----pid-448522
---ebpf-pid----448522----pid-1
---ebpf-pid----448783----pid-448783
---ebpf-pid----448783----pid-448520
---ebpf-pid----448783----pid-1
---ebpf-pid----448783----pid-448783
---ebpf-pid----448783----pid-448520
---ebpf-pid----448783----pid-1
---ebpf-pid----448783----pid-448783
---ebpf-pid----448783----pid-448520
---ebpf-pid----448783----pid-1
---ebpf-pid----448783----pid-448783
---ebpf-pid----448783----pid-448520
---ebpf-pid----448783----pid-1
---ebpf-pid----448783----pid-448783
---ebpf-pid----448783----pid-448520
---ebpf-pid----448783----pid-1
---ebpf-pid----448783----pid-448783
---ebpf-pid----448783----pid-448520
---ebpf-pid----448783----pid-1
---ebpf-pid----448783----pid-448783
---ebpf-pid----448783----pid-448520
---ebpf-pid----448783----pid-1
---ebpf-pid----448783----pid-448783
---ebpf-pid----448783----pid-448520
---ebpf-pid----448783----pid-1
---ebpf-pid----448783----pid-448783
---ebpf-pid----448783----pid-448520
---ebpf-pid----448783----pid-1
---ebpf-pid----448783----pid-448783
---ebpf-pid----448783----pid-448520
---ebpf-pid----448783----pid-1
---ebpf-pid----448783----pid-448783
---ebpf-pid----448783----pid-448520
---ebpf-pid----448783----pid-1
---ebpf-pid----448783----pid-448783
---ebpf-pid----448783----pid-448520
---ebpf-pid----448783----pid-1
---ebpf-pid----448783----pid-448783
---ebpf-pid----448783----pid-448520
---ebpf-pid----448783----pid-1
---ebpf-pid----448783----pid-448783
---ebpf-pid----448783----pid-448520
---ebpf-pid----448783----pid-1
---ebpf-pid----448783----pid-448783
---ebpf-pid----448783----pid-448520
---ebpf-pid----448783----pid-1
---ebpf-pid----448522----pid-448522
---ebpf-pid----448522----pid-1
---ebpf-pid----448783----pid-448783
---ebpf-pid----448783----pid-448520
---ebpf-pid----448783----pid-1
---ebpf-pid----448783----pid-448783
---ebpf-pid----448783----pid-448520
---ebpf-pid----448783----pid-1
---ebpf-pid----448783----pid-448783
---ebpf-pid----448783----pid-448520
---ebpf-pid----448783----pid-1
---ebpf-pid----448783----pid-448783
---ebpf-pid----448783----pid-448520
---ebpf-pid----448783----pid-1
---ebpf-pid----448783----pid-448783
---ebpf-pid----448783----pid-448520
---ebpf-pid----448783----pid-1
---ebpf-pid----448783----pid-448783
---ebpf-pid----448783----pid-448520
---ebpf-pid----448783----pid-1
---ebpf-pid----448783----pid-448783
---ebpf-pid----448783----pid-448520
---ebpf-pid----448783----pid-1
---ebpf-pid----448783----pid-448783
---ebpf-pid----448783----pid-448520
---ebpf-pid----448783----pid-1
---ebpf-pid----448783----pid-448783
---ebpf-pid----448783----pid-448520
---ebpf-pid----448783----pid-1
---ebpf-pid----448783----pid-448783
---ebpf-pid----448783----pid-448520
---ebpf-pid----448783----pid-1
---ebpf-pid----448783----pid-448783
---ebpf-pid----448783----pid-448520
---ebpf-pid----448783----pid-1
---ebpf-pid----448783----pid-448783
---ebpf-pid----448783----pid-448520
---ebpf-pid----448783----pid-1
---ebpf-pid----448783----pid-448783
---ebpf-pid----448783----pid-448520
---ebpf-pid----448783----pid-1
---ebpf-pid----448783----pid-448783
---ebpf-pid----448783----pid-448520
---ebpf-pid----448783----pid-1
---ebpf-pid----448783----pid-448783
---ebpf-pid----448783----pid-448520
---ebpf-pid----448783----pid-1
---ebpf-pid----448783----pid-448783
---ebpf-pid----448783----pid-448520
---ebpf-pid----448783----pid-1
---ebpf-pid----448783----pid-448783
---ebpf-pid----448783----pid-448520
---ebpf-pid----448783----pid-1
---ebpf-pid----448783----pid-448783
---ebpf-pid----448783----pid-448520
---ebpf-pid----448783----pid-1
---ebpf-pid----448783----pid-448783
---ebpf-pid----448783----pid-448520
---ebpf-pid----448783----pid-1
---ebpf-pid----448783----pid-448783
---ebpf-pid----448783----pid-448520
---ebpf-pid----448783----pid-1
---ebpf-pid----448783----pid-448783
---ebpf-pid----448783----pid-448520
---ebpf-pid----448783----pid-1
---ebpf-pid----448783----pid-448783
---ebpf-pid----448783----pid-448520
---ebpf-pid----448783----pid-1
---ebpf-pid----448783----pid-448783
---ebpf-pid----448783----pid-448520
---ebpf-pid----448783----pid-1
---ebpf-pid----448783----pid-448783
---ebpf-pid----448783----pid-448520
---ebpf-pid----448783----pid-1
---ebpf-pid----448783----pid-448783
---ebpf-pid----448783----pid-448520
---ebpf-pid----448783----pid-1
---ebpf-pid----448783----pid-448783
---ebpf-pid----448783----pid-448520
---ebpf-pid----448783----pid-1
---ebpf-pid----448783----pid-448783
---ebpf-pid----448783----pid-448520
---ebpf-pid----448783----pid-1
---ebpf-pid----448783----pid-448783
---ebpf-pid----448783----pid-448520
---ebpf-pid----448783----pid-1
---ebpf-pid----448783----pid-448783
---ebpf-pid----448783----pid-448520
---ebpf-pid----448783----pid-1
---ebpf-pid----448783----pid-448783
---ebpf-pid----448783----pid-448520
---ebpf-pid----448783----pid-1
---ebpf-pid----448783----pid-448783
---ebpf-pid----448783----pid-448520
---ebpf-pid----448783----pid-1
---ebpf-pid----448783----pid-448783
---ebpf-pid----448783----pid-448520
---ebpf-pid----448783----pid-1
---ebpf-pid----448783----pid-448783
---ebpf-pid----448783----pid-448520
---ebpf-pid----448783----pid-1
---ebpf-pid----448783----pid-448783
---ebpf-pid----448783----pid-448520
---ebpf-pid----448783----pid-1
---ebpf-pid----448783----pid-448783
---ebpf-pid----448783----pid-448520
---ebpf-pid----448783----pid-1
---ebpf-pid----448783----pid-448783
---ebpf-pid----448783----pid-448520
---ebpf-pid----448783----pid-1
---ebpf-pid----448783----pid-448783
---ebpf-pid----448783----pid-448520
---ebpf-pid----448783----pid-1
---ebpf-pid----448783----pid-448783
---ebpf-pid----448783----pid-448520
---ebpf-pid----448783----pid-1
---ebpf-pid----448783----pid-448783
---ebpf-pid----448783----pid-448520
---ebpf-pid----448783----pid-1
---ebpf-pid----448783----pid-448783
---ebpf-pid----448783----pid-448520
---ebpf-pid----448783----pid-1
---ebpf-pid----448783----pid-448783
---ebpf-pid----448783----pid-448520
---ebpf-pid----448783----pid-1
---ebpf-pid----448783----pid-448783
---ebpf-pid----448783----pid-448520
---ebpf-pid----448783----pid-1
---ebpf-pid----448783----pid-448783
---ebpf-pid----448783----pid-448520
---ebpf-pid----448783----pid-1
---ebpf-pid----448783----pid-448783
---ebpf-pid----448783----pid-448520
---ebpf-pid----448783----pid-1
---ebpf-pid----448783----pid-448783
---ebpf-pid----448783----pid-448520
---ebpf-pid----448783----pid-1
---ebpf-pid----448783----pid-448783
---ebpf-pid----448783----pid-448520
---ebpf-pid----448783----pid-1
---ebpf-pid----448783----pid-448783
---ebpf-pid----448783----pid-448520
---ebpf-pid----448783----pid-1
---ebpf-pid----448783----pid-448783
---ebpf-pid----448783----pid-448520
---ebpf-pid----448783----pid-1
---ebpf-pid----448783----pid-448783
---ebpf-pid----448783----pid-448520
---ebpf-pid----448783----pid-1
---ebpf-pid----448783----pid-448783
---ebpf-pid----448783----pid-448520
---ebpf-pid----448783----pid-1
---ebpf-pid----448783----pid-448783
---ebpf-pid----448783----pid-448520
---ebpf-pid----448783----pid-1
---ebpf-pid----448783----pid-448783
---ebpf-pid----448783----pid-448520
---ebpf-pid----448783----pid-1
---ebpf-pid----448783----pid-448783
---ebpf-pid----448783----pid-448520
---ebpf-pid----448783----pid-1
---ebpf-pid----7313----pid-7313
---ebpf-pid----7313----pid-1
---ebpf-pid----448783----pid-448783
---ebpf-pid----448783----pid-448520
---ebpf-pid----448783----pid-1
---ebpf-pid----448783----pid-448783
---ebpf-pid----448783----pid-448520
---ebpf-pid----448783----pid-1
---ebpf-pid----448783----pid-448783
---ebpf-pid----448783----pid-448520
---ebpf-pid----448783----pid-1
---ebpf-pid----448783----pid-448783
---ebpf-pid----448783----pid-448520
---ebpf-pid----448783----pid-1
---ebpf-pid----448783----pid-448783
---ebpf-pid----448783----pid-448520
---ebpf-pid----448783----pid-1
---ebpf-pid----448783----pid-448783
---ebpf-pid----448783----pid-448520
---ebpf-pid----448783----pid-1
---ebpf-pid----448783----pid-448783
---ebpf-pid----448783----pid-448520
---ebpf-pid----448783----pid-1
---ebpf-pid----448783----pid-448783
---ebpf-pid----448783----pid-448520
---ebpf-pid----448783----pid-1
---ebpf-pid----448783----pid-448783
---ebpf-pid----448783----pid-448520
---ebpf-pid----448783----pid-1
---ebpf-pid----448783----pid-448783
---ebpf-pid----448783----pid-448520
---ebpf-pid----448783----pid-1
---ebpf-pid----448783----pid-448783
---ebpf-pid----448783----pid-448520
---ebpf-pid----448783----pid-1
---ebpf-pid----448783----pid-448783
---ebpf-pid----448783----pid-448520
---ebpf-pid----448783----pid-1
---ebpf-pid----448783----pid-448783
---ebpf-pid----448783----pid-448520
---ebpf-pid----448783----pid-1
---ebpf-pid----448783----pid-448783
---ebpf-pid----448783----pid-448520
---ebpf-pid----448783----pid-1
---ebpf-pid----373029----pid-373029
---ebpf-pid----373029----pid-5476
---ebpf-pid----373029----pid-1
---ebpf-pid----373029----pid-373029
---ebpf-pid----373029----pid-5476
---ebpf-pid----373029----pid-1
---ebpf-pid----373029----pid-373029
---ebpf-pid----373029----pid-5476
---ebpf-pid----373029----pid-1
---ebpf-pid----373029----pid-373029
---ebpf-pid----373029----pid-5476
---ebpf-pid----373029----pid-1
---ebpf-pid----373029----pid-373029
---ebpf-pid----373029----pid-5476
---ebpf-pid----373029----pid-1
---ebpf-pid----373029----pid-373029
---ebpf-pid----373029----pid-5476
---ebpf-pid----373029----pid-1
---ebpf-pid----373029----pid-373029
---ebpf-pid----373029----pid-5476
---ebpf-pid----373029----pid-1
---ebpf-pid----373029----pid-373029
---ebpf-pid----373029----pid-5476
---ebpf-pid----373029----pid-1
---ebpf-pid----373029----pid-373029
---ebpf-pid----373029----pid-5476
---ebpf-pid----373029----pid-1
---ebpf-pid----373029----pid-373029
---ebpf-pid----373029----pid-5476
---ebpf-pid----373029----pid-1
---ebpf-pid----448783----pid-448783
---ebpf-pid----448783----pid-448520
---ebpf-pid----448783----pid-1
---ebpf-pid----448783----pid-448783
---ebpf-pid----448783----pid-448520
---ebpf-pid----448783----pid-1
---ebpf-pid----7312----pid-7312
---ebpf-pid----7312----pid-1
---ebpf-pid----448522----pid-448522
---ebpf-pid----448522----pid-1
---ebpf-pid----373029----pid-373029
---ebpf-pid----373029----pid-5476
---ebpf-pid----373029----pid-1
---ebpf-pid----373029----pid-373029
---ebpf-pid----373029----pid-5476
---ebpf-pid----373029----pid-1
---ebpf-pid----373029----pid-373029
---ebpf-pid----373029----pid-5476
---ebpf-pid----373029----pid-1
---ebpf-pid----373029----pid-373029
---ebpf-pid----373029----pid-5476
---ebpf-pid----373029----pid-1
---ebpf-pid----373029----pid-373029
---ebpf-pid----373029----pid-5476
---ebpf-pid----373029----pid-1
---ebpf-pid----373029----pid-373029
---ebpf-pid----373029----pid-5476
---ebpf-pid----373029----pid-1
---ebpf-pid----448783----pid-448783
---ebpf-pid----448783----pid-448520
---ebpf-pid----448783----pid-1
---ebpf-pid----7313----pid-7313
---ebpf-pid----7313----pid-1
---ebpf-pid----7313----pid-7313
---ebpf-pid----7313----pid-1
---ebpf-pid----7313----pid-7313
---ebpf-pid----7313----pid-1
---ebpf-pid----7313----pid-7313
---ebpf-pid----7313----pid-1
---ebpf-pid----448522----pid-448522
---ebpf-pid----448522----pid-1
---ebpf-pid----372881----pid-372881
---ebpf-pid----372881----pid-1
---ebpf-pid----372881----pid-372881
---ebpf-pid----372881----pid-1
---ebpf-pid----372881----pid-372881
---ebpf-pid----372881----pid-1
---ebpf-pid----7313----pid-7313
---ebpf-pid----7313----pid-1
---ebpf-pid----7313----pid-7313
---ebpf-pid----7313----pid-1
---ebpf-pid----372881----pid-372881
---ebpf-pid----372881----pid-1
---ebpf-pid----372881----pid-372881
---ebpf-pid----372881----pid-1
---ebpf-pid----372881----pid-372881
---ebpf-pid----372881----pid-1
---ebpf-pid----372881----pid-372881
---ebpf-pid----372881----pid-1
---ebpf-pid----372881----pid-372881
---ebpf-pid----372881----pid-1
---ebpf-pid----372881----pid-372881
---ebpf-pid----372881----pid-1
---ebpf-pid----372881----pid-372881
---ebpf-pid----372881----pid-1
---ebpf-pid----372881----pid-372881
---ebpf-pid----372881----pid-1
---ebpf-pid----372881----pid-372881
---ebpf-pid----372881----pid-1
---ebpf-pid----372881----pid-372881
---ebpf-pid----372881----pid-1
---ebpf-pid----372881----pid-372881
---ebpf-pid----372881----pid-1
---ebpf-pid----379067----pid-379067
---ebpf-pid----379067----pid-5476
---ebpf-pid----379067----pid-1
---ebpf-pid----379067----pid-379067
---ebpf-pid----379067----pid-5476
---ebpf-pid----379067----pid-1
---ebpf-pid----379067----pid-379067
---ebpf-pid----379067----pid-5476
---ebpf-pid----379067----pid-1
---ebpf-pid----372881----pid-372881
---ebpf-pid----372881----pid-1
---ebpf-pid----372881----pid-372881
---ebpf-pid----372881----pid-1
---ebpf-pid----372881----pid-372881
---ebpf-pid----372881----pid-1
---ebpf-pid----379067----pid-379067
---ebpf-pid----379067----pid-5476
---ebpf-pid----379067----pid-1
---ebpf-pid----379067----pid-379067
---ebpf-pid----379067----pid-5476
---ebpf-pid----379067----pid-1
---ebpf-pid----379067----pid-379067
---ebpf-pid----379067----pid-5476
---ebpf-pid----379067----pid-1
---ebpf-pid----7313----pid-7313
---ebpf-pid----7313----pid-1
---ebpf-pid----372881----pid-372881
---ebpf-pid----372881----pid-1
---ebpf-pid----372881----pid-372881
---ebpf-pid----372881----pid-1
---ebpf-pid----372881----pid-372881
---ebpf-pid----372881----pid-1
---ebpf-pid----372881----pid-372881
---ebpf-pid----372881----pid-1
---ebpf-pid----372881----pid-372881
---ebpf-pid----372881----pid-1
---ebpf-pid----372881----pid-372881
---ebpf-pid----372881----pid-1
---ebpf-pid----372881----pid-372881
---ebpf-pid----372881----pid-1
---ebpf-pid----372881----pid-372881
---ebpf-pid----372881----pid-1
---ebpf-pid----372881----pid-372881
---ebpf-pid----372881----pid-1
---ebpf-pid----372881----pid-372881
---ebpf-pid----372881----pid-1
---ebpf-pid----372881----pid-372881
---ebpf-pid----372881----pid-1
---ebpf-pid----372881----pid-372881
---ebpf-pid----372881----pid-1
---ebpf-pid----372881----pid-372881
---ebpf-pid----372881----pid-1
---ebpf-pid----372881----pid-372881
---ebpf-pid----372881----pid-1
---ebpf-pid----372881----pid-372881
---ebpf-pid----372881----pid-1
---ebpf-pid----372881----pid-372881
---ebpf-pid----372881----pid-1
---ebpf-pid----372881----pid-372881
---ebpf-pid----372881----pid-1
---ebpf-pid----372881----pid-372881
---ebpf-pid----372881----pid-1
---ebpf-pid----372881----pid-372881
---ebpf-pid----372881----pid-1
---ebpf-pid----372881----pid-372881
---ebpf-pid----372881----pid-1
---ebpf-pid----372881----pid-372881
---ebpf-pid----372881----pid-1
---ebpf-pid----372881----pid-372881
---ebpf-pid----372881----pid-1
---ebpf-pid----372881----pid-372881
---ebpf-pid----372881----pid-1
---ebpf-pid----372881----pid-372881
---ebpf-pid----372881----pid-1
---ebpf-pid----372881----pid-372881
---ebpf-pid----372881----pid-1
---ebpf-pid----372881----pid-372881
---ebpf-pid----372881----pid-1
---ebpf-pid----372881----pid-372881
---ebpf-pid----372881----pid-1
---ebpf-pid----372881----pid-372881
---ebpf-pid----372881----pid-1
---ebpf-pid----372881----pid-372881
---ebpf-pid----372881----pid-1
---ebpf-pid----372881----pid-372881
---ebpf-pid----372881----pid-1
---ebpf-pid----372881----pid-372881
---ebpf-pid----372881----pid-1
---ebpf-pid----372881----pid-372881
---ebpf-pid----372881----pid-1
---ebpf-pid----379067----pid-379067
---ebpf-pid----379067----pid-5476
---ebpf-pid----379067----pid-1
---ebpf-pid----379067----pid-379067
---ebpf-pid----379067----pid-5476
---ebpf-pid----379067----pid-1
---ebpf-pid----379067----pid-379067
---ebpf-pid----379067----pid-5476
---ebpf-pid----379067----pid-1
---ebpf-pid----379067----pid-379067
---ebpf-pid----379067----pid-5476
---ebpf-pid----379067----pid-1
---ebpf-pid----379067----pid-379067
---ebpf-pid----379067----pid-5476
---ebpf-pid----379067----pid-1
---ebpf-pid----372881----pid-372881
---ebpf-pid----372881----pid-1
---ebpf-pid----372881----pid-372881
---ebpf-pid----372881----pid-1
---ebpf-pid----372881----pid-372881
---ebpf-pid----372881----pid-1
---ebpf-pid----372881----pid-372881
---ebpf-pid----372881----pid-1
---ebpf-pid----372881----pid-372881
---ebpf-pid----372881----pid-1
---ebpf-pid----372881----pid-372881
---ebpf-pid----372881----pid-1
---ebpf-pid----372881----pid-372881
---ebpf-pid----372881----pid-1
---ebpf-pid----372881----pid-372881
---ebpf-pid----372881----pid-1
---ebpf-pid----372881----pid-372881
---ebpf-pid----372881----pid-1
---ebpf-pid----372881----pid-372881
---ebpf-pid----372881----pid-1
---ebpf-pid----372881----pid-372881
---ebpf-pid----372881----pid-1
---ebpf-pid----372881----pid-372881
---ebpf-pid----372881----pid-1
---ebpf-pid----372881----pid-372881
---ebpf-pid----372881----pid-1
---ebpf-pid----372881----pid-372881
---ebpf-pid----372881----pid-1
---ebpf-pid----372881----pid-372881
---ebpf-pid----372881----pid-1
---ebpf-pid----372881----pid-372881
---ebpf-pid----372881----pid-1
---ebpf-pid----372881----pid-372881
---ebpf-pid----372881----pid-1
---ebpf-pid----372881----pid-372881
---ebpf-pid----372881----pid-1
---ebpf-pid----372881----pid-372881
---ebpf-pid----372881----pid-1
---ebpf-pid----372881----pid-372881
---ebpf-pid----372881----pid-1
---ebpf-pid----372881----pid-372881
---ebpf-pid----372881----pid-1
---ebpf-pid----372881----pid-372881
---ebpf-pid----372881----pid-1
---ebpf-pid----372881----pid-372881
---ebpf-pid----372881----pid-1
---ebpf-pid----372881----pid-372881
---ebpf-pid----372881----pid-1
---ebpf-pid----372881----pid-372881
---ebpf-pid----372881----pid-1
---ebpf-pid----372881----pid-372881
---ebpf-pid----372881----pid-1
---ebpf-pid----372881----pid-372881
---ebpf-pid----372881----pid-1
---ebpf-pid----372881----pid-372881
---ebpf-pid----372881----pid-1
---ebpf-pid----372881----pid-372881
---ebpf-pid----372881----pid-1
---ebpf-pid----372881----pid-372881
---ebpf-pid----372881----pid-1
---ebpf-pid----372881----pid-372881
---ebpf-pid----372881----pid-1
---ebpf-pid----372881----pid-372881
---ebpf-pid----372881----pid-1
---ebpf-pid----372881----pid-372881
---ebpf-pid----372881----pid-1
---ebpf-pid----372881----pid-372881
---ebpf-pid----372881----pid-1
---ebpf-pid----372881----pid-372881
---ebpf-pid----372881----pid-1
---ebpf-pid----372881----pid-372881
---ebpf-pid----372881----pid-1
---ebpf-pid----372881----pid-372881
---ebpf-pid----372881----pid-1
---ebpf-pid----372881----pid-372881
---ebpf-pid----372881----pid-1
---ebpf-pid----372881----pid-372881
---ebpf-pid----372881----pid-1
---ebpf-pid----372881----pid-372881
---ebpf-pid----372881----pid-1
---ebpf-pid----372881----pid-372881
---ebpf-pid----372881----pid-1
---ebpf-pid----372881----pid-372881
---ebpf-pid----372881----pid-1
---ebpf-pid----372881----pid-372881
---ebpf-pid----372881----pid-1
---ebpf-pid----372881----pid-372881
---ebpf-pid----372881----pid-1
---ebpf-pid----372881----pid-372881
---ebpf-pid----372881----pid-1
---ebpf-pid----379067----pid-379067
---ebpf-pid----379067----pid-5476
---ebpf-pid----379067----pid-1
---ebpf-pid----379067----pid-379067
---ebpf-pid----379067----pid-5476
---ebpf-pid----379067----pid-1
---ebpf-pid----379067----pid-379067
---ebpf-pid----379067----pid-5476
---ebpf-pid----379067----pid-1
---ebpf-pid----7313----pid-7313
---ebpf-pid----7313----pid-1
---ebpf-pid----372881----pid-372881
---ebpf-pid----372881----pid-1
---ebpf-pid----372881----pid-372881
---ebpf-pid----372881----pid-1
---ebpf-pid----372881----pid-372881
---ebpf-pid----372881----pid-1
---ebpf-pid----372881----pid-372881
---ebpf-pid----372881----pid-1
---ebpf-pid----372881----pid-372881
---ebpf-pid----372881----pid-1
---ebpf-pid----372881----pid-372881
---ebpf-pid----372881----pid-1
---ebpf-pid----372881----pid-372881
---ebpf-pid----372881----pid-1
---ebpf-pid----372881----pid-372881
---ebpf-pid----372881----pid-1
---ebpf-pid----372881----pid-372881
---ebpf-pid----372881----pid-1
---ebpf-pid----372881----pid-372881
---ebpf-pid----372881----pid-1
---ebpf-pid----372881----pid-372881
---ebpf-pid----372881----pid-1
---ebpf-pid----372881----pid-372881
---ebpf-pid----372881----pid-1
---ebpf-pid----372881----pid-372881
---ebpf-pid----372881----pid-1
---ebpf-pid----372881----pid-372881
---ebpf-pid----372881----pid-1
---ebpf-pid----372881----pid-372881
---ebpf-pid----372881----pid-1
---ebpf-pid----372881----pid-372881
---ebpf-pid----372881----pid-1
---ebpf-pid----372881----pid-372881
---ebpf-pid----372881----pid-1
---ebpf-pid----372881----pid-372881
---ebpf-pid----372881----pid-1
---ebpf-pid----372881----pid-372881
---ebpf-pid----372881----pid-1
---ebpf-pid----372881----pid-372881
---ebpf-pid----372881----pid-1
---ebpf-pid----372881----pid-372881
---ebpf-pid----372881----pid-1
---ebpf-pid----372881----pid-372881
---ebpf-pid----372881----pid-1
---ebpf-pid----372881----pid-372881
---ebpf-pid----372881----pid-1
---ebpf-pid----372881----pid-372881
---ebpf-pid----372881----pid-1
---ebpf-pid----372881----pid-372881
---ebpf-pid----372881----pid-1
---ebpf-pid----372881----pid-372881
---ebpf-pid----372881----pid-1
---ebpf-pid----379067----pid-379067
---ebpf-pid----379067----pid-5476
---ebpf-pid----379067----pid-1
---ebpf-pid----379067----pid-379067
---ebpf-pid----379067----pid-5476
---ebpf-pid----379067----pid-1
---ebpf-pid----379067----pid-379067
---ebpf-pid----379067----pid-5476
---ebpf-pid----379067----pid-1
---ebpf-pid----379067----pid-379067
---ebpf-pid----379067----pid-5476
---ebpf-pid----379067----pid-1
---ebpf-pid----379067----pid-379067
---ebpf-pid----379067----pid-5476
---ebpf-pid----379067----pid-1
---ebpf-pid----7313----pid-7313
---ebpf-pid----7313----pid-1
---ebpf-pid----7313----pid-7313
---ebpf-pid----7313----pid-1
---ebpf-pid----372881----pid-372881
---ebpf-pid----372881----pid-1
---ebpf-pid----372881----pid-372881
---ebpf-pid----372881----pid-1
---ebpf-pid----372881----pid-372881
---ebpf-pid----372881----pid-1
---ebpf-pid----372881----pid-372881
---ebpf-pid----372881----pid-1
---ebpf-pid----372881----pid-372881
---ebpf-pid----372881----pid-1
---ebpf-pid----372881----pid-372881
---ebpf-pid----372881----pid-1
---ebpf-pid----372881----pid-372881
---ebpf-pid----372881----pid-1
---ebpf-pid----372881----pid-372881
---ebpf-pid----372881----pid-1
---ebpf-pid----372881----pid-372881
---ebpf-pid----372881----pid-1
---ebpf-pid----372881----pid-372881
---ebpf-pid----372881----pid-1
---ebpf-pid----372881----pid-372881
---ebpf-pid----372881----pid-1
---ebpf-pid----372881----pid-372881
---ebpf-pid----372881----pid-1
---ebpf-pid----379067----pid-379067
---ebpf-pid----379067----pid-5476
---ebpf-pid----379067----pid-1
---ebpf-pid----379067----pid-379067
---ebpf-pid----379067----pid-5476
---ebpf-pid----379067----pid-1
---ebpf-pid----379067----pid-379067
---ebpf-pid----379067----pid-5476
---ebpf-pid----379067----pid-1
---ebpf-pid----379067----pid-379067
---ebpf-pid----379067----pid-5476
---ebpf-pid----379067----pid-1
---ebpf-pid----379067----pid-379067
---ebpf-pid----379067----pid-5476
---ebpf-pid----379067----pid-1
---ebpf-pid----7312----pid-7312
---ebpf-pid----7312----pid-1
---ebpf-pid----379067----pid-379067
---ebpf-pid----379067----pid-5476
---ebpf-pid----379067----pid-1
---ebpf-pid----379067----pid-379067
---ebpf-pid----379067----pid-5476
---ebpf-pid----379067----pid-1
---ebpf-pid----379067----pid-379067
---ebpf-pid----379067----pid-5476
---ebpf-pid----379067----pid-1
---ebpf-pid----379067----pid-379067
---ebpf-pid----379067----pid-5476
---ebpf-pid----379067----pid-1
---ebpf-pid----379067----pid-379067
---ebpf-pid----379067----pid-5476
---ebpf-pid----379067----pid-1
---ebpf-pid----379067----pid-379067
---ebpf-pid----379067----pid-5476
---ebpf-pid----379067----pid-1
---ebpf-pid----379067----pid-379067
---ebpf-pid----379067----pid-5476
---ebpf-pid----379067----pid-1
---ebpf-pid----379067----pid-379067
---ebpf-pid----379067----pid-5476
---ebpf-pid----379067----pid-1
---ebpf-pid----379067----pid-379067
---ebpf-pid----379067----pid-5476
---ebpf-pid----379067----pid-1
---ebpf-pid----379067----pid-379067
---ebpf-pid----379067----pid-5476
---ebpf-pid----379067----pid-1
---ebpf-pid----379067----pid-379067
---ebpf-pid----379067----pid-5476
---ebpf-pid----379067----pid-1
---ebpf-pid----379067----pid-379067
---ebpf-pid----379067----pid-5476
---ebpf-pid----379067----pid-1
---ebpf-pid----379067----pid-379067
---ebpf-pid----379067----pid-5476
---ebpf-pid----379067----pid-1
---ebpf-pid----5638----pid-5638
---ebpf-pid----5638----pid-1
---ebpf-pid----379067----pid-379067
---ebpf-pid----379067----pid-5476
---ebpf-pid----379067----pid-1
---ebpf-pid----379067----pid-379067
---ebpf-pid----379067----pid-5476
---ebpf-pid----379067----pid-1
---ebpf-pid----379067----pid-379067
---ebpf-pid----379067----pid-5476
---ebpf-pid----379067----pid-1
---ebpf-pid----379067----pid-379067
---ebpf-pid----379067----pid-5476
---ebpf-pid----379067----pid-1
---ebpf-pid----379067----pid-379067
---ebpf-pid----379067----pid-5476
---ebpf-pid----379067----pid-1
---ebpf-pid----379067----pid-379067
---ebpf-pid----379067----pid-5476
---ebpf-pid----379067----pid-1
---ebpf-pid----379067----pid-379067
---ebpf-pid----379067----pid-5476
---ebpf-pid----379067----pid-1
---ebpf-pid----379067----pid-379067
---ebpf-pid----379067----pid-5476
---ebpf-pid----379067----pid-1
---ebpf-pid----2088----pid-2088
---ebpf-pid----2088----pid-1
---ebpf-pid----2088----pid-2088
---ebpf-pid----2088----pid-1
---ebpf-pid----2088----pid-2088
---ebpf-pid----2088----pid-1
---ebpf-pid----2088----pid-2088
---ebpf-pid----2088----pid-1
---ebpf-pid----2088----pid-2088
---ebpf-pid----2088----pid-1
---ebpf-pid----2088----pid-2088
---ebpf-pid----2088----pid-1
---ebpf-pid----2088----pid-2088
---ebpf-pid----2088----pid-1
---ebpf-pid----2088----pid-2088
---ebpf-pid----2088----pid-1
---ebpf-pid----2088----pid-2088
---ebpf-pid----2088----pid-1
---ebpf-pid----4716----pid-4716
---ebpf-pid----4716----pid-3323
---ebpf-pid----4716----pid-1
---ebpf-pid----4716----pid-4716
---ebpf-pid----4716----pid-3323
---ebpf-pid----4716----pid-1
---ebpf-pid----5638----pid-5638
---ebpf-pid----5638----pid-1
---ebpf-pid----4716----pid-4716
---ebpf-pid----4716----pid-3323
---ebpf-pid----4716----pid-1
---ebpf-pid----4716----pid-4716
---ebpf-pid----4716----pid-3323
---ebpf-pid----4716----pid-1
---ebpf-pid----4716----pid-4716
---ebpf-pid----4716----pid-3323
---ebpf-pid----4716----pid-1
---ebpf-pid----4716----pid-4716
---ebpf-pid----4716----pid-3323
---ebpf-pid----4716----pid-1
---ebpf-pid----4716----pid-4716
---ebpf-pid----4716----pid-3323
---ebpf-pid----4716----pid-1
---ebpf-pid----5638----pid-5638
---ebpf-pid----5638----pid-1
---ebpf-pid----4716----pid-4716
---ebpf-pid----4716----pid-3323
---ebpf-pid----4716----pid-1
---ebpf-pid----4716----pid-4716
---ebpf-pid----4716----pid-3323
---ebpf-pid----4716----pid-1
---ebpf-pid----4716----pid-4716
---ebpf-pid----4716----pid-3323
---ebpf-pid----4716----pid-1
---ebpf-pid----448522----pid-448522
---ebpf-pid----448522----pid-1
---ebpf-pid----7312----pid-7312
---ebpf-pid----7312----pid-1
---ebpf-pid----14----pid-14
---ebpf-pid----14----pid-2
---ebpf-pid----4716----pid-4716
---ebpf-pid----4716----pid-3323
---ebpf-pid----4716----pid-1
---ebpf-pid----4716----pid-4716
---ebpf-pid----4716----pid-3323
---ebpf-pid----4716----pid-1
---ebpf-pid----4716----pid-4716
---ebpf-pid----4716----pid-3323
---ebpf-pid----4716----pid-1
---ebpf-pid----4716----pid-4716
---ebpf-pid----4716----pid-3323
---ebpf-pid----4716----pid-1
---ebpf-pid----4716----pid-4716
---ebpf-pid----4716----pid-3323
---ebpf-pid----4716----pid-1
---ebpf-pid----4716----pid-4716
---ebpf-pid----4716----pid-3323
---ebpf-pid----4716----pid-1
---ebpf-pid----448521----pid-448521
---ebpf-pid----448521----pid-1
---ebpf-pid----4716----pid-4716
---ebpf-pid----4716----pid-3323
---ebpf-pid----4716----pid-1
---ebpf-pid----4716----pid-4716
---ebpf-pid----4716----pid-3323
---ebpf-pid----4716----pid-1
---ebpf-pid----4716----pid-4716
---ebpf-pid----4716----pid-3323
---ebpf-pid----4716----pid-1
---ebpf-pid----4716----pid-4716
---ebpf-pid----4716----pid-3323
---ebpf-pid----4716----pid-1
---ebpf-pid----4716----pid-4716
---ebpf-pid----4716----pid-3323
---ebpf-pid----4716----pid-1
---ebpf-pid----4716----pid-4716
---ebpf-pid----4716----pid-3323
---ebpf-pid----4716----pid-1
---ebpf-pid----7312----pid-7312
---ebpf-pid----7312----pid-1
---ebpf-pid----1856----pid-1856
---ebpf-pid----1856----pid-1
---ebpf-pid----4716----pid-4716
---ebpf-pid----4716----pid-3323
---ebpf-pid----4716----pid-1
---ebpf-pid----4716----pid-4716
---ebpf-pid----4716----pid-3323
---ebpf-pid----4716----pid-1
---ebpf-pid----448522----pid-448522
---ebpf-pid----448522----pid-1
---ebpf-pid----7312----pid-7312
---ebpf-pid----7312----pid-1
---ebpf-pid----4716----pid-4716
---ebpf-pid----4716----pid-3323
---ebpf-pid----4716----pid-1
---ebpf-pid----4716----pid-4716
---ebpf-pid----4716----pid-3323
---ebpf-pid----4716----pid-1
---ebpf-pid----4716----pid-4716
---ebpf-pid----4716----pid-3323
---ebpf-pid----4716----pid-1
---ebpf-pid----4716----pid-4716
---ebpf-pid----4716----pid-3323
---ebpf-pid----4716----pid-1
---ebpf-pid----4716----pid-4716
---ebpf-pid----4716----pid-3323
---ebpf-pid----4716----pid-1
---ebpf-pid----4716----pid-4716
---ebpf-pid----4716----pid-3323
---ebpf-pid----4716----pid-1
---ebpf-pid----4716----pid-4716
---ebpf-pid----4716----pid-3323
---ebpf-pid----4716----pid-1
---ebpf-pid----7312----pid-7312
---ebpf-pid----7312----pid-1
---ebpf-pid----7312----pid-7312
---ebpf-pid----7312----pid-1
---ebpf-pid----4716----pid-4716
---ebpf-pid----4716----pid-3323
---ebpf-pid----4716----pid-1
---ebpf-pid----7312----pid-7312
---ebpf-pid----7312----pid-1
---ebpf-pid----1856----pid-1856
---ebpf-pid----1856----pid-1
---ebpf-pid----4716----pid-4716
---ebpf-pid----4716----pid-3323
---ebpf-pid----4716----pid-1
---ebpf-pid----4716----pid-4716
---ebpf-pid----4716----pid-3323
---ebpf-pid----4716----pid-1
---ebpf-pid----4716----pid-4716
---ebpf-pid----4716----pid-3323
---ebpf-pid----4716----pid-1
---ebpf-pid----4716----pid-4716
---ebpf-pid----4716----pid-3323
---ebpf-pid----4716----pid-1
---ebpf-pid----7312----pid-7312
---ebpf-pid----7312----pid-1
---ebpf-pid----4716----pid-4716
---ebpf-pid----4716----pid-3323
---ebpf-pid----4716----pid-1
---ebpf-pid----4716----pid-4716
---ebpf-pid----4716----pid-3323
---ebpf-pid----4716----pid-1
---ebpf-pid----4716----pid-4716
---ebpf-pid----4716----pid-3323
---ebpf-pid----4716----pid-1
---ebpf-pid----4716----pid-4716
---ebpf-pid----4716----pid-3323
---ebpf-pid----4716----pid-1
---ebpf-pid----4716----pid-4716
---ebpf-pid----4716----pid-3323
---ebpf-pid----4716----pid-1
---ebpf-pid----5638----pid-5638
---ebpf-pid----5638----pid-1
---ebpf-pid----448783----pid-448783
---ebpf-pid----448783----pid-448520
---ebpf-pid----448783----pid-1
---ebpf-pid----448783----pid-448783
---ebpf-pid----448783----pid-448520
---ebpf-pid----448783----pid-1
---ebpf-pid----448783----pid-448783
---ebpf-pid----448783----pid-448520
---ebpf-pid----448783----pid-1
---ebpf-pid----448783----pid-448783
---ebpf-pid----448783----pid-448520
---ebpf-pid----448783----pid-1
---ebpf-pid----448783----pid-448783
---ebpf-pid----448783----pid-448520
---ebpf-pid----448783----pid-1
---ebpf-pid----448783----pid-448783
---ebpf-pid----448783----pid-448520
---ebpf-pid----448783----pid-1
---ebpf-pid----448783----pid-448783
---ebpf-pid----448783----pid-448520
---ebpf-pid----448783----pid-1
---ebpf-pid----448783----pid-448783
---ebpf-pid----448783----pid-448520
---ebpf-pid----448783----pid-1
---ebpf-pid----448783----pid-448783
---ebpf-pid----448783----pid-448520
---ebpf-pid----448783----pid-1
---ebpf-pid----448783----pid-448783
---ebpf-pid----448783----pid-448520
---ebpf-pid----448783----pid-1
---ebpf-pid----7313----pid-7313
---ebpf-pid----7313----pid-1
---ebpf-pid----448783----pid-448783
---ebpf-pid----448783----pid-448520
---ebpf-pid----448783----pid-1
---ebpf-pid----448783----pid-448783
---ebpf-pid----448783----pid-448520
---ebpf-pid----448783----pid-1
---ebpf-pid----448783----pid-448783
---ebpf-pid----448783----pid-448520
---ebpf-pid----448783----pid-1
---ebpf-pid----7313----pid-7313
---ebpf-pid----7313----pid-1
---ebpf-pid----448783----pid-448783
---ebpf-pid----448783----pid-448520
---ebpf-pid----448783----pid-1
---ebpf-pid----448783----pid-448783
---ebpf-pid----448783----pid-448520
---ebpf-pid----448783----pid-1
---ebpf-pid----448783----pid-448783
---ebpf-pid----448783----pid-448520
---ebpf-pid----448783----pid-1
---ebpf-pid----448783----pid-448783
---ebpf-pid----448783----pid-448520
---ebpf-pid----448783----pid-1
---ebpf-pid----448783----pid-448783
---ebpf-pid----448783----pid-448520
---ebpf-pid----448783----pid-1
---ebpf-pid----448783----pid-448783
---ebpf-pid----448783----pid-448520
---ebpf-pid----448783----pid-1
---ebpf-pid----448783----pid-448783
---ebpf-pid----448783----pid-448520
---ebpf-pid----448783----pid-1
---ebpf-pid----448783----pid-448783
---ebpf-pid----448783----pid-448520
---ebpf-pid----448783----pid-1
---ebpf-pid----448783----pid-448783
---ebpf-pid----448783----pid-448520
---ebpf-pid----448783----pid-1
---ebpf-pid----448783----pid-448783
---ebpf-pid----448783----pid-448520
---ebpf-pid----448783----pid-1
---ebpf-pid----448783----pid-448783
---ebpf-pid----448783----pid-448520
---ebpf-pid----448783----pid-1
---ebpf-pid----448783----pid-448783
---ebpf-pid----448783----pid-448520
---ebpf-pid----448783----pid-1
---ebpf-pid----448783----pid-448783
---ebpf-pid----448783----pid-448520
---ebpf-pid----448783----pid-1
---ebpf-pid----448783----pid-448783
---ebpf-pid----448783----pid-448520
---ebpf-pid----448783----pid-1
---ebpf-pid----448783----pid-448783
---ebpf-pid----448783----pid-448520
---ebpf-pid----448783----pid-1
---ebpf-pid----448783----pid-448783
---ebpf-pid----448783----pid-448520
---ebpf-pid----448783----pid-1
---ebpf-pid----448783----pid-448783
---ebpf-pid----448783----pid-448520
---ebpf-pid----448783----pid-1
---ebpf-pid----448783----pid-448783
---ebpf-pid----448783----pid-448520
---ebpf-pid----448783----pid-1
---ebpf-pid----448783----pid-448783
---ebpf-pid----448783----pid-448520
---ebpf-pid----448783----pid-1
---ebpf-pid----448783----pid-448783
---ebpf-pid----448783----pid-448520
---ebpf-pid----448783----pid-1
---ebpf-pid----448783----pid-448783
---ebpf-pid----448783----pid-448520
---ebpf-pid----448783----pid-1
---ebpf-pid----448783----pid-448783
---ebpf-pid----448783----pid-448520
---ebpf-pid----448783----pid-1
---ebpf-pid----448783----pid-448783
---ebpf-pid----448783----pid-448520
---ebpf-pid----448783----pid-1
---ebpf-pid----448783----pid-448783
---ebpf-pid----448783----pid-448520
---ebpf-pid----448783----pid-1
---ebpf-pid----448783----pid-448783
---ebpf-pid----448783----pid-448520
---ebpf-pid----448783----pid-1
---ebpf-pid----7312----pid-7312
---ebpf-pid----7312----pid-1
---ebpf-pid----7312----pid-7312
---ebpf-pid----7312----pid-1
---ebpf-pid----448783----pid-448783
---ebpf-pid----448783----pid-448520
---ebpf-pid----448783----pid-1
---ebpf-pid----448783----pid-448783
---ebpf-pid----448783----pid-448520
---ebpf-pid----448783----pid-1
---ebpf-pid----448783----pid-448783
---ebpf-pid----448783----pid-448520
---ebpf-pid----448783----pid-1
---ebpf-pid----448783----pid-448783
---ebpf-pid----448783----pid-448520
---ebpf-pid----448783----pid-1
---ebpf-pid----448783----pid-448783
---ebpf-pid----448783----pid-448520
---ebpf-pid----448783----pid-1
---ebpf-pid----448783----pid-448783
---ebpf-pid----448783----pid-448520
---ebpf-pid----448783----pid-1
---ebpf-pid----448783----pid-448783
---ebpf-pid----448783----pid-448520
---ebpf-pid----448783----pid-1
---ebpf-pid----448783----pid-448783
---ebpf-pid----448783----pid-448520
---ebpf-pid----448783----pid-1
---ebpf-pid----448783----pid-448783
---ebpf-pid----448783----pid-448520
---ebpf-pid----448783----pid-1
---ebpf-pid----448783----pid-448783
---ebpf-pid----448783----pid-448520
---ebpf-pid----448783----pid-1
---ebpf-pid----448783----pid-448783
---ebpf-pid----448783----pid-448520
---ebpf-pid----448783----pid-1
---ebpf-pid----448783----pid-448783
---ebpf-pid----448783----pid-448520
---ebpf-pid----448783----pid-1
---ebpf-pid----448783----pid-448783
---ebpf-pid----448783----pid-448520
---ebpf-pid----448783----pid-1
---ebpf-pid----448783----pid-448783
---ebpf-pid----448783----pid-448520
---ebpf-pid----448783----pid-1
---ebpf-pid----7312----pid-7312
---ebpf-pid----7312----pid-1
---ebpf-pid----5638----pid-5638
---ebpf-pid----5638----pid-1
---ebpf-pid----448522----pid-448522
---ebpf-pid----448522----pid-1
---ebpf-pid----448522----pid-448522
---ebpf-pid----448522----pid-1
---ebpf-pid----7312----pid-7312
---ebpf-pid----7312----pid-1
Failed to get process information for PID 0
Failed to get process information for PID 0
---ebpf-pid----5638----pid-5638
---ebpf-pid----5638----pid-1
---ebpf-pid----5638----pid-5638
---ebpf-pid----5638----pid-1
---ebpf-pid----5638----pid-5638
---ebpf-pid----5638----pid-1
---ebpf-pid----448522----pid-448522
---ebpf-pid----448522----pid-1
---ebpf-pid----5638----pid-5638
---ebpf-pid----5638----pid-1
---ebpf-pid----5638----pid-5638
---ebpf-pid----5638----pid-1
---ebpf-pid----5638----pid-5638
---ebpf-pid----5638----pid-1
---ebpf-pid----5638----pid-5638
---ebpf-pid----5638----pid-1
---ebpf-pid----5638----pid-5638
---ebpf-pid----5638----pid-1
---ebpf-pid----448522----pid-448522
---ebpf-pid----448522----pid-1
---ebpf-pid----5638----pid-5638
---ebpf-pid----5638----pid-1
Failed to get process information for PID 0
---ebpf-pid----448783----pid-448783
---ebpf-pid----448783----pid-448520
---ebpf-pid----448783----pid-1
---ebpf-pid----448783----pid-448783
---ebpf-pid----448783----pid-448520
---ebpf-pid----448783----pid-1
---ebpf-pid----448783----pid-448783
---ebpf-pid----448783----pid-448520
---ebpf-pid----448783----pid-1
---ebpf-pid----448783----pid-448783
---ebpf-pid----448783----pid-448520
---ebpf-pid----448783----pid-1
---ebpf-pid----448783----pid-448783
---ebpf-pid----448783----pid-448520
---ebpf-pid----448783----pid-1
---ebpf-pid----448783----pid-448783
---ebpf-pid----448783----pid-448520
---ebpf-pid----448783----pid-1
---ebpf-pid----448783----pid-448783
---ebpf-pid----448783----pid-448520
---ebpf-pid----448783----pid-1
---ebpf-pid----448783----pid-448783
---ebpf-pid----448783----pid-448520
---ebpf-pid----448783----pid-1
---ebpf-pid----448783----pid-448783
---ebpf-pid----448783----pid-448520
---ebpf-pid----448783----pid-1
---ebpf-pid----448522----pid-448522
---ebpf-pid----448522----pid-1
---ebpf-pid----448783----pid-448783
---ebpf-pid----448783----pid-448520
---ebpf-pid----448783----pid-1
---ebpf-pid----7312----pid-7312
---ebpf-pid----7312----pid-1
---ebpf-pid----448783----pid-448783
---ebpf-pid----448783----pid-448520
---ebpf-pid----448783----pid-1
---ebpf-pid----448783----pid-448783
---ebpf-pid----448783----pid-448520
---ebpf-pid----448783----pid-1
---ebpf-pid----7313----pid-7313
---ebpf-pid----7313----pid-1
---ebpf-pid----448783----pid-448783
---ebpf-pid----448783----pid-448520
---ebpf-pid----448783----pid-1
---ebpf-pid----7312----pid-7312
---ebpf-pid----7312----pid-1
---ebpf-pid----448522----pid-448522
---ebpf-pid----448522----pid-1
---ebpf-pid----4716----pid-4716
---ebpf-pid----4716----pid-3323
---ebpf-pid----4716----pid-1
---ebpf-pid----4716----pid-4716
---ebpf-pid----4716----pid-3323
---ebpf-pid----4716----pid-1
---ebpf-pid----7313----pid-7313
---ebpf-pid----7313----pid-1
---ebpf-pid----7312----pid-7312
---ebpf-pid----7312----pid-1
---ebpf-pid----4716----pid-4716
---ebpf-pid----4716----pid-3323
---ebpf-pid----4716----pid-1
---ebpf-pid----4716----pid-4716
---ebpf-pid----4716----pid-3323
---ebpf-pid----4716----pid-1
---ebpf-pid----4716----pid-4716
---ebpf-pid----4716----pid-3323
---ebpf-pid----4716----pid-1
---ebpf-pid----4716----pid-4716
---ebpf-pid----4716----pid-3323
---ebpf-pid----4716----pid-1
---ebpf-pid----4716----pid-4716
---ebpf-pid----4716----pid-3323
---ebpf-pid----4716----pid-1
---ebpf-pid----4716----pid-4716
---ebpf-pid----4716----pid-3323
---ebpf-pid----4716----pid-1
---ebpf-pid----4716----pid-4716
---ebpf-pid----4716----pid-3323
---ebpf-pid----4716----pid-1
---ebpf-pid----4716----pid-4716
---ebpf-pid----4716----pid-3323
---ebpf-pid----4716----pid-1
---ebpf-pid----4716----pid-4716
---ebpf-pid----4716----pid-3323
---ebpf-pid----4716----pid-1
---ebpf-pid----4716----pid-4716
---ebpf-pid----4716----pid-3323
---ebpf-pid----4716----pid-1
---ebpf-pid----4716----pid-4716
---ebpf-pid----4716----pid-3323
---ebpf-pid----4716----pid-1
---ebpf-pid----4716----pid-4716
---ebpf-pid----4716----pid-3323
---ebpf-pid----4716----pid-1
---ebpf-pid----4716----pid-4716
---ebpf-pid----4716----pid-3323
---ebpf-pid----4716----pid-1
---ebpf-pid----4716----pid-4716
---ebpf-pid----4716----pid-3323
---ebpf-pid----4716----pid-1
---ebpf-pid----4716----pid-4716
---ebpf-pid----4716----pid-3323
---ebpf-pid----4716----pid-1
---ebpf-pid----4716----pid-4716
---ebpf-pid----4716----pid-3323
---ebpf-pid----4716----pid-1
---ebpf-pid----4716----pid-4716
---ebpf-pid----4716----pid-3323
---ebpf-pid----4716----pid-1
---ebpf-pid----4716----pid-4716
---ebpf-pid----4716----pid-3323
---ebpf-pid----4716----pid-1
---ebpf-pid----4716----pid-4716
---ebpf-pid----4716----pid-3323
---ebpf-pid----4716----pid-1
---ebpf-pid----448521----pid-448521
---ebpf-pid----448521----pid-1
---ebpf-pid----4716----pid-4716
---ebpf-pid----4716----pid-3323
---ebpf-pid----4716----pid-1
---ebpf-pid----4716----pid-4716
---ebpf-pid----4716----pid-3323
---ebpf-pid----4716----pid-1
---ebpf-pid----4716----pid-4716
---ebpf-pid----4716----pid-3323
---ebpf-pid----4716----pid-1
---ebpf-pid----4716----pid-4716
---ebpf-pid----4716----pid-3323
---ebpf-pid----4716----pid-1
---ebpf-pid----448783----pid-448783
---ebpf-pid----448783----pid-448520
---ebpf-pid----448783----pid-1
---ebpf-pid----448783----pid-448783
---ebpf-pid----448783----pid-448520
---ebpf-pid----448783----pid-1
---ebpf-pid----448783----pid-448783
---ebpf-pid----448783----pid-448520
---ebpf-pid----448783----pid-1
---ebpf-pid----448783----pid-448783
---ebpf-pid----448783----pid-448520
---ebpf-pid----448783----pid-1
---ebpf-pid----448783----pid-448783
---ebpf-pid----448783----pid-448520
---ebpf-pid----448783----pid-1
---ebpf-pid----448783----pid-448783
---ebpf-pid----448783----pid-448520
---ebpf-pid----448783----pid-1
---ebpf-pid----448783----pid-448783
---ebpf-pid----448783----pid-448520
---ebpf-pid----448783----pid-1
---ebpf-pid----448783----pid-448783
---ebpf-pid----448783----pid-448520
---ebpf-pid----448783----pid-1
---ebpf-pid----448783----pid-448783
---ebpf-pid----448783----pid-448520
---ebpf-pid----448783----pid-1
---ebpf-pid----448783----pid-448783
---ebpf-pid----448783----pid-448520
---ebpf-pid----448783----pid-1
---ebpf-pid----448783----pid-448783
---ebpf-pid----448783----pid-448520
---ebpf-pid----448783----pid-1
---ebpf-pid----448783----pid-448783
---ebpf-pid----448783----pid-448520
---ebpf-pid----448783----pid-1
---ebpf-pid----448783----pid-448783
---ebpf-pid----448783----pid-448520
---ebpf-pid----448783----pid-1
---ebpf-pid----448783----pid-448783
---ebpf-pid----448783----pid-448520
---ebpf-pid----448783----pid-1
---ebpf-pid----448783----pid-448783
---ebpf-pid----448783----pid-448520
---ebpf-pid----448783----pid-1
---ebpf-pid----448783----pid-448783
---ebpf-pid----448783----pid-448520
---ebpf-pid----448783----pid-1
---ebpf-pid----448783----pid-448783
---ebpf-pid----448783----pid-448520
---ebpf-pid----448783----pid-1
---ebpf-pid----448522----pid-448522
---ebpf-pid----448522----pid-1
---ebpf-pid----448783----pid-448783
---ebpf-pid----448783----pid-448520
---ebpf-pid----448783----pid-1
---ebpf-pid----448783----pid-448783
---ebpf-pid----448783----pid-448520
---ebpf-pid----448783----pid-1
---ebpf-pid----448783----pid-448783
---ebpf-pid----448783----pid-448520
---ebpf-pid----448783----pid-1
---ebpf-pid----448783----pid-448783
---ebpf-pid----448783----pid-448520
---ebpf-pid----448783----pid-1
---ebpf-pid----448783----pid-448783
---ebpf-pid----448783----pid-448520
---ebpf-pid----448783----pid-1
---ebpf-pid----448783----pid-448783
---ebpf-pid----448783----pid-448520
---ebpf-pid----448783----pid-1
---ebpf-pid----448783----pid-448783
---ebpf-pid----448783----pid-448520
---ebpf-pid----448783----pid-1
---ebpf-pid----448783----pid-448783
---ebpf-pid----448783----pid-448520
---ebpf-pid----448783----pid-1
---ebpf-pid----7313----pid-7313
---ebpf-pid----7313----pid-1
---ebpf-pid----448783----pid-448783
---ebpf-pid----448783----pid-448520
---ebpf-pid----448783----pid-1
---ebpf-pid----448783----pid-448783
---ebpf-pid----448783----pid-448520
---ebpf-pid----448783----pid-1
---ebpf-pid----448783----pid-448783
---ebpf-pid----448783----pid-448520
---ebpf-pid----448783----pid-1
---ebpf-pid----448783----pid-448783
---ebpf-pid----448783----pid-448520
---ebpf-pid----448783----pid-1
---ebpf-pid----448783----pid-448783
---ebpf-pid----448783----pid-448520
---ebpf-pid----448783----pid-1
---ebpf-pid----448783----pid-448783
---ebpf-pid----448783----pid-448520
---ebpf-pid----448783----pid-1
---ebpf-pid----448783----pid-448783
---ebpf-pid----448783----pid-448520
---ebpf-pid----448783----pid-1
---ebpf-pid----448783----pid-448783
---ebpf-pid----448783----pid-448520
---ebpf-pid----448783----pid-1
---ebpf-pid----448783----pid-448783
---ebpf-pid----448783----pid-448520
---ebpf-pid----448783----pid-1
---ebpf-pid----448783----pid-448783
---ebpf-pid----448783----pid-448520
---ebpf-pid----448783----pid-1
---ebpf-pid----448783----pid-448783
---ebpf-pid----448783----pid-448520
---ebpf-pid----448783----pid-1
---ebpf-pid----448783----pid-448783
---ebpf-pid----448783----pid-448520
---ebpf-pid----448783----pid-1
---ebpf-pid----448783----pid-448783
---ebpf-pid----448783----pid-448520
---ebpf-pid----448783----pid-1
---ebpf-pid----448783----pid-448783
---ebpf-pid----448783----pid-448520
---ebpf-pid----448783----pid-1
---ebpf-pid----448783----pid-448783
---ebpf-pid----448783----pid-448520
---ebpf-pid----448783----pid-1
---ebpf-pid----448783----pid-448783
---ebpf-pid----448783----pid-448520
---ebpf-pid----448783----pid-1
---ebpf-pid----448783----pid-448783
---ebpf-pid----448783----pid-448520
---ebpf-pid----448783----pid-1
---ebpf-pid----7312----pid-7312
---ebpf-pid----7312----pid-1
---ebpf-pid----448783----pid-448783
---ebpf-pid----448783----pid-448520
---ebpf-pid----448783----pid-1
---ebpf-pid----448783----pid-448783
---ebpf-pid----448783----pid-448520
---ebpf-pid----448783----pid-1
---ebpf-pid----448783----pid-448783
---ebpf-pid----448783----pid-448520
---ebpf-pid----448783----pid-1
---ebpf-pid----448783----pid-448783
---ebpf-pid----448783----pid-448520
---ebpf-pid----448783----pid-1
---ebpf-pid----448783----pid-448783
---ebpf-pid----448783----pid-448520
---ebpf-pid----448783----pid-1
---ebpf-pid----448783----pid-448783
---ebpf-pid----448783----pid-448520
---ebpf-pid----448783----pid-1
---ebpf-pid----448783----pid-448783
---ebpf-pid----448783----pid-448520
---ebpf-pid----448783----pid-1
---ebpf-pid----448783----pid-448783
---ebpf-pid----448783----pid-448520
---ebpf-pid----448783----pid-1
---ebpf-pid----448783----pid-448783
---ebpf-pid----448783----pid-448520
---ebpf-pid----448783----pid-1
---ebpf-pid----448783----pid-448783
---ebpf-pid----448783----pid-448520
---ebpf-pid----448783----pid-1
---ebpf-pid----5638----pid-5638
---ebpf-pid----5638----pid-1
---ebpf-pid----448522----pid-448522
---ebpf-pid----448522----pid-1
---ebpf-pid----4716----pid-4716
---ebpf-pid----4716----pid-3323
---ebpf-pid----4716----pid-1
---ebpf-pid----4716----pid-4716
---ebpf-pid----4716----pid-3323
---ebpf-pid----4716----pid-1
---ebpf-pid----4716----pid-4716
---ebpf-pid----4716----pid-3323
---ebpf-pid----4716----pid-1
---ebpf-pid----4716----pid-4716
---ebpf-pid----4716----pid-3323
---ebpf-pid----4716----pid-1
---ebpf-pid----5638----pid-5638
---ebpf-pid----5638----pid-1
---ebpf-pid----5638----pid-5638
---ebpf-pid----5638----pid-1
---ebpf-pid----4716----pid-4716
---ebpf-pid----4716----pid-3323
---ebpf-pid----4716----pid-1
---ebpf-pid----4716----pid-4716
---ebpf-pid----4716----pid-3323
---ebpf-pid----4716----pid-1
---ebpf-pid----4716----pid-4716
---ebpf-pid----4716----pid-3323
---ebpf-pid----4716----pid-1
---ebpf-pid----4716----pid-4716
---ebpf-pid----4716----pid-3323
---ebpf-pid----4716----pid-1
---ebpf-pid----448522----pid-448522
---ebpf-pid----448522----pid-1
---ebpf-pid----5638----pid-5638
---ebpf-pid----5638----pid-1
---ebpf-pid----1856----pid-1856
---ebpf-pid----1856----pid-1
---ebpf-pid----4716----pid-4716
---ebpf-pid----4716----pid-3323
---ebpf-pid----4716----pid-1
---ebpf-pid----4716----pid-4716
---ebpf-pid----4716----pid-3323
---ebpf-pid----4716----pid-1
---ebpf-pid----4716----pid-4716
---ebpf-pid----4716----pid-3323
---ebpf-pid----4716----pid-1
---ebpf-pid----4716----pid-4716
---ebpf-pid----4716----pid-3323
---ebpf-pid----4716----pid-1
---ebpf-pid----4716----pid-4716
---ebpf-pid----4716----pid-3323
---ebpf-pid----4716----pid-1
---ebpf-pid----4716----pid-4716
---ebpf-pid----4716----pid-3323
---ebpf-pid----4716----pid-1
---ebpf-pid----4716----pid-4716
---ebpf-pid----4716----pid-3323
---ebpf-pid----4716----pid-1
---ebpf-pid----4716----pid-4716
---ebpf-pid----4716----pid-3323
---ebpf-pid----4716----pid-1
---ebpf-pid----448521----pid-448521
---ebpf-pid----448521----pid-1
---ebpf-pid----5638----pid-5638
---ebpf-pid----5638----pid-1
---ebpf-pid----448521----pid-448521
---ebpf-pid----448521----pid-1
---ebpf-pid----4716----pid-4716
---ebpf-pid----4716----pid-3323
---ebpf-pid----4716----pid-1
---ebpf-pid----4716----pid-4716
---ebpf-pid----4716----pid-3323
---ebpf-pid----4716----pid-1
---ebpf-pid----4716----pid-4716
---ebpf-pid----4716----pid-3323
---ebpf-pid----4716----pid-1
---ebpf-pid----448522----pid-448522
---ebpf-pid----448522----pid-1
---ebpf-pid----4716----pid-4716
---ebpf-pid----4716----pid-3323
---ebpf-pid----4716----pid-1
---ebpf-pid----7312----pid-7312
---ebpf-pid----7312----pid-1
---ebpf-pid----1856----pid-1856
---ebpf-pid----1856----pid-1
---ebpf-pid----7312----pid-7312
---ebpf-pid----7312----pid-1
---ebpf-pid----7312----pid-7312
---ebpf-pid----7312----pid-1
---ebpf-pid----7312----pid-7312
---ebpf-pid----7312----pid-1
---ebpf-pid----7312----pid-7312
---ebpf-pid----7312----pid-1
---ebpf-pid----6671----pid-6671
---ebpf-pid----6671----pid-5476
---ebpf-pid----6671----pid-1
---ebpf-pid----6671----pid-6671
---ebpf-pid----6671----pid-5476
---ebpf-pid----6671----pid-1
---ebpf-pid----6671----pid-6671
---ebpf-pid----6671----pid-5476
---ebpf-pid----6671----pid-1
---ebpf-pid----6671----pid-6671
---ebpf-pid----6671----pid-5476
---ebpf-pid----6671----pid-1
---ebpf-pid----6671----pid-6671
---ebpf-pid----6671----pid-5476
---ebpf-pid----6671----pid-1
---ebpf-pid----4716----pid-4716
---ebpf-pid----4716----pid-3323
---ebpf-pid----4716----pid-1
---ebpf-pid----4716----pid-4716
---ebpf-pid----4716----pid-3323
---ebpf-pid----4716----pid-1
---ebpf-pid----4716----pid-4716
---ebpf-pid----4716----pid-3323
---ebpf-pid----4716----pid-1
---ebpf-pid----4716----pid-4716
---ebpf-pid----4716----pid-3323
---ebpf-pid----4716----pid-1
---ebpf-pid----4716----pid-4716
---ebpf-pid----4716----pid-3323
---ebpf-pid----4716----pid-1
---ebpf-pid----5707----pid-5707
---ebpf-pid----5707----pid-5476
---ebpf-pid----5707----pid-1
---ebpf-pid----5707----pid-5707
---ebpf-pid----5707----pid-5476
---ebpf-pid----5707----pid-1
---ebpf-pid----5707----pid-5707
---ebpf-pid----5707----pid-5476
---ebpf-pid----5707----pid-1
---ebpf-pid----448522----pid-448522
---ebpf-pid----448522----pid-1
---ebpf-pid----6404----pid-6404
---ebpf-pid----6404----pid-5550
---ebpf-pid----6404----pid-1
---ebpf-pid----6404----pid-6404
---ebpf-pid----6404----pid-5550
---ebpf-pid----6404----pid-1
---ebpf-pid----6404----pid-6404
---ebpf-pid----6404----pid-5550
---ebpf-pid----6404----pid-1
---ebpf-pid----6404----pid-6404
---ebpf-pid----6404----pid-5550
---ebpf-pid----6404----pid-1
---ebpf-pid----6404----pid-6404
---ebpf-pid----6404----pid-5550
---ebpf-pid----6404----pid-1
---ebpf-pid----6404----pid-6404
---ebpf-pid----6404----pid-5550
---ebpf-pid----6404----pid-1
---ebpf-pid----6404----pid-6404
---ebpf-pid----6404----pid-5550
---ebpf-pid----6404----pid-1
---ebpf-pid----6404----pid-6404
---ebpf-pid----6404----pid-5550
---ebpf-pid----6404----pid-1
---ebpf-pid----6404----pid-6404
---ebpf-pid----6404----pid-5550
---ebpf-pid----6404----pid-1
---ebpf-pid----6404----pid-6404
---ebpf-pid----6404----pid-5550
---ebpf-pid----6404----pid-1
---ebpf-pid----6404----pid-6404
---ebpf-pid----6404----pid-5550
---ebpf-pid----6404----pid-1
---ebpf-pid----6404----pid-6404
---ebpf-pid----6404----pid-5550
---ebpf-pid----6404----pid-1
---ebpf-pid----6404----pid-6404
---ebpf-pid----6404----pid-5550
---ebpf-pid----6404----pid-1
---ebpf-pid----6404----pid-6404
---ebpf-pid----6404----pid-5550
---ebpf-pid----6404----pid-1
---ebpf-pid----6404----pid-6404
---ebpf-pid----6404----pid-5550
---ebpf-pid----6404----pid-1
---ebpf-pid----6404----pid-6404
---ebpf-pid----6404----pid-5550
---ebpf-pid----6404----pid-1
---ebpf-pid----6404----pid-6404
---ebpf-pid----6404----pid-5550
---ebpf-pid----6404----pid-1
---ebpf-pid----6404----pid-6404
---ebpf-pid----6404----pid-5550
---ebpf-pid----6404----pid-1
---ebpf-pid----4716----pid-4716
---ebpf-pid----4716----pid-3323
---ebpf-pid----4716----pid-1
---ebpf-pid----4716----pid-4716
---ebpf-pid----4716----pid-3323
---ebpf-pid----4716----pid-1
---ebpf-pid----4716----pid-4716
---ebpf-pid----4716----pid-3323
---ebpf-pid----4716----pid-1
---ebpf-pid----4716----pid-4716
---ebpf-pid----4716----pid-3323
---ebpf-pid----4716----pid-1
---ebpf-pid----4716----pid-4716
---ebpf-pid----4716----pid-3323
---ebpf-pid----4716----pid-1
---ebpf-pid----4716----pid-4716
---ebpf-pid----4716----pid-3323
---ebpf-pid----4716----pid-1
---ebpf-pid----4716----pid-4716
---ebpf-pid----4716----pid-3323
---ebpf-pid----4716----pid-1
---ebpf-pid----4716----pid-4716
---ebpf-pid----4716----pid-3323
---ebpf-pid----4716----pid-1
---ebpf-pid----7313----pid-7313
---ebpf-pid----7313----pid-1
---ebpf-pid----7313----pid-7313
---ebpf-pid----7313----pid-1
---ebpf-pid----7313----pid-7313
---ebpf-pid----7313----pid-1
---ebpf-pid----7313----pid-7313
---ebpf-pid----7313----pid-1
---ebpf-pid----7313----pid-7313
---ebpf-pid----7313----pid-1
---ebpf-pid----7313----pid-7313
---ebpf-pid----7313----pid-1
---ebpf-pid----7313----pid-7313
---ebpf-pid----7313----pid-1
---ebpf-pid----4716----pid-4716
---ebpf-pid----4716----pid-3323
---ebpf-pid----4716----pid-1
---ebpf-pid----4716----pid-4716
---ebpf-pid----4716----pid-3323
---ebpf-pid----4716----pid-1
---ebpf-pid----4716----pid-4716
---ebpf-pid----4716----pid-3323
---ebpf-pid----4716----pid-1
---ebpf-pid----4716----pid-4716
---ebpf-pid----4716----pid-3323
---ebpf-pid----4716----pid-1
---ebpf-pid----4716----pid-4716
---ebpf-pid----4716----pid-3323
---ebpf-pid----4716----pid-1
---ebpf-pid----4716----pid-4716
---ebpf-pid----4716----pid-3323
---ebpf-pid----4716----pid-1
---ebpf-pid----4716----pid-4716
---ebpf-pid----4716----pid-3323
---ebpf-pid----4716----pid-1
---ebpf-pid----4716----pid-4716
---ebpf-pid----4716----pid-3323
---ebpf-pid----4716----pid-1
---ebpf-pid----7313----pid-7313
---ebpf-pid----7313----pid-1
---ebpf-pid----7313----pid-7313
---ebpf-pid----7313----pid-1
---ebpf-pid----4716----pid-4716
---ebpf-pid----4716----pid-3323
---ebpf-pid----4716----pid-1
---ebpf-pid----448521----pid-448521
---ebpf-pid----448521----pid-1
---ebpf-pid----4716----pid-4716
---ebpf-pid----4716----pid-3323
---ebpf-pid----4716----pid-1
---ebpf-pid----4716----pid-4716
---ebpf-pid----4716----pid-3323
---ebpf-pid----4716----pid-1
---ebpf-pid----4716----pid-4716
---ebpf-pid----4716----pid-3323
---ebpf-pid----4716----pid-1
---ebpf-pid----7313----pid-7313
---ebpf-pid----7313----pid-1
---ebpf-pid----7313----pid-7313
---ebpf-pid----7313----pid-1
---ebpf-pid----4716----pid-4716
---ebpf-pid----4716----pid-3323
---ebpf-pid----4716----pid-1
---ebpf-pid----4716----pid-4716
---ebpf-pid----4716----pid-3323
---ebpf-pid----4716----pid-1
---ebpf-pid----1856----pid-1856
---ebpf-pid----1856----pid-1
---ebpf-pid----7313----pid-7313
---ebpf-pid----7313----pid-1
---ebpf-pid----7313----pid-7313
---ebpf-pid----7313----pid-1
---ebpf-pid----4716----pid-4716
---ebpf-pid----4716----pid-3323
---ebpf-pid----4716----pid-1
---ebpf-pid----4716----pid-4716
---ebpf-pid----4716----pid-3323
---ebpf-pid----4716----pid-1
---ebpf-pid----448522----pid-448522
---ebpf-pid----448522----pid-1
---ebpf-pid----4716----pid-4716
---ebpf-pid----4716----pid-3323
---ebpf-pid----4716----pid-1
---ebpf-pid----4716----pid-4716
---ebpf-pid----4716----pid-3323
---ebpf-pid----4716----pid-1
---ebpf-pid----4716----pid-4716
---ebpf-pid----4716----pid-3323
---ebpf-pid----4716----pid-1
---ebpf-pid----448521----pid-448521
---ebpf-pid----448521----pid-1
---ebpf-pid----448522----pid-448522
---ebpf-pid----448522----pid-1
---ebpf-pid----7313----pid-7313
---ebpf-pid----7313----pid-1
---ebpf-pid----4716----pid-4716
---ebpf-pid----4716----pid-3323
---ebpf-pid----4716----pid-1
---ebpf-pid----4716----pid-4716
---ebpf-pid----4716----pid-3323
---ebpf-pid----4716----pid-1
---ebpf-pid----4716----pid-4716
---ebpf-pid----4716----pid-3323
---ebpf-pid----4716----pid-1
---ebpf-pid----4716----pid-4716
---ebpf-pid----4716----pid-3323
---ebpf-pid----4716----pid-1
---ebpf-pid----4716----pid-4716
---ebpf-pid----4716----pid-3323
---ebpf-pid----4716----pid-1
---ebpf-pid----7313----pid-7313
---ebpf-pid----7313----pid-1
---ebpf-pid----4716----pid-4716
---ebpf-pid----4716----pid-3323
---ebpf-pid----4716----pid-1
---ebpf-pid----7313----pid-7313
---ebpf-pid----7313----pid-1
---ebpf-pid----7313----pid-7313
---ebpf-pid----7313----pid-1
---ebpf-pid----4716----pid-4716
---ebpf-pid----4716----pid-3323
---ebpf-pid----4716----pid-1
---ebpf-pid----4716----pid-4716
---ebpf-pid----4716----pid-3323
---ebpf-pid----4716----pid-1
---ebpf-pid----4716----pid-4716
---ebpf-pid----4716----pid-3323
---ebpf-pid----4716----pid-1
---ebpf-pid----4716----pid-4716
---ebpf-pid----4716----pid-3323
---ebpf-pid----4716----pid-1
---ebpf-pid----4716----pid-4716
---ebpf-pid----4716----pid-3323
---ebpf-pid----4716----pid-1
---ebpf-pid----4716----pid-4716
---ebpf-pid----4716----pid-3323
---ebpf-pid----4716----pid-1
---ebpf-pid----448783----pid-448783
---ebpf-pid----448783----pid-448520
---ebpf-pid----448783----pid-1
---ebpf-pid----448783----pid-448783
---ebpf-pid----448783----pid-448520
---ebpf-pid----448783----pid-1
---ebpf-pid----448783----pid-448783
---ebpf-pid----448783----pid-448520
---ebpf-pid----448783----pid-1
---ebpf-pid----448783----pid-448783
---ebpf-pid----448783----pid-448520
---ebpf-pid----448783----pid-1
---ebpf-pid----448783----pid-448783
---ebpf-pid----448783----pid-448520
---ebpf-pid----448783----pid-1
---ebpf-pid----448783----pid-448783
---ebpf-pid----448783----pid-448520
---ebpf-pid----448783----pid-1
---ebpf-pid----448783----pid-448783
---ebpf-pid----448783----pid-448520
---ebpf-pid----448783----pid-1
---ebpf-pid----448783----pid-448783
---ebpf-pid----448783----pid-448520
---ebpf-pid----448783----pid-1
---ebpf-pid----448783----pid-448783
---ebpf-pid----448783----pid-448520
---ebpf-pid----448783----pid-1
---ebpf-pid----448783----pid-448783
---ebpf-pid----448783----pid-448520
---ebpf-pid----448783----pid-1
---ebpf-pid----448783----pid-448783
---ebpf-pid----448783----pid-448520
---ebpf-pid----448783----pid-1
---ebpf-pid----448783----pid-448783
---ebpf-pid----448783----pid-448520
---ebpf-pid----448783----pid-1
---ebpf-pid----448783----pid-448783
---ebpf-pid----448783----pid-448520
---ebpf-pid----448783----pid-1
---ebpf-pid----448783----pid-448783
---ebpf-pid----448783----pid-448520
---ebpf-pid----448783----pid-1
---ebpf-pid----7312----pid-7312
---ebpf-pid----7312----pid-1
---ebpf-pid----448783----pid-448783
---ebpf-pid----448783----pid-448520
---ebpf-pid----448783----pid-1
---ebpf-pid----448783----pid-448783
---ebpf-pid----448783----pid-448520
---ebpf-pid----448783----pid-1
---ebpf-pid----448783----pid-448783
---ebpf-pid----448783----pid-448520
---ebpf-pid----448783----pid-1
---ebpf-pid----448783----pid-448783
---ebpf-pid----448783----pid-448520
---ebpf-pid----448783----pid-1
---ebpf-pid----448783----pid-448783
---ebpf-pid----448783----pid-448520
---ebpf-pid----448783----pid-1
---ebpf-pid----448783----pid-448783
---ebpf-pid----448783----pid-448520
---ebpf-pid----448783----pid-1
---ebpf-pid----448783----pid-448783
---ebpf-pid----448783----pid-448520
---ebpf-pid----448783----pid-1
---ebpf-pid----448783----pid-448783
---ebpf-pid----448783----pid-448520
---ebpf-pid----448783----pid-1
---ebpf-pid----448783----pid-448783
---ebpf-pid----448783----pid-448520
---ebpf-pid----448783----pid-1
---ebpf-pid----448783----pid-448783
---ebpf-pid----448783----pid-448520
---ebpf-pid----448783----pid-1
---ebpf-pid----448783----pid-448783
---ebpf-pid----448783----pid-448520
---ebpf-pid----448783----pid-1
---ebpf-pid----448783----pid-448783
---ebpf-pid----448783----pid-448520
---ebpf-pid----448783----pid-1
---ebpf-pid----448783----pid-448783
---ebpf-pid----448783----pid-448520
---ebpf-pid----448783----pid-1
---ebpf-pid----448783----pid-448783
---ebpf-pid----448783----pid-448520
---ebpf-pid----448783----pid-1
---ebpf-pid----448783----pid-448783
---ebpf-pid----448783----pid-448520
---ebpf-pid----448783----pid-1
---ebpf-pid----448783----pid-448783
---ebpf-pid----448783----pid-448520
---ebpf-pid----448783----pid-1
---ebpf-pid----448783----pid-448783
---ebpf-pid----448783----pid-448520
---ebpf-pid----448783----pid-1
---ebpf-pid----448783----pid-448783
---ebpf-pid----448783----pid-448520
---ebpf-pid----448783----pid-1
---ebpf-pid----448783----pid-448783
---ebpf-pid----448783----pid-448520
---ebpf-pid----448783----pid-1
---ebpf-pid----448783----pid-448783
---ebpf-pid----448783----pid-448520
---ebpf-pid----448783----pid-1
---ebpf-pid----448783----pid-448783
---ebpf-pid----448783----pid-448520
---ebpf-pid----448783----pid-1
---ebpf-pid----448783----pid-448783
---ebpf-pid----448783----pid-448520
---ebpf-pid----448783----pid-1
---ebpf-pid----448783----pid-448783
---ebpf-pid----448783----pid-448520
---ebpf-pid----448783----pid-1
---ebpf-pid----448783----pid-448783
---ebpf-pid----448783----pid-448520
---ebpf-pid----448783----pid-1
---ebpf-pid----14----pid-14
---ebpf-pid----14----pid-2
---ebpf-pid----448783----pid-448783
---ebpf-pid----448783----pid-448520
---ebpf-pid----448783----pid-1
---ebpf-pid----448783----pid-448783
---ebpf-pid----448783----pid-448520
---ebpf-pid----448783----pid-1
---ebpf-pid----448783----pid-448783
---ebpf-pid----448783----pid-448520
---ebpf-pid----448783----pid-1
---ebpf-pid----448783----pid-448783
---ebpf-pid----448783----pid-448520
---ebpf-pid----448783----pid-1
---ebpf-pid----448783----pid-448783
---ebpf-pid----448783----pid-448520
---ebpf-pid----448783----pid-1
---ebpf-pid----448783----pid-448783
---ebpf-pid----448783----pid-448520
---ebpf-pid----448783----pid-1
---ebpf-pid----448783----pid-448783
---ebpf-pid----448783----pid-448520
---ebpf-pid----448783----pid-1
---ebpf-pid----448783----pid-448783
---ebpf-pid----448783----pid-448520
---ebpf-pid----448783----pid-1
---ebpf-pid----448783----pid-448783
---ebpf-pid----448783----pid-448520
---ebpf-pid----448783----pid-1
---ebpf-pid----448783----pid-448783
---ebpf-pid----448783----pid-448520
---ebpf-pid----448783----pid-1
---ebpf-pid----7312----pid-7312
---ebpf-pid----7312----pid-1
---ebpf-pid----448783----pid-448783
---ebpf-pid----448783----pid-448520
---ebpf-pid----448783----pid-1
---ebpf-pid----448783----pid-448783
---ebpf-pid----448783----pid-448520
---ebpf-pid----448783----pid-1
---ebpf-pid----448783----pid-448783
---ebpf-pid----448783----pid-448520
---ebpf-pid----448783----pid-1
---ebpf-pid----448783----pid-448783
---ebpf-pid----448783----pid-448520
---ebpf-pid----448783----pid-1
---ebpf-pid----448783----pid-448783
---ebpf-pid----448783----pid-448520
---ebpf-pid----448783----pid-1
---ebpf-pid----448783----pid-448783
---ebpf-pid----448783----pid-448520
---ebpf-pid----448783----pid-1
---ebpf-pid----7312----pid-7312
---ebpf-pid----7312----pid-1
---ebpf-pid----448522----pid-448522
---ebpf-pid----448522----pid-1
---ebpf-pid----448522----pid-448522
---ebpf-pid----448522----pid-1
---ebpf-pid----1856----pid-1856
---ebpf-pid----1856----pid-1
---ebpf-pid----448522----pid-448522
---ebpf-pid----448522----pid-1
---ebpf-pid----7312----pid-7312
---ebpf-pid----7312----pid-1
---ebpf-pid----448783----pid-448783
---ebpf-pid----448783----pid-448520
---ebpf-pid----448783----pid-1
---ebpf-pid----448783----pid-448783
---ebpf-pid----448783----pid-448520
---ebpf-pid----448783----pid-1
---ebpf-pid----448783----pid-448783
---ebpf-pid----448783----pid-448520
---ebpf-pid----448783----pid-1
---ebpf-pid----448783----pid-448783
---ebpf-pid----448783----pid-448520
---ebpf-pid----448783----pid-1
---ebpf-pid----448783----pid-448783
---ebpf-pid----448783----pid-448520
---ebpf-pid----448783----pid-1
---ebpf-pid----448783----pid-448783
---ebpf-pid----448783----pid-448520
---ebpf-pid----448783----pid-1
---ebpf-pid----448783----pid-448783
---ebpf-pid----448783----pid-448520
---ebpf-pid----448783----pid-1
---ebpf-pid----448783----pid-448783
---ebpf-pid----448783----pid-448520
---ebpf-pid----448783----pid-1
---ebpf-pid----448783----pid-448783
---ebpf-pid----448783----pid-448520
---ebpf-pid----448783----pid-1
---ebpf-pid----7570----pid-7570
---ebpf-pid----7570----pid-1
---ebpf-pid----7570----pid-7570
---ebpf-pid----7570----pid-1
---ebpf-pid----7570----pid-7570
---ebpf-pid----7570----pid-1
---ebpf-pid----9067----pid-9067
---ebpf-pid----9067----pid-1
---ebpf-pid----9067----pid-9067
---ebpf-pid----9067----pid-1
---ebpf-pid----9067----pid-9067
---ebpf-pid----9067----pid-1
---ebpf-pid----9067----pid-9067
---ebpf-pid----9067----pid-1
---ebpf-pid----9067----pid-9067
---ebpf-pid----9067----pid-1
---ebpf-pid----4716----pid-4716
---ebpf-pid----4716----pid-3323
---ebpf-pid----4716----pid-1
---ebpf-pid----4716----pid-4716
---ebpf-pid----4716----pid-3323
---ebpf-pid----4716----pid-1
---ebpf-pid----4716----pid-4716
---ebpf-pid----4716----pid-3323
---ebpf-pid----4716----pid-1
---ebpf-pid----4716----pid-4716
---ebpf-pid----4716----pid-3323
---ebpf-pid----4716----pid-1
---ebpf-pid----4716----pid-4716
---ebpf-pid----4716----pid-3323
---ebpf-pid----4716----pid-1
---ebpf-pid----4716----pid-4716
---ebpf-pid----4716----pid-3323
---ebpf-pid----4716----pid-1
---ebpf-pid----7313----pid-7313
---ebpf-pid----7313----pid-1
---ebpf-pid----7313----pid-7313
---ebpf-pid----7313----pid-1
---ebpf-pid----4716----pid-4716
---ebpf-pid----4716----pid-3323
---ebpf-pid----4716----pid-1
---ebpf-pid----4716----pid-4716
---ebpf-pid----4716----pid-3323
---ebpf-pid----4716----pid-1
---ebpf-pid----4716----pid-4716
---ebpf-pid----4716----pid-3323
---ebpf-pid----4716----pid-1
---ebpf-pid----4716----pid-4716
---ebpf-pid----4716----pid-3323
---ebpf-pid----4716----pid-1
---ebpf-pid----448783----pid-448783
---ebpf-pid----448783----pid-448520
---ebpf-pid----448783----pid-1
---ebpf-pid----448783----pid-448783
---ebpf-pid----448783----pid-448520
---ebpf-pid----448783----pid-1
---ebpf-pid----448783----pid-448783
---ebpf-pid----448783----pid-448520
---ebpf-pid----448783----pid-1
---ebpf-pid----448783----pid-448783
---ebpf-pid----448783----pid-448520
---ebpf-pid----448783----pid-1
---ebpf-pid----448783----pid-448783
---ebpf-pid----448783----pid-448520
---ebpf-pid----448783----pid-1
---ebpf-pid----448783----pid-448783
---ebpf-pid----448783----pid-448520
---ebpf-pid----448783----pid-1
---ebpf-pid----448783----pid-448783
---ebpf-pid----448783----pid-448520
---ebpf-pid----448783----pid-1
---ebpf-pid----448783----pid-448783
---ebpf-pid----448783----pid-448520
---ebpf-pid----448783----pid-1
---ebpf-pid----448783----pid-448783
---ebpf-pid----448783----pid-448520
---ebpf-pid----448783----pid-1
---ebpf-pid----448783----pid-448783
---ebpf-pid----448783----pid-448520
---ebpf-pid----448783----pid-1
---ebpf-pid----448783----pid-448783
---ebpf-pid----448783----pid-448520
---ebpf-pid----448783----pid-1
---ebpf-pid----448783----pid-448783
---ebpf-pid----448783----pid-448520
---ebpf-pid----448783----pid-1
---ebpf-pid----448783----pid-448783
---ebpf-pid----448783----pid-448520
---ebpf-pid----448783----pid-1
---ebpf-pid----5638----pid-5638
---ebpf-pid----5638----pid-1
---ebpf-pid----5638----pid-5638
---ebpf-pid----5638----pid-1
---ebpf-pid----4716----pid-4716
---ebpf-pid----4716----pid-3323
---ebpf-pid----4716----pid-1
---ebpf-pid----4716----pid-4716
---ebpf-pid----4716----pid-3323
---ebpf-pid----4716----pid-1
---ebpf-pid----7313----pid-7313
---ebpf-pid----7313----pid-1
---ebpf-pid----4716----pid-4716
---ebpf-pid----4716----pid-3323
---ebpf-pid----4716----pid-1
---ebpf-pid----4716----pid-4716
---ebpf-pid----4716----pid-3323
---ebpf-pid----4716----pid-1
---ebpf-pid----6671----pid-6671
---ebpf-pid----6671----pid-5476
---ebpf-pid----6671----pid-1
---ebpf-pid----6671----pid-6671
---ebpf-pid----6671----pid-5476
---ebpf-pid----6671----pid-1
---ebpf-pid----6671----pid-6671
---ebpf-pid----6671----pid-5476
---ebpf-pid----6671----pid-1
---ebpf-pid----6671----pid-6671
---ebpf-pid----6671----pid-5476
---ebpf-pid----6671----pid-1
---ebpf-pid----6671----pid-6671
---ebpf-pid----6671----pid-5476
---ebpf-pid----6671----pid-1
---ebpf-pid----6671----pid-6671
---ebpf-pid----6671----pid-5476
---ebpf-pid----6671----pid-1
---ebpf-pid----448522----pid-448522
---ebpf-pid----448522----pid-1
---ebpf-pid----4716----pid-4716
---ebpf-pid----4716----pid-3323
---ebpf-pid----4716----pid-1
---ebpf-pid----14----pid-14
---ebpf-pid----14----pid-2
---ebpf-pid----4716----pid-4716
---ebpf-pid----4716----pid-3323
---ebpf-pid----4716----pid-1
---ebpf-pid----4716----pid-4716
---ebpf-pid----4716----pid-3323
---ebpf-pid----4716----pid-1
---ebpf-pid----4716----pid-4716
---ebpf-pid----4716----pid-3323
---ebpf-pid----4716----pid-1
---ebpf-pid----4716----pid-4716
---ebpf-pid----4716----pid-3323
---ebpf-pid----4716----pid-1
---ebpf-pid----4716----pid-4716
---ebpf-pid----4716----pid-3323
---ebpf-pid----4716----pid-1
---ebpf-pid----5638----pid-5638
---ebpf-pid----5638----pid-1
---ebpf-pid----5638----pid-5638
---ebpf-pid----5638----pid-1
---ebpf-pid----5638----pid-5638
---ebpf-pid----5638----pid-1
---ebpf-pid----7570----pid-7570
---ebpf-pid----7570----pid-1
---ebpf-pid----4716----pid-4716
---ebpf-pid----4716----pid-3323
---ebpf-pid----4716----pid-1
---ebpf-pid----4716----pid-4716
---ebpf-pid----4716----pid-3323
---ebpf-pid----4716----pid-1
---ebpf-pid----4716----pid-4716
---ebpf-pid----4716----pid-3323
---ebpf-pid----4716----pid-1
---ebpf-pid----4716----pid-4716
---ebpf-pid----4716----pid-3323
---ebpf-pid----4716----pid-1
---ebpf-pid----4716----pid-4716
---ebpf-pid----4716----pid-3323
---ebpf-pid----4716----pid-1
---ebpf-pid----4716----pid-4716
---ebpf-pid----4716----pid-3323
---ebpf-pid----4716----pid-1
---ebpf-pid----4716----pid-4716
---ebpf-pid----4716----pid-3323
---ebpf-pid----4716----pid-1
---ebpf-pid----5638----pid-5638
---ebpf-pid----5638----pid-1
---ebpf-pid----4716----pid-4716
---ebpf-pid----4716----pid-3323
---ebpf-pid----4716----pid-1
---ebpf-pid----4716----pid-4716
---ebpf-pid----4716----pid-3323
---ebpf-pid----4716----pid-1
---ebpf-pid----4716----pid-4716
---ebpf-pid----4716----pid-3323
---ebpf-pid----4716----pid-1
---ebpf-pid----1856----pid-1856
---ebpf-pid----1856----pid-1
---ebpf-pid----5638----pid-5638
---ebpf-pid----5638----pid-1
---ebpf-pid----5638----pid-5638
---ebpf-pid----5638----pid-1
---ebpf-pid----4716----pid-4716
---ebpf-pid----4716----pid-3323
---ebpf-pid----4716----pid-1
---ebpf-pid----4716----pid-4716
---ebpf-pid----4716----pid-3323
---ebpf-pid----4716----pid-1
---ebpf-pid----4716----pid-4716
---ebpf-pid----4716----pid-3323
---ebpf-pid----4716----pid-1
---ebpf-pid----448522----pid-448522
---ebpf-pid----448522----pid-1
---ebpf-pid----4716----pid-4716
---ebpf-pid----4716----pid-3323
---ebpf-pid----4716----pid-1
---ebpf-pid----4716----pid-4716
---ebpf-pid----4716----pid-3323
---ebpf-pid----4716----pid-1
---ebpf-pid----4716----pid-4716
---ebpf-pid----4716----pid-3323
---ebpf-pid----4716----pid-1
---ebpf-pid----448521----pid-448521
---ebpf-pid----448521----pid-1
---ebpf-pid----4716----pid-4716
---ebpf-pid----4716----pid-3323
---ebpf-pid----4716----pid-1
---ebpf-pid----4716----pid-4716
---ebpf-pid----4716----pid-3323
---ebpf-pid----4716----pid-1
---ebpf-pid----4716----pid-4716
---ebpf-pid----4716----pid-3323
---ebpf-pid----4716----pid-1
---ebpf-pid----4716----pid-4716
---ebpf-pid----4716----pid-3323
---ebpf-pid----4716----pid-1
---ebpf-pid----5638----pid-5638
---ebpf-pid----5638----pid-1
---ebpf-pid----5638----pid-5638
---ebpf-pid----5638----pid-1
---ebpf-pid----5638----pid-5638
---ebpf-pid----5638----pid-1
---ebpf-pid----4716----pid-4716
---ebpf-pid----4716----pid-3323
---ebpf-pid----4716----pid-1
---ebpf-pid----4716----pid-4716
---ebpf-pid----4716----pid-3323
---ebpf-pid----4716----pid-1
---ebpf-pid----448521----pid-448521
---ebpf-pid----448521----pid-1
---ebpf-pid----4716----pid-4716
---ebpf-pid----4716----pid-3323
---ebpf-pid----4716----pid-1
---ebpf-pid----4716----pid-4716
---ebpf-pid----4716----pid-3323
---ebpf-pid----4716----pid-1
---ebpf-pid----4716----pid-4716
---ebpf-pid----4716----pid-3323
---ebpf-pid----4716----pid-1
---ebpf-pid----4716----pid-4716
---ebpf-pid----4716----pid-3323
---ebpf-pid----4716----pid-1
---ebpf-pid----4716----pid-4716
---ebpf-pid----4716----pid-3323
---ebpf-pid----4716----pid-1
---ebpf-pid----448522----pid-448522
---ebpf-pid----448522----pid-1
---ebpf-pid----5638----pid-5638
---ebpf-pid----5638----pid-1
---ebpf-pid----5638----pid-5638
---ebpf-pid----5638----pid-1
---ebpf-pid----4716----pid-4716
---ebpf-pid----4716----pid-3323
---ebpf-pid----4716----pid-1
---ebpf-pid----4716----pid-4716
---ebpf-pid----4716----pid-3323
---ebpf-pid----4716----pid-1
---ebpf-pid----4716----pid-4716
---ebpf-pid----4716----pid-3323
---ebpf-pid----4716----pid-1
---ebpf-pid----448522----pid-448522
---ebpf-pid----448522----pid-1
---ebpf-pid----5638----pid-5638
---ebpf-pid----5638----pid-1
---ebpf-pid----448521----pid-448521
---ebpf-pid----448521----pid-1
---ebpf-pid----4716----pid-4716
---ebpf-pid----4716----pid-3323
---ebpf-pid----4716----pid-1
---ebpf-pid----4716----pid-4716
---ebpf-pid----4716----pid-3323
---ebpf-pid----4716----pid-1
---ebpf-pid----448521----pid-448521
---ebpf-pid----448521----pid-1
---ebpf-pid----5638----pid-5638
---ebpf-pid----5638----pid-1
---ebpf-pid----5638----pid-5638
---ebpf-pid----5638----pid-1
---ebpf-pid----5638----pid-5638
---ebpf-pid----5638----pid-1
---ebpf-pid----4716----pid-4716
---ebpf-pid----4716----pid-3323
---ebpf-pid----4716----pid-1
---ebpf-pid----4716----pid-4716
---ebpf-pid----4716----pid-3323
---ebpf-pid----4716----pid-1
---ebpf-pid----4716----pid-4716
---ebpf-pid----4716----pid-3323
---ebpf-pid----4716----pid-1
---ebpf-pid----5638----pid-5638
---ebpf-pid----5638----pid-1
---ebpf-pid----4716----pid-4716
---ebpf-pid----4716----pid-3323
---ebpf-pid----4716----pid-1
---ebpf-pid----4716----pid-4716
---ebpf-pid----4716----pid-3323
---ebpf-pid----4716----pid-1
---ebpf-pid----4716----pid-4716
---ebpf-pid----4716----pid-3323
---ebpf-pid----4716----pid-1
---ebpf-pid----4716----pid-4716
---ebpf-pid----4716----pid-3323
---ebpf-pid----4716----pid-1
---ebpf-pid----4716----pid-4716
---ebpf-pid----4716----pid-3323
---ebpf-pid----4716----pid-1
---ebpf-pid----4716----pid-4716
---ebpf-pid----4716----pid-3323
---ebpf-pid----4716----pid-1
---ebpf-pid----448522----pid-448522
---ebpf-pid----448522----pid-1
---ebpf-pid----5638----pid-5638
---ebpf-pid----5638----pid-1
---ebpf-pid----5638----pid-5638
---ebpf-pid----5638----pid-1
---ebpf-pid----5638----pid-5638
---ebpf-pid----5638----pid-1
---ebpf-pid----5638----pid-5638
---ebpf-pid----5638----pid-1
---ebpf-pid----4716----pid-4716
---ebpf-pid----4716----pid-3323
---ebpf-pid----4716----pid-1
---ebpf-pid----4716----pid-4716
---ebpf-pid----4716----pid-3323
---ebpf-pid----4716----pid-1
---ebpf-pid----7313----pid-7313
---ebpf-pid----7313----pid-1
---ebpf-pid----4716----pid-4716
---ebpf-pid----4716----pid-3323
---ebpf-pid----4716----pid-1
---ebpf-pid----4716----pid-4716
---ebpf-pid----4716----pid-3323
---ebpf-pid----4716----pid-1
---ebpf-pid----7313----pid-7313
---ebpf-pid----7313----pid-1
---ebpf-pid----7313----pid-7313
---ebpf-pid----7313----pid-1
---ebpf-pid----4716----pid-4716
---ebpf-pid----4716----pid-3323
---ebpf-pid----4716----pid-1
---ebpf-pid----4716----pid-4716
---ebpf-pid----4716----pid-3323
---ebpf-pid----4716----pid-1
---ebpf-pid----4716----pid-4716
---ebpf-pid----4716----pid-3323
---ebpf-pid----4716----pid-1
---ebpf-pid----4716----pid-4716
---ebpf-pid----4716----pid-3323
---ebpf-pid----4716----pid-1
---ebpf-pid----4716----pid-4716
---ebpf-pid----4716----pid-3323
---ebpf-pid----4716----pid-1
---ebpf-pid----448783----pid-448783
---ebpf-pid----448783----pid-448520
---ebpf-pid----448783----pid-1
---ebpf-pid----448783----pid-448783
---ebpf-pid----448783----pid-448520
---ebpf-pid----448783----pid-1
---ebpf-pid----448783----pid-448783
---ebpf-pid----448783----pid-448520
---ebpf-pid----448783----pid-1
---ebpf-pid----448783----pid-448783
---ebpf-pid----448783----pid-448520
---ebpf-pid----448783----pid-1
---ebpf-pid----448783----pid-448783
---ebpf-pid----448783----pid-448520
---ebpf-pid----448783----pid-1
---ebpf-pid----448783----pid-448783
---ebpf-pid----448783----pid-448520
---ebpf-pid----448783----pid-1
---ebpf-pid----448783----pid-448783
---ebpf-pid----448783----pid-448520
---ebpf-pid----448783----pid-1
---ebpf-pid----448783----pid-448783
---ebpf-pid----448783----pid-448520
---ebpf-pid----448783----pid-1
---ebpf-pid----448783----pid-448783
---ebpf-pid----448783----pid-448520
---ebpf-pid----448783----pid-1
---ebpf-pid----448783----pid-448783
---ebpf-pid----448783----pid-448520
---ebpf-pid----448783----pid-1
---ebpf-pid----448783----pid-448783
---ebpf-pid----448783----pid-448520
---ebpf-pid----448783----pid-1
---ebpf-pid----448783----pid-448783
---ebpf-pid----448783----pid-448520
---ebpf-pid----448783----pid-1
---ebpf-pid----448783----pid-448783
---ebpf-pid----448783----pid-448520
---ebpf-pid----448783----pid-1
---ebpf-pid----448783----pid-448783
---ebpf-pid----448783----pid-448520
---ebpf-pid----448783----pid-1
---ebpf-pid----448783----pid-448783
---ebpf-pid----448783----pid-448520
---ebpf-pid----448783----pid-1
---ebpf-pid----448783----pid-448783
---ebpf-pid----448783----pid-448520
---ebpf-pid----448783----pid-1
---ebpf-pid----448783----pid-448783
---ebpf-pid----448783----pid-448520
---ebpf-pid----448783----pid-1
---ebpf-pid----448522----pid-448522
---ebpf-pid----448522----pid-1
---ebpf-pid----4716----pid-4716
---ebpf-pid----4716----pid-3323
---ebpf-pid----4716----pid-1
---ebpf-pid----4716----pid-4716
---ebpf-pid----4716----pid-3323
---ebpf-pid----4716----pid-1
---ebpf-pid----4716----pid-4716
---ebpf-pid----4716----pid-3323
---ebpf-pid----4716----pid-1
---ebpf-pid----4716----pid-4716
---ebpf-pid----4716----pid-3323
---ebpf-pid----4716----pid-1
---ebpf-pid----4716----pid-4716
---ebpf-pid----4716----pid-3323
---ebpf-pid----4716----pid-1
---ebpf-pid----4716----pid-4716
---ebpf-pid----4716----pid-3323
---ebpf-pid----4716----pid-1
---ebpf-pid----4716----pid-4716
---ebpf-pid----4716----pid-3323
---ebpf-pid----4716----pid-1
---ebpf-pid----4716----pid-4716
---ebpf-pid----4716----pid-3323
---ebpf-pid----4716----pid-1
---ebpf-pid----1856----pid-1856
---ebpf-pid----1856----pid-1
---ebpf-pid----4716----pid-4716
---ebpf-pid----4716----pid-3323
---ebpf-pid----4716----pid-1
---ebpf-pid----4716----pid-4716
---ebpf-pid----4716----pid-3323
---ebpf-pid----4716----pid-1
---ebpf-pid----4716----pid-4716
---ebpf-pid----4716----pid-3323
---ebpf-pid----4716----pid-1
---ebpf-pid----4716----pid-4716
---ebpf-pid----4716----pid-3323
---ebpf-pid----4716----pid-1
---ebpf-pid----4716----pid-4716
---ebpf-pid----4716----pid-3323
---ebpf-pid----4716----pid-1
---ebpf-pid----4716----pid-4716
---ebpf-pid----4716----pid-3323
---ebpf-pid----4716----pid-1
---ebpf-pid----4716----pid-4716
---ebpf-pid----4716----pid-3323
---ebpf-pid----4716----pid-1
---ebpf-pid----4716----pid-4716
---ebpf-pid----4716----pid-3323
---ebpf-pid----4716----pid-1
---ebpf-pid----4716----pid-4716
---ebpf-pid----4716----pid-3323
---ebpf-pid----4716----pid-1
---ebpf-pid----4716----pid-4716
---ebpf-pid----4716----pid-3323
---ebpf-pid----4716----pid-1
---ebpf-pid----4716----pid-4716
---ebpf-pid----4716----pid-3323
---ebpf-pid----4716----pid-1
---ebpf-pid----448522----pid-448522
---ebpf-pid----448522----pid-1
---ebpf-pid----4716----pid-4716
---ebpf-pid----4716----pid-3323
---ebpf-pid----4716----pid-1
---ebpf-pid----1856----pid-1856
---ebpf-pid----1856----pid-1
---ebpf-pid----4716----pid-4716
---ebpf-pid----4716----pid-3323
---ebpf-pid----4716----pid-1
---ebpf-pid----4716----pid-4716
---ebpf-pid----4716----pid-3323
---ebpf-pid----4716----pid-1
---ebpf-pid----7312----pid-7312
---ebpf-pid----7312----pid-1
---ebpf-pid----7312----pid-7312
---ebpf-pid----7312----pid-1
---ebpf-pid----1856----pid-1856
---ebpf-pid----1856----pid-1
---ebpf-pid----7313----pid-7313
---ebpf-pid----7313----pid-1
---ebpf-pid----4716----pid-4716
---ebpf-pid----4716----pid-3323
---ebpf-pid----4716----pid-1
---ebpf-pid----4716----pid-4716
---ebpf-pid----4716----pid-3323
---ebpf-pid----4716----pid-1
---ebpf-pid----4716----pid-4716
---ebpf-pid----4716----pid-3323
---ebpf-pid----4716----pid-1
---ebpf-pid----4716----pid-4716
---ebpf-pid----4716----pid-3323
---ebpf-pid----4716----pid-1
---ebpf-pid----4716----pid-4716
---ebpf-pid----4716----pid-3323
---ebpf-pid----4716----pid-1
---ebpf-pid----4716----pid-4716
---ebpf-pid----4716----pid-3323
---ebpf-pid----4716----pid-1
---ebpf-pid----7312----pid-7312
---ebpf-pid----7312----pid-1
---ebpf-pid----7312----pid-7312
---ebpf-pid----7312----pid-1
---ebpf-pid----4716----pid-4716
---ebpf-pid----4716----pid-3323
---ebpf-pid----4716----pid-1
---ebpf-pid----4716----pid-4716
---ebpf-pid----4716----pid-3323
---ebpf-pid----4716----pid-1
---ebpf-pid----7312----pid-7312
---ebpf-pid----7312----pid-1
---ebpf-pid----4716----pid-4716
---ebpf-pid----4716----pid-3323
---ebpf-pid----4716----pid-1
---ebpf-pid----4716----pid-4716
---ebpf-pid----4716----pid-3323
---ebpf-pid----4716----pid-1
---ebpf-pid----4716----pid-4716
---ebpf-pid----4716----pid-3323
---ebpf-pid----4716----pid-1
---ebpf-pid----448783----pid-448783
---ebpf-pid----448783----pid-448520
---ebpf-pid----448783----pid-1
---ebpf-pid----448783----pid-448783
---ebpf-pid----448783----pid-448520
---ebpf-pid----448783----pid-1
---ebpf-pid----448783----pid-448783
---ebpf-pid----448783----pid-448520
---ebpf-pid----448783----pid-1
---ebpf-pid----448783----pid-448783
---ebpf-pid----448783----pid-448520
---ebpf-pid----448783----pid-1
---ebpf-pid----448783----pid-448783
---ebpf-pid----448783----pid-448520
---ebpf-pid----448783----pid-1
---ebpf-pid----448783----pid-448783
---ebpf-pid----448783----pid-448520
---ebpf-pid----448783----pid-1
---ebpf-pid----448783----pid-448783
---ebpf-pid----448783----pid-448520
---ebpf-pid----448783----pid-1
---ebpf-pid----448783----pid-448783
---ebpf-pid----448783----pid-448520
---ebpf-pid----448783----pid-1
---ebpf-pid----448783----pid-448783
---ebpf-pid----448783----pid-448520
---ebpf-pid----448783----pid-1
---ebpf-pid----448783----pid-448783
---ebpf-pid----448783----pid-448520
---ebpf-pid----448783----pid-1
---ebpf-pid----448783----pid-448783
---ebpf-pid----448783----pid-448520
---ebpf-pid----448783----pid-1
---ebpf-pid----448783----pid-448783
---ebpf-pid----448783----pid-448520
---ebpf-pid----448783----pid-1
---ebpf-pid----448783----pid-448783
---ebpf-pid----448783----pid-448520
---ebpf-pid----448783----pid-1
---ebpf-pid----448783----pid-448783
---ebpf-pid----448783----pid-448520
---ebpf-pid----448783----pid-1
---ebpf-pid----448783----pid-448783
---ebpf-pid----448783----pid-448520
---ebpf-pid----448783----pid-1
---ebpf-pid----448783----pid-448783
---ebpf-pid----448783----pid-448520
---ebpf-pid----448783----pid-1
---ebpf-pid----448783----pid-448783
---ebpf-pid----448783----pid-448520
---ebpf-pid----448783----pid-1
---ebpf-pid----448783----pid-448783
---ebpf-pid----448783----pid-448520
---ebpf-pid----448783----pid-1
---ebpf-pid----448783----pid-448783
---ebpf-pid----448783----pid-448520
---ebpf-pid----448783----pid-1
---ebpf-pid----448783----pid-448783
---ebpf-pid----448783----pid-448520
---ebpf-pid----448783----pid-1
---ebpf-pid----448783----pid-448783
---ebpf-pid----448783----pid-448520
---ebpf-pid----448783----pid-1
---ebpf-pid----448783----pid-448783
---ebpf-pid----448783----pid-448520
---ebpf-pid----448783----pid-1
---ebpf-pid----448783----pid-448783
---ebpf-pid----448783----pid-448520
---ebpf-pid----448783----pid-1
---ebpf-pid----448783----pid-448783
---ebpf-pid----448783----pid-448520
---ebpf-pid----448783----pid-1
---ebpf-pid----448783----pid-448783
---ebpf-pid----448783----pid-448520
---ebpf-pid----448783----pid-1
---ebpf-pid----448783----pid-448783
---ebpf-pid----448783----pid-448520
---ebpf-pid----448783----pid-1
---ebpf-pid----448783----pid-448783
---ebpf-pid----448783----pid-448520
---ebpf-pid----448783----pid-1
---ebpf-pid----448783----pid-448783
---ebpf-pid----448783----pid-448520
---ebpf-pid----448783----pid-1
---ebpf-pid----448783----pid-448783
---ebpf-pid----448783----pid-448520
---ebpf-pid----448783----pid-1
---ebpf-pid----448783----pid-448783
---ebpf-pid----448783----pid-448520
---ebpf-pid----448783----pid-1
---ebpf-pid----448522----pid-448522
---ebpf-pid----448522----pid-1
---ebpf-pid----5638----pid-5638
---ebpf-pid----5638----pid-1
---ebpf-pid----5638----pid-5638
---ebpf-pid----5638----pid-1
---ebpf-pid----5638----pid-5638
---ebpf-pid----5638----pid-1
---ebpf-pid----5638----pid-5638
---ebpf-pid----5638----pid-1
---ebpf-pid----5638----pid-5638
---ebpf-pid----5638----pid-1
---ebpf-pid----1856----pid-1856
---ebpf-pid----1856----pid-1
---ebpf-pid----7313----pid-7313
---ebpf-pid----7313----pid-1
---ebpf-pid----7313----pid-7313
---ebpf-pid----7313----pid-1
---ebpf-pid----14----pid-14
---ebpf-pid----14----pid-2
---ebpf-pid----14----pid-14
---ebpf-pid----14----pid-2
---ebpf-pid----5638----pid-5638
---ebpf-pid----5638----pid-1
---ebpf-pid----448522----pid-448522
---ebpf-pid----448522----pid-1
---ebpf-pid----1856----pid-1856
---ebpf-pid----1856----pid-1
---ebpf-pid----1856----pid-1856
Failed to get process information for PID 0
Failed to get process information for PID 0
Failed to get process information for PID 0
---ebpf-pid----1856----pid-1
---ebpf-pid----448783----pid-448783
---ebpf-pid----448783----pid-448520
---ebpf-pid----448783----pid-1
---ebpf-pid----448783----pid-448783
---ebpf-pid----448783----pid-448520
---ebpf-pid----448783----pid-1
---ebpf-pid----448783----pid-448783
---ebpf-pid----448783----pid-448520
---ebpf-pid----448783----pid-1
---ebpf-pid----448522----pid-448522
---ebpf-pid----448522----pid-1
---ebpf-pid----14----pid-14
---ebpf-pid----14----pid-2
---ebpf-pid----448522----pid-448522
---ebpf-pid----448522----pid-1
---ebpf-pid----5638----pid-5638
---ebpf-pid----5638----pid-1
---ebpf-pid----7313----pid-7313
---ebpf-pid----7313----pid-1
---ebpf-pid----448522----pid-448522
---ebpf-pid----448522----pid-1
---ebpf-pid----5638----pid-5638
---ebpf-pid----5638----pid-1
---ebpf-pid----5638----pid-5638
---ebpf-pid----5638----pid-1
---ebpf-pid----448783----pid-448783
---ebpf-pid----448783----pid-448520
---ebpf-pid----448783----pid-1
---ebpf-pid----448783----pid-448783
---ebpf-pid----448783----pid-448520
---ebpf-pid----448783----pid-1
---ebpf-pid----448783----pid-448783
---ebpf-pid----448783----pid-448520
---ebpf-pid----448783----pid-1
---ebpf-pid----448783----pid-448783
---ebpf-pid----448783----pid-448520
---ebpf-pid----448783----pid-1
---ebpf-pid----448783----pid-448783
---ebpf-pid----448783----pid-448520
---ebpf-pid----448783----pid-1
---ebpf-pid----448783----pid-448783
---ebpf-pid----448783----pid-448520
---ebpf-pid----448783----pid-1
---ebpf-pid----448783----pid-448783
---ebpf-pid----448783----pid-448520
---ebpf-pid----448783----pid-1
---ebpf-pid----448783----pid-448783
---ebpf-pid----448783----pid-448520
---ebpf-pid----448783----pid-1
---ebpf-pid----448783----pid-448783
---ebpf-pid----448783----pid-448520
---ebpf-pid----448783----pid-1
---ebpf-pid----448783----pid-448783
---ebpf-pid----448783----pid-448520
---ebpf-pid----448783----pid-1
---ebpf-pid----448783----pid-448783
---ebpf-pid----448783----pid-448520
---ebpf-pid----448783----pid-1
---ebpf-pid----448783----pid-448783
---ebpf-pid----448783----pid-448520
---ebpf-pid----448783----pid-1
---ebpf-pid----448783----pid-448783
---ebpf-pid----448783----pid-448520
---ebpf-pid----448783----pid-1
---ebpf-pid----448783----pid-448783
---ebpf-pid----448783----pid-448520
---ebpf-pid----448783----pid-1
---ebpf-pid----448783----pid-448783
---ebpf-pid----448783----pid-448520
---ebpf-pid----448783----pid-1
---ebpf-pid----448783----pid-448783
---ebpf-pid----448783----pid-448520
---ebpf-pid----448783----pid-1
---ebpf-pid----448783----pid-448783
---ebpf-pid----448783----pid-448520
---ebpf-pid----448783----pid-1
---ebpf-pid----448783----pid-448783
---ebpf-pid----448783----pid-448520
---ebpf-pid----448783----pid-1
---ebpf-pid----448783----pid-448783
---ebpf-pid----448783----pid-448520
---ebpf-pid----448783----pid-1
---ebpf-pid----448783----pid-448783
---ebpf-pid----448783----pid-448520
---ebpf-pid----448783----pid-1
---ebpf-pid----448783----pid-448783
---ebpf-pid----448783----pid-448520
---ebpf-pid----448783----pid-1
---ebpf-pid----448783----pid-448783
---ebpf-pid----448783----pid-448520
---ebpf-pid----448783----pid-1
---ebpf-pid----448783----pid-448783
---ebpf-pid----448783----pid-448520
---ebpf-pid----448783----pid-1
---ebpf-pid----448783----pid-448783
---ebpf-pid----448783----pid-448520
---ebpf-pid----448783----pid-1
---ebpf-pid----448783----pid-448783
---ebpf-pid----448783----pid-448520
---ebpf-pid----448783----pid-1
---ebpf-pid----448783----pid-448783
---ebpf-pid----448783----pid-448520
---ebpf-pid----448783----pid-1
---ebpf-pid----448783----pid-448783
---ebpf-pid----448783----pid-448520
---ebpf-pid----448783----pid-1
---ebpf-pid----448783----pid-448783
---ebpf-pid----448783----pid-448520
---ebpf-pid----448783----pid-1
---ebpf-pid----448783----pid-448783
---ebpf-pid----448783----pid-448520
---ebpf-pid----448783----pid-1
---ebpf-pid----448783----pid-448783
---ebpf-pid----448783----pid-448520
---ebpf-pid----448783----pid-1
---ebpf-pid----448783----pid-448783
---ebpf-pid----448783----pid-448520
---ebpf-pid----448783----pid-1
---ebpf-pid----448783----pid-448783
---ebpf-pid----448783----pid-448520
---ebpf-pid----448783----pid-1
---ebpf-pid----448783----pid-448783
---ebpf-pid----448783----pid-448520
---ebpf-pid----448783----pid-1
---ebpf-pid----448783----pid-448783
---ebpf-pid----448783----pid-448520
---ebpf-pid----448783----pid-1
---ebpf-pid----448783----pid-448783
---ebpf-pid----448783----pid-448520
---ebpf-pid----448783----pid-1
---ebpf-pid----448783----pid-448783
---ebpf-pid----448783----pid-448520
---ebpf-pid----448783----pid-1
---ebpf-pid----448783----pid-448783
---ebpf-pid----448783----pid-448520
---ebpf-pid----448783----pid-1
---ebpf-pid----448783----pid-448783
---ebpf-pid----448783----pid-448520
---ebpf-pid----448783----pid-1
---ebpf-pid----448783----pid-448783
---ebpf-pid----448783----pid-448520
---ebpf-pid----448783----pid-1
---ebpf-pid----448522----pid-448522
---ebpf-pid----448522----pid-1
---ebpf-pid----5881----pid-5881
---ebpf-pid----5881----pid-5550
---ebpf-pid----5881----pid-1
---ebpf-pid----5865----pid-5865
---ebpf-pid----5865----pid-5550
---ebpf-pid----5865----pid-1
---ebpf-pid----5865----pid-5865
---ebpf-pid----5865----pid-5550
---ebpf-pid----5865----pid-1
---ebpf-pid----5881----pid-5881
---ebpf-pid----5881----pid-5550
---ebpf-pid----5881----pid-1
---ebpf-pid----5878----pid-5878
---ebpf-pid----5878----pid-5550
---ebpf-pid----5878----pid-1
---ebpf-pid----5881----pid-5881
---ebpf-pid----5881----pid-5550
---ebpf-pid----5881----pid-1
---ebpf-pid----5881----pid-5881
---ebpf-pid----5881----pid-5550
---ebpf-pid----5881----pid-1
---ebpf-pid----5881----pid-5881
---ebpf-pid----5881----pid-5550
---ebpf-pid----5881----pid-1
---ebpf-pid----5881----pid-5881
---ebpf-pid----5881----pid-5550
---ebpf-pid----5881----pid-1
---ebpf-pid----5881----pid-5881
---ebpf-pid----5881----pid-5550
---ebpf-pid----5881----pid-1
---ebpf-pid----5881----pid-5881
---ebpf-pid----5881----pid-5550
---ebpf-pid----5881----pid-1
---ebpf-pid----5881----pid-5881
---ebpf-pid----5881----pid-5550
---ebpf-pid----5881----pid-1
---ebpf-pid----5881----pid-5881
---ebpf-pid----5881----pid-5550
---ebpf-pid----5881----pid-1
---ebpf-pid----5881----pid-5881
---ebpf-pid----5881----pid-5550
---ebpf-pid----5881----pid-1
---ebpf-pid----5881----pid-5881
---ebpf-pid----5881----pid-5550
---ebpf-pid----5881----pid-1
---ebpf-pid----5881----pid-5881
---ebpf-pid----5881----pid-5550
---ebpf-pid----5881----pid-1
---ebpf-pid----5881----pid-5881
Failed to get process information for PID 0
Failed to get process information for PID 0
Failed to get process information for PID 0
---ebpf-pid----5881----pid-5550
---ebpf-pid----5881----pid-1
---ebpf-pid----5891----pid-5891
---ebpf-pid----5891----pid-5550
---ebpf-pid----5891----pid-1
---ebpf-pid----6428----pid-6428
---ebpf-pid----6428----pid-5550
---ebpf-pid----6428----pid-1
---ebpf-pid----6428----pid-6428
---ebpf-pid----6428----pid-5550
---ebpf-pid----6428----pid-1
---ebpf-pid----6428----pid-6428
---ebpf-pid----6428----pid-5550
---ebpf-pid----6428----pid-1
---ebpf-pid----6428----pid-6428
---ebpf-pid----6428----pid-5550
---ebpf-pid----6428----pid-1
---ebpf-pid----6428----pid-6428
---ebpf-pid----6428----pid-5550
---ebpf-pid----6428----pid-1
---ebpf-pid----6428----pid-6428
---ebpf-pid----6428----pid-5550
---ebpf-pid----6428----pid-1
---ebpf-pid----6428----pid-6428
---ebpf-pid----6428----pid-5550
---ebpf-pid----6428----pid-1
---ebpf-pid----6428----pid-6428
---ebpf-pid----6428----pid-5550
---ebpf-pid----6428----pid-1
---ebpf-pid----6428----pid-6428
---ebpf-pid----6428----pid-5550
---ebpf-pid----6428----pid-1
---ebpf-pid----6428----pid-6428
---ebpf-pid----6428----pid-5550
---ebpf-pid----6428----pid-1
---ebpf-pid----14----pid-14
---ebpf-pid----14----pid-2
---ebpf-pid----6428----pid-6428
---ebpf-pid----6428----pid-5550
---ebpf-pid----6428----pid-1
---ebpf-pid----6428----pid-6428
---ebpf-pid----6428----pid-5550
---ebpf-pid----6428----pid-1
---ebpf-pid----6428----pid-6428
---ebpf-pid----6428----pid-5550
---ebpf-pid----6428----pid-1
---ebpf-pid----6428----pid-6428
---ebpf-pid----6428----pid-5550
---ebpf-pid----6428----pid-1
---ebpf-pid----6428----pid-6428
---ebpf-pid----6428----pid-5550
---ebpf-pid----6428----pid-1
---ebpf-pid----6428----pid-6428
---ebpf-pid----6428----pid-5550
---ebpf-pid----6428----pid-1
---ebpf-pid----6428----pid-6428
---ebpf-pid----6428----pid-5550
---ebpf-pid----6428----pid-1
---ebpf-pid----6428----pid-6428
---ebpf-pid----6428----pid-5550
---ebpf-pid----6428----pid-1
---ebpf-pid----448522----pid-448522
---ebpf-pid----448522----pid-1
---ebpf-pid----4115----pid-4115
---ebpf-pid----4115----pid-1
---ebpf-pid----5614----pid-5614
---ebpf-pid----5614----pid-1
---ebpf-pid----5614----pid-5614
---ebpf-pid----5614----pid-1
---ebpf-pid----5614----pid-5614
---ebpf-pid----5614----pid-1
---ebpf-pid----5614----pid-5614
---ebpf-pid----5614----pid-1
---ebpf-pid----5614----pid-5614
---ebpf-pid----5614----pid-1
---ebpf-pid----5614----pid-5614
---ebpf-pid----5614----pid-1
---ebpf-pid----5614----pid-5614
---ebpf-pid----5614----pid-1
---ebpf-pid----448783----pid-448783
---ebpf-pid----448783----pid-448520
---ebpf-pid----448783----pid-1
---ebpf-pid----448783----pid-448783
---ebpf-pid----448783----pid-448520
---ebpf-pid----448783----pid-1
---ebpf-pid----448783----pid-448783
---ebpf-pid----448783----pid-448520
---ebpf-pid----448783----pid-1
---ebpf-pid----448783----pid-448783
---ebpf-pid----448783----pid-448520
---ebpf-pid----448783----pid-1
---ebpf-pid----448783----pid-448783
---ebpf-pid----448783----pid-448520
---ebpf-pid----448783----pid-1
---ebpf-pid----448783----pid-448783
---ebpf-pid----448783----pid-448520
---ebpf-pid----448783----pid-1
---ebpf-pid----448783----pid-448783
---ebpf-pid----448783----pid-448520
---ebpf-pid----448783----pid-1
---ebpf-pid----448783----pid-448783
---ebpf-pid----448783----pid-448520
---ebpf-pid----448783----pid-1
---ebpf-pid----448783----pid-448783
---ebpf-pid----448783----pid-448520
---ebpf-pid----448783----pid-1
---ebpf-pid----448783----pid-448783
---ebpf-pid----448783----pid-448520
---ebpf-pid----448783----pid-1
---ebpf-pid----448783----pid-448783
---ebpf-pid----448783----pid-448520
---ebpf-pid----448783----pid-1
---ebpf-pid----448783----pid-448783
---ebpf-pid----448783----pid-448520
---ebpf-pid----448783----pid-1
---ebpf-pid----448783----pid-448783
---ebpf-pid----448783----pid-448520
---ebpf-pid----448783----pid-1
---ebpf-pid----448783----pid-448783
---ebpf-pid----448783----pid-448520
---ebpf-pid----448783----pid-1
---ebpf-pid----448783----pid-448783
---ebpf-pid----448783----pid-448520
---ebpf-pid----448783----pid-1
---ebpf-pid----448783----pid-448783
---ebpf-pid----448783----pid-448520
---ebpf-pid----448783----pid-1
---ebpf-pid----448783----pid-448783
---ebpf-pid----448783----pid-448520
---ebpf-pid----448783----pid-1
---ebpf-pid----448783----pid-448783
---ebpf-pid----448783----pid-448520
---ebpf-pid----448783----pid-1
---ebpf-pid----448783----pid-448783
---ebpf-pid----448783----pid-448520
---ebpf-pid----448783----pid-1
---ebpf-pid----448783----pid-448783
---ebpf-pid----448783----pid-448520
---ebpf-pid----448783----pid-1
---ebpf-pid----448783----pid-448783
---ebpf-pid----448783----pid-448520
---ebpf-pid----448783----pid-1
---ebpf-pid----448783----pid-448783
---ebpf-pid----448783----pid-448520
---ebpf-pid----448783----pid-1
---ebpf-pid----448783----pid-448783
---ebpf-pid----448783----pid-448520
---ebpf-pid----448783----pid-1
---ebpf-pid----448783----pid-448783
---ebpf-pid----448783----pid-448520
---ebpf-pid----448783----pid-1
---ebpf-pid----448783----pid-448783
---ebpf-pid----448783----pid-448520
---ebpf-pid----448783----pid-1
---ebpf-pid----448783----pid-448783
---ebpf-pid----448783----pid-448520
---ebpf-pid----448783----pid-1
---ebpf-pid----448783----pid-448783
---ebpf-pid----448783----pid-448520
---ebpf-pid----448783----pid-1
---ebpf-pid----448783----pid-448783
---ebpf-pid----448783----pid-448520
---ebpf-pid----448783----pid-1
---ebpf-pid----448783----pid-448783
---ebpf-pid----448783----pid-448520
---ebpf-pid----448783----pid-1
---ebpf-pid----448783----pid-448783
---ebpf-pid----448783----pid-448520
---ebpf-pid----448783----pid-1
---ebpf-pid----448783----pid-448783
---ebpf-pid----448783----pid-448520
---ebpf-pid----448783----pid-1
---ebpf-pid----448783----pid-448783
---ebpf-pid----448783----pid-448520
---ebpf-pid----448783----pid-1
---ebpf-pid----448783----pid-448783
---ebpf-pid----448783----pid-448520
---ebpf-pid----448783----pid-1
---ebpf-pid----448783----pid-448783
---ebpf-pid----448783----pid-448520
---ebpf-pid----448783----pid-1
---ebpf-pid----448783----pid-448783
---ebpf-pid----448783----pid-448520
---ebpf-pid----448783----pid-1
---ebpf-pid----448783----pid-448783
---ebpf-pid----448783----pid-448520
---ebpf-pid----448783----pid-1
---ebpf-pid----448783----pid-448783
---ebpf-pid----448783----pid-448520
---ebpf-pid----448783----pid-1
---ebpf-pid----448783----pid-448783
---ebpf-pid----448783----pid-448520
---ebpf-pid----448783----pid-1
---ebpf-pid----448783----pid-448783
---ebpf-pid----448783----pid-448520
---ebpf-pid----448783----pid-1
---ebpf-pid----448783----pid-448783
---ebpf-pid----448783----pid-448520
---ebpf-pid----448783----pid-1
---ebpf-pid----448783----pid-448783
---ebpf-pid----448783----pid-448520
---ebpf-pid----448783----pid-1
---ebpf-pid----448783----pid-448783
---ebpf-pid----448783----pid-448520
---ebpf-pid----448783----pid-1
---ebpf-pid----448783----pid-448783
---ebpf-pid----448783----pid-448520
---ebpf-pid----448783----pid-1
---ebpf-pid----448783----pid-448783
---ebpf-pid----448783----pid-448520
---ebpf-pid----448783----pid-1
---ebpf-pid----448783----pid-448783
---ebpf-pid----448783----pid-448520
---ebpf-pid----448783----pid-1
---ebpf-pid----448783----pid-448783
---ebpf-pid----448783----pid-448520
---ebpf-pid----448783----pid-1
---ebpf-pid----448783----pid-448783
---ebpf-pid----448783----pid-448520
---ebpf-pid----448783----pid-1
---ebpf-pid----448783----pid-448783
---ebpf-pid----448783----pid-448520
---ebpf-pid----448783----pid-1
---ebpf-pid----448783----pid-448783
---ebpf-pid----448783----pid-448520
---ebpf-pid----448783----pid-1
---ebpf-pid----448783----pid-448783
---ebpf-pid----448783----pid-448520
---ebpf-pid----448783----pid-1
---ebpf-pid----5705----pid-5705
---ebpf-pid----5705----pid-5476
---ebpf-pid----5705----pid-1
---ebpf-pid----5705----pid-5705
---ebpf-pid----5705----pid-5476
---ebpf-pid----5705----pid-1
---ebpf-pid----5705----pid-5705
---ebpf-pid----5705----pid-5476
---ebpf-pid----5705----pid-1
---ebpf-pid----5705----pid-5705
---ebpf-pid----5705----pid-5476
---ebpf-pid----5705----pid-1
---ebpf-pid----5705----pid-5705
---ebpf-pid----5705----pid-5476
---ebpf-pid----5705----pid-1
---ebpf-pid----5705----pid-5705
---ebpf-pid----5705----pid-5476
---ebpf-pid----5705----pid-1
---ebpf-pid----5705----pid-5705
---ebpf-pid----5705----pid-5476
---ebpf-pid----5705----pid-1
---ebpf-pid----5705----pid-5705
---ebpf-pid----5705----pid-5476
---ebpf-pid----5705----pid-1
---ebpf-pid----5705----pid-5705
---ebpf-pid----5705----pid-5476
---ebpf-pid----5705----pid-1
---ebpf-pid----5705----pid-5705
---ebpf-pid----5705----pid-5476
---ebpf-pid----5705----pid-1
---ebpf-pid----5705----pid-5705
---ebpf-pid----5705----pid-5476
---ebpf-pid----5705----pid-1
---ebpf-pid----5705----pid-5705
---ebpf-pid----5705----pid-5476
---ebpf-pid----5705----pid-1
---ebpf-pid----5705----pid-5705
---ebpf-pid----5705----pid-5476
---ebpf-pid----5705----pid-1
---ebpf-pid----5705----pid-5705
---ebpf-pid----5705----pid-5476
---ebpf-pid----5705----pid-1
---ebpf-pid----5705----pid-5705
---ebpf-pid----5705----pid-5476
---ebpf-pid----5705----pid-1
---ebpf-pid----448783----pid-448783
---ebpf-pid----448783----pid-448520
---ebpf-pid----448783----pid-1
---ebpf-pid----448783----pid-448783
---ebpf-pid----448783----pid-448520
---ebpf-pid----448783----pid-1
---ebpf-pid----448783----pid-448783
---ebpf-pid----448783----pid-448520
---ebpf-pid----448783----pid-1
---ebpf-pid----448783----pid-448783
---ebpf-pid----448783----pid-448520
---ebpf-pid----448783----pid-1
---ebpf-pid----448783----pid-448783
---ebpf-pid----448783----pid-448520
---ebpf-pid----448783----pid-1
---ebpf-pid----448783----pid-448783
---ebpf-pid----448783----pid-448520
---ebpf-pid----448783----pid-1
---ebpf-pid----448783----pid-448783
---ebpf-pid----448783----pid-448520
---ebpf-pid----448783----pid-1
---ebpf-pid----448783----pid-448783
---ebpf-pid----448783----pid-448520
---ebpf-pid----448783----pid-1
---ebpf-pid----448783----pid-448783
---ebpf-pid----448783----pid-448520
---ebpf-pid----448783----pid-1
---ebpf-pid----448783----pid-448783
---ebpf-pid----448783----pid-448520
---ebpf-pid----448783----pid-1
---ebpf-pid----448783----pid-448783
---ebpf-pid----448783----pid-448520
---ebpf-pid----448783----pid-1
---ebpf-pid----448783----pid-448783
---ebpf-pid----448783----pid-448520
---ebpf-pid----448783----pid-1
---ebpf-pid----448783----pid-448783
---ebpf-pid----448783----pid-448520
---ebpf-pid----448783----pid-1
---ebpf-pid----448783----pid-448783
---ebpf-pid----448783----pid-448520
---ebpf-pid----448783----pid-1
---ebpf-pid----448783----pid-448783
---ebpf-pid----448783----pid-448520
---ebpf-pid----448783----pid-1
---ebpf-pid----448783----pid-448783
---ebpf-pid----448783----pid-448520
---ebpf-pid----448783----pid-1
---ebpf-pid----448783----pid-448783
---ebpf-pid----448783----pid-448520
---ebpf-pid----448783----pid-1
---ebpf-pid----448783----pid-448783
---ebpf-pid----448783----pid-448520
---ebpf-pid----448783----pid-1
---ebpf-pid----448783----pid-448783
---ebpf-pid----448783----pid-448520
---ebpf-pid----448783----pid-1
---ebpf-pid----448783----pid-448783
---ebpf-pid----448783----pid-448520
---ebpf-pid----448783----pid-1
---ebpf-pid----448783----pid-448783
---ebpf-pid----448783----pid-448520
---ebpf-pid----448783----pid-1
---ebpf-pid----448783----pid-448783
---ebpf-pid----448783----pid-448520
---ebpf-pid----448783----pid-1
---ebpf-pid----448783----pid-448783
---ebpf-pid----448783----pid-448520
---ebpf-pid----448783----pid-1
---ebpf-pid----448783----pid-448783
---ebpf-pid----448783----pid-448520
---ebpf-pid----448783----pid-1
---ebpf-pid----448783----pid-448783
---ebpf-pid----448783----pid-448520
---ebpf-pid----448783----pid-1
---ebpf-pid----448783----pid-448783
---ebpf-pid----448783----pid-448520
---ebpf-pid----448783----pid-1
---ebpf-pid----448783----pid-448783
---ebpf-pid----448783----pid-448520
---ebpf-pid----448783----pid-1
---ebpf-pid----448783----pid-448783
---ebpf-pid----448783----pid-448520
---ebpf-pid----448783----pid-1
---ebpf-pid----448783----pid-448783
---ebpf-pid----448783----pid-448520
---ebpf-pid----448783----pid-1
---ebpf-pid----448783----pid-448783
---ebpf-pid----448783----pid-448520
---ebpf-pid----448783----pid-1
---ebpf-pid----448783----pid-448783
---ebpf-pid----448783----pid-448520
---ebpf-pid----448783----pid-1
---ebpf-pid----448783----pid-448783
---ebpf-pid----448783----pid-448520
---ebpf-pid----448783----pid-1
---ebpf-pid----448783----pid-448783
---ebpf-pid----448783----pid-448520
---ebpf-pid----448783----pid-1
---ebpf-pid----448783----pid-448783
---ebpf-pid----448783----pid-448520
---ebpf-pid----448783----pid-1
---ebpf-pid----448783----pid-448783
---ebpf-pid----448783----pid-448520
---ebpf-pid----448783----pid-1
---ebpf-pid----448783----pid-448783
---ebpf-pid----448783----pid-448520
---ebpf-pid----448783----pid-1
---ebpf-pid----5707----pid-5707
---ebpf-pid----5707----pid-5476
---ebpf-pid----5707----pid-1
---ebpf-pid----5707----pid-5707
---ebpf-pid----5707----pid-5476
---ebpf-pid----5707----pid-1
---ebpf-pid----5707----pid-5707
---ebpf-pid----5707----pid-5476
---ebpf-pid----5707----pid-1
---ebpf-pid----5707----pid-5707
---ebpf-pid----5707----pid-5476
---ebpf-pid----5707----pid-1
---ebpf-pid----5707----pid-5707
---ebpf-pid----5707----pid-5476
---ebpf-pid----5707----pid-1
---ebpf-pid----5707----pid-5707
---ebpf-pid----5707----pid-5476
---ebpf-pid----5707----pid-1
---ebpf-pid----5707----pid-5707
---ebpf-pid----5707----pid-5476
---ebpf-pid----5707----pid-1
---ebpf-pid----5707----pid-5707
---ebpf-pid----5707----pid-5476
---ebpf-pid----5707----pid-1
---ebpf-pid----5707----pid-5707
---ebpf-pid----5707----pid-5476
---ebpf-pid----5707----pid-1
---ebpf-pid----5707----pid-5707
---ebpf-pid----5707----pid-5476
---ebpf-pid----5707----pid-1
---ebpf-pid----5707----pid-5707
---ebpf-pid----5707----pid-5476
---ebpf-pid----5707----pid-1
---ebpf-pid----5707----pid-5707
---ebpf-pid----5707----pid-5476
---ebpf-pid----5707----pid-1
---ebpf-pid----5707----pid-5707
---ebpf-pid----5707----pid-5476
---ebpf-pid----5707----pid-1
---ebpf-pid----5707----pid-5707
---ebpf-pid----5707----pid-5476
---ebpf-pid----5707----pid-1
---ebpf-pid----448783----pid-448783
---ebpf-pid----448783----pid-448520
---ebpf-pid----448783----pid-1
---ebpf-pid----448783----pid-448783
---ebpf-pid----448783----pid-448520
---ebpf-pid----448783----pid-1
---ebpf-pid----448783----pid-448783
---ebpf-pid----448783----pid-448520
---ebpf-pid----448783----pid-1
---ebpf-pid----448783----pid-448783
---ebpf-pid----448783----pid-448520
---ebpf-pid----448783----pid-1
---ebpf-pid----448783----pid-448783
---ebpf-pid----448783----pid-448520
---ebpf-pid----448783----pid-1
---ebpf-pid----448783----pid-448783
---ebpf-pid----448783----pid-448520
---ebpf-pid----448783----pid-1
---ebpf-pid----448783----pid-448783
---ebpf-pid----448783----pid-448520
---ebpf-pid----448783----pid-1
---ebpf-pid----448783----pid-448783
---ebpf-pid----448783----pid-448520
---ebpf-pid----448783----pid-1
---ebpf-pid----448783----pid-448783
---ebpf-pid----448783----pid-448520
---ebpf-pid----448783----pid-1
---ebpf-pid----448783----pid-448783
---ebpf-pid----448783----pid-448520
---ebpf-pid----448783----pid-1
---ebpf-pid----448783----pid-448783
---ebpf-pid----448783----pid-448520
---ebpf-pid----448783----pid-1
---ebpf-pid----448783----pid-448783
---ebpf-pid----448783----pid-448520
---ebpf-pid----448783----pid-1
---ebpf-pid----448783----pid-448783
---ebpf-pid----448783----pid-448520
---ebpf-pid----448783----pid-1
---ebpf-pid----448783----pid-448783
---ebpf-pid----448783----pid-448520
---ebpf-pid----448783----pid-1
---ebpf-pid----448783----pid-448783
---ebpf-pid----448783----pid-448520
---ebpf-pid----448783----pid-1
---ebpf-pid----448783----pid-448783
---ebpf-pid----448783----pid-448520
---ebpf-pid----448783----pid-1
---ebpf-pid----379067----pid-379067
---ebpf-pid----379067----pid-5476
---ebpf-pid----379067----pid-1
---ebpf-pid----448783----pid-448783
---ebpf-pid----448783----pid-448520
---ebpf-pid----448783----pid-1
---ebpf-pid----448783----pid-448783
---ebpf-pid----448783----pid-448520
---ebpf-pid----448783----pid-1
---ebpf-pid----448783----pid-448783
---ebpf-pid----448783----pid-448520
---ebpf-pid----448783----pid-1
---ebpf-pid----448783----pid-448783
---ebpf-pid----448783----pid-448520
---ebpf-pid----448783----pid-1
---ebpf-pid----448783----pid-448783
---ebpf-pid----448783----pid-448520
---ebpf-pid----448783----pid-1
---ebpf-pid----448783----pid-448783
---ebpf-pid----448783----pid-448520
---ebpf-pid----448783----pid-1
---ebpf-pid----448783----pid-448783
---ebpf-pid----448783----pid-448520
---ebpf-pid----448783----pid-1
---ebpf-pid----448783----pid-448783
---ebpf-pid----448783----pid-448520
---ebpf-pid----448783----pid-1
---ebpf-pid----448783----pid-448783
---ebpf-pid----448783----pid-448520
---ebpf-pid----448783----pid-1
---ebpf-pid----448783----pid-448783
---ebpf-pid----448783----pid-448520
---ebpf-pid----448783----pid-1
---ebpf-pid----448783----pid-448783
---ebpf-pid----448783----pid-448520
---ebpf-pid----448783----pid-1
---ebpf-pid----448783----pid-448783
---ebpf-pid----448783----pid-448520
---ebpf-pid----448783----pid-1
---ebpf-pid----448783----pid-448783
---ebpf-pid----448783----pid-448520
---ebpf-pid----448783----pid-1
---ebpf-pid----379067----pid-379067
---ebpf-pid----379067----pid-5476
---ebpf-pid----379067----pid-1
---ebpf-pid----379067----pid-379067
---ebpf-pid----379067----pid-5476
---ebpf-pid----379067----pid-1
---ebpf-pid----379067----pid-379067
---ebpf-pid----379067----pid-5476
---ebpf-pid----379067----pid-1
---ebpf-pid----379067----pid-379067
---ebpf-pid----379067----pid-5476
---ebpf-pid----379067----pid-1
---ebpf-pid----379067----pid-379067
---ebpf-pid----379067----pid-5476
---ebpf-pid----379067----pid-1
---ebpf-pid----379067----pid-379067
---ebpf-pid----379067----pid-5476
---ebpf-pid----379067----pid-1
---ebpf-pid----448783----pid-448783
---ebpf-pid----448783----pid-448520
---ebpf-pid----448783----pid-1
---ebpf-pid----448783----pid-448783
---ebpf-pid----448783----pid-448520
---ebpf-pid----448783----pid-1
---ebpf-pid----448783----pid-448783
---ebpf-pid----448783----pid-448520
---ebpf-pid----448783----pid-1
---ebpf-pid----448783----pid-448783
---ebpf-pid----448783----pid-448520
---ebpf-pid----448783----pid-1
---ebpf-pid----448783----pid-448783
---ebpf-pid----448783----pid-448520
---ebpf-pid----448783----pid-1
---ebpf-pid----448783----pid-448783
---ebpf-pid----448783----pid-448520
---ebpf-pid----448783----pid-1
---ebpf-pid----6671----pid-6671
---ebpf-pid----6671----pid-5476
---ebpf-pid----6671----pid-1
---ebpf-pid----6671----pid-6671
---ebpf-pid----6671----pid-5476
---ebpf-pid----6671----pid-1
---ebpf-pid----6671----pid-6671
---ebpf-pid----6671----pid-5476
---ebpf-pid----6671----pid-1
---ebpf-pid----6671----pid-6671
---ebpf-pid----6671----pid-5476
---ebpf-pid----6671----pid-1
---ebpf-pid----448783----pid-448783
---ebpf-pid----448783----pid-448520
---ebpf-pid----448783----pid-1
---ebpf-pid----448783----pid-448783
---ebpf-pid----448783----pid-448520
---ebpf-pid----448783----pid-1
---ebpf-pid----448783----pid-448783
---ebpf-pid----448783----pid-448520
---ebpf-pid----448783----pid-1
---ebpf-pid----448783----pid-448783
---ebpf-pid----448783----pid-448520
---ebpf-pid----448783----pid-1
---ebpf-pid----448783----pid-448783
---ebpf-pid----448783----pid-448520
---ebpf-pid----448783----pid-1
---ebpf-pid----448783----pid-448783
---ebpf-pid----448783----pid-448520
---ebpf-pid----448783----pid-1
---ebpf-pid----448783----pid-448783
---ebpf-pid----448783----pid-448520
---ebpf-pid----448783----pid-1
---ebpf-pid----448783----pid-448783
---ebpf-pid----448783----pid-448520
---ebpf-pid----448783----pid-1
---ebpf-pid----448783----pid-448783
---ebpf-pid----448783----pid-448520
---ebpf-pid----448783----pid-1
---ebpf-pid----448783----pid-448783
---ebpf-pid----448783----pid-448520
---ebpf-pid----448783----pid-1
---ebpf-pid----448783----pid-448783
---ebpf-pid----448783----pid-448520
---ebpf-pid----448783----pid-1
---ebpf-pid----5707----pid-5707
---ebpf-pid----5707----pid-5476
---ebpf-pid----5707----pid-1
---ebpf-pid----448783----pid-448783
---ebpf-pid----448783----pid-448520
---ebpf-pid----448783----pid-1
---ebpf-pid----448783----pid-448783
---ebpf-pid----448783----pid-448520
---ebpf-pid----448783----pid-1
---ebpf-pid----5707----pid-5707
---ebpf-pid----5707----pid-5476
---ebpf-pid----5707----pid-1
---ebpf-pid----5707----pid-5707
---ebpf-pid----5707----pid-5476
---ebpf-pid----5707----pid-1
---ebpf-pid----5707----pid-5707
---ebpf-pid----5707----pid-5476
---ebpf-pid----5707----pid-1
---ebpf-pid----448783----pid-448783
---ebpf-pid----448783----pid-448520
---ebpf-pid----448783----pid-1
---ebpf-pid----379067----pid-379067
---ebpf-pid----379067----pid-5476
---ebpf-pid----379067----pid-1
---ebpf-pid----379067----pid-379067
---ebpf-pid----379067----pid-5476
---ebpf-pid----379067----pid-1
---ebpf-pid----379067----pid-379067
---ebpf-pid----379067----pid-5476
---ebpf-pid----379067----pid-1
---ebpf-pid----379067----pid-379067
---ebpf-pid----379067----pid-5476
---ebpf-pid----379067----pid-1
---ebpf-pid----379067----pid-379067
---ebpf-pid----379067----pid-5476
---ebpf-pid----379067----pid-1
---ebpf-pid----379067----pid-379067
---ebpf-pid----379067----pid-5476
---ebpf-pid----379067----pid-1
---ebpf-pid----6671----pid-6671
---ebpf-pid----6671----pid-5476
---ebpf-pid----6671----pid-1
---ebpf-pid----6671----pid-6671
---ebpf-pid----6671----pid-5476
---ebpf-pid----6671----pid-1
---ebpf-pid----6671----pid-6671
---ebpf-pid----6671----pid-5476
---ebpf-pid----6671----pid-1
---ebpf-pid----6671----pid-6671
---ebpf-pid----6671----pid-5476
---ebpf-pid----6671----pid-1
---ebpf-pid----379067----pid-379067
---ebpf-pid----379067----pid-5476
---ebpf-pid----379067----pid-1
---ebpf-pid----379067----pid-379067
---ebpf-pid----379067----pid-5476
---ebpf-pid----379067----pid-1
---ebpf-pid----6671----pid-6671
---ebpf-pid----6671----pid-5476
---ebpf-pid----6671----pid-1
---ebpf-pid----379067----pid-379067
---ebpf-pid----379067----pid-5476
---ebpf-pid----379067----pid-1
---ebpf-pid----379067----pid-379067
---ebpf-pid----379067----pid-5476
---ebpf-pid----379067----pid-1
---ebpf-pid----379067----pid-379067
---ebpf-pid----379067----pid-5476
---ebpf-pid----379067----pid-1
---ebpf-pid----379067----pid-379067
---ebpf-pid----379067----pid-5476
---ebpf-pid----379067----pid-1
---ebpf-pid----379067----pid-379067
---ebpf-pid----379067----pid-5476
---ebpf-pid----379067----pid-1
---ebpf-pid----6671----pid-6671
---ebpf-pid----6671----pid-5476
---ebpf-pid----6671----pid-1
---ebpf-pid----379067----pid-379067
---ebpf-pid----379067----pid-5476
---ebpf-pid----379067----pid-1
---ebpf-pid----6671----pid-6671
---ebpf-pid----6671----pid-5476
---ebpf-pid----6671----pid-1
---ebpf-pid----379067----pid-379067
---ebpf-pid----379067----pid-5476
---ebpf-pid----379067----pid-1
---ebpf-pid----379067----pid-379067
---ebpf-pid----379067----pid-5476
---ebpf-pid----379067----pid-1
---ebpf-pid----6671----pid-6671
---ebpf-pid----6671----pid-5476
---ebpf-pid----6671----pid-1
---ebpf-pid----379067----pid-379067
---ebpf-pid----379067----pid-5476
---ebpf-pid----379067----pid-1
---ebpf-pid----379067----pid-379067
---ebpf-pid----379067----pid-5476
---ebpf-pid----379067----pid-1
---ebpf-pid----5614----pid-5614
---ebpf-pid----5614----pid-1
---ebpf-pid----5614----pid-5614
---ebpf-pid----5614----pid-1
---ebpf-pid----6671----pid-6671
---ebpf-pid----6671----pid-5476
---ebpf-pid----6671----pid-1
---ebpf-pid----6671----pid-6671
---ebpf-pid----6671----pid-5476
---ebpf-pid----6671----pid-1
---ebpf-pid----379067----pid-379067
---ebpf-pid----379067----pid-5476
---ebpf-pid----379067----pid-1
---ebpf-pid----379067----pid-379067
---ebpf-pid----379067----pid-5476
---ebpf-pid----379067----pid-1
---ebpf-pid----6671----pid-6671
---ebpf-pid----6671----pid-5476
---ebpf-pid----6671----pid-1
---ebpf-pid----6671----pid-6671
---ebpf-pid----6671----pid-5476
---ebpf-pid----6671----pid-1
---ebpf-pid----6671----pid-6671
---ebpf-pid----6671----pid-5476
---ebpf-pid----6671----pid-1
---ebpf-pid----6671----pid-6671
---ebpf-pid----6671----pid-5476
---ebpf-pid----6671----pid-1
---ebpf-pid----6671----pid-6671
---ebpf-pid----6671----pid-5476
---ebpf-pid----6671----pid-1
---ebpf-pid----6671----pid-6671
---ebpf-pid----6671----pid-5476
---ebpf-pid----6671----pid-1
---ebpf-pid----6671----pid-6671
---ebpf-pid----6671----pid-5476
---ebpf-pid----6671----pid-1
---ebpf-pid----6671----pid-6671
---ebpf-pid----6671----pid-5476
---ebpf-pid----6671----pid-1
---ebpf-pid----6671----pid-6671
---ebpf-pid----6671----pid-5476
---ebpf-pid----6671----pid-1
---ebpf-pid----6671----pid-6671
---ebpf-pid----6671----pid-5476
---ebpf-pid----6671----pid-1
---ebpf-pid----6671----pid-6671
---ebpf-pid----6671----pid-5476
---ebpf-pid----6671----pid-1
---ebpf-pid----6671----pid-6671
---ebpf-pid----6671----pid-5476
---ebpf-pid----6671----pid-1
---ebpf-pid----6671----pid-6671
---ebpf-pid----6671----pid-5476
---ebpf-pid----6671----pid-1
---ebpf-pid----6671----pid-6671
---ebpf-pid----6671----pid-5476
---ebpf-pid----6671----pid-1
---ebpf-pid----6671----pid-6671
---ebpf-pid----6671----pid-5476
---ebpf-pid----6671----pid-1
---ebpf-pid----6671----pid-6671
---ebpf-pid----6671----pid-5476
---ebpf-pid----6671----pid-1
---ebpf-pid----6671----pid-6671
---ebpf-pid----6671----pid-5476
---ebpf-pid----6671----pid-1
---ebpf-pid----6671----pid-6671
---ebpf-pid----6671----pid-5476
---ebpf-pid----6671----pid-1
---ebpf-pid----6671----pid-6671
---ebpf-pid----6671----pid-5476
---ebpf-pid----6671----pid-1
---ebpf-pid----6671----pid-6671
---ebpf-pid----6671----pid-5476
---ebpf-pid----6671----pid-1
---ebpf-pid----6671----pid-6671
---ebpf-pid----6671----pid-5476
---ebpf-pid----6671----pid-1
---ebpf-pid----6671----pid-6671
---ebpf-pid----6671----pid-5476
---ebpf-pid----6671----pid-1
---ebpf-pid----6671----pid-6671
---ebpf-pid----6671----pid-5476
---ebpf-pid----6671----pid-1
---ebpf-pid----6671----pid-6671
---ebpf-pid----6671----pid-5476
---ebpf-pid----6671----pid-1
---ebpf-pid----6671----pid-6671
---ebpf-pid----6671----pid-5476
---ebpf-pid----6671----pid-1
---ebpf-pid----6671----pid-6671
---ebpf-pid----6671----pid-5476
---ebpf-pid----6671----pid-1
---ebpf-pid----6671----pid-6671
---ebpf-pid----6671----pid-5476
---ebpf-pid----6671----pid-1
---ebpf-pid----6671----pid-6671
---ebpf-pid----6671----pid-5476
---ebpf-pid----6671----pid-1
---ebpf-pid----6671----pid-6671
---ebpf-pid----6671----pid-5476
---ebpf-pid----6671----pid-1
---ebpf-pid----6671----pid-6671
---ebpf-pid----6671----pid-5476
---ebpf-pid----6671----pid-1
---ebpf-pid----6671----pid-6671
---ebpf-pid----6671----pid-5476
---ebpf-pid----6671----pid-1
---ebpf-pid----6671----pid-6671
---ebpf-pid----6671----pid-5476
---ebpf-pid----6671----pid-1
---ebpf-pid----6671----pid-6671
---ebpf-pid----6671----pid-5476
---ebpf-pid----6671----pid-1
---ebpf-pid----6671----pid-6671
---ebpf-pid----6671----pid-5476
---ebpf-pid----6671----pid-1
---ebpf-pid----6671----pid-6671
---ebpf-pid----6671----pid-5476
---ebpf-pid----6671----pid-1
---ebpf-pid----6671----pid-6671
---ebpf-pid----6671----pid-5476
---ebpf-pid----6671----pid-1
---ebpf-pid----6671----pid-6671
---ebpf-pid----6671----pid-5476
---ebpf-pid----6671----pid-1
---ebpf-pid----448546----pid-448546
---ebpf-pid----448546----pid-1
---ebpf-pid----5638----pid-5638
---ebpf-pid----5638----pid-1
---ebpf-pid----6671----pid-6671
---ebpf-pid----6671----pid-5476
---ebpf-pid----6671----pid-1
---ebpf-pid----6671----pid-6671
---ebpf-pid----6671----pid-5476
---ebpf-pid----6671----pid-1
---ebpf-pid----6671----pid-6671
---ebpf-pid----6671----pid-5476
---ebpf-pid----6671----pid-1
---ebpf-pid----6671----pid-6671
---ebpf-pid----6671----pid-5476
---ebpf-pid----6671----pid-1
---ebpf-pid----7313----pid-7313
---ebpf-pid----7313----pid-1
---ebpf-pid----6671----pid-6671
---ebpf-pid----6671----pid-5476
---ebpf-pid----6671----pid-1
---ebpf-pid----6671----pid-6671
---ebpf-pid----6671----pid-5476
---ebpf-pid----6671----pid-1
---ebpf-pid----6671----pid-6671
---ebpf-pid----6671----pid-5476
---ebpf-pid----6671----pid-1
---ebpf-pid----6671----pid-6671
---ebpf-pid----6671----pid-5476
---ebpf-pid----6671----pid-1
---ebpf-pid----6671----pid-6671
---ebpf-pid----6671----pid-5476
---ebpf-pid----6671----pid-1
---ebpf-pid----6671----pid-6671
---ebpf-pid----6671----pid-5476
---ebpf-pid----6671----pid-1
---ebpf-pid----6671----pid-6671
---ebpf-pid----6671----pid-5476
---ebpf-pid----6671----pid-1
---ebpf-pid----6671----pid-6671
---ebpf-pid----6671----pid-5476
---ebpf-pid----6671----pid-1
---ebpf-pid----6671----pid-6671
---ebpf-pid----6671----pid-5476
---ebpf-pid----6671----pid-1
---ebpf-pid----2029----pid-2029
---ebpf-pid----2029----pid-1
---ebpf-pid----2029----pid-2029
---ebpf-pid----2029----pid-1
---ebpf-pid----2029----pid-2029
---ebpf-pid----2029----pid-1
---ebpf-pid----2029----pid-2029
---ebpf-pid----2029----pid-1
---ebpf-pid----2029----pid-2029
---ebpf-pid----2029----pid-1
---ebpf-pid----2029----pid-2029
---ebpf-pid----2029----pid-1
---ebpf-pid----2029----pid-2029
---ebpf-pid----2029----pid-1
---ebpf-pid----2029----pid-2029
---ebpf-pid----2029----pid-1
---ebpf-pid----2029----pid-2029
---ebpf-pid----2029----pid-1
---ebpf-pid----2029----pid-2029
---ebpf-pid----2029----pid-1
---ebpf-pid----2029----pid-2029
---ebpf-pid----2029----pid-1
---ebpf-pid----2029----pid-2029
---ebpf-pid----2029----pid-1
---ebpf-pid----2029----pid-2029
---ebpf-pid----2029----pid-1
---ebpf-pid----2029----pid-2029
---ebpf-pid----2029----pid-1
---ebpf-pid----2029----pid-2029
---ebpf-pid----2029----pid-1
---ebpf-pid----2029----pid-2029
---ebpf-pid----2029----pid-1
---ebpf-pid----2029----pid-2029
---ebpf-pid----2029----pid-1
---ebpf-pid----2029----pid-2029
---ebpf-pid----2029----pid-1
---ebpf-pid----2029----pid-2029
---ebpf-pid----2029----pid-1
---ebpf-pid----2029----pid-2029
---ebpf-pid----2029----pid-1
---ebpf-pid----2029----pid-2029
---ebpf-pid----2029----pid-1
---ebpf-pid----2029----pid-2029
---ebpf-pid----2029----pid-1
---ebpf-pid----2029----pid-2029
---ebpf-pid----2029----pid-1
---ebpf-pid----2029----pid-2029
---ebpf-pid----2029----pid-1
---ebpf-pid----2029----pid-2029
---ebpf-pid----2029----pid-1
---ebpf-pid----2029----pid-2029
---ebpf-pid----2029----pid-1
---ebpf-pid----2029----pid-2029
---ebpf-pid----2029----pid-1
---ebpf-pid----2029----pid-2029
---ebpf-pid----2029----pid-1
---ebpf-pid----2029----pid-2029
---ebpf-pid----2029----pid-1
---ebpf-pid----2029----pid-2029
---ebpf-pid----2029----pid-1
---ebpf-pid----2029----pid-2029
---ebpf-pid----2029----pid-1
---ebpf-pid----2029----pid-2029
---ebpf-pid----2029----pid-1
---ebpf-pid----2029----pid-2029
---ebpf-pid----2029----pid-1
---ebpf-pid----2029----pid-2029
---ebpf-pid----2029----pid-1
---ebpf-pid----2029----pid-2029
---ebpf-pid----2029----pid-1
---ebpf-pid----2029----pid-2029
---ebpf-pid----2029----pid-1
---ebpf-pid----2029----pid-2029
---ebpf-pid----2029----pid-1
---ebpf-pid----2029----pid-2029
---ebpf-pid----2029----pid-1
---ebpf-pid----2029----pid-2029
---ebpf-pid----2029----pid-1
---ebpf-pid----2029----pid-2029
---ebpf-pid----2029----pid-1
---ebpf-pid----2029----pid-2029
---ebpf-pid----2029----pid-1
---ebpf-pid----2029----pid-2029
---ebpf-pid----2029----pid-1
---ebpf-pid----2029----pid-2029
---ebpf-pid----2029----pid-1
---ebpf-pid----2029----pid-2029
---ebpf-pid----2029----pid-1
---ebpf-pid----2029----pid-2029
---ebpf-pid----2029----pid-1
---ebpf-pid----2029----pid-2029
---ebpf-pid----2029----pid-1
---ebpf-pid----2029----pid-2029
---ebpf-pid----2029----pid-1
---ebpf-pid----2029----pid-2029
---ebpf-pid----2029----pid-1
---ebpf-pid----2029----pid-2029
---ebpf-pid----2029----pid-1
---ebpf-pid----2029----pid-2029
---ebpf-pid----2029----pid-1
---ebpf-pid----2029----pid-2029
---ebpf-pid----2029----pid-1
---ebpf-pid----2029----pid-2029
---ebpf-pid----2029----pid-1
---ebpf-pid----2029----pid-2029
---ebpf-pid----2029----pid-1
---ebpf-pid----2029----pid-2029
---ebpf-pid----2029----pid-1
---ebpf-pid----2029----pid-2029
---ebpf-pid----2029----pid-1
---ebpf-pid----2029----pid-2029
---ebpf-pid----2029----pid-1
---ebpf-pid----2029----pid-2029
---ebpf-pid----2029----pid-1
---ebpf-pid----2029----pid-2029
---ebpf-pid----2029----pid-1
---ebpf-pid----2029----pid-2029
---ebpf-pid----2029----pid-1
---ebpf-pid----2029----pid-2029
---ebpf-pid----2029----pid-1
---ebpf-pid----2029----pid-2029
---ebpf-pid----2029----pid-1
---ebpf-pid----2029----pid-2029
---ebpf-pid----2029----pid-1
---ebpf-pid----2029----pid-2029
---ebpf-pid----2029----pid-1
---ebpf-pid----5614----pid-5614
---ebpf-pid----5614----pid-1
---ebpf-pid----2029----pid-2029
---ebpf-pid----2029----pid-1
---ebpf-pid----2029----pid-2029
---ebpf-pid----2029----pid-1
---ebpf-pid----2029----pid-2029
---ebpf-pid----2029----pid-1
---ebpf-pid----2029----pid-2029
---ebpf-pid----2029----pid-1
---ebpf-pid----2029----pid-2029
---ebpf-pid----2029----pid-1
---ebpf-pid----2029----pid-2029
---ebpf-pid----2029----pid-1
---ebpf-pid----2029----pid-2029
---ebpf-pid----2029----pid-1
---ebpf-pid----7312----pid-7312
---ebpf-pid----7312----pid-1
---ebpf-pid----2012----pid-2012
---ebpf-pid----2012----pid-1
---ebpf-pid----2012----pid-2012
---ebpf-pid----2012----pid-1
---ebpf-pid----2012----pid-2012
---ebpf-pid----2012----pid-1
---ebpf-pid----2012----pid-2012
---ebpf-pid----2012----pid-1
---ebpf-pid----2012----pid-2012
---ebpf-pid----2012----pid-1
---ebpf-pid----2012----pid-2012
---ebpf-pid----2012----pid-1
Failed to get process information for PID 0
---ebpf-pid----2012----pid-2012
---ebpf-pid----2012----pid-1
---ebpf-pid----2012----pid-2012
---ebpf-pid----2012----pid-1
---ebpf-pid----2012----pid-2012
---ebpf-pid----2012----pid-1
---ebpf-pid----2012----pid-2012
---ebpf-pid----2012----pid-1
---ebpf-pid----2012----pid-2012
---ebpf-pid----2012----pid-1
---ebpf-pid----2012----pid-2012
---ebpf-pid----2012----pid-1
---ebpf-pid----2012----pid-2012
---ebpf-pid----2012----pid-1
---ebpf-pid----2012----pid-2012
---ebpf-pid----2012----pid-1
---ebpf-pid----2012----pid-2012
---ebpf-pid----2012----pid-1
---ebpf-pid----2012----pid-2012
---ebpf-pid----2012----pid-1
---ebpf-pid----2012----pid-2012
---ebpf-pid----2012----pid-1
---ebpf-pid----2012----pid-2012
---ebpf-pid----2012----pid-1
---ebpf-pid----2012----pid-2012
---ebpf-pid----2012----pid-1
---ebpf-pid----2012----pid-2012
---ebpf-pid----2012----pid-1
---ebpf-pid----2012----pid-2012
---ebpf-pid----2012----pid-1
---ebpf-pid----2012----pid-2012
---ebpf-pid----2012----pid-1
---ebpf-pid----2012----pid-2012
---ebpf-pid----2012----pid-1
---ebpf-pid----2012----pid-2012
---ebpf-pid----2012----pid-1
---ebpf-pid----2012----pid-2012
---ebpf-pid----2012----pid-1
---ebpf-pid----2012----pid-2012
---ebpf-pid----2012----pid-1
Failed to get process information for PID 0
Failed to get process information for PID 0
Failed to get process information for PID 0
Failed to get process information for PID 0
---ebpf-pid----373029----pid-373029
---ebpf-pid----373029----pid-5476
---ebpf-pid----373029----pid-1
---ebpf-pid----373029----pid-373029
---ebpf-pid----373029----pid-5476
---ebpf-pid----373029----pid-1
---ebpf-pid----373029----pid-373029
---ebpf-pid----373029----pid-5476
---ebpf-pid----373029----pid-1
---ebpf-pid----373029----pid-373029
---ebpf-pid----373029----pid-5476
---ebpf-pid----373029----pid-1
---ebpf-pid----373029----pid-373029
---ebpf-pid----373029----pid-5476
---ebpf-pid----373029----pid-1
---ebpf-pid----373029----pid-373029
---ebpf-pid----373029----pid-5476
---ebpf-pid----373029----pid-1
---ebpf-pid----7312----pid-7312
---ebpf-pid----7312----pid-1
---ebpf-pid----2012----pid-2012
---ebpf-pid----2012----pid-1
---ebpf-pid----2012----pid-2012
---ebpf-pid----2012----pid-1
---ebpf-pid----2012----pid-2012
---ebpf-pid----2012----pid-1
---ebpf-pid----2012----pid-2012
---ebpf-pid----2012----pid-1
---ebpf-pid----2012----pid-2012
---ebpf-pid----2012----pid-1
---ebpf-pid----2012----pid-2012
---ebpf-pid----2012----pid-1
---ebpf-pid----2012----pid-2012
---ebpf-pid----2012----pid-1
---ebpf-pid----2012----pid-2012
---ebpf-pid----2012----pid-1
---ebpf-pid----2012----pid-2012
---ebpf-pid----2012----pid-1
---ebpf-pid----2012----pid-2012
---ebpf-pid----2012----pid-1
---ebpf-pid----2012----pid-2012
---ebpf-pid----2012----pid-1
---ebpf-pid----2012----pid-2012
---ebpf-pid----2012----pid-1
---ebpf-pid----2012----pid-2012
---ebpf-pid----2012----pid-1
---ebpf-pid----2012----pid-2012
---ebpf-pid----2012----pid-1
---ebpf-pid----2012----pid-2012
---ebpf-pid----2012----pid-1
---ebpf-pid----2012----pid-2012
---ebpf-pid----2012----pid-1
---ebpf-pid----2012----pid-2012
---ebpf-pid----2012----pid-1
---ebpf-pid----2012----pid-2012
---ebpf-pid----2012----pid-1
---ebpf-pid----373029----pid-373029
---ebpf-pid----373029----pid-5476
---ebpf-pid----373029----pid-1
---ebpf-pid----373029----pid-373029
---ebpf-pid----373029----pid-5476
---ebpf-pid----373029----pid-1
---ebpf-pid----373029----pid-373029
---ebpf-pid----373029----pid-5476
---ebpf-pid----373029----pid-1
---ebpf-pid----373029----pid-373029
---ebpf-pid----373029----pid-5476
---ebpf-pid----373029----pid-1
---ebpf-pid----373029----pid-373029
---ebpf-pid----373029----pid-5476
---ebpf-pid----373029----pid-1
---ebpf-pid----373029----pid-373029
---ebpf-pid----373029----pid-5476
---ebpf-pid----373029----pid-1
---ebpf-pid----373029----pid-373029
---ebpf-pid----373029----pid-5476
---ebpf-pid----373029----pid-1
---ebpf-pid----373029----pid-373029
---ebpf-pid----373029----pid-5476
---ebpf-pid----373029----pid-1
---ebpf-pid----373029----pid-373029
---ebpf-pid----373029----pid-5476
---ebpf-pid----373029----pid-1
---ebpf-pid----2089----pid-2089
---ebpf-pid----2089----pid-1
---ebpf-pid----373029----pid-373029
---ebpf-pid----373029----pid-5476
---ebpf-pid----373029----pid-1
---ebpf-pid----373029----pid-373029
---ebpf-pid----373029----pid-5476
---ebpf-pid----373029----pid-1
---ebpf-pid----373029----pid-373029
---ebpf-pid----373029----pid-5476
---ebpf-pid----373029----pid-1
---ebpf-pid----373029----pid-373029
---ebpf-pid----373029----pid-5476
---ebpf-pid----373029----pid-1
---ebpf-pid----373029----pid-373029
---ebpf-pid----373029----pid-5476
---ebpf-pid----373029----pid-1
---ebpf-pid----373029----pid-373029
---ebpf-pid----373029----pid-5476
---ebpf-pid----373029----pid-1
---ebpf-pid----373029----pid-373029
---ebpf-pid----373029----pid-5476
---ebpf-pid----373029----pid-1
---ebpf-pid----373029----pid-373029
---ebpf-pid----373029----pid-5476
---ebpf-pid----373029----pid-1
---ebpf-pid----373029----pid-373029
---ebpf-pid----373029----pid-5476
---ebpf-pid----373029----pid-1
---ebpf-pid----373029----pid-373029
---ebpf-pid----373029----pid-5476
---ebpf-pid----373029----pid-1
---ebpf-pid----373029----pid-373029
---ebpf-pid----373029----pid-5476
---ebpf-pid----373029----pid-1
---ebpf-pid----373029----pid-373029
---ebpf-pid----373029----pid-5476
---ebpf-pid----373029----pid-1
---ebpf-pid----373029----pid-373029
---ebpf-pid----373029----pid-5476
---ebpf-pid----373029----pid-1
---ebpf-pid----7312----pid-7312
---ebpf-pid----7312----pid-1
---ebpf-pid----2029----pid-2029
---ebpf-pid----2029----pid-1
---ebpf-pid----2029----pid-2029
---ebpf-pid----2029----pid-1
---ebpf-pid----14----pid-14
---ebpf-pid----14----pid-2
---ebpf-pid----2029----pid-2029
---ebpf-pid----2029----pid-1
---ebpf-pid----2029----pid-2029
---ebpf-pid----2029----pid-1
---ebpf-pid----2029----pid-2029
---ebpf-pid----2029----pid-1
---ebpf-pid----2029----pid-2029
---ebpf-pid----2029----pid-1
---ebpf-pid----2029----pid-2029
---ebpf-pid----2029----pid-1
---ebpf-pid----2029----pid-2029
---ebpf-pid----2029----pid-1
---ebpf-pid----2029----pid-2029
---ebpf-pid----2029----pid-1
---ebpf-pid----2029----pid-2029
---ebpf-pid----2029----pid-1
---ebpf-pid----2029----pid-2029
---ebpf-pid----2029----pid-1
---ebpf-pid----2029----pid-2029
---ebpf-pid----2029----pid-1
---ebpf-pid----2029----pid-2029
---ebpf-pid----2029----pid-1
---ebpf-pid----2029----pid-2029
---ebpf-pid----2029----pid-1
---ebpf-pid----2029----pid-2029
---ebpf-pid----2029----pid-1
---ebpf-pid----2029----pid-2029
---ebpf-pid----2029----pid-1
---ebpf-pid----2029----pid-2029
---ebpf-pid----2029----pid-1
---ebpf-pid----2029----pid-2029
---ebpf-pid----2029----pid-1
---ebpf-pid----2029----pid-2029
---ebpf-pid----2029----pid-1
---ebpf-pid----2029----pid-2029
---ebpf-pid----2029----pid-1
---ebpf-pid----2029----pid-2029
---ebpf-pid----2029----pid-1
---ebpf-pid----2029----pid-2029
---ebpf-pid----2029----pid-1
---ebpf-pid----2029----pid-2029
---ebpf-pid----2029----pid-1
---ebpf-pid----2029----pid-2029
---ebpf-pid----2029----pid-1
---ebpf-pid----2029----pid-2029
---ebpf-pid----2029----pid-1
---ebpf-pid----2029----pid-2029
---ebpf-pid----2029----pid-1
---ebpf-pid----2029----pid-2029
---ebpf-pid----2029----pid-1
---ebpf-pid----2029----pid-2029
---ebpf-pid----2029----pid-1
---ebpf-pid----2029----pid-2029
---ebpf-pid----2029----pid-1
---ebpf-pid----2029----pid-2029
---ebpf-pid----2029----pid-1
---ebpf-pid----2029----pid-2029
---ebpf-pid----2029----pid-1
---ebpf-pid----2029----pid-2029
---ebpf-pid----2029----pid-1
---ebpf-pid----372881----pid-372881
---ebpf-pid----372881----pid-1
---ebpf-pid----7312----pid-7312
---ebpf-pid----7312----pid-1
---ebpf-pid----5707----pid-5707
---ebpf-pid----5707----pid-5476
---ebpf-pid----5707----pid-1
---ebpf-pid----5707----pid-5707
---ebpf-pid----5707----pid-5476
---ebpf-pid----5707----pid-1
---ebpf-pid----5707----pid-5707
---ebpf-pid----5707----pid-5476
---ebpf-pid----5707----pid-1
---ebpf-pid----5707----pid-5707
---ebpf-pid----5707----pid-5476
---ebpf-pid----5707----pid-1
---ebpf-pid----5707----pid-5707
---ebpf-pid----5707----pid-5476
---ebpf-pid----5707----pid-1
---ebpf-pid----5707----pid-5707
---ebpf-pid----5707----pid-5476
---ebpf-pid----5707----pid-1
---ebpf-pid----5707----pid-5707
---ebpf-pid----5707----pid-5476
---ebpf-pid----5707----pid-1
---ebpf-pid----5707----pid-5707
---ebpf-pid----5707----pid-5476
---ebpf-pid----5707----pid-1
---ebpf-pid----5638----pid-5638
---ebpf-pid----5638----pid-1
---ebpf-pid----5638----pid-5638
---ebpf-pid----5638----pid-1
---ebpf-pid----5707----pid-5707
---ebpf-pid----5707----pid-5476
---ebpf-pid----5707----pid-1
---ebpf-pid----5707----pid-5707
---ebpf-pid----5707----pid-5476
---ebpf-pid----5707----pid-1
---ebpf-pid----5707----pid-5707
---ebpf-pid----5707----pid-5476
---ebpf-pid----5707----pid-1
---ebpf-pid----5707----pid-5707
---ebpf-pid----5707----pid-5476
---ebpf-pid----5707----pid-1
---ebpf-pid----5707----pid-5707
---ebpf-pid----5707----pid-5476
---ebpf-pid----5707----pid-1
---ebpf-pid----5707----pid-5707
---ebpf-pid----5707----pid-5476
---ebpf-pid----5707----pid-1
---ebpf-pid----5707----pid-5707
---ebpf-pid----5707----pid-5476
---ebpf-pid----5707----pid-1
---ebpf-pid----5707----pid-5707
---ebpf-pid----5707----pid-5476
---ebpf-pid----5707----pid-1
---ebpf-pid----5707----pid-5707
---ebpf-pid----5707----pid-5476
---ebpf-pid----5707----pid-1
---ebpf-pid----1856----pid-1856
---ebpf-pid----1856----pid-1
---ebpf-pid----379067----pid-379067
---ebpf-pid----379067----pid-5476
---ebpf-pid----379067----pid-1
---ebpf-pid----379067----pid-379067
---ebpf-pid----379067----pid-5476
---ebpf-pid----379067----pid-1
---ebpf-pid----379067----pid-379067
---ebpf-pid----379067----pid-5476
---ebpf-pid----379067----pid-1
---ebpf-pid----2029----pid-2029
---ebpf-pid----2029----pid-1
---ebpf-pid----7312----pid-7312
---ebpf-pid----7312----pid-1
---ebpf-pid----379067----pid-379067
---ebpf-pid----379067----pid-5476
---ebpf-pid----379067----pid-1
---ebpf-pid----379067----pid-379067
---ebpf-pid----379067----pid-5476
---ebpf-pid----379067----pid-1
---ebpf-pid----379067----pid-379067
---ebpf-pid----379067----pid-5476
---ebpf-pid----379067----pid-1
---ebpf-pid----379067----pid-379067
---ebpf-pid----379067----pid-5476
---ebpf-pid----379067----pid-1
---ebpf-pid----379067----pid-379067
---ebpf-pid----379067----pid-5476
---ebpf-pid----379067----pid-1
---ebpf-pid----2089----pid-2089
---ebpf-pid----2089----pid-1
---ebpf-pid----2089----pid-2089
---ebpf-pid----2089----pid-1
---ebpf-pid----2089----pid-2089
---ebpf-pid----2089----pid-1
---ebpf-pid----2089----pid-2089
---ebpf-pid----2089----pid-1
---ebpf-pid----2089----pid-2089
---ebpf-pid----2089----pid-1
---ebpf-pid----2089----pid-2089
---ebpf-pid----2089----pid-1
---ebpf-pid----7312----pid-7312
---ebpf-pid----7312----pid-1
---ebpf-pid----379067----pid-379067
---ebpf-pid----379067----pid-5476
---ebpf-pid----379067----pid-1
---ebpf-pid----379067----pid-379067
---ebpf-pid----379067----pid-5476
---ebpf-pid----379067----pid-1
---ebpf-pid----379067----pid-379067
---ebpf-pid----379067----pid-5476
---ebpf-pid----379067----pid-1
---ebpf-pid----379067----pid-379067
---ebpf-pid----379067----pid-5476
---ebpf-pid----379067----pid-1
---ebpf-pid----379067----pid-379067
---ebpf-pid----379067----pid-5476
---ebpf-pid----379067----pid-1
---ebpf-pid----379067----pid-379067
---ebpf-pid----379067----pid-5476
---ebpf-pid----379067----pid-1
---ebpf-pid----379067----pid-379067
---ebpf-pid----379067----pid-5476
---ebpf-pid----379067----pid-1
---ebpf-pid----379067----pid-379067
---ebpf-pid----379067----pid-5476
---ebpf-pid----379067----pid-1
---ebpf-pid----379067----pid-379067
---ebpf-pid----379067----pid-5476
---ebpf-pid----379067----pid-1
---ebpf-pid----379067----pid-379067
---ebpf-pid----379067----pid-5476
---ebpf-pid----379067----pid-1
---ebpf-pid----379067----pid-379067
---ebpf-pid----379067----pid-5476
---ebpf-pid----379067----pid-1
---ebpf-pid----2012----pid-2012
---ebpf-pid----2012----pid-1
---ebpf-pid----2012----pid-2012
---ebpf-pid----2012----pid-1
---ebpf-pid----379067----pid-379067
---ebpf-pid----379067----pid-5476
---ebpf-pid----379067----pid-1
---ebpf-pid----379067----pid-379067
---ebpf-pid----379067----pid-5476
---ebpf-pid----379067----pid-1
---ebpf-pid----379067----pid-379067
---ebpf-pid----379067----pid-5476
---ebpf-pid----379067----pid-1
---ebpf-pid----7313----pid-7313
---ebpf-pid----7313----pid-1
---ebpf-pid----7313----pid-7313
---ebpf-pid----7313----pid-1
---ebpf-pid----373029----pid-373029
---ebpf-pid----373029----pid-5476
---ebpf-pid----373029----pid-1
---ebpf-pid----373029----pid-373029
---ebpf-pid----373029----pid-5476
---ebpf-pid----373029----pid-1
---ebpf-pid----373029----pid-373029
---ebpf-pid----373029----pid-5476
---ebpf-pid----373029----pid-1
---ebpf-pid----373029----pid-373029
---ebpf-pid----373029----pid-5476
---ebpf-pid----373029----pid-1
---ebpf-pid----5638----pid-5638
---ebpf-pid----5638----pid-1
---ebpf-pid----379067----pid-379067
---ebpf-pid----379067----pid-5476
---ebpf-pid----379067----pid-1
---ebpf-pid----372881----pid-372881
---ebpf-pid----372881----pid-1
---ebpf-pid----2012----pid-2012
---ebpf-pid----2012----pid-1
---ebpf-pid----2012----pid-2012
---ebpf-pid----2012----pid-1
---ebpf-pid----2012----pid-2012
---ebpf-pid----2012----pid-1
---ebpf-pid----2012----pid-2012
---ebpf-pid----2012----pid-1
---ebpf-pid----379067----pid-379067
---ebpf-pid----379067----pid-5476
---ebpf-pid----379067----pid-1
---ebpf-pid----379067----pid-379067
---ebpf-pid----379067----pid-5476
---ebpf-pid----379067----pid-1
---ebpf-pid----379067----pid-379067
---ebpf-pid----379067----pid-5476
---ebpf-pid----379067----pid-1
---ebpf-pid----372881----pid-372881
---ebpf-pid----372881----pid-1
---ebpf-pid----5707----pid-5707
---ebpf-pid----5707----pid-5476
---ebpf-pid----5707----pid-1
---ebpf-pid----5707----pid-5707
---ebpf-pid----5707----pid-5476
---ebpf-pid----5707----pid-1
---ebpf-pid----2089----pid-2089
---ebpf-pid----2089----pid-1
---ebpf-pid----2089----pid-2089
---ebpf-pid----2089----pid-1
---ebpf-pid----2089----pid-2089
---ebpf-pid----2089----pid-1
---ebpf-pid----2089----pid-2089
---ebpf-pid----2089----pid-1
---ebpf-pid----379067----pid-379067
---ebpf-pid----379067----pid-5476
---ebpf-pid----379067----pid-1
---ebpf-pid----379067----pid-379067
---ebpf-pid----379067----pid-5476
---ebpf-pid----379067----pid-1
---ebpf-pid----2089----pid-2089
---ebpf-pid----2089----pid-1
---ebpf-pid----2089----pid-2089
---ebpf-pid----2089----pid-1
---ebpf-pid----2089----pid-2089
---ebpf-pid----2089----pid-1
---ebpf-pid----7312----pid-7312
---ebpf-pid----7312----pid-1
---ebpf-pid----2029----pid-2029
---ebpf-pid----2029----pid-1
---ebpf-pid----2029----pid-2029
---ebpf-pid----2029----pid-1
---ebpf-pid----2029----pid-2029
---ebpf-pid----2029----pid-1
---ebpf-pid----2029----pid-2029
---ebpf-pid----2029----pid-1
---ebpf-pid----2012----pid-2012
---ebpf-pid----2012----pid-1
---ebpf-pid----2012----pid-2012
---ebpf-pid----2012----pid-1
---ebpf-pid----2012----pid-2012
---ebpf-pid----2012----pid-1
---ebpf-pid----2012----pid-2012
---ebpf-pid----2012----pid-1
---ebpf-pid----2012----pid-2012
---ebpf-pid----2012----pid-1
---ebpf-pid----2012----pid-2012
---ebpf-pid----2012----pid-1
---ebpf-pid----2012----pid-2012
---ebpf-pid----2012----pid-1
---ebpf-pid----2012----pid-2012
---ebpf-pid----2012----pid-1
---ebpf-pid----2012----pid-2012
---ebpf-pid----2012----pid-1
---ebpf-pid----2012----pid-2012
---ebpf-pid----2012----pid-1
---ebpf-pid----2012----pid-2012
---ebpf-pid----2012----pid-1
---ebpf-pid----2012----pid-2012
---ebpf-pid----2012----pid-1
---ebpf-pid----2012----pid-2012
---ebpf-pid----2012----pid-1
---ebpf-pid----2012----pid-2012
---ebpf-pid----2012----pid-1
---ebpf-pid----2012----pid-2012
---ebpf-pid----2012----pid-1
---ebpf-pid----2012----pid-2012
---ebpf-pid----2012----pid-1
---ebpf-pid----2012----pid-2012
---ebpf-pid----2012----pid-1
---ebpf-pid----2012----pid-2012
---ebpf-pid----2012----pid-1
---ebpf-pid----2012----pid-2012
---ebpf-pid----2012----pid-1
---ebpf-pid----2012----pid-2012
---ebpf-pid----2012----pid-1
---ebpf-pid----2012----pid-2012
---ebpf-pid----2012----pid-1
---ebpf-pid----2012----pid-2012
---ebpf-pid----2012----pid-1
---ebpf-pid----372881----pid-372881
---ebpf-pid----372881----pid-1
---ebpf-pid----372881----pid-372881
---ebpf-pid----372881----pid-1
---ebpf-pid----372881----pid-372881
---ebpf-pid----372881----pid-1
---ebpf-pid----372881----pid-372881
---ebpf-pid----372881----pid-1
---ebpf-pid----372881----pid-372881
---ebpf-pid----372881----pid-1
---ebpf-pid----2012----pid-2012
---ebpf-pid----2012----pid-1
---ebpf-pid----2012----pid-2012
---ebpf-pid----2012----pid-1
---ebpf-pid----2012----pid-2012
---ebpf-pid----2012----pid-1
---ebpf-pid----2012----pid-2012
---ebpf-pid----2012----pid-1
---ebpf-pid----2012----pid-2012
---ebpf-pid----2012----pid-1
---ebpf-pid----2012----pid-2012
---ebpf-pid----2012----pid-1
---ebpf-pid----2012----pid-2012
---ebpf-pid----2012----pid-1
---ebpf-pid----2012----pid-2012
---ebpf-pid----2012----pid-1
---ebpf-pid----2012----pid-2012
---ebpf-pid----2012----pid-1
---ebpf-pid----2012----pid-2012
---ebpf-pid----2012----pid-1
---ebpf-pid----2012----pid-2012
---ebpf-pid----2012----pid-1
---ebpf-pid----2012----pid-2012
---ebpf-pid----2012----pid-1
---ebpf-pid----2012----pid-2012
---ebpf-pid----2012----pid-1
---ebpf-pid----2012----pid-2012
---ebpf-pid----2012----pid-1
---ebpf-pid----2012----pid-2012
---ebpf-pid----2012----pid-1
---ebpf-pid----2012----pid-2012
---ebpf-pid----2012----pid-1
---ebpf-pid----2012----pid-2012
---ebpf-pid----2012----pid-1
---ebpf-pid----2012----pid-2012
---ebpf-pid----2012----pid-1
---ebpf-pid----2012----pid-2012
---ebpf-pid----2012----pid-1
---ebpf-pid----2012----pid-2012
---ebpf-pid----2012----pid-1
---ebpf-pid----2012----pid-2012
---ebpf-pid----2012----pid-1
---ebpf-pid----2012----pid-2012
---ebpf-pid----2012----pid-1
---ebpf-pid----2012----pid-2012
---ebpf-pid----2012----pid-1
---ebpf-pid----2012----pid-2012
---ebpf-pid----2012----pid-1
---ebpf-pid----2012----pid-2012
---ebpf-pid----2012----pid-1
---ebpf-pid----2012----pid-2012
---ebpf-pid----2012----pid-1
---ebpf-pid----2012----pid-2012
---ebpf-pid----2012----pid-1
---ebpf-pid----2012----pid-2012
---ebpf-pid----2012----pid-1
---ebpf-pid----2012----pid-2012
---ebpf-pid----2012----pid-1
---ebpf-pid----2012----pid-2012
---ebpf-pid----2012----pid-1
---ebpf-pid----7312----pid-7312
---ebpf-pid----7312----pid-1
---ebpf-pid----2029----pid-2029
---ebpf-pid----2029----pid-1
---ebpf-pid----2089----pid-2089
---ebpf-pid----2089----pid-1
---ebpf-pid----372881----pid-372881
---ebpf-pid----372881----pid-1
---ebpf-pid----372881----pid-372881
---ebpf-pid----372881----pid-1
---ebpf-pid----372881----pid-372881
---ebpf-pid----372881----pid-1
---ebpf-pid----6671----pid-6671
---ebpf-pid----6671----pid-5476
---ebpf-pid----6671----pid-1
---ebpf-pid----6671----pid-6671
---ebpf-pid----6671----pid-5476
---ebpf-pid----6671----pid-1
---ebpf-pid----6671----pid-6671
---ebpf-pid----6671----pid-5476
---ebpf-pid----6671----pid-1
---ebpf-pid----6671----pid-6671
---ebpf-pid----6671----pid-5476
---ebpf-pid----6671----pid-1
---ebpf-pid----6671----pid-6671
---ebpf-pid----6671----pid-5476
---ebpf-pid----6671----pid-1
---ebpf-pid----6671----pid-6671
---ebpf-pid----6671----pid-5476
---ebpf-pid----6671----pid-1
---ebpf-pid----6671----pid-6671
---ebpf-pid----6671----pid-5476
---ebpf-pid----6671----pid-1
---ebpf-pid----6671----pid-6671
---ebpf-pid----6671----pid-5476
---ebpf-pid----6671----pid-1
---ebpf-pid----6671----pid-6671
---ebpf-pid----6671----pid-5476
---ebpf-pid----6671----pid-1
---ebpf-pid----6671----pid-6671
---ebpf-pid----6671----pid-5476
---ebpf-pid----6671----pid-1
---ebpf-pid----373029----pid-373029
---ebpf-pid----373029----pid-5476
---ebpf-pid----373029----pid-1
---ebpf-pid----6671----pid-6671
---ebpf-pid----6671----pid-5476
---ebpf-pid----6671----pid-1
---ebpf-pid----6671----pid-6671
---ebpf-pid----6671----pid-5476
---ebpf-pid----6671----pid-1
---ebpf-pid----373029----pid-373029
---ebpf-pid----373029----pid-5476
---ebpf-pid----373029----pid-1
---ebpf-pid----6671----pid-6671
---ebpf-pid----6671----pid-5476
---ebpf-pid----6671----pid-1
---ebpf-pid----6671----pid-6671
---ebpf-pid----6671----pid-5476
---ebpf-pid----6671----pid-1
---ebpf-pid----6671----pid-6671
---ebpf-pid----6671----pid-5476
---ebpf-pid----6671----pid-1
---ebpf-pid----373029----pid-373029
---ebpf-pid----373029----pid-5476
---ebpf-pid----373029----pid-1
---ebpf-pid----7312----pid-7312
---ebpf-pid----7312----pid-1
---ebpf-pid----7312----pid-7312
---ebpf-pid----7312----pid-1
---ebpf-pid----373029----pid-373029
---ebpf-pid----373029----pid-5476
---ebpf-pid----373029----pid-1
---ebpf-pid----373029----pid-373029
---ebpf-pid----373029----pid-5476
---ebpf-pid----373029----pid-1
---ebpf-pid----7312----pid-7312
---ebpf-pid----7312----pid-1
---ebpf-pid----2089----pid-2089
---ebpf-pid----2089----pid-1
---ebpf-pid----2089----pid-2089
---ebpf-pid----2089----pid-1
---ebpf-pid----2089----pid-2089
---ebpf-pid----2089----pid-1
---ebpf-pid----2089----pid-2089
---ebpf-pid----2089----pid-1
---ebpf-pid----2089----pid-2089
---ebpf-pid----2089----pid-1
---ebpf-pid----373029----pid-373029
---ebpf-pid----373029----pid-5476
---ebpf-pid----373029----pid-1
---ebpf-pid----373029----pid-373029
---ebpf-pid----373029----pid-5476
---ebpf-pid----373029----pid-1
---ebpf-pid----2029----pid-2029
---ebpf-pid----2029----pid-1
---ebpf-pid----2029----pid-2029
---ebpf-pid----2029----pid-1
---ebpf-pid----2029----pid-2029
---ebpf-pid----2029----pid-1
---ebpf-pid----5614----pid-5614
---ebpf-pid----5614----pid-1
---ebpf-pid----373029----pid-373029
---ebpf-pid----373029----pid-5476
---ebpf-pid----373029----pid-1
---ebpf-pid----373029----pid-373029
---ebpf-pid----373029----pid-5476
---ebpf-pid----373029----pid-1
---ebpf-pid----373029----pid-373029
---ebpf-pid----373029----pid-5476
---ebpf-pid----373029----pid-1
---ebpf-pid----2029----pid-2029
---ebpf-pid----2029----pid-1
---ebpf-pid----2029----pid-2029
---ebpf-pid----2029----pid-1
---ebpf-pid----2029----pid-2029
---ebpf-pid----2029----pid-1
---ebpf-pid----2029----pid-2029
---ebpf-pid----2029----pid-1
---ebpf-pid----2029----pid-2029
---ebpf-pid----2029----pid-1
---ebpf-pid----373029----pid-373029
---ebpf-pid----373029----pid-5476
---ebpf-pid----373029----pid-1
---ebpf-pid----373029----pid-373029
---ebpf-pid----373029----pid-5476
---ebpf-pid----373029----pid-1
---ebpf-pid----373029----pid-373029
---ebpf-pid----373029----pid-5476
---ebpf-pid----373029----pid-1
---ebpf-pid----373029----pid-373029
---ebpf-pid----373029----pid-5476
---ebpf-pid----373029----pid-1
---ebpf-pid----373029----pid-373029
---ebpf-pid----373029----pid-5476
---ebpf-pid----373029----pid-1
---ebpf-pid----373029----pid-373029
---ebpf-pid----373029----pid-5476
---ebpf-pid----373029----pid-1
---ebpf-pid----373029----pid-373029
---ebpf-pid----373029----pid-5476
---ebpf-pid----373029----pid-1
---ebpf-pid----373029----pid-373029
---ebpf-pid----373029----pid-5476
---ebpf-pid----373029----pid-1
---ebpf-pid----2029----pid-2029
---ebpf-pid----2029----pid-1
---ebpf-pid----2029----pid-2029
---ebpf-pid----2029----pid-1
---ebpf-pid----2029----pid-2029
---ebpf-pid----2029----pid-1
---ebpf-pid----373029----pid-373029
---ebpf-pid----373029----pid-5476
---ebpf-pid----373029----pid-1
---ebpf-pid----373029----pid-373029
---ebpf-pid----373029----pid-5476
---ebpf-pid----373029----pid-1
---ebpf-pid----373029----pid-373029
---ebpf-pid----373029----pid-5476
---ebpf-pid----373029----pid-1
---ebpf-pid----2029----pid-2029
---ebpf-pid----2029----pid-1
---ebpf-pid----2029----pid-2029
---ebpf-pid----2029----pid-1
---ebpf-pid----2029----pid-2029
---ebpf-pid----2029----pid-1
---ebpf-pid----2029----pid-2029
---ebpf-pid----2029----pid-1
---ebpf-pid----2029----pid-2029
---ebpf-pid----2029----pid-1
---ebpf-pid----2029----pid-2029
Failed to get process information for PID 0
Failed to get process information for PID 0
---ebpf-pid----2029----pid-1
---ebpf-pid----2029----pid-2029
---ebpf-pid----2029----pid-1
---ebpf-pid----2029----pid-2029
---ebpf-pid----2029----pid-1
---ebpf-pid----373029----pid-373029
---ebpf-pid----373029----pid-5476
---ebpf-pid----373029----pid-1
---ebpf-pid----373029----pid-373029
---ebpf-pid----373029----pid-5476
---ebpf-pid----373029----pid-1
---ebpf-pid----2012----pid-2012
---ebpf-pid----2012----pid-1
---ebpf-pid----2012----pid-2012
---ebpf-pid----2012----pid-1
---ebpf-pid----2012----pid-2012
---ebpf-pid----2012----pid-1
---ebpf-pid----2012----pid-2012
---ebpf-pid----2012----pid-1
---ebpf-pid----2012----pid-2012
---ebpf-pid----2012----pid-1
---ebpf-pid----2012----pid-2012
---ebpf-pid----2012----pid-1
---ebpf-pid----2012----pid-2012
---ebpf-pid----2012----pid-1
---ebpf-pid----2012----pid-2012
---ebpf-pid----2012----pid-1
---ebpf-pid----2012----pid-2012
---ebpf-pid----2012----pid-1
---ebpf-pid----2012----pid-2012
---ebpf-pid----2012----pid-1
---ebpf-pid----373029----pid-373029
---ebpf-pid----373029----pid-5476
---ebpf-pid----373029----pid-1
---ebpf-pid----373029----pid-373029
---ebpf-pid----373029----pid-5476
---ebpf-pid----373029----pid-1
---ebpf-pid----373029----pid-373029
---ebpf-pid----373029----pid-5476
---ebpf-pid----373029----pid-1
---ebpf-pid----373029----pid-373029
---ebpf-pid----373029----pid-5476
---ebpf-pid----373029----pid-1
---ebpf-pid----373029----pid-373029
---ebpf-pid----373029----pid-5476
---ebpf-pid----373029----pid-1
---ebpf-pid----373029----pid-373029
---ebpf-pid----373029----pid-5476
---ebpf-pid----373029----pid-1
---ebpf-pid----373029----pid-373029
---ebpf-pid----373029----pid-5476
---ebpf-pid----373029----pid-1
---ebpf-pid----5614----pid-5614
Failed to get process information for PID 0
---ebpf-pid----5614----pid-1
---ebpf-pid----372881----pid-372881
---ebpf-pid----372881----pid-1
---ebpf-pid----373029----pid-373029
---ebpf-pid----373029----pid-5476
---ebpf-pid----373029----pid-1
---ebpf-pid----373029----pid-373029
---ebpf-pid----373029----pid-5476
---ebpf-pid----373029----pid-1
---ebpf-pid----373029----pid-373029
---ebpf-pid----373029----pid-5476
---ebpf-pid----373029----pid-1
---ebpf-pid----372881----pid-372881
---ebpf-pid----372881----pid-1
---ebpf-pid----5614----pid-5614
---ebpf-pid----5614----pid-1
---ebpf-pid----2029----pid-2029
---ebpf-pid----2029----pid-1
---ebpf-pid----2029----pid-2029
---ebpf-pid----2029----pid-1
---ebpf-pid----2029----pid-2029
---ebpf-pid----2029----pid-1
---ebpf-pid----2029----pid-2029
---ebpf-pid----2029----pid-1
---ebpf-pid----2029----pid-2029
---ebpf-pid----2029----pid-1
---ebpf-pid----2029----pid-2029
---ebpf-pid----2029----pid-1
---ebpf-pid----377755----pid-377755
---ebpf-pid----377755----pid-1
---ebpf-pid----2089----pid-2089
---ebpf-pid----2089----pid-1
---ebpf-pid----2089----pid-2089
---ebpf-pid----2089----pid-1
---ebpf-pid----2089----pid-2089
---ebpf-pid----2089----pid-1
---ebpf-pid----2089----pid-2089
---ebpf-pid----2089----pid-1
---ebpf-pid----5614----pid-5614
---ebpf-pid----5614----pid-1
---ebpf-pid----2089----pid-2089
---ebpf-pid----2089----pid-1
---ebpf-pid----2089----pid-2089
---ebpf-pid----2089----pid-1
---ebpf-pid----2089----pid-2089
---ebpf-pid----2089----pid-1
---ebpf-pid----2089----pid-2089
---ebpf-pid----2089----pid-1
---ebpf-pid----2089----pid-2089
---ebpf-pid----2089----pid-1
---ebpf-pid----2089----pid-2089
---ebpf-pid----2089----pid-1
---ebpf-pid----372881----pid-372881
---ebpf-pid----372881----pid-1
---ebpf-pid----372881----pid-372881
---ebpf-pid----372881----pid-1
---ebpf-pid----372881----pid-372881
---ebpf-pid----372881----pid-1
Failed to get process information for PID 0
---ebpf-pid----372881----pid-372881
---ebpf-pid----372881----pid-1
---ebpf-pid----373029----pid-373029
---ebpf-pid----373029----pid-5476
---ebpf-pid----373029----pid-1
---ebpf-pid----373029----pid-373029
---ebpf-pid----373029----pid-5476
---ebpf-pid----373029----pid-1
---ebpf-pid----373029----pid-373029
---ebpf-pid----373029----pid-5476
---ebpf-pid----373029----pid-1
---ebpf-pid----2089----pid-2089
---ebpf-pid----2089----pid-1
---ebpf-pid----2089----pid-2089
---ebpf-pid----2089----pid-1
---ebpf-pid----372881----pid-372881
---ebpf-pid----372881----pid-1
---ebpf-pid----372881----pid-372881
---ebpf-pid----372881----pid-1
Failed to get process information for PID 0
---ebpf-pid----372881----pid-372881
---ebpf-pid----372881----pid-1
---ebpf-pid----372881----pid-372881
---ebpf-pid----372881----pid-1
---ebpf-pid----372881----pid-372881
---ebpf-pid----372881----pid-1
---ebpf-pid----372881----pid-372881
---ebpf-pid----372881----pid-1
---ebpf-pid----372881----pid-372881
---ebpf-pid----372881----pid-1
---ebpf-pid----372881----pid-372881
---ebpf-pid----372881----pid-1
---ebpf-pid----5614----pid-5614
---ebpf-pid----5614----pid-1
---ebpf-pid----7312----pid-7312
---ebpf-pid----7312----pid-1
---ebpf-pid----373029----pid-373029
---ebpf-pid----373029----pid-5476
---ebpf-pid----373029----pid-1
---ebpf-pid----373029----pid-373029
---ebpf-pid----373029----pid-5476
---ebpf-pid----373029----pid-1
---ebpf-pid----373029----pid-373029
---ebpf-pid----373029----pid-5476
---ebpf-pid----373029----pid-1
---ebpf-pid----373029----pid-373029
---ebpf-pid----373029----pid-5476
---ebpf-pid----373029----pid-1
---ebpf-pid----372881----pid-372881
---ebpf-pid----372881----pid-1
---ebpf-pid----372881----pid-372881
---ebpf-pid----372881----pid-1
---ebpf-pid----372881----pid-372881
---ebpf-pid----372881----pid-1
---ebpf-pid----372881----pid-372881
---ebpf-pid----372881----pid-1
---ebpf-pid----377755----pid-377755
---ebpf-pid----377755----pid-1
---ebpf-pid----2089----pid-2089
---ebpf-pid----2089----pid-1
---ebpf-pid----2089----pid-2089
---ebpf-pid----2089----pid-1
---ebpf-pid----2089----pid-2089
---ebpf-pid----2089----pid-1
---ebpf-pid----2089----pid-2089
---ebpf-pid----2089----pid-1
---ebpf-pid----2089----pid-2089
---ebpf-pid----2089----pid-1
---ebpf-pid----2089----pid-2089
---ebpf-pid----2089----pid-1
---ebpf-pid----2089----pid-2089
---ebpf-pid----2089----pid-1
---ebpf-pid----2029----pid-2029
---ebpf-pid----2029----pid-1
---ebpf-pid----2089----pid-2089
---ebpf-pid----2089----pid-1
---ebpf-pid----2089----pid-2089
---ebpf-pid----2089----pid-1
---ebpf-pid----2089----pid-2089
---ebpf-pid----2089----pid-1
---ebpf-pid----2089----pid-2089
---ebpf-pid----2089----pid-1
---ebpf-pid----2089----pid-2089
---ebpf-pid----2089----pid-1
---ebpf-pid----2089----pid-2089
---ebpf-pid----2089----pid-1
---ebpf-pid----2089----pid-2089
---ebpf-pid----2089----pid-1
---ebpf-pid----2089----pid-2089
---ebpf-pid----2089----pid-1
---ebpf-pid----373029----pid-373029
---ebpf-pid----373029----pid-5476
---ebpf-pid----373029----pid-1
---ebpf-pid----373029----pid-373029
---ebpf-pid----373029----pid-5476
---ebpf-pid----373029----pid-1
---ebpf-pid----373029----pid-373029
---ebpf-pid----373029----pid-5476
---ebpf-pid----373029----pid-1
---ebpf-pid----2029----pid-2029
---ebpf-pid----2029----pid-1
---ebpf-pid----2029----pid-2029
---ebpf-pid----2029----pid-1
---ebpf-pid----2029----pid-2029
---ebpf-pid----2029----pid-1
---ebpf-pid----2029----pid-2029
---ebpf-pid----2029----pid-1
---ebpf-pid----2029----pid-2029
---ebpf-pid----2029----pid-1
---ebpf-pid----372881----pid-372881
---ebpf-pid----372881----pid-1
---ebpf-pid----2089----pid-2089
---ebpf-pid----2089----pid-1
---ebpf-pid----2012----pid-2012
---ebpf-pid----2012----pid-1
---ebpf-pid----373029----pid-373029
---ebpf-pid----373029----pid-5476
---ebpf-pid----373029----pid-1
---ebpf-pid----373029----pid-373029
---ebpf-pid----373029----pid-5476
---ebpf-pid----373029----pid-1
---ebpf-pid----373029----pid-373029
---ebpf-pid----373029----pid-5476
---ebpf-pid----373029----pid-1
---ebpf-pid----373029----pid-373029
---ebpf-pid----373029----pid-5476
---ebpf-pid----373029----pid-1
---ebpf-pid----373029----pid-373029
---ebpf-pid----373029----pid-5476
---ebpf-pid----373029----pid-1
---ebpf-pid----373029----pid-373029
---ebpf-pid----373029----pid-5476
---ebpf-pid----373029----pid-1
---ebpf-pid----373029----pid-373029
---ebpf-pid----373029----pid-5476
---ebpf-pid----373029----pid-1
---ebpf-pid----373029----pid-373029
---ebpf-pid----373029----pid-5476
---ebpf-pid----373029----pid-1
---ebpf-pid----373029----pid-373029
---ebpf-pid----373029----pid-5476
---ebpf-pid----373029----pid-1
---ebpf-pid----372881----pid-372881
---ebpf-pid----372881----pid-1
---ebpf-pid----373029----pid-373029
---ebpf-pid----373029----pid-5476
---ebpf-pid----373029----pid-1
---ebpf-pid----373029----pid-373029
---ebpf-pid----373029----pid-5476
---ebpf-pid----373029----pid-1
---ebpf-pid----373029----pid-373029
---ebpf-pid----373029----pid-5476
---ebpf-pid----373029----pid-1
---ebpf-pid----373029----pid-373029
---ebpf-pid----373029----pid-5476
---ebpf-pid----373029----pid-1
---ebpf-pid----373029----pid-373029
---ebpf-pid----373029----pid-5476
---ebpf-pid----373029----pid-1
---ebpf-pid----373029----pid-373029
---ebpf-pid----373029----pid-5476
---ebpf-pid----373029----pid-1
---ebpf-pid----5614----pid-5614
---ebpf-pid----5614----pid-1
---ebpf-pid----373029----pid-373029
---ebpf-pid----373029----pid-5476
---ebpf-pid----373029----pid-1
---ebpf-pid----373029----pid-373029
---ebpf-pid----373029----pid-5476
---ebpf-pid----373029----pid-1
---ebpf-pid----373029----pid-373029
---ebpf-pid----373029----pid-5476
---ebpf-pid----373029----pid-1
---ebpf-pid----373029----pid-373029
---ebpf-pid----373029----pid-5476
---ebpf-pid----373029----pid-1
---ebpf-pid----373029----pid-373029
---ebpf-pid----373029----pid-5476
---ebpf-pid----373029----pid-1
---ebpf-pid----373029----pid-373029
---ebpf-pid----373029----pid-5476
---ebpf-pid----373029----pid-1
---ebpf-pid----2029----pid-2029
---ebpf-pid----2029----pid-1
---ebpf-pid----373029----pid-373029
---ebpf-pid----373029----pid-5476
---ebpf-pid----373029----pid-1
---ebpf-pid----373029----pid-373029
---ebpf-pid----373029----pid-5476
---ebpf-pid----373029----pid-1
---ebpf-pid----2089----pid-2089
---ebpf-pid----2089----pid-1
---ebpf-pid----2089----pid-2089
---ebpf-pid----2089----pid-1
---ebpf-pid----2089----pid-2089
---ebpf-pid----2089----pid-1
---ebpf-pid----373029----pid-373029
---ebpf-pid----373029----pid-5476
---ebpf-pid----373029----pid-1
---ebpf-pid----373029----pid-373029
---ebpf-pid----373029----pid-5476
---ebpf-pid----373029----pid-1
---ebpf-pid----373029----pid-373029
---ebpf-pid----373029----pid-5476
---ebpf-pid----373029----pid-1
---ebpf-pid----373029----pid-373029
---ebpf-pid----373029----pid-5476
---ebpf-pid----373029----pid-1
---ebpf-pid----373029----pid-373029
---ebpf-pid----373029----pid-5476
---ebpf-pid----373029----pid-1
---ebpf-pid----373029----pid-373029
---ebpf-pid----373029----pid-5476
Failed to get process information for PID 0
---ebpf-pid----373029----pid-1
---ebpf-pid----373029----pid-373029
---ebpf-pid----373029----pid-5476
---ebpf-pid----373029----pid-1
---ebpf-pid----373029----pid-373029
---ebpf-pid----373029----pid-5476
---ebpf-pid----373029----pid-1
---ebpf-pid----373029----pid-373029
---ebpf-pid----373029----pid-5476
---ebpf-pid----373029----pid-1
---ebpf-pid----373029----pid-373029
---ebpf-pid----373029----pid-5476
---ebpf-pid----373029----pid-1
---ebpf-pid----373029----pid-373029
---ebpf-pid----373029----pid-5476
---ebpf-pid----373029----pid-1
---ebpf-pid----373029----pid-373029
---ebpf-pid----373029----pid-5476
---ebpf-pid----373029----pid-1
---ebpf-pid----373029----pid-373029
---ebpf-pid----373029----pid-5476
---ebpf-pid----373029----pid-1
---ebpf-pid----373029----pid-373029
---ebpf-pid----373029----pid-5476
---ebpf-pid----373029----pid-1
---ebpf-pid----373029----pid-373029
---ebpf-pid----373029----pid-5476
---ebpf-pid----373029----pid-1
---ebpf-pid----373029----pid-373029
---ebpf-pid----373029----pid-5476
---ebpf-pid----373029----pid-1
---ebpf-pid----2010----pid-2010
---ebpf-pid----2010----pid-1
---ebpf-pid----372881----pid-372881
---ebpf-pid----372881----pid-1
---ebpf-pid----2010----pid-2010
---ebpf-pid----2010----pid-1
---ebpf-pid----2029----pid-2029
---ebpf-pid----2029----pid-1
---ebpf-pid----2029----pid-2029
---ebpf-pid----2029----pid-1
---ebpf-pid----373029----pid-373029
---ebpf-pid----373029----pid-5476
---ebpf-pid----373029----pid-1
---ebpf-pid----373029----pid-373029
---ebpf-pid----373029----pid-5476
---ebpf-pid----373029----pid-1
---ebpf-pid----373029----pid-373029
---ebpf-pid----373029----pid-5476
---ebpf-pid----373029----pid-1
---ebpf-pid----373029----pid-373029
---ebpf-pid----373029----pid-5476
---ebpf-pid----373029----pid-1
---ebpf-pid----373029----pid-373029
---ebpf-pid----373029----pid-5476
---ebpf-pid----373029----pid-1
---ebpf-pid----5614----pid-5614
---ebpf-pid----5614----pid-1
---ebpf-pid----373029----pid-373029
---ebpf-pid----373029----pid-5476
---ebpf-pid----373029----pid-1
---ebpf-pid----373029----pid-373029
---ebpf-pid----373029----pid-5476
---ebpf-pid----373029----pid-1
---ebpf-pid----5707----pid-5707
---ebpf-pid----5707----pid-5476
---ebpf-pid----5707----pid-1
---ebpf-pid----5707----pid-5707
---ebpf-pid----5707----pid-5476
---ebpf-pid----5707----pid-1
---ebpf-pid----373029----pid-373029
---ebpf-pid----373029----pid-5476
---ebpf-pid----373029----pid-1
---ebpf-pid----373029----pid-373029
---ebpf-pid----373029----pid-5476
---ebpf-pid----373029----pid-1
---ebpf-pid----6671----pid-6671
---ebpf-pid----6671----pid-5476
---ebpf-pid----6671----pid-1
---ebpf-pid----6671----pid-6671
---ebpf-pid----6671----pid-5476
---ebpf-pid----6671----pid-1
---ebpf-pid----373029----pid-373029
---ebpf-pid----373029----pid-5476
---ebpf-pid----373029----pid-1
---ebpf-pid----6671----pid-6671
---ebpf-pid----6671----pid-5476
---ebpf-pid----6671----pid-1
---ebpf-pid----6671----pid-6671
---ebpf-pid----6671----pid-5476
---ebpf-pid----6671----pid-1
---ebpf-pid----6671----pid-6671
---ebpf-pid----6671----pid-5476
---ebpf-pid----6671----pid-1
---ebpf-pid----373029----pid-373029
---ebpf-pid----373029----pid-5476
---ebpf-pid----373029----pid-1
---ebpf-pid----6671----pid-6671
---ebpf-pid----6671----pid-5476
---ebpf-pid----6671----pid-1
---ebpf-pid----6671----pid-6671
---ebpf-pid----6671----pid-5476
---ebpf-pid----6671----pid-1
---ebpf-pid----6671----pid-6671
---ebpf-pid----6671----pid-5476
---ebpf-pid----6671----pid-1
---ebpf-pid----373029----pid-373029
---ebpf-pid----373029----pid-5476
---ebpf-pid----373029----pid-1
---ebpf-pid----373029----pid-373029
---ebpf-pid----373029----pid-5476
---ebpf-pid----373029----pid-1
---ebpf-pid----373029----pid-373029
---ebpf-pid----373029----pid-5476
---ebpf-pid----373029----pid-1
---ebpf-pid----2012----pid-2012
---ebpf-pid----2012----pid-1
---ebpf-pid----2012----pid-2012
---ebpf-pid----2012----pid-1
---ebpf-pid----2012----pid-2012
---ebpf-pid----2012----pid-1
---ebpf-pid----2012----pid-2012
---ebpf-pid----2012----pid-1
---ebpf-pid----2012----pid-2012
---ebpf-pid----2012----pid-1
---ebpf-pid----2012----pid-2012
---ebpf-pid----2012----pid-1
---ebpf-pid----2012----pid-2012
---ebpf-pid----2012----pid-1
---ebpf-pid----2012----pid-2012
---ebpf-pid----2012----pid-1
---ebpf-pid----2012----pid-2012
---ebpf-pid----2012----pid-1
---ebpf-pid----2012----pid-2012
---ebpf-pid----2012----pid-1
---ebpf-pid----6671----pid-6671
---ebpf-pid----6671----pid-5476
---ebpf-pid----6671----pid-1
---ebpf-pid----6671----pid-6671
---ebpf-pid----6671----pid-5476
---ebpf-pid----6671----pid-1
---ebpf-pid----6671----pid-6671
---ebpf-pid----6671----pid-5476
---ebpf-pid----6671----pid-1
---ebpf-pid----448783----pid-448783
---ebpf-pid----448783----pid-448520
---ebpf-pid----448783----pid-1
---ebpf-pid----448783----pid-448783
---ebpf-pid----448783----pid-448520
---ebpf-pid----448783----pid-1
---ebpf-pid----2089----pid-2089
---ebpf-pid----2089----pid-1
---ebpf-pid----2089----pid-2089
---ebpf-pid----2089----pid-1
---ebpf-pid----2089----pid-2089
---ebpf-pid----2089----pid-1
---ebpf-pid----2089----pid-2089
---ebpf-pid----2089----pid-1
---ebpf-pid----2089----pid-2089
---ebpf-pid----2089----pid-1
---ebpf-pid----2089----pid-2089
---ebpf-pid----2089----pid-1
---ebpf-pid----2089----pid-2089
---ebpf-pid----2089----pid-1
---ebpf-pid----2089----pid-2089
---ebpf-pid----2089----pid-1
---ebpf-pid----2089----pid-2089
---ebpf-pid----2089----pid-1
---ebpf-pid----2089----pid-2089
---ebpf-pid----2089----pid-1
---ebpf-pid----2089----pid-2089
---ebpf-pid----2089----pid-1
---ebpf-pid----2089----pid-2089
---ebpf-pid----2089----pid-1
---ebpf-pid----2089----pid-2089
---ebpf-pid----2089----pid-1
---ebpf-pid----2089----pid-2089
---ebpf-pid----2089----pid-1
---ebpf-pid----2089----pid-2089
---ebpf-pid----2089----pid-1
---ebpf-pid----2089----pid-2089
---ebpf-pid----2089----pid-1
---ebpf-pid----2089----pid-2089
---ebpf-pid----2089----pid-1
---ebpf-pid----2089----pid-2089
---ebpf-pid----2089----pid-1
---ebpf-pid----2089----pid-2089
---ebpf-pid----2089----pid-1
---ebpf-pid----2089----pid-2089
---ebpf-pid----2089----pid-1
---ebpf-pid----2089----pid-2089
---ebpf-pid----2089----pid-1
---ebpf-pid----2089----pid-2089
---ebpf-pid----2089----pid-1
---ebpf-pid----2089----pid-2089
---ebpf-pid----2089----pid-1
---ebpf-pid----2089----pid-2089
---ebpf-pid----2089----pid-1
---ebpf-pid----2089----pid-2089
---ebpf-pid----2089----pid-1
---ebpf-pid----2089----pid-2089
---ebpf-pid----2089----pid-1
---ebpf-pid----2089----pid-2089
---ebpf-pid----2089----pid-1
---ebpf-pid----2089----pid-2089
---ebpf-pid----2089----pid-1
---ebpf-pid----448783----pid-448783
---ebpf-pid----448783----pid-448520
---ebpf-pid----448783----pid-1
---ebpf-pid----448783----pid-448783
---ebpf-pid----448783----pid-448520
---ebpf-pid----448783----pid-1
---ebpf-pid----448783----pid-448783
---ebpf-pid----448783----pid-448520
---ebpf-pid----448783----pid-1
---ebpf-pid----448783----pid-448783
---ebpf-pid----448783----pid-448520
---ebpf-pid----448783----pid-1
---ebpf-pid----448783----pid-448783
---ebpf-pid----448783----pid-448520
---ebpf-pid----448783----pid-1
---ebpf-pid----448783----pid-448783
---ebpf-pid----448783----pid-448520
---ebpf-pid----448783----pid-1
---ebpf-pid----448783----pid-448783
---ebpf-pid----448783----pid-448520
---ebpf-pid----448783----pid-1
---ebpf-pid----448783----pid-448783
---ebpf-pid----448783----pid-448520
---ebpf-pid----448783----pid-1
---ebpf-pid----448783----pid-448783
---ebpf-pid----448783----pid-448520
---ebpf-pid----448783----pid-1
---ebpf-pid----448783----pid-448783
---ebpf-pid----448783----pid-448520
---ebpf-pid----448783----pid-1
---ebpf-pid----448783----pid-448783
---ebpf-pid----448783----pid-448520
---ebpf-pid----448783----pid-1
---ebpf-pid----448783----pid-448783
---ebpf-pid----448783----pid-448520
---ebpf-pid----448783----pid-1
---ebpf-pid----448783----pid-448783
---ebpf-pid----448783----pid-448520
---ebpf-pid----448783----pid-1
---ebpf-pid----448783----pid-448783
---ebpf-pid----448783----pid-448520
---ebpf-pid----448783----pid-1
---ebpf-pid----448783----pid-448783
---ebpf-pid----448783----pid-448520
---ebpf-pid----448783----pid-1
---ebpf-pid----1856----pid-1856
---ebpf-pid----1856----pid-1
---ebpf-pid----2012----pid-2012
---ebpf-pid----2012----pid-1
---ebpf-pid----2012----pid-2012
---ebpf-pid----2012----pid-1
---ebpf-pid----2012----pid-2012
---ebpf-pid----2012----pid-1
---ebpf-pid----2012----pid-2012
---ebpf-pid----2012----pid-1
---ebpf-pid----2012----pid-2012
---ebpf-pid----2012----pid-1
---ebpf-pid----448783----pid-448783
---ebpf-pid----448783----pid-448520
---ebpf-pid----448783----pid-1
---ebpf-pid----448783----pid-448783
---ebpf-pid----448783----pid-448520
---ebpf-pid----448783----pid-1
---ebpf-pid----448783----pid-448783
---ebpf-pid----448783----pid-448520
---ebpf-pid----448783----pid-1
---ebpf-pid----448783----pid-448783
---ebpf-pid----448783----pid-448520
---ebpf-pid----448783----pid-1
---ebpf-pid----448783----pid-448783
---ebpf-pid----448783----pid-448520
---ebpf-pid----448783----pid-1
---ebpf-pid----448783----pid-448783
---ebpf-pid----448783----pid-448520
---ebpf-pid----448783----pid-1
---ebpf-pid----448783----pid-448783
---ebpf-pid----448783----pid-448520
---ebpf-pid----448783----pid-1
---ebpf-pid----5705----pid-5705
---ebpf-pid----5705----pid-5476
---ebpf-pid----5705----pid-1
---ebpf-pid----5705----pid-5705
---ebpf-pid----5705----pid-5476
---ebpf-pid----5705----pid-1
---ebpf-pid----5705----pid-5705
---ebpf-pid----5705----pid-5476
---ebpf-pid----5705----pid-1
---ebpf-pid----5705----pid-5705
---ebpf-pid----5705----pid-5476
---ebpf-pid----5705----pid-1
---ebpf-pid----5705----pid-5705
---ebpf-pid----5705----pid-5476
---ebpf-pid----5705----pid-1
---ebpf-pid----5705----pid-5705
---ebpf-pid----5705----pid-5476
---ebpf-pid----5705----pid-1
---ebpf-pid----448783----pid-448783
---ebpf-pid----448783----pid-448520
---ebpf-pid----448783----pid-1
---ebpf-pid----448783----pid-448783
---ebpf-pid----448783----pid-448520
---ebpf-pid----448783----pid-1
---ebpf-pid----448783----pid-448783
---ebpf-pid----448783----pid-448520
---ebpf-pid----448783----pid-1
---ebpf-pid----1856----pid-1856
---ebpf-pid----1856----pid-1
---ebpf-pid----2012----pid-2012
---ebpf-pid----2012----pid-1
---ebpf-pid----2012----pid-2012
---ebpf-pid----2012----pid-1
---ebpf-pid----2012----pid-2012
---ebpf-pid----2012----pid-1
---ebpf-pid----2012----pid-2012
---ebpf-pid----2012----pid-1
---ebpf-pid----2012----pid-2012
---ebpf-pid----2012----pid-1
---ebpf-pid----2012----pid-2012
---ebpf-pid----2012----pid-1
---ebpf-pid----2012----pid-2012
---ebpf-pid----2012----pid-1
---ebpf-pid----2012----pid-2012
---ebpf-pid----2012----pid-1
---ebpf-pid----2012----pid-2012
---ebpf-pid----2012----pid-1
---ebpf-pid----2012----pid-2012
---ebpf-pid----2012----pid-1
---ebpf-pid----2012----pid-2012
---ebpf-pid----2012----pid-1
---ebpf-pid----2012----pid-2012
---ebpf-pid----2012----pid-1
---ebpf-pid----2012----pid-2012
---ebpf-pid----2012----pid-1
---ebpf-pid----2012----pid-2012
---ebpf-pid----2012----pid-1
---ebpf-pid----2012----pid-2012
---ebpf-pid----2012----pid-1
---ebpf-pid----2012----pid-2012
---ebpf-pid----2012----pid-1
---ebpf-pid----2012----pid-2012
---ebpf-pid----2012----pid-1
---ebpf-pid----2029----pid-2029
---ebpf-pid----2029----pid-1
---ebpf-pid----2029----pid-2029
---ebpf-pid----2029----pid-1
---ebpf-pid----2029----pid-2029
---ebpf-pid----2029----pid-1
---ebpf-pid----2029----pid-2029
---ebpf-pid----2029----pid-1
---ebpf-pid----2029----pid-2029
---ebpf-pid----2029----pid-1
---ebpf-pid----2029----pid-2029
---ebpf-pid----2029----pid-1
---ebpf-pid----2029----pid-2029
---ebpf-pid----2029----pid-1
---ebpf-pid----2029----pid-2029
---ebpf-pid----2029----pid-1
---ebpf-pid----2029----pid-2029
---ebpf-pid----2029----pid-1
---ebpf-pid----2029----pid-2029
---ebpf-pid----2029----pid-1
---ebpf-pid----2029----pid-2029
---ebpf-pid----2029----pid-1
---ebpf-pid----2029----pid-2029
---ebpf-pid----2029----pid-1
---ebpf-pid----2029----pid-2029
---ebpf-pid----2029----pid-1
---ebpf-pid----2029----pid-2029
---ebpf-pid----2029----pid-1
---ebpf-pid----2029----pid-2029
---ebpf-pid----2029----pid-1
---ebpf-pid----2029----pid-2029
---ebpf-pid----2029----pid-1
---ebpf-pid----2029----pid-2029
---ebpf-pid----2029----pid-1
---ebpf-pid----2029----pid-2029
---ebpf-pid----2029----pid-1
---ebpf-pid----372881----pid-372881
---ebpf-pid----372881----pid-1
---ebpf-pid----372881----pid-372881
---ebpf-pid----372881----pid-1
---ebpf-pid----5614----pid-5614
---ebpf-pid----5614----pid-1
---ebpf-pid----372881----pid-372881
---ebpf-pid----372881----pid-1
---ebpf-pid----372881----pid-372881
---ebpf-pid----372881----pid-1
---ebpf-pid----372881----pid-372881
---ebpf-pid----372881----pid-1
---ebpf-pid----372881----pid-372881
---ebpf-pid----372881----pid-1
---ebpf-pid----372881----pid-372881
---ebpf-pid----372881----pid-1
---ebpf-pid----372881----pid-372881
---ebpf-pid----372881----pid-1
---ebpf-pid----372881----pid-372881
---ebpf-pid----372881----pid-1
---ebpf-pid----372881----pid-372881
---ebpf-pid----372881----pid-1
---ebpf-pid----372881----pid-372881
---ebpf-pid----372881----pid-1
---ebpf-pid----372881----pid-372881
---ebpf-pid----372881----pid-1
---ebpf-pid----372881----pid-372881
---ebpf-pid----372881----pid-1
---ebpf-pid----372881----pid-372881
---ebpf-pid----372881----pid-1
---ebpf-pid----372881----pid-372881
---ebpf-pid----372881----pid-1
---ebpf-pid----372881----pid-372881
---ebpf-pid----372881----pid-1
---ebpf-pid----372881----pid-372881
---ebpf-pid----372881----pid-1
---ebpf-pid----372881----pid-372881
---ebpf-pid----372881----pid-1
---ebpf-pid----372881----pid-372881
---ebpf-pid----372881----pid-1
---ebpf-pid----372881----pid-372881
---ebpf-pid----372881----pid-1
---ebpf-pid----372881----pid-372881
---ebpf-pid----372881----pid-1
---ebpf-pid----5638----pid-5638
---ebpf-pid----5638----pid-1
---ebpf-pid----372881----pid-372881
---ebpf-pid----372881----pid-1
---ebpf-pid----372881----pid-372881
---ebpf-pid----372881----pid-1
---ebpf-pid----372881----pid-372881
---ebpf-pid----372881----pid-1
---ebpf-pid----372881----pid-372881
---ebpf-pid----372881----pid-1
---ebpf-pid----372881----pid-372881
---ebpf-pid----372881----pid-1
---ebpf-pid----372881----pid-372881
---ebpf-pid----372881----pid-1
---ebpf-pid----372881----pid-372881
---ebpf-pid----372881----pid-1
---ebpf-pid----372881----pid-372881
---ebpf-pid----372881----pid-1
---ebpf-pid----372881----pid-372881
---ebpf-pid----372881----pid-1
---ebpf-pid----372881----pid-372881
---ebpf-pid----372881----pid-1
---ebpf-pid----372881----pid-372881
---ebpf-pid----372881----pid-1
---ebpf-pid----5638----pid-5638
---ebpf-pid----5638----pid-1
---ebpf-pid----5638----pid-5638
---ebpf-pid----5638----pid-1
---ebpf-pid----372881----pid-372881
---ebpf-pid----372881----pid-1
---ebpf-pid----372881----pid-372881
---ebpf-pid----372881----pid-1
---ebpf-pid----372881----pid-372881
---ebpf-pid----372881----pid-1
---ebpf-pid----372881----pid-372881
---ebpf-pid----372881----pid-1
---ebpf-pid----372881----pid-372881
---ebpf-pid----372881----pid-1
---ebpf-pid----372881----pid-372881
---ebpf-pid----372881----pid-1
---ebpf-pid----2089----pid-2089
---ebpf-pid----2089----pid-1
---ebpf-pid----2029----pid-2029
---ebpf-pid----2029----pid-1
---ebpf-pid----2029----pid-2029
---ebpf-pid----2029----pid-1
---ebpf-pid----2029----pid-2029
---ebpf-pid----2029----pid-1
---ebpf-pid----2029----pid-2029
---ebpf-pid----2029----pid-1
---ebpf-pid----2029----pid-2029
---ebpf-pid----2029----pid-1
---ebpf-pid----2029----pid-2029
---ebpf-pid----2029----pid-1
---ebpf-pid----2029----pid-2029
---ebpf-pid----2029----pid-1
---ebpf-pid----2029----pid-2029
---ebpf-pid----2029----pid-1
---ebpf-pid----7313----pid-7313
---ebpf-pid----7313----pid-1
---ebpf-pid----5638----pid-5638
---ebpf-pid----5638----pid-1
---ebpf-pid----372881----pid-372881
---ebpf-pid----372881----pid-1
---ebpf-pid----372714----pid-372714
---ebpf-pid----372714----pid-5476
---ebpf-pid----372714----pid-1
---ebpf-pid----372714----pid-372714
---ebpf-pid----372714----pid-5476
---ebpf-pid----372714----pid-1
---ebpf-pid----372714----pid-372714
---ebpf-pid----372714----pid-5476
---ebpf-pid----372714----pid-1
---ebpf-pid----372714----pid-372714
---ebpf-pid----372714----pid-5476
---ebpf-pid----372714----pid-1
---ebpf-pid----372714----pid-372714
---ebpf-pid----372714----pid-5476
---ebpf-pid----372714----pid-1
---ebpf-pid----372714----pid-372714
---ebpf-pid----372714----pid-5476
---ebpf-pid----372714----pid-1
---ebpf-pid----372714----pid-372714
---ebpf-pid----372714----pid-5476
---ebpf-pid----372714----pid-1
---ebpf-pid----372714----pid-372714
---ebpf-pid----372714----pid-5476
---ebpf-pid----372714----pid-1
---ebpf-pid----372714----pid-372714
---ebpf-pid----372714----pid-5476
---ebpf-pid----372714----pid-1
---ebpf-pid----372714----pid-372714
---ebpf-pid----372714----pid-5476
---ebpf-pid----372714----pid-1
---ebpf-pid----372714----pid-372714
---ebpf-pid----372714----pid-5476
---ebpf-pid----372714----pid-1
---ebpf-pid----372714----pid-372714
---ebpf-pid----372714----pid-5476
---ebpf-pid----372714----pid-1
---ebpf-pid----372714----pid-372714
---ebpf-pid----372714----pid-5476
---ebpf-pid----372714----pid-1
---ebpf-pid----372714----pid-372714
---ebpf-pid----372714----pid-5476
---ebpf-pid----372714----pid-1
---ebpf-pid----372714----pid-372714
---ebpf-pid----372714----pid-5476
---ebpf-pid----372714----pid-1
---ebpf-pid----372714----pid-372714
---ebpf-pid----372714----pid-5476
---ebpf-pid----372714----pid-1
---ebpf-pid----372714----pid-372714
---ebpf-pid----372714----pid-5476
---ebpf-pid----372714----pid-1
---ebpf-pid----372881----pid-372881
---ebpf-pid----372881----pid-1
---ebpf-pid----372881----pid-372881
---ebpf-pid----372881----pid-1
---ebpf-pid----372881----pid-372881
---ebpf-pid----372881----pid-1
---ebpf-pid----2012----pid-2012
---ebpf-pid----2012----pid-1
---ebpf-pid----379067----pid-379067
---ebpf-pid----379067----pid-5476
---ebpf-pid----379067----pid-1
---ebpf-pid----379067----pid-379067
---ebpf-pid----379067----pid-5476
---ebpf-pid----379067----pid-1
---ebpf-pid----379067----pid-379067
---ebpf-pid----379067----pid-5476
---ebpf-pid----379067----pid-1
---ebpf-pid----379067----pid-379067
---ebpf-pid----379067----pid-5476
---ebpf-pid----379067----pid-1
---ebpf-pid----2089----pid-2089
---ebpf-pid----2089----pid-1
---ebpf-pid----2089----pid-2089
---ebpf-pid----2089----pid-1
---ebpf-pid----2089----pid-2089
---ebpf-pid----2089----pid-1
---ebpf-pid----7312----pid-7312
---ebpf-pid----7312----pid-1
---ebpf-pid----2089----pid-2089
---ebpf-pid----2089----pid-1
---ebpf-pid----2089----pid-2089
---ebpf-pid----2089----pid-1
---ebpf-pid----2089----pid-2089
---ebpf-pid----2089----pid-1
---ebpf-pid----377755----pid-377755
---ebpf-pid----377755----pid-1
---ebpf-pid----379067----pid-379067
---ebpf-pid----379067----pid-5476
---ebpf-pid----379067----pid-1
---ebpf-pid----379067----pid-379067
---ebpf-pid----379067----pid-5476
---ebpf-pid----379067----pid-1
---ebpf-pid----2012----pid-2012
---ebpf-pid----2012----pid-1
---ebpf-pid----2012----pid-2012
---ebpf-pid----2012----pid-1
---ebpf-pid----2012----pid-2012
---ebpf-pid----2012----pid-1
---ebpf-pid----2012----pid-2012
---ebpf-pid----2012----pid-1
---ebpf-pid----2012----pid-2012
---ebpf-pid----2012----pid-1
---ebpf-pid----2012----pid-2012
---ebpf-pid----2012----pid-1
---ebpf-pid----379067----pid-379067
---ebpf-pid----379067----pid-5476
---ebpf-pid----379067----pid-1
---ebpf-pid----379067----pid-379067
---ebpf-pid----379067----pid-5476
---ebpf-pid----379067----pid-1
---ebpf-pid----379067----pid-379067
---ebpf-pid----379067----pid-5476
---ebpf-pid----379067----pid-1
---ebpf-pid----7312----pid-7312
---ebpf-pid----7312----pid-1
---ebpf-pid----2012----pid-2012
---ebpf-pid----2012----pid-1
---ebpf-pid----2012----pid-2012
---ebpf-pid----2012----pid-1
---ebpf-pid----2012----pid-2012
---ebpf-pid----2012----pid-1
---ebpf-pid----2012----pid-2012
---ebpf-pid----2012----pid-1
---ebpf-pid----2012----pid-2012
---ebpf-pid----2012----pid-1
---ebpf-pid----377755----pid-377755
---ebpf-pid----377755----pid-1
---ebpf-pid----1856----pid-1856
---ebpf-pid----1856----pid-1
---ebpf-pid----2029----pid-2029
---ebpf-pid----2029----pid-1
---ebpf-pid----2029----pid-2029
---ebpf-pid----2029----pid-1
---ebpf-pid----2029----pid-2029
---ebpf-pid----2029----pid-1
---ebpf-pid----2029----pid-2029
---ebpf-pid----2029----pid-1
---ebpf-pid----2029----pid-2029
---ebpf-pid----2029----pid-1
---ebpf-pid----2029----pid-2029
---ebpf-pid----2029----pid-1
---ebpf-pid----2029----pid-2029
---ebpf-pid----2029----pid-1
---ebpf-pid----2029----pid-2029
---ebpf-pid----2029----pid-1
---ebpf-pid----2029----pid-2029
---ebpf-pid----2029----pid-1
---ebpf-pid----2029----pid-2029
---ebpf-pid----2029----pid-1
---ebpf-pid----2029----pid-2029
---ebpf-pid----2029----pid-1
---ebpf-pid----448521----pid-448521
---ebpf-pid----448521----pid-1
---ebpf-pid----7312----pid-7312
---ebpf-pid----7312----pid-1
---ebpf-pid----2029----pid-2029
---ebpf-pid----2029----pid-1
---ebpf-pid----2029----pid-2029
---ebpf-pid----2029----pid-1
---ebpf-pid----2029----pid-2029
---ebpf-pid----2029----pid-1
---ebpf-pid----2029----pid-2029
---ebpf-pid----2029----pid-1
---ebpf-pid----2029----pid-2029
---ebpf-pid----2029----pid-1
---ebpf-pid----2029----pid-2029
---ebpf-pid----2029----pid-1
---ebpf-pid----2029----pid-2029
---ebpf-pid----2029----pid-1
---ebpf-pid----5705----pid-5705
---ebpf-pid----5705----pid-5476
---ebpf-pid----5705----pid-1
---ebpf-pid----5705----pid-5705
---ebpf-pid----5705----pid-5476
---ebpf-pid----5705----pid-1
---ebpf-pid----5705----pid-5705
---ebpf-pid----5705----pid-5476
---ebpf-pid----5705----pid-1
---ebpf-pid----5705----pid-5705
---ebpf-pid----5705----pid-5476
---ebpf-pid----5705----pid-1
---ebpf-pid----7312----pid-7312
---ebpf-pid----7312----pid-1
---ebpf-pid----5705----pid-5705
---ebpf-pid----5705----pid-5476
---ebpf-pid----5705----pid-1
---ebpf-pid----5705----pid-5705
---ebpf-pid----5705----pid-5476
---ebpf-pid----5705----pid-1
---ebpf-pid----5705----pid-5705
---ebpf-pid----5705----pid-5476
---ebpf-pid----5705----pid-1
---ebpf-pid----5705----pid-5705
---ebpf-pid----5705----pid-5476
---ebpf-pid----5705----pid-1
---ebpf-pid----5705----pid-5705
---ebpf-pid----5705----pid-5476
---ebpf-pid----5705----pid-1
---ebpf-pid----5705----pid-5705
---ebpf-pid----5705----pid-5476
---ebpf-pid----5705----pid-1
---ebpf-pid----5705----pid-5705
---ebpf-pid----5705----pid-5476
---ebpf-pid----5705----pid-1
---ebpf-pid----5705----pid-5705
---ebpf-pid----5705----pid-5476
---ebpf-pid----5705----pid-1
---ebpf-pid----5705----pid-5705
---ebpf-pid----5705----pid-5476
---ebpf-pid----5705----pid-1
---ebpf-pid----5705----pid-5705
---ebpf-pid----5705----pid-5476
---ebpf-pid----5705----pid-1
---ebpf-pid----5705----pid-5705
---ebpf-pid----5705----pid-5476
---ebpf-pid----5705----pid-1
---ebpf-pid----5705----pid-5705
---ebpf-pid----5705----pid-5476
---ebpf-pid----5705----pid-1
---ebpf-pid----5705----pid-5705
---ebpf-pid----5705----pid-5476
---ebpf-pid----5705----pid-1
---ebpf-pid----5705----pid-5705
---ebpf-pid----5705----pid-5476
---ebpf-pid----5705----pid-1
---ebpf-pid----5705----pid-5705
---ebpf-pid----5705----pid-5476
---ebpf-pid----5705----pid-1
---ebpf-pid----5705----pid-5705
---ebpf-pid----5705----pid-5476
---ebpf-pid----5705----pid-1
---ebpf-pid----5705----pid-5705
---ebpf-pid----5705----pid-5476
---ebpf-pid----5705----pid-1
---ebpf-pid----5705----pid-5705
---ebpf-pid----5705----pid-5476
---ebpf-pid----5705----pid-1
---ebpf-pid----5705----pid-5705
---ebpf-pid----5705----pid-5476
---ebpf-pid----5705----pid-1
---ebpf-pid----5705----pid-5705
---ebpf-pid----5705----pid-5476
---ebpf-pid----5705----pid-1
---ebpf-pid----5705----pid-5705
---ebpf-pid----5705----pid-5476
---ebpf-pid----5705----pid-1
---ebpf-pid----5705----pid-5705
---ebpf-pid----5705----pid-5476
---ebpf-pid----5705----pid-1
---ebpf-pid----5705----pid-5705
---ebpf-pid----5705----pid-5476
---ebpf-pid----5705----pid-1
---ebpf-pid----5705----pid-5705
---ebpf-pid----5705----pid-5476
---ebpf-pid----5705----pid-1
---ebpf-pid----5705----pid-5705
---ebpf-pid----5705----pid-5476
---ebpf-pid----5705----pid-1
---ebpf-pid----5705----pid-5705
---ebpf-pid----5705----pid-5476
---ebpf-pid----5705----pid-1
---ebpf-pid----5705----pid-5705
---ebpf-pid----5705----pid-5476
---ebpf-pid----5705----pid-1
---ebpf-pid----5705----pid-5705
---ebpf-pid----5705----pid-5476
---ebpf-pid----5705----pid-1
---ebpf-pid----5705----pid-5705
---ebpf-pid----5705----pid-5476
---ebpf-pid----5705----pid-1
---ebpf-pid----5705----pid-5705
---ebpf-pid----5705----pid-5476
---ebpf-pid----5705----pid-1
---ebpf-pid----5705----pid-5705
---ebpf-pid----5705----pid-5476
---ebpf-pid----5705----pid-1
---ebpf-pid----5705----pid-5705
---ebpf-pid----5705----pid-5476
---ebpf-pid----5705----pid-1
---ebpf-pid----5705----pid-5705
---ebpf-pid----5705----pid-5476
---ebpf-pid----5705----pid-1
---ebpf-pid----5705----pid-5705
---ebpf-pid----5705----pid-5476
---ebpf-pid----5705----pid-1
---ebpf-pid----5705----pid-5705
---ebpf-pid----5705----pid-5476
---ebpf-pid----5705----pid-1
---ebpf-pid----5705----pid-5705
---ebpf-pid----5705----pid-5476
---ebpf-pid----5705----pid-1
---ebpf-pid----5705----pid-5705
---ebpf-pid----5705----pid-5476
---ebpf-pid----5705----pid-1
---ebpf-pid----5705----pid-5705
---ebpf-pid----5705----pid-5476
---ebpf-pid----5705----pid-1
---ebpf-pid----5705----pid-5705
---ebpf-pid----5705----pid-5476
---ebpf-pid----5705----pid-1
---ebpf-pid----5705----pid-5705
---ebpf-pid----5705----pid-5476
---ebpf-pid----5705----pid-1
---ebpf-pid----5705----pid-5705
---ebpf-pid----5705----pid-5476
---ebpf-pid----5705----pid-1
---ebpf-pid----5705----pid-5705
---ebpf-pid----5705----pid-5476
---ebpf-pid----5705----pid-1
---ebpf-pid----5705----pid-5705
---ebpf-pid----5705----pid-5476
---ebpf-pid----5705----pid-1
---ebpf-pid----7312----pid-7312
---ebpf-pid----7312----pid-1
---ebpf-pid----5707----pid-5707
---ebpf-pid----5707----pid-5476
---ebpf-pid----5707----pid-1
---ebpf-pid----5707----pid-5707
---ebpf-pid----5707----pid-5476
---ebpf-pid----5707----pid-1
---ebpf-pid----5707----pid-5707
---ebpf-pid----5707----pid-5476
---ebpf-pid----5707----pid-1
---ebpf-pid----5707----pid-5707
---ebpf-pid----5707----pid-5476
---ebpf-pid----5707----pid-1
---ebpf-pid----5707----pid-5707
---ebpf-pid----5707----pid-5476
---ebpf-pid----5707----pid-1
---ebpf-pid----5707----pid-5707
---ebpf-pid----5707----pid-5476
---ebpf-pid----5707----pid-1
---ebpf-pid----5707----pid-5707
---ebpf-pid----5707----pid-5476
---ebpf-pid----5707----pid-1
---ebpf-pid----5707----pid-5707
---ebpf-pid----5707----pid-5476
---ebpf-pid----5707----pid-1
---ebpf-pid----5707----pid-5707
---ebpf-pid----5707----pid-5476
---ebpf-pid----5707----pid-1
---ebpf-pid----5707----pid-5707
---ebpf-pid----5707----pid-5476
---ebpf-pid----5707----pid-1
---ebpf-pid----5707----pid-5707
---ebpf-pid----5707----pid-5476
---ebpf-pid----5707----pid-1
---ebpf-pid----5707----pid-5707
---ebpf-pid----5707----pid-5476
---ebpf-pid----5707----pid-1
---ebpf-pid----5707----pid-5707
---ebpf-pid----5707----pid-5476
---ebpf-pid----5707----pid-1
---ebpf-pid----5707----pid-5707
---ebpf-pid----5707----pid-5476
---ebpf-pid----5707----pid-1
---ebpf-pid----5707----pid-5707
---ebpf-pid----5707----pid-5476
---ebpf-pid----5707----pid-1
---ebpf-pid----5707----pid-5707
---ebpf-pid----5707----pid-5476
---ebpf-pid----5707----pid-1
---ebpf-pid----5707----pid-5707
---ebpf-pid----5707----pid-5476
---ebpf-pid----5707----pid-1
---ebpf-pid----5707----pid-5707
---ebpf-pid----5707----pid-5476
---ebpf-pid----5707----pid-1
---ebpf-pid----5707----pid-5707
---ebpf-pid----5707----pid-5476
---ebpf-pid----5707----pid-1
---ebpf-pid----5707----pid-5707
---ebpf-pid----5707----pid-5476
---ebpf-pid----5707----pid-1
---ebpf-pid----5707----pid-5707
---ebpf-pid----5707----pid-5476
---ebpf-pid----5707----pid-1
---ebpf-pid----5707----pid-5707
---ebpf-pid----5707----pid-5476
---ebpf-pid----5707----pid-1
---ebpf-pid----5707----pid-5707
---ebpf-pid----5707----pid-5476
---ebpf-pid----5707----pid-1
---ebpf-pid----5707----pid-5707
---ebpf-pid----5707----pid-5476
---ebpf-pid----5707----pid-1
---ebpf-pid----5707----pid-5707
---ebpf-pid----5707----pid-5476
---ebpf-pid----5707----pid-1
---ebpf-pid----2089----pid-2089
---ebpf-pid----2089----pid-1
---ebpf-pid----2089----pid-2089
---ebpf-pid----2089----pid-1
---ebpf-pid----2089----pid-2089
---ebpf-pid----2089----pid-1
---ebpf-pid----2089----pid-2089
---ebpf-pid----2089----pid-1
---ebpf-pid----2089----pid-2089
---ebpf-pid----2089----pid-1
---ebpf-pid----7313----pid-7313
---ebpf-pid----7313----pid-1
---ebpf-pid----5638----pid-5638
---ebpf-pid----5638----pid-1
---ebpf-pid----5705----pid-5705
---ebpf-pid----5705----pid-5476
---ebpf-pid----5705----pid-1
---ebpf-pid----5705----pid-5705
---ebpf-pid----5705----pid-5476
---ebpf-pid----5705----pid-1
---ebpf-pid----5705----pid-5705
---ebpf-pid----5705----pid-5476
---ebpf-pid----5705----pid-1
---ebpf-pid----5705----pid-5705
---ebpf-pid----5705----pid-5476
---ebpf-pid----5705----pid-1
---ebpf-pid----5705----pid-5705
---ebpf-pid----5705----pid-5476
---ebpf-pid----5705----pid-1
---ebpf-pid----5705----pid-5705
---ebpf-pid----5705----pid-5476
---ebpf-pid----5705----pid-1
---ebpf-pid----5705----pid-5705
---ebpf-pid----5705----pid-5476
---ebpf-pid----5705----pid-1
---ebpf-pid----5705----pid-5705
---ebpf-pid----5705----pid-5476
---ebpf-pid----5705----pid-1
---ebpf-pid----5705----pid-5705
---ebpf-pid----5705----pid-5476
---ebpf-pid----5705----pid-1
---ebpf-pid----5705----pid-5705
---ebpf-pid----5705----pid-5476
---ebpf-pid----5705----pid-1
---ebpf-pid----5703----pid-5703
---ebpf-pid----5703----pid-5476
---ebpf-pid----5703----pid-1
---ebpf-pid----5638----pid-5638
---ebpf-pid----5638----pid-1
---ebpf-pid----5638----pid-5638
---ebpf-pid----5638----pid-1
---ebpf-pid----5705----pid-5705
---ebpf-pid----5705----pid-5476
---ebpf-pid----5705----pid-1
---ebpf-pid----5705----pid-5705
---ebpf-pid----5705----pid-5476
---ebpf-pid----5705----pid-1
---ebpf-pid----5705----pid-5705
---ebpf-pid----5705----pid-5476
---ebpf-pid----5705----pid-1
---ebpf-pid----5705----pid-5705
---ebpf-pid----5705----pid-5476
---ebpf-pid----5705----pid-1
---ebpf-pid----5705----pid-5705
---ebpf-pid----5705----pid-5476
---ebpf-pid----5705----pid-1
---ebpf-pid----5705----pid-5705
---ebpf-pid----5705----pid-5476
---ebpf-pid----5705----pid-1
---ebpf-pid----5705----pid-5705
---ebpf-pid----5705----pid-5476
---ebpf-pid----5705----pid-1
---ebpf-pid----5705----pid-5705
---ebpf-pid----5705----pid-5476
---ebpf-pid----5705----pid-1
---ebpf-pid----5705----pid-5705
---ebpf-pid----5705----pid-5476
---ebpf-pid----5705----pid-1
---ebpf-pid----5705----pid-5705
---ebpf-pid----5705----pid-5476
---ebpf-pid----5705----pid-1
---ebpf-pid----5705----pid-5705
---ebpf-pid----5705----pid-5476
---ebpf-pid----5705----pid-1
---ebpf-pid----5705----pid-5705
---ebpf-pid----5705----pid-5476
---ebpf-pid----5705----pid-1
---ebpf-pid----5705----pid-5705
---ebpf-pid----5705----pid-5476
---ebpf-pid----5705----pid-1
---ebpf-pid----5705----pid-5705
---ebpf-pid----5705----pid-5476
---ebpf-pid----5705----pid-1
---ebpf-pid----2089----pid-2089
---ebpf-pid----2089----pid-1
---ebpf-pid----2089----pid-2089
---ebpf-pid----2089----pid-1
---ebpf-pid----2089----pid-2089
---ebpf-pid----2089----pid-1
---ebpf-pid----2089----pid-2089
---ebpf-pid----2089----pid-1
---ebpf-pid----2089----pid-2089
---ebpf-pid----2089----pid-1
---ebpf-pid----2089----pid-2089
---ebpf-pid----2089----pid-1
---ebpf-pid----5707----pid-5707
---ebpf-pid----5707----pid-5476
---ebpf-pid----5707----pid-1
---ebpf-pid----5707----pid-5707
---ebpf-pid----5707----pid-5476
---ebpf-pid----5707----pid-1
---ebpf-pid----5707----pid-5707
---ebpf-pid----5707----pid-5476
---ebpf-pid----5707----pid-1
---ebpf-pid----5707----pid-5707
---ebpf-pid----5707----pid-5476
---ebpf-pid----5707----pid-1
---ebpf-pid----5707----pid-5707
---ebpf-pid----5707----pid-5476
---ebpf-pid----5707----pid-1
---ebpf-pid----5707----pid-5707
---ebpf-pid----5707----pid-5476
---ebpf-pid----5707----pid-1
---ebpf-pid----5707----pid-5707
---ebpf-pid----5707----pid-5476
---ebpf-pid----5707----pid-1
---ebpf-pid----5707----pid-5707
---ebpf-pid----5707----pid-5476
---ebpf-pid----5707----pid-1
---ebpf-pid----5707----pid-5707
---ebpf-pid----5707----pid-5476
---ebpf-pid----5707----pid-1
---ebpf-pid----2012----pid-2012
---ebpf-pid----2012----pid-1
---ebpf-pid----2012----pid-2012
---ebpf-pid----2012----pid-1
---ebpf-pid----2012----pid-2012
---ebpf-pid----2012----pid-1
---ebpf-pid----2012----pid-2012
Failed to get process information for PID 0
---ebpf-pid----2012----pid-1
---ebpf-pid----2012----pid-2012
---ebpf-pid----2012----pid-1
---ebpf-pid----2012----pid-2012
---ebpf-pid----2012----pid-1
---ebpf-pid----2012----pid-2012
---ebpf-pid----2012----pid-1
---ebpf-pid----7312----pid-7312
---ebpf-pid----7312----pid-1
---ebpf-pid----372881----pid-372881
---ebpf-pid----372881----pid-1
---ebpf-pid----372881----pid-372881
---ebpf-pid----372881----pid-1
---ebpf-pid----372881----pid-372881
---ebpf-pid----372881----pid-1
---ebpf-pid----372881----pid-372881
---ebpf-pid----372881----pid-1
---ebpf-pid----5707----pid-5707
---ebpf-pid----5707----pid-5476
---ebpf-pid----5707----pid-1
Failed to get process information for PID 0
---ebpf-pid----5707----pid-5707
---ebpf-pid----5707----pid-5476
---ebpf-pid----5707----pid-1
---ebpf-pid----5707----pid-5707
---ebpf-pid----5707----pid-5476
---ebpf-pid----5707----pid-1
---ebpf-pid----372881----pid-372881
---ebpf-pid----372881----pid-1
---ebpf-pid----372881----pid-372881
---ebpf-pid----372881----pid-1
---ebpf-pid----372881----pid-372881
---ebpf-pid----372881----pid-1
---ebpf-pid----372881----pid-372881
---ebpf-pid----372881----pid-1
---ebpf-pid----372881----pid-372881
---ebpf-pid----372881----pid-1
---ebpf-pid----2010----pid-2010
---ebpf-pid----2010----pid-1
---ebpf-pid----2012----pid-2012
---ebpf-pid----2012----pid-1
---ebpf-pid----372881----pid-372881
---ebpf-pid----372881----pid-1
---ebpf-pid----372881----pid-372881
---ebpf-pid----372881----pid-1
---ebpf-pid----372881----pid-372881
---ebpf-pid----372881----pid-1
---ebpf-pid----5707----pid-5707
---ebpf-pid----5707----pid-5476
---ebpf-pid----5707----pid-1
---ebpf-pid----5707----pid-5707
---ebpf-pid----5707----pid-5476
---ebpf-pid----5707----pid-1
---ebpf-pid----2010----pid-2010
---ebpf-pid----2010----pid-1
---ebpf-pid----5707----pid-5707
---ebpf-pid----5707----pid-5476
---ebpf-pid----5707----pid-1
---ebpf-pid----5707----pid-5707
---ebpf-pid----5707----pid-5476
---ebpf-pid----5707----pid-1
---ebpf-pid----5707----pid-5707
---ebpf-pid----5707----pid-5476
---ebpf-pid----5707----pid-1
---ebpf-pid----5707----pid-5707
---ebpf-pid----5707----pid-5476
---ebpf-pid----5707----pid-1
---ebpf-pid----5707----pid-5707
---ebpf-pid----5707----pid-5476
---ebpf-pid----5707----pid-1
---ebpf-pid----2029----pid-2029
---ebpf-pid----2029----pid-1
---ebpf-pid----2029----pid-2029
---ebpf-pid----2029----pid-1
---ebpf-pid----5707----pid-5707
---ebpf-pid----5707----pid-5476
---ebpf-pid----5707----pid-1
---ebpf-pid----5707----pid-5707
---ebpf-pid----5707----pid-5476
---ebpf-pid----5707----pid-1
---ebpf-pid----5707----pid-5707
---ebpf-pid----5707----pid-5476
---ebpf-pid----5707----pid-1
---ebpf-pid----5707----pid-5707
---ebpf-pid----5707----pid-5476
---ebpf-pid----5707----pid-1
Failed to get process information for PID 0
Failed to get process information for PID 0
Failed to get process information for PID 0
---ebpf-pid----2029----pid-2029
---ebpf-pid----2029----pid-1
---ebpf-pid----2029----pid-2029
---ebpf-pid----2029----pid-1
---ebpf-pid----5614----pid-5614
---ebpf-pid----5614----pid-1
---ebpf-pid----2089----pid-2089
---ebpf-pid----2089----pid-1
---ebpf-pid----2089----pid-2089
---ebpf-pid----2089----pid-1
---ebpf-pid----2089----pid-2089
---ebpf-pid----2089----pid-1
---ebpf-pid----7313----pid-7313
---ebpf-pid----7313----pid-1
---ebpf-pid----7313----pid-7313
---ebpf-pid----7313----pid-1
---ebpf-pid----5707----pid-5707
---ebpf-pid----5707----pid-5476
---ebpf-pid----5707----pid-1
---ebpf-pid----5707----pid-5707
---ebpf-pid----5707----pid-5476
---ebpf-pid----5707----pid-1
---ebpf-pid----5707----pid-5707
---ebpf-pid----5707----pid-5476
---ebpf-pid----5707----pid-1
---ebpf-pid----5707----pid-5707
---ebpf-pid----5707----pid-5476
---ebpf-pid----5707----pid-1
---ebpf-pid----5707----pid-5707
---ebpf-pid----5707----pid-5476
---ebpf-pid----5707----pid-1
---ebpf-pid----5707----pid-5707
---ebpf-pid----5707----pid-5476
---ebpf-pid----5707----pid-1
---ebpf-pid----5707----pid-5707
---ebpf-pid----5707----pid-5476
---ebpf-pid----5707----pid-1
---ebpf-pid----5707----pid-5707
---ebpf-pid----5707----pid-5476
---ebpf-pid----5707----pid-1
---ebpf-pid----5707----pid-5707
---ebpf-pid----5707----pid-5476
---ebpf-pid----5707----pid-1
---ebpf-pid----5707----pid-5707
---ebpf-pid----5707----pid-5476
---ebpf-pid----5707----pid-1
---ebpf-pid----5707----pid-5707
---ebpf-pid----5707----pid-5476
---ebpf-pid----5707----pid-1
---ebpf-pid----5707----pid-5707
---ebpf-pid----5707----pid-5476
---ebpf-pid----5707----pid-1
---ebpf-pid----5707----pid-5707
---ebpf-pid----5707----pid-5476
---ebpf-pid----5707----pid-1
---ebpf-pid----5707----pid-5707
---ebpf-pid----5707----pid-5476
---ebpf-pid----5707----pid-1
---ebpf-pid----5707----pid-5707
---ebpf-pid----5707----pid-5476
---ebpf-pid----5707----pid-1
---ebpf-pid----5707----pid-5707
---ebpf-pid----5707----pid-5476
---ebpf-pid----5707----pid-1
---ebpf-pid----5707----pid-5707
---ebpf-pid----5707----pid-5476
---ebpf-pid----5707----pid-1
---ebpf-pid----5707----pid-5707
---ebpf-pid----5707----pid-5476
---ebpf-pid----5707----pid-1
---ebpf-pid----5707----pid-5707
---ebpf-pid----5707----pid-5476
---ebpf-pid----5707----pid-1
---ebpf-pid----5707----pid-5707
---ebpf-pid----5707----pid-5476
---ebpf-pid----5707----pid-1
---ebpf-pid----5707----pid-5707
---ebpf-pid----5707----pid-5476
---ebpf-pid----5707----pid-1
---ebpf-pid----5707----pid-5707
---ebpf-pid----5707----pid-5476
---ebpf-pid----5707----pid-1
---ebpf-pid----5707----pid-5707
---ebpf-pid----5707----pid-5476
---ebpf-pid----5707----pid-1
---ebpf-pid----5707----pid-5707
---ebpf-pid----5707----pid-5476
---ebpf-pid----5707----pid-1
---ebpf-pid----5707----pid-5707
---ebpf-pid----5707----pid-5476
---ebpf-pid----5707----pid-1
---ebpf-pid----5707----pid-5707
---ebpf-pid----5707----pid-5476
---ebpf-pid----5707----pid-1
---ebpf-pid----5707----pid-5707
---ebpf-pid----5707----pid-5476
---ebpf-pid----5707----pid-1
---ebpf-pid----5707----pid-5707
---ebpf-pid----5707----pid-5476
---ebpf-pid----5707----pid-1
---ebpf-pid----5707----pid-5707
---ebpf-pid----5707----pid-5476
---ebpf-pid----5707----pid-1
---ebpf-pid----5707----pid-5707
---ebpf-pid----5707----pid-5476
---ebpf-pid----5707----pid-1
---ebpf-pid----5707----pid-5707
---ebpf-pid----5707----pid-5476
---ebpf-pid----5707----pid-1
---ebpf-pid----5707----pid-5707
---ebpf-pid----5707----pid-5476
---ebpf-pid----5707----pid-1
---ebpf-pid----5707----pid-5707
---ebpf-pid----5707----pid-5476
---ebpf-pid----5707----pid-1
---ebpf-pid----5707----pid-5707
---ebpf-pid----5707----pid-5476
---ebpf-pid----5707----pid-1
---ebpf-pid----5707----pid-5707
---ebpf-pid----5707----pid-5476
---ebpf-pid----5707----pid-1
---ebpf-pid----5707----pid-5707
---ebpf-pid----5707----pid-5476
---ebpf-pid----5707----pid-1
---ebpf-pid----5707----pid-5707
---ebpf-pid----5707----pid-5476
---ebpf-pid----5707----pid-1
---ebpf-pid----2012----pid-2012
---ebpf-pid----2012----pid-1
---ebpf-pid----2012----pid-2012
---ebpf-pid----2012----pid-1
---ebpf-pid----2012----pid-2012
---ebpf-pid----2012----pid-1
---ebpf-pid----2012----pid-2012
---ebpf-pid----2012----pid-1
---ebpf-pid----2012----pid-2012
---ebpf-pid----2012----pid-1
---ebpf-pid----2012----pid-2012
---ebpf-pid----2012----pid-1
---ebpf-pid----2012----pid-2012
---ebpf-pid----2012----pid-1
---ebpf-pid----2012----pid-2012
---ebpf-pid----2012----pid-1
---ebpf-pid----2012----pid-2012
---ebpf-pid----2012----pid-1
---ebpf-pid----2012----pid-2012
---ebpf-pid----2012----pid-1
---ebpf-pid----2012----pid-2012
---ebpf-pid----2012----pid-1
---ebpf-pid----2012----pid-2012
---ebpf-pid----2012----pid-1
---ebpf-pid----2012----pid-2012
---ebpf-pid----2012----pid-1
---ebpf-pid----2012----pid-2012
---ebpf-pid----2012----pid-1
---ebpf-pid----2012----pid-2012
---ebpf-pid----2012----pid-1
---ebpf-pid----2012----pid-2012
---ebpf-pid----2012----pid-1
---ebpf-pid----2012----pid-2012
---ebpf-pid----2012----pid-1
---ebpf-pid----2012----pid-2012
---ebpf-pid----2012----pid-1
---ebpf-pid----2012----pid-2012
---ebpf-pid----2012----pid-1
---ebpf-pid----2012----pid-2012
---ebpf-pid----2012----pid-1
---ebpf-pid----2012----pid-2012
---ebpf-pid----2012----pid-1
---ebpf-pid----2012----pid-2012
---ebpf-pid----2012----pid-1
---ebpf-pid----2012----pid-2012
---ebpf-pid----2012----pid-1
---ebpf-pid----2012----pid-2012
---ebpf-pid----2012----pid-1
---ebpf-pid----2012----pid-2012
---ebpf-pid----2012----pid-1
---ebpf-pid----2012----pid-2012
---ebpf-pid----2012----pid-1
---ebpf-pid----2012----pid-2012
---ebpf-pid----2012----pid-1
---ebpf-pid----2012----pid-2012
---ebpf-pid----2012----pid-1
---ebpf-pid----2012----pid-2012
---ebpf-pid----2012----pid-1
---ebpf-pid----2012----pid-2012
---ebpf-pid----2012----pid-1
---ebpf-pid----2012----pid-2012
---ebpf-pid----2012----pid-1
---ebpf-pid----2012----pid-2012
---ebpf-pid----2012----pid-1
---ebpf-pid----2012----pid-2012
---ebpf-pid----2012----pid-1
---ebpf-pid----2012----pid-2012
---ebpf-pid----2012----pid-1
---ebpf-pid----2012----pid-2012
---ebpf-pid----2012----pid-1
---ebpf-pid----2012----pid-2012
---ebpf-pid----2012----pid-1
---ebpf-pid----2012----pid-2012
---ebpf-pid----2012----pid-1
---ebpf-pid----2012----pid-2012
---ebpf-pid----2012----pid-1
---ebpf-pid----2012----pid-2012
---ebpf-pid----2012----pid-1
---ebpf-pid----2012----pid-2012
---ebpf-pid----2012----pid-1
---ebpf-pid----2012----pid-2012
---ebpf-pid----2012----pid-1
---ebpf-pid----2012----pid-2012
---ebpf-pid----2012----pid-1
---ebpf-pid----2012----pid-2012
---ebpf-pid----2012----pid-1
---ebpf-pid----2012----pid-2012
---ebpf-pid----2012----pid-1
---ebpf-pid----2012----pid-2012
---ebpf-pid----2012----pid-1
---ebpf-pid----2012----pid-2012
---ebpf-pid----2012----pid-1
---ebpf-pid----2012----pid-2012
---ebpf-pid----2012----pid-1
---ebpf-pid----2012----pid-2012
---ebpf-pid----2012----pid-1
---ebpf-pid----2012----pid-2012
---ebpf-pid----2012----pid-1
---ebpf-pid----2012----pid-2012
---ebpf-pid----2012----pid-1
---ebpf-pid----2012----pid-2012
---ebpf-pid----2012----pid-1
---ebpf-pid----2012----pid-2012
---ebpf-pid----2012----pid-1
---ebpf-pid----2012----pid-2012
---ebpf-pid----2012----pid-1
---ebpf-pid----2012----pid-2012
---ebpf-pid----2012----pid-1
---ebpf-pid----2012----pid-2012
---ebpf-pid----2012----pid-1
---ebpf-pid----2012----pid-2012
---ebpf-pid----2012----pid-1
---ebpf-pid----2012----pid-2012
---ebpf-pid----2012----pid-1
---ebpf-pid----2012----pid-2012
---ebpf-pid----2012----pid-1
---ebpf-pid----2012----pid-2012
---ebpf-pid----2012----pid-1
---ebpf-pid----2012----pid-2012
---ebpf-pid----2012----pid-1
---ebpf-pid----2012----pid-2012
---ebpf-pid----2012----pid-1
---ebpf-pid----2012----pid-2012
---ebpf-pid----2012----pid-1
---ebpf-pid----2012----pid-2012
---ebpf-pid----2012----pid-1
---ebpf-pid----5705----pid-5705
---ebpf-pid----5705----pid-5476
---ebpf-pid----5705----pid-1
---ebpf-pid----5705----pid-5705
---ebpf-pid----5705----pid-5476
---ebpf-pid----5705----pid-1
---ebpf-pid----5705----pid-5705
---ebpf-pid----5705----pid-5476
---ebpf-pid----5705----pid-1
---ebpf-pid----5705----pid-5705
---ebpf-pid----5705----pid-5476
---ebpf-pid----5705----pid-1
---ebpf-pid----5705----pid-5705
---ebpf-pid----5705----pid-5476
---ebpf-pid----5705----pid-1
---ebpf-pid----5705----pid-5705
---ebpf-pid----5705----pid-5476
---ebpf-pid----5705----pid-1
---ebpf-pid----5705----pid-5705
---ebpf-pid----5705----pid-5476
---ebpf-pid----5705----pid-1
---ebpf-pid----5705----pid-5705
---ebpf-pid----5705----pid-5476
---ebpf-pid----5705----pid-1
---ebpf-pid----5705----pid-5705
---ebpf-pid----5705----pid-5476
---ebpf-pid----5705----pid-1
---ebpf-pid----5705----pid-5705
---ebpf-pid----5705----pid-5476
---ebpf-pid----5705----pid-1
---ebpf-pid----5705----pid-5705
---ebpf-pid----5705----pid-5476
---ebpf-pid----5705----pid-1
---ebpf-pid----372881----pid-372881
---ebpf-pid----372881----pid-1
---ebpf-pid----372881----pid-372881
---ebpf-pid----372881----pid-1
---ebpf-pid----372881----pid-372881
---ebpf-pid----372881----pid-1
---ebpf-pid----372881----pid-372881
---ebpf-pid----372881----pid-1
---ebpf-pid----372881----pid-372881
---ebpf-pid----372881----pid-1
---ebpf-pid----372881----pid-372881
---ebpf-pid----372881----pid-1
---ebpf-pid----372881----pid-372881
---ebpf-pid----372881----pid-1
---ebpf-pid----372881----pid-372881
---ebpf-pid----372881----pid-1
---ebpf-pid----372881----pid-372881
---ebpf-pid----372881----pid-1
---ebpf-pid----5705----pid-5705
---ebpf-pid----5705----pid-5476
---ebpf-pid----5705----pid-1
---ebpf-pid----5705----pid-5705
---ebpf-pid----5705----pid-5476
---ebpf-pid----5705----pid-1
---ebpf-pid----5705----pid-5705
---ebpf-pid----5705----pid-5476
---ebpf-pid----5705----pid-1
---ebpf-pid----5705----pid-5705
---ebpf-pid----5705----pid-5476
---ebpf-pid----5705----pid-1
---ebpf-pid----5705----pid-5705
---ebpf-pid----5705----pid-5476
---ebpf-pid----5705----pid-1
---ebpf-pid----5705----pid-5705
---ebpf-pid----5705----pid-5476
---ebpf-pid----5705----pid-1
---ebpf-pid----5705----pid-5705
---ebpf-pid----5705----pid-5476
---ebpf-pid----5705----pid-1
---ebpf-pid----5705----pid-5705
---ebpf-pid----5705----pid-5476
---ebpf-pid----5705----pid-1
---ebpf-pid----5705----pid-5705
---ebpf-pid----5705----pid-5476
---ebpf-pid----5705----pid-1
---ebpf-pid----372881----pid-372881
---ebpf-pid----372881----pid-1
---ebpf-pid----372881----pid-372881
---ebpf-pid----372881----pid-1
---ebpf-pid----372881----pid-372881
---ebpf-pid----372881----pid-1
---ebpf-pid----372881----pid-372881
---ebpf-pid----372881----pid-1
---ebpf-pid----372881----pid-372881
---ebpf-pid----372881----pid-1
---ebpf-pid----372881----pid-372881
---ebpf-pid----372881----pid-1
---ebpf-pid----372881----pid-372881
---ebpf-pid----372881----pid-1
---ebpf-pid----372881----pid-372881
---ebpf-pid----372881----pid-1
---ebpf-pid----372881----pid-372881
---ebpf-pid----372881----pid-1
---ebpf-pid----7313----pid-7313
---ebpf-pid----7313----pid-1
---ebpf-pid----2088----pid-2088
---ebpf-pid----2088----pid-1
---ebpf-pid----2088----pid-2088
---ebpf-pid----2088----pid-1
---ebpf-pid----2088----pid-2088
---ebpf-pid----2088----pid-1
---ebpf-pid----2088----pid-2088
---ebpf-pid----2088----pid-1
---ebpf-pid----2088----pid-2088
---ebpf-pid----2088----pid-1
---ebpf-pid----2088----pid-2088
---ebpf-pid----2088----pid-1
---ebpf-pid----2088----pid-2088
---ebpf-pid----2088----pid-1
---ebpf-pid----2088----pid-2088
---ebpf-pid----2088----pid-1
---ebpf-pid----2088----pid-2088
---ebpf-pid----2088----pid-1
---ebpf-pid----2088----pid-2088
---ebpf-pid----2088----pid-1
---ebpf-pid----2088----pid-2088
---ebpf-pid----2088----pid-1
---ebpf-pid----2088----pid-2088
---ebpf-pid----2088----pid-1
---ebpf-pid----2088----pid-2088
---ebpf-pid----2088----pid-1
---ebpf-pid----2088----pid-2088
---ebpf-pid----2088----pid-1
---ebpf-pid----2088----pid-2088
---ebpf-pid----2088----pid-1
---ebpf-pid----2088----pid-2088
---ebpf-pid----2088----pid-1
---ebpf-pid----2088----pid-2088
---ebpf-pid----2088----pid-1
---ebpf-pid----5705----pid-5705
---ebpf-pid----5705----pid-5476
---ebpf-pid----5705----pid-1
---ebpf-pid----5705----pid-5705
---ebpf-pid----5705----pid-5476
---ebpf-pid----5705----pid-1
---ebpf-pid----5705----pid-5705
---ebpf-pid----5705----pid-5476
---ebpf-pid----5705----pid-1
---ebpf-pid----5705----pid-5705
---ebpf-pid----5705----pid-5476
---ebpf-pid----5705----pid-1
---ebpf-pid----5705----pid-5705
---ebpf-pid----5705----pid-5476
---ebpf-pid----5705----pid-1
---ebpf-pid----5705----pid-5705
---ebpf-pid----5705----pid-5476
---ebpf-pid----5705----pid-1
---ebpf-pid----5705----pid-5705
---ebpf-pid----5705----pid-5476
---ebpf-pid----5705----pid-1
---ebpf-pid----5705----pid-5705
---ebpf-pid----5705----pid-5476
---ebpf-pid----5705----pid-1
---ebpf-pid----5705----pid-5705
---ebpf-pid----5705----pid-5476
---ebpf-pid----5705----pid-1
---ebpf-pid----372881----pid-372881
---ebpf-pid----372881----pid-1
---ebpf-pid----7313----pid-7313
---ebpf-pid----7313----pid-1
---ebpf-pid----7313----pid-7313
---ebpf-pid----7313----pid-1
---ebpf-pid----2089----pid-2089
---ebpf-pid----2089----pid-1
---ebpf-pid----2089----pid-2089
---ebpf-pid----2089----pid-1
---ebpf-pid----2089----pid-2089
---ebpf-pid----2089----pid-1
---ebpf-pid----2089----pid-2089
---ebpf-pid----2089----pid-1
---ebpf-pid----2089----pid-2089
---ebpf-pid----2089----pid-1
---ebpf-pid----2089----pid-2089
---ebpf-pid----2089----pid-1
---ebpf-pid----379067----pid-379067
---ebpf-pid----379067----pid-5476
---ebpf-pid----379067----pid-1
---ebpf-pid----379067----pid-379067
---ebpf-pid----379067----pid-5476
---ebpf-pid----379067----pid-1
---ebpf-pid----5638----pid-5638
---ebpf-pid----5638----pid-1
---ebpf-pid----379067----pid-379067
---ebpf-pid----379067----pid-5476
---ebpf-pid----379067----pid-1
---ebpf-pid----379067----pid-379067
---ebpf-pid----379067----pid-5476
---ebpf-pid----379067----pid-1
---ebpf-pid----2089----pid-2089
---ebpf-pid----2089----pid-1
---ebpf-pid----379067----pid-379067
---ebpf-pid----379067----pid-5476
---ebpf-pid----379067----pid-1
---ebpf-pid----379067----pid-379067
---ebpf-pid----379067----pid-5476
---ebpf-pid----379067----pid-1
---ebpf-pid----379067----pid-379067
---ebpf-pid----379067----pid-5476
---ebpf-pid----379067----pid-1
---ebpf-pid----5614----pid-5614
---ebpf-pid----5614----pid-1
---ebpf-pid----5614----pid-5614
---ebpf-pid----5614----pid-1
---ebpf-pid----379067----pid-379067
---ebpf-pid----379067----pid-5476
---ebpf-pid----379067----pid-1
---ebpf-pid----379067----pid-379067
---ebpf-pid----379067----pid-5476
---ebpf-pid----379067----pid-1
---ebpf-pid----379067----pid-379067
---ebpf-pid----379067----pid-5476
---ebpf-pid----379067----pid-1
---ebpf-pid----379067----pid-379067
---ebpf-pid----379067----pid-5476
---ebpf-pid----379067----pid-1
---ebpf-pid----379067----pid-379067
---ebpf-pid----379067----pid-5476
---ebpf-pid----379067----pid-1
---ebpf-pid----379067----pid-379067
---ebpf-pid----379067----pid-5476
---ebpf-pid----379067----pid-1
---ebpf-pid----379067----pid-379067
---ebpf-pid----379067----pid-5476
---ebpf-pid----379067----pid-1
---ebpf-pid----2012----pid-2012
---ebpf-pid----2012----pid-1
---ebpf-pid----2012----pid-2012
---ebpf-pid----2012----pid-1
---ebpf-pid----379067----pid-379067
---ebpf-pid----379067----pid-5476
---ebpf-pid----379067----pid-1
---ebpf-pid----379067----pid-379067
---ebpf-pid----379067----pid-5476
---ebpf-pid----379067----pid-1
---ebpf-pid----379067----pid-379067
---ebpf-pid----379067----pid-5476
---ebpf-pid----379067----pid-1
---ebpf-pid----379067----pid-379067
---ebpf-pid----379067----pid-5476
---ebpf-pid----379067----pid-1
---ebpf-pid----379067----pid-379067
---ebpf-pid----379067----pid-5476
---ebpf-pid----379067----pid-1
---ebpf-pid----379067----pid-379067
---ebpf-pid----379067----pid-5476
---ebpf-pid----379067----pid-1
---ebpf-pid----379067----pid-379067
---ebpf-pid----379067----pid-5476
---ebpf-pid----379067----pid-1
---ebpf-pid----379067----pid-379067
---ebpf-pid----379067----pid-5476
---ebpf-pid----379067----pid-1
---ebpf-pid----379067----pid-379067
---ebpf-pid----379067----pid-5476
---ebpf-pid----379067----pid-1
---ebpf-pid----379067----pid-379067
---ebpf-pid----379067----pid-5476
---ebpf-pid----379067----pid-1
---ebpf-pid----379067----pid-379067
---ebpf-pid----379067----pid-5476
---ebpf-pid----379067----pid-1
---ebpf-pid----379067----pid-379067
---ebpf-pid----379067----pid-5476
---ebpf-pid----379067----pid-1
---ebpf-pid----379067----pid-379067
---ebpf-pid----379067----pid-5476
---ebpf-pid----379067----pid-1
---ebpf-pid----379067----pid-379067
---ebpf-pid----379067----pid-5476
---ebpf-pid----379067----pid-1
---ebpf-pid----379067----pid-379067
---ebpf-pid----379067----pid-5476
---ebpf-pid----379067----pid-1
---ebpf-pid----379067----pid-379067
---ebpf-pid----379067----pid-5476
---ebpf-pid----379067----pid-1
---ebpf-pid----379067----pid-379067
---ebpf-pid----379067----pid-5476
---ebpf-pid----379067----pid-1
---ebpf-pid----6671----pid-6671
---ebpf-pid----6671----pid-5476
---ebpf-pid----6671----pid-1
---ebpf-pid----6671----pid-6671
---ebpf-pid----6671----pid-5476
---ebpf-pid----6671----pid-1
---ebpf-pid----6671----pid-6671
---ebpf-pid----6671----pid-5476
---ebpf-pid----6671----pid-1
---ebpf-pid----6671----pid-6671
---ebpf-pid----6671----pid-5476
---ebpf-pid----6671----pid-1
---ebpf-pid----6671----pid-6671
---ebpf-pid----6671----pid-5476
---ebpf-pid----6671----pid-1
---ebpf-pid----6671----pid-6671
---ebpf-pid----6671----pid-5476
---ebpf-pid----6671----pid-1
---ebpf-pid----6671----pid-6671
---ebpf-pid----6671----pid-5476
---ebpf-pid----6671----pid-1
---ebpf-pid----6671----pid-6671
---ebpf-pid----6671----pid-5476
---ebpf-pid----6671----pid-1
---ebpf-pid----6671----pid-6671
---ebpf-pid----6671----pid-5476
---ebpf-pid----6671----pid-1
---ebpf-pid----6671----pid-6671
---ebpf-pid----6671----pid-5476
---ebpf-pid----6671----pid-1
---ebpf-pid----6671----pid-6671
---ebpf-pid----6671----pid-5476
---ebpf-pid----6671----pid-1
---ebpf-pid----6671----pid-6671
---ebpf-pid----6671----pid-5476
---ebpf-pid----6671----pid-1
---ebpf-pid----6671----pid-6671
---ebpf-pid----6671----pid-5476
---ebpf-pid----6671----pid-1
---ebpf-pid----6671----pid-6671
---ebpf-pid----6671----pid-5476
---ebpf-pid----6671----pid-1
---ebpf-pid----5705----pid-5705
---ebpf-pid----5705----pid-5476
---ebpf-pid----5705----pid-1
---ebpf-pid----6671----pid-6671
---ebpf-pid----6671----pid-5476
---ebpf-pid----6671----pid-1
---ebpf-pid----6671----pid-6671
---ebpf-pid----6671----pid-5476
---ebpf-pid----6671----pid-1
---ebpf-pid----5614----pid-5614
---ebpf-pid----5614----pid-1
---ebpf-pid----2012----pid-2012
---ebpf-pid----2012----pid-1
---ebpf-pid----6671----pid-6671
---ebpf-pid----6671----pid-5476
---ebpf-pid----6671----pid-1
---ebpf-pid----6671----pid-6671
---ebpf-pid----6671----pid-5476
---ebpf-pid----6671----pid-1
---ebpf-pid----6671----pid-6671
---ebpf-pid----6671----pid-5476
---ebpf-pid----6671----pid-1
---ebpf-pid----6671----pid-6671
---ebpf-pid----6671----pid-5476
---ebpf-pid----6671----pid-1
---ebpf-pid----6671----pid-6671
---ebpf-pid----6671----pid-5476
---ebpf-pid----6671----pid-1
---ebpf-pid----6671----pid-6671
---ebpf-pid----6671----pid-5476
---ebpf-pid----6671----pid-1
---ebpf-pid----6671----pid-6671
---ebpf-pid----6671----pid-5476
---ebpf-pid----6671----pid-1
---ebpf-pid----6671----pid-6671
---ebpf-pid----6671----pid-5476
---ebpf-pid----6671----pid-1
---ebpf-pid----6671----pid-6671
---ebpf-pid----6671----pid-5476
---ebpf-pid----6671----pid-1
---ebpf-pid----6671----pid-6671
---ebpf-pid----6671----pid-5476
---ebpf-pid----6671----pid-1
---ebpf-pid----6671----pid-6671
---ebpf-pid----6671----pid-5476
---ebpf-pid----6671----pid-1
---ebpf-pid----6671----pid-6671
---ebpf-pid----6671----pid-5476
---ebpf-pid----6671----pid-1
---ebpf-pid----6671----pid-6671
---ebpf-pid----6671----pid-5476
---ebpf-pid----6671----pid-1
---ebpf-pid----6671----pid-6671
---ebpf-pid----6671----pid-5476
---ebpf-pid----6671----pid-1
---ebpf-pid----6671----pid-6671
---ebpf-pid----6671----pid-5476
---ebpf-pid----6671----pid-1
---ebpf-pid----6671----pid-6671
---ebpf-pid----6671----pid-5476
---ebpf-pid----6671----pid-1
---ebpf-pid----6671----pid-6671
---ebpf-pid----6671----pid-5476
---ebpf-pid----6671----pid-1
---ebpf-pid----6671----pid-6671
---ebpf-pid----6671----pid-5476
---ebpf-pid----6671----pid-1
---ebpf-pid----372881----pid-372881
---ebpf-pid----372881----pid-1
---ebpf-pid----372881----pid-372881
---ebpf-pid----372881----pid-1
---ebpf-pid----372881----pid-372881
---ebpf-pid----372881----pid-1
---ebpf-pid----372881----pid-372881
---ebpf-pid----372881----pid-1
---ebpf-pid----372881----pid-372881
---ebpf-pid----372881----pid-1
---ebpf-pid----372881----pid-372881
---ebpf-pid----372881----pid-1
---ebpf-pid----372881----pid-372881
---ebpf-pid----372881----pid-1
---ebpf-pid----372881----pid-372881
---ebpf-pid----372881----pid-1
---ebpf-pid----372881----pid-372881
---ebpf-pid----372881----pid-1
---ebpf-pid----372881----pid-372881
---ebpf-pid----372881----pid-1
---ebpf-pid----2089----pid-2089
---ebpf-pid----2089----pid-1
---ebpf-pid----7313----pid-7313
---ebpf-pid----7313----pid-1
---ebpf-pid----7313----pid-7313
---ebpf-pid----7313----pid-1
---ebpf-pid----7313----pid-7313
---ebpf-pid----7313----pid-1
---ebpf-pid----2089----pid-2089
---ebpf-pid----2089----pid-1
---ebpf-pid----2089----pid-2089
---ebpf-pid----2089----pid-1
---ebpf-pid----2089----pid-2089
---ebpf-pid----2089----pid-1
---ebpf-pid----2089----pid-2089
---ebpf-pid----2089----pid-1
---ebpf-pid----2089----pid-2089
---ebpf-pid----2089----pid-1
---ebpf-pid----2089----pid-2089
---ebpf-pid----2089----pid-1
---ebpf-pid----2089----pid-2089
---ebpf-pid----2089----pid-1
---ebpf-pid----2089----pid-2089
---ebpf-pid----2089----pid-1
---ebpf-pid----2089----pid-2089
---ebpf-pid----2089----pid-1
---ebpf-pid----2089----pid-2089
---ebpf-pid----2089----pid-1
---ebpf-pid----2089----pid-2089
---ebpf-pid----2089----pid-1
---ebpf-pid----2089----pid-2089
---ebpf-pid----2089----pid-1
---ebpf-pid----2089----pid-2089
---ebpf-pid----2089----pid-1
---ebpf-pid----2089----pid-2089
---ebpf-pid----2089----pid-1
---ebpf-pid----2089----pid-2089
---ebpf-pid----2089----pid-1
---ebpf-pid----5705----pid-5705
---ebpf-pid----5705----pid-5476
---ebpf-pid----5705----pid-1
---ebpf-pid----6671----pid-6671
---ebpf-pid----6671----pid-5476
---ebpf-pid----6671----pid-1
---ebpf-pid----5707----pid-5707
---ebpf-pid----5707----pid-5476
---ebpf-pid----5707----pid-1
---ebpf-pid----5707----pid-5707
---ebpf-pid----5707----pid-5476
---ebpf-pid----5707----pid-1
---ebpf-pid----5705----pid-5705
---ebpf-pid----5705----pid-5476
---ebpf-pid----5705----pid-1
---ebpf-pid----5707----pid-5707
---ebpf-pid----5707----pid-5476
---ebpf-pid----5707----pid-1
---ebpf-pid----5707----pid-5707
---ebpf-pid----5707----pid-5476
---ebpf-pid----5707----pid-1
---ebpf-pid----5707----pid-5707
---ebpf-pid----5707----pid-5476
---ebpf-pid----5707----pid-1
---ebpf-pid----5707----pid-5707
---ebpf-pid----5707----pid-5476
---ebpf-pid----5707----pid-1
---ebpf-pid----5707----pid-5707
---ebpf-pid----5707----pid-5476
---ebpf-pid----5707----pid-1
---ebpf-pid----5614----pid-5614
---ebpf-pid----5614----pid-1
---ebpf-pid----372714----pid-372714
---ebpf-pid----372714----pid-5476
---ebpf-pid----372714----pid-1
---ebpf-pid----372714----pid-372714
---ebpf-pid----372714----pid-5476
---ebpf-pid----372714----pid-1
---ebpf-pid----372714----pid-372714
---ebpf-pid----372714----pid-5476
---ebpf-pid----372714----pid-1
---ebpf-pid----2012----pid-2012
---ebpf-pid----2012----pid-1
---ebpf-pid----372714----pid-372714
---ebpf-pid----372714----pid-5476
---ebpf-pid----372714----pid-1
---ebpf-pid----372714----pid-372714
---ebpf-pid----372714----pid-5476
---ebpf-pid----372714----pid-1
---ebpf-pid----5614----pid-5614
---ebpf-pid----5614----pid-1
---ebpf-pid----372714----pid-372714
---ebpf-pid----372714----pid-5476
---ebpf-pid----372714----pid-1
---ebpf-pid----372714----pid-372714
---ebpf-pid----372714----pid-5476
---ebpf-pid----372714----pid-1
---ebpf-pid----372714----pid-372714
---ebpf-pid----372714----pid-5476
---ebpf-pid----372714----pid-1
---ebpf-pid----372714----pid-372714
---ebpf-pid----372714----pid-5476
---ebpf-pid----372714----pid-1
---ebpf-pid----372714----pid-372714
---ebpf-pid----372714----pid-5476
---ebpf-pid----372714----pid-1
---ebpf-pid----372714----pid-372714
---ebpf-pid----372714----pid-5476
---ebpf-pid----372714----pid-1
---ebpf-pid----372714----pid-372714
---ebpf-pid----372714----pid-5476
---ebpf-pid----372714----pid-1
---ebpf-pid----372714----pid-372714
---ebpf-pid----372714----pid-5476
---ebpf-pid----372714----pid-1
---ebpf-pid----372714----pid-372714
---ebpf-pid----372714----pid-5476
---ebpf-pid----372714----pid-1
---ebpf-pid----372714----pid-372714
---ebpf-pid----372714----pid-5476
---ebpf-pid----372714----pid-1
---ebpf-pid----372714----pid-372714
---ebpf-pid----372714----pid-5476
---ebpf-pid----372714----pid-1
---ebpf-pid----372714----pid-372714
---ebpf-pid----372714----pid-5476
---ebpf-pid----372714----pid-1
---ebpf-pid----372714----pid-372714
---ebpf-pid----372714----pid-5476
---ebpf-pid----372714----pid-1
---ebpf-pid----372714----pid-372714
---ebpf-pid----372714----pid-5476
---ebpf-pid----372714----pid-1
---ebpf-pid----372714----pid-372714
---ebpf-pid----372714----pid-5476
---ebpf-pid----372714----pid-1
---ebpf-pid----372714----pid-372714
---ebpf-pid----372714----pid-5476
---ebpf-pid----372714----pid-1
---ebpf-pid----372714----pid-372714
---ebpf-pid----372714----pid-5476
---ebpf-pid----372714----pid-1
---ebpf-pid----372714----pid-372714
---ebpf-pid----372714----pid-5476
---ebpf-pid----372714----pid-1
---ebpf-pid----372714----pid-372714
---ebpf-pid----372714----pid-5476
---ebpf-pid----372714----pid-1
---ebpf-pid----372714----pid-372714
---ebpf-pid----372714----pid-5476
---ebpf-pid----372714----pid-1
---ebpf-pid----372714----pid-372714
---ebpf-pid----372714----pid-5476
---ebpf-pid----372714----pid-1
---ebpf-pid----372714----pid-372714
---ebpf-pid----372714----pid-5476
---ebpf-pid----372714----pid-1
---ebpf-pid----372714----pid-372714
---ebpf-pid----372714----pid-5476
---ebpf-pid----372714----pid-1
---ebpf-pid----372714----pid-372714
---ebpf-pid----372714----pid-5476
---ebpf-pid----372714----pid-1
---ebpf-pid----372714----pid-372714
---ebpf-pid----372714----pid-5476
---ebpf-pid----372714----pid-1
---ebpf-pid----372714----pid-372714
---ebpf-pid----372714----pid-5476
---ebpf-pid----372714----pid-1
---ebpf-pid----372714----pid-372714
---ebpf-pid----372714----pid-5476
---ebpf-pid----372714----pid-1
---ebpf-pid----372714----pid-372714
---ebpf-pid----372714----pid-5476
---ebpf-pid----372714----pid-1
---ebpf-pid----372714----pid-372714
---ebpf-pid----372714----pid-5476
---ebpf-pid----372714----pid-1
---ebpf-pid----372714----pid-372714
---ebpf-pid----372714----pid-5476
---ebpf-pid----372714----pid-1
---ebpf-pid----372714----pid-372714
---ebpf-pid----372714----pid-5476
---ebpf-pid----372714----pid-1
---ebpf-pid----372714----pid-372714
---ebpf-pid----372714----pid-5476
---ebpf-pid----372714----pid-1
---ebpf-pid----372714----pid-372714
---ebpf-pid----372714----pid-5476
---ebpf-pid----372714----pid-1
---ebpf-pid----372714----pid-372714
---ebpf-pid----372714----pid-5476
---ebpf-pid----372714----pid-1
---ebpf-pid----372714----pid-372714
---ebpf-pid----372714----pid-5476
---ebpf-pid----372714----pid-1
---ebpf-pid----372714----pid-372714
---ebpf-pid----372714----pid-5476
---ebpf-pid----372714----pid-1
---ebpf-pid----372714----pid-372714
---ebpf-pid----372714----pid-5476
---ebpf-pid----372714----pid-1
---ebpf-pid----372714----pid-372714
---ebpf-pid----372714----pid-5476
---ebpf-pid----372714----pid-1
---ebpf-pid----5614----pid-5614
---ebpf-pid----5614----pid-1
---ebpf-pid----372714----pid-372714
---ebpf-pid----372714----pid-5476
---ebpf-pid----372714----pid-1
---ebpf-pid----372714----pid-372714
---ebpf-pid----372714----pid-5476
---ebpf-pid----372714----pid-1
---ebpf-pid----2089----pid-2089
---ebpf-pid----2089----pid-1
---ebpf-pid----2089----pid-2089
---ebpf-pid----2089----pid-1
---ebpf-pid----2089----pid-2089
---ebpf-pid----2089----pid-1
---ebpf-pid----2089----pid-2089
---ebpf-pid----2089----pid-1
---ebpf-pid----2089----pid-2089
---ebpf-pid----2089----pid-1
---ebpf-pid----2089----pid-2089
---ebpf-pid----2089----pid-1
---ebpf-pid----2089----pid-2089
---ebpf-pid----2089----pid-1
---ebpf-pid----2089----pid-2089
---ebpf-pid----2089----pid-1
---ebpf-pid----2089----pid-2089
---ebpf-pid----2089----pid-1
---ebpf-pid----2089----pid-2089
---ebpf-pid----2089----pid-1
---ebpf-pid----2089----pid-2089
---ebpf-pid----2089----pid-1
---ebpf-pid----2089----pid-2089
---ebpf-pid----2089----pid-1
---ebpf-pid----2089----pid-2089
---ebpf-pid----2089----pid-1
---ebpf-pid----2089----pid-2089
---ebpf-pid----2089----pid-1
---ebpf-pid----2089----pid-2089
---ebpf-pid----2089----pid-1
---ebpf-pid----2089----pid-2089
---ebpf-pid----2089----pid-1
---ebpf-pid----2089----pid-2089
---ebpf-pid----2089----pid-1
---ebpf-pid----2089----pid-2089
---ebpf-pid----2089----pid-1
---ebpf-pid----2089----pid-2089
---ebpf-pid----2089----pid-1
---ebpf-pid----2089----pid-2089
---ebpf-pid----2089----pid-1
---ebpf-pid----2089----pid-2089
---ebpf-pid----2089----pid-1
---ebpf-pid----2089----pid-2089
---ebpf-pid----2089----pid-1
---ebpf-pid----2089----pid-2089
---ebpf-pid----2089----pid-1
---ebpf-pid----2089----pid-2089
---ebpf-pid----2089----pid-1
---ebpf-pid----2089----pid-2089
---ebpf-pid----2089----pid-1
---ebpf-pid----2089----pid-2089
---ebpf-pid----2089----pid-1
---ebpf-pid----2089----pid-2089
---ebpf-pid----2089----pid-1
---ebpf-pid----2089----pid-2089
---ebpf-pid----2089----pid-1
---ebpf-pid----2089----pid-2089
---ebpf-pid----2089----pid-1
---ebpf-pid----2089----pid-2089
---ebpf-pid----2089----pid-1
---ebpf-pid----2089----pid-2089
---ebpf-pid----2089----pid-1
---ebpf-pid----2089----pid-2089
---ebpf-pid----2089----pid-1
---ebpf-pid----372714----pid-372714
---ebpf-pid----372714----pid-5476
---ebpf-pid----372714----pid-1
---ebpf-pid----372714----pid-372714
---ebpf-pid----372714----pid-5476
---ebpf-pid----372714----pid-1
---ebpf-pid----372714----pid-372714
---ebpf-pid----372714----pid-5476
---ebpf-pid----372714----pid-1
---ebpf-pid----372714----pid-372714
---ebpf-pid----372714----pid-5476
---ebpf-pid----372714----pid-1
---ebpf-pid----372714----pid-372714
---ebpf-pid----372714----pid-5476
---ebpf-pid----372714----pid-1
---ebpf-pid----372714----pid-372714
---ebpf-pid----372714----pid-5476
---ebpf-pid----372714----pid-1
---ebpf-pid----372714----pid-372714
---ebpf-pid----372714----pid-5476
---ebpf-pid----372714----pid-1
---ebpf-pid----372714----pid-372714
---ebpf-pid----372714----pid-5476
---ebpf-pid----372714----pid-1
---ebpf-pid----372714----pid-372714
---ebpf-pid----372714----pid-5476
---ebpf-pid----372714----pid-1
---ebpf-pid----372714----pid-372714
---ebpf-pid----372714----pid-5476
---ebpf-pid----372714----pid-1
---ebpf-pid----372714----pid-372714
---ebpf-pid----372714----pid-5476
---ebpf-pid----372714----pid-1
---ebpf-pid----2089----pid-2089
---ebpf-pid----2089----pid-1
---ebpf-pid----372714----pid-372714
---ebpf-pid----372714----pid-5476
---ebpf-pid----372714----pid-1
---ebpf-pid----372714----pid-372714
---ebpf-pid----372714----pid-5476
---ebpf-pid----372714----pid-1
---ebpf-pid----372714----pid-372714
---ebpf-pid----372714----pid-5476
---ebpf-pid----372714----pid-1
---ebpf-pid----372714----pid-372714
---ebpf-pid----372714----pid-5476
---ebpf-pid----372714----pid-1
---ebpf-pid----372714----pid-372714
---ebpf-pid----372714----pid-5476
---ebpf-pid----372714----pid-1
---ebpf-pid----372714----pid-372714
---ebpf-pid----372714----pid-5476
---ebpf-pid----372714----pid-1
---ebpf-pid----372714----pid-372714
---ebpf-pid----372714----pid-5476
---ebpf-pid----372714----pid-1
---ebpf-pid----372714----pid-372714
---ebpf-pid----372714----pid-5476
---ebpf-pid----372714----pid-1
---ebpf-pid----372714----pid-372714
---ebpf-pid----372714----pid-5476
---ebpf-pid----372714----pid-1
---ebpf-pid----372714----pid-372714
---ebpf-pid----372714----pid-5476
---ebpf-pid----372714----pid-1
---ebpf-pid----372714----pid-372714
---ebpf-pid----372714----pid-5476
---ebpf-pid----372714----pid-1
---ebpf-pid----372714----pid-372714
---ebpf-pid----372714----pid-5476
---ebpf-pid----372714----pid-1
---ebpf-pid----372714----pid-372714
---ebpf-pid----372714----pid-5476
---ebpf-pid----372714----pid-1
---ebpf-pid----372714----pid-372714
---ebpf-pid----372714----pid-5476
---ebpf-pid----372714----pid-1
---ebpf-pid----372714----pid-372714
---ebpf-pid----372714----pid-5476
---ebpf-pid----372714----pid-1
---ebpf-pid----372714----pid-372714
---ebpf-pid----372714----pid-5476
---ebpf-pid----372714----pid-1
---ebpf-pid----372881----pid-372881
---ebpf-pid----372881----pid-1
---ebpf-pid----372881----pid-372881
---ebpf-pid----372881----pid-1
---ebpf-pid----372714----pid-372714
---ebpf-pid----372714----pid-5476
---ebpf-pid----372714----pid-1
---ebpf-pid----372714----pid-372714
---ebpf-pid----372714----pid-5476
---ebpf-pid----372714----pid-1
---ebpf-pid----372714----pid-372714
---ebpf-pid----372714----pid-5476
---ebpf-pid----372714----pid-1
---ebpf-pid----372714----pid-372714
---ebpf-pid----372714----pid-5476
---ebpf-pid----372714----pid-1
---ebpf-pid----372714----pid-372714
---ebpf-pid----372714----pid-5476
---ebpf-pid----372714----pid-1
---ebpf-pid----372714----pid-372714
---ebpf-pid----372714----pid-5476
---ebpf-pid----372714----pid-1
---ebpf-pid----372714----pid-372714
---ebpf-pid----372714----pid-5476
---ebpf-pid----372714----pid-1
---ebpf-pid----372714----pid-372714
---ebpf-pid----372714----pid-5476
---ebpf-pid----372714----pid-1
---ebpf-pid----372714----pid-372714
---ebpf-pid----372714----pid-5476
---ebpf-pid----372714----pid-1
---ebpf-pid----372714----pid-372714
---ebpf-pid----372714----pid-5476
---ebpf-pid----372714----pid-1
---ebpf-pid----372714----pid-372714
---ebpf-pid----372714----pid-5476
---ebpf-pid----372714----pid-1
---ebpf-pid----372714----pid-372714
---ebpf-pid----372714----pid-5476
---ebpf-pid----372714----pid-1
---ebpf-pid----372714----pid-372714
---ebpf-pid----372714----pid-5476
---ebpf-pid----372714----pid-1
---ebpf-pid----372714----pid-372714
---ebpf-pid----372714----pid-5476
---ebpf-pid----372714----pid-1
---ebpf-pid----372714----pid-372714
---ebpf-pid----372714----pid-5476
---ebpf-pid----372714----pid-1
---ebpf-pid----372714----pid-372714
---ebpf-pid----372714----pid-5476
---ebpf-pid----372714----pid-1
---ebpf-pid----372714----pid-372714
---ebpf-pid----372714----pid-5476
---ebpf-pid----372714----pid-1
---ebpf-pid----372714----pid-372714
---ebpf-pid----372714----pid-5476
---ebpf-pid----372714----pid-1
---ebpf-pid----372714----pid-372714
---ebpf-pid----372714----pid-5476
---ebpf-pid----372714----pid-1
---ebpf-pid----372714----pid-372714
---ebpf-pid----372714----pid-5476
---ebpf-pid----372714----pid-1
---ebpf-pid----372714----pid-372714
---ebpf-pid----372714----pid-5476
---ebpf-pid----372714----pid-1
---ebpf-pid----372714----pid-372714
---ebpf-pid----372714----pid-5476
---ebpf-pid----372714----pid-1
---ebpf-pid----372714----pid-372714
---ebpf-pid----372714----pid-5476
---ebpf-pid----372714----pid-1
---ebpf-pid----372714----pid-372714
---ebpf-pid----372714----pid-5476
---ebpf-pid----372714----pid-1
---ebpf-pid----372714----pid-372714
---ebpf-pid----372714----pid-5476
---ebpf-pid----372714----pid-1
---ebpf-pid----372714----pid-372714
---ebpf-pid----372714----pid-5476
---ebpf-pid----372714----pid-1
---ebpf-pid----372714----pid-372714
---ebpf-pid----372714----pid-5476
---ebpf-pid----372714----pid-1
---ebpf-pid----372714----pid-372714
---ebpf-pid----372714----pid-5476
---ebpf-pid----372714----pid-1
---ebpf-pid----2088----pid-2088
---ebpf-pid----2088----pid-1
---ebpf-pid----372714----pid-372714
---ebpf-pid----372714----pid-5476
---ebpf-pid----372714----pid-1
---ebpf-pid----372714----pid-372714
---ebpf-pid----372714----pid-5476
---ebpf-pid----372714----pid-1
---ebpf-pid----372714----pid-372714
---ebpf-pid----372714----pid-5476
---ebpf-pid----372714----pid-1
---ebpf-pid----372714----pid-372714
---ebpf-pid----372714----pid-5476
---ebpf-pid----372714----pid-1
---ebpf-pid----372714----pid-372714
---ebpf-pid----372714----pid-5476
---ebpf-pid----372714----pid-1
---ebpf-pid----372714----pid-372714
---ebpf-pid----372714----pid-5476
---ebpf-pid----372714----pid-1
---ebpf-pid----372714----pid-372714
---ebpf-pid----372714----pid-5476
---ebpf-pid----372714----pid-1
---ebpf-pid----372714----pid-372714
---ebpf-pid----372714----pid-5476
---ebpf-pid----372714----pid-1
---ebpf-pid----372714----pid-372714
---ebpf-pid----372714----pid-5476
---ebpf-pid----372714----pid-1
---ebpf-pid----372714----pid-372714
---ebpf-pid----372714----pid-5476
---ebpf-pid----372714----pid-1
---ebpf-pid----372714----pid-372714
---ebpf-pid----372714----pid-5476
---ebpf-pid----372714----pid-1
---ebpf-pid----2088----pid-2088
---ebpf-pid----2088----pid-1
---ebpf-pid----372881----pid-372881
---ebpf-pid----372881----pid-1
---ebpf-pid----372881----pid-372881
---ebpf-pid----372881----pid-1
---ebpf-pid----372881----pid-372881
---ebpf-pid----372881----pid-1
---ebpf-pid----372881----pid-372881
---ebpf-pid----372881----pid-1
---ebpf-pid----372881----pid-372881
---ebpf-pid----372881----pid-1
---ebpf-pid----372881----pid-372881
---ebpf-pid----372881----pid-1
---ebpf-pid----372881----pid-372881
---ebpf-pid----372881----pid-1
---ebpf-pid----372881----pid-372881
---ebpf-pid----372881----pid-1
---ebpf-pid----372881----pid-372881
---ebpf-pid----372881----pid-1
---ebpf-pid----7312----pid-7312
---ebpf-pid----7312----pid-1
---ebpf-pid----7312----pid-7312
---ebpf-pid----7312----pid-1
---ebpf-pid----2088----pid-2088
---ebpf-pid----2088----pid-1
---ebpf-pid----372714----pid-372714
---ebpf-pid----372714----pid-5476
---ebpf-pid----372714----pid-1
---ebpf-pid----372714----pid-372714
---ebpf-pid----372714----pid-5476
---ebpf-pid----372714----pid-1
---ebpf-pid----2088----pid-2088
---ebpf-pid----2088----pid-1
Failed to get process information for PID 0
Failed to get process information for PID 0
Failed to get process information for PID 0
Failed to get process information for PID 0
Failed to get process information for PID 0
Failed to get process information for PID 0
---ebpf-pid----2088----pid-2088
---ebpf-pid----2088----pid-1
---ebpf-pid----2088----pid-2088
---ebpf-pid----2088----pid-1
---ebpf-pid----2088----pid-2088
---ebpf-pid----2088----pid-1
---ebpf-pid----2088----pid-2088
---ebpf-pid----2088----pid-1
---ebpf-pid----5707----pid-5707
---ebpf-pid----5707----pid-5476
---ebpf-pid----5707----pid-1
---ebpf-pid----5707----pid-5707
---ebpf-pid----5707----pid-5476
---ebpf-pid----5707----pid-1
---ebpf-pid----5707----pid-5707
---ebpf-pid----5707----pid-5476
---ebpf-pid----5707----pid-1
---ebpf-pid----2088----pid-2088
---ebpf-pid----2088----pid-1
---ebpf-pid----2088----pid-2088
---ebpf-pid----2088----pid-1
---ebpf-pid----2088----pid-2088
---ebpf-pid----2088----pid-1
---ebpf-pid----2088----pid-2088
---ebpf-pid----2088----pid-1
---ebpf-pid----2088----pid-2088
---ebpf-pid----2088----pid-1
---ebpf-pid----2088----pid-2088
---ebpf-pid----2088----pid-1
---ebpf-pid----2088----pid-2088
---ebpf-pid----2088----pid-1
---ebpf-pid----2088----pid-2088
---ebpf-pid----2088----pid-1
---ebpf-pid----14----pid-14
---ebpf-pid----14----pid-2
---ebpf-pid----14----pid-14
---ebpf-pid----14----pid-2
---ebpf-pid----2088----pid-2088
---ebpf-pid----2088----pid-1
---ebpf-pid----2088----pid-2088
---ebpf-pid----2088----pid-1
---ebpf-pid----2088----pid-2088
---ebpf-pid----2088----pid-1
---ebpf-pid----2088----pid-2088
---ebpf-pid----2088----pid-1
---ebpf-pid----2088----pid-2088
---ebpf-pid----2088----pid-1
---ebpf-pid----2088----pid-2088
---ebpf-pid----2088----pid-1
---ebpf-pid----2088----pid-2088
---ebpf-pid----2088----pid-1
---ebpf-pid----2088----pid-2088
---ebpf-pid----2088----pid-1
---ebpf-pid----2088----pid-2088
---ebpf-pid----2088----pid-1
---ebpf-pid----379067----pid-379067
---ebpf-pid----379067----pid-5476
---ebpf-pid----379067----pid-1
---ebpf-pid----379067----pid-379067
---ebpf-pid----379067----pid-5476
---ebpf-pid----379067----pid-1
---ebpf-pid----379067----pid-379067
---ebpf-pid----379067----pid-5476
---ebpf-pid----379067----pid-1
---ebpf-pid----379067----pid-379067
---ebpf-pid----379067----pid-5476
---ebpf-pid----379067----pid-1
---ebpf-pid----379067----pid-379067
---ebpf-pid----379067----pid-5476
---ebpf-pid----379067----pid-1
---ebpf-pid----379067----pid-379067
---ebpf-pid----379067----pid-5476
---ebpf-pid----379067----pid-1
---ebpf-pid----379067----pid-379067
---ebpf-pid----379067----pid-5476
---ebpf-pid----379067----pid-1
---ebpf-pid----379067----pid-379067
---ebpf-pid----379067----pid-5476
---ebpf-pid----379067----pid-1
---ebpf-pid----379067----pid-379067
---ebpf-pid----379067----pid-5476
---ebpf-pid----379067----pid-1
---ebpf-pid----379067----pid-379067
---ebpf-pid----379067----pid-5476
---ebpf-pid----379067----pid-1
---ebpf-pid----379067----pid-379067
---ebpf-pid----379067----pid-5476
---ebpf-pid----379067----pid-1
---ebpf-pid----379067----pid-379067
---ebpf-pid----379067----pid-5476
---ebpf-pid----379067----pid-1
---ebpf-pid----379067----pid-379067
---ebpf-pid----379067----pid-5476
---ebpf-pid----379067----pid-1
---ebpf-pid----2012----pid-2012
---ebpf-pid----2012----pid-1
---ebpf-pid----2012----pid-2012
---ebpf-pid----2012----pid-1
---ebpf-pid----2012----pid-2012
---ebpf-pid----2012----pid-1
---ebpf-pid----2012----pid-2012
---ebpf-pid----2012----pid-1
---ebpf-pid----5707----pid-5707
---ebpf-pid----5707----pid-5476
---ebpf-pid----5707----pid-1
---ebpf-pid----5707----pid-5707
---ebpf-pid----5707----pid-5476
---ebpf-pid----5707----pid-1
---ebpf-pid----5707----pid-5707
---ebpf-pid----5707----pid-5476
---ebpf-pid----5707----pid-1
---ebpf-pid----2012----pid-2012
---ebpf-pid----2012----pid-1
---ebpf-pid----2012----pid-2012
---ebpf-pid----2012----pid-1
---ebpf-pid----5707----pid-5707
---ebpf-pid----5707----pid-5476
---ebpf-pid----5707----pid-1
---ebpf-pid----5707----pid-5707
---ebpf-pid----5707----pid-5476
---ebpf-pid----5707----pid-1
---ebpf-pid----5707----pid-5707
---ebpf-pid----5707----pid-5476
---ebpf-pid----5707----pid-1
---ebpf-pid----2012----pid-2012
---ebpf-pid----2012----pid-1
---ebpf-pid----2012----pid-2012
---ebpf-pid----2012----pid-1
---ebpf-pid----379067----pid-379067
---ebpf-pid----379067----pid-5476
---ebpf-pid----379067----pid-1
---ebpf-pid----379067----pid-379067
---ebpf-pid----379067----pid-5476
---ebpf-pid----379067----pid-1
---ebpf-pid----379067----pid-379067
---ebpf-pid----379067----pid-5476
---ebpf-pid----379067----pid-1
---ebpf-pid----2012----pid-2012
---ebpf-pid----2012----pid-1
---ebpf-pid----379067----pid-379067
---ebpf-pid----379067----pid-5476
---ebpf-pid----379067----pid-1
---ebpf-pid----379067----pid-379067
---ebpf-pid----379067----pid-5476
---ebpf-pid----379067----pid-1
---ebpf-pid----2012----pid-2012
---ebpf-pid----2012----pid-1
---ebpf-pid----379067----pid-379067
---ebpf-pid----379067----pid-5476
---ebpf-pid----379067----pid-1
---ebpf-pid----379067----pid-379067
---ebpf-pid----379067----pid-5476
---ebpf-pid----379067----pid-1
---ebpf-pid----379067----pid-379067
---ebpf-pid----379067----pid-5476
---ebpf-pid----379067----pid-1
---ebpf-pid----379067----pid-379067
---ebpf-pid----379067----pid-5476
---ebpf-pid----379067----pid-1
---ebpf-pid----379067----pid-379067
---ebpf-pid----379067----pid-5476
---ebpf-pid----379067----pid-1
---ebpf-pid----379067----pid-379067
---ebpf-pid----379067----pid-5476
---ebpf-pid----379067----pid-1
---ebpf-pid----379067----pid-379067
---ebpf-pid----379067----pid-5476
---ebpf-pid----379067----pid-1
---ebpf-pid----379067----pid-379067
---ebpf-pid----379067----pid-5476
---ebpf-pid----379067----pid-1
---ebpf-pid----2012----pid-2012
---ebpf-pid----2012----pid-1
---ebpf-pid----379067----pid-379067
---ebpf-pid----379067----pid-5476
---ebpf-pid----379067----pid-1
---ebpf-pid----379067----pid-379067
---ebpf-pid----379067----pid-5476
---ebpf-pid----379067----pid-1
---ebpf-pid----2012----pid-2012
---ebpf-pid----2012----pid-1
---ebpf-pid----2012----pid-2012
---ebpf-pid----2012----pid-1
---ebpf-pid----2012----pid-2012
---ebpf-pid----2012----pid-1
---ebpf-pid----379067----pid-379067
---ebpf-pid----379067----pid-5476
---ebpf-pid----379067----pid-1
---ebpf-pid----379067----pid-379067
---ebpf-pid----379067----pid-5476
---ebpf-pid----379067----pid-1
---ebpf-pid----379067----pid-379067
---ebpf-pid----379067----pid-5476
---ebpf-pid----379067----pid-1
---ebpf-pid----379067----pid-379067
---ebpf-pid----379067----pid-5476
---ebpf-pid----379067----pid-1
---ebpf-pid----379067----pid-379067
---ebpf-pid----379067----pid-5476
---ebpf-pid----379067----pid-1
---ebpf-pid----379067----pid-379067
---ebpf-pid----379067----pid-5476
---ebpf-pid----379067----pid-1
---ebpf-pid----2012----pid-2012
---ebpf-pid----2012----pid-1
---ebpf-pid----2012----pid-2012
---ebpf-pid----2012----pid-1
---ebpf-pid----2012----pid-2012
---ebpf-pid----2012----pid-1
---ebpf-pid----379067----pid-379067
---ebpf-pid----379067----pid-5476
---ebpf-pid----379067----pid-1
---ebpf-pid----379067----pid-379067
---ebpf-pid----379067----pid-5476
---ebpf-pid----379067----pid-1
---ebpf-pid----379067----pid-379067
---ebpf-pid----379067----pid-5476
---ebpf-pid----379067----pid-1
---ebpf-pid----2012----pid-2012
---ebpf-pid----2012----pid-1
---ebpf-pid----379067----pid-379067
---ebpf-pid----379067----pid-5476
---ebpf-pid----379067----pid-1
---ebpf-pid----379067----pid-379067
---ebpf-pid----379067----pid-5476
---ebpf-pid----379067----pid-1
---ebpf-pid----379067----pid-379067
---ebpf-pid----379067----pid-5476
---ebpf-pid----379067----pid-1
---ebpf-pid----2012----pid-2012
---ebpf-pid----2012----pid-1
---ebpf-pid----379067----pid-379067
---ebpf-pid----379067----pid-5476
---ebpf-pid----379067----pid-1
---ebpf-pid----2012----pid-2012
---ebpf-pid----2012----pid-1
---ebpf-pid----2012----pid-2012
---ebpf-pid----2012----pid-1
---ebpf-pid----379067----pid-379067
---ebpf-pid----379067----pid-5476
---ebpf-pid----379067----pid-1
---ebpf-pid----379067----pid-379067
---ebpf-pid----379067----pid-5476
---ebpf-pid----379067----pid-1
---ebpf-pid----379067----pid-379067
---ebpf-pid----379067----pid-5476
---ebpf-pid----379067----pid-1
---ebpf-pid----2012----pid-2012
---ebpf-pid----2012----pid-1
---ebpf-pid----2012----pid-2012
---ebpf-pid----2012----pid-1
---ebpf-pid----379067----pid-379067
---ebpf-pid----379067----pid-5476
---ebpf-pid----379067----pid-1
---ebpf-pid----379067----pid-379067
---ebpf-pid----379067----pid-5476
---ebpf-pid----379067----pid-1
---ebpf-pid----2012----pid-2012
---ebpf-pid----2012----pid-1
---ebpf-pid----2012----pid-2012
---ebpf-pid----2012----pid-1
---ebpf-pid----2012----pid-2012
---ebpf-pid----2012----pid-1
---ebpf-pid----379067----pid-379067
---ebpf-pid----379067----pid-5476
---ebpf-pid----379067----pid-1
---ebpf-pid----379067----pid-379067
---ebpf-pid----379067----pid-5476
---ebpf-pid----379067----pid-1
---ebpf-pid----379067----pid-379067
---ebpf-pid----379067----pid-5476
---ebpf-pid----379067----pid-1
---ebpf-pid----2012----pid-2012
---ebpf-pid----2012----pid-1
---ebpf-pid----379067----pid-379067
---ebpf-pid----379067----pid-5476
---ebpf-pid----379067----pid-1
---ebpf-pid----379067----pid-379067
---ebpf-pid----379067----pid-5476
---ebpf-pid----379067----pid-1
---ebpf-pid----2012----pid-2012
---ebpf-pid----2012----pid-1
---ebpf-pid----2012----pid-2012
---ebpf-pid----2012----pid-1
---ebpf-pid----379067----pid-379067
---ebpf-pid----379067----pid-5476
---ebpf-pid----379067----pid-1
---ebpf-pid----372714----pid-372714
---ebpf-pid----372714----pid-5476
---ebpf-pid----372714----pid-1
---ebpf-pid----372714----pid-372714
---ebpf-pid----372714----pid-5476
---ebpf-pid----372714----pid-1
---ebpf-pid----372714----pid-372714
---ebpf-pid----372714----pid-5476
---ebpf-pid----372714----pid-1
---ebpf-pid----372714----pid-372714
---ebpf-pid----372714----pid-5476
---ebpf-pid----372714----pid-1
---ebpf-pid----372714----pid-372714
---ebpf-pid----372714----pid-5476
---ebpf-pid----372714----pid-1
---ebpf-pid----372714----pid-372714
---ebpf-pid----372714----pid-5476
---ebpf-pid----372714----pid-1
---ebpf-pid----372714----pid-372714
---ebpf-pid----372714----pid-5476
---ebpf-pid----372714----pid-1
---ebpf-pid----372714----pid-372714
---ebpf-pid----372714----pid-5476
---ebpf-pid----372714----pid-1
---ebpf-pid----372714----pid-372714
---ebpf-pid----372714----pid-5476
---ebpf-pid----372714----pid-1
---ebpf-pid----372714----pid-372714
---ebpf-pid----372714----pid-5476
---ebpf-pid----372714----pid-1
---ebpf-pid----372714----pid-372714
---ebpf-pid----372714----pid-5476
---ebpf-pid----372714----pid-1
---ebpf-pid----372714----pid-372714
---ebpf-pid----372714----pid-5476
---ebpf-pid----372714----pid-1
---ebpf-pid----372714----pid-372714
---ebpf-pid----372714----pid-5476
---ebpf-pid----372714----pid-1
---ebpf-pid----372714----pid-372714
---ebpf-pid----372714----pid-5476
---ebpf-pid----372714----pid-1
---ebpf-pid----372714----pid-372714
---ebpf-pid----372714----pid-5476
---ebpf-pid----372714----pid-1
---ebpf-pid----372714----pid-372714
---ebpf-pid----372714----pid-5476
---ebpf-pid----372714----pid-1
---ebpf-pid----372714----pid-372714
---ebpf-pid----372714----pid-5476
---ebpf-pid----372714----pid-1
---ebpf-pid----372714----pid-372714
---ebpf-pid----372714----pid-5476
---ebpf-pid----372714----pid-1
---ebpf-pid----372714----pid-372714
---ebpf-pid----372714----pid-5476
---ebpf-pid----372714----pid-1
---ebpf-pid----372714----pid-372714
---ebpf-pid----372714----pid-5476
---ebpf-pid----372714----pid-1
---ebpf-pid----372714----pid-372714
---ebpf-pid----372714----pid-5476
---ebpf-pid----372714----pid-1
---ebpf-pid----372714----pid-372714
---ebpf-pid----372714----pid-5476
---ebpf-pid----372714----pid-1
---ebpf-pid----372714----pid-372714
---ebpf-pid----372714----pid-5476
---ebpf-pid----372714----pid-1
---ebpf-pid----372714----pid-372714
---ebpf-pid----372714----pid-5476
---ebpf-pid----372714----pid-1
---ebpf-pid----372714----pid-372714
---ebpf-pid----372714----pid-5476
---ebpf-pid----372714----pid-1
---ebpf-pid----372714----pid-372714
---ebpf-pid----372714----pid-5476
---ebpf-pid----372714----pid-1
---ebpf-pid----372714----pid-372714
---ebpf-pid----372714----pid-5476
---ebpf-pid----372714----pid-1
---ebpf-pid----372714----pid-372714
---ebpf-pid----372714----pid-5476
---ebpf-pid----372714----pid-1
---ebpf-pid----372714----pid-372714
---ebpf-pid----372714----pid-5476
---ebpf-pid----372714----pid-1
---ebpf-pid----372714----pid-372714
---ebpf-pid----372714----pid-5476
---ebpf-pid----372714----pid-1
---ebpf-pid----448522----pid-448522
---ebpf-pid----448522----pid-1
---ebpf-pid----5707----pid-5707
---ebpf-pid----5707----pid-5476
---ebpf-pid----5707----pid-1
---ebpf-pid----5707----pid-5707
---ebpf-pid----5707----pid-5476
---ebpf-pid----5707----pid-1
---ebpf-pid----6671----pid-6671
---ebpf-pid----6671----pid-5476
---ebpf-pid----6671----pid-1
---ebpf-pid----6671----pid-6671
---ebpf-pid----6671----pid-5476
---ebpf-pid----6671----pid-1
---ebpf-pid----5707----pid-5707
---ebpf-pid----5707----pid-5476
---ebpf-pid----5707----pid-1
---ebpf-pid----372714----pid-372714
---ebpf-pid----372714----pid-5476
---ebpf-pid----372714----pid-1
---ebpf-pid----6671----pid-6671
---ebpf-pid----6671----pid-5476
---ebpf-pid----6671----pid-1
---ebpf-pid----6671----pid-6671
---ebpf-pid----6671----pid-5476
---ebpf-pid----6671----pid-1
---ebpf-pid----372714----pid-372714
---ebpf-pid----372714----pid-5476
---ebpf-pid----372714----pid-1
---ebpf-pid----372714----pid-372714
---ebpf-pid----372714----pid-5476
---ebpf-pid----372714----pid-1
---ebpf-pid----372714----pid-372714
---ebpf-pid----372714----pid-5476
---ebpf-pid----372714----pid-1
---ebpf-pid----372714----pid-372714
---ebpf-pid----372714----pid-5476
---ebpf-pid----372714----pid-1
---ebpf-pid----372714----pid-372714
---ebpf-pid----372714----pid-5476
---ebpf-pid----372714----pid-1
---ebpf-pid----372714----pid-372714
---ebpf-pid----372714----pid-5476
---ebpf-pid----372714----pid-1
---ebpf-pid----372714----pid-372714
---ebpf-pid----372714----pid-5476
---ebpf-pid----372714----pid-1
---ebpf-pid----5614----pid-5614
---ebpf-pid----5614----pid-1
---ebpf-pid----5614----pid-5614
---ebpf-pid----5614----pid-1
---ebpf-pid----372881----pid-372881
---ebpf-pid----372881----pid-1
---ebpf-pid----372881----pid-372881
---ebpf-pid----372881----pid-1
---ebpf-pid----372881----pid-372881
---ebpf-pid----372881----pid-1
---ebpf-pid----372881----pid-372881
---ebpf-pid----372881----pid-1
---ebpf-pid----372881----pid-372881
---ebpf-pid----372881----pid-1
---ebpf-pid----372881----pid-372881
---ebpf-pid----372881----pid-1
---ebpf-pid----372881----pid-372881
---ebpf-pid----372881----pid-1
---ebpf-pid----372881----pid-372881
---ebpf-pid----372881----pid-1
---ebpf-pid----372881----pid-372881
---ebpf-pid----372881----pid-1
---ebpf-pid----372881----pid-372881
---ebpf-pid----372881----pid-1
---ebpf-pid----372881----pid-372881
---ebpf-pid----372881----pid-1
---ebpf-pid----448522----pid-448522
---ebpf-pid----448522----pid-1
---ebpf-pid----448522----pid-448522
---ebpf-pid----448522----pid-1
---ebpf-pid----4210----pid-4210
---ebpf-pid----4210----pid-4164
---ebpf-pid----4210----pid-3417
---ebpf-pid----4210----pid-1
---ebpf-pid----448522----pid-448522
---ebpf-pid----448522----pid-1
---ebpf-pid----7312----pid-7312
---ebpf-pid----7312----pid-1
---ebpf-pid----7313----pid-7313
Failed to get process information for PID 0
---ebpf-pid----7313----pid-1
---ebpf-pid----5705----pid-5705
---ebpf-pid----5705----pid-5476
---ebpf-pid----5705----pid-1
---ebpf-pid----5705----pid-5705
---ebpf-pid----5705----pid-5476
---ebpf-pid----5705----pid-1
---ebpf-pid----5705----pid-5705
---ebpf-pid----5705----pid-5476
---ebpf-pid----5705----pid-1
---ebpf-pid----5705----pid-5705
---ebpf-pid----5705----pid-5476
---ebpf-pid----5705----pid-1
---ebpf-pid----7312----pid-7312
---ebpf-pid----7312----pid-1
---ebpf-pid----379067----pid-379067
---ebpf-pid----379067----pid-5476
---ebpf-pid----379067----pid-1
---ebpf-pid----379067----pid-379067
---ebpf-pid----379067----pid-5476
---ebpf-pid----379067----pid-1
---ebpf-pid----379067----pid-379067
---ebpf-pid----379067----pid-5476
---ebpf-pid----379067----pid-1
---ebpf-pid----379067----pid-379067
---ebpf-pid----379067----pid-5476
---ebpf-pid----379067----pid-1
---ebpf-pid----7313----pid-7313
---ebpf-pid----7313----pid-1
---ebpf-pid----7313----pid-7313
---ebpf-pid----7313----pid-1
---ebpf-pid----7313----pid-7313
---ebpf-pid----7313----pid-1
---ebpf-pid----7313----pid-7313
---ebpf-pid----7313----pid-1
---ebpf-pid----448522----pid-448522
---ebpf-pid----448522----pid-1
---ebpf-pid----7313----pid-7313
---ebpf-pid----7313----pid-1
---ebpf-pid----448522----pid-448522
---ebpf-pid----448522----pid-1
---ebpf-pid----379067----pid-379067
---ebpf-pid----379067----pid-5476
---ebpf-pid----379067----pid-1
---ebpf-pid----379067----pid-379067
---ebpf-pid----379067----pid-5476
---ebpf-pid----379067----pid-1
---ebpf-pid----379067----pid-379067
---ebpf-pid----379067----pid-5476
---ebpf-pid----379067----pid-1
---ebpf-pid----379067----pid-379067
---ebpf-pid----379067----pid-5476
---ebpf-pid----379067----pid-1
---ebpf-pid----379067----pid-379067
---ebpf-pid----379067----pid-5476
---ebpf-pid----379067----pid-1
---ebpf-pid----379067----pid-379067
---ebpf-pid----379067----pid-5476
---ebpf-pid----379067----pid-1
---ebpf-pid----379067----pid-379067
---ebpf-pid----379067----pid-5476
---ebpf-pid----379067----pid-1
---ebpf-pid----379067----pid-379067
---ebpf-pid----379067----pid-5476
---ebpf-pid----379067----pid-1
---ebpf-pid----379067----pid-379067
---ebpf-pid----379067----pid-5476
---ebpf-pid----379067----pid-1
---ebpf-pid----379067----pid-379067
---ebpf-pid----379067----pid-5476
---ebpf-pid----379067----pid-1
---ebpf-pid----379067----pid-379067
---ebpf-pid----379067----pid-5476
---ebpf-pid----379067----pid-1
---ebpf-pid----379067----pid-379067
---ebpf-pid----379067----pid-5476
---ebpf-pid----379067----pid-1
---ebpf-pid----379067----pid-379067
---ebpf-pid----379067----pid-5476
---ebpf-pid----379067----pid-1
---ebpf-pid----379067----pid-379067
---ebpf-pid----379067----pid-5476
---ebpf-pid----379067----pid-1
---ebpf-pid----379067----pid-379067
---ebpf-pid----379067----pid-5476
---ebpf-pid----379067----pid-1
---ebpf-pid----5705----pid-5705
---ebpf-pid----5705----pid-5476
---ebpf-pid----5705----pid-1
---ebpf-pid----7313----pid-7313
---ebpf-pid----7313----pid-1
---ebpf-pid----379067----pid-379067
---ebpf-pid----379067----pid-5476
---ebpf-pid----379067----pid-1
---ebpf-pid----379067----pid-379067
---ebpf-pid----379067----pid-5476
---ebpf-pid----379067----pid-1
---ebpf-pid----379067----pid-379067
---ebpf-pid----379067----pid-5476
---ebpf-pid----379067----pid-1
---ebpf-pid----379067----pid-379067
---ebpf-pid----379067----pid-5476
---ebpf-pid----379067----pid-1
---ebpf-pid----379067----pid-379067
---ebpf-pid----379067----pid-5476
---ebpf-pid----379067----pid-1
---ebpf-pid----379067----pid-379067
---ebpf-pid----379067----pid-5476
---ebpf-pid----379067----pid-1
---ebpf-pid----379067----pid-379067
---ebpf-pid----379067----pid-5476
---ebpf-pid----379067----pid-1
---ebpf-pid----379067----pid-379067
---ebpf-pid----379067----pid-5476
---ebpf-pid----379067----pid-1
---ebpf-pid----379067----pid-379067
---ebpf-pid----379067----pid-5476
---ebpf-pid----379067----pid-1
---ebpf-pid----379067----pid-379067
---ebpf-pid----379067----pid-5476
---ebpf-pid----379067----pid-1
---ebpf-pid----379067----pid-379067
---ebpf-pid----379067----pid-5476
---ebpf-pid----379067----pid-1
---ebpf-pid----379067----pid-379067
---ebpf-pid----379067----pid-5476
---ebpf-pid----379067----pid-1
---ebpf-pid----7312----pid-7312
---ebpf-pid----7312----pid-1
---ebpf-pid----7312----pid-7312
---ebpf-pid----7312----pid-1
---ebpf-pid----372714----pid-372714
---ebpf-pid----372714----pid-5476
---ebpf-pid----372714----pid-1
---ebpf-pid----372714----pid-372714
---ebpf-pid----372714----pid-5476
---ebpf-pid----372714----pid-1
---ebpf-pid----372714----pid-372714
---ebpf-pid----372714----pid-5476
---ebpf-pid----372714----pid-1
---ebpf-pid----5614----pid-5614
---ebpf-pid----5614----pid-1
---ebpf-pid----5614----pid-5614
---ebpf-pid----5614----pid-1
---ebpf-pid----5614----pid-5614
---ebpf-pid----5614----pid-1
---ebpf-pid----372714----pid-372714
---ebpf-pid----372714----pid-5476
---ebpf-pid----372714----pid-1
---ebpf-pid----372714----pid-372714
---ebpf-pid----372714----pid-5476
---ebpf-pid----372714----pid-1
---ebpf-pid----5707----pid-5707
---ebpf-pid----5707----pid-5476
---ebpf-pid----5707----pid-1
---ebpf-pid----5707----pid-5707
---ebpf-pid----5707----pid-5476
---ebpf-pid----5707----pid-1
---ebpf-pid----448522----pid-448522
---ebpf-pid----448522----pid-1
---ebpf-pid----5614----pid-5614
---ebpf-pid----5614----pid-1
---ebpf-pid----448522----pid-448522
---ebpf-pid----448522----pid-1
---ebpf-pid----372714----pid-372714
---ebpf-pid----372714----pid-5476
---ebpf-pid----372714----pid-1
---ebpf-pid----372714----pid-372714
---ebpf-pid----372714----pid-5476
---ebpf-pid----372714----pid-1
---ebpf-pid----372714----pid-372714
---ebpf-pid----372714----pid-5476
---ebpf-pid----372714----pid-1
---ebpf-pid----372714----pid-372714
---ebpf-pid----372714----pid-5476
---ebpf-pid----372714----pid-1
---ebpf-pid----5614----pid-5614
---ebpf-pid----5614----pid-1
---ebpf-pid----448522----pid-448522
---ebpf-pid----448522----pid-1
---ebpf-pid----7312----pid-7312
---ebpf-pid----7312----pid-1
---ebpf-pid----7313----pid-7313
---ebpf-pid----7313----pid-1
---ebpf-pid----448522----pid-448522
---ebpf-pid----448522----pid-1
---ebpf-pid----5638----pid-5638
---ebpf-pid----5638----pid-1
---ebpf-pid----5638----pid-5638
---ebpf-pid----5638----pid-1
---ebpf-pid----5638----pid-5638
---ebpf-pid----5638----pid-1
---ebpf-pid----372881----pid-372881
---ebpf-pid----372881----pid-1
---ebpf-pid----372881----pid-372881
---ebpf-pid----372881----pid-1
---ebpf-pid----372881----pid-372881
---ebpf-pid----372881----pid-1
---ebpf-pid----372881----pid-372881
---ebpf-pid----372881----pid-1
---ebpf-pid----372881----pid-372881
---ebpf-pid----372881----pid-1
---ebpf-pid----372881----pid-372881
---ebpf-pid----372881----pid-1
---ebpf-pid----372881----pid-372881
---ebpf-pid----372881----pid-1
---ebpf-pid----372881----pid-372881
---ebpf-pid----372881----pid-1
---ebpf-pid----372881----pid-372881
---ebpf-pid----372881----pid-1
---ebpf-pid----372881----pid-372881
---ebpf-pid----372881----pid-1
---ebpf-pid----372881----pid-372881
---ebpf-pid----372881----pid-1
---ebpf-pid----372881----pid-372881
---ebpf-pid----372881----pid-1
---ebpf-pid----372881----pid-372881
---ebpf-pid----372881----pid-1
---ebpf-pid----372881----pid-372881
---ebpf-pid----372881----pid-1
---ebpf-pid----448522----pid-448522
---ebpf-pid----448522----pid-1
---ebpf-pid----372881----pid-372881
---ebpf-pid----372881----pid-1
---ebpf-pid----372881----pid-372881
---ebpf-pid----372881----pid-1
---ebpf-pid----372881----pid-372881
---ebpf-pid----372881----pid-1
---ebpf-pid----372881----pid-372881
---ebpf-pid----372881----pid-1
---ebpf-pid----372881----pid-372881
---ebpf-pid----372881----pid-1
---ebpf-pid----372881----pid-372881
---ebpf-pid----372881----pid-1
---ebpf-pid----372881----pid-372881
---ebpf-pid----372881----pid-1
---ebpf-pid----372881----pid-372881
---ebpf-pid----372881----pid-1
---ebpf-pid----372881----pid-372881
---ebpf-pid----372881----pid-1
---ebpf-pid----7313----pid-7313
---ebpf-pid----7313----pid-1
---ebpf-pid----372881----pid-372881
---ebpf-pid----372881----pid-1
---ebpf-pid----5707----pid-5707
---ebpf-pid----5707----pid-5476
---ebpf-pid----5707----pid-1
---ebpf-pid----5707----pid-5707
---ebpf-pid----5707----pid-5476
---ebpf-pid----5707----pid-1
---ebpf-pid----5707----pid-5707
---ebpf-pid----5707----pid-5476
---ebpf-pid----5707----pid-1
---ebpf-pid----5707----pid-5707
---ebpf-pid----5707----pid-5476
---ebpf-pid----5707----pid-1
---ebpf-pid----5707----pid-5707
---ebpf-pid----5707----pid-5476
---ebpf-pid----5707----pid-1
---ebpf-pid----5707----pid-5707
---ebpf-pid----5707----pid-5476
---ebpf-pid----5707----pid-1
---ebpf-pid----5707----pid-5707
---ebpf-pid----5707----pid-5476
---ebpf-pid----5707----pid-1
---ebpf-pid----5707----pid-5707
---ebpf-pid----5707----pid-5476
---ebpf-pid----5707----pid-1
---ebpf-pid----5707----pid-5707
---ebpf-pid----5707----pid-5476
---ebpf-pid----5707----pid-1
---ebpf-pid----5707----pid-5707
---ebpf-pid----5707----pid-5476
---ebpf-pid----5707----pid-1
---ebpf-pid----5707----pid-5707
---ebpf-pid----5707----pid-5476
---ebpf-pid----5707----pid-1
---ebpf-pid----5707----pid-5707
---ebpf-pid----5707----pid-5476
---ebpf-pid----5707----pid-1
---ebpf-pid----5707----pid-5707
---ebpf-pid----5707----pid-5476
---ebpf-pid----5707----pid-1
---ebpf-pid----5638----pid-5638
---ebpf-pid----5638----pid-1
---ebpf-pid----5638----pid-5638
---ebpf-pid----5638----pid-1
---ebpf-pid----5707----pid-5707
---ebpf-pid----5707----pid-5476
---ebpf-pid----5707----pid-1
---ebpf-pid----5707----pid-5707
---ebpf-pid----5707----pid-5476
---ebpf-pid----5707----pid-1
---ebpf-pid----5707----pid-5707
---ebpf-pid----5707----pid-5476
---ebpf-pid----5707----pid-1
---ebpf-pid----5707----pid-5707
---ebpf-pid----5707----pid-5476
---ebpf-pid----5707----pid-1
---ebpf-pid----5707----pid-5707
---ebpf-pid----5707----pid-5476
---ebpf-pid----5707----pid-1
---ebpf-pid----5707----pid-5707
---ebpf-pid----5707----pid-5476
---ebpf-pid----5707----pid-1
---ebpf-pid----5707----pid-5707
---ebpf-pid----5707----pid-5476
---ebpf-pid----5707----pid-1
---ebpf-pid----5707----pid-5707
---ebpf-pid----5707----pid-5476
---ebpf-pid----5707----pid-1
---ebpf-pid----5707----pid-5707
---ebpf-pid----5707----pid-5476
---ebpf-pid----5707----pid-1
---ebpf-pid----5707----pid-5707
---ebpf-pid----5707----pid-5476
---ebpf-pid----5707----pid-1
---ebpf-pid----5707----pid-5707
---ebpf-pid----5707----pid-5476
---ebpf-pid----5707----pid-1
---ebpf-pid----5614----pid-5614
---ebpf-pid----5614----pid-1
---ebpf-pid----5638----pid-5638
---ebpf-pid----5638----pid-1
---ebpf-pid----5707----pid-5707
---ebpf-pid----5707----pid-5476
---ebpf-pid----5707----pid-1
---ebpf-pid----5707----pid-5707
---ebpf-pid----5707----pid-5476
---ebpf-pid----5707----pid-1
---ebpf-pid----5707----pid-5707
---ebpf-pid----5707----pid-5476
---ebpf-pid----5707----pid-1
---ebpf-pid----5707----pid-5707
---ebpf-pid----5707----pid-5476
---ebpf-pid----5707----pid-1
---ebpf-pid----5707----pid-5707
---ebpf-pid----5707----pid-5476
---ebpf-pid----5707----pid-1
---ebpf-pid----5707----pid-5707
---ebpf-pid----5707----pid-5476
---ebpf-pid----5707----pid-1
---ebpf-pid----5707----pid-5707
---ebpf-pid----5707----pid-5476
---ebpf-pid----5707----pid-1
---ebpf-pid----5638----pid-5638
---ebpf-pid----5638----pid-1
---ebpf-pid----5638----pid-5638
---ebpf-pid----5638----pid-1
---ebpf-pid----5638----pid-5638
---ebpf-pid----5638----pid-1
---ebpf-pid----448522----pid-448522
---ebpf-pid----448522----pid-1
---ebpf-pid----448522----pid-448522
---ebpf-pid----448522----pid-1
Failed to get process information for PID 0
Failed to get process information for PID 0
---ebpf-pid----5614----pid-5614
---ebpf-pid----5614----pid-1
---ebpf-pid----5614----pid-5614
---ebpf-pid----5614----pid-1
---ebpf-pid----7313----pid-7313
---ebpf-pid----7313----pid-1
---ebpf-pid----2089----pid-2089
---ebpf-pid----2089----pid-1
---ebpf-pid----2089----pid-2089
---ebpf-pid----2089----pid-1
---ebpf-pid----5707----pid-5707
---ebpf-pid----5707----pid-5476
---ebpf-pid----5707----pid-1
---ebpf-pid----5707----pid-5707
---ebpf-pid----5707----pid-5476
---ebpf-pid----5707----pid-1
---ebpf-pid----5707----pid-5707
---ebpf-pid----5707----pid-5476
---ebpf-pid----5707----pid-1
---ebpf-pid----5707----pid-5707
---ebpf-pid----5707----pid-5476
---ebpf-pid----5707----pid-1
---ebpf-pid----5707----pid-5707
---ebpf-pid----5707----pid-5476
---ebpf-pid----5707----pid-1
---ebpf-pid----5707----pid-5707
---ebpf-pid----5707----pid-5476
---ebpf-pid----5707----pid-1
---ebpf-pid----5707----pid-5707
---ebpf-pid----5707----pid-5476
---ebpf-pid----5707----pid-1
---ebpf-pid----5707----pid-5707
---ebpf-pid----5707----pid-5476
---ebpf-pid----5707----pid-1
---ebpf-pid----5707----pid-5707
---ebpf-pid----5707----pid-5476
---ebpf-pid----5707----pid-1
---ebpf-pid----5707----pid-5707
---ebpf-pid----5707----pid-5476
---ebpf-pid----5707----pid-1
---ebpf-pid----5707----pid-5707
---ebpf-pid----5707----pid-5476
---ebpf-pid----5707----pid-1
---ebpf-pid----5707----pid-5707
---ebpf-pid----5707----pid-5476
---ebpf-pid----5707----pid-1
---ebpf-pid----5707----pid-5707
---ebpf-pid----5707----pid-5476
---ebpf-pid----5707----pid-1
---ebpf-pid----5707----pid-5707
---ebpf-pid----5707----pid-5476
---ebpf-pid----5707----pid-1
---ebpf-pid----5707----pid-5707
---ebpf-pid----5707----pid-5476
---ebpf-pid----5707----pid-1
---ebpf-pid----5707----pid-5707
---ebpf-pid----5707----pid-5476
---ebpf-pid----5707----pid-1
---ebpf-pid----5707----pid-5707
---ebpf-pid----5707----pid-5476
---ebpf-pid----5707----pid-1
---ebpf-pid----5638----pid-5638
---ebpf-pid----5638----pid-1
---ebpf-pid----2012----pid-2012
---ebpf-pid----2012----pid-1
---ebpf-pid----5707----pid-5707
---ebpf-pid----5707----pid-5476
---ebpf-pid----5707----pid-1
---ebpf-pid----5707----pid-5707
---ebpf-pid----5707----pid-5476
---ebpf-pid----5707----pid-1
---ebpf-pid----5707----pid-5707
---ebpf-pid----5707----pid-5476
---ebpf-pid----5707----pid-1
---ebpf-pid----5707----pid-5707
---ebpf-pid----5707----pid-5476
---ebpf-pid----5707----pid-1
---ebpf-pid----5707----pid-5707
---ebpf-pid----5707----pid-5476
---ebpf-pid----5707----pid-1
---ebpf-pid----5707----pid-5707
---ebpf-pid----5707----pid-5476
---ebpf-pid----5707----pid-1
---ebpf-pid----5707----pid-5707
---ebpf-pid----5707----pid-5476
---ebpf-pid----5707----pid-1
---ebpf-pid----5707----pid-5707
---ebpf-pid----5707----pid-5476
---ebpf-pid----5707----pid-1
---ebpf-pid----2012----pid-2012
---ebpf-pid----2012----pid-1
---ebpf-pid----2012----pid-2012
---ebpf-pid----2012----pid-1
---ebpf-pid----2012----pid-2012
---ebpf-pid----2012----pid-1
---ebpf-pid----2012----pid-2012
---ebpf-pid----2012----pid-1
---ebpf-pid----2012----pid-2012
---ebpf-pid----2012----pid-1
---ebpf-pid----2012----pid-2012
---ebpf-pid----2012----pid-1
---ebpf-pid----2012----pid-2012
---ebpf-pid----2012----pid-1
---ebpf-pid----2012----pid-2012
---ebpf-pid----2012----pid-1
---ebpf-pid----2012----pid-2012
---ebpf-pid----2012----pid-1
---ebpf-pid----2012----pid-2012
---ebpf-pid----2012----pid-1
---ebpf-pid----2012----pid-2012
---ebpf-pid----2012----pid-1
---ebpf-pid----2012----pid-2012
---ebpf-pid----2012----pid-1
---ebpf-pid----2012----pid-2012
---ebpf-pid----2012----pid-1
---ebpf-pid----2012----pid-2012
---ebpf-pid----2012----pid-1
---ebpf-pid----2012----pid-2012
---ebpf-pid----2012----pid-1
---ebpf-pid----2012----pid-2012
---ebpf-pid----2012----pid-1
---ebpf-pid----2012----pid-2012
---ebpf-pid----2012----pid-1
---ebpf-pid----2012----pid-2012
---ebpf-pid----2012----pid-1
---ebpf-pid----2012----pid-2012
---ebpf-pid----2012----pid-1
---ebpf-pid----2012----pid-2012
---ebpf-pid----2012----pid-1
---ebpf-pid----2012----pid-2012
---ebpf-pid----2012----pid-1
---ebpf-pid----2012----pid-2012
---ebpf-pid----2012----pid-1
---ebpf-pid----2012----pid-2012
---ebpf-pid----2012----pid-1
---ebpf-pid----2012----pid-2012
---ebpf-pid----2012----pid-1
---ebpf-pid----2012----pid-2012
---ebpf-pid----2012----pid-1
---ebpf-pid----2029----pid-2029
---ebpf-pid----2029----pid-1
---ebpf-pid----2029----pid-2029
---ebpf-pid----2029----pid-1
---ebpf-pid----2029----pid-2029
---ebpf-pid----2029----pid-1
---ebpf-pid----2029----pid-2029
---ebpf-pid----2029----pid-1
---ebpf-pid----2029----pid-2029
---ebpf-pid----2029----pid-1
---ebpf-pid----2029----pid-2029
---ebpf-pid----2029----pid-1
---ebpf-pid----2029----pid-2029
---ebpf-pid----2029----pid-1
---ebpf-pid----2029----pid-2029
---ebpf-pid----2029----pid-1
---ebpf-pid----2029----pid-2029
---ebpf-pid----2029----pid-1
---ebpf-pid----2029----pid-2029
---ebpf-pid----2029----pid-1
---ebpf-pid----2029----pid-2029
---ebpf-pid----2029----pid-1
---ebpf-pid----2029----pid-2029
---ebpf-pid----2029----pid-1
---ebpf-pid----5707----pid-5707
---ebpf-pid----5707----pid-5476
---ebpf-pid----5707----pid-1
---ebpf-pid----5707----pid-5707
---ebpf-pid----5707----pid-5476
---ebpf-pid----5707----pid-1
---ebpf-pid----5707----pid-5707
---ebpf-pid----5707----pid-5476
---ebpf-pid----5707----pid-1
---ebpf-pid----372881----pid-372881
---ebpf-pid----372881----pid-1
---ebpf-pid----372881----pid-372881
---ebpf-pid----372881----pid-1
---ebpf-pid----372881----pid-372881
---ebpf-pid----372881----pid-1
---ebpf-pid----372881----pid-372881
---ebpf-pid----372881----pid-1
---ebpf-pid----372881----pid-372881
---ebpf-pid----372881----pid-1
---ebpf-pid----372881----pid-372881
---ebpf-pid----372881----pid-1
---ebpf-pid----372881----pid-372881
---ebpf-pid----372881----pid-1
---ebpf-pid----372881----pid-372881
---ebpf-pid----372881----pid-1
---ebpf-pid----372881----pid-372881
---ebpf-pid----372881----pid-1
---ebpf-pid----372881----pid-372881
---ebpf-pid----372881----pid-1
---ebpf-pid----372881----pid-372881
---ebpf-pid----372881----pid-1
---ebpf-pid----372881----pid-372881
---ebpf-pid----372881----pid-1
---ebpf-pid----372881----pid-372881
---ebpf-pid----372881----pid-1
---ebpf-pid----372881----pid-372881
---ebpf-pid----372881----pid-1
---ebpf-pid----372881----pid-372881
---ebpf-pid----372881----pid-1
---ebpf-pid----372881----pid-372881
---ebpf-pid----372881----pid-1
---ebpf-pid----372881----pid-372881
---ebpf-pid----372881----pid-1
---ebpf-pid----372881----pid-372881
---ebpf-pid----372881----pid-1
---ebpf-pid----372881----pid-372881
---ebpf-pid----372881----pid-1
---ebpf-pid----372881----pid-372881
---ebpf-pid----372881----pid-1
---ebpf-pid----372881----pid-372881
---ebpf-pid----372881----pid-1
---ebpf-pid----372881----pid-372881
---ebpf-pid----372881----pid-1
---ebpf-pid----372881----pid-372881
---ebpf-pid----372881----pid-1
---ebpf-pid----372881----pid-372881
---ebpf-pid----372881----pid-1
---ebpf-pid----379067----pid-379067
---ebpf-pid----379067----pid-5476
---ebpf-pid----379067----pid-1
---ebpf-pid----379067----pid-379067
---ebpf-pid----379067----pid-5476
---ebpf-pid----379067----pid-1
---ebpf-pid----379067----pid-379067
---ebpf-pid----379067----pid-5476
---ebpf-pid----379067----pid-1
---ebpf-pid----379067----pid-379067
---ebpf-pid----379067----pid-5476
---ebpf-pid----379067----pid-1
---ebpf-pid----379067----pid-379067
---ebpf-pid----379067----pid-5476
---ebpf-pid----379067----pid-1
---ebpf-pid----379067----pid-379067
---ebpf-pid----379067----pid-5476
---ebpf-pid----379067----pid-1
---ebpf-pid----379067----pid-379067
---ebpf-pid----379067----pid-5476
---ebpf-pid----379067----pid-1
---ebpf-pid----379067----pid-379067
---ebpf-pid----379067----pid-5476
---ebpf-pid----379067----pid-1
---ebpf-pid----379067----pid-379067
---ebpf-pid----379067----pid-5476
---ebpf-pid----379067----pid-1
---ebpf-pid----379067----pid-379067
---ebpf-pid----379067----pid-5476
---ebpf-pid----379067----pid-1
---ebpf-pid----379067----pid-379067
---ebpf-pid----379067----pid-5476
---ebpf-pid----379067----pid-1
---ebpf-pid----379067----pid-379067
---ebpf-pid----379067----pid-5476
---ebpf-pid----379067----pid-1
---ebpf-pid----379067----pid-379067
---ebpf-pid----379067----pid-5476
---ebpf-pid----379067----pid-1
---ebpf-pid----379067----pid-379067
---ebpf-pid----379067----pid-5476
---ebpf-pid----379067----pid-1
---ebpf-pid----379067----pid-379067
---ebpf-pid----379067----pid-5476
---ebpf-pid----379067----pid-1
---ebpf-pid----379067----pid-379067
---ebpf-pid----379067----pid-5476
---ebpf-pid----379067----pid-1
---ebpf-pid----379067----pid-379067
---ebpf-pid----379067----pid-5476
---ebpf-pid----379067----pid-1
---ebpf-pid----379067----pid-379067
---ebpf-pid----379067----pid-5476
---ebpf-pid----379067----pid-1
---ebpf-pid----2089----pid-2089
---ebpf-pid----2089----pid-1
---ebpf-pid----2089----pid-2089
---ebpf-pid----2089----pid-1
---ebpf-pid----2089----pid-2089
---ebpf-pid----2089----pid-1
---ebpf-pid----2089----pid-2089
---ebpf-pid----2089----pid-1
---ebpf-pid----2089----pid-2089
---ebpf-pid----2089----pid-1
---ebpf-pid----2089----pid-2089
---ebpf-pid----2089----pid-1
---ebpf-pid----2089----pid-2089
---ebpf-pid----2089----pid-1
---ebpf-pid----2089----pid-2089
---ebpf-pid----2089----pid-1
---ebpf-pid----2089----pid-2089
---ebpf-pid----2089----pid-1
---ebpf-pid----2089----pid-2089
---ebpf-pid----2089----pid-1
---ebpf-pid----2010----pid-2010
---ebpf-pid----2010----pid-1
---ebpf-pid----2089----pid-2089
---ebpf-pid----2089----pid-1
---ebpf-pid----2089----pid-2089
---ebpf-pid----2089----pid-1
---ebpf-pid----2089----pid-2089
---ebpf-pid----2089----pid-1
---ebpf-pid----2089----pid-2089
---ebpf-pid----2089----pid-1
---ebpf-pid----2089----pid-2089
---ebpf-pid----2089----pid-1
---ebpf-pid----372881----pid-372881
---ebpf-pid----372881----pid-1
---ebpf-pid----372881----pid-372881
---ebpf-pid----372881----pid-1
---ebpf-pid----372881----pid-372881
---ebpf-pid----372881----pid-1
---ebpf-pid----372881----pid-372881
---ebpf-pid----372881----pid-1
---ebpf-pid----372881----pid-372881
---ebpf-pid----372881----pid-1
---ebpf-pid----372881----pid-372881
---ebpf-pid----372881----pid-1
---ebpf-pid----372881----pid-372881
---ebpf-pid----372881----pid-1
---ebpf-pid----372881----pid-372881
---ebpf-pid----372881----pid-1
---ebpf-pid----372881----pid-372881
---ebpf-pid----372881----pid-1
---ebpf-pid----372881----pid-372881
---ebpf-pid----372881----pid-1
---ebpf-pid----372881----pid-372881
---ebpf-pid----372881----pid-1
---ebpf-pid----2010----pid-2010
---ebpf-pid----2010----pid-1
---ebpf-pid----372881----pid-372881
---ebpf-pid----372881----pid-1
---ebpf-pid----372881----pid-372881
---ebpf-pid----372881----pid-1
---ebpf-pid----2089----pid-2089
---ebpf-pid----2089----pid-1
---ebpf-pid----2089----pid-2089
---ebpf-pid----2089----pid-1
---ebpf-pid----2089----pid-2089
---ebpf-pid----2089----pid-1
---ebpf-pid----2089----pid-2089
---ebpf-pid----2089----pid-1
---ebpf-pid----2089----pid-2089
---ebpf-pid----2089----pid-1
---ebpf-pid----2089----pid-2089
---ebpf-pid----2089----pid-1
---ebpf-pid----2089----pid-2089
---ebpf-pid----2089----pid-1
---ebpf-pid----2089----pid-2089
---ebpf-pid----2089----pid-1
---ebpf-pid----2089----pid-2089
---ebpf-pid----2089----pid-1
---ebpf-pid----2089----pid-2089
---ebpf-pid----2089----pid-1
---ebpf-pid----5707----pid-5707
---ebpf-pid----5707----pid-5476
---ebpf-pid----5707----pid-1
---ebpf-pid----5707----pid-5707
---ebpf-pid----5707----pid-5476
---ebpf-pid----5707----pid-1
---ebpf-pid----5707----pid-5707
---ebpf-pid----5707----pid-5476
---ebpf-pid----5707----pid-1
---ebpf-pid----5707----pid-5707
---ebpf-pid----5707----pid-5476
---ebpf-pid----5707----pid-1
---ebpf-pid----5707----pid-5707
---ebpf-pid----5707----pid-5476
---ebpf-pid----5707----pid-1
---ebpf-pid----2012----pid-2012
---ebpf-pid----2012----pid-1
---ebpf-pid----2012----pid-2012
---ebpf-pid----2012----pid-1
---ebpf-pid----2012----pid-2012
---ebpf-pid----2012----pid-1
---ebpf-pid----2012----pid-2012
---ebpf-pid----2012----pid-1
---ebpf-pid----2012----pid-2012
---ebpf-pid----2012----pid-1
---ebpf-pid----2012----pid-2012
---ebpf-pid----2012----pid-1
---ebpf-pid----2012----pid-2012
---ebpf-pid----2012----pid-1
---ebpf-pid----2012----pid-2012
---ebpf-pid----2012----pid-1
---ebpf-pid----2012----pid-2012
---ebpf-pid----2012----pid-1
---ebpf-pid----379067----pid-379067
---ebpf-pid----379067----pid-5476
---ebpf-pid----379067----pid-1
---ebpf-pid----379067----pid-379067
---ebpf-pid----379067----pid-5476
---ebpf-pid----379067----pid-1
---ebpf-pid----379067----pid-379067
---ebpf-pid----379067----pid-5476
---ebpf-pid----379067----pid-1
---ebpf-pid----2012----pid-2012
---ebpf-pid----2012----pid-1
---ebpf-pid----2012----pid-2012
---ebpf-pid----2012----pid-1
---ebpf-pid----7312----pid-7312
---ebpf-pid----7312----pid-1
---ebpf-pid----7312----pid-7312
---ebpf-pid----7312----pid-1
---ebpf-pid----379067----pid-379067
---ebpf-pid----379067----pid-5476
---ebpf-pid----379067----pid-1
---ebpf-pid----2029----pid-2029
---ebpf-pid----2029----pid-1
---ebpf-pid----2029----pid-2029
---ebpf-pid----2029----pid-1
---ebpf-pid----2029----pid-2029
---ebpf-pid----2029----pid-1
---ebpf-pid----2029----pid-2029
---ebpf-pid----2029----pid-1
---ebpf-pid----2029----pid-2029
---ebpf-pid----2029----pid-1
---ebpf-pid----2029----pid-2029
---ebpf-pid----2029----pid-1
---ebpf-pid----2029----pid-2029
---ebpf-pid----2029----pid-1
---ebpf-pid----2029----pid-2029
---ebpf-pid----2029----pid-1
---ebpf-pid----2029----pid-2029
---ebpf-pid----2029----pid-1
---ebpf-pid----2029----pid-2029
---ebpf-pid----2029----pid-1
---ebpf-pid----2029----pid-2029
---ebpf-pid----2029----pid-1
---ebpf-pid----2029----pid-2029
---ebpf-pid----2029----pid-1
---ebpf-pid----2029----pid-2029
---ebpf-pid----2029----pid-1
---ebpf-pid----2029----pid-2029
---ebpf-pid----2029----pid-1
---ebpf-pid----2029----pid-2029
---ebpf-pid----2029----pid-1
---ebpf-pid----2029----pid-2029
---ebpf-pid----2029----pid-1
---ebpf-pid----2029----pid-2029
---ebpf-pid----2029----pid-1
---ebpf-pid----2029----pid-2029
---ebpf-pid----2029----pid-1
---ebpf-pid----2029----pid-2029
---ebpf-pid----2029----pid-1
---ebpf-pid----2029----pid-2029
---ebpf-pid----2029----pid-1
---ebpf-pid----2029----pid-2029
---ebpf-pid----2029----pid-1
---ebpf-pid----2029----pid-2029
---ebpf-pid----2029----pid-1
---ebpf-pid----2029----pid-2029
---ebpf-pid----2029----pid-1
---ebpf-pid----2029----pid-2029
---ebpf-pid----2029----pid-1
---ebpf-pid----2029----pid-2029
---ebpf-pid----2029----pid-1
---ebpf-pid----2029----pid-2029
---ebpf-pid----2029----pid-1
---ebpf-pid----2088----pid-2088
---ebpf-pid----2088----pid-1
---ebpf-pid----2088----pid-2088
---ebpf-pid----2088----pid-1
---ebpf-pid----2088----pid-2088
---ebpf-pid----2088----pid-1
---ebpf-pid----2088----pid-2088
---ebpf-pid----2088----pid-1
---ebpf-pid----2088----pid-2088
---ebpf-pid----2088----pid-1
---ebpf-pid----2088----pid-2088
---ebpf-pid----2088----pid-1
---ebpf-pid----2088----pid-2088
---ebpf-pid----2088----pid-1
---ebpf-pid----2088----pid-2088
---ebpf-pid----2088----pid-1
---ebpf-pid----2088----pid-2088
---ebpf-pid----2088----pid-1
---ebpf-pid----5638----pid-5638
---ebpf-pid----5638----pid-1
---ebpf-pid----5638----pid-5638
---ebpf-pid----5638----pid-1
---ebpf-pid----4716----pid-4716
---ebpf-pid----4716----pid-3323
Failed to get process information for PID 0
---ebpf-pid----4716----pid-1
---ebpf-pid----4716----pid-4716
---ebpf-pid----4716----pid-3323
---ebpf-pid----4716----pid-1
---ebpf-pid----4716----pid-4716
---ebpf-pid----4716----pid-3323
---ebpf-pid----4716----pid-1
---ebpf-pid----4716----pid-4716
---ebpf-pid----4716----pid-3323
---ebpf-pid----4716----pid-1
---ebpf-pid----5703----pid-5703
---ebpf-pid----5703----pid-5476
---ebpf-pid----5703----pid-1
---ebpf-pid----7313----pid-7313
---ebpf-pid----7313----pid-1
---ebpf-pid----4716----pid-4716
---ebpf-pid----4716----pid-3323
---ebpf-pid----4716----pid-1
---ebpf-pid----4716----pid-4716
---ebpf-pid----4716----pid-3323
---ebpf-pid----4716----pid-1
---ebpf-pid----4716----pid-4716
---ebpf-pid----4716----pid-3323
---ebpf-pid----4716----pid-1
---ebpf-pid----372881----pid-372881
---ebpf-pid----372881----pid-1
---ebpf-pid----372881----pid-372881
---ebpf-pid----372881----pid-1
---ebpf-pid----5705----pid-5705
---ebpf-pid----5705----pid-5476
---ebpf-pid----5705----pid-1
---ebpf-pid----5705----pid-5705
---ebpf-pid----5705----pid-5476
---ebpf-pid----5705----pid-1
---ebpf-pid----5705----pid-5705
---ebpf-pid----5705----pid-5476
---ebpf-pid----5705----pid-1
---ebpf-pid----5705----pid-5705
---ebpf-pid----5705----pid-5476
---ebpf-pid----5705----pid-1
---ebpf-pid----5705----pid-5705
---ebpf-pid----5705----pid-5476
---ebpf-pid----5705----pid-1
---ebpf-pid----5705----pid-5705
---ebpf-pid----5705----pid-5476
---ebpf-pid----5705----pid-1
---ebpf-pid----5707----pid-5707
---ebpf-pid----5707----pid-5476
---ebpf-pid----5707----pid-1
---ebpf-pid----5707----pid-5707
---ebpf-pid----5707----pid-5476
---ebpf-pid----5707----pid-1
---ebpf-pid----5707----pid-5707
---ebpf-pid----5707----pid-5476
---ebpf-pid----5707----pid-1
---ebpf-pid----5707----pid-5707
---ebpf-pid----5707----pid-5476
---ebpf-pid----5707----pid-1
---ebpf-pid----5707----pid-5707
---ebpf-pid----5707----pid-5476
---ebpf-pid----5707----pid-1
---ebpf-pid----5703----pid-5703
---ebpf-pid----5703----pid-5476
---ebpf-pid----5703----pid-1
---ebpf-pid----4716----pid-4716
---ebpf-pid----4716----pid-3323
---ebpf-pid----4716----pid-1
---ebpf-pid----5707----pid-5707
---ebpf-pid----5707----pid-5476
---ebpf-pid----5707----pid-1
---ebpf-pid----5707----pid-5707
---ebpf-pid----5707----pid-5476
---ebpf-pid----5707----pid-1
---ebpf-pid----5707----pid-5707
---ebpf-pid----5707----pid-5476
---ebpf-pid----5707----pid-1
---ebpf-pid----5707----pid-5707
---ebpf-pid----5707----pid-5476
---ebpf-pid----5707----pid-1
---ebpf-pid----5707----pid-5707
---ebpf-pid----5707----pid-5476
---ebpf-pid----5707----pid-1
---ebpf-pid----5707----pid-5707
---ebpf-pid----5707----pid-5476
---ebpf-pid----5707----pid-1
---ebpf-pid----5707----pid-5707
Failed to get process information for PID 0
---ebpf-pid----5707----pid-5476
---ebpf-pid----5707----pid-1
---ebpf-pid----5707----pid-5707
---ebpf-pid----5707----pid-5476
---ebpf-pid----5707----pid-1
---ebpf-pid----372714----pid-372714
---ebpf-pid----372714----pid-5476
---ebpf-pid----372714----pid-1
---ebpf-pid----372714----pid-372714
---ebpf-pid----372714----pid-5476
---ebpf-pid----372714----pid-1
---ebpf-pid----372714----pid-372714
---ebpf-pid----372714----pid-5476
---ebpf-pid----372714----pid-1
---ebpf-pid----372714----pid-372714
---ebpf-pid----372714----pid-5476
---ebpf-pid----372714----pid-1
---ebpf-pid----372714----pid-372714
---ebpf-pid----372714----pid-5476
---ebpf-pid----372714----pid-1
---ebpf-pid----372714----pid-372714
---ebpf-pid----372714----pid-5476
---ebpf-pid----372714----pid-1
---ebpf-pid----372714----pid-372714
---ebpf-pid----372714----pid-5476
---ebpf-pid----372714----pid-1
---ebpf-pid----372714----pid-372714
---ebpf-pid----372714----pid-5476
---ebpf-pid----372714----pid-1
---ebpf-pid----372714----pid-372714
---ebpf-pid----372714----pid-5476
---ebpf-pid----372714----pid-1
---ebpf-pid----372714----pid-372714
---ebpf-pid----372714----pid-5476
---ebpf-pid----372714----pid-1
---ebpf-pid----372714----pid-372714
---ebpf-pid----372714----pid-5476
---ebpf-pid----372714----pid-1
---ebpf-pid----372714----pid-372714
---ebpf-pid----372714----pid-5476
---ebpf-pid----372714----pid-1
---ebpf-pid----372714----pid-372714
---ebpf-pid----372714----pid-5476
---ebpf-pid----372714----pid-1
---ebpf-pid----372714----pid-372714
---ebpf-pid----372714----pid-5476
---ebpf-pid----372714----pid-1
---ebpf-pid----372714----pid-372714
---ebpf-pid----372714----pid-5476
---ebpf-pid----372714----pid-1
---ebpf-pid----372714----pid-372714
---ebpf-pid----372714----pid-5476
---ebpf-pid----372714----pid-1
---ebpf-pid----372714----pid-372714
---ebpf-pid----372714----pid-5476
---ebpf-pid----372714----pid-1
---ebpf-pid----372714----pid-372714
---ebpf-pid----372714----pid-5476
---ebpf-pid----372714----pid-1
---ebpf-pid----372714----pid-372714
---ebpf-pid----372714----pid-5476
---ebpf-pid----372714----pid-1
---ebpf-pid----372714----pid-372714
---ebpf-pid----372714----pid-5476
---ebpf-pid----372714----pid-1
---ebpf-pid----372714----pid-372714
---ebpf-pid----372714----pid-5476
---ebpf-pid----372714----pid-1
---ebpf-pid----372714----pid-372714
---ebpf-pid----372714----pid-5476
---ebpf-pid----372714----pid-1
---ebpf-pid----372714----pid-372714
---ebpf-pid----372714----pid-5476
---ebpf-pid----372714----pid-1
---ebpf-pid----372714----pid-372714
---ebpf-pid----372714----pid-5476
---ebpf-pid----372714----pid-1
---ebpf-pid----372714----pid-372714
---ebpf-pid----372714----pid-5476
---ebpf-pid----372714----pid-1
---ebpf-pid----372714----pid-372714
---ebpf-pid----372714----pid-5476
---ebpf-pid----372714----pid-1
---ebpf-pid----372714----pid-372714
---ebpf-pid----372714----pid-5476
---ebpf-pid----372714----pid-1
---ebpf-pid----372714----pid-372714
---ebpf-pid----372714----pid-5476
---ebpf-pid----372714----pid-1
---ebpf-pid----372714----pid-372714
---ebpf-pid----372714----pid-5476
---ebpf-pid----372714----pid-1
---ebpf-pid----372714----pid-372714
---ebpf-pid----372714----pid-5476
---ebpf-pid----372714----pid-1
---ebpf-pid----372714----pid-372714
---ebpf-pid----372714----pid-5476
---ebpf-pid----372714----pid-1
---ebpf-pid----372714----pid-372714
---ebpf-pid----372714----pid-5476
---ebpf-pid----372714----pid-1
---ebpf-pid----372714----pid-372714
---ebpf-pid----372714----pid-5476
---ebpf-pid----372714----pid-1
---ebpf-pid----4716----pid-4716
---ebpf-pid----4716----pid-3323
---ebpf-pid----4716----pid-1
---ebpf-pid----4716----pid-4716
Failed to get process information for PID 0
---ebpf-pid----4716----pid-3323
---ebpf-pid----4716----pid-1
---ebpf-pid----5705----pid-5705
---ebpf-pid----5705----pid-5476
---ebpf-pid----5705----pid-1
---ebpf-pid----2088----pid-2088
---ebpf-pid----2088----pid-1
---ebpf-pid----2088----pid-2088
---ebpf-pid----2088----pid-1
---ebpf-pid----4716----pid-4716
---ebpf-pid----4716----pid-3323
---ebpf-pid----4716----pid-1
---ebpf-pid----372714----pid-372714
---ebpf-pid----372714----pid-5476
---ebpf-pid----372714----pid-1
---ebpf-pid----372714----pid-372714
---ebpf-pid----372714----pid-5476
---ebpf-pid----372714----pid-1
---ebpf-pid----372714----pid-372714
---ebpf-pid----372714----pid-5476
---ebpf-pid----372714----pid-1
---ebpf-pid----372714----pid-372714
---ebpf-pid----372714----pid-5476
---ebpf-pid----372714----pid-1
---ebpf-pid----372714----pid-372714
---ebpf-pid----372714----pid-5476
---ebpf-pid----372714----pid-1
---ebpf-pid----372714----pid-372714
---ebpf-pid----372714----pid-5476
---ebpf-pid----372714----pid-1
---ebpf-pid----372714----pid-372714
---ebpf-pid----372714----pid-5476
---ebpf-pid----372714----pid-1
---ebpf-pid----372714----pid-372714
---ebpf-pid----372714----pid-5476
---ebpf-pid----372714----pid-1
---ebpf-pid----372714----pid-372714
---ebpf-pid----372714----pid-5476
---ebpf-pid----372714----pid-1
---ebpf-pid----372714----pid-372714
---ebpf-pid----372714----pid-5476
---ebpf-pid----372714----pid-1
---ebpf-pid----372714----pid-372714
---ebpf-pid----372714----pid-5476
---ebpf-pid----372714----pid-1
---ebpf-pid----372714----pid-372714
---ebpf-pid----372714----pid-5476
---ebpf-pid----372714----pid-1
---ebpf-pid----4716----pid-4716
---ebpf-pid----4716----pid-3323
---ebpf-pid----4716----pid-1
---ebpf-pid----4716----pid-4716
---ebpf-pid----4716----pid-3323
---ebpf-pid----4716----pid-1
---ebpf-pid----5614----pid-5614
---ebpf-pid----5614----pid-1
---ebpf-pid----4716----pid-4716
---ebpf-pid----4716----pid-3323
---ebpf-pid----4716----pid-1
---ebpf-pid----2029----pid-2029
---ebpf-pid----2029----pid-1
---ebpf-pid----2029----pid-2029
---ebpf-pid----2029----pid-1
---ebpf-pid----4716----pid-4716
---ebpf-pid----4716----pid-3323
---ebpf-pid----4716----pid-1
---ebpf-pid----4716----pid-4716
---ebpf-pid----4716----pid-3323
---ebpf-pid----4716----pid-1
---ebpf-pid----372714----pid-372714
---ebpf-pid----372714----pid-5476
---ebpf-pid----372714----pid-1
---ebpf-pid----4716----pid-4716
---ebpf-pid----4716----pid-3323
---ebpf-pid----4716----pid-1
---ebpf-pid----372714----pid-372714
---ebpf-pid----372714----pid-5476
---ebpf-pid----372714----pid-1
---ebpf-pid----372714----pid-372714
---ebpf-pid----372714----pid-5476
---ebpf-pid----372714----pid-1
---ebpf-pid----372714----pid-372714
---ebpf-pid----372714----pid-5476
---ebpf-pid----372714----pid-1
---ebpf-pid----372714----pid-372714
---ebpf-pid----372714----pid-5476
---ebpf-pid----372714----pid-1
---ebpf-pid----372714----pid-372714
---ebpf-pid----372714----pid-5476
---ebpf-pid----372714----pid-1
---ebpf-pid----1856----pid-1856
---ebpf-pid----1856----pid-1
---ebpf-pid----372714----pid-372714
---ebpf-pid----372714----pid-5476
---ebpf-pid----372714----pid-1
---ebpf-pid----372714----pid-372714
---ebpf-pid----372714----pid-5476
---ebpf-pid----372714----pid-1
---ebpf-pid----372714----pid-372714
---ebpf-pid----372714----pid-5476
---ebpf-pid----372714----pid-1
---ebpf-pid----2089----pid-2089
---ebpf-pid----2089----pid-1
---ebpf-pid----2089----pid-2089
---ebpf-pid----2089----pid-1
---ebpf-pid----2089----pid-2089
---ebpf-pid----2089----pid-1
---ebpf-pid----2089----pid-2089
---ebpf-pid----2089----pid-1
---ebpf-pid----2089----pid-2089
---ebpf-pid----2089----pid-1
---ebpf-pid----2089----pid-2089
---ebpf-pid----2089----pid-1
---ebpf-pid----2089----pid-2089
---ebpf-pid----2089----pid-1
---ebpf-pid----448522----pid-448522
---ebpf-pid----448522----pid-1
---ebpf-pid----372714----pid-372714
---ebpf-pid----372714----pid-5476
---ebpf-pid----372714----pid-1
---ebpf-pid----7313----pid-7313
---ebpf-pid----7313----pid-1
---ebpf-pid----372714----pid-372714
---ebpf-pid----372714----pid-5476
---ebpf-pid----372714----pid-1
---ebpf-pid----372714----pid-372714
---ebpf-pid----372714----pid-5476
---ebpf-pid----372714----pid-1
---ebpf-pid----372714----pid-372714
---ebpf-pid----372714----pid-5476
---ebpf-pid----372714----pid-1
---ebpf-pid----7313----pid-7313
---ebpf-pid----7313----pid-1
---ebpf-pid----372714----pid-372714
---ebpf-pid----372714----pid-5476
---ebpf-pid----372714----pid-1
---ebpf-pid----372714----pid-372714
---ebpf-pid----372714----pid-5476
---ebpf-pid----372714----pid-1
---ebpf-pid----372714----pid-372714
---ebpf-pid----372714----pid-5476
---ebpf-pid----372714----pid-1
---ebpf-pid----372714----pid-372714
---ebpf-pid----372714----pid-5476
---ebpf-pid----372714----pid-1
---ebpf-pid----372714----pid-372714
---ebpf-pid----372714----pid-5476
---ebpf-pid----372714----pid-1
---ebpf-pid----372714----pid-372714
---ebpf-pid----372714----pid-5476
---ebpf-pid----372714----pid-1
---ebpf-pid----372714----pid-372714
---ebpf-pid----372714----pid-5476
---ebpf-pid----372714----pid-1
---ebpf-pid----372714----pid-372714
---ebpf-pid----372714----pid-5476
---ebpf-pid----372714----pid-1
---ebpf-pid----372714----pid-372714
---ebpf-pid----372714----pid-5476
---ebpf-pid----372714----pid-1
---ebpf-pid----372714----pid-372714
---ebpf-pid----372714----pid-5476
---ebpf-pid----372714----pid-1
---ebpf-pid----372714----pid-372714
---ebpf-pid----372714----pid-5476
---ebpf-pid----372714----pid-1
---ebpf-pid----5705----pid-5705
---ebpf-pid----5705----pid-5476
---ebpf-pid----5705----pid-1
---ebpf-pid----5705----pid-5705
---ebpf-pid----5705----pid-5476
---ebpf-pid----5705----pid-1
---ebpf-pid----5705----pid-5705
---ebpf-pid----5705----pid-5476
---ebpf-pid----5705----pid-1
---ebpf-pid----5705----pid-5705
---ebpf-pid----5705----pid-5476
---ebpf-pid----5705----pid-1
---ebpf-pid----5705----pid-5705
---ebpf-pid----5705----pid-5476
---ebpf-pid----5705----pid-1
---ebpf-pid----5705----pid-5705
---ebpf-pid----5705----pid-5476
---ebpf-pid----5705----pid-1
---ebpf-pid----5705----pid-5705
---ebpf-pid----5705----pid-5476
---ebpf-pid----5705----pid-1
---ebpf-pid----5705----pid-5705
---ebpf-pid----5705----pid-5476
---ebpf-pid----5705----pid-1
---ebpf-pid----5705----pid-5705
---ebpf-pid----5705----pid-5476
---ebpf-pid----5705----pid-1
---ebpf-pid----5705----pid-5705
---ebpf-pid----5705----pid-5476
---ebpf-pid----5705----pid-1
---ebpf-pid----5705----pid-5705
---ebpf-pid----5705----pid-5476
---ebpf-pid----5705----pid-1
---ebpf-pid----5705----pid-5705
---ebpf-pid----5705----pid-5476
---ebpf-pid----5705----pid-1
---ebpf-pid----5705----pid-5705
---ebpf-pid----5705----pid-5476
---ebpf-pid----5705----pid-1
---ebpf-pid----5705----pid-5705
---ebpf-pid----5705----pid-5476
---ebpf-pid----5705----pid-1
---ebpf-pid----5705----pid-5705
---ebpf-pid----5705----pid-5476
---ebpf-pid----5705----pid-1
---ebpf-pid----5705----pid-5705
---ebpf-pid----5705----pid-5476
---ebpf-pid----5705----pid-1
---ebpf-pid----5705----pid-5705
---ebpf-pid----5705----pid-5476
---ebpf-pid----5705----pid-1
---ebpf-pid----5705----pid-5705
---ebpf-pid----5705----pid-5476
---ebpf-pid----5705----pid-1
---ebpf-pid----5705----pid-5705
---ebpf-pid----5705----pid-5476
---ebpf-pid----5705----pid-1
---ebpf-pid----15----pid-15
---ebpf-pid----15----pid-2
---ebpf-pid----372714----pid-372714
---ebpf-pid----372714----pid-5476
---ebpf-pid----372714----pid-1
---ebpf-pid----372714----pid-372714
---ebpf-pid----372714----pid-5476
---ebpf-pid----372714----pid-1
---ebpf-pid----372714----pid-372714
---ebpf-pid----372714----pid-5476
---ebpf-pid----372714----pid-1
---ebpf-pid----372714----pid-372714
---ebpf-pid----372714----pid-5476
---ebpf-pid----372714----pid-1
---ebpf-pid----372714----pid-372714
---ebpf-pid----372714----pid-5476
---ebpf-pid----372714----pid-1
---ebpf-pid----372714----pid-372714
---ebpf-pid----372714----pid-5476
---ebpf-pid----372714----pid-1
---ebpf-pid----372714----pid-372714
---ebpf-pid----372714----pid-5476
---ebpf-pid----372714----pid-1
---ebpf-pid----372714----pid-372714
---ebpf-pid----372714----pid-5476
---ebpf-pid----372714----pid-1
---ebpf-pid----372714----pid-372714
---ebpf-pid----372714----pid-5476
---ebpf-pid----372714----pid-1
---ebpf-pid----372714----pid-372714
---ebpf-pid----372714----pid-5476
---ebpf-pid----372714----pid-1
---ebpf-pid----372714----pid-372714
---ebpf-pid----372714----pid-5476
---ebpf-pid----372714----pid-1
---ebpf-pid----372714----pid-372714
---ebpf-pid----372714----pid-5476
---ebpf-pid----372714----pid-1
---ebpf-pid----372714----pid-372714
---ebpf-pid----372714----pid-5476
---ebpf-pid----372714----pid-1
Failed to get process information for PID 0
Failed to get process information for PID 0
---ebpf-pid----372714----pid-372714
---ebpf-pid----372714----pid-5476
---ebpf-pid----372714----pid-1
---ebpf-pid----372714----pid-372714
Failed to get process information for PID 0
---ebpf-pid----372714----pid-5476
---ebpf-pid----372714----pid-1
---ebpf-pid----372714----pid-372714
---ebpf-pid----372714----pid-5476
---ebpf-pid----372714----pid-1
---ebpf-pid----372714----pid-372714
---ebpf-pid----372714----pid-5476
---ebpf-pid----372714----pid-1
---ebpf-pid----372714----pid-372714
---ebpf-pid----372714----pid-5476
---ebpf-pid----372714----pid-1
---ebpf-pid----372714----pid-372714
---ebpf-pid----372714----pid-5476
---ebpf-pid----372714----pid-1
---ebpf-pid----372714----pid-372714
---ebpf-pid----372714----pid-5476
---ebpf-pid----372714----pid-1
---ebpf-pid----372714----pid-372714
---ebpf-pid----372714----pid-5476
---ebpf-pid----372714----pid-1
---ebpf-pid----372714----pid-372714
---ebpf-pid----372714----pid-5476
---ebpf-pid----372714----pid-1
---ebpf-pid----372714----pid-372714
---ebpf-pid----372714----pid-5476
---ebpf-pid----372714----pid-1
---ebpf-pid----372714----pid-372714
---ebpf-pid----372714----pid-5476
---ebpf-pid----372714----pid-1
---ebpf-pid----372714----pid-372714
---ebpf-pid----372714----pid-5476
---ebpf-pid----372714----pid-1
---ebpf-pid----372714----pid-372714
---ebpf-pid----372714----pid-5476
---ebpf-pid----372714----pid-1
---ebpf-pid----372714----pid-372714
---ebpf-pid----372714----pid-5476
---ebpf-pid----372714----pid-1
---ebpf-pid----372714----pid-372714
---ebpf-pid----372714----pid-5476
---ebpf-pid----372714----pid-1
---ebpf-pid----372714----pid-372714
---ebpf-pid----372714----pid-5476
---ebpf-pid----372714----pid-1
---ebpf-pid----372714----pid-372714
---ebpf-pid----372714----pid-5476
---ebpf-pid----372714----pid-1
---ebpf-pid----372714----pid-372714
---ebpf-pid----372714----pid-5476
---ebpf-pid----372714----pid-1
Failed to get process information for PID 0
---ebpf-pid----372714----pid-372714
---ebpf-pid----372714----pid-5476
---ebpf-pid----372714----pid-1
---ebpf-pid----372714----pid-372714
---ebpf-pid----372714----pid-5476
---ebpf-pid----372714----pid-1
---ebpf-pid----2089----pid-2089
---ebpf-pid----2089----pid-1
---ebpf-pid----5707----pid-5707
---ebpf-pid----5707----pid-5476
---ebpf-pid----5707----pid-1
---ebpf-pid----5707----pid-5707
---ebpf-pid----5707----pid-5476
---ebpf-pid----5707----pid-1
---ebpf-pid----5707----pid-5707
---ebpf-pid----5707----pid-5476
---ebpf-pid----5707----pid-1
---ebpf-pid----4716----pid-4716
---ebpf-pid----4716----pid-3323
---ebpf-pid----4716----pid-1
---ebpf-pid----4716----pid-4716
---ebpf-pid----4716----pid-3323
---ebpf-pid----4716----pid-1
---ebpf-pid----4716----pid-4716
---ebpf-pid----4716----pid-3323
---ebpf-pid----4716----pid-1
---ebpf-pid----4716----pid-4716
---ebpf-pid----4716----pid-3323
---ebpf-pid----4716----pid-1
---ebpf-pid----4716----pid-4716
---ebpf-pid----4716----pid-3323
---ebpf-pid----4716----pid-1
---ebpf-pid----4716----pid-4716
---ebpf-pid----4716----pid-3323
---ebpf-pid----4716----pid-1
---ebpf-pid----4716----pid-4716
---ebpf-pid----4716----pid-3323
---ebpf-pid----4716----pid-1
---ebpf-pid----7313----pid-7313
---ebpf-pid----7313----pid-1
---ebpf-pid----372881----pid-372881
---ebpf-pid----372881----pid-1
---ebpf-pid----372881----pid-372881
---ebpf-pid----372881----pid-1
---ebpf-pid----372881----pid-372881
---ebpf-pid----372881----pid-1
---ebpf-pid----5703----pid-5703
---ebpf-pid----5703----pid-5476
---ebpf-pid----5703----pid-1
---ebpf-pid----372881----pid-372881
---ebpf-pid----372881----pid-1
---ebpf-pid----372881----pid-372881
---ebpf-pid----372881----pid-1
---ebpf-pid----372881----pid-372881
---ebpf-pid----372881----pid-1
---ebpf-pid----372881----pid-372881
---ebpf-pid----372881----pid-1
---ebpf-pid----5705----pid-5705
---ebpf-pid----5705----pid-5476
---ebpf-pid----5705----pid-1
---ebpf-pid----5705----pid-5705
---ebpf-pid----5705----pid-5476
---ebpf-pid----5705----pid-1
---ebpf-pid----5705----pid-5705
---ebpf-pid----5705----pid-5476
---ebpf-pid----5705----pid-1
---ebpf-pid----5705----pid-5705
---ebpf-pid----5705----pid-5476
---ebpf-pid----5705----pid-1
---ebpf-pid----5705----pid-5705
---ebpf-pid----5705----pid-5476
---ebpf-pid----5705----pid-1
---ebpf-pid----5705----pid-5705
---ebpf-pid----5705----pid-5476
---ebpf-pid----5705----pid-1
---ebpf-pid----5705----pid-5705
---ebpf-pid----5705----pid-5476
---ebpf-pid----5705----pid-1
---ebpf-pid----5705----pid-5705
---ebpf-pid----5705----pid-5476
---ebpf-pid----5705----pid-1
---ebpf-pid----5705----pid-5705
---ebpf-pid----5705----pid-5476
---ebpf-pid----5705----pid-1
---ebpf-pid----2012----pid-2012
---ebpf-pid----2012----pid-1
---ebpf-pid----448522----pid-448522
---ebpf-pid----448522----pid-1
---ebpf-pid----5705----pid-5705
---ebpf-pid----5705----pid-5476
---ebpf-pid----5705----pid-1
---ebpf-pid----5705----pid-5705
---ebpf-pid----5705----pid-5476
---ebpf-pid----5705----pid-1
---ebpf-pid----5703----pid-5703
---ebpf-pid----5703----pid-5476
---ebpf-pid----5703----pid-1
---ebpf-pid----2012----pid-2012
---ebpf-pid----2012----pid-1
---ebpf-pid----5705----pid-5705
---ebpf-pid----5705----pid-5476
---ebpf-pid----5705----pid-1
---ebpf-pid----5705----pid-5705
---ebpf-pid----5705----pid-5476
---ebpf-pid----5705----pid-1
---ebpf-pid----2012----pid-2012
---ebpf-pid----2012----pid-1
---ebpf-pid----5705----pid-5705
---ebpf-pid----5705----pid-5476
---ebpf-pid----5705----pid-1
---ebpf-pid----5705----pid-5705
---ebpf-pid----5705----pid-5476
---ebpf-pid----5705----pid-1
---ebpf-pid----5705----pid-5705
---ebpf-pid----5705----pid-5476
---ebpf-pid----5705----pid-1
---ebpf-pid----2012----pid-2012
---ebpf-pid----2012----pid-1
---ebpf-pid----2012----pid-2012
---ebpf-pid----2012----pid-1
---ebpf-pid----5705----pid-5705
---ebpf-pid----5705----pid-5476
---ebpf-pid----5705----pid-1
---ebpf-pid----5705----pid-5705
---ebpf-pid----5705----pid-5476
---ebpf-pid----5705----pid-1
---ebpf-pid----5705----pid-5705
---ebpf-pid----5705----pid-5476
---ebpf-pid----5705----pid-1
---ebpf-pid----5705----pid-5705
---ebpf-pid----5705----pid-5476
---ebpf-pid----5705----pid-1
---ebpf-pid----5705----pid-5705
---ebpf-pid----5705----pid-5476
---ebpf-pid----5705----pid-1
---ebpf-pid----2012----pid-2012
---ebpf-pid----2012----pid-1
---ebpf-pid----5705----pid-5705
---ebpf-pid----5705----pid-5476
---ebpf-pid----5705----pid-1
---ebpf-pid----5705----pid-5705
---ebpf-pid----5705----pid-5476
---ebpf-pid----5705----pid-1
---ebpf-pid----5705----pid-5705
---ebpf-pid----5705----pid-5476
---ebpf-pid----5705----pid-1
---ebpf-pid----5705----pid-5705
---ebpf-pid----5705----pid-5476
---ebpf-pid----5705----pid-1
---ebpf-pid----2012----pid-2012
---ebpf-pid----2012----pid-1
---ebpf-pid----2012----pid-2012
---ebpf-pid----2012----pid-1
---ebpf-pid----2012----pid-2012
---ebpf-pid----2012----pid-1
---ebpf-pid----2012----pid-2012
---ebpf-pid----2012----pid-1
---ebpf-pid----2012----pid-2012
---ebpf-pid----2012----pid-1
---ebpf-pid----2012----pid-2012
---ebpf-pid----2012----pid-1
---ebpf-pid----5705----pid-5705
---ebpf-pid----5705----pid-5476
---ebpf-pid----5705----pid-1
---ebpf-pid----5705----pid-5705
---ebpf-pid----5705----pid-5476
---ebpf-pid----5705----pid-1
---ebpf-pid----5705----pid-5705
---ebpf-pid----5705----pid-5476
---ebpf-pid----5705----pid-1
---ebpf-pid----5705----pid-5705
---ebpf-pid----5705----pid-5476
---ebpf-pid----5705----pid-1
---ebpf-pid----5705----pid-5705
---ebpf-pid----5705----pid-5476
---ebpf-pid----5705----pid-1
---ebpf-pid----5705----pid-5705
---ebpf-pid----5705----pid-5476
---ebpf-pid----5705----pid-1
---ebpf-pid----2012----pid-2012
---ebpf-pid----2012----pid-1
---ebpf-pid----2012----pid-2012
---ebpf-pid----2012----pid-1
---ebpf-pid----2012----pid-2012
---ebpf-pid----2012----pid-1
---ebpf-pid----2012----pid-2012
---ebpf-pid----2012----pid-1
---ebpf-pid----2012----pid-2012
---ebpf-pid----2012----pid-1
---ebpf-pid----2012----pid-2012
---ebpf-pid----2012----pid-1
---ebpf-pid----2012----pid-2012
---ebpf-pid----2012----pid-1
---ebpf-pid----2012----pid-2012
---ebpf-pid----2012----pid-1
---ebpf-pid----2012----pid-2012
---ebpf-pid----2012----pid-1
---ebpf-pid----2012----pid-2012
---ebpf-pid----2012----pid-1
---ebpf-pid----2012----pid-2012
---ebpf-pid----2012----pid-1
---ebpf-pid----372714----pid-372714
---ebpf-pid----372714----pid-5476
---ebpf-pid----372714----pid-1
---ebpf-pid----372714----pid-372714
---ebpf-pid----372714----pid-5476
---ebpf-pid----372714----pid-1
---ebpf-pid----372714----pid-372714
---ebpf-pid----372714----pid-5476
---ebpf-pid----372714----pid-1
---ebpf-pid----372881----pid-372881
---ebpf-pid----372881----pid-1
---ebpf-pid----372714----pid-372714
---ebpf-pid----372714----pid-5476
---ebpf-pid----372714----pid-1
---ebpf-pid----5705----pid-5705
---ebpf-pid----5705----pid-5476
---ebpf-pid----5705----pid-1
---ebpf-pid----372714----pid-372714
---ebpf-pid----372714----pid-5476
---ebpf-pid----372714----pid-1
---ebpf-pid----372714----pid-372714
---ebpf-pid----372714----pid-5476
---ebpf-pid----372714----pid-1
---ebpf-pid----5705----pid-5705
---ebpf-pid----5705----pid-5476
---ebpf-pid----5705----pid-1
---ebpf-pid----5705----pid-5705
---ebpf-pid----5705----pid-5476
---ebpf-pid----5705----pid-1
---ebpf-pid----5705----pid-5705
---ebpf-pid----5705----pid-5476
---ebpf-pid----5705----pid-1
---ebpf-pid----5705----pid-5705
---ebpf-pid----5705----pid-5476
---ebpf-pid----5705----pid-1
---ebpf-pid----5705----pid-5705
---ebpf-pid----5705----pid-5476
---ebpf-pid----5705----pid-1
---ebpf-pid----5705----pid-5705
---ebpf-pid----5705----pid-5476
---ebpf-pid----5705----pid-1
---ebpf-pid----5705----pid-5705
---ebpf-pid----5705----pid-5476
---ebpf-pid----5705----pid-1
---ebpf-pid----5705----pid-5705
---ebpf-pid----5705----pid-5476
---ebpf-pid----5705----pid-1
---ebpf-pid----5705----pid-5705
---ebpf-pid----5705----pid-5476
---ebpf-pid----5705----pid-1
---ebpf-pid----5705----pid-5705
---ebpf-pid----5705----pid-5476
---ebpf-pid----5705----pid-1
---ebpf-pid----5705----pid-5705
---ebpf-pid----5705----pid-5476
---ebpf-pid----5705----pid-1
---ebpf-pid----5705----pid-5705
---ebpf-pid----5705----pid-5476
---ebpf-pid----5705----pid-1
---ebpf-pid----2010----pid-2010
---ebpf-pid----2010----pid-1
---ebpf-pid----2089----pid-2089
---ebpf-pid----2089----pid-1
---ebpf-pid----2089----pid-2089
---ebpf-pid----2089----pid-1
---ebpf-pid----2089----pid-2089
---ebpf-pid----2089----pid-1
---ebpf-pid----2089----pid-2089
---ebpf-pid----2089----pid-1
---ebpf-pid----2089----pid-2089
---ebpf-pid----2089----pid-1
---ebpf-pid----2089----pid-2089
---ebpf-pid----2089----pid-1
---ebpf-pid----2089----pid-2089
---ebpf-pid----2089----pid-1
---ebpf-pid----2089----pid-2089
---ebpf-pid----2089----pid-1
---ebpf-pid----2089----pid-2089
---ebpf-pid----2089----pid-1
---ebpf-pid----372881----pid-372881
---ebpf-pid----372881----pid-1
---ebpf-pid----372881----pid-372881
---ebpf-pid----372881----pid-1
---ebpf-pid----372881----pid-372881
---ebpf-pid----372881----pid-1
---ebpf-pid----372881----pid-372881
---ebpf-pid----372881----pid-1
---ebpf-pid----372881----pid-372881
---ebpf-pid----372881----pid-1
---ebpf-pid----372881----pid-372881
---ebpf-pid----372881----pid-1
---ebpf-pid----372881----pid-372881
---ebpf-pid----372881----pid-1
---ebpf-pid----372881----pid-372881
---ebpf-pid----372881----pid-1
---ebpf-pid----372881----pid-372881
---ebpf-pid----372881----pid-1
---ebpf-pid----372881----pid-372881
---ebpf-pid----372881----pid-1
---ebpf-pid----2089----pid-2089
---ebpf-pid----2089----pid-1
---ebpf-pid----2089----pid-2089
---ebpf-pid----2089----pid-1
---ebpf-pid----2089----pid-2089
---ebpf-pid----2089----pid-1
---ebpf-pid----2089----pid-2089
---ebpf-pid----2089----pid-1
---ebpf-pid----2089----pid-2089
---ebpf-pid----2089----pid-1
---ebpf-pid----2089----pid-2089
---ebpf-pid----2089----pid-1
---ebpf-pid----2089----pid-2089
---ebpf-pid----2089----pid-1
---ebpf-pid----5707----pid-5707
---ebpf-pid----5707----pid-5476
---ebpf-pid----5707----pid-1
---ebpf-pid----5707----pid-5707
---ebpf-pid----5707----pid-5476
---ebpf-pid----5707----pid-1
---ebpf-pid----5707----pid-5707
---ebpf-pid----5707----pid-5476
---ebpf-pid----5707----pid-1
---ebpf-pid----7312----pid-7312
---ebpf-pid----7312----pid-1
---ebpf-pid----5707----pid-5707
---ebpf-pid----5707----pid-5476
---ebpf-pid----5707----pid-1
---ebpf-pid----5707----pid-5707
---ebpf-pid----5707----pid-5476
---ebpf-pid----5707----pid-1
---ebpf-pid----5707----pid-5707
---ebpf-pid----5707----pid-5476
---ebpf-pid----5707----pid-1
---ebpf-pid----5707----pid-5707
---ebpf-pid----5707----pid-5476
---ebpf-pid----5707----pid-1
---ebpf-pid----5707----pid-5707
---ebpf-pid----5707----pid-5476
---ebpf-pid----5707----pid-1
---ebpf-pid----5707----pid-5707
---ebpf-pid----5707----pid-5476
---ebpf-pid----5707----pid-1
---ebpf-pid----5707----pid-5707
---ebpf-pid----5707----pid-5476
---ebpf-pid----5707----pid-1
---ebpf-pid----5707----pid-5707
---ebpf-pid----5707----pid-5476
---ebpf-pid----5707----pid-1
---ebpf-pid----5707----pid-5707
---ebpf-pid----5707----pid-5476
---ebpf-pid----5707----pid-1
---ebpf-pid----2012----pid-2012
---ebpf-pid----2012----pid-1
---ebpf-pid----2012----pid-2012
---ebpf-pid----2012----pid-1
---ebpf-pid----2012----pid-2012
---ebpf-pid----2012----pid-1
---ebpf-pid----2012----pid-2012
---ebpf-pid----2012----pid-1
---ebpf-pid----2012----pid-2012
---ebpf-pid----2012----pid-1
---ebpf-pid----2012----pid-2012
---ebpf-pid----2012----pid-1
---ebpf-pid----2012----pid-2012
---ebpf-pid----2012----pid-1
---ebpf-pid----2012----pid-2012
---ebpf-pid----2012----pid-1
---ebpf-pid----2012----pid-2012
---ebpf-pid----2012----pid-1
---ebpf-pid----2012----pid-2012
---ebpf-pid----2012----pid-1
---ebpf-pid----2012----pid-2012
---ebpf-pid----2012----pid-1
---ebpf-pid----5705----pid-5705
---ebpf-pid----5705----pid-5476
---ebpf-pid----5705----pid-1
---ebpf-pid----5705----pid-5705
---ebpf-pid----5705----pid-5476
---ebpf-pid----5705----pid-1
---ebpf-pid----2012----pid-2012
---ebpf-pid----2012----pid-1
---ebpf-pid----2012----pid-2012
---ebpf-pid----2012----pid-1
---ebpf-pid----2012----pid-2012
---ebpf-pid----2012----pid-1
---ebpf-pid----2012----pid-2012
---ebpf-pid----2012----pid-1
---ebpf-pid----2012----pid-2012
---ebpf-pid----2012----pid-1
---ebpf-pid----2012----pid-2012
---ebpf-pid----2012----pid-1
---ebpf-pid----2012----pid-2012
---ebpf-pid----2012----pid-1
---ebpf-pid----2012----pid-2012
---ebpf-pid----2012----pid-1
---ebpf-pid----2012----pid-2012
---ebpf-pid----2012----pid-1
---ebpf-pid----2012----pid-2012
---ebpf-pid----2012----pid-1
---ebpf-pid----2012----pid-2012
---ebpf-pid----2012----pid-1
---ebpf-pid----2012----pid-2012
---ebpf-pid----2012----pid-1
---ebpf-pid----2012----pid-2012
---ebpf-pid----2012----pid-1
---ebpf-pid----2012----pid-2012
---ebpf-pid----2012----pid-1
---ebpf-pid----2012----pid-2012
---ebpf-pid----2012----pid-1
---ebpf-pid----2012----pid-2012
---ebpf-pid----2012----pid-1
---ebpf-pid----2012----pid-2012
---ebpf-pid----2012----pid-1
---ebpf-pid----2012----pid-2012
---ebpf-pid----2012----pid-1
---ebpf-pid----2012----pid-2012
---ebpf-pid----2012----pid-1
---ebpf-pid----2012----pid-2012
---ebpf-pid----2012----pid-1
---ebpf-pid----2012----pid-2012
---ebpf-pid----2012----pid-1
---ebpf-pid----2012----pid-2012
---ebpf-pid----2012----pid-1
---ebpf-pid----2012----pid-2012
---ebpf-pid----2012----pid-1
---ebpf-pid----2012----pid-2012
---ebpf-pid----2012----pid-1
---ebpf-pid----2029----pid-2029
---ebpf-pid----2029----pid-1
---ebpf-pid----5703----pid-5703
---ebpf-pid----5703----pid-5476
---ebpf-pid----5703----pid-1
---ebpf-pid----2012----pid-2012
---ebpf-pid----2012----pid-1
---ebpf-pid----2029----pid-2029
---ebpf-pid----2029----pid-1
---ebpf-pid----2029----pid-2029
---ebpf-pid----2029----pid-1
---ebpf-pid----2029----pid-2029
---ebpf-pid----2029----pid-1
---ebpf-pid----2029----pid-2029
---ebpf-pid----2029----pid-1
---ebpf-pid----2029----pid-2029
---ebpf-pid----2029----pid-1
---ebpf-pid----2029----pid-2029
---ebpf-pid----2029----pid-1
---ebpf-pid----5705----pid-5705
---ebpf-pid----5705----pid-5476
---ebpf-pid----5705----pid-1
---ebpf-pid----5705----pid-5705
---ebpf-pid----5705----pid-5476
---ebpf-pid----5705----pid-1
---ebpf-pid----5705----pid-5705
---ebpf-pid----5705----pid-5476
---ebpf-pid----5705----pid-1
---ebpf-pid----5705----pid-5705
---ebpf-pid----5705----pid-5476
---ebpf-pid----5705----pid-1
---ebpf-pid----5707----pid-5707
---ebpf-pid----5707----pid-5476
---ebpf-pid----5707----pid-1
---ebpf-pid----5707----pid-5707
---ebpf-pid----5707----pid-5476
---ebpf-pid----5707----pid-1
---ebpf-pid----5707----pid-5707
---ebpf-pid----5707----pid-5476
---ebpf-pid----5707----pid-1
---ebpf-pid----5707----pid-5707
---ebpf-pid----5707----pid-5476
---ebpf-pid----5707----pid-1
Failed to get process information for PID 0
---ebpf-pid----5707----pid-5707
---ebpf-pid----5707----pid-5476
---ebpf-pid----5707----pid-1
---ebpf-pid----372881----pid-372881
---ebpf-pid----372881----pid-1
---ebpf-pid----372881----pid-372881
---ebpf-pid----372881----pid-1
---ebpf-pid----379067----pid-379067
---ebpf-pid----379067----pid-5476
---ebpf-pid----379067----pid-1
---ebpf-pid----379067----pid-379067
---ebpf-pid----379067----pid-5476
---ebpf-pid----379067----pid-1
---ebpf-pid----379067----pid-379067
---ebpf-pid----379067----pid-5476
---ebpf-pid----379067----pid-1
---ebpf-pid----379067----pid-379067
---ebpf-pid----379067----pid-5476
---ebpf-pid----379067----pid-1
---ebpf-pid----379067----pid-379067
---ebpf-pid----379067----pid-5476
---ebpf-pid----379067----pid-1
---ebpf-pid----379067----pid-379067
---ebpf-pid----379067----pid-5476
---ebpf-pid----379067----pid-1
---ebpf-pid----379067----pid-379067
---ebpf-pid----379067----pid-5476
---ebpf-pid----379067----pid-1
---ebpf-pid----372881----pid-372881
---ebpf-pid----372881----pid-1
---ebpf-pid----379067----pid-379067
---ebpf-pid----379067----pid-5476
---ebpf-pid----379067----pid-1
---ebpf-pid----379067----pid-379067
---ebpf-pid----379067----pid-5476
---ebpf-pid----379067----pid-1
---ebpf-pid----379067----pid-379067
---ebpf-pid----379067----pid-5476
---ebpf-pid----379067----pid-1
---ebpf-pid----379067----pid-379067
---ebpf-pid----379067----pid-5476
---ebpf-pid----379067----pid-1
---ebpf-pid----379067----pid-379067
---ebpf-pid----379067----pid-5476
---ebpf-pid----379067----pid-1
---ebpf-pid----379067----pid-379067
---ebpf-pid----379067----pid-5476
---ebpf-pid----379067----pid-1
---ebpf-pid----379067----pid-379067
---ebpf-pid----379067----pid-5476
---ebpf-pid----379067----pid-1
---ebpf-pid----379067----pid-379067
---ebpf-pid----379067----pid-5476
---ebpf-pid----379067----pid-1
---ebpf-pid----5707----pid-5707
---ebpf-pid----5707----pid-5476
---ebpf-pid----5707----pid-1
---ebpf-pid----5707----pid-5707
---ebpf-pid----5707----pid-5476
---ebpf-pid----5707----pid-1
---ebpf-pid----5707----pid-5707
---ebpf-pid----5707----pid-5476
---ebpf-pid----5707----pid-1
---ebpf-pid----5707----pid-5707
---ebpf-pid----5707----pid-5476
---ebpf-pid----5707----pid-1
---ebpf-pid----5707----pid-5707
---ebpf-pid----5707----pid-5476
---ebpf-pid----5707----pid-1
---ebpf-pid----5707----pid-5707
---ebpf-pid----5707----pid-5476
---ebpf-pid----5707----pid-1
---ebpf-pid----5707----pid-5707
---ebpf-pid----5707----pid-5476
---ebpf-pid----5707----pid-1
---ebpf-pid----5707----pid-5707
---ebpf-pid----5707----pid-5476
---ebpf-pid----5707----pid-1
---ebpf-pid----5707----pid-5707
---ebpf-pid----5707----pid-5476
---ebpf-pid----5707----pid-1
---ebpf-pid----5707----pid-5707
---ebpf-pid----5707----pid-5476
---ebpf-pid----5707----pid-1
---ebpf-pid----5707----pid-5707
---ebpf-pid----5707----pid-5476
---ebpf-pid----5707----pid-1
---ebpf-pid----5707----pid-5707
---ebpf-pid----5707----pid-5476
---ebpf-pid----5707----pid-1
---ebpf-pid----5707----pid-5707
---ebpf-pid----5707----pid-5476
---ebpf-pid----5707----pid-1
---ebpf-pid----5707----pid-5707
---ebpf-pid----5707----pid-5476
---ebpf-pid----5707----pid-1
---ebpf-pid----5707----pid-5707
---ebpf-pid----5707----pid-5476
---ebpf-pid----5707----pid-1
---ebpf-pid----5707----pid-5707
---ebpf-pid----5707----pid-5476
---ebpf-pid----5707----pid-1
---ebpf-pid----5707----pid-5707
---ebpf-pid----5707----pid-5476
---ebpf-pid----5707----pid-1
---ebpf-pid----5707----pid-5707
---ebpf-pid----5707----pid-5476
---ebpf-pid----5707----pid-1
---ebpf-pid----5707----pid-5707
---ebpf-pid----5707----pid-5476
---ebpf-pid----5707----pid-1
---ebpf-pid----5614----pid-5614
---ebpf-pid----5614----pid-1
---ebpf-pid----372714----pid-372714
---ebpf-pid----372714----pid-5476
---ebpf-pid----372714----pid-1
---ebpf-pid----372714----pid-372714
---ebpf-pid----372714----pid-5476
---ebpf-pid----372714----pid-1
---ebpf-pid----372714----pid-372714
---ebpf-pid----372714----pid-5476
---ebpf-pid----372714----pid-1
---ebpf-pid----372714----pid-372714
---ebpf-pid----372714----pid-5476
---ebpf-pid----372714----pid-1
---ebpf-pid----372714----pid-372714
---ebpf-pid----372714----pid-5476
---ebpf-pid----372714----pid-1
---ebpf-pid----372714----pid-372714
---ebpf-pid----372714----pid-5476
---ebpf-pid----372714----pid-1
---ebpf-pid----372714----pid-372714
---ebpf-pid----372714----pid-5476
---ebpf-pid----372714----pid-1
---ebpf-pid----2012----pid-2012
---ebpf-pid----2012----pid-1
---ebpf-pid----2012----pid-2012
---ebpf-pid----2012----pid-1
---ebpf-pid----2012----pid-2012
---ebpf-pid----2012----pid-1
---ebpf-pid----2012----pid-2012
---ebpf-pid----2012----pid-1
---ebpf-pid----2012----pid-2012
---ebpf-pid----2012----pid-1
---ebpf-pid----2012----pid-2012
---ebpf-pid----2012----pid-1
---ebpf-pid----2012----pid-2012
---ebpf-pid----2012----pid-1
---ebpf-pid----2012----pid-2012
---ebpf-pid----2012----pid-1
---ebpf-pid----2012----pid-2012
---ebpf-pid----2012----pid-1
---ebpf-pid----2012----pid-2012
---ebpf-pid----2012----pid-1
---ebpf-pid----2012----pid-2012
---ebpf-pid----2012----pid-1
---ebpf-pid----379067----pid-379067
---ebpf-pid----379067----pid-5476
---ebpf-pid----379067----pid-1
---ebpf-pid----379067----pid-379067
---ebpf-pid----379067----pid-5476
---ebpf-pid----379067----pid-1
---ebpf-pid----379067----pid-379067
---ebpf-pid----379067----pid-5476
---ebpf-pid----379067----pid-1
---ebpf-pid----379067----pid-379067
Failed to get process information for PID 0
---ebpf-pid----379067----pid-5476
---ebpf-pid----379067----pid-1
---ebpf-pid----379067----pid-379067
---ebpf-pid----379067----pid-5476
---ebpf-pid----379067----pid-1
---ebpf-pid----379067----pid-379067
---ebpf-pid----379067----pid-5476
---ebpf-pid----379067----pid-1
---ebpf-pid----379067----pid-379067
---ebpf-pid----379067----pid-5476
---ebpf-pid----379067----pid-1
---ebpf-pid----379067----pid-379067
---ebpf-pid----379067----pid-5476
---ebpf-pid----379067----pid-1
---ebpf-pid----448546----pid-448546
---ebpf-pid----448546----pid-1
---ebpf-pid----5705----pid-5705
---ebpf-pid----5705----pid-5476
---ebpf-pid----5705----pid-1
---ebpf-pid----5705----pid-5705
---ebpf-pid----5705----pid-5476
---ebpf-pid----5705----pid-1
---ebpf-pid----5707----pid-5707
---ebpf-pid----5707----pid-5476
---ebpf-pid----5707----pid-1
---ebpf-pid----5707----pid-5707
---ebpf-pid----5707----pid-5476
---ebpf-pid----5707----pid-1
---ebpf-pid----5614----pid-5614
---ebpf-pid----5614----pid-1
---ebpf-pid----2012----pid-2012
---ebpf-pid----2012----pid-1
---ebpf-pid----5705----pid-5705
---ebpf-pid----5705----pid-5476
---ebpf-pid----5705----pid-1
---ebpf-pid----5705----pid-5705
---ebpf-pid----5705----pid-5476
---ebpf-pid----5705----pid-1
---ebpf-pid----7312----pid-7312
---ebpf-pid----7312----pid-1
---ebpf-pid----5707----pid-5707
---ebpf-pid----5707----pid-5476
---ebpf-pid----5707----pid-1
---ebpf-pid----5707----pid-5707
---ebpf-pid----5707----pid-5476
---ebpf-pid----5707----pid-1
---ebpf-pid----5707----pid-5707
---ebpf-pid----5707----pid-5476
---ebpf-pid----5707----pid-1
---ebpf-pid----5707----pid-5707
---ebpf-pid----5707----pid-5476
---ebpf-pid----5707----pid-1
---ebpf-pid----5707----pid-5707
---ebpf-pid----5707----pid-5476
---ebpf-pid----5707----pid-1
---ebpf-pid----4210----pid-4210
---ebpf-pid----4210----pid-4164
---ebpf-pid----4210----pid-3417
---ebpf-pid----4210----pid-1
---ebpf-pid----14----pid-14
---ebpf-pid----14----pid-2
---ebpf-pid----5703----pid-5703
---ebpf-pid----5703----pid-5476
---ebpf-pid----5703----pid-1
---ebpf-pid----448521----pid-448521
---ebpf-pid----448521----pid-1
---ebpf-pid----5705----pid-5705
---ebpf-pid----5705----pid-5476
---ebpf-pid----5705----pid-1
---ebpf-pid----5705----pid-5705
---ebpf-pid----5705----pid-5476
---ebpf-pid----5705----pid-1
---ebpf-pid----5705----pid-5705
---ebpf-pid----5705----pid-5476
---ebpf-pid----5705----pid-1
---ebpf-pid----5705----pid-5705
---ebpf-pid----5705----pid-5476
---ebpf-pid----5705----pid-1
---ebpf-pid----5705----pid-5705
---ebpf-pid----5705----pid-5476
---ebpf-pid----5705----pid-1
---ebpf-pid----5705----pid-5705
---ebpf-pid----5705----pid-5476
---ebpf-pid----5705----pid-1
---ebpf-pid----5705----pid-5705
---ebpf-pid----5705----pid-5476
---ebpf-pid----5705----pid-1
---ebpf-pid----5705----pid-5705
---ebpf-pid----5705----pid-5476
---ebpf-pid----5705----pid-1
---ebpf-pid----5705----pid-5705
---ebpf-pid----5705----pid-5476
---ebpf-pid----5705----pid-1
---ebpf-pid----5705----pid-5705
---ebpf-pid----5705----pid-5476
---ebpf-pid----5705----pid-1
---ebpf-pid----5705----pid-5705
---ebpf-pid----5705----pid-5476
---ebpf-pid----5705----pid-1
---ebpf-pid----5705----pid-5705
---ebpf-pid----5705----pid-5476
---ebpf-pid----5705----pid-1
---ebpf-pid----5705----pid-5705
---ebpf-pid----5705----pid-5476
---ebpf-pid----5705----pid-1
---ebpf-pid----5705----pid-5705
---ebpf-pid----5705----pid-5476
---ebpf-pid----5705----pid-1
---ebpf-pid----5705----pid-5705
---ebpf-pid----5705----pid-5476
---ebpf-pid----5705----pid-1
---ebpf-pid----2089----pid-2089
---ebpf-pid----2089----pid-1
---ebpf-pid----2089----pid-2089
---ebpf-pid----2089----pid-1
---ebpf-pid----5705----pid-5705
---ebpf-pid----5705----pid-5476
---ebpf-pid----5705----pid-1
---ebpf-pid----5705----pid-5705
---ebpf-pid----5705----pid-5476
---ebpf-pid----5705----pid-1
---ebpf-pid----5705----pid-5705
---ebpf-pid----5705----pid-5476
---ebpf-pid----5705----pid-1
---ebpf-pid----5705----pid-5705
---ebpf-pid----5705----pid-5476
---ebpf-pid----5705----pid-1
---ebpf-pid----5705----pid-5705
---ebpf-pid----5705----pid-5476
---ebpf-pid----5705----pid-1
---ebpf-pid----2089----pid-2089
---ebpf-pid----2089----pid-1
---ebpf-pid----5705----pid-5705
---ebpf-pid----5705----pid-5476
---ebpf-pid----5705----pid-1
---ebpf-pid----5705----pid-5705
---ebpf-pid----5705----pid-5476
---ebpf-pid----5705----pid-1
---ebpf-pid----5705----pid-5705
---ebpf-pid----5705----pid-5476
---ebpf-pid----5705----pid-1
---ebpf-pid----2089----pid-2089
---ebpf-pid----2089----pid-1
---ebpf-pid----5703----pid-5703
---ebpf-pid----5703----pid-5476
---ebpf-pid----5703----pid-1
---ebpf-pid----5705----pid-5705
---ebpf-pid----5705----pid-5476
---ebpf-pid----5705----pid-1
---ebpf-pid----5707----pid-5707
---ebpf-pid----5707----pid-5476
---ebpf-pid----5707----pid-1
---ebpf-pid----5707----pid-5707
---ebpf-pid----5707----pid-5476
---ebpf-pid----5707----pid-1
---ebpf-pid----5707----pid-5707
---ebpf-pid----5707----pid-5476
---ebpf-pid----5707----pid-1
---ebpf-pid----5707----pid-5707
---ebpf-pid----5707----pid-5476
---ebpf-pid----5707----pid-1
---ebpf-pid----5707----pid-5707
---ebpf-pid----5707----pid-5476
---ebpf-pid----5707----pid-1
---ebpf-pid----5707----pid-5707
---ebpf-pid----5707----pid-5476
---ebpf-pid----5707----pid-1
---ebpf-pid----5707----pid-5707
---ebpf-pid----5707----pid-5476
---ebpf-pid----5707----pid-1
---ebpf-pid----5707----pid-5707
---ebpf-pid----5707----pid-5476
---ebpf-pid----5707----pid-1
---ebpf-pid----5707----pid-5707
---ebpf-pid----5707----pid-5476
---ebpf-pid----5707----pid-1
---ebpf-pid----5707----pid-5707
---ebpf-pid----5707----pid-5476
---ebpf-pid----5707----pid-1
---ebpf-pid----5707----pid-5707
---ebpf-pid----5707----pid-5476
---ebpf-pid----5707----pid-1
---ebpf-pid----5707----pid-5707
---ebpf-pid----5707----pid-5476
---ebpf-pid----5707----pid-1
---ebpf-pid----5707----pid-5707
---ebpf-pid----5707----pid-5476
---ebpf-pid----5707----pid-1
---ebpf-pid----5707----pid-5707
---ebpf-pid----5707----pid-5476
---ebpf-pid----5707----pid-1
---ebpf-pid----5707----pid-5707
---ebpf-pid----5707----pid-5476
---ebpf-pid----5707----pid-1
---ebpf-pid----5707----pid-5707
---ebpf-pid----5707----pid-5476
---ebpf-pid----5707----pid-1
---ebpf-pid----5707----pid-5707
---ebpf-pid----5707----pid-5476
---ebpf-pid----5707----pid-1
---ebpf-pid----5707----pid-5707
---ebpf-pid----5707----pid-5476
---ebpf-pid----5707----pid-1
---ebpf-pid----5707----pid-5707
---ebpf-pid----5707----pid-5476
---ebpf-pid----5707----pid-1
---ebpf-pid----5707----pid-5707
---ebpf-pid----5707----pid-5476
---ebpf-pid----5707----pid-1
---ebpf-pid----5705----pid-5705
---ebpf-pid----5705----pid-5476
---ebpf-pid----5705----pid-1
---ebpf-pid----5705----pid-5705
---ebpf-pid----5705----pid-5476
---ebpf-pid----5705----pid-1
---ebpf-pid----5705----pid-5705
---ebpf-pid----5705----pid-5476
---ebpf-pid----5705----pid-1
---ebpf-pid----5705----pid-5705
---ebpf-pid----5705----pid-5476
---ebpf-pid----5705----pid-1
---ebpf-pid----5705----pid-5705
---ebpf-pid----5705----pid-5476
---ebpf-pid----5705----pid-1
---ebpf-pid----5705----pid-5705
---ebpf-pid----5705----pid-5476
---ebpf-pid----5705----pid-1
---ebpf-pid----5705----pid-5705
---ebpf-pid----5705----pid-5476
---ebpf-pid----5705----pid-1
---ebpf-pid----5705----pid-5705
---ebpf-pid----5705----pid-5476
---ebpf-pid----5705----pid-1
---ebpf-pid----5705----pid-5705
---ebpf-pid----5705----pid-5476
---ebpf-pid----5705----pid-1
---ebpf-pid----372881----pid-372881
---ebpf-pid----372881----pid-1
---ebpf-pid----372881----pid-372881
---ebpf-pid----372881----pid-1
---ebpf-pid----372881----pid-372881
---ebpf-pid----372881----pid-1
---ebpf-pid----372881----pid-372881
---ebpf-pid----372881----pid-1
---ebpf-pid----5705----pid-5705
---ebpf-pid----5705----pid-5476
---ebpf-pid----5705----pid-1
---ebpf-pid----5705----pid-5705
---ebpf-pid----5705----pid-5476
---ebpf-pid----5705----pid-1
---ebpf-pid----5705----pid-5705
---ebpf-pid----5705----pid-5476
---ebpf-pid----5705----pid-1
---ebpf-pid----5705----pid-5705
---ebpf-pid----5705----pid-5476
---ebpf-pid----5705----pid-1
---ebpf-pid----5705----pid-5705
---ebpf-pid----5705----pid-5476
---ebpf-pid----5705----pid-1
---ebpf-pid----372881----pid-372881
---ebpf-pid----372881----pid-1
---ebpf-pid----372881----pid-372881
---ebpf-pid----372881----pid-1
---ebpf-pid----372881----pid-372881
---ebpf-pid----372881----pid-1
---ebpf-pid----372881----pid-372881
---ebpf-pid----372881----pid-1
---ebpf-pid----372881----pid-372881
---ebpf-pid----372881----pid-1
---ebpf-pid----7313----pid-7313
---ebpf-pid----7313----pid-1
---ebpf-pid----372881----pid-372881
---ebpf-pid----372881----pid-1
---ebpf-pid----372881----pid-372881
---ebpf-pid----372881----pid-1
---ebpf-pid----372881----pid-372881
---ebpf-pid----372881----pid-1
---ebpf-pid----2012----pid-2012
---ebpf-pid----2012----pid-1
---ebpf-pid----2012----pid-2012
---ebpf-pid----2012----pid-1
---ebpf-pid----2012----pid-2012
---ebpf-pid----2012----pid-1
---ebpf-pid----2012----pid-2012
---ebpf-pid----2012----pid-1
---ebpf-pid----2012----pid-2012
---ebpf-pid----2012----pid-1
---ebpf-pid----2012----pid-2012
---ebpf-pid----2012----pid-1
---ebpf-pid----2012----pid-2012
---ebpf-pid----2012----pid-1
---ebpf-pid----2012----pid-2012
---ebpf-pid----2012----pid-1
---ebpf-pid----372881----pid-372881
---ebpf-pid----372881----pid-1
---ebpf-pid----379067----pid-379067
---ebpf-pid----379067----pid-5476
---ebpf-pid----379067----pid-1
---ebpf-pid----379067----pid-379067
---ebpf-pid----379067----pid-5476
---ebpf-pid----379067----pid-1
---ebpf-pid----2012----pid-2012
---ebpf-pid----2012----pid-1
---ebpf-pid----2012----pid-2012
---ebpf-pid----2012----pid-1
---ebpf-pid----379067----pid-379067
---ebpf-pid----379067----pid-5476
---ebpf-pid----379067----pid-1
---ebpf-pid----379067----pid-379067
---ebpf-pid----379067----pid-5476
---ebpf-pid----379067----pid-1
---ebpf-pid----379067----pid-379067
---ebpf-pid----379067----pid-5476
---ebpf-pid----379067----pid-1
---ebpf-pid----379067----pid-379067
---ebpf-pid----379067----pid-5476
---ebpf-pid----379067----pid-1
---ebpf-pid----379067----pid-379067
---ebpf-pid----379067----pid-5476
---ebpf-pid----379067----pid-1
---ebpf-pid----379067----pid-379067
---ebpf-pid----379067----pid-5476
---ebpf-pid----379067----pid-1
---ebpf-pid----379067----pid-379067
---ebpf-pid----379067----pid-5476
---ebpf-pid----379067----pid-1
---ebpf-pid----379067----pid-379067
---ebpf-pid----379067----pid-5476
---ebpf-pid----379067----pid-1
---ebpf-pid----5638----pid-5638
---ebpf-pid----5638----pid-1
---ebpf-pid----372881----pid-372881
---ebpf-pid----372881----pid-1
---ebpf-pid----372881----pid-372881
---ebpf-pid----372881----pid-1
---ebpf-pid----372881----pid-372881
---ebpf-pid----372881----pid-1
---ebpf-pid----5707----pid-5707
---ebpf-pid----5707----pid-5476
---ebpf-pid----5707----pid-1
---ebpf-pid----5707----pid-5707
---ebpf-pid----5707----pid-5476
---ebpf-pid----5707----pid-1
---ebpf-pid----5707----pid-5707
Failed to get process information for PID 0
---ebpf-pid----5707----pid-5476
---ebpf-pid----5707----pid-1
---ebpf-pid----5638----pid-5638
---ebpf-pid----5638----pid-1
---ebpf-pid----448546----pid-448546
---ebpf-pid----448546----pid-1
---ebpf-pid----5707----pid-5707
---ebpf-pid----5707----pid-5476
---ebpf-pid----5707----pid-1
---ebpf-pid----5707----pid-5707
---ebpf-pid----5707----pid-5476
---ebpf-pid----5707----pid-1
---ebpf-pid----5707----pid-5707
---ebpf-pid----5707----pid-5476
---ebpf-pid----5707----pid-1
---ebpf-pid----5707----pid-5707
---ebpf-pid----5707----pid-5476
---ebpf-pid----5707----pid-1
---ebpf-pid----5707----pid-5707
---ebpf-pid----5707----pid-5476
---ebpf-pid----5707----pid-1
---ebpf-pid----5707----pid-5707
---ebpf-pid----5707----pid-5476
---ebpf-pid----5707----pid-1
---ebpf-pid----5707----pid-5707
---ebpf-pid----5707----pid-5476
---ebpf-pid----5707----pid-1
---ebpf-pid----5707----pid-5707
---ebpf-pid----5707----pid-5476
---ebpf-pid----5707----pid-1
---ebpf-pid----5707----pid-5707
---ebpf-pid----5707----pid-5476
---ebpf-pid----5707----pid-1
---ebpf-pid----5707----pid-5707
---ebpf-pid----5707----pid-5476
---ebpf-pid----5707----pid-1
---ebpf-pid----5707----pid-5707
---ebpf-pid----5707----pid-5476
---ebpf-pid----5707----pid-1
---ebpf-pid----5707----pid-5707
---ebpf-pid----5707----pid-5476
---ebpf-pid----5707----pid-1
---ebpf-pid----5707----pid-5707
---ebpf-pid----5707----pid-5476
---ebpf-pid----5707----pid-1
---ebpf-pid----5707----pid-5707
---ebpf-pid----5707----pid-5476
---ebpf-pid----5707----pid-1
---ebpf-pid----5707----pid-5707
---ebpf-pid----5707----pid-5476
---ebpf-pid----5707----pid-1
---ebpf-pid----5707----pid-5707
---ebpf-pid----5707----pid-5476
---ebpf-pid----5707----pid-1
---ebpf-pid----7313----pid-7313
---ebpf-pid----7313----pid-1
---ebpf-pid----7313----pid-7313
---ebpf-pid----7313----pid-1
---ebpf-pid----5707----pid-5707
---ebpf-pid----5707----pid-5476
---ebpf-pid----5707----pid-1
---ebpf-pid----5707----pid-5707
---ebpf-pid----5707----pid-5476
---ebpf-pid----5707----pid-1
---ebpf-pid----5707----pid-5707
---ebpf-pid----5707----pid-5476
---ebpf-pid----5707----pid-1
---ebpf-pid----5707----pid-5707
---ebpf-pid----5707----pid-5476
---ebpf-pid----5707----pid-1
---ebpf-pid----5707----pid-5707
---ebpf-pid----5707----pid-5476
---ebpf-pid----5707----pid-1
---ebpf-pid----5707----pid-5707
---ebpf-pid----5707----pid-5476
---ebpf-pid----5707----pid-1
---ebpf-pid----5707----pid-5707
---ebpf-pid----5707----pid-5476
---ebpf-pid----5707----pid-1
---ebpf-pid----5707----pid-5707
---ebpf-pid----5707----pid-5476
---ebpf-pid----5707----pid-1
---ebpf-pid----5707----pid-5707
---ebpf-pid----5707----pid-5476
---ebpf-pid----5707----pid-1
---ebpf-pid----5707----pid-5707
---ebpf-pid----5707----pid-5476
---ebpf-pid----5707----pid-1
---ebpf-pid----2012----pid-2012
---ebpf-pid----2012----pid-1
---ebpf-pid----2012----pid-2012
---ebpf-pid----2012----pid-1
---ebpf-pid----2012----pid-2012
---ebpf-pid----2012----pid-1
---ebpf-pid----5707----pid-5707
---ebpf-pid----5707----pid-5476
---ebpf-pid----5707----pid-1
---ebpf-pid----5707----pid-5707
---ebpf-pid----5707----pid-5476
---ebpf-pid----5707----pid-1
---ebpf-pid----5707----pid-5707
---ebpf-pid----5707----pid-5476
---ebpf-pid----5707----pid-1
---ebpf-pid----5707----pid-5707
---ebpf-pid----5707----pid-5476
---ebpf-pid----5707----pid-1
---ebpf-pid----5707----pid-5707
---ebpf-pid----5707----pid-5476
---ebpf-pid----5707----pid-1
---ebpf-pid----5707----pid-5707
---ebpf-pid----5707----pid-5476
---ebpf-pid----5707----pid-1
---ebpf-pid----5707----pid-5707
---ebpf-pid----5707----pid-5476
---ebpf-pid----5707----pid-1
---ebpf-pid----5638----pid-5638
---ebpf-pid----5638----pid-1
---ebpf-pid----5707----pid-5707
---ebpf-pid----5707----pid-5476
---ebpf-pid----5707----pid-1
---ebpf-pid----5707----pid-5707
---ebpf-pid----5707----pid-5476
---ebpf-pid----5707----pid-1
---ebpf-pid----5707----pid-5707
---ebpf-pid----5707----pid-5476
---ebpf-pid----5707----pid-1
---ebpf-pid----5707----pid-5707
---ebpf-pid----5707----pid-5476
---ebpf-pid----5707----pid-1
---ebpf-pid----5707----pid-5707
---ebpf-pid----5707----pid-5476
---ebpf-pid----5707----pid-1
---ebpf-pid----5707----pid-5707
---ebpf-pid----5707----pid-5476
---ebpf-pid----5707----pid-1
---ebpf-pid----5707----pid-5707
---ebpf-pid----5707----pid-5476
---ebpf-pid----5707----pid-1
---ebpf-pid----5707----pid-5707
---ebpf-pid----5707----pid-5476
---ebpf-pid----5707----pid-1
---ebpf-pid----5707----pid-5707
---ebpf-pid----5707----pid-5476
---ebpf-pid----5707----pid-1
---ebpf-pid----5705----pid-5705
---ebpf-pid----5705----pid-5476
---ebpf-pid----5705----pid-1
---ebpf-pid----5705----pid-5705
---ebpf-pid----5705----pid-5476
---ebpf-pid----5705----pid-1
---ebpf-pid----5705----pid-5705
---ebpf-pid----5705----pid-5476
---ebpf-pid----5705----pid-1
---ebpf-pid----5705----pid-5705
---ebpf-pid----5705----pid-5476
---ebpf-pid----5705----pid-1
---ebpf-pid----5705----pid-5705
---ebpf-pid----5705----pid-5476
---ebpf-pid----5705----pid-1
---ebpf-pid----5705----pid-5705
---ebpf-pid----5705----pid-5476
---ebpf-pid----5705----pid-1
---ebpf-pid----5705----pid-5705
---ebpf-pid----5705----pid-5476
---ebpf-pid----5705----pid-1
---ebpf-pid----5705----pid-5705
---ebpf-pid----5705----pid-5476
---ebpf-pid----5705----pid-1
---ebpf-pid----5705----pid-5705
---ebpf-pid----5705----pid-5476
---ebpf-pid----5705----pid-1
---ebpf-pid----5705----pid-5705
---ebpf-pid----5705----pid-5476
---ebpf-pid----5705----pid-1
---ebpf-pid----5705----pid-5705
---ebpf-pid----5705----pid-5476
---ebpf-pid----5705----pid-1
---ebpf-pid----5705----pid-5705
---ebpf-pid----5705----pid-5476
---ebpf-pid----5705----pid-1
---ebpf-pid----5705----pid-5705
---ebpf-pid----5705----pid-5476
---ebpf-pid----5705----pid-1
---ebpf-pid----5705----pid-5705
---ebpf-pid----5705----pid-5476
---ebpf-pid----5705----pid-1
---ebpf-pid----5705----pid-5705
---ebpf-pid----5705----pid-5476
---ebpf-pid----5705----pid-1
---ebpf-pid----5705----pid-5705
---ebpf-pid----5705----pid-5476
---ebpf-pid----5705----pid-1
---ebpf-pid----5705----pid-5705
---ebpf-pid----5705----pid-5476
---ebpf-pid----5705----pid-1
---ebpf-pid----5705----pid-5705
---ebpf-pid----5705----pid-5476
---ebpf-pid----5705----pid-1
---ebpf-pid----5705----pid-5705
---ebpf-pid----5705----pid-5476
---ebpf-pid----5705----pid-1
---ebpf-pid----5705----pid-5705
---ebpf-pid----5705----pid-5476
---ebpf-pid----5705----pid-1
---ebpf-pid----379067----pid-379067
---ebpf-pid----379067----pid-5476
---ebpf-pid----379067----pid-1
---ebpf-pid----379067----pid-379067
---ebpf-pid----379067----pid-5476
---ebpf-pid----379067----pid-1
---ebpf-pid----379067----pid-379067
---ebpf-pid----379067----pid-5476
---ebpf-pid----379067----pid-1
---ebpf-pid----2010----pid-2010
---ebpf-pid----2010----pid-1
---ebpf-pid----5705----pid-5705
---ebpf-pid----5705----pid-5476
---ebpf-pid----5705----pid-1
---ebpf-pid----5705----pid-5705
---ebpf-pid----5705----pid-5476
---ebpf-pid----5705----pid-1
---ebpf-pid----14----pid-14
---ebpf-pid----14----pid-2
---ebpf-pid----5703----pid-5703
---ebpf-pid----5703----pid-5476
---ebpf-pid----5703----pid-1
---ebpf-pid----372881----pid-372881
---ebpf-pid----372881----pid-1
---ebpf-pid----372881----pid-372881
---ebpf-pid----372881----pid-1
---ebpf-pid----5703----pid-5703
---ebpf-pid----5703----pid-5476
---ebpf-pid----5703----pid-1
---ebpf-pid----372881----pid-372881
---ebpf-pid----372881----pid-1
---ebpf-pid----372881----pid-372881
---ebpf-pid----372881----pid-1
---ebpf-pid----372881----pid-372881
---ebpf-pid----372881----pid-1
---ebpf-pid----372881----pid-372881
---ebpf-pid----372881----pid-1
---ebpf-pid----372881----pid-372881
---ebpf-pid----372881----pid-1
---ebpf-pid----372881----pid-372881
---ebpf-pid----372881----pid-1
---ebpf-pid----4716----pid-4716
---ebpf-pid----4716----pid-3323
---ebpf-pid----4716----pid-1
---ebpf-pid----379067----pid-379067
---ebpf-pid----379067----pid-5476
---ebpf-pid----379067----pid-1
---ebpf-pid----379067----pid-379067
---ebpf-pid----379067----pid-5476
---ebpf-pid----379067----pid-1
Failed to get process information for PID 0
---ebpf-pid----379067----pid-379067
---ebpf-pid----379067----pid-5476
---ebpf-pid----379067----pid-1
---ebpf-pid----448783----pid-448783
---ebpf-pid----448783----pid-448520
---ebpf-pid----448783----pid-1
---ebpf-pid----448783----pid-448783
---ebpf-pid----448783----pid-448520
---ebpf-pid----448783----pid-1
---ebpf-pid----448783----pid-448783
---ebpf-pid----448783----pid-448520
---ebpf-pid----448783----pid-1
---ebpf-pid----448783----pid-448783
---ebpf-pid----448783----pid-448520
---ebpf-pid----448783----pid-1
---ebpf-pid----448783----pid-448783
---ebpf-pid----448783----pid-448520
---ebpf-pid----448783----pid-1
---ebpf-pid----448783----pid-448783
---ebpf-pid----448783----pid-448520
---ebpf-pid----448783----pid-1
---ebpf-pid----379067----pid-379067
---ebpf-pid----379067----pid-5476
---ebpf-pid----379067----pid-1
---ebpf-pid----379067----pid-379067
---ebpf-pid----379067----pid-5476
---ebpf-pid----379067----pid-1
---ebpf-pid----379067----pid-379067
---ebpf-pid----379067----pid-5476
---ebpf-pid----379067----pid-1
---ebpf-pid----379067----pid-379067
---ebpf-pid----379067----pid-5476
---ebpf-pid----379067----pid-1
---ebpf-pid----4716----pid-4716
---ebpf-pid----4716----pid-3323
---ebpf-pid----4716----pid-1
---ebpf-pid----448521----pid-448521
---ebpf-pid----448521----pid-1
---ebpf-pid----4716----pid-4716
---ebpf-pid----4716----pid-3323
---ebpf-pid----4716----pid-1
---ebpf-pid----14----pid-14
---ebpf-pid----14----pid-2
---ebpf-pid----4716----pid-4716
---ebpf-pid----4716----pid-3323
---ebpf-pid----4716----pid-1
---ebpf-pid----4716----pid-4716
---ebpf-pid----4716----pid-3323
---ebpf-pid----4716----pid-1
---ebpf-pid----4716----pid-4716
---ebpf-pid----4716----pid-3323
---ebpf-pid----4716----pid-1
---ebpf-pid----7312----pid-7312
---ebpf-pid----7312----pid-1
---ebpf-pid----1856----pid-1856
---ebpf-pid----1856----pid-1
---ebpf-pid----4716----pid-4716
---ebpf-pid----4716----pid-3323
---ebpf-pid----4716----pid-1
---ebpf-pid----4716----pid-4716
---ebpf-pid----4716----pid-3323
---ebpf-pid----4716----pid-1
---ebpf-pid----7312----pid-7312
---ebpf-pid----7312----pid-1
---ebpf-pid----448546----pid-448546
---ebpf-pid----448546----pid-1
---ebpf-pid----4716----pid-4716
---ebpf-pid----4716----pid-3323
---ebpf-pid----4716----pid-1
---ebpf-pid----5703----pid-5703
---ebpf-pid----5703----pid-5476
---ebpf-pid----5703----pid-1
---ebpf-pid----4716----pid-4716
---ebpf-pid----4716----pid-3323
---ebpf-pid----4716----pid-1
---ebpf-pid----2029----pid-2029
---ebpf-pid----2029----pid-1
---ebpf-pid----2029----pid-2029
---ebpf-pid----2029----pid-1
Failed to get process information for PID 0
Failed to get process information for PID 0
---ebpf-pid----2029----pid-2029
---ebpf-pid----2029----pid-1
---ebpf-pid----2029----pid-2029
---ebpf-pid----2029----pid-1
---ebpf-pid----5705----pid-5705
---ebpf-pid----5705----pid-5476
---ebpf-pid----5705----pid-1
---ebpf-pid----5705----pid-5705
---ebpf-pid----5705----pid-5476
---ebpf-pid----5705----pid-1
---ebpf-pid----5705----pid-5705
---ebpf-pid----5705----pid-5476
---ebpf-pid----5705----pid-1
---ebpf-pid----5705----pid-5705
---ebpf-pid----5705----pid-5476
---ebpf-pid----5705----pid-1
---ebpf-pid----5705----pid-5705
---ebpf-pid----5705----pid-5476
---ebpf-pid----5705----pid-1
---ebpf-pid----5705----pid-5705
---ebpf-pid----5705----pid-5476
---ebpf-pid----5705----pid-1
---ebpf-pid----5705----pid-5705
---ebpf-pid----5705----pid-5476
---ebpf-pid----5705----pid-1
---ebpf-pid----5705----pid-5705
---ebpf-pid----5705----pid-5476
---ebpf-pid----5705----pid-1
---ebpf-pid----5705----pid-5705
---ebpf-pid----5705----pid-5476
---ebpf-pid----5705----pid-1
---ebpf-pid----448546----pid-448546
---ebpf-pid----448546----pid-1
---ebpf-pid----7312----pid-7312
---ebpf-pid----7312----pid-1
---ebpf-pid----379067----pid-379067
---ebpf-pid----379067----pid-5476
---ebpf-pid----379067----pid-1
---ebpf-pid----379067----pid-379067
---ebpf-pid----379067----pid-5476
---ebpf-pid----379067----pid-1
---ebpf-pid----379067----pid-379067
---ebpf-pid----379067----pid-5476
---ebpf-pid----379067----pid-1
---ebpf-pid----379067----pid-379067
---ebpf-pid----379067----pid-5476
---ebpf-pid----379067----pid-1
---ebpf-pid----448546----pid-448546
---ebpf-pid----448546----pid-1
---ebpf-pid----372714----pid-372714
---ebpf-pid----372714----pid-5476
---ebpf-pid----372714----pid-1
---ebpf-pid----372714----pid-372714
---ebpf-pid----372714----pid-5476
---ebpf-pid----372714----pid-1
---ebpf-pid----379067----pid-379067
---ebpf-pid----379067----pid-5476
---ebpf-pid----379067----pid-1
---ebpf-pid----379067----pid-379067
---ebpf-pid----379067----pid-5476
---ebpf-pid----379067----pid-1
---ebpf-pid----372714----pid-372714
---ebpf-pid----372714----pid-5476
---ebpf-pid----372714----pid-1
---ebpf-pid----372714----pid-372714
---ebpf-pid----372714----pid-5476
---ebpf-pid----372714----pid-1
---ebpf-pid----372714----pid-372714
---ebpf-pid----372714----pid-5476
---ebpf-pid----372714----pid-1
---ebpf-pid----372714----pid-372714
---ebpf-pid----372714----pid-5476
---ebpf-pid----372714----pid-1
---ebpf-pid----379067----pid-379067
---ebpf-pid----379067----pid-5476
---ebpf-pid----379067----pid-1
---ebpf-pid----379067----pid-379067
---ebpf-pid----379067----pid-5476
---ebpf-pid----379067----pid-1
---ebpf-pid----448521----pid-448521
---ebpf-pid----448521----pid-1
---ebpf-pid----5638----pid-5638
---ebpf-pid----5638----pid-1
---ebpf-pid----5638----pid-5638
---ebpf-pid----5638----pid-1
---ebpf-pid----377755----pid-377755
---ebpf-pid----377755----pid-1
---ebpf-pid----2088----pid-2088
---ebpf-pid----2088----pid-1
---ebpf-pid----2088----pid-2088
---ebpf-pid----2088----pid-1
---ebpf-pid----2088----pid-2088
---ebpf-pid----2088----pid-1
---ebpf-pid----2088----pid-2088
---ebpf-pid----2088----pid-1
---ebpf-pid----2088----pid-2088
---ebpf-pid----2088----pid-1
---ebpf-pid----2088----pid-2088
---ebpf-pid----2088----pid-1
---ebpf-pid----2088----pid-2088
---ebpf-pid----2088----pid-1
---ebpf-pid----2088----pid-2088
---ebpf-pid----2088----pid-1
---ebpf-pid----2088----pid-2088
---ebpf-pid----2088----pid-1
---ebpf-pid----2088----pid-2088
---ebpf-pid----2088----pid-1
---ebpf-pid----2088----pid-2088
---ebpf-pid----2088----pid-1
---ebpf-pid----448521----pid-448521
---ebpf-pid----448521----pid-1
---ebpf-pid----2088----pid-2088
---ebpf-pid----2088----pid-1
---ebpf-pid----2088----pid-2088
---ebpf-pid----2088----pid-1
---ebpf-pid----2088----pid-2088
---ebpf-pid----2088----pid-1
---ebpf-pid----2088----pid-2088
---ebpf-pid----2088----pid-1
---ebpf-pid----2088----pid-2088
---ebpf-pid----2088----pid-1
---ebpf-pid----2088----pid-2088
---ebpf-pid----2088----pid-1
---ebpf-pid----2088----pid-2088
---ebpf-pid----2088----pid-1
---ebpf-pid----2088----pid-2088
---ebpf-pid----2088----pid-1
---ebpf-pid----2012----pid-2012
---ebpf-pid----2012----pid-1
---ebpf-pid----372714----pid-372714
---ebpf-pid----372714----pid-5476
---ebpf-pid----372714----pid-1
---ebpf-pid----372714----pid-372714
---ebpf-pid----372714----pid-5476
---ebpf-pid----372714----pid-1
---ebpf-pid----448546----pid-448546
---ebpf-pid----448546----pid-1
---ebpf-pid----2012----pid-2012
---ebpf-pid----2012----pid-1
---ebpf-pid----2012----pid-2012
---ebpf-pid----2012----pid-1
---ebpf-pid----2012----pid-2012
---ebpf-pid----2012----pid-1
---ebpf-pid----2012----pid-2012
---ebpf-pid----2012----pid-1
---ebpf-pid----372714----pid-372714
---ebpf-pid----372714----pid-5476
---ebpf-pid----372714----pid-1
---ebpf-pid----372714----pid-372714
---ebpf-pid----372714----pid-5476
---ebpf-pid----372714----pid-1
---ebpf-pid----372714----pid-372714
---ebpf-pid----372714----pid-5476
---ebpf-pid----372714----pid-1
---ebpf-pid----372714----pid-372714
---ebpf-pid----372714----pid-5476
---ebpf-pid----372714----pid-1
---ebpf-pid----372714----pid-372714
---ebpf-pid----372714----pid-5476
---ebpf-pid----372714----pid-1
---ebpf-pid----372714----pid-372714
---ebpf-pid----372714----pid-5476
---ebpf-pid----372714----pid-1
---ebpf-pid----372714----pid-372714
---ebpf-pid----372714----pid-5476
---ebpf-pid----372714----pid-1
---ebpf-pid----372714----pid-372714
---ebpf-pid----372714----pid-5476
---ebpf-pid----372714----pid-1
---ebpf-pid----372714----pid-372714
---ebpf-pid----372714----pid-5476
---ebpf-pid----372714----pid-1
---ebpf-pid----372714----pid-372714
---ebpf-pid----372714----pid-5476
---ebpf-pid----372714----pid-1
---ebpf-pid----372714----pid-372714
---ebpf-pid----372714----pid-5476
---ebpf-pid----372714----pid-1
---ebpf-pid----372714----pid-372714
---ebpf-pid----372714----pid-5476
---ebpf-pid----372714----pid-1
---ebpf-pid----372714----pid-372714
---ebpf-pid----372714----pid-5476
---ebpf-pid----372714----pid-1
---ebpf-pid----372714----pid-372714
---ebpf-pid----372714----pid-5476
---ebpf-pid----372714----pid-1
---ebpf-pid----372714----pid-372714
---ebpf-pid----372714----pid-5476
---ebpf-pid----372714----pid-1
---ebpf-pid----372714----pid-372714
---ebpf-pid----372714----pid-5476
---ebpf-pid----372714----pid-1
---ebpf-pid----372714----pid-372714
---ebpf-pid----372714----pid-5476
---ebpf-pid----372714----pid-1
---ebpf-pid----372714----pid-372714
---ebpf-pid----372714----pid-5476
---ebpf-pid----372714----pid-1
---ebpf-pid----7312----pid-7312
---ebpf-pid----7312----pid-1
---ebpf-pid----372714----pid-372714
---ebpf-pid----372714----pid-5476
---ebpf-pid----372714----pid-1
---ebpf-pid----372714----pid-372714
---ebpf-pid----372714----pid-5476
---ebpf-pid----372714----pid-1
---ebpf-pid----372714----pid-372714
---ebpf-pid----372714----pid-5476
---ebpf-pid----372714----pid-1
---ebpf-pid----372714----pid-372714
---ebpf-pid----372714----pid-5476
---ebpf-pid----372714----pid-1
---ebpf-pid----372714----pid-372714
---ebpf-pid----372714----pid-5476
---ebpf-pid----372714----pid-1
---ebpf-pid----372714----pid-372714
---ebpf-pid----372714----pid-5476
---ebpf-pid----372714----pid-1
---ebpf-pid----372714----pid-372714
---ebpf-pid----372714----pid-5476
---ebpf-pid----372714----pid-1
---ebpf-pid----372714----pid-372714
---ebpf-pid----372714----pid-5476
---ebpf-pid----372714----pid-1
---ebpf-pid----372714----pid-372714
---ebpf-pid----372714----pid-5476
---ebpf-pid----372714----pid-1
---ebpf-pid----372714----pid-372714
---ebpf-pid----372714----pid-5476
---ebpf-pid----372714----pid-1
---ebpf-pid----372714----pid-372714
---ebpf-pid----372714----pid-5476
---ebpf-pid----372714----pid-1
---ebpf-pid----372714----pid-372714
---ebpf-pid----372714----pid-5476
---ebpf-pid----372714----pid-1
---ebpf-pid----372714----pid-372714
---ebpf-pid----372714----pid-5476
---ebpf-pid----372714----pid-1
---ebpf-pid----448546----pid-448546
---ebpf-pid----448546----pid-1
---ebpf-pid----5638----pid-5638
---ebpf-pid----5638----pid-1
---ebpf-pid----372714----pid-372714
---ebpf-pid----372714----pid-5476
---ebpf-pid----372714----pid-1
---ebpf-pid----372714----pid-372714
---ebpf-pid----372714----pid-5476
---ebpf-pid----372714----pid-1
---ebpf-pid----372714----pid-372714
---ebpf-pid----372714----pid-5476
---ebpf-pid----372714----pid-1
---ebpf-pid----372714----pid-372714
---ebpf-pid----372714----pid-5476
---ebpf-pid----372714----pid-1
---ebpf-pid----372714----pid-372714
---ebpf-pid----372714----pid-5476
---ebpf-pid----372714----pid-1
---ebpf-pid----372714----pid-372714
---ebpf-pid----372714----pid-5476
---ebpf-pid----372714----pid-1
---ebpf-pid----372714----pid-372714
---ebpf-pid----372714----pid-5476
---ebpf-pid----372714----pid-1
---ebpf-pid----372714----pid-372714
---ebpf-pid----372714----pid-5476
---ebpf-pid----372714----pid-1
---ebpf-pid----372714----pid-372714
---ebpf-pid----372714----pid-5476
---ebpf-pid----372714----pid-1
---ebpf-pid----372714----pid-372714
---ebpf-pid----372714----pid-5476
---ebpf-pid----372714----pid-1
---ebpf-pid----372714----pid-372714
---ebpf-pid----372714----pid-5476
---ebpf-pid----372714----pid-1
---ebpf-pid----372714----pid-372714
---ebpf-pid----372714----pid-5476
---ebpf-pid----372714----pid-1
---ebpf-pid----372714----pid-372714
---ebpf-pid----372714----pid-5476
---ebpf-pid----372714----pid-1
---ebpf-pid----372714----pid-372714
---ebpf-pid----372714----pid-5476
---ebpf-pid----372714----pid-1
---ebpf-pid----372714----pid-372714
---ebpf-pid----372714----pid-5476
---ebpf-pid----372714----pid-1
---ebpf-pid----372714----pid-372714
---ebpf-pid----372714----pid-5476
---ebpf-pid----372714----pid-1
---ebpf-pid----372714----pid-372714
---ebpf-pid----372714----pid-5476
---ebpf-pid----372714----pid-1
---ebpf-pid----372714----pid-372714
---ebpf-pid----372714----pid-5476
---ebpf-pid----372714----pid-1
---ebpf-pid----372714----pid-372714
---ebpf-pid----372714----pid-5476
---ebpf-pid----372714----pid-1
---ebpf-pid----372714----pid-372714
---ebpf-pid----372714----pid-5476
---ebpf-pid----372714----pid-1
---ebpf-pid----372714----pid-372714
---ebpf-pid----372714----pid-5476
---ebpf-pid----372714----pid-1
---ebpf-pid----372714----pid-372714
---ebpf-pid----372714----pid-5476
---ebpf-pid----372714----pid-1
---ebpf-pid----372714----pid-372714
---ebpf-pid----372714----pid-5476
---ebpf-pid----372714----pid-1
---ebpf-pid----372714----pid-372714
---ebpf-pid----372714----pid-5476
---ebpf-pid----372714----pid-1
---ebpf-pid----372714----pid-372714
---ebpf-pid----372714----pid-5476
---ebpf-pid----372714----pid-1
---ebpf-pid----448783----pid-448783
---ebpf-pid----448783----pid-448520
---ebpf-pid----448783----pid-1
---ebpf-pid----448783----pid-448783
---ebpf-pid----448783----pid-448520
---ebpf-pid----448783----pid-1
---ebpf-pid----448783----pid-448783
---ebpf-pid----448783----pid-448520
---ebpf-pid----448783----pid-1
---ebpf-pid----448783----pid-448783
---ebpf-pid----448783----pid-448520
---ebpf-pid----448783----pid-1
---ebpf-pid----448783----pid-448783
---ebpf-pid----448783----pid-448520
---ebpf-pid----448783----pid-1
---ebpf-pid----448783----pid-448783
---ebpf-pid----448783----pid-448520
---ebpf-pid----448783----pid-1
---ebpf-pid----448546----pid-448546
---ebpf-pid----448546----pid-1
---ebpf-pid----448783----pid-448783
---ebpf-pid----448783----pid-448520
---ebpf-pid----448783----pid-1
---ebpf-pid----448783----pid-448783
---ebpf-pid----448783----pid-448520
---ebpf-pid----448783----pid-1
---ebpf-pid----448783----pid-448783
---ebpf-pid----448783----pid-448520
---ebpf-pid----448783----pid-1
---ebpf-pid----448783----pid-448783
---ebpf-pid----448783----pid-448520
---ebpf-pid----448783----pid-1
---ebpf-pid----379067----pid-379067
---ebpf-pid----379067----pid-5476
---ebpf-pid----379067----pid-1
---ebpf-pid----379067----pid-379067
---ebpf-pid----379067----pid-5476
---ebpf-pid----379067----pid-1
---ebpf-pid----379067----pid-379067
---ebpf-pid----379067----pid-5476
---ebpf-pid----379067----pid-1
---ebpf-pid----372881----pid-372881
---ebpf-pid----372881----pid-1
---ebpf-pid----372881----pid-372881
---ebpf-pid----372881----pid-1
---ebpf-pid----372881----pid-372881
---ebpf-pid----372881----pid-1
---ebpf-pid----372881----pid-372881
---ebpf-pid----372881----pid-1
---ebpf-pid----372881----pid-372881
---ebpf-pid----372881----pid-1
---ebpf-pid----372881----pid-372881
---ebpf-pid----372881----pid-1
---ebpf-pid----372881----pid-372881
---ebpf-pid----372881----pid-1
---ebpf-pid----372881----pid-372881
---ebpf-pid----372881----pid-1
---ebpf-pid----372881----pid-372881
---ebpf-pid----372881----pid-1
---ebpf-pid----372881----pid-372881
---ebpf-pid----372881----pid-1
---ebpf-pid----372881----pid-372881
---ebpf-pid----372881----pid-1
---ebpf-pid----372881----pid-372881
---ebpf-pid----372881----pid-1
---ebpf-pid----372881----pid-372881
---ebpf-pid----372881----pid-1
---ebpf-pid----372881----pid-372881
---ebpf-pid----372881----pid-1
---ebpf-pid----372881----pid-372881
---ebpf-pid----372881----pid-1
---ebpf-pid----372881----pid-372881
---ebpf-pid----372881----pid-1
---ebpf-pid----372881----pid-372881
---ebpf-pid----372881----pid-1
---ebpf-pid----372881----pid-372881
---ebpf-pid----372881----pid-1
---ebpf-pid----379067----pid-379067
---ebpf-pid----379067----pid-5476
---ebpf-pid----379067----pid-1
---ebpf-pid----379067----pid-379067
---ebpf-pid----379067----pid-5476
---ebpf-pid----379067----pid-1
---ebpf-pid----379067----pid-379067
---ebpf-pid----379067----pid-5476
---ebpf-pid----379067----pid-1
---ebpf-pid----379067----pid-379067
---ebpf-pid----379067----pid-5476
---ebpf-pid----379067----pid-1
---ebpf-pid----379067----pid-379067
---ebpf-pid----379067----pid-5476
---ebpf-pid----379067----pid-1
---ebpf-pid----379067----pid-379067
---ebpf-pid----379067----pid-5476
---ebpf-pid----379067----pid-1
---ebpf-pid----379067----pid-379067
---ebpf-pid----379067----pid-5476
---ebpf-pid----379067----pid-1
---ebpf-pid----379067----pid-379067
---ebpf-pid----379067----pid-5476
---ebpf-pid----379067----pid-1
---ebpf-pid----379067----pid-379067
---ebpf-pid----379067----pid-5476
Failed to get process information for PID 0
Failed to get process information for PID 0
---ebpf-pid----379067----pid-1
---ebpf-pid----379067----pid-379067
---ebpf-pid----379067----pid-5476
---ebpf-pid----379067----pid-1
---ebpf-pid----4210----pid-4210
---ebpf-pid----4210----pid-4164
---ebpf-pid----4210----pid-3417
---ebpf-pid----4210----pid-1
---ebpf-pid----372714----pid-372714
---ebpf-pid----372714----pid-5476
---ebpf-pid----372714----pid-1
---ebpf-pid----372714----pid-372714
---ebpf-pid----372714----pid-5476
---ebpf-pid----372714----pid-1
---ebpf-pid----5705----pid-5705
---ebpf-pid----5705----pid-5476
---ebpf-pid----5705----pid-1
---ebpf-pid----5705----pid-5705
---ebpf-pid----5705----pid-5476
---ebpf-pid----5705----pid-1
---ebpf-pid----448546----pid-448546
---ebpf-pid----448546----pid-1
---ebpf-pid----5705----pid-5705
---ebpf-pid----5705----pid-5476
---ebpf-pid----5705----pid-1
---ebpf-pid----5705----pid-5705
---ebpf-pid----5705----pid-5476
---ebpf-pid----5705----pid-1
---ebpf-pid----5705----pid-5705
---ebpf-pid----5705----pid-5476
---ebpf-pid----5705----pid-1
---ebpf-pid----5705----pid-5705
---ebpf-pid----5705----pid-5476
---ebpf-pid----5705----pid-1
---ebpf-pid----5705----pid-5705
---ebpf-pid----5705----pid-5476
---ebpf-pid----5705----pid-1
---ebpf-pid----5705----pid-5705
---ebpf-pid----5705----pid-5476
---ebpf-pid----5705----pid-1
---ebpf-pid----5705----pid-5705
---ebpf-pid----5705----pid-5476
---ebpf-pid----5705----pid-1
---ebpf-pid----5705----pid-5705
---ebpf-pid----5705----pid-5476
---ebpf-pid----5705----pid-1
---ebpf-pid----5705----pid-5705
---ebpf-pid----5705----pid-5476
---ebpf-pid----5705----pid-1
---ebpf-pid----5705----pid-5705
---ebpf-pid----5705----pid-5476
---ebpf-pid----5705----pid-1
---ebpf-pid----5705----pid-5705
---ebpf-pid----5705----pid-5476
---ebpf-pid----5705----pid-1
---ebpf-pid----5705----pid-5705
---ebpf-pid----5705----pid-5476
---ebpf-pid----5705----pid-1
---ebpf-pid----5705----pid-5705
---ebpf-pid----5705----pid-5476
---ebpf-pid----5705----pid-1
---ebpf-pid----5705----pid-5705
---ebpf-pid----5705----pid-5476
---ebpf-pid----5705----pid-1
---ebpf-pid----5705----pid-5705
---ebpf-pid----5705----pid-5476
---ebpf-pid----5705----pid-1
---ebpf-pid----377755----pid-377755
---ebpf-pid----377755----pid-1
---ebpf-pid----448546----pid-448546
---ebpf-pid----448546----pid-1
---ebpf-pid----5705----pid-5705
---ebpf-pid----5705----pid-5476
---ebpf-pid----5705----pid-1
---ebpf-pid----5705----pid-5705
---ebpf-pid----5705----pid-5476
---ebpf-pid----5705----pid-1
---ebpf-pid----5705----pid-5705
Failed to get process information for PID 0
---ebpf-pid----5705----pid-5476
---ebpf-pid----5705----pid-1
---ebpf-pid----5705----pid-5705
---ebpf-pid----5705----pid-5476
---ebpf-pid----5705----pid-1
---ebpf-pid----5705----pid-5705
---ebpf-pid----5705----pid-5476
---ebpf-pid----5705----pid-1
---ebpf-pid----2010----pid-2010
---ebpf-pid----2010----pid-1
---ebpf-pid----5705----pid-5705
---ebpf-pid----5705----pid-5476
---ebpf-pid----5705----pid-1
---ebpf-pid----5705----pid-5705
---ebpf-pid----5705----pid-5476
---ebpf-pid----5705----pid-1
---ebpf-pid----5705----pid-5705
---ebpf-pid----5705----pid-5476
---ebpf-pid----5705----pid-1
---ebpf-pid----2088----pid-2088
---ebpf-pid----2088----pid-1
---ebpf-pid----5705----pid-5705
---ebpf-pid----5705----pid-5476
---ebpf-pid----5705----pid-1
---ebpf-pid----5705----pid-5705
---ebpf-pid----5705----pid-5476
Failed to get process information for PID 0
---ebpf-pid----5705----pid-1
---ebpf-pid----5705----pid-5705
---ebpf-pid----5705----pid-5476
---ebpf-pid----5705----pid-1
---ebpf-pid----5705----pid-5705
---ebpf-pid----5705----pid-5476
---ebpf-pid----5705----pid-1
---ebpf-pid----5705----pid-5705
---ebpf-pid----5705----pid-5476
---ebpf-pid----5705----pid-1
---ebpf-pid----5705----pid-5705
---ebpf-pid----5705----pid-5476
---ebpf-pid----5705----pid-1
---ebpf-pid----2088----pid-2088
---ebpf-pid----2088----pid-1
---ebpf-pid----2088----pid-2088
---ebpf-pid----2088----pid-1
---ebpf-pid----2088----pid-2088
---ebpf-pid----2088----pid-1
---ebpf-pid----2088----pid-2088
---ebpf-pid----2088----pid-1
---ebpf-pid----2088----pid-2088
---ebpf-pid----2088----pid-1
---ebpf-pid----5705----pid-5705
---ebpf-pid----5705----pid-5476
---ebpf-pid----5705----pid-1
---ebpf-pid----5705----pid-5705
---ebpf-pid----5705----pid-5476
---ebpf-pid----5705----pid-1
---ebpf-pid----372714----pid-372714
---ebpf-pid----372714----pid-5476
---ebpf-pid----372714----pid-1
---ebpf-pid----372714----pid-372714
---ebpf-pid----372714----pid-5476
---ebpf-pid----372714----pid-1
---ebpf-pid----5705----pid-5705
---ebpf-pid----5705----pid-5476
---ebpf-pid----5705----pid-1
---ebpf-pid----2029----pid-2029
---ebpf-pid----2029----pid-1
---ebpf-pid----2029----pid-2029
---ebpf-pid----2029----pid-1
---ebpf-pid----2029----pid-2029
---ebpf-pid----2029----pid-1
---ebpf-pid----2029----pid-2029
---ebpf-pid----2029----pid-1
---ebpf-pid----2029----pid-2029
---ebpf-pid----2029----pid-1
---ebpf-pid----2029----pid-2029
---ebpf-pid----2029----pid-1
---ebpf-pid----2010----pid-2010
---ebpf-pid----2010----pid-1
---ebpf-pid----2029----pid-2029
---ebpf-pid----2029----pid-1
---ebpf-pid----2029----pid-2029
---ebpf-pid----2029----pid-1
---ebpf-pid----2029----pid-2029
---ebpf-pid----2029----pid-1
---ebpf-pid----2029----pid-2029
---ebpf-pid----2029----pid-1
---ebpf-pid----2029----pid-2029
---ebpf-pid----2029----pid-1
---ebpf-pid----2029----pid-2029
---ebpf-pid----2029----pid-1
---ebpf-pid----2029----pid-2029
---ebpf-pid----2029----pid-1
---ebpf-pid----372881----pid-372881
---ebpf-pid----372881----pid-1
---ebpf-pid----372881----pid-372881
---ebpf-pid----372881----pid-1
---ebpf-pid----372881----pid-372881
---ebpf-pid----372881----pid-1
---ebpf-pid----372881----pid-372881
---ebpf-pid----372881----pid-1
---ebpf-pid----372881----pid-372881
---ebpf-pid----372881----pid-1
---ebpf-pid----372881----pid-372881
---ebpf-pid----372881----pid-1
---ebpf-pid----372881----pid-372881
---ebpf-pid----372881----pid-1
---ebpf-pid----372714----pid-372714
---ebpf-pid----372714----pid-5476
---ebpf-pid----372714----pid-1
---ebpf-pid----372714----pid-372714
---ebpf-pid----372714----pid-5476
---ebpf-pid----372714----pid-1
---ebpf-pid----372714----pid-372714
---ebpf-pid----372714----pid-5476
---ebpf-pid----372714----pid-1
---ebpf-pid----372881----pid-372881
---ebpf-pid----372881----pid-1
---ebpf-pid----372881----pid-372881
---ebpf-pid----372881----pid-1
---ebpf-pid----372881----pid-372881
---ebpf-pid----372881----pid-1
---ebpf-pid----372881----pid-372881
---ebpf-pid----372881----pid-1
---ebpf-pid----372881----pid-372881
---ebpf-pid----372881----pid-1
---ebpf-pid----372881----pid-372881
---ebpf-pid----372881----pid-1
---ebpf-pid----377755----pid-377755
---ebpf-pid----377755----pid-1
---ebpf-pid----377755----pid-377755
---ebpf-pid----377755----pid-1
---ebpf-pid----372881----pid-372881
---ebpf-pid----372881----pid-1
---ebpf-pid----372881----pid-372881
---ebpf-pid----372881----pid-1
---ebpf-pid----372881----pid-372881
---ebpf-pid----372881----pid-1
---ebpf-pid----372881----pid-372881
---ebpf-pid----372881----pid-1
---ebpf-pid----372881----pid-372881
---ebpf-pid----372881----pid-1
---ebpf-pid----372881----pid-372881
---ebpf-pid----372881----pid-1
---ebpf-pid----372881----pid-372881
---ebpf-pid----372881----pid-1
---ebpf-pid----372881----pid-372881
---ebpf-pid----372881----pid-1
---ebpf-pid----372881----pid-372881
---ebpf-pid----372881----pid-1
---ebpf-pid----372881----pid-372881
---ebpf-pid----372881----pid-1
---ebpf-pid----372881----pid-372881
---ebpf-pid----372881----pid-1
---ebpf-pid----372881----pid-372881
---ebpf-pid----372881----pid-1
---ebpf-pid----372881----pid-372881
---ebpf-pid----372881----pid-1
---ebpf-pid----372881----pid-372881
---ebpf-pid----372881----pid-1
---ebpf-pid----372881----pid-372881
---ebpf-pid----372881----pid-1
---ebpf-pid----372881----pid-372881
---ebpf-pid----372881----pid-1
---ebpf-pid----372881----pid-372881
---ebpf-pid----372881----pid-1
---ebpf-pid----372881----pid-372881
---ebpf-pid----372881----pid-1
---ebpf-pid----372881----pid-372881
---ebpf-pid----372881----pid-1
---ebpf-pid----5705----pid-5705
---ebpf-pid----5705----pid-5476
---ebpf-pid----5705----pid-1
---ebpf-pid----5705----pid-5705
---ebpf-pid----5705----pid-5476
---ebpf-pid----5705----pid-1
---ebpf-pid----5705----pid-5705
---ebpf-pid----5705----pid-5476
---ebpf-pid----5705----pid-1
---ebpf-pid----5705----pid-5705
---ebpf-pid----5705----pid-5476
---ebpf-pid----5705----pid-1
---ebpf-pid----5705----pid-5705
---ebpf-pid----5705----pid-5476
---ebpf-pid----5705----pid-1
---ebpf-pid----5705----pid-5705
---ebpf-pid----5705----pid-5476
---ebpf-pid----5705----pid-1
---ebpf-pid----5705----pid-5705
---ebpf-pid----5705----pid-5476
---ebpf-pid----5705----pid-1
---ebpf-pid----5705----pid-5705
---ebpf-pid----5705----pid-5476
---ebpf-pid----5705----pid-1
---ebpf-pid----5705----pid-5705
---ebpf-pid----5705----pid-5476
---ebpf-pid----5705----pid-1
---ebpf-pid----5705----pid-5705
---ebpf-pid----5705----pid-5476
---ebpf-pid----5705----pid-1
---ebpf-pid----5705----pid-5705
---ebpf-pid----5705----pid-5476
---ebpf-pid----5705----pid-1
---ebpf-pid----5705----pid-5705
---ebpf-pid----5705----pid-5476
---ebpf-pid----5705----pid-1
---ebpf-pid----5705----pid-5705
---ebpf-pid----5705----pid-5476
---ebpf-pid----5705----pid-1
---ebpf-pid----5705----pid-5705
---ebpf-pid----5705----pid-5476
---ebpf-pid----5705----pid-1
---ebpf-pid----5705----pid-5705
---ebpf-pid----5705----pid-5476
---ebpf-pid----5705----pid-1
---ebpf-pid----5705----pid-5705
---ebpf-pid----5705----pid-5476
---ebpf-pid----5705----pid-1
---ebpf-pid----5705----pid-5705
---ebpf-pid----5705----pid-5476
---ebpf-pid----5705----pid-1
---ebpf-pid----5705----pid-5705
---ebpf-pid----5705----pid-5476
---ebpf-pid----5705----pid-1
---ebpf-pid----5705----pid-5705
---ebpf-pid----5705----pid-5476
---ebpf-pid----5705----pid-1
---ebpf-pid----5705----pid-5705
---ebpf-pid----5705----pid-5476
---ebpf-pid----5705----pid-1
---ebpf-pid----372881----pid-372881
---ebpf-pid----372881----pid-1
---ebpf-pid----372881----pid-372881
---ebpf-pid----372881----pid-1
---ebpf-pid----372881----pid-372881
---ebpf-pid----372881----pid-1
---ebpf-pid----372881----pid-372881
---ebpf-pid----372881----pid-1
---ebpf-pid----379067----pid-379067
---ebpf-pid----379067----pid-5476
---ebpf-pid----379067----pid-1
---ebpf-pid----379067----pid-379067
---ebpf-pid----379067----pid-5476
---ebpf-pid----379067----pid-1
---ebpf-pid----379067----pid-379067
---ebpf-pid----379067----pid-5476
---ebpf-pid----379067----pid-1
---ebpf-pid----379067----pid-379067
---ebpf-pid----379067----pid-5476
---ebpf-pid----379067----pid-1
---ebpf-pid----379067----pid-379067
---ebpf-pid----379067----pid-5476
---ebpf-pid----379067----pid-1
---ebpf-pid----5614----pid-5614
---ebpf-pid----5614----pid-1
---ebpf-pid----372881----pid-372881
---ebpf-pid----372881----pid-1
---ebpf-pid----372881----pid-372881
---ebpf-pid----372881----pid-1
---ebpf-pid----372881----pid-372881
---ebpf-pid----372881----pid-1
---ebpf-pid----372881----pid-372881
---ebpf-pid----372881----pid-1
---ebpf-pid----372881----pid-372881
---ebpf-pid----372881----pid-1
---ebpf-pid----372881----pid-372881
---ebpf-pid----372881----pid-1
---ebpf-pid----372881----pid-372881
---ebpf-pid----372881----pid-1
---ebpf-pid----372881----pid-372881
---ebpf-pid----372881----pid-1
---ebpf-pid----5614----pid-5614
---ebpf-pid----5614----pid-1
---ebpf-pid----2088----pid-2088
---ebpf-pid----2088----pid-1
---ebpf-pid----2088----pid-2088
---ebpf-pid----2088----pid-1
---ebpf-pid----2088----pid-2088
---ebpf-pid----2088----pid-1
---ebpf-pid----2088----pid-2088
---ebpf-pid----2088----pid-1
---ebpf-pid----2088----pid-2088
---ebpf-pid----2088----pid-1
---ebpf-pid----2088----pid-2088
---ebpf-pid----2088----pid-1
---ebpf-pid----2088----pid-2088
---ebpf-pid----2088----pid-1
---ebpf-pid----2088----pid-2088
---ebpf-pid----2088----pid-1
---ebpf-pid----2088----pid-2088
---ebpf-pid----2088----pid-1
---ebpf-pid----2088----pid-2088
---ebpf-pid----2088----pid-1
---ebpf-pid----2088----pid-2088
---ebpf-pid----2088----pid-1
---ebpf-pid----372714----pid-372714
---ebpf-pid----372714----pid-5476
---ebpf-pid----372714----pid-1
---ebpf-pid----372714----pid-372714
---ebpf-pid----372714----pid-5476
---ebpf-pid----372714----pid-1
---ebpf-pid----372714----pid-372714
---ebpf-pid----372714----pid-5476
---ebpf-pid----372714----pid-1
---ebpf-pid----372714----pid-372714
---ebpf-pid----372714----pid-5476
---ebpf-pid----372714----pid-1
---ebpf-pid----372714----pid-372714
---ebpf-pid----372714----pid-5476
---ebpf-pid----372714----pid-1
---ebpf-pid----372714----pid-372714
---ebpf-pid----372714----pid-5476
---ebpf-pid----372714----pid-1
---ebpf-pid----2029----pid-2029
Failed to get process information for PID 0
---ebpf-pid----2029----pid-1
---ebpf-pid----2029----pid-2029
---ebpf-pid----2029----pid-1
---ebpf-pid----2029----pid-2029
---ebpf-pid----2029----pid-1
---ebpf-pid----5638----pid-5638
---ebpf-pid----5638----pid-1
---ebpf-pid----5638----pid-5638
---ebpf-pid----5638----pid-1
---ebpf-pid----379067----pid-379067
---ebpf-pid----379067----pid-5476
---ebpf-pid----379067----pid-1
---ebpf-pid----379067----pid-379067
---ebpf-pid----379067----pid-5476
---ebpf-pid----379067----pid-1
---ebpf-pid----379067----pid-379067
---ebpf-pid----379067----pid-5476
---ebpf-pid----379067----pid-1
---ebpf-pid----379067----pid-379067
---ebpf-pid----379067----pid-5476
---ebpf-pid----379067----pid-1
---ebpf-pid----379067----pid-379067
---ebpf-pid----379067----pid-5476
---ebpf-pid----379067----pid-1
---ebpf-pid----379067----pid-379067
---ebpf-pid----379067----pid-5476
---ebpf-pid----379067----pid-1
---ebpf-pid----379067----pid-379067
---ebpf-pid----379067----pid-5476
---ebpf-pid----379067----pid-1
---ebpf-pid----379067----pid-379067
---ebpf-pid----379067----pid-5476
---ebpf-pid----379067----pid-1
---ebpf-pid----448783----pid-448783
---ebpf-pid----448783----pid-448520
---ebpf-pid----448783----pid-1
---ebpf-pid----448783----pid-448783
---ebpf-pid----448783----pid-448520
---ebpf-pid----448783----pid-1
---ebpf-pid----448783----pid-448783
---ebpf-pid----448783----pid-448520
---ebpf-pid----448783----pid-1
---ebpf-pid----448783----pid-448783
---ebpf-pid----448783----pid-448520
---ebpf-pid----448783----pid-1
---ebpf-pid----448783----pid-448783
---ebpf-pid----448783----pid-448520
---ebpf-pid----448783----pid-1
---ebpf-pid----448783----pid-448783
---ebpf-pid----448783----pid-448520
---ebpf-pid----448783----pid-1
---ebpf-pid----448783----pid-448783
---ebpf-pid----448783----pid-448520
---ebpf-pid----448783----pid-1
---ebpf-pid----448783----pid-448783
---ebpf-pid----448783----pid-448520
---ebpf-pid----448783----pid-1
---ebpf-pid----448783----pid-448783
---ebpf-pid----448783----pid-448520
---ebpf-pid----448783----pid-1
---ebpf-pid----448783----pid-448783
---ebpf-pid----448783----pid-448520
---ebpf-pid----448783----pid-1
---ebpf-pid----448783----pid-448783
---ebpf-pid----448783----pid-448520
---ebpf-pid----448783----pid-1
---ebpf-pid----448783----pid-448783
---ebpf-pid----448783----pid-448520
---ebpf-pid----448783----pid-1
---ebpf-pid----448783----pid-448783
---ebpf-pid----448783----pid-448520
---ebpf-pid----448783----pid-1
---ebpf-pid----448783----pid-448783
---ebpf-pid----448783----pid-448520
---ebpf-pid----448783----pid-1
---ebpf-pid----448783----pid-448783
---ebpf-pid----448783----pid-448520
---ebpf-pid----448783----pid-1
---ebpf-pid----448783----pid-448783
---ebpf-pid----448783----pid-448520
---ebpf-pid----448783----pid-1
---ebpf-pid----448783----pid-448783
---ebpf-pid----448783----pid-448520
---ebpf-pid----448783----pid-1
---ebpf-pid----448522----pid-448522
---ebpf-pid----448522----pid-1
---ebpf-pid----5707----pid-5707
---ebpf-pid----5707----pid-5476
---ebpf-pid----5707----pid-1
---ebpf-pid----5707----pid-5707
---ebpf-pid----5707----pid-5476
---ebpf-pid----5707----pid-1
---ebpf-pid----5707----pid-5707
---ebpf-pid----5707----pid-5476
---ebpf-pid----5707----pid-1
---ebpf-pid----448783----pid-448783
---ebpf-pid----448783----pid-448520
---ebpf-pid----448783----pid-1
---ebpf-pid----448783----pid-448783
---ebpf-pid----448783----pid-448520
---ebpf-pid----448783----pid-1
---ebpf-pid----448783----pid-448783
---ebpf-pid----448783----pid-448520
---ebpf-pid----448783----pid-1
---ebpf-pid----448783----pid-448783
---ebpf-pid----448783----pid-448520
---ebpf-pid----448783----pid-1
---ebpf-pid----448783----pid-448783
---ebpf-pid----448783----pid-448520
---ebpf-pid----448783----pid-1
---ebpf-pid----448783----pid-448783
---ebpf-pid----448783----pid-448520
---ebpf-pid----448783----pid-1
---ebpf-pid----448783----pid-448783
---ebpf-pid----448783----pid-448520
---ebpf-pid----448783----pid-1
---ebpf-pid----448783----pid-448783
---ebpf-pid----448783----pid-448520
---ebpf-pid----448783----pid-1
---ebpf-pid----448783----pid-448783
---ebpf-pid----448783----pid-448520
---ebpf-pid----448783----pid-1
---ebpf-pid----448783----pid-448783
---ebpf-pid----448783----pid-448520
---ebpf-pid----448783----pid-1
---ebpf-pid----448783----pid-448783
---ebpf-pid----448783----pid-448520
---ebpf-pid----448783----pid-1
---ebpf-pid----448783----pid-448783
---ebpf-pid----448783----pid-448520
---ebpf-pid----448783----pid-1
---ebpf-pid----448783----pid-448783
---ebpf-pid----448783----pid-448520
---ebpf-pid----448783----pid-1
---ebpf-pid----448783----pid-448783
---ebpf-pid----448783----pid-448520
---ebpf-pid----448783----pid-1
---ebpf-pid----5707----pid-5707
---ebpf-pid----5707----pid-5476
---ebpf-pid----5707----pid-1
---ebpf-pid----448783----pid-448783
---ebpf-pid----448783----pid-448520
---ebpf-pid----448783----pid-1
---ebpf-pid----448783----pid-448783
---ebpf-pid----448783----pid-448520
---ebpf-pid----448783----pid-1
---ebpf-pid----448783----pid-448783
---ebpf-pid----448783----pid-448520
---ebpf-pid----448783----pid-1
---ebpf-pid----448783----pid-448783
---ebpf-pid----448783----pid-448520
---ebpf-pid----448783----pid-1
---ebpf-pid----448783----pid-448783
---ebpf-pid----448783----pid-448520
---ebpf-pid----448783----pid-1
---ebpf-pid----448783----pid-448783
---ebpf-pid----448783----pid-448520
---ebpf-pid----448783----pid-1
---ebpf-pid----5707----pid-5707
---ebpf-pid----5707----pid-5476
---ebpf-pid----5707----pid-1
---ebpf-pid----5707----pid-5707
---ebpf-pid----5707----pid-5476
---ebpf-pid----5707----pid-1
---ebpf-pid----5707----pid-5707
---ebpf-pid----5707----pid-5476
---ebpf-pid----5707----pid-1
---ebpf-pid----5707----pid-5707
---ebpf-pid----5707----pid-5476
---ebpf-pid----5707----pid-1
---ebpf-pid----5707----pid-5707
---ebpf-pid----5707----pid-5476
---ebpf-pid----5707----pid-1
---ebpf-pid----5707----pid-5707
---ebpf-pid----5707----pid-5476
---ebpf-pid----5707----pid-1
---ebpf-pid----448783----pid-448783
---ebpf-pid----448783----pid-448520
---ebpf-pid----448783----pid-1
---ebpf-pid----448783----pid-448783
---ebpf-pid----448783----pid-448520
---ebpf-pid----448783----pid-1
---ebpf-pid----448783----pid-448783
---ebpf-pid----448783----pid-448520
---ebpf-pid----448783----pid-1
---ebpf-pid----448783----pid-448783
---ebpf-pid----448783----pid-448520
---ebpf-pid----448783----pid-1
---ebpf-pid----5705----pid-5705
---ebpf-pid----5705----pid-5476
---ebpf-pid----5705----pid-1
---ebpf-pid----5705----pid-5705
---ebpf-pid----5705----pid-5476
---ebpf-pid----5705----pid-1
---ebpf-pid----5707----pid-5707
---ebpf-pid----5707----pid-5476
---ebpf-pid----5707----pid-1
---ebpf-pid----5707----pid-5707
---ebpf-pid----5707----pid-5476
---ebpf-pid----5707----pid-1
---ebpf-pid----5705----pid-5705
---ebpf-pid----5705----pid-5476
---ebpf-pid----5705----pid-1
---ebpf-pid----5705----pid-5705
---ebpf-pid----5705----pid-5476
---ebpf-pid----5705----pid-1
---ebpf-pid----448783----pid-448783
---ebpf-pid----448783----pid-448520
---ebpf-pid----448783----pid-1
---ebpf-pid----448783----pid-448783
---ebpf-pid----448783----pid-448520
---ebpf-pid----448783----pid-1
---ebpf-pid----5707----pid-5707
---ebpf-pid----5707----pid-5476
---ebpf-pid----5707----pid-1
---ebpf-pid----5707----pid-5707
---ebpf-pid----5707----pid-5476
---ebpf-pid----5707----pid-1
---ebpf-pid----5707----pid-5707
---ebpf-pid----5707----pid-5476
---ebpf-pid----5707----pid-1
---ebpf-pid----5707----pid-5707
---ebpf-pid----5707----pid-5476
---ebpf-pid----5707----pid-1
---ebpf-pid----5707----pid-5707
---ebpf-pid----5707----pid-5476
---ebpf-pid----5707----pid-1
---ebpf-pid----5707----pid-5707
---ebpf-pid----5707----pid-5476
---ebpf-pid----5707----pid-1
---ebpf-pid----5707----pid-5707
---ebpf-pid----5707----pid-5476
---ebpf-pid----5707----pid-1
---ebpf-pid----5707----pid-5707
---ebpf-pid----5707----pid-5476
---ebpf-pid----5707----pid-1
---ebpf-pid----5707----pid-5707
---ebpf-pid----5707----pid-5476
---ebpf-pid----5707----pid-1
---ebpf-pid----5707----pid-5707
---ebpf-pid----5707----pid-5476
---ebpf-pid----5707----pid-1
---ebpf-pid----5707----pid-5707
---ebpf-pid----5707----pid-5476
---ebpf-pid----5707----pid-1
---ebpf-pid----5707----pid-5707
---ebpf-pid----5707----pid-5476
---ebpf-pid----5707----pid-1
---ebpf-pid----5707----pid-5707
---ebpf-pid----5707----pid-5476
---ebpf-pid----5707----pid-1
---ebpf-pid----5707----pid-5707
---ebpf-pid----5707----pid-5476
---ebpf-pid----5707----pid-1
---ebpf-pid----448783----pid-448783
---ebpf-pid----448783----pid-448520
---ebpf-pid----448783----pid-1
---ebpf-pid----448783----pid-448783
---ebpf-pid----448783----pid-448520
---ebpf-pid----448783----pid-1
---ebpf-pid----448783----pid-448783
---ebpf-pid----448783----pid-448520
---ebpf-pid----448783----pid-1
---ebpf-pid----448783----pid-448783
---ebpf-pid----448783----pid-448520
---ebpf-pid----448783----pid-1
---ebpf-pid----448783----pid-448783
---ebpf-pid----448783----pid-448520
---ebpf-pid----448783----pid-1
---ebpf-pid----448783----pid-448783
---ebpf-pid----448783----pid-448520
---ebpf-pid----448783----pid-1
---ebpf-pid----5707----pid-5707
---ebpf-pid----5707----pid-5476
---ebpf-pid----5707----pid-1
---ebpf-pid----5707----pid-5707
---ebpf-pid----5707----pid-5476
---ebpf-pid----5707----pid-1
---ebpf-pid----5707----pid-5707
---ebpf-pid----5707----pid-5476
---ebpf-pid----5707----pid-1
---ebpf-pid----5707----pid-5707
---ebpf-pid----5707----pid-5476
---ebpf-pid----5707----pid-1
---ebpf-pid----448783----pid-448783
---ebpf-pid----448783----pid-448520
---ebpf-pid----448783----pid-1
---ebpf-pid----448783----pid-448783
---ebpf-pid----448783----pid-448520
---ebpf-pid----448783----pid-1
---ebpf-pid----379067----pid-379067
---ebpf-pid----379067----pid-5476
---ebpf-pid----379067----pid-1
---ebpf-pid----379067----pid-379067
---ebpf-pid----379067----pid-5476
---ebpf-pid----379067----pid-1
---ebpf-pid----448783----pid-448783
---ebpf-pid----448783----pid-448520
---ebpf-pid----448783----pid-1
---ebpf-pid----448783----pid-448783
---ebpf-pid----448783----pid-448520
---ebpf-pid----448783----pid-1
---ebpf-pid----14----pid-14
---ebpf-pid----14----pid-2
---ebpf-pid----448783----pid-448783
---ebpf-pid----448783----pid-448520
---ebpf-pid----448783----pid-1
---ebpf-pid----448783----pid-448783
---ebpf-pid----448783----pid-448520
---ebpf-pid----448783----pid-1
---ebpf-pid----448783----pid-448783
---ebpf-pid----448783----pid-448520
---ebpf-pid----448783----pid-1
---ebpf-pid----448783----pid-448783
---ebpf-pid----448783----pid-448520
---ebpf-pid----448783----pid-1
---ebpf-pid----448783----pid-448783
---ebpf-pid----448783----pid-448520
---ebpf-pid----448783----pid-1
---ebpf-pid----448783----pid-448783
---ebpf-pid----448783----pid-448520
---ebpf-pid----448783----pid-1
---ebpf-pid----448783----pid-448783
---ebpf-pid----448783----pid-448520
---ebpf-pid----448783----pid-1
---ebpf-pid----14----pid-14
---ebpf-pid----14----pid-2
---ebpf-pid----379067----pid-379067
---ebpf-pid----379067----pid-5476
---ebpf-pid----379067----pid-1
---ebpf-pid----379067----pid-379067
---ebpf-pid----379067----pid-5476
---ebpf-pid----379067----pid-1
---ebpf-pid----379067----pid-379067
---ebpf-pid----379067----pid-5476
---ebpf-pid----379067----pid-1
---ebpf-pid----379067----pid-379067
---ebpf-pid----379067----pid-5476
---ebpf-pid----379067----pid-1
---ebpf-pid----379067----pid-379067
---ebpf-pid----379067----pid-5476
---ebpf-pid----379067----pid-1
---ebpf-pid----379067----pid-379067
---ebpf-pid----379067----pid-5476
---ebpf-pid----379067----pid-1
---ebpf-pid----5707----pid-5707
---ebpf-pid----5707----pid-5476
---ebpf-pid----5707----pid-1
---ebpf-pid----5707----pid-5707
---ebpf-pid----5707----pid-5476
---ebpf-pid----5707----pid-1
---ebpf-pid----7313----pid-7313
---ebpf-pid----7313----pid-1
---ebpf-pid----2012----pid-2012
---ebpf-pid----2012----pid-1
---ebpf-pid----2012----pid-2012
---ebpf-pid----2012----pid-1
---ebpf-pid----2012----pid-2012
---ebpf-pid----2012----pid-1
---ebpf-pid----2012----pid-2012
---ebpf-pid----2012----pid-1
---ebpf-pid----2012----pid-2012
---ebpf-pid----2012----pid-1
---ebpf-pid----2012----pid-2012
---ebpf-pid----2012----pid-1
---ebpf-pid----2012----pid-2012
---ebpf-pid----2012----pid-1
---ebpf-pid----2012----pid-2012
---ebpf-pid----2012----pid-1
---ebpf-pid----2012----pid-2012
---ebpf-pid----2012----pid-1
---ebpf-pid----2012----pid-2012
---ebpf-pid----2012----pid-1
---ebpf-pid----2012----pid-2012
---ebpf-pid----2012----pid-1
---ebpf-pid----2012----pid-2012
---ebpf-pid----2012----pid-1
---ebpf-pid----2012----pid-2012
---ebpf-pid----2012----pid-1
---ebpf-pid----5707----pid-5707
---ebpf-pid----5707----pid-5476
---ebpf-pid----5707----pid-1
---ebpf-pid----5707----pid-5707
---ebpf-pid----5707----pid-5476
---ebpf-pid----5707----pid-1
---ebpf-pid----5707----pid-5707
---ebpf-pid----5707----pid-5476
---ebpf-pid----5707----pid-1
---ebpf-pid----448522----pid-448522
---ebpf-pid----448522----pid-1
---ebpf-pid----5707----pid-5707
---ebpf-pid----5707----pid-5476
---ebpf-pid----5707----pid-1
---ebpf-pid----5707----pid-5707
---ebpf-pid----5707----pid-5476
---ebpf-pid----5707----pid-1
---ebpf-pid----5637----pid-5637
---ebpf-pid----5637----pid-1
---ebpf-pid----2012----pid-2012
---ebpf-pid----2012----pid-1
---ebpf-pid----2012----pid-2012
---ebpf-pid----2012----pid-1
---ebpf-pid----2012----pid-2012
---ebpf-pid----2012----pid-1
---ebpf-pid----2012----pid-2012
---ebpf-pid----2012----pid-1
---ebpf-pid----2012----pid-2012
---ebpf-pid----2012----pid-1
---ebpf-pid----2012----pid-2012
---ebpf-pid----2012----pid-1
---ebpf-pid----2012----pid-2012
---ebpf-pid----2012----pid-1
---ebpf-pid----2012----pid-2012
---ebpf-pid----2012----pid-1
---ebpf-pid----2012----pid-2012
---ebpf-pid----2012----pid-1
---ebpf-pid----2012----pid-2012
---ebpf-pid----2012----pid-1
---ebpf-pid----2012----pid-2012
---ebpf-pid----2012----pid-1
---ebpf-pid----2012----pid-2012
---ebpf-pid----2012----pid-1
---ebpf-pid----5707----pid-5707
---ebpf-pid----5707----pid-5476
---ebpf-pid----5707----pid-1
---ebpf-pid----5707----pid-5707
---ebpf-pid----5707----pid-5476
---ebpf-pid----5707----pid-1
---ebpf-pid----5707----pid-5707
---ebpf-pid----5707----pid-5476
---ebpf-pid----5707----pid-1
---ebpf-pid----5707----pid-5707
---ebpf-pid----5707----pid-5476
---ebpf-pid----5707----pid-1
---ebpf-pid----5707----pid-5707
---ebpf-pid----5707----pid-5476
---ebpf-pid----5707----pid-1
---ebpf-pid----5707----pid-5707
---ebpf-pid----5707----pid-5476
---ebpf-pid----5707----pid-1
---ebpf-pid----5707----pid-5707
---ebpf-pid----5707----pid-5476
---ebpf-pid----5707----pid-1
---ebpf-pid----5707----pid-5707
---ebpf-pid----5707----pid-5476
---ebpf-pid----5707----pid-1
---ebpf-pid----5707----pid-5707
---ebpf-pid----5707----pid-5476
---ebpf-pid----5707----pid-1
---ebpf-pid----5707----pid-5707
---ebpf-pid----5707----pid-5476
---ebpf-pid----5707----pid-1
---ebpf-pid----5707----pid-5707
---ebpf-pid----5707----pid-5476
---ebpf-pid----5707----pid-1
---ebpf-pid----5707----pid-5707
---ebpf-pid----5707----pid-5476
---ebpf-pid----5707----pid-1
---ebpf-pid----5707----pid-5707
---ebpf-pid----5707----pid-5476
---ebpf-pid----5707----pid-1
---ebpf-pid----5707----pid-5707
---ebpf-pid----5707----pid-5476
---ebpf-pid----5707----pid-1
---ebpf-pid----5707----pid-5707
---ebpf-pid----5707----pid-5476
---ebpf-pid----5707----pid-1
---ebpf-pid----5707----pid-5707
---ebpf-pid----5707----pid-5476
---ebpf-pid----5707----pid-1
---ebpf-pid----5707----pid-5707
---ebpf-pid----5707----pid-5476
---ebpf-pid----5707----pid-1
---ebpf-pid----5707----pid-5707
---ebpf-pid----5707----pid-5476
---ebpf-pid----5707----pid-1
---ebpf-pid----5707----pid-5707
---ebpf-pid----5707----pid-5476
---ebpf-pid----5707----pid-1
---ebpf-pid----5707----pid-5707
---ebpf-pid----5707----pid-5476
---ebpf-pid----5707----pid-1
---ebpf-pid----5707----pid-5707
---ebpf-pid----5707----pid-5476
---ebpf-pid----5707----pid-1
---ebpf-pid----5707----pid-5707
---ebpf-pid----5707----pid-5476
---ebpf-pid----5707----pid-1
---ebpf-pid----5707----pid-5707
---ebpf-pid----5707----pid-5476
---ebpf-pid----5707----pid-1
---ebpf-pid----5707----pid-5707
---ebpf-pid----5707----pid-5476
---ebpf-pid----5707----pid-1
---ebpf-pid----6362----pid-6362
---ebpf-pid----6362----pid-5980
---ebpf-pid----6362----pid-1
---ebpf-pid----448522----pid-448522
---ebpf-pid----448522----pid-1
---ebpf-pid----5707----pid-5707
---ebpf-pid----5707----pid-5476
---ebpf-pid----5707----pid-1
---ebpf-pid----5707----pid-5707
---ebpf-pid----5707----pid-5476
---ebpf-pid----5707----pid-1
---ebpf-pid----5707----pid-5707
---ebpf-pid----5707----pid-5476
---ebpf-pid----5707----pid-1
---ebpf-pid----5707----pid-5707
---ebpf-pid----5707----pid-5476
---ebpf-pid----5707----pid-1
---ebpf-pid----5707----pid-5707
---ebpf-pid----5707----pid-5476
---ebpf-pid----5707----pid-1
---ebpf-pid----5707----pid-5707
---ebpf-pid----5707----pid-5476
---ebpf-pid----5707----pid-1
---ebpf-pid----5707----pid-5707
---ebpf-pid----5707----pid-5476
---ebpf-pid----5707----pid-1
---ebpf-pid----5707----pid-5707
---ebpf-pid----5707----pid-5476
---ebpf-pid----5707----pid-1
---ebpf-pid----5707----pid-5707
---ebpf-pid----5707----pid-5476
---ebpf-pid----5707----pid-1
---ebpf-pid----5707----pid-5707
---ebpf-pid----5707----pid-5476
---ebpf-pid----5707----pid-1
---ebpf-pid----5707----pid-5707
---ebpf-pid----5707----pid-5476
---ebpf-pid----5707----pid-1
---ebpf-pid----5707----pid-5707
---ebpf-pid----5707----pid-5476
---ebpf-pid----5707----pid-1
---ebpf-pid----5707----pid-5707
---ebpf-pid----5707----pid-5476
---ebpf-pid----5707----pid-1
---ebpf-pid----5707----pid-5707
---ebpf-pid----5707----pid-5476
---ebpf-pid----5707----pid-1
---ebpf-pid----5707----pid-5707
---ebpf-pid----5707----pid-5476
---ebpf-pid----5707----pid-1
---ebpf-pid----5707----pid-5707
---ebpf-pid----5707----pid-5476
---ebpf-pid----5707----pid-1
---ebpf-pid----5707----pid-5707
---ebpf-pid----5707----pid-5476
---ebpf-pid----5707----pid-1
---ebpf-pid----5707----pid-5707
---ebpf-pid----5707----pid-5476
---ebpf-pid----5707----pid-1
---ebpf-pid----5707----pid-5707
---ebpf-pid----5707----pid-5476
---ebpf-pid----5707----pid-1
---ebpf-pid----7312----pid-7312
---ebpf-pid----7312----pid-1
---ebpf-pid----448522----pid-448522
---ebpf-pid----448522----pid-1
---ebpf-pid----2029----pid-2029
---ebpf-pid----2029----pid-1
---ebpf-pid----2029----pid-2029
---ebpf-pid----2029----pid-1
---ebpf-pid----5707----pid-5707
---ebpf-pid----5707----pid-5476
---ebpf-pid----5707----pid-1
---ebpf-pid----5707----pid-5707
---ebpf-pid----5707----pid-5476
---ebpf-pid----5707----pid-1
---ebpf-pid----5638----pid-5638
---ebpf-pid----5638----pid-1
---ebpf-pid----7312----pid-7312
---ebpf-pid----7312----pid-1
---ebpf-pid----372881----pid-372881
---ebpf-pid----372881----pid-1
---ebpf-pid----372881----pid-372881
---ebpf-pid----372881----pid-1
---ebpf-pid----372881----pid-372881
---ebpf-pid----372881----pid-1
---ebpf-pid----372881----pid-372881
---ebpf-pid----372881----pid-1
---ebpf-pid----372881----pid-372881
---ebpf-pid----372881----pid-1
---ebpf-pid----372881----pid-372881
---ebpf-pid----372881----pid-1
---ebpf-pid----372881----pid-372881
---ebpf-pid----372881----pid-1
---ebpf-pid----372881----pid-372881
---ebpf-pid----372881----pid-1
---ebpf-pid----372881----pid-372881
---ebpf-pid----372881----pid-1
---ebpf-pid----372881----pid-372881
---ebpf-pid----372881----pid-1
---ebpf-pid----372881----pid-372881
---ebpf-pid----372881----pid-1
---ebpf-pid----372881----pid-372881
---ebpf-pid----372881----pid-1
---ebpf-pid----372881----pid-372881
---ebpf-pid----372881----pid-1
---ebpf-pid----372881----pid-372881
---ebpf-pid----372881----pid-1
---ebpf-pid----372881----pid-372881
---ebpf-pid----372881----pid-1
---ebpf-pid----372881----pid-372881
---ebpf-pid----372881----pid-1
---ebpf-pid----372881----pid-372881
---ebpf-pid----372881----pid-1
---ebpf-pid----372881----pid-372881
---ebpf-pid----372881----pid-1
---ebpf-pid----372881----pid-372881
---ebpf-pid----372881----pid-1
---ebpf-pid----372881----pid-372881
---ebpf-pid----372881----pid-1
---ebpf-pid----372881----pid-372881
---ebpf-pid----372881----pid-1
---ebpf-pid----372881----pid-372881
---ebpf-pid----372881----pid-1
---ebpf-pid----372881----pid-372881
---ebpf-pid----372881----pid-1
---ebpf-pid----372881----pid-372881
---ebpf-pid----372881----pid-1
---ebpf-pid----372881----pid-372881
---ebpf-pid----372881----pid-1
---ebpf-pid----372881----pid-372881
---ebpf-pid----372881----pid-1
---ebpf-pid----372881----pid-372881
---ebpf-pid----372881----pid-1
---ebpf-pid----372881----pid-372881
---ebpf-pid----372881----pid-1
---ebpf-pid----372881----pid-372881
---ebpf-pid----372881----pid-1
---ebpf-pid----372881----pid-372881
---ebpf-pid----372881----pid-1
---ebpf-pid----372881----pid-372881
---ebpf-pid----372881----pid-1
---ebpf-pid----372881----pid-372881
---ebpf-pid----372881----pid-1
---ebpf-pid----372881----pid-372881
---ebpf-pid----372881----pid-1
---ebpf-pid----372881----pid-372881
---ebpf-pid----372881----pid-1
---ebpf-pid----5638----pid-5638
---ebpf-pid----5638----pid-1
---ebpf-pid----448783----pid-448783
---ebpf-pid----448783----pid-448520
---ebpf-pid----448783----pid-1
---ebpf-pid----372881----pid-372881
---ebpf-pid----372881----pid-1
---ebpf-pid----372881----pid-372881
---ebpf-pid----372881----pid-1
---ebpf-pid----372881----pid-372881
---ebpf-pid----372881----pid-1
---ebpf-pid----372881----pid-372881
---ebpf-pid----372881----pid-1
---ebpf-pid----372881----pid-372881
---ebpf-pid----372881----pid-1
---ebpf-pid----372881----pid-372881
---ebpf-pid----372881----pid-1
---ebpf-pid----372881----pid-372881
---ebpf-pid----372881----pid-1
---ebpf-pid----372881----pid-372881
---ebpf-pid----372881----pid-1
---ebpf-pid----372881----pid-372881
---ebpf-pid----372881----pid-1
---ebpf-pid----372881----pid-372881
---ebpf-pid----372881----pid-1
---ebpf-pid----372881----pid-372881
---ebpf-pid----372881----pid-1
---ebpf-pid----372881----pid-372881
---ebpf-pid----372881----pid-1
---ebpf-pid----448522----pid-448522
---ebpf-pid----448522----pid-1
---ebpf-pid----372714----pid-372714
---ebpf-pid----372714----pid-5476
---ebpf-pid----372714----pid-1
---ebpf-pid----372714----pid-372714
---ebpf-pid----372714----pid-5476
---ebpf-pid----372714----pid-1
---ebpf-pid----372881----pid-372881
---ebpf-pid----372881----pid-1
---ebpf-pid----372881----pid-372881
---ebpf-pid----372881----pid-1
---ebpf-pid----372881----pid-372881
---ebpf-pid----372881----pid-1
---ebpf-pid----372714----pid-372714
---ebpf-pid----372714----pid-5476
---ebpf-pid----372714----pid-1
---ebpf-pid----372714----pid-372714
---ebpf-pid----372714----pid-5476
---ebpf-pid----372714----pid-1
---ebpf-pid----372714----pid-372714
---ebpf-pid----372714----pid-5476
---ebpf-pid----372714----pid-1
---ebpf-pid----372714----pid-372714
---ebpf-pid----372714----pid-5476
---ebpf-pid----372714----pid-1
---ebpf-pid----372714----pid-372714
---ebpf-pid----372714----pid-5476
---ebpf-pid----372714----pid-1
---ebpf-pid----372714----pid-372714
---ebpf-pid----372714----pid-5476
---ebpf-pid----372714----pid-1
---ebpf-pid----372714----pid-372714
---ebpf-pid----372714----pid-5476
---ebpf-pid----372714----pid-1
---ebpf-pid----372714----pid-372714
---ebpf-pid----372714----pid-5476
---ebpf-pid----372714----pid-1
---ebpf-pid----372714----pid-372714
---ebpf-pid----372714----pid-5476
---ebpf-pid----372714----pid-1
---ebpf-pid----372714----pid-372714
---ebpf-pid----372714----pid-5476
---ebpf-pid----372714----pid-1
---ebpf-pid----372714----pid-372714
---ebpf-pid----372714----pid-5476
---ebpf-pid----372714----pid-1
---ebpf-pid----372714----pid-372714
---ebpf-pid----372714----pid-5476
---ebpf-pid----372714----pid-1
---ebpf-pid----372714----pid-372714
---ebpf-pid----372714----pid-5476
---ebpf-pid----372714----pid-1
---ebpf-pid----372714----pid-372714
---ebpf-pid----372714----pid-5476
---ebpf-pid----372714----pid-1
---ebpf-pid----372714----pid-372714
---ebpf-pid----372714----pid-5476
---ebpf-pid----372714----pid-1
---ebpf-pid----372714----pid-372714
---ebpf-pid----372714----pid-5476
---ebpf-pid----372714----pid-1
---ebpf-pid----372714----pid-372714
---ebpf-pid----372714----pid-5476
---ebpf-pid----372714----pid-1
---ebpf-pid----372714----pid-372714
---ebpf-pid----372714----pid-5476
---ebpf-pid----372714----pid-1
---ebpf-pid----372714----pid-372714
---ebpf-pid----372714----pid-5476
---ebpf-pid----372714----pid-1
---ebpf-pid----372714----pid-372714
---ebpf-pid----372714----pid-5476
---ebpf-pid----372714----pid-1
---ebpf-pid----372714----pid-372714
---ebpf-pid----372714----pid-5476
---ebpf-pid----372714----pid-1
---ebpf-pid----372714----pid-372714
---ebpf-pid----372714----pid-5476
---ebpf-pid----372714----pid-1
---ebpf-pid----372714----pid-372714
---ebpf-pid----372714----pid-5476
---ebpf-pid----372714----pid-1
---ebpf-pid----372714----pid-372714
---ebpf-pid----372714----pid-5476
---ebpf-pid----372714----pid-1
---ebpf-pid----372714----pid-372714
---ebpf-pid----372714----pid-5476
---ebpf-pid----372714----pid-1
---ebpf-pid----372714----pid-372714
---ebpf-pid----372714----pid-5476
---ebpf-pid----372714----pid-1
---ebpf-pid----372714----pid-372714
---ebpf-pid----372714----pid-5476
---ebpf-pid----372714----pid-1
---ebpf-pid----372714----pid-372714
---ebpf-pid----372714----pid-5476
---ebpf-pid----372714----pid-1
---ebpf-pid----448783----pid-448783
---ebpf-pid----448783----pid-448520
---ebpf-pid----448783----pid-1
---ebpf-pid----448522----pid-448522
---ebpf-pid----448522----pid-1
---ebpf-pid----448783----pid-448783
---ebpf-pid----448783----pid-448520
---ebpf-pid----448783----pid-1
---ebpf-pid----448783----pid-448783
---ebpf-pid----448783----pid-448520
---ebpf-pid----448783----pid-1
---ebpf-pid----448783----pid-448783
---ebpf-pid----448783----pid-448520
---ebpf-pid----448783----pid-1
---ebpf-pid----448783----pid-448783
---ebpf-pid----448783----pid-448520
---ebpf-pid----448783----pid-1
---ebpf-pid----448783----pid-448783
---ebpf-pid----448783----pid-448520
---ebpf-pid----448783----pid-1
---ebpf-pid----448783----pid-448783
---ebpf-pid----448783----pid-448520
---ebpf-pid----448783----pid-1
---ebpf-pid----5638----pid-5638
---ebpf-pid----5638----pid-1
---ebpf-pid----372881----pid-372881
---ebpf-pid----372881----pid-1
---ebpf-pid----372881----pid-372881
---ebpf-pid----372881----pid-1
---ebpf-pid----372881----pid-372881
---ebpf-pid----372881----pid-1
---ebpf-pid----372881----pid-372881
---ebpf-pid----372881----pid-1
---ebpf-pid----372881----pid-372881
---ebpf-pid----372881----pid-1
---ebpf-pid----372881----pid-372881
---ebpf-pid----372881----pid-1
---ebpf-pid----372881----pid-372881
---ebpf-pid----372881----pid-1
---ebpf-pid----372881----pid-372881
---ebpf-pid----372881----pid-1
---ebpf-pid----372881----pid-372881
---ebpf-pid----372881----pid-1
---ebpf-pid----372881----pid-372881
---ebpf-pid----372881----pid-1
---ebpf-pid----372881----pid-372881
---ebpf-pid----372881----pid-1
---ebpf-pid----372881----pid-372881
---ebpf-pid----372881----pid-1
---ebpf-pid----372881----pid-372881
---ebpf-pid----372881----pid-1
---ebpf-pid----372881----pid-372881
---ebpf-pid----372881----pid-1
---ebpf-pid----372881----pid-372881
---ebpf-pid----372881----pid-1
---ebpf-pid----372881----pid-372881
---ebpf-pid----372881----pid-1
---ebpf-pid----372881----pid-372881
---ebpf-pid----372881----pid-1
---ebpf-pid----372881----pid-372881
---ebpf-pid----372881----pid-1
---ebpf-pid----372881----pid-372881
---ebpf-pid----372881----pid-1
---ebpf-pid----372881----pid-372881
---ebpf-pid----372881----pid-1
---ebpf-pid----372881----pid-372881
---ebpf-pid----372881----pid-1
---ebpf-pid----372881----pid-372881
---ebpf-pid----372881----pid-1
---ebpf-pid----372881----pid-372881
---ebpf-pid----372881----pid-1
---ebpf-pid----372881----pid-372881
---ebpf-pid----372881----pid-1
---ebpf-pid----372881----pid-372881
---ebpf-pid----372881----pid-1
---ebpf-pid----372881----pid-372881
---ebpf-pid----372881----pid-1
---ebpf-pid----372881----pid-372881
---ebpf-pid----372881----pid-1
---ebpf-pid----372881----pid-372881
---ebpf-pid----372881----pid-1
---ebpf-pid----372881----pid-372881
---ebpf-pid----372881----pid-1
---ebpf-pid----372881----pid-372881
---ebpf-pid----372881----pid-1
---ebpf-pid----372881----pid-372881
---ebpf-pid----372881----pid-1
---ebpf-pid----372881----pid-372881
---ebpf-pid----372881----pid-1
---ebpf-pid----4213----pid-4213
---ebpf-pid----4213----pid-4164
---ebpf-pid----4213----pid-3417
---ebpf-pid----4213----pid-1
---ebpf-pid----379067----pid-379067
---ebpf-pid----379067----pid-5476
---ebpf-pid----379067----pid-1
---ebpf-pid----379067----pid-379067
---ebpf-pid----379067----pid-5476
---ebpf-pid----379067----pid-1
---ebpf-pid----379067----pid-379067
---ebpf-pid----379067----pid-5476
---ebpf-pid----379067----pid-1
---ebpf-pid----7313----pid-7313
---ebpf-pid----7313----pid-1
---ebpf-pid----2012----pid-2012
---ebpf-pid----2012----pid-1
---ebpf-pid----2012----pid-2012
---ebpf-pid----2012----pid-1
---ebpf-pid----2012----pid-2012
---ebpf-pid----2012----pid-1
---ebpf-pid----2012----pid-2012
---ebpf-pid----2012----pid-1
---ebpf-pid----2012----pid-2012
---ebpf-pid----2012----pid-1
---ebpf-pid----2012----pid-2012
---ebpf-pid----2012----pid-1
---ebpf-pid----2012----pid-2012
---ebpf-pid----2012----pid-1
---ebpf-pid----2012----pid-2012
---ebpf-pid----2012----pid-1
---ebpf-pid----2012----pid-2012
---ebpf-pid----2012----pid-1
---ebpf-pid----2012----pid-2012
---ebpf-pid----2012----pid-1
---ebpf-pid----2012----pid-2012
---ebpf-pid----2012----pid-1
---ebpf-pid----2012----pid-2012
---ebpf-pid----2012----pid-1
---ebpf-pid----2012----pid-2012
---ebpf-pid----2012----pid-1
---ebpf-pid----2012----pid-2012
---ebpf-pid----2012----pid-1
---ebpf-pid----2012----pid-2012
---ebpf-pid----2012----pid-1
---ebpf-pid----2012----pid-2012
---ebpf-pid----2012----pid-1
---ebpf-pid----2012----pid-2012
---ebpf-pid----2012----pid-1
---ebpf-pid----2012----pid-2012
---ebpf-pid----2012----pid-1
---ebpf-pid----379067----pid-379067
---ebpf-pid----379067----pid-5476
---ebpf-pid----379067----pid-1
---ebpf-pid----379067----pid-379067
---ebpf-pid----379067----pid-5476
---ebpf-pid----379067----pid-1
---ebpf-pid----379067----pid-379067
---ebpf-pid----379067----pid-5476
---ebpf-pid----379067----pid-1
---ebpf-pid----379067----pid-379067
---ebpf-pid----379067----pid-5476
---ebpf-pid----379067----pid-1
---ebpf-pid----379067----pid-379067
---ebpf-pid----379067----pid-5476
---ebpf-pid----379067----pid-1
---ebpf-pid----5707----pid-5707
---ebpf-pid----5707----pid-5476
---ebpf-pid----5707----pid-1
---ebpf-pid----5707----pid-5707
---ebpf-pid----5707----pid-5476
---ebpf-pid----5707----pid-1
---ebpf-pid----5707----pid-5707
---ebpf-pid----5707----pid-5476
---ebpf-pid----5707----pid-1
---ebpf-pid----2012----pid-2012
---ebpf-pid----2012----pid-1
---ebpf-pid----2012----pid-2012
---ebpf-pid----2012----pid-1
---ebpf-pid----2012----pid-2012
---ebpf-pid----2012----pid-1
---ebpf-pid----2012----pid-2012
---ebpf-pid----2012----pid-1
---ebpf-pid----2012----pid-2012
---ebpf-pid----2012----pid-1
---ebpf-pid----2012----pid-2012
---ebpf-pid----2012----pid-1
---ebpf-pid----2029----pid-2029
---ebpf-pid----2029----pid-1
---ebpf-pid----2029----pid-2029
---ebpf-pid----2029----pid-1
---ebpf-pid----2029----pid-2029
---ebpf-pid----2029----pid-1
---ebpf-pid----2029----pid-2029
---ebpf-pid----2029----pid-1
---ebpf-pid----2029----pid-2029
---ebpf-pid----2029----pid-1
---ebpf-pid----2029----pid-2029
---ebpf-pid----2029----pid-1
---ebpf-pid----2029----pid-2029
---ebpf-pid----2029----pid-1
---ebpf-pid----2029----pid-2029
---ebpf-pid----2029----pid-1
---ebpf-pid----2029----pid-2029
---ebpf-pid----2029----pid-1
---ebpf-pid----5705----pid-5705
---ebpf-pid----5705----pid-5476
---ebpf-pid----5705----pid-1
---ebpf-pid----5705----pid-5705
---ebpf-pid----5705----pid-5476
---ebpf-pid----5705----pid-1
---ebpf-pid----5705----pid-5705
---ebpf-pid----5705----pid-5476
---ebpf-pid----5705----pid-1
---ebpf-pid----5705----pid-5705
---ebpf-pid----5705----pid-5476
---ebpf-pid----5705----pid-1
---ebpf-pid----5705----pid-5705
---ebpf-pid----5705----pid-5476
---ebpf-pid----5705----pid-1
---ebpf-pid----5705----pid-5705
---ebpf-pid----5705----pid-5476
---ebpf-pid----5705----pid-1
---ebpf-pid----448521----pid-448521
---ebpf-pid----448521----pid-1
---ebpf-pid----379067----pid-379067
---ebpf-pid----379067----pid-5476
---ebpf-pid----379067----pid-1
---ebpf-pid----379067----pid-379067
---ebpf-pid----379067----pid-5476
---ebpf-pid----379067----pid-1
---ebpf-pid----2029----pid-2029
---ebpf-pid----2029----pid-1
---ebpf-pid----2029----pid-2029
---ebpf-pid----2029----pid-1
---ebpf-pid----2029----pid-2029
---ebpf-pid----2029----pid-1
---ebpf-pid----2029----pid-2029
---ebpf-pid----2029----pid-1
---ebpf-pid----2029----pid-2029
Failed to get process information for PID 0
---ebpf-pid----2029----pid-1
---ebpf-pid----2029----pid-2029
---ebpf-pid----2029----pid-1
---ebpf-pid----2029----pid-2029
---ebpf-pid----2029----pid-1
---ebpf-pid----2029----pid-2029
---ebpf-pid----2029----pid-1
---ebpf-pid----2029----pid-2029
---ebpf-pid----2029----pid-1
---ebpf-pid----379067----pid-379067
---ebpf-pid----379067----pid-5476
---ebpf-pid----379067----pid-1
---ebpf-pid----379067----pid-379067
---ebpf-pid----379067----pid-5476
---ebpf-pid----379067----pid-1
---ebpf-pid----379067----pid-379067
---ebpf-pid----379067----pid-5476
---ebpf-pid----379067----pid-1
---ebpf-pid----379067----pid-379067
---ebpf-pid----379067----pid-5476
---ebpf-pid----379067----pid-1
---ebpf-pid----379067----pid-379067
---ebpf-pid----379067----pid-5476
---ebpf-pid----379067----pid-1
---ebpf-pid----379067----pid-379067
---ebpf-pid----379067----pid-5476
---ebpf-pid----379067----pid-1
---ebpf-pid----379067----pid-379067
---ebpf-pid----379067----pid-5476
---ebpf-pid----379067----pid-1
---ebpf-pid----379067----pid-379067
---ebpf-pid----379067----pid-5476
---ebpf-pid----379067----pid-1
---ebpf-pid----379067----pid-379067
---ebpf-pid----379067----pid-5476
---ebpf-pid----379067----pid-1
---ebpf-pid----379067----pid-379067
---ebpf-pid----379067----pid-5476
---ebpf-pid----379067----pid-1
---ebpf-pid----379067----pid-379067
---ebpf-pid----379067----pid-5476
---ebpf-pid----379067----pid-1
---ebpf-pid----379067----pid-379067
---ebpf-pid----379067----pid-5476
---ebpf-pid----379067----pid-1
---ebpf-pid----379067----pid-379067
---ebpf-pid----379067----pid-5476
---ebpf-pid----379067----pid-1
---ebpf-pid----379067----pid-379067
---ebpf-pid----379067----pid-5476
---ebpf-pid----379067----pid-1
---ebpf-pid----379067----pid-379067
---ebpf-pid----379067----pid-5476
---ebpf-pid----379067----pid-1
---ebpf-pid----379067----pid-379067
---ebpf-pid----379067----pid-5476
---ebpf-pid----379067----pid-1
---ebpf-pid----379067----pid-379067
---ebpf-pid----379067----pid-5476
---ebpf-pid----379067----pid-1
---ebpf-pid----2029----pid-2029
---ebpf-pid----2029----pid-1
---ebpf-pid----2029----pid-2029
---ebpf-pid----2029----pid-1
---ebpf-pid----2029----pid-2029
---ebpf-pid----2029----pid-1
---ebpf-pid----7312----pid-7312
---ebpf-pid----7312----pid-1
---ebpf-pid----2088----pid-2088
---ebpf-pid----2088----pid-1
---ebpf-pid----2088----pid-2088
---ebpf-pid----2088----pid-1
---ebpf-pid----2088----pid-2088
---ebpf-pid----2088----pid-1
---ebpf-pid----2088----pid-2088
---ebpf-pid----2088----pid-1
---ebpf-pid----2088----pid-2088
---ebpf-pid----2088----pid-1
---ebpf-pid----5707----pid-5707
---ebpf-pid----5707----pid-5476
---ebpf-pid----5707----pid-1
---ebpf-pid----5707----pid-5707
---ebpf-pid----5707----pid-5476
---ebpf-pid----5707----pid-1
---ebpf-pid----5707----pid-5707
---ebpf-pid----5707----pid-5476
---ebpf-pid----5707----pid-1
---ebpf-pid----5707----pid-5707
---ebpf-pid----5707----pid-5476
---ebpf-pid----5707----pid-1
---ebpf-pid----5707----pid-5707
---ebpf-pid----5707----pid-5476
---ebpf-pid----5707----pid-1
---ebpf-pid----5707----pid-5707
---ebpf-pid----5707----pid-5476
---ebpf-pid----5707----pid-1
---ebpf-pid----5707----pid-5707
---ebpf-pid----5707----pid-5476
---ebpf-pid----5707----pid-1
---ebpf-pid----5707----pid-5707
---ebpf-pid----5707----pid-5476
---ebpf-pid----5707----pid-1
---ebpf-pid----448783----pid-448783
---ebpf-pid----448783----pid-448520
---ebpf-pid----448783----pid-1
---ebpf-pid----448783----pid-448783
---ebpf-pid----448783----pid-448520
---ebpf-pid----448783----pid-1
---ebpf-pid----5707----pid-5707
---ebpf-pid----5707----pid-5476
---ebpf-pid----5707----pid-1
Failed to get process information for PID 0
---ebpf-pid----5707----pid-5707
---ebpf-pid----5707----pid-5476
---ebpf-pid----5707----pid-1
---ebpf-pid----5707----pid-5707
---ebpf-pid----5707----pid-5476
---ebpf-pid----5707----pid-1
---ebpf-pid----5707----pid-5707
---ebpf-pid----5707----pid-5476
---ebpf-pid----5707----pid-1
---ebpf-pid----5707----pid-5707
---ebpf-pid----5707----pid-5476
---ebpf-pid----5707----pid-1
---ebpf-pid----5707----pid-5707
---ebpf-pid----5707----pid-5476
---ebpf-pid----5707----pid-1
---ebpf-pid----5707----pid-5707
---ebpf-pid----5707----pid-5476
---ebpf-pid----5707----pid-1
---ebpf-pid----5707----pid-5707
---ebpf-pid----5707----pid-5476
---ebpf-pid----5707----pid-1
---ebpf-pid----5707----pid-5707
---ebpf-pid----5707----pid-5476
---ebpf-pid----5707----pid-1
---ebpf-pid----5707----pid-5707
---ebpf-pid----5707----pid-5476
---ebpf-pid----5707----pid-1
---ebpf-pid----5707----pid-5707
---ebpf-pid----5707----pid-5476
---ebpf-pid----5707----pid-1
---ebpf-pid----5707----pid-5707
---ebpf-pid----5707----pid-5476
---ebpf-pid----5707----pid-1
---ebpf-pid----5707----pid-5707
---ebpf-pid----5707----pid-5476
---ebpf-pid----5707----pid-1
---ebpf-pid----5707----pid-5707
---ebpf-pid----5707----pid-5476
---ebpf-pid----5707----pid-1
---ebpf-pid----5707----pid-5707
---ebpf-pid----5707----pid-5476
---ebpf-pid----5707----pid-1
---ebpf-pid----5707----pid-5707
---ebpf-pid----5707----pid-5476
---ebpf-pid----5707----pid-1
---ebpf-pid----5707----pid-5707
---ebpf-pid----5707----pid-5476
---ebpf-pid----5707----pid-1
---ebpf-pid----5705----pid-5705
---ebpf-pid----5705----pid-5476
---ebpf-pid----5705----pid-1
---ebpf-pid----5705----pid-5705
---ebpf-pid----5705----pid-5476
---ebpf-pid----5705----pid-1
---ebpf-pid----5705----pid-5705
---ebpf-pid----5705----pid-5476
---ebpf-pid----5705----pid-1
---ebpf-pid----5705----pid-5705
---ebpf-pid----5705----pid-5476
---ebpf-pid----5705----pid-1
---ebpf-pid----5705----pid-5705
---ebpf-pid----5705----pid-5476
---ebpf-pid----5705----pid-1
---ebpf-pid----5705----pid-5705
---ebpf-pid----5705----pid-5476
---ebpf-pid----5705----pid-1
---ebpf-pid----5705----pid-5705
---ebpf-pid----5705----pid-5476
---ebpf-pid----5705----pid-1
---ebpf-pid----448783----pid-448783
---ebpf-pid----448783----pid-448520
---ebpf-pid----448783----pid-1
---ebpf-pid----448783----pid-448783
---ebpf-pid----448783----pid-448520
---ebpf-pid----448783----pid-1
---ebpf-pid----379067----pid-379067
---ebpf-pid----379067----pid-5476
---ebpf-pid----379067----pid-1
---ebpf-pid----379067----pid-379067
---ebpf-pid----379067----pid-5476
---ebpf-pid----379067----pid-1
---ebpf-pid----379067----pid-379067
---ebpf-pid----379067----pid-5476
---ebpf-pid----379067----pid-1
---ebpf-pid----379067----pid-379067
---ebpf-pid----379067----pid-5476
---ebpf-pid----379067----pid-1
---ebpf-pid----379067----pid-379067
---ebpf-pid----379067----pid-5476
---ebpf-pid----379067----pid-1
---ebpf-pid----379067----pid-379067
---ebpf-pid----379067----pid-5476
---ebpf-pid----379067----pid-1
---ebpf-pid----448783----pid-448783
---ebpf-pid----448783----pid-448520
---ebpf-pid----448783----pid-1
---ebpf-pid----448783----pid-448783
---ebpf-pid----448783----pid-448520
---ebpf-pid----448783----pid-1
---ebpf-pid----448783----pid-448783
---ebpf-pid----448783----pid-448520
---ebpf-pid----448783----pid-1
---ebpf-pid----448783----pid-448783
---ebpf-pid----448783----pid-448520
---ebpf-pid----448783----pid-1
---ebpf-pid----448783----pid-448783
---ebpf-pid----448783----pid-448520
---ebpf-pid----448783----pid-1
---ebpf-pid----448783----pid-448783
---ebpf-pid----448783----pid-448520
---ebpf-pid----448783----pid-1
---ebpf-pid----448783----pid-448783
---ebpf-pid----448783----pid-448520
---ebpf-pid----448783----pid-1
---ebpf-pid----448783----pid-448783
---ebpf-pid----448783----pid-448520
---ebpf-pid----448783----pid-1
---ebpf-pid----448783----pid-448783
---ebpf-pid----448783----pid-448520
---ebpf-pid----448783----pid-1
---ebpf-pid----448783----pid-448783
---ebpf-pid----448783----pid-448520
---ebpf-pid----448783----pid-1
---ebpf-pid----448783----pid-448783
---ebpf-pid----448783----pid-448520
---ebpf-pid----448783----pid-1
---ebpf-pid----448783----pid-448783
---ebpf-pid----448783----pid-448520
---ebpf-pid----448783----pid-1
---ebpf-pid----448783----pid-448783
---ebpf-pid----448783----pid-448520
---ebpf-pid----448783----pid-1
---ebpf-pid----448783----pid-448783
---ebpf-pid----448783----pid-448520
---ebpf-pid----448783----pid-1
---ebpf-pid----5705----pid-5705
---ebpf-pid----5705----pid-5476
---ebpf-pid----5705----pid-1
---ebpf-pid----5705----pid-5705
---ebpf-pid----5705----pid-5476
---ebpf-pid----5705----pid-1
---ebpf-pid----5705----pid-5705
---ebpf-pid----5705----pid-5476
---ebpf-pid----5705----pid-1
---ebpf-pid----5705----pid-5705
---ebpf-pid----5705----pid-5476
---ebpf-pid----5705----pid-1
---ebpf-pid----5705----pid-5705
---ebpf-pid----5705----pid-5476
---ebpf-pid----5705----pid-1
---ebpf-pid----5705----pid-5705
---ebpf-pid----5705----pid-5476
---ebpf-pid----5705----pid-1
---ebpf-pid----5705----pid-5705
---ebpf-pid----5705----pid-5476
---ebpf-pid----5705----pid-1
---ebpf-pid----5705----pid-5705
---ebpf-pid----5705----pid-5476
---ebpf-pid----5705----pid-1
---ebpf-pid----5705----pid-5705
---ebpf-pid----5705----pid-5476
---ebpf-pid----5705----pid-1
---ebpf-pid----5705----pid-5705
---ebpf-pid----5705----pid-5476
---ebpf-pid----5705----pid-1
---ebpf-pid----5705----pid-5705
---ebpf-pid----5705----pid-5476
---ebpf-pid----5705----pid-1
---ebpf-pid----5705----pid-5705
---ebpf-pid----5705----pid-5476
---ebpf-pid----5705----pid-1
---ebpf-pid----5705----pid-5705
---ebpf-pid----5705----pid-5476
---ebpf-pid----5705----pid-1
---ebpf-pid----5705----pid-5705
---ebpf-pid----5705----pid-5476
---ebpf-pid----5705----pid-1
---ebpf-pid----5705----pid-5705
---ebpf-pid----5705----pid-5476
---ebpf-pid----5705----pid-1
---ebpf-pid----5705----pid-5705
---ebpf-pid----5705----pid-5476
---ebpf-pid----5705----pid-1
---ebpf-pid----448783----pid-448783
---ebpf-pid----448783----pid-448520
---ebpf-pid----448783----pid-1
---ebpf-pid----448783----pid-448783
---ebpf-pid----448783----pid-448520
---ebpf-pid----448783----pid-1
---ebpf-pid----448783----pid-448783
---ebpf-pid----448783----pid-448520
---ebpf-pid----448783----pid-1
---ebpf-pid----448783----pid-448783
---ebpf-pid----448783----pid-448520
---ebpf-pid----448783----pid-1
---ebpf-pid----448783----pid-448783
---ebpf-pid----448783----pid-448520
---ebpf-pid----448783----pid-1
---ebpf-pid----448783----pid-448783
---ebpf-pid----448783----pid-448520
---ebpf-pid----448783----pid-1
---ebpf-pid----448783----pid-448783
---ebpf-pid----448783----pid-448520
---ebpf-pid----448783----pid-1
---ebpf-pid----448783----pid-448783
---ebpf-pid----448783----pid-448520
---ebpf-pid----448783----pid-1
---ebpf-pid----448783----pid-448783
---ebpf-pid----448783----pid-448520
---ebpf-pid----448783----pid-1
---ebpf-pid----448783----pid-448783
---ebpf-pid----448783----pid-448520
---ebpf-pid----448783----pid-1
---ebpf-pid----448783----pid-448783
---ebpf-pid----448783----pid-448520
---ebpf-pid----448783----pid-1
---ebpf-pid----448783----pid-448783
---ebpf-pid----448783----pid-448520
---ebpf-pid----448783----pid-1
---ebpf-pid----448783----pid-448783
---ebpf-pid----448783----pid-448520
---ebpf-pid----448783----pid-1
---ebpf-pid----448783----pid-448783
---ebpf-pid----448783----pid-448520
---ebpf-pid----448783----pid-1
---ebpf-pid----448783----pid-448783
---ebpf-pid----448783----pid-448520
---ebpf-pid----448783----pid-1
---ebpf-pid----5637----pid-5637
---ebpf-pid----5637----pid-1
---ebpf-pid----448783----pid-448783
---ebpf-pid----448783----pid-448520
---ebpf-pid----448783----pid-1
---ebpf-pid----448783----pid-448783
---ebpf-pid----448783----pid-448520
---ebpf-pid----448783----pid-1
---ebpf-pid----5637----pid-5637
---ebpf-pid----5637----pid-1
---ebpf-pid----5637----pid-5637
---ebpf-pid----5637----pid-1
---ebpf-pid----7312----pid-7312
---ebpf-pid----7312----pid-1
---ebpf-pid----5637----pid-5637
---ebpf-pid----5637----pid-1
---ebpf-pid----5637----pid-5637
---ebpf-pid----5637----pid-1
---ebpf-pid----5637----pid-5637
---ebpf-pid----5637----pid-1
---ebpf-pid----448783----pid-448783
---ebpf-pid----448783----pid-448520
---ebpf-pid----448783----pid-1
---ebpf-pid----448783----pid-448783
---ebpf-pid----448783----pid-448520
---ebpf-pid----448783----pid-1
---ebpf-pid----5637----pid-5637
---ebpf-pid----5637----pid-1
---ebpf-pid----2029----pid-2029
---ebpf-pid----2029----pid-1
---ebpf-pid----2029----pid-2029
---ebpf-pid----2029----pid-1
---ebpf-pid----2029----pid-2029
---ebpf-pid----2029----pid-1
---ebpf-pid----2029----pid-2029
---ebpf-pid----2029----pid-1
---ebpf-pid----5707----pid-5707
---ebpf-pid----5707----pid-5476
---ebpf-pid----5707----pid-1
---ebpf-pid----5707----pid-5707
---ebpf-pid----5707----pid-5476
---ebpf-pid----5707----pid-1
---ebpf-pid----5707----pid-5707
---ebpf-pid----5707----pid-5476
---ebpf-pid----5707----pid-1
---ebpf-pid----5707----pid-5707
---ebpf-pid----5707----pid-5476
---ebpf-pid----5707----pid-1
---ebpf-pid----5707----pid-5707
---ebpf-pid----5707----pid-5476
---ebpf-pid----5707----pid-1
---ebpf-pid----5707----pid-5707
---ebpf-pid----5707----pid-5476
---ebpf-pid----5707----pid-1
---ebpf-pid----5707----pid-5707
---ebpf-pid----5707----pid-5476
---ebpf-pid----5707----pid-1
---ebpf-pid----5707----pid-5707
---ebpf-pid----5707----pid-5476
---ebpf-pid----5707----pid-1
---ebpf-pid----379067----pid-379067
---ebpf-pid----379067----pid-5476
---ebpf-pid----379067----pid-1
---ebpf-pid----5637----pid-5637
---ebpf-pid----5637----pid-1
---ebpf-pid----5707----pid-5707
---ebpf-pid----5707----pid-5476
---ebpf-pid----5707----pid-1
---ebpf-pid----5707----pid-5707
---ebpf-pid----5707----pid-5476
---ebpf-pid----5707----pid-1
---ebpf-pid----5707----pid-5707
---ebpf-pid----5707----pid-5476
---ebpf-pid----5707----pid-1
---ebpf-pid----5707----pid-5707
---ebpf-pid----5707----pid-5476
---ebpf-pid----5707----pid-1
---ebpf-pid----7757----pid-7757
---ebpf-pid----7757----pid-1
---ebpf-pid----7755----pid-7755
---ebpf-pid----7755----pid-1
---ebpf-pid----5707----pid-5707
---ebpf-pid----5707----pid-5476
---ebpf-pid----5707----pid-1
---ebpf-pid----5707----pid-5707
---ebpf-pid----5707----pid-5476
---ebpf-pid----5707----pid-1
---ebpf-pid----5707----pid-5707
---ebpf-pid----5707----pid-5476
---ebpf-pid----5707----pid-1
---ebpf-pid----5707----pid-5707
---ebpf-pid----5707----pid-5476
---ebpf-pid----5707----pid-1
---ebpf-pid----5707----pid-5707
---ebpf-pid----5707----pid-5476
---ebpf-pid----5707----pid-1
---ebpf-pid----5707----pid-5707
---ebpf-pid----5707----pid-5476
---ebpf-pid----5707----pid-1
---ebpf-pid----5707----pid-5707
---ebpf-pid----5707----pid-5476
---ebpf-pid----5707----pid-1
---ebpf-pid----5707----pid-5707
---ebpf-pid----5707----pid-5476
---ebpf-pid----5707----pid-1
---ebpf-pid----379067----pid-379067
---ebpf-pid----379067----pid-5476
---ebpf-pid----379067----pid-1
---ebpf-pid----5707----pid-5707
---ebpf-pid----5707----pid-5476
---ebpf-pid----5707----pid-1
---ebpf-pid----5707----pid-5707
---ebpf-pid----5707----pid-5476
---ebpf-pid----5707----pid-1
---ebpf-pid----5707----pid-5707
---ebpf-pid----5707----pid-5476
---ebpf-pid----5707----pid-1
---ebpf-pid----5707----pid-5707
---ebpf-pid----5707----pid-5476
---ebpf-pid----5707----pid-1
---ebpf-pid----5707----pid-5707
---ebpf-pid----5707----pid-5476
---ebpf-pid----5707----pid-1
---ebpf-pid----5707----pid-5707
---ebpf-pid----5707----pid-5476
---ebpf-pid----5707----pid-1
---ebpf-pid----5707----pid-5707
---ebpf-pid----5707----pid-5476
---ebpf-pid----5707----pid-1
---ebpf-pid----5707----pid-5707
---ebpf-pid----5707----pid-5476
---ebpf-pid----5707----pid-1
---ebpf-pid----5707----pid-5707
---ebpf-pid----5707----pid-5476
---ebpf-pid----5707----pid-1
Failed to get process information for PID 0
---ebpf-pid----5707----pid-5707
---ebpf-pid----5707----pid-5476
---ebpf-pid----5707----pid-1
---ebpf-pid----5707----pid-5707
---ebpf-pid----5707----pid-5476
---ebpf-pid----5707----pid-1
---ebpf-pid----5707----pid-5707
---ebpf-pid----5707----pid-5476
---ebpf-pid----5707----pid-1
---ebpf-pid----5707----pid-5707
---ebpf-pid----5707----pid-5476
---ebpf-pid----5707----pid-1
---ebpf-pid----372881----pid-372881
---ebpf-pid----372881----pid-1
---ebpf-pid----5707----pid-5707
---ebpf-pid----5707----pid-5476
---ebpf-pid----5707----pid-1
---ebpf-pid----5707----pid-5707
---ebpf-pid----5707----pid-5476
---ebpf-pid----5707----pid-1
---ebpf-pid----5707----pid-5707
---ebpf-pid----5707----pid-5476
---ebpf-pid----5707----pid-1
---ebpf-pid----5707----pid-5707
---ebpf-pid----5707----pid-5476
---ebpf-pid----5707----pid-1
---ebpf-pid----5707----pid-5707
---ebpf-pid----5707----pid-5476
---ebpf-pid----5707----pid-1
---ebpf-pid----5707----pid-5707
---ebpf-pid----5707----pid-5476
---ebpf-pid----5707----pid-1
---ebpf-pid----5707----pid-5707
---ebpf-pid----5707----pid-5476
---ebpf-pid----5707----pid-1
---ebpf-pid----5707----pid-5707
---ebpf-pid----5707----pid-5476
---ebpf-pid----5707----pid-1
---ebpf-pid----5707----pid-5707
---ebpf-pid----5707----pid-5476
---ebpf-pid----5707----pid-1
---ebpf-pid----5707----pid-5707
---ebpf-pid----5707----pid-5476
---ebpf-pid----5707----pid-1
---ebpf-pid----5707----pid-5707
---ebpf-pid----5707----pid-5476
---ebpf-pid----5707----pid-1
---ebpf-pid----5707----pid-5707
---ebpf-pid----5707----pid-5476
---ebpf-pid----5707----pid-1
---ebpf-pid----5707----pid-5707
---ebpf-pid----5707----pid-5476
---ebpf-pid----5707----pid-1
---ebpf-pid----5707----pid-5707
---ebpf-pid----5707----pid-5476
---ebpf-pid----5707----pid-1
---ebpf-pid----372881----pid-372881
---ebpf-pid----372881----pid-1
---ebpf-pid----372881----pid-372881
---ebpf-pid----372881----pid-1
---ebpf-pid----5707----pid-5707
---ebpf-pid----5707----pid-5476
---ebpf-pid----5707----pid-1
---ebpf-pid----5707----pid-5707
---ebpf-pid----5707----pid-5476
---ebpf-pid----5707----pid-1
---ebpf-pid----5707----pid-5707
---ebpf-pid----5707----pid-5476
---ebpf-pid----5707----pid-1
---ebpf-pid----5707----pid-5707
---ebpf-pid----5707----pid-5476
---ebpf-pid----5707----pid-1
---ebpf-pid----5707----pid-5707
---ebpf-pid----5707----pid-5476
---ebpf-pid----5707----pid-1
---ebpf-pid----5707----pid-5707
---ebpf-pid----5707----pid-5476
---ebpf-pid----5707----pid-1
---ebpf-pid----5707----pid-5707
---ebpf-pid----5707----pid-5476
---ebpf-pid----5707----pid-1
---ebpf-pid----5707----pid-5707
---ebpf-pid----5707----pid-5476
---ebpf-pid----5707----pid-1
---ebpf-pid----5707----pid-5707
---ebpf-pid----5707----pid-5476
---ebpf-pid----5707----pid-1
Failed to get process information for PID 0
Failed to get process information for PID 0
---ebpf-pid----5707----pid-5707
---ebpf-pid----5707----pid-5476
---ebpf-pid----5707----pid-1
---ebpf-pid----5707----pid-5707
---ebpf-pid----5707----pid-5476
---ebpf-pid----5707----pid-1
---ebpf-pid----5707----pid-5707
---ebpf-pid----5707----pid-5476
---ebpf-pid----5707----pid-1
---ebpf-pid----5707----pid-5707
---ebpf-pid----5707----pid-5476
---ebpf-pid----5707----pid-1
---ebpf-pid----5707----pid-5707
---ebpf-pid----5707----pid-5476
---ebpf-pid----5707----pid-1
---ebpf-pid----5707----pid-5707
---ebpf-pid----5707----pid-5476
---ebpf-pid----5707----pid-1
---ebpf-pid----5707----pid-5707
---ebpf-pid----5707----pid-5476
---ebpf-pid----5707----pid-1
---ebpf-pid----5707----pid-5707
---ebpf-pid----5707----pid-5476
---ebpf-pid----5707----pid-1
---ebpf-pid----5707----pid-5707
---ebpf-pid----5707----pid-5476
---ebpf-pid----5707----pid-1
---ebpf-pid----5707----pid-5707
---ebpf-pid----5707----pid-5476
---ebpf-pid----5707----pid-1
---ebpf-pid----5707----pid-5707
---ebpf-pid----5707----pid-5476
---ebpf-pid----5707----pid-1
---ebpf-pid----2012----pid-2012
---ebpf-pid----2012----pid-1
---ebpf-pid----2012----pid-2012
---ebpf-pid----2012----pid-1
---ebpf-pid----2012----pid-2012
---ebpf-pid----2012----pid-1
---ebpf-pid----2012----pid-2012
---ebpf-pid----2012----pid-1
---ebpf-pid----2012----pid-2012
---ebpf-pid----2012----pid-1
---ebpf-pid----2012----pid-2012
---ebpf-pid----2012----pid-1
---ebpf-pid----2012----pid-2012
---ebpf-pid----2012----pid-1
---ebpf-pid----2012----pid-2012
---ebpf-pid----2012----pid-1
---ebpf-pid----2012----pid-2012
---ebpf-pid----2012----pid-1
---ebpf-pid----2088----pid-2088
---ebpf-pid----2088----pid-1
---ebpf-pid----2088----pid-2088
---ebpf-pid----2088----pid-1
---ebpf-pid----2088----pid-2088
---ebpf-pid----2088----pid-1
---ebpf-pid----2088----pid-2088
---ebpf-pid----2088----pid-1
---ebpf-pid----2088----pid-2088
---ebpf-pid----2088----pid-1
---ebpf-pid----2088----pid-2088
---ebpf-pid----2088----pid-1
---ebpf-pid----2088----pid-2088
---ebpf-pid----2088----pid-1
---ebpf-pid----2088----pid-2088
---ebpf-pid----2088----pid-1
---ebpf-pid----2088----pid-2088
---ebpf-pid----2088----pid-1
---ebpf-pid----372714----pid-372714
---ebpf-pid----372714----pid-5476
---ebpf-pid----372714----pid-1
---ebpf-pid----372714----pid-372714
---ebpf-pid----372714----pid-5476
---ebpf-pid----372714----pid-1
---ebpf-pid----372714----pid-372714
---ebpf-pid----372714----pid-5476
---ebpf-pid----372714----pid-1
---ebpf-pid----372714----pid-372714
---ebpf-pid----372714----pid-5476
---ebpf-pid----372714----pid-1
---ebpf-pid----372714----pid-372714
---ebpf-pid----372714----pid-5476
---ebpf-pid----372714----pid-1
---ebpf-pid----372714----pid-372714
---ebpf-pid----372714----pid-5476
---ebpf-pid----372714----pid-1
---ebpf-pid----372714----pid-372714
---ebpf-pid----372714----pid-5476
---ebpf-pid----372714----pid-1
---ebpf-pid----372714----pid-372714
---ebpf-pid----372714----pid-5476
---ebpf-pid----372714----pid-1
---ebpf-pid----372714----pid-372714
---ebpf-pid----372714----pid-5476
---ebpf-pid----372714----pid-1
---ebpf-pid----2012----pid-2012
---ebpf-pid----2012----pid-1
---ebpf-pid----2012----pid-2012
---ebpf-pid----2012----pid-1
---ebpf-pid----2012----pid-2012
---ebpf-pid----2012----pid-1
---ebpf-pid----2012----pid-2012
---ebpf-pid----2012----pid-1
---ebpf-pid----2012----pid-2012
---ebpf-pid----2012----pid-1
---ebpf-pid----2012----pid-2012
---ebpf-pid----2012----pid-1
---ebpf-pid----2012----pid-2012
---ebpf-pid----2012----pid-1
---ebpf-pid----2012----pid-2012
---ebpf-pid----2012----pid-1
---ebpf-pid----2012----pid-2012
---ebpf-pid----2012----pid-1
---ebpf-pid----448521----pid-448521
---ebpf-pid----448521----pid-1
---ebpf-pid----14----pid-14
---ebpf-pid----14----pid-2
---ebpf-pid----2012----pid-2012
---ebpf-pid----2012----pid-1
---ebpf-pid----2012----pid-2012
---ebpf-pid----2012----pid-1
---ebpf-pid----2012----pid-2012
---ebpf-pid----2012----pid-1
---ebpf-pid----2012----pid-2012
---ebpf-pid----2012----pid-1
---ebpf-pid----2012----pid-2012
---ebpf-pid----2012----pid-1
---ebpf-pid----2012----pid-2012
---ebpf-pid----2012----pid-1
---ebpf-pid----2012----pid-2012
---ebpf-pid----2012----pid-1
---ebpf-pid----2012----pid-2012
---ebpf-pid----2012----pid-1
---ebpf-pid----5614----pid-5614
---ebpf-pid----5614----pid-1
---ebpf-pid----5614----pid-5614
---ebpf-pid----5614----pid-1
---ebpf-pid----2089----pid-2089
---ebpf-pid----2089----pid-1
---ebpf-pid----2089----pid-2089
---ebpf-pid----2089----pid-1
---ebpf-pid----2089----pid-2089
---ebpf-pid----2089----pid-1
---ebpf-pid----2089----pid-2089
---ebpf-pid----2089----pid-1
---ebpf-pid----2089----pid-2089
---ebpf-pid----2089----pid-1
---ebpf-pid----2089----pid-2089
---ebpf-pid----2089----pid-1
---ebpf-pid----2089----pid-2089
---ebpf-pid----2089----pid-1
---ebpf-pid----2089----pid-2089
---ebpf-pid----2089----pid-1
---ebpf-pid----2089----pid-2089
---ebpf-pid----2089----pid-1
---ebpf-pid----2089----pid-2089
---ebpf-pid----2089----pid-1
---ebpf-pid----2089----pid-2089
---ebpf-pid----2089----pid-1
---ebpf-pid----2089----pid-2089
---ebpf-pid----2089----pid-1
---ebpf-pid----2089----pid-2089
---ebpf-pid----2089----pid-1
---ebpf-pid----2089----pid-2089
---ebpf-pid----2089----pid-1
---ebpf-pid----2089----pid-2089
---ebpf-pid----2089----pid-1
---ebpf-pid----7312----pid-7312
---ebpf-pid----7312----pid-1
---ebpf-pid----2089----pid-2089
---ebpf-pid----2089----pid-1
---ebpf-pid----2089----pid-2089
---ebpf-pid----2089----pid-1
---ebpf-pid----2089----pid-2089
---ebpf-pid----2089----pid-1
---ebpf-pid----2089----pid-2089
---ebpf-pid----2089----pid-1
---ebpf-pid----2089----pid-2089
---ebpf-pid----2089----pid-1
---ebpf-pid----2089----pid-2089
---ebpf-pid----2089----pid-1
---ebpf-pid----5614----pid-5614
---ebpf-pid----5614----pid-1
---ebpf-pid----7313----pid-7313
---ebpf-pid----7313----pid-1
---ebpf-pid----7313----pid-7313
---ebpf-pid----7313----pid-1
---ebpf-pid----2088----pid-2088
---ebpf-pid----2088----pid-1
---ebpf-pid----2088----pid-2088
---ebpf-pid----2088----pid-1
---ebpf-pid----2088----pid-2088
---ebpf-pid----2088----pid-1
---ebpf-pid----2088----pid-2088
---ebpf-pid----2088----pid-1
---ebpf-pid----2088----pid-2088
---ebpf-pid----2088----pid-1
---ebpf-pid----2088----pid-2088
---ebpf-pid----2088----pid-1
---ebpf-pid----2088----pid-2088
---ebpf-pid----2088----pid-1
---ebpf-pid----2088----pid-2088
---ebpf-pid----2088----pid-1
---ebpf-pid----2088----pid-2088
---ebpf-pid----2088----pid-1
---ebpf-pid----2088----pid-2088
---ebpf-pid----2088----pid-1
---ebpf-pid----2088----pid-2088
---ebpf-pid----2088----pid-1
---ebpf-pid----2088----pid-2088
---ebpf-pid----2088----pid-1
---ebpf-pid----2088----pid-2088
---ebpf-pid----2088----pid-1
---ebpf-pid----2088----pid-2088
---ebpf-pid----2088----pid-1
---ebpf-pid----2088----pid-2088
---ebpf-pid----2088----pid-1
---ebpf-pid----2088----pid-2088
---ebpf-pid----2088----pid-1
---ebpf-pid----2088----pid-2088
---ebpf-pid----2088----pid-1
---ebpf-pid----2088----pid-2088
---ebpf-pid----2088----pid-1
---ebpf-pid----2088----pid-2088
---ebpf-pid----2088----pid-1
---ebpf-pid----2088----pid-2088
---ebpf-pid----2088----pid-1
---ebpf-pid----2088----pid-2088
---ebpf-pid----2088----pid-1
---ebpf-pid----2088----pid-2088
---ebpf-pid----2088----pid-1
---ebpf-pid----2088----pid-2088
---ebpf-pid----2088----pid-1
---ebpf-pid----2088----pid-2088
---ebpf-pid----2088----pid-1
---ebpf-pid----2010----pid-2010
---ebpf-pid----2010----pid-1
---ebpf-pid----2088----pid-2088
---ebpf-pid----2088----pid-1
---ebpf-pid----2088----pid-2088
---ebpf-pid----2088----pid-1
---ebpf-pid----2088----pid-2088
---ebpf-pid----2088----pid-1
---ebpf-pid----2088----pid-2088
---ebpf-pid----2088----pid-1
---ebpf-pid----2088----pid-2088
---ebpf-pid----2088----pid-1
---ebpf-pid----2088----pid-2088
---ebpf-pid----2088----pid-1
---ebpf-pid----2088----pid-2088
---ebpf-pid----2088----pid-1
---ebpf-pid----2088----pid-2088
---ebpf-pid----2088----pid-1
---ebpf-pid----2088----pid-2088
---ebpf-pid----2088----pid-1
---ebpf-pid----2088----pid-2088
---ebpf-pid----2088----pid-1
---ebpf-pid----7312----pid-7312
---ebpf-pid----7312----pid-1
---ebpf-pid----2088----pid-2088
---ebpf-pid----2088----pid-1
---ebpf-pid----2088----pid-2088
---ebpf-pid----2088----pid-1
---ebpf-pid----2088----pid-2088
---ebpf-pid----2088----pid-1
---ebpf-pid----2088----pid-2088
---ebpf-pid----2088----pid-1
---ebpf-pid----2088----pid-2088
---ebpf-pid----2088----pid-1
---ebpf-pid----2088----pid-2088
---ebpf-pid----2088----pid-1
---ebpf-pid----2088----pid-2088
---ebpf-pid----2088----pid-1
---ebpf-pid----2088----pid-2088
---ebpf-pid----2088----pid-1
---ebpf-pid----2088----pid-2088
---ebpf-pid----2088----pid-1
---ebpf-pid----2088----pid-2088
---ebpf-pid----2088----pid-1
---ebpf-pid----2088----pid-2088
---ebpf-pid----2088----pid-1
---ebpf-pid----2088----pid-2088
---ebpf-pid----2088----pid-1
---ebpf-pid----2088----pid-2088
---ebpf-pid----2088----pid-1
---ebpf-pid----2088----pid-2088
---ebpf-pid----2088----pid-1
---ebpf-pid----2088----pid-2088
---ebpf-pid----2088----pid-1
---ebpf-pid----14----pid-14
---ebpf-pid----14----pid-2
---ebpf-pid----2088----pid-2088
---ebpf-pid----2088----pid-1
---ebpf-pid----2088----pid-2088
---ebpf-pid----2088----pid-1
---ebpf-pid----2088----pid-2088
---ebpf-pid----2088----pid-1
---ebpf-pid----2088----pid-2088
---ebpf-pid----2088----pid-1
---ebpf-pid----2088----pid-2088
---ebpf-pid----2088----pid-1
---ebpf-pid----2088----pid-2088
---ebpf-pid----2088----pid-1
---ebpf-pid----2088----pid-2088
---ebpf-pid----2088----pid-1
---ebpf-pid----2088----pid-2088
---ebpf-pid----2088----pid-1
---ebpf-pid----2088----pid-2088
---ebpf-pid----2088----pid-1
---ebpf-pid----2088----pid-2088
---ebpf-pid----2088----pid-1
---ebpf-pid----2088----pid-2088
---ebpf-pid----2088----pid-1
---ebpf-pid----2088----pid-2088
---ebpf-pid----2088----pid-1
---ebpf-pid----2088----pid-2088
---ebpf-pid----2088----pid-1
---ebpf-pid----372881----pid-372881
---ebpf-pid----372881----pid-1
---ebpf-pid----372881----pid-372881
---ebpf-pid----372881----pid-1
---ebpf-pid----372881----pid-372881
---ebpf-pid----372881----pid-1
---ebpf-pid----372881----pid-372881
---ebpf-pid----372881----pid-1
---ebpf-pid----372881----pid-372881
---ebpf-pid----372881----pid-1
---ebpf-pid----372881----pid-372881
---ebpf-pid----372881----pid-1
---ebpf-pid----372881----pid-372881
---ebpf-pid----372881----pid-1
---ebpf-pid----372881----pid-372881
---ebpf-pid----372881----pid-1
---ebpf-pid----372881----pid-372881
---ebpf-pid----372881----pid-1
---ebpf-pid----372881----pid-372881
---ebpf-pid----372881----pid-1
---ebpf-pid----7313----pid-7313
---ebpf-pid----7313----pid-1
---ebpf-pid----379067----pid-379067
---ebpf-pid----379067----pid-5476
---ebpf-pid----379067----pid-1
---ebpf-pid----379067----pid-379067
---ebpf-pid----379067----pid-5476
---ebpf-pid----379067----pid-1
---ebpf-pid----379067----pid-379067
---ebpf-pid----379067----pid-5476
---ebpf-pid----379067----pid-1
---ebpf-pid----379067----pid-379067
---ebpf-pid----379067----pid-5476
---ebpf-pid----379067----pid-1
---ebpf-pid----379067----pid-379067
---ebpf-pid----379067----pid-5476
---ebpf-pid----379067----pid-1
---ebpf-pid----379067----pid-379067
---ebpf-pid----379067----pid-5476
---ebpf-pid----379067----pid-1
---ebpf-pid----379067----pid-379067
---ebpf-pid----379067----pid-5476
---ebpf-pid----379067----pid-1
---ebpf-pid----379067----pid-379067
---ebpf-pid----379067----pid-5476
---ebpf-pid----379067----pid-1
---ebpf-pid----379067----pid-379067
---ebpf-pid----379067----pid-5476
---ebpf-pid----379067----pid-1
---ebpf-pid----5637----pid-5637
---ebpf-pid----5637----pid-1
---ebpf-pid----5707----pid-5707
---ebpf-pid----5707----pid-5476
---ebpf-pid----5707----pid-1
---ebpf-pid----5707----pid-5707
Failed to get process information for PID 0
---ebpf-pid----5707----pid-5476
---ebpf-pid----5707----pid-1
---ebpf-pid----372881----pid-372881
---ebpf-pid----372881----pid-1
---ebpf-pid----372881----pid-372881
---ebpf-pid----372881----pid-1
---ebpf-pid----372881----pid-372881
---ebpf-pid----372881----pid-1
---ebpf-pid----372881----pid-372881
---ebpf-pid----372881----pid-1
---ebpf-pid----372881----pid-372881
---ebpf-pid----372881----pid-1
---ebpf-pid----372881----pid-372881
---ebpf-pid----372881----pid-1
---ebpf-pid----372881----pid-372881
---ebpf-pid----372881----pid-1
---ebpf-pid----372881----pid-372881
---ebpf-pid----372881----pid-1
---ebpf-pid----372881----pid-372881
---ebpf-pid----372881----pid-1
---ebpf-pid----372881----pid-372881
---ebpf-pid----372881----pid-1
---ebpf-pid----372881----pid-372881
---ebpf-pid----372881----pid-1
---ebpf-pid----372881----pid-372881
---ebpf-pid----372881----pid-1
---ebpf-pid----372881----pid-372881
---ebpf-pid----372881----pid-1
---ebpf-pid----372881----pid-372881
---ebpf-pid----372881----pid-1
---ebpf-pid----372881----pid-372881
---ebpf-pid----372881----pid-1
---ebpf-pid----372881----pid-372881
---ebpf-pid----372881----pid-1
---ebpf-pid----372881----pid-372881
---ebpf-pid----372881----pid-1
---ebpf-pid----372881----pid-372881
---ebpf-pid----372881----pid-1
---ebpf-pid----372881----pid-372881
---ebpf-pid----372881----pid-1
---ebpf-pid----372881----pid-372881
---ebpf-pid----372881----pid-1
---ebpf-pid----372881----pid-372881
---ebpf-pid----372881----pid-1
---ebpf-pid----372881----pid-372881
---ebpf-pid----372881----pid-1
---ebpf-pid----372881----pid-372881
---ebpf-pid----372881----pid-1
---ebpf-pid----372881----pid-372881
Failed to get process information for PID 0
---ebpf-pid----372881----pid-1
---ebpf-pid----372881----pid-372881
---ebpf-pid----372881----pid-1
---ebpf-pid----372881----pid-372881
---ebpf-pid----372881----pid-1
---ebpf-pid----372714----pid-372714
---ebpf-pid----372714----pid-5476
---ebpf-pid----372714----pid-1
---ebpf-pid----372714----pid-372714
---ebpf-pid----372714----pid-5476
---ebpf-pid----372714----pid-1
---ebpf-pid----372714----pid-372714
---ebpf-pid----372714----pid-5476
---ebpf-pid----372714----pid-1
---ebpf-pid----372714----pid-372714
---ebpf-pid----372714----pid-5476
---ebpf-pid----372714----pid-1
---ebpf-pid----372714----pid-372714
---ebpf-pid----372714----pid-5476
---ebpf-pid----372714----pid-1
---ebpf-pid----372714----pid-372714
---ebpf-pid----372714----pid-5476
---ebpf-pid----372714----pid-1
---ebpf-pid----2012----pid-2012
---ebpf-pid----2012----pid-1
---ebpf-pid----2012----pid-2012
---ebpf-pid----2012----pid-1
---ebpf-pid----2012----pid-2012
---ebpf-pid----2012----pid-1
---ebpf-pid----2012----pid-2012
---ebpf-pid----2012----pid-1
---ebpf-pid----2012----pid-2012
---ebpf-pid----2012----pid-1
---ebpf-pid----2012----pid-2012
---ebpf-pid----2012----pid-1
---ebpf-pid----2012----pid-2012
---ebpf-pid----2012----pid-1
---ebpf-pid----2012----pid-2012
---ebpf-pid----2012----pid-1
---ebpf-pid----2012----pid-2012
---ebpf-pid----2012----pid-1
---ebpf-pid----2012----pid-2012
---ebpf-pid----2012----pid-1
---ebpf-pid----2012----pid-2012
---ebpf-pid----2012----pid-1
Failed to get process information for PID 0
---ebpf-pid----372881----pid-372881
---ebpf-pid----372881----pid-1
---ebpf-pid----5703----pid-5703
---ebpf-pid----5703----pid-5476
---ebpf-pid----5703----pid-1
---ebpf-pid----372714----pid-372714
---ebpf-pid----372714----pid-5476
---ebpf-pid----372714----pid-1
---ebpf-pid----372714----pid-372714
---ebpf-pid----372714----pid-5476
---ebpf-pid----372714----pid-1
---ebpf-pid----2012----pid-2012
---ebpf-pid----2012----pid-1
---ebpf-pid----2012----pid-2012
---ebpf-pid----2012----pid-1
---ebpf-pid----5707----pid-5707
---ebpf-pid----5707----pid-5476
---ebpf-pid----5707----pid-1
---ebpf-pid----5707----pid-5707
---ebpf-pid----5707----pid-5476
---ebpf-pid----5707----pid-1
---ebpf-pid----5707----pid-5707
---ebpf-pid----5707----pid-5476
---ebpf-pid----5707----pid-1
---ebpf-pid----2012----pid-2012
---ebpf-pid----2012----pid-1
---ebpf-pid----2012----pid-2012
---ebpf-pid----2012----pid-1
---ebpf-pid----2012----pid-2012
---ebpf-pid----2012----pid-1
---ebpf-pid----2012----pid-2012
---ebpf-pid----2012----pid-1
---ebpf-pid----448521----pid-448521
---ebpf-pid----448521----pid-1
---ebpf-pid----389820----pid-389820
---ebpf-pid----389820----pid-389208
---ebpf-pid----389820----pid-1
---ebpf-pid----379067----pid-379067
---ebpf-pid----379067----pid-5476
---ebpf-pid----379067----pid-1
---ebpf-pid----379067----pid-379067
---ebpf-pid----379067----pid-5476
---ebpf-pid----379067----pid-1
---ebpf-pid----379067----pid-379067
---ebpf-pid----379067----pid-5476
---ebpf-pid----379067----pid-1
---ebpf-pid----379067----pid-379067
---ebpf-pid----379067----pid-5476
---ebpf-pid----379067----pid-1
---ebpf-pid----379067----pid-379067
---ebpf-pid----379067----pid-5476
---ebpf-pid----379067----pid-1
---ebpf-pid----379067----pid-379067
---ebpf-pid----379067----pid-5476
---ebpf-pid----379067----pid-1
---ebpf-pid----2029----pid-2029
---ebpf-pid----2029----pid-1
---ebpf-pid----2029----pid-2029
---ebpf-pid----2029----pid-1
---ebpf-pid----2029----pid-2029
---ebpf-pid----2029----pid-1
---ebpf-pid----2029----pid-2029
---ebpf-pid----2029----pid-1
---ebpf-pid----2029----pid-2029
---ebpf-pid----2029----pid-1
---ebpf-pid----2029----pid-2029
---ebpf-pid----2029----pid-1
---ebpf-pid----2029----pid-2029
---ebpf-pid----2029----pid-1
---ebpf-pid----2029----pid-2029
---ebpf-pid----2029----pid-1
---ebpf-pid----2029----pid-2029
---ebpf-pid----2029----pid-1
---ebpf-pid----379067----pid-379067
---ebpf-pid----379067----pid-5476
---ebpf-pid----379067----pid-1
---ebpf-pid----379067----pid-379067
---ebpf-pid----379067----pid-5476
---ebpf-pid----379067----pid-1
---ebpf-pid----4716----pid-4716
---ebpf-pid----4716----pid-3323
---ebpf-pid----4716----pid-1
---ebpf-pid----4716----pid-4716
---ebpf-pid----4716----pid-3323
---ebpf-pid----4716----pid-1
---ebpf-pid----4716----pid-4716
---ebpf-pid----4716----pid-3323
---ebpf-pid----4716----pid-1
---ebpf-pid----372714----pid-372714
---ebpf-pid----372714----pid-5476
---ebpf-pid----372714----pid-1
---ebpf-pid----372714----pid-372714
---ebpf-pid----372714----pid-5476
---ebpf-pid----372714----pid-1
---ebpf-pid----372714----pid-372714
---ebpf-pid----372714----pid-5476
---ebpf-pid----372714----pid-1
---ebpf-pid----4716----pid-4716
---ebpf-pid----4716----pid-3323
---ebpf-pid----4716----pid-1
---ebpf-pid----372881----pid-372881
---ebpf-pid----372881----pid-1
---ebpf-pid----372881----pid-372881
---ebpf-pid----372881----pid-1
---ebpf-pid----372881----pid-372881
---ebpf-pid----372881----pid-1
---ebpf-pid----372881----pid-372881
---ebpf-pid----372881----pid-1
---ebpf-pid----372881----pid-372881
---ebpf-pid----372881----pid-1
---ebpf-pid----372881----pid-372881
Failed to get process information for PID 0
---ebpf-pid----372881----pid-1
---ebpf-pid----4716----pid-4716
---ebpf-pid----4716----pid-3323
---ebpf-pid----4716----pid-1
---ebpf-pid----4716----pid-4716
---ebpf-pid----4716----pid-3323
---ebpf-pid----4716----pid-1
---ebpf-pid----4716----pid-4716
---ebpf-pid----4716----pid-3323
---ebpf-pid----4716----pid-1
---ebpf-pid----4716----pid-4716
---ebpf-pid----4716----pid-3323
---ebpf-pid----4716----pid-1
---ebpf-pid----4716----pid-4716
---ebpf-pid----4716----pid-3323
---ebpf-pid----4716----pid-1
---ebpf-pid----4716----pid-4716
---ebpf-pid----4716----pid-3323
---ebpf-pid----4716----pid-1
---ebpf-pid----4716----pid-4716
---ebpf-pid----4716----pid-3323
---ebpf-pid----4716----pid-1
---ebpf-pid----4716----pid-4716
---ebpf-pid----4716----pid-3323
---ebpf-pid----4716----pid-1
---ebpf-pid----4716----pid-4716
---ebpf-pid----4716----pid-3323
---ebpf-pid----4716----pid-1
---ebpf-pid----4716----pid-4716
---ebpf-pid----4716----pid-3323
---ebpf-pid----4716----pid-1
---ebpf-pid----4716----pid-4716
---ebpf-pid----4716----pid-3323
---ebpf-pid----4716----pid-1
---ebpf-pid----4716----pid-4716
---ebpf-pid----4716----pid-3323
---ebpf-pid----4716----pid-1
---ebpf-pid----4716----pid-4716
---ebpf-pid----4716----pid-3323
---ebpf-pid----4716----pid-1
---ebpf-pid----4716----pid-4716
---ebpf-pid----4716----pid-3323
---ebpf-pid----4716----pid-1
---ebpf-pid----372881----pid-372881
---ebpf-pid----372881----pid-1
---ebpf-pid----372881----pid-372881
---ebpf-pid----372881----pid-1
---ebpf-pid----372881----pid-372881
---ebpf-pid----372881----pid-1
---ebpf-pid----372881----pid-372881
---ebpf-pid----372881----pid-1
---ebpf-pid----372881----pid-372881
---ebpf-pid----372881----pid-1
---ebpf-pid----372881----pid-372881
Failed to get process information for PID 0
Failed to get process information for PID 0
Failed to get process information for PID 0
Failed to get process information for PID 0
Failed to get process information for PID 0
---ebpf-pid----372881----pid-1
---ebpf-pid----379067----pid-379067
---ebpf-pid----379067----pid-5476
---ebpf-pid----379067----pid-1
---ebpf-pid----379067----pid-379067
---ebpf-pid----379067----pid-5476
---ebpf-pid----379067----pid-1
---ebpf-pid----372881----pid-372881
---ebpf-pid----372881----pid-1
---ebpf-pid----372881----pid-372881
---ebpf-pid----372881----pid-1
---ebpf-pid----372881----pid-372881
---ebpf-pid----372881----pid-1
---ebpf-pid----372881----pid-372881
---ebpf-pid----372881----pid-1
---ebpf-pid----372881----pid-372881
---ebpf-pid----372881----pid-1
---ebpf-pid----372881----pid-372881
---ebpf-pid----372881----pid-1
---ebpf-pid----372881----pid-372881
---ebpf-pid----372881----pid-1
---ebpf-pid----372881----pid-372881
---ebpf-pid----372881----pid-1
---ebpf-pid----372881----pid-372881
---ebpf-pid----372881----pid-1
---ebpf-pid----372881----pid-372881
---ebpf-pid----372881----pid-1
---ebpf-pid----5707----pid-5707
---ebpf-pid----5707----pid-5476
---ebpf-pid----5707----pid-1
---ebpf-pid----5707----pid-5707
---ebpf-pid----5707----pid-5476
---ebpf-pid----5707----pid-1
---ebpf-pid----5707----pid-5707
---ebpf-pid----5707----pid-5476
---ebpf-pid----5707----pid-1
---ebpf-pid----5707----pid-5707
---ebpf-pid----5707----pid-5476
---ebpf-pid----5707----pid-1
---ebpf-pid----5707----pid-5707
---ebpf-pid----5707----pid-5476
---ebpf-pid----5707----pid-1
---ebpf-pid----5707----pid-5707
---ebpf-pid----5707----pid-5476
---ebpf-pid----5707----pid-1
---ebpf-pid----5707----pid-5707
---ebpf-pid----5707----pid-5476
---ebpf-pid----5707----pid-1
---ebpf-pid----5707----pid-5707
---ebpf-pid----5707----pid-5476
---ebpf-pid----5707----pid-1
---ebpf-pid----5707----pid-5707
---ebpf-pid----5707----pid-5476
---ebpf-pid----5707----pid-1
---ebpf-pid----5707----pid-5707
---ebpf-pid----5707----pid-5476
---ebpf-pid----5707----pid-1
---ebpf-pid----5707----pid-5707
---ebpf-pid----5707----pid-5476
---ebpf-pid----5707----pid-1
---ebpf-pid----5707----pid-5707
---ebpf-pid----5707----pid-5476
---ebpf-pid----5707----pid-1
---ebpf-pid----5707----pid-5707
---ebpf-pid----5707----pid-5476
---ebpf-pid----5707----pid-1
---ebpf-pid----5707----pid-5707
---ebpf-pid----5707----pid-5476
---ebpf-pid----5707----pid-1
---ebpf-pid----5707----pid-5707
---ebpf-pid----5707----pid-5476
---ebpf-pid----5707----pid-1
---ebpf-pid----5707----pid-5707
---ebpf-pid----5707----pid-5476
---ebpf-pid----5707----pid-1
---ebpf-pid----5707----pid-5707
---ebpf-pid----5707----pid-5476
---ebpf-pid----5707----pid-1
---ebpf-pid----5707----pid-5707
---ebpf-pid----5707----pid-5476
---ebpf-pid----5707----pid-1
---ebpf-pid----5703----pid-5703
---ebpf-pid----5703----pid-5476
---ebpf-pid----5703----pid-1
---ebpf-pid----5707----pid-5707
---ebpf-pid----5707----pid-5476
---ebpf-pid----5707----pid-1
---ebpf-pid----5707----pid-5707
---ebpf-pid----5707----pid-5476
---ebpf-pid----5707----pid-1
---ebpf-pid----5707----pid-5707
---ebpf-pid----5707----pid-5476
---ebpf-pid----5707----pid-1
---ebpf-pid----5707----pid-5707
---ebpf-pid----5707----pid-5476
---ebpf-pid----5707----pid-1
---ebpf-pid----5707----pid-5707
---ebpf-pid----5707----pid-5476
---ebpf-pid----5707----pid-1
---ebpf-pid----5707----pid-5707
Failed to get process information for PID 0
---ebpf-pid----5707----pid-5476
---ebpf-pid----5707----pid-1
---ebpf-pid----5707----pid-5707
---ebpf-pid----5707----pid-5476
---ebpf-pid----5707----pid-1
---ebpf-pid----5707----pid-5707
---ebpf-pid----5707----pid-5476
---ebpf-pid----5707----pid-1
---ebpf-pid----5707----pid-5707
---ebpf-pid----5707----pid-5476
---ebpf-pid----5707----pid-1
---ebpf-pid----5707----pid-5707
---ebpf-pid----5707----pid-5476
---ebpf-pid----5707----pid-1
---ebpf-pid----5707----pid-5707
---ebpf-pid----5707----pid-5476
---ebpf-pid----5707----pid-1
---ebpf-pid----5707----pid-5707
---ebpf-pid----5707----pid-5476
---ebpf-pid----5707----pid-1
---ebpf-pid----5707----pid-5707
---ebpf-pid----5707----pid-5476
---ebpf-pid----5707----pid-1
---ebpf-pid----5707----pid-5707
---ebpf-pid----5707----pid-5476
---ebpf-pid----5707----pid-1
---ebpf-pid----5707----pid-5707
---ebpf-pid----5707----pid-5476
---ebpf-pid----5707----pid-1
---ebpf-pid----14----pid-14
---ebpf-pid----14----pid-2
---ebpf-pid----5707----pid-5707
---ebpf-pid----5707----pid-5476
---ebpf-pid----5707----pid-1
---ebpf-pid----5707----pid-5707
---ebpf-pid----5707----pid-5476
---ebpf-pid----5707----pid-1
---ebpf-pid----5707----pid-5707
---ebpf-pid----5707----pid-5476
---ebpf-pid----5707----pid-1
---ebpf-pid----5707----pid-5707
---ebpf-pid----5707----pid-5476
---ebpf-pid----5707----pid-1
---ebpf-pid----372881----pid-372881
---ebpf-pid----372881----pid-1
---ebpf-pid----372881----pid-372881
---ebpf-pid----372881----pid-1
---ebpf-pid----372881----pid-372881
---ebpf-pid----372881----pid-1
---ebpf-pid----372881----pid-372881
---ebpf-pid----372881----pid-1
---ebpf-pid----5707----pid-5707
---ebpf-pid----5707----pid-5476
---ebpf-pid----5707----pid-1
---ebpf-pid----5707----pid-5707
---ebpf-pid----5707----pid-5476
---ebpf-pid----5707----pid-1
---ebpf-pid----2029----pid-2029
---ebpf-pid----2029----pid-1
---ebpf-pid----2029----pid-2029
Failed to get process information for PID 0
---ebpf-pid----2029----pid-1
---ebpf-pid----2029----pid-2029
---ebpf-pid----2029----pid-1
---ebpf-pid----2029----pid-2029
---ebpf-pid----2029----pid-1
---ebpf-pid----2029----pid-2029
---ebpf-pid----2029----pid-1
---ebpf-pid----2029----pid-2029
---ebpf-pid----2029----pid-1
---ebpf-pid----5707----pid-5707
---ebpf-pid----5707----pid-5476
---ebpf-pid----5707----pid-1
---ebpf-pid----5707----pid-5707
---ebpf-pid----5707----pid-5476
---ebpf-pid----5707----pid-1
---ebpf-pid----5707----pid-5707
---ebpf-pid----5707----pid-5476
---ebpf-pid----5707----pid-1
---ebpf-pid----2012----pid-2012
---ebpf-pid----2012----pid-1
---ebpf-pid----2012----pid-2012
---ebpf-pid----2012----pid-1
---ebpf-pid----2012----pid-2012
---ebpf-pid----2012----pid-1
---ebpf-pid----2012----pid-2012
---ebpf-pid----2012----pid-1
---ebpf-pid----2012----pid-2012
---ebpf-pid----2012----pid-1
---ebpf-pid----2012----pid-2012
---ebpf-pid----2012----pid-1
---ebpf-pid----2012----pid-2012
---ebpf-pid----2012----pid-1
---ebpf-pid----2012----pid-2012
---ebpf-pid----2012----pid-1
---ebpf-pid----1856----pid-1856
---ebpf-pid----1856----pid-1
---ebpf-pid----1856----pid-1856
---ebpf-pid----1856----pid-1
---ebpf-pid----5705----pid-5705
---ebpf-pid----5705----pid-5476
---ebpf-pid----5705----pid-1
---ebpf-pid----5705----pid-5705
---ebpf-pid----5705----pid-5476
---ebpf-pid----5705----pid-1
---ebpf-pid----2012----pid-2012
---ebpf-pid----2012----pid-1
---ebpf-pid----5705----pid-5705
---ebpf-pid----5705----pid-5476
---ebpf-pid----5705----pid-1
---ebpf-pid----5705----pid-5705
---ebpf-pid----5705----pid-5476
---ebpf-pid----5705----pid-1
---ebpf-pid----5705----pid-5705
---ebpf-pid----5705----pid-5476
---ebpf-pid----5705----pid-1
---ebpf-pid----5614----pid-5614
---ebpf-pid----5614----pid-1
---ebpf-pid----2012----pid-2012
---ebpf-pid----2012----pid-1
---ebpf-pid----5705----pid-5705
---ebpf-pid----5705----pid-5476
---ebpf-pid----5705----pid-1
---ebpf-pid----5705----pid-5705
---ebpf-pid----5705----pid-5476
---ebpf-pid----5705----pid-1
---ebpf-pid----2012----pid-2012
---ebpf-pid----2012----pid-1
---ebpf-pid----2012----pid-2012
---ebpf-pid----2012----pid-1
---ebpf-pid----2012----pid-2012
---ebpf-pid----2012----pid-1
---ebpf-pid----2012----pid-2012
---ebpf-pid----2012----pid-1
---ebpf-pid----2012----pid-2012
---ebpf-pid----2012----pid-1
---ebpf-pid----2012----pid-2012
---ebpf-pid----2012----pid-1
---ebpf-pid----2012----pid-2012
---ebpf-pid----2012----pid-1
---ebpf-pid----2012----pid-2012
---ebpf-pid----2012----pid-1
---ebpf-pid----2012----pid-2012
---ebpf-pid----2012----pid-1
---ebpf-pid----2012----pid-2012
---ebpf-pid----2012----pid-1
---ebpf-pid----2012----pid-2012
---ebpf-pid----2012----pid-1
---ebpf-pid----2012----pid-2012
---ebpf-pid----2012----pid-1
---ebpf-pid----2012----pid-2012
---ebpf-pid----2012----pid-1
---ebpf-pid----2012----pid-2012
---ebpf-pid----2012----pid-1
---ebpf-pid----2012----pid-2012
---ebpf-pid----2012----pid-1
---ebpf-pid----2012----pid-2012
---ebpf-pid----2012----pid-1
---ebpf-pid----2012----pid-2012
---ebpf-pid----2012----pid-1
---ebpf-pid----2012----pid-2012
---ebpf-pid----2012----pid-1
---ebpf-pid----2012----pid-2012
---ebpf-pid----2012----pid-1
---ebpf-pid----2012----pid-2012
---ebpf-pid----2012----pid-1
---ebpf-pid----2088----pid-2088
---ebpf-pid----2088----pid-1
---ebpf-pid----2088----pid-2088
---ebpf-pid----2088----pid-1
---ebpf-pid----2088----pid-2088
---ebpf-pid----2088----pid-1
---ebpf-pid----2088----pid-2088
---ebpf-pid----2088----pid-1
---ebpf-pid----2088----pid-2088
---ebpf-pid----2088----pid-1
---ebpf-pid----2088----pid-2088
---ebpf-pid----2088----pid-1
---ebpf-pid----2088----pid-2088
---ebpf-pid----2088----pid-1
---ebpf-pid----2088----pid-2088
---ebpf-pid----2088----pid-1
---ebpf-pid----2088----pid-2088
---ebpf-pid----2088----pid-1
---ebpf-pid----5637----pid-5637
---ebpf-pid----5637----pid-1
---ebpf-pid----2012----pid-2012
---ebpf-pid----2012----pid-1
---ebpf-pid----2012----pid-2012
---ebpf-pid----2012----pid-1
---ebpf-pid----2012----pid-2012
---ebpf-pid----2012----pid-1
---ebpf-pid----2012----pid-2012
---ebpf-pid----2012----pid-1
---ebpf-pid----2012----pid-2012
---ebpf-pid----2012----pid-1
---ebpf-pid----2012----pid-2012
---ebpf-pid----2012----pid-1
---ebpf-pid----2012----pid-2012
---ebpf-pid----2012----pid-1
---ebpf-pid----2012----pid-2012
---ebpf-pid----2012----pid-1
---ebpf-pid----5637----pid-5637
---ebpf-pid----5637----pid-1
---ebpf-pid----5705----pid-5705
---ebpf-pid----5705----pid-5476
---ebpf-pid----5705----pid-1
---ebpf-pid----5705----pid-5705
---ebpf-pid----5705----pid-5476
---ebpf-pid----5705----pid-1
---ebpf-pid----2029----pid-2029
---ebpf-pid----2029----pid-1
---ebpf-pid----2029----pid-2029
---ebpf-pid----2029----pid-1
---ebpf-pid----2029----pid-2029
---ebpf-pid----2029----pid-1
---ebpf-pid----2029----pid-2029
---ebpf-pid----2029----pid-1
---ebpf-pid----2029----pid-2029
---ebpf-pid----2029----pid-1
---ebpf-pid----2029----pid-2029
---ebpf-pid----2029----pid-1
---ebpf-pid----5614----pid-5614
---ebpf-pid----5614----pid-1
---ebpf-pid----5707----pid-5707
---ebpf-pid----5707----pid-5476
---ebpf-pid----5707----pid-1
---ebpf-pid----5707----pid-5707
---ebpf-pid----5707----pid-5476
---ebpf-pid----5707----pid-1
---ebpf-pid----372881----pid-372881
---ebpf-pid----372881----pid-1
---ebpf-pid----372881----pid-372881
---ebpf-pid----372881----pid-1
---ebpf-pid----379067----pid-379067
---ebpf-pid----379067----pid-5476
---ebpf-pid----379067----pid-1
---ebpf-pid----379067----pid-379067
---ebpf-pid----379067----pid-5476
---ebpf-pid----379067----pid-1
---ebpf-pid----2012----pid-2012
---ebpf-pid----2012----pid-1
---ebpf-pid----2012----pid-2012
---ebpf-pid----2012----pid-1
---ebpf-pid----379067----pid-379067
---ebpf-pid----379067----pid-5476
---ebpf-pid----379067----pid-1
---ebpf-pid----372881----pid-372881
---ebpf-pid----372881----pid-1
---ebpf-pid----372881----pid-372881
---ebpf-pid----372881----pid-1
---ebpf-pid----372881----pid-372881
---ebpf-pid----372881----pid-1
---ebpf-pid----372881----pid-372881
---ebpf-pid----372881----pid-1
---ebpf-pid----372881----pid-372881
---ebpf-pid----372881----pid-1
---ebpf-pid----372881----pid-372881
---ebpf-pid----372881----pid-1
---ebpf-pid----372881----pid-372881
---ebpf-pid----372881----pid-1
---ebpf-pid----372881----pid-372881
---ebpf-pid----372881----pid-1
---ebpf-pid----372881----pid-372881
---ebpf-pid----372881----pid-1
---ebpf-pid----2012----pid-2012
---ebpf-pid----2012----pid-1
---ebpf-pid----2012----pid-2012
---ebpf-pid----2012----pid-1
---ebpf-pid----2012----pid-2012
---ebpf-pid----2012----pid-1
---ebpf-pid----2012----pid-2012
---ebpf-pid----2012----pid-1
---ebpf-pid----2012----pid-2012
---ebpf-pid----2012----pid-1
---ebpf-pid----2012----pid-2012
---ebpf-pid----2012----pid-1
---ebpf-pid----2012----pid-2012
---ebpf-pid----2012----pid-1
---ebpf-pid----2012----pid-2012
---ebpf-pid----2012----pid-1
---ebpf-pid----2012----pid-2012
---ebpf-pid----2012----pid-1
---ebpf-pid----2012----pid-2012
---ebpf-pid----2012----pid-1
---ebpf-pid----7312----pid-7312
---ebpf-pid----7312----pid-1
---ebpf-pid----2029----pid-2029
---ebpf-pid----2029----pid-1
---ebpf-pid----2029----pid-2029
---ebpf-pid----2029----pid-1
---ebpf-pid----2029----pid-2029
---ebpf-pid----2029----pid-1
---ebpf-pid----2029----pid-2029
---ebpf-pid----2029----pid-1
---ebpf-pid----2029----pid-2029
---ebpf-pid----2029----pid-1
---ebpf-pid----2029----pid-2029
---ebpf-pid----2029----pid-1
---ebpf-pid----2029----pid-2029
---ebpf-pid----2029----pid-1
---ebpf-pid----2029----pid-2029
---ebpf-pid----2029----pid-1
---ebpf-pid----2029----pid-2029
---ebpf-pid----2029----pid-1
---ebpf-pid----2029----pid-2029
---ebpf-pid----2029----pid-1
---ebpf-pid----2029----pid-2029
---ebpf-pid----2029----pid-1
---ebpf-pid----2029----pid-2029
---ebpf-pid----2029----pid-1
---ebpf-pid----2029----pid-2029
---ebpf-pid----2029----pid-1
---ebpf-pid----2029----pid-2029
---ebpf-pid----2029----pid-1
---ebpf-pid----2029----pid-2029
---ebpf-pid----2029----pid-1
---ebpf-pid----2029----pid-2029
---ebpf-pid----2029----pid-1
---ebpf-pid----5638----pid-5638
---ebpf-pid----5638----pid-1
---ebpf-pid----2029----pid-2029
---ebpf-pid----2029----pid-1
---ebpf-pid----2029----pid-2029
---ebpf-pid----2029----pid-1
---ebpf-pid----2029----pid-2029
---ebpf-pid----2029----pid-1
---ebpf-pid----2029----pid-2029
---ebpf-pid----2029----pid-1
---ebpf-pid----2029----pid-2029
---ebpf-pid----2029----pid-1
---ebpf-pid----2029----pid-2029
---ebpf-pid----2029----pid-1
---ebpf-pid----2029----pid-2029
---ebpf-pid----2029----pid-1
---ebpf-pid----2029----pid-2029
---ebpf-pid----2029----pid-1
---ebpf-pid----2029----pid-2029
---ebpf-pid----2029----pid-1
---ebpf-pid----5614----pid-5614
---ebpf-pid----5614----pid-1
---ebpf-pid----2012----pid-2012
---ebpf-pid----2012----pid-1
---ebpf-pid----2012----pid-2012
---ebpf-pid----2012----pid-1
---ebpf-pid----2012----pid-2012
---ebpf-pid----2012----pid-1
---ebpf-pid----2012----pid-2012
---ebpf-pid----2012----pid-1
---ebpf-pid----2012----pid-2012
---ebpf-pid----2012----pid-1
---ebpf-pid----2012----pid-2012
---ebpf-pid----2012----pid-1
---ebpf-pid----2012----pid-2012
---ebpf-pid----2012----pid-1
---ebpf-pid----5638----pid-5638
---ebpf-pid----5638----pid-1
---ebpf-pid----372881----pid-372881
---ebpf-pid----372881----pid-1
---ebpf-pid----372881----pid-372881
---ebpf-pid----372881----pid-1
---ebpf-pid----372881----pid-372881
---ebpf-pid----372881----pid-1
---ebpf-pid----372881----pid-372881
---ebpf-pid----372881----pid-1
---ebpf-pid----372881----pid-372881
---ebpf-pid----372881----pid-1
---ebpf-pid----372881----pid-372881
---ebpf-pid----372881----pid-1
---ebpf-pid----372881----pid-372881
---ebpf-pid----372881----pid-1
---ebpf-pid----372881----pid-372881
---ebpf-pid----372881----pid-1
---ebpf-pid----5705----pid-5705
---ebpf-pid----5705----pid-5476
---ebpf-pid----5705----pid-1
---ebpf-pid----5705----pid-5705
---ebpf-pid----5705----pid-5476
---ebpf-pid----5705----pid-1
---ebpf-pid----5705----pid-5705
---ebpf-pid----5705----pid-5476
---ebpf-pid----5705----pid-1
---ebpf-pid----5705----pid-5705
---ebpf-pid----5705----pid-5476
---ebpf-pid----5705----pid-1
---ebpf-pid----5705----pid-5705
---ebpf-pid----5705----pid-5476
---ebpf-pid----5705----pid-1
---ebpf-pid----5705----pid-5705
---ebpf-pid----5705----pid-5476
---ebpf-pid----5705----pid-1
---ebpf-pid----5705----pid-5705
---ebpf-pid----5705----pid-5476
---ebpf-pid----5705----pid-1
---ebpf-pid----5705----pid-5705
---ebpf-pid----5705----pid-5476
---ebpf-pid----5705----pid-1
---ebpf-pid----5705----pid-5705
---ebpf-pid----5705----pid-5476
---ebpf-pid----5705----pid-1
---ebpf-pid----5705----pid-5705
---ebpf-pid----5705----pid-5476
---ebpf-pid----5705----pid-1
---ebpf-pid----5705----pid-5705
---ebpf-pid----5705----pid-5476
---ebpf-pid----5705----pid-1
---ebpf-pid----5705----pid-5705
---ebpf-pid----5705----pid-5476
---ebpf-pid----5705----pid-1
---ebpf-pid----5705----pid-5705
---ebpf-pid----5705----pid-5476
---ebpf-pid----5705----pid-1
---ebpf-pid----5705----pid-5705
---ebpf-pid----5705----pid-5476
---ebpf-pid----5705----pid-1
---ebpf-pid----5705----pid-5705
---ebpf-pid----5705----pid-5476
---ebpf-pid----5705----pid-1
---ebpf-pid----5705----pid-5705
---ebpf-pid----5705----pid-5476
---ebpf-pid----5705----pid-1
---ebpf-pid----5705----pid-5705
---ebpf-pid----5705----pid-5476
---ebpf-pid----5705----pid-1
---ebpf-pid----5707----pid-5707
---ebpf-pid----5707----pid-5476
---ebpf-pid----5707----pid-1
---ebpf-pid----5707----pid-5707
---ebpf-pid----5707----pid-5476
---ebpf-pid----5707----pid-1
---ebpf-pid----5707----pid-5707
---ebpf-pid----5707----pid-5476
---ebpf-pid----5707----pid-1
---ebpf-pid----5707----pid-5707
---ebpf-pid----5707----pid-5476
---ebpf-pid----5707----pid-1
---ebpf-pid----5707----pid-5707
---ebpf-pid----5707----pid-5476
---ebpf-pid----5707----pid-1
---ebpf-pid----5707----pid-5707
---ebpf-pid----5707----pid-5476
---ebpf-pid----5707----pid-1
---ebpf-pid----5707----pid-5707
---ebpf-pid----5707----pid-5476
---ebpf-pid----5707----pid-1
---ebpf-pid----5707----pid-5707
---ebpf-pid----5707----pid-5476
---ebpf-pid----5707----pid-1
---ebpf-pid----5707----pid-5707
---ebpf-pid----5707----pid-5476
---ebpf-pid----5707----pid-1
---ebpf-pid----5707----pid-5707
---ebpf-pid----5707----pid-5476
---ebpf-pid----5707----pid-1
---ebpf-pid----2012----pid-2012
---ebpf-pid----2012----pid-1
---ebpf-pid----2012----pid-2012
---ebpf-pid----2012----pid-1
---ebpf-pid----2012----pid-2012
---ebpf-pid----2012----pid-1
---ebpf-pid----2012----pid-2012
---ebpf-pid----2012----pid-1
---ebpf-pid----2012----pid-2012
---ebpf-pid----2012----pid-1
---ebpf-pid----2012----pid-2012
---ebpf-pid----2012----pid-1
---ebpf-pid----2012----pid-2012
---ebpf-pid----2012----pid-1
---ebpf-pid----2012----pid-2012
---ebpf-pid----2012----pid-1
---ebpf-pid----2012----pid-2012
---ebpf-pid----2012----pid-1
---ebpf-pid----2012----pid-2012
---ebpf-pid----2012----pid-1
---ebpf-pid----5705----pid-5705
---ebpf-pid----5705----pid-5476
---ebpf-pid----5705----pid-1
---ebpf-pid----5705----pid-5705
---ebpf-pid----5705----pid-5476
---ebpf-pid----5705----pid-1
---ebpf-pid----5705----pid-5705
---ebpf-pid----5705----pid-5476
---ebpf-pid----5705----pid-1
---ebpf-pid----5705----pid-5705
---ebpf-pid----5705----pid-5476
---ebpf-pid----5705----pid-1
---ebpf-pid----5705----pid-5705
---ebpf-pid----5705----pid-5476
---ebpf-pid----5705----pid-1
---ebpf-pid----5638----pid-5638
---ebpf-pid----5638----pid-1
---ebpf-pid----5638----pid-5638
---ebpf-pid----5638----pid-1
---ebpf-pid----2029----pid-2029
---ebpf-pid----2029----pid-1
---ebpf-pid----379067----pid-379067
Failed to get process information for PID 0
---ebpf-pid----379067----pid-5476
---ebpf-pid----379067----pid-1
---ebpf-pid----379067----pid-379067
---ebpf-pid----379067----pid-5476
---ebpf-pid----379067----pid-1
---ebpf-pid----379067----pid-379067
---ebpf-pid----379067----pid-5476
---ebpf-pid----379067----pid-1
---ebpf-pid----379067----pid-379067
---ebpf-pid----379067----pid-5476
---ebpf-pid----379067----pid-1
---ebpf-pid----379067----pid-379067
---ebpf-pid----379067----pid-5476
---ebpf-pid----379067----pid-1
---ebpf-pid----379067----pid-379067
---ebpf-pid----379067----pid-5476
---ebpf-pid----379067----pid-1
---ebpf-pid----379067----pid-379067
---ebpf-pid----379067----pid-5476
---ebpf-pid----379067----pid-1
---ebpf-pid----379067----pid-379067
---ebpf-pid----379067----pid-5476
---ebpf-pid----379067----pid-1
---ebpf-pid----379067----pid-379067
---ebpf-pid----379067----pid-5476
---ebpf-pid----379067----pid-1
---ebpf-pid----379067----pid-379067
---ebpf-pid----379067----pid-5476
---ebpf-pid----379067----pid-1
---ebpf-pid----379067----pid-379067
---ebpf-pid----379067----pid-5476
---ebpf-pid----379067----pid-1
---ebpf-pid----379067----pid-379067
---ebpf-pid----379067----pid-5476
---ebpf-pid----379067----pid-1
---ebpf-pid----379067----pid-379067
---ebpf-pid----379067----pid-5476
---ebpf-pid----379067----pid-1
---ebpf-pid----379067----pid-379067
---ebpf-pid----379067----pid-5476
---ebpf-pid----379067----pid-1
---ebpf-pid----379067----pid-379067
---ebpf-pid----379067----pid-5476
---ebpf-pid----379067----pid-1
---ebpf-pid----379067----pid-379067
---ebpf-pid----379067----pid-5476
---ebpf-pid----379067----pid-1
---ebpf-pid----379067----pid-379067
---ebpf-pid----379067----pid-5476
---ebpf-pid----379067----pid-1
---ebpf-pid----379067----pid-379067
---ebpf-pid----379067----pid-5476
---ebpf-pid----379067----pid-1
---ebpf-pid----379067----pid-379067
---ebpf-pid----379067----pid-5476
---ebpf-pid----379067----pid-1
---ebpf-pid----379067----pid-379067
---ebpf-pid----379067----pid-5476
---ebpf-pid----379067----pid-1
---ebpf-pid----379067----pid-379067
---ebpf-pid----379067----pid-5476
---ebpf-pid----379067----pid-1
---ebpf-pid----379067----pid-379067
---ebpf-pid----379067----pid-5476
---ebpf-pid----379067----pid-1
---ebpf-pid----379067----pid-379067
---ebpf-pid----379067----pid-5476
---ebpf-pid----379067----pid-1
---ebpf-pid----2029----pid-2029
---ebpf-pid----2029----pid-1
---ebpf-pid----2029----pid-2029
---ebpf-pid----2029----pid-1
---ebpf-pid----2029----pid-2029
---ebpf-pid----2029----pid-1
---ebpf-pid----2029----pid-2029
---ebpf-pid----2029----pid-1
---ebpf-pid----2029----pid-2029
---ebpf-pid----2029----pid-1
---ebpf-pid----2029----pid-2029
---ebpf-pid----2029----pid-1
---ebpf-pid----2029----pid-2029
---ebpf-pid----2029----pid-1
---ebpf-pid----2029----pid-2029
---ebpf-pid----2029----pid-1
---ebpf-pid----2029----pid-2029
---ebpf-pid----2029----pid-1
---ebpf-pid----372714----pid-372714
---ebpf-pid----372714----pid-5476
---ebpf-pid----372714----pid-1
---ebpf-pid----372714----pid-372714
---ebpf-pid----372714----pid-5476
---ebpf-pid----372714----pid-1
---ebpf-pid----372714----pid-372714
---ebpf-pid----372714----pid-5476
---ebpf-pid----372714----pid-1
---ebpf-pid----372714----pid-372714
---ebpf-pid----372714----pid-5476
---ebpf-pid----372714----pid-1
---ebpf-pid----372714----pid-372714
---ebpf-pid----372714----pid-5476
---ebpf-pid----372714----pid-1
---ebpf-pid----372714----pid-372714
---ebpf-pid----372714----pid-5476
---ebpf-pid----372714----pid-1
---ebpf-pid----372714----pid-372714
---ebpf-pid----372714----pid-5476
---ebpf-pid----372714----pid-1
---ebpf-pid----2029----pid-2029
---ebpf-pid----2029----pid-1
---ebpf-pid----2029----pid-2029
---ebpf-pid----2029----pid-1
---ebpf-pid----372714----pid-372714
---ebpf-pid----372714----pid-5476
---ebpf-pid----372714----pid-1
---ebpf-pid----5637----pid-5637
---ebpf-pid----5637----pid-1
---ebpf-pid----372714----pid-372714
---ebpf-pid----372714----pid-5476
---ebpf-pid----372714----pid-1
---ebpf-pid----372714----pid-372714
---ebpf-pid----372714----pid-5476
---ebpf-pid----372714----pid-1
---ebpf-pid----372714----pid-372714
---ebpf-pid----372714----pid-5476
---ebpf-pid----372714----pid-1
---ebpf-pid----372714----pid-372714
---ebpf-pid----372714----pid-5476
---ebpf-pid----372714----pid-1
---ebpf-pid----372714----pid-372714
---ebpf-pid----372714----pid-5476
---ebpf-pid----372714----pid-1
---ebpf-pid----372714----pid-372714
---ebpf-pid----372714----pid-5476
---ebpf-pid----372714----pid-1
---ebpf-pid----372714----pid-372714
---ebpf-pid----372714----pid-5476
---ebpf-pid----372714----pid-1
---ebpf-pid----372714----pid-372714
---ebpf-pid----372714----pid-5476
---ebpf-pid----372714----pid-1
---ebpf-pid----372714----pid-372714
---ebpf-pid----372714----pid-5476
---ebpf-pid----372714----pid-1
---ebpf-pid----372714----pid-372714
---ebpf-pid----372714----pid-5476
---ebpf-pid----372714----pid-1
---ebpf-pid----372714----pid-372714
---ebpf-pid----372714----pid-5476
---ebpf-pid----372714----pid-1
---ebpf-pid----372714----pid-372714
---ebpf-pid----372714----pid-5476
---ebpf-pid----372714----pid-1
---ebpf-pid----372714----pid-372714
---ebpf-pid----372714----pid-5476
---ebpf-pid----372714----pid-1
---ebpf-pid----372714----pid-372714
---ebpf-pid----372714----pid-5476
---ebpf-pid----372714----pid-1
---ebpf-pid----372714----pid-372714
---ebpf-pid----372714----pid-5476
---ebpf-pid----372714----pid-1
---ebpf-pid----372714----pid-372714
---ebpf-pid----372714----pid-5476
---ebpf-pid----372714----pid-1
---ebpf-pid----372714----pid-372714
---ebpf-pid----372714----pid-5476
---ebpf-pid----372714----pid-1
---ebpf-pid----372714----pid-372714
---ebpf-pid----372714----pid-5476
---ebpf-pid----372714----pid-1
---ebpf-pid----372714----pid-372714
---ebpf-pid----372714----pid-5476
---ebpf-pid----372714----pid-1
---ebpf-pid----372714----pid-372714
---ebpf-pid----372714----pid-5476
---ebpf-pid----372714----pid-1
---ebpf-pid----372714----pid-372714
---ebpf-pid----372714----pid-5476
---ebpf-pid----372714----pid-1
---ebpf-pid----372714----pid-372714
---ebpf-pid----372714----pid-5476
---ebpf-pid----372714----pid-1
---ebpf-pid----372714----pid-372714
---ebpf-pid----372714----pid-5476
---ebpf-pid----372714----pid-1
---ebpf-pid----372714----pid-372714
---ebpf-pid----372714----pid-5476
---ebpf-pid----372714----pid-1
---ebpf-pid----372714----pid-372714
---ebpf-pid----372714----pid-5476
---ebpf-pid----372714----pid-1
---ebpf-pid----372714----pid-372714
---ebpf-pid----372714----pid-5476
---ebpf-pid----372714----pid-1
---ebpf-pid----372714----pid-372714
---ebpf-pid----372714----pid-5476
---ebpf-pid----372714----pid-1
---ebpf-pid----372714----pid-372714
---ebpf-pid----372714----pid-5476
---ebpf-pid----372714----pid-1
---ebpf-pid----372714----pid-372714
---ebpf-pid----372714----pid-5476
---ebpf-pid----372714----pid-1
---ebpf-pid----372714----pid-372714
---ebpf-pid----372714----pid-5476
---ebpf-pid----372714----pid-1
---ebpf-pid----372714----pid-372714
---ebpf-pid----372714----pid-5476
---ebpf-pid----372714----pid-1
---ebpf-pid----372714----pid-372714
---ebpf-pid----372714----pid-5476
---ebpf-pid----372714----pid-1
---ebpf-pid----372714----pid-372714
---ebpf-pid----372714----pid-5476
---ebpf-pid----372714----pid-1
---ebpf-pid----372714----pid-372714
---ebpf-pid----372714----pid-5476
---ebpf-pid----372714----pid-1
---ebpf-pid----372714----pid-372714
---ebpf-pid----372714----pid-5476
---ebpf-pid----372714----pid-1
---ebpf-pid----372714----pid-372714
---ebpf-pid----372714----pid-5476
---ebpf-pid----372714----pid-1
---ebpf-pid----2029----pid-2029
---ebpf-pid----2029----pid-1
---ebpf-pid----2029----pid-2029
---ebpf-pid----2029----pid-1
---ebpf-pid----2029----pid-2029
---ebpf-pid----2029----pid-1
---ebpf-pid----2029----pid-2029
---ebpf-pid----2029----pid-1
---ebpf-pid----2029----pid-2029
---ebpf-pid----2029----pid-1
---ebpf-pid----2029----pid-2029
---ebpf-pid----2029----pid-1
---ebpf-pid----2029----pid-2029
---ebpf-pid----2029----pid-1
---ebpf-pid----2029----pid-2029
---ebpf-pid----2029----pid-1
---ebpf-pid----2029----pid-2029
---ebpf-pid----2029----pid-1
---ebpf-pid----2029----pid-2029
---ebpf-pid----2029----pid-1
---ebpf-pid----2029----pid-2029
---ebpf-pid----2029----pid-1
---ebpf-pid----2029----pid-2029
---ebpf-pid----2029----pid-1
---ebpf-pid----2029----pid-2029
---ebpf-pid----2029----pid-1
---ebpf-pid----2029----pid-2029
---ebpf-pid----2029----pid-1
---ebpf-pid----2029----pid-2029
---ebpf-pid----2029----pid-1
---ebpf-pid----2029----pid-2029
---ebpf-pid----2029----pid-1
---ebpf-pid----2029----pid-2029
---ebpf-pid----2029----pid-1
---ebpf-pid----2029----pid-2029
---ebpf-pid----2029----pid-1
---ebpf-pid----5707----pid-5707
---ebpf-pid----5707----pid-5476
---ebpf-pid----5707----pid-1
---ebpf-pid----5707----pid-5707
---ebpf-pid----5707----pid-5476
---ebpf-pid----5707----pid-1
---ebpf-pid----5707----pid-5707
---ebpf-pid----5707----pid-5476
---ebpf-pid----5707----pid-1
---ebpf-pid----5707----pid-5707
---ebpf-pid----5707----pid-5476
---ebpf-pid----5707----pid-1
---ebpf-pid----5707----pid-5707
---ebpf-pid----5707----pid-5476
---ebpf-pid----5707----pid-1
---ebpf-pid----5707----pid-5707
---ebpf-pid----5707----pid-5476
---ebpf-pid----5707----pid-1
---ebpf-pid----5707----pid-5707
---ebpf-pid----5707----pid-5476
---ebpf-pid----5707----pid-1
---ebpf-pid----5707----pid-5707
---ebpf-pid----5707----pid-5476
---ebpf-pid----5707----pid-1
---ebpf-pid----5707----pid-5707
---ebpf-pid----5707----pid-5476
---ebpf-pid----5707----pid-1
---ebpf-pid----2088----pid-2088
---ebpf-pid----2088----pid-1
---ebpf-pid----2088----pid-2088
---ebpf-pid----2088----pid-1
---ebpf-pid----2088----pid-2088
---ebpf-pid----2088----pid-1
---ebpf-pid----2088----pid-2088
---ebpf-pid----2088----pid-1
---ebpf-pid----2088----pid-2088
---ebpf-pid----2088----pid-1
---ebpf-pid----2088----pid-2088
---ebpf-pid----2088----pid-1
---ebpf-pid----2088----pid-2088
---ebpf-pid----2088----pid-1
---ebpf-pid----2088----pid-2088
---ebpf-pid----2088----pid-1
---ebpf-pid----2088----pid-2088
---ebpf-pid----2088----pid-1
---ebpf-pid----2088----pid-2088
---ebpf-pid----2088----pid-1
---ebpf-pid----5705----pid-5705
---ebpf-pid----5705----pid-5476
---ebpf-pid----5705----pid-1
---ebpf-pid----7313----pid-7313
---ebpf-pid----7313----pid-1
---ebpf-pid----372881----pid-372881
---ebpf-pid----372881----pid-1
---ebpf-pid----372881----pid-372881
---ebpf-pid----372881----pid-1
---ebpf-pid----372881----pid-372881
---ebpf-pid----372881----pid-1
---ebpf-pid----372881----pid-372881
---ebpf-pid----372881----pid-1
---ebpf-pid----372881----pid-372881
---ebpf-pid----372881----pid-1
---ebpf-pid----372881----pid-372881
---ebpf-pid----372881----pid-1
---ebpf-pid----372881----pid-372881
---ebpf-pid----372881----pid-1
---ebpf-pid----7312----pid-7312
---ebpf-pid----7312----pid-1
---ebpf-pid----379067----pid-379067
---ebpf-pid----379067----pid-5476
---ebpf-pid----379067----pid-1
---ebpf-pid----379067----pid-379067
---ebpf-pid----379067----pid-5476
---ebpf-pid----379067----pid-1
---ebpf-pid----379067----pid-379067
---ebpf-pid----379067----pid-5476
---ebpf-pid----379067----pid-1
---ebpf-pid----379067----pid-379067
---ebpf-pid----379067----pid-5476
---ebpf-pid----379067----pid-1
---ebpf-pid----379067----pid-379067
---ebpf-pid----379067----pid-5476
---ebpf-pid----379067----pid-1
---ebpf-pid----379067----pid-379067
---ebpf-pid----379067----pid-5476
---ebpf-pid----379067----pid-1
---ebpf-pid----379067----pid-379067
---ebpf-pid----379067----pid-5476
---ebpf-pid----379067----pid-1
---ebpf-pid----379067----pid-379067
---ebpf-pid----379067----pid-5476
---ebpf-pid----379067----pid-1
---ebpf-pid----379067----pid-379067
---ebpf-pid----379067----pid-5476
---ebpf-pid----379067----pid-1
---ebpf-pid----379067----pid-379067
---ebpf-pid----379067----pid-5476
---ebpf-pid----379067----pid-1
---ebpf-pid----379067----pid-379067
---ebpf-pid----379067----pid-5476
---ebpf-pid----379067----pid-1
---ebpf-pid----379067----pid-379067
---ebpf-pid----379067----pid-5476
---ebpf-pid----379067----pid-1
---ebpf-pid----379067----pid-379067
---ebpf-pid----379067----pid-5476
---ebpf-pid----379067----pid-1
---ebpf-pid----379067----pid-379067
---ebpf-pid----379067----pid-5476
---ebpf-pid----379067----pid-1
---ebpf-pid----379067----pid-379067
---ebpf-pid----379067----pid-5476
---ebpf-pid----379067----pid-1
---ebpf-pid----379067----pid-379067
---ebpf-pid----379067----pid-5476
---ebpf-pid----379067----pid-1
---ebpf-pid----379067----pid-379067
---ebpf-pid----379067----pid-5476
---ebpf-pid----379067----pid-1
---ebpf-pid----379067----pid-379067
---ebpf-pid----379067----pid-5476
---ebpf-pid----379067----pid-1
---ebpf-pid----379067----pid-379067
---ebpf-pid----379067----pid-5476
---ebpf-pid----379067----pid-1
---ebpf-pid----379067----pid-379067
---ebpf-pid----379067----pid-5476
---ebpf-pid----379067----pid-1
---ebpf-pid----379067----pid-379067
---ebpf-pid----379067----pid-5476
---ebpf-pid----379067----pid-1
---ebpf-pid----379067----pid-379067
---ebpf-pid----379067----pid-5476
---ebpf-pid----379067----pid-1
---ebpf-pid----379067----pid-379067
---ebpf-pid----379067----pid-5476
---ebpf-pid----379067----pid-1
---ebpf-pid----379067----pid-379067
---ebpf-pid----379067----pid-5476
---ebpf-pid----379067----pid-1
---ebpf-pid----2029----pid-2029
---ebpf-pid----2029----pid-1
---ebpf-pid----2029----pid-2029
---ebpf-pid----2029----pid-1
---ebpf-pid----2029----pid-2029
---ebpf-pid----2029----pid-1
---ebpf-pid----2029----pid-2029
---ebpf-pid----2029----pid-1
---ebpf-pid----2029----pid-2029
---ebpf-pid----2029----pid-1
---ebpf-pid----2029----pid-2029
---ebpf-pid----2029----pid-1
---ebpf-pid----2029----pid-2029
---ebpf-pid----2029----pid-1
---ebpf-pid----372881----pid-372881
---ebpf-pid----372881----pid-1
---ebpf-pid----372881----pid-372881
---ebpf-pid----372881----pid-1
---ebpf-pid----372881----pid-372881
---ebpf-pid----372881----pid-1
---ebpf-pid----372881----pid-372881
---ebpf-pid----372881----pid-1
---ebpf-pid----372881----pid-372881
---ebpf-pid----372881----pid-1
---ebpf-pid----372881----pid-372881
---ebpf-pid----372881----pid-1
---ebpf-pid----372881----pid-372881
---ebpf-pid----372881----pid-1
---ebpf-pid----372881----pid-372881
---ebpf-pid----372881----pid-1
---ebpf-pid----372881----pid-372881
---ebpf-pid----372881----pid-1
---ebpf-pid----372881----pid-372881
---ebpf-pid----372881----pid-1
---ebpf-pid----372881----pid-372881
---ebpf-pid----372881----pid-1
---ebpf-pid----372881----pid-372881
---ebpf-pid----372881----pid-1
---ebpf-pid----372881----pid-372881
---ebpf-pid----372881----pid-1
---ebpf-pid----372881----pid-372881
---ebpf-pid----372881----pid-1
---ebpf-pid----372881----pid-372881
---ebpf-pid----372881----pid-1
---ebpf-pid----372881----pid-372881
---ebpf-pid----372881----pid-1
---ebpf-pid----372881----pid-372881
---ebpf-pid----372881----pid-1
---ebpf-pid----372881----pid-372881
---ebpf-pid----372881----pid-1
---ebpf-pid----372881----pid-372881
---ebpf-pid----372881----pid-1
---ebpf-pid----372881----pid-372881
---ebpf-pid----372881----pid-1
---ebpf-pid----372881----pid-372881
---ebpf-pid----372881----pid-1
---ebpf-pid----372881----pid-372881
---ebpf-pid----372881----pid-1
---ebpf-pid----372881----pid-372881
---ebpf-pid----372881----pid-1
---ebpf-pid----372881----pid-372881
---ebpf-pid----372881----pid-1
---ebpf-pid----372881----pid-372881
---ebpf-pid----372881----pid-1
---ebpf-pid----372881----pid-372881
---ebpf-pid----372881----pid-1
---ebpf-pid----372881----pid-372881
---ebpf-pid----372881----pid-1
---ebpf-pid----372881----pid-372881
---ebpf-pid----372881----pid-1
---ebpf-pid----372881----pid-372881
---ebpf-pid----372881----pid-1
---ebpf-pid----372881----pid-372881
---ebpf-pid----372881----pid-1
---ebpf-pid----372881----pid-372881
---ebpf-pid----372881----pid-1
---ebpf-pid----372881----pid-372881
---ebpf-pid----372881----pid-1
---ebpf-pid----372881----pid-372881
---ebpf-pid----372881----pid-1
---ebpf-pid----372881----pid-372881
---ebpf-pid----372881----pid-1
---ebpf-pid----372881----pid-372881
---ebpf-pid----372881----pid-1
---ebpf-pid----372881----pid-372881
---ebpf-pid----372881----pid-1
---ebpf-pid----372881----pid-372881
---ebpf-pid----372881----pid-1
---ebpf-pid----372881----pid-372881
---ebpf-pid----372881----pid-1
---ebpf-pid----372881----pid-372881
---ebpf-pid----372881----pid-1
---ebpf-pid----372881----pid-372881
---ebpf-pid----372881----pid-1
---ebpf-pid----372881----pid-372881
---ebpf-pid----372881----pid-1
---ebpf-pid----372714----pid-372714
---ebpf-pid----372714----pid-5476
---ebpf-pid----372714----pid-1
---ebpf-pid----372714----pid-372714
---ebpf-pid----372714----pid-5476
---ebpf-pid----372714----pid-1
---ebpf-pid----372714----pid-372714
---ebpf-pid----372714----pid-5476
---ebpf-pid----372714----pid-1
---ebpf-pid----372714----pid-372714
---ebpf-pid----372714----pid-5476
---ebpf-pid----372714----pid-1
---ebpf-pid----372714----pid-372714
---ebpf-pid----372714----pid-5476
---ebpf-pid----372714----pid-1
---ebpf-pid----372714----pid-372714
---ebpf-pid----372714----pid-5476
---ebpf-pid----372714----pid-1
---ebpf-pid----372714----pid-372714
---ebpf-pid----372714----pid-5476
---ebpf-pid----372714----pid-1
---ebpf-pid----372714----pid-372714
---ebpf-pid----372714----pid-5476
---ebpf-pid----372714----pid-1
---ebpf-pid----372714----pid-372714
---ebpf-pid----372714----pid-5476
---ebpf-pid----372714----pid-1
---ebpf-pid----372714----pid-372714
---ebpf-pid----372714----pid-5476
---ebpf-pid----372714----pid-1
---ebpf-pid----448600----pid-448600
---ebpf-pid----448600----pid-2
---ebpf-pid----379067----pid-379067
---ebpf-pid----379067----pid-5476
---ebpf-pid----379067----pid-1
---ebpf-pid----379067----pid-379067
---ebpf-pid----379067----pid-5476
---ebpf-pid----379067----pid-1
---ebpf-pid----379067----pid-379067
---ebpf-pid----379067----pid-5476
---ebpf-pid----379067----pid-1
---ebpf-pid----379067----pid-379067
---ebpf-pid----379067----pid-5476
---ebpf-pid----379067----pid-1
---ebpf-pid----379067----pid-379067
---ebpf-pid----379067----pid-5476
---ebpf-pid----379067----pid-1
---ebpf-pid----379067----pid-379067
---ebpf-pid----379067----pid-5476
---ebpf-pid----379067----pid-1
---ebpf-pid----379067----pid-379067
---ebpf-pid----379067----pid-5476
---ebpf-pid----379067----pid-1
---ebpf-pid----379067----pid-379067
---ebpf-pid----379067----pid-5476
---ebpf-pid----379067----pid-1
---ebpf-pid----379067----pid-379067
---ebpf-pid----379067----pid-5476
---ebpf-pid----379067----pid-1
---ebpf-pid----379067----pid-379067
---ebpf-pid----379067----pid-5476
---ebpf-pid----379067----pid-1
---ebpf-pid----379067----pid-379067
---ebpf-pid----379067----pid-5476
---ebpf-pid----379067----pid-1
---ebpf-pid----379067----pid-379067
---ebpf-pid----379067----pid-5476
---ebpf-pid----379067----pid-1
---ebpf-pid----379067----pid-379067
---ebpf-pid----379067----pid-5476
---ebpf-pid----379067----pid-1
---ebpf-pid----379067----pid-379067
---ebpf-pid----379067----pid-5476
---ebpf-pid----379067----pid-1
---ebpf-pid----379067----pid-379067
---ebpf-pid----379067----pid-5476
---ebpf-pid----379067----pid-1
---ebpf-pid----379067----pid-379067
---ebpf-pid----379067----pid-5476
Failed to get process information for PID 0
Failed to get process information for PID 0
---ebpf-pid----379067----pid-1
---ebpf-pid----379067----pid-379067
---ebpf-pid----379067----pid-5476
---ebpf-pid----379067----pid-1
---ebpf-pid----379067----pid-379067
---ebpf-pid----379067----pid-5476
---ebpf-pid----379067----pid-1
---ebpf-pid----379067----pid-379067
---ebpf-pid----379067----pid-5476
---ebpf-pid----379067----pid-1
---ebpf-pid----15----pid-15
---ebpf-pid----15----pid-2
---ebpf-pid----379067----pid-379067
---ebpf-pid----379067----pid-5476
---ebpf-pid----379067----pid-1
---ebpf-pid----379067----pid-379067
---ebpf-pid----379067----pid-5476
---ebpf-pid----379067----pid-1
---ebpf-pid----5705----pid-5705
---ebpf-pid----5705----pid-5476
---ebpf-pid----5705----pid-1
---ebpf-pid----5705----pid-5705
---ebpf-pid----5705----pid-5476
---ebpf-pid----5705----pid-1
---ebpf-pid----5705----pid-5705
---ebpf-pid----5705----pid-5476
---ebpf-pid----5705----pid-1
---ebpf-pid----5705----pid-5705
---ebpf-pid----5705----pid-5476
---ebpf-pid----5705----pid-1
---ebpf-pid----5705----pid-5705
---ebpf-pid----5705----pid-5476
---ebpf-pid----5705----pid-1
---ebpf-pid----5705----pid-5705
---ebpf-pid----5705----pid-5476
---ebpf-pid----5705----pid-1
---ebpf-pid----379067----pid-379067
---ebpf-pid----379067----pid-5476
---ebpf-pid----379067----pid-1
---ebpf-pid----379067----pid-379067
---ebpf-pid----379067----pid-5476
---ebpf-pid----379067----pid-1
---ebpf-pid----379067----pid-379067
---ebpf-pid----379067----pid-5476
---ebpf-pid----379067----pid-1
---ebpf-pid----379067----pid-379067
---ebpf-pid----379067----pid-5476
---ebpf-pid----379067----pid-1
---ebpf-pid----5707----pid-5707
---ebpf-pid----5707----pid-5476
---ebpf-pid----5707----pid-1
---ebpf-pid----5707----pid-5707
---ebpf-pid----5707----pid-5476
---ebpf-pid----5707----pid-1
---ebpf-pid----5707----pid-5707
---ebpf-pid----5707----pid-5476
---ebpf-pid----5707----pid-1
---ebpf-pid----5707----pid-5707
---ebpf-pid----5707----pid-5476
---ebpf-pid----5707----pid-1
---ebpf-pid----5707----pid-5707
---ebpf-pid----5707----pid-5476
---ebpf-pid----5707----pid-1
---ebpf-pid----5707----pid-5707
---ebpf-pid----5707----pid-5476
---ebpf-pid----5707----pid-1
---ebpf-pid----5707----pid-5707
---ebpf-pid----5707----pid-5476
---ebpf-pid----5707----pid-1
---ebpf-pid----5707----pid-5707
---ebpf-pid----5707----pid-5476
---ebpf-pid----5707----pid-1
---ebpf-pid----5707----pid-5707
---ebpf-pid----5707----pid-5476
---ebpf-pid----5707----pid-1
---ebpf-pid----5707----pid-5707
---ebpf-pid----5707----pid-5476
---ebpf-pid----5707----pid-1
---ebpf-pid----5707----pid-5707
---ebpf-pid----5707----pid-5476
---ebpf-pid----5707----pid-1
---ebpf-pid----5707----pid-5707
---ebpf-pid----5707----pid-5476
---ebpf-pid----5707----pid-1
---ebpf-pid----5707----pid-5707
---ebpf-pid----5707----pid-5476
---ebpf-pid----5707----pid-1
---ebpf-pid----5707----pid-5707
---ebpf-pid----5707----pid-5476
---ebpf-pid----5707----pid-1
---ebpf-pid----5707----pid-5707
---ebpf-pid----5707----pid-5476
---ebpf-pid----5707----pid-1
---ebpf-pid----5707----pid-5707
---ebpf-pid----5707----pid-5476
---ebpf-pid----5707----pid-1
---ebpf-pid----5707----pid-5707
---ebpf-pid----5707----pid-5476
---ebpf-pid----5707----pid-1
---ebpf-pid----5707----pid-5707
---ebpf-pid----5707----pid-5476
---ebpf-pid----5707----pid-1
---ebpf-pid----5707----pid-5707
---ebpf-pid----5707----pid-5476
---ebpf-pid----5707----pid-1
---ebpf-pid----5707----pid-5707
---ebpf-pid----5707----pid-5476
---ebpf-pid----5707----pid-1
---ebpf-pid----5707----pid-5707
---ebpf-pid----5707----pid-5476
---ebpf-pid----5707----pid-1
---ebpf-pid----5707----pid-5707
---ebpf-pid----5707----pid-5476
---ebpf-pid----5707----pid-1
---ebpf-pid----5707----pid-5707
---ebpf-pid----5707----pid-5476
---ebpf-pid----5707----pid-1
---ebpf-pid----5707----pid-5707
---ebpf-pid----5707----pid-5476
---ebpf-pid----5707----pid-1
---ebpf-pid----5707----pid-5707
---ebpf-pid----5707----pid-5476
---ebpf-pid----5707----pid-1
---ebpf-pid----5707----pid-5707
---ebpf-pid----5707----pid-5476
---ebpf-pid----5707----pid-1
---ebpf-pid----5707----pid-5707
---ebpf-pid----5707----pid-5476
---ebpf-pid----5707----pid-1
---ebpf-pid----4716----pid-4716
---ebpf-pid----4716----pid-3323
---ebpf-pid----4716----pid-1
---ebpf-pid----448783----pid-448783
---ebpf-pid----448783----pid-448520
---ebpf-pid----448783----pid-1
---ebpf-pid----448783----pid-448783
---ebpf-pid----448783----pid-448520
---ebpf-pid----448783----pid-1
---ebpf-pid----448783----pid-448783
---ebpf-pid----448783----pid-448520
---ebpf-pid----448783----pid-1
---ebpf-pid----448783----pid-448783
---ebpf-pid----448783----pid-448520
---ebpf-pid----448783----pid-1
---ebpf-pid----448783----pid-448783
---ebpf-pid----448783----pid-448520
---ebpf-pid----448783----pid-1
---ebpf-pid----448783----pid-448783
---ebpf-pid----448783----pid-448520
---ebpf-pid----448783----pid-1
---ebpf-pid----372714----pid-372714
---ebpf-pid----372714----pid-5476
---ebpf-pid----372714----pid-1
---ebpf-pid----372714----pid-372714
---ebpf-pid----372714----pid-5476
---ebpf-pid----372714----pid-1
---ebpf-pid----448783----pid-448783
---ebpf-pid----448783----pid-448520
---ebpf-pid----448783----pid-1
---ebpf-pid----448783----pid-448783
---ebpf-pid----448783----pid-448520
---ebpf-pid----448783----pid-1
---ebpf-pid----448783----pid-448783
---ebpf-pid----448783----pid-448520
---ebpf-pid----448783----pid-1
---ebpf-pid----448783----pid-448783
---ebpf-pid----448783----pid-448520
---ebpf-pid----448783----pid-1
---ebpf-pid----448783----pid-448783
---ebpf-pid----448783----pid-448520
---ebpf-pid----448783----pid-1
---ebpf-pid----448783----pid-448783
---ebpf-pid----448783----pid-448520
---ebpf-pid----448783----pid-1
---ebpf-pid----448783----pid-448783
---ebpf-pid----448783----pid-448520
---ebpf-pid----448783----pid-1
---ebpf-pid----448783----pid-448783
---ebpf-pid----448783----pid-448520
---ebpf-pid----448783----pid-1
---ebpf-pid----448783----pid-448783
---ebpf-pid----448783----pid-448520
---ebpf-pid----448783----pid-1
---ebpf-pid----448783----pid-448783
---ebpf-pid----448783----pid-448520
---ebpf-pid----448783----pid-1
---ebpf-pid----448783----pid-448783
---ebpf-pid----448783----pid-448520
---ebpf-pid----448783----pid-1
---ebpf-pid----448783----pid-448783
---ebpf-pid----448783----pid-448520
---ebpf-pid----448783----pid-1
---ebpf-pid----448783----pid-448783
---ebpf-pid----448783----pid-448520
---ebpf-pid----448783----pid-1
---ebpf-pid----448783----pid-448783
---ebpf-pid----448783----pid-448520
---ebpf-pid----448783----pid-1
---ebpf-pid----448783----pid-448783
---ebpf-pid----448783----pid-448520
---ebpf-pid----448783----pid-1
---ebpf-pid----448522----pid-448522
---ebpf-pid----448522----pid-1
---ebpf-pid----448783----pid-448783
---ebpf-pid----448783----pid-448520
---ebpf-pid----448783----pid-1
---ebpf-pid----448783----pid-448783
---ebpf-pid----448783----pid-448520
---ebpf-pid----448783----pid-1
---ebpf-pid----448783----pid-448783
---ebpf-pid----448783----pid-448520
---ebpf-pid----448783----pid-1
---ebpf-pid----448783----pid-448783
---ebpf-pid----448783----pid-448520
---ebpf-pid----448783----pid-1
---ebpf-pid----448783----pid-448783
---ebpf-pid----448783----pid-448520
---ebpf-pid----448783----pid-1
---ebpf-pid----448783----pid-448783
---ebpf-pid----448783----pid-448520
---ebpf-pid----448783----pid-1
---ebpf-pid----448783----pid-448783
---ebpf-pid----448783----pid-448520
---ebpf-pid----448783----pid-1
---ebpf-pid----448783----pid-448783
---ebpf-pid----448783----pid-448520
---ebpf-pid----448783----pid-1
---ebpf-pid----448783----pid-448783
---ebpf-pid----448783----pid-448520
---ebpf-pid----448783----pid-1
---ebpf-pid----448783----pid-448783
---ebpf-pid----448783----pid-448520
---ebpf-pid----448783----pid-1
---ebpf-pid----448783----pid-448783
---ebpf-pid----448783----pid-448520
---ebpf-pid----448783----pid-1
---ebpf-pid----448783----pid-448783
---ebpf-pid----448783----pid-448520
---ebpf-pid----448783----pid-1
---ebpf-pid----448783----pid-448783
---ebpf-pid----448783----pid-448520
---ebpf-pid----448783----pid-1
---ebpf-pid----448783----pid-448783
---ebpf-pid----448783----pid-448520
---ebpf-pid----448783----pid-1
---ebpf-pid----448783----pid-448783
---ebpf-pid----448783----pid-448520
---ebpf-pid----448783----pid-1
---ebpf-pid----448783----pid-448783
---ebpf-pid----448783----pid-448520
---ebpf-pid----448783----pid-1
---ebpf-pid----448783----pid-448783
---ebpf-pid----448783----pid-448520
---ebpf-pid----448783----pid-1
---ebpf-pid----448783----pid-448783
---ebpf-pid----448783----pid-448520
---ebpf-pid----448783----pid-1
---ebpf-pid----448783----pid-448783
---ebpf-pid----448783----pid-448520
---ebpf-pid----448783----pid-1
---ebpf-pid----448783----pid-448783
---ebpf-pid----448783----pid-448520
---ebpf-pid----448783----pid-1
---ebpf-pid----448783----pid-448783
---ebpf-pid----448783----pid-448520
---ebpf-pid----448783----pid-1
---ebpf-pid----5705----pid-5705
---ebpf-pid----5705----pid-5476
---ebpf-pid----5705----pid-1
---ebpf-pid----5705----pid-5705
---ebpf-pid----5705----pid-5476
---ebpf-pid----5705----pid-1
---ebpf-pid----448783----pid-448783
---ebpf-pid----448783----pid-448520
---ebpf-pid----448783----pid-1
---ebpf-pid----6362----pid-6362
---ebpf-pid----6362----pid-5980
---ebpf-pid----6362----pid-1
---ebpf-pid----5705----pid-5705
---ebpf-pid----5705----pid-5476
---ebpf-pid----5705----pid-1
---ebpf-pid----5705----pid-5705
---ebpf-pid----5705----pid-5476
---ebpf-pid----5705----pid-1
---ebpf-pid----448783----pid-448783
---ebpf-pid----448783----pid-448520
---ebpf-pid----448783----pid-1
---ebpf-pid----448783----pid-448783
---ebpf-pid----448783----pid-448520
---ebpf-pid----448783----pid-1
---ebpf-pid----448783----pid-448783
---ebpf-pid----448783----pid-448520
---ebpf-pid----448783----pid-1
---ebpf-pid----372714----pid-372714
---ebpf-pid----372714----pid-5476
---ebpf-pid----372714----pid-1
---ebpf-pid----372714----pid-372714
---ebpf-pid----372714----pid-5476
---ebpf-pid----372714----pid-1
---ebpf-pid----372714----pid-372714
---ebpf-pid----372714----pid-5476
---ebpf-pid----372714----pid-1
---ebpf-pid----448783----pid-448783
---ebpf-pid----448783----pid-448520
---ebpf-pid----448783----pid-1
---ebpf-pid----448783----pid-448783
---ebpf-pid----448783----pid-448520
---ebpf-pid----448783----pid-1
---ebpf-pid----448783----pid-448783
---ebpf-pid----448783----pid-448520
---ebpf-pid----448783----pid-1
---ebpf-pid----448783----pid-448783
---ebpf-pid----448783----pid-448520
---ebpf-pid----448783----pid-1
---ebpf-pid----448783----pid-448783
---ebpf-pid----448783----pid-448520
---ebpf-pid----448783----pid-1
---ebpf-pid----379067----pid-379067
---ebpf-pid----379067----pid-5476
---ebpf-pid----379067----pid-1
---ebpf-pid----379067----pid-379067
---ebpf-pid----379067----pid-5476
---ebpf-pid----379067----pid-1
---ebpf-pid----379067----pid-379067
---ebpf-pid----379067----pid-5476
---ebpf-pid----379067----pid-1
---ebpf-pid----379067----pid-379067
---ebpf-pid----379067----pid-5476
---ebpf-pid----379067----pid-1
---ebpf-pid----379067----pid-379067
---ebpf-pid----379067----pid-5476
---ebpf-pid----379067----pid-1
---ebpf-pid----379067----pid-379067
---ebpf-pid----379067----pid-5476
---ebpf-pid----379067----pid-1
---ebpf-pid----379067----pid-379067
---ebpf-pid----379067----pid-5476
---ebpf-pid----379067----pid-1
---ebpf-pid----379067----pid-379067
---ebpf-pid----379067----pid-5476
---ebpf-pid----379067----pid-1
---ebpf-pid----379067----pid-379067
---ebpf-pid----379067----pid-5476
---ebpf-pid----379067----pid-1
---ebpf-pid----448783----pid-448783
---ebpf-pid----448783----pid-448520
---ebpf-pid----448783----pid-1
---ebpf-pid----448783----pid-448783
---ebpf-pid----448783----pid-448520
---ebpf-pid----448783----pid-1
---ebpf-pid----379067----pid-379067
---ebpf-pid----379067----pid-5476
---ebpf-pid----379067----pid-1
---ebpf-pid----448783----pid-448783
---ebpf-pid----448783----pid-448520
---ebpf-pid----448783----pid-1
---ebpf-pid----448783----pid-448783
---ebpf-pid----448783----pid-448520
---ebpf-pid----448783----pid-1
---ebpf-pid----448783----pid-448783
---ebpf-pid----448783----pid-448520
---ebpf-pid----448783----pid-1
---ebpf-pid----448783----pid-448783
---ebpf-pid----448783----pid-448520
---ebpf-pid----448783----pid-1
---ebpf-pid----448783----pid-448783
---ebpf-pid----448783----pid-448520
---ebpf-pid----448783----pid-1
---ebpf-pid----5707----pid-5707
---ebpf-pid----5707----pid-5476
---ebpf-pid----5707----pid-1
---ebpf-pid----5707----pid-5707
---ebpf-pid----5707----pid-5476
---ebpf-pid----5707----pid-1
---ebpf-pid----5707----pid-5707
---ebpf-pid----5707----pid-5476
---ebpf-pid----5707----pid-1
---ebpf-pid----448783----pid-448783
---ebpf-pid----448783----pid-448520
---ebpf-pid----448783----pid-1
---ebpf-pid----448783----pid-448783
---ebpf-pid----448783----pid-448520
---ebpf-pid----448783----pid-1
---ebpf-pid----5707----pid-5707
---ebpf-pid----5707----pid-5476
---ebpf-pid----5707----pid-1
---ebpf-pid----448783----pid-448783
---ebpf-pid----448783----pid-448520
---ebpf-pid----448783----pid-1
---ebpf-pid----448783----pid-448783
---ebpf-pid----448783----pid-448520
---ebpf-pid----448783----pid-1
---ebpf-pid----448783----pid-448783
---ebpf-pid----448783----pid-448520
---ebpf-pid----448783----pid-1
---ebpf-pid----448783----pid-448783
---ebpf-pid----448783----pid-448520
---ebpf-pid----448783----pid-1
---ebpf-pid----448783----pid-448783
---ebpf-pid----448783----pid-448520
---ebpf-pid----448783----pid-1
---ebpf-pid----448783----pid-448783
---ebpf-pid----448783----pid-448520
---ebpf-pid----448783----pid-1
---ebpf-pid----15----pid-15
---ebpf-pid----15----pid-2
---ebpf-pid----448783----pid-448783
---ebpf-pid----448783----pid-448520
---ebpf-pid----448783----pid-1
---ebpf-pid----448783----pid-448783
---ebpf-pid----448783----pid-448520
---ebpf-pid----448783----pid-1
---ebpf-pid----448783----pid-448783
---ebpf-pid----448783----pid-448520
---ebpf-pid----448783----pid-1
---ebpf-pid----448783----pid-448783
---ebpf-pid----448783----pid-448520
---ebpf-pid----448783----pid-1
---ebpf-pid----448783----pid-448783
---ebpf-pid----448783----pid-448520
---ebpf-pid----448783----pid-1
---ebpf-pid----448783----pid-448783
---ebpf-pid----448783----pid-448520
---ebpf-pid----448783----pid-1
---ebpf-pid----448783----pid-448783
---ebpf-pid----448783----pid-448520
---ebpf-pid----448783----pid-1
---ebpf-pid----448783----pid-448783
---ebpf-pid----448783----pid-448520
---ebpf-pid----448783----pid-1
---ebpf-pid----448783----pid-448783
---ebpf-pid----448783----pid-448520
---ebpf-pid----448783----pid-1
---ebpf-pid----5707----pid-5707
---ebpf-pid----5707----pid-5476
---ebpf-pid----5707----pid-1
---ebpf-pid----5707----pid-5707
---ebpf-pid----5707----pid-5476
---ebpf-pid----5707----pid-1
---ebpf-pid----5707----pid-5707
---ebpf-pid----5707----pid-5476
---ebpf-pid----5707----pid-1
---ebpf-pid----5707----pid-5707
---ebpf-pid----5707----pid-5476
---ebpf-pid----5707----pid-1
---ebpf-pid----448783----pid-448783
---ebpf-pid----448783----pid-448520
---ebpf-pid----448783----pid-1
---ebpf-pid----5707----pid-5707
---ebpf-pid----5707----pid-5476
---ebpf-pid----5707----pid-1
---ebpf-pid----5707----pid-5707
---ebpf-pid----5707----pid-5476
---ebpf-pid----5707----pid-1
---ebpf-pid----5707----pid-5707
---ebpf-pid----5707----pid-5476
---ebpf-pid----5707----pid-1
---ebpf-pid----5707----pid-5707
---ebpf-pid----5707----pid-5476
---ebpf-pid----5707----pid-1
---ebpf-pid----5707----pid-5707
---ebpf-pid----5707----pid-5476
---ebpf-pid----5707----pid-1
---ebpf-pid----5707----pid-5707
---ebpf-pid----5707----pid-5476
---ebpf-pid----5707----pid-1
---ebpf-pid----5707----pid-5707
---ebpf-pid----5707----pid-5476
---ebpf-pid----5707----pid-1
---ebpf-pid----5707----pid-5707
---ebpf-pid----5707----pid-5476
---ebpf-pid----5707----pid-1
---ebpf-pid----5707----pid-5707
---ebpf-pid----5707----pid-5476
---ebpf-pid----5707----pid-1
---ebpf-pid----5707----pid-5707
---ebpf-pid----5707----pid-5476
---ebpf-pid----5707----pid-1
---ebpf-pid----372714----pid-372714
---ebpf-pid----372714----pid-5476
---ebpf-pid----372714----pid-1
---ebpf-pid----448783----pid-448783
---ebpf-pid----448783----pid-448520
---ebpf-pid----448783----pid-1
---ebpf-pid----379067----pid-379067
---ebpf-pid----379067----pid-5476
---ebpf-pid----379067----pid-1
---ebpf-pid----5707----pid-5707
---ebpf-pid----5707----pid-5476
---ebpf-pid----5707----pid-1
---ebpf-pid----5707----pid-5707
---ebpf-pid----5707----pid-5476
---ebpf-pid----5707----pid-1
---ebpf-pid----372714----pid-372714
---ebpf-pid----372714----pid-5476
---ebpf-pid----372714----pid-1
---ebpf-pid----372714----pid-372714
---ebpf-pid----372714----pid-5476
---ebpf-pid----372714----pid-1
---ebpf-pid----372714----pid-372714
---ebpf-pid----372714----pid-5476
---ebpf-pid----372714----pid-1
---ebpf-pid----448783----pid-448783
---ebpf-pid----448783----pid-448520
---ebpf-pid----448783----pid-1
---ebpf-pid----448783----pid-448783
---ebpf-pid----448783----pid-448520
---ebpf-pid----448783----pid-1
---ebpf-pid----448783----pid-448783
---ebpf-pid----448783----pid-448520
---ebpf-pid----448783----pid-1
---ebpf-pid----448783----pid-448783
---ebpf-pid----448783----pid-448520
---ebpf-pid----448783----pid-1
---ebpf-pid----372714----pid-372714
---ebpf-pid----372714----pid-5476
---ebpf-pid----372714----pid-1
---ebpf-pid----5705----pid-5705
---ebpf-pid----5705----pid-5476
---ebpf-pid----5705----pid-1
---ebpf-pid----372714----pid-372714
---ebpf-pid----372714----pid-5476
---ebpf-pid----372714----pid-1
---ebpf-pid----372714----pid-372714
---ebpf-pid----372714----pid-5476
---ebpf-pid----372714----pid-1
---ebpf-pid----448783----pid-448783
---ebpf-pid----448783----pid-448520
---ebpf-pid----448783----pid-1
---ebpf-pid----5705----pid-5705
---ebpf-pid----5705----pid-5476
---ebpf-pid----5705----pid-1
---ebpf-pid----5705----pid-5705
---ebpf-pid----5705----pid-5476
---ebpf-pid----5705----pid-1
---ebpf-pid----5705----pid-5705
---ebpf-pid----5705----pid-5476
---ebpf-pid----5705----pid-1
---ebpf-pid----448783----pid-448783
---ebpf-pid----448783----pid-448520
---ebpf-pid----448783----pid-1
---ebpf-pid----448783----pid-448783
---ebpf-pid----448783----pid-448520
---ebpf-pid----448783----pid-1
---ebpf-pid----5705----pid-5705
---ebpf-pid----5705----pid-5476
---ebpf-pid----5705----pid-1
---ebpf-pid----5705----pid-5705
---ebpf-pid----5705----pid-5476
---ebpf-pid----5705----pid-1
---ebpf-pid----448783----pid-448783
---ebpf-pid----448783----pid-448520
---ebpf-pid----448783----pid-1
---ebpf-pid----448783----pid-448783
---ebpf-pid----448783----pid-448520
---ebpf-pid----448783----pid-1
---ebpf-pid----448783----pid-448783
---ebpf-pid----448783----pid-448520
---ebpf-pid----448783----pid-1
---ebpf-pid----448783----pid-448783
---ebpf-pid----448783----pid-448520
---ebpf-pid----448783----pid-1
---ebpf-pid----448783----pid-448783
---ebpf-pid----448783----pid-448520
---ebpf-pid----448783----pid-1
---ebpf-pid----448783----pid-448783
---ebpf-pid----448783----pid-448520
---ebpf-pid----448783----pid-1
---ebpf-pid----7312----pid-7312
---ebpf-pid----7312----pid-1
---ebpf-pid----7312----pid-7312
---ebpf-pid----7312----pid-1
---ebpf-pid----7312----pid-7312
---ebpf-pid----7312----pid-1
---ebpf-pid----7312----pid-7312
---ebpf-pid----7312----pid-1
---ebpf-pid----7312----pid-7312
---ebpf-pid----7312----pid-1
---ebpf-pid----7312----pid-7312
---ebpf-pid----7312----pid-1
---ebpf-pid----7312----pid-7312
---ebpf-pid----7312----pid-1
---ebpf-pid----7312----pid-7312
---ebpf-pid----7312----pid-1
---ebpf-pid----7312----pid-7312
---ebpf-pid----7312----pid-1
---ebpf-pid----7312----pid-7312
---ebpf-pid----7312----pid-1
---ebpf-pid----7312----pid-7312
---ebpf-pid----7312----pid-1
---ebpf-pid----7312----pid-7312
---ebpf-pid----7312----pid-1
---ebpf-pid----7312----pid-7312
---ebpf-pid----7312----pid-1
---ebpf-pid----448783----pid-448783
---ebpf-pid----448783----pid-448520
---ebpf-pid----448783----pid-1
---ebpf-pid----448783----pid-448783
---ebpf-pid----448783----pid-448520
---ebpf-pid----448783----pid-1
---ebpf-pid----448783----pid-448783
---ebpf-pid----448783----pid-448520
---ebpf-pid----448783----pid-1
---ebpf-pid----448783----pid-448783
---ebpf-pid----448783----pid-448520
---ebpf-pid----448783----pid-1
---ebpf-pid----448783----pid-448783
---ebpf-pid----448783----pid-448520
---ebpf-pid----448783----pid-1
---ebpf-pid----448783----pid-448783
---ebpf-pid----448783----pid-448520
---ebpf-pid----448783----pid-1
---ebpf-pid----448783----pid-448783
---ebpf-pid----448783----pid-448520
---ebpf-pid----448783----pid-1
---ebpf-pid----448783----pid-448783
---ebpf-pid----448783----pid-448520
---ebpf-pid----448783----pid-1
---ebpf-pid----448783----pid-448783
---ebpf-pid----448783----pid-448520
---ebpf-pid----448783----pid-1
---ebpf-pid----379067----pid-379067
---ebpf-pid----379067----pid-5476
---ebpf-pid----379067----pid-1
---ebpf-pid----379067----pid-379067
---ebpf-pid----379067----pid-5476
---ebpf-pid----379067----pid-1
---ebpf-pid----379067----pid-379067
---ebpf-pid----379067----pid-5476
---ebpf-pid----379067----pid-1
---ebpf-pid----379067----pid-379067
---ebpf-pid----379067----pid-5476
---ebpf-pid----379067----pid-1
---ebpf-pid----379067----pid-379067
---ebpf-pid----379067----pid-5476
---ebpf-pid----379067----pid-1
---ebpf-pid----379067----pid-379067
---ebpf-pid----379067----pid-5476
---ebpf-pid----379067----pid-1
---ebpf-pid----379067----pid-379067
---ebpf-pid----379067----pid-5476
---ebpf-pid----379067----pid-1
---ebpf-pid----379067----pid-379067
---ebpf-pid----379067----pid-5476
---ebpf-pid----379067----pid-1
---ebpf-pid----379067----pid-379067
---ebpf-pid----379067----pid-5476
---ebpf-pid----379067----pid-1
---ebpf-pid----379067----pid-379067
---ebpf-pid----379067----pid-5476
---ebpf-pid----379067----pid-1
---ebpf-pid----379067----pid-379067
---ebpf-pid----379067----pid-5476
---ebpf-pid----379067----pid-1
---ebpf-pid----379067----pid-379067
---ebpf-pid----379067----pid-5476
---ebpf-pid----379067----pid-1
---ebpf-pid----379067----pid-379067
---ebpf-pid----379067----pid-5476
---ebpf-pid----379067----pid-1
---ebpf-pid----379067----pid-379067
---ebpf-pid----379067----pid-5476
---ebpf-pid----379067----pid-1
---ebpf-pid----379067----pid-379067
---ebpf-pid----379067----pid-5476
---ebpf-pid----379067----pid-1
---ebpf-pid----379067----pid-379067
---ebpf-pid----379067----pid-5476
---ebpf-pid----379067----pid-1
---ebpf-pid----379067----pid-379067
---ebpf-pid----379067----pid-5476
---ebpf-pid----379067----pid-1
---ebpf-pid----448546----pid-448546
---ebpf-pid----448546----pid-1
---ebpf-pid----448783----pid-448783
---ebpf-pid----448783----pid-448520
---ebpf-pid----448783----pid-1
---ebpf-pid----448783----pid-448783
---ebpf-pid----448783----pid-448520
---ebpf-pid----448783----pid-1
---ebpf-pid----448783----pid-448783
---ebpf-pid----448783----pid-448520
---ebpf-pid----448783----pid-1
---ebpf-pid----448783----pid-448783
---ebpf-pid----448783----pid-448520
---ebpf-pid----448783----pid-1
---ebpf-pid----448783----pid-448783
---ebpf-pid----448783----pid-448520
---ebpf-pid----448783----pid-1
---ebpf-pid----448783----pid-448783
---ebpf-pid----448783----pid-448520
---ebpf-pid----448783----pid-1
---ebpf-pid----448783----pid-448783
---ebpf-pid----448783----pid-448520
---ebpf-pid----448783----pid-1
---ebpf-pid----448783----pid-448783
---ebpf-pid----448783----pid-448520
---ebpf-pid----448783----pid-1
---ebpf-pid----448783----pid-448783
---ebpf-pid----448783----pid-448520
---ebpf-pid----448783----pid-1
---ebpf-pid----448783----pid-448783
---ebpf-pid----448783----pid-448520
---ebpf-pid----448783----pid-1
---ebpf-pid----448783----pid-448783
---ebpf-pid----448783----pid-448520
---ebpf-pid----448783----pid-1
---ebpf-pid----448783----pid-448783
---ebpf-pid----448783----pid-448520
---ebpf-pid----448783----pid-1
---ebpf-pid----448783----pid-448783
---ebpf-pid----448783----pid-448520
---ebpf-pid----448783----pid-1
---ebpf-pid----448783----pid-448783
---ebpf-pid----448783----pid-448520
---ebpf-pid----448783----pid-1
---ebpf-pid----448783----pid-448783
---ebpf-pid----448783----pid-448520
---ebpf-pid----448783----pid-1
---ebpf-pid----448783----pid-448783
---ebpf-pid----448783----pid-448520
---ebpf-pid----448783----pid-1
---ebpf-pid----448783----pid-448783
---ebpf-pid----448783----pid-448520
---ebpf-pid----448783----pid-1
---ebpf-pid----448783----pid-448783
---ebpf-pid----448783----pid-448520
---ebpf-pid----448783----pid-1
---ebpf-pid----448783----pid-448783
---ebpf-pid----448783----pid-448520
---ebpf-pid----448783----pid-1
---ebpf-pid----448783----pid-448783
---ebpf-pid----448783----pid-448520
---ebpf-pid----448783----pid-1
---ebpf-pid----448783----pid-448783
---ebpf-pid----448783----pid-448520
---ebpf-pid----448783----pid-1
---ebpf-pid----448783----pid-448783
---ebpf-pid----448783----pid-448520
---ebpf-pid----448783----pid-1
---ebpf-pid----448783----pid-448783
---ebpf-pid----448783----pid-448520
---ebpf-pid----448783----pid-1
---ebpf-pid----448783----pid-448783
---ebpf-pid----448783----pid-448520
---ebpf-pid----448783----pid-1
---ebpf-pid----448783----pid-448783
---ebpf-pid----448783----pid-448520
---ebpf-pid----448783----pid-1
---ebpf-pid----448783----pid-448783
---ebpf-pid----448783----pid-448520
---ebpf-pid----448783----pid-1
---ebpf-pid----448783----pid-448783
---ebpf-pid----448783----pid-448520
---ebpf-pid----448783----pid-1
---ebpf-pid----448783----pid-448783
---ebpf-pid----448783----pid-448520
---ebpf-pid----448783----pid-1
---ebpf-pid----448783----pid-448783
---ebpf-pid----448783----pid-448520
---ebpf-pid----448783----pid-1
---ebpf-pid----448783----pid-448783
---ebpf-pid----448783----pid-448520
---ebpf-pid----448783----pid-1
---ebpf-pid----372714----pid-372714
---ebpf-pid----372714----pid-5476
---ebpf-pid----372714----pid-1
---ebpf-pid----372714----pid-372714
---ebpf-pid----372714----pid-5476
---ebpf-pid----372714----pid-1
---ebpf-pid----372714----pid-372714
---ebpf-pid----372714----pid-5476
---ebpf-pid----372714----pid-1
---ebpf-pid----372714----pid-372714
---ebpf-pid----372714----pid-5476
---ebpf-pid----372714----pid-1
---ebpf-pid----372714----pid-372714
---ebpf-pid----372714----pid-5476
---ebpf-pid----372714----pid-1
---ebpf-pid----372714----pid-372714
---ebpf-pid----372714----pid-5476
---ebpf-pid----372714----pid-1
---ebpf-pid----372714----pid-372714
---ebpf-pid----372714----pid-5476
---ebpf-pid----372714----pid-1
---ebpf-pid----372714----pid-372714
---ebpf-pid----372714----pid-5476
---ebpf-pid----372714----pid-1
---ebpf-pid----372714----pid-372714
---ebpf-pid----372714----pid-5476
---ebpf-pid----372714----pid-1
---ebpf-pid----372714----pid-372714
---ebpf-pid----372714----pid-5476
---ebpf-pid----372714----pid-1
---ebpf-pid----372714----pid-372714
---ebpf-pid----372714----pid-5476
---ebpf-pid----372714----pid-1
---ebpf-pid----372714----pid-372714
---ebpf-pid----372714----pid-5476
---ebpf-pid----372714----pid-1
---ebpf-pid----372714----pid-372714
---ebpf-pid----372714----pid-5476
---ebpf-pid----372714----pid-1
---ebpf-pid----372714----pid-372714
---ebpf-pid----372714----pid-5476
---ebpf-pid----372714----pid-1
---ebpf-pid----372714----pid-372714
---ebpf-pid----372714----pid-5476
---ebpf-pid----372714----pid-1
---ebpf-pid----372714----pid-372714
---ebpf-pid----372714----pid-5476
---ebpf-pid----372714----pid-1
---ebpf-pid----372714----pid-372714
---ebpf-pid----372714----pid-5476
---ebpf-pid----372714----pid-1
---ebpf-pid----372714----pid-372714
---ebpf-pid----372714----pid-5476
---ebpf-pid----372714----pid-1
---ebpf-pid----372714----pid-372714
---ebpf-pid----372714----pid-5476
---ebpf-pid----372714----pid-1
---ebpf-pid----372714----pid-372714
---ebpf-pid----372714----pid-5476
---ebpf-pid----372714----pid-1
---ebpf-pid----2089----pid-2089
---ebpf-pid----2089----pid-1
---ebpf-pid----2089----pid-2089
---ebpf-pid----2089----pid-1
---ebpf-pid----2089----pid-2089
---ebpf-pid----2089----pid-1
---ebpf-pid----2089----pid-2089
---ebpf-pid----2089----pid-1
---ebpf-pid----2089----pid-2089
---ebpf-pid----2089----pid-1
---ebpf-pid----2089----pid-2089
---ebpf-pid----2089----pid-1
---ebpf-pid----2089----pid-2089
---ebpf-pid----2089----pid-1
---ebpf-pid----2089----pid-2089
---ebpf-pid----2089----pid-1
---ebpf-pid----2089----pid-2089
---ebpf-pid----2089----pid-1
---ebpf-pid----2089----pid-2089
---ebpf-pid----2089----pid-1
---ebpf-pid----2089----pid-2089
---ebpf-pid----2089----pid-1
---ebpf-pid----2089----pid-2089
---ebpf-pid----2089----pid-1
---ebpf-pid----2089----pid-2089
---ebpf-pid----2089----pid-1
---ebpf-pid----2089----pid-2089
---ebpf-pid----2089----pid-1
---ebpf-pid----372714----pid-372714
---ebpf-pid----372714----pid-5476
---ebpf-pid----372714----pid-1
---ebpf-pid----372714----pid-372714
---ebpf-pid----372714----pid-5476
---ebpf-pid----372714----pid-1
---ebpf-pid----372714----pid-372714
---ebpf-pid----372714----pid-5476
---ebpf-pid----372714----pid-1
---ebpf-pid----372714----pid-372714
---ebpf-pid----372714----pid-5476
---ebpf-pid----372714----pid-1
---ebpf-pid----372714----pid-372714
---ebpf-pid----372714----pid-5476
---ebpf-pid----372714----pid-1
---ebpf-pid----372714----pid-372714
---ebpf-pid----372714----pid-5476
---ebpf-pid----372714----pid-1
---ebpf-pid----372714----pid-372714
---ebpf-pid----372714----pid-5476
---ebpf-pid----372714----pid-1
---ebpf-pid----372714----pid-372714
---ebpf-pid----372714----pid-5476
---ebpf-pid----372714----pid-1
---ebpf-pid----372714----pid-372714
---ebpf-pid----372714----pid-5476
---ebpf-pid----372714----pid-1
---ebpf-pid----372714----pid-372714
---ebpf-pid----372714----pid-5476
---ebpf-pid----372714----pid-1
---ebpf-pid----372714----pid-372714
---ebpf-pid----372714----pid-5476
---ebpf-pid----372714----pid-1
---ebpf-pid----372714----pid-372714
---ebpf-pid----372714----pid-5476
---ebpf-pid----372714----pid-1
---ebpf-pid----372714----pid-372714
---ebpf-pid----372714----pid-5476
---ebpf-pid----372714----pid-1
---ebpf-pid----372714----pid-372714
---ebpf-pid----372714----pid-5476
---ebpf-pid----372714----pid-1
---ebpf-pid----372714----pid-372714
---ebpf-pid----372714----pid-5476
---ebpf-pid----372714----pid-1
---ebpf-pid----372714----pid-372714
---ebpf-pid----372714----pid-5476
---ebpf-pid----372714----pid-1
---ebpf-pid----372714----pid-372714
---ebpf-pid----372714----pid-5476
---ebpf-pid----372714----pid-1
---ebpf-pid----372714----pid-372714
---ebpf-pid----372714----pid-5476
---ebpf-pid----372714----pid-1
---ebpf-pid----372714----pid-372714
---ebpf-pid----372714----pid-5476
---ebpf-pid----372714----pid-1
---ebpf-pid----372714----pid-372714
---ebpf-pid----372714----pid-5476
---ebpf-pid----372714----pid-1
---ebpf-pid----7312----pid-7312
---ebpf-pid----7312----pid-1
---ebpf-pid----4716----pid-4716
---ebpf-pid----4716----pid-3323
---ebpf-pid----4716----pid-1
---ebpf-pid----372714----pid-372714
---ebpf-pid----372714----pid-5476
---ebpf-pid----372714----pid-1
---ebpf-pid----372714----pid-372714
---ebpf-pid----372714----pid-5476
---ebpf-pid----372714----pid-1
---ebpf-pid----372714----pid-372714
---ebpf-pid----372714----pid-5476
---ebpf-pid----372714----pid-1
---ebpf-pid----372714----pid-372714
---ebpf-pid----372714----pid-5476
---ebpf-pid----372714----pid-1
---ebpf-pid----372714----pid-372714
---ebpf-pid----372714----pid-5476
---ebpf-pid----372714----pid-1
---ebpf-pid----372714----pid-372714
---ebpf-pid----372714----pid-5476
---ebpf-pid----372714----pid-1
---ebpf-pid----372714----pid-372714
---ebpf-pid----372714----pid-5476
---ebpf-pid----372714----pid-1
---ebpf-pid----372714----pid-372714
---ebpf-pid----372714----pid-5476
---ebpf-pid----372714----pid-1
---ebpf-pid----372714----pid-372714
---ebpf-pid----372714----pid-5476
---ebpf-pid----372714----pid-1
---ebpf-pid----372714----pid-372714
---ebpf-pid----372714----pid-5476
---ebpf-pid----372714----pid-1
---ebpf-pid----372714----pid-372714
---ebpf-pid----372714----pid-5476
---ebpf-pid----372714----pid-1
---ebpf-pid----372714----pid-372714
---ebpf-pid----372714----pid-5476
---ebpf-pid----372714----pid-1
---ebpf-pid----372714----pid-372714
---ebpf-pid----372714----pid-5476
---ebpf-pid----372714----pid-1
---ebpf-pid----372714----pid-372714
---ebpf-pid----372714----pid-5476
---ebpf-pid----372714----pid-1
---ebpf-pid----372714----pid-372714
---ebpf-pid----372714----pid-5476
---ebpf-pid----372714----pid-1
---ebpf-pid----372714----pid-372714
---ebpf-pid----372714----pid-5476
---ebpf-pid----372714----pid-1
---ebpf-pid----372714----pid-372714
---ebpf-pid----372714----pid-5476
---ebpf-pid----372714----pid-1
---ebpf-pid----372714----pid-372714
---ebpf-pid----372714----pid-5476
---ebpf-pid----372714----pid-1
---ebpf-pid----372714----pid-372714
---ebpf-pid----372714----pid-5476
---ebpf-pid----372714----pid-1
---ebpf-pid----4716----pid-4716
---ebpf-pid----4716----pid-3323
---ebpf-pid----4716----pid-1
---ebpf-pid----4716----pid-4716
---ebpf-pid----4716----pid-3323
---ebpf-pid----4716----pid-1
---ebpf-pid----4716----pid-4716
---ebpf-pid----4716----pid-3323
---ebpf-pid----4716----pid-1
---ebpf-pid----4716----pid-4716
---ebpf-pid----4716----pid-3323
---ebpf-pid----4716----pid-1
---ebpf-pid----448783----pid-448783
---ebpf-pid----448783----pid-448520
---ebpf-pid----448783----pid-1
---ebpf-pid----448783----pid-448783
---ebpf-pid----448783----pid-448520
---ebpf-pid----448783----pid-1
---ebpf-pid----448783----pid-448783
---ebpf-pid----448783----pid-448520
---ebpf-pid----448783----pid-1
---ebpf-pid----448783----pid-448783
---ebpf-pid----448783----pid-448520
---ebpf-pid----448783----pid-1
---ebpf-pid----448783----pid-448783
---ebpf-pid----448783----pid-448520
---ebpf-pid----448783----pid-1
---ebpf-pid----448783----pid-448783
---ebpf-pid----448783----pid-448520
---ebpf-pid----448783----pid-1
---ebpf-pid----448783----pid-448783
---ebpf-pid----448783----pid-448520
---ebpf-pid----448783----pid-1
---ebpf-pid----448783----pid-448783
---ebpf-pid----448783----pid-448520
---ebpf-pid----448783----pid-1
---ebpf-pid----448783----pid-448783
---ebpf-pid----448783----pid-448520
---ebpf-pid----448783----pid-1
---ebpf-pid----448783----pid-448783
---ebpf-pid----448783----pid-448520
---ebpf-pid----448783----pid-1
---ebpf-pid----448783----pid-448783
---ebpf-pid----448783----pid-448520
---ebpf-pid----448783----pid-1
---ebpf-pid----448783----pid-448783
---ebpf-pid----448783----pid-448520
---ebpf-pid----448783----pid-1
---ebpf-pid----448783----pid-448783
---ebpf-pid----448783----pid-448520
---ebpf-pid----448783----pid-1
---ebpf-pid----448783----pid-448783
---ebpf-pid----448783----pid-448520
---ebpf-pid----448783----pid-1
---ebpf-pid----448783----pid-448783
---ebpf-pid----448783----pid-448520
---ebpf-pid----448783----pid-1
---ebpf-pid----448783----pid-448783
---ebpf-pid----448783----pid-448520
---ebpf-pid----448783----pid-1
---ebpf-pid----5705----pid-5705
---ebpf-pid----5705----pid-5476
---ebpf-pid----5705----pid-1
---ebpf-pid----5705----pid-5705
---ebpf-pid----5705----pid-5476
---ebpf-pid----5705----pid-1
---ebpf-pid----448783----pid-448783
---ebpf-pid----448783----pid-448520
---ebpf-pid----448783----pid-1
---ebpf-pid----448783----pid-448783
---ebpf-pid----448783----pid-448520
---ebpf-pid----448783----pid-1
---ebpf-pid----448783----pid-448783
---ebpf-pid----448783----pid-448520
---ebpf-pid----448783----pid-1
---ebpf-pid----448783----pid-448783
---ebpf-pid----448783----pid-448520
---ebpf-pid----448783----pid-1
---ebpf-pid----448783----pid-448783
---ebpf-pid----448783----pid-448520
---ebpf-pid----448783----pid-1
---ebpf-pid----448783----pid-448783
---ebpf-pid----448783----pid-448520
---ebpf-pid----448783----pid-1
---ebpf-pid----448783----pid-448783
---ebpf-pid----448783----pid-448520
---ebpf-pid----448783----pid-1
---ebpf-pid----448783----pid-448783
---ebpf-pid----448783----pid-448520
---ebpf-pid----448783----pid-1
---ebpf-pid----448783----pid-448783
---ebpf-pid----448783----pid-448520
---ebpf-pid----448783----pid-1
---ebpf-pid----448783----pid-448783
---ebpf-pid----448783----pid-448520
---ebpf-pid----448783----pid-1
---ebpf-pid----448783----pid-448783
---ebpf-pid----448783----pid-448520
---ebpf-pid----448783----pid-1
---ebpf-pid----448783----pid-448783
---ebpf-pid----448783----pid-448520
---ebpf-pid----448783----pid-1
---ebpf-pid----448783----pid-448783
---ebpf-pid----448783----pid-448520
---ebpf-pid----448783----pid-1
---ebpf-pid----448783----pid-448783
---ebpf-pid----448783----pid-448520
---ebpf-pid----448783----pid-1
---ebpf-pid----448783----pid-448783
---ebpf-pid----448783----pid-448520
---ebpf-pid----448783----pid-1
---ebpf-pid----448783----pid-448783
---ebpf-pid----448783----pid-448520
---ebpf-pid----448783----pid-1
---ebpf-pid----448783----pid-448783
---ebpf-pid----448783----pid-448520
---ebpf-pid----448783----pid-1
---ebpf-pid----448783----pid-448783
---ebpf-pid----448783----pid-448520
---ebpf-pid----448783----pid-1
---ebpf-pid----448783----pid-448783
---ebpf-pid----448783----pid-448520
---ebpf-pid----448783----pid-1
---ebpf-pid----448783----pid-448783
---ebpf-pid----448783----pid-448520
---ebpf-pid----448783----pid-1
---ebpf-pid----379067----pid-379067
---ebpf-pid----379067----pid-5476
---ebpf-pid----379067----pid-1
---ebpf-pid----379067----pid-379067
---ebpf-pid----379067----pid-5476
---ebpf-pid----379067----pid-1
---ebpf-pid----379067----pid-379067
---ebpf-pid----379067----pid-5476
---ebpf-pid----379067----pid-1
---ebpf-pid----379067----pid-379067
---ebpf-pid----379067----pid-5476
---ebpf-pid----379067----pid-1
---ebpf-pid----379067----pid-379067
---ebpf-pid----379067----pid-5476
---ebpf-pid----379067----pid-1
---ebpf-pid----448783----pid-448783
---ebpf-pid----448783----pid-448520
---ebpf-pid----448783----pid-1
---ebpf-pid----448783----pid-448783
---ebpf-pid----448783----pid-448520
---ebpf-pid----448783----pid-1
---ebpf-pid----379067----pid-379067
---ebpf-pid----379067----pid-5476
---ebpf-pid----379067----pid-1
---ebpf-pid----379067----pid-379067
---ebpf-pid----379067----pid-5476
---ebpf-pid----379067----pid-1
---ebpf-pid----379067----pid-379067
---ebpf-pid----379067----pid-5476
---ebpf-pid----379067----pid-1
---ebpf-pid----379067----pid-379067
---ebpf-pid----379067----pid-5476
---ebpf-pid----379067----pid-1
---ebpf-pid----448783----pid-448783
---ebpf-pid----448783----pid-448520
---ebpf-pid----448783----pid-1
---ebpf-pid----448783----pid-448783
---ebpf-pid----448783----pid-448520
---ebpf-pid----448783----pid-1
---ebpf-pid----448783----pid-448783
---ebpf-pid----448783----pid-448520
---ebpf-pid----448783----pid-1
---ebpf-pid----448783----pid-448783
---ebpf-pid----448783----pid-448520
---ebpf-pid----448783----pid-1
---ebpf-pid----448783----pid-448783
---ebpf-pid----448783----pid-448520
---ebpf-pid----448783----pid-1
---ebpf-pid----448783----pid-448783
---ebpf-pid----448783----pid-448520
---ebpf-pid----448783----pid-1
---ebpf-pid----448783----pid-448783
---ebpf-pid----448783----pid-448520
---ebpf-pid----448783----pid-1
---ebpf-pid----15----pid-15
---ebpf-pid----15----pid-2
---ebpf-pid----448783----pid-448783
---ebpf-pid----448783----pid-448520
---ebpf-pid----448783----pid-1
---ebpf-pid----448783----pid-448783
---ebpf-pid----448783----pid-448520
---ebpf-pid----448783----pid-1
---ebpf-pid----448783----pid-448783
---ebpf-pid----448783----pid-448520
---ebpf-pid----448783----pid-1
---ebpf-pid----448783----pid-448783
---ebpf-pid----448783----pid-448520
---ebpf-pid----448783----pid-1
---ebpf-pid----448783----pid-448783
---ebpf-pid----448783----pid-448520
---ebpf-pid----448783----pid-1
---ebpf-pid----448783----pid-448783
---ebpf-pid----448783----pid-448520
---ebpf-pid----448783----pid-1
---ebpf-pid----448783----pid-448783
---ebpf-pid----448783----pid-448520
---ebpf-pid----448783----pid-1
---ebpf-pid----379067----pid-379067
---ebpf-pid----379067----pid-5476
---ebpf-pid----379067----pid-1
---ebpf-pid----379067----pid-379067
---ebpf-pid----379067----pid-5476
---ebpf-pid----379067----pid-1
---ebpf-pid----379067----pid-379067
---ebpf-pid----379067----pid-5476
---ebpf-pid----379067----pid-1
---ebpf-pid----379067----pid-379067
---ebpf-pid----379067----pid-5476
---ebpf-pid----379067----pid-1
---ebpf-pid----379067----pid-379067
---ebpf-pid----379067----pid-5476
---ebpf-pid----379067----pid-1
---ebpf-pid----379067----pid-379067
---ebpf-pid----379067----pid-5476
---ebpf-pid----379067----pid-1
---ebpf-pid----379067----pid-379067
---ebpf-pid----379067----pid-5476
---ebpf-pid----379067----pid-1
---ebpf-pid----448783----pid-448783
---ebpf-pid----448783----pid-448520
---ebpf-pid----448783----pid-1
---ebpf-pid----448783----pid-448783
---ebpf-pid----448783----pid-448520
---ebpf-pid----448783----pid-1
---ebpf-pid----5707----pid-5707
---ebpf-pid----5707----pid-5476
---ebpf-pid----5707----pid-1
---ebpf-pid----5707----pid-5707
---ebpf-pid----5707----pid-5476
---ebpf-pid----5707----pid-1
---ebpf-pid----5707----pid-5707
---ebpf-pid----5707----pid-5476
---ebpf-pid----5707----pid-1
---ebpf-pid----5707----pid-5707
---ebpf-pid----5707----pid-5476
---ebpf-pid----5707----pid-1
---ebpf-pid----5707----pid-5707
---ebpf-pid----5707----pid-5476
---ebpf-pid----5707----pid-1
---ebpf-pid----5707----pid-5707
---ebpf-pid----5707----pid-5476
---ebpf-pid----5707----pid-1
---ebpf-pid----5707----pid-5707
---ebpf-pid----5707----pid-5476
---ebpf-pid----5707----pid-1
---ebpf-pid----5707----pid-5707
---ebpf-pid----5707----pid-5476
---ebpf-pid----5707----pid-1
---ebpf-pid----5707----pid-5707
---ebpf-pid----5707----pid-5476
---ebpf-pid----5707----pid-1
---ebpf-pid----5707----pid-5707
---ebpf-pid----5707----pid-5476
---ebpf-pid----5707----pid-1
---ebpf-pid----5707----pid-5707
---ebpf-pid----5707----pid-5476
---ebpf-pid----5707----pid-1
---ebpf-pid----5707----pid-5707
---ebpf-pid----5707----pid-5476
---ebpf-pid----5707----pid-1
---ebpf-pid----5707----pid-5707
---ebpf-pid----5707----pid-5476
---ebpf-pid----5707----pid-1
---ebpf-pid----5707----pid-5707
---ebpf-pid----5707----pid-5476
---ebpf-pid----5707----pid-1
---ebpf-pid----448783----pid-448783
---ebpf-pid----448783----pid-448520
---ebpf-pid----448783----pid-1
---ebpf-pid----448783----pid-448783
---ebpf-pid----448783----pid-448520
---ebpf-pid----448783----pid-1
---ebpf-pid----5707----pid-5707
---ebpf-pid----5707----pid-5476
---ebpf-pid----5707----pid-1
---ebpf-pid----5707----pid-5707
---ebpf-pid----5707----pid-5476
---ebpf-pid----5707----pid-1
---ebpf-pid----5707----pid-5707
---ebpf-pid----5707----pid-5476
---ebpf-pid----5707----pid-1
---ebpf-pid----5707----pid-5707
---ebpf-pid----5707----pid-5476
---ebpf-pid----5707----pid-1
---ebpf-pid----5707----pid-5707
---ebpf-pid----5707----pid-5476
---ebpf-pid----5707----pid-1
---ebpf-pid----5707----pid-5707
---ebpf-pid----5707----pid-5476
---ebpf-pid----5707----pid-1
---ebpf-pid----5707----pid-5707
---ebpf-pid----5707----pid-5476
---ebpf-pid----5707----pid-1
---ebpf-pid----5705----pid-5705
---ebpf-pid----5705----pid-5476
---ebpf-pid----5705----pid-1
---ebpf-pid----5707----pid-5707
---ebpf-pid----5707----pid-5476
---ebpf-pid----5707----pid-1
---ebpf-pid----5707----pid-5707
---ebpf-pid----5707----pid-5476
---ebpf-pid----5707----pid-1
---ebpf-pid----5707----pid-5707
---ebpf-pid----5707----pid-5476
---ebpf-pid----5707----pid-1
---ebpf-pid----448783----pid-448783
---ebpf-pid----448783----pid-448520
---ebpf-pid----448783----pid-1
---ebpf-pid----448783----pid-448783
---ebpf-pid----448783----pid-448520
---ebpf-pid----448783----pid-1
---ebpf-pid----448783----pid-448783
---ebpf-pid----448783----pid-448520
---ebpf-pid----448783----pid-1
---ebpf-pid----448783----pid-448783
---ebpf-pid----448783----pid-448520
---ebpf-pid----448783----pid-1
---ebpf-pid----448783----pid-448783
---ebpf-pid----448783----pid-448520
---ebpf-pid----448783----pid-1
---ebpf-pid----5707----pid-5707
---ebpf-pid----5707----pid-5476
---ebpf-pid----5707----pid-1
---ebpf-pid----5707----pid-5707
---ebpf-pid----5707----pid-5476
---ebpf-pid----5707----pid-1
---ebpf-pid----5707----pid-5707
---ebpf-pid----5707----pid-5476
---ebpf-pid----5707----pid-1
---ebpf-pid----5707----pid-5707
---ebpf-pid----5707----pid-5476
---ebpf-pid----5707----pid-1
---ebpf-pid----5707----pid-5707
---ebpf-pid----5707----pid-5476
---ebpf-pid----5707----pid-1
---ebpf-pid----5707----pid-5707
---ebpf-pid----5707----pid-5476
---ebpf-pid----5707----pid-1
---ebpf-pid----5707----pid-5707
---ebpf-pid----5707----pid-5476
---ebpf-pid----5707----pid-1
---ebpf-pid----5707----pid-5707
---ebpf-pid----5707----pid-5476
---ebpf-pid----5707----pid-1
---ebpf-pid----5707----pid-5707
---ebpf-pid----5707----pid-5476
---ebpf-pid----5707----pid-1
---ebpf-pid----5707----pid-5707
---ebpf-pid----5707----pid-5476
---ebpf-pid----5707----pid-1
---ebpf-pid----5707----pid-5707
---ebpf-pid----5707----pid-5476
---ebpf-pid----5707----pid-1
---ebpf-pid----5707----pid-5707
---ebpf-pid----5707----pid-5476
---ebpf-pid----5707----pid-1
---ebpf-pid----448783----pid-448783
---ebpf-pid----448783----pid-448520
---ebpf-pid----448783----pid-1
---ebpf-pid----448783----pid-448783
---ebpf-pid----448783----pid-448520
---ebpf-pid----448783----pid-1
---ebpf-pid----5707----pid-5707
---ebpf-pid----5707----pid-5476
---ebpf-pid----5707----pid-1
---ebpf-pid----5707----pid-5707
---ebpf-pid----5707----pid-5476
---ebpf-pid----5707----pid-1
---ebpf-pid----5707----pid-5707
---ebpf-pid----5707----pid-5476
---ebpf-pid----5707----pid-1
---ebpf-pid----5707----pid-5707
---ebpf-pid----5707----pid-5476
---ebpf-pid----5707----pid-1
---ebpf-pid----5707----pid-5707
---ebpf-pid----5707----pid-5476
---ebpf-pid----5707----pid-1
---ebpf-pid----5707----pid-5707
---ebpf-pid----5707----pid-5476
---ebpf-pid----5707----pid-1
---ebpf-pid----448783----pid-448783
---ebpf-pid----448783----pid-448520
---ebpf-pid----448783----pid-1
---ebpf-pid----448783----pid-448783
---ebpf-pid----448783----pid-448520
---ebpf-pid----448783----pid-1
---ebpf-pid----5707----pid-5707
---ebpf-pid----5707----pid-5476
---ebpf-pid----5707----pid-1
---ebpf-pid----5707----pid-5707
---ebpf-pid----5707----pid-5476
---ebpf-pid----5707----pid-1
---ebpf-pid----5707----pid-5707
---ebpf-pid----5707----pid-5476
---ebpf-pid----5707----pid-1
---ebpf-pid----5707----pid-5707
---ebpf-pid----5707----pid-5476
---ebpf-pid----5707----pid-1
---ebpf-pid----5707----pid-5707
---ebpf-pid----5707----pid-5476
---ebpf-pid----5707----pid-1
---ebpf-pid----5707----pid-5707
---ebpf-pid----5707----pid-5476
---ebpf-pid----5707----pid-1
---ebpf-pid----5707----pid-5707
---ebpf-pid----5707----pid-5476
---ebpf-pid----5707----pid-1
---ebpf-pid----5707----pid-5707
---ebpf-pid----5707----pid-5476
---ebpf-pid----5707----pid-1
---ebpf-pid----5707----pid-5707
---ebpf-pid----5707----pid-5476
---ebpf-pid----5707----pid-1
---ebpf-pid----448783----pid-448783
---ebpf-pid----448783----pid-448520
---ebpf-pid----448783----pid-1
---ebpf-pid----448783----pid-448783
---ebpf-pid----448783----pid-448520
---ebpf-pid----448783----pid-1
---ebpf-pid----5707----pid-5707
---ebpf-pid----5707----pid-5476
---ebpf-pid----5707----pid-1
---ebpf-pid----5707----pid-5707
---ebpf-pid----5707----pid-5476
---ebpf-pid----5707----pid-1
---ebpf-pid----5707----pid-5707
---ebpf-pid----5707----pid-5476
---ebpf-pid----5707----pid-1
---ebpf-pid----5707----pid-5707
---ebpf-pid----5707----pid-5476
---ebpf-pid----5707----pid-1
---ebpf-pid----448783----pid-448783
---ebpf-pid----448783----pid-448520
---ebpf-pid----448783----pid-1
---ebpf-pid----448783----pid-448783
---ebpf-pid----448783----pid-448520
---ebpf-pid----448783----pid-1
---ebpf-pid----448783----pid-448783
---ebpf-pid----448783----pid-448520
---ebpf-pid----448783----pid-1
---ebpf-pid----448783----pid-448783
---ebpf-pid----448783----pid-448520
---ebpf-pid----448783----pid-1
---ebpf-pid----448783----pid-448783
---ebpf-pid----448783----pid-448520
---ebpf-pid----448783----pid-1
---ebpf-pid----448783----pid-448783
---ebpf-pid----448783----pid-448520
---ebpf-pid----448783----pid-1
---ebpf-pid----379067----pid-379067
---ebpf-pid----379067----pid-5476
---ebpf-pid----379067----pid-1
---ebpf-pid----379067----pid-379067
---ebpf-pid----379067----pid-5476
---ebpf-pid----379067----pid-1
---ebpf-pid----379067----pid-379067
---ebpf-pid----379067----pid-5476
---ebpf-pid----379067----pid-1
---ebpf-pid----379067----pid-379067
---ebpf-pid----379067----pid-5476
---ebpf-pid----379067----pid-1
---ebpf-pid----379067----pid-379067
---ebpf-pid----379067----pid-5476
---ebpf-pid----379067----pid-1
---ebpf-pid----379067----pid-379067
---ebpf-pid----379067----pid-5476
---ebpf-pid----379067----pid-1
---ebpf-pid----448783----pid-448783
---ebpf-pid----448783----pid-448520
---ebpf-pid----448783----pid-1
---ebpf-pid----448783----pid-448783
---ebpf-pid----448783----pid-448520
---ebpf-pid----448783----pid-1
---ebpf-pid----379067----pid-379067
---ebpf-pid----379067----pid-5476
---ebpf-pid----379067----pid-1
---ebpf-pid----379067----pid-379067
---ebpf-pid----379067----pid-5476
---ebpf-pid----379067----pid-1
---ebpf-pid----379067----pid-379067
---ebpf-pid----379067----pid-5476
---ebpf-pid----379067----pid-1
---ebpf-pid----448783----pid-448783
---ebpf-pid----448783----pid-448520
---ebpf-pid----448783----pid-1
---ebpf-pid----448783----pid-448783
---ebpf-pid----448783----pid-448520
---ebpf-pid----448783----pid-1
---ebpf-pid----448783----pid-448783
---ebpf-pid----448783----pid-448520
---ebpf-pid----448783----pid-1
---ebpf-pid----448783----pid-448783
---ebpf-pid----448783----pid-448520
---ebpf-pid----448783----pid-1
---ebpf-pid----448783----pid-448783
---ebpf-pid----448783----pid-448520
---ebpf-pid----448783----pid-1
---ebpf-pid----448783----pid-448783
---ebpf-pid----448783----pid-448520
---ebpf-pid----448783----pid-1
---ebpf-pid----448783----pid-448783
---ebpf-pid----448783----pid-448520
---ebpf-pid----448783----pid-1
---ebpf-pid----448783----pid-448783
---ebpf-pid----448783----pid-448520
---ebpf-pid----448783----pid-1
---ebpf-pid----5705----pid-5705
---ebpf-pid----5705----pid-5476
---ebpf-pid----5705----pid-1
---ebpf-pid----5705----pid-5705
---ebpf-pid----5705----pid-5476
---ebpf-pid----5705----pid-1
---ebpf-pid----5614----pid-5614
---ebpf-pid----5614----pid-1
---ebpf-pid----5614----pid-5614
---ebpf-pid----5614----pid-1
---ebpf-pid----5614----pid-5614
---ebpf-pid----5614----pid-1
---ebpf-pid----5614----pid-5614
---ebpf-pid----5614----pid-1
---ebpf-pid----5637----pid-5637
---ebpf-pid----5637----pid-1
---ebpf-pid----448522----pid-448522
---ebpf-pid----448522----pid-1
---ebpf-pid----5614----pid-5614
---ebpf-pid----5614----pid-1
---ebpf-pid----5614----pid-5614
---ebpf-pid----5614----pid-1
---ebpf-pid----5614----pid-5614
---ebpf-pid----5614----pid-1
---ebpf-pid----448522----pid-448522
---ebpf-pid----448522----pid-1
---ebpf-pid----5614----pid-5614
---ebpf-pid----5614----pid-1
---ebpf-pid----5637----pid-5637
---ebpf-pid----5637----pid-1
---ebpf-pid----448522----pid-448522
---ebpf-pid----448522----pid-1
---ebpf-pid----5637----pid-5637
---ebpf-pid----5637----pid-1
---ebpf-pid----5637----pid-5637
---ebpf-pid----5637----pid-1
---ebpf-pid----448522----pid-448522
---ebpf-pid----448522----pid-1
---ebpf-pid----448783----pid-448783
---ebpf-pid----448783----pid-448520
---ebpf-pid----448783----pid-1
---ebpf-pid----448783----pid-448783
---ebpf-pid----448783----pid-448520
---ebpf-pid----448783----pid-1
---ebpf-pid----448783----pid-448783
---ebpf-pid----448783----pid-448520
---ebpf-pid----448783----pid-1
---ebpf-pid----448783----pid-448783
---ebpf-pid----448783----pid-448520
---ebpf-pid----448783----pid-1
---ebpf-pid----448783----pid-448783
---ebpf-pid----448783----pid-448520
---ebpf-pid----448783----pid-1
---ebpf-pid----448783----pid-448783
---ebpf-pid----448783----pid-448520
---ebpf-pid----448783----pid-1
---ebpf-pid----448783----pid-448783
---ebpf-pid----448783----pid-448520
---ebpf-pid----448783----pid-1
---ebpf-pid----448783----pid-448783
---ebpf-pid----448783----pid-448520
---ebpf-pid----448783----pid-1
---ebpf-pid----448783----pid-448783
---ebpf-pid----448783----pid-448520
---ebpf-pid----448783----pid-1
---ebpf-pid----448783----pid-448783
---ebpf-pid----448783----pid-448520
---ebpf-pid----448783----pid-1
---ebpf-pid----448783----pid-448783
---ebpf-pid----448783----pid-448520
---ebpf-pid----448783----pid-1
---ebpf-pid----448783----pid-448783
---ebpf-pid----448783----pid-448520
---ebpf-pid----448783----pid-1
---ebpf-pid----448783----pid-448783
---ebpf-pid----448783----pid-448520
---ebpf-pid----448783----pid-1
---ebpf-pid----448783----pid-448783
---ebpf-pid----448783----pid-448520
---ebpf-pid----448783----pid-1
---ebpf-pid----448783----pid-448783
---ebpf-pid----448783----pid-448520
---ebpf-pid----448783----pid-1
---ebpf-pid----448783----pid-448783
---ebpf-pid----448783----pid-448520
---ebpf-pid----448783----pid-1
---ebpf-pid----448783----pid-448783
---ebpf-pid----448783----pid-448520
---ebpf-pid----448783----pid-1
---ebpf-pid----5638----pid-5638
---ebpf-pid----5638----pid-1
---ebpf-pid----5638----pid-5638
---ebpf-pid----5638----pid-1
---ebpf-pid----2089----pid-2089
---ebpf-pid----2089----pid-1
---ebpf-pid----2089----pid-2089
---ebpf-pid----2089----pid-1
---ebpf-pid----2012----pid-2012
---ebpf-pid----2012----pid-1
---ebpf-pid----2089----pid-2089
---ebpf-pid----2089----pid-1
---ebpf-pid----2089----pid-2089
---ebpf-pid----2089----pid-1
---ebpf-pid----2089----pid-2089
---ebpf-pid----2089----pid-1
---ebpf-pid----2089----pid-2089
---ebpf-pid----2089----pid-1
---ebpf-pid----2089----pid-2089
---ebpf-pid----2089----pid-1
---ebpf-pid----2089----pid-2089
---ebpf-pid----2089----pid-1
---ebpf-pid----2012----pid-2012
---ebpf-pid----2012----pid-1
---ebpf-pid----2012----pid-2012
---ebpf-pid----2012----pid-1
---ebpf-pid----2012----pid-2012
---ebpf-pid----2012----pid-1
---ebpf-pid----2012----pid-2012
---ebpf-pid----2012----pid-1
---ebpf-pid----2012----pid-2012
---ebpf-pid----2012----pid-1
---ebpf-pid----2088----pid-2088
---ebpf-pid----2088----pid-1
---ebpf-pid----7312----pid-7312
---ebpf-pid----7312----pid-1
---ebpf-pid----2012----pid-2012
---ebpf-pid----2012----pid-1
---ebpf-pid----2012----pid-2012
---ebpf-pid----2012----pid-1
---ebpf-pid----2012----pid-2012
---ebpf-pid----2012----pid-1
---ebpf-pid----2012----pid-2012
---ebpf-pid----2012----pid-1
---ebpf-pid----5638----pid-5638
---ebpf-pid----5638----pid-1
---ebpf-pid----2012----pid-2012
---ebpf-pid----2012----pid-1
---ebpf-pid----2012----pid-2012
---ebpf-pid----2012----pid-1
---ebpf-pid----2012----pid-2012
---ebpf-pid----2012----pid-1
---ebpf-pid----2012----pid-2012
---ebpf-pid----2012----pid-1
---ebpf-pid----2012----pid-2012
---ebpf-pid----2012----pid-1
---ebpf-pid----5637----pid-5637
---ebpf-pid----5637----pid-1
---ebpf-pid----2012----pid-2012
---ebpf-pid----2012----pid-1
---ebpf-pid----2012----pid-2012
---ebpf-pid----2012----pid-1
---ebpf-pid----2012----pid-2012
---ebpf-pid----2012----pid-1
---ebpf-pid----2012----pid-2012
---ebpf-pid----2012----pid-1
---ebpf-pid----5637----pid-5637
---ebpf-pid----5637----pid-1
---ebpf-pid----2012----pid-2012
---ebpf-pid----2012----pid-1
---ebpf-pid----2012----pid-2012
---ebpf-pid----2012----pid-1
---ebpf-pid----2012----pid-2012
---ebpf-pid----2012----pid-1
---ebpf-pid----2012----pid-2012
---ebpf-pid----2012----pid-1
---ebpf-pid----2012----pid-2012
---ebpf-pid----2012----pid-1
---ebpf-pid----2012----pid-2012
---ebpf-pid----2012----pid-1
---ebpf-pid----2012----pid-2012
---ebpf-pid----2012----pid-1
---ebpf-pid----2012----pid-2012
---ebpf-pid----2012----pid-1
---ebpf-pid----2012----pid-2012
---ebpf-pid----2012----pid-1
---ebpf-pid----5637----pid-5637
---ebpf-pid----5637----pid-1
---ebpf-pid----2012----pid-2012
---ebpf-pid----2012----pid-1
---ebpf-pid----2012----pid-2012
---ebpf-pid----2012----pid-1
---ebpf-pid----2012----pid-2012
---ebpf-pid----2012----pid-1
---ebpf-pid----2012----pid-2012
---ebpf-pid----2012----pid-1
---ebpf-pid----7312----pid-7312
---ebpf-pid----7312----pid-1
---ebpf-pid----2012----pid-2012
---ebpf-pid----2012----pid-1
---ebpf-pid----2012----pid-2012
---ebpf-pid----2012----pid-1
---ebpf-pid----2012----pid-2012
---ebpf-pid----2012----pid-1
---ebpf-pid----2012----pid-2012
---ebpf-pid----2012----pid-1
---ebpf-pid----2012----pid-2012
---ebpf-pid----2012----pid-1
---ebpf-pid----2012----pid-2012
---ebpf-pid----2012----pid-1
---ebpf-pid----2012----pid-2012
---ebpf-pid----2012----pid-1
---ebpf-pid----7312----pid-7312
---ebpf-pid----7312----pid-1
---ebpf-pid----2089----pid-2089
---ebpf-pid----2089----pid-1
---ebpf-pid----2089----pid-2089
---ebpf-pid----2089----pid-1
---ebpf-pid----2089----pid-2089
---ebpf-pid----2089----pid-1
---ebpf-pid----7312----pid-7312
---ebpf-pid----7312----pid-1
---ebpf-pid----2089----pid-2089
---ebpf-pid----2089----pid-1
---ebpf-pid----2089----pid-2089
---ebpf-pid----2089----pid-1
---ebpf-pid----2089----pid-2089
---ebpf-pid----2089----pid-1
---ebpf-pid----2089----pid-2089
---ebpf-pid----2089----pid-1
---ebpf-pid----2089----pid-2089
---ebpf-pid----2089----pid-1
---ebpf-pid----2089----pid-2089
---ebpf-pid----2089----pid-1
---ebpf-pid----2089----pid-2089
---ebpf-pid----2089----pid-1
---ebpf-pid----2089----pid-2089
---ebpf-pid----2089----pid-1
---ebpf-pid----7312----pid-7312
---ebpf-pid----7312----pid-1
---ebpf-pid----2089----pid-2089
---ebpf-pid----2089----pid-1
---ebpf-pid----2089----pid-2089
---ebpf-pid----2089----pid-1
---ebpf-pid----2089----pid-2089
---ebpf-pid----2089----pid-1
---ebpf-pid----2089----pid-2089
---ebpf-pid----2089----pid-1
---ebpf-pid----5637----pid-5637
---ebpf-pid----5637----pid-1
---ebpf-pid----2089----pid-2089
---ebpf-pid----2089----pid-1
---ebpf-pid----2089----pid-2089
---ebpf-pid----2089----pid-1
---ebpf-pid----2089----pid-2089
---ebpf-pid----2089----pid-1
---ebpf-pid----5637----pid-5637
---ebpf-pid----5637----pid-1
---ebpf-pid----5637----pid-5637
---ebpf-pid----5637----pid-1
---ebpf-pid----2089----pid-2089
---ebpf-pid----2089----pid-1
---ebpf-pid----2089----pid-2089
---ebpf-pid----2089----pid-1
---ebpf-pid----2089----pid-2089
---ebpf-pid----2089----pid-1
---ebpf-pid----2089----pid-2089
---ebpf-pid----2089----pid-1
---ebpf-pid----5638----pid-5638
---ebpf-pid----5638----pid-1
---ebpf-pid----5637----pid-5637
---ebpf-pid----5637----pid-1
---ebpf-pid----2089----pid-2089
---ebpf-pid----2089----pid-1
---ebpf-pid----2089----pid-2089
---ebpf-pid----2089----pid-1
---ebpf-pid----2089----pid-2089
---ebpf-pid----2089----pid-1
---ebpf-pid----2089----pid-2089
---ebpf-pid----2089----pid-1
---ebpf-pid----5638----pid-5638
---ebpf-pid----5638----pid-1
---ebpf-pid----5637----pid-5637
---ebpf-pid----5637----pid-1
---ebpf-pid----2088----pid-2088
---ebpf-pid----2088----pid-1
---ebpf-pid----2088----pid-2088
---ebpf-pid----2088----pid-1
---ebpf-pid----2088----pid-2088
---ebpf-pid----2088----pid-1
---ebpf-pid----2088----pid-2088
---ebpf-pid----2088----pid-1
---ebpf-pid----5637----pid-5637
---ebpf-pid----5637----pid-1
---ebpf-pid----5637----pid-5637
---ebpf-pid----5637----pid-1
---ebpf-pid----2088----pid-2088
---ebpf-pid----2088----pid-1
---ebpf-pid----2088----pid-2088
---ebpf-pid----2088----pid-1
---ebpf-pid----2088----pid-2088
---ebpf-pid----2088----pid-1
---ebpf-pid----2088----pid-2088
---ebpf-pid----2088----pid-1
---ebpf-pid----2088----pid-2088
---ebpf-pid----2088----pid-1
---ebpf-pid----2088----pid-2088
---ebpf-pid----2088----pid-1
---ebpf-pid----2088----pid-2088
---ebpf-pid----2088----pid-1
---ebpf-pid----2088----pid-2088
---ebpf-pid----2088----pid-1
---ebpf-pid----2088----pid-2088
---ebpf-pid----2088----pid-1
---ebpf-pid----2088----pid-2088
---ebpf-pid----2088----pid-1
---ebpf-pid----5638----pid-5638
---ebpf-pid----5638----pid-1
---ebpf-pid----2088----pid-2088
---ebpf-pid----2088----pid-1
---ebpf-pid----2088----pid-2088
---ebpf-pid----2088----pid-1
---ebpf-pid----2088----pid-2088
---ebpf-pid----2088----pid-1
---ebpf-pid----5638----pid-5638
---ebpf-pid----5638----pid-1
---ebpf-pid----2088----pid-2088
---ebpf-pid----2088----pid-1
---ebpf-pid----2088----pid-2088
---ebpf-pid----2088----pid-1
---ebpf-pid----2088----pid-2088
---ebpf-pid----2088----pid-1
---ebpf-pid----2088----pid-2088
---ebpf-pid----2088----pid-1
---ebpf-pid----2088----pid-2088
---ebpf-pid----2088----pid-1
---ebpf-pid----5638----pid-5638
---ebpf-pid----5638----pid-1
---ebpf-pid----2012----pid-2012
---ebpf-pid----2012----pid-1
---ebpf-pid----2012----pid-2012
---ebpf-pid----2012----pid-1
---ebpf-pid----2012----pid-2012
---ebpf-pid----2012----pid-1
---ebpf-pid----2012----pid-2012
---ebpf-pid----2012----pid-1
---ebpf-pid----2012----pid-2012
---ebpf-pid----2012----pid-1
---ebpf-pid----5638----pid-5638
---ebpf-pid----5638----pid-1
---ebpf-pid----2012----pid-2012
---ebpf-pid----2012----pid-1
---ebpf-pid----2012----pid-2012
---ebpf-pid----2012----pid-1
---ebpf-pid----2012----pid-2012
---ebpf-pid----2012----pid-1
---ebpf-pid----5638----pid-5638
---ebpf-pid----5638----pid-1
---ebpf-pid----5638----pid-5638
---ebpf-pid----5638----pid-1
---ebpf-pid----2012----pid-2012
---ebpf-pid----2012----pid-1
---ebpf-pid----2012----pid-2012
---ebpf-pid----2012----pid-1
---ebpf-pid----2012----pid-2012
---ebpf-pid----2012----pid-1
---ebpf-pid----5638----pid-5638
---ebpf-pid----5638----pid-1
---ebpf-pid----2012----pid-2012
---ebpf-pid----2012----pid-1
---ebpf-pid----2012----pid-2012
---ebpf-pid----2012----pid-1
---ebpf-pid----2012----pid-2012
---ebpf-pid----2012----pid-1
---ebpf-pid----2012----pid-2012
---ebpf-pid----2012----pid-1
---ebpf-pid----2012----pid-2012
---ebpf-pid----2012----pid-1
---ebpf-pid----5637----pid-5637
---ebpf-pid----5637----pid-1
---ebpf-pid----2012----pid-2012
---ebpf-pid----2012----pid-1
---ebpf-pid----2012----pid-2012
---ebpf-pid----2012----pid-1
---ebpf-pid----2012----pid-2012
---ebpf-pid----2012----pid-1
---ebpf-pid----2012----pid-2012
---ebpf-pid----2012----pid-1
---ebpf-pid----2012----pid-2012
---ebpf-pid----2012----pid-1
---ebpf-pid----2012----pid-2012
---ebpf-pid----2012----pid-1
---ebpf-pid----2012----pid-2012
---ebpf-pid----2012----pid-1
---ebpf-pid----2012----pid-2012
---ebpf-pid----2012----pid-1
---ebpf-pid----2012----pid-2012
---ebpf-pid----2012----pid-1
---ebpf-pid----5638----pid-5638
---ebpf-pid----5638----pid-1
---ebpf-pid----5637----pid-5637
---ebpf-pid----5637----pid-1
---ebpf-pid----2012----pid-2012
---ebpf-pid----2012----pid-1
---ebpf-pid----2012----pid-2012
---ebpf-pid----2012----pid-1
---ebpf-pid----2012----pid-2012
---ebpf-pid----2012----pid-1
---ebpf-pid----2012----pid-2012
---ebpf-pid----2012----pid-1
---ebpf-pid----2012----pid-2012
---ebpf-pid----2012----pid-1
---ebpf-pid----2012----pid-2012
---ebpf-pid----2012----pid-1
---ebpf-pid----2012----pid-2012
---ebpf-pid----2012----pid-1
---ebpf-pid----5638----pid-5638
---ebpf-pid----5638----pid-1
---ebpf-pid----2089----pid-2089
---ebpf-pid----2089----pid-1
---ebpf-pid----2089----pid-2089
---ebpf-pid----2089----pid-1
---ebpf-pid----2089----pid-2089
---ebpf-pid----2089----pid-1
---ebpf-pid----2089----pid-2089
---ebpf-pid----2089----pid-1
---ebpf-pid----2089----pid-2089
---ebpf-pid----2089----pid-1
---ebpf-pid----2089----pid-2089
---ebpf-pid----2089----pid-1
---ebpf-pid----2089----pid-2089
---ebpf-pid----2089----pid-1
---ebpf-pid----5638----pid-5638
---ebpf-pid----5638----pid-1
---ebpf-pid----2089----pid-2089
---ebpf-pid----2089----pid-1
---ebpf-pid----2089----pid-2089
---ebpf-pid----2089----pid-1
---ebpf-pid----2089----pid-2089
---ebpf-pid----2089----pid-1
---ebpf-pid----2089----pid-2089
---ebpf-pid----2089----pid-1
---ebpf-pid----2089----pid-2089
---ebpf-pid----2089----pid-1
---ebpf-pid----2089----pid-2089
---ebpf-pid----2089----pid-1
---ebpf-pid----2089----pid-2089
---ebpf-pid----2089----pid-1
---ebpf-pid----2089----pid-2089
---ebpf-pid----2089----pid-1
---ebpf-pid----2089----pid-2089
---ebpf-pid----2089----pid-1
---ebpf-pid----2089----pid-2089
---ebpf-pid----2089----pid-1
---ebpf-pid----2088----pid-2088
---ebpf-pid----2088----pid-1
---ebpf-pid----5638----pid-5638
---ebpf-pid----5638----pid-1
---ebpf-pid----2089----pid-2089
---ebpf-pid----2089----pid-1
---ebpf-pid----2089----pid-2089
---ebpf-pid----2089----pid-1
---ebpf-pid----2089----pid-2089
---ebpf-pid----2089----pid-1
---ebpf-pid----2089----pid-2089
---ebpf-pid----2089----pid-1
---ebpf-pid----2089----pid-2089
---ebpf-pid----2089----pid-1
---ebpf-pid----2089----pid-2089
---ebpf-pid----2089----pid-1
---ebpf-pid----2089----pid-2089
---ebpf-pid----2089----pid-1
---ebpf-pid----2089----pid-2089
---ebpf-pid----2089----pid-1
---ebpf-pid----2089----pid-2089
---ebpf-pid----2089----pid-1
---ebpf-pid----2089----pid-2089
---ebpf-pid----2089----pid-1
---ebpf-pid----448522----pid-448522
---ebpf-pid----448522----pid-1
---ebpf-pid----2089----pid-2089
---ebpf-pid----2089----pid-1
---ebpf-pid----2089----pid-2089
---ebpf-pid----2089----pid-1
---ebpf-pid----2089----pid-2089
---ebpf-pid----2089----pid-1
---ebpf-pid----2089----pid-2089
---ebpf-pid----2089----pid-1
---ebpf-pid----2089----pid-2089
---ebpf-pid----2089----pid-1
---ebpf-pid----2089----pid-2089
---ebpf-pid----2089----pid-1
---ebpf-pid----2089----pid-2089
---ebpf-pid----2089----pid-1
---ebpf-pid----2089----pid-2089
---ebpf-pid----2089----pid-1
---ebpf-pid----448522----pid-448522
---ebpf-pid----448522----pid-1
---ebpf-pid----5638----pid-5638
---ebpf-pid----5638----pid-1
---ebpf-pid----2089----pid-2089
---ebpf-pid----2089----pid-1
---ebpf-pid----2089----pid-2089
---ebpf-pid----2089----pid-1
---ebpf-pid----2089----pid-2089
---ebpf-pid----2089----pid-1
---ebpf-pid----2089----pid-2089
---ebpf-pid----2089----pid-1
---ebpf-pid----2089----pid-2089
---ebpf-pid----2089----pid-1
---ebpf-pid----2089----pid-2089
---ebpf-pid----2089----pid-1
---ebpf-pid----5638----pid-5638
---ebpf-pid----5638----pid-1
---ebpf-pid----5638----pid-5638
---ebpf-pid----5638----pid-1
---ebpf-pid----2088----pid-2088
---ebpf-pid----2088----pid-1
---ebpf-pid----2088----pid-2088
---ebpf-pid----2088----pid-1
---ebpf-pid----2088----pid-2088
---ebpf-pid----2088----pid-1
---ebpf-pid----2088----pid-2088
---ebpf-pid----2088----pid-1
---ebpf-pid----2088----pid-2088
---ebpf-pid----2088----pid-1
---ebpf-pid----5638----pid-5638
---ebpf-pid----5638----pid-1
---ebpf-pid----448522----pid-448522
---ebpf-pid----448522----pid-1
---ebpf-pid----2088----pid-2088
---ebpf-pid----2088----pid-1
---ebpf-pid----2088----pid-2088
---ebpf-pid----2088----pid-1
---ebpf-pid----2088----pid-2088
---ebpf-pid----2088----pid-1
---ebpf-pid----2088----pid-2088
---ebpf-pid----2088----pid-1
---ebpf-pid----2088----pid-2088
---ebpf-pid----2088----pid-1
---ebpf-pid----2088----pid-2088
---ebpf-pid----2088----pid-1
---ebpf-pid----2088----pid-2088
---ebpf-pid----2088----pid-1
---ebpf-pid----2012----pid-2012
---ebpf-pid----2012----pid-1
---ebpf-pid----5638----pid-5638
---ebpf-pid----5638----pid-1
---ebpf-pid----2088----pid-2088
---ebpf-pid----2088----pid-1
---ebpf-pid----2088----pid-2088
---ebpf-pid----2088----pid-1
---ebpf-pid----2088----pid-2088
---ebpf-pid----2088----pid-1
---ebpf-pid----2088----pid-2088
---ebpf-pid----2088----pid-1
---ebpf-pid----2088----pid-2088
---ebpf-pid----2088----pid-1
---ebpf-pid----2088----pid-2088
---ebpf-pid----2088----pid-1
---ebpf-pid----2088----pid-2088
---ebpf-pid----2088----pid-1
---ebpf-pid----2088----pid-2088
---ebpf-pid----2088----pid-1
---ebpf-pid----2088----pid-2088
---ebpf-pid----2088----pid-1
---ebpf-pid----2088----pid-2088
---ebpf-pid----2088----pid-1
---ebpf-pid----2088----pid-2088
---ebpf-pid----2088----pid-1
---ebpf-pid----2088----pid-2088
---ebpf-pid----2088----pid-1
---ebpf-pid----5638----pid-5638
---ebpf-pid----5638----pid-1
---ebpf-pid----2088----pid-2088
---ebpf-pid----2088----pid-1
---ebpf-pid----2088----pid-2088
---ebpf-pid----2088----pid-1
---ebpf-pid----2088----pid-2088
---ebpf-pid----2088----pid-1
---ebpf-pid----2088----pid-2088
---ebpf-pid----2088----pid-1
---ebpf-pid----2088----pid-2088
---ebpf-pid----2088----pid-1
---ebpf-pid----5638----pid-5638
---ebpf-pid----5638----pid-1
---ebpf-pid----5637----pid-5637
---ebpf-pid----5637----pid-1
---ebpf-pid----2088----pid-2088
---ebpf-pid----2088----pid-1
---ebpf-pid----2088----pid-2088
---ebpf-pid----2088----pid-1
---ebpf-pid----2088----pid-2088
---ebpf-pid----2088----pid-1
---ebpf-pid----2088----pid-2088
---ebpf-pid----2088----pid-1
---ebpf-pid----2088----pid-2088
---ebpf-pid----2088----pid-1
---ebpf-pid----2088----pid-2088
---ebpf-pid----2088----pid-1
---ebpf-pid----2088----pid-2088
---ebpf-pid----2088----pid-1
---ebpf-pid----2012----pid-2012
---ebpf-pid----2012----pid-1
---ebpf-pid----5637----pid-5637
---ebpf-pid----5637----pid-1
---ebpf-pid----2088----pid-2088
---ebpf-pid----2088----pid-1
---ebpf-pid----2088----pid-2088
---ebpf-pid----2088----pid-1
---ebpf-pid----2088----pid-2088
---ebpf-pid----2088----pid-1
---ebpf-pid----2088----pid-2088
---ebpf-pid----2088----pid-1
---ebpf-pid----2088----pid-2088
---ebpf-pid----2088----pid-1
---ebpf-pid----448522----pid-448522
---ebpf-pid----448522----pid-1
---ebpf-pid----5637----pid-5637
---ebpf-pid----5637----pid-1
---ebpf-pid----2088----pid-2088
---ebpf-pid----2088----pid-1
---ebpf-pid----2088----pid-2088
---ebpf-pid----2088----pid-1
---ebpf-pid----2088----pid-2088
---ebpf-pid----2088----pid-1
---ebpf-pid----2088----pid-2088
---ebpf-pid----2088----pid-1
---ebpf-pid----2088----pid-2088
---ebpf-pid----2088----pid-1
---ebpf-pid----2088----pid-2088
---ebpf-pid----2088----pid-1
---ebpf-pid----2088----pid-2088
---ebpf-pid----2088----pid-1
---ebpf-pid----448522----pid-448522
---ebpf-pid----448522----pid-1
---ebpf-pid----2088----pid-2088
---ebpf-pid----2088----pid-1
---ebpf-pid----2088----pid-2088
---ebpf-pid----2088----pid-1
---ebpf-pid----2088----pid-2088
---ebpf-pid----2088----pid-1
---ebpf-pid----2088----pid-2088
---ebpf-pid----2088----pid-1
---ebpf-pid----2088----pid-2088
---ebpf-pid----2088----pid-1
---ebpf-pid----2088----pid-2088
---ebpf-pid----2088----pid-1
---ebpf-pid----448522----pid-448522
---ebpf-pid----448522----pid-1
---ebpf-pid----5637----pid-5637
---ebpf-pid----5637----pid-1
---ebpf-pid----2088----pid-2088
---ebpf-pid----2088----pid-1
---ebpf-pid----2088----pid-2088
---ebpf-pid----2088----pid-1
---ebpf-pid----2088----pid-2088
---ebpf-pid----2088----pid-1
---ebpf-pid----2088----pid-2088
---ebpf-pid----2088----pid-1
---ebpf-pid----2088----pid-2088
---ebpf-pid----2088----pid-1
---ebpf-pid----2088----pid-2088
---ebpf-pid----2088----pid-1
---ebpf-pid----5637----pid-5637
---ebpf-pid----5637----pid-1
---ebpf-pid----448522----pid-448522
---ebpf-pid----448522----pid-1
---ebpf-pid----2088----pid-2088
---ebpf-pid----2088----pid-1
---ebpf-pid----2088----pid-2088
---ebpf-pid----2088----pid-1
---ebpf-pid----2088----pid-2088
---ebpf-pid----2088----pid-1
---ebpf-pid----2088----pid-2088
---ebpf-pid----2088----pid-1
---ebpf-pid----2088----pid-2088
---ebpf-pid----2088----pid-1
---ebpf-pid----2088----pid-2088
---ebpf-pid----2088----pid-1
---ebpf-pid----5637----pid-5637
---ebpf-pid----5637----pid-1
---ebpf-pid----5637----pid-5637
---ebpf-pid----5637----pid-1
---ebpf-pid----2088----pid-2088
---ebpf-pid----2088----pid-1
---ebpf-pid----2088----pid-2088
---ebpf-pid----2088----pid-1
---ebpf-pid----2088----pid-2088
---ebpf-pid----2088----pid-1
---ebpf-pid----2088----pid-2088
---ebpf-pid----2088----pid-1
---ebpf-pid----2088----pid-2088
---ebpf-pid----2088----pid-1
---ebpf-pid----2088----pid-2088
---ebpf-pid----2088----pid-1
---ebpf-pid----5637----pid-5637
---ebpf-pid----5637----pid-1
---ebpf-pid----5637----pid-5637
---ebpf-pid----5637----pid-1
---ebpf-pid----2088----pid-2088
---ebpf-pid----2088----pid-1
---ebpf-pid----2088----pid-2088
---ebpf-pid----2088----pid-1
---ebpf-pid----2088----pid-2088
---ebpf-pid----2088----pid-1
---ebpf-pid----2088----pid-2088
---ebpf-pid----2088----pid-1
---ebpf-pid----2088----pid-2088
---ebpf-pid----2088----pid-1
---ebpf-pid----2088----pid-2088
---ebpf-pid----2088----pid-1
---ebpf-pid----5637----pid-5637
---ebpf-pid----5637----pid-1
---ebpf-pid----5637----pid-5637
---ebpf-pid----5637----pid-1
---ebpf-pid----5614----pid-5614
---ebpf-pid----5614----pid-1
---ebpf-pid----14----pid-14
---ebpf-pid----14----pid-2
---ebpf-pid----379067----pid-379067
---ebpf-pid----379067----pid-5476
---ebpf-pid----379067----pid-1
---ebpf-pid----379067----pid-379067
---ebpf-pid----379067----pid-5476
---ebpf-pid----379067----pid-1
---ebpf-pid----379067----pid-379067
---ebpf-pid----379067----pid-5476
---ebpf-pid----379067----pid-1
---ebpf-pid----379067----pid-379067
---ebpf-pid----379067----pid-5476
---ebpf-pid----379067----pid-1
---ebpf-pid----5638----pid-5638
---ebpf-pid----5638----pid-1
---ebpf-pid----2089----pid-2089
---ebpf-pid----2089----pid-1
---ebpf-pid----7312----pid-7312
---ebpf-pid----7312----pid-1
---ebpf-pid----2089----pid-2089
---ebpf-pid----2089----pid-1
---ebpf-pid----2089----pid-2089
---ebpf-pid----2089----pid-1
---ebpf-pid----2089----pid-2089
---ebpf-pid----2089----pid-1
---ebpf-pid----2089----pid-2089
---ebpf-pid----2089----pid-1
---ebpf-pid----2089----pid-2089
---ebpf-pid----2089----pid-1
---ebpf-pid----2089----pid-2089
---ebpf-pid----2089----pid-1
---ebpf-pid----2089----pid-2089
---ebpf-pid----2089----pid-1
---ebpf-pid----2089----pid-2089
---ebpf-pid----2089----pid-1
---ebpf-pid----2089----pid-2089
---ebpf-pid----2089----pid-1
---ebpf-pid----2089----pid-2089
---ebpf-pid----2089----pid-1
---ebpf-pid----2089----pid-2089
---ebpf-pid----2089----pid-1
---ebpf-pid----2089----pid-2089
---ebpf-pid----2089----pid-1
---ebpf-pid----2089----pid-2089
---ebpf-pid----2089----pid-1
---ebpf-pid----2089----pid-2089
---ebpf-pid----2089----pid-1
---ebpf-pid----2089----pid-2089
---ebpf-pid----2089----pid-1
---ebpf-pid----2089----pid-2089
---ebpf-pid----2089----pid-1
---ebpf-pid----2089----pid-2089
---ebpf-pid----2089----pid-1
---ebpf-pid----2089----pid-2089
---ebpf-pid----2089----pid-1
---ebpf-pid----2089----pid-2089
---ebpf-pid----2089----pid-1
---ebpf-pid----2089----pid-2089
---ebpf-pid----2089----pid-1
---ebpf-pid----2089----pid-2089
---ebpf-pid----2089----pid-1
---ebpf-pid----2089----pid-2089
---ebpf-pid----2089----pid-1
---ebpf-pid----2089----pid-2089
---ebpf-pid----2089----pid-1
---ebpf-pid----372714----pid-372714
---ebpf-pid----372714----pid-5476
---ebpf-pid----372714----pid-1
---ebpf-pid----372714----pid-372714
---ebpf-pid----372714----pid-5476
---ebpf-pid----372714----pid-1
---ebpf-pid----372714----pid-372714
---ebpf-pid----372714----pid-5476
---ebpf-pid----372714----pid-1
---ebpf-pid----372714----pid-372714
---ebpf-pid----372714----pid-5476
---ebpf-pid----372714----pid-1
---ebpf-pid----372714----pid-372714
---ebpf-pid----372714----pid-5476
---ebpf-pid----372714----pid-1
---ebpf-pid----5707----pid-5707
---ebpf-pid----5707----pid-5476
---ebpf-pid----5707----pid-1
---ebpf-pid----2089----pid-2089
---ebpf-pid----2089----pid-1
---ebpf-pid----2089----pid-2089
---ebpf-pid----2089----pid-1
---ebpf-pid----2089----pid-2089
---ebpf-pid----2089----pid-1
---ebpf-pid----2089----pid-2089
---ebpf-pid----2089----pid-1
---ebpf-pid----2089----pid-2089
---ebpf-pid----2089----pid-1
---ebpf-pid----2089----pid-2089
---ebpf-pid----2089----pid-1
---ebpf-pid----2089----pid-2089
---ebpf-pid----2089----pid-1
---ebpf-pid----2089----pid-2089
---ebpf-pid----2089----pid-1
---ebpf-pid----2089----pid-2089
---ebpf-pid----2089----pid-1
---ebpf-pid----2089----pid-2089
---ebpf-pid----2089----pid-1
---ebpf-pid----2089----pid-2089
---ebpf-pid----2089----pid-1
---ebpf-pid----2089----pid-2089
---ebpf-pid----2089----pid-1
---ebpf-pid----2089----pid-2089
---ebpf-pid----2089----pid-1
---ebpf-pid----2089----pid-2089
---ebpf-pid----2089----pid-1
---ebpf-pid----2089----pid-2089
---ebpf-pid----2089----pid-1
---ebpf-pid----2089----pid-2089
---ebpf-pid----2089----pid-1
---ebpf-pid----2089----pid-2089
---ebpf-pid----2089----pid-1
---ebpf-pid----2089----pid-2089
---ebpf-pid----2089----pid-1
---ebpf-pid----2089----pid-2089
---ebpf-pid----2089----pid-1
---ebpf-pid----2089----pid-2089
---ebpf-pid----2089----pid-1
---ebpf-pid----2089----pid-2089
---ebpf-pid----2089----pid-1
---ebpf-pid----2089----pid-2089
---ebpf-pid----2089----pid-1
---ebpf-pid----2089----pid-2089
---ebpf-pid----2089----pid-1
---ebpf-pid----2089----pid-2089
---ebpf-pid----2089----pid-1
---ebpf-pid----2089----pid-2089
---ebpf-pid----2089----pid-1
---ebpf-pid----2089----pid-2089
---ebpf-pid----2089----pid-1
---ebpf-pid----2089----pid-2089
---ebpf-pid----2089----pid-1
---ebpf-pid----2089----pid-2089
---ebpf-pid----2089----pid-1
---ebpf-pid----2089----pid-2089
---ebpf-pid----2089----pid-1
---ebpf-pid----2089----pid-2089
---ebpf-pid----2089----pid-1
---ebpf-pid----2089----pid-2089
---ebpf-pid----2089----pid-1
---ebpf-pid----2089----pid-2089
---ebpf-pid----2089----pid-1
---ebpf-pid----2089----pid-2089
---ebpf-pid----2089----pid-1
---ebpf-pid----2089----pid-2089
---ebpf-pid----2089----pid-1
---ebpf-pid----2089----pid-2089
---ebpf-pid----2089----pid-1
---ebpf-pid----2089----pid-2089
---ebpf-pid----2089----pid-1
---ebpf-pid----372714----pid-372714
---ebpf-pid----372714----pid-5476
---ebpf-pid----372714----pid-1
---ebpf-pid----372714----pid-372714
---ebpf-pid----372714----pid-5476
---ebpf-pid----372714----pid-1
---ebpf-pid----372714----pid-372714
---ebpf-pid----372714----pid-5476
---ebpf-pid----372714----pid-1
---ebpf-pid----372714----pid-372714
---ebpf-pid----372714----pid-5476
---ebpf-pid----372714----pid-1
---ebpf-pid----372714----pid-372714
---ebpf-pid----372714----pid-5476
---ebpf-pid----372714----pid-1
---ebpf-pid----448522----pid-448522
---ebpf-pid----448522----pid-1
---ebpf-pid----7312----pid-7312
---ebpf-pid----7312----pid-1
---ebpf-pid----2012----pid-2012
---ebpf-pid----2012----pid-1
---ebpf-pid----2012----pid-2012
---ebpf-pid----2012----pid-1
---ebpf-pid----2012----pid-2012
---ebpf-pid----2012----pid-1
---ebpf-pid----2012----pid-2012
---ebpf-pid----2012----pid-1
---ebpf-pid----2012----pid-2012
---ebpf-pid----2012----pid-1
---ebpf-pid----2012----pid-2012
---ebpf-pid----2012----pid-1
---ebpf-pid----2012----pid-2012
---ebpf-pid----2012----pid-1
---ebpf-pid----2012----pid-2012
---ebpf-pid----2012----pid-1
---ebpf-pid----2012----pid-2012
---ebpf-pid----2012----pid-1
---ebpf-pid----2012----pid-2012
---ebpf-pid----2012----pid-1
---ebpf-pid----2012----pid-2012
---ebpf-pid----2012----pid-1
---ebpf-pid----2012----pid-2012
---ebpf-pid----2012----pid-1
---ebpf-pid----2012----pid-2012
---ebpf-pid----2012----pid-1
---ebpf-pid----2012----pid-2012
---ebpf-pid----2012----pid-1
---ebpf-pid----2012----pid-2012
---ebpf-pid----2012----pid-1
---ebpf-pid----2012----pid-2012
---ebpf-pid----2012----pid-1
---ebpf-pid----2012----pid-2012
---ebpf-pid----2012----pid-1
---ebpf-pid----2012----pid-2012
---ebpf-pid----2012----pid-1
---ebpf-pid----2012----pid-2012
---ebpf-pid----2012----pid-1
---ebpf-pid----2012----pid-2012
---ebpf-pid----2012----pid-1
---ebpf-pid----2012----pid-2012
---ebpf-pid----2012----pid-1
---ebpf-pid----2012----pid-2012
---ebpf-pid----2012----pid-1
---ebpf-pid----2012----pid-2012
---ebpf-pid----2012----pid-1
---ebpf-pid----2012----pid-2012
---ebpf-pid----2012----pid-1
---ebpf-pid----2012----pid-2012
---ebpf-pid----2012----pid-1
---ebpf-pid----2012----pid-2012
---ebpf-pid----2012----pid-1
---ebpf-pid----2012----pid-2012
---ebpf-pid----2012----pid-1
---ebpf-pid----2012----pid-2012
---ebpf-pid----2012----pid-1
---ebpf-pid----2012----pid-2012
---ebpf-pid----2012----pid-1
---ebpf-pid----2012----pid-2012
---ebpf-pid----2012----pid-1
---ebpf-pid----2012----pid-2012
---ebpf-pid----2012----pid-1
---ebpf-pid----2012----pid-2012
---ebpf-pid----2012----pid-1
---ebpf-pid----2012----pid-2012
---ebpf-pid----2012----pid-1
---ebpf-pid----2012----pid-2012
---ebpf-pid----2012----pid-1
---ebpf-pid----2012----pid-2012
---ebpf-pid----2012----pid-1
---ebpf-pid----2012----pid-2012
---ebpf-pid----2012----pid-1
---ebpf-pid----2012----pid-2012
---ebpf-pid----2012----pid-1
---ebpf-pid----2012----pid-2012
---ebpf-pid----2012----pid-1
---ebpf-pid----2012----pid-2012
---ebpf-pid----2012----pid-1
---ebpf-pid----372714----pid-372714
---ebpf-pid----372714----pid-5476
---ebpf-pid----372714----pid-1
---ebpf-pid----372714----pid-372714
---ebpf-pid----372714----pid-5476
---ebpf-pid----372714----pid-1
---ebpf-pid----372714----pid-372714
---ebpf-pid----372714----pid-5476
---ebpf-pid----372714----pid-1
---ebpf-pid----372714----pid-372714
---ebpf-pid----372714----pid-5476
---ebpf-pid----372714----pid-1
---ebpf-pid----5638----pid-5638
---ebpf-pid----5638----pid-1
---ebpf-pid----2012----pid-2012
---ebpf-pid----2012----pid-1
---ebpf-pid----2012----pid-2012
---ebpf-pid----2012----pid-1
---ebpf-pid----2012----pid-2012
---ebpf-pid----2012----pid-1
---ebpf-pid----2012----pid-2012
---ebpf-pid----2012----pid-1
---ebpf-pid----2012----pid-2012
---ebpf-pid----2012----pid-1
---ebpf-pid----2012----pid-2012
---ebpf-pid----2012----pid-1
---ebpf-pid----2012----pid-2012
---ebpf-pid----2012----pid-1
---ebpf-pid----2012----pid-2012
---ebpf-pid----2012----pid-1
---ebpf-pid----2012----pid-2012
---ebpf-pid----2012----pid-1
---ebpf-pid----2012----pid-2012
---ebpf-pid----2012----pid-1
---ebpf-pid----2012----pid-2012
---ebpf-pid----2012----pid-1
---ebpf-pid----2012----pid-2012
---ebpf-pid----2012----pid-1
---ebpf-pid----2012----pid-2012
---ebpf-pid----2012----pid-1
---ebpf-pid----2012----pid-2012
---ebpf-pid----2012----pid-1
---ebpf-pid----2012----pid-2012
---ebpf-pid----2012----pid-1
---ebpf-pid----2012----pid-2012
---ebpf-pid----2012----pid-1
---ebpf-pid----2012----pid-2012
---ebpf-pid----2012----pid-1
---ebpf-pid----2012----pid-2012
---ebpf-pid----2012----pid-1
---ebpf-pid----2012----pid-2012
---ebpf-pid----2012----pid-1
---ebpf-pid----2012----pid-2012
---ebpf-pid----2012----pid-1
---ebpf-pid----2012----pid-2012
---ebpf-pid----2012----pid-1
---ebpf-pid----2012----pid-2012
---ebpf-pid----2012----pid-1
---ebpf-pid----2012----pid-2012
---ebpf-pid----2012----pid-1
---ebpf-pid----2089----pid-2089
---ebpf-pid----2089----pid-1
---ebpf-pid----2089----pid-2089
---ebpf-pid----2089----pid-1
---ebpf-pid----2012----pid-2012
---ebpf-pid----2012----pid-1
---ebpf-pid----2012----pid-2012
---ebpf-pid----2012----pid-1
---ebpf-pid----2012----pid-2012
---ebpf-pid----2012----pid-1
---ebpf-pid----2012----pid-2012
---ebpf-pid----2012----pid-1
---ebpf-pid----2012----pid-2012
---ebpf-pid----2012----pid-1
---ebpf-pid----2012----pid-2012
---ebpf-pid----2012----pid-1
---ebpf-pid----2012----pid-2012
---ebpf-pid----2012----pid-1
---ebpf-pid----2012----pid-2012
---ebpf-pid----2012----pid-1
---ebpf-pid----2012----pid-2012
---ebpf-pid----2012----pid-1
---ebpf-pid----2012----pid-2012
---ebpf-pid----2012----pid-1
---ebpf-pid----2012----pid-2012
---ebpf-pid----2012----pid-1
---ebpf-pid----2012----pid-2012
---ebpf-pid----2012----pid-1
---ebpf-pid----2012----pid-2012
---ebpf-pid----2012----pid-1
---ebpf-pid----2012----pid-2012
---ebpf-pid----2012----pid-1
---ebpf-pid----2012----pid-2012
---ebpf-pid----2012----pid-1
---ebpf-pid----5705----pid-5705
---ebpf-pid----5705----pid-5476
---ebpf-pid----5705----pid-1
---ebpf-pid----5705----pid-5705
---ebpf-pid----5705----pid-5476
---ebpf-pid----5705----pid-1
---ebpf-pid----5705----pid-5705
---ebpf-pid----5705----pid-5476
---ebpf-pid----5705----pid-1
---ebpf-pid----5705----pid-5705
---ebpf-pid----5705----pid-5476
---ebpf-pid----5705----pid-1
---ebpf-pid----2012----pid-2012
---ebpf-pid----2012----pid-1
---ebpf-pid----5614----pid-5614
---ebpf-pid----5614----pid-1
---ebpf-pid----2012----pid-2012
---ebpf-pid----2012----pid-1
---ebpf-pid----2012----pid-2012
---ebpf-pid----2012----pid-1
---ebpf-pid----2012----pid-2012
---ebpf-pid----2012----pid-1
---ebpf-pid----2012----pid-2012
---ebpf-pid----2012----pid-1
---ebpf-pid----2012----pid-2012
---ebpf-pid----2012----pid-1
---ebpf-pid----2012----pid-2012
---ebpf-pid----2012----pid-1
---ebpf-pid----2012----pid-2012
---ebpf-pid----2012----pid-1
---ebpf-pid----2012----pid-2012
---ebpf-pid----2012----pid-1
---ebpf-pid----2012----pid-2012
---ebpf-pid----2012----pid-1
---ebpf-pid----2012----pid-2012
---ebpf-pid----2012----pid-1
---ebpf-pid----5705----pid-5705
---ebpf-pid----5705----pid-5476
---ebpf-pid----5705----pid-1
---ebpf-pid----5705----pid-5705
---ebpf-pid----5705----pid-5476
---ebpf-pid----5705----pid-1
---ebpf-pid----5705----pid-5705
---ebpf-pid----5705----pid-5476
---ebpf-pid----5705----pid-1
---ebpf-pid----7312----pid-7312
---ebpf-pid----7312----pid-1
---ebpf-pid----2012----pid-2012
---ebpf-pid----2012----pid-1
---ebpf-pid----2012----pid-2012
---ebpf-pid----2012----pid-1
---ebpf-pid----2012----pid-2012
---ebpf-pid----2012----pid-1
---ebpf-pid----2012----pid-2012
---ebpf-pid----2012----pid-1
---ebpf-pid----2088----pid-2088
---ebpf-pid----2088----pid-1
---ebpf-pid----2088----pid-2088
---ebpf-pid----2088----pid-1
---ebpf-pid----2088----pid-2088
---ebpf-pid----2088----pid-1
---ebpf-pid----2088----pid-2088
---ebpf-pid----2088----pid-1
---ebpf-pid----2088----pid-2088
---ebpf-pid----2088----pid-1
---ebpf-pid----5614----pid-5614
---ebpf-pid----5614----pid-1
---ebpf-pid----5705----pid-5705
---ebpf-pid----5705----pid-5476
---ebpf-pid----5705----pid-1
---ebpf-pid----5705----pid-5705
---ebpf-pid----5705----pid-5476
---ebpf-pid----5705----pid-1
---ebpf-pid----5705----pid-5705
---ebpf-pid----5705----pid-5476
---ebpf-pid----5705----pid-1
---ebpf-pid----5705----pid-5705
---ebpf-pid----5705----pid-5476
---ebpf-pid----5705----pid-1
---ebpf-pid----5705----pid-5705
---ebpf-pid----5705----pid-5476
---ebpf-pid----5705----pid-1
---ebpf-pid----5705----pid-5705
---ebpf-pid----5705----pid-5476
---ebpf-pid----5705----pid-1
---ebpf-pid----5705----pid-5705
---ebpf-pid----5705----pid-5476
---ebpf-pid----5705----pid-1
---ebpf-pid----5705----pid-5705
---ebpf-pid----5705----pid-5476
---ebpf-pid----5705----pid-1
---ebpf-pid----5705----pid-5705
---ebpf-pid----5705----pid-5476
---ebpf-pid----5705----pid-1
---ebpf-pid----5705----pid-5705
---ebpf-pid----5705----pid-5476
---ebpf-pid----5705----pid-1
---ebpf-pid----5705----pid-5705
---ebpf-pid----5705----pid-5476
---ebpf-pid----5705----pid-1
---ebpf-pid----5705----pid-5705
---ebpf-pid----5705----pid-5476
---ebpf-pid----5705----pid-1
---ebpf-pid----5705----pid-5705
---ebpf-pid----5705----pid-5476
---ebpf-pid----5705----pid-1
---ebpf-pid----5705----pid-5705
---ebpf-pid----5705----pid-5476
---ebpf-pid----5705----pid-1
---ebpf-pid----5705----pid-5705
---ebpf-pid----5705----pid-5476
---ebpf-pid----5705----pid-1
---ebpf-pid----5705----pid-5705
---ebpf-pid----5705----pid-5476
---ebpf-pid----5705----pid-1
---ebpf-pid----5705----pid-5705
---ebpf-pid----5705----pid-5476
---ebpf-pid----5705----pid-1
---ebpf-pid----5705----pid-5705
---ebpf-pid----5705----pid-5476
---ebpf-pid----5705----pid-1
---ebpf-pid----448521----pid-448521
---ebpf-pid----448521----pid-1
---ebpf-pid----2012----pid-2012
---ebpf-pid----2012----pid-1
---ebpf-pid----2012----pid-2012
---ebpf-pid----2012----pid-1
---ebpf-pid----2012----pid-2012
---ebpf-pid----2012----pid-1
---ebpf-pid----2012----pid-2012
---ebpf-pid----2012----pid-1
---ebpf-pid----2012----pid-2012
---ebpf-pid----2012----pid-1
---ebpf-pid----2012----pid-2012
---ebpf-pid----2012----pid-1
---ebpf-pid----448521----pid-448521
---ebpf-pid----448521----pid-1
---ebpf-pid----5614----pid-5614
---ebpf-pid----5614----pid-1
---ebpf-pid----2089----pid-2089
---ebpf-pid----2089----pid-1
---ebpf-pid----2089----pid-2089
---ebpf-pid----2089----pid-1
---ebpf-pid----2089----pid-2089
---ebpf-pid----2089----pid-1
---ebpf-pid----2089----pid-2089
---ebpf-pid----2089----pid-1
---ebpf-pid----2089----pid-2089
---ebpf-pid----2089----pid-1
---ebpf-pid----2089----pid-2089
---ebpf-pid----2089----pid-1
---ebpf-pid----2089----pid-2089
Failed to get process information for PID 0
---ebpf-pid----2089----pid-1
---ebpf-pid----2089----pid-2089
---ebpf-pid----2089----pid-1
---ebpf-pid----2089----pid-2089
---ebpf-pid----2089----pid-1
---ebpf-pid----2089----pid-2089
---ebpf-pid----2089----pid-1
---ebpf-pid----2089----pid-2089
---ebpf-pid----2089----pid-1
---ebpf-pid----2089----pid-2089
---ebpf-pid----2089----pid-1
---ebpf-pid----2089----pid-2089
---ebpf-pid----2089----pid-1
---ebpf-pid----2089----pid-2089
---ebpf-pid----2089----pid-1
---ebpf-pid----2089----pid-2089
---ebpf-pid----2089----pid-1
---ebpf-pid----2089----pid-2089
---ebpf-pid----2089----pid-1
---ebpf-pid----2088----pid-2088
---ebpf-pid----2088----pid-1
---ebpf-pid----448522----pid-448522
---ebpf-pid----448522----pid-1
---ebpf-pid----379067----pid-379067
---ebpf-pid----379067----pid-5476
---ebpf-pid----379067----pid-1
---ebpf-pid----379067----pid-379067
---ebpf-pid----379067----pid-5476
---ebpf-pid----379067----pid-1
---ebpf-pid----379067----pid-379067
---ebpf-pid----379067----pid-5476
---ebpf-pid----379067----pid-1
---ebpf-pid----5707----pid-5707
---ebpf-pid----5707----pid-5476
---ebpf-pid----5707----pid-1
---ebpf-pid----5707----pid-5707
---ebpf-pid----5707----pid-5476
---ebpf-pid----5707----pid-1
---ebpf-pid----5707----pid-5707
---ebpf-pid----5707----pid-5476
---ebpf-pid----5707----pid-1
---ebpf-pid----5638----pid-5638
---ebpf-pid----5638----pid-1
---ebpf-pid----5614----pid-5614
---ebpf-pid----5614----pid-1
---ebpf-pid----5638----pid-5638
---ebpf-pid----5638----pid-1
---ebpf-pid----2012----pid-2012
---ebpf-pid----2012----pid-1
---ebpf-pid----2012----pid-2012
---ebpf-pid----2012----pid-1
---ebpf-pid----2012----pid-2012
---ebpf-pid----2012----pid-1
---ebpf-pid----2012----pid-2012
---ebpf-pid----2012----pid-1
---ebpf-pid----2012----pid-2012
---ebpf-pid----2012----pid-1
---ebpf-pid----2012----pid-2012
---ebpf-pid----2012----pid-1
---ebpf-pid----2012----pid-2012
---ebpf-pid----2012----pid-1
---ebpf-pid----2012----pid-2012
---ebpf-pid----2012----pid-1
---ebpf-pid----2012----pid-2012
---ebpf-pid----2012----pid-1
---ebpf-pid----2012----pid-2012
---ebpf-pid----2012----pid-1
---ebpf-pid----2012----pid-2012
---ebpf-pid----2012----pid-1
---ebpf-pid----2012----pid-2012
---ebpf-pid----2012----pid-1
---ebpf-pid----2012----pid-2012
---ebpf-pid----2012----pid-1
---ebpf-pid----2012----pid-2012
---ebpf-pid----2012----pid-1
---ebpf-pid----2012----pid-2012
---ebpf-pid----2012----pid-1
---ebpf-pid----5705----pid-5705
---ebpf-pid----5705----pid-5476
---ebpf-pid----5705----pid-1
---ebpf-pid----5705----pid-5705
---ebpf-pid----5705----pid-5476
---ebpf-pid----5705----pid-1
---ebpf-pid----5705----pid-5705
---ebpf-pid----5705----pid-5476
---ebpf-pid----5705----pid-1
---ebpf-pid----2012----pid-2012
---ebpf-pid----2012----pid-1
---ebpf-pid----2012----pid-2012
---ebpf-pid----2012----pid-1
---ebpf-pid----2012----pid-2012
---ebpf-pid----2012----pid-1
---ebpf-pid----2012----pid-2012
---ebpf-pid----2012----pid-1
---ebpf-pid----2012----pid-2012
---ebpf-pid----2012----pid-1
---ebpf-pid----7312----pid-7312
---ebpf-pid----7312----pid-1
---ebpf-pid----2012----pid-2012
---ebpf-pid----2012----pid-1
---ebpf-pid----2012----pid-2012
---ebpf-pid----2012----pid-1
---ebpf-pid----2012----pid-2012
---ebpf-pid----2012----pid-1
---ebpf-pid----2012----pid-2012
---ebpf-pid----2012----pid-1
---ebpf-pid----2012----pid-2012
---ebpf-pid----2012----pid-1
---ebpf-pid----7312----pid-7312
---ebpf-pid----7312----pid-1
---ebpf-pid----2012----pid-2012
---ebpf-pid----2012----pid-1
---ebpf-pid----5707----pid-5707
---ebpf-pid----5707----pid-5476
---ebpf-pid----5707----pid-1
---ebpf-pid----5707----pid-5707
---ebpf-pid----5707----pid-5476
---ebpf-pid----5707----pid-1
---ebpf-pid----5707----pid-5707
---ebpf-pid----5707----pid-5476
---ebpf-pid----5707----pid-1
---ebpf-pid----2012----pid-2012
---ebpf-pid----2012----pid-1
---ebpf-pid----2012----pid-2012
---ebpf-pid----2012----pid-1
---ebpf-pid----2012----pid-2012
---ebpf-pid----2012----pid-1
---ebpf-pid----2012----pid-2012
---ebpf-pid----2012----pid-1
---ebpf-pid----2012----pid-2012
Failed to get process information for PID 0
---ebpf-pid----2012----pid-1
---ebpf-pid----372881----pid-372881
---ebpf-pid----372881----pid-1
---ebpf-pid----372881----pid-372881
---ebpf-pid----372881----pid-1
---ebpf-pid----372881----pid-372881
---ebpf-pid----372881----pid-1
---ebpf-pid----7313----pid-7313
---ebpf-pid----7313----pid-1
---ebpf-pid----7313----pid-7313
---ebpf-pid----7313----pid-1
---ebpf-pid----372881----pid-372881
---ebpf-pid----372881----pid-1
---ebpf-pid----372881----pid-372881
---ebpf-pid----372881----pid-1
---ebpf-pid----372881----pid-372881
---ebpf-pid----372881----pid-1
---ebpf-pid----372881----pid-372881
---ebpf-pid----372881----pid-1
---ebpf-pid----2089----pid-2089
---ebpf-pid----2089----pid-1
---ebpf-pid----379067----pid-379067
---ebpf-pid----379067----pid-5476
---ebpf-pid----379067----pid-1
---ebpf-pid----379067----pid-379067
---ebpf-pid----379067----pid-5476
---ebpf-pid----379067----pid-1
---ebpf-pid----379067----pid-379067
---ebpf-pid----379067----pid-5476
---ebpf-pid----379067----pid-1
---ebpf-pid----379067----pid-379067
---ebpf-pid----379067----pid-5476
---ebpf-pid----379067----pid-1
---ebpf-pid----379067----pid-379067
---ebpf-pid----379067----pid-5476
---ebpf-pid----379067----pid-1
---ebpf-pid----379067----pid-379067
---ebpf-pid----379067----pid-5476
---ebpf-pid----379067----pid-1
---ebpf-pid----379067----pid-379067
---ebpf-pid----379067----pid-5476
---ebpf-pid----379067----pid-1
---ebpf-pid----379067----pid-379067
---ebpf-pid----379067----pid-5476
---ebpf-pid----379067----pid-1
---ebpf-pid----379067----pid-379067
---ebpf-pid----379067----pid-5476
---ebpf-pid----379067----pid-1
---ebpf-pid----379067----pid-379067
---ebpf-pid----379067----pid-5476
---ebpf-pid----379067----pid-1
---ebpf-pid----379067----pid-379067
---ebpf-pid----379067----pid-5476
---ebpf-pid----379067----pid-1
---ebpf-pid----379067----pid-379067
---ebpf-pid----379067----pid-5476
---ebpf-pid----379067----pid-1
---ebpf-pid----379067----pid-379067
---ebpf-pid----379067----pid-5476
---ebpf-pid----379067----pid-1
---ebpf-pid----379067----pid-379067
---ebpf-pid----379067----pid-5476
---ebpf-pid----379067----pid-1
---ebpf-pid----5638----pid-5638
---ebpf-pid----5638----pid-1
---ebpf-pid----379067----pid-379067
---ebpf-pid----379067----pid-5476
---ebpf-pid----379067----pid-1
---ebpf-pid----379067----pid-379067
---ebpf-pid----379067----pid-5476
---ebpf-pid----379067----pid-1
---ebpf-pid----379067----pid-379067
---ebpf-pid----379067----pid-5476
---ebpf-pid----379067----pid-1
---ebpf-pid----379067----pid-379067
---ebpf-pid----379067----pid-5476
---ebpf-pid----379067----pid-1
---ebpf-pid----379067----pid-379067
---ebpf-pid----379067----pid-5476
---ebpf-pid----379067----pid-1
---ebpf-pid----379067----pid-379067
---ebpf-pid----379067----pid-5476
---ebpf-pid----379067----pid-1
---ebpf-pid----379067----pid-379067
---ebpf-pid----379067----pid-5476
---ebpf-pid----379067----pid-1
---ebpf-pid----379067----pid-379067
---ebpf-pid----379067----pid-5476
---ebpf-pid----379067----pid-1
---ebpf-pid----379067----pid-379067
---ebpf-pid----379067----pid-5476
---ebpf-pid----379067----pid-1
---ebpf-pid----379067----pid-379067
---ebpf-pid----379067----pid-5476
---ebpf-pid----379067----pid-1
---ebpf-pid----379067----pid-379067
---ebpf-pid----379067----pid-5476
---ebpf-pid----379067----pid-1
---ebpf-pid----379067----pid-379067
---ebpf-pid----379067----pid-5476
---ebpf-pid----379067----pid-1
---ebpf-pid----2012----pid-2012
---ebpf-pid----2012----pid-1
---ebpf-pid----2012----pid-2012
---ebpf-pid----2012----pid-1
---ebpf-pid----2012----pid-2012
---ebpf-pid----2012----pid-1
---ebpf-pid----2012----pid-2012
---ebpf-pid----2012----pid-1
---ebpf-pid----2012----pid-2012
---ebpf-pid----2012----pid-1
---ebpf-pid----2012----pid-2012
---ebpf-pid----2012----pid-1
---ebpf-pid----2012----pid-2012
---ebpf-pid----2012----pid-1
---ebpf-pid----2012----pid-2012
---ebpf-pid----2012----pid-1
---ebpf-pid----2012----pid-2012
---ebpf-pid----2012----pid-1
---ebpf-pid----2012----pid-2012
---ebpf-pid----2012----pid-1
---ebpf-pid----5705----pid-5705
---ebpf-pid----5705----pid-5476
---ebpf-pid----5705----pid-1
---ebpf-pid----5705----pid-5705
---ebpf-pid----5705----pid-5476
---ebpf-pid----5705----pid-1
---ebpf-pid----5705----pid-5705
---ebpf-pid----5705----pid-5476
---ebpf-pid----5705----pid-1
---ebpf-pid----5705----pid-5705
---ebpf-pid----5705----pid-5476
---ebpf-pid----5705----pid-1
---ebpf-pid----372881----pid-372881
---ebpf-pid----372881----pid-1
---ebpf-pid----372881----pid-372881
---ebpf-pid----372881----pid-1
---ebpf-pid----372881----pid-372881
---ebpf-pid----372881----pid-1
---ebpf-pid----372881----pid-372881
---ebpf-pid----372881----pid-1
---ebpf-pid----372881----pid-372881
---ebpf-pid----372881----pid-1
---ebpf-pid----5707----pid-5707
---ebpf-pid----5707----pid-5476
---ebpf-pid----5707----pid-1
---ebpf-pid----5707----pid-5707
---ebpf-pid----5707----pid-5476
---ebpf-pid----5707----pid-1
---ebpf-pid----5707----pid-5707
---ebpf-pid----5707----pid-5476
---ebpf-pid----5707----pid-1
---ebpf-pid----372881----pid-372881
---ebpf-pid----372881----pid-1
---ebpf-pid----372881----pid-372881
---ebpf-pid----372881----pid-1
---ebpf-pid----372881----pid-372881
---ebpf-pid----372881----pid-1
---ebpf-pid----372881----pid-372881
---ebpf-pid----372881----pid-1
---ebpf-pid----372881----pid-372881
---ebpf-pid----372881----pid-1
---ebpf-pid----2089----pid-2089
---ebpf-pid----2089----pid-1
---ebpf-pid----2089----pid-2089
Failed to get process information for PID 0
---ebpf-pid----2089----pid-1
---ebpf-pid----5638----pid-5638
---ebpf-pid----5638----pid-1
---ebpf-pid----5638----pid-5638
---ebpf-pid----5638----pid-1
---ebpf-pid----2089----pid-2089
---ebpf-pid----2089----pid-1
---ebpf-pid----2089----pid-2089
---ebpf-pid----2089----pid-1
---ebpf-pid----2089----pid-2089
---ebpf-pid----2089----pid-1
---ebpf-pid----2089----pid-2089
---ebpf-pid----2089----pid-1
---ebpf-pid----2089----pid-2089
---ebpf-pid----2089----pid-1
---ebpf-pid----2089----pid-2089
Failed to get process information for PID 0
Failed to get process information for PID 0
---ebpf-pid----2089----pid-1
---ebpf-pid----2089----pid-2089
---ebpf-pid----2089----pid-1
---ebpf-pid----2089----pid-2089
---ebpf-pid----2089----pid-1
---ebpf-pid----2089----pid-2089
---ebpf-pid----2089----pid-1
---ebpf-pid----2089----pid-2089
---ebpf-pid----2089----pid-1
---ebpf-pid----5638----pid-5638
---ebpf-pid----5638----pid-1
---ebpf-pid----5638----pid-5638
---ebpf-pid----5638----pid-1
---ebpf-pid----2089----pid-2089
---ebpf-pid----2089----pid-1
---ebpf-pid----2089----pid-2089
---ebpf-pid----2089----pid-1
---ebpf-pid----2089----pid-2089
---ebpf-pid----2089----pid-1
---ebpf-pid----5614----pid-5614
---ebpf-pid----5614----pid-1
---ebpf-pid----5614----pid-5614
---ebpf-pid----5614----pid-1
---ebpf-pid----448522----pid-448522
---ebpf-pid----448522----pid-1
---ebpf-pid----372881----pid-372881
---ebpf-pid----372881----pid-1
---ebpf-pid----372881----pid-372881
---ebpf-pid----372881----pid-1
---ebpf-pid----372881----pid-372881
---ebpf-pid----372881----pid-1
---ebpf-pid----372881----pid-372881
---ebpf-pid----372881----pid-1
---ebpf-pid----372881----pid-372881
---ebpf-pid----372881----pid-1
---ebpf-pid----372881----pid-372881
---ebpf-pid----372881----pid-1
---ebpf-pid----372881----pid-372881
---ebpf-pid----372881----pid-1
---ebpf-pid----372881----pid-372881
---ebpf-pid----372881----pid-1
---ebpf-pid----372881----pid-372881
---ebpf-pid----372881----pid-1
---ebpf-pid----372881----pid-372881
---ebpf-pid----372881----pid-1
---ebpf-pid----372881----pid-372881
---ebpf-pid----372881----pid-1
---ebpf-pid----372881----pid-372881
---ebpf-pid----372881----pid-1
---ebpf-pid----372881----pid-372881
---ebpf-pid----372881----pid-1
---ebpf-pid----372881----pid-372881
---ebpf-pid----372881----pid-1
---ebpf-pid----372881----pid-372881
---ebpf-pid----372881----pid-1
---ebpf-pid----379067----pid-379067
---ebpf-pid----379067----pid-5476
---ebpf-pid----379067----pid-1
---ebpf-pid----379067----pid-379067
---ebpf-pid----379067----pid-5476
---ebpf-pid----379067----pid-1
---ebpf-pid----379067----pid-379067
---ebpf-pid----379067----pid-5476
---ebpf-pid----379067----pid-1
---ebpf-pid----379067----pid-379067
---ebpf-pid----379067----pid-5476
---ebpf-pid----379067----pid-1
---ebpf-pid----379067----pid-379067
---ebpf-pid----379067----pid-5476
---ebpf-pid----379067----pid-1
---ebpf-pid----379067----pid-379067
---ebpf-pid----379067----pid-5476
---ebpf-pid----379067----pid-1
---ebpf-pid----379067----pid-379067
---ebpf-pid----379067----pid-5476
---ebpf-pid----379067----pid-1
---ebpf-pid----379067----pid-379067
---ebpf-pid----379067----pid-5476
---ebpf-pid----379067----pid-1
---ebpf-pid----379067----pid-379067
---ebpf-pid----379067----pid-5476
---ebpf-pid----379067----pid-1
---ebpf-pid----379067----pid-379067
---ebpf-pid----379067----pid-5476
---ebpf-pid----379067----pid-1
---ebpf-pid----379067----pid-379067
---ebpf-pid----379067----pid-5476
---ebpf-pid----379067----pid-1
---ebpf-pid----379067----pid-379067
---ebpf-pid----379067----pid-5476
---ebpf-pid----379067----pid-1
---ebpf-pid----379067----pid-379067
---ebpf-pid----379067----pid-5476
---ebpf-pid----379067----pid-1
---ebpf-pid----379067----pid-379067
---ebpf-pid----379067----pid-5476
---ebpf-pid----379067----pid-1
---ebpf-pid----379067----pid-379067
---ebpf-pid----379067----pid-5476
---ebpf-pid----379067----pid-1
---ebpf-pid----379067----pid-379067
---ebpf-pid----379067----pid-5476
---ebpf-pid----379067----pid-1
---ebpf-pid----379067----pid-379067
---ebpf-pid----379067----pid-5476
---ebpf-pid----379067----pid-1
---ebpf-pid----379067----pid-379067
---ebpf-pid----379067----pid-5476
---ebpf-pid----379067----pid-1
---ebpf-pid----5705----pid-5705
---ebpf-pid----5705----pid-5476
---ebpf-pid----5705----pid-1
---ebpf-pid----379067----pid-379067
---ebpf-pid----379067----pid-5476
---ebpf-pid----379067----pid-1
---ebpf-pid----379067----pid-379067
---ebpf-pid----379067----pid-5476
---ebpf-pid----379067----pid-1
---ebpf-pid----379067----pid-379067
---ebpf-pid----379067----pid-5476
---ebpf-pid----379067----pid-1
---ebpf-pid----379067----pid-379067
---ebpf-pid----379067----pid-5476
---ebpf-pid----379067----pid-1
---ebpf-pid----2012----pid-2012
---ebpf-pid----2012----pid-1
---ebpf-pid----2012----pid-2012
---ebpf-pid----2012----pid-1
---ebpf-pid----2012----pid-2012
---ebpf-pid----2012----pid-1
---ebpf-pid----2012----pid-2012
---ebpf-pid----2012----pid-1
---ebpf-pid----2089----pid-2089
---ebpf-pid----2089----pid-1
---ebpf-pid----2089----pid-2089
---ebpf-pid----2089----pid-1
---ebpf-pid----2089----pid-2089
---ebpf-pid----2089----pid-1
---ebpf-pid----2089----pid-2089
---ebpf-pid----2089----pid-1
---ebpf-pid----2089----pid-2089
---ebpf-pid----2089----pid-1
---ebpf-pid----2089----pid-2089
---ebpf-pid----2089----pid-1
---ebpf-pid----2089----pid-2089
---ebpf-pid----2089----pid-1
---ebpf-pid----2089----pid-2089
---ebpf-pid----2089----pid-1
---ebpf-pid----2089----pid-2089
---ebpf-pid----2089----pid-1
---ebpf-pid----2089----pid-2089
---ebpf-pid----2089----pid-1
---ebpf-pid----2089----pid-2089
---ebpf-pid----2089----pid-1
---ebpf-pid----2089----pid-2089
---ebpf-pid----2089----pid-1
---ebpf-pid----2089----pid-2089
---ebpf-pid----2089----pid-1
---ebpf-pid----2089----pid-2089
---ebpf-pid----2089----pid-1
---ebpf-pid----2089----pid-2089
---ebpf-pid----2089----pid-1
---ebpf-pid----2089----pid-2089
---ebpf-pid----2089----pid-1
---ebpf-pid----2089----pid-2089
---ebpf-pid----2089----pid-1
---ebpf-pid----2089----pid-2089
---ebpf-pid----2089----pid-1
---ebpf-pid----2089----pid-2089
---ebpf-pid----2089----pid-1
---ebpf-pid----5638----pid-5638
---ebpf-pid----5638----pid-1
---ebpf-pid----5638----pid-5638
---ebpf-pid----5638----pid-1
---ebpf-pid----5705----pid-5705
---ebpf-pid----5705----pid-5476
---ebpf-pid----5705----pid-1
---ebpf-pid----5705----pid-5705
---ebpf-pid----5705----pid-5476
---ebpf-pid----5705----pid-1
---ebpf-pid----5705----pid-5705
---ebpf-pid----5705----pid-5476
---ebpf-pid----5705----pid-1
---ebpf-pid----5705----pid-5705
---ebpf-pid----5705----pid-5476
---ebpf-pid----5705----pid-1
---ebpf-pid----5705----pid-5705
---ebpf-pid----5705----pid-5476
---ebpf-pid----5705----pid-1
---ebpf-pid----5705----pid-5705
---ebpf-pid----5705----pid-5476
---ebpf-pid----5705----pid-1
---ebpf-pid----5705----pid-5705
---ebpf-pid----5705----pid-5476
---ebpf-pid----5705----pid-1
---ebpf-pid----5705----pid-5705
---ebpf-pid----5705----pid-5476
---ebpf-pid----5705----pid-1
---ebpf-pid----5705----pid-5705
---ebpf-pid----5705----pid-5476
---ebpf-pid----5705----pid-1
---ebpf-pid----5705----pid-5705
---ebpf-pid----5705----pid-5476
---ebpf-pid----5705----pid-1
---ebpf-pid----5705----pid-5705
---ebpf-pid----5705----pid-5476
---ebpf-pid----5705----pid-1
---ebpf-pid----5705----pid-5705
---ebpf-pid----5705----pid-5476
---ebpf-pid----5705----pid-1
---ebpf-pid----5705----pid-5705
---ebpf-pid----5705----pid-5476
---ebpf-pid----5705----pid-1
---ebpf-pid----5705----pid-5705
---ebpf-pid----5705----pid-5476
---ebpf-pid----5705----pid-1
---ebpf-pid----5705----pid-5705
---ebpf-pid----5705----pid-5476
---ebpf-pid----5705----pid-1
---ebpf-pid----5705----pid-5705
---ebpf-pid----5705----pid-5476
---ebpf-pid----5705----pid-1
---ebpf-pid----5705----pid-5705
---ebpf-pid----5705----pid-5476
---ebpf-pid----5705----pid-1
---ebpf-pid----5705----pid-5705
---ebpf-pid----5705----pid-5476
---ebpf-pid----5705----pid-1
---ebpf-pid----5705----pid-5705
---ebpf-pid----5705----pid-5476
---ebpf-pid----5705----pid-1
---ebpf-pid----5705----pid-5705
---ebpf-pid----5705----pid-5476
---ebpf-pid----5705----pid-1
---ebpf-pid----5705----pid-5705
---ebpf-pid----5705----pid-5476
---ebpf-pid----5705----pid-1
---ebpf-pid----5705----pid-5705
---ebpf-pid----5705----pid-5476
---ebpf-pid----5705----pid-1
---ebpf-pid----5705----pid-5705
---ebpf-pid----5705----pid-5476
---ebpf-pid----5705----pid-1
---ebpf-pid----448521----pid-448521
---ebpf-pid----448521----pid-1
---ebpf-pid----448522----pid-448522
---ebpf-pid----448522----pid-1
---ebpf-pid----372881----pid-372881
---ebpf-pid----372881----pid-1
---ebpf-pid----372881----pid-372881
---ebpf-pid----372881----pid-1
---ebpf-pid----372881----pid-372881
---ebpf-pid----372881----pid-1
---ebpf-pid----372881----pid-372881
---ebpf-pid----372881----pid-1
---ebpf-pid----372881----pid-372881
---ebpf-pid----372881----pid-1
---ebpf-pid----372881----pid-372881
---ebpf-pid----372881----pid-1
---ebpf-pid----372881----pid-372881
---ebpf-pid----372881----pid-1
---ebpf-pid----372881----pid-372881
---ebpf-pid----372881----pid-1
---ebpf-pid----372881----pid-372881
---ebpf-pid----372881----pid-1
---ebpf-pid----372881----pid-372881
---ebpf-pid----372881----pid-1
---ebpf-pid----372881----pid-372881
---ebpf-pid----372881----pid-1
---ebpf-pid----372881----pid-372881
---ebpf-pid----372881----pid-1
---ebpf-pid----372881----pid-372881
---ebpf-pid----372881----pid-1
---ebpf-pid----372881----pid-372881
---ebpf-pid----372881----pid-1
---ebpf-pid----372881----pid-372881
---ebpf-pid----372881----pid-1
---ebpf-pid----372881----pid-372881
---ebpf-pid----372881----pid-1
---ebpf-pid----372881----pid-372881
---ebpf-pid----372881----pid-1
---ebpf-pid----372881----pid-372881
---ebpf-pid----372881----pid-1
---ebpf-pid----372881----pid-372881
---ebpf-pid----372881----pid-1
---ebpf-pid----372881----pid-372881
---ebpf-pid----372881----pid-1
---ebpf-pid----372881----pid-372881
---ebpf-pid----372881----pid-1
---ebpf-pid----372881----pid-372881
---ebpf-pid----372881----pid-1
---ebpf-pid----372881----pid-372881
---ebpf-pid----372881----pid-1
---ebpf-pid----372881----pid-372881
---ebpf-pid----372881----pid-1
---ebpf-pid----372881----pid-372881
---ebpf-pid----372881----pid-1
---ebpf-pid----372881----pid-372881
---ebpf-pid----372881----pid-1
---ebpf-pid----372881----pid-372881
---ebpf-pid----372881----pid-1
---ebpf-pid----372881----pid-372881
---ebpf-pid----372881----pid-1
---ebpf-pid----372881----pid-372881
---ebpf-pid----372881----pid-1
---ebpf-pid----372881----pid-372881
---ebpf-pid----372881----pid-1
---ebpf-pid----372881----pid-372881
---ebpf-pid----372881----pid-1
---ebpf-pid----372881----pid-372881
---ebpf-pid----372881----pid-1
---ebpf-pid----372881----pid-372881
---ebpf-pid----372881----pid-1
---ebpf-pid----372881----pid-372881
---ebpf-pid----372881----pid-1
---ebpf-pid----372881----pid-372881
---ebpf-pid----372881----pid-1
---ebpf-pid----372881----pid-372881
---ebpf-pid----372881----pid-1
---ebpf-pid----372881----pid-372881
---ebpf-pid----372881----pid-1
---ebpf-pid----372881----pid-372881
---ebpf-pid----372881----pid-1
---ebpf-pid----372881----pid-372881
---ebpf-pid----372881----pid-1
---ebpf-pid----372881----pid-372881
---ebpf-pid----372881----pid-1
---ebpf-pid----372881----pid-372881
---ebpf-pid----372881----pid-1
---ebpf-pid----372881----pid-372881
---ebpf-pid----372881----pid-1
---ebpf-pid----372881----pid-372881
---ebpf-pid----372881----pid-1
---ebpf-pid----2012----pid-2012
---ebpf-pid----2012----pid-1
---ebpf-pid----2012----pid-2012
---ebpf-pid----2012----pid-1
---ebpf-pid----2012----pid-2012
---ebpf-pid----2012----pid-1
---ebpf-pid----2012----pid-2012
---ebpf-pid----2012----pid-1
---ebpf-pid----2012----pid-2012
---ebpf-pid----2012----pid-1
---ebpf-pid----2012----pid-2012
---ebpf-pid----2012----pid-1
---ebpf-pid----2012----pid-2012
---ebpf-pid----2012----pid-1
---ebpf-pid----2012----pid-2012
---ebpf-pid----2012----pid-1
---ebpf-pid----2012----pid-2012
---ebpf-pid----2012----pid-1
---ebpf-pid----2012----pid-2012
---ebpf-pid----2012----pid-1
---ebpf-pid----5705----pid-5705
---ebpf-pid----5705----pid-5476
---ebpf-pid----5705----pid-1
---ebpf-pid----5705----pid-5705
---ebpf-pid----5705----pid-5476
---ebpf-pid----5705----pid-1
---ebpf-pid----2012----pid-2012
---ebpf-pid----2012----pid-1
---ebpf-pid----2012----pid-2012
---ebpf-pid----2012----pid-1
---ebpf-pid----2012----pid-2012
---ebpf-pid----2012----pid-1
---ebpf-pid----2012----pid-2012
---ebpf-pid----2012----pid-1
---ebpf-pid----2012----pid-2012
---ebpf-pid----2012----pid-1
---ebpf-pid----2012----pid-2012
---ebpf-pid----2012----pid-1
---ebpf-pid----2012----pid-2012
---ebpf-pid----2012----pid-1
---ebpf-pid----7312----pid-7312
---ebpf-pid----7312----pid-1
---ebpf-pid----7313----pid-7313
---ebpf-pid----7313----pid-1
---ebpf-pid----2089----pid-2089
---ebpf-pid----2089----pid-1
---ebpf-pid----2089----pid-2089
---ebpf-pid----2089----pid-1
---ebpf-pid----2089----pid-2089
---ebpf-pid----2089----pid-1
---ebpf-pid----2089----pid-2089
---ebpf-pid----2089----pid-1
---ebpf-pid----2089----pid-2089
---ebpf-pid----2089----pid-1
---ebpf-pid----2089----pid-2089
---ebpf-pid----2089----pid-1
---ebpf-pid----2089----pid-2089
---ebpf-pid----2089----pid-1
---ebpf-pid----2089----pid-2089
---ebpf-pid----2089----pid-1
---ebpf-pid----2089----pid-2089
---ebpf-pid----2089----pid-1
---ebpf-pid----2089----pid-2089
---ebpf-pid----2089----pid-1
---ebpf-pid----2089----pid-2089
---ebpf-pid----2089----pid-1
---ebpf-pid----2089----pid-2089
---ebpf-pid----2089----pid-1
---ebpf-pid----2089----pid-2089
---ebpf-pid----2089----pid-1
---ebpf-pid----2089----pid-2089
---ebpf-pid----2089----pid-1
---ebpf-pid----2089----pid-2089
---ebpf-pid----2089----pid-1
---ebpf-pid----2089----pid-2089
---ebpf-pid----2089----pid-1
---ebpf-pid----2089----pid-2089
---ebpf-pid----2089----pid-1
---ebpf-pid----2089----pid-2089
---ebpf-pid----2089----pid-1
---ebpf-pid----372881----pid-372881
---ebpf-pid----372881----pid-1
---ebpf-pid----5705----pid-5705
---ebpf-pid----5705----pid-5476
---ebpf-pid----5705----pid-1
---ebpf-pid----5705----pid-5705
---ebpf-pid----5705----pid-5476
---ebpf-pid----5705----pid-1
---ebpf-pid----372881----pid-372881
---ebpf-pid----372881----pid-1
---ebpf-pid----372881----pid-372881
---ebpf-pid----372881----pid-1
---ebpf-pid----372881----pid-372881
---ebpf-pid----372881----pid-1
---ebpf-pid----372881----pid-372881
---ebpf-pid----372881----pid-1
---ebpf-pid----5705----pid-5705
---ebpf-pid----5705----pid-5476
---ebpf-pid----5705----pid-1
---ebpf-pid----5705----pid-5705
---ebpf-pid----5705----pid-5476
---ebpf-pid----5705----pid-1
---ebpf-pid----5705----pid-5705
---ebpf-pid----5705----pid-5476
---ebpf-pid----5705----pid-1
---ebpf-pid----379067----pid-379067
---ebpf-pid----379067----pid-5476
---ebpf-pid----379067----pid-1
---ebpf-pid----5705----pid-5705
---ebpf-pid----5705----pid-5476
---ebpf-pid----5705----pid-1
---ebpf-pid----5705----pid-5705
---ebpf-pid----5705----pid-5476
---ebpf-pid----5705----pid-1
---ebpf-pid----372881----pid-372881
---ebpf-pid----372881----pid-1
---ebpf-pid----372881----pid-372881
---ebpf-pid----372881----pid-1
---ebpf-pid----7313----pid-7313
---ebpf-pid----7313----pid-1
---ebpf-pid----5707----pid-5707
---ebpf-pid----5707----pid-5476
---ebpf-pid----5707----pid-1
---ebpf-pid----5707----pid-5707
---ebpf-pid----5707----pid-5476
---ebpf-pid----5707----pid-1
---ebpf-pid----5707----pid-5707
---ebpf-pid----5707----pid-5476
---ebpf-pid----5707----pid-1
---ebpf-pid----5707----pid-5707
---ebpf-pid----5707----pid-5476
---ebpf-pid----5707----pid-1
---ebpf-pid----5707----pid-5707
---ebpf-pid----5707----pid-5476
---ebpf-pid----5707----pid-1
---ebpf-pid----5707----pid-5707
---ebpf-pid----5707----pid-5476
---ebpf-pid----5707----pid-1
---ebpf-pid----5707----pid-5707
---ebpf-pid----5707----pid-5476
---ebpf-pid----5707----pid-1
---ebpf-pid----5707----pid-5707
---ebpf-pid----5707----pid-5476
---ebpf-pid----5707----pid-1
---ebpf-pid----5707----pid-5707
---ebpf-pid----5707----pid-5476
---ebpf-pid----5707----pid-1
---ebpf-pid----5707----pid-5707
---ebpf-pid----5707----pid-5476
---ebpf-pid----5707----pid-1
---ebpf-pid----5707----pid-5707
---ebpf-pid----5707----pid-5476
---ebpf-pid----5707----pid-1
---ebpf-pid----5707----pid-5707
---ebpf-pid----5707----pid-5476
---ebpf-pid----5707----pid-1
---ebpf-pid----5707----pid-5707
---ebpf-pid----5707----pid-5476
---ebpf-pid----5707----pid-1
---ebpf-pid----372881----pid-372881
---ebpf-pid----372881----pid-1
---ebpf-pid----2088----pid-2088
---ebpf-pid----2088----pid-1
---ebpf-pid----2088----pid-2088
---ebpf-pid----2088----pid-1
---ebpf-pid----2088----pid-2088
---ebpf-pid----2088----pid-1
---ebpf-pid----2088----pid-2088
---ebpf-pid----2088----pid-1
---ebpf-pid----2088----pid-2088
---ebpf-pid----2088----pid-1
---ebpf-pid----2088----pid-2088
---ebpf-pid----2088----pid-1
---ebpf-pid----2088----pid-2088
---ebpf-pid----2088----pid-1
---ebpf-pid----2088----pid-2088
---ebpf-pid----2088----pid-1
---ebpf-pid----2088----pid-2088
---ebpf-pid----2088----pid-1
---ebpf-pid----2088----pid-2088
---ebpf-pid----2088----pid-1
---ebpf-pid----5707----pid-5707
---ebpf-pid----5707----pid-5476
---ebpf-pid----5707----pid-1
---ebpf-pid----5707----pid-5707
---ebpf-pid----5707----pid-5476
---ebpf-pid----5707----pid-1
---ebpf-pid----5707----pid-5707
---ebpf-pid----5707----pid-5476
---ebpf-pid----5707----pid-1
---ebpf-pid----5707----pid-5707
---ebpf-pid----5707----pid-5476
---ebpf-pid----5707----pid-1
---ebpf-pid----2088----pid-2088
---ebpf-pid----2088----pid-1
---ebpf-pid----2088----pid-2088
---ebpf-pid----2088----pid-1
---ebpf-pid----2088----pid-2088
Failed to get process information for PID 0
---ebpf-pid----2088----pid-1
---ebpf-pid----5707----pid-5707
---ebpf-pid----5707----pid-5476
---ebpf-pid----5707----pid-1
---ebpf-pid----5707----pid-5707
---ebpf-pid----5707----pid-5476
---ebpf-pid----5707----pid-1
---ebpf-pid----5707----pid-5707
---ebpf-pid----5707----pid-5476
---ebpf-pid----5707----pid-1
---ebpf-pid----5638----pid-5638
---ebpf-pid----5638----pid-1
---ebpf-pid----5707----pid-5707
---ebpf-pid----5707----pid-5476
---ebpf-pid----5707----pid-1
---ebpf-pid----5707----pid-5707
---ebpf-pid----5707----pid-5476
---ebpf-pid----5707----pid-1
---ebpf-pid----2088----pid-2088
---ebpf-pid----2088----pid-1
---ebpf-pid----2088----pid-2088
---ebpf-pid----2088----pid-1
---ebpf-pid----2088----pid-2088
---ebpf-pid----2088----pid-1
---ebpf-pid----2088----pid-2088
---ebpf-pid----2088----pid-1
---ebpf-pid----5707----pid-5707
---ebpf-pid----5707----pid-5476
---ebpf-pid----5707----pid-1
---ebpf-pid----5707----pid-5707
---ebpf-pid----5707----pid-5476
---ebpf-pid----5707----pid-1
---ebpf-pid----2088----pid-2088
---ebpf-pid----2088----pid-1
---ebpf-pid----2088----pid-2088
---ebpf-pid----2088----pid-1
---ebpf-pid----2088----pid-2088
---ebpf-pid----2088----pid-1
---ebpf-pid----2088----pid-2088
---ebpf-pid----2088----pid-1
---ebpf-pid----2088----pid-2088
---ebpf-pid----2088----pid-1
---ebpf-pid----2088----pid-2088
---ebpf-pid----2088----pid-1
---ebpf-pid----2088----pid-2088
---ebpf-pid----2088----pid-1
---ebpf-pid----2089----pid-2089
---ebpf-pid----2089----pid-1
---ebpf-pid----2089----pid-2089
---ebpf-pid----2089----pid-1
---ebpf-pid----2089----pid-2089
---ebpf-pid----2089----pid-1
---ebpf-pid----2089----pid-2089
---ebpf-pid----2089----pid-1
---ebpf-pid----2089----pid-2089
---ebpf-pid----2089----pid-1
---ebpf-pid----2089----pid-2089
---ebpf-pid----2089----pid-1
---ebpf-pid----2089----pid-2089
---ebpf-pid----2089----pid-1
---ebpf-pid----2089----pid-2089
---ebpf-pid----2089----pid-1
---ebpf-pid----2089----pid-2089
---ebpf-pid----2089----pid-1
---ebpf-pid----2089----pid-2089
---ebpf-pid----2089----pid-1
---ebpf-pid----2089----pid-2089
---ebpf-pid----2089----pid-1
---ebpf-pid----2089----pid-2089
---ebpf-pid----2089----pid-1
---ebpf-pid----2089----pid-2089
---ebpf-pid----2089----pid-1
---ebpf-pid----2089----pid-2089
---ebpf-pid----2089----pid-1
---ebpf-pid----5638----pid-5638
---ebpf-pid----5638----pid-1
---ebpf-pid----5707----pid-5707
---ebpf-pid----5707----pid-5476
---ebpf-pid----5707----pid-1
---ebpf-pid----5707----pid-5707
---ebpf-pid----5707----pid-5476
---ebpf-pid----5707----pid-1
---ebpf-pid----372881----pid-372881
---ebpf-pid----372881----pid-1
---ebpf-pid----372881----pid-372881
---ebpf-pid----372881----pid-1
---ebpf-pid----372881----pid-372881
---ebpf-pid----372881----pid-1
---ebpf-pid----372881----pid-372881
---ebpf-pid----372881----pid-1
---ebpf-pid----372881----pid-372881
---ebpf-pid----372881----pid-1
Failed to get process information for PID 0
---ebpf-pid----372881----pid-372881
---ebpf-pid----372881----pid-1
---ebpf-pid----372881----pid-372881
---ebpf-pid----372881----pid-1
---ebpf-pid----372881----pid-372881
---ebpf-pid----372881----pid-1
---ebpf-pid----372881----pid-372881
---ebpf-pid----372881----pid-1
---ebpf-pid----372881----pid-372881
---ebpf-pid----372881----pid-1
---ebpf-pid----372881----pid-372881
---ebpf-pid----372881----pid-1
---ebpf-pid----372881----pid-372881
---ebpf-pid----372881----pid-1
---ebpf-pid----372881----pid-372881
---ebpf-pid----372881----pid-1
---ebpf-pid----372881----pid-372881
---ebpf-pid----372881----pid-1
---ebpf-pid----5707----pid-5707
---ebpf-pid----5707----pid-5476
---ebpf-pid----5707----pid-1
---ebpf-pid----5707----pid-5707
---ebpf-pid----5707----pid-5476
---ebpf-pid----5707----pid-1
---ebpf-pid----5707----pid-5707
---ebpf-pid----5707----pid-5476
---ebpf-pid----5707----pid-1
---ebpf-pid----5707----pid-5707
---ebpf-pid----5707----pid-5476
---ebpf-pid----5707----pid-1
---ebpf-pid----2088----pid-2088
---ebpf-pid----2088----pid-1
---ebpf-pid----2088----pid-2088
---ebpf-pid----2088----pid-1
---ebpf-pid----2088----pid-2088
---ebpf-pid----2088----pid-1
---ebpf-pid----2088----pid-2088
---ebpf-pid----2088----pid-1
---ebpf-pid----2088----pid-2088
---ebpf-pid----2088----pid-1
---ebpf-pid----2088----pid-2088
---ebpf-pid----2088----pid-1
Failed to get process information for PID 0
---ebpf-pid----2088----pid-2088
---ebpf-pid----2088----pid-1
---ebpf-pid----2088----pid-2088
---ebpf-pid----2088----pid-1
---ebpf-pid----2088----pid-2088
---ebpf-pid----2088----pid-1
---ebpf-pid----2088----pid-2088
---ebpf-pid----2088----pid-1
---ebpf-pid----2088----pid-2088
---ebpf-pid----2088----pid-1
---ebpf-pid----2088----pid-2088
---ebpf-pid----2088----pid-1
---ebpf-pid----2088----pid-2088
---ebpf-pid----2088----pid-1
---ebpf-pid----2088----pid-2088
---ebpf-pid----2088----pid-1
---ebpf-pid----2088----pid-2088
---ebpf-pid----2088----pid-1
---ebpf-pid----5707----pid-5707
---ebpf-pid----5707----pid-5476
---ebpf-pid----5707----pid-1
---ebpf-pid----5707----pid-5707
---ebpf-pid----5707----pid-5476
---ebpf-pid----5707----pid-1
---ebpf-pid----2088----pid-2088
---ebpf-pid----2088----pid-1
---ebpf-pid----2088----pid-2088
---ebpf-pid----2088----pid-1
---ebpf-pid----2088----pid-2088
---ebpf-pid----2088----pid-1
---ebpf-pid----2088----pid-2088
---ebpf-pid----2088----pid-1
---ebpf-pid----2088----pid-2088
---ebpf-pid----2088----pid-1
---ebpf-pid----2088----pid-2088
---ebpf-pid----2088----pid-1
---ebpf-pid----2088----pid-2088
---ebpf-pid----2088----pid-1
---ebpf-pid----2088----pid-2088
---ebpf-pid----2088----pid-1
---ebpf-pid----2088----pid-2088
---ebpf-pid----2088----pid-1
---ebpf-pid----2088----pid-2088
---ebpf-pid----2088----pid-1
---ebpf-pid----2088----pid-2088
---ebpf-pid----2088----pid-1
---ebpf-pid----2088----pid-2088
---ebpf-pid----2088----pid-1
---ebpf-pid----2088----pid-2088
---ebpf-pid----2088----pid-1
---ebpf-pid----2088----pid-2088
---ebpf-pid----2088----pid-1
---ebpf-pid----2088----pid-2088
---ebpf-pid----2088----pid-1
---ebpf-pid----2088----pid-2088
---ebpf-pid----2088----pid-1
---ebpf-pid----5707----pid-5707
---ebpf-pid----5707----pid-5476
---ebpf-pid----5707----pid-1
---ebpf-pid----5707----pid-5707
---ebpf-pid----5707----pid-5476
---ebpf-pid----5707----pid-1
---ebpf-pid----2088----pid-2088
---ebpf-pid----2088----pid-1
---ebpf-pid----5707----pid-5707
---ebpf-pid----5707----pid-5476
---ebpf-pid----5707----pid-1
---ebpf-pid----5707----pid-5707
---ebpf-pid----5707----pid-5476
---ebpf-pid----5707----pid-1
---ebpf-pid----5707----pid-5707
---ebpf-pid----5707----pid-5476
---ebpf-pid----5707----pid-1
---ebpf-pid----5707----pid-5707
---ebpf-pid----5707----pid-5476
---ebpf-pid----5707----pid-1
---ebpf-pid----5707----pid-5707
---ebpf-pid----5707----pid-5476
---ebpf-pid----5707----pid-1
---ebpf-pid----5637----pid-5637
Failed to get process information for PID 0
---ebpf-pid----5637----pid-1
Failed to get process information for PID 0
---ebpf-pid----2088----pid-2088
---ebpf-pid----2088----pid-1
---ebpf-pid----2088----pid-2088
---ebpf-pid----2088----pid-1
---ebpf-pid----2088----pid-2088
---ebpf-pid----2088----pid-1
---ebpf-pid----2088----pid-2088
---ebpf-pid----2088----pid-1
---ebpf-pid----2088----pid-2088
---ebpf-pid----2088----pid-1
---ebpf-pid----2088----pid-2088
---ebpf-pid----2088----pid-1
---ebpf-pid----2088----pid-2088
---ebpf-pid----2088----pid-1
---ebpf-pid----2088----pid-2088
---ebpf-pid----2088----pid-1
---ebpf-pid----2088----pid-2088
---ebpf-pid----2088----pid-1
---ebpf-pid----2088----pid-2088
---ebpf-pid----2088----pid-1
---ebpf-pid----2088----pid-2088
---ebpf-pid----2088----pid-1
---ebpf-pid----2088----pid-2088
---ebpf-pid----2088----pid-1
---ebpf-pid----2088----pid-2088
---ebpf-pid----2088----pid-1
---ebpf-pid----2088----pid-2088
---ebpf-pid----2088----pid-1
---ebpf-pid----2088----pid-2088
---ebpf-pid----2088----pid-1
---ebpf-pid----2088----pid-2088
---ebpf-pid----2088----pid-1
---ebpf-pid----2088----pid-2088
---ebpf-pid----2088----pid-1
---ebpf-pid----372881----pid-372881
---ebpf-pid----372881----pid-1
---ebpf-pid----372881----pid-372881
---ebpf-pid----372881----pid-1
---ebpf-pid----372881----pid-372881
---ebpf-pid----372881----pid-1
---ebpf-pid----372881----pid-372881
---ebpf-pid----372881----pid-1
---ebpf-pid----372881----pid-372881
---ebpf-pid----372881----pid-1
---ebpf-pid----5637----pid-5637
---ebpf-pid----5637----pid-1
---ebpf-pid----372881----pid-372881
---ebpf-pid----372881----pid-1
---ebpf-pid----372881----pid-372881
---ebpf-pid----372881----pid-1
---ebpf-pid----372881----pid-372881
---ebpf-pid----372881----pid-1
---ebpf-pid----372881----pid-372881
---ebpf-pid----372881----pid-1
---ebpf-pid----372881----pid-372881
---ebpf-pid----372881----pid-1
---ebpf-pid----372881----pid-372881
---ebpf-pid----372881----pid-1
---ebpf-pid----372881----pid-372881
---ebpf-pid----372881----pid-1
---ebpf-pid----372881----pid-372881
---ebpf-pid----372881----pid-1
---ebpf-pid----372881----pid-372881
---ebpf-pid----372881----pid-1
---ebpf-pid----2088----pid-2088
---ebpf-pid----2088----pid-1
---ebpf-pid----2088----pid-2088
---ebpf-pid----2088----pid-1
---ebpf-pid----2088----pid-2088
---ebpf-pid----2088----pid-1
---ebpf-pid----2088----pid-2088
---ebpf-pid----2088----pid-1
---ebpf-pid----2088----pid-2088
---ebpf-pid----2088----pid-1
---ebpf-pid----2088----pid-2088
---ebpf-pid----2088----pid-1
---ebpf-pid----2088----pid-2088
---ebpf-pid----2088----pid-1
---ebpf-pid----2088----pid-2088
---ebpf-pid----2088----pid-1
---ebpf-pid----2088----pid-2088
---ebpf-pid----2088----pid-1
---ebpf-pid----2088----pid-2088
---ebpf-pid----2088----pid-1
---ebpf-pid----2088----pid-2088
---ebpf-pid----2088----pid-1
---ebpf-pid----2088----pid-2088
---ebpf-pid----2088----pid-1
---ebpf-pid----2088----pid-2088
---ebpf-pid----2088----pid-1
---ebpf-pid----2088----pid-2088
---ebpf-pid----2088----pid-1
---ebpf-pid----2088----pid-2088
---ebpf-pid----2088----pid-1
---ebpf-pid----2088----pid-2088
---ebpf-pid----2088----pid-1
---ebpf-pid----5637----pid-5637
---ebpf-pid----5637----pid-1
---ebpf-pid----5637----pid-5637
---ebpf-pid----5637----pid-1
---ebpf-pid----2088----pid-2088
---ebpf-pid----2088----pid-1
---ebpf-pid----2088----pid-2088
---ebpf-pid----2088----pid-1
---ebpf-pid----2088----pid-2088
---ebpf-pid----2088----pid-1
---ebpf-pid----2088----pid-2088
---ebpf-pid----2088----pid-1
---ebpf-pid----2088----pid-2088
---ebpf-pid----2088----pid-1
---ebpf-pid----5637----pid-5637
---ebpf-pid----5637----pid-1
---ebpf-pid----5637----pid-5637
---ebpf-pid----5637----pid-1
---ebpf-pid----2088----pid-2088
---ebpf-pid----2088----pid-1
---ebpf-pid----2088----pid-2088
---ebpf-pid----2088----pid-1
---ebpf-pid----2088----pid-2088
---ebpf-pid----2088----pid-1
---ebpf-pid----5637----pid-5637
---ebpf-pid----5637----pid-1
---ebpf-pid----5614----pid-5614
---ebpf-pid----5614----pid-1
---ebpf-pid----2088----pid-2088
---ebpf-pid----2088----pid-1
---ebpf-pid----2088----pid-2088
---ebpf-pid----2088----pid-1
---ebpf-pid----2088----pid-2088
---ebpf-pid----2088----pid-1
---ebpf-pid----2088----pid-2088
---ebpf-pid----2088----pid-1
---ebpf-pid----2088----pid-2088
---ebpf-pid----2088----pid-1
---ebpf-pid----2088----pid-2088
---ebpf-pid----2088----pid-1
---ebpf-pid----2088----pid-2088
---ebpf-pid----2088----pid-1
---ebpf-pid----2088----pid-2088
---ebpf-pid----2088----pid-1
---ebpf-pid----2088----pid-2088
---ebpf-pid----2088----pid-1
---ebpf-pid----2088----pid-2088
---ebpf-pid----2088----pid-1
---ebpf-pid----2088----pid-2088
---ebpf-pid----2088----pid-1
---ebpf-pid----2088----pid-2088
---ebpf-pid----2088----pid-1
---ebpf-pid----2088----pid-2088
---ebpf-pid----2088----pid-1
---ebpf-pid----2088----pid-2088
---ebpf-pid----2088----pid-1
---ebpf-pid----2088----pid-2088
---ebpf-pid----2088----pid-1
---ebpf-pid----2088----pid-2088
---ebpf-pid----2088----pid-1
---ebpf-pid----2088----pid-2088
---ebpf-pid----2088----pid-1
---ebpf-pid----2088----pid-2088
---ebpf-pid----2088----pid-1
---ebpf-pid----2088----pid-2088
---ebpf-pid----2088----pid-1
---ebpf-pid----2088----pid-2088
---ebpf-pid----2088----pid-1
---ebpf-pid----2088----pid-2088
---ebpf-pid----2088----pid-1
---ebpf-pid----2088----pid-2088
---ebpf-pid----2088----pid-1
---ebpf-pid----2088----pid-2088
---ebpf-pid----2088----pid-1
---ebpf-pid----2088----pid-2088
---ebpf-pid----2088----pid-1
---ebpf-pid----379067----pid-379067
---ebpf-pid----379067----pid-5476
---ebpf-pid----379067----pid-1
---ebpf-pid----379067----pid-379067
---ebpf-pid----379067----pid-5476
---ebpf-pid----379067----pid-1
---ebpf-pid----379067----pid-379067
---ebpf-pid----379067----pid-5476
---ebpf-pid----379067----pid-1
---ebpf-pid----379067----pid-379067
---ebpf-pid----379067----pid-5476
---ebpf-pid----379067----pid-1
---ebpf-pid----379067----pid-379067
---ebpf-pid----379067----pid-5476
---ebpf-pid----379067----pid-1
---ebpf-pid----379067----pid-379067
---ebpf-pid----379067----pid-5476
---ebpf-pid----379067----pid-1
---ebpf-pid----379067----pid-379067
---ebpf-pid----379067----pid-5476
---ebpf-pid----379067----pid-1
---ebpf-pid----379067----pid-379067
---ebpf-pid----379067----pid-5476
---ebpf-pid----379067----pid-1
---ebpf-pid----379067----pid-379067
---ebpf-pid----379067----pid-5476
---ebpf-pid----379067----pid-1
---ebpf-pid----379067----pid-379067
---ebpf-pid----379067----pid-5476
---ebpf-pid----379067----pid-1
---ebpf-pid----448783----pid-448783
---ebpf-pid----448783----pid-448520
---ebpf-pid----448783----pid-1
---ebpf-pid----448783----pid-448783
---ebpf-pid----448783----pid-448520
---ebpf-pid----448783----pid-1
---ebpf-pid----448783----pid-448783
---ebpf-pid----448783----pid-448520
---ebpf-pid----448783----pid-1
---ebpf-pid----372714----pid-372714
---ebpf-pid----372714----pid-5476
---ebpf-pid----372714----pid-1
---ebpf-pid----372714----pid-372714
---ebpf-pid----372714----pid-5476
---ebpf-pid----372714----pid-1
---ebpf-pid----372714----pid-372714
---ebpf-pid----372714----pid-5476
---ebpf-pid----372714----pid-1
---ebpf-pid----372714----pid-372714
---ebpf-pid----372714----pid-5476
---ebpf-pid----372714----pid-1
---ebpf-pid----448783----pid-448783
---ebpf-pid----448783----pid-448520
---ebpf-pid----448783----pid-1
---ebpf-pid----448783----pid-448783
---ebpf-pid----448783----pid-448520
---ebpf-pid----448783----pid-1
---ebpf-pid----448783----pid-448783
---ebpf-pid----448783----pid-448520
---ebpf-pid----448783----pid-1
---ebpf-pid----448783----pid-448783
---ebpf-pid----448783----pid-448520
---ebpf-pid----448783----pid-1
---ebpf-pid----379067----pid-379067
---ebpf-pid----379067----pid-5476
---ebpf-pid----379067----pid-1
---ebpf-pid----379067----pid-379067
---ebpf-pid----379067----pid-5476
---ebpf-pid----379067----pid-1
---ebpf-pid----379067----pid-379067
---ebpf-pid----379067----pid-5476
---ebpf-pid----379067----pid-1
---ebpf-pid----448783----pid-448783
---ebpf-pid----448783----pid-448520
---ebpf-pid----448783----pid-1
---ebpf-pid----448783----pid-448783
---ebpf-pid----448783----pid-448520
---ebpf-pid----448783----pid-1
---ebpf-pid----448783----pid-448783
---ebpf-pid----448783----pid-448520
---ebpf-pid----448783----pid-1
---ebpf-pid----448783----pid-448783
---ebpf-pid----448783----pid-448520
---ebpf-pid----448783----pid-1
---ebpf-pid----379067----pid-379067
---ebpf-pid----379067----pid-5476
---ebpf-pid----379067----pid-1
---ebpf-pid----379067----pid-379067
---ebpf-pid----379067----pid-5476
---ebpf-pid----379067----pid-1
---ebpf-pid----379067----pid-379067
---ebpf-pid----379067----pid-5476
---ebpf-pid----379067----pid-1
---ebpf-pid----379067----pid-379067
---ebpf-pid----379067----pid-5476
---ebpf-pid----379067----pid-1
---ebpf-pid----379067----pid-379067
---ebpf-pid----379067----pid-5476
---ebpf-pid----379067----pid-1
---ebpf-pid----379067----pid-379067
---ebpf-pid----379067----pid-5476
---ebpf-pid----379067----pid-1
---ebpf-pid----379067----pid-379067
---ebpf-pid----379067----pid-5476
---ebpf-pid----379067----pid-1
---ebpf-pid----379067----pid-379067
---ebpf-pid----379067----pid-5476
---ebpf-pid----379067----pid-1
---ebpf-pid----379067----pid-379067
---ebpf-pid----379067----pid-5476
---ebpf-pid----379067----pid-1
---ebpf-pid----379067----pid-379067
---ebpf-pid----379067----pid-5476
---ebpf-pid----379067----pid-1
---ebpf-pid----379067----pid-379067
---ebpf-pid----379067----pid-5476
---ebpf-pid----379067----pid-1
---ebpf-pid----379067----pid-379067
---ebpf-pid----379067----pid-5476
---ebpf-pid----379067----pid-1
---ebpf-pid----379067----pid-379067
---ebpf-pid----379067----pid-5476
---ebpf-pid----379067----pid-1
---ebpf-pid----379067----pid-379067
---ebpf-pid----379067----pid-5476
---ebpf-pid----379067----pid-1
---ebpf-pid----379067----pid-379067
---ebpf-pid----379067----pid-5476
---ebpf-pid----379067----pid-1
---ebpf-pid----379067----pid-379067
---ebpf-pid----379067----pid-5476
---ebpf-pid----379067----pid-1
---ebpf-pid----379067----pid-379067
---ebpf-pid----379067----pid-5476
---ebpf-pid----379067----pid-1
---ebpf-pid----379067----pid-379067
---ebpf-pid----379067----pid-5476
---ebpf-pid----379067----pid-1
---ebpf-pid----379067----pid-379067
---ebpf-pid----379067----pid-5476
---ebpf-pid----379067----pid-1
---ebpf-pid----379067----pid-379067
---ebpf-pid----379067----pid-5476
---ebpf-pid----379067----pid-1
---ebpf-pid----448783----pid-448783
---ebpf-pid----448783----pid-448520
---ebpf-pid----448783----pid-1
---ebpf-pid----5614----pid-5614
---ebpf-pid----5614----pid-1
---ebpf-pid----448783----pid-448783
---ebpf-pid----448783----pid-448520
---ebpf-pid----448783----pid-1
---ebpf-pid----448783----pid-448783
---ebpf-pid----448783----pid-448520
---ebpf-pid----448783----pid-1
---ebpf-pid----448783----pid-448783
---ebpf-pid----448783----pid-448520
---ebpf-pid----448783----pid-1
---ebpf-pid----448783----pid-448783
---ebpf-pid----448783----pid-448520
---ebpf-pid----448783----pid-1
---ebpf-pid----448783----pid-448783
---ebpf-pid----448783----pid-448520
---ebpf-pid----448783----pid-1
---ebpf-pid----448783----pid-448783
---ebpf-pid----448783----pid-448520
---ebpf-pid----448783----pid-1
---ebpf-pid----448783----pid-448783
---ebpf-pid----448783----pid-448520
---ebpf-pid----448783----pid-1
---ebpf-pid----448783----pid-448783
---ebpf-pid----448783----pid-448520
---ebpf-pid----448783----pid-1
---ebpf-pid----448783----pid-448783
---ebpf-pid----448783----pid-448520
---ebpf-pid----448783----pid-1
---ebpf-pid----448783----pid-448783
---ebpf-pid----448783----pid-448520
---ebpf-pid----448783----pid-1
---ebpf-pid----448783----pid-448783
---ebpf-pid----448783----pid-448520
---ebpf-pid----448783----pid-1
---ebpf-pid----448783----pid-448783
---ebpf-pid----448783----pid-448520
---ebpf-pid----448783----pid-1
---ebpf-pid----448783----pid-448783
---ebpf-pid----448783----pid-448520
---ebpf-pid----448783----pid-1
---ebpf-pid----14----pid-14
---ebpf-pid----14----pid-2
---ebpf-pid----4716----pid-4716
---ebpf-pid----4716----pid-3323
---ebpf-pid----4716----pid-1
---ebpf-pid----379067----pid-379067
---ebpf-pid----379067----pid-5476
---ebpf-pid----379067----pid-1
---ebpf-pid----379067----pid-379067
---ebpf-pid----379067----pid-5476
---ebpf-pid----379067----pid-1
---ebpf-pid----4716----pid-4716
---ebpf-pid----4716----pid-3323
---ebpf-pid----4716----pid-1
---ebpf-pid----4716----pid-4716
---ebpf-pid----4716----pid-3323
---ebpf-pid----4716----pid-1
---ebpf-pid----4716----pid-4716
---ebpf-pid----4716----pid-3323
---ebpf-pid----4716----pid-1
---ebpf-pid----4716----pid-4716
---ebpf-pid----4716----pid-3323
---ebpf-pid----4716----pid-1
---ebpf-pid----4716----pid-4716
---ebpf-pid----4716----pid-3323
---ebpf-pid----4716----pid-1
---ebpf-pid----4716----pid-4716
---ebpf-pid----4716----pid-3323
---ebpf-pid----4716----pid-1
---ebpf-pid----4716----pid-4716
---ebpf-pid----4716----pid-3323
---ebpf-pid----4716----pid-1
---ebpf-pid----4716----pid-4716
---ebpf-pid----4716----pid-3323
---ebpf-pid----4716----pid-1
---ebpf-pid----4716----pid-4716
---ebpf-pid----4716----pid-3323
---ebpf-pid----4716----pid-1
---ebpf-pid----448546----pid-448546
---ebpf-pid----448546----pid-1
---ebpf-pid----4716----pid-4716
---ebpf-pid----4716----pid-3323
---ebpf-pid----4716----pid-1
---ebpf-pid----4716----pid-4716
---ebpf-pid----4716----pid-3323
---ebpf-pid----4716----pid-1
---ebpf-pid----4716----pid-4716
---ebpf-pid----4716----pid-3323
---ebpf-pid----4716----pid-1
---ebpf-pid----448546----pid-448546
---ebpf-pid----448546----pid-1
---ebpf-pid----448546----pid-448546
Failed to get process information for PID 0
---ebpf-pid----448546----pid-1
---ebpf-pid----4716----pid-4716
---ebpf-pid----4716----pid-3323
---ebpf-pid----4716----pid-1
---ebpf-pid----4716----pid-4716
---ebpf-pid----4716----pid-3323
---ebpf-pid----4716----pid-1
---ebpf-pid----4716----pid-4716
---ebpf-pid----4716----pid-3323
---ebpf-pid----4716----pid-1
---ebpf-pid----4716----pid-4716
---ebpf-pid----4716----pid-3323
---ebpf-pid----4716----pid-1
---ebpf-pid----7312----pid-7312
---ebpf-pid----7312----pid-1
---ebpf-pid----7312----pid-7312
---ebpf-pid----7312----pid-1
---ebpf-pid----448546----pid-448546
---ebpf-pid----448546----pid-1
---ebpf-pid----4716----pid-4716
---ebpf-pid----4716----pid-3323
---ebpf-pid----4716----pid-1
---ebpf-pid----4716----pid-4716
Failed to get process information for PID 0
---ebpf-pid----4716----pid-3323
---ebpf-pid----4716----pid-1
---ebpf-pid----4716----pid-4716
---ebpf-pid----4716----pid-3323
---ebpf-pid----4716----pid-1
---ebpf-pid----448521----pid-448521
---ebpf-pid----448521----pid-1
---ebpf-pid----4716----pid-4716
---ebpf-pid----4716----pid-3323
---ebpf-pid----4716----pid-1
---ebpf-pid----379067----pid-379067
---ebpf-pid----379067----pid-5476
Failed to get process information for PID 0
Failed to get process information for PID 0
---ebpf-pid----379067----pid-1
---ebpf-pid----379067----pid-379067
---ebpf-pid----379067----pid-5476
---ebpf-pid----379067----pid-1
---ebpf-pid----379067----pid-379067
---ebpf-pid----379067----pid-5476
---ebpf-pid----379067----pid-1
---ebpf-pid----379067----pid-379067
---ebpf-pid----379067----pid-5476
Failed to get process information for PID 0
---ebpf-pid----379067----pid-1
---ebpf-pid----379067----pid-379067
---ebpf-pid----379067----pid-5476
---ebpf-pid----379067----pid-1
---ebpf-pid----4716----pid-4716
---ebpf-pid----4716----pid-3323
---ebpf-pid----4716----pid-1
---ebpf-pid----379067----pid-379067
---ebpf-pid----379067----pid-5476
---ebpf-pid----379067----pid-1
---ebpf-pid----379067----pid-379067
---ebpf-pid----379067----pid-5476
---ebpf-pid----379067----pid-1
---ebpf-pid----379067----pid-379067
---ebpf-pid----379067----pid-5476
---ebpf-pid----379067----pid-1
---ebpf-pid----379067----pid-379067
---ebpf-pid----379067----pid-5476
---ebpf-pid----379067----pid-1
---ebpf-pid----379067----pid-379067
---ebpf-pid----379067----pid-5476
---ebpf-pid----379067----pid-1
---ebpf-pid----379067----pid-379067
---ebpf-pid----379067----pid-5476
---ebpf-pid----379067----pid-1
---ebpf-pid----379067----pid-379067
---ebpf-pid----379067----pid-5476
---ebpf-pid----379067----pid-1
---ebpf-pid----379067----pid-379067
---ebpf-pid----379067----pid-5476
---ebpf-pid----379067----pid-1
---ebpf-pid----379067----pid-379067
---ebpf-pid----379067----pid-5476
---ebpf-pid----379067----pid-1
---ebpf-pid----379067----pid-379067
---ebpf-pid----379067----pid-5476
---ebpf-pid----379067----pid-1
---ebpf-pid----379067----pid-379067
---ebpf-pid----379067----pid-5476
---ebpf-pid----379067----pid-1
---ebpf-pid----379067----pid-379067
---ebpf-pid----379067----pid-5476
---ebpf-pid----379067----pid-1
---ebpf-pid----379067----pid-379067
---ebpf-pid----379067----pid-5476
---ebpf-pid----379067----pid-1
---ebpf-pid----379067----pid-379067
---ebpf-pid----379067----pid-5476
---ebpf-pid----379067----pid-1
---ebpf-pid----379067----pid-379067
---ebpf-pid----379067----pid-5476
---ebpf-pid----379067----pid-1
---ebpf-pid----379067----pid-379067
---ebpf-pid----379067----pid-5476
---ebpf-pid----379067----pid-1
---ebpf-pid----379067----pid-379067
---ebpf-pid----379067----pid-5476
---ebpf-pid----379067----pid-1
---ebpf-pid----379067----pid-379067
---ebpf-pid----379067----pid-5476
---ebpf-pid----379067----pid-1
---ebpf-pid----379067----pid-379067
---ebpf-pid----379067----pid-5476
---ebpf-pid----379067----pid-1
---ebpf-pid----379067----pid-379067
---ebpf-pid----379067----pid-5476
---ebpf-pid----379067----pid-1
---ebpf-pid----379067----pid-379067
---ebpf-pid----379067----pid-5476
---ebpf-pid----379067----pid-1
---ebpf-pid----14----pid-14
---ebpf-pid----14----pid-2
---ebpf-pid----4716----pid-4716
---ebpf-pid----4716----pid-3323
---ebpf-pid----4716----pid-1
---ebpf-pid----4716----pid-4716
---ebpf-pid----4716----pid-3323
---ebpf-pid----4716----pid-1
---ebpf-pid----4716----pid-4716
---ebpf-pid----4716----pid-3323
---ebpf-pid----4716----pid-1
---ebpf-pid----7312----pid-7312
---ebpf-pid----7312----pid-1
---ebpf-pid----4716----pid-4716
---ebpf-pid----4716----pid-3323
---ebpf-pid----4716----pid-1
---ebpf-pid----5703----pid-5703
Failed to get process information for PID 0
---ebpf-pid----5703----pid-5476
---ebpf-pid----5703----pid-1
---ebpf-pid----7312----pid-7312
---ebpf-pid----7312----pid-1
---ebpf-pid----5703----pid-5703
---ebpf-pid----5703----pid-5476
---ebpf-pid----5703----pid-1
---ebpf-pid----5638----pid-5638
---ebpf-pid----5638----pid-1
---ebpf-pid----2088----pid-2088
---ebpf-pid----2088----pid-1
---ebpf-pid----2088----pid-2088
---ebpf-pid----2088----pid-1
---ebpf-pid----2088----pid-2088
---ebpf-pid----2088----pid-1
---ebpf-pid----2088----pid-2088
---ebpf-pid----2088----pid-1
---ebpf-pid----2088----pid-2088
---ebpf-pid----2088----pid-1
---ebpf-pid----2088----pid-2088
---ebpf-pid----2088----pid-1
---ebpf-pid----2088----pid-2088
---ebpf-pid----2088----pid-1
---ebpf-pid----2088----pid-2088
Failed to get process information for PID 0
---ebpf-pid----2088----pid-1
---ebpf-pid----2088----pid-2088
---ebpf-pid----2088----pid-1
---ebpf-pid----2088----pid-2088
---ebpf-pid----2088----pid-1
---ebpf-pid----2088----pid-2088
---ebpf-pid----2088----pid-1
---ebpf-pid----2088----pid-2088
---ebpf-pid----2088----pid-1
---ebpf-pid----448522----pid-448522
---ebpf-pid----448522----pid-1
---ebpf-pid----448783----pid-448783
---ebpf-pid----448783----pid-448520
---ebpf-pid----448783----pid-1
---ebpf-pid----448783----pid-448783
---ebpf-pid----448783----pid-448520
---ebpf-pid----448783----pid-1
---ebpf-pid----448783----pid-448783
---ebpf-pid----448783----pid-448520
---ebpf-pid----448783----pid-1
---ebpf-pid----448783----pid-448783
---ebpf-pid----448783----pid-448520
---ebpf-pid----448783----pid-1
---ebpf-pid----448783----pid-448783
---ebpf-pid----448783----pid-448520
---ebpf-pid----448783----pid-1
---ebpf-pid----448783----pid-448783
---ebpf-pid----448783----pid-448520
---ebpf-pid----448783----pid-1
---ebpf-pid----448783----pid-448783
---ebpf-pid----448783----pid-448520
---ebpf-pid----448783----pid-1
---ebpf-pid----448783----pid-448783
---ebpf-pid----448783----pid-448520
---ebpf-pid----448783----pid-1
---ebpf-pid----448783----pid-448783
---ebpf-pid----448783----pid-448520
---ebpf-pid----448783----pid-1
---ebpf-pid----448783----pid-448783
---ebpf-pid----448783----pid-448520
---ebpf-pid----448783----pid-1
---ebpf-pid----5705----pid-5705
---ebpf-pid----5705----pid-5476
---ebpf-pid----5705----pid-1
---ebpf-pid----5705----pid-5705
---ebpf-pid----5705----pid-5476
---ebpf-pid----5705----pid-1
---ebpf-pid----5705----pid-5705
---ebpf-pid----5705----pid-5476
---ebpf-pid----5705----pid-1
---ebpf-pid----5705----pid-5705
---ebpf-pid----5705----pid-5476
---ebpf-pid----5705----pid-1
---ebpf-pid----5705----pid-5705
---ebpf-pid----5705----pid-5476
---ebpf-pid----5705----pid-1
---ebpf-pid----5705----pid-5705
---ebpf-pid----5705----pid-5476
---ebpf-pid----5705----pid-1
---ebpf-pid----5705----pid-5705
---ebpf-pid----5705----pid-5476
---ebpf-pid----5705----pid-1
---ebpf-pid----5705----pid-5705
---ebpf-pid----5705----pid-5476
---ebpf-pid----5705----pid-1
---ebpf-pid----5705----pid-5705
---ebpf-pid----5705----pid-5476
---ebpf-pid----5705----pid-1
---ebpf-pid----7312----pid-7312
---ebpf-pid----7312----pid-1
---ebpf-pid----448783----pid-448783
---ebpf-pid----448783----pid-448520
---ebpf-pid----448783----pid-1
---ebpf-pid----448783----pid-448783
---ebpf-pid----448783----pid-448520
---ebpf-pid----448783----pid-1
---ebpf-pid----448783----pid-448783
---ebpf-pid----448783----pid-448520
---ebpf-pid----448783----pid-1
---ebpf-pid----448783----pid-448783
---ebpf-pid----448783----pid-448520
---ebpf-pid----448783----pid-1
---ebpf-pid----448783----pid-448783
---ebpf-pid----448783----pid-448520
---ebpf-pid----448783----pid-1
---ebpf-pid----448783----pid-448783
---ebpf-pid----448783----pid-448520
---ebpf-pid----448783----pid-1
---ebpf-pid----448783----pid-448783
---ebpf-pid----448783----pid-448520
---ebpf-pid----448783----pid-1
---ebpf-pid----372881----pid-372881
---ebpf-pid----372881----pid-1
---ebpf-pid----372881----pid-372881
---ebpf-pid----372881----pid-1
---ebpf-pid----448783----pid-448783
---ebpf-pid----448783----pid-448520
---ebpf-pid----448783----pid-1
---ebpf-pid----448783----pid-448783
---ebpf-pid----448783----pid-448520
---ebpf-pid----448783----pid-1
---ebpf-pid----448783----pid-448783
---ebpf-pid----448783----pid-448520
---ebpf-pid----448783----pid-1
---ebpf-pid----448783----pid-448783
---ebpf-pid----448783----pid-448520
---ebpf-pid----448783----pid-1
---ebpf-pid----448783----pid-448783
---ebpf-pid----448783----pid-448520
---ebpf-pid----448783----pid-1
---ebpf-pid----448783----pid-448783
---ebpf-pid----448783----pid-448520
---ebpf-pid----448783----pid-1
---ebpf-pid----448783----pid-448783
---ebpf-pid----448783----pid-448520
---ebpf-pid----448783----pid-1
---ebpf-pid----448783----pid-448783
---ebpf-pid----448783----pid-448520
---ebpf-pid----448783----pid-1
---ebpf-pid----448783----pid-448783
---ebpf-pid----448783----pid-448520
---ebpf-pid----448783----pid-1
---ebpf-pid----448783----pid-448783
---ebpf-pid----448783----pid-448520
---ebpf-pid----448783----pid-1
---ebpf-pid----448783----pid-448783
---ebpf-pid----448783----pid-448520
---ebpf-pid----448783----pid-1
---ebpf-pid----448783----pid-448783
---ebpf-pid----448783----pid-448520
---ebpf-pid----448783----pid-1
---ebpf-pid----448783----pid-448783
---ebpf-pid----448783----pid-448520
---ebpf-pid----448783----pid-1
---ebpf-pid----448783----pid-448783
---ebpf-pid----448783----pid-448520
---ebpf-pid----448783----pid-1
---ebpf-pid----448783----pid-448783
---ebpf-pid----448783----pid-448520
---ebpf-pid----448783----pid-1
---ebpf-pid----448783----pid-448783
---ebpf-pid----448783----pid-448520
---ebpf-pid----448783----pid-1
---ebpf-pid----448783----pid-448783
---ebpf-pid----448783----pid-448520
---ebpf-pid----448783----pid-1
---ebpf-pid----448783----pid-448783
---ebpf-pid----448783----pid-448520
---ebpf-pid----448783----pid-1
---ebpf-pid----448783----pid-448783
---ebpf-pid----448783----pid-448520
---ebpf-pid----448783----pid-1
---ebpf-pid----448783----pid-448783
---ebpf-pid----448783----pid-448520
---ebpf-pid----448783----pid-1
---ebpf-pid----448783----pid-448783
---ebpf-pid----448783----pid-448520
---ebpf-pid----448783----pid-1
---ebpf-pid----15----pid-15
---ebpf-pid----15----pid-2
---ebpf-pid----448783----pid-448783
---ebpf-pid----448783----pid-448520
---ebpf-pid----448783----pid-1
---ebpf-pid----448783----pid-448783
---ebpf-pid----448783----pid-448520
---ebpf-pid----448783----pid-1
---ebpf-pid----448783----pid-448783
---ebpf-pid----448783----pid-448520
---ebpf-pid----448783----pid-1
---ebpf-pid----448783----pid-448783
---ebpf-pid----448783----pid-448520
---ebpf-pid----448783----pid-1
---ebpf-pid----448783----pid-448783
---ebpf-pid----448783----pid-448520
---ebpf-pid----448783----pid-1
---ebpf-pid----448783----pid-448783
---ebpf-pid----448783----pid-448520
---ebpf-pid----448783----pid-1
---ebpf-pid----448783----pid-448783
---ebpf-pid----448783----pid-448520
---ebpf-pid----448783----pid-1
---ebpf-pid----448783----pid-448783
---ebpf-pid----448783----pid-448520
---ebpf-pid----448783----pid-1
---ebpf-pid----448783----pid-448783
---ebpf-pid----448783----pid-448520
---ebpf-pid----448783----pid-1
---ebpf-pid----448783----pid-448783
---ebpf-pid----448783----pid-448520
---ebpf-pid----448783----pid-1
---ebpf-pid----448783----pid-448783
---ebpf-pid----448783----pid-448520
---ebpf-pid----448783----pid-1
---ebpf-pid----448783----pid-448783
---ebpf-pid----448783----pid-448520
---ebpf-pid----448783----pid-1
---ebpf-pid----448783----pid-448783
---ebpf-pid----448783----pid-448520
---ebpf-pid----448783----pid-1
---ebpf-pid----448783----pid-448783
---ebpf-pid----448783----pid-448520
---ebpf-pid----448783----pid-1
---ebpf-pid----372714----pid-372714
---ebpf-pid----372714----pid-5476
---ebpf-pid----372714----pid-1
---ebpf-pid----372714----pid-372714
---ebpf-pid----372714----pid-5476
---ebpf-pid----372714----pid-1
---ebpf-pid----372714----pid-372714
---ebpf-pid----372714----pid-5476
---ebpf-pid----372714----pid-1
---ebpf-pid----448783----pid-448783
---ebpf-pid----448783----pid-448520
---ebpf-pid----448783----pid-1
---ebpf-pid----448783----pid-448783
---ebpf-pid----448783----pid-448520
---ebpf-pid----448783----pid-1
---ebpf-pid----5707----pid-5707
---ebpf-pid----5707----pid-5476
---ebpf-pid----5707----pid-1
---ebpf-pid----5707----pid-5707
---ebpf-pid----5707----pid-5476
---ebpf-pid----5707----pid-1
---ebpf-pid----5707----pid-5707
---ebpf-pid----5707----pid-5476
---ebpf-pid----5707----pid-1
---ebpf-pid----448783----pid-448783
---ebpf-pid----448783----pid-448520
---ebpf-pid----448783----pid-1
---ebpf-pid----5707----pid-5707
---ebpf-pid----5707----pid-5476
---ebpf-pid----5707----pid-1
---ebpf-pid----5707----pid-5707
---ebpf-pid----5707----pid-5476
---ebpf-pid----5707----pid-1
---ebpf-pid----5707----pid-5707
---ebpf-pid----5707----pid-5476
---ebpf-pid----5707----pid-1
---ebpf-pid----5707----pid-5707
---ebpf-pid----5707----pid-5476
---ebpf-pid----5707----pid-1
---ebpf-pid----5707----pid-5707
---ebpf-pid----5707----pid-5476
---ebpf-pid----5707----pid-1
---ebpf-pid----5707----pid-5707
---ebpf-pid----5707----pid-5476
---ebpf-pid----5707----pid-1
---ebpf-pid----5707----pid-5707
---ebpf-pid----5707----pid-5476
---ebpf-pid----5707----pid-1
---ebpf-pid----5707----pid-5707
---ebpf-pid----5707----pid-5476
---ebpf-pid----5707----pid-1
---ebpf-pid----5707----pid-5707
---ebpf-pid----5707----pid-5476
---ebpf-pid----5707----pid-1
---ebpf-pid----5707----pid-5707
---ebpf-pid----5707----pid-5476
---ebpf-pid----5707----pid-1
---ebpf-pid----372881----pid-372881
---ebpf-pid----372881----pid-1
---ebpf-pid----372881----pid-372881
---ebpf-pid----372881----pid-1
---ebpf-pid----5614----pid-5614
---ebpf-pid----5614----pid-1
---ebpf-pid----372881----pid-372881
---ebpf-pid----372881----pid-1
---ebpf-pid----372881----pid-372881
---ebpf-pid----372881----pid-1
---ebpf-pid----372881----pid-372881
---ebpf-pid----372881----pid-1
---ebpf-pid----372881----pid-372881
---ebpf-pid----372881----pid-1
---ebpf-pid----372881----pid-372881
---ebpf-pid----372881----pid-1
---ebpf-pid----372881----pid-372881
---ebpf-pid----372881----pid-1
---ebpf-pid----372881----pid-372881
---ebpf-pid----372881----pid-1
---ebpf-pid----372881----pid-372881
---ebpf-pid----372881----pid-1
---ebpf-pid----372881----pid-372881
---ebpf-pid----372881----pid-1
---ebpf-pid----372881----pid-372881
---ebpf-pid----372881----pid-1
---ebpf-pid----372881----pid-372881
---ebpf-pid----372881----pid-1
---ebpf-pid----372881----pid-372881
---ebpf-pid----372881----pid-1
---ebpf-pid----372881----pid-372881
---ebpf-pid----372881----pid-1
---ebpf-pid----372881----pid-372881
---ebpf-pid----372881----pid-1
---ebpf-pid----372881----pid-372881
---ebpf-pid----372881----pid-1
---ebpf-pid----372881----pid-372881
---ebpf-pid----372881----pid-1
---ebpf-pid----372881----pid-372881
---ebpf-pid----372881----pid-1
---ebpf-pid----372881----pid-372881
---ebpf-pid----372881----pid-1
---ebpf-pid----372881----pid-372881
---ebpf-pid----372881----pid-1
---ebpf-pid----372881----pid-372881
---ebpf-pid----372881----pid-1
---ebpf-pid----372881----pid-372881
---ebpf-pid----372881----pid-1
---ebpf-pid----372881----pid-372881
---ebpf-pid----372881----pid-1
---ebpf-pid----372881----pid-372881
---ebpf-pid----372881----pid-1
---ebpf-pid----372881----pid-372881
---ebpf-pid----372881----pid-1
---ebpf-pid----372881----pid-372881
---ebpf-pid----372881----pid-1
---ebpf-pid----372881----pid-372881
---ebpf-pid----372881----pid-1
---ebpf-pid----372881----pid-372881
---ebpf-pid----372881----pid-1
---ebpf-pid----372881----pid-372881
Failed to get process information for PID 0
Failed to get process information for PID 0
Failed to get process information for PID 0
---ebpf-pid----372881----pid-1
---ebpf-pid----372881----pid-372881
---ebpf-pid----372881----pid-1
---ebpf-pid----372881----pid-372881
---ebpf-pid----372881----pid-1
---ebpf-pid----372881----pid-372881
---ebpf-pid----372881----pid-1
---ebpf-pid----372881----pid-372881
---ebpf-pid----372881----pid-1
---ebpf-pid----372881----pid-372881
---ebpf-pid----372881----pid-1
---ebpf-pid----372881----pid-372881
---ebpf-pid----372881----pid-1
---ebpf-pid----372881----pid-372881
---ebpf-pid----372881----pid-1
---ebpf-pid----372881----pid-372881
---ebpf-pid----372881----pid-1
---ebpf-pid----372881----pid-372881
---ebpf-pid----372881----pid-1
---ebpf-pid----372881----pid-372881
---ebpf-pid----372881----pid-1
---ebpf-pid----372881----pid-372881
---ebpf-pid----372881----pid-1
---ebpf-pid----372881----pid-372881
---ebpf-pid----372881----pid-1
---ebpf-pid----372881----pid-372881
---ebpf-pid----372881----pid-1
---ebpf-pid----372881----pid-372881
---ebpf-pid----372881----pid-1
---ebpf-pid----372881----pid-372881
---ebpf-pid----372881----pid-1
---ebpf-pid----372881----pid-372881
---ebpf-pid----372881----pid-1
---ebpf-pid----372881----pid-372881
Failed to get process information for PID 0
---ebpf-pid----372881----pid-1
---ebpf-pid----372881----pid-372881
---ebpf-pid----372881----pid-1
---ebpf-pid----372881----pid-372881
---ebpf-pid----372881----pid-1
---ebpf-pid----372881----pid-372881
---ebpf-pid----372881----pid-1
---ebpf-pid----372881----pid-372881
---ebpf-pid----372881----pid-1
---ebpf-pid----372881----pid-372881
---ebpf-pid----372881----pid-1
---ebpf-pid----372881----pid-372881
---ebpf-pid----372881----pid-1
---ebpf-pid----372881----pid-372881
---ebpf-pid----372881----pid-1
---ebpf-pid----372881----pid-372881
---ebpf-pid----372881----pid-1
---ebpf-pid----372881----pid-372881
---ebpf-pid----372881----pid-1
---ebpf-pid----372881----pid-372881
---ebpf-pid----372881----pid-1
---ebpf-pid----372881----pid-372881
---ebpf-pid----372881----pid-1
---ebpf-pid----372881----pid-372881
---ebpf-pid----372881----pid-1
---ebpf-pid----372881----pid-372881
---ebpf-pid----372881----pid-1
---ebpf-pid----372881----pid-372881
---ebpf-pid----372881----pid-1
---ebpf-pid----372881----pid-372881
---ebpf-pid----372881----pid-1
---ebpf-pid----372881----pid-372881
---ebpf-pid----372881----pid-1
---ebpf-pid----372881----pid-372881
---ebpf-pid----372881----pid-1
---ebpf-pid----5705----pid-5705
---ebpf-pid----5705----pid-5476
---ebpf-pid----5705----pid-1
---ebpf-pid----5705----pid-5705
---ebpf-pid----5705----pid-5476
---ebpf-pid----5705----pid-1
---ebpf-pid----5705----pid-5705
---ebpf-pid----5705----pid-5476
---ebpf-pid----5705----pid-1
---ebpf-pid----5705----pid-5705
---ebpf-pid----5705----pid-5476
---ebpf-pid----5705----pid-1
---ebpf-pid----5705----pid-5705
---ebpf-pid----5705----pid-5476
---ebpf-pid----5705----pid-1
---ebpf-pid----5705----pid-5705
---ebpf-pid----5705----pid-5476
---ebpf-pid----5705----pid-1
---ebpf-pid----5705----pid-5705
---ebpf-pid----5705----pid-5476
---ebpf-pid----5705----pid-1
Failed to get process information for PID 0
---ebpf-pid----5705----pid-5705
---ebpf-pid----5705----pid-5476
---ebpf-pid----5705----pid-1
---ebpf-pid----5705----pid-5705
---ebpf-pid----5705----pid-5476
---ebpf-pid----5705----pid-1
---ebpf-pid----5705----pid-5705
---ebpf-pid----5705----pid-5476
---ebpf-pid----5705----pid-1
---ebpf-pid----5705----pid-5705
---ebpf-pid----5705----pid-5476
---ebpf-pid----5705----pid-1
---ebpf-pid----5705----pid-5705
---ebpf-pid----5705----pid-5476
---ebpf-pid----5705----pid-1
---ebpf-pid----5705----pid-5705
---ebpf-pid----5705----pid-5476
---ebpf-pid----5705----pid-1
---ebpf-pid----5705----pid-5705
---ebpf-pid----5705----pid-5476
---ebpf-pid----5705----pid-1
---ebpf-pid----5705----pid-5705
---ebpf-pid----5705----pid-5476
---ebpf-pid----5705----pid-1
---ebpf-pid----5705----pid-5705
---ebpf-pid----5705----pid-5476
---ebpf-pid----5705----pid-1
---ebpf-pid----5705----pid-5705
---ebpf-pid----5705----pid-5476
---ebpf-pid----5705----pid-1
---ebpf-pid----5705----pid-5705
---ebpf-pid----5705----pid-5476
---ebpf-pid----5705----pid-1
---ebpf-pid----5705----pid-5705
---ebpf-pid----5705----pid-5476
---ebpf-pid----5705----pid-1
---ebpf-pid----5705----pid-5705
---ebpf-pid----5705----pid-5476
---ebpf-pid----5705----pid-1
---ebpf-pid----5705----pid-5705
---ebpf-pid----5705----pid-5476
---ebpf-pid----5705----pid-1
---ebpf-pid----5705----pid-5705
---ebpf-pid----5705----pid-5476
---ebpf-pid----5705----pid-1
---ebpf-pid----372714----pid-372714
---ebpf-pid----372714----pid-5476
---ebpf-pid----372714----pid-1
---ebpf-pid----372714----pid-372714
---ebpf-pid----372714----pid-5476
---ebpf-pid----372714----pid-1
---ebpf-pid----372714----pid-372714
---ebpf-pid----372714----pid-5476
---ebpf-pid----372714----pid-1
---ebpf-pid----372714----pid-372714
---ebpf-pid----372714----pid-5476
---ebpf-pid----372714----pid-1
---ebpf-pid----372714----pid-372714
---ebpf-pid----372714----pid-5476
---ebpf-pid----372714----pid-1
---ebpf-pid----372714----pid-372714
---ebpf-pid----372714----pid-5476
---ebpf-pid----372714----pid-1
---ebpf-pid----372714----pid-372714
---ebpf-pid----372714----pid-5476
---ebpf-pid----372714----pid-1
---ebpf-pid----372714----pid-372714
---ebpf-pid----372714----pid-5476
---ebpf-pid----372714----pid-1
---ebpf-pid----372714----pid-372714
---ebpf-pid----372714----pid-5476
---ebpf-pid----372714----pid-1
---ebpf-pid----372714----pid-372714
---ebpf-pid----372714----pid-5476
---ebpf-pid----372714----pid-1
---ebpf-pid----372714----pid-372714
---ebpf-pid----372714----pid-5476
---ebpf-pid----372714----pid-1
---ebpf-pid----372714----pid-372714
---ebpf-pid----372714----pid-5476
---ebpf-pid----372714----pid-1
---ebpf-pid----372714----pid-372714
---ebpf-pid----372714----pid-5476
---ebpf-pid----372714----pid-1
---ebpf-pid----372714----pid-372714
---ebpf-pid----372714----pid-5476
---ebpf-pid----372714----pid-1
---ebpf-pid----372714----pid-372714
---ebpf-pid----372714----pid-5476
---ebpf-pid----372714----pid-1
---ebpf-pid----372714----pid-372714
---ebpf-pid----372714----pid-5476
---ebpf-pid----372714----pid-1
---ebpf-pid----372714----pid-372714
---ebpf-pid----372714----pid-5476
---ebpf-pid----372714----pid-1
---ebpf-pid----372714----pid-372714
---ebpf-pid----372714----pid-5476
---ebpf-pid----372714----pid-1
---ebpf-pid----372714----pid-372714
---ebpf-pid----372714----pid-5476
---ebpf-pid----372714----pid-1
---ebpf-pid----372714----pid-372714
---ebpf-pid----372714----pid-5476
---ebpf-pid----372714----pid-1
---ebpf-pid----372714----pid-372714
---ebpf-pid----372714----pid-5476
---ebpf-pid----372714----pid-1
---ebpf-pid----372714----pid-372714
---ebpf-pid----372714----pid-5476
---ebpf-pid----372714----pid-1
---ebpf-pid----372714----pid-372714
---ebpf-pid----372714----pid-5476
---ebpf-pid----372714----pid-1
---ebpf-pid----372714----pid-372714
---ebpf-pid----372714----pid-5476
---ebpf-pid----372714----pid-1
---ebpf-pid----372714----pid-372714
---ebpf-pid----372714----pid-5476
---ebpf-pid----372714----pid-1
---ebpf-pid----372714----pid-372714
---ebpf-pid----372714----pid-5476
---ebpf-pid----372714----pid-1
---ebpf-pid----372714----pid-372714
---ebpf-pid----372714----pid-5476
---ebpf-pid----372714----pid-1
---ebpf-pid----372714----pid-372714
---ebpf-pid----372714----pid-5476
---ebpf-pid----372714----pid-1
---ebpf-pid----372714----pid-372714
---ebpf-pid----372714----pid-5476
---ebpf-pid----372714----pid-1
---ebpf-pid----372714----pid-372714
---ebpf-pid----372714----pid-5476
---ebpf-pid----372714----pid-1
---ebpf-pid----372714----pid-372714
---ebpf-pid----372714----pid-5476
---ebpf-pid----372714----pid-1
---ebpf-pid----372714----pid-372714
---ebpf-pid----372714----pid-5476
---ebpf-pid----372714----pid-1
---ebpf-pid----372714----pid-372714
---ebpf-pid----372714----pid-5476
---ebpf-pid----372714----pid-1
---ebpf-pid----372714----pid-372714
---ebpf-pid----372714----pid-5476
---ebpf-pid----372714----pid-1
---ebpf-pid----5614----pid-5614
---ebpf-pid----5614----pid-1
---ebpf-pid----2088----pid-2088
---ebpf-pid----2088----pid-1
---ebpf-pid----2088----pid-2088
---ebpf-pid----2088----pid-1
---ebpf-pid----2088----pid-2088
---ebpf-pid----2088----pid-1
---ebpf-pid----2088----pid-2088
---ebpf-pid----2088----pid-1
---ebpf-pid----2088----pid-2088
---ebpf-pid----2088----pid-1
---ebpf-pid----2088----pid-2088
---ebpf-pid----2088----pid-1
---ebpf-pid----2088----pid-2088
---ebpf-pid----2088----pid-1
---ebpf-pid----2088----pid-2088
---ebpf-pid----2088----pid-1
---ebpf-pid----2088----pid-2088
---ebpf-pid----2088----pid-1
---ebpf-pid----2088----pid-2088
---ebpf-pid----2088----pid-1
---ebpf-pid----372714----pid-372714
---ebpf-pid----372714----pid-5476
---ebpf-pid----372714----pid-1
---ebpf-pid----372714----pid-372714
---ebpf-pid----372714----pid-5476
---ebpf-pid----372714----pid-1
---ebpf-pid----372714----pid-372714
---ebpf-pid----372714----pid-5476
---ebpf-pid----372714----pid-1
---ebpf-pid----372714----pid-372714
---ebpf-pid----372714----pid-5476
---ebpf-pid----372714----pid-1
---ebpf-pid----372714----pid-372714
---ebpf-pid----372714----pid-5476
---ebpf-pid----372714----pid-1
---ebpf-pid----372714----pid-372714
---ebpf-pid----372714----pid-5476
---ebpf-pid----372714----pid-1
---ebpf-pid----372714----pid-372714
---ebpf-pid----372714----pid-5476
---ebpf-pid----372714----pid-1
---ebpf-pid----372714----pid-372714
---ebpf-pid----372714----pid-5476
---ebpf-pid----372714----pid-1
---ebpf-pid----372714----pid-372714
---ebpf-pid----372714----pid-5476
---ebpf-pid----372714----pid-1
---ebpf-pid----372714----pid-372714
---ebpf-pid----372714----pid-5476
---ebpf-pid----372714----pid-1
---ebpf-pid----372714----pid-372714
---ebpf-pid----372714----pid-5476
---ebpf-pid----372714----pid-1
---ebpf-pid----372714----pid-372714
---ebpf-pid----372714----pid-5476
---ebpf-pid----372714----pid-1
---ebpf-pid----372714----pid-372714
---ebpf-pid----372714----pid-5476
---ebpf-pid----372714----pid-1
---ebpf-pid----372714----pid-372714
---ebpf-pid----372714----pid-5476
---ebpf-pid----372714----pid-1
---ebpf-pid----372714----pid-372714
---ebpf-pid----372714----pid-5476
---ebpf-pid----372714----pid-1
---ebpf-pid----372714----pid-372714
---ebpf-pid----372714----pid-5476
---ebpf-pid----372714----pid-1
---ebpf-pid----372714----pid-372714
---ebpf-pid----372714----pid-5476
---ebpf-pid----372714----pid-1
---ebpf-pid----372881----pid-372881
---ebpf-pid----372881----pid-1
---ebpf-pid----372881----pid-372881
---ebpf-pid----372881----pid-1
---ebpf-pid----5705----pid-5705
---ebpf-pid----5705----pid-5476
---ebpf-pid----5705----pid-1
---ebpf-pid----5705----pid-5705
---ebpf-pid----5705----pid-5476
---ebpf-pid----5705----pid-1
---ebpf-pid----5705----pid-5705
---ebpf-pid----5705----pid-5476
---ebpf-pid----5705----pid-1
---ebpf-pid----5705----pid-5705
---ebpf-pid----5705----pid-5476
---ebpf-pid----5705----pid-1
---ebpf-pid----5705----pid-5705
---ebpf-pid----5705----pid-5476
---ebpf-pid----5705----pid-1
---ebpf-pid----5705----pid-5705
---ebpf-pid----5705----pid-5476
---ebpf-pid----5705----pid-1
---ebpf-pid----5705----pid-5705
---ebpf-pid----5705----pid-5476
---ebpf-pid----5705----pid-1
---ebpf-pid----5705----pid-5705
---ebpf-pid----5705----pid-5476
---ebpf-pid----5705----pid-1
---ebpf-pid----5705----pid-5705
---ebpf-pid----5705----pid-5476
---ebpf-pid----5705----pid-1
---ebpf-pid----5705----pid-5705
---ebpf-pid----5705----pid-5476
---ebpf-pid----5705----pid-1
---ebpf-pid----5705----pid-5705
---ebpf-pid----5705----pid-5476
---ebpf-pid----5705----pid-1
---ebpf-pid----5705----pid-5705
---ebpf-pid----5705----pid-5476
---ebpf-pid----5705----pid-1
---ebpf-pid----5705----pid-5705
---ebpf-pid----5705----pid-5476
---ebpf-pid----5705----pid-1
---ebpf-pid----5705----pid-5705
---ebpf-pid----5705----pid-5476
---ebpf-pid----5705----pid-1
---ebpf-pid----5705----pid-5705
---ebpf-pid----5705----pid-5476
---ebpf-pid----5705----pid-1
---ebpf-pid----5705----pid-5705
---ebpf-pid----5705----pid-5476
---ebpf-pid----5705----pid-1
---ebpf-pid----5705----pid-5705
---ebpf-pid----5705----pid-5476
---ebpf-pid----5705----pid-1
---ebpf-pid----5705----pid-5705
---ebpf-pid----5705----pid-5476
---ebpf-pid----5705----pid-1
---ebpf-pid----5705----pid-5705
---ebpf-pid----5705----pid-5476
---ebpf-pid----5705----pid-1
---ebpf-pid----5705----pid-5705
---ebpf-pid----5705----pid-5476
---ebpf-pid----5705----pid-1
---ebpf-pid----5705----pid-5705
---ebpf-pid----5705----pid-5476
---ebpf-pid----5705----pid-1
---ebpf-pid----5705----pid-5705
---ebpf-pid----5705----pid-5476
---ebpf-pid----5705----pid-1
---ebpf-pid----5705----pid-5705
---ebpf-pid----5705----pid-5476
---ebpf-pid----5705----pid-1
---ebpf-pid----5705----pid-5705
---ebpf-pid----5705----pid-5476
---ebpf-pid----5705----pid-1
---ebpf-pid----5705----pid-5705
---ebpf-pid----5705----pid-5476
---ebpf-pid----5705----pid-1
---ebpf-pid----5705----pid-5705
---ebpf-pid----5705----pid-5476
---ebpf-pid----5705----pid-1
---ebpf-pid----5705----pid-5705
---ebpf-pid----5705----pid-5476
---ebpf-pid----5705----pid-1
---ebpf-pid----5705----pid-5705
---ebpf-pid----5705----pid-5476
---ebpf-pid----5705----pid-1
---ebpf-pid----5705----pid-5705
---ebpf-pid----5705----pid-5476
---ebpf-pid----5705----pid-1
---ebpf-pid----5705----pid-5705
---ebpf-pid----5705----pid-5476
---ebpf-pid----5705----pid-1
---ebpf-pid----5705----pid-5705
---ebpf-pid----5705----pid-5476
---ebpf-pid----5705----pid-1
---ebpf-pid----5705----pid-5705
---ebpf-pid----5705----pid-5476
---ebpf-pid----5705----pid-1
---ebpf-pid----5705----pid-5705
---ebpf-pid----5705----pid-5476
---ebpf-pid----5705----pid-1
---ebpf-pid----5705----pid-5705
---ebpf-pid----5705----pid-5476
---ebpf-pid----5705----pid-1
---ebpf-pid----5705----pid-5705
---ebpf-pid----5705----pid-5476
---ebpf-pid----5705----pid-1
---ebpf-pid----5705----pid-5705
---ebpf-pid----5705----pid-5476
---ebpf-pid----5705----pid-1
---ebpf-pid----5705----pid-5705
---ebpf-pid----5705----pid-5476
---ebpf-pid----5705----pid-1
---ebpf-pid----5705----pid-5705
---ebpf-pid----5705----pid-5476
---ebpf-pid----5705----pid-1
---ebpf-pid----5705----pid-5705
---ebpf-pid----5705----pid-5476
---ebpf-pid----5705----pid-1
---ebpf-pid----5705----pid-5705
Failed to get process information for PID 0
---ebpf-pid----5705----pid-5476
---ebpf-pid----5705----pid-1
---ebpf-pid----5705----pid-5705
---ebpf-pid----5705----pid-5476
---ebpf-pid----5705----pid-1
---ebpf-pid----5637----pid-5637
---ebpf-pid----5637----pid-1
---ebpf-pid----5705----pid-5705
---ebpf-pid----5705----pid-5476
---ebpf-pid----5705----pid-1
---ebpf-pid----5705----pid-5705
---ebpf-pid----5705----pid-5476
---ebpf-pid----5705----pid-1
---ebpf-pid----5705----pid-5705
---ebpf-pid----5705----pid-5476
---ebpf-pid----5705----pid-1
---ebpf-pid----5705----pid-5705
---ebpf-pid----5705----pid-5476
---ebpf-pid----5705----pid-1
---ebpf-pid----5705----pid-5705
---ebpf-pid----5705----pid-5476
---ebpf-pid----5705----pid-1
---ebpf-pid----5705----pid-5705
---ebpf-pid----5705----pid-5476
---ebpf-pid----5705----pid-1
---ebpf-pid----5705----pid-5705
---ebpf-pid----5705----pid-5476
---ebpf-pid----5705----pid-1
---ebpf-pid----5705----pid-5705
---ebpf-pid----5705----pid-5476
---ebpf-pid----5705----pid-1
---ebpf-pid----5705----pid-5705
---ebpf-pid----5705----pid-5476
---ebpf-pid----5705----pid-1
---ebpf-pid----5705----pid-5705
---ebpf-pid----5705----pid-5476
---ebpf-pid----5705----pid-1
---ebpf-pid----5705----pid-5705
---ebpf-pid----5705----pid-5476
---ebpf-pid----5705----pid-1
---ebpf-pid----5705----pid-5705
---ebpf-pid----5705----pid-5476
---ebpf-pid----5705----pid-1
---ebpf-pid----5705----pid-5705
---ebpf-pid----5705----pid-5476
---ebpf-pid----5705----pid-1
---ebpf-pid----5705----pid-5705
---ebpf-pid----5705----pid-5476
---ebpf-pid----5705----pid-1
---ebpf-pid----5705----pid-5705
---ebpf-pid----5705----pid-5476
---ebpf-pid----5705----pid-1
---ebpf-pid----5705----pid-5705
---ebpf-pid----5705----pid-5476
---ebpf-pid----5705----pid-1
---ebpf-pid----5705----pid-5705
---ebpf-pid----5705----pid-5476
---ebpf-pid----5705----pid-1
---ebpf-pid----448546----pid-448546
---ebpf-pid----448546----pid-1
---ebpf-pid----5705----pid-5705
---ebpf-pid----5705----pid-5476
---ebpf-pid----5705----pid-1
---ebpf-pid----5705----pid-5705
---ebpf-pid----5705----pid-5476
---ebpf-pid----5705----pid-1
---ebpf-pid----15----pid-15
---ebpf-pid----15----pid-2
---ebpf-pid----5614----pid-5614
---ebpf-pid----5614----pid-1
---ebpf-pid----2088----pid-2088
---ebpf-pid----2088----pid-1
---ebpf-pid----2088----pid-2088
---ebpf-pid----2088----pid-1
---ebpf-pid----2088----pid-2088
---ebpf-pid----2088----pid-1
---ebpf-pid----2088----pid-2088
---ebpf-pid----2088----pid-1
---ebpf-pid----2088----pid-2088
---ebpf-pid----2088----pid-1
---ebpf-pid----2088----pid-2088
---ebpf-pid----2088----pid-1
---ebpf-pid----2088----pid-2088
---ebpf-pid----2088----pid-1
---ebpf-pid----2088----pid-2088
---ebpf-pid----2088----pid-1
---ebpf-pid----2088----pid-2088
---ebpf-pid----2088----pid-1
---ebpf-pid----2088----pid-2088
---ebpf-pid----2088----pid-1
---ebpf-pid----2088----pid-2088
---ebpf-pid----2088----pid-1
---ebpf-pid----2088----pid-2088
---ebpf-pid----2088----pid-1
---ebpf-pid----2088----pid-2088
---ebpf-pid----2088----pid-1
---ebpf-pid----2088----pid-2088
---ebpf-pid----2088----pid-1
---ebpf-pid----2088----pid-2088
---ebpf-pid----2088----pid-1
---ebpf-pid----2088----pid-2088
---ebpf-pid----2088----pid-1
---ebpf-pid----5705----pid-5705
---ebpf-pid----5705----pid-5476
---ebpf-pid----5705----pid-1
---ebpf-pid----5705----pid-5705
---ebpf-pid----5705----pid-5476
---ebpf-pid----5705----pid-1
---ebpf-pid----5705----pid-5705
---ebpf-pid----5705----pid-5476
---ebpf-pid----5705----pid-1
---ebpf-pid----5705----pid-5705
---ebpf-pid----5705----pid-5476
---ebpf-pid----5705----pid-1
---ebpf-pid----5705----pid-5705
---ebpf-pid----5705----pid-5476
---ebpf-pid----5705----pid-1
---ebpf-pid----2088----pid-2088
---ebpf-pid----2088----pid-1
---ebpf-pid----2088----pid-2088
---ebpf-pid----2088----pid-1
---ebpf-pid----2088----pid-2088
---ebpf-pid----2088----pid-1
---ebpf-pid----2088----pid-2088
---ebpf-pid----2088----pid-1
---ebpf-pid----2088----pid-2088
---ebpf-pid----2088----pid-1
---ebpf-pid----2088----pid-2088
---ebpf-pid----2088----pid-1
---ebpf-pid----5705----pid-5705
---ebpf-pid----5705----pid-5476
---ebpf-pid----5705----pid-1
---ebpf-pid----5705----pid-5705
---ebpf-pid----5705----pid-5476
---ebpf-pid----5705----pid-1
---ebpf-pid----5705----pid-5705
---ebpf-pid----5705----pid-5476
---ebpf-pid----5705----pid-1
---ebpf-pid----5705----pid-5705
---ebpf-pid----5705----pid-5476
---ebpf-pid----5705----pid-1
---ebpf-pid----5705----pid-5705
---ebpf-pid----5705----pid-5476
---ebpf-pid----5705----pid-1
---ebpf-pid----5705----pid-5705
---ebpf-pid----5705----pid-5476
---ebpf-pid----5705----pid-1
---ebpf-pid----5705----pid-5705
---ebpf-pid----5705----pid-5476
---ebpf-pid----5705----pid-1
---ebpf-pid----5705----pid-5705
---ebpf-pid----5705----pid-5476
---ebpf-pid----5705----pid-1
---ebpf-pid----448546----pid-448546
---ebpf-pid----448546----pid-1
---ebpf-pid----7313----pid-7313
---ebpf-pid----7313----pid-1
---ebpf-pid----5707----pid-5707
Failed to get process information for PID 0
---ebpf-pid----5707----pid-5476
---ebpf-pid----5707----pid-1
---ebpf-pid----5707----pid-5707
Failed to get process information for PID 0
---ebpf-pid----5707----pid-5476
---ebpf-pid----5707----pid-1
---ebpf-pid----5707----pid-5707
---ebpf-pid----5707----pid-5476
---ebpf-pid----5707----pid-1
---ebpf-pid----372881----pid-372881
---ebpf-pid----372881----pid-1
---ebpf-pid----372881----pid-372881
---ebpf-pid----372881----pid-1
---ebpf-pid----372881----pid-372881
---ebpf-pid----372881----pid-1
---ebpf-pid----372881----pid-372881
---ebpf-pid----372881----pid-1
---ebpf-pid----372881----pid-372881
---ebpf-pid----372881----pid-1
---ebpf-pid----372881----pid-372881
---ebpf-pid----372881----pid-1
---ebpf-pid----372881----pid-372881
---ebpf-pid----372881----pid-1
---ebpf-pid----372881----pid-372881
---ebpf-pid----372881----pid-1
---ebpf-pid----2029----pid-2029
---ebpf-pid----2029----pid-1
---ebpf-pid----372881----pid-372881
---ebpf-pid----372881----pid-1
---ebpf-pid----372881----pid-372881
---ebpf-pid----372881----pid-1
---ebpf-pid----372881----pid-372881
---ebpf-pid----372881----pid-1
---ebpf-pid----372881----pid-372881
---ebpf-pid----372881----pid-1
---ebpf-pid----2089----pid-2089
---ebpf-pid----2089----pid-1
---ebpf-pid----2089----pid-2089
---ebpf-pid----2089----pid-1
---ebpf-pid----2089----pid-2089
---ebpf-pid----2089----pid-1
---ebpf-pid----2089----pid-2089
---ebpf-pid----2089----pid-1
---ebpf-pid----2089----pid-2089
---ebpf-pid----2089----pid-1
---ebpf-pid----2089----pid-2089
---ebpf-pid----2089----pid-1
---ebpf-pid----2089----pid-2089
---ebpf-pid----2089----pid-1
---ebpf-pid----2089----pid-2089
---ebpf-pid----2089----pid-1
---ebpf-pid----2089----pid-2089
---ebpf-pid----2089----pid-1
---ebpf-pid----2089----pid-2089
---ebpf-pid----2089----pid-1
---ebpf-pid----5707----pid-5707
---ebpf-pid----5707----pid-5476
---ebpf-pid----5707----pid-1
---ebpf-pid----5707----pid-5707
---ebpf-pid----5707----pid-5476
---ebpf-pid----5707----pid-1
---ebpf-pid----2012----pid-2012
---ebpf-pid----2012----pid-1
---ebpf-pid----2012----pid-2012
---ebpf-pid----2012----pid-1
---ebpf-pid----5707----pid-5707
---ebpf-pid----5707----pid-5476
---ebpf-pid----5707----pid-1
---ebpf-pid----5707----pid-5707
---ebpf-pid----5707----pid-5476
---ebpf-pid----5707----pid-1
---ebpf-pid----5707----pid-5707
---ebpf-pid----5707----pid-5476
---ebpf-pid----5707----pid-1
---ebpf-pid----5707----pid-5707
---ebpf-pid----5707----pid-5476
---ebpf-pid----5707----pid-1
---ebpf-pid----5707----pid-5707
---ebpf-pid----5707----pid-5476
---ebpf-pid----5707----pid-1
---ebpf-pid----5707----pid-5707
---ebpf-pid----5707----pid-5476
---ebpf-pid----5707----pid-1
---ebpf-pid----5707----pid-5707
---ebpf-pid----5707----pid-5476
---ebpf-pid----5707----pid-1
---ebpf-pid----5707----pid-5707
---ebpf-pid----5707----pid-5476
---ebpf-pid----5707----pid-1
---ebpf-pid----5707----pid-5707
---ebpf-pid----5707----pid-5476
---ebpf-pid----5707----pid-1
---ebpf-pid----5707----pid-5707
---ebpf-pid----5707----pid-5476
---ebpf-pid----5707----pid-1
---ebpf-pid----5707----pid-5707
---ebpf-pid----5707----pid-5476
---ebpf-pid----5707----pid-1
---ebpf-pid----5707----pid-5707
---ebpf-pid----5707----pid-5476
---ebpf-pid----5707----pid-1
---ebpf-pid----5707----pid-5707
---ebpf-pid----5707----pid-5476
---ebpf-pid----5707----pid-1
---ebpf-pid----5707----pid-5707
---ebpf-pid----5707----pid-5476
---ebpf-pid----5707----pid-1
---ebpf-pid----5707----pid-5707
---ebpf-pid----5707----pid-5476
---ebpf-pid----5707----pid-1
---ebpf-pid----5707----pid-5707
---ebpf-pid----5707----pid-5476
---ebpf-pid----5707----pid-1
---ebpf-pid----2012----pid-2012
---ebpf-pid----2012----pid-1
---ebpf-pid----5707----pid-5707
---ebpf-pid----5707----pid-5476
---ebpf-pid----5707----pid-1
---ebpf-pid----5707----pid-5707
---ebpf-pid----5707----pid-5476
---ebpf-pid----5707----pid-1
---ebpf-pid----2012----pid-2012
---ebpf-pid----2012----pid-1
---ebpf-pid----5707----pid-5707
---ebpf-pid----5707----pid-5476
---ebpf-pid----5707----pid-1
---ebpf-pid----5707----pid-5707
---ebpf-pid----5707----pid-5476
---ebpf-pid----5707----pid-1
---ebpf-pid----5707----pid-5707
---ebpf-pid----5707----pid-5476
---ebpf-pid----5707----pid-1
---ebpf-pid----2012----pid-2012
---ebpf-pid----2012----pid-1
---ebpf-pid----5707----pid-5707
---ebpf-pid----5707----pid-5476
---ebpf-pid----5707----pid-1
---ebpf-pid----5707----pid-5707
---ebpf-pid----5707----pid-5476
---ebpf-pid----5707----pid-1
---ebpf-pid----2012----pid-2012
---ebpf-pid----2012----pid-1
---ebpf-pid----5707----pid-5707
---ebpf-pid----5707----pid-5476
---ebpf-pid----5707----pid-1
---ebpf-pid----5707----pid-5707
---ebpf-pid----5707----pid-5476
---ebpf-pid----5707----pid-1
---ebpf-pid----5707----pid-5707
---ebpf-pid----5707----pid-5476
---ebpf-pid----5707----pid-1
---ebpf-pid----2012----pid-2012
---ebpf-pid----2012----pid-1
---ebpf-pid----2012----pid-2012
---ebpf-pid----2012----pid-1
---ebpf-pid----5707----pid-5707
---ebpf-pid----5707----pid-5476
---ebpf-pid----5707----pid-1
---ebpf-pid----5707----pid-5707
---ebpf-pid----5707----pid-5476
---ebpf-pid----5707----pid-1
---ebpf-pid----2012----pid-2012
---ebpf-pid----2012----pid-1
---ebpf-pid----2012----pid-2012
---ebpf-pid----2012----pid-1
---ebpf-pid----5705----pid-5705
---ebpf-pid----5705----pid-5476
---ebpf-pid----5705----pid-1
---ebpf-pid----5705----pid-5705
---ebpf-pid----5705----pid-5476
---ebpf-pid----5705----pid-1
---ebpf-pid----5705----pid-5705
---ebpf-pid----5705----pid-5476
---ebpf-pid----5705----pid-1
---ebpf-pid----372714----pid-372714
---ebpf-pid----372714----pid-5476
---ebpf-pid----372714----pid-1
---ebpf-pid----372714----pid-372714
---ebpf-pid----372714----pid-5476
---ebpf-pid----372714----pid-1
---ebpf-pid----372714----pid-372714
---ebpf-pid----372714----pid-5476
---ebpf-pid----372714----pid-1
---ebpf-pid----372714----pid-372714
---ebpf-pid----372714----pid-5476
---ebpf-pid----372714----pid-1
---ebpf-pid----372714----pid-372714
---ebpf-pid----372714----pid-5476
---ebpf-pid----372714----pid-1
---ebpf-pid----372714----pid-372714
---ebpf-pid----372714----pid-5476
---ebpf-pid----372714----pid-1
---ebpf-pid----372714----pid-372714
---ebpf-pid----372714----pid-5476
---ebpf-pid----372714----pid-1
---ebpf-pid----372714----pid-372714
---ebpf-pid----372714----pid-5476
---ebpf-pid----372714----pid-1
---ebpf-pid----372714----pid-372714
---ebpf-pid----372714----pid-5476
---ebpf-pid----372714----pid-1
---ebpf-pid----2012----pid-2012
---ebpf-pid----2012----pid-1
---ebpf-pid----5614----pid-5614
---ebpf-pid----5614----pid-1
---ebpf-pid----2088----pid-2088
---ebpf-pid----2088----pid-1
---ebpf-pid----2088----pid-2088
---ebpf-pid----2088----pid-1
---ebpf-pid----2088----pid-2088
---ebpf-pid----2088----pid-1
---ebpf-pid----2088----pid-2088
---ebpf-pid----2088----pid-1
---ebpf-pid----2088----pid-2088
---ebpf-pid----2088----pid-1
---ebpf-pid----2088----pid-2088
---ebpf-pid----2088----pid-1
---ebpf-pid----2088----pid-2088
---ebpf-pid----2088----pid-1
---ebpf-pid----2088----pid-2088
---ebpf-pid----2088----pid-1
---ebpf-pid----2088----pid-2088
Failed to get process information for PID 0
Failed to get process information for PID 0
---ebpf-pid----2088----pid-1
---ebpf-pid----2088----pid-2088
---ebpf-pid----2088----pid-1
---ebpf-pid----2088----pid-2088
---ebpf-pid----2088----pid-1
---ebpf-pid----2088----pid-2088
---ebpf-pid----2088----pid-1
---ebpf-pid----2088----pid-2088
---ebpf-pid----2088----pid-1
---ebpf-pid----2088----pid-2088
---ebpf-pid----2088----pid-1
---ebpf-pid----372881----pid-372881
---ebpf-pid----372881----pid-1
---ebpf-pid----372881----pid-372881
---ebpf-pid----372881----pid-1
---ebpf-pid----372881----pid-372881
---ebpf-pid----372881----pid-1
---ebpf-pid----2089----pid-2089
---ebpf-pid----2089----pid-1
---ebpf-pid----2029----pid-2029
---ebpf-pid----2029----pid-1
---ebpf-pid----2029----pid-2029
---ebpf-pid----2029----pid-1
---ebpf-pid----2029----pid-2029
---ebpf-pid----2029----pid-1
---ebpf-pid----2029----pid-2029
---ebpf-pid----2029----pid-1
---ebpf-pid----2029----pid-2029
---ebpf-pid----2029----pid-1
---ebpf-pid----2029----pid-2029
---ebpf-pid----2029----pid-1
---ebpf-pid----2029----pid-2029
---ebpf-pid----2029----pid-1
---ebpf-pid----2029----pid-2029
---ebpf-pid----2029----pid-1
---ebpf-pid----2029----pid-2029
---ebpf-pid----2029----pid-1
---ebpf-pid----2029----pid-2029
---ebpf-pid----2029----pid-1
---ebpf-pid----2029----pid-2029
---ebpf-pid----2029----pid-1
---ebpf-pid----2029----pid-2029
---ebpf-pid----2029----pid-1
---ebpf-pid----2029----pid-2029
---ebpf-pid----2029----pid-1
---ebpf-pid----2029----pid-2029
---ebpf-pid----2029----pid-1
---ebpf-pid----2029----pid-2029
---ebpf-pid----2029----pid-1
---ebpf-pid----2029----pid-2029
---ebpf-pid----2029----pid-1
---ebpf-pid----2012----pid-2012
---ebpf-pid----2012----pid-1
---ebpf-pid----2012----pid-2012
---ebpf-pid----2012----pid-1
---ebpf-pid----2012----pid-2012
---ebpf-pid----2012----pid-1
---ebpf-pid----2012----pid-2012
---ebpf-pid----2012----pid-1
---ebpf-pid----2012----pid-2012
---ebpf-pid----2012----pid-1
---ebpf-pid----2012----pid-2012
---ebpf-pid----2012----pid-1
---ebpf-pid----2012----pid-2012
---ebpf-pid----2012----pid-1
---ebpf-pid----2012----pid-2012
---ebpf-pid----2012----pid-1
---ebpf-pid----2012----pid-2012
---ebpf-pid----2012----pid-1
---ebpf-pid----2012----pid-2012
---ebpf-pid----2012----pid-1
---ebpf-pid----2012----pid-2012
---ebpf-pid----2012----pid-1
---ebpf-pid----2012----pid-2012
---ebpf-pid----2012----pid-1
---ebpf-pid----2012----pid-2012
---ebpf-pid----2012----pid-1
---ebpf-pid----2012----pid-2012
---ebpf-pid----2012----pid-1
---ebpf-pid----2012----pid-2012
---ebpf-pid----2012----pid-1
---ebpf-pid----2012----pid-2012
---ebpf-pid----2012----pid-1
---ebpf-pid----2012----pid-2012
---ebpf-pid----2012----pid-1
---ebpf-pid----2012----pid-2012
---ebpf-pid----2012----pid-1
---ebpf-pid----2012----pid-2012
---ebpf-pid----2012----pid-1
---ebpf-pid----2012----pid-2012
---ebpf-pid----2012----pid-1
---ebpf-pid----2012----pid-2012
---ebpf-pid----2012----pid-1
---ebpf-pid----2012----pid-2012
---ebpf-pid----2012----pid-1
---ebpf-pid----2012----pid-2012
---ebpf-pid----2012----pid-1
---ebpf-pid----2012----pid-2012
---ebpf-pid----2012----pid-1
---ebpf-pid----2012----pid-2012
---ebpf-pid----2012----pid-1
---ebpf-pid----2012----pid-2012
---ebpf-pid----2012----pid-1
---ebpf-pid----2012----pid-2012
---ebpf-pid----2012----pid-1
---ebpf-pid----2012----pid-2012
---ebpf-pid----2012----pid-1
---ebpf-pid----2012----pid-2012
---ebpf-pid----2012----pid-1
---ebpf-pid----2012----pid-2012
---ebpf-pid----2012----pid-1
---ebpf-pid----2012----pid-2012
---ebpf-pid----2012----pid-1
---ebpf-pid----2012----pid-2012
---ebpf-pid----2012----pid-1
---ebpf-pid----2012----pid-2012
---ebpf-pid----2012----pid-1
---ebpf-pid----2012----pid-2012
---ebpf-pid----2012----pid-1
---ebpf-pid----2012----pid-2012
---ebpf-pid----2012----pid-1
---ebpf-pid----2012----pid-2012
---ebpf-pid----2012----pid-1
---ebpf-pid----2012----pid-2012
---ebpf-pid----2012----pid-1
---ebpf-pid----2012----pid-2012
---ebpf-pid----2012----pid-1
---ebpf-pid----2012----pid-2012
---ebpf-pid----2012----pid-1
---ebpf-pid----2012----pid-2012
---ebpf-pid----2012----pid-1
---ebpf-pid----372881----pid-372881
---ebpf-pid----372881----pid-1
---ebpf-pid----372881----pid-372881
---ebpf-pid----372881----pid-1
---ebpf-pid----372881----pid-372881
---ebpf-pid----372881----pid-1
---ebpf-pid----5707----pid-5707
---ebpf-pid----5707----pid-5476
---ebpf-pid----5707----pid-1
---ebpf-pid----5707----pid-5707
---ebpf-pid----5707----pid-5476
---ebpf-pid----5707----pid-1
---ebpf-pid----5707----pid-5707
---ebpf-pid----5707----pid-5476
---ebpf-pid----5707----pid-1
---ebpf-pid----2012----pid-2012
---ebpf-pid----2012----pid-1
---ebpf-pid----2012----pid-2012
---ebpf-pid----2012----pid-1
---ebpf-pid----2089----pid-2089
---ebpf-pid----2089----pid-1
---ebpf-pid----2089----pid-2089
---ebpf-pid----2089----pid-1
---ebpf-pid----2089----pid-2089
---ebpf-pid----2089----pid-1
---ebpf-pid----2089----pid-2089
---ebpf-pid----2089----pid-1
---ebpf-pid----2089----pid-2089
---ebpf-pid----2089----pid-1
---ebpf-pid----2089----pid-2089
---ebpf-pid----2089----pid-1
---ebpf-pid----2089----pid-2089
---ebpf-pid----2089----pid-1
---ebpf-pid----2089----pid-2089
---ebpf-pid----2089----pid-1
---ebpf-pid----2089----pid-2089
---ebpf-pid----2089----pid-1
---ebpf-pid----2089----pid-2089
---ebpf-pid----2089----pid-1
---ebpf-pid----2089----pid-2089
---ebpf-pid----2089----pid-1
---ebpf-pid----2089----pid-2089
---ebpf-pid----2089----pid-1
---ebpf-pid----448546----pid-448546
---ebpf-pid----448546----pid-1
---ebpf-pid----7313----pid-7313
---ebpf-pid----7313----pid-1
---ebpf-pid----2029----pid-2029
---ebpf-pid----2029----pid-1
---ebpf-pid----2029----pid-2029
---ebpf-pid----2029----pid-1
---ebpf-pid----2029----pid-2029
---ebpf-pid----2029----pid-1
---ebpf-pid----2029----pid-2029
---ebpf-pid----2029----pid-1
---ebpf-pid----2029----pid-2029
---ebpf-pid----2029----pid-1
---ebpf-pid----2029----pid-2029
---ebpf-pid----2029----pid-1
---ebpf-pid----2029----pid-2029
---ebpf-pid----2029----pid-1
---ebpf-pid----2029----pid-2029
---ebpf-pid----2029----pid-1
---ebpf-pid----5707----pid-5707
---ebpf-pid----5707----pid-5476
---ebpf-pid----5707----pid-1
---ebpf-pid----5707----pid-5707
---ebpf-pid----5707----pid-5476
---ebpf-pid----5707----pid-1
---ebpf-pid----5707----pid-5707
---ebpf-pid----5707----pid-5476
---ebpf-pid----5707----pid-1
---ebpf-pid----5707----pid-5707
---ebpf-pid----5707----pid-5476
---ebpf-pid----5707----pid-1
---ebpf-pid----5707----pid-5707
---ebpf-pid----5707----pid-5476
---ebpf-pid----5707----pid-1
---ebpf-pid----5707----pid-5707
---ebpf-pid----5707----pid-5476
---ebpf-pid----5707----pid-1
---ebpf-pid----5707----pid-5707
---ebpf-pid----5707----pid-5476
---ebpf-pid----5707----pid-1
---ebpf-pid----379067----pid-379067
---ebpf-pid----379067----pid-5476
---ebpf-pid----379067----pid-1
---ebpf-pid----379067----pid-379067
---ebpf-pid----379067----pid-5476
---ebpf-pid----379067----pid-1
---ebpf-pid----5707----pid-5707
---ebpf-pid----5707----pid-5476
---ebpf-pid----5707----pid-1
---ebpf-pid----2089----pid-2089
---ebpf-pid----2089----pid-1
---ebpf-pid----5707----pid-5707
---ebpf-pid----5707----pid-5476
---ebpf-pid----5707----pid-1
---ebpf-pid----5707----pid-5707
---ebpf-pid----5707----pid-5476
---ebpf-pid----5707----pid-1
---ebpf-pid----2089----pid-2089
---ebpf-pid----2089----pid-1
---ebpf-pid----379067----pid-379067
---ebpf-pid----379067----pid-5476
---ebpf-pid----379067----pid-1
---ebpf-pid----379067----pid-379067
Failed to get process information for PID 0
---ebpf-pid----379067----pid-5476
---ebpf-pid----379067----pid-1
---ebpf-pid----2089----pid-2089
---ebpf-pid----2089----pid-1
---ebpf-pid----2089----pid-2089
---ebpf-pid----2089----pid-1
---ebpf-pid----2089----pid-2089
---ebpf-pid----2089----pid-1
---ebpf-pid----2089----pid-2089
---ebpf-pid----2089----pid-1
---ebpf-pid----2089----pid-2089
---ebpf-pid----2089----pid-1
---ebpf-pid----2089----pid-2089
---ebpf-pid----2089----pid-1
---ebpf-pid----2089----pid-2089
---ebpf-pid----2089----pid-1
---ebpf-pid----2089----pid-2089
---ebpf-pid----2089----pid-1
---ebpf-pid----2089----pid-2089
---ebpf-pid----2089----pid-1
---ebpf-pid----379067----pid-379067
---ebpf-pid----379067----pid-5476
---ebpf-pid----379067----pid-1
---ebpf-pid----379067----pid-379067
---ebpf-pid----379067----pid-5476
---ebpf-pid----379067----pid-1
---ebpf-pid----379067----pid-379067
---ebpf-pid----379067----pid-5476
---ebpf-pid----379067----pid-1
---ebpf-pid----379067----pid-379067
---ebpf-pid----379067----pid-5476
---ebpf-pid----379067----pid-1
---ebpf-pid----379067----pid-379067
---ebpf-pid----379067----pid-5476
---ebpf-pid----379067----pid-1
---ebpf-pid----379067----pid-379067
---ebpf-pid----379067----pid-5476
---ebpf-pid----379067----pid-1
---ebpf-pid----379067----pid-379067
---ebpf-pid----379067----pid-5476
---ebpf-pid----379067----pid-1
---ebpf-pid----379067----pid-379067
---ebpf-pid----379067----pid-5476
---ebpf-pid----379067----pid-1
---ebpf-pid----379067----pid-379067
---ebpf-pid----379067----pid-5476
---ebpf-pid----379067----pid-1
---ebpf-pid----2029----pid-2029
---ebpf-pid----2029----pid-1
---ebpf-pid----2029----pid-2029
---ebpf-pid----2029----pid-1
---ebpf-pid----2029----pid-2029
---ebpf-pid----2029----pid-1
---ebpf-pid----379067----pid-379067
---ebpf-pid----379067----pid-5476
---ebpf-pid----379067----pid-1
---ebpf-pid----379067----pid-379067
---ebpf-pid----379067----pid-5476
---ebpf-pid----379067----pid-1
---ebpf-pid----379067----pid-379067
---ebpf-pid----379067----pid-5476
---ebpf-pid----379067----pid-1
---ebpf-pid----2029----pid-2029
---ebpf-pid----2029----pid-1
---ebpf-pid----2029----pid-2029
---ebpf-pid----2029----pid-1
---ebpf-pid----2029----pid-2029
---ebpf-pid----2029----pid-1
---ebpf-pid----2029----pid-2029
---ebpf-pid----2029----pid-1
---ebpf-pid----2029----pid-2029
---ebpf-pid----2029----pid-1
---ebpf-pid----2029----pid-2029
---ebpf-pid----2029----pid-1
---ebpf-pid----2029----pid-2029
---ebpf-pid----2029----pid-1
---ebpf-pid----372714----pid-372714
---ebpf-pid----372714----pid-5476
---ebpf-pid----372714----pid-1
---ebpf-pid----372714----pid-372714
---ebpf-pid----372714----pid-5476
---ebpf-pid----372714----pid-1
---ebpf-pid----372714----pid-372714
---ebpf-pid----372714----pid-5476
---ebpf-pid----372714----pid-1
---ebpf-pid----372714----pid-372714
---ebpf-pid----372714----pid-5476
---ebpf-pid----372714----pid-1
---ebpf-pid----372714----pid-372714
---ebpf-pid----372714----pid-5476
---ebpf-pid----372714----pid-1
---ebpf-pid----372714----pid-372714
---ebpf-pid----372714----pid-5476
---ebpf-pid----372714----pid-1
---ebpf-pid----372714----pid-372714
---ebpf-pid----372714----pid-5476
---ebpf-pid----372714----pid-1
---ebpf-pid----2088----pid-2088
---ebpf-pid----2088----pid-1
---ebpf-pid----372714----pid-372714
---ebpf-pid----372714----pid-5476
---ebpf-pid----372714----pid-1
---ebpf-pid----372714----pid-372714
---ebpf-pid----372714----pid-5476
---ebpf-pid----372714----pid-1
---ebpf-pid----448521----pid-448521
---ebpf-pid----448521----pid-1
---ebpf-pid----2088----pid-2088
---ebpf-pid----2088----pid-1
---ebpf-pid----372714----pid-372714
---ebpf-pid----372714----pid-5476
---ebpf-pid----372714----pid-1
---ebpf-pid----2088----pid-2088
---ebpf-pid----2088----pid-1
---ebpf-pid----372714----pid-372714
---ebpf-pid----372714----pid-5476
---ebpf-pid----372714----pid-1
---ebpf-pid----372714----pid-372714
---ebpf-pid----372714----pid-5476
---ebpf-pid----372714----pid-1
---ebpf-pid----372714----pid-372714
---ebpf-pid----372714----pid-5476
---ebpf-pid----372714----pid-1
---ebpf-pid----2088----pid-2088
---ebpf-pid----2088----pid-1
---ebpf-pid----372714----pid-372714
---ebpf-pid----372714----pid-5476
---ebpf-pid----372714----pid-1
---ebpf-pid----372714----pid-372714
---ebpf-pid----372714----pid-5476
---ebpf-pid----372714----pid-1
---ebpf-pid----2088----pid-2088
---ebpf-pid----2088----pid-1
---ebpf-pid----2088----pid-2088
---ebpf-pid----2088----pid-1
---ebpf-pid----2088----pid-2088
---ebpf-pid----2088----pid-1
---ebpf-pid----2088----pid-2088
---ebpf-pid----2088----pid-1
---ebpf-pid----2088----pid-2088
---ebpf-pid----2088----pid-1
---ebpf-pid----2088----pid-2088
---ebpf-pid----2088----pid-1
---ebpf-pid----2088----pid-2088
---ebpf-pid----2088----pid-1
---ebpf-pid----2088----pid-2088
---ebpf-pid----2088----pid-1
---ebpf-pid----2088----pid-2088
---ebpf-pid----2088----pid-1
---ebpf-pid----2088----pid-2088
---ebpf-pid----2088----pid-1
---ebpf-pid----2088----pid-2088
---ebpf-pid----2088----pid-1
---ebpf-pid----2088----pid-2088
---ebpf-pid----2088----pid-1
---ebpf-pid----372714----pid-372714
---ebpf-pid----372714----pid-5476
---ebpf-pid----372714----pid-1
---ebpf-pid----372714----pid-372714
---ebpf-pid----372714----pid-5476
---ebpf-pid----372714----pid-1
---ebpf-pid----2012----pid-2012
---ebpf-pid----2012----pid-1
---ebpf-pid----2089----pid-2089
---ebpf-pid----2089----pid-1
---ebpf-pid----372714----pid-372714
---ebpf-pid----372714----pid-5476
---ebpf-pid----372714----pid-1
---ebpf-pid----372714----pid-372714
---ebpf-pid----372714----pid-5476
---ebpf-pid----372714----pid-1
---ebpf-pid----372714----pid-372714
---ebpf-pid----372714----pid-5476
---ebpf-pid----372714----pid-1
---ebpf-pid----379067----pid-379067
---ebpf-pid----379067----pid-5476
---ebpf-pid----379067----pid-1
---ebpf-pid----372714----pid-372714
---ebpf-pid----372714----pid-5476
---ebpf-pid----372714----pid-1
---ebpf-pid----372714----pid-372714
---ebpf-pid----372714----pid-5476
---ebpf-pid----372714----pid-1
---ebpf-pid----2089----pid-2089
---ebpf-pid----2089----pid-1
---ebpf-pid----2089----pid-2089
---ebpf-pid----2089----pid-1
---ebpf-pid----372714----pid-372714
---ebpf-pid----372714----pid-5476
---ebpf-pid----372714----pid-1
---ebpf-pid----372714----pid-372714
---ebpf-pid----372714----pid-5476
---ebpf-pid----372714----pid-1
---ebpf-pid----2089----pid-2089
---ebpf-pid----2089----pid-1
---ebpf-pid----372714----pid-372714
---ebpf-pid----372714----pid-5476
---ebpf-pid----372714----pid-1
---ebpf-pid----372714----pid-372714
---ebpf-pid----372714----pid-5476
---ebpf-pid----372714----pid-1
---ebpf-pid----372714----pid-372714
---ebpf-pid----372714----pid-5476
---ebpf-pid----372714----pid-1
---ebpf-pid----2089----pid-2089
---ebpf-pid----2089----pid-1
---ebpf-pid----2089----pid-2089
---ebpf-pid----2089----pid-1
---ebpf-pid----2089----pid-2089
---ebpf-pid----2089----pid-1
---ebpf-pid----2089----pid-2089
---ebpf-pid----2089----pid-1
---ebpf-pid----2089----pid-2089
---ebpf-pid----2089----pid-1
---ebpf-pid----2089----pid-2089
---ebpf-pid----2089----pid-1
---ebpf-pid----2089----pid-2089
---ebpf-pid----2089----pid-1
---ebpf-pid----2089----pid-2089
---ebpf-pid----2089----pid-1
---ebpf-pid----2089----pid-2089
---ebpf-pid----2089----pid-1
---ebpf-pid----379067----pid-379067
---ebpf-pid----379067----pid-5476
---ebpf-pid----379067----pid-1
---ebpf-pid----379067----pid-379067
---ebpf-pid----379067----pid-5476
---ebpf-pid----379067----pid-1
---ebpf-pid----2012----pid-2012
---ebpf-pid----2012----pid-1
---ebpf-pid----2012----pid-2012
---ebpf-pid----2012----pid-1
---ebpf-pid----379067----pid-379067
---ebpf-pid----379067----pid-5476
---ebpf-pid----379067----pid-1
---ebpf-pid----379067----pid-379067
---ebpf-pid----379067----pid-5476
---ebpf-pid----379067----pid-1
---ebpf-pid----2012----pid-2012
---ebpf-pid----2012----pid-1
---ebpf-pid----2012----pid-2012
---ebpf-pid----2012----pid-1
---ebpf-pid----2012----pid-2012
---ebpf-pid----2012----pid-1
---ebpf-pid----2012----pid-2012
---ebpf-pid----2012----pid-1
---ebpf-pid----2012----pid-2012
---ebpf-pid----2012----pid-1
---ebpf-pid----2012----pid-2012
---ebpf-pid----2012----pid-1
---ebpf-pid----2012----pid-2012
---ebpf-pid----2012----pid-1
---ebpf-pid----2012----pid-2012
---ebpf-pid----2012----pid-1
---ebpf-pid----2012----pid-2012
---ebpf-pid----2012----pid-1
---ebpf-pid----2012----pid-2012
---ebpf-pid----2012----pid-1
---ebpf-pid----2012----pid-2012
---ebpf-pid----2012----pid-1
---ebpf-pid----379067----pid-379067
---ebpf-pid----379067----pid-5476
---ebpf-pid----379067----pid-1
---ebpf-pid----2012----pid-2012
---ebpf-pid----2012----pid-1
---ebpf-pid----379067----pid-379067
---ebpf-pid----379067----pid-5476
---ebpf-pid----379067----pid-1
---ebpf-pid----379067----pid-379067
---ebpf-pid----379067----pid-5476
---ebpf-pid----379067----pid-1
---ebpf-pid----2012----pid-2012
---ebpf-pid----2012----pid-1
---ebpf-pid----379067----pid-379067
---ebpf-pid----379067----pid-5476
---ebpf-pid----379067----pid-1
---ebpf-pid----379067----pid-379067
---ebpf-pid----379067----pid-5476
---ebpf-pid----379067----pid-1
---ebpf-pid----379067----pid-379067
---ebpf-pid----379067----pid-5476
---ebpf-pid----379067----pid-1
---ebpf-pid----379067----pid-379067
---ebpf-pid----379067----pid-5476
---ebpf-pid----379067----pid-1
---ebpf-pid----2012----pid-2012
---ebpf-pid----2012----pid-1
---ebpf-pid----2012----pid-2012
---ebpf-pid----2012----pid-1
---ebpf-pid----2012----pid-2012
---ebpf-pid----2012----pid-1
---ebpf-pid----2012----pid-2012
---ebpf-pid----2012----pid-1
---ebpf-pid----2012----pid-2012
---ebpf-pid----2012----pid-1
---ebpf-pid----2012----pid-2012
---ebpf-pid----2012----pid-1
---ebpf-pid----2012----pid-2012
---ebpf-pid----2012----pid-1
---ebpf-pid----2012----pid-2012
---ebpf-pid----2012----pid-1
---ebpf-pid----2012----pid-2012
---ebpf-pid----2012----pid-1
---ebpf-pid----2012----pid-2012
---ebpf-pid----2012----pid-1
---ebpf-pid----2088----pid-2088
---ebpf-pid----2088----pid-1
---ebpf-pid----379067----pid-379067
---ebpf-pid----379067----pid-5476
---ebpf-pid----379067----pid-1
---ebpf-pid----379067----pid-379067
---ebpf-pid----379067----pid-5476
---ebpf-pid----379067----pid-1
---ebpf-pid----2012----pid-2012
---ebpf-pid----2012----pid-1
---ebpf-pid----379067----pid-379067
---ebpf-pid----379067----pid-5476
---ebpf-pid----379067----pid-1
---ebpf-pid----379067----pid-379067
---ebpf-pid----379067----pid-5476
---ebpf-pid----379067----pid-1
---ebpf-pid----2012----pid-2012
---ebpf-pid----2012----pid-1
---ebpf-pid----2012----pid-2012
---ebpf-pid----2012----pid-1
---ebpf-pid----379067----pid-379067
---ebpf-pid----379067----pid-5476
---ebpf-pid----379067----pid-1
---ebpf-pid----2012----pid-2012
---ebpf-pid----2012----pid-1
---ebpf-pid----2012----pid-2012
---ebpf-pid----2012----pid-1
---ebpf-pid----2012----pid-2012
---ebpf-pid----2012----pid-1
---ebpf-pid----2012----pid-2012
---ebpf-pid----2012----pid-1
---ebpf-pid----2012----pid-2012
---ebpf-pid----2012----pid-1
---ebpf-pid----2012----pid-2012
---ebpf-pid----2012----pid-1
---ebpf-pid----2012----pid-2012
---ebpf-pid----2012----pid-1
---ebpf-pid----2012----pid-2012
---ebpf-pid----2012----pid-1
---ebpf-pid----2012----pid-2012
---ebpf-pid----2012----pid-1
---ebpf-pid----2088----pid-2088
---ebpf-pid----2088----pid-1
---ebpf-pid----2088----pid-2088
---ebpf-pid----2088----pid-1
---ebpf-pid----2088----pid-2088
---ebpf-pid----2088----pid-1
---ebpf-pid----2088----pid-2088
---ebpf-pid----2088----pid-1
---ebpf-pid----2088----pid-2088
---ebpf-pid----2088----pid-1
---ebpf-pid----2088----pid-2088
---ebpf-pid----2088----pid-1
---ebpf-pid----2088----pid-2088
---ebpf-pid----2088----pid-1
---ebpf-pid----2088----pid-2088
---ebpf-pid----2088----pid-1
---ebpf-pid----2088----pid-2088
---ebpf-pid----2088----pid-1
---ebpf-pid----2088----pid-2088
---ebpf-pid----2088----pid-1
---ebpf-pid----2088----pid-2088
---ebpf-pid----2088----pid-1
---ebpf-pid----2088----pid-2088
---ebpf-pid----2088----pid-1
---ebpf-pid----2088----pid-2088
---ebpf-pid----2088----pid-1
---ebpf-pid----2088----pid-2088
---ebpf-pid----2088----pid-1
---ebpf-pid----2088----pid-2088
---ebpf-pid----2088----pid-1
---ebpf-pid----2088----pid-2088
---ebpf-pid----2088----pid-1
---ebpf-pid----2088----pid-2088
---ebpf-pid----2088----pid-1
---ebpf-pid----2088----pid-2088
---ebpf-pid----2088----pid-1
---ebpf-pid----2088----pid-2088
---ebpf-pid----2088----pid-1
---ebpf-pid----372881----pid-372881
---ebpf-pid----372881----pid-1
---ebpf-pid----372881----pid-372881
---ebpf-pid----372881----pid-1
---ebpf-pid----372881----pid-372881
---ebpf-pid----372881----pid-1
---ebpf-pid----372881----pid-372881
---ebpf-pid----372881----pid-1
---ebpf-pid----372881----pid-372881
---ebpf-pid----372881----pid-1
---ebpf-pid----372881----pid-372881
---ebpf-pid----372881----pid-1
---ebpf-pid----372881----pid-372881
---ebpf-pid----372881----pid-1
---ebpf-pid----372881----pid-372881
---ebpf-pid----372881----pid-1
---ebpf-pid----372881----pid-372881
---ebpf-pid----372881----pid-1
---ebpf-pid----372881----pid-372881
---ebpf-pid----372881----pid-1
---ebpf-pid----372881----pid-372881
---ebpf-pid----372881----pid-1
---ebpf-pid----372881----pid-372881
---ebpf-pid----372881----pid-1
---ebpf-pid----372881----pid-372881
---ebpf-pid----372881----pid-1
---ebpf-pid----372881----pid-372881
---ebpf-pid----372881----pid-1
---ebpf-pid----372881----pid-372881
---ebpf-pid----372881----pid-1
---ebpf-pid----372881----pid-372881
---ebpf-pid----372881----pid-1
---ebpf-pid----372881----pid-372881
---ebpf-pid----372881----pid-1
---ebpf-pid----5705----pid-5705
---ebpf-pid----5705----pid-5476
---ebpf-pid----5705----pid-1
---ebpf-pid----5705----pid-5705
---ebpf-pid----5705----pid-5476
---ebpf-pid----5705----pid-1
---ebpf-pid----5705----pid-5705
---ebpf-pid----5705----pid-5476
---ebpf-pid----5705----pid-1
---ebpf-pid----5705----pid-5705
---ebpf-pid----5705----pid-5476
---ebpf-pid----5705----pid-1
---ebpf-pid----5705----pid-5705
---ebpf-pid----5705----pid-5476
---ebpf-pid----5705----pid-1
---ebpf-pid----2029----pid-2029
---ebpf-pid----2029----pid-1
---ebpf-pid----2089----pid-2089
---ebpf-pid----2089----pid-1
---ebpf-pid----5705----pid-5705
---ebpf-pid----5705----pid-5476
---ebpf-pid----5705----pid-1
---ebpf-pid----5705----pid-5705
---ebpf-pid----5705----pid-5476
---ebpf-pid----5705----pid-1
---ebpf-pid----5705----pid-5705
---ebpf-pid----5705----pid-5476
---ebpf-pid----5705----pid-1
---ebpf-pid----5705----pid-5705
---ebpf-pid----5705----pid-5476
---ebpf-pid----5705----pid-1
---ebpf-pid----5705----pid-5705
---ebpf-pid----5705----pid-5476
---ebpf-pid----5705----pid-1
---ebpf-pid----5705----pid-5705
---ebpf-pid----5705----pid-5476
---ebpf-pid----5705----pid-1
---ebpf-pid----5705----pid-5705
---ebpf-pid----5705----pid-5476
---ebpf-pid----5705----pid-1
---ebpf-pid----5705----pid-5705
---ebpf-pid----5705----pid-5476
---ebpf-pid----5705----pid-1
---ebpf-pid----5705----pid-5705
---ebpf-pid----5705----pid-5476
---ebpf-pid----5705----pid-1
---ebpf-pid----5705----pid-5705
---ebpf-pid----5705----pid-5476
Failed to get process information for PID 0
---ebpf-pid----5705----pid-1
---ebpf-pid----5705----pid-5705
---ebpf-pid----5705----pid-5476
---ebpf-pid----5705----pid-1
---ebpf-pid----5705----pid-5705
---ebpf-pid----5705----pid-5476
---ebpf-pid----5705----pid-1
---ebpf-pid----5705----pid-5705
---ebpf-pid----5705----pid-5476
---ebpf-pid----5705----pid-1
---ebpf-pid----5705----pid-5705
---ebpf-pid----5705----pid-5476
---ebpf-pid----5705----pid-1
---ebpf-pid----5705----pid-5705
---ebpf-pid----5705----pid-5476
---ebpf-pid----5705----pid-1
---ebpf-pid----5705----pid-5705
---ebpf-pid----5705----pid-5476
---ebpf-pid----5705----pid-1
---ebpf-pid----5705----pid-5705
---ebpf-pid----5705----pid-5476
---ebpf-pid----5705----pid-1
---ebpf-pid----5705----pid-5705
---ebpf-pid----5705----pid-5476
---ebpf-pid----5705----pid-1
---ebpf-pid----5705----pid-5705
---ebpf-pid----5705----pid-5476
---ebpf-pid----5705----pid-1
---ebpf-pid----5705----pid-5705
---ebpf-pid----5705----pid-5476
---ebpf-pid----5705----pid-1
---ebpf-pid----5705----pid-5705
---ebpf-pid----5705----pid-5476
---ebpf-pid----5705----pid-1
---ebpf-pid----5705----pid-5705
---ebpf-pid----5705----pid-5476
---ebpf-pid----5705----pid-1
---ebpf-pid----5705----pid-5705
---ebpf-pid----5705----pid-5476
---ebpf-pid----5705----pid-1
---ebpf-pid----5705----pid-5705
---ebpf-pid----5705----pid-5476
---ebpf-pid----5705----pid-1
---ebpf-pid----5705----pid-5705
---ebpf-pid----5705----pid-5476
---ebpf-pid----5705----pid-1
---ebpf-pid----5705----pid-5705
---ebpf-pid----5705----pid-5476
---ebpf-pid----5705----pid-1
---ebpf-pid----5705----pid-5705
---ebpf-pid----5705----pid-5476
---ebpf-pid----5705----pid-1
---ebpf-pid----5705----pid-5705
---ebpf-pid----5705----pid-5476
---ebpf-pid----5705----pid-1
---ebpf-pid----5705----pid-5705
---ebpf-pid----5705----pid-5476
---ebpf-pid----5705----pid-1
---ebpf-pid----5705----pid-5705
---ebpf-pid----5705----pid-5476
---ebpf-pid----5705----pid-1
---ebpf-pid----5705----pid-5705
---ebpf-pid----5705----pid-5476
---ebpf-pid----5705----pid-1
---ebpf-pid----5705----pid-5705
---ebpf-pid----5705----pid-5476
---ebpf-pid----5705----pid-1
---ebpf-pid----5705----pid-5705
---ebpf-pid----5705----pid-5476
---ebpf-pid----5705----pid-1
---ebpf-pid----5705----pid-5705
---ebpf-pid----5705----pid-5476
---ebpf-pid----5705----pid-1
---ebpf-pid----5705----pid-5705
---ebpf-pid----5705----pid-5476
---ebpf-pid----5705----pid-1
---ebpf-pid----5705----pid-5705
---ebpf-pid----5705----pid-5476
---ebpf-pid----5705----pid-1
---ebpf-pid----5705----pid-5705
---ebpf-pid----5705----pid-5476
---ebpf-pid----5705----pid-1
---ebpf-pid----5705----pid-5705
---ebpf-pid----5705----pid-5476
---ebpf-pid----5705----pid-1
---ebpf-pid----5705----pid-5705
---ebpf-pid----5705----pid-5476
---ebpf-pid----5705----pid-1
---ebpf-pid----5705----pid-5705
---ebpf-pid----5705----pid-5476
---ebpf-pid----5705----pid-1
---ebpf-pid----5705----pid-5705
---ebpf-pid----5705----pid-5476
---ebpf-pid----5705----pid-1
---ebpf-pid----5705----pid-5705
---ebpf-pid----5705----pid-5476
---ebpf-pid----5705----pid-1
---ebpf-pid----5705----pid-5705
---ebpf-pid----5705----pid-5476
---ebpf-pid----5705----pid-1
---ebpf-pid----5705----pid-5705
---ebpf-pid----5705----pid-5476
---ebpf-pid----5705----pid-1
---ebpf-pid----5705----pid-5705
---ebpf-pid----5705----pid-5476
---ebpf-pid----5705----pid-1
---ebpf-pid----5705----pid-5705
---ebpf-pid----5705----pid-5476
---ebpf-pid----5705----pid-1
---ebpf-pid----5705----pid-5705
---ebpf-pid----5705----pid-5476
---ebpf-pid----5705----pid-1
---ebpf-pid----5705----pid-5705
---ebpf-pid----5705----pid-5476
---ebpf-pid----5705----pid-1
---ebpf-pid----5705----pid-5705
---ebpf-pid----5705----pid-5476
---ebpf-pid----5705----pid-1
---ebpf-pid----5705----pid-5705
---ebpf-pid----5705----pid-5476
---ebpf-pid----5705----pid-1
---ebpf-pid----5705----pid-5705
---ebpf-pid----5705----pid-5476
---ebpf-pid----5705----pid-1
---ebpf-pid----5705----pid-5705
---ebpf-pid----5705----pid-5476
---ebpf-pid----5705----pid-1
---ebpf-pid----5705----pid-5705
---ebpf-pid----5705----pid-5476
---ebpf-pid----5705----pid-1
---ebpf-pid----5705----pid-5705
---ebpf-pid----5705----pid-5476
---ebpf-pid----5705----pid-1
---ebpf-pid----5705----pid-5705
---ebpf-pid----5705----pid-5476
---ebpf-pid----5705----pid-1
---ebpf-pid----5705----pid-5705
---ebpf-pid----5705----pid-5476
---ebpf-pid----5705----pid-1
---ebpf-pid----5705----pid-5705
---ebpf-pid----5705----pid-5476
---ebpf-pid----5705----pid-1
---ebpf-pid----5705----pid-5705
---ebpf-pid----5705----pid-5476
---ebpf-pid----5705----pid-1
---ebpf-pid----5705----pid-5705
---ebpf-pid----5705----pid-5476
---ebpf-pid----5705----pid-1
---ebpf-pid----5705----pid-5705
---ebpf-pid----5705----pid-5476
---ebpf-pid----5705----pid-1
---ebpf-pid----5705----pid-5705
---ebpf-pid----5705----pid-5476
---ebpf-pid----5705----pid-1
---ebpf-pid----5705----pid-5705
---ebpf-pid----5705----pid-5476
---ebpf-pid----5705----pid-1
---ebpf-pid----5705----pid-5705
---ebpf-pid----5705----pid-5476
---ebpf-pid----5705----pid-1
---ebpf-pid----5705----pid-5705
---ebpf-pid----5705----pid-5476
---ebpf-pid----5705----pid-1
---ebpf-pid----5705----pid-5705
---ebpf-pid----5705----pid-5476
---ebpf-pid----5705----pid-1
---ebpf-pid----5705----pid-5705
---ebpf-pid----5705----pid-5476
---ebpf-pid----5705----pid-1
---ebpf-pid----5705----pid-5705
---ebpf-pid----5705----pid-5476
---ebpf-pid----5705----pid-1
---ebpf-pid----5705----pid-5705
---ebpf-pid----5705----pid-5476
---ebpf-pid----5705----pid-1
---ebpf-pid----5705----pid-5705
---ebpf-pid----5705----pid-5476
---ebpf-pid----5705----pid-1
---ebpf-pid----5705----pid-5705
---ebpf-pid----5705----pid-5476
---ebpf-pid----5705----pid-1
---ebpf-pid----5705----pid-5705
---ebpf-pid----5705----pid-5476
---ebpf-pid----5705----pid-1
---ebpf-pid----5705----pid-5705
---ebpf-pid----5705----pid-5476
---ebpf-pid----5705----pid-1
---ebpf-pid----5705----pid-5705
---ebpf-pid----5705----pid-5476
---ebpf-pid----5705----pid-1
---ebpf-pid----5705----pid-5705
---ebpf-pid----5705----pid-5476
---ebpf-pid----5705----pid-1
---ebpf-pid----5705----pid-5705
---ebpf-pid----5705----pid-5476
---ebpf-pid----5705----pid-1
---ebpf-pid----5705----pid-5705
---ebpf-pid----5705----pid-5476
---ebpf-pid----5705----pid-1
---ebpf-pid----5705----pid-5705
---ebpf-pid----5705----pid-5476
---ebpf-pid----5705----pid-1
---ebpf-pid----5705----pid-5705
---ebpf-pid----5705----pid-5476
---ebpf-pid----5705----pid-1
---ebpf-pid----5705----pid-5705
---ebpf-pid----5705----pid-5476
---ebpf-pid----5705----pid-1
---ebpf-pid----5705----pid-5705
---ebpf-pid----5705----pid-5476
---ebpf-pid----5705----pid-1
---ebpf-pid----5703----pid-5703
---ebpf-pid----5703----pid-5476
---ebpf-pid----5703----pid-1
---ebpf-pid----5705----pid-5705
---ebpf-pid----5705----pid-5476
---ebpf-pid----5705----pid-1
---ebpf-pid----5705----pid-5705
---ebpf-pid----5705----pid-5476
---ebpf-pid----5705----pid-1
---ebpf-pid----5705----pid-5705
---ebpf-pid----5705----pid-5476
---ebpf-pid----5705----pid-1
---ebpf-pid----5705----pid-5705
---ebpf-pid----5705----pid-5476
---ebpf-pid----5705----pid-1
---ebpf-pid----5705----pid-5705
---ebpf-pid----5705----pid-5476
---ebpf-pid----5705----pid-1
---ebpf-pid----5705----pid-5705
---ebpf-pid----5705----pid-5476
---ebpf-pid----5705----pid-1
---ebpf-pid----5705----pid-5705
---ebpf-pid----5705----pid-5476
---ebpf-pid----5705----pid-1
---ebpf-pid----5705----pid-5705
---ebpf-pid----5705----pid-5476
---ebpf-pid----5705----pid-1
---ebpf-pid----5705----pid-5705
---ebpf-pid----5705----pid-5476
---ebpf-pid----5705----pid-1
---ebpf-pid----5705----pid-5705
---ebpf-pid----5705----pid-5476
---ebpf-pid----5705----pid-1
---ebpf-pid----5705----pid-5705
---ebpf-pid----5705----pid-5476
---ebpf-pid----5705----pid-1
---ebpf-pid----5705----pid-5705
---ebpf-pid----5705----pid-5476
---ebpf-pid----5705----pid-1
---ebpf-pid----5705----pid-5705
---ebpf-pid----5705----pid-5476
---ebpf-pid----5705----pid-1
---ebpf-pid----5705----pid-5705
---ebpf-pid----5705----pid-5476
---ebpf-pid----5705----pid-1
---ebpf-pid----5705----pid-5705
---ebpf-pid----5705----pid-5476
---ebpf-pid----5705----pid-1
---ebpf-pid----5705----pid-5705
---ebpf-pid----5705----pid-5476
---ebpf-pid----5705----pid-1
---ebpf-pid----5705----pid-5705
---ebpf-pid----5705----pid-5476
---ebpf-pid----5705----pid-1
---ebpf-pid----5705----pid-5705
---ebpf-pid----5705----pid-5476
---ebpf-pid----5705----pid-1
---ebpf-pid----2088----pid-2088
---ebpf-pid----2088----pid-1
---ebpf-pid----2088----pid-2088
---ebpf-pid----2088----pid-1
---ebpf-pid----2088----pid-2088
---ebpf-pid----2088----pid-1
---ebpf-pid----2088----pid-2088
---ebpf-pid----2088----pid-1
---ebpf-pid----2088----pid-2088
---ebpf-pid----2088----pid-1
---ebpf-pid----2088----pid-2088
---ebpf-pid----2088----pid-1
---ebpf-pid----5705----pid-5705
---ebpf-pid----5705----pid-5476
---ebpf-pid----5705----pid-1
---ebpf-pid----5705----pid-5705
---ebpf-pid----5705----pid-5476
---ebpf-pid----5705----pid-1
---ebpf-pid----5705----pid-5705
---ebpf-pid----5705----pid-5476
---ebpf-pid----5705----pid-1
---ebpf-pid----372714----pid-372714
---ebpf-pid----372714----pid-5476
---ebpf-pid----372714----pid-1
---ebpf-pid----2089----pid-2089
---ebpf-pid----2089----pid-1
---ebpf-pid----2089----pid-2089
---ebpf-pid----2089----pid-1
---ebpf-pid----2089----pid-2089
---ebpf-pid----2089----pid-1
---ebpf-pid----2089----pid-2089
---ebpf-pid----2089----pid-1
---ebpf-pid----2089----pid-2089
---ebpf-pid----2089----pid-1
Failed to get process information for PID 0
---ebpf-pid----2089----pid-2089
---ebpf-pid----2089----pid-1
---ebpf-pid----2089----pid-2089
---ebpf-pid----2089----pid-1
---ebpf-pid----2089----pid-2089
---ebpf-pid----2089----pid-1
---ebpf-pid----2089----pid-2089
---ebpf-pid----2089----pid-1
---ebpf-pid----2089----pid-2089
---ebpf-pid----2089----pid-1
---ebpf-pid----2089----pid-2089
---ebpf-pid----2089----pid-1
---ebpf-pid----2089----pid-2089
---ebpf-pid----2089----pid-1
---ebpf-pid----2089----pid-2089
---ebpf-pid----2089----pid-1
---ebpf-pid----372881----pid-372881
---ebpf-pid----372881----pid-1
---ebpf-pid----372881----pid-372881
---ebpf-pid----372881----pid-1
---ebpf-pid----372881----pid-372881
---ebpf-pid----372881----pid-1
---ebpf-pid----372881----pid-372881
---ebpf-pid----372881----pid-1
---ebpf-pid----372881----pid-372881
---ebpf-pid----372881----pid-1
---ebpf-pid----372881----pid-372881
---ebpf-pid----372881----pid-1
---ebpf-pid----372881----pid-372881
---ebpf-pid----372881----pid-1
---ebpf-pid----2088----pid-2088
---ebpf-pid----2088----pid-1
---ebpf-pid----2088----pid-2088
---ebpf-pid----2088----pid-1
---ebpf-pid----2088----pid-2088
---ebpf-pid----2088----pid-1
---ebpf-pid----2088----pid-2088
---ebpf-pid----2088----pid-1
---ebpf-pid----7313----pid-7313
---ebpf-pid----7313----pid-1
---ebpf-pid----372881----pid-372881
---ebpf-pid----372881----pid-1
---ebpf-pid----372881----pid-372881
---ebpf-pid----372881----pid-1
---ebpf-pid----372881----pid-372881
---ebpf-pid----372881----pid-1
---ebpf-pid----14----pid-14
---ebpf-pid----14----pid-2
---ebpf-pid----2089----pid-2089
---ebpf-pid----2089----pid-1
---ebpf-pid----2089----pid-2089
---ebpf-pid----2089----pid-1
---ebpf-pid----2089----pid-2089
---ebpf-pid----2089----pid-1
---ebpf-pid----2089----pid-2089
---ebpf-pid----2089----pid-1
---ebpf-pid----2089----pid-2089
---ebpf-pid----2089----pid-1
---ebpf-pid----2089----pid-2089
---ebpf-pid----2089----pid-1
---ebpf-pid----2088----pid-2088
---ebpf-pid----2088----pid-1
---ebpf-pid----2088----pid-2088
---ebpf-pid----2088----pid-1
---ebpf-pid----2088----pid-2088
---ebpf-pid----2088----pid-1
---ebpf-pid----372881----pid-372881
---ebpf-pid----372881----pid-1
---ebpf-pid----2089----pid-2089
---ebpf-pid----2089----pid-1
---ebpf-pid----2089----pid-2089
---ebpf-pid----2089----pid-1
---ebpf-pid----2089----pid-2089
---ebpf-pid----2089----pid-1
---ebpf-pid----2089----pid-2089
---ebpf-pid----2089----pid-1
---ebpf-pid----2089----pid-2089
---ebpf-pid----2089----pid-1
---ebpf-pid----2089----pid-2089
---ebpf-pid----2089----pid-1
---ebpf-pid----2089----pid-2089
---ebpf-pid----2089----pid-1
---ebpf-pid----448546----pid-448546
---ebpf-pid----448546----pid-1
---ebpf-pid----2089----pid-2089
---ebpf-pid----2089----pid-1
---ebpf-pid----2089----pid-2089
---ebpf-pid----2089----pid-1
---ebpf-pid----2089----pid-2089
---ebpf-pid----2089----pid-1
---ebpf-pid----2089----pid-2089
---ebpf-pid----2089----pid-1
---ebpf-pid----2089----pid-2089
---ebpf-pid----2089----pid-1
---ebpf-pid----2089----pid-2089
---ebpf-pid----2089----pid-1
---ebpf-pid----372881----pid-372881
---ebpf-pid----372881----pid-1
---ebpf-pid----372881----pid-372881
---ebpf-pid----372881----pid-1
---ebpf-pid----2088----pid-2088
---ebpf-pid----2088----pid-1
---ebpf-pid----2088----pid-2088
---ebpf-pid----2088----pid-1
---ebpf-pid----2088----pid-2088
---ebpf-pid----2088----pid-1
---ebpf-pid----2088----pid-2088
---ebpf-pid----2088----pid-1
---ebpf-pid----2088----pid-2088
Failed to get process information for PID 0
---ebpf-pid----2088----pid-1
---ebpf-pid----5707----pid-5707
---ebpf-pid----5707----pid-5476
---ebpf-pid----5707----pid-1
---ebpf-pid----5707----pid-5707
---ebpf-pid----5707----pid-5476
---ebpf-pid----5707----pid-1
---ebpf-pid----2029----pid-2029
---ebpf-pid----2029----pid-1
---ebpf-pid----2029----pid-2029
---ebpf-pid----2029----pid-1
---ebpf-pid----5707----pid-5707
---ebpf-pid----5707----pid-5476
---ebpf-pid----5707----pid-1
---ebpf-pid----5707----pid-5707
---ebpf-pid----5707----pid-5476
---ebpf-pid----5707----pid-1
---ebpf-pid----2029----pid-2029
---ebpf-pid----2029----pid-1
---ebpf-pid----2029----pid-2029
---ebpf-pid----2029----pid-1
---ebpf-pid----5707----pid-5707
---ebpf-pid----5707----pid-5476
---ebpf-pid----5707----pid-1
---ebpf-pid----5707----pid-5707
---ebpf-pid----5707----pid-5476
---ebpf-pid----5707----pid-1
---ebpf-pid----5707----pid-5707
---ebpf-pid----5707----pid-5476
---ebpf-pid----5707----pid-1
---ebpf-pid----7313----pid-7313
---ebpf-pid----7313----pid-1
---ebpf-pid----2089----pid-2089
---ebpf-pid----2089----pid-1
---ebpf-pid----2089----pid-2089
---ebpf-pid----2089----pid-1
---ebpf-pid----2089----pid-2089
---ebpf-pid----2089----pid-1
---ebpf-pid----2089----pid-2089
---ebpf-pid----2089----pid-1
---ebpf-pid----9215----pid-9215
---ebpf-pid----9215----pid-1
---ebpf-pid----2089----pid-2089
---ebpf-pid----2089----pid-1
---ebpf-pid----2089----pid-2089
---ebpf-pid----2089----pid-1
---ebpf-pid----2089----pid-2089
---ebpf-pid----2089----pid-1
---ebpf-pid----2089----pid-2089
---ebpf-pid----2089----pid-1
---ebpf-pid----2089----pid-2089
---ebpf-pid----2089----pid-1
---ebpf-pid----2089----pid-2089
---ebpf-pid----2089----pid-1
---ebpf-pid----2089----pid-2089
---ebpf-pid----2089----pid-1
---ebpf-pid----2089----pid-2089
---ebpf-pid----2089----pid-1
---ebpf-pid----9215----pid-9215
---ebpf-pid----9215----pid-1
---ebpf-pid----9215----pid-9215
---ebpf-pid----9215----pid-1
---ebpf-pid----7906----pid-7906
---ebpf-pid----7906----pid-1
---ebpf-pid----7902----pid-7902
---ebpf-pid----7902----pid-1
---ebpf-pid----5707----pid-5707
---ebpf-pid----5707----pid-5476
---ebpf-pid----5707----pid-1
---ebpf-pid----5707----pid-5707
---ebpf-pid----5707----pid-5476
---ebpf-pid----5707----pid-1
---ebpf-pid----2012----pid-2012
---ebpf-pid----2012----pid-1
---ebpf-pid----2012----pid-2012
---ebpf-pid----2012----pid-1
---ebpf-pid----2012----pid-2012
---ebpf-pid----2012----pid-1
---ebpf-pid----2012----pid-2012
---ebpf-pid----2012----pid-1
---ebpf-pid----2012----pid-2012
---ebpf-pid----2012----pid-1
---ebpf-pid----2012----pid-2012
---ebpf-pid----2012----pid-1
---ebpf-pid----2012----pid-2012
---ebpf-pid----2012----pid-1
---ebpf-pid----2012----pid-2012
---ebpf-pid----2012----pid-1
---ebpf-pid----2012----pid-2012
---ebpf-pid----2012----pid-1
---ebpf-pid----2012----pid-2012
---ebpf-pid----2012----pid-1
---ebpf-pid----5707----pid-5707
---ebpf-pid----5707----pid-5476
---ebpf-pid----5707----pid-1
---ebpf-pid----2012----pid-2012
---ebpf-pid----2012----pid-1
---ebpf-pid----2012----pid-2012
---ebpf-pid----2012----pid-1
---ebpf-pid----2012----pid-2012
---ebpf-pid----2012----pid-1
---ebpf-pid----2012----pid-2012
---ebpf-pid----2012----pid-1
---ebpf-pid----2012----pid-2012
---ebpf-pid----2012----pid-1
---ebpf-pid----2012----pid-2012
---ebpf-pid----2012----pid-1
---ebpf-pid----2012----pid-2012
---ebpf-pid----2012----pid-1
---ebpf-pid----2012----pid-2012
---ebpf-pid----2012----pid-1
---ebpf-pid----2012----pid-2012
---ebpf-pid----2012----pid-1
---ebpf-pid----5707----pid-5707
---ebpf-pid----5707----pid-5476
---ebpf-pid----5707----pid-1
---ebpf-pid----5707----pid-5707
---ebpf-pid----5707----pid-5476
---ebpf-pid----5707----pid-1
---ebpf-pid----5707----pid-5707
---ebpf-pid----5707----pid-5476
---ebpf-pid----5707----pid-1
---ebpf-pid----2012----pid-2012
---ebpf-pid----2012----pid-1
---ebpf-pid----2012----pid-2012
---ebpf-pid----2012----pid-1
---ebpf-pid----2012----pid-2012
---ebpf-pid----2012----pid-1
---ebpf-pid----2012----pid-2012
---ebpf-pid----2012----pid-1
---ebpf-pid----2012----pid-2012
---ebpf-pid----2012----pid-1
---ebpf-pid----5707----pid-5707
---ebpf-pid----5707----pid-5476
---ebpf-pid----5707----pid-1
---ebpf-pid----5707----pid-5707
---ebpf-pid----5707----pid-5476
---ebpf-pid----5707----pid-1
---ebpf-pid----5707----pid-5707
---ebpf-pid----5707----pid-5476
---ebpf-pid----5707----pid-1
---ebpf-pid----2012----pid-2012
---ebpf-pid----2012----pid-1
---ebpf-pid----5703----pid-5703
---ebpf-pid----5703----pid-5476
---ebpf-pid----5703----pid-1
---ebpf-pid----5707----pid-5707
---ebpf-pid----5707----pid-5476
---ebpf-pid----5707----pid-1
---ebpf-pid----5707----pid-5707
---ebpf-pid----5707----pid-5476
---ebpf-pid----5707----pid-1
---ebpf-pid----5707----pid-5707
---ebpf-pid----5707----pid-5476
---ebpf-pid----5707----pid-1
---ebpf-pid----2012----pid-2012
---ebpf-pid----2012----pid-1
---ebpf-pid----2012----pid-2012
---ebpf-pid----2012----pid-1
---ebpf-pid----2012----pid-2012
---ebpf-pid----2012----pid-1
---ebpf-pid----5707----pid-5707
---ebpf-pid----5707----pid-5476
---ebpf-pid----5707----pid-1
---ebpf-pid----5707----pid-5707
---ebpf-pid----5707----pid-5476
---ebpf-pid----5707----pid-1
---ebpf-pid----2088----pid-2088
---ebpf-pid----2088----pid-1
---ebpf-pid----2010----pid-2010
---ebpf-pid----2010----pid-1
---ebpf-pid----379067----pid-379067
---ebpf-pid----379067----pid-5476
---ebpf-pid----379067----pid-1
---ebpf-pid----379067----pid-379067
---ebpf-pid----379067----pid-5476
---ebpf-pid----379067----pid-1
---ebpf-pid----379067----pid-379067
---ebpf-pid----379067----pid-5476
---ebpf-pid----379067----pid-1
---ebpf-pid----379067----pid-379067
---ebpf-pid----379067----pid-5476
---ebpf-pid----379067----pid-1
---ebpf-pid----379067----pid-379067
---ebpf-pid----379067----pid-5476
---ebpf-pid----379067----pid-1
---ebpf-pid----379067----pid-379067
---ebpf-pid----379067----pid-5476
---ebpf-pid----379067----pid-1
---ebpf-pid----379067----pid-379067
---ebpf-pid----379067----pid-5476
---ebpf-pid----379067----pid-1
---ebpf-pid----379067----pid-379067
---ebpf-pid----379067----pid-5476
---ebpf-pid----379067----pid-1
---ebpf-pid----379067----pid-379067
---ebpf-pid----379067----pid-5476
---ebpf-pid----379067----pid-1
---ebpf-pid----379067----pid-379067
---ebpf-pid----379067----pid-5476
---ebpf-pid----379067----pid-1
---ebpf-pid----372714----pid-372714
---ebpf-pid----372714----pid-5476
---ebpf-pid----372714----pid-1
---ebpf-pid----372714----pid-372714
---ebpf-pid----372714----pid-5476
---ebpf-pid----372714----pid-1
---ebpf-pid----372714----pid-372714
---ebpf-pid----372714----pid-5476
---ebpf-pid----372714----pid-1
---ebpf-pid----372714----pid-372714
---ebpf-pid----372714----pid-5476
---ebpf-pid----372714----pid-1
---ebpf-pid----372714----pid-372714
---ebpf-pid----372714----pid-5476
---ebpf-pid----372714----pid-1
---ebpf-pid----372714----pid-372714
---ebpf-pid----372714----pid-5476
---ebpf-pid----372714----pid-1
---ebpf-pid----372714----pid-372714
---ebpf-pid----372714----pid-5476
---ebpf-pid----372714----pid-1
---ebpf-pid----372714----pid-372714
---ebpf-pid----372714----pid-5476
---ebpf-pid----372714----pid-1
---ebpf-pid----5707----pid-5707
---ebpf-pid----5707----pid-5476
---ebpf-pid----5707----pid-1
---ebpf-pid----5707----pid-5707
---ebpf-pid----5707----pid-5476
---ebpf-pid----5707----pid-1
---ebpf-pid----5707----pid-5707
---ebpf-pid----5707----pid-5476
---ebpf-pid----5707----pid-1
---ebpf-pid----5705----pid-5705
---ebpf-pid----5705----pid-5476
---ebpf-pid----5705----pid-1
---ebpf-pid----5705----pid-5705
---ebpf-pid----5705----pid-5476
---ebpf-pid----5705----pid-1
---ebpf-pid----5705----pid-5705
---ebpf-pid----5705----pid-5476
---ebpf-pid----5705----pid-1
---ebpf-pid----5705----pid-5705
---ebpf-pid----5705----pid-5476
---ebpf-pid----5705----pid-1
---ebpf-pid----5705----pid-5705
---ebpf-pid----5705----pid-5476
---ebpf-pid----5705----pid-1
---ebpf-pid----5705----pid-5705
---ebpf-pid----5705----pid-5476
---ebpf-pid----5705----pid-1
---ebpf-pid----5705----pid-5705
---ebpf-pid----5705----pid-5476
---ebpf-pid----5705----pid-1
---ebpf-pid----5705----pid-5705
---ebpf-pid----5705----pid-5476
---ebpf-pid----5705----pid-1
---ebpf-pid----372714----pid-372714
---ebpf-pid----372714----pid-5476
---ebpf-pid----372714----pid-1
---ebpf-pid----5705----pid-5705
---ebpf-pid----5705----pid-5476
---ebpf-pid----5705----pid-1
---ebpf-pid----5705----pid-5705
---ebpf-pid----5705----pid-5476
---ebpf-pid----5705----pid-1
---ebpf-pid----5705----pid-5705
---ebpf-pid----5705----pid-5476
---ebpf-pid----5705----pid-1
---ebpf-pid----372714----pid-372714
---ebpf-pid----372714----pid-5476
---ebpf-pid----372714----pid-1
---ebpf-pid----5705----pid-5705
---ebpf-pid----5705----pid-5476
---ebpf-pid----5705----pid-1
---ebpf-pid----5705----pid-5705
---ebpf-pid----5705----pid-5476
---ebpf-pid----5705----pid-1
---ebpf-pid----372714----pid-372714
---ebpf-pid----372714----pid-5476
---ebpf-pid----372714----pid-1
---ebpf-pid----372714----pid-372714
---ebpf-pid----372714----pid-5476
---ebpf-pid----372714----pid-1
---ebpf-pid----372714----pid-372714
---ebpf-pid----372714----pid-5476
---ebpf-pid----372714----pid-1
---ebpf-pid----5705----pid-5705
---ebpf-pid----5705----pid-5476
---ebpf-pid----5705----pid-1
---ebpf-pid----5705----pid-5705
---ebpf-pid----5705----pid-5476
---ebpf-pid----5705----pid-1
---ebpf-pid----372714----pid-372714
---ebpf-pid----372714----pid-5476
---ebpf-pid----372714----pid-1
---ebpf-pid----5703----pid-5703
---ebpf-pid----5703----pid-5476
---ebpf-pid----5703----pid-1
---ebpf-pid----372714----pid-372714
---ebpf-pid----372714----pid-5476
---ebpf-pid----372714----pid-1
---ebpf-pid----372714----pid-372714
---ebpf-pid----372714----pid-5476
---ebpf-pid----372714----pid-1
---ebpf-pid----5703----pid-5703
---ebpf-pid----5703----pid-5476
---ebpf-pid----5703----pid-1
---ebpf-pid----379067----pid-379067
---ebpf-pid----379067----pid-5476
---ebpf-pid----379067----pid-1
---ebpf-pid----379067----pid-379067
---ebpf-pid----379067----pid-5476
---ebpf-pid----379067----pid-1
---ebpf-pid----5637----pid-5637
---ebpf-pid----5637----pid-1
---ebpf-pid----14----pid-14
---ebpf-pid----14----pid-2
---ebpf-pid----5705----pid-5705
---ebpf-pid----5705----pid-5476
---ebpf-pid----5705----pid-1
---ebpf-pid----5705----pid-5705
---ebpf-pid----5705----pid-5476
---ebpf-pid----5705----pid-1
---ebpf-pid----5703----pid-5703
---ebpf-pid----5703----pid-5476
---ebpf-pid----5703----pid-1
---ebpf-pid----5705----pid-5705
---ebpf-pid----5705----pid-5476
---ebpf-pid----5705----pid-1
---ebpf-pid----379067----pid-379067
---ebpf-pid----379067----pid-5476
---ebpf-pid----379067----pid-1
---ebpf-pid----379067----pid-379067
---ebpf-pid----379067----pid-5476
---ebpf-pid----379067----pid-1
---ebpf-pid----379067----pid-379067
---ebpf-pid----379067----pid-5476
---ebpf-pid----379067----pid-1
---ebpf-pid----5638----pid-5638
---ebpf-pid----5638----pid-1
---ebpf-pid----448521----pid-448521
---ebpf-pid----448521----pid-1
---ebpf-pid----5707----pid-5707
---ebpf-pid----5707----pid-5476
---ebpf-pid----5707----pid-1
---ebpf-pid----5707----pid-5707
---ebpf-pid----5707----pid-5476
---ebpf-pid----5707----pid-1
---ebpf-pid----5707----pid-5707
---ebpf-pid----5707----pid-5476
---ebpf-pid----5707----pid-1
---ebpf-pid----379067----pid-379067
---ebpf-pid----379067----pid-5476
---ebpf-pid----379067----pid-1
---ebpf-pid----5707----pid-5707
Failed to get process information for PID 0
---ebpf-pid----5707----pid-5476
---ebpf-pid----5707----pid-1
---ebpf-pid----5707----pid-5707
---ebpf-pid----5707----pid-5476
---ebpf-pid----5707----pid-1
---ebpf-pid----5705----pid-5705
---ebpf-pid----5705----pid-5476
---ebpf-pid----5705----pid-1
---ebpf-pid----5705----pid-5705
---ebpf-pid----5705----pid-5476
---ebpf-pid----5705----pid-1
---ebpf-pid----5705----pid-5705
---ebpf-pid----5705----pid-5476
---ebpf-pid----5705----pid-1
---ebpf-pid----2089----pid-2089
---ebpf-pid----2089----pid-1
---ebpf-pid----2089----pid-2089
---ebpf-pid----2089----pid-1
---ebpf-pid----2089----pid-2089
---ebpf-pid----2089----pid-1
---ebpf-pid----2089----pid-2089
---ebpf-pid----2089----pid-1
---ebpf-pid----2089----pid-2089
---ebpf-pid----2089----pid-1
---ebpf-pid----2089----pid-2089
---ebpf-pid----2089----pid-1
---ebpf-pid----7313----pid-7313
---ebpf-pid----7313----pid-1
---ebpf-pid----5705----pid-5705
---ebpf-pid----5705----pid-5476
---ebpf-pid----5705----pid-1
---ebpf-pid----5705----pid-5705
---ebpf-pid----5705----pid-5476
---ebpf-pid----5705----pid-1
---ebpf-pid----5705----pid-5705
---ebpf-pid----5705----pid-5476
---ebpf-pid----5705----pid-1
---ebpf-pid----5705----pid-5705
---ebpf-pid----5705----pid-5476
---ebpf-pid----5705----pid-1
---ebpf-pid----5705----pid-5705
---ebpf-pid----5705----pid-5476
---ebpf-pid----5705----pid-1
---ebpf-pid----5705----pid-5705
---ebpf-pid----5705----pid-5476
---ebpf-pid----5705----pid-1
---ebpf-pid----5705----pid-5705
---ebpf-pid----5705----pid-5476
---ebpf-pid----5705----pid-1
---ebpf-pid----5705----pid-5705
---ebpf-pid----5705----pid-5476
---ebpf-pid----5705----pid-1
---ebpf-pid----5705----pid-5705
---ebpf-pid----5705----pid-5476
---ebpf-pid----5705----pid-1
---ebpf-pid----5705----pid-5705
---ebpf-pid----5705----pid-5476
---ebpf-pid----5705----pid-1
---ebpf-pid----5705----pid-5705
---ebpf-pid----5705----pid-5476
---ebpf-pid----5705----pid-1
---ebpf-pid----5703----pid-5703
---ebpf-pid----5703----pid-5476
---ebpf-pid----5703----pid-1
---ebpf-pid----7313----pid-7313
---ebpf-pid----7313----pid-1
---ebpf-pid----5705----pid-5705
---ebpf-pid----5705----pid-5476
---ebpf-pid----5705----pid-1
---ebpf-pid----5705----pid-5705
---ebpf-pid----5705----pid-5476
---ebpf-pid----5705----pid-1
---ebpf-pid----2089----pid-2089
---ebpf-pid----2089----pid-1
---ebpf-pid----5705----pid-5705
---ebpf-pid----5705----pid-5476
---ebpf-pid----5705----pid-1
---ebpf-pid----5705----pid-5705
---ebpf-pid----5705----pid-5476
---ebpf-pid----5705----pid-1
---ebpf-pid----5705----pid-5705
---ebpf-pid----5705----pid-5476
---ebpf-pid----5705----pid-1
---ebpf-pid----5705----pid-5705
---ebpf-pid----5705----pid-5476
---ebpf-pid----5705----pid-1
---ebpf-pid----5705----pid-5705
---ebpf-pid----5705----pid-5476
---ebpf-pid----5705----pid-1
---ebpf-pid----5705----pid-5705
---ebpf-pid----5705----pid-5476
---ebpf-pid----5705----pid-1
---ebpf-pid----5705----pid-5705
---ebpf-pid----5705----pid-5476
---ebpf-pid----5705----pid-1
---ebpf-pid----5705----pid-5705
---ebpf-pid----5705----pid-5476
---ebpf-pid----5705----pid-1
---ebpf-pid----379067----pid-379067
---ebpf-pid----379067----pid-5476
---ebpf-pid----379067----pid-1
---ebpf-pid----6671----pid-6671
---ebpf-pid----6671----pid-5476
---ebpf-pid----6671----pid-1
---ebpf-pid----5614----pid-5614
---ebpf-pid----5614----pid-1
---ebpf-pid----5638----pid-5638
---ebpf-pid----5638----pid-1
---ebpf-pid----372714----pid-372714
---ebpf-pid----372714----pid-5476
---ebpf-pid----372714----pid-1
---ebpf-pid----372714----pid-372714
---ebpf-pid----372714----pid-5476
---ebpf-pid----372714----pid-1
---ebpf-pid----372714----pid-372714
---ebpf-pid----372714----pid-5476
---ebpf-pid----372714----pid-1
---ebpf-pid----372714----pid-372714
---ebpf-pid----372714----pid-5476
---ebpf-pid----372714----pid-1
---ebpf-pid----372714----pid-372714
---ebpf-pid----372714----pid-5476
---ebpf-pid----372714----pid-1
---ebpf-pid----372714----pid-372714
---ebpf-pid----372714----pid-5476
---ebpf-pid----372714----pid-1
---ebpf-pid----372714----pid-372714
---ebpf-pid----372714----pid-5476
---ebpf-pid----372714----pid-1
---ebpf-pid----372714----pid-372714
---ebpf-pid----372714----pid-5476
---ebpf-pid----372714----pid-1
---ebpf-pid----372881----pid-372881
---ebpf-pid----372881----pid-1
---ebpf-pid----372881----pid-372881
---ebpf-pid----372881----pid-1
---ebpf-pid----372881----pid-372881
---ebpf-pid----372881----pid-1
---ebpf-pid----372881----pid-372881
---ebpf-pid----372881----pid-1
---ebpf-pid----372714----pid-372714
---ebpf-pid----372714----pid-5476
---ebpf-pid----372714----pid-1
---ebpf-pid----372714----pid-372714
---ebpf-pid----372714----pid-5476
---ebpf-pid----372714----pid-1
---ebpf-pid----372714----pid-372714
---ebpf-pid----372714----pid-5476
---ebpf-pid----372714----pid-1
---ebpf-pid----372714----pid-372714
---ebpf-pid----372714----pid-5476
---ebpf-pid----372714----pid-1
---ebpf-pid----372881----pid-372881
---ebpf-pid----372881----pid-1
---ebpf-pid----372881----pid-372881
---ebpf-pid----372881----pid-1
---ebpf-pid----372714----pid-372714
---ebpf-pid----372714----pid-5476
---ebpf-pid----372714----pid-1
---ebpf-pid----372714----pid-372714
---ebpf-pid----372714----pid-5476
---ebpf-pid----372714----pid-1
---ebpf-pid----372881----pid-372881
---ebpf-pid----372881----pid-1
---ebpf-pid----372881----pid-372881
---ebpf-pid----372881----pid-1
---ebpf-pid----372881----pid-372881
---ebpf-pid----372881----pid-1
---ebpf-pid----372881----pid-372881
---ebpf-pid----372881----pid-1
---ebpf-pid----372881----pid-372881
---ebpf-pid----372881----pid-1
---ebpf-pid----372881----pid-372881
---ebpf-pid----372881----pid-1
---ebpf-pid----372881----pid-372881
---ebpf-pid----372881----pid-1
---ebpf-pid----372714----pid-372714
---ebpf-pid----372714----pid-5476
---ebpf-pid----372714----pid-1
---ebpf-pid----5705----pid-5705
---ebpf-pid----5705----pid-5476
---ebpf-pid----5705----pid-1
---ebpf-pid----2012----pid-2012
---ebpf-pid----2012----pid-1
---ebpf-pid----2012----pid-2012
---ebpf-pid----2012----pid-1
---ebpf-pid----2012----pid-2012
---ebpf-pid----2012----pid-1
---ebpf-pid----2012----pid-2012
---ebpf-pid----2012----pid-1
---ebpf-pid----2012----pid-2012
---ebpf-pid----2012----pid-1
---ebpf-pid----2012----pid-2012
---ebpf-pid----2012----pid-1
---ebpf-pid----2012----pid-2012
---ebpf-pid----2012----pid-1
---ebpf-pid----2012----pid-2012
---ebpf-pid----2012----pid-1
---ebpf-pid----2012----pid-2012
---ebpf-pid----2012----pid-1
---ebpf-pid----2012----pid-2012
---ebpf-pid----2012----pid-1
---ebpf-pid----2012----pid-2012
---ebpf-pid----2012----pid-1
---ebpf-pid----2012----pid-2012
---ebpf-pid----2012----pid-1
---ebpf-pid----2012----pid-2012
---ebpf-pid----2012----pid-1
---ebpf-pid----2012----pid-2012
---ebpf-pid----2012----pid-1
---ebpf-pid----2012----pid-2012
---ebpf-pid----2012----pid-1
---ebpf-pid----2012----pid-2012
---ebpf-pid----2012----pid-1
---ebpf-pid----2012----pid-2012
---ebpf-pid----2012----pid-1
---ebpf-pid----7313----pid-7313
---ebpf-pid----7313----pid-1
---ebpf-pid----372714----pid-372714
---ebpf-pid----372714----pid-5476
---ebpf-pid----372714----pid-1
---ebpf-pid----372714----pid-372714
---ebpf-pid----372714----pid-5476
---ebpf-pid----372714----pid-1
---ebpf-pid----372714----pid-372714
---ebpf-pid----372714----pid-5476
---ebpf-pid----372714----pid-1
---ebpf-pid----372714----pid-372714
---ebpf-pid----372714----pid-5476
---ebpf-pid----372714----pid-1
---ebpf-pid----372714----pid-372714
---ebpf-pid----372714----pid-5476
---ebpf-pid----372714----pid-1
---ebpf-pid----372714----pid-372714
---ebpf-pid----372714----pid-5476
---ebpf-pid----372714----pid-1
---ebpf-pid----5705----pid-5705
---ebpf-pid----5705----pid-5476
---ebpf-pid----5705----pid-1
---ebpf-pid----372714----pid-372714
---ebpf-pid----372714----pid-5476
---ebpf-pid----372714----pid-1
---ebpf-pid----372714----pid-372714
---ebpf-pid----372714----pid-5476
---ebpf-pid----372714----pid-1
---ebpf-pid----5614----pid-5614
---ebpf-pid----5614----pid-1
---ebpf-pid----2088----pid-2088
---ebpf-pid----2088----pid-1
---ebpf-pid----2088----pid-2088
---ebpf-pid----2088----pid-1
---ebpf-pid----2088----pid-2088
---ebpf-pid----2088----pid-1
---ebpf-pid----2088----pid-2088
---ebpf-pid----2088----pid-1
---ebpf-pid----2088----pid-2088
---ebpf-pid----2088----pid-1
---ebpf-pid----2088----pid-2088
---ebpf-pid----2088----pid-1
---ebpf-pid----5705----pid-5705
---ebpf-pid----5705----pid-5476
---ebpf-pid----5705----pid-1
---ebpf-pid----5705----pid-5705
---ebpf-pid----5705----pid-5476
---ebpf-pid----5705----pid-1
---ebpf-pid----5705----pid-5705
---ebpf-pid----5705----pid-5476
---ebpf-pid----5705----pid-1
---ebpf-pid----5637----pid-5637
---ebpf-pid----5637----pid-1
---ebpf-pid----5705----pid-5705
---ebpf-pid----5705----pid-5476
---ebpf-pid----5705----pid-1
---ebpf-pid----5705----pid-5705
---ebpf-pid----5705----pid-5476
---ebpf-pid----5705----pid-1
---ebpf-pid----5705----pid-5705
---ebpf-pid----5705----pid-5476
---ebpf-pid----5705----pid-1
---ebpf-pid----5705----pid-5705
---ebpf-pid----5705----pid-5476
---ebpf-pid----5705----pid-1
---ebpf-pid----5705----pid-5705
---ebpf-pid----5705----pid-5476
---ebpf-pid----5705----pid-1
---ebpf-pid----5705----pid-5705
---ebpf-pid----5705----pid-5476
---ebpf-pid----5705----pid-1
---ebpf-pid----5705----pid-5705
---ebpf-pid----5705----pid-5476
---ebpf-pid----5705----pid-1
---ebpf-pid----5705----pid-5705
---ebpf-pid----5705----pid-5476
---ebpf-pid----5705----pid-1
---ebpf-pid----5705----pid-5705
---ebpf-pid----5705----pid-5476
---ebpf-pid----5705----pid-1
---ebpf-pid----5705----pid-5705
---ebpf-pid----5705----pid-5476
---ebpf-pid----5705----pid-1
---ebpf-pid----5705----pid-5705
---ebpf-pid----5705----pid-5476
---ebpf-pid----5705----pid-1
---ebpf-pid----6671----pid-6671
---ebpf-pid----6671----pid-5476
---ebpf-pid----6671----pid-1
---ebpf-pid----6671----pid-6671
---ebpf-pid----6671----pid-5476
---ebpf-pid----6671----pid-1
---ebpf-pid----6671----pid-6671
---ebpf-pid----6671----pid-5476
---ebpf-pid----6671----pid-1
---ebpf-pid----5705----pid-5705
---ebpf-pid----5705----pid-5476
---ebpf-pid----5705----pid-1
---ebpf-pid----6671----pid-6671
---ebpf-pid----6671----pid-5476
---ebpf-pid----6671----pid-1
---ebpf-pid----6671----pid-6671
---ebpf-pid----6671----pid-5476
---ebpf-pid----6671----pid-1
---ebpf-pid----5705----pid-5705
---ebpf-pid----5705----pid-5476
---ebpf-pid----5705----pid-1
---ebpf-pid----6671----pid-6671
---ebpf-pid----6671----pid-5476
---ebpf-pid----6671----pid-1
---ebpf-pid----6671----pid-6671
---ebpf-pid----6671----pid-5476
---ebpf-pid----6671----pid-1
---ebpf-pid----5705----pid-5705
---ebpf-pid----5705----pid-5476
---ebpf-pid----5705----pid-1
---ebpf-pid----5705----pid-5705
---ebpf-pid----5705----pid-5476
---ebpf-pid----5705----pid-1
---ebpf-pid----6671----pid-6671
---ebpf-pid----6671----pid-5476
---ebpf-pid----6671----pid-1
---ebpf-pid----6671----pid-6671
---ebpf-pid----6671----pid-5476
---ebpf-pid----6671----pid-1
---ebpf-pid----372714----pid-372714
---ebpf-pid----372714----pid-5476
---ebpf-pid----372714----pid-1
---ebpf-pid----6671----pid-6671
---ebpf-pid----6671----pid-5476
---ebpf-pid----6671----pid-1
---ebpf-pid----6671----pid-6671
---ebpf-pid----6671----pid-5476
---ebpf-pid----6671----pid-1
---ebpf-pid----6671----pid-6671
---ebpf-pid----6671----pid-5476
---ebpf-pid----6671----pid-1
---ebpf-pid----6671----pid-6671
---ebpf-pid----6671----pid-5476
---ebpf-pid----6671----pid-1
---ebpf-pid----6671----pid-6671
---ebpf-pid----6671----pid-5476
---ebpf-pid----6671----pid-1
---ebpf-pid----372714----pid-372714
---ebpf-pid----372714----pid-5476
---ebpf-pid----372714----pid-1
---ebpf-pid----6671----pid-6671
---ebpf-pid----6671----pid-5476
---ebpf-pid----6671----pid-1
---ebpf-pid----6671----pid-6671
---ebpf-pid----6671----pid-5476
---ebpf-pid----6671----pid-1
---ebpf-pid----6671----pid-6671
---ebpf-pid----6671----pid-5476
---ebpf-pid----6671----pid-1
---ebpf-pid----6671----pid-6671
---ebpf-pid----6671----pid-5476
---ebpf-pid----6671----pid-1
---ebpf-pid----6671----pid-6671
---ebpf-pid----6671----pid-5476
---ebpf-pid----6671----pid-1
---ebpf-pid----6671----pid-6671
---ebpf-pid----6671----pid-5476
---ebpf-pid----6671----pid-1
---ebpf-pid----6671----pid-6671
---ebpf-pid----6671----pid-5476
---ebpf-pid----6671----pid-1
---ebpf-pid----6671----pid-6671
---ebpf-pid----6671----pid-5476
---ebpf-pid----6671----pid-1
---ebpf-pid----6671----pid-6671
---ebpf-pid----6671----pid-5476
---ebpf-pid----6671----pid-1
---ebpf-pid----6671----pid-6671
---ebpf-pid----6671----pid-5476
---ebpf-pid----6671----pid-1
---ebpf-pid----6671----pid-6671
---ebpf-pid----6671----pid-5476
---ebpf-pid----6671----pid-1
---ebpf-pid----6671----pid-6671
---ebpf-pid----6671----pid-5476
---ebpf-pid----6671----pid-1
---ebpf-pid----6671----pid-6671
---ebpf-pid----6671----pid-5476
---ebpf-pid----6671----pid-1
---ebpf-pid----6671----pid-6671
---ebpf-pid----6671----pid-5476
---ebpf-pid----6671----pid-1
---ebpf-pid----6671----pid-6671
---ebpf-pid----6671----pid-5476
---ebpf-pid----6671----pid-1
---ebpf-pid----6671----pid-6671
---ebpf-pid----6671----pid-5476
---ebpf-pid----6671----pid-1
---ebpf-pid----6671----pid-6671
---ebpf-pid----6671----pid-5476
---ebpf-pid----6671----pid-1
---ebpf-pid----6671----pid-6671
---ebpf-pid----6671----pid-5476
---ebpf-pid----6671----pid-1
---ebpf-pid----6671----pid-6671
---ebpf-pid----6671----pid-5476
---ebpf-pid----6671----pid-1
---ebpf-pid----6671----pid-6671
---ebpf-pid----6671----pid-5476
---ebpf-pid----6671----pid-1
---ebpf-pid----6671----pid-6671
---ebpf-pid----6671----pid-5476
---ebpf-pid----6671----pid-1
---ebpf-pid----6671----pid-6671
---ebpf-pid----6671----pid-5476
---ebpf-pid----6671----pid-1
---ebpf-pid----6671----pid-6671
---ebpf-pid----6671----pid-5476
---ebpf-pid----6671----pid-1
---ebpf-pid----6671----pid-6671
---ebpf-pid----6671----pid-5476
---ebpf-pid----6671----pid-1
---ebpf-pid----6671----pid-6671
---ebpf-pid----6671----pid-5476
---ebpf-pid----6671----pid-1
---ebpf-pid----6671----pid-6671
---ebpf-pid----6671----pid-5476
---ebpf-pid----6671----pid-1
---ebpf-pid----6671----pid-6671
---ebpf-pid----6671----pid-5476
---ebpf-pid----6671----pid-1
---ebpf-pid----6671----pid-6671
---ebpf-pid----6671----pid-5476
---ebpf-pid----6671----pid-1
---ebpf-pid----2010----pid-2010
---ebpf-pid----2010----pid-1
---ebpf-pid----6671----pid-6671
---ebpf-pid----6671----pid-5476
---ebpf-pid----6671----pid-1
---ebpf-pid----2088----pid-2088
---ebpf-pid----2088----pid-1
---ebpf-pid----2088----pid-2088
---ebpf-pid----2088----pid-1
---ebpf-pid----6671----pid-6671
---ebpf-pid----6671----pid-5476
---ebpf-pid----6671----pid-1
---ebpf-pid----6671----pid-6671
---ebpf-pid----6671----pid-5476
---ebpf-pid----6671----pid-1
---ebpf-pid----6671----pid-6671
---ebpf-pid----6671----pid-5476
---ebpf-pid----6671----pid-1
---ebpf-pid----372881----pid-372881
---ebpf-pid----372881----pid-1
---ebpf-pid----372881----pid-372881
---ebpf-pid----372881----pid-1
---ebpf-pid----372881----pid-372881
---ebpf-pid----372881----pid-1
---ebpf-pid----6671----pid-6671
---ebpf-pid----6671----pid-5476
---ebpf-pid----6671----pid-1
---ebpf-pid----6671----pid-6671
---ebpf-pid----6671----pid-5476
---ebpf-pid----6671----pid-1
---ebpf-pid----372881----pid-372881
---ebpf-pid----372881----pid-1
---ebpf-pid----372881----pid-372881
---ebpf-pid----372881----pid-1
---ebpf-pid----372881----pid-372881
---ebpf-pid----372881----pid-1
---ebpf-pid----372881----pid-372881
---ebpf-pid----372881----pid-1
---ebpf-pid----372881----pid-372881
---ebpf-pid----372881----pid-1
---ebpf-pid----6671----pid-6671
---ebpf-pid----6671----pid-5476
---ebpf-pid----6671----pid-1
---ebpf-pid----6671----pid-6671
---ebpf-pid----6671----pid-5476
---ebpf-pid----6671----pid-1
---ebpf-pid----6671----pid-6671
---ebpf-pid----6671----pid-5476
---ebpf-pid----6671----pid-1
---ebpf-pid----6671----pid-6671
---ebpf-pid----6671----pid-5476
---ebpf-pid----6671----pid-1
---ebpf-pid----6671----pid-6671
---ebpf-pid----6671----pid-5476
---ebpf-pid----6671----pid-1
---ebpf-pid----7313----pid-7313
---ebpf-pid----7313----pid-1
---ebpf-pid----448521----pid-448521
---ebpf-pid----448521----pid-1
---ebpf-pid----2012----pid-2012
---ebpf-pid----2012----pid-1
---ebpf-pid----2012----pid-2012
---ebpf-pid----2012----pid-1
---ebpf-pid----2012----pid-2012
---ebpf-pid----2012----pid-1
---ebpf-pid----2012----pid-2012
---ebpf-pid----2012----pid-1
---ebpf-pid----2012----pid-2012
---ebpf-pid----2012----pid-1
---ebpf-pid----2012----pid-2012
---ebpf-pid----2012----pid-1
---ebpf-pid----7313----pid-7313
---ebpf-pid----7313----pid-1
---ebpf-pid----372881----pid-372881
---ebpf-pid----372881----pid-1
---ebpf-pid----6671----pid-6671
---ebpf-pid----6671----pid-5476
---ebpf-pid----6671----pid-1
---ebpf-pid----6671----pid-6671
---ebpf-pid----6671----pid-5476
---ebpf-pid----6671----pid-1
---ebpf-pid----6671----pid-6671
---ebpf-pid----6671----pid-5476
---ebpf-pid----6671----pid-1
---ebpf-pid----5637----pid-5637
---ebpf-pid----5637----pid-1
---ebpf-pid----6671----pid-6671
---ebpf-pid----6671----pid-5476
---ebpf-pid----6671----pid-1
---ebpf-pid----6671----pid-6671
---ebpf-pid----6671----pid-5476
---ebpf-pid----6671----pid-1
---ebpf-pid----6671----pid-6671
---ebpf-pid----6671----pid-5476
---ebpf-pid----6671----pid-1
---ebpf-pid----6671----pid-6671
---ebpf-pid----6671----pid-5476
Failed to get process information for PID 0
---ebpf-pid----6671----pid-1
---ebpf-pid----2029----pid-2029
---ebpf-pid----2029----pid-1
---ebpf-pid----6671----pid-6671
---ebpf-pid----6671----pid-5476
---ebpf-pid----6671----pid-1
---ebpf-pid----6671----pid-6671
---ebpf-pid----6671----pid-5476
---ebpf-pid----6671----pid-1
---ebpf-pid----6671----pid-6671
---ebpf-pid----6671----pid-5476
---ebpf-pid----6671----pid-1
---ebpf-pid----6671----pid-6671
---ebpf-pid----6671----pid-5476
---ebpf-pid----6671----pid-1
---ebpf-pid----2010----pid-2010
---ebpf-pid----2010----pid-1
---ebpf-pid----2029----pid-2029
---ebpf-pid----2029----pid-1
---ebpf-pid----2029----pid-2029
---ebpf-pid----2029----pid-1
---ebpf-pid----2029----pid-2029
---ebpf-pid----2029----pid-1
---ebpf-pid----6671----pid-6671
---ebpf-pid----6671----pid-5476
---ebpf-pid----6671----pid-1
---ebpf-pid----6671----pid-6671
---ebpf-pid----6671----pid-5476
---ebpf-pid----6671----pid-1
---ebpf-pid----6671----pid-6671
---ebpf-pid----6671----pid-5476
---ebpf-pid----6671----pid-1
---ebpf-pid----6671----pid-6671
---ebpf-pid----6671----pid-5476
---ebpf-pid----6671----pid-1
---ebpf-pid----7313----pid-7313
---ebpf-pid----7313----pid-1
---ebpf-pid----6671----pid-6671
---ebpf-pid----6671----pid-5476
---ebpf-pid----6671----pid-1
---ebpf-pid----6671----pid-6671
---ebpf-pid----6671----pid-5476
---ebpf-pid----6671----pid-1
---ebpf-pid----6671----pid-6671
---ebpf-pid----6671----pid-5476
---ebpf-pid----6671----pid-1
---ebpf-pid----6671----pid-6671
---ebpf-pid----6671----pid-5476
---ebpf-pid----6671----pid-1
---ebpf-pid----6671----pid-6671
---ebpf-pid----6671----pid-5476
---ebpf-pid----6671----pid-1
---ebpf-pid----6671----pid-6671
Failed to get process information for PID 0
---ebpf-pid----6671----pid-5476
---ebpf-pid----6671----pid-1
---ebpf-pid----6671----pid-6671
---ebpf-pid----6671----pid-5476
---ebpf-pid----6671----pid-1
---ebpf-pid----6671----pid-6671
---ebpf-pid----6671----pid-5476
---ebpf-pid----6671----pid-1
---ebpf-pid----6671----pid-6671
---ebpf-pid----6671----pid-5476
---ebpf-pid----6671----pid-1
---ebpf-pid----6671----pid-6671
---ebpf-pid----6671----pid-5476
---ebpf-pid----6671----pid-1
---ebpf-pid----6671----pid-6671
---ebpf-pid----6671----pid-5476
---ebpf-pid----6671----pid-1
---ebpf-pid----6671----pid-6671
---ebpf-pid----6671----pid-5476
---ebpf-pid----6671----pid-1
---ebpf-pid----6671----pid-6671
---ebpf-pid----6671----pid-5476
---ebpf-pid----6671----pid-1
---ebpf-pid----6671----pid-6671
---ebpf-pid----6671----pid-5476
---ebpf-pid----6671----pid-1
---ebpf-pid----6671----pid-6671
---ebpf-pid----6671----pid-5476
---ebpf-pid----6671----pid-1
---ebpf-pid----6671----pid-6671
---ebpf-pid----6671----pid-5476
---ebpf-pid----6671----pid-1
---ebpf-pid----6671----pid-6671
---ebpf-pid----6671----pid-5476
---ebpf-pid----6671----pid-1
---ebpf-pid----6671----pid-6671
---ebpf-pid----6671----pid-5476
---ebpf-pid----6671----pid-1
---ebpf-pid----6671----pid-6671
---ebpf-pid----6671----pid-5476
---ebpf-pid----6671----pid-1
---ebpf-pid----6671----pid-6671
---ebpf-pid----6671----pid-5476
---ebpf-pid----6671----pid-1
---ebpf-pid----6671----pid-6671
---ebpf-pid----6671----pid-5476
---ebpf-pid----6671----pid-1
---ebpf-pid----6671----pid-6671
---ebpf-pid----6671----pid-5476
---ebpf-pid----6671----pid-1
---ebpf-pid----6671----pid-6671
---ebpf-pid----6671----pid-5476
---ebpf-pid----6671----pid-1
---ebpf-pid----5638----pid-5638
---ebpf-pid----5638----pid-1
---ebpf-pid----6671----pid-6671
---ebpf-pid----6671----pid-5476
---ebpf-pid----6671----pid-1
---ebpf-pid----6671----pid-6671
---ebpf-pid----6671----pid-5476
---ebpf-pid----6671----pid-1
---ebpf-pid----6671----pid-6671
---ebpf-pid----6671----pid-5476
---ebpf-pid----6671----pid-1
---ebpf-pid----6671----pid-6671
---ebpf-pid----6671----pid-5476
---ebpf-pid----6671----pid-1
---ebpf-pid----15----pid-15
---ebpf-pid----15----pid-2
---ebpf-pid----6671----pid-6671
---ebpf-pid----6671----pid-5476
---ebpf-pid----6671----pid-1
---ebpf-pid----6671----pid-6671
---ebpf-pid----6671----pid-5476
---ebpf-pid----6671----pid-1
---ebpf-pid----6671----pid-6671
---ebpf-pid----6671----pid-5476
---ebpf-pid----6671----pid-1
---ebpf-pid----6671----pid-6671
Failed to get process information for PID 0
---ebpf-pid----6671----pid-5476
---ebpf-pid----6671----pid-1
---ebpf-pid----6671----pid-6671
---ebpf-pid----6671----pid-5476
---ebpf-pid----6671----pid-1
---ebpf-pid----5638----pid-5638
---ebpf-pid----5638----pid-1
---ebpf-pid----5638----pid-5638
---ebpf-pid----5638----pid-1
---ebpf-pid----5638----pid-5638
---ebpf-pid----5638----pid-1
---ebpf-pid----372714----pid-372714
---ebpf-pid----372714----pid-5476
---ebpf-pid----372714----pid-1
---ebpf-pid----5705----pid-5705
---ebpf-pid----5705----pid-5476
---ebpf-pid----5705----pid-1
---ebpf-pid----5705----pid-5705
---ebpf-pid----5705----pid-5476
---ebpf-pid----5705----pid-1
---ebpf-pid----372714----pid-372714
---ebpf-pid----372714----pid-5476
---ebpf-pid----372714----pid-1
---ebpf-pid----372714----pid-372714
---ebpf-pid----372714----pid-5476
---ebpf-pid----372714----pid-1
---ebpf-pid----5638----pid-5638
---ebpf-pid----5638----pid-1
---ebpf-pid----2088----pid-2088
---ebpf-pid----2088----pid-1
---ebpf-pid----2088----pid-2088
---ebpf-pid----2088----pid-1
---ebpf-pid----5638----pid-5638
---ebpf-pid----5638----pid-1
---ebpf-pid----2029----pid-2029
---ebpf-pid----2029----pid-1
---ebpf-pid----2029----pid-2029
---ebpf-pid----2029----pid-1
---ebpf-pid----2029----pid-2029
---ebpf-pid----2029----pid-1
---ebpf-pid----2029----pid-2029
---ebpf-pid----2029----pid-1
---ebpf-pid----2029----pid-2029
---ebpf-pid----2029----pid-1
---ebpf-pid----2088----pid-2088
---ebpf-pid----2088----pid-1
---ebpf-pid----2029----pid-2029
---ebpf-pid----2029----pid-1
---ebpf-pid----2029----pid-2029
---ebpf-pid----2029----pid-1
---ebpf-pid----2029----pid-2029
---ebpf-pid----2029----pid-1
---ebpf-pid----7313----pid-7313
---ebpf-pid----7313----pid-1
---ebpf-pid----372881----pid-372881
---ebpf-pid----372881----pid-1
---ebpf-pid----372881----pid-372881
---ebpf-pid----372881----pid-1
---ebpf-pid----372881----pid-372881
---ebpf-pid----372881----pid-1
---ebpf-pid----372881----pid-372881
---ebpf-pid----372881----pid-1
---ebpf-pid----372881----pid-372881
---ebpf-pid----372881----pid-1
---ebpf-pid----372881----pid-372881
---ebpf-pid----372881----pid-1
---ebpf-pid----2010----pid-2010
---ebpf-pid----2010----pid-1
---ebpf-pid----372881----pid-372881
---ebpf-pid----372881----pid-1
---ebpf-pid----5638----pid-5638
---ebpf-pid----5638----pid-1
---ebpf-pid----5705----pid-5705
---ebpf-pid----5705----pid-5476
---ebpf-pid----5705----pid-1
---ebpf-pid----5705----pid-5705
---ebpf-pid----5705----pid-5476
---ebpf-pid----5705----pid-1
---ebpf-pid----5705----pid-5705
---ebpf-pid----5705----pid-5476
---ebpf-pid----5705----pid-1
---ebpf-pid----5705----pid-5705
---ebpf-pid----5705----pid-5476
---ebpf-pid----5705----pid-1
---ebpf-pid----5705----pid-5705
---ebpf-pid----5705----pid-5476
---ebpf-pid----5705----pid-1
---ebpf-pid----5705----pid-5705
---ebpf-pid----5705----pid-5476
---ebpf-pid----5705----pid-1
---ebpf-pid----5705----pid-5705
---ebpf-pid----5705----pid-5476
---ebpf-pid----5705----pid-1
---ebpf-pid----5705----pid-5705
---ebpf-pid----5705----pid-5476
---ebpf-pid----5705----pid-1
---ebpf-pid----5705----pid-5705
---ebpf-pid----5705----pid-5476
---ebpf-pid----5705----pid-1
---ebpf-pid----5705----pid-5705
---ebpf-pid----5705----pid-5476
---ebpf-pid----5705----pid-1
---ebpf-pid----5705----pid-5705
---ebpf-pid----5705----pid-5476
---ebpf-pid----5705----pid-1
---ebpf-pid----5705----pid-5705
---ebpf-pid----5705----pid-5476
---ebpf-pid----5705----pid-1
---ebpf-pid----5705----pid-5705
---ebpf-pid----5705----pid-5476
---ebpf-pid----5705----pid-1
---ebpf-pid----7313----pid-7313
---ebpf-pid----7313----pid-1
---ebpf-pid----2089----pid-2089
---ebpf-pid----2089----pid-1
---ebpf-pid----7313----pid-7313
---ebpf-pid----7313----pid-1
---ebpf-pid----5705----pid-5705
---ebpf-pid----5705----pid-5476
---ebpf-pid----5705----pid-1
---ebpf-pid----5705----pid-5705
---ebpf-pid----5705----pid-5476
---ebpf-pid----5705----pid-1
---ebpf-pid----5705----pid-5705
---ebpf-pid----5705----pid-5476
---ebpf-pid----5705----pid-1
---ebpf-pid----5705----pid-5705
---ebpf-pid----5705----pid-5476
---ebpf-pid----5705----pid-1
---ebpf-pid----5705----pid-5705
---ebpf-pid----5705----pid-5476
---ebpf-pid----5705----pid-1
---ebpf-pid----5705----pid-5705
---ebpf-pid----5705----pid-5476
---ebpf-pid----5705----pid-1
---ebpf-pid----5705----pid-5705
---ebpf-pid----5705----pid-5476
---ebpf-pid----5705----pid-1
---ebpf-pid----5705----pid-5705
---ebpf-pid----5705----pid-5476
---ebpf-pid----5705----pid-1
---ebpf-pid----5705----pid-5705
---ebpf-pid----5705----pid-5476
---ebpf-pid----5705----pid-1
---ebpf-pid----5705----pid-5705
---ebpf-pid----5705----pid-5476
---ebpf-pid----5705----pid-1
---ebpf-pid----5705----pid-5705
---ebpf-pid----5705----pid-5476
---ebpf-pid----5705----pid-1
---ebpf-pid----5705----pid-5705
---ebpf-pid----5705----pid-5476
---ebpf-pid----5705----pid-1
---ebpf-pid----5705----pid-5705
---ebpf-pid----5705----pid-5476
---ebpf-pid----5705----pid-1
---ebpf-pid----379067----pid-379067
---ebpf-pid----379067----pid-5476
---ebpf-pid----379067----pid-1
---ebpf-pid----379067----pid-379067
---ebpf-pid----379067----pid-5476
---ebpf-pid----379067----pid-1
---ebpf-pid----379067----pid-379067
---ebpf-pid----379067----pid-5476
---ebpf-pid----379067----pid-1
---ebpf-pid----379067----pid-379067
---ebpf-pid----379067----pid-5476
---ebpf-pid----379067----pid-1
---ebpf-pid----379067----pid-379067
---ebpf-pid----379067----pid-5476
---ebpf-pid----379067----pid-1
---ebpf-pid----379067----pid-379067
---ebpf-pid----379067----pid-5476
---ebpf-pid----379067----pid-1
---ebpf-pid----379067----pid-379067
---ebpf-pid----379067----pid-5476
---ebpf-pid----379067----pid-1
---ebpf-pid----379067----pid-379067
---ebpf-pid----379067----pid-5476
---ebpf-pid----379067----pid-1
---ebpf-pid----379067----pid-379067
---ebpf-pid----379067----pid-5476
---ebpf-pid----379067----pid-1
---ebpf-pid----2089----pid-2089
---ebpf-pid----2089----pid-1
---ebpf-pid----2089----pid-2089
---ebpf-pid----2089----pid-1
---ebpf-pid----2089----pid-2089
---ebpf-pid----2089----pid-1
---ebpf-pid----2089----pid-2089
---ebpf-pid----2089----pid-1
---ebpf-pid----2089----pid-2089
---ebpf-pid----2089----pid-1
---ebpf-pid----2089----pid-2089
---ebpf-pid----2089----pid-1
---ebpf-pid----2089----pid-2089
---ebpf-pid----2089----pid-1
---ebpf-pid----2089----pid-2089
---ebpf-pid----2089----pid-1
---ebpf-pid----2089----pid-2089
---ebpf-pid----2089----pid-1
---ebpf-pid----2089----pid-2089
---ebpf-pid----2089----pid-1
---ebpf-pid----2089----pid-2089
---ebpf-pid----2089----pid-1
---ebpf-pid----2089----pid-2089
---ebpf-pid----2089----pid-1
---ebpf-pid----2089----pid-2089
---ebpf-pid----2089----pid-1
---ebpf-pid----2089----pid-2089
---ebpf-pid----2089----pid-1
---ebpf-pid----2089----pid-2089
---ebpf-pid----2089----pid-1
---ebpf-pid----2089----pid-2089
---ebpf-pid----2089----pid-1
---ebpf-pid----2089----pid-2089
---ebpf-pid----2089----pid-1
---ebpf-pid----2089----pid-2089
---ebpf-pid----2089----pid-1
---ebpf-pid----5705----pid-5705
---ebpf-pid----5705----pid-5476
---ebpf-pid----5705----pid-1
---ebpf-pid----5705----pid-5705
---ebpf-pid----5705----pid-5476
---ebpf-pid----5705----pid-1
---ebpf-pid----5705----pid-5705
---ebpf-pid----5705----pid-5476
---ebpf-pid----5705----pid-1
---ebpf-pid----5705----pid-5705
---ebpf-pid----5705----pid-5476
---ebpf-pid----5705----pid-1
---ebpf-pid----5705----pid-5705
---ebpf-pid----5705----pid-5476
---ebpf-pid----5705----pid-1
---ebpf-pid----5705----pid-5705
---ebpf-pid----5705----pid-5476
---ebpf-pid----5705----pid-1
---ebpf-pid----5705----pid-5705
---ebpf-pid----5705----pid-5476
---ebpf-pid----5705----pid-1
---ebpf-pid----5705----pid-5705
---ebpf-pid----5705----pid-5476
---ebpf-pid----5705----pid-1
---ebpf-pid----5705----pid-5705
---ebpf-pid----5705----pid-5476
---ebpf-pid----5705----pid-1
---ebpf-pid----5705----pid-5705
---ebpf-pid----5705----pid-5476
---ebpf-pid----5705----pid-1
---ebpf-pid----5705----pid-5705
---ebpf-pid----5705----pid-5476
---ebpf-pid----5705----pid-1
---ebpf-pid----5705----pid-5705
---ebpf-pid----5705----pid-5476
---ebpf-pid----5705----pid-1
---ebpf-pid----372714----pid-372714
---ebpf-pid----372714----pid-5476
---ebpf-pid----372714----pid-1
---ebpf-pid----372714----pid-372714
---ebpf-pid----372714----pid-5476
---ebpf-pid----372714----pid-1
---ebpf-pid----372714----pid-372714
---ebpf-pid----372714----pid-5476
---ebpf-pid----372714----pid-1
---ebpf-pid----372714----pid-372714
---ebpf-pid----372714----pid-5476
---ebpf-pid----372714----pid-1
---ebpf-pid----372714----pid-372714
---ebpf-pid----372714----pid-5476
---ebpf-pid----372714----pid-1
---ebpf-pid----372714----pid-372714
---ebpf-pid----372714----pid-5476
---ebpf-pid----372714----pid-1
---ebpf-pid----372714----pid-372714
---ebpf-pid----372714----pid-5476
---ebpf-pid----372714----pid-1
---ebpf-pid----372714----pid-372714
---ebpf-pid----372714----pid-5476
---ebpf-pid----372714----pid-1
---ebpf-pid----372714----pid-372714
---ebpf-pid----372714----pid-5476
---ebpf-pid----372714----pid-1
---ebpf-pid----372714----pid-372714
---ebpf-pid----372714----pid-5476
---ebpf-pid----372714----pid-1
---ebpf-pid----372714----pid-372714
---ebpf-pid----372714----pid-5476
---ebpf-pid----372714----pid-1
---ebpf-pid----372714----pid-372714
---ebpf-pid----372714----pid-5476
---ebpf-pid----372714----pid-1
---ebpf-pid----372714----pid-372714
---ebpf-pid----372714----pid-5476
---ebpf-pid----372714----pid-1
---ebpf-pid----372714----pid-372714
---ebpf-pid----372714----pid-5476
---ebpf-pid----372714----pid-1
---ebpf-pid----372714----pid-372714
---ebpf-pid----372714----pid-5476
---ebpf-pid----372714----pid-1
---ebpf-pid----372714----pid-372714
---ebpf-pid----372714----pid-5476
---ebpf-pid----372714----pid-1
---ebpf-pid----372714----pid-372714
---ebpf-pid----372714----pid-5476
---ebpf-pid----372714----pid-1
---ebpf-pid----372714----pid-372714
---ebpf-pid----372714----pid-5476
---ebpf-pid----372714----pid-1
---ebpf-pid----7313----pid-7313
---ebpf-pid----7313----pid-1
---ebpf-pid----372714----pid-372714
---ebpf-pid----372714----pid-5476
---ebpf-pid----372714----pid-1
---ebpf-pid----372714----pid-372714
---ebpf-pid----372714----pid-5476
---ebpf-pid----372714----pid-1
---ebpf-pid----372714----pid-372714
---ebpf-pid----372714----pid-5476
---ebpf-pid----372714----pid-1
---ebpf-pid----379067----pid-379067
---ebpf-pid----379067----pid-5476
---ebpf-pid----379067----pid-1
---ebpf-pid----379067----pid-379067
---ebpf-pid----379067----pid-5476
---ebpf-pid----379067----pid-1
---ebpf-pid----372714----pid-372714
---ebpf-pid----372714----pid-5476
---ebpf-pid----372714----pid-1
---ebpf-pid----6671----pid-6671
---ebpf-pid----6671----pid-5476
---ebpf-pid----6671----pid-1
---ebpf-pid----6671----pid-6671
---ebpf-pid----6671----pid-5476
---ebpf-pid----6671----pid-1
---ebpf-pid----6671----pid-6671
---ebpf-pid----6671----pid-5476
---ebpf-pid----6671----pid-1
---ebpf-pid----372714----pid-372714
---ebpf-pid----372714----pid-5476
---ebpf-pid----372714----pid-1
---ebpf-pid----372714----pid-372714
---ebpf-pid----372714----pid-5476
---ebpf-pid----372714----pid-1
---ebpf-pid----6671----pid-6671
---ebpf-pid----6671----pid-5476
---ebpf-pid----6671----pid-1
---ebpf-pid----6671----pid-6671
---ebpf-pid----6671----pid-5476
---ebpf-pid----6671----pid-1
---ebpf-pid----372714----pid-372714
---ebpf-pid----372714----pid-5476
---ebpf-pid----372714----pid-1
---ebpf-pid----372714----pid-372714
---ebpf-pid----372714----pid-5476
---ebpf-pid----372714----pid-1
---ebpf-pid----372714----pid-372714
---ebpf-pid----372714----pid-5476
---ebpf-pid----372714----pid-1
---ebpf-pid----372714----pid-372714
---ebpf-pid----372714----pid-5476
---ebpf-pid----372714----pid-1
---ebpf-pid----372714----pid-372714
---ebpf-pid----372714----pid-5476
---ebpf-pid----372714----pid-1
---ebpf-pid----372714----pid-372714
---ebpf-pid----372714----pid-5476
---ebpf-pid----372714----pid-1
---ebpf-pid----5614----pid-5614
---ebpf-pid----5614----pid-1
Failed to get process information for PID 0
---ebpf-pid----6671----pid-6671
---ebpf-pid----6671----pid-5476
---ebpf-pid----6671----pid-1
---ebpf-pid----6671----pid-6671
---ebpf-pid----6671----pid-5476
---ebpf-pid----6671----pid-1
---ebpf-pid----6671----pid-6671
---ebpf-pid----6671----pid-5476
---ebpf-pid----6671----pid-1
---ebpf-pid----6671----pid-6671
---ebpf-pid----6671----pid-5476
---ebpf-pid----6671----pid-1
---ebpf-pid----5614----pid-5614
---ebpf-pid----5614----pid-1
---ebpf-pid----2089----pid-2089
---ebpf-pid----2089----pid-1
---ebpf-pid----2089----pid-2089
---ebpf-pid----2089----pid-1
---ebpf-pid----2089----pid-2089
---ebpf-pid----2089----pid-1
---ebpf-pid----2089----pid-2089
---ebpf-pid----2089----pid-1
---ebpf-pid----2089----pid-2089
---ebpf-pid----2089----pid-1
---ebpf-pid----2089----pid-2089
---ebpf-pid----2089----pid-1
---ebpf-pid----2089----pid-2089
---ebpf-pid----2089----pid-1
---ebpf-pid----2089----pid-2089
---ebpf-pid----2089----pid-1
---ebpf-pid----2089----pid-2089
---ebpf-pid----2089----pid-1
---ebpf-pid----2089----pid-2089
---ebpf-pid----2089----pid-1
---ebpf-pid----2089----pid-2089
---ebpf-pid----2089----pid-1
---ebpf-pid----2089----pid-2089
---ebpf-pid----2089----pid-1
---ebpf-pid----2089----pid-2089
---ebpf-pid----2089----pid-1
---ebpf-pid----2089----pid-2089
---ebpf-pid----2089----pid-1
---ebpf-pid----2089----pid-2089
---ebpf-pid----2089----pid-1
---ebpf-pid----2089----pid-2089
---ebpf-pid----2089----pid-1
---ebpf-pid----1856----pid-1856
---ebpf-pid----1856----pid-1
---ebpf-pid----2089----pid-2089
---ebpf-pid----2089----pid-1
---ebpf-pid----2089----pid-2089
---ebpf-pid----2089----pid-1
---ebpf-pid----2089----pid-2089
---ebpf-pid----2089----pid-1
---ebpf-pid----7312----pid-7312
---ebpf-pid----7312----pid-1
---ebpf-pid----5705----pid-5705
---ebpf-pid----5705----pid-5476
---ebpf-pid----5705----pid-1
---ebpf-pid----5705----pid-5705
---ebpf-pid----5705----pid-5476
---ebpf-pid----5705----pid-1
---ebpf-pid----5705----pid-5705
---ebpf-pid----5705----pid-5476
---ebpf-pid----5705----pid-1
---ebpf-pid----5705----pid-5705
---ebpf-pid----5705----pid-5476
---ebpf-pid----5705----pid-1
---ebpf-pid----5705----pid-5705
---ebpf-pid----5705----pid-5476
---ebpf-pid----5705----pid-1
---ebpf-pid----5705----pid-5705
---ebpf-pid----5705----pid-5476
---ebpf-pid----5705----pid-1
---ebpf-pid----5705----pid-5705
---ebpf-pid----5705----pid-5476
---ebpf-pid----5705----pid-1
---ebpf-pid----5705----pid-5705
---ebpf-pid----5705----pid-5476
---ebpf-pid----5705----pid-1
---ebpf-pid----5705----pid-5705
---ebpf-pid----5705----pid-5476
---ebpf-pid----5705----pid-1
---ebpf-pid----5705----pid-5705
---ebpf-pid----5705----pid-5476
---ebpf-pid----5705----pid-1
---ebpf-pid----5705----pid-5705
---ebpf-pid----5705----pid-5476
---ebpf-pid----5705----pid-1
---ebpf-pid----5705----pid-5705
---ebpf-pid----5705----pid-5476
---ebpf-pid----5705----pid-1
---ebpf-pid----5705----pid-5705
---ebpf-pid----5705----pid-5476
---ebpf-pid----5705----pid-1
---ebpf-pid----5705----pid-5705
---ebpf-pid----5705----pid-5476
---ebpf-pid----5705----pid-1
---ebpf-pid----5705----pid-5705
---ebpf-pid----5705----pid-5476
---ebpf-pid----5705----pid-1
---ebpf-pid----5705----pid-5705
---ebpf-pid----5705----pid-5476
---ebpf-pid----5705----pid-1
---ebpf-pid----5614----pid-5614
---ebpf-pid----5614----pid-1
---ebpf-pid----7313----pid-7313
---ebpf-pid----7313----pid-1
---ebpf-pid----5614----pid-5614
---ebpf-pid----5614----pid-1
---ebpf-pid----2089----pid-2089
---ebpf-pid----2089----pid-1
---ebpf-pid----2089----pid-2089
---ebpf-pid----2089----pid-1
---ebpf-pid----2089----pid-2089
---ebpf-pid----2089----pid-1
---ebpf-pid----2089----pid-2089
---ebpf-pid----2089----pid-1
---ebpf-pid----2089----pid-2089
---ebpf-pid----2089----pid-1
---ebpf-pid----2089----pid-2089
---ebpf-pid----2089----pid-1
---ebpf-pid----2089----pid-2089
---ebpf-pid----2089----pid-1
---ebpf-pid----2089----pid-2089
---ebpf-pid----2089----pid-1
---ebpf-pid----2089----pid-2089
---ebpf-pid----2089----pid-1
---ebpf-pid----2089----pid-2089
---ebpf-pid----2089----pid-1
---ebpf-pid----2089----pid-2089
---ebpf-pid----2089----pid-1
---ebpf-pid----2089----pid-2089
---ebpf-pid----2089----pid-1
---ebpf-pid----2089----pid-2089
---ebpf-pid----2089----pid-1
---ebpf-pid----2089----pid-2089
---ebpf-pid----2089----pid-1
---ebpf-pid----2089----pid-2089
---ebpf-pid----2089----pid-1
---ebpf-pid----2089----pid-2089
---ebpf-pid----2089----pid-1
---ebpf-pid----2089----pid-2089
---ebpf-pid----2089----pid-1
---ebpf-pid----5614----pid-5614
---ebpf-pid----5614----pid-1
---ebpf-pid----5614----pid-5614
---ebpf-pid----5614----pid-1
---ebpf-pid----5614----pid-5614
---ebpf-pid----5614----pid-1
---ebpf-pid----2088----pid-2088
---ebpf-pid----2088----pid-1
---ebpf-pid----2088----pid-2088
---ebpf-pid----2088----pid-1
---ebpf-pid----2088----pid-2088
---ebpf-pid----2088----pid-1
---ebpf-pid----2088----pid-2088
---ebpf-pid----2088----pid-1
---ebpf-pid----2088----pid-2088
---ebpf-pid----2088----pid-1
---ebpf-pid----5614----pid-5614
---ebpf-pid----5614----pid-1
---ebpf-pid----5614----pid-5614
---ebpf-pid----5614----pid-1
---ebpf-pid----2089----pid-2089
---ebpf-pid----2089----pid-1
---ebpf-pid----2089----pid-2089
---ebpf-pid----2089----pid-1
---ebpf-pid----2089----pid-2089
---ebpf-pid----2089----pid-1
---ebpf-pid----2089----pid-2089
---ebpf-pid----2089----pid-1
---ebpf-pid----2089----pid-2089
---ebpf-pid----2089----pid-1
---ebpf-pid----2089----pid-2089
---ebpf-pid----2089----pid-1
---ebpf-pid----2089----pid-2089
---ebpf-pid----2089----pid-1
---ebpf-pid----2089----pid-2089
---ebpf-pid----2089----pid-1
---ebpf-pid----2089----pid-2089
---ebpf-pid----2089----pid-1
---ebpf-pid----2089----pid-2089
---ebpf-pid----2089----pid-1
---ebpf-pid----2089----pid-2089
---ebpf-pid----2089----pid-1
---ebpf-pid----2089----pid-2089
---ebpf-pid----2089----pid-1
---ebpf-pid----2089----pid-2089
---ebpf-pid----2089----pid-1
---ebpf-pid----2089----pid-2089
---ebpf-pid----2089----pid-1
---ebpf-pid----2089----pid-2089
---ebpf-pid----2089----pid-1
---ebpf-pid----2089----pid-2089
---ebpf-pid----2089----pid-1
---ebpf-pid----2089----pid-2089
---ebpf-pid----2089----pid-1
---ebpf-pid----2089----pid-2089
---ebpf-pid----2089----pid-1
---ebpf-pid----2089----pid-2089
---ebpf-pid----2089----pid-1
---ebpf-pid----2089----pid-2089
---ebpf-pid----2089----pid-1
---ebpf-pid----2089----pid-2089
---ebpf-pid----2089----pid-1
---ebpf-pid----2089----pid-2089
---ebpf-pid----2089----pid-1
---ebpf-pid----2089----pid-2089
---ebpf-pid----2089----pid-1
---ebpf-pid----2089----pid-2089
---ebpf-pid----2089----pid-1
---ebpf-pid----2089----pid-2089
---ebpf-pid----2089----pid-1
---ebpf-pid----2089----pid-2089
---ebpf-pid----2089----pid-1
---ebpf-pid----2089----pid-2089
---ebpf-pid----2089----pid-1
---ebpf-pid----2010----pid-2010
---ebpf-pid----2010----pid-1
---ebpf-pid----5707----pid-5707
---ebpf-pid----5707----pid-5476
---ebpf-pid----5707----pid-1
---ebpf-pid----5707----pid-5707
---ebpf-pid----5707----pid-5476
---ebpf-pid----5707----pid-1
---ebpf-pid----448521----pid-448521
---ebpf-pid----448521----pid-1
---ebpf-pid----5707----pid-5707
---ebpf-pid----5707----pid-5476
---ebpf-pid----5707----pid-1
---ebpf-pid----2088----pid-2088
---ebpf-pid----2088----pid-1
---ebpf-pid----2088----pid-2088
---ebpf-pid----2088----pid-1
---ebpf-pid----5703----pid-5703
---ebpf-pid----5703----pid-5476
---ebpf-pid----5703----pid-1
---ebpf-pid----6671----pid-6671
---ebpf-pid----6671----pid-5476
---ebpf-pid----6671----pid-1
---ebpf-pid----6671----pid-6671
---ebpf-pid----6671----pid-5476
---ebpf-pid----6671----pid-1
---ebpf-pid----6671----pid-6671
---ebpf-pid----6671----pid-5476
---ebpf-pid----6671----pid-1
---ebpf-pid----6671----pid-6671
---ebpf-pid----6671----pid-5476
---ebpf-pid----6671----pid-1
---ebpf-pid----6671----pid-6671
---ebpf-pid----6671----pid-5476
---ebpf-pid----6671----pid-1
---ebpf-pid----6671----pid-6671
---ebpf-pid----6671----pid-5476
---ebpf-pid----6671----pid-1
---ebpf-pid----448521----pid-448521
---ebpf-pid----448521----pid-1
---ebpf-pid----448522----pid-448522
---ebpf-pid----448522----pid-1
---ebpf-pid----6671----pid-6671
---ebpf-pid----6671----pid-5476
---ebpf-pid----6671----pid-1
---ebpf-pid----6671----pid-6671
---ebpf-pid----6671----pid-5476
---ebpf-pid----6671----pid-1
---ebpf-pid----6671----pid-6671
---ebpf-pid----6671----pid-5476
---ebpf-pid----6671----pid-1
---ebpf-pid----6671----pid-6671
---ebpf-pid----6671----pid-5476
---ebpf-pid----6671----pid-1
---ebpf-pid----6671----pid-6671
---ebpf-pid----6671----pid-5476
---ebpf-pid----6671----pid-1
---ebpf-pid----6671----pid-6671
---ebpf-pid----6671----pid-5476
---ebpf-pid----6671----pid-1
---ebpf-pid----1856----pid-1856
---ebpf-pid----1856----pid-1
---ebpf-pid----7312----pid-7312
---ebpf-pid----7312----pid-1
---ebpf-pid----6671----pid-6671
---ebpf-pid----6671----pid-5476
---ebpf-pid----6671----pid-1
---ebpf-pid----6671----pid-6671
---ebpf-pid----6671----pid-5476
---ebpf-pid----6671----pid-1
---ebpf-pid----6671----pid-6671
---ebpf-pid----6671----pid-5476
---ebpf-pid----6671----pid-1
---ebpf-pid----6671----pid-6671
---ebpf-pid----6671----pid-5476
---ebpf-pid----6671----pid-1
---ebpf-pid----6671----pid-6671
---ebpf-pid----6671----pid-5476
---ebpf-pid----6671----pid-1
---ebpf-pid----6671----pid-6671
---ebpf-pid----6671----pid-5476
---ebpf-pid----6671----pid-1
---ebpf-pid----6671----pid-6671
---ebpf-pid----6671----pid-5476
---ebpf-pid----6671----pid-1
---ebpf-pid----6671----pid-6671
---ebpf-pid----6671----pid-5476
---ebpf-pid----6671----pid-1
---ebpf-pid----6671----pid-6671
---ebpf-pid----6671----pid-5476
---ebpf-pid----6671----pid-1
---ebpf-pid----6671----pid-6671
---ebpf-pid----6671----pid-5476
---ebpf-pid----6671----pid-1
---ebpf-pid----2089----pid-2089
---ebpf-pid----2089----pid-1
---ebpf-pid----2089----pid-2089
---ebpf-pid----2089----pid-1
---ebpf-pid----2089----pid-2089
---ebpf-pid----2089----pid-1
---ebpf-pid----2089----pid-2089
---ebpf-pid----2089----pid-1
---ebpf-pid----2089----pid-2089
---ebpf-pid----2089----pid-1
---ebpf-pid----2089----pid-2089
---ebpf-pid----2089----pid-1
---ebpf-pid----2089----pid-2089
---ebpf-pid----2089----pid-1
---ebpf-pid----2088----pid-2088
---ebpf-pid----2088----pid-1
---ebpf-pid----2088----pid-2088
---ebpf-pid----2088----pid-1
---ebpf-pid----2088----pid-2088
---ebpf-pid----2088----pid-1
---ebpf-pid----5705----pid-5705
---ebpf-pid----5705----pid-5476
Failed to get process information for PID 0
Failed to get process information for PID 0
---ebpf-pid----5705----pid-1
---ebpf-pid----5705----pid-5705
---ebpf-pid----5705----pid-5476
---ebpf-pid----5705----pid-1
---ebpf-pid----2088----pid-2088
---ebpf-pid----2088----pid-1
---ebpf-pid----2088----pid-2088
---ebpf-pid----2088----pid-1
---ebpf-pid----2088----pid-2088
---ebpf-pid----2088----pid-1
---ebpf-pid----2088----pid-2088
---ebpf-pid----2088----pid-1
---ebpf-pid----2088----pid-2088
---ebpf-pid----2088----pid-1
---ebpf-pid----2088----pid-2088
---ebpf-pid----2088----pid-1
---ebpf-pid----2088----pid-2088
---ebpf-pid----2088----pid-1
---ebpf-pid----2088----pid-2088
---ebpf-pid----2088----pid-1
---ebpf-pid----2088----pid-2088
---ebpf-pid----2088----pid-1
---ebpf-pid----2088----pid-2088
---ebpf-pid----2088----pid-1
---ebpf-pid----2088----pid-2088
---ebpf-pid----2088----pid-1
---ebpf-pid----2089----pid-2089
---ebpf-pid----2089----pid-1
---ebpf-pid----2089----pid-2089
---ebpf-pid----2089----pid-1
---ebpf-pid----2012----pid-2012
---ebpf-pid----2012----pid-1
---ebpf-pid----2088----pid-2088
---ebpf-pid----2088----pid-1
---ebpf-pid----2089----pid-2089
---ebpf-pid----2089----pid-1
---ebpf-pid----2089----pid-2089
---ebpf-pid----2089----pid-1
---ebpf-pid----2089----pid-2089
---ebpf-pid----2089----pid-1
---ebpf-pid----2089----pid-2089
---ebpf-pid----2089----pid-1
---ebpf-pid----2089----pid-2089
---ebpf-pid----2089----pid-1
---ebpf-pid----2089----pid-2089
---ebpf-pid----2089----pid-1
---ebpf-pid----2089----pid-2089
---ebpf-pid----2089----pid-1
---ebpf-pid----2089----pid-2089
---ebpf-pid----2089----pid-1
---ebpf-pid----2089----pid-2089
---ebpf-pid----2089----pid-1
---ebpf-pid----2089----pid-2089
---ebpf-pid----2089----pid-1
---ebpf-pid----2089----pid-2089
---ebpf-pid----2089----pid-1
---ebpf-pid----2089----pid-2089
---ebpf-pid----2089----pid-1
---ebpf-pid----2089----pid-2089
---ebpf-pid----2089----pid-1
---ebpf-pid----2089----pid-2089
---ebpf-pid----2089----pid-1
---ebpf-pid----2089----pid-2089
---ebpf-pid----2089----pid-1
---ebpf-pid----2089----pid-2089
---ebpf-pid----2089----pid-1
---ebpf-pid----2089----pid-2089
---ebpf-pid----2089----pid-1
---ebpf-pid----2089----pid-2089
---ebpf-pid----2089----pid-1
---ebpf-pid----2089----pid-2089
---ebpf-pid----2089----pid-1
---ebpf-pid----2089----pid-2089
---ebpf-pid----2089----pid-1
Failed to get process information for PID 0
---ebpf-pid----2088----pid-2088
---ebpf-pid----2088----pid-1
---ebpf-pid----2088----pid-2088
---ebpf-pid----2088----pid-1
---ebpf-pid----2088----pid-2088
---ebpf-pid----2088----pid-1
---ebpf-pid----6671----pid-6671
---ebpf-pid----6671----pid-5476
---ebpf-pid----6671----pid-1
---ebpf-pid----6671----pid-6671
---ebpf-pid----6671----pid-5476
---ebpf-pid----6671----pid-1
---ebpf-pid----6671----pid-6671
---ebpf-pid----6671----pid-5476
---ebpf-pid----6671----pid-1
---ebpf-pid----6671----pid-6671
---ebpf-pid----6671----pid-5476
---ebpf-pid----6671----pid-1
---ebpf-pid----6671----pid-6671
---ebpf-pid----6671----pid-5476
---ebpf-pid----6671----pid-1
---ebpf-pid----2029----pid-2029
---ebpf-pid----2029----pid-1
---ebpf-pid----2012----pid-2012
---ebpf-pid----2012----pid-1
---ebpf-pid----2012----pid-2012
---ebpf-pid----2012----pid-1
---ebpf-pid----2012----pid-2012
---ebpf-pid----2012----pid-1
---ebpf-pid----2012----pid-2012
---ebpf-pid----2012----pid-1
---ebpf-pid----5638----pid-5638
---ebpf-pid----5638----pid-1
---ebpf-pid----2012----pid-2012
---ebpf-pid----2012----pid-1
---ebpf-pid----2012----pid-2012
---ebpf-pid----2012----pid-1
---ebpf-pid----2012----pid-2012
---ebpf-pid----2012----pid-1
---ebpf-pid----2012----pid-2012
---ebpf-pid----2012----pid-1
---ebpf-pid----2012----pid-2012
---ebpf-pid----2012----pid-1
---ebpf-pid----5614----pid-5614
---ebpf-pid----5614----pid-1
---ebpf-pid----5614----pid-5614
---ebpf-pid----5614----pid-1
---ebpf-pid----2012----pid-2012
---ebpf-pid----2012----pid-1
---ebpf-pid----2012----pid-2012
---ebpf-pid----2012----pid-1
---ebpf-pid----2012----pid-2012
---ebpf-pid----2012----pid-1
---ebpf-pid----5705----pid-5705
---ebpf-pid----5705----pid-5476
---ebpf-pid----5705----pid-1
---ebpf-pid----5705----pid-5705
---ebpf-pid----5705----pid-5476
---ebpf-pid----5705----pid-1
---ebpf-pid----5705----pid-5705
---ebpf-pid----5705----pid-5476
---ebpf-pid----5705----pid-1
---ebpf-pid----2089----pid-2089
---ebpf-pid----2089----pid-1
---ebpf-pid----2089----pid-2089
---ebpf-pid----2089----pid-1
---ebpf-pid----2089----pid-2089
---ebpf-pid----2089----pid-1
---ebpf-pid----2089----pid-2089
---ebpf-pid----2089----pid-1
---ebpf-pid----5614----pid-5614
---ebpf-pid----5614----pid-1
---ebpf-pid----2088----pid-2088
---ebpf-pid----2088----pid-1
---ebpf-pid----5638----pid-5638
---ebpf-pid----5638----pid-1
---ebpf-pid----6671----pid-6671
---ebpf-pid----6671----pid-5476
---ebpf-pid----6671----pid-1
---ebpf-pid----6671----pid-6671
---ebpf-pid----6671----pid-5476
---ebpf-pid----6671----pid-1
---ebpf-pid----6671----pid-6671
---ebpf-pid----6671----pid-5476
---ebpf-pid----6671----pid-1
---ebpf-pid----6671----pid-6671
---ebpf-pid----6671----pid-5476
---ebpf-pid----6671----pid-1
---ebpf-pid----6671----pid-6671
---ebpf-pid----6671----pid-5476
---ebpf-pid----6671----pid-1
---ebpf-pid----6671----pid-6671
---ebpf-pid----6671----pid-5476
---ebpf-pid----6671----pid-1
---ebpf-pid----6671----pid-6671
---ebpf-pid----6671----pid-5476
---ebpf-pid----6671----pid-1
---ebpf-pid----5638----pid-5638
---ebpf-pid----5638----pid-1
---ebpf-pid----2088----pid-2088
---ebpf-pid----2088----pid-1
---ebpf-pid----2088----pid-2088
---ebpf-pid----2088----pid-1
---ebpf-pid----2088----pid-2088
---ebpf-pid----2088----pid-1
---ebpf-pid----6671----pid-6671
---ebpf-pid----6671----pid-5476
---ebpf-pid----6671----pid-1
---ebpf-pid----6671----pid-6671
---ebpf-pid----6671----pid-5476
---ebpf-pid----6671----pid-1
---ebpf-pid----6671----pid-6671
---ebpf-pid----6671----pid-5476
---ebpf-pid----6671----pid-1
---ebpf-pid----2012----pid-2012
---ebpf-pid----2012----pid-1
---ebpf-pid----6671----pid-6671
---ebpf-pid----6671----pid-5476
---ebpf-pid----6671----pid-1
---ebpf-pid----6671----pid-6671
---ebpf-pid----6671----pid-5476
---ebpf-pid----6671----pid-1
---ebpf-pid----6671----pid-6671
---ebpf-pid----6671----pid-5476
---ebpf-pid----6671----pid-1
---ebpf-pid----6671----pid-6671
---ebpf-pid----6671----pid-5476
---ebpf-pid----6671----pid-1
---ebpf-pid----6671----pid-6671
---ebpf-pid----6671----pid-5476
---ebpf-pid----6671----pid-1
---ebpf-pid----6671----pid-6671
---ebpf-pid----6671----pid-5476
---ebpf-pid----6671----pid-1
---ebpf-pid----5638----pid-5638
---ebpf-pid----5638----pid-1
---ebpf-pid----5705----pid-5705
---ebpf-pid----5705----pid-5476
---ebpf-pid----5705----pid-1
---ebpf-pid----5705----pid-5705
---ebpf-pid----5705----pid-5476
---ebpf-pid----5705----pid-1
---ebpf-pid----2089----pid-2089
---ebpf-pid----2089----pid-1
---ebpf-pid----2089----pid-2089
---ebpf-pid----2089----pid-1
---ebpf-pid----2088----pid-2088
---ebpf-pid----2088----pid-1
---ebpf-pid----2088----pid-2088
---ebpf-pid----2088----pid-1
---ebpf-pid----2088----pid-2088
---ebpf-pid----2088----pid-1
---ebpf-pid----2088----pid-2088
---ebpf-pid----2088----pid-1
---ebpf-pid----2088----pid-2088
---ebpf-pid----2088----pid-1
---ebpf-pid----2088----pid-2088
---ebpf-pid----2088----pid-1
---ebpf-pid----2088----pid-2088
---ebpf-pid----2088----pid-1
---ebpf-pid----2088----pid-2088
---ebpf-pid----2088----pid-1
---ebpf-pid----2088----pid-2088
---ebpf-pid----2088----pid-1
---ebpf-pid----2088----pid-2088
---ebpf-pid----2088----pid-1
---ebpf-pid----2088----pid-2088
---ebpf-pid----2088----pid-1
---ebpf-pid----2088----pid-2088
---ebpf-pid----2088----pid-1
---ebpf-pid----2088----pid-2088
---ebpf-pid----2088----pid-1
---ebpf-pid----2088----pid-2088
---ebpf-pid----2088----pid-1
---ebpf-pid----2088----pid-2088
---ebpf-pid----2088----pid-1
---ebpf-pid----2088----pid-2088
---ebpf-pid----2088----pid-1
---ebpf-pid----2088----pid-2088
---ebpf-pid----2088----pid-1
---ebpf-pid----2088----pid-2088
---ebpf-pid----2088----pid-1
---ebpf-pid----2088----pid-2088
---ebpf-pid----2088----pid-1
---ebpf-pid----2088----pid-2088
---ebpf-pid----2088----pid-1
---ebpf-pid----2088----pid-2088
---ebpf-pid----2088----pid-1
---ebpf-pid----2088----pid-2088
---ebpf-pid----2088----pid-1
---ebpf-pid----2088----pid-2088
---ebpf-pid----2088----pid-1
---ebpf-pid----2088----pid-2088
---ebpf-pid----2088----pid-1
---ebpf-pid----2088----pid-2088
---ebpf-pid----2088----pid-1
---ebpf-pid----2088----pid-2088
---ebpf-pid----2088----pid-1
---ebpf-pid----2088----pid-2088
---ebpf-pid----2088----pid-1
---ebpf-pid----2088----pid-2088
---ebpf-pid----2088----pid-1
---ebpf-pid----2088----pid-2088
---ebpf-pid----2088----pid-1
---ebpf-pid----2088----pid-2088
---ebpf-pid----2088----pid-1
---ebpf-pid----2088----pid-2088
---ebpf-pid----2088----pid-1
---ebpf-pid----2088----pid-2088
---ebpf-pid----2088----pid-1
---ebpf-pid----2088----pid-2088
---ebpf-pid----2088----pid-1
---ebpf-pid----2088----pid-2088
---ebpf-pid----2088----pid-1
---ebpf-pid----2088----pid-2088
---ebpf-pid----2088----pid-1
---ebpf-pid----2088----pid-2088
---ebpf-pid----2088----pid-1
---ebpf-pid----2088----pid-2088
---ebpf-pid----2088----pid-1
---ebpf-pid----2088----pid-2088
---ebpf-pid----2088----pid-1
---ebpf-pid----5637----pid-5637
---ebpf-pid----5637----pid-1
Failed to get process information for PID 0
---ebpf-pid----5707----pid-5707
---ebpf-pid----5707----pid-5476
---ebpf-pid----5707----pid-1
---ebpf-pid----5707----pid-5707
---ebpf-pid----5707----pid-5476
---ebpf-pid----5707----pid-1
---ebpf-pid----5707----pid-5707
---ebpf-pid----5707----pid-5476
---ebpf-pid----5707----pid-1
---ebpf-pid----5707----pid-5707
---ebpf-pid----5707----pid-5476
---ebpf-pid----5707----pid-1
---ebpf-pid----5707----pid-5707
---ebpf-pid----5707----pid-5476
---ebpf-pid----5707----pid-1
---ebpf-pid----5707----pid-5707
---ebpf-pid----5707----pid-5476
---ebpf-pid----5707----pid-1
---ebpf-pid----7312----pid-7312
---ebpf-pid----7312----pid-1
---ebpf-pid----448546----pid-448546
---ebpf-pid----448546----pid-1
---ebpf-pid----448521----pid-448521
---ebpf-pid----448521----pid-1
---ebpf-pid----2088----pid-2088
---ebpf-pid----2088----pid-1
---ebpf-pid----5707----pid-5707
---ebpf-pid----5707----pid-5476
---ebpf-pid----5707----pid-1
---ebpf-pid----5707----pid-5707
---ebpf-pid----5707----pid-5476
---ebpf-pid----5707----pid-1
---ebpf-pid----2012----pid-2012
---ebpf-pid----2012----pid-1
---ebpf-pid----5637----pid-5637
---ebpf-pid----5637----pid-1
---ebpf-pid----2088----pid-2088
---ebpf-pid----2088----pid-1
---ebpf-pid----2088----pid-2088
---ebpf-pid----2088----pid-1
---ebpf-pid----2088----pid-2088
---ebpf-pid----2088----pid-1
---ebpf-pid----2088----pid-2088
---ebpf-pid----2088----pid-1
---ebpf-pid----6671----pid-6671
---ebpf-pid----6671----pid-5476
---ebpf-pid----6671----pid-1
---ebpf-pid----6671----pid-6671
---ebpf-pid----6671----pid-5476
---ebpf-pid----6671----pid-1
---ebpf-pid----6671----pid-6671
---ebpf-pid----6671----pid-5476
---ebpf-pid----6671----pid-1
---ebpf-pid----6671----pid-6671
---ebpf-pid----6671----pid-5476
---ebpf-pid----6671----pid-1
---ebpf-pid----6671----pid-6671
---ebpf-pid----6671----pid-5476
---ebpf-pid----6671----pid-1
---ebpf-pid----6671----pid-6671
---ebpf-pid----6671----pid-5476
---ebpf-pid----6671----pid-1
---ebpf-pid----6671----pid-6671
---ebpf-pid----6671----pid-5476
---ebpf-pid----6671----pid-1
---ebpf-pid----2029----pid-2029
---ebpf-pid----2029----pid-1
---ebpf-pid----2029----pid-2029
---ebpf-pid----2029----pid-1
---ebpf-pid----5614----pid-5614
---ebpf-pid----5614----pid-1
---ebpf-pid----2012----pid-2012
---ebpf-pid----2012----pid-1
---ebpf-pid----2012----pid-2012
---ebpf-pid----2012----pid-1
---ebpf-pid----2012----pid-2012
---ebpf-pid----2012----pid-1
---ebpf-pid----2012----pid-2012
---ebpf-pid----2012----pid-1
---ebpf-pid----5614----pid-5614
---ebpf-pid----5614----pid-1
---ebpf-pid----2088----pid-2088
---ebpf-pid----2088----pid-1
---ebpf-pid----2088----pid-2088
---ebpf-pid----2088----pid-1
---ebpf-pid----2088----pid-2088
---ebpf-pid----2088----pid-1
---ebpf-pid----5637----pid-5637
---ebpf-pid----5637----pid-1
---ebpf-pid----5707----pid-5707
---ebpf-pid----5707----pid-5476
---ebpf-pid----5707----pid-1
---ebpf-pid----5707----pid-5707
---ebpf-pid----5707----pid-5476
---ebpf-pid----5707----pid-1
---ebpf-pid----5707----pid-5707
---ebpf-pid----5707----pid-5476
---ebpf-pid----5707----pid-1
---ebpf-pid----5707----pid-5707
Failed to get process information for PID 0
---ebpf-pid----5707----pid-5476
---ebpf-pid----5707----pid-1
---ebpf-pid----5705----pid-5705
---ebpf-pid----5705----pid-5476
---ebpf-pid----5705----pid-1
---ebpf-pid----5705----pid-5705
---ebpf-pid----5705----pid-5476
---ebpf-pid----5705----pid-1
---ebpf-pid----5707----pid-5707
---ebpf-pid----5707----pid-5476
---ebpf-pid----5707----pid-1
---ebpf-pid----5707----pid-5707
---ebpf-pid----5707----pid-5476
---ebpf-pid----5707----pid-1
---ebpf-pid----5614----pid-5614
---ebpf-pid----5614----pid-1
---ebpf-pid----5614----pid-5614
---ebpf-pid----5614----pid-1
---ebpf-pid----5614----pid-5614
---ebpf-pid----5614----pid-1
---ebpf-pid----5705----pid-5705
---ebpf-pid----5705----pid-5476
---ebpf-pid----5705----pid-1
---ebpf-pid----5705----pid-5705
---ebpf-pid----5705----pid-5476
---ebpf-pid----5705----pid-1
---ebpf-pid----5705----pid-5705
---ebpf-pid----5705----pid-5476
---ebpf-pid----5705----pid-1
---ebpf-pid----5705----pid-5705
---ebpf-pid----5705----pid-5476
---ebpf-pid----5705----pid-1
---ebpf-pid----2088----pid-2088
---ebpf-pid----2088----pid-1
---ebpf-pid----2088----pid-2088
---ebpf-pid----2088----pid-1
---ebpf-pid----5705----pid-5705
---ebpf-pid----5705----pid-5476
---ebpf-pid----5705----pid-1
---ebpf-pid----5705----pid-5705
---ebpf-pid----5705----pid-5476
---ebpf-pid----5705----pid-1
---ebpf-pid----5705----pid-5705
---ebpf-pid----5705----pid-5476
---ebpf-pid----5705----pid-1
---ebpf-pid----5637----pid-5637
---ebpf-pid----5637----pid-1
---ebpf-pid----5705----pid-5705
---ebpf-pid----5705----pid-5476
---ebpf-pid----5705----pid-1
---ebpf-pid----5705----pid-5705
---ebpf-pid----5705----pid-5476
---ebpf-pid----5705----pid-1
---ebpf-pid----5705----pid-5705
---ebpf-pid----5705----pid-5476
---ebpf-pid----5705----pid-1
---ebpf-pid----5705----pid-5705
---ebpf-pid----5705----pid-5476
---ebpf-pid----5705----pid-1
---ebpf-pid----5705----pid-5705
---ebpf-pid----5705----pid-5476
---ebpf-pid----5705----pid-1
---ebpf-pid----5705----pid-5705
---ebpf-pid----5705----pid-5476
---ebpf-pid----5705----pid-1
---ebpf-pid----372714----pid-372714
---ebpf-pid----372714----pid-5476
---ebpf-pid----372714----pid-1
---ebpf-pid----372714----pid-372714
---ebpf-pid----372714----pid-5476
---ebpf-pid----372714----pid-1
---ebpf-pid----372714----pid-372714
---ebpf-pid----372714----pid-5476
---ebpf-pid----372714----pid-1
---ebpf-pid----372714----pid-372714
---ebpf-pid----372714----pid-5476
---ebpf-pid----372714----pid-1
---ebpf-pid----372714----pid-372714
---ebpf-pid----372714----pid-5476
---ebpf-pid----372714----pid-1
---ebpf-pid----372714----pid-372714
---ebpf-pid----372714----pid-5476
---ebpf-pid----372714----pid-1
---ebpf-pid----5703----pid-5703
---ebpf-pid----5703----pid-5476
---ebpf-pid----5703----pid-1
---ebpf-pid----448546----pid-448546
---ebpf-pid----448546----pid-1
---ebpf-pid----372714----pid-372714
---ebpf-pid----372714----pid-5476
---ebpf-pid----372714----pid-1
---ebpf-pid----372714----pid-372714
---ebpf-pid----372714----pid-5476
---ebpf-pid----372714----pid-1
---ebpf-pid----2010----pid-2010
---ebpf-pid----2010----pid-1
---ebpf-pid----2089----pid-2089
---ebpf-pid----2089----pid-1
---ebpf-pid----2089----pid-2089
---ebpf-pid----2089----pid-1
---ebpf-pid----2089----pid-2089
---ebpf-pid----2089----pid-1
---ebpf-pid----2089----pid-2089
---ebpf-pid----2089----pid-1
---ebpf-pid----5637----pid-5637
---ebpf-pid----5637----pid-1
---ebpf-pid----2029----pid-2029
---ebpf-pid----2029----pid-1
---ebpf-pid----372714----pid-372714
---ebpf-pid----372714----pid-5476
---ebpf-pid----372714----pid-1
---ebpf-pid----372714----pid-372714
---ebpf-pid----372714----pid-5476
---ebpf-pid----372714----pid-1
---ebpf-pid----372714----pid-372714
---ebpf-pid----372714----pid-5476
---ebpf-pid----372714----pid-1
---ebpf-pid----2029----pid-2029
---ebpf-pid----2029----pid-1
---ebpf-pid----2029----pid-2029
---ebpf-pid----2029----pid-1
---ebpf-pid----2029----pid-2029
---ebpf-pid----2029----pid-1
---ebpf-pid----2029----pid-2029
---ebpf-pid----2029----pid-1
---ebpf-pid----372714----pid-372714
---ebpf-pid----372714----pid-5476
---ebpf-pid----372714----pid-1
---ebpf-pid----372714----pid-372714
---ebpf-pid----372714----pid-5476
---ebpf-pid----372714----pid-1
---ebpf-pid----372714----pid-372714
---ebpf-pid----372714----pid-5476
---ebpf-pid----372714----pid-1
---ebpf-pid----2029----pid-2029
---ebpf-pid----2029----pid-1
---ebpf-pid----2029----pid-2029
---ebpf-pid----2029----pid-1
---ebpf-pid----2029----pid-2029
---ebpf-pid----2029----pid-1
---ebpf-pid----2029----pid-2029
---ebpf-pid----2029----pid-1
---ebpf-pid----5637----pid-5637
---ebpf-pid----5637----pid-1
---ebpf-pid----2029----pid-2029
---ebpf-pid----2029----pid-1
---ebpf-pid----2029----pid-2029
---ebpf-pid----2029----pid-1
---ebpf-pid----6671----pid-6671
---ebpf-pid----6671----pid-5476
---ebpf-pid----6671----pid-1
---ebpf-pid----6671----pid-6671
---ebpf-pid----6671----pid-5476
---ebpf-pid----6671----pid-1
---ebpf-pid----6671----pid-6671
---ebpf-pid----6671----pid-5476
---ebpf-pid----6671----pid-1
---ebpf-pid----6671----pid-6671
---ebpf-pid----6671----pid-5476
---ebpf-pid----6671----pid-1
---ebpf-pid----2012----pid-2012
---ebpf-pid----2012----pid-1
---ebpf-pid----2012----pid-2012
---ebpf-pid----2012----pid-1
---ebpf-pid----2012----pid-2012
---ebpf-pid----2012----pid-1
---ebpf-pid----2089----pid-2089
---ebpf-pid----2089----pid-1
---ebpf-pid----2089----pid-2089
---ebpf-pid----2089----pid-1
---ebpf-pid----2089----pid-2089
---ebpf-pid----2089----pid-1
---ebpf-pid----2089----pid-2089
---ebpf-pid----2089----pid-1
---ebpf-pid----2089----pid-2089
---ebpf-pid----2089----pid-1
---ebpf-pid----372714----pid-372714
---ebpf-pid----372714----pid-5476
---ebpf-pid----372714----pid-1
---ebpf-pid----372714----pid-372714
---ebpf-pid----372714----pid-5476
---ebpf-pid----372714----pid-1
---ebpf-pid----372714----pid-372714
---ebpf-pid----372714----pid-5476
---ebpf-pid----372714----pid-1
---ebpf-pid----2089----pid-2089
---ebpf-pid----2089----pid-1
---ebpf-pid----2089----pid-2089
---ebpf-pid----2089----pid-1
---ebpf-pid----2089----pid-2089
---ebpf-pid----2089----pid-1
---ebpf-pid----372714----pid-372714
---ebpf-pid----372714----pid-5476
---ebpf-pid----372714----pid-1
---ebpf-pid----372714----pid-372714
---ebpf-pid----372714----pid-5476
---ebpf-pid----372714----pid-1
---ebpf-pid----2012----pid-2012
---ebpf-pid----2012----pid-1
---ebpf-pid----2089----pid-2089
---ebpf-pid----2089----pid-1
---ebpf-pid----2089----pid-2089
---ebpf-pid----2089----pid-1
---ebpf-pid----2089----pid-2089
---ebpf-pid----2089----pid-1
---ebpf-pid----2089----pid-2089
---ebpf-pid----2089----pid-1
---ebpf-pid----2089----pid-2089
---ebpf-pid----2089----pid-1
---ebpf-pid----15----pid-15
---ebpf-pid----15----pid-2
---ebpf-pid----2088----pid-2088
---ebpf-pid----2088----pid-1
---ebpf-pid----5707----pid-5707
---ebpf-pid----5707----pid-5476
---ebpf-pid----5707----pid-1
---ebpf-pid----5707----pid-5707
---ebpf-pid----5707----pid-5476
---ebpf-pid----5707----pid-1
---ebpf-pid----5707----pid-5707
---ebpf-pid----5707----pid-5476
---ebpf-pid----5707----pid-1
---ebpf-pid----5707----pid-5707
---ebpf-pid----5707----pid-5476
---ebpf-pid----5707----pid-1
---ebpf-pid----5707----pid-5707
---ebpf-pid----5707----pid-5476
---ebpf-pid----5707----pid-1
---ebpf-pid----5707----pid-5707
---ebpf-pid----5707----pid-5476
---ebpf-pid----5707----pid-1
---ebpf-pid----5707----pid-5707
---ebpf-pid----5707----pid-5476
Failed to get process information for PID 0
---ebpf-pid----5707----pid-1
---ebpf-pid----2089----pid-2089
---ebpf-pid----2089----pid-1
---ebpf-pid----2089----pid-2089
---ebpf-pid----2089----pid-1
---ebpf-pid----2089----pid-2089
---ebpf-pid----2089----pid-1
---ebpf-pid----2089----pid-2089
---ebpf-pid----2089----pid-1
---ebpf-pid----6671----pid-6671
---ebpf-pid----6671----pid-5476
---ebpf-pid----6671----pid-1
---ebpf-pid----6671----pid-6671
---ebpf-pid----6671----pid-5476
---ebpf-pid----6671----pid-1
---ebpf-pid----6671----pid-6671
---ebpf-pid----6671----pid-5476
---ebpf-pid----6671----pid-1
---ebpf-pid----6671----pid-6671
---ebpf-pid----6671----pid-5476
---ebpf-pid----6671----pid-1
---ebpf-pid----6671----pid-6671
---ebpf-pid----6671----pid-5476
---ebpf-pid----6671----pid-1
---ebpf-pid----6671----pid-6671
---ebpf-pid----6671----pid-5476
---ebpf-pid----6671----pid-1
---ebpf-pid----448546----pid-448546
---ebpf-pid----448546----pid-1
---ebpf-pid----2089----pid-2089
---ebpf-pid----2089----pid-1
---ebpf-pid----2089----pid-2089
---ebpf-pid----2089----pid-1
---ebpf-pid----2089----pid-2089
---ebpf-pid----2089----pid-1
---ebpf-pid----2089----pid-2089
---ebpf-pid----2089----pid-1
---ebpf-pid----2089----pid-2089
---ebpf-pid----2089----pid-1
---ebpf-pid----372714----pid-372714
---ebpf-pid----372714----pid-5476
---ebpf-pid----372714----pid-1
---ebpf-pid----5707----pid-5707
---ebpf-pid----5707----pid-5476
---ebpf-pid----5707----pid-1
---ebpf-pid----5707----pid-5707
---ebpf-pid----5707----pid-5476
---ebpf-pid----5707----pid-1
---ebpf-pid----372714----pid-372714
---ebpf-pid----372714----pid-5476
---ebpf-pid----372714----pid-1
---ebpf-pid----2089----pid-2089
---ebpf-pid----2089----pid-1
---ebpf-pid----2089----pid-2089
---ebpf-pid----2089----pid-1
---ebpf-pid----2089----pid-2089
---ebpf-pid----2089----pid-1
---ebpf-pid----2089----pid-2089
---ebpf-pid----2089----pid-1
---ebpf-pid----2089----pid-2089
---ebpf-pid----2089----pid-1
---ebpf-pid----2089----pid-2089
---ebpf-pid----2089----pid-1
---ebpf-pid----2089----pid-2089
---ebpf-pid----2089----pid-1
---ebpf-pid----2089----pid-2089
---ebpf-pid----2089----pid-1
---ebpf-pid----2089----pid-2089
---ebpf-pid----2089----pid-1
---ebpf-pid----2089----pid-2089
---ebpf-pid----2089----pid-1
---ebpf-pid----2089----pid-2089
---ebpf-pid----2089----pid-1
---ebpf-pid----2089----pid-2089
---ebpf-pid----2089----pid-1
---ebpf-pid----2089----pid-2089
---ebpf-pid----2089----pid-1
---ebpf-pid----2089----pid-2089
---ebpf-pid----2089----pid-1
---ebpf-pid----2089----pid-2089
---ebpf-pid----2089----pid-1
---ebpf-pid----2089----pid-2089
---ebpf-pid----2089----pid-1
---ebpf-pid----2089----pid-2089
---ebpf-pid----2089----pid-1
---ebpf-pid----2089----pid-2089
---ebpf-pid----2089----pid-1
Failed to get process information for PID 0
---ebpf-pid----2089----pid-2089
---ebpf-pid----2089----pid-1
---ebpf-pid----448522----pid-448522
---ebpf-pid----448522----pid-1
---ebpf-pid----14----pid-14
---ebpf-pid----14----pid-2
---ebpf-pid----14----pid-14
---ebpf-pid----14----pid-2
---ebpf-pid----448522----pid-448522
---ebpf-pid----448522----pid-1
---ebpf-pid----448522----pid-448522
---ebpf-pid----448522----pid-1
---ebpf-pid----1856----pid-1856
---ebpf-pid----1856----pid-1
---ebpf-pid----5638----pid-5638
---ebpf-pid----5638----pid-1
---ebpf-pid----1856----pid-1856
---ebpf-pid----1856----pid-1
---ebpf-pid----448522----pid-448522
---ebpf-pid----448522----pid-1
---ebpf-pid----7313----pid-7313
---ebpf-pid----7313----pid-1
---ebpf-pid----1856----pid-1856
---ebpf-pid----1856----pid-1
---ebpf-pid----448522----pid-448522
---ebpf-pid----448522----pid-1
---ebpf-pid----448522----pid-448522
---ebpf-pid----448522----pid-1
---ebpf-pid----5614----pid-5614
---ebpf-pid----5614----pid-1
---ebpf-pid----2089----pid-2089
---ebpf-pid----2089----pid-1
---ebpf-pid----14----pid-14
---ebpf-pid----14----pid-2
---ebpf-pid----2089----pid-2089
---ebpf-pid----2089----pid-1
---ebpf-pid----2089----pid-2089
---ebpf-pid----2089----pid-1
---ebpf-pid----448521----pid-448521
---ebpf-pid----448521----pid-1
---ebpf-pid----5707----pid-5707
---ebpf-pid----5707----pid-5476
---ebpf-pid----5707----pid-1
---ebpf-pid----5707----pid-5707
---ebpf-pid----5707----pid-5476
---ebpf-pid----5707----pid-1
---ebpf-pid----5707----pid-5707
---ebpf-pid----5707----pid-5476
---ebpf-pid----5707----pid-1
---ebpf-pid----5707----pid-5707
---ebpf-pid----5707----pid-5476
---ebpf-pid----5707----pid-1
---ebpf-pid----5707----pid-5707
---ebpf-pid----5707----pid-5476
---ebpf-pid----5707----pid-1
---ebpf-pid----5707----pid-5707
---ebpf-pid----5707----pid-5476
---ebpf-pid----5707----pid-1
---ebpf-pid----5707----pid-5707
---ebpf-pid----5707----pid-5476
---ebpf-pid----5707----pid-1
---ebpf-pid----5707----pid-5707
---ebpf-pid----5707----pid-5476
---ebpf-pid----5707----pid-1
---ebpf-pid----5707----pid-5707
---ebpf-pid----5707----pid-5476
---ebpf-pid----5707----pid-1
---ebpf-pid----5638----pid-5638
---ebpf-pid----5638----pid-1
---ebpf-pid----5707----pid-5707
---ebpf-pid----5707----pid-5476
---ebpf-pid----5707----pid-1
---ebpf-pid----5707----pid-5707
---ebpf-pid----5707----pid-5476
---ebpf-pid----5707----pid-1
---ebpf-pid----5707----pid-5707
---ebpf-pid----5707----pid-5476
---ebpf-pid----5707----pid-1
---ebpf-pid----5707----pid-5707
---ebpf-pid----5707----pid-5476
---ebpf-pid----5707----pid-1
---ebpf-pid----5707----pid-5707
---ebpf-pid----5707----pid-5476
---ebpf-pid----5707----pid-1
---ebpf-pid----5707----pid-5707
---ebpf-pid----5707----pid-5476
---ebpf-pid----5707----pid-1
---ebpf-pid----5707----pid-5707
---ebpf-pid----5707----pid-5476
---ebpf-pid----5707----pid-1
---ebpf-pid----5707----pid-5707
---ebpf-pid----5707----pid-5476
---ebpf-pid----5707----pid-1
---ebpf-pid----5707----pid-5707
---ebpf-pid----5707----pid-5476
---ebpf-pid----5707----pid-1
---ebpf-pid----5707----pid-5707
---ebpf-pid----5707----pid-5476
---ebpf-pid----5707----pid-1
---ebpf-pid----5707----pid-5707
---ebpf-pid----5707----pid-5476
---ebpf-pid----5707----pid-1
---ebpf-pid----5705----pid-5705
---ebpf-pid----5705----pid-5476
---ebpf-pid----5705----pid-1
---ebpf-pid----5705----pid-5705
---ebpf-pid----5705----pid-5476
---ebpf-pid----5705----pid-1
---ebpf-pid----5705----pid-5705
---ebpf-pid----5705----pid-5476
---ebpf-pid----5705----pid-1
---ebpf-pid----5705----pid-5705
---ebpf-pid----5705----pid-5476
---ebpf-pid----5705----pid-1
---ebpf-pid----5705----pid-5705
---ebpf-pid----5705----pid-5476
---ebpf-pid----5705----pid-1
---ebpf-pid----5705----pid-5705
---ebpf-pid----5705----pid-5476
---ebpf-pid----5705----pid-1
---ebpf-pid----5705----pid-5705
---ebpf-pid----5705----pid-5476
---ebpf-pid----5705----pid-1
---ebpf-pid----5705----pid-5705
---ebpf-pid----5705----pid-5476
---ebpf-pid----5705----pid-1
---ebpf-pid----5705----pid-5705
---ebpf-pid----5705----pid-5476
---ebpf-pid----5705----pid-1
---ebpf-pid----7313----pid-7313
---ebpf-pid----7313----pid-1
---ebpf-pid----5638----pid-5638
---ebpf-pid----5638----pid-1
---ebpf-pid----5705----pid-5705
---ebpf-pid----5705----pid-5476
---ebpf-pid----5705----pid-1
---ebpf-pid----5705----pid-5705
---ebpf-pid----5705----pid-5476
---ebpf-pid----5705----pid-1
---ebpf-pid----5705----pid-5705
---ebpf-pid----5705----pid-5476
---ebpf-pid----5705----pid-1
---ebpf-pid----5705----pid-5705
---ebpf-pid----5705----pid-5476
---ebpf-pid----5705----pid-1
---ebpf-pid----5705----pid-5705
---ebpf-pid----5705----pid-5476
---ebpf-pid----5705----pid-1
---ebpf-pid----5705----pid-5705
---ebpf-pid----5705----pid-5476
---ebpf-pid----5705----pid-1
---ebpf-pid----5705----pid-5705
---ebpf-pid----5705----pid-5476
---ebpf-pid----5705----pid-1
---ebpf-pid----5705----pid-5705
---ebpf-pid----5705----pid-5476
---ebpf-pid----5705----pid-1
---ebpf-pid----5705----pid-5705
---ebpf-pid----5705----pid-5476
---ebpf-pid----5705----pid-1
---ebpf-pid----5705----pid-5705
---ebpf-pid----5705----pid-5476
---ebpf-pid----5705----pid-1
---ebpf-pid----5705----pid-5705
---ebpf-pid----5705----pid-5476
---ebpf-pid----5705----pid-1
---ebpf-pid----5705----pid-5705
---ebpf-pid----5705----pid-5476
---ebpf-pid----5705----pid-1
---ebpf-pid----5705----pid-5705
---ebpf-pid----5705----pid-5476
---ebpf-pid----5705----pid-1
---ebpf-pid----5705----pid-5705
---ebpf-pid----5705----pid-5476
---ebpf-pid----5705----pid-1
---ebpf-pid----5705----pid-5705
---ebpf-pid----5705----pid-5476
---ebpf-pid----5705----pid-1
---ebpf-pid----5707----pid-5707
---ebpf-pid----5707----pid-5476
---ebpf-pid----5707----pid-1
---ebpf-pid----5707----pid-5707
---ebpf-pid----5707----pid-5476
---ebpf-pid----5707----pid-1
---ebpf-pid----5707----pid-5707
---ebpf-pid----5707----pid-5476
---ebpf-pid----5707----pid-1
---ebpf-pid----5705----pid-5705
---ebpf-pid----5705----pid-5476
---ebpf-pid----5705----pid-1
---ebpf-pid----5638----pid-5638
---ebpf-pid----5638----pid-1
---ebpf-pid----2029----pid-2029
---ebpf-pid----2029----pid-1
---ebpf-pid----2029----pid-2029
---ebpf-pid----2029----pid-1
---ebpf-pid----2029----pid-2029
---ebpf-pid----2029----pid-1
---ebpf-pid----2029----pid-2029
---ebpf-pid----2029----pid-1
---ebpf-pid----2029----pid-2029
---ebpf-pid----2029----pid-1
---ebpf-pid----2029----pid-2029
---ebpf-pid----2029----pid-1
---ebpf-pid----2029----pid-2029
---ebpf-pid----2029----pid-1
---ebpf-pid----2029----pid-2029
---ebpf-pid----2029----pid-1
---ebpf-pid----2029----pid-2029
---ebpf-pid----2029----pid-1
---ebpf-pid----2029----pid-2029
---ebpf-pid----2029----pid-1
---ebpf-pid----2029----pid-2029
---ebpf-pid----2029----pid-1
---ebpf-pid----2029----pid-2029
---ebpf-pid----2029----pid-1
---ebpf-pid----2029----pid-2029
---ebpf-pid----2029----pid-1
---ebpf-pid----2029----pid-2029
---ebpf-pid----2029----pid-1
---ebpf-pid----2029----pid-2029
---ebpf-pid----2029----pid-1
---ebpf-pid----2029----pid-2029
---ebpf-pid----2029----pid-1
---ebpf-pid----2029----pid-2029
---ebpf-pid----2029----pid-1
---ebpf-pid----1856----pid-1856
---ebpf-pid----1856----pid-1
---ebpf-pid----2029----pid-2029
---ebpf-pid----2029----pid-1
---ebpf-pid----372714----pid-372714
---ebpf-pid----372714----pid-5476
---ebpf-pid----372714----pid-1
---ebpf-pid----372714----pid-372714
---ebpf-pid----372714----pid-5476
---ebpf-pid----372714----pid-1
---ebpf-pid----2029----pid-2029
---ebpf-pid----2029----pid-1
---ebpf-pid----2029----pid-2029
---ebpf-pid----2029----pid-1
---ebpf-pid----2029----pid-2029
---ebpf-pid----2029----pid-1
---ebpf-pid----2029----pid-2029
---ebpf-pid----2029----pid-1
---ebpf-pid----372714----pid-372714
---ebpf-pid----372714----pid-5476
---ebpf-pid----372714----pid-1
---ebpf-pid----372714----pid-372714
---ebpf-pid----372714----pid-5476
---ebpf-pid----372714----pid-1
---ebpf-pid----372714----pid-372714
---ebpf-pid----372714----pid-5476
---ebpf-pid----372714----pid-1
---ebpf-pid----372714----pid-372714
---ebpf-pid----372714----pid-5476
---ebpf-pid----372714----pid-1
---ebpf-pid----372714----pid-372714
---ebpf-pid----372714----pid-5476
---ebpf-pid----372714----pid-1
---ebpf-pid----372714----pid-372714
---ebpf-pid----372714----pid-5476
---ebpf-pid----372714----pid-1
---ebpf-pid----372714----pid-372714
---ebpf-pid----372714----pid-5476
---ebpf-pid----372714----pid-1
---ebpf-pid----372714----pid-372714
---ebpf-pid----372714----pid-5476
---ebpf-pid----372714----pid-1
---ebpf-pid----372714----pid-372714
---ebpf-pid----372714----pid-5476
---ebpf-pid----372714----pid-1
---ebpf-pid----372714----pid-372714
---ebpf-pid----372714----pid-5476
---ebpf-pid----372714----pid-1
---ebpf-pid----372714----pid-372714
---ebpf-pid----372714----pid-5476
---ebpf-pid----372714----pid-1
---ebpf-pid----372714----pid-372714
---ebpf-pid----372714----pid-5476
---ebpf-pid----372714----pid-1
---ebpf-pid----372714----pid-372714
---ebpf-pid----372714----pid-5476
---ebpf-pid----372714----pid-1
---ebpf-pid----372714----pid-372714
---ebpf-pid----372714----pid-5476
---ebpf-pid----372714----pid-1
---ebpf-pid----372714----pid-372714
---ebpf-pid----372714----pid-5476
---ebpf-pid----372714----pid-1
---ebpf-pid----372714----pid-372714
---ebpf-pid----372714----pid-5476
---ebpf-pid----372714----pid-1
---ebpf-pid----372714----pid-372714
---ebpf-pid----372714----pid-5476
---ebpf-pid----372714----pid-1
---ebpf-pid----372714----pid-372714
---ebpf-pid----372714----pid-5476
---ebpf-pid----372714----pid-1
---ebpf-pid----372714----pid-372714
---ebpf-pid----372714----pid-5476
---ebpf-pid----372714----pid-1
---ebpf-pid----372714----pid-372714
---ebpf-pid----372714----pid-5476
---ebpf-pid----372714----pid-1
---ebpf-pid----5638----pid-5638
---ebpf-pid----5638----pid-1
---ebpf-pid----372714----pid-372714
---ebpf-pid----372714----pid-5476
---ebpf-pid----372714----pid-1
---ebpf-pid----372714----pid-372714
---ebpf-pid----372714----pid-5476
---ebpf-pid----372714----pid-1
---ebpf-pid----448522----pid-448522
---ebpf-pid----448522----pid-1
---ebpf-pid----2088----pid-2088
---ebpf-pid----2088----pid-1
---ebpf-pid----2088----pid-2088
---ebpf-pid----2088----pid-1
---ebpf-pid----2088----pid-2088
---ebpf-pid----2088----pid-1
---ebpf-pid----2088----pid-2088
---ebpf-pid----2088----pid-1
---ebpf-pid----2088----pid-2088
---ebpf-pid----2088----pid-1
---ebpf-pid----2088----pid-2088
---ebpf-pid----2088----pid-1
---ebpf-pid----2088----pid-2088
---ebpf-pid----2088----pid-1
---ebpf-pid----2088----pid-2088
---ebpf-pid----2088----pid-1
---ebpf-pid----2088----pid-2088
---ebpf-pid----2088----pid-1
---ebpf-pid----2088----pid-2088
---ebpf-pid----2088----pid-1
---ebpf-pid----2088----pid-2088
---ebpf-pid----2088----pid-1
---ebpf-pid----2088----pid-2088
---ebpf-pid----2088----pid-1
---ebpf-pid----2088----pid-2088
---ebpf-pid----2088----pid-1
---ebpf-pid----2088----pid-2088
---ebpf-pid----2088----pid-1
---ebpf-pid----2088----pid-2088
---ebpf-pid----2088----pid-1
---ebpf-pid----2088----pid-2088
---ebpf-pid----2088----pid-1
---ebpf-pid----2088----pid-2088
---ebpf-pid----2088----pid-1
---ebpf-pid----2088----pid-2088
---ebpf-pid----2088----pid-1
---ebpf-pid----2088----pid-2088
---ebpf-pid----2088----pid-1
---ebpf-pid----448783----pid-448783
---ebpf-pid----448783----pid-448520
---ebpf-pid----448783----pid-1
---ebpf-pid----448783----pid-448783
---ebpf-pid----448783----pid-448520
---ebpf-pid----448783----pid-1
---ebpf-pid----448522----pid-448522
---ebpf-pid----448522----pid-1
---ebpf-pid----448783----pid-448783
---ebpf-pid----448783----pid-448520
---ebpf-pid----448783----pid-1
---ebpf-pid----448783----pid-448783
---ebpf-pid----448783----pid-448520
---ebpf-pid----448783----pid-1
---ebpf-pid----5707----pid-5707
---ebpf-pid----5707----pid-5476
---ebpf-pid----5707----pid-1
---ebpf-pid----5707----pid-5707
---ebpf-pid----5707----pid-5476
---ebpf-pid----5707----pid-1
---ebpf-pid----5707----pid-5707
---ebpf-pid----5707----pid-5476
---ebpf-pid----5707----pid-1
---ebpf-pid----5707----pid-5707
---ebpf-pid----5707----pid-5476
---ebpf-pid----5707----pid-1
---ebpf-pid----5707----pid-5707
---ebpf-pid----5707----pid-5476
---ebpf-pid----5707----pid-1
---ebpf-pid----5707----pid-5707
---ebpf-pid----5707----pid-5476
---ebpf-pid----5707----pid-1
---ebpf-pid----2088----pid-2088
---ebpf-pid----2088----pid-1
---ebpf-pid----2088----pid-2088
---ebpf-pid----2088----pid-1
---ebpf-pid----448522----pid-448522
---ebpf-pid----448522----pid-1
---ebpf-pid----5705----pid-5705
---ebpf-pid----5705----pid-5476
---ebpf-pid----5705----pid-1
---ebpf-pid----5705----pid-5705
---ebpf-pid----5705----pid-5476
---ebpf-pid----5705----pid-1
---ebpf-pid----5705----pid-5705
---ebpf-pid----5705----pid-5476
---ebpf-pid----5705----pid-1
---ebpf-pid----2088----pid-2088
---ebpf-pid----2088----pid-1
---ebpf-pid----5705----pid-5705
---ebpf-pid----5705----pid-5476
---ebpf-pid----5705----pid-1
---ebpf-pid----448783----pid-448783
---ebpf-pid----448783----pid-448520
---ebpf-pid----448783----pid-1
---ebpf-pid----7313----pid-7313
---ebpf-pid----7313----pid-1
---ebpf-pid----5705----pid-5705
---ebpf-pid----5705----pid-5476
---ebpf-pid----5705----pid-1
---ebpf-pid----5705----pid-5705
---ebpf-pid----5705----pid-5476
---ebpf-pid----5705----pid-1
---ebpf-pid----5705----pid-5705
---ebpf-pid----5705----pid-5476
---ebpf-pid----5705----pid-1
---ebpf-pid----5705----pid-5705
---ebpf-pid----5705----pid-5476
---ebpf-pid----5705----pid-1
---ebpf-pid----448783----pid-448783
---ebpf-pid----448783----pid-448520
---ebpf-pid----448783----pid-1
---ebpf-pid----448783----pid-448783
---ebpf-pid----448783----pid-448520
---ebpf-pid----448783----pid-1
---ebpf-pid----448783----pid-448783
---ebpf-pid----448783----pid-448520
---ebpf-pid----448783----pid-1
---ebpf-pid----448783----pid-448783
---ebpf-pid----448783----pid-448520
---ebpf-pid----448783----pid-1
---ebpf-pid----448783----pid-448783
---ebpf-pid----448783----pid-448520
---ebpf-pid----448783----pid-1
---ebpf-pid----448783----pid-448783
---ebpf-pid----448783----pid-448520
---ebpf-pid----448783----pid-1
---ebpf-pid----448783----pid-448783
---ebpf-pid----448783----pid-448520
---ebpf-pid----448783----pid-1
---ebpf-pid----6671----pid-6671
---ebpf-pid----6671----pid-5476
---ebpf-pid----6671----pid-1
---ebpf-pid----6671----pid-6671
---ebpf-pid----6671----pid-5476
---ebpf-pid----6671----pid-1
---ebpf-pid----6671----pid-6671
---ebpf-pid----6671----pid-5476
---ebpf-pid----6671----pid-1
---ebpf-pid----6671----pid-6671
---ebpf-pid----6671----pid-5476
---ebpf-pid----6671----pid-1
---ebpf-pid----448783----pid-448783
---ebpf-pid----448783----pid-448520
---ebpf-pid----448783----pid-1
---ebpf-pid----448783----pid-448783
---ebpf-pid----448783----pid-448520
---ebpf-pid----448783----pid-1
---ebpf-pid----448783----pid-448783
---ebpf-pid----448783----pid-448520
---ebpf-pid----448783----pid-1
---ebpf-pid----448783----pid-448783
---ebpf-pid----448783----pid-448520
---ebpf-pid----448783----pid-1
---ebpf-pid----5705----pid-5705
---ebpf-pid----5705----pid-5476
---ebpf-pid----5705----pid-1
---ebpf-pid----5705----pid-5705
---ebpf-pid----5705----pid-5476
---ebpf-pid----5705----pid-1
---ebpf-pid----5705----pid-5705
---ebpf-pid----5705----pid-5476
---ebpf-pid----5705----pid-1
---ebpf-pid----5705----pid-5705
---ebpf-pid----5705----pid-5476
---ebpf-pid----5705----pid-1
---ebpf-pid----5705----pid-5705
---ebpf-pid----5705----pid-5476
---ebpf-pid----5705----pid-1
---ebpf-pid----5705----pid-5705
---ebpf-pid----5705----pid-5476
---ebpf-pid----5705----pid-1
---ebpf-pid----5705----pid-5705
---ebpf-pid----5705----pid-5476
---ebpf-pid----5705----pid-1
---ebpf-pid----5705----pid-5705
---ebpf-pid----5705----pid-5476
---ebpf-pid----5705----pid-1
---ebpf-pid----5705----pid-5705
---ebpf-pid----5705----pid-5476
---ebpf-pid----5705----pid-1
---ebpf-pid----5705----pid-5705
---ebpf-pid----5705----pid-5476
---ebpf-pid----5705----pid-1
---ebpf-pid----5705----pid-5705
---ebpf-pid----5705----pid-5476
---ebpf-pid----5705----pid-1
---ebpf-pid----5705----pid-5705
---ebpf-pid----5705----pid-5476
---ebpf-pid----5705----pid-1
---ebpf-pid----5705----pid-5705
---ebpf-pid----5705----pid-5476
---ebpf-pid----5705----pid-1
---ebpf-pid----5705----pid-5705
---ebpf-pid----5705----pid-5476
---ebpf-pid----5705----pid-1
---ebpf-pid----5705----pid-5705
---ebpf-pid----5705----pid-5476
---ebpf-pid----5705----pid-1
---ebpf-pid----5705----pid-5705
---ebpf-pid----5705----pid-5476
---ebpf-pid----5705----pid-1
---ebpf-pid----5705----pid-5705
---ebpf-pid----5705----pid-5476
---ebpf-pid----5705----pid-1
---ebpf-pid----5705----pid-5705
---ebpf-pid----5705----pid-5476
Failed to get process information for PID 0
---ebpf-pid----5705----pid-1
---ebpf-pid----4716----pid-4716
---ebpf-pid----4716----pid-3323
---ebpf-pid----4716----pid-1
---ebpf-pid----5705----pid-5705
---ebpf-pid----5705----pid-5476
---ebpf-pid----5705----pid-1
---ebpf-pid----5705----pid-5705
---ebpf-pid----5705----pid-5476
---ebpf-pid----5705----pid-1
---ebpf-pid----5705----pid-5705
---ebpf-pid----5705----pid-5476
---ebpf-pid----5705----pid-1
---ebpf-pid----5705----pid-5705
---ebpf-pid----5705----pid-5476
---ebpf-pid----5705----pid-1
---ebpf-pid----448522----pid-448522
---ebpf-pid----448522----pid-1
Failed to get process information for PID 0
---ebpf-pid----4716----pid-4716
---ebpf-pid----4716----pid-3323
---ebpf-pid----4716----pid-1
---ebpf-pid----5707----pid-5707
---ebpf-pid----5707----pid-5476
---ebpf-pid----5707----pid-1
---ebpf-pid----5707----pid-5707
---ebpf-pid----5707----pid-5476
---ebpf-pid----5707----pid-1
---ebpf-pid----5707----pid-5707
---ebpf-pid----5707----pid-5476
---ebpf-pid----5707----pid-1
---ebpf-pid----5707----pid-5707
---ebpf-pid----5707----pid-5476
---ebpf-pid----5707----pid-1
---ebpf-pid----5707----pid-5707
---ebpf-pid----5707----pid-5476
---ebpf-pid----5707----pid-1
---ebpf-pid----5707----pid-5707
---ebpf-pid----5707----pid-5476
---ebpf-pid----5707----pid-1
---ebpf-pid----5707----pid-5707
---ebpf-pid----5707----pid-5476
---ebpf-pid----5707----pid-1
---ebpf-pid----5707----pid-5707
---ebpf-pid----5707----pid-5476
---ebpf-pid----5707----pid-1
---ebpf-pid----5707----pid-5707
---ebpf-pid----5707----pid-5476
---ebpf-pid----5707----pid-1
---ebpf-pid----5707----pid-5707
---ebpf-pid----5707----pid-5476
---ebpf-pid----5707----pid-1
---ebpf-pid----5707----pid-5707
---ebpf-pid----5707----pid-5476
---ebpf-pid----5707----pid-1
---ebpf-pid----5707----pid-5707
---ebpf-pid----5707----pid-5476
---ebpf-pid----5707----pid-1
---ebpf-pid----5707----pid-5707
---ebpf-pid----5707----pid-5476
---ebpf-pid----5707----pid-1
---ebpf-pid----5707----pid-5707
---ebpf-pid----5707----pid-5476
---ebpf-pid----5707----pid-1
---ebpf-pid----4716----pid-4716
---ebpf-pid----4716----pid-3323
---ebpf-pid----4716----pid-1
---ebpf-pid----9298----pid-9298
---ebpf-pid----9298----pid-7255
---ebpf-pid----9298----pid-1
---ebpf-pid----4716----pid-4716
---ebpf-pid----4716----pid-3323
---ebpf-pid----4716----pid-1
---ebpf-pid----4716----pid-4716
---ebpf-pid----4716----pid-3323
---ebpf-pid----4716----pid-1
---ebpf-pid----448522----pid-448522
---ebpf-pid----448522----pid-1
---ebpf-pid----7313----pid-7313
---ebpf-pid----7313----pid-1
---ebpf-pid----448783----pid-448783
---ebpf-pid----448783----pid-448520
---ebpf-pid----448783----pid-1
---ebpf-pid----448783----pid-448783
---ebpf-pid----448783----pid-448520
---ebpf-pid----448783----pid-1
---ebpf-pid----448783----pid-448783
---ebpf-pid----448783----pid-448520
---ebpf-pid----448783----pid-1
---ebpf-pid----448783----pid-448783
---ebpf-pid----448783----pid-448520
---ebpf-pid----448783----pid-1
---ebpf-pid----448783----pid-448783
---ebpf-pid----448783----pid-448520
---ebpf-pid----448783----pid-1
---ebpf-pid----448783----pid-448783
---ebpf-pid----448783----pid-448520
---ebpf-pid----448783----pid-1
---ebpf-pid----448783----pid-448783
---ebpf-pid----448783----pid-448520
---ebpf-pid----448783----pid-1
---ebpf-pid----448783----pid-448783
---ebpf-pid----448783----pid-448520
---ebpf-pid----448783----pid-1
---ebpf-pid----448783----pid-448783
---ebpf-pid----448783----pid-448520
---ebpf-pid----448783----pid-1
---ebpf-pid----448783----pid-448783
---ebpf-pid----448783----pid-448520
---ebpf-pid----448783----pid-1
---ebpf-pid----448783----pid-448783
---ebpf-pid----448783----pid-448520
---ebpf-pid----448783----pid-1
---ebpf-pid----448783----pid-448783
---ebpf-pid----448783----pid-448520
---ebpf-pid----448783----pid-1
---ebpf-pid----448783----pid-448783
---ebpf-pid----448783----pid-448520
---ebpf-pid----448783----pid-1
---ebpf-pid----448783----pid-448783
---ebpf-pid----448783----pid-448520
---ebpf-pid----448783----pid-1
---ebpf-pid----448783----pid-448783
---ebpf-pid----448783----pid-448520
---ebpf-pid----448783----pid-1
---ebpf-pid----448783----pid-448783
---ebpf-pid----448783----pid-448520
---ebpf-pid----448783----pid-1
---ebpf-pid----448783----pid-448783
---ebpf-pid----448783----pid-448520
---ebpf-pid----448783----pid-1
---ebpf-pid----448783----pid-448783
---ebpf-pid----448783----pid-448520
---ebpf-pid----448783----pid-1
---ebpf-pid----448783----pid-448783
---ebpf-pid----448783----pid-448520
---ebpf-pid----448783----pid-1
---ebpf-pid----448783----pid-448783
---ebpf-pid----448783----pid-448520
---ebpf-pid----448783----pid-1
---ebpf-pid----2089----pid-2089
---ebpf-pid----2089----pid-1
---ebpf-pid----2089----pid-2089
---ebpf-pid----2089----pid-1
---ebpf-pid----2089----pid-2089
---ebpf-pid----2089----pid-1
---ebpf-pid----5638----pid-5638
---ebpf-pid----5638----pid-1
---ebpf-pid----448783----pid-448783
---ebpf-pid----448783----pid-448520
---ebpf-pid----448783----pid-1
---ebpf-pid----448783----pid-448783
---ebpf-pid----448783----pid-448520
---ebpf-pid----448783----pid-1
---ebpf-pid----448783----pid-448783
---ebpf-pid----448783----pid-448520
---ebpf-pid----448783----pid-1
---ebpf-pid----5638----pid-5638
---ebpf-pid----5638----pid-1
---ebpf-pid----2010----pid-2010
---ebpf-pid----2010----pid-1
---ebpf-pid----448783----pid-448783
---ebpf-pid----448783----pid-448520
---ebpf-pid----448783----pid-1
---ebpf-pid----448783----pid-448783
---ebpf-pid----448783----pid-448520
---ebpf-pid----448783----pid-1
---ebpf-pid----448783----pid-448783
---ebpf-pid----448783----pid-448520
---ebpf-pid----448783----pid-1
---ebpf-pid----448783----pid-448783
---ebpf-pid----448783----pid-448520
---ebpf-pid----448783----pid-1
---ebpf-pid----448783----pid-448783
---ebpf-pid----448783----pid-448520
---ebpf-pid----448783----pid-1
---ebpf-pid----448783----pid-448783
---ebpf-pid----448783----pid-448520
---ebpf-pid----448783----pid-1
---ebpf-pid----448783----pid-448783
---ebpf-pid----448783----pid-448520
---ebpf-pid----448783----pid-1
---ebpf-pid----448783----pid-448783
---ebpf-pid----448783----pid-448520
---ebpf-pid----448783----pid-1
---ebpf-pid----448783----pid-448783
---ebpf-pid----448783----pid-448520
---ebpf-pid----448783----pid-1
---ebpf-pid----448783----pid-448783
---ebpf-pid----448783----pid-448520
---ebpf-pid----448783----pid-1
---ebpf-pid----448783----pid-448783
---ebpf-pid----448783----pid-448520
---ebpf-pid----448783----pid-1
---ebpf-pid----5638----pid-5638
---ebpf-pid----5638----pid-1
---ebpf-pid----5638----pid-5638
---ebpf-pid----5638----pid-1
---ebpf-pid----2029----pid-2029
---ebpf-pid----2029----pid-1
---ebpf-pid----2029----pid-2029
---ebpf-pid----2029----pid-1
---ebpf-pid----2029----pid-2029
---ebpf-pid----2029----pid-1
---ebpf-pid----2029----pid-2029
---ebpf-pid----2029----pid-1
---ebpf-pid----2029----pid-2029
---ebpf-pid----2029----pid-1
---ebpf-pid----2029----pid-2029
---ebpf-pid----2029----pid-1
---ebpf-pid----2029----pid-2029
---ebpf-pid----2029----pid-1
---ebpf-pid----2029----pid-2029
---ebpf-pid----2029----pid-1
---ebpf-pid----5638----pid-5638
---ebpf-pid----5638----pid-1
---ebpf-pid----5638----pid-5638
---ebpf-pid----5638----pid-1
---ebpf-pid----5637----pid-5637
---ebpf-pid----5637----pid-1
---ebpf-pid----5637----pid-5637
---ebpf-pid----5637----pid-1
---ebpf-pid----2029----pid-2029
---ebpf-pid----2029----pid-1
---ebpf-pid----2029----pid-2029
---ebpf-pid----2029----pid-1
---ebpf-pid----2029----pid-2029
---ebpf-pid----2029----pid-1
---ebpf-pid----2029----pid-2029
---ebpf-pid----2029----pid-1
---ebpf-pid----2029----pid-2029
---ebpf-pid----2029----pid-1
---ebpf-pid----2029----pid-2029
---ebpf-pid----2029----pid-1
---ebpf-pid----2029----pid-2029
---ebpf-pid----2029----pid-1
---ebpf-pid----2029----pid-2029
---ebpf-pid----2029----pid-1
---ebpf-pid----2029----pid-2029
---ebpf-pid----2029----pid-1
---ebpf-pid----5637----pid-5637
---ebpf-pid----5637----pid-1
---ebpf-pid----5637----pid-5637
---ebpf-pid----5637----pid-1
---ebpf-pid----2029----pid-2029
---ebpf-pid----2029----pid-1
---ebpf-pid----2029----pid-2029
---ebpf-pid----2029----pid-1
---ebpf-pid----448546----pid-448546
---ebpf-pid----448546----pid-1
---ebpf-pid----5638----pid-5638
---ebpf-pid----5638----pid-1
---ebpf-pid----6671----pid-6671
---ebpf-pid----6671----pid-5476
---ebpf-pid----6671----pid-1
---ebpf-pid----6671----pid-6671
---ebpf-pid----6671----pid-5476
---ebpf-pid----6671----pid-1
---ebpf-pid----6671----pid-6671
---ebpf-pid----6671----pid-5476
---ebpf-pid----6671----pid-1
---ebpf-pid----6671----pid-6671
---ebpf-pid----6671----pid-5476
---ebpf-pid----6671----pid-1
---ebpf-pid----6671----pid-6671
---ebpf-pid----6671----pid-5476
---ebpf-pid----6671----pid-1
---ebpf-pid----6671----pid-6671
---ebpf-pid----6671----pid-5476
---ebpf-pid----6671----pid-1
---ebpf-pid----6671----pid-6671
---ebpf-pid----6671----pid-5476
---ebpf-pid----6671----pid-1
---ebpf-pid----6671----pid-6671
---ebpf-pid----6671----pid-5476
---ebpf-pid----6671----pid-1
---ebpf-pid----6671----pid-6671
---ebpf-pid----6671----pid-5476
---ebpf-pid----6671----pid-1
---ebpf-pid----6671----pid-6671
---ebpf-pid----6671----pid-5476
---ebpf-pid----6671----pid-1
---ebpf-pid----6671----pid-6671
---ebpf-pid----6671----pid-5476
---ebpf-pid----6671----pid-1
---ebpf-pid----6671----pid-6671
---ebpf-pid----6671----pid-5476
---ebpf-pid----6671----pid-1
---ebpf-pid----6671----pid-6671
---ebpf-pid----6671----pid-5476
---ebpf-pid----6671----pid-1
---ebpf-pid----6671----pid-6671
---ebpf-pid----6671----pid-5476
---ebpf-pid----6671----pid-1
---ebpf-pid----6671----pid-6671
---ebpf-pid----6671----pid-5476
---ebpf-pid----6671----pid-1
---ebpf-pid----6671----pid-6671
---ebpf-pid----6671----pid-5476
---ebpf-pid----6671----pid-1
---ebpf-pid----6671----pid-6671
---ebpf-pid----6671----pid-5476
---ebpf-pid----6671----pid-1
---ebpf-pid----6671----pid-6671
---ebpf-pid----6671----pid-5476
---ebpf-pid----6671----pid-1
---ebpf-pid----6671----pid-6671
---ebpf-pid----6671----pid-5476
---ebpf-pid----6671----pid-1
---ebpf-pid----6671----pid-6671
---ebpf-pid----6671----pid-5476
---ebpf-pid----6671----pid-1
---ebpf-pid----6671----pid-6671
---ebpf-pid----6671----pid-5476
---ebpf-pid----6671----pid-1
---ebpf-pid----6671----pid-6671
---ebpf-pid----6671----pid-5476
---ebpf-pid----6671----pid-1
---ebpf-pid----6671----pid-6671
---ebpf-pid----6671----pid-5476
---ebpf-pid----6671----pid-1
---ebpf-pid----6671----pid-6671
---ebpf-pid----6671----pid-5476
---ebpf-pid----6671----pid-1
---ebpf-pid----6671----pid-6671
---ebpf-pid----6671----pid-5476
---ebpf-pid----6671----pid-1
---ebpf-pid----6671----pid-6671
---ebpf-pid----6671----pid-5476
---ebpf-pid----6671----pid-1
---ebpf-pid----6671----pid-6671
---ebpf-pid----6671----pid-5476
---ebpf-pid----6671----pid-1
---ebpf-pid----6671----pid-6671
---ebpf-pid----6671----pid-5476
---ebpf-pid----6671----pid-1
---ebpf-pid----6671----pid-6671
---ebpf-pid----6671----pid-5476
---ebpf-pid----6671----pid-1
---ebpf-pid----6671----pid-6671
---ebpf-pid----6671----pid-5476
---ebpf-pid----6671----pid-1
---ebpf-pid----6671----pid-6671
---ebpf-pid----6671----pid-5476
---ebpf-pid----6671----pid-1
---ebpf-pid----6671----pid-6671
---ebpf-pid----6671----pid-5476
---ebpf-pid----6671----pid-1
---ebpf-pid----6671----pid-6671
---ebpf-pid----6671----pid-5476
---ebpf-pid----6671----pid-1
---ebpf-pid----6671----pid-6671
---ebpf-pid----6671----pid-5476
---ebpf-pid----6671----pid-1
---ebpf-pid----6671----pid-6671
---ebpf-pid----6671----pid-5476
---ebpf-pid----6671----pid-1
---ebpf-pid----6671----pid-6671
---ebpf-pid----6671----pid-5476
---ebpf-pid----6671----pid-1
---ebpf-pid----6671----pid-6671
---ebpf-pid----6671----pid-5476
---ebpf-pid----6671----pid-1
---ebpf-pid----6671----pid-6671
---ebpf-pid----6671----pid-5476
---ebpf-pid----6671----pid-1
---ebpf-pid----6671----pid-6671
---ebpf-pid----6671----pid-5476
---ebpf-pid----6671----pid-1
---ebpf-pid----2088----pid-2088
---ebpf-pid----2088----pid-1
---ebpf-pid----2088----pid-2088
---ebpf-pid----2088----pid-1
---ebpf-pid----2088----pid-2088
---ebpf-pid----2088----pid-1
---ebpf-pid----7313----pid-7313
---ebpf-pid----7313----pid-1
---ebpf-pid----6671----pid-6671
---ebpf-pid----6671----pid-5476
---ebpf-pid----6671----pid-1
---ebpf-pid----6671----pid-6671
---ebpf-pid----6671----pid-5476
---ebpf-pid----6671----pid-1
---ebpf-pid----6671----pid-6671
---ebpf-pid----6671----pid-5476
---ebpf-pid----6671----pid-1
---ebpf-pid----6671----pid-6671
---ebpf-pid----6671----pid-5476
---ebpf-pid----6671----pid-1
---ebpf-pid----6671----pid-6671
---ebpf-pid----6671----pid-5476
---ebpf-pid----6671----pid-1
---ebpf-pid----5707----pid-5707
---ebpf-pid----5707----pid-5476
---ebpf-pid----5707----pid-1
---ebpf-pid----5707----pid-5707
---ebpf-pid----5707----pid-5476
---ebpf-pid----5707----pid-1
---ebpf-pid----5707----pid-5707
---ebpf-pid----5707----pid-5476
---ebpf-pid----5707----pid-1
---ebpf-pid----5707----pid-5707
---ebpf-pid----5707----pid-5476
---ebpf-pid----5707----pid-1
---ebpf-pid----5707----pid-5707
---ebpf-pid----5707----pid-5476
---ebpf-pid----5707----pid-1
---ebpf-pid----5707----pid-5707
---ebpf-pid----5707----pid-5476
---ebpf-pid----5707----pid-1
---ebpf-pid----5707----pid-5707
---ebpf-pid----5707----pid-5476
---ebpf-pid----5707----pid-1
---ebpf-pid----5707----pid-5707
---ebpf-pid----5707----pid-5476
---ebpf-pid----5707----pid-1
---ebpf-pid----5707----pid-5707
---ebpf-pid----5707----pid-5476
---ebpf-pid----5707----pid-1
---ebpf-pid----5707----pid-5707
---ebpf-pid----5707----pid-5476
---ebpf-pid----5707----pid-1
---ebpf-pid----5707----pid-5707
---ebpf-pid----5707----pid-5476
---ebpf-pid----5707----pid-1
---ebpf-pid----5707----pid-5707
---ebpf-pid----5707----pid-5476
---ebpf-pid----5707----pid-1
---ebpf-pid----5707----pid-5707
---ebpf-pid----5707----pid-5476
---ebpf-pid----5707----pid-1
---ebpf-pid----5707----pid-5707
---ebpf-pid----5707----pid-5476
---ebpf-pid----5707----pid-1
---ebpf-pid----5707----pid-5707
---ebpf-pid----5707----pid-5476
---ebpf-pid----5707----pid-1
---ebpf-pid----5707----pid-5707
---ebpf-pid----5707----pid-5476
---ebpf-pid----5707----pid-1
---ebpf-pid----5707----pid-5707
---ebpf-pid----5707----pid-5476
---ebpf-pid----5707----pid-1
---ebpf-pid----5707----pid-5707
---ebpf-pid----5707----pid-5476
---ebpf-pid----5707----pid-1
---ebpf-pid----5707----pid-5707
---ebpf-pid----5707----pid-5476
---ebpf-pid----5707----pid-1
---ebpf-pid----5707----pid-5707
---ebpf-pid----5707----pid-5476
---ebpf-pid----5707----pid-1
---ebpf-pid----5707----pid-5707
---ebpf-pid----5707----pid-5476
---ebpf-pid----5707----pid-1
---ebpf-pid----5707----pid-5707
---ebpf-pid----5707----pid-5476
---ebpf-pid----5707----pid-1
---ebpf-pid----5707----pid-5707
---ebpf-pid----5707----pid-5476
---ebpf-pid----5707----pid-1
---ebpf-pid----5707----pid-5707
---ebpf-pid----5707----pid-5476
---ebpf-pid----5707----pid-1
---ebpf-pid----5707----pid-5707
---ebpf-pid----5707----pid-5476
---ebpf-pid----5707----pid-1
---ebpf-pid----5707----pid-5707
---ebpf-pid----5707----pid-5476
---ebpf-pid----5707----pid-1
Failed to get process information for PID 0
---ebpf-pid----5707----pid-5707
---ebpf-pid----5707----pid-5476
---ebpf-pid----5707----pid-1
---ebpf-pid----5707----pid-5707
---ebpf-pid----5707----pid-5476
---ebpf-pid----5707----pid-1
---ebpf-pid----5707----pid-5707
---ebpf-pid----5707----pid-5476
---ebpf-pid----5707----pid-1
Failed to get process information for PID 0
Failed to get process information for PID 0
---ebpf-pid----5707----pid-5707
---ebpf-pid----5707----pid-5476
---ebpf-pid----5707----pid-1
---ebpf-pid----5707----pid-5707
---ebpf-pid----5707----pid-5476
---ebpf-pid----5707----pid-1
---ebpf-pid----5707----pid-5707
---ebpf-pid----5707----pid-5476
---ebpf-pid----5707----pid-1
---ebpf-pid----5707----pid-5707
---ebpf-pid----5707----pid-5476
---ebpf-pid----5707----pid-1
---ebpf-pid----5707----pid-5707
---ebpf-pid----5707----pid-5476
---ebpf-pid----5707----pid-1
---ebpf-pid----6671----pid-6671
---ebpf-pid----6671----pid-5476
---ebpf-pid----6671----pid-1
---ebpf-pid----6671----pid-6671
---ebpf-pid----6671----pid-5476
---ebpf-pid----6671----pid-1
---ebpf-pid----6671----pid-6671
---ebpf-pid----6671----pid-5476
---ebpf-pid----6671----pid-1
---ebpf-pid----6671----pid-6671
---ebpf-pid----6671----pid-5476
---ebpf-pid----6671----pid-1
---ebpf-pid----6671----pid-6671
---ebpf-pid----6671----pid-5476
---ebpf-pid----6671----pid-1
---ebpf-pid----5707----pid-5707
---ebpf-pid----5707----pid-5476
---ebpf-pid----5707----pid-1
---ebpf-pid----5707----pid-5707
---ebpf-pid----5707----pid-5476
---ebpf-pid----5707----pid-1
---ebpf-pid----5707----pid-5707
---ebpf-pid----5707----pid-5476
---ebpf-pid----5707----pid-1
---ebpf-pid----5707----pid-5707
---ebpf-pid----5707----pid-5476
---ebpf-pid----5707----pid-1
---ebpf-pid----5707----pid-5707
---ebpf-pid----5707----pid-5476
---ebpf-pid----5707----pid-1
---ebpf-pid----5707----pid-5707
---ebpf-pid----5707----pid-5476
---ebpf-pid----5707----pid-1
---ebpf-pid----5707----pid-5707
---ebpf-pid----5707----pid-5476
---ebpf-pid----5707----pid-1
---ebpf-pid----1856----pid-1856
---ebpf-pid----1856----pid-1
Failed to get process information for PID 0
---ebpf-pid----7313----pid-7313
---ebpf-pid----7313----pid-1
---ebpf-pid----6671----pid-6671
---ebpf-pid----6671----pid-5476
---ebpf-pid----6671----pid-1
---ebpf-pid----6671----pid-6671
---ebpf-pid----6671----pid-5476
---ebpf-pid----6671----pid-1
---ebpf-pid----6671----pid-6671
---ebpf-pid----6671----pid-5476
---ebpf-pid----6671----pid-1
---ebpf-pid----6671----pid-6671
---ebpf-pid----6671----pid-5476
---ebpf-pid----6671----pid-1
---ebpf-pid----1856----pid-1856
---ebpf-pid----1856----pid-1
---ebpf-pid----372714----pid-372714
---ebpf-pid----372714----pid-5476
---ebpf-pid----372714----pid-1
---ebpf-pid----372714----pid-372714
---ebpf-pid----372714----pid-5476
---ebpf-pid----372714----pid-1
---ebpf-pid----372714----pid-372714
---ebpf-pid----372714----pid-5476
---ebpf-pid----372714----pid-1
---ebpf-pid----372714----pid-372714
---ebpf-pid----372714----pid-5476
---ebpf-pid----372714----pid-1
---ebpf-pid----372714----pid-372714
---ebpf-pid----372714----pid-5476
---ebpf-pid----372714----pid-1
---ebpf-pid----448546----pid-448546
---ebpf-pid----448546----pid-1
---ebpf-pid----1856----pid-1856
---ebpf-pid----1856----pid-1
---ebpf-pid----7313----pid-7313
---ebpf-pid----7313----pid-1
---ebpf-pid----6671----pid-6671
---ebpf-pid----6671----pid-5476
---ebpf-pid----6671----pid-1
---ebpf-pid----5707----pid-5707
---ebpf-pid----5707----pid-5476
---ebpf-pid----5707----pid-1
---ebpf-pid----5707----pid-5707
---ebpf-pid----5707----pid-5476
---ebpf-pid----5707----pid-1
---ebpf-pid----6671----pid-6671
---ebpf-pid----6671----pid-5476
---ebpf-pid----6671----pid-1
---ebpf-pid----7312----pid-7312
---ebpf-pid----7312----pid-1
---ebpf-pid----7312----pid-7312
---ebpf-pid----7312----pid-1
---ebpf-pid----372881----pid-372881
---ebpf-pid----372881----pid-1
---ebpf-pid----2012----pid-2012
---ebpf-pid----2012----pid-1
---ebpf-pid----2012----pid-2012
---ebpf-pid----2012----pid-1
---ebpf-pid----2012----pid-2012
---ebpf-pid----2012----pid-1
---ebpf-pid----2012----pid-2012
---ebpf-pid----2012----pid-1
---ebpf-pid----2012----pid-2012
---ebpf-pid----2012----pid-1
---ebpf-pid----2012----pid-2012
---ebpf-pid----2012----pid-1
---ebpf-pid----2012----pid-2012
---ebpf-pid----2012----pid-1
---ebpf-pid----2012----pid-2012
---ebpf-pid----2012----pid-1
---ebpf-pid----448783----pid-448783
---ebpf-pid----448783----pid-448520
---ebpf-pid----448783----pid-1
---ebpf-pid----448783----pid-448783
---ebpf-pid----448783----pid-448520
---ebpf-pid----448783----pid-1
---ebpf-pid----448783----pid-448783
---ebpf-pid----448783----pid-448520
---ebpf-pid----448783----pid-1
---ebpf-pid----448783----pid-448783
---ebpf-pid----448783----pid-448520
---ebpf-pid----448783----pid-1
---ebpf-pid----448783----pid-448783
---ebpf-pid----448783----pid-448520
---ebpf-pid----448783----pid-1
---ebpf-pid----7312----pid-7312
---ebpf-pid----7312----pid-1
---ebpf-pid----448783----pid-448783
---ebpf-pid----448783----pid-448520
---ebpf-pid----448783----pid-1
---ebpf-pid----448783----pid-448783
---ebpf-pid----448783----pid-448520
---ebpf-pid----448783----pid-1
---ebpf-pid----448546----pid-448546
---ebpf-pid----448546----pid-1
---ebpf-pid----448783----pid-448783
---ebpf-pid----448783----pid-448520
---ebpf-pid----448783----pid-1
---ebpf-pid----448546----pid-448546
---ebpf-pid----448546----pid-1
---ebpf-pid----7313----pid-7313
---ebpf-pid----7313----pid-1
---ebpf-pid----372881----pid-372881
---ebpf-pid----372881----pid-1
---ebpf-pid----5638----pid-5638
---ebpf-pid----5638----pid-1
---ebpf-pid----448783----pid-448783
---ebpf-pid----448783----pid-448520
---ebpf-pid----448783----pid-1
---ebpf-pid----448783----pid-448783
---ebpf-pid----448783----pid-448520
---ebpf-pid----448783----pid-1
---ebpf-pid----448783----pid-448783
---ebpf-pid----448783----pid-448520
---ebpf-pid----448783----pid-1
---ebpf-pid----448783----pid-448783
---ebpf-pid----448783----pid-448520
---ebpf-pid----448783----pid-1
---ebpf-pid----448783----pid-448783
---ebpf-pid----448783----pid-448520
---ebpf-pid----448783----pid-1
---ebpf-pid----448783----pid-448783
---ebpf-pid----448783----pid-448520
---ebpf-pid----448783----pid-1
---ebpf-pid----448783----pid-448783
---ebpf-pid----448783----pid-448520
---ebpf-pid----448783----pid-1
---ebpf-pid----448783----pid-448783
---ebpf-pid----448783----pid-448520
---ebpf-pid----448783----pid-1
---ebpf-pid----372714----pid-372714
---ebpf-pid----372714----pid-5476
---ebpf-pid----372714----pid-1
---ebpf-pid----372714----pid-372714
---ebpf-pid----372714----pid-5476
---ebpf-pid----372714----pid-1
---ebpf-pid----372714----pid-372714
---ebpf-pid----372714----pid-5476
---ebpf-pid----372714----pid-1
---ebpf-pid----372714----pid-372714
---ebpf-pid----372714----pid-5476
---ebpf-pid----372714----pid-1
---ebpf-pid----372714----pid-372714
---ebpf-pid----372714----pid-5476
---ebpf-pid----372714----pid-1
---ebpf-pid----372714----pid-372714
---ebpf-pid----372714----pid-5476
---ebpf-pid----372714----pid-1
---ebpf-pid----372714----pid-372714
---ebpf-pid----372714----pid-5476
---ebpf-pid----372714----pid-1
---ebpf-pid----372714----pid-372714
---ebpf-pid----372714----pid-5476
---ebpf-pid----372714----pid-1
---ebpf-pid----372714----pid-372714
---ebpf-pid----372714----pid-5476
---ebpf-pid----372714----pid-1
---ebpf-pid----372714----pid-372714
---ebpf-pid----372714----pid-5476
---ebpf-pid----372714----pid-1
---ebpf-pid----372714----pid-372714
---ebpf-pid----372714----pid-5476
---ebpf-pid----372714----pid-1
---ebpf-pid----372714----pid-372714
---ebpf-pid----372714----pid-5476
---ebpf-pid----372714----pid-1
---ebpf-pid----372714----pid-372714
---ebpf-pid----372714----pid-5476
---ebpf-pid----372714----pid-1
---ebpf-pid----372714----pid-372714
---ebpf-pid----372714----pid-5476
---ebpf-pid----372714----pid-1
---ebpf-pid----448783----pid-448783
---ebpf-pid----448783----pid-448520
---ebpf-pid----448783----pid-1
---ebpf-pid----448783----pid-448783
---ebpf-pid----448783----pid-448520
---ebpf-pid----448783----pid-1
---ebpf-pid----448783----pid-448783
---ebpf-pid----448783----pid-448520
---ebpf-pid----448783----pid-1
---ebpf-pid----448783----pid-448783
---ebpf-pid----448783----pid-448520
---ebpf-pid----448783----pid-1
---ebpf-pid----448783----pid-448783
---ebpf-pid----448783----pid-448520
---ebpf-pid----448783----pid-1
---ebpf-pid----448783----pid-448783
---ebpf-pid----448783----pid-448520
---ebpf-pid----448783----pid-1
---ebpf-pid----448783----pid-448783
---ebpf-pid----448783----pid-448520
---ebpf-pid----448783----pid-1
---ebpf-pid----448783----pid-448783
---ebpf-pid----448783----pid-448520
---ebpf-pid----448783----pid-1
---ebpf-pid----14----pid-14
---ebpf-pid----14----pid-2
---ebpf-pid----448783----pid-448783
---ebpf-pid----448783----pid-448520
---ebpf-pid----448783----pid-1
---ebpf-pid----448783----pid-448783
---ebpf-pid----448783----pid-448520
---ebpf-pid----448783----pid-1
---ebpf-pid----448783----pid-448783
---ebpf-pid----448783----pid-448520
---ebpf-pid----448783----pid-1
---ebpf-pid----448783----pid-448783
---ebpf-pid----448783----pid-448520
---ebpf-pid----448783----pid-1
---ebpf-pid----2029----pid-2029
---ebpf-pid----2029----pid-1
---ebpf-pid----5638----pid-5638
---ebpf-pid----5638----pid-1
---ebpf-pid----5638----pid-5638
---ebpf-pid----5638----pid-1
---ebpf-pid----5637----pid-5637
---ebpf-pid----5637----pid-1
---ebpf-pid----448546----pid-448546
---ebpf-pid----448546----pid-1
---ebpf-pid----5637----pid-5637
---ebpf-pid----5637----pid-1
---ebpf-pid----448783----pid-448783
---ebpf-pid----448783----pid-448520
---ebpf-pid----448783----pid-1
---ebpf-pid----5705----pid-5705
---ebpf-pid----5705----pid-5476
---ebpf-pid----5705----pid-1
---ebpf-pid----5705----pid-5705
---ebpf-pid----5705----pid-5476
---ebpf-pid----5705----pid-1
---ebpf-pid----7996----pid-7996
---ebpf-pid----7996----pid-1
---ebpf-pid----7996----pid-7996
---ebpf-pid----7996----pid-1
---ebpf-pid----5637----pid-5637
---ebpf-pid----5637----pid-1
---ebpf-pid----2012----pid-2012
---ebpf-pid----2012----pid-1
---ebpf-pid----2012----pid-2012
---ebpf-pid----2012----pid-1
---ebpf-pid----2012----pid-2012
---ebpf-pid----2012----pid-1
---ebpf-pid----2012----pid-2012
---ebpf-pid----2012----pid-1
---ebpf-pid----2012----pid-2012
---ebpf-pid----2012----pid-1
---ebpf-pid----2012----pid-2012
---ebpf-pid----2012----pid-1
---ebpf-pid----2012----pid-2012
---ebpf-pid----2012----pid-1
---ebpf-pid----2012----pid-2012
---ebpf-pid----2012----pid-1
---ebpf-pid----2012----pid-2012
---ebpf-pid----2012----pid-1
---ebpf-pid----2012----pid-2012
---ebpf-pid----2012----pid-1
---ebpf-pid----2012----pid-2012
---ebpf-pid----2012----pid-1
---ebpf-pid----2012----pid-2012
---ebpf-pid----2012----pid-1
---ebpf-pid----2012----pid-2012
---ebpf-pid----2012----pid-1
---ebpf-pid----2012----pid-2012
---ebpf-pid----2012----pid-1
---ebpf-pid----5637----pid-5637
---ebpf-pid----5637----pid-1
---ebpf-pid----372881----pid-372881
---ebpf-pid----372881----pid-1
---ebpf-pid----372881----pid-372881
---ebpf-pid----372881----pid-1
---ebpf-pid----372881----pid-372881
---ebpf-pid----372881----pid-1
---ebpf-pid----372881----pid-372881
---ebpf-pid----372881----pid-1
---ebpf-pid----372881----pid-372881
---ebpf-pid----372881----pid-1
---ebpf-pid----372881----pid-372881
---ebpf-pid----372881----pid-1
---ebpf-pid----372881----pid-372881
---ebpf-pid----372881----pid-1
---ebpf-pid----372881----pid-372881
---ebpf-pid----372881----pid-1
---ebpf-pid----372881----pid-372881
---ebpf-pid----372881----pid-1
---ebpf-pid----372881----pid-372881
---ebpf-pid----372881----pid-1
---ebpf-pid----372714----pid-372714
---ebpf-pid----372714----pid-5476
---ebpf-pid----372714----pid-1
---ebpf-pid----372714----pid-372714
---ebpf-pid----372714----pid-5476
---ebpf-pid----372714----pid-1
---ebpf-pid----372714----pid-372714
---ebpf-pid----372714----pid-5476
---ebpf-pid----372714----pid-1
---ebpf-pid----372714----pid-372714
---ebpf-pid----372714----pid-5476
---ebpf-pid----372714----pid-1
---ebpf-pid----372714----pid-372714
---ebpf-pid----372714----pid-5476
---ebpf-pid----372714----pid-1
---ebpf-pid----372714----pid-372714
---ebpf-pid----372714----pid-5476
---ebpf-pid----372714----pid-1
---ebpf-pid----448546----pid-448546
---ebpf-pid----448546----pid-1
---ebpf-pid----372881----pid-372881
---ebpf-pid----372881----pid-1
---ebpf-pid----372881----pid-372881
---ebpf-pid----372881----pid-1
---ebpf-pid----372714----pid-372714
---ebpf-pid----372714----pid-5476
---ebpf-pid----372714----pid-1
---ebpf-pid----372714----pid-372714
---ebpf-pid----372714----pid-5476
---ebpf-pid----372714----pid-1
---ebpf-pid----372714----pid-372714
---ebpf-pid----372714----pid-5476
---ebpf-pid----372714----pid-1
---ebpf-pid----372714----pid-372714
---ebpf-pid----372714----pid-5476
---ebpf-pid----372714----pid-1
---ebpf-pid----372714----pid-372714
---ebpf-pid----372714----pid-5476
---ebpf-pid----372714----pid-1
---ebpf-pid----372714----pid-372714
---ebpf-pid----372714----pid-5476
---ebpf-pid----372714----pid-1
---ebpf-pid----448546----pid-448546
---ebpf-pid----448546----pid-1
---ebpf-pid----372714----pid-372714
Failed to get process information for PID 0
---ebpf-pid----372714----pid-5476
---ebpf-pid----372714----pid-1
---ebpf-pid----372714----pid-372714
---ebpf-pid----372714----pid-5476
---ebpf-pid----372714----pid-1
---ebpf-pid----372714----pid-372714
---ebpf-pid----372714----pid-5476
---ebpf-pid----372714----pid-1
---ebpf-pid----372714----pid-372714
---ebpf-pid----372714----pid-5476
---ebpf-pid----372714----pid-1
---ebpf-pid----372714----pid-372714
---ebpf-pid----372714----pid-5476
---ebpf-pid----372714----pid-1
---ebpf-pid----372714----pid-372714
---ebpf-pid----372714----pid-5476
---ebpf-pid----372714----pid-1
---ebpf-pid----372714----pid-372714
---ebpf-pid----372714----pid-5476
---ebpf-pid----372714----pid-1
---ebpf-pid----372714----pid-372714
---ebpf-pid----372714----pid-5476
---ebpf-pid----372714----pid-1
---ebpf-pid----372714----pid-372714
---ebpf-pid----372714----pid-5476
---ebpf-pid----372714----pid-1
---ebpf-pid----372714----pid-372714
---ebpf-pid----372714----pid-5476
---ebpf-pid----372714----pid-1
---ebpf-pid----372714----pid-372714
---ebpf-pid----372714----pid-5476
---ebpf-pid----372714----pid-1
---ebpf-pid----372714----pid-372714
---ebpf-pid----372714----pid-5476
Failed to get process information for PID 0
Failed to get process information for PID 0
Failed to get process information for PID 0
---ebpf-pid----372714----pid-1
---ebpf-pid----372714----pid-372714
---ebpf-pid----372714----pid-5476
---ebpf-pid----372714----pid-1
---ebpf-pid----372714----pid-372714
---ebpf-pid----372714----pid-5476
---ebpf-pid----372714----pid-1
---ebpf-pid----372714----pid-372714
---ebpf-pid----372714----pid-5476
---ebpf-pid----372714----pid-1
---ebpf-pid----372714----pid-372714
---ebpf-pid----372714----pid-5476
---ebpf-pid----372714----pid-1
---ebpf-pid----372714----pid-372714
---ebpf-pid----372714----pid-5476
---ebpf-pid----372714----pid-1
---ebpf-pid----372714----pid-372714
---ebpf-pid----372714----pid-5476
---ebpf-pid----372714----pid-1
---ebpf-pid----448546----pid-448546
---ebpf-pid----448546----pid-1
Failed to get process information for PID 0
---ebpf-pid----372714----pid-372714
---ebpf-pid----372714----pid-5476
---ebpf-pid----372714----pid-1
---ebpf-pid----372714----pid-372714
---ebpf-pid----372714----pid-5476
---ebpf-pid----372714----pid-1
---ebpf-pid----372714----pid-372714
---ebpf-pid----372714----pid-5476
---ebpf-pid----372714----pid-1
---ebpf-pid----372714----pid-372714
---ebpf-pid----372714----pid-5476
---ebpf-pid----372714----pid-1
---ebpf-pid----372714----pid-372714
---ebpf-pid----372714----pid-5476
---ebpf-pid----372714----pid-1
---ebpf-pid----372714----pid-372714
---ebpf-pid----372714----pid-5476
---ebpf-pid----372714----pid-1
---ebpf-pid----372714----pid-372714
---ebpf-pid----372714----pid-5476
---ebpf-pid----372714----pid-1
---ebpf-pid----372714----pid-372714
---ebpf-pid----372714----pid-5476
---ebpf-pid----372714----pid-1
---ebpf-pid----372714----pid-372714
---ebpf-pid----372714----pid-5476
---ebpf-pid----372714----pid-1
---ebpf-pid----372714----pid-372714
---ebpf-pid----372714----pid-5476
---ebpf-pid----372714----pid-1
---ebpf-pid----372714----pid-372714
Failed to get process information for PID 0
---ebpf-pid----372714----pid-5476
---ebpf-pid----372714----pid-1
---ebpf-pid----372714----pid-372714
---ebpf-pid----372714----pid-5476
---ebpf-pid----372714----pid-1
---ebpf-pid----372714----pid-372714
---ebpf-pid----372714----pid-5476
---ebpf-pid----372714----pid-1
---ebpf-pid----372714----pid-372714
---ebpf-pid----372714----pid-5476
---ebpf-pid----372714----pid-1
---ebpf-pid----372714----pid-372714
---ebpf-pid----372714----pid-5476
---ebpf-pid----372714----pid-1
---ebpf-pid----372714----pid-372714
---ebpf-pid----372714----pid-5476
---ebpf-pid----372714----pid-1
---ebpf-pid----372714----pid-372714
---ebpf-pid----372714----pid-5476
---ebpf-pid----372714----pid-1
---ebpf-pid----2089----pid-2089
---ebpf-pid----2089----pid-1
---ebpf-pid----372714----pid-372714
---ebpf-pid----372714----pid-5476
---ebpf-pid----372714----pid-1
---ebpf-pid----372714----pid-372714
---ebpf-pid----372714----pid-5476
---ebpf-pid----372714----pid-1
---ebpf-pid----372714----pid-372714
---ebpf-pid----372714----pid-5476
---ebpf-pid----372714----pid-1
---ebpf-pid----372714----pid-372714
---ebpf-pid----372714----pid-5476
---ebpf-pid----372714----pid-1
---ebpf-pid----372714----pid-372714
---ebpf-pid----372714----pid-5476
---ebpf-pid----372714----pid-1
---ebpf-pid----7312----pid-7312
---ebpf-pid----7312----pid-1
---ebpf-pid----2089----pid-2089
---ebpf-pid----2089----pid-1
---ebpf-pid----2089----pid-2089
---ebpf-pid----2089----pid-1
---ebpf-pid----2089----pid-2089
---ebpf-pid----2089----pid-1
---ebpf-pid----2089----pid-2089
---ebpf-pid----2089----pid-1
---ebpf-pid----2089----pid-2089
---ebpf-pid----2089----pid-1
---ebpf-pid----2089----pid-2089
---ebpf-pid----2089----pid-1
---ebpf-pid----2089----pid-2089
---ebpf-pid----2089----pid-1
---ebpf-pid----2089----pid-2089
---ebpf-pid----2089----pid-1
---ebpf-pid----2089----pid-2089
---ebpf-pid----2089----pid-1
---ebpf-pid----2089----pid-2089
---ebpf-pid----2089----pid-1
---ebpf-pid----2089----pid-2089
---ebpf-pid----2089----pid-1
---ebpf-pid----2089----pid-2089
---ebpf-pid----2089----pid-1
---ebpf-pid----2089----pid-2089
---ebpf-pid----2089----pid-1
---ebpf-pid----2089----pid-2089
---ebpf-pid----2089----pid-1
---ebpf-pid----2089----pid-2089
---ebpf-pid----2089----pid-1
---ebpf-pid----2089----pid-2089
---ebpf-pid----2089----pid-1
---ebpf-pid----5707----pid-5707
---ebpf-pid----5707----pid-5476
---ebpf-pid----5707----pid-1
---ebpf-pid----2089----pid-2089
---ebpf-pid----2089----pid-1
---ebpf-pid----5638----pid-5638
---ebpf-pid----5638----pid-1
---ebpf-pid----5638----pid-5638
---ebpf-pid----5638----pid-1
---ebpf-pid----5638----pid-5638
---ebpf-pid----5638----pid-1
---ebpf-pid----2088----pid-2088
---ebpf-pid----2088----pid-1
---ebpf-pid----2088----pid-2088
---ebpf-pid----2088----pid-1
---ebpf-pid----2088----pid-2088
---ebpf-pid----2088----pid-1
---ebpf-pid----2088----pid-2088
---ebpf-pid----2088----pid-1
---ebpf-pid----2088----pid-2088
---ebpf-pid----2088----pid-1
---ebpf-pid----2088----pid-2088
---ebpf-pid----2088----pid-1
---ebpf-pid----2088----pid-2088
---ebpf-pid----2088----pid-1
---ebpf-pid----448783----pid-448783
---ebpf-pid----448783----pid-448520
---ebpf-pid----448783----pid-1
---ebpf-pid----2088----pid-2088
---ebpf-pid----2088----pid-1
---ebpf-pid----2088----pid-2088
---ebpf-pid----2088----pid-1
---ebpf-pid----2088----pid-2088
---ebpf-pid----2088----pid-1
---ebpf-pid----2088----pid-2088
---ebpf-pid----2088----pid-1
---ebpf-pid----2088----pid-2088
---ebpf-pid----2088----pid-1
---ebpf-pid----2088----pid-2088
---ebpf-pid----2088----pid-1
---ebpf-pid----7312----pid-7312
---ebpf-pid----7312----pid-1
---ebpf-pid----7313----pid-7313
---ebpf-pid----7313----pid-1
---ebpf-pid----5707----pid-5707
---ebpf-pid----5707----pid-5476
---ebpf-pid----5707----pid-1
---ebpf-pid----6671----pid-6671
---ebpf-pid----6671----pid-5476
---ebpf-pid----6671----pid-1
---ebpf-pid----6671----pid-6671
---ebpf-pid----6671----pid-5476
---ebpf-pid----6671----pid-1
---ebpf-pid----5707----pid-5707
---ebpf-pid----5707----pid-5476
---ebpf-pid----5707----pid-1
---ebpf-pid----5707----pid-5707
---ebpf-pid----5707----pid-5476
---ebpf-pid----5707----pid-1
---ebpf-pid----5707----pid-5707
---ebpf-pid----5707----pid-5476
---ebpf-pid----5707----pid-1
---ebpf-pid----448783----pid-448783
---ebpf-pid----448783----pid-448520
---ebpf-pid----448783----pid-1
---ebpf-pid----448783----pid-448783
---ebpf-pid----448783----pid-448520
---ebpf-pid----448783----pid-1
---ebpf-pid----448783----pid-448783
---ebpf-pid----448783----pid-448520
---ebpf-pid----448783----pid-1
---ebpf-pid----2088----pid-2088
---ebpf-pid----2088----pid-1
---ebpf-pid----2088----pid-2088
---ebpf-pid----2088----pid-1
---ebpf-pid----2088----pid-2088
---ebpf-pid----2088----pid-1
---ebpf-pid----2088----pid-2088
---ebpf-pid----2088----pid-1
---ebpf-pid----2012----pid-2012
---ebpf-pid----2012----pid-1
---ebpf-pid----2012----pid-2012
---ebpf-pid----2012----pid-1
---ebpf-pid----2012----pid-2012
---ebpf-pid----2012----pid-1
---ebpf-pid----2012----pid-2012
---ebpf-pid----2012----pid-1
---ebpf-pid----2012----pid-2012
---ebpf-pid----2012----pid-1
---ebpf-pid----2012----pid-2012
---ebpf-pid----2012----pid-1
---ebpf-pid----2012----pid-2012
---ebpf-pid----2012----pid-1
---ebpf-pid----448783----pid-448783
---ebpf-pid----448783----pid-448520
---ebpf-pid----448783----pid-1
---ebpf-pid----448783----pid-448783
---ebpf-pid----448783----pid-448520
---ebpf-pid----448783----pid-1
---ebpf-pid----448783----pid-448783
---ebpf-pid----448783----pid-448520
---ebpf-pid----448783----pid-1
---ebpf-pid----448783----pid-448783
---ebpf-pid----448783----pid-448520
---ebpf-pid----448783----pid-1
---ebpf-pid----448783----pid-448783
---ebpf-pid----448783----pid-448520
---ebpf-pid----448783----pid-1
---ebpf-pid----448783----pid-448783
---ebpf-pid----448783----pid-448520
---ebpf-pid----448783----pid-1
---ebpf-pid----448783----pid-448783
---ebpf-pid----448783----pid-448520
---ebpf-pid----448783----pid-1
---ebpf-pid----372714----pid-372714
---ebpf-pid----372714----pid-5476
---ebpf-pid----372714----pid-1
---ebpf-pid----372714----pid-372714
---ebpf-pid----372714----pid-5476
---ebpf-pid----372714----pid-1
---ebpf-pid----372714----pid-372714
---ebpf-pid----372714----pid-5476
---ebpf-pid----372714----pid-1
---ebpf-pid----2088----pid-2088
---ebpf-pid----2088----pid-1
---ebpf-pid----2088----pid-2088
---ebpf-pid----2088----pid-1
---ebpf-pid----372714----pid-372714
---ebpf-pid----372714----pid-5476
---ebpf-pid----372714----pid-1
---ebpf-pid----372714----pid-372714
---ebpf-pid----372714----pid-5476
---ebpf-pid----372714----pid-1
---ebpf-pid----372714----pid-372714
---ebpf-pid----372714----pid-5476
---ebpf-pid----372714----pid-1
---ebpf-pid----372714----pid-372714
---ebpf-pid----372714----pid-5476
---ebpf-pid----372714----pid-1
---ebpf-pid----372714----pid-372714
---ebpf-pid----372714----pid-5476
---ebpf-pid----372714----pid-1
---ebpf-pid----372714----pid-372714
---ebpf-pid----372714----pid-5476
---ebpf-pid----372714----pid-1
---ebpf-pid----372714----pid-372714
---ebpf-pid----372714----pid-5476
---ebpf-pid----372714----pid-1
---ebpf-pid----448783----pid-448783
---ebpf-pid----448783----pid-448520
---ebpf-pid----448783----pid-1
---ebpf-pid----448783----pid-448783
---ebpf-pid----448783----pid-448520
---ebpf-pid----448783----pid-1
---ebpf-pid----448783----pid-448783
---ebpf-pid----448783----pid-448520
---ebpf-pid----448783----pid-1
---ebpf-pid----448783----pid-448783
---ebpf-pid----448783----pid-448520
---ebpf-pid----448783----pid-1
---ebpf-pid----448783----pid-448783
---ebpf-pid----448783----pid-448520
---ebpf-pid----448783----pid-1
---ebpf-pid----448783----pid-448783
---ebpf-pid----448783----pid-448520
---ebpf-pid----448783----pid-1
---ebpf-pid----448783----pid-448783
---ebpf-pid----448783----pid-448520
---ebpf-pid----448783----pid-1
---ebpf-pid----372714----pid-372714
---ebpf-pid----372714----pid-5476
---ebpf-pid----372714----pid-1
---ebpf-pid----372714----pid-372714
---ebpf-pid----372714----pid-5476
---ebpf-pid----372714----pid-1
---ebpf-pid----372714----pid-372714
---ebpf-pid----372714----pid-5476
---ebpf-pid----372714----pid-1
---ebpf-pid----372714----pid-372714
---ebpf-pid----372714----pid-5476
---ebpf-pid----372714----pid-1
---ebpf-pid----372714----pid-372714
---ebpf-pid----372714----pid-5476
---ebpf-pid----372714----pid-1
---ebpf-pid----372714----pid-372714
---ebpf-pid----372714----pid-5476
---ebpf-pid----372714----pid-1
---ebpf-pid----372714----pid-372714
---ebpf-pid----372714----pid-5476
---ebpf-pid----372714----pid-1
---ebpf-pid----372714----pid-372714
---ebpf-pid----372714----pid-5476
---ebpf-pid----372714----pid-1
---ebpf-pid----372714----pid-372714
---ebpf-pid----372714----pid-5476
---ebpf-pid----372714----pid-1
---ebpf-pid----372714----pid-372714
---ebpf-pid----372714----pid-5476
---ebpf-pid----372714----pid-1
---ebpf-pid----372714----pid-372714
---ebpf-pid----372714----pid-5476
---ebpf-pid----372714----pid-1
---ebpf-pid----372714----pid-372714
---ebpf-pid----372714----pid-5476
---ebpf-pid----372714----pid-1
---ebpf-pid----372714----pid-372714
---ebpf-pid----372714----pid-5476
---ebpf-pid----372714----pid-1
---ebpf-pid----372714----pid-372714
---ebpf-pid----372714----pid-5476
---ebpf-pid----372714----pid-1
---ebpf-pid----372714----pid-372714
---ebpf-pid----372714----pid-5476
---ebpf-pid----372714----pid-1
---ebpf-pid----372714----pid-372714
---ebpf-pid----372714----pid-5476
---ebpf-pid----372714----pid-1
---ebpf-pid----372714----pid-372714
---ebpf-pid----372714----pid-5476
---ebpf-pid----372714----pid-1
---ebpf-pid----372714----pid-372714
---ebpf-pid----372714----pid-5476
---ebpf-pid----372714----pid-1
---ebpf-pid----372714----pid-372714
---ebpf-pid----372714----pid-5476
---ebpf-pid----372714----pid-1
---ebpf-pid----372714----pid-372714
---ebpf-pid----372714----pid-5476
---ebpf-pid----372714----pid-1
---ebpf-pid----372714----pid-372714
---ebpf-pid----372714----pid-5476
---ebpf-pid----372714----pid-1
---ebpf-pid----372714----pid-372714
---ebpf-pid----372714----pid-5476
---ebpf-pid----372714----pid-1
---ebpf-pid----5638----pid-5638
---ebpf-pid----5638----pid-1
---ebpf-pid----2089----pid-2089
---ebpf-pid----2089----pid-1
---ebpf-pid----2089----pid-2089
---ebpf-pid----2089----pid-1
---ebpf-pid----2089----pid-2089
---ebpf-pid----2089----pid-1
---ebpf-pid----2089----pid-2089
---ebpf-pid----2089----pid-1
---ebpf-pid----5638----pid-5638
---ebpf-pid----5638----pid-1
---ebpf-pid----5638----pid-5638
---ebpf-pid----5638----pid-1
---ebpf-pid----2089----pid-2089
---ebpf-pid----2089----pid-1
---ebpf-pid----2089----pid-2089
---ebpf-pid----2089----pid-1
---ebpf-pid----372881----pid-372881
---ebpf-pid----372881----pid-1
---ebpf-pid----372881----pid-372881
---ebpf-pid----372881----pid-1
---ebpf-pid----372881----pid-372881
---ebpf-pid----372881----pid-1
---ebpf-pid----372881----pid-372881
---ebpf-pid----372881----pid-1
---ebpf-pid----372881----pid-372881
---ebpf-pid----372881----pid-1
---ebpf-pid----372881----pid-372881
---ebpf-pid----372881----pid-1
---ebpf-pid----372881----pid-372881
---ebpf-pid----372881----pid-1
---ebpf-pid----372881----pid-372881
---ebpf-pid----372881----pid-1
---ebpf-pid----372881----pid-372881
---ebpf-pid----372881----pid-1
---ebpf-pid----2089----pid-2089
---ebpf-pid----2089----pid-1
---ebpf-pid----2089----pid-2089
---ebpf-pid----2089----pid-1
---ebpf-pid----2089----pid-2089
---ebpf-pid----2089----pid-1
---ebpf-pid----2089----pid-2089
---ebpf-pid----2089----pid-1
---ebpf-pid----2089----pid-2089
---ebpf-pid----2089----pid-1
---ebpf-pid----2089----pid-2089
---ebpf-pid----2089----pid-1
---ebpf-pid----6671----pid-6671
---ebpf-pid----6671----pid-5476
---ebpf-pid----6671----pid-1
Failed to get process information for PID 0
---ebpf-pid----6671----pid-6671
---ebpf-pid----6671----pid-5476
---ebpf-pid----6671----pid-1
---ebpf-pid----6671----pid-6671
---ebpf-pid----6671----pid-5476
---ebpf-pid----6671----pid-1
---ebpf-pid----6671----pid-6671
---ebpf-pid----6671----pid-5476
---ebpf-pid----6671----pid-1
---ebpf-pid----6671----pid-6671
---ebpf-pid----6671----pid-5476
---ebpf-pid----6671----pid-1
---ebpf-pid----6671----pid-6671
---ebpf-pid----6671----pid-5476
---ebpf-pid----6671----pid-1
---ebpf-pid----6671----pid-6671
---ebpf-pid----6671----pid-5476
---ebpf-pid----6671----pid-1
---ebpf-pid----6671----pid-6671
---ebpf-pid----6671----pid-5476
---ebpf-pid----6671----pid-1
---ebpf-pid----7312----pid-7312
---ebpf-pid----7312----pid-1
---ebpf-pid----6671----pid-6671
---ebpf-pid----6671----pid-5476
---ebpf-pid----6671----pid-1
---ebpf-pid----6671----pid-6671
---ebpf-pid----6671----pid-5476
---ebpf-pid----6671----pid-1
---ebpf-pid----6671----pid-6671
---ebpf-pid----6671----pid-5476
---ebpf-pid----6671----pid-1
---ebpf-pid----2012----pid-2012
---ebpf-pid----2012----pid-1
---ebpf-pid----6671----pid-6671
---ebpf-pid----6671----pid-5476
---ebpf-pid----6671----pid-1
---ebpf-pid----6671----pid-6671
---ebpf-pid----6671----pid-5476
---ebpf-pid----6671----pid-1
---ebpf-pid----6671----pid-6671
---ebpf-pid----6671----pid-5476
---ebpf-pid----6671----pid-1
---ebpf-pid----6671----pid-6671
---ebpf-pid----6671----pid-5476
---ebpf-pid----6671----pid-1
---ebpf-pid----6671----pid-6671
---ebpf-pid----6671----pid-5476
---ebpf-pid----6671----pid-1
---ebpf-pid----6671----pid-6671
---ebpf-pid----6671----pid-5476
---ebpf-pid----6671----pid-1
---ebpf-pid----6671----pid-6671
---ebpf-pid----6671----pid-5476
---ebpf-pid----6671----pid-1
---ebpf-pid----2012----pid-2012
---ebpf-pid----2012----pid-1
---ebpf-pid----2012----pid-2012
---ebpf-pid----2012----pid-1
---ebpf-pid----2012----pid-2012
---ebpf-pid----2012----pid-1
---ebpf-pid----5614----pid-5614
---ebpf-pid----5614----pid-1
---ebpf-pid----2088----pid-2088
---ebpf-pid----2088----pid-1
---ebpf-pid----2088----pid-2088
---ebpf-pid----2088----pid-1
---ebpf-pid----2088----pid-2088
---ebpf-pid----2088----pid-1
---ebpf-pid----2088----pid-2088
---ebpf-pid----2088----pid-1
---ebpf-pid----372714----pid-372714
---ebpf-pid----372714----pid-5476
---ebpf-pid----372714----pid-1
---ebpf-pid----372714----pid-372714
---ebpf-pid----372714----pid-5476
---ebpf-pid----372714----pid-1
---ebpf-pid----372714----pid-372714
---ebpf-pid----372714----pid-5476
---ebpf-pid----372714----pid-1
---ebpf-pid----2088----pid-2088
---ebpf-pid----2088----pid-1
---ebpf-pid----2012----pid-2012
---ebpf-pid----2012----pid-1
---ebpf-pid----2012----pid-2012
---ebpf-pid----2012----pid-1
---ebpf-pid----372714----pid-372714
---ebpf-pid----372714----pid-5476
---ebpf-pid----372714----pid-1
---ebpf-pid----372714----pid-372714
---ebpf-pid----372714----pid-5476
---ebpf-pid----372714----pid-1
---ebpf-pid----372714----pid-372714
Failed to get process information for PID 0
---ebpf-pid----372714----pid-5476
---ebpf-pid----372714----pid-1
---ebpf-pid----372714----pid-372714
---ebpf-pid----372714----pid-5476
---ebpf-pid----372714----pid-1
---ebpf-pid----372881----pid-372881
---ebpf-pid----372881----pid-1
---ebpf-pid----372881----pid-372881
---ebpf-pid----372881----pid-1
---ebpf-pid----372881----pid-372881
---ebpf-pid----372881----pid-1
---ebpf-pid----372714----pid-372714
---ebpf-pid----372714----pid-5476
---ebpf-pid----372714----pid-1
---ebpf-pid----372714----pid-372714
---ebpf-pid----372714----pid-5476
---ebpf-pid----372714----pid-1
---ebpf-pid----2029----pid-2029
---ebpf-pid----2029----pid-1
---ebpf-pid----2029----pid-2029
---ebpf-pid----2029----pid-1
---ebpf-pid----2029----pid-2029
---ebpf-pid----2029----pid-1
---ebpf-pid----372714----pid-372714
---ebpf-pid----372714----pid-5476
---ebpf-pid----372714----pid-1
---ebpf-pid----5705----pid-5705
---ebpf-pid----5705----pid-5476
---ebpf-pid----5705----pid-1
---ebpf-pid----5705----pid-5705
---ebpf-pid----5705----pid-5476
---ebpf-pid----5705----pid-1
---ebpf-pid----448783----pid-448783
---ebpf-pid----448783----pid-448520
---ebpf-pid----448783----pid-1
---ebpf-pid----448783----pid-448783
---ebpf-pid----448783----pid-448520
---ebpf-pid----448783----pid-1
---ebpf-pid----5707----pid-5707
---ebpf-pid----5707----pid-5476
---ebpf-pid----5707----pid-1
---ebpf-pid----5707----pid-5707
---ebpf-pid----5707----pid-5476
---ebpf-pid----5707----pid-1
---ebpf-pid----5707----pid-5707
---ebpf-pid----5707----pid-5476
---ebpf-pid----5707----pid-1
---ebpf-pid----5707----pid-5707
---ebpf-pid----5707----pid-5476
---ebpf-pid----5707----pid-1
---ebpf-pid----6671----pid-6671
---ebpf-pid----6671----pid-5476
---ebpf-pid----6671----pid-1
---ebpf-pid----6671----pid-6671
---ebpf-pid----6671----pid-5476
---ebpf-pid----6671----pid-1
---ebpf-pid----448783----pid-448783
---ebpf-pid----448783----pid-448520
---ebpf-pid----448783----pid-1
---ebpf-pid----5707----pid-5707
---ebpf-pid----5707----pid-5476
---ebpf-pid----5707----pid-1
---ebpf-pid----5707----pid-5707
---ebpf-pid----5707----pid-5476
---ebpf-pid----5707----pid-1
---ebpf-pid----5707----pid-5707
---ebpf-pid----5707----pid-5476
---ebpf-pid----5707----pid-1
---ebpf-pid----5707----pid-5707
---ebpf-pid----5707----pid-5476
---ebpf-pid----5707----pid-1
---ebpf-pid----5707----pid-5707
---ebpf-pid----5707----pid-5476
---ebpf-pid----5707----pid-1
---ebpf-pid----5707----pid-5707
---ebpf-pid----5707----pid-5476
---ebpf-pid----5707----pid-1
---ebpf-pid----5707----pid-5707
---ebpf-pid----5707----pid-5476
---ebpf-pid----5707----pid-1
---ebpf-pid----5707----pid-5707
Failed to get process information for PID 0
---ebpf-pid----5707----pid-5476
---ebpf-pid----5707----pid-1
---ebpf-pid----5707----pid-5707
---ebpf-pid----5707----pid-5476
---ebpf-pid----5707----pid-1
---ebpf-pid----5707----pid-5707
---ebpf-pid----5707----pid-5476
---ebpf-pid----5707----pid-1
---ebpf-pid----5707----pid-5707
---ebpf-pid----5707----pid-5476
---ebpf-pid----5707----pid-1
---ebpf-pid----5707----pid-5707
---ebpf-pid----5707----pid-5476
---ebpf-pid----5707----pid-1
---ebpf-pid----5707----pid-5707
---ebpf-pid----5707----pid-5476
---ebpf-pid----5707----pid-1
---ebpf-pid----5707----pid-5707
---ebpf-pid----5707----pid-5476
---ebpf-pid----5707----pid-1
---ebpf-pid----5707----pid-5707
---ebpf-pid----5707----pid-5476
---ebpf-pid----5707----pid-1
---ebpf-pid----5707----pid-5707
---ebpf-pid----5707----pid-5476
---ebpf-pid----5707----pid-1
---ebpf-pid----5707----pid-5707
---ebpf-pid----5707----pid-5476
---ebpf-pid----5707----pid-1
---ebpf-pid----5707----pid-5707
---ebpf-pid----5707----pid-5476
---ebpf-pid----5707----pid-1
---ebpf-pid----5707----pid-5707
---ebpf-pid----5707----pid-5476
---ebpf-pid----5707----pid-1
---ebpf-pid----5707----pid-5707
---ebpf-pid----5707----pid-5476
---ebpf-pid----5707----pid-1
---ebpf-pid----5707----pid-5707
---ebpf-pid----5707----pid-5476
---ebpf-pid----5707----pid-1
---ebpf-pid----5707----pid-5707
---ebpf-pid----5707----pid-5476
---ebpf-pid----5707----pid-1
---ebpf-pid----5707----pid-5707
---ebpf-pid----5707----pid-5476
---ebpf-pid----5707----pid-1
---ebpf-pid----5707----pid-5707
---ebpf-pid----5707----pid-5476
---ebpf-pid----5707----pid-1
---ebpf-pid----5707----pid-5707
---ebpf-pid----5707----pid-5476
---ebpf-pid----5707----pid-1
---ebpf-pid----5707----pid-5707
---ebpf-pid----5707----pid-5476
---ebpf-pid----5707----pid-1
---ebpf-pid----5707----pid-5707
---ebpf-pid----5707----pid-5476
---ebpf-pid----5707----pid-1
---ebpf-pid----5707----pid-5707
---ebpf-pid----5707----pid-5476
---ebpf-pid----5707----pid-1
---ebpf-pid----5707----pid-5707
---ebpf-pid----5707----pid-5476
---ebpf-pid----5707----pid-1
---ebpf-pid----5707----pid-5707
---ebpf-pid----5707----pid-5476
---ebpf-pid----5707----pid-1
---ebpf-pid----5707----pid-5707
---ebpf-pid----5707----pid-5476
---ebpf-pid----5707----pid-1
---ebpf-pid----5707----pid-5707
---ebpf-pid----5707----pid-5476
---ebpf-pid----5707----pid-1
---ebpf-pid----5707----pid-5707
---ebpf-pid----5707----pid-5476
---ebpf-pid----5707----pid-1
---ebpf-pid----5707----pid-5707
---ebpf-pid----5707----pid-5476
---ebpf-pid----5707----pid-1
---ebpf-pid----5707----pid-5707
---ebpf-pid----5707----pid-5476
---ebpf-pid----5707----pid-1
---ebpf-pid----5707----pid-5707
---ebpf-pid----5707----pid-5476
---ebpf-pid----5707----pid-1
---ebpf-pid----6671----pid-6671
---ebpf-pid----6671----pid-5476
---ebpf-pid----6671----pid-1
---ebpf-pid----372881----pid-372881
---ebpf-pid----372881----pid-1
---ebpf-pid----372881----pid-372881
---ebpf-pid----372881----pid-1
---ebpf-pid----372881----pid-372881
---ebpf-pid----372881----pid-1
---ebpf-pid----372881----pid-372881
---ebpf-pid----372881----pid-1
---ebpf-pid----372881----pid-372881
---ebpf-pid----372881----pid-1
---ebpf-pid----372881----pid-372881
---ebpf-pid----372881----pid-1
---ebpf-pid----372881----pid-372881
---ebpf-pid----372881----pid-1
---ebpf-pid----372881----pid-372881
---ebpf-pid----372881----pid-1
---ebpf-pid----372881----pid-372881
---ebpf-pid----372881----pid-1
---ebpf-pid----448522----pid-448522
---ebpf-pid----448522----pid-1
---ebpf-pid----448522----pid-448522
---ebpf-pid----448522----pid-1
---ebpf-pid----448522----pid-448522
---ebpf-pid----448522----pid-1
---ebpf-pid----5637----pid-5637
---ebpf-pid----5637----pid-1
---ebpf-pid----5707----pid-5707
---ebpf-pid----5707----pid-5476
---ebpf-pid----5707----pid-1
---ebpf-pid----5707----pid-5707
---ebpf-pid----5707----pid-5476
---ebpf-pid----5707----pid-1
---ebpf-pid----5707----pid-5707
---ebpf-pid----5707----pid-5476
---ebpf-pid----5707----pid-1
---ebpf-pid----5707----pid-5707
---ebpf-pid----5707----pid-5476
---ebpf-pid----5707----pid-1
---ebpf-pid----5707----pid-5707
---ebpf-pid----5707----pid-5476
---ebpf-pid----5707----pid-1
---ebpf-pid----5707----pid-5707
---ebpf-pid----5707----pid-5476
---ebpf-pid----5707----pid-1
---ebpf-pid----5707----pid-5707
---ebpf-pid----5707----pid-5476
---ebpf-pid----5707----pid-1
---ebpf-pid----5707----pid-5707
---ebpf-pid----5707----pid-5476
---ebpf-pid----5707----pid-1
---ebpf-pid----389819----pid-389819
---ebpf-pid----389819----pid-389208
---ebpf-pid----389819----pid-1
---ebpf-pid----389807----pid-389807
---ebpf-pid----389807----pid-389208
---ebpf-pid----389807----pid-1
---ebpf-pid----448522----pid-448522
---ebpf-pid----448522----pid-1
---ebpf-pid----5614----pid-5614
---ebpf-pid----5614----pid-1
---ebpf-pid----5614----pid-5614
---ebpf-pid----5614----pid-1
---ebpf-pid----372714----pid-372714
---ebpf-pid----372714----pid-5476
---ebpf-pid----372714----pid-1
---ebpf-pid----372714----pid-372714
---ebpf-pid----372714----pid-5476
---ebpf-pid----372714----pid-1
---ebpf-pid----372714----pid-372714
---ebpf-pid----372714----pid-5476
---ebpf-pid----372714----pid-1
---ebpf-pid----372714----pid-372714
---ebpf-pid----372714----pid-5476
---ebpf-pid----372714----pid-1
---ebpf-pid----372714----pid-372714
---ebpf-pid----372714----pid-5476
---ebpf-pid----372714----pid-1
---ebpf-pid----372714----pid-372714
---ebpf-pid----372714----pid-5476
---ebpf-pid----372714----pid-1
---ebpf-pid----372714----pid-372714
---ebpf-pid----372714----pid-5476
---ebpf-pid----372714----pid-1
---ebpf-pid----372714----pid-372714
---ebpf-pid----372714----pid-5476
---ebpf-pid----372714----pid-1
---ebpf-pid----372714----pid-372714
---ebpf-pid----372714----pid-5476
---ebpf-pid----372714----pid-1
---ebpf-pid----372714----pid-372714
---ebpf-pid----372714----pid-5476
---ebpf-pid----372714----pid-1
---ebpf-pid----372714----pid-372714
---ebpf-pid----372714----pid-5476
---ebpf-pid----372714----pid-1
---ebpf-pid----372714----pid-372714
---ebpf-pid----372714----pid-5476
---ebpf-pid----372714----pid-1
---ebpf-pid----372714----pid-372714
---ebpf-pid----372714----pid-5476
---ebpf-pid----372714----pid-1
---ebpf-pid----372714----pid-372714
---ebpf-pid----372714----pid-5476
---ebpf-pid----372714----pid-1
---ebpf-pid----372714----pid-372714
---ebpf-pid----372714----pid-5476
---ebpf-pid----372714----pid-1
---ebpf-pid----372714----pid-372714
---ebpf-pid----372714----pid-5476
---ebpf-pid----372714----pid-1
---ebpf-pid----372714----pid-372714
---ebpf-pid----372714----pid-5476
---ebpf-pid----372714----pid-1
---ebpf-pid----372714----pid-372714
---ebpf-pid----372714----pid-5476
---ebpf-pid----372714----pid-1
---ebpf-pid----372714----pid-372714
---ebpf-pid----372714----pid-5476
---ebpf-pid----372714----pid-1
---ebpf-pid----372714----pid-372714
---ebpf-pid----372714----pid-5476
---ebpf-pid----372714----pid-1
---ebpf-pid----2012----pid-2012
---ebpf-pid----2012----pid-1
---ebpf-pid----2012----pid-2012
---ebpf-pid----2012----pid-1
---ebpf-pid----372714----pid-372714
---ebpf-pid----372714----pid-5476
---ebpf-pid----372714----pid-1
---ebpf-pid----372714----pid-372714
---ebpf-pid----372714----pid-5476
---ebpf-pid----372714----pid-1
---ebpf-pid----372714----pid-372714
---ebpf-pid----372714----pid-5476
---ebpf-pid----372714----pid-1
---ebpf-pid----372714----pid-372714
---ebpf-pid----372714----pid-5476
---ebpf-pid----372714----pid-1
---ebpf-pid----5707----pid-5707
---ebpf-pid----5707----pid-5476
---ebpf-pid----5707----pid-1
---ebpf-pid----5707----pid-5707
---ebpf-pid----5707----pid-5476
---ebpf-pid----5707----pid-1
---ebpf-pid----372714----pid-372714
---ebpf-pid----372714----pid-5476
---ebpf-pid----372714----pid-1
---ebpf-pid----5614----pid-5614
---ebpf-pid----5614----pid-1
---ebpf-pid----5705----pid-5705
---ebpf-pid----5705----pid-5476
---ebpf-pid----5705----pid-1
---ebpf-pid----5705----pid-5705
---ebpf-pid----5705----pid-5476
---ebpf-pid----5705----pid-1
---ebpf-pid----5705----pid-5705
---ebpf-pid----5705----pid-5476
---ebpf-pid----5705----pid-1
---ebpf-pid----5705----pid-5705
---ebpf-pid----5705----pid-5476
---ebpf-pid----5705----pid-1
---ebpf-pid----5705----pid-5705
---ebpf-pid----5705----pid-5476
---ebpf-pid----5705----pid-1
---ebpf-pid----5705----pid-5705
---ebpf-pid----5705----pid-5476
---ebpf-pid----5705----pid-1
---ebpf-pid----5614----pid-5614
---ebpf-pid----5614----pid-1
---ebpf-pid----2029----pid-2029
---ebpf-pid----2029----pid-1
---ebpf-pid----2029----pid-2029
---ebpf-pid----2029----pid-1
---ebpf-pid----2029----pid-2029
---ebpf-pid----2029----pid-1
---ebpf-pid----2029----pid-2029
---ebpf-pid----2029----pid-1
---ebpf-pid----2029----pid-2029
---ebpf-pid----2029----pid-1
---ebpf-pid----2029----pid-2029
---ebpf-pid----2029----pid-1
---ebpf-pid----2029----pid-2029
---ebpf-pid----2029----pid-1
---ebpf-pid----2029----pid-2029
---ebpf-pid----2029----pid-1
---ebpf-pid----2029----pid-2029
---ebpf-pid----2029----pid-1
---ebpf-pid----2029----pid-2029
---ebpf-pid----2029----pid-1
---ebpf-pid----372881----pid-372881
---ebpf-pid----372881----pid-1
---ebpf-pid----372881----pid-372881
---ebpf-pid----372881----pid-1
---ebpf-pid----372881----pid-372881
---ebpf-pid----372881----pid-1
---ebpf-pid----372881----pid-372881
---ebpf-pid----372881----pid-1
---ebpf-pid----5637----pid-5637
---ebpf-pid----5637----pid-1
---ebpf-pid----4716----pid-4716
---ebpf-pid----4716----pid-3323
---ebpf-pid----4716----pid-1
---ebpf-pid----4716----pid-4716
---ebpf-pid----4716----pid-3323
---ebpf-pid----4716----pid-1
---ebpf-pid----4716----pid-4716
---ebpf-pid----4716----pid-3323
---ebpf-pid----4716----pid-1
---ebpf-pid----4716----pid-4716
---ebpf-pid----4716----pid-3323
---ebpf-pid----4716----pid-1
---ebpf-pid----5707----pid-5707
---ebpf-pid----5707----pid-5476
---ebpf-pid----5707----pid-1
---ebpf-pid----5707----pid-5707
---ebpf-pid----5707----pid-5476
---ebpf-pid----5707----pid-1
---ebpf-pid----5637----pid-5637
---ebpf-pid----5637----pid-1
---ebpf-pid----2029----pid-2029
---ebpf-pid----2029----pid-1
---ebpf-pid----2029----pid-2029
---ebpf-pid----2029----pid-1
---ebpf-pid----2029----pid-2029
---ebpf-pid----2029----pid-1
---ebpf-pid----2029----pid-2029
---ebpf-pid----2029----pid-1
---ebpf-pid----2029----pid-2029
---ebpf-pid----2029----pid-1
---ebpf-pid----2029----pid-2029
---ebpf-pid----2029----pid-1
---ebpf-pid----2029----pid-2029
---ebpf-pid----2029----pid-1
---ebpf-pid----2029----pid-2029
---ebpf-pid----2029----pid-1
---ebpf-pid----2029----pid-2029
Failed to get process information for PID 0
Failed to get process information for PID 0
---ebpf-pid----2029----pid-1
---ebpf-pid----2029----pid-2029
---ebpf-pid----2029----pid-1
---ebpf-pid----2029----pid-2029
---ebpf-pid----2029----pid-1
---ebpf-pid----2029----pid-2029
---ebpf-pid----2029----pid-1
---ebpf-pid----2029----pid-2029
---ebpf-pid----2029----pid-1
---ebpf-pid----2029----pid-2029
---ebpf-pid----2029----pid-1
---ebpf-pid----2029----pid-2029
---ebpf-pid----2029----pid-1
---ebpf-pid----5707----pid-5707
---ebpf-pid----5707----pid-5476
---ebpf-pid----5707----pid-1
---ebpf-pid----372714----pid-372714
---ebpf-pid----372714----pid-5476
---ebpf-pid----372714----pid-1
---ebpf-pid----372714----pid-372714
---ebpf-pid----372714----pid-5476
---ebpf-pid----372714----pid-1
---ebpf-pid----372714----pid-372714
---ebpf-pid----372714----pid-5476
---ebpf-pid----372714----pid-1
---ebpf-pid----372714----pid-372714
---ebpf-pid----372714----pid-5476
---ebpf-pid----372714----pid-1
---ebpf-pid----372714----pid-372714
---ebpf-pid----372714----pid-5476
---ebpf-pid----372714----pid-1
---ebpf-pid----372714----pid-372714
---ebpf-pid----372714----pid-5476
---ebpf-pid----372714----pid-1
---ebpf-pid----372714----pid-372714
---ebpf-pid----372714----pid-5476
---ebpf-pid----372714----pid-1
---ebpf-pid----4716----pid-4716
---ebpf-pid----4716----pid-3323
---ebpf-pid----4716----pid-1
---ebpf-pid----372714----pid-372714
---ebpf-pid----372714----pid-5476
---ebpf-pid----372714----pid-1
---ebpf-pid----448521----pid-448521
---ebpf-pid----448521----pid-1
---ebpf-pid----5707----pid-5707
---ebpf-pid----5707----pid-5476
---ebpf-pid----5707----pid-1
---ebpf-pid----5707----pid-5707
---ebpf-pid----5707----pid-5476
---ebpf-pid----5707----pid-1
---ebpf-pid----5707----pid-5707
---ebpf-pid----5707----pid-5476
---ebpf-pid----5707----pid-1
---ebpf-pid----5707----pid-5707
Failed to get process information for PID 0
---ebpf-pid----5707----pid-5476
---ebpf-pid----5707----pid-1
---ebpf-pid----1856----pid-1856
---ebpf-pid----1856----pid-1
---ebpf-pid----1856----pid-1856
---ebpf-pid----1856----pid-1
---ebpf-pid----14----pid-14
---ebpf-pid----14----pid-2
---ebpf-pid----2089----pid-2089
---ebpf-pid----2089----pid-1
---ebpf-pid----2089----pid-2089
---ebpf-pid----2089----pid-1
---ebpf-pid----2089----pid-2089
---ebpf-pid----2089----pid-1
---ebpf-pid----4716----pid-4716
---ebpf-pid----4716----pid-3323
---ebpf-pid----4716----pid-1
---ebpf-pid----5705----pid-5705
---ebpf-pid----5705----pid-5476
---ebpf-pid----5705----pid-1
---ebpf-pid----2029----pid-2029
---ebpf-pid----2029----pid-1
---ebpf-pid----1856----pid-1856
---ebpf-pid----1856----pid-1
---ebpf-pid----2029----pid-2029
---ebpf-pid----2029----pid-1
---ebpf-pid----6671----pid-6671
---ebpf-pid----6671----pid-5476
---ebpf-pid----6671----pid-1
---ebpf-pid----6671----pid-6671
---ebpf-pid----6671----pid-5476
---ebpf-pid----6671----pid-1
---ebpf-pid----4716----pid-4716
---ebpf-pid----4716----pid-3323
---ebpf-pid----4716----pid-1
---ebpf-pid----4716----pid-4716
---ebpf-pid----4716----pid-3323
---ebpf-pid----4716----pid-1
---ebpf-pid----4716----pid-4716
---ebpf-pid----4716----pid-3323
---ebpf-pid----4716----pid-1
---ebpf-pid----4716----pid-4716
---ebpf-pid----4716----pid-3323
---ebpf-pid----4716----pid-1
---ebpf-pid----4716----pid-4716
---ebpf-pid----4716----pid-3323
---ebpf-pid----4716----pid-1
---ebpf-pid----4716----pid-4716
---ebpf-pid----4716----pid-3323
---ebpf-pid----4716----pid-1
---ebpf-pid----6671----pid-6671
---ebpf-pid----6671----pid-5476
---ebpf-pid----6671----pid-1
---ebpf-pid----6671----pid-6671
---ebpf-pid----6671----pid-5476
---ebpf-pid----6671----pid-1
---ebpf-pid----6671----pid-6671
---ebpf-pid----6671----pid-5476
---ebpf-pid----6671----pid-1
---ebpf-pid----6671----pid-6671
---ebpf-pid----6671----pid-5476
---ebpf-pid----6671----pid-1
Failed to get process information for PID 0
Failed to get process information for PID 0
---ebpf-pid----14----pid-14
---ebpf-pid----14----pid-2
---ebpf-pid----372881----pid-372881
---ebpf-pid----372881----pid-1
---ebpf-pid----372881----pid-372881
---ebpf-pid----372881----pid-1
---ebpf-pid----2010----pid-2010
---ebpf-pid----2010----pid-1
---ebpf-pid----372881----pid-372881
---ebpf-pid----372881----pid-1
---ebpf-pid----4716----pid-4716
---ebpf-pid----4716----pid-3323
---ebpf-pid----4716----pid-1
---ebpf-pid----4716----pid-4716
---ebpf-pid----4716----pid-3323
---ebpf-pid----4716----pid-1
---ebpf-pid----2089----pid-2089
---ebpf-pid----2089----pid-1
---ebpf-pid----2089----pid-2089
---ebpf-pid----2089----pid-1
---ebpf-pid----2089----pid-2089
---ebpf-pid----2089----pid-1
---ebpf-pid----2089----pid-2089
---ebpf-pid----2089----pid-1
---ebpf-pid----5703----pid-5703
---ebpf-pid----5703----pid-5476
---ebpf-pid----5703----pid-1
Failed to get process information for PID 0
---ebpf-pid----4716----pid-4716
---ebpf-pid----4716----pid-3323
---ebpf-pid----4716----pid-1
---ebpf-pid----4716----pid-4716
---ebpf-pid----4716----pid-3323
---ebpf-pid----4716----pid-1
---ebpf-pid----4716----pid-4716
---ebpf-pid----4716----pid-3323
---ebpf-pid----4716----pid-1
---ebpf-pid----4716----pid-4716
---ebpf-pid----4716----pid-3323
---ebpf-pid----4716----pid-1
---ebpf-pid----2089----pid-2089
---ebpf-pid----2089----pid-1
---ebpf-pid----2089----pid-2089
---ebpf-pid----2089----pid-1
---ebpf-pid----2089----pid-2089
---ebpf-pid----2089----pid-1
---ebpf-pid----4716----pid-4716
---ebpf-pid----4716----pid-3323
---ebpf-pid----4716----pid-1
---ebpf-pid----4716----pid-4716
---ebpf-pid----4716----pid-3323
---ebpf-pid----4716----pid-1
---ebpf-pid----5707----pid-5707
---ebpf-pid----5707----pid-5476
---ebpf-pid----5707----pid-1
---ebpf-pid----5707----pid-5707
---ebpf-pid----5707----pid-5476
---ebpf-pid----5707----pid-1
---ebpf-pid----5707----pid-5707
---ebpf-pid----5707----pid-5476
---ebpf-pid----5707----pid-1
---ebpf-pid----5707----pid-5707
---ebpf-pid----5707----pid-5476
---ebpf-pid----5707----pid-1
---ebpf-pid----2012----pid-2012
---ebpf-pid----2012----pid-1
---ebpf-pid----5638----pid-5638
---ebpf-pid----5638----pid-1
---ebpf-pid----2012----pid-2012
---ebpf-pid----2012----pid-1
---ebpf-pid----2012----pid-2012
---ebpf-pid----2012----pid-1
---ebpf-pid----2012----pid-2012
---ebpf-pid----2012----pid-1
---ebpf-pid----4716----pid-4716
---ebpf-pid----4716----pid-3323
---ebpf-pid----4716----pid-1
---ebpf-pid----4716----pid-4716
---ebpf-pid----4716----pid-3323
---ebpf-pid----4716----pid-1
---ebpf-pid----4716----pid-4716
---ebpf-pid----4716----pid-3323
---ebpf-pid----4716----pid-1
---ebpf-pid----5707----pid-5707
---ebpf-pid----5707----pid-5476
---ebpf-pid----5707----pid-1
---ebpf-pid----5707----pid-5707
---ebpf-pid----5707----pid-5476
---ebpf-pid----5707----pid-1
---ebpf-pid----5707----pid-5707
---ebpf-pid----5707----pid-5476
---ebpf-pid----5707----pid-1
---ebpf-pid----5707----pid-5707
---ebpf-pid----5707----pid-5476
---ebpf-pid----5707----pid-1
---ebpf-pid----5707----pid-5707
---ebpf-pid----5707----pid-5476
---ebpf-pid----5707----pid-1
---ebpf-pid----5707----pid-5707
---ebpf-pid----5707----pid-5476
---ebpf-pid----5707----pid-1
---ebpf-pid----5707----pid-5707
---ebpf-pid----5707----pid-5476
---ebpf-pid----5707----pid-1
---ebpf-pid----5707----pid-5707
---ebpf-pid----5707----pid-5476
---ebpf-pid----5707----pid-1
---ebpf-pid----5707----pid-5707
---ebpf-pid----5707----pid-5476
---ebpf-pid----5707----pid-1
---ebpf-pid----5707----pid-5707
---ebpf-pid----5707----pid-5476
---ebpf-pid----5707----pid-1
---ebpf-pid----5707----pid-5707
---ebpf-pid----5707----pid-5476
---ebpf-pid----5707----pid-1
---ebpf-pid----5707----pid-5707
---ebpf-pid----5707----pid-5476
---ebpf-pid----5707----pid-1
---ebpf-pid----5707----pid-5707
---ebpf-pid----5707----pid-5476
---ebpf-pid----5707----pid-1
---ebpf-pid----5707----pid-5707
---ebpf-pid----5707----pid-5476
---ebpf-pid----5707----pid-1
---ebpf-pid----5707----pid-5707
---ebpf-pid----5707----pid-5476
---ebpf-pid----5707----pid-1
---ebpf-pid----5707----pid-5707
---ebpf-pid----5707----pid-5476
---ebpf-pid----5707----pid-1
---ebpf-pid----5707----pid-5707
---ebpf-pid----5707----pid-5476
---ebpf-pid----5707----pid-1
---ebpf-pid----4716----pid-4716
---ebpf-pid----4716----pid-3323
---ebpf-pid----4716----pid-1
---ebpf-pid----4716----pid-4716
---ebpf-pid----4716----pid-3323
---ebpf-pid----4716----pid-1
Failed to get process information for PID 0
---ebpf-pid----372881----pid-372881
---ebpf-pid----372881----pid-1
---ebpf-pid----372881----pid-372881
---ebpf-pid----372881----pid-1
---ebpf-pid----372881----pid-372881
---ebpf-pid----372881----pid-1
---ebpf-pid----5707----pid-5707
---ebpf-pid----5707----pid-5476
---ebpf-pid----5707----pid-1
---ebpf-pid----5707----pid-5707
---ebpf-pid----5707----pid-5476
Failed to get process information for PID 0
Failed to get process information for PID 0
Failed to get process information for PID 0
---ebpf-pid----5707----pid-1
---ebpf-pid----5707----pid-5707
---ebpf-pid----5707----pid-5476
---ebpf-pid----5707----pid-1
---ebpf-pid----5705----pid-5705
---ebpf-pid----5705----pid-5476
---ebpf-pid----5705----pid-1
---ebpf-pid----5705----pid-5705
---ebpf-pid----5705----pid-5476
---ebpf-pid----5705----pid-1
---ebpf-pid----4716----pid-4716
---ebpf-pid----4716----pid-3323
---ebpf-pid----4716----pid-1
---ebpf-pid----4716----pid-4716
---ebpf-pid----4716----pid-3323
---ebpf-pid----4716----pid-1
---ebpf-pid----4716----pid-4716
---ebpf-pid----4716----pid-3323
---ebpf-pid----4716----pid-1
---ebpf-pid----2010----pid-2010
---ebpf-pid----2010----pid-1
---ebpf-pid----7312----pid-7312
---ebpf-pid----7312----pid-1
---ebpf-pid----4716----pid-4716
---ebpf-pid----4716----pid-3323
---ebpf-pid----4716----pid-1
---ebpf-pid----4716----pid-4716
---ebpf-pid----4716----pid-3323
---ebpf-pid----4716----pid-1
---ebpf-pid----4716----pid-4716
---ebpf-pid----4716----pid-3323
---ebpf-pid----4716----pid-1
---ebpf-pid----4716----pid-4716
---ebpf-pid----4716----pid-3323
---ebpf-pid----4716----pid-1
---ebpf-pid----2089----pid-2089
---ebpf-pid----2089----pid-1
---ebpf-pid----4716----pid-4716
---ebpf-pid----4716----pid-3323
---ebpf-pid----4716----pid-1
---ebpf-pid----4716----pid-4716
---ebpf-pid----4716----pid-3323
---ebpf-pid----4716----pid-1
---ebpf-pid----6671----pid-6671
---ebpf-pid----6671----pid-5476
---ebpf-pid----6671----pid-1
---ebpf-pid----6671----pid-6671
---ebpf-pid----6671----pid-5476
---ebpf-pid----6671----pid-1
---ebpf-pid----6671----pid-6671
---ebpf-pid----6671----pid-5476
---ebpf-pid----6671----pid-1
---ebpf-pid----4716----pid-4716
---ebpf-pid----4716----pid-3323
---ebpf-pid----4716----pid-1
---ebpf-pid----6671----pid-6671
---ebpf-pid----6671----pid-5476
---ebpf-pid----6671----pid-1
---ebpf-pid----6671----pid-6671
---ebpf-pid----6671----pid-5476
---ebpf-pid----6671----pid-1
---ebpf-pid----7313----pid-7313
---ebpf-pid----7313----pid-1
---ebpf-pid----4716----pid-4716
---ebpf-pid----4716----pid-3323
---ebpf-pid----4716----pid-1
---ebpf-pid----7313----pid-7313
---ebpf-pid----7313----pid-1
---ebpf-pid----7313----pid-7313
---ebpf-pid----7313----pid-1
---ebpf-pid----7313----pid-7313
---ebpf-pid----7313----pid-1
---ebpf-pid----4716----pid-4716
---ebpf-pid----4716----pid-3323
---ebpf-pid----4716----pid-1
---ebpf-pid----4716----pid-4716
---ebpf-pid----4716----pid-3323
---ebpf-pid----4716----pid-1
---ebpf-pid----4716----pid-4716
---ebpf-pid----4716----pid-3323
---ebpf-pid----4716----pid-1
---ebpf-pid----4716----pid-4716
---ebpf-pid----4716----pid-3323
---ebpf-pid----4716----pid-1
---ebpf-pid----4716----pid-4716
---ebpf-pid----4716----pid-3323
---ebpf-pid----4716----pid-1
---ebpf-pid----4716----pid-4716
---ebpf-pid----4716----pid-3323
---ebpf-pid----4716----pid-1
---ebpf-pid----4716----pid-4716
---ebpf-pid----4716----pid-3323
---ebpf-pid----4716----pid-1
---ebpf-pid----4716----pid-4716
---ebpf-pid----4716----pid-3323
---ebpf-pid----4716----pid-1
---ebpf-pid----4716----pid-4716
---ebpf-pid----4716----pid-3323
---ebpf-pid----4716----pid-1
---ebpf-pid----4716----pid-4716
---ebpf-pid----4716----pid-3323
---ebpf-pid----4716----pid-1
---ebpf-pid----4716----pid-4716
---ebpf-pid----4716----pid-3323
---ebpf-pid----4716----pid-1
---ebpf-pid----4716----pid-4716
---ebpf-pid----4716----pid-3323
---ebpf-pid----4716----pid-1
---ebpf-pid----4716----pid-4716
---ebpf-pid----4716----pid-3323
---ebpf-pid----4716----pid-1
---ebpf-pid----4716----pid-4716
---ebpf-pid----4716----pid-3323
---ebpf-pid----4716----pid-1
---ebpf-pid----7313----pid-7313
---ebpf-pid----7313----pid-1
---ebpf-pid----4716----pid-4716
---ebpf-pid----4716----pid-3323
---ebpf-pid----4716----pid-1
---ebpf-pid----4716----pid-4716
---ebpf-pid----4716----pid-3323
---ebpf-pid----4716----pid-1
---ebpf-pid----7313----pid-7313
---ebpf-pid----7313----pid-1
---ebpf-pid----4716----pid-4716
---ebpf-pid----4716----pid-3323
---ebpf-pid----4716----pid-1
---ebpf-pid----4716----pid-4716
---ebpf-pid----4716----pid-3323
---ebpf-pid----4716----pid-1
---ebpf-pid----7313----pid-7313
---ebpf-pid----7313----pid-1
---ebpf-pid----4716----pid-4716
---ebpf-pid----4716----pid-3323
---ebpf-pid----4716----pid-1
---ebpf-pid----4716----pid-4716
---ebpf-pid----4716----pid-3323
---ebpf-pid----4716----pid-1
---ebpf-pid----4716----pid-4716
---ebpf-pid----4716----pid-3323
---ebpf-pid----4716----pid-1
---ebpf-pid----4716----pid-4716
---ebpf-pid----4716----pid-3323
---ebpf-pid----4716----pid-1
---ebpf-pid----4716----pid-4716
---ebpf-pid----4716----pid-3323
---ebpf-pid----4716----pid-1
---ebpf-pid----4716----pid-4716
---ebpf-pid----4716----pid-3323
---ebpf-pid----4716----pid-1
---ebpf-pid----7313----pid-7313
---ebpf-pid----7313----pid-1
---ebpf-pid----4716----pid-4716
---ebpf-pid----4716----pid-3323
---ebpf-pid----4716----pid-1
---ebpf-pid----4716----pid-4716
---ebpf-pid----4716----pid-3323
---ebpf-pid----4716----pid-1
---ebpf-pid----4716----pid-4716
---ebpf-pid----4716----pid-3323
---ebpf-pid----4716----pid-1
---ebpf-pid----4716----pid-4716
---ebpf-pid----4716----pid-3323
---ebpf-pid----4716----pid-1
---ebpf-pid----4716----pid-4716
---ebpf-pid----4716----pid-3323
---ebpf-pid----4716----pid-1
---ebpf-pid----4716----pid-4716
---ebpf-pid----4716----pid-3323
---ebpf-pid----4716----pid-1
---ebpf-pid----4716----pid-4716
---ebpf-pid----4716----pid-3323
---ebpf-pid----4716----pid-1
---ebpf-pid----7313----pid-7313
---ebpf-pid----7313----pid-1
---ebpf-pid----5703----pid-5703
---ebpf-pid----5703----pid-5476
---ebpf-pid----5703----pid-1
---ebpf-pid----4716----pid-4716
---ebpf-pid----4716----pid-3323
---ebpf-pid----4716----pid-1
---ebpf-pid----4716----pid-4716
---ebpf-pid----4716----pid-3323
---ebpf-pid----4716----pid-1
---ebpf-pid----4716----pid-4716
---ebpf-pid----4716----pid-3323
---ebpf-pid----4716----pid-1
---ebpf-pid----4716----pid-4716
---ebpf-pid----4716----pid-3323
---ebpf-pid----4716----pid-1
---ebpf-pid----4716----pid-4716
---ebpf-pid----4716----pid-3323
---ebpf-pid----4716----pid-1
---ebpf-pid----4716----pid-4716
---ebpf-pid----4716----pid-3323
---ebpf-pid----4716----pid-1
---ebpf-pid----4716----pid-4716
---ebpf-pid----4716----pid-3323
---ebpf-pid----4716----pid-1
---ebpf-pid----4716----pid-4716
---ebpf-pid----4716----pid-3323
---ebpf-pid----4716----pid-1
---ebpf-pid----4716----pid-4716
---ebpf-pid----4716----pid-3323
---ebpf-pid----4716----pid-1
---ebpf-pid----4716----pid-4716
---ebpf-pid----4716----pid-3323
---ebpf-pid----4716----pid-1
---ebpf-pid----4716----pid-4716
---ebpf-pid----4716----pid-3323
---ebpf-pid----4716----pid-1
---ebpf-pid----4716----pid-4716
---ebpf-pid----4716----pid-3323
---ebpf-pid----4716----pid-1
---ebpf-pid----4716----pid-4716
---ebpf-pid----4716----pid-3323
---ebpf-pid----4716----pid-1
---ebpf-pid----4716----pid-4716
---ebpf-pid----4716----pid-3323
---ebpf-pid----4716----pid-1
---ebpf-pid----4716----pid-4716
---ebpf-pid----4716----pid-3323
---ebpf-pid----4716----pid-1
---ebpf-pid----448546----pid-448546
---ebpf-pid----448546----pid-1
---ebpf-pid----448546----pid-448546
---ebpf-pid----448546----pid-1
---ebpf-pid----2029----pid-2029
---ebpf-pid----2029----pid-1
---ebpf-pid----4716----pid-4716
---ebpf-pid----4716----pid-3323
---ebpf-pid----4716----pid-1
---ebpf-pid----4716----pid-4716
---ebpf-pid----4716----pid-3323
---ebpf-pid----4716----pid-1
---ebpf-pid----4716----pid-4716
---ebpf-pid----4716----pid-3323
---ebpf-pid----4716----pid-1
---ebpf-pid----4716----pid-4716
---ebpf-pid----4716----pid-3323
---ebpf-pid----4716----pid-1
---ebpf-pid----4716----pid-4716
---ebpf-pid----4716----pid-3323
---ebpf-pid----4716----pid-1
---ebpf-pid----4716----pid-4716
---ebpf-pid----4716----pid-3323
---ebpf-pid----4716----pid-1
---ebpf-pid----4716----pid-4716
---ebpf-pid----4716----pid-3323
---ebpf-pid----4716----pid-1
---ebpf-pid----4716----pid-4716
---ebpf-pid----4716----pid-3323
---ebpf-pid----4716----pid-1
---ebpf-pid----4716----pid-4716
---ebpf-pid----4716----pid-3323
---ebpf-pid----4716----pid-1
---ebpf-pid----4716----pid-4716
---ebpf-pid----4716----pid-3323
---ebpf-pid----4716----pid-1
---ebpf-pid----4716----pid-4716
---ebpf-pid----4716----pid-3323
---ebpf-pid----4716----pid-1
---ebpf-pid----4716----pid-4716
---ebpf-pid----4716----pid-3323
---ebpf-pid----4716----pid-1
---ebpf-pid----4716----pid-4716
---ebpf-pid----4716----pid-3323
---ebpf-pid----4716----pid-1
---ebpf-pid----4716----pid-4716
---ebpf-pid----4716----pid-3323
---ebpf-pid----4716----pid-1
---ebpf-pid----4716----pid-4716
---ebpf-pid----4716----pid-3323
---ebpf-pid----4716----pid-1
---ebpf-pid----4716----pid-4716
---ebpf-pid----4716----pid-3323
---ebpf-pid----4716----pid-1
---ebpf-pid----4716----pid-4716
---ebpf-pid----4716----pid-3323
---ebpf-pid----4716----pid-1
---ebpf-pid----4716----pid-4716
---ebpf-pid----4716----pid-3323
---ebpf-pid----4716----pid-1
---ebpf-pid----4716----pid-4716
---ebpf-pid----4716----pid-3323
---ebpf-pid----4716----pid-1
---ebpf-pid----4716----pid-4716
---ebpf-pid----4716----pid-3323
---ebpf-pid----4716----pid-1
---ebpf-pid----4716----pid-4716
---ebpf-pid----4716----pid-3323
---ebpf-pid----4716----pid-1
---ebpf-pid----4716----pid-4716
---ebpf-pid----4716----pid-3323
---ebpf-pid----4716----pid-1
---ebpf-pid----4716----pid-4716
---ebpf-pid----4716----pid-3323
---ebpf-pid----4716----pid-1
---ebpf-pid----4716----pid-4716
---ebpf-pid----4716----pid-3323
---ebpf-pid----4716----pid-1
---ebpf-pid----2029----pid-2029
---ebpf-pid----2029----pid-1
---ebpf-pid----4716----pid-4716
---ebpf-pid----4716----pid-3323
---ebpf-pid----4716----pid-1
---ebpf-pid----2029----pid-2029
---ebpf-pid----2029----pid-1
---ebpf-pid----2029----pid-2029
---ebpf-pid----2029----pid-1
---ebpf-pid----2029----pid-2029
---ebpf-pid----2029----pid-1
---ebpf-pid----2029----pid-2029
---ebpf-pid----2029----pid-1
---ebpf-pid----2029----pid-2029
---ebpf-pid----2029----pid-1
---ebpf-pid----2029----pid-2029
---ebpf-pid----2029----pid-1
---ebpf-pid----2029----pid-2029
---ebpf-pid----2029----pid-1
---ebpf-pid----2029----pid-2029
---ebpf-pid----2029----pid-1
---ebpf-pid----4716----pid-4716
---ebpf-pid----4716----pid-3323
---ebpf-pid----4716----pid-1
---ebpf-pid----4716----pid-4716
---ebpf-pid----4716----pid-3323
---ebpf-pid----4716----pid-1
---ebpf-pid----448783----pid-448783
---ebpf-pid----448783----pid-448520
---ebpf-pid----448783----pid-1
---ebpf-pid----448783----pid-448783
---ebpf-pid----448783----pid-448520
---ebpf-pid----448783----pid-1
---ebpf-pid----448783----pid-448783
---ebpf-pid----448783----pid-448520
---ebpf-pid----448783----pid-1
---ebpf-pid----448783----pid-448783
---ebpf-pid----448783----pid-448520
---ebpf-pid----448783----pid-1
---ebpf-pid----448783----pid-448783
---ebpf-pid----448783----pid-448520
---ebpf-pid----448783----pid-1
---ebpf-pid----448783----pid-448783
---ebpf-pid----448783----pid-448520
---ebpf-pid----448783----pid-1
---ebpf-pid----448783----pid-448783
---ebpf-pid----448783----pid-448520
---ebpf-pid----448783----pid-1
---ebpf-pid----448783----pid-448783
---ebpf-pid----448783----pid-448520
---ebpf-pid----448783----pid-1
---ebpf-pid----448783----pid-448783
---ebpf-pid----448783----pid-448520
---ebpf-pid----448783----pid-1
---ebpf-pid----448783----pid-448783
---ebpf-pid----448783----pid-448520
---ebpf-pid----448783----pid-1
---ebpf-pid----379067----pid-379067
---ebpf-pid----379067----pid-5476
---ebpf-pid----379067----pid-1
---ebpf-pid----379067----pid-379067
---ebpf-pid----379067----pid-5476
---ebpf-pid----379067----pid-1
---ebpf-pid----379067----pid-379067
---ebpf-pid----379067----pid-5476
---ebpf-pid----379067----pid-1
---ebpf-pid----379067----pid-379067
---ebpf-pid----379067----pid-5476
---ebpf-pid----379067----pid-1
---ebpf-pid----379067----pid-379067
---ebpf-pid----379067----pid-5476
---ebpf-pid----379067----pid-1
---ebpf-pid----379067----pid-379067
---ebpf-pid----379067----pid-5476
---ebpf-pid----379067----pid-1
---ebpf-pid----448783----pid-448783
---ebpf-pid----448783----pid-448520
---ebpf-pid----448783----pid-1
---ebpf-pid----448783----pid-448783
---ebpf-pid----448783----pid-448520
---ebpf-pid----448783----pid-1
---ebpf-pid----448783----pid-448783
---ebpf-pid----448783----pid-448520
---ebpf-pid----448783----pid-1
---ebpf-pid----448783----pid-448783
---ebpf-pid----448783----pid-448520
---ebpf-pid----448783----pid-1
---ebpf-pid----448783----pid-448783
---ebpf-pid----448783----pid-448520
---ebpf-pid----448783----pid-1
---ebpf-pid----448783----pid-448783
---ebpf-pid----448783----pid-448520
---ebpf-pid----448783----pid-1
---ebpf-pid----448783----pid-448783
---ebpf-pid----448783----pid-448520
---ebpf-pid----448783----pid-1
---ebpf-pid----448783----pid-448783
---ebpf-pid----448783----pid-448520
---ebpf-pid----448783----pid-1
---ebpf-pid----448783----pid-448783
---ebpf-pid----448783----pid-448520
---ebpf-pid----448783----pid-1
---ebpf-pid----5707----pid-5707
---ebpf-pid----5707----pid-5476
---ebpf-pid----5707----pid-1
---ebpf-pid----5707----pid-5707
---ebpf-pid----5707----pid-5476
---ebpf-pid----5707----pid-1
---ebpf-pid----5707----pid-5707
---ebpf-pid----5707----pid-5476
---ebpf-pid----5707----pid-1
---ebpf-pid----5707----pid-5707
---ebpf-pid----5707----pid-5476
---ebpf-pid----5707----pid-1
---ebpf-pid----5707----pid-5707
---ebpf-pid----5707----pid-5476
---ebpf-pid----5707----pid-1
---ebpf-pid----5707----pid-5707
---ebpf-pid----5707----pid-5476
---ebpf-pid----5707----pid-1
---ebpf-pid----5638----pid-5638
---ebpf-pid----5638----pid-1
---ebpf-pid----448546----pid-448546
---ebpf-pid----448546----pid-1
---ebpf-pid----448546----pid-448546
---ebpf-pid----448546----pid-1
---ebpf-pid----448546----pid-448546
---ebpf-pid----448546----pid-1
---ebpf-pid----448546----pid-448546
---ebpf-pid----448546----pid-1
---ebpf-pid----448546----pid-448546
---ebpf-pid----448546----pid-1
---ebpf-pid----448546----pid-448546
---ebpf-pid----448546----pid-1
---ebpf-pid----448546----pid-448546
---ebpf-pid----448546----pid-1
---ebpf-pid----5707----pid-5707
---ebpf-pid----5707----pid-5476
---ebpf-pid----5707----pid-1
---ebpf-pid----5707----pid-5707
---ebpf-pid----5707----pid-5476
---ebpf-pid----5707----pid-1
---ebpf-pid----2012----pid-2012
---ebpf-pid----2012----pid-1
---ebpf-pid----2012----pid-2012
---ebpf-pid----2012----pid-1
---ebpf-pid----5637----pid-5637
---ebpf-pid----5637----pid-1
---ebpf-pid----372881----pid-372881
---ebpf-pid----372881----pid-1
---ebpf-pid----372881----pid-372881
---ebpf-pid----372881----pid-1
---ebpf-pid----372881----pid-372881
---ebpf-pid----372881----pid-1
---ebpf-pid----372881----pid-372881
---ebpf-pid----372881----pid-1
---ebpf-pid----372881----pid-372881
---ebpf-pid----372881----pid-1
---ebpf-pid----372881----pid-372881
---ebpf-pid----372881----pid-1
---ebpf-pid----372881----pid-372881
---ebpf-pid----372881----pid-1
---ebpf-pid----372881----pid-372881
---ebpf-pid----372881----pid-1
---ebpf-pid----372881----pid-372881
---ebpf-pid----372881----pid-1
---ebpf-pid----372881----pid-372881
---ebpf-pid----372881----pid-1
---ebpf-pid----372881----pid-372881
---ebpf-pid----372881----pid-1
---ebpf-pid----372881----pid-372881
---ebpf-pid----372881----pid-1
---ebpf-pid----372881----pid-372881
---ebpf-pid----372881----pid-1
---ebpf-pid----372881----pid-372881
---ebpf-pid----372881----pid-1
---ebpf-pid----372881----pid-372881
---ebpf-pid----372881----pid-1
---ebpf-pid----372881----pid-372881
---ebpf-pid----372881----pid-1
---ebpf-pid----372881----pid-372881
---ebpf-pid----372881----pid-1
---ebpf-pid----372881----pid-372881
---ebpf-pid----372881----pid-1
---ebpf-pid----372881----pid-372881
---ebpf-pid----372881----pid-1
---ebpf-pid----2029----pid-2029
---ebpf-pid----2029----pid-1
---ebpf-pid----2029----pid-2029
---ebpf-pid----2029----pid-1
---ebpf-pid----2029----pid-2029
---ebpf-pid----2029----pid-1
---ebpf-pid----2029----pid-2029
---ebpf-pid----2029----pid-1
---ebpf-pid----2029----pid-2029
---ebpf-pid----2029----pid-1
---ebpf-pid----2029----pid-2029
---ebpf-pid----2029----pid-1
---ebpf-pid----2029----pid-2029
---ebpf-pid----2029----pid-1
---ebpf-pid----2029----pid-2029
---ebpf-pid----2029----pid-1
---ebpf-pid----2029----pid-2029
---ebpf-pid----2029----pid-1
---ebpf-pid----2029----pid-2029
---ebpf-pid----2029----pid-1
---ebpf-pid----2029----pid-2029
---ebpf-pid----2029----pid-1
---ebpf-pid----2029----pid-2029
---ebpf-pid----2029----pid-1
---ebpf-pid----2029----pid-2029
---ebpf-pid----2029----pid-1
---ebpf-pid----2029----pid-2029
---ebpf-pid----2029----pid-1
---ebpf-pid----2029----pid-2029
---ebpf-pid----2029----pid-1
---ebpf-pid----2029----pid-2029
---ebpf-pid----2029----pid-1
---ebpf-pid----2029----pid-2029
---ebpf-pid----2029----pid-1
---ebpf-pid----2029----pid-2029
---ebpf-pid----2029----pid-1
---ebpf-pid----2029----pid-2029
---ebpf-pid----2029----pid-1
---ebpf-pid----2029----pid-2029
---ebpf-pid----2029----pid-1
---ebpf-pid----2029----pid-2029
---ebpf-pid----2029----pid-1
---ebpf-pid----2029----pid-2029
---ebpf-pid----2029----pid-1
---ebpf-pid----2029----pid-2029
---ebpf-pid----2029----pid-1
---ebpf-pid----2029----pid-2029
---ebpf-pid----2029----pid-1
---ebpf-pid----2029----pid-2029
---ebpf-pid----2029----pid-1
---ebpf-pid----2029----pid-2029
---ebpf-pid----2029----pid-1
---ebpf-pid----2029----pid-2029
---ebpf-pid----2029----pid-1
---ebpf-pid----2029----pid-2029
---ebpf-pid----2029----pid-1
---ebpf-pid----2029----pid-2029
---ebpf-pid----2029----pid-1
---ebpf-pid----2029----pid-2029
---ebpf-pid----2029----pid-1
---ebpf-pid----2029----pid-2029
---ebpf-pid----2029----pid-1
---ebpf-pid----2029----pid-2029
---ebpf-pid----2029----pid-1
---ebpf-pid----2029----pid-2029
---ebpf-pid----2029----pid-1
---ebpf-pid----2029----pid-2029
---ebpf-pid----2029----pid-1
---ebpf-pid----2029----pid-2029
---ebpf-pid----2029----pid-1
---ebpf-pid----2029----pid-2029
---ebpf-pid----2029----pid-1
---ebpf-pid----2029----pid-2029
---ebpf-pid----2029----pid-1
---ebpf-pid----2029----pid-2029
---ebpf-pid----2029----pid-1
---ebpf-pid----2029----pid-2029
---ebpf-pid----2029----pid-1
---ebpf-pid----2029----pid-2029
---ebpf-pid----2029----pid-1
---ebpf-pid----2029----pid-2029
---ebpf-pid----2029----pid-1
---ebpf-pid----2029----pid-2029
---ebpf-pid----2029----pid-1
---ebpf-pid----2029----pid-2029
---ebpf-pid----2029----pid-1
---ebpf-pid----2029----pid-2029
---ebpf-pid----2029----pid-1
---ebpf-pid----2029----pid-2029
---ebpf-pid----2029----pid-1
---ebpf-pid----2029----pid-2029
---ebpf-pid----2029----pid-1
---ebpf-pid----2029----pid-2029
---ebpf-pid----2029----pid-1
---ebpf-pid----2029----pid-2029
---ebpf-pid----2029----pid-1
---ebpf-pid----2029----pid-2029
---ebpf-pid----2029----pid-1
---ebpf-pid----2029----pid-2029
---ebpf-pid----2029----pid-1
---ebpf-pid----2029----pid-2029
---ebpf-pid----2029----pid-1
---ebpf-pid----2029----pid-2029
---ebpf-pid----2029----pid-1
---ebpf-pid----2029----pid-2029
---ebpf-pid----2029----pid-1
---ebpf-pid----2029----pid-2029
---ebpf-pid----2029----pid-1
---ebpf-pid----2029----pid-2029
---ebpf-pid----2029----pid-1
---ebpf-pid----2029----pid-2029
---ebpf-pid----2029----pid-1
---ebpf-pid----2029----pid-2029
---ebpf-pid----2029----pid-1
---ebpf-pid----2029----pid-2029
---ebpf-pid----2029----pid-1
---ebpf-pid----2029----pid-2029
---ebpf-pid----2029----pid-1
---ebpf-pid----379067----pid-379067
---ebpf-pid----379067----pid-5476
---ebpf-pid----379067----pid-1
---ebpf-pid----379067----pid-379067
---ebpf-pid----379067----pid-5476
---ebpf-pid----379067----pid-1
---ebpf-pid----379067----pid-379067
---ebpf-pid----379067----pid-5476
---ebpf-pid----379067----pid-1
---ebpf-pid----379067----pid-379067
---ebpf-pid----379067----pid-5476
---ebpf-pid----379067----pid-1
---ebpf-pid----5707----pid-5707
---ebpf-pid----5707----pid-5476
---ebpf-pid----5707----pid-1
---ebpf-pid----5707----pid-5707
---ebpf-pid----5707----pid-5476
---ebpf-pid----5707----pid-1
---ebpf-pid----5707----pid-5707
---ebpf-pid----5707----pid-5476
---ebpf-pid----5707----pid-1
---ebpf-pid----448783----pid-448783
---ebpf-pid----448783----pid-448520
---ebpf-pid----448783----pid-1
---ebpf-pid----448783----pid-448783
---ebpf-pid----448783----pid-448520
---ebpf-pid----448783----pid-1
---ebpf-pid----448783----pid-448783
---ebpf-pid----448783----pid-448520
---ebpf-pid----448783----pid-1
---ebpf-pid----448783----pid-448783
---ebpf-pid----448783----pid-448520
---ebpf-pid----448783----pid-1
---ebpf-pid----448783----pid-448783
---ebpf-pid----448783----pid-448520
---ebpf-pid----448783----pid-1
---ebpf-pid----448783----pid-448783
---ebpf-pid----448783----pid-448520
---ebpf-pid----448783----pid-1
---ebpf-pid----5705----pid-5705
---ebpf-pid----5705----pid-5476
---ebpf-pid----5705----pid-1
---ebpf-pid----5705----pid-5705
---ebpf-pid----5705----pid-5476
---ebpf-pid----5705----pid-1
---ebpf-pid----448546----pid-448546
---ebpf-pid----448546----pid-1
---ebpf-pid----2089----pid-2089
---ebpf-pid----2089----pid-1
---ebpf-pid----2089----pid-2089
---ebpf-pid----2089----pid-1
---ebpf-pid----2089----pid-2089
---ebpf-pid----2089----pid-1
---ebpf-pid----2089----pid-2089
---ebpf-pid----2089----pid-1
---ebpf-pid----2089----pid-2089
---ebpf-pid----2089----pid-1
---ebpf-pid----2089----pid-2089
---ebpf-pid----2089----pid-1
---ebpf-pid----2089----pid-2089
---ebpf-pid----2089----pid-1
---ebpf-pid----2089----pid-2089
---ebpf-pid----2089----pid-1
---ebpf-pid----2089----pid-2089
---ebpf-pid----2089----pid-1
---ebpf-pid----2089----pid-2089
---ebpf-pid----2089----pid-1
---ebpf-pid----2089----pid-2089
---ebpf-pid----2089----pid-1
---ebpf-pid----2089----pid-2089
---ebpf-pid----2089----pid-1
---ebpf-pid----2089----pid-2089
---ebpf-pid----2089----pid-1
---ebpf-pid----2089----pid-2089
---ebpf-pid----2089----pid-1
---ebpf-pid----2089----pid-2089
---ebpf-pid----2089----pid-1
---ebpf-pid----2089----pid-2089
---ebpf-pid----2089----pid-1
---ebpf-pid----2089----pid-2089
---ebpf-pid----2089----pid-1
---ebpf-pid----2089----pid-2089
---ebpf-pid----2089----pid-1
---ebpf-pid----5705----pid-5705
---ebpf-pid----5705----pid-5476
---ebpf-pid----5705----pid-1
---ebpf-pid----5705----pid-5705
---ebpf-pid----5705----pid-5476
---ebpf-pid----5705----pid-1
---ebpf-pid----5705----pid-5705
---ebpf-pid----5705----pid-5476
---ebpf-pid----5705----pid-1
---ebpf-pid----5705----pid-5705
---ebpf-pid----5705----pid-5476
---ebpf-pid----5705----pid-1
---ebpf-pid----5705----pid-5705
---ebpf-pid----5705----pid-5476
---ebpf-pid----5705----pid-1
---ebpf-pid----5705----pid-5705
---ebpf-pid----5705----pid-5476
---ebpf-pid----5705----pid-1
---ebpf-pid----5705----pid-5705
---ebpf-pid----5705----pid-5476
---ebpf-pid----5705----pid-1
---ebpf-pid----5705----pid-5705
---ebpf-pid----5705----pid-5476
---ebpf-pid----5705----pid-1
---ebpf-pid----5705----pid-5705
---ebpf-pid----5705----pid-5476
---ebpf-pid----5705----pid-1
---ebpf-pid----5705----pid-5705
---ebpf-pid----5705----pid-5476
---ebpf-pid----5705----pid-1
---ebpf-pid----5705----pid-5705
---ebpf-pid----5705----pid-5476
---ebpf-pid----5705----pid-1
---ebpf-pid----5705----pid-5705
---ebpf-pid----5705----pid-5476
---ebpf-pid----5705----pid-1
---ebpf-pid----5705----pid-5705
---ebpf-pid----5705----pid-5476
---ebpf-pid----5705----pid-1
---ebpf-pid----5705----pid-5705
---ebpf-pid----5705----pid-5476
---ebpf-pid----5705----pid-1
---ebpf-pid----5705----pid-5705
---ebpf-pid----5705----pid-5476
---ebpf-pid----5705----pid-1
---ebpf-pid----5705----pid-5705
---ebpf-pid----5705----pid-5476
---ebpf-pid----5705----pid-1
---ebpf-pid----5705----pid-5705
---ebpf-pid----5705----pid-5476
---ebpf-pid----5705----pid-1
---ebpf-pid----5705----pid-5705
---ebpf-pid----5705----pid-5476
---ebpf-pid----5705----pid-1
---ebpf-pid----5705----pid-5705
---ebpf-pid----5705----pid-5476
---ebpf-pid----5705----pid-1
---ebpf-pid----5705----pid-5705
---ebpf-pid----5705----pid-5476
---ebpf-pid----5705----pid-1
---ebpf-pid----5705----pid-5705
---ebpf-pid----5705----pid-5476
---ebpf-pid----5705----pid-1
---ebpf-pid----5705----pid-5705
---ebpf-pid----5705----pid-5476
---ebpf-pid----5705----pid-1
---ebpf-pid----5705----pid-5705
---ebpf-pid----5705----pid-5476
---ebpf-pid----5705----pid-1
---ebpf-pid----5705----pid-5705
---ebpf-pid----5705----pid-5476
---ebpf-pid----5705----pid-1
---ebpf-pid----5705----pid-5705
---ebpf-pid----5705----pid-5476
---ebpf-pid----5705----pid-1
---ebpf-pid----5705----pid-5705
---ebpf-pid----5705----pid-5476
---ebpf-pid----5705----pid-1
---ebpf-pid----5705----pid-5705
---ebpf-pid----5705----pid-5476
---ebpf-pid----5705----pid-1
---ebpf-pid----5705----pid-5705
---ebpf-pid----5705----pid-5476
---ebpf-pid----5705----pid-1
---ebpf-pid----5705----pid-5705
---ebpf-pid----5705----pid-5476
---ebpf-pid----5705----pid-1
---ebpf-pid----5705----pid-5705
---ebpf-pid----5705----pid-5476
---ebpf-pid----5705----pid-1
---ebpf-pid----5705----pid-5705
---ebpf-pid----5705----pid-5476
---ebpf-pid----5705----pid-1
---ebpf-pid----5705----pid-5705
---ebpf-pid----5705----pid-5476
---ebpf-pid----5705----pid-1
---ebpf-pid----5705----pid-5705
---ebpf-pid----5705----pid-5476
---ebpf-pid----5705----pid-1
---ebpf-pid----5705----pid-5705
---ebpf-pid----5705----pid-5476
---ebpf-pid----5705----pid-1
---ebpf-pid----5705----pid-5705
---ebpf-pid----5705----pid-5476
---ebpf-pid----5705----pid-1
---ebpf-pid----5705----pid-5705
---ebpf-pid----5705----pid-5476
---ebpf-pid----5705----pid-1
---ebpf-pid----5705----pid-5705
---ebpf-pid----5705----pid-5476
---ebpf-pid----5705----pid-1
---ebpf-pid----5705----pid-5705
---ebpf-pid----5705----pid-5476
---ebpf-pid----5705----pid-1
---ebpf-pid----5705----pid-5705
---ebpf-pid----5705----pid-5476
---ebpf-pid----5705----pid-1
---ebpf-pid----5705----pid-5705
---ebpf-pid----5705----pid-5476
---ebpf-pid----5705----pid-1
---ebpf-pid----5705----pid-5705
---ebpf-pid----5705----pid-5476
---ebpf-pid----5705----pid-1
---ebpf-pid----5705----pid-5705
---ebpf-pid----5705----pid-5476
---ebpf-pid----5705----pid-1
---ebpf-pid----5705----pid-5705
---ebpf-pid----5705----pid-5476
---ebpf-pid----5705----pid-1
---ebpf-pid----5705----pid-5705
---ebpf-pid----5705----pid-5476
---ebpf-pid----5705----pid-1
---ebpf-pid----5705----pid-5705
---ebpf-pid----5705----pid-5476
---ebpf-pid----5705----pid-1
---ebpf-pid----5705----pid-5705
---ebpf-pid----5705----pid-5476
---ebpf-pid----5705----pid-1
---ebpf-pid----5705----pid-5705
---ebpf-pid----5705----pid-5476
---ebpf-pid----5705----pid-1
---ebpf-pid----5705----pid-5705
---ebpf-pid----5705----pid-5476
---ebpf-pid----5705----pid-1
---ebpf-pid----5705----pid-5705
---ebpf-pid----5705----pid-5476
---ebpf-pid----5705----pid-1
---ebpf-pid----5705----pid-5705
---ebpf-pid----5705----pid-5476
---ebpf-pid----5705----pid-1
---ebpf-pid----5705----pid-5705
---ebpf-pid----5705----pid-5476
---ebpf-pid----5705----pid-1
---ebpf-pid----5705----pid-5705
---ebpf-pid----5705----pid-5476
---ebpf-pid----5705----pid-1
---ebpf-pid----5705----pid-5705
---ebpf-pid----5705----pid-5476
---ebpf-pid----5705----pid-1
---ebpf-pid----5705----pid-5705
---ebpf-pid----5705----pid-5476
---ebpf-pid----5705----pid-1
---ebpf-pid----5705----pid-5705
---ebpf-pid----5705----pid-5476
---ebpf-pid----5705----pid-1
---ebpf-pid----5705----pid-5705
---ebpf-pid----5705----pid-5476
---ebpf-pid----5705----pid-1
---ebpf-pid----5705----pid-5705
---ebpf-pid----5705----pid-5476
---ebpf-pid----5705----pid-1
---ebpf-pid----5705----pid-5705
---ebpf-pid----5705----pid-5476
---ebpf-pid----5705----pid-1
---ebpf-pid----5705----pid-5705
---ebpf-pid----5705----pid-5476
---ebpf-pid----5705----pid-1
---ebpf-pid----5705----pid-5705
---ebpf-pid----5705----pid-5476
---ebpf-pid----5705----pid-1
---ebpf-pid----5705----pid-5705
---ebpf-pid----5705----pid-5476
---ebpf-pid----5705----pid-1
---ebpf-pid----5705----pid-5705
---ebpf-pid----5705----pid-5476
---ebpf-pid----5705----pid-1
---ebpf-pid----5705----pid-5705
---ebpf-pid----5705----pid-5476
---ebpf-pid----5705----pid-1
---ebpf-pid----5705----pid-5705
---ebpf-pid----5705----pid-5476
---ebpf-pid----5705----pid-1
---ebpf-pid----5705----pid-5705
---ebpf-pid----5705----pid-5476
---ebpf-pid----5705----pid-1
---ebpf-pid----5705----pid-5705
---ebpf-pid----5705----pid-5476
---ebpf-pid----5705----pid-1
---ebpf-pid----5705----pid-5705
---ebpf-pid----5705----pid-5476
---ebpf-pid----5705----pid-1
---ebpf-pid----5705----pid-5705
---ebpf-pid----5705----pid-5476
---ebpf-pid----5705----pid-1
---ebpf-pid----5705----pid-5705
---ebpf-pid----5705----pid-5476
---ebpf-pid----5705----pid-1
---ebpf-pid----5705----pid-5705
---ebpf-pid----5705----pid-5476
---ebpf-pid----5705----pid-1
---ebpf-pid----5705----pid-5705
---ebpf-pid----5705----pid-5476
---ebpf-pid----5705----pid-1
---ebpf-pid----5705----pid-5705
---ebpf-pid----5705----pid-5476
---ebpf-pid----5705----pid-1
---ebpf-pid----5705----pid-5705
---ebpf-pid----5705----pid-5476
---ebpf-pid----5705----pid-1
---ebpf-pid----5705----pid-5705
---ebpf-pid----5705----pid-5476
---ebpf-pid----5705----pid-1
---ebpf-pid----5705----pid-5705
---ebpf-pid----5705----pid-5476
---ebpf-pid----5705----pid-1
---ebpf-pid----5705----pid-5705
---ebpf-pid----5705----pid-5476
---ebpf-pid----5705----pid-1
---ebpf-pid----5705----pid-5705
---ebpf-pid----5705----pid-5476
---ebpf-pid----5705----pid-1
---ebpf-pid----5705----pid-5705
---ebpf-pid----5705----pid-5476
---ebpf-pid----5705----pid-1
---ebpf-pid----5705----pid-5705
---ebpf-pid----5705----pid-5476
---ebpf-pid----5705----pid-1
---ebpf-pid----5705----pid-5705
---ebpf-pid----5705----pid-5476
---ebpf-pid----5705----pid-1
---ebpf-pid----5705----pid-5705
---ebpf-pid----5705----pid-5476
---ebpf-pid----5705----pid-1
---ebpf-pid----5705----pid-5705
---ebpf-pid----5705----pid-5476
---ebpf-pid----5705----pid-1
---ebpf-pid----5705----pid-5705
---ebpf-pid----5705----pid-5476
---ebpf-pid----5705----pid-1
---ebpf-pid----5705----pid-5705
---ebpf-pid----5705----pid-5476
---ebpf-pid----5705----pid-1
---ebpf-pid----5705----pid-5705
---ebpf-pid----5705----pid-5476
---ebpf-pid----5705----pid-1
---ebpf-pid----5705----pid-5705
---ebpf-pid----5705----pid-5476
---ebpf-pid----5705----pid-1
---ebpf-pid----5705----pid-5705
---ebpf-pid----5705----pid-5476
---ebpf-pid----5705----pid-1
---ebpf-pid----5705----pid-5705
---ebpf-pid----5705----pid-5476
---ebpf-pid----5705----pid-1
---ebpf-pid----5705----pid-5705
---ebpf-pid----5705----pid-5476
---ebpf-pid----5705----pid-1
---ebpf-pid----5705----pid-5705
---ebpf-pid----5705----pid-5476
---ebpf-pid----5705----pid-1
---ebpf-pid----7313----pid-7313
---ebpf-pid----7313----pid-1
---ebpf-pid----372881----pid-372881
---ebpf-pid----372881----pid-1
---ebpf-pid----372881----pid-372881
---ebpf-pid----372881----pid-1
---ebpf-pid----372881----pid-372881
---ebpf-pid----372881----pid-1
---ebpf-pid----372881----pid-372881
---ebpf-pid----372881----pid-1
---ebpf-pid----372881----pid-372881
---ebpf-pid----372881----pid-1
---ebpf-pid----372881----pid-372881
---ebpf-pid----372881----pid-1
---ebpf-pid----372881----pid-372881
---ebpf-pid----372881----pid-1
---ebpf-pid----372881----pid-372881
---ebpf-pid----372881----pid-1
---ebpf-pid----372881----pid-372881
---ebpf-pid----372881----pid-1
---ebpf-pid----372881----pid-372881
---ebpf-pid----372881----pid-1
---ebpf-pid----372881----pid-372881
---ebpf-pid----372881----pid-1
---ebpf-pid----372881----pid-372881
---ebpf-pid----372881----pid-1
---ebpf-pid----372881----pid-372881
---ebpf-pid----372881----pid-1
---ebpf-pid----372881----pid-372881
---ebpf-pid----372881----pid-1
---ebpf-pid----372881----pid-372881
---ebpf-pid----372881----pid-1
---ebpf-pid----372881----pid-372881
---ebpf-pid----372881----pid-1
---ebpf-pid----372881----pid-372881
---ebpf-pid----372881----pid-1
---ebpf-pid----372881----pid-372881
---ebpf-pid----372881----pid-1
---ebpf-pid----372881----pid-372881
---ebpf-pid----372881----pid-1
---ebpf-pid----372881----pid-372881
---ebpf-pid----372881----pid-1
---ebpf-pid----372881----pid-372881
---ebpf-pid----372881----pid-1
---ebpf-pid----372881----pid-372881
---ebpf-pid----372881----pid-1
---ebpf-pid----372881----pid-372881
---ebpf-pid----372881----pid-1
---ebpf-pid----372881----pid-372881
---ebpf-pid----372881----pid-1
---ebpf-pid----372881----pid-372881
---ebpf-pid----372881----pid-1
---ebpf-pid----372881----pid-372881
---ebpf-pid----372881----pid-1
---ebpf-pid----372881----pid-372881
---ebpf-pid----372881----pid-1
---ebpf-pid----372881----pid-372881
---ebpf-pid----372881----pid-1
---ebpf-pid----372881----pid-372881
---ebpf-pid----372881----pid-1
---ebpf-pid----372881----pid-372881
---ebpf-pid----372881----pid-1
---ebpf-pid----372881----pid-372881
---ebpf-pid----372881----pid-1
---ebpf-pid----372881----pid-372881
---ebpf-pid----372881----pid-1
---ebpf-pid----372881----pid-372881
---ebpf-pid----372881----pid-1
---ebpf-pid----372881----pid-372881
Failed to get process information for PID 0
---ebpf-pid----372881----pid-1
---ebpf-pid----372881----pid-372881
---ebpf-pid----372881----pid-1
---ebpf-pid----2029----pid-2029
---ebpf-pid----2029----pid-1
---ebpf-pid----2029----pid-2029
---ebpf-pid----2029----pid-1
---ebpf-pid----2029----pid-2029
---ebpf-pid----2029----pid-1
---ebpf-pid----2029----pid-2029
---ebpf-pid----2029----pid-1
---ebpf-pid----372881----pid-372881
---ebpf-pid----372881----pid-1
---ebpf-pid----372881----pid-372881
---ebpf-pid----372881----pid-1
---ebpf-pid----372881----pid-372881
---ebpf-pid----372881----pid-1
---ebpf-pid----372881----pid-372881
---ebpf-pid----372881----pid-1
---ebpf-pid----2029----pid-2029
---ebpf-pid----2029----pid-1
---ebpf-pid----2029----pid-2029
---ebpf-pid----2029----pid-1
---ebpf-pid----2029----pid-2029
---ebpf-pid----2029----pid-1
---ebpf-pid----5085----pid-5085
---ebpf-pid----5085----pid-4164
---ebpf-pid----5085----pid-3417
---ebpf-pid----5085----pid-1
---ebpf-pid----2088----pid-2088
---ebpf-pid----2088----pid-1
---ebpf-pid----2088----pid-2088
---ebpf-pid----2088----pid-1
---ebpf-pid----2088----pid-2088
---ebpf-pid----2088----pid-1
---ebpf-pid----2088----pid-2088
---ebpf-pid----2088----pid-1
---ebpf-pid----2088----pid-2088
---ebpf-pid----2088----pid-1
---ebpf-pid----5638----pid-5638
---ebpf-pid----5638----pid-1
---ebpf-pid----5614----pid-5614
---ebpf-pid----5614----pid-1
---ebpf-pid----379067----pid-379067
---ebpf-pid----379067----pid-5476
---ebpf-pid----379067----pid-1
---ebpf-pid----379067----pid-379067
---ebpf-pid----379067----pid-5476
---ebpf-pid----379067----pid-1
---ebpf-pid----379067----pid-379067
---ebpf-pid----379067----pid-5476
---ebpf-pid----379067----pid-1
---ebpf-pid----379067----pid-379067
---ebpf-pid----379067----pid-5476
---ebpf-pid----379067----pid-1
---ebpf-pid----379067----pid-379067
---ebpf-pid----379067----pid-5476
---ebpf-pid----379067----pid-1
---ebpf-pid----379067----pid-379067
---ebpf-pid----379067----pid-5476
---ebpf-pid----379067----pid-1
---ebpf-pid----379067----pid-379067
---ebpf-pid----379067----pid-5476
---ebpf-pid----379067----pid-1
---ebpf-pid----5638----pid-5638
---ebpf-pid----5638----pid-1
---ebpf-pid----5638----pid-5638
---ebpf-pid----5638----pid-1
---ebpf-pid----372881----pid-372881
---ebpf-pid----372881----pid-1
---ebpf-pid----5707----pid-5707
---ebpf-pid----5707----pid-5476
---ebpf-pid----5707----pid-1
---ebpf-pid----5707----pid-5707
---ebpf-pid----5707----pid-5476
---ebpf-pid----5707----pid-1
---ebpf-pid----5707----pid-5707
---ebpf-pid----5707----pid-5476
---ebpf-pid----5707----pid-1
---ebpf-pid----5707----pid-5707
---ebpf-pid----5707----pid-5476
---ebpf-pid----5707----pid-1
---ebpf-pid----5703----pid-5703
---ebpf-pid----5703----pid-5476
---ebpf-pid----5703----pid-1
---ebpf-pid----5707----pid-5707
---ebpf-pid----5707----pid-5476
---ebpf-pid----5707----pid-1
---ebpf-pid----2029----pid-2029
---ebpf-pid----2029----pid-1
---ebpf-pid----2029----pid-2029
---ebpf-pid----2029----pid-1
---ebpf-pid----2029----pid-2029
---ebpf-pid----2029----pid-1
---ebpf-pid----2029----pid-2029
---ebpf-pid----2029----pid-1
---ebpf-pid----2029----pid-2029
---ebpf-pid----2029----pid-1
---ebpf-pid----2029----pid-2029
---ebpf-pid----2029----pid-1
---ebpf-pid----2029----pid-2029
---ebpf-pid----2029----pid-1
---ebpf-pid----2029----pid-2029
---ebpf-pid----2029----pid-1
---ebpf-pid----2010----pid-2010
---ebpf-pid----2010----pid-1
Failed to get process information for PID 0
---ebpf-pid----448521----pid-448521
---ebpf-pid----448521----pid-1
---ebpf-pid----2088----pid-2088
---ebpf-pid----2088----pid-1
---ebpf-pid----2088----pid-2088
---ebpf-pid----2088----pid-1
---ebpf-pid----2088----pid-2088
---ebpf-pid----2088----pid-1
---ebpf-pid----2088----pid-2088
---ebpf-pid----2088----pid-1
---ebpf-pid----2088----pid-2088
---ebpf-pid----2088----pid-1
---ebpf-pid----2088----pid-2088
---ebpf-pid----2088----pid-1
---ebpf-pid----2088----pid-2088
---ebpf-pid----2088----pid-1
---ebpf-pid----5705----pid-5705
---ebpf-pid----5705----pid-5476
---ebpf-pid----5705----pid-1
---ebpf-pid----5705----pid-5705
---ebpf-pid----5705----pid-5476
---ebpf-pid----5705----pid-1
---ebpf-pid----5705----pid-5705
Failed to get process information for PID 0
Failed to get process information for PID 0
---ebpf-pid----5705----pid-5476
---ebpf-pid----5705----pid-1
---ebpf-pid----5705----pid-5705
---ebpf-pid----5705----pid-5476
---ebpf-pid----5705----pid-1
---ebpf-pid----5705----pid-5705
---ebpf-pid----5705----pid-5476
---ebpf-pid----5705----pid-1
---ebpf-pid----5705----pid-5705
---ebpf-pid----5705----pid-5476
---ebpf-pid----5705----pid-1
---ebpf-pid----5705----pid-5705
---ebpf-pid----5705----pid-5476
---ebpf-pid----5705----pid-1
---ebpf-pid----5638----pid-5638
---ebpf-pid----5638----pid-1
---ebpf-pid----2088----pid-2088
---ebpf-pid----2088----pid-1
---ebpf-pid----2088----pid-2088
---ebpf-pid----2088----pid-1
---ebpf-pid----2088----pid-2088
---ebpf-pid----2088----pid-1
---ebpf-pid----2088----pid-2088
---ebpf-pid----2088----pid-1
---ebpf-pid----2088----pid-2088
---ebpf-pid----2088----pid-1
---ebpf-pid----5614----pid-5614
---ebpf-pid----5614----pid-1
---ebpf-pid----5614----pid-5614
---ebpf-pid----5614----pid-1
---ebpf-pid----2088----pid-2088
---ebpf-pid----2088----pid-1
---ebpf-pid----2029----pid-2029
---ebpf-pid----2029----pid-1
---ebpf-pid----2029----pid-2029
---ebpf-pid----2029----pid-1
---ebpf-pid----2029----pid-2029
---ebpf-pid----2029----pid-1
---ebpf-pid----2029----pid-2029
---ebpf-pid----2029----pid-1
---ebpf-pid----2029----pid-2029
---ebpf-pid----2029----pid-1
---ebpf-pid----2029----pid-2029
---ebpf-pid----2029----pid-1
---ebpf-pid----5707----pid-5707
---ebpf-pid----5707----pid-5476
---ebpf-pid----5707----pid-1
---ebpf-pid----5707----pid-5707
---ebpf-pid----5707----pid-5476
---ebpf-pid----5707----pid-1
---ebpf-pid----5707----pid-5707
---ebpf-pid----5707----pid-5476
---ebpf-pid----5707----pid-1
---ebpf-pid----5638----pid-5638
---ebpf-pid----5638----pid-1
---ebpf-pid----2088----pid-2088
---ebpf-pid----2088----pid-1
---ebpf-pid----2088----pid-2088
---ebpf-pid----2088----pid-1
---ebpf-pid----2088----pid-2088
---ebpf-pid----2088----pid-1
---ebpf-pid----2088----pid-2088
---ebpf-pid----2088----pid-1
---ebpf-pid----5614----pid-5614
---ebpf-pid----5614----pid-1
---ebpf-pid----2088----pid-2088
---ebpf-pid----2088----pid-1
---ebpf-pid----2088----pid-2088
---ebpf-pid----2088----pid-1
---ebpf-pid----2088----pid-2088
---ebpf-pid----2088----pid-1
---ebpf-pid----2088----pid-2088
---ebpf-pid----2088----pid-1
---ebpf-pid----2088----pid-2088
---ebpf-pid----2088----pid-1
---ebpf-pid----2088----pid-2088
---ebpf-pid----2088----pid-1
---ebpf-pid----2088----pid-2088
---ebpf-pid----2088----pid-1
---ebpf-pid----2088----pid-2088
---ebpf-pid----2088----pid-1
---ebpf-pid----5638----pid-5638
---ebpf-pid----5638----pid-1
---ebpf-pid----2088----pid-2088
---ebpf-pid----2088----pid-1
---ebpf-pid----2088----pid-2088
---ebpf-pid----2088----pid-1
---ebpf-pid----2088----pid-2088
---ebpf-pid----2088----pid-1
---ebpf-pid----2088----pid-2088
---ebpf-pid----2088----pid-1
---ebpf-pid----2088----pid-2088
---ebpf-pid----2088----pid-1
---ebpf-pid----2088----pid-2088
---ebpf-pid----2088----pid-1
---ebpf-pid----2088----pid-2088
---ebpf-pid----2088----pid-1
---ebpf-pid----5638----pid-5638
---ebpf-pid----5638----pid-1
---ebpf-pid----5638----pid-5638
---ebpf-pid----5638----pid-1
---ebpf-pid----2088----pid-2088
---ebpf-pid----2088----pid-1
---ebpf-pid----2088----pid-2088
---ebpf-pid----2088----pid-1
---ebpf-pid----2088----pid-2088
---ebpf-pid----2088----pid-1
---ebpf-pid----2088----pid-2088
---ebpf-pid----2088----pid-1
---ebpf-pid----2088----pid-2088
---ebpf-pid----2088----pid-1
---ebpf-pid----2088----pid-2088
---ebpf-pid----2088----pid-1
---ebpf-pid----2088----pid-2088
---ebpf-pid----2088----pid-1
---ebpf-pid----2088----pid-2088
---ebpf-pid----2088----pid-1
---ebpf-pid----2088----pid-2088
---ebpf-pid----2088----pid-1
---ebpf-pid----2088----pid-2088
---ebpf-pid----2088----pid-1
---ebpf-pid----2088----pid-2088
---ebpf-pid----2088----pid-1
---ebpf-pid----2088----pid-2088
---ebpf-pid----2088----pid-1
---ebpf-pid----2088----pid-2088
---ebpf-pid----2088----pid-1
---ebpf-pid----2088----pid-2088
---ebpf-pid----2088----pid-1
---ebpf-pid----2088----pid-2088
---ebpf-pid----2088----pid-1
---ebpf-pid----2088----pid-2088
---ebpf-pid----2088----pid-1
---ebpf-pid----2088----pid-2088
---ebpf-pid----2088----pid-1
---ebpf-pid----2088----pid-2088
---ebpf-pid----2088----pid-1
---ebpf-pid----2088----pid-2088
---ebpf-pid----2088----pid-1
---ebpf-pid----2088----pid-2088
---ebpf-pid----2088----pid-1
---ebpf-pid----2088----pid-2088
---ebpf-pid----2088----pid-1
---ebpf-pid----2088----pid-2088
---ebpf-pid----2088----pid-1
---ebpf-pid----2088----pid-2088
---ebpf-pid----2088----pid-1
---ebpf-pid----2088----pid-2088
---ebpf-pid----2088----pid-1
---ebpf-pid----2088----pid-2088
---ebpf-pid----2088----pid-1
---ebpf-pid----2088----pid-2088
---ebpf-pid----2088----pid-1
---ebpf-pid----2088----pid-2088
---ebpf-pid----2088----pid-1
---ebpf-pid----2088----pid-2088
---ebpf-pid----2088----pid-1
---ebpf-pid----2088----pid-2088
---ebpf-pid----2088----pid-1
---ebpf-pid----2088----pid-2088
---ebpf-pid----2088----pid-1
---ebpf-pid----2088----pid-2088
---ebpf-pid----2088----pid-1
---ebpf-pid----2088----pid-2088
---ebpf-pid----2088----pid-1
---ebpf-pid----2088----pid-2088
---ebpf-pid----2088----pid-1
---ebpf-pid----2088----pid-2088
---ebpf-pid----2088----pid-1
---ebpf-pid----2088----pid-2088
---ebpf-pid----2088----pid-1
---ebpf-pid----2088----pid-2088
---ebpf-pid----2088----pid-1
---ebpf-pid----2088----pid-2088
---ebpf-pid----2088----pid-1
---ebpf-pid----2088----pid-2088
---ebpf-pid----2088----pid-1
---ebpf-pid----2088----pid-2088
---ebpf-pid----2088----pid-1
---ebpf-pid----2088----pid-2088
---ebpf-pid----2088----pid-1
---ebpf-pid----379067----pid-379067
---ebpf-pid----379067----pid-5476
---ebpf-pid----379067----pid-1
---ebpf-pid----379067----pid-379067
---ebpf-pid----379067----pid-5476
---ebpf-pid----379067----pid-1
---ebpf-pid----6671----pid-6671
---ebpf-pid----6671----pid-5476
---ebpf-pid----6671----pid-1
---ebpf-pid----6671----pid-6671
---ebpf-pid----6671----pid-5476
---ebpf-pid----6671----pid-1
---ebpf-pid----2029----pid-2029
---ebpf-pid----2029----pid-1
---ebpf-pid----2029----pid-2029
---ebpf-pid----2029----pid-1
---ebpf-pid----2029----pid-2029
---ebpf-pid----2029----pid-1
---ebpf-pid----2029----pid-2029
---ebpf-pid----2029----pid-1
---ebpf-pid----2029----pid-2029
---ebpf-pid----2029----pid-1
---ebpf-pid----2029----pid-2029
---ebpf-pid----2029----pid-1
---ebpf-pid----2029----pid-2029
---ebpf-pid----2029----pid-1
---ebpf-pid----2029----pid-2029
---ebpf-pid----2029----pid-1
---ebpf-pid----2029----pid-2029
---ebpf-pid----2029----pid-1
---ebpf-pid----2029----pid-2029
---ebpf-pid----2029----pid-1
---ebpf-pid----2029----pid-2029
---ebpf-pid----2029----pid-1
---ebpf-pid----2029----pid-2029
---ebpf-pid----2029----pid-1
---ebpf-pid----2029----pid-2029
---ebpf-pid----2029----pid-1
---ebpf-pid----2029----pid-2029
---ebpf-pid----2029----pid-1
---ebpf-pid----2029----pid-2029
---ebpf-pid----2029----pid-1
---ebpf-pid----2029----pid-2029
---ebpf-pid----2029----pid-1
---ebpf-pid----2029----pid-2029
---ebpf-pid----2029----pid-1
---ebpf-pid----2029----pid-2029
---ebpf-pid----2029----pid-1
---ebpf-pid----2029----pid-2029
---ebpf-pid----2029----pid-1
---ebpf-pid----2029----pid-2029
---ebpf-pid----2029----pid-1
---ebpf-pid----2029----pid-2029
---ebpf-pid----2029----pid-1
---ebpf-pid----2029----pid-2029
---ebpf-pid----2029----pid-1
---ebpf-pid----372881----pid-372881
---ebpf-pid----372881----pid-1
---ebpf-pid----5637----pid-5637
---ebpf-pid----5637----pid-1
---ebpf-pid----2088----pid-2088
---ebpf-pid----2088----pid-1
---ebpf-pid----379067----pid-379067
---ebpf-pid----379067----pid-5476
---ebpf-pid----379067----pid-1
---ebpf-pid----379067----pid-379067
---ebpf-pid----379067----pid-5476
---ebpf-pid----379067----pid-1
---ebpf-pid----2088----pid-2088
---ebpf-pid----2088----pid-1
---ebpf-pid----379067----pid-379067
---ebpf-pid----379067----pid-5476
---ebpf-pid----379067----pid-1
---ebpf-pid----379067----pid-379067
---ebpf-pid----379067----pid-5476
---ebpf-pid----379067----pid-1
---ebpf-pid----379067----pid-379067
---ebpf-pid----379067----pid-5476
---ebpf-pid----379067----pid-1
---ebpf-pid----2088----pid-2088
---ebpf-pid----2088----pid-1
---ebpf-pid----379067----pid-379067
---ebpf-pid----379067----pid-5476
---ebpf-pid----379067----pid-1
---ebpf-pid----379067----pid-379067
---ebpf-pid----379067----pid-5476
---ebpf-pid----379067----pid-1
---ebpf-pid----379067----pid-379067
---ebpf-pid----379067----pid-5476
---ebpf-pid----379067----pid-1
---ebpf-pid----379067----pid-379067
---ebpf-pid----379067----pid-5476
Failed to get process information for PID 0
---ebpf-pid----379067----pid-1
---ebpf-pid----2089----pid-2089
---ebpf-pid----2089----pid-1
---ebpf-pid----379067----pid-379067
---ebpf-pid----379067----pid-5476
---ebpf-pid----379067----pid-1
---ebpf-pid----379067----pid-379067
---ebpf-pid----379067----pid-5476
---ebpf-pid----379067----pid-1
---ebpf-pid----379067----pid-379067
---ebpf-pid----379067----pid-5476
---ebpf-pid----379067----pid-1
---ebpf-pid----379067----pid-379067
---ebpf-pid----379067----pid-5476
---ebpf-pid----379067----pid-1
---ebpf-pid----379067----pid-379067
---ebpf-pid----379067----pid-5476
---ebpf-pid----379067----pid-1
---ebpf-pid----379067----pid-379067
---ebpf-pid----379067----pid-5476
---ebpf-pid----379067----pid-1
---ebpf-pid----4716----pid-4716
---ebpf-pid----4716----pid-3323
---ebpf-pid----4716----pid-1
---ebpf-pid----4716----pid-4716
---ebpf-pid----4716----pid-3323
---ebpf-pid----4716----pid-1
---ebpf-pid----2029----pid-2029
---ebpf-pid----2029----pid-1
---ebpf-pid----2029----pid-2029
---ebpf-pid----2029----pid-1
---ebpf-pid----2029----pid-2029
---ebpf-pid----2029----pid-1
---ebpf-pid----2029----pid-2029
---ebpf-pid----2029----pid-1
---ebpf-pid----2029----pid-2029
---ebpf-pid----2029----pid-1
---ebpf-pid----2029----pid-2029
---ebpf-pid----2029----pid-1
---ebpf-pid----2029----pid-2029
---ebpf-pid----2029----pid-1
---ebpf-pid----2029----pid-2029
---ebpf-pid----2029----pid-1
---ebpf-pid----4716----pid-4716
---ebpf-pid----4716----pid-3323
---ebpf-pid----4716----pid-1
---ebpf-pid----4716----pid-4716
---ebpf-pid----4716----pid-3323
---ebpf-pid----4716----pid-1
---ebpf-pid----5707----pid-5707
---ebpf-pid----5707----pid-5476
---ebpf-pid----5707----pid-1
---ebpf-pid----5707----pid-5707
---ebpf-pid----5707----pid-5476
---ebpf-pid----5707----pid-1
---ebpf-pid----5707----pid-5707
---ebpf-pid----5707----pid-5476
---ebpf-pid----5707----pid-1
---ebpf-pid----5707----pid-5707
---ebpf-pid----5707----pid-5476
---ebpf-pid----5707----pid-1
---ebpf-pid----2088----pid-2088
---ebpf-pid----2088----pid-1
---ebpf-pid----2088----pid-2088
---ebpf-pid----2088----pid-1
---ebpf-pid----2010----pid-2010
---ebpf-pid----2010----pid-1
---ebpf-pid----2088----pid-2088
---ebpf-pid----2088----pid-1
---ebpf-pid----2088----pid-2088
---ebpf-pid----2088----pid-1
---ebpf-pid----2088----pid-2088
---ebpf-pid----2088----pid-1
---ebpf-pid----2088----pid-2088
---ebpf-pid----2088----pid-1
---ebpf-pid----2088----pid-2088
---ebpf-pid----2088----pid-1
---ebpf-pid----2088----pid-2088
---ebpf-pid----2088----pid-1
---ebpf-pid----2088----pid-2088
---ebpf-pid----2088----pid-1
---ebpf-pid----2088----pid-2088
---ebpf-pid----2088----pid-1
---ebpf-pid----2088----pid-2088
---ebpf-pid----2088----pid-1
---ebpf-pid----2088----pid-2088
---ebpf-pid----2088----pid-1
---ebpf-pid----2088----pid-2088
---ebpf-pid----2088----pid-1
---ebpf-pid----4716----pid-4716
---ebpf-pid----4716----pid-3323
---ebpf-pid----4716----pid-1
Failed to get process information for PID 0
---ebpf-pid----14----pid-14
---ebpf-pid----14----pid-2
---ebpf-pid----6671----pid-6671
---ebpf-pid----6671----pid-5476
---ebpf-pid----6671----pid-1
---ebpf-pid----6671----pid-6671
---ebpf-pid----6671----pid-5476
---ebpf-pid----6671----pid-1
---ebpf-pid----4716----pid-4716
---ebpf-pid----4716----pid-3323
---ebpf-pid----4716----pid-1
---ebpf-pid----379067----pid-379067
---ebpf-pid----379067----pid-5476
---ebpf-pid----379067----pid-1
---ebpf-pid----379067----pid-379067
---ebpf-pid----379067----pid-5476
---ebpf-pid----379067----pid-1
---ebpf-pid----379067----pid-379067
---ebpf-pid----379067----pid-5476
---ebpf-pid----379067----pid-1
---ebpf-pid----379067----pid-379067
---ebpf-pid----379067----pid-5476
---ebpf-pid----379067----pid-1
---ebpf-pid----379067----pid-379067
---ebpf-pid----379067----pid-5476
---ebpf-pid----379067----pid-1
---ebpf-pid----379067----pid-379067
---ebpf-pid----379067----pid-5476
---ebpf-pid----379067----pid-1
---ebpf-pid----379067----pid-379067
---ebpf-pid----379067----pid-5476
---ebpf-pid----379067----pid-1
---ebpf-pid----379067----pid-379067
---ebpf-pid----379067----pid-5476
---ebpf-pid----379067----pid-1
---ebpf-pid----2089----pid-2089
---ebpf-pid----2089----pid-1
---ebpf-pid----4716----pid-4716
---ebpf-pid----4716----pid-3323
---ebpf-pid----4716----pid-1
---ebpf-pid----4716----pid-4716
---ebpf-pid----4716----pid-3323
---ebpf-pid----4716----pid-1
---ebpf-pid----4716----pid-4716
---ebpf-pid----4716----pid-3323
---ebpf-pid----4716----pid-1
---ebpf-pid----5638----pid-5638
---ebpf-pid----5638----pid-1
---ebpf-pid----4716----pid-4716
---ebpf-pid----4716----pid-3323
---ebpf-pid----4716----pid-1
---ebpf-pid----379067----pid-379067
---ebpf-pid----379067----pid-5476
---ebpf-pid----379067----pid-1
---ebpf-pid----379067----pid-379067
---ebpf-pid----379067----pid-5476
---ebpf-pid----379067----pid-1
---ebpf-pid----379067----pid-379067
---ebpf-pid----379067----pid-5476
---ebpf-pid----379067----pid-1
---ebpf-pid----379067----pid-379067
---ebpf-pid----379067----pid-5476
---ebpf-pid----379067----pid-1
---ebpf-pid----448546----pid-448546
---ebpf-pid----448546----pid-1
---ebpf-pid----379067----pid-379067
---ebpf-pid----379067----pid-5476
---ebpf-pid----379067----pid-1
---ebpf-pid----379067----pid-379067
---ebpf-pid----379067----pid-5476
---ebpf-pid----379067----pid-1
---ebpf-pid----379067----pid-379067
---ebpf-pid----379067----pid-5476
---ebpf-pid----379067----pid-1
---ebpf-pid----4716----pid-4716
---ebpf-pid----4716----pid-3323
---ebpf-pid----4716----pid-1
---ebpf-pid----4716----pid-4716
---ebpf-pid----4716----pid-3323
---ebpf-pid----4716----pid-1
---ebpf-pid----4716----pid-4716
---ebpf-pid----4716----pid-3323
---ebpf-pid----4716----pid-1
---ebpf-pid----4716----pid-4716
---ebpf-pid----4716----pid-3323
---ebpf-pid----4716----pid-1
---ebpf-pid----4716----pid-4716
---ebpf-pid----4716----pid-3323
---ebpf-pid----4716----pid-1
---ebpf-pid----4716----pid-4716
---ebpf-pid----4716----pid-3323
---ebpf-pid----4716----pid-1
---ebpf-pid----4716----pid-4716
---ebpf-pid----4716----pid-3323
---ebpf-pid----4716----pid-1
---ebpf-pid----6671----pid-6671
---ebpf-pid----6671----pid-5476
---ebpf-pid----6671----pid-1
---ebpf-pid----5705----pid-5705
---ebpf-pid----5705----pid-5476
---ebpf-pid----5705----pid-1
---ebpf-pid----5705----pid-5705
---ebpf-pid----5705----pid-5476
---ebpf-pid----5705----pid-1
---ebpf-pid----5703----pid-5703
---ebpf-pid----5703----pid-5476
---ebpf-pid----5703----pid-1
---ebpf-pid----4716----pid-4716
---ebpf-pid----4716----pid-3323
---ebpf-pid----4716----pid-1
---ebpf-pid----448521----pid-448521
---ebpf-pid----448521----pid-1
---ebpf-pid----5614----pid-5614
---ebpf-pid----5614----pid-1
---ebpf-pid----2029----pid-2029
---ebpf-pid----2029----pid-1
---ebpf-pid----2029----pid-2029
---ebpf-pid----2029----pid-1
---ebpf-pid----2029----pid-2029
---ebpf-pid----2029----pid-1
---ebpf-pid----2029----pid-2029
---ebpf-pid----2029----pid-1
---ebpf-pid----2029----pid-2029
---ebpf-pid----2029----pid-1
---ebpf-pid----2029----pid-2029
---ebpf-pid----2029----pid-1
---ebpf-pid----2029----pid-2029
---ebpf-pid----2029----pid-1
---ebpf-pid----2029----pid-2029
---ebpf-pid----2029----pid-1
---ebpf-pid----2029----pid-2029
---ebpf-pid----2029----pid-1
---ebpf-pid----2029----pid-2029
---ebpf-pid----2029----pid-1
---ebpf-pid----2029----pid-2029
---ebpf-pid----2029----pid-1
---ebpf-pid----5705----pid-5705
---ebpf-pid----5705----pid-5476
---ebpf-pid----5705----pid-1
---ebpf-pid----5705----pid-5705
---ebpf-pid----5705----pid-5476
---ebpf-pid----5705----pid-1
---ebpf-pid----5705----pid-5705
---ebpf-pid----5705----pid-5476
---ebpf-pid----5705----pid-1
---ebpf-pid----5705----pid-5705
---ebpf-pid----5705----pid-5476
---ebpf-pid----5705----pid-1
---ebpf-pid----5705----pid-5705
---ebpf-pid----5705----pid-5476
---ebpf-pid----5705----pid-1
---ebpf-pid----6671----pid-6671
---ebpf-pid----6671----pid-5476
---ebpf-pid----6671----pid-1
---ebpf-pid----379067----pid-379067
---ebpf-pid----379067----pid-5476
---ebpf-pid----379067----pid-1
---ebpf-pid----379067----pid-379067
---ebpf-pid----379067----pid-5476
---ebpf-pid----379067----pid-1
---ebpf-pid----379067----pid-379067
---ebpf-pid----379067----pid-5476
---ebpf-pid----379067----pid-1
---ebpf-pid----379067----pid-379067
---ebpf-pid----379067----pid-5476
---ebpf-pid----379067----pid-1
---ebpf-pid----379067----pid-379067
---ebpf-pid----379067----pid-5476
---ebpf-pid----379067----pid-1
---ebpf-pid----379067----pid-379067
---ebpf-pid----379067----pid-5476
---ebpf-pid----379067----pid-1
---ebpf-pid----379067----pid-379067
---ebpf-pid----379067----pid-5476
---ebpf-pid----379067----pid-1
---ebpf-pid----379067----pid-379067
---ebpf-pid----379067----pid-5476
---ebpf-pid----379067----pid-1
---ebpf-pid----379067----pid-379067
---ebpf-pid----379067----pid-5476
---ebpf-pid----379067----pid-1
---ebpf-pid----379067----pid-379067
---ebpf-pid----379067----pid-5476
---ebpf-pid----379067----pid-1
---ebpf-pid----379067----pid-379067
---ebpf-pid----379067----pid-5476
---ebpf-pid----379067----pid-1
---ebpf-pid----379067----pid-379067
---ebpf-pid----379067----pid-5476
---ebpf-pid----379067----pid-1
---ebpf-pid----379067----pid-379067
---ebpf-pid----379067----pid-5476
---ebpf-pid----379067----pid-1
---ebpf-pid----379067----pid-379067
---ebpf-pid----379067----pid-5476
---ebpf-pid----379067----pid-1
---ebpf-pid----2012----pid-2012
---ebpf-pid----2012----pid-1
---ebpf-pid----2012----pid-2012
---ebpf-pid----2012----pid-1
---ebpf-pid----2012----pid-2012
---ebpf-pid----2012----pid-1
---ebpf-pid----2012----pid-2012
---ebpf-pid----2012----pid-1
---ebpf-pid----2012----pid-2012
---ebpf-pid----2012----pid-1
---ebpf-pid----2012----pid-2012
---ebpf-pid----2012----pid-1
---ebpf-pid----2012----pid-2012
---ebpf-pid----2012----pid-1
---ebpf-pid----2012----pid-2012
---ebpf-pid----2012----pid-1
---ebpf-pid----2012----pid-2012
---ebpf-pid----2012----pid-1
---ebpf-pid----6671----pid-6671
---ebpf-pid----6671----pid-5476
---ebpf-pid----6671----pid-1
---ebpf-pid----6671----pid-6671
---ebpf-pid----6671----pid-5476
---ebpf-pid----6671----pid-1
---ebpf-pid----6671----pid-6671
---ebpf-pid----6671----pid-5476
---ebpf-pid----6671----pid-1
---ebpf-pid----6671----pid-6671
---ebpf-pid----6671----pid-5476
---ebpf-pid----6671----pid-1
---ebpf-pid----6671----pid-6671
---ebpf-pid----6671----pid-5476
---ebpf-pid----6671----pid-1
---ebpf-pid----6671----pid-6671
---ebpf-pid----6671----pid-5476
---ebpf-pid----6671----pid-1
---ebpf-pid----6671----pid-6671
---ebpf-pid----6671----pid-5476
---ebpf-pid----6671----pid-1
---ebpf-pid----6671----pid-6671
---ebpf-pid----6671----pid-5476
---ebpf-pid----6671----pid-1
---ebpf-pid----6671----pid-6671
---ebpf-pid----6671----pid-5476
---ebpf-pid----6671----pid-1
---ebpf-pid----6671----pid-6671
---ebpf-pid----6671----pid-5476
---ebpf-pid----6671----pid-1
---ebpf-pid----2089----pid-2089
---ebpf-pid----2089----pid-1
---ebpf-pid----6671----pid-6671
---ebpf-pid----6671----pid-5476
---ebpf-pid----6671----pid-1
---ebpf-pid----6671----pid-6671
---ebpf-pid----6671----pid-5476
---ebpf-pid----6671----pid-1
---ebpf-pid----6671----pid-6671
---ebpf-pid----6671----pid-5476
---ebpf-pid----6671----pid-1
---ebpf-pid----379067----pid-379067
---ebpf-pid----379067----pid-5476
---ebpf-pid----379067----pid-1
---ebpf-pid----379067----pid-379067
---ebpf-pid----379067----pid-5476
---ebpf-pid----379067----pid-1
---ebpf-pid----379067----pid-379067
---ebpf-pid----379067----pid-5476
---ebpf-pid----379067----pid-1
---ebpf-pid----2029----pid-2029
---ebpf-pid----2029----pid-1
---ebpf-pid----5703----pid-5703
---ebpf-pid----5703----pid-5476
---ebpf-pid----5703----pid-1
---ebpf-pid----379067----pid-379067
---ebpf-pid----379067----pid-5476
---ebpf-pid----379067----pid-1
---ebpf-pid----379067----pid-379067
---ebpf-pid----379067----pid-5476
---ebpf-pid----379067----pid-1
---ebpf-pid----379067----pid-379067
---ebpf-pid----379067----pid-5476
---ebpf-pid----379067----pid-1
---ebpf-pid----14----pid-14
---ebpf-pid----14----pid-2
---ebpf-pid----379067----pid-379067
---ebpf-pid----379067----pid-5476
---ebpf-pid----379067----pid-1
---ebpf-pid----379067----pid-379067
---ebpf-pid----379067----pid-5476
---ebpf-pid----379067----pid-1
---ebpf-pid----2029----pid-2029
---ebpf-pid----2029----pid-1
---ebpf-pid----379067----pid-379067
---ebpf-pid----379067----pid-5476
---ebpf-pid----379067----pid-1
---ebpf-pid----379067----pid-379067
---ebpf-pid----379067----pid-5476
---ebpf-pid----379067----pid-1
---ebpf-pid----2029----pid-2029
---ebpf-pid----2029----pid-1
---ebpf-pid----379067----pid-379067
---ebpf-pid----379067----pid-5476
---ebpf-pid----379067----pid-1
---ebpf-pid----379067----pid-379067
---ebpf-pid----379067----pid-5476
---ebpf-pid----379067----pid-1
---ebpf-pid----2029----pid-2029
---ebpf-pid----2029----pid-1
---ebpf-pid----379067----pid-379067
---ebpf-pid----379067----pid-5476
---ebpf-pid----379067----pid-1
---ebpf-pid----379067----pid-379067
---ebpf-pid----379067----pid-5476
---ebpf-pid----379067----pid-1
---ebpf-pid----2029----pid-2029
---ebpf-pid----2029----pid-1
---ebpf-pid----379067----pid-379067
---ebpf-pid----379067----pid-5476
---ebpf-pid----379067----pid-1
---ebpf-pid----379067----pid-379067
---ebpf-pid----379067----pid-5476
---ebpf-pid----379067----pid-1
---ebpf-pid----379067----pid-379067
---ebpf-pid----379067----pid-5476
---ebpf-pid----379067----pid-1
---ebpf-pid----379067----pid-379067
---ebpf-pid----379067----pid-5476
---ebpf-pid----379067----pid-1
---ebpf-pid----379067----pid-379067
---ebpf-pid----379067----pid-5476
---ebpf-pid----379067----pid-1
---ebpf-pid----379067----pid-379067
---ebpf-pid----379067----pid-5476
---ebpf-pid----379067----pid-1
---ebpf-pid----448783----pid-448783
---ebpf-pid----448783----pid-448520
---ebpf-pid----448783----pid-1
---ebpf-pid----448783----pid-448783
---ebpf-pid----448783----pid-448520
---ebpf-pid----448783----pid-1
---ebpf-pid----448522----pid-448522
---ebpf-pid----448522----pid-1
---ebpf-pid----448783----pid-448783
---ebpf-pid----448783----pid-448520
---ebpf-pid----448783----pid-1
---ebpf-pid----448783----pid-448783
---ebpf-pid----448783----pid-448520
---ebpf-pid----448783----pid-1
---ebpf-pid----448783----pid-448783
---ebpf-pid----448783----pid-448520
---ebpf-pid----448783----pid-1
---ebpf-pid----448783----pid-448783
---ebpf-pid----448783----pid-448520
---ebpf-pid----448783----pid-1
---ebpf-pid----448783----pid-448783
---ebpf-pid----448783----pid-448520
---ebpf-pid----448783----pid-1
---ebpf-pid----448783----pid-448783
---ebpf-pid----448783----pid-448520
---ebpf-pid----448783----pid-1
---ebpf-pid----448783----pid-448783
---ebpf-pid----448783----pid-448520
---ebpf-pid----448783----pid-1
---ebpf-pid----448783----pid-448783
---ebpf-pid----448783----pid-448520
---ebpf-pid----448783----pid-1
---ebpf-pid----448783----pid-448783
---ebpf-pid----448783----pid-448520
---ebpf-pid----448783----pid-1
---ebpf-pid----448783----pid-448783
---ebpf-pid----448783----pid-448520
---ebpf-pid----448783----pid-1
---ebpf-pid----448783----pid-448783
---ebpf-pid----448783----pid-448520
---ebpf-pid----448783----pid-1
---ebpf-pid----379067----pid-379067
---ebpf-pid----379067----pid-5476
---ebpf-pid----379067----pid-1
---ebpf-pid----379067----pid-379067
---ebpf-pid----379067----pid-5476
---ebpf-pid----379067----pid-1
---ebpf-pid----448783----pid-448783
Failed to get process information for PID 0
Failed to get process information for PID 0
---ebpf-pid----448783----pid-448520
---ebpf-pid----448783----pid-1
---ebpf-pid----448522----pid-448522
---ebpf-pid----448522----pid-1
---ebpf-pid----4716----pid-4716
Failed to get process information for PID 0
---ebpf-pid----4716----pid-3323
---ebpf-pid----4716----pid-1
---ebpf-pid----448522----pid-448522
Failed to get process information for PID 0
---ebpf-pid----448522----pid-1
---ebpf-pid----5614----pid-5614
---ebpf-pid----5614----pid-1
---ebpf-pid----7313----pid-7313
---ebpf-pid----7313----pid-1
---ebpf-pid----7313----pid-7313
---ebpf-pid----7313----pid-1
---ebpf-pid----4716----pid-4716
---ebpf-pid----4716----pid-3323
---ebpf-pid----4716----pid-1
---ebpf-pid----6671----pid-6671
---ebpf-pid----6671----pid-5476
---ebpf-pid----6671----pid-1
---ebpf-pid----6671----pid-6671
---ebpf-pid----6671----pid-5476
---ebpf-pid----6671----pid-1
---ebpf-pid----448522----pid-448522
---ebpf-pid----448522----pid-1
---ebpf-pid----1856----pid-1856
---ebpf-pid----1856----pid-1
---ebpf-pid----4716----pid-4716
---ebpf-pid----4716----pid-3323
---ebpf-pid----4716----pid-1
---ebpf-pid----4716----pid-4716
---ebpf-pid----4716----pid-3323
---ebpf-pid----4716----pid-1
---ebpf-pid----4716----pid-4716
---ebpf-pid----4716----pid-3323
---ebpf-pid----4716----pid-1
---ebpf-pid----448522----pid-448522
---ebpf-pid----448522----pid-1
---ebpf-pid----448521----pid-448521
---ebpf-pid----448521----pid-1
---ebpf-pid----2089----pid-2089
---ebpf-pid----2089----pid-1
---ebpf-pid----448521----pid-448521
---ebpf-pid----448521----pid-1
---ebpf-pid----448521----pid-448521
---ebpf-pid----448521----pid-1
---ebpf-pid----4716----pid-4716
---ebpf-pid----4716----pid-3323
---ebpf-pid----4716----pid-1
---ebpf-pid----448522----pid-448522
---ebpf-pid----448522----pid-1
---ebpf-pid----4716----pid-4716
---ebpf-pid----4716----pid-3323
---ebpf-pid----4716----pid-1
---ebpf-pid----7313----pid-7313
---ebpf-pid----7313----pid-1
---ebpf-pid----7313----pid-7313
---ebpf-pid----7313----pid-1
---ebpf-pid----7313----pid-7313
---ebpf-pid----7313----pid-1
---ebpf-pid----448783----pid-448783
---ebpf-pid----448783----pid-448520
---ebpf-pid----448783----pid-1
---ebpf-pid----448783----pid-448783
---ebpf-pid----448783----pid-448520
---ebpf-pid----448783----pid-1
---ebpf-pid----448783----pid-448783
---ebpf-pid----448783----pid-448520
---ebpf-pid----448783----pid-1
---ebpf-pid----448783----pid-448783
---ebpf-pid----448783----pid-448520
---ebpf-pid----448783----pid-1
---ebpf-pid----448783----pid-448783
---ebpf-pid----448783----pid-448520
---ebpf-pid----448783----pid-1
---ebpf-pid----448783----pid-448783
---ebpf-pid----448783----pid-448520
---ebpf-pid----448783----pid-1
---ebpf-pid----448783----pid-448783
---ebpf-pid----448783----pid-448520
---ebpf-pid----448783----pid-1
---ebpf-pid----448783----pid-448783
---ebpf-pid----448783----pid-448520
---ebpf-pid----448783----pid-1
---ebpf-pid----448783----pid-448783
---ebpf-pid----448783----pid-448520
---ebpf-pid----448783----pid-1
---ebpf-pid----448783----pid-448783
---ebpf-pid----448783----pid-448520
---ebpf-pid----448783----pid-1
---ebpf-pid----448783----pid-448783
---ebpf-pid----448783----pid-448520
---ebpf-pid----448783----pid-1
---ebpf-pid----448783----pid-448783
---ebpf-pid----448783----pid-448520
---ebpf-pid----448783----pid-1
---ebpf-pid----448783----pid-448783
---ebpf-pid----448783----pid-448520
---ebpf-pid----448783----pid-1
---ebpf-pid----448783----pid-448783
---ebpf-pid----448783----pid-448520
---ebpf-pid----448783----pid-1
---ebpf-pid----448783----pid-448783
---ebpf-pid----448783----pid-448520
---ebpf-pid----448783----pid-1
---ebpf-pid----448783----pid-448783
---ebpf-pid----448783----pid-448520
---ebpf-pid----448783----pid-1
---ebpf-pid----448783----pid-448783
---ebpf-pid----448783----pid-448520
---ebpf-pid----448783----pid-1
---ebpf-pid----448783----pid-448783
---ebpf-pid----448783----pid-448520
---ebpf-pid----448783----pid-1
---ebpf-pid----448783----pid-448783
---ebpf-pid----448783----pid-448520
---ebpf-pid----448783----pid-1
---ebpf-pid----5705----pid-5705
---ebpf-pid----5705----pid-5476
---ebpf-pid----5705----pid-1
---ebpf-pid----5705----pid-5705
---ebpf-pid----5705----pid-5476
---ebpf-pid----5705----pid-1
---ebpf-pid----5705----pid-5705
---ebpf-pid----5705----pid-5476
---ebpf-pid----5705----pid-1
---ebpf-pid----5705----pid-5705
---ebpf-pid----5705----pid-5476
---ebpf-pid----5705----pid-1
---ebpf-pid----448783----pid-448783
---ebpf-pid----448783----pid-448520
---ebpf-pid----448783----pid-1
---ebpf-pid----448783----pid-448783
---ebpf-pid----448783----pid-448520
---ebpf-pid----448783----pid-1
---ebpf-pid----448783----pid-448783
---ebpf-pid----448783----pid-448520
---ebpf-pid----448783----pid-1
---ebpf-pid----448783----pid-448783
---ebpf-pid----448783----pid-448520
---ebpf-pid----448783----pid-1
---ebpf-pid----448783----pid-448783
---ebpf-pid----448783----pid-448520
---ebpf-pid----448783----pid-1
---ebpf-pid----448783----pid-448783
---ebpf-pid----448783----pid-448520
---ebpf-pid----448783----pid-1
---ebpf-pid----448783----pid-448783
---ebpf-pid----448783----pid-448520
---ebpf-pid----448783----pid-1
---ebpf-pid----448783----pid-448783
---ebpf-pid----448783----pid-448520
---ebpf-pid----448783----pid-1
---ebpf-pid----448783----pid-448783
---ebpf-pid----448783----pid-448520
---ebpf-pid----448783----pid-1
---ebpf-pid----448783----pid-448783
---ebpf-pid----448783----pid-448520
---ebpf-pid----448783----pid-1
---ebpf-pid----448783----pid-448783
---ebpf-pid----448783----pid-448520
---ebpf-pid----448783----pid-1
---ebpf-pid----448783----pid-448783
---ebpf-pid----448783----pid-448520
---ebpf-pid----448783----pid-1
---ebpf-pid----448783----pid-448783
---ebpf-pid----448783----pid-448520
---ebpf-pid----448783----pid-1
---ebpf-pid----448783----pid-448783
---ebpf-pid----448783----pid-448520
---ebpf-pid----448783----pid-1
---ebpf-pid----448783----pid-448783
---ebpf-pid----448783----pid-448520
---ebpf-pid----448783----pid-1
---ebpf-pid----377755----pid-377755
---ebpf-pid----377755----pid-1
---ebpf-pid----4716----pid-4716
---ebpf-pid----4716----pid-3323
---ebpf-pid----4716----pid-1
---ebpf-pid----5703----pid-5703
---ebpf-pid----5703----pid-5476
---ebpf-pid----5703----pid-1
---ebpf-pid----4716----pid-4716
---ebpf-pid----4716----pid-3323
---ebpf-pid----4716----pid-1
---ebpf-pid----4716----pid-4716
---ebpf-pid----4716----pid-3323
---ebpf-pid----4716----pid-1
---ebpf-pid----4716----pid-4716
---ebpf-pid----4716----pid-3323
---ebpf-pid----4716----pid-1
---ebpf-pid----377755----pid-377755
---ebpf-pid----377755----pid-1
---ebpf-pid----377755----pid-377755
---ebpf-pid----377755----pid-1
---ebpf-pid----377755----pid-377755
---ebpf-pid----377755----pid-1
---ebpf-pid----448783----pid-448783
---ebpf-pid----448783----pid-448520
---ebpf-pid----448783----pid-1
---ebpf-pid----448783----pid-448783
---ebpf-pid----448783----pid-448520
---ebpf-pid----448783----pid-1
---ebpf-pid----6671----pid-6671
---ebpf-pid----6671----pid-5476
---ebpf-pid----6671----pid-1
---ebpf-pid----6671----pid-6671
---ebpf-pid----6671----pid-5476
---ebpf-pid----6671----pid-1
---ebpf-pid----6671----pid-6671
---ebpf-pid----6671----pid-5476
---ebpf-pid----6671----pid-1
---ebpf-pid----448783----pid-448783
---ebpf-pid----448783----pid-448520
---ebpf-pid----448783----pid-1
---ebpf-pid----448783----pid-448783
---ebpf-pid----448783----pid-448520
---ebpf-pid----448783----pid-1
---ebpf-pid----448783----pid-448783
---ebpf-pid----448783----pid-448520
---ebpf-pid----448783----pid-1
---ebpf-pid----448783----pid-448783
---ebpf-pid----448783----pid-448520
---ebpf-pid----448783----pid-1
---ebpf-pid----448783----pid-448783
---ebpf-pid----448783----pid-448520
---ebpf-pid----448783----pid-1
---ebpf-pid----448783----pid-448783
---ebpf-pid----448783----pid-448520
---ebpf-pid----448783----pid-1
---ebpf-pid----448783----pid-448783
---ebpf-pid----448783----pid-448520
---ebpf-pid----448783----pid-1
---ebpf-pid----14----pid-14
---ebpf-pid----14----pid-2
---ebpf-pid----448783----pid-448783
---ebpf-pid----448783----pid-448520
---ebpf-pid----448783----pid-1
---ebpf-pid----448783----pid-448783
---ebpf-pid----448783----pid-448520
---ebpf-pid----448783----pid-1
---ebpf-pid----448783----pid-448783
---ebpf-pid----448783----pid-448520
---ebpf-pid----448783----pid-1
---ebpf-pid----448783----pid-448783
---ebpf-pid----448783----pid-448520
---ebpf-pid----448783----pid-1
---ebpf-pid----448783----pid-448783
---ebpf-pid----448783----pid-448520
---ebpf-pid----448783----pid-1
---ebpf-pid----448783----pid-448783
---ebpf-pid----448783----pid-448520
---ebpf-pid----448783----pid-1
---ebpf-pid----448783----pid-448783
---ebpf-pid----448783----pid-448520
---ebpf-pid----448783----pid-1
---ebpf-pid----448783----pid-448783
---ebpf-pid----448783----pid-448520
---ebpf-pid----448783----pid-1
---ebpf-pid----448783----pid-448783
---ebpf-pid----448783----pid-448520
---ebpf-pid----448783----pid-1
---ebpf-pid----448783----pid-448783
---ebpf-pid----448783----pid-448520
---ebpf-pid----448783----pid-1
---ebpf-pid----448783----pid-448783
---ebpf-pid----448783----pid-448520
---ebpf-pid----448783----pid-1
---ebpf-pid----448783----pid-448783
---ebpf-pid----448783----pid-448520
---ebpf-pid----448783----pid-1
---ebpf-pid----448783----pid-448783
---ebpf-pid----448783----pid-448520
---ebpf-pid----448783----pid-1
---ebpf-pid----448783----pid-448783
---ebpf-pid----448783----pid-448520
---ebpf-pid----448783----pid-1
---ebpf-pid----448783----pid-448783
---ebpf-pid----448783----pid-448520
---ebpf-pid----448783----pid-1
---ebpf-pid----448783----pid-448783
---ebpf-pid----448783----pid-448520
---ebpf-pid----448783----pid-1
---ebpf-pid----448783----pid-448783
---ebpf-pid----448783----pid-448520
---ebpf-pid----448783----pid-1
---ebpf-pid----448783----pid-448783
---ebpf-pid----448783----pid-448520
---ebpf-pid----448783----pid-1
---ebpf-pid----448783----pid-448783
---ebpf-pid----448783----pid-448520
---ebpf-pid----448783----pid-1
---ebpf-pid----379067----pid-379067
---ebpf-pid----379067----pid-5476
---ebpf-pid----379067----pid-1
---ebpf-pid----379067----pid-379067
---ebpf-pid----379067----pid-5476
---ebpf-pid----379067----pid-1
---ebpf-pid----379067----pid-379067
---ebpf-pid----379067----pid-5476
---ebpf-pid----379067----pid-1
---ebpf-pid----379067----pid-379067
---ebpf-pid----379067----pid-5476
---ebpf-pid----379067----pid-1
---ebpf-pid----379067----pid-379067
---ebpf-pid----379067----pid-5476
---ebpf-pid----379067----pid-1
---ebpf-pid----379067----pid-379067
---ebpf-pid----379067----pid-5476
---ebpf-pid----379067----pid-1
---ebpf-pid----379067----pid-379067
---ebpf-pid----379067----pid-5476
---ebpf-pid----379067----pid-1
---ebpf-pid----448521----pid-448521
---ebpf-pid----448521----pid-1
---ebpf-pid----5707----pid-5707
---ebpf-pid----5707----pid-5476
---ebpf-pid----5707----pid-1
---ebpf-pid----5707----pid-5707
---ebpf-pid----5707----pid-5476
---ebpf-pid----5707----pid-1
---ebpf-pid----448522----pid-448522
---ebpf-pid----448522----pid-1
---ebpf-pid----5707----pid-5707
---ebpf-pid----5707----pid-5476
---ebpf-pid----5707----pid-1
---ebpf-pid----5707----pid-5707
---ebpf-pid----5707----pid-5476
---ebpf-pid----5707----pid-1
---ebpf-pid----1856----pid-1856
---ebpf-pid----1856----pid-1
---ebpf-pid----2088----pid-2088
---ebpf-pid----2088----pid-1
---ebpf-pid----2088----pid-2088
---ebpf-pid----2088----pid-1
---ebpf-pid----379067----pid-379067
---ebpf-pid----379067----pid-5476
---ebpf-pid----379067----pid-1
---ebpf-pid----379067----pid-379067
---ebpf-pid----379067----pid-5476
---ebpf-pid----379067----pid-1
---ebpf-pid----379067----pid-379067
---ebpf-pid----379067----pid-5476
---ebpf-pid----379067----pid-1
---ebpf-pid----7313----pid-7313
---ebpf-pid----7313----pid-1
---ebpf-pid----7313----pid-7313
---ebpf-pid----7313----pid-1
---ebpf-pid----5707----pid-5707
---ebpf-pid----5707----pid-5476
---ebpf-pid----5707----pid-1
---ebpf-pid----5707----pid-5707
---ebpf-pid----5707----pid-5476
---ebpf-pid----5707----pid-1
---ebpf-pid----5707----pid-5707
---ebpf-pid----5707----pid-5476
---ebpf-pid----5707----pid-1
---ebpf-pid----1856----pid-1856
---ebpf-pid----1856----pid-1
---ebpf-pid----6671----pid-6671
---ebpf-pid----6671----pid-5476
---ebpf-pid----6671----pid-1
---ebpf-pid----6671----pid-6671
---ebpf-pid----6671----pid-5476
---ebpf-pid----6671----pid-1
---ebpf-pid----6671----pid-6671
---ebpf-pid----6671----pid-5476
---ebpf-pid----6671----pid-1
---ebpf-pid----6671----pid-6671
---ebpf-pid----6671----pid-5476
---ebpf-pid----6671----pid-1
---ebpf-pid----7313----pid-7313
---ebpf-pid----7313----pid-1
---ebpf-pid----2088----pid-2088
---ebpf-pid----2088----pid-1
---ebpf-pid----5614----pid-5614
---ebpf-pid----5614----pid-1
---ebpf-pid----377755----pid-377755
---ebpf-pid----377755----pid-1
---ebpf-pid----6671----pid-6671
---ebpf-pid----6671----pid-5476
---ebpf-pid----6671----pid-1
---ebpf-pid----6671----pid-6671
---ebpf-pid----6671----pid-5476
---ebpf-pid----6671----pid-1
---ebpf-pid----6671----pid-6671
---ebpf-pid----6671----pid-5476
---ebpf-pid----6671----pid-1
---ebpf-pid----6671----pid-6671
---ebpf-pid----6671----pid-5476
---ebpf-pid----6671----pid-1
---ebpf-pid----6671----pid-6671
---ebpf-pid----6671----pid-5476
---ebpf-pid----6671----pid-1
---ebpf-pid----6671----pid-6671
---ebpf-pid----6671----pid-5476
---ebpf-pid----6671----pid-1
---ebpf-pid----6671----pid-6671
---ebpf-pid----6671----pid-5476
---ebpf-pid----6671----pid-1
---ebpf-pid----6671----pid-6671
---ebpf-pid----6671----pid-5476
---ebpf-pid----6671----pid-1
---ebpf-pid----6671----pid-6671
---ebpf-pid----6671----pid-5476
---ebpf-pid----6671----pid-1
---ebpf-pid----448521----pid-448521
---ebpf-pid----448521----pid-1
---ebpf-pid----5707----pid-5707
---ebpf-pid----5707----pid-5476
---ebpf-pid----5707----pid-1
---ebpf-pid----5707----pid-5707
---ebpf-pid----5707----pid-5476
---ebpf-pid----5707----pid-1
---ebpf-pid----2089----pid-2089
---ebpf-pid----2089----pid-1
---ebpf-pid----2089----pid-2089
---ebpf-pid----2089----pid-1
---ebpf-pid----2089----pid-2089
---ebpf-pid----2089----pid-1
---ebpf-pid----2089----pid-2089
---ebpf-pid----2089----pid-1
---ebpf-pid----5707----pid-5707
---ebpf-pid----5707----pid-5476
---ebpf-pid----5707----pid-1
---ebpf-pid----5707----pid-5707
---ebpf-pid----5707----pid-5476
---ebpf-pid----5707----pid-1
---ebpf-pid----5707----pid-5707
---ebpf-pid----5707----pid-5476
---ebpf-pid----5707----pid-1
---ebpf-pid----5707----pid-5707
---ebpf-pid----5707----pid-5476
---ebpf-pid----5707----pid-1
---ebpf-pid----5707----pid-5707
---ebpf-pid----5707----pid-5476
---ebpf-pid----5707----pid-1
---ebpf-pid----5707----pid-5707
---ebpf-pid----5707----pid-5476
---ebpf-pid----5707----pid-1
---ebpf-pid----5707----pid-5707
---ebpf-pid----5707----pid-5476
---ebpf-pid----5707----pid-1
---ebpf-pid----5707----pid-5707
---ebpf-pid----5707----pid-5476
---ebpf-pid----5707----pid-1
---ebpf-pid----5707----pid-5707
---ebpf-pid----5707----pid-5476
---ebpf-pid----5707----pid-1
---ebpf-pid----5707----pid-5707
---ebpf-pid----5707----pid-5476
---ebpf-pid----5707----pid-1
---ebpf-pid----5707----pid-5707
---ebpf-pid----5707----pid-5476
---ebpf-pid----5707----pid-1
---ebpf-pid----5707----pid-5707
---ebpf-pid----5707----pid-5476
---ebpf-pid----5707----pid-1
---ebpf-pid----5707----pid-5707
---ebpf-pid----5707----pid-5476
---ebpf-pid----5707----pid-1
---ebpf-pid----5707----pid-5707
---ebpf-pid----5707----pid-5476
---ebpf-pid----5707----pid-1
---ebpf-pid----5707----pid-5707
---ebpf-pid----5707----pid-5476
---ebpf-pid----5707----pid-1
---ebpf-pid----5707----pid-5707
---ebpf-pid----5707----pid-5476
---ebpf-pid----5707----pid-1
---ebpf-pid----5707----pid-5707
---ebpf-pid----5707----pid-5476
---ebpf-pid----5707----pid-1
---ebpf-pid----5707----pid-5707
---ebpf-pid----5707----pid-5476
---ebpf-pid----5707----pid-1
---ebpf-pid----5707----pid-5707
---ebpf-pid----5707----pid-5476
---ebpf-pid----5707----pid-1
---ebpf-pid----5707----pid-5707
---ebpf-pid----5707----pid-5476
---ebpf-pid----5707----pid-1
---ebpf-pid----5707----pid-5707
---ebpf-pid----5707----pid-5476
---ebpf-pid----5707----pid-1
---ebpf-pid----5707----pid-5707
---ebpf-pid----5707----pid-5476
---ebpf-pid----5707----pid-1
---ebpf-pid----5707----pid-5707
---ebpf-pid----5707----pid-5476
---ebpf-pid----5707----pid-1
---ebpf-pid----5707----pid-5707
---ebpf-pid----5707----pid-5476
---ebpf-pid----5707----pid-1
---ebpf-pid----5707----pid-5707
---ebpf-pid----5707----pid-5476
---ebpf-pid----5707----pid-1
---ebpf-pid----5707----pid-5707
---ebpf-pid----5707----pid-5476
---ebpf-pid----5707----pid-1
---ebpf-pid----5707----pid-5707
---ebpf-pid----5707----pid-5476
---ebpf-pid----5707----pid-1
---ebpf-pid----5707----pid-5707
---ebpf-pid----5707----pid-5476
---ebpf-pid----5707----pid-1
---ebpf-pid----5707----pid-5707
---ebpf-pid----5707----pid-5476
---ebpf-pid----5707----pid-1
---ebpf-pid----5707----pid-5707
---ebpf-pid----5707----pid-5476
---ebpf-pid----5707----pid-1
---ebpf-pid----5707----pid-5707
---ebpf-pid----5707----pid-5476
---ebpf-pid----5707----pid-1
---ebpf-pid----5707----pid-5707
---ebpf-pid----5707----pid-5476
---ebpf-pid----5707----pid-1
---ebpf-pid----5707----pid-5707
---ebpf-pid----5707----pid-5476
---ebpf-pid----5707----pid-1
---ebpf-pid----5707----pid-5707
---ebpf-pid----5707----pid-5476
---ebpf-pid----5707----pid-1
---ebpf-pid----5705----pid-5705
---ebpf-pid----5705----pid-5476
---ebpf-pid----5705----pid-1
---ebpf-pid----5705----pid-5705
---ebpf-pid----5705----pid-5476
---ebpf-pid----5705----pid-1
---ebpf-pid----1856----pid-1856
---ebpf-pid----1856----pid-1
---ebpf-pid----5707----pid-5707
---ebpf-pid----5707----pid-5476
---ebpf-pid----5707----pid-1
---ebpf-pid----5707----pid-5707
---ebpf-pid----5707----pid-5476
---ebpf-pid----5707----pid-1
---ebpf-pid----5707----pid-5707
---ebpf-pid----5707----pid-5476
---ebpf-pid----5707----pid-1
---ebpf-pid----7313----pid-7313
---ebpf-pid----7313----pid-1
---ebpf-pid----5707----pid-5707
---ebpf-pid----5707----pid-5476
---ebpf-pid----5707----pid-1
---ebpf-pid----5707----pid-5707
---ebpf-pid----5707----pid-5476
---ebpf-pid----5707----pid-1
---ebpf-pid----5707----pid-5707
---ebpf-pid----5707----pid-5476
---ebpf-pid----5707----pid-1
---ebpf-pid----5707----pid-5707
---ebpf-pid----5707----pid-5476
---ebpf-pid----5707----pid-1
---ebpf-pid----5707----pid-5707
---ebpf-pid----5707----pid-5476
---ebpf-pid----5707----pid-1
---ebpf-pid----2089----pid-2089
---ebpf-pid----2089----pid-1
---ebpf-pid----2089----pid-2089
---ebpf-pid----2089----pid-1
---ebpf-pid----2089----pid-2089
---ebpf-pid----2089----pid-1
---ebpf-pid----2089----pid-2089
---ebpf-pid----2089----pid-1
---ebpf-pid----2089----pid-2089
---ebpf-pid----2089----pid-1
---ebpf-pid----2089----pid-2089
---ebpf-pid----2089----pid-1
---ebpf-pid----2089----pid-2089
---ebpf-pid----2089----pid-1
---ebpf-pid----2089----pid-2089
---ebpf-pid----2089----pid-1
---ebpf-pid----2089----pid-2089
---ebpf-pid----2089----pid-1
---ebpf-pid----448546----pid-448546
---ebpf-pid----448546----pid-1
---ebpf-pid----5707----pid-5707
---ebpf-pid----5707----pid-5476
---ebpf-pid----5707----pid-1
---ebpf-pid----5707----pid-5707
---ebpf-pid----5707----pid-5476
---ebpf-pid----5707----pid-1
---ebpf-pid----448521----pid-448521
---ebpf-pid----448521----pid-1
---ebpf-pid----5707----pid-5707
---ebpf-pid----5707----pid-5476
---ebpf-pid----5707----pid-1
---ebpf-pid----5707----pid-5707
---ebpf-pid----5707----pid-5476
---ebpf-pid----5707----pid-1
---ebpf-pid----5707----pid-5707
---ebpf-pid----5707----pid-5476
---ebpf-pid----5707----pid-1
---ebpf-pid----5707----pid-5707
---ebpf-pid----5707----pid-5476
---ebpf-pid----5707----pid-1
---ebpf-pid----5707----pid-5707
---ebpf-pid----5707----pid-5476
---ebpf-pid----5707----pid-1
---ebpf-pid----5707----pid-5707
---ebpf-pid----5707----pid-5476
---ebpf-pid----5707----pid-1
---ebpf-pid----5707----pid-5707
---ebpf-pid----5707----pid-5476
---ebpf-pid----5707----pid-1
---ebpf-pid----5707----pid-5707
---ebpf-pid----5707----pid-5476
---ebpf-pid----5707----pid-1
---ebpf-pid----5707----pid-5707
---ebpf-pid----5707----pid-5476
---ebpf-pid----5707----pid-1
---ebpf-pid----5705----pid-5705
---ebpf-pid----5705----pid-5476
---ebpf-pid----5705----pid-1
---ebpf-pid----448546----pid-448546
---ebpf-pid----448546----pid-1
---ebpf-pid----5637----pid-5637
---ebpf-pid----5637----pid-1
---ebpf-pid----5637----pid-5637
---ebpf-pid----5637----pid-1
---ebpf-pid----448521----pid-448521
---ebpf-pid----448521----pid-1
---ebpf-pid----2088----pid-2088
---ebpf-pid----2088----pid-1
---ebpf-pid----5707----pid-5707
---ebpf-pid----5707----pid-5476
---ebpf-pid----5707----pid-1
---ebpf-pid----5707----pid-5707
---ebpf-pid----5707----pid-5476
---ebpf-pid----5707----pid-1
---ebpf-pid----5707----pid-5707
---ebpf-pid----5707----pid-5476
---ebpf-pid----5707----pid-1
---ebpf-pid----5707----pid-5707
---ebpf-pid----5707----pid-5476
---ebpf-pid----5707----pid-1
---ebpf-pid----5707----pid-5707
---ebpf-pid----5707----pid-5476
---ebpf-pid----5707----pid-1
---ebpf-pid----5707----pid-5707
---ebpf-pid----5707----pid-5476
---ebpf-pid----5707----pid-1
---ebpf-pid----5707----pid-5707
---ebpf-pid----5707----pid-5476
---ebpf-pid----5707----pid-1
---ebpf-pid----5707----pid-5707
---ebpf-pid----5707----pid-5476
---ebpf-pid----5707----pid-1
---ebpf-pid----5707----pid-5707
---ebpf-pid----5707----pid-5476
---ebpf-pid----5707----pid-1
---ebpf-pid----5707----pid-5707
---ebpf-pid----5707----pid-5476
---ebpf-pid----5707----pid-1
---ebpf-pid----5707----pid-5707
---ebpf-pid----5707----pid-5476
---ebpf-pid----5707----pid-1
---ebpf-pid----5707----pid-5707
---ebpf-pid----5707----pid-5476
---ebpf-pid----5707----pid-1
---ebpf-pid----5707----pid-5707
---ebpf-pid----5707----pid-5476
---ebpf-pid----5707----pid-1
---ebpf-pid----5707----pid-5707
---ebpf-pid----5707----pid-5476
---ebpf-pid----5707----pid-1
---ebpf-pid----5707----pid-5707
---ebpf-pid----5707----pid-5476
---ebpf-pid----5707----pid-1
---ebpf-pid----5707----pid-5707
---ebpf-pid----5707----pid-5476
---ebpf-pid----5707----pid-1
---ebpf-pid----5707----pid-5707
---ebpf-pid----5707----pid-5476
---ebpf-pid----5707----pid-1
---ebpf-pid----5707----pid-5707
---ebpf-pid----5707----pid-5476
---ebpf-pid----5707----pid-1
---ebpf-pid----5707----pid-5707
---ebpf-pid----5707----pid-5476
---ebpf-pid----5707----pid-1
---ebpf-pid----2088----pid-2088
---ebpf-pid----2088----pid-1
---ebpf-pid----1856----pid-1856
---ebpf-pid----1856----pid-1
---ebpf-pid----2088----pid-2088
---ebpf-pid----2088----pid-1
---ebpf-pid----5707----pid-5707
---ebpf-pid----5707----pid-5476
---ebpf-pid----5707----pid-1
---ebpf-pid----5707----pid-5707
---ebpf-pid----5707----pid-5476
---ebpf-pid----5707----pid-1
---ebpf-pid----5707----pid-5707
---ebpf-pid----5707----pid-5476
---ebpf-pid----5707----pid-1
---ebpf-pid----5707----pid-5707
---ebpf-pid----5707----pid-5476
---ebpf-pid----5707----pid-1
---ebpf-pid----5705----pid-5705
---ebpf-pid----5705----pid-5476
---ebpf-pid----5705----pid-1
---ebpf-pid----5705----pid-5705
---ebpf-pid----5705----pid-5476
---ebpf-pid----5705----pid-1
---ebpf-pid----5705----pid-5705
---ebpf-pid----5705----pid-5476
---ebpf-pid----5705----pid-1
---ebpf-pid----5705----pid-5705
---ebpf-pid----5705----pid-5476
---ebpf-pid----5705----pid-1
---ebpf-pid----5705----pid-5705
---ebpf-pid----5705----pid-5476
---ebpf-pid----5705----pid-1
---ebpf-pid----5705----pid-5705
---ebpf-pid----5705----pid-5476
---ebpf-pid----5705----pid-1
---ebpf-pid----1856----pid-1856
---ebpf-pid----1856----pid-1
---ebpf-pid----1856----pid-1856
---ebpf-pid----1856----pid-1
---ebpf-pid----5638----pid-5638
---ebpf-pid----5638----pid-1
---ebpf-pid----2089----pid-2089
---ebpf-pid----2089----pid-1
---ebpf-pid----2089----pid-2089
---ebpf-pid----2089----pid-1
---ebpf-pid----2089----pid-2089
---ebpf-pid----2089----pid-1
---ebpf-pid----2089----pid-2089
---ebpf-pid----2089----pid-1
---ebpf-pid----2089----pid-2089
---ebpf-pid----2089----pid-1
---ebpf-pid----2089----pid-2089
---ebpf-pid----2089----pid-1
---ebpf-pid----2089----pid-2089
---ebpf-pid----2089----pid-1
---ebpf-pid----2089----pid-2089
---ebpf-pid----2089----pid-1
---ebpf-pid----2089----pid-2089
---ebpf-pid----2089----pid-1
---ebpf-pid----2089----pid-2089
---ebpf-pid----2089----pid-1
---ebpf-pid----2089----pid-2089
---ebpf-pid----2089----pid-1
---ebpf-pid----4716----pid-4716
---ebpf-pid----4716----pid-3323
---ebpf-pid----4716----pid-1
---ebpf-pid----5707----pid-5707
---ebpf-pid----5707----pid-5476
---ebpf-pid----5707----pid-1
---ebpf-pid----5707----pid-5707
---ebpf-pid----5707----pid-5476
---ebpf-pid----5707----pid-1
---ebpf-pid----5707----pid-5707
---ebpf-pid----5707----pid-5476
---ebpf-pid----5707----pid-1
---ebpf-pid----5707----pid-5707
---ebpf-pid----5707----pid-5476
---ebpf-pid----5707----pid-1
---ebpf-pid----5707----pid-5707
---ebpf-pid----5707----pid-5476
---ebpf-pid----5707----pid-1
---ebpf-pid----5707----pid-5707
---ebpf-pid----5707----pid-5476
---ebpf-pid----5707----pid-1
---ebpf-pid----1856----pid-1856
---ebpf-pid----1856----pid-1
---ebpf-pid----4716----pid-4716
---ebpf-pid----4716----pid-3323
---ebpf-pid----4716----pid-1
---ebpf-pid----4716----pid-4716
---ebpf-pid----4716----pid-3323
---ebpf-pid----4716----pid-1
---ebpf-pid----5707----pid-5707
---ebpf-pid----5707----pid-5476
---ebpf-pid----5707----pid-1
---ebpf-pid----5707----pid-5707
---ebpf-pid----5707----pid-5476
---ebpf-pid----5707----pid-1
---ebpf-pid----5707----pid-5707
---ebpf-pid----5707----pid-5476
---ebpf-pid----5707----pid-1
---ebpf-pid----5707----pid-5707
---ebpf-pid----5707----pid-5476
---ebpf-pid----5707----pid-1
---ebpf-pid----5707----pid-5707
---ebpf-pid----5707----pid-5476
---ebpf-pid----5707----pid-1
---ebpf-pid----5707----pid-5707
---ebpf-pid----5707----pid-5476
---ebpf-pid----5707----pid-1
---ebpf-pid----5707----pid-5707
---ebpf-pid----5707----pid-5476
---ebpf-pid----5707----pid-1
---ebpf-pid----5707----pid-5707
---ebpf-pid----5707----pid-5476
---ebpf-pid----5707----pid-1
---ebpf-pid----5637----pid-5637
---ebpf-pid----5637----pid-1
---ebpf-pid----4716----pid-4716
---ebpf-pid----4716----pid-3323
---ebpf-pid----4716----pid-1
---ebpf-pid----5707----pid-5707
---ebpf-pid----5707----pid-5476
---ebpf-pid----5707----pid-1
---ebpf-pid----5707----pid-5707
---ebpf-pid----5707----pid-5476
---ebpf-pid----5707----pid-1
---ebpf-pid----5707----pid-5707
---ebpf-pid----5707----pid-5476
---ebpf-pid----5707----pid-1
---ebpf-pid----4716----pid-4716
---ebpf-pid----4716----pid-3323
---ebpf-pid----4716----pid-1
---ebpf-pid----4716----pid-4716
---ebpf-pid----4716----pid-3323
---ebpf-pid----4716----pid-1
---ebpf-pid----4716----pid-4716
---ebpf-pid----4716----pid-3323
---ebpf-pid----4716----pid-1
---ebpf-pid----4716----pid-4716
---ebpf-pid----4716----pid-3323
---ebpf-pid----4716----pid-1
---ebpf-pid----4716----pid-4716
---ebpf-pid----4716----pid-3323
---ebpf-pid----4716----pid-1
---ebpf-pid----4716----pid-4716
---ebpf-pid----4716----pid-3323
---ebpf-pid----4716----pid-1
---ebpf-pid----4716----pid-4716
---ebpf-pid----4716----pid-3323
---ebpf-pid----4716----pid-1
---ebpf-pid----4716----pid-4716
---ebpf-pid----4716----pid-3323
---ebpf-pid----4716----pid-1
---ebpf-pid----4716----pid-4716
---ebpf-pid----4716----pid-3323
---ebpf-pid----4716----pid-1
---ebpf-pid----5637----pid-5637
---ebpf-pid----5637----pid-1
---ebpf-pid----4716----pid-4716
---ebpf-pid----4716----pid-3323
---ebpf-pid----4716----pid-1
---ebpf-pid----4716----pid-4716
---ebpf-pid----4716----pid-3323
---ebpf-pid----4716----pid-1
---ebpf-pid----4716----pid-4716
---ebpf-pid----4716----pid-3323
---ebpf-pid----4716----pid-1
---ebpf-pid----448546----pid-448546
---ebpf-pid----448546----pid-1
---ebpf-pid----5705----pid-5705
---ebpf-pid----5705----pid-5476
---ebpf-pid----5705----pid-1
---ebpf-pid----5705----pid-5705
---ebpf-pid----5705----pid-5476
---ebpf-pid----5705----pid-1
---ebpf-pid----5637----pid-5637
---ebpf-pid----5637----pid-1
---ebpf-pid----5637----pid-5637
---ebpf-pid----5637----pid-1
---ebpf-pid----4716----pid-4716
---ebpf-pid----4716----pid-3323
---ebpf-pid----4716----pid-1
---ebpf-pid----4716----pid-4716
---ebpf-pid----4716----pid-3323
---ebpf-pid----4716----pid-1
---ebpf-pid----4716----pid-4716
---ebpf-pid----4716----pid-3323
---ebpf-pid----4716----pid-1
---ebpf-pid----4716----pid-4716
---ebpf-pid----4716----pid-3323
---ebpf-pid----4716----pid-1
---ebpf-pid----5637----pid-5637
---ebpf-pid----5637----pid-1
---ebpf-pid----4716----pid-4716
---ebpf-pid----4716----pid-3323
---ebpf-pid----4716----pid-1
---ebpf-pid----4716----pid-4716
---ebpf-pid----4716----pid-3323
---ebpf-pid----4716----pid-1
---ebpf-pid----4716----pid-4716
---ebpf-pid----4716----pid-3323
---ebpf-pid----4716----pid-1
---ebpf-pid----4716----pid-4716
---ebpf-pid----4716----pid-3323
---ebpf-pid----4716----pid-1
---ebpf-pid----4716----pid-4716
---ebpf-pid----4716----pid-3323
---ebpf-pid----4716----pid-1
---ebpf-pid----5637----pid-5637
---ebpf-pid----5637----pid-1
---ebpf-pid----4716----pid-4716
---ebpf-pid----4716----pid-3323
---ebpf-pid----4716----pid-1
---ebpf-pid----5637----pid-5637
---ebpf-pid----5637----pid-1
---ebpf-pid----4716----pid-4716
---ebpf-pid----4716----pid-3323
---ebpf-pid----4716----pid-1
---ebpf-pid----4716----pid-4716
---ebpf-pid----4716----pid-3323
---ebpf-pid----4716----pid-1
---ebpf-pid----4716----pid-4716
---ebpf-pid----4716----pid-3323
---ebpf-pid----4716----pid-1
---ebpf-pid----4716----pid-4716
---ebpf-pid----4716----pid-3323
---ebpf-pid----4716----pid-1
---ebpf-pid----5637----pid-5637
---ebpf-pid----5637----pid-1
---ebpf-pid----4716----pid-4716
---ebpf-pid----4716----pid-3323
---ebpf-pid----4716----pid-1
---ebpf-pid----4716----pid-4716
---ebpf-pid----4716----pid-3323
---ebpf-pid----4716----pid-1
---ebpf-pid----5637----pid-5637
---ebpf-pid----5637----pid-1
---ebpf-pid----4716----pid-4716
---ebpf-pid----4716----pid-3323
---ebpf-pid----4716----pid-1
---ebpf-pid----4716----pid-4716
---ebpf-pid----4716----pid-3323
---ebpf-pid----4716----pid-1
---ebpf-pid----5637----pid-5637
---ebpf-pid----5637----pid-1
---ebpf-pid----5637----pid-5637
---ebpf-pid----5637----pid-1
---ebpf-pid----5637----pid-5637
---ebpf-pid----5637----pid-1
---ebpf-pid----5637----pid-5637
---ebpf-pid----5637----pid-1
---ebpf-pid----5637----pid-5637
---ebpf-pid----5637----pid-1
---ebpf-pid----5637----pid-5637
---ebpf-pid----5637----pid-1
---ebpf-pid----4716----pid-4716
---ebpf-pid----4716----pid-3323
---ebpf-pid----4716----pid-1
---ebpf-pid----4716----pid-4716
---ebpf-pid----4716----pid-3323
---ebpf-pid----4716----pid-1
---ebpf-pid----4716----pid-4716
---ebpf-pid----4716----pid-3323
---ebpf-pid----4716----pid-1
---ebpf-pid----4716----pid-4716
---ebpf-pid----4716----pid-3323
---ebpf-pid----4716----pid-1
---ebpf-pid----4716----pid-4716
---ebpf-pid----4716----pid-3323
---ebpf-pid----4716----pid-1
---ebpf-pid----4716----pid-4716
---ebpf-pid----4716----pid-3323
---ebpf-pid----4716----pid-1
---ebpf-pid----4716----pid-4716
---ebpf-pid----4716----pid-3323
---ebpf-pid----4716----pid-1
---ebpf-pid----4716----pid-4716
---ebpf-pid----4716----pid-3323
---ebpf-pid----4716----pid-1
---ebpf-pid----4716----pid-4716
---ebpf-pid----4716----pid-3323
---ebpf-pid----4716----pid-1
---ebpf-pid----4716----pid-4716
---ebpf-pid----4716----pid-3323
---ebpf-pid----4716----pid-1
---ebpf-pid----4716----pid-4716
---ebpf-pid----4716----pid-3323
---ebpf-pid----4716----pid-1
---ebpf-pid----4716----pid-4716
---ebpf-pid----4716----pid-3323
---ebpf-pid----4716----pid-1
---ebpf-pid----4716----pid-4716
---ebpf-pid----4716----pid-3323
---ebpf-pid----4716----pid-1
---ebpf-pid----4716----pid-4716
---ebpf-pid----4716----pid-3323
---ebpf-pid----4716----pid-1
---ebpf-pid----4716----pid-4716
---ebpf-pid----4716----pid-3323
---ebpf-pid----4716----pid-1
---ebpf-pid----4716----pid-4716
---ebpf-pid----4716----pid-3323
---ebpf-pid----4716----pid-1
---ebpf-pid----4716----pid-4716
---ebpf-pid----4716----pid-3323
---ebpf-pid----4716----pid-1
---ebpf-pid----4716----pid-4716
---ebpf-pid----4716----pid-3323
---ebpf-pid----4716----pid-1
---ebpf-pid----4716----pid-4716
---ebpf-pid----4716----pid-3323
---ebpf-pid----4716----pid-1
---ebpf-pid----4716----pid-4716
---ebpf-pid----4716----pid-3323
---ebpf-pid----4716----pid-1
---ebpf-pid----4716----pid-4716
---ebpf-pid----4716----pid-3323
---ebpf-pid----4716----pid-1
---ebpf-pid----4716----pid-4716
---ebpf-pid----4716----pid-3323
---ebpf-pid----4716----pid-1
---ebpf-pid----4716----pid-4716
---ebpf-pid----4716----pid-3323
---ebpf-pid----4716----pid-1
---ebpf-pid----4716----pid-4716
---ebpf-pid----4716----pid-3323
---ebpf-pid----4716----pid-1
---ebpf-pid----4716----pid-4716
---ebpf-pid----4716----pid-3323
---ebpf-pid----4716----pid-1
---ebpf-pid----4716----pid-4716
---ebpf-pid----4716----pid-3323
---ebpf-pid----4716----pid-1
---ebpf-pid----4716----pid-4716
---ebpf-pid----4716----pid-3323
---ebpf-pid----4716----pid-1
---ebpf-pid----4716----pid-4716
---ebpf-pid----4716----pid-3323
---ebpf-pid----4716----pid-1
---ebpf-pid----4716----pid-4716
---ebpf-pid----4716----pid-3323
---ebpf-pid----4716----pid-1
---ebpf-pid----4716----pid-4716
---ebpf-pid----4716----pid-3323
---ebpf-pid----4716----pid-1
---ebpf-pid----4716----pid-4716
---ebpf-pid----4716----pid-3323
---ebpf-pid----4716----pid-1
---ebpf-pid----4716----pid-4716
---ebpf-pid----4716----pid-3323
---ebpf-pid----4716----pid-1
---ebpf-pid----4716----pid-4716
---ebpf-pid----4716----pid-3323
---ebpf-pid----4716----pid-1
---ebpf-pid----4716----pid-4716
---ebpf-pid----4716----pid-3323
---ebpf-pid----4716----pid-1
---ebpf-pid----4716----pid-4716
---ebpf-pid----4716----pid-3323
---ebpf-pid----4716----pid-1
---ebpf-pid----4716----pid-4716
---ebpf-pid----4716----pid-3323
---ebpf-pid----4716----pid-1
---ebpf-pid----4716----pid-4716
---ebpf-pid----4716----pid-3323
---ebpf-pid----4716----pid-1
---ebpf-pid----4716----pid-4716
---ebpf-pid----4716----pid-3323
---ebpf-pid----4716----pid-1
---ebpf-pid----4716----pid-4716
---ebpf-pid----4716----pid-3323
---ebpf-pid----4716----pid-1
---ebpf-pid----4716----pid-4716
---ebpf-pid----4716----pid-3323
---ebpf-pid----4716----pid-1
---ebpf-pid----4716----pid-4716
---ebpf-pid----4716----pid-3323
---ebpf-pid----4716----pid-1
---ebpf-pid----4716----pid-4716
---ebpf-pid----4716----pid-3323
---ebpf-pid----4716----pid-1
---ebpf-pid----4716----pid-4716
---ebpf-pid----4716----pid-3323
---ebpf-pid----4716----pid-1
---ebpf-pid----4716----pid-4716
---ebpf-pid----4716----pid-3323
---ebpf-pid----4716----pid-1
---ebpf-pid----4716----pid-4716
---ebpf-pid----4716----pid-3323
---ebpf-pid----4716----pid-1
---ebpf-pid----7313----pid-7313
---ebpf-pid----7313----pid-1
---ebpf-pid----4716----pid-4716
---ebpf-pid----4716----pid-3323
---ebpf-pid----4716----pid-1
---ebpf-pid----4716----pid-4716
---ebpf-pid----4716----pid-3323
---ebpf-pid----4716----pid-1
---ebpf-pid----7313----pid-7313
---ebpf-pid----7313----pid-1
---ebpf-pid----4716----pid-4716
---ebpf-pid----4716----pid-3323
---ebpf-pid----4716----pid-1
---ebpf-pid----4716----pid-4716
---ebpf-pid----4716----pid-3323
---ebpf-pid----4716----pid-1
---ebpf-pid----7313----pid-7313
---ebpf-pid----7313----pid-1
---ebpf-pid----379067----pid-379067
---ebpf-pid----379067----pid-5476
---ebpf-pid----379067----pid-1
---ebpf-pid----379067----pid-379067
---ebpf-pid----379067----pid-5476
---ebpf-pid----379067----pid-1
---ebpf-pid----379067----pid-379067
---ebpf-pid----379067----pid-5476
---ebpf-pid----379067----pid-1
---ebpf-pid----379067----pid-379067
---ebpf-pid----379067----pid-5476
---ebpf-pid----379067----pid-1
---ebpf-pid----379067----pid-379067
---ebpf-pid----379067----pid-5476
---ebpf-pid----379067----pid-1
---ebpf-pid----379067----pid-379067
---ebpf-pid----379067----pid-5476
---ebpf-pid----379067----pid-1
---ebpf-pid----379067----pid-379067
---ebpf-pid----379067----pid-5476
---ebpf-pid----379067----pid-1
---ebpf-pid----379067----pid-379067
---ebpf-pid----379067----pid-5476
---ebpf-pid----379067----pid-1
---ebpf-pid----379067----pid-379067
---ebpf-pid----379067----pid-5476
Failed to get process information for PID 448891
Failed to get process information for PID 448891
Failed to get process information for PID 448891
Failed to get process information for PID 448891
Failed to get process information for PID 448891
Failed to get process information for PID 448891
Failed to get process information for PID 448891
Failed to get process information for PID 448891
Failed to get process information for PID 448891
---ebpf-pid----379067----pid-1
---ebpf-pid----379067----pid-379067
---ebpf-pid----379067----pid-5476
---ebpf-pid----379067----pid-1
---ebpf-pid----379067----pid-379067
---ebpf-pid----379067----pid-5476
---ebpf-pid----379067----pid-1
---ebpf-pid----4716----pid-4716
---ebpf-pid----4716----pid-3323
---ebpf-pid----4716----pid-1
---ebpf-pid----8974----pid-8974
---ebpf-pid----8974----pid-7431
---ebpf-pid----8974----pid-1
---ebpf-pid----8974----pid-8974
---ebpf-pid----8974----pid-7431
---ebpf-pid----8974----pid-1
---ebpf-pid----8974----pid-8974
---ebpf-pid----8974----pid-7431
---ebpf-pid----8974----pid-1
---ebpf-pid----8974----pid-8974
---ebpf-pid----8974----pid-7431
Failed to get process information for PID 448891
---ebpf-pid----8974----pid-1
---ebpf-pid----9253----pid-9253
---ebpf-pid----9253----pid-8974
---ebpf-pid----9253----pid-7431
---ebpf-pid----9253----pid-1
---ebpf-pid----5705----pid-5705
---ebpf-pid----5705----pid-5476
---ebpf-pid----5705----pid-1
---ebpf-pid----379067----pid-379067
---ebpf-pid----379067----pid-5476
---ebpf-pid----379067----pid-1
---ebpf-pid----379067----pid-379067
---ebpf-pid----379067----pid-5476
---ebpf-pid----379067----pid-1
---ebpf-pid----5705----pid-5705
---ebpf-pid----5705----pid-5476
---ebpf-pid----5705----pid-1
---ebpf-pid----5705----pid-5705
---ebpf-pid----5705----pid-5476
---ebpf-pid----5705----pid-1
---ebpf-pid----379067----pid-379067
---ebpf-pid----379067----pid-5476
---ebpf-pid----379067----pid-1
---ebpf-pid----379067----pid-379067
---ebpf-pid----379067----pid-5476
---ebpf-pid----379067----pid-1
---ebpf-pid----379067----pid-379067
---ebpf-pid----379067----pid-5476
---ebpf-pid----379067----pid-1
---ebpf-pid----379067----pid-379067
---ebpf-pid----379067----pid-5476
---ebpf-pid----379067----pid-1
---ebpf-pid----5705----pid-5705
---ebpf-pid----5705----pid-5476
---ebpf-pid----5705----pid-1
---ebpf-pid----5705----pid-5705
---ebpf-pid----5705----pid-5476
---ebpf-pid----5705----pid-1
---ebpf-pid----448546----pid-448546
---ebpf-pid----448546----pid-1
---ebpf-pid----379067----pid-379067
---ebpf-pid----379067----pid-5476
---ebpf-pid----379067----pid-1
---ebpf-pid----379067----pid-379067
---ebpf-pid----379067----pid-5476
---ebpf-pid----379067----pid-1
---ebpf-pid----7313----pid-7313
---ebpf-pid----7313----pid-1
---ebpf-pid----379067----pid-379067
---ebpf-pid----379067----pid-5476
---ebpf-pid----379067----pid-1
---ebpf-pid----379067----pid-379067
---ebpf-pid----379067----pid-5476
---ebpf-pid----379067----pid-1
---ebpf-pid----379067----pid-379067
---ebpf-pid----379067----pid-5476
---ebpf-pid----379067----pid-1
---ebpf-pid----379067----pid-379067
---ebpf-pid----379067----pid-5476
---ebpf-pid----379067----pid-1
---ebpf-pid----379067----pid-379067
---ebpf-pid----379067----pid-5476
---ebpf-pid----379067----pid-1
---ebpf-pid----379067----pid-379067
---ebpf-pid----379067----pid-5476
---ebpf-pid----379067----pid-1
---ebpf-pid----379067----pid-379067
---ebpf-pid----379067----pid-5476
---ebpf-pid----379067----pid-1
---ebpf-pid----379067----pid-379067
---ebpf-pid----379067----pid-5476
---ebpf-pid----379067----pid-1
---ebpf-pid----379067----pid-379067
---ebpf-pid----379067----pid-5476
---ebpf-pid----379067----pid-1
---ebpf-pid----379067----pid-379067
---ebpf-pid----379067----pid-5476
---ebpf-pid----379067----pid-1
---ebpf-pid----448546----pid-448546
---ebpf-pid----448546----pid-1
---ebpf-pid----379067----pid-379067
---ebpf-pid----379067----pid-5476
---ebpf-pid----379067----pid-1
---ebpf-pid----379067----pid-379067
---ebpf-pid----379067----pid-5476
---ebpf-pid----379067----pid-1
---ebpf-pid----379067----pid-379067
---ebpf-pid----379067----pid-5476
---ebpf-pid----379067----pid-1
---ebpf-pid----379067----pid-379067
---ebpf-pid----379067----pid-5476
---ebpf-pid----379067----pid-1
---ebpf-pid----379067----pid-379067
---ebpf-pid----379067----pid-5476
---ebpf-pid----379067----pid-1
---ebpf-pid----379067----pid-379067
---ebpf-pid----379067----pid-5476
---ebpf-pid----379067----pid-1
---ebpf-pid----379067----pid-379067
---ebpf-pid----379067----pid-5476
---ebpf-pid----379067----pid-1
---ebpf-pid----379067----pid-379067
---ebpf-pid----379067----pid-5476
---ebpf-pid----379067----pid-1
---ebpf-pid----379067----pid-379067
---ebpf-pid----379067----pid-5476
---ebpf-pid----379067----pid-1
---ebpf-pid----379067----pid-379067
---ebpf-pid----379067----pid-5476
---ebpf-pid----379067----pid-1
---ebpf-pid----379067----pid-379067
---ebpf-pid----379067----pid-5476
---ebpf-pid----379067----pid-1
---ebpf-pid----448546----pid-448546
---ebpf-pid----448546----pid-1
---ebpf-pid----2029----pid-2029
---ebpf-pid----2029----pid-1
---ebpf-pid----2029----pid-2029
---ebpf-pid----2029----pid-1
---ebpf-pid----2029----pid-2029
---ebpf-pid----2029----pid-1
---ebpf-pid----5614----pid-5614
---ebpf-pid----5614----pid-1
---ebpf-pid----5614----pid-5614
---ebpf-pid----5614----pid-1
---ebpf-pid----6671----pid-6671
---ebpf-pid----6671----pid-5476
---ebpf-pid----6671----pid-1
---ebpf-pid----6671----pid-6671
---ebpf-pid----6671----pid-5476
---ebpf-pid----6671----pid-1
---ebpf-pid----6671----pid-6671
---ebpf-pid----6671----pid-5476
---ebpf-pid----6671----pid-1
---ebpf-pid----6671----pid-6671
---ebpf-pid----6671----pid-5476
---ebpf-pid----6671----pid-1
---ebpf-pid----6671----pid-6671
---ebpf-pid----6671----pid-5476
---ebpf-pid----6671----pid-1
---ebpf-pid----6671----pid-6671
---ebpf-pid----6671----pid-5476
---ebpf-pid----6671----pid-1
---ebpf-pid----6671----pid-6671
---ebpf-pid----6671----pid-5476
---ebpf-pid----6671----pid-1
---ebpf-pid----6671----pid-6671
---ebpf-pid----6671----pid-5476
---ebpf-pid----6671----pid-1
---ebpf-pid----6671----pid-6671
---ebpf-pid----6671----pid-5476
---ebpf-pid----6671----pid-1
---ebpf-pid----6671----pid-6671
---ebpf-pid----6671----pid-5476
---ebpf-pid----6671----pid-1
---ebpf-pid----6671----pid-6671
---ebpf-pid----6671----pid-5476
---ebpf-pid----6671----pid-1
---ebpf-pid----6671----pid-6671
---ebpf-pid----6671----pid-5476
---ebpf-pid----6671----pid-1
---ebpf-pid----6671----pid-6671
---ebpf-pid----6671----pid-5476
---ebpf-pid----6671----pid-1
---ebpf-pid----6671----pid-6671
---ebpf-pid----6671----pid-5476
---ebpf-pid----6671----pid-1
---ebpf-pid----6671----pid-6671
---ebpf-pid----6671----pid-5476
---ebpf-pid----6671----pid-1
---ebpf-pid----6671----pid-6671
---ebpf-pid----6671----pid-5476
---ebpf-pid----6671----pid-1
---ebpf-pid----5637----pid-5637
---ebpf-pid----5637----pid-1
---ebpf-pid----6671----pid-6671
---ebpf-pid----6671----pid-5476
---ebpf-pid----6671----pid-1
---ebpf-pid----6671----pid-6671
---ebpf-pid----6671----pid-5476
---ebpf-pid----6671----pid-1
---ebpf-pid----6671----pid-6671
---ebpf-pid----6671----pid-5476
---ebpf-pid----6671----pid-1
---ebpf-pid----6671----pid-6671
---ebpf-pid----6671----pid-5476
---ebpf-pid----6671----pid-1
---ebpf-pid----6671----pid-6671
---ebpf-pid----6671----pid-5476
---ebpf-pid----6671----pid-1
---ebpf-pid----6671----pid-6671
---ebpf-pid----6671----pid-5476
---ebpf-pid----6671----pid-1
---ebpf-pid----6671----pid-6671
---ebpf-pid----6671----pid-5476
---ebpf-pid----6671----pid-1
---ebpf-pid----6671----pid-6671
---ebpf-pid----6671----pid-5476
---ebpf-pid----6671----pid-1
---ebpf-pid----6671----pid-6671
---ebpf-pid----6671----pid-5476
---ebpf-pid----6671----pid-1
---ebpf-pid----6671----pid-6671
---ebpf-pid----6671----pid-5476
---ebpf-pid----6671----pid-1
---ebpf-pid----6671----pid-6671
---ebpf-pid----6671----pid-5476
---ebpf-pid----6671----pid-1
---ebpf-pid----6671----pid-6671
---ebpf-pid----6671----pid-5476
---ebpf-pid----6671----pid-1
---ebpf-pid----6671----pid-6671
---ebpf-pid----6671----pid-5476
---ebpf-pid----6671----pid-1
---ebpf-pid----6671----pid-6671
---ebpf-pid----6671----pid-5476
---ebpf-pid----6671----pid-1
---ebpf-pid----6671----pid-6671
---ebpf-pid----6671----pid-5476
---ebpf-pid----6671----pid-1
---ebpf-pid----6671----pid-6671
---ebpf-pid----6671----pid-5476
---ebpf-pid----6671----pid-1
---ebpf-pid----6671----pid-6671
---ebpf-pid----6671----pid-5476
---ebpf-pid----6671----pid-1
---ebpf-pid----6671----pid-6671
---ebpf-pid----6671----pid-5476
---ebpf-pid----6671----pid-1
---ebpf-pid----6671----pid-6671
---ebpf-pid----6671----pid-5476
---ebpf-pid----6671----pid-1
---ebpf-pid----6671----pid-6671
---ebpf-pid----6671----pid-5476
---ebpf-pid----6671----pid-1
---ebpf-pid----6671----pid-6671
---ebpf-pid----6671----pid-5476
---ebpf-pid----6671----pid-1
---ebpf-pid----6671----pid-6671
---ebpf-pid----6671----pid-5476
---ebpf-pid----6671----pid-1
---ebpf-pid----6671----pid-6671
---ebpf-pid----6671----pid-5476
---ebpf-pid----6671----pid-1
---ebpf-pid----6671----pid-6671
---ebpf-pid----6671----pid-5476
---ebpf-pid----6671----pid-1
---ebpf-pid----6671----pid-6671
---ebpf-pid----6671----pid-5476
---ebpf-pid----6671----pid-1
---ebpf-pid----6671----pid-6671
---ebpf-pid----6671----pid-5476
---ebpf-pid----6671----pid-1
---ebpf-pid----6671----pid-6671
---ebpf-pid----6671----pid-5476
---ebpf-pid----6671----pid-1
---ebpf-pid----5703----pid-5703
---ebpf-pid----5703----pid-5476
---ebpf-pid----5703----pid-1
---ebpf-pid----5637----pid-5637
Failed to get process information for PID 0
---ebpf-pid----5637----pid-1
---ebpf-pid----5705----pid-5705
---ebpf-pid----5705----pid-5476
---ebpf-pid----5705----pid-1
---ebpf-pid----5705----pid-5705
---ebpf-pid----5705----pid-5476
---ebpf-pid----5705----pid-1
---ebpf-pid----5705----pid-5705
---ebpf-pid----5705----pid-5476
---ebpf-pid----5705----pid-1
---ebpf-pid----5705----pid-5705
---ebpf-pid----5705----pid-5476
---ebpf-pid----5705----pid-1
---ebpf-pid----5705----pid-5705
---ebpf-pid----5705----pid-5476
---ebpf-pid----5705----pid-1
---ebpf-pid----5705----pid-5705
---ebpf-pid----5705----pid-5476
---ebpf-pid----5705----pid-1
---ebpf-pid----5705----pid-5705
---ebpf-pid----5705----pid-5476
---ebpf-pid----5705----pid-1
---ebpf-pid----5705----pid-5705
---ebpf-pid----5705----pid-5476
---ebpf-pid----5705----pid-1
---ebpf-pid----5705----pid-5705
---ebpf-pid----5705----pid-5476
---ebpf-pid----5705----pid-1
---ebpf-pid----5705----pid-5705
---ebpf-pid----5705----pid-5476
---ebpf-pid----5705----pid-1
---ebpf-pid----5705----pid-5705
---ebpf-pid----5705----pid-5476
---ebpf-pid----5705----pid-1
---ebpf-pid----5705----pid-5705
---ebpf-pid----5705----pid-5476
---ebpf-pid----5705----pid-1
---ebpf-pid----5705----pid-5705
---ebpf-pid----5705----pid-5476
---ebpf-pid----5705----pid-1
---ebpf-pid----5705----pid-5705
---ebpf-pid----5705----pid-5476
---ebpf-pid----5705----pid-1
---ebpf-pid----5705----pid-5705
---ebpf-pid----5705----pid-5476
---ebpf-pid----5705----pid-1
---ebpf-pid----5705----pid-5705
---ebpf-pid----5705----pid-5476
---ebpf-pid----5705----pid-1
---ebpf-pid----5705----pid-5705
---ebpf-pid----5705----pid-5476
---ebpf-pid----5705----pid-1
---ebpf-pid----5705----pid-5705
---ebpf-pid----5705----pid-5476
---ebpf-pid----5705----pid-1
---ebpf-pid----5705----pid-5705
---ebpf-pid----5705----pid-5476
---ebpf-pid----5705----pid-1
---ebpf-pid----5705----pid-5705
---ebpf-pid----5705----pid-5476
---ebpf-pid----5705----pid-1
---ebpf-pid----5705----pid-5705
---ebpf-pid----5705----pid-5476
---ebpf-pid----5705----pid-1
---ebpf-pid----377755----pid-377755
---ebpf-pid----377755----pid-1
---ebpf-pid----5705----pid-5705
---ebpf-pid----5705----pid-5476
---ebpf-pid----5705----pid-1
---ebpf-pid----5705----pid-5705
---ebpf-pid----5705----pid-5476
---ebpf-pid----5705----pid-1
---ebpf-pid----5705----pid-5705
---ebpf-pid----5705----pid-5476
---ebpf-pid----5705----pid-1
---ebpf-pid----5705----pid-5705
---ebpf-pid----5705----pid-5476
---ebpf-pid----5705----pid-1
---ebpf-pid----5705----pid-5705
---ebpf-pid----5705----pid-5476
---ebpf-pid----5705----pid-1
---ebpf-pid----5705----pid-5705
---ebpf-pid----5705----pid-5476
---ebpf-pid----5705----pid-1
---ebpf-pid----2088----pid-2088
---ebpf-pid----2088----pid-1
---ebpf-pid----2088----pid-2088
---ebpf-pid----2088----pid-1
---ebpf-pid----2088----pid-2088
---ebpf-pid----2088----pid-1
---ebpf-pid----5705----pid-5705
---ebpf-pid----5705----pid-5476
---ebpf-pid----5705----pid-1
---ebpf-pid----5703----pid-5703
---ebpf-pid----5703----pid-5476
---ebpf-pid----5703----pid-1
---ebpf-pid----5705----pid-5705
---ebpf-pid----5705----pid-5476
---ebpf-pid----5705----pid-1
---ebpf-pid----5707----pid-5707
---ebpf-pid----5707----pid-5476
---ebpf-pid----5707----pid-1
---ebpf-pid----5707----pid-5707
---ebpf-pid----5707----pid-5476
---ebpf-pid----5707----pid-1
---ebpf-pid----5705----pid-5705
---ebpf-pid----5705----pid-5476
---ebpf-pid----5705----pid-1
---ebpf-pid----5705----pid-5705
---ebpf-pid----5705----pid-5476
---ebpf-pid----5705----pid-1
---ebpf-pid----5705----pid-5705
---ebpf-pid----5705----pid-5476
Failed to get process information for PID 0
---ebpf-pid----5705----pid-1
---ebpf-pid----5637----pid-5637
---ebpf-pid----5637----pid-1
---ebpf-pid----5707----pid-5707
---ebpf-pid----5707----pid-5476
---ebpf-pid----5707----pid-1
---ebpf-pid----5707----pid-5707
---ebpf-pid----5707----pid-5476
---ebpf-pid----5707----pid-1
---ebpf-pid----5705----pid-5705
---ebpf-pid----5705----pid-5476
---ebpf-pid----5705----pid-1
---ebpf-pid----5705----pid-5705
---ebpf-pid----5705----pid-5476
Failed to get process information for PID 0
---ebpf-pid----5705----pid-1
---ebpf-pid----5705----pid-5705
---ebpf-pid----5705----pid-5476
---ebpf-pid----5705----pid-1
---ebpf-pid----5705----pid-5705
---ebpf-pid----5705----pid-5476
---ebpf-pid----5705----pid-1
---ebpf-pid----5703----pid-5703
---ebpf-pid----5703----pid-5476
---ebpf-pid----5703----pid-1
---ebpf-pid----5637----pid-5637
---ebpf-pid----5637----pid-1
---ebpf-pid----5707----pid-5707
---ebpf-pid----5707----pid-5476
---ebpf-pid----5707----pid-1
---ebpf-pid----5707----pid-5707
---ebpf-pid----5707----pid-5476
---ebpf-pid----5707----pid-1
---ebpf-pid----5707----pid-5707
---ebpf-pid----5707----pid-5476
---ebpf-pid----5707----pid-1
---ebpf-pid----5707----pid-5707
---ebpf-pid----5707----pid-5476
---ebpf-pid----5707----pid-1
---ebpf-pid----5707----pid-5707
---ebpf-pid----5707----pid-5476
---ebpf-pid----5707----pid-1
---ebpf-pid----5707----pid-5707
---ebpf-pid----5707----pid-5476
---ebpf-pid----5707----pid-1
---ebpf-pid----5707----pid-5707
---ebpf-pid----5707----pid-5476
---ebpf-pid----5707----pid-1
---ebpf-pid----5707----pid-5707
---ebpf-pid----5707----pid-5476
---ebpf-pid----5707----pid-1
---ebpf-pid----5614----pid-5614
---ebpf-pid----5614----pid-1
---ebpf-pid----5707----pid-5707
---ebpf-pid----5707----pid-5476
---ebpf-pid----5707----pid-1
---ebpf-pid----5707----pid-5707
---ebpf-pid----5707----pid-5476
---ebpf-pid----5707----pid-1
---ebpf-pid----448783----pid-448783
---ebpf-pid----448783----pid-448520
---ebpf-pid----448783----pid-1
---ebpf-pid----448783----pid-448783
---ebpf-pid----448783----pid-448520
---ebpf-pid----448783----pid-1
---ebpf-pid----448783----pid-448783
---ebpf-pid----448783----pid-448520
---ebpf-pid----448783----pid-1
---ebpf-pid----448783----pid-448783
---ebpf-pid----448783----pid-448520
---ebpf-pid----448783----pid-1
---ebpf-pid----448783----pid-448783
---ebpf-pid----448783----pid-448520
---ebpf-pid----448783----pid-1
---ebpf-pid----448783----pid-448783
---ebpf-pid----448783----pid-448520
---ebpf-pid----448783----pid-1
---ebpf-pid----5614----pid-5614
---ebpf-pid----5614----pid-1
---ebpf-pid----6671----pid-6671
---ebpf-pid----6671----pid-5476
---ebpf-pid----6671----pid-1
---ebpf-pid----6671----pid-6671
---ebpf-pid----6671----pid-5476
---ebpf-pid----6671----pid-1
---ebpf-pid----6671----pid-6671
---ebpf-pid----6671----pid-5476
---ebpf-pid----6671----pid-1
---ebpf-pid----6671----pid-6671
---ebpf-pid----6671----pid-5476
---ebpf-pid----6671----pid-1
---ebpf-pid----6671----pid-6671
---ebpf-pid----6671----pid-5476
---ebpf-pid----6671----pid-1
---ebpf-pid----6671----pid-6671
---ebpf-pid----6671----pid-5476
---ebpf-pid----6671----pid-1
---ebpf-pid----6671----pid-6671
---ebpf-pid----6671----pid-5476
---ebpf-pid----6671----pid-1
---ebpf-pid----6671----pid-6671
---ebpf-pid----6671----pid-5476
---ebpf-pid----6671----pid-1
---ebpf-pid----6671----pid-6671
---ebpf-pid----6671----pid-5476
---ebpf-pid----6671----pid-1
---ebpf-pid----6671----pid-6671
---ebpf-pid----6671----pid-5476
---ebpf-pid----6671----pid-1
---ebpf-pid----6671----pid-6671
---ebpf-pid----6671----pid-5476
---ebpf-pid----6671----pid-1
---ebpf-pid----6671----pid-6671
---ebpf-pid----6671----pid-5476
---ebpf-pid----6671----pid-1
---ebpf-pid----2029----pid-2029
---ebpf-pid----2029----pid-1
---ebpf-pid----372881----pid-372881
---ebpf-pid----372881----pid-1
---ebpf-pid----2029----pid-2029
---ebpf-pid----2029----pid-1
---ebpf-pid----2029----pid-2029
---ebpf-pid----2029----pid-1
---ebpf-pid----372881----pid-372881
---ebpf-pid----372881----pid-1
---ebpf-pid----372881----pid-372881
---ebpf-pid----372881----pid-1
---ebpf-pid----5614----pid-5614
---ebpf-pid----5614----pid-1
---ebpf-pid----2088----pid-2088
---ebpf-pid----2088----pid-1
---ebpf-pid----2089----pid-2089
---ebpf-pid----2089----pid-1
---ebpf-pid----2089----pid-2089
---ebpf-pid----2089----pid-1
---ebpf-pid----2089----pid-2089
---ebpf-pid----2089----pid-1
---ebpf-pid----2089----pid-2089
---ebpf-pid----2089----pid-1
---ebpf-pid----2089----pid-2089
---ebpf-pid----2089----pid-1
---ebpf-pid----2089----pid-2089
---ebpf-pid----2089----pid-1
---ebpf-pid----2089----pid-2089
---ebpf-pid----2089----pid-1
---ebpf-pid----2089----pid-2089
---ebpf-pid----2089----pid-1
---ebpf-pid----2089----pid-2089
---ebpf-pid----2089----pid-1
---ebpf-pid----2089----pid-2089
---ebpf-pid----2089----pid-1
---ebpf-pid----2089----pid-2089
---ebpf-pid----2089----pid-1
---ebpf-pid----2089----pid-2089
---ebpf-pid----2089----pid-1
---ebpf-pid----2089----pid-2089
---ebpf-pid----2089----pid-1
---ebpf-pid----372881----pid-372881
---ebpf-pid----372881----pid-1
---ebpf-pid----372881----pid-372881
---ebpf-pid----372881----pid-1
---ebpf-pid----372881----pid-372881
---ebpf-pid----372881----pid-1
---ebpf-pid----372881----pid-372881
---ebpf-pid----372881----pid-1
---ebpf-pid----372881----pid-372881
---ebpf-pid----372881----pid-1
---ebpf-pid----372881----pid-372881
---ebpf-pid----372881----pid-1
---ebpf-pid----372881----pid-372881
---ebpf-pid----372881----pid-1
---ebpf-pid----372881----pid-372881
---ebpf-pid----372881----pid-1
---ebpf-pid----372881----pid-372881
---ebpf-pid----372881----pid-1
---ebpf-pid----372881----pid-372881
---ebpf-pid----372881----pid-1
---ebpf-pid----372881----pid-372881
---ebpf-pid----372881----pid-1
---ebpf-pid----372881----pid-372881
---ebpf-pid----372881----pid-1
---ebpf-pid----372881----pid-372881
---ebpf-pid----372881----pid-1
---ebpf-pid----372881----pid-372881
---ebpf-pid----372881----pid-1
---ebpf-pid----372881----pid-372881
---ebpf-pid----372881----pid-1
---ebpf-pid----372881----pid-372881
---ebpf-pid----372881----pid-1
---ebpf-pid----372881----pid-372881
---ebpf-pid----372881----pid-1
---ebpf-pid----372881----pid-372881
---ebpf-pid----372881----pid-1
---ebpf-pid----372881----pid-372881
---ebpf-pid----372881----pid-1
---ebpf-pid----372881----pid-372881
---ebpf-pid----372881----pid-1
---ebpf-pid----372881----pid-372881
---ebpf-pid----372881----pid-1
---ebpf-pid----372881----pid-372881
---ebpf-pid----372881----pid-1
---ebpf-pid----372881----pid-372881
---ebpf-pid----372881----pid-1
---ebpf-pid----372881----pid-372881
---ebpf-pid----372881----pid-1
---ebpf-pid----372881----pid-372881
---ebpf-pid----372881----pid-1
---ebpf-pid----372881----pid-372881
---ebpf-pid----372881----pid-1
---ebpf-pid----372881----pid-372881
---ebpf-pid----372881----pid-1
---ebpf-pid----372881----pid-372881
---ebpf-pid----372881----pid-1
---ebpf-pid----6671----pid-6671
---ebpf-pid----6671----pid-5476
---ebpf-pid----6671----pid-1
---ebpf-pid----6671----pid-6671
---ebpf-pid----6671----pid-5476
---ebpf-pid----6671----pid-1
---ebpf-pid----6671----pid-6671
---ebpf-pid----6671----pid-5476
---ebpf-pid----6671----pid-1
---ebpf-pid----2088----pid-2088
Failed to get process information for PID 0
---ebpf-pid----2088----pid-1
---ebpf-pid----2088----pid-2088
---ebpf-pid----2088----pid-1
---ebpf-pid----2088----pid-2088
---ebpf-pid----2088----pid-1
---ebpf-pid----2088----pid-2088
---ebpf-pid----2088----pid-1
---ebpf-pid----2088----pid-2088
---ebpf-pid----2088----pid-1
---ebpf-pid----2088----pid-2088
---ebpf-pid----2088----pid-1
---ebpf-pid----2088----pid-2088
---ebpf-pid----2088----pid-1
---ebpf-pid----2088----pid-2088
---ebpf-pid----2088----pid-1
---ebpf-pid----2088----pid-2088
---ebpf-pid----2088----pid-1
---ebpf-pid----2088----pid-2088
---ebpf-pid----2088----pid-1
---ebpf-pid----2088----pid-2088
---ebpf-pid----2088----pid-1
---ebpf-pid----2088----pid-2088
---ebpf-pid----2088----pid-1
---ebpf-pid----2088----pid-2088
---ebpf-pid----2088----pid-1
---ebpf-pid----2088----pid-2088
---ebpf-pid----2088----pid-1
---ebpf-pid----2088----pid-2088
---ebpf-pid----2088----pid-1
---ebpf-pid----2088----pid-2088
---ebpf-pid----2088----pid-1
---ebpf-pid----2088----pid-2088
---ebpf-pid----2088----pid-1
---ebpf-pid----2088----pid-2088
---ebpf-pid----2088----pid-1
---ebpf-pid----2088----pid-2088
---ebpf-pid----2088----pid-1
---ebpf-pid----2088----pid-2088
---ebpf-pid----2088----pid-1
---ebpf-pid----2088----pid-2088
---ebpf-pid----2088----pid-1
---ebpf-pid----2088----pid-2088
---ebpf-pid----2088----pid-1
---ebpf-pid----2088----pid-2088
---ebpf-pid----2088----pid-1
---ebpf-pid----2088----pid-2088
---ebpf-pid----2088----pid-1
---ebpf-pid----2088----pid-2088
---ebpf-pid----2088----pid-1
---ebpf-pid----2088----pid-2088
---ebpf-pid----2088----pid-1
---ebpf-pid----2088----pid-2088
---ebpf-pid----2088----pid-1
---ebpf-pid----2088----pid-2088
---ebpf-pid----2088----pid-1
---ebpf-pid----2088----pid-2088
---ebpf-pid----2088----pid-1
---ebpf-pid----2088----pid-2088
---ebpf-pid----2088----pid-1
---ebpf-pid----2088----pid-2088
---ebpf-pid----2088----pid-1
---ebpf-pid----2088----pid-2088
---ebpf-pid----2088----pid-1
---ebpf-pid----2088----pid-2088
---ebpf-pid----2088----pid-1
---ebpf-pid----2088----pid-2088
---ebpf-pid----2088----pid-1
---ebpf-pid----2088----pid-2088
---ebpf-pid----2088----pid-1
---ebpf-pid----2088----pid-2088
---ebpf-pid----2088----pid-1
---ebpf-pid----2088----pid-2088
---ebpf-pid----2088----pid-1
---ebpf-pid----2088----pid-2088
---ebpf-pid----2088----pid-1
---ebpf-pid----2088----pid-2088
---ebpf-pid----2088----pid-1
---ebpf-pid----2088----pid-2088
---ebpf-pid----2088----pid-1
---ebpf-pid----2088----pid-2088
---ebpf-pid----2088----pid-1
---ebpf-pid----2088----pid-2088
---ebpf-pid----2088----pid-1
---ebpf-pid----2088----pid-2088
---ebpf-pid----2088----pid-1
---ebpf-pid----2088----pid-2088
---ebpf-pid----2088----pid-1
---ebpf-pid----2088----pid-2088
---ebpf-pid----2088----pid-1
---ebpf-pid----2088----pid-2088
---ebpf-pid----2088----pid-1
---ebpf-pid----2088----pid-2088
---ebpf-pid----2088----pid-1
---ebpf-pid----2088----pid-2088
---ebpf-pid----2088----pid-1
---ebpf-pid----6671----pid-6671
---ebpf-pid----6671----pid-5476
---ebpf-pid----6671----pid-1
---ebpf-pid----6671----pid-6671
---ebpf-pid----6671----pid-5476
---ebpf-pid----6671----pid-1
---ebpf-pid----448546----pid-448546
---ebpf-pid----448546----pid-1
---ebpf-pid----448546----pid-448546
---ebpf-pid----448546----pid-1
---ebpf-pid----6671----pid-6671
---ebpf-pid----6671----pid-5476
---ebpf-pid----6671----pid-1
---ebpf-pid----6671----pid-6671
---ebpf-pid----6671----pid-5476
---ebpf-pid----6671----pid-1
---ebpf-pid----6671----pid-6671
---ebpf-pid----6671----pid-5476
---ebpf-pid----6671----pid-1
---ebpf-pid----6671----pid-6671
---ebpf-pid----6671----pid-5476
---ebpf-pid----6671----pid-1
---ebpf-pid----2029----pid-2029
---ebpf-pid----2029----pid-1
---ebpf-pid----2029----pid-2029
---ebpf-pid----2029----pid-1
---ebpf-pid----2029----pid-2029
---ebpf-pid----2029----pid-1
---ebpf-pid----6671----pid-6671
---ebpf-pid----6671----pid-5476
---ebpf-pid----6671----pid-1
---ebpf-pid----6671----pid-6671
---ebpf-pid----6671----pid-5476
---ebpf-pid----6671----pid-1
---ebpf-pid----6671----pid-6671
---ebpf-pid----6671----pid-5476
---ebpf-pid----6671----pid-1
---ebpf-pid----2029----pid-2029
---ebpf-pid----2029----pid-1
---ebpf-pid----2029----pid-2029
---ebpf-pid----2029----pid-1
---ebpf-pid----2029----pid-2029
---ebpf-pid----2029----pid-1
---ebpf-pid----6671----pid-6671
---ebpf-pid----6671----pid-5476
---ebpf-pid----6671----pid-1
---ebpf-pid----6671----pid-6671
---ebpf-pid----6671----pid-5476
---ebpf-pid----6671----pid-1
---ebpf-pid----6671----pid-6671
---ebpf-pid----6671----pid-5476
---ebpf-pid----6671----pid-1
---ebpf-pid----377755----pid-377755
---ebpf-pid----377755----pid-1
---ebpf-pid----6671----pid-6671
---ebpf-pid----6671----pid-5476
---ebpf-pid----6671----pid-1
---ebpf-pid----6671----pid-6671
---ebpf-pid----6671----pid-5476
---ebpf-pid----6671----pid-1
---ebpf-pid----6671----pid-6671
---ebpf-pid----6671----pid-5476
---ebpf-pid----6671----pid-1
---ebpf-pid----2029----pid-2029
---ebpf-pid----2029----pid-1
---ebpf-pid----2029----pid-2029
---ebpf-pid----2029----pid-1
---ebpf-pid----2029----pid-2029
---ebpf-pid----2029----pid-1
---ebpf-pid----2029----pid-2029
---ebpf-pid----2029----pid-1
---ebpf-pid----372881----pid-372881
---ebpf-pid----372881----pid-1
---ebpf-pid----6671----pid-6671
---ebpf-pid----6671----pid-5476
---ebpf-pid----6671----pid-1
---ebpf-pid----6671----pid-6671
---ebpf-pid----6671----pid-5476
---ebpf-pid----6671----pid-1
---ebpf-pid----6671----pid-6671
---ebpf-pid----6671----pid-5476
---ebpf-pid----6671----pid-1
---ebpf-pid----2029----pid-2029
---ebpf-pid----2029----pid-1
---ebpf-pid----372881----pid-372881
---ebpf-pid----372881----pid-1
---ebpf-pid----5705----pid-5705
---ebpf-pid----5705----pid-5476
---ebpf-pid----5705----pid-1
---ebpf-pid----5705----pid-5705
---ebpf-pid----5705----pid-5476
---ebpf-pid----5705----pid-1
---ebpf-pid----5705----pid-5705
---ebpf-pid----5705----pid-5476
---ebpf-pid----5705----pid-1
---ebpf-pid----5705----pid-5705
---ebpf-pid----5705----pid-5476
---ebpf-pid----5705----pid-1
---ebpf-pid----5705----pid-5705
---ebpf-pid----5705----pid-5476
---ebpf-pid----5705----pid-1
---ebpf-pid----448522----pid-448522
---ebpf-pid----448522----pid-1
---ebpf-pid----6671----pid-6671
---ebpf-pid----6671----pid-5476
---ebpf-pid----6671----pid-1
---ebpf-pid----6671----pid-6671
---ebpf-pid----6671----pid-5476
---ebpf-pid----6671----pid-1
---ebpf-pid----5637----pid-5637
---ebpf-pid----5637----pid-1
---ebpf-pid----5637----pid-5637
---ebpf-pid----5637----pid-1
---ebpf-pid----2029----pid-2029
---ebpf-pid----2029----pid-1
---ebpf-pid----2029----pid-2029
---ebpf-pid----2029----pid-1
---ebpf-pid----2029----pid-2029
---ebpf-pid----2029----pid-1
---ebpf-pid----2029----pid-2029
---ebpf-pid----2029----pid-1
---ebpf-pid----2029----pid-2029
---ebpf-pid----2029----pid-1
---ebpf-pid----6671----pid-6671
---ebpf-pid----6671----pid-5476
---ebpf-pid----6671----pid-1
---ebpf-pid----6671----pid-6671
---ebpf-pid----6671----pid-5476
---ebpf-pid----6671----pid-1
---ebpf-pid----6671----pid-6671
---ebpf-pid----6671----pid-5476
---ebpf-pid----6671----pid-1
---ebpf-pid----6671----pid-6671
---ebpf-pid----6671----pid-5476
---ebpf-pid----6671----pid-1
---ebpf-pid----6671----pid-6671
---ebpf-pid----6671----pid-5476
---ebpf-pid----6671----pid-1
---ebpf-pid----6671----pid-6671
---ebpf-pid----6671----pid-5476
---ebpf-pid----6671----pid-1
---ebpf-pid----6671----pid-6671
---ebpf-pid----6671----pid-5476
---ebpf-pid----6671----pid-1
---ebpf-pid----6671----pid-6671
---ebpf-pid----6671----pid-5476
---ebpf-pid----6671----pid-1
---ebpf-pid----6671----pid-6671
---ebpf-pid----6671----pid-5476
---ebpf-pid----6671----pid-1
---ebpf-pid----6671----pid-6671
---ebpf-pid----6671----pid-5476
---ebpf-pid----6671----pid-1
---ebpf-pid----6671----pid-6671
---ebpf-pid----6671----pid-5476
---ebpf-pid----6671----pid-1
---ebpf-pid----6671----pid-6671
---ebpf-pid----6671----pid-5476
---ebpf-pid----6671----pid-1
---ebpf-pid----5614----pid-5614
---ebpf-pid----5614----pid-1
---ebpf-pid----5705----pid-5705
---ebpf-pid----5705----pid-5476
---ebpf-pid----5705----pid-1
---ebpf-pid----5705----pid-5705
---ebpf-pid----5705----pid-5476
---ebpf-pid----5705----pid-1
---ebpf-pid----5705----pid-5705
---ebpf-pid----5705----pid-5476
---ebpf-pid----5705----pid-1
---ebpf-pid----5705----pid-5705
---ebpf-pid----5705----pid-5476
---ebpf-pid----5705----pid-1
---ebpf-pid----5705----pid-5705
---ebpf-pid----5705----pid-5476
---ebpf-pid----5705----pid-1
---ebpf-pid----5705----pid-5705
---ebpf-pid----5705----pid-5476
---ebpf-pid----5705----pid-1
---ebpf-pid----5705----pid-5705
---ebpf-pid----5705----pid-5476
---ebpf-pid----5705----pid-1
---ebpf-pid----5614----pid-5614
---ebpf-pid----5614----pid-1
---ebpf-pid----5705----pid-5705
---ebpf-pid----5705----pid-5476
---ebpf-pid----5705----pid-1
---ebpf-pid----5705----pid-5705
---ebpf-pid----5705----pid-5476
---ebpf-pid----5705----pid-1
---ebpf-pid----5705----pid-5705
---ebpf-pid----5705----pid-5476
---ebpf-pid----5705----pid-1
---ebpf-pid----5705----pid-5705
---ebpf-pid----5705----pid-5476
---ebpf-pid----5705----pid-1
---ebpf-pid----5705----pid-5705
---ebpf-pid----5705----pid-5476
---ebpf-pid----5705----pid-1
---ebpf-pid----5705----pid-5705
---ebpf-pid----5705----pid-5476
---ebpf-pid----5705----pid-1
---ebpf-pid----5705----pid-5705
---ebpf-pid----5705----pid-5476
---ebpf-pid----5705----pid-1
---ebpf-pid----5705----pid-5705
---ebpf-pid----5705----pid-5476
---ebpf-pid----5705----pid-1
---ebpf-pid----5705----pid-5705
---ebpf-pid----5705----pid-5476
---ebpf-pid----5705----pid-1
---ebpf-pid----5705----pid-5705
---ebpf-pid----5705----pid-5476
---ebpf-pid----5705----pid-1
---ebpf-pid----5705----pid-5705
---ebpf-pid----5705----pid-5476
---ebpf-pid----5705----pid-1
---ebpf-pid----5705----pid-5705
---ebpf-pid----5705----pid-5476
---ebpf-pid----5705----pid-1
---ebpf-pid----5705----pid-5705
---ebpf-pid----5705----pid-5476
---ebpf-pid----5705----pid-1
---ebpf-pid----5705----pid-5705
---ebpf-pid----5705----pid-5476
---ebpf-pid----5705----pid-1
---ebpf-pid----5705----pid-5705
---ebpf-pid----5705----pid-5476
---ebpf-pid----5705----pid-1
---ebpf-pid----5705----pid-5705
---ebpf-pid----5705----pid-5476
---ebpf-pid----5705----pid-1
---ebpf-pid----5705----pid-5705
---ebpf-pid----5705----pid-5476
---ebpf-pid----5705----pid-1
---ebpf-pid----5705----pid-5705
---ebpf-pid----5705----pid-5476
---ebpf-pid----5705----pid-1
---ebpf-pid----5705----pid-5705
---ebpf-pid----5705----pid-5476
---ebpf-pid----5705----pid-1
---ebpf-pid----5614----pid-5614
---ebpf-pid----5614----pid-1
---ebpf-pid----5614----pid-5614
---ebpf-pid----5614----pid-1
---ebpf-pid----5705----pid-5705
---ebpf-pid----5705----pid-5476
---ebpf-pid----5705----pid-1
---ebpf-pid----5705----pid-5705
---ebpf-pid----5705----pid-5476
---ebpf-pid----5705----pid-1
---ebpf-pid----5707----pid-5707
---ebpf-pid----5707----pid-5476
---ebpf-pid----5707----pid-1
---ebpf-pid----5707----pid-5707
---ebpf-pid----5707----pid-5476
---ebpf-pid----5707----pid-1
---ebpf-pid----5707----pid-5707
---ebpf-pid----5707----pid-5476
---ebpf-pid----5707----pid-1
---ebpf-pid----5707----pid-5707
---ebpf-pid----5707----pid-5476
---ebpf-pid----5707----pid-1
---ebpf-pid----372714----pid-372714
---ebpf-pid----372714----pid-5476
---ebpf-pid----372714----pid-1
---ebpf-pid----372714----pid-372714
---ebpf-pid----372714----pid-5476
---ebpf-pid----372714----pid-1
---ebpf-pid----5707----pid-5707
---ebpf-pid----5707----pid-5476
---ebpf-pid----5707----pid-1
---ebpf-pid----372714----pid-372714
---ebpf-pid----372714----pid-5476
---ebpf-pid----372714----pid-1
---ebpf-pid----372714----pid-372714
---ebpf-pid----372714----pid-5476
---ebpf-pid----372714----pid-1
---ebpf-pid----372714----pid-372714
---ebpf-pid----372714----pid-5476
---ebpf-pid----372714----pid-1
---ebpf-pid----5614----pid-5614
---ebpf-pid----5614----pid-1
---ebpf-pid----5614----pid-5614
---ebpf-pid----5614----pid-1
---ebpf-pid----5707----pid-5707
---ebpf-pid----5707----pid-5476
---ebpf-pid----5707----pid-1
---ebpf-pid----5707----pid-5707
---ebpf-pid----5707----pid-5476
---ebpf-pid----5707----pid-1
---ebpf-pid----5707----pid-5707
---ebpf-pid----5707----pid-5476
---ebpf-pid----5707----pid-1
---ebpf-pid----5707----pid-5707
---ebpf-pid----5707----pid-5476
---ebpf-pid----5707----pid-1
---ebpf-pid----5707----pid-5707
---ebpf-pid----5707----pid-5476
---ebpf-pid----5707----pid-1
---ebpf-pid----5707----pid-5707
---ebpf-pid----5707----pid-5476
---ebpf-pid----5707----pid-1
---ebpf-pid----5707----pid-5707
---ebpf-pid----5707----pid-5476
---ebpf-pid----5707----pid-1
---ebpf-pid----5707----pid-5707
---ebpf-pid----5707----pid-5476
---ebpf-pid----5707----pid-1
---ebpf-pid----5637----pid-5637
---ebpf-pid----5637----pid-1
---ebpf-pid----5637----pid-5637
---ebpf-pid----5637----pid-1
---ebpf-pid----448522----pid-448522
---ebpf-pid----448522----pid-1
---ebpf-pid----448522----pid-448522
---ebpf-pid----448522----pid-1
---ebpf-pid----5703----pid-5703
---ebpf-pid----5703----pid-5476
---ebpf-pid----5703----pid-1
---ebpf-pid----448522----pid-448522
---ebpf-pid----448522----pid-1
---ebpf-pid----448783----pid-448783
---ebpf-pid----448783----pid-448520
---ebpf-pid----448783----pid-1
---ebpf-pid----448783----pid-448783
---ebpf-pid----448783----pid-448520
---ebpf-pid----448783----pid-1
---ebpf-pid----448783----pid-448783
---ebpf-pid----448783----pid-448520
---ebpf-pid----448783----pid-1
---ebpf-pid----448783----pid-448783
---ebpf-pid----448783----pid-448520
---ebpf-pid----448783----pid-1
---ebpf-pid----448783----pid-448783
---ebpf-pid----448783----pid-448520
---ebpf-pid----448783----pid-1
---ebpf-pid----448783----pid-448783
---ebpf-pid----448783----pid-448520
---ebpf-pid----448783----pid-1
---ebpf-pid----448783----pid-448783
---ebpf-pid----448783----pid-448520
---ebpf-pid----448783----pid-1
---ebpf-pid----6671----pid-6671
---ebpf-pid----6671----pid-5476
---ebpf-pid----6671----pid-1
---ebpf-pid----6671----pid-6671
---ebpf-pid----6671----pid-5476
---ebpf-pid----6671----pid-1
---ebpf-pid----448783----pid-448783
---ebpf-pid----448783----pid-448520
---ebpf-pid----448783----pid-1
---ebpf-pid----448783----pid-448783
---ebpf-pid----448783----pid-448520
---ebpf-pid----448783----pid-1
---ebpf-pid----448783----pid-448783
---ebpf-pid----448783----pid-448520
---ebpf-pid----448783----pid-1
---ebpf-pid----448783----pid-448783
---ebpf-pid----448783----pid-448520
---ebpf-pid----448783----pid-1
---ebpf-pid----448783----pid-448783
---ebpf-pid----448783----pid-448520
---ebpf-pid----448783----pid-1
---ebpf-pid----448783----pid-448783
---ebpf-pid----448783----pid-448520
---ebpf-pid----448783----pid-1
---ebpf-pid----448783----pid-448783
---ebpf-pid----448783----pid-448520
---ebpf-pid----448783----pid-1
---ebpf-pid----448783----pid-448783
---ebpf-pid----448783----pid-448520
---ebpf-pid----448783----pid-1
---ebpf-pid----448783----pid-448783
---ebpf-pid----448783----pid-448520
---ebpf-pid----448783----pid-1
---ebpf-pid----448783----pid-448783
---ebpf-pid----448783----pid-448520
---ebpf-pid----448783----pid-1
---ebpf-pid----448783----pid-448783
---ebpf-pid----448783----pid-448520
---ebpf-pid----448783----pid-1
---ebpf-pid----448783----pid-448783
---ebpf-pid----448783----pid-448520
---ebpf-pid----448783----pid-1
---ebpf-pid----448783----pid-448783
---ebpf-pid----448783----pid-448520
---ebpf-pid----448783----pid-1
---ebpf-pid----7313----pid-7313
---ebpf-pid----7313----pid-1
---ebpf-pid----448783----pid-448783
---ebpf-pid----448783----pid-448520
---ebpf-pid----448783----pid-1
---ebpf-pid----448783----pid-448783
---ebpf-pid----448783----pid-448520
---ebpf-pid----448783----pid-1
---ebpf-pid----448783----pid-448783
---ebpf-pid----448783----pid-448520
---ebpf-pid----448783----pid-1
---ebpf-pid----448783----pid-448783
---ebpf-pid----448783----pid-448520
---ebpf-pid----448783----pid-1
---ebpf-pid----379067----pid-379067
---ebpf-pid----379067----pid-5476
---ebpf-pid----379067----pid-1
---ebpf-pid----379067----pid-379067
---ebpf-pid----379067----pid-5476
---ebpf-pid----379067----pid-1
---ebpf-pid----379067----pid-379067
---ebpf-pid----379067----pid-5476
---ebpf-pid----379067----pid-1
---ebpf-pid----2088----pid-2088
---ebpf-pid----2088----pid-1
---ebpf-pid----379067----pid-379067
---ebpf-pid----379067----pid-5476
---ebpf-pid----379067----pid-1
---ebpf-pid----379067----pid-379067
---ebpf-pid----379067----pid-5476
---ebpf-pid----379067----pid-1
---ebpf-pid----5614----pid-5614
---ebpf-pid----5614----pid-1
---ebpf-pid----379067----pid-379067
---ebpf-pid----379067----pid-5476
---ebpf-pid----379067----pid-1
---ebpf-pid----379067----pid-379067
---ebpf-pid----379067----pid-5476
---ebpf-pid----379067----pid-1
---ebpf-pid----379067----pid-379067
---ebpf-pid----379067----pid-5476
---ebpf-pid----379067----pid-1
---ebpf-pid----379067----pid-379067
---ebpf-pid----379067----pid-5476
---ebpf-pid----379067----pid-1
---ebpf-pid----379067----pid-379067
---ebpf-pid----379067----pid-5476
---ebpf-pid----379067----pid-1
---ebpf-pid----379067----pid-379067
---ebpf-pid----379067----pid-5476
---ebpf-pid----379067----pid-1
---ebpf-pid----379067----pid-379067
---ebpf-pid----379067----pid-5476
---ebpf-pid----379067----pid-1
---ebpf-pid----448522----pid-448522
---ebpf-pid----448522----pid-1
---ebpf-pid----2088----pid-2088
---ebpf-pid----2088----pid-1
---ebpf-pid----379067----pid-379067
---ebpf-pid----379067----pid-5476
---ebpf-pid----379067----pid-1
---ebpf-pid----379067----pid-379067
---ebpf-pid----379067----pid-5476
---ebpf-pid----379067----pid-1
---ebpf-pid----379067----pid-379067
---ebpf-pid----379067----pid-5476
---ebpf-pid----379067----pid-1
---ebpf-pid----379067----pid-379067
---ebpf-pid----379067----pid-5476
---ebpf-pid----379067----pid-1
---ebpf-pid----379067----pid-379067
---ebpf-pid----379067----pid-5476
---ebpf-pid----379067----pid-1
---ebpf-pid----379067----pid-379067
---ebpf-pid----379067----pid-5476
---ebpf-pid----379067----pid-1
---ebpf-pid----5637----pid-5637
---ebpf-pid----5637----pid-1
---ebpf-pid----5703----pid-5703
---ebpf-pid----5703----pid-5476
---ebpf-pid----5703----pid-1
---ebpf-pid----379067----pid-379067
---ebpf-pid----379067----pid-5476
---ebpf-pid----379067----pid-1
---ebpf-pid----379067----pid-379067
---ebpf-pid----379067----pid-5476
---ebpf-pid----379067----pid-1
---ebpf-pid----379067----pid-379067
---ebpf-pid----379067----pid-5476
---ebpf-pid----379067----pid-1
---ebpf-pid----379067----pid-379067
---ebpf-pid----379067----pid-5476
---ebpf-pid----379067----pid-1
---ebpf-pid----379067----pid-379067
---ebpf-pid----379067----pid-5476
---ebpf-pid----379067----pid-1
---ebpf-pid----2088----pid-2088
---ebpf-pid----2088----pid-1
---ebpf-pid----2088----pid-2088
---ebpf-pid----2088----pid-1
---ebpf-pid----2088----pid-2088
---ebpf-pid----2088----pid-1
---ebpf-pid----2088----pid-2088
---ebpf-pid----2088----pid-1
---ebpf-pid----2088----pid-2088
---ebpf-pid----2088----pid-1
---ebpf-pid----2088----pid-2088
---ebpf-pid----2088----pid-1
---ebpf-pid----2088----pid-2088
---ebpf-pid----2088----pid-1
---ebpf-pid----2088----pid-2088
---ebpf-pid----2088----pid-1
---ebpf-pid----2012----pid-2012
---ebpf-pid----2012----pid-1
---ebpf-pid----2012----pid-2012
---ebpf-pid----2012----pid-1
---ebpf-pid----379067----pid-379067
---ebpf-pid----379067----pid-5476
---ebpf-pid----379067----pid-1
---ebpf-pid----379067----pid-379067
---ebpf-pid----379067----pid-5476
---ebpf-pid----379067----pid-1
---ebpf-pid----379067----pid-379067
---ebpf-pid----379067----pid-5476
---ebpf-pid----379067----pid-1
---ebpf-pid----379067----pid-379067
---ebpf-pid----379067----pid-5476
---ebpf-pid----379067----pid-1
---ebpf-pid----379067----pid-379067
---ebpf-pid----379067----pid-5476
---ebpf-pid----379067----pid-1
---ebpf-pid----5707----pid-5707
---ebpf-pid----5707----pid-5476
---ebpf-pid----5707----pid-1
---ebpf-pid----5707----pid-5707
---ebpf-pid----5707----pid-5476
---ebpf-pid----5707----pid-1
---ebpf-pid----5707----pid-5707
---ebpf-pid----5707----pid-5476
---ebpf-pid----5707----pid-1
---ebpf-pid----5707----pid-5707
---ebpf-pid----5707----pid-5476
---ebpf-pid----5707----pid-1
---ebpf-pid----5707----pid-5707
---ebpf-pid----5707----pid-5476
---ebpf-pid----5707----pid-1
---ebpf-pid----5638----pid-5638
---ebpf-pid----5638----pid-1
---ebpf-pid----379067----pid-379067
---ebpf-pid----379067----pid-5476
---ebpf-pid----379067----pid-1
---ebpf-pid----379067----pid-379067
---ebpf-pid----379067----pid-5476
---ebpf-pid----379067----pid-1
---ebpf-pid----5707----pid-5707
---ebpf-pid----5707----pid-5476
---ebpf-pid----5707----pid-1
---ebpf-pid----2088----pid-2088
---ebpf-pid----2088----pid-1
---ebpf-pid----5707----pid-5707
---ebpf-pid----5707----pid-5476
---ebpf-pid----5707----pid-1
---ebpf-pid----5707----pid-5707
---ebpf-pid----5707----pid-5476
---ebpf-pid----5707----pid-1
---ebpf-pid----5707----pid-5707
---ebpf-pid----5707----pid-5476
---ebpf-pid----5707----pid-1
---ebpf-pid----5707----pid-5707
---ebpf-pid----5707----pid-5476
---ebpf-pid----5707----pid-1
---ebpf-pid----6671----pid-6671
---ebpf-pid----6671----pid-5476
---ebpf-pid----6671----pid-1
---ebpf-pid----6671----pid-6671
---ebpf-pid----6671----pid-5476
---ebpf-pid----6671----pid-1
---ebpf-pid----6671----pid-6671
---ebpf-pid----6671----pid-5476
---ebpf-pid----6671----pid-1
---ebpf-pid----6671----pid-6671
Failed to get process information for PID 0
---ebpf-pid----6671----pid-5476
---ebpf-pid----6671----pid-1
---ebpf-pid----448522----pid-448522
---ebpf-pid----448522----pid-1
---ebpf-pid----5707----pid-5707
---ebpf-pid----5707----pid-5476
---ebpf-pid----5707----pid-1
---ebpf-pid----5707----pid-5707
---ebpf-pid----5707----pid-5476
---ebpf-pid----5707----pid-1
---ebpf-pid----5707----pid-5707
---ebpf-pid----5707----pid-5476
---ebpf-pid----5707----pid-1
---ebpf-pid----377755----pid-377755
---ebpf-pid----377755----pid-1
---ebpf-pid----5614----pid-5614
---ebpf-pid----5614----pid-1
---ebpf-pid----379067----pid-379067
---ebpf-pid----379067----pid-5476
---ebpf-pid----379067----pid-1
---ebpf-pid----379067----pid-379067
---ebpf-pid----379067----pid-5476
---ebpf-pid----379067----pid-1
---ebpf-pid----379067----pid-379067
---ebpf-pid----379067----pid-5476
---ebpf-pid----379067----pid-1
---ebpf-pid----379067----pid-379067
---ebpf-pid----379067----pid-5476
---ebpf-pid----379067----pid-1
---ebpf-pid----379067----pid-379067
---ebpf-pid----379067----pid-5476
---ebpf-pid----379067----pid-1
---ebpf-pid----379067----pid-379067
---ebpf-pid----379067----pid-5476
---ebpf-pid----379067----pid-1
---ebpf-pid----7313----pid-7313
---ebpf-pid----7313----pid-1
---ebpf-pid----379067----pid-379067
---ebpf-pid----379067----pid-5476
---ebpf-pid----379067----pid-1
---ebpf-pid----379067----pid-379067
---ebpf-pid----379067----pid-5476
---ebpf-pid----379067----pid-1
---ebpf-pid----5707----pid-5707
---ebpf-pid----5707----pid-5476
---ebpf-pid----5707----pid-1
---ebpf-pid----379067----pid-379067
---ebpf-pid----379067----pid-5476
---ebpf-pid----379067----pid-1
---ebpf-pid----379067----pid-379067
---ebpf-pid----379067----pid-5476
---ebpf-pid----379067----pid-1
---ebpf-pid----5614----pid-5614
---ebpf-pid----5614----pid-1
---ebpf-pid----6671----pid-6671
---ebpf-pid----6671----pid-5476
---ebpf-pid----6671----pid-1
---ebpf-pid----6671----pid-6671
---ebpf-pid----6671----pid-5476
---ebpf-pid----6671----pid-1
---ebpf-pid----2088----pid-2088
---ebpf-pid----2088----pid-1
---ebpf-pid----2088----pid-2088
---ebpf-pid----2088----pid-1
---ebpf-pid----2088----pid-2088
---ebpf-pid----2088----pid-1
---ebpf-pid----2088----pid-2088
---ebpf-pid----2088----pid-1
---ebpf-pid----2088----pid-2088
---ebpf-pid----2088----pid-1
---ebpf-pid----2088----pid-2088
---ebpf-pid----2088----pid-1
---ebpf-pid----5637----pid-5637
---ebpf-pid----5637----pid-1
---ebpf-pid----2029----pid-2029
---ebpf-pid----2029----pid-1
---ebpf-pid----2029----pid-2029
---ebpf-pid----2029----pid-1
---ebpf-pid----2029----pid-2029
---ebpf-pid----2029----pid-1
---ebpf-pid----2029----pid-2029
---ebpf-pid----2029----pid-1
---ebpf-pid----2029----pid-2029
---ebpf-pid----2029----pid-1
---ebpf-pid----2029----pid-2029
---ebpf-pid----2029----pid-1
---ebpf-pid----2029----pid-2029
---ebpf-pid----2029----pid-1
---ebpf-pid----2029----pid-2029
---ebpf-pid----2029----pid-1
---ebpf-pid----5637----pid-5637
---ebpf-pid----5637----pid-1
---ebpf-pid----14----pid-14
---ebpf-pid----14----pid-2
---ebpf-pid----5637----pid-5637
---ebpf-pid----5637----pid-1
---ebpf-pid----448783----pid-448783
---ebpf-pid----448783----pid-448520
---ebpf-pid----448783----pid-1
---ebpf-pid----448783----pid-448783
---ebpf-pid----448783----pid-448520
---ebpf-pid----448783----pid-1
---ebpf-pid----448783----pid-448783
---ebpf-pid----448783----pid-448520
---ebpf-pid----448783----pid-1
---ebpf-pid----448783----pid-448783
---ebpf-pid----448783----pid-448520
---ebpf-pid----448783----pid-1
---ebpf-pid----448783----pid-448783
---ebpf-pid----448783----pid-448520
---ebpf-pid----448783----pid-1
---ebpf-pid----448783----pid-448783
---ebpf-pid----448783----pid-448520
---ebpf-pid----448783----pid-1
---ebpf-pid----448783----pid-448783
---ebpf-pid----448783----pid-448520
---ebpf-pid----448783----pid-1
---ebpf-pid----448783----pid-448783
---ebpf-pid----448783----pid-448520
---ebpf-pid----448783----pid-1
---ebpf-pid----448783----pid-448783
---ebpf-pid----448783----pid-448520
---ebpf-pid----448783----pid-1
---ebpf-pid----448783----pid-448783
---ebpf-pid----448783----pid-448520
---ebpf-pid----448783----pid-1
---ebpf-pid----448783----pid-448783
---ebpf-pid----448783----pid-448520
---ebpf-pid----448783----pid-1
---ebpf-pid----448783----pid-448783
---ebpf-pid----448783----pid-448520
---ebpf-pid----448783----pid-1
---ebpf-pid----448783----pid-448783
---ebpf-pid----448783----pid-448520
---ebpf-pid----448783----pid-1
---ebpf-pid----448783----pid-448783
---ebpf-pid----448783----pid-448520
---ebpf-pid----448783----pid-1
---ebpf-pid----448783----pid-448783
---ebpf-pid----448783----pid-448520
---ebpf-pid----448783----pid-1
---ebpf-pid----448783----pid-448783
---ebpf-pid----448783----pid-448520
---ebpf-pid----448783----pid-1
---ebpf-pid----448783----pid-448783
---ebpf-pid----448783----pid-448520
---ebpf-pid----448783----pid-1
---ebpf-pid----6671----pid-6671
---ebpf-pid----6671----pid-5476
---ebpf-pid----6671----pid-1
---ebpf-pid----6671----pid-6671
---ebpf-pid----6671----pid-5476
---ebpf-pid----6671----pid-1
---ebpf-pid----448783----pid-448783
---ebpf-pid----448783----pid-448520
---ebpf-pid----448783----pid-1
---ebpf-pid----2094----pid-2094
---ebpf-pid----2094----pid-1
---ebpf-pid----2094----pid-2094
---ebpf-pid----2094----pid-1
---ebpf-pid----2094----pid-2094
---ebpf-pid----2094----pid-1
---ebpf-pid----2094----pid-2094
---ebpf-pid----2094----pid-1
---ebpf-pid----2094----pid-2094
---ebpf-pid----2094----pid-1
---ebpf-pid----2094----pid-2094
---ebpf-pid----2094----pid-1
---ebpf-pid----2094----pid-2094
---ebpf-pid----2094----pid-1
---ebpf-pid----2094----pid-2094
---ebpf-pid----2094----pid-1
---ebpf-pid----2094----pid-2094
---ebpf-pid----2094----pid-1
---ebpf-pid----2094----pid-2094
---ebpf-pid----2094----pid-1
---ebpf-pid----2094----pid-2094
---ebpf-pid----2094----pid-1
---ebpf-pid----2094----pid-2094
---ebpf-pid----2094----pid-1
---ebpf-pid----2094----pid-2094
---ebpf-pid----2094----pid-1
---ebpf-pid----2094----pid-2094
---ebpf-pid----2094----pid-1
---ebpf-pid----2094----pid-2094
---ebpf-pid----2094----pid-1
---ebpf-pid----2094----pid-2094
---ebpf-pid----2094----pid-1
---ebpf-pid----5638----pid-5638
---ebpf-pid----5638----pid-1
---ebpf-pid----2088----pid-2088
---ebpf-pid----2088----pid-1
---ebpf-pid----2088----pid-2088
---ebpf-pid----2088----pid-1
---ebpf-pid----2088----pid-2088
---ebpf-pid----2088----pid-1
---ebpf-pid----2088----pid-2088
---ebpf-pid----2088----pid-1
---ebpf-pid----2088----pid-2088
---ebpf-pid----2088----pid-1
---ebpf-pid----2088----pid-2088
---ebpf-pid----2088----pid-1
---ebpf-pid----2088----pid-2088
---ebpf-pid----2088----pid-1
---ebpf-pid----2088----pid-2088
---ebpf-pid----2088----pid-1
---ebpf-pid----2088----pid-2088
---ebpf-pid----2088----pid-1
---ebpf-pid----2089----pid-2089
---ebpf-pid----2089----pid-1
---ebpf-pid----2089----pid-2089
---ebpf-pid----2089----pid-1
---ebpf-pid----2089----pid-2089
---ebpf-pid----2089----pid-1
---ebpf-pid----2089----pid-2089
---ebpf-pid----2089----pid-1
---ebpf-pid----2089----pid-2089
---ebpf-pid----2089----pid-1
---ebpf-pid----2089----pid-2089
---ebpf-pid----2089----pid-1
---ebpf-pid----2089----pid-2089
---ebpf-pid----2089----pid-1
---ebpf-pid----2089----pid-2089
---ebpf-pid----2089----pid-1
---ebpf-pid----2089----pid-2089
---ebpf-pid----2089----pid-1
---ebpf-pid----2089----pid-2089
---ebpf-pid----2089----pid-1
---ebpf-pid----14----pid-14
---ebpf-pid----14----pid-2
---ebpf-pid----2089----pid-2089
---ebpf-pid----2089----pid-1
---ebpf-pid----2089----pid-2089
---ebpf-pid----2089----pid-1
---ebpf-pid----2089----pid-2089
---ebpf-pid----2089----pid-1
---ebpf-pid----2089----pid-2089
---ebpf-pid----2089----pid-1
---ebpf-pid----2089----pid-2089
---ebpf-pid----2089----pid-1
---ebpf-pid----2089----pid-2089
---ebpf-pid----2089----pid-1
---ebpf-pid----2089----pid-2089
---ebpf-pid----2089----pid-1
---ebpf-pid----2089----pid-2089
---ebpf-pid----2089----pid-1
---ebpf-pid----2089----pid-2089
---ebpf-pid----2089----pid-1
---ebpf-pid----2089----pid-2089
---ebpf-pid----2089----pid-1
---ebpf-pid----2089----pid-2089
---ebpf-pid----2089----pid-1
---ebpf-pid----14----pid-14
---ebpf-pid----14----pid-2
---ebpf-pid----2089----pid-2089
---ebpf-pid----2089----pid-1
---ebpf-pid----2089----pid-2089
---ebpf-pid----2089----pid-1
---ebpf-pid----2089----pid-2089
---ebpf-pid----2089----pid-1
---ebpf-pid----2089----pid-2089
---ebpf-pid----2089----pid-1
---ebpf-pid----2089----pid-2089
---ebpf-pid----2089----pid-1
---ebpf-pid----2089----pid-2089
---ebpf-pid----2089----pid-1
---ebpf-pid----14----pid-14
---ebpf-pid----14----pid-2
---ebpf-pid----2089----pid-2089
---ebpf-pid----2089----pid-1
---ebpf-pid----372881----pid-372881
---ebpf-pid----372881----pid-1
---ebpf-pid----2089----pid-2089
---ebpf-pid----2089----pid-1
---ebpf-pid----2089----pid-2089
---ebpf-pid----2089----pid-1
---ebpf-pid----2089----pid-2089
---ebpf-pid----2089----pid-1
---ebpf-pid----2089----pid-2089
---ebpf-pid----2089----pid-1
---ebpf-pid----448783----pid-448783
---ebpf-pid----448783----pid-448520
---ebpf-pid----448783----pid-1
---ebpf-pid----448783----pid-448783
---ebpf-pid----448783----pid-448520
---ebpf-pid----448783----pid-1
---ebpf-pid----448522----pid-448522
---ebpf-pid----448522----pid-1
---ebpf-pid----6671----pid-6671
---ebpf-pid----6671----pid-5476
---ebpf-pid----6671----pid-1
---ebpf-pid----6671----pid-6671
---ebpf-pid----6671----pid-5476
---ebpf-pid----6671----pid-1
---ebpf-pid----448783----pid-448783
---ebpf-pid----448783----pid-448520
---ebpf-pid----448783----pid-1
---ebpf-pid----448783----pid-448783
---ebpf-pid----448783----pid-448520
---ebpf-pid----448783----pid-1
---ebpf-pid----448783----pid-448783
---ebpf-pid----448783----pid-448520
---ebpf-pid----448783----pid-1
---ebpf-pid----448783----pid-448783
---ebpf-pid----448783----pid-448520
---ebpf-pid----448783----pid-1
---ebpf-pid----448783----pid-448783
---ebpf-pid----448783----pid-448520
---ebpf-pid----448783----pid-1
---ebpf-pid----448522----pid-448522
---ebpf-pid----448522----pid-1
---ebpf-pid----448783----pid-448783
---ebpf-pid----448783----pid-448520
---ebpf-pid----448783----pid-1
---ebpf-pid----448783----pid-448783
---ebpf-pid----448783----pid-448520
---ebpf-pid----448783----pid-1
---ebpf-pid----377755----pid-377755
---ebpf-pid----377755----pid-1
---ebpf-pid----7313----pid-7313
---ebpf-pid----7313----pid-1
---ebpf-pid----448783----pid-448783
---ebpf-pid----448783----pid-448520
---ebpf-pid----448783----pid-1
---ebpf-pid----448783----pid-448783
---ebpf-pid----448783----pid-448520
---ebpf-pid----448783----pid-1
---ebpf-pid----448783----pid-448783
---ebpf-pid----448783----pid-448520
---ebpf-pid----448783----pid-1
---ebpf-pid----448783----pid-448783
---ebpf-pid----448783----pid-448520
---ebpf-pid----448783----pid-1
---ebpf-pid----448783----pid-448783
---ebpf-pid----448783----pid-448520
---ebpf-pid----448783----pid-1
---ebpf-pid----7313----pid-7313
---ebpf-pid----7313----pid-1
---ebpf-pid----5705----pid-5705
---ebpf-pid----5705----pid-5476
---ebpf-pid----5705----pid-1
---ebpf-pid----5705----pid-5705
---ebpf-pid----5705----pid-5476
---ebpf-pid----5705----pid-1
---ebpf-pid----5705----pid-5705
---ebpf-pid----5705----pid-5476
---ebpf-pid----5705----pid-1
---ebpf-pid----5705----pid-5705
---ebpf-pid----5705----pid-5476
---ebpf-pid----5705----pid-1
---ebpf-pid----5705----pid-5705
---ebpf-pid----5705----pid-5476
---ebpf-pid----5705----pid-1
---ebpf-pid----7313----pid-7313
---ebpf-pid----7313----pid-1
---ebpf-pid----7313----pid-7313
---ebpf-pid----7313----pid-1
---ebpf-pid----5705----pid-5705
---ebpf-pid----5705----pid-5476
---ebpf-pid----5705----pid-1
---ebpf-pid----448783----pid-448783
---ebpf-pid----448783----pid-448520
---ebpf-pid----448783----pid-1
---ebpf-pid----448783----pid-448783
---ebpf-pid----448783----pid-448520
---ebpf-pid----448783----pid-1
---ebpf-pid----448783----pid-448783
---ebpf-pid----448783----pid-448520
---ebpf-pid----448783----pid-1
---ebpf-pid----448783----pid-448783
---ebpf-pid----448783----pid-448520
---ebpf-pid----448783----pid-1
---ebpf-pid----379067----pid-379067
---ebpf-pid----379067----pid-5476
---ebpf-pid----379067----pid-1
---ebpf-pid----379067----pid-379067
---ebpf-pid----379067----pid-5476
---ebpf-pid----379067----pid-1
---ebpf-pid----379067----pid-379067
---ebpf-pid----379067----pid-5476
---ebpf-pid----379067----pid-1
---ebpf-pid----448783----pid-448783
---ebpf-pid----448783----pid-448520
---ebpf-pid----448783----pid-1
---ebpf-pid----448783----pid-448783
---ebpf-pid----448783----pid-448520
---ebpf-pid----448783----pid-1
---ebpf-pid----448783----pid-448783
---ebpf-pid----448783----pid-448520
---ebpf-pid----448783----pid-1
---ebpf-pid----448783----pid-448783
---ebpf-pid----448783----pid-448520
---ebpf-pid----448783----pid-1
---ebpf-pid----448783----pid-448783
---ebpf-pid----448783----pid-448520
---ebpf-pid----448783----pid-1
---ebpf-pid----448783----pid-448783
---ebpf-pid----448783----pid-448520
---ebpf-pid----448783----pid-1
---ebpf-pid----448783----pid-448783
---ebpf-pid----448783----pid-448520
---ebpf-pid----448783----pid-1
---ebpf-pid----448783----pid-448783
---ebpf-pid----448783----pid-448520
---ebpf-pid----448783----pid-1
---ebpf-pid----448783----pid-448783
---ebpf-pid----448783----pid-448520
---ebpf-pid----448783----pid-1
---ebpf-pid----448783----pid-448783
---ebpf-pid----448783----pid-448520
---ebpf-pid----448783----pid-1
---ebpf-pid----448783----pid-448783
---ebpf-pid----448783----pid-448520
---ebpf-pid----448783----pid-1
---ebpf-pid----448783----pid-448783
---ebpf-pid----448783----pid-448520
---ebpf-pid----448783----pid-1
---ebpf-pid----448783----pid-448783
---ebpf-pid----448783----pid-448520
---ebpf-pid----448783----pid-1
---ebpf-pid----448783----pid-448783
---ebpf-pid----448783----pid-448520
---ebpf-pid----448783----pid-1
---ebpf-pid----448783----pid-448783
---ebpf-pid----448783----pid-448520
---ebpf-pid----448783----pid-1
---ebpf-pid----448783----pid-448783
---ebpf-pid----448783----pid-448520
---ebpf-pid----448783----pid-1
---ebpf-pid----448783----pid-448783
---ebpf-pid----448783----pid-448520
---ebpf-pid----448783----pid-1
---ebpf-pid----448783----pid-448783
---ebpf-pid----448783----pid-448520
---ebpf-pid----448783----pid-1
---ebpf-pid----448783----pid-448783
---ebpf-pid----448783----pid-448520
---ebpf-pid----448783----pid-1
---ebpf-pid----448522----pid-448522
---ebpf-pid----448522----pid-1
---ebpf-pid----448783----pid-448783
---ebpf-pid----448783----pid-448520
---ebpf-pid----448783----pid-1
---ebpf-pid----448783----pid-448783
---ebpf-pid----448783----pid-448520
---ebpf-pid----448783----pid-1
---ebpf-pid----448783----pid-448783
---ebpf-pid----448783----pid-448520
---ebpf-pid----448783----pid-1
---ebpf-pid----448783----pid-448783
---ebpf-pid----448783----pid-448520
---ebpf-pid----448783----pid-1
---ebpf-pid----448783----pid-448783
---ebpf-pid----448783----pid-448520
---ebpf-pid----448783----pid-1
---ebpf-pid----448783----pid-448783
---ebpf-pid----448783----pid-448520
---ebpf-pid----448783----pid-1
---ebpf-pid----448783----pid-448783
---ebpf-pid----448783----pid-448520
---ebpf-pid----448783----pid-1
---ebpf-pid----448783----pid-448783
---ebpf-pid----448783----pid-448520
---ebpf-pid----448783----pid-1
---ebpf-pid----448783----pid-448783
---ebpf-pid----448783----pid-448520
---ebpf-pid----448783----pid-1
---ebpf-pid----448783----pid-448783
---ebpf-pid----448783----pid-448520
---ebpf-pid----448783----pid-1
---ebpf-pid----5705----pid-5705
---ebpf-pid----5705----pid-5476
---ebpf-pid----5705----pid-1
---ebpf-pid----5705----pid-5705
---ebpf-pid----5705----pid-5476
---ebpf-pid----5705----pid-1
---ebpf-pid----5705----pid-5705
---ebpf-pid----5705----pid-5476
---ebpf-pid----5705----pid-1
---ebpf-pid----5705----pid-5705
---ebpf-pid----5705----pid-5476
---ebpf-pid----5705----pid-1
---ebpf-pid----5705----pid-5705
---ebpf-pid----5705----pid-5476
---ebpf-pid----5705----pid-1
---ebpf-pid----5705----pid-5705
---ebpf-pid----5705----pid-5476
---ebpf-pid----5705----pid-1
---ebpf-pid----5705----pid-5705
---ebpf-pid----5705----pid-5476
---ebpf-pid----5705----pid-1
---ebpf-pid----5705----pid-5705
---ebpf-pid----5705----pid-5476
---ebpf-pid----5705----pid-1
---ebpf-pid----5705----pid-5705
---ebpf-pid----5705----pid-5476
---ebpf-pid----5705----pid-1
---ebpf-pid----379067----pid-379067
---ebpf-pid----379067----pid-5476
---ebpf-pid----379067----pid-1
---ebpf-pid----448783----pid-448783
---ebpf-pid----448783----pid-448520
---ebpf-pid----448783----pid-1
---ebpf-pid----448783----pid-448783
---ebpf-pid----448783----pid-448520
---ebpf-pid----448783----pid-1
---ebpf-pid----448783----pid-448783
---ebpf-pid----448783----pid-448520
---ebpf-pid----448783----pid-1
---ebpf-pid----448783----pid-448783
---ebpf-pid----448783----pid-448520
---ebpf-pid----448783----pid-1
---ebpf-pid----5705----pid-5705
---ebpf-pid----5705----pid-5476
---ebpf-pid----5705----pid-1
---ebpf-pid----5705----pid-5705
---ebpf-pid----5705----pid-5476
---ebpf-pid----5705----pid-1
---ebpf-pid----5705----pid-5705
---ebpf-pid----5705----pid-5476
---ebpf-pid----5705----pid-1
---ebpf-pid----2088----pid-2088
---ebpf-pid----2088----pid-1
---ebpf-pid----2088----pid-2088
---ebpf-pid----2088----pid-1
---ebpf-pid----2088----pid-2088
---ebpf-pid----2088----pid-1
---ebpf-pid----2088----pid-2088
---ebpf-pid----2088----pid-1
---ebpf-pid----2088----pid-2088
---ebpf-pid----2088----pid-1
---ebpf-pid----2088----pid-2088
---ebpf-pid----2088----pid-1
---ebpf-pid----2088----pid-2088
---ebpf-pid----2088----pid-1
---ebpf-pid----2088----pid-2088
---ebpf-pid----2088----pid-1
---ebpf-pid----5638----pid-5638
---ebpf-pid----5638----pid-1
---ebpf-pid----5638----pid-5638
---ebpf-pid----5638----pid-1
---ebpf-pid----5637----pid-5637
---ebpf-pid----5637----pid-1
---ebpf-pid----2089----pid-2089
---ebpf-pid----2089----pid-1
---ebpf-pid----2089----pid-2089
---ebpf-pid----2089----pid-1
---ebpf-pid----2089----pid-2089
---ebpf-pid----2089----pid-1
---ebpf-pid----2089----pid-2089
---ebpf-pid----2089----pid-1
---ebpf-pid----2089----pid-2089
---ebpf-pid----2089----pid-1
---ebpf-pid----2089----pid-2089
---ebpf-pid----2089----pid-1
---ebpf-pid----2089----pid-2089
---ebpf-pid----2089----pid-1
---ebpf-pid----5707----pid-5707
---ebpf-pid----5707----pid-5476
---ebpf-pid----5707----pid-1
---ebpf-pid----5707----pid-5707
---ebpf-pid----5707----pid-5476
---ebpf-pid----5707----pid-1
---ebpf-pid----5707----pid-5707
---ebpf-pid----5707----pid-5476
---ebpf-pid----5707----pid-1
---ebpf-pid----5707----pid-5707
---ebpf-pid----5707----pid-5476
---ebpf-pid----5707----pid-1
---ebpf-pid----5707----pid-5707
---ebpf-pid----5707----pid-5476
---ebpf-pid----5707----pid-1
---ebpf-pid----5707----pid-5707
---ebpf-pid----5707----pid-5476
---ebpf-pid----5707----pid-1
---ebpf-pid----5707----pid-5707
---ebpf-pid----5707----pid-5476
---ebpf-pid----5707----pid-1
---ebpf-pid----5707----pid-5707
---ebpf-pid----5707----pid-5476
---ebpf-pid----5707----pid-1
---ebpf-pid----5707----pid-5707
---ebpf-pid----5707----pid-5476
---ebpf-pid----5707----pid-1
---ebpf-pid----5707----pid-5707
---ebpf-pid----5707----pid-5476
---ebpf-pid----5707----pid-1
---ebpf-pid----5707----pid-5707
---ebpf-pid----5707----pid-5476
---ebpf-pid----5707----pid-1
---ebpf-pid----5707----pid-5707
---ebpf-pid----5707----pid-5476
---ebpf-pid----5707----pid-1
---ebpf-pid----5707----pid-5707
---ebpf-pid----5707----pid-5476
---ebpf-pid----5707----pid-1
---ebpf-pid----5707----pid-5707
---ebpf-pid----5707----pid-5476
---ebpf-pid----5707----pid-1
---ebpf-pid----5707----pid-5707
---ebpf-pid----5707----pid-5476
---ebpf-pid----5707----pid-1
---ebpf-pid----5707----pid-5707
---ebpf-pid----5707----pid-5476
---ebpf-pid----5707----pid-1
---ebpf-pid----5707----pid-5707
---ebpf-pid----5707----pid-5476
---ebpf-pid----5707----pid-1
---ebpf-pid----5707----pid-5707
---ebpf-pid----5707----pid-5476
---ebpf-pid----5707----pid-1
---ebpf-pid----5707----pid-5707
---ebpf-pid----5707----pid-5476
---ebpf-pid----5707----pid-1
---ebpf-pid----5707----pid-5707
---ebpf-pid----5707----pid-5476
---ebpf-pid----5707----pid-1
---ebpf-pid----5707----pid-5707
---ebpf-pid----5707----pid-5476
---ebpf-pid----5707----pid-1
---ebpf-pid----5707----pid-5707
---ebpf-pid----5707----pid-5476
---ebpf-pid----5707----pid-1
---ebpf-pid----5707----pid-5707
---ebpf-pid----5707----pid-5476
---ebpf-pid----5707----pid-1
---ebpf-pid----5707----pid-5707
---ebpf-pid----5707----pid-5476
---ebpf-pid----5707----pid-1
---ebpf-pid----5707----pid-5707
---ebpf-pid----5707----pid-5476
---ebpf-pid----5707----pid-1
---ebpf-pid----5707----pid-5707
---ebpf-pid----5707----pid-5476
---ebpf-pid----5707----pid-1
---ebpf-pid----5707----pid-5707
---ebpf-pid----5707----pid-5476
---ebpf-pid----5707----pid-1
---ebpf-pid----5707----pid-5707
---ebpf-pid----5707----pid-5476
---ebpf-pid----5707----pid-1
---ebpf-pid----5707----pid-5707
---ebpf-pid----5707----pid-5476
---ebpf-pid----5707----pid-1
---ebpf-pid----372881----pid-372881
---ebpf-pid----372881----pid-1
---ebpf-pid----377755----pid-377755
---ebpf-pid----377755----pid-1
---ebpf-pid----372881----pid-372881
---ebpf-pid----372881----pid-1
---ebpf-pid----372881----pid-372881
---ebpf-pid----372881----pid-1
---ebpf-pid----372881----pid-372881
---ebpf-pid----372881----pid-1
---ebpf-pid----372881----pid-372881
---ebpf-pid----372881----pid-1
---ebpf-pid----372881----pid-372881
---ebpf-pid----372881----pid-1
---ebpf-pid----372881----pid-372881
---ebpf-pid----372881----pid-1
---ebpf-pid----372881----pid-372881
---ebpf-pid----372881----pid-1
---ebpf-pid----372881----pid-372881
---ebpf-pid----372881----pid-1
---ebpf-pid----372881----pid-372881
---ebpf-pid----372881----pid-1
---ebpf-pid----372881----pid-372881
---ebpf-pid----372881----pid-1
---ebpf-pid----372881----pid-372881
---ebpf-pid----372881----pid-1
---ebpf-pid----372881----pid-372881
---ebpf-pid----372881----pid-1
---ebpf-pid----372881----pid-372881
---ebpf-pid----372881----pid-1
---ebpf-pid----372881----pid-372881
---ebpf-pid----372881----pid-1
---ebpf-pid----372881----pid-372881
---ebpf-pid----372881----pid-1
---ebpf-pid----5707----pid-5707
---ebpf-pid----5707----pid-5476
---ebpf-pid----5707----pid-1
---ebpf-pid----5707----pid-5707
---ebpf-pid----5707----pid-5476
---ebpf-pid----5707----pid-1
---ebpf-pid----5707----pid-5707
---ebpf-pid----5707----pid-5476
---ebpf-pid----5707----pid-1
---ebpf-pid----5707----pid-5707
---ebpf-pid----5707----pid-5476
---ebpf-pid----5707----pid-1
---ebpf-pid----379067----pid-379067
---ebpf-pid----379067----pid-5476
---ebpf-pid----379067----pid-1
---ebpf-pid----379067----pid-379067
---ebpf-pid----379067----pid-5476
---ebpf-pid----379067----pid-1
---ebpf-pid----14----pid-14
---ebpf-pid----14----pid-2
---ebpf-pid----372881----pid-372881
---ebpf-pid----372881----pid-1
---ebpf-pid----372881----pid-372881
---ebpf-pid----372881----pid-1
---ebpf-pid----372881----pid-372881
---ebpf-pid----372881----pid-1
---ebpf-pid----372881----pid-372881
---ebpf-pid----372881----pid-1
---ebpf-pid----372881----pid-372881
---ebpf-pid----372881----pid-1
---ebpf-pid----372881----pid-372881
---ebpf-pid----372881----pid-1
---ebpf-pid----372881----pid-372881
---ebpf-pid----372881----pid-1
---ebpf-pid----372881----pid-372881
---ebpf-pid----372881----pid-1
---ebpf-pid----372881----pid-372881
---ebpf-pid----372881----pid-1
---ebpf-pid----372881----pid-372881
---ebpf-pid----372881----pid-1
---ebpf-pid----372881----pid-372881
---ebpf-pid----372881----pid-1
---ebpf-pid----5705----pid-5705
---ebpf-pid----5705----pid-5476
---ebpf-pid----5705----pid-1
---ebpf-pid----5705----pid-5705
---ebpf-pid----5705----pid-5476
---ebpf-pid----5705----pid-1
---ebpf-pid----5705----pid-5705
---ebpf-pid----5705----pid-5476
---ebpf-pid----5705----pid-1
---ebpf-pid----5705----pid-5705
---ebpf-pid----5705----pid-5476
---ebpf-pid----5705----pid-1
---ebpf-pid----5705----pid-5705
---ebpf-pid----5705----pid-5476
---ebpf-pid----5705----pid-1
---ebpf-pid----5705----pid-5705
---ebpf-pid----5705----pid-5476
---ebpf-pid----5705----pid-1
---ebpf-pid----5705----pid-5705
---ebpf-pid----5705----pid-5476
---ebpf-pid----5705----pid-1
---ebpf-pid----5705----pid-5705
---ebpf-pid----5705----pid-5476
---ebpf-pid----5705----pid-1
---ebpf-pid----5705----pid-5705
---ebpf-pid----5705----pid-5476
---ebpf-pid----5705----pid-1
---ebpf-pid----5705----pid-5705
---ebpf-pid----5705----pid-5476
---ebpf-pid----5705----pid-1
---ebpf-pid----5705----pid-5705
---ebpf-pid----5705----pid-5476
---ebpf-pid----5705----pid-1
---ebpf-pid----5705----pid-5705
---ebpf-pid----5705----pid-5476
---ebpf-pid----5705----pid-1
---ebpf-pid----372881----pid-372881
---ebpf-pid----372881----pid-1
---ebpf-pid----5705----pid-5705
---ebpf-pid----5705----pid-5476
---ebpf-pid----5705----pid-1
---ebpf-pid----5705----pid-5705
---ebpf-pid----5705----pid-5476
---ebpf-pid----5705----pid-1
---ebpf-pid----5705----pid-5705
---ebpf-pid----5705----pid-5476
---ebpf-pid----5705----pid-1
---ebpf-pid----5705----pid-5705
---ebpf-pid----5705----pid-5476
---ebpf-pid----5705----pid-1
---ebpf-pid----5705----pid-5705
---ebpf-pid----5705----pid-5476
---ebpf-pid----5705----pid-1
---ebpf-pid----5705----pid-5705
---ebpf-pid----5705----pid-5476
---ebpf-pid----5705----pid-1
---ebpf-pid----5637----pid-5637
---ebpf-pid----5637----pid-1
---ebpf-pid----448522----pid-448522
---ebpf-pid----448522----pid-1
---ebpf-pid----5707----pid-5707
---ebpf-pid----5707----pid-5476
---ebpf-pid----5707----pid-1
---ebpf-pid----5707----pid-5707
---ebpf-pid----5707----pid-5476
---ebpf-pid----5707----pid-1
---ebpf-pid----5707----pid-5707
---ebpf-pid----5707----pid-5476
---ebpf-pid----5707----pid-1
---ebpf-pid----5707----pid-5707
---ebpf-pid----5707----pid-5476
---ebpf-pid----5707----pid-1
---ebpf-pid----448522----pid-448522
---ebpf-pid----448522----pid-1
---ebpf-pid----5705----pid-5705
---ebpf-pid----5705----pid-5476
---ebpf-pid----5705----pid-1
---ebpf-pid----5705----pid-5705
---ebpf-pid----5705----pid-5476
---ebpf-pid----5705----pid-1
---ebpf-pid----5705----pid-5705
---ebpf-pid----5705----pid-5476
---ebpf-pid----5705----pid-1
---ebpf-pid----5705----pid-5705
---ebpf-pid----5705----pid-5476
---ebpf-pid----5705----pid-1
---ebpf-pid----5705----pid-5705
---ebpf-pid----5705----pid-5476
---ebpf-pid----5705----pid-1
---ebpf-pid----5705----pid-5705
---ebpf-pid----5705----pid-5476
---ebpf-pid----5705----pid-1
---ebpf-pid----5705----pid-5705
---ebpf-pid----5705----pid-5476
---ebpf-pid----5705----pid-1
---ebpf-pid----5705----pid-5705
---ebpf-pid----5705----pid-5476
---ebpf-pid----5705----pid-1
---ebpf-pid----5705----pid-5705
---ebpf-pid----5705----pid-5476
---ebpf-pid----5705----pid-1
---ebpf-pid----5705----pid-5705
---ebpf-pid----5705----pid-5476
---ebpf-pid----5705----pid-1
---ebpf-pid----5705----pid-5705
---ebpf-pid----5705----pid-5476
---ebpf-pid----5705----pid-1
---ebpf-pid----5705----pid-5705
---ebpf-pid----5705----pid-5476
---ebpf-pid----5705----pid-1
---ebpf-pid----5705----pid-5705
---ebpf-pid----5705----pid-5476
---ebpf-pid----5705----pid-1
---ebpf-pid----5705----pid-5705
---ebpf-pid----5705----pid-5476
---ebpf-pid----5705----pid-1
---ebpf-pid----5705----pid-5705
---ebpf-pid----5705----pid-5476
---ebpf-pid----5705----pid-1
---ebpf-pid----5705----pid-5705
---ebpf-pid----5705----pid-5476
---ebpf-pid----5705----pid-1
---ebpf-pid----5705----pid-5705
---ebpf-pid----5705----pid-5476
---ebpf-pid----5705----pid-1
---ebpf-pid----5705----pid-5705
---ebpf-pid----5705----pid-5476
---ebpf-pid----5705----pid-1
---ebpf-pid----5705----pid-5705
---ebpf-pid----5705----pid-5476
---ebpf-pid----5705----pid-1
---ebpf-pid----5705----pid-5705
---ebpf-pid----5705----pid-5476
---ebpf-pid----5705----pid-1
---ebpf-pid----5705----pid-5705
---ebpf-pid----5705----pid-5476
---ebpf-pid----5705----pid-1
---ebpf-pid----5705----pid-5705
---ebpf-pid----5705----pid-5476
---ebpf-pid----5705----pid-1
---ebpf-pid----5705----pid-5705
---ebpf-pid----5705----pid-5476
---ebpf-pid----5705----pid-1
---ebpf-pid----6671----pid-6671
---ebpf-pid----6671----pid-5476
---ebpf-pid----6671----pid-1
---ebpf-pid----6671----pid-6671
---ebpf-pid----6671----pid-5476
---ebpf-pid----6671----pid-1
---ebpf-pid----6671----pid-6671
Failed to get process information for PID 0
Failed to get process information for PID 0
Failed to get process information for PID 0
---ebpf-pid----6671----pid-5476
---ebpf-pid----6671----pid-1
---ebpf-pid----6671----pid-6671
---ebpf-pid----6671----pid-5476
---ebpf-pid----6671----pid-1
---ebpf-pid----6671----pid-6671
---ebpf-pid----6671----pid-5476
---ebpf-pid----6671----pid-1
---ebpf-pid----6671----pid-6671
---ebpf-pid----6671----pid-5476
---ebpf-pid----6671----pid-1
---ebpf-pid----6671----pid-6671
---ebpf-pid----6671----pid-5476
---ebpf-pid----6671----pid-1
---ebpf-pid----6671----pid-6671
---ebpf-pid----6671----pid-5476
---ebpf-pid----6671----pid-1
---ebpf-pid----6671----pid-6671
---ebpf-pid----6671----pid-5476
---ebpf-pid----6671----pid-1
---ebpf-pid----6671----pid-6671
---ebpf-pid----6671----pid-5476
---ebpf-pid----6671----pid-1
---ebpf-pid----6671----pid-6671
---ebpf-pid----6671----pid-5476
---ebpf-pid----6671----pid-1
---ebpf-pid----6671----pid-6671
---ebpf-pid----6671----pid-5476
---ebpf-pid----6671----pid-1
---ebpf-pid----6671----pid-6671
---ebpf-pid----6671----pid-5476
---ebpf-pid----6671----pid-1
---ebpf-pid----6671----pid-6671
---ebpf-pid----6671----pid-5476
---ebpf-pid----6671----pid-1
---ebpf-pid----6671----pid-6671
---ebpf-pid----6671----pid-5476
---ebpf-pid----6671----pid-1
---ebpf-pid----6671----pid-6671
---ebpf-pid----6671----pid-5476
---ebpf-pid----6671----pid-1
---ebpf-pid----6671----pid-6671
---ebpf-pid----6671----pid-5476
---ebpf-pid----6671----pid-1
---ebpf-pid----6671----pid-6671
---ebpf-pid----6671----pid-5476
---ebpf-pid----6671----pid-1
---ebpf-pid----6671----pid-6671
---ebpf-pid----6671----pid-5476
---ebpf-pid----6671----pid-1
---ebpf-pid----6671----pid-6671
---ebpf-pid----6671----pid-5476
---ebpf-pid----6671----pid-1
---ebpf-pid----6671----pid-6671
---ebpf-pid----6671----pid-5476
---ebpf-pid----6671----pid-1
---ebpf-pid----6671----pid-6671
---ebpf-pid----6671----pid-5476
---ebpf-pid----6671----pid-1
---ebpf-pid----6671----pid-6671
---ebpf-pid----6671----pid-5476
---ebpf-pid----6671----pid-1
---ebpf-pid----6671----pid-6671
---ebpf-pid----6671----pid-5476
---ebpf-pid----6671----pid-1
---ebpf-pid----6671----pid-6671
---ebpf-pid----6671----pid-5476
---ebpf-pid----6671----pid-1
---ebpf-pid----6671----pid-6671
---ebpf-pid----6671----pid-5476
---ebpf-pid----6671----pid-1
---ebpf-pid----6671----pid-6671
---ebpf-pid----6671----pid-5476
---ebpf-pid----6671----pid-1
---ebpf-pid----6671----pid-6671
---ebpf-pid----6671----pid-5476
---ebpf-pid----6671----pid-1
---ebpf-pid----6671----pid-6671
---ebpf-pid----6671----pid-5476
---ebpf-pid----6671----pid-1
---ebpf-pid----6671----pid-6671
---ebpf-pid----6671----pid-5476
---ebpf-pid----6671----pid-1
---ebpf-pid----6671----pid-6671
---ebpf-pid----6671----pid-5476
---ebpf-pid----6671----pid-1
---ebpf-pid----6671----pid-6671
---ebpf-pid----6671----pid-5476
---ebpf-pid----6671----pid-1
---ebpf-pid----6671----pid-6671
---ebpf-pid----6671----pid-5476
---ebpf-pid----6671----pid-1
---ebpf-pid----6671----pid-6671
---ebpf-pid----6671----pid-5476
---ebpf-pid----6671----pid-1
---ebpf-pid----6671----pid-6671
---ebpf-pid----6671----pid-5476
---ebpf-pid----6671----pid-1
---ebpf-pid----6671----pid-6671
---ebpf-pid----6671----pid-5476
---ebpf-pid----6671----pid-1
---ebpf-pid----6671----pid-6671
---ebpf-pid----6671----pid-5476
---ebpf-pid----6671----pid-1
---ebpf-pid----6671----pid-6671
---ebpf-pid----6671----pid-5476
---ebpf-pid----6671----pid-1
---ebpf-pid----6671----pid-6671
---ebpf-pid----6671----pid-5476
---ebpf-pid----6671----pid-1
---ebpf-pid----6671----pid-6671
---ebpf-pid----6671----pid-5476
---ebpf-pid----6671----pid-1
---ebpf-pid----6671----pid-6671
---ebpf-pid----6671----pid-5476
---ebpf-pid----6671----pid-1
---ebpf-pid----6671----pid-6671
---ebpf-pid----6671----pid-5476
---ebpf-pid----6671----pid-1
---ebpf-pid----6671----pid-6671
---ebpf-pid----6671----pid-5476
---ebpf-pid----6671----pid-1
---ebpf-pid----6671----pid-6671
---ebpf-pid----6671----pid-5476
---ebpf-pid----6671----pid-1
---ebpf-pid----6671----pid-6671
---ebpf-pid----6671----pid-5476
---ebpf-pid----6671----pid-1
---ebpf-pid----6671----pid-6671
---ebpf-pid----6671----pid-5476
---ebpf-pid----6671----pid-1
---ebpf-pid----6671----pid-6671
---ebpf-pid----6671----pid-5476
---ebpf-pid----6671----pid-1
---ebpf-pid----6671----pid-6671
---ebpf-pid----6671----pid-5476
---ebpf-pid----6671----pid-1
---ebpf-pid----379067----pid-379067
---ebpf-pid----379067----pid-5476
---ebpf-pid----379067----pid-1
---ebpf-pid----6671----pid-6671
---ebpf-pid----6671----pid-5476
---ebpf-pid----6671----pid-1
---ebpf-pid----6671----pid-6671
---ebpf-pid----6671----pid-5476
---ebpf-pid----6671----pid-1
---ebpf-pid----2089----pid-2089
---ebpf-pid----2089----pid-1
---ebpf-pid----2089----pid-2089
---ebpf-pid----2089----pid-1
---ebpf-pid----2089----pid-2089
---ebpf-pid----2089----pid-1
---ebpf-pid----2089----pid-2089
---ebpf-pid----2089----pid-1
---ebpf-pid----2089----pid-2089
---ebpf-pid----2089----pid-1
---ebpf-pid----448783----pid-448783
---ebpf-pid----448783----pid-448520
---ebpf-pid----448783----pid-1
---ebpf-pid----448783----pid-448783
---ebpf-pid----448783----pid-448520
---ebpf-pid----448783----pid-1
---ebpf-pid----448783----pid-448783
---ebpf-pid----448783----pid-448520
---ebpf-pid----448783----pid-1
---ebpf-pid----448783----pid-448783
---ebpf-pid----448783----pid-448520
---ebpf-pid----448783----pid-1
---ebpf-pid----448783----pid-448783
Failed to get process information for PID 0
---ebpf-pid----448783----pid-448520
---ebpf-pid----448783----pid-1
---ebpf-pid----448783----pid-448783
---ebpf-pid----448783----pid-448520
---ebpf-pid----448783----pid-1
---ebpf-pid----448783----pid-448783
---ebpf-pid----448783----pid-448520
---ebpf-pid----448783----pid-1
---ebpf-pid----448522----pid-448522
---ebpf-pid----448522----pid-1
---ebpf-pid----377755----pid-377755
---ebpf-pid----377755----pid-1
---ebpf-pid----448783----pid-448783
---ebpf-pid----448783----pid-448520
---ebpf-pid----448783----pid-1
---ebpf-pid----448783----pid-448783
---ebpf-pid----448783----pid-448520
---ebpf-pid----448783----pid-1
---ebpf-pid----379067----pid-379067
---ebpf-pid----379067----pid-5476
---ebpf-pid----379067----pid-1
---ebpf-pid----379067----pid-379067
---ebpf-pid----379067----pid-5476
---ebpf-pid----379067----pid-1
---ebpf-pid----448783----pid-448783
---ebpf-pid----448783----pid-448520
---ebpf-pid----448783----pid-1
---ebpf-pid----448783----pid-448783
---ebpf-pid----448783----pid-448520
---ebpf-pid----448783----pid-1
---ebpf-pid----448783----pid-448783
---ebpf-pid----448783----pid-448520
---ebpf-pid----448783----pid-1
---ebpf-pid----448783----pid-448783
---ebpf-pid----448783----pid-448520
---ebpf-pid----448783----pid-1
---ebpf-pid----448783----pid-448783
---ebpf-pid----448783----pid-448520
---ebpf-pid----448783----pid-1
---ebpf-pid----448783----pid-448783
---ebpf-pid----448783----pid-448520
---ebpf-pid----448783----pid-1
---ebpf-pid----448783----pid-448783
---ebpf-pid----448783----pid-448520
---ebpf-pid----448783----pid-1
---ebpf-pid----448783----pid-448783
---ebpf-pid----448783----pid-448520
---ebpf-pid----448783----pid-1
---ebpf-pid----448783----pid-448783
---ebpf-pid----448783----pid-448520
---ebpf-pid----448783----pid-1
---ebpf-pid----448783----pid-448783
---ebpf-pid----448783----pid-448520
---ebpf-pid----448783----pid-1
---ebpf-pid----379067----pid-379067
---ebpf-pid----379067----pid-5476
---ebpf-pid----379067----pid-1
---ebpf-pid----379067----pid-379067
---ebpf-pid----379067----pid-5476
---ebpf-pid----379067----pid-1
---ebpf-pid----5108----pid-5108
---ebpf-pid----5108----pid-3323
---ebpf-pid----5108----pid-1
---ebpf-pid----5108----pid-5108
---ebpf-pid----5108----pid-3323
---ebpf-pid----5108----pid-1
---ebpf-pid----5108----pid-5108
---ebpf-pid----5108----pid-3323
---ebpf-pid----5108----pid-1
---ebpf-pid----5108----pid-5108
---ebpf-pid----5108----pid-3323
---ebpf-pid----5108----pid-1
---ebpf-pid----379067----pid-379067
---ebpf-pid----379067----pid-5476
---ebpf-pid----379067----pid-1
---ebpf-pid----379067----pid-379067
---ebpf-pid----379067----pid-5476
---ebpf-pid----379067----pid-1
---ebpf-pid----379067----pid-379067
---ebpf-pid----379067----pid-5476
---ebpf-pid----379067----pid-1
---ebpf-pid----5108----pid-5108
---ebpf-pid----5108----pid-3323
---ebpf-pid----5108----pid-1
---ebpf-pid----5108----pid-5108
---ebpf-pid----5108----pid-3323
---ebpf-pid----5108----pid-1
---ebpf-pid----5108----pid-5108
---ebpf-pid----5108----pid-3323
---ebpf-pid----5108----pid-1
---ebpf-pid----5108----pid-5108
---ebpf-pid----5108----pid-3323
---ebpf-pid----5108----pid-1
---ebpf-pid----5108----pid-5108
---ebpf-pid----5108----pid-3323
---ebpf-pid----5108----pid-1
---ebpf-pid----5108----pid-5108
---ebpf-pid----5108----pid-3323
---ebpf-pid----5108----pid-1
---ebpf-pid----5108----pid-5108
---ebpf-pid----5108----pid-3323
---ebpf-pid----5108----pid-1
---ebpf-pid----5108----pid-5108
---ebpf-pid----5108----pid-3323
---ebpf-pid----5108----pid-1
---ebpf-pid----5108----pid-5108
---ebpf-pid----5108----pid-3323
---ebpf-pid----5108----pid-1
---ebpf-pid----5108----pid-5108
---ebpf-pid----5108----pid-3323
---ebpf-pid----5108----pid-1
---ebpf-pid----379067----pid-379067
---ebpf-pid----379067----pid-5476
---ebpf-pid----379067----pid-1
---ebpf-pid----379067----pid-379067
---ebpf-pid----379067----pid-5476
---ebpf-pid----379067----pid-1
---ebpf-pid----379067----pid-379067
---ebpf-pid----379067----pid-5476
---ebpf-pid----379067----pid-1
---ebpf-pid----379067----pid-379067
---ebpf-pid----379067----pid-5476
---ebpf-pid----379067----pid-1
---ebpf-pid----379067----pid-379067
---ebpf-pid----379067----pid-5476
---ebpf-pid----379067----pid-1
---ebpf-pid----379067----pid-379067
---ebpf-pid----379067----pid-5476
---ebpf-pid----379067----pid-1
---ebpf-pid----379067----pid-379067
---ebpf-pid----379067----pid-5476
---ebpf-pid----379067----pid-1
---ebpf-pid----379067----pid-379067
---ebpf-pid----379067----pid-5476
---ebpf-pid----379067----pid-1
---ebpf-pid----379067----pid-379067
---ebpf-pid----379067----pid-5476
---ebpf-pid----379067----pid-1
---ebpf-pid----379067----pid-379067
---ebpf-pid----379067----pid-5476
---ebpf-pid----379067----pid-1
---ebpf-pid----379067----pid-379067
---ebpf-pid----379067----pid-5476
---ebpf-pid----379067----pid-1
---ebpf-pid----379067----pid-379067
---ebpf-pid----379067----pid-5476
---ebpf-pid----379067----pid-1
---ebpf-pid----379067----pid-379067
---ebpf-pid----379067----pid-5476
---ebpf-pid----379067----pid-1
---ebpf-pid----5108----pid-5108
---ebpf-pid----5108----pid-3323
---ebpf-pid----5108----pid-1
---ebpf-pid----5108----pid-5108
---ebpf-pid----5108----pid-3323
---ebpf-pid----5108----pid-1
---ebpf-pid----379067----pid-379067
---ebpf-pid----379067----pid-5476
---ebpf-pid----379067----pid-1
---ebpf-pid----379067----pid-379067
---ebpf-pid----379067----pid-5476
---ebpf-pid----379067----pid-1
---ebpf-pid----379067----pid-379067
---ebpf-pid----379067----pid-5476
---ebpf-pid----379067----pid-1
---ebpf-pid----379067----pid-379067
---ebpf-pid----379067----pid-5476
---ebpf-pid----379067----pid-1
---ebpf-pid----5108----pid-5108
---ebpf-pid----5108----pid-3323
---ebpf-pid----5108----pid-1
---ebpf-pid----5108----pid-5108
---ebpf-pid----5108----pid-3323
---ebpf-pid----5108----pid-1
---ebpf-pid----379067----pid-379067
---ebpf-pid----379067----pid-5476
---ebpf-pid----379067----pid-1
---ebpf-pid----379067----pid-379067
---ebpf-pid----379067----pid-5476
---ebpf-pid----379067----pid-1
---ebpf-pid----379067----pid-379067
---ebpf-pid----379067----pid-5476
---ebpf-pid----379067----pid-1
---ebpf-pid----379067----pid-379067
---ebpf-pid----379067----pid-5476
---ebpf-pid----379067----pid-1
---ebpf-pid----379067----pid-379067
---ebpf-pid----379067----pid-5476
---ebpf-pid----379067----pid-1
---ebpf-pid----6671----pid-6671
---ebpf-pid----6671----pid-5476
---ebpf-pid----6671----pid-1
---ebpf-pid----5108----pid-5108
---ebpf-pid----5108----pid-3323
---ebpf-pid----5108----pid-1
---ebpf-pid----5108----pid-5108
---ebpf-pid----5108----pid-3323
---ebpf-pid----5108----pid-1
---ebpf-pid----5108----pid-5108
---ebpf-pid----5108----pid-3323
---ebpf-pid----5108----pid-1
---ebpf-pid----5108----pid-5108
---ebpf-pid----5108----pid-3323
---ebpf-pid----5108----pid-1
---ebpf-pid----5108----pid-5108
---ebpf-pid----5108----pid-3323
---ebpf-pid----5108----pid-1
---ebpf-pid----5108----pid-5108
---ebpf-pid----5108----pid-3323
---ebpf-pid----5108----pid-1
---ebpf-pid----5108----pid-5108
---ebpf-pid----5108----pid-3323
---ebpf-pid----5108----pid-1
---ebpf-pid----5108----pid-5108
---ebpf-pid----5108----pid-3323
---ebpf-pid----5108----pid-1
---ebpf-pid----5108----pid-5108
---ebpf-pid----5108----pid-3323
---ebpf-pid----5108----pid-1
---ebpf-pid----5108----pid-5108
---ebpf-pid----5108----pid-3323
---ebpf-pid----5108----pid-1
---ebpf-pid----5108----pid-5108
---ebpf-pid----5108----pid-3323
---ebpf-pid----5108----pid-1
---ebpf-pid----5108----pid-5108
---ebpf-pid----5108----pid-3323
---ebpf-pid----5108----pid-1
---ebpf-pid----5108----pid-5108
---ebpf-pid----5108----pid-3323
---ebpf-pid----5108----pid-1
---ebpf-pid----379067----pid-379067
---ebpf-pid----379067----pid-5476
---ebpf-pid----379067----pid-1
---ebpf-pid----379067----pid-379067
---ebpf-pid----379067----pid-5476
---ebpf-pid----379067----pid-1
---ebpf-pid----379067----pid-379067
---ebpf-pid----379067----pid-5476
---ebpf-pid----379067----pid-1
---ebpf-pid----379067----pid-379067
---ebpf-pid----379067----pid-5476
---ebpf-pid----379067----pid-1
---ebpf-pid----379067----pid-379067
---ebpf-pid----379067----pid-5476
---ebpf-pid----379067----pid-1
---ebpf-pid----379067----pid-379067
---ebpf-pid----379067----pid-5476
---ebpf-pid----379067----pid-1
---ebpf-pid----379067----pid-379067
---ebpf-pid----379067----pid-5476
---ebpf-pid----379067----pid-1
---ebpf-pid----379067----pid-379067
---ebpf-pid----379067----pid-5476
---ebpf-pid----379067----pid-1
---ebpf-pid----379067----pid-379067
---ebpf-pid----379067----pid-5476
---ebpf-pid----379067----pid-1
---ebpf-pid----379067----pid-379067
---ebpf-pid----379067----pid-5476
---ebpf-pid----379067----pid-1
---ebpf-pid----379067----pid-379067
---ebpf-pid----379067----pid-5476
---ebpf-pid----379067----pid-1
---ebpf-pid----379067----pid-379067
---ebpf-pid----379067----pid-5476
---ebpf-pid----379067----pid-1
---ebpf-pid----379067----pid-379067
---ebpf-pid----379067----pid-5476
---ebpf-pid----379067----pid-1
---ebpf-pid----379067----pid-379067
---ebpf-pid----379067----pid-5476
---ebpf-pid----379067----pid-1
---ebpf-pid----379067----pid-379067
---ebpf-pid----379067----pid-5476
---ebpf-pid----379067----pid-1
---ebpf-pid----379067----pid-379067
---ebpf-pid----379067----pid-5476
---ebpf-pid----379067----pid-1
---ebpf-pid----379067----pid-379067
---ebpf-pid----379067----pid-5476
---ebpf-pid----379067----pid-1
---ebpf-pid----379067----pid-379067
---ebpf-pid----379067----pid-5476
---ebpf-pid----379067----pid-1
---ebpf-pid----379067----pid-379067
---ebpf-pid----379067----pid-5476
---ebpf-pid----379067----pid-1
---ebpf-pid----5637----pid-5637
---ebpf-pid----5637----pid-1
---ebpf-pid----5637----pid-5637
---ebpf-pid----5637----pid-1
---ebpf-pid----379067----pid-379067
---ebpf-pid----379067----pid-5476
---ebpf-pid----379067----pid-1
---ebpf-pid----379067----pid-379067
---ebpf-pid----379067----pid-5476
---ebpf-pid----379067----pid-1
---ebpf-pid----5637----pid-5637
---ebpf-pid----5637----pid-1
---ebpf-pid----379067----pid-379067
---ebpf-pid----379067----pid-5476
---ebpf-pid----379067----pid-1
---ebpf-pid----379067----pid-379067
---ebpf-pid----379067----pid-5476
---ebpf-pid----379067----pid-1
---ebpf-pid----379067----pid-379067
---ebpf-pid----379067----pid-5476
---ebpf-pid----379067----pid-1
---ebpf-pid----2089----pid-2089
---ebpf-pid----2089----pid-1
---ebpf-pid----377755----pid-377755
---ebpf-pid----377755----pid-1
---ebpf-pid----5108----pid-5108
---ebpf-pid----5108----pid-3323
---ebpf-pid----5108----pid-1
---ebpf-pid----406335----pid-406335
---ebpf-pid----406335----pid-3323
---ebpf-pid----406335----pid-1
---ebpf-pid----406335----pid-406335
---ebpf-pid----406335----pid-3323
---ebpf-pid----406335----pid-1
---ebpf-pid----406335----pid-406335
---ebpf-pid----406335----pid-3323
---ebpf-pid----406335----pid-1
---ebpf-pid----377755----pid-377755
---ebpf-pid----377755----pid-1
---ebpf-pid----5637----pid-5637
---ebpf-pid----5637----pid-1
---ebpf-pid----2089----pid-2089
---ebpf-pid----2089----pid-1
---ebpf-pid----2089----pid-2089
---ebpf-pid----2089----pid-1
---ebpf-pid----2089----pid-2089
---ebpf-pid----2089----pid-1
---ebpf-pid----2089----pid-2089
---ebpf-pid----2089----pid-1
---ebpf-pid----2089----pid-2089
---ebpf-pid----2089----pid-1
---ebpf-pid----2089----pid-2089
---ebpf-pid----2089----pid-1
---ebpf-pid----2089----pid-2089
---ebpf-pid----2089----pid-1
---ebpf-pid----2089----pid-2089
---ebpf-pid----2089----pid-1
---ebpf-pid----2089----pid-2089
---ebpf-pid----2089----pid-1
---ebpf-pid----2089----pid-2089
---ebpf-pid----2089----pid-1
---ebpf-pid----2089----pid-2089
---ebpf-pid----2089----pid-1
---ebpf-pid----2089----pid-2089
---ebpf-pid----2089----pid-1
---ebpf-pid----2089----pid-2089
---ebpf-pid----2089----pid-1
---ebpf-pid----2089----pid-2089
---ebpf-pid----2089----pid-1
---ebpf-pid----2089----pid-2089
---ebpf-pid----2089----pid-1
---ebpf-pid----2089----pid-2089
---ebpf-pid----2089----pid-1
---ebpf-pid----2089----pid-2089
---ebpf-pid----2089----pid-1
---ebpf-pid----2089----pid-2089
---ebpf-pid----2089----pid-1
---ebpf-pid----2089----pid-2089
---ebpf-pid----2089----pid-1
---ebpf-pid----2089----pid-2089
---ebpf-pid----2089----pid-1
---ebpf-pid----2089----pid-2089
---ebpf-pid----2089----pid-1
---ebpf-pid----2089----pid-2089
---ebpf-pid----2089----pid-1
---ebpf-pid----2089----pid-2089
---ebpf-pid----2089----pid-1
---ebpf-pid----2089----pid-2089
---ebpf-pid----2089----pid-1
---ebpf-pid----2089----pid-2089
---ebpf-pid----2089----pid-1
---ebpf-pid----2089----pid-2089
---ebpf-pid----2089----pid-1
---ebpf-pid----2089----pid-2089
---ebpf-pid----2089----pid-1
---ebpf-pid----2089----pid-2089
---ebpf-pid----2089----pid-1
---ebpf-pid----2089----pid-2089
---ebpf-pid----2089----pid-1
---ebpf-pid----2089----pid-2089
---ebpf-pid----2089----pid-1
---ebpf-pid----2089----pid-2089
---ebpf-pid----2089----pid-1
---ebpf-pid----2089----pid-2089
---ebpf-pid----2089----pid-1
---ebpf-pid----2089----pid-2089
---ebpf-pid----2089----pid-1
---ebpf-pid----2089----pid-2089
---ebpf-pid----2089----pid-1
---ebpf-pid----2089----pid-2089
---ebpf-pid----2089----pid-1
---ebpf-pid----2089----pid-2089
---ebpf-pid----2089----pid-1
---ebpf-pid----2089----pid-2089
---ebpf-pid----2089----pid-1
---ebpf-pid----2089----pid-2089
---ebpf-pid----2089----pid-1
---ebpf-pid----2089----pid-2089
---ebpf-pid----2089----pid-1
---ebpf-pid----2089----pid-2089
---ebpf-pid----2089----pid-1
---ebpf-pid----5108----pid-5108
---ebpf-pid----5108----pid-3323
---ebpf-pid----5108----pid-1
---ebpf-pid----5108----pid-5108
---ebpf-pid----5108----pid-3323
---ebpf-pid----5108----pid-1
---ebpf-pid----5108----pid-5108
---ebpf-pid----5108----pid-3323
---ebpf-pid----5108----pid-1
---ebpf-pid----5108----pid-5108
---ebpf-pid----5108----pid-3323
---ebpf-pid----5108----pid-1
---ebpf-pid----5108----pid-5108
---ebpf-pid----5108----pid-3323
---ebpf-pid----5108----pid-1
---ebpf-pid----5108----pid-5108
---ebpf-pid----5108----pid-3323
---ebpf-pid----5108----pid-1
---ebpf-pid----406334----pid-406334
---ebpf-pid----406334----pid-3323
---ebpf-pid----406334----pid-1
---ebpf-pid----406334----pid-406334
---ebpf-pid----406334----pid-3323
---ebpf-pid----406334----pid-1
---ebpf-pid----2089----pid-2089
---ebpf-pid----2089----pid-1
---ebpf-pid----2089----pid-2089
---ebpf-pid----2089----pid-1
---ebpf-pid----2089----pid-2089
---ebpf-pid----2089----pid-1
---ebpf-pid----2089----pid-2089
---ebpf-pid----2089----pid-1
---ebpf-pid----2089----pid-2089
---ebpf-pid----2089----pid-1
---ebpf-pid----2089----pid-2089
---ebpf-pid----2089----pid-1
---ebpf-pid----2089----pid-2089
---ebpf-pid----2089----pid-1
---ebpf-pid----2089----pid-2089
---ebpf-pid----2089----pid-1
---ebpf-pid----2089----pid-2089
---ebpf-pid----2089----pid-1
---ebpf-pid----2089----pid-2089
---ebpf-pid----2089----pid-1
---ebpf-pid----2089----pid-2089
---ebpf-pid----2089----pid-1
---ebpf-pid----2089----pid-2089
---ebpf-pid----2089----pid-1
---ebpf-pid----2089----pid-2089
---ebpf-pid----2089----pid-1
---ebpf-pid----2089----pid-2089
---ebpf-pid----2089----pid-1
---ebpf-pid----2089----pid-2089
---ebpf-pid----2089----pid-1
---ebpf-pid----2089----pid-2089
---ebpf-pid----2089----pid-1
---ebpf-pid----2089----pid-2089
---ebpf-pid----2089----pid-1
---ebpf-pid----2089----pid-2089
---ebpf-pid----2089----pid-1
---ebpf-pid----2089----pid-2089
---ebpf-pid----2089----pid-1
---ebpf-pid----2089----pid-2089
---ebpf-pid----2089----pid-1
---ebpf-pid----2089----pid-2089
---ebpf-pid----2089----pid-1
---ebpf-pid----2089----pid-2089
---ebpf-pid----2089----pid-1
---ebpf-pid----2089----pid-2089
---ebpf-pid----2089----pid-1
---ebpf-pid----5705----pid-5705
---ebpf-pid----5705----pid-5476
---ebpf-pid----5705----pid-1
---ebpf-pid----5705----pid-5705
---ebpf-pid----5705----pid-5476
---ebpf-pid----5705----pid-1
---ebpf-pid----5705----pid-5705
---ebpf-pid----5705----pid-5476
---ebpf-pid----5705----pid-1
---ebpf-pid----448522----pid-448522
---ebpf-pid----448522----pid-1
---ebpf-pid----372881----pid-372881
---ebpf-pid----372881----pid-1
---ebpf-pid----372881----pid-372881
---ebpf-pid----372881----pid-1
---ebpf-pid----372881----pid-372881
---ebpf-pid----372881----pid-1
---ebpf-pid----372881----pid-372881
---ebpf-pid----372881----pid-1
---ebpf-pid----372881----pid-372881
---ebpf-pid----372881----pid-1
---ebpf-pid----372881----pid-372881
---ebpf-pid----372881----pid-1
---ebpf-pid----372881----pid-372881
---ebpf-pid----372881----pid-1
---ebpf-pid----372881----pid-372881
---ebpf-pid----372881----pid-1
---ebpf-pid----372881----pid-372881
---ebpf-pid----372881----pid-1
---ebpf-pid----372881----pid-372881
---ebpf-pid----372881----pid-1
---ebpf-pid----372881----pid-372881
---ebpf-pid----372881----pid-1
---ebpf-pid----372881----pid-372881
---ebpf-pid----372881----pid-1
---ebpf-pid----372881----pid-372881
---ebpf-pid----372881----pid-1
---ebpf-pid----372881----pid-372881
---ebpf-pid----372881----pid-1
---ebpf-pid----372881----pid-372881
---ebpf-pid----372881----pid-1
---ebpf-pid----372881----pid-372881
---ebpf-pid----372881----pid-1
---ebpf-pid----372881----pid-372881
---ebpf-pid----372881----pid-1
---ebpf-pid----372881----pid-372881
---ebpf-pid----372881----pid-1
---ebpf-pid----372881----pid-372881
---ebpf-pid----372881----pid-1
---ebpf-pid----372881----pid-372881
---ebpf-pid----372881----pid-1
---ebpf-pid----372881----pid-372881
---ebpf-pid----372881----pid-1
---ebpf-pid----372881----pid-372881
---ebpf-pid----372881----pid-1
---ebpf-pid----372881----pid-372881
---ebpf-pid----372881----pid-1
---ebpf-pid----372881----pid-372881
---ebpf-pid----372881----pid-1
---ebpf-pid----372881----pid-372881
---ebpf-pid----372881----pid-1
---ebpf-pid----372881----pid-372881
---ebpf-pid----372881----pid-1
---ebpf-pid----372881----pid-372881
---ebpf-pid----372881----pid-1
---ebpf-pid----372881----pid-372881
---ebpf-pid----372881----pid-1
---ebpf-pid----372881----pid-372881
---ebpf-pid----372881----pid-1
---ebpf-pid----372881----pid-372881
---ebpf-pid----372881----pid-1
---ebpf-pid----372881----pid-372881
---ebpf-pid----372881----pid-1
---ebpf-pid----372881----pid-372881
---ebpf-pid----372881----pid-1
---ebpf-pid----372881----pid-372881
---ebpf-pid----372881----pid-1
---ebpf-pid----372881----pid-372881
---ebpf-pid----372881----pid-1
---ebpf-pid----372881----pid-372881
---ebpf-pid----372881----pid-1
---ebpf-pid----372881----pid-372881
---ebpf-pid----372881----pid-1
---ebpf-pid----372881----pid-372881
---ebpf-pid----372881----pid-1
---ebpf-pid----372881----pid-372881
---ebpf-pid----372881----pid-1
---ebpf-pid----372881----pid-372881
---ebpf-pid----372881----pid-1
---ebpf-pid----372881----pid-372881
---ebpf-pid----372881----pid-1
---ebpf-pid----372881----pid-372881
---ebpf-pid----372881----pid-1
---ebpf-pid----372881----pid-372881
---ebpf-pid----372881----pid-1
---ebpf-pid----372881----pid-372881
---ebpf-pid----372881----pid-1
---ebpf-pid----372881----pid-372881
---ebpf-pid----372881----pid-1
---ebpf-pid----372881----pid-372881
---ebpf-pid----372881----pid-1
---ebpf-pid----372881----pid-372881
---ebpf-pid----372881----pid-1
---ebpf-pid----372881----pid-372881
---ebpf-pid----372881----pid-1
---ebpf-pid----372881----pid-372881
---ebpf-pid----372881----pid-1
---ebpf-pid----372881----pid-372881
---ebpf-pid----372881----pid-1
---ebpf-pid----372881----pid-372881
---ebpf-pid----372881----pid-1
---ebpf-pid----372881----pid-372881
---ebpf-pid----372881----pid-1
---ebpf-pid----372881----pid-372881
---ebpf-pid----372881----pid-1
---ebpf-pid----2088----pid-2088
---ebpf-pid----2088----pid-1
---ebpf-pid----2088----pid-2088
---ebpf-pid----2088----pid-1
---ebpf-pid----2088----pid-2088
---ebpf-pid----2088----pid-1
---ebpf-pid----2088----pid-2088
---ebpf-pid----2088----pid-1
---ebpf-pid----2088----pid-2088
---ebpf-pid----2088----pid-1
---ebpf-pid----2088----pid-2088
---ebpf-pid----2088----pid-1
---ebpf-pid----2088----pid-2088
---ebpf-pid----2088----pid-1
---ebpf-pid----2088----pid-2088
---ebpf-pid----2088----pid-1
---ebpf-pid----2088----pid-2088
---ebpf-pid----2088----pid-1
---ebpf-pid----5705----pid-5705
---ebpf-pid----5705----pid-5476
---ebpf-pid----5705----pid-1
---ebpf-pid----5705----pid-5705
---ebpf-pid----5705----pid-5476
---ebpf-pid----5705----pid-1
---ebpf-pid----5705----pid-5705
---ebpf-pid----5705----pid-5476
---ebpf-pid----5705----pid-1
---ebpf-pid----2088----pid-2088
---ebpf-pid----2088----pid-1
---ebpf-pid----2088----pid-2088
---ebpf-pid----2088----pid-1
---ebpf-pid----5637----pid-5637
---ebpf-pid----5637----pid-1
---ebpf-pid----5705----pid-5705
---ebpf-pid----5705----pid-5476
---ebpf-pid----5705----pid-1
---ebpf-pid----5705----pid-5705
---ebpf-pid----5705----pid-5476
---ebpf-pid----5705----pid-1
---ebpf-pid----5637----pid-5637
---ebpf-pid----5637----pid-1
---ebpf-pid----5705----pid-5705
---ebpf-pid----5705----pid-5476
---ebpf-pid----5705----pid-1
---ebpf-pid----5705----pid-5705
---ebpf-pid----5705----pid-5476
---ebpf-pid----5705----pid-1
---ebpf-pid----5705----pid-5705
---ebpf-pid----5705----pid-5476
---ebpf-pid----5705----pid-1
---ebpf-pid----2088----pid-2088
---ebpf-pid----2088----pid-1
---ebpf-pid----2088----pid-2088
---ebpf-pid----2088----pid-1
---ebpf-pid----5705----pid-5705
---ebpf-pid----5705----pid-5476
---ebpf-pid----5705----pid-1
---ebpf-pid----5705----pid-5705
---ebpf-pid----5705----pid-5476
---ebpf-pid----5705----pid-1
---ebpf-pid----6671----pid-6671
---ebpf-pid----6671----pid-5476
---ebpf-pid----6671----pid-1
---ebpf-pid----5705----pid-5705
---ebpf-pid----5705----pid-5476
---ebpf-pid----5705----pid-1
---ebpf-pid----5705----pid-5705
---ebpf-pid----5705----pid-5476
---ebpf-pid----5705----pid-1
---ebpf-pid----2088----pid-2088
---ebpf-pid----2088----pid-1
---ebpf-pid----2088----pid-2088
---ebpf-pid----2088----pid-1
---ebpf-pid----2088----pid-2088
---ebpf-pid----2088----pid-1
---ebpf-pid----2088----pid-2088
---ebpf-pid----2088----pid-1
---ebpf-pid----2088----pid-2088
---ebpf-pid----2088----pid-1
---ebpf-pid----2088----pid-2088
---ebpf-pid----2088----pid-1
---ebpf-pid----2088----pid-2088
---ebpf-pid----2088----pid-1
---ebpf-pid----2088----pid-2088
---ebpf-pid----2088----pid-1
---ebpf-pid----2088----pid-2088
---ebpf-pid----2088----pid-1
---ebpf-pid----2088----pid-2088
---ebpf-pid----2088----pid-1
---ebpf-pid----2088----pid-2088
---ebpf-pid----2088----pid-1
---ebpf-pid----2088----pid-2088
---ebpf-pid----2088----pid-1
---ebpf-pid----2088----pid-2088
---ebpf-pid----2088----pid-1
---ebpf-pid----2088----pid-2088
---ebpf-pid----2088----pid-1
---ebpf-pid----2088----pid-2088
---ebpf-pid----2088----pid-1
---ebpf-pid----2088----pid-2088
---ebpf-pid----2088----pid-1
---ebpf-pid----2088----pid-2088
---ebpf-pid----2088----pid-1
---ebpf-pid----2088----pid-2088
---ebpf-pid----2088----pid-1
---ebpf-pid----2088----pid-2088
---ebpf-pid----2088----pid-1
---ebpf-pid----5705----pid-5705
---ebpf-pid----5705----pid-5476
---ebpf-pid----5705----pid-1
---ebpf-pid----5705----pid-5705
---ebpf-pid----5705----pid-5476
---ebpf-pid----5705----pid-1
---ebpf-pid----5108----pid-5108
---ebpf-pid----5108----pid-3323
---ebpf-pid----5108----pid-1
---ebpf-pid----5108----pid-5108
---ebpf-pid----5108----pid-3323
---ebpf-pid----5108----pid-1
---ebpf-pid----406334----pid-406334
---ebpf-pid----406334----pid-3323
---ebpf-pid----406334----pid-1
---ebpf-pid----406334----pid-406334
---ebpf-pid----406334----pid-3323
---ebpf-pid----406334----pid-1
---ebpf-pid----5108----pid-5108
---ebpf-pid----5108----pid-3323
---ebpf-pid----5108----pid-1
---ebpf-pid----5108----pid-5108
---ebpf-pid----5108----pid-3323
---ebpf-pid----5108----pid-1
---ebpf-pid----5108----pid-5108
---ebpf-pid----5108----pid-3323
---ebpf-pid----5108----pid-1
---ebpf-pid----5108----pid-5108
---ebpf-pid----5108----pid-3323
---ebpf-pid----5108----pid-1
---ebpf-pid----5108----pid-5108
---ebpf-pid----5108----pid-3323
---ebpf-pid----5108----pid-1
---ebpf-pid----5108----pid-5108
---ebpf-pid----5108----pid-3323
---ebpf-pid----5108----pid-1
---ebpf-pid----5108----pid-5108
---ebpf-pid----5108----pid-3323
---ebpf-pid----5108----pid-1
---ebpf-pid----5108----pid-5108
---ebpf-pid----5108----pid-3323
---ebpf-pid----5108----pid-1
---ebpf-pid----5108----pid-5108
---ebpf-pid----5108----pid-3323
---ebpf-pid----5108----pid-1
---ebpf-pid----5108----pid-5108
---ebpf-pid----5108----pid-3323
---ebpf-pid----5108----pid-1
---ebpf-pid----5108----pid-5108
---ebpf-pid----5108----pid-3323
---ebpf-pid----5108----pid-1
---ebpf-pid----5108----pid-5108
---ebpf-pid----5108----pid-3323
---ebpf-pid----5108----pid-1
---ebpf-pid----5108----pid-5108
---ebpf-pid----5108----pid-3323
---ebpf-pid----5108----pid-1
---ebpf-pid----5108----pid-5108
---ebpf-pid----5108----pid-3323
---ebpf-pid----5108----pid-1
---ebpf-pid----5705----pid-5705
---ebpf-pid----5705----pid-5476
---ebpf-pid----5705----pid-1
---ebpf-pid----5705----pid-5705
---ebpf-pid----5705----pid-5476
---ebpf-pid----5705----pid-1
---ebpf-pid----5705----pid-5705
---ebpf-pid----5705----pid-5476
---ebpf-pid----5705----pid-1
---ebpf-pid----5705----pid-5705
---ebpf-pid----5705----pid-5476
---ebpf-pid----5705----pid-1
---ebpf-pid----5705----pid-5705
---ebpf-pid----5705----pid-5476
---ebpf-pid----5705----pid-1
---ebpf-pid----406335----pid-406335
---ebpf-pid----406335----pid-3323
---ebpf-pid----406335----pid-1
---ebpf-pid----406335----pid-406335
---ebpf-pid----406335----pid-3323
---ebpf-pid----406335----pid-1
---ebpf-pid----406335----pid-406335
---ebpf-pid----406335----pid-3323
---ebpf-pid----406335----pid-1
---ebpf-pid----406335----pid-406335
---ebpf-pid----406335----pid-3323
---ebpf-pid----406335----pid-1
---ebpf-pid----379067----pid-379067
---ebpf-pid----379067----pid-5476
---ebpf-pid----379067----pid-1
---ebpf-pid----379067----pid-379067
---ebpf-pid----379067----pid-5476
---ebpf-pid----379067----pid-1
---ebpf-pid----379067----pid-379067
---ebpf-pid----379067----pid-5476
---ebpf-pid----379067----pid-1
---ebpf-pid----379067----pid-379067
---ebpf-pid----379067----pid-5476
---ebpf-pid----379067----pid-1
---ebpf-pid----379067----pid-379067
---ebpf-pid----379067----pid-5476
---ebpf-pid----379067----pid-1
---ebpf-pid----379067----pid-379067
---ebpf-pid----379067----pid-5476
---ebpf-pid----379067----pid-1
---ebpf-pid----379067----pid-379067
---ebpf-pid----379067----pid-5476
---ebpf-pid----379067----pid-1
---ebpf-pid----379067----pid-379067
---ebpf-pid----379067----pid-5476
---ebpf-pid----379067----pid-1
---ebpf-pid----379067----pid-379067
---ebpf-pid----379067----pid-5476
---ebpf-pid----379067----pid-1
---ebpf-pid----379067----pid-379067
---ebpf-pid----379067----pid-5476
---ebpf-pid----379067----pid-1
---ebpf-pid----379067----pid-379067
---ebpf-pid----379067----pid-5476
---ebpf-pid----379067----pid-1
---ebpf-pid----379067----pid-379067
---ebpf-pid----379067----pid-5476
---ebpf-pid----379067----pid-1
---ebpf-pid----379067----pid-379067
---ebpf-pid----379067----pid-5476
---ebpf-pid----379067----pid-1
---ebpf-pid----379067----pid-379067
---ebpf-pid----379067----pid-5476
---ebpf-pid----379067----pid-1
---ebpf-pid----379067----pid-379067
---ebpf-pid----379067----pid-5476
---ebpf-pid----379067----pid-1
---ebpf-pid----379067----pid-379067
---ebpf-pid----379067----pid-5476
---ebpf-pid----379067----pid-1
---ebpf-pid----379067----pid-379067
---ebpf-pid----379067----pid-5476
---ebpf-pid----379067----pid-1
---ebpf-pid----376651----pid-376651
---ebpf-pid----376651----pid-3323
---ebpf-pid----376651----pid-1
---ebpf-pid----376651----pid-376651
---ebpf-pid----376651----pid-3323
---ebpf-pid----376651----pid-1
---ebpf-pid----376651----pid-376651
---ebpf-pid----376651----pid-3323
---ebpf-pid----376651----pid-1
---ebpf-pid----379067----pid-379067
---ebpf-pid----379067----pid-5476
---ebpf-pid----379067----pid-1
---ebpf-pid----379067----pid-379067
---ebpf-pid----379067----pid-5476
---ebpf-pid----379067----pid-1
---ebpf-pid----379067----pid-379067
---ebpf-pid----379067----pid-5476
---ebpf-pid----379067----pid-1
---ebpf-pid----5705----pid-5705
---ebpf-pid----5705----pid-5476
---ebpf-pid----5705----pid-1
---ebpf-pid----406334----pid-406334
---ebpf-pid----406334----pid-3323
---ebpf-pid----406334----pid-1
---ebpf-pid----376651----pid-376651
---ebpf-pid----376651----pid-3323
---ebpf-pid----376651----pid-1
---ebpf-pid----6671----pid-6671
---ebpf-pid----6671----pid-5476
---ebpf-pid----6671----pid-1
---ebpf-pid----6671----pid-6671
---ebpf-pid----6671----pid-5476
---ebpf-pid----6671----pid-1
---ebpf-pid----406335----pid-406335
---ebpf-pid----406335----pid-3323
---ebpf-pid----406335----pid-1
---ebpf-pid----406335----pid-406335
---ebpf-pid----406335----pid-3323
---ebpf-pid----406335----pid-1
---ebpf-pid----6671----pid-6671
---ebpf-pid----6671----pid-5476
---ebpf-pid----6671----pid-1
---ebpf-pid----6671----pid-6671
---ebpf-pid----6671----pid-5476
---ebpf-pid----6671----pid-1
---ebpf-pid----6671----pid-6671
---ebpf-pid----6671----pid-5476
---ebpf-pid----6671----pid-1
---ebpf-pid----6671----pid-6671
---ebpf-pid----6671----pid-5476
---ebpf-pid----6671----pid-1
---ebpf-pid----6671----pid-6671
---ebpf-pid----6671----pid-5476
---ebpf-pid----6671----pid-1
---ebpf-pid----6671----pid-6671
---ebpf-pid----6671----pid-5476
---ebpf-pid----6671----pid-1
---ebpf-pid----6671----pid-6671
---ebpf-pid----6671----pid-5476
---ebpf-pid----6671----pid-1
---ebpf-pid----6671----pid-6671
---ebpf-pid----6671----pid-5476
---ebpf-pid----6671----pid-1
---ebpf-pid----6671----pid-6671
---ebpf-pid----6671----pid-5476
---ebpf-pid----6671----pid-1
---ebpf-pid----6671----pid-6671
---ebpf-pid----6671----pid-5476
---ebpf-pid----6671----pid-1
---ebpf-pid----6671----pid-6671
---ebpf-pid----6671----pid-5476
---ebpf-pid----6671----pid-1
---ebpf-pid----6671----pid-6671
---ebpf-pid----6671----pid-5476
---ebpf-pid----6671----pid-1
---ebpf-pid----6671----pid-6671
---ebpf-pid----6671----pid-5476
---ebpf-pid----6671----pid-1
---ebpf-pid----6671----pid-6671
---ebpf-pid----6671----pid-5476
---ebpf-pid----6671----pid-1
---ebpf-pid----6671----pid-6671
---ebpf-pid----6671----pid-5476
---ebpf-pid----6671----pid-1
---ebpf-pid----6671----pid-6671
---ebpf-pid----6671----pid-5476
---ebpf-pid----6671----pid-1
---ebpf-pid----6671----pid-6671
---ebpf-pid----6671----pid-5476
---ebpf-pid----6671----pid-1
---ebpf-pid----6671----pid-6671
---ebpf-pid----6671----pid-5476
---ebpf-pid----6671----pid-1
---ebpf-pid----6671----pid-6671
---ebpf-pid----6671----pid-5476
---ebpf-pid----6671----pid-1
---ebpf-pid----6671----pid-6671
---ebpf-pid----6671----pid-5476
---ebpf-pid----6671----pid-1
---ebpf-pid----6671----pid-6671
---ebpf-pid----6671----pid-5476
---ebpf-pid----6671----pid-1
---ebpf-pid----6671----pid-6671
---ebpf-pid----6671----pid-5476
---ebpf-pid----6671----pid-1
---ebpf-pid----6671----pid-6671
---ebpf-pid----6671----pid-5476
---ebpf-pid----6671----pid-1
---ebpf-pid----6671----pid-6671
---ebpf-pid----6671----pid-5476
---ebpf-pid----6671----pid-1
---ebpf-pid----6671----pid-6671
---ebpf-pid----6671----pid-5476
---ebpf-pid----6671----pid-1
---ebpf-pid----6671----pid-6671
---ebpf-pid----6671----pid-5476
---ebpf-pid----6671----pid-1
---ebpf-pid----6671----pid-6671
---ebpf-pid----6671----pid-5476
---ebpf-pid----6671----pid-1
---ebpf-pid----6671----pid-6671
---ebpf-pid----6671----pid-5476
---ebpf-pid----6671----pid-1
---ebpf-pid----6671----pid-6671
---ebpf-pid----6671----pid-5476
---ebpf-pid----6671----pid-1
---ebpf-pid----6671----pid-6671
---ebpf-pid----6671----pid-5476
---ebpf-pid----6671----pid-1
---ebpf-pid----6671----pid-6671
---ebpf-pid----6671----pid-5476
---ebpf-pid----6671----pid-1
---ebpf-pid----6671----pid-6671
---ebpf-pid----6671----pid-5476
---ebpf-pid----6671----pid-1
---ebpf-pid----5707----pid-5707
---ebpf-pid----5707----pid-5476
---ebpf-pid----5707----pid-1
---ebpf-pid----5707----pid-5707
---ebpf-pid----5707----pid-5476
---ebpf-pid----5707----pid-1
---ebpf-pid----6671----pid-6671
---ebpf-pid----6671----pid-5476
---ebpf-pid----6671----pid-1
---ebpf-pid----6671----pid-6671
---ebpf-pid----6671----pid-5476
---ebpf-pid----6671----pid-1
---ebpf-pid----6671----pid-6671
---ebpf-pid----6671----pid-5476
---ebpf-pid----6671----pid-1
---ebpf-pid----6671----pid-6671
---ebpf-pid----6671----pid-5476
---ebpf-pid----6671----pid-1
---ebpf-pid----406335----pid-406335
---ebpf-pid----406335----pid-3323
---ebpf-pid----406335----pid-1
---ebpf-pid----406335----pid-406335
---ebpf-pid----406335----pid-3323
---ebpf-pid----406335----pid-1
---ebpf-pid----406335----pid-406335
---ebpf-pid----406335----pid-3323
---ebpf-pid----406335----pid-1
---ebpf-pid----5707----pid-5707
---ebpf-pid----5707----pid-5476
---ebpf-pid----5707----pid-1
---ebpf-pid----5707----pid-5707
---ebpf-pid----5707----pid-5476
---ebpf-pid----5707----pid-1
---ebpf-pid----5707----pid-5707
---ebpf-pid----5707----pid-5476
---ebpf-pid----5707----pid-1
---ebpf-pid----5707----pid-5707
---ebpf-pid----5707----pid-5476
---ebpf-pid----5707----pid-1
---ebpf-pid----5707----pid-5707
---ebpf-pid----5707----pid-5476
---ebpf-pid----5707----pid-1
---ebpf-pid----5707----pid-5707
---ebpf-pid----5707----pid-5476
---ebpf-pid----5707----pid-1
---ebpf-pid----376651----pid-376651
---ebpf-pid----376651----pid-3323
---ebpf-pid----376651----pid-1
---ebpf-pid----376651----pid-376651
---ebpf-pid----376651----pid-3323
---ebpf-pid----376651----pid-1
---ebpf-pid----376651----pid-376651
---ebpf-pid----376651----pid-3323
---ebpf-pid----376651----pid-1
---ebpf-pid----376651----pid-376651
---ebpf-pid----376651----pid-3323
---ebpf-pid----376651----pid-1
---ebpf-pid----376651----pid-376651
---ebpf-pid----376651----pid-3323
---ebpf-pid----376651----pid-1
---ebpf-pid----376651----pid-376651
---ebpf-pid----376651----pid-3323
---ebpf-pid----376651----pid-1
---ebpf-pid----376651----pid-376651
---ebpf-pid----376651----pid-3323
---ebpf-pid----376651----pid-1
---ebpf-pid----376651----pid-376651
---ebpf-pid----376651----pid-3323
---ebpf-pid----376651----pid-1
---ebpf-pid----376651----pid-376651
---ebpf-pid----376651----pid-3323
---ebpf-pid----376651----pid-1
---ebpf-pid----376651----pid-376651
---ebpf-pid----376651----pid-3323
---ebpf-pid----376651----pid-1
---ebpf-pid----376651----pid-376651
---ebpf-pid----376651----pid-3323
---ebpf-pid----376651----pid-1
---ebpf-pid----376651----pid-376651
---ebpf-pid----376651----pid-3323
---ebpf-pid----376651----pid-1
---ebpf-pid----376651----pid-376651
---ebpf-pid----376651----pid-3323
---ebpf-pid----376651----pid-1
---ebpf-pid----406335----pid-406335
---ebpf-pid----406335----pid-3323
---ebpf-pid----406335----pid-1
---ebpf-pid----406335----pid-406335
---ebpf-pid----406335----pid-3323
---ebpf-pid----406335----pid-1
---ebpf-pid----406335----pid-406335
---ebpf-pid----406335----pid-3323
---ebpf-pid----406335----pid-1
---ebpf-pid----406335----pid-406335
---ebpf-pid----406335----pid-3323
---ebpf-pid----406335----pid-1
---ebpf-pid----406335----pid-406335
---ebpf-pid----406335----pid-3323
---ebpf-pid----406335----pid-1
---ebpf-pid----406335----pid-406335
---ebpf-pid----406335----pid-3323
---ebpf-pid----406335----pid-1
---ebpf-pid----406335----pid-406335
---ebpf-pid----406335----pid-3323
---ebpf-pid----406335----pid-1
---ebpf-pid----406335----pid-406335
---ebpf-pid----406335----pid-3323
---ebpf-pid----406335----pid-1
---ebpf-pid----406335----pid-406335
---ebpf-pid----406335----pid-3323
---ebpf-pid----406335----pid-1
---ebpf-pid----406335----pid-406335
---ebpf-pid----406335----pid-3323
---ebpf-pid----406335----pid-1
---ebpf-pid----406335----pid-406335
---ebpf-pid----406335----pid-3323
---ebpf-pid----406335----pid-1
---ebpf-pid----406335----pid-406335
---ebpf-pid----406335----pid-3323
---ebpf-pid----406335----pid-1
---ebpf-pid----406335----pid-406335
---ebpf-pid----406335----pid-3323
---ebpf-pid----406335----pid-1
---ebpf-pid----406335----pid-406335
---ebpf-pid----406335----pid-3323
---ebpf-pid----406335----pid-1
---ebpf-pid----406335----pid-406335
---ebpf-pid----406335----pid-3323
---ebpf-pid----406335----pid-1
---ebpf-pid----406335----pid-406335
---ebpf-pid----406335----pid-3323
---ebpf-pid----406335----pid-1
---ebpf-pid----406335----pid-406335
---ebpf-pid----406335----pid-3323
---ebpf-pid----406335----pid-1
---ebpf-pid----406335----pid-406335
---ebpf-pid----406335----pid-3323
---ebpf-pid----406335----pid-1
---ebpf-pid----406335----pid-406335
---ebpf-pid----406335----pid-3323
---ebpf-pid----406335----pid-1
---ebpf-pid----406335----pid-406335
---ebpf-pid----406335----pid-3323
---ebpf-pid----406335----pid-1
---ebpf-pid----406335----pid-406335
---ebpf-pid----406335----pid-3323
---ebpf-pid----406335----pid-1
---ebpf-pid----406335----pid-406335
---ebpf-pid----406335----pid-3323
---ebpf-pid----406335----pid-1
---ebpf-pid----406335----pid-406335
---ebpf-pid----406335----pid-3323
---ebpf-pid----406335----pid-1
---ebpf-pid----406335----pid-406335
---ebpf-pid----406335----pid-3323
---ebpf-pid----406335----pid-1
---ebpf-pid----406335----pid-406335
---ebpf-pid----406335----pid-3323
---ebpf-pid----406335----pid-1
---ebpf-pid----406335----pid-406335
---ebpf-pid----406335----pid-3323
---ebpf-pid----406335----pid-1
---ebpf-pid----406335----pid-406335
---ebpf-pid----406335----pid-3323
---ebpf-pid----406335----pid-1
---ebpf-pid----406335----pid-406335
---ebpf-pid----406335----pid-3323
---ebpf-pid----406335----pid-1
---ebpf-pid----406335----pid-406335
---ebpf-pid----406335----pid-3323
---ebpf-pid----406335----pid-1
---ebpf-pid----406335----pid-406335
---ebpf-pid----406335----pid-3323
---ebpf-pid----406335----pid-1
---ebpf-pid----406335----pid-406335
---ebpf-pid----406335----pid-3323
---ebpf-pid----406335----pid-1
---ebpf-pid----406335----pid-406335
---ebpf-pid----406335----pid-3323
---ebpf-pid----406335----pid-1
---ebpf-pid----406335----pid-406335
---ebpf-pid----406335----pid-3323
---ebpf-pid----406335----pid-1
---ebpf-pid----406335----pid-406335
---ebpf-pid----406335----pid-3323
---ebpf-pid----406335----pid-1
---ebpf-pid----406335----pid-406335
---ebpf-pid----406335----pid-3323
---ebpf-pid----406335----pid-1
---ebpf-pid----406335----pid-406335
---ebpf-pid----406335----pid-3323
---ebpf-pid----406335----pid-1
---ebpf-pid----406335----pid-406335
---ebpf-pid----406335----pid-3323
---ebpf-pid----406335----pid-1
---ebpf-pid----406335----pid-406335
---ebpf-pid----406335----pid-3323
---ebpf-pid----406335----pid-1
---ebpf-pid----406335----pid-406335
---ebpf-pid----406335----pid-3323
---ebpf-pid----406335----pid-1
---ebpf-pid----406335----pid-406335
---ebpf-pid----406335----pid-3323
---ebpf-pid----406335----pid-1
---ebpf-pid----406335----pid-406335
---ebpf-pid----406335----pid-3323
---ebpf-pid----406335----pid-1
---ebpf-pid----406335----pid-406335
---ebpf-pid----406335----pid-3323
---ebpf-pid----406335----pid-1
---ebpf-pid----406335----pid-406335
---ebpf-pid----406335----pid-3323
---ebpf-pid----406335----pid-1
---ebpf-pid----406335----pid-406335
---ebpf-pid----406335----pid-3323
---ebpf-pid----406335----pid-1
---ebpf-pid----406335----pid-406335
---ebpf-pid----406335----pid-3323
---ebpf-pid----406335----pid-1
---ebpf-pid----377755----pid-377755
---ebpf-pid----377755----pid-1
---ebpf-pid----377755----pid-377755
---ebpf-pid----377755----pid-1
---ebpf-pid----4716----pid-4716
---ebpf-pid----4716----pid-3323
---ebpf-pid----4716----pid-1
---ebpf-pid----4716----pid-4716
---ebpf-pid----4716----pid-3323
---ebpf-pid----4716----pid-1
---ebpf-pid----4716----pid-4716
---ebpf-pid----4716----pid-3323
---ebpf-pid----4716----pid-1
---ebpf-pid----4716----pid-4716
---ebpf-pid----4716----pid-3323
---ebpf-pid----4716----pid-1
---ebpf-pid----4716----pid-4716
---ebpf-pid----4716----pid-3323
---ebpf-pid----4716----pid-1
---ebpf-pid----4716----pid-4716
---ebpf-pid----4716----pid-3323
---ebpf-pid----4716----pid-1
---ebpf-pid----14----pid-14
---ebpf-pid----14----pid-2
---ebpf-pid----4716----pid-4716
---ebpf-pid----4716----pid-3323
---ebpf-pid----4716----pid-1
---ebpf-pid----4716----pid-4716
---ebpf-pid----4716----pid-3323
---ebpf-pid----4716----pid-1
---ebpf-pid----4716----pid-4716
---ebpf-pid----4716----pid-3323
---ebpf-pid----4716----pid-1
---ebpf-pid----4716----pid-4716
---ebpf-pid----4716----pid-3323
---ebpf-pid----4716----pid-1
---ebpf-pid----4716----pid-4716
---ebpf-pid----4716----pid-3323
---ebpf-pid----4716----pid-1
---ebpf-pid----4716----pid-4716
---ebpf-pid----4716----pid-3323
---ebpf-pid----4716----pid-1
---ebpf-pid----4716----pid-4716
---ebpf-pid----4716----pid-3323
---ebpf-pid----4716----pid-1
---ebpf-pid----4716----pid-4716
---ebpf-pid----4716----pid-3323
---ebpf-pid----4716----pid-1
---ebpf-pid----4716----pid-4716
---ebpf-pid----4716----pid-3323
---ebpf-pid----4716----pid-1
---ebpf-pid----4716----pid-4716
---ebpf-pid----4716----pid-3323
---ebpf-pid----4716----pid-1
---ebpf-pid----4716----pid-4716
---ebpf-pid----4716----pid-3323
---ebpf-pid----4716----pid-1
---ebpf-pid----4716----pid-4716
---ebpf-pid----4716----pid-3323
---ebpf-pid----4716----pid-1
---ebpf-pid----406335----pid-406335
---ebpf-pid----406335----pid-3323
---ebpf-pid----406335----pid-1
---ebpf-pid----406335----pid-406335
---ebpf-pid----406335----pid-3323
---ebpf-pid----406335----pid-1
---ebpf-pid----4716----pid-4716
---ebpf-pid----4716----pid-3323
---ebpf-pid----4716----pid-1
---ebpf-pid----4716----pid-4716
---ebpf-pid----4716----pid-3323
---ebpf-pid----4716----pid-1
---ebpf-pid----4716----pid-4716
---ebpf-pid----4716----pid-3323
---ebpf-pid----4716----pid-1
---ebpf-pid----4716----pid-4716
---ebpf-pid----4716----pid-3323
---ebpf-pid----4716----pid-1
---ebpf-pid----4716----pid-4716
---ebpf-pid----4716----pid-3323
---ebpf-pid----4716----pid-1
---ebpf-pid----4716----pid-4716
---ebpf-pid----4716----pid-3323
---ebpf-pid----4716----pid-1
---ebpf-pid----4716----pid-4716
---ebpf-pid----4716----pid-3323
---ebpf-pid----4716----pid-1
---ebpf-pid----4716----pid-4716
---ebpf-pid----4716----pid-3323
---ebpf-pid----4716----pid-1
---ebpf-pid----4716----pid-4716
---ebpf-pid----4716----pid-3323
---ebpf-pid----4716----pid-1
---ebpf-pid----406335----pid-406335
---ebpf-pid----406335----pid-3323
---ebpf-pid----406335----pid-1
---ebpf-pid----406335----pid-406335
---ebpf-pid----406335----pid-3323
---ebpf-pid----406335----pid-1
---ebpf-pid----406335----pid-406335
---ebpf-pid----406335----pid-3323
---ebpf-pid----406335----pid-1
---ebpf-pid----406335----pid-406335
---ebpf-pid----406335----pid-3323
---ebpf-pid----406335----pid-1
---ebpf-pid----406335----pid-406335
---ebpf-pid----406335----pid-3323
---ebpf-pid----406335----pid-1
---ebpf-pid----406335----pid-406335
---ebpf-pid----406335----pid-3323
---ebpf-pid----406335----pid-1
---ebpf-pid----406335----pid-406335
---ebpf-pid----406335----pid-3323
---ebpf-pid----406335----pid-1
---ebpf-pid----406335----pid-406335
---ebpf-pid----406335----pid-3323
---ebpf-pid----406335----pid-1
---ebpf-pid----406335----pid-406335
---ebpf-pid----406335----pid-3323
---ebpf-pid----406335----pid-1
---ebpf-pid----406335----pid-406335
---ebpf-pid----406335----pid-3323
---ebpf-pid----406335----pid-1
---ebpf-pid----406335----pid-406335
---ebpf-pid----406335----pid-3323
---ebpf-pid----406335----pid-1
---ebpf-pid----406335----pid-406335
---ebpf-pid----406335----pid-3323
---ebpf-pid----406335----pid-1
---ebpf-pid----4716----pid-4716
---ebpf-pid----4716----pid-3323
---ebpf-pid----4716----pid-1
---ebpf-pid----406335----pid-406335
---ebpf-pid----406335----pid-3323
---ebpf-pid----406335----pid-1
---ebpf-pid----406335----pid-406335
---ebpf-pid----406335----pid-3323
---ebpf-pid----406335----pid-1
---ebpf-pid----406335----pid-406335
---ebpf-pid----406335----pid-3323
---ebpf-pid----406335----pid-1
---ebpf-pid----406335----pid-406335
---ebpf-pid----406335----pid-3323
---ebpf-pid----406335----pid-1
---ebpf-pid----406335----pid-406335
---ebpf-pid----406335----pid-3323
---ebpf-pid----406335----pid-1
---ebpf-pid----406335----pid-406335
---ebpf-pid----406335----pid-3323
---ebpf-pid----406335----pid-1
---ebpf-pid----4716----pid-4716
---ebpf-pid----4716----pid-3323
---ebpf-pid----4716----pid-1
---ebpf-pid----376651----pid-376651
---ebpf-pid----376651----pid-3323
---ebpf-pid----376651----pid-1
---ebpf-pid----4716----pid-4716
---ebpf-pid----4716----pid-3323
---ebpf-pid----4716----pid-1
---ebpf-pid----4716----pid-4716
---ebpf-pid----4716----pid-3323
---ebpf-pid----4716----pid-1
---ebpf-pid----4716----pid-4716
---ebpf-pid----4716----pid-3323
---ebpf-pid----4716----pid-1
---ebpf-pid----4716----pid-4716
---ebpf-pid----4716----pid-3323
---ebpf-pid----4716----pid-1
---ebpf-pid----4716----pid-4716
---ebpf-pid----4716----pid-3323
---ebpf-pid----4716----pid-1
---ebpf-pid----406334----pid-406334
---ebpf-pid----406334----pid-3323
---ebpf-pid----406334----pid-1
---ebpf-pid----406334----pid-406334
---ebpf-pid----406334----pid-3323
---ebpf-pid----406334----pid-1
---ebpf-pid----406334----pid-406334
---ebpf-pid----406334----pid-3323
---ebpf-pid----406334----pid-1
---ebpf-pid----406334----pid-406334
---ebpf-pid----406334----pid-3323
---ebpf-pid----406334----pid-1
---ebpf-pid----406334----pid-406334
---ebpf-pid----406334----pid-3323
---ebpf-pid----406334----pid-1
---ebpf-pid----406334----pid-406334
---ebpf-pid----406334----pid-3323
---ebpf-pid----406334----pid-1
---ebpf-pid----406334----pid-406334
---ebpf-pid----406334----pid-3323
---ebpf-pid----406334----pid-1
---ebpf-pid----406334----pid-406334
---ebpf-pid----406334----pid-3323
---ebpf-pid----406334----pid-1
---ebpf-pid----406334----pid-406334
---ebpf-pid----406334----pid-3323
---ebpf-pid----406334----pid-1
---ebpf-pid----406334----pid-406334
---ebpf-pid----406334----pid-3323
---ebpf-pid----406334----pid-1
---ebpf-pid----406334----pid-406334
---ebpf-pid----406334----pid-3323
---ebpf-pid----406334----pid-1
---ebpf-pid----406334----pid-406334
---ebpf-pid----406334----pid-3323
---ebpf-pid----406334----pid-1
---ebpf-pid----406334----pid-406334
---ebpf-pid----406334----pid-3323
---ebpf-pid----406334----pid-1
---ebpf-pid----4716----pid-4716
---ebpf-pid----4716----pid-3323
---ebpf-pid----4716----pid-1
---ebpf-pid----379067----pid-379067
---ebpf-pid----379067----pid-5476
---ebpf-pid----379067----pid-1
---ebpf-pid----379067----pid-379067
---ebpf-pid----379067----pid-5476
---ebpf-pid----379067----pid-1
---ebpf-pid----379067----pid-379067
---ebpf-pid----379067----pid-5476
---ebpf-pid----379067----pid-1
---ebpf-pid----379067----pid-379067
---ebpf-pid----379067----pid-5476
---ebpf-pid----379067----pid-1
---ebpf-pid----379067----pid-379067
---ebpf-pid----379067----pid-5476
---ebpf-pid----379067----pid-1
---ebpf-pid----379067----pid-379067
---ebpf-pid----379067----pid-5476
---ebpf-pid----379067----pid-1
---ebpf-pid----379067----pid-379067
---ebpf-pid----379067----pid-5476
---ebpf-pid----379067----pid-1
---ebpf-pid----379067----pid-379067
---ebpf-pid----379067----pid-5476
---ebpf-pid----379067----pid-1
---ebpf-pid----6671----pid-6671
---ebpf-pid----6671----pid-5476
---ebpf-pid----6671----pid-1
---ebpf-pid----6671----pid-6671
---ebpf-pid----6671----pid-5476
---ebpf-pid----6671----pid-1
---ebpf-pid----6671----pid-6671
---ebpf-pid----6671----pid-5476
---ebpf-pid----6671----pid-1
---ebpf-pid----6671----pid-6671
---ebpf-pid----6671----pid-5476
---ebpf-pid----6671----pid-1
---ebpf-pid----6671----pid-6671
---ebpf-pid----6671----pid-5476
---ebpf-pid----6671----pid-1
---ebpf-pid----6671----pid-6671
---ebpf-pid----6671----pid-5476
---ebpf-pid----6671----pid-1
---ebpf-pid----379067----pid-379067
---ebpf-pid----406334----pid-406334
---ebpf-pid----379067----pid-5476
---ebpf-pid----406334----pid-3323
---ebpf-pid----379067----pid-1
---ebpf-pid----379067----pid-379067
---ebpf-pid----379067----pid-5476
---ebpf-pid----379067----pid-1
---ebpf-pid----373029----pid-373029
---ebpf-pid----373029----pid-5476
---ebpf-pid----373029----pid-1
---ebpf-pid----373029----pid-373029
---ebpf-pid----373029----pid-5476
---ebpf-pid----373029----pid-1
---ebpf-pid----6671----pid-6671
---ebpf-pid----6671----pid-5476
---ebpf-pid----6671----pid-1
---ebpf-pid----6671----pid-6671
---ebpf-pid----6671----pid-5476
---ebpf-pid----6671----pid-1
---ebpf-pid----373029----pid-373029
---ebpf-pid----373029----pid-5476
---ebpf-pid----373029----pid-1
---ebpf-pid----373029----pid-373029
---ebpf-pid----373029----pid-5476
---ebpf-pid----373029----pid-1
---ebpf-pid----373029----pid-373029
---ebpf-pid----373029----pid-5476
---ebpf-pid----373029----pid-1
---ebpf-pid----6671----pid-6671
---ebpf-pid----6671----pid-5476
---ebpf-pid----6671----pid-1
---ebpf-pid----6671----pid-6671
---ebpf-pid----6671----pid-5476
---ebpf-pid----6671----pid-1
---ebpf-pid----6671----pid-6671
---ebpf-pid----6671----pid-5476
---ebpf-pid----6671----pid-1
---ebpf-pid----6671----pid-6671
---ebpf-pid----6671----pid-5476
---ebpf-pid----6671----pid-1
---ebpf-pid----373029----pid-373029
---ebpf-pid----373029----pid-5476
---ebpf-pid----373029----pid-1
---ebpf-pid----373029----pid-373029
---ebpf-pid----373029----pid-5476
---ebpf-pid----373029----pid-1
---ebpf-pid----6671----pid-6671
---ebpf-pid----6671----pid-5476
---ebpf-pid----6671----pid-1
---ebpf-pid----6671----pid-6671
---ebpf-pid----6671----pid-5476
---ebpf-pid----6671----pid-1
---ebpf-pid----6671----pid-6671
---ebpf-pid----6671----pid-5476
---ebpf-pid----6671----pid-1
---ebpf-pid----6671----pid-6671
---ebpf-pid----6671----pid-5476
---ebpf-pid----6671----pid-1
---ebpf-pid----6671----pid-6671
---ebpf-pid----6671----pid-5476
---ebpf-pid----6671----pid-1
---ebpf-pid----6671----pid-6671
---ebpf-pid----6671----pid-5476
---ebpf-pid----6671----pid-1
---ebpf-pid----6671----pid-6671
---ebpf-pid----6671----pid-5476
---ebpf-pid----6671----pid-1
---ebpf-pid----6671----pid-6671
---ebpf-pid----6671----pid-5476
---ebpf-pid----6671----pid-1
---ebpf-pid----6671----pid-6671
---ebpf-pid----6671----pid-5476
---ebpf-pid----6671----pid-1
---ebpf-pid----6671----pid-6671
---ebpf-pid----6671----pid-5476
---ebpf-pid----6671----pid-1
---ebpf-pid----6671----pid-6671
---ebpf-pid----6671----pid-5476
---ebpf-pid----6671----pid-1
---ebpf-pid----6671----pid-6671
---ebpf-pid----6671----pid-5476
---ebpf-pid----6671----pid-1
---ebpf-pid----6671----pid-6671
---ebpf-pid----6671----pid-5476
---ebpf-pid----6671----pid-1
---ebpf-pid----6671----pid-6671
---ebpf-pid----6671----pid-5476
---ebpf-pid----6671----pid-1
---ebpf-pid----6671----pid-6671
---ebpf-pid----6671----pid-5476
---ebpf-pid----6671----pid-1
---ebpf-pid----6671----pid-6671
---ebpf-pid----6671----pid-5476
---ebpf-pid----6671----pid-1
---ebpf-pid----6671----pid-6671
---ebpf-pid----6671----pid-5476
---ebpf-pid----6671----pid-1
---ebpf-pid----6671----pid-6671
---ebpf-pid----6671----pid-5476
---ebpf-pid----6671----pid-1
---ebpf-pid----6671----pid-6671
---ebpf-pid----6671----pid-5476
---ebpf-pid----6671----pid-1
---ebpf-pid----6671----pid-6671
---ebpf-pid----6671----pid-5476
---ebpf-pid----6671----pid-1
---ebpf-pid----6671----pid-6671
---ebpf-pid----6671----pid-5476
---ebpf-pid----6671----pid-1
---ebpf-pid----6671----pid-6671
---ebpf-pid----6671----pid-5476
---ebpf-pid----6671----pid-1
---ebpf-pid----6671----pid-6671
---ebpf-pid----6671----pid-5476
---ebpf-pid----6671----pid-1
---ebpf-pid----6671----pid-6671
---ebpf-pid----6671----pid-5476
---ebpf-pid----6671----pid-1
---ebpf-pid----373029----pid-373029
---ebpf-pid----373029----pid-5476
---ebpf-pid----373029----pid-1
---ebpf-pid----373029----pid-373029
---ebpf-pid----373029----pid-5476
---ebpf-pid----373029----pid-1
---ebpf-pid----6671----pid-6671
---ebpf-pid----6671----pid-5476
---ebpf-pid----6671----pid-1
---ebpf-pid----6671----pid-6671
---ebpf-pid----6671----pid-5476
---ebpf-pid----6671----pid-1
---ebpf-pid----6671----pid-6671
---ebpf-pid----6671----pid-5476
---ebpf-pid----6671----pid-1
---ebpf-pid----6671----pid-6671
---ebpf-pid----6671----pid-5476
---ebpf-pid----6671----pid-1
---ebpf-pid----373029----pid-373029
---ebpf-pid----373029----pid-5476
---ebpf-pid----373029----pid-1
---ebpf-pid----373029----pid-373029
---ebpf-pid----373029----pid-5476
---ebpf-pid----373029----pid-1
---ebpf-pid----373029----pid-373029
---ebpf-pid----379067----pid-379067
---ebpf-pid----373029----pid-5476
---ebpf-pid----373029----pid-1
---ebpf-pid----379067----pid-5476
---ebpf-pid----379067----pid-379067
---ebpf-pid----379067----pid-1
---ebpf-pid----379067----pid-379067
---ebpf-pid----379067----pid-5476
---ebpf-pid----379067----pid-5476
---ebpf-pid----379067----pid-1
---ebpf-pid----379067----pid-379067
---ebpf-pid----379067----pid-1
---ebpf-pid----2012----pid-2012
---ebpf-pid----379067----pid-5476
---ebpf-pid----379067----pid-1
---ebpf-pid----373029----pid-373029
---ebpf-pid----373029----pid-5476
---ebpf-pid----373029----pid-1
---ebpf-pid----373029----pid-373029
---ebpf-pid----373029----pid-5476
---ebpf-pid----373029----pid-1
---ebpf-pid----379067----pid-379067
---ebpf-pid----379067----pid-5476
---ebpf-pid----379067----pid-1
---ebpf-pid----379067----pid-379067
---ebpf-pid----379067----pid-5476
---ebpf-pid----379067----pid-1
---ebpf-pid----373029----pid-373029
---ebpf-pid----373029----pid-5476
---ebpf-pid----373029----pid-1
---ebpf-pid----373029----pid-373029
---ebpf-pid----373029----pid-5476
---ebpf-pid----373029----pid-1
---ebpf-pid----6671----pid-6671
---ebpf-pid----6671----pid-5476
---ebpf-pid----6671----pid-1
---ebpf-pid----6671----pid-6671
---ebpf-pid----6671----pid-5476
---ebpf-pid----6671----pid-1
---ebpf-pid----373029----pid-373029
---ebpf-pid----373029----pid-5476
---ebpf-pid----373029----pid-1
---ebpf-pid----373029----pid-373029
---ebpf-pid----373029----pid-5476
---ebpf-pid----373029----pid-1
---ebpf-pid----373029----pid-373029
---ebpf-pid----373029----pid-5476
---ebpf-pid----373029----pid-1
---ebpf-pid----373029----pid-373029
---ebpf-pid----2012----pid-1
---ebpf-pid----373029----pid-5476
---ebpf-pid----2012----pid-2012
---ebpf-pid----373029----pid-1
---ebpf-pid----373029----pid-373029
---ebpf-pid----2012----pid-1
---ebpf-pid----2094----pid-2094
---ebpf-pid----373029----pid-5476
---ebpf-pid----2094----pid-1
---ebpf-pid----2094----pid-2094
---ebpf-pid----373029----pid-1
---ebpf-pid----373029----pid-373029
---ebpf-pid----2094----pid-1
---ebpf-pid----2094----pid-2094
---ebpf-pid----373029----pid-5476
---ebpf-pid----2094----pid-1
---ebpf-pid----2094----pid-2094
---ebpf-pid----373029----pid-1
---ebpf-pid----373029----pid-373029
---ebpf-pid----2094----pid-1
---ebpf-pid----2094----pid-2094
---ebpf-pid----373029----pid-5476
---ebpf-pid----2094----pid-1
---ebpf-pid----373029----pid-1
---ebpf-pid----2094----pid-2094
---ebpf-pid----373029----pid-373029
---ebpf-pid----2094----pid-1
---ebpf-pid----373029----pid-5476
---ebpf-pid----2094----pid-2094
---ebpf-pid----373029----pid-1
---ebpf-pid----2094----pid-1
---ebpf-pid----373029----pid-373029
---ebpf-pid----2094----pid-2094
---ebpf-pid----373029----pid-5476
---ebpf-pid----2094----pid-1
---ebpf-pid----2094----pid-2094
---ebpf-pid----373029----pid-1
---ebpf-pid----379067----pid-379067
---ebpf-pid----379067----pid-5476
---ebpf-pid----379067----pid-1
---ebpf-pid----379067----pid-379067
---ebpf-pid----379067----pid-5476
---ebpf-pid----379067----pid-1
---ebpf-pid----379067----pid-379067
---ebpf-pid----379067----pid-5476
---ebpf-pid----379067----pid-1
---ebpf-pid----379067----pid-379067
---ebpf-pid----379067----pid-5476
---ebpf-pid----379067----pid-1
---ebpf-pid----2029----pid-2029
---ebpf-pid----2029----pid-2029
---ebpf-pid----2029----pid-1
---ebpf-pid----2029----pid-1
---ebpf-pid----2029----pid-2029
---ebpf-pid----2029----pid-1
---ebpf-pid----2029----pid-2029
---ebpf-pid----2029----pid-1
---ebpf-pid----2029----pid-2029
---ebpf-pid----2029----pid-1
---ebpf-pid----2029----pid-2029
---ebpf-pid----406334----pid-1
---ebpf-pid----2029----pid-1
---ebpf-pid----406334----pid-406334
---ebpf-pid----2012----pid-2012
---ebpf-pid----406334----pid-3323
---ebpf-pid----2012----pid-1
---ebpf-pid----379067----pid-379067
---ebpf-pid----2094----pid-1
---ebpf-pid----2094----pid-2094
---ebpf-pid----406334----pid-1
---ebpf-pid----379067----pid-5476
---ebpf-pid----406334----pid-406334
---ebpf-pid----2094----pid-1
---ebpf-pid----379067----pid-1
---ebpf-pid----2094----pid-2094
---ebpf-pid----406334----pid-3323
---ebpf-pid----379067----pid-379067
---ebpf-pid----406334----pid-1
---ebpf-pid----2094----pid-1
---ebpf-pid----379067----pid-5476
---ebpf-pid----406334----pid-406334
---ebpf-pid----2094----pid-2094
---ebpf-pid----379067----pid-1
---ebpf-pid----406334----pid-3323
---ebpf-pid----2094----pid-1
---ebpf-pid----379067----pid-379067
---ebpf-pid----2094----pid-2094
---ebpf-pid----406334----pid-1
---ebpf-pid----379067----pid-5476
---ebpf-pid----4716----pid-4716
---ebpf-pid----2094----pid-1
---ebpf-pid----2094----pid-2094
---ebpf-pid----379067----pid-1
---ebpf-pid----4716----pid-3323
---ebpf-pid----2094----pid-1
---ebpf-pid----2094----pid-2094
---ebpf-pid----4716----pid-1
---ebpf-pid----4716----pid-4716
---ebpf-pid----2094----pid-1
---ebpf-pid----2094----pid-2094
---ebpf-pid----4716----pid-3323
---ebpf-pid----2094----pid-1
---ebpf-pid----4716----pid-1
---ebpf-pid----6671----pid-6671
---ebpf-pid----4716----pid-4716
---ebpf-pid----4716----pid-3323
---ebpf-pid----6671----pid-5476
---ebpf-pid----4716----pid-1
---ebpf-pid----6671----pid-1
---ebpf-pid----4716----pid-4716
---ebpf-pid----6671----pid-6671
---ebpf-pid----4716----pid-3323
---ebpf-pid----6671----pid-5476
---ebpf-pid----4716----pid-1
---ebpf-pid----6671----pid-1
---ebpf-pid----4716----pid-4716
---ebpf-pid----6671----pid-6671
---ebpf-pid----4716----pid-3323
---ebpf-pid----6671----pid-5476
---ebpf-pid----6671----pid-1
---ebpf-pid----4716----pid-1
---ebpf-pid----6671----pid-6671
---ebpf-pid----4716----pid-4716
---ebpf-pid----4716----pid-3323
---ebpf-pid----6671----pid-5476
---ebpf-pid----6671----pid-1
---ebpf-pid----4716----pid-1
---ebpf-pid----6671----pid-6671
---ebpf-pid----406334----pid-406334
---ebpf-pid----6671----pid-5476
---ebpf-pid----379067----pid-379067
---ebpf-pid----6671----pid-1
---ebpf-pid----379067----pid-5476
---ebpf-pid----379067----pid-1
---ebpf-pid----373029----pid-373029
---ebpf-pid----373029----pid-5476
---ebpf-pid----373029----pid-1
---ebpf-pid----373029----pid-373029
---ebpf-pid----373029----pid-5476
---ebpf-pid----373029----pid-1
---ebpf-pid----373029----pid-373029
---ebpf-pid----373029----pid-5476
---ebpf-pid----373029----pid-1
---ebpf-pid----373029----pid-373029
---ebpf-pid----373029----pid-5476
---ebpf-pid----373029----pid-1
---ebpf-pid----373029----pid-373029
---ebpf-pid----373029----pid-5476
---ebpf-pid----373029----pid-1
---ebpf-pid----373029----pid-373029
---ebpf-pid----373029----pid-5476
---ebpf-pid----373029----pid-1
---ebpf-pid----373029----pid-373029
---ebpf-pid----373029----pid-5476
---ebpf-pid----373029----pid-1
---ebpf-pid----373029----pid-373029
---ebpf-pid----373029----pid-5476
---ebpf-pid----373029----pid-1
---ebpf-pid----373029----pid-373029
---ebpf-pid----373029----pid-5476
---ebpf-pid----373029----pid-1
---ebpf-pid----373029----pid-373029
---ebpf-pid----373029----pid-5476
---ebpf-pid----373029----pid-1
---ebpf-pid----373029----pid-373029
---ebpf-pid----373029----pid-5476
---ebpf-pid----373029----pid-1
---ebpf-pid----373029----pid-373029
---ebpf-pid----373029----pid-5476
---ebpf-pid----373029----pid-1
---ebpf-pid----373029----pid-373029
---ebpf-pid----373029----pid-5476
---ebpf-pid----373029----pid-1
---ebpf-pid----373029----pid-373029
---ebpf-pid----373029----pid-5476
---ebpf-pid----373029----pid-1
---ebpf-pid----373029----pid-373029
---ebpf-pid----373029----pid-5476
---ebpf-pid----373029----pid-1
---ebpf-pid----373029----pid-373029
---ebpf-pid----373029----pid-5476
---ebpf-pid----373029----pid-1
---ebpf-pid----373029----pid-373029
---ebpf-pid----373029----pid-5476
---ebpf-pid----373029----pid-1
---ebpf-pid----373029----pid-373029
---ebpf-pid----373029----pid-5476
---ebpf-pid----373029----pid-1
---ebpf-pid----373029----pid-373029
---ebpf-pid----373029----pid-5476
---ebpf-pid----373029----pid-1
---ebpf-pid----373029----pid-373029
---ebpf-pid----373029----pid-5476
---ebpf-pid----373029----pid-1
---ebpf-pid----373029----pid-373029
---ebpf-pid----373029----pid-5476
---ebpf-pid----373029----pid-1
---ebpf-pid----373029----pid-373029
---ebpf-pid----373029----pid-5476
---ebpf-pid----373029----pid-1
---ebpf-pid----373029----pid-373029
---ebpf-pid----373029----pid-5476
---ebpf-pid----373029----pid-1
---ebpf-pid----373029----pid-373029
---ebpf-pid----373029----pid-5476
---ebpf-pid----373029----pid-1
---ebpf-pid----373029----pid-373029
---ebpf-pid----373029----pid-5476
---ebpf-pid----373029----pid-1
---ebpf-pid----5707----pid-5707
---ebpf-pid----5707----pid-5476
---ebpf-pid----5707----pid-1
---ebpf-pid----5707----pid-5707
---ebpf-pid----5707----pid-5476
---ebpf-pid----5707----pid-1
---ebpf-pid----5707----pid-5707
---ebpf-pid----5707----pid-5476
---ebpf-pid----5707----pid-1
---ebpf-pid----5707----pid-5707
---ebpf-pid----5707----pid-5476
---ebpf-pid----5707----pid-1
---ebpf-pid----5707----pid-5707
---ebpf-pid----5707----pid-5476
---ebpf-pid----5707----pid-1
---ebpf-pid----2012----pid-2012
---ebpf-pid----2012----pid-1
---ebpf-pid----2012----pid-2012
---ebpf-pid----2012----pid-1
---ebpf-pid----2012----pid-2012
---ebpf-pid----2012----pid-1
---ebpf-pid----379067----pid-379067
---ebpf-pid----379067----pid-5476
---ebpf-pid----379067----pid-1
---ebpf-pid----2012----pid-2012
---ebpf-pid----2012----pid-1
---ebpf-pid----5707----pid-5707
---ebpf-pid----5707----pid-5476
---ebpf-pid----5707----pid-1
---ebpf-pid----5707----pid-5707
---ebpf-pid----5707----pid-5476
---ebpf-pid----5707----pid-1
---ebpf-pid----5707----pid-5707
---ebpf-pid----5707----pid-5476
---ebpf-pid----5707----pid-1
---ebpf-pid----5707----pid-5707
---ebpf-pid----5707----pid-5476
---ebpf-pid----5707----pid-1
---ebpf-pid----5707----pid-5707
---ebpf-pid----5707----pid-5476
---ebpf-pid----5707----pid-1
---ebpf-pid----2029----pid-2029
---ebpf-pid----2029----pid-1
---ebpf-pid----2029----pid-2029
---ebpf-pid----2029----pid-1
---ebpf-pid----6671----pid-6671
---ebpf-pid----6671----pid-5476
---ebpf-pid----6671----pid-1
---ebpf-pid----6671----pid-6671
---ebpf-pid----6671----pid-5476
---ebpf-pid----6671----pid-1
---ebpf-pid----6671----pid-6671
---ebpf-pid----6671----pid-5476
---ebpf-pid----6671----pid-1
---ebpf-pid----6671----pid-6671
---ebpf-pid----6671----pid-5476
---ebpf-pid----6671----pid-1
---ebpf-pid----2094----pid-2094
---ebpf-pid----2094----pid-1
---ebpf-pid----2094----pid-2094
---ebpf-pid----2094----pid-1
---ebpf-pid----2094----pid-2094
---ebpf-pid----2094----pid-1
---ebpf-pid----2094----pid-2094
---ebpf-pid----2094----pid-1
---ebpf-pid----2094----pid-2094
---ebpf-pid----2094----pid-1
---ebpf-pid----2094----pid-2094
---ebpf-pid----2094----pid-1
---ebpf-pid----2094----pid-2094
---ebpf-pid----2094----pid-1
---ebpf-pid----2094----pid-2094
---ebpf-pid----2094----pid-1
---ebpf-pid----2094----pid-2094
---ebpf-pid----2094----pid-1
---ebpf-pid----2094----pid-2094
---ebpf-pid----2094----pid-1
---ebpf-pid----2094----pid-2094
---ebpf-pid----2094----pid-1
---ebpf-pid----2094----pid-2094
---ebpf-pid----2094----pid-1
---ebpf-pid----2094----pid-2094
---ebpf-pid----2094----pid-1
---ebpf-pid----2094----pid-2094
---ebpf-pid----2094----pid-1
---ebpf-pid----2094----pid-2094
---ebpf-pid----2094----pid-1
---ebpf-pid----2094----pid-2094
---ebpf-pid----2094----pid-1
---ebpf-pid----2094----pid-2094
---ebpf-pid----2094----pid-1
---ebpf-pid----2094----pid-2094
---ebpf-pid----2094----pid-1
---ebpf-pid----2094----pid-2094
---ebpf-pid----2094----pid-1
---ebpf-pid----2094----pid-2094
---ebpf-pid----2094----pid-1
---ebpf-pid----2094----pid-2094
---ebpf-pid----2094----pid-1
---ebpf-pid----6671----pid-6671
---ebpf-pid----373029----pid-373029
---ebpf-pid----373029----pid-5476
---ebpf-pid----6671----pid-5476
---ebpf-pid----373029----pid-1
---ebpf-pid----6671----pid-1
---ebpf-pid----373029----pid-373029
---ebpf-pid----6671----pid-6671
---ebpf-pid----373029----pid-5476
---ebpf-pid----6671----pid-5476
---ebpf-pid----373029----pid-1
---ebpf-pid----6671----pid-1
---ebpf-pid----379067----pid-379067
---ebpf-pid----373029----pid-373029
---ebpf-pid----373029----pid-5476
---ebpf-pid----373029----pid-1
---ebpf-pid----373029----pid-373029
---ebpf-pid----373029----pid-5476
---ebpf-pid----373029----pid-1
---ebpf-pid----373029----pid-373029
---ebpf-pid----373029----pid-5476
---ebpf-pid----373029----pid-1
---ebpf-pid----373029----pid-373029
---ebpf-pid----373029----pid-5476
---ebpf-pid----373029----pid-1
---ebpf-pid----373029----pid-373029
---ebpf-pid----373029----pid-5476
---ebpf-pid----379067----pid-5476
---ebpf-pid----373029----pid-1
---ebpf-pid----373029----pid-373029
---ebpf-pid----379067----pid-1
---ebpf-pid----373029----pid-5476
---ebpf-pid----2094----pid-2094
---ebpf-pid----373029----pid-1
---ebpf-pid----2094----pid-1
---ebpf-pid----373029----pid-373029
---ebpf-pid----2094----pid-2094
---ebpf-pid----373029----pid-5476
---ebpf-pid----2094----pid-1
---ebpf-pid----2094----pid-2094
---ebpf-pid----373029----pid-1
---ebpf-pid----2094----pid-1
---ebpf-pid----373029----pid-373029
---ebpf-pid----2094----pid-2094
---ebpf-pid----373029----pid-5476
---ebpf-pid----2094----pid-1
---ebpf-pid----2094----pid-2094
---ebpf-pid----373029----pid-1
---ebpf-pid----2094----pid-1
---ebpf-pid----373029----pid-373029
---ebpf-pid----2094----pid-2094
---ebpf-pid----2094----pid-1
---ebpf-pid----373029----pid-5476
---ebpf-pid----2094----pid-2094
---ebpf-pid----373029----pid-1
---ebpf-pid----2094----pid-1
---ebpf-pid----2094----pid-2094
---ebpf-pid----373029----pid-373029
---ebpf-pid----2094----pid-1
---ebpf-pid----373029----pid-5476
---ebpf-pid----373029----pid-373029
---ebpf-pid----373029----pid-1
---ebpf-pid----373029----pid-5476
---ebpf-pid----373029----pid-373029
---ebpf-pid----373029----pid-1
---ebpf-pid----373029----pid-5476
---ebpf-pid----2094----pid-2094
---ebpf-pid----373029----pid-1
---ebpf-pid----2094----pid-1
---ebpf-pid----373029----pid-373029
---ebpf-pid----2094----pid-2094
---ebpf-pid----2094----pid-1
---ebpf-pid----2094----pid-2094
---ebpf-pid----2094----pid-1
---ebpf-pid----2094----pid-2094
---ebpf-pid----373029----pid-5476
---ebpf-pid----373029----pid-1
---ebpf-pid----373029----pid-373029
---ebpf-pid----373029----pid-5476
---ebpf-pid----373029----pid-1
---ebpf-pid----373029----pid-373029
---ebpf-pid----373029----pid-5476
---ebpf-pid----373029----pid-1
---ebpf-pid----373029----pid-373029
---ebpf-pid----373029----pid-5476
---ebpf-pid----373029----pid-1
---ebpf-pid----373029----pid-373029
---ebpf-pid----373029----pid-5476
---ebpf-pid----373029----pid-1
---ebpf-pid----373029----pid-373029
---ebpf-pid----373029----pid-5476
---ebpf-pid----373029----pid-1
---ebpf-pid----373029----pid-373029
---ebpf-pid----373029----pid-5476
---ebpf-pid----2094----pid-1
---ebpf-pid----373029----pid-1
---ebpf-pid----2094----pid-2094
---ebpf-pid----373029----pid-373029
---ebpf-pid----2094----pid-1
---ebpf-pid----373029----pid-5476
---ebpf-pid----2094----pid-2094
---ebpf-pid----2094----pid-1
---ebpf-pid----2094----pid-2094
---ebpf-pid----2094----pid-1
---ebpf-pid----2094----pid-2094
---ebpf-pid----2094----pid-1
---ebpf-pid----2094----pid-2094
---ebpf-pid----2094----pid-1
---ebpf-pid----2094----pid-2094
---ebpf-pid----2094----pid-1
---ebpf-pid----2094----pid-2094
---ebpf-pid----2094----pid-1
---ebpf-pid----2094----pid-2094
---ebpf-pid----2094----pid-1
---ebpf-pid----2094----pid-2094
---ebpf-pid----2094----pid-1
---ebpf-pid----2094----pid-2094
---ebpf-pid----2094----pid-1
---ebpf-pid----2094----pid-2094
---ebpf-pid----2094----pid-1
---ebpf-pid----373029----pid-1
---ebpf-pid----373029----pid-373029
---ebpf-pid----373029----pid-5476
---ebpf-pid----373029----pid-1
---ebpf-pid----373029----pid-373029
---ebpf-pid----373029----pid-5476
---ebpf-pid----373029----pid-1
---ebpf-pid----373029----pid-373029
---ebpf-pid----2094----pid-2094
---ebpf-pid----2094----pid-1
---ebpf-pid----2094----pid-2094
---ebpf-pid----2094----pid-1
---ebpf-pid----2094----pid-2094
---ebpf-pid----2094----pid-1
---ebpf-pid----2094----pid-2094
---ebpf-pid----2094----pid-1
---ebpf-pid----2094----pid-2094
---ebpf-pid----2094----pid-1
---ebpf-pid----2094----pid-2094
---ebpf-pid----2094----pid-1
---ebpf-pid----2094----pid-2094
---ebpf-pid----2094----pid-1
---ebpf-pid----2094----pid-2094
---ebpf-pid----2094----pid-1
---ebpf-pid----373029----pid-5476
---ebpf-pid----373029----pid-1
---ebpf-pid----373029----pid-373029
---ebpf-pid----2094----pid-2094
---ebpf-pid----373029----pid-5476
---ebpf-pid----2094----pid-1
---ebpf-pid----373029----pid-1
---ebpf-pid----2094----pid-2094
---ebpf-pid----373029----pid-373029
---ebpf-pid----2094----pid-1
---ebpf-pid----2094----pid-2094
---ebpf-pid----373029----pid-5476
---ebpf-pid----2094----pid-1
---ebpf-pid----373029----pid-1
---ebpf-pid----2094----pid-2094
---ebpf-pid----373029----pid-373029
---ebpf-pid----2094----pid-1
---ebpf-pid----373029----pid-5476
---ebpf-pid----2094----pid-2094
---ebpf-pid----373029----pid-1
---ebpf-pid----2094----pid-1
---ebpf-pid----2094----pid-2094
---ebpf-pid----373029----pid-373029
---ebpf-pid----373029----pid-5476
---ebpf-pid----2094----pid-1
---ebpf-pid----2094----pid-2094
---ebpf-pid----373029----pid-1
---ebpf-pid----373029----pid-373029
---ebpf-pid----2094----pid-1
---ebpf-pid----2094----pid-2094
---ebpf-pid----373029----pid-5476
---ebpf-pid----2094----pid-1
---ebpf-pid----2094----pid-2094
---ebpf-pid----373029----pid-1
---ebpf-pid----373029----pid-373029
---ebpf-pid----2094----pid-1
---ebpf-pid----2094----pid-2094
---ebpf-pid----373029----pid-5476
---ebpf-pid----2094----pid-1
---ebpf-pid----2094----pid-2094
---ebpf-pid----373029----pid-1
---ebpf-pid----373029----pid-373029
---ebpf-pid----2094----pid-1
---ebpf-pid----2094----pid-2094
---ebpf-pid----373029----pid-5476
---ebpf-pid----2094----pid-1
---ebpf-pid----373029----pid-1
---ebpf-pid----2094----pid-2094
---ebpf-pid----373029----pid-373029
---ebpf-pid----2094----pid-1
---ebpf-pid----2094----pid-2094
---ebpf-pid----373029----pid-5476
---ebpf-pid----2094----pid-1
---ebpf-pid----373029----pid-1
---ebpf-pid----2094----pid-2094
---ebpf-pid----373029----pid-373029
---ebpf-pid----2094----pid-1
---ebpf-pid----373029----pid-5476
---ebpf-pid----2094----pid-2094
---ebpf-pid----2094----pid-1
---ebpf-pid----373029----pid-1
---ebpf-pid----373029----pid-373029
---ebpf-pid----373029----pid-5476
---ebpf-pid----373029----pid-1
---ebpf-pid----373029----pid-373029
---ebpf-pid----2094----pid-2094
---ebpf-pid----373029----pid-5476
---ebpf-pid----373029----pid-1
---ebpf-pid----373029----pid-373029
---ebpf-pid----373029----pid-5476
---ebpf-pid----373029----pid-1
---ebpf-pid----5707----pid-5707
---ebpf-pid----5707----pid-5476
---ebpf-pid----5707----pid-1
---ebpf-pid----5707----pid-5707
---ebpf-pid----5707----pid-5476
---ebpf-pid----5707----pid-1
---ebpf-pid----5707----pid-5707
---ebpf-pid----5707----pid-5476
---ebpf-pid----5707----pid-1
---ebpf-pid----5707----pid-5707
---ebpf-pid----5707----pid-5476
---ebpf-pid----5707----pid-1
---ebpf-pid----5707----pid-5707
---ebpf-pid----5707----pid-5476
---ebpf-pid----2094----pid-1
---ebpf-pid----2094----pid-2094
---ebpf-pid----5707----pid-1
---ebpf-pid----5707----pid-5707
---ebpf-pid----2094----pid-1
---ebpf-pid----5707----pid-5476
---ebpf-pid----2094----pid-2094
---ebpf-pid----2094----pid-1
---ebpf-pid----2094----pid-2094
---ebpf-pid----2094----pid-1
---ebpf-pid----2094----pid-2094
---ebpf-pid----2094----pid-1
---ebpf-pid----2094----pid-2094
---ebpf-pid----2094----pid-1
---ebpf-pid----2094----pid-2094
---ebpf-pid----2094----pid-1
---ebpf-pid----2094----pid-2094
---ebpf-pid----2094----pid-1
---ebpf-pid----2094----pid-2094
---ebpf-pid----2094----pid-1
---ebpf-pid----2094----pid-2094
---ebpf-pid----2094----pid-1
---ebpf-pid----5707----pid-1
---ebpf-pid----2094----pid-2094
---ebpf-pid----5707----pid-5707
---ebpf-pid----2094----pid-1
---ebpf-pid----2094----pid-2094
---ebpf-pid----5707----pid-5476
---ebpf-pid----2094----pid-1
---ebpf-pid----5707----pid-1
---ebpf-pid----2094----pid-2094
---ebpf-pid----5707----pid-5707
---ebpf-pid----5707----pid-5476
---ebpf-pid----2094----pid-1
---ebpf-pid----2094----pid-2094
---ebpf-pid----5707----pid-1
---ebpf-pid----5707----pid-5707
---ebpf-pid----2094----pid-1
---ebpf-pid----2094----pid-2094
---ebpf-pid----5707----pid-5476
---ebpf-pid----2094----pid-1
---ebpf-pid----5707----pid-1
---ebpf-pid----5707----pid-5707
---ebpf-pid----2094----pid-2094
---ebpf-pid----2094----pid-1
---ebpf-pid----5707----pid-5476
---ebpf-pid----5707----pid-1
---ebpf-pid----5707----pid-5707
---ebpf-pid----5707----pid-5476
---ebpf-pid----5707----pid-1
---ebpf-pid----5707----pid-5707
---ebpf-pid----5707----pid-5476
---ebpf-pid----5707----pid-1
---ebpf-pid----5707----pid-5707
---ebpf-pid----5707----pid-5476
---ebpf-pid----5707----pid-1
---ebpf-pid----5707----pid-5707
---ebpf-pid----5707----pid-5476
---ebpf-pid----5707----pid-1
---ebpf-pid----5707----pid-5707
---ebpf-pid----5707----pid-5476
---ebpf-pid----5707----pid-1
---ebpf-pid----5707----pid-5707
---ebpf-pid----5707----pid-5476
---ebpf-pid----2094----pid-2094
---ebpf-pid----2094----pid-1
---ebpf-pid----2094----pid-2094
---ebpf-pid----2094----pid-1
---ebpf-pid----2094----pid-2094
---ebpf-pid----2094----pid-1
---ebpf-pid----2094----pid-2094
---ebpf-pid----2094----pid-1
---ebpf-pid----379067----pid-379067
---ebpf-pid----379067----pid-5476
---ebpf-pid----379067----pid-1
---ebpf-pid----379067----pid-379067
---ebpf-pid----379067----pid-5476
---ebpf-pid----379067----pid-1
---ebpf-pid----2012----pid-2012
---ebpf-pid----5707----pid-1
---ebpf-pid----5707----pid-5707
---ebpf-pid----5707----pid-5476
---ebpf-pid----5707----pid-1
---ebpf-pid----5707----pid-5707
---ebpf-pid----2012----pid-1
---ebpf-pid----5707----pid-5476
---ebpf-pid----2012----pid-2012
---ebpf-pid----5707----pid-1
---ebpf-pid----5707----pid-5707
---ebpf-pid----2012----pid-1
---ebpf-pid----2012----pid-2012
---ebpf-pid----5707----pid-5476
---ebpf-pid----2012----pid-1
---ebpf-pid----2012----pid-2012
---ebpf-pid----5707----pid-1
---ebpf-pid----5707----pid-5707
---ebpf-pid----2012----pid-1
---ebpf-pid----2012----pid-2012
---ebpf-pid----5707----pid-5476
---ebpf-pid----2012----pid-1
---ebpf-pid----2094----pid-2094
---ebpf-pid----5707----pid-1
---ebpf-pid----5707----pid-5707
---ebpf-pid----2094----pid-1
---ebpf-pid----2094----pid-2094
---ebpf-pid----5707----pid-5476
---ebpf-pid----2094----pid-1
---ebpf-pid----5707----pid-1
---ebpf-pid----5707----pid-5707
---ebpf-pid----2094----pid-2094
---ebpf-pid----5707----pid-5476
---ebpf-pid----2094----pid-1
---ebpf-pid----5707----pid-1
---ebpf-pid----2094----pid-2094
---ebpf-pid----5707----pid-5707
---ebpf-pid----2094----pid-1
---ebpf-pid----5707----pid-5476
---ebpf-pid----2094----pid-2094
---ebpf-pid----5707----pid-1
---ebpf-pid----2094----pid-1
---ebpf-pid----5707----pid-5707
---ebpf-pid----2094----pid-2094
---ebpf-pid----5707----pid-5476
---ebpf-pid----2094----pid-1
---ebpf-pid----5707----pid-1
---ebpf-pid----2094----pid-2094
---ebpf-pid----5707----pid-5707
---ebpf-pid----2094----pid-1
---ebpf-pid----5707----pid-5476
---ebpf-pid----2094----pid-2094
---ebpf-pid----5707----pid-1
---ebpf-pid----5707----pid-5707
---ebpf-pid----5707----pid-5476
---ebpf-pid----5707----pid-1
---ebpf-pid----5707----pid-5707
---ebpf-pid----5707----pid-5476
---ebpf-pid----5707----pid-1
---ebpf-pid----5707----pid-5707
---ebpf-pid----5707----pid-5476
---ebpf-pid----5707----pid-1
---ebpf-pid----5707----pid-5707
---ebpf-pid----5707----pid-5476
---ebpf-pid----5707----pid-1
---ebpf-pid----5707----pid-5707
---ebpf-pid----5707----pid-5476
---ebpf-pid----5707----pid-1
---ebpf-pid----5707----pid-5707
---ebpf-pid----2094----pid-1
---ebpf-pid----5707----pid-5476
---ebpf-pid----2094----pid-2094
---ebpf-pid----5707----pid-1
---ebpf-pid----2094----pid-1
---ebpf-pid----5707----pid-5707
---ebpf-pid----2094----pid-2094
---ebpf-pid----2094----pid-1
---ebpf-pid----5707----pid-5476
---ebpf-pid----379067----pid-379067
---ebpf-pid----5707----pid-1
---ebpf-pid----379067----pid-5476
---ebpf-pid----5707----pid-5707
---ebpf-pid----379067----pid-1
---ebpf-pid----5707----pid-5476
---ebpf-pid----379067----pid-379067
---ebpf-pid----5707----pid-1
---ebpf-pid----379067----pid-5476
---ebpf-pid----5707----pid-5707
---ebpf-pid----5707----pid-5476
---ebpf-pid----379067----pid-1
---ebpf-pid----2029----pid-2029
---ebpf-pid----5707----pid-1
---ebpf-pid----5707----pid-5707
---ebpf-pid----2029----pid-1
---ebpf-pid----2029----pid-2029
---ebpf-pid----5707----pid-5476
---ebpf-pid----2029----pid-1
---ebpf-pid----2029----pid-2029
---ebpf-pid----5707----pid-1
---ebpf-pid----5707----pid-5707
---ebpf-pid----2029----pid-1
---ebpf-pid----2029----pid-2029
---ebpf-pid----5707----pid-5476
---ebpf-pid----5707----pid-1
---ebpf-pid----5707----pid-5707
---ebpf-pid----2029----pid-1
---ebpf-pid----2029----pid-2029
---ebpf-pid----2029----pid-1
---ebpf-pid----5707----pid-5476
---ebpf-pid----2029----pid-2029
---ebpf-pid----5707----pid-1
---ebpf-pid----5707----pid-5707
---ebpf-pid----2029----pid-1
---ebpf-pid----2029----pid-2029
---ebpf-pid----5707----pid-5476
---ebpf-pid----2029----pid-1
---ebpf-pid----2012----pid-2012
---ebpf-pid----5707----pid-1
---ebpf-pid----5707----pid-5707
---ebpf-pid----2012----pid-1
---ebpf-pid----5707----pid-5476
---ebpf-pid----2012----pid-2012
---ebpf-pid----5707----pid-1
---ebpf-pid----2012----pid-1
---ebpf-pid----2012----pid-2012
---ebpf-pid----5707----pid-5707
---ebpf-pid----5707----pid-5476
---ebpf-pid----5707----pid-1
---ebpf-pid----5707----pid-5707
---ebpf-pid----5707----pid-5476
---ebpf-pid----5707----pid-1
---ebpf-pid----5707----pid-5707
---ebpf-pid----5707----pid-5476
---ebpf-pid----5707----pid-1
---ebpf-pid----5707----pid-5707
---ebpf-pid----5707----pid-5476
---ebpf-pid----5707----pid-1
---ebpf-pid----5707----pid-5707
---ebpf-pid----2012----pid-1
---ebpf-pid----2012----pid-2012
---ebpf-pid----5707----pid-5476
---ebpf-pid----2012----pid-1
---ebpf-pid----5707----pid-1
---ebpf-pid----5707----pid-5707
---ebpf-pid----5707----pid-5476
---ebpf-pid----5707----pid-1
---ebpf-pid----5707----pid-5707
---ebpf-pid----5707----pid-5476
---ebpf-pid----5707----pid-1
---ebpf-pid----5707----pid-5707
---ebpf-pid----5707----pid-5476
---ebpf-pid----5707----pid-1
---ebpf-pid----5707----pid-5707
---ebpf-pid----5707----pid-5476
---ebpf-pid----5707----pid-1
---ebpf-pid----5707----pid-5707
---ebpf-pid----5707----pid-5476
---ebpf-pid----2012----pid-2012
---ebpf-pid----5707----pid-1
---ebpf-pid----2029----pid-2029
---ebpf-pid----5707----pid-5707
---ebpf-pid----2012----pid-1
---ebpf-pid----5707----pid-5476
---ebpf-pid----2029----pid-1
---ebpf-pid----2094----pid-2094
---ebpf-pid----2029----pid-2029
---ebpf-pid----5707----pid-1
---ebpf-pid----5707----pid-5707
---ebpf-pid----2094----pid-1
---ebpf-pid----2029----pid-1
---ebpf-pid----2029----pid-2029
---ebpf-pid----2029----pid-2029
---ebpf-pid----5707----pid-5476
---ebpf-pid----2029----pid-1
---ebpf-pid----2029----pid-1
---ebpf-pid----5707----pid-1
---ebpf-pid----2029----pid-2029
---ebpf-pid----2029----pid-2029
---ebpf-pid----5707----pid-5707
---ebpf-pid----2029----pid-1
---ebpf-pid----2029----pid-1
---ebpf-pid----5707----pid-5476
---ebpf-pid----2029----pid-2029
---ebpf-pid----2029----pid-2029
---ebpf-pid----5707----pid-1
---ebpf-pid----2029----pid-1
---ebpf-pid----2029----pid-1
---ebpf-pid----5707----pid-5707
---ebpf-pid----5707----pid-5707
---ebpf-pid----2029----pid-2029
---ebpf-pid----5707----pid-5476
---ebpf-pid----5707----pid-5476
---ebpf-pid----2029----pid-1
---ebpf-pid----2029----pid-2029
---ebpf-pid----5707----pid-1
---ebpf-pid----5707----pid-5707
---ebpf-pid----5707----pid-1
---ebpf-pid----5707----pid-5707
---ebpf-pid----2029----pid-1
---ebpf-pid----2029----pid-2029
---ebpf-pid----5707----pid-5476
---ebpf-pid----5707----pid-5476
---ebpf-pid----5707----pid-1
---ebpf-pid----2029----pid-1
---ebpf-pid----5707----pid-5707
---ebpf-pid----2029----pid-2029
---ebpf-pid----5707----pid-1
---ebpf-pid----5707----pid-5707
---ebpf-pid----5707----pid-5476
---ebpf-pid----2029----pid-1
---ebpf-pid----2029----pid-2029
---ebpf-pid----5707----pid-1
---ebpf-pid----2029----pid-1
---ebpf-pid----5707----pid-5707
---ebpf-pid----2029----pid-2029
---ebpf-pid----2029----pid-1
---ebpf-pid----5707----pid-5476
---ebpf-pid----2029----pid-2029
---ebpf-pid----5707----pid-1
---ebpf-pid----5707----pid-5476
---ebpf-pid----2029----pid-1
---ebpf-pid----5707----pid-5707
---ebpf-pid----2029----pid-2029
---ebpf-pid----5707----pid-5476
---ebpf-pid----5707----pid-1
---ebpf-pid----2029----pid-1
---ebpf-pid----5707----pid-5707
---ebpf-pid----2029----pid-2029
---ebpf-pid----5707----pid-1
---ebpf-pid----5707----pid-5707
---ebpf-pid----5707----pid-5476
---ebpf-pid----2029----pid-1
---ebpf-pid----5707----pid-5476
---ebpf-pid----2029----pid-2029
---ebpf-pid----5707----pid-1
---ebpf-pid----373029----pid-373029
---ebpf-pid----5707----pid-1
---ebpf-pid----2029----pid-1
---ebpf-pid----5707----pid-5707
---ebpf-pid----2029----pid-2029
---ebpf-pid----373029----pid-5476
---ebpf-pid----2029----pid-1
---ebpf-pid----5707----pid-5476
---ebpf-pid----373029----pid-1
---ebpf-pid----2029----pid-2029
---ebpf-pid----373029----pid-373029
---ebpf-pid----5707----pid-1
---ebpf-pid----373029----pid-5476
---ebpf-pid----373029----pid-1
---ebpf-pid----373029----pid-373029
---ebpf-pid----373029----pid-5476
---ebpf-pid----373029----pid-1
---ebpf-pid----373029----pid-373029
---ebpf-pid----373029----pid-5476
---ebpf-pid----373029----pid-1
---ebpf-pid----2094----pid-2094
---ebpf-pid----2094----pid-1
---ebpf-pid----2094----pid-2094
---ebpf-pid----2094----pid-1
---ebpf-pid----2094----pid-2094
---ebpf-pid----2094----pid-1
---ebpf-pid----2094----pid-2094
---ebpf-pid----2094----pid-1
---ebpf-pid----2094----pid-2094
---ebpf-pid----2094----pid-1
---ebpf-pid----2094----pid-2094
---ebpf-pid----2094----pid-1
---ebpf-pid----2094----pid-2094
---ebpf-pid----2094----pid-1
---ebpf-pid----2094----pid-2094
---ebpf-pid----2094----pid-1
---ebpf-pid----2094----pid-2094
---ebpf-pid----2094----pid-1
---ebpf-pid----2094----pid-2094
---ebpf-pid----2094----pid-1
---ebpf-pid----2094----pid-2094
---ebpf-pid----5707----pid-5707
---ebpf-pid----5707----pid-5476
---ebpf-pid----5707----pid-1
---ebpf-pid----5707----pid-5707
---ebpf-pid----5707----pid-5476
---ebpf-pid----5707----pid-1
---ebpf-pid----5707----pid-5707
---ebpf-pid----5707----pid-5476
---ebpf-pid----2029----pid-1
---ebpf-pid----5707----pid-1
---ebpf-pid----2029----pid-2029
---ebpf-pid----5707----pid-5707
---ebpf-pid----2029----pid-1
---ebpf-pid----5707----pid-5476
---ebpf-pid----2029----pid-2029
---ebpf-pid----5707----pid-1
---ebpf-pid----2029----pid-1
---ebpf-pid----5707----pid-5707
---ebpf-pid----2029----pid-2029
---ebpf-pid----5707----pid-5476
---ebpf-pid----2029----pid-1
---ebpf-pid----2029----pid-2029
---ebpf-pid----5707----pid-1
---ebpf-pid----5707----pid-5707
---ebpf-pid----2029----pid-1
---ebpf-pid----2029----pid-2029
---ebpf-pid----5707----pid-5476
---ebpf-pid----2029----pid-1
---ebpf-pid----2029----pid-2029
---ebpf-pid----2029----pid-1
---ebpf-pid----2029----pid-2029
---ebpf-pid----5707----pid-1
---ebpf-pid----5707----pid-5707
---ebpf-pid----5707----pid-5476
---ebpf-pid----2029----pid-1
---ebpf-pid----5707----pid-1
---ebpf-pid----2029----pid-2029
---ebpf-pid----5707----pid-5707
---ebpf-pid----5707----pid-5476
---ebpf-pid----2029----pid-1
---ebpf-pid----2029----pid-2029
---ebpf-pid----5707----pid-1
---ebpf-pid----5707----pid-5707
---ebpf-pid----2029----pid-1
---ebpf-pid----5707----pid-5476
---ebpf-pid----2029----pid-2029
---ebpf-pid----2029----pid-1
---ebpf-pid----5707----pid-1
---ebpf-pid----2029----pid-2029
---ebpf-pid----5707----pid-5707
---ebpf-pid----2029----pid-1
---ebpf-pid----5707----pid-5476
---ebpf-pid----2029----pid-2029
---ebpf-pid----5707----pid-1
---ebpf-pid----2029----pid-1
---ebpf-pid----5707----pid-5707
---ebpf-pid----2029----pid-2029
---ebpf-pid----5707----pid-5476
---ebpf-pid----2029----pid-1
---ebpf-pid----2029----pid-2029
---ebpf-pid----5707----pid-1
---ebpf-pid----5707----pid-5707
---ebpf-pid----2029----pid-1
---ebpf-pid----2029----pid-2029
---ebpf-pid----5707----pid-5476
---ebpf-pid----2029----pid-1
---ebpf-pid----5707----pid-1
---ebpf-pid----2029----pid-2029
---ebpf-pid----5707----pid-5707
---ebpf-pid----5707----pid-5476
---ebpf-pid----2029----pid-1
---ebpf-pid----2029----pid-2029
---ebpf-pid----5707----pid-1
---ebpf-pid----5707----pid-5707
---ebpf-pid----2029----pid-1
---ebpf-pid----2029----pid-2029
---ebpf-pid----5707----pid-5476
---ebpf-pid----2029----pid-1
---ebpf-pid----5707----pid-1
---ebpf-pid----2029----pid-2029
---ebpf-pid----5707----pid-5707
---ebpf-pid----2029----pid-1
---ebpf-pid----5707----pid-5476
---ebpf-pid----2029----pid-2029
---ebpf-pid----2029----pid-1
---ebpf-pid----2029----pid-2029
---ebpf-pid----2029----pid-1
---ebpf-pid----2029----pid-2029
---ebpf-pid----2029----pid-1
---ebpf-pid----2029----pid-2029
---ebpf-pid----2029----pid-1
---ebpf-pid----2029----pid-2029
---ebpf-pid----2029----pid-1
---ebpf-pid----5707----pid-5707
---ebpf-pid----5707----pid-5476
---ebpf-pid----5707----pid-1
---ebpf-pid----5707----pid-5707
---ebpf-pid----5707----pid-5476
---ebpf-pid----5707----pid-1
---ebpf-pid----373029----pid-373029
---ebpf-pid----373029----pid-5476
---ebpf-pid----373029----pid-1
---ebpf-pid----373029----pid-373029
---ebpf-pid----373029----pid-5476
---ebpf-pid----373029----pid-1
---ebpf-pid----2012----pid-2012
---ebpf-pid----2012----pid-1
---ebpf-pid----2012----pid-2012
---ebpf-pid----2012----pid-1
---ebpf-pid----2012----pid-2012
---ebpf-pid----2012----pid-1
---ebpf-pid----2012----pid-2012
---ebpf-pid----2012----pid-1
---ebpf-pid----2012----pid-2012
---ebpf-pid----2012----pid-1
---ebpf-pid----2012----pid-2012
---ebpf-pid----2012----pid-1
---ebpf-pid----2012----pid-2012
---ebpf-pid----2012----pid-1
---ebpf-pid----2012----pid-2012
---ebpf-pid----2012----pid-1
---ebpf-pid----2029----pid-2029
---ebpf-pid----2029----pid-1
---ebpf-pid----2029----pid-2029
---ebpf-pid----2029----pid-1
---ebpf-pid----2029----pid-2029
---ebpf-pid----2029----pid-1
---ebpf-pid----2029----pid-2029
---ebpf-pid----2029----pid-1
---ebpf-pid----373029----pid-373029
---ebpf-pid----373029----pid-5476
---ebpf-pid----373029----pid-1
---ebpf-pid----2029----pid-2029
---ebpf-pid----2029----pid-1
---ebpf-pid----2029----pid-2029
---ebpf-pid----2029----pid-1
---ebpf-pid----2029----pid-2029
---ebpf-pid----2029----pid-1
---ebpf-pid----2029----pid-2029
---ebpf-pid----2029----pid-1
---ebpf-pid----2029----pid-2029
---ebpf-pid----2029----pid-1
---ebpf-pid----2029----pid-2029
---ebpf-pid----2029----pid-1
---ebpf-pid----2029----pid-2029
---ebpf-pid----2029----pid-1
---ebpf-pid----373029----pid-373029
---ebpf-pid----373029----pid-5476
---ebpf-pid----5707----pid-1
---ebpf-pid----373029----pid-1
---ebpf-pid----5707----pid-5707
---ebpf-pid----373029----pid-373029
---ebpf-pid----5707----pid-5476
---ebpf-pid----373029----pid-5476
---ebpf-pid----373029----pid-1
---ebpf-pid----5707----pid-1
---ebpf-pid----373029----pid-373029
---ebpf-pid----5707----pid-5707
---ebpf-pid----373029----pid-5476
---ebpf-pid----5707----pid-5476
---ebpf-pid----5707----pid-1
---ebpf-pid----373029----pid-1
---ebpf-pid----5707----pid-5707
---ebpf-pid----373029----pid-373029
---ebpf-pid----5707----pid-5476
---ebpf-pid----373029----pid-5476
---ebpf-pid----5707----pid-1
---ebpf-pid----373029----pid-1
---ebpf-pid----5707----pid-5707
---ebpf-pid----373029----pid-373029
---ebpf-pid----5707----pid-5476
---ebpf-pid----373029----pid-5476
---ebpf-pid----5707----pid-1
---ebpf-pid----373029----pid-1
---ebpf-pid----5707----pid-5707
---ebpf-pid----373029----pid-373029
---ebpf-pid----5707----pid-5476
---ebpf-pid----373029----pid-5476
---ebpf-pid----5707----pid-1
---ebpf-pid----373029----pid-1
---ebpf-pid----5707----pid-5707
---ebpf-pid----373029----pid-373029
---ebpf-pid----373029----pid-5476
---ebpf-pid----5707----pid-5476
---ebpf-pid----5707----pid-1
---ebpf-pid----5707----pid-5707
---ebpf-pid----5707----pid-5476
---ebpf-pid----5707----pid-1
---ebpf-pid----5707----pid-5707
---ebpf-pid----5707----pid-5476
---ebpf-pid----5707----pid-1
---ebpf-pid----5707----pid-5707
---ebpf-pid----5707----pid-5476
---ebpf-pid----5707----pid-1
---ebpf-pid----5707----pid-5707
---ebpf-pid----5707----pid-5476
---ebpf-pid----373029----pid-1
---ebpf-pid----373029----pid-373029
---ebpf-pid----5707----pid-1
---ebpf-pid----5707----pid-5707
---ebpf-pid----373029----pid-5476
---ebpf-pid----373029----pid-1
---ebpf-pid----373029----pid-373029
---ebpf-pid----373029----pid-5476
---ebpf-pid----373029----pid-1
---ebpf-pid----373029----pid-373029
---ebpf-pid----373029----pid-5476
---ebpf-pid----373029----pid-1
---ebpf-pid----373029----pid-373029
---ebpf-pid----373029----pid-5476
---ebpf-pid----373029----pid-1
---ebpf-pid----373029----pid-373029
---ebpf-pid----373029----pid-5476
---ebpf-pid----373029----pid-1
---ebpf-pid----373029----pid-373029
---ebpf-pid----373029----pid-5476
---ebpf-pid----373029----pid-1
---ebpf-pid----373029----pid-373029
---ebpf-pid----373029----pid-5476
---ebpf-pid----373029----pid-1
---ebpf-pid----373029----pid-373029
---ebpf-pid----373029----pid-5476
---ebpf-pid----373029----pid-1
---ebpf-pid----373029----pid-373029
---ebpf-pid----373029----pid-5476
---ebpf-pid----373029----pid-1
---ebpf-pid----373029----pid-373029
---ebpf-pid----373029----pid-5476
---ebpf-pid----373029----pid-1
---ebpf-pid----373029----pid-373029
---ebpf-pid----373029----pid-5476
---ebpf-pid----373029----pid-1
---ebpf-pid----373029----pid-373029
---ebpf-pid----373029----pid-5476
---ebpf-pid----373029----pid-1
---ebpf-pid----373029----pid-373029
---ebpf-pid----373029----pid-5476
---ebpf-pid----373029----pid-1
---ebpf-pid----373029----pid-373029
---ebpf-pid----373029----pid-5476
---ebpf-pid----5707----pid-5476
---ebpf-pid----5707----pid-1
---ebpf-pid----5707----pid-5707
---ebpf-pid----5707----pid-5476
---ebpf-pid----5707----pid-1
---ebpf-pid----5707----pid-5707
---ebpf-pid----5707----pid-5476
---ebpf-pid----5707----pid-1
---ebpf-pid----5707----pid-5707
---ebpf-pid----5707----pid-5476
---ebpf-pid----5707----pid-1
---ebpf-pid----5707----pid-5707
---ebpf-pid----5707----pid-5476
---ebpf-pid----5707----pid-1
---ebpf-pid----5707----pid-5707
---ebpf-pid----5707----pid-5476
---ebpf-pid----5707----pid-1
---ebpf-pid----5707----pid-5707
---ebpf-pid----373029----pid-1
---ebpf-pid----5707----pid-5476
---ebpf-pid----2094----pid-2094
---ebpf-pid----5707----pid-1
---ebpf-pid----2094----pid-1
---ebpf-pid----5707----pid-5707
---ebpf-pid----2094----pid-2094
---ebpf-pid----2094----pid-1
---ebpf-pid----5707----pid-5476
---ebpf-pid----2094----pid-2094
---ebpf-pid----5707----pid-1
---ebpf-pid----2094----pid-1
---ebpf-pid----5707----pid-5707
---ebpf-pid----2094----pid-2094
---ebpf-pid----2094----pid-1
---ebpf-pid----2094----pid-2094
---ebpf-pid----2094----pid-1
---ebpf-pid----2094----pid-2094
---ebpf-pid----2094----pid-1
---ebpf-pid----2094----pid-2094
---ebpf-pid----5707----pid-5476
---ebpf-pid----2094----pid-1
---ebpf-pid----2094----pid-2094
---ebpf-pid----2094----pid-1
---ebpf-pid----5707----pid-1
---ebpf-pid----2094----pid-2094
---ebpf-pid----5707----pid-5707
---ebpf-pid----2094----pid-1
---ebpf-pid----5707----pid-5476
---ebpf-pid----2094----pid-2094
---ebpf-pid----5707----pid-1
---ebpf-pid----5707----pid-5707
---ebpf-pid----2094----pid-1
---ebpf-pid----379067----pid-379067
---ebpf-pid----5707----pid-5476
---ebpf-pid----379067----pid-5476
---ebpf-pid----5707----pid-1
---ebpf-pid----5707----pid-5707
---ebpf-pid----379067----pid-1
---ebpf-pid----379067----pid-379067
---ebpf-pid----5707----pid-5476
---ebpf-pid----379067----pid-5476
---ebpf-pid----379067----pid-1
---ebpf-pid----379067----pid-379067
---ebpf-pid----379067----pid-5476
---ebpf-pid----379067----pid-1
---ebpf-pid----379067----pid-379067
---ebpf-pid----379067----pid-5476
---ebpf-pid----379067----pid-1
---ebpf-pid----379067----pid-379067
---ebpf-pid----379067----pid-5476
---ebpf-pid----379067----pid-1
---ebpf-pid----379067----pid-379067
---ebpf-pid----379067----pid-5476
---ebpf-pid----379067----pid-1
---ebpf-pid----379067----pid-379067
---ebpf-pid----379067----pid-5476
---ebpf-pid----379067----pid-1
---ebpf-pid----379067----pid-379067
---ebpf-pid----379067----pid-5476
---ebpf-pid----379067----pid-1
---ebpf-pid----379067----pid-379067
---ebpf-pid----379067----pid-5476
---ebpf-pid----379067----pid-1
---ebpf-pid----5707----pid-1
---ebpf-pid----5707----pid-5707
---ebpf-pid----5707----pid-5476
---ebpf-pid----5707----pid-1
---ebpf-pid----5707----pid-5707
---ebpf-pid----5707----pid-5476
---ebpf-pid----5707----pid-1
---ebpf-pid----5707----pid-5707
---ebpf-pid----406334----pid-3323
---ebpf-pid----5707----pid-5476
---ebpf-pid----406334----pid-1
---ebpf-pid----406334----pid-406334
---ebpf-pid----5707----pid-1
---ebpf-pid----5707----pid-5707
---ebpf-pid----406334----pid-3323
---ebpf-pid----406334----pid-1
---ebpf-pid----5707----pid-5476
---ebpf-pid----406334----pid-406334
---ebpf-pid----406334----pid-3323
---ebpf-pid----5707----pid-1
---ebpf-pid----5707----pid-5707
---ebpf-pid----406334----pid-1
---ebpf-pid----4716----pid-4716
---ebpf-pid----5707----pid-5476
---ebpf-pid----4716----pid-3323
---ebpf-pid----5707----pid-1
---ebpf-pid----5707----pid-5707
---ebpf-pid----4716----pid-1
---ebpf-pid----4716----pid-4716
---ebpf-pid----5707----pid-5476
---ebpf-pid----4716----pid-3323
---ebpf-pid----5707----pid-1
---ebpf-pid----5707----pid-5707
---ebpf-pid----5707----pid-5476
---ebpf-pid----5707----pid-1
---ebpf-pid----5707----pid-5707
---ebpf-pid----5707----pid-5476
---ebpf-pid----5707----pid-1
---ebpf-pid----5707----pid-5707
---ebpf-pid----5707----pid-5476
---ebpf-pid----5707----pid-1
---ebpf-pid----5707----pid-5707
---ebpf-pid----5707----pid-5476
---ebpf-pid----5707----pid-1
---ebpf-pid----5707----pid-5707
---ebpf-pid----4716----pid-1
---ebpf-pid----5707----pid-5476
---ebpf-pid----4716----pid-4716
---ebpf-pid----4716----pid-3323
---ebpf-pid----5707----pid-1
---ebpf-pid----5707----pid-5707
---ebpf-pid----4716----pid-1
---ebpf-pid----4716----pid-4716
---ebpf-pid----5707----pid-5476
---ebpf-pid----4716----pid-3323
---ebpf-pid----5707----pid-1
---ebpf-pid----4716----pid-1
---ebpf-pid----5707----pid-5707
---ebpf-pid----406334----pid-406334
---ebpf-pid----5707----pid-5476
---ebpf-pid----406334----pid-3323
---ebpf-pid----5707----pid-1
---ebpf-pid----406334----pid-1
---ebpf-pid----5707----pid-5707
---ebpf-pid----406334----pid-406334
---ebpf-pid----5707----pid-5476
---ebpf-pid----406334----pid-3323
---ebpf-pid----406334----pid-1
---ebpf-pid----5707----pid-1
---ebpf-pid----406334----pid-406334
---ebpf-pid----5707----pid-5707
---ebpf-pid----406334----pid-3323
---ebpf-pid----5707----pid-5476
---ebpf-pid----406334----pid-1
---ebpf-pid----5707----pid-1
---ebpf-pid----406334----pid-406334
---ebpf-pid----5707----pid-5707
---ebpf-pid----406334----pid-3323
---ebpf-pid----5707----pid-5476
---ebpf-pid----406334----pid-1
---ebpf-pid----4716----pid-4716
---ebpf-pid----5707----pid-1
---ebpf-pid----5707----pid-5707
---ebpf-pid----4716----pid-3323
---ebpf-pid----4716----pid-1
---ebpf-pid----406334----pid-406334
---ebpf-pid----406334----pid-3323
---ebpf-pid----406334----pid-1
---ebpf-pid----406334----pid-406334
---ebpf-pid----5707----pid-5476
---ebpf-pid----406334----pid-3323
---ebpf-pid----5707----pid-1
---ebpf-pid----5707----pid-5707
---ebpf-pid----406334----pid-1
---ebpf-pid----406334----pid-406334
---ebpf-pid----5707----pid-5476
---ebpf-pid----406334----pid-3323
---ebpf-pid----406334----pid-1
---ebpf-pid----406334----pid-406334
---ebpf-pid----406334----pid-3323
---ebpf-pid----406334----pid-1
---ebpf-pid----406334----pid-406334
---ebpf-pid----406334----pid-3323
---ebpf-pid----406334----pid-1
---ebpf-pid----406334----pid-406334
---ebpf-pid----406334----pid-3323
---ebpf-pid----5707----pid-1
---ebpf-pid----406334----pid-1
---ebpf-pid----5707----pid-5707
---ebpf-pid----406334----pid-406334
---ebpf-pid----406334----pid-3323
---ebpf-pid----5707----pid-5476
---ebpf-pid----406334----pid-1
---ebpf-pid----406334----pid-406334
---ebpf-pid----406334----pid-3323
---ebpf-pid----406334----pid-1
---ebpf-pid----406334----pid-406334
---ebpf-pid----406334----pid-3323
---ebpf-pid----406334----pid-1
---ebpf-pid----406334----pid-406334
---ebpf-pid----406334----pid-3323
---ebpf-pid----406334----pid-1
---ebpf-pid----406334----pid-406334
---ebpf-pid----406334----pid-3323
---ebpf-pid----406334----pid-1
---ebpf-pid----406334----pid-406334
---ebpf-pid----406334----pid-3323
---ebpf-pid----5707----pid-1
---ebpf-pid----406334----pid-1
---ebpf-pid----448782----pid-448782
---ebpf-pid----5707----pid-5707
---ebpf-pid----448782----pid-448520
---ebpf-pid----448782----pid-1
---ebpf-pid----4716----pid-4716
---ebpf-pid----5707----pid-5476
---ebpf-pid----4716----pid-3323
---ebpf-pid----5707----pid-1
---ebpf-pid----5707----pid-5707
---ebpf-pid----5707----pid-5476
---ebpf-pid----5707----pid-1
---ebpf-pid----5707----pid-5707
---ebpf-pid----5707----pid-5476
---ebpf-pid----5707----pid-1
---ebpf-pid----5707----pid-5707
---ebpf-pid----5707----pid-5476
---ebpf-pid----379067----pid-379067
---ebpf-pid----5707----pid-1
---ebpf-pid----5707----pid-5707
---ebpf-pid----4716----pid-1
---ebpf-pid----4716----pid-4716
---ebpf-pid----5707----pid-5476
---ebpf-pid----379067----pid-5476
---ebpf-pid----379067----pid-1
---ebpf-pid----379067----pid-379067
---ebpf-pid----5707----pid-1
---ebpf-pid----379067----pid-5476
---ebpf-pid----5707----pid-5707
---ebpf-pid----5707----pid-5476
---ebpf-pid----5707----pid-1
---ebpf-pid----5707----pid-5707
---ebpf-pid----5707----pid-5476
---ebpf-pid----5707----pid-1
---ebpf-pid----5707----pid-5707
---ebpf-pid----5707----pid-5476
---ebpf-pid----379067----pid-1
---ebpf-pid----379067----pid-379067
---ebpf-pid----379067----pid-5476
---ebpf-pid----379067----pid-1
---ebpf-pid----379067----pid-379067
---ebpf-pid----379067----pid-5476
---ebpf-pid----379067----pid-1
---ebpf-pid----379067----pid-379067
---ebpf-pid----379067----pid-5476
---ebpf-pid----5707----pid-1
---ebpf-pid----379067----pid-1
---ebpf-pid----379067----pid-379067
---ebpf-pid----5707----pid-5707
---ebpf-pid----5707----pid-5476
---ebpf-pid----5707----pid-1
---ebpf-pid----5707----pid-5707
---ebpf-pid----379067----pid-5476
---ebpf-pid----379067----pid-1
---ebpf-pid----379067----pid-379067
---ebpf-pid----379067----pid-5476
---ebpf-pid----379067----pid-1
---ebpf-pid----379067----pid-379067
---ebpf-pid----379067----pid-5476
---ebpf-pid----379067----pid-1
---ebpf-pid----379067----pid-379067
---ebpf-pid----5707----pid-5476
---ebpf-pid----2094----pid-1
---ebpf-pid----5707----pid-1
---ebpf-pid----2094----pid-2094
---ebpf-pid----5707----pid-5707
---ebpf-pid----2094----pid-1
---ebpf-pid----2094----pid-2094
---ebpf-pid----5707----pid-5476
---ebpf-pid----2094----pid-1
---ebpf-pid----5707----pid-1
---ebpf-pid----2094----pid-2094
---ebpf-pid----5707----pid-5707
---ebpf-pid----2094----pid-1
---ebpf-pid----5707----pid-5476
---ebpf-pid----2094----pid-2094
---ebpf-pid----2094----pid-1
---ebpf-pid----5707----pid-1
---ebpf-pid----2094----pid-2094
---ebpf-pid----5707----pid-5707
---ebpf-pid----2094----pid-1
---ebpf-pid----5707----pid-5476
---ebpf-pid----2094----pid-2094
---ebpf-pid----5707----pid-1
---ebpf-pid----2094----pid-1
---ebpf-pid----5707----pid-5707
---ebpf-pid----2094----pid-2094
---ebpf-pid----5707----pid-5476
---ebpf-pid----2094----pid-1
---ebpf-pid----2094----pid-2094
---ebpf-pid----2094----pid-1
---ebpf-pid----2094----pid-2094
---ebpf-pid----2094----pid-1
---ebpf-pid----2094----pid-2094
---ebpf-pid----2094----pid-1
---ebpf-pid----2094----pid-2094
---ebpf-pid----2094----pid-1
---ebpf-pid----2094----pid-2094
---ebpf-pid----2094----pid-1
---ebpf-pid----2094----pid-2094
---ebpf-pid----2094----pid-1
---ebpf-pid----2094----pid-2094
---ebpf-pid----2094----pid-1
---ebpf-pid----2094----pid-2094
---ebpf-pid----4716----pid-3323
---ebpf-pid----2094----pid-1
---ebpf-pid----2094----pid-2094
---ebpf-pid----4716----pid-1
---ebpf-pid----4716----pid-4716
---ebpf-pid----2094----pid-1
---ebpf-pid----2094----pid-2094
---ebpf-pid----4716----pid-3323
---ebpf-pid----2094----pid-1
---ebpf-pid----2094----pid-2094
---ebpf-pid----4716----pid-1
---ebpf-pid----4716----pid-4716
---ebpf-pid----2094----pid-1
---ebpf-pid----2094----pid-2094
---ebpf-pid----2094----pid-1
---ebpf-pid----2094----pid-2094
---ebpf-pid----2094----pid-1
---ebpf-pid----2094----pid-2094
---ebpf-pid----2094----pid-1
---ebpf-pid----2094----pid-2094
---ebpf-pid----2094----pid-1
---ebpf-pid----2094----pid-2094
---ebpf-pid----2094----pid-1
---ebpf-pid----2094----pid-2094
---ebpf-pid----2094----pid-1
---ebpf-pid----2094----pid-2094
---ebpf-pid----2094----pid-1
---ebpf-pid----2094----pid-2094
---ebpf-pid----2094----pid-1
---ebpf-pid----2094----pid-2094
---ebpf-pid----2094----pid-1
---ebpf-pid----2094----pid-2094
---ebpf-pid----2094----pid-1
---ebpf-pid----2094----pid-2094
---ebpf-pid----2094----pid-1
---ebpf-pid----2094----pid-2094
---ebpf-pid----2094----pid-1
---ebpf-pid----5707----pid-1
---ebpf-pid----5707----pid-5707
---ebpf-pid----5707----pid-5476
---ebpf-pid----5707----pid-1
---ebpf-pid----5707----pid-5707
---ebpf-pid----5707----pid-5476
---ebpf-pid----5707----pid-1
---ebpf-pid----5707----pid-5707
---ebpf-pid----5707----pid-5476
---ebpf-pid----5707----pid-1
---ebpf-pid----5707----pid-5707
---ebpf-pid----5707----pid-5476
---ebpf-pid----5707----pid-1
---ebpf-pid----5707----pid-5707
---ebpf-pid----379067----pid-5476
---ebpf-pid----5707----pid-5476
---ebpf-pid----5707----pid-1
---ebpf-pid----5707----pid-5707
---ebpf-pid----5707----pid-5476
---ebpf-pid----4716----pid-3323
---ebpf-pid----5707----pid-1
---ebpf-pid----5707----pid-5707
---ebpf-pid----4716----pid-1
---ebpf-pid----5707----pid-5476
---ebpf-pid----406334----pid-406334
---ebpf-pid----5707----pid-1
---ebpf-pid----406334----pid-3323
---ebpf-pid----5707----pid-5707
---ebpf-pid----406334----pid-1
---ebpf-pid----5707----pid-5476
---ebpf-pid----406334----pid-406334
---ebpf-pid----5707----pid-1
---ebpf-pid----406334----pid-3323
---ebpf-pid----5707----pid-5707
---ebpf-pid----406334----pid-1
---ebpf-pid----5707----pid-5476
---ebpf-pid----406334----pid-406334
---ebpf-pid----406334----pid-3323
---ebpf-pid----5707----pid-1
---ebpf-pid----5707----pid-5707
---ebpf-pid----406334----pid-1
---ebpf-pid----406334----pid-406334
---ebpf-pid----5707----pid-5476
---ebpf-pid----406334----pid-3323
---ebpf-pid----5707----pid-1
---ebpf-pid----5707----pid-5707
---ebpf-pid----406334----pid-1
---ebpf-pid----406335----pid-406335
---ebpf-pid----5707----pid-5476
---ebpf-pid----5707----pid-1
---ebpf-pid----5707----pid-5707
---ebpf-pid----379067----pid-1
---ebpf-pid----5707----pid-5476
---ebpf-pid----379067----pid-379067
---ebpf-pid----5707----pid-1
---ebpf-pid----379067----pid-5476
---ebpf-pid----5707----pid-5707
---ebpf-pid----379067----pid-1
---ebpf-pid----5707----pid-5476
---ebpf-pid----379067----pid-379067
---ebpf-pid----5707----pid-1
---ebpf-pid----379067----pid-5476
---ebpf-pid----5707----pid-5707
---ebpf-pid----379067----pid-1
---ebpf-pid----379067----pid-379067
---ebpf-pid----5707----pid-5476
---ebpf-pid----379067----pid-5476
---ebpf-pid----5707----pid-1
---ebpf-pid----5707----pid-5707
---ebpf-pid----379067----pid-1
---ebpf-pid----5707----pid-5476
---ebpf-pid----5707----pid-1
---ebpf-pid----5707----pid-5707
---ebpf-pid----5707----pid-5476
---ebpf-pid----5707----pid-1
---ebpf-pid----5707----pid-5707
---ebpf-pid----5707----pid-5476
---ebpf-pid----5707----pid-1
---ebpf-pid----5705----pid-5705
---ebpf-pid----5705----pid-5476
---ebpf-pid----5705----pid-1
---ebpf-pid----2094----pid-2094
---ebpf-pid----2094----pid-1
---ebpf-pid----2094----pid-2094
---ebpf-pid----2094----pid-1
---ebpf-pid----5705----pid-5705
---ebpf-pid----5705----pid-5476
---ebpf-pid----2094----pid-2094
---ebpf-pid----5705----pid-1
---ebpf-pid----5705----pid-5705
---ebpf-pid----2094----pid-1
---ebpf-pid----5705----pid-5476
---ebpf-pid----2094----pid-2094
---ebpf-pid----5705----pid-1
---ebpf-pid----5705----pid-5705
---ebpf-pid----2094----pid-1
---ebpf-pid----5705----pid-5476
---ebpf-pid----2094----pid-2094
---ebpf-pid----5705----pid-1
---ebpf-pid----2089----pid-2089
---ebpf-pid----2094----pid-1
---ebpf-pid----2094----pid-2094
---ebpf-pid----2094----pid-1
---ebpf-pid----2094----pid-2094
---ebpf-pid----2094----pid-1
---ebpf-pid----2094----pid-2094
---ebpf-pid----2094----pid-1
---ebpf-pid----2094----pid-2094
---ebpf-pid----2094----pid-1
---ebpf-pid----2094----pid-2094
---ebpf-pid----2094----pid-1
---ebpf-pid----2094----pid-2094
---ebpf-pid----2094----pid-1
---ebpf-pid----2094----pid-2094
---ebpf-pid----2094----pid-1
---ebpf-pid----2094----pid-2094
---ebpf-pid----379067----pid-379067
---ebpf-pid----2094----pid-1
---ebpf-pid----379067----pid-5476
---ebpf-pid----379067----pid-1
---ebpf-pid----5707----pid-5707
---ebpf-pid----5707----pid-5476
---ebpf-pid----5707----pid-1
---ebpf-pid----5707----pid-5707
---ebpf-pid----5707----pid-5476
---ebpf-pid----2094----pid-2094
---ebpf-pid----5707----pid-1
---ebpf-pid----5707----pid-5707
---ebpf-pid----2094----pid-1
---ebpf-pid----2094----pid-2094
---ebpf-pid----406335----pid-3323
---ebpf-pid----406335----pid-1
---ebpf-pid----406335----pid-406335
---ebpf-pid----406335----pid-3323
---ebpf-pid----406335----pid-1
---ebpf-pid----406335----pid-406335
---ebpf-pid----406335----pid-3323
---ebpf-pid----406335----pid-1
---ebpf-pid----406335----pid-406335
---ebpf-pid----406335----pid-3323
---ebpf-pid----406335----pid-1
---ebpf-pid----406335----pid-406335
---ebpf-pid----406335----pid-3323
---ebpf-pid----406335----pid-1
---ebpf-pid----406335----pid-406335
---ebpf-pid----406335----pid-3323
---ebpf-pid----2094----pid-1
---ebpf-pid----406335----pid-1
---ebpf-pid----2094----pid-2094
---ebpf-pid----5707----pid-5476
---ebpf-pid----2089----pid-1
---ebpf-pid----2089----pid-2089
---ebpf-pid----2089----pid-1
---ebpf-pid----2089----pid-2089
---ebpf-pid----2089----pid-1
---ebpf-pid----5705----pid-5705
---ebpf-pid----5705----pid-5476
---ebpf-pid----5705----pid-1
---ebpf-pid----5705----pid-5705
---ebpf-pid----5705----pid-5476
---ebpf-pid----5705----pid-1
---ebpf-pid----5705----pid-5705
---ebpf-pid----5705----pid-5476
---ebpf-pid----5705----pid-1
---ebpf-pid----2029----pid-2029
---ebpf-pid----2029----pid-1
---ebpf-pid----2094----pid-1
---ebpf-pid----2094----pid-2094
---ebpf-pid----406335----pid-406335
---ebpf-pid----2094----pid-1
---ebpf-pid----2094----pid-2094
---ebpf-pid----2094----pid-1
---ebpf-pid----5707----pid-1
---ebpf-pid----5707----pid-5707
---ebpf-pid----2029----pid-2029
---ebpf-pid----2029----pid-1
---ebpf-pid----2029----pid-2029
---ebpf-pid----2029----pid-1
---ebpf-pid----2029----pid-2029
---ebpf-pid----2029----pid-1
---ebpf-pid----2029----pid-2029
---ebpf-pid----2029----pid-1
---ebpf-pid----2029----pid-2029
---ebpf-pid----2029----pid-1
---ebpf-pid----5705----pid-5705
---ebpf-pid----5705----pid-5476
---ebpf-pid----5705----pid-1
---ebpf-pid----5705----pid-5705
---ebpf-pid----5705----pid-5476
---ebpf-pid----5705----pid-1
---ebpf-pid----5705----pid-5705
---ebpf-pid----5705----pid-5476
---ebpf-pid----5705----pid-1
---ebpf-pid----2094----pid-2094
---ebpf-pid----2094----pid-1
---ebpf-pid----2094----pid-2094
---ebpf-pid----2094----pid-1
---ebpf-pid----2094----pid-2094
---ebpf-pid----2094----pid-1
---ebpf-pid----2094----pid-2094
---ebpf-pid----2094----pid-1
---ebpf-pid----2094----pid-2094
---ebpf-pid----2094----pid-1
---ebpf-pid----2094----pid-2094
---ebpf-pid----2094----pid-1
---ebpf-pid----2089----pid-2089
---ebpf-pid----2089----pid-1
---ebpf-pid----2089----pid-2089
---ebpf-pid----2089----pid-1
---ebpf-pid----2089----pid-2089
---ebpf-pid----2089----pid-1
---ebpf-pid----2089----pid-2089
---ebpf-pid----2089----pid-1
---ebpf-pid----2094----pid-2094
---ebpf-pid----2089----pid-2089
---ebpf-pid----2089----pid-1
---ebpf-pid----2094----pid-1
---ebpf-pid----2089----pid-2089
---ebpf-pid----2094----pid-2094
---ebpf-pid----2089----pid-1
---ebpf-pid----2094----pid-1
---ebpf-pid----2089----pid-2089
---ebpf-pid----2094----pid-2094
---ebpf-pid----2089----pid-1
---ebpf-pid----2094----pid-1
---ebpf-pid----2094----pid-2094
---ebpf-pid----2089----pid-2089
---ebpf-pid----2094----pid-1
---ebpf-pid----2089----pid-1
---ebpf-pid----2094----pid-2094
---ebpf-pid----2089----pid-2089
---ebpf-pid----2094----pid-1
---ebpf-pid----2089----pid-1
---ebpf-pid----2094----pid-2094
---ebpf-pid----2094----pid-2094
---ebpf-pid----2094----pid-1
---ebpf-pid----2094----pid-1
---ebpf-pid----2094----pid-2094
---ebpf-pid----2094----pid-2094
---ebpf-pid----2094----pid-1
---ebpf-pid----2094----pid-1
---ebpf-pid----2094----pid-2094
---ebpf-pid----2094----pid-2094
---ebpf-pid----2094----pid-1
---ebpf-pid----2094----pid-1
---ebpf-pid----2094----pid-2094
---ebpf-pid----2094----pid-2094
---ebpf-pid----2094----pid-1
---ebpf-pid----2094----pid-2094
---ebpf-pid----5707----pid-5476
---ebpf-pid----5707----pid-1
---ebpf-pid----5707----pid-5707
---ebpf-pid----406335----pid-3323
---ebpf-pid----5707----pid-5476
---ebpf-pid----406335----pid-1
---ebpf-pid----5707----pid-1
---ebpf-pid----406335----pid-406335
---ebpf-pid----5707----pid-5707
---ebpf-pid----406335----pid-3323
---ebpf-pid----2094----pid-1
---ebpf-pid----2094----pid-2094
---ebpf-pid----2094----pid-1
---ebpf-pid----2094----pid-2094
---ebpf-pid----2094----pid-1
---ebpf-pid----2094----pid-2094
---ebpf-pid----2094----pid-1
---ebpf-pid----2094----pid-2094
---ebpf-pid----2094----pid-1
---ebpf-pid----2094----pid-2094
---ebpf-pid----2094----pid-1
---ebpf-pid----2094----pid-2094
---ebpf-pid----2094----pid-1
---ebpf-pid----2094----pid-2094
---ebpf-pid----2094----pid-1
---ebpf-pid----2094----pid-2094
---ebpf-pid----2094----pid-1
---ebpf-pid----2094----pid-2094
---ebpf-pid----2094----pid-1
---ebpf-pid----2094----pid-2094
---ebpf-pid----2094----pid-1
---ebpf-pid----2094----pid-2094
---ebpf-pid----2094----pid-1
---ebpf-pid----2094----pid-2094
---ebpf-pid----2094----pid-1
---ebpf-pid----2094----pid-2094
---ebpf-pid----2094----pid-1
---ebpf-pid----2094----pid-2094
---ebpf-pid----2094----pid-1
---ebpf-pid----2094----pid-2094
---ebpf-pid----406335----pid-1
---ebpf-pid----2094----pid-1
---ebpf-pid----2088----pid-2088
---ebpf-pid----406335----pid-406335
---ebpf-pid----2088----pid-1
---ebpf-pid----406335----pid-3323
---ebpf-pid----2088----pid-2088
---ebpf-pid----406335----pid-1
---ebpf-pid----2088----pid-1
---ebpf-pid----4716----pid-4716
---ebpf-pid----2088----pid-2088
---ebpf-pid----4716----pid-3323
---ebpf-pid----2088----pid-1
---ebpf-pid----2088----pid-2088
---ebpf-pid----4716----pid-1
---ebpf-pid----2088----pid-1
---ebpf-pid----2088----pid-2088
---ebpf-pid----2088----pid-1
---ebpf-pid----2088----pid-2088
---ebpf-pid----2088----pid-1
---ebpf-pid----2088----pid-2088
---ebpf-pid----2088----pid-1
---ebpf-pid----2088----pid-2088
---ebpf-pid----2088----pid-1
---ebpf-pid----2088----pid-2088
---ebpf-pid----2088----pid-1
---ebpf-pid----2089----pid-2089
---ebpf-pid----2089----pid-1
---ebpf-pid----2094----pid-1
---ebpf-pid----2094----pid-2094
---ebpf-pid----2089----pid-2089
---ebpf-pid----2089----pid-1
---ebpf-pid----2089----pid-2089
---ebpf-pid----5707----pid-5476
---ebpf-pid----5707----pid-1
---ebpf-pid----5707----pid-5707
---ebpf-pid----5707----pid-5476
---ebpf-pid----5707----pid-1
---ebpf-pid----5707----pid-5707
---ebpf-pid----5707----pid-5476
---ebpf-pid----5707----pid-1
---ebpf-pid----5707----pid-5707
---ebpf-pid----5707----pid-5476
---ebpf-pid----5707----pid-1
---ebpf-pid----5707----pid-5707
---ebpf-pid----5707----pid-5476
---ebpf-pid----5707----pid-1
---ebpf-pid----5707----pid-5707
---ebpf-pid----5707----pid-5476
---ebpf-pid----5707----pid-1
---ebpf-pid----5707----pid-5707
---ebpf-pid----5707----pid-5476
---ebpf-pid----2094----pid-1
---ebpf-pid----5707----pid-1
---ebpf-pid----2094----pid-2094
---ebpf-pid----5707----pid-5707
---ebpf-pid----2094----pid-1
---ebpf-pid----5707----pid-5476
---ebpf-pid----2094----pid-2094
---ebpf-pid----5707----pid-1
---ebpf-pid----2094----pid-1
---ebpf-pid----5707----pid-5707
---ebpf-pid----2094----pid-2094
---ebpf-pid----2094----pid-1
---ebpf-pid----5707----pid-5476
---ebpf-pid----2094----pid-2094
---ebpf-pid----5707----pid-1
---ebpf-pid----2094----pid-1
---ebpf-pid----5707----pid-5707
---ebpf-pid----2094----pid-2094
---ebpf-pid----5707----pid-5476
---ebpf-pid----2094----pid-1
---ebpf-pid----2094----pid-2094
---ebpf-pid----5707----pid-1
---ebpf-pid----5707----pid-5707
---ebpf-pid----2094----pid-1
---ebpf-pid----2094----pid-2094
---ebpf-pid----5707----pid-5476
---ebpf-pid----2094----pid-1
---ebpf-pid----5707----pid-1
---ebpf-pid----2094----pid-2094
---ebpf-pid----5707----pid-5707
---ebpf-pid----2094----pid-1
---ebpf-pid----2094----pid-2094
---ebpf-pid----5707----pid-5476
---ebpf-pid----5707----pid-1
---ebpf-pid----2094----pid-1
---ebpf-pid----5707----pid-5707
---ebpf-pid----2094----pid-2094
---ebpf-pid----2094----pid-1
---ebpf-pid----5707----pid-5476
---ebpf-pid----2094----pid-2094
---ebpf-pid----5707----pid-1
---ebpf-pid----2094----pid-1
---ebpf-pid----5707----pid-5707
---ebpf-pid----2094----pid-2094
---ebpf-pid----2094----pid-1
---ebpf-pid----2094----pid-2094
---ebpf-pid----2094----pid-1
---ebpf-pid----2094----pid-2094
---ebpf-pid----2094----pid-1
---ebpf-pid----2094----pid-2094
---ebpf-pid----2094----pid-1
---ebpf-pid----2094----pid-2094
---ebpf-pid----2094----pid-1
---ebpf-pid----2094----pid-2094
---ebpf-pid----2094----pid-1
---ebpf-pid----2094----pid-2094
---ebpf-pid----2094----pid-1
---ebpf-pid----2094----pid-2094
---ebpf-pid----2094----pid-1
---ebpf-pid----2094----pid-2094
---ebpf-pid----2094----pid-1
---ebpf-pid----2094----pid-2094
---ebpf-pid----2094----pid-1
---ebpf-pid----2094----pid-2094
---ebpf-pid----2094----pid-1
---ebpf-pid----2094----pid-2094
---ebpf-pid----2094----pid-1
---ebpf-pid----2094----pid-2094
---ebpf-pid----2094----pid-1
---ebpf-pid----2094----pid-2094
---ebpf-pid----2094----pid-1
---ebpf-pid----2094----pid-2094
---ebpf-pid----2094----pid-1
---ebpf-pid----2094----pid-2094
---ebpf-pid----2094----pid-1
---ebpf-pid----2094----pid-2094
---ebpf-pid----2094----pid-1
---ebpf-pid----2094----pid-2094
---ebpf-pid----2094----pid-1
---ebpf-pid----2094----pid-2094
---ebpf-pid----2094----pid-1
---ebpf-pid----2094----pid-2094
---ebpf-pid----2094----pid-1
---ebpf-pid----2094----pid-2094
---ebpf-pid----2094----pid-1
---ebpf-pid----2094----pid-2094
---ebpf-pid----2094----pid-1
---ebpf-pid----2094----pid-2094
---ebpf-pid----2094----pid-1
---ebpf-pid----2094----pid-2094
---ebpf-pid----2094----pid-1
---ebpf-pid----2094----pid-2094
---ebpf-pid----2094----pid-1
---ebpf-pid----2094----pid-2094
---ebpf-pid----2094----pid-1
---ebpf-pid----2094----pid-2094
---ebpf-pid----2094----pid-1
---ebpf-pid----2094----pid-2094
---ebpf-pid----2094----pid-1
---ebpf-pid----2094----pid-2094
---ebpf-pid----2094----pid-1
---ebpf-pid----2094----pid-2094
---ebpf-pid----2094----pid-1
---ebpf-pid----2094----pid-2094
---ebpf-pid----2094----pid-1
---ebpf-pid----2094----pid-2094
---ebpf-pid----2094----pid-1
---ebpf-pid----2094----pid-2094
---ebpf-pid----2094----pid-1
---ebpf-pid----2094----pid-2094
---ebpf-pid----2094----pid-1
---ebpf-pid----2094----pid-2094
---ebpf-pid----2094----pid-1
---ebpf-pid----2094----pid-2094
---ebpf-pid----2094----pid-1
---ebpf-pid----2094----pid-2094
---ebpf-pid----2094----pid-1
---ebpf-pid----2094----pid-2094
---ebpf-pid----2094----pid-1
---ebpf-pid----2094----pid-2094
---ebpf-pid----2094----pid-1
---ebpf-pid----2094----pid-2094
---ebpf-pid----2094----pid-1
---ebpf-pid----2094----pid-2094
---ebpf-pid----2094----pid-1
---ebpf-pid----2094----pid-2094
---ebpf-pid----2094----pid-1
---ebpf-pid----2094----pid-2094
---ebpf-pid----2094----pid-1
---ebpf-pid----2094----pid-2094
---ebpf-pid----2094----pid-1
---ebpf-pid----2094----pid-2094
---ebpf-pid----2094----pid-1
---ebpf-pid----2094----pid-2094
---ebpf-pid----2094----pid-1
---ebpf-pid----2094----pid-2094
---ebpf-pid----2094----pid-1
---ebpf-pid----2094----pid-2094
---ebpf-pid----2094----pid-1
---ebpf-pid----2094----pid-2094
---ebpf-pid----2094----pid-1
---ebpf-pid----2094----pid-2094
---ebpf-pid----2094----pid-1
---ebpf-pid----2094----pid-2094
---ebpf-pid----2094----pid-1
---ebpf-pid----2094----pid-2094
---ebpf-pid----2094----pid-1
---ebpf-pid----2094----pid-2094
---ebpf-pid----2094----pid-1
---ebpf-pid----2094----pid-2094
---ebpf-pid----2094----pid-1
---ebpf-pid----2094----pid-2094
---ebpf-pid----2094----pid-1
---ebpf-pid----2094----pid-2094
---ebpf-pid----2094----pid-1
---ebpf-pid----2094----pid-2094
---ebpf-pid----2094----pid-1
---ebpf-pid----2029----pid-2029
---ebpf-pid----2029----pid-1
---ebpf-pid----6671----pid-6671
---ebpf-pid----6671----pid-5476
---ebpf-pid----6671----pid-1
---ebpf-pid----6671----pid-6671
---ebpf-pid----406335----pid-406335
---ebpf-pid----406335----pid-3323
---ebpf-pid----406335----pid-1
---ebpf-pid----406335----pid-406335
---ebpf-pid----406335----pid-3323
---ebpf-pid----406335----pid-1
---ebpf-pid----4716----pid-4716
---ebpf-pid----4716----pid-3323
---ebpf-pid----4716----pid-1
---ebpf-pid----4716----pid-4716
---ebpf-pid----4716----pid-3323
---ebpf-pid----4716----pid-1
---ebpf-pid----4716----pid-4716
---ebpf-pid----4716----pid-3323
---ebpf-pid----4716----pid-1
---ebpf-pid----448782----pid-448782
---ebpf-pid----448782----pid-448520
---ebpf-pid----448782----pid-1
---ebpf-pid----448782----pid-448782
---ebpf-pid----448782----pid-448520
---ebpf-pid----448782----pid-1
---ebpf-pid----448782----pid-448782
---ebpf-pid----448782----pid-448520
---ebpf-pid----448782----pid-1
---ebpf-pid----448782----pid-448782
---ebpf-pid----448782----pid-448520
---ebpf-pid----448782----pid-1
---ebpf-pid----448782----pid-448782
---ebpf-pid----448782----pid-448520
---ebpf-pid----448782----pid-1
---ebpf-pid----4716----pid-4716
---ebpf-pid----4716----pid-3323
---ebpf-pid----4716----pid-1
---ebpf-pid----4716----pid-4716
---ebpf-pid----4716----pid-3323
---ebpf-pid----4716----pid-1
---ebpf-pid----4716----pid-4716
---ebpf-pid----4716----pid-3323
---ebpf-pid----4716----pid-1
---ebpf-pid----4716----pid-4716
---ebpf-pid----4716----pid-3323
---ebpf-pid----4716----pid-1
---ebpf-pid----448782----pid-448782
---ebpf-pid----448782----pid-448520
---ebpf-pid----448782----pid-1
---ebpf-pid----448782----pid-448782
---ebpf-pid----448782----pid-448520
---ebpf-pid----448782----pid-1
---ebpf-pid----448782----pid-448782
---ebpf-pid----448782----pid-448520
---ebpf-pid----448782----pid-1
---ebpf-pid----448782----pid-448782
---ebpf-pid----448782----pid-448520
---ebpf-pid----448782----pid-1
---ebpf-pid----448782----pid-448782
---ebpf-pid----448782----pid-448520
---ebpf-pid----448782----pid-1
---ebpf-pid----448782----pid-448782
---ebpf-pid----448782----pid-448520
---ebpf-pid----448782----pid-1
---ebpf-pid----448782----pid-448782
---ebpf-pid----448782----pid-448520
---ebpf-pid----448782----pid-1
---ebpf-pid----448782----pid-448782
---ebpf-pid----448782----pid-448520
---ebpf-pid----448782----pid-1
---ebpf-pid----448782----pid-448782
---ebpf-pid----448782----pid-448520
---ebpf-pid----448782----pid-1
---ebpf-pid----448782----pid-448782
---ebpf-pid----448782----pid-448520
---ebpf-pid----448782----pid-1
---ebpf-pid----4716----pid-4716
---ebpf-pid----4716----pid-3323
---ebpf-pid----6671----pid-5476
---ebpf-pid----4716----pid-1
---ebpf-pid----448782----pid-448782
---ebpf-pid----6671----pid-1
---ebpf-pid----6671----pid-6671
---ebpf-pid----448782----pid-448520
---ebpf-pid----6671----pid-5476
---ebpf-pid----448782----pid-1
---ebpf-pid----4716----pid-4716
---ebpf-pid----6671----pid-1
---ebpf-pid----6671----pid-6671
---ebpf-pid----4716----pid-3323
---ebpf-pid----6671----pid-5476
---ebpf-pid----4716----pid-1
---ebpf-pid----448782----pid-448782
---ebpf-pid----6671----pid-1
---ebpf-pid----6671----pid-6671
---ebpf-pid----448782----pid-448520
---ebpf-pid----6671----pid-5476
---ebpf-pid----448782----pid-1
---ebpf-pid----448782----pid-448782
---ebpf-pid----6671----pid-1
---ebpf-pid----6671----pid-6671
---ebpf-pid----448782----pid-448520
---ebpf-pid----6671----pid-5476
---ebpf-pid----448782----pid-1
---ebpf-pid----448782----pid-448782
---ebpf-pid----6671----pid-1
---ebpf-pid----6671----pid-6671
---ebpf-pid----448782----pid-448520
---ebpf-pid----6671----pid-5476
---ebpf-pid----448782----pid-1
---ebpf-pid----448782----pid-448782
---ebpf-pid----6671----pid-1
---ebpf-pid----6671----pid-6671
---ebpf-pid----448782----pid-448520
---ebpf-pid----6671----pid-5476
---ebpf-pid----448782----pid-1
---ebpf-pid----6671----pid-1
---ebpf-pid----448782----pid-448782
---ebpf-pid----2094----pid-2094
---ebpf-pid----448782----pid-448520
---ebpf-pid----2094----pid-1
---ebpf-pid----2094----pid-2094
---ebpf-pid----2094----pid-1
---ebpf-pid----2094----pid-2094
---ebpf-pid----2089----pid-1
---ebpf-pid----2089----pid-2089
---ebpf-pid----2089----pid-1
---ebpf-pid----2089----pid-2089
---ebpf-pid----2094----pid-1
---ebpf-pid----2089----pid-1
---ebpf-pid----2094----pid-2094
---ebpf-pid----2089----pid-2089
---ebpf-pid----2089----pid-1
---ebpf-pid----2094----pid-1
---ebpf-pid----2089----pid-2089
---ebpf-pid----2094----pid-2094
---ebpf-pid----2089----pid-1
---ebpf-pid----2094----pid-1
---ebpf-pid----2089----pid-2089
---ebpf-pid----2094----pid-2094
---ebpf-pid----2089----pid-1
---ebpf-pid----2089----pid-2089
---ebpf-pid----2089----pid-1
---ebpf-pid----6671----pid-6671
---ebpf-pid----448782----pid-1
---ebpf-pid----6671----pid-5476
---ebpf-pid----448782----pid-448782
---ebpf-pid----5707----pid-5476
---ebpf-pid----448782----pid-448520
---ebpf-pid----6671----pid-1
---ebpf-pid----2089----pid-2089
---ebpf-pid----5707----pid-1
---ebpf-pid----448782----pid-1
---ebpf-pid----5707----pid-5707
---ebpf-pid----4716----pid-4716
---ebpf-pid----2089----pid-1
---ebpf-pid----2089----pid-2089
---ebpf-pid----5707----pid-5476
---ebpf-pid----4716----pid-3323
---ebpf-pid----2089----pid-1
---ebpf-pid----5707----pid-1
---ebpf-pid----4716----pid-1
---ebpf-pid----2089----pid-2089
---ebpf-pid----4716----pid-4716
---ebpf-pid----5707----pid-5707
---ebpf-pid----4716----pid-3323
---ebpf-pid----2089----pid-1
---ebpf-pid----5707----pid-5476
---ebpf-pid----2089----pid-2089
---ebpf-pid----4716----pid-1
---ebpf-pid----5707----pid-1
---ebpf-pid----4716----pid-4716
---ebpf-pid----2089----pid-1
---ebpf-pid----5707----pid-5707
---ebpf-pid----2089----pid-2089
---ebpf-pid----4716----pid-3323
---ebpf-pid----5707----pid-5476
---ebpf-pid----4716----pid-1
---ebpf-pid----448782----pid-448782
---ebpf-pid----5707----pid-1
---ebpf-pid----5707----pid-5707
---ebpf-pid----448782----pid-448520
---ebpf-pid----5707----pid-5476
---ebpf-pid----448782----pid-1
---ebpf-pid----5707----pid-1
---ebpf-pid----448782----pid-448782
---ebpf-pid----5707----pid-5707
---ebpf-pid----448782----pid-448520
---ebpf-pid----5707----pid-5476
---ebpf-pid----448782----pid-1
---ebpf-pid----448782----pid-448782
---ebpf-pid----5707----pid-1
---ebpf-pid----5707----pid-5707
---ebpf-pid----448782----pid-448520
---ebpf-pid----5707----pid-5476
---ebpf-pid----448782----pid-1
---ebpf-pid----448782----pid-448782
---ebpf-pid----5707----pid-1
---ebpf-pid----5707----pid-5707
---ebpf-pid----448782----pid-448520
---ebpf-pid----5707----pid-5476
---ebpf-pid----448782----pid-1
---ebpf-pid----448782----pid-448782
---ebpf-pid----5707----pid-1
---ebpf-pid----448782----pid-448520
---ebpf-pid----5707----pid-5707
---ebpf-pid----448782----pid-1
---ebpf-pid----448782----pid-448782
---ebpf-pid----5707----pid-5476
---ebpf-pid----448782----pid-448520
---ebpf-pid----5707----pid-1
---ebpf-pid----5707----pid-5707
---ebpf-pid----448782----pid-1
---ebpf-pid----448782----pid-448782
---ebpf-pid----5707----pid-5476
---ebpf-pid----448782----pid-448520
---ebpf-pid----5707----pid-1
---ebpf-pid----448782----pid-1
---ebpf-pid----5707----pid-5707
---ebpf-pid----448782----pid-448782
---ebpf-pid----5707----pid-5476
---ebpf-pid----448782----pid-448520
---ebpf-pid----5707----pid-1
---ebpf-pid----448782----pid-1
---ebpf-pid----448782----pid-448782
---ebpf-pid----5707----pid-5707
---ebpf-pid----448782----pid-448520
---ebpf-pid----5707----pid-5476
---ebpf-pid----448782----pid-1
---ebpf-pid----5707----pid-1
---ebpf-pid----4716----pid-4716
---ebpf-pid----5707----pid-5707
---ebpf-pid----5707----pid-5476
---ebpf-pid----2094----pid-1
---ebpf-pid----5707----pid-1
---ebpf-pid----2094----pid-2094
---ebpf-pid----5707----pid-5707
---ebpf-pid----5707----pid-5476
---ebpf-pid----2094----pid-1
---ebpf-pid----2094----pid-2094
---ebpf-pid----5707----pid-1
---ebpf-pid----5707----pid-5707
---ebpf-pid----2094----pid-1
---ebpf-pid----2094----pid-2094
---ebpf-pid----5707----pid-5476
---ebpf-pid----2094----pid-1
---ebpf-pid----2094----pid-2094
---ebpf-pid----5707----pid-1
---ebpf-pid----5707----pid-5707
---ebpf-pid----2094----pid-1
---ebpf-pid----2094----pid-2094
---ebpf-pid----5707----pid-5476
---ebpf-pid----2094----pid-1
---ebpf-pid----2094----pid-2094
---ebpf-pid----5707----pid-1
---ebpf-pid----5707----pid-5707
---ebpf-pid----2094----pid-1
---ebpf-pid----2094----pid-2094
---ebpf-pid----5707----pid-5476
---ebpf-pid----2094----pid-1
---ebpf-pid----2094----pid-2094
---ebpf-pid----2094----pid-1
---ebpf-pid----2094----pid-2094
---ebpf-pid----2094----pid-1
---ebpf-pid----2094----pid-2094
---ebpf-pid----2094----pid-1
---ebpf-pid----2094----pid-2094
---ebpf-pid----2094----pid-1
---ebpf-pid----2094----pid-2094
---ebpf-pid----2094----pid-1
---ebpf-pid----2094----pid-2094
---ebpf-pid----2094----pid-1
---ebpf-pid----379067----pid-379067
---ebpf-pid----379067----pid-5476
---ebpf-pid----379067----pid-1
---ebpf-pid----379067----pid-379067
---ebpf-pid----379067----pid-5476
---ebpf-pid----379067----pid-1
---ebpf-pid----379067----pid-379067
---ebpf-pid----379067----pid-5476
---ebpf-pid----379067----pid-1
---ebpf-pid----5707----pid-1
---ebpf-pid----379067----pid-379067
---ebpf-pid----5707----pid-5707
---ebpf-pid----379067----pid-5476
---ebpf-pid----5707----pid-5476
---ebpf-pid----379067----pid-1
---ebpf-pid----379067----pid-379067
---ebpf-pid----5707----pid-1
---ebpf-pid----5707----pid-5707
---ebpf-pid----379067----pid-5476
---ebpf-pid----5707----pid-5476
---ebpf-pid----379067----pid-1
---ebpf-pid----379067----pid-379067
---ebpf-pid----5707----pid-1
---ebpf-pid----5707----pid-5707
---ebpf-pid----379067----pid-5476
---ebpf-pid----5707----pid-5476
---ebpf-pid----379067----pid-1
---ebpf-pid----379067----pid-379067
---ebpf-pid----5707----pid-1
---ebpf-pid----5707----pid-5707
---ebpf-pid----5707----pid-5476
---ebpf-pid----379067----pid-5476
---ebpf-pid----5707----pid-1
---ebpf-pid----379067----pid-1
---ebpf-pid----5707----pid-5707
---ebpf-pid----379067----pid-379067
---ebpf-pid----5707----pid-5476
---ebpf-pid----379067----pid-5476
---ebpf-pid----5707----pid-1
---ebpf-pid----379067----pid-1
---ebpf-pid----5707----pid-5707
---ebpf-pid----379067----pid-379067
---ebpf-pid----5707----pid-5476
---ebpf-pid----379067----pid-5476
---ebpf-pid----5707----pid-1
---ebpf-pid----5707----pid-5707
---ebpf-pid----379067----pid-1
---ebpf-pid----379067----pid-379067
---ebpf-pid----5707----pid-5476
---ebpf-pid----379067----pid-5476
---ebpf-pid----5707----pid-1
---ebpf-pid----5707----pid-5707
---ebpf-pid----379067----pid-1
---ebpf-pid----379067----pid-379067
---ebpf-pid----5707----pid-5476
---ebpf-pid----379067----pid-5476
---ebpf-pid----379067----pid-1
---ebpf-pid----379067----pid-379067
---ebpf-pid----379067----pid-5476
---ebpf-pid----379067----pid-1
---ebpf-pid----379067----pid-379067
---ebpf-pid----379067----pid-5476
---ebpf-pid----379067----pid-1
---ebpf-pid----379067----pid-379067
---ebpf-pid----379067----pid-5476
---ebpf-pid----379067----pid-1
---ebpf-pid----379067----pid-379067
---ebpf-pid----379067----pid-5476
---ebpf-pid----379067----pid-1
---ebpf-pid----379067----pid-379067
---ebpf-pid----379067----pid-5476
---ebpf-pid----379067----pid-1
---ebpf-pid----379067----pid-379067
---ebpf-pid----379067----pid-5476
---ebpf-pid----379067----pid-1
---ebpf-pid----379067----pid-379067
---ebpf-pid----379067----pid-5476
---ebpf-pid----4716----pid-3323
---ebpf-pid----4716----pid-1
---ebpf-pid----448782----pid-448782
---ebpf-pid----448782----pid-448520
---ebpf-pid----448782----pid-1
---ebpf-pid----448782----pid-448782
---ebpf-pid----448782----pid-448520
---ebpf-pid----448782----pid-1
---ebpf-pid----448782----pid-448782
---ebpf-pid----448782----pid-448520
---ebpf-pid----448782----pid-1
---ebpf-pid----448782----pid-448782
---ebpf-pid----448782----pid-448520
---ebpf-pid----448782----pid-1
---ebpf-pid----4716----pid-4716
---ebpf-pid----4716----pid-3323
---ebpf-pid----4716----pid-1
---ebpf-pid----4716----pid-4716
---ebpf-pid----4716----pid-3323
---ebpf-pid----4716----pid-1
---ebpf-pid----4716----pid-4716
---ebpf-pid----4716----pid-3323
---ebpf-pid----4716----pid-1
---ebpf-pid----4716----pid-4716
---ebpf-pid----4716----pid-3323
---ebpf-pid----4716----pid-1
---ebpf-pid----4716----pid-4716
---ebpf-pid----4716----pid-3323
---ebpf-pid----4716----pid-1
---ebpf-pid----5707----pid-1
---ebpf-pid----448782----pid-448782
---ebpf-pid----5707----pid-5707
---ebpf-pid----5707----pid-5476
---ebpf-pid----448782----pid-448520
---ebpf-pid----5707----pid-1
---ebpf-pid----448782----pid-1
---ebpf-pid----5707----pid-5707
---ebpf-pid----448782----pid-448782
---ebpf-pid----5707----pid-5476
---ebpf-pid----448782----pid-448520
---ebpf-pid----5707----pid-1
---ebpf-pid----448782----pid-1
---ebpf-pid----4716----pid-4716
---ebpf-pid----5707----pid-5707
---ebpf-pid----4716----pid-3323
---ebpf-pid----5707----pid-5476
---ebpf-pid----4716----pid-1
---ebpf-pid----5707----pid-1
---ebpf-pid----448782----pid-448782
---ebpf-pid----5707----pid-5707
---ebpf-pid----448782----pid-448520
---ebpf-pid----5707----pid-5476
---ebpf-pid----448782----pid-1
---ebpf-pid----448782----pid-448782
---ebpf-pid----5707----pid-1
---ebpf-pid----5707----pid-5707
---ebpf-pid----448782----pid-448520
---ebpf-pid----5707----pid-5476
---ebpf-pid----448782----pid-1
---ebpf-pid----448782----pid-448782
---ebpf-pid----5707----pid-1
---ebpf-pid----448782----pid-448520
---ebpf-pid----5707----pid-5707
---ebpf-pid----448782----pid-1
---ebpf-pid----448782----pid-448782
---ebpf-pid----5707----pid-5476
---ebpf-pid----448782----pid-448520
---ebpf-pid----5707----pid-1
---ebpf-pid----5707----pid-5707
---ebpf-pid----448782----pid-1
---ebpf-pid----448782----pid-448782
---ebpf-pid----5707----pid-5476
---ebpf-pid----448782----pid-448520
---ebpf-pid----5707----pid-1
---ebpf-pid----448782----pid-1
---ebpf-pid----5707----pid-5707
---ebpf-pid----448782----pid-448782
---ebpf-pid----5707----pid-5476
---ebpf-pid----448782----pid-448520
---ebpf-pid----5707----pid-1
---ebpf-pid----448782----pid-1
---ebpf-pid----448782----pid-448782
---ebpf-pid----5707----pid-5707
---ebpf-pid----448782----pid-448520
---ebpf-pid----5707----pid-5476
---ebpf-pid----448782----pid-1
---ebpf-pid----5707----pid-1
---ebpf-pid----448782----pid-448782
---ebpf-pid----5707----pid-5707
---ebpf-pid----448782----pid-448520
---ebpf-pid----5707----pid-5476
---ebpf-pid----5707----pid-1
---ebpf-pid----2012----pid-2012
---ebpf-pid----2012----pid-1
---ebpf-pid----2012----pid-2012
---ebpf-pid----2012----pid-1
---ebpf-pid----6671----pid-6671
---ebpf-pid----2089----pid-1
---ebpf-pid----2089----pid-2089
---ebpf-pid----6671----pid-5476
---ebpf-pid----379067----pid-1
---ebpf-pid----379067----pid-379067
---ebpf-pid----379067----pid-5476
---ebpf-pid----379067----pid-1
---ebpf-pid----5707----pid-5707
---ebpf-pid----5707----pid-5476
---ebpf-pid----5707----pid-1
---ebpf-pid----5707----pid-5707
---ebpf-pid----5707----pid-5476
---ebpf-pid----5707----pid-1
---ebpf-pid----5707----pid-5707
---ebpf-pid----5707----pid-5476
---ebpf-pid----5707----pid-1
---ebpf-pid----379067----pid-379067
---ebpf-pid----379067----pid-5476
---ebpf-pid----379067----pid-1
---ebpf-pid----379067----pid-379067
---ebpf-pid----379067----pid-5476
---ebpf-pid----2089----pid-1
---ebpf-pid----2089----pid-2089
---ebpf-pid----2089----pid-1
---ebpf-pid----2089----pid-2089
---ebpf-pid----2089----pid-1
---ebpf-pid----2089----pid-2089
---ebpf-pid----2089----pid-1
---ebpf-pid----2089----pid-2089
---ebpf-pid----2089----pid-1
---ebpf-pid----2089----pid-2089
---ebpf-pid----2089----pid-1
---ebpf-pid----2089----pid-2089
---ebpf-pid----2089----pid-1
---ebpf-pid----2089----pid-2089
---ebpf-pid----2089----pid-1
---ebpf-pid----2089----pid-2089
---ebpf-pid----2089----pid-1
---ebpf-pid----2089----pid-2089
---ebpf-pid----2089----pid-1
---ebpf-pid----2089----pid-2089
---ebpf-pid----2089----pid-1
---ebpf-pid----2089----pid-2089
---ebpf-pid----2089----pid-1
---ebpf-pid----2089----pid-2089
---ebpf-pid----2089----pid-1
---ebpf-pid----2089----pid-2089
---ebpf-pid----2089----pid-1
---ebpf-pid----2089----pid-2089
---ebpf-pid----2089----pid-1
---ebpf-pid----2089----pid-2089
---ebpf-pid----2089----pid-1
---ebpf-pid----2089----pid-2089
---ebpf-pid----379067----pid-1
---ebpf-pid----2089----pid-1
---ebpf-pid----2089----pid-2089
---ebpf-pid----2089----pid-1
---ebpf-pid----2089----pid-2089
---ebpf-pid----2089----pid-1
---ebpf-pid----2089----pid-2089
---ebpf-pid----2089----pid-1
---ebpf-pid----2089----pid-2089
---ebpf-pid----2089----pid-1
---ebpf-pid----2088----pid-2088
---ebpf-pid----2088----pid-1
---ebpf-pid----2088----pid-2088
---ebpf-pid----2088----pid-1
---ebpf-pid----2088----pid-2088
---ebpf-pid----2088----pid-1
---ebpf-pid----2088----pid-2088
---ebpf-pid----2088----pid-1
---ebpf-pid----2088----pid-2088
---ebpf-pid----2088----pid-1
---ebpf-pid----2088----pid-2088
---ebpf-pid----2088----pid-1
---ebpf-pid----2088----pid-2088
---ebpf-pid----2088----pid-1
---ebpf-pid----2088----pid-2088
---ebpf-pid----2088----pid-1
---ebpf-pid----2088----pid-2088
---ebpf-pid----5707----pid-5707
---ebpf-pid----5707----pid-5476
---ebpf-pid----5707----pid-1
---ebpf-pid----5707----pid-5707
---ebpf-pid----5707----pid-5476
---ebpf-pid----5707----pid-1
---ebpf-pid----5707----pid-5707
---ebpf-pid----5707----pid-5476
---ebpf-pid----5707----pid-1
---ebpf-pid----5707----pid-5707
---ebpf-pid----5707----pid-5476
---ebpf-pid----5707----pid-1
---ebpf-pid----5707----pid-5707
---ebpf-pid----5707----pid-5476
---ebpf-pid----5707----pid-1
---ebpf-pid----5707----pid-5707
---ebpf-pid----5707----pid-5476
---ebpf-pid----5707----pid-1
---ebpf-pid----5707----pid-5707
---ebpf-pid----5707----pid-5476
---ebpf-pid----5707----pid-1
---ebpf-pid----5707----pid-5707
---ebpf-pid----5707----pid-5476
---ebpf-pid----5707----pid-1
---ebpf-pid----5707----pid-5707
---ebpf-pid----5707----pid-5476
---ebpf-pid----5707----pid-1
---ebpf-pid----5707----pid-5707
---ebpf-pid----5707----pid-5476
---ebpf-pid----5707----pid-1
---ebpf-pid----5707----pid-5707
---ebpf-pid----5707----pid-5476
---ebpf-pid----5707----pid-1
---ebpf-pid----5707----pid-5707
---ebpf-pid----5707----pid-5476
---ebpf-pid----5707----pid-1
---ebpf-pid----5707----pid-5707
---ebpf-pid----5707----pid-5476
---ebpf-pid----5707----pid-1
---ebpf-pid----5707----pid-5707
---ebpf-pid----2088----pid-1
---ebpf-pid----2088----pid-2088
---ebpf-pid----2088----pid-1
---ebpf-pid----2088----pid-2088
---ebpf-pid----2088----pid-1
---ebpf-pid----2088----pid-2088
---ebpf-pid----2088----pid-1
---ebpf-pid----2088----pid-2088
---ebpf-pid----2088----pid-1
---ebpf-pid----2088----pid-2088
---ebpf-pid----2088----pid-1
---ebpf-pid----2088----pid-2088
---ebpf-pid----2088----pid-1
---ebpf-pid----2088----pid-2088
---ebpf-pid----2088----pid-1
---ebpf-pid----2088----pid-2088
---ebpf-pid----2088----pid-1
---ebpf-pid----2088----pid-2088
---ebpf-pid----2088----pid-1
---ebpf-pid----2088----pid-2088
---ebpf-pid----2088----pid-1
---ebpf-pid----2088----pid-2088
---ebpf-pid----2088----pid-1
---ebpf-pid----2088----pid-2088
---ebpf-pid----2088----pid-1
---ebpf-pid----2088----pid-2088
---ebpf-pid----2088----pid-1
---ebpf-pid----2088----pid-2088
---ebpf-pid----2088----pid-1
---ebpf-pid----2088----pid-2088
---ebpf-pid----2088----pid-1
---ebpf-pid----2088----pid-2088
---ebpf-pid----2088----pid-1
---ebpf-pid----2088----pid-2088
---ebpf-pid----2088----pid-1
---ebpf-pid----2088----pid-2088
---ebpf-pid----2088----pid-1
---ebpf-pid----2088----pid-2088
---ebpf-pid----2088----pid-1
---ebpf-pid----2088----pid-2088
---ebpf-pid----2088----pid-1
---ebpf-pid----2088----pid-2088
---ebpf-pid----2088----pid-1
---ebpf-pid----2088----pid-2088
---ebpf-pid----2088----pid-1
---ebpf-pid----2088----pid-2088
---ebpf-pid----2088----pid-1
---ebpf-pid----2088----pid-2088
---ebpf-pid----2088----pid-1
---ebpf-pid----2088----pid-2088
---ebpf-pid----2088----pid-1
---ebpf-pid----2088----pid-2088
---ebpf-pid----2088----pid-1
---ebpf-pid----2088----pid-2088
---ebpf-pid----2088----pid-1
---ebpf-pid----2088----pid-2088
---ebpf-pid----2088----pid-1
---ebpf-pid----2088----pid-2088
---ebpf-pid----2088----pid-1
---ebpf-pid----2088----pid-2088
---ebpf-pid----2088----pid-1
---ebpf-pid----2088----pid-2088
---ebpf-pid----2088----pid-1
---ebpf-pid----2088----pid-2088
---ebpf-pid----2088----pid-1
---ebpf-pid----2088----pid-2088
---ebpf-pid----2088----pid-1
---ebpf-pid----2088----pid-2088
---ebpf-pid----2088----pid-1
---ebpf-pid----2088----pid-2088
---ebpf-pid----2088----pid-1
---ebpf-pid----2088----pid-2088
---ebpf-pid----2088----pid-1
---ebpf-pid----2088----pid-2088
---ebpf-pid----2088----pid-1
---ebpf-pid----2088----pid-2088
---ebpf-pid----2088----pid-1
---ebpf-pid----2088----pid-2088
---ebpf-pid----2088----pid-1
---ebpf-pid----2088----pid-2088
---ebpf-pid----2088----pid-1
---ebpf-pid----2088----pid-2088
---ebpf-pid----2088----pid-1
---ebpf-pid----2088----pid-2088
---ebpf-pid----2088----pid-1
---ebpf-pid----2088----pid-2088
---ebpf-pid----2088----pid-1
---ebpf-pid----2088----pid-2088
---ebpf-pid----2088----pid-1
---ebpf-pid----2088----pid-2088
---ebpf-pid----2088----pid-1
---ebpf-pid----2088----pid-2088
---ebpf-pid----448782----pid-1
---ebpf-pid----6671----pid-1
---ebpf-pid----6671----pid-6671
---ebpf-pid----6671----pid-5476
---ebpf-pid----6671----pid-1
---ebpf-pid----6671----pid-6671
---ebpf-pid----6671----pid-5476
---ebpf-pid----6671----pid-1
---ebpf-pid----6671----pid-6671
---ebpf-pid----6671----pid-5476
---ebpf-pid----6671----pid-1
---ebpf-pid----6671----pid-6671
---ebpf-pid----2088----pid-1
---ebpf-pid----6671----pid-5476
---ebpf-pid----2088----pid-2088
---ebpf-pid----6671----pid-1
---ebpf-pid----6671----pid-6671
---ebpf-pid----2088----pid-1
---ebpf-pid----2088----pid-2088
---ebpf-pid----6671----pid-5476
---ebpf-pid----6671----pid-1
---ebpf-pid----6671----pid-6671
---ebpf-pid----6671----pid-5476
---ebpf-pid----6671----pid-1
---ebpf-pid----6671----pid-6671
---ebpf-pid----6671----pid-5476
---ebpf-pid----2088----pid-1
---ebpf-pid----2088----pid-2088
---ebpf-pid----2088----pid-1
---ebpf-pid----2088----pid-2088
---ebpf-pid----2088----pid-1
---ebpf-pid----2088----pid-2088
---ebpf-pid----2088----pid-1
---ebpf-pid----2088----pid-2088
---ebpf-pid----2088----pid-1
---ebpf-pid----2088----pid-2088
---ebpf-pid----2088----pid-1
---ebpf-pid----2088----pid-2088
---ebpf-pid----2088----pid-1
---ebpf-pid----2088----pid-2088
---ebpf-pid----2088----pid-1
---ebpf-pid----2029----pid-2029
---ebpf-pid----2029----pid-1
---ebpf-pid----2029----pid-2029
---ebpf-pid----2029----pid-1
---ebpf-pid----2029----pid-2029
---ebpf-pid----2029----pid-1
---ebpf-pid----2029----pid-2029
---ebpf-pid----2029----pid-1
---ebpf-pid----2029----pid-2029
---ebpf-pid----2029----pid-1
---ebpf-pid----2029----pid-2029
---ebpf-pid----2029----pid-1
---ebpf-pid----2029----pid-2029
---ebpf-pid----2029----pid-1
---ebpf-pid----2029----pid-2029
---ebpf-pid----2029----pid-1
---ebpf-pid----2029----pid-2029
---ebpf-pid----2029----pid-1
---ebpf-pid----5707----pid-5707
---ebpf-pid----5707----pid-5476
---ebpf-pid----5707----pid-1
---ebpf-pid----5707----pid-5707
---ebpf-pid----5707----pid-5476
---ebpf-pid----5707----pid-1
---ebpf-pid----5707----pid-5707
---ebpf-pid----5707----pid-5476
---ebpf-pid----5707----pid-1
---ebpf-pid----2029----pid-2029
---ebpf-pid----2029----pid-1
---ebpf-pid----2029----pid-2029
---ebpf-pid----2029----pid-1
---ebpf-pid----2029----pid-2029
---ebpf-pid----2029----pid-1
---ebpf-pid----2029----pid-2029
---ebpf-pid----2029----pid-1
---ebpf-pid----2029----pid-2029
---ebpf-pid----2029----pid-1
---ebpf-pid----2029----pid-2029
---ebpf-pid----2029----pid-1
---ebpf-pid----2029----pid-2029
---ebpf-pid----2029----pid-1
---ebpf-pid----2029----pid-2029
---ebpf-pid----2029----pid-1
---ebpf-pid----2029----pid-2029
---ebpf-pid----2029----pid-1
---ebpf-pid----2029----pid-2029
---ebpf-pid----2029----pid-1
---ebpf-pid----2029----pid-2029
---ebpf-pid----2029----pid-1
---ebpf-pid----2029----pid-2029
---ebpf-pid----2029----pid-1
---ebpf-pid----2029----pid-2029
---ebpf-pid----2029----pid-1
---ebpf-pid----2029----pid-2029
---ebpf-pid----6671----pid-1
---ebpf-pid----6671----pid-6671
---ebpf-pid----2029----pid-1
---ebpf-pid----2029----pid-2029
---ebpf-pid----6671----pid-5476
---ebpf-pid----2029----pid-1
---ebpf-pid----2089----pid-2089
---ebpf-pid----6671----pid-1
---ebpf-pid----6671----pid-6671
---ebpf-pid----2089----pid-1
---ebpf-pid----6671----pid-5476
---ebpf-pid----2089----pid-2089
---ebpf-pid----6671----pid-1
---ebpf-pid----2089----pid-1
---ebpf-pid----2012----pid-2012
---ebpf-pid----2089----pid-2089
---ebpf-pid----2012----pid-1
---ebpf-pid----2089----pid-1
---ebpf-pid----2012----pid-2012
---ebpf-pid----2089----pid-2089
---ebpf-pid----2012----pid-1
---ebpf-pid----2012----pid-2012
---ebpf-pid----2089----pid-1
---ebpf-pid----2089----pid-2089
---ebpf-pid----2012----pid-1
---ebpf-pid----2012----pid-2012
---ebpf-pid----2089----pid-1
---ebpf-pid----2089----pid-2089
---ebpf-pid----2012----pid-1
---ebpf-pid----2012----pid-2012
---ebpf-pid----2089----pid-1
---ebpf-pid----2089----pid-2089
---ebpf-pid----2012----pid-1
---ebpf-pid----2012----pid-2012
---ebpf-pid----2089----pid-1
---ebpf-pid----2089----pid-2089
---ebpf-pid----2012----pid-1
---ebpf-pid----2012----pid-2012
---ebpf-pid----2089----pid-1
---ebpf-pid----2089----pid-2089
---ebpf-pid----2012----pid-1
---ebpf-pid----2012----pid-2012
---ebpf-pid----2089----pid-1
---ebpf-pid----2089----pid-2089
---ebpf-pid----2012----pid-1
---ebpf-pid----2089----pid-1
---ebpf-pid----2089----pid-2089
---ebpf-pid----2089----pid-1
---ebpf-pid----2089----pid-2089
---ebpf-pid----2089----pid-1
---ebpf-pid----2089----pid-2089
---ebpf-pid----2089----pid-1
---ebpf-pid----2089----pid-2089
---ebpf-pid----2089----pid-1
---ebpf-pid----2089----pid-2089
---ebpf-pid----2089----pid-1
---ebpf-pid----2089----pid-2089
---ebpf-pid----2089----pid-1
---ebpf-pid----2089----pid-2089
---ebpf-pid----2089----pid-1
---ebpf-pid----2089----pid-2089
---ebpf-pid----2089----pid-1
---ebpf-pid----2089----pid-2089
---ebpf-pid----2089----pid-1
---ebpf-pid----2089----pid-2089
---ebpf-pid----2089----pid-1
---ebpf-pid----2089----pid-2089
---ebpf-pid----2089----pid-1
---ebpf-pid----2089----pid-2089
---ebpf-pid----2089----pid-1
---ebpf-pid----2089----pid-2089
---ebpf-pid----2089----pid-1
---ebpf-pid----5707----pid-5707
---ebpf-pid----5707----pid-5476
---ebpf-pid----5707----pid-1
---ebpf-pid----5707----pid-5707
---ebpf-pid----5707----pid-5476
---ebpf-pid----5707----pid-1
---ebpf-pid----5707----pid-5707
---ebpf-pid----5707----pid-5476
---ebpf-pid----5707----pid-1
---ebpf-pid----2029----pid-2029
---ebpf-pid----2029----pid-1
---ebpf-pid----2029----pid-2029
---ebpf-pid----2029----pid-1
---ebpf-pid----2029----pid-2029
---ebpf-pid----2029----pid-1
---ebpf-pid----2029----pid-2029
---ebpf-pid----2029----pid-1
---ebpf-pid----5707----pid-5707
---ebpf-pid----5707----pid-5476
---ebpf-pid----5707----pid-1
---ebpf-pid----5707----pid-5707
---ebpf-pid----5707----pid-5476
---ebpf-pid----5707----pid-1
---ebpf-pid----5707----pid-5707
---ebpf-pid----5707----pid-5476
---ebpf-pid----5707----pid-1
---ebpf-pid----2088----pid-2088
---ebpf-pid----2088----pid-1
---ebpf-pid----2088----pid-2088
---ebpf-pid----2088----pid-1
---ebpf-pid----2088----pid-2088
---ebpf-pid----2088----pid-1
---ebpf-pid----2088----pid-2088
---ebpf-pid----2088----pid-1
---ebpf-pid----2088----pid-2088
---ebpf-pid----2088----pid-1
---ebpf-pid----2088----pid-2088
---ebpf-pid----2088----pid-1
---ebpf-pid----2088----pid-2088
---ebpf-pid----2088----pid-1
---ebpf-pid----2088----pid-2088
---ebpf-pid----2088----pid-1
---ebpf-pid----2088----pid-2088
---ebpf-pid----2088----pid-1
---ebpf-pid----2088----pid-2088
---ebpf-pid----2088----pid-1
---ebpf-pid----2088----pid-2088
---ebpf-pid----2088----pid-1
---ebpf-pid----2088----pid-2088
---ebpf-pid----2088----pid-1
---ebpf-pid----2088----pid-2088
---ebpf-pid----2088----pid-1
---ebpf-pid----2088----pid-2088
---ebpf-pid----2088----pid-1
---ebpf-pid----2088----pid-2088
---ebpf-pid----2088----pid-1
---ebpf-pid----2088----pid-2088
---ebpf-pid----2088----pid-1
---ebpf-pid----2088----pid-2088
---ebpf-pid----2088----pid-1
---ebpf-pid----2088----pid-2088
---ebpf-pid----2088----pid-1
---ebpf-pid----2088----pid-2088
---ebpf-pid----2088----pid-1
---ebpf-pid----2088----pid-2088
---ebpf-pid----2088----pid-1
---ebpf-pid----2088----pid-2088
---ebpf-pid----2088----pid-1
---ebpf-pid----2094----pid-2094
---ebpf-pid----2094----pid-1
---ebpf-pid----2094----pid-2094
---ebpf-pid----2094----pid-1
---ebpf-pid----2094----pid-2094
---ebpf-pid----2094----pid-1
---ebpf-pid----2094----pid-2094
---ebpf-pid----2094----pid-1
---ebpf-pid----2094----pid-2094
---ebpf-pid----2094----pid-1
---ebpf-pid----2094----pid-2094
---ebpf-pid----2094----pid-1
---ebpf-pid----2094----pid-2094
---ebpf-pid----2094----pid-1
---ebpf-pid----2094----pid-2094
---ebpf-pid----2094----pid-1
---ebpf-pid----2094----pid-2094
---ebpf-pid----2094----pid-1
---ebpf-pid----2029----pid-2029
---ebpf-pid----2029----pid-1
---ebpf-pid----2029----pid-2029
---ebpf-pid----2029----pid-1
---ebpf-pid----2029----pid-2029
---ebpf-pid----2029----pid-1
---ebpf-pid----2029----pid-2029
---ebpf-pid----2029----pid-1
---ebpf-pid----2029----pid-2029
---ebpf-pid----2029----pid-1
---ebpf-pid----2029----pid-2029
---ebpf-pid----2029----pid-1
---ebpf-pid----2029----pid-2029
---ebpf-pid----2029----pid-1
---ebpf-pid----2029----pid-2029
---ebpf-pid----2029----pid-1
---ebpf-pid----2029----pid-2029
---ebpf-pid----2029----pid-1
---ebpf-pid----2029----pid-2029
---ebpf-pid----2029----pid-1
---ebpf-pid----2029----pid-2029
---ebpf-pid----2029----pid-1
---ebpf-pid----2029----pid-2029
---ebpf-pid----2029----pid-1
---ebpf-pid----2029----pid-2029
---ebpf-pid----2029----pid-1
---ebpf-pid----2029----pid-2029
---ebpf-pid----2029----pid-1
---ebpf-pid----2029----pid-2029
---ebpf-pid----2029----pid-1
---ebpf-pid----2029----pid-2029
---ebpf-pid----2029----pid-1
---ebpf-pid----2029----pid-2029
---ebpf-pid----2029----pid-1
---ebpf-pid----2029----pid-2029
---ebpf-pid----2029----pid-1
---ebpf-pid----2029----pid-2029
---ebpf-pid----2029----pid-1
---ebpf-pid----2029----pid-2029
---ebpf-pid----2029----pid-1
---ebpf-pid----2029----pid-2029
---ebpf-pid----2029----pid-1
---ebpf-pid----2029----pid-2029
---ebpf-pid----2029----pid-1
---ebpf-pid----2029----pid-2029
---ebpf-pid----2029----pid-1
---ebpf-pid----2029----pid-2029
---ebpf-pid----2029----pid-1
---ebpf-pid----2029----pid-2029
---ebpf-pid----2029----pid-1
---ebpf-pid----2029----pid-2029
---ebpf-pid----2029----pid-1
---ebpf-pid----2029----pid-2029
---ebpf-pid----2029----pid-1
---ebpf-pid----2094----pid-2094
---ebpf-pid----2094----pid-1
---ebpf-pid----2094----pid-2094
---ebpf-pid----2094----pid-1
---ebpf-pid----2094----pid-2094
---ebpf-pid----2094----pid-1
---ebpf-pid----2094----pid-2094
---ebpf-pid----2094----pid-1
---ebpf-pid----2094----pid-2094
---ebpf-pid----2094----pid-1
---ebpf-pid----2094----pid-2094
---ebpf-pid----2094----pid-1
---ebpf-pid----2094----pid-2094
---ebpf-pid----2094----pid-1
---ebpf-pid----2094----pid-2094
---ebpf-pid----2094----pid-1
---ebpf-pid----2094----pid-2094
---ebpf-pid----2094----pid-1
---ebpf-pid----2012----pid-2012
---ebpf-pid----379067----pid-379067
---ebpf-pid----4716----pid-4716
---ebpf-pid----379067----pid-5476
---ebpf-pid----2012----pid-1
---ebpf-pid----379067----pid-1
---ebpf-pid----2012----pid-2012
---ebpf-pid----379067----pid-379067
---ebpf-pid----2012----pid-1
---ebpf-pid----5707----pid-5476
---ebpf-pid----379067----pid-5476
---ebpf-pid----2012----pid-2012
---ebpf-pid----379067----pid-1
---ebpf-pid----2012----pid-1
---ebpf-pid----379067----pid-379067
---ebpf-pid----4716----pid-3323
---ebpf-pid----2012----pid-2012
---ebpf-pid----379067----pid-5476
---ebpf-pid----2012----pid-1
---ebpf-pid----4716----pid-1
---ebpf-pid----2012----pid-2012
---ebpf-pid----4716----pid-4716
---ebpf-pid----2012----pid-1
---ebpf-pid----2012----pid-2012
---ebpf-pid----5707----pid-1
---ebpf-pid----2012----pid-1
---ebpf-pid----2012----pid-2012
---ebpf-pid----5707----pid-5707
---ebpf-pid----2012----pid-1
---ebpf-pid----4716----pid-3323
---ebpf-pid----2012----pid-2012
---ebpf-pid----2012----pid-1
---ebpf-pid----4716----pid-1
---ebpf-pid----2012----pid-2012
---ebpf-pid----5707----pid-5476
---ebpf-pid----2012----pid-1
---ebpf-pid----6671----pid-6671
---ebpf-pid----5707----pid-1
---ebpf-pid----6671----pid-5476
---ebpf-pid----5707----pid-5707
---ebpf-pid----6671----pid-1
---ebpf-pid----5707----pid-5476
---ebpf-pid----6671----pid-6671
---ebpf-pid----5707----pid-1
---ebpf-pid----6671----pid-5476
---ebpf-pid----5707----pid-5707
---ebpf-pid----6671----pid-1
---ebpf-pid----6671----pid-6671
---ebpf-pid----5707----pid-5476
---ebpf-pid----379067----pid-1
---ebpf-pid----2094----pid-2094
---ebpf-pid----6671----pid-5476
---ebpf-pid----5707----pid-1
---ebpf-pid----5707----pid-5707
---ebpf-pid----2094----pid-1
---ebpf-pid----6671----pid-1
---ebpf-pid----2029----pid-2029
---ebpf-pid----5707----pid-5476
---ebpf-pid----6671----pid-6671
---ebpf-pid----2029----pid-1
---ebpf-pid----2029----pid-2029
---ebpf-pid----6671----pid-5476
---ebpf-pid----5707----pid-1
---ebpf-pid----5707----pid-5707
---ebpf-pid----6671----pid-1
---ebpf-pid----2029----pid-1
---ebpf-pid----5707----pid-5476
---ebpf-pid----6671----pid-6671
---ebpf-pid----2029----pid-2029
---ebpf-pid----2029----pid-1
---ebpf-pid----5707----pid-1
---ebpf-pid----6671----pid-5476
---ebpf-pid----2029----pid-2029
---ebpf-pid----2029----pid-1
---ebpf-pid----2029----pid-2029
---ebpf-pid----2029----pid-1
---ebpf-pid----2089----pid-2089
---ebpf-pid----2089----pid-1
---ebpf-pid----2089----pid-2089
---ebpf-pid----2089----pid-1
---ebpf-pid----2089----pid-2089
---ebpf-pid----2089----pid-1
---ebpf-pid----2089----pid-2089
---ebpf-pid----2089----pid-1
---ebpf-pid----2089----pid-2089
---ebpf-pid----2089----pid-1
---ebpf-pid----2089----pid-2089
---ebpf-pid----2089----pid-1
---ebpf-pid----2089----pid-2089
---ebpf-pid----2089----pid-1
---ebpf-pid----2089----pid-2089
---ebpf-pid----2089----pid-1
---ebpf-pid----2089----pid-2089
---ebpf-pid----2089----pid-1
---ebpf-pid----2089----pid-2089
---ebpf-pid----2089----pid-1
---ebpf-pid----2089----pid-2089
---ebpf-pid----2089----pid-1
---ebpf-pid----2089----pid-2089
---ebpf-pid----2089----pid-1
---ebpf-pid----2089----pid-2089
---ebpf-pid----2089----pid-1
---ebpf-pid----2089----pid-2089
---ebpf-pid----2089----pid-1
---ebpf-pid----2089----pid-2089
---ebpf-pid----2089----pid-1
---ebpf-pid----2089----pid-2089
---ebpf-pid----2089----pid-1
---ebpf-pid----2089----pid-2089
---ebpf-pid----2089----pid-1
---ebpf-pid----2089----pid-2089
---ebpf-pid----2089----pid-1
---ebpf-pid----2089----pid-2089
---ebpf-pid----2089----pid-1
---ebpf-pid----2089----pid-2089
---ebpf-pid----2089----pid-1
---ebpf-pid----2088----pid-2088
---ebpf-pid----2088----pid-1
---ebpf-pid----2088----pid-2088
---ebpf-pid----2088----pid-1
---ebpf-pid----2088----pid-2088
---ebpf-pid----2088----pid-1
---ebpf-pid----2088----pid-2088
---ebpf-pid----2088----pid-1
---ebpf-pid----5707----pid-5707
---ebpf-pid----2088----pid-2088
---ebpf-pid----2088----pid-1
---ebpf-pid----2088----pid-2088
---ebpf-pid----2088----pid-1
---ebpf-pid----2088----pid-2088
---ebpf-pid----2088----pid-1
---ebpf-pid----2088----pid-2088
---ebpf-pid----2088----pid-1
---ebpf-pid----2088----pid-2088
---ebpf-pid----2088----pid-1
---ebpf-pid----2088----pid-2088
---ebpf-pid----2088----pid-1
---ebpf-pid----2088----pid-2088
---ebpf-pid----2088----pid-1
---ebpf-pid----2089----pid-2089
---ebpf-pid----2089----pid-1
---ebpf-pid----2089----pid-2089
---ebpf-pid----2089----pid-1
---ebpf-pid----2094----pid-2094
---ebpf-pid----2094----pid-1
---ebpf-pid----2094----pid-2094
---ebpf-pid----2094----pid-1
---ebpf-pid----2094----pid-2094
---ebpf-pid----2094----pid-1
---ebpf-pid----2094----pid-2094
---ebpf-pid----2094----pid-1
---ebpf-pid----2094----pid-2094
---ebpf-pid----2094----pid-1
---ebpf-pid----2094----pid-2094
---ebpf-pid----2094----pid-1
---ebpf-pid----2094----pid-2094
---ebpf-pid----2094----pid-1
---ebpf-pid----6671----pid-1
---ebpf-pid----6671----pid-6671
---ebpf-pid----6671----pid-5476
---ebpf-pid----6671----pid-1
---ebpf-pid----6671----pid-6671
---ebpf-pid----6671----pid-5476
---ebpf-pid----6671----pid-1
---ebpf-pid----6671----pid-6671
---ebpf-pid----6671----pid-5476
---ebpf-pid----6671----pid-1
---ebpf-pid----6671----pid-6671
---ebpf-pid----6671----pid-5476
---ebpf-pid----6671----pid-1
---ebpf-pid----6671----pid-6671
---ebpf-pid----6671----pid-5476
---ebpf-pid----6671----pid-1
---ebpf-pid----6671----pid-6671
---ebpf-pid----6671----pid-5476
---ebpf-pid----6671----pid-1
---ebpf-pid----6671----pid-6671
---ebpf-pid----6671----pid-5476
---ebpf-pid----6671----pid-1
---ebpf-pid----6671----pid-6671
---ebpf-pid----6671----pid-5476
---ebpf-pid----6671----pid-1
---ebpf-pid----6671----pid-6671
---ebpf-pid----6671----pid-5476
---ebpf-pid----6671----pid-1
---ebpf-pid----6671----pid-6671
---ebpf-pid----6671----pid-5476
---ebpf-pid----2094----pid-2094
---ebpf-pid----6671----pid-1
---ebpf-pid----6671----pid-6671
---ebpf-pid----2094----pid-1
---ebpf-pid----2094----pid-2094
---ebpf-pid----6671----pid-5476
---ebpf-pid----6671----pid-1
---ebpf-pid----2094----pid-1
---ebpf-pid----6671----pid-6671
---ebpf-pid----2094----pid-2094
---ebpf-pid----6671----pid-5476
---ebpf-pid----2094----pid-1
---ebpf-pid----6671----pid-1
---ebpf-pid----2094----pid-2094
---ebpf-pid----6671----pid-6671
---ebpf-pid----2094----pid-1
---ebpf-pid----6671----pid-5476
---ebpf-pid----2094----pid-2094
---ebpf-pid----6671----pid-1
---ebpf-pid----6671----pid-6671
---ebpf-pid----2094----pid-1
---ebpf-pid----2094----pid-2094
---ebpf-pid----6671----pid-5476
---ebpf-pid----2094----pid-1
---ebpf-pid----6671----pid-1
---ebpf-pid----2094----pid-2094
---ebpf-pid----6671----pid-6671
---ebpf-pid----2094----pid-1
---ebpf-pid----6671----pid-5476
---ebpf-pid----2094----pid-2094
---ebpf-pid----6671----pid-1
---ebpf-pid----2094----pid-1
---ebpf-pid----6671----pid-6671
---ebpf-pid----2094----pid-2094
---ebpf-pid----6671----pid-5476
---ebpf-pid----2094----pid-1
---ebpf-pid----2094----pid-2094
---ebpf-pid----6671----pid-1
---ebpf-pid----6671----pid-6671
---ebpf-pid----6671----pid-5476
---ebpf-pid----2094----pid-1
---ebpf-pid----2094----pid-2094
---ebpf-pid----6671----pid-1
---ebpf-pid----6671----pid-6671
---ebpf-pid----2094----pid-1
---ebpf-pid----2094----pid-2094
---ebpf-pid----6671----pid-5476
---ebpf-pid----2094----pid-1
---ebpf-pid----6671----pid-1
---ebpf-pid----2094----pid-2094
---ebpf-pid----6671----pid-6671
---ebpf-pid----2094----pid-1
---ebpf-pid----6671----pid-5476
---ebpf-pid----2094----pid-2094
---ebpf-pid----4716----pid-4716
---ebpf-pid----4716----pid-3323
---ebpf-pid----4716----pid-1
---ebpf-pid----4716----pid-4716
---ebpf-pid----4716----pid-3323
---ebpf-pid----4716----pid-1
---ebpf-pid----4716----pid-4716
---ebpf-pid----4716----pid-3323
---ebpf-pid----4716----pid-1
---ebpf-pid----4716----pid-4716
---ebpf-pid----4716----pid-3323
---ebpf-pid----4716----pid-1
---ebpf-pid----4716----pid-4716
---ebpf-pid----4716----pid-3323
---ebpf-pid----4716----pid-1
---ebpf-pid----9298----pid-9298
---ebpf-pid----9298----pid-7255
---ebpf-pid----9298----pid-1
---ebpf-pid----448784----pid-448784
---ebpf-pid----6671----pid-1
---ebpf-pid----6671----pid-6671
---ebpf-pid----6671----pid-5476
---ebpf-pid----6671----pid-1
---ebpf-pid----6671----pid-6671
---ebpf-pid----6671----pid-5476
---ebpf-pid----6671----pid-1
---ebpf-pid----6671----pid-6671
---ebpf-pid----6671----pid-5476
---ebpf-pid----6671----pid-1
---ebpf-pid----6671----pid-6671
---ebpf-pid----6671----pid-5476
---ebpf-pid----6671----pid-1
---ebpf-pid----6671----pid-6671
---ebpf-pid----6671----pid-5476
---ebpf-pid----6671----pid-1
---ebpf-pid----6671----pid-6671
---ebpf-pid----6671----pid-5476
---ebpf-pid----6671----pid-1
---ebpf-pid----6671----pid-6671
---ebpf-pid----6671----pid-5476
---ebpf-pid----6671----pid-1
---ebpf-pid----6671----pid-6671
---ebpf-pid----6671----pid-5476
---ebpf-pid----6671----pid-1
---ebpf-pid----6671----pid-6671
---ebpf-pid----6671----pid-5476
---ebpf-pid----6671----pid-1
---ebpf-pid----6671----pid-6671
---ebpf-pid----6671----pid-5476
---ebpf-pid----6671----pid-1
---ebpf-pid----6671----pid-6671
---ebpf-pid----6671----pid-5476
---ebpf-pid----6671----pid-1
---ebpf-pid----6671----pid-6671
---ebpf-pid----6671----pid-5476
---ebpf-pid----6671----pid-1
---ebpf-pid----448784----pid-448520
---ebpf-pid----448784----pid-1
---ebpf-pid----4716----pid-4716
---ebpf-pid----4716----pid-3323
---ebpf-pid----4716----pid-1
---ebpf-pid----4716----pid-4716
---ebpf-pid----4716----pid-3323
---ebpf-pid----4716----pid-1
---ebpf-pid----4716----pid-4716
---ebpf-pid----4716----pid-3323
---ebpf-pid----4716----pid-1
---ebpf-pid----4716----pid-4716
---ebpf-pid----4716----pid-3323
---ebpf-pid----4716----pid-1
---ebpf-pid----4716----pid-4716
---ebpf-pid----4716----pid-3323
---ebpf-pid----4716----pid-1
---ebpf-pid----4716----pid-4716
---ebpf-pid----4716----pid-3323
---ebpf-pid----4716----pid-1
---ebpf-pid----4716----pid-4716
---ebpf-pid----4716----pid-3323
---ebpf-pid----4716----pid-1
---ebpf-pid----4716----pid-4716
---ebpf-pid----4716----pid-3323
---ebpf-pid----4716----pid-1
---ebpf-pid----14----pid-14
---ebpf-pid----6671----pid-6671
---ebpf-pid----6671----pid-5476
---ebpf-pid----6671----pid-1
---ebpf-pid----6671----pid-6671
---ebpf-pid----6671----pid-5476
---ebpf-pid----6671----pid-1
---ebpf-pid----6671----pid-6671
---ebpf-pid----6671----pid-5476
---ebpf-pid----6671----pid-1
---ebpf-pid----6671----pid-6671
---ebpf-pid----6671----pid-5476
---ebpf-pid----6671----pid-1
---ebpf-pid----6671----pid-6671
---ebpf-pid----5707----pid-5476
---ebpf-pid----5707----pid-1
---ebpf-pid----5707----pid-5707
---ebpf-pid----5707----pid-5476
---ebpf-pid----5707----pid-1
---ebpf-pid----5707----pid-5707
---ebpf-pid----5707----pid-5476
---ebpf-pid----5707----pid-1
---ebpf-pid----5707----pid-5707
---ebpf-pid----5707----pid-5476
---ebpf-pid----5707----pid-1
---ebpf-pid----5707----pid-5707
---ebpf-pid----5707----pid-5476
---ebpf-pid----5707----pid-1
---ebpf-pid----5707----pid-5707
---ebpf-pid----5707----pid-5476
---ebpf-pid----5707----pid-1
---ebpf-pid----5707----pid-5707
---ebpf-pid----5707----pid-5476
---ebpf-pid----5707----pid-1
---ebpf-pid----5707----pid-5707
---ebpf-pid----5707----pid-5476
---ebpf-pid----5707----pid-1
---ebpf-pid----5707----pid-5707
---ebpf-pid----5707----pid-5476
---ebpf-pid----5707----pid-1
---ebpf-pid----5707----pid-5707
---ebpf-pid----5707----pid-5476
---ebpf-pid----5707----pid-1
---ebpf-pid----5707----pid-5707
---ebpf-pid----5707----pid-5476
---ebpf-pid----5707----pid-1
---ebpf-pid----5707----pid-5707
---ebpf-pid----5707----pid-5476
---ebpf-pid----5707----pid-1
---ebpf-pid----5707----pid-5707
---ebpf-pid----5707----pid-5476
---ebpf-pid----5707----pid-1
---ebpf-pid----5707----pid-5707
---ebpf-pid----5707----pid-5476
---ebpf-pid----5707----pid-1
---ebpf-pid----5707----pid-5707
---ebpf-pid----5707----pid-5476
---ebpf-pid----5707----pid-1
---ebpf-pid----14----pid-2
---ebpf-pid----448785----pid-448785
---ebpf-pid----448785----pid-448520
---ebpf-pid----448785----pid-1
---ebpf-pid----448785----pid-448785
---ebpf-pid----448785----pid-448520
---ebpf-pid----448785----pid-1
---ebpf-pid----448785----pid-448785
---ebpf-pid----448785----pid-448520
---ebpf-pid----448785----pid-1
---ebpf-pid----448785----pid-448785
---ebpf-pid----448785----pid-448520
---ebpf-pid----448785----pid-1
---ebpf-pid----448785----pid-448785
---ebpf-pid----448785----pid-448520
---ebpf-pid----448785----pid-1
---ebpf-pid----448784----pid-448784
---ebpf-pid----448784----pid-448520
---ebpf-pid----448784----pid-1
---ebpf-pid----448784----pid-448784
---ebpf-pid----448784----pid-448520
---ebpf-pid----448784----pid-1
---ebpf-pid----448784----pid-448784
---ebpf-pid----448784----pid-448520
---ebpf-pid----448784----pid-1
---ebpf-pid----448784----pid-448784
---ebpf-pid----448784----pid-448520
---ebpf-pid----448784----pid-1
---ebpf-pid----5703----pid-5703
---ebpf-pid----5703----pid-5476
---ebpf-pid----5703----pid-1
---ebpf-pid----4716----pid-4716
---ebpf-pid----4716----pid-3323
---ebpf-pid----4716----pid-1
---ebpf-pid----379067----pid-379067
---ebpf-pid----379067----pid-5476
---ebpf-pid----379067----pid-1
---ebpf-pid----379067----pid-379067
---ebpf-pid----379067----pid-5476
---ebpf-pid----379067----pid-1
---ebpf-pid----379067----pid-379067
---ebpf-pid----379067----pid-5476
---ebpf-pid----379067----pid-1
---ebpf-pid----379067----pid-379067
---ebpf-pid----379067----pid-5476
---ebpf-pid----379067----pid-1
---ebpf-pid----379067----pid-379067
---ebpf-pid----379067----pid-5476
---ebpf-pid----379067----pid-1
---ebpf-pid----379067----pid-379067
---ebpf-pid----379067----pid-5476
---ebpf-pid----379067----pid-1
---ebpf-pid----379067----pid-379067
---ebpf-pid----379067----pid-5476
---ebpf-pid----379067----pid-1
---ebpf-pid----379067----pid-379067
---ebpf-pid----379067----pid-5476
---ebpf-pid----379067----pid-1
---ebpf-pid----379067----pid-379067
---ebpf-pid----379067----pid-5476
---ebpf-pid----379067----pid-1
---ebpf-pid----379067----pid-379067
---ebpf-pid----379067----pid-5476
---ebpf-pid----379067----pid-1
---ebpf-pid----379067----pid-379067
---ebpf-pid----379067----pid-5476
---ebpf-pid----379067----pid-1
---ebpf-pid----379067----pid-379067
---ebpf-pid----379067----pid-5476
---ebpf-pid----379067----pid-1
---ebpf-pid----379067----pid-379067
---ebpf-pid----6671----pid-5476
---ebpf-pid----6671----pid-1
---ebpf-pid----6671----pid-6671
---ebpf-pid----6671----pid-5476
---ebpf-pid----6671----pid-1
---ebpf-pid----6671----pid-6671
---ebpf-pid----6671----pid-5476
---ebpf-pid----6671----pid-1
---ebpf-pid----6671----pid-6671
---ebpf-pid----6671----pid-5476
---ebpf-pid----6671----pid-1
---ebpf-pid----6671----pid-6671
---ebpf-pid----6671----pid-5476
---ebpf-pid----6671----pid-1
---ebpf-pid----6671----pid-6671
---ebpf-pid----6671----pid-5476
---ebpf-pid----6671----pid-1
---ebpf-pid----6671----pid-6671
---ebpf-pid----6671----pid-5476
---ebpf-pid----6671----pid-1
---ebpf-pid----6671----pid-6671
---ebpf-pid----6671----pid-5476
---ebpf-pid----6671----pid-1
---ebpf-pid----6671----pid-6671
---ebpf-pid----6671----pid-5476
---ebpf-pid----6671----pid-1
---ebpf-pid----6671----pid-6671
---ebpf-pid----6671----pid-5476
---ebpf-pid----6671----pid-1
---ebpf-pid----6671----pid-6671
---ebpf-pid----6671----pid-5476
---ebpf-pid----6671----pid-1
---ebpf-pid----6671----pid-6671
---ebpf-pid----6671----pid-5476
---ebpf-pid----6671----pid-1
---ebpf-pid----6671----pid-6671
---ebpf-pid----6671----pid-5476
---ebpf-pid----6671----pid-1
---ebpf-pid----6671----pid-6671
---ebpf-pid----6671----pid-5476
---ebpf-pid----6671----pid-1
---ebpf-pid----6671----pid-6671
---ebpf-pid----6671----pid-5476
---ebpf-pid----6671----pid-1
---ebpf-pid----6671----pid-6671
---ebpf-pid----6671----pid-5476
---ebpf-pid----6671----pid-1
---ebpf-pid----6671----pid-6671
---ebpf-pid----6671----pid-5476
---ebpf-pid----6671----pid-1
---ebpf-pid----6671----pid-6671
---ebpf-pid----6671----pid-5476
---ebpf-pid----6671----pid-1
---ebpf-pid----6671----pid-6671
---ebpf-pid----6671----pid-5476
---ebpf-pid----6671----pid-1
---ebpf-pid----6671----pid-6671
---ebpf-pid----6671----pid-5476
---ebpf-pid----6671----pid-1
---ebpf-pid----6671----pid-6671
---ebpf-pid----6671----pid-5476
---ebpf-pid----6671----pid-1
---ebpf-pid----6671----pid-6671
---ebpf-pid----6671----pid-5476
---ebpf-pid----6671----pid-1
---ebpf-pid----6671----pid-6671
---ebpf-pid----6671----pid-5476
---ebpf-pid----6671----pid-1
---ebpf-pid----6671----pid-6671
---ebpf-pid----6671----pid-5476
---ebpf-pid----379067----pid-5476
---ebpf-pid----379067----pid-1
---ebpf-pid----379067----pid-379067
---ebpf-pid----379067----pid-5476
---ebpf-pid----379067----pid-1
---ebpf-pid----379067----pid-379067
---ebpf-pid----379067----pid-5476
---ebpf-pid----379067----pid-1
---ebpf-pid----379067----pid-379067
---ebpf-pid----379067----pid-5476
---ebpf-pid----379067----pid-1
---ebpf-pid----379067----pid-379067
---ebpf-pid----379067----pid-5476
Failed to get process information for PID 448893
Failed to get process information for PID 448893
Failed to get process information for PID 448893
Failed to get process information for PID 448893
Failed to get process information for PID 448893
Failed to get process information for PID 448893
---ebpf-pid----379067----pid-1
---ebpf-pid----379067----pid-379067
---ebpf-pid----379067----pid-5476
---ebpf-pid----379067----pid-1
---ebpf-pid----379067----pid-379067
---ebpf-pid----379067----pid-5476
---ebpf-pid----379067----pid-1
---ebpf-pid----379067----pid-379067
---ebpf-pid----379067----pid-5476
---ebpf-pid----379067----pid-1
---ebpf-pid----379067----pid-379067
---ebpf-pid----379067----pid-5476
---ebpf-pid----379067----pid-1
---ebpf-pid----379067----pid-379067
---ebpf-pid----379067----pid-5476
---ebpf-pid----379067----pid-1
---ebpf-pid----379067----pid-379067
---ebpf-pid----379067----pid-5476
---ebpf-pid----379067----pid-1
---ebpf-pid----379067----pid-379067
---ebpf-pid----379067----pid-5476
---ebpf-pid----379067----pid-1
---ebpf-pid----379067----pid-379067
---ebpf-pid----379067----pid-5476
---ebpf-pid----379067----pid-1
---ebpf-pid----379067----pid-379067
---ebpf-pid----5707----pid-5707
---ebpf-pid----2094----pid-1
---ebpf-pid----2094----pid-2094
---ebpf-pid----5707----pid-5476
---ebpf-pid----6671----pid-1
---ebpf-pid----2094----pid-1
---ebpf-pid----6671----pid-6671
---ebpf-pid----2094----pid-2094
---ebpf-pid----5707----pid-1
---ebpf-pid----5707----pid-5707
---ebpf-pid----2094----pid-1
---ebpf-pid----2094----pid-2094
---ebpf-pid----6671----pid-5476
---ebpf-pid----5707----pid-5476
---ebpf-pid----2094----pid-1
---ebpf-pid----2094----pid-2094
---ebpf-pid----6671----pid-1
---ebpf-pid----5707----pid-1
---ebpf-pid----6671----pid-6671
---ebpf-pid----5707----pid-5707
---ebpf-pid----2094----pid-1
---ebpf-pid----2094----pid-2094
---ebpf-pid----6671----pid-5476
---ebpf-pid----5707----pid-5476
---ebpf-pid----2094----pid-1
---ebpf-pid----6671----pid-1
---ebpf-pid----5707----pid-1
---ebpf-pid----2094----pid-2094
---ebpf-pid----6671----pid-6671
---ebpf-pid----5707----pid-5707
---ebpf-pid----2094----pid-1
---ebpf-pid----6671----pid-5476
---ebpf-pid----5707----pid-5476
---ebpf-pid----2094----pid-2094
---ebpf-pid----6671----pid-1
---ebpf-pid----2094----pid-1
---ebpf-pid----5707----pid-1
---ebpf-pid----6671----pid-6671
---ebpf-pid----2094----pid-2094
---ebpf-pid----5707----pid-5707
---ebpf-pid----6671----pid-5476
---ebpf-pid----2094----pid-1
---ebpf-pid----5707----pid-5476
---ebpf-pid----6671----pid-1
---ebpf-pid----5707----pid-1
---ebpf-pid----6671----pid-6671
---ebpf-pid----2029----pid-2029
---ebpf-pid----5707----pid-5707
---ebpf-pid----6671----pid-5476
---ebpf-pid----2029----pid-1
---ebpf-pid----5707----pid-5476
---ebpf-pid----2029----pid-2029
---ebpf-pid----6671----pid-1
---ebpf-pid----5707----pid-1
---ebpf-pid----6671----pid-6671
---ebpf-pid----2029----pid-1
---ebpf-pid----5707----pid-5707
---ebpf-pid----2029----pid-2029
---ebpf-pid----6671----pid-5476
---ebpf-pid----5707----pid-5476
---ebpf-pid----2029----pid-1
---ebpf-pid----6671----pid-1
---ebpf-pid----2029----pid-2029
---ebpf-pid----5707----pid-1
---ebpf-pid----6671----pid-6671
---ebpf-pid----5707----pid-5707
---ebpf-pid----2029----pid-1
---ebpf-pid----6671----pid-5476
---ebpf-pid----2029----pid-2029
---ebpf-pid----5707----pid-5476
---ebpf-pid----2029----pid-1
---ebpf-pid----2029----pid-2029
---ebpf-pid----5707----pid-1
---ebpf-pid----5614----pid-5614
---ebpf-pid----2029----pid-1
---ebpf-pid----2029----pid-2029
---ebpf-pid----5614----pid-1
---ebpf-pid----5614----pid-5614
---ebpf-pid----2029----pid-1
---ebpf-pid----2029----pid-2029
---ebpf-pid----5614----pid-1
---ebpf-pid----5614----pid-5614
---ebpf-pid----2029----pid-1
---ebpf-pid----2029----pid-2029
---ebpf-pid----5614----pid-1
---ebpf-pid----5614----pid-5614
---ebpf-pid----2029----pid-1
---ebpf-pid----2029----pid-2029
---ebpf-pid----5614----pid-1
---ebpf-pid----5614----pid-5614
---ebpf-pid----2029----pid-1
---ebpf-pid----2029----pid-2029
---ebpf-pid----5614----pid-1
---ebpf-pid----5614----pid-5614
---ebpf-pid----2029----pid-1
---ebpf-pid----2029----pid-2029
---ebpf-pid----5614----pid-1
---ebpf-pid----379067----pid-5476
---ebpf-pid----379067----pid-1
---ebpf-pid----379067----pid-379067
---ebpf-pid----379067----pid-5476
---ebpf-pid----379067----pid-1
---ebpf-pid----379067----pid-379067
---ebpf-pid----379067----pid-5476
---ebpf-pid----379067----pid-1
---ebpf-pid----379067----pid-379067
---ebpf-pid----379067----pid-5476
---ebpf-pid----379067----pid-1
---ebpf-pid----448785----pid-448785
---ebpf-pid----448785----pid-448520
---ebpf-pid----448785----pid-1
---ebpf-pid----448785----pid-448785
---ebpf-pid----448785----pid-448520
---ebpf-pid----448785----pid-1
---ebpf-pid----379067----pid-379067
---ebpf-pid----379067----pid-5476
---ebpf-pid----379067----pid-1
---ebpf-pid----379067----pid-379067
---ebpf-pid----379067----pid-5476
---ebpf-pid----379067----pid-1
---ebpf-pid----6671----pid-1
---ebpf-pid----6671----pid-6671
---ebpf-pid----6671----pid-5476
---ebpf-pid----6671----pid-1
---ebpf-pid----6671----pid-6671
---ebpf-pid----6671----pid-5476
---ebpf-pid----6671----pid-1
---ebpf-pid----6671----pid-6671
---ebpf-pid----6671----pid-5476
---ebpf-pid----6671----pid-1
---ebpf-pid----6671----pid-6671
---ebpf-pid----6671----pid-5476
---ebpf-pid----6671----pid-1
---ebpf-pid----6671----pid-6671
---ebpf-pid----6671----pid-5476
---ebpf-pid----6671----pid-1
---ebpf-pid----6671----pid-6671
---ebpf-pid----6671----pid-5476
---ebpf-pid----6671----pid-1
---ebpf-pid----6671----pid-6671
---ebpf-pid----6671----pid-5476
---ebpf-pid----6671----pid-1
---ebpf-pid----6671----pid-6671
---ebpf-pid----6671----pid-5476
---ebpf-pid----6671----pid-1
---ebpf-pid----6671----pid-6671
---ebpf-pid----6671----pid-5476
---ebpf-pid----6671----pid-1
---ebpf-pid----6671----pid-6671
---ebpf-pid----6671----pid-5476
---ebpf-pid----6671----pid-1
---ebpf-pid----6671----pid-6671
---ebpf-pid----6671----pid-5476
---ebpf-pid----6671----pid-1
---ebpf-pid----6671----pid-6671
---ebpf-pid----6671----pid-5476
---ebpf-pid----6671----pid-1
---ebpf-pid----6671----pid-6671
---ebpf-pid----6671----pid-5476
---ebpf-pid----2029----pid-1
---ebpf-pid----6671----pid-1
---ebpf-pid----373029----pid-373029
---ebpf-pid----2029----pid-2029
---ebpf-pid----373029----pid-5476
---ebpf-pid----2029----pid-1
---ebpf-pid----2029----pid-2029
---ebpf-pid----373029----pid-1
---ebpf-pid----373029----pid-373029
---ebpf-pid----2029----pid-1
---ebpf-pid----2029----pid-2029
---ebpf-pid----373029----pid-5476
---ebpf-pid----2029----pid-1
---ebpf-pid----373029----pid-1
---ebpf-pid----2029----pid-2029
---ebpf-pid----373029----pid-373029
---ebpf-pid----373029----pid-5476
---ebpf-pid----2029----pid-1
---ebpf-pid----2029----pid-2029
---ebpf-pid----373029----pid-1
---ebpf-pid----373029----pid-373029
---ebpf-pid----2029----pid-1
---ebpf-pid----2029----pid-2029
---ebpf-pid----373029----pid-5476
---ebpf-pid----2029----pid-1
---ebpf-pid----373029----pid-1
---ebpf-pid----2029----pid-2029
---ebpf-pid----373029----pid-373029
---ebpf-pid----2029----pid-1
---ebpf-pid----373029----pid-5476
---ebpf-pid----2029----pid-2029
---ebpf-pid----373029----pid-1
---ebpf-pid----2029----pid-1
---ebpf-pid----373029----pid-373029
---ebpf-pid----2029----pid-2029
---ebpf-pid----373029----pid-5476
---ebpf-pid----2029----pid-1
---ebpf-pid----2029----pid-2029
---ebpf-pid----373029----pid-1
---ebpf-pid----2029----pid-1
---ebpf-pid----373029----pid-373029
---ebpf-pid----2029----pid-2029
---ebpf-pid----373029----pid-5476
---ebpf-pid----2029----pid-1
---ebpf-pid----2029----pid-2029
---ebpf-pid----373029----pid-1
---ebpf-pid----373029----pid-373029
---ebpf-pid----2029----pid-1
---ebpf-pid----2029----pid-2029
---ebpf-pid----373029----pid-5476
---ebpf-pid----2029----pid-1
---ebpf-pid----373029----pid-1
---ebpf-pid----2029----pid-2029
---ebpf-pid----373029----pid-373029
---ebpf-pid----2029----pid-1
---ebpf-pid----2029----pid-2029
---ebpf-pid----373029----pid-5476
---ebpf-pid----5705----pid-5705
---ebpf-pid----2029----pid-1
---ebpf-pid----2029----pid-2029
---ebpf-pid----5705----pid-5476
---ebpf-pid----2029----pid-1
---ebpf-pid----2029----pid-2029
---ebpf-pid----5705----pid-1
---ebpf-pid----5705----pid-5705
---ebpf-pid----2029----pid-1
---ebpf-pid----2029----pid-2029
---ebpf-pid----5705----pid-5476
---ebpf-pid----2029----pid-1
---ebpf-pid----5705----pid-1
---ebpf-pid----2029----pid-2029
---ebpf-pid----5705----pid-5705
---ebpf-pid----2029----pid-1
---ebpf-pid----5705----pid-5476
---ebpf-pid----2029----pid-2029
---ebpf-pid----5705----pid-1
---ebpf-pid----2029----pid-1
---ebpf-pid----5705----pid-5705
---ebpf-pid----2029----pid-2029
---ebpf-pid----5705----pid-5476
---ebpf-pid----2029----pid-1
---ebpf-pid----2029----pid-2029
---ebpf-pid----5705----pid-1
---ebpf-pid----5705----pid-5705
---ebpf-pid----2029----pid-1
---ebpf-pid----2029----pid-2029
---ebpf-pid----5705----pid-5476
---ebpf-pid----5705----pid-1
---ebpf-pid----5705----pid-5705
---ebpf-pid----2029----pid-1
---ebpf-pid----5705----pid-5476
---ebpf-pid----2029----pid-2029
---ebpf-pid----5705----pid-1
---ebpf-pid----5705----pid-5705
---ebpf-pid----2029----pid-1
---ebpf-pid----2029----pid-2029
---ebpf-pid----373029----pid-1
---ebpf-pid----373029----pid-373029
---ebpf-pid----373029----pid-5476
---ebpf-pid----373029----pid-1
---ebpf-pid----373029----pid-373029
---ebpf-pid----373029----pid-5476
---ebpf-pid----373029----pid-1
---ebpf-pid----379067----pid-379067
---ebpf-pid----379067----pid-5476
---ebpf-pid----379067----pid-1
---ebpf-pid----379067----pid-379067
---ebpf-pid----379067----pid-5476
---ebpf-pid----379067----pid-1
---ebpf-pid----379067----pid-379067
---ebpf-pid----379067----pid-5476
---ebpf-pid----379067----pid-1
---ebpf-pid----379067----pid-379067
---ebpf-pid----379067----pid-5476
---ebpf-pid----379067----pid-1
---ebpf-pid----5119----pid-5119
---ebpf-pid----5119----pid-3323
---ebpf-pid----5119----pid-1
---ebpf-pid----406335----pid-406335
---ebpf-pid----5705----pid-5476
---ebpf-pid----5705----pid-1
---ebpf-pid----5705----pid-5705
---ebpf-pid----5705----pid-5476
---ebpf-pid----5705----pid-1
---ebpf-pid----5705----pid-5705
---ebpf-pid----5705----pid-5476
---ebpf-pid----5705----pid-1
---ebpf-pid----5705----pid-5705
---ebpf-pid----5705----pid-5476
---ebpf-pid----5705----pid-1
---ebpf-pid----5705----pid-5705
---ebpf-pid----5705----pid-5476
---ebpf-pid----5705----pid-1
---ebpf-pid----5705----pid-5705
---ebpf-pid----5705----pid-5476
---ebpf-pid----5705----pid-1
---ebpf-pid----5705----pid-5705
---ebpf-pid----5705----pid-5476
---ebpf-pid----5705----pid-1
---ebpf-pid----5705----pid-5705
---ebpf-pid----5705----pid-5476
---ebpf-pid----5705----pid-1
---ebpf-pid----5705----pid-5705
---ebpf-pid----5705----pid-5476
---ebpf-pid----5705----pid-1
---ebpf-pid----5705----pid-5705
---ebpf-pid----5705----pid-5476
---ebpf-pid----5705----pid-1
---ebpf-pid----5705----pid-5705
---ebpf-pid----5705----pid-5476
---ebpf-pid----5705----pid-1
---ebpf-pid----5705----pid-5705
---ebpf-pid----5705----pid-5476
---ebpf-pid----5705----pid-1
---ebpf-pid----5705----pid-5705
---ebpf-pid----5705----pid-5476
---ebpf-pid----5705----pid-1
---ebpf-pid----5705----pid-5705
---ebpf-pid----5705----pid-5476
---ebpf-pid----5705----pid-1
---ebpf-pid----5705----pid-5705
---ebpf-pid----5705----pid-5476
---ebpf-pid----5705----pid-1
---ebpf-pid----5705----pid-5705
---ebpf-pid----5705----pid-5476
---ebpf-pid----5705----pid-1
---ebpf-pid----5705----pid-5705
---ebpf-pid----5705----pid-5476
---ebpf-pid----5705----pid-1
---ebpf-pid----5705----pid-5705
---ebpf-pid----5705----pid-5476
---ebpf-pid----5705----pid-1
---ebpf-pid----5705----pid-5705
---ebpf-pid----5705----pid-5476
---ebpf-pid----5705----pid-1
---ebpf-pid----5705----pid-5705
---ebpf-pid----5705----pid-5476
---ebpf-pid----5705----pid-1
---ebpf-pid----379067----pid-379067
---ebpf-pid----379067----pid-5476
---ebpf-pid----379067----pid-1
---ebpf-pid----379067----pid-379067
---ebpf-pid----379067----pid-5476
---ebpf-pid----379067----pid-1
---ebpf-pid----379067----pid-379067
---ebpf-pid----379067----pid-5476
---ebpf-pid----379067----pid-1
---ebpf-pid----406335----pid-406335
---ebpf-pid----406335----pid-3323
---ebpf-pid----406335----pid-1
---ebpf-pid----4716----pid-4716
---ebpf-pid----2029----pid-1
---ebpf-pid----2029----pid-2029
---ebpf-pid----2029----pid-1
---ebpf-pid----2029----pid-2029
---ebpf-pid----406335----pid-3323
---ebpf-pid----2029----pid-1
---ebpf-pid----2029----pid-2029
---ebpf-pid----406335----pid-1
---ebpf-pid----406335----pid-406335
---ebpf-pid----2029----pid-1
---ebpf-pid----2029----pid-2029
---ebpf-pid----406335----pid-3323
---ebpf-pid----2029----pid-1
---ebpf-pid----406335----pid-1
---ebpf-pid----2029----pid-2029
---ebpf-pid----406335----pid-406335
---ebpf-pid----2029----pid-1
---ebpf-pid----406335----pid-3323
---ebpf-pid----2029----pid-2029
---ebpf-pid----2029----pid-1
---ebpf-pid----406335----pid-1
---ebpf-pid----2029----pid-2029
---ebpf-pid----406335----pid-406335
---ebpf-pid----2029----pid-1
---ebpf-pid----406335----pid-3323
---ebpf-pid----2029----pid-2029
---ebpf-pid----406335----pid-1
---ebpf-pid----2029----pid-1
---ebpf-pid----2088----pid-2088
---ebpf-pid----2029----pid-2029
---ebpf-pid----2029----pid-1
---ebpf-pid----2088----pid-1
---ebpf-pid----2029----pid-2029
---ebpf-pid----2088----pid-2088
---ebpf-pid----2029----pid-1
---ebpf-pid----2088----pid-1
---ebpf-pid----2029----pid-2029
---ebpf-pid----2088----pid-2088
---ebpf-pid----2029----pid-1
---ebpf-pid----2088----pid-1
---ebpf-pid----2029----pid-2029
---ebpf-pid----2088----pid-2088
---ebpf-pid----2029----pid-1
---ebpf-pid----2088----pid-1
---ebpf-pid----2029----pid-2029
---ebpf-pid----2088----pid-2088
---ebpf-pid----2029----pid-1
---ebpf-pid----2029----pid-2029
---ebpf-pid----2088----pid-1
---ebpf-pid----2029----pid-1
---ebpf-pid----2088----pid-2088
---ebpf-pid----2029----pid-2029
---ebpf-pid----2088----pid-1
---ebpf-pid----2029----pid-1
---ebpf-pid----2088----pid-2088
---ebpf-pid----2029----pid-2029
---ebpf-pid----2088----pid-1
---ebpf-pid----2029----pid-1
---ebpf-pid----2029----pid-2029
---ebpf-pid----2088----pid-2088
---ebpf-pid----2029----pid-1
---ebpf-pid----2088----pid-1
---ebpf-pid----2029----pid-2029
---ebpf-pid----2088----pid-2088
---ebpf-pid----2029----pid-1
---ebpf-pid----2088----pid-1
---ebpf-pid----2029----pid-2029
---ebpf-pid----2088----pid-2088
---ebpf-pid----2029----pid-1
---ebpf-pid----2088----pid-1
---ebpf-pid----2029----pid-2029
---ebpf-pid----2088----pid-2088
---ebpf-pid----2029----pid-1
---ebpf-pid----2088----pid-1
---ebpf-pid----2029----pid-2029
---ebpf-pid----2088----pid-2088
---ebpf-pid----2029----pid-1
---ebpf-pid----2029----pid-2029
---ebpf-pid----2088----pid-1
---ebpf-pid----2088----pid-2088
---ebpf-pid----2029----pid-1
---ebpf-pid----2088----pid-1
---ebpf-pid----6671----pid-6671
---ebpf-pid----2088----pid-2088
---ebpf-pid----6671----pid-5476
---ebpf-pid----2088----pid-1
---ebpf-pid----2088----pid-2088
---ebpf-pid----6671----pid-1
---ebpf-pid----6671----pid-6671
---ebpf-pid----2088----pid-1
---ebpf-pid----2088----pid-2088
---ebpf-pid----6671----pid-5476
---ebpf-pid----2088----pid-1
---ebpf-pid----6671----pid-1
---ebpf-pid----2088----pid-2088
---ebpf-pid----6671----pid-6671
---ebpf-pid----2088----pid-1
---ebpf-pid----6671----pid-5476
---ebpf-pid----2088----pid-2088
---ebpf-pid----6671----pid-1
---ebpf-pid----2088----pid-1
---ebpf-pid----6671----pid-6671
---ebpf-pid----2088----pid-2088
---ebpf-pid----6671----pid-5476
---ebpf-pid----2088----pid-1
---ebpf-pid----2088----pid-2088
---ebpf-pid----6671----pid-1
---ebpf-pid----6671----pid-6671
---ebpf-pid----2088----pid-1
---ebpf-pid----2088----pid-2088
---ebpf-pid----2088----pid-1
---ebpf-pid----2088----pid-2088
---ebpf-pid----2088----pid-1
---ebpf-pid----2088----pid-2088
---ebpf-pid----2088----pid-1
---ebpf-pid----2088----pid-2088
---ebpf-pid----2088----pid-1
---ebpf-pid----2088----pid-2088
---ebpf-pid----2088----pid-1
---ebpf-pid----2088----pid-2088
---ebpf-pid----2088----pid-1
---ebpf-pid----2088----pid-2088
---ebpf-pid----2088----pid-1
---ebpf-pid----2088----pid-2088
---ebpf-pid----4716----pid-3323
---ebpf-pid----4716----pid-1
---ebpf-pid----5705----pid-5705
---ebpf-pid----5705----pid-5476
---ebpf-pid----5705----pid-1
---ebpf-pid----5705----pid-5705
---ebpf-pid----5705----pid-5476
---ebpf-pid----5705----pid-1
---ebpf-pid----5705----pid-5705
---ebpf-pid----5705----pid-5476
---ebpf-pid----5705----pid-1
---ebpf-pid----5705----pid-5705
---ebpf-pid----5705----pid-5476
---ebpf-pid----5705----pid-1
---ebpf-pid----5705----pid-5705
---ebpf-pid----5705----pid-5476
---ebpf-pid----5705----pid-1
---ebpf-pid----5705----pid-5705
---ebpf-pid----5705----pid-5476
---ebpf-pid----5705----pid-1
---ebpf-pid----5705----pid-5705
---ebpf-pid----5705----pid-5476
---ebpf-pid----5705----pid-1
---ebpf-pid----5705----pid-5705
---ebpf-pid----5705----pid-5476
---ebpf-pid----5705----pid-1
---ebpf-pid----5705----pid-5705
---ebpf-pid----5705----pid-5476
---ebpf-pid----5705----pid-1
---ebpf-pid----5705----pid-5705
---ebpf-pid----5705----pid-5476
---ebpf-pid----5705----pid-1
---ebpf-pid----5705----pid-5705
---ebpf-pid----5705----pid-5476
---ebpf-pid----5705----pid-1
---ebpf-pid----5705----pid-5705
---ebpf-pid----5705----pid-5476
---ebpf-pid----5705----pid-1
---ebpf-pid----5705----pid-5705
---ebpf-pid----6671----pid-5476
---ebpf-pid----5705----pid-5476
---ebpf-pid----6671----pid-1
---ebpf-pid----6671----pid-6671
---ebpf-pid----5705----pid-1
---ebpf-pid----5705----pid-5705
---ebpf-pid----6671----pid-5476
---ebpf-pid----5705----pid-5476
---ebpf-pid----6671----pid-1
---ebpf-pid----5705----pid-1
---ebpf-pid----6671----pid-6671
---ebpf-pid----5705----pid-5705
---ebpf-pid----6671----pid-5476
---ebpf-pid----5705----pid-5476
---ebpf-pid----6671----pid-1
---ebpf-pid----5705----pid-1
---ebpf-pid----6671----pid-6671
---ebpf-pid----5705----pid-5705
---ebpf-pid----6671----pid-5476
---ebpf-pid----5705----pid-5476
---ebpf-pid----6671----pid-1
---ebpf-pid----6671----pid-6671
---ebpf-pid----5705----pid-1
---ebpf-pid----5705----pid-5705
---ebpf-pid----6671----pid-5476
---ebpf-pid----5705----pid-5476
---ebpf-pid----6671----pid-1
---ebpf-pid----5705----pid-1
---ebpf-pid----6671----pid-6671
---ebpf-pid----5705----pid-5705
---ebpf-pid----6671----pid-5476
---ebpf-pid----5705----pid-5476
---ebpf-pid----6671----pid-1
---ebpf-pid----372881----pid-372881
---ebpf-pid----5705----pid-1
---ebpf-pid----5705----pid-5705
---ebpf-pid----372881----pid-1
---ebpf-pid----372881----pid-372881
---ebpf-pid----372881----pid-1
---ebpf-pid----372881----pid-372881
---ebpf-pid----372881----pid-1
---ebpf-pid----2088----pid-1
---ebpf-pid----372881----pid-372881
---ebpf-pid----2088----pid-2088
---ebpf-pid----2088----pid-1
---ebpf-pid----372881----pid-1
---ebpf-pid----2088----pid-2088
---ebpf-pid----6671----pid-6671
---ebpf-pid----2088----pid-1
---ebpf-pid----6671----pid-5476
---ebpf-pid----2088----pid-2088
---ebpf-pid----6671----pid-1
---ebpf-pid----2088----pid-1
---ebpf-pid----6671----pid-6671
---ebpf-pid----2088----pid-2088
---ebpf-pid----6671----pid-5476
---ebpf-pid----2088----pid-1
---ebpf-pid----2088----pid-2088
---ebpf-pid----6671----pid-1
---ebpf-pid----6671----pid-6671
---ebpf-pid----2088----pid-1
---ebpf-pid----2088----pid-2088
---ebpf-pid----6671----pid-5476
---ebpf-pid----2088----pid-1
---ebpf-pid----2088----pid-2088
---ebpf-pid----2088----pid-1
---ebpf-pid----2088----pid-2088
---ebpf-pid----2088----pid-1
---ebpf-pid----2088----pid-2088
---ebpf-pid----2088----pid-1
---ebpf-pid----2088----pid-2088
---ebpf-pid----2088----pid-1
---ebpf-pid----2088----pid-2088
---ebpf-pid----2088----pid-1
---ebpf-pid----2088----pid-2088
---ebpf-pid----2088----pid-1
---ebpf-pid----2088----pid-2088
---ebpf-pid----2088----pid-1
---ebpf-pid----2088----pid-2088
---ebpf-pid----2088----pid-1
---ebpf-pid----2088----pid-2088
---ebpf-pid----2088----pid-1
---ebpf-pid----2088----pid-2088
---ebpf-pid----2088----pid-1
---ebpf-pid----2088----pid-2088
---ebpf-pid----2088----pid-1
---ebpf-pid----2088----pid-2088
---ebpf-pid----2088----pid-1
---ebpf-pid----2088----pid-2088
---ebpf-pid----2088----pid-1
---ebpf-pid----2088----pid-2088
---ebpf-pid----2088----pid-1
---ebpf-pid----2088----pid-2088
---ebpf-pid----2088----pid-1
---ebpf-pid----2088----pid-2088
---ebpf-pid----2088----pid-1
---ebpf-pid----2088----pid-2088
---ebpf-pid----2088----pid-1
---ebpf-pid----2088----pid-2088
---ebpf-pid----2088----pid-1
---ebpf-pid----2088----pid-2088
---ebpf-pid----2088----pid-1
---ebpf-pid----2088----pid-2088
---ebpf-pid----2088----pid-1
---ebpf-pid----2088----pid-2088
---ebpf-pid----2088----pid-1
---ebpf-pid----2088----pid-2088
---ebpf-pid----2088----pid-1
---ebpf-pid----2088----pid-2088
---ebpf-pid----2088----pid-1
---ebpf-pid----2088----pid-2088
---ebpf-pid----2088----pid-1
---ebpf-pid----2088----pid-2088
---ebpf-pid----2088----pid-1
---ebpf-pid----2088----pid-2088
---ebpf-pid----2088----pid-1
---ebpf-pid----2088----pid-2088
---ebpf-pid----2088----pid-1
---ebpf-pid----2088----pid-2088
---ebpf-pid----2088----pid-1
---ebpf-pid----2088----pid-2088
---ebpf-pid----2088----pid-1
---ebpf-pid----2088----pid-2088
---ebpf-pid----2088----pid-1
---ebpf-pid----2088----pid-2088
---ebpf-pid----2088----pid-1
---ebpf-pid----2088----pid-2088
---ebpf-pid----2088----pid-1
---ebpf-pid----2088----pid-2088
---ebpf-pid----2088----pid-1
---ebpf-pid----2088----pid-2088
---ebpf-pid----2088----pid-1
---ebpf-pid----2088----pid-2088
---ebpf-pid----2088----pid-1
---ebpf-pid----2088----pid-2088
---ebpf-pid----2088----pid-1
---ebpf-pid----2088----pid-2088
---ebpf-pid----2088----pid-1
---ebpf-pid----2088----pid-2088
---ebpf-pid----2088----pid-1
---ebpf-pid----2088----pid-2088
---ebpf-pid----2088----pid-1
---ebpf-pid----2088----pid-2088
---ebpf-pid----2088----pid-1
---ebpf-pid----2088----pid-2088
---ebpf-pid----5705----pid-5476
---ebpf-pid----5705----pid-1
---ebpf-pid----5705----pid-5705
---ebpf-pid----5705----pid-5476
---ebpf-pid----5705----pid-1
---ebpf-pid----5705----pid-5705
---ebpf-pid----5705----pid-5476
---ebpf-pid----5705----pid-1
---ebpf-pid----448784----pid-448784
---ebpf-pid----448784----pid-448520
---ebpf-pid----448784----pid-1
---ebpf-pid----448784----pid-448784
---ebpf-pid----448784----pid-448520
---ebpf-pid----448784----pid-1
---ebpf-pid----5705----pid-5705
---ebpf-pid----5705----pid-5476
---ebpf-pid----5705----pid-1
---ebpf-pid----5705----pid-5705
---ebpf-pid----5705----pid-5476
---ebpf-pid----5705----pid-1
---ebpf-pid----5705----pid-5705
---ebpf-pid----6671----pid-1
---ebpf-pid----372881----pid-372881
---ebpf-pid----372881----pid-1
---ebpf-pid----372881----pid-372881
---ebpf-pid----372881----pid-1
---ebpf-pid----372881----pid-372881
---ebpf-pid----372881----pid-1
---ebpf-pid----372881----pid-372881
---ebpf-pid----372881----pid-1
---ebpf-pid----372881----pid-372881
---ebpf-pid----372881----pid-1
---ebpf-pid----372881----pid-372881
---ebpf-pid----372881----pid-1
---ebpf-pid----372881----pid-372881
---ebpf-pid----372881----pid-1
---ebpf-pid----372881----pid-372881
---ebpf-pid----372881----pid-1
---ebpf-pid----372881----pid-372881
---ebpf-pid----372881----pid-1
---ebpf-pid----372881----pid-372881
---ebpf-pid----372881----pid-1
---ebpf-pid----372881----pid-372881
---ebpf-pid----372881----pid-1
---ebpf-pid----372881----pid-372881
---ebpf-pid----372881----pid-1
---ebpf-pid----372881----pid-372881
---ebpf-pid----372881----pid-1
---ebpf-pid----372881----pid-372881
---ebpf-pid----372881----pid-1
---ebpf-pid----372881----pid-372881
---ebpf-pid----372881----pid-1
---ebpf-pid----372881----pid-372881
---ebpf-pid----372881----pid-1
---ebpf-pid----372881----pid-372881
---ebpf-pid----372881----pid-1
---ebpf-pid----372881----pid-372881
---ebpf-pid----372881----pid-1
---ebpf-pid----372881----pid-372881
---ebpf-pid----372881----pid-1
---ebpf-pid----372881----pid-372881
---ebpf-pid----372881----pid-1
---ebpf-pid----372881----pid-372881
---ebpf-pid----5705----pid-5476
---ebpf-pid----372881----pid-1
---ebpf-pid----372881----pid-372881
---ebpf-pid----5705----pid-1
---ebpf-pid----5705----pid-5705
---ebpf-pid----372881----pid-1
---ebpf-pid----372881----pid-372881
---ebpf-pid----5705----pid-5476
---ebpf-pid----372881----pid-1
---ebpf-pid----372881----pid-372881
---ebpf-pid----5705----pid-1
---ebpf-pid----4716----pid-4716
---ebpf-pid----372881----pid-1
---ebpf-pid----372881----pid-372881
---ebpf-pid----4716----pid-3323
---ebpf-pid----372881----pid-1
---ebpf-pid----372881----pid-372881
---ebpf-pid----4716----pid-1
---ebpf-pid----4716----pid-4716
---ebpf-pid----372881----pid-1
---ebpf-pid----372881----pid-372881
---ebpf-pid----4716----pid-3323
---ebpf-pid----4716----pid-1
---ebpf-pid----5705----pid-5705
---ebpf-pid----5705----pid-5476
---ebpf-pid----5705----pid-1
---ebpf-pid----372881----pid-1
---ebpf-pid----372881----pid-372881
---ebpf-pid----372881----pid-1
---ebpf-pid----372881----pid-372881
---ebpf-pid----372881----pid-1
---ebpf-pid----372881----pid-372881
---ebpf-pid----372881----pid-1
---ebpf-pid----372881----pid-372881
---ebpf-pid----372881----pid-1
---ebpf-pid----2089----pid-2089
---ebpf-pid----2089----pid-1
---ebpf-pid----2089----pid-2089
---ebpf-pid----2089----pid-1
---ebpf-pid----2089----pid-2089
---ebpf-pid----2089----pid-1
---ebpf-pid----2089----pid-2089
---ebpf-pid----2089----pid-1
---ebpf-pid----2089----pid-2089
---ebpf-pid----2089----pid-1
---ebpf-pid----2089----pid-2089
---ebpf-pid----2089----pid-1
---ebpf-pid----2089----pid-2089
---ebpf-pid----2089----pid-1
---ebpf-pid----2089----pid-2089
---ebpf-pid----2089----pid-1
---ebpf-pid----2089----pid-2089
---ebpf-pid----5705----pid-5705
---ebpf-pid----2089----pid-1
---ebpf-pid----2089----pid-2089
---ebpf-pid----5705----pid-5476
---ebpf-pid----2089----pid-1
---ebpf-pid----5705----pid-1
---ebpf-pid----2089----pid-2089
---ebpf-pid----448784----pid-448784
---ebpf-pid----2089----pid-1
---ebpf-pid----448784----pid-448520
---ebpf-pid----2089----pid-2089
---ebpf-pid----448784----pid-1
---ebpf-pid----2089----pid-1
---ebpf-pid----4716----pid-4716
---ebpf-pid----4716----pid-3323
---ebpf-pid----2089----pid-2089
---ebpf-pid----4716----pid-1
---ebpf-pid----448785----pid-448785
---ebpf-pid----2089----pid-1
---ebpf-pid----448785----pid-448520
---ebpf-pid----2089----pid-2089
---ebpf-pid----448785----pid-1
---ebpf-pid----448785----pid-448785
---ebpf-pid----2089----pid-1
---ebpf-pid----448785----pid-448520
---ebpf-pid----2089----pid-2089
---ebpf-pid----448785----pid-1
---ebpf-pid----448785----pid-448785
---ebpf-pid----2089----pid-1
---ebpf-pid----448785----pid-448520
---ebpf-pid----2089----pid-2089
---ebpf-pid----448785----pid-1
---ebpf-pid----4716----pid-4716
---ebpf-pid----2089----pid-1
---ebpf-pid----4716----pid-3323
---ebpf-pid----2089----pid-2089
---ebpf-pid----4716----pid-1
---ebpf-pid----5108----pid-5108
---ebpf-pid----2089----pid-1
---ebpf-pid----2089----pid-2089
---ebpf-pid----2089----pid-1
---ebpf-pid----2089----pid-2089
---ebpf-pid----2088----pid-1
---ebpf-pid----2089----pid-1
---ebpf-pid----5108----pid-3323
---ebpf-pid----2089----pid-2089
---ebpf-pid----5108----pid-1
---ebpf-pid----5108----pid-5108
---ebpf-pid----2089----pid-1
---ebpf-pid----5108----pid-3323
---ebpf-pid----2089----pid-2089
---ebpf-pid----5108----pid-1
---ebpf-pid----5108----pid-5108
---ebpf-pid----2089----pid-1
---ebpf-pid----5108----pid-3323
---ebpf-pid----2089----pid-2089
---ebpf-pid----5108----pid-1
---ebpf-pid----5108----pid-5108
---ebpf-pid----5108----pid-3323
---ebpf-pid----2089----pid-1
---ebpf-pid----2089----pid-2089
---ebpf-pid----2089----pid-1
---ebpf-pid----2089----pid-2089
---ebpf-pid----2089----pid-1
---ebpf-pid----2089----pid-2089
---ebpf-pid----2089----pid-1
---ebpf-pid----2089----pid-2089
---ebpf-pid----2089----pid-1
---ebpf-pid----2089----pid-2089
---ebpf-pid----2089----pid-1
---ebpf-pid----2089----pid-2089
---ebpf-pid----2089----pid-1
---ebpf-pid----2089----pid-2089
---ebpf-pid----2089----pid-1
---ebpf-pid----2089----pid-2089
---ebpf-pid----2089----pid-1
---ebpf-pid----2089----pid-2089
---ebpf-pid----2089----pid-1
---ebpf-pid----2089----pid-2089
---ebpf-pid----2089----pid-1
---ebpf-pid----2089----pid-2089
---ebpf-pid----2089----pid-1
---ebpf-pid----2089----pid-2089
---ebpf-pid----2089----pid-1
---ebpf-pid----2089----pid-2089
---ebpf-pid----2089----pid-1
---ebpf-pid----2089----pid-2089
---ebpf-pid----2089----pid-1
---ebpf-pid----2089----pid-2089
---ebpf-pid----2089----pid-1
---ebpf-pid----2089----pid-2089
---ebpf-pid----2089----pid-1
---ebpf-pid----2089----pid-2089
---ebpf-pid----2089----pid-1
---ebpf-pid----2089----pid-2089
---ebpf-pid----2089----pid-1
---ebpf-pid----2089----pid-2089
---ebpf-pid----2089----pid-1
---ebpf-pid----2089----pid-2089
---ebpf-pid----2089----pid-1
---ebpf-pid----2089----pid-2089
---ebpf-pid----2089----pid-1
---ebpf-pid----2089----pid-2089
---ebpf-pid----2089----pid-1
---ebpf-pid----2089----pid-2089
---ebpf-pid----2089----pid-1
---ebpf-pid----2089----pid-2089
---ebpf-pid----2089----pid-1
---ebpf-pid----2089----pid-2089
---ebpf-pid----2089----pid-1
---ebpf-pid----2089----pid-2089
---ebpf-pid----2088----pid-2088
---ebpf-pid----2089----pid-1
---ebpf-pid----5705----pid-5705
---ebpf-pid----5705----pid-5476
---ebpf-pid----5705----pid-1
---ebpf-pid----5705----pid-5705
---ebpf-pid----5705----pid-5476
---ebpf-pid----5705----pid-1
---ebpf-pid----5705----pid-5705
---ebpf-pid----5705----pid-5476
---ebpf-pid----5705----pid-1
---ebpf-pid----5705----pid-5705
---ebpf-pid----5705----pid-5476
---ebpf-pid----5705----pid-1
---ebpf-pid----5705----pid-5705
---ebpf-pid----5705----pid-5476
---ebpf-pid----5705----pid-1
---ebpf-pid----5705----pid-5705
---ebpf-pid----5705----pid-5476
---ebpf-pid----5705----pid-1
---ebpf-pid----5705----pid-5705
---ebpf-pid----5705----pid-5476
---ebpf-pid----5705----pid-1
---ebpf-pid----5705----pid-5705
---ebpf-pid----5705----pid-5476
---ebpf-pid----5705----pid-1
---ebpf-pid----5705----pid-5705
---ebpf-pid----5705----pid-5476
---ebpf-pid----5705----pid-1
---ebpf-pid----5705----pid-5705
---ebpf-pid----5705----pid-5476
---ebpf-pid----5705----pid-1
---ebpf-pid----5705----pid-5705
---ebpf-pid----5705----pid-5476
---ebpf-pid----5705----pid-1
---ebpf-pid----5705----pid-5705
---ebpf-pid----5705----pid-5476
---ebpf-pid----5705----pid-1
---ebpf-pid----5705----pid-5705
---ebpf-pid----5705----pid-5476
---ebpf-pid----2089----pid-2089
---ebpf-pid----5705----pid-1
---ebpf-pid----2089----pid-1
---ebpf-pid----5705----pid-5705
---ebpf-pid----2089----pid-2089
---ebpf-pid----5705----pid-5476
---ebpf-pid----2089----pid-1
---ebpf-pid----2089----pid-2089
---ebpf-pid----5705----pid-1
---ebpf-pid----5705----pid-5705
---ebpf-pid----2089----pid-1
---ebpf-pid----2089----pid-2089
---ebpf-pid----5705----pid-5476
---ebpf-pid----5705----pid-1
---ebpf-pid----2089----pid-1
---ebpf-pid----5705----pid-5705
---ebpf-pid----2089----pid-2089
---ebpf-pid----2089----pid-1
---ebpf-pid----2089----pid-2089
---ebpf-pid----5705----pid-5476
---ebpf-pid----2089----pid-1
---ebpf-pid----2089----pid-2089
---ebpf-pid----2089----pid-1
---ebpf-pid----5705----pid-1
---ebpf-pid----2089----pid-2089
---ebpf-pid----5705----pid-5705
---ebpf-pid----2089----pid-1
---ebpf-pid----2089----pid-2089
---ebpf-pid----5705----pid-5476
---ebpf-pid----5108----pid-1
---ebpf-pid----5705----pid-1
---ebpf-pid----2094----pid-2094
---ebpf-pid----2094----pid-1
---ebpf-pid----2094----pid-2094
---ebpf-pid----2094----pid-1
---ebpf-pid----5705----pid-5705
---ebpf-pid----5108----pid-5108
---ebpf-pid----5705----pid-5476
---ebpf-pid----5705----pid-1
---ebpf-pid----5705----pid-5705
---ebpf-pid----5108----pid-3323
---ebpf-pid----5705----pid-5476
---ebpf-pid----5108----pid-1
---ebpf-pid----5705----pid-1
---ebpf-pid----5705----pid-5705
---ebpf-pid----5705----pid-5476
---ebpf-pid----5705----pid-1
---ebpf-pid----5705----pid-5705
---ebpf-pid----5705----pid-5476
---ebpf-pid----5705----pid-1
---ebpf-pid----5705----pid-5705
---ebpf-pid----5705----pid-5476
---ebpf-pid----5705----pid-1
---ebpf-pid----5705----pid-5705
---ebpf-pid----5705----pid-5476
---ebpf-pid----5705----pid-1
---ebpf-pid----5705----pid-5705
---ebpf-pid----5705----pid-5476
---ebpf-pid----5705----pid-1
---ebpf-pid----5705----pid-5705
---ebpf-pid----5705----pid-5476
---ebpf-pid----5705----pid-1
---ebpf-pid----5705----pid-5705
---ebpf-pid----5705----pid-5476
---ebpf-pid----5705----pid-1
---ebpf-pid----5705----pid-5705
---ebpf-pid----5705----pid-5476
---ebpf-pid----5705----pid-1
---ebpf-pid----5705----pid-5705
---ebpf-pid----5705----pid-5476
---ebpf-pid----5705----pid-1
---ebpf-pid----5705----pid-5705
---ebpf-pid----5705----pid-5476
---ebpf-pid----5705----pid-1
---ebpf-pid----2094----pid-2094
---ebpf-pid----2088----pid-1
---ebpf-pid----2088----pid-2088
---ebpf-pid----2088----pid-1
---ebpf-pid----2088----pid-2088
---ebpf-pid----2088----pid-1
---ebpf-pid----2088----pid-2088
---ebpf-pid----2088----pid-1
---ebpf-pid----2088----pid-2088
---ebpf-pid----2088----pid-1
---ebpf-pid----2088----pid-2088
---ebpf-pid----2088----pid-1
---ebpf-pid----2088----pid-2088
---ebpf-pid----2088----pid-1
---ebpf-pid----2088----pid-2088
---ebpf-pid----2088----pid-1
---ebpf-pid----5108----pid-5108
---ebpf-pid----2088----pid-2088
---ebpf-pid----2088----pid-1
---ebpf-pid----2088----pid-2088
---ebpf-pid----2088----pid-1
---ebpf-pid----2088----pid-2088
---ebpf-pid----2088----pid-1
---ebpf-pid----2088----pid-2088
---ebpf-pid----2088----pid-1
---ebpf-pid----5108----pid-3323
---ebpf-pid----2088----pid-2088
---ebpf-pid----5108----pid-1
---ebpf-pid----2088----pid-1
---ebpf-pid----5108----pid-5108
---ebpf-pid----2088----pid-2088
---ebpf-pid----2088----pid-1
---ebpf-pid----2088----pid-2088
---ebpf-pid----2088----pid-1
---ebpf-pid----2088----pid-2088
---ebpf-pid----2088----pid-1
---ebpf-pid----379067----pid-379067
---ebpf-pid----379067----pid-5476
---ebpf-pid----379067----pid-1
---ebpf-pid----379067----pid-379067
---ebpf-pid----379067----pid-5476
---ebpf-pid----379067----pid-1
---ebpf-pid----379067----pid-379067
---ebpf-pid----5108----pid-3323
---ebpf-pid----379067----pid-5476
---ebpf-pid----5108----pid-1
---ebpf-pid----379067----pid-1
---ebpf-pid----379067----pid-379067
---ebpf-pid----5108----pid-5108
---ebpf-pid----379067----pid-5476
---ebpf-pid----5108----pid-3323
---ebpf-pid----379067----pid-1
---ebpf-pid----379067----pid-379067
---ebpf-pid----379067----pid-5476
---ebpf-pid----5108----pid-1
---ebpf-pid----379067----pid-1
---ebpf-pid----448785----pid-448785
---ebpf-pid----379067----pid-379067
---ebpf-pid----379067----pid-5476
---ebpf-pid----379067----pid-1
---ebpf-pid----2088----pid-2088
---ebpf-pid----2089----pid-1
---ebpf-pid----2088----pid-1
---ebpf-pid----2089----pid-2089
---ebpf-pid----2088----pid-2088
---ebpf-pid----2088----pid-1
---ebpf-pid----2089----pid-1
---ebpf-pid----376651----pid-376651
---ebpf-pid----2089----pid-2089
---ebpf-pid----376651----pid-3323
---ebpf-pid----2089----pid-1
---ebpf-pid----2089----pid-2089
---ebpf-pid----376651----pid-1
---ebpf-pid----376651----pid-376651
---ebpf-pid----448785----pid-448520
---ebpf-pid----376651----pid-3323
---ebpf-pid----376651----pid-1
---ebpf-pid----376651----pid-376651
---ebpf-pid----448785----pid-1
---ebpf-pid----5109----pid-5109
---ebpf-pid----5109----pid-3323
---ebpf-pid----5109----pid-1
---ebpf-pid----5109----pid-5109
---ebpf-pid----2089----pid-1
---ebpf-pid----2089----pid-2089
---ebpf-pid----2094----pid-1
---ebpf-pid----2094----pid-2094
---ebpf-pid----2094----pid-1
---ebpf-pid----2094----pid-2094
---ebpf-pid----2094----pid-1
---ebpf-pid----2094----pid-2094
---ebpf-pid----2094----pid-1
---ebpf-pid----2094----pid-2094
---ebpf-pid----2094----pid-1
---ebpf-pid----2094----pid-2094
---ebpf-pid----2094----pid-1
---ebpf-pid----376651----pid-3323
---ebpf-pid----376651----pid-1
---ebpf-pid----376651----pid-376651
---ebpf-pid----2089----pid-1
---ebpf-pid----2089----pid-2089
---ebpf-pid----2089----pid-1
---ebpf-pid----2089----pid-2089
---ebpf-pid----2089----pid-1
---ebpf-pid----2089----pid-2089
---ebpf-pid----376651----pid-3323
---ebpf-pid----2094----pid-2094
---ebpf-pid----2094----pid-1
---ebpf-pid----376651----pid-1
---ebpf-pid----2094----pid-2094
---ebpf-pid----376651----pid-376651
---ebpf-pid----2094----pid-1
---ebpf-pid----5109----pid-3323
---ebpf-pid----376651----pid-3323
---ebpf-pid----2094----pid-2094
---ebpf-pid----376651----pid-1
---ebpf-pid----376651----pid-376651
---ebpf-pid----376651----pid-3323
---ebpf-pid----376651----pid-1
---ebpf-pid----376651----pid-376651
---ebpf-pid----376651----pid-3323
---ebpf-pid----376651----pid-1
---ebpf-pid----376651----pid-376651
---ebpf-pid----376651----pid-3323
---ebpf-pid----376651----pid-1
---ebpf-pid----376651----pid-376651
---ebpf-pid----376651----pid-3323
---ebpf-pid----2089----pid-1
---ebpf-pid----2094----pid-1
---ebpf-pid----2094----pid-2094
---ebpf-pid----5109----pid-1
---ebpf-pid----5109----pid-5109
---ebpf-pid----2089----pid-2089
---ebpf-pid----2089----pid-1
---ebpf-pid----2089----pid-2089
---ebpf-pid----2089----pid-1
---ebpf-pid----2089----pid-2089
---ebpf-pid----2089----pid-1
---ebpf-pid----2089----pid-2089
---ebpf-pid----2089----pid-1
---ebpf-pid----2089----pid-2089
---ebpf-pid----2089----pid-1
---ebpf-pid----2094----pid-1
---ebpf-pid----2094----pid-2094
---ebpf-pid----2094----pid-1
---ebpf-pid----2094----pid-2094
---ebpf-pid----5109----pid-3323
---ebpf-pid----5109----pid-1
---ebpf-pid----5109----pid-5109
---ebpf-pid----2094----pid-1
---ebpf-pid----2094----pid-2094
---ebpf-pid----2094----pid-1
---ebpf-pid----2094----pid-2094
---ebpf-pid----2094----pid-1
---ebpf-pid----2094----pid-2094
---ebpf-pid----2094----pid-1
---ebpf-pid----2094----pid-2094
---ebpf-pid----2094----pid-1
---ebpf-pid----2094----pid-2094
---ebpf-pid----2094----pid-1
---ebpf-pid----2094----pid-2094
---ebpf-pid----2094----pid-1
---ebpf-pid----2094----pid-2094
---ebpf-pid----2094----pid-1
---ebpf-pid----2094----pid-2094
---ebpf-pid----2094----pid-1
---ebpf-pid----2094----pid-2094
---ebpf-pid----2094----pid-1
---ebpf-pid----2094----pid-2094
---ebpf-pid----2094----pid-1
---ebpf-pid----2094----pid-2094
---ebpf-pid----2089----pid-2089
---ebpf-pid----2089----pid-1
---ebpf-pid----2089----pid-2089
---ebpf-pid----5109----pid-3323
---ebpf-pid----5109----pid-1
---ebpf-pid----14----pid-14
---ebpf-pid----14----pid-2
---ebpf-pid----5109----pid-5109
---ebpf-pid----5109----pid-3323
---ebpf-pid----5109----pid-1
---ebpf-pid----5109----pid-5109
---ebpf-pid----5109----pid-3323
---ebpf-pid----5109----pid-1
---ebpf-pid----5109----pid-5109
---ebpf-pid----5109----pid-3323
---ebpf-pid----5109----pid-1
---ebpf-pid----5109----pid-5109
---ebpf-pid----5109----pid-3323
---ebpf-pid----5109----pid-1
---ebpf-pid----5109----pid-5109
---ebpf-pid----5109----pid-3323
---ebpf-pid----5109----pid-1
---ebpf-pid----5109----pid-5109
---ebpf-pid----5109----pid-3323
---ebpf-pid----5109----pid-1
---ebpf-pid----5109----pid-5109
---ebpf-pid----5109----pid-3323
---ebpf-pid----5109----pid-1
---ebpf-pid----5109----pid-5109
---ebpf-pid----5109----pid-3323
---ebpf-pid----5109----pid-1
---ebpf-pid----5109----pid-5109
---ebpf-pid----5109----pid-3323
---ebpf-pid----5109----pid-1
---ebpf-pid----5109----pid-5109
---ebpf-pid----5109----pid-3323
---ebpf-pid----5109----pid-1
---ebpf-pid----5109----pid-5109
---ebpf-pid----5109----pid-3323
---ebpf-pid----5109----pid-1
---ebpf-pid----5109----pid-5109
---ebpf-pid----5109----pid-3323
---ebpf-pid----5109----pid-1
---ebpf-pid----5109----pid-5109
---ebpf-pid----5109----pid-3323
---ebpf-pid----5109----pid-1
---ebpf-pid----5109----pid-5109
---ebpf-pid----5109----pid-3323
---ebpf-pid----5109----pid-1
---ebpf-pid----5109----pid-5109
---ebpf-pid----5109----pid-3323
---ebpf-pid----5109----pid-1
---ebpf-pid----5707----pid-5707
---ebpf-pid----5707----pid-5476
---ebpf-pid----5707----pid-1
---ebpf-pid----5707----pid-5707
---ebpf-pid----5707----pid-5476
---ebpf-pid----5707----pid-1
---ebpf-pid----5109----pid-5109
---ebpf-pid----5109----pid-3323
---ebpf-pid----5109----pid-1
---ebpf-pid----5109----pid-5109
---ebpf-pid----5109----pid-3323
---ebpf-pid----5109----pid-1
---ebpf-pid----5109----pid-5109
---ebpf-pid----5109----pid-3323
---ebpf-pid----5109----pid-1
---ebpf-pid----5109----pid-5109
---ebpf-pid----5109----pid-3323
---ebpf-pid----5109----pid-1
---ebpf-pid----5109----pid-5109
---ebpf-pid----5109----pid-3323
---ebpf-pid----5109----pid-1
---ebpf-pid----5109----pid-5109
---ebpf-pid----5109----pid-3323
---ebpf-pid----5109----pid-1
---ebpf-pid----5109----pid-5109
---ebpf-pid----5109----pid-3323
---ebpf-pid----5109----pid-1
---ebpf-pid----5109----pid-5109
---ebpf-pid----5109----pid-3323
---ebpf-pid----5109----pid-1
---ebpf-pid----5109----pid-5109
---ebpf-pid----5109----pid-3323
---ebpf-pid----5109----pid-1
---ebpf-pid----6671----pid-6671
---ebpf-pid----6671----pid-5476
---ebpf-pid----6671----pid-1
---ebpf-pid----6671----pid-6671
---ebpf-pid----6671----pid-5476
---ebpf-pid----6671----pid-1
---ebpf-pid----6671----pid-6671
---ebpf-pid----6671----pid-5476
---ebpf-pid----6671----pid-1
---ebpf-pid----6671----pid-6671
---ebpf-pid----6671----pid-5476
---ebpf-pid----6671----pid-1
---ebpf-pid----6671----pid-6671
---ebpf-pid----6671----pid-5476
---ebpf-pid----6671----pid-1
---ebpf-pid----448782----pid-448782
---ebpf-pid----448782----pid-448520
---ebpf-pid----448782----pid-1
---ebpf-pid----5108----pid-5108
---ebpf-pid----5108----pid-3323
---ebpf-pid----5108----pid-1
---ebpf-pid----6671----pid-6671
---ebpf-pid----6671----pid-5476
---ebpf-pid----6671----pid-1
---ebpf-pid----6671----pid-6671
---ebpf-pid----6671----pid-5476
---ebpf-pid----6671----pid-1
---ebpf-pid----5705----pid-5705
---ebpf-pid----5705----pid-5476
---ebpf-pid----5705----pid-1
---ebpf-pid----5705----pid-5705
---ebpf-pid----5705----pid-5476
---ebpf-pid----5705----pid-1
---ebpf-pid----5705----pid-5705
---ebpf-pid----5705----pid-5476
---ebpf-pid----5705----pid-1
---ebpf-pid----5705----pid-5705
---ebpf-pid----5705----pid-5476
---ebpf-pid----5705----pid-1
---ebpf-pid----448782----pid-448782
---ebpf-pid----448782----pid-448520
---ebpf-pid----448782----pid-1
---ebpf-pid----448782----pid-448782
---ebpf-pid----448782----pid-448520
---ebpf-pid----448782----pid-1
---ebpf-pid----448782----pid-448782
---ebpf-pid----448782----pid-448520
---ebpf-pid----448782----pid-1
---ebpf-pid----448782----pid-448782
---ebpf-pid----448782----pid-448520
---ebpf-pid----448782----pid-1
---ebpf-pid----448782----pid-448782
---ebpf-pid----448782----pid-448520
---ebpf-pid----448782----pid-1
---ebpf-pid----448785----pid-448785
---ebpf-pid----448785----pid-448520
---ebpf-pid----448785----pid-1
---ebpf-pid----448785----pid-448785
---ebpf-pid----2089----pid-1
---ebpf-pid----448785----pid-448520
---ebpf-pid----5705----pid-5705
---ebpf-pid----448785----pid-1
---ebpf-pid----448782----pid-448782
---ebpf-pid----5705----pid-5476
---ebpf-pid----448782----pid-448520
---ebpf-pid----5705----pid-1
---ebpf-pid----5705----pid-5705
---ebpf-pid----448782----pid-1
---ebpf-pid----448785----pid-448785
---ebpf-pid----5705----pid-5476
---ebpf-pid----448785----pid-448520
---ebpf-pid----5705----pid-1
---ebpf-pid----5705----pid-5705
---ebpf-pid----5705----pid-5476
---ebpf-pid----5705----pid-1
---ebpf-pid----5705----pid-5705
---ebpf-pid----5705----pid-5476
---ebpf-pid----5705----pid-1
---ebpf-pid----5705----pid-5705
---ebpf-pid----5705----pid-5476
---ebpf-pid----5705----pid-1
---ebpf-pid----2029----pid-2029
---ebpf-pid----2029----pid-1
---ebpf-pid----2029----pid-2029
---ebpf-pid----2029----pid-1
---ebpf-pid----2029----pid-2029
---ebpf-pid----2029----pid-1
---ebpf-pid----2029----pid-2029
---ebpf-pid----2029----pid-1
---ebpf-pid----2029----pid-2029
---ebpf-pid----2029----pid-1
---ebpf-pid----2029----pid-2029
---ebpf-pid----2029----pid-1
---ebpf-pid----448785----pid-1
---ebpf-pid----2029----pid-2029
---ebpf-pid----448785----pid-448785
---ebpf-pid----2029----pid-1
---ebpf-pid----448785----pid-448520
---ebpf-pid----2029----pid-2029
---ebpf-pid----448785----pid-1
---ebpf-pid----448785----pid-448785
---ebpf-pid----2029----pid-1
---ebpf-pid----2029----pid-2029
---ebpf-pid----448785----pid-448520
---ebpf-pid----2029----pid-1
---ebpf-pid----448785----pid-1
---ebpf-pid----2029----pid-2029
---ebpf-pid----5705----pid-5705
---ebpf-pid----376651----pid-1
---ebpf-pid----5108----pid-5108
---ebpf-pid----5108----pid-3323
---ebpf-pid----5705----pid-5476
---ebpf-pid----5108----pid-1
---ebpf-pid----5705----pid-1
---ebpf-pid----5108----pid-5108
---ebpf-pid----5705----pid-5705
---ebpf-pid----5705----pid-5476
---ebpf-pid----5108----pid-3323
---ebpf-pid----5705----pid-1
---ebpf-pid----5108----pid-1
---ebpf-pid----379067----pid-379067
---ebpf-pid----5109----pid-5109
---ebpf-pid----379067----pid-5476
---ebpf-pid----5109----pid-3323
---ebpf-pid----379067----pid-1
---ebpf-pid----5109----pid-1
---ebpf-pid----379067----pid-379067
---ebpf-pid----5109----pid-5109
---ebpf-pid----379067----pid-5476
---ebpf-pid----5109----pid-3323
---ebpf-pid----379067----pid-1
---ebpf-pid----5109----pid-1
---ebpf-pid----5705----pid-5705
---ebpf-pid----5108----pid-5108
---ebpf-pid----5108----pid-3323
---ebpf-pid----5705----pid-5476
---ebpf-pid----5108----pid-1
---ebpf-pid----5705----pid-1
---ebpf-pid----5108----pid-5108
---ebpf-pid----5108----pid-3323
---ebpf-pid----5108----pid-1
---ebpf-pid----5108----pid-5108
---ebpf-pid----5108----pid-3323
---ebpf-pid----5108----pid-1
---ebpf-pid----5108----pid-5108
---ebpf-pid----5108----pid-3323
---ebpf-pid----5108----pid-1
---ebpf-pid----5108----pid-5108
---ebpf-pid----2094----pid-1
---ebpf-pid----2094----pid-2094
---ebpf-pid----2094----pid-1
---ebpf-pid----2094----pid-2094
---ebpf-pid----2094----pid-1
---ebpf-pid----2094----pid-2094
---ebpf-pid----2094----pid-1
---ebpf-pid----2094----pid-2094
---ebpf-pid----2094----pid-1
---ebpf-pid----2094----pid-2094
---ebpf-pid----2094----pid-1
---ebpf-pid----2094----pid-2094
---ebpf-pid----2094----pid-1
---ebpf-pid----2094----pid-2094
---ebpf-pid----2094----pid-1
---ebpf-pid----2094----pid-2094
---ebpf-pid----2094----pid-1
---ebpf-pid----2094----pid-2094
---ebpf-pid----2094----pid-1
---ebpf-pid----2094----pid-2094
---ebpf-pid----2094----pid-1
---ebpf-pid----2094----pid-2094
---ebpf-pid----2094----pid-1
---ebpf-pid----2094----pid-2094
---ebpf-pid----2094----pid-1
---ebpf-pid----2094----pid-2094
---ebpf-pid----2094----pid-1
---ebpf-pid----2094----pid-2094
---ebpf-pid----2094----pid-1
---ebpf-pid----2094----pid-2094
---ebpf-pid----2094----pid-1
---ebpf-pid----2094----pid-2094
---ebpf-pid----2094----pid-1
---ebpf-pid----2094----pid-2094
---ebpf-pid----2094----pid-1
---ebpf-pid----2094----pid-2094
---ebpf-pid----2094----pid-1
---ebpf-pid----2094----pid-2094
---ebpf-pid----2094----pid-1
---ebpf-pid----2094----pid-2094
---ebpf-pid----2094----pid-1
---ebpf-pid----2094----pid-2094
---ebpf-pid----2094----pid-1
---ebpf-pid----2094----pid-2094
---ebpf-pid----2094----pid-1
---ebpf-pid----2094----pid-2094
---ebpf-pid----5705----pid-5705
---ebpf-pid----5705----pid-5476
---ebpf-pid----5705----pid-1
---ebpf-pid----448782----pid-448782
---ebpf-pid----448782----pid-448520
---ebpf-pid----448782----pid-1
---ebpf-pid----448782----pid-448782
---ebpf-pid----448782----pid-448520
---ebpf-pid----448782----pid-1
---ebpf-pid----448782----pid-448782
---ebpf-pid----448782----pid-448520
---ebpf-pid----448782----pid-1
---ebpf-pid----5108----pid-5108
---ebpf-pid----5108----pid-3323
---ebpf-pid----5108----pid-1
---ebpf-pid----5108----pid-5108
---ebpf-pid----5108----pid-3323
---ebpf-pid----5108----pid-1
---ebpf-pid----5108----pid-5108
---ebpf-pid----5108----pid-3323
---ebpf-pid----5108----pid-1
---ebpf-pid----5108----pid-5108
---ebpf-pid----5108----pid-3323
---ebpf-pid----5108----pid-1
---ebpf-pid----5108----pid-5108
---ebpf-pid----5108----pid-3323
---ebpf-pid----5108----pid-1
---ebpf-pid----448782----pid-448782
---ebpf-pid----448782----pid-448520
---ebpf-pid----448782----pid-1
---ebpf-pid----448782----pid-448782
---ebpf-pid----448782----pid-448520
---ebpf-pid----448782----pid-1
---ebpf-pid----448782----pid-448782
---ebpf-pid----448782----pid-448520
---ebpf-pid----448782----pid-1
---ebpf-pid----448782----pid-448782
---ebpf-pid----448782----pid-448520
---ebpf-pid----448782----pid-1
---ebpf-pid----5108----pid-5108
---ebpf-pid----5108----pid-3323
---ebpf-pid----5108----pid-1
---ebpf-pid----5108----pid-5108
---ebpf-pid----5108----pid-3323
---ebpf-pid----5108----pid-1
---ebpf-pid----5108----pid-5108
---ebpf-pid----5108----pid-3323
---ebpf-pid----5108----pid-1
---ebpf-pid----5108----pid-5108
---ebpf-pid----5108----pid-3323
---ebpf-pid----5108----pid-1
---ebpf-pid----5108----pid-5108
---ebpf-pid----5108----pid-3323
---ebpf-pid----5108----pid-1
---ebpf-pid----5108----pid-5108
---ebpf-pid----5108----pid-3323
---ebpf-pid----5108----pid-1
---ebpf-pid----5108----pid-5108
---ebpf-pid----5108----pid-3323
---ebpf-pid----5108----pid-1
---ebpf-pid----5108----pid-5108
---ebpf-pid----5108----pid-3323
---ebpf-pid----5108----pid-1
---ebpf-pid----5108----pid-5108
---ebpf-pid----5108----pid-3323
---ebpf-pid----5108----pid-1
---ebpf-pid----5108----pid-5108
---ebpf-pid----5108----pid-3323
---ebpf-pid----5108----pid-1
---ebpf-pid----5108----pid-5108
---ebpf-pid----5108----pid-3323
---ebpf-pid----5108----pid-1
---ebpf-pid----5108----pid-5108
---ebpf-pid----5108----pid-3323
---ebpf-pid----5108----pid-1
---ebpf-pid----5108----pid-5108
---ebpf-pid----5108----pid-3323
---ebpf-pid----5108----pid-1
---ebpf-pid----5108----pid-5108
---ebpf-pid----5108----pid-3323
---ebpf-pid----5108----pid-1
---ebpf-pid----5108----pid-5108
---ebpf-pid----5108----pid-3323
---ebpf-pid----5108----pid-1
---ebpf-pid----5108----pid-5108
---ebpf-pid----5108----pid-3323
---ebpf-pid----5108----pid-1
---ebpf-pid----5108----pid-5108
---ebpf-pid----5108----pid-3323
---ebpf-pid----5108----pid-1
---ebpf-pid----5108----pid-5108
---ebpf-pid----5108----pid-3323
---ebpf-pid----5108----pid-1
---ebpf-pid----5108----pid-5108
---ebpf-pid----5108----pid-3323
---ebpf-pid----5108----pid-1
---ebpf-pid----5108----pid-5108
---ebpf-pid----5108----pid-3323
---ebpf-pid----5108----pid-1
---ebpf-pid----5108----pid-5108
---ebpf-pid----5108----pid-3323
---ebpf-pid----5108----pid-1
---ebpf-pid----5108----pid-5108
---ebpf-pid----5108----pid-3323
---ebpf-pid----5108----pid-1
---ebpf-pid----5108----pid-5108
---ebpf-pid----5108----pid-3323
---ebpf-pid----5108----pid-1
---ebpf-pid----5108----pid-5108
---ebpf-pid----5108----pid-3323
---ebpf-pid----5108----pid-1
---ebpf-pid----5108----pid-5108
---ebpf-pid----5108----pid-3323
---ebpf-pid----5108----pid-1
---ebpf-pid----5108----pid-5108
---ebpf-pid----5108----pid-3323
---ebpf-pid----5108----pid-1
---ebpf-pid----5108----pid-5108
---ebpf-pid----5108----pid-3323
---ebpf-pid----5108----pid-1
---ebpf-pid----5108----pid-5108
---ebpf-pid----5108----pid-3323
---ebpf-pid----5108----pid-1
---ebpf-pid----5108----pid-5108
---ebpf-pid----5108----pid-3323
---ebpf-pid----5108----pid-1
---ebpf-pid----5108----pid-5108
---ebpf-pid----5108----pid-3323
---ebpf-pid----5108----pid-1
---ebpf-pid----5108----pid-5108
---ebpf-pid----5108----pid-3323
---ebpf-pid----5108----pid-1
---ebpf-pid----5108----pid-5108
---ebpf-pid----5108----pid-3323
---ebpf-pid----5108----pid-1
---ebpf-pid----5108----pid-5108
---ebpf-pid----5108----pid-3323
---ebpf-pid----5108----pid-1
---ebpf-pid----5108----pid-5108
---ebpf-pid----5108----pid-3323
---ebpf-pid----5108----pid-1
---ebpf-pid----5108----pid-5108
---ebpf-pid----5108----pid-3323
---ebpf-pid----5108----pid-1
---ebpf-pid----5108----pid-5108
---ebpf-pid----5108----pid-3323
---ebpf-pid----5108----pid-1
---ebpf-pid----5108----pid-5108
---ebpf-pid----5108----pid-3323
---ebpf-pid----5108----pid-1
---ebpf-pid----5108----pid-5108
---ebpf-pid----5108----pid-3323
---ebpf-pid----5108----pid-1
---ebpf-pid----5108----pid-5108
---ebpf-pid----5108----pid-3323
---ebpf-pid----5108----pid-1
---ebpf-pid----5108----pid-5108
---ebpf-pid----5108----pid-3323
---ebpf-pid----5108----pid-1
---ebpf-pid----5108----pid-5108
---ebpf-pid----5108----pid-3323
---ebpf-pid----5108----pid-1
---ebpf-pid----5108----pid-5108
---ebpf-pid----5108----pid-3323
---ebpf-pid----5108----pid-1
---ebpf-pid----5108----pid-5108
---ebpf-pid----5108----pid-3323
---ebpf-pid----5108----pid-1
---ebpf-pid----5108----pid-5108
---ebpf-pid----5108----pid-3323
---ebpf-pid----5108----pid-1
---ebpf-pid----5108----pid-5108
---ebpf-pid----5108----pid-3323
---ebpf-pid----5108----pid-1
---ebpf-pid----5108----pid-5108
---ebpf-pid----5108----pid-3323
---ebpf-pid----5108----pid-1
---ebpf-pid----5108----pid-5108
---ebpf-pid----5108----pid-3323
---ebpf-pid----5108----pid-1
---ebpf-pid----5108----pid-5108
---ebpf-pid----5108----pid-3323
---ebpf-pid----5108----pid-1
---ebpf-pid----5108----pid-5108
---ebpf-pid----5108----pid-3323
---ebpf-pid----5108----pid-1
---ebpf-pid----5108----pid-5108
---ebpf-pid----5108----pid-3323
---ebpf-pid----5108----pid-1
---ebpf-pid----5108----pid-5108
---ebpf-pid----5108----pid-3323
---ebpf-pid----5108----pid-1
---ebpf-pid----5108----pid-5108
---ebpf-pid----5108----pid-3323
---ebpf-pid----5108----pid-1
---ebpf-pid----5108----pid-5108
---ebpf-pid----5108----pid-3323
---ebpf-pid----5108----pid-1
---ebpf-pid----5108----pid-5108
---ebpf-pid----5108----pid-3323
---ebpf-pid----5108----pid-1
---ebpf-pid----5108----pid-5108
---ebpf-pid----5108----pid-3323
---ebpf-pid----5108----pid-1
---ebpf-pid----5108----pid-5108
---ebpf-pid----5108----pid-3323
---ebpf-pid----5108----pid-1
---ebpf-pid----5108----pid-5108
---ebpf-pid----5108----pid-3323
---ebpf-pid----5108----pid-1
---ebpf-pid----5108----pid-5108
---ebpf-pid----5108----pid-3323
---ebpf-pid----5108----pid-1
---ebpf-pid----5108----pid-5108
---ebpf-pid----5108----pid-3323
---ebpf-pid----5108----pid-1
---ebpf-pid----5108----pid-5108
---ebpf-pid----5108----pid-3323
---ebpf-pid----5108----pid-1
---ebpf-pid----5108----pid-5108
---ebpf-pid----5108----pid-3323
---ebpf-pid----5108----pid-1
---ebpf-pid----5108----pid-5108
---ebpf-pid----5108----pid-3323
---ebpf-pid----5108----pid-1
---ebpf-pid----5108----pid-5108
---ebpf-pid----5108----pid-3323
---ebpf-pid----5108----pid-1
---ebpf-pid----5108----pid-5108
---ebpf-pid----5108----pid-3323
---ebpf-pid----5108----pid-1
---ebpf-pid----5108----pid-5108
---ebpf-pid----5108----pid-3323
---ebpf-pid----5108----pid-1
---ebpf-pid----5108----pid-5108
---ebpf-pid----5108----pid-3323
---ebpf-pid----5108----pid-1
---ebpf-pid----5108----pid-5108
---ebpf-pid----5108----pid-3323
---ebpf-pid----5108----pid-1
---ebpf-pid----5108----pid-5108
---ebpf-pid----5108----pid-3323
---ebpf-pid----5108----pid-1
---ebpf-pid----5108----pid-5108
---ebpf-pid----5108----pid-3323
---ebpf-pid----5108----pid-1
---ebpf-pid----5108----pid-5108
---ebpf-pid----5108----pid-3323
---ebpf-pid----5108----pid-1
---ebpf-pid----5108----pid-5108
---ebpf-pid----5108----pid-3323
---ebpf-pid----5108----pid-1
---ebpf-pid----5108----pid-5108
---ebpf-pid----5108----pid-3323
---ebpf-pid----5108----pid-1
---ebpf-pid----5108----pid-5108
---ebpf-pid----5108----pid-3323
---ebpf-pid----5108----pid-1
---ebpf-pid----5108----pid-5108
---ebpf-pid----2029----pid-1
---ebpf-pid----2029----pid-2029
---ebpf-pid----2029----pid-1
---ebpf-pid----2029----pid-2029
---ebpf-pid----2029----pid-1
---ebpf-pid----2029----pid-2029
---ebpf-pid----2029----pid-1
---ebpf-pid----2029----pid-2029
---ebpf-pid----2029----pid-1
---ebpf-pid----2029----pid-2029
---ebpf-pid----2029----pid-1
---ebpf-pid----2029----pid-2029
---ebpf-pid----2029----pid-1
---ebpf-pid----2029----pid-2029
---ebpf-pid----2029----pid-1
---ebpf-pid----2029----pid-2029
---ebpf-pid----2029----pid-1
---ebpf-pid----2029----pid-2029
---ebpf-pid----2029----pid-1
---ebpf-pid----2029----pid-2029
---ebpf-pid----2029----pid-1
---ebpf-pid----2029----pid-2029
---ebpf-pid----2029----pid-1
---ebpf-pid----372881----pid-372881
---ebpf-pid----372881----pid-1
---ebpf-pid----372881----pid-372881
---ebpf-pid----372881----pid-1
---ebpf-pid----372881----pid-372881
---ebpf-pid----372881----pid-1
---ebpf-pid----372881----pid-372881
---ebpf-pid----372881----pid-1
---ebpf-pid----5705----pid-5705
---ebpf-pid----5705----pid-5476
---ebpf-pid----5108----pid-3323
---ebpf-pid----5705----pid-1
---ebpf-pid----5705----pid-5705
---ebpf-pid----5108----pid-1
---ebpf-pid----5108----pid-5108
---ebpf-pid----5705----pid-5476
---ebpf-pid----5705----pid-1
---ebpf-pid----5705----pid-5705
---ebpf-pid----5108----pid-3323
---ebpf-pid----5705----pid-5476
---ebpf-pid----5108----pid-3323
---ebpf-pid----5108----pid-1
---ebpf-pid----5108----pid-1
---ebpf-pid----5108----pid-5108
---ebpf-pid----5108----pid-5108
---ebpf-pid----5108----pid-3323
---ebpf-pid----5108----pid-3323
---ebpf-pid----5108----pid-1
---ebpf-pid----5108----pid-1
---ebpf-pid----5108----pid-5108
---ebpf-pid----5108----pid-5108
---ebpf-pid----5108----pid-3323
---ebpf-pid----5108----pid-3323
---ebpf-pid----5108----pid-1
---ebpf-pid----5108----pid-1
---ebpf-pid----5108----pid-5108
---ebpf-pid----5108----pid-5108
---ebpf-pid----5108----pid-3323
---ebpf-pid----5108----pid-3323
---ebpf-pid----5108----pid-1
---ebpf-pid----5108----pid-5108
---ebpf-pid----5108----pid-1
---ebpf-pid----5108----pid-5108
---ebpf-pid----5108----pid-3323
---ebpf-pid----5108----pid-3323
---ebpf-pid----5108----pid-1
---ebpf-pid----5108----pid-1
---ebpf-pid----5108----pid-5108
---ebpf-pid----5108----pid-5108
---ebpf-pid----5108----pid-3323
---ebpf-pid----5108----pid-3323
---ebpf-pid----5108----pid-1
---ebpf-pid----5108----pid-1
---ebpf-pid----5108----pid-5108
---ebpf-pid----5108----pid-5108
---ebpf-pid----5108----pid-3323
---ebpf-pid----5108----pid-3323
---ebpf-pid----5108----pid-1
---ebpf-pid----5108----pid-1
---ebpf-pid----5108----pid-5108
---ebpf-pid----5108----pid-5108
---ebpf-pid----5108----pid-3323
---ebpf-pid----5108----pid-3323
---ebpf-pid----5108----pid-1
---ebpf-pid----5108----pid-1
---ebpf-pid----5108----pid-5108
---ebpf-pid----5108----pid-5108
---ebpf-pid----5108----pid-3323
---ebpf-pid----5108----pid-1
---ebpf-pid----5108----pid-5108
---ebpf-pid----5108----pid-3323
---ebpf-pid----5108----pid-1
---ebpf-pid----5108----pid-5108
---ebpf-pid----5108----pid-3323
---ebpf-pid----5108----pid-1
---ebpf-pid----5108----pid-5108
---ebpf-pid----5108----pid-3323
---ebpf-pid----5108----pid-3323
---ebpf-pid----5108----pid-1
---ebpf-pid----5108----pid-5108
---ebpf-pid----5108----pid-1
---ebpf-pid----5108----pid-3323
---ebpf-pid----5109----pid-5109
---ebpf-pid----5108----pid-1
---ebpf-pid----5109----pid-3323
---ebpf-pid----5109----pid-1
---ebpf-pid----5109----pid-5109
---ebpf-pid----5108----pid-5108
---ebpf-pid----5109----pid-3323
---ebpf-pid----5108----pid-3323
---ebpf-pid----5109----pid-1
---ebpf-pid----5108----pid-1
---ebpf-pid----5109----pid-5109
---ebpf-pid----5108----pid-5108
---ebpf-pid----5108----pid-3323
---ebpf-pid----5108----pid-1
---ebpf-pid----5108----pid-5108
---ebpf-pid----5109----pid-3323
---ebpf-pid----5108----pid-3323
---ebpf-pid----5109----pid-1
---ebpf-pid----5108----pid-1
---ebpf-pid----5109----pid-5109
---ebpf-pid----5108----pid-5108
---ebpf-pid----5109----pid-3323
---ebpf-pid----5108----pid-3323
---ebpf-pid----5109----pid-1
---ebpf-pid----5108----pid-1
---ebpf-pid----5109----pid-5109
---ebpf-pid----5108----pid-5108
---ebpf-pid----5109----pid-3323
---ebpf-pid----5108----pid-3323
---ebpf-pid----5109----pid-1
---ebpf-pid----5109----pid-5109
---ebpf-pid----5108----pid-1
---ebpf-pid----5109----pid-5109
---ebpf-pid----5109----pid-3323
---ebpf-pid----5109----pid-3323
---ebpf-pid----5109----pid-1
---ebpf-pid----5109----pid-5109
---ebpf-pid----5109----pid-1
---ebpf-pid----5109----pid-5109
---ebpf-pid----5109----pid-3323
---ebpf-pid----5109----pid-3323
---ebpf-pid----5109----pid-1
---ebpf-pid----5109----pid-1
---ebpf-pid----5109----pid-5109
---ebpf-pid----5109----pid-5109
---ebpf-pid----5109----pid-3323
---ebpf-pid----5109----pid-3323
---ebpf-pid----5109----pid-1
---ebpf-pid----5109----pid-1
---ebpf-pid----5109----pid-5109
---ebpf-pid----5109----pid-5109
---ebpf-pid----5109----pid-3323
---ebpf-pid----5109----pid-3323
---ebpf-pid----5109----pid-1
---ebpf-pid----5109----pid-1
---ebpf-pid----5109----pid-5109
---ebpf-pid----5109----pid-5109
---ebpf-pid----5109----pid-3323
---ebpf-pid----5109----pid-3323
---ebpf-pid----5109----pid-1
---ebpf-pid----5109----pid-1
---ebpf-pid----5109----pid-5109
---ebpf-pid----5109----pid-5109
---ebpf-pid----5109----pid-3323
---ebpf-pid----5109----pid-3323
---ebpf-pid----5705----pid-1
---ebpf-pid----5109----pid-1
---ebpf-pid----5109----pid-1
---ebpf-pid----5705----pid-5705
---ebpf-pid----5109----pid-5109
---ebpf-pid----5109----pid-5109
---ebpf-pid----5109----pid-3323
---ebpf-pid----5705----pid-5476
---ebpf-pid----5109----pid-1
---ebpf-pid----5705----pid-1
---ebpf-pid----5109----pid-5109
---ebpf-pid----5705----pid-5705
---ebpf-pid----2094----pid-1
---ebpf-pid----5109----pid-3323
---ebpf-pid----5705----pid-5476
---ebpf-pid----2094----pid-2094
---ebpf-pid----5109----pid-1
---ebpf-pid----5705----pid-1
---ebpf-pid----372881----pid-372881
---ebpf-pid----2094----pid-1
---ebpf-pid----5109----pid-5109
---ebpf-pid----2094----pid-2094
---ebpf-pid----372881----pid-1
---ebpf-pid----372881----pid-372881
---ebpf-pid----5109----pid-3323
---ebpf-pid----2094----pid-1
---ebpf-pid----2094----pid-2094
---ebpf-pid----372881----pid-1
---ebpf-pid----5109----pid-1
---ebpf-pid----372881----pid-372881
---ebpf-pid----5109----pid-5109
---ebpf-pid----2094----pid-1
---ebpf-pid----2094----pid-2094
---ebpf-pid----5109----pid-3323
---ebpf-pid----372881----pid-1
---ebpf-pid----372881----pid-372881
---ebpf-pid----2094----pid-1
---ebpf-pid----2094----pid-2094
---ebpf-pid----5109----pid-1
---ebpf-pid----5109----pid-5109
---ebpf-pid----372881----pid-1
---ebpf-pid----2094----pid-1
---ebpf-pid----372881----pid-372881
---ebpf-pid----5705----pid-5705
---ebpf-pid----5109----pid-3323
---ebpf-pid----372881----pid-1
---ebpf-pid----5705----pid-5476
---ebpf-pid----5109----pid-1
---ebpf-pid----372881----pid-372881
---ebpf-pid----5109----pid-5109
---ebpf-pid----5705----pid-1
---ebpf-pid----372881----pid-1
---ebpf-pid----5705----pid-5705
---ebpf-pid----5109----pid-3323
---ebpf-pid----372881----pid-372881
---ebpf-pid----5705----pid-5476
---ebpf-pid----5109----pid-1
---ebpf-pid----372881----pid-1
---ebpf-pid----376651----pid-376651
---ebpf-pid----376651----pid-3323
---ebpf-pid----5705----pid-1
---ebpf-pid----6671----pid-6671
---ebpf-pid----376651----pid-1
---ebpf-pid----376651----pid-376651
---ebpf-pid----6671----pid-5476
---ebpf-pid----376651----pid-3323
---ebpf-pid----6671----pid-1
---ebpf-pid----376651----pid-1
---ebpf-pid----376651----pid-376651
---ebpf-pid----6671----pid-6671
---ebpf-pid----376651----pid-3323
---ebpf-pid----6671----pid-5476
---ebpf-pid----376651----pid-1
---ebpf-pid----6671----pid-1
---ebpf-pid----376651----pid-376651
---ebpf-pid----6671----pid-6671
---ebpf-pid----376651----pid-3323
---ebpf-pid----6671----pid-5476
---ebpf-pid----376651----pid-1
---ebpf-pid----376651----pid-376651
---ebpf-pid----6671----pid-1
---ebpf-pid----6671----pid-6671
---ebpf-pid----376651----pid-3323
---ebpf-pid----6671----pid-5476
---ebpf-pid----376651----pid-1
---ebpf-pid----6671----pid-1
---ebpf-pid----376651----pid-376651
---ebpf-pid----6671----pid-6671
---ebpf-pid----376651----pid-3323
---ebpf-pid----6671----pid-5476
---ebpf-pid----376651----pid-1
---ebpf-pid----5109----pid-5109
---ebpf-pid----6671----pid-1
---ebpf-pid----6671----pid-6671
---ebpf-pid----5109----pid-3323
---ebpf-pid----6671----pid-5476
---ebpf-pid----5109----pid-1
---ebpf-pid----5109----pid-5109
---ebpf-pid----6671----pid-1
---ebpf-pid----5109----pid-3323
---ebpf-pid----6671----pid-6671
---ebpf-pid----5109----pid-1
---ebpf-pid----6671----pid-5476
---ebpf-pid----5109----pid-5109
---ebpf-pid----6671----pid-1
---ebpf-pid----5109----pid-3323
---ebpf-pid----6671----pid-6671
---ebpf-pid----5109----pid-1
---ebpf-pid----5109----pid-5109
---ebpf-pid----6671----pid-5476
---ebpf-pid----6671----pid-1
---ebpf-pid----6671----pid-6671
---ebpf-pid----5109----pid-3323
---ebpf-pid----6671----pid-5476
---ebpf-pid----5109----pid-1
---ebpf-pid----5109----pid-5109
---ebpf-pid----6671----pid-1
---ebpf-pid----5109----pid-3323
---ebpf-pid----6671----pid-6671
---ebpf-pid----5109----pid-1
---ebpf-pid----6671----pid-5476
---ebpf-pid----379067----pid-379067
---ebpf-pid----379067----pid-5476
---ebpf-pid----6671----pid-1
---ebpf-pid----6671----pid-6671
---ebpf-pid----379067----pid-1
---ebpf-pid----379067----pid-379067
---ebpf-pid----6671----pid-5476
---ebpf-pid----379067----pid-5476
---ebpf-pid----6671----pid-1
---ebpf-pid----6671----pid-6671
---ebpf-pid----379067----pid-1
---ebpf-pid----379067----pid-379067
---ebpf-pid----6671----pid-5476
---ebpf-pid----379067----pid-5476
---ebpf-pid----6671----pid-1
---ebpf-pid----379067----pid-1
---ebpf-pid----379067----pid-379067
---ebpf-pid----379067----pid-5476
---ebpf-pid----379067----pid-1
---ebpf-pid----379067----pid-379067
---ebpf-pid----379067----pid-5476
---ebpf-pid----379067----pid-1
---ebpf-pid----5109----pid-5109
---ebpf-pid----5109----pid-3323
---ebpf-pid----5109----pid-1
---ebpf-pid----5109----pid-5109
---ebpf-pid----5109----pid-3323
---ebpf-pid----5109----pid-1
---ebpf-pid----379067----pid-379067
---ebpf-pid----379067----pid-5476
---ebpf-pid----379067----pid-1
---ebpf-pid----379067----pid-379067
---ebpf-pid----379067----pid-5476
---ebpf-pid----379067----pid-1
---ebpf-pid----379067----pid-379067
---ebpf-pid----379067----pid-5476
---ebpf-pid----379067----pid-1
---ebpf-pid----5109----pid-5109
---ebpf-pid----5109----pid-3323
---ebpf-pid----5109----pid-1
---ebpf-pid----5109----pid-5109
---ebpf-pid----5109----pid-3323
---ebpf-pid----5109----pid-1
---ebpf-pid----379067----pid-379067
---ebpf-pid----379067----pid-5476
---ebpf-pid----379067----pid-1
---ebpf-pid----379067----pid-379067
---ebpf-pid----379067----pid-5476
---ebpf-pid----379067----pid-1
---ebpf-pid----379067----pid-379067
---ebpf-pid----379067----pid-5476
---ebpf-pid----379067----pid-1
---ebpf-pid----379067----pid-379067
---ebpf-pid----379067----pid-5476
---ebpf-pid----379067----pid-1
---ebpf-pid----379067----pid-379067
---ebpf-pid----379067----pid-5476
---ebpf-pid----379067----pid-1
---ebpf-pid----379067----pid-379067
---ebpf-pid----379067----pid-5476
---ebpf-pid----379067----pid-1
---ebpf-pid----379067----pid-379067
---ebpf-pid----379067----pid-5476
---ebpf-pid----379067----pid-1
---ebpf-pid----379067----pid-379067
---ebpf-pid----379067----pid-5476
---ebpf-pid----379067----pid-1
---ebpf-pid----379067----pid-379067
---ebpf-pid----379067----pid-5476
---ebpf-pid----379067----pid-1
---ebpf-pid----379067----pid-379067
---ebpf-pid----379067----pid-5476
---ebpf-pid----379067----pid-1
---ebpf-pid----379067----pid-379067
---ebpf-pid----379067----pid-5476
---ebpf-pid----379067----pid-1
---ebpf-pid----379067----pid-379067
---ebpf-pid----379067----pid-5476
---ebpf-pid----379067----pid-1
---ebpf-pid----379067----pid-379067
---ebpf-pid----379067----pid-5476
---ebpf-pid----5109----pid-3323
---ebpf-pid----5109----pid-1
---ebpf-pid----379067----pid-1
---ebpf-pid----5109----pid-5109
---ebpf-pid----379067----pid-379067
---ebpf-pid----5109----pid-3323
---ebpf-pid----379067----pid-5476
---ebpf-pid----5109----pid-1
---ebpf-pid----379067----pid-1
---ebpf-pid----5108----pid-5108
---ebpf-pid----5108----pid-3323
---ebpf-pid----5108----pid-1
---ebpf-pid----379067----pid-379067
---ebpf-pid----5108----pid-5108
---ebpf-pid----379067----pid-5476
---ebpf-pid----5108----pid-3323
---ebpf-pid----379067----pid-1
---ebpf-pid----379067----pid-379067
---ebpf-pid----5108----pid-1
---ebpf-pid----5108----pid-5108
---ebpf-pid----379067----pid-5476
---ebpf-pid----379067----pid-1
---ebpf-pid----5108----pid-3323
---ebpf-pid----379067----pid-379067
---ebpf-pid----5108----pid-1
---ebpf-pid----379067----pid-5476
---ebpf-pid----5108----pid-5108
---ebpf-pid----379067----pid-1
---ebpf-pid----379067----pid-379067
---ebpf-pid----5108----pid-3323
---ebpf-pid----379067----pid-5476
---ebpf-pid----5108----pid-1
---ebpf-pid----5108----pid-5108
---ebpf-pid----379067----pid-1
---ebpf-pid----379067----pid-379067
---ebpf-pid----5108----pid-3323
---ebpf-pid----5108----pid-1
---ebpf-pid----379067----pid-5476
---ebpf-pid----5108----pid-5108
---ebpf-pid----379067----pid-1
---ebpf-pid----379067----pid-379067
---ebpf-pid----5108----pid-3323
---ebpf-pid----379067----pid-5476
---ebpf-pid----5108----pid-1
---ebpf-pid----5108----pid-5108
---ebpf-pid----379067----pid-1
---ebpf-pid----379067----pid-379067
---ebpf-pid----5108----pid-3323
---ebpf-pid----379067----pid-5476
---ebpf-pid----379067----pid-1
---ebpf-pid----5108----pid-1
---ebpf-pid----379067----pid-379067
---ebpf-pid----5108----pid-5108
---ebpf-pid----379067----pid-5476
---ebpf-pid----5108----pid-3323
---ebpf-pid----379067----pid-1
---ebpf-pid----5108----pid-1
---ebpf-pid----379067----pid-379067
---ebpf-pid----5108----pid-5108
---ebpf-pid----379067----pid-5476
---ebpf-pid----379067----pid-1
---ebpf-pid----379067----pid-379067
---ebpf-pid----379067----pid-5476
---ebpf-pid----379067----pid-1
---ebpf-pid----379067----pid-379067
---ebpf-pid----5108----pid-3323
---ebpf-pid----379067----pid-5476
---ebpf-pid----5108----pid-1
---ebpf-pid----5108----pid-5108
---ebpf-pid----379067----pid-1
---ebpf-pid----379067----pid-379067
---ebpf-pid----5108----pid-3323
---ebpf-pid----379067----pid-5476
---ebpf-pid----5108----pid-1
---ebpf-pid----379067----pid-1
---ebpf-pid----5108----pid-5108
---ebpf-pid----379067----pid-379067
---ebpf-pid----5108----pid-3323
---ebpf-pid----379067----pid-5476
---ebpf-pid----5108----pid-1
---ebpf-pid----5108----pid-5108
---ebpf-pid----379067----pid-1
---ebpf-pid----379067----pid-379067
---ebpf-pid----5108----pid-3323
---ebpf-pid----379067----pid-5476
---ebpf-pid----379067----pid-1
---ebpf-pid----379067----pid-379067
---ebpf-pid----379067----pid-5476
---ebpf-pid----379067----pid-1
---ebpf-pid----379067----pid-379067
---ebpf-pid----379067----pid-5476
---ebpf-pid----379067----pid-1
---ebpf-pid----379067----pid-379067
---ebpf-pid----379067----pid-5476
---ebpf-pid----379067----pid-1
---ebpf-pid----379067----pid-379067
---ebpf-pid----379067----pid-5476
---ebpf-pid----379067----pid-1
---ebpf-pid----379067----pid-379067
---ebpf-pid----379067----pid-5476
---ebpf-pid----379067----pid-1
---ebpf-pid----379067----pid-379067
---ebpf-pid----379067----pid-5476
---ebpf-pid----379067----pid-1
---ebpf-pid----379067----pid-379067
---ebpf-pid----379067----pid-5476
---ebpf-pid----379067----pid-1
---ebpf-pid----379067----pid-379067
---ebpf-pid----379067----pid-5476
---ebpf-pid----379067----pid-1
---ebpf-pid----379067----pid-379067
---ebpf-pid----379067----pid-5476
---ebpf-pid----379067----pid-1
---ebpf-pid----379067----pid-379067
---ebpf-pid----379067----pid-5476
---ebpf-pid----379067----pid-1
---ebpf-pid----379067----pid-379067
---ebpf-pid----379067----pid-5476
---ebpf-pid----379067----pid-1
---ebpf-pid----379067----pid-379067
---ebpf-pid----379067----pid-5476
---ebpf-pid----379067----pid-1
---ebpf-pid----379067----pid-379067
---ebpf-pid----379067----pid-5476
---ebpf-pid----379067----pid-1
---ebpf-pid----448785----pid-448785
---ebpf-pid----448785----pid-448520
---ebpf-pid----448785----pid-1
---ebpf-pid----448785----pid-448785
---ebpf-pid----448785----pid-448520
---ebpf-pid----448785----pid-1
---ebpf-pid----379067----pid-379067
---ebpf-pid----379067----pid-5476
---ebpf-pid----379067----pid-1
---ebpf-pid----379067----pid-379067
---ebpf-pid----379067----pid-5476
---ebpf-pid----379067----pid-1
---ebpf-pid----379067----pid-379067
---ebpf-pid----379067----pid-5476
---ebpf-pid----379067----pid-1
---ebpf-pid----379067----pid-379067
---ebpf-pid----379067----pid-5476
---ebpf-pid----379067----pid-1
---ebpf-pid----379067----pid-379067
---ebpf-pid----379067----pid-5476
---ebpf-pid----379067----pid-1
---ebpf-pid----379067----pid-379067
---ebpf-pid----379067----pid-5476
---ebpf-pid----379067----pid-1
---ebpf-pid----379067----pid-379067
---ebpf-pid----379067----pid-5476
---ebpf-pid----379067----pid-1
---ebpf-pid----379067----pid-379067
---ebpf-pid----379067----pid-5476
---ebpf-pid----379067----pid-1
---ebpf-pid----379067----pid-379067
---ebpf-pid----379067----pid-5476
---ebpf-pid----379067----pid-1
---ebpf-pid----379067----pid-379067
---ebpf-pid----379067----pid-5476
---ebpf-pid----379067----pid-1
---ebpf-pid----379067----pid-379067
---ebpf-pid----379067----pid-5476
---ebpf-pid----379067----pid-1
---ebpf-pid----379067----pid-379067
---ebpf-pid----379067----pid-5476
---ebpf-pid----379067----pid-1
---ebpf-pid----379067----pid-379067
---ebpf-pid----379067----pid-5476
---ebpf-pid----379067----pid-1
---ebpf-pid----379067----pid-379067
---ebpf-pid----379067----pid-5476
---ebpf-pid----379067----pid-1
---ebpf-pid----379067----pid-379067
---ebpf-pid----379067----pid-5476
---ebpf-pid----379067----pid-1
---ebpf-pid----379067----pid-379067
---ebpf-pid----379067----pid-5476
---ebpf-pid----379067----pid-1
---ebpf-pid----379067----pid-379067
---ebpf-pid----379067----pid-5476
---ebpf-pid----379067----pid-1
---ebpf-pid----2089----pid-2089
---ebpf-pid----2089----pid-1
---ebpf-pid----379067----pid-379067
---ebpf-pid----379067----pid-5476
---ebpf-pid----379067----pid-1
---ebpf-pid----379067----pid-379067
---ebpf-pid----379067----pid-5476
---ebpf-pid----379067----pid-1
---ebpf-pid----379067----pid-379067
---ebpf-pid----379067----pid-5476
---ebpf-pid----379067----pid-1
---ebpf-pid----379067----pid-379067
---ebpf-pid----379067----pid-5476
---ebpf-pid----379067----pid-1
---ebpf-pid----379067----pid-379067
---ebpf-pid----379067----pid-5476
---ebpf-pid----379067----pid-1
---ebpf-pid----379067----pid-379067
---ebpf-pid----379067----pid-5476
---ebpf-pid----379067----pid-1
---ebpf-pid----379067----pid-379067
---ebpf-pid----379067----pid-5476
---ebpf-pid----379067----pid-1
---ebpf-pid----379067----pid-379067
---ebpf-pid----379067----pid-5476
---ebpf-pid----379067----pid-1
---ebpf-pid----379067----pid-379067
---ebpf-pid----379067----pid-5476
---ebpf-pid----5108----pid-1
---ebpf-pid----5108----pid-5108
---ebpf-pid----5108----pid-3323
---ebpf-pid----379067----pid-1
---ebpf-pid----379067----pid-379067
---ebpf-pid----5108----pid-1
---ebpf-pid----376651----pid-376651
---ebpf-pid----379067----pid-5476
---ebpf-pid----376651----pid-3323
---ebpf-pid----379067----pid-1
---ebpf-pid----379067----pid-379067
---ebpf-pid----376651----pid-1
---ebpf-pid----376651----pid-376651
---ebpf-pid----379067----pid-5476
---ebpf-pid----376651----pid-3323
---ebpf-pid----379067----pid-1
---ebpf-pid----376651----pid-1
---ebpf-pid----379067----pid-379067
---ebpf-pid----376651----pid-376651
---ebpf-pid----379067----pid-5476
---ebpf-pid----376651----pid-3323
---ebpf-pid----379067----pid-1
---ebpf-pid----376651----pid-1
---ebpf-pid----379067----pid-379067
---ebpf-pid----376651----pid-376651
---ebpf-pid----379067----pid-5476
---ebpf-pid----376651----pid-3323
---ebpf-pid----379067----pid-1
---ebpf-pid----376651----pid-1
---ebpf-pid----376651----pid-376651
---ebpf-pid----379067----pid-379067
---ebpf-pid----376651----pid-3323
---ebpf-pid----379067----pid-5476
---ebpf-pid----376651----pid-1
---ebpf-pid----379067----pid-1
---ebpf-pid----376651----pid-376651
---ebpf-pid----379067----pid-379067
---ebpf-pid----376651----pid-3323
---ebpf-pid----379067----pid-5476
---ebpf-pid----376651----pid-1
---ebpf-pid----376651----pid-376651
---ebpf-pid----379067----pid-1
---ebpf-pid----379067----pid-379067
---ebpf-pid----376651----pid-3323
---ebpf-pid----379067----pid-5476
---ebpf-pid----376651----pid-1
---ebpf-pid----376651----pid-376651
---ebpf-pid----379067----pid-1
---ebpf-pid----376651----pid-3323
---ebpf-pid----5705----pid-5705
---ebpf-pid----376651----pid-1
---ebpf-pid----5705----pid-5476
---ebpf-pid----376651----pid-376651
---ebpf-pid----5705----pid-1
---ebpf-pid----376651----pid-3323
---ebpf-pid----5705----pid-5705
---ebpf-pid----376651----pid-1
---ebpf-pid----5705----pid-5476
---ebpf-pid----376651----pid-376651
---ebpf-pid----5705----pid-1
---ebpf-pid----376651----pid-3323
---ebpf-pid----5705----pid-5705
---ebpf-pid----376651----pid-1
---ebpf-pid----5705----pid-5476
---ebpf-pid----376651----pid-376651
---ebpf-pid----5705----pid-1
---ebpf-pid----376651----pid-3323
---ebpf-pid----6671----pid-6671
---ebpf-pid----376651----pid-1
---ebpf-pid----6671----pid-5476
---ebpf-pid----376651----pid-376651
---ebpf-pid----6671----pid-1
---ebpf-pid----376651----pid-3323
---ebpf-pid----6671----pid-6671
---ebpf-pid----376651----pid-1
---ebpf-pid----6671----pid-5476
---ebpf-pid----376651----pid-376651
---ebpf-pid----6671----pid-1
---ebpf-pid----376651----pid-3323
---ebpf-pid----448784----pid-448784
---ebpf-pid----376651----pid-1
---ebpf-pid----448784----pid-448520
---ebpf-pid----406335----pid-406335
---ebpf-pid----448784----pid-1
---ebpf-pid----448784----pid-448784
---ebpf-pid----448784----pid-448520
---ebpf-pid----448784----pid-1
---ebpf-pid----448784----pid-448784
---ebpf-pid----448784----pid-448520
---ebpf-pid----448784----pid-1
---ebpf-pid----448785----pid-448785
---ebpf-pid----448785----pid-448520
---ebpf-pid----448785----pid-1
---ebpf-pid----448785----pid-448785
---ebpf-pid----448785----pid-448520
---ebpf-pid----448785----pid-1
---ebpf-pid----448785----pid-448785
---ebpf-pid----448785----pid-448520
---ebpf-pid----448785----pid-1
---ebpf-pid----2088----pid-2088
---ebpf-pid----2088----pid-1
---ebpf-pid----2088----pid-2088
---ebpf-pid----2088----pid-1
---ebpf-pid----2088----pid-2088
---ebpf-pid----2088----pid-1
---ebpf-pid----2088----pid-2088
---ebpf-pid----2088----pid-1
---ebpf-pid----2088----pid-2088
---ebpf-pid----2088----pid-1
---ebpf-pid----2088----pid-2088
---ebpf-pid----2088----pid-1
---ebpf-pid----2088----pid-2088
---ebpf-pid----2088----pid-1
---ebpf-pid----2088----pid-2088
---ebpf-pid----2088----pid-1
---ebpf-pid----2088----pid-2088
---ebpf-pid----2088----pid-1
---ebpf-pid----2088----pid-2088
---ebpf-pid----2088----pid-1
---ebpf-pid----2088----pid-2088
---ebpf-pid----2088----pid-1
---ebpf-pid----2088----pid-2088
---ebpf-pid----2088----pid-1
---ebpf-pid----2088----pid-2088
---ebpf-pid----2088----pid-1
---ebpf-pid----2088----pid-2088
---ebpf-pid----2088----pid-1
---ebpf-pid----2088----pid-2088
---ebpf-pid----2088----pid-1
---ebpf-pid----2088----pid-2088
---ebpf-pid----2088----pid-1
---ebpf-pid----2088----pid-2088
---ebpf-pid----2088----pid-1
---ebpf-pid----2088----pid-2088
---ebpf-pid----2088----pid-1
---ebpf-pid----2088----pid-2088
---ebpf-pid----2088----pid-1
---ebpf-pid----2088----pid-2088
---ebpf-pid----2088----pid-1
---ebpf-pid----2088----pid-2088
---ebpf-pid----2088----pid-1
---ebpf-pid----2088----pid-2088
---ebpf-pid----2088----pid-1
---ebpf-pid----2088----pid-2088
---ebpf-pid----2088----pid-1
---ebpf-pid----2088----pid-2088
---ebpf-pid----2088----pid-1
---ebpf-pid----2088----pid-2088
---ebpf-pid----2088----pid-1
---ebpf-pid----377755----pid-377755
---ebpf-pid----377755----pid-1
---ebpf-pid----448785----pid-448785
---ebpf-pid----448785----pid-448520
---ebpf-pid----448785----pid-1
---ebpf-pid----377755----pid-377755
---ebpf-pid----377755----pid-1
---ebpf-pid----377755----pid-377755
---ebpf-pid----377755----pid-1
---ebpf-pid----2088----pid-2088
---ebpf-pid----2088----pid-1
---ebpf-pid----2088----pid-2088
---ebpf-pid----2088----pid-1
---ebpf-pid----2088----pid-2088
---ebpf-pid----2088----pid-1
---ebpf-pid----2088----pid-2088
---ebpf-pid----2088----pid-1
---ebpf-pid----2088----pid-2088
---ebpf-pid----2088----pid-1
---ebpf-pid----2088----pid-2088
---ebpf-pid----2088----pid-1
---ebpf-pid----2088----pid-2088
---ebpf-pid----2088----pid-1
---ebpf-pid----2088----pid-2088
---ebpf-pid----2088----pid-1
---ebpf-pid----2088----pid-2088
---ebpf-pid----2088----pid-1
---ebpf-pid----6671----pid-6671
---ebpf-pid----6671----pid-5476
---ebpf-pid----6671----pid-1
---ebpf-pid----6671----pid-6671
---ebpf-pid----6671----pid-5476
---ebpf-pid----6671----pid-1
---ebpf-pid----2088----pid-2088
---ebpf-pid----2088----pid-1
---ebpf-pid----2088----pid-2088
---ebpf-pid----2088----pid-1
---ebpf-pid----2088----pid-2088
---ebpf-pid----2088----pid-1
---ebpf-pid----2088----pid-2088
---ebpf-pid----2088----pid-1
---ebpf-pid----2088----pid-2088
---ebpf-pid----2088----pid-1
---ebpf-pid----2088----pid-2088
---ebpf-pid----2088----pid-1
---ebpf-pid----2088----pid-2088
---ebpf-pid----2088----pid-1
---ebpf-pid----2094----pid-2094
---ebpf-pid----2094----pid-1
---ebpf-pid----2094----pid-2094
---ebpf-pid----2094----pid-1
---ebpf-pid----2094----pid-2094
---ebpf-pid----2094----pid-1
---ebpf-pid----2094----pid-2094
---ebpf-pid----2094----pid-1
---ebpf-pid----2094----pid-2094
---ebpf-pid----2094----pid-1
---ebpf-pid----2094----pid-2094
---ebpf-pid----2094----pid-1
---ebpf-pid----2094----pid-2094
---ebpf-pid----2094----pid-1
---ebpf-pid----2094----pid-2094
---ebpf-pid----2094----pid-1
---ebpf-pid----2094----pid-2094
---ebpf-pid----2094----pid-1
---ebpf-pid----5707----pid-5707
---ebpf-pid----5707----pid-5476
---ebpf-pid----5707----pid-1
---ebpf-pid----5707----pid-5707
---ebpf-pid----5707----pid-5476
---ebpf-pid----5707----pid-1
---ebpf-pid----5707----pid-5707
---ebpf-pid----5707----pid-5476
---ebpf-pid----5707----pid-1
---ebpf-pid----2088----pid-2088
---ebpf-pid----2088----pid-1
---ebpf-pid----2088----pid-2088
---ebpf-pid----2088----pid-1
---ebpf-pid----2088----pid-2088
---ebpf-pid----2088----pid-1
---ebpf-pid----2088----pid-2088
---ebpf-pid----2088----pid-1
---ebpf-pid----5707----pid-5707
---ebpf-pid----5707----pid-5476
---ebpf-pid----5707----pid-1
---ebpf-pid----5707----pid-5707
---ebpf-pid----5707----pid-5476
---ebpf-pid----5707----pid-1
---ebpf-pid----5707----pid-5707
---ebpf-pid----5707----pid-5476
---ebpf-pid----5707----pid-1
---ebpf-pid----2088----pid-2088
---ebpf-pid----2088----pid-1
---ebpf-pid----2088----pid-2088
---ebpf-pid----2088----pid-1
---ebpf-pid----2088----pid-2088
---ebpf-pid----2088----pid-1
---ebpf-pid----2088----pid-2088
---ebpf-pid----2088----pid-1
---ebpf-pid----2088----pid-2088
---ebpf-pid----2088----pid-1
---ebpf-pid----2088----pid-2088
---ebpf-pid----2088----pid-1
---ebpf-pid----2088----pid-2088
---ebpf-pid----2088----pid-1
---ebpf-pid----2088----pid-2088
---ebpf-pid----2088----pid-1
---ebpf-pid----2088----pid-2088
---ebpf-pid----2088----pid-1
---ebpf-pid----2088----pid-2088
---ebpf-pid----2088----pid-1
---ebpf-pid----2088----pid-2088
---ebpf-pid----2088----pid-1
---ebpf-pid----2088----pid-2088
---ebpf-pid----2088----pid-1
---ebpf-pid----2088----pid-2088
---ebpf-pid----2088----pid-1
---ebpf-pid----2088----pid-2088
---ebpf-pid----2088----pid-1
---ebpf-pid----2088----pid-2088
---ebpf-pid----2088----pid-1
---ebpf-pid----5707----pid-5707
---ebpf-pid----5707----pid-5476
---ebpf-pid----5707----pid-1
---ebpf-pid----5707----pid-5707
---ebpf-pid----5707----pid-5476
---ebpf-pid----5707----pid-1
---ebpf-pid----5707----pid-5707
---ebpf-pid----5707----pid-5476
---ebpf-pid----5707----pid-1
---ebpf-pid----406335----pid-406335
---ebpf-pid----406335----pid-3323
---ebpf-pid----406335----pid-1
---ebpf-pid----406335----pid-406335
---ebpf-pid----406335----pid-3323
---ebpf-pid----406335----pid-1
---ebpf-pid----5108----pid-5108
---ebpf-pid----5108----pid-3323
---ebpf-pid----5108----pid-1
---ebpf-pid----5108----pid-5108
---ebpf-pid----5108----pid-3323
---ebpf-pid----5108----pid-1
---ebpf-pid----5108----pid-5108
---ebpf-pid----5108----pid-3323
---ebpf-pid----5108----pid-1
---ebpf-pid----5108----pid-5108
---ebpf-pid----5108----pid-3323
---ebpf-pid----5108----pid-1
---ebpf-pid----5707----pid-5707
---ebpf-pid----5707----pid-5476
---ebpf-pid----5707----pid-1
---ebpf-pid----5707----pid-5707
---ebpf-pid----5707----pid-5476
---ebpf-pid----5707----pid-1
---ebpf-pid----6671----pid-6671
---ebpf-pid----5108----pid-5108
---ebpf-pid----5108----pid-3323
---ebpf-pid----6671----pid-5476
---ebpf-pid----5108----pid-1
---ebpf-pid----6671----pid-1
---ebpf-pid----5707----pid-5707
---ebpf-pid----6671----pid-6671
---ebpf-pid----5707----pid-5476
---ebpf-pid----6671----pid-5476
---ebpf-pid----6671----pid-1
---ebpf-pid----6671----pid-6671
---ebpf-pid----5707----pid-1
---ebpf-pid----5707----pid-5707
---ebpf-pid----6671----pid-5476
---ebpf-pid----6671----pid-1
---ebpf-pid----5707----pid-5476
---ebpf-pid----6671----pid-6671
---ebpf-pid----5707----pid-1
---ebpf-pid----6671----pid-5476
---ebpf-pid----5108----pid-5108
---ebpf-pid----6671----pid-1
---ebpf-pid----5108----pid-3323
---ebpf-pid----6671----pid-6671
---ebpf-pid----5108----pid-1
---ebpf-pid----5707----pid-5707
---ebpf-pid----5707----pid-5476
---ebpf-pid----5707----pid-1
---ebpf-pid----5707----pid-5707
---ebpf-pid----6671----pid-5476
---ebpf-pid----5707----pid-5476
---ebpf-pid----6671----pid-1
---ebpf-pid----5707----pid-1
---ebpf-pid----6671----pid-6671
---ebpf-pid----6671----pid-5476
---ebpf-pid----6671----pid-1
---ebpf-pid----6671----pid-6671
---ebpf-pid----6671----pid-5476
---ebpf-pid----6671----pid-1
---ebpf-pid----6671----pid-6671
---ebpf-pid----6671----pid-5476
---ebpf-pid----6671----pid-1
---ebpf-pid----6671----pid-6671
---ebpf-pid----6671----pid-5476
---ebpf-pid----6671----pid-1
---ebpf-pid----6671----pid-6671
---ebpf-pid----406335----pid-406335
---ebpf-pid----406335----pid-3323
---ebpf-pid----406335----pid-1
---ebpf-pid----406335----pid-406335
---ebpf-pid----406335----pid-3323
---ebpf-pid----406335----pid-1
---ebpf-pid----406335----pid-406335
---ebpf-pid----406335----pid-3323
---ebpf-pid----406335----pid-1
---ebpf-pid----406335----pid-406335
---ebpf-pid----406335----pid-3323
---ebpf-pid----406335----pid-1
---ebpf-pid----406335----pid-406335
---ebpf-pid----406335----pid-3323
---ebpf-pid----6671----pid-5476
---ebpf-pid----6671----pid-1
---ebpf-pid----6671----pid-6671
---ebpf-pid----6671----pid-5476
---ebpf-pid----6671----pid-1
---ebpf-pid----6671----pid-6671
---ebpf-pid----6671----pid-5476
---ebpf-pid----6671----pid-1
---ebpf-pid----6671----pid-6671
---ebpf-pid----6671----pid-5476
---ebpf-pid----406335----pid-3323
---ebpf-pid----6671----pid-1
---ebpf-pid----406335----pid-1
---ebpf-pid----6671----pid-6671
---ebpf-pid----406335----pid-406335
---ebpf-pid----6671----pid-5476
---ebpf-pid----406335----pid-3323
---ebpf-pid----6671----pid-1
---ebpf-pid----6671----pid-6671
---ebpf-pid----406335----pid-1
---ebpf-pid----406335----pid-406335
---ebpf-pid----6671----pid-5476
---ebpf-pid----406335----pid-3323
---ebpf-pid----6671----pid-1
---ebpf-pid----406335----pid-1
---ebpf-pid----2094----pid-2094
---ebpf-pid----406335----pid-406335
---ebpf-pid----2094----pid-1
---ebpf-pid----2094----pid-2094
---ebpf-pid----406335----pid-3323
---ebpf-pid----2094----pid-1
---ebpf-pid----2094----pid-2094
---ebpf-pid----406335----pid-1
---ebpf-pid----406335----pid-406335
---ebpf-pid----2094----pid-1
---ebpf-pid----2094----pid-2094
---ebpf-pid----406335----pid-3323
---ebpf-pid----2094----pid-1
---ebpf-pid----2094----pid-2094
---ebpf-pid----406335----pid-1
---ebpf-pid----406335----pid-406335
---ebpf-pid----406335----pid-3323
---ebpf-pid----406335----pid-1
---ebpf-pid----406335----pid-406335
---ebpf-pid----406335----pid-3323
---ebpf-pid----406335----pid-1
---ebpf-pid----406335----pid-406335
---ebpf-pid----406335----pid-3323
---ebpf-pid----406335----pid-1
---ebpf-pid----406335----pid-406335
---ebpf-pid----406335----pid-3323
---ebpf-pid----406335----pid-1
---ebpf-pid----406335----pid-406335
---ebpf-pid----406335----pid-3323
---ebpf-pid----406335----pid-1
---ebpf-pid----406335----pid-406335
---ebpf-pid----406335----pid-3323
---ebpf-pid----406335----pid-1
---ebpf-pid----406335----pid-406335
---ebpf-pid----406335----pid-3323
---ebpf-pid----406335----pid-1
---ebpf-pid----406335----pid-406335
---ebpf-pid----406335----pid-3323
---ebpf-pid----406335----pid-1
---ebpf-pid----406335----pid-406335
---ebpf-pid----406335----pid-3323
---ebpf-pid----406335----pid-1
---ebpf-pid----406335----pid-406335
---ebpf-pid----406335----pid-3323
---ebpf-pid----406335----pid-1
---ebpf-pid----406335----pid-406335
---ebpf-pid----406335----pid-3323
---ebpf-pid----406335----pid-1
---ebpf-pid----406335----pid-406335
---ebpf-pid----406335----pid-3323
---ebpf-pid----406335----pid-1
---ebpf-pid----406335----pid-406335
---ebpf-pid----406335----pid-3323
---ebpf-pid----406335----pid-1
---ebpf-pid----406335----pid-406335
---ebpf-pid----406335----pid-3323
---ebpf-pid----406335----pid-1
---ebpf-pid----406335----pid-406335
---ebpf-pid----406335----pid-3323
---ebpf-pid----406335----pid-1
---ebpf-pid----406335----pid-406335
---ebpf-pid----406335----pid-3323
---ebpf-pid----406335----pid-1
---ebpf-pid----406335----pid-406335
---ebpf-pid----406335----pid-3323
---ebpf-pid----406335----pid-1
---ebpf-pid----406335----pid-406335
---ebpf-pid----406335----pid-3323
---ebpf-pid----406335----pid-1
---ebpf-pid----406335----pid-406335
---ebpf-pid----406335----pid-3323
---ebpf-pid----406335----pid-1
---ebpf-pid----406335----pid-406335
---ebpf-pid----406335----pid-3323
---ebpf-pid----406335----pid-1
---ebpf-pid----406335----pid-406335
---ebpf-pid----406335----pid-3323
---ebpf-pid----406335----pid-1
---ebpf-pid----406335----pid-406335
---ebpf-pid----406335----pid-3323
---ebpf-pid----406335----pid-1
---ebpf-pid----406335----pid-406335
---ebpf-pid----406335----pid-3323
---ebpf-pid----406335----pid-1
---ebpf-pid----406335----pid-406335
---ebpf-pid----406335----pid-3323
---ebpf-pid----406335----pid-1
---ebpf-pid----406335----pid-406335
---ebpf-pid----406335----pid-3323
---ebpf-pid----406335----pid-1
---ebpf-pid----406335----pid-406335
---ebpf-pid----406335----pid-3323
---ebpf-pid----406335----pid-1
---ebpf-pid----406335----pid-406335
---ebpf-pid----406335----pid-3323
---ebpf-pid----406335----pid-1
---ebpf-pid----406335----pid-406335
---ebpf-pid----406335----pid-3323
---ebpf-pid----406335----pid-1
---ebpf-pid----406335----pid-406335
---ebpf-pid----406335----pid-3323
---ebpf-pid----406335----pid-1
---ebpf-pid----406335----pid-406335
---ebpf-pid----406335----pid-3323
---ebpf-pid----406335----pid-1
---ebpf-pid----406335----pid-406335
---ebpf-pid----406335----pid-3323
---ebpf-pid----406335----pid-1
---ebpf-pid----406335----pid-406335
---ebpf-pid----406335----pid-3323
---ebpf-pid----406335----pid-1
---ebpf-pid----406335----pid-406335
---ebpf-pid----406335----pid-3323
---ebpf-pid----406335----pid-1
---ebpf-pid----406335----pid-406335
---ebpf-pid----406335----pid-3323
---ebpf-pid----406335----pid-1
---ebpf-pid----406335----pid-406335
---ebpf-pid----406335----pid-3323
---ebpf-pid----406335----pid-1
---ebpf-pid----406335----pid-406335
---ebpf-pid----406335----pid-3323
---ebpf-pid----406335----pid-1
---ebpf-pid----406335----pid-406335
---ebpf-pid----406335----pid-3323
---ebpf-pid----406335----pid-1
---ebpf-pid----406335----pid-406335
---ebpf-pid----406335----pid-3323
---ebpf-pid----406335----pid-1
---ebpf-pid----406335----pid-406335
---ebpf-pid----406335----pid-3323
---ebpf-pid----2094----pid-1
---ebpf-pid----2094----pid-2094
---ebpf-pid----2094----pid-1
---ebpf-pid----406335----pid-1
---ebpf-pid----406334----pid-406334
---ebpf-pid----406334----pid-3323
---ebpf-pid----406334----pid-1
---ebpf-pid----406335----pid-406335
---ebpf-pid----406335----pid-3323
---ebpf-pid----406335----pid-1
---ebpf-pid----406335----pid-406335
---ebpf-pid----406335----pid-3323
---ebpf-pid----2094----pid-2094
---ebpf-pid----2094----pid-1
---ebpf-pid----2089----pid-2089
---ebpf-pid----2089----pid-1
---ebpf-pid----2089----pid-2089
---ebpf-pid----2089----pid-1
---ebpf-pid----2089----pid-2089
---ebpf-pid----2089----pid-1
---ebpf-pid----2089----pid-2089
---ebpf-pid----2089----pid-1
---ebpf-pid----2089----pid-2089
---ebpf-pid----2089----pid-1
---ebpf-pid----2089----pid-2089
---ebpf-pid----2089----pid-1
---ebpf-pid----2089----pid-2089
---ebpf-pid----2089----pid-1
---ebpf-pid----2089----pid-2089
---ebpf-pid----2089----pid-1
---ebpf-pid----2089----pid-2089
---ebpf-pid----2089----pid-1
---ebpf-pid----2089----pid-2089
---ebpf-pid----2089----pid-1
---ebpf-pid----2089----pid-2089
---ebpf-pid----2089----pid-1
---ebpf-pid----2089----pid-2089
---ebpf-pid----406335----pid-1
---ebpf-pid----2089----pid-1
---ebpf-pid----2089----pid-2089
---ebpf-pid----406335----pid-406335
---ebpf-pid----406335----pid-3323
---ebpf-pid----2089----pid-1
---ebpf-pid----406335----pid-1
---ebpf-pid----2029----pid-2029
---ebpf-pid----406335----pid-406335
---ebpf-pid----2029----pid-1
---ebpf-pid----406335----pid-3323
---ebpf-pid----2029----pid-2029
---ebpf-pid----406335----pid-1
---ebpf-pid----2029----pid-1
---ebpf-pid----406335----pid-406335
---ebpf-pid----2089----pid-2089
---ebpf-pid----406335----pid-3323
---ebpf-pid----2089----pid-1
---ebpf-pid----5707----pid-5707
---ebpf-pid----406335----pid-1
---ebpf-pid----406335----pid-406335
---ebpf-pid----406335----pid-3323
---ebpf-pid----406335----pid-1
---ebpf-pid----406335----pid-406335
---ebpf-pid----406335----pid-3323
---ebpf-pid----406335----pid-1
---ebpf-pid----406335----pid-406335
---ebpf-pid----406335----pid-3323
---ebpf-pid----406335----pid-1
---ebpf-pid----406335----pid-406335
---ebpf-pid----406335----pid-3323
---ebpf-pid----406335----pid-1
---ebpf-pid----406335----pid-406335
---ebpf-pid----406335----pid-3323
---ebpf-pid----406335----pid-1
---ebpf-pid----406335----pid-406335
---ebpf-pid----406335----pid-3323
---ebpf-pid----406335----pid-1
---ebpf-pid----406335----pid-406335
---ebpf-pid----406335----pid-3323
---ebpf-pid----406335----pid-1
---ebpf-pid----406335----pid-406335
---ebpf-pid----406335----pid-3323
---ebpf-pid----406335----pid-1
---ebpf-pid----406335----pid-406335
---ebpf-pid----406335----pid-3323
---ebpf-pid----406335----pid-1
---ebpf-pid----406335----pid-406335
---ebpf-pid----406335----pid-3323
---ebpf-pid----406335----pid-1
---ebpf-pid----406335----pid-406335
---ebpf-pid----406335----pid-3323
---ebpf-pid----406335----pid-1
---ebpf-pid----406335----pid-406335
---ebpf-pid----406335----pid-3323
---ebpf-pid----406335----pid-1
---ebpf-pid----406335----pid-406335
---ebpf-pid----406335----pid-3323
---ebpf-pid----406335----pid-1
---ebpf-pid----406335----pid-406335
---ebpf-pid----406335----pid-3323
---ebpf-pid----406335----pid-1
---ebpf-pid----2088----pid-2088
---ebpf-pid----2088----pid-1
---ebpf-pid----2088----pid-2088
---ebpf-pid----2088----pid-1
---ebpf-pid----2088----pid-2088
---ebpf-pid----372881----pid-372881
---ebpf-pid----2088----pid-1
---ebpf-pid----2088----pid-2088
---ebpf-pid----372881----pid-1
---ebpf-pid----2088----pid-1
---ebpf-pid----372881----pid-372881
---ebpf-pid----2088----pid-2088
---ebpf-pid----2088----pid-1
---ebpf-pid----372881----pid-1
---ebpf-pid----2088----pid-2088
---ebpf-pid----372881----pid-372881
---ebpf-pid----2088----pid-1
---ebpf-pid----372881----pid-1
---ebpf-pid----2088----pid-2088
---ebpf-pid----372881----pid-372881
---ebpf-pid----2088----pid-1
---ebpf-pid----2088----pid-2088
---ebpf-pid----2088----pid-1
---ebpf-pid----2088----pid-2088
---ebpf-pid----372881----pid-1
---ebpf-pid----2088----pid-1
---ebpf-pid----372881----pid-372881
---ebpf-pid----2088----pid-2088
---ebpf-pid----372881----pid-1
---ebpf-pid----2088----pid-1
---ebpf-pid----372881----pid-372881
---ebpf-pid----2088----pid-2088
---ebpf-pid----372881----pid-1
---ebpf-pid----2088----pid-1
---ebpf-pid----372881----pid-372881
---ebpf-pid----2088----pid-2088
---ebpf-pid----372881----pid-1
---ebpf-pid----2088----pid-1
---ebpf-pid----372881----pid-372881
---ebpf-pid----2088----pid-2088
---ebpf-pid----372881----pid-1
---ebpf-pid----2088----pid-1
---ebpf-pid----372881----pid-372881
---ebpf-pid----2088----pid-2088
---ebpf-pid----372881----pid-1
---ebpf-pid----2088----pid-1
---ebpf-pid----372881----pid-372881
---ebpf-pid----2088----pid-2088
---ebpf-pid----372881----pid-1
---ebpf-pid----2088----pid-1
---ebpf-pid----372881----pid-372881
---ebpf-pid----2088----pid-2088
---ebpf-pid----372881----pid-1
---ebpf-pid----372881----pid-372881
---ebpf-pid----5707----pid-5476
---ebpf-pid----5707----pid-1
---ebpf-pid----5707----pid-5707
---ebpf-pid----5707----pid-5476
---ebpf-pid----5707----pid-1
---ebpf-pid----5707----pid-5707
---ebpf-pid----5707----pid-5476
---ebpf-pid----406335----pid-1
---ebpf-pid----406334----pid-406334
---ebpf-pid----406334----pid-3323
---ebpf-pid----406334----pid-1
---ebpf-pid----406334----pid-406334
---ebpf-pid----406334----pid-3323
---ebpf-pid----406334----pid-1
---ebpf-pid----406334----pid-406334
---ebpf-pid----406334----pid-3323
---ebpf-pid----406334----pid-1
---ebpf-pid----5707----pid-5707
---ebpf-pid----5707----pid-5476
---ebpf-pid----5707----pid-1
---ebpf-pid----5707----pid-5707
---ebpf-pid----372881----pid-1
---ebpf-pid----372881----pid-372881
---ebpf-pid----372881----pid-1
---ebpf-pid----372881----pid-372881
---ebpf-pid----372881----pid-1
---ebpf-pid----2094----pid-2094
---ebpf-pid----2094----pid-1
---ebpf-pid----2094----pid-2094
---ebpf-pid----2094----pid-1
---ebpf-pid----2089----pid-2089
---ebpf-pid----2089----pid-1
---ebpf-pid----2094----pid-2094
---ebpf-pid----2094----pid-1
---ebpf-pid----2088----pid-1
---ebpf-pid----2088----pid-2088
---ebpf-pid----2088----pid-1
---ebpf-pid----2088----pid-2088
---ebpf-pid----2088----pid-1
---ebpf-pid----2088----pid-2088
---ebpf-pid----2088----pid-1
---ebpf-pid----2088----pid-2088
---ebpf-pid----2088----pid-1
---ebpf-pid----5705----pid-5705
---ebpf-pid----5705----pid-5476
---ebpf-pid----5705----pid-1
---ebpf-pid----5705----pid-5705
---ebpf-pid----5705----pid-5476
---ebpf-pid----5707----pid-1
---ebpf-pid----5707----pid-5707
---ebpf-pid----5707----pid-5476
---ebpf-pid----5705----pid-1
---ebpf-pid----5705----pid-5705
---ebpf-pid----2094----pid-2094
---ebpf-pid----2094----pid-1
---ebpf-pid----2094----pid-2094
---ebpf-pid----2094----pid-1
---ebpf-pid----2094----pid-2094
---ebpf-pid----2094----pid-1
---ebpf-pid----2094----pid-2094
---ebpf-pid----2094----pid-1
---ebpf-pid----2094----pid-2094
---ebpf-pid----2094----pid-1
---ebpf-pid----2094----pid-2094
---ebpf-pid----2094----pid-1
---ebpf-pid----2094----pid-2094
---ebpf-pid----2094----pid-1
---ebpf-pid----2094----pid-2094
---ebpf-pid----2094----pid-1
---ebpf-pid----2094----pid-2094
---ebpf-pid----2094----pid-1
---ebpf-pid----2094----pid-2094
---ebpf-pid----2094----pid-1
---ebpf-pid----2094----pid-2094
---ebpf-pid----2094----pid-1
---ebpf-pid----2094----pid-2094
---ebpf-pid----2094----pid-1
---ebpf-pid----2094----pid-2094
---ebpf-pid----2094----pid-1
---ebpf-pid----2094----pid-2094
---ebpf-pid----2094----pid-1
---ebpf-pid----2094----pid-2094
---ebpf-pid----2094----pid-1
---ebpf-pid----2094----pid-2094
---ebpf-pid----5707----pid-1
---ebpf-pid----5707----pid-5707
---ebpf-pid----5707----pid-5476
---ebpf-pid----5705----pid-5476
---ebpf-pid----5705----pid-1
---ebpf-pid----5705----pid-5705
---ebpf-pid----5705----pid-5476
---ebpf-pid----5707----pid-5476
---ebpf-pid----5707----pid-1
---ebpf-pid----5707----pid-1
---ebpf-pid----5707----pid-5707
---ebpf-pid----5707----pid-5707
---ebpf-pid----5705----pid-1
---ebpf-pid----5707----pid-5476
---ebpf-pid----5707----pid-5476
---ebpf-pid----6671----pid-6671
---ebpf-pid----5707----pid-1
---ebpf-pid----5707----pid-5707
---ebpf-pid----5707----pid-1
---ebpf-pid----6671----pid-5476
---ebpf-pid----5707----pid-5707
---ebpf-pid----6671----pid-1
---ebpf-pid----5707----pid-5476
---ebpf-pid----5707----pid-1
---ebpf-pid----5707----pid-5707
---ebpf-pid----5707----pid-5476
---ebpf-pid----5707----pid-1
---ebpf-pid----6671----pid-6671
---ebpf-pid----6671----pid-5476
---ebpf-pid----6671----pid-1
---ebpf-pid----2089----pid-2089
---ebpf-pid----5707----pid-5476
---ebpf-pid----5707----pid-1
---ebpf-pid----5707----pid-5707
---ebpf-pid----5707----pid-5476
---ebpf-pid----5707----pid-1
---ebpf-pid----5707----pid-5707
---ebpf-pid----5707----pid-5476
---ebpf-pid----5707----pid-1
---ebpf-pid----5707----pid-5707
---ebpf-pid----2089----pid-1
---ebpf-pid----5707----pid-5707
---ebpf-pid----5707----pid-5476
---ebpf-pid----2089----pid-2089
---ebpf-pid----2089----pid-1
---ebpf-pid----2089----pid-2089
---ebpf-pid----5707----pid-1
---ebpf-pid----5707----pid-5707
---ebpf-pid----5707----pid-5476
---ebpf-pid----2089----pid-1
---ebpf-pid----2089----pid-2089
---ebpf-pid----2089----pid-1
---ebpf-pid----2089----pid-2089
---ebpf-pid----2094----pid-1
---ebpf-pid----5707----pid-5476
---ebpf-pid----2094----pid-2094
---ebpf-pid----5707----pid-1
---ebpf-pid----5707----pid-5707
---ebpf-pid----5707----pid-1
---ebpf-pid----2089----pid-1
---ebpf-pid----5707----pid-5707
---ebpf-pid----5707----pid-5476
---ebpf-pid----2094----pid-1
---ebpf-pid----2089----pid-2089
---ebpf-pid----5705----pid-5705
---ebpf-pid----5707----pid-5476
---ebpf-pid----5705----pid-5476
---ebpf-pid----2089----pid-1
---ebpf-pid----2089----pid-2089
---ebpf-pid----5707----pid-1
---ebpf-pid----5707----pid-5707
---ebpf-pid----5705----pid-1
---ebpf-pid----5707----pid-1
---ebpf-pid----5707----pid-5707
---ebpf-pid----5705----pid-5705
---ebpf-pid----5707----pid-5476
---ebpf-pid----2089----pid-1
---ebpf-pid----2089----pid-2089
---ebpf-pid----2089----pid-1
---ebpf-pid----2089----pid-2089
---ebpf-pid----5705----pid-5476
---ebpf-pid----5707----pid-1
---ebpf-pid----5707----pid-5476
---ebpf-pid----5707----pid-1
---ebpf-pid----5707----pid-5707
---ebpf-pid----5705----pid-1
---ebpf-pid----5705----pid-5705
---ebpf-pid----5705----pid-5705
---ebpf-pid----5705----pid-5476
---ebpf-pid----5705----pid-1
---ebpf-pid----5705----pid-5705
---ebpf-pid----5705----pid-5476
---ebpf-pid----5705----pid-1
---ebpf-pid----5707----pid-5707
---ebpf-pid----2089----pid-1
---ebpf-pid----5707----pid-5476
---ebpf-pid----2089----pid-2089
---ebpf-pid----2089----pid-1
---ebpf-pid----5705----pid-5476
---ebpf-pid----5707----pid-1
---ebpf-pid----2089----pid-2089
---ebpf-pid----2089----pid-1
---ebpf-pid----5705----pid-1
---ebpf-pid----5707----pid-5707
---ebpf-pid----5705----pid-5705
---ebpf-pid----5707----pid-5476
---ebpf-pid----2089----pid-2089
---ebpf-pid----5707----pid-5476
---ebpf-pid----5705----pid-5476
---ebpf-pid----5705----pid-1
---ebpf-pid----5705----pid-5705
---ebpf-pid----5705----pid-5476
---ebpf-pid----5705----pid-1
---ebpf-pid----5707----pid-1
---ebpf-pid----2089----pid-1
---ebpf-pid----2089----pid-2089
---ebpf-pid----5707----pid-1
---ebpf-pid----5707----pid-5707
---ebpf-pid----5707----pid-5707
---ebpf-pid----5707----pid-5476
---ebpf-pid----5707----pid-1
---ebpf-pid----2089----pid-1
---ebpf-pid----2089----pid-2089
---ebpf-pid----5707----pid-5476
---ebpf-pid----5707----pid-1
---ebpf-pid----5707----pid-5707
---ebpf-pid----5705----pid-5705
---ebpf-pid----2089----pid-1
---ebpf-pid----5707----pid-5707
---ebpf-pid----5705----pid-5476
---ebpf-pid----5707----pid-5476
---ebpf-pid----2089----pid-2089
---ebpf-pid----2089----pid-1
---ebpf-pid----5707----pid-1
---ebpf-pid----5707----pid-5476
---ebpf-pid----5705----pid-1
---ebpf-pid----5707----pid-5707
---ebpf-pid----5705----pid-5705
---ebpf-pid----2089----pid-2089
---ebpf-pid----2089----pid-1
---ebpf-pid----2089----pid-2089
---ebpf-pid----5705----pid-5476
---ebpf-pid----5705----pid-1
---ebpf-pid----372881----pid-372881
---ebpf-pid----372881----pid-1
---ebpf-pid----372881----pid-372881
---ebpf-pid----372881----pid-1
---ebpf-pid----372881----pid-372881
---ebpf-pid----372881----pid-1
---ebpf-pid----372881----pid-372881
---ebpf-pid----372881----pid-1
---ebpf-pid----372881----pid-372881
---ebpf-pid----372881----pid-1
---ebpf-pid----372881----pid-372881
---ebpf-pid----372881----pid-1
---ebpf-pid----372881----pid-372881
---ebpf-pid----372881----pid-1
---ebpf-pid----372881----pid-372881
---ebpf-pid----372881----pid-1
---ebpf-pid----372881----pid-372881
---ebpf-pid----372881----pid-1
---ebpf-pid----372881----pid-372881
---ebpf-pid----372881----pid-1
---ebpf-pid----372881----pid-372881
---ebpf-pid----372881----pid-1
---ebpf-pid----2094----pid-2094
---ebpf-pid----2094----pid-1
---ebpf-pid----2094----pid-2094
---ebpf-pid----2094----pid-1
---ebpf-pid----2094----pid-2094
---ebpf-pid----5707----pid-5476
---ebpf-pid----5707----pid-1
---ebpf-pid----5707----pid-5707
---ebpf-pid----5707----pid-5476
---ebpf-pid----5707----pid-1
---ebpf-pid----5707----pid-5707
---ebpf-pid----5707----pid-5476
---ebpf-pid----5707----pid-1
---ebpf-pid----5707----pid-5707
---ebpf-pid----5707----pid-5476
---ebpf-pid----5707----pid-1
---ebpf-pid----5707----pid-5707
---ebpf-pid----5707----pid-5476
---ebpf-pid----5707----pid-1
---ebpf-pid----5707----pid-5707
---ebpf-pid----5707----pid-5476
---ebpf-pid----5707----pid-1
---ebpf-pid----448785----pid-448785
---ebpf-pid----448785----pid-448520
---ebpf-pid----448785----pid-1
---ebpf-pid----5707----pid-5707
---ebpf-pid----5707----pid-5476
---ebpf-pid----5707----pid-1
---ebpf-pid----448785----pid-448785
---ebpf-pid----448785----pid-448520
---ebpf-pid----448785----pid-1
---ebpf-pid----5707----pid-5707
---ebpf-pid----5707----pid-5476
---ebpf-pid----5707----pid-1
---ebpf-pid----379067----pid-379067
---ebpf-pid----379067----pid-5476
---ebpf-pid----379067----pid-1
---ebpf-pid----379067----pid-379067
---ebpf-pid----379067----pid-5476
---ebpf-pid----379067----pid-1
---ebpf-pid----448785----pid-448785
---ebpf-pid----448785----pid-448520
---ebpf-pid----448785----pid-1
---ebpf-pid----448785----pid-448785
---ebpf-pid----448785----pid-448520
---ebpf-pid----448785----pid-1
---ebpf-pid----448785----pid-448785
---ebpf-pid----448785----pid-448520
---ebpf-pid----448785----pid-1
---ebpf-pid----448785----pid-448785
---ebpf-pid----448785----pid-448520
---ebpf-pid----448785----pid-1
---ebpf-pid----448785----pid-448785
---ebpf-pid----448785----pid-448520
---ebpf-pid----448785----pid-1
---ebpf-pid----448785----pid-448785
---ebpf-pid----448785----pid-448520
---ebpf-pid----448785----pid-1
---ebpf-pid----448785----pid-448785
---ebpf-pid----448785----pid-448520
---ebpf-pid----448785----pid-1
---ebpf-pid----448785----pid-448785
---ebpf-pid----448785----pid-448520
---ebpf-pid----448785----pid-1
---ebpf-pid----448785----pid-448785
---ebpf-pid----448785----pid-448520
---ebpf-pid----448785----pid-1
---ebpf-pid----448785----pid-448785
---ebpf-pid----448785----pid-448520
---ebpf-pid----448785----pid-1
---ebpf-pid----448785----pid-448785
---ebpf-pid----448785----pid-448520
---ebpf-pid----448785----pid-1
---ebpf-pid----448785----pid-448785
---ebpf-pid----448785----pid-448520
---ebpf-pid----448785----pid-1
---ebpf-pid----448785----pid-448785
---ebpf-pid----448785----pid-448520
---ebpf-pid----448785----pid-1
---ebpf-pid----448785----pid-448785
---ebpf-pid----448785----pid-448520
---ebpf-pid----448785----pid-1
---ebpf-pid----448785----pid-448785
---ebpf-pid----448785----pid-448520
---ebpf-pid----448785----pid-1
---ebpf-pid----448785----pid-448785
---ebpf-pid----448785----pid-448520
---ebpf-pid----448785----pid-1
---ebpf-pid----448785----pid-448785
---ebpf-pid----448785----pid-448520
---ebpf-pid----448785----pid-1
---ebpf-pid----448785----pid-448785
---ebpf-pid----448785----pid-448520
---ebpf-pid----448785----pid-1
---ebpf-pid----448785----pid-448785
---ebpf-pid----448785----pid-448520
---ebpf-pid----448785----pid-1
---ebpf-pid----448785----pid-448785
---ebpf-pid----448785----pid-448520
---ebpf-pid----448785----pid-1
---ebpf-pid----448785----pid-448785
---ebpf-pid----448785----pid-448520
---ebpf-pid----448785----pid-1
---ebpf-pid----448785----pid-448785
---ebpf-pid----448785----pid-448520
---ebpf-pid----448785----pid-1
---ebpf-pid----448785----pid-448785
---ebpf-pid----448785----pid-448520
---ebpf-pid----448785----pid-1
---ebpf-pid----448785----pid-448785
---ebpf-pid----448785----pid-448520
---ebpf-pid----448785----pid-1
---ebpf-pid----448785----pid-448785
---ebpf-pid----448785----pid-448520
---ebpf-pid----448785----pid-1
---ebpf-pid----448785----pid-448785
---ebpf-pid----448785----pid-448520
---ebpf-pid----448785----pid-1
---ebpf-pid----448785----pid-448785
---ebpf-pid----448785----pid-448520
---ebpf-pid----448785----pid-1
---ebpf-pid----448785----pid-448785
---ebpf-pid----448785----pid-448520
---ebpf-pid----448785----pid-1
---ebpf-pid----448782----pid-448782
---ebpf-pid----448782----pid-448520
---ebpf-pid----448782----pid-1
---ebpf-pid----448782----pid-448782
---ebpf-pid----448782----pid-448520
---ebpf-pid----448782----pid-1
---ebpf-pid----1856----pid-1856
---ebpf-pid----1856----pid-1
---ebpf-pid----2094----pid-2094
---ebpf-pid----2094----pid-1
---ebpf-pid----2094----pid-2094
---ebpf-pid----2094----pid-1
---ebpf-pid----2094----pid-2094
---ebpf-pid----2094----pid-1
---ebpf-pid----2094----pid-2094
---ebpf-pid----2094----pid-1
---ebpf-pid----2094----pid-2094
---ebpf-pid----2094----pid-1
---ebpf-pid----2094----pid-2094
---ebpf-pid----2094----pid-1
---ebpf-pid----2094----pid-2094
---ebpf-pid----2094----pid-1
---ebpf-pid----2094----pid-2094
---ebpf-pid----2094----pid-1
---ebpf-pid----2094----pid-2094
---ebpf-pid----2094----pid-1
---ebpf-pid----2094----pid-2094
---ebpf-pid----2094----pid-1
---ebpf-pid----2094----pid-2094
---ebpf-pid----2094----pid-1
---ebpf-pid----2094----pid-2094
---ebpf-pid----2094----pid-1
---ebpf-pid----2094----pid-2094
---ebpf-pid----2094----pid-1
---ebpf-pid----2094----pid-2094
---ebpf-pid----2094----pid-1
---ebpf-pid----2094----pid-2094
---ebpf-pid----2094----pid-1
---ebpf-pid----2094----pid-2094
---ebpf-pid----2094----pid-1
---ebpf-pid----2094----pid-2094
---ebpf-pid----2094----pid-1
---ebpf-pid----2094----pid-2094
---ebpf-pid----2094----pid-1
---ebpf-pid----2094----pid-2094
---ebpf-pid----2094----pid-1
---ebpf-pid----2094----pid-2094
---ebpf-pid----2094----pid-1
---ebpf-pid----2094----pid-2094
---ebpf-pid----2094----pid-1
---ebpf-pid----2094----pid-2094
---ebpf-pid----2094----pid-1
---ebpf-pid----2089----pid-1
---ebpf-pid----5707----pid-1
---ebpf-pid----379067----pid-379067
---ebpf-pid----2094----pid-2094
---ebpf-pid----379067----pid-5476
---ebpf-pid----2094----pid-1
---ebpf-pid----2094----pid-2094
---ebpf-pid----379067----pid-1
---ebpf-pid----379067----pid-379067
---ebpf-pid----2094----pid-1
---ebpf-pid----379067----pid-5476
---ebpf-pid----2094----pid-2094
---ebpf-pid----379067----pid-1
---ebpf-pid----2094----pid-1
---ebpf-pid----379067----pid-379067
---ebpf-pid----2094----pid-2094
---ebpf-pid----379067----pid-5476
---ebpf-pid----2094----pid-1
---ebpf-pid----379067----pid-1
---ebpf-pid----2094----pid-2094
---ebpf-pid----379067----pid-379067
---ebpf-pid----2094----pid-1
---ebpf-pid----379067----pid-5476
---ebpf-pid----2094----pid-2094
---ebpf-pid----379067----pid-1
---ebpf-pid----379067----pid-379067
---ebpf-pid----2094----pid-1
---ebpf-pid----2094----pid-2094
---ebpf-pid----379067----pid-5476
---ebpf-pid----2094----pid-1
---ebpf-pid----379067----pid-1
---ebpf-pid----2094----pid-2094
---ebpf-pid----379067----pid-379067
---ebpf-pid----2094----pid-1
---ebpf-pid----379067----pid-5476
---ebpf-pid----2094----pid-2094
---ebpf-pid----379067----pid-1
---ebpf-pid----2094----pid-1
---ebpf-pid----379067----pid-379067
---ebpf-pid----2094----pid-2094
---ebpf-pid----379067----pid-5476
---ebpf-pid----2094----pid-1
---ebpf-pid----2094----pid-2094
---ebpf-pid----379067----pid-1
---ebpf-pid----379067----pid-379067
---ebpf-pid----2094----pid-1
---ebpf-pid----2094----pid-2094
---ebpf-pid----379067----pid-5476
---ebpf-pid----2094----pid-1
---ebpf-pid----379067----pid-1
---ebpf-pid----2094----pid-2094
---ebpf-pid----379067----pid-379067
---ebpf-pid----2094----pid-1
---ebpf-pid----379067----pid-5476
---ebpf-pid----2094----pid-2094
---ebpf-pid----2089----pid-2089
---ebpf-pid----379067----pid-1
---ebpf-pid----2094----pid-1
---ebpf-pid----2089----pid-1
---ebpf-pid----372714----pid-372714
---ebpf-pid----2094----pid-2094
---ebpf-pid----2089----pid-2089
---ebpf-pid----372714----pid-5476
---ebpf-pid----2089----pid-1
---ebpf-pid----2094----pid-1
---ebpf-pid----2089----pid-2089
---ebpf-pid----2094----pid-2094
---ebpf-pid----372714----pid-1
---ebpf-pid----2089----pid-1
---ebpf-pid----372714----pid-372714
---ebpf-pid----2089----pid-2089
---ebpf-pid----2094----pid-1
---ebpf-pid----2094----pid-2094
---ebpf-pid----2089----pid-1
---ebpf-pid----372714----pid-5476
---ebpf-pid----2089----pid-2089
---ebpf-pid----2094----pid-1
---ebpf-pid----2094----pid-2094
---ebpf-pid----372714----pid-1
---ebpf-pid----2089----pid-1
---ebpf-pid----6671----pid-6671
---ebpf-pid----2089----pid-2089
---ebpf-pid----2094----pid-1
---ebpf-pid----2094----pid-2094
---ebpf-pid----2089----pid-1
---ebpf-pid----6671----pid-5476
---ebpf-pid----2089----pid-2089
---ebpf-pid----2094----pid-1
---ebpf-pid----6671----pid-1
---ebpf-pid----2089----pid-1
---ebpf-pid----2094----pid-2094
---ebpf-pid----5705----pid-5705
---ebpf-pid----2089----pid-2089
---ebpf-pid----5705----pid-5476
---ebpf-pid----5705----pid-1
---ebpf-pid----6671----pid-6671
---ebpf-pid----2094----pid-1
---ebpf-pid----2094----pid-2094
---ebpf-pid----6671----pid-5476
---ebpf-pid----6671----pid-1
---ebpf-pid----6671----pid-6671
---ebpf-pid----2094----pid-1
---ebpf-pid----6671----pid-5476
---ebpf-pid----2094----pid-2094
---ebpf-pid----6671----pid-1
---ebpf-pid----2094----pid-2094
---ebpf-pid----2094----pid-1
---ebpf-pid----2094----pid-2094
---ebpf-pid----2094----pid-1
---ebpf-pid----2094----pid-1
---ebpf-pid----2094----pid-2094
---ebpf-pid----2094----pid-2094
---ebpf-pid----2094----pid-1
---ebpf-pid----2089----pid-2089
---ebpf-pid----2094----pid-1
---ebpf-pid----2094----pid-2094
---ebpf-pid----2089----pid-1
---ebpf-pid----2089----pid-2089
---ebpf-pid----2089----pid-1
---ebpf-pid----372881----pid-372881
---ebpf-pid----2094----pid-1
---ebpf-pid----2094----pid-2094
---ebpf-pid----2094----pid-1
---ebpf-pid----2094----pid-2094
---ebpf-pid----2094----pid-1
---ebpf-pid----2094----pid-2094
---ebpf-pid----2094----pid-1
---ebpf-pid----2094----pid-2094
---ebpf-pid----2094----pid-1
---ebpf-pid----2094----pid-2094
---ebpf-pid----2094----pid-1
---ebpf-pid----2094----pid-2094
---ebpf-pid----2089----pid-1
---ebpf-pid----2089----pid-2089
---ebpf-pid----2089----pid-1
---ebpf-pid----2089----pid-2089
---ebpf-pid----2089----pid-1
---ebpf-pid----2089----pid-2089
---ebpf-pid----2089----pid-1
---ebpf-pid----2089----pid-2089
---ebpf-pid----2089----pid-1
---ebpf-pid----2089----pid-2089
---ebpf-pid----2094----pid-1
---ebpf-pid----2089----pid-1
---ebpf-pid----2089----pid-2089
---ebpf-pid----2094----pid-2094
---ebpf-pid----2089----pid-1
---ebpf-pid----2094----pid-1
---ebpf-pid----2089----pid-2089
---ebpf-pid----2094----pid-2094
---ebpf-pid----2089----pid-1
---ebpf-pid----2094----pid-1
---ebpf-pid----2089----pid-2089
---ebpf-pid----2094----pid-2094
---ebpf-pid----2094----pid-1
---ebpf-pid----2094----pid-2094
---ebpf-pid----2094----pid-1
---ebpf-pid----2094----pid-2094
---ebpf-pid----2094----pid-1
---ebpf-pid----2094----pid-1
---ebpf-pid----2094----pid-2094
---ebpf-pid----2094----pid-2094
---ebpf-pid----2094----pid-1
---ebpf-pid----2094----pid-2094
---ebpf-pid----2094----pid-1
---ebpf-pid----2094----pid-2094
---ebpf-pid----2094----pid-1
---ebpf-pid----2094----pid-2094
---ebpf-pid----2094----pid-1
---ebpf-pid----2094----pid-2094
---ebpf-pid----2094----pid-1
---ebpf-pid----2094----pid-1
---ebpf-pid----2094----pid-2094
---ebpf-pid----2094----pid-2094
---ebpf-pid----2094----pid-1
---ebpf-pid----2094----pid-1
---ebpf-pid----2094----pid-2094
---ebpf-pid----2094----pid-2094
---ebpf-pid----2094----pid-1
---ebpf-pid----2094----pid-1
---ebpf-pid----2094----pid-2094
---ebpf-pid----2094----pid-2094
---ebpf-pid----2094----pid-1
---ebpf-pid----2094----pid-1
---ebpf-pid----372881----pid-1
---ebpf-pid----2089----pid-1
---ebpf-pid----372881----pid-372881
---ebpf-pid----2089----pid-2089
---ebpf-pid----372881----pid-1
---ebpf-pid----2089----pid-2089
---ebpf-pid----2089----pid-1
---ebpf-pid----2089----pid-2089
---ebpf-pid----2089----pid-1
---ebpf-pid----2089----pid-2089
---ebpf-pid----2089----pid-1
---ebpf-pid----2089----pid-2089
---ebpf-pid----2089----pid-1
---ebpf-pid----2089----pid-2089
---ebpf-pid----2089----pid-1
---ebpf-pid----2089----pid-1
---ebpf-pid----2089----pid-2089
---ebpf-pid----2089----pid-2089
---ebpf-pid----2089----pid-1
---ebpf-pid----2089----pid-1
---ebpf-pid----2089----pid-2089
---ebpf-pid----2089----pid-2089
---ebpf-pid----2089----pid-1
---ebpf-pid----2089----pid-2089
---ebpf-pid----2089----pid-1
---ebpf-pid----2089----pid-1
---ebpf-pid----2089----pid-2089
---ebpf-pid----2089----pid-2089
---ebpf-pid----2089----pid-1
---ebpf-pid----2089----pid-1
---ebpf-pid----2089----pid-2089
---ebpf-pid----2089----pid-2089
---ebpf-pid----2089----pid-1
---ebpf-pid----2089----pid-1
---ebpf-pid----2089----pid-2089
---ebpf-pid----2089----pid-2089
---ebpf-pid----2089----pid-1
---ebpf-pid----2089----pid-2089
---ebpf-pid----2089----pid-1
---ebpf-pid----2089----pid-2089
---ebpf-pid----2089----pid-1
---ebpf-pid----2089----pid-2089
---ebpf-pid----2089----pid-1
---ebpf-pid----2089----pid-2089
---ebpf-pid----2089----pid-1
---ebpf-pid----2089----pid-2089
---ebpf-pid----2089----pid-1
---ebpf-pid----2089----pid-1
---ebpf-pid----2089----pid-2089
---ebpf-pid----2089----pid-2089
---ebpf-pid----2089----pid-1
---ebpf-pid----2089----pid-1
---ebpf-pid----2089----pid-2089
---ebpf-pid----372881----pid-372881
---ebpf-pid----372881----pid-1
---ebpf-pid----372881----pid-372881
---ebpf-pid----372881----pid-1
---ebpf-pid----2089----pid-2089
---ebpf-pid----2089----pid-1
---ebpf-pid----2089----pid-2089
---ebpf-pid----2089----pid-1
---ebpf-pid----2089----pid-2089
---ebpf-pid----2089----pid-1
---ebpf-pid----2089----pid-2089
---ebpf-pid----2089----pid-1
---ebpf-pid----2089----pid-2089
---ebpf-pid----2094----pid-2094
---ebpf-pid----2089----pid-1
---ebpf-pid----2089----pid-2089
---ebpf-pid----2089----pid-1
---ebpf-pid----372881----pid-372881
---ebpf-pid----2094----pid-2094
---ebpf-pid----372881----pid-1
---ebpf-pid----372881----pid-372881
---ebpf-pid----372881----pid-1
---ebpf-pid----372881----pid-372881
---ebpf-pid----372881----pid-1
---ebpf-pid----372881----pid-372881
---ebpf-pid----372881----pid-1
---ebpf-pid----372881----pid-372881
---ebpf-pid----372881----pid-1
---ebpf-pid----372881----pid-372881
---ebpf-pid----372881----pid-1
---ebpf-pid----372881----pid-372881
---ebpf-pid----372881----pid-1
---ebpf-pid----372881----pid-372881
---ebpf-pid----372881----pid-1
---ebpf-pid----372881----pid-372881
---ebpf-pid----372881----pid-1
---ebpf-pid----372881----pid-372881
---ebpf-pid----372881----pid-1
---ebpf-pid----2094----pid-1
---ebpf-pid----2094----pid-2094
---ebpf-pid----2094----pid-1
---ebpf-pid----2094----pid-2094
---ebpf-pid----2094----pid-1
---ebpf-pid----2094----pid-2094
---ebpf-pid----2094----pid-1
---ebpf-pid----2094----pid-2094
---ebpf-pid----2094----pid-1
---ebpf-pid----2094----pid-2094
---ebpf-pid----2094----pid-1
---ebpf-pid----2094----pid-2094
---ebpf-pid----2094----pid-1
---ebpf-pid----2094----pid-2094
---ebpf-pid----2094----pid-1
---ebpf-pid----2094----pid-2094
---ebpf-pid----2094----pid-1
---ebpf-pid----2094----pid-2094
---ebpf-pid----2094----pid-1
---ebpf-pid----2094----pid-2094
---ebpf-pid----2094----pid-1
---ebpf-pid----2094----pid-2094
---ebpf-pid----2094----pid-1
---ebpf-pid----2094----pid-2094
---ebpf-pid----2094----pid-1
---ebpf-pid----2094----pid-2094
---ebpf-pid----2094----pid-1
---ebpf-pid----2094----pid-2094
---ebpf-pid----2094----pid-1
---ebpf-pid----2094----pid-2094
---ebpf-pid----2094----pid-1
---ebpf-pid----2094----pid-2094
---ebpf-pid----2094----pid-1
---ebpf-pid----2094----pid-2094
---ebpf-pid----2094----pid-1
---ebpf-pid----2094----pid-2094
---ebpf-pid----2094----pid-1
---ebpf-pid----2094----pid-2094
---ebpf-pid----372881----pid-372881
---ebpf-pid----2094----pid-1
---ebpf-pid----2094----pid-2094
---ebpf-pid----372881----pid-1
---ebpf-pid----372881----pid-372881
---ebpf-pid----372881----pid-1
---ebpf-pid----372881----pid-372881
---ebpf-pid----372881----pid-1
---ebpf-pid----372881----pid-372881
---ebpf-pid----372881----pid-1
---ebpf-pid----372881----pid-372881
---ebpf-pid----372881----pid-1
---ebpf-pid----372881----pid-372881
---ebpf-pid----372881----pid-1
---ebpf-pid----372881----pid-372881
---ebpf-pid----372881----pid-1
---ebpf-pid----372881----pid-372881
---ebpf-pid----372881----pid-1
---ebpf-pid----372881----pid-372881
---ebpf-pid----372881----pid-1
---ebpf-pid----372881----pid-372881
---ebpf-pid----372881----pid-1
---ebpf-pid----372881----pid-372881
---ebpf-pid----372881----pid-1
---ebpf-pid----372881----pid-372881
---ebpf-pid----372881----pid-1
---ebpf-pid----372881----pid-372881
---ebpf-pid----372881----pid-1
---ebpf-pid----372881----pid-372881
---ebpf-pid----372881----pid-1
---ebpf-pid----372881----pid-372881
---ebpf-pid----372881----pid-1
---ebpf-pid----372881----pid-372881
---ebpf-pid----372881----pid-1
---ebpf-pid----372881----pid-372881
---ebpf-pid----372881----pid-1
---ebpf-pid----372881----pid-372881
---ebpf-pid----372881----pid-1
---ebpf-pid----372881----pid-372881
---ebpf-pid----372881----pid-1
---ebpf-pid----372881----pid-372881
---ebpf-pid----372881----pid-1
---ebpf-pid----372881----pid-372881
---ebpf-pid----372881----pid-1
---ebpf-pid----372881----pid-372881
---ebpf-pid----372881----pid-1
---ebpf-pid----372881----pid-372881
---ebpf-pid----372881----pid-1
---ebpf-pid----372881----pid-372881
---ebpf-pid----372881----pid-1
---ebpf-pid----2094----pid-1
---ebpf-pid----2094----pid-2094
---ebpf-pid----2094----pid-1
---ebpf-pid----2094----pid-2094
---ebpf-pid----2094----pid-1
---ebpf-pid----2094----pid-2094
---ebpf-pid----2094----pid-1
---ebpf-pid----2094----pid-2094
---ebpf-pid----2094----pid-1
---ebpf-pid----2094----pid-2094
---ebpf-pid----2094----pid-1
---ebpf-pid----2094----pid-2094
---ebpf-pid----2094----pid-1
---ebpf-pid----2094----pid-2094
---ebpf-pid----2094----pid-1
---ebpf-pid----2094----pid-2094
---ebpf-pid----2094----pid-1
---ebpf-pid----2094----pid-2094
---ebpf-pid----2094----pid-1
---ebpf-pid----2094----pid-2094
---ebpf-pid----2094----pid-1
---ebpf-pid----2094----pid-2094
---ebpf-pid----2094----pid-1
---ebpf-pid----2094----pid-2094
---ebpf-pid----2094----pid-1
---ebpf-pid----2094----pid-2094
---ebpf-pid----2094----pid-1
---ebpf-pid----2094----pid-2094
---ebpf-pid----2094----pid-1
---ebpf-pid----2094----pid-2094
---ebpf-pid----2094----pid-1
---ebpf-pid----2094----pid-2094
---ebpf-pid----2094----pid-1
---ebpf-pid----2094----pid-2094
---ebpf-pid----2094----pid-1
---ebpf-pid----2094----pid-2094
---ebpf-pid----2094----pid-1
---ebpf-pid----2094----pid-2094
---ebpf-pid----2094----pid-1
---ebpf-pid----2094----pid-2094
---ebpf-pid----2094----pid-1
---ebpf-pid----2094----pid-2094
---ebpf-pid----2094----pid-1
---ebpf-pid----2088----pid-2088
---ebpf-pid----2088----pid-1
---ebpf-pid----2089----pid-1
---ebpf-pid----2089----pid-2089
---ebpf-pid----2089----pid-1
---ebpf-pid----2089----pid-2089
---ebpf-pid----2089----pid-1
---ebpf-pid----2089----pid-2089
---ebpf-pid----2089----pid-1
---ebpf-pid----2089----pid-2089
---ebpf-pid----2089----pid-1
---ebpf-pid----2089----pid-2089
---ebpf-pid----2089----pid-1
---ebpf-pid----2089----pid-2089
---ebpf-pid----2089----pid-1
---ebpf-pid----2089----pid-2089
---ebpf-pid----2089----pid-1
---ebpf-pid----2089----pid-2089
---ebpf-pid----2089----pid-1
---ebpf-pid----2089----pid-2089
---ebpf-pid----2089----pid-1
---ebpf-pid----2089----pid-2089
---ebpf-pid----2089----pid-1
---ebpf-pid----2089----pid-2089
---ebpf-pid----2089----pid-1
---ebpf-pid----2089----pid-2089
---ebpf-pid----2089----pid-1
---ebpf-pid----2089----pid-2089
---ebpf-pid----2089----pid-1
---ebpf-pid----2089----pid-2089
---ebpf-pid----2089----pid-1
---ebpf-pid----2089----pid-2089
---ebpf-pid----2089----pid-1
---ebpf-pid----2089----pid-2089
---ebpf-pid----2089----pid-1
---ebpf-pid----2089----pid-2089
---ebpf-pid----2089----pid-1
---ebpf-pid----2089----pid-2089
---ebpf-pid----2089----pid-1
---ebpf-pid----2089----pid-2089
---ebpf-pid----2089----pid-1
---ebpf-pid----406334----pid-406334
---ebpf-pid----406334----pid-3323
---ebpf-pid----2094----pid-1
---ebpf-pid----2094----pid-2094
---ebpf-pid----406334----pid-1
---ebpf-pid----406334----pid-406334
---ebpf-pid----2094----pid-1
---ebpf-pid----2094----pid-2094
---ebpf-pid----406334----pid-3323
---ebpf-pid----2094----pid-1
---ebpf-pid----406334----pid-1
---ebpf-pid----2094----pid-2094
---ebpf-pid----406334----pid-406334
---ebpf-pid----2094----pid-1
---ebpf-pid----2094----pid-2094
---ebpf-pid----406334----pid-3323
---ebpf-pid----2094----pid-1
---ebpf-pid----406334----pid-1
---ebpf-pid----2094----pid-2094
---ebpf-pid----406334----pid-406334
---ebpf-pid----2094----pid-1
---ebpf-pid----406334----pid-3323
---ebpf-pid----2094----pid-2094
---ebpf-pid----406334----pid-1
---ebpf-pid----2094----pid-1
---ebpf-pid----406334----pid-406334
---ebpf-pid----2094----pid-2094
---ebpf-pid----2088----pid-2088
---ebpf-pid----2088----pid-1
---ebpf-pid----2088----pid-2088
---ebpf-pid----2088----pid-1
---ebpf-pid----2088----pid-2088
---ebpf-pid----2088----pid-1
---ebpf-pid----2088----pid-2088
---ebpf-pid----2088----pid-1
---ebpf-pid----2088----pid-2088
---ebpf-pid----2094----pid-1
---ebpf-pid----2094----pid-2094
---ebpf-pid----2094----pid-1
---ebpf-pid----2094----pid-2094
---ebpf-pid----2094----pid-1
---ebpf-pid----2094----pid-2094
---ebpf-pid----2094----pid-1
---ebpf-pid----2094----pid-2094
---ebpf-pid----2094----pid-1
---ebpf-pid----2094----pid-2094
---ebpf-pid----2094----pid-1
---ebpf-pid----2094----pid-2094
---ebpf-pid----2094----pid-1
---ebpf-pid----2094----pid-2094
---ebpf-pid----2094----pid-1
---ebpf-pid----2094----pid-2094
---ebpf-pid----2088----pid-1
---ebpf-pid----2088----pid-2088
---ebpf-pid----2094----pid-1
---ebpf-pid----2094----pid-2094
---ebpf-pid----2088----pid-1
---ebpf-pid----2094----pid-1
---ebpf-pid----2088----pid-2088
---ebpf-pid----2094----pid-2094
---ebpf-pid----2088----pid-1
---ebpf-pid----2094----pid-1
---ebpf-pid----2088----pid-2088
---ebpf-pid----2094----pid-2094
---ebpf-pid----2088----pid-1
---ebpf-pid----2094----pid-1
---ebpf-pid----2029----pid-2029
---ebpf-pid----2094----pid-2094
---ebpf-pid----2029----pid-1
---ebpf-pid----2094----pid-1
---ebpf-pid----2029----pid-2029
---ebpf-pid----2094----pid-2094
---ebpf-pid----2094----pid-1
---ebpf-pid----406334----pid-3323
---ebpf-pid----406334----pid-1
---ebpf-pid----406334----pid-406334
---ebpf-pid----406334----pid-3323
---ebpf-pid----406334----pid-1
---ebpf-pid----406334----pid-406334
---ebpf-pid----406334----pid-3323
---ebpf-pid----406334----pid-1
---ebpf-pid----406334----pid-406334
---ebpf-pid----406334----pid-3323
---ebpf-pid----406334----pid-1
---ebpf-pid----406334----pid-406334
---ebpf-pid----406334----pid-3323
---ebpf-pid----406334----pid-1
---ebpf-pid----406334----pid-406334
---ebpf-pid----406334----pid-3323
---ebpf-pid----406334----pid-1
---ebpf-pid----406334----pid-406334
---ebpf-pid----406334----pid-3323
---ebpf-pid----406334----pid-1
---ebpf-pid----406334----pid-406334
---ebpf-pid----406334----pid-3323
---ebpf-pid----406334----pid-1
---ebpf-pid----406334----pid-406334
---ebpf-pid----406334----pid-3323
---ebpf-pid----406334----pid-1
---ebpf-pid----406334----pid-406334
---ebpf-pid----406334----pid-3323
---ebpf-pid----406334----pid-1
---ebpf-pid----406334----pid-406334
---ebpf-pid----406334----pid-3323
---ebpf-pid----406334----pid-1
---ebpf-pid----406334----pid-406334
---ebpf-pid----406334----pid-3323
---ebpf-pid----406334----pid-1
---ebpf-pid----406334----pid-406334
---ebpf-pid----406334----pid-3323
---ebpf-pid----406334----pid-1
---ebpf-pid----2029----pid-1
---ebpf-pid----2029----pid-2029
---ebpf-pid----2029----pid-1
---ebpf-pid----2029----pid-2029
---ebpf-pid----2029----pid-1
---ebpf-pid----2029----pid-2029
---ebpf-pid----2029----pid-1
---ebpf-pid----2029----pid-2029
---ebpf-pid----2029----pid-1
---ebpf-pid----2029----pid-2029
---ebpf-pid----2029----pid-1
---ebpf-pid----2029----pid-2029
---ebpf-pid----2029----pid-1
---ebpf-pid----2029----pid-2029
---ebpf-pid----2029----pid-1
---ebpf-pid----2029----pid-2029
---ebpf-pid----2029----pid-1
---ebpf-pid----2029----pid-2029
---ebpf-pid----2029----pid-1
---ebpf-pid----2029----pid-2029
---ebpf-pid----2029----pid-1
---ebpf-pid----2029----pid-2029
---ebpf-pid----2029----pid-1
---ebpf-pid----2029----pid-2029
---ebpf-pid----2029----pid-1
---ebpf-pid----2029----pid-2029
---ebpf-pid----2029----pid-1
---ebpf-pid----2029----pid-2029
---ebpf-pid----2029----pid-1
---ebpf-pid----2094----pid-2094
---ebpf-pid----2094----pid-1
---ebpf-pid----2094----pid-2094
---ebpf-pid----2029----pid-2029
---ebpf-pid----2094----pid-1
---ebpf-pid----2094----pid-2094
---ebpf-pid----2094----pid-1
---ebpf-pid----379067----pid-379067
---ebpf-pid----379067----pid-5476
---ebpf-pid----2029----pid-1
---ebpf-pid----2029----pid-2029
---ebpf-pid----2029----pid-1
---ebpf-pid----2029----pid-2029
---ebpf-pid----2029----pid-1
---ebpf-pid----2029----pid-2029
---ebpf-pid----2029----pid-1
---ebpf-pid----2029----pid-2029
---ebpf-pid----2029----pid-1
---ebpf-pid----2029----pid-2029
---ebpf-pid----2029----pid-1
---ebpf-pid----2029----pid-2029
---ebpf-pid----2029----pid-1
---ebpf-pid----2029----pid-2029
---ebpf-pid----2029----pid-1
---ebpf-pid----2029----pid-2029
---ebpf-pid----2029----pid-1
---ebpf-pid----2029----pid-2029
---ebpf-pid----2029----pid-1
---ebpf-pid----2029----pid-2029
---ebpf-pid----2029----pid-1
---ebpf-pid----2029----pid-2029
---ebpf-pid----2029----pid-1
---ebpf-pid----2029----pid-2029
---ebpf-pid----2029----pid-1
---ebpf-pid----2029----pid-2029
---ebpf-pid----2029----pid-1
---ebpf-pid----2029----pid-2029
---ebpf-pid----2029----pid-1
---ebpf-pid----2029----pid-2029
---ebpf-pid----2029----pid-1
---ebpf-pid----2029----pid-2029
---ebpf-pid----2029----pid-1
---ebpf-pid----2029----pid-2029
---ebpf-pid----2029----pid-1
---ebpf-pid----406334----pid-406334
---ebpf-pid----406334----pid-3323
---ebpf-pid----406334----pid-1
---ebpf-pid----406334----pid-406334
---ebpf-pid----406334----pid-3323
---ebpf-pid----406334----pid-1
---ebpf-pid----406334----pid-406334
---ebpf-pid----406334----pid-3323
---ebpf-pid----406334----pid-1
---ebpf-pid----406334----pid-406334
---ebpf-pid----406334----pid-3323
---ebpf-pid----406334----pid-1
---ebpf-pid----406334----pid-406334
---ebpf-pid----406334----pid-3323
---ebpf-pid----406334----pid-1
---ebpf-pid----406334----pid-406334
---ebpf-pid----406334----pid-3323
---ebpf-pid----379067----pid-1
---ebpf-pid----379067----pid-379067
---ebpf-pid----379067----pid-5476
---ebpf-pid----379067----pid-1
---ebpf-pid----372881----pid-372881
---ebpf-pid----379067----pid-379067
---ebpf-pid----372881----pid-1
---ebpf-pid----379067----pid-5476
---ebpf-pid----372881----pid-372881
---ebpf-pid----379067----pid-1
---ebpf-pid----372881----pid-1
---ebpf-pid----379067----pid-379067
---ebpf-pid----372881----pid-372881
---ebpf-pid----379067----pid-5476
---ebpf-pid----372881----pid-1
---ebpf-pid----372881----pid-372881
---ebpf-pid----379067----pid-1
---ebpf-pid----379067----pid-379067
---ebpf-pid----372881----pid-1
---ebpf-pid----372881----pid-372881
---ebpf-pid----379067----pid-5476
---ebpf-pid----372881----pid-1
---ebpf-pid----372881----pid-372881
---ebpf-pid----379067----pid-1
---ebpf-pid----379067----pid-379067
---ebpf-pid----372881----pid-1
---ebpf-pid----372881----pid-372881
---ebpf-pid----379067----pid-5476
---ebpf-pid----372881----pid-1
---ebpf-pid----372881----pid-372881
---ebpf-pid----379067----pid-1
---ebpf-pid----5614----pid-5614
---ebpf-pid----372881----pid-1
---ebpf-pid----372881----pid-372881
---ebpf-pid----5614----pid-1
---ebpf-pid----1856----pid-1856
---ebpf-pid----372881----pid-1
---ebpf-pid----372881----pid-372881
---ebpf-pid----1856----pid-1
---ebpf-pid----372881----pid-1
---ebpf-pid----2094----pid-2094
---ebpf-pid----372881----pid-372881
---ebpf-pid----406334----pid-1
---ebpf-pid----2094----pid-1
---ebpf-pid----406334----pid-406334
---ebpf-pid----372881----pid-1
---ebpf-pid----448782----pid-448782
---ebpf-pid----6671----pid-6671
---ebpf-pid----406334----pid-3323
---ebpf-pid----448782----pid-448520
---ebpf-pid----6671----pid-5476
---ebpf-pid----406334----pid-1
---ebpf-pid----6671----pid-1
---ebpf-pid----448782----pid-1
---ebpf-pid----406334----pid-406334
---ebpf-pid----2089----pid-2089
---ebpf-pid----2094----pid-2094
---ebpf-pid----2089----pid-1
---ebpf-pid----406334----pid-3323
---ebpf-pid----2089----pid-2089
---ebpf-pid----2094----pid-1
---ebpf-pid----406334----pid-1
---ebpf-pid----2089----pid-1
---ebpf-pid----5638----pid-5638
---ebpf-pid----406334----pid-406334
---ebpf-pid----2089----pid-2089
---ebpf-pid----2089----pid-1
---ebpf-pid----5638----pid-1
---ebpf-pid----2089----pid-2089
---ebpf-pid----2089----pid-1
---ebpf-pid----2089----pid-2089
---ebpf-pid----2089----pid-1
---ebpf-pid----2089----pid-2089
---ebpf-pid----2089----pid-1
---ebpf-pid----2089----pid-2089
---ebpf-pid----2089----pid-1
---ebpf-pid----2089----pid-2089
---ebpf-pid----2089----pid-1
---ebpf-pid----2089----pid-2089
---ebpf-pid----2089----pid-1
---ebpf-pid----2094----pid-2094
---ebpf-pid----2094----pid-1
---ebpf-pid----2094----pid-2094
---ebpf-pid----2029----pid-2029
---ebpf-pid----2094----pid-1
---ebpf-pid----2094----pid-2094
---ebpf-pid----2029----pid-1
---ebpf-pid----2029----pid-2029
---ebpf-pid----2029----pid-1
---ebpf-pid----2029----pid-2029
---ebpf-pid----2029----pid-1
---ebpf-pid----2029----pid-2029
---ebpf-pid----2029----pid-1
---ebpf-pid----2029----pid-2029
---ebpf-pid----2029----pid-1
---ebpf-pid----2029----pid-2029
---ebpf-pid----2029----pid-1
---ebpf-pid----2029----pid-2029
---ebpf-pid----2029----pid-1
---ebpf-pid----2029----pid-2029
---ebpf-pid----2029----pid-1
---ebpf-pid----2029----pid-2029
---ebpf-pid----2029----pid-1
---ebpf-pid----2029----pid-2029
---ebpf-pid----2029----pid-1
---ebpf-pid----2029----pid-2029
---ebpf-pid----2029----pid-1
---ebpf-pid----2029----pid-2029
---ebpf-pid----2029----pid-1
---ebpf-pid----2029----pid-2029
---ebpf-pid----2029----pid-1
---ebpf-pid----2029----pid-2029
---ebpf-pid----2094----pid-1
---ebpf-pid----2029----pid-1
---ebpf-pid----2029----pid-2029
---ebpf-pid----2094----pid-2094
---ebpf-pid----2029----pid-1
---ebpf-pid----2094----pid-1
---ebpf-pid----2029----pid-2029
---ebpf-pid----2094----pid-2094
---ebpf-pid----2029----pid-1
---ebpf-pid----2094----pid-1
---ebpf-pid----2029----pid-2029
---ebpf-pid----2094----pid-2094
---ebpf-pid----2029----pid-1
---ebpf-pid----2094----pid-1
---ebpf-pid----2029----pid-2029
---ebpf-pid----2094----pid-2094
---ebpf-pid----2029----pid-1
---ebpf-pid----2094----pid-1
---ebpf-pid----2029----pid-2029
---ebpf-pid----2094----pid-2094
---ebpf-pid----2029----pid-1
---ebpf-pid----2094----pid-1
---ebpf-pid----2029----pid-2029
---ebpf-pid----2094----pid-2094
---ebpf-pid----2029----pid-1
---ebpf-pid----2094----pid-1
---ebpf-pid----2029----pid-2029
---ebpf-pid----2094----pid-2094
---ebpf-pid----2094----pid-1
---ebpf-pid----2029----pid-1
---ebpf-pid----2094----pid-2094
---ebpf-pid----2029----pid-2029
---ebpf-pid----2094----pid-1
---ebpf-pid----2029----pid-1
---ebpf-pid----2094----pid-2094
---ebpf-pid----2029----pid-2029
---ebpf-pid----2094----pid-1
---ebpf-pid----2029----pid-1
---ebpf-pid----2094----pid-2094
---ebpf-pid----2029----pid-2029
---ebpf-pid----2094----pid-1
---ebpf-pid----2094----pid-2094
---ebpf-pid----2029----pid-1
---ebpf-pid----2029----pid-2029
---ebpf-pid----2094----pid-1
---ebpf-pid----2094----pid-2094
---ebpf-pid----2094----pid-1
---ebpf-pid----2094----pid-2094
---ebpf-pid----2094----pid-1
---ebpf-pid----2094----pid-2094
---ebpf-pid----2094----pid-1
---ebpf-pid----2094----pid-2094
---ebpf-pid----2094----pid-1
---ebpf-pid----2094----pid-2094
---ebpf-pid----2094----pid-1
---ebpf-pid----2094----pid-2094
---ebpf-pid----2094----pid-1
---ebpf-pid----2094----pid-2094
---ebpf-pid----2094----pid-1
---ebpf-pid----2094----pid-2094
---ebpf-pid----2094----pid-1
---ebpf-pid----2094----pid-2094
---ebpf-pid----2094----pid-1
---ebpf-pid----2094----pid-2094
---ebpf-pid----2094----pid-1
---ebpf-pid----2094----pid-2094
---ebpf-pid----2094----pid-1
---ebpf-pid----2094----pid-2094
---ebpf-pid----2094----pid-1
---ebpf-pid----2094----pid-2094
---ebpf-pid----2094----pid-1
---ebpf-pid----2094----pid-2094
---ebpf-pid----2094----pid-1
---ebpf-pid----2094----pid-2094
---ebpf-pid----2094----pid-1
---ebpf-pid----2089----pid-2089
---ebpf-pid----2089----pid-1
---ebpf-pid----2089----pid-2089
---ebpf-pid----2089----pid-1
---ebpf-pid----2089----pid-2089
---ebpf-pid----2089----pid-1
---ebpf-pid----2089----pid-2089
---ebpf-pid----2089----pid-1
---ebpf-pid----2089----pid-2089
---ebpf-pid----2089----pid-1
---ebpf-pid----2089----pid-2089
---ebpf-pid----2094----pid-2094
---ebpf-pid----2089----pid-1
---ebpf-pid----2089----pid-2089
---ebpf-pid----2094----pid-1
---ebpf-pid----2089----pid-1
---ebpf-pid----2089----pid-2089
---ebpf-pid----2094----pid-2094
---ebpf-pid----2089----pid-1
---ebpf-pid----2094----pid-1
---ebpf-pid----2089----pid-2089
---ebpf-pid----2094----pid-2094
---ebpf-pid----2089----pid-1
---ebpf-pid----2094----pid-1
---ebpf-pid----2089----pid-2089
---ebpf-pid----2094----pid-2094
---ebpf-pid----2089----pid-1
---ebpf-pid----372881----pid-372881
---ebpf-pid----2094----pid-1
---ebpf-pid----2094----pid-2094
---ebpf-pid----372881----pid-1
---ebpf-pid----2094----pid-1
---ebpf-pid----372881----pid-372881
---ebpf-pid----2094----pid-2094
---ebpf-pid----372881----pid-1
---ebpf-pid----2094----pid-1
---ebpf-pid----372881----pid-372881
---ebpf-pid----2094----pid-2094
---ebpf-pid----372881----pid-1
---ebpf-pid----372881----pid-372881
---ebpf-pid----2094----pid-1
---ebpf-pid----2094----pid-2094
---ebpf-pid----372881----pid-1
---ebpf-pid----372881----pid-372881
---ebpf-pid----2094----pid-1
---ebpf-pid----2094----pid-2094
---ebpf-pid----372881----pid-1
---ebpf-pid----372881----pid-372881
---ebpf-pid----2094----pid-1
---ebpf-pid----2094----pid-2094
---ebpf-pid----372881----pid-1
---ebpf-pid----372881----pid-372881
---ebpf-pid----2094----pid-1
---ebpf-pid----2094----pid-2094
---ebpf-pid----372881----pid-1
---ebpf-pid----372881----pid-372881
---ebpf-pid----2094----pid-1
---ebpf-pid----2094----pid-2094
---ebpf-pid----372881----pid-1
---ebpf-pid----372881----pid-372881
---ebpf-pid----2094----pid-1
---ebpf-pid----2094----pid-2094
---ebpf-pid----372881----pid-1
---ebpf-pid----2094----pid-1
---ebpf-pid----379067----pid-379067
---ebpf-pid----2094----pid-2094
---ebpf-pid----379067----pid-5476
---ebpf-pid----2094----pid-1
---ebpf-pid----2094----pid-2094
---ebpf-pid----379067----pid-1
---ebpf-pid----379067----pid-379067
---ebpf-pid----2094----pid-1
---ebpf-pid----2094----pid-2094
---ebpf-pid----379067----pid-5476
---ebpf-pid----2094----pid-1
---ebpf-pid----379067----pid-1
---ebpf-pid----2094----pid-2094
---ebpf-pid----2088----pid-2088
---ebpf-pid----2094----pid-1
---ebpf-pid----2088----pid-1
---ebpf-pid----2094----pid-2094
---ebpf-pid----2088----pid-2088
---ebpf-pid----2094----pid-1
---ebpf-pid----2088----pid-1
---ebpf-pid----2094----pid-2094
---ebpf-pid----2088----pid-2088
---ebpf-pid----2088----pid-1
---ebpf-pid----2088----pid-2088
---ebpf-pid----2088----pid-1
---ebpf-pid----379067----pid-379067
---ebpf-pid----379067----pid-5476
---ebpf-pid----379067----pid-1
---ebpf-pid----379067----pid-379067
---ebpf-pid----379067----pid-5476
---ebpf-pid----379067----pid-1
---ebpf-pid----5707----pid-5707
---ebpf-pid----5707----pid-5476
---ebpf-pid----5707----pid-1
---ebpf-pid----5108----pid-5108
---ebpf-pid----5108----pid-3323
---ebpf-pid----5108----pid-1
---ebpf-pid----5108----pid-5108
---ebpf-pid----5108----pid-3323
---ebpf-pid----5108----pid-1
---ebpf-pid----5108----pid-5108
---ebpf-pid----5108----pid-3323
---ebpf-pid----5108----pid-1
---ebpf-pid----5108----pid-5108
---ebpf-pid----2029----pid-1
---ebpf-pid----5108----pid-3323
---ebpf-pid----2029----pid-2029
---ebpf-pid----5108----pid-1
---ebpf-pid----5108----pid-5108
---ebpf-pid----2029----pid-1
---ebpf-pid----2029----pid-2029
---ebpf-pid----5108----pid-3323
---ebpf-pid----2029----pid-1
---ebpf-pid----5108----pid-1
---ebpf-pid----5108----pid-5108
---ebpf-pid----2029----pid-2029
---ebpf-pid----5108----pid-3323
---ebpf-pid----2029----pid-1
---ebpf-pid----2029----pid-2029
---ebpf-pid----5108----pid-1
---ebpf-pid----5108----pid-5108
---ebpf-pid----2029----pid-1
---ebpf-pid----2029----pid-2029
---ebpf-pid----2029----pid-1
---ebpf-pid----5108----pid-3323
---ebpf-pid----2029----pid-2029
---ebpf-pid----5108----pid-1
---ebpf-pid----2029----pid-1
---ebpf-pid----5108----pid-5108
---ebpf-pid----2029----pid-2029
---ebpf-pid----5108----pid-3323
---ebpf-pid----2029----pid-1
---ebpf-pid----2029----pid-2029
---ebpf-pid----5108----pid-1
---ebpf-pid----5108----pid-5108
---ebpf-pid----2029----pid-1
---ebpf-pid----2029----pid-2029
---ebpf-pid----5108----pid-3323
---ebpf-pid----2029----pid-1
---ebpf-pid----5108----pid-1
---ebpf-pid----2029----pid-2029
---ebpf-pid----5108----pid-5108
---ebpf-pid----2029----pid-1
---ebpf-pid----5108----pid-3323
---ebpf-pid----2029----pid-2029
---ebpf-pid----5108----pid-1
---ebpf-pid----2029----pid-1
---ebpf-pid----2094----pid-2094
---ebpf-pid----2029----pid-2029
---ebpf-pid----2029----pid-1
---ebpf-pid----2094----pid-1
---ebpf-pid----2029----pid-2029
---ebpf-pid----2094----pid-2094
---ebpf-pid----2029----pid-1
---ebpf-pid----2094----pid-1
---ebpf-pid----2029----pid-2029
---ebpf-pid----2094----pid-2094
---ebpf-pid----2029----pid-1
---ebpf-pid----2094----pid-1
---ebpf-pid----2094----pid-2094
---ebpf-pid----2029----pid-2029
---ebpf-pid----2094----pid-1
---ebpf-pid----2029----pid-1
---ebpf-pid----2094----pid-2094
---ebpf-pid----2029----pid-2029
---ebpf-pid----2094----pid-1
---ebpf-pid----2029----pid-1
---ebpf-pid----2094----pid-2094
---ebpf-pid----2029----pid-2029
---ebpf-pid----2094----pid-1
---ebpf-pid----2029----pid-1
---ebpf-pid----2094----pid-2094
---ebpf-pid----2029----pid-2029
---ebpf-pid----2094----pid-1
---ebpf-pid----2094----pid-2094
---ebpf-pid----2029----pid-1
---ebpf-pid----2029----pid-2029
---ebpf-pid----2094----pid-1
---ebpf-pid----2094----pid-2094
---ebpf-pid----2029----pid-1
---ebpf-pid----2094----pid-1
---ebpf-pid----2029----pid-2029
---ebpf-pid----2094----pid-2094
---ebpf-pid----2029----pid-1
---ebpf-pid----2094----pid-1
---ebpf-pid----2029----pid-2029
---ebpf-pid----2094----pid-2094
---ebpf-pid----2094----pid-1
---ebpf-pid----2094----pid-2094
---ebpf-pid----2094----pid-1
---ebpf-pid----2094----pid-2094
---ebpf-pid----2094----pid-1
---ebpf-pid----2094----pid-2094
---ebpf-pid----2094----pid-1
---ebpf-pid----2094----pid-2094
---ebpf-pid----2094----pid-1
---ebpf-pid----2094----pid-2094
---ebpf-pid----2094----pid-1
---ebpf-pid----2094----pid-2094
---ebpf-pid----2094----pid-1
---ebpf-pid----2094----pid-2094
---ebpf-pid----2094----pid-1
---ebpf-pid----2094----pid-2094
---ebpf-pid----2094----pid-1
---ebpf-pid----2094----pid-2094
---ebpf-pid----2094----pid-1
---ebpf-pid----5108----pid-5108
---ebpf-pid----5108----pid-3323
---ebpf-pid----5108----pid-1
---ebpf-pid----5108----pid-5108
---ebpf-pid----5108----pid-3323
---ebpf-pid----5108----pid-1
---ebpf-pid----5108----pid-5108
---ebpf-pid----5108----pid-3323
---ebpf-pid----5108----pid-1
---ebpf-pid----5108----pid-5108
---ebpf-pid----5108----pid-3323
---ebpf-pid----5108----pid-1
---ebpf-pid----5108----pid-5108
---ebpf-pid----2094----pid-1
---ebpf-pid----2094----pid-2094
---ebpf-pid----2094----pid-1
---ebpf-pid----2094----pid-2094
---ebpf-pid----2094----pid-1
---ebpf-pid----2094----pid-2094
---ebpf-pid----2094----pid-1
---ebpf-pid----2094----pid-2094
---ebpf-pid----2094----pid-1
---ebpf-pid----2094----pid-2094
---ebpf-pid----2094----pid-1
---ebpf-pid----2094----pid-2094
---ebpf-pid----2094----pid-1
---ebpf-pid----2094----pid-2094
---ebpf-pid----2094----pid-1
---ebpf-pid----2094----pid-2094
---ebpf-pid----2094----pid-1
---ebpf-pid----2094----pid-2094
---ebpf-pid----2094----pid-1
---ebpf-pid----2094----pid-2094
---ebpf-pid----2094----pid-1
---ebpf-pid----2094----pid-2094
---ebpf-pid----2029----pid-1
---ebpf-pid----2094----pid-1
---ebpf-pid----2029----pid-2029
---ebpf-pid----2094----pid-2094
---ebpf-pid----2029----pid-1
---ebpf-pid----2094----pid-1
---ebpf-pid----2094----pid-2094
---ebpf-pid----2089----pid-2089
---ebpf-pid----2094----pid-1
---ebpf-pid----2094----pid-2094
---ebpf-pid----2089----pid-1
---ebpf-pid----2089----pid-2089
---ebpf-pid----2094----pid-1
---ebpf-pid----2094----pid-2094
---ebpf-pid----2089----pid-1
---ebpf-pid----2089----pid-2089
---ebpf-pid----2094----pid-1
---ebpf-pid----2094----pid-2094
---ebpf-pid----2089----pid-1
---ebpf-pid----2089----pid-2089
---ebpf-pid----2094----pid-1
---ebpf-pid----2094----pid-2094
---ebpf-pid----2089----pid-1
---ebpf-pid----2094----pid-1
---ebpf-pid----379067----pid-379067
---ebpf-pid----379067----pid-5476
---ebpf-pid----379067----pid-1
---ebpf-pid----2094----pid-2094
---ebpf-pid----2094----pid-1
---ebpf-pid----2094----pid-2094
---ebpf-pid----2094----pid-1
---ebpf-pid----379067----pid-379067
---ebpf-pid----379067----pid-5476
---ebpf-pid----379067----pid-1
---ebpf-pid----379067----pid-379067
---ebpf-pid----379067----pid-5476
---ebpf-pid----379067----pid-1
---ebpf-pid----379067----pid-379067
---ebpf-pid----379067----pid-5476
---ebpf-pid----379067----pid-1
---ebpf-pid----379067----pid-379067
---ebpf-pid----379067----pid-5476
---ebpf-pid----379067----pid-1
---ebpf-pid----379067----pid-379067
---ebpf-pid----379067----pid-5476
---ebpf-pid----379067----pid-1
---ebpf-pid----448783----pid-448783
---ebpf-pid----448783----pid-448520
---ebpf-pid----448783----pid-1
---ebpf-pid----448783----pid-448783
---ebpf-pid----448783----pid-448520
---ebpf-pid----448783----pid-1
---ebpf-pid----2094----pid-2094
---ebpf-pid----2094----pid-1
---ebpf-pid----2094----pid-2094
---ebpf-pid----2094----pid-1
---ebpf-pid----2094----pid-2094
---ebpf-pid----2094----pid-1
---ebpf-pid----2094----pid-2094
---ebpf-pid----2094----pid-1
---ebpf-pid----2094----pid-2094
---ebpf-pid----2094----pid-1
---ebpf-pid----2094----pid-2094
---ebpf-pid----2094----pid-1
---ebpf-pid----2094----pid-2094
---ebpf-pid----2094----pid-1
---ebpf-pid----2094----pid-2094
---ebpf-pid----2094----pid-1
---ebpf-pid----2094----pid-2094
---ebpf-pid----2094----pid-1
---ebpf-pid----2094----pid-2094
---ebpf-pid----5108----pid-3323
---ebpf-pid----5108----pid-1
---ebpf-pid----5108----pid-5108
---ebpf-pid----2089----pid-2089
---ebpf-pid----5108----pid-3323
---ebpf-pid----2089----pid-1
---ebpf-pid----2089----pid-2089
---ebpf-pid----5108----pid-1
---ebpf-pid----5108----pid-5108
---ebpf-pid----2089----pid-1
---ebpf-pid----5108----pid-3323
---ebpf-pid----2089----pid-2089
---ebpf-pid----5108----pid-1
---ebpf-pid----5108----pid-5108
---ebpf-pid----2089----pid-1
---ebpf-pid----5108----pid-3323
---ebpf-pid----2089----pid-2089
---ebpf-pid----5108----pid-1
---ebpf-pid----5108----pid-5108
---ebpf-pid----2089----pid-1
---ebpf-pid----2089----pid-2089
---ebpf-pid----5108----pid-3323
---ebpf-pid----2089----pid-1
---ebpf-pid----5108----pid-1
---ebpf-pid----2089----pid-2089
---ebpf-pid----5108----pid-5108
---ebpf-pid----5108----pid-3323
---ebpf-pid----2089----pid-1
---ebpf-pid----5108----pid-1
---ebpf-pid----379067----pid-379067
---ebpf-pid----5108----pid-5108
---ebpf-pid----379067----pid-5476
---ebpf-pid----5108----pid-3323
---ebpf-pid----379067----pid-1
---ebpf-pid----5108----pid-1
---ebpf-pid----5108----pid-5108
---ebpf-pid----379067----pid-379067
---ebpf-pid----5108----pid-3323
---ebpf-pid----379067----pid-5476
---ebpf-pid----5108----pid-1
---ebpf-pid----5108----pid-5108
---ebpf-pid----379067----pid-1
---ebpf-pid----379067----pid-379067
---ebpf-pid----5108----pid-3323
---ebpf-pid----379067----pid-5476
---ebpf-pid----5108----pid-1
---ebpf-pid----5108----pid-5108
---ebpf-pid----379067----pid-1
---ebpf-pid----6671----pid-6671
---ebpf-pid----5108----pid-3323
---ebpf-pid----5108----pid-1
---ebpf-pid----6671----pid-5476
---ebpf-pid----5108----pid-5108
---ebpf-pid----6671----pid-1
---ebpf-pid----6671----pid-6671
---ebpf-pid----6671----pid-5476
---ebpf-pid----2094----pid-1
---ebpf-pid----2094----pid-2094
---ebpf-pid----6671----pid-1
---ebpf-pid----379067----pid-379067
---ebpf-pid----2094----pid-1
---ebpf-pid----2094----pid-2094
---ebpf-pid----379067----pid-5476
---ebpf-pid----2094----pid-1
---ebpf-pid----2094----pid-2094
---ebpf-pid----379067----pid-1
---ebpf-pid----6671----pid-6671
---ebpf-pid----2094----pid-1
---ebpf-pid----2094----pid-2094
---ebpf-pid----6671----pid-5476
---ebpf-pid----2094----pid-1
---ebpf-pid----2094----pid-2094
---ebpf-pid----6671----pid-1
---ebpf-pid----6671----pid-6671
---ebpf-pid----2094----pid-1
---ebpf-pid----2094----pid-2094
---ebpf-pid----6671----pid-5476
---ebpf-pid----2094----pid-1
---ebpf-pid----2094----pid-2094
---ebpf-pid----6671----pid-1
---ebpf-pid----2089----pid-2089
---ebpf-pid----2094----pid-1
---ebpf-pid----2094----pid-2094
---ebpf-pid----2089----pid-1
---ebpf-pid----2089----pid-2089
---ebpf-pid----2094----pid-1
---ebpf-pid----6671----pid-6671
---ebpf-pid----2089----pid-1
---ebpf-pid----2089----pid-2089
---ebpf-pid----6671----pid-5476
---ebpf-pid----2089----pid-1
---ebpf-pid----6671----pid-1
---ebpf-pid----6671----pid-6671
---ebpf-pid----2089----pid-2089
---ebpf-pid----6671----pid-5476
---ebpf-pid----2089----pid-1
---ebpf-pid----2089----pid-2089
---ebpf-pid----6671----pid-1
---ebpf-pid----6671----pid-6671
---ebpf-pid----2089----pid-1
---ebpf-pid----6671----pid-5476
---ebpf-pid----6671----pid-6671
---ebpf-pid----6671----pid-1
---ebpf-pid----6671----pid-5476
---ebpf-pid----6671----pid-6671
---ebpf-pid----6671----pid-5476
---ebpf-pid----6671----pid-1
---ebpf-pid----6671----pid-6671
---ebpf-pid----6671----pid-1
---ebpf-pid----6671----pid-6671
---ebpf-pid----6671----pid-5476
---ebpf-pid----6671----pid-1
---ebpf-pid----6671----pid-6671
---ebpf-pid----6671----pid-5476
---ebpf-pid----6671----pid-1
---ebpf-pid----6671----pid-6671
---ebpf-pid----6671----pid-5476
---ebpf-pid----6671----pid-1
---ebpf-pid----6671----pid-6671
---ebpf-pid----6671----pid-5476
---ebpf-pid----6671----pid-1
---ebpf-pid----6671----pid-6671
---ebpf-pid----6671----pid-5476
---ebpf-pid----6671----pid-1
---ebpf-pid----6671----pid-6671
---ebpf-pid----6671----pid-5476
---ebpf-pid----6671----pid-1
---ebpf-pid----6671----pid-6671
---ebpf-pid----6671----pid-5476
---ebpf-pid----6671----pid-5476
---ebpf-pid----6671----pid-1
---ebpf-pid----6671----pid-6671
---ebpf-pid----6671----pid-1
---ebpf-pid----6671----pid-5476
---ebpf-pid----6671----pid-6671
---ebpf-pid----6671----pid-1
---ebpf-pid----6671----pid-6671
---ebpf-pid----6671----pid-5476
---ebpf-pid----6671----pid-5476
---ebpf-pid----6671----pid-1
---ebpf-pid----6671----pid-6671
---ebpf-pid----6671----pid-1
---ebpf-pid----6671----pid-6671
---ebpf-pid----6671----pid-5476
---ebpf-pid----6671----pid-5476
---ebpf-pid----6671----pid-1
---ebpf-pid----6671----pid-6671
---ebpf-pid----6671----pid-1
---ebpf-pid----6671----pid-5476
---ebpf-pid----6671----pid-1
---ebpf-pid----6671----pid-6671
---ebpf-pid----6671----pid-5476
---ebpf-pid----6671----pid-1
---ebpf-pid----6671----pid-6671
---ebpf-pid----6671----pid-5476
---ebpf-pid----6671----pid-1
---ebpf-pid----6671----pid-6671
---ebpf-pid----6671----pid-5476
---ebpf-pid----6671----pid-1
---ebpf-pid----6671----pid-6671
---ebpf-pid----6671----pid-5476
---ebpf-pid----6671----pid-1
---ebpf-pid----6671----pid-6671
---ebpf-pid----5108----pid-3323
---ebpf-pid----5108----pid-1
---ebpf-pid----5108----pid-5108
---ebpf-pid----6671----pid-5476
---ebpf-pid----5108----pid-3323
---ebpf-pid----6671----pid-1
---ebpf-pid----6671----pid-6671
---ebpf-pid----5108----pid-1
---ebpf-pid----5108----pid-5108
---ebpf-pid----6671----pid-5476
---ebpf-pid----5108----pid-3323
---ebpf-pid----6671----pid-1
---ebpf-pid----6671----pid-6671
---ebpf-pid----5108----pid-1
---ebpf-pid----372881----pid-372881
---ebpf-pid----6671----pid-5476
---ebpf-pid----372881----pid-1
---ebpf-pid----6671----pid-1
---ebpf-pid----372881----pid-372881
---ebpf-pid----6671----pid-6671
---ebpf-pid----372881----pid-1
---ebpf-pid----6671----pid-5476
---ebpf-pid----372881----pid-372881
---ebpf-pid----6671----pid-1
---ebpf-pid----372881----pid-1
---ebpf-pid----6671----pid-6671
---ebpf-pid----372881----pid-372881
---ebpf-pid----6671----pid-5476
---ebpf-pid----6671----pid-1
---ebpf-pid----6671----pid-6671
---ebpf-pid----6671----pid-5476
---ebpf-pid----6671----pid-1
---ebpf-pid----6671----pid-6671
---ebpf-pid----6671----pid-5476
---ebpf-pid----6671----pid-1
---ebpf-pid----6671----pid-6671
---ebpf-pid----6671----pid-5476
---ebpf-pid----6671----pid-1
---ebpf-pid----6671----pid-6671
---ebpf-pid----6671----pid-5476
---ebpf-pid----6671----pid-1
---ebpf-pid----2089----pid-2089
---ebpf-pid----2089----pid-1
---ebpf-pid----2089----pid-2089
---ebpf-pid----2089----pid-1
---ebpf-pid----2089----pid-2089
---ebpf-pid----2089----pid-1
---ebpf-pid----2089----pid-2089
---ebpf-pid----2089----pid-1
---ebpf-pid----2089----pid-2089
---ebpf-pid----2089----pid-1
---ebpf-pid----2089----pid-2089
---ebpf-pid----2089----pid-1
---ebpf-pid----2089----pid-2089
---ebpf-pid----2089----pid-1
---ebpf-pid----2089----pid-2089
---ebpf-pid----2089----pid-1
---ebpf-pid----2089----pid-2089
---ebpf-pid----2089----pid-1
---ebpf-pid----2089----pid-2089
---ebpf-pid----372881----pid-1
---ebpf-pid----372881----pid-372881
---ebpf-pid----372881----pid-1
---ebpf-pid----2029----pid-2029
---ebpf-pid----2089----pid-1
---ebpf-pid----2089----pid-2089
---ebpf-pid----2029----pid-1
---ebpf-pid----2029----pid-2029
---ebpf-pid----2089----pid-1
---ebpf-pid----2029----pid-1
---ebpf-pid----2089----pid-2089
---ebpf-pid----2029----pid-2029
---ebpf-pid----2089----pid-1
---ebpf-pid----2029----pid-1
---ebpf-pid----2029----pid-2029
---ebpf-pid----2089----pid-2089
---ebpf-pid----2029----pid-1
---ebpf-pid----2089----pid-1
---ebpf-pid----2029----pid-2029
---ebpf-pid----2089----pid-2089
---ebpf-pid----2029----pid-1
---ebpf-pid----2089----pid-1
---ebpf-pid----2029----pid-2029
---ebpf-pid----2089----pid-2089
---ebpf-pid----2029----pid-1
---ebpf-pid----6671----pid-6671
---ebpf-pid----2089----pid-1
---ebpf-pid----2089----pid-2089
---ebpf-pid----6671----pid-5476
---ebpf-pid----2089----pid-1
---ebpf-pid----2089----pid-2089
---ebpf-pid----6671----pid-1
---ebpf-pid----6671----pid-6671
---ebpf-pid----2089----pid-1
---ebpf-pid----2089----pid-2089
---ebpf-pid----6671----pid-5476
---ebpf-pid----2089----pid-1
---ebpf-pid----6671----pid-1
---ebpf-pid----2089----pid-2089
---ebpf-pid----6671----pid-6671
---ebpf-pid----2089----pid-1
---ebpf-pid----6671----pid-5476
---ebpf-pid----2089----pid-2089
---ebpf-pid----6671----pid-1
---ebpf-pid----6671----pid-6671
---ebpf-pid----2089----pid-1
---ebpf-pid----2089----pid-2089
---ebpf-pid----6671----pid-5476
---ebpf-pid----6671----pid-1
---ebpf-pid----2089----pid-1
---ebpf-pid----5707----pid-5707
---ebpf-pid----2089----pid-2089
---ebpf-pid----5707----pid-5476
---ebpf-pid----2089----pid-1
---ebpf-pid----2089----pid-2089
---ebpf-pid----5707----pid-1
---ebpf-pid----5707----pid-5707
---ebpf-pid----2089----pid-1
---ebpf-pid----6671----pid-6671
---ebpf-pid----5707----pid-5476
---ebpf-pid----5707----pid-1
---ebpf-pid----5707----pid-5707
---ebpf-pid----5707----pid-5476
---ebpf-pid----5707----pid-1
---ebpf-pid----5707----pid-5707
---ebpf-pid----6671----pid-5476
---ebpf-pid----5707----pid-5476
---ebpf-pid----6671----pid-1
---ebpf-pid----5707----pid-1
---ebpf-pid----2089----pid-2089
---ebpf-pid----2089----pid-1
---ebpf-pid----2089----pid-2089
---ebpf-pid----2089----pid-1
---ebpf-pid----2089----pid-2089
---ebpf-pid----2089----pid-1
---ebpf-pid----2089----pid-2089
---ebpf-pid----6671----pid-6671
---ebpf-pid----6671----pid-5476
---ebpf-pid----6671----pid-1
---ebpf-pid----6671----pid-6671
---ebpf-pid----6671----pid-5476
---ebpf-pid----6671----pid-1
---ebpf-pid----6671----pid-6671
---ebpf-pid----6671----pid-5476
---ebpf-pid----6671----pid-1
---ebpf-pid----6671----pid-6671
---ebpf-pid----6671----pid-5476
---ebpf-pid----6671----pid-1
---ebpf-pid----6671----pid-6671
---ebpf-pid----6671----pid-5476
---ebpf-pid----6671----pid-1
---ebpf-pid----2088----pid-2088
---ebpf-pid----2088----pid-1
---ebpf-pid----2088----pid-2088
---ebpf-pid----2088----pid-1
---ebpf-pid----2088----pid-2088
---ebpf-pid----2088----pid-1
---ebpf-pid----2088----pid-2088
---ebpf-pid----2088----pid-1
---ebpf-pid----2088----pid-2088
---ebpf-pid----2088----pid-1
---ebpf-pid----2088----pid-2088
---ebpf-pid----2088----pid-1
---ebpf-pid----2088----pid-2088
---ebpf-pid----2088----pid-1
---ebpf-pid----2088----pid-2088
---ebpf-pid----2088----pid-1
---ebpf-pid----2088----pid-2088
---ebpf-pid----2088----pid-1
---ebpf-pid----2088----pid-2088
---ebpf-pid----2088----pid-1
---ebpf-pid----2088----pid-2088
---ebpf-pid----2088----pid-1
---ebpf-pid----2088----pid-2088
---ebpf-pid----2088----pid-1
---ebpf-pid----2088----pid-2088
---ebpf-pid----2088----pid-1
---ebpf-pid----2088----pid-2088
---ebpf-pid----2088----pid-1
---ebpf-pid----2088----pid-2088
---ebpf-pid----2088----pid-1
---ebpf-pid----2088----pid-2088
---ebpf-pid----6671----pid-6671
---ebpf-pid----6671----pid-5476
---ebpf-pid----6671----pid-1
---ebpf-pid----6671----pid-6671
---ebpf-pid----6671----pid-5476
---ebpf-pid----6671----pid-1
---ebpf-pid----6671----pid-6671
---ebpf-pid----6671----pid-5476
---ebpf-pid----6671----pid-1
---ebpf-pid----6671----pid-6671
---ebpf-pid----6671----pid-5476
---ebpf-pid----6671----pid-1
---ebpf-pid----6671----pid-6671
---ebpf-pid----6671----pid-5476
---ebpf-pid----6671----pid-1
---ebpf-pid----6671----pid-6671
---ebpf-pid----6671----pid-5476
---ebpf-pid----6671----pid-1
---ebpf-pid----2089----pid-1
---ebpf-pid----2089----pid-2089
---ebpf-pid----2089----pid-1
---ebpf-pid----2089----pid-2089
---ebpf-pid----2089----pid-1
---ebpf-pid----2089----pid-2089
---ebpf-pid----2089----pid-1
---ebpf-pid----2089----pid-2089
---ebpf-pid----2089----pid-1
---ebpf-pid----2089----pid-2089
---ebpf-pid----2089----pid-1
---ebpf-pid----2089----pid-2089
---ebpf-pid----2089----pid-1
---ebpf-pid----2089----pid-2089
---ebpf-pid----2089----pid-1
---ebpf-pid----2089----pid-2089
---ebpf-pid----2089----pid-1
---ebpf-pid----2089----pid-2089
---ebpf-pid----2089----pid-1
---ebpf-pid----2089----pid-2089
---ebpf-pid----2089----pid-1
---ebpf-pid----2089----pid-2089
---ebpf-pid----2089----pid-1
---ebpf-pid----379067----pid-379067
---ebpf-pid----379067----pid-5476
---ebpf-pid----379067----pid-1
---ebpf-pid----379067----pid-379067
---ebpf-pid----379067----pid-5476
---ebpf-pid----379067----pid-1
---ebpf-pid----379067----pid-379067
---ebpf-pid----379067----pid-5476
---ebpf-pid----379067----pid-1
---ebpf-pid----379067----pid-379067
---ebpf-pid----379067----pid-5476
---ebpf-pid----379067----pid-1
---ebpf-pid----379067----pid-379067
---ebpf-pid----379067----pid-5476
---ebpf-pid----379067----pid-1
---ebpf-pid----2094----pid-2094
---ebpf-pid----2094----pid-1
---ebpf-pid----2094----pid-2094
---ebpf-pid----2094----pid-1
---ebpf-pid----2094----pid-2094
---ebpf-pid----2094----pid-1
---ebpf-pid----2094----pid-2094
---ebpf-pid----2094----pid-1
---ebpf-pid----2094----pid-2094
---ebpf-pid----2094----pid-1
---ebpf-pid----2094----pid-2094
---ebpf-pid----2094----pid-1
---ebpf-pid----2094----pid-2094
---ebpf-pid----2094----pid-1
---ebpf-pid----2094----pid-2094
---ebpf-pid----2094----pid-1
---ebpf-pid----2094----pid-2094
---ebpf-pid----2094----pid-1
---ebpf-pid----2094----pid-2094
---ebpf-pid----2094----pid-1
---ebpf-pid----2094----pid-2094
---ebpf-pid----2094----pid-1
---ebpf-pid----2094----pid-2094
---ebpf-pid----2094----pid-1
---ebpf-pid----2094----pid-2094
---ebpf-pid----2094----pid-1
---ebpf-pid----2094----pid-2094
---ebpf-pid----2094----pid-1
---ebpf-pid----2094----pid-2094
---ebpf-pid----2094----pid-1
---ebpf-pid----2094----pid-2094
---ebpf-pid----2094----pid-1
---ebpf-pid----2094----pid-2094
---ebpf-pid----2094----pid-1
---ebpf-pid----2094----pid-2094
---ebpf-pid----2094----pid-1
---ebpf-pid----2094----pid-2094
---ebpf-pid----2094----pid-1
---ebpf-pid----2094----pid-2094
---ebpf-pid----2094----pid-1
---ebpf-pid----2094----pid-2094
---ebpf-pid----2094----pid-1
---ebpf-pid----2094----pid-2094
---ebpf-pid----2094----pid-1
---ebpf-pid----2094----pid-2094
---ebpf-pid----2094----pid-1
---ebpf-pid----2094----pid-2094
---ebpf-pid----2094----pid-1
---ebpf-pid----2094----pid-2094
---ebpf-pid----2094----pid-1
---ebpf-pid----2094----pid-2094
---ebpf-pid----2094----pid-1
---ebpf-pid----2094----pid-2094
---ebpf-pid----2094----pid-1
---ebpf-pid----2094----pid-2094
---ebpf-pid----2094----pid-1
---ebpf-pid----2094----pid-2094
---ebpf-pid----2094----pid-1
---ebpf-pid----2094----pid-2094
---ebpf-pid----2094----pid-1
---ebpf-pid----2094----pid-2094
---ebpf-pid----2094----pid-1
---ebpf-pid----2094----pid-2094
---ebpf-pid----2094----pid-1
---ebpf-pid----2094----pid-2094
---ebpf-pid----2094----pid-1
---ebpf-pid----2094----pid-2094
---ebpf-pid----2094----pid-1
---ebpf-pid----379067----pid-379067
---ebpf-pid----379067----pid-5476
---ebpf-pid----379067----pid-1
---ebpf-pid----379067----pid-379067
---ebpf-pid----379067----pid-5476
---ebpf-pid----379067----pid-1
---ebpf-pid----2029----pid-2029
---ebpf-pid----406334----pid-3323
---ebpf-pid----2029----pid-1
---ebpf-pid----2029----pid-2029
---ebpf-pid----2029----pid-1
---ebpf-pid----406334----pid-1
---ebpf-pid----2029----pid-2029
---ebpf-pid----406334----pid-406334
---ebpf-pid----2029----pid-1
---ebpf-pid----406334----pid-3323
---ebpf-pid----2029----pid-2029
---ebpf-pid----406334----pid-1
---ebpf-pid----2029----pid-1
---ebpf-pid----406334----pid-406334
---ebpf-pid----2029----pid-2029
---ebpf-pid----2029----pid-1
---ebpf-pid----406334----pid-3323
---ebpf-pid----2029----pid-2029
---ebpf-pid----406334----pid-1
---ebpf-pid----2029----pid-1
---ebpf-pid----406334----pid-406334
---ebpf-pid----2029----pid-2029
---ebpf-pid----406334----pid-3323
---ebpf-pid----2029----pid-1
---ebpf-pid----2088----pid-2088
---ebpf-pid----406334----pid-1
---ebpf-pid----406334----pid-406334
---ebpf-pid----2088----pid-1
---ebpf-pid----2088----pid-2088
---ebpf-pid----406334----pid-3323
---ebpf-pid----2088----pid-1
---ebpf-pid----2088----pid-2088
---ebpf-pid----406334----pid-1
---ebpf-pid----406334----pid-406334
---ebpf-pid----2088----pid-1
---ebpf-pid----406334----pid-3323
---ebpf-pid----2088----pid-2088
---ebpf-pid----406334----pid-1
---ebpf-pid----2088----pid-1
---ebpf-pid----406334----pid-406334
---ebpf-pid----2088----pid-2088
---ebpf-pid----406334----pid-3323
---ebpf-pid----2088----pid-1
---ebpf-pid----406334----pid-1
---ebpf-pid----2088----pid-2088
---ebpf-pid----406334----pid-406334
---ebpf-pid----406334----pid-3323
---ebpf-pid----2088----pid-1
---ebpf-pid----406334----pid-1
---ebpf-pid----2088----pid-2088
---ebpf-pid----2088----pid-1
---ebpf-pid----2088----pid-1
---ebpf-pid----2088----pid-2088
---ebpf-pid----2088----pid-1
---ebpf-pid----2088----pid-2088
---ebpf-pid----2088----pid-1
---ebpf-pid----2088----pid-2088
---ebpf-pid----2088----pid-1
---ebpf-pid----2088----pid-2088
---ebpf-pid----2088----pid-1
---ebpf-pid----2088----pid-2088
---ebpf-pid----2088----pid-1
---ebpf-pid----2088----pid-2088
---ebpf-pid----2088----pid-1
---ebpf-pid----6671----pid-6671
---ebpf-pid----2088----pid-2088
---ebpf-pid----6671----pid-5476
---ebpf-pid----2088----pid-1
---ebpf-pid----2088----pid-2088
---ebpf-pid----6671----pid-1
---ebpf-pid----6671----pid-6671
---ebpf-pid----2088----pid-1
---ebpf-pid----2088----pid-2088
---ebpf-pid----6671----pid-5476
---ebpf-pid----6671----pid-1
---ebpf-pid----2088----pid-1
---ebpf-pid----6671----pid-6671
---ebpf-pid----2088----pid-2088
---ebpf-pid----6671----pid-5476
---ebpf-pid----2088----pid-1
---ebpf-pid----6671----pid-1
---ebpf-pid----2088----pid-2088
---ebpf-pid----6671----pid-6671
---ebpf-pid----2088----pid-1
---ebpf-pid----6671----pid-5476
---ebpf-pid----2088----pid-2088
---ebpf-pid----6671----pid-1
---ebpf-pid----6671----pid-6671
---ebpf-pid----2088----pid-1
---ebpf-pid----2088----pid-2088
---ebpf-pid----6671----pid-5476
---ebpf-pid----6671----pid-1
---ebpf-pid----2088----pid-1
---ebpf-pid----2088----pid-2088
---ebpf-pid----6671----pid-6671
---ebpf-pid----6671----pid-5476
---ebpf-pid----2088----pid-1
---ebpf-pid----2088----pid-2088
---ebpf-pid----6671----pid-1
---ebpf-pid----6671----pid-6671
---ebpf-pid----2088----pid-1
---ebpf-pid----2088----pid-2088
---ebpf-pid----6671----pid-5476
---ebpf-pid----6671----pid-1
---ebpf-pid----2088----pid-1
---ebpf-pid----6671----pid-6671
---ebpf-pid----2088----pid-2088
---ebpf-pid----6671----pid-5476
---ebpf-pid----2088----pid-1
---ebpf-pid----2088----pid-2088
---ebpf-pid----6671----pid-1
---ebpf-pid----6671----pid-6671
---ebpf-pid----2088----pid-1
---ebpf-pid----6671----pid-5476
---ebpf-pid----2088----pid-2088
---ebpf-pid----6671----pid-1
---ebpf-pid----6671----pid-6671
---ebpf-pid----2088----pid-1
---ebpf-pid----2088----pid-2088
---ebpf-pid----6671----pid-5476
---ebpf-pid----2088----pid-1
---ebpf-pid----6671----pid-1
---ebpf-pid----2088----pid-2088
---ebpf-pid----6671----pid-6671
---ebpf-pid----2088----pid-1
---ebpf-pid----6671----pid-5476
---ebpf-pid----2088----pid-2088
---ebpf-pid----6671----pid-1
---ebpf-pid----2088----pid-1
---ebpf-pid----6671----pid-6671
---ebpf-pid----2029----pid-2029
---ebpf-pid----6671----pid-5476
---ebpf-pid----2029----pid-1
---ebpf-pid----2029----pid-2029
---ebpf-pid----6671----pid-1
---ebpf-pid----6671----pid-6671
---ebpf-pid----2029----pid-1
---ebpf-pid----2029----pid-2029
---ebpf-pid----6671----pid-5476
---ebpf-pid----6671----pid-1
---ebpf-pid----2029----pid-1
---ebpf-pid----6671----pid-6671
---ebpf-pid----2029----pid-2029
---ebpf-pid----6671----pid-5476
---ebpf-pid----2029----pid-1
---ebpf-pid----2029----pid-2029
---ebpf-pid----6671----pid-1
---ebpf-pid----6671----pid-6671
---ebpf-pid----2029----pid-1
---ebpf-pid----6671----pid-5476
---ebpf-pid----2029----pid-2029
---ebpf-pid----6671----pid-1
---ebpf-pid----2029----pid-2029
---ebpf-pid----2029----pid-1
---ebpf-pid----2029----pid-2029
---ebpf-pid----2029----pid-1
---ebpf-pid----2029----pid-2029
---ebpf-pid----2029----pid-1
---ebpf-pid----2029----pid-2029
---ebpf-pid----2029----pid-1
---ebpf-pid----2029----pid-2029
---ebpf-pid----2029----pid-1
---ebpf-pid----2029----pid-1
---ebpf-pid----2029----pid-2029
---ebpf-pid----6671----pid-6671
---ebpf-pid----2029----pid-1
---ebpf-pid----6671----pid-5476
---ebpf-pid----2088----pid-2088
---ebpf-pid----6671----pid-1
---ebpf-pid----5705----pid-5705
---ebpf-pid----2088----pid-1
---ebpf-pid----2088----pid-2088
---ebpf-pid----5705----pid-5476
---ebpf-pid----2088----pid-1
---ebpf-pid----2088----pid-2088
---ebpf-pid----5705----pid-1
---ebpf-pid----5705----pid-5705
---ebpf-pid----2088----pid-1
---ebpf-pid----5707----pid-5707
---ebpf-pid----5705----pid-5476
---ebpf-pid----5707----pid-5476
---ebpf-pid----5705----pid-1
---ebpf-pid----372881----pid-372881
---ebpf-pid----5707----pid-1
---ebpf-pid----2088----pid-2088
---ebpf-pid----372881----pid-1
---ebpf-pid----372881----pid-372881
---ebpf-pid----2088----pid-1
---ebpf-pid----2088----pid-2088
---ebpf-pid----372881----pid-1
---ebpf-pid----2088----pid-1
---ebpf-pid----372881----pid-372881
---ebpf-pid----2088----pid-2088
---ebpf-pid----372881----pid-1
---ebpf-pid----2088----pid-1
---ebpf-pid----6671----pid-6671
---ebpf-pid----372881----pid-372881
---ebpf-pid----6671----pid-5476
---ebpf-pid----6671----pid-1
---ebpf-pid----2088----pid-2088
---ebpf-pid----372881----pid-1
---ebpf-pid----2088----pid-1
---ebpf-pid----372881----pid-372881
---ebpf-pid----5707----pid-5707
---ebpf-pid----5707----pid-5476
---ebpf-pid----5707----pid-1
---ebpf-pid----5707----pid-5707
---ebpf-pid----372881----pid-1
---ebpf-pid----5707----pid-5476
---ebpf-pid----5707----pid-1
---ebpf-pid----5707----pid-5707
---ebpf-pid----5707----pid-5476
---ebpf-pid----5707----pid-1
---ebpf-pid----372881----pid-372881
---ebpf-pid----6671----pid-6671
---ebpf-pid----372881----pid-1
---ebpf-pid----6671----pid-5476
---ebpf-pid----372881----pid-372881
---ebpf-pid----6671----pid-1
---ebpf-pid----6671----pid-6671
---ebpf-pid----372881----pid-1
---ebpf-pid----372881----pid-372881
---ebpf-pid----6671----pid-5476
---ebpf-pid----372881----pid-1
---ebpf-pid----6671----pid-1
---ebpf-pid----6671----pid-6671
---ebpf-pid----372881----pid-372881
---ebpf-pid----6671----pid-5476
---ebpf-pid----372881----pid-1
---ebpf-pid----372881----pid-372881
---ebpf-pid----6671----pid-1
---ebpf-pid----6671----pid-6671
---ebpf-pid----372881----pid-1
---ebpf-pid----2089----pid-2089
---ebpf-pid----6671----pid-5476
---ebpf-pid----6671----pid-1
---ebpf-pid----2089----pid-1
---ebpf-pid----6671----pid-6671
---ebpf-pid----2089----pid-2089
---ebpf-pid----6671----pid-5476
---ebpf-pid----2089----pid-1
---ebpf-pid----6671----pid-1
---ebpf-pid----2089----pid-2089
---ebpf-pid----6671----pid-6671
---ebpf-pid----2089----pid-1
---ebpf-pid----6671----pid-5476
---ebpf-pid----2089----pid-2089
---ebpf-pid----2089----pid-1
---ebpf-pid----2089----pid-2089
---ebpf-pid----2089----pid-1
---ebpf-pid----2089----pid-2089
---ebpf-pid----6671----pid-1
---ebpf-pid----6671----pid-6671
---ebpf-pid----2089----pid-1
---ebpf-pid----2089----pid-2089
---ebpf-pid----6671----pid-5476
---ebpf-pid----2089----pid-1
---ebpf-pid----2089----pid-2089
---ebpf-pid----6671----pid-1
---ebpf-pid----6671----pid-6671
---ebpf-pid----2089----pid-1
---ebpf-pid----2089----pid-2089
---ebpf-pid----6671----pid-5476
---ebpf-pid----2089----pid-1
---ebpf-pid----2089----pid-2089
---ebpf-pid----6671----pid-1
---ebpf-pid----6671----pid-6671
---ebpf-pid----2089----pid-1
---ebpf-pid----2089----pid-2089
---ebpf-pid----6671----pid-5476
---ebpf-pid----2089----pid-1
---ebpf-pid----2089----pid-2089
---ebpf-pid----6671----pid-1
---ebpf-pid----6671----pid-6671
---ebpf-pid----2089----pid-1
---ebpf-pid----2089----pid-2089
---ebpf-pid----2089----pid-1
---ebpf-pid----2089----pid-2089
---ebpf-pid----2089----pid-1
---ebpf-pid----2089----pid-2089
---ebpf-pid----6671----pid-5476
---ebpf-pid----2089----pid-1
---ebpf-pid----2089----pid-2089
---ebpf-pid----6671----pid-1
---ebpf-pid----2089----pid-1
---ebpf-pid----6671----pid-6671
---ebpf-pid----2089----pid-2089
---ebpf-pid----6671----pid-5476
---ebpf-pid----2089----pid-1
---ebpf-pid----2089----pid-2089
---ebpf-pid----6671----pid-1
---ebpf-pid----6671----pid-6671
---ebpf-pid----2089----pid-1
---ebpf-pid----2089----pid-2089
---ebpf-pid----6671----pid-5476
---ebpf-pid----2089----pid-1
---ebpf-pid----2089----pid-2089
---ebpf-pid----6671----pid-1
---ebpf-pid----6671----pid-6671
---ebpf-pid----2089----pid-1
---ebpf-pid----2089----pid-2089
---ebpf-pid----6671----pid-5476
---ebpf-pid----2089----pid-1
---ebpf-pid----6671----pid-1
---ebpf-pid----2089----pid-2089
---ebpf-pid----2089----pid-1
---ebpf-pid----2089----pid-2089
---ebpf-pid----2089----pid-1
---ebpf-pid----2089----pid-2089
---ebpf-pid----2089----pid-1
---ebpf-pid----2089----pid-2089
---ebpf-pid----2089----pid-1
---ebpf-pid----2089----pid-2089
---ebpf-pid----2089----pid-1
---ebpf-pid----2089----pid-2089
---ebpf-pid----2089----pid-1
---ebpf-pid----2089----pid-2089
---ebpf-pid----2089----pid-1
---ebpf-pid----2089----pid-2089
---ebpf-pid----2089----pid-1
---ebpf-pid----2089----pid-2089
---ebpf-pid----2089----pid-1
---ebpf-pid----2029----pid-2029
---ebpf-pid----2029----pid-1
---ebpf-pid----2029----pid-2029
---ebpf-pid----2029----pid-1
---ebpf-pid----2094----pid-2094
---ebpf-pid----2094----pid-1
---ebpf-pid----2094----pid-2094
---ebpf-pid----2094----pid-1
---ebpf-pid----2094----pid-2094
---ebpf-pid----2094----pid-1
---ebpf-pid----2094----pid-2094
---ebpf-pid----2094----pid-1
---ebpf-pid----372881----pid-372881
---ebpf-pid----372881----pid-1
---ebpf-pid----372881----pid-372881
---ebpf-pid----372881----pid-1
---ebpf-pid----372881----pid-372881
---ebpf-pid----372881----pid-1
---ebpf-pid----372881----pid-372881
---ebpf-pid----372881----pid-1
---ebpf-pid----372881----pid-372881
---ebpf-pid----372881----pid-1
---ebpf-pid----372881----pid-372881
---ebpf-pid----372881----pid-1
---ebpf-pid----372881----pid-372881
---ebpf-pid----372881----pid-1
---ebpf-pid----372881----pid-372881
---ebpf-pid----372881----pid-1
---ebpf-pid----372881----pid-372881
---ebpf-pid----372881----pid-1
---ebpf-pid----372881----pid-372881
---ebpf-pid----372881----pid-1
---ebpf-pid----372881----pid-372881
---ebpf-pid----372881----pid-1
---ebpf-pid----372881----pid-372881
---ebpf-pid----372881----pid-1
---ebpf-pid----372881----pid-372881
---ebpf-pid----372881----pid-1
---ebpf-pid----372881----pid-372881
---ebpf-pid----372881----pid-1
---ebpf-pid----5707----pid-5707
---ebpf-pid----5707----pid-5476
---ebpf-pid----5707----pid-1
---ebpf-pid----5707----pid-5707
---ebpf-pid----5707----pid-5476
---ebpf-pid----5707----pid-1
---ebpf-pid----372881----pid-372881
---ebpf-pid----372881----pid-1
---ebpf-pid----372881----pid-372881
---ebpf-pid----372881----pid-1
---ebpf-pid----2088----pid-2088
---ebpf-pid----2088----pid-1
---ebpf-pid----2088----pid-2088
---ebpf-pid----2088----pid-1
---ebpf-pid----2088----pid-2088
---ebpf-pid----2088----pid-1
---ebpf-pid----2088----pid-2088
---ebpf-pid----2088----pid-1
---ebpf-pid----2088----pid-2088
---ebpf-pid----2088----pid-1
---ebpf-pid----2088----pid-2088
---ebpf-pid----2088----pid-1
---ebpf-pid----2088----pid-2088
---ebpf-pid----2088----pid-1
---ebpf-pid----2088----pid-2088
---ebpf-pid----2088----pid-1
---ebpf-pid----5707----pid-5707
---ebpf-pid----5707----pid-5476
---ebpf-pid----5707----pid-1
---ebpf-pid----5707----pid-5707
---ebpf-pid----5707----pid-5476
---ebpf-pid----5707----pid-1
---ebpf-pid----5707----pid-5707
---ebpf-pid----5707----pid-5476
---ebpf-pid----5707----pid-1
---ebpf-pid----5707----pid-5707
---ebpf-pid----5707----pid-5476
---ebpf-pid----5707----pid-1
---ebpf-pid----5707----pid-5707
---ebpf-pid----5707----pid-5476
---ebpf-pid----5707----pid-1
---ebpf-pid----5707----pid-5707
---ebpf-pid----5707----pid-5476
---ebpf-pid----5707----pid-1
---ebpf-pid----5707----pid-5707
---ebpf-pid----5707----pid-5476
---ebpf-pid----5707----pid-1
---ebpf-pid----5707----pid-5707
---ebpf-pid----5707----pid-5476
---ebpf-pid----5707----pid-1
---ebpf-pid----5707----pid-5707
---ebpf-pid----5707----pid-5476
---ebpf-pid----5707----pid-1
---ebpf-pid----5707----pid-5707
---ebpf-pid----5707----pid-5476
---ebpf-pid----5707----pid-1
---ebpf-pid----5707----pid-5707
---ebpf-pid----5707----pid-5476
---ebpf-pid----5707----pid-1
---ebpf-pid----5707----pid-5707
---ebpf-pid----5707----pid-5476
---ebpf-pid----5707----pid-1
---ebpf-pid----5707----pid-5707
---ebpf-pid----5707----pid-5476
---ebpf-pid----5707----pid-1
---ebpf-pid----5707----pid-5707
---ebpf-pid----5707----pid-5476
---ebpf-pid----5707----pid-1
---ebpf-pid----2089----pid-2089
---ebpf-pid----2089----pid-1
---ebpf-pid----2089----pid-2089
---ebpf-pid----2089----pid-1
---ebpf-pid----2089----pid-2089
---ebpf-pid----2089----pid-1
---ebpf-pid----2089----pid-2089
---ebpf-pid----2089----pid-1
---ebpf-pid----5707----pid-5707
---ebpf-pid----5707----pid-5476
---ebpf-pid----5707----pid-1
---ebpf-pid----5707----pid-5707
---ebpf-pid----5707----pid-5476
---ebpf-pid----5707----pid-1
---ebpf-pid----5707----pid-5707
---ebpf-pid----5707----pid-5476
---ebpf-pid----5707----pid-1
---ebpf-pid----5707----pid-5707
---ebpf-pid----406334----pid-406334
---ebpf-pid----5707----pid-5476
---ebpf-pid----5707----pid-1
---ebpf-pid----5707----pid-5707
---ebpf-pid----406334----pid-3323
---ebpf-pid----5707----pid-5476
---ebpf-pid----406334----pid-1
---ebpf-pid----406334----pid-406334
---ebpf-pid----5707----pid-1
---ebpf-pid----5707----pid-5707
---ebpf-pid----406334----pid-3323
---ebpf-pid----406334----pid-1
---ebpf-pid----5707----pid-5476
---ebpf-pid----406334----pid-406334
---ebpf-pid----5707----pid-1
---ebpf-pid----406334----pid-3323
---ebpf-pid----5707----pid-5707
---ebpf-pid----406334----pid-1
---ebpf-pid----406334----pid-406334
---ebpf-pid----406334----pid-3323
---ebpf-pid----5707----pid-5476
---ebpf-pid----406334----pid-1
---ebpf-pid----406334----pid-406334
---ebpf-pid----5707----pid-1
---ebpf-pid----2089----pid-2089
---ebpf-pid----2089----pid-1
---ebpf-pid----2089----pid-2089
---ebpf-pid----2089----pid-1
---ebpf-pid----2089----pid-2089
---ebpf-pid----2089----pid-1
---ebpf-pid----2089----pid-2089
---ebpf-pid----2089----pid-1
---ebpf-pid----379067----pid-379067
---ebpf-pid----379067----pid-5476
---ebpf-pid----379067----pid-1
---ebpf-pid----379067----pid-379067
---ebpf-pid----379067----pid-5476
---ebpf-pid----379067----pid-1
---ebpf-pid----379067----pid-379067
---ebpf-pid----379067----pid-5476
---ebpf-pid----379067----pid-1
---ebpf-pid----2088----pid-2088
---ebpf-pid----379067----pid-379067
---ebpf-pid----2088----pid-1
---ebpf-pid----379067----pid-5476
---ebpf-pid----2088----pid-2088
---ebpf-pid----379067----pid-1
---ebpf-pid----2088----pid-1
---ebpf-pid----2094----pid-2094
---ebpf-pid----2088----pid-2088
---ebpf-pid----2094----pid-1
---ebpf-pid----2088----pid-1
---ebpf-pid----2094----pid-2094
---ebpf-pid----2088----pid-2088
---ebpf-pid----2094----pid-1
---ebpf-pid----2088----pid-1
---ebpf-pid----2094----pid-2094
---ebpf-pid----2088----pid-2088
---ebpf-pid----2094----pid-1
---ebpf-pid----2094----pid-2094
---ebpf-pid----2088----pid-1
---ebpf-pid----2088----pid-2088
---ebpf-pid----2088----pid-1
---ebpf-pid----2094----pid-1
---ebpf-pid----2094----pid-2094
---ebpf-pid----2088----pid-2088
---ebpf-pid----2088----pid-1
---ebpf-pid----2094----pid-1
---ebpf-pid----2094----pid-2094
---ebpf-pid----2088----pid-2088
---ebpf-pid----2088----pid-1
---ebpf-pid----2094----pid-1
---ebpf-pid----2088----pid-2088
---ebpf-pid----2094----pid-2094
---ebpf-pid----2094----pid-1
---ebpf-pid----2088----pid-1
---ebpf-pid----2088----pid-2088
---ebpf-pid----2094----pid-2094
---ebpf-pid----2088----pid-1
---ebpf-pid----2094----pid-1
---ebpf-pid----2088----pid-2088
---ebpf-pid----2094----pid-2094
---ebpf-pid----2088----pid-1
---ebpf-pid----2094----pid-1
---ebpf-pid----2094----pid-2094
---ebpf-pid----2088----pid-2088
---ebpf-pid----2094----pid-1
---ebpf-pid----2094----pid-2094
---ebpf-pid----2094----pid-1
---ebpf-pid----2094----pid-2094
---ebpf-pid----2094----pid-1
---ebpf-pid----2094----pid-2094
---ebpf-pid----2094----pid-1
---ebpf-pid----2094----pid-2094
---ebpf-pid----2094----pid-1
---ebpf-pid----2094----pid-2094
---ebpf-pid----2094----pid-1
---ebpf-pid----2029----pid-2029
---ebpf-pid----2029----pid-1
---ebpf-pid----2029----pid-2029
---ebpf-pid----2029----pid-1
---ebpf-pid----2029----pid-2029
---ebpf-pid----2029----pid-1
---ebpf-pid----2029----pid-2029
---ebpf-pid----2029----pid-1
---ebpf-pid----2029----pid-2029
---ebpf-pid----2029----pid-1
---ebpf-pid----2029----pid-2029
---ebpf-pid----2029----pid-1
---ebpf-pid----2029----pid-2029
---ebpf-pid----2029----pid-1
---ebpf-pid----2029----pid-2029
---ebpf-pid----2029----pid-1
---ebpf-pid----2029----pid-2029
---ebpf-pid----2029----pid-1
---ebpf-pid----2029----pid-2029
---ebpf-pid----2029----pid-1
---ebpf-pid----2029----pid-2029
---ebpf-pid----2029----pid-1
---ebpf-pid----2029----pid-2029
---ebpf-pid----2029----pid-1
---ebpf-pid----2029----pid-2029
---ebpf-pid----2029----pid-1
---ebpf-pid----2029----pid-2029
---ebpf-pid----6671----pid-6671
---ebpf-pid----2029----pid-1
---ebpf-pid----2029----pid-2029
---ebpf-pid----6671----pid-5476
---ebpf-pid----2029----pid-1
---ebpf-pid----2029----pid-2029
---ebpf-pid----2029----pid-1
---ebpf-pid----6671----pid-1
---ebpf-pid----2029----pid-2029
---ebpf-pid----6671----pid-6671
---ebpf-pid----2029----pid-1
---ebpf-pid----6671----pid-5476
---ebpf-pid----2029----pid-2029
---ebpf-pid----6671----pid-1
---ebpf-pid----2029----pid-1
---ebpf-pid----6671----pid-6671
---ebpf-pid----2029----pid-2029
---ebpf-pid----2029----pid-1
---ebpf-pid----6671----pid-5476
---ebpf-pid----2029----pid-2029
---ebpf-pid----6671----pid-1
---ebpf-pid----2029----pid-1
---ebpf-pid----6671----pid-6671
---ebpf-pid----2088----pid-1
---ebpf-pid----2088----pid-2088
---ebpf-pid----2088----pid-1
---ebpf-pid----2088----pid-2088
---ebpf-pid----2088----pid-1
---ebpf-pid----2088----pid-2088
---ebpf-pid----2088----pid-1
---ebpf-pid----2088----pid-2088
---ebpf-pid----2088----pid-1
---ebpf-pid----2088----pid-2088
---ebpf-pid----2088----pid-1
---ebpf-pid----2088----pid-2088
---ebpf-pid----2088----pid-1
---ebpf-pid----2088----pid-2088
---ebpf-pid----2088----pid-1
---ebpf-pid----2088----pid-2088
---ebpf-pid----2088----pid-1
---ebpf-pid----2088----pid-2088
---ebpf-pid----2088----pid-1
---ebpf-pid----2088----pid-2088
---ebpf-pid----2088----pid-1
---ebpf-pid----2088----pid-2088
---ebpf-pid----2088----pid-1
---ebpf-pid----2088----pid-2088
---ebpf-pid----2088----pid-1
---ebpf-pid----2088----pid-2088
---ebpf-pid----2088----pid-1
---ebpf-pid----2088----pid-2088
---ebpf-pid----2088----pid-1
---ebpf-pid----2088----pid-2088
---ebpf-pid----2029----pid-2029
---ebpf-pid----2088----pid-1
---ebpf-pid----2088----pid-2088
---ebpf-pid----2088----pid-1
---ebpf-pid----2088----pid-2088
---ebpf-pid----2088----pid-1
---ebpf-pid----2088----pid-2088
---ebpf-pid----2088----pid-1
---ebpf-pid----2088----pid-2088
---ebpf-pid----2088----pid-1
---ebpf-pid----2088----pid-2088
---ebpf-pid----2088----pid-1
---ebpf-pid----2088----pid-2088
---ebpf-pid----2088----pid-1
---ebpf-pid----2088----pid-2088
---ebpf-pid----2088----pid-1
---ebpf-pid----2088----pid-2088
---ebpf-pid----2088----pid-1
---ebpf-pid----2088----pid-2088
---ebpf-pid----2029----pid-1
---ebpf-pid----2029----pid-2029
---ebpf-pid----2088----pid-1
---ebpf-pid----2088----pid-2088
---ebpf-pid----2029----pid-1
---ebpf-pid----2029----pid-2029
---ebpf-pid----2088----pid-1
---ebpf-pid----2088----pid-2088
---ebpf-pid----2029----pid-1
---ebpf-pid----2029----pid-2029
---ebpf-pid----2088----pid-1
---ebpf-pid----2088----pid-2088
---ebpf-pid----2029----pid-1
---ebpf-pid----2029----pid-2029
---ebpf-pid----2088----pid-1
---ebpf-pid----2088----pid-2088
---ebpf-pid----2029----pid-1
---ebpf-pid----2029----pid-2029
---ebpf-pid----2088----pid-1
---ebpf-pid----2088----pid-2088
---ebpf-pid----2029----pid-1
---ebpf-pid----2029----pid-2029
---ebpf-pid----2088----pid-1
---ebpf-pid----2088----pid-2088
---ebpf-pid----2029----pid-1
---ebpf-pid----2029----pid-2029
---ebpf-pid----2088----pid-1
---ebpf-pid----2088----pid-2088
---ebpf-pid----2029----pid-1
---ebpf-pid----2029----pid-2029
---ebpf-pid----2088----pid-1
---ebpf-pid----2029----pid-1
---ebpf-pid----2088----pid-2088
---ebpf-pid----2094----pid-2094
---ebpf-pid----2088----pid-1
---ebpf-pid----2094----pid-1
---ebpf-pid----448783----pid-448783
---ebpf-pid----2094----pid-2094
---ebpf-pid----448783----pid-448520
---ebpf-pid----2094----pid-1
---ebpf-pid----2094----pid-2094
---ebpf-pid----448783----pid-1
---ebpf-pid----2029----pid-2029
---ebpf-pid----2094----pid-1
---ebpf-pid----2094----pid-2094
---ebpf-pid----2029----pid-1
---ebpf-pid----2029----pid-2029
---ebpf-pid----2094----pid-1
---ebpf-pid----2094----pid-2094
---ebpf-pid----2029----pid-1
---ebpf-pid----2029----pid-2029
---ebpf-pid----2094----pid-1
---ebpf-pid----2094----pid-2094
---ebpf-pid----2029----pid-1
---ebpf-pid----2029----pid-2029
---ebpf-pid----2094----pid-1
---ebpf-pid----2094----pid-2094
---ebpf-pid----2029----pid-1
---ebpf-pid----2029----pid-2029
---ebpf-pid----2094----pid-1
---ebpf-pid----2094----pid-2094
---ebpf-pid----2029----pid-1
---ebpf-pid----2094----pid-1
---ebpf-pid----448783----pid-448783
---ebpf-pid----2094----pid-2094
---ebpf-pid----448783----pid-448520
---ebpf-pid----2094----pid-1
---ebpf-pid----448783----pid-1
---ebpf-pid----2088----pid-2088
---ebpf-pid----2094----pid-2094
---ebpf-pid----2094----pid-1
---ebpf-pid----2094----pid-2094
---ebpf-pid----2094----pid-1
---ebpf-pid----2094----pid-2094
---ebpf-pid----2094----pid-1
---ebpf-pid----2094----pid-2094
---ebpf-pid----2094----pid-1
---ebpf-pid----2094----pid-2094
---ebpf-pid----2094----pid-1
---ebpf-pid----2094----pid-2094
---ebpf-pid----2094----pid-1
---ebpf-pid----2094----pid-2094
---ebpf-pid----2094----pid-1
---ebpf-pid----2094----pid-2094
---ebpf-pid----2094----pid-1
---ebpf-pid----2088----pid-1
---ebpf-pid----2088----pid-2088
---ebpf-pid----2088----pid-1
---ebpf-pid----2088----pid-2088
---ebpf-pid----2088----pid-1
---ebpf-pid----2088----pid-2088
---ebpf-pid----2088----pid-1
---ebpf-pid----2088----pid-2088
---ebpf-pid----2088----pid-1
---ebpf-pid----2088----pid-2088
---ebpf-pid----2088----pid-1
---ebpf-pid----2088----pid-2088
---ebpf-pid----2088----pid-1
---ebpf-pid----2088----pid-2088
---ebpf-pid----2088----pid-1
---ebpf-pid----2088----pid-2088
---ebpf-pid----2088----pid-1
---ebpf-pid----2088----pid-2088
---ebpf-pid----2088----pid-1
---ebpf-pid----2088----pid-2088
---ebpf-pid----2088----pid-1
---ebpf-pid----2094----pid-2094
---ebpf-pid----2088----pid-2088
---ebpf-pid----2088----pid-1
---ebpf-pid----2088----pid-2088
---ebpf-pid----2094----pid-1
---ebpf-pid----2088----pid-1
---ebpf-pid----2094----pid-2094
---ebpf-pid----2088----pid-2088
---ebpf-pid----2094----pid-1
---ebpf-pid----2088----pid-1
---ebpf-pid----2029----pid-2029
---ebpf-pid----2088----pid-2088
---ebpf-pid----2029----pid-1
---ebpf-pid----2029----pid-2029
---ebpf-pid----2088----pid-1
---ebpf-pid----2088----pid-2088
---ebpf-pid----2029----pid-1
---ebpf-pid----2029----pid-2029
---ebpf-pid----2088----pid-1
---ebpf-pid----6671----pid-6671
---ebpf-pid----2029----pid-1
---ebpf-pid----2029----pid-2029
---ebpf-pid----6671----pid-5476
---ebpf-pid----2029----pid-1
---ebpf-pid----6671----pid-1
---ebpf-pid----2029----pid-2029
---ebpf-pid----6671----pid-6671
---ebpf-pid----6671----pid-5476
---ebpf-pid----6671----pid-1
---ebpf-pid----6671----pid-6671
---ebpf-pid----6671----pid-5476
---ebpf-pid----6671----pid-1
---ebpf-pid----2029----pid-2029
---ebpf-pid----2029----pid-1
---ebpf-pid----2029----pid-2029
---ebpf-pid----2029----pid-1
---ebpf-pid----2029----pid-2029
---ebpf-pid----2029----pid-1
---ebpf-pid----2029----pid-2029
---ebpf-pid----2029----pid-1
---ebpf-pid----2029----pid-2029
---ebpf-pid----2029----pid-1
---ebpf-pid----2029----pid-2029
---ebpf-pid----6671----pid-5476
---ebpf-pid----6671----pid-1
---ebpf-pid----2029----pid-1
---ebpf-pid----2029----pid-2029
---ebpf-pid----2029----pid-1
---ebpf-pid----2029----pid-2029
---ebpf-pid----2029----pid-1
---ebpf-pid----5707----pid-5707
---ebpf-pid----5707----pid-5476
---ebpf-pid----5707----pid-1
---ebpf-pid----5707----pid-5707
---ebpf-pid----5707----pid-5476
---ebpf-pid----5707----pid-1
---ebpf-pid----5707----pid-5707
---ebpf-pid----5707----pid-5476
---ebpf-pid----5707----pid-1
---ebpf-pid----5707----pid-5707
---ebpf-pid----5707----pid-5476
---ebpf-pid----5707----pid-1
---ebpf-pid----5108----pid-5108
---ebpf-pid----5108----pid-3323
---ebpf-pid----5108----pid-1
---ebpf-pid----5108----pid-5108
---ebpf-pid----5108----pid-3323
---ebpf-pid----5108----pid-1
---ebpf-pid----5108----pid-5108
---ebpf-pid----5108----pid-3323
---ebpf-pid----2029----pid-1
---ebpf-pid----2029----pid-2029
---ebpf-pid----5108----pid-1
---ebpf-pid----5108----pid-5108
---ebpf-pid----2029----pid-1
---ebpf-pid----2029----pid-2029
---ebpf-pid----5108----pid-3323
---ebpf-pid----2029----pid-1
---ebpf-pid----5108----pid-1
---ebpf-pid----2029----pid-2029
---ebpf-pid----5108----pid-5108
---ebpf-pid----2029----pid-1
---ebpf-pid----5108----pid-3323
---ebpf-pid----2029----pid-2029
---ebpf-pid----5108----pid-1
---ebpf-pid----2029----pid-1
---ebpf-pid----379067----pid-379067
---ebpf-pid----2089----pid-2089
---ebpf-pid----379067----pid-5476
---ebpf-pid----2089----pid-1
---ebpf-pid----2089----pid-2089
---ebpf-pid----379067----pid-1
---ebpf-pid----379067----pid-379067
---ebpf-pid----2089----pid-1
---ebpf-pid----2089----pid-2089
---ebpf-pid----379067----pid-5476
---ebpf-pid----379067----pid-1
---ebpf-pid----379067----pid-379067
---ebpf-pid----2089----pid-1
---ebpf-pid----379067----pid-5476
---ebpf-pid----2089----pid-2089
---ebpf-pid----2089----pid-1
---ebpf-pid----2089----pid-2089
---ebpf-pid----406334----pid-3323
---ebpf-pid----406334----pid-1
---ebpf-pid----406334----pid-406334
---ebpf-pid----406334----pid-3323
---ebpf-pid----406334----pid-1
---ebpf-pid----406334----pid-406334
---ebpf-pid----406334----pid-3323
---ebpf-pid----406334----pid-1
---ebpf-pid----406334----pid-406334
---ebpf-pid----406334----pid-3323
---ebpf-pid----406334----pid-1
---ebpf-pid----379067----pid-1
---ebpf-pid----2089----pid-1
---ebpf-pid----448785----pid-448785
---ebpf-pid----2089----pid-2089
---ebpf-pid----448785----pid-448520
---ebpf-pid----2089----pid-1
---ebpf-pid----2089----pid-2089
---ebpf-pid----448785----pid-1
---ebpf-pid----448785----pid-448785
---ebpf-pid----2089----pid-1
---ebpf-pid----2089----pid-2089
---ebpf-pid----448785----pid-448520
---ebpf-pid----2089----pid-1
---ebpf-pid----448785----pid-1
---ebpf-pid----2089----pid-2089
---ebpf-pid----448785----pid-448785
---ebpf-pid----2089----pid-1
---ebpf-pid----448785----pid-448520
---ebpf-pid----372881----pid-372881
---ebpf-pid----448785----pid-1
---ebpf-pid----448785----pid-448785
---ebpf-pid----448785----pid-448520
---ebpf-pid----372881----pid-1
---ebpf-pid----448785----pid-1
---ebpf-pid----372881----pid-372881
---ebpf-pid----379067----pid-379067
---ebpf-pid----372881----pid-1
---ebpf-pid----379067----pid-5476
---ebpf-pid----372881----pid-372881
---ebpf-pid----372881----pid-1
---ebpf-pid----379067----pid-1
---ebpf-pid----372881----pid-372881
---ebpf-pid----379067----pid-379067
---ebpf-pid----372881----pid-1
---ebpf-pid----379067----pid-5476
---ebpf-pid----5638----pid-5638
---ebpf-pid----379067----pid-1
---ebpf-pid----448785----pid-448785
---ebpf-pid----5638----pid-1
---ebpf-pid----21----pid-21
---ebpf-pid----448785----pid-448520
---ebpf-pid----21----pid-2
---ebpf-pid----372714----pid-372714
---ebpf-pid----448785----pid-1
---ebpf-pid----379067----pid-379067
---ebpf-pid----372714----pid-5476
---ebpf-pid----379067----pid-5476
---ebpf-pid----379067----pid-1
---ebpf-pid----379067----pid-379067
---ebpf-pid----379067----pid-5476
---ebpf-pid----372714----pid-1
---ebpf-pid----372714----pid-372714
---ebpf-pid----372714----pid-5476
---ebpf-pid----379067----pid-1
---ebpf-pid----379067----pid-379067
---ebpf-pid----379067----pid-5476
---ebpf-pid----379067----pid-1
---ebpf-pid----448785----pid-448785
---ebpf-pid----448785----pid-448520
---ebpf-pid----372714----pid-1
---ebpf-pid----372881----pid-372881
---ebpf-pid----448785----pid-1
---ebpf-pid----448785----pid-448785
---ebpf-pid----406334----pid-406334
---ebpf-pid----372881----pid-1
---ebpf-pid----372881----pid-372881
---ebpf-pid----448785----pid-448520
---ebpf-pid----406334----pid-3323
---ebpf-pid----448785----pid-1
---ebpf-pid----372881----pid-1
---ebpf-pid----372881----pid-372881
---ebpf-pid----406334----pid-1
---ebpf-pid----448785----pid-448785
---ebpf-pid----406334----pid-406334
---ebpf-pid----372881----pid-1
---ebpf-pid----406334----pid-3323
---ebpf-pid----448785----pid-448520
---ebpf-pid----448785----pid-1
---ebpf-pid----448785----pid-448785
---ebpf-pid----448785----pid-448520
---ebpf-pid----406334----pid-1
---ebpf-pid----372881----pid-372881
---ebpf-pid----372881----pid-1
---ebpf-pid----372881----pid-372881
---ebpf-pid----406334----pid-406334
---ebpf-pid----372881----pid-1
---ebpf-pid----372881----pid-372881
---ebpf-pid----372881----pid-1
---ebpf-pid----372881----pid-372881
---ebpf-pid----372881----pid-1
---ebpf-pid----448785----pid-1
---ebpf-pid----448785----pid-448785
---ebpf-pid----448785----pid-448520
---ebpf-pid----406334----pid-3323
---ebpf-pid----448785----pid-1
---ebpf-pid----376651----pid-376651
---ebpf-pid----376651----pid-3323
---ebpf-pid----376651----pid-1
---ebpf-pid----376651----pid-376651
---ebpf-pid----406334----pid-1
---ebpf-pid----376651----pid-3323
---ebpf-pid----406334----pid-406334
---ebpf-pid----372881----pid-372881
---ebpf-pid----372881----pid-1
---ebpf-pid----372881----pid-372881
---ebpf-pid----406334----pid-3323
---ebpf-pid----372881----pid-1
---ebpf-pid----372881----pid-372881
---ebpf-pid----406334----pid-1
---ebpf-pid----372881----pid-1
---ebpf-pid----6671----pid-6671
---ebpf-pid----6671----pid-5476
---ebpf-pid----372881----pid-372881
---ebpf-pid----406334----pid-406334
---ebpf-pid----406334----pid-3323
---ebpf-pid----6671----pid-1
---ebpf-pid----376651----pid-1
---ebpf-pid----376651----pid-376651
---ebpf-pid----376651----pid-3323
---ebpf-pid----372881----pid-1
---ebpf-pid----372881----pid-372881
---ebpf-pid----406334----pid-1
---ebpf-pid----406334----pid-406334
---ebpf-pid----406334----pid-3323
---ebpf-pid----376651----pid-1
---ebpf-pid----5108----pid-5108
---ebpf-pid----5108----pid-3323
---ebpf-pid----5108----pid-1
---ebpf-pid----5108----pid-5108
---ebpf-pid----406334----pid-1
---ebpf-pid----5108----pid-3323
---ebpf-pid----406334----pid-406334
---ebpf-pid----5108----pid-1
---ebpf-pid----406335----pid-406335
---ebpf-pid----406335----pid-3323
---ebpf-pid----406335----pid-1
---ebpf-pid----406335----pid-406335
---ebpf-pid----406335----pid-3323
---ebpf-pid----406334----pid-3323
---ebpf-pid----406334----pid-1
---ebpf-pid----406334----pid-406334
---ebpf-pid----406334----pid-3323
---ebpf-pid----406334----pid-1
---ebpf-pid----406334----pid-406334
---ebpf-pid----406334----pid-3323
---ebpf-pid----406334----pid-1
---ebpf-pid----6671----pid-6671
---ebpf-pid----406334----pid-406334
---ebpf-pid----6671----pid-5476
---ebpf-pid----372881----pid-1
---ebpf-pid----6671----pid-1
---ebpf-pid----372881----pid-372881
---ebpf-pid----6671----pid-6671
---ebpf-pid----6671----pid-5476
---ebpf-pid----406334----pid-3323
---ebpf-pid----6671----pid-1
---ebpf-pid----6671----pid-6671
---ebpf-pid----406334----pid-1
---ebpf-pid----406334----pid-406334
---ebpf-pid----6671----pid-5476
---ebpf-pid----406334----pid-3323
---ebpf-pid----6671----pid-1
---ebpf-pid----6671----pid-6671
---ebpf-pid----372881----pid-1
---ebpf-pid----6671----pid-5476
---ebpf-pid----372881----pid-372881
---ebpf-pid----372881----pid-1
---ebpf-pid----372881----pid-372881
---ebpf-pid----372881----pid-1
---ebpf-pid----372881----pid-372881
---ebpf-pid----372881----pid-1
---ebpf-pid----372881----pid-372881
---ebpf-pid----372881----pid-1
---ebpf-pid----372881----pid-372881
---ebpf-pid----406334----pid-1
---ebpf-pid----376651----pid-376651
---ebpf-pid----376651----pid-3323
---ebpf-pid----376651----pid-1
---ebpf-pid----376651----pid-376651
---ebpf-pid----376651----pid-3323
---ebpf-pid----376651----pid-1
---ebpf-pid----376651----pid-376651
---ebpf-pid----376651----pid-3323
---ebpf-pid----376651----pid-1
---ebpf-pid----376651----pid-376651
---ebpf-pid----376651----pid-3323
---ebpf-pid----372881----pid-1
---ebpf-pid----372881----pid-372881
---ebpf-pid----6671----pid-1
---ebpf-pid----6671----pid-6671
---ebpf-pid----372881----pid-1
---ebpf-pid----372881----pid-372881
---ebpf-pid----6671----pid-5476
---ebpf-pid----372881----pid-1
---ebpf-pid----372881----pid-372881
---ebpf-pid----6671----pid-1
---ebpf-pid----6671----pid-6671
---ebpf-pid----372881----pid-1
---ebpf-pid----6671----pid-5476
---ebpf-pid----372881----pid-372881
---ebpf-pid----6671----pid-1
---ebpf-pid----372881----pid-1
---ebpf-pid----6671----pid-6671
---ebpf-pid----372881----pid-372881
---ebpf-pid----6671----pid-5476
---ebpf-pid----372881----pid-1
---ebpf-pid----372881----pid-372881
---ebpf-pid----6671----pid-1
---ebpf-pid----6671----pid-6671
---ebpf-pid----372881----pid-1
---ebpf-pid----372881----pid-372881
---ebpf-pid----6671----pid-5476
---ebpf-pid----372881----pid-1
---ebpf-pid----372881----pid-372881
---ebpf-pid----376651----pid-1
---ebpf-pid----376651----pid-376651
---ebpf-pid----376651----pid-3323
---ebpf-pid----376651----pid-1
---ebpf-pid----406335----pid-1
---ebpf-pid----406335----pid-406335
---ebpf-pid----406335----pid-3323
---ebpf-pid----406335----pid-1
---ebpf-pid----5109----pid-5109
---ebpf-pid----5109----pid-3323
---ebpf-pid----5109----pid-1
---ebpf-pid----5109----pid-5109
---ebpf-pid----5109----pid-3323
---ebpf-pid----5109----pid-1
---ebpf-pid----5109----pid-5109
---ebpf-pid----5109----pid-3323
---ebpf-pid----5109----pid-1
---ebpf-pid----5109----pid-5109
---ebpf-pid----5109----pid-3323
---ebpf-pid----5109----pid-1
---ebpf-pid----5109----pid-5109
---ebpf-pid----5109----pid-3323
---ebpf-pid----5109----pid-1
---ebpf-pid----5109----pid-5109
---ebpf-pid----5109----pid-3323
---ebpf-pid----5109----pid-1
---ebpf-pid----5109----pid-5109
---ebpf-pid----6671----pid-1
---ebpf-pid----6671----pid-6671
---ebpf-pid----5109----pid-3323
---ebpf-pid----6671----pid-5476
---ebpf-pid----5109----pid-1
---ebpf-pid----5109----pid-5109
---ebpf-pid----6671----pid-1
---ebpf-pid----6671----pid-6671
---ebpf-pid----5109----pid-3323
---ebpf-pid----6671----pid-5476
---ebpf-pid----6671----pid-1
---ebpf-pid----5109----pid-1
---ebpf-pid----6671----pid-6671
---ebpf-pid----4716----pid-4716
---ebpf-pid----6671----pid-5476
---ebpf-pid----4716----pid-3323
---ebpf-pid----6671----pid-1
---ebpf-pid----4716----pid-1
---ebpf-pid----6671----pid-6671
---ebpf-pid----4716----pid-4716
---ebpf-pid----4716----pid-3323
---ebpf-pid----6671----pid-5476
---ebpf-pid----4716----pid-1
---ebpf-pid----6671----pid-1
---ebpf-pid----4716----pid-4716
---ebpf-pid----6671----pid-6671
---ebpf-pid----4716----pid-3323
---ebpf-pid----6671----pid-5476
---ebpf-pid----4716----pid-1
---ebpf-pid----4716----pid-4716
---ebpf-pid----6671----pid-1
---ebpf-pid----6671----pid-6671
---ebpf-pid----4716----pid-3323
---ebpf-pid----6671----pid-5476
---ebpf-pid----4716----pid-1
---ebpf-pid----4716----pid-4716
---ebpf-pid----6671----pid-1
---ebpf-pid----2089----pid-2089
---ebpf-pid----4716----pid-3323
---ebpf-pid----2089----pid-1
---ebpf-pid----4716----pid-1
---ebpf-pid----2089----pid-2089
---ebpf-pid----5109----pid-5109
---ebpf-pid----2089----pid-1
---ebpf-pid----5109----pid-3323
---ebpf-pid----2089----pid-2089
---ebpf-pid----5109----pid-1
---ebpf-pid----2089----pid-1
---ebpf-pid----5109----pid-5109
---ebpf-pid----2089----pid-2089
---ebpf-pid----5109----pid-3323
---ebpf-pid----2089----pid-1
---ebpf-pid----5109----pid-1
---ebpf-pid----2089----pid-2089
---ebpf-pid----5109----pid-5109
---ebpf-pid----2089----pid-1
---ebpf-pid----5109----pid-3323
---ebpf-pid----2089----pid-2089
---ebpf-pid----5109----pid-1
---ebpf-pid----2089----pid-1
---ebpf-pid----5109----pid-5109
---ebpf-pid----2089----pid-2089
---ebpf-pid----5109----pid-3323
---ebpf-pid----2089----pid-1
---ebpf-pid----2089----pid-2089
---ebpf-pid----5109----pid-1
---ebpf-pid----5109----pid-5109
---ebpf-pid----5109----pid-3323
---ebpf-pid----5109----pid-1
---ebpf-pid----5109----pid-5109
---ebpf-pid----5109----pid-3323
---ebpf-pid----5109----pid-1
---ebpf-pid----376651----pid-376651
---ebpf-pid----376651----pid-3323
---ebpf-pid----376651----pid-1
---ebpf-pid----376651----pid-376651
---ebpf-pid----376651----pid-3323
---ebpf-pid----376651----pid-1
---ebpf-pid----376651----pid-376651
---ebpf-pid----376651----pid-3323
---ebpf-pid----376651----pid-1
---ebpf-pid----376651----pid-376651
---ebpf-pid----2089----pid-1
---ebpf-pid----376651----pid-3323
---ebpf-pid----2089----pid-2089
---ebpf-pid----376651----pid-1
---ebpf-pid----376651----pid-376651
---ebpf-pid----376651----pid-3323
---ebpf-pid----2089----pid-1
---ebpf-pid----2089----pid-2089
---ebpf-pid----376651----pid-1
---ebpf-pid----376651----pid-376651
---ebpf-pid----2089----pid-1
---ebpf-pid----376651----pid-3323
---ebpf-pid----2089----pid-2089
---ebpf-pid----376651----pid-1
---ebpf-pid----376651----pid-376651
---ebpf-pid----376651----pid-3323
---ebpf-pid----2089----pid-1
---ebpf-pid----6671----pid-6671
---ebpf-pid----376651----pid-1
---ebpf-pid----2010----pid-2010
---ebpf-pid----6671----pid-5476
---ebpf-pid----2010----pid-1
---ebpf-pid----4716----pid-4716
---ebpf-pid----4716----pid-3323
---ebpf-pid----4716----pid-1
---ebpf-pid----4716----pid-4716
---ebpf-pid----4716----pid-3323
---ebpf-pid----4716----pid-1
---ebpf-pid----4716----pid-4716
---ebpf-pid----4716----pid-3323
---ebpf-pid----4716----pid-1
---ebpf-pid----4716----pid-4716
---ebpf-pid----4716----pid-3323
---ebpf-pid----4716----pid-1
---ebpf-pid----4716----pid-4716
---ebpf-pid----4716----pid-3323
---ebpf-pid----4716----pid-1
---ebpf-pid----4716----pid-4716
---ebpf-pid----4716----pid-3323
---ebpf-pid----4716----pid-1
---ebpf-pid----5109----pid-5109
---ebpf-pid----5109----pid-3323
---ebpf-pid----5109----pid-1
---ebpf-pid----5109----pid-5109
---ebpf-pid----5109----pid-3323
---ebpf-pid----5109----pid-1
---ebpf-pid----4716----pid-4716
---ebpf-pid----4716----pid-3323
---ebpf-pid----4716----pid-1
---ebpf-pid----4716----pid-4716
---ebpf-pid----4716----pid-3323
---ebpf-pid----4716----pid-1
---ebpf-pid----5109----pid-5109
---ebpf-pid----5109----pid-3323
---ebpf-pid----5109----pid-1
---ebpf-pid----5109----pid-5109
---ebpf-pid----5109----pid-3323
---ebpf-pid----5109----pid-1
---ebpf-pid----372714----pid-372714
---ebpf-pid----372714----pid-5476
---ebpf-pid----372714----pid-1
---ebpf-pid----372714----pid-372714
---ebpf-pid----372714----pid-5476
---ebpf-pid----372714----pid-1
---ebpf-pid----372714----pid-372714
---ebpf-pid----372714----pid-5476
---ebpf-pid----372714----pid-1
---ebpf-pid----5108----pid-5108
---ebpf-pid----5108----pid-3323
---ebpf-pid----5108----pid-1
---ebpf-pid----406335----pid-406335
---ebpf-pid----406335----pid-3323
---ebpf-pid----406335----pid-1
---ebpf-pid----406335----pid-406335
---ebpf-pid----406335----pid-3323
---ebpf-pid----406335----pid-1
---ebpf-pid----406335----pid-406335
---ebpf-pid----406335----pid-3323
---ebpf-pid----406335----pid-1
---ebpf-pid----376651----pid-376651
---ebpf-pid----376651----pid-3323
---ebpf-pid----376651----pid-1
---ebpf-pid----376651----pid-376651
---ebpf-pid----376651----pid-3323
---ebpf-pid----6671----pid-1
---ebpf-pid----376651----pid-1
---ebpf-pid----6671----pid-6671
---ebpf-pid----376651----pid-376651
---ebpf-pid----376651----pid-3323
---ebpf-pid----6671----pid-5476
---ebpf-pid----376651----pid-1
---ebpf-pid----406335----pid-406335
---ebpf-pid----6671----pid-1
---ebpf-pid----6671----pid-6671
---ebpf-pid----406335----pid-3323
---ebpf-pid----6671----pid-5476
---ebpf-pid----406335----pid-1
---ebpf-pid----406335----pid-406335
---ebpf-pid----6671----pid-1
---ebpf-pid----6671----pid-6671
---ebpf-pid----406335----pid-3323
---ebpf-pid----6671----pid-5476
---ebpf-pid----406335----pid-1
---ebpf-pid----406335----pid-406335
---ebpf-pid----6671----pid-1
---ebpf-pid----406335----pid-3323
---ebpf-pid----6671----pid-6671
---ebpf-pid----406335----pid-1
---ebpf-pid----6671----pid-5476
---ebpf-pid----406335----pid-406335
---ebpf-pid----406335----pid-3323
---ebpf-pid----406335----pid-1
---ebpf-pid----406335----pid-406335
---ebpf-pid----6671----pid-1
---ebpf-pid----6671----pid-6671
---ebpf-pid----406335----pid-3323
---ebpf-pid----406335----pid-1
---ebpf-pid----6671----pid-5476
---ebpf-pid----406335----pid-406335
---ebpf-pid----6671----pid-1
---ebpf-pid----406335----pid-3323
---ebpf-pid----6671----pid-6671
---ebpf-pid----406335----pid-1
---ebpf-pid----406335----pid-406335
---ebpf-pid----6671----pid-5476
---ebpf-pid----406335----pid-3323
---ebpf-pid----6671----pid-1
---ebpf-pid----6671----pid-6671
---ebpf-pid----406335----pid-1
---ebpf-pid----406335----pid-406335
---ebpf-pid----6671----pid-5476
---ebpf-pid----406335----pid-3323
---ebpf-pid----6671----pid-1
---ebpf-pid----406335----pid-1
---ebpf-pid----406335----pid-406335
---ebpf-pid----6671----pid-6671
---ebpf-pid----406335----pid-3323
---ebpf-pid----406335----pid-1
---ebpf-pid----6671----pid-5476
---ebpf-pid----406335----pid-406335
---ebpf-pid----6671----pid-1
---ebpf-pid----406335----pid-3323
---ebpf-pid----6671----pid-6671
---ebpf-pid----406335----pid-1
---ebpf-pid----448782----pid-448782
---ebpf-pid----6671----pid-5476
---ebpf-pid----448782----pid-448520
---ebpf-pid----6671----pid-1
---ebpf-pid----6671----pid-6671
---ebpf-pid----448782----pid-1
---ebpf-pid----448782----pid-448782
---ebpf-pid----6671----pid-5476
---ebpf-pid----448782----pid-448520
---ebpf-pid----376651----pid-376651
---ebpf-pid----448782----pid-1
---ebpf-pid----372714----pid-372714
---ebpf-pid----372714----pid-5476
---ebpf-pid----372714----pid-1
---ebpf-pid----372714----pid-372714
---ebpf-pid----372714----pid-5476
---ebpf-pid----372714----pid-1
---ebpf-pid----372714----pid-372714
---ebpf-pid----372714----pid-5476
---ebpf-pid----372714----pid-1
---ebpf-pid----372714----pid-372714
---ebpf-pid----372714----pid-5476
---ebpf-pid----372714----pid-1
---ebpf-pid----372714----pid-372714
---ebpf-pid----372714----pid-5476
---ebpf-pid----372714----pid-1
---ebpf-pid----372714----pid-372714
---ebpf-pid----372714----pid-5476
---ebpf-pid----372714----pid-1
---ebpf-pid----372714----pid-372714
---ebpf-pid----372714----pid-5476
---ebpf-pid----372714----pid-1
---ebpf-pid----372714----pid-372714
---ebpf-pid----372714----pid-5476
---ebpf-pid----372714----pid-1
---ebpf-pid----372714----pid-372714
---ebpf-pid----372714----pid-5476
---ebpf-pid----372714----pid-1
---ebpf-pid----372714----pid-372714
---ebpf-pid----372714----pid-5476
---ebpf-pid----372714----pid-1
---ebpf-pid----372714----pid-372714
---ebpf-pid----372714----pid-5476
---ebpf-pid----372714----pid-1
---ebpf-pid----372714----pid-372714
---ebpf-pid----372714----pid-5476
---ebpf-pid----372714----pid-1
---ebpf-pid----376651----pid-3323
---ebpf-pid----372714----pid-372714
---ebpf-pid----376651----pid-1
---ebpf-pid----372714----pid-5476
---ebpf-pid----376651----pid-376651
---ebpf-pid----372714----pid-1
---ebpf-pid----372714----pid-372714
---ebpf-pid----376651----pid-3323
---ebpf-pid----376651----pid-1
---ebpf-pid----376651----pid-376651
---ebpf-pid----372714----pid-5476
---ebpf-pid----376651----pid-3323
---ebpf-pid----372714----pid-1
---ebpf-pid----372714----pid-372714
---ebpf-pid----376651----pid-1
---ebpf-pid----376651----pid-376651
---ebpf-pid----372714----pid-5476
---ebpf-pid----376651----pid-3323
---ebpf-pid----372714----pid-1
---ebpf-pid----372714----pid-372714
---ebpf-pid----376651----pid-1
---ebpf-pid----372714----pid-5476
---ebpf-pid----4716----pid-4716
---ebpf-pid----372714----pid-1
---ebpf-pid----372714----pid-372714
---ebpf-pid----4716----pid-3323
---ebpf-pid----372714----pid-5476
---ebpf-pid----372714----pid-1
---ebpf-pid----372714----pid-372714
---ebpf-pid----372714----pid-5476
---ebpf-pid----372714----pid-1
---ebpf-pid----372714----pid-372714
---ebpf-pid----372714----pid-5476
---ebpf-pid----372714----pid-1
---ebpf-pid----372714----pid-372714
---ebpf-pid----372714----pid-5476
---ebpf-pid----372714----pid-1
---ebpf-pid----372714----pid-372714
---ebpf-pid----372714----pid-5476
---ebpf-pid----372714----pid-1
---ebpf-pid----372714----pid-372714
---ebpf-pid----372714----pid-5476
---ebpf-pid----372714----pid-1
---ebpf-pid----372714----pid-372714
---ebpf-pid----372714----pid-5476
---ebpf-pid----372714----pid-1
---ebpf-pid----372714----pid-372714
---ebpf-pid----372714----pid-5476
---ebpf-pid----372714----pid-1
---ebpf-pid----372714----pid-372714
---ebpf-pid----372714----pid-5476
---ebpf-pid----372714----pid-1
---ebpf-pid----372714----pid-372714
---ebpf-pid----372714----pid-5476
---ebpf-pid----372714----pid-1
---ebpf-pid----372714----pid-372714
---ebpf-pid----372714----pid-5476
---ebpf-pid----372714----pid-1
---ebpf-pid----372714----pid-372714
---ebpf-pid----372714----pid-5476
---ebpf-pid----372714----pid-1
---ebpf-pid----372714----pid-372714
---ebpf-pid----372714----pid-5476
---ebpf-pid----372714----pid-1
---ebpf-pid----372714----pid-372714
---ebpf-pid----372714----pid-5476
---ebpf-pid----372714----pid-1
---ebpf-pid----6671----pid-1
---ebpf-pid----372714----pid-372714
---ebpf-pid----6671----pid-6671
---ebpf-pid----372714----pid-5476
---ebpf-pid----6671----pid-5476
---ebpf-pid----372714----pid-1
---ebpf-pid----6671----pid-1
---ebpf-pid----372714----pid-372714
---ebpf-pid----6671----pid-6671
---ebpf-pid----372714----pid-5476
---ebpf-pid----6671----pid-5476
---ebpf-pid----372714----pid-1
---ebpf-pid----6671----pid-1
---ebpf-pid----372714----pid-372714
---ebpf-pid----6671----pid-6671
---ebpf-pid----372714----pid-5476
---ebpf-pid----6671----pid-5476
---ebpf-pid----372714----pid-1
---ebpf-pid----372714----pid-372714
---ebpf-pid----6671----pid-1
---ebpf-pid----6671----pid-6671
---ebpf-pid----372714----pid-5476
---ebpf-pid----6671----pid-5476
---ebpf-pid----372714----pid-1
---ebpf-pid----372714----pid-372714
---ebpf-pid----6671----pid-1
---ebpf-pid----6671----pid-6671
---ebpf-pid----372714----pid-5476
---ebpf-pid----6671----pid-5476
---ebpf-pid----372714----pid-1
---ebpf-pid----372714----pid-372714
---ebpf-pid----6671----pid-1
---ebpf-pid----6671----pid-6671
---ebpf-pid----372714----pid-5476
---ebpf-pid----372714----pid-1
---ebpf-pid----6671----pid-5476
---ebpf-pid----372714----pid-372714
---ebpf-pid----6671----pid-1
---ebpf-pid----372714----pid-5476
---ebpf-pid----6671----pid-6671
---ebpf-pid----372714----pid-1
---ebpf-pid----372881----pid-1
---ebpf-pid----372714----pid-372714
---ebpf-pid----372714----pid-5476
---ebpf-pid----4716----pid-1
---ebpf-pid----4716----pid-4716
---ebpf-pid----4716----pid-3323
---ebpf-pid----4716----pid-1
---ebpf-pid----5108----pid-5108
---ebpf-pid----5108----pid-3323
---ebpf-pid----5108----pid-1
---ebpf-pid----5108----pid-5108
---ebpf-pid----5108----pid-3323
---ebpf-pid----6671----pid-5476
---ebpf-pid----6671----pid-1
---ebpf-pid----6671----pid-6671
---ebpf-pid----6671----pid-5476
---ebpf-pid----6671----pid-1
---ebpf-pid----6671----pid-6671
---ebpf-pid----6671----pid-5476
---ebpf-pid----6671----pid-1
---ebpf-pid----6671----pid-6671
---ebpf-pid----6671----pid-5476
---ebpf-pid----6671----pid-1
---ebpf-pid----6671----pid-6671
---ebpf-pid----6671----pid-5476
---ebpf-pid----6671----pid-1
---ebpf-pid----6671----pid-6671
---ebpf-pid----6671----pid-5476
---ebpf-pid----372881----pid-372881
---ebpf-pid----372881----pid-1
---ebpf-pid----372881----pid-372881
---ebpf-pid----372714----pid-1
---ebpf-pid----372714----pid-372714
---ebpf-pid----372714----pid-5476
---ebpf-pid----372714----pid-1
---ebpf-pid----6671----pid-1
---ebpf-pid----372714----pid-372714
---ebpf-pid----6671----pid-6671
---ebpf-pid----6671----pid-5476
---ebpf-pid----372714----pid-5476
---ebpf-pid----372881----pid-1
---ebpf-pid----372881----pid-372881
---ebpf-pid----372881----pid-1
---ebpf-pid----372881----pid-372881
---ebpf-pid----372881----pid-1
---ebpf-pid----372881----pid-372881
---ebpf-pid----372881----pid-1
---ebpf-pid----6671----pid-1
---ebpf-pid----6671----pid-6671
---ebpf-pid----6671----pid-5476
---ebpf-pid----372881----pid-372881
---ebpf-pid----6671----pid-1
---ebpf-pid----2089----pid-2089
---ebpf-pid----372881----pid-1
---ebpf-pid----2089----pid-1
---ebpf-pid----2089----pid-2089
---ebpf-pid----2089----pid-1
---ebpf-pid----2089----pid-2089
---ebpf-pid----2089----pid-1
---ebpf-pid----2089----pid-2089
---ebpf-pid----2089----pid-1
---ebpf-pid----2089----pid-2089
---ebpf-pid----2089----pid-1
---ebpf-pid----2089----pid-2089
---ebpf-pid----2089----pid-1
---ebpf-pid----2089----pid-2089
---ebpf-pid----2089----pid-1
---ebpf-pid----2089----pid-2089
---ebpf-pid----372881----pid-372881
---ebpf-pid----2089----pid-1
---ebpf-pid----2089----pid-2089
---ebpf-pid----2089----pid-1
---ebpf-pid----2089----pid-2089
---ebpf-pid----2089----pid-1
---ebpf-pid----2089----pid-2089
---ebpf-pid----372881----pid-1
---ebpf-pid----2089----pid-1
---ebpf-pid----2089----pid-2089
---ebpf-pid----2089----pid-1
---ebpf-pid----2089----pid-2089
---ebpf-pid----5108----pid-1
---ebpf-pid----2089----pid-1
---ebpf-pid----2089----pid-2089
---ebpf-pid----5108----pid-5108
---ebpf-pid----2089----pid-1
---ebpf-pid----2089----pid-2089
---ebpf-pid----2089----pid-1
---ebpf-pid----2089----pid-2089
---ebpf-pid----2089----pid-1
---ebpf-pid----2089----pid-2089
---ebpf-pid----2089----pid-1
---ebpf-pid----372881----pid-372881
---ebpf-pid----2089----pid-2089
---ebpf-pid----5108----pid-3323
---ebpf-pid----2089----pid-1
---ebpf-pid----372881----pid-1
---ebpf-pid----2089----pid-2089
---ebpf-pid----372881----pid-372881
---ebpf-pid----5108----pid-1
---ebpf-pid----2089----pid-1
---ebpf-pid----2089----pid-2089
---ebpf-pid----372881----pid-1
---ebpf-pid----372881----pid-372881
---ebpf-pid----2089----pid-1
---ebpf-pid----2089----pid-2089
---ebpf-pid----2089----pid-1
---ebpf-pid----2089----pid-2089
---ebpf-pid----2089----pid-1
---ebpf-pid----2089----pid-2089
---ebpf-pid----2089----pid-1
---ebpf-pid----2089----pid-2089
---ebpf-pid----2089----pid-1
---ebpf-pid----2089----pid-2089
---ebpf-pid----2089----pid-1
---ebpf-pid----2089----pid-2089
---ebpf-pid----2089----pid-1
---ebpf-pid----2089----pid-2089
---ebpf-pid----2089----pid-1
---ebpf-pid----2089----pid-2089
---ebpf-pid----2089----pid-1
---ebpf-pid----2089----pid-2089
---ebpf-pid----2089----pid-1
---ebpf-pid----2089----pid-2089
---ebpf-pid----5108----pid-5108
---ebpf-pid----2089----pid-1
---ebpf-pid----2089----pid-2089
---ebpf-pid----2089----pid-1
---ebpf-pid----2089----pid-2089
---ebpf-pid----2089----pid-1
---ebpf-pid----2089----pid-2089
---ebpf-pid----2089----pid-1
---ebpf-pid----2089----pid-2089
---ebpf-pid----2089----pid-1
---ebpf-pid----2089----pid-2089
---ebpf-pid----2089----pid-1
---ebpf-pid----2089----pid-2089
---ebpf-pid----2089----pid-1
---ebpf-pid----2089----pid-2089
---ebpf-pid----372881----pid-1
---ebpf-pid----2089----pid-1
---ebpf-pid----372881----pid-372881
---ebpf-pid----2089----pid-2089
---ebpf-pid----2089----pid-1
---ebpf-pid----372881----pid-1
---ebpf-pid----2089----pid-2089
---ebpf-pid----372881----pid-372881
---ebpf-pid----2089----pid-1
---ebpf-pid----372881----pid-1
---ebpf-pid----2089----pid-2089
---ebpf-pid----372881----pid-372881
---ebpf-pid----2089----pid-1
---ebpf-pid----372881----pid-1
---ebpf-pid----2089----pid-2089
---ebpf-pid----372881----pid-372881
---ebpf-pid----2089----pid-1
---ebpf-pid----2089----pid-2089
---ebpf-pid----372881----pid-1
---ebpf-pid----372881----pid-372881
---ebpf-pid----2089----pid-1
---ebpf-pid----2089----pid-2089
---ebpf-pid----372881----pid-1
---ebpf-pid----2089----pid-1
---ebpf-pid----372881----pid-372881
---ebpf-pid----2089----pid-2089
---ebpf-pid----2089----pid-1
---ebpf-pid----2089----pid-2089
---ebpf-pid----2089----pid-1
---ebpf-pid----2089----pid-2089
---ebpf-pid----2089----pid-1
---ebpf-pid----2089----pid-2089
---ebpf-pid----2089----pid-1
---ebpf-pid----2089----pid-2089
---ebpf-pid----2089----pid-1
---ebpf-pid----2089----pid-2089
---ebpf-pid----2089----pid-1
---ebpf-pid----2089----pid-2089
---ebpf-pid----2089----pid-1
---ebpf-pid----2089----pid-2089
---ebpf-pid----2089----pid-1
---ebpf-pid----2089----pid-2089
---ebpf-pid----2089----pid-1
---ebpf-pid----2089----pid-2089
---ebpf-pid----2089----pid-1
---ebpf-pid----2089----pid-2089
---ebpf-pid----372881----pid-1
---ebpf-pid----2089----pid-1
---ebpf-pid----372881----pid-372881
---ebpf-pid----2089----pid-2089
---ebpf-pid----2089----pid-1
---ebpf-pid----372881----pid-1
---ebpf-pid----2089----pid-2089
---ebpf-pid----2029----pid-2029
---ebpf-pid----2089----pid-1
---ebpf-pid----2089----pid-2089
---ebpf-pid----2029----pid-1
---ebpf-pid----2029----pid-2029
---ebpf-pid----2089----pid-1
---ebpf-pid----2089----pid-2089
---ebpf-pid----2089----pid-1
---ebpf-pid----2089----pid-2089
---ebpf-pid----2089----pid-1
---ebpf-pid----2089----pid-2089
---ebpf-pid----2089----pid-1
---ebpf-pid----2089----pid-2089
---ebpf-pid----2089----pid-1
---ebpf-pid----2089----pid-2089
---ebpf-pid----2089----pid-1
---ebpf-pid----2089----pid-2089
---ebpf-pid----2089----pid-1
---ebpf-pid----2089----pid-2089
---ebpf-pid----2089----pid-1
---ebpf-pid----2089----pid-2089
---ebpf-pid----2089----pid-1
---ebpf-pid----2089----pid-2089
---ebpf-pid----2089----pid-1
---ebpf-pid----2089----pid-2089
---ebpf-pid----5108----pid-3323
---ebpf-pid----2089----pid-1
---ebpf-pid----2089----pid-2089
---ebpf-pid----2089----pid-1
---ebpf-pid----2089----pid-2089
---ebpf-pid----5108----pid-1
---ebpf-pid----5108----pid-5108
---ebpf-pid----2089----pid-1
---ebpf-pid----2089----pid-2089
---ebpf-pid----5108----pid-3323
---ebpf-pid----2089----pid-1
---ebpf-pid----2089----pid-2089
---ebpf-pid----5108----pid-1
---ebpf-pid----2089----pid-1
---ebpf-pid----5108----pid-5108
---ebpf-pid----2089----pid-2089
---ebpf-pid----5108----pid-3323
---ebpf-pid----2089----pid-1
---ebpf-pid----2089----pid-2089
---ebpf-pid----5108----pid-1
---ebpf-pid----2089----pid-1
---ebpf-pid----5108----pid-5108
---ebpf-pid----2089----pid-2089
---ebpf-pid----5108----pid-3323
---ebpf-pid----2089----pid-1
---ebpf-pid----2089----pid-2089
---ebpf-pid----5108----pid-1
---ebpf-pid----2089----pid-1
---ebpf-pid----5108----pid-5108
---ebpf-pid----2089----pid-2089
---ebpf-pid----2089----pid-1
---ebpf-pid----5108----pid-3323
---ebpf-pid----2089----pid-2089
---ebpf-pid----2089----pid-1
---ebpf-pid----5108----pid-1
---ebpf-pid----2089----pid-2089
---ebpf-pid----5108----pid-5108
---ebpf-pid----2089----pid-1
---ebpf-pid----5108----pid-3323
---ebpf-pid----2089----pid-2089
---ebpf-pid----2089----pid-1
---ebpf-pid----5108----pid-1
---ebpf-pid----2089----pid-2089
---ebpf-pid----5108----pid-5108
---ebpf-pid----2089----pid-1
---ebpf-pid----2089----pid-2089
---ebpf-pid----5108----pid-3323
---ebpf-pid----2089----pid-1
---ebpf-pid----5108----pid-1
---ebpf-pid----2089----pid-2089
---ebpf-pid----5108----pid-5108
---ebpf-pid----2089----pid-1
---ebpf-pid----5108----pid-3323
---ebpf-pid----2089----pid-2089
---ebpf-pid----5108----pid-1
---ebpf-pid----2089----pid-1
---ebpf-pid----5108----pid-5108
---ebpf-pid----2089----pid-2089
---ebpf-pid----5108----pid-3323
---ebpf-pid----2089----pid-1
---ebpf-pid----2089----pid-2089
---ebpf-pid----5108----pid-1
---ebpf-pid----5108----pid-5108
---ebpf-pid----5108----pid-3323
---ebpf-pid----2089----pid-1
---ebpf-pid----5108----pid-1
---ebpf-pid----2089----pid-2089
---ebpf-pid----5108----pid-5108
---ebpf-pid----5108----pid-3323
---ebpf-pid----2089----pid-1
---ebpf-pid----2089----pid-2089
---ebpf-pid----5108----pid-1
---ebpf-pid----2089----pid-1
---ebpf-pid----2089----pid-2089
---ebpf-pid----2089----pid-1
---ebpf-pid----2029----pid-1
---ebpf-pid----2089----pid-2089
---ebpf-pid----2029----pid-2029
---ebpf-pid----2089----pid-1
---ebpf-pid----2089----pid-2089
---ebpf-pid----2029----pid-1
---ebpf-pid----2029----pid-2029
---ebpf-pid----2089----pid-1
---ebpf-pid----2089----pid-2089
---ebpf-pid----2089----pid-1
---ebpf-pid----2089----pid-2089
---ebpf-pid----2029----pid-1
---ebpf-pid----2089----pid-1
---ebpf-pid----2029----pid-2029
---ebpf-pid----2089----pid-2089
---ebpf-pid----2089----pid-1
---ebpf-pid----2089----pid-2089
---ebpf-pid----2089----pid-1
---ebpf-pid----2089----pid-2089
---ebpf-pid----2029----pid-1
---ebpf-pid----2089----pid-1
---ebpf-pid----2089----pid-2089
---ebpf-pid----2089----pid-1
---ebpf-pid----2089----pid-2089
---ebpf-pid----2089----pid-1
---ebpf-pid----2089----pid-2089
---ebpf-pid----2089----pid-1
---ebpf-pid----2029----pid-2029
---ebpf-pid----2089----pid-2089
---ebpf-pid----2029----pid-1
---ebpf-pid----2029----pid-2029
---ebpf-pid----2089----pid-1
---ebpf-pid----2089----pid-2089
---ebpf-pid----2029----pid-1
---ebpf-pid----2029----pid-2029
---ebpf-pid----2089----pid-1
---ebpf-pid----2089----pid-2089
---ebpf-pid----2089----pid-1
---ebpf-pid----2089----pid-2089
---ebpf-pid----2029----pid-1
---ebpf-pid----2089----pid-1
---ebpf-pid----2089----pid-2089
---ebpf-pid----2029----pid-2029
---ebpf-pid----2089----pid-1
---ebpf-pid----2089----pid-2089
---ebpf-pid----2029----pid-1
---ebpf-pid----2089----pid-1
---ebpf-pid----2089----pid-2089
---ebpf-pid----2029----pid-2029
---ebpf-pid----2089----pid-1
---ebpf-pid----2089----pid-2089
---ebpf-pid----2089----pid-1
---ebpf-pid----2089----pid-2089
---ebpf-pid----2029----pid-1
---ebpf-pid----2089----pid-1
---ebpf-pid----2029----pid-2029
---ebpf-pid----2089----pid-2089
---ebpf-pid----2089----pid-1
---ebpf-pid----2089----pid-2089
---ebpf-pid----2089----pid-1
---ebpf-pid----2089----pid-2089
---ebpf-pid----2089----pid-1
---ebpf-pid----2089----pid-2089
---ebpf-pid----2089----pid-1
---ebpf-pid----2089----pid-2089
---ebpf-pid----2089----pid-1
---ebpf-pid----2089----pid-2089
---ebpf-pid----2089----pid-1
---ebpf-pid----2089----pid-2089
---ebpf-pid----2089----pid-1
---ebpf-pid----2089----pid-2089
---ebpf-pid----2089----pid-1
---ebpf-pid----2089----pid-2089
---ebpf-pid----2089----pid-1
---ebpf-pid----2089----pid-2089
---ebpf-pid----372714----pid-1
---ebpf-pid----372714----pid-372714
---ebpf-pid----372714----pid-5476
---ebpf-pid----372714----pid-1
---ebpf-pid----372714----pid-372714
---ebpf-pid----372714----pid-5476
---ebpf-pid----372714----pid-1
---ebpf-pid----372714----pid-372714
---ebpf-pid----372714----pid-5476
---ebpf-pid----372714----pid-1
---ebpf-pid----372714----pid-372714
---ebpf-pid----372714----pid-5476
---ebpf-pid----372714----pid-1
---ebpf-pid----2089----pid-1
---ebpf-pid----2089----pid-2089
---ebpf-pid----2089----pid-1
---ebpf-pid----2089----pid-2089
---ebpf-pid----2089----pid-1
---ebpf-pid----2089----pid-2089
---ebpf-pid----2089----pid-1
---ebpf-pid----2089----pid-2089
---ebpf-pid----5108----pid-5108
---ebpf-pid----372714----pid-372714
---ebpf-pid----372714----pid-5476
---ebpf-pid----5108----pid-3323
---ebpf-pid----372714----pid-1
---ebpf-pid----5108----pid-1
---ebpf-pid----372714----pid-372714
---ebpf-pid----2089----pid-1
---ebpf-pid----372714----pid-5476
---ebpf-pid----2029----pid-1
---ebpf-pid----2029----pid-2029
---ebpf-pid----372714----pid-1
---ebpf-pid----372714----pid-372714
---ebpf-pid----2029----pid-1
---ebpf-pid----372714----pid-5476
---ebpf-pid----2089----pid-2089
---ebpf-pid----372714----pid-1
---ebpf-pid----2089----pid-1
---ebpf-pid----372714----pid-372714
---ebpf-pid----2089----pid-2089
---ebpf-pid----372714----pid-5476
---ebpf-pid----2089----pid-1
---ebpf-pid----2089----pid-2089
---ebpf-pid----372714----pid-1
---ebpf-pid----372714----pid-372714
---ebpf-pid----2089----pid-1
---ebpf-pid----2089----pid-2089
---ebpf-pid----372714----pid-5476
---ebpf-pid----2089----pid-1
---ebpf-pid----372714----pid-1
---ebpf-pid----2089----pid-2089
---ebpf-pid----372714----pid-372714
---ebpf-pid----2089----pid-1
---ebpf-pid----372714----pid-5476
---ebpf-pid----2089----pid-2089
---ebpf-pid----372714----pid-1
---ebpf-pid----2089----pid-1
---ebpf-pid----372714----pid-372714
---ebpf-pid----2089----pid-2089
---ebpf-pid----372714----pid-5476
---ebpf-pid----2089----pid-1
---ebpf-pid----2089----pid-2089
---ebpf-pid----372714----pid-1
---ebpf-pid----372714----pid-372714
---ebpf-pid----2089----pid-1
---ebpf-pid----2089----pid-2089
---ebpf-pid----372714----pid-5476
---ebpf-pid----2089----pid-1
---ebpf-pid----2089----pid-2089
---ebpf-pid----372714----pid-1
---ebpf-pid----372714----pid-372714
---ebpf-pid----2089----pid-1
---ebpf-pid----2089----pid-2089
---ebpf-pid----372714----pid-5476
---ebpf-pid----2089----pid-1
---ebpf-pid----372714----pid-1
---ebpf-pid----2089----pid-2089
---ebpf-pid----372714----pid-372714
---ebpf-pid----2089----pid-1
---ebpf-pid----372714----pid-5476
---ebpf-pid----2089----pid-2089
---ebpf-pid----372714----pid-1
---ebpf-pid----2089----pid-1
---ebpf-pid----372714----pid-372714
---ebpf-pid----2089----pid-2089
---ebpf-pid----372714----pid-5476
---ebpf-pid----2029----pid-2029
---ebpf-pid----2029----pid-1
---ebpf-pid----2029----pid-2029
---ebpf-pid----2029----pid-1
---ebpf-pid----2029----pid-2029
---ebpf-pid----2029----pid-1
---ebpf-pid----2029----pid-2029
---ebpf-pid----2029----pid-1
---ebpf-pid----2029----pid-2029
---ebpf-pid----2029----pid-1
---ebpf-pid----2029----pid-2029
---ebpf-pid----2029----pid-1
---ebpf-pid----2029----pid-2029
---ebpf-pid----2029----pid-1
---ebpf-pid----5614----pid-5614
---ebpf-pid----5614----pid-1
---ebpf-pid----5614----pid-5614
---ebpf-pid----5614----pid-1
---ebpf-pid----372881----pid-372881
---ebpf-pid----372881----pid-1
---ebpf-pid----372881----pid-372881
---ebpf-pid----372881----pid-1
---ebpf-pid----2089----pid-2089
---ebpf-pid----2089----pid-1
---ebpf-pid----2089----pid-2089
---ebpf-pid----2089----pid-1
---ebpf-pid----2089----pid-2089
---ebpf-pid----2089----pid-1
---ebpf-pid----2089----pid-2089
---ebpf-pid----2089----pid-1
---ebpf-pid----2089----pid-2089
---ebpf-pid----2089----pid-1
---ebpf-pid----2089----pid-2089
---ebpf-pid----2089----pid-1
---ebpf-pid----2089----pid-2089
---ebpf-pid----2089----pid-1
---ebpf-pid----2089----pid-2089
---ebpf-pid----2089----pid-1
---ebpf-pid----2089----pid-2089
---ebpf-pid----2089----pid-1
---ebpf-pid----2089----pid-1
---ebpf-pid----2089----pid-2089
---ebpf-pid----2089----pid-1
---ebpf-pid----2089----pid-2089
---ebpf-pid----2089----pid-1
---ebpf-pid----2089----pid-2089
---ebpf-pid----2089----pid-1
---ebpf-pid----2089----pid-2089
---ebpf-pid----2089----pid-1
---ebpf-pid----2089----pid-2089
---ebpf-pid----2089----pid-1
---ebpf-pid----2089----pid-2089
---ebpf-pid----2089----pid-1
---ebpf-pid----2089----pid-2089
---ebpf-pid----2089----pid-1
---ebpf-pid----2089----pid-2089
---ebpf-pid----2089----pid-1
---ebpf-pid----2089----pid-2089
---ebpf-pid----2089----pid-1
---ebpf-pid----2089----pid-2089
---ebpf-pid----2089----pid-1
---ebpf-pid----2089----pid-2089
---ebpf-pid----2089----pid-1
---ebpf-pid----2089----pid-2089
---ebpf-pid----5108----pid-5108
---ebpf-pid----2089----pid-1
---ebpf-pid----2089----pid-2089
---ebpf-pid----5108----pid-3323
---ebpf-pid----2089----pid-1
---ebpf-pid----2089----pid-2089
---ebpf-pid----5108----pid-1
---ebpf-pid----5108----pid-5108
---ebpf-pid----2089----pid-1
---ebpf-pid----5108----pid-3323
---ebpf-pid----2089----pid-2089
---ebpf-pid----5108----pid-1
---ebpf-pid----2089----pid-1
---ebpf-pid----2089----pid-2089
---ebpf-pid----5108----pid-5108
---ebpf-pid----5108----pid-3323
---ebpf-pid----2089----pid-1
---ebpf-pid----372714----pid-1
---ebpf-pid----2089----pid-2089
---ebpf-pid----372714----pid-372714
---ebpf-pid----5108----pid-1
---ebpf-pid----5108----pid-5108
---ebpf-pid----2089----pid-1
---ebpf-pid----372714----pid-5476
---ebpf-pid----5108----pid-3323
---ebpf-pid----2089----pid-2089
---ebpf-pid----5108----pid-1
---ebpf-pid----372714----pid-1
---ebpf-pid----5108----pid-5108
---ebpf-pid----2089----pid-1
---ebpf-pid----372714----pid-372714
---ebpf-pid----2089----pid-2089
---ebpf-pid----5108----pid-3323
---ebpf-pid----5108----pid-1
---ebpf-pid----5108----pid-5108
---ebpf-pid----2089----pid-1
---ebpf-pid----2089----pid-2089
---ebpf-pid----5108----pid-3323
---ebpf-pid----5108----pid-1
---ebpf-pid----5108----pid-5108
---ebpf-pid----2089----pid-2089
---ebpf-pid----5108----pid-3323
---ebpf-pid----2089----pid-1
---ebpf-pid----5108----pid-1
---ebpf-pid----2089----pid-2089
---ebpf-pid----5108----pid-5108
---ebpf-pid----5108----pid-3323
---ebpf-pid----2089----pid-1
---ebpf-pid----2089----pid-2089
---ebpf-pid----5108----pid-1
---ebpf-pid----5108----pid-5108
---ebpf-pid----2089----pid-1
---ebpf-pid----5108----pid-3323
---ebpf-pid----2089----pid-2089
---ebpf-pid----5108----pid-1
---ebpf-pid----5108----pid-5108
---ebpf-pid----2089----pid-1
---ebpf-pid----2089----pid-2089
---ebpf-pid----5108----pid-3323
---ebpf-pid----2089----pid-1
---ebpf-pid----5108----pid-1
---ebpf-pid----5108----pid-5108
---ebpf-pid----2089----pid-2089
---ebpf-pid----5108----pid-3323
---ebpf-pid----2089----pid-1
---ebpf-pid----2089----pid-2089
---ebpf-pid----2089----pid-1
---ebpf-pid----2089----pid-2089
---ebpf-pid----2089----pid-1
---ebpf-pid----2089----pid-2089
---ebpf-pid----2089----pid-1
---ebpf-pid----5108----pid-1
---ebpf-pid----5109----pid-5109
---ebpf-pid----5109----pid-3323
---ebpf-pid----2089----pid-1
---ebpf-pid----2089----pid-2089
---ebpf-pid----5109----pid-1
---ebpf-pid----5109----pid-5109
---ebpf-pid----2089----pid-1
---ebpf-pid----5109----pid-3323
---ebpf-pid----2089----pid-2089
---ebpf-pid----2089----pid-1
---ebpf-pid----2089----pid-2089
---ebpf-pid----5109----pid-1
---ebpf-pid----5109----pid-5109
---ebpf-pid----2089----pid-1
---ebpf-pid----5109----pid-3323
---ebpf-pid----2089----pid-2089
---ebpf-pid----5109----pid-1
---ebpf-pid----5109----pid-5109
---ebpf-pid----2089----pid-1
---ebpf-pid----2089----pid-2089
---ebpf-pid----5109----pid-3323
---ebpf-pid----5109----pid-1
---ebpf-pid----2089----pid-1
---ebpf-pid----5109----pid-5109
---ebpf-pid----2089----pid-2089
---ebpf-pid----5109----pid-3323
---ebpf-pid----2089----pid-1
---ebpf-pid----2089----pid-2089
---ebpf-pid----5109----pid-1
---ebpf-pid----5109----pid-5109
---ebpf-pid----2089----pid-1
---ebpf-pid----5109----pid-3323
---ebpf-pid----2089----pid-2089
---ebpf-pid----5109----pid-1
---ebpf-pid----5109----pid-5109
---ebpf-pid----2089----pid-1
---ebpf-pid----2089----pid-2089
---ebpf-pid----2089----pid-1
---ebpf-pid----2089----pid-2089
---ebpf-pid----2089----pid-1
---ebpf-pid----2089----pid-2089
---ebpf-pid----2089----pid-1
---ebpf-pid----2089----pid-2089
---ebpf-pid----2089----pid-1
---ebpf-pid----2089----pid-2089
---ebpf-pid----2089----pid-1
---ebpf-pid----2089----pid-2089
---ebpf-pid----2089----pid-1
---ebpf-pid----2089----pid-2089
---ebpf-pid----2089----pid-1
---ebpf-pid----2089----pid-2089
---ebpf-pid----2089----pid-1
---ebpf-pid----2089----pid-2089
---ebpf-pid----2089----pid-1
---ebpf-pid----2089----pid-2089
---ebpf-pid----2089----pid-1
---ebpf-pid----2089----pid-2089
---ebpf-pid----2089----pid-1
---ebpf-pid----2089----pid-2089
---ebpf-pid----2089----pid-1
---ebpf-pid----2089----pid-2089
---ebpf-pid----2089----pid-1
---ebpf-pid----2089----pid-2089
---ebpf-pid----2089----pid-2089
---ebpf-pid----2089----pid-1
---ebpf-pid----2089----pid-2089
---ebpf-pid----2089----pid-1
---ebpf-pid----2089----pid-2089
---ebpf-pid----2089----pid-1
---ebpf-pid----2089----pid-2089
---ebpf-pid----372714----pid-5476
---ebpf-pid----372714----pid-1
---ebpf-pid----372714----pid-372714
---ebpf-pid----372714----pid-5476
---ebpf-pid----5109----pid-3323
---ebpf-pid----5109----pid-1
---ebpf-pid----5109----pid-5109
---ebpf-pid----5109----pid-3323
---ebpf-pid----5109----pid-1
---ebpf-pid----5109----pid-5109
---ebpf-pid----5109----pid-3323
---ebpf-pid----5109----pid-1
---ebpf-pid----5109----pid-5109
---ebpf-pid----5109----pid-3323
---ebpf-pid----5109----pid-1
---ebpf-pid----2089----pid-1
---ebpf-pid----2089----pid-2089
---ebpf-pid----2089----pid-1
---ebpf-pid----2089----pid-2089
---ebpf-pid----2089----pid-1
---ebpf-pid----2089----pid-2089
---ebpf-pid----2089----pid-1
---ebpf-pid----2089----pid-2089
---ebpf-pid----2089----pid-1
---ebpf-pid----2089----pid-2089
---ebpf-pid----372714----pid-1
---ebpf-pid----372714----pid-372714
---ebpf-pid----372714----pid-5476
---ebpf-pid----372714----pid-1
---ebpf-pid----372714----pid-372714
---ebpf-pid----372714----pid-5476
---ebpf-pid----2089----pid-1
---ebpf-pid----2089----pid-2089
---ebpf-pid----2089----pid-1
---ebpf-pid----2089----pid-2089
---ebpf-pid----2089----pid-1
---ebpf-pid----2089----pid-2089
---ebpf-pid----2089----pid-1
---ebpf-pid----2089----pid-2089
---ebpf-pid----5109----pid-5109
---ebpf-pid----5109----pid-3323
---ebpf-pid----5109----pid-1
---ebpf-pid----5109----pid-5109
---ebpf-pid----5109----pid-3323
---ebpf-pid----372714----pid-1
---ebpf-pid----372714----pid-372714
---ebpf-pid----372714----pid-5476
---ebpf-pid----372714----pid-1
---ebpf-pid----372714----pid-372714
---ebpf-pid----372714----pid-5476
---ebpf-pid----372714----pid-1
---ebpf-pid----372714----pid-372714
---ebpf-pid----372714----pid-5476
---ebpf-pid----372714----pid-1
---ebpf-pid----372714----pid-372714
---ebpf-pid----372714----pid-5476
---ebpf-pid----372714----pid-1
---ebpf-pid----372714----pid-372714
---ebpf-pid----372714----pid-5476
---ebpf-pid----372714----pid-1
---ebpf-pid----372714----pid-372714
---ebpf-pid----372714----pid-5476
---ebpf-pid----372714----pid-1
---ebpf-pid----372714----pid-372714
---ebpf-pid----372714----pid-5476
---ebpf-pid----372714----pid-1
---ebpf-pid----372714----pid-372714
---ebpf-pid----372714----pid-5476
---ebpf-pid----372714----pid-1
---ebpf-pid----372714----pid-372714
---ebpf-pid----372714----pid-5476
---ebpf-pid----372714----pid-1
---ebpf-pid----372714----pid-372714
---ebpf-pid----372714----pid-5476
---ebpf-pid----5109----pid-1
---ebpf-pid----5109----pid-5109
---ebpf-pid----5109----pid-3323
---ebpf-pid----2089----pid-1
---ebpf-pid----2089----pid-2089
---ebpf-pid----2089----pid-1
---ebpf-pid----2089----pid-2089
---ebpf-pid----2089----pid-1
---ebpf-pid----2089----pid-2089
---ebpf-pid----2089----pid-1
---ebpf-pid----2089----pid-2089
---ebpf-pid----2089----pid-1
---ebpf-pid----372714----pid-372714
---ebpf-pid----372714----pid-5476
---ebpf-pid----372714----pid-1
---ebpf-pid----372714----pid-372714
---ebpf-pid----372714----pid-5476
---ebpf-pid----372714----pid-1
---ebpf-pid----372714----pid-372714
---ebpf-pid----2089----pid-1
---ebpf-pid----2089----pid-2089
---ebpf-pid----5109----pid-1
---ebpf-pid----2089----pid-1
---ebpf-pid----5707----pid-5707
---ebpf-pid----2089----pid-2089
---ebpf-pid----5707----pid-5476
---ebpf-pid----2089----pid-1
---ebpf-pid----2089----pid-2089
---ebpf-pid----5707----pid-1
---ebpf-pid----5707----pid-5707
---ebpf-pid----2089----pid-1
---ebpf-pid----2089----pid-2089
---ebpf-pid----2089----pid-1
---ebpf-pid----2089----pid-2089
---ebpf-pid----5707----pid-5476
---ebpf-pid----5707----pid-1
---ebpf-pid----5707----pid-5707
---ebpf-pid----5707----pid-5476
---ebpf-pid----5707----pid-1
---ebpf-pid----5707----pid-5707
---ebpf-pid----5707----pid-5476
---ebpf-pid----5707----pid-1
---ebpf-pid----5707----pid-5707
---ebpf-pid----372714----pid-5476
---ebpf-pid----2089----pid-1
---ebpf-pid----5707----pid-5476
---ebpf-pid----372714----pid-1
---ebpf-pid----372714----pid-372714
---ebpf-pid----5707----pid-1
---ebpf-pid----372714----pid-5476
---ebpf-pid----2089----pid-2089
---ebpf-pid----372714----pid-1
---ebpf-pid----372714----pid-1
---ebpf-pid----2089----pid-1
---ebpf-pid----372714----pid-372714
---ebpf-pid----372714----pid-372714
---ebpf-pid----2089----pid-2089
---ebpf-pid----2089----pid-1
---ebpf-pid----372714----pid-5476
---ebpf-pid----372714----pid-5476
---ebpf-pid----2089----pid-2089
---ebpf-pid----372714----pid-1
---ebpf-pid----372714----pid-1
---ebpf-pid----2089----pid-1
---ebpf-pid----372714----pid-372714
---ebpf-pid----372714----pid-372714
---ebpf-pid----2089----pid-2089
---ebpf-pid----372714----pid-5476
---ebpf-pid----2089----pid-1
---ebpf-pid----372714----pid-5476
---ebpf-pid----2089----pid-2089
---ebpf-pid----372714----pid-1
---ebpf-pid----372714----pid-1
---ebpf-pid----372714----pid-372714
---ebpf-pid----2089----pid-1
---ebpf-pid----372714----pid-5476
---ebpf-pid----2089----pid-2089
---ebpf-pid----2089----pid-1
---ebpf-pid----2089----pid-2089
---ebpf-pid----372714----pid-1
---ebpf-pid----372714----pid-372714
---ebpf-pid----2089----pid-1
---ebpf-pid----2089----pid-2089
---ebpf-pid----372714----pid-5476
---ebpf-pid----372714----pid-1
---ebpf-pid----2089----pid-1
---ebpf-pid----372881----pid-372881
---ebpf-pid----372714----pid-372714
---ebpf-pid----372714----pid-5476
---ebpf-pid----372714----pid-372714
---ebpf-pid----372714----pid-1
---ebpf-pid----372714----pid-372714
---ebpf-pid----372714----pid-5476
---ebpf-pid----372714----pid-5476
---ebpf-pid----372714----pid-1
---ebpf-pid----372714----pid-372714
---ebpf-pid----372714----pid-1
---ebpf-pid----372714----pid-372714
---ebpf-pid----372714----pid-5476
---ebpf-pid----372714----pid-5476
---ebpf-pid----372714----pid-1
---ebpf-pid----372714----pid-1
---ebpf-pid----372714----pid-372714
---ebpf-pid----4716----pid-4716
---ebpf-pid----372714----pid-5476
---ebpf-pid----4716----pid-3323
---ebpf-pid----372714----pid-1
---ebpf-pid----4716----pid-1
---ebpf-pid----372714----pid-372714
---ebpf-pid----2089----pid-2089
---ebpf-pid----372714----pid-5476
---ebpf-pid----2089----pid-1
---ebpf-pid----2089----pid-2089
---ebpf-pid----372714----pid-1
---ebpf-pid----2089----pid-1
---ebpf-pid----2089----pid-2089
---ebpf-pid----372714----pid-372714
---ebpf-pid----2089----pid-1
---ebpf-pid----2089----pid-2089
---ebpf-pid----372714----pid-5476
---ebpf-pid----2089----pid-1
---ebpf-pid----2089----pid-2089
---ebpf-pid----372714----pid-1
---ebpf-pid----372714----pid-372714
---ebpf-pid----372714----pid-5476
---ebpf-pid----372714----pid-1
---ebpf-pid----372881----pid-1
---ebpf-pid----372714----pid-372714
---ebpf-pid----372881----pid-372881
---ebpf-pid----372714----pid-5476
---ebpf-pid----372714----pid-1
---ebpf-pid----372714----pid-372714
---ebpf-pid----372881----pid-1
---ebpf-pid----372881----pid-372881
---ebpf-pid----372714----pid-5476
---ebpf-pid----372881----pid-1
---ebpf-pid----372881----pid-372881
---ebpf-pid----372714----pid-1
---ebpf-pid----372714----pid-372714
---ebpf-pid----372881----pid-1
---ebpf-pid----5707----pid-5707
---ebpf-pid----372714----pid-5476
---ebpf-pid----372714----pid-1
---ebpf-pid----372714----pid-372714
---ebpf-pid----372714----pid-5476
---ebpf-pid----372714----pid-1
---ebpf-pid----372714----pid-372714
---ebpf-pid----5707----pid-5476
---ebpf-pid----372714----pid-5476
---ebpf-pid----372714----pid-1
---ebpf-pid----372714----pid-372714
---ebpf-pid----5707----pid-1
---ebpf-pid----5707----pid-5707
---ebpf-pid----372714----pid-5476
---ebpf-pid----2089----pid-1
---ebpf-pid----372714----pid-1
---ebpf-pid----372714----pid-372714
---ebpf-pid----2089----pid-2089
---ebpf-pid----372881----pid-372881
---ebpf-pid----372714----pid-5476
---ebpf-pid----372714----pid-1
---ebpf-pid----372881----pid-1
---ebpf-pid----372714----pid-372714
---ebpf-pid----372881----pid-372881
---ebpf-pid----372714----pid-5476
---ebpf-pid----372881----pid-1
---ebpf-pid----2089----pid-1
---ebpf-pid----372881----pid-372881
---ebpf-pid----2089----pid-2089
---ebpf-pid----372714----pid-1
---ebpf-pid----2089----pid-1
---ebpf-pid----372881----pid-1
---ebpf-pid----2089----pid-2089
---ebpf-pid----372881----pid-372881
---ebpf-pid----372714----pid-372714
---ebpf-pid----372881----pid-1
---ebpf-pid----2089----pid-1
---ebpf-pid----372714----pid-5476
---ebpf-pid----372881----pid-372881
---ebpf-pid----2089----pid-2089
---ebpf-pid----372714----pid-1
---ebpf-pid----372881----pid-1
---ebpf-pid----2089----pid-1
---ebpf-pid----372881----pid-372881
---ebpf-pid----2089----pid-2089
---ebpf-pid----372714----pid-372714
---ebpf-pid----372881----pid-1
---ebpf-pid----2089----pid-1
---ebpf-pid----372714----pid-5476
---ebpf-pid----372881----pid-372881
---ebpf-pid----2089----pid-2089
---ebpf-pid----372714----pid-1
---ebpf-pid----372881----pid-1
---ebpf-pid----372714----pid-372714
---ebpf-pid----2089----pid-1
---ebpf-pid----372881----pid-372881
---ebpf-pid----2089----pid-2089
---ebpf-pid----372714----pid-5476
---ebpf-pid----372881----pid-1
---ebpf-pid----2089----pid-1
---ebpf-pid----372881----pid-372881
---ebpf-pid----2089----pid-2089
---ebpf-pid----372714----pid-1
---ebpf-pid----372714----pid-372714
---ebpf-pid----372881----pid-1
---ebpf-pid----2089----pid-1
---ebpf-pid----372881----pid-372881
---ebpf-pid----2089----pid-2089
---ebpf-pid----372714----pid-5476
---ebpf-pid----372881----pid-1
---ebpf-pid----372881----pid-372881
---ebpf-pid----2089----pid-1
---ebpf-pid----2089----pid-2089
---ebpf-pid----372881----pid-1
---ebpf-pid----372714----pid-1
---ebpf-pid----2029----pid-2029
---ebpf-pid----2089----pid-1
---ebpf-pid----372714----pid-372714
---ebpf-pid----2089----pid-2089
---ebpf-pid----2029----pid-1
---ebpf-pid----2029----pid-2029
---ebpf-pid----372714----pid-5476
---ebpf-pid----5707----pid-5476
---ebpf-pid----2029----pid-1
---ebpf-pid----2029----pid-2029
---ebpf-pid----372714----pid-1
---ebpf-pid----5707----pid-1
---ebpf-pid----372714----pid-372714
---ebpf-pid----5707----pid-5707
---ebpf-pid----2029----pid-1
---ebpf-pid----2029----pid-2029
---ebpf-pid----372714----pid-5476
---ebpf-pid----5707----pid-5476
---ebpf-pid----2029----pid-1
---ebpf-pid----2029----pid-2029
---ebpf-pid----372714----pid-1
---ebpf-pid----5707----pid-1
---ebpf-pid----372714----pid-372714
---ebpf-pid----2029----pid-1
---ebpf-pid----5707----pid-5707
---ebpf-pid----2029----pid-2029
---ebpf-pid----372714----pid-5476
---ebpf-pid----5707----pid-5476
---ebpf-pid----2029----pid-1
---ebpf-pid----2029----pid-2029
---ebpf-pid----372714----pid-1
---ebpf-pid----2089----pid-1
---ebpf-pid----5707----pid-1
---ebpf-pid----372714----pid-372714
---ebpf-pid----2089----pid-2089
---ebpf-pid----5707----pid-5707
---ebpf-pid----2089----pid-1
---ebpf-pid----372714----pid-5476
---ebpf-pid----5707----pid-5476
---ebpf-pid----2089----pid-2089
---ebpf-pid----372714----pid-1
---ebpf-pid----2089----pid-1
---ebpf-pid----5707----pid-1
---ebpf-pid----372714----pid-372714
---ebpf-pid----2089----pid-2089
---ebpf-pid----5707----pid-5707
---ebpf-pid----2089----pid-1
---ebpf-pid----5707----pid-5476
---ebpf-pid----372714----pid-5476
---ebpf-pid----2089----pid-2089
---ebpf-pid----5707----pid-1
---ebpf-pid----372714----pid-1
---ebpf-pid----2089----pid-1
---ebpf-pid----5707----pid-5707
---ebpf-pid----372714----pid-372714
---ebpf-pid----2089----pid-2089
---ebpf-pid----2029----pid-1
---ebpf-pid----2029----pid-2029
---ebpf-pid----372714----pid-5476
---ebpf-pid----2089----pid-1
---ebpf-pid----2094----pid-2094
---ebpf-pid----2029----pid-1
---ebpf-pid----372714----pid-1
---ebpf-pid----2029----pid-2029
---ebpf-pid----372714----pid-372714
---ebpf-pid----2094----pid-1
---ebpf-pid----2094----pid-2094
---ebpf-pid----2029----pid-1
---ebpf-pid----2029----pid-2029
---ebpf-pid----372714----pid-5476
---ebpf-pid----2094----pid-1
---ebpf-pid----2029----pid-1
---ebpf-pid----2094----pid-2094
---ebpf-pid----2029----pid-2029
---ebpf-pid----372714----pid-1
---ebpf-pid----372714----pid-372714
---ebpf-pid----2094----pid-1
---ebpf-pid----2029----pid-1
---ebpf-pid----2094----pid-2094
---ebpf-pid----2029----pid-2029
---ebpf-pid----372714----pid-5476
---ebpf-pid----2094----pid-1
---ebpf-pid----2029----pid-1
---ebpf-pid----2094----pid-2094
---ebpf-pid----2029----pid-2029
---ebpf-pid----2094----pid-1
---ebpf-pid----2029----pid-1
---ebpf-pid----2094----pid-2094
---ebpf-pid----2029----pid-2029
---ebpf-pid----2029----pid-1
---ebpf-pid----2094----pid-1
---ebpf-pid----2029----pid-2029
---ebpf-pid----2094----pid-2094
---ebpf-pid----2029----pid-1
---ebpf-pid----2094----pid-1
---ebpf-pid----2029----pid-2029
---ebpf-pid----2094----pid-2094
---ebpf-pid----2094----pid-1
---ebpf-pid----2029----pid-1
---ebpf-pid----2029----pid-2029
---ebpf-pid----2029----pid-1
---ebpf-pid----2029----pid-2029
---ebpf-pid----372714----pid-1
---ebpf-pid----372714----pid-372714
---ebpf-pid----5707----pid-5476
---ebpf-pid----372714----pid-5476
---ebpf-pid----372714----pid-1
---ebpf-pid----372714----pid-372714
---ebpf-pid----5707----pid-1
---ebpf-pid----372714----pid-5476
---ebpf-pid----5109----pid-5109
---ebpf-pid----372714----pid-1
---ebpf-pid----372714----pid-372714
---ebpf-pid----5109----pid-3323
---ebpf-pid----372714----pid-5476
---ebpf-pid----372714----pid-1
---ebpf-pid----372714----pid-372714
---ebpf-pid----5109----pid-1
---ebpf-pid----372714----pid-5476
---ebpf-pid----5109----pid-5109
---ebpf-pid----372714----pid-1
---ebpf-pid----372714----pid-372714
---ebpf-pid----2094----pid-2094
---ebpf-pid----372714----pid-5476
---ebpf-pid----2029----pid-1
---ebpf-pid----2029----pid-2029
---ebpf-pid----372714----pid-1
---ebpf-pid----372714----pid-372714
---ebpf-pid----2029----pid-1
---ebpf-pid----2029----pid-2029
---ebpf-pid----372714----pid-5476
---ebpf-pid----2029----pid-1
---ebpf-pid----2029----pid-2029
---ebpf-pid----372714----pid-1
---ebpf-pid----372714----pid-372714
---ebpf-pid----2029----pid-1
---ebpf-pid----2029----pid-2029
---ebpf-pid----372714----pid-5476
---ebpf-pid----2029----pid-1
---ebpf-pid----2029----pid-2029
---ebpf-pid----372714----pid-1
---ebpf-pid----372714----pid-372714
---ebpf-pid----2029----pid-1
---ebpf-pid----372714----pid-5476
---ebpf-pid----2029----pid-2029
---ebpf-pid----2094----pid-1
---ebpf-pid----2094----pid-2094
---ebpf-pid----372714----pid-1
---ebpf-pid----2029----pid-1
---ebpf-pid----2029----pid-2029
---ebpf-pid----2094----pid-1
---ebpf-pid----372714----pid-372714
---ebpf-pid----2094----pid-2094
---ebpf-pid----2029----pid-1
---ebpf-pid----372714----pid-5476
---ebpf-pid----2029----pid-2029
---ebpf-pid----2094----pid-1
---ebpf-pid----2029----pid-1
---ebpf-pid----372714----pid-1
---ebpf-pid----2094----pid-2094
---ebpf-pid----2029----pid-2029
---ebpf-pid----372714----pid-372714
---ebpf-pid----5109----pid-3323
---ebpf-pid----2029----pid-1
---ebpf-pid----2094----pid-1
---ebpf-pid----2029----pid-2029
---ebpf-pid----2094----pid-2094
---ebpf-pid----372714----pid-5476
---ebpf-pid----2029----pid-1
---ebpf-pid----2029----pid-2029
---ebpf-pid----372714----pid-1
---ebpf-pid----372714----pid-372714
---ebpf-pid----2029----pid-1
---ebpf-pid----2029----pid-2029
---ebpf-pid----372714----pid-5476
---ebpf-pid----5109----pid-1
---ebpf-pid----372714----pid-1
---ebpf-pid----5109----pid-5109
---ebpf-pid----2094----pid-1
---ebpf-pid----372714----pid-372714
---ebpf-pid----2094----pid-2094
---ebpf-pid----2029----pid-1
---ebpf-pid----2029----pid-2029
---ebpf-pid----372714----pid-5476
---ebpf-pid----372714----pid-1
---ebpf-pid----372714----pid-372714
---ebpf-pid----2094----pid-1
---ebpf-pid----2094----pid-2094
---ebpf-pid----372714----pid-5476
---ebpf-pid----372714----pid-1
---ebpf-pid----2094----pid-1
---ebpf-pid----372714----pid-372714
---ebpf-pid----2094----pid-2094
---ebpf-pid----2094----pid-1
---ebpf-pid----2094----pid-2094
---ebpf-pid----372714----pid-5476
---ebpf-pid----5109----pid-3323
---ebpf-pid----2094----pid-1
---ebpf-pid----372714----pid-1
---ebpf-pid----2094----pid-2094
---ebpf-pid----372714----pid-372714
---ebpf-pid----2029----pid-1
---ebpf-pid----2094----pid-1
---ebpf-pid----372714----pid-5476
---ebpf-pid----2094----pid-2094
---ebpf-pid----2029----pid-2029
---ebpf-pid----2094----pid-1
---ebpf-pid----2094----pid-2094
---ebpf-pid----372714----pid-1
---ebpf-pid----5109----pid-1
---ebpf-pid----372714----pid-372714
---ebpf-pid----2094----pid-1
---ebpf-pid----2094----pid-2094
---ebpf-pid----5108----pid-5108
---ebpf-pid----372714----pid-5476
---ebpf-pid----2094----pid-1
---ebpf-pid----2094----pid-2094
---ebpf-pid----2029----pid-1
---ebpf-pid----372714----pid-1
---ebpf-pid----2094----pid-1
---ebpf-pid----372714----pid-372714
---ebpf-pid----2094----pid-2094
---ebpf-pid----372714----pid-5476
---ebpf-pid----2029----pid-2029
---ebpf-pid----2094----pid-1
---ebpf-pid----2094----pid-2094
---ebpf-pid----372714----pid-1
---ebpf-pid----5108----pid-3323
---ebpf-pid----372714----pid-372714
---ebpf-pid----2094----pid-1
---ebpf-pid----2094----pid-2094
---ebpf-pid----372714----pid-5476
---ebpf-pid----2094----pid-1
---ebpf-pid----2094----pid-2094
---ebpf-pid----372714----pid-1
---ebpf-pid----372714----pid-372714
---ebpf-pid----372714----pid-5476
---ebpf-pid----372714----pid-1
---ebpf-pid----372714----pid-372714
---ebpf-pid----372714----pid-5476
---ebpf-pid----372714----pid-1
---ebpf-pid----372714----pid-372714
---ebpf-pid----372714----pid-5476
---ebpf-pid----372714----pid-1
---ebpf-pid----372714----pid-372714
---ebpf-pid----372714----pid-5476
---ebpf-pid----372714----pid-1
---ebpf-pid----372714----pid-372714
---ebpf-pid----372714----pid-5476
---ebpf-pid----372714----pid-1
---ebpf-pid----372714----pid-372714
---ebpf-pid----372714----pid-5476
---ebpf-pid----372714----pid-1
---ebpf-pid----372714----pid-372714
---ebpf-pid----372714----pid-5476
---ebpf-pid----372714----pid-1
---ebpf-pid----372714----pid-372714
---ebpf-pid----372714----pid-5476
---ebpf-pid----372714----pid-1
---ebpf-pid----372714----pid-372714
---ebpf-pid----5108----pid-1
---ebpf-pid----372714----pid-5476
---ebpf-pid----5108----pid-5108
---ebpf-pid----372714----pid-1
---ebpf-pid----5108----pid-3323
---ebpf-pid----372714----pid-372714
---ebpf-pid----2029----pid-1
---ebpf-pid----2029----pid-2029
---ebpf-pid----2029----pid-1
---ebpf-pid----2029----pid-2029
---ebpf-pid----2029----pid-1
---ebpf-pid----2029----pid-2029
---ebpf-pid----2029----pid-1
---ebpf-pid----2029----pid-2029
---ebpf-pid----2029----pid-1
---ebpf-pid----2029----pid-2029
---ebpf-pid----2029----pid-1
---ebpf-pid----2029----pid-2029
---ebpf-pid----2029----pid-1
---ebpf-pid----2029----pid-2029
---ebpf-pid----2029----pid-1
---ebpf-pid----2029----pid-2029
---ebpf-pid----5108----pid-1
---ebpf-pid----2029----pid-1
---ebpf-pid----2088----pid-2088
---ebpf-pid----2029----pid-2029
---ebpf-pid----2029----pid-1
---ebpf-pid----2088----pid-1
---ebpf-pid----372714----pid-5476
---ebpf-pid----2088----pid-2088
---ebpf-pid----2029----pid-2029
---ebpf-pid----372714----pid-1
---ebpf-pid----372714----pid-372714
---ebpf-pid----372714----pid-5476
---ebpf-pid----2029----pid-1
---ebpf-pid----2029----pid-2029
---ebpf-pid----372714----pid-1
---ebpf-pid----372714----pid-372714
---ebpf-pid----2029----pid-1
---ebpf-pid----2029----pid-2029
---ebpf-pid----372714----pid-5476
---ebpf-pid----372714----pid-1
---ebpf-pid----372714----pid-372714
---ebpf-pid----2029----pid-1
---ebpf-pid----2029----pid-2029
---ebpf-pid----372714----pid-5476
---ebpf-pid----372714----pid-1
---ebpf-pid----372714----pid-372714
---ebpf-pid----2029----pid-1
---ebpf-pid----2029----pid-2029
---ebpf-pid----372714----pid-5476
---ebpf-pid----372714----pid-1
---ebpf-pid----2029----pid-1
---ebpf-pid----372714----pid-372714
---ebpf-pid----2029----pid-2029
---ebpf-pid----372714----pid-5476
---ebpf-pid----2029----pid-1
---ebpf-pid----2029----pid-2029
---ebpf-pid----372714----pid-1
---ebpf-pid----372714----pid-372714
---ebpf-pid----2029----pid-1
---ebpf-pid----2029----pid-2029
---ebpf-pid----372714----pid-5476
---ebpf-pid----372714----pid-1
---ebpf-pid----2088----pid-1
---ebpf-pid----372714----pid-372714
---ebpf-pid----2088----pid-2088
---ebpf-pid----372714----pid-5476
---ebpf-pid----2088----pid-1
---ebpf-pid----2088----pid-2088
---ebpf-pid----372714----pid-1
---ebpf-pid----372714----pid-372714
---ebpf-pid----372714----pid-5476
---ebpf-pid----2029----pid-1
---ebpf-pid----372714----pid-1
---ebpf-pid----372714----pid-372714
---ebpf-pid----2029----pid-2029
---ebpf-pid----372714----pid-5476
---ebpf-pid----372714----pid-1
---ebpf-pid----372714----pid-372714
---ebpf-pid----2029----pid-1
---ebpf-pid----372714----pid-5476
---ebpf-pid----2088----pid-1
---ebpf-pid----2088----pid-2088
---ebpf-pid----2088----pid-1
---ebpf-pid----2088----pid-2088
---ebpf-pid----2094----pid-1
---ebpf-pid----2088----pid-1
---ebpf-pid----2094----pid-2094
---ebpf-pid----2088----pid-2088
---ebpf-pid----2094----pid-1
---ebpf-pid----2088----pid-1
---ebpf-pid----2088----pid-2088
---ebpf-pid----2094----pid-2094
---ebpf-pid----2029----pid-2029
---ebpf-pid----372714----pid-1
---ebpf-pid----372714----pid-372714
---ebpf-pid----2029----pid-1
---ebpf-pid----2029----pid-2029
---ebpf-pid----2029----pid-1
---ebpf-pid----372714----pid-5476
---ebpf-pid----2029----pid-2029
---ebpf-pid----2094----pid-1
---ebpf-pid----2088----pid-1
---ebpf-pid----2029----pid-1
---ebpf-pid----372714----pid-1
---ebpf-pid----2088----pid-2088
---ebpf-pid----2029----pid-2029
---ebpf-pid----372714----pid-372714
---ebpf-pid----2029----pid-1
---ebpf-pid----372714----pid-5476
---ebpf-pid----2088----pid-1
---ebpf-pid----2029----pid-2029
---ebpf-pid----2088----pid-2088
---ebpf-pid----372714----pid-1
---ebpf-pid----2029----pid-1
---ebpf-pid----372714----pid-372714
---ebpf-pid----2029----pid-2029
---ebpf-pid----2029----pid-1
---ebpf-pid----2029----pid-2029
---ebpf-pid----2094----pid-2094
---ebpf-pid----372714----pid-5476
---ebpf-pid----2029----pid-1
---ebpf-pid----372714----pid-1
---ebpf-pid----2088----pid-1
---ebpf-pid----2029----pid-2029
---ebpf-pid----372714----pid-372714
---ebpf-pid----2029----pid-1
---ebpf-pid----2094----pid-1
---ebpf-pid----2094----pid-2094
---ebpf-pid----372714----pid-5476
---ebpf-pid----2094----pid-1
---ebpf-pid----2094----pid-2094
---ebpf-pid----372714----pid-1
---ebpf-pid----372714----pid-372714
---ebpf-pid----2094----pid-1
---ebpf-pid----2094----pid-2094
---ebpf-pid----372714----pid-5476
---ebpf-pid----2094----pid-1
---ebpf-pid----372714----pid-1
---ebpf-pid----2094----pid-2094
---ebpf-pid----2029----pid-2029
---ebpf-pid----2094----pid-1
---ebpf-pid----2029----pid-1
---ebpf-pid----2094----pid-2094
---ebpf-pid----2029----pid-2029
---ebpf-pid----2094----pid-1
---ebpf-pid----2094----pid-2094
---ebpf-pid----2029----pid-1
---ebpf-pid----2088----pid-2088
---ebpf-pid----2094----pid-1
---ebpf-pid----2094----pid-2094
---ebpf-pid----2088----pid-1
---ebpf-pid----2088----pid-2088
---ebpf-pid----2088----pid-1
---ebpf-pid----2094----pid-1
---ebpf-pid----2088----pid-2088
---ebpf-pid----2094----pid-2094
---ebpf-pid----2088----pid-1
---ebpf-pid----2094----pid-1
---ebpf-pid----2094----pid-2094
---ebpf-pid----2029----pid-2029
---ebpf-pid----2094----pid-1
---ebpf-pid----2094----pid-2094
---ebpf-pid----2029----pid-1
---ebpf-pid----2029----pid-2029
---ebpf-pid----2094----pid-1
---ebpf-pid----2029----pid-1
---ebpf-pid----2094----pid-2094
---ebpf-pid----2029----pid-2029
---ebpf-pid----2094----pid-1
---ebpf-pid----2029----pid-1
---ebpf-pid----2094----pid-2094
---ebpf-pid----2029----pid-2029
---ebpf-pid----2029----pid-1
---ebpf-pid----2029----pid-2029
---ebpf-pid----2029----pid-1
---ebpf-pid----2029----pid-2029
---ebpf-pid----2094----pid-1
---ebpf-pid----2094----pid-2094
---ebpf-pid----372714----pid-372714
---ebpf-pid----2088----pid-2088
---ebpf-pid----2088----pid-1
---ebpf-pid----2088----pid-2088
---ebpf-pid----2029----pid-1
---ebpf-pid----2029----pid-2029
---ebpf-pid----2029----pid-1
---ebpf-pid----2029----pid-2029
---ebpf-pid----2094----pid-1
---ebpf-pid----2094----pid-2094
---ebpf-pid----372714----pid-5476
---ebpf-pid----2088----pid-1
---ebpf-pid----2088----pid-2088
---ebpf-pid----2088----pid-1
---ebpf-pid----2088----pid-2088
---ebpf-pid----2088----pid-1
---ebpf-pid----2088----pid-2088
---ebpf-pid----2088----pid-1
---ebpf-pid----2088----pid-2088
---ebpf-pid----2088----pid-1
---ebpf-pid----2088----pid-2088
---ebpf-pid----2088----pid-1
---ebpf-pid----2088----pid-2088
---ebpf-pid----2088----pid-1
---ebpf-pid----2088----pid-2088
---ebpf-pid----2088----pid-1
---ebpf-pid----2088----pid-2088
---ebpf-pid----2088----pid-1
---ebpf-pid----2088----pid-2088
---ebpf-pid----2029----pid-1
---ebpf-pid----2029----pid-2029
---ebpf-pid----2029----pid-1
---ebpf-pid----2029----pid-2029
---ebpf-pid----2029----pid-1
---ebpf-pid----2029----pid-2029
---ebpf-pid----2029----pid-1
---ebpf-pid----2029----pid-2029
---ebpf-pid----2029----pid-1
---ebpf-pid----2029----pid-2029
---ebpf-pid----2094----pid-1
---ebpf-pid----2094----pid-2094
---ebpf-pid----2094----pid-1
---ebpf-pid----2094----pid-2094
---ebpf-pid----2094----pid-1
---ebpf-pid----2094----pid-2094
---ebpf-pid----372714----pid-1
---ebpf-pid----372714----pid-372714
---ebpf-pid----2094----pid-1
---ebpf-pid----2094----pid-2094
---ebpf-pid----2094----pid-1
---ebpf-pid----2094----pid-2094
---ebpf-pid----2088----pid-1
---ebpf-pid----2094----pid-1
---ebpf-pid----2088----pid-2088
---ebpf-pid----2094----pid-2094
---ebpf-pid----2088----pid-1
---ebpf-pid----2088----pid-2088
---ebpf-pid----2094----pid-1
---ebpf-pid----2094----pid-2094
---ebpf-pid----2088----pid-1
---ebpf-pid----2088----pid-2088
---ebpf-pid----2094----pid-1
---ebpf-pid----2094----pid-2094
---ebpf-pid----2088----pid-1
---ebpf-pid----2088----pid-2088
---ebpf-pid----2094----pid-1
---ebpf-pid----2088----pid-1
---ebpf-pid----2094----pid-2094
---ebpf-pid----2088----pid-2088
---ebpf-pid----2094----pid-1
---ebpf-pid----2088----pid-1
---ebpf-pid----2094----pid-2094
---ebpf-pid----2088----pid-2088
---ebpf-pid----2094----pid-1
---ebpf-pid----2088----pid-1
---ebpf-pid----2094----pid-2094
---ebpf-pid----2088----pid-2088
---ebpf-pid----2088----pid-1
---ebpf-pid----2094----pid-1
---ebpf-pid----2088----pid-2088
---ebpf-pid----2094----pid-2094
---ebpf-pid----2088----pid-1
---ebpf-pid----2094----pid-1
---ebpf-pid----2088----pid-2088
---ebpf-pid----2094----pid-2094
---ebpf-pid----2088----pid-1
---ebpf-pid----2094----pid-1
---ebpf-pid----2088----pid-2088
---ebpf-pid----2094----pid-2094
---ebpf-pid----2088----pid-1
---ebpf-pid----2094----pid-1
---ebpf-pid----2088----pid-2088
---ebpf-pid----2094----pid-2094
---ebpf-pid----2088----pid-1
---ebpf-pid----2088----pid-2088
---ebpf-pid----2094----pid-1
---ebpf-pid----2094----pid-2094
---ebpf-pid----2088----pid-1
---ebpf-pid----2088----pid-2088
---ebpf-pid----2094----pid-1
---ebpf-pid----2094----pid-2094
---ebpf-pid----2088----pid-1
---ebpf-pid----2088----pid-2088
---ebpf-pid----2094----pid-1
---ebpf-pid----2088----pid-1
---ebpf-pid----2094----pid-2094
---ebpf-pid----2088----pid-2088
---ebpf-pid----2094----pid-1
---ebpf-pid----2088----pid-1
---ebpf-pid----2088----pid-2088
---ebpf-pid----2094----pid-2094
---ebpf-pid----2088----pid-1
---ebpf-pid----2088----pid-2088
---ebpf-pid----2088----pid-1
---ebpf-pid----2088----pid-2088
---ebpf-pid----372714----pid-5476
---ebpf-pid----2088----pid-1
---ebpf-pid----372714----pid-1
---ebpf-pid----2088----pid-2088
---ebpf-pid----372714----pid-372714
---ebpf-pid----2088----pid-1
---ebpf-pid----2088----pid-2088
---ebpf-pid----372714----pid-5476
---ebpf-pid----2088----pid-1
---ebpf-pid----2088----pid-2088
---ebpf-pid----372714----pid-1
---ebpf-pid----2029----pid-1
---ebpf-pid----372714----pid-372714
---ebpf-pid----2088----pid-1
---ebpf-pid----2029----pid-2029
---ebpf-pid----2088----pid-2088
---ebpf-pid----372714----pid-5476
---ebpf-pid----2029----pid-1
---ebpf-pid----2088----pid-1
---ebpf-pid----2029----pid-2029
---ebpf-pid----2088----pid-2088
---ebpf-pid----372714----pid-1
---ebpf-pid----372714----pid-372714
---ebpf-pid----2029----pid-1
---ebpf-pid----2088----pid-1
---ebpf-pid----2029----pid-2029
---ebpf-pid----2088----pid-2088
---ebpf-pid----2088----pid-1
---ebpf-pid----2029----pid-1
---ebpf-pid----2088----pid-2088
---ebpf-pid----2029----pid-2029
---ebpf-pid----2088----pid-1
---ebpf-pid----2088----pid-2088
---ebpf-pid----2029----pid-1
---ebpf-pid----2029----pid-2029
---ebpf-pid----2088----pid-1
---ebpf-pid----2088----pid-2088
---ebpf-pid----2029----pid-1
---ebpf-pid----2088----pid-1
---ebpf-pid----2029----pid-2029
---ebpf-pid----2088----pid-2088
---ebpf-pid----2029----pid-1
---ebpf-pid----2088----pid-1
---ebpf-pid----2088----pid-2088
---ebpf-pid----2029----pid-2029
---ebpf-pid----2088----pid-1
---ebpf-pid----2029----pid-1
---ebpf-pid----2088----pid-2088
---ebpf-pid----2029----pid-2029
---ebpf-pid----2088----pid-1
---ebpf-pid----2088----pid-2088
---ebpf-pid----2029----pid-1
---ebpf-pid----2029----pid-2029
---ebpf-pid----2088----pid-1
---ebpf-pid----2088----pid-2088
---ebpf-pid----2029----pid-1
---ebpf-pid----2088----pid-1
---ebpf-pid----2029----pid-2029
---ebpf-pid----2088----pid-2088
---ebpf-pid----2094----pid-1
---ebpf-pid----2094----pid-2094
---ebpf-pid----2029----pid-1
---ebpf-pid----2088----pid-1
---ebpf-pid----2029----pid-2029
---ebpf-pid----2088----pid-2088
---ebpf-pid----2094----pid-1
---ebpf-pid----2094----pid-2094
---ebpf-pid----2088----pid-1
---ebpf-pid----2029----pid-1
---ebpf-pid----2088----pid-2088
---ebpf-pid----2029----pid-2029
---ebpf-pid----2094----pid-1
---ebpf-pid----2094----pid-2094
---ebpf-pid----2088----pid-1
---ebpf-pid----2029----pid-1
---ebpf-pid----2088----pid-2088
---ebpf-pid----2029----pid-2029
---ebpf-pid----2094----pid-1
---ebpf-pid----2088----pid-1
---ebpf-pid----2094----pid-2094
---ebpf-pid----2088----pid-2088
---ebpf-pid----2029----pid-1
---ebpf-pid----2029----pid-2029
---ebpf-pid----2094----pid-1
---ebpf-pid----2088----pid-1
---ebpf-pid----2088----pid-2088
---ebpf-pid----2094----pid-2094
---ebpf-pid----2029----pid-1
---ebpf-pid----2094----pid-1
---ebpf-pid----2029----pid-2029
---ebpf-pid----2088----pid-1
---ebpf-pid----2094----pid-2094
---ebpf-pid----2088----pid-2088
---ebpf-pid----2029----pid-1
---ebpf-pid----2094----pid-1
---ebpf-pid----2029----pid-2029
---ebpf-pid----2094----pid-2094
---ebpf-pid----2088----pid-1
---ebpf-pid----2088----pid-2088
---ebpf-pid----2029----pid-1
---ebpf-pid----2094----pid-1
---ebpf-pid----2029----pid-2029
---ebpf-pid----2088----pid-1
---ebpf-pid----2094----pid-2094
---ebpf-pid----2088----pid-2088
---ebpf-pid----2029----pid-1
---ebpf-pid----2094----pid-1
---ebpf-pid----2088----pid-1
---ebpf-pid----372881----pid-372881
---ebpf-pid----2094----pid-2094
---ebpf-pid----372714----pid-372714
---ebpf-pid----2094----pid-1
---ebpf-pid----372881----pid-1
---ebpf-pid----372714----pid-5476
---ebpf-pid----2094----pid-2094
---ebpf-pid----372881----pid-372881
---ebpf-pid----372714----pid-1
---ebpf-pid----2094----pid-1
---ebpf-pid----372881----pid-1
---ebpf-pid----372714----pid-372714
---ebpf-pid----2094----pid-2094
---ebpf-pid----372881----pid-372881
---ebpf-pid----372714----pid-5476
---ebpf-pid----2094----pid-1
---ebpf-pid----2094----pid-2094
---ebpf-pid----372881----pid-1
---ebpf-pid----372881----pid-372881
---ebpf-pid----372714----pid-1
---ebpf-pid----372714----pid-372714
---ebpf-pid----2094----pid-1
---ebpf-pid----2094----pid-2094
---ebpf-pid----372881----pid-1
---ebpf-pid----372881----pid-372881
---ebpf-pid----372714----pid-5476
---ebpf-pid----2094----pid-1
---ebpf-pid----2094----pid-2094
---ebpf-pid----372714----pid-1
---ebpf-pid----372881----pid-1
---ebpf-pid----372714----pid-372714
---ebpf-pid----372881----pid-372881
---ebpf-pid----2094----pid-1
---ebpf-pid----2094----pid-2094
---ebpf-pid----372714----pid-5476
---ebpf-pid----372881----pid-1
---ebpf-pid----372714----pid-1
---ebpf-pid----2094----pid-1
---ebpf-pid----372881----pid-372881
---ebpf-pid----372714----pid-372714
---ebpf-pid----2094----pid-2094
---ebpf-pid----372714----pid-5476
---ebpf-pid----372881----pid-1
---ebpf-pid----2094----pid-1
---ebpf-pid----2094----pid-2094
---ebpf-pid----372881----pid-372881
---ebpf-pid----372714----pid-1
---ebpf-pid----406334----pid-406334
---ebpf-pid----2094----pid-1
---ebpf-pid----372881----pid-1
---ebpf-pid----2094----pid-2094
---ebpf-pid----372881----pid-372881
---ebpf-pid----406334----pid-3323
---ebpf-pid----2094----pid-1
---ebpf-pid----2094----pid-2094
---ebpf-pid----406334----pid-1
---ebpf-pid----372881----pid-1
---ebpf-pid----372881----pid-372881
---ebpf-pid----406334----pid-406334
---ebpf-pid----372714----pid-5476
---ebpf-pid----372881----pid-1
---ebpf-pid----372881----pid-372881
---ebpf-pid----2094----pid-1
---ebpf-pid----406334----pid-3323
---ebpf-pid----2094----pid-2094
---ebpf-pid----372881----pid-1
---ebpf-pid----372881----pid-372881
---ebpf-pid----406334----pid-1
---ebpf-pid----2094----pid-1
---ebpf-pid----406334----pid-406334
---ebpf-pid----2094----pid-2094
---ebpf-pid----372881----pid-1
---ebpf-pid----406334----pid-3323
---ebpf-pid----372881----pid-372881
---ebpf-pid----2094----pid-1
---ebpf-pid----2094----pid-2094
---ebpf-pid----406334----pid-1
---ebpf-pid----372881----pid-1
---ebpf-pid----406334----pid-406334
---ebpf-pid----372881----pid-372881
---ebpf-pid----2094----pid-1
---ebpf-pid----2094----pid-2094
---ebpf-pid----406334----pid-3323
---ebpf-pid----372881----pid-1
---ebpf-pid----2094----pid-1
---ebpf-pid----372881----pid-372881
---ebpf-pid----406334----pid-1
---ebpf-pid----406334----pid-406334
---ebpf-pid----406334----pid-3323
---ebpf-pid----406334----pid-1
---ebpf-pid----406334----pid-406334
---ebpf-pid----406334----pid-3323
---ebpf-pid----406334----pid-1
---ebpf-pid----406334----pid-406334
---ebpf-pid----406334----pid-3323
---ebpf-pid----406334----pid-1
---ebpf-pid----372714----pid-1
---ebpf-pid----372714----pid-372714
---ebpf-pid----372714----pid-5476
---ebpf-pid----372714----pid-1
---ebpf-pid----372714----pid-372714
---ebpf-pid----372714----pid-5476
---ebpf-pid----2094----pid-2094
---ebpf-pid----372714----pid-1
---ebpf-pid----372714----pid-372714
---ebpf-pid----2094----pid-1
---ebpf-pid----372714----pid-5476
---ebpf-pid----2094----pid-2094
---ebpf-pid----2094----pid-1
---ebpf-pid----372714----pid-1
---ebpf-pid----2094----pid-2094
---ebpf-pid----372714----pid-372714
---ebpf-pid----2094----pid-1
---ebpf-pid----372714----pid-5476
---ebpf-pid----2094----pid-2094
---ebpf-pid----372714----pid-1
---ebpf-pid----2094----pid-1
---ebpf-pid----372714----pid-372714
---ebpf-pid----2094----pid-2094
---ebpf-pid----2094----pid-1
---ebpf-pid----372714----pid-5476
---ebpf-pid----2094----pid-2094
---ebpf-pid----372714----pid-1
---ebpf-pid----2094----pid-1
---ebpf-pid----372714----pid-372714
---ebpf-pid----2094----pid-2094
---ebpf-pid----2094----pid-1
---ebpf-pid----372714----pid-5476
---ebpf-pid----2094----pid-2094
---ebpf-pid----372714----pid-1
---ebpf-pid----2094----pid-1
---ebpf-pid----372714----pid-372714
---ebpf-pid----2094----pid-2094
---ebpf-pid----372714----pid-5476
---ebpf-pid----2094----pid-1
---ebpf-pid----2094----pid-2094
---ebpf-pid----372714----pid-1
---ebpf-pid----2094----pid-1
---ebpf-pid----372714----pid-372714
---ebpf-pid----2094----pid-2094
---ebpf-pid----372714----pid-5476
---ebpf-pid----2094----pid-1
---ebpf-pid----2094----pid-2094
---ebpf-pid----372714----pid-1
---ebpf-pid----372714----pid-372714
---ebpf-pid----2094----pid-1
---ebpf-pid----2094----pid-2094
---ebpf-pid----372714----pid-5476
---ebpf-pid----2094----pid-1
---ebpf-pid----2094----pid-2094
---ebpf-pid----372714----pid-1
---ebpf-pid----372714----pid-372714
---ebpf-pid----2094----pid-1
---ebpf-pid----2094----pid-2094
---ebpf-pid----372714----pid-5476
---ebpf-pid----2094----pid-1
---ebpf-pid----372714----pid-1
---ebpf-pid----2094----pid-2094
---ebpf-pid----372714----pid-372714
---ebpf-pid----2094----pid-1
---ebpf-pid----372714----pid-5476
---ebpf-pid----2094----pid-2094
---ebpf-pid----372714----pid-1
---ebpf-pid----2094----pid-1
---ebpf-pid----372714----pid-372714
---ebpf-pid----2094----pid-2094
---ebpf-pid----372714----pid-5476
---ebpf-pid----2094----pid-1
---ebpf-pid----2094----pid-2094
---ebpf-pid----372714----pid-1
---ebpf-pid----2094----pid-1
---ebpf-pid----372714----pid-372714
---ebpf-pid----2088----pid-2088
---ebpf-pid----372714----pid-5476
---ebpf-pid----2088----pid-1
---ebpf-pid----2088----pid-2088
---ebpf-pid----372714----pid-1
---ebpf-pid----372714----pid-372714
---ebpf-pid----2088----pid-1
---ebpf-pid----2088----pid-2088
---ebpf-pid----372714----pid-5476
---ebpf-pid----2088----pid-1
---ebpf-pid----372714----pid-1
---ebpf-pid----2088----pid-2088
---ebpf-pid----372714----pid-372714
---ebpf-pid----2088----pid-1
---ebpf-pid----372881----pid-1
---ebpf-pid----406334----pid-406334
---ebpf-pid----372714----pid-5476
---ebpf-pid----372714----pid-1
---ebpf-pid----406334----pid-3323
---ebpf-pid----372714----pid-372714
---ebpf-pid----406334----pid-1
---ebpf-pid----2094----pid-2094
---ebpf-pid----372714----pid-5476
---ebpf-pid----406334----pid-406334
---ebpf-pid----2094----pid-1
---ebpf-pid----372714----pid-1
---ebpf-pid----406334----pid-3323
---ebpf-pid----2094----pid-2094
---ebpf-pid----372714----pid-372714
---ebpf-pid----406334----pid-1
---ebpf-pid----2094----pid-1
---ebpf-pid----372714----pid-5476
---ebpf-pid----406334----pid-406334
---ebpf-pid----2094----pid-2094
---ebpf-pid----372714----pid-1
---ebpf-pid----406334----pid-3323
---ebpf-pid----2094----pid-1
---ebpf-pid----372714----pid-372714
---ebpf-pid----2094----pid-2094
---ebpf-pid----406334----pid-1
---ebpf-pid----406334----pid-406334
---ebpf-pid----2094----pid-1
---ebpf-pid----2094----pid-2094
---ebpf-pid----372714----pid-5476
---ebpf-pid----406334----pid-3323
---ebpf-pid----2094----pid-1
---ebpf-pid----406334----pid-1
---ebpf-pid----406334----pid-406334
---ebpf-pid----372714----pid-1
---ebpf-pid----372714----pid-372714
---ebpf-pid----406334----pid-3323
---ebpf-pid----372714----pid-5476
---ebpf-pid----406334----pid-1
---ebpf-pid----406334----pid-406334
---ebpf-pid----406334----pid-3323
---ebpf-pid----372714----pid-1
---ebpf-pid----372714----pid-372714
---ebpf-pid----406334----pid-1
---ebpf-pid----406334----pid-406334
---ebpf-pid----372714----pid-5476
---ebpf-pid----406334----pid-3323
---ebpf-pid----372714----pid-1
---ebpf-pid----406334----pid-1
---ebpf-pid----372714----pid-372714
---ebpf-pid----406334----pid-406334
---ebpf-pid----372714----pid-5476
---ebpf-pid----406334----pid-3323
---ebpf-pid----406334----pid-1
---ebpf-pid----372714----pid-1
---ebpf-pid----406334----pid-406334
---ebpf-pid----372714----pid-372714
---ebpf-pid----406334----pid-3323
---ebpf-pid----372714----pid-5476
---ebpf-pid----406334----pid-1
---ebpf-pid----372714----pid-1
---ebpf-pid----406334----pid-406334
---ebpf-pid----372714----pid-372714
---ebpf-pid----406334----pid-3323
---ebpf-pid----372714----pid-5476
---ebpf-pid----406334----pid-1
---ebpf-pid----406334----pid-406334
---ebpf-pid----372714----pid-1
---ebpf-pid----372714----pid-372714
---ebpf-pid----406334----pid-3323
---ebpf-pid----372714----pid-5476
---ebpf-pid----406334----pid-1
---ebpf-pid----406334----pid-406334
---ebpf-pid----372714----pid-1
---ebpf-pid----372714----pid-372714
---ebpf-pid----406334----pid-3323
---ebpf-pid----372714----pid-5476
---ebpf-pid----406334----pid-1
---ebpf-pid----406334----pid-406334
---ebpf-pid----372714----pid-1
---ebpf-pid----372714----pid-372714
---ebpf-pid----372714----pid-5476
---ebpf-pid----406334----pid-3323
---ebpf-pid----2094----pid-2094
---ebpf-pid----372714----pid-1
---ebpf-pid----372714----pid-372714
---ebpf-pid----406334----pid-1
---ebpf-pid----406334----pid-406334
---ebpf-pid----2094----pid-1
---ebpf-pid----372714----pid-5476
---ebpf-pid----2094----pid-2094
---ebpf-pid----406334----pid-3323
---ebpf-pid----372714----pid-1
---ebpf-pid----2094----pid-1
---ebpf-pid----406334----pid-1
---ebpf-pid----372714----pid-372714
---ebpf-pid----2094----pid-2094
---ebpf-pid----406334----pid-406334
---ebpf-pid----372714----pid-5476
---ebpf-pid----406334----pid-3323
---ebpf-pid----2094----pid-1
---ebpf-pid----2094----pid-2094
---ebpf-pid----372714----pid-1
---ebpf-pid----406334----pid-1
---ebpf-pid----2094----pid-1
---ebpf-pid----372714----pid-372714
---ebpf-pid----406334----pid-406334
---ebpf-pid----2094----pid-2094
---ebpf-pid----406334----pid-3323
---ebpf-pid----2094----pid-1
---ebpf-pid----372714----pid-5476
---ebpf-pid----2094----pid-2094
---ebpf-pid----406334----pid-1
---ebpf-pid----2094----pid-1
---ebpf-pid----379067----pid-379067
---ebpf-pid----2094----pid-2094
---ebpf-pid----372714----pid-1
---ebpf-pid----372714----pid-372714
---ebpf-pid----379067----pid-5476
---ebpf-pid----2094----pid-1
---ebpf-pid----2094----pid-2094
---ebpf-pid----372714----pid-5476
---ebpf-pid----379067----pid-1
---ebpf-pid----2094----pid-1
---ebpf-pid----379067----pid-379067
---ebpf-pid----2094----pid-2094
---ebpf-pid----372714----pid-1
---ebpf-pid----372714----pid-372714
---ebpf-pid----379067----pid-5476
---ebpf-pid----2094----pid-1
---ebpf-pid----2094----pid-2094
---ebpf-pid----379067----pid-1
---ebpf-pid----376651----pid-376651
---ebpf-pid----372714----pid-5476
---ebpf-pid----2094----pid-1
---ebpf-pid----2094----pid-2094
---ebpf-pid----376651----pid-3323
---ebpf-pid----372714----pid-1
---ebpf-pid----2094----pid-1
---ebpf-pid----372714----pid-372714
---ebpf-pid----376651----pid-1
---ebpf-pid----2094----pid-2094
---ebpf-pid----2089----pid-2089
---ebpf-pid----372714----pid-5476
---ebpf-pid----2094----pid-1
---ebpf-pid----2089----pid-1
---ebpf-pid----2094----pid-2094
---ebpf-pid----2089----pid-2089
---ebpf-pid----372714----pid-1
---ebpf-pid----372714----pid-372714
---ebpf-pid----2094----pid-1
---ebpf-pid----2089----pid-1
---ebpf-pid----2094----pid-2094
---ebpf-pid----2089----pid-2089
---ebpf-pid----372714----pid-5476
---ebpf-pid----2094----pid-1
---ebpf-pid----2089----pid-1
---ebpf-pid----2094----pid-2094
---ebpf-pid----372714----pid-1
---ebpf-pid----2089----pid-2089
---ebpf-pid----5707----pid-5707
---ebpf-pid----2094----pid-1
---ebpf-pid----2089----pid-1
---ebpf-pid----2094----pid-2094
---ebpf-pid----5707----pid-5707
---ebpf-pid----5707----pid-5476
---ebpf-pid----2094----pid-1
---ebpf-pid----5707----pid-5476
---ebpf-pid----2094----pid-2094
---ebpf-pid----5707----pid-1
---ebpf-pid----6671----pid-6671
---ebpf-pid----5707----pid-1
---ebpf-pid----2094----pid-1
---ebpf-pid----5707----pid-5707
---ebpf-pid----2094----pid-2094
---ebpf-pid----6671----pid-5476
---ebpf-pid----5707----pid-5476
---ebpf-pid----2094----pid-1
---ebpf-pid----6671----pid-1
---ebpf-pid----2094----pid-2094
---ebpf-pid----6671----pid-6671
---ebpf-pid----5707----pid-1
---ebpf-pid----5707----pid-5707
---ebpf-pid----2094----pid-1
---ebpf-pid----2094----pid-2094
---ebpf-pid----6671----pid-5476
---ebpf-pid----372881----pid-372881
---ebpf-pid----6671----pid-1
---ebpf-pid----372714----pid-372714
---ebpf-pid----372881----pid-1
---ebpf-pid----372881----pid-372881
---ebpf-pid----372714----pid-5476
---ebpf-pid----372881----pid-1
---ebpf-pid----372881----pid-372881
---ebpf-pid----372714----pid-1
---ebpf-pid----372714----pid-372714
---ebpf-pid----372881----pid-1
---ebpf-pid----2094----pid-1
---ebpf-pid----2094----pid-2094
---ebpf-pid----372881----pid-372881
---ebpf-pid----372714----pid-5476
---ebpf-pid----2094----pid-1
---ebpf-pid----372881----pid-1
---ebpf-pid----372714----pid-1
---ebpf-pid----2089----pid-2089
---ebpf-pid----2094----pid-2094
---ebpf-pid----6671----pid-6671
---ebpf-pid----2094----pid-1
---ebpf-pid----2089----pid-1
---ebpf-pid----2094----pid-2094
---ebpf-pid----2089----pid-2089
---ebpf-pid----6671----pid-5476
---ebpf-pid----2094----pid-1
---ebpf-pid----6671----pid-1
---ebpf-pid----2089----pid-1
---ebpf-pid----2094----pid-2094
---ebpf-pid----6671----pid-6671
---ebpf-pid----2089----pid-2089
---ebpf-pid----2094----pid-1
---ebpf-pid----2089----pid-1
---ebpf-pid----2094----pid-2094
---ebpf-pid----6671----pid-5476
---ebpf-pid----2089----pid-2089
---ebpf-pid----2094----pid-1
---ebpf-pid----6671----pid-1
---ebpf-pid----2089----pid-1
---ebpf-pid----2094----pid-2094
---ebpf-pid----2089----pid-2089
---ebpf-pid----6671----pid-6671
---ebpf-pid----2094----pid-1
---ebpf-pid----2089----pid-1
---ebpf-pid----6671----pid-5476
---ebpf-pid----2094----pid-2094
---ebpf-pid----2089----pid-2089
---ebpf-pid----6671----pid-1
---ebpf-pid----2094----pid-1
---ebpf-pid----2089----pid-1
---ebpf-pid----5109----pid-5109
---ebpf-pid----2094----pid-2094
---ebpf-pid----2089----pid-2089
---ebpf-pid----2094----pid-1
---ebpf-pid----5109----pid-3323
---ebpf-pid----2089----pid-1
---ebpf-pid----2094----pid-2094
---ebpf-pid----2089----pid-2089
---ebpf-pid----5109----pid-1
---ebpf-pid----2094----pid-1
---ebpf-pid----379067----pid-379067
---ebpf-pid----2089----pid-1
---ebpf-pid----2094----pid-2094
---ebpf-pid----2089----pid-2089
---ebpf-pid----379067----pid-5476
---ebpf-pid----2094----pid-1
---ebpf-pid----2089----pid-1
---ebpf-pid----2094----pid-2094
---ebpf-pid----2089----pid-2089
---ebpf-pid----379067----pid-1
---ebpf-pid----2094----pid-1
---ebpf-pid----379067----pid-379067
---ebpf-pid----2089----pid-1
---ebpf-pid----2094----pid-2094
---ebpf-pid----2094----pid-2094
---ebpf-pid----379067----pid-5476
---ebpf-pid----2094----pid-1
---ebpf-pid----2094----pid-1
---ebpf-pid----2094----pid-2094
---ebpf-pid----2094----pid-2094
---ebpf-pid----379067----pid-1
---ebpf-pid----379067----pid-379067
---ebpf-pid----2094----pid-1
---ebpf-pid----2094----pid-1
---ebpf-pid----2094----pid-2094
---ebpf-pid----2094----pid-2094
---ebpf-pid----379067----pid-5476
---ebpf-pid----2094----pid-1
---ebpf-pid----2094----pid-2094
---ebpf-pid----379067----pid-1
---ebpf-pid----2094----pid-1
---ebpf-pid----379067----pid-379067
---ebpf-pid----2094----pid-1
---ebpf-pid----2094----pid-2094
---ebpf-pid----2094----pid-2094
---ebpf-pid----379067----pid-5476
---ebpf-pid----2094----pid-1
---ebpf-pid----2094----pid-1
---ebpf-pid----2094----pid-2094
---ebpf-pid----2094----pid-2094
---ebpf-pid----379067----pid-1
---ebpf-pid----379067----pid-379067
---ebpf-pid----2094----pid-1
---ebpf-pid----2094----pid-1
---ebpf-pid----2094----pid-2094
---ebpf-pid----2094----pid-2094
---ebpf-pid----2094----pid-1
---ebpf-pid----2089----pid-2089
---ebpf-pid----2094----pid-1
---ebpf-pid----2094----pid-2094
---ebpf-pid----2089----pid-1
---ebpf-pid----2089----pid-2089
---ebpf-pid----2094----pid-1
---ebpf-pid----2094----pid-2094
---ebpf-pid----2089----pid-1
---ebpf-pid----372881----pid-372881
---ebpf-pid----2094----pid-1
---ebpf-pid----2094----pid-2094
---ebpf-pid----372881----pid-1
---ebpf-pid----372881----pid-372881
---ebpf-pid----2094----pid-1
---ebpf-pid----2094----pid-2094
---ebpf-pid----372881----pid-1
---ebpf-pid----2094----pid-1
---ebpf-pid----2029----pid-2029
---ebpf-pid----2094----pid-2094
---ebpf-pid----2029----pid-1
---ebpf-pid----2094----pid-1
---ebpf-pid----2029----pid-2029
---ebpf-pid----2094----pid-2094
---ebpf-pid----2094----pid-1
---ebpf-pid----2029----pid-1
---ebpf-pid----2094----pid-2094
---ebpf-pid----2029----pid-2029
---ebpf-pid----2094----pid-1
---ebpf-pid----2094----pid-2094
---ebpf-pid----2029----pid-1
---ebpf-pid----2029----pid-2029
---ebpf-pid----2094----pid-1
---ebpf-pid----2094----pid-2094
---ebpf-pid----2029----pid-1
---ebpf-pid----2094----pid-1
---ebpf-pid----2029----pid-2029
---ebpf-pid----2094----pid-2094
---ebpf-pid----2029----pid-1
---ebpf-pid----2094----pid-1
---ebpf-pid----2029----pid-2029
---ebpf-pid----2094----pid-2094
---ebpf-pid----2029----pid-1
---ebpf-pid----2094----pid-1
---ebpf-pid----2029----pid-2029
---ebpf-pid----2094----pid-2094
---ebpf-pid----2029----pid-1
---ebpf-pid----2094----pid-1
---ebpf-pid----2029----pid-2029
---ebpf-pid----2094----pid-2094
---ebpf-pid----2029----pid-1
---ebpf-pid----2094----pid-1
---ebpf-pid----2029----pid-2029
---ebpf-pid----2094----pid-2094
---ebpf-pid----2094----pid-1
---ebpf-pid----2029----pid-1
---ebpf-pid----2094----pid-2094
---ebpf-pid----2029----pid-2029
---ebpf-pid----2094----pid-1
---ebpf-pid----2029----pid-1
---ebpf-pid----2094----pid-2094
---ebpf-pid----2029----pid-2029
---ebpf-pid----2094----pid-1
---ebpf-pid----2029----pid-1
---ebpf-pid----2094----pid-2094
---ebpf-pid----2029----pid-2029
---ebpf-pid----5707----pid-5476
---ebpf-pid----379067----pid-5476
---ebpf-pid----2029----pid-1
---ebpf-pid----2029----pid-2029
---ebpf-pid----379067----pid-1
---ebpf-pid----2029----pid-1
---ebpf-pid----379067----pid-379067
---ebpf-pid----2029----pid-2029
---ebpf-pid----2029----pid-1
---ebpf-pid----2094----pid-2094
---ebpf-pid----2094----pid-1
---ebpf-pid----2094----pid-2094
---ebpf-pid----2094----pid-1
---ebpf-pid----2094----pid-2094
---ebpf-pid----2094----pid-1
---ebpf-pid----2094----pid-2094
---ebpf-pid----2094----pid-1
---ebpf-pid----2094----pid-2094
---ebpf-pid----2094----pid-1
---ebpf-pid----2094----pid-2094
---ebpf-pid----2094----pid-1
---ebpf-pid----2094----pid-2094
---ebpf-pid----2094----pid-1
---ebpf-pid----2094----pid-2094
---ebpf-pid----2094----pid-1
---ebpf-pid----2094----pid-2094
---ebpf-pid----2094----pid-1
---ebpf-pid----372881----pid-372881
---ebpf-pid----372881----pid-1
---ebpf-pid----372881----pid-372881
---ebpf-pid----372881----pid-1
---ebpf-pid----372881----pid-372881
---ebpf-pid----372881----pid-1
---ebpf-pid----372881----pid-372881
---ebpf-pid----372881----pid-1
---ebpf-pid----372881----pid-372881
---ebpf-pid----5707----pid-1
---ebpf-pid----5707----pid-5707
---ebpf-pid----379067----pid-5476
---ebpf-pid----372881----pid-1
---ebpf-pid----5707----pid-5476
---ebpf-pid----372881----pid-372881
---ebpf-pid----5707----pid-1
---ebpf-pid----379067----pid-1
---ebpf-pid----5707----pid-5707
---ebpf-pid----379067----pid-379067
---ebpf-pid----372881----pid-1
---ebpf-pid----372881----pid-372881
---ebpf-pid----5707----pid-5476
---ebpf-pid----379067----pid-5476
---ebpf-pid----5707----pid-1
---ebpf-pid----372881----pid-1
---ebpf-pid----5707----pid-5707
---ebpf-pid----372881----pid-372881
---ebpf-pid----379067----pid-1
---ebpf-pid----379067----pid-379067
---ebpf-pid----5707----pid-5476
---ebpf-pid----372881----pid-1
---ebpf-pid----372881----pid-372881
---ebpf-pid----379067----pid-5476
---ebpf-pid----5707----pid-1
---ebpf-pid----372881----pid-1
---ebpf-pid----5707----pid-5707
---ebpf-pid----379067----pid-1
---ebpf-pid----372881----pid-372881
---ebpf-pid----379067----pid-379067
---ebpf-pid----372881----pid-1
---ebpf-pid----5707----pid-5476
---ebpf-pid----372881----pid-372881
---ebpf-pid----379067----pid-5476
---ebpf-pid----372881----pid-1
---ebpf-pid----5707----pid-1
---ebpf-pid----379067----pid-1
---ebpf-pid----372881----pid-372881
---ebpf-pid----5707----pid-5707
---ebpf-pid----379067----pid-379067
---ebpf-pid----372881----pid-1
---ebpf-pid----5707----pid-5476
---ebpf-pid----372881----pid-372881
---ebpf-pid----379067----pid-5476
---ebpf-pid----5707----pid-1
---ebpf-pid----5707----pid-5707
---ebpf-pid----372881----pid-1
---ebpf-pid----379067----pid-1
---ebpf-pid----372881----pid-372881
---ebpf-pid----379067----pid-379067
---ebpf-pid----5707----pid-5476
---ebpf-pid----372881----pid-1
---ebpf-pid----379067----pid-5476
---ebpf-pid----372881----pid-372881
---ebpf-pid----5707----pid-1
---ebpf-pid----5707----pid-5707
---ebpf-pid----372881----pid-1
---ebpf-pid----379067----pid-1
---ebpf-pid----372881----pid-372881
---ebpf-pid----5707----pid-5476
---ebpf-pid----379067----pid-379067
---ebpf-pid----372881----pid-1
---ebpf-pid----5707----pid-1
---ebpf-pid----379067----pid-5476
---ebpf-pid----372881----pid-372881
---ebpf-pid----372881----pid-372881
---ebpf-pid----379067----pid-1
---ebpf-pid----372881----pid-1
---ebpf-pid----372881----pid-1
---ebpf-pid----372881----pid-372881
---ebpf-pid----379067----pid-379067
---ebpf-pid----372881----pid-372881
---ebpf-pid----372881----pid-1
---ebpf-pid----379067----pid-5476
---ebpf-pid----372881----pid-1
---ebpf-pid----372881----pid-372881
---ebpf-pid----372881----pid-372881
---ebpf-pid----379067----pid-1
---ebpf-pid----372881----pid-1
---ebpf-pid----379067----pid-379067
---ebpf-pid----372881----pid-1
---ebpf-pid----372881----pid-372881
---ebpf-pid----372881----pid-372881
---ebpf-pid----379067----pid-5476
---ebpf-pid----372881----pid-1
---ebpf-pid----372881----pid-1
---ebpf-pid----372881----pid-372881
---ebpf-pid----372881----pid-372881
---ebpf-pid----379067----pid-1
---ebpf-pid----379067----pid-379067
---ebpf-pid----372881----pid-1
---ebpf-pid----372881----pid-1
---ebpf-pid----372881----pid-372881
---ebpf-pid----372881----pid-372881
---ebpf-pid----379067----pid-5476
---ebpf-pid----372881----pid-1
---ebpf-pid----372881----pid-1
---ebpf-pid----372881----pid-372881
---ebpf-pid----379067----pid-1
---ebpf-pid----372881----pid-372881
---ebpf-pid----379067----pid-379067
---ebpf-pid----372881----pid-1
---ebpf-pid----372881----pid-1
---ebpf-pid----372881----pid-372881
---ebpf-pid----379067----pid-5476
---ebpf-pid----372881----pid-1
---ebpf-pid----379067----pid-1
---ebpf-pid----372881----pid-372881
---ebpf-pid----372881----pid-1
---ebpf-pid----372881----pid-372881
---ebpf-pid----372881----pid-1
---ebpf-pid----372881----pid-372881
---ebpf-pid----372881----pid-1
---ebpf-pid----372881----pid-372881
---ebpf-pid----372881----pid-372881
---ebpf-pid----372881----pid-1
---ebpf-pid----372881----pid-372881
---ebpf-pid----2094----pid-1
---ebpf-pid----2094----pid-2094
---ebpf-pid----2094----pid-1
---ebpf-pid----2094----pid-2094
---ebpf-pid----2094----pid-1
---ebpf-pid----2094----pid-2094
---ebpf-pid----2094----pid-1
---ebpf-pid----2094----pid-2094
---ebpf-pid----372881----pid-1
---ebpf-pid----372881----pid-372881
---ebpf-pid----2094----pid-1
---ebpf-pid----2094----pid-2094
---ebpf-pid----372881----pid-1
---ebpf-pid----2094----pid-1
---ebpf-pid----372881----pid-372881
---ebpf-pid----2094----pid-2094
---ebpf-pid----2094----pid-1
---ebpf-pid----2094----pid-2094
---ebpf-pid----6671----pid-6671
---ebpf-pid----372881----pid-1
---ebpf-pid----372881----pid-372881
---ebpf-pid----6671----pid-5476
---ebpf-pid----372881----pid-1
---ebpf-pid----6671----pid-1
---ebpf-pid----372881----pid-372881
---ebpf-pid----6671----pid-6671
---ebpf-pid----372881----pid-1
---ebpf-pid----6671----pid-5476
---ebpf-pid----372881----pid-372881
---ebpf-pid----6671----pid-1
---ebpf-pid----6671----pid-6671
---ebpf-pid----372881----pid-1
---ebpf-pid----372881----pid-372881
---ebpf-pid----6671----pid-5476
---ebpf-pid----372881----pid-1
---ebpf-pid----6671----pid-1
---ebpf-pid----5109----pid-5109
---ebpf-pid----5109----pid-3323
---ebpf-pid----5109----pid-1
---ebpf-pid----5109----pid-5109
---ebpf-pid----5109----pid-3323
---ebpf-pid----5109----pid-1
---ebpf-pid----379067----pid-379067
---ebpf-pid----372881----pid-372881
---ebpf-pid----379067----pid-5476
---ebpf-pid----372881----pid-1
---ebpf-pid----379067----pid-1
---ebpf-pid----372881----pid-372881
---ebpf-pid----379067----pid-379067
---ebpf-pid----372881----pid-1
---ebpf-pid----379067----pid-5476
---ebpf-pid----372881----pid-372881
---ebpf-pid----379067----pid-1
---ebpf-pid----372881----pid-1
---ebpf-pid----372881----pid-372881
---ebpf-pid----379067----pid-379067
---ebpf-pid----372881----pid-1
---ebpf-pid----379067----pid-5476
---ebpf-pid----379067----pid-1
---ebpf-pid----379067----pid-379067
---ebpf-pid----379067----pid-5476
---ebpf-pid----379067----pid-1
---ebpf-pid----379067----pid-379067
---ebpf-pid----379067----pid-5476
---ebpf-pid----379067----pid-1
---ebpf-pid----379067----pid-379067
---ebpf-pid----372881----pid-372881
---ebpf-pid----372881----pid-1
---ebpf-pid----372881----pid-372881
---ebpf-pid----372881----pid-1
---ebpf-pid----372881----pid-372881
---ebpf-pid----372881----pid-1
---ebpf-pid----372881----pid-372881
---ebpf-pid----372881----pid-1
---ebpf-pid----372881----pid-372881
---ebpf-pid----372881----pid-1
---ebpf-pid----372881----pid-372881
---ebpf-pid----372881----pid-1
---ebpf-pid----372881----pid-372881
---ebpf-pid----2094----pid-1
---ebpf-pid----2094----pid-2094
---ebpf-pid----2094----pid-1
---ebpf-pid----2029----pid-2029
---ebpf-pid----2029----pid-1
---ebpf-pid----2029----pid-2029
---ebpf-pid----2029----pid-1
---ebpf-pid----2029----pid-2029
---ebpf-pid----2029----pid-1
---ebpf-pid----2029----pid-2029
---ebpf-pid----2029----pid-1
---ebpf-pid----2029----pid-2029
---ebpf-pid----2029----pid-1
---ebpf-pid----2029----pid-2029
---ebpf-pid----2029----pid-1
---ebpf-pid----2029----pid-2029
---ebpf-pid----2029----pid-1
---ebpf-pid----2029----pid-2029
---ebpf-pid----2029----pid-1
---ebpf-pid----2029----pid-2029
---ebpf-pid----2029----pid-1
---ebpf-pid----2029----pid-2029
---ebpf-pid----2029----pid-1
---ebpf-pid----2029----pid-2029
---ebpf-pid----2029----pid-1
---ebpf-pid----2029----pid-2029
---ebpf-pid----2029----pid-1
---ebpf-pid----2029----pid-2029
---ebpf-pid----2029----pid-1
---ebpf-pid----372881----pid-372881
---ebpf-pid----372881----pid-1
---ebpf-pid----372881----pid-372881
---ebpf-pid----372881----pid-1
---ebpf-pid----372881----pid-372881
---ebpf-pid----372881----pid-1
---ebpf-pid----372714----pid-372714
---ebpf-pid----372714----pid-5476
---ebpf-pid----372714----pid-1
---ebpf-pid----372714----pid-372714
---ebpf-pid----372714----pid-5476
---ebpf-pid----372714----pid-1
---ebpf-pid----372881----pid-1
---ebpf-pid----372881----pid-372881
---ebpf-pid----372881----pid-1
---ebpf-pid----372881----pid-372881
---ebpf-pid----372881----pid-1
---ebpf-pid----372881----pid-372881
---ebpf-pid----372881----pid-1
---ebpf-pid----372881----pid-372881
---ebpf-pid----372881----pid-1
---ebpf-pid----372881----pid-372881
---ebpf-pid----372881----pid-1
---ebpf-pid----372881----pid-372881
---ebpf-pid----372881----pid-1
---ebpf-pid----372881----pid-372881
---ebpf-pid----372881----pid-1
---ebpf-pid----372881----pid-372881
---ebpf-pid----372881----pid-1
---ebpf-pid----372881----pid-372881
---ebpf-pid----372881----pid-1
---ebpf-pid----372881----pid-372881
---ebpf-pid----372881----pid-1
---ebpf-pid----372881----pid-372881
---ebpf-pid----372881----pid-1
---ebpf-pid----372881----pid-372881
---ebpf-pid----372881----pid-1
---ebpf-pid----372881----pid-372881
---ebpf-pid----372881----pid-1
---ebpf-pid----372881----pid-372881
---ebpf-pid----372881----pid-1
---ebpf-pid----372881----pid-372881
---ebpf-pid----372881----pid-1
---ebpf-pid----372881----pid-372881
---ebpf-pid----372881----pid-1
---ebpf-pid----372881----pid-372881
---ebpf-pid----372881----pid-1
---ebpf-pid----372881----pid-372881
---ebpf-pid----372881----pid-1
---ebpf-pid----372881----pid-372881
---ebpf-pid----372881----pid-1
---ebpf-pid----372881----pid-372881
---ebpf-pid----372881----pid-1
---ebpf-pid----372881----pid-372881
---ebpf-pid----372881----pid-1
---ebpf-pid----372881----pid-372881
---ebpf-pid----372714----pid-372714
---ebpf-pid----372714----pid-5476
---ebpf-pid----372714----pid-1
---ebpf-pid----372714----pid-372714
---ebpf-pid----372714----pid-5476
---ebpf-pid----372714----pid-1
---ebpf-pid----372714----pid-372714
---ebpf-pid----379067----pid-5476
---ebpf-pid----379067----pid-1
---ebpf-pid----379067----pid-379067
---ebpf-pid----372881----pid-1
---ebpf-pid----372881----pid-372881
---ebpf-pid----372881----pid-1
---ebpf-pid----372881----pid-372881
---ebpf-pid----372881----pid-1
---ebpf-pid----372881----pid-372881
---ebpf-pid----379067----pid-5476
---ebpf-pid----372881----pid-1
---ebpf-pid----372881----pid-372881
---ebpf-pid----379067----pid-1
---ebpf-pid----379067----pid-379067
---ebpf-pid----372881----pid-1
---ebpf-pid----372881----pid-372881
---ebpf-pid----379067----pid-5476
---ebpf-pid----379067----pid-1
---ebpf-pid----379067----pid-379067
---ebpf-pid----379067----pid-5476
---ebpf-pid----379067----pid-1
---ebpf-pid----379067----pid-379067
---ebpf-pid----379067----pid-5476
---ebpf-pid----372714----pid-5476
---ebpf-pid----379067----pid-1
---ebpf-pid----379067----pid-379067
---ebpf-pid----372714----pid-1
---ebpf-pid----2029----pid-2029
---ebpf-pid----379067----pid-5476
---ebpf-pid----2029----pid-1
---ebpf-pid----379067----pid-1
---ebpf-pid----2029----pid-2029
---ebpf-pid----379067----pid-379067
---ebpf-pid----2029----pid-1
---ebpf-pid----379067----pid-5476
---ebpf-pid----379067----pid-1
---ebpf-pid----379067----pid-379067
---ebpf-pid----379067----pid-5476
---ebpf-pid----379067----pid-1
---ebpf-pid----379067----pid-379067
---ebpf-pid----379067----pid-5476
---ebpf-pid----2029----pid-2029
---ebpf-pid----2029----pid-1
---ebpf-pid----379067----pid-1
---ebpf-pid----2029----pid-2029
---ebpf-pid----379067----pid-379067
---ebpf-pid----2029----pid-1
---ebpf-pid----379067----pid-5476
---ebpf-pid----2029----pid-2029
---ebpf-pid----379067----pid-1
---ebpf-pid----2029----pid-1
---ebpf-pid----379067----pid-379067
---ebpf-pid----2029----pid-2029
---ebpf-pid----379067----pid-5476
---ebpf-pid----2029----pid-1
---ebpf-pid----2029----pid-2029
---ebpf-pid----379067----pid-1
---ebpf-pid----379067----pid-379067
---ebpf-pid----379067----pid-5476
---ebpf-pid----379067----pid-1
---ebpf-pid----379067----pid-379067
---ebpf-pid----379067----pid-5476
---ebpf-pid----372881----pid-1
---ebpf-pid----379067----pid-1
---ebpf-pid----372881----pid-372881
---ebpf-pid----406335----pid-406335
---ebpf-pid----372881----pid-1
---ebpf-pid----406335----pid-3323
---ebpf-pid----372881----pid-372881
---ebpf-pid----406335----pid-1
---ebpf-pid----372881----pid-1
---ebpf-pid----406335----pid-406335
---ebpf-pid----372881----pid-372881
---ebpf-pid----406335----pid-3323
---ebpf-pid----372881----pid-1
---ebpf-pid----372881----pid-372881
---ebpf-pid----406335----pid-1
---ebpf-pid----406335----pid-406335
---ebpf-pid----372881----pid-1
---ebpf-pid----372881----pid-372881
---ebpf-pid----406335----pid-3323
---ebpf-pid----372881----pid-1
---ebpf-pid----406335----pid-1
---ebpf-pid----372881----pid-372881
---ebpf-pid----406335----pid-406335
---ebpf-pid----372881----pid-1
---ebpf-pid----406335----pid-3323
---ebpf-pid----372881----pid-372881
---ebpf-pid----406335----pid-1
---ebpf-pid----372881----pid-1
---ebpf-pid----448782----pid-448782
---ebpf-pid----372881----pid-372881
---ebpf-pid----448782----pid-448520
---ebpf-pid----372881----pid-1
---ebpf-pid----372881----pid-372881
---ebpf-pid----448782----pid-1
---ebpf-pid----379067----pid-379067
---ebpf-pid----372881----pid-1
---ebpf-pid----372881----pid-372881
---ebpf-pid----379067----pid-5476
---ebpf-pid----372881----pid-1
---ebpf-pid----372881----pid-372881
---ebpf-pid----379067----pid-1
---ebpf-pid----379067----pid-379067
---ebpf-pid----372881----pid-1
---ebpf-pid----372881----pid-372881
---ebpf-pid----379067----pid-5476
---ebpf-pid----372881----pid-1
---ebpf-pid----379067----pid-1
---ebpf-pid----372881----pid-372881
---ebpf-pid----379067----pid-379067
---ebpf-pid----372881----pid-1
---ebpf-pid----379067----pid-5476
---ebpf-pid----2088----pid-2088
---ebpf-pid----379067----pid-1
---ebpf-pid----2088----pid-1
---ebpf-pid----406335----pid-406335
---ebpf-pid----2088----pid-2088
---ebpf-pid----406335----pid-3323
---ebpf-pid----2088----pid-1
---ebpf-pid----2088----pid-2088
---ebpf-pid----406335----pid-1
---ebpf-pid----379067----pid-379067
---ebpf-pid----2088----pid-1
---ebpf-pid----2088----pid-2088
---ebpf-pid----2088----pid-1
---ebpf-pid----2088----pid-2088
---ebpf-pid----379067----pid-5476
---ebpf-pid----2088----pid-1
---ebpf-pid----372881----pid-1
---ebpf-pid----372881----pid-372881
---ebpf-pid----372881----pid-1
---ebpf-pid----372881----pid-372881
---ebpf-pid----372881----pid-1
---ebpf-pid----372881----pid-372881
---ebpf-pid----372881----pid-1
---ebpf-pid----372881----pid-372881
---ebpf-pid----372881----pid-1
---ebpf-pid----372881----pid-372881
---ebpf-pid----372881----pid-1
---ebpf-pid----372881----pid-372881
---ebpf-pid----372881----pid-1
---ebpf-pid----372881----pid-372881
---ebpf-pid----372881----pid-1
---ebpf-pid----372881----pid-372881
---ebpf-pid----372881----pid-1
---ebpf-pid----372881----pid-372881
---ebpf-pid----372881----pid-1
---ebpf-pid----2029----pid-1
---ebpf-pid----372881----pid-372881
---ebpf-pid----2029----pid-2029
---ebpf-pid----372881----pid-1
---ebpf-pid----2029----pid-1
---ebpf-pid----372881----pid-372881
---ebpf-pid----2029----pid-2029
---ebpf-pid----372881----pid-1
---ebpf-pid----2029----pid-1
---ebpf-pid----372881----pid-372881
---ebpf-pid----2029----pid-2029
---ebpf-pid----372881----pid-1
---ebpf-pid----2029----pid-1
---ebpf-pid----372881----pid-372881
---ebpf-pid----2029----pid-2029
---ebpf-pid----372881----pid-1
---ebpf-pid----2029----pid-1
---ebpf-pid----372881----pid-372881
---ebpf-pid----2029----pid-2029
---ebpf-pid----372881----pid-1
---ebpf-pid----2029----pid-1
---ebpf-pid----372881----pid-372881
---ebpf-pid----2029----pid-2029
---ebpf-pid----372881----pid-1
---ebpf-pid----2029----pid-1
---ebpf-pid----372881----pid-372881
---ebpf-pid----2029----pid-2029
---ebpf-pid----372881----pid-1
---ebpf-pid----2029----pid-1
---ebpf-pid----372881----pid-372881
---ebpf-pid----2029----pid-2029
---ebpf-pid----2029----pid-1
---ebpf-pid----372881----pid-1
---ebpf-pid----2029----pid-2029
---ebpf-pid----372881----pid-372881
---ebpf-pid----2029----pid-1
---ebpf-pid----372881----pid-1
---ebpf-pid----2029----pid-2029
---ebpf-pid----372881----pid-372881
---ebpf-pid----2029----pid-1
---ebpf-pid----372881----pid-1
---ebpf-pid----2029----pid-2029
---ebpf-pid----372881----pid-372881
---ebpf-pid----372881----pid-1
---ebpf-pid----372881----pid-372881
---ebpf-pid----372881----pid-1
---ebpf-pid----372881----pid-372881
---ebpf-pid----372881----pid-1
---ebpf-pid----372881----pid-372881
---ebpf-pid----372881----pid-1
---ebpf-pid----372881----pid-372881
---ebpf-pid----372881----pid-1
---ebpf-pid----372881----pid-372881
---ebpf-pid----372881----pid-1
---ebpf-pid----372881----pid-372881
---ebpf-pid----372881----pid-1
---ebpf-pid----2029----pid-1
---ebpf-pid----372881----pid-372881
---ebpf-pid----2029----pid-2029
---ebpf-pid----372881----pid-1
---ebpf-pid----2029----pid-1
---ebpf-pid----2029----pid-2029
---ebpf-pid----372881----pid-372881
---ebpf-pid----2029----pid-1
---ebpf-pid----372881----pid-1
---ebpf-pid----2029----pid-2029
---ebpf-pid----372881----pid-372881
---ebpf-pid----2029----pid-1
---ebpf-pid----2029----pid-2029
---ebpf-pid----372881----pid-1
---ebpf-pid----372881----pid-372881
---ebpf-pid----2029----pid-1
---ebpf-pid----2029----pid-2029
---ebpf-pid----372881----pid-1
---ebpf-pid----372881----pid-372881
---ebpf-pid----2029----pid-1
---ebpf-pid----2094----pid-2094
---ebpf-pid----372881----pid-1
---ebpf-pid----372881----pid-372881
---ebpf-pid----2094----pid-1
---ebpf-pid----2094----pid-2094
---ebpf-pid----372881----pid-1
---ebpf-pid----372881----pid-372881
---ebpf-pid----2094----pid-1
---ebpf-pid----372881----pid-1
---ebpf-pid----2094----pid-2094
---ebpf-pid----372881----pid-372881
---ebpf-pid----2094----pid-1
---ebpf-pid----372881----pid-1
---ebpf-pid----2094----pid-2094
---ebpf-pid----372881----pid-372881
---ebpf-pid----2094----pid-1
---ebpf-pid----2094----pid-2094
---ebpf-pid----372881----pid-1
---ebpf-pid----372881----pid-372881
---ebpf-pid----2094----pid-1
---ebpf-pid----372881----pid-1
---ebpf-pid----2094----pid-2094
---ebpf-pid----5707----pid-5707
---ebpf-pid----2094----pid-1
---ebpf-pid----2094----pid-2094
---ebpf-pid----5707----pid-5476
---ebpf-pid----2094----pid-1
---ebpf-pid----5707----pid-1
---ebpf-pid----2094----pid-2094
---ebpf-pid----5707----pid-5707
---ebpf-pid----2094----pid-1
---ebpf-pid----5707----pid-5476
---ebpf-pid----2094----pid-2094
---ebpf-pid----5707----pid-1
---ebpf-pid----5707----pid-5707
---ebpf-pid----2094----pid-1
---ebpf-pid----2094----pid-2094
---ebpf-pid----5707----pid-5476
---ebpf-pid----2094----pid-1
---ebpf-pid----2094----pid-2094
---ebpf-pid----5707----pid-1
---ebpf-pid----379067----pid-379067
---ebpf-pid----2094----pid-1
---ebpf-pid----2094----pid-2094
---ebpf-pid----379067----pid-5476
---ebpf-pid----2094----pid-1
---ebpf-pid----379067----pid-1
---ebpf-pid----2094----pid-2094
---ebpf-pid----379067----pid-379067
---ebpf-pid----2094----pid-1
---ebpf-pid----379067----pid-5476
---ebpf-pid----2094----pid-2094
---ebpf-pid----379067----pid-1
---ebpf-pid----2094----pid-1
---ebpf-pid----379067----pid-379067
---ebpf-pid----2094----pid-2094
---ebpf-pid----379067----pid-5476
---ebpf-pid----2094----pid-1
---ebpf-pid----2094----pid-2094
---ebpf-pid----379067----pid-1
---ebpf-pid----379067----pid-379067
---ebpf-pid----2088----pid-2088
---ebpf-pid----379067----pid-5476
---ebpf-pid----379067----pid-1
---ebpf-pid----2088----pid-1
---ebpf-pid----2088----pid-2088
---ebpf-pid----372714----pid-372714
---ebpf-pid----2088----pid-1
---ebpf-pid----372714----pid-5476
---ebpf-pid----2088----pid-2088
---ebpf-pid----372714----pid-1
---ebpf-pid----2088----pid-1
---ebpf-pid----372714----pid-372714
---ebpf-pid----2088----pid-2088
---ebpf-pid----372714----pid-5476
---ebpf-pid----2088----pid-1
---ebpf-pid----2088----pid-2088
---ebpf-pid----372714----pid-1
---ebpf-pid----372714----pid-372714
---ebpf-pid----2088----pid-1
---ebpf-pid----2088----pid-2088
---ebpf-pid----372714----pid-5476
---ebpf-pid----2088----pid-1
---ebpf-pid----2088----pid-2088
---ebpf-pid----2088----pid-1
---ebpf-pid----2088----pid-2088
---ebpf-pid----2088----pid-1
---ebpf-pid----2088----pid-2088
---ebpf-pid----2088----pid-1
---ebpf-pid----2088----pid-2088
---ebpf-pid----2088----pid-1
---ebpf-pid----2088----pid-2088
---ebpf-pid----2088----pid-1
---ebpf-pid----2088----pid-2088
---ebpf-pid----2088----pid-1
---ebpf-pid----2088----pid-2088
---ebpf-pid----2088----pid-1
---ebpf-pid----2088----pid-2088
---ebpf-pid----2088----pid-1
---ebpf-pid----2088----pid-2088
---ebpf-pid----2088----pid-1
---ebpf-pid----2088----pid-2088
---ebpf-pid----2088----pid-1
---ebpf-pid----2088----pid-2088
---ebpf-pid----2088----pid-1
---ebpf-pid----379067----pid-1
---ebpf-pid----2088----pid-2088
---ebpf-pid----379067----pid-379067
---ebpf-pid----2088----pid-1
---ebpf-pid----2088----pid-2088
---ebpf-pid----379067----pid-5476
---ebpf-pid----2088----pid-1
---ebpf-pid----2088----pid-2088
---ebpf-pid----379067----pid-1
---ebpf-pid----379067----pid-379067
---ebpf-pid----2088----pid-1
---ebpf-pid----379067----pid-5476
---ebpf-pid----379067----pid-1
---ebpf-pid----379067----pid-379067
---ebpf-pid----379067----pid-5476
---ebpf-pid----379067----pid-1
---ebpf-pid----379067----pid-379067
---ebpf-pid----379067----pid-5476
---ebpf-pid----379067----pid-1
---ebpf-pid----379067----pid-379067
---ebpf-pid----2094----pid-1
---ebpf-pid----2094----pid-2094
---ebpf-pid----379067----pid-5476
---ebpf-pid----2094----pid-1
---ebpf-pid----379067----pid-1
---ebpf-pid----2094----pid-2094
---ebpf-pid----5109----pid-5109
---ebpf-pid----2094----pid-1
---ebpf-pid----5109----pid-3323
---ebpf-pid----2094----pid-2094
---ebpf-pid----5109----pid-1
---ebpf-pid----5109----pid-5109
---ebpf-pid----5109----pid-3323
---ebpf-pid----5109----pid-1
---ebpf-pid----2088----pid-2088
---ebpf-pid----5109----pid-5109
---ebpf-pid----2088----pid-1
---ebpf-pid----5109----pid-3323
---ebpf-pid----2088----pid-2088
---ebpf-pid----5109----pid-1
---ebpf-pid----2088----pid-1
---ebpf-pid----5109----pid-5109
---ebpf-pid----2088----pid-2088
---ebpf-pid----2088----pid-1
---ebpf-pid----2088----pid-2088
---ebpf-pid----2088----pid-1
---ebpf-pid----2088----pid-2088
---ebpf-pid----2088----pid-1
---ebpf-pid----2088----pid-2088
---ebpf-pid----2088----pid-1
---ebpf-pid----2088----pid-2088
---ebpf-pid----2088----pid-1
---ebpf-pid----2088----pid-2088
---ebpf-pid----2088----pid-1
---ebpf-pid----2088----pid-2088
---ebpf-pid----2088----pid-1
---ebpf-pid----2088----pid-2088
---ebpf-pid----2088----pid-1
---ebpf-pid----2088----pid-2088
---ebpf-pid----372714----pid-1
---ebpf-pid----2088----pid-1
---ebpf-pid----5108----pid-5108
---ebpf-pid----2088----pid-2088
---ebpf-pid----5108----pid-3323
---ebpf-pid----2088----pid-1
---ebpf-pid----2088----pid-2088
---ebpf-pid----5108----pid-1
---ebpf-pid----5108----pid-5108
---ebpf-pid----2088----pid-1
---ebpf-pid----5108----pid-3323
---ebpf-pid----2089----pid-2089
---ebpf-pid----5108----pid-1
---ebpf-pid----2089----pid-1
---ebpf-pid----5108----pid-5108
---ebpf-pid----2089----pid-2089
---ebpf-pid----5108----pid-3323
---ebpf-pid----2089----pid-1
---ebpf-pid----5108----pid-1
---ebpf-pid----2089----pid-2089
---ebpf-pid----5108----pid-5108
---ebpf-pid----2089----pid-1
---ebpf-pid----5108----pid-3323
---ebpf-pid----2089----pid-2089
---ebpf-pid----5108----pid-1
---ebpf-pid----2089----pid-1
---ebpf-pid----5108----pid-5108
---ebpf-pid----2089----pid-2089
---ebpf-pid----5108----pid-3323
---ebpf-pid----2089----pid-1
---ebpf-pid----2089----pid-2089
---ebpf-pid----5108----pid-1
---ebpf-pid----5108----pid-5108
---ebpf-pid----2089----pid-1
---ebpf-pid----2089----pid-2089
---ebpf-pid----5108----pid-3323
---ebpf-pid----5108----pid-1
---ebpf-pid----5108----pid-5108
---ebpf-pid----5108----pid-3323
---ebpf-pid----5108----pid-1
---ebpf-pid----5108----pid-5108
---ebpf-pid----5108----pid-3323
---ebpf-pid----5108----pid-1
---ebpf-pid----5108----pid-5108
---ebpf-pid----5108----pid-3323
---ebpf-pid----5108----pid-1
---ebpf-pid----5108----pid-5108
---ebpf-pid----5108----pid-3323
---ebpf-pid----5108----pid-1
---ebpf-pid----5108----pid-5108
---ebpf-pid----2094----pid-1
---ebpf-pid----5108----pid-3323
---ebpf-pid----2094----pid-2094
---ebpf-pid----2094----pid-1
---ebpf-pid----5108----pid-1
---ebpf-pid----2094----pid-2094
---ebpf-pid----5108----pid-5108
---ebpf-pid----5108----pid-3323
---ebpf-pid----2094----pid-1
---ebpf-pid----2094----pid-2094
---ebpf-pid----5108----pid-1
---ebpf-pid----5108----pid-5108
---ebpf-pid----2094----pid-1
---ebpf-pid----2094----pid-2094
---ebpf-pid----5108----pid-3323
---ebpf-pid----2094----pid-1
---ebpf-pid----5108----pid-1
---ebpf-pid----2094----pid-2094
---ebpf-pid----5108----pid-5108
---ebpf-pid----5108----pid-3323
---ebpf-pid----2094----pid-1
---ebpf-pid----2094----pid-2094
---ebpf-pid----5108----pid-1
---ebpf-pid----5108----pid-5108
---ebpf-pid----2094----pid-1
---ebpf-pid----2094----pid-2094
---ebpf-pid----5108----pid-3323
---ebpf-pid----5108----pid-1
---ebpf-pid----2094----pid-1
---ebpf-pid----5108----pid-5108
---ebpf-pid----2094----pid-2094
---ebpf-pid----2094----pid-1
---ebpf-pid----2094----pid-2094
---ebpf-pid----2094----pid-1
---ebpf-pid----2094----pid-2094
---ebpf-pid----2094----pid-1
---ebpf-pid----2094----pid-2094
---ebpf-pid----2094----pid-1
---ebpf-pid----2094----pid-2094
---ebpf-pid----2094----pid-1
---ebpf-pid----2094----pid-2094
---ebpf-pid----2094----pid-1
---ebpf-pid----2094----pid-2094
---ebpf-pid----2094----pid-1
---ebpf-pid----2094----pid-2094
---ebpf-pid----2094----pid-1
---ebpf-pid----2094----pid-2094
---ebpf-pid----2094----pid-1
---ebpf-pid----2094----pid-2094
---ebpf-pid----5109----pid-3323
---ebpf-pid----2094----pid-1
---ebpf-pid----2094----pid-2094
---ebpf-pid----2094----pid-1
---ebpf-pid----2094----pid-2094
---ebpf-pid----2094----pid-1
---ebpf-pid----2094----pid-2094
---ebpf-pid----2094----pid-1
---ebpf-pid----2094----pid-2094
---ebpf-pid----2094----pid-1
---ebpf-pid----2029----pid-2029
---ebpf-pid----2029----pid-1
---ebpf-pid----2089----pid-1
---ebpf-pid----2089----pid-2089
---ebpf-pid----2089----pid-1
---ebpf-pid----2089----pid-2089
---ebpf-pid----2089----pid-1
---ebpf-pid----2089----pid-2089
---ebpf-pid----2089----pid-1
---ebpf-pid----2089----pid-2089
---ebpf-pid----2089----pid-1
---ebpf-pid----2089----pid-2089
---ebpf-pid----2089----pid-1
---ebpf-pid----2089----pid-2089
---ebpf-pid----2089----pid-1
---ebpf-pid----2089----pid-2089
---ebpf-pid----2089----pid-1
---ebpf-pid----2089----pid-2089
---ebpf-pid----2089----pid-1
---ebpf-pid----2089----pid-2089
---ebpf-pid----2089----pid-1
---ebpf-pid----372714----pid-372714
---ebpf-pid----372714----pid-5476
---ebpf-pid----372714----pid-1
---ebpf-pid----372714----pid-372714
---ebpf-pid----372714----pid-5476
---ebpf-pid----372714----pid-1
---ebpf-pid----372714----pid-372714
---ebpf-pid----2029----pid-2029
---ebpf-pid----2029----pid-1
---ebpf-pid----2029----pid-2029
---ebpf-pid----2029----pid-1
---ebpf-pid----2029----pid-2029
---ebpf-pid----2029----pid-1
---ebpf-pid----2029----pid-2029
---ebpf-pid----2029----pid-1
---ebpf-pid----2029----pid-2029
---ebpf-pid----2029----pid-1
---ebpf-pid----2029----pid-2029
---ebpf-pid----5109----pid-1
---ebpf-pid----5109----pid-5109
---ebpf-pid----5109----pid-3323
---ebpf-pid----5109----pid-1
---ebpf-pid----5109----pid-5109
---ebpf-pid----2029----pid-1
---ebpf-pid----2029----pid-2029
---ebpf-pid----5109----pid-3323
---ebpf-pid----2029----pid-1
---ebpf-pid----2029----pid-2029
---ebpf-pid----5109----pid-1
---ebpf-pid----2029----pid-1
---ebpf-pid----5109----pid-5109
---ebpf-pid----2029----pid-2029
---ebpf-pid----5109----pid-3323
---ebpf-pid----2029----pid-1
---ebpf-pid----2029----pid-2029
---ebpf-pid----5109----pid-1
---ebpf-pid----379067----pid-379067
---ebpf-pid----2029----pid-1
---ebpf-pid----2029----pid-2029
---ebpf-pid----379067----pid-5476
---ebpf-pid----2029----pid-1
---ebpf-pid----5108----pid-3323
---ebpf-pid----2029----pid-2029
---ebpf-pid----2029----pid-1
---ebpf-pid----5108----pid-1
---ebpf-pid----2029----pid-2029
---ebpf-pid----5108----pid-5108
---ebpf-pid----2029----pid-1
---ebpf-pid----372714----pid-5476
---ebpf-pid----2029----pid-2029
---ebpf-pid----5108----pid-3323
---ebpf-pid----2029----pid-1
---ebpf-pid----372714----pid-1
---ebpf-pid----2029----pid-2029
---ebpf-pid----5108----pid-1
---ebpf-pid----2089----pid-2089
---ebpf-pid----5108----pid-5108
---ebpf-pid----2029----pid-1
---ebpf-pid----2029----pid-2029
---ebpf-pid----2089----pid-1
---ebpf-pid----5108----pid-3323
---ebpf-pid----2089----pid-2089
---ebpf-pid----2029----pid-1
---ebpf-pid----2029----pid-2029
---ebpf-pid----5108----pid-1
---ebpf-pid----2089----pid-1
---ebpf-pid----2029----pid-1
---ebpf-pid----2089----pid-2089
---ebpf-pid----2029----pid-2029
---ebpf-pid----5108----pid-5108
---ebpf-pid----2089----pid-1
---ebpf-pid----2089----pid-2089
---ebpf-pid----379067----pid-1
---ebpf-pid----2089----pid-1
---ebpf-pid----379067----pid-379067
---ebpf-pid----2089----pid-2089
---ebpf-pid----5108----pid-3323
---ebpf-pid----379067----pid-5476
---ebpf-pid----2089----pid-1
---ebpf-pid----2089----pid-2089
---ebpf-pid----5108----pid-1
---ebpf-pid----379067----pid-1
---ebpf-pid----5108----pid-5108
---ebpf-pid----406335----pid-406335
---ebpf-pid----2089----pid-1
---ebpf-pid----2089----pid-2089
---ebpf-pid----406335----pid-3323
---ebpf-pid----5108----pid-3323
---ebpf-pid----406335----pid-1
---ebpf-pid----2089----pid-1
---ebpf-pid----406335----pid-406335
---ebpf-pid----2089----pid-2089
---ebpf-pid----5108----pid-1
---ebpf-pid----2089----pid-1
---ebpf-pid----2089----pid-2089
---ebpf-pid----5108----pid-5108
---ebpf-pid----2089----pid-1
---ebpf-pid----2089----pid-2089
---ebpf-pid----5108----pid-3323
---ebpf-pid----2029----pid-1
---ebpf-pid----5108----pid-1
---ebpf-pid----2029----pid-2029
---ebpf-pid----2029----pid-1
---ebpf-pid----2029----pid-2029
---ebpf-pid----5108----pid-5108
---ebpf-pid----2029----pid-1
---ebpf-pid----2029----pid-2029
---ebpf-pid----5108----pid-3323
---ebpf-pid----2029----pid-1
---ebpf-pid----2029----pid-2029
---ebpf-pid----5108----pid-1
---ebpf-pid----5108----pid-5108
---ebpf-pid----2029----pid-1
---ebpf-pid----2029----pid-2029
---ebpf-pid----5108----pid-3323
---ebpf-pid----2029----pid-1
---ebpf-pid----2029----pid-2029
---ebpf-pid----2029----pid-1
---ebpf-pid----2029----pid-2029
---ebpf-pid----2029----pid-1
---ebpf-pid----2029----pid-2029
---ebpf-pid----2029----pid-1
---ebpf-pid----2029----pid-2029
---ebpf-pid----2029----pid-1
---ebpf-pid----2029----pid-2029
---ebpf-pid----2029----pid-1
---ebpf-pid----2089----pid-2089
---ebpf-pid----2089----pid-1
---ebpf-pid----2089----pid-2089
---ebpf-pid----406335----pid-3323
---ebpf-pid----2089----pid-1
---ebpf-pid----2089----pid-2089
---ebpf-pid----2089----pid-1
---ebpf-pid----406335----pid-1
---ebpf-pid----2089----pid-2089
---ebpf-pid----406335----pid-406335
---ebpf-pid----2089----pid-1
---ebpf-pid----2089----pid-2089
---ebpf-pid----406335----pid-3323
---ebpf-pid----2089----pid-1
---ebpf-pid----2089----pid-2089
---ebpf-pid----406335----pid-1
---ebpf-pid----406335----pid-406335
---ebpf-pid----2089----pid-1
---ebpf-pid----2089----pid-2089
---ebpf-pid----406335----pid-3323
---ebpf-pid----2089----pid-1
---ebpf-pid----2089----pid-2089
---ebpf-pid----406335----pid-1
---ebpf-pid----406335----pid-406335
---ebpf-pid----2089----pid-1
---ebpf-pid----2089----pid-2089
---ebpf-pid----406335----pid-3323
---ebpf-pid----2089----pid-1
---ebpf-pid----2089----pid-2089
---ebpf-pid----2089----pid-1
---ebpf-pid----2089----pid-2089
---ebpf-pid----2089----pid-1
---ebpf-pid----406335----pid-1
---ebpf-pid----2089----pid-2089
---ebpf-pid----406335----pid-406335
---ebpf-pid----2089----pid-1
---ebpf-pid----2089----pid-2089
---ebpf-pid----406335----pid-3323
---ebpf-pid----2089----pid-1
---ebpf-pid----406335----pid-1
---ebpf-pid----2089----pid-1
---ebpf-pid----406335----pid-406335
---ebpf-pid----2089----pid-2089
---ebpf-pid----406335----pid-3323
---ebpf-pid----2089----pid-1
---ebpf-pid----2089----pid-2089
---ebpf-pid----406335----pid-1
---ebpf-pid----5109----pid-5109
---ebpf-pid----2089----pid-1
---ebpf-pid----2089----pid-2089
---ebpf-pid----5109----pid-3323
---ebpf-pid----2089----pid-1
---ebpf-pid----2089----pid-2089
---ebpf-pid----5109----pid-1
---ebpf-pid----2089----pid-1
---ebpf-pid----5109----pid-5109
---ebpf-pid----2089----pid-2089
---ebpf-pid----5109----pid-3323
---ebpf-pid----2089----pid-1
---ebpf-pid----2089----pid-2089
---ebpf-pid----5109----pid-1
---ebpf-pid----2089----pid-1
---ebpf-pid----5109----pid-5109
---ebpf-pid----2089----pid-2089
---ebpf-pid----5109----pid-3323
---ebpf-pid----2089----pid-1
---ebpf-pid----2089----pid-2089
---ebpf-pid----2089----pid-1
---ebpf-pid----2089----pid-2089
---ebpf-pid----2089----pid-1
---ebpf-pid----2089----pid-2089
---ebpf-pid----2089----pid-1
---ebpf-pid----2089----pid-2089
---ebpf-pid----2089----pid-1
---ebpf-pid----2089----pid-2089
---ebpf-pid----2089----pid-1
---ebpf-pid----372714----pid-372714
---ebpf-pid----5108----pid-1
---ebpf-pid----372714----pid-5476
---ebpf-pid----5108----pid-5108
---ebpf-pid----372714----pid-1
---ebpf-pid----5108----pid-3323
---ebpf-pid----372714----pid-372714
---ebpf-pid----372714----pid-5476
---ebpf-pid----5108----pid-1
---ebpf-pid----5108----pid-5108
---ebpf-pid----372714----pid-1
---ebpf-pid----2094----pid-2094
---ebpf-pid----2094----pid-1
---ebpf-pid----2094----pid-2094
---ebpf-pid----5108----pid-3323
---ebpf-pid----2094----pid-1
---ebpf-pid----2029----pid-2029
---ebpf-pid----5108----pid-1
---ebpf-pid----5108----pid-5108
---ebpf-pid----2029----pid-1
---ebpf-pid----372714----pid-372714
---ebpf-pid----5108----pid-3323
---ebpf-pid----5108----pid-1
---ebpf-pid----5108----pid-5108
---ebpf-pid----372714----pid-5476
---ebpf-pid----372714----pid-1
---ebpf-pid----372714----pid-372714
---ebpf-pid----372714----pid-5476
---ebpf-pid----372714----pid-1
---ebpf-pid----372714----pid-372714
---ebpf-pid----5109----pid-1
---ebpf-pid----372714----pid-5476
---ebpf-pid----406335----pid-406335
---ebpf-pid----372714----pid-1
---ebpf-pid----2089----pid-2089
---ebpf-pid----406335----pid-3323
---ebpf-pid----2089----pid-1
---ebpf-pid----406335----pid-1
---ebpf-pid----2089----pid-2089
---ebpf-pid----406335----pid-406335
---ebpf-pid----2089----pid-1
---ebpf-pid----2089----pid-2089
---ebpf-pid----406335----pid-3323
---ebpf-pid----2089----pid-1
---ebpf-pid----406335----pid-1
---ebpf-pid----2089----pid-2089
---ebpf-pid----406335----pid-406335
---ebpf-pid----2089----pid-1
---ebpf-pid----2089----pid-2089
---ebpf-pid----406335----pid-3323
---ebpf-pid----2089----pid-1
---ebpf-pid----2089----pid-2089
---ebpf-pid----406335----pid-1
---ebpf-pid----406335----pid-406335
---ebpf-pid----2089----pid-1
---ebpf-pid----2089----pid-2089
---ebpf-pid----406335----pid-3323
---ebpf-pid----2089----pid-1
---ebpf-pid----2089----pid-2089
---ebpf-pid----2089----pid-1
---ebpf-pid----2089----pid-2089
---ebpf-pid----406335----pid-1
---ebpf-pid----2089----pid-1
---ebpf-pid----406335----pid-406335
---ebpf-pid----2089----pid-2089
---ebpf-pid----2089----pid-1
---ebpf-pid----406335----pid-3323
---ebpf-pid----2089----pid-2089
---ebpf-pid----406335----pid-1
---ebpf-pid----2089----pid-1
---ebpf-pid----14----pid-14
---ebpf-pid----2089----pid-2089
---ebpf-pid----2089----pid-1
---ebpf-pid----14----pid-2
---ebpf-pid----2089----pid-2089
---ebpf-pid----379067----pid-379067
---ebpf-pid----2089----pid-1
---ebpf-pid----2089----pid-2089
---ebpf-pid----379067----pid-5476
---ebpf-pid----2089----pid-1
---ebpf-pid----2089----pid-2089
---ebpf-pid----379067----pid-1
---ebpf-pid----379067----pid-379067
---ebpf-pid----2089----pid-1
---ebpf-pid----2089----pid-2089
---ebpf-pid----379067----pid-5476
---ebpf-pid----2089----pid-1
---ebpf-pid----2089----pid-2089
---ebpf-pid----379067----pid-1
---ebpf-pid----379067----pid-379067
---ebpf-pid----2089----pid-1
---ebpf-pid----2089----pid-2089
---ebpf-pid----2089----pid-1
---ebpf-pid----372881----pid-372881
---ebpf-pid----372881----pid-1
---ebpf-pid----2089----pid-2089
---ebpf-pid----2089----pid-1
---ebpf-pid----2089----pid-2089
---ebpf-pid----2089----pid-1
---ebpf-pid----2089----pid-2089
---ebpf-pid----2089----pid-1
---ebpf-pid----2089----pid-2089
---ebpf-pid----2089----pid-1
---ebpf-pid----2089----pid-2089
---ebpf-pid----2089----pid-1
---ebpf-pid----2089----pid-2089
---ebpf-pid----2089----pid-1
---ebpf-pid----379067----pid-379067
---ebpf-pid----379067----pid-5476
---ebpf-pid----379067----pid-1
---ebpf-pid----379067----pid-379067
---ebpf-pid----379067----pid-5476
---ebpf-pid----379067----pid-1
---ebpf-pid----379067----pid-379067
---ebpf-pid----379067----pid-5476
---ebpf-pid----379067----pid-1
---ebpf-pid----379067----pid-5476
---ebpf-pid----379067----pid-1
---ebpf-pid----379067----pid-379067
---ebpf-pid----379067----pid-5476
---ebpf-pid----379067----pid-379067
---ebpf-pid----379067----pid-5476
---ebpf-pid----379067----pid-1
---ebpf-pid----379067----pid-379067
---ebpf-pid----379067----pid-1
---ebpf-pid----379067----pid-379067
---ebpf-pid----379067----pid-5476
---ebpf-pid----379067----pid-5476
---ebpf-pid----379067----pid-1
---ebpf-pid----379067----pid-1
---ebpf-pid----379067----pid-379067
---ebpf-pid----379067----pid-379067
---ebpf-pid----379067----pid-5476
---ebpf-pid----379067----pid-5476
---ebpf-pid----379067----pid-1
---ebpf-pid----379067----pid-379067
---ebpf-pid----379067----pid-5476
---ebpf-pid----379067----pid-1
---ebpf-pid----2029----pid-2029
---ebpf-pid----2029----pid-1
---ebpf-pid----2029----pid-2029
---ebpf-pid----379067----pid-1
---ebpf-pid----379067----pid-379067
---ebpf-pid----379067----pid-5476
---ebpf-pid----2089----pid-2089
---ebpf-pid----379067----pid-1
---ebpf-pid----2089----pid-1
---ebpf-pid----379067----pid-379067
---ebpf-pid----2089----pid-2089
---ebpf-pid----2089----pid-1
---ebpf-pid----379067----pid-5476
---ebpf-pid----2089----pid-2089
---ebpf-pid----2089----pid-1
---ebpf-pid----2089----pid-2089
---ebpf-pid----379067----pid-1
---ebpf-pid----2089----pid-1
---ebpf-pid----379067----pid-379067
---ebpf-pid----2089----pid-2089
---ebpf-pid----2089----pid-1
---ebpf-pid----2089----pid-2089
---ebpf-pid----2089----pid-1
---ebpf-pid----2029----pid-1
---ebpf-pid----5108----pid-3323
---ebpf-pid----2029----pid-2029
---ebpf-pid----5108----pid-1
---ebpf-pid----5108----pid-5108
---ebpf-pid----5108----pid-3323
---ebpf-pid----2029----pid-1
---ebpf-pid----2029----pid-2029
---ebpf-pid----2029----pid-1
---ebpf-pid----379067----pid-5476
---ebpf-pid----2029----pid-2029
---ebpf-pid----2029----pid-1
---ebpf-pid----2029----pid-2029
---ebpf-pid----379067----pid-1
---ebpf-pid----2029----pid-1
---ebpf-pid----5108----pid-5108
---ebpf-pid----2029----pid-2029
---ebpf-pid----5108----pid-3323
---ebpf-pid----2029----pid-1
---ebpf-pid----2029----pid-2029
---ebpf-pid----5108----pid-1
---ebpf-pid----5108----pid-5108
---ebpf-pid----2029----pid-1
---ebpf-pid----2029----pid-2029
---ebpf-pid----5108----pid-3323
---ebpf-pid----2029----pid-1
---ebpf-pid----2029----pid-2029
---ebpf-pid----2029----pid-1
---ebpf-pid----2029----pid-2029
---ebpf-pid----5108----pid-1
---ebpf-pid----5108----pid-5108
---ebpf-pid----5108----pid-3323
---ebpf-pid----5108----pid-1
---ebpf-pid----2088----pid-2088
---ebpf-pid----2088----pid-1
---ebpf-pid----2088----pid-2088
---ebpf-pid----2088----pid-1
---ebpf-pid----2029----pid-2029
---ebpf-pid----2029----pid-1
---ebpf-pid----2029----pid-2029
---ebpf-pid----2029----pid-1
---ebpf-pid----2029----pid-2029
---ebpf-pid----2029----pid-1
---ebpf-pid----2029----pid-2029
---ebpf-pid----2029----pid-1
---ebpf-pid----2029----pid-2029
---ebpf-pid----2029----pid-1
---ebpf-pid----406334----pid-406334
---ebpf-pid----406334----pid-3323
---ebpf-pid----406334----pid-1
---ebpf-pid----406334----pid-406334
---ebpf-pid----406334----pid-3323
---ebpf-pid----406334----pid-1
---ebpf-pid----406334----pid-406334
---ebpf-pid----406334----pid-3323
---ebpf-pid----406334----pid-1
---ebpf-pid----5108----pid-1
---ebpf-pid----2029----pid-2029
---ebpf-pid----379067----pid-379067
---ebpf-pid----2029----pid-1
---ebpf-pid----2029----pid-2029
---ebpf-pid----2029----pid-1
---ebpf-pid----2029----pid-2029
---ebpf-pid----2029----pid-1
---ebpf-pid----2029----pid-2029
---ebpf-pid----2029----pid-1
---ebpf-pid----2029----pid-2029
---ebpf-pid----379067----pid-5476
---ebpf-pid----2029----pid-1
---ebpf-pid----379067----pid-1
---ebpf-pid----406334----pid-406334
---ebpf-pid----379067----pid-379067
---ebpf-pid----406334----pid-3323
---ebpf-pid----379067----pid-5476
---ebpf-pid----406334----pid-1
---ebpf-pid----379067----pid-1
---ebpf-pid----406334----pid-406334
---ebpf-pid----379067----pid-379067
---ebpf-pid----406334----pid-3323
---ebpf-pid----379067----pid-5476
---ebpf-pid----406334----pid-1
---ebpf-pid----379067----pid-1
---ebpf-pid----406334----pid-406334
---ebpf-pid----379067----pid-379067
---ebpf-pid----406334----pid-3323
---ebpf-pid----379067----pid-5476
---ebpf-pid----406334----pid-1
---ebpf-pid----406334----pid-406334
---ebpf-pid----379067----pid-1
---ebpf-pid----379067----pid-379067
---ebpf-pid----406334----pid-3323
---ebpf-pid----379067----pid-5476
---ebpf-pid----379067----pid-1
---ebpf-pid----5108----pid-5108
---ebpf-pid----5108----pid-3323
---ebpf-pid----5108----pid-1
---ebpf-pid----379067----pid-379067
---ebpf-pid----379067----pid-5476
---ebpf-pid----379067----pid-1
---ebpf-pid----379067----pid-379067
---ebpf-pid----379067----pid-5476
---ebpf-pid----379067----pid-1
---ebpf-pid----379067----pid-379067
---ebpf-pid----379067----pid-5476
---ebpf-pid----2089----pid-2089
---ebpf-pid----379067----pid-1
---ebpf-pid----379067----pid-379067
---ebpf-pid----2089----pid-1
---ebpf-pid----2089----pid-2089
---ebpf-pid----379067----pid-5476
---ebpf-pid----2089----pid-1
---ebpf-pid----2089----pid-2089
---ebpf-pid----379067----pid-1
---ebpf-pid----379067----pid-379067
---ebpf-pid----2089----pid-1
---ebpf-pid----2089----pid-2089
---ebpf-pid----379067----pid-5476
---ebpf-pid----2089----pid-1
---ebpf-pid----2089----pid-2089
---ebpf-pid----379067----pid-1
---ebpf-pid----379067----pid-379067
---ebpf-pid----2089----pid-1
---ebpf-pid----2089----pid-2089
---ebpf-pid----379067----pid-5476
---ebpf-pid----2089----pid-1
---ebpf-pid----2089----pid-2089
---ebpf-pid----379067----pid-1
---ebpf-pid----379067----pid-379067
---ebpf-pid----2089----pid-1
---ebpf-pid----2089----pid-2089
---ebpf-pid----2089----pid-1
---ebpf-pid----2089----pid-2089
---ebpf-pid----2089----pid-1
---ebpf-pid----2089----pid-2089
---ebpf-pid----2089----pid-1
---ebpf-pid----2089----pid-2089
---ebpf-pid----2089----pid-1
---ebpf-pid----2089----pid-2089
---ebpf-pid----2089----pid-1
---ebpf-pid----2089----pid-2089
---ebpf-pid----2089----pid-1
---ebpf-pid----2089----pid-2089
---ebpf-pid----2089----pid-1
---ebpf-pid----2089----pid-2089
---ebpf-pid----2089----pid-1
---ebpf-pid----2089----pid-2089
---ebpf-pid----2089----pid-1
---ebpf-pid----379067----pid-5476
---ebpf-pid----2089----pid-2089
---ebpf-pid----379067----pid-1
---ebpf-pid----379067----pid-379067
---ebpf-pid----379067----pid-5476
---ebpf-pid----379067----pid-1
---ebpf-pid----379067----pid-379067
---ebpf-pid----379067----pid-5476
---ebpf-pid----379067----pid-1
---ebpf-pid----379067----pid-379067
---ebpf-pid----379067----pid-5476
---ebpf-pid----379067----pid-1
---ebpf-pid----379067----pid-379067
---ebpf-pid----379067----pid-5476
---ebpf-pid----379067----pid-1
---ebpf-pid----5108----pid-5108
---ebpf-pid----5108----pid-3323
---ebpf-pid----5108----pid-1
---ebpf-pid----5108----pid-5108
---ebpf-pid----5108----pid-3323
---ebpf-pid----2029----pid-1
---ebpf-pid----2029----pid-2029
---ebpf-pid----5108----pid-1
---ebpf-pid----2029----pid-1
---ebpf-pid----5108----pid-5108
---ebpf-pid----2029----pid-2029
---ebpf-pid----5108----pid-3323
---ebpf-pid----2029----pid-1
---ebpf-pid----2029----pid-2029
---ebpf-pid----5108----pid-1
---ebpf-pid----2029----pid-1
---ebpf-pid----379067----pid-379067
---ebpf-pid----2029----pid-2029
---ebpf-pid----379067----pid-5476
---ebpf-pid----2029----pid-1
---ebpf-pid----2029----pid-2029
---ebpf-pid----379067----pid-1
---ebpf-pid----2029----pid-1
---ebpf-pid----379067----pid-379067
---ebpf-pid----379067----pid-5476
---ebpf-pid----379067----pid-1
---ebpf-pid----379067----pid-379067
---ebpf-pid----379067----pid-5476
---ebpf-pid----379067----pid-1
---ebpf-pid----379067----pid-379067
---ebpf-pid----379067----pid-5476
---ebpf-pid----2089----pid-1
---ebpf-pid----379067----pid-1
---ebpf-pid----379067----pid-379067
---ebpf-pid----2089----pid-2089
---ebpf-pid----2089----pid-1
---ebpf-pid----379067----pid-5476
---ebpf-pid----2089----pid-2089
---ebpf-pid----379067----pid-1
---ebpf-pid----2089----pid-1
---ebpf-pid----379067----pid-379067
---ebpf-pid----2089----pid-2089
---ebpf-pid----379067----pid-5476
---ebpf-pid----2089----pid-1
---ebpf-pid----379067----pid-1
---ebpf-pid----2089----pid-2089
---ebpf-pid----379067----pid-379067
---ebpf-pid----2089----pid-1
---ebpf-pid----379067----pid-5476
---ebpf-pid----2089----pid-2089
---ebpf-pid----379067----pid-1
---ebpf-pid----2089----pid-1
---ebpf-pid----2089----pid-2089
---ebpf-pid----379067----pid-379067
---ebpf-pid----2089----pid-1
---ebpf-pid----2089----pid-2089
---ebpf-pid----379067----pid-5476
---ebpf-pid----2089----pid-1
---ebpf-pid----379067----pid-1
---ebpf-pid----2089----pid-2089
---ebpf-pid----379067----pid-379067
---ebpf-pid----2089----pid-1
---ebpf-pid----379067----pid-5476
---ebpf-pid----2089----pid-2089
---ebpf-pid----2089----pid-1
---ebpf-pid----379067----pid-1
---ebpf-pid----2089----pid-2089
---ebpf-pid----379067----pid-379067
---ebpf-pid----2089----pid-1
---ebpf-pid----379067----pid-5476
---ebpf-pid----2089----pid-2089
---ebpf-pid----379067----pid-1
---ebpf-pid----379067----pid-379067
---ebpf-pid----2089----pid-1
---ebpf-pid----2089----pid-2089
---ebpf-pid----379067----pid-5476
---ebpf-pid----2089----pid-1
---ebpf-pid----2089----pid-2089
---ebpf-pid----379067----pid-1
---ebpf-pid----2089----pid-1
---ebpf-pid----379067----pid-379067
---ebpf-pid----2089----pid-2089
---ebpf-pid----379067----pid-5476
---ebpf-pid----2089----pid-1
---ebpf-pid----2089----pid-2089
---ebpf-pid----2089----pid-1
---ebpf-pid----379067----pid-1
---ebpf-pid----2089----pid-2089
---ebpf-pid----379067----pid-379067
---ebpf-pid----2089----pid-1
---ebpf-pid----379067----pid-5476
---ebpf-pid----2089----pid-2089
---ebpf-pid----2089----pid-1
---ebpf-pid----379067----pid-1
---ebpf-pid----2089----pid-2089
---ebpf-pid----379067----pid-379067
---ebpf-pid----2089----pid-1
---ebpf-pid----2089----pid-2089
---ebpf-pid----406334----pid-1
---ebpf-pid----379067----pid-5476
---ebpf-pid----379067----pid-1
---ebpf-pid----379067----pid-379067
---ebpf-pid----379067----pid-5476
---ebpf-pid----379067----pid-1
---ebpf-pid----379067----pid-379067
---ebpf-pid----379067----pid-5476
---ebpf-pid----2029----pid-2029
---ebpf-pid----379067----pid-1
---ebpf-pid----379067----pid-379067
---ebpf-pid----2029----pid-1
---ebpf-pid----2029----pid-2029
---ebpf-pid----379067----pid-5476
---ebpf-pid----2029----pid-1
---ebpf-pid----2029----pid-2029
---ebpf-pid----379067----pid-1
---ebpf-pid----2029----pid-1
---ebpf-pid----2029----pid-2029
---ebpf-pid----2029----pid-1
---ebpf-pid----2029----pid-2029
---ebpf-pid----2029----pid-1
---ebpf-pid----2029----pid-2029
---ebpf-pid----2029----pid-1
---ebpf-pid----2029----pid-2029
---ebpf-pid----2029----pid-1
---ebpf-pid----2029----pid-2029
---ebpf-pid----2029----pid-1
---ebpf-pid----2029----pid-2029
---ebpf-pid----2029----pid-1
---ebpf-pid----2029----pid-2029
---ebpf-pid----2029----pid-1
---ebpf-pid----2029----pid-2029
---ebpf-pid----2029----pid-1
---ebpf-pid----2029----pid-2029
---ebpf-pid----2029----pid-1
---ebpf-pid----2029----pid-2029
---ebpf-pid----2029----pid-1
---ebpf-pid----2029----pid-2029
---ebpf-pid----2029----pid-1
---ebpf-pid----2029----pid-2029
---ebpf-pid----2029----pid-1
---ebpf-pid----2029----pid-2029
---ebpf-pid----2029----pid-1
---ebpf-pid----2029----pid-2029
---ebpf-pid----379067----pid-379067
---ebpf-pid----379067----pid-5476
---ebpf-pid----379067----pid-1
---ebpf-pid----379067----pid-379067
---ebpf-pid----379067----pid-5476
---ebpf-pid----379067----pid-1
---ebpf-pid----379067----pid-379067
---ebpf-pid----379067----pid-5476
---ebpf-pid----379067----pid-1
---ebpf-pid----379067----pid-379067
---ebpf-pid----379067----pid-5476
---ebpf-pid----379067----pid-1
---ebpf-pid----379067----pid-379067
---ebpf-pid----379067----pid-5476
---ebpf-pid----379067----pid-1
---ebpf-pid----379067----pid-379067
---ebpf-pid----379067----pid-5476
---ebpf-pid----379067----pid-1
---ebpf-pid----379067----pid-379067
---ebpf-pid----379067----pid-5476
---ebpf-pid----379067----pid-1
---ebpf-pid----379067----pid-379067
---ebpf-pid----379067----pid-5476
---ebpf-pid----379067----pid-1
---ebpf-pid----379067----pid-379067
---ebpf-pid----379067----pid-5476
---ebpf-pid----379067----pid-1
---ebpf-pid----379067----pid-379067
---ebpf-pid----379067----pid-5476
---ebpf-pid----379067----pid-1
---ebpf-pid----379067----pid-379067
---ebpf-pid----379067----pid-5476
---ebpf-pid----379067----pid-1
---ebpf-pid----379067----pid-379067
---ebpf-pid----379067----pid-5476
---ebpf-pid----379067----pid-1
---ebpf-pid----2029----pid-1
---ebpf-pid----2029----pid-2029
---ebpf-pid----2029----pid-1
---ebpf-pid----2089----pid-1
---ebpf-pid----2029----pid-2029
---ebpf-pid----2089----pid-2089
---ebpf-pid----2029----pid-1
---ebpf-pid----2089----pid-1
---ebpf-pid----2029----pid-2029
---ebpf-pid----2089----pid-2089
---ebpf-pid----2089----pid-1
---ebpf-pid----2029----pid-1
---ebpf-pid----2089----pid-2089
---ebpf-pid----2029----pid-2029
---ebpf-pid----2089----pid-1
---ebpf-pid----379067----pid-379067
---ebpf-pid----2029----pid-1
---ebpf-pid----2089----pid-2089
---ebpf-pid----379067----pid-5476
---ebpf-pid----2089----pid-1
---ebpf-pid----2089----pid-2089
---ebpf-pid----379067----pid-1
---ebpf-pid----5108----pid-5108
---ebpf-pid----2089----pid-1
---ebpf-pid----2089----pid-2089
---ebpf-pid----5108----pid-3323
---ebpf-pid----2089----pid-1
---ebpf-pid----5108----pid-1
---ebpf-pid----2089----pid-2089
---ebpf-pid----5707----pid-5707
---ebpf-pid----2089----pid-1
---ebpf-pid----5707----pid-5476
---ebpf-pid----2089----pid-2089
---ebpf-pid----5707----pid-1
---ebpf-pid----2089----pid-1
---ebpf-pid----5707----pid-5707
---ebpf-pid----2089----pid-2089
---ebpf-pid----5707----pid-5476
---ebpf-pid----2089----pid-1
---ebpf-pid----2089----pid-2089
---ebpf-pid----5707----pid-1
---ebpf-pid----5707----pid-5707
---ebpf-pid----2089----pid-1
---ebpf-pid----406334----pid-406334
---ebpf-pid----5707----pid-5476
---ebpf-pid----406334----pid-3323
---ebpf-pid----5707----pid-1
---ebpf-pid----5707----pid-5707
---ebpf-pid----406334----pid-1
---ebpf-pid----406334----pid-406334
---ebpf-pid----5707----pid-5476
---ebpf-pid----406334----pid-3323
---ebpf-pid----5707----pid-1
---ebpf-pid----5707----pid-5707
---ebpf-pid----406334----pid-1
---ebpf-pid----406334----pid-406334
---ebpf-pid----5707----pid-5476
---ebpf-pid----406334----pid-3323
---ebpf-pid----5707----pid-1
---ebpf-pid----406334----pid-1
---ebpf-pid----5707----pid-5707
---ebpf-pid----372881----pid-372881
---ebpf-pid----372881----pid-1
---ebpf-pid----5707----pid-5476
---ebpf-pid----372881----pid-372881
---ebpf-pid----372881----pid-1
---ebpf-pid----2029----pid-2029
---ebpf-pid----372881----pid-372881
---ebpf-pid----2029----pid-1
---ebpf-pid----5707----pid-1
---ebpf-pid----372881----pid-1
---ebpf-pid----2029----pid-2029
---ebpf-pid----5707----pid-5707
---ebpf-pid----372881----pid-372881
---ebpf-pid----2029----pid-1
---ebpf-pid----5707----pid-5476
---ebpf-pid----372881----pid-1
---ebpf-pid----2029----pid-2029
---ebpf-pid----372881----pid-372881
---ebpf-pid----5707----pid-1
---ebpf-pid----2029----pid-1
---ebpf-pid----5707----pid-5707
---ebpf-pid----372881----pid-1
---ebpf-pid----2029----pid-2029
---ebpf-pid----372881----pid-372881
---ebpf-pid----5707----pid-5476
---ebpf-pid----2029----pid-1
---ebpf-pid----372881----pid-1
---ebpf-pid----2029----pid-2029
---ebpf-pid----5707----pid-1
---ebpf-pid----372881----pid-372881
---ebpf-pid----5707----pid-5707
---ebpf-pid----2029----pid-1
---ebpf-pid----372881----pid-1
---ebpf-pid----2029----pid-2029
---ebpf-pid----5707----pid-5476
---ebpf-pid----372881----pid-372881
---ebpf-pid----2029----pid-1
---ebpf-pid----5707----pid-1
---ebpf-pid----372881----pid-1
---ebpf-pid----2029----pid-2029
---ebpf-pid----5707----pid-5707
---ebpf-pid----372881----pid-372881
---ebpf-pid----2029----pid-1
---ebpf-pid----5707----pid-5476
---ebpf-pid----2029----pid-2029
---ebpf-pid----5707----pid-1
---ebpf-pid----2089----pid-2089
---ebpf-pid----2029----pid-1
---ebpf-pid----5707----pid-5707
---ebpf-pid----2029----pid-2029
---ebpf-pid----2089----pid-1
---ebpf-pid----5707----pid-5476
---ebpf-pid----2029----pid-1
---ebpf-pid----2089----pid-2089
---ebpf-pid----2029----pid-2029
---ebpf-pid----5707----pid-1
---ebpf-pid----2089----pid-1
---ebpf-pid----5707----pid-5707
---ebpf-pid----2029----pid-1
---ebpf-pid----2089----pid-2089
---ebpf-pid----2029----pid-2029
---ebpf-pid----5707----pid-5476
---ebpf-pid----2089----pid-1
---ebpf-pid----2029----pid-1
---ebpf-pid----2089----pid-2089
---ebpf-pid----2029----pid-2029
---ebpf-pid----5707----pid-1
---ebpf-pid----5707----pid-5707
---ebpf-pid----2089----pid-1
---ebpf-pid----2029----pid-1
---ebpf-pid----2089----pid-2089
---ebpf-pid----2029----pid-2029
---ebpf-pid----2029----pid-1
---ebpf-pid----2029----pid-2029
---ebpf-pid----5707----pid-5476
---ebpf-pid----2029----pid-1
---ebpf-pid----2029----pid-2029
---ebpf-pid----5707----pid-1
---ebpf-pid----5707----pid-5707
---ebpf-pid----2029----pid-1
---ebpf-pid----5707----pid-5476
---ebpf-pid----2029----pid-2029
---ebpf-pid----5707----pid-1
---ebpf-pid----2029----pid-1
---ebpf-pid----5707----pid-5707
---ebpf-pid----2029----pid-2029
---ebpf-pid----5707----pid-5476
---ebpf-pid----2029----pid-1
---ebpf-pid----2029----pid-2029
---ebpf-pid----5707----pid-1
---ebpf-pid----2029----pid-1
---ebpf-pid----5707----pid-5707
---ebpf-pid----2029----pid-2029
---ebpf-pid----372881----pid-1
---ebpf-pid----372881----pid-372881
---ebpf-pid----5707----pid-5476
---ebpf-pid----2029----pid-1
---ebpf-pid----2029----pid-2029
---ebpf-pid----372881----pid-1
---ebpf-pid----5707----pid-1
---ebpf-pid----372881----pid-372881
---ebpf-pid----5707----pid-5707
---ebpf-pid----2029----pid-1
---ebpf-pid----2029----pid-2029
---ebpf-pid----5707----pid-5476
---ebpf-pid----2029----pid-1
---ebpf-pid----2029----pid-2029
---ebpf-pid----5707----pid-1
---ebpf-pid----5707----pid-5707
---ebpf-pid----372881----pid-1
---ebpf-pid----372881----pid-372881
---ebpf-pid----372881----pid-1
---ebpf-pid----372881----pid-372881
---ebpf-pid----372881----pid-1
---ebpf-pid----372881----pid-372881
---ebpf-pid----2089----pid-1
---ebpf-pid----372881----pid-1
---ebpf-pid----2089----pid-2089
---ebpf-pid----372881----pid-372881
---ebpf-pid----2089----pid-1
---ebpf-pid----372881----pid-1
---ebpf-pid----2089----pid-2089
---ebpf-pid----372881----pid-372881
---ebpf-pid----2089----pid-1
---ebpf-pid----2089----pid-2089
---ebpf-pid----372881----pid-1
---ebpf-pid----372881----pid-372881
---ebpf-pid----2089----pid-1
---ebpf-pid----2089----pid-2089
---ebpf-pid----372881----pid-1
---ebpf-pid----372881----pid-372881
---ebpf-pid----2089----pid-1
---ebpf-pid----372881----pid-1
---ebpf-pid----2089----pid-2089
---ebpf-pid----372881----pid-372881
---ebpf-pid----2089----pid-1
---ebpf-pid----2089----pid-2089
---ebpf-pid----372881----pid-1
---ebpf-pid----372881----pid-372881
---ebpf-pid----2089----pid-1
---ebpf-pid----2089----pid-2089
---ebpf-pid----372881----pid-1
---ebpf-pid----2089----pid-1
---ebpf-pid----372881----pid-372881
---ebpf-pid----2089----pid-2089
---ebpf-pid----372881----pid-1
---ebpf-pid----2089----pid-1
---ebpf-pid----2089----pid-2089
---ebpf-pid----372881----pid-372881
---ebpf-pid----2089----pid-1
---ebpf-pid----372881----pid-1
---ebpf-pid----2089----pid-2089
---ebpf-pid----372881----pid-372881
---ebpf-pid----2089----pid-1
---ebpf-pid----2089----pid-2089
---ebpf-pid----372881----pid-1
---ebpf-pid----372881----pid-372881
---ebpf-pid----2089----pid-1
---ebpf-pid----2089----pid-2089
---ebpf-pid----372881----pid-1
---ebpf-pid----372881----pid-372881
---ebpf-pid----2089----pid-1
---ebpf-pid----2089----pid-2089
---ebpf-pid----372881----pid-1
---ebpf-pid----372881----pid-372881
---ebpf-pid----2089----pid-1
---ebpf-pid----2089----pid-2089
---ebpf-pid----372881----pid-1
---ebpf-pid----372881----pid-372881
---ebpf-pid----2089----pid-1
---ebpf-pid----2089----pid-2089
---ebpf-pid----372881----pid-1
---ebpf-pid----2089----pid-1
---ebpf-pid----372881----pid-372881
---ebpf-pid----2089----pid-2089
---ebpf-pid----2089----pid-1
---ebpf-pid----372881----pid-1
---ebpf-pid----2089----pid-2089
---ebpf-pid----372881----pid-372881
---ebpf-pid----2089----pid-1
---ebpf-pid----372881----pid-1
---ebpf-pid----2089----pid-2089
---ebpf-pid----372881----pid-372881
---ebpf-pid----2089----pid-1
---ebpf-pid----2089----pid-2089
---ebpf-pid----372881----pid-1
---ebpf-pid----372881----pid-372881
---ebpf-pid----2089----pid-1
---ebpf-pid----2089----pid-2089
---ebpf-pid----372881----pid-1
---ebpf-pid----372881----pid-372881
---ebpf-pid----2089----pid-1
---ebpf-pid----2089----pid-2089
---ebpf-pid----372881----pid-1
---ebpf-pid----372881----pid-372881
---ebpf-pid----372881----pid-1
---ebpf-pid----372881----pid-372881
---ebpf-pid----372881----pid-1
---ebpf-pid----372881----pid-372881
---ebpf-pid----372881----pid-1
---ebpf-pid----372881----pid-372881
---ebpf-pid----372881----pid-1
---ebpf-pid----372881----pid-372881
---ebpf-pid----372881----pid-1
---ebpf-pid----372881----pid-372881
---ebpf-pid----372881----pid-1
---ebpf-pid----372881----pid-372881
---ebpf-pid----372881----pid-1
---ebpf-pid----372881----pid-372881
---ebpf-pid----372881----pid-1
---ebpf-pid----372881----pid-372881
---ebpf-pid----372881----pid-1
---ebpf-pid----372881----pid-372881
---ebpf-pid----372881----pid-1
---ebpf-pid----372881----pid-372881
---ebpf-pid----372881----pid-1
---ebpf-pid----2089----pid-1
---ebpf-pid----372881----pid-372881
---ebpf-pid----2089----pid-2089
---ebpf-pid----2029----pid-1
---ebpf-pid----2089----pid-1
---ebpf-pid----2029----pid-2029
---ebpf-pid----2029----pid-1
---ebpf-pid----5707----pid-5476
---ebpf-pid----2029----pid-2029
---ebpf-pid----5707----pid-1
---ebpf-pid----5707----pid-5707
---ebpf-pid----2029----pid-1
---ebpf-pid----2029----pid-2029
---ebpf-pid----5707----pid-5476
---ebpf-pid----2089----pid-2089
---ebpf-pid----2089----pid-1
---ebpf-pid----2089----pid-2089
---ebpf-pid----2089----pid-1
---ebpf-pid----2089----pid-2089
---ebpf-pid----2089----pid-1
---ebpf-pid----2089----pid-2089
---ebpf-pid----5707----pid-1
---ebpf-pid----5707----pid-5707
---ebpf-pid----2089----pid-1
---ebpf-pid----2089----pid-2089
---ebpf-pid----5707----pid-5476
---ebpf-pid----2089----pid-1
---ebpf-pid----5707----pid-1
---ebpf-pid----2089----pid-2089
---ebpf-pid----5707----pid-5707
---ebpf-pid----2089----pid-1
---ebpf-pid----2089----pid-2089
---ebpf-pid----5707----pid-5476
---ebpf-pid----372881----pid-1
---ebpf-pid----5707----pid-1
---ebpf-pid----2089----pid-1
---ebpf-pid----372881----pid-372881
---ebpf-pid----5707----pid-5707
---ebpf-pid----2089----pid-2089
---ebpf-pid----5707----pid-5476
---ebpf-pid----372881----pid-1
---ebpf-pid----2089----pid-1
---ebpf-pid----372881----pid-372881
---ebpf-pid----2089----pid-2089
---ebpf-pid----5707----pid-1
---ebpf-pid----5707----pid-5707
---ebpf-pid----372881----pid-1
---ebpf-pid----2089----pid-1
---ebpf-pid----372881----pid-372881
---ebpf-pid----5707----pid-5476
---ebpf-pid----2089----pid-2089
---ebpf-pid----5707----pid-1
---ebpf-pid----372881----pid-1
---ebpf-pid----2089----pid-1
---ebpf-pid----372881----pid-372881
---ebpf-pid----5707----pid-5707
---ebpf-pid----2089----pid-2089
---ebpf-pid----5707----pid-5476
---ebpf-pid----2089----pid-1
---ebpf-pid----372881----pid-1
---ebpf-pid----2089----pid-2089
---ebpf-pid----372881----pid-372881
---ebpf-pid----5707----pid-1
---ebpf-pid----5707----pid-5707
---ebpf-pid----2089----pid-1
---ebpf-pid----372881----pid-1
---ebpf-pid----2089----pid-2089
---ebpf-pid----372881----pid-372881
---ebpf-pid----5707----pid-5476
---ebpf-pid----2089----pid-1
---ebpf-pid----5707----pid-1
---ebpf-pid----372881----pid-1
---ebpf-pid----2089----pid-2089
---ebpf-pid----5707----pid-5707
---ebpf-pid----372881----pid-372881
---ebpf-pid----2089----pid-1
---ebpf-pid----5707----pid-5476
---ebpf-pid----372881----pid-1
---ebpf-pid----2089----pid-2089
---ebpf-pid----372881----pid-372881
---ebpf-pid----5707----pid-1
---ebpf-pid----5707----pid-5707
---ebpf-pid----2089----pid-1
---ebpf-pid----372881----pid-1
---ebpf-pid----2089----pid-2089
---ebpf-pid----5707----pid-5476
---ebpf-pid----372881----pid-372881
---ebpf-pid----2089----pid-1
---ebpf-pid----5707----pid-1
---ebpf-pid----372881----pid-1
---ebpf-pid----2089----pid-2089
---ebpf-pid----5707----pid-5707
---ebpf-pid----372881----pid-372881
---ebpf-pid----5707----pid-5476
---ebpf-pid----2089----pid-1
---ebpf-pid----372881----pid-1
---ebpf-pid----2089----pid-2089
---ebpf-pid----372881----pid-372881
---ebpf-pid----5707----pid-1
---ebpf-pid----2089----pid-1
---ebpf-pid----5707----pid-5707
---ebpf-pid----2089----pid-2089
---ebpf-pid----372881----pid-1
---ebpf-pid----5707----pid-5476
---ebpf-pid----372881----pid-372881
---ebpf-pid----2089----pid-1
---ebpf-pid----2089----pid-2089
---ebpf-pid----5707----pid-1
---ebpf-pid----372881----pid-1
---ebpf-pid----6671----pid-6671
---ebpf-pid----372881----pid-372881
---ebpf-pid----2089----pid-1
---ebpf-pid----6671----pid-5476
---ebpf-pid----2089----pid-2089
---ebpf-pid----372881----pid-1
---ebpf-pid----6671----pid-1
---ebpf-pid----372881----pid-372881
---ebpf-pid----2089----pid-1
---ebpf-pid----5707----pid-5707
---ebpf-pid----2089----pid-2089
---ebpf-pid----372881----pid-1
---ebpf-pid----5707----pid-5476
---ebpf-pid----372881----pid-372881
---ebpf-pid----2089----pid-1
---ebpf-pid----2089----pid-2089
---ebpf-pid----5707----pid-1
---ebpf-pid----372881----pid-1
---ebpf-pid----5707----pid-5707
---ebpf-pid----372881----pid-372881
---ebpf-pid----2089----pid-1
---ebpf-pid----2089----pid-2089
---ebpf-pid----5707----pid-5476
---ebpf-pid----372881----pid-1
---ebpf-pid----2089----pid-1
---ebpf-pid----372881----pid-372881
---ebpf-pid----5707----pid-1
---ebpf-pid----2089----pid-2089
---ebpf-pid----5707----pid-5707
---ebpf-pid----372881----pid-1
---ebpf-pid----372881----pid-372881
---ebpf-pid----2089----pid-1
---ebpf-pid----5707----pid-5476
---ebpf-pid----2089----pid-2089
---ebpf-pid----372881----pid-1
---ebpf-pid----2089----pid-1
---ebpf-pid----2089----pid-2089
---ebpf-pid----2089----pid-1
---ebpf-pid----2089----pid-2089
---ebpf-pid----2029----pid-1
---ebpf-pid----2029----pid-2029
---ebpf-pid----2089----pid-1
---ebpf-pid----2089----pid-2089
---ebpf-pid----2029----pid-1
---ebpf-pid----2089----pid-1
---ebpf-pid----2029----pid-2029
---ebpf-pid----2089----pid-2089
---ebpf-pid----2029----pid-1
---ebpf-pid----2089----pid-1
---ebpf-pid----2029----pid-2029
---ebpf-pid----2089----pid-2089
---ebpf-pid----2089----pid-1
---ebpf-pid----2089----pid-2089
---ebpf-pid----2029----pid-1
---ebpf-pid----2029----pid-2029
---ebpf-pid----2089----pid-1
---ebpf-pid----2089----pid-2089
---ebpf-pid----2029----pid-1
---ebpf-pid----2089----pid-1
---ebpf-pid----2029----pid-2029
---ebpf-pid----2089----pid-2089
---ebpf-pid----2029----pid-1
---ebpf-pid----2089----pid-1
---ebpf-pid----2029----pid-2029
---ebpf-pid----2089----pid-2089
---ebpf-pid----2089----pid-1
---ebpf-pid----2029----pid-1
---ebpf-pid----2089----pid-2089
---ebpf-pid----2029----pid-2029
---ebpf-pid----2089----pid-1
---ebpf-pid----2029----pid-1
---ebpf-pid----2089----pid-2089
---ebpf-pid----2029----pid-2029
---ebpf-pid----2089----pid-1
---ebpf-pid----2089----pid-2089
---ebpf-pid----2029----pid-1
---ebpf-pid----2029----pid-2029
---ebpf-pid----2089----pid-1
---ebpf-pid----2089----pid-2089
---ebpf-pid----2029----pid-1
---ebpf-pid----2029----pid-2029
---ebpf-pid----2089----pid-1
---ebpf-pid----2089----pid-2089
---ebpf-pid----2029----pid-1
---ebpf-pid----2089----pid-1
---ebpf-pid----2029----pid-2029
---ebpf-pid----2089----pid-2089
---ebpf-pid----2029----pid-1
---ebpf-pid----2089----pid-1
---ebpf-pid----2029----pid-2029
---ebpf-pid----2089----pid-2089
---ebpf-pid----2089----pid-1
---ebpf-pid----2029----pid-1
---ebpf-pid----2089----pid-2089
---ebpf-pid----2029----pid-2029
---ebpf-pid----2089----pid-1
---ebpf-pid----2089----pid-2089
---ebpf-pid----2029----pid-1
---ebpf-pid----2029----pid-2029
---ebpf-pid----2089----pid-1
---ebpf-pid----2089----pid-2089
---ebpf-pid----2029----pid-1
---ebpf-pid----2029----pid-2029
---ebpf-pid----2089----pid-1
---ebpf-pid----2089----pid-2089
---ebpf-pid----2029----pid-1
---ebpf-pid----2089----pid-1
---ebpf-pid----2089----pid-2089
---ebpf-pid----2029----pid-2029
---ebpf-pid----2089----pid-1
---ebpf-pid----2089----pid-2089
---ebpf-pid----2089----pid-1
---ebpf-pid----2089----pid-2089
---ebpf-pid----2089----pid-1
---ebpf-pid----2089----pid-2089
---ebpf-pid----2089----pid-1
---ebpf-pid----2089----pid-2089
---ebpf-pid----2089----pid-1
---ebpf-pid----2089----pid-2089
---ebpf-pid----2089----pid-1
---ebpf-pid----2089----pid-2089
---ebpf-pid----2089----pid-1
---ebpf-pid----2089----pid-2089
---ebpf-pid----2089----pid-1
---ebpf-pid----2089----pid-2089
---ebpf-pid----2089----pid-1
---ebpf-pid----2089----pid-2089
---ebpf-pid----2089----pid-1
---ebpf-pid----5707----pid-1
---ebpf-pid----2094----pid-2094
---ebpf-pid----5707----pid-5707
---ebpf-pid----2094----pid-1
---ebpf-pid----2094----pid-2094
---ebpf-pid----5707----pid-5476
---ebpf-pid----2094----pid-1
---ebpf-pid----2094----pid-2094
---ebpf-pid----5707----pid-1
---ebpf-pid----5707----pid-5707
---ebpf-pid----2094----pid-1
---ebpf-pid----2094----pid-2094
---ebpf-pid----5707----pid-5476
---ebpf-pid----2094----pid-1
---ebpf-pid----2029----pid-2029
---ebpf-pid----5707----pid-1
---ebpf-pid----5707----pid-5707
---ebpf-pid----2029----pid-1
---ebpf-pid----2029----pid-2029
---ebpf-pid----5707----pid-5476
---ebpf-pid----2029----pid-1
---ebpf-pid----2029----pid-2029
---ebpf-pid----5707----pid-1
---ebpf-pid----5108----pid-5108
---ebpf-pid----2029----pid-1
---ebpf-pid----372714----pid-372714
---ebpf-pid----5108----pid-3323
---ebpf-pid----372714----pid-5476
---ebpf-pid----372714----pid-1
---ebpf-pid----5108----pid-1
---ebpf-pid----372714----pid-372714
---ebpf-pid----5108----pid-5108
---ebpf-pid----372714----pid-5476
---ebpf-pid----5108----pid-3323
---ebpf-pid----372714----pid-1
---ebpf-pid----5108----pid-1
---ebpf-pid----372714----pid-372714
---ebpf-pid----5108----pid-5108
---ebpf-pid----372714----pid-5476
---ebpf-pid----5108----pid-3323
---ebpf-pid----372714----pid-1
---ebpf-pid----372714----pid-372714
---ebpf-pid----5108----pid-1
---ebpf-pid----372714----pid-5476
---ebpf-pid----372714----pid-1
---ebpf-pid----372714----pid-372714
---ebpf-pid----372714----pid-5476
---ebpf-pid----372714----pid-1
---ebpf-pid----372714----pid-372714
---ebpf-pid----372714----pid-5476
---ebpf-pid----372714----pid-1
---ebpf-pid----372714----pid-372714
---ebpf-pid----372714----pid-5476
---ebpf-pid----372714----pid-1
---ebpf-pid----372714----pid-372714
---ebpf-pid----372714----pid-5476
---ebpf-pid----372714----pid-1
---ebpf-pid----372714----pid-372714
---ebpf-pid----372714----pid-5476
---ebpf-pid----372714----pid-1
---ebpf-pid----372714----pid-372714
---ebpf-pid----372714----pid-5476
---ebpf-pid----372714----pid-1
---ebpf-pid----372714----pid-372714
---ebpf-pid----372714----pid-5476
---ebpf-pid----372714----pid-1
---ebpf-pid----372714----pid-372714
---ebpf-pid----2029----pid-1
---ebpf-pid----2029----pid-2029
---ebpf-pid----2029----pid-1
---ebpf-pid----5108----pid-5108
---ebpf-pid----2029----pid-2029
---ebpf-pid----5108----pid-3323
---ebpf-pid----2029----pid-1
---ebpf-pid----2029----pid-2029
---ebpf-pid----5108----pid-1
---ebpf-pid----2029----pid-1
---ebpf-pid----5108----pid-5108
---ebpf-pid----2029----pid-2029
---ebpf-pid----5108----pid-3323
---ebpf-pid----2029----pid-1
---ebpf-pid----2029----pid-2029
---ebpf-pid----372881----pid-372881
---ebpf-pid----5108----pid-1
---ebpf-pid----5108----pid-5108
---ebpf-pid----2029----pid-1
---ebpf-pid----372881----pid-1
---ebpf-pid----2029----pid-2029
---ebpf-pid----372881----pid-372881
---ebpf-pid----5108----pid-3323
---ebpf-pid----2029----pid-1
---ebpf-pid----5108----pid-1
---ebpf-pid----372881----pid-1
---ebpf-pid----2029----pid-2029
---ebpf-pid----5108----pid-5108
---ebpf-pid----372881----pid-372881
---ebpf-pid----2029----pid-1
---ebpf-pid----372881----pid-1
---ebpf-pid----2029----pid-2029
---ebpf-pid----5108----pid-3323
---ebpf-pid----372881----pid-372881
---ebpf-pid----2029----pid-1
---ebpf-pid----5108----pid-1
---ebpf-pid----372881----pid-1
---ebpf-pid----2029----pid-2029
---ebpf-pid----5108----pid-5108
---ebpf-pid----372881----pid-372881
---ebpf-pid----5108----pid-3323
---ebpf-pid----2029----pid-1
---ebpf-pid----372881----pid-1
---ebpf-pid----2029----pid-2029
---ebpf-pid----372881----pid-372881
---ebpf-pid----5108----pid-1
---ebpf-pid----5108----pid-5108
---ebpf-pid----2029----pid-1
---ebpf-pid----372881----pid-1
---ebpf-pid----2029----pid-2029
---ebpf-pid----2088----pid-2088
---ebpf-pid----5108----pid-3323
---ebpf-pid----2029----pid-1
---ebpf-pid----2088----pid-1
---ebpf-pid----5108----pid-1
---ebpf-pid----2029----pid-2029
---ebpf-pid----2088----pid-2088
---ebpf-pid----5705----pid-5705
---ebpf-pid----2029----pid-1
---ebpf-pid----2088----pid-1
---ebpf-pid----5705----pid-5476
---ebpf-pid----2029----pid-2029
---ebpf-pid----2088----pid-2088
---ebpf-pid----5705----pid-1
---ebpf-pid----2029----pid-1
---ebpf-pid----5705----pid-5705
---ebpf-pid----2029----pid-2029
---ebpf-pid----2029----pid-1
---ebpf-pid----5705----pid-5476
---ebpf-pid----2029----pid-2029
---ebpf-pid----372714----pid-5476
---ebpf-pid----5705----pid-1
---ebpf-pid----2029----pid-1
---ebpf-pid----5705----pid-5705
---ebpf-pid----2029----pid-2029
---ebpf-pid----372714----pid-1
---ebpf-pid----5705----pid-5476
---ebpf-pid----372714----pid-372714
---ebpf-pid----2029----pid-1
---ebpf-pid----2029----pid-2029
---ebpf-pid----5705----pid-1
---ebpf-pid----372714----pid-5476
---ebpf-pid----5705----pid-5705
---ebpf-pid----2029----pid-1
---ebpf-pid----372714----pid-1
---ebpf-pid----2029----pid-2029
---ebpf-pid----5705----pid-5476
---ebpf-pid----372714----pid-372714
---ebpf-pid----2029----pid-1
---ebpf-pid----5705----pid-1
---ebpf-pid----372714----pid-5476
---ebpf-pid----5705----pid-5705
---ebpf-pid----2029----pid-2029
---ebpf-pid----372714----pid-1
---ebpf-pid----5705----pid-5476
---ebpf-pid----2029----pid-1
---ebpf-pid----372714----pid-372714
---ebpf-pid----2029----pid-2029
---ebpf-pid----5705----pid-1
---ebpf-pid----372714----pid-5476
---ebpf-pid----5705----pid-5705
---ebpf-pid----2029----pid-1
---ebpf-pid----2029----pid-2029
---ebpf-pid----5705----pid-5476
---ebpf-pid----372714----pid-1
---ebpf-pid----372714----pid-372714
---ebpf-pid----372714----pid-5476
---ebpf-pid----5705----pid-1
---ebpf-pid----5705----pid-5705
---ebpf-pid----5705----pid-5476
---ebpf-pid----5705----pid-1
---ebpf-pid----5705----pid-5705
---ebpf-pid----5705----pid-5476
---ebpf-pid----5705----pid-1
---ebpf-pid----5705----pid-5705
---ebpf-pid----5705----pid-5476
---ebpf-pid----5705----pid-1
---ebpf-pid----2094----pid-2094
---ebpf-pid----2094----pid-1
---ebpf-pid----2094----pid-2094
---ebpf-pid----2094----pid-1
---ebpf-pid----2088----pid-1
---ebpf-pid----372881----pid-372881
---ebpf-pid----2088----pid-2088
---ebpf-pid----372881----pid-1
---ebpf-pid----2088----pid-1
---ebpf-pid----2088----pid-2088
---ebpf-pid----372881----pid-372881
---ebpf-pid----2088----pid-1
---ebpf-pid----2088----pid-2088
---ebpf-pid----372881----pid-1
---ebpf-pid----372881----pid-372881
---ebpf-pid----2088----pid-1
---ebpf-pid----2088----pid-2088
---ebpf-pid----372881----pid-1
---ebpf-pid----5707----pid-5707
---ebpf-pid----2088----pid-1
---ebpf-pid----2088----pid-2088
---ebpf-pid----5707----pid-5476
---ebpf-pid----2088----pid-1
---ebpf-pid----2088----pid-2088
---ebpf-pid----5707----pid-1
---ebpf-pid----2088----pid-1
---ebpf-pid----5707----pid-5707
---ebpf-pid----2088----pid-2088
---ebpf-pid----5707----pid-5476
---ebpf-pid----2088----pid-1
---ebpf-pid----2088----pid-2088
---ebpf-pid----5707----pid-1
---ebpf-pid----2088----pid-1
---ebpf-pid----5707----pid-5707
---ebpf-pid----2088----pid-2088
---ebpf-pid----5707----pid-5476
---ebpf-pid----2088----pid-1
---ebpf-pid----2088----pid-2088
---ebpf-pid----5707----pid-1
---ebpf-pid----2088----pid-1
---ebpf-pid----448784----pid-448784
---ebpf-pid----2088----pid-2088
---ebpf-pid----2088----pid-1
---ebpf-pid----448784----pid-448520
---ebpf-pid----2088----pid-2088
---ebpf-pid----448784----pid-1
---ebpf-pid----2088----pid-1
---ebpf-pid----6671----pid-6671
---ebpf-pid----2088----pid-2088
---ebpf-pid----6671----pid-5476
---ebpf-pid----2088----pid-1
---ebpf-pid----372714----pid-1
---ebpf-pid----2088----pid-2088
---ebpf-pid----372714----pid-372714
---ebpf-pid----6671----pid-1
---ebpf-pid----6671----pid-6671
---ebpf-pid----2088----pid-1
---ebpf-pid----372714----pid-5476
---ebpf-pid----2088----pid-2088
---ebpf-pid----6671----pid-5476
---ebpf-pid----372714----pid-1
---ebpf-pid----2088----pid-1
---ebpf-pid----6671----pid-1
---ebpf-pid----2029----pid-2029
---ebpf-pid----2088----pid-2088
---ebpf-pid----6671----pid-6671
---ebpf-pid----2029----pid-1
---ebpf-pid----2088----pid-1
---ebpf-pid----6671----pid-5476
---ebpf-pid----2088----pid-2088
---ebpf-pid----2029----pid-2029
---ebpf-pid----6671----pid-1
---ebpf-pid----2088----pid-1
---ebpf-pid----6671----pid-6671
---ebpf-pid----2088----pid-2088
---ebpf-pid----2029----pid-1
---ebpf-pid----6671----pid-5476
---ebpf-pid----2029----pid-2029
---ebpf-pid----2088----pid-1
---ebpf-pid----2088----pid-2088
---ebpf-pid----6671----pid-1
---ebpf-pid----2029----pid-1
---ebpf-pid----6671----pid-6671
---ebpf-pid----2029----pid-2029
---ebpf-pid----2088----pid-1
---ebpf-pid----2088----pid-2088
---ebpf-pid----6671----pid-5476
---ebpf-pid----2029----pid-1
---ebpf-pid----2088----pid-1
---ebpf-pid----2029----pid-2029
---ebpf-pid----2088----pid-2088
---ebpf-pid----6671----pid-1
---ebpf-pid----6671----pid-6671
---ebpf-pid----2029----pid-1
---ebpf-pid----2088----pid-1
---ebpf-pid----2029----pid-2029
---ebpf-pid----2088----pid-2088
---ebpf-pid----6671----pid-5476
---ebpf-pid----2029----pid-1
---ebpf-pid----2029----pid-2029
---ebpf-pid----2088----pid-1
---ebpf-pid----6671----pid-1
---ebpf-pid----372881----pid-372881
---ebpf-pid----6671----pid-6671
---ebpf-pid----2029----pid-1
---ebpf-pid----2029----pid-2029
---ebpf-pid----372881----pid-1
---ebpf-pid----6671----pid-5476
---ebpf-pid----372881----pid-372881
---ebpf-pid----2029----pid-1
---ebpf-pid----6671----pid-1
---ebpf-pid----2029----pid-2029
---ebpf-pid----372881----pid-1
---ebpf-pid----2029----pid-1
---ebpf-pid----6671----pid-6671
---ebpf-pid----2029----pid-2029
---ebpf-pid----6671----pid-5476
---ebpf-pid----2029----pid-1
---ebpf-pid----2029----pid-2029
---ebpf-pid----6671----pid-1
---ebpf-pid----6671----pid-6671
---ebpf-pid----2029----pid-1
---ebpf-pid----2029----pid-2029
---ebpf-pid----6671----pid-5476
---ebpf-pid----2029----pid-1
---ebpf-pid----6671----pid-1
---ebpf-pid----2029----pid-2029
---ebpf-pid----448782----pid-448782
---ebpf-pid----2029----pid-1
---ebpf-pid----448782----pid-448520
---ebpf-pid----2029----pid-2029
---ebpf-pid----448782----pid-1
---ebpf-pid----2029----pid-1
---ebpf-pid----5703----pid-5703
---ebpf-pid----2029----pid-2029
---ebpf-pid----5703----pid-5476
---ebpf-pid----2029----pid-1
---ebpf-pid----2029----pid-2029
---ebpf-pid----5703----pid-1
---ebpf-pid----448783----pid-448783
---ebpf-pid----448783----pid-448520
---ebpf-pid----448783----pid-1
---ebpf-pid----448783----pid-448783
---ebpf-pid----448783----pid-448520
---ebpf-pid----448783----pid-1
---ebpf-pid----448783----pid-448783
---ebpf-pid----448783----pid-448520
---ebpf-pid----448783----pid-1
---ebpf-pid----448783----pid-448783
---ebpf-pid----2029----pid-1
---ebpf-pid----448783----pid-448520
---ebpf-pid----2029----pid-2029
---ebpf-pid----448783----pid-1
---ebpf-pid----448783----pid-448783
---ebpf-pid----2029----pid-1
---ebpf-pid----2029----pid-2029
---ebpf-pid----448783----pid-448520
---ebpf-pid----2029----pid-1
---ebpf-pid----2029----pid-2029
---ebpf-pid----448783----pid-1
---ebpf-pid----2029----pid-1
---ebpf-pid----5707----pid-5707
---ebpf-pid----2029----pid-2029
---ebpf-pid----5707----pid-5476
---ebpf-pid----2029----pid-1
---ebpf-pid----2029----pid-2029
---ebpf-pid----5707----pid-1
---ebpf-pid----2029----pid-1
---ebpf-pid----5707----pid-5707
---ebpf-pid----2029----pid-2029
---ebpf-pid----5707----pid-5476
---ebpf-pid----2029----pid-1
---ebpf-pid----2029----pid-2029
---ebpf-pid----5707----pid-1
---ebpf-pid----2029----pid-1
---ebpf-pid----5707----pid-5707
---ebpf-pid----2029----pid-2029
---ebpf-pid----5707----pid-5476
---ebpf-pid----2029----pid-1
---ebpf-pid----2029----pid-2029
---ebpf-pid----2029----pid-1
---ebpf-pid----2029----pid-2029
---ebpf-pid----2029----pid-1
---ebpf-pid----2029----pid-2029
---ebpf-pid----2029----pid-1
---ebpf-pid----2029----pid-2029
---ebpf-pid----2029----pid-1
---ebpf-pid----2029----pid-2029
---ebpf-pid----2029----pid-1
---ebpf-pid----5707----pid-1
---ebpf-pid----2029----pid-2029
---ebpf-pid----5707----pid-5707
---ebpf-pid----2029----pid-1
---ebpf-pid----2029----pid-2029
---ebpf-pid----5707----pid-5476
---ebpf-pid----2029----pid-1
---ebpf-pid----2029----pid-2029
---ebpf-pid----5707----pid-1
---ebpf-pid----5707----pid-5707
---ebpf-pid----2029----pid-1
---ebpf-pid----2029----pid-2029
---ebpf-pid----5707----pid-5476
---ebpf-pid----2029----pid-1
---ebpf-pid----2029----pid-2029
---ebpf-pid----5707----pid-1
---ebpf-pid----5707----pid-5707
---ebpf-pid----5707----pid-5476
---ebpf-pid----5707----pid-1
---ebpf-pid----5707----pid-5707
---ebpf-pid----5707----pid-5476
---ebpf-pid----5707----pid-1
---ebpf-pid----5707----pid-5707
---ebpf-pid----5707----pid-5476
---ebpf-pid----5707----pid-1
---ebpf-pid----5707----pid-5707
---ebpf-pid----5707----pid-5476
---ebpf-pid----5707----pid-1
---ebpf-pid----5707----pid-5707
---ebpf-pid----372881----pid-372881
---ebpf-pid----5707----pid-5476
---ebpf-pid----372881----pid-1
---ebpf-pid----372881----pid-372881
---ebpf-pid----5707----pid-1
---ebpf-pid----5707----pid-5707
---ebpf-pid----372881----pid-1
---ebpf-pid----372881----pid-372881
---ebpf-pid----5707----pid-5476
---ebpf-pid----372881----pid-1
---ebpf-pid----372881----pid-372881
---ebpf-pid----5707----pid-1
---ebpf-pid----5707----pid-5707
---ebpf-pid----372881----pid-1
---ebpf-pid----372881----pid-372881
---ebpf-pid----5707----pid-5476
---ebpf-pid----372881----pid-1
---ebpf-pid----5707----pid-1
---ebpf-pid----372881----pid-372881
---ebpf-pid----5707----pid-5707
---ebpf-pid----372881----pid-1
---ebpf-pid----372881----pid-372881
---ebpf-pid----372881----pid-1
---ebpf-pid----2089----pid-2089
---ebpf-pid----5707----pid-5476
---ebpf-pid----2089----pid-1
---ebpf-pid----2089----pid-2089
---ebpf-pid----5707----pid-1
---ebpf-pid----5707----pid-5707
---ebpf-pid----2089----pid-1
---ebpf-pid----2089----pid-2089
---ebpf-pid----5707----pid-5476
---ebpf-pid----2089----pid-1
---ebpf-pid----5707----pid-1
---ebpf-pid----2029----pid-1
---ebpf-pid----2089----pid-2089
---ebpf-pid----5707----pid-5707
---ebpf-pid----2029----pid-2029
---ebpf-pid----2089----pid-1
---ebpf-pid----5707----pid-5476
---ebpf-pid----2089----pid-2089
---ebpf-pid----2029----pid-1
---ebpf-pid----2029----pid-2029
---ebpf-pid----5707----pid-1
---ebpf-pid----2089----pid-1
---ebpf-pid----5707----pid-5707
---ebpf-pid----2089----pid-2089
---ebpf-pid----2029----pid-1
---ebpf-pid----2029----pid-2029
---ebpf-pid----5707----pid-5476
---ebpf-pid----2089----pid-1
---ebpf-pid----2089----pid-2089
---ebpf-pid----2029----pid-1
---ebpf-pid----5707----pid-1
---ebpf-pid----2029----pid-2029
---ebpf-pid----5707----pid-5707
---ebpf-pid----2089----pid-1
---ebpf-pid----2089----pid-2089
---ebpf-pid----2029----pid-1
---ebpf-pid----5707----pid-5476
---ebpf-pid----2029----pid-2029
---ebpf-pid----2089----pid-1
---ebpf-pid----5707----pid-1
---ebpf-pid----2029----pid-1
---ebpf-pid----2089----pid-2089
---ebpf-pid----5707----pid-5707
---ebpf-pid----2029----pid-2029
---ebpf-pid----2089----pid-1
---ebpf-pid----5707----pid-5707
---ebpf-pid----2029----pid-1
---ebpf-pid----2029----pid-2029
---ebpf-pid----5707----pid-5476
---ebpf-pid----2029----pid-1
---ebpf-pid----2029----pid-2029
---ebpf-pid----5707----pid-1
---ebpf-pid----5707----pid-5707
---ebpf-pid----2029----pid-1
---ebpf-pid----2029----pid-2029
---ebpf-pid----5707----pid-5476
---ebpf-pid----2029----pid-1
---ebpf-pid----5707----pid-1
---ebpf-pid----2029----pid-2029
---ebpf-pid----5707----pid-5707
---ebpf-pid----2029----pid-1
---ebpf-pid----5707----pid-5476
---ebpf-pid----2029----pid-2029
---ebpf-pid----5707----pid-1
---ebpf-pid----2029----pid-1
---ebpf-pid----5707----pid-5707
---ebpf-pid----2029----pid-2029
---ebpf-pid----5707----pid-5476
---ebpf-pid----2029----pid-1
---ebpf-pid----2029----pid-2029
---ebpf-pid----5707----pid-1
---ebpf-pid----2029----pid-1
---ebpf-pid----2029----pid-2029
---ebpf-pid----2029----pid-1
---ebpf-pid----2029----pid-2029
---ebpf-pid----2029----pid-1
---ebpf-pid----2029----pid-2029
---ebpf-pid----2029----pid-1
---ebpf-pid----2029----pid-2029
---ebpf-pid----2029----pid-1
---ebpf-pid----2029----pid-2029
---ebpf-pid----2029----pid-1
---ebpf-pid----2029----pid-2029
---ebpf-pid----2029----pid-1
---ebpf-pid----2029----pid-2029
---ebpf-pid----2029----pid-1
---ebpf-pid----2029----pid-2029
---ebpf-pid----2029----pid-1
---ebpf-pid----2029----pid-2029
---ebpf-pid----2029----pid-1
---ebpf-pid----2029----pid-2029
---ebpf-pid----2029----pid-1
---ebpf-pid----2029----pid-2029
---ebpf-pid----5707----pid-5476
---ebpf-pid----2029----pid-1
---ebpf-pid----2029----pid-2029
---ebpf-pid----5707----pid-1
---ebpf-pid----5707----pid-5707
---ebpf-pid----2029----pid-1
---ebpf-pid----2029----pid-2029
---ebpf-pid----5707----pid-5476
---ebpf-pid----2029----pid-1
---ebpf-pid----2029----pid-2029
---ebpf-pid----5707----pid-1
---ebpf-pid----5707----pid-5707
---ebpf-pid----2029----pid-1
---ebpf-pid----2029----pid-2029
---ebpf-pid----5707----pid-5476
---ebpf-pid----2029----pid-1
---ebpf-pid----2029----pid-1
---ebpf-pid----2029----pid-2029
---ebpf-pid----5707----pid-1
---ebpf-pid----2029----pid-2029
---ebpf-pid----5707----pid-5707
---ebpf-pid----2029----pid-1
---ebpf-pid----2029----pid-2029
---ebpf-pid----2029----pid-1
---ebpf-pid----2029----pid-2029
---ebpf-pid----2029----pid-1
---ebpf-pid----2029----pid-2029
---ebpf-pid----2029----pid-1
---ebpf-pid----2029----pid-2029
---ebpf-pid----2029----pid-1
---ebpf-pid----2029----pid-2029
---ebpf-pid----2029----pid-1
---ebpf-pid----2029----pid-1
---ebpf-pid----2029----pid-2029
---ebpf-pid----2029----pid-2029
---ebpf-pid----2029----pid-1
---ebpf-pid----2029----pid-1
---ebpf-pid----2029----pid-2029
---ebpf-pid----2029----pid-1
---ebpf-pid----379067----pid-379067
---ebpf-pid----5707----pid-5476
---ebpf-pid----2029----pid-2029
---ebpf-pid----5707----pid-5707
---ebpf-pid----2029----pid-1
---ebpf-pid----2029----pid-2029
---ebpf-pid----2029----pid-1
---ebpf-pid----5707----pid-5476
---ebpf-pid----2029----pid-2029
---ebpf-pid----379067----pid-5476
---ebpf-pid----2029----pid-1
---ebpf-pid----2029----pid-2029
---ebpf-pid----2029----pid-1
---ebpf-pid----2029----pid-2029
---ebpf-pid----5707----pid-1
---ebpf-pid----2029----pid-1
---ebpf-pid----379067----pid-1
---ebpf-pid----2029----pid-2029
---ebpf-pid----379067----pid-379067
---ebpf-pid----2029----pid-1
---ebpf-pid----379067----pid-5476
---ebpf-pid----2029----pid-2029
---ebpf-pid----5707----pid-1
---ebpf-pid----379067----pid-1
---ebpf-pid----2029----pid-1
---ebpf-pid----2029----pid-2029
---ebpf-pid----5707----pid-5707
---ebpf-pid----379067----pid-379067
---ebpf-pid----379067----pid-5476
---ebpf-pid----5707----pid-5476
---ebpf-pid----2029----pid-1
---ebpf-pid----2029----pid-2029
---ebpf-pid----379067----pid-1
---ebpf-pid----5707----pid-1
---ebpf-pid----2029----pid-2029
---ebpf-pid----2029----pid-1
---ebpf-pid----5707----pid-5707
---ebpf-pid----2029----pid-2029
---ebpf-pid----2029----pid-1
---ebpf-pid----2029----pid-2029
---ebpf-pid----5707----pid-5476
---ebpf-pid----2029----pid-1
---ebpf-pid----2029----pid-2029
---ebpf-pid----2029----pid-1
---ebpf-pid----5707----pid-1
---ebpf-pid----2029----pid-2029
---ebpf-pid----5707----pid-5707
---ebpf-pid----2029----pid-1
---ebpf-pid----2029----pid-2029
---ebpf-pid----2029----pid-1
---ebpf-pid----5707----pid-5476
---ebpf-pid----2029----pid-2029
---ebpf-pid----2029----pid-1
---ebpf-pid----2029----pid-2029
---ebpf-pid----2029----pid-1
---ebpf-pid----5707----pid-1
---ebpf-pid----2029----pid-2029
---ebpf-pid----5707----pid-5707
---ebpf-pid----2029----pid-1
---ebpf-pid----2029----pid-2029
---ebpf-pid----2029----pid-1
---ebpf-pid----5707----pid-5476
---ebpf-pid----2029----pid-2029
---ebpf-pid----2029----pid-1
---ebpf-pid----2029----pid-2029
---ebpf-pid----5707----pid-1
---ebpf-pid----2029----pid-1
---ebpf-pid----5707----pid-5707
---ebpf-pid----2029----pid-2029
---ebpf-pid----2029----pid-1
---ebpf-pid----2029----pid-2029
---ebpf-pid----5707----pid-5476
---ebpf-pid----2029----pid-1
---ebpf-pid----2029----pid-2029
---ebpf-pid----2029----pid-1
---ebpf-pid----5707----pid-1
---ebpf-pid----2029----pid-2029
---ebpf-pid----2029----pid-1
---ebpf-pid----5707----pid-5707
---ebpf-pid----2029----pid-2029
---ebpf-pid----2029----pid-1
---ebpf-pid----2029----pid-2029
---ebpf-pid----2029----pid-1
---ebpf-pid----2029----pid-2029
---ebpf-pid----2029----pid-1
---ebpf-pid----5707----pid-5707
---ebpf-pid----5707----pid-5476
---ebpf-pid----5707----pid-1
---ebpf-pid----5707----pid-5707
---ebpf-pid----5707----pid-5476
---ebpf-pid----5707----pid-1
---ebpf-pid----5707----pid-5707
---ebpf-pid----5707----pid-5476
---ebpf-pid----5707----pid-1
---ebpf-pid----5707----pid-5707
---ebpf-pid----5707----pid-5476
---ebpf-pid----5707----pid-1
---ebpf-pid----6671----pid-6671
---ebpf-pid----6671----pid-5476
---ebpf-pid----6671----pid-1
---ebpf-pid----6671----pid-6671
---ebpf-pid----6671----pid-5476
---ebpf-pid----6671----pid-1
---ebpf-pid----6671----pid-6671
---ebpf-pid----6671----pid-5476
---ebpf-pid----6671----pid-1
---ebpf-pid----5707----pid-5476
---ebpf-pid----6671----pid-6671
---ebpf-pid----6671----pid-5476
---ebpf-pid----5707----pid-1
---ebpf-pid----6671----pid-1
---ebpf-pid----5707----pid-5707
---ebpf-pid----6671----pid-6671
---ebpf-pid----6671----pid-5476
---ebpf-pid----5707----pid-5476
---ebpf-pid----6671----pid-1
---ebpf-pid----5707----pid-1
---ebpf-pid----6671----pid-6671
---ebpf-pid----5707----pid-5707
---ebpf-pid----6671----pid-5476
---ebpf-pid----5707----pid-5476
---ebpf-pid----6671----pid-1
---ebpf-pid----6671----pid-6671
---ebpf-pid----5707----pid-1
---ebpf-pid----6671----pid-5476
---ebpf-pid----372714----pid-372714
---ebpf-pid----6671----pid-1
---ebpf-pid----6671----pid-6671
---ebpf-pid----372714----pid-5476
---ebpf-pid----6671----pid-5476
---ebpf-pid----372714----pid-1
---ebpf-pid----2029----pid-2029
---ebpf-pid----372714----pid-372714
---ebpf-pid----6671----pid-1
---ebpf-pid----6671----pid-6671
---ebpf-pid----2029----pid-1
---ebpf-pid----372714----pid-5476
---ebpf-pid----2029----pid-2029
---ebpf-pid----6671----pid-5476
---ebpf-pid----372714----pid-1
---ebpf-pid----2029----pid-1
---ebpf-pid----6671----pid-1
---ebpf-pid----2029----pid-2029
---ebpf-pid----372714----pid-372714
---ebpf-pid----2089----pid-2089
---ebpf-pid----2029----pid-1
---ebpf-pid----372714----pid-5476
---ebpf-pid----2029----pid-2029
---ebpf-pid----372714----pid-1
---ebpf-pid----372714----pid-372714
---ebpf-pid----372714----pid-5476
---ebpf-pid----372714----pid-1
---ebpf-pid----372714----pid-372714
---ebpf-pid----372714----pid-5476
---ebpf-pid----372714----pid-1
---ebpf-pid----372714----pid-372714
---ebpf-pid----372714----pid-5476
---ebpf-pid----372714----pid-1
---ebpf-pid----372714----pid-372714
---ebpf-pid----2029----pid-1
---ebpf-pid----2029----pid-2029
---ebpf-pid----2029----pid-1
---ebpf-pid----2029----pid-2029
---ebpf-pid----2029----pid-1
---ebpf-pid----2029----pid-2029
---ebpf-pid----2029----pid-1
---ebpf-pid----372714----pid-5476
---ebpf-pid----2029----pid-2029
---ebpf-pid----2029----pid-1
---ebpf-pid----372714----pid-1
---ebpf-pid----2029----pid-2029
---ebpf-pid----372714----pid-372714
---ebpf-pid----2029----pid-1
---ebpf-pid----2029----pid-2029
---ebpf-pid----372714----pid-5476
---ebpf-pid----2029----pid-1
---ebpf-pid----2029----pid-2029
---ebpf-pid----372714----pid-1
---ebpf-pid----2029----pid-1
---ebpf-pid----372714----pid-372714
---ebpf-pid----2029----pid-2029
---ebpf-pid----372714----pid-5476
---ebpf-pid----2029----pid-1
---ebpf-pid----2029----pid-2029
---ebpf-pid----372714----pid-1
---ebpf-pid----2029----pid-1
---ebpf-pid----2029----pid-1
---ebpf-pid----372714----pid-372714
---ebpf-pid----2029----pid-2029
---ebpf-pid----2029----pid-2029
---ebpf-pid----372714----pid-5476
---ebpf-pid----2029----pid-1
---ebpf-pid----2029----pid-1
---ebpf-pid----2029----pid-2029
---ebpf-pid----2029----pid-2029
---ebpf-pid----372714----pid-1
---ebpf-pid----6671----pid-6671
---ebpf-pid----2029----pid-1
---ebpf-pid----2029----pid-1
---ebpf-pid----2029----pid-2029
---ebpf-pid----2029----pid-2029
---ebpf-pid----6671----pid-5476
---ebpf-pid----2029----pid-1
---ebpf-pid----2029----pid-1
---ebpf-pid----2029----pid-2029
---ebpf-pid----6671----pid-1
---ebpf-pid----2029----pid-2029
---ebpf-pid----6671----pid-6671
---ebpf-pid----2029----pid-1
---ebpf-pid----2029----pid-1
---ebpf-pid----2029----pid-2029
---ebpf-pid----6671----pid-5476
---ebpf-pid----2029----pid-2029
---ebpf-pid----2029----pid-1
---ebpf-pid----6671----pid-1
---ebpf-pid----2029----pid-1
---ebpf-pid----2029----pid-2029
---ebpf-pid----372714----pid-372714
---ebpf-pid----2029----pid-2029
---ebpf-pid----2029----pid-1
---ebpf-pid----372714----pid-5476
---ebpf-pid----372714----pid-372714
---ebpf-pid----2029----pid-1
---ebpf-pid----372714----pid-5476
---ebpf-pid----372714----pid-1
---ebpf-pid----2089----pid-1
---ebpf-pid----372714----pid-372714
---ebpf-pid----372714----pid-1
---ebpf-pid----2089----pid-2089
---ebpf-pid----5707----pid-5707
---ebpf-pid----372714----pid-5476
---ebpf-pid----2089----pid-1
---ebpf-pid----2089----pid-2089
---ebpf-pid----5707----pid-5476
---ebpf-pid----372714----pid-1
---ebpf-pid----448783----pid-448783
---ebpf-pid----2089----pid-1
---ebpf-pid----5707----pid-1
---ebpf-pid----2089----pid-2089
---ebpf-pid----5707----pid-5707
---ebpf-pid----448783----pid-448520
---ebpf-pid----2089----pid-1
---ebpf-pid----5707----pid-5476
---ebpf-pid----2089----pid-2089
---ebpf-pid----448783----pid-1
---ebpf-pid----448783----pid-448783
---ebpf-pid----5707----pid-1
---ebpf-pid----2089----pid-1
---ebpf-pid----5707----pid-5707
---ebpf-pid----2089----pid-2089
---ebpf-pid----448783----pid-448520
---ebpf-pid----5707----pid-5476
---ebpf-pid----2089----pid-1
---ebpf-pid----2089----pid-2089
---ebpf-pid----448783----pid-1
---ebpf-pid----2089----pid-1
---ebpf-pid----448783----pid-448783
---ebpf-pid----2089----pid-2089
---ebpf-pid----448783----pid-448520
---ebpf-pid----2089----pid-1
---ebpf-pid----2089----pid-2089
---ebpf-pid----448783----pid-1
---ebpf-pid----2089----pid-1
---ebpf-pid----448783----pid-448783
---ebpf-pid----2089----pid-2089
---ebpf-pid----448783----pid-448520
---ebpf-pid----2089----pid-1
---ebpf-pid----2089----pid-2089
---ebpf-pid----448783----pid-1
---ebpf-pid----379067----pid-379067
---ebpf-pid----2089----pid-1
---ebpf-pid----2089----pid-2089
---ebpf-pid----379067----pid-5476
---ebpf-pid----2089----pid-1
---ebpf-pid----2089----pid-2089
---ebpf-pid----379067----pid-1
---ebpf-pid----379067----pid-379067
---ebpf-pid----2089----pid-1
---ebpf-pid----2089----pid-2089
---ebpf-pid----2089----pid-1
---ebpf-pid----2089----pid-2089
---ebpf-pid----379067----pid-5476
---ebpf-pid----2089----pid-1
---ebpf-pid----2089----pid-2089
---ebpf-pid----379067----pid-1
---ebpf-pid----379067----pid-379067
---ebpf-pid----2089----pid-1
---ebpf-pid----2089----pid-2089
---ebpf-pid----379067----pid-5476
---ebpf-pid----2089----pid-1
---ebpf-pid----2089----pid-2089
---ebpf-pid----379067----pid-1
---ebpf-pid----379067----pid-379067
---ebpf-pid----2089----pid-1
---ebpf-pid----2089----pid-2089
---ebpf-pid----379067----pid-5476
---ebpf-pid----2089----pid-1
---ebpf-pid----379067----pid-1
---ebpf-pid----372714----pid-372714
---ebpf-pid----372714----pid-5476
---ebpf-pid----5707----pid-1
---ebpf-pid----5707----pid-5707
---ebpf-pid----2089----pid-2089
---ebpf-pid----5707----pid-5476
---ebpf-pid----2089----pid-1
---ebpf-pid----5707----pid-1
---ebpf-pid----2089----pid-2089
---ebpf-pid----5707----pid-5707
---ebpf-pid----5707----pid-5476
---ebpf-pid----2089----pid-1
---ebpf-pid----2089----pid-2089
---ebpf-pid----5707----pid-1
---ebpf-pid----5707----pid-5707
---ebpf-pid----2089----pid-1
---ebpf-pid----2089----pid-2089
---ebpf-pid----5707----pid-5476
---ebpf-pid----5707----pid-1
---ebpf-pid----2089----pid-1
---ebpf-pid----5707----pid-5707
---ebpf-pid----2089----pid-2089
---ebpf-pid----5707----pid-5476
---ebpf-pid----2089----pid-1
---ebpf-pid----5707----pid-1
---ebpf-pid----5707----pid-5707
---ebpf-pid----372714----pid-1
---ebpf-pid----5707----pid-5476
---ebpf-pid----6671----pid-6671
---ebpf-pid----5707----pid-1
---ebpf-pid----372714----pid-372714
---ebpf-pid----6671----pid-5476
---ebpf-pid----372714----pid-5476
---ebpf-pid----6671----pid-1
---ebpf-pid----372714----pid-1
---ebpf-pid----6671----pid-6671
---ebpf-pid----372714----pid-372714
---ebpf-pid----372714----pid-5476
---ebpf-pid----6671----pid-5476
---ebpf-pid----372714----pid-1
---ebpf-pid----6671----pid-1
---ebpf-pid----372714----pid-372714
---ebpf-pid----6671----pid-6671
---ebpf-pid----372714----pid-5476
---ebpf-pid----6671----pid-5476
---ebpf-pid----372714----pid-1
---ebpf-pid----372714----pid-372714
---ebpf-pid----6671----pid-1
---ebpf-pid----372714----pid-5476
---ebpf-pid----372714----pid-372714
---ebpf-pid----372714----pid-1
---ebpf-pid----2089----pid-2089
---ebpf-pid----372714----pid-5476
---ebpf-pid----2089----pid-1
---ebpf-pid----5707----pid-5707
---ebpf-pid----372714----pid-1
---ebpf-pid----2029----pid-2029
---ebpf-pid----5707----pid-5476
---ebpf-pid----5707----pid-1
---ebpf-pid----2029----pid-1
---ebpf-pid----5707----pid-5707
---ebpf-pid----2029----pid-2029
---ebpf-pid----5707----pid-5476
---ebpf-pid----2029----pid-1
---ebpf-pid----2029----pid-2029
---ebpf-pid----5707----pid-1
---ebpf-pid----5707----pid-5707
---ebpf-pid----2029----pid-1
---ebpf-pid----5707----pid-5476
---ebpf-pid----2029----pid-2029
---ebpf-pid----5707----pid-1
---ebpf-pid----2089----pid-2089
---ebpf-pid----2029----pid-1
---ebpf-pid----2029----pid-2029
---ebpf-pid----2089----pid-1
---ebpf-pid----2089----pid-2089
---ebpf-pid----2029----pid-1
---ebpf-pid----2029----pid-2029
---ebpf-pid----2029----pid-1
---ebpf-pid----2029----pid-2029
---ebpf-pid----2029----pid-1
---ebpf-pid----2029----pid-2029
---ebpf-pid----2029----pid-1
---ebpf-pid----2029----pid-2029
---ebpf-pid----2029----pid-1
---ebpf-pid----372714----pid-372714
---ebpf-pid----372714----pid-5476
---ebpf-pid----372714----pid-1
---ebpf-pid----372714----pid-372714
---ebpf-pid----2089----pid-1
---ebpf-pid----2089----pid-2089
---ebpf-pid----2089----pid-1
---ebpf-pid----2089----pid-2089
---ebpf-pid----2089----pid-1
---ebpf-pid----2089----pid-2089
---ebpf-pid----2089----pid-1
---ebpf-pid----2089----pid-2089
---ebpf-pid----2089----pid-1
---ebpf-pid----2029----pid-2029
---ebpf-pid----2029----pid-1
---ebpf-pid----2029----pid-2029
---ebpf-pid----2029----pid-1
---ebpf-pid----2029----pid-2029
---ebpf-pid----2029----pid-1
---ebpf-pid----2029----pid-2029
---ebpf-pid----2029----pid-1
---ebpf-pid----2029----pid-2029
---ebpf-pid----2029----pid-1
---ebpf-pid----2029----pid-2029
---ebpf-pid----2029----pid-1
---ebpf-pid----2029----pid-2029
---ebpf-pid----2029----pid-1
---ebpf-pid----2029----pid-2029
---ebpf-pid----2029----pid-1
---ebpf-pid----2029----pid-2029
---ebpf-pid----2029----pid-1
---ebpf-pid----2029----pid-2029
---ebpf-pid----2029----pid-1
---ebpf-pid----372881----pid-372881
---ebpf-pid----372881----pid-1
---ebpf-pid----372881----pid-372881
---ebpf-pid----372881----pid-1
---ebpf-pid----372881----pid-372881
---ebpf-pid----372881----pid-1
---ebpf-pid----372881----pid-372881
---ebpf-pid----372881----pid-1
---ebpf-pid----372881----pid-372881
---ebpf-pid----372881----pid-1
---ebpf-pid----372881----pid-372881
---ebpf-pid----372881----pid-1
---ebpf-pid----372881----pid-372881
---ebpf-pid----372881----pid-1
---ebpf-pid----372881----pid-372881
---ebpf-pid----372881----pid-1
---ebpf-pid----372881----pid-372881
---ebpf-pid----372881----pid-1
---ebpf-pid----372881----pid-372881
---ebpf-pid----372881----pid-1
---ebpf-pid----372881----pid-372881
---ebpf-pid----372881----pid-1
---ebpf-pid----372881----pid-372881
---ebpf-pid----372881----pid-1
---ebpf-pid----372881----pid-372881
---ebpf-pid----372881----pid-1
---ebpf-pid----372881----pid-372881
---ebpf-pid----372881----pid-1
---ebpf-pid----2089----pid-2089
---ebpf-pid----372881----pid-372881
---ebpf-pid----372881----pid-1
---ebpf-pid----372881----pid-372881
---ebpf-pid----2089----pid-1
---ebpf-pid----2089----pid-2089
---ebpf-pid----372881----pid-1
---ebpf-pid----372881----pid-372881
---ebpf-pid----2089----pid-1
---ebpf-pid----372881----pid-1
---ebpf-pid----2089----pid-2089
---ebpf-pid----372881----pid-372881
---ebpf-pid----372881----pid-1
---ebpf-pid----2089----pid-1
---ebpf-pid----372881----pid-372881
---ebpf-pid----2089----pid-2089
---ebpf-pid----372881----pid-1
---ebpf-pid----2094----pid-2094
---ebpf-pid----2094----pid-1
---ebpf-pid----2094----pid-2094
---ebpf-pid----2094----pid-1
---ebpf-pid----2094----pid-2094
---ebpf-pid----2094----pid-1
---ebpf-pid----2094----pid-2094
---ebpf-pid----372714----pid-5476
---ebpf-pid----2094----pid-1
---ebpf-pid----2094----pid-2094
---ebpf-pid----372714----pid-1
---ebpf-pid----2094----pid-1
---ebpf-pid----372714----pid-372714
---ebpf-pid----2094----pid-2094
---ebpf-pid----2094----pid-1
---ebpf-pid----372714----pid-5476
---ebpf-pid----2094----pid-2094
---ebpf-pid----2094----pid-1
---ebpf-pid----372714----pid-1
---ebpf-pid----2094----pid-2094
---ebpf-pid----372714----pid-372714
---ebpf-pid----2094----pid-1
---ebpf-pid----2094----pid-2094
---ebpf-pid----372714----pid-5476
---ebpf-pid----2094----pid-1
---ebpf-pid----372714----pid-1
---ebpf-pid----2029----pid-2029
---ebpf-pid----2089----pid-1
---ebpf-pid----372714----pid-372714
---ebpf-pid----2089----pid-2089
---ebpf-pid----2029----pid-1
---ebpf-pid----2029----pid-2029
---ebpf-pid----2089----pid-1
---ebpf-pid----2089----pid-2089
---ebpf-pid----2029----pid-1
---ebpf-pid----2029----pid-2029
---ebpf-pid----2089----pid-1
---ebpf-pid----372881----pid-372881
---ebpf-pid----2029----pid-1
---ebpf-pid----2029----pid-2029
---ebpf-pid----372881----pid-1
---ebpf-pid----2029----pid-1
---ebpf-pid----372881----pid-372881
---ebpf-pid----2029----pid-2029
---ebpf-pid----372881----pid-1
---ebpf-pid----2029----pid-1
---ebpf-pid----372881----pid-372881
---ebpf-pid----2029----pid-2029
---ebpf-pid----372881----pid-1
---ebpf-pid----2029----pid-1
---ebpf-pid----372714----pid-5476
---ebpf-pid----372881----pid-372881
---ebpf-pid----2029----pid-2029
---ebpf-pid----372881----pid-1
---ebpf-pid----372714----pid-1
---ebpf-pid----2029----pid-1
---ebpf-pid----372881----pid-372881
---ebpf-pid----2029----pid-2029
---ebpf-pid----372714----pid-372714
---ebpf-pid----372881----pid-1
---ebpf-pid----2029----pid-1
---ebpf-pid----372881----pid-372881
---ebpf-pid----372714----pid-5476
---ebpf-pid----2029----pid-2029
---ebpf-pid----372881----pid-1
---ebpf-pid----372714----pid-1
---ebpf-pid----2029----pid-1
---ebpf-pid----372881----pid-372881
---ebpf-pid----372714----pid-372714
---ebpf-pid----2029----pid-2029
---ebpf-pid----372881----pid-1
---ebpf-pid----372714----pid-5476
---ebpf-pid----372881----pid-372881
---ebpf-pid----372714----pid-1
---ebpf-pid----379067----pid-379067
---ebpf-pid----379067----pid-5476
---ebpf-pid----379067----pid-1
---ebpf-pid----379067----pid-379067
---ebpf-pid----379067----pid-5476
---ebpf-pid----379067----pid-1
---ebpf-pid----379067----pid-379067
---ebpf-pid----379067----pid-5476
---ebpf-pid----379067----pid-1
---ebpf-pid----379067----pid-379067
---ebpf-pid----379067----pid-5476
---ebpf-pid----379067----pid-1
---ebpf-pid----2029----pid-1
---ebpf-pid----379067----pid-379067
---ebpf-pid----2029----pid-2029
---ebpf-pid----2029----pid-1
---ebpf-pid----379067----pid-5476
---ebpf-pid----2029----pid-2029
---ebpf-pid----2029----pid-1
---ebpf-pid----379067----pid-1
---ebpf-pid----2029----pid-2029
---ebpf-pid----379067----pid-379067
---ebpf-pid----2029----pid-1
---ebpf-pid----2029----pid-2029
---ebpf-pid----379067----pid-5476
---ebpf-pid----2029----pid-1
---ebpf-pid----379067----pid-1
---ebpf-pid----2029----pid-2029
---ebpf-pid----379067----pid-379067
---ebpf-pid----2029----pid-1
---ebpf-pid----2029----pid-2029
---ebpf-pid----379067----pid-5476
---ebpf-pid----2029----pid-1
---ebpf-pid----2029----pid-2029
---ebpf-pid----379067----pid-1
---ebpf-pid----2029----pid-1
---ebpf-pid----379067----pid-379067
---ebpf-pid----2029----pid-2029
---ebpf-pid----379067----pid-5476
---ebpf-pid----2029----pid-1
---ebpf-pid----2029----pid-2029
---ebpf-pid----379067----pid-1
---ebpf-pid----2029----pid-1
---ebpf-pid----448783----pid-448783
---ebpf-pid----2029----pid-2029
---ebpf-pid----372881----pid-1
---ebpf-pid----2029----pid-1
---ebpf-pid----448783----pid-448520
---ebpf-pid----2029----pid-2029
---ebpf-pid----372881----pid-372881
---ebpf-pid----448783----pid-1
---ebpf-pid----2029----pid-1
---ebpf-pid----372881----pid-1
---ebpf-pid----448783----pid-448783
---ebpf-pid----2029----pid-2029
---ebpf-pid----372881----pid-372881
---ebpf-pid----448783----pid-448520
---ebpf-pid----2029----pid-1
---ebpf-pid----372881----pid-1
---ebpf-pid----372881----pid-372881
---ebpf-pid----2029----pid-2029
---ebpf-pid----448783----pid-1
---ebpf-pid----379067----pid-379067
---ebpf-pid----372881----pid-1
---ebpf-pid----2029----pid-1
---ebpf-pid----372881----pid-372881
---ebpf-pid----2029----pid-2029
---ebpf-pid----379067----pid-5476
---ebpf-pid----372881----pid-1
---ebpf-pid----372881----pid-372881
---ebpf-pid----379067----pid-1
---ebpf-pid----379067----pid-379067
---ebpf-pid----372881----pid-1
---ebpf-pid----372881----pid-372881
---ebpf-pid----379067----pid-5476
---ebpf-pid----372881----pid-1
---ebpf-pid----372881----pid-372881
---ebpf-pid----379067----pid-1
---ebpf-pid----379067----pid-379067
---ebpf-pid----372881----pid-1
---ebpf-pid----372881----pid-372881
---ebpf-pid----379067----pid-5476
---ebpf-pid----372881----pid-1
---ebpf-pid----372881----pid-372881
---ebpf-pid----379067----pid-1
---ebpf-pid----379067----pid-379067
---ebpf-pid----372881----pid-1
---ebpf-pid----372881----pid-372881
---ebpf-pid----379067----pid-5476
---ebpf-pid----372881----pid-1
---ebpf-pid----372881----pid-372881
---ebpf-pid----379067----pid-1
---ebpf-pid----379067----pid-379067
---ebpf-pid----372881----pid-1
---ebpf-pid----372881----pid-372881
---ebpf-pid----379067----pid-5476
---ebpf-pid----372881----pid-1
---ebpf-pid----379067----pid-1
---ebpf-pid----372881----pid-372881
---ebpf-pid----379067----pid-379067
---ebpf-pid----372881----pid-1
---ebpf-pid----379067----pid-5476
---ebpf-pid----372881----pid-372881
---ebpf-pid----379067----pid-1
---ebpf-pid----372881----pid-1
---ebpf-pid----379067----pid-379067
---ebpf-pid----372881----pid-372881
---ebpf-pid----372881----pid-1
---ebpf-pid----379067----pid-5476
---ebpf-pid----372881----pid-372881
---ebpf-pid----379067----pid-1
---ebpf-pid----372881----pid-1
---ebpf-pid----379067----pid-379067
---ebpf-pid----372881----pid-372881
---ebpf-pid----379067----pid-5476
---ebpf-pid----372881----pid-1
---ebpf-pid----372881----pid-372881
---ebpf-pid----379067----pid-1
---ebpf-pid----379067----pid-379067
---ebpf-pid----372881----pid-1
---ebpf-pid----372881----pid-372881
---ebpf-pid----379067----pid-5476
---ebpf-pid----372881----pid-1
---ebpf-pid----379067----pid-1
---ebpf-pid----379067----pid-379067
---ebpf-pid----379067----pid-5476
---ebpf-pid----379067----pid-1
---ebpf-pid----379067----pid-379067
---ebpf-pid----379067----pid-5476
---ebpf-pid----379067----pid-1
---ebpf-pid----379067----pid-379067
---ebpf-pid----379067----pid-5476
---ebpf-pid----379067----pid-1
---ebpf-pid----448783----pid-448783
---ebpf-pid----448783----pid-448520
---ebpf-pid----448783----pid-1
---ebpf-pid----448782----pid-448782
---ebpf-pid----448782----pid-448520
---ebpf-pid----448782----pid-1
---ebpf-pid----448782----pid-448782
---ebpf-pid----448782----pid-448520
---ebpf-pid----448782----pid-1
---ebpf-pid----448782----pid-448782
---ebpf-pid----372881----pid-372881
---ebpf-pid----372881----pid-1
---ebpf-pid----372881----pid-372881
---ebpf-pid----448782----pid-448520
---ebpf-pid----372881----pid-1
---ebpf-pid----372881----pid-372881
---ebpf-pid----372881----pid-1
---ebpf-pid----448782----pid-1
---ebpf-pid----372881----pid-372881
---ebpf-pid----448782----pid-448782
---ebpf-pid----372881----pid-1
---ebpf-pid----372881----pid-372881
---ebpf-pid----372881----pid-1
---ebpf-pid----448782----pid-448520
---ebpf-pid----372881----pid-372881
---ebpf-pid----372881----pid-1
---ebpf-pid----372881----pid-372881
---ebpf-pid----448782----pid-1
---ebpf-pid----372881----pid-1
---ebpf-pid----372881----pid-372881
---ebpf-pid----448782----pid-448782
---ebpf-pid----372881----pid-1
---ebpf-pid----372881----pid-372881
---ebpf-pid----448782----pid-448520
---ebpf-pid----372881----pid-1
---ebpf-pid----2029----pid-1
---ebpf-pid----372881----pid-372881
---ebpf-pid----2029----pid-2029
---ebpf-pid----372881----pid-1
---ebpf-pid----2029----pid-1
---ebpf-pid----448782----pid-1
---ebpf-pid----372881----pid-372881
---ebpf-pid----2029----pid-2029
---ebpf-pid----448782----pid-448782
---ebpf-pid----372881----pid-1
---ebpf-pid----2029----pid-1
---ebpf-pid----372881----pid-372881
---ebpf-pid----2029----pid-2029
---ebpf-pid----448782----pid-448520
---ebpf-pid----2029----pid-1
---ebpf-pid----372881----pid-1
---ebpf-pid----372881----pid-372881
---ebpf-pid----372714----pid-372714
---ebpf-pid----372881----pid-1
---ebpf-pid----448782----pid-1
---ebpf-pid----372881----pid-372881
---ebpf-pid----448782----pid-448782
---ebpf-pid----372714----pid-5476
---ebpf-pid----372881----pid-1
---ebpf-pid----372714----pid-1
---ebpf-pid----372881----pid-372881
---ebpf-pid----372714----pid-372714
---ebpf-pid----372881----pid-1
---ebpf-pid----372714----pid-5476
---ebpf-pid----372881----pid-372881
---ebpf-pid----372714----pid-1
---ebpf-pid----372714----pid-372714
---ebpf-pid----448782----pid-448520
---ebpf-pid----372714----pid-5476
---ebpf-pid----372881----pid-1
---ebpf-pid----448782----pid-1
---ebpf-pid----448782----pid-448782
---ebpf-pid----448782----pid-448520
---ebpf-pid----448782----pid-1
---ebpf-pid----448782----pid-448782
---ebpf-pid----448782----pid-448520
---ebpf-pid----448782----pid-1
---ebpf-pid----448782----pid-448782
---ebpf-pid----448782----pid-448520
---ebpf-pid----448782----pid-1
---ebpf-pid----448782----pid-448782
---ebpf-pid----448782----pid-448520
---ebpf-pid----448782----pid-1
---ebpf-pid----448782----pid-448782
---ebpf-pid----448782----pid-448520
---ebpf-pid----448782----pid-1
---ebpf-pid----448782----pid-448782
---ebpf-pid----448782----pid-448520
---ebpf-pid----372881----pid-372881
---ebpf-pid----372881----pid-1
---ebpf-pid----372881----pid-372881
---ebpf-pid----372881----pid-1
---ebpf-pid----372881----pid-372881
---ebpf-pid----372881----pid-1
---ebpf-pid----372881----pid-372881
---ebpf-pid----372881----pid-1
---ebpf-pid----372881----pid-372881
---ebpf-pid----372881----pid-1
---ebpf-pid----372881----pid-372881
---ebpf-pid----372881----pid-1
---ebpf-pid----372881----pid-372881
---ebpf-pid----372881----pid-1
---ebpf-pid----372881----pid-372881
---ebpf-pid----372881----pid-1
---ebpf-pid----372881----pid-372881
---ebpf-pid----372881----pid-1
---ebpf-pid----372881----pid-372881
---ebpf-pid----372881----pid-1
---ebpf-pid----372881----pid-372881
---ebpf-pid----372881----pid-1
---ebpf-pid----372881----pid-372881
---ebpf-pid----372881----pid-1
---ebpf-pid----372881----pid-372881
---ebpf-pid----372881----pid-1
---ebpf-pid----372881----pid-372881
---ebpf-pid----372881----pid-1
---ebpf-pid----6671----pid-6671
---ebpf-pid----6671----pid-5476
---ebpf-pid----372714----pid-1
---ebpf-pid----6671----pid-1
---ebpf-pid----372714----pid-372714
---ebpf-pid----6671----pid-6671
---ebpf-pid----372714----pid-5476
---ebpf-pid----6671----pid-5476
---ebpf-pid----372714----pid-1
---ebpf-pid----6671----pid-1
---ebpf-pid----6671----pid-6671
---ebpf-pid----372714----pid-372714
---ebpf-pid----6671----pid-5476
---ebpf-pid----372714----pid-5476
---ebpf-pid----372714----pid-1
---ebpf-pid----372714----pid-372714
---ebpf-pid----372714----pid-5476
---ebpf-pid----372714----pid-1
---ebpf-pid----372714----pid-372714
---ebpf-pid----372714----pid-5476
---ebpf-pid----372714----pid-1
---ebpf-pid----372714----pid-372714
---ebpf-pid----372714----pid-5476
---ebpf-pid----372714----pid-1
---ebpf-pid----372714----pid-372714
---ebpf-pid----372714----pid-5476
---ebpf-pid----372714----pid-1
---ebpf-pid----372714----pid-372714
---ebpf-pid----372714----pid-5476
---ebpf-pid----372714----pid-1
---ebpf-pid----6671----pid-6671
---ebpf-pid----6671----pid-5476
---ebpf-pid----6671----pid-1
---ebpf-pid----6671----pid-6671
---ebpf-pid----6671----pid-5476
---ebpf-pid----6671----pid-1
---ebpf-pid----6671----pid-6671
---ebpf-pid----6671----pid-5476
---ebpf-pid----6671----pid-1
---ebpf-pid----6671----pid-6671
---ebpf-pid----6671----pid-5476
---ebpf-pid----6671----pid-1
---ebpf-pid----372881----pid-372881
---ebpf-pid----448782----pid-1
---ebpf-pid----448782----pid-448782
---ebpf-pid----448782----pid-448520
---ebpf-pid----448782----pid-1
---ebpf-pid----448782----pid-448782
---ebpf-pid----6671----pid-1
---ebpf-pid----448782----pid-448520
---ebpf-pid----6671----pid-6671
---ebpf-pid----448782----pid-1
---ebpf-pid----6671----pid-5476
---ebpf-pid----448782----pid-448782
---ebpf-pid----6671----pid-1
---ebpf-pid----6671----pid-6671
---ebpf-pid----372881----pid-1
---ebpf-pid----372881----pid-372881
---ebpf-pid----6671----pid-5476
---ebpf-pid----372881----pid-1
---ebpf-pid----6671----pid-1
---ebpf-pid----372881----pid-372881
---ebpf-pid----6671----pid-6671
---ebpf-pid----372881----pid-1
---ebpf-pid----372881----pid-372881
---ebpf-pid----6671----pid-5476
---ebpf-pid----6671----pid-1
---ebpf-pid----372881----pid-1
---ebpf-pid----6671----pid-6671
---ebpf-pid----372881----pid-372881
---ebpf-pid----372881----pid-1
---ebpf-pid----6671----pid-5476
---ebpf-pid----372881----pid-372881
---ebpf-pid----6671----pid-1
---ebpf-pid----6671----pid-6671
---ebpf-pid----372881----pid-1
---ebpf-pid----372881----pid-372881
---ebpf-pid----6671----pid-5476
---ebpf-pid----372881----pid-1
---ebpf-pid----372881----pid-372881
---ebpf-pid----6671----pid-1
---ebpf-pid----6671----pid-6671
---ebpf-pid----372881----pid-1
---ebpf-pid----6671----pid-5476
---ebpf-pid----372881----pid-372881
---ebpf-pid----6671----pid-1
---ebpf-pid----372881----pid-1
---ebpf-pid----448782----pid-448782
---ebpf-pid----372881----pid-372881
---ebpf-pid----372881----pid-1
---ebpf-pid----448782----pid-448520
---ebpf-pid----372881----pid-372881
---ebpf-pid----448782----pid-1
---ebpf-pid----372881----pid-1
---ebpf-pid----448782----pid-448782
---ebpf-pid----372881----pid-372881
---ebpf-pid----448782----pid-448520
---ebpf-pid----372881----pid-1
---ebpf-pid----372881----pid-372881
---ebpf-pid----448782----pid-1
---ebpf-pid----448782----pid-448782
---ebpf-pid----372881----pid-1
---ebpf-pid----372881----pid-372881
---ebpf-pid----448782----pid-448520
---ebpf-pid----372881----pid-1
---ebpf-pid----448782----pid-1
---ebpf-pid----372881----pid-372881
---ebpf-pid----2094----pid-2094
---ebpf-pid----372881----pid-1
---ebpf-pid----2094----pid-1
---ebpf-pid----372881----pid-372881
---ebpf-pid----2094----pid-2094
---ebpf-pid----448782----pid-448520
---ebpf-pid----448782----pid-1
---ebpf-pid----448782----pid-448782
---ebpf-pid----448782----pid-448520
---ebpf-pid----448782----pid-1
---ebpf-pid----448782----pid-448782
---ebpf-pid----448782----pid-448520
---ebpf-pid----448782----pid-1
---ebpf-pid----448782----pid-448782
---ebpf-pid----448782----pid-448520
---ebpf-pid----448782----pid-1
---ebpf-pid----6671----pid-6671
---ebpf-pid----6671----pid-5476
---ebpf-pid----6671----pid-1
---ebpf-pid----6671----pid-6671
---ebpf-pid----6671----pid-5476
---ebpf-pid----6671----pid-1
---ebpf-pid----6671----pid-6671
---ebpf-pid----6671----pid-5476
---ebpf-pid----6671----pid-1
---ebpf-pid----6671----pid-6671
---ebpf-pid----6671----pid-5476
---ebpf-pid----6671----pid-1
---ebpf-pid----6671----pid-6671
---ebpf-pid----6671----pid-5476
---ebpf-pid----6671----pid-1
---ebpf-pid----6671----pid-6671
---ebpf-pid----6671----pid-5476
---ebpf-pid----6671----pid-1
---ebpf-pid----6671----pid-6671
---ebpf-pid----6671----pid-5476
---ebpf-pid----6671----pid-1
---ebpf-pid----6671----pid-6671
---ebpf-pid----6671----pid-5476
---ebpf-pid----6671----pid-1
---ebpf-pid----6671----pid-6671
---ebpf-pid----6671----pid-5476
---ebpf-pid----6671----pid-1
---ebpf-pid----6671----pid-6671
---ebpf-pid----6671----pid-5476
---ebpf-pid----6671----pid-1
---ebpf-pid----6671----pid-6671
---ebpf-pid----6671----pid-5476
---ebpf-pid----6671----pid-1
---ebpf-pid----6671----pid-6671
---ebpf-pid----6671----pid-5476
---ebpf-pid----6671----pid-1
---ebpf-pid----6671----pid-6671
---ebpf-pid----6671----pid-5476
---ebpf-pid----6671----pid-1
---ebpf-pid----6671----pid-6671
---ebpf-pid----6671----pid-5476
---ebpf-pid----6671----pid-1
---ebpf-pid----6671----pid-6671
---ebpf-pid----6671----pid-5476
---ebpf-pid----6671----pid-1
---ebpf-pid----6671----pid-6671
---ebpf-pid----6671----pid-5476
---ebpf-pid----6671----pid-1
---ebpf-pid----6671----pid-6671
---ebpf-pid----6671----pid-5476
---ebpf-pid----6671----pid-1
---ebpf-pid----6671----pid-6671
---ebpf-pid----6671----pid-5476
---ebpf-pid----6671----pid-1
---ebpf-pid----448785----pid-448785
---ebpf-pid----448785----pid-448520
---ebpf-pid----372881----pid-1
---ebpf-pid----372881----pid-372881
---ebpf-pid----372881----pid-1
---ebpf-pid----372881----pid-372881
---ebpf-pid----372881----pid-1
---ebpf-pid----372881----pid-372881
---ebpf-pid----372881----pid-1
---ebpf-pid----372881----pid-372881
---ebpf-pid----372881----pid-1
---ebpf-pid----372881----pid-372881
---ebpf-pid----372881----pid-1
---ebpf-pid----372881----pid-372881
---ebpf-pid----372881----pid-1
---ebpf-pid----372881----pid-372881
---ebpf-pid----372881----pid-1
---ebpf-pid----372881----pid-372881
---ebpf-pid----372881----pid-1
---ebpf-pid----372881----pid-372881
---ebpf-pid----372881----pid-1
---ebpf-pid----372881----pid-372881
---ebpf-pid----372881----pid-1
---ebpf-pid----372881----pid-372881
---ebpf-pid----372881----pid-1
---ebpf-pid----372881----pid-372881
---ebpf-pid----372881----pid-1
---ebpf-pid----372881----pid-372881
---ebpf-pid----372881----pid-1
---ebpf-pid----372881----pid-372881
---ebpf-pid----372881----pid-1
---ebpf-pid----372881----pid-372881
---ebpf-pid----372881----pid-1
---ebpf-pid----372881----pid-372881
---ebpf-pid----372881----pid-1
---ebpf-pid----372881----pid-372881
---ebpf-pid----372881----pid-1
---ebpf-pid----372881----pid-372881
---ebpf-pid----372881----pid-1
---ebpf-pid----372881----pid-372881
---ebpf-pid----372881----pid-1
---ebpf-pid----372881----pid-372881
---ebpf-pid----372881----pid-1
---ebpf-pid----372881----pid-372881
---ebpf-pid----372881----pid-1
---ebpf-pid----372881----pid-372881
---ebpf-pid----372881----pid-1
---ebpf-pid----448785----pid-1
---ebpf-pid----448785----pid-448785
---ebpf-pid----448785----pid-448520
---ebpf-pid----448785----pid-1
---ebpf-pid----448785----pid-448785
---ebpf-pid----2094----pid-1
---ebpf-pid----448785----pid-448520
---ebpf-pid----2094----pid-2094
---ebpf-pid----448785----pid-1
---ebpf-pid----2094----pid-1
---ebpf-pid----2094----pid-2094
---ebpf-pid----448784----pid-448784
---ebpf-pid----2094----pid-1
---ebpf-pid----448784----pid-448520
---ebpf-pid----2094----pid-2094
---ebpf-pid----448784----pid-1
---ebpf-pid----2094----pid-1
---ebpf-pid----448784----pid-448784
---ebpf-pid----2094----pid-2094
---ebpf-pid----448784----pid-448520
---ebpf-pid----2094----pid-1
---ebpf-pid----2094----pid-2094
---ebpf-pid----448784----pid-1
---ebpf-pid----5614----pid-5614
---ebpf-pid----5614----pid-1
---ebpf-pid----448785----pid-448785
---ebpf-pid----448785----pid-448520
---ebpf-pid----448785----pid-1
---ebpf-pid----2094----pid-1
---ebpf-pid----2088----pid-2088
---ebpf-pid----2094----pid-2094
---ebpf-pid----2088----pid-1
---ebpf-pid----2094----pid-1
---ebpf-pid----2088----pid-2088
---ebpf-pid----2094----pid-2094
---ebpf-pid----2088----pid-1
---ebpf-pid----2088----pid-2088
---ebpf-pid----2094----pid-1
---ebpf-pid----2088----pid-2088
---ebpf-pid----2088----pid-1
---ebpf-pid----2088----pid-2088
---ebpf-pid----2088----pid-1
---ebpf-pid----2088----pid-2088
---ebpf-pid----2088----pid-1
---ebpf-pid----2088----pid-2088
---ebpf-pid----2088----pid-1
---ebpf-pid----2088----pid-2088
---ebpf-pid----2088----pid-1
---ebpf-pid----2088----pid-2088
---ebpf-pid----2088----pid-1
---ebpf-pid----2088----pid-2088
---ebpf-pid----2088----pid-1
---ebpf-pid----2088----pid-2088
---ebpf-pid----2088----pid-1
---ebpf-pid----2088----pid-2088
---ebpf-pid----2088----pid-1
---ebpf-pid----2088----pid-2088
---ebpf-pid----2088----pid-1
---ebpf-pid----2088----pid-2088
---ebpf-pid----2088----pid-1
---ebpf-pid----2088----pid-2088
---ebpf-pid----2088----pid-1
---ebpf-pid----2088----pid-2088
---ebpf-pid----2088----pid-1
---ebpf-pid----2088----pid-2088
---ebpf-pid----2088----pid-1
---ebpf-pid----2088----pid-2088
---ebpf-pid----2088----pid-1
---ebpf-pid----2088----pid-2088
---ebpf-pid----2088----pid-1
---ebpf-pid----2088----pid-2088
---ebpf-pid----2088----pid-1
---ebpf-pid----2088----pid-2088
---ebpf-pid----2088----pid-1
---ebpf-pid----2088----pid-2088
---ebpf-pid----2088----pid-1
---ebpf-pid----2088----pid-2088
---ebpf-pid----2088----pid-1
---ebpf-pid----2088----pid-2088
---ebpf-pid----2088----pid-1
---ebpf-pid----2088----pid-2088
---ebpf-pid----2088----pid-1
---ebpf-pid----2088----pid-2088
---ebpf-pid----2088----pid-1
---ebpf-pid----2088----pid-2088
---ebpf-pid----2088----pid-1
---ebpf-pid----2088----pid-2088
---ebpf-pid----2088----pid-1
---ebpf-pid----2088----pid-2088
---ebpf-pid----2088----pid-1
---ebpf-pid----2088----pid-2088
---ebpf-pid----2088----pid-1
---ebpf-pid----2088----pid-2088
---ebpf-pid----2088----pid-1
---ebpf-pid----2088----pid-2088
---ebpf-pid----2088----pid-1
---ebpf-pid----2088----pid-2088
---ebpf-pid----2088----pid-1
---ebpf-pid----372881----pid-372881
---ebpf-pid----372881----pid-1
---ebpf-pid----372881----pid-372881
---ebpf-pid----372881----pid-1
---ebpf-pid----372881----pid-372881
---ebpf-pid----372881----pid-1
---ebpf-pid----372881----pid-372881
---ebpf-pid----372881----pid-1
---ebpf-pid----372881----pid-372881
---ebpf-pid----372881----pid-1
---ebpf-pid----372881----pid-372881
---ebpf-pid----372881----pid-1
---ebpf-pid----372881----pid-372881
---ebpf-pid----372881----pid-1
---ebpf-pid----372881----pid-372881
---ebpf-pid----372881----pid-1
---ebpf-pid----372881----pid-372881
---ebpf-pid----372881----pid-1
---ebpf-pid----372881----pid-372881
---ebpf-pid----372881----pid-1
---ebpf-pid----372881----pid-372881
---ebpf-pid----372881----pid-1
---ebpf-pid----372881----pid-372881
---ebpf-pid----372881----pid-1
---ebpf-pid----372881----pid-372881
---ebpf-pid----372881----pid-1
---ebpf-pid----372881----pid-372881
---ebpf-pid----372881----pid-1
---ebpf-pid----372881----pid-372881
---ebpf-pid----372881----pid-1
---ebpf-pid----372881----pid-372881
---ebpf-pid----372881----pid-1
---ebpf-pid----372881----pid-372881
---ebpf-pid----372881----pid-1
---ebpf-pid----372881----pid-372881
---ebpf-pid----372881----pid-1
---ebpf-pid----372881----pid-372881
---ebpf-pid----2029----pid-2029
---ebpf-pid----372881----pid-1
---ebpf-pid----372881----pid-372881
---ebpf-pid----372881----pid-1
---ebpf-pid----2029----pid-1
---ebpf-pid----2088----pid-2088
---ebpf-pid----2029----pid-2029
---ebpf-pid----2088----pid-1
---ebpf-pid----2029----pid-1
---ebpf-pid----2088----pid-2088
---ebpf-pid----2029----pid-2029
---ebpf-pid----2088----pid-1
---ebpf-pid----2088----pid-2088
---ebpf-pid----2029----pid-1
---ebpf-pid----2029----pid-2029
---ebpf-pid----2088----pid-1
---ebpf-pid----2088----pid-2088
---ebpf-pid----2029----pid-1
---ebpf-pid----2088----pid-1
---ebpf-pid----2029----pid-2029
---ebpf-pid----2088----pid-2088
---ebpf-pid----2088----pid-1
---ebpf-pid----2029----pid-1
---ebpf-pid----2088----pid-2088
---ebpf-pid----2029----pid-2029
---ebpf-pid----2088----pid-1
---ebpf-pid----2088----pid-2088
---ebpf-pid----2088----pid-1
---ebpf-pid----2088----pid-2088
---ebpf-pid----2088----pid-1
---ebpf-pid----2029----pid-1
---ebpf-pid----2029----pid-2029
---ebpf-pid----2029----pid-2029
---ebpf-pid----2029----pid-1
---ebpf-pid----2029----pid-1
---ebpf-pid----2029----pid-2029
---ebpf-pid----2029----pid-2029
---ebpf-pid----2029----pid-1
---ebpf-pid----2029----pid-1
---ebpf-pid----2029----pid-2029
---ebpf-pid----2029----pid-2029
---ebpf-pid----2029----pid-1
---ebpf-pid----2029----pid-1
---ebpf-pid----2029----pid-2029
---ebpf-pid----2029----pid-2029
---ebpf-pid----2029----pid-1
---ebpf-pid----2029----pid-1
---ebpf-pid----2029----pid-2029
---ebpf-pid----2029----pid-2029
---ebpf-pid----2029----pid-1
---ebpf-pid----2029----pid-2029
---ebpf-pid----2029----pid-1
---ebpf-pid----2029----pid-2029
---ebpf-pid----2029----pid-1
---ebpf-pid----2029----pid-2029
---ebpf-pid----2029----pid-1
---ebpf-pid----2029----pid-2029
---ebpf-pid----2029----pid-1
---ebpf-pid----2029----pid-2029
---ebpf-pid----2029----pid-1
---ebpf-pid----2029----pid-1
---ebpf-pid----372881----pid-372881
---ebpf-pid----2029----pid-2029
---ebpf-pid----2029----pid-2029
---ebpf-pid----372881----pid-1
---ebpf-pid----2029----pid-1
---ebpf-pid----2029----pid-1
---ebpf-pid----372881----pid-372881
---ebpf-pid----2029----pid-2029
---ebpf-pid----372881----pid-1
---ebpf-pid----372881----pid-372881
---ebpf-pid----2029----pid-1
---ebpf-pid----2029----pid-2029
---ebpf-pid----372881----pid-1
---ebpf-pid----372881----pid-372881
---ebpf-pid----2029----pid-1
---ebpf-pid----372881----pid-1
---ebpf-pid----2029----pid-2029
---ebpf-pid----372881----pid-372881
---ebpf-pid----2029----pid-1
---ebpf-pid----372881----pid-1
---ebpf-pid----2029----pid-2029
---ebpf-pid----372881----pid-372881
---ebpf-pid----372881----pid-1
---ebpf-pid----2029----pid-1
---ebpf-pid----372881----pid-372881
---ebpf-pid----2029----pid-2029
---ebpf-pid----372881----pid-1
---ebpf-pid----372881----pid-372881
---ebpf-pid----2029----pid-1
---ebpf-pid----2029----pid-2029
---ebpf-pid----2088----pid-1
---ebpf-pid----2029----pid-1
---ebpf-pid----2088----pid-2088
---ebpf-pid----2029----pid-2029
---ebpf-pid----2088----pid-1
---ebpf-pid----2029----pid-1
---ebpf-pid----2088----pid-2088
---ebpf-pid----2029----pid-2029
---ebpf-pid----2088----pid-1
---ebpf-pid----2029----pid-1
---ebpf-pid----2088----pid-2088
---ebpf-pid----2029----pid-2029
---ebpf-pid----2029----pid-2029
---ebpf-pid----2088----pid-1
---ebpf-pid----2029----pid-1
---ebpf-pid----2088----pid-2088
---ebpf-pid----2029----pid-2029
---ebpf-pid----2088----pid-1
---ebpf-pid----2029----pid-1
---ebpf-pid----2029----pid-1
---ebpf-pid----5614----pid-5614
---ebpf-pid----2029----pid-2029
---ebpf-pid----2029----pid-2029
---ebpf-pid----2029----pid-1
---ebpf-pid----5614----pid-1
---ebpf-pid----2029----pid-2029
---ebpf-pid----5614----pid-5614
---ebpf-pid----5614----pid-1
---ebpf-pid----2029----pid-1
---ebpf-pid----372881----pid-372881
---ebpf-pid----372881----pid-1
---ebpf-pid----2029----pid-2029
---ebpf-pid----372881----pid-372881
---ebpf-pid----372881----pid-1
---ebpf-pid----372881----pid-372881
---ebpf-pid----2029----pid-1
---ebpf-pid----372881----pid-1
---ebpf-pid----2029----pid-2029
---ebpf-pid----372881----pid-372881
---ebpf-pid----372881----pid-1
---ebpf-pid----2029----pid-1
---ebpf-pid----372881----pid-372881
---ebpf-pid----2029----pid-2029
---ebpf-pid----372881----pid-1
---ebpf-pid----372881----pid-372881
---ebpf-pid----2029----pid-1
---ebpf-pid----2029----pid-2029
---ebpf-pid----372881----pid-1
---ebpf-pid----372881----pid-372881
---ebpf-pid----372881----pid-1
---ebpf-pid----372881----pid-372881
---ebpf-pid----2029----pid-1
---ebpf-pid----2029----pid-2029
---ebpf-pid----372881----pid-1
---ebpf-pid----372881----pid-372881
---ebpf-pid----2029----pid-1
---ebpf-pid----2029----pid-2029
---ebpf-pid----372881----pid-1
---ebpf-pid----372881----pid-372881
---ebpf-pid----372881----pid-1
---ebpf-pid----2029----pid-1
---ebpf-pid----372881----pid-372881
---ebpf-pid----2029----pid-2029
---ebpf-pid----372881----pid-1
---ebpf-pid----372881----pid-372881
---ebpf-pid----2029----pid-1
---ebpf-pid----372881----pid-1
---ebpf-pid----372881----pid-372881
---ebpf-pid----372881----pid-1
---ebpf-pid----372881----pid-372881
---ebpf-pid----372881----pid-1
---ebpf-pid----372881----pid-372881
---ebpf-pid----372881----pid-1
---ebpf-pid----372881----pid-372881
---ebpf-pid----372881----pid-1
---ebpf-pid----372881----pid-1
---ebpf-pid----372881----pid-372881
---ebpf-pid----372881----pid-372881
---ebpf-pid----372881----pid-1
---ebpf-pid----372881----pid-1
---ebpf-pid----372881----pid-372881
---ebpf-pid----372881----pid-372881
---ebpf-pid----372881----pid-1
---ebpf-pid----372881----pid-372881
---ebpf-pid----372881----pid-1
---ebpf-pid----372881----pid-372881
---ebpf-pid----372881----pid-1
---ebpf-pid----372881----pid-372881
---ebpf-pid----372881----pid-1
---ebpf-pid----372881----pid-1
---ebpf-pid----372881----pid-372881
---ebpf-pid----372881----pid-372881
---ebpf-pid----372881----pid-1
---ebpf-pid----372881----pid-1
---ebpf-pid----6671----pid-6671
---ebpf-pid----372881----pid-372881
---ebpf-pid----6671----pid-5476
---ebpf-pid----372881----pid-1
---ebpf-pid----372881----pid-372881
---ebpf-pid----6671----pid-1
---ebpf-pid----6671----pid-6671
---ebpf-pid----2029----pid-1
---ebpf-pid----2029----pid-2029
---ebpf-pid----6671----pid-5476
---ebpf-pid----2029----pid-1
---ebpf-pid----2029----pid-2029
---ebpf-pid----6671----pid-1
---ebpf-pid----6671----pid-6671
---ebpf-pid----2029----pid-1
---ebpf-pid----2029----pid-2029
---ebpf-pid----6671----pid-5476
---ebpf-pid----2029----pid-1
---ebpf-pid----6671----pid-1
---ebpf-pid----2029----pid-2029
---ebpf-pid----6671----pid-6671
---ebpf-pid----2029----pid-1
---ebpf-pid----6671----pid-5476
---ebpf-pid----2029----pid-2029
---ebpf-pid----6671----pid-1
---ebpf-pid----2029----pid-1
---ebpf-pid----6671----pid-6671
---ebpf-pid----2029----pid-2029
---ebpf-pid----6671----pid-5476
---ebpf-pid----2029----pid-1
---ebpf-pid----2029----pid-2029
---ebpf-pid----6671----pid-1
---ebpf-pid----2029----pid-1
---ebpf-pid----2094----pid-2094
---ebpf-pid----2029----pid-2029
---ebpf-pid----2094----pid-1
---ebpf-pid----2029----pid-1
---ebpf-pid----2094----pid-2094
---ebpf-pid----2029----pid-2029
---ebpf-pid----2094----pid-1
---ebpf-pid----2094----pid-2094
---ebpf-pid----2029----pid-1
---ebpf-pid----2029----pid-2029
---ebpf-pid----2094----pid-1
---ebpf-pid----2029----pid-1
---ebpf-pid----2094----pid-2094
---ebpf-pid----2029----pid-2029
---ebpf-pid----2094----pid-1
---ebpf-pid----2029----pid-1
---ebpf-pid----2094----pid-2094
---ebpf-pid----2029----pid-2029
---ebpf-pid----2094----pid-1
---ebpf-pid----2029----pid-1
---ebpf-pid----2094----pid-2094
---ebpf-pid----2029----pid-2029
---ebpf-pid----2094----pid-1
---ebpf-pid----2029----pid-1
---ebpf-pid----2094----pid-2094
---ebpf-pid----2029----pid-2029
---ebpf-pid----2094----pid-1
---ebpf-pid----2029----pid-1
---ebpf-pid----2094----pid-2094
---ebpf-pid----2029----pid-2029
---ebpf-pid----2094----pid-1
---ebpf-pid----2029----pid-1
---ebpf-pid----2029----pid-2029
---ebpf-pid----2094----pid-2094
---ebpf-pid----372881----pid-1
---ebpf-pid----2029----pid-1
---ebpf-pid----2094----pid-1
---ebpf-pid----372881----pid-372881
---ebpf-pid----2029----pid-2029
---ebpf-pid----2094----pid-2094
---ebpf-pid----372881----pid-1
---ebpf-pid----2094----pid-1
---ebpf-pid----372881----pid-372881
---ebpf-pid----2029----pid-1
---ebpf-pid----2094----pid-2094
---ebpf-pid----2029----pid-2029
---ebpf-pid----372881----pid-1
---ebpf-pid----2094----pid-1
---ebpf-pid----2029----pid-1
---ebpf-pid----372881----pid-372881
---ebpf-pid----2094----pid-2094
---ebpf-pid----2029----pid-2029
---ebpf-pid----2094----pid-1
---ebpf-pid----372881----pid-1
---ebpf-pid----2029----pid-1
---ebpf-pid----2094----pid-2094
---ebpf-pid----372881----pid-372881
---ebpf-pid----2029----pid-2029
---ebpf-pid----2094----pid-1
---ebpf-pid----372881----pid-1
---ebpf-pid----2029----pid-1
---ebpf-pid----2094----pid-2094
---ebpf-pid----2029----pid-2029
---ebpf-pid----372881----pid-372881
---ebpf-pid----2094----pid-1
---ebpf-pid----2029----pid-1
---ebpf-pid----2094----pid-2094
---ebpf-pid----2029----pid-2029
---ebpf-pid----372881----pid-1
---ebpf-pid----2094----pid-1
---ebpf-pid----372881----pid-372881
---ebpf-pid----2029----pid-1
---ebpf-pid----5707----pid-5707
---ebpf-pid----2029----pid-2029
---ebpf-pid----372881----pid-1
---ebpf-pid----5707----pid-5476
---ebpf-pid----372881----pid-372881
---ebpf-pid----2029----pid-1
---ebpf-pid----2029----pid-2029
---ebpf-pid----5707----pid-1
---ebpf-pid----372881----pid-1
---ebpf-pid----5707----pid-5707
---ebpf-pid----2029----pid-1
---ebpf-pid----372881----pid-372881
---ebpf-pid----2029----pid-2029
---ebpf-pid----5707----pid-5476
---ebpf-pid----372881----pid-1
---ebpf-pid----2029----pid-1
---ebpf-pid----372881----pid-372881
---ebpf-pid----5707----pid-1
---ebpf-pid----2029----pid-2029
---ebpf-pid----379067----pid-379067
---ebpf-pid----372881----pid-1
---ebpf-pid----2029----pid-1
---ebpf-pid----379067----pid-5476
---ebpf-pid----372881----pid-372881
---ebpf-pid----2029----pid-2029
---ebpf-pid----379067----pid-1
---ebpf-pid----2029----pid-1
---ebpf-pid----372881----pid-1
---ebpf-pid----5707----pid-5707
---ebpf-pid----2029----pid-2029
---ebpf-pid----372881----pid-372881
---ebpf-pid----2029----pid-1
---ebpf-pid----5707----pid-5476
---ebpf-pid----372881----pid-1
---ebpf-pid----2029----pid-2029
---ebpf-pid----448785----pid-448785
---ebpf-pid----5707----pid-1
---ebpf-pid----5707----pid-5707
---ebpf-pid----2029----pid-1
---ebpf-pid----448785----pid-448520
---ebpf-pid----2029----pid-2029
---ebpf-pid----5707----pid-5476
---ebpf-pid----448785----pid-1
---ebpf-pid----2029----pid-1
---ebpf-pid----448785----pid-448785
---ebpf-pid----5707----pid-1
---ebpf-pid----2029----pid-2029
---ebpf-pid----379067----pid-379067
---ebpf-pid----2029----pid-1
---ebpf-pid----448785----pid-448520
---ebpf-pid----2029----pid-2029
---ebpf-pid----379067----pid-5476
---ebpf-pid----2029----pid-1
---ebpf-pid----448785----pid-1
---ebpf-pid----379067----pid-1
---ebpf-pid----2029----pid-2029
---ebpf-pid----372881----pid-372881
---ebpf-pid----379067----pid-379067
---ebpf-pid----2029----pid-1
---ebpf-pid----372881----pid-1
---ebpf-pid----379067----pid-5476
---ebpf-pid----2029----pid-2029
---ebpf-pid----2094----pid-2094
---ebpf-pid----2029----pid-1
---ebpf-pid----379067----pid-1
---ebpf-pid----379067----pid-379067
---ebpf-pid----2029----pid-2029
---ebpf-pid----2094----pid-1
---ebpf-pid----2094----pid-2094
---ebpf-pid----379067----pid-5476
---ebpf-pid----2029----pid-1
---ebpf-pid----2029----pid-2029
---ebpf-pid----2094----pid-1
---ebpf-pid----2094----pid-2094
---ebpf-pid----379067----pid-1
---ebpf-pid----2029----pid-1
---ebpf-pid----6671----pid-6671
---ebpf-pid----2029----pid-2029
---ebpf-pid----2094----pid-1
---ebpf-pid----6671----pid-5476
---ebpf-pid----2094----pid-2094
---ebpf-pid----2029----pid-1
---ebpf-pid----2029----pid-2029
---ebpf-pid----6671----pid-1
---ebpf-pid----379067----pid-379067
---ebpf-pid----2094----pid-1
---ebpf-pid----2029----pid-1
---ebpf-pid----2094----pid-2094
---ebpf-pid----379067----pid-5476
---ebpf-pid----379067----pid-1
---ebpf-pid----379067----pid-379067
---ebpf-pid----379067----pid-5476
---ebpf-pid----379067----pid-1
---ebpf-pid----379067----pid-379067
---ebpf-pid----379067----pid-5476
---ebpf-pid----379067----pid-1
---ebpf-pid----379067----pid-379067
---ebpf-pid----379067----pid-5476
---ebpf-pid----379067----pid-1
---ebpf-pid----379067----pid-379067
---ebpf-pid----379067----pid-5476
---ebpf-pid----379067----pid-1
---ebpf-pid----379067----pid-379067
---ebpf-pid----379067----pid-5476
---ebpf-pid----379067----pid-1
---ebpf-pid----379067----pid-379067
---ebpf-pid----379067----pid-5476
---ebpf-pid----379067----pid-1
---ebpf-pid----379067----pid-379067
---ebpf-pid----379067----pid-5476
---ebpf-pid----379067----pid-1
---ebpf-pid----379067----pid-379067
---ebpf-pid----379067----pid-5476
---ebpf-pid----379067----pid-1
---ebpf-pid----2088----pid-2088
---ebpf-pid----2088----pid-1
---ebpf-pid----2088----pid-2088
---ebpf-pid----2088----pid-1
---ebpf-pid----2088----pid-2088
---ebpf-pid----2088----pid-1
---ebpf-pid----2088----pid-2088
---ebpf-pid----2088----pid-1
---ebpf-pid----2088----pid-2088
---ebpf-pid----2088----pid-1
---ebpf-pid----2094----pid-1
---ebpf-pid----2088----pid-2088
---ebpf-pid----2094----pid-2094
---ebpf-pid----2088----pid-1
---ebpf-pid----2088----pid-2088
---ebpf-pid----2094----pid-1
---ebpf-pid----2094----pid-2094
---ebpf-pid----2088----pid-1
---ebpf-pid----2088----pid-2088
---ebpf-pid----2094----pid-1
---ebpf-pid----5637----pid-5637
---ebpf-pid----2088----pid-1
---ebpf-pid----2088----pid-2088
---ebpf-pid----5637----pid-1
---ebpf-pid----2088----pid-1
---ebpf-pid----2094----pid-2094
---ebpf-pid----2088----pid-2088
---ebpf-pid----2088----pid-1
---ebpf-pid----2088----pid-2088
---ebpf-pid----2088----pid-1
---ebpf-pid----2088----pid-2088
---ebpf-pid----2088----pid-1
---ebpf-pid----2088----pid-2088
---ebpf-pid----2094----pid-1
---ebpf-pid----2088----pid-1
---ebpf-pid----2094----pid-2094
---ebpf-pid----2088----pid-2088
---ebpf-pid----2088----pid-1
---ebpf-pid----2094----pid-1
---ebpf-pid----2088----pid-2088
---ebpf-pid----2094----pid-2094
---ebpf-pid----2088----pid-1
---ebpf-pid----2088----pid-2088
---ebpf-pid----2094----pid-1
---ebpf-pid----2094----pid-2094
---ebpf-pid----2088----pid-1
---ebpf-pid----2088----pid-2088
---ebpf-pid----2094----pid-1
---ebpf-pid----2094----pid-2094
---ebpf-pid----2088----pid-1
---ebpf-pid----2088----pid-2088
---ebpf-pid----2094----pid-1
---ebpf-pid----2088----pid-1
---ebpf-pid----2094----pid-2094
---ebpf-pid----2088----pid-2088
---ebpf-pid----2088----pid-1
---ebpf-pid----2088----pid-2088
---ebpf-pid----2088----pid-1
---ebpf-pid----2088----pid-2088
---ebpf-pid----2088----pid-1
---ebpf-pid----2088----pid-2088
---ebpf-pid----2088----pid-1
---ebpf-pid----2088----pid-2088
---ebpf-pid----2088----pid-1
---ebpf-pid----2088----pid-2088
---ebpf-pid----2088----pid-1
---ebpf-pid----2088----pid-2088
---ebpf-pid----2088----pid-1
---ebpf-pid----2088----pid-2088
---ebpf-pid----2088----pid-1
---ebpf-pid----2094----pid-1
---ebpf-pid----2094----pid-2094
---ebpf-pid----2094----pid-1
---ebpf-pid----2094----pid-2094
---ebpf-pid----2094----pid-1
---ebpf-pid----2094----pid-2094
---ebpf-pid----2094----pid-1
---ebpf-pid----2094----pid-2094
---ebpf-pid----2094----pid-1
---ebpf-pid----2094----pid-2094
---ebpf-pid----2094----pid-1
---ebpf-pid----2094----pid-2094
---ebpf-pid----2094----pid-1
---ebpf-pid----2094----pid-2094
---ebpf-pid----2094----pid-1
---ebpf-pid----2094----pid-2094
---ebpf-pid----2094----pid-1
---ebpf-pid----2094----pid-2094
---ebpf-pid----2094----pid-1
---ebpf-pid----2094----pid-2094
---ebpf-pid----2094----pid-1
---ebpf-pid----2094----pid-2094
---ebpf-pid----2094----pid-1
---ebpf-pid----448785----pid-448785
---ebpf-pid----448785----pid-448520
---ebpf-pid----448785----pid-1
---ebpf-pid----448785----pid-448785
---ebpf-pid----448785----pid-448520
---ebpf-pid----448785----pid-1
---ebpf-pid----2029----pid-2029
---ebpf-pid----448785----pid-448785
---ebpf-pid----2029----pid-1
---ebpf-pid----448785----pid-448520
---ebpf-pid----2029----pid-2029
---ebpf-pid----448785----pid-1
---ebpf-pid----2029----pid-1
---ebpf-pid----448785----pid-448785
---ebpf-pid----2029----pid-2029
---ebpf-pid----2029----pid-1
---ebpf-pid----448785----pid-448520
---ebpf-pid----2029----pid-2029
---ebpf-pid----448785----pid-1
---ebpf-pid----2029----pid-1
---ebpf-pid----372881----pid-372881
---ebpf-pid----2029----pid-2029
---ebpf-pid----2029----pid-1
---ebpf-pid----2029----pid-2029
---ebpf-pid----2029----pid-2029
---ebpf-pid----2029----pid-1
---ebpf-pid----2029----pid-2029
---ebpf-pid----372881----pid-1
---ebpf-pid----2029----pid-1
---ebpf-pid----2029----pid-1
---ebpf-pid----2029----pid-2029
---ebpf-pid----2029----pid-2029
---ebpf-pid----372881----pid-372881
---ebpf-pid----2029----pid-1
---ebpf-pid----2029----pid-1
---ebpf-pid----2029----pid-2029
---ebpf-pid----2029----pid-2029
---ebpf-pid----372881----pid-1
---ebpf-pid----2029----pid-1
---ebpf-pid----372881----pid-372881
---ebpf-pid----2029----pid-2029
---ebpf-pid----2029----pid-1
---ebpf-pid----372881----pid-1
---ebpf-pid----2029----pid-2029
---ebpf-pid----2088----pid-2088
---ebpf-pid----2088----pid-1
---ebpf-pid----2088----pid-2088
---ebpf-pid----2088----pid-1
---ebpf-pid----2088----pid-2088
---ebpf-pid----2088----pid-1
---ebpf-pid----2088----pid-2088
---ebpf-pid----2088----pid-1
---ebpf-pid----6671----pid-6671
---ebpf-pid----6671----pid-5476
---ebpf-pid----6671----pid-1
---ebpf-pid----6671----pid-6671
---ebpf-pid----6671----pid-5476
---ebpf-pid----6671----pid-1
---ebpf-pid----6671----pid-6671
---ebpf-pid----6671----pid-5476
---ebpf-pid----6671----pid-1
---ebpf-pid----6671----pid-6671
---ebpf-pid----6671----pid-5476
---ebpf-pid----2029----pid-1
---ebpf-pid----6671----pid-1
---ebpf-pid----2029----pid-2029
---ebpf-pid----6671----pid-6671
---ebpf-pid----2029----pid-1
---ebpf-pid----6671----pid-5476
---ebpf-pid----2029----pid-2029
---ebpf-pid----6671----pid-1
---ebpf-pid----2029----pid-1
---ebpf-pid----2029----pid-2029
---ebpf-pid----6671----pid-6671
---ebpf-pid----2029----pid-1
---ebpf-pid----6671----pid-5476
---ebpf-pid----2029----pid-2029
---ebpf-pid----6671----pid-1
---ebpf-pid----2029----pid-1
---ebpf-pid----6671----pid-6671
---ebpf-pid----2029----pid-2029
---ebpf-pid----2029----pid-2029
---ebpf-pid----6671----pid-5476
---ebpf-pid----2029----pid-1
---ebpf-pid----2029----pid-2029
---ebpf-pid----2029----pid-1
---ebpf-pid----6671----pid-1
---ebpf-pid----2029----pid-1
---ebpf-pid----372714----pid-372714
---ebpf-pid----2029----pid-2029
---ebpf-pid----2029----pid-2029
---ebpf-pid----372714----pid-5476
---ebpf-pid----2029----pid-1
---ebpf-pid----2029----pid-1
---ebpf-pid----2029----pid-2029
---ebpf-pid----2029----pid-2029
---ebpf-pid----372714----pid-1
---ebpf-pid----2029----pid-1
---ebpf-pid----2029----pid-1
---ebpf-pid----372714----pid-372714
---ebpf-pid----2029----pid-2029
---ebpf-pid----2029----pid-2029
---ebpf-pid----372714----pid-5476
---ebpf-pid----2029----pid-1
---ebpf-pid----2029----pid-1
---ebpf-pid----2029----pid-2029
---ebpf-pid----2029----pid-2029
---ebpf-pid----372714----pid-1
---ebpf-pid----372714----pid-372714
---ebpf-pid----2029----pid-1
---ebpf-pid----2029----pid-1
---ebpf-pid----2029----pid-2029
---ebpf-pid----2029----pid-2029
---ebpf-pid----372714----pid-5476
---ebpf-pid----2029----pid-1
---ebpf-pid----2029----pid-1
---ebpf-pid----2029----pid-2029
---ebpf-pid----372714----pid-1
---ebpf-pid----2029----pid-2029
---ebpf-pid----372714----pid-372714
---ebpf-pid----2029----pid-1
---ebpf-pid----2029----pid-2029
---ebpf-pid----372714----pid-5476
---ebpf-pid----2029----pid-1
---ebpf-pid----372714----pid-1
---ebpf-pid----2029----pid-1
---ebpf-pid----2029----pid-2029
---ebpf-pid----2029----pid-2029
---ebpf-pid----2029----pid-1
---ebpf-pid----2029----pid-2029
---ebpf-pid----2029----pid-1
---ebpf-pid----2029----pid-2029
---ebpf-pid----2029----pid-1
---ebpf-pid----2029----pid-2029
---ebpf-pid----2029----pid-1
---ebpf-pid----2029----pid-2029
---ebpf-pid----2029----pid-1
---ebpf-pid----2029----pid-2029
---ebpf-pid----2029----pid-1
---ebpf-pid----2029----pid-1
---ebpf-pid----2029----pid-2029
---ebpf-pid----2029----pid-2029
---ebpf-pid----2029----pid-1
---ebpf-pid----2029----pid-1
---ebpf-pid----2029----pid-2029
---ebpf-pid----2029----pid-2029
---ebpf-pid----2029----pid-1
---ebpf-pid----2029----pid-2029
---ebpf-pid----2029----pid-1
---ebpf-pid----2029----pid-2029
---ebpf-pid----2029----pid-1
---ebpf-pid----2029----pid-2029
---ebpf-pid----2029----pid-1
---ebpf-pid----2029----pid-2029
---ebpf-pid----2029----pid-1
---ebpf-pid----2029----pid-2029
---ebpf-pid----2029----pid-1
---ebpf-pid----2029----pid-1
---ebpf-pid----2029----pid-2029
---ebpf-pid----2029----pid-2029
---ebpf-pid----2029----pid-1
---ebpf-pid----2029----pid-1
---ebpf-pid----2029----pid-2029
---ebpf-pid----2029----pid-2029
---ebpf-pid----2029----pid-1
---ebpf-pid----2029----pid-2029
---ebpf-pid----2029----pid-1
---ebpf-pid----2029----pid-2029
---ebpf-pid----2029----pid-1
---ebpf-pid----2029----pid-2029
---ebpf-pid----2029----pid-1
---ebpf-pid----2029----pid-2029
---ebpf-pid----2029----pid-1
---ebpf-pid----2029----pid-2029
---ebpf-pid----2029----pid-1
---ebpf-pid----2029----pid-2029
---ebpf-pid----2029----pid-1
---ebpf-pid----2029----pid-1
---ebpf-pid----2029----pid-2029
---ebpf-pid----2029----pid-2029
---ebpf-pid----2029----pid-1
---ebpf-pid----2029----pid-1
---ebpf-pid----2029----pid-2029
---ebpf-pid----2029----pid-2029
---ebpf-pid----2029----pid-1
---ebpf-pid----2029----pid-2029
---ebpf-pid----2029----pid-1
---ebpf-pid----2029----pid-2029
---ebpf-pid----2029----pid-1
---ebpf-pid----2029----pid-2029
---ebpf-pid----2029----pid-1
---ebpf-pid----2029----pid-2029
---ebpf-pid----2029----pid-1
---ebpf-pid----2029----pid-2029
---ebpf-pid----2029----pid-1
---ebpf-pid----2029----pid-1
---ebpf-pid----2029----pid-2029
---ebpf-pid----2029----pid-2029
---ebpf-pid----2029----pid-1
---ebpf-pid----2029----pid-2029
---ebpf-pid----2029----pid-1
---ebpf-pid----2029----pid-2029
---ebpf-pid----2029----pid-1
---ebpf-pid----2094----pid-2094
---ebpf-pid----2088----pid-2088
---ebpf-pid----2094----pid-1
---ebpf-pid----2094----pid-2094
---ebpf-pid----2029----pid-1
---ebpf-pid----2094----pid-1
---ebpf-pid----2094----pid-2094
---ebpf-pid----2029----pid-1
---ebpf-pid----2094----pid-1
---ebpf-pid----2094----pid-2094
---ebpf-pid----2088----pid-1
---ebpf-pid----2094----pid-1
---ebpf-pid----2094----pid-2094
---ebpf-pid----2029----pid-2029
---ebpf-pid----2094----pid-1
---ebpf-pid----372714----pid-372714
---ebpf-pid----2094----pid-2094
---ebpf-pid----2094----pid-1
---ebpf-pid----372714----pid-5476
---ebpf-pid----2094----pid-2094
---ebpf-pid----2094----pid-1
---ebpf-pid----372714----pid-1
---ebpf-pid----2094----pid-2094
---ebpf-pid----2094----pid-1
---ebpf-pid----2094----pid-2094
---ebpf-pid----2094----pid-1
---ebpf-pid----379067----pid-379067
---ebpf-pid----379067----pid-5476
---ebpf-pid----379067----pid-1
---ebpf-pid----379067----pid-379067
---ebpf-pid----2029----pid-2029
---ebpf-pid----379067----pid-5476
---ebpf-pid----2029----pid-1
---ebpf-pid----379067----pid-1
---ebpf-pid----2029----pid-2029
---ebpf-pid----379067----pid-379067
---ebpf-pid----2029----pid-1
---ebpf-pid----2029----pid-2029
---ebpf-pid----2029----pid-1
---ebpf-pid----2029----pid-2029
---ebpf-pid----2029----pid-1
---ebpf-pid----2029----pid-2029
---ebpf-pid----2029----pid-1
---ebpf-pid----379067----pid-5476
---ebpf-pid----2029----pid-2029
---ebpf-pid----379067----pid-1
---ebpf-pid----2029----pid-1
---ebpf-pid----448783----pid-448783
---ebpf-pid----2029----pid-2029
---ebpf-pid----448783----pid-448520
---ebpf-pid----2029----pid-1
---ebpf-pid----2029----pid-2029
---ebpf-pid----448783----pid-1
---ebpf-pid----2029----pid-2029
---ebpf-pid----2029----pid-1
---ebpf-pid----2029----pid-2029
---ebpf-pid----2029----pid-1
---ebpf-pid----2029----pid-2029
---ebpf-pid----2029----pid-1
---ebpf-pid----2029----pid-2029
---ebpf-pid----2029----pid-1
---ebpf-pid----2029----pid-2029
---ebpf-pid----372714----pid-372714
---ebpf-pid----2029----pid-1
---ebpf-pid----2029----pid-2029
---ebpf-pid----372714----pid-5476
---ebpf-pid----2029----pid-1
---ebpf-pid----2029----pid-2029
---ebpf-pid----372714----pid-1
---ebpf-pid----372714----pid-372714
---ebpf-pid----2029----pid-1
---ebpf-pid----2029----pid-2029
---ebpf-pid----372714----pid-5476
---ebpf-pid----2029----pid-1
---ebpf-pid----2029----pid-2029
---ebpf-pid----372714----pid-1
---ebpf-pid----372714----pid-372714
---ebpf-pid----2029----pid-1
---ebpf-pid----2029----pid-2029
---ebpf-pid----372714----pid-5476
---ebpf-pid----2029----pid-1
---ebpf-pid----2029----pid-2029
---ebpf-pid----372714----pid-1
---ebpf-pid----2029----pid-1
---ebpf-pid----2088----pid-2088
---ebpf-pid----2029----pid-2029
---ebpf-pid----2088----pid-1
---ebpf-pid----2029----pid-1
---ebpf-pid----2088----pid-2088
---ebpf-pid----2029----pid-2029
---ebpf-pid----2029----pid-1
---ebpf-pid----2029----pid-2029
---ebpf-pid----2088----pid-1
---ebpf-pid----379067----pid-379067
---ebpf-pid----2029----pid-1
---ebpf-pid----2029----pid-2029
---ebpf-pid----379067----pid-5476
---ebpf-pid----2029----pid-1
---ebpf-pid----2029----pid-2029
---ebpf-pid----379067----pid-1
---ebpf-pid----379067----pid-379067
---ebpf-pid----2029----pid-1
---ebpf-pid----379067----pid-5476
---ebpf-pid----379067----pid-1
---ebpf-pid----2029----pid-1
---ebpf-pid----379067----pid-379067
---ebpf-pid----2029----pid-2029
---ebpf-pid----379067----pid-5476
---ebpf-pid----2029----pid-1
---ebpf-pid----2029----pid-2029
---ebpf-pid----2029----pid-1
---ebpf-pid----379067----pid-1
---ebpf-pid----2029----pid-2029
---ebpf-pid----379067----pid-379067
---ebpf-pid----2029----pid-1
---ebpf-pid----2029----pid-2029
---ebpf-pid----379067----pid-5476
---ebpf-pid----2029----pid-1
---ebpf-pid----379067----pid-1
---ebpf-pid----2029----pid-2029
---ebpf-pid----379067----pid-379067
---ebpf-pid----2029----pid-1
---ebpf-pid----379067----pid-5476
---ebpf-pid----2029----pid-2029
---ebpf-pid----2029----pid-1
---ebpf-pid----379067----pid-1
---ebpf-pid----2029----pid-2029
---ebpf-pid----379067----pid-379067
---ebpf-pid----2029----pid-1
---ebpf-pid----2029----pid-2029
---ebpf-pid----379067----pid-5476
---ebpf-pid----2029----pid-1
---ebpf-pid----2029----pid-1
---ebpf-pid----2029----pid-2029
---ebpf-pid----379067----pid-1
---ebpf-pid----2029----pid-2029
---ebpf-pid----379067----pid-379067
---ebpf-pid----2029----pid-1
---ebpf-pid----2029----pid-2029
---ebpf-pid----2029----pid-1
---ebpf-pid----379067----pid-5476
---ebpf-pid----2029----pid-2029
---ebpf-pid----2029----pid-1
---ebpf-pid----2029----pid-2029
---ebpf-pid----379067----pid-1
---ebpf-pid----2029----pid-1
---ebpf-pid----379067----pid-379067
---ebpf-pid----2029----pid-1
---ebpf-pid----2029----pid-2029
---ebpf-pid----2029----pid-2029
---ebpf-pid----379067----pid-5476
---ebpf-pid----2029----pid-1
---ebpf-pid----2029----pid-1
---ebpf-pid----2029----pid-2029
---ebpf-pid----2029----pid-2029
---ebpf-pid----379067----pid-1
---ebpf-pid----2029----pid-1
---ebpf-pid----379067----pid-379067
---ebpf-pid----2029----pid-2029
---ebpf-pid----2029----pid-1
---ebpf-pid----2029----pid-2029
---ebpf-pid----379067----pid-5476
---ebpf-pid----2029----pid-1
---ebpf-pid----2029----pid-2029
---ebpf-pid----2029----pid-1
---ebpf-pid----379067----pid-1
---ebpf-pid----2029----pid-2029
---ebpf-pid----379067----pid-379067
---ebpf-pid----2029----pid-1
---ebpf-pid----2029----pid-2029
---ebpf-pid----2029----pid-1
---ebpf-pid----379067----pid-5476
---ebpf-pid----5707----pid-5707
---ebpf-pid----2029----pid-1
---ebpf-pid----2029----pid-2029
---ebpf-pid----379067----pid-1
---ebpf-pid----5707----pid-5476
---ebpf-pid----379067----pid-379067
---ebpf-pid----2029----pid-1
---ebpf-pid----2029----pid-2029
---ebpf-pid----5707----pid-1
---ebpf-pid----379067----pid-5476
---ebpf-pid----5707----pid-5707
---ebpf-pid----2029----pid-1
---ebpf-pid----2029----pid-2029
---ebpf-pid----379067----pid-1
---ebpf-pid----5707----pid-5476
---ebpf-pid----379067----pid-379067
---ebpf-pid----2029----pid-1
---ebpf-pid----2029----pid-2029
---ebpf-pid----5707----pid-1
---ebpf-pid----379067----pid-5476
---ebpf-pid----5707----pid-5707
---ebpf-pid----2029----pid-1
---ebpf-pid----2029----pid-2029
---ebpf-pid----5707----pid-5476
---ebpf-pid----2029----pid-1
---ebpf-pid----2029----pid-2029
---ebpf-pid----2029----pid-1
---ebpf-pid----2029----pid-2029
---ebpf-pid----2029----pid-1
---ebpf-pid----2029----pid-2029
---ebpf-pid----2029----pid-1
---ebpf-pid----2029----pid-2029
---ebpf-pid----2029----pid-1
---ebpf-pid----2029----pid-2029
---ebpf-pid----2029----pid-1
---ebpf-pid----2029----pid-2029
---ebpf-pid----2029----pid-1
---ebpf-pid----2029----pid-2029
---ebpf-pid----2029----pid-1
---ebpf-pid----2029----pid-2029
---ebpf-pid----2029----pid-1
---ebpf-pid----2029----pid-2029
---ebpf-pid----2029----pid-1
---ebpf-pid----2029----pid-2029
---ebpf-pid----2029----pid-1
---ebpf-pid----2029----pid-2029
---ebpf-pid----2029----pid-1
---ebpf-pid----2029----pid-2029
---ebpf-pid----2029----pid-1
---ebpf-pid----2029----pid-2029
---ebpf-pid----2029----pid-1
---ebpf-pid----2029----pid-2029
---ebpf-pid----5707----pid-1
---ebpf-pid----5707----pid-5707
---ebpf-pid----2029----pid-1
---ebpf-pid----2029----pid-2029
---ebpf-pid----5707----pid-5476
---ebpf-pid----2029----pid-1
---ebpf-pid----2029----pid-2029
---ebpf-pid----5707----pid-1
---ebpf-pid----5707----pid-5707
---ebpf-pid----2029----pid-1
---ebpf-pid----2029----pid-2029
---ebpf-pid----5707----pid-5476
---ebpf-pid----2029----pid-1
---ebpf-pid----2029----pid-2029
---ebpf-pid----5707----pid-1
---ebpf-pid----372714----pid-372714
---ebpf-pid----2029----pid-1
---ebpf-pid----2029----pid-2029
---ebpf-pid----372714----pid-5476
---ebpf-pid----2029----pid-1
---ebpf-pid----372714----pid-1
---ebpf-pid----2029----pid-2029
---ebpf-pid----372714----pid-372714
---ebpf-pid----2029----pid-1
---ebpf-pid----2029----pid-2029
---ebpf-pid----372714----pid-5476
---ebpf-pid----2029----pid-1
---ebpf-pid----372714----pid-1
---ebpf-pid----2029----pid-2029
---ebpf-pid----372714----pid-372714
---ebpf-pid----2029----pid-1
---ebpf-pid----2029----pid-2029
---ebpf-pid----2029----pid-1
---ebpf-pid----2029----pid-2029
---ebpf-pid----2029----pid-1
---ebpf-pid----2029----pid-2029
---ebpf-pid----2029----pid-1
---ebpf-pid----2029----pid-2029
---ebpf-pid----2029----pid-1
---ebpf-pid----2029----pid-2029
---ebpf-pid----2029----pid-1
---ebpf-pid----2029----pid-2029
---ebpf-pid----2029----pid-1
---ebpf-pid----2029----pid-2029
---ebpf-pid----2029----pid-1
---ebpf-pid----2029----pid-2029
---ebpf-pid----2029----pid-1
---ebpf-pid----2029----pid-2029
---ebpf-pid----2029----pid-1
---ebpf-pid----2029----pid-2029
---ebpf-pid----2029----pid-1
---ebpf-pid----2029----pid-2029
---ebpf-pid----2029----pid-1
---ebpf-pid----2029----pid-2029
---ebpf-pid----2029----pid-1
---ebpf-pid----379067----pid-379067
---ebpf-pid----379067----pid-5476
---ebpf-pid----379067----pid-1
---ebpf-pid----379067----pid-1
---ebpf-pid----379067----pid-379067
---ebpf-pid----6671----pid-6671
---ebpf-pid----6671----pid-5476
---ebpf-pid----2029----pid-2029
---ebpf-pid----6671----pid-1
---ebpf-pid----379067----pid-5476
---ebpf-pid----6671----pid-6671
---ebpf-pid----2029----pid-1
---ebpf-pid----2029----pid-2029
---ebpf-pid----379067----pid-1
---ebpf-pid----6671----pid-5476
---ebpf-pid----379067----pid-379067
---ebpf-pid----2029----pid-1
---ebpf-pid----6671----pid-1
---ebpf-pid----2029----pid-2029
---ebpf-pid----379067----pid-5476
---ebpf-pid----372714----pid-372714
---ebpf-pid----2029----pid-1
---ebpf-pid----372714----pid-5476
---ebpf-pid----2029----pid-2029
---ebpf-pid----379067----pid-1
---ebpf-pid----372714----pid-1
---ebpf-pid----2029----pid-1
---ebpf-pid----379067----pid-379067
---ebpf-pid----372714----pid-372714
---ebpf-pid----2029----pid-2029
---ebpf-pid----379067----pid-5476
---ebpf-pid----372714----pid-5476
---ebpf-pid----2029----pid-1
---ebpf-pid----2029----pid-2029
---ebpf-pid----379067----pid-1
---ebpf-pid----372714----pid-1
---ebpf-pid----5707----pid-5707
---ebpf-pid----2029----pid-1
---ebpf-pid----2029----pid-2029
---ebpf-pid----5707----pid-5476
---ebpf-pid----2029----pid-1
---ebpf-pid----5707----pid-1
---ebpf-pid----2029----pid-2029
---ebpf-pid----5707----pid-5707
---ebpf-pid----2029----pid-1
---ebpf-pid----5707----pid-5476
---ebpf-pid----2029----pid-2029
---ebpf-pid----2094----pid-2094
---ebpf-pid----5707----pid-1
---ebpf-pid----2029----pid-1
---ebpf-pid----5707----pid-5707
---ebpf-pid----2094----pid-1
---ebpf-pid----2029----pid-2029
---ebpf-pid----2029----pid-2029
---ebpf-pid----5707----pid-5476
---ebpf-pid----2029----pid-1
---ebpf-pid----2029----pid-1
---ebpf-pid----2029----pid-2029
---ebpf-pid----5707----pid-1
---ebpf-pid----2029----pid-2029
---ebpf-pid----5707----pid-5707
---ebpf-pid----2029----pid-1
---ebpf-pid----2029----pid-1
---ebpf-pid----5707----pid-5476
---ebpf-pid----2029----pid-2029
---ebpf-pid----2029----pid-2029
---ebpf-pid----5707----pid-1
---ebpf-pid----2029----pid-1
---ebpf-pid----2029----pid-1
---ebpf-pid----5707----pid-5707
---ebpf-pid----2029----pid-2029
---ebpf-pid----2029----pid-2029
---ebpf-pid----5707----pid-5476
---ebpf-pid----2029----pid-1
---ebpf-pid----2029----pid-1
---ebpf-pid----2029----pid-2029
---ebpf-pid----2029----pid-2029
---ebpf-pid----5707----pid-1
---ebpf-pid----2029----pid-1
---ebpf-pid----2029----pid-1
---ebpf-pid----5707----pid-5707
---ebpf-pid----2088----pid-2088
---ebpf-pid----2029----pid-2029
---ebpf-pid----5707----pid-5476
---ebpf-pid----2088----pid-1
---ebpf-pid----2029----pid-1
---ebpf-pid----379067----pid-379067
---ebpf-pid----2029----pid-2029
---ebpf-pid----379067----pid-5476
---ebpf-pid----2029----pid-1
---ebpf-pid----379067----pid-1
---ebpf-pid----2029----pid-2029
---ebpf-pid----379067----pid-379067
---ebpf-pid----2029----pid-1
---ebpf-pid----379067----pid-5476
---ebpf-pid----2029----pid-2029
---ebpf-pid----379067----pid-1
---ebpf-pid----2029----pid-1
---ebpf-pid----379067----pid-379067
---ebpf-pid----379067----pid-5476
---ebpf-pid----379067----pid-1
---ebpf-pid----379067----pid-379067
---ebpf-pid----379067----pid-5476
---ebpf-pid----379067----pid-1
---ebpf-pid----2094----pid-2094
---ebpf-pid----5707----pid-1
---ebpf-pid----5707----pid-5707
---ebpf-pid----5707----pid-5476
---ebpf-pid----5707----pid-1
---ebpf-pid----372714----pid-5476
---ebpf-pid----2029----pid-2029
---ebpf-pid----5707----pid-5707
---ebpf-pid----372714----pid-1
---ebpf-pid----2029----pid-1
---ebpf-pid----5707----pid-5476
---ebpf-pid----372714----pid-372714
---ebpf-pid----2029----pid-2029
---ebpf-pid----5707----pid-1
---ebpf-pid----5707----pid-5707
---ebpf-pid----2029----pid-1
---ebpf-pid----372714----pid-5476
---ebpf-pid----2029----pid-2029
---ebpf-pid----5707----pid-5476
---ebpf-pid----2029----pid-1
---ebpf-pid----372714----pid-1
---ebpf-pid----2029----pid-2029
---ebpf-pid----5707----pid-1
---ebpf-pid----5707----pid-5707
---ebpf-pid----2029----pid-1
---ebpf-pid----2029----pid-2029
---ebpf-pid----2029----pid-1
---ebpf-pid----5707----pid-5476
---ebpf-pid----2029----pid-2029
---ebpf-pid----5707----pid-1
---ebpf-pid----2029----pid-1
---ebpf-pid----5707----pid-5707
---ebpf-pid----2029----pid-2029
---ebpf-pid----5707----pid-5476
---ebpf-pid----2094----pid-1
---ebpf-pid----2089----pid-2089
---ebpf-pid----2089----pid-1
---ebpf-pid----2089----pid-2089
---ebpf-pid----2089----pid-1
---ebpf-pid----2089----pid-2089
---ebpf-pid----2089----pid-1
---ebpf-pid----5707----pid-1
---ebpf-pid----5707----pid-5707
---ebpf-pid----5707----pid-5476
---ebpf-pid----5707----pid-1
---ebpf-pid----5707----pid-5707
---ebpf-pid----5707----pid-5476
---ebpf-pid----5707----pid-1
---ebpf-pid----5707----pid-5707
---ebpf-pid----5707----pid-5476
---ebpf-pid----5707----pid-1
---ebpf-pid----5707----pid-5707
---ebpf-pid----5707----pid-5476
---ebpf-pid----5707----pid-1
---ebpf-pid----5707----pid-5707
---ebpf-pid----5707----pid-5476
---ebpf-pid----5707----pid-1
---ebpf-pid----5707----pid-5707
---ebpf-pid----5707----pid-5476
---ebpf-pid----5707----pid-1
---ebpf-pid----5707----pid-5707
---ebpf-pid----5707----pid-5476
---ebpf-pid----5707----pid-1
---ebpf-pid----5707----pid-5707
---ebpf-pid----5707----pid-5476
---ebpf-pid----5707----pid-1
---ebpf-pid----5707----pid-5707
---ebpf-pid----5707----pid-5476
---ebpf-pid----5707----pid-1
---ebpf-pid----5707----pid-5707
---ebpf-pid----5707----pid-5476
---ebpf-pid----5707----pid-1
---ebpf-pid----5707----pid-5707
---ebpf-pid----5707----pid-5476
---ebpf-pid----5707----pid-1
---ebpf-pid----5707----pid-5707
---ebpf-pid----5707----pid-5476
---ebpf-pid----5707----pid-1
---ebpf-pid----5707----pid-5707
---ebpf-pid----5707----pid-5476
---ebpf-pid----5707----pid-1
---ebpf-pid----5707----pid-5707
---ebpf-pid----5707----pid-5476
---ebpf-pid----5707----pid-1
---ebpf-pid----2089----pid-2089
---ebpf-pid----2089----pid-1
---ebpf-pid----372881----pid-372881
---ebpf-pid----372881----pid-1
---ebpf-pid----372881----pid-372881
---ebpf-pid----372881----pid-1
---ebpf-pid----372881----pid-372881
---ebpf-pid----372881----pid-1
---ebpf-pid----372881----pid-372881
---ebpf-pid----372881----pid-1
---ebpf-pid----372881----pid-372881
---ebpf-pid----372881----pid-1
---ebpf-pid----372881----pid-372881
---ebpf-pid----372714----pid-372714
---ebpf-pid----372881----pid-1
---ebpf-pid----372881----pid-372881
---ebpf-pid----372714----pid-5476
---ebpf-pid----372881----pid-1
---ebpf-pid----372881----pid-372881
---ebpf-pid----372714----pid-1
---ebpf-pid----372881----pid-1
---ebpf-pid----372881----pid-372881
---ebpf-pid----372714----pid-372714
---ebpf-pid----372881----pid-1
---ebpf-pid----372881----pid-372881
---ebpf-pid----372714----pid-5476
---ebpf-pid----372881----pid-1
---ebpf-pid----372881----pid-372881
---ebpf-pid----372714----pid-1
---ebpf-pid----372881----pid-1
---ebpf-pid----372714----pid-372714
---ebpf-pid----372881----pid-372881
---ebpf-pid----372881----pid-1
---ebpf-pid----372714----pid-5476
---ebpf-pid----372881----pid-372881
---ebpf-pid----372714----pid-1
---ebpf-pid----372881----pid-1
---ebpf-pid----372714----pid-372714
---ebpf-pid----372881----pid-372881
---ebpf-pid----2029----pid-1
---ebpf-pid----372881----pid-1
---ebpf-pid----372714----pid-5476
---ebpf-pid----2029----pid-2029
---ebpf-pid----372881----pid-372881
---ebpf-pid----372714----pid-1
---ebpf-pid----2029----pid-1
---ebpf-pid----372881----pid-1
---ebpf-pid----372714----pid-372714
---ebpf-pid----2029----pid-2029
---ebpf-pid----372881----pid-372881
---ebpf-pid----372714----pid-5476
---ebpf-pid----2029----pid-1
---ebpf-pid----372881----pid-1
---ebpf-pid----2029----pid-2029
---ebpf-pid----372881----pid-372881
---ebpf-pid----372714----pid-1
---ebpf-pid----2029----pid-1
---ebpf-pid----372881----pid-1
---ebpf-pid----372714----pid-372714
---ebpf-pid----2029----pid-2029
---ebpf-pid----372881----pid-372881
---ebpf-pid----372714----pid-5476
---ebpf-pid----372881----pid-1
---ebpf-pid----2029----pid-1
---ebpf-pid----372881----pid-372881
---ebpf-pid----2029----pid-2029
---ebpf-pid----372714----pid-1
---ebpf-pid----372714----pid-372714
---ebpf-pid----372881----pid-1
---ebpf-pid----2029----pid-1
---ebpf-pid----372881----pid-372881
---ebpf-pid----2029----pid-2029
---ebpf-pid----372714----pid-5476
---ebpf-pid----372881----pid-1
---ebpf-pid----2029----pid-1
---ebpf-pid----372881----pid-372881
---ebpf-pid----372714----pid-1
---ebpf-pid----2029----pid-2029
---ebpf-pid----2094----pid-2094
---ebpf-pid----2029----pid-1
---ebpf-pid----2094----pid-1
---ebpf-pid----2029----pid-2029
---ebpf-pid----2094----pid-2094
---ebpf-pid----2029----pid-1
---ebpf-pid----2094----pid-1
---ebpf-pid----2029----pid-2029
---ebpf-pid----2094----pid-2094
---ebpf-pid----2029----pid-1
---ebpf-pid----2029----pid-2029
---ebpf-pid----2094----pid-1
---ebpf-pid----2094----pid-2094
---ebpf-pid----2029----pid-1
---ebpf-pid----5707----pid-5707
---ebpf-pid----2029----pid-2029
---ebpf-pid----2094----pid-1
---ebpf-pid----372881----pid-1
---ebpf-pid----372881----pid-372881
---ebpf-pid----2094----pid-2094
---ebpf-pid----372881----pid-1
---ebpf-pid----2094----pid-1
---ebpf-pid----372881----pid-372881
---ebpf-pid----2094----pid-2094
---ebpf-pid----2094----pid-1
---ebpf-pid----372881----pid-1
---ebpf-pid----372881----pid-372881
---ebpf-pid----5707----pid-5476
---ebpf-pid----372881----pid-1
---ebpf-pid----372881----pid-372881
---ebpf-pid----5707----pid-1
---ebpf-pid----372881----pid-1
---ebpf-pid----5707----pid-5707
---ebpf-pid----372881----pid-372881
---ebpf-pid----5707----pid-5476
---ebpf-pid----2029----pid-1
---ebpf-pid----372881----pid-1
---ebpf-pid----2029----pid-2029
---ebpf-pid----372881----pid-372881
---ebpf-pid----2029----pid-1
---ebpf-pid----372881----pid-1
---ebpf-pid----2029----pid-2029
---ebpf-pid----372881----pid-372881
---ebpf-pid----2029----pid-1
---ebpf-pid----372881----pid-1
---ebpf-pid----2029----pid-2029
---ebpf-pid----372881----pid-372881
---ebpf-pid----372881----pid-1
---ebpf-pid----372881----pid-372881
---ebpf-pid----5707----pid-1
---ebpf-pid----372881----pid-1
---ebpf-pid----5707----pid-5707
---ebpf-pid----2029----pid-2029
---ebpf-pid----5707----pid-5476
---ebpf-pid----2029----pid-1
---ebpf-pid----2029----pid-2029
---ebpf-pid----2029----pid-1
---ebpf-pid----2029----pid-2029
---ebpf-pid----2029----pid-1
---ebpf-pid----2029----pid-1
---ebpf-pid----2029----pid-2029
---ebpf-pid----2029----pid-2029
---ebpf-pid----2029----pid-1
---ebpf-pid----2029----pid-1
---ebpf-pid----2029----pid-2029
---ebpf-pid----2029----pid-2029
---ebpf-pid----2029----pid-1
---ebpf-pid----2029----pid-1
---ebpf-pid----2029----pid-2029
---ebpf-pid----2029----pid-2029
---ebpf-pid----2029----pid-1
---ebpf-pid----2029----pid-1
---ebpf-pid----2029----pid-2029
---ebpf-pid----2029----pid-1
---ebpf-pid----2029----pid-2029
---ebpf-pid----2029----pid-1
---ebpf-pid----2029----pid-2029
---ebpf-pid----2029----pid-1
---ebpf-pid----2029----pid-2029
---ebpf-pid----2029----pid-1
---ebpf-pid----2029----pid-2029
---ebpf-pid----2029----pid-1
---ebpf-pid----2029----pid-2029
---ebpf-pid----2029----pid-1
---ebpf-pid----2029----pid-2029
---ebpf-pid----2029----pid-1
---ebpf-pid----2029----pid-2029
---ebpf-pid----2094----pid-2094
---ebpf-pid----2094----pid-1
---ebpf-pid----2094----pid-2094
---ebpf-pid----2094----pid-1
---ebpf-pid----2094----pid-2094
---ebpf-pid----2094----pid-1
---ebpf-pid----2094----pid-2094
---ebpf-pid----2094----pid-1
---ebpf-pid----2094----pid-2094
---ebpf-pid----2029----pid-1
---ebpf-pid----2029----pid-2029
---ebpf-pid----2094----pid-1
---ebpf-pid----2029----pid-1
---ebpf-pid----2094----pid-2094
---ebpf-pid----2029----pid-2029
---ebpf-pid----2029----pid-1
---ebpf-pid----2094----pid-1
---ebpf-pid----2029----pid-2029
---ebpf-pid----2094----pid-2094
---ebpf-pid----2029----pid-1
---ebpf-pid----2094----pid-1
---ebpf-pid----2029----pid-2029
---ebpf-pid----2094----pid-2094
---ebpf-pid----2029----pid-1
---ebpf-pid----2029----pid-2029
---ebpf-pid----2094----pid-1
---ebpf-pid----2094----pid-2094
---ebpf-pid----5707----pid-1
---ebpf-pid----2029----pid-1
---ebpf-pid----2029----pid-2029
---ebpf-pid----2094----pid-1
---ebpf-pid----5707----pid-5707
---ebpf-pid----2094----pid-2094
---ebpf-pid----2029----pid-1
---ebpf-pid----5707----pid-5476
---ebpf-pid----5707----pid-5707
---ebpf-pid----2094----pid-1
---ebpf-pid----2094----pid-2094
---ebpf-pid----5707----pid-5476
---ebpf-pid----5707----pid-1
---ebpf-pid----5707----pid-5707
---ebpf-pid----2094----pid-1
---ebpf-pid----5707----pid-1
---ebpf-pid----2094----pid-2094
---ebpf-pid----5707----pid-5707
---ebpf-pid----5707----pid-5476
---ebpf-pid----5707----pid-5476
---ebpf-pid----2094----pid-1
---ebpf-pid----5707----pid-1
---ebpf-pid----2094----pid-2094
---ebpf-pid----5707----pid-5707
---ebpf-pid----5707----pid-1
---ebpf-pid----5707----pid-5707
---ebpf-pid----5707----pid-5476
---ebpf-pid----2094----pid-1
---ebpf-pid----2094----pid-2094
---ebpf-pid----5707----pid-5476
---ebpf-pid----5707----pid-1
---ebpf-pid----5707----pid-5707
---ebpf-pid----2094----pid-1
---ebpf-pid----5707----pid-1
---ebpf-pid----2094----pid-2094
---ebpf-pid----448785----pid-448785
---ebpf-pid----5707----pid-5476
---ebpf-pid----2094----pid-1
---ebpf-pid----448785----pid-448520
---ebpf-pid----5707----pid-1
---ebpf-pid----2094----pid-2094
---ebpf-pid----5707----pid-5707
---ebpf-pid----448785----pid-1
---ebpf-pid----2094----pid-1
---ebpf-pid----448785----pid-448785
---ebpf-pid----5707----pid-5476
---ebpf-pid----2094----pid-2094
---ebpf-pid----448785----pid-448520
---ebpf-pid----5707----pid-1
---ebpf-pid----2094----pid-1
---ebpf-pid----5707----pid-5707
---ebpf-pid----2094----pid-2094
---ebpf-pid----448785----pid-1
---ebpf-pid----448782----pid-448782
---ebpf-pid----5707----pid-5476
---ebpf-pid----2094----pid-1
---ebpf-pid----2094----pid-2094
---ebpf-pid----5707----pid-1
---ebpf-pid----448782----pid-448520
---ebpf-pid----5707----pid-5707
---ebpf-pid----2094----pid-1
---ebpf-pid----448782----pid-1
---ebpf-pid----2094----pid-2094
---ebpf-pid----5707----pid-5476
---ebpf-pid----448785----pid-448785
---ebpf-pid----448785----pid-448520
---ebpf-pid----5707----pid-1
---ebpf-pid----2094----pid-1
---ebpf-pid----2094----pid-2094
---ebpf-pid----5707----pid-5707
---ebpf-pid----448785----pid-1
---ebpf-pid----2029----pid-2029
---ebpf-pid----5707----pid-5476
---ebpf-pid----2094----pid-1
---ebpf-pid----2094----pid-2094
---ebpf-pid----2029----pid-1
---ebpf-pid----5707----pid-1
---ebpf-pid----2029----pid-2029
---ebpf-pid----5707----pid-5707
---ebpf-pid----2094----pid-1
---ebpf-pid----2094----pid-2094
---ebpf-pid----2029----pid-1
---ebpf-pid----5707----pid-5476
---ebpf-pid----5707----pid-5707
---ebpf-pid----5707----pid-1
---ebpf-pid----2029----pid-2029
---ebpf-pid----5707----pid-5707
---ebpf-pid----2029----pid-1
---ebpf-pid----5707----pid-5476
---ebpf-pid----2029----pid-2029
---ebpf-pid----5707----pid-1
---ebpf-pid----2029----pid-1
---ebpf-pid----5707----pid-5707
---ebpf-pid----2029----pid-2029
---ebpf-pid----5707----pid-5476
---ebpf-pid----2029----pid-1
---ebpf-pid----2029----pid-2029
---ebpf-pid----5707----pid-1
---ebpf-pid----5707----pid-5707
---ebpf-pid----2029----pid-1
---ebpf-pid----2029----pid-2029
---ebpf-pid----5707----pid-5476
---ebpf-pid----2029----pid-1
---ebpf-pid----2029----pid-2029
---ebpf-pid----5707----pid-1
---ebpf-pid----5707----pid-5707
---ebpf-pid----2029----pid-1
---ebpf-pid----2029----pid-2029
---ebpf-pid----5707----pid-5476
---ebpf-pid----2029----pid-1
---ebpf-pid----2029----pid-2029
---ebpf-pid----2029----pid-1
---ebpf-pid----2029----pid-2029
---ebpf-pid----2029----pid-1
---ebpf-pid----2029----pid-2029
---ebpf-pid----2029----pid-1
---ebpf-pid----2029----pid-2029
---ebpf-pid----2029----pid-1
---ebpf-pid----2029----pid-2029
---ebpf-pid----2029----pid-1
---ebpf-pid----2029----pid-2029
---ebpf-pid----2029----pid-1
---ebpf-pid----2029----pid-2029
---ebpf-pid----2029----pid-1
---ebpf-pid----2029----pid-2029
---ebpf-pid----2029----pid-1
---ebpf-pid----2029----pid-2029
---ebpf-pid----2029----pid-1
---ebpf-pid----2029----pid-2029
---ebpf-pid----2029----pid-1
---ebpf-pid----2029----pid-2029
---ebpf-pid----2029----pid-1
---ebpf-pid----2029----pid-2029
---ebpf-pid----2094----pid-1
---ebpf-pid----2094----pid-2094
---ebpf-pid----2094----pid-1
---ebpf-pid----2094----pid-2094
---ebpf-pid----2094----pid-1
---ebpf-pid----2094----pid-2094
---ebpf-pid----2094----pid-1
---ebpf-pid----2094----pid-2094
---ebpf-pid----2094----pid-1
---ebpf-pid----2094----pid-2094
---ebpf-pid----2094----pid-1
---ebpf-pid----2094----pid-2094
---ebpf-pid----2094----pid-1
---ebpf-pid----2094----pid-2094
---ebpf-pid----2094----pid-1
---ebpf-pid----5707----pid-1
---ebpf-pid----2094----pid-2094
---ebpf-pid----5707----pid-5707
---ebpf-pid----2094----pid-1
---ebpf-pid----5707----pid-5476
---ebpf-pid----2094----pid-2094
---ebpf-pid----5707----pid-1
---ebpf-pid----2094----pid-1
---ebpf-pid----5707----pid-5707
---ebpf-pid----2094----pid-2094
---ebpf-pid----5707----pid-5476
---ebpf-pid----2094----pid-1
---ebpf-pid----5707----pid-1
---ebpf-pid----2094----pid-2094
---ebpf-pid----5707----pid-5707
---ebpf-pid----2094----pid-1
---ebpf-pid----5707----pid-5476
---ebpf-pid----2094----pid-2094
---ebpf-pid----5707----pid-1
---ebpf-pid----2094----pid-1
---ebpf-pid----5707----pid-5707
---ebpf-pid----2094----pid-2094
---ebpf-pid----5707----pid-5476
---ebpf-pid----2094----pid-1
---ebpf-pid----2094----pid-2094
---ebpf-pid----5707----pid-1
---ebpf-pid----5707----pid-5707
---ebpf-pid----2094----pid-1
---ebpf-pid----5707----pid-5476
---ebpf-pid----2029----pid-1
---ebpf-pid----5707----pid-1
---ebpf-pid----2094----pid-2094
---ebpf-pid----5707----pid-5707
---ebpf-pid----2029----pid-2029
---ebpf-pid----5707----pid-5476
---ebpf-pid----2029----pid-1
---ebpf-pid----2094----pid-1
---ebpf-pid----2029----pid-2029
---ebpf-pid----2094----pid-2094
---ebpf-pid----5707----pid-1
---ebpf-pid----5707----pid-5707
---ebpf-pid----2029----pid-1
---ebpf-pid----2029----pid-2029
---ebpf-pid----5707----pid-5476
---ebpf-pid----2094----pid-1
---ebpf-pid----2094----pid-2094
---ebpf-pid----5707----pid-1
---ebpf-pid----2029----pid-1
---ebpf-pid----5707----pid-5707
---ebpf-pid----2094----pid-1
---ebpf-pid----2029----pid-2029
---ebpf-pid----2094----pid-2094
---ebpf-pid----5707----pid-5476
---ebpf-pid----2029----pid-1
---ebpf-pid----2029----pid-2029
---ebpf-pid----2094----pid-1
---ebpf-pid----5707----pid-1
---ebpf-pid----2094----pid-2094
---ebpf-pid----5707----pid-5707
---ebpf-pid----2029----pid-1
---ebpf-pid----2029----pid-2029
---ebpf-pid----5707----pid-5476
---ebpf-pid----2094----pid-1
---ebpf-pid----2094----pid-2094
---ebpf-pid----2029----pid-1
---ebpf-pid----5707----pid-1
---ebpf-pid----2029----pid-2029
---ebpf-pid----5707----pid-5707
---ebpf-pid----2094----pid-1
---ebpf-pid----2094----pid-2094
---ebpf-pid----2029----pid-1
---ebpf-pid----5707----pid-5476
---ebpf-pid----2029----pid-2029
---ebpf-pid----2094----pid-1
---ebpf-pid----2029----pid-1
---ebpf-pid----5707----pid-1
---ebpf-pid----2029----pid-2029
---ebpf-pid----5707----pid-5707
---ebpf-pid----2029----pid-1
---ebpf-pid----2094----pid-2094
---ebpf-pid----2094----pid-1
---ebpf-pid----2094----pid-2094
---ebpf-pid----2094----pid-1
---ebpf-pid----2094----pid-2094
---ebpf-pid----2094----pid-1
---ebpf-pid----2094----pid-2094
---ebpf-pid----2094----pid-1
---ebpf-pid----2094----pid-2094
---ebpf-pid----2094----pid-1
---ebpf-pid----2094----pid-2094
---ebpf-pid----2094----pid-1
---ebpf-pid----2094----pid-2094
---ebpf-pid----2094----pid-1
---ebpf-pid----2094----pid-2094
---ebpf-pid----2094----pid-1
---ebpf-pid----5707----pid-5476
---ebpf-pid----2094----pid-2094
---ebpf-pid----5707----pid-1
---ebpf-pid----2094----pid-1
---ebpf-pid----5707----pid-5707
---ebpf-pid----2094----pid-2094
---ebpf-pid----5707----pid-5476
---ebpf-pid----5707----pid-5476
---ebpf-pid----2094----pid-1
---ebpf-pid----5707----pid-1
---ebpf-pid----2094----pid-2094
---ebpf-pid----5707----pid-5707
---ebpf-pid----5707----pid-1
---ebpf-pid----5707----pid-5707
---ebpf-pid----2094----pid-1
---ebpf-pid----5707----pid-5476
---ebpf-pid----2094----pid-2094
---ebpf-pid----5707----pid-5476
---ebpf-pid----5707----pid-1
---ebpf-pid----2094----pid-1
---ebpf-pid----5707----pid-5707
---ebpf-pid----5707----pid-1
---ebpf-pid----2094----pid-2094
---ebpf-pid----5707----pid-5707
---ebpf-pid----5707----pid-5476
---ebpf-pid----2094----pid-1
---ebpf-pid----5707----pid-5476
---ebpf-pid----2094----pid-2094
---ebpf-pid----5707----pid-1
---ebpf-pid----5707----pid-5707
---ebpf-pid----5707----pid-1
---ebpf-pid----6671----pid-6671
---ebpf-pid----5707----pid-5476
---ebpf-pid----6671----pid-5476
---ebpf-pid----5707----pid-1
---ebpf-pid----5707----pid-5707
---ebpf-pid----6671----pid-1
---ebpf-pid----6671----pid-6671
---ebpf-pid----5707----pid-5476
---ebpf-pid----6671----pid-5476
---ebpf-pid----5707----pid-1
---ebpf-pid----5707----pid-5707
---ebpf-pid----6671----pid-1
---ebpf-pid----6671----pid-6671
---ebpf-pid----5707----pid-5476
---ebpf-pid----2094----pid-1
---ebpf-pid----6671----pid-5476
---ebpf-pid----5707----pid-1
---ebpf-pid----2094----pid-2094
---ebpf-pid----5707----pid-5707
---ebpf-pid----6671----pid-1
---ebpf-pid----6671----pid-6671
---ebpf-pid----5707----pid-5476
---ebpf-pid----2094----pid-1
---ebpf-pid----6671----pid-5476
---ebpf-pid----2094----pid-2094
---ebpf-pid----5707----pid-1
---ebpf-pid----5707----pid-5707
---ebpf-pid----6671----pid-1
---ebpf-pid----2094----pid-1
---ebpf-pid----6671----pid-6671
---ebpf-pid----2094----pid-2094
---ebpf-pid----2029----pid-2029
---ebpf-pid----6671----pid-5476
---ebpf-pid----2094----pid-1
---ebpf-pid----6671----pid-1
---ebpf-pid----2029----pid-1
---ebpf-pid----2094----pid-2094
---ebpf-pid----6671----pid-6671
---ebpf-pid----372714----pid-372714
---ebpf-pid----2094----pid-1
---ebpf-pid----6671----pid-5476
---ebpf-pid----372714----pid-5476
---ebpf-pid----2094----pid-2094
---ebpf-pid----6671----pid-1
---ebpf-pid----372714----pid-1
---ebpf-pid----2094----pid-1
---ebpf-pid----6671----pid-6671
---ebpf-pid----372714----pid-372714
---ebpf-pid----2094----pid-2094
---ebpf-pid----6671----pid-5476
---ebpf-pid----372714----pid-5476
---ebpf-pid----2094----pid-1
---ebpf-pid----372714----pid-1
---ebpf-pid----6671----pid-1
---ebpf-pid----372714----pid-372714
---ebpf-pid----6671----pid-6671
---ebpf-pid----372714----pid-5476
---ebpf-pid----6671----pid-5476
---ebpf-pid----372714----pid-1
---ebpf-pid----6671----pid-1
---ebpf-pid----372714----pid-372714
---ebpf-pid----6671----pid-6671
---ebpf-pid----372714----pid-5476
---ebpf-pid----372714----pid-1
---ebpf-pid----372714----pid-372714
---ebpf-pid----372714----pid-5476
---ebpf-pid----372714----pid-1
---ebpf-pid----5707----pid-5707
---ebpf-pid----5707----pid-5476
---ebpf-pid----5707----pid-1
---ebpf-pid----5707----pid-5707
---ebpf-pid----5707----pid-5476
---ebpf-pid----5707----pid-1
---ebpf-pid----5707----pid-5707
---ebpf-pid----5707----pid-5476
---ebpf-pid----5707----pid-1
---ebpf-pid----379067----pid-379067
---ebpf-pid----5707----pid-5476
---ebpf-pid----5707----pid-1
---ebpf-pid----5707----pid-5707
---ebpf-pid----5707----pid-5476
---ebpf-pid----5707----pid-1
---ebpf-pid----5707----pid-5707
---ebpf-pid----5707----pid-5476
---ebpf-pid----5707----pid-1
---ebpf-pid----5707----pid-5707
---ebpf-pid----5707----pid-5476
---ebpf-pid----5707----pid-1
---ebpf-pid----5707----pid-5707
---ebpf-pid----5707----pid-5476
---ebpf-pid----5707----pid-1
---ebpf-pid----5707----pid-5707
---ebpf-pid----5707----pid-5476
---ebpf-pid----5707----pid-1
---ebpf-pid----5707----pid-5707
---ebpf-pid----5707----pid-5476
---ebpf-pid----5707----pid-1
---ebpf-pid----5707----pid-5707
---ebpf-pid----5707----pid-5476
---ebpf-pid----5707----pid-1
---ebpf-pid----5707----pid-5707
---ebpf-pid----5707----pid-5476
---ebpf-pid----5707----pid-1
---ebpf-pid----5707----pid-5707
---ebpf-pid----5707----pid-5476
---ebpf-pid----5707----pid-1
---ebpf-pid----5707----pid-5707
---ebpf-pid----5707----pid-5476
---ebpf-pid----5707----pid-1
---ebpf-pid----5707----pid-5707
---ebpf-pid----5707----pid-5476
---ebpf-pid----5707----pid-1
---ebpf-pid----5707----pid-5707
---ebpf-pid----5707----pid-5476
---ebpf-pid----5707----pid-1
---ebpf-pid----5707----pid-5707
---ebpf-pid----5707----pid-5476
---ebpf-pid----5707----pid-1
---ebpf-pid----5707----pid-5707
---ebpf-pid----5707----pid-5476
---ebpf-pid----379067----pid-5476
---ebpf-pid----379067----pid-1
---ebpf-pid----379067----pid-379067
---ebpf-pid----379067----pid-5476
---ebpf-pid----379067----pid-1
---ebpf-pid----2094----pid-2094
---ebpf-pid----379067----pid-379067
---ebpf-pid----379067----pid-5476
---ebpf-pid----379067----pid-1
---ebpf-pid----2094----pid-1
---ebpf-pid----379067----pid-379067
---ebpf-pid----2094----pid-2094
---ebpf-pid----379067----pid-5476
---ebpf-pid----379067----pid-1
---ebpf-pid----2094----pid-1
---ebpf-pid----379067----pid-379067
---ebpf-pid----2094----pid-2094
---ebpf-pid----379067----pid-5476
---ebpf-pid----2094----pid-1
---ebpf-pid----379067----pid-1
---ebpf-pid----2094----pid-2094
---ebpf-pid----379067----pid-379067
---ebpf-pid----2094----pid-1
---ebpf-pid----2094----pid-2094
---ebpf-pid----379067----pid-5476
---ebpf-pid----379067----pid-1
---ebpf-pid----2094----pid-1
---ebpf-pid----379067----pid-379067
---ebpf-pid----2094----pid-2094
---ebpf-pid----379067----pid-5476
---ebpf-pid----379067----pid-1
---ebpf-pid----379067----pid-379067
---ebpf-pid----379067----pid-5476
---ebpf-pid----379067----pid-1
---ebpf-pid----379067----pid-379067
---ebpf-pid----2094----pid-1
---ebpf-pid----2094----pid-2094
---ebpf-pid----379067----pid-5476
---ebpf-pid----2094----pid-1
---ebpf-pid----379067----pid-1
---ebpf-pid----379067----pid-379067
---ebpf-pid----2094----pid-2094
---ebpf-pid----2094----pid-1
---ebpf-pid----5707----pid-1
---ebpf-pid----5707----pid-5707
---ebpf-pid----2094----pid-2094
---ebpf-pid----5707----pid-5476
---ebpf-pid----2094----pid-1
---ebpf-pid----2094----pid-2094
---ebpf-pid----5707----pid-1
---ebpf-pid----5707----pid-5707
---ebpf-pid----2094----pid-1
---ebpf-pid----5707----pid-5476
---ebpf-pid----2094----pid-2094
---ebpf-pid----5707----pid-1
---ebpf-pid----5707----pid-5707
---ebpf-pid----2094----pid-1
---ebpf-pid----2094----pid-2094
---ebpf-pid----5707----pid-5476
---ebpf-pid----2094----pid-1
---ebpf-pid----5707----pid-1
---ebpf-pid----2094----pid-2094
---ebpf-pid----5707----pid-5707
---ebpf-pid----5707----pid-5476
---ebpf-pid----2094----pid-1
---ebpf-pid----2094----pid-2094
---ebpf-pid----2094----pid-1
---ebpf-pid----2094----pid-2094
---ebpf-pid----379067----pid-5476
---ebpf-pid----379067----pid-1
---ebpf-pid----2094----pid-1
---ebpf-pid----379067----pid-379067
---ebpf-pid----2094----pid-2094
---ebpf-pid----379067----pid-5476
---ebpf-pid----2094----pid-1
---ebpf-pid----2094----pid-2094
---ebpf-pid----379067----pid-1
---ebpf-pid----379067----pid-379067
---ebpf-pid----2094----pid-1
---ebpf-pid----379067----pid-5476
---ebpf-pid----2094----pid-2094
---ebpf-pid----379067----pid-1
---ebpf-pid----2094----pid-1
---ebpf-pid----379067----pid-379067
---ebpf-pid----5707----pid-5707
---ebpf-pid----379067----pid-5476
---ebpf-pid----5707----pid-5476
---ebpf-pid----379067----pid-1
---ebpf-pid----379067----pid-379067
---ebpf-pid----5707----pid-1
---ebpf-pid----379067----pid-5476
---ebpf-pid----379067----pid-1
---ebpf-pid----379067----pid-379067
---ebpf-pid----379067----pid-5476
---ebpf-pid----379067----pid-1
---ebpf-pid----379067----pid-379067
---ebpf-pid----379067----pid-5476
---ebpf-pid----379067----pid-1
---ebpf-pid----379067----pid-379067
---ebpf-pid----379067----pid-5476
---ebpf-pid----379067----pid-1
---ebpf-pid----379067----pid-379067
---ebpf-pid----379067----pid-5476
---ebpf-pid----379067----pid-1
---ebpf-pid----5707----pid-5707
---ebpf-pid----5707----pid-5476
---ebpf-pid----5707----pid-1
---ebpf-pid----6671----pid-6671
---ebpf-pid----6671----pid-5476
---ebpf-pid----6671----pid-1
---ebpf-pid----6671----pid-6671
---ebpf-pid----6671----pid-5476
---ebpf-pid----6671----pid-1
---ebpf-pid----6671----pid-6671
---ebpf-pid----6671----pid-5476
---ebpf-pid----6671----pid-1
---ebpf-pid----6671----pid-6671
---ebpf-pid----6671----pid-5476
---ebpf-pid----379067----pid-379067
---ebpf-pid----6671----pid-1
---ebpf-pid----372714----pid-372714
---ebpf-pid----372714----pid-5476
---ebpf-pid----6671----pid-5476
---ebpf-pid----372714----pid-1
---ebpf-pid----372714----pid-372714
---ebpf-pid----6671----pid-1
---ebpf-pid----6671----pid-6671
---ebpf-pid----372714----pid-5476
---ebpf-pid----6671----pid-5476
---ebpf-pid----372714----pid-1
---ebpf-pid----372714----pid-372714
---ebpf-pid----6671----pid-1
---ebpf-pid----379067----pid-5476
---ebpf-pid----372881----pid-372881
---ebpf-pid----372714----pid-5476
---ebpf-pid----379067----pid-1
---ebpf-pid----372881----pid-1
---ebpf-pid----379067----pid-379067
---ebpf-pid----372714----pid-1
---ebpf-pid----372881----pid-372881
---ebpf-pid----372714----pid-372714
---ebpf-pid----379067----pid-5476
---ebpf-pid----372881----pid-1
---ebpf-pid----372714----pid-5476
---ebpf-pid----372881----pid-372881
---ebpf-pid----379067----pid-1
---ebpf-pid----379067----pid-379067
---ebpf-pid----379067----pid-5476
---ebpf-pid----5707----pid-1
---ebpf-pid----5707----pid-5707
---ebpf-pid----5707----pid-5476
---ebpf-pid----5707----pid-1
---ebpf-pid----5707----pid-5707
---ebpf-pid----5707----pid-5476
---ebpf-pid----5707----pid-1
---ebpf-pid----372714----pid-1
---ebpf-pid----6671----pid-6671
---ebpf-pid----379067----pid-1
---ebpf-pid----372881----pid-1
---ebpf-pid----372881----pid-372881
---ebpf-pid----372881----pid-1
---ebpf-pid----372881----pid-372881
---ebpf-pid----379067----pid-379067
---ebpf-pid----6671----pid-5476
---ebpf-pid----379067----pid-5476
---ebpf-pid----379067----pid-1
---ebpf-pid----379067----pid-379067
---ebpf-pid----379067----pid-5476
---ebpf-pid----379067----pid-1
---ebpf-pid----379067----pid-379067
---ebpf-pid----379067----pid-5476
---ebpf-pid----379067----pid-1
---ebpf-pid----379067----pid-379067
---ebpf-pid----379067----pid-5476
---ebpf-pid----379067----pid-1
---ebpf-pid----379067----pid-379067
---ebpf-pid----379067----pid-5476
---ebpf-pid----379067----pid-1
---ebpf-pid----6671----pid-1
---ebpf-pid----6671----pid-6671
---ebpf-pid----372881----pid-1
---ebpf-pid----6671----pid-5476
---ebpf-pid----372881----pid-372881
---ebpf-pid----6671----pid-1
---ebpf-pid----379067----pid-379067
---ebpf-pid----372881----pid-1
---ebpf-pid----6671----pid-6671
---ebpf-pid----372881----pid-372881
---ebpf-pid----379067----pid-5476
---ebpf-pid----6671----pid-5476
---ebpf-pid----372881----pid-1
---ebpf-pid----379067----pid-1
---ebpf-pid----372881----pid-372881
---ebpf-pid----6671----pid-1
---ebpf-pid----379067----pid-379067
---ebpf-pid----6671----pid-6671
---ebpf-pid----372881----pid-1
---ebpf-pid----6671----pid-5476
---ebpf-pid----379067----pid-5476
---ebpf-pid----372881----pid-372881
---ebpf-pid----6671----pid-1
---ebpf-pid----379067----pid-1
---ebpf-pid----372881----pid-1
---ebpf-pid----6671----pid-6671
---ebpf-pid----379067----pid-379067
---ebpf-pid----372881----pid-372881
---ebpf-pid----6671----pid-5476
---ebpf-pid----379067----pid-5476
---ebpf-pid----372881----pid-1
---ebpf-pid----6671----pid-1
---ebpf-pid----372881----pid-372881
---ebpf-pid----379067----pid-1
---ebpf-pid----6671----pid-6671
---ebpf-pid----379067----pid-379067
---ebpf-pid----372881----pid-1
---ebpf-pid----6671----pid-5476
---ebpf-pid----372881----pid-372881
---ebpf-pid----379067----pid-5476
---ebpf-pid----6671----pid-1
---ebpf-pid----379067----pid-1
---ebpf-pid----6671----pid-6671
---ebpf-pid----379067----pid-379067
---ebpf-pid----372881----pid-1
---ebpf-pid----372881----pid-372881
---ebpf-pid----6671----pid-5476
---ebpf-pid----379067----pid-5476
---ebpf-pid----372881----pid-1
---ebpf-pid----6671----pid-1
---ebpf-pid----379067----pid-1
---ebpf-pid----372881----pid-372881
---ebpf-pid----6671----pid-6671
---ebpf-pid----379067----pid-379067
---ebpf-pid----372881----pid-1
---ebpf-pid----6671----pid-5476
---ebpf-pid----2094----pid-2094
---ebpf-pid----379067----pid-5476
---ebpf-pid----6671----pid-1
---ebpf-pid----379067----pid-1
---ebpf-pid----379067----pid-379067
---ebpf-pid----6671----pid-6671
---ebpf-pid----379067----pid-5476
---ebpf-pid----6671----pid-5476
---ebpf-pid----379067----pid-1
---ebpf-pid----5707----pid-5707
---ebpf-pid----379067----pid-379067
---ebpf-pid----379067----pid-5476
---ebpf-pid----6671----pid-1
---ebpf-pid----6671----pid-6671
---ebpf-pid----5707----pid-5476
---ebpf-pid----379067----pid-1
---ebpf-pid----379067----pid-379067
---ebpf-pid----6671----pid-5476
---ebpf-pid----5707----pid-1
---ebpf-pid----5707----pid-5707
---ebpf-pid----379067----pid-5476
---ebpf-pid----5707----pid-5476
---ebpf-pid----379067----pid-1
---ebpf-pid----6671----pid-1
---ebpf-pid----379067----pid-379067
---ebpf-pid----6671----pid-6671
---ebpf-pid----5707----pid-1
---ebpf-pid----5707----pid-5707
---ebpf-pid----5707----pid-5476
---ebpf-pid----5707----pid-1
---ebpf-pid----5707----pid-5707
---ebpf-pid----5707----pid-5476
---ebpf-pid----5707----pid-1
---ebpf-pid----5707----pid-5707
---ebpf-pid----5707----pid-5476
---ebpf-pid----5707----pid-1
---ebpf-pid----2089----pid-2089
---ebpf-pid----2089----pid-1
---ebpf-pid----2089----pid-2089
---ebpf-pid----2089----pid-1
---ebpf-pid----2089----pid-2089
---ebpf-pid----2089----pid-1
---ebpf-pid----2089----pid-2089
---ebpf-pid----2089----pid-1
---ebpf-pid----2089----pid-2089
---ebpf-pid----2089----pid-1
---ebpf-pid----2089----pid-2089
---ebpf-pid----2089----pid-1
---ebpf-pid----2089----pid-2089
---ebpf-pid----2089----pid-1
---ebpf-pid----2089----pid-2089
---ebpf-pid----2089----pid-1
---ebpf-pid----2089----pid-2089
---ebpf-pid----2089----pid-1
---ebpf-pid----2089----pid-2089
---ebpf-pid----379067----pid-5476
---ebpf-pid----379067----pid-1
---ebpf-pid----2094----pid-1
---ebpf-pid----379067----pid-379067
---ebpf-pid----2094----pid-2094
---ebpf-pid----379067----pid-5476
---ebpf-pid----2094----pid-1
---ebpf-pid----2094----pid-2094
---ebpf-pid----379067----pid-1
---ebpf-pid----379067----pid-379067
---ebpf-pid----2094----pid-1
---ebpf-pid----2094----pid-2094
---ebpf-pid----379067----pid-5476
---ebpf-pid----6671----pid-5476
---ebpf-pid----379067----pid-1
---ebpf-pid----2094----pid-1
---ebpf-pid----379067----pid-379067
---ebpf-pid----6671----pid-1
---ebpf-pid----2094----pid-2094
---ebpf-pid----6671----pid-6671
---ebpf-pid----379067----pid-5476
---ebpf-pid----2094----pid-1
---ebpf-pid----6671----pid-5476
---ebpf-pid----2094----pid-2094
---ebpf-pid----379067----pid-1
---ebpf-pid----6671----pid-1
---ebpf-pid----379067----pid-379067
---ebpf-pid----2094----pid-1
---ebpf-pid----6671----pid-6671
---ebpf-pid----2094----pid-2094
---ebpf-pid----379067----pid-5476
---ebpf-pid----6671----pid-5476
---ebpf-pid----2094----pid-1
---ebpf-pid----379067----pid-1
---ebpf-pid----2094----pid-2094
---ebpf-pid----6671----pid-1
---ebpf-pid----379067----pid-379067
---ebpf-pid----6671----pid-6671
---ebpf-pid----2094----pid-1
---ebpf-pid----379067----pid-5476
---ebpf-pid----2094----pid-2094
---ebpf-pid----6671----pid-5476
---ebpf-pid----379067----pid-1
---ebpf-pid----2094----pid-1
---ebpf-pid----379067----pid-379067
---ebpf-pid----2094----pid-2094
---ebpf-pid----6671----pid-1
---ebpf-pid----6671----pid-6671
---ebpf-pid----379067----pid-5476
---ebpf-pid----2094----pid-1
---ebpf-pid----2094----pid-2094
---ebpf-pid----6671----pid-5476
---ebpf-pid----379067----pid-1
---ebpf-pid----379067----pid-379067
---ebpf-pid----2094----pid-1
---ebpf-pid----6671----pid-1
---ebpf-pid----379067----pid-379067
---ebpf-pid----2094----pid-2094
---ebpf-pid----379067----pid-5476
---ebpf-pid----379067----pid-5476
---ebpf-pid----2094----pid-1
---ebpf-pid----2094----pid-2094
---ebpf-pid----379067----pid-1
---ebpf-pid----379067----pid-1
---ebpf-pid----379067----pid-379067
---ebpf-pid----379067----pid-379067
---ebpf-pid----2094----pid-1
---ebpf-pid----2094----pid-2094
---ebpf-pid----379067----pid-5476
---ebpf-pid----379067----pid-5476
---ebpf-pid----2094----pid-1
---ebpf-pid----379067----pid-1
---ebpf-pid----379067----pid-1
---ebpf-pid----2094----pid-2094
---ebpf-pid----379067----pid-379067
---ebpf-pid----6671----pid-6671
---ebpf-pid----2094----pid-1
---ebpf-pid----379067----pid-5476
---ebpf-pid----6671----pid-5476
---ebpf-pid----2094----pid-2094
---ebpf-pid----6671----pid-1
---ebpf-pid----2094----pid-1
---ebpf-pid----6671----pid-6671
---ebpf-pid----2094----pid-2094
---ebpf-pid----6671----pid-5476
---ebpf-pid----2094----pid-1
---ebpf-pid----2094----pid-2094
---ebpf-pid----6671----pid-1
---ebpf-pid----2089----pid-1
---ebpf-pid----6671----pid-6671
---ebpf-pid----2089----pid-2089
---ebpf-pid----379067----pid-1
---ebpf-pid----379067----pid-379067
---ebpf-pid----6671----pid-5476
---ebpf-pid----379067----pid-5476
---ebpf-pid----2089----pid-1
---ebpf-pid----6671----pid-1
---ebpf-pid----2089----pid-2089
---ebpf-pid----6671----pid-6671
---ebpf-pid----379067----pid-1
---ebpf-pid----379067----pid-379067
---ebpf-pid----2089----pid-1
---ebpf-pid----6671----pid-5476
---ebpf-pid----2089----pid-2089
---ebpf-pid----379067----pid-5476
---ebpf-pid----6671----pid-1
---ebpf-pid----6671----pid-6671
---ebpf-pid----2089----pid-1
---ebpf-pid----379067----pid-1
---ebpf-pid----2089----pid-2089
---ebpf-pid----379067----pid-379067
---ebpf-pid----6671----pid-5476
---ebpf-pid----379067----pid-5476
---ebpf-pid----6671----pid-1
---ebpf-pid----2089----pid-1
---ebpf-pid----6671----pid-6671
---ebpf-pid----2089----pid-2089
---ebpf-pid----379067----pid-1
---ebpf-pid----379067----pid-379067
---ebpf-pid----6671----pid-5476
---ebpf-pid----2089----pid-1
---ebpf-pid----2089----pid-2089
---ebpf-pid----379067----pid-5476
---ebpf-pid----6671----pid-1
---ebpf-pid----6671----pid-6671
---ebpf-pid----2089----pid-1
---ebpf-pid----379067----pid-1
---ebpf-pid----2089----pid-2089
---ebpf-pid----379067----pid-379067
---ebpf-pid----2089----pid-1
---ebpf-pid----379067----pid-5476
---ebpf-pid----6671----pid-5476
---ebpf-pid----6671----pid-1
---ebpf-pid----2089----pid-2089
---ebpf-pid----2089----pid-1
---ebpf-pid----2089----pid-2089
---ebpf-pid----2089----pid-1
---ebpf-pid----372714----pid-372714
---ebpf-pid----2094----pid-1
---ebpf-pid----372714----pid-5476
---ebpf-pid----372714----pid-1
---ebpf-pid----2089----pid-2089
---ebpf-pid----2089----pid-1
---ebpf-pid----372714----pid-372714
---ebpf-pid----2089----pid-2089
---ebpf-pid----372714----pid-5476
---ebpf-pid----2089----pid-1
---ebpf-pid----2089----pid-2089
---ebpf-pid----372714----pid-1
---ebpf-pid----372714----pid-372714
---ebpf-pid----2089----pid-1
---ebpf-pid----2089----pid-2089
---ebpf-pid----372714----pid-5476
---ebpf-pid----372714----pid-1
---ebpf-pid----2089----pid-1
---ebpf-pid----372714----pid-372714
---ebpf-pid----2089----pid-2089
---ebpf-pid----372714----pid-5476
---ebpf-pid----2089----pid-1
---ebpf-pid----2089----pid-2089
---ebpf-pid----372714----pid-1
---ebpf-pid----2088----pid-2088
---ebpf-pid----2089----pid-1
---ebpf-pid----2088----pid-1
---ebpf-pid----2089----pid-2089
---ebpf-pid----2088----pid-2088
---ebpf-pid----2088----pid-1
---ebpf-pid----2089----pid-1
---ebpf-pid----2088----pid-2088
---ebpf-pid----5707----pid-5707
---ebpf-pid----2088----pid-1
---ebpf-pid----2088----pid-2088
---ebpf-pid----5707----pid-5476
---ebpf-pid----2088----pid-1
---ebpf-pid----2088----pid-2088
---ebpf-pid----5707----pid-1
---ebpf-pid----5707----pid-5707
---ebpf-pid----2088----pid-1
---ebpf-pid----379067----pid-1
---ebpf-pid----379067----pid-379067
---ebpf-pid----5707----pid-5476
---ebpf-pid----379067----pid-5476
---ebpf-pid----5707----pid-1
---ebpf-pid----5707----pid-5707
---ebpf-pid----379067----pid-1
---ebpf-pid----379067----pid-379067
---ebpf-pid----5707----pid-5476
---ebpf-pid----2088----pid-2088
---ebpf-pid----379067----pid-5476
---ebpf-pid----5707----pid-1
---ebpf-pid----2088----pid-1
---ebpf-pid----5707----pid-5707
---ebpf-pid----2088----pid-2088
---ebpf-pid----379067----pid-1
---ebpf-pid----379067----pid-379067
---ebpf-pid----5707----pid-5476
---ebpf-pid----2088----pid-1
---ebpf-pid----379067----pid-5476
---ebpf-pid----2088----pid-2088
---ebpf-pid----5707----pid-1
---ebpf-pid----379067----pid-1
---ebpf-pid----5707----pid-5707
---ebpf-pid----2088----pid-1
---ebpf-pid----379067----pid-379067
---ebpf-pid----2088----pid-2088
---ebpf-pid----5707----pid-5476
---ebpf-pid----379067----pid-5476
---ebpf-pid----2088----pid-1
---ebpf-pid----2088----pid-2088
---ebpf-pid----5707----pid-1
---ebpf-pid----379067----pid-1
---ebpf-pid----5707----pid-5707
---ebpf-pid----379067----pid-379067
---ebpf-pid----2088----pid-1
---ebpf-pid----2088----pid-2088
---ebpf-pid----2088----pid-1
---ebpf-pid----2088----pid-2088
---ebpf-pid----2088----pid-1
---ebpf-pid----5707----pid-5476
---ebpf-pid----2088----pid-2088
---ebpf-pid----2088----pid-1
---ebpf-pid----5707----pid-1
---ebpf-pid----2088----pid-2088
---ebpf-pid----5707----pid-5707
---ebpf-pid----2088----pid-1
---ebpf-pid----2088----pid-2088
---ebpf-pid----5707----pid-5476
---ebpf-pid----2088----pid-1
---ebpf-pid----2088----pid-2088
---ebpf-pid----5707----pid-1
---ebpf-pid----5707----pid-5707
---ebpf-pid----2088----pid-1
---ebpf-pid----2088----pid-2088
---ebpf-pid----2088----pid-1
---ebpf-pid----2094----pid-2094
---ebpf-pid----2088----pid-2088
---ebpf-pid----2088----pid-1
---ebpf-pid----2094----pid-1
---ebpf-pid----2088----pid-2088
---ebpf-pid----2094----pid-2094
---ebpf-pid----2088----pid-1
---ebpf-pid----2094----pid-1
---ebpf-pid----2088----pid-2088
---ebpf-pid----2094----pid-2094
---ebpf-pid----2088----pid-1
---ebpf-pid----2094----pid-1
---ebpf-pid----2088----pid-2088
---ebpf-pid----2094----pid-2094
---ebpf-pid----2088----pid-1
---ebpf-pid----2094----pid-1
---ebpf-pid----2088----pid-2088
---ebpf-pid----2094----pid-2094
---ebpf-pid----2088----pid-1
---ebpf-pid----2094----pid-1
---ebpf-pid----2094----pid-2094
---ebpf-pid----2088----pid-2088
---ebpf-pid----2094----pid-1
---ebpf-pid----2088----pid-1
---ebpf-pid----2094----pid-2094
---ebpf-pid----2088----pid-2088
---ebpf-pid----2094----pid-1
---ebpf-pid----2088----pid-1
---ebpf-pid----2094----pid-2094
---ebpf-pid----2088----pid-2088
---ebpf-pid----2094----pid-1
---ebpf-pid----2094----pid-2094
---ebpf-pid----2094----pid-1
---ebpf-pid----2094----pid-2094
---ebpf-pid----2094----pid-1
---ebpf-pid----2094----pid-2094
---ebpf-pid----2094----pid-1
---ebpf-pid----2094----pid-2094
---ebpf-pid----2094----pid-1
---ebpf-pid----2094----pid-2094
---ebpf-pid----2094----pid-1
---ebpf-pid----2094----pid-2094
---ebpf-pid----2094----pid-1
---ebpf-pid----2094----pid-2094
---ebpf-pid----2094----pid-1
---ebpf-pid----2094----pid-2094
---ebpf-pid----2094----pid-1
---ebpf-pid----2094----pid-2094
---ebpf-pid----2094----pid-1
---ebpf-pid----2094----pid-2094
---ebpf-pid----2094----pid-1
---ebpf-pid----2094----pid-2094
---ebpf-pid----2094----pid-1
---ebpf-pid----2094----pid-2094
---ebpf-pid----2094----pid-1
---ebpf-pid----2094----pid-2094
---ebpf-pid----2094----pid-1
---ebpf-pid----2094----pid-2094
---ebpf-pid----2094----pid-1
---ebpf-pid----2094----pid-2094
---ebpf-pid----2094----pid-1
---ebpf-pid----2094----pid-2094
---ebpf-pid----2094----pid-1
---ebpf-pid----2094----pid-2094
---ebpf-pid----5707----pid-5476
---ebpf-pid----5707----pid-1
---ebpf-pid----5707----pid-5707
---ebpf-pid----5707----pid-5476
---ebpf-pid----5707----pid-1
---ebpf-pid----5707----pid-5707
---ebpf-pid----5707----pid-5476
---ebpf-pid----5707----pid-1
---ebpf-pid----5707----pid-5707
---ebpf-pid----2088----pid-1
---ebpf-pid----2088----pid-2088
---ebpf-pid----5707----pid-5476
---ebpf-pid----2088----pid-1
---ebpf-pid----5707----pid-1
---ebpf-pid----2088----pid-2088
---ebpf-pid----5707----pid-5707
---ebpf-pid----2088----pid-1
---ebpf-pid----2088----pid-2088
---ebpf-pid----5707----pid-5476
---ebpf-pid----2088----pid-1
---ebpf-pid----379067----pid-5476
---ebpf-pid----5707----pid-1
---ebpf-pid----2088----pid-2088
---ebpf-pid----5707----pid-5707
---ebpf-pid----379067----pid-1
---ebpf-pid----2088----pid-1
---ebpf-pid----379067----pid-379067
---ebpf-pid----2088----pid-2088
---ebpf-pid----5707----pid-5476
---ebpf-pid----379067----pid-5476
---ebpf-pid----2088----pid-1
---ebpf-pid----5707----pid-1
---ebpf-pid----2088----pid-2088
---ebpf-pid----379067----pid-1
---ebpf-pid----5707----pid-5707
---ebpf-pid----379067----pid-379067
---ebpf-pid----2088----pid-1
---ebpf-pid----2088----pid-2088
---ebpf-pid----5707----pid-5476
---ebpf-pid----379067----pid-5476
---ebpf-pid----2088----pid-1
---ebpf-pid----5707----pid-1
---ebpf-pid----379067----pid-1
---ebpf-pid----2088----pid-2088
---ebpf-pid----5707----pid-5707
---ebpf-pid----379067----pid-379067
---ebpf-pid----2088----pid-1
---ebpf-pid----5707----pid-5476
---ebpf-pid----379067----pid-5476
---ebpf-pid----2088----pid-2088
---ebpf-pid----379067----pid-1
---ebpf-pid----2088----pid-1
---ebpf-pid----5707----pid-1
---ebpf-pid----379067----pid-379067
---ebpf-pid----2088----pid-2088
---ebpf-pid----5707----pid-5707
---ebpf-pid----2088----pid-1
---ebpf-pid----379067----pid-5476
---ebpf-pid----5707----pid-5476
---ebpf-pid----2088----pid-2088
---ebpf-pid----2088----pid-1
---ebpf-pid----5707----pid-1
---ebpf-pid----2088----pid-2088
---ebpf-pid----5707----pid-5707
---ebpf-pid----2088----pid-1
---ebpf-pid----5707----pid-5476
---ebpf-pid----2088----pid-2088
---ebpf-pid----5707----pid-1
---ebpf-pid----2088----pid-1
---ebpf-pid----2088----pid-2088
---ebpf-pid----5707----pid-5707
---ebpf-pid----2088----pid-1
---ebpf-pid----5707----pid-5476
---ebpf-pid----2088----pid-2088
---ebpf-pid----5707----pid-1
---ebpf-pid----2088----pid-1
---ebpf-pid----372714----pid-372714
---ebpf-pid----2088----pid-2088
---ebpf-pid----372714----pid-5476
---ebpf-pid----2088----pid-1
---ebpf-pid----2088----pid-2088
---ebpf-pid----372714----pid-1
---ebpf-pid----2088----pid-1
---ebpf-pid----372714----pid-372714
---ebpf-pid----2088----pid-2088
---ebpf-pid----372714----pid-5476
---ebpf-pid----372714----pid-1
---ebpf-pid----5707----pid-5707
---ebpf-pid----5707----pid-5476
---ebpf-pid----5707----pid-1
---ebpf-pid----379067----pid-379067
---ebpf-pid----379067----pid-5476
---ebpf-pid----379067----pid-1
---ebpf-pid----379067----pid-379067
---ebpf-pid----379067----pid-5476
---ebpf-pid----379067----pid-1
---ebpf-pid----6671----pid-6671
---ebpf-pid----6671----pid-5476
---ebpf-pid----6671----pid-1
---ebpf-pid----2094----pid-2094
---ebpf-pid----2094----pid-1
---ebpf-pid----2094----pid-2094
---ebpf-pid----2094----pid-1
---ebpf-pid----2094----pid-2094
---ebpf-pid----2094----pid-1
---ebpf-pid----2094----pid-2094
---ebpf-pid----379067----pid-1
---ebpf-pid----379067----pid-379067
---ebpf-pid----2094----pid-1
---ebpf-pid----2094----pid-2094
---ebpf-pid----379067----pid-5476
---ebpf-pid----2094----pid-1
---ebpf-pid----2088----pid-1
---ebpf-pid----379067----pid-1
---ebpf-pid----2094----pid-2094
---ebpf-pid----379067----pid-379067
---ebpf-pid----2088----pid-2088
---ebpf-pid----2094----pid-1
---ebpf-pid----2088----pid-1
---ebpf-pid----2094----pid-2094
---ebpf-pid----379067----pid-5476
---ebpf-pid----2088----pid-2088
---ebpf-pid----2094----pid-1
---ebpf-pid----2088----pid-1
---ebpf-pid----379067----pid-1
---ebpf-pid----2094----pid-2094
---ebpf-pid----2088----pid-2088
---ebpf-pid----379067----pid-379067
---ebpf-pid----2094----pid-1
---ebpf-pid----2088----pid-1
---ebpf-pid----379067----pid-5476
---ebpf-pid----448785----pid-448785
---ebpf-pid----2088----pid-2088
---ebpf-pid----2088----pid-1
---ebpf-pid----379067----pid-1
---ebpf-pid----448785----pid-448520
---ebpf-pid----2088----pid-2088
---ebpf-pid----379067----pid-379067
---ebpf-pid----448785----pid-1
---ebpf-pid----2088----pid-1
---ebpf-pid----379067----pid-5476
---ebpf-pid----448785----pid-448785
---ebpf-pid----2088----pid-2088
---ebpf-pid----379067----pid-1
---ebpf-pid----448785----pid-448520
---ebpf-pid----2088----pid-1
---ebpf-pid----379067----pid-379067
---ebpf-pid----2088----pid-2088
---ebpf-pid----379067----pid-5476
---ebpf-pid----448785----pid-1
---ebpf-pid----2088----pid-1
---ebpf-pid----448785----pid-448785
---ebpf-pid----2088----pid-2088
---ebpf-pid----379067----pid-1
---ebpf-pid----2088----pid-1
---ebpf-pid----2088----pid-2088
---ebpf-pid----2088----pid-1
---ebpf-pid----2088----pid-2088
---ebpf-pid----2088----pid-1
---ebpf-pid----2088----pid-2088
---ebpf-pid----2088----pid-1
---ebpf-pid----2088----pid-2088
---ebpf-pid----2088----pid-1
---ebpf-pid----2088----pid-2088
---ebpf-pid----2088----pid-1
---ebpf-pid----2088----pid-2088
---ebpf-pid----2088----pid-1
---ebpf-pid----2088----pid-2088
---ebpf-pid----2088----pid-1
---ebpf-pid----2088----pid-2088
---ebpf-pid----2088----pid-1
---ebpf-pid----2088----pid-2088
---ebpf-pid----2088----pid-1
---ebpf-pid----2088----pid-2088
---ebpf-pid----2088----pid-1
---ebpf-pid----2088----pid-2088
---ebpf-pid----2088----pid-1
---ebpf-pid----2088----pid-2088
---ebpf-pid----2088----pid-1
---ebpf-pid----2088----pid-2088
---ebpf-pid----2088----pid-1
---ebpf-pid----2088----pid-2088
---ebpf-pid----2088----pid-1
---ebpf-pid----2088----pid-2088
---ebpf-pid----2094----pid-1
---ebpf-pid----2094----pid-2094
---ebpf-pid----2094----pid-1
---ebpf-pid----2094----pid-2094
---ebpf-pid----2094----pid-1
---ebpf-pid----2094----pid-2094
---ebpf-pid----2094----pid-1
---ebpf-pid----2094----pid-2094
---ebpf-pid----448785----pid-448520
---ebpf-pid----448785----pid-1
---ebpf-pid----6671----pid-6671
---ebpf-pid----379067----pid-379067
---ebpf-pid----6671----pid-5476
---ebpf-pid----379067----pid-5476
---ebpf-pid----6671----pid-1
---ebpf-pid----6671----pid-6671
---ebpf-pid----6671----pid-5476
---ebpf-pid----2088----pid-1
---ebpf-pid----6671----pid-1
---ebpf-pid----2088----pid-2088
---ebpf-pid----6671----pid-6671
---ebpf-pid----2088----pid-1
---ebpf-pid----2088----pid-2088
---ebpf-pid----6671----pid-5476
---ebpf-pid----2088----pid-1
---ebpf-pid----6671----pid-1
---ebpf-pid----2088----pid-2088
---ebpf-pid----6671----pid-6671
---ebpf-pid----2088----pid-1
---ebpf-pid----2088----pid-2088
---ebpf-pid----6671----pid-5476
---ebpf-pid----2088----pid-1
---ebpf-pid----2088----pid-2088
---ebpf-pid----6671----pid-1
---ebpf-pid----2088----pid-1
---ebpf-pid----6671----pid-6671
---ebpf-pid----2088----pid-2088
---ebpf-pid----2088----pid-1
---ebpf-pid----6671----pid-5476
---ebpf-pid----6671----pid-1
---ebpf-pid----6671----pid-6671
---ebpf-pid----6671----pid-5476
---ebpf-pid----2094----pid-1
---ebpf-pid----6671----pid-1
---ebpf-pid----2094----pid-2094
---ebpf-pid----6671----pid-6671
---ebpf-pid----2094----pid-1
---ebpf-pid----2094----pid-2094
---ebpf-pid----6671----pid-5476
---ebpf-pid----2094----pid-1
---ebpf-pid----6671----pid-1
---ebpf-pid----2094----pid-2094
---ebpf-pid----6671----pid-6671
---ebpf-pid----2094----pid-1
---ebpf-pid----2094----pid-2094
---ebpf-pid----6671----pid-5476
---ebpf-pid----2094----pid-1
---ebpf-pid----6671----pid-1
---ebpf-pid----2094----pid-2094
---ebpf-pid----6671----pid-6671
---ebpf-pid----2094----pid-1
---ebpf-pid----6671----pid-5476
---ebpf-pid----5707----pid-5707
---ebpf-pid----6671----pid-1
---ebpf-pid----6671----pid-6671
---ebpf-pid----2088----pid-2088
---ebpf-pid----2088----pid-1
---ebpf-pid----2088----pid-2088
---ebpf-pid----2088----pid-1
---ebpf-pid----2088----pid-2088
---ebpf-pid----2088----pid-1
---ebpf-pid----2088----pid-2088
---ebpf-pid----2088----pid-1
---ebpf-pid----2088----pid-2088
---ebpf-pid----2088----pid-1
---ebpf-pid----2088----pid-2088
---ebpf-pid----2088----pid-1
---ebpf-pid----2088----pid-2088
---ebpf-pid----6671----pid-5476
---ebpf-pid----2088----pid-1
---ebpf-pid----6671----pid-1
---ebpf-pid----6671----pid-6671
---ebpf-pid----379067----pid-1
---ebpf-pid----5707----pid-5476
---ebpf-pid----379067----pid-379067
---ebpf-pid----2088----pid-2088
---ebpf-pid----2088----pid-1
---ebpf-pid----2088----pid-2088
---ebpf-pid----5707----pid-1
---ebpf-pid----2088----pid-1
---ebpf-pid----5707----pid-5707
---ebpf-pid----2088----pid-2088
---ebpf-pid----2088----pid-1
---ebpf-pid----379067----pid-5476
---ebpf-pid----5707----pid-5476
---ebpf-pid----2088----pid-2088
---ebpf-pid----5707----pid-1
---ebpf-pid----379067----pid-1
---ebpf-pid----2088----pid-1
---ebpf-pid----5707----pid-5707
---ebpf-pid----379067----pid-379067
---ebpf-pid----2088----pid-2088
---ebpf-pid----5707----pid-5476
---ebpf-pid----379067----pid-5476
---ebpf-pid----2088----pid-1
---ebpf-pid----2088----pid-2088
---ebpf-pid----379067----pid-1
---ebpf-pid----5707----pid-1
---ebpf-pid----2088----pid-1
---ebpf-pid----379067----pid-379067
---ebpf-pid----5707----pid-5707
---ebpf-pid----2088----pid-2088
---ebpf-pid----379067----pid-5476
---ebpf-pid----379067----pid-1
---ebpf-pid----2088----pid-1
---ebpf-pid----379067----pid-379067
---ebpf-pid----2088----pid-2088
---ebpf-pid----379067----pid-5476
---ebpf-pid----2088----pid-1
---ebpf-pid----2088----pid-2088
---ebpf-pid----2088----pid-1
---ebpf-pid----2088----pid-2088
---ebpf-pid----2088----pid-1
---ebpf-pid----2088----pid-2088
---ebpf-pid----6671----pid-5476
---ebpf-pid----2088----pid-1
---ebpf-pid----2088----pid-2088
---ebpf-pid----6671----pid-1
---ebpf-pid----6671----pid-6671
---ebpf-pid----2088----pid-1
---ebpf-pid----2088----pid-2088
---ebpf-pid----6671----pid-5476
---ebpf-pid----6671----pid-1
---ebpf-pid----2088----pid-1
---ebpf-pid----6671----pid-6671
---ebpf-pid----2088----pid-2088
---ebpf-pid----6671----pid-5476
---ebpf-pid----2088----pid-1
---ebpf-pid----2088----pid-2088
---ebpf-pid----6671----pid-1
---ebpf-pid----2088----pid-1
---ebpf-pid----6671----pid-6671
---ebpf-pid----2088----pid-2088
---ebpf-pid----6671----pid-5476
---ebpf-pid----2088----pid-1
---ebpf-pid----2088----pid-2088
---ebpf-pid----6671----pid-1
---ebpf-pid----2088----pid-1
---ebpf-pid----6671----pid-6671
---ebpf-pid----2088----pid-2088
---ebpf-pid----6671----pid-5476
---ebpf-pid----2088----pid-1
---ebpf-pid----2088----pid-2088
---ebpf-pid----6671----pid-1
---ebpf-pid----2088----pid-1
---ebpf-pid----6671----pid-6671
---ebpf-pid----2088----pid-2088
---ebpf-pid----2088----pid-1
---ebpf-pid----5707----pid-5476
---ebpf-pid----2088----pid-2088
---ebpf-pid----6671----pid-5476
---ebpf-pid----2088----pid-1
---ebpf-pid----5707----pid-1
---ebpf-pid----6671----pid-1
---ebpf-pid----2088----pid-2088
---ebpf-pid----5707----pid-5707
---ebpf-pid----6671----pid-6671
---ebpf-pid----379067----pid-1
---ebpf-pid----2088----pid-1
---ebpf-pid----5707----pid-5476
---ebpf-pid----379067----pid-379067
---ebpf-pid----2088----pid-2088
---ebpf-pid----6671----pid-5476
---ebpf-pid----5707----pid-1
---ebpf-pid----2088----pid-1
---ebpf-pid----379067----pid-5476
---ebpf-pid----6671----pid-1
---ebpf-pid----5707----pid-5707
---ebpf-pid----2088----pid-2088
---ebpf-pid----448785----pid-448785
---ebpf-pid----379067----pid-1
---ebpf-pid----2088----pid-1
---ebpf-pid----5707----pid-5476
---ebpf-pid----379067----pid-379067
---ebpf-pid----2088----pid-2088
---ebpf-pid----448785----pid-448520
---ebpf-pid----5707----pid-1
---ebpf-pid----379067----pid-5476
---ebpf-pid----2088----pid-1
---ebpf-pid----5707----pid-5707
---ebpf-pid----448785----pid-1
---ebpf-pid----2088----pid-2088
---ebpf-pid----6671----pid-6671
---ebpf-pid----379067----pid-1
---ebpf-pid----379067----pid-379067
---ebpf-pid----5707----pid-5476
---ebpf-pid----2088----pid-1
---ebpf-pid----6671----pid-5476
---ebpf-pid----2088----pid-2088
---ebpf-pid----379067----pid-5476
---ebpf-pid----5707----pid-1
---ebpf-pid----2088----pid-1
---ebpf-pid----5707----pid-5707
---ebpf-pid----379067----pid-1
---ebpf-pid----379067----pid-379067
---ebpf-pid----6671----pid-1
---ebpf-pid----6671----pid-6671
---ebpf-pid----5707----pid-5476
---ebpf-pid----6671----pid-5476
---ebpf-pid----6671----pid-1
---ebpf-pid----5707----pid-1
---ebpf-pid----2088----pid-2088
---ebpf-pid----5707----pid-5707
---ebpf-pid----2088----pid-1
---ebpf-pid----2088----pid-2088
---ebpf-pid----5707----pid-5476
---ebpf-pid----2088----pid-1
---ebpf-pid----2088----pid-2088
---ebpf-pid----2088----pid-2088
---ebpf-pid----2088----pid-1
---ebpf-pid----2088----pid-2088
---ebpf-pid----2088----pid-1
---ebpf-pid----2088----pid-2088
---ebpf-pid----2088----pid-1
---ebpf-pid----2088----pid-2088
---ebpf-pid----2088----pid-1
---ebpf-pid----2088----pid-2088
---ebpf-pid----2088----pid-1
---ebpf-pid----2088----pid-1
---ebpf-pid----2088----pid-2088
---ebpf-pid----2088----pid-2088
---ebpf-pid----5707----pid-1
---ebpf-pid----2088----pid-1
---ebpf-pid----2088----pid-1
---ebpf-pid----2088----pid-2088
---ebpf-pid----372714----pid-372714
---ebpf-pid----2088----pid-2088
---ebpf-pid----2088----pid-1
---ebpf-pid----2088----pid-2088
---ebpf-pid----372714----pid-5476
---ebpf-pid----2088----pid-1
---ebpf-pid----2088----pid-2088
---ebpf-pid----2088----pid-1
---ebpf-pid----372714----pid-1
---ebpf-pid----2088----pid-2088
---ebpf-pid----372714----pid-372714
---ebpf-pid----2088----pid-1
---ebpf-pid----2088----pid-1
---ebpf-pid----5707----pid-5707
---ebpf-pid----2088----pid-2088
---ebpf-pid----372714----pid-5476
---ebpf-pid----5707----pid-5476
---ebpf-pid----2088----pid-1
---ebpf-pid----2088----pid-2088
---ebpf-pid----372714----pid-1
---ebpf-pid----2029----pid-2029
---ebpf-pid----5707----pid-1
---ebpf-pid----2088----pid-1
---ebpf-pid----5707----pid-5707
---ebpf-pid----5707----pid-5476
---ebpf-pid----2088----pid-2088
---ebpf-pid----5707----pid-1
---ebpf-pid----2088----pid-1
---ebpf-pid----2088----pid-2088
---ebpf-pid----5707----pid-5707
---ebpf-pid----2088----pid-1
---ebpf-pid----5707----pid-5476
---ebpf-pid----2088----pid-2088
---ebpf-pid----2088----pid-1
---ebpf-pid----5707----pid-1
---ebpf-pid----2088----pid-2088
---ebpf-pid----5707----pid-5707
---ebpf-pid----2088----pid-1
---ebpf-pid----5707----pid-5476
---ebpf-pid----2088----pid-2088
---ebpf-pid----2088----pid-1
---ebpf-pid----5707----pid-1
---ebpf-pid----2088----pid-2088
---ebpf-pid----5707----pid-5707
---ebpf-pid----2088----pid-1
---ebpf-pid----2088----pid-2088
---ebpf-pid----5707----pid-5476
---ebpf-pid----2029----pid-1
---ebpf-pid----2088----pid-1
---ebpf-pid----5707----pid-1
---ebpf-pid----2029----pid-2029
---ebpf-pid----5707----pid-5707
---ebpf-pid----2088----pid-2088
---ebpf-pid----5707----pid-5476
---ebpf-pid----2088----pid-1
---ebpf-pid----5707----pid-1
---ebpf-pid----2088----pid-2088
---ebpf-pid----5707----pid-5707
---ebpf-pid----2088----pid-1
---ebpf-pid----2088----pid-2088
---ebpf-pid----5707----pid-5476
---ebpf-pid----2088----pid-1
---ebpf-pid----2088----pid-2088
---ebpf-pid----5707----pid-1
---ebpf-pid----5707----pid-5707
---ebpf-pid----2088----pid-1
---ebpf-pid----2088----pid-2088
---ebpf-pid----5707----pid-5476
---ebpf-pid----2088----pid-1
---ebpf-pid----2088----pid-2088
---ebpf-pid----2029----pid-1
---ebpf-pid----5707----pid-1
---ebpf-pid----5707----pid-5707
---ebpf-pid----2088----pid-1
---ebpf-pid----2029----pid-2029
---ebpf-pid----2088----pid-2088
---ebpf-pid----5707----pid-5476
---ebpf-pid----2029----pid-1
---ebpf-pid----2088----pid-1
---ebpf-pid----2088----pid-2088
---ebpf-pid----2029----pid-2029
---ebpf-pid----5707----pid-1
---ebpf-pid----5707----pid-5707
---ebpf-pid----2088----pid-1
---ebpf-pid----2029----pid-1
---ebpf-pid----2088----pid-2088
---ebpf-pid----2029----pid-2029
---ebpf-pid----5707----pid-5476
---ebpf-pid----2088----pid-1
---ebpf-pid----2029----pid-1
---ebpf-pid----2088----pid-2088
---ebpf-pid----5707----pid-1
---ebpf-pid----2029----pid-2029
---ebpf-pid----5707----pid-5707
---ebpf-pid----2088----pid-1
---ebpf-pid----2088----pid-2088
---ebpf-pid----2029----pid-1
---ebpf-pid----5707----pid-5476
---ebpf-pid----2029----pid-2029
---ebpf-pid----2088----pid-1
---ebpf-pid----2088----pid-2088
---ebpf-pid----5707----pid-1
---ebpf-pid----2029----pid-1
---ebpf-pid----372714----pid-372714
---ebpf-pid----2088----pid-1
---ebpf-pid----2029----pid-2029
---ebpf-pid----2088----pid-2088
---ebpf-pid----372714----pid-5476
---ebpf-pid----2088----pid-1
---ebpf-pid----2029----pid-1
---ebpf-pid----2088----pid-2088
---ebpf-pid----2029----pid-2029
---ebpf-pid----372714----pid-1
---ebpf-pid----2088----pid-1
---ebpf-pid----372714----pid-372714
---ebpf-pid----2088----pid-2088
---ebpf-pid----2029----pid-1
---ebpf-pid----2029----pid-2029
---ebpf-pid----372714----pid-5476
---ebpf-pid----2088----pid-1
---ebpf-pid----2029----pid-1
---ebpf-pid----2029----pid-2029
---ebpf-pid----2088----pid-2088
---ebpf-pid----379067----pid-5476
---ebpf-pid----379067----pid-1
---ebpf-pid----379067----pid-379067
---ebpf-pid----379067----pid-5476
---ebpf-pid----379067----pid-1
---ebpf-pid----379067----pid-379067
---ebpf-pid----2088----pid-1
---ebpf-pid----2029----pid-1
---ebpf-pid----372714----pid-1
---ebpf-pid----379067----pid-5476
---ebpf-pid----2029----pid-2029
---ebpf-pid----2029----pid-1
---ebpf-pid----2029----pid-2029
---ebpf-pid----2029----pid-1
---ebpf-pid----2029----pid-2029
---ebpf-pid----2029----pid-1
---ebpf-pid----2029----pid-2029
---ebpf-pid----2029----pid-1
---ebpf-pid----2029----pid-2029
---ebpf-pid----2029----pid-1
---ebpf-pid----2094----pid-2094
---ebpf-pid----2094----pid-1
---ebpf-pid----2094----pid-2094
---ebpf-pid----2094----pid-1
---ebpf-pid----2094----pid-2094
---ebpf-pid----2094----pid-1
---ebpf-pid----2094----pid-2094
---ebpf-pid----2094----pid-1
---ebpf-pid----2094----pid-2094
---ebpf-pid----2094----pid-1
---ebpf-pid----2094----pid-2094
---ebpf-pid----2094----pid-1
---ebpf-pid----2094----pid-2094
---ebpf-pid----2094----pid-1
---ebpf-pid----2094----pid-2094
---ebpf-pid----2094----pid-1
---ebpf-pid----2094----pid-2094
---ebpf-pid----2094----pid-1
---ebpf-pid----2094----pid-2094
---ebpf-pid----2094----pid-1
---ebpf-pid----2094----pid-2094
---ebpf-pid----2088----pid-2088
---ebpf-pid----2094----pid-1
---ebpf-pid----2094----pid-2094
---ebpf-pid----2088----pid-1
---ebpf-pid----2094----pid-1
---ebpf-pid----2094----pid-2094
---ebpf-pid----2088----pid-2088
---ebpf-pid----372714----pid-372714
---ebpf-pid----2094----pid-1
---ebpf-pid----2088----pid-1
---ebpf-pid----2094----pid-2094
---ebpf-pid----372714----pid-5476
---ebpf-pid----2088----pid-2088
---ebpf-pid----2094----pid-1
---ebpf-pid----2088----pid-1
---ebpf-pid----2094----pid-2094
---ebpf-pid----2088----pid-2088
---ebpf-pid----2094----pid-1
---ebpf-pid----2094----pid-2094
---ebpf-pid----2088----pid-1
---ebpf-pid----2088----pid-2088
---ebpf-pid----372714----pid-1
---ebpf-pid----2094----pid-1
---ebpf-pid----5707----pid-5707
---ebpf-pid----2094----pid-2094
---ebpf-pid----2088----pid-1
---ebpf-pid----2088----pid-2088
---ebpf-pid----5707----pid-5476
---ebpf-pid----2094----pid-1
---ebpf-pid----2094----pid-2094
---ebpf-pid----5707----pid-1
---ebpf-pid----2088----pid-1
---ebpf-pid----372714----pid-372714
---ebpf-pid----2088----pid-2088
---ebpf-pid----2094----pid-1
---ebpf-pid----2094----pid-2094
---ebpf-pid----372714----pid-5476
---ebpf-pid----2088----pid-1
---ebpf-pid----2088----pid-2088
---ebpf-pid----2094----pid-1
---ebpf-pid----372714----pid-1
---ebpf-pid----2094----pid-2094
---ebpf-pid----372714----pid-372714
---ebpf-pid----2088----pid-1
---ebpf-pid----2094----pid-1
---ebpf-pid----2088----pid-2088
---ebpf-pid----372714----pid-5476
---ebpf-pid----2094----pid-2094
---ebpf-pid----2088----pid-1
---ebpf-pid----2094----pid-1
---ebpf-pid----372714----pid-1
---ebpf-pid----5707----pid-5707
---ebpf-pid----2094----pid-2094
---ebpf-pid----2088----pid-2088
---ebpf-pid----2094----pid-1
---ebpf-pid----5707----pid-5476
---ebpf-pid----2094----pid-2094
---ebpf-pid----2088----pid-1
---ebpf-pid----2088----pid-2088
---ebpf-pid----2094----pid-1
---ebpf-pid----2094----pid-2094
---ebpf-pid----2088----pid-1
---ebpf-pid----5707----pid-1
---ebpf-pid----2094----pid-1
---ebpf-pid----2088----pid-2088
---ebpf-pid----2094----pid-2094
---ebpf-pid----372714----pid-372714
---ebpf-pid----2088----pid-1
---ebpf-pid----2094----pid-1
---ebpf-pid----2088----pid-2088
---ebpf-pid----2094----pid-2094
---ebpf-pid----372714----pid-5476
---ebpf-pid----2088----pid-1
---ebpf-pid----372714----pid-1
---ebpf-pid----2094----pid-1
---ebpf-pid----2088----pid-2088
---ebpf-pid----372881----pid-372881
---ebpf-pid----2094----pid-2094
---ebpf-pid----2088----pid-1
---ebpf-pid----372881----pid-1
---ebpf-pid----2094----pid-1
---ebpf-pid----2088----pid-2088
---ebpf-pid----2094----pid-2094
---ebpf-pid----372881----pid-372881
---ebpf-pid----372881----pid-1
---ebpf-pid----2094----pid-1
---ebpf-pid----2088----pid-1
---ebpf-pid----372881----pid-372881
---ebpf-pid----2094----pid-2094
---ebpf-pid----2088----pid-2088
---ebpf-pid----2094----pid-1
---ebpf-pid----2094----pid-2094
---ebpf-pid----372881----pid-1
---ebpf-pid----372881----pid-372881
---ebpf-pid----2094----pid-1
---ebpf-pid----2094----pid-2094
---ebpf-pid----372881----pid-1
---ebpf-pid----372881----pid-372881
---ebpf-pid----2094----pid-1
---ebpf-pid----2094----pid-2094
---ebpf-pid----2094----pid-1
---ebpf-pid----2094----pid-2094
---ebpf-pid----2094----pid-1
---ebpf-pid----2094----pid-2094
---ebpf-pid----2094----pid-1
---ebpf-pid----2094----pid-2094
---ebpf-pid----2094----pid-1
---ebpf-pid----2094----pid-2094
---ebpf-pid----2094----pid-1
---ebpf-pid----2094----pid-2094
---ebpf-pid----2094----pid-1
---ebpf-pid----2094----pid-2094
---ebpf-pid----2094----pid-1
---ebpf-pid----2094----pid-2094
---ebpf-pid----2094----pid-1
---ebpf-pid----372881----pid-1
---ebpf-pid----2094----pid-2094
---ebpf-pid----2094----pid-1
---ebpf-pid----2094----pid-2094
---ebpf-pid----2094----pid-1
---ebpf-pid----2094----pid-2094
---ebpf-pid----2094----pid-1
---ebpf-pid----2094----pid-2094
---ebpf-pid----2094----pid-1
---ebpf-pid----2094----pid-2094
---ebpf-pid----2094----pid-1
---ebpf-pid----2094----pid-2094
---ebpf-pid----2094----pid-1
---ebpf-pid----2094----pid-2094
---ebpf-pid----2094----pid-1
---ebpf-pid----2094----pid-2094
---ebpf-pid----2094----pid-1
---ebpf-pid----2094----pid-2094
---ebpf-pid----2094----pid-1
---ebpf-pid----2094----pid-2094
---ebpf-pid----2094----pid-1
---ebpf-pid----2089----pid-2089
---ebpf-pid----2089----pid-1
---ebpf-pid----2089----pid-2089
---ebpf-pid----2089----pid-1
---ebpf-pid----2089----pid-2089
---ebpf-pid----2089----pid-1
---ebpf-pid----2089----pid-2089
---ebpf-pid----2089----pid-1
---ebpf-pid----2089----pid-2089
---ebpf-pid----2089----pid-1
---ebpf-pid----2089----pid-2089
---ebpf-pid----2089----pid-1
---ebpf-pid----2089----pid-2089
---ebpf-pid----2089----pid-1
---ebpf-pid----2089----pid-2089
---ebpf-pid----2089----pid-1
---ebpf-pid----2089----pid-2089
---ebpf-pid----2089----pid-1
---ebpf-pid----2089----pid-2089
---ebpf-pid----2089----pid-1
---ebpf-pid----2089----pid-2089
---ebpf-pid----2089----pid-1
---ebpf-pid----2089----pid-2089
---ebpf-pid----2089----pid-1
---ebpf-pid----2089----pid-2089
---ebpf-pid----2089----pid-1
---ebpf-pid----2089----pid-2089
---ebpf-pid----2089----pid-1
---ebpf-pid----2089----pid-2089
---ebpf-pid----2089----pid-1
---ebpf-pid----2089----pid-2089
---ebpf-pid----2089----pid-1
---ebpf-pid----2089----pid-2089
---ebpf-pid----2089----pid-1
---ebpf-pid----2089----pid-2089
---ebpf-pid----2089----pid-1
---ebpf-pid----2089----pid-2089
---ebpf-pid----2089----pid-1
---ebpf-pid----2089----pid-2089
---ebpf-pid----2089----pid-1
---ebpf-pid----2089----pid-2089
---ebpf-pid----2089----pid-1
---ebpf-pid----2089----pid-2089
---ebpf-pid----2089----pid-1
---ebpf-pid----2089----pid-2089
---ebpf-pid----2089----pid-1
---ebpf-pid----2089----pid-2089
---ebpf-pid----2089----pid-1
---ebpf-pid----2089----pid-2089
---ebpf-pid----2089----pid-1
---ebpf-pid----2089----pid-2089
---ebpf-pid----2089----pid-1
---ebpf-pid----379067----pid-1
---ebpf-pid----2089----pid-2089
---ebpf-pid----372714----pid-372714
---ebpf-pid----2089----pid-1
---ebpf-pid----372881----pid-372881
---ebpf-pid----2089----pid-2089
---ebpf-pid----372714----pid-5476
---ebpf-pid----372881----pid-1
---ebpf-pid----2089----pid-1
---ebpf-pid----372881----pid-372881
---ebpf-pid----2088----pid-2088
---ebpf-pid----372714----pid-1
---ebpf-pid----372881----pid-1
---ebpf-pid----372714----pid-372714
---ebpf-pid----2088----pid-1
---ebpf-pid----372881----pid-372881
---ebpf-pid----2088----pid-2088
---ebpf-pid----372714----pid-5476
---ebpf-pid----372881----pid-1
---ebpf-pid----2088----pid-1
---ebpf-pid----372881----pid-372881
---ebpf-pid----2088----pid-2088
---ebpf-pid----372714----pid-1
---ebpf-pid----372881----pid-1
---ebpf-pid----5707----pid-5707
---ebpf-pid----2088----pid-1
---ebpf-pid----372881----pid-372881
---ebpf-pid----2088----pid-2088
---ebpf-pid----5707----pid-5476
---ebpf-pid----372881----pid-1
---ebpf-pid----2088----pid-1
---ebpf-pid----372881----pid-372881
---ebpf-pid----2088----pid-2088
---ebpf-pid----5707----pid-1
---ebpf-pid----5707----pid-5707
---ebpf-pid----372881----pid-1
---ebpf-pid----2088----pid-1
---ebpf-pid----372881----pid-372881
---ebpf-pid----2088----pid-2088
---ebpf-pid----5707----pid-5476
---ebpf-pid----2088----pid-1
---ebpf-pid----372881----pid-1
---ebpf-pid----372881----pid-372881
---ebpf-pid----2088----pid-2088
---ebpf-pid----5707----pid-1
---ebpf-pid----5707----pid-5707
---ebpf-pid----372881----pid-1
---ebpf-pid----2088----pid-1
---ebpf-pid----372881----pid-372881
---ebpf-pid----2088----pid-2088
---ebpf-pid----5707----pid-5476
---ebpf-pid----372881----pid-1
---ebpf-pid----2088----pid-1
---ebpf-pid----372881----pid-372881
---ebpf-pid----2088----pid-2088
---ebpf-pid----5707----pid-1
---ebpf-pid----5707----pid-5707
---ebpf-pid----372881----pid-1
---ebpf-pid----2088----pid-1
---ebpf-pid----372881----pid-372881
---ebpf-pid----2088----pid-2088
---ebpf-pid----5707----pid-5476
---ebpf-pid----2088----pid-1
---ebpf-pid----372881----pid-1
---ebpf-pid----2088----pid-2088
---ebpf-pid----372881----pid-372881
---ebpf-pid----5707----pid-1
---ebpf-pid----5707----pid-5707
---ebpf-pid----2088----pid-1
---ebpf-pid----372881----pid-1
---ebpf-pid----2088----pid-2088
---ebpf-pid----372881----pid-372881
---ebpf-pid----5707----pid-5476
---ebpf-pid----2088----pid-1
---ebpf-pid----372881----pid-1
---ebpf-pid----5707----pid-1
---ebpf-pid----2088----pid-2088
---ebpf-pid----5707----pid-5707
---ebpf-pid----2088----pid-1
---ebpf-pid----2088----pid-1
---ebpf-pid----5707----pid-5476
---ebpf-pid----2088----pid-2088
---ebpf-pid----2088----pid-2088
---ebpf-pid----5707----pid-1
---ebpf-pid----2088----pid-1
---ebpf-pid----2088----pid-1
---ebpf-pid----5707----pid-5707
---ebpf-pid----2088----pid-2088
---ebpf-pid----2088----pid-2088
---ebpf-pid----2088----pid-1
---ebpf-pid----5707----pid-5476
---ebpf-pid----2088----pid-1
---ebpf-pid----2088----pid-2088
---ebpf-pid----2088----pid-2088
---ebpf-pid----5707----pid-1
---ebpf-pid----2088----pid-1
---ebpf-pid----5707----pid-5707
---ebpf-pid----2088----pid-1
---ebpf-pid----2088----pid-2088
---ebpf-pid----2088----pid-2088
---ebpf-pid----5707----pid-5476
---ebpf-pid----2088----pid-1
---ebpf-pid----2088----pid-1
---ebpf-pid----2088----pid-2088
---ebpf-pid----2088----pid-2088
---ebpf-pid----5707----pid-1
---ebpf-pid----2088----pid-1
---ebpf-pid----5707----pid-5707
---ebpf-pid----2088----pid-1
---ebpf-pid----2088----pid-2088
---ebpf-pid----2088----pid-2088
---ebpf-pid----5707----pid-5476
---ebpf-pid----372881----pid-372881
---ebpf-pid----2088----pid-1
---ebpf-pid----5707----pid-1
---ebpf-pid----2088----pid-2088
---ebpf-pid----372881----pid-1
---ebpf-pid----372881----pid-372881
---ebpf-pid----2029----pid-2029
---ebpf-pid----2088----pid-1
---ebpf-pid----2088----pid-2088
---ebpf-pid----372881----pid-1
---ebpf-pid----372881----pid-372881
---ebpf-pid----2088----pid-1
---ebpf-pid----2088----pid-2088
---ebpf-pid----372881----pid-1
---ebpf-pid----372881----pid-372881
---ebpf-pid----2088----pid-1
---ebpf-pid----2088----pid-2088
---ebpf-pid----372881----pid-1
---ebpf-pid----372881----pid-372881
---ebpf-pid----2088----pid-1
---ebpf-pid----2088----pid-2088
---ebpf-pid----372881----pid-1
---ebpf-pid----372881----pid-372881
---ebpf-pid----2088----pid-1
---ebpf-pid----2088----pid-2088
---ebpf-pid----372881----pid-1
---ebpf-pid----2088----pid-1
---ebpf-pid----2088----pid-2088
---ebpf-pid----2088----pid-1
---ebpf-pid----2088----pid-2088
---ebpf-pid----2088----pid-1
---ebpf-pid----2088----pid-2088
---ebpf-pid----2088----pid-1
---ebpf-pid----2088----pid-2088
---ebpf-pid----2088----pid-1
---ebpf-pid----2088----pid-2088
---ebpf-pid----2088----pid-1
---ebpf-pid----2088----pid-2088
---ebpf-pid----2088----pid-1
---ebpf-pid----2089----pid-2089
---ebpf-pid----2089----pid-1
---ebpf-pid----2089----pid-2089
---ebpf-pid----372881----pid-372881
---ebpf-pid----372881----pid-1
---ebpf-pid----372881----pid-372881
---ebpf-pid----372881----pid-1
---ebpf-pid----372881----pid-372881
---ebpf-pid----372881----pid-1
---ebpf-pid----372881----pid-372881
---ebpf-pid----372881----pid-1
---ebpf-pid----372881----pid-372881
---ebpf-pid----372881----pid-1
---ebpf-pid----372881----pid-372881
---ebpf-pid----372881----pid-1
---ebpf-pid----2029----pid-2029
---ebpf-pid----2029----pid-1
---ebpf-pid----2029----pid-2029
---ebpf-pid----2029----pid-1
---ebpf-pid----2029----pid-2029
---ebpf-pid----2029----pid-1
---ebpf-pid----2029----pid-2029
---ebpf-pid----2029----pid-1
---ebpf-pid----2029----pid-2029
---ebpf-pid----2029----pid-1
---ebpf-pid----2029----pid-2029
---ebpf-pid----2029----pid-1
---ebpf-pid----2029----pid-2029
---ebpf-pid----2029----pid-1
---ebpf-pid----2029----pid-2029
---ebpf-pid----2029----pid-1
---ebpf-pid----2029----pid-2029
---ebpf-pid----2029----pid-1
---ebpf-pid----2029----pid-1
---ebpf-pid----2089----pid-1
---ebpf-pid----2029----pid-2029
---ebpf-pid----2089----pid-2089
---ebpf-pid----2089----pid-1
---ebpf-pid----2029----pid-1
---ebpf-pid----2089----pid-2089
---ebpf-pid----2029----pid-2029
---ebpf-pid----2089----pid-1
---ebpf-pid----2089----pid-2089
---ebpf-pid----2029----pid-1
---ebpf-pid----2029----pid-2029
---ebpf-pid----2089----pid-1
---ebpf-pid----2089----pid-2089
---ebpf-pid----2029----pid-1
---ebpf-pid----2089----pid-1
---ebpf-pid----2029----pid-2029
---ebpf-pid----2089----pid-2089
---ebpf-pid----2089----pid-1
---ebpf-pid----2029----pid-1
---ebpf-pid----2089----pid-2089
---ebpf-pid----2029----pid-2029
---ebpf-pid----2089----pid-1
---ebpf-pid----2089----pid-2089
---ebpf-pid----2029----pid-1
---ebpf-pid----2088----pid-2088
---ebpf-pid----2089----pid-1
---ebpf-pid----2089----pid-2089
---ebpf-pid----2088----pid-1
---ebpf-pid----2089----pid-1
---ebpf-pid----2088----pid-2088
---ebpf-pid----2089----pid-2089
---ebpf-pid----2088----pid-1
---ebpf-pid----2089----pid-1
---ebpf-pid----2089----pid-2089
---ebpf-pid----2088----pid-2088
---ebpf-pid----2089----pid-1
---ebpf-pid----2088----pid-1
---ebpf-pid----2089----pid-2089
---ebpf-pid----2088----pid-2088
---ebpf-pid----2089----pid-1
---ebpf-pid----2089----pid-2089
---ebpf-pid----2088----pid-1
---ebpf-pid----2088----pid-2088
---ebpf-pid----2089----pid-1
---ebpf-pid----2089----pid-2089
---ebpf-pid----2088----pid-1
---ebpf-pid----2089----pid-1
---ebpf-pid----2088----pid-2088
---ebpf-pid----2089----pid-2089
---ebpf-pid----2089----pid-1
---ebpf-pid----2088----pid-1
---ebpf-pid----2089----pid-2089
---ebpf-pid----2088----pid-2088
---ebpf-pid----2089----pid-1
---ebpf-pid----2089----pid-2089
---ebpf-pid----2088----pid-1
---ebpf-pid----2088----pid-2088
---ebpf-pid----2089----pid-1
---ebpf-pid----2089----pid-2089
---ebpf-pid----2088----pid-1
---ebpf-pid----2088----pid-2088
---ebpf-pid----2089----pid-1
---ebpf-pid----2089----pid-2089
---ebpf-pid----2088----pid-1
---ebpf-pid----2089----pid-1
---ebpf-pid----2089----pid-2089
---ebpf-pid----2088----pid-2088
---ebpf-pid----2089----pid-1
---ebpf-pid----2088----pid-1
---ebpf-pid----2089----pid-2089
---ebpf-pid----2088----pid-2088
---ebpf-pid----2089----pid-1
---ebpf-pid----2089----pid-2089
---ebpf-pid----2088----pid-1
---ebpf-pid----2088----pid-2088
---ebpf-pid----2088----pid-1
---ebpf-pid----2088----pid-2088
---ebpf-pid----2088----pid-1
---ebpf-pid----2088----pid-2088
---ebpf-pid----2088----pid-1
---ebpf-pid----2088----pid-2088
---ebpf-pid----2088----pid-1
---ebpf-pid----2088----pid-2088
---ebpf-pid----2088----pid-1
---ebpf-pid----2088----pid-2088
---ebpf-pid----2088----pid-1
---ebpf-pid----2088----pid-2088
---ebpf-pid----2029----pid-2029
---ebpf-pid----2088----pid-1
---ebpf-pid----2088----pid-2088
---ebpf-pid----2088----pid-1
---ebpf-pid----2088----pid-2088
---ebpf-pid----2029----pid-1
---ebpf-pid----448784----pid-448784
---ebpf-pid----448784----pid-448520
---ebpf-pid----448784----pid-1
---ebpf-pid----372881----pid-372881
---ebpf-pid----2088----pid-1
---ebpf-pid----2088----pid-2088
---ebpf-pid----2088----pid-1
---ebpf-pid----2088----pid-2088
---ebpf-pid----2088----pid-1
---ebpf-pid----2088----pid-2088
---ebpf-pid----2088----pid-1
---ebpf-pid----2088----pid-2088
---ebpf-pid----2088----pid-1
---ebpf-pid----2088----pid-2088
---ebpf-pid----2088----pid-1
---ebpf-pid----2088----pid-2088
---ebpf-pid----2088----pid-1
---ebpf-pid----2088----pid-2088
---ebpf-pid----2088----pid-1
---ebpf-pid----2088----pid-2088
---ebpf-pid----2088----pid-1
---ebpf-pid----2088----pid-2088
---ebpf-pid----2088----pid-1
---ebpf-pid----372881----pid-1
---ebpf-pid----2088----pid-2088
---ebpf-pid----372881----pid-372881
---ebpf-pid----2088----pid-1
---ebpf-pid----372881----pid-1
---ebpf-pid----2088----pid-2088
---ebpf-pid----372881----pid-372881
---ebpf-pid----2088----pid-1
---ebpf-pid----2088----pid-1
---ebpf-pid----2088----pid-2088
---ebpf-pid----2088----pid-1
---ebpf-pid----2088----pid-2088
---ebpf-pid----2088----pid-1
---ebpf-pid----2088----pid-2088
---ebpf-pid----372881----pid-1
---ebpf-pid----372881----pid-372881
---ebpf-pid----372881----pid-1
---ebpf-pid----372881----pid-372881
---ebpf-pid----372881----pid-1
---ebpf-pid----372881----pid-372881
---ebpf-pid----372881----pid-1
---ebpf-pid----372881----pid-372881
---ebpf-pid----372881----pid-1
---ebpf-pid----372881----pid-372881
---ebpf-pid----372881----pid-1
---ebpf-pid----372881----pid-372881
---ebpf-pid----372881----pid-1
---ebpf-pid----2088----pid-2088
---ebpf-pid----2088----pid-1
---ebpf-pid----2088----pid-2088
---ebpf-pid----2088----pid-1
---ebpf-pid----2088----pid-2088
---ebpf-pid----2088----pid-1
---ebpf-pid----2088----pid-1
---ebpf-pid----2088----pid-2088
---ebpf-pid----2088----pid-2088
---ebpf-pid----2088----pid-1
---ebpf-pid----2088----pid-2088
---ebpf-pid----2088----pid-1
---ebpf-pid----2088----pid-2088
---ebpf-pid----2088----pid-1
---ebpf-pid----2088----pid-2088
---ebpf-pid----2088----pid-1
---ebpf-pid----2088----pid-1
---ebpf-pid----2088----pid-2088
---ebpf-pid----2088----pid-2088
---ebpf-pid----2088----pid-1
---ebpf-pid----2088----pid-1
---ebpf-pid----2088----pid-2088
---ebpf-pid----2088----pid-2088
---ebpf-pid----2088----pid-1
---ebpf-pid----2088----pid-1
---ebpf-pid----2088----pid-2088
---ebpf-pid----2088----pid-2088
---ebpf-pid----2088----pid-1
---ebpf-pid----2088----pid-2088
---ebpf-pid----2088----pid-1
---ebpf-pid----2088----pid-2088
---ebpf-pid----2088----pid-1
---ebpf-pid----2088----pid-2088
---ebpf-pid----2088----pid-1
---ebpf-pid----2088----pid-2088
---ebpf-pid----2088----pid-1
---ebpf-pid----2088----pid-1
---ebpf-pid----2094----pid-2094
---ebpf-pid----2088----pid-2088
---ebpf-pid----2094----pid-1
---ebpf-pid----2088----pid-1
---ebpf-pid----2094----pid-2094
---ebpf-pid----2088----pid-2088
---ebpf-pid----2094----pid-1
---ebpf-pid----2088----pid-1
---ebpf-pid----2094----pid-2094
---ebpf-pid----2088----pid-2088
---ebpf-pid----2094----pid-1
---ebpf-pid----2088----pid-1
---ebpf-pid----372714----pid-372714
---ebpf-pid----2089----pid-2089
---ebpf-pid----372714----pid-5476
---ebpf-pid----2089----pid-1
---ebpf-pid----2089----pid-2089
---ebpf-pid----372714----pid-1
---ebpf-pid----372714----pid-372714
---ebpf-pid----2089----pid-1
---ebpf-pid----2089----pid-2089
---ebpf-pid----372714----pid-5476
---ebpf-pid----2089----pid-1
---ebpf-pid----2089----pid-2089
---ebpf-pid----372714----pid-1
---ebpf-pid----5707----pid-5707
---ebpf-pid----2089----pid-1
---ebpf-pid----2089----pid-2089
---ebpf-pid----5707----pid-5476
---ebpf-pid----2089----pid-1
---ebpf-pid----5707----pid-1
---ebpf-pid----2089----pid-2089
---ebpf-pid----5707----pid-5707
---ebpf-pid----2089----pid-1
---ebpf-pid----5707----pid-5476
---ebpf-pid----2089----pid-2089
---ebpf-pid----5707----pid-1
---ebpf-pid----2089----pid-1
---ebpf-pid----5707----pid-5707
---ebpf-pid----2089----pid-2089
---ebpf-pid----5707----pid-5476
---ebpf-pid----2089----pid-1
---ebpf-pid----2089----pid-2089
---ebpf-pid----2089----pid-1
---ebpf-pid----2089----pid-2089
---ebpf-pid----2089----pid-1
---ebpf-pid----2089----pid-2089
---ebpf-pid----2089----pid-1
---ebpf-pid----2089----pid-2089
---ebpf-pid----2089----pid-1
---ebpf-pid----2089----pid-2089
---ebpf-pid----2089----pid-1
---ebpf-pid----2088----pid-2088
---ebpf-pid----2088----pid-1
---ebpf-pid----2088----pid-2088
---ebpf-pid----2088----pid-1
---ebpf-pid----2088----pid-2088
---ebpf-pid----2088----pid-1
---ebpf-pid----2088----pid-2088
---ebpf-pid----2088----pid-1
---ebpf-pid----2088----pid-2088
---ebpf-pid----2088----pid-1
---ebpf-pid----2088----pid-2088
---ebpf-pid----2088----pid-1
---ebpf-pid----2088----pid-2088
---ebpf-pid----2088----pid-1
---ebpf-pid----2088----pid-2088
---ebpf-pid----2088----pid-1
---ebpf-pid----2088----pid-2088
---ebpf-pid----2088----pid-1
---ebpf-pid----372881----pid-372881
---ebpf-pid----372881----pid-1
---ebpf-pid----372881----pid-372881
---ebpf-pid----2089----pid-1
---ebpf-pid----372881----pid-1
---ebpf-pid----2089----pid-2089
---ebpf-pid----372881----pid-372881
---ebpf-pid----2089----pid-1
---ebpf-pid----372881----pid-1
---ebpf-pid----2089----pid-2089
---ebpf-pid----372881----pid-372881
---ebpf-pid----2089----pid-1
---ebpf-pid----2089----pid-2089
---ebpf-pid----372881----pid-1
---ebpf-pid----372881----pid-372881
---ebpf-pid----2089----pid-1
---ebpf-pid----2089----pid-2089
---ebpf-pid----372881----pid-1
---ebpf-pid----2089----pid-1
---ebpf-pid----372881----pid-372881
---ebpf-pid----2089----pid-2089
---ebpf-pid----372881----pid-1
---ebpf-pid----2089----pid-1
---ebpf-pid----372881----pid-372881
---ebpf-pid----2089----pid-2089
---ebpf-pid----2088----pid-2088
---ebpf-pid----2089----pid-1
---ebpf-pid----2088----pid-1
---ebpf-pid----2089----pid-2089
---ebpf-pid----2088----pid-2088
---ebpf-pid----2089----pid-1
---ebpf-pid----2088----pid-1
---ebpf-pid----2089----pid-2089
---ebpf-pid----2088----pid-2088
---ebpf-pid----2089----pid-1
---ebpf-pid----2088----pid-1
---ebpf-pid----379067----pid-379067
---ebpf-pid----2088----pid-2088
---ebpf-pid----2088----pid-1
---ebpf-pid----379067----pid-5476
---ebpf-pid----2088----pid-2088
---ebpf-pid----379067----pid-1
---ebpf-pid----2088----pid-1
---ebpf-pid----379067----pid-379067
---ebpf-pid----2088----pid-2088
---ebpf-pid----379067----pid-5476
---ebpf-pid----2088----pid-1
---ebpf-pid----2088----pid-2088
---ebpf-pid----379067----pid-1
---ebpf-pid----379067----pid-379067
---ebpf-pid----2088----pid-1
---ebpf-pid----2088----pid-2088
---ebpf-pid----379067----pid-5476
---ebpf-pid----2088----pid-1
---ebpf-pid----2088----pid-2088
---ebpf-pid----379067----pid-1
---ebpf-pid----379067----pid-379067
---ebpf-pid----2088----pid-1
---ebpf-pid----2088----pid-2088
---ebpf-pid----379067----pid-5476
---ebpf-pid----2088----pid-1
---ebpf-pid----379067----pid-1
---ebpf-pid----2088----pid-2088
---ebpf-pid----379067----pid-379067
---ebpf-pid----2088----pid-1
---ebpf-pid----379067----pid-5476
---ebpf-pid----2088----pid-2088
---ebpf-pid----379067----pid-1
---ebpf-pid----2088----pid-1
---ebpf-pid----6671----pid-6671
---ebpf-pid----2088----pid-2088
---ebpf-pid----6671----pid-5476
---ebpf-pid----2088----pid-1
---ebpf-pid----2088----pid-2088
---ebpf-pid----6671----pid-1
---ebpf-pid----6671----pid-6671
---ebpf-pid----2088----pid-1
---ebpf-pid----2088----pid-2088
---ebpf-pid----2088----pid-1
---ebpf-pid----2088----pid-2088
---ebpf-pid----6671----pid-5476
---ebpf-pid----6671----pid-1
---ebpf-pid----372714----pid-372714
---ebpf-pid----372714----pid-5476
---ebpf-pid----372714----pid-1
---ebpf-pid----372714----pid-372714
---ebpf-pid----372714----pid-5476
---ebpf-pid----372714----pid-1
---ebpf-pid----372714----pid-372714
---ebpf-pid----372714----pid-5476
---ebpf-pid----372714----pid-1
---ebpf-pid----372714----pid-372714
---ebpf-pid----372714----pid-5476
---ebpf-pid----372714----pid-1
---ebpf-pid----379067----pid-379067
---ebpf-pid----379067----pid-5476
---ebpf-pid----379067----pid-1
---ebpf-pid----5707----pid-1
---ebpf-pid----379067----pid-379067
---ebpf-pid----372881----pid-372881
---ebpf-pid----379067----pid-5476
---ebpf-pid----372881----pid-1
---ebpf-pid----372881----pid-372881
---ebpf-pid----379067----pid-1
---ebpf-pid----5707----pid-5707
---ebpf-pid----372881----pid-1
---ebpf-pid----2088----pid-1
---ebpf-pid----5707----pid-5476
---ebpf-pid----2088----pid-2088
---ebpf-pid----372881----pid-372881
---ebpf-pid----5707----pid-1
---ebpf-pid----2088----pid-1
---ebpf-pid----372881----pid-1
---ebpf-pid----372881----pid-372881
---ebpf-pid----2088----pid-2088
---ebpf-pid----2088----pid-1
---ebpf-pid----2088----pid-2088
---ebpf-pid----5707----pid-5707
---ebpf-pid----5707----pid-5476
---ebpf-pid----5707----pid-1
---ebpf-pid----379067----pid-379067
---ebpf-pid----379067----pid-5476
---ebpf-pid----379067----pid-1
---ebpf-pid----379067----pid-379067
---ebpf-pid----2088----pid-1
---ebpf-pid----379067----pid-5476
---ebpf-pid----379067----pid-1
---ebpf-pid----379067----pid-379067
---ebpf-pid----2088----pid-2088
---ebpf-pid----379067----pid-5476
---ebpf-pid----2088----pid-1
---ebpf-pid----379067----pid-1
---ebpf-pid----2088----pid-2088
---ebpf-pid----379067----pid-379067
---ebpf-pid----379067----pid-5476
---ebpf-pid----2088----pid-1
---ebpf-pid----2088----pid-2088
---ebpf-pid----379067----pid-1
---ebpf-pid----2088----pid-1
---ebpf-pid----379067----pid-379067
---ebpf-pid----2088----pid-2088
---ebpf-pid----379067----pid-5476
---ebpf-pid----2088----pid-1
---ebpf-pid----2088----pid-2088
---ebpf-pid----379067----pid-1
---ebpf-pid----379067----pid-379067
---ebpf-pid----2088----pid-1
---ebpf-pid----2088----pid-2088
---ebpf-pid----379067----pid-5476
---ebpf-pid----2088----pid-1
---ebpf-pid----2088----pid-2088
---ebpf-pid----379067----pid-1
---ebpf-pid----5707----pid-5707
---ebpf-pid----2088----pid-1
---ebpf-pid----2088----pid-2088
---ebpf-pid----5707----pid-5476
---ebpf-pid----372881----pid-1
---ebpf-pid----372881----pid-372881
---ebpf-pid----372881----pid-1
---ebpf-pid----372881----pid-372881
---ebpf-pid----5707----pid-1
---ebpf-pid----5707----pid-5707
---ebpf-pid----5707----pid-5476
---ebpf-pid----5707----pid-1
---ebpf-pid----5707----pid-5707
---ebpf-pid----5707----pid-5476
---ebpf-pid----5707----pid-1
---ebpf-pid----5707----pid-5707
---ebpf-pid----5707----pid-5476
---ebpf-pid----5707----pid-1
---ebpf-pid----5707----pid-5707
---ebpf-pid----5707----pid-5476
---ebpf-pid----5707----pid-1
---ebpf-pid----5707----pid-5707
---ebpf-pid----5707----pid-5476
---ebpf-pid----372881----pid-1
---ebpf-pid----5707----pid-1
---ebpf-pid----372881----pid-372881
---ebpf-pid----5707----pid-5707
---ebpf-pid----372881----pid-1
---ebpf-pid----372881----pid-372881
---ebpf-pid----5707----pid-5476
---ebpf-pid----372881----pid-1
---ebpf-pid----5707----pid-1
---ebpf-pid----372881----pid-372881
---ebpf-pid----5707----pid-5707
---ebpf-pid----372881----pid-1
---ebpf-pid----372881----pid-372881
---ebpf-pid----2088----pid-1
---ebpf-pid----2088----pid-2088
---ebpf-pid----372881----pid-1
---ebpf-pid----372881----pid-372881
---ebpf-pid----2088----pid-1
---ebpf-pid----2088----pid-2088
---ebpf-pid----372881----pid-1
---ebpf-pid----372881----pid-372881
---ebpf-pid----2088----pid-1
---ebpf-pid----2088----pid-2088
---ebpf-pid----372881----pid-1
---ebpf-pid----372881----pid-372881
---ebpf-pid----2088----pid-1
---ebpf-pid----2088----pid-2088
---ebpf-pid----2088----pid-1
---ebpf-pid----372881----pid-1
---ebpf-pid----2088----pid-2088
---ebpf-pid----372881----pid-372881
---ebpf-pid----2088----pid-1
---ebpf-pid----2088----pid-2088
---ebpf-pid----372881----pid-1
---ebpf-pid----2088----pid-1
---ebpf-pid----372881----pid-1
---ebpf-pid----372881----pid-372881
---ebpf-pid----372881----pid-1
---ebpf-pid----372881----pid-372881
---ebpf-pid----372881----pid-1
---ebpf-pid----372881----pid-372881
---ebpf-pid----372881----pid-1
---ebpf-pid----372881----pid-372881
---ebpf-pid----372881----pid-1
---ebpf-pid----372881----pid-372881
---ebpf-pid----372881----pid-1
---ebpf-pid----372881----pid-372881
---ebpf-pid----372881----pid-1
---ebpf-pid----372881----pid-372881
---ebpf-pid----5707----pid-5476
---ebpf-pid----372881----pid-1
---ebpf-pid----372881----pid-372881
---ebpf-pid----5707----pid-1
---ebpf-pid----5707----pid-5707
---ebpf-pid----372881----pid-1
---ebpf-pid----372881----pid-372881
---ebpf-pid----5707----pid-5476
---ebpf-pid----5707----pid-1
---ebpf-pid----5707----pid-5707
---ebpf-pid----372881----pid-1
---ebpf-pid----372881----pid-372881
---ebpf-pid----5707----pid-5476
---ebpf-pid----5707----pid-1
---ebpf-pid----5707----pid-5707
---ebpf-pid----372881----pid-1
---ebpf-pid----5707----pid-5476
---ebpf-pid----372881----pid-372881
---ebpf-pid----5707----pid-1
---ebpf-pid----5707----pid-5707
---ebpf-pid----372881----pid-1
---ebpf-pid----5707----pid-5476
---ebpf-pid----372881----pid-372881
---ebpf-pid----5707----pid-1
---ebpf-pid----5707----pid-5707
---ebpf-pid----372881----pid-1
---ebpf-pid----5707----pid-5476
---ebpf-pid----372881----pid-372881
---ebpf-pid----5707----pid-1
---ebpf-pid----5707----pid-5707
---ebpf-pid----372881----pid-1
---ebpf-pid----5707----pid-5476
---ebpf-pid----372881----pid-372881
---ebpf-pid----5707----pid-1
---ebpf-pid----5707----pid-5707
---ebpf-pid----5707----pid-5476
---ebpf-pid----5707----pid-1
---ebpf-pid----5707----pid-5707
---ebpf-pid----5707----pid-5476
---ebpf-pid----5707----pid-1
---ebpf-pid----5707----pid-5707
---ebpf-pid----5707----pid-5476
---ebpf-pid----5707----pid-1
---ebpf-pid----5707----pid-5707
---ebpf-pid----5707----pid-5476
---ebpf-pid----5707----pid-1
---ebpf-pid----5707----pid-5707
---ebpf-pid----5707----pid-5476
---ebpf-pid----5707----pid-1
---ebpf-pid----5707----pid-5707
---ebpf-pid----5707----pid-5476
---ebpf-pid----5707----pid-1
---ebpf-pid----5707----pid-5707
---ebpf-pid----5707----pid-5476
---ebpf-pid----5707----pid-1
---ebpf-pid----5707----pid-5707
---ebpf-pid----5707----pid-5476
---ebpf-pid----5707----pid-1
---ebpf-pid----5707----pid-5707
---ebpf-pid----5707----pid-5476
---ebpf-pid----5707----pid-1
---ebpf-pid----5707----pid-5707
---ebpf-pid----5707----pid-5476
---ebpf-pid----2088----pid-2088
---ebpf-pid----5707----pid-1
---ebpf-pid----5707----pid-5707
---ebpf-pid----2088----pid-1
---ebpf-pid----2088----pid-2088
---ebpf-pid----5707----pid-5476
---ebpf-pid----2088----pid-1
---ebpf-pid----2088----pid-2088
---ebpf-pid----2088----pid-1
---ebpf-pid----5707----pid-1
---ebpf-pid----2088----pid-2088
---ebpf-pid----5707----pid-5707
---ebpf-pid----2088----pid-1
---ebpf-pid----5707----pid-5476
---ebpf-pid----2088----pid-2088
---ebpf-pid----5707----pid-1
---ebpf-pid----2088----pid-1
---ebpf-pid----5707----pid-5707
---ebpf-pid----2088----pid-2088
---ebpf-pid----2088----pid-1
---ebpf-pid----2088----pid-2088
---ebpf-pid----2088----pid-1
---ebpf-pid----5707----pid-5476
---ebpf-pid----2088----pid-2088
---ebpf-pid----5707----pid-1
---ebpf-pid----2088----pid-1
---ebpf-pid----5707----pid-5707
---ebpf-pid----2088----pid-2088
---ebpf-pid----5707----pid-5476
---ebpf-pid----2088----pid-1
---ebpf-pid----2088----pid-2088
---ebpf-pid----2088----pid-1
---ebpf-pid----5707----pid-1
---ebpf-pid----2088----pid-2088
---ebpf-pid----5707----pid-5707
---ebpf-pid----2088----pid-1
---ebpf-pid----5707----pid-5476
---ebpf-pid----2088----pid-2088
---ebpf-pid----5707----pid-1
---ebpf-pid----2088----pid-1
---ebpf-pid----5707----pid-5707
---ebpf-pid----2088----pid-2088
---ebpf-pid----5707----pid-5476
---ebpf-pid----2088----pid-1
---ebpf-pid----2088----pid-2088
---ebpf-pid----5707----pid-1
---ebpf-pid----5707----pid-5707
---ebpf-pid----2088----pid-1
---ebpf-pid----2088----pid-2088
---ebpf-pid----5707----pid-5476
---ebpf-pid----2088----pid-1
---ebpf-pid----2088----pid-2088
---ebpf-pid----5707----pid-1
---ebpf-pid----5707----pid-5707
---ebpf-pid----2088----pid-1
---ebpf-pid----2088----pid-2088
---ebpf-pid----5707----pid-5476
---ebpf-pid----2088----pid-1
---ebpf-pid----5707----pid-1
---ebpf-pid----2088----pid-2088
---ebpf-pid----5707----pid-5707
---ebpf-pid----5707----pid-5476
---ebpf-pid----2088----pid-1
---ebpf-pid----2088----pid-2088
---ebpf-pid----5707----pid-1
---ebpf-pid----5707----pid-5707
---ebpf-pid----2088----pid-1
---ebpf-pid----2088----pid-2088
---ebpf-pid----5707----pid-5476
---ebpf-pid----2088----pid-1
---ebpf-pid----2088----pid-2088
---ebpf-pid----5707----pid-1
---ebpf-pid----5707----pid-5707
---ebpf-pid----5707----pid-5476
---ebpf-pid----5707----pid-1
---ebpf-pid----5707----pid-5707
---ebpf-pid----5707----pid-5476
---ebpf-pid----5707----pid-1
---ebpf-pid----5707----pid-5707
---ebpf-pid----5707----pid-5476
---ebpf-pid----5707----pid-1
---ebpf-pid----5707----pid-5707
---ebpf-pid----5707----pid-5476
---ebpf-pid----5707----pid-1
---ebpf-pid----5707----pid-5707
---ebpf-pid----5707----pid-5476
---ebpf-pid----5707----pid-1
---ebpf-pid----5707----pid-5707
---ebpf-pid----5707----pid-5476
---ebpf-pid----5707----pid-1
---ebpf-pid----2088----pid-2088
---ebpf-pid----2088----pid-1
---ebpf-pid----2088----pid-2088
---ebpf-pid----2088----pid-1
---ebpf-pid----2088----pid-2088
---ebpf-pid----2088----pid-1
---ebpf-pid----2088----pid-2088
---ebpf-pid----2088----pid-1
---ebpf-pid----379067----pid-379067
---ebpf-pid----379067----pid-5476
---ebpf-pid----379067----pid-1
---ebpf-pid----379067----pid-379067
---ebpf-pid----379067----pid-5476
---ebpf-pid----379067----pid-1
---ebpf-pid----379067----pid-379067
---ebpf-pid----379067----pid-5476
---ebpf-pid----379067----pid-1
---ebpf-pid----379067----pid-379067
---ebpf-pid----379067----pid-5476
---ebpf-pid----379067----pid-1
---ebpf-pid----379067----pid-379067
---ebpf-pid----379067----pid-5476
---ebpf-pid----2088----pid-1
---ebpf-pid----2088----pid-2088
---ebpf-pid----379067----pid-1
---ebpf-pid----2088----pid-1
---ebpf-pid----2088----pid-2088
---ebpf-pid----379067----pid-379067
---ebpf-pid----2088----pid-1
---ebpf-pid----379067----pid-5476
---ebpf-pid----2088----pid-2088
---ebpf-pid----379067----pid-1
---ebpf-pid----2088----pid-1
---ebpf-pid----379067----pid-379067
---ebpf-pid----2088----pid-2088
---ebpf-pid----379067----pid-5476
---ebpf-pid----2088----pid-1
---ebpf-pid----2088----pid-2088
---ebpf-pid----379067----pid-1
---ebpf-pid----379067----pid-379067
---ebpf-pid----2088----pid-1
---ebpf-pid----2088----pid-2088
---ebpf-pid----379067----pid-5476
---ebpf-pid----2088----pid-1
---ebpf-pid----2088----pid-2088
---ebpf-pid----379067----pid-1
---ebpf-pid----379067----pid-379067
---ebpf-pid----2088----pid-1
---ebpf-pid----2088----pid-2088
---ebpf-pid----379067----pid-5476
---ebpf-pid----2088----pid-1
---ebpf-pid----2088----pid-2088
---ebpf-pid----379067----pid-1
---ebpf-pid----2088----pid-1
---ebpf-pid----2088----pid-2088
---ebpf-pid----6671----pid-6671
---ebpf-pid----2088----pid-1
---ebpf-pid----6671----pid-5476
---ebpf-pid----2088----pid-2088
---ebpf-pid----6671----pid-1
---ebpf-pid----2088----pid-1
---ebpf-pid----6671----pid-6671
---ebpf-pid----2088----pid-2088
---ebpf-pid----6671----pid-5476
---ebpf-pid----2088----pid-1
---ebpf-pid----2088----pid-2088
---ebpf-pid----6671----pid-1
---ebpf-pid----6671----pid-6671
---ebpf-pid----2088----pid-1
---ebpf-pid----2088----pid-2088
---ebpf-pid----6671----pid-5476
---ebpf-pid----2088----pid-1
---ebpf-pid----6671----pid-1
---ebpf-pid----2088----pid-2088
---ebpf-pid----6671----pid-6671
---ebpf-pid----6671----pid-5476
---ebpf-pid----6671----pid-1
---ebpf-pid----6671----pid-6671
---ebpf-pid----6671----pid-5476
---ebpf-pid----372881----pid-372881
---ebpf-pid----6671----pid-1
---ebpf-pid----6671----pid-6671
---ebpf-pid----372881----pid-1
---ebpf-pid----372881----pid-372881
---ebpf-pid----6671----pid-5476
---ebpf-pid----372881----pid-1
---ebpf-pid----6671----pid-1
---ebpf-pid----372881----pid-372881
---ebpf-pid----372881----pid-372881
---ebpf-pid----372881----pid-1
---ebpf-pid----372881----pid-372881
---ebpf-pid----372881----pid-1
---ebpf-pid----372881----pid-372881
---ebpf-pid----372881----pid-1
---ebpf-pid----372881----pid-372881
---ebpf-pid----372881----pid-1
---ebpf-pid----372881----pid-1
---ebpf-pid----372881----pid-372881
---ebpf-pid----372881----pid-372881
---ebpf-pid----372881----pid-1
---ebpf-pid----372881----pid-1
---ebpf-pid----372881----pid-372881
---ebpf-pid----372881----pid-372881
---ebpf-pid----372881----pid-1
---ebpf-pid----372881----pid-1
---ebpf-pid----372881----pid-372881
---ebpf-pid----372881----pid-372881
---ebpf-pid----372881----pid-1
---ebpf-pid----372881----pid-372881
---ebpf-pid----372881----pid-1
---ebpf-pid----372881----pid-372881
---ebpf-pid----372881----pid-1
---ebpf-pid----372881----pid-1
---ebpf-pid----372881----pid-372881
---ebpf-pid----372881----pid-1
---ebpf-pid----372881----pid-372881
---ebpf-pid----372881----pid-372881
---ebpf-pid----372881----pid-1
---ebpf-pid----372881----pid-372881
---ebpf-pid----372881----pid-1
---ebpf-pid----372881----pid-1
---ebpf-pid----372881----pid-372881
---ebpf-pid----372881----pid-1
---ebpf-pid----372881----pid-372881
---ebpf-pid----372881----pid-372881
---ebpf-pid----372881----pid-1
---ebpf-pid----372881----pid-372881
---ebpf-pid----372881----pid-1
---ebpf-pid----372881----pid-1
---ebpf-pid----372881----pid-372881
---ebpf-pid----372881----pid-1
---ebpf-pid----372881----pid-372881
---ebpf-pid----372881----pid-372881
---ebpf-pid----372881----pid-1
---ebpf-pid----372881----pid-1
---ebpf-pid----372881----pid-1
---ebpf-pid----372881----pid-372881
---ebpf-pid----372881----pid-372881
---ebpf-pid----372881----pid-372881
---ebpf-pid----372881----pid-1
---ebpf-pid----372881----pid-1
---ebpf-pid----372881----pid-1
---ebpf-pid----372881----pid-372881
---ebpf-pid----372881----pid-372881
---ebpf-pid----2088----pid-1
---ebpf-pid----372881----pid-372881
---ebpf-pid----2088----pid-2088
---ebpf-pid----372881----pid-1
---ebpf-pid----2088----pid-1
---ebpf-pid----2088----pid-2088
---ebpf-pid----372881----pid-372881
---ebpf-pid----372881----pid-1
---ebpf-pid----2088----pid-1
---ebpf-pid----372881----pid-372881
---ebpf-pid----2088----pid-2088
---ebpf-pid----372881----pid-1
---ebpf-pid----372881----pid-372881
---ebpf-pid----372881----pid-1
---ebpf-pid----2088----pid-1
---ebpf-pid----372881----pid-372881
---ebpf-pid----2088----pid-2088
---ebpf-pid----372881----pid-1
---ebpf-pid----372881----pid-372881
---ebpf-pid----372881----pid-1
---ebpf-pid----372881----pid-372881
---ebpf-pid----2088----pid-1
---ebpf-pid----372881----pid-1
---ebpf-pid----372881----pid-1
---ebpf-pid----2088----pid-2088
---ebpf-pid----372881----pid-372881
---ebpf-pid----372881----pid-372881
---ebpf-pid----372881----pid-1
---ebpf-pid----372881----pid-372881
---ebpf-pid----2088----pid-1
---ebpf-pid----372881----pid-1
---ebpf-pid----372881----pid-1
---ebpf-pid----2088----pid-2088
---ebpf-pid----372881----pid-1
---ebpf-pid----372881----pid-372881
---ebpf-pid----372881----pid-372881
---ebpf-pid----372881----pid-372881
---ebpf-pid----2088----pid-1
---ebpf-pid----2088----pid-2088
---ebpf-pid----372881----pid-1
---ebpf-pid----372881----pid-1
---ebpf-pid----372881----pid-1
---ebpf-pid----372881----pid-372881
---ebpf-pid----372881----pid-372881
---ebpf-pid----2088----pid-1
---ebpf-pid----372881----pid-372881
---ebpf-pid----2088----pid-2088
---ebpf-pid----372881----pid-1
---ebpf-pid----372881----pid-1
---ebpf-pid----372881----pid-372881
---ebpf-pid----2088----pid-1
---ebpf-pid----2088----pid-2088
---ebpf-pid----372881----pid-1
---ebpf-pid----372881----pid-372881
---ebpf-pid----372881----pid-372881
---ebpf-pid----2088----pid-1
---ebpf-pid----372881----pid-1
---ebpf-pid----2094----pid-2094
---ebpf-pid----372881----pid-372881
---ebpf-pid----372881----pid-1
---ebpf-pid----372881----pid-1
---ebpf-pid----372881----pid-372881
---ebpf-pid----2094----pid-1
---ebpf-pid----372881----pid-372881
---ebpf-pid----372881----pid-1
---ebpf-pid----2094----pid-2094
---ebpf-pid----372881----pid-1
---ebpf-pid----372881----pid-372881
---ebpf-pid----372881----pid-372881
---ebpf-pid----372881----pid-1
---ebpf-pid----2094----pid-1
---ebpf-pid----372881----pid-372881
---ebpf-pid----2094----pid-2094
---ebpf-pid----372881----pid-1
---ebpf-pid----372881----pid-1
---ebpf-pid----372881----pid-372881
---ebpf-pid----372881----pid-372881
---ebpf-pid----372881----pid-1
---ebpf-pid----2094----pid-1
---ebpf-pid----372881----pid-372881
---ebpf-pid----2094----pid-2094
---ebpf-pid----372881----pid-1
---ebpf-pid----372881----pid-1
---ebpf-pid----372881----pid-372881
---ebpf-pid----372881----pid-372881
---ebpf-pid----2094----pid-1
---ebpf-pid----372881----pid-1
---ebpf-pid----2094----pid-2094
---ebpf-pid----372881----pid-372881
---ebpf-pid----372881----pid-1
---ebpf-pid----372881----pid-1
---ebpf-pid----372881----pid-372881
---ebpf-pid----372881----pid-372881
---ebpf-pid----2094----pid-1
---ebpf-pid----372881----pid-1
---ebpf-pid----2094----pid-2094
---ebpf-pid----372881----pid-372881
---ebpf-pid----372881----pid-1
---ebpf-pid----2094----pid-1
---ebpf-pid----372881----pid-372881
---ebpf-pid----2094----pid-2094
---ebpf-pid----372881----pid-1
---ebpf-pid----372881----pid-372881
---ebpf-pid----372881----pid-1
---ebpf-pid----372881----pid-372881
---ebpf-pid----372881----pid-1
---ebpf-pid----372881----pid-372881
---ebpf-pid----372881----pid-1
---ebpf-pid----372881----pid-372881
---ebpf-pid----372881----pid-1
---ebpf-pid----372881----pid-372881
---ebpf-pid----372881----pid-1
---ebpf-pid----372881----pid-372881
---ebpf-pid----372881----pid-1
---ebpf-pid----372881----pid-372881
---ebpf-pid----372881----pid-1
---ebpf-pid----372881----pid-372881
---ebpf-pid----372881----pid-1
---ebpf-pid----372881----pid-1
---ebpf-pid----372881----pid-372881
---ebpf-pid----372881----pid-1
---ebpf-pid----372881----pid-372881
---ebpf-pid----372881----pid-1
---ebpf-pid----372881----pid-372881
---ebpf-pid----372881----pid-1
---ebpf-pid----372881----pid-372881
---ebpf-pid----372881----pid-1
---ebpf-pid----372881----pid-372881
---ebpf-pid----372881----pid-1
---ebpf-pid----372881----pid-372881
---ebpf-pid----372881----pid-1
---ebpf-pid----372881----pid-372881
---ebpf-pid----372881----pid-1
---ebpf-pid----372881----pid-372881
---ebpf-pid----372881----pid-1
---ebpf-pid----372881----pid-372881
---ebpf-pid----372881----pid-1
---ebpf-pid----372881----pid-372881
---ebpf-pid----372881----pid-1
---ebpf-pid----372881----pid-372881
---ebpf-pid----372881----pid-1
---ebpf-pid----372881----pid-372881
---ebpf-pid----372881----pid-1
---ebpf-pid----372881----pid-372881
---ebpf-pid----372881----pid-1
---ebpf-pid----372881----pid-372881
---ebpf-pid----372881----pid-1
---ebpf-pid----372881----pid-372881
---ebpf-pid----372881----pid-1
---ebpf-pid----372881----pid-372881
---ebpf-pid----372881----pid-1
---ebpf-pid----372881----pid-372881
---ebpf-pid----372881----pid-1
---ebpf-pid----372881----pid-372881
---ebpf-pid----372881----pid-372881
---ebpf-pid----372881----pid-1
---ebpf-pid----372881----pid-372881
---ebpf-pid----372881----pid-1
---ebpf-pid----372881----pid-1
---ebpf-pid----372881----pid-372881
---ebpf-pid----372881----pid-372881
---ebpf-pid----372881----pid-1
---ebpf-pid----372881----pid-1
---ebpf-pid----372881----pid-372881
---ebpf-pid----372881----pid-372881
---ebpf-pid----372881----pid-1
---ebpf-pid----372881----pid-1
---ebpf-pid----372881----pid-372881
---ebpf-pid----372881----pid-372881
---ebpf-pid----372881----pid-1
---ebpf-pid----2094----pid-1
---ebpf-pid----372881----pid-372881
---ebpf-pid----2094----pid-2094
---ebpf-pid----372881----pid-1
---ebpf-pid----372881----pid-372881
---ebpf-pid----2094----pid-1
---ebpf-pid----2094----pid-2094
---ebpf-pid----372881----pid-1
---ebpf-pid----372881----pid-372881
---ebpf-pid----2094----pid-1
---ebpf-pid----2094----pid-2094
---ebpf-pid----372881----pid-1
---ebpf-pid----372881----pid-372881
---ebpf-pid----2094----pid-1
---ebpf-pid----2094----pid-2094
---ebpf-pid----372881----pid-1
---ebpf-pid----372881----pid-372881
---ebpf-pid----2094----pid-1
---ebpf-pid----2094----pid-2094
---ebpf-pid----372881----pid-1
---ebpf-pid----372881----pid-372881
---ebpf-pid----2094----pid-1
---ebpf-pid----372881----pid-1
---ebpf-pid----2094----pid-2094
---ebpf-pid----372881----pid-372881
---ebpf-pid----2094----pid-1
---ebpf-pid----2094----pid-2094
---ebpf-pid----372881----pid-1
---ebpf-pid----372881----pid-372881
---ebpf-pid----2094----pid-1
---ebpf-pid----372881----pid-1
---ebpf-pid----2094----pid-2094
---ebpf-pid----2094----pid-2094
---ebpf-pid----2094----pid-1
---ebpf-pid----2094----pid-1
---ebpf-pid----2094----pid-2094
---ebpf-pid----2094----pid-2094
---ebpf-pid----2094----pid-1
---ebpf-pid----2094----pid-1
---ebpf-pid----2094----pid-2094
---ebpf-pid----2094----pid-2094
---ebpf-pid----2094----pid-1
---ebpf-pid----2094----pid-1
---ebpf-pid----2094----pid-2094
---ebpf-pid----372881----pid-1
---ebpf-pid----372881----pid-372881
---ebpf-pid----2094----pid-1
---ebpf-pid----2094----pid-2094
---ebpf-pid----372881----pid-1
---ebpf-pid----372881----pid-372881
---ebpf-pid----2094----pid-1
---ebpf-pid----2094----pid-2094
---ebpf-pid----372881----pid-1
---ebpf-pid----2029----pid-2029
---ebpf-pid----2094----pid-1
---ebpf-pid----2029----pid-1
---ebpf-pid----2029----pid-2029
---ebpf-pid----2029----pid-1
---ebpf-pid----2029----pid-2029
---ebpf-pid----2029----pid-1
---ebpf-pid----2029----pid-2029
---ebpf-pid----2029----pid-1
---ebpf-pid----2029----pid-2029
---ebpf-pid----2029----pid-1
---ebpf-pid----2029----pid-2029
---ebpf-pid----2029----pid-1
---ebpf-pid----2029----pid-2029
---ebpf-pid----2029----pid-1
---ebpf-pid----2029----pid-2029
---ebpf-pid----2029----pid-1
---ebpf-pid----2029----pid-2029
---ebpf-pid----2029----pid-1
---ebpf-pid----2029----pid-2029
---ebpf-pid----2029----pid-1
---ebpf-pid----2029----pid-2029
---ebpf-pid----2029----pid-1
---ebpf-pid----2029----pid-2029
---ebpf-pid----2029----pid-1
---ebpf-pid----2029----pid-2029
---ebpf-pid----2029----pid-1
---ebpf-pid----2029----pid-2029
---ebpf-pid----2029----pid-1
---ebpf-pid----2029----pid-2029
---ebpf-pid----2029----pid-1
---ebpf-pid----2029----pid-2029
---ebpf-pid----2029----pid-1
---ebpf-pid----2029----pid-2029
---ebpf-pid----2094----pid-2094
---ebpf-pid----2094----pid-1
---ebpf-pid----2094----pid-2094
---ebpf-pid----2094----pid-1
---ebpf-pid----2094----pid-2094
---ebpf-pid----2094----pid-1
---ebpf-pid----2094----pid-2094
---ebpf-pid----2094----pid-1
---ebpf-pid----2094----pid-2094
---ebpf-pid----2094----pid-1
---ebpf-pid----2094----pid-2094
---ebpf-pid----2094----pid-1
---ebpf-pid----2094----pid-2094
---ebpf-pid----2094----pid-1
---ebpf-pid----2094----pid-2094
---ebpf-pid----372881----pid-1
---ebpf-pid----372881----pid-372881
---ebpf-pid----2094----pid-1
---ebpf-pid----2094----pid-2094
---ebpf-pid----372881----pid-1
---ebpf-pid----372881----pid-372881
---ebpf-pid----2094----pid-1
---ebpf-pid----5707----pid-5707
---ebpf-pid----372881----pid-1
---ebpf-pid----372881----pid-372881
---ebpf-pid----5707----pid-5476
---ebpf-pid----372881----pid-1
---ebpf-pid----5707----pid-1
---ebpf-pid----372881----pid-372881
---ebpf-pid----5707----pid-5707
---ebpf-pid----372881----pid-1
---ebpf-pid----5707----pid-5476
---ebpf-pid----372881----pid-372881
---ebpf-pid----5707----pid-1
---ebpf-pid----372881----pid-1
---ebpf-pid----5707----pid-5707
---ebpf-pid----372881----pid-372881
---ebpf-pid----372881----pid-1
---ebpf-pid----448783----pid-448783
---ebpf-pid----372881----pid-372881
---ebpf-pid----372881----pid-1
---ebpf-pid----448783----pid-448520
---ebpf-pid----372881----pid-372881
---ebpf-pid----448783----pid-1
---ebpf-pid----372881----pid-1
---ebpf-pid----448783----pid-448783
---ebpf-pid----372881----pid-372881
---ebpf-pid----448783----pid-448520
---ebpf-pid----372881----pid-1
---ebpf-pid----372881----pid-372881
---ebpf-pid----448783----pid-1
---ebpf-pid----14----pid-14
---ebpf-pid----372881----pid-1
---ebpf-pid----372881----pid-372881
---ebpf-pid----14----pid-2
---ebpf-pid----2029----pid-2029
---ebpf-pid----372881----pid-1
---ebpf-pid----372881----pid-372881
---ebpf-pid----2029----pid-1
---ebpf-pid----2029----pid-2029
---ebpf-pid----372881----pid-1
---ebpf-pid----372881----pid-372881
---ebpf-pid----2029----pid-1
---ebpf-pid----372881----pid-1
---ebpf-pid----2029----pid-2029
---ebpf-pid----372881----pid-372881
---ebpf-pid----372881----pid-1
---ebpf-pid----2029----pid-1
---ebpf-pid----372881----pid-372881
---ebpf-pid----2029----pid-2029
---ebpf-pid----372881----pid-1
---ebpf-pid----2029----pid-1
---ebpf-pid----372881----pid-372881
---ebpf-pid----2029----pid-2029
---ebpf-pid----372881----pid-1
---ebpf-pid----2029----pid-1
---ebpf-pid----372881----pid-372881
---ebpf-pid----2029----pid-2029
---ebpf-pid----372881----pid-1
---ebpf-pid----2029----pid-1
---ebpf-pid----372881----pid-372881
---ebpf-pid----2029----pid-2029
---ebpf-pid----372881----pid-1
---ebpf-pid----2029----pid-1
---ebpf-pid----372881----pid-372881
---ebpf-pid----2029----pid-2029
---ebpf-pid----372881----pid-1
---ebpf-pid----372881----pid-372881
---ebpf-pid----2029----pid-1
---ebpf-pid----2029----pid-2029
---ebpf-pid----372881----pid-1
---ebpf-pid----2029----pid-1
---ebpf-pid----2029----pid-2029
---ebpf-pid----2029----pid-1
---ebpf-pid----2029----pid-2029
---ebpf-pid----2029----pid-1
---ebpf-pid----2029----pid-2029
---ebpf-pid----2029----pid-1
---ebpf-pid----2029----pid-2029
---ebpf-pid----2029----pid-1
---ebpf-pid----2029----pid-2029
---ebpf-pid----2029----pid-1
---ebpf-pid----2029----pid-2029
---ebpf-pid----2029----pid-1
---ebpf-pid----2029----pid-2029
---ebpf-pid----2029----pid-1
---ebpf-pid----2029----pid-2029
---ebpf-pid----2029----pid-1
---ebpf-pid----2029----pid-1
---ebpf-pid----2029----pid-2029
---ebpf-pid----2029----pid-1
---ebpf-pid----2029----pid-2029
---ebpf-pid----2029----pid-1
---ebpf-pid----2029----pid-2029
---ebpf-pid----2029----pid-1
---ebpf-pid----2029----pid-2029
---ebpf-pid----2029----pid-1
---ebpf-pid----2029----pid-2029
---ebpf-pid----2029----pid-1
---ebpf-pid----2029----pid-2029
---ebpf-pid----2029----pid-1
---ebpf-pid----2029----pid-2029
---ebpf-pid----2029----pid-1
---ebpf-pid----2029----pid-2029
---ebpf-pid----2029----pid-1
---ebpf-pid----2029----pid-2029
---ebpf-pid----2029----pid-1
---ebpf-pid----2029----pid-2029
---ebpf-pid----2029----pid-1
---ebpf-pid----6671----pid-6671
---ebpf-pid----6671----pid-5476
---ebpf-pid----6671----pid-1
---ebpf-pid----6671----pid-6671
---ebpf-pid----6671----pid-5476
---ebpf-pid----372881----pid-372881
---ebpf-pid----6671----pid-1
---ebpf-pid----372881----pid-1
---ebpf-pid----6671----pid-6671
---ebpf-pid----372881----pid-372881
---ebpf-pid----372881----pid-1
---ebpf-pid----6671----pid-5476
---ebpf-pid----372881----pid-372881
---ebpf-pid----6671----pid-1
---ebpf-pid----6671----pid-6671
---ebpf-pid----372881----pid-1
---ebpf-pid----372881----pid-372881
---ebpf-pid----6671----pid-5476
---ebpf-pid----372881----pid-1
---ebpf-pid----6671----pid-1
---ebpf-pid----372881----pid-372881
---ebpf-pid----5705----pid-5705
---ebpf-pid----372881----pid-1
---ebpf-pid----5705----pid-5476
---ebpf-pid----372881----pid-372881
---ebpf-pid----5705----pid-1
---ebpf-pid----372881----pid-1
---ebpf-pid----5705----pid-5705
---ebpf-pid----372881----pid-372881
---ebpf-pid----5705----pid-5476
---ebpf-pid----372881----pid-1
---ebpf-pid----372881----pid-372881
---ebpf-pid----5705----pid-1
---ebpf-pid----5705----pid-5705
---ebpf-pid----372881----pid-1
---ebpf-pid----5705----pid-5476
---ebpf-pid----372881----pid-372881
---ebpf-pid----5705----pid-1
---ebpf-pid----372881----pid-1
---ebpf-pid----5707----pid-5476
---ebpf-pid----372881----pid-372881
---ebpf-pid----372881----pid-1
---ebpf-pid----5707----pid-1
---ebpf-pid----372881----pid-372881
---ebpf-pid----5707----pid-5707
---ebpf-pid----372881----pid-1
---ebpf-pid----5707----pid-5476
---ebpf-pid----372881----pid-372881
---ebpf-pid----5707----pid-1
---ebpf-pid----372881----pid-1
---ebpf-pid----5707----pid-5707
---ebpf-pid----372881----pid-372881
---ebpf-pid----5707----pid-5476
---ebpf-pid----372881----pid-1
---ebpf-pid----372881----pid-372881
---ebpf-pid----5707----pid-1
---ebpf-pid----5707----pid-5707
---ebpf-pid----372881----pid-1
---ebpf-pid----372881----pid-372881
---ebpf-pid----5707----pid-5476
---ebpf-pid----372881----pid-1
---ebpf-pid----5707----pid-1
---ebpf-pid----5707----pid-5707
---ebpf-pid----5707----pid-5476
---ebpf-pid----5707----pid-1
---ebpf-pid----5707----pid-5707
---ebpf-pid----5707----pid-5476
---ebpf-pid----5707----pid-1
---ebpf-pid----5707----pid-5707
---ebpf-pid----5707----pid-5476
---ebpf-pid----5707----pid-1
---ebpf-pid----5707----pid-5707
---ebpf-pid----5707----pid-5476
---ebpf-pid----5707----pid-1
---ebpf-pid----5707----pid-5707
---ebpf-pid----5707----pid-5476
---ebpf-pid----5707----pid-1
---ebpf-pid----372881----pid-372881
---ebpf-pid----372881----pid-1
---ebpf-pid----372881----pid-372881
---ebpf-pid----372881----pid-1
---ebpf-pid----2029----pid-2029
---ebpf-pid----2029----pid-1
---ebpf-pid----2029----pid-2029
---ebpf-pid----2029----pid-1
---ebpf-pid----2029----pid-2029
---ebpf-pid----2029----pid-1
---ebpf-pid----2029----pid-2029
---ebpf-pid----2029----pid-1
---ebpf-pid----2029----pid-2029
---ebpf-pid----2029----pid-1
---ebpf-pid----2029----pid-2029
---ebpf-pid----2029----pid-1
---ebpf-pid----2029----pid-2029
---ebpf-pid----372881----pid-372881
---ebpf-pid----2029----pid-1
---ebpf-pid----372881----pid-1
---ebpf-pid----2029----pid-2029
---ebpf-pid----372881----pid-372881
---ebpf-pid----372881----pid-1
---ebpf-pid----2029----pid-1
---ebpf-pid----372881----pid-372881
---ebpf-pid----2029----pid-2029
---ebpf-pid----372881----pid-1
---ebpf-pid----2029----pid-1
---ebpf-pid----372881----pid-372881
---ebpf-pid----2029----pid-2029
---ebpf-pid----2029----pid-1
---ebpf-pid----372881----pid-1
---ebpf-pid----2029----pid-2029
---ebpf-pid----372881----pid-372881
---ebpf-pid----2029----pid-1
---ebpf-pid----372881----pid-1
---ebpf-pid----2029----pid-2029
---ebpf-pid----372881----pid-372881
---ebpf-pid----2029----pid-1
---ebpf-pid----372881----pid-1
---ebpf-pid----2029----pid-2029
---ebpf-pid----372881----pid-372881
---ebpf-pid----372881----pid-1
---ebpf-pid----372881----pid-372881
---ebpf-pid----372881----pid-1
---ebpf-pid----5705----pid-5705
---ebpf-pid----372881----pid-372881
---ebpf-pid----372881----pid-1
---ebpf-pid----5705----pid-5476
---ebpf-pid----372881----pid-372881
---ebpf-pid----5705----pid-1
---ebpf-pid----372881----pid-1
---ebpf-pid----5705----pid-5705
---ebpf-pid----372881----pid-372881
---ebpf-pid----5705----pid-5476
---ebpf-pid----372881----pid-1
---ebpf-pid----5705----pid-1
---ebpf-pid----372881----pid-372881
---ebpf-pid----5705----pid-5705
---ebpf-pid----372881----pid-1
---ebpf-pid----5705----pid-5476
---ebpf-pid----372881----pid-372881
---ebpf-pid----5705----pid-1
---ebpf-pid----372881----pid-1
---ebpf-pid----5705----pid-5705
---ebpf-pid----372881----pid-372881
---ebpf-pid----5705----pid-5476
---ebpf-pid----372881----pid-1
---ebpf-pid----5705----pid-1
---ebpf-pid----372881----pid-372881
---ebpf-pid----5705----pid-5705
---ebpf-pid----372881----pid-1
---ebpf-pid----5705----pid-5476
---ebpf-pid----372881----pid-372881
---ebpf-pid----5705----pid-1
---ebpf-pid----372881----pid-1
---ebpf-pid----5705----pid-5705
---ebpf-pid----372881----pid-372881
---ebpf-pid----5705----pid-5476
---ebpf-pid----372881----pid-1
---ebpf-pid----372881----pid-372881
---ebpf-pid----5705----pid-1
---ebpf-pid----5705----pid-5705
---ebpf-pid----372881----pid-1
---ebpf-pid----372881----pid-372881
---ebpf-pid----5705----pid-5476
---ebpf-pid----5705----pid-1
---ebpf-pid----448784----pid-448784
---ebpf-pid----448784----pid-448520
---ebpf-pid----448784----pid-1
---ebpf-pid----448784----pid-448784
---ebpf-pid----448784----pid-448520
---ebpf-pid----448784----pid-1
---ebpf-pid----448784----pid-448784
---ebpf-pid----448784----pid-448520
---ebpf-pid----448784----pid-1
---ebpf-pid----2029----pid-1
---ebpf-pid----2029----pid-2029
---ebpf-pid----2029----pid-1
---ebpf-pid----2029----pid-2029
---ebpf-pid----2029----pid-1
---ebpf-pid----2029----pid-2029
---ebpf-pid----2029----pid-1
---ebpf-pid----2029----pid-2029
---ebpf-pid----372881----pid-1
---ebpf-pid----2029----pid-1
---ebpf-pid----372881----pid-372881
---ebpf-pid----2029----pid-2029
---ebpf-pid----372881----pid-1
---ebpf-pid----2029----pid-1
---ebpf-pid----372881----pid-372881
---ebpf-pid----2029----pid-2029
---ebpf-pid----372881----pid-1
---ebpf-pid----2029----pid-1
---ebpf-pid----372881----pid-372881
---ebpf-pid----2029----pid-2029
---ebpf-pid----372881----pid-1
---ebpf-pid----2029----pid-1
---ebpf-pid----372881----pid-372881
---ebpf-pid----2029----pid-2029
---ebpf-pid----372881----pid-1
---ebpf-pid----2029----pid-1
---ebpf-pid----372881----pid-372881
---ebpf-pid----2029----pid-2029
---ebpf-pid----372881----pid-1
---ebpf-pid----2029----pid-1
---ebpf-pid----372881----pid-372881
---ebpf-pid----2029----pid-2029
---ebpf-pid----372881----pid-1
---ebpf-pid----372881----pid-372881
---ebpf-pid----2029----pid-2029
---ebpf-pid----372881----pid-1
---ebpf-pid----372881----pid-372881
---ebpf-pid----2029----pid-1
---ebpf-pid----372881----pid-1
---ebpf-pid----2029----pid-2029
---ebpf-pid----372881----pid-372881
---ebpf-pid----2029----pid-1
---ebpf-pid----372881----pid-1
---ebpf-pid----2029----pid-2029
---ebpf-pid----372881----pid-372881
---ebpf-pid----2029----pid-1
---ebpf-pid----372881----pid-1
---ebpf-pid----372714----pid-372714
---ebpf-pid----372881----pid-372881
---ebpf-pid----372714----pid-5476
---ebpf-pid----372881----pid-1
---ebpf-pid----372881----pid-372881
---ebpf-pid----372714----pid-1
---ebpf-pid----372714----pid-372714
---ebpf-pid----372881----pid-1
---ebpf-pid----372881----pid-372881
---ebpf-pid----372714----pid-5476
---ebpf-pid----372881----pid-1
---ebpf-pid----2029----pid-1
---ebpf-pid----2029----pid-2029
---ebpf-pid----2029----pid-1
---ebpf-pid----372881----pid-372881
---ebpf-pid----372881----pid-1
---ebpf-pid----5707----pid-5707
---ebpf-pid----5707----pid-5476
---ebpf-pid----5707----pid-1
---ebpf-pid----5707----pid-5707
---ebpf-pid----5707----pid-5476
---ebpf-pid----5707----pid-1
---ebpf-pid----5707----pid-5707
---ebpf-pid----5707----pid-5476
---ebpf-pid----5707----pid-1
---ebpf-pid----2029----pid-2029
---ebpf-pid----2029----pid-1
---ebpf-pid----2029----pid-2029
---ebpf-pid----2029----pid-1
---ebpf-pid----2029----pid-2029
---ebpf-pid----2029----pid-1
---ebpf-pid----2029----pid-2029
---ebpf-pid----2029----pid-1
---ebpf-pid----2029----pid-2029
---ebpf-pid----2029----pid-1
---ebpf-pid----372881----pid-372881
---ebpf-pid----2029----pid-2029
---ebpf-pid----372714----pid-1
---ebpf-pid----372881----pid-1
---ebpf-pid----2029----pid-1
---ebpf-pid----6671----pid-6671
---ebpf-pid----372881----pid-372881
---ebpf-pid----2029----pid-2029
---ebpf-pid----2029----pid-1
---ebpf-pid----372881----pid-1
---ebpf-pid----6671----pid-5476
---ebpf-pid----2029----pid-2029
---ebpf-pid----372881----pid-372881
---ebpf-pid----2029----pid-1
---ebpf-pid----372881----pid-1
---ebpf-pid----372881----pid-372881
---ebpf-pid----372881----pid-1
---ebpf-pid----372881----pid-372881
---ebpf-pid----372881----pid-1
---ebpf-pid----372881----pid-372881
---ebpf-pid----6671----pid-1
---ebpf-pid----372881----pid-1
---ebpf-pid----6671----pid-6671
---ebpf-pid----372881----pid-372881
---ebpf-pid----372881----pid-1
---ebpf-pid----6671----pid-5476
---ebpf-pid----372881----pid-372881
---ebpf-pid----6671----pid-1
---ebpf-pid----372881----pid-1
---ebpf-pid----5707----pid-5707
---ebpf-pid----372881----pid-372881
---ebpf-pid----5707----pid-5476
---ebpf-pid----372881----pid-1
---ebpf-pid----2029----pid-2029
---ebpf-pid----372881----pid-372881
---ebpf-pid----5707----pid-1
---ebpf-pid----2029----pid-1
---ebpf-pid----372881----pid-1
---ebpf-pid----2029----pid-2029
---ebpf-pid----2029----pid-2029
---ebpf-pid----372881----pid-372881
---ebpf-pid----2029----pid-1
---ebpf-pid----372881----pid-1
---ebpf-pid----2029----pid-1
---ebpf-pid----2029----pid-2029
---ebpf-pid----372881----pid-372881
---ebpf-pid----2029----pid-2029
---ebpf-pid----2029----pid-1
---ebpf-pid----372881----pid-1
---ebpf-pid----2029----pid-1
---ebpf-pid----2029----pid-2029
---ebpf-pid----372881----pid-372881
---ebpf-pid----2029----pid-2029
---ebpf-pid----372881----pid-1
---ebpf-pid----2029----pid-1
---ebpf-pid----372881----pid-372881
---ebpf-pid----2029----pid-2029
---ebpf-pid----2029----pid-1
---ebpf-pid----372881----pid-1
---ebpf-pid----2029----pid-1
---ebpf-pid----2029----pid-2029
---ebpf-pid----2029----pid-2029
---ebpf-pid----372881----pid-372881
---ebpf-pid----2029----pid-1
---ebpf-pid----2029----pid-1
---ebpf-pid----372881----pid-1
---ebpf-pid----2029----pid-2029
---ebpf-pid----2029----pid-2029
---ebpf-pid----372881----pid-372881
---ebpf-pid----2029----pid-1
---ebpf-pid----372881----pid-1
---ebpf-pid----2029----pid-1
---ebpf-pid----2029----pid-2029
---ebpf-pid----372881----pid-372881
---ebpf-pid----2029----pid-2029
---ebpf-pid----2029----pid-1
---ebpf-pid----372881----pid-1
---ebpf-pid----372881----pid-372881
---ebpf-pid----372881----pid-1
---ebpf-pid----372881----pid-372881
---ebpf-pid----372881----pid-1
---ebpf-pid----372881----pid-372881
---ebpf-pid----372881----pid-1
---ebpf-pid----372881----pid-372881
---ebpf-pid----372881----pid-1
---ebpf-pid----372881----pid-372881
---ebpf-pid----372881----pid-1
---ebpf-pid----372881----pid-372881
---ebpf-pid----372881----pid-1
---ebpf-pid----372881----pid-372881
---ebpf-pid----372881----pid-1
---ebpf-pid----2029----pid-2029
---ebpf-pid----2029----pid-1
---ebpf-pid----2029----pid-2029
---ebpf-pid----2029----pid-1
---ebpf-pid----2029----pid-2029
---ebpf-pid----2029----pid-1
---ebpf-pid----2029----pid-2029
---ebpf-pid----2029----pid-1
---ebpf-pid----448783----pid-448783
---ebpf-pid----448783----pid-448520
---ebpf-pid----448783----pid-1
---ebpf-pid----379067----pid-379067
---ebpf-pid----379067----pid-5476
---ebpf-pid----379067----pid-1
---ebpf-pid----379067----pid-379067
---ebpf-pid----372881----pid-372881
---ebpf-pid----379067----pid-5476
---ebpf-pid----372881----pid-1
---ebpf-pid----372881----pid-372881
---ebpf-pid----379067----pid-1
---ebpf-pid----2029----pid-2029
---ebpf-pid----372881----pid-1
---ebpf-pid----372881----pid-372881
---ebpf-pid----2029----pid-1
---ebpf-pid----2029----pid-2029
---ebpf-pid----372881----pid-1
---ebpf-pid----372881----pid-372881
---ebpf-pid----2029----pid-1
---ebpf-pid----2029----pid-2029
---ebpf-pid----372881----pid-1
---ebpf-pid----372881----pid-372881
---ebpf-pid----2029----pid-1
---ebpf-pid----2029----pid-2029
---ebpf-pid----372881----pid-1
---ebpf-pid----372881----pid-372881
---ebpf-pid----2029----pid-1
---ebpf-pid----2029----pid-2029
---ebpf-pid----372881----pid-1
---ebpf-pid----372881----pid-372881
---ebpf-pid----2029----pid-1
---ebpf-pid----2029----pid-2029
---ebpf-pid----372881----pid-1
---ebpf-pid----372881----pid-372881
---ebpf-pid----2029----pid-1
---ebpf-pid----2029----pid-2029
---ebpf-pid----372881----pid-1
---ebpf-pid----372881----pid-372881
---ebpf-pid----2029----pid-1
---ebpf-pid----2029----pid-2029
---ebpf-pid----372881----pid-1
---ebpf-pid----372881----pid-372881
---ebpf-pid----2029----pid-1
---ebpf-pid----2029----pid-2029
---ebpf-pid----372881----pid-1
---ebpf-pid----372881----pid-372881
---ebpf-pid----2029----pid-1
---ebpf-pid----2029----pid-2029
---ebpf-pid----372881----pid-1
---ebpf-pid----372881----pid-372881
---ebpf-pid----2029----pid-1
---ebpf-pid----2029----pid-2029
---ebpf-pid----372881----pid-1
---ebpf-pid----372881----pid-372881
---ebpf-pid----2029----pid-1
---ebpf-pid----2029----pid-2029
---ebpf-pid----372881----pid-1
---ebpf-pid----372881----pid-372881
---ebpf-pid----2029----pid-1
---ebpf-pid----2029----pid-2029
---ebpf-pid----372881----pid-1
---ebpf-pid----372881----pid-372881
---ebpf-pid----2029----pid-1
---ebpf-pid----372881----pid-1
---ebpf-pid----372881----pid-372881
---ebpf-pid----372881----pid-1
---ebpf-pid----372881----pid-372881
---ebpf-pid----372881----pid-1
---ebpf-pid----372881----pid-372881
---ebpf-pid----372881----pid-1
---ebpf-pid----372881----pid-372881
---ebpf-pid----372881----pid-1
---ebpf-pid----372881----pid-372881
---ebpf-pid----372881----pid-1
---ebpf-pid----372881----pid-372881
---ebpf-pid----372881----pid-1
---ebpf-pid----372881----pid-372881
---ebpf-pid----2029----pid-1
---ebpf-pid----2029----pid-2029
---ebpf-pid----2029----pid-1
---ebpf-pid----2029----pid-2029
---ebpf-pid----2029----pid-1
---ebpf-pid----2029----pid-2029
---ebpf-pid----2029----pid-1
---ebpf-pid----2029----pid-2029
---ebpf-pid----2029----pid-1
---ebpf-pid----2029----pid-2029
---ebpf-pid----2029----pid-1
---ebpf-pid----2029----pid-2029
---ebpf-pid----2029----pid-1
---ebpf-pid----2029----pid-2029
---ebpf-pid----2029----pid-1
---ebpf-pid----2029----pid-2029
---ebpf-pid----2029----pid-1
---ebpf-pid----2029----pid-2029
---ebpf-pid----2029----pid-1
---ebpf-pid----2029----pid-2029
---ebpf-pid----2029----pid-1
---ebpf-pid----2029----pid-2029
---ebpf-pid----2029----pid-1
---ebpf-pid----2029----pid-2029
---ebpf-pid----2029----pid-1
---ebpf-pid----2029----pid-2029
---ebpf-pid----2029----pid-1
---ebpf-pid----2029----pid-2029
---ebpf-pid----2029----pid-1
---ebpf-pid----2029----pid-2029
---ebpf-pid----2029----pid-1
---ebpf-pid----2029----pid-2029
---ebpf-pid----372881----pid-1
---ebpf-pid----2029----pid-1
---ebpf-pid----372881----pid-372881
---ebpf-pid----2029----pid-2029
---ebpf-pid----372881----pid-1
---ebpf-pid----2029----pid-2029
---ebpf-pid----372881----pid-372881
---ebpf-pid----372881----pid-1
---ebpf-pid----372881----pid-372881
---ebpf-pid----372881----pid-1
---ebpf-pid----372881----pid-372881
---ebpf-pid----372881----pid-1
---ebpf-pid----372881----pid-372881
---ebpf-pid----372881----pid-1
---ebpf-pid----372881----pid-372881
---ebpf-pid----372881----pid-1
---ebpf-pid----372881----pid-372881
---ebpf-pid----372881----pid-1
---ebpf-pid----372881----pid-372881
---ebpf-pid----372881----pid-1
---ebpf-pid----372881----pid-372881
---ebpf-pid----372881----pid-1
---ebpf-pid----372881----pid-372881
---ebpf-pid----372881----pid-1
---ebpf-pid----372881----pid-372881
---ebpf-pid----372881----pid-1
---ebpf-pid----372881----pid-372881
---ebpf-pid----372881----pid-1
---ebpf-pid----372881----pid-372881
---ebpf-pid----372881----pid-1
---ebpf-pid----372881----pid-372881
---ebpf-pid----372881----pid-1
---ebpf-pid----372881----pid-372881
---ebpf-pid----372881----pid-1
---ebpf-pid----372881----pid-372881
---ebpf-pid----372881----pid-1
---ebpf-pid----372881----pid-372881
---ebpf-pid----372881----pid-1
---ebpf-pid----372881----pid-372881
---ebpf-pid----372881----pid-1
---ebpf-pid----372881----pid-372881
---ebpf-pid----2029----pid-1
---ebpf-pid----2029----pid-2029
---ebpf-pid----372881----pid-1
---ebpf-pid----372881----pid-372881
---ebpf-pid----2029----pid-1
---ebpf-pid----2029----pid-2029
---ebpf-pid----372881----pid-1
---ebpf-pid----372881----pid-372881
---ebpf-pid----2029----pid-1
---ebpf-pid----2029----pid-2029
---ebpf-pid----372881----pid-1
---ebpf-pid----372881----pid-372881
---ebpf-pid----2029----pid-1
---ebpf-pid----2029----pid-2029
---ebpf-pid----372881----pid-1
---ebpf-pid----372881----pid-372881
---ebpf-pid----2029----pid-1
---ebpf-pid----2029----pid-2029
---ebpf-pid----2029----pid-1
---ebpf-pid----2029----pid-2029
---ebpf-pid----2029----pid-1
---ebpf-pid----2029----pid-2029
---ebpf-pid----2029----pid-1
---ebpf-pid----2029----pid-2029
---ebpf-pid----2029----pid-1
---ebpf-pid----2029----pid-2029
---ebpf-pid----2029----pid-1
---ebpf-pid----2029----pid-2029
---ebpf-pid----2029----pid-1
---ebpf-pid----2029----pid-2029
---ebpf-pid----2029----pid-1
---ebpf-pid----372881----pid-372881
---ebpf-pid----372881----pid-1
---ebpf-pid----372881----pid-372881
---ebpf-pid----2029----pid-1
---ebpf-pid----2029----pid-2029
---ebpf-pid----2029----pid-1
---ebpf-pid----372881----pid-1
---ebpf-pid----2029----pid-2029
---ebpf-pid----2029----pid-1
---ebpf-pid----372881----pid-1
---ebpf-pid----2029----pid-2029
---ebpf-pid----372881----pid-372881
---ebpf-pid----2029----pid-1
---ebpf-pid----372881----pid-1
---ebpf-pid----372881----pid-372881
---ebpf-pid----2029----pid-2029
---ebpf-pid----372881----pid-1
---ebpf-pid----2029----pid-1
---ebpf-pid----372881----pid-372881
---ebpf-pid----2029----pid-2029
---ebpf-pid----372881----pid-1
---ebpf-pid----2029----pid-1
---ebpf-pid----372881----pid-372881
---ebpf-pid----2029----pid-2029
---ebpf-pid----372881----pid-372881
---ebpf-pid----372881----pid-1
---ebpf-pid----372881----pid-372881
---ebpf-pid----2029----pid-1
---ebpf-pid----2029----pid-2029
---ebpf-pid----372881----pid-1
---ebpf-pid----2029----pid-1
---ebpf-pid----372881----pid-372881
---ebpf-pid----2029----pid-2029
---ebpf-pid----372881----pid-1
---ebpf-pid----372881----pid-1
---ebpf-pid----372881----pid-372881
---ebpf-pid----372881----pid-372881
---ebpf-pid----2029----pid-1
---ebpf-pid----2029----pid-2029
---ebpf-pid----372881----pid-1
---ebpf-pid----372881----pid-1
---ebpf-pid----372881----pid-372881
---ebpf-pid----372881----pid-372881
---ebpf-pid----2029----pid-1
---ebpf-pid----372881----pid-1
---ebpf-pid----2029----pid-2029
---ebpf-pid----372881----pid-1
---ebpf-pid----372881----pid-372881
---ebpf-pid----372881----pid-372881
---ebpf-pid----2029----pid-1
---ebpf-pid----372881----pid-1
---ebpf-pid----2029----pid-2029
---ebpf-pid----372881----pid-1
---ebpf-pid----372881----pid-372881
---ebpf-pid----372881----pid-372881
---ebpf-pid----2029----pid-1
---ebpf-pid----372881----pid-1
---ebpf-pid----2029----pid-2029
---ebpf-pid----372881----pid-1
---ebpf-pid----372881----pid-372881
---ebpf-pid----372881----pid-372881
---ebpf-pid----2029----pid-1
---ebpf-pid----372881----pid-1
---ebpf-pid----372881----pid-1
---ebpf-pid----2029----pid-2029
---ebpf-pid----372881----pid-372881
---ebpf-pid----372881----pid-372881
---ebpf-pid----372881----pid-1
---ebpf-pid----2029----pid-1
---ebpf-pid----372881----pid-372881
---ebpf-pid----2029----pid-2029
---ebpf-pid----372881----pid-1
---ebpf-pid----372881----pid-372881
---ebpf-pid----372881----pid-1
---ebpf-pid----2029----pid-1
---ebpf-pid----448785----pid-448785
---ebpf-pid----2029----pid-2029
---ebpf-pid----372881----pid-1
---ebpf-pid----372881----pid-372881
---ebpf-pid----448785----pid-448520
---ebpf-pid----2029----pid-1
---ebpf-pid----2029----pid-2029
---ebpf-pid----372881----pid-1
---ebpf-pid----448785----pid-1
---ebpf-pid----372881----pid-372881
---ebpf-pid----6671----pid-6671
---ebpf-pid----2029----pid-1
---ebpf-pid----372881----pid-1
---ebpf-pid----2029----pid-2029
---ebpf-pid----372881----pid-372881
---ebpf-pid----6671----pid-5476
---ebpf-pid----2029----pid-1
---ebpf-pid----372881----pid-1
---ebpf-pid----6671----pid-1
---ebpf-pid----2029----pid-2029
---ebpf-pid----372881----pid-372881
---ebpf-pid----6671----pid-6671
---ebpf-pid----2029----pid-1
---ebpf-pid----6671----pid-5476
---ebpf-pid----372881----pid-1
---ebpf-pid----2029----pid-2029
---ebpf-pid----372881----pid-372881
---ebpf-pid----6671----pid-1
---ebpf-pid----448546----pid-448546
---ebpf-pid----372881----pid-1
---ebpf-pid----2029----pid-1
---ebpf-pid----2029----pid-2029
---ebpf-pid----448546----pid-1
---ebpf-pid----448784----pid-448784
---ebpf-pid----448784----pid-448520
---ebpf-pid----448784----pid-1
---ebpf-pid----2088----pid-2088
---ebpf-pid----2088----pid-1
---ebpf-pid----2088----pid-2088
---ebpf-pid----2088----pid-1
---ebpf-pid----2088----pid-2088
---ebpf-pid----2088----pid-1
---ebpf-pid----2088----pid-2088
---ebpf-pid----2088----pid-1
---ebpf-pid----2088----pid-2088
---ebpf-pid----2088----pid-1
---ebpf-pid----2088----pid-2088
---ebpf-pid----2088----pid-1
---ebpf-pid----2088----pid-2088
---ebpf-pid----2088----pid-1
---ebpf-pid----2088----pid-2088
---ebpf-pid----2088----pid-1
---ebpf-pid----2088----pid-2088
---ebpf-pid----2088----pid-1
---ebpf-pid----372881----pid-372881
---ebpf-pid----2088----pid-2088
---ebpf-pid----372881----pid-1
---ebpf-pid----2088----pid-1
---ebpf-pid----372881----pid-372881
---ebpf-pid----2088----pid-2088
---ebpf-pid----2088----pid-1
---ebpf-pid----372881----pid-1
---ebpf-pid----2088----pid-2088
---ebpf-pid----372881----pid-372881
---ebpf-pid----2088----pid-1
---ebpf-pid----372881----pid-1
---ebpf-pid----372881----pid-372881
---ebpf-pid----2088----pid-2088
---ebpf-pid----2088----pid-1
---ebpf-pid----372881----pid-1
---ebpf-pid----2088----pid-2088
---ebpf-pid----372881----pid-372881
---ebpf-pid----2088----pid-1
---ebpf-pid----372881----pid-1
---ebpf-pid----2088----pid-2088
---ebpf-pid----372881----pid-372881
---ebpf-pid----2088----pid-1
---ebpf-pid----372881----pid-1
---ebpf-pid----2088----pid-2088
---ebpf-pid----372881----pid-372881
---ebpf-pid----2088----pid-1
---ebpf-pid----372881----pid-1
---ebpf-pid----2088----pid-2088
---ebpf-pid----372881----pid-372881
---ebpf-pid----2088----pid-1
---ebpf-pid----2088----pid-2088
---ebpf-pid----372881----pid-1
---ebpf-pid----372881----pid-372881
---ebpf-pid----2088----pid-1
---ebpf-pid----2088----pid-2088
---ebpf-pid----372881----pid-1
---ebpf-pid----372881----pid-372881
---ebpf-pid----2088----pid-1
---ebpf-pid----2088----pid-2088
---ebpf-pid----372881----pid-1
---ebpf-pid----372881----pid-372881
---ebpf-pid----372881----pid-1
---ebpf-pid----372881----pid-372881
---ebpf-pid----372881----pid-1
---ebpf-pid----372881----pid-372881
---ebpf-pid----372881----pid-1
---ebpf-pid----372881----pid-372881
---ebpf-pid----372881----pid-1
---ebpf-pid----372881----pid-372881
---ebpf-pid----372881----pid-1
---ebpf-pid----372881----pid-372881
---ebpf-pid----372881----pid-1
---ebpf-pid----372881----pid-372881
---ebpf-pid----372881----pid-1
---ebpf-pid----2088----pid-2088
---ebpf-pid----2088----pid-1
---ebpf-pid----2088----pid-2088
---ebpf-pid----2029----pid-1
---ebpf-pid----2029----pid-2029
---ebpf-pid----2029----pid-1
---ebpf-pid----372881----pid-372881
---ebpf-pid----372881----pid-1
---ebpf-pid----372881----pid-372881
---ebpf-pid----372881----pid-1
---ebpf-pid----372881----pid-372881
---ebpf-pid----372881----pid-1
---ebpf-pid----372881----pid-372881
---ebpf-pid----372881----pid-1
---ebpf-pid----372881----pid-372881
---ebpf-pid----372881----pid-1
---ebpf-pid----372881----pid-372881
---ebpf-pid----372881----pid-1
---ebpf-pid----372881----pid-372881
---ebpf-pid----372881----pid-1
---ebpf-pid----372881----pid-372881
---ebpf-pid----372881----pid-1
---ebpf-pid----372881----pid-372881
---ebpf-pid----372881----pid-1
---ebpf-pid----372881----pid-372881
---ebpf-pid----2088----pid-1
---ebpf-pid----2088----pid-2088
---ebpf-pid----372881----pid-1
---ebpf-pid----372881----pid-372881
---ebpf-pid----2088----pid-1
---ebpf-pid----2088----pid-2088
---ebpf-pid----2088----pid-1
---ebpf-pid----2088----pid-2088
---ebpf-pid----2088----pid-1
---ebpf-pid----2088----pid-2088
---ebpf-pid----2088----pid-1
---ebpf-pid----2088----pid-1
---ebpf-pid----2088----pid-2088
---ebpf-pid----2088----pid-1
---ebpf-pid----2088----pid-2088
---ebpf-pid----2088----pid-1
---ebpf-pid----372881----pid-1
---ebpf-pid----2088----pid-2088
---ebpf-pid----372881----pid-372881
---ebpf-pid----2088----pid-1
---ebpf-pid----2088----pid-2088
---ebpf-pid----372881----pid-1
---ebpf-pid----372881----pid-372881
---ebpf-pid----2088----pid-1
---ebpf-pid----2088----pid-2088
---ebpf-pid----372881----pid-1
---ebpf-pid----2088----pid-1
---ebpf-pid----372881----pid-372881
---ebpf-pid----2094----pid-2094
---ebpf-pid----372881----pid-1
---ebpf-pid----2094----pid-1
---ebpf-pid----372881----pid-372881
---ebpf-pid----2094----pid-2094
---ebpf-pid----2094----pid-1
---ebpf-pid----372881----pid-1
---ebpf-pid----2094----pid-2094
---ebpf-pid----372881----pid-372881
---ebpf-pid----2094----pid-1
---ebpf-pid----2094----pid-2094
---ebpf-pid----372881----pid-1
---ebpf-pid----372881----pid-372881
---ebpf-pid----2094----pid-1
---ebpf-pid----2094----pid-2094
---ebpf-pid----372881----pid-1
---ebpf-pid----372881----pid-372881
---ebpf-pid----2094----pid-1
---ebpf-pid----2094----pid-2094
---ebpf-pid----372881----pid-1
---ebpf-pid----372881----pid-372881
---ebpf-pid----2094----pid-1
---ebpf-pid----2094----pid-2094
---ebpf-pid----372881----pid-1
---ebpf-pid----372881----pid-372881
---ebpf-pid----2094----pid-1
---ebpf-pid----2094----pid-2094
---ebpf-pid----372881----pid-1
---ebpf-pid----372881----pid-372881
---ebpf-pid----2094----pid-1
---ebpf-pid----2094----pid-2094
---ebpf-pid----372881----pid-1
---ebpf-pid----372881----pid-372881
---ebpf-pid----2094----pid-1
---ebpf-pid----2094----pid-2094
---ebpf-pid----372881----pid-1
---ebpf-pid----372881----pid-372881
---ebpf-pid----2094----pid-1
---ebpf-pid----2088----pid-2088
---ebpf-pid----372881----pid-1
---ebpf-pid----372881----pid-372881
---ebpf-pid----2088----pid-1
---ebpf-pid----2088----pid-2088
---ebpf-pid----372881----pid-1
---ebpf-pid----2088----pid-1
---ebpf-pid----372881----pid-372881
---ebpf-pid----2088----pid-2088
---ebpf-pid----2088----pid-1
---ebpf-pid----2088----pid-2088
---ebpf-pid----2088----pid-1
---ebpf-pid----2088----pid-2088
---ebpf-pid----2088----pid-1
---ebpf-pid----2088----pid-2088
---ebpf-pid----2088----pid-1
---ebpf-pid----2088----pid-2088
---ebpf-pid----2088----pid-1
---ebpf-pid----2088----pid-2088
---ebpf-pid----2088----pid-2088
---ebpf-pid----2088----pid-1
---ebpf-pid----2088----pid-2088
---ebpf-pid----2088----pid-1
---ebpf-pid----2088----pid-1
---ebpf-pid----2088----pid-2088
---ebpf-pid----2088----pid-2088
---ebpf-pid----2088----pid-1
---ebpf-pid----2088----pid-1
---ebpf-pid----448785----pid-448785
---ebpf-pid----2088----pid-2088
---ebpf-pid----448785----pid-448520
---ebpf-pid----2088----pid-1
---ebpf-pid----2088----pid-2088
---ebpf-pid----448785----pid-1
---ebpf-pid----2094----pid-2094
---ebpf-pid----2088----pid-1
---ebpf-pid----2088----pid-2088
---ebpf-pid----2094----pid-1
---ebpf-pid----2094----pid-2094
---ebpf-pid----2088----pid-1
---ebpf-pid----2094----pid-1
---ebpf-pid----2094----pid-2094
---ebpf-pid----2088----pid-2088
---ebpf-pid----2094----pid-1
---ebpf-pid----2088----pid-1
---ebpf-pid----2094----pid-2094
---ebpf-pid----2088----pid-2088
---ebpf-pid----2094----pid-1
---ebpf-pid----2094----pid-2094
---ebpf-pid----2088----pid-1
---ebpf-pid----2088----pid-2088
---ebpf-pid----2094----pid-1
---ebpf-pid----2094----pid-2094
---ebpf-pid----2088----pid-1
---ebpf-pid----2094----pid-1
---ebpf-pid----2088----pid-2088
---ebpf-pid----2094----pid-2094
---ebpf-pid----2094----pid-1
---ebpf-pid----2088----pid-1
---ebpf-pid----2094----pid-2094
---ebpf-pid----2088----pid-2088
---ebpf-pid----2094----pid-1
---ebpf-pid----2088----pid-1
---ebpf-pid----448785----pid-448785
---ebpf-pid----2088----pid-2088
---ebpf-pid----448785----pid-448520
---ebpf-pid----2088----pid-1
---ebpf-pid----2088----pid-2088
---ebpf-pid----448785----pid-1
---ebpf-pid----5705----pid-5705
---ebpf-pid----2088----pid-1
---ebpf-pid----2088----pid-2088
---ebpf-pid----5705----pid-5476
---ebpf-pid----2088----pid-1
---ebpf-pid----5705----pid-1
---ebpf-pid----2088----pid-2088
---ebpf-pid----5705----pid-5705
---ebpf-pid----5705----pid-5476
---ebpf-pid----2088----pid-1
---ebpf-pid----2088----pid-2088
---ebpf-pid----5705----pid-1
---ebpf-pid----2094----pid-2094
---ebpf-pid----2094----pid-1
---ebpf-pid----2094----pid-2094
---ebpf-pid----2094----pid-1
---ebpf-pid----2094----pid-2094
---ebpf-pid----2094----pid-1
---ebpf-pid----2094----pid-2094
---ebpf-pid----2094----pid-1
---ebpf-pid----2094----pid-2094
---ebpf-pid----2094----pid-1
---ebpf-pid----5705----pid-5705
---ebpf-pid----5705----pid-5476
---ebpf-pid----5705----pid-1
---ebpf-pid----5705----pid-5705
---ebpf-pid----5705----pid-5476
---ebpf-pid----5705----pid-1
---ebpf-pid----5705----pid-5705
---ebpf-pid----5705----pid-5476
---ebpf-pid----5705----pid-1
---ebpf-pid----5705----pid-5705
---ebpf-pid----5705----pid-5476
---ebpf-pid----5705----pid-1
---ebpf-pid----5705----pid-5705
---ebpf-pid----5705----pid-5476
---ebpf-pid----5705----pid-1
---ebpf-pid----5705----pid-5705
---ebpf-pid----5705----pid-5476
---ebpf-pid----5705----pid-1
---ebpf-pid----5705----pid-5705
---ebpf-pid----5705----pid-5476
---ebpf-pid----5705----pid-1
---ebpf-pid----5705----pid-5705
---ebpf-pid----5705----pid-5476
---ebpf-pid----5705----pid-1
---ebpf-pid----5705----pid-5705
---ebpf-pid----5705----pid-5476
---ebpf-pid----5705----pid-1
---ebpf-pid----5705----pid-5705
---ebpf-pid----5705----pid-5476
---ebpf-pid----5705----pid-1
---ebpf-pid----5705----pid-5705
---ebpf-pid----5705----pid-5476
---ebpf-pid----5705----pid-1
---ebpf-pid----5705----pid-5705
---ebpf-pid----5705----pid-5476
---ebpf-pid----5705----pid-1
---ebpf-pid----5705----pid-5705
---ebpf-pid----5705----pid-5476
---ebpf-pid----5705----pid-1
---ebpf-pid----5705----pid-5705
---ebpf-pid----5705----pid-5476
---ebpf-pid----5705----pid-1
---ebpf-pid----5705----pid-5705
---ebpf-pid----5705----pid-5476
---ebpf-pid----5705----pid-1
---ebpf-pid----5705----pid-5705
---ebpf-pid----5705----pid-5476
---ebpf-pid----5705----pid-1
---ebpf-pid----5705----pid-5705
---ebpf-pid----5705----pid-5476
---ebpf-pid----5705----pid-1
---ebpf-pid----5705----pid-5705
---ebpf-pid----372881----pid-1
---ebpf-pid----5705----pid-5476
---ebpf-pid----372881----pid-372881
---ebpf-pid----5705----pid-1
---ebpf-pid----372881----pid-1
---ebpf-pid----5705----pid-5705
---ebpf-pid----372881----pid-372881
---ebpf-pid----5705----pid-5476
---ebpf-pid----372881----pid-1
---ebpf-pid----372881----pid-372881
---ebpf-pid----5705----pid-1
---ebpf-pid----5705----pid-5705
---ebpf-pid----372881----pid-1
---ebpf-pid----372881----pid-372881
---ebpf-pid----5705----pid-5476
---ebpf-pid----372881----pid-1
---ebpf-pid----5705----pid-1
---ebpf-pid----372881----pid-372881
---ebpf-pid----5705----pid-5705
---ebpf-pid----372881----pid-1
---ebpf-pid----5705----pid-5476
---ebpf-pid----372881----pid-372881
---ebpf-pid----5705----pid-1
---ebpf-pid----372881----pid-1
---ebpf-pid----5705----pid-5705
---ebpf-pid----372881----pid-372881
---ebpf-pid----5705----pid-5476
---ebpf-pid----372881----pid-1
---ebpf-pid----372881----pid-372881
---ebpf-pid----5705----pid-1
---ebpf-pid----5705----pid-5705
---ebpf-pid----372881----pid-1
---ebpf-pid----372881----pid-372881
---ebpf-pid----5705----pid-5476
---ebpf-pid----372881----pid-1
---ebpf-pid----5705----pid-1
---ebpf-pid----372881----pid-372881
---ebpf-pid----5705----pid-5705
---ebpf-pid----372881----pid-1
---ebpf-pid----5705----pid-5476
---ebpf-pid----372881----pid-372881
---ebpf-pid----5705----pid-1
---ebpf-pid----372881----pid-372881
---ebpf-pid----372881----pid-1
---ebpf-pid----372881----pid-1
---ebpf-pid----372881----pid-372881
---ebpf-pid----372881----pid-372881
---ebpf-pid----372881----pid-1
---ebpf-pid----372881----pid-1
---ebpf-pid----372881----pid-372881
---ebpf-pid----2088----pid-2088
---ebpf-pid----372881----pid-1
---ebpf-pid----2088----pid-1
---ebpf-pid----372881----pid-372881
---ebpf-pid----2088----pid-2088
---ebpf-pid----2088----pid-1
---ebpf-pid----372881----pid-1
---ebpf-pid----2088----pid-2088
---ebpf-pid----372881----pid-372881
---ebpf-pid----2088----pid-1
---ebpf-pid----372881----pid-1
---ebpf-pid----2088----pid-2088
---ebpf-pid----372881----pid-372881
---ebpf-pid----372881----pid-1
---ebpf-pid----2088----pid-1
---ebpf-pid----372881----pid-372881
---ebpf-pid----2088----pid-2088
---ebpf-pid----372881----pid-1
---ebpf-pid----2088----pid-1
---ebpf-pid----2088----pid-2088
---ebpf-pid----372881----pid-372881
---ebpf-pid----2088----pid-1
---ebpf-pid----2088----pid-2088
---ebpf-pid----372881----pid-1
---ebpf-pid----372881----pid-372881
---ebpf-pid----372881----pid-1
---ebpf-pid----372881----pid-372881
---ebpf-pid----372881----pid-1
---ebpf-pid----2029----pid-2029
---ebpf-pid----2029----pid-1
---ebpf-pid----2029----pid-2029
---ebpf-pid----2029----pid-1
---ebpf-pid----2029----pid-2029
---ebpf-pid----2029----pid-1
---ebpf-pid----2029----pid-2029
---ebpf-pid----2029----pid-1
---ebpf-pid----2029----pid-2029
---ebpf-pid----2029----pid-1
---ebpf-pid----2029----pid-2029
---ebpf-pid----2029----pid-1
---ebpf-pid----2029----pid-2029
---ebpf-pid----2029----pid-1
---ebpf-pid----2029----pid-2029
---ebpf-pid----2029----pid-1
---ebpf-pid----2029----pid-2029
---ebpf-pid----2029----pid-1
---ebpf-pid----2029----pid-2029
---ebpf-pid----2029----pid-1
---ebpf-pid----2029----pid-2029
---ebpf-pid----2029----pid-1
---ebpf-pid----2029----pid-2029
---ebpf-pid----2029----pid-1
---ebpf-pid----2029----pid-2029
---ebpf-pid----448785----pid-448785
---ebpf-pid----2029----pid-1
---ebpf-pid----2029----pid-2029
---ebpf-pid----2029----pid-1
---ebpf-pid----448785----pid-448520
---ebpf-pid----2029----pid-2029
---ebpf-pid----2029----pid-1
---ebpf-pid----448785----pid-1
---ebpf-pid----2029----pid-2029
---ebpf-pid----2088----pid-1
---ebpf-pid----2029----pid-1
---ebpf-pid----2088----pid-2088
---ebpf-pid----2029----pid-2029
---ebpf-pid----2029----pid-1
---ebpf-pid----2088----pid-1
---ebpf-pid----2029----pid-2029
---ebpf-pid----2088----pid-2088
---ebpf-pid----2029----pid-1
---ebpf-pid----2088----pid-1
---ebpf-pid----2088----pid-2088
---ebpf-pid----2088----pid-1
---ebpf-pid----2088----pid-2088
---ebpf-pid----2088----pid-1
---ebpf-pid----2088----pid-2088
---ebpf-pid----2088----pid-1
---ebpf-pid----2088----pid-2088
---ebpf-pid----2029----pid-2029
---ebpf-pid----2029----pid-1
---ebpf-pid----2088----pid-1
---ebpf-pid----2029----pid-2029
---ebpf-pid----2088----pid-2088
---ebpf-pid----2029----pid-1
---ebpf-pid----2029----pid-2029
---ebpf-pid----2088----pid-1
---ebpf-pid----2088----pid-2088
---ebpf-pid----2029----pid-1
---ebpf-pid----2088----pid-1
---ebpf-pid----2088----pid-2088
---ebpf-pid----2088----pid-1
---ebpf-pid----2088----pid-2088
---ebpf-pid----2088----pid-1
---ebpf-pid----2088----pid-2088
---ebpf-pid----2088----pid-1
---ebpf-pid----2088----pid-2088
---ebpf-pid----2088----pid-1
---ebpf-pid----2088----pid-1
---ebpf-pid----2088----pid-2088
---ebpf-pid----2088----pid-2088
---ebpf-pid----2088----pid-1
---ebpf-pid----2088----pid-1
---ebpf-pid----2088----pid-2088
---ebpf-pid----2088----pid-2088
---ebpf-pid----2088----pid-1
---ebpf-pid----2088----pid-2088
---ebpf-pid----2088----pid-1
---ebpf-pid----2088----pid-2088
---ebpf-pid----2088----pid-1
---ebpf-pid----2088----pid-2088
---ebpf-pid----2088----pid-1
---ebpf-pid----2088----pid-1
---ebpf-pid----2088----pid-2088
---ebpf-pid----2088----pid-2088
---ebpf-pid----2088----pid-1
---ebpf-pid----2029----pid-2029
---ebpf-pid----2088----pid-1
---ebpf-pid----2088----pid-2088
---ebpf-pid----2088----pid-2088
---ebpf-pid----2029----pid-1
---ebpf-pid----2088----pid-1
---ebpf-pid----2029----pid-2029
---ebpf-pid----2088----pid-1
---ebpf-pid----2088----pid-2088
---ebpf-pid----2088----pid-2088
---ebpf-pid----2029----pid-1
---ebpf-pid----2088----pid-1
---ebpf-pid----2029----pid-2029
---ebpf-pid----2088----pid-1
---ebpf-pid----2088----pid-2088
---ebpf-pid----2088----pid-2088
---ebpf-pid----2029----pid-1
---ebpf-pid----2088----pid-1
---ebpf-pid----2029----pid-2029
---ebpf-pid----2088----pid-2088
---ebpf-pid----2088----pid-1
---ebpf-pid----2088----pid-2088
---ebpf-pid----2029----pid-1
---ebpf-pid----2088----pid-1
---ebpf-pid----2029----pid-2029
---ebpf-pid----2088----pid-2088
---ebpf-pid----2088----pid-1
---ebpf-pid----2029----pid-1
---ebpf-pid----2029----pid-2029
---ebpf-pid----2088----pid-1
---ebpf-pid----2029----pid-2029
---ebpf-pid----2088----pid-2088
---ebpf-pid----2029----pid-1
---ebpf-pid----2029----pid-1
---ebpf-pid----2029----pid-2029
---ebpf-pid----2088----pid-1
---ebpf-pid----2029----pid-2029
---ebpf-pid----2088----pid-2088
---ebpf-pid----2088----pid-1
---ebpf-pid----2029----pid-1
---ebpf-pid----2088----pid-2088
---ebpf-pid----2029----pid-2029
---ebpf-pid----2088----pid-1
---ebpf-pid----2088----pid-2088
---ebpf-pid----2029----pid-1
---ebpf-pid----2029----pid-2029
---ebpf-pid----2088----pid-1
---ebpf-pid----2088----pid-2088
---ebpf-pid----2029----pid-1
---ebpf-pid----2088----pid-1
---ebpf-pid----2029----pid-2029
---ebpf-pid----2088----pid-2088
---ebpf-pid----2029----pid-1
---ebpf-pid----2088----pid-1
---ebpf-pid----2088----pid-2088
---ebpf-pid----2029----pid-2029
---ebpf-pid----2088----pid-1
---ebpf-pid----2088----pid-2088
---ebpf-pid----2029----pid-1
---ebpf-pid----2029----pid-2029
---ebpf-pid----2088----pid-1
---ebpf-pid----2088----pid-2088
---ebpf-pid----2029----pid-1
---ebpf-pid----372881----pid-372881
---ebpf-pid----372881----pid-1
---ebpf-pid----2029----pid-2029
---ebpf-pid----2029----pid-1
---ebpf-pid----2029----pid-2029
---ebpf-pid----2029----pid-1
---ebpf-pid----2029----pid-2029
---ebpf-pid----2029----pid-1
---ebpf-pid----2029----pid-2029
---ebpf-pid----2029----pid-1
---ebpf-pid----2029----pid-2029
---ebpf-pid----2029----pid-1
---ebpf-pid----2029----pid-2029
---ebpf-pid----2029----pid-1
---ebpf-pid----2029----pid-2029
---ebpf-pid----2029----pid-1
---ebpf-pid----2029----pid-2029
---ebpf-pid----2029----pid-1
---ebpf-pid----2029----pid-2029
---ebpf-pid----2029----pid-1
---ebpf-pid----2029----pid-2029
---ebpf-pid----2029----pid-1
---ebpf-pid----2029----pid-2029
---ebpf-pid----2029----pid-1
---ebpf-pid----2029----pid-2029
---ebpf-pid----2029----pid-1
---ebpf-pid----2029----pid-1
---ebpf-pid----2029----pid-2029
---ebpf-pid----2029----pid-1
---ebpf-pid----2029----pid-2029
---ebpf-pid----2029----pid-1
---ebpf-pid----2029----pid-2029
---ebpf-pid----2029----pid-1
---ebpf-pid----2029----pid-2029
---ebpf-pid----2029----pid-1
---ebpf-pid----2029----pid-2029
---ebpf-pid----2029----pid-1
---ebpf-pid----2088----pid-1
---ebpf-pid----2088----pid-2088
---ebpf-pid----2088----pid-1
---ebpf-pid----2088----pid-2088
---ebpf-pid----2029----pid-2029
---ebpf-pid----2088----pid-1
---ebpf-pid----2088----pid-2088
---ebpf-pid----2029----pid-1
---ebpf-pid----2029----pid-2029
---ebpf-pid----2088----pid-1
---ebpf-pid----2088----pid-2088
---ebpf-pid----2029----pid-1
---ebpf-pid----2029----pid-2029
---ebpf-pid----2088----pid-1
---ebpf-pid----2088----pid-2088
---ebpf-pid----2029----pid-1
---ebpf-pid----2029----pid-2029
---ebpf-pid----2088----pid-1
---ebpf-pid----2088----pid-2088
---ebpf-pid----2088----pid-1
---ebpf-pid----2088----pid-2088
---ebpf-pid----2088----pid-1
---ebpf-pid----2088----pid-2088
---ebpf-pid----2029----pid-2029
---ebpf-pid----2088----pid-1
---ebpf-pid----2088----pid-2088
---ebpf-pid----2029----pid-1
---ebpf-pid----2029----pid-2029
---ebpf-pid----2088----pid-1
---ebpf-pid----2088----pid-2088
---ebpf-pid----2029----pid-1
---ebpf-pid----2029----pid-2029
---ebpf-pid----2088----pid-1
---ebpf-pid----2088----pid-2088
---ebpf-pid----2029----pid-1
---ebpf-pid----2029----pid-2029
---ebpf-pid----2088----pid-1
---ebpf-pid----2088----pid-2088
---ebpf-pid----2029----pid-1
---ebpf-pid----2029----pid-2029
---ebpf-pid----2088----pid-1
---ebpf-pid----2088----pid-2088
---ebpf-pid----2029----pid-1
---ebpf-pid----2029----pid-2029
---ebpf-pid----2088----pid-1
---ebpf-pid----2088----pid-2088
---ebpf-pid----2029----pid-1
---ebpf-pid----2029----pid-2029
---ebpf-pid----2088----pid-1
---ebpf-pid----2088----pid-2088
---ebpf-pid----2029----pid-1
---ebpf-pid----2029----pid-2029
---ebpf-pid----2088----pid-1
---ebpf-pid----2088----pid-2088
---ebpf-pid----2029----pid-1
---ebpf-pid----2029----pid-2029
---ebpf-pid----2088----pid-1
---ebpf-pid----2029----pid-1
---ebpf-pid----2088----pid-2088
---ebpf-pid----5707----pid-5707
---ebpf-pid----2088----pid-1
---ebpf-pid----2088----pid-2088
---ebpf-pid----5707----pid-5476
---ebpf-pid----2088----pid-1
---ebpf-pid----5707----pid-1
---ebpf-pid----5705----pid-5705
---ebpf-pid----5707----pid-5707
---ebpf-pid----5705----pid-5476
---ebpf-pid----5707----pid-5476
---ebpf-pid----5705----pid-1
---ebpf-pid----5707----pid-1
---ebpf-pid----5705----pid-5705
---ebpf-pid----2094----pid-2094
---ebpf-pid----5705----pid-5476
---ebpf-pid----2094----pid-1
---ebpf-pid----2094----pid-2094
---ebpf-pid----5705----pid-1
---ebpf-pid----5705----pid-5705
---ebpf-pid----2094----pid-1
---ebpf-pid----2094----pid-2094
---ebpf-pid----5705----pid-5476
---ebpf-pid----2094----pid-1
---ebpf-pid----5705----pid-1
---ebpf-pid----2094----pid-2094
---ebpf-pid----5705----pid-5705
---ebpf-pid----2094----pid-1
---ebpf-pid----5705----pid-5476
---ebpf-pid----2094----pid-2094
---ebpf-pid----5705----pid-1
---ebpf-pid----2094----pid-1
---ebpf-pid----5705----pid-5705
---ebpf-pid----2094----pid-2094
---ebpf-pid----5705----pid-5476
---ebpf-pid----2094----pid-1
---ebpf-pid----2029----pid-1
---ebpf-pid----2029----pid-2029
---ebpf-pid----2094----pid-2094
---ebpf-pid----2029----pid-1
---ebpf-pid----2094----pid-1
---ebpf-pid----2029----pid-2029
---ebpf-pid----2094----pid-2094
---ebpf-pid----2029----pid-1
---ebpf-pid----2094----pid-1
---ebpf-pid----2029----pid-2029
---ebpf-pid----2094----pid-2094
---ebpf-pid----2029----pid-1
---ebpf-pid----2094----pid-1
---ebpf-pid----2094----pid-2094
---ebpf-pid----2094----pid-2094
---ebpf-pid----2094----pid-1
---ebpf-pid----2094----pid-1
---ebpf-pid----2094----pid-2094
---ebpf-pid----2094----pid-2094
---ebpf-pid----2094----pid-1
---ebpf-pid----2094----pid-1
---ebpf-pid----2094----pid-2094
---ebpf-pid----2094----pid-2094
---ebpf-pid----2094----pid-1
---ebpf-pid----2094----pid-1
---ebpf-pid----2094----pid-2094
---ebpf-pid----2094----pid-2094
---ebpf-pid----2094----pid-1
---ebpf-pid----2094----pid-1
---ebpf-pid----2094----pid-2094
---ebpf-pid----2094----pid-2094
---ebpf-pid----2094----pid-1
---ebpf-pid----2094----pid-1
---ebpf-pid----5707----pid-5707
---ebpf-pid----2094----pid-2094
---ebpf-pid----5707----pid-5476
---ebpf-pid----2094----pid-1
---ebpf-pid----2094----pid-2094
---ebpf-pid----5707----pid-1
---ebpf-pid----5707----pid-5707
---ebpf-pid----2094----pid-1
---ebpf-pid----2094----pid-2094
---ebpf-pid----5707----pid-5476
---ebpf-pid----2094----pid-1
---ebpf-pid----2094----pid-2094
---ebpf-pid----5707----pid-1
---ebpf-pid----2094----pid-1
---ebpf-pid----5707----pid-5707
---ebpf-pid----2094----pid-2094
---ebpf-pid----5707----pid-5476
---ebpf-pid----5707----pid-1
---ebpf-pid----2094----pid-1
---ebpf-pid----5707----pid-5707
---ebpf-pid----2094----pid-2094
---ebpf-pid----5707----pid-5476
---ebpf-pid----2094----pid-1
---ebpf-pid----2094----pid-2094
---ebpf-pid----5707----pid-1
---ebpf-pid----5705----pid-5705
---ebpf-pid----2094----pid-1
---ebpf-pid----2094----pid-2094
---ebpf-pid----5705----pid-5476
---ebpf-pid----2094----pid-1
---ebpf-pid----5705----pid-1
---ebpf-pid----2094----pid-2094
---ebpf-pid----5705----pid-5705
---ebpf-pid----2094----pid-1
---ebpf-pid----5705----pid-5476
---ebpf-pid----2094----pid-2094
---ebpf-pid----2094----pid-1
---ebpf-pid----5705----pid-1
---ebpf-pid----2094----pid-2094
---ebpf-pid----5705----pid-5705
---ebpf-pid----2094----pid-1
---ebpf-pid----5705----pid-5476
---ebpf-pid----2094----pid-2094
---ebpf-pid----5705----pid-1
---ebpf-pid----2094----pid-1
---ebpf-pid----5705----pid-5705
---ebpf-pid----2094----pid-2094
---ebpf-pid----2094----pid-1
---ebpf-pid----2094----pid-2094
---ebpf-pid----2094----pid-1
---ebpf-pid----2094----pid-2094
---ebpf-pid----2094----pid-1
---ebpf-pid----2094----pid-2094
---ebpf-pid----2094----pid-1
---ebpf-pid----2094----pid-2094
---ebpf-pid----2094----pid-1
---ebpf-pid----5705----pid-1
---ebpf-pid----5705----pid-5705
---ebpf-pid----5705----pid-5476
---ebpf-pid----5705----pid-1
---ebpf-pid----5705----pid-5705
---ebpf-pid----5705----pid-5476
---ebpf-pid----5705----pid-1
---ebpf-pid----5705----pid-5476
---ebpf-pid----5705----pid-1
---ebpf-pid----5705----pid-5705
---ebpf-pid----5705----pid-5476
---ebpf-pid----5705----pid-1
---ebpf-pid----5705----pid-5705
---ebpf-pid----5705----pid-5476
---ebpf-pid----5705----pid-1
---ebpf-pid----5705----pid-5705
---ebpf-pid----5705----pid-5476
---ebpf-pid----5705----pid-1
---ebpf-pid----5705----pid-5705
---ebpf-pid----5705----pid-5476
---ebpf-pid----5705----pid-1
---ebpf-pid----5705----pid-5705
---ebpf-pid----5705----pid-5476
---ebpf-pid----5705----pid-1
---ebpf-pid----5707----pid-5707
---ebpf-pid----5707----pid-5476
---ebpf-pid----5707----pid-1
---ebpf-pid----5707----pid-5707
---ebpf-pid----5707----pid-5476
---ebpf-pid----5707----pid-1
---ebpf-pid----5707----pid-5707
---ebpf-pid----5707----pid-5476
---ebpf-pid----5707----pid-1
---ebpf-pid----5707----pid-5707
---ebpf-pid----5707----pid-5476
---ebpf-pid----5707----pid-1
---ebpf-pid----5707----pid-5707
---ebpf-pid----5707----pid-5476
---ebpf-pid----5707----pid-1
---ebpf-pid----5707----pid-5707
---ebpf-pid----5707----pid-5476
---ebpf-pid----5707----pid-1
---ebpf-pid----5707----pid-5707
---ebpf-pid----5707----pid-5476
---ebpf-pid----5707----pid-1
---ebpf-pid----5707----pid-5707
---ebpf-pid----5707----pid-5476
---ebpf-pid----5707----pid-1
---ebpf-pid----5707----pid-5707
---ebpf-pid----5707----pid-5476
---ebpf-pid----5707----pid-1
---ebpf-pid----5707----pid-5707
---ebpf-pid----5707----pid-5476
---ebpf-pid----5707----pid-1
---ebpf-pid----448782----pid-448782
---ebpf-pid----448782----pid-448520
---ebpf-pid----448782----pid-1
---ebpf-pid----2088----pid-2088
---ebpf-pid----2088----pid-1
---ebpf-pid----2088----pid-2088
---ebpf-pid----2088----pid-1
---ebpf-pid----2088----pid-2088
---ebpf-pid----2088----pid-1
---ebpf-pid----2088----pid-2088
---ebpf-pid----2088----pid-1
---ebpf-pid----372714----pid-372714
---ebpf-pid----372714----pid-5476
---ebpf-pid----372714----pid-1
---ebpf-pid----372714----pid-372714
---ebpf-pid----372714----pid-5476
---ebpf-pid----372714----pid-1
---ebpf-pid----377755----pid-377755
---ebpf-pid----377755----pid-1
---ebpf-pid----2088----pid-2088
---ebpf-pid----2088----pid-1
---ebpf-pid----2088----pid-2088
---ebpf-pid----2088----pid-1
---ebpf-pid----2088----pid-2088
---ebpf-pid----2088----pid-1
---ebpf-pid----2088----pid-2088
---ebpf-pid----2088----pid-1
---ebpf-pid----2088----pid-2088
---ebpf-pid----2088----pid-1
---ebpf-pid----2088----pid-2088
---ebpf-pid----5705----pid-5705
---ebpf-pid----2094----pid-2094
---ebpf-pid----2094----pid-1
---ebpf-pid----2094----pid-2094
---ebpf-pid----2094----pid-1
---ebpf-pid----2094----pid-2094
---ebpf-pid----2094----pid-1
---ebpf-pid----2094----pid-2094
---ebpf-pid----2094----pid-1
---ebpf-pid----2094----pid-2094
---ebpf-pid----2094----pid-1
---ebpf-pid----2094----pid-2094
---ebpf-pid----2094----pid-1
---ebpf-pid----2094----pid-2094
---ebpf-pid----2094----pid-1
---ebpf-pid----2094----pid-2094
---ebpf-pid----2094----pid-1
---ebpf-pid----2094----pid-2094
---ebpf-pid----2094----pid-1
---ebpf-pid----2088----pid-1
---ebpf-pid----2094----pid-2094
---ebpf-pid----372714----pid-372714
---ebpf-pid----2094----pid-1
---ebpf-pid----2094----pid-2094
---ebpf-pid----372714----pid-5476
---ebpf-pid----2094----pid-1
---ebpf-pid----372714----pid-1
---ebpf-pid----2094----pid-2094
---ebpf-pid----372714----pid-372714
---ebpf-pid----2094----pid-1
---ebpf-pid----372714----pid-5476
---ebpf-pid----2094----pid-2094
---ebpf-pid----372714----pid-1
---ebpf-pid----2094----pid-1
---ebpf-pid----372714----pid-372714
---ebpf-pid----53663----pid-53663
---ebpf-pid----372714----pid-5476
---ebpf-pid----53663----pid-3466
---ebpf-pid----372714----pid-1
---ebpf-pid----53663----pid-1
---ebpf-pid----372714----pid-372714
---ebpf-pid----2094----pid-2094
---ebpf-pid----372714----pid-5476
---ebpf-pid----2094----pid-1
---ebpf-pid----372714----pid-1
---ebpf-pid----2094----pid-2094
---ebpf-pid----372714----pid-372714
---ebpf-pid----372714----pid-5476
---ebpf-pid----2094----pid-1
---ebpf-pid----2094----pid-2094
---ebpf-pid----372714----pid-1
---ebpf-pid----372714----pid-372714
---ebpf-pid----2094----pid-1
---ebpf-pid----2094----pid-2094
---ebpf-pid----372714----pid-5476
---ebpf-pid----2094----pid-1
---ebpf-pid----372714----pid-1
---ebpf-pid----2094----pid-2094
---ebpf-pid----372714----pid-372714
---ebpf-pid----2094----pid-1
---ebpf-pid----372714----pid-5476
---ebpf-pid----2094----pid-2094
---ebpf-pid----372714----pid-1
---ebpf-pid----2094----pid-1
---ebpf-pid----372881----pid-372881
---ebpf-pid----372881----pid-1
---ebpf-pid----372881----pid-372881
---ebpf-pid----372881----pid-1
---ebpf-pid----372881----pid-372881
---ebpf-pid----2094----pid-2094
---ebpf-pid----372881----pid-1
---ebpf-pid----372881----pid-372881
---ebpf-pid----2094----pid-1
---ebpf-pid----372881----pid-1
---ebpf-pid----2094----pid-2094
---ebpf-pid----372881----pid-372881
---ebpf-pid----372881----pid-1
---ebpf-pid----5638----pid-5638
---ebpf-pid----2094----pid-1
---ebpf-pid----2094----pid-2094
---ebpf-pid----5638----pid-1
---ebpf-pid----5638----pid-5638
---ebpf-pid----5638----pid-1
---ebpf-pid----5705----pid-5476
---ebpf-pid----5638----pid-5638
---ebpf-pid----5705----pid-1
---ebpf-pid----5705----pid-5705
---ebpf-pid----2094----pid-1
---ebpf-pid----2094----pid-2094
---ebpf-pid----5638----pid-1
---ebpf-pid----2094----pid-1
---ebpf-pid----2029----pid-2029
---ebpf-pid----5707----pid-5707
---ebpf-pid----2029----pid-1
---ebpf-pid----2029----pid-2029
---ebpf-pid----5638----pid-5638
---ebpf-pid----5707----pid-5476
---ebpf-pid----5638----pid-1
---ebpf-pid----5638----pid-5638
---ebpf-pid----5707----pid-1
---ebpf-pid----5707----pid-5707
---ebpf-pid----5638----pid-1
---ebpf-pid----5638----pid-5638
---ebpf-pid----5707----pid-5476
---ebpf-pid----5638----pid-1
---ebpf-pid----5705----pid-5476
---ebpf-pid----5707----pid-1
---ebpf-pid----5707----pid-5707
---ebpf-pid----5707----pid-5476
---ebpf-pid----5707----pid-1
---ebpf-pid----5707----pid-5707
---ebpf-pid----5707----pid-5476
---ebpf-pid----5707----pid-1
---ebpf-pid----5705----pid-1
---ebpf-pid----5705----pid-5705
---ebpf-pid----5707----pid-5707
---ebpf-pid----5705----pid-5476
---ebpf-pid----5705----pid-1
---ebpf-pid----5705----pid-5705
---ebpf-pid----2029----pid-1
---ebpf-pid----5707----pid-5476
---ebpf-pid----372714----pid-372714
---ebpf-pid----372714----pid-5476
---ebpf-pid----5707----pid-1
---ebpf-pid----5707----pid-5707
---ebpf-pid----2029----pid-2029
---ebpf-pid----5707----pid-5476
---ebpf-pid----2029----pid-1
---ebpf-pid----5707----pid-1
---ebpf-pid----2029----pid-2029
---ebpf-pid----5707----pid-5707
---ebpf-pid----5707----pid-5476
---ebpf-pid----2029----pid-1
---ebpf-pid----2029----pid-2029
---ebpf-pid----5707----pid-1
---ebpf-pid----5707----pid-5707
---ebpf-pid----2029----pid-1
---ebpf-pid----2029----pid-2029
---ebpf-pid----5707----pid-5476
---ebpf-pid----2029----pid-1
---ebpf-pid----2029----pid-2029
---ebpf-pid----2029----pid-1
---ebpf-pid----2029----pid-2029
---ebpf-pid----2029----pid-1
---ebpf-pid----2029----pid-2029
---ebpf-pid----2029----pid-1
---ebpf-pid----2029----pid-2029
---ebpf-pid----372714----pid-1
---ebpf-pid----5707----pid-1
---ebpf-pid----2029----pid-1
---ebpf-pid----372714----pid-372714
---ebpf-pid----2029----pid-2029
---ebpf-pid----372714----pid-5476
---ebpf-pid----2029----pid-1
---ebpf-pid----2029----pid-2029
---ebpf-pid----372714----pid-1
---ebpf-pid----372714----pid-372714
---ebpf-pid----2029----pid-1
---ebpf-pid----2029----pid-2029
---ebpf-pid----372714----pid-5476
---ebpf-pid----2029----pid-1
---ebpf-pid----372714----pid-1
---ebpf-pid----2029----pid-2029
---ebpf-pid----372714----pid-372714
---ebpf-pid----372714----pid-5476
---ebpf-pid----2029----pid-1
---ebpf-pid----2029----pid-2029
---ebpf-pid----372714----pid-1
---ebpf-pid----372714----pid-372714
---ebpf-pid----2029----pid-1
---ebpf-pid----2029----pid-2029
---ebpf-pid----372714----pid-5476
---ebpf-pid----2029----pid-1
---ebpf-pid----2029----pid-2029
---ebpf-pid----372714----pid-1
---ebpf-pid----372714----pid-372714
---ebpf-pid----2029----pid-1
---ebpf-pid----372714----pid-5476
---ebpf-pid----2029----pid-2029
---ebpf-pid----372714----pid-1
---ebpf-pid----2029----pid-1
---ebpf-pid----372714----pid-372714
---ebpf-pid----2029----pid-2029
---ebpf-pid----372714----pid-5476
---ebpf-pid----2029----pid-1
---ebpf-pid----2029----pid-2029
---ebpf-pid----372714----pid-1
---ebpf-pid----2029----pid-1
---ebpf-pid----2029----pid-2029
---ebpf-pid----2029----pid-1
---ebpf-pid----372714----pid-372714
---ebpf-pid----372714----pid-5476
---ebpf-pid----372714----pid-1
---ebpf-pid----372714----pid-372714
---ebpf-pid----372714----pid-5476
---ebpf-pid----372714----pid-1
---ebpf-pid----372714----pid-372714
---ebpf-pid----372714----pid-5476
---ebpf-pid----372714----pid-1
---ebpf-pid----372714----pid-372714
---ebpf-pid----372714----pid-5476
---ebpf-pid----372714----pid-1
---ebpf-pid----5638----pid-5638
---ebpf-pid----5638----pid-1
---ebpf-pid----5638----pid-5638
---ebpf-pid----5705----pid-5476
---ebpf-pid----5638----pid-1
---ebpf-pid----372714----pid-372714
---ebpf-pid----372714----pid-5476
---ebpf-pid----5705----pid-1
---ebpf-pid----5705----pid-5705
---ebpf-pid----372714----pid-1
---ebpf-pid----372714----pid-372714
---ebpf-pid----5705----pid-5476
---ebpf-pid----372714----pid-5476
---ebpf-pid----5705----pid-1
---ebpf-pid----372714----pid-1
---ebpf-pid----5705----pid-5705
---ebpf-pid----372714----pid-372714
---ebpf-pid----5705----pid-5476
---ebpf-pid----372714----pid-5476
---ebpf-pid----372714----pid-1
---ebpf-pid----5705----pid-1
---ebpf-pid----2029----pid-2029
---ebpf-pid----5638----pid-5638
---ebpf-pid----5705----pid-5705
---ebpf-pid----2029----pid-1
---ebpf-pid----5638----pid-1
---ebpf-pid----5705----pid-5476
---ebpf-pid----2029----pid-2029
---ebpf-pid----372714----pid-372714
---ebpf-pid----2029----pid-1
---ebpf-pid----5705----pid-1
---ebpf-pid----372714----pid-5476
---ebpf-pid----2029----pid-2029
---ebpf-pid----5705----pid-5705
---ebpf-pid----2029----pid-1
---ebpf-pid----5705----pid-5476
---ebpf-pid----2029----pid-2029
---ebpf-pid----5705----pid-1
---ebpf-pid----2029----pid-1
---ebpf-pid----2029----pid-2029
---ebpf-pid----5705----pid-5705
---ebpf-pid----2029----pid-1
---ebpf-pid----5705----pid-5476
---ebpf-pid----2029----pid-2029
---ebpf-pid----5705----pid-1
---ebpf-pid----2029----pid-1
---ebpf-pid----5705----pid-5705
---ebpf-pid----2029----pid-2029
---ebpf-pid----2029----pid-1
---ebpf-pid----5705----pid-5476
---ebpf-pid----2029----pid-2029
---ebpf-pid----5705----pid-1
---ebpf-pid----2029----pid-1
---ebpf-pid----5705----pid-5705
---ebpf-pid----2029----pid-2029
---ebpf-pid----5705----pid-5476
---ebpf-pid----2029----pid-1
---ebpf-pid----2029----pid-2029
---ebpf-pid----5705----pid-1
---ebpf-pid----5705----pid-5705
---ebpf-pid----2029----pid-1
---ebpf-pid----2029----pid-2029
---ebpf-pid----2029----pid-1
---ebpf-pid----2029----pid-2029
---ebpf-pid----2029----pid-1
---ebpf-pid----2029----pid-2029
---ebpf-pid----2029----pid-1
---ebpf-pid----2029----pid-2029
---ebpf-pid----2029----pid-1
---ebpf-pid----2029----pid-2029
---ebpf-pid----2029----pid-1
---ebpf-pid----2029----pid-2029
---ebpf-pid----2029----pid-1
---ebpf-pid----2029----pid-2029
---ebpf-pid----2029----pid-1
---ebpf-pid----2029----pid-2029
---ebpf-pid----2029----pid-1
---ebpf-pid----2029----pid-2029
---ebpf-pid----2029----pid-1
---ebpf-pid----2029----pid-2029
---ebpf-pid----2029----pid-1
---ebpf-pid----2029----pid-2029
---ebpf-pid----2029----pid-1
---ebpf-pid----2029----pid-2029
---ebpf-pid----2029----pid-1
---ebpf-pid----5705----pid-5476
---ebpf-pid----5705----pid-1
---ebpf-pid----5705----pid-5705
---ebpf-pid----5705----pid-5476
---ebpf-pid----5705----pid-1
---ebpf-pid----5705----pid-5705
---ebpf-pid----5705----pid-5476
---ebpf-pid----372714----pid-1
---ebpf-pid----372714----pid-372714
---ebpf-pid----372714----pid-5476
---ebpf-pid----372714----pid-1
---ebpf-pid----372714----pid-372714
---ebpf-pid----2029----pid-2029
---ebpf-pid----2029----pid-1
---ebpf-pid----5705----pid-1
---ebpf-pid----5705----pid-5705
---ebpf-pid----5705----pid-5476
---ebpf-pid----5705----pid-1
---ebpf-pid----2029----pid-2029
---ebpf-pid----372714----pid-5476
---ebpf-pid----2029----pid-1
---ebpf-pid----372714----pid-1
---ebpf-pid----2029----pid-2029
---ebpf-pid----372714----pid-372714
---ebpf-pid----2029----pid-1
---ebpf-pid----2029----pid-2029
---ebpf-pid----372714----pid-5476
---ebpf-pid----372714----pid-1
---ebpf-pid----372714----pid-372714
---ebpf-pid----372714----pid-5476
---ebpf-pid----2029----pid-1
---ebpf-pid----372714----pid-1
---ebpf-pid----2029----pid-2029
---ebpf-pid----372714----pid-372714
---ebpf-pid----2029----pid-1
---ebpf-pid----372714----pid-5476
---ebpf-pid----2029----pid-2029
---ebpf-pid----372714----pid-1
---ebpf-pid----372714----pid-372714
---ebpf-pid----372714----pid-5476
---ebpf-pid----372714----pid-1
---ebpf-pid----2029----pid-2029
---ebpf-pid----2029----pid-1
---ebpf-pid----2029----pid-1
---ebpf-pid----2029----pid-2029
---ebpf-pid----2029----pid-1
---ebpf-pid----2029----pid-2029
---ebpf-pid----2029----pid-1
---ebpf-pid----2029----pid-2029
---ebpf-pid----2029----pid-2029
---ebpf-pid----2029----pid-1
---ebpf-pid----2029----pid-1
---ebpf-pid----2029----pid-2029
---ebpf-pid----2029----pid-2029
---ebpf-pid----2029----pid-1
---ebpf-pid----2029----pid-2029
---ebpf-pid----2029----pid-1
---ebpf-pid----2029----pid-1
---ebpf-pid----2029----pid-2029
---ebpf-pid----2029----pid-2029
---ebpf-pid----2029----pid-1
---ebpf-pid----2029----pid-2029
---ebpf-pid----2029----pid-1
---ebpf-pid----2029----pid-2029
---ebpf-pid----2029----pid-1
---ebpf-pid----2029----pid-2029
---ebpf-pid----2029----pid-1
---ebpf-pid----2029----pid-2029
---ebpf-pid----2029----pid-1
---ebpf-pid----2029----pid-2029
---ebpf-pid----2029----pid-1
---ebpf-pid----2029----pid-2029
---ebpf-pid----2029----pid-1
---ebpf-pid----2029----pid-2029
---ebpf-pid----2029----pid-1
---ebpf-pid----2029----pid-2029
---ebpf-pid----372714----pid-372714
---ebpf-pid----2029----pid-1
---ebpf-pid----2029----pid-2029
---ebpf-pid----372714----pid-5476
---ebpf-pid----2029----pid-1
---ebpf-pid----2029----pid-2029
---ebpf-pid----372714----pid-1
---ebpf-pid----372714----pid-372714
---ebpf-pid----2029----pid-1
---ebpf-pid----372714----pid-5476
---ebpf-pid----2029----pid-2029
---ebpf-pid----372714----pid-1
---ebpf-pid----6671----pid-6671
---ebpf-pid----2029----pid-1
---ebpf-pid----6671----pid-5476
---ebpf-pid----2029----pid-1
---ebpf-pid----2029----pid-2029
---ebpf-pid----2029----pid-2029
---ebpf-pid----6671----pid-1
---ebpf-pid----6671----pid-6671
---ebpf-pid----2029----pid-1
---ebpf-pid----2029----pid-1
---ebpf-pid----6671----pid-5476
---ebpf-pid----2029----pid-2029
---ebpf-pid----53663----pid-53663
---ebpf-pid----6671----pid-1
---ebpf-pid----6671----pid-6671
---ebpf-pid----53663----pid-3466
---ebpf-pid----2029----pid-1
---ebpf-pid----6671----pid-5476
---ebpf-pid----2029----pid-2029
---ebpf-pid----6671----pid-1
---ebpf-pid----2029----pid-1
---ebpf-pid----6671----pid-6671
---ebpf-pid----2029----pid-2029
---ebpf-pid----2029----pid-1
---ebpf-pid----2029----pid-2029
---ebpf-pid----2029----pid-1
---ebpf-pid----2029----pid-2029
---ebpf-pid----2029----pid-1
---ebpf-pid----2029----pid-2029
---ebpf-pid----2029----pid-1
---ebpf-pid----2029----pid-2029
---ebpf-pid----2029----pid-1
---ebpf-pid----2029----pid-2029
---ebpf-pid----2029----pid-1
---ebpf-pid----2029----pid-2029
---ebpf-pid----2029----pid-1
---ebpf-pid----2029----pid-2029
---ebpf-pid----2029----pid-1
---ebpf-pid----53663----pid-1
---ebpf-pid----2029----pid-2029
---ebpf-pid----2029----pid-2029
---ebpf-pid----2029----pid-1
---ebpf-pid----2029----pid-1
---ebpf-pid----2029----pid-2029
---ebpf-pid----2029----pid-2029
---ebpf-pid----2029----pid-1
---ebpf-pid----2029----pid-1
---ebpf-pid----2029----pid-2029
---ebpf-pid----2029----pid-2029
---ebpf-pid----2029----pid-1
---ebpf-pid----2029----pid-1
---ebpf-pid----2029----pid-2029
---ebpf-pid----2029----pid-2029
---ebpf-pid----6671----pid-5476
---ebpf-pid----2029----pid-1
---ebpf-pid----2029----pid-1
---ebpf-pid----6671----pid-1
---ebpf-pid----2029----pid-2029
---ebpf-pid----2029----pid-2029
---ebpf-pid----6671----pid-6671
---ebpf-pid----2029----pid-1
---ebpf-pid----2029----pid-1
---ebpf-pid----6671----pid-5476
---ebpf-pid----2029----pid-2029
---ebpf-pid----2029----pid-2029
---ebpf-pid----6671----pid-1
---ebpf-pid----2029----pid-1
---ebpf-pid----6671----pid-6671
---ebpf-pid----2029----pid-1
---ebpf-pid----2029----pid-2029
---ebpf-pid----2029----pid-2029
---ebpf-pid----6671----pid-5476
---ebpf-pid----2029----pid-1
---ebpf-pid----6671----pid-1
---ebpf-pid----2029----pid-1
---ebpf-pid----6671----pid-6671
---ebpf-pid----2029----pid-2029
---ebpf-pid----2029----pid-2029
---ebpf-pid----6671----pid-5476
---ebpf-pid----2029----pid-1
---ebpf-pid----2089----pid-2089
---ebpf-pid----6671----pid-1
---ebpf-pid----6671----pid-6671
---ebpf-pid----2089----pid-1
---ebpf-pid----2089----pid-2089
---ebpf-pid----6671----pid-5476
---ebpf-pid----6671----pid-1
---ebpf-pid----6671----pid-6671
---ebpf-pid----6671----pid-5476
---ebpf-pid----6671----pid-1
---ebpf-pid----5638----pid-5638
---ebpf-pid----5638----pid-1
---ebpf-pid----5705----pid-5705
---ebpf-pid----2029----pid-1
---ebpf-pid----5705----pid-5476
---ebpf-pid----2029----pid-2029
---ebpf-pid----5705----pid-1
---ebpf-pid----2029----pid-1
---ebpf-pid----5705----pid-5705
---ebpf-pid----2029----pid-2029
---ebpf-pid----5705----pid-5476
---ebpf-pid----2029----pid-1
---ebpf-pid----5705----pid-1
---ebpf-pid----6671----pid-6671
---ebpf-pid----2029----pid-2029
---ebpf-pid----6671----pid-5476
---ebpf-pid----2029----pid-1
---ebpf-pid----2029----pid-2029
---ebpf-pid----6671----pid-1
---ebpf-pid----2089----pid-1
---ebpf-pid----6671----pid-6671
---ebpf-pid----2089----pid-2089
---ebpf-pid----6671----pid-5476
---ebpf-pid----2089----pid-1
---ebpf-pid----6671----pid-1
---ebpf-pid----2089----pid-2089
---ebpf-pid----6671----pid-6671
---ebpf-pid----2089----pid-1
---ebpf-pid----6671----pid-5476
---ebpf-pid----2089----pid-2089
---ebpf-pid----6671----pid-1
---ebpf-pid----6671----pid-6671
---ebpf-pid----6671----pid-5476
---ebpf-pid----2089----pid-1
---ebpf-pid----2089----pid-2089
---ebpf-pid----6671----pid-1
---ebpf-pid----372714----pid-372714
---ebpf-pid----2089----pid-1
---ebpf-pid----2089----pid-2089
---ebpf-pid----372714----pid-5476
---ebpf-pid----372714----pid-1
---ebpf-pid----2089----pid-1
---ebpf-pid----372714----pid-372714
---ebpf-pid----2089----pid-2089
---ebpf-pid----2089----pid-1
---ebpf-pid----2089----pid-2089
---ebpf-pid----2089----pid-1
---ebpf-pid----2089----pid-2089
---ebpf-pid----2089----pid-1
---ebpf-pid----2089----pid-2089
---ebpf-pid----2089----pid-1
---ebpf-pid----2089----pid-2089
---ebpf-pid----2089----pid-1
---ebpf-pid----2029----pid-1
---ebpf-pid----2089----pid-2089
---ebpf-pid----2029----pid-2029
---ebpf-pid----2089----pid-1
---ebpf-pid----2029----pid-1
---ebpf-pid----2029----pid-2029
---ebpf-pid----2089----pid-2089
---ebpf-pid----2029----pid-1
---ebpf-pid----2029----pid-2029
---ebpf-pid----2089----pid-1
---ebpf-pid----2029----pid-1
---ebpf-pid----2089----pid-2089
---ebpf-pid----372714----pid-5476
---ebpf-pid----2029----pid-2029
---ebpf-pid----372714----pid-1
---ebpf-pid----2029----pid-1
---ebpf-pid----372714----pid-372714
---ebpf-pid----2029----pid-2029
---ebpf-pid----2089----pid-1
---ebpf-pid----372714----pid-5476
---ebpf-pid----2089----pid-2089
---ebpf-pid----2029----pid-1
---ebpf-pid----2029----pid-2029
---ebpf-pid----372714----pid-1
---ebpf-pid----372714----pid-372714
---ebpf-pid----2029----pid-1
---ebpf-pid----2089----pid-1
---ebpf-pid----2029----pid-2029
---ebpf-pid----2089----pid-2089
---ebpf-pid----372714----pid-5476
---ebpf-pid----2029----pid-1
---ebpf-pid----2089----pid-1
---ebpf-pid----2029----pid-2029
---ebpf-pid----372714----pid-1
---ebpf-pid----2089----pid-2089
---ebpf-pid----372714----pid-372714
---ebpf-pid----2029----pid-1
---ebpf-pid----2029----pid-2029
---ebpf-pid----2089----pid-1
---ebpf-pid----372714----pid-5476
---ebpf-pid----2029----pid-2029
---ebpf-pid----2029----pid-1
---ebpf-pid----372714----pid-1
---ebpf-pid----2029----pid-2029
---ebpf-pid----5638----pid-5638
---ebpf-pid----2029----pid-1
---ebpf-pid----2029----pid-1
---ebpf-pid----5638----pid-1
---ebpf-pid----2029----pid-2029
---ebpf-pid----2029----pid-2029
---ebpf-pid----5638----pid-5638
---ebpf-pid----2029----pid-1
---ebpf-pid----5638----pid-1
---ebpf-pid----2029----pid-1
---ebpf-pid----2029----pid-2029
---ebpf-pid----5707----pid-5707
---ebpf-pid----2029----pid-2029
---ebpf-pid----2029----pid-1
---ebpf-pid----5707----pid-5476
---ebpf-pid----2029----pid-2029
---ebpf-pid----2029----pid-1
---ebpf-pid----5707----pid-1
---ebpf-pid----2029----pid-1
---ebpf-pid----2029----pid-2029
---ebpf-pid----5707----pid-5707
---ebpf-pid----2029----pid-2029
---ebpf-pid----5707----pid-5476
---ebpf-pid----2029----pid-1
---ebpf-pid----2029----pid-1
---ebpf-pid----2029----pid-2029
---ebpf-pid----2029----pid-2029
---ebpf-pid----5707----pid-1
---ebpf-pid----2029----pid-1
---ebpf-pid----5707----pid-5707
---ebpf-pid----2029----pid-1
---ebpf-pid----5707----pid-5707
---ebpf-pid----2029----pid-2029
---ebpf-pid----5707----pid-5476
---ebpf-pid----5707----pid-5476
---ebpf-pid----2029----pid-1
---ebpf-pid----5707----pid-1
---ebpf-pid----2029----pid-2029
---ebpf-pid----5707----pid-5707
---ebpf-pid----5707----pid-1
---ebpf-pid----5707----pid-5707
---ebpf-pid----5707----pid-5476
---ebpf-pid----2029----pid-1
---ebpf-pid----2029----pid-2029
---ebpf-pid----5707----pid-1
---ebpf-pid----5707----pid-5707
---ebpf-pid----2029----pid-1
---ebpf-pid----2029----pid-2029
---ebpf-pid----5707----pid-5476
---ebpf-pid----2029----pid-1
---ebpf-pid----5707----pid-1
---ebpf-pid----7312----pid-7312
---ebpf-pid----372881----pid-372881
---ebpf-pid----372881----pid-1
---ebpf-pid----7312----pid-1
---ebpf-pid----372881----pid-372881
---ebpf-pid----2088----pid-2088
---ebpf-pid----2088----pid-1
---ebpf-pid----372881----pid-1
---ebpf-pid----372881----pid-372881
---ebpf-pid----5707----pid-5476
---ebpf-pid----372881----pid-1
---ebpf-pid----372881----pid-372881
---ebpf-pid----372881----pid-1
---ebpf-pid----372881----pid-372881
---ebpf-pid----372881----pid-1
---ebpf-pid----372881----pid-372881
---ebpf-pid----372881----pid-1
---ebpf-pid----372881----pid-372881
---ebpf-pid----372881----pid-1
---ebpf-pid----372881----pid-372881
---ebpf-pid----372881----pid-1
---ebpf-pid----372881----pid-372881
---ebpf-pid----372881----pid-1
---ebpf-pid----372881----pid-372881
---ebpf-pid----372881----pid-1
---ebpf-pid----372881----pid-372881
---ebpf-pid----372881----pid-1
---ebpf-pid----372881----pid-372881
---ebpf-pid----372881----pid-1
---ebpf-pid----372881----pid-372881
---ebpf-pid----372881----pid-1
---ebpf-pid----372881----pid-372881
---ebpf-pid----372881----pid-1
---ebpf-pid----372881----pid-372881
---ebpf-pid----372881----pid-1
---ebpf-pid----372881----pid-372881
---ebpf-pid----372881----pid-1
---ebpf-pid----372881----pid-372881
---ebpf-pid----372881----pid-1
---ebpf-pid----372881----pid-372881
---ebpf-pid----372881----pid-1
---ebpf-pid----372881----pid-372881
---ebpf-pid----372881----pid-1
---ebpf-pid----372881----pid-372881
---ebpf-pid----372881----pid-1
---ebpf-pid----372881----pid-372881
---ebpf-pid----372881----pid-1
---ebpf-pid----372881----pid-372881
---ebpf-pid----372881----pid-1
---ebpf-pid----372881----pid-372881
---ebpf-pid----372881----pid-1
---ebpf-pid----372881----pid-372881
---ebpf-pid----372881----pid-1
---ebpf-pid----5707----pid-1
---ebpf-pid----372881----pid-372881
---ebpf-pid----5707----pid-5707
---ebpf-pid----5707----pid-5476
---ebpf-pid----2094----pid-2094
---ebpf-pid----5707----pid-1
---ebpf-pid----2094----pid-2094
---ebpf-pid----2094----pid-1
---ebpf-pid----2088----pid-2088
---ebpf-pid----2088----pid-1
---ebpf-pid----2094----pid-1
---ebpf-pid----2094----pid-2094
---ebpf-pid----2094----pid-1
---ebpf-pid----2094----pid-2094
---ebpf-pid----372881----pid-1
---ebpf-pid----372881----pid-372881
---ebpf-pid----5705----pid-5705
---ebpf-pid----372881----pid-1
---ebpf-pid----372881----pid-372881
---ebpf-pid----5705----pid-5476
---ebpf-pid----372881----pid-1
---ebpf-pid----372881----pid-372881
---ebpf-pid----5705----pid-1
---ebpf-pid----5705----pid-5705
---ebpf-pid----372881----pid-1
---ebpf-pid----372881----pid-372881
---ebpf-pid----5705----pid-5476
---ebpf-pid----372881----pid-1
---ebpf-pid----372881----pid-372881
---ebpf-pid----5705----pid-1
---ebpf-pid----5705----pid-5705
---ebpf-pid----372881----pid-1
---ebpf-pid----372881----pid-372881
---ebpf-pid----5705----pid-5476
---ebpf-pid----372881----pid-1
---ebpf-pid----372881----pid-372881
---ebpf-pid----5705----pid-1
---ebpf-pid----372881----pid-1
---ebpf-pid----5705----pid-5705
---ebpf-pid----372881----pid-372881
---ebpf-pid----5705----pid-5476
---ebpf-pid----372881----pid-1
---ebpf-pid----372881----pid-372881
---ebpf-pid----5705----pid-1
---ebpf-pid----372881----pid-1
---ebpf-pid----5705----pid-5705
---ebpf-pid----372881----pid-372881
---ebpf-pid----5705----pid-5476
---ebpf-pid----372881----pid-1
---ebpf-pid----372881----pid-372881
---ebpf-pid----5705----pid-1
---ebpf-pid----372881----pid-1
---ebpf-pid----5705----pid-5705
---ebpf-pid----372714----pid-372714
---ebpf-pid----5705----pid-5476
---ebpf-pid----372714----pid-5476
---ebpf-pid----5705----pid-1
---ebpf-pid----372714----pid-1
---ebpf-pid----5705----pid-5705
---ebpf-pid----372714----pid-372714
---ebpf-pid----5705----pid-5476
---ebpf-pid----372714----pid-5476
---ebpf-pid----372714----pid-1
---ebpf-pid----5705----pid-1
---ebpf-pid----372714----pid-372714
---ebpf-pid----5705----pid-5705
---ebpf-pid----372714----pid-5476
---ebpf-pid----5705----pid-5476
---ebpf-pid----372714----pid-1
---ebpf-pid----372714----pid-372714
---ebpf-pid----5705----pid-1
---ebpf-pid----5705----pid-5705
---ebpf-pid----372714----pid-5476
---ebpf-pid----5705----pid-5476
---ebpf-pid----372714----pid-1
---ebpf-pid----372714----pid-372714
---ebpf-pid----372714----pid-5476
---ebpf-pid----372714----pid-1
---ebpf-pid----372714----pid-372714
---ebpf-pid----5705----pid-1
---ebpf-pid----5705----pid-5705
---ebpf-pid----2088----pid-2088
---ebpf-pid----372714----pid-5476
---ebpf-pid----5705----pid-5476
---ebpf-pid----2088----pid-1
---ebpf-pid----5705----pid-5705
---ebpf-pid----372714----pid-1
---ebpf-pid----5705----pid-1
---ebpf-pid----372714----pid-372714
---ebpf-pid----5705----pid-5705
---ebpf-pid----5705----pid-5476
---ebpf-pid----372714----pid-5476
---ebpf-pid----5705----pid-5476
---ebpf-pid----5705----pid-1
---ebpf-pid----5705----pid-5705
---ebpf-pid----372714----pid-1
---ebpf-pid----5705----pid-1
---ebpf-pid----372714----pid-372714
---ebpf-pid----5705----pid-5705
---ebpf-pid----5705----pid-5476
---ebpf-pid----372714----pid-5476
---ebpf-pid----5705----pid-5476
---ebpf-pid----5705----pid-1
---ebpf-pid----5705----pid-5705
---ebpf-pid----372714----pid-1
---ebpf-pid----372714----pid-372714
---ebpf-pid----5705----pid-1
---ebpf-pid----372714----pid-5476
---ebpf-pid----5705----pid-5476
---ebpf-pid----5705----pid-5705
---ebpf-pid----5705----pid-1
---ebpf-pid----5705----pid-5476
---ebpf-pid----5707----pid-5707
---ebpf-pid----5705----pid-1
---ebpf-pid----5707----pid-5476
---ebpf-pid----5707----pid-1
---ebpf-pid----5707----pid-5707
---ebpf-pid----372714----pid-1
---ebpf-pid----5707----pid-5476
---ebpf-pid----372714----pid-372714
---ebpf-pid----5707----pid-1
---ebpf-pid----372714----pid-5476
---ebpf-pid----5707----pid-5707
---ebpf-pid----372714----pid-1
---ebpf-pid----5707----pid-5476
---ebpf-pid----372714----pid-372714
---ebpf-pid----372714----pid-5476
---ebpf-pid----5707----pid-1
---ebpf-pid----5707----pid-5707
---ebpf-pid----372714----pid-1
---ebpf-pid----372714----pid-372714
---ebpf-pid----5707----pid-5476
---ebpf-pid----372714----pid-5476
---ebpf-pid----5707----pid-1
---ebpf-pid----2029----pid-2029
---ebpf-pid----372714----pid-1
---ebpf-pid----372714----pid-372714
---ebpf-pid----372714----pid-5476
---ebpf-pid----372714----pid-1
---ebpf-pid----372714----pid-372714
---ebpf-pid----372714----pid-5476
---ebpf-pid----372714----pid-1
---ebpf-pid----372714----pid-372714
---ebpf-pid----372714----pid-5476
---ebpf-pid----372714----pid-1
---ebpf-pid----372714----pid-372714
---ebpf-pid----372714----pid-5476
---ebpf-pid----372714----pid-1
---ebpf-pid----372714----pid-372714
---ebpf-pid----372714----pid-5476
---ebpf-pid----372714----pid-1
---ebpf-pid----372714----pid-372714
---ebpf-pid----372714----pid-5476
---ebpf-pid----372714----pid-1
---ebpf-pid----372714----pid-372714
---ebpf-pid----372714----pid-5476
---ebpf-pid----372714----pid-1
---ebpf-pid----372714----pid-372714
---ebpf-pid----372714----pid-5476
---ebpf-pid----372714----pid-1
---ebpf-pid----372714----pid-372714
---ebpf-pid----372714----pid-5476
---ebpf-pid----372714----pid-1
---ebpf-pid----372714----pid-372714
---ebpf-pid----372714----pid-5476
---ebpf-pid----372714----pid-1
---ebpf-pid----372714----pid-372714
---ebpf-pid----372714----pid-5476
---ebpf-pid----372714----pid-1
---ebpf-pid----372714----pid-372714
---ebpf-pid----372714----pid-5476
---ebpf-pid----372714----pid-1
---ebpf-pid----372714----pid-372714
---ebpf-pid----372714----pid-5476
---ebpf-pid----372714----pid-1
---ebpf-pid----372714----pid-372714
---ebpf-pid----372714----pid-5476
---ebpf-pid----372714----pid-1
---ebpf-pid----372714----pid-372714
---ebpf-pid----372714----pid-5476
---ebpf-pid----372714----pid-1
---ebpf-pid----2029----pid-2029
---ebpf-pid----2029----pid-1
---ebpf-pid----2029----pid-1
---ebpf-pid----2029----pid-2029
---ebpf-pid----2029----pid-2029
---ebpf-pid----2029----pid-1
---ebpf-pid----2029----pid-1
---ebpf-pid----2029----pid-2029
---ebpf-pid----2029----pid-2029
---ebpf-pid----2029----pid-1
---ebpf-pid----2029----pid-1
---ebpf-pid----2029----pid-2029
---ebpf-pid----2029----pid-2029
---ebpf-pid----2029----pid-1
---ebpf-pid----2029----pid-2029
---ebpf-pid----2029----pid-1
---ebpf-pid----2029----pid-1
---ebpf-pid----2029----pid-2029
---ebpf-pid----2029----pid-2029
---ebpf-pid----2029----pid-1
---ebpf-pid----2029----pid-1
---ebpf-pid----2029----pid-2029
---ebpf-pid----2029----pid-2029
---ebpf-pid----2029----pid-1
---ebpf-pid----2029----pid-1
---ebpf-pid----2029----pid-2029
---ebpf-pid----2029----pid-2029
---ebpf-pid----5705----pid-5705
---ebpf-pid----2029----pid-1
---ebpf-pid----2029----pid-1
---ebpf-pid----2029----pid-2029
---ebpf-pid----2029----pid-2029
---ebpf-pid----5705----pid-5476
---ebpf-pid----2029----pid-1
---ebpf-pid----2029----pid-1
---ebpf-pid----2029----pid-2029
---ebpf-pid----5705----pid-1
---ebpf-pid----448783----pid-448783
---ebpf-pid----5705----pid-5705
---ebpf-pid----2029----pid-1
---ebpf-pid----5705----pid-5476
---ebpf-pid----448783----pid-448520
---ebpf-pid----2029----pid-2029
---ebpf-pid----5705----pid-1
---ebpf-pid----2029----pid-1
---ebpf-pid----448783----pid-1
---ebpf-pid----5705----pid-5705
---ebpf-pid----2029----pid-2029
---ebpf-pid----448783----pid-448783
---ebpf-pid----2029----pid-1
---ebpf-pid----2029----pid-2029
---ebpf-pid----2029----pid-1
---ebpf-pid----2029----pid-2029
---ebpf-pid----2029----pid-1
---ebpf-pid----2029----pid-2029
---ebpf-pid----2029----pid-1
---ebpf-pid----2029----pid-2029
---ebpf-pid----2029----pid-1
---ebpf-pid----2029----pid-2029
---ebpf-pid----2029----pid-1
---ebpf-pid----2029----pid-2029
---ebpf-pid----2029----pid-1
---ebpf-pid----2029----pid-2029
---ebpf-pid----2029----pid-1
---ebpf-pid----2094----pid-2094
---ebpf-pid----2094----pid-1
---ebpf-pid----2094----pid-2094
---ebpf-pid----2094----pid-1
---ebpf-pid----2094----pid-2094
---ebpf-pid----2094----pid-1
---ebpf-pid----2094----pid-2094
---ebpf-pid----2094----pid-1
---ebpf-pid----2094----pid-2094
---ebpf-pid----2094----pid-1
---ebpf-pid----2094----pid-2094
---ebpf-pid----2094----pid-1
---ebpf-pid----2094----pid-2094
---ebpf-pid----2094----pid-1
---ebpf-pid----2094----pid-2094
---ebpf-pid----2094----pid-1
---ebpf-pid----2094----pid-2094
---ebpf-pid----2094----pid-1
---ebpf-pid----2094----pid-2094
---ebpf-pid----2094----pid-1
---ebpf-pid----2094----pid-2094
---ebpf-pid----2094----pid-1
---ebpf-pid----2094----pid-2094
---ebpf-pid----2094----pid-1
---ebpf-pid----448783----pid-448520
---ebpf-pid----2094----pid-2094
---ebpf-pid----448783----pid-1
---ebpf-pid----2094----pid-1
---ebpf-pid----5705----pid-5705
---ebpf-pid----2094----pid-2094
---ebpf-pid----2094----pid-1
---ebpf-pid----5705----pid-5476
---ebpf-pid----2094----pid-2094
---ebpf-pid----5705----pid-1
---ebpf-pid----2094----pid-1
---ebpf-pid----5705----pid-5705
---ebpf-pid----5705----pid-5476
---ebpf-pid----2088----pid-2088
---ebpf-pid----5705----pid-5476
---ebpf-pid----5705----pid-1
---ebpf-pid----5705----pid-5705
---ebpf-pid----5705----pid-1
---ebpf-pid----2088----pid-1
---ebpf-pid----2088----pid-2088
---ebpf-pid----5705----pid-5705
---ebpf-pid----5705----pid-5476
---ebpf-pid----2088----pid-1
---ebpf-pid----5705----pid-5476
---ebpf-pid----2088----pid-2088
---ebpf-pid----5705----pid-1
---ebpf-pid----5705----pid-5705
---ebpf-pid----5705----pid-1
---ebpf-pid----2088----pid-1
---ebpf-pid----5705----pid-5705
---ebpf-pid----5705----pid-5476
---ebpf-pid----2089----pid-2089
---ebpf-pid----5705----pid-5476
---ebpf-pid----2089----pid-1
---ebpf-pid----5705----pid-1
---ebpf-pid----2089----pid-2089
---ebpf-pid----5705----pid-1
---ebpf-pid----5705----pid-5705
---ebpf-pid----2089----pid-1
---ebpf-pid----2089----pid-2089
---ebpf-pid----5705----pid-5476
---ebpf-pid----2089----pid-1
---ebpf-pid----5705----pid-1
---ebpf-pid----2089----pid-2089
---ebpf-pid----2094----pid-1
---ebpf-pid----5705----pid-5705
---ebpf-pid----2094----pid-2094
---ebpf-pid----2089----pid-1
---ebpf-pid----2089----pid-2089
---ebpf-pid----5705----pid-5705
---ebpf-pid----2094----pid-1
---ebpf-pid----5705----pid-5476
---ebpf-pid----2094----pid-2094
---ebpf-pid----2089----pid-1
---ebpf-pid----2089----pid-2089
---ebpf-pid----5705----pid-5476
---ebpf-pid----5705----pid-1
---ebpf-pid----2094----pid-1
---ebpf-pid----5705----pid-5705
---ebpf-pid----2094----pid-2094
---ebpf-pid----2089----pid-1
---ebpf-pid----5705----pid-1
---ebpf-pid----2089----pid-2089
---ebpf-pid----5705----pid-5705
---ebpf-pid----5705----pid-5476
---ebpf-pid----2094----pid-1
---ebpf-pid----2094----pid-2094
---ebpf-pid----2089----pid-1
---ebpf-pid----5705----pid-5476
---ebpf-pid----5705----pid-1
---ebpf-pid----2089----pid-2089
---ebpf-pid----5705----pid-5705
---ebpf-pid----2094----pid-1
---ebpf-pid----5705----pid-1
---ebpf-pid----2094----pid-2094
---ebpf-pid----5705----pid-5476
---ebpf-pid----5705----pid-5705
---ebpf-pid----2094----pid-1
---ebpf-pid----5705----pid-5476
---ebpf-pid----2094----pid-2094
---ebpf-pid----5705----pid-1
---ebpf-pid----2094----pid-1
---ebpf-pid----5705----pid-5705
---ebpf-pid----2094----pid-2094
---ebpf-pid----5705----pid-5476
---ebpf-pid----2094----pid-1
---ebpf-pid----2094----pid-2094
---ebpf-pid----5705----pid-1
---ebpf-pid----5705----pid-5705
---ebpf-pid----2094----pid-1
---ebpf-pid----2094----pid-2094
---ebpf-pid----5705----pid-5476
---ebpf-pid----2094----pid-1
---ebpf-pid----2094----pid-2094
---ebpf-pid----5705----pid-1
---ebpf-pid----5705----pid-5705
---ebpf-pid----2094----pid-1
---ebpf-pid----2094----pid-2094
---ebpf-pid----5705----pid-5476
---ebpf-pid----2094----pid-1
---ebpf-pid----5705----pid-1
---ebpf-pid----2094----pid-2094
---ebpf-pid----5705----pid-5705
---ebpf-pid----2094----pid-1
---ebpf-pid----5705----pid-5476
---ebpf-pid----2094----pid-2094
---ebpf-pid----5705----pid-1
---ebpf-pid----2094----pid-1
---ebpf-pid----5705----pid-5705
---ebpf-pid----2094----pid-2094
---ebpf-pid----5705----pid-5476
---ebpf-pid----2094----pid-1
---ebpf-pid----2094----pid-2094
---ebpf-pid----5705----pid-1
---ebpf-pid----2094----pid-1
---ebpf-pid----5705----pid-5705
---ebpf-pid----2029----pid-2029
---ebpf-pid----5705----pid-5476
---ebpf-pid----2029----pid-1
---ebpf-pid----2029----pid-2029
---ebpf-pid----5705----pid-1
---ebpf-pid----5705----pid-5705
---ebpf-pid----2029----pid-1
---ebpf-pid----2029----pid-2029
---ebpf-pid----5705----pid-5476
---ebpf-pid----5705----pid-1
---ebpf-pid----2029----pid-1
---ebpf-pid----5705----pid-5705
---ebpf-pid----5705----pid-1
---ebpf-pid----2029----pid-2029
---ebpf-pid----5705----pid-5705
---ebpf-pid----5705----pid-5476
---ebpf-pid----2029----pid-1
---ebpf-pid----5705----pid-5476
---ebpf-pid----2029----pid-2029
---ebpf-pid----5705----pid-1
---ebpf-pid----5705----pid-5705
---ebpf-pid----5705----pid-1
---ebpf-pid----2029----pid-1
---ebpf-pid----5705----pid-5705
---ebpf-pid----2029----pid-2029
---ebpf-pid----5705----pid-5476
---ebpf-pid----5705----pid-5476
---ebpf-pid----2029----pid-1
---ebpf-pid----5705----pid-1
---ebpf-pid----2029----pid-2029
---ebpf-pid----5705----pid-5705
---ebpf-pid----5705----pid-1
---ebpf-pid----5705----pid-5705
---ebpf-pid----2029----pid-1
---ebpf-pid----5705----pid-5476
---ebpf-pid----5705----pid-5476
---ebpf-pid----5705----pid-1
---ebpf-pid----5705----pid-5705
---ebpf-pid----5705----pid-5476
---ebpf-pid----5705----pid-1
---ebpf-pid----5705----pid-5705
---ebpf-pid----5705----pid-5476
---ebpf-pid----5705----pid-1
---ebpf-pid----5705----pid-5705
---ebpf-pid----5705----pid-5476
---ebpf-pid----5705----pid-1
---ebpf-pid----5705----pid-5705
---ebpf-pid----5705----pid-5476
---ebpf-pid----5705----pid-1
---ebpf-pid----5705----pid-5705
---ebpf-pid----5705----pid-5476
---ebpf-pid----5705----pid-1
---ebpf-pid----5705----pid-5705
---ebpf-pid----5705----pid-5476
---ebpf-pid----5705----pid-1
---ebpf-pid----5705----pid-1
---ebpf-pid----5705----pid-5705
---ebpf-pid----5705----pid-5705
---ebpf-pid----5705----pid-5476
---ebpf-pid----5705----pid-5476
---ebpf-pid----5705----pid-1
---ebpf-pid----5705----pid-1
---ebpf-pid----5705----pid-5705
---ebpf-pid----5705----pid-5705
---ebpf-pid----5705----pid-5476
---ebpf-pid----5705----pid-5476
---ebpf-pid----5705----pid-1
---ebpf-pid----5705----pid-5705
---ebpf-pid----5705----pid-1
---ebpf-pid----5705----pid-5705
---ebpf-pid----5705----pid-5476
---ebpf-pid----5705----pid-5476
---ebpf-pid----5705----pid-1
---ebpf-pid----5705----pid-5705
---ebpf-pid----2089----pid-1
---ebpf-pid----2089----pid-2089
---ebpf-pid----2029----pid-2029
---ebpf-pid----2089----pid-1
---ebpf-pid----2029----pid-1
---ebpf-pid----2089----pid-2089
---ebpf-pid----2029----pid-2029
---ebpf-pid----2089----pid-1
---ebpf-pid----2089----pid-2089
---ebpf-pid----2029----pid-1
---ebpf-pid----2029----pid-2029
---ebpf-pid----2089----pid-1
---ebpf-pid----2089----pid-2089
---ebpf-pid----2029----pid-1
---ebpf-pid----2029----pid-2029
---ebpf-pid----2089----pid-1
---ebpf-pid----2089----pid-2089
---ebpf-pid----5705----pid-1
---ebpf-pid----2029----pid-1
---ebpf-pid----2029----pid-2029
---ebpf-pid----5705----pid-5705
---ebpf-pid----2089----pid-1
---ebpf-pid----2089----pid-2089
---ebpf-pid----2029----pid-1
---ebpf-pid----5705----pid-5476
---ebpf-pid----2029----pid-2029
---ebpf-pid----2089----pid-1
---ebpf-pid----2029----pid-1
---ebpf-pid----5705----pid-1
---ebpf-pid----2029----pid-2029
---ebpf-pid----2089----pid-2089
---ebpf-pid----5705----pid-5705
---ebpf-pid----2029----pid-1
---ebpf-pid----2089----pid-1
---ebpf-pid----5705----pid-5476
---ebpf-pid----2029----pid-2029
---ebpf-pid----2089----pid-2089
---ebpf-pid----2029----pid-1
---ebpf-pid----5705----pid-1
---ebpf-pid----2029----pid-2029
---ebpf-pid----2089----pid-1
---ebpf-pid----5705----pid-5705
---ebpf-pid----2089----pid-2089
---ebpf-pid----2029----pid-1
---ebpf-pid----5705----pid-5476
---ebpf-pid----2029----pid-2029
---ebpf-pid----2089----pid-1
---ebpf-pid----2089----pid-2089
---ebpf-pid----5705----pid-1
---ebpf-pid----2029----pid-1
---ebpf-pid----5705----pid-5705
---ebpf-pid----2029----pid-2029
---ebpf-pid----2089----pid-1
---ebpf-pid----2088----pid-2088
---ebpf-pid----5705----pid-5476
---ebpf-pid----2029----pid-1
---ebpf-pid----2029----pid-2029
---ebpf-pid----2088----pid-1
---ebpf-pid----5705----pid-1
---ebpf-pid----2088----pid-2088
---ebpf-pid----5705----pid-5705
---ebpf-pid----2029----pid-1
---ebpf-pid----2029----pid-2029
---ebpf-pid----2088----pid-1
---ebpf-pid----5705----pid-5476
---ebpf-pid----2088----pid-2088
---ebpf-pid----2029----pid-1
---ebpf-pid----2029----pid-2029
---ebpf-pid----5705----pid-1
---ebpf-pid----2088----pid-1
---ebpf-pid----5705----pid-5705
---ebpf-pid----2088----pid-2088
---ebpf-pid----2029----pid-1
---ebpf-pid----2029----pid-2029
---ebpf-pid----5705----pid-5476
---ebpf-pid----2088----pid-1
---ebpf-pid----2088----pid-2088
---ebpf-pid----2029----pid-1
---ebpf-pid----5705----pid-1
---ebpf-pid----2029----pid-2029
---ebpf-pid----5705----pid-5705
---ebpf-pid----2088----pid-1
---ebpf-pid----2088----pid-2088
---ebpf-pid----5705----pid-5476
---ebpf-pid----2029----pid-1
---ebpf-pid----5705----pid-5476
---ebpf-pid----5705----pid-1
---ebpf-pid----2029----pid-2029
---ebpf-pid----5705----pid-1
---ebpf-pid----5705----pid-5705
---ebpf-pid----5705----pid-5476
---ebpf-pid----2029----pid-1
---ebpf-pid----2029----pid-2029
---ebpf-pid----5705----pid-1
---ebpf-pid----5705----pid-5705
---ebpf-pid----5705----pid-5476
---ebpf-pid----5705----pid-1
---ebpf-pid----5705----pid-5705
---ebpf-pid----2029----pid-1
---ebpf-pid----2029----pid-2029
---ebpf-pid----2029----pid-1
---ebpf-pid----2029----pid-2029
---ebpf-pid----2029----pid-1
---ebpf-pid----2029----pid-2029
---ebpf-pid----2029----pid-1
---ebpf-pid----2029----pid-2029
---ebpf-pid----5705----pid-5705
---ebpf-pid----2029----pid-1
---ebpf-pid----5705----pid-5476
---ebpf-pid----5705----pid-5476
---ebpf-pid----5705----pid-1
---ebpf-pid----5705----pid-5705
---ebpf-pid----5705----pid-5476
---ebpf-pid----5705----pid-1
---ebpf-pid----5705----pid-5705
---ebpf-pid----2088----pid-1
---ebpf-pid----5705----pid-5476
---ebpf-pid----2088----pid-2088
---ebpf-pid----5705----pid-1
---ebpf-pid----2088----pid-1
---ebpf-pid----5705----pid-5705
---ebpf-pid----2088----pid-2088
---ebpf-pid----5705----pid-1
---ebpf-pid----2088----pid-1
---ebpf-pid----5705----pid-5705
---ebpf-pid----2088----pid-2088
---ebpf-pid----5705----pid-5476
---ebpf-pid----2088----pid-1
---ebpf-pid----2029----pid-2029
---ebpf-pid----2088----pid-2088
---ebpf-pid----5705----pid-1
---ebpf-pid----5705----pid-5705
---ebpf-pid----2088----pid-1
---ebpf-pid----2029----pid-1
---ebpf-pid----2088----pid-2088
---ebpf-pid----2029----pid-2029
---ebpf-pid----5705----pid-5476
---ebpf-pid----2088----pid-1
---ebpf-pid----2088----pid-2088
---ebpf-pid----2029----pid-1
---ebpf-pid----5705----pid-1
---ebpf-pid----2029----pid-2029
---ebpf-pid----2088----pid-1
---ebpf-pid----5705----pid-5705
---ebpf-pid----2088----pid-2088
---ebpf-pid----2029----pid-1
---ebpf-pid----5705----pid-5476
---ebpf-pid----2029----pid-2029
---ebpf-pid----2088----pid-1
---ebpf-pid----2029----pid-1
---ebpf-pid----5705----pid-1
---ebpf-pid----5705----pid-5705
---ebpf-pid----2029----pid-2029
---ebpf-pid----5705----pid-5476
---ebpf-pid----2029----pid-1
---ebpf-pid----2029----pid-2029
---ebpf-pid----5705----pid-1
---ebpf-pid----5705----pid-5705
---ebpf-pid----2029----pid-1
---ebpf-pid----2029----pid-2029
---ebpf-pid----5705----pid-5476
---ebpf-pid----2029----pid-1
---ebpf-pid----2029----pid-2029
---ebpf-pid----2088----pid-2088
---ebpf-pid----5705----pid-1
---ebpf-pid----5705----pid-5705
---ebpf-pid----2029----pid-1
---ebpf-pid----2029----pid-2029
---ebpf-pid----5705----pid-5476
---ebpf-pid----2088----pid-1
---ebpf-pid----2029----pid-1
---ebpf-pid----2088----pid-2088
---ebpf-pid----5705----pid-1
---ebpf-pid----2029----pid-2029
---ebpf-pid----2088----pid-2088
---ebpf-pid----2088----pid-1
---ebpf-pid----2029----pid-1
---ebpf-pid----2088----pid-2088
---ebpf-pid----2088----pid-1
---ebpf-pid----2029----pid-2029
---ebpf-pid----2088----pid-2088
---ebpf-pid----2088----pid-1
---ebpf-pid----2088----pid-2088
---ebpf-pid----2029----pid-1
---ebpf-pid----2088----pid-1
---ebpf-pid----2029----pid-2029
---ebpf-pid----2088----pid-1
---ebpf-pid----2088----pid-2088
---ebpf-pid----2088----pid-2088
---ebpf-pid----2029----pid-1
---ebpf-pid----2088----pid-1
---ebpf-pid----2029----pid-2029
---ebpf-pid----2088----pid-1
---ebpf-pid----5705----pid-5705
---ebpf-pid----2088----pid-2088
---ebpf-pid----2029----pid-1
---ebpf-pid----5705----pid-5476
---ebpf-pid----2088----pid-1
---ebpf-pid----2029----pid-2029
---ebpf-pid----2088----pid-2088
---ebpf-pid----5705----pid-1
---ebpf-pid----2029----pid-1
---ebpf-pid----2088----pid-1
---ebpf-pid----5705----pid-5705
---ebpf-pid----2029----pid-2029
---ebpf-pid----2089----pid-2089
---ebpf-pid----2089----pid-1
---ebpf-pid----2089----pid-2089
---ebpf-pid----5705----pid-5476
---ebpf-pid----2089----pid-1
---ebpf-pid----5705----pid-1
---ebpf-pid----2089----pid-2089
---ebpf-pid----5705----pid-5476
---ebpf-pid----5705----pid-5705
---ebpf-pid----5705----pid-1
---ebpf-pid----5705----pid-5705
---ebpf-pid----5705----pid-5476
---ebpf-pid----5705----pid-1
---ebpf-pid----5705----pid-5705
---ebpf-pid----5705----pid-5476
---ebpf-pid----5705----pid-1
---ebpf-pid----5705----pid-5705
---ebpf-pid----5705----pid-5476
---ebpf-pid----5705----pid-1
---ebpf-pid----5705----pid-5705
---ebpf-pid----5705----pid-5476
---ebpf-pid----5705----pid-1
---ebpf-pid----5705----pid-5705
---ebpf-pid----5705----pid-5476
---ebpf-pid----5705----pid-1
---ebpf-pid----5705----pid-5705
---ebpf-pid----5705----pid-5476
---ebpf-pid----5705----pid-1
---ebpf-pid----5705----pid-5705
---ebpf-pid----5705----pid-5476
---ebpf-pid----5705----pid-1
---ebpf-pid----5705----pid-5705
---ebpf-pid----5705----pid-5476
---ebpf-pid----5705----pid-1
---ebpf-pid----5705----pid-5705
---ebpf-pid----5705----pid-5476
---ebpf-pid----5705----pid-1
---ebpf-pid----5705----pid-5705
---ebpf-pid----5705----pid-5476
---ebpf-pid----2029----pid-1
---ebpf-pid----2029----pid-2029
---ebpf-pid----2029----pid-1
---ebpf-pid----2029----pid-2029
---ebpf-pid----5705----pid-5476
---ebpf-pid----2029----pid-1
---ebpf-pid----2029----pid-2029
---ebpf-pid----2029----pid-1
---ebpf-pid----2029----pid-2029
---ebpf-pid----5705----pid-1
---ebpf-pid----2029----pid-1
---ebpf-pid----5705----pid-5705
---ebpf-pid----2029----pid-2029
---ebpf-pid----5705----pid-5476
---ebpf-pid----2029----pid-1
---ebpf-pid----2029----pid-2029
---ebpf-pid----5705----pid-1
---ebpf-pid----5705----pid-5705
---ebpf-pid----2029----pid-1
---ebpf-pid----2029----pid-2029
---ebpf-pid----5705----pid-5476
---ebpf-pid----5705----pid-1
---ebpf-pid----5705----pid-5705
---ebpf-pid----5705----pid-5476
---ebpf-pid----2029----pid-1
---ebpf-pid----2029----pid-2029
---ebpf-pid----5705----pid-1
---ebpf-pid----5705----pid-5705
---ebpf-pid----2029----pid-1
---ebpf-pid----2029----pid-2029
---ebpf-pid----5705----pid-5476
---ebpf-pid----2029----pid-1
---ebpf-pid----2029----pid-2029
---ebpf-pid----5705----pid-1
---ebpf-pid----5705----pid-5705
---ebpf-pid----2029----pid-1
---ebpf-pid----2029----pid-2029
---ebpf-pid----2089----pid-1
---ebpf-pid----2089----pid-2089
---ebpf-pid----2029----pid-1
---ebpf-pid----2029----pid-2029
---ebpf-pid----2089----pid-1
---ebpf-pid----2089----pid-2089
---ebpf-pid----2029----pid-1
---ebpf-pid----2089----pid-1
---ebpf-pid----2029----pid-2029
---ebpf-pid----2089----pid-2089
---ebpf-pid----2029----pid-1
---ebpf-pid----2029----pid-2029
---ebpf-pid----2089----pid-1
---ebpf-pid----2089----pid-2089
---ebpf-pid----2029----pid-1
---ebpf-pid----2029----pid-2029
---ebpf-pid----2089----pid-1
---ebpf-pid----2089----pid-2089
---ebpf-pid----2029----pid-1
---ebpf-pid----2089----pid-1
---ebpf-pid----2089----pid-2089
---ebpf-pid----2029----pid-2029
---ebpf-pid----2089----pid-1
---ebpf-pid----2089----pid-2089
---ebpf-pid----2029----pid-1
---ebpf-pid----2029----pid-2029
---ebpf-pid----2089----pid-1
---ebpf-pid----2089----pid-2089
---ebpf-pid----2089----pid-1
---ebpf-pid----2089----pid-2089
---ebpf-pid----2089----pid-1
---ebpf-pid----2029----pid-1
---ebpf-pid----2089----pid-2089
---ebpf-pid----2029----pid-2029
---ebpf-pid----5705----pid-1
---ebpf-pid----2089----pid-1
---ebpf-pid----5707----pid-5707
---ebpf-pid----2089----pid-2089
---ebpf-pid----2029----pid-1
---ebpf-pid----2029----pid-2029
---ebpf-pid----2089----pid-1
---ebpf-pid----5707----pid-5476
---ebpf-pid----2089----pid-2089
---ebpf-pid----2029----pid-1
---ebpf-pid----2029----pid-2029
---ebpf-pid----5707----pid-1
---ebpf-pid----2089----pid-1
---ebpf-pid----5707----pid-5707
---ebpf-pid----2089----pid-2089
---ebpf-pid----2089----pid-1
---ebpf-pid----5707----pid-5476
---ebpf-pid----2029----pid-1
---ebpf-pid----2089----pid-2089
---ebpf-pid----2029----pid-2029
---ebpf-pid----5707----pid-1
---ebpf-pid----2089----pid-1
---ebpf-pid----2088----pid-2088
---ebpf-pid----2029----pid-1
---ebpf-pid----2089----pid-2089
---ebpf-pid----2029----pid-2029
---ebpf-pid----2088----pid-1
---ebpf-pid----2089----pid-1
---ebpf-pid----2088----pid-2088
---ebpf-pid----2029----pid-1
---ebpf-pid----2029----pid-2029
---ebpf-pid----2088----pid-1
---ebpf-pid----6671----pid-6671
---ebpf-pid----2029----pid-1
---ebpf-pid----2029----pid-2029
---ebpf-pid----6671----pid-5476
---ebpf-pid----2029----pid-1
---ebpf-pid----6671----pid-1
---ebpf-pid----2029----pid-2029
---ebpf-pid----6671----pid-6671
---ebpf-pid----2029----pid-1
---ebpf-pid----6671----pid-5476
---ebpf-pid----2029----pid-2029
---ebpf-pid----6671----pid-1
---ebpf-pid----2029----pid-1
---ebpf-pid----2088----pid-2088
---ebpf-pid----2029----pid-2029
---ebpf-pid----2088----pid-1
---ebpf-pid----2029----pid-1
---ebpf-pid----5707----pid-5707
---ebpf-pid----2029----pid-2029
---ebpf-pid----5707----pid-5476
---ebpf-pid----2029----pid-1
---ebpf-pid----2029----pid-2029
---ebpf-pid----5707----pid-1
---ebpf-pid----5707----pid-5707
---ebpf-pid----2029----pid-1
---ebpf-pid----2089----pid-2089
---ebpf-pid----5707----pid-5476
---ebpf-pid----2089----pid-2089
---ebpf-pid----2089----pid-1
---ebpf-pid----2089----pid-2089
---ebpf-pid----5707----pid-1
---ebpf-pid----5707----pid-5707
---ebpf-pid----2089----pid-1
---ebpf-pid----2089----pid-1
---ebpf-pid----2089----pid-2089
---ebpf-pid----2089----pid-2089
---ebpf-pid----5707----pid-5476
---ebpf-pid----2089----pid-1
---ebpf-pid----2089----pid-1
---ebpf-pid----2089----pid-2089
---ebpf-pid----5707----pid-1
---ebpf-pid----2089----pid-2089
---ebpf-pid----6671----pid-6671
---ebpf-pid----2089----pid-1
---ebpf-pid----2089----pid-1
---ebpf-pid----2089----pid-2089
---ebpf-pid----6671----pid-5476
---ebpf-pid----2089----pid-2089
---ebpf-pid----6671----pid-1
---ebpf-pid----2089----pid-1
---ebpf-pid----2089----pid-1
---ebpf-pid----2089----pid-2089
---ebpf-pid----6671----pid-6671
---ebpf-pid----2089----pid-2089
---ebpf-pid----2089----pid-1
---ebpf-pid----6671----pid-5476
---ebpf-pid----2089----pid-2089
---ebpf-pid----2089----pid-1
---ebpf-pid----2089----pid-2089
---ebpf-pid----6671----pid-1
---ebpf-pid----2089----pid-1
---ebpf-pid----2089----pid-2089
---ebpf-pid----6671----pid-6671
---ebpf-pid----2089----pid-1
---ebpf-pid----2089----pid-1
---ebpf-pid----2089----pid-2089
---ebpf-pid----2089----pid-1
---ebpf-pid----2089----pid-2089
---ebpf-pid----2089----pid-2089
---ebpf-pid----2089----pid-1
---ebpf-pid----2089----pid-2089
---ebpf-pid----2089----pid-1
---ebpf-pid----2089----pid-2089
---ebpf-pid----2089----pid-1
---ebpf-pid----2089----pid-2089
---ebpf-pid----6671----pid-5476
---ebpf-pid----2089----pid-1
---ebpf-pid----2089----pid-2089
---ebpf-pid----2089----pid-1
---ebpf-pid----6671----pid-1
---ebpf-pid----2089----pid-2089
---ebpf-pid----6671----pid-6671
---ebpf-pid----2089----pid-1
---ebpf-pid----2089----pid-2089
---ebpf-pid----2089----pid-1
---ebpf-pid----6671----pid-5476
---ebpf-pid----372881----pid-372881
---ebpf-pid----2089----pid-1
---ebpf-pid----6671----pid-1
---ebpf-pid----2089----pid-2089
---ebpf-pid----372881----pid-1
---ebpf-pid----6671----pid-6671
---ebpf-pid----372881----pid-372881
---ebpf-pid----2089----pid-1
---ebpf-pid----6671----pid-5476
---ebpf-pid----2089----pid-2089
---ebpf-pid----372881----pid-1
---ebpf-pid----2089----pid-1
---ebpf-pid----6671----pid-1
---ebpf-pid----372881----pid-372881
---ebpf-pid----2089----pid-2089
---ebpf-pid----6671----pid-6671
---ebpf-pid----372881----pid-1
---ebpf-pid----2089----pid-1
---ebpf-pid----6671----pid-5476
---ebpf-pid----372881----pid-372881
---ebpf-pid----2089----pid-2089
---ebpf-pid----6671----pid-1
---ebpf-pid----372881----pid-1
---ebpf-pid----6671----pid-6671
---ebpf-pid----2089----pid-1
---ebpf-pid----372881----pid-372881
---ebpf-pid----2089----pid-2089
---ebpf-pid----6671----pid-5476
---ebpf-pid----372881----pid-1
---ebpf-pid----2089----pid-1
---ebpf-pid----372881----pid-372881
---ebpf-pid----2089----pid-2089
---ebpf-pid----6671----pid-1
---ebpf-pid----6671----pid-6671
---ebpf-pid----372881----pid-1
---ebpf-pid----2089----pid-1
---ebpf-pid----372881----pid-372881
---ebpf-pid----2089----pid-2089
---ebpf-pid----6671----pid-5476
---ebpf-pid----372881----pid-1
---ebpf-pid----2089----pid-1
---ebpf-pid----6671----pid-1
---ebpf-pid----372881----pid-372881
---ebpf-pid----2089----pid-2089
---ebpf-pid----6671----pid-6671
---ebpf-pid----372881----pid-1
---ebpf-pid----372881----pid-372881
---ebpf-pid----6671----pid-5476
---ebpf-pid----2089----pid-1
---ebpf-pid----2089----pid-2089
---ebpf-pid----372881----pid-1
---ebpf-pid----6671----pid-1
---ebpf-pid----372881----pid-372881
---ebpf-pid----6671----pid-6671
---ebpf-pid----6671----pid-5476
---ebpf-pid----2089----pid-1
---ebpf-pid----2089----pid-2089
---ebpf-pid----2089----pid-1
---ebpf-pid----2089----pid-2089
---ebpf-pid----2089----pid-1
---ebpf-pid----2089----pid-2089
---ebpf-pid----2089----pid-1
---ebpf-pid----2089----pid-2089
---ebpf-pid----2089----pid-1
---ebpf-pid----2089----pid-2089
---ebpf-pid----2089----pid-1
---ebpf-pid----2089----pid-2089
---ebpf-pid----2089----pid-1
---ebpf-pid----2089----pid-2089
---ebpf-pid----2089----pid-1
---ebpf-pid----2089----pid-2089
---ebpf-pid----2089----pid-1
---ebpf-pid----2089----pid-2089
---ebpf-pid----5705----pid-5476
---ebpf-pid----2089----pid-1
---ebpf-pid----5705----pid-1
---ebpf-pid----2089----pid-2089
---ebpf-pid----5705----pid-5705
---ebpf-pid----2089----pid-1
---ebpf-pid----5705----pid-5476
---ebpf-pid----2089----pid-2089
---ebpf-pid----5705----pid-1
---ebpf-pid----2089----pid-1
---ebpf-pid----5705----pid-5705
---ebpf-pid----2089----pid-2089
---ebpf-pid----5705----pid-5476
---ebpf-pid----2089----pid-1
---ebpf-pid----5705----pid-1
---ebpf-pid----2089----pid-2089
---ebpf-pid----5705----pid-5705
---ebpf-pid----2089----pid-1
---ebpf-pid----5705----pid-5476
---ebpf-pid----2089----pid-2089
---ebpf-pid----5705----pid-1
---ebpf-pid----5705----pid-5705
---ebpf-pid----5705----pid-5476
---ebpf-pid----2089----pid-1
---ebpf-pid----6671----pid-1
---ebpf-pid----2089----pid-2089
---ebpf-pid----448546----pid-448546
---ebpf-pid----2089----pid-1
---ebpf-pid----2089----pid-2089
---ebpf-pid----448546----pid-1
---ebpf-pid----448546----pid-448546
---ebpf-pid----2089----pid-1
---ebpf-pid----2089----pid-2089
---ebpf-pid----448546----pid-1
---ebpf-pid----6671----pid-6671
---ebpf-pid----2089----pid-1
---ebpf-pid----2089----pid-2089
---ebpf-pid----6671----pid-5476
---ebpf-pid----2089----pid-1
---ebpf-pid----2089----pid-2089
---ebpf-pid----6671----pid-1
---ebpf-pid----6671----pid-6671
---ebpf-pid----2089----pid-1
---ebpf-pid----2089----pid-2089
---ebpf-pid----6671----pid-5476
---ebpf-pid----2089----pid-1
---ebpf-pid----6671----pid-1
---ebpf-pid----2089----pid-2089
---ebpf-pid----6671----pid-6671
---ebpf-pid----2089----pid-1
---ebpf-pid----2089----pid-2089
---ebpf-pid----6671----pid-5476
---ebpf-pid----2089----pid-1
---ebpf-pid----2089----pid-2089
---ebpf-pid----372881----pid-1
---ebpf-pid----2089----pid-1
---ebpf-pid----2089----pid-2089
---ebpf-pid----372881----pid-372881
---ebpf-pid----2089----pid-1
---ebpf-pid----2094----pid-2094
---ebpf-pid----2094----pid-1
---ebpf-pid----2094----pid-2094
---ebpf-pid----2094----pid-1
---ebpf-pid----372881----pid-1
---ebpf-pid----2094----pid-2094
---ebpf-pid----2094----pid-1
---ebpf-pid----5705----pid-5705
---ebpf-pid----2094----pid-2094
---ebpf-pid----2094----pid-1
---ebpf-pid----2094----pid-2094
---ebpf-pid----2094----pid-1
---ebpf-pid----2094----pid-2094
---ebpf-pid----5705----pid-5476
---ebpf-pid----2094----pid-1
---ebpf-pid----2094----pid-2094
---ebpf-pid----5705----pid-1
---ebpf-pid----5705----pid-5705
---ebpf-pid----2094----pid-1
---ebpf-pid----2094----pid-2094
---ebpf-pid----6671----pid-1
---ebpf-pid----6671----pid-6671
---ebpf-pid----5705----pid-1
---ebpf-pid----5705----pid-5476
---ebpf-pid----5705----pid-5705
---ebpf-pid----6671----pid-5476
---ebpf-pid----5705----pid-1
---ebpf-pid----5705----pid-5476
---ebpf-pid----6671----pid-1
---ebpf-pid----5705----pid-5705
---ebpf-pid----6671----pid-6671
---ebpf-pid----5705----pid-1
---ebpf-pid----5705----pid-5476
---ebpf-pid----5705----pid-5705
---ebpf-pid----6671----pid-5476
---ebpf-pid----5705----pid-5476
---ebpf-pid----5705----pid-1
---ebpf-pid----5705----pid-5705
---ebpf-pid----5705----pid-1
---ebpf-pid----6671----pid-1
---ebpf-pid----5705----pid-5705
---ebpf-pid----6671----pid-6671
---ebpf-pid----5705----pid-5476
---ebpf-pid----5705----pid-5476
---ebpf-pid----6671----pid-5476
---ebpf-pid----5705----pid-1
---ebpf-pid----6671----pid-1
---ebpf-pid----5705----pid-5705
---ebpf-pid----6671----pid-6671
---ebpf-pid----5705----pid-5476
---ebpf-pid----6671----pid-5476
---ebpf-pid----5705----pid-1
---ebpf-pid----2094----pid-1
---ebpf-pid----6671----pid-1
---ebpf-pid----5705----pid-5705
---ebpf-pid----2094----pid-2094
---ebpf-pid----6671----pid-6671
---ebpf-pid----5705----pid-5476
---ebpf-pid----6671----pid-5476
---ebpf-pid----5705----pid-1
---ebpf-pid----5705----pid-5705
---ebpf-pid----2094----pid-1
---ebpf-pid----6671----pid-1
---ebpf-pid----6671----pid-6671
---ebpf-pid----5705----pid-5476
---ebpf-pid----2094----pid-2094
---ebpf-pid----6671----pid-5476
---ebpf-pid----5705----pid-1
---ebpf-pid----5705----pid-5705
---ebpf-pid----6671----pid-1
---ebpf-pid----2094----pid-1
---ebpf-pid----6671----pid-6671
---ebpf-pid----5705----pid-5476
---ebpf-pid----5705----pid-1
---ebpf-pid----5705----pid-5705
---ebpf-pid----6671----pid-5476
---ebpf-pid----5705----pid-1
---ebpf-pid----5705----pid-5705
---ebpf-pid----6671----pid-1
---ebpf-pid----5705----pid-5476
---ebpf-pid----6671----pid-6671
---ebpf-pid----5705----pid-5476
---ebpf-pid----5705----pid-1
---ebpf-pid----5705----pid-1
---ebpf-pid----5705----pid-5705
---ebpf-pid----5705----pid-5705
---ebpf-pid----6671----pid-5476
---ebpf-pid----5705----pid-5476
---ebpf-pid----6671----pid-1
---ebpf-pid----6671----pid-6671
---ebpf-pid----5705----pid-1
---ebpf-pid----2094----pid-2094
---ebpf-pid----5705----pid-5705
---ebpf-pid----6671----pid-5476
---ebpf-pid----5705----pid-5476
---ebpf-pid----6671----pid-1
---ebpf-pid----6671----pid-6671
---ebpf-pid----5705----pid-1
---ebpf-pid----5705----pid-5705
---ebpf-pid----6671----pid-5476
---ebpf-pid----5705----pid-5476
---ebpf-pid----6671----pid-1
---ebpf-pid----6671----pid-6671
---ebpf-pid----5705----pid-1
---ebpf-pid----5705----pid-5705
---ebpf-pid----6671----pid-5476
---ebpf-pid----2094----pid-1
---ebpf-pid----2094----pid-2094
---ebpf-pid----2094----pid-1
---ebpf-pid----2094----pid-2094
---ebpf-pid----5705----pid-5476
---ebpf-pid----2094----pid-1
---ebpf-pid----2094----pid-2094
---ebpf-pid----2094----pid-1
---ebpf-pid----5705----pid-1
---ebpf-pid----5705----pid-5476
---ebpf-pid----5705----pid-5705
---ebpf-pid----5705----pid-1
---ebpf-pid----5705----pid-5705
---ebpf-pid----5705----pid-5476
---ebpf-pid----6671----pid-1
---ebpf-pid----5705----pid-1
---ebpf-pid----6671----pid-6671
---ebpf-pid----5705----pid-5705
---ebpf-pid----5705----pid-5476
---ebpf-pid----6671----pid-5476
---ebpf-pid----5705----pid-1
---ebpf-pid----6671----pid-1
---ebpf-pid----5705----pid-5705
---ebpf-pid----6671----pid-6671
---ebpf-pid----5705----pid-5476
---ebpf-pid----6671----pid-5476
---ebpf-pid----5705----pid-1
---ebpf-pid----6671----pid-1
---ebpf-pid----5705----pid-5705
---ebpf-pid----6671----pid-6671
---ebpf-pid----5705----pid-5476
---ebpf-pid----6671----pid-5476
---ebpf-pid----6671----pid-1
---ebpf-pid----6671----pid-6671
---ebpf-pid----5705----pid-5476
---ebpf-pid----5705----pid-1
---ebpf-pid----2094----pid-2094
---ebpf-pid----372881----pid-372881
---ebpf-pid----2094----pid-1
---ebpf-pid----2094----pid-2094
---ebpf-pid----372881----pid-1
---ebpf-pid----372881----pid-372881
---ebpf-pid----2094----pid-1
---ebpf-pid----2094----pid-2094
---ebpf-pid----372881----pid-1
---ebpf-pid----372881----pid-372881
---ebpf-pid----372881----pid-1
---ebpf-pid----372881----pid-372881
---ebpf-pid----372881----pid-1
---ebpf-pid----2094----pid-1
---ebpf-pid----372881----pid-372881
---ebpf-pid----5705----pid-1
---ebpf-pid----372881----pid-1
---ebpf-pid----2094----pid-2094
---ebpf-pid----372881----pid-372881
---ebpf-pid----2029----pid-2029
---ebpf-pid----372881----pid-1
---ebpf-pid----372881----pid-372881
---ebpf-pid----372881----pid-1
---ebpf-pid----6671----pid-5476
---ebpf-pid----372881----pid-372881
---ebpf-pid----6671----pid-1
---ebpf-pid----372881----pid-1
---ebpf-pid----6671----pid-6671
---ebpf-pid----2029----pid-2029
---ebpf-pid----2029----pid-1
---ebpf-pid----2029----pid-2029
---ebpf-pid----2029----pid-1
---ebpf-pid----2029----pid-1
---ebpf-pid----2029----pid-2029
---ebpf-pid----2029----pid-2029
---ebpf-pid----2029----pid-1
---ebpf-pid----2029----pid-1
---ebpf-pid----372881----pid-372881
---ebpf-pid----2029----pid-2029
---ebpf-pid----372881----pid-1
---ebpf-pid----2029----pid-1
---ebpf-pid----372881----pid-372881
---ebpf-pid----2029----pid-2029
---ebpf-pid----372881----pid-1
---ebpf-pid----372881----pid-372881
---ebpf-pid----2029----pid-1
---ebpf-pid----2029----pid-2029
---ebpf-pid----372881----pid-1
---ebpf-pid----372881----pid-372881
---ebpf-pid----2029----pid-1
---ebpf-pid----2029----pid-2029
---ebpf-pid----372881----pid-1
---ebpf-pid----372881----pid-372881
---ebpf-pid----2029----pid-1
---ebpf-pid----372881----pid-1
---ebpf-pid----372881----pid-372881
---ebpf-pid----372881----pid-1
---ebpf-pid----372881----pid-372881
---ebpf-pid----2094----pid-1
---ebpf-pid----372881----pid-1
---ebpf-pid----372881----pid-372881
---ebpf-pid----2094----pid-2094
---ebpf-pid----372881----pid-1
---ebpf-pid----372881----pid-372881
---ebpf-pid----372881----pid-1
---ebpf-pid----2094----pid-1
---ebpf-pid----372881----pid-372881
---ebpf-pid----6671----pid-5476
---ebpf-pid----372881----pid-1
---ebpf-pid----372881----pid-372881
---ebpf-pid----2094----pid-2094
---ebpf-pid----372881----pid-1
---ebpf-pid----372881----pid-372881
---ebpf-pid----372881----pid-1
---ebpf-pid----372881----pid-372881
---ebpf-pid----6671----pid-1
---ebpf-pid----372881----pid-1
---ebpf-pid----372881----pid-372881
---ebpf-pid----372881----pid-1
---ebpf-pid----372881----pid-372881
---ebpf-pid----6671----pid-6671
---ebpf-pid----2094----pid-1
---ebpf-pid----372881----pid-1
---ebpf-pid----372881----pid-372881
---ebpf-pid----372881----pid-1
---ebpf-pid----372881----pid-372881
---ebpf-pid----2094----pid-2094
---ebpf-pid----372881----pid-1
---ebpf-pid----372881----pid-372881
---ebpf-pid----6671----pid-5476
---ebpf-pid----6671----pid-1
---ebpf-pid----6671----pid-6671
---ebpf-pid----6671----pid-5476
---ebpf-pid----372881----pid-1
---ebpf-pid----372881----pid-372881
---ebpf-pid----6671----pid-1
---ebpf-pid----6671----pid-6671
---ebpf-pid----372881----pid-1
---ebpf-pid----372881----pid-372881
---ebpf-pid----6671----pid-5476
---ebpf-pid----372881----pid-1
---ebpf-pid----6671----pid-1
---ebpf-pid----372881----pid-372881
---ebpf-pid----6671----pid-6671
---ebpf-pid----372881----pid-1
---ebpf-pid----6671----pid-5476
---ebpf-pid----6671----pid-1
---ebpf-pid----5705----pid-5705
---ebpf-pid----2094----pid-1
---ebpf-pid----2029----pid-2029
---ebpf-pid----2094----pid-2094
---ebpf-pid----2094----pid-1
---ebpf-pid----2094----pid-2094
---ebpf-pid----2094----pid-1
---ebpf-pid----2094----pid-2094
---ebpf-pid----2094----pid-1
---ebpf-pid----2094----pid-2094
---ebpf-pid----2094----pid-1
---ebpf-pid----2094----pid-2094
---ebpf-pid----2094----pid-1
---ebpf-pid----2029----pid-2029
---ebpf-pid----2094----pid-2094
---ebpf-pid----2094----pid-1
---ebpf-pid----2029----pid-1
---ebpf-pid----2094----pid-2094
---ebpf-pid----2029----pid-2029
---ebpf-pid----2094----pid-1
---ebpf-pid----2029----pid-1
---ebpf-pid----2094----pid-2094
---ebpf-pid----2029----pid-2029
---ebpf-pid----2094----pid-1
---ebpf-pid----2029----pid-1
---ebpf-pid----2094----pid-2094
---ebpf-pid----2029----pid-2029
---ebpf-pid----2094----pid-1
---ebpf-pid----2029----pid-1
---ebpf-pid----2094----pid-2094
---ebpf-pid----2029----pid-2029
---ebpf-pid----2094----pid-1
---ebpf-pid----2029----pid-1
---ebpf-pid----2094----pid-2094
---ebpf-pid----2029----pid-2029
---ebpf-pid----2094----pid-1
---ebpf-pid----2029----pid-1
---ebpf-pid----2094----pid-2094
---ebpf-pid----2029----pid-2029
---ebpf-pid----2029----pid-1
---ebpf-pid----2094----pid-1
---ebpf-pid----2094----pid-2094
---ebpf-pid----2094----pid-1
---ebpf-pid----2094----pid-2094
---ebpf-pid----2094----pid-1
---ebpf-pid----2094----pid-2094
---ebpf-pid----2094----pid-1
---ebpf-pid----2094----pid-2094
---ebpf-pid----2094----pid-1
---ebpf-pid----2094----pid-2094
---ebpf-pid----2094----pid-1
---ebpf-pid----2094----pid-2094
---ebpf-pid----2094----pid-1
---ebpf-pid----2094----pid-2094
---ebpf-pid----2029----pid-2029
---ebpf-pid----2094----pid-1
---ebpf-pid----379067----pid-379067
---ebpf-pid----2029----pid-1
---ebpf-pid----2029----pid-2029
---ebpf-pid----379067----pid-5476
---ebpf-pid----2029----pid-1
---ebpf-pid----379067----pid-1
---ebpf-pid----2029----pid-2029
---ebpf-pid----379067----pid-379067
---ebpf-pid----2029----pid-1
---ebpf-pid----2029----pid-2029
---ebpf-pid----379067----pid-5476
---ebpf-pid----379067----pid-1
---ebpf-pid----2029----pid-1
---ebpf-pid----379067----pid-379067
---ebpf-pid----2029----pid-2029
---ebpf-pid----2029----pid-1
---ebpf-pid----379067----pid-5476
---ebpf-pid----2029----pid-2029
---ebpf-pid----2029----pid-1
---ebpf-pid----2029----pid-2029
---ebpf-pid----2029----pid-1
---ebpf-pid----2029----pid-2029
---ebpf-pid----2029----pid-1
---ebpf-pid----2029----pid-1
---ebpf-pid----2029----pid-2029
---ebpf-pid----2029----pid-2029
---ebpf-pid----2029----pid-1
---ebpf-pid----2029----pid-1
---ebpf-pid----2029----pid-2029
---ebpf-pid----2029----pid-2029
---ebpf-pid----2029----pid-1
---ebpf-pid----2029----pid-1
---ebpf-pid----372881----pid-372881
---ebpf-pid----2029----pid-2029
---ebpf-pid----372881----pid-1
---ebpf-pid----2029----pid-1
---ebpf-pid----2029----pid-2029
---ebpf-pid----372881----pid-372881
---ebpf-pid----2029----pid-1
---ebpf-pid----372881----pid-1
---ebpf-pid----372881----pid-372881
---ebpf-pid----372881----pid-1
---ebpf-pid----372881----pid-372881
---ebpf-pid----372881----pid-1
---ebpf-pid----372881----pid-372881
---ebpf-pid----372881----pid-1
---ebpf-pid----372881----pid-372881
---ebpf-pid----372881----pid-1
---ebpf-pid----372881----pid-372881
---ebpf-pid----372881----pid-1
---ebpf-pid----372881----pid-372881
---ebpf-pid----372881----pid-1
---ebpf-pid----372881----pid-372881
---ebpf-pid----5705----pid-5476
---ebpf-pid----372881----pid-1
---ebpf-pid----372881----pid-372881
---ebpf-pid----5705----pid-1
---ebpf-pid----5705----pid-5705
---ebpf-pid----372881----pid-1
---ebpf-pid----372881----pid-372881
---ebpf-pid----372881----pid-1
---ebpf-pid----372881----pid-372881
---ebpf-pid----372881----pid-1
---ebpf-pid----372881----pid-372881
---ebpf-pid----372881----pid-1
---ebpf-pid----372881----pid-372881
---ebpf-pid----372881----pid-1
---ebpf-pid----372881----pid-372881
---ebpf-pid----372881----pid-1
---ebpf-pid----372881----pid-372881
---ebpf-pid----372881----pid-1
---ebpf-pid----372881----pid-372881
---ebpf-pid----5705----pid-5476
---ebpf-pid----372881----pid-1
---ebpf-pid----372881----pid-372881
---ebpf-pid----5705----pid-1
---ebpf-pid----5705----pid-5705
---ebpf-pid----372881----pid-1
---ebpf-pid----372881----pid-372881
---ebpf-pid----5705----pid-5476
---ebpf-pid----372881----pid-1
---ebpf-pid----5705----pid-1
---ebpf-pid----2089----pid-2089
---ebpf-pid----5705----pid-5705
---ebpf-pid----5705----pid-5476
---ebpf-pid----379067----pid-1
---ebpf-pid----379067----pid-379067
---ebpf-pid----379067----pid-5476
---ebpf-pid----379067----pid-1
---ebpf-pid----379067----pid-379067
---ebpf-pid----2089----pid-1
---ebpf-pid----2089----pid-2089
---ebpf-pid----2089----pid-1
---ebpf-pid----2089----pid-2089
---ebpf-pid----379067----pid-5476
---ebpf-pid----2089----pid-1
---ebpf-pid----379067----pid-1
---ebpf-pid----2089----pid-2089
---ebpf-pid----379067----pid-379067
---ebpf-pid----2089----pid-1
---ebpf-pid----379067----pid-5476
---ebpf-pid----2089----pid-2089
---ebpf-pid----379067----pid-1
---ebpf-pid----2089----pid-1
---ebpf-pid----379067----pid-379067
---ebpf-pid----5705----pid-1
---ebpf-pid----2089----pid-2089
---ebpf-pid----5705----pid-5705
---ebpf-pid----379067----pid-5476
---ebpf-pid----2089----pid-1
---ebpf-pid----5705----pid-5476
---ebpf-pid----2089----pid-2089
---ebpf-pid----379067----pid-1
---ebpf-pid----5705----pid-1
---ebpf-pid----379067----pid-379067
---ebpf-pid----2089----pid-1
---ebpf-pid----5705----pid-5705
---ebpf-pid----2089----pid-2089
---ebpf-pid----379067----pid-5476
---ebpf-pid----5705----pid-5476
---ebpf-pid----2089----pid-1
---ebpf-pid----2089----pid-2089
---ebpf-pid----379067----pid-1
---ebpf-pid----5705----pid-1
---ebpf-pid----379067----pid-379067
---ebpf-pid----5705----pid-5705
---ebpf-pid----2089----pid-1
---ebpf-pid----2089----pid-2089
---ebpf-pid----379067----pid-5476
---ebpf-pid----5705----pid-5476
---ebpf-pid----2089----pid-1
---ebpf-pid----379067----pid-1
---ebpf-pid----5705----pid-1
---ebpf-pid----5705----pid-5705
---ebpf-pid----2089----pid-2089
---ebpf-pid----5705----pid-5476
---ebpf-pid----2089----pid-1
---ebpf-pid----5705----pid-1
---ebpf-pid----5705----pid-5705
---ebpf-pid----2089----pid-2089
---ebpf-pid----5705----pid-5476
---ebpf-pid----379067----pid-379067
---ebpf-pid----379067----pid-5476
---ebpf-pid----379067----pid-1
---ebpf-pid----379067----pid-379067
---ebpf-pid----5705----pid-1
---ebpf-pid----379067----pid-5476
---ebpf-pid----2089----pid-1
---ebpf-pid----5705----pid-5705
---ebpf-pid----379067----pid-1
---ebpf-pid----379067----pid-379067
---ebpf-pid----2089----pid-2089
---ebpf-pid----379067----pid-5476
---ebpf-pid----2089----pid-1
---ebpf-pid----379067----pid-1
---ebpf-pid----2089----pid-2089
---ebpf-pid----379067----pid-379067
---ebpf-pid----2089----pid-1
---ebpf-pid----379067----pid-5476
---ebpf-pid----2089----pid-2089
---ebpf-pid----379067----pid-1
---ebpf-pid----2089----pid-1
---ebpf-pid----379067----pid-379067
---ebpf-pid----2089----pid-2089
---ebpf-pid----379067----pid-5476
---ebpf-pid----2089----pid-1
---ebpf-pid----2089----pid-2089
---ebpf-pid----379067----pid-1
---ebpf-pid----379067----pid-379067
---ebpf-pid----379067----pid-5476
---ebpf-pid----5705----pid-5476
---ebpf-pid----379067----pid-1
---ebpf-pid----379067----pid-379067
---ebpf-pid----5705----pid-1
---ebpf-pid----5705----pid-5705
---ebpf-pid----379067----pid-5476
---ebpf-pid----5705----pid-5476
---ebpf-pid----379067----pid-1
---ebpf-pid----379067----pid-379067
---ebpf-pid----5705----pid-1
---ebpf-pid----5705----pid-5705
---ebpf-pid----379067----pid-5476
---ebpf-pid----5705----pid-5476
---ebpf-pid----379067----pid-1
---ebpf-pid----379067----pid-379067
---ebpf-pid----5705----pid-1
---ebpf-pid----5705----pid-5705
---ebpf-pid----379067----pid-5476
---ebpf-pid----5705----pid-5476
---ebpf-pid----379067----pid-1
---ebpf-pid----379067----pid-379067
---ebpf-pid----5705----pid-1
---ebpf-pid----5705----pid-5705
---ebpf-pid----2089----pid-1
---ebpf-pid----2089----pid-2089
---ebpf-pid----5705----pid-5476
---ebpf-pid----2089----pid-1
---ebpf-pid----2089----pid-2089
---ebpf-pid----5705----pid-1
---ebpf-pid----448784----pid-448784
---ebpf-pid----2089----pid-1
---ebpf-pid----2089----pid-2089
---ebpf-pid----448784----pid-448520
---ebpf-pid----2089----pid-1
---ebpf-pid----2089----pid-2089
---ebpf-pid----2089----pid-1
---ebpf-pid----448784----pid-1
---ebpf-pid----2089----pid-2089
---ebpf-pid----448784----pid-448784
---ebpf-pid----379067----pid-5476
---ebpf-pid----2089----pid-1
---ebpf-pid----2089----pid-2089
---ebpf-pid----448784----pid-448520
---ebpf-pid----2089----pid-1
---ebpf-pid----379067----pid-1
---ebpf-pid----2089----pid-2089
---ebpf-pid----379067----pid-379067
---ebpf-pid----2089----pid-1
---ebpf-pid----448784----pid-1
---ebpf-pid----2089----pid-2089
---ebpf-pid----5705----pid-5705
---ebpf-pid----379067----pid-5476
---ebpf-pid----2089----pid-1
---ebpf-pid----2089----pid-2089
---ebpf-pid----5705----pid-5476
---ebpf-pid----2089----pid-1
---ebpf-pid----379067----pid-1
---ebpf-pid----2089----pid-2089
---ebpf-pid----379067----pid-379067
---ebpf-pid----2089----pid-1
---ebpf-pid----5705----pid-1
---ebpf-pid----2089----pid-2089
---ebpf-pid----5705----pid-5705
---ebpf-pid----2089----pid-1
---ebpf-pid----2089----pid-2089
---ebpf-pid----379067----pid-5476
---ebpf-pid----5705----pid-5476
---ebpf-pid----2089----pid-1
---ebpf-pid----379067----pid-1
---ebpf-pid----5705----pid-1
---ebpf-pid----2089----pid-2089
---ebpf-pid----379067----pid-379067
---ebpf-pid----5705----pid-5705
---ebpf-pid----2089----pid-1
---ebpf-pid----379067----pid-5476
---ebpf-pid----5705----pid-5476
---ebpf-pid----2089----pid-2089
---ebpf-pid----5705----pid-1
---ebpf-pid----379067----pid-1
---ebpf-pid----2089----pid-1
---ebpf-pid----379067----pid-379067
---ebpf-pid----2089----pid-2089
---ebpf-pid----5705----pid-5705
---ebpf-pid----2089----pid-1
---ebpf-pid----5705----pid-5476
---ebpf-pid----2089----pid-2089
---ebpf-pid----379067----pid-5476
---ebpf-pid----5705----pid-1
---ebpf-pid----2089----pid-1
---ebpf-pid----379067----pid-1
---ebpf-pid----5705----pid-5705
---ebpf-pid----2089----pid-2089
---ebpf-pid----379067----pid-379067
---ebpf-pid----2089----pid-1
---ebpf-pid----5705----pid-5476
---ebpf-pid----379067----pid-5476
---ebpf-pid----2089----pid-2089
---ebpf-pid----379067----pid-1
---ebpf-pid----5705----pid-1
---ebpf-pid----2089----pid-1
---ebpf-pid----379067----pid-379067
---ebpf-pid----2089----pid-2089
---ebpf-pid----379067----pid-5476
---ebpf-pid----5705----pid-5705
---ebpf-pid----2089----pid-1
---ebpf-pid----2089----pid-2089
---ebpf-pid----379067----pid-1
---ebpf-pid----5705----pid-5476
---ebpf-pid----379067----pid-379067
---ebpf-pid----2089----pid-1
---ebpf-pid----5705----pid-1
---ebpf-pid----372881----pid-372881
---ebpf-pid----379067----pid-5476
---ebpf-pid----5705----pid-5705
---ebpf-pid----372881----pid-1
---ebpf-pid----5705----pid-5476
---ebpf-pid----379067----pid-1
---ebpf-pid----372881----pid-372881
---ebpf-pid----379067----pid-379067
---ebpf-pid----5705----pid-1
---ebpf-pid----372881----pid-1
---ebpf-pid----5705----pid-5705
---ebpf-pid----379067----pid-5476
---ebpf-pid----372881----pid-372881
---ebpf-pid----5705----pid-5476
---ebpf-pid----379067----pid-1
---ebpf-pid----372881----pid-1
---ebpf-pid----379067----pid-379067
---ebpf-pid----372881----pid-372881
---ebpf-pid----5705----pid-1
---ebpf-pid----5705----pid-5705
---ebpf-pid----379067----pid-5476
---ebpf-pid----372881----pid-1
---ebpf-pid----372881----pid-372881
---ebpf-pid----379067----pid-1
---ebpf-pid----5705----pid-5476
---ebpf-pid----372881----pid-1
---ebpf-pid----5705----pid-1
---ebpf-pid----372881----pid-372881
---ebpf-pid----5705----pid-5705
---ebpf-pid----372881----pid-1
---ebpf-pid----5705----pid-5476
---ebpf-pid----372881----pid-372881
---ebpf-pid----5705----pid-1
---ebpf-pid----372881----pid-1
---ebpf-pid----5705----pid-5705
---ebpf-pid----372881----pid-372881
---ebpf-pid----372881----pid-1
---ebpf-pid----5705----pid-5476
---ebpf-pid----372881----pid-372881
---ebpf-pid----5705----pid-1
---ebpf-pid----372881----pid-1
---ebpf-pid----5705----pid-5705
---ebpf-pid----372881----pid-372881
---ebpf-pid----372881----pid-1
---ebpf-pid----5705----pid-5476
---ebpf-pid----372881----pid-372881
---ebpf-pid----5705----pid-1
---ebpf-pid----372881----pid-1
---ebpf-pid----5705----pid-5705
---ebpf-pid----372881----pid-372881
---ebpf-pid----372881----pid-1
---ebpf-pid----5705----pid-5476
---ebpf-pid----372881----pid-372881
---ebpf-pid----5705----pid-1
---ebpf-pid----372881----pid-1
---ebpf-pid----5705----pid-5705
---ebpf-pid----372881----pid-372881
---ebpf-pid----5705----pid-5476
---ebpf-pid----372881----pid-1
---ebpf-pid----372881----pid-372881
---ebpf-pid----5705----pid-1
---ebpf-pid----372881----pid-1
---ebpf-pid----5705----pid-5705
---ebpf-pid----372881----pid-372881
---ebpf-pid----5705----pid-5476
---ebpf-pid----372881----pid-1
---ebpf-pid----372881----pid-372881
---ebpf-pid----5705----pid-1
---ebpf-pid----5705----pid-5705
---ebpf-pid----372881----pid-1
---ebpf-pid----372881----pid-372881
---ebpf-pid----5705----pid-5476
---ebpf-pid----372881----pid-1
---ebpf-pid----372881----pid-372881
---ebpf-pid----5705----pid-1
---ebpf-pid----5705----pid-5705
---ebpf-pid----372881----pid-1
---ebpf-pid----372881----pid-372881
---ebpf-pid----5705----pid-5476
---ebpf-pid----372881----pid-1
---ebpf-pid----372881----pid-372881
---ebpf-pid----372881----pid-1
---ebpf-pid----2088----pid-2088
---ebpf-pid----2088----pid-1
---ebpf-pid----2088----pid-2088
---ebpf-pid----2088----pid-1
---ebpf-pid----5707----pid-5707
---ebpf-pid----5707----pid-5476
---ebpf-pid----5707----pid-1
---ebpf-pid----5707----pid-5707
---ebpf-pid----5707----pid-5476
---ebpf-pid----5707----pid-1
---ebpf-pid----5707----pid-5707
---ebpf-pid----5707----pid-5476
---ebpf-pid----5707----pid-1
---ebpf-pid----5707----pid-5707
---ebpf-pid----5705----pid-1
---ebpf-pid----5705----pid-5705
---ebpf-pid----5705----pid-5476
---ebpf-pid----5705----pid-1
---ebpf-pid----5705----pid-5705
---ebpf-pid----5705----pid-5476
---ebpf-pid----5705----pid-1
---ebpf-pid----5705----pid-5705
---ebpf-pid----5705----pid-5476
---ebpf-pid----5705----pid-1
---ebpf-pid----5705----pid-5705
---ebpf-pid----5705----pid-5476
---ebpf-pid----5705----pid-1
---ebpf-pid----5705----pid-5705
---ebpf-pid----5705----pid-5476
---ebpf-pid----5705----pid-1
---ebpf-pid----5705----pid-5705
---ebpf-pid----5705----pid-5476
---ebpf-pid----5705----pid-1
---ebpf-pid----5705----pid-5705
---ebpf-pid----5705----pid-5476
---ebpf-pid----5705----pid-1
---ebpf-pid----5705----pid-5705
---ebpf-pid----5705----pid-5476
---ebpf-pid----5705----pid-1
---ebpf-pid----5705----pid-5705
---ebpf-pid----5707----pid-5476
---ebpf-pid----5707----pid-1
---ebpf-pid----5707----pid-5707
---ebpf-pid----5707----pid-5476
---ebpf-pid----5707----pid-1
---ebpf-pid----5707----pid-5707
---ebpf-pid----5707----pid-5476
---ebpf-pid----5705----pid-5476
---ebpf-pid----5707----pid-1
---ebpf-pid----5707----pid-5707
---ebpf-pid----5705----pid-1
---ebpf-pid----6671----pid-6671
---ebpf-pid----5707----pid-5476
---ebpf-pid----6671----pid-5476
---ebpf-pid----5707----pid-1
---ebpf-pid----5707----pid-5707
---ebpf-pid----6671----pid-1
---ebpf-pid----6671----pid-6671
---ebpf-pid----5707----pid-5476
---ebpf-pid----6671----pid-5476
---ebpf-pid----5707----pid-1
---ebpf-pid----372714----pid-372714
---ebpf-pid----372714----pid-5476
---ebpf-pid----372714----pid-1
---ebpf-pid----372714----pid-372714
---ebpf-pid----372714----pid-5476
---ebpf-pid----372714----pid-1
---ebpf-pid----372714----pid-372714
---ebpf-pid----372714----pid-5476
---ebpf-pid----372714----pid-1
---ebpf-pid----6671----pid-1
---ebpf-pid----2029----pid-2029
---ebpf-pid----6671----pid-6671
---ebpf-pid----2029----pid-1
---ebpf-pid----6671----pid-5476
---ebpf-pid----2029----pid-2029
---ebpf-pid----379067----pid-379067
---ebpf-pid----2029----pid-1
---ebpf-pid----2029----pid-2029
---ebpf-pid----379067----pid-5476
---ebpf-pid----2029----pid-1
---ebpf-pid----2029----pid-2029
---ebpf-pid----379067----pid-1
---ebpf-pid----2029----pid-1
---ebpf-pid----379067----pid-379067
---ebpf-pid----2029----pid-2029
---ebpf-pid----379067----pid-5476
---ebpf-pid----2029----pid-1
---ebpf-pid----2029----pid-2029
---ebpf-pid----379067----pid-1
---ebpf-pid----379067----pid-379067
---ebpf-pid----2029----pid-1
---ebpf-pid----2029----pid-2029
---ebpf-pid----379067----pid-5476
---ebpf-pid----2029----pid-1
---ebpf-pid----379067----pid-1
---ebpf-pid----2029----pid-2029
---ebpf-pid----379067----pid-379067
---ebpf-pid----2029----pid-1
---ebpf-pid----2029----pid-2029
---ebpf-pid----2029----pid-1
---ebpf-pid----2029----pid-2029
---ebpf-pid----379067----pid-5476
---ebpf-pid----2029----pid-1
---ebpf-pid----379067----pid-1
---ebpf-pid----2029----pid-2029
---ebpf-pid----379067----pid-379067
---ebpf-pid----2029----pid-1
---ebpf-pid----2029----pid-2029
---ebpf-pid----379067----pid-5476
---ebpf-pid----2029----pid-1
---ebpf-pid----379067----pid-1
---ebpf-pid----2029----pid-2029
---ebpf-pid----379067----pid-379067
---ebpf-pid----2029----pid-1
---ebpf-pid----379067----pid-5476
---ebpf-pid----372714----pid-372714
---ebpf-pid----379067----pid-1
---ebpf-pid----372714----pid-5476
---ebpf-pid----379067----pid-379067
---ebpf-pid----372714----pid-1
---ebpf-pid----379067----pid-5476
---ebpf-pid----372714----pid-372714
---ebpf-pid----379067----pid-1
---ebpf-pid----379067----pid-379067
---ebpf-pid----372714----pid-5476
---ebpf-pid----379067----pid-5476
---ebpf-pid----372714----pid-1
---ebpf-pid----6671----pid-1
---ebpf-pid----379067----pid-1
---ebpf-pid----379067----pid-379067
---ebpf-pid----6671----pid-6671
---ebpf-pid----379067----pid-5476
---ebpf-pid----6671----pid-5476
---ebpf-pid----379067----pid-1
---ebpf-pid----379067----pid-379067
---ebpf-pid----6671----pid-1
---ebpf-pid----6671----pid-6671
---ebpf-pid----379067----pid-5476
---ebpf-pid----2029----pid-2029
---ebpf-pid----6671----pid-5476
---ebpf-pid----379067----pid-1
---ebpf-pid----379067----pid-379067
---ebpf-pid----6671----pid-1
---ebpf-pid----6671----pid-6671
---ebpf-pid----379067----pid-5476
---ebpf-pid----2029----pid-1
---ebpf-pid----379067----pid-1
---ebpf-pid----2029----pid-2029
---ebpf-pid----379067----pid-379067
---ebpf-pid----2029----pid-1
---ebpf-pid----379067----pid-5476
---ebpf-pid----2029----pid-2029
---ebpf-pid----379067----pid-1
---ebpf-pid----2029----pid-1
---ebpf-pid----379067----pid-379067
---ebpf-pid----2029----pid-2029
---ebpf-pid----379067----pid-5476
---ebpf-pid----6671----pid-5476
---ebpf-pid----2029----pid-1
---ebpf-pid----379067----pid-1
---ebpf-pid----2029----pid-2029
---ebpf-pid----379067----pid-379067
---ebpf-pid----2029----pid-1
---ebpf-pid----379067----pid-5476
---ebpf-pid----2029----pid-2029
---ebpf-pid----6671----pid-1
---ebpf-pid----379067----pid-1
---ebpf-pid----2029----pid-1
---ebpf-pid----6671----pid-6671
---ebpf-pid----379067----pid-379067
---ebpf-pid----2029----pid-2029
---ebpf-pid----6671----pid-5476
---ebpf-pid----379067----pid-5476
---ebpf-pid----379067----pid-1
---ebpf-pid----379067----pid-379067
---ebpf-pid----6671----pid-1
---ebpf-pid----6671----pid-6671
---ebpf-pid----379067----pid-5476
---ebpf-pid----6671----pid-5476
---ebpf-pid----6671----pid-1
---ebpf-pid----6671----pid-6671
---ebpf-pid----6671----pid-5476
---ebpf-pid----6671----pid-1
---ebpf-pid----379067----pid-1
---ebpf-pid----379067----pid-379067
---ebpf-pid----379067----pid-379067
---ebpf-pid----379067----pid-5476
---ebpf-pid----379067----pid-5476
---ebpf-pid----379067----pid-1
---ebpf-pid----379067----pid-379067
---ebpf-pid----379067----pid-1
---ebpf-pid----379067----pid-379067
---ebpf-pid----379067----pid-5476
---ebpf-pid----379067----pid-5476
---ebpf-pid----379067----pid-1
---ebpf-pid----379067----pid-379067
---ebpf-pid----379067----pid-1
---ebpf-pid----379067----pid-5476
---ebpf-pid----379067----pid-379067
---ebpf-pid----379067----pid-1
---ebpf-pid----379067----pid-379067
---ebpf-pid----2029----pid-1
---ebpf-pid----379067----pid-5476
---ebpf-pid----2029----pid-2029
---ebpf-pid----379067----pid-5476
---ebpf-pid----379067----pid-1
---ebpf-pid----2029----pid-1
---ebpf-pid----379067----pid-1
---ebpf-pid----379067----pid-379067
---ebpf-pid----2029----pid-2029
---ebpf-pid----379067----pid-379067
---ebpf-pid----2029----pid-1
---ebpf-pid----379067----pid-5476
---ebpf-pid----2029----pid-2029
---ebpf-pid----379067----pid-5476
---ebpf-pid----379067----pid-1
---ebpf-pid----2029----pid-1
---ebpf-pid----379067----pid-379067
---ebpf-pid----379067----pid-1
---ebpf-pid----2029----pid-2029
---ebpf-pid----379067----pid-5476
---ebpf-pid----379067----pid-379067
---ebpf-pid----2029----pid-1
---ebpf-pid----2029----pid-2029
---ebpf-pid----379067----pid-1
---ebpf-pid----379067----pid-379067
---ebpf-pid----379067----pid-5476
---ebpf-pid----2029----pid-1
---ebpf-pid----2029----pid-2029
---ebpf-pid----379067----pid-5476
---ebpf-pid----379067----pid-1
---ebpf-pid----379067----pid-1
---ebpf-pid----379067----pid-379067
---ebpf-pid----379067----pid-379067
---ebpf-pid----2029----pid-1
---ebpf-pid----2029----pid-2029
---ebpf-pid----379067----pid-5476
---ebpf-pid----379067----pid-1
---ebpf-pid----379067----pid-5476
---ebpf-pid----379067----pid-379067
---ebpf-pid----2029----pid-1
---ebpf-pid----2029----pid-2029
---ebpf-pid----379067----pid-1
---ebpf-pid----379067----pid-5476
---ebpf-pid----379067----pid-379067
---ebpf-pid----2029----pid-1
---ebpf-pid----379067----pid-1
---ebpf-pid----379067----pid-5476
---ebpf-pid----379067----pid-379067
---ebpf-pid----2029----pid-2029
---ebpf-pid----379067----pid-1
---ebpf-pid----379067----pid-5476
---ebpf-pid----379067----pid-379067
---ebpf-pid----2029----pid-1
---ebpf-pid----379067----pid-1
---ebpf-pid----2029----pid-2029
---ebpf-pid----379067----pid-5476
---ebpf-pid----379067----pid-379067
---ebpf-pid----379067----pid-5476
---ebpf-pid----379067----pid-1
---ebpf-pid----2029----pid-1
---ebpf-pid----379067----pid-379067
---ebpf-pid----2029----pid-2029
---ebpf-pid----379067----pid-1
---ebpf-pid----379067----pid-379067
---ebpf-pid----379067----pid-5476
---ebpf-pid----2029----pid-1
---ebpf-pid----379067----pid-5476
---ebpf-pid----2029----pid-2029
---ebpf-pid----379067----pid-1
---ebpf-pid----379067----pid-1
---ebpf-pid----379067----pid-379067
---ebpf-pid----2029----pid-1
---ebpf-pid----379067----pid-379067
---ebpf-pid----2029----pid-2029
---ebpf-pid----379067----pid-5476
---ebpf-pid----379067----pid-5476
---ebpf-pid----2029----pid-1
---ebpf-pid----2029----pid-2029
---ebpf-pid----379067----pid-1
---ebpf-pid----379067----pid-1
---ebpf-pid----379067----pid-379067
---ebpf-pid----379067----pid-379067
---ebpf-pid----2029----pid-1
---ebpf-pid----2029----pid-2029
---ebpf-pid----379067----pid-5476
---ebpf-pid----379067----pid-5476
---ebpf-pid----2029----pid-1
---ebpf-pid----379067----pid-1
---ebpf-pid----2029----pid-2029
---ebpf-pid----379067----pid-1
---ebpf-pid----379067----pid-379067
---ebpf-pid----379067----pid-379067
---ebpf-pid----2029----pid-1
---ebpf-pid----379067----pid-5476
---ebpf-pid----2029----pid-2029
---ebpf-pid----379067----pid-5476
---ebpf-pid----2029----pid-1
---ebpf-pid----379067----pid-1
---ebpf-pid----379067----pid-1
---ebpf-pid----2029----pid-2029
---ebpf-pid----379067----pid-379067
---ebpf-pid----379067----pid-379067
---ebpf-pid----379067----pid-5476
---ebpf-pid----2029----pid-1
---ebpf-pid----379067----pid-5476
---ebpf-pid----2029----pid-2029
---ebpf-pid----379067----pid-1
---ebpf-pid----379067----pid-1
---ebpf-pid----379067----pid-379067
---ebpf-pid----2029----pid-1
---ebpf-pid----379067----pid-379067
---ebpf-pid----2029----pid-2029
---ebpf-pid----379067----pid-5476
---ebpf-pid----379067----pid-5476
---ebpf-pid----2029----pid-1
---ebpf-pid----2029----pid-2029
---ebpf-pid----379067----pid-1
---ebpf-pid----379067----pid-1
---ebpf-pid----379067----pid-379067
---ebpf-pid----379067----pid-379067
---ebpf-pid----2029----pid-1
---ebpf-pid----2029----pid-2029
---ebpf-pid----379067----pid-5476
---ebpf-pid----379067----pid-5476
---ebpf-pid----2029----pid-1
---ebpf-pid----379067----pid-1
---ebpf-pid----379067----pid-1
---ebpf-pid----2029----pid-2029
---ebpf-pid----379067----pid-379067
---ebpf-pid----379067----pid-379067
---ebpf-pid----379067----pid-5476
---ebpf-pid----379067----pid-5476
---ebpf-pid----2029----pid-1
---ebpf-pid----379067----pid-1
---ebpf-pid----379067----pid-1
---ebpf-pid----379067----pid-379067
---ebpf-pid----379067----pid-379067
---ebpf-pid----2029----pid-2029
---ebpf-pid----2029----pid-1
---ebpf-pid----2029----pid-2029
---ebpf-pid----379067----pid-5476
---ebpf-pid----379067----pid-1
---ebpf-pid----379067----pid-379067
---ebpf-pid----2029----pid-1
---ebpf-pid----379067----pid-5476
---ebpf-pid----2029----pid-2029
---ebpf-pid----379067----pid-1
---ebpf-pid----379067----pid-379067
---ebpf-pid----2029----pid-1
---ebpf-pid----379067----pid-5476
---ebpf-pid----2029----pid-2029
---ebpf-pid----379067----pid-1
---ebpf-pid----379067----pid-379067
---ebpf-pid----2029----pid-1
---ebpf-pid----2029----pid-2029
---ebpf-pid----379067----pid-5476
---ebpf-pid----2029----pid-1
---ebpf-pid----2029----pid-2029
---ebpf-pid----379067----pid-1
---ebpf-pid----379067----pid-379067
---ebpf-pid----2029----pid-1
---ebpf-pid----2029----pid-2029
---ebpf-pid----379067----pid-5476
---ebpf-pid----2029----pid-1
---ebpf-pid----2029----pid-2029
---ebpf-pid----379067----pid-1
---ebpf-pid----379067----pid-379067
---ebpf-pid----2029----pid-1
---ebpf-pid----2088----pid-2088
---ebpf-pid----379067----pid-5476
---ebpf-pid----2088----pid-1
---ebpf-pid----379067----pid-1
---ebpf-pid----2088----pid-2088
---ebpf-pid----379067----pid-379067
---ebpf-pid----2088----pid-1
---ebpf-pid----2088----pid-2088
---ebpf-pid----2088----pid-1
---ebpf-pid----2088----pid-2088
---ebpf-pid----2088----pid-1
---ebpf-pid----2088----pid-2088
---ebpf-pid----2088----pid-1
---ebpf-pid----2088----pid-2088
---ebpf-pid----2088----pid-1
---ebpf-pid----2088----pid-2088
---ebpf-pid----2088----pid-1
---ebpf-pid----2088----pid-2088
---ebpf-pid----2088----pid-1
---ebpf-pid----2088----pid-2088
---ebpf-pid----2088----pid-1
---ebpf-pid----2088----pid-2088
---ebpf-pid----2088----pid-1
---ebpf-pid----2088----pid-2088
---ebpf-pid----379067----pid-5476
---ebpf-pid----379067----pid-1
---ebpf-pid----379067----pid-379067
---ebpf-pid----2088----pid-1
---ebpf-pid----2088----pid-2088
---ebpf-pid----379067----pid-5476
---ebpf-pid----2088----pid-1
---ebpf-pid----2088----pid-2088
---ebpf-pid----379067----pid-5476
---ebpf-pid----379067----pid-1
---ebpf-pid----379067----pid-379067
---ebpf-pid----2088----pid-1
---ebpf-pid----379067----pid-1
---ebpf-pid----2088----pid-2088
---ebpf-pid----379067----pid-379067
---ebpf-pid----379067----pid-5476
---ebpf-pid----2088----pid-1
---ebpf-pid----379067----pid-5476
---ebpf-pid----379067----pid-1
---ebpf-pid----2088----pid-2088
---ebpf-pid----379067----pid-379067
---ebpf-pid----379067----pid-1
---ebpf-pid----379067----pid-379067
---ebpf-pid----2088----pid-1
---ebpf-pid----379067----pid-5476
---ebpf-pid----2088----pid-2088
---ebpf-pid----379067----pid-1
---ebpf-pid----379067----pid-379067
---ebpf-pid----379067----pid-5476
---ebpf-pid----2088----pid-1
---ebpf-pid----379067----pid-1
---ebpf-pid----2088----pid-2088
---ebpf-pid----5707----pid-5707
---ebpf-pid----5707----pid-5476
---ebpf-pid----5707----pid-1
---ebpf-pid----5707----pid-5707
---ebpf-pid----2088----pid-1
---ebpf-pid----5707----pid-5476
---ebpf-pid----2088----pid-2088
---ebpf-pid----5707----pid-1
---ebpf-pid----5707----pid-5707
---ebpf-pid----2088----pid-1
---ebpf-pid----2088----pid-2088
---ebpf-pid----2088----pid-1
---ebpf-pid----2088----pid-2088
---ebpf-pid----379067----pid-5476
---ebpf-pid----2088----pid-1
---ebpf-pid----2088----pid-2088
---ebpf-pid----379067----pid-1
---ebpf-pid----2088----pid-1
---ebpf-pid----379067----pid-379067
---ebpf-pid----2088----pid-2088
---ebpf-pid----379067----pid-5476
---ebpf-pid----2088----pid-1
---ebpf-pid----2088----pid-2088
---ebpf-pid----379067----pid-1
---ebpf-pid----2088----pid-1
---ebpf-pid----379067----pid-379067
---ebpf-pid----2088----pid-2088
---ebpf-pid----2088----pid-1
---ebpf-pid----379067----pid-5476
---ebpf-pid----5707----pid-5476
---ebpf-pid----379067----pid-1
---ebpf-pid----379067----pid-379067
---ebpf-pid----5707----pid-1
---ebpf-pid----5707----pid-5707
---ebpf-pid----379067----pid-5476
---ebpf-pid----379067----pid-1
---ebpf-pid----5707----pid-5476
---ebpf-pid----379067----pid-379067
---ebpf-pid----379067----pid-5476
---ebpf-pid----5707----pid-1
---ebpf-pid----5707----pid-5707
---ebpf-pid----379067----pid-1
---ebpf-pid----379067----pid-379067
---ebpf-pid----5707----pid-5476
---ebpf-pid----5707----pid-1
---ebpf-pid----379067----pid-5476
---ebpf-pid----5707----pid-5707
---ebpf-pid----379067----pid-1
---ebpf-pid----5707----pid-5476
---ebpf-pid----5707----pid-1
---ebpf-pid----379067----pid-379067
---ebpf-pid----5707----pid-5707
---ebpf-pid----5707----pid-5476
---ebpf-pid----379067----pid-5476
---ebpf-pid----5707----pid-1
---ebpf-pid----379067----pid-1
---ebpf-pid----379067----pid-379067
---ebpf-pid----379067----pid-379067
---ebpf-pid----379067----pid-5476
---ebpf-pid----379067----pid-1
---ebpf-pid----2088----pid-2088
---ebpf-pid----2088----pid-1
---ebpf-pid----2088----pid-2088
---ebpf-pid----2088----pid-1
---ebpf-pid----2088----pid-2088
---ebpf-pid----2088----pid-1
---ebpf-pid----2088----pid-2088
---ebpf-pid----2088----pid-1
---ebpf-pid----2088----pid-2088
---ebpf-pid----2088----pid-1
---ebpf-pid----2088----pid-2088
---ebpf-pid----2088----pid-1
---ebpf-pid----2088----pid-2088
---ebpf-pid----2088----pid-1
---ebpf-pid----2088----pid-2088
---ebpf-pid----2088----pid-1
---ebpf-pid----2088----pid-2088
---ebpf-pid----2088----pid-1
---ebpf-pid----2088----pid-2088
---ebpf-pid----2088----pid-1
---ebpf-pid----379067----pid-5476
---ebpf-pid----2088----pid-2088
---ebpf-pid----5707----pid-5707
---ebpf-pid----2088----pid-1
---ebpf-pid----379067----pid-1
---ebpf-pid----5707----pid-5476
---ebpf-pid----2088----pid-2088
---ebpf-pid----379067----pid-379067
---ebpf-pid----2088----pid-1
---ebpf-pid----5707----pid-1
---ebpf-pid----379067----pid-5476
---ebpf-pid----2088----pid-2088
---ebpf-pid----2088----pid-2088
---ebpf-pid----379067----pid-1
---ebpf-pid----2088----pid-1
---ebpf-pid----2088----pid-1
---ebpf-pid----379067----pid-379067
---ebpf-pid----2088----pid-2088
---ebpf-pid----2088----pid-2088
---ebpf-pid----379067----pid-5476
---ebpf-pid----2088----pid-1
---ebpf-pid----2088----pid-1
---ebpf-pid----2088----pid-2088
---ebpf-pid----2088----pid-2088
---ebpf-pid----379067----pid-1
---ebpf-pid----379067----pid-379067
---ebpf-pid----2088----pid-1
---ebpf-pid----2088----pid-1
---ebpf-pid----2088----pid-2088
---ebpf-pid----2088----pid-2088
---ebpf-pid----379067----pid-5476
---ebpf-pid----2088----pid-1
---ebpf-pid----2088----pid-1
---ebpf-pid----2088----pid-2088
---ebpf-pid----2088----pid-2088
---ebpf-pid----379067----pid-1
---ebpf-pid----2088----pid-1
---ebpf-pid----2088----pid-1
---ebpf-pid----379067----pid-379067
---ebpf-pid----2088----pid-2088
---ebpf-pid----2088----pid-2088
---ebpf-pid----2088----pid-1
---ebpf-pid----379067----pid-5476
---ebpf-pid----5707----pid-5707
---ebpf-pid----2088----pid-1
---ebpf-pid----2088----pid-2088
---ebpf-pid----379067----pid-1
---ebpf-pid----5707----pid-5476
---ebpf-pid----379067----pid-379067
---ebpf-pid----2088----pid-1
---ebpf-pid----5707----pid-1
---ebpf-pid----2088----pid-2088
---ebpf-pid----5707----pid-5707
---ebpf-pid----2088----pid-1
---ebpf-pid----5707----pid-5476
---ebpf-pid----2088----pid-2088
---ebpf-pid----2088----pid-1
---ebpf-pid----2088----pid-2088
---ebpf-pid----2088----pid-1
---ebpf-pid----2088----pid-2088
---ebpf-pid----2088----pid-1
---ebpf-pid----2088----pid-2088
---ebpf-pid----2088----pid-1
---ebpf-pid----2088----pid-2088
---ebpf-pid----2088----pid-1
---ebpf-pid----2088----pid-2088
---ebpf-pid----2088----pid-1
---ebpf-pid----2088----pid-2088
---ebpf-pid----2088----pid-1
---ebpf-pid----372881----pid-372881
---ebpf-pid----372881----pid-1
---ebpf-pid----372881----pid-372881
---ebpf-pid----372881----pid-1
---ebpf-pid----372881----pid-372881
---ebpf-pid----372881----pid-1
---ebpf-pid----372881----pid-372881
---ebpf-pid----372881----pid-1
---ebpf-pid----372881----pid-372881
---ebpf-pid----372881----pid-1
---ebpf-pid----372881----pid-372881
---ebpf-pid----372881----pid-1
---ebpf-pid----379067----pid-5476
---ebpf-pid----372881----pid-372881
---ebpf-pid----372881----pid-1
---ebpf-pid----379067----pid-1
---ebpf-pid----372881----pid-372881
---ebpf-pid----379067----pid-379067
---ebpf-pid----372881----pid-1
---ebpf-pid----372881----pid-372881
---ebpf-pid----379067----pid-5476
---ebpf-pid----372881----pid-1
---ebpf-pid----372881----pid-372881
---ebpf-pid----379067----pid-1
---ebpf-pid----379067----pid-379067
---ebpf-pid----372881----pid-1
---ebpf-pid----372881----pid-372881
---ebpf-pid----379067----pid-5476
---ebpf-pid----372881----pid-1
---ebpf-pid----372881----pid-372881
---ebpf-pid----379067----pid-1
---ebpf-pid----379067----pid-379067
---ebpf-pid----5707----pid-1
---ebpf-pid----372881----pid-1
---ebpf-pid----5707----pid-5707
---ebpf-pid----372881----pid-372881
---ebpf-pid----379067----pid-5476
---ebpf-pid----5707----pid-5476
---ebpf-pid----372881----pid-1
---ebpf-pid----379067----pid-1
---ebpf-pid----372881----pid-372881
---ebpf-pid----379067----pid-379067
---ebpf-pid----5707----pid-1
---ebpf-pid----5707----pid-5707
---ebpf-pid----379067----pid-5476
---ebpf-pid----372881----pid-1
---ebpf-pid----372881----pid-372881
---ebpf-pid----5707----pid-5476
---ebpf-pid----379067----pid-1
---ebpf-pid----379067----pid-379067
---ebpf-pid----5707----pid-1
---ebpf-pid----5707----pid-5707
---ebpf-pid----372881----pid-1
---ebpf-pid----372881----pid-372881
---ebpf-pid----379067----pid-5476
---ebpf-pid----5707----pid-5476
---ebpf-pid----372881----pid-1
---ebpf-pid----379067----pid-1
---ebpf-pid----5707----pid-1
---ebpf-pid----372881----pid-372881
---ebpf-pid----379067----pid-379067
---ebpf-pid----5707----pid-5707
---ebpf-pid----372881----pid-1
---ebpf-pid----5707----pid-5476
---ebpf-pid----372881----pid-372881
---ebpf-pid----5707----pid-1
---ebpf-pid----448784----pid-448784
---ebpf-pid----372881----pid-1
---ebpf-pid----448784----pid-448520
---ebpf-pid----372881----pid-372881
---ebpf-pid----448784----pid-1
---ebpf-pid----372881----pid-1
---ebpf-pid----5707----pid-5707
---ebpf-pid----379067----pid-5476
---ebpf-pid----5707----pid-5476
---ebpf-pid----379067----pid-1
---ebpf-pid----5707----pid-1
---ebpf-pid----379067----pid-379067
---ebpf-pid----5707----pid-5707
---ebpf-pid----379067----pid-5476
---ebpf-pid----5707----pid-5476
---ebpf-pid----5707----pid-1
---ebpf-pid----372881----pid-372881
---ebpf-pid----5707----pid-5707
---ebpf-pid----372881----pid-1
---ebpf-pid----5707----pid-5476
---ebpf-pid----372881----pid-372881
---ebpf-pid----5707----pid-1
---ebpf-pid----5707----pid-5707
---ebpf-pid----372881----pid-1
---ebpf-pid----372881----pid-372881
---ebpf-pid----5707----pid-5476
---ebpf-pid----372881----pid-1
---ebpf-pid----5707----pid-1
---ebpf-pid----372881----pid-372881
---ebpf-pid----5707----pid-5707
---ebpf-pid----372881----pid-1
---ebpf-pid----5707----pid-5476
---ebpf-pid----372881----pid-372881
---ebpf-pid----372881----pid-1
---ebpf-pid----372881----pid-372881
---ebpf-pid----372881----pid-1
---ebpf-pid----372881----pid-372881
---ebpf-pid----372881----pid-1
---ebpf-pid----372881----pid-372881
---ebpf-pid----372881----pid-1
---ebpf-pid----5707----pid-5707
---ebpf-pid----5707----pid-5476
---ebpf-pid----5707----pid-1
---ebpf-pid----5707----pid-5707
---ebpf-pid----5707----pid-5476
---ebpf-pid----5707----pid-1
---ebpf-pid----5707----pid-5707
---ebpf-pid----5707----pid-5476
---ebpf-pid----5707----pid-1
---ebpf-pid----2089----pid-2089
---ebpf-pid----2089----pid-1
---ebpf-pid----2089----pid-2089
---ebpf-pid----2089----pid-1
---ebpf-pid----2089----pid-2089
---ebpf-pid----2089----pid-1
---ebpf-pid----2089----pid-2089
---ebpf-pid----2089----pid-1
---ebpf-pid----2089----pid-2089
---ebpf-pid----2089----pid-1
---ebpf-pid----2089----pid-2089
---ebpf-pid----2089----pid-1
---ebpf-pid----2089----pid-2089
---ebpf-pid----2089----pid-1
---ebpf-pid----2089----pid-2089
---ebpf-pid----2089----pid-1
---ebpf-pid----2089----pid-2089
---ebpf-pid----2089----pid-1
---ebpf-pid----2089----pid-2089
---ebpf-pid----379067----pid-1
---ebpf-pid----379067----pid-379067
---ebpf-pid----379067----pid-5476
---ebpf-pid----379067----pid-1
---ebpf-pid----379067----pid-379067
---ebpf-pid----379067----pid-5476
---ebpf-pid----379067----pid-1
---ebpf-pid----379067----pid-379067
---ebpf-pid----379067----pid-5476
---ebpf-pid----379067----pid-1
---ebpf-pid----379067----pid-379067
---ebpf-pid----379067----pid-5476
---ebpf-pid----379067----pid-1
---ebpf-pid----379067----pid-379067
---ebpf-pid----379067----pid-5476
---ebpf-pid----379067----pid-1
---ebpf-pid----379067----pid-379067
---ebpf-pid----379067----pid-5476
---ebpf-pid----379067----pid-1
---ebpf-pid----379067----pid-379067
---ebpf-pid----379067----pid-5476
---ebpf-pid----2089----pid-1
---ebpf-pid----379067----pid-1
---ebpf-pid----379067----pid-379067
---ebpf-pid----379067----pid-5476
---ebpf-pid----379067----pid-1
---ebpf-pid----379067----pid-379067
---ebpf-pid----379067----pid-5476
---ebpf-pid----379067----pid-1
---ebpf-pid----379067----pid-379067
---ebpf-pid----379067----pid-5476
---ebpf-pid----5707----pid-1
---ebpf-pid----379067----pid-1
---ebpf-pid----379067----pid-379067
---ebpf-pid----5707----pid-5707
---ebpf-pid----379067----pid-5476
---ebpf-pid----5707----pid-5476
---ebpf-pid----379067----pid-1
---ebpf-pid----2089----pid-2089
---ebpf-pid----2089----pid-1
---ebpf-pid----2089----pid-2089
---ebpf-pid----2089----pid-2089
---ebpf-pid----2089----pid-1
---ebpf-pid----5705----pid-5705
---ebpf-pid----5705----pid-5476
---ebpf-pid----5705----pid-1
---ebpf-pid----5705----pid-5705
---ebpf-pid----2089----pid-1
---ebpf-pid----2089----pid-2089
---ebpf-pid----5705----pid-5476
---ebpf-pid----2089----pid-1
---ebpf-pid----2089----pid-2089
---ebpf-pid----5705----pid-1
---ebpf-pid----379067----pid-379067
---ebpf-pid----2089----pid-1
---ebpf-pid----2089----pid-2089
---ebpf-pid----379067----pid-5476
---ebpf-pid----2089----pid-1
---ebpf-pid----379067----pid-1
---ebpf-pid----2089----pid-2089
---ebpf-pid----379067----pid-379067
---ebpf-pid----379067----pid-5476
---ebpf-pid----2089----pid-1
---ebpf-pid----2089----pid-2089
---ebpf-pid----379067----pid-1
---ebpf-pid----379067----pid-379067
---ebpf-pid----2089----pid-1
---ebpf-pid----2089----pid-2089
---ebpf-pid----379067----pid-5476
---ebpf-pid----2089----pid-1
---ebpf-pid----379067----pid-1
---ebpf-pid----2089----pid-2089
---ebpf-pid----6671----pid-6671
---ebpf-pid----2089----pid-1
---ebpf-pid----6671----pid-5476
---ebpf-pid----2089----pid-2089
---ebpf-pid----2089----pid-1
---ebpf-pid----6671----pid-1
---ebpf-pid----6671----pid-6671
---ebpf-pid----2089----pid-2089
---ebpf-pid----6671----pid-5476
---ebpf-pid----2089----pid-1
---ebpf-pid----2089----pid-2089
---ebpf-pid----6671----pid-1
---ebpf-pid----6671----pid-6671
---ebpf-pid----2089----pid-1
---ebpf-pid----2089----pid-2089
---ebpf-pid----6671----pid-5476
---ebpf-pid----6671----pid-1
---ebpf-pid----2089----pid-1
---ebpf-pid----6671----pid-6671
---ebpf-pid----2089----pid-2089
---ebpf-pid----6671----pid-5476
---ebpf-pid----2089----pid-1
---ebpf-pid----2089----pid-2089
---ebpf-pid----6671----pid-1
---ebpf-pid----6671----pid-6671
---ebpf-pid----2089----pid-1
---ebpf-pid----2089----pid-2089
---ebpf-pid----6671----pid-5476
---ebpf-pid----2089----pid-1
---ebpf-pid----2089----pid-2089
---ebpf-pid----6671----pid-1
---ebpf-pid----6671----pid-6671
---ebpf-pid----2089----pid-1
---ebpf-pid----2089----pid-2089
---ebpf-pid----6671----pid-5476
---ebpf-pid----2089----pid-1
---ebpf-pid----6671----pid-1
---ebpf-pid----2089----pid-2089
---ebpf-pid----6671----pid-6671
---ebpf-pid----2089----pid-1
---ebpf-pid----6671----pid-5476
---ebpf-pid----2089----pid-2089
---ebpf-pid----2089----pid-1
---ebpf-pid----2089----pid-2089
---ebpf-pid----5707----pid-1
---ebpf-pid----2089----pid-1
---ebpf-pid----5707----pid-5707
---ebpf-pid----2089----pid-2089
---ebpf-pid----2089----pid-1
---ebpf-pid----5707----pid-5476
---ebpf-pid----2089----pid-2089
---ebpf-pid----5707----pid-1
---ebpf-pid----2089----pid-1
---ebpf-pid----5707----pid-5707
---ebpf-pid----2089----pid-2089
---ebpf-pid----5707----pid-5476
---ebpf-pid----2089----pid-1
---ebpf-pid----2089----pid-2089
---ebpf-pid----5707----pid-1
---ebpf-pid----5707----pid-5707
---ebpf-pid----2089----pid-1
---ebpf-pid----2089----pid-2089
---ebpf-pid----5707----pid-5476
---ebpf-pid----2089----pid-1
---ebpf-pid----5707----pid-1
---ebpf-pid----2089----pid-2089
---ebpf-pid----5707----pid-5707
---ebpf-pid----2089----pid-1
---ebpf-pid----5707----pid-5476
---ebpf-pid----2089----pid-2089
---ebpf-pid----5707----pid-1
---ebpf-pid----5707----pid-5707
---ebpf-pid----2089----pid-1
---ebpf-pid----2089----pid-2089
---ebpf-pid----5707----pid-5476
---ebpf-pid----2089----pid-1
---ebpf-pid----2089----pid-2089
---ebpf-pid----5707----pid-1
---ebpf-pid----5707----pid-5707
---ebpf-pid----2089----pid-1
---ebpf-pid----5707----pid-5476
---ebpf-pid----5707----pid-1
---ebpf-pid----5707----pid-5707
---ebpf-pid----5707----pid-5476
---ebpf-pid----5707----pid-1
---ebpf-pid----5707----pid-5707
---ebpf-pid----5707----pid-5476
---ebpf-pid----5707----pid-1
---ebpf-pid----6671----pid-6671
---ebpf-pid----6671----pid-5476
---ebpf-pid----6671----pid-1
---ebpf-pid----6671----pid-6671
---ebpf-pid----6671----pid-5476
---ebpf-pid----6671----pid-1
---ebpf-pid----5707----pid-5707
---ebpf-pid----5707----pid-5476
---ebpf-pid----5707----pid-1
---ebpf-pid----5707----pid-5707
---ebpf-pid----5707----pid-5476
---ebpf-pid----5707----pid-1
---ebpf-pid----5707----pid-5707
---ebpf-pid----5707----pid-5476
---ebpf-pid----2089----pid-2089
---ebpf-pid----2089----pid-1
---ebpf-pid----2089----pid-2089
---ebpf-pid----2089----pid-1
---ebpf-pid----2089----pid-2089
---ebpf-pid----2089----pid-1
---ebpf-pid----2089----pid-2089
---ebpf-pid----2089----pid-1
---ebpf-pid----2089----pid-2089
---ebpf-pid----2089----pid-1
---ebpf-pid----2089----pid-2089
---ebpf-pid----2089----pid-1
---ebpf-pid----2089----pid-2089
---ebpf-pid----2089----pid-1
---ebpf-pid----2089----pid-2089
---ebpf-pid----2089----pid-1
---ebpf-pid----2089----pid-2089
---ebpf-pid----2089----pid-1
---ebpf-pid----2089----pid-2089
---ebpf-pid----2089----pid-1
---ebpf-pid----2089----pid-2089
---ebpf-pid----2089----pid-1
---ebpf-pid----2089----pid-2089
---ebpf-pid----2089----pid-1
---ebpf-pid----2089----pid-2089
---ebpf-pid----6671----pid-1
---ebpf-pid----6671----pid-6671
---ebpf-pid----2089----pid-1
---ebpf-pid----2089----pid-2089
---ebpf-pid----6671----pid-5476
---ebpf-pid----2089----pid-1
---ebpf-pid----2089----pid-2089
---ebpf-pid----6671----pid-1
---ebpf-pid----6671----pid-6671
---ebpf-pid----2089----pid-1
---ebpf-pid----2089----pid-2089
---ebpf-pid----6671----pid-5476
---ebpf-pid----2089----pid-1
---ebpf-pid----6671----pid-1
---ebpf-pid----2089----pid-2089
---ebpf-pid----6671----pid-6671
---ebpf-pid----2089----pid-1
---ebpf-pid----6671----pid-5476
---ebpf-pid----2089----pid-2089
---ebpf-pid----6671----pid-1
---ebpf-pid----2089----pid-1
---ebpf-pid----6671----pid-6671
---ebpf-pid----2089----pid-2089
---ebpf-pid----6671----pid-5476
---ebpf-pid----2089----pid-1
---ebpf-pid----2089----pid-2089
---ebpf-pid----6671----pid-1
---ebpf-pid----2089----pid-1
---ebpf-pid----6671----pid-6671
---ebpf-pid----2089----pid-2089
---ebpf-pid----6671----pid-5476
---ebpf-pid----2089----pid-1
---ebpf-pid----2089----pid-2089
---ebpf-pid----6671----pid-1
---ebpf-pid----6671----pid-6671
---ebpf-pid----5707----pid-1
---ebpf-pid----5707----pid-5707
---ebpf-pid----6671----pid-5476
---ebpf-pid----5707----pid-5476
---ebpf-pid----6671----pid-1
---ebpf-pid----6671----pid-6671
---ebpf-pid----5707----pid-1
---ebpf-pid----5707----pid-5707
---ebpf-pid----6671----pid-5476
---ebpf-pid----5707----pid-5476
---ebpf-pid----6671----pid-1
---ebpf-pid----6671----pid-6671
---ebpf-pid----5707----pid-1
---ebpf-pid----5707----pid-5707
---ebpf-pid----6671----pid-5476
---ebpf-pid----5707----pid-5476
---ebpf-pid----6671----pid-1
---ebpf-pid----6671----pid-6671
---ebpf-pid----5707----pid-1
---ebpf-pid----5707----pid-5707
---ebpf-pid----6671----pid-5476
---ebpf-pid----5707----pid-5476
---ebpf-pid----6671----pid-1
---ebpf-pid----6671----pid-6671
---ebpf-pid----6671----pid-5476
---ebpf-pid----6671----pid-1
---ebpf-pid----5707----pid-1
---ebpf-pid----6671----pid-6671
---ebpf-pid----5707----pid-5707
---ebpf-pid----6671----pid-5476
---ebpf-pid----5707----pid-5476
---ebpf-pid----6671----pid-1
---ebpf-pid----5707----pid-1
---ebpf-pid----6671----pid-6671
---ebpf-pid----5707----pid-5707
---ebpf-pid----6671----pid-5476
---ebpf-pid----5707----pid-5476
---ebpf-pid----6671----pid-1
---ebpf-pid----5707----pid-1
---ebpf-pid----6671----pid-6671
---ebpf-pid----5707----pid-5707
---ebpf-pid----6671----pid-5476
---ebpf-pid----5707----pid-5476
---ebpf-pid----6671----pid-1
---ebpf-pid----5707----pid-1
---ebpf-pid----6671----pid-6671
---ebpf-pid----5707----pid-5707
---ebpf-pid----6671----pid-5476
---ebpf-pid----5707----pid-5476
---ebpf-pid----6671----pid-1
---ebpf-pid----5707----pid-1
---ebpf-pid----6671----pid-6671
---ebpf-pid----5707----pid-5707
---ebpf-pid----6671----pid-5476
---ebpf-pid----5707----pid-5476
---ebpf-pid----6671----pid-1
---ebpf-pid----5707----pid-1
---ebpf-pid----6671----pid-6671
---ebpf-pid----448521----pid-448521
---ebpf-pid----6671----pid-5476
---ebpf-pid----448521----pid-1
---ebpf-pid----448546----pid-448546
---ebpf-pid----6671----pid-1
---ebpf-pid----6671----pid-6671
---ebpf-pid----448546----pid-1
---ebpf-pid----448546----pid-448546
---ebpf-pid----6671----pid-5476
---ebpf-pid----448546----pid-1
---ebpf-pid----6671----pid-1
---ebpf-pid----448521----pid-448521
---ebpf-pid----6671----pid-6671
---ebpf-pid----448521----pid-1
---ebpf-pid----6671----pid-5476
---ebpf-pid----448783----pid-448783
---ebpf-pid----448783----pid-448520
---ebpf-pid----448783----pid-1
---ebpf-pid----2094----pid-2094
---ebpf-pid----2094----pid-1
---ebpf-pid----2094----pid-2094
---ebpf-pid----6671----pid-1
---ebpf-pid----6671----pid-6671
---ebpf-pid----2094----pid-1
---ebpf-pid----2094----pid-2094
---ebpf-pid----6671----pid-5476
---ebpf-pid----2094----pid-1
---ebpf-pid----6671----pid-1
---ebpf-pid----2094----pid-2094
---ebpf-pid----6671----pid-6671
---ebpf-pid----2094----pid-1
---ebpf-pid----6671----pid-5476
---ebpf-pid----2094----pid-2094
---ebpf-pid----6671----pid-1
---ebpf-pid----2094----pid-1
---ebpf-pid----6671----pid-6671
---ebpf-pid----2089----pid-2089
---ebpf-pid----6671----pid-5476
---ebpf-pid----2089----pid-1
---ebpf-pid----6671----pid-1
---ebpf-pid----2089----pid-1
---ebpf-pid----6671----pid-6671
---ebpf-pid----2089----pid-2089
---ebpf-pid----6671----pid-5476
---ebpf-pid----2089----pid-1
---ebpf-pid----2089----pid-2089
---ebpf-pid----6671----pid-1
---ebpf-pid----6671----pid-6671
---ebpf-pid----2089----pid-1
---ebpf-pid----2089----pid-2089
---ebpf-pid----6671----pid-5476
---ebpf-pid----2089----pid-1
---ebpf-pid----2089----pid-2089
---ebpf-pid----2089----pid-1
---ebpf-pid----2089----pid-2089
---ebpf-pid----2089----pid-1
---ebpf-pid----2089----pid-2089
---ebpf-pid----2089----pid-1
---ebpf-pid----2089----pid-2089
---ebpf-pid----2089----pid-1
---ebpf-pid----2089----pid-2089
---ebpf-pid----2089----pid-1
---ebpf-pid----2089----pid-2089
---ebpf-pid----2089----pid-1
---ebpf-pid----2089----pid-2089
---ebpf-pid----2089----pid-1
---ebpf-pid----2089----pid-2089
---ebpf-pid----2089----pid-1
---ebpf-pid----2089----pid-2089
---ebpf-pid----2089----pid-1
---ebpf-pid----2089----pid-2089
---ebpf-pid----2089----pid-1
---ebpf-pid----2089----pid-2089
---ebpf-pid----2089----pid-1
---ebpf-pid----2089----pid-2089
---ebpf-pid----2089----pid-1
---ebpf-pid----2089----pid-2089
---ebpf-pid----2089----pid-1
---ebpf-pid----2089----pid-2089
---ebpf-pid----2089----pid-1
---ebpf-pid----2089----pid-2089
---ebpf-pid----2089----pid-1
---ebpf-pid----2089----pid-2089
---ebpf-pid----2089----pid-1
---ebpf-pid----2089----pid-2089
---ebpf-pid----2089----pid-1
---ebpf-pid----2089----pid-2089
---ebpf-pid----2089----pid-1
---ebpf-pid----2089----pid-2089
---ebpf-pid----2089----pid-1
---ebpf-pid----2089----pid-2089
---ebpf-pid----2089----pid-1
---ebpf-pid----2089----pid-2089
---ebpf-pid----2089----pid-1
---ebpf-pid----2089----pid-2089
---ebpf-pid----2089----pid-1
---ebpf-pid----2089----pid-2089
---ebpf-pid----2089----pid-1
---ebpf-pid----2089----pid-2089
---ebpf-pid----2089----pid-1
---ebpf-pid----2089----pid-2089
---ebpf-pid----2089----pid-1
---ebpf-pid----2089----pid-2089
---ebpf-pid----2089----pid-1
---ebpf-pid----2089----pid-2089
---ebpf-pid----2089----pid-1
---ebpf-pid----2089----pid-2089
---ebpf-pid----2089----pid-1
---ebpf-pid----2089----pid-2089
---ebpf-pid----2089----pid-1
---ebpf-pid----2089----pid-2089
---ebpf-pid----2089----pid-1
---ebpf-pid----6671----pid-1
---ebpf-pid----2089----pid-2089
---ebpf-pid----6671----pid-6671
---ebpf-pid----2089----pid-1
---ebpf-pid----6671----pid-5476
---ebpf-pid----2089----pid-2089
---ebpf-pid----6671----pid-1
---ebpf-pid----6671----pid-6671
---ebpf-pid----2089----pid-1
---ebpf-pid----2089----pid-2089
---ebpf-pid----6671----pid-5476
---ebpf-pid----2089----pid-1
---ebpf-pid----2089----pid-2089
---ebpf-pid----6671----pid-1
---ebpf-pid----6671----pid-6671
---ebpf-pid----2089----pid-2089
---ebpf-pid----6671----pid-5476
---ebpf-pid----2089----pid-1
---ebpf-pid----6671----pid-1
---ebpf-pid----2089----pid-2089
---ebpf-pid----6671----pid-6671
---ebpf-pid----2089----pid-1
---ebpf-pid----6671----pid-5476
---ebpf-pid----2089----pid-2089
---ebpf-pid----6671----pid-1
---ebpf-pid----2089----pid-1
---ebpf-pid----6671----pid-6671
---ebpf-pid----2089----pid-2089
---ebpf-pid----6671----pid-5476
---ebpf-pid----2089----pid-1
---ebpf-pid----2089----pid-2089
---ebpf-pid----6671----pid-1
---ebpf-pid----6671----pid-6671
---ebpf-pid----2089----pid-1
---ebpf-pid----2089----pid-2089
---ebpf-pid----6671----pid-5476
---ebpf-pid----2089----pid-1
---ebpf-pid----2094----pid-2094
---ebpf-pid----6671----pid-1
---ebpf-pid----6671----pid-6671
---ebpf-pid----2094----pid-1
---ebpf-pid----2094----pid-2094
---ebpf-pid----6671----pid-5476
---ebpf-pid----2094----pid-1
---ebpf-pid----6671----pid-1
---ebpf-pid----379067----pid-379067
---ebpf-pid----6671----pid-6671
---ebpf-pid----6671----pid-5476
---ebpf-pid----379067----pid-5476
---ebpf-pid----6671----pid-1
---ebpf-pid----6671----pid-6671
---ebpf-pid----379067----pid-1
---ebpf-pid----379067----pid-379067
---ebpf-pid----6671----pid-5476
---ebpf-pid----379067----pid-5476
---ebpf-pid----6671----pid-1
---ebpf-pid----379067----pid-1
---ebpf-pid----6671----pid-6671
---ebpf-pid----379067----pid-379067
---ebpf-pid----6671----pid-5476
---ebpf-pid----379067----pid-5476
---ebpf-pid----6671----pid-1
---ebpf-pid----379067----pid-1
---ebpf-pid----379067----pid-379067
---ebpf-pid----6671----pid-6671
---ebpf-pid----379067----pid-5476
---ebpf-pid----379067----pid-1
---ebpf-pid----379067----pid-379067
---ebpf-pid----379067----pid-5476
---ebpf-pid----379067----pid-1
---ebpf-pid----379067----pid-379067
---ebpf-pid----379067----pid-5476
---ebpf-pid----379067----pid-1
---ebpf-pid----379067----pid-379067
---ebpf-pid----379067----pid-5476
---ebpf-pid----379067----pid-1
---ebpf-pid----379067----pid-379067
---ebpf-pid----379067----pid-5476
---ebpf-pid----379067----pid-1
---ebpf-pid----379067----pid-379067
---ebpf-pid----379067----pid-5476
---ebpf-pid----379067----pid-1
---ebpf-pid----379067----pid-379067
---ebpf-pid----379067----pid-5476
---ebpf-pid----379067----pid-1
---ebpf-pid----379067----pid-379067
---ebpf-pid----379067----pid-5476
---ebpf-pid----379067----pid-1
---ebpf-pid----379067----pid-379067
---ebpf-pid----379067----pid-5476
---ebpf-pid----379067----pid-1
---ebpf-pid----379067----pid-379067
---ebpf-pid----379067----pid-5476
---ebpf-pid----379067----pid-1
---ebpf-pid----379067----pid-379067
---ebpf-pid----379067----pid-5476
---ebpf-pid----2089----pid-1
---ebpf-pid----2089----pid-2089
---ebpf-pid----2089----pid-1
---ebpf-pid----2089----pid-2089
---ebpf-pid----2089----pid-1
---ebpf-pid----2089----pid-2089
---ebpf-pid----2089----pid-1
---ebpf-pid----2089----pid-2089
---ebpf-pid----2089----pid-1
---ebpf-pid----2089----pid-2089
---ebpf-pid----2089----pid-1
---ebpf-pid----2089----pid-2089
---ebpf-pid----6671----pid-5476
---ebpf-pid----2089----pid-1
---ebpf-pid----6671----pid-1
---ebpf-pid----2089----pid-2089
---ebpf-pid----2094----pid-2094
---ebpf-pid----2089----pid-1
---ebpf-pid----2094----pid-1
---ebpf-pid----2089----pid-2089
---ebpf-pid----2094----pid-2094
---ebpf-pid----2089----pid-1
---ebpf-pid----2094----pid-1
---ebpf-pid----2089----pid-2089
---ebpf-pid----2094----pid-2094
---ebpf-pid----2089----pid-1
---ebpf-pid----2094----pid-1
---ebpf-pid----2089----pid-2089
---ebpf-pid----2094----pid-2094
---ebpf-pid----2089----pid-1
---ebpf-pid----2094----pid-1
---ebpf-pid----2089----pid-2089
---ebpf-pid----2089----pid-1
---ebpf-pid----2089----pid-2089
---ebpf-pid----2089----pid-1
---ebpf-pid----2089----pid-2089
---ebpf-pid----2089----pid-1
---ebpf-pid----2089----pid-2089
---ebpf-pid----2089----pid-1
---ebpf-pid----2089----pid-2089
---ebpf-pid----2089----pid-1
---ebpf-pid----2089----pid-2089
---ebpf-pid----379067----pid-1
---ebpf-pid----379067----pid-379067
---ebpf-pid----379067----pid-5476
---ebpf-pid----379067----pid-1
---ebpf-pid----448784----pid-448784
---ebpf-pid----448784----pid-448520
---ebpf-pid----448784----pid-1
---ebpf-pid----379067----pid-379067
---ebpf-pid----379067----pid-5476
---ebpf-pid----379067----pid-1
---ebpf-pid----379067----pid-379067
---ebpf-pid----379067----pid-5476
---ebpf-pid----379067----pid-1
---ebpf-pid----379067----pid-379067
---ebpf-pid----379067----pid-5476
---ebpf-pid----2094----pid-2094
---ebpf-pid----379067----pid-1
---ebpf-pid----379067----pid-379067
---ebpf-pid----2094----pid-1
---ebpf-pid----379067----pid-5476
---ebpf-pid----2094----pid-2094
---ebpf-pid----379067----pid-1
---ebpf-pid----2094----pid-1
---ebpf-pid----379067----pid-379067
---ebpf-pid----2094----pid-2094
---ebpf-pid----379067----pid-5476
---ebpf-pid----2094----pid-1
---ebpf-pid----2094----pid-2094
---ebpf-pid----379067----pid-1
---ebpf-pid----2094----pid-1
---ebpf-pid----379067----pid-379067
---ebpf-pid----2094----pid-2094
---ebpf-pid----379067----pid-5476
---ebpf-pid----2094----pid-1
---ebpf-pid----2094----pid-2094
---ebpf-pid----379067----pid-1
---ebpf-pid----379067----pid-379067
---ebpf-pid----2094----pid-1
---ebpf-pid----2094----pid-2094
---ebpf-pid----379067----pid-5476
---ebpf-pid----2094----pid-1
---ebpf-pid----379067----pid-1
---ebpf-pid----2094----pid-2094
---ebpf-pid----379067----pid-379067
---ebpf-pid----2094----pid-1
---ebpf-pid----379067----pid-5476
---ebpf-pid----2094----pid-2094
---ebpf-pid----379067----pid-1
---ebpf-pid----2094----pid-1
---ebpf-pid----379067----pid-379067
---ebpf-pid----2094----pid-2094
---ebpf-pid----379067----pid-5476
---ebpf-pid----2094----pid-1
---ebpf-pid----2094----pid-2094
---ebpf-pid----379067----pid-1
---ebpf-pid----379067----pid-379067
---ebpf-pid----2094----pid-1
---ebpf-pid----2094----pid-2094
---ebpf-pid----379067----pid-5476
---ebpf-pid----2094----pid-1
---ebpf-pid----379067----pid-1
---ebpf-pid----2094----pid-2094
---ebpf-pid----379067----pid-379067
---ebpf-pid----2094----pid-1
---ebpf-pid----2094----pid-2094
---ebpf-pid----2089----pid-1
---ebpf-pid----2094----pid-1
---ebpf-pid----2089----pid-2089
---ebpf-pid----2094----pid-2094
---ebpf-pid----2089----pid-1
---ebpf-pid----2094----pid-1
---ebpf-pid----2089----pid-2089
---ebpf-pid----2094----pid-2094
---ebpf-pid----2089----pid-1
---ebpf-pid----2094----pid-1
---ebpf-pid----2089----pid-2089
---ebpf-pid----2094----pid-2094
---ebpf-pid----2089----pid-1
---ebpf-pid----2094----pid-1
---ebpf-pid----2089----pid-2089
---ebpf-pid----2094----pid-2094
---ebpf-pid----2089----pid-1
---ebpf-pid----2094----pid-1
---ebpf-pid----2089----pid-2089
---ebpf-pid----2094----pid-2094
---ebpf-pid----2089----pid-1
---ebpf-pid----2094----pid-1
---ebpf-pid----2089----pid-2089
---ebpf-pid----2094----pid-2094
---ebpf-pid----2094----pid-1
---ebpf-pid----2094----pid-2094
---ebpf-pid----2089----pid-1
---ebpf-pid----2094----pid-1
---ebpf-pid----2089----pid-2089
---ebpf-pid----2094----pid-2094
---ebpf-pid----2089----pid-1
---ebpf-pid----2094----pid-1
---ebpf-pid----2089----pid-2089
---ebpf-pid----2094----pid-2094
---ebpf-pid----2089----pid-1
---ebpf-pid----2094----pid-1
---ebpf-pid----2089----pid-2089
---ebpf-pid----5707----pid-5707
---ebpf-pid----2089----pid-1
---ebpf-pid----5707----pid-5476
---ebpf-pid----2089----pid-2089
---ebpf-pid----5707----pid-1
---ebpf-pid----2089----pid-1
---ebpf-pid----5707----pid-5707
---ebpf-pid----2089----pid-2089
---ebpf-pid----5707----pid-5476
---ebpf-pid----2089----pid-1
---ebpf-pid----2089----pid-2089
---ebpf-pid----5707----pid-1
---ebpf-pid----5707----pid-5707
---ebpf-pid----2089----pid-1
---ebpf-pid----2089----pid-2089
---ebpf-pid----5707----pid-5476
---ebpf-pid----2089----pid-1
---ebpf-pid----2089----pid-2089
---ebpf-pid----5707----pid-1
---ebpf-pid----5707----pid-5707
---ebpf-pid----2089----pid-1
---ebpf-pid----2089----pid-2089
---ebpf-pid----5707----pid-5476
---ebpf-pid----2089----pid-1
---ebpf-pid----5707----pid-1
---ebpf-pid----2089----pid-2089
---ebpf-pid----5707----pid-5707
---ebpf-pid----5707----pid-5476
---ebpf-pid----2089----pid-1
---ebpf-pid----2089----pid-2089
---ebpf-pid----5707----pid-1
---ebpf-pid----2089----pid-1
---ebpf-pid----5707----pid-5707
---ebpf-pid----2089----pid-2089
---ebpf-pid----5707----pid-5476
---ebpf-pid----2089----pid-1
---ebpf-pid----2089----pid-2089
---ebpf-pid----5707----pid-1
---ebpf-pid----5707----pid-5707
---ebpf-pid----2089----pid-1
---ebpf-pid----2089----pid-2089
---ebpf-pid----5707----pid-5476
---ebpf-pid----2089----pid-1
---ebpf-pid----2088----pid-2088
---ebpf-pid----5707----pid-1
---ebpf-pid----5707----pid-5707
---ebpf-pid----2088----pid-1
---ebpf-pid----2089----pid-2089
---ebpf-pid----5707----pid-5476
---ebpf-pid----2089----pid-1
---ebpf-pid----5707----pid-1
---ebpf-pid----2089----pid-2089
---ebpf-pid----2029----pid-2029
---ebpf-pid----2029----pid-1
---ebpf-pid----2089----pid-1
---ebpf-pid----2029----pid-2029
---ebpf-pid----2089----pid-2089
---ebpf-pid----2089----pid-1
---ebpf-pid----2029----pid-1
---ebpf-pid----2089----pid-2089
---ebpf-pid----2029----pid-2029
---ebpf-pid----2089----pid-1
---ebpf-pid----2029----pid-1
---ebpf-pid----2089----pid-2089
---ebpf-pid----2029----pid-2029
---ebpf-pid----2089----pid-1
---ebpf-pid----2029----pid-1
---ebpf-pid----2029----pid-2029
---ebpf-pid----2029----pid-1
---ebpf-pid----2029----pid-2029
---ebpf-pid----379067----pid-5476
---ebpf-pid----2029----pid-1
---ebpf-pid----2029----pid-2029
---ebpf-pid----379067----pid-1
---ebpf-pid----379067----pid-379067
---ebpf-pid----2029----pid-1
---ebpf-pid----2029----pid-2029
---ebpf-pid----379067----pid-5476
---ebpf-pid----2029----pid-1
---ebpf-pid----2029----pid-2029
---ebpf-pid----379067----pid-1
---ebpf-pid----379067----pid-379067
---ebpf-pid----2029----pid-1
---ebpf-pid----2029----pid-2029
---ebpf-pid----379067----pid-5476
---ebpf-pid----2029----pid-1
---ebpf-pid----379067----pid-1
---ebpf-pid----2029----pid-2029
---ebpf-pid----379067----pid-379067
---ebpf-pid----2029----pid-1
---ebpf-pid----379067----pid-5476
---ebpf-pid----2029----pid-2029
---ebpf-pid----2029----pid-1
---ebpf-pid----379067----pid-1
---ebpf-pid----2029----pid-2029
---ebpf-pid----372714----pid-372714
---ebpf-pid----2029----pid-1
---ebpf-pid----372714----pid-5476
---ebpf-pid----2029----pid-2029
---ebpf-pid----372714----pid-1
---ebpf-pid----2029----pid-1
---ebpf-pid----372714----pid-372714
---ebpf-pid----2029----pid-2029
---ebpf-pid----372714----pid-5476
---ebpf-pid----2029----pid-1
---ebpf-pid----2029----pid-2029
---ebpf-pid----372714----pid-1
---ebpf-pid----372714----pid-372714
---ebpf-pid----2029----pid-1
---ebpf-pid----2029----pid-2029
---ebpf-pid----372714----pid-5476
---ebpf-pid----2029----pid-1
---ebpf-pid----372714----pid-1
---ebpf-pid----2029----pid-2029
---ebpf-pid----372714----pid-372714
---ebpf-pid----2029----pid-1
---ebpf-pid----372714----pid-5476
---ebpf-pid----372714----pid-1
---ebpf-pid----372714----pid-372714
---ebpf-pid----372714----pid-5476
---ebpf-pid----372714----pid-1
---ebpf-pid----372714----pid-372714
---ebpf-pid----372714----pid-5476
---ebpf-pid----372714----pid-1
---ebpf-pid----372881----pid-372881
---ebpf-pid----372881----pid-1
---ebpf-pid----5705----pid-5705
---ebpf-pid----5705----pid-5476
---ebpf-pid----5705----pid-1
---ebpf-pid----5705----pid-5705
---ebpf-pid----5705----pid-5476
---ebpf-pid----2089----pid-2089
---ebpf-pid----2089----pid-1
---ebpf-pid----2089----pid-2089
---ebpf-pid----2089----pid-1
---ebpf-pid----2089----pid-2089
---ebpf-pid----2089----pid-1
---ebpf-pid----2089----pid-2089
---ebpf-pid----2089----pid-1
---ebpf-pid----2089----pid-2089
---ebpf-pid----2089----pid-1
---ebpf-pid----2089----pid-2089
---ebpf-pid----2089----pid-1
---ebpf-pid----2089----pid-2089
---ebpf-pid----2089----pid-1
---ebpf-pid----2089----pid-2089
---ebpf-pid----2089----pid-1
---ebpf-pid----2089----pid-2089
---ebpf-pid----2089----pid-1
---ebpf-pid----2089----pid-2089
---ebpf-pid----2089----pid-1
---ebpf-pid----2089----pid-2089
---ebpf-pid----2089----pid-1
---ebpf-pid----2089----pid-2089
---ebpf-pid----2089----pid-1
---ebpf-pid----2089----pid-2089
---ebpf-pid----2089----pid-1
---ebpf-pid----372881----pid-372881
---ebpf-pid----372881----pid-1
---ebpf-pid----372881----pid-372881
---ebpf-pid----372881----pid-1
---ebpf-pid----372881----pid-372881
---ebpf-pid----372881----pid-1
---ebpf-pid----372881----pid-372881
---ebpf-pid----5705----pid-1
---ebpf-pid----372714----pid-372714
---ebpf-pid----372714----pid-5476
---ebpf-pid----372714----pid-1
---ebpf-pid----379067----pid-379067
---ebpf-pid----379067----pid-5476
---ebpf-pid----379067----pid-1
---ebpf-pid----379067----pid-379067
---ebpf-pid----379067----pid-5476
---ebpf-pid----379067----pid-1
---ebpf-pid----379067----pid-379067
---ebpf-pid----379067----pid-5476
---ebpf-pid----379067----pid-1
---ebpf-pid----379067----pid-379067
---ebpf-pid----372881----pid-1
---ebpf-pid----372881----pid-372881
---ebpf-pid----2029----pid-2029
---ebpf-pid----372881----pid-1
---ebpf-pid----372881----pid-372881
---ebpf-pid----2029----pid-1
---ebpf-pid----2029----pid-2029
---ebpf-pid----372881----pid-1
---ebpf-pid----372881----pid-372881
---ebpf-pid----2029----pid-1
---ebpf-pid----372881----pid-1
---ebpf-pid----2029----pid-2029
---ebpf-pid----372881----pid-372881
---ebpf-pid----372881----pid-1
---ebpf-pid----372881----pid-372881
---ebpf-pid----2029----pid-1
---ebpf-pid----2029----pid-2029
---ebpf-pid----372881----pid-1
---ebpf-pid----372881----pid-372881
---ebpf-pid----2029----pid-1
---ebpf-pid----2029----pid-2029
---ebpf-pid----372881----pid-1
---ebpf-pid----372881----pid-372881
---ebpf-pid----2029----pid-1
---ebpf-pid----372881----pid-1
---ebpf-pid----2029----pid-2029
---ebpf-pid----372881----pid-372881
---ebpf-pid----2029----pid-1
---ebpf-pid----372881----pid-1
---ebpf-pid----2029----pid-2029
---ebpf-pid----372881----pid-372881
---ebpf-pid----2029----pid-1
---ebpf-pid----372881----pid-1
---ebpf-pid----2029----pid-2029
---ebpf-pid----372881----pid-372881
---ebpf-pid----372881----pid-1
---ebpf-pid----2029----pid-1
---ebpf-pid----372881----pid-372881
---ebpf-pid----2029----pid-2029
---ebpf-pid----372881----pid-1
---ebpf-pid----2029----pid-1
---ebpf-pid----2029----pid-2029
---ebpf-pid----2029----pid-1
---ebpf-pid----379067----pid-5476
---ebpf-pid----2029----pid-2029
---ebpf-pid----379067----pid-1
---ebpf-pid----2029----pid-1
---ebpf-pid----379067----pid-379067
---ebpf-pid----2029----pid-2029
---ebpf-pid----379067----pid-5476
---ebpf-pid----2029----pid-1
---ebpf-pid----379067----pid-1
---ebpf-pid----379067----pid-379067
---ebpf-pid----2029----pid-2029
---ebpf-pid----379067----pid-5476
---ebpf-pid----2029----pid-1
---ebpf-pid----2029----pid-2029
---ebpf-pid----379067----pid-1
---ebpf-pid----379067----pid-379067
---ebpf-pid----2029----pid-1
---ebpf-pid----379067----pid-5476
---ebpf-pid----2029----pid-2029
---ebpf-pid----379067----pid-1
---ebpf-pid----2029----pid-1
---ebpf-pid----379067----pid-379067
---ebpf-pid----2029----pid-2029
---ebpf-pid----379067----pid-5476
---ebpf-pid----2029----pid-1
---ebpf-pid----2029----pid-2029
---ebpf-pid----379067----pid-1
---ebpf-pid----372881----pid-372881
---ebpf-pid----379067----pid-379067
---ebpf-pid----2029----pid-1
---ebpf-pid----2029----pid-2029
---ebpf-pid----372881----pid-1
---ebpf-pid----379067----pid-5476
---ebpf-pid----372881----pid-372881
---ebpf-pid----372881----pid-1
---ebpf-pid----372881----pid-372881
---ebpf-pid----379067----pid-1
---ebpf-pid----5614----pid-5614
---ebpf-pid----372881----pid-1
---ebpf-pid----7312----pid-7312
---ebpf-pid----5614----pid-1
---ebpf-pid----5707----pid-5707
---ebpf-pid----7312----pid-1
---ebpf-pid----7312----pid-7312
---ebpf-pid----5707----pid-5476
---ebpf-pid----7312----pid-1
---ebpf-pid----5707----pid-1
---ebpf-pid----7312----pid-7312
---ebpf-pid----5707----pid-5707
---ebpf-pid----7312----pid-1
---ebpf-pid----5707----pid-5476
---ebpf-pid----7312----pid-7312
---ebpf-pid----5707----pid-1
---ebpf-pid----7312----pid-1
---ebpf-pid----5707----pid-5707
---ebpf-pid----7312----pid-7312
---ebpf-pid----5707----pid-5476
---ebpf-pid----7312----pid-1
---ebpf-pid----7312----pid-7312
---ebpf-pid----5707----pid-1
---ebpf-pid----7312----pid-1
---ebpf-pid----7312----pid-7312
---ebpf-pid----5707----pid-5707
---ebpf-pid----5707----pid-5476
---ebpf-pid----7312----pid-1
---ebpf-pid----7312----pid-7312
---ebpf-pid----5707----pid-1
---ebpf-pid----5707----pid-5707
---ebpf-pid----7312----pid-1
---ebpf-pid----7312----pid-7312
---ebpf-pid----5707----pid-5476
---ebpf-pid----7312----pid-1
---ebpf-pid----372881----pid-372881
---ebpf-pid----5707----pid-1
---ebpf-pid----448783----pid-448783
---ebpf-pid----372881----pid-1
---ebpf-pid----2029----pid-2029
---ebpf-pid----448783----pid-448520
---ebpf-pid----2029----pid-1
---ebpf-pid----448783----pid-1
---ebpf-pid----2029----pid-2029
---ebpf-pid----2094----pid-2094
---ebpf-pid----2029----pid-1
---ebpf-pid----2094----pid-1
---ebpf-pid----2029----pid-1
---ebpf-pid----2029----pid-2029
---ebpf-pid----2094----pid-2094
---ebpf-pid----2029----pid-2029
---ebpf-pid----2029----pid-1
---ebpf-pid----2029----pid-1
---ebpf-pid----2029----pid-2029
---ebpf-pid----2094----pid-1
---ebpf-pid----2029----pid-2029
---ebpf-pid----2094----pid-2094
---ebpf-pid----2029----pid-1
---ebpf-pid----2029----pid-1
---ebpf-pid----2029----pid-2029
---ebpf-pid----2094----pid-1
---ebpf-pid----2029----pid-2029
---ebpf-pid----2094----pid-2094
---ebpf-pid----2029----pid-1
---ebpf-pid----2029----pid-1
---ebpf-pid----2029----pid-2029
---ebpf-pid----2094----pid-1
---ebpf-pid----2029----pid-2029
---ebpf-pid----448784----pid-448784
---ebpf-pid----2029----pid-1
---ebpf-pid----2029----pid-1
---ebpf-pid----2029----pid-2029
---ebpf-pid----448784----pid-448520
---ebpf-pid----2029----pid-2029
---ebpf-pid----2029----pid-1
---ebpf-pid----2029----pid-1
---ebpf-pid----448784----pid-1
---ebpf-pid----2029----pid-2029
---ebpf-pid----2029----pid-2029
---ebpf-pid----448784----pid-448784
---ebpf-pid----2029----pid-1
---ebpf-pid----2029----pid-1
---ebpf-pid----448784----pid-448520
---ebpf-pid----2029----pid-2029
---ebpf-pid----2029----pid-2029
---ebpf-pid----448784----pid-1
---ebpf-pid----2029----pid-1
---ebpf-pid----2029----pid-1
---ebpf-pid----448784----pid-448784
---ebpf-pid----2029----pid-2029
---ebpf-pid----2029----pid-2029
---ebpf-pid----448784----pid-448520
---ebpf-pid----448784----pid-1
---ebpf-pid----8856----pid-8856
---ebpf-pid----8856----pid-7890
---ebpf-pid----8856----pid-1
---ebpf-pid----8856----pid-8856
---ebpf-pid----8856----pid-7890
---ebpf-pid----8856----pid-1
---ebpf-pid----448782----pid-448782
---ebpf-pid----448782----pid-448520
---ebpf-pid----448782----pid-1
---ebpf-pid----448785----pid-448785
---ebpf-pid----448785----pid-448520
---ebpf-pid----448785----pid-1
---ebpf-pid----448782----pid-448782
---ebpf-pid----448782----pid-448520
---ebpf-pid----448782----pid-1
---ebpf-pid----448782----pid-448782
---ebpf-pid----448782----pid-448520
---ebpf-pid----448782----pid-1
---ebpf-pid----448782----pid-448782
---ebpf-pid----448782----pid-448520
---ebpf-pid----448782----pid-1
---ebpf-pid----448782----pid-448782
---ebpf-pid----448782----pid-448520
---ebpf-pid----448782----pid-1
---ebpf-pid----448782----pid-448782
---ebpf-pid----448782----pid-448520
---ebpf-pid----448782----pid-1
---ebpf-pid----448782----pid-448782
---ebpf-pid----448782----pid-448520
---ebpf-pid----448782----pid-1
---ebpf-pid----448782----pid-448782
---ebpf-pid----448782----pid-448520
---ebpf-pid----448782----pid-1
---ebpf-pid----448782----pid-448782
---ebpf-pid----448782----pid-448520
---ebpf-pid----448782----pid-1
---ebpf-pid----448782----pid-448782
---ebpf-pid----448782----pid-448520
---ebpf-pid----448782----pid-1
---ebpf-pid----448782----pid-448782
---ebpf-pid----448782----pid-448520
---ebpf-pid----448782----pid-1
---ebpf-pid----448782----pid-448782
---ebpf-pid----448782----pid-448520
---ebpf-pid----448782----pid-1
---ebpf-pid----448782----pid-448782
---ebpf-pid----448782----pid-448520
---ebpf-pid----448782----pid-1
---ebpf-pid----5705----pid-5705
---ebpf-pid----5705----pid-5476
---ebpf-pid----5705----pid-1
---ebpf-pid----5705----pid-5705
---ebpf-pid----5705----pid-5476
---ebpf-pid----2029----pid-1
---ebpf-pid----2029----pid-2029
---ebpf-pid----5705----pid-1
---ebpf-pid----8856----pid-8856
---ebpf-pid----8856----pid-7890
---ebpf-pid----8856----pid-1
---ebpf-pid----8856----pid-8856
---ebpf-pid----8856----pid-7890
---ebpf-pid----8856----pid-1
---ebpf-pid----5705----pid-5705
---ebpf-pid----5705----pid-5476
---ebpf-pid----5705----pid-1
---ebpf-pid----5705----pid-5705
---ebpf-pid----2029----pid-1
---ebpf-pid----5705----pid-5476
---ebpf-pid----2029----pid-2029
---ebpf-pid----5705----pid-1
---ebpf-pid----5705----pid-5705
---ebpf-pid----5705----pid-5476
---ebpf-pid----5705----pid-1
---ebpf-pid----5705----pid-5705
---ebpf-pid----5705----pid-5476
---ebpf-pid----5705----pid-1
---ebpf-pid----5705----pid-5705
---ebpf-pid----5705----pid-5476
---ebpf-pid----2029----pid-1
---ebpf-pid----2029----pid-2029
---ebpf-pid----5705----pid-1
---ebpf-pid----2029----pid-1
---ebpf-pid----5705----pid-5705
---ebpf-pid----2029----pid-2029
---ebpf-pid----2029----pid-1
---ebpf-pid----2029----pid-2029
---ebpf-pid----5705----pid-5476
---ebpf-pid----2029----pid-1
---ebpf-pid----2029----pid-1
---ebpf-pid----2029----pid-2029
---ebpf-pid----2029----pid-2029
---ebpf-pid----2029----pid-1
---ebpf-pid----2029----pid-2029
---ebpf-pid----2029----pid-1
---ebpf-pid----2029----pid-2029
---ebpf-pid----2029----pid-1
---ebpf-pid----2029----pid-2029
---ebpf-pid----2029----pid-1
---ebpf-pid----2029----pid-2029
---ebpf-pid----2029----pid-1
---ebpf-pid----2029----pid-2029
---ebpf-pid----2029----pid-1
---ebpf-pid----2029----pid-2029
---ebpf-pid----2029----pid-1
---ebpf-pid----2029----pid-2029
---ebpf-pid----2029----pid-1
---ebpf-pid----2029----pid-2029
---ebpf-pid----2029----pid-1
---ebpf-pid----2029----pid-2029
---ebpf-pid----2029----pid-1
---ebpf-pid----2029----pid-1
---ebpf-pid----2029----pid-2029
---ebpf-pid----2029----pid-2029
---ebpf-pid----2029----pid-1
---ebpf-pid----2029----pid-1
---ebpf-pid----2029----pid-2029
---ebpf-pid----2029----pid-2029
---ebpf-pid----5705----pid-1
---ebpf-pid----5705----pid-5705
---ebpf-pid----2029----pid-1
---ebpf-pid----5705----pid-5476
---ebpf-pid----5705----pid-1
---ebpf-pid----5705----pid-5705
---ebpf-pid----5705----pid-5476
---ebpf-pid----5705----pid-1
---ebpf-pid----2029----pid-1
---ebpf-pid----5707----pid-5707
---ebpf-pid----5707----pid-5476
---ebpf-pid----5707----pid-1
---ebpf-pid----5707----pid-5707
---ebpf-pid----2029----pid-2029
---ebpf-pid----5707----pid-5476
---ebpf-pid----5707----pid-1
---ebpf-pid----5707----pid-5707
---ebpf-pid----5707----pid-5476
---ebpf-pid----2029----pid-2029
---ebpf-pid----5707----pid-1
---ebpf-pid----5707----pid-5707
---ebpf-pid----5707----pid-5476
---ebpf-pid----5707----pid-1
---ebpf-pid----5707----pid-5707
---ebpf-pid----5707----pid-5476
---ebpf-pid----5707----pid-1
---ebpf-pid----5707----pid-5707
---ebpf-pid----5707----pid-5476
---ebpf-pid----5707----pid-1
---ebpf-pid----5707----pid-5707
---ebpf-pid----5707----pid-5476
---ebpf-pid----5707----pid-1
---ebpf-pid----2029----pid-1
---ebpf-pid----5707----pid-5707
---ebpf-pid----2029----pid-1
---ebpf-pid----5707----pid-5476
---ebpf-pid----5707----pid-1
---ebpf-pid----5707----pid-5707
---ebpf-pid----5707----pid-5476
---ebpf-pid----5707----pid-1
---ebpf-pid----5707----pid-5707
---ebpf-pid----2029----pid-2029
---ebpf-pid----5707----pid-5476
---ebpf-pid----2029----pid-1
---ebpf-pid----2029----pid-2029
---ebpf-pid----5707----pid-1
---ebpf-pid----448782----pid-448782
---ebpf-pid----2029----pid-1
---ebpf-pid----2029----pid-2029
---ebpf-pid----448782----pid-448520
---ebpf-pid----2029----pid-1
---ebpf-pid----2029----pid-2029
---ebpf-pid----448782----pid-1
---ebpf-pid----5707----pid-5707
---ebpf-pid----2029----pid-1
---ebpf-pid----2029----pid-2029
---ebpf-pid----5707----pid-5476
---ebpf-pid----2029----pid-1
---ebpf-pid----5707----pid-1
---ebpf-pid----2029----pid-2029
---ebpf-pid----379067----pid-379067
---ebpf-pid----2029----pid-1
---ebpf-pid----379067----pid-5476
---ebpf-pid----2029----pid-2029
---ebpf-pid----379067----pid-1
---ebpf-pid----379067----pid-379067
---ebpf-pid----2029----pid-1
---ebpf-pid----2029----pid-2029
---ebpf-pid----379067----pid-5476
---ebpf-pid----2029----pid-1
---ebpf-pid----379067----pid-1
---ebpf-pid----2029----pid-2029
---ebpf-pid----448782----pid-448782
---ebpf-pid----2029----pid-1
---ebpf-pid----448782----pid-448520
---ebpf-pid----2029----pid-2029
---ebpf-pid----2029----pid-1
---ebpf-pid----2029----pid-2029
---ebpf-pid----2029----pid-1
---ebpf-pid----2029----pid-2029
---ebpf-pid----2029----pid-2029
---ebpf-pid----2029----pid-1
---ebpf-pid----2029----pid-2029
---ebpf-pid----2029----pid-1
---ebpf-pid----2029----pid-1
---ebpf-pid----448782----pid-1
---ebpf-pid----2029----pid-2029
---ebpf-pid----2029----pid-2029
---ebpf-pid----448782----pid-448782
---ebpf-pid----2029----pid-1
---ebpf-pid----2029----pid-2029
---ebpf-pid----2029----pid-1
---ebpf-pid----448782----pid-448520
---ebpf-pid----2029----pid-2029
---ebpf-pid----2029----pid-1
---ebpf-pid----2029----pid-2029
---ebpf-pid----448782----pid-1
---ebpf-pid----2029----pid-1
---ebpf-pid----379067----pid-379067
---ebpf-pid----372881----pid-372881
---ebpf-pid----2029----pid-1
---ebpf-pid----379067----pid-5476
---ebpf-pid----2029----pid-2029
---ebpf-pid----372881----pid-1
---ebpf-pid----372881----pid-372881
---ebpf-pid----2029----pid-1
---ebpf-pid----379067----pid-1
---ebpf-pid----2029----pid-2029
---ebpf-pid----379067----pid-379067
---ebpf-pid----372881----pid-1
---ebpf-pid----372881----pid-372881
---ebpf-pid----2029----pid-1
---ebpf-pid----379067----pid-5476
---ebpf-pid----2029----pid-2029
---ebpf-pid----372881----pid-1
---ebpf-pid----372881----pid-372881
---ebpf-pid----2029----pid-1
---ebpf-pid----379067----pid-1
---ebpf-pid----2029----pid-2029
---ebpf-pid----379067----pid-379067
---ebpf-pid----372881----pid-1
---ebpf-pid----372881----pid-372881
---ebpf-pid----2029----pid-1
---ebpf-pid----379067----pid-5476
---ebpf-pid----2029----pid-2029
---ebpf-pid----372881----pid-1
---ebpf-pid----372881----pid-372881
---ebpf-pid----379067----pid-1
---ebpf-pid----379067----pid-379067
---ebpf-pid----2029----pid-1
---ebpf-pid----372881----pid-1
---ebpf-pid----2029----pid-2029
---ebpf-pid----379067----pid-5476
---ebpf-pid----372881----pid-372881
---ebpf-pid----2029----pid-1
---ebpf-pid----379067----pid-1
---ebpf-pid----372881----pid-1
---ebpf-pid----2029----pid-2029
---ebpf-pid----448782----pid-448782
---ebpf-pid----372881----pid-372881
---ebpf-pid----2029----pid-1
---ebpf-pid----372881----pid-1
---ebpf-pid----448782----pid-448520
---ebpf-pid----2029----pid-2029
---ebpf-pid----372881----pid-372881
---ebpf-pid----448782----pid-1
---ebpf-pid----2029----pid-1
---ebpf-pid----2029----pid-2029
---ebpf-pid----2029----pid-1
---ebpf-pid----2029----pid-2029
---ebpf-pid----448782----pid-448782
---ebpf-pid----2029----pid-1
---ebpf-pid----2029----pid-2029
---ebpf-pid----448782----pid-448520
---ebpf-pid----2029----pid-1
---ebpf-pid----448782----pid-1
---ebpf-pid----2029----pid-2029
---ebpf-pid----448782----pid-448782
---ebpf-pid----2029----pid-1
---ebpf-pid----448782----pid-448520
---ebpf-pid----2029----pid-2029
---ebpf-pid----448782----pid-1
---ebpf-pid----448782----pid-448782
---ebpf-pid----2029----pid-1
---ebpf-pid----2029----pid-2029
---ebpf-pid----448782----pid-448520
---ebpf-pid----2029----pid-1
---ebpf-pid----2029----pid-2029
---ebpf-pid----448782----pid-1
---ebpf-pid----448782----pid-448782
---ebpf-pid----2029----pid-1
---ebpf-pid----2029----pid-2029
---ebpf-pid----448782----pid-448520
---ebpf-pid----2029----pid-1
---ebpf-pid----448782----pid-1
---ebpf-pid----2029----pid-2029
---ebpf-pid----448783----pid-448783
---ebpf-pid----2029----pid-1
---ebpf-pid----448783----pid-448520
---ebpf-pid----2029----pid-2029
---ebpf-pid----448783----pid-1
---ebpf-pid----2029----pid-1
---ebpf-pid----2029----pid-2029
---ebpf-pid----448782----pid-448782
---ebpf-pid----2029----pid-1
---ebpf-pid----2029----pid-2029
---ebpf-pid----448782----pid-448520
---ebpf-pid----2029----pid-1
---ebpf-pid----448782----pid-1
---ebpf-pid----2029----pid-2029
---ebpf-pid----5705----pid-5705
---ebpf-pid----2029----pid-1
---ebpf-pid----5705----pid-5476
---ebpf-pid----2029----pid-2029
---ebpf-pid----5705----pid-1
---ebpf-pid----2029----pid-1
---ebpf-pid----5705----pid-5705
---ebpf-pid----2029----pid-2029
---ebpf-pid----2029----pid-1
---ebpf-pid----5705----pid-5476
---ebpf-pid----2029----pid-2029
---ebpf-pid----5705----pid-1
---ebpf-pid----2029----pid-1
---ebpf-pid----5705----pid-5705
---ebpf-pid----2029----pid-2029
---ebpf-pid----5705----pid-5476
---ebpf-pid----2029----pid-1
---ebpf-pid----2029----pid-2029
---ebpf-pid----5705----pid-1
---ebpf-pid----448782----pid-448782
---ebpf-pid----2029----pid-1
---ebpf-pid----2029----pid-2029
---ebpf-pid----2029----pid-1
---ebpf-pid----2029----pid-2029
---ebpf-pid----2029----pid-1
---ebpf-pid----2029----pid-2029
---ebpf-pid----2029----pid-1
---ebpf-pid----2029----pid-2029
---ebpf-pid----2029----pid-1
---ebpf-pid----2029----pid-2029
---ebpf-pid----2029----pid-1
---ebpf-pid----2029----pid-2029
---ebpf-pid----2029----pid-1
---ebpf-pid----2029----pid-2029
---ebpf-pid----2029----pid-1
---ebpf-pid----2029----pid-2029
---ebpf-pid----2029----pid-1
---ebpf-pid----2029----pid-2029
---ebpf-pid----2029----pid-1
---ebpf-pid----2029----pid-2029
---ebpf-pid----2029----pid-1
---ebpf-pid----2029----pid-2029
---ebpf-pid----2029----pid-1
---ebpf-pid----2029----pid-2029
---ebpf-pid----2029----pid-1
---ebpf-pid----2029----pid-2029
---ebpf-pid----2029----pid-1
---ebpf-pid----2029----pid-2029
---ebpf-pid----2029----pid-1
---ebpf-pid----2029----pid-2029
---ebpf-pid----2029----pid-1
---ebpf-pid----2029----pid-2029
---ebpf-pid----2029----pid-1
---ebpf-pid----448782----pid-448520
---ebpf-pid----448782----pid-1
---ebpf-pid----5705----pid-5705
---ebpf-pid----372881----pid-1
---ebpf-pid----2094----pid-2094
---ebpf-pid----5705----pid-5476
---ebpf-pid----5705----pid-1
---ebpf-pid----5705----pid-5705
---ebpf-pid----2094----pid-1
---ebpf-pid----2094----pid-2094
---ebpf-pid----5705----pid-5476
---ebpf-pid----5705----pid-1
---ebpf-pid----2094----pid-1
---ebpf-pid----5705----pid-5705
---ebpf-pid----2094----pid-2094
---ebpf-pid----5705----pid-5476
---ebpf-pid----2029----pid-2029
---ebpf-pid----2094----pid-1
---ebpf-pid----2094----pid-2094
---ebpf-pid----5705----pid-1
---ebpf-pid----2029----pid-1
---ebpf-pid----5705----pid-5705
---ebpf-pid----2094----pid-1
---ebpf-pid----2029----pid-2029
---ebpf-pid----2094----pid-2094
---ebpf-pid----5705----pid-5476
---ebpf-pid----2029----pid-1
---ebpf-pid----2029----pid-2029
---ebpf-pid----2094----pid-1
---ebpf-pid----5705----pid-1
---ebpf-pid----2094----pid-2094
---ebpf-pid----5705----pid-5705
---ebpf-pid----2029----pid-1
---ebpf-pid----2029----pid-2029
---ebpf-pid----2094----pid-1
---ebpf-pid----5705----pid-5476
---ebpf-pid----2029----pid-1
---ebpf-pid----2029----pid-2029
---ebpf-pid----5705----pid-1
---ebpf-pid----448782----pid-448782
---ebpf-pid----2029----pid-1
---ebpf-pid----2029----pid-2029
---ebpf-pid----448782----pid-448520
---ebpf-pid----2029----pid-1
---ebpf-pid----2029----pid-2029
---ebpf-pid----448782----pid-1
---ebpf-pid----448782----pid-448782
---ebpf-pid----2029----pid-1
---ebpf-pid----2029----pid-2029
---ebpf-pid----448782----pid-448520
---ebpf-pid----2029----pid-1
---ebpf-pid----448782----pid-1
---ebpf-pid----2029----pid-2029
---ebpf-pid----448783----pid-448783
---ebpf-pid----2029----pid-1
---ebpf-pid----448783----pid-448520
---ebpf-pid----2029----pid-2029
---ebpf-pid----448783----pid-1
---ebpf-pid----2029----pid-1
---ebpf-pid----14----pid-14
---ebpf-pid----2029----pid-2029
---ebpf-pid----14----pid-2
---ebpf-pid----448783----pid-448783
---ebpf-pid----2029----pid-1
---ebpf-pid----2029----pid-2029
---ebpf-pid----448783----pid-448520
---ebpf-pid----2029----pid-1
---ebpf-pid----2029----pid-2029
---ebpf-pid----448783----pid-1
---ebpf-pid----448783----pid-448783
---ebpf-pid----2029----pid-1
---ebpf-pid----2029----pid-2029
---ebpf-pid----448783----pid-448520
---ebpf-pid----2029----pid-1
---ebpf-pid----2029----pid-2029
---ebpf-pid----2029----pid-1
---ebpf-pid----2029----pid-2029
---ebpf-pid----448783----pid-1
---ebpf-pid----2029----pid-1
---ebpf-pid----2029----pid-2029
---ebpf-pid----448783----pid-448783
---ebpf-pid----2029----pid-1
---ebpf-pid----448783----pid-448520
---ebpf-pid----2029----pid-2029
---ebpf-pid----2029----pid-1
---ebpf-pid----2029----pid-2029
---ebpf-pid----448783----pid-1
---ebpf-pid----448783----pid-448783
---ebpf-pid----2029----pid-1
---ebpf-pid----2094----pid-2094
---ebpf-pid----448783----pid-448520
---ebpf-pid----2029----pid-2029
---ebpf-pid----2094----pid-1
---ebpf-pid----2094----pid-2094
---ebpf-pid----2094----pid-1
---ebpf-pid----2029----pid-1
---ebpf-pid----2094----pid-2094
---ebpf-pid----448783----pid-1
---ebpf-pid----2094----pid-1
---ebpf-pid----372881----pid-372881
---ebpf-pid----2029----pid-2029
---ebpf-pid----2029----pid-1
---ebpf-pid----2029----pid-2029
---ebpf-pid----448783----pid-448783
---ebpf-pid----372881----pid-1
---ebpf-pid----372881----pid-372881
---ebpf-pid----448783----pid-448520
---ebpf-pid----372881----pid-1
---ebpf-pid----372881----pid-372881
---ebpf-pid----448783----pid-1
---ebpf-pid----2029----pid-1
---ebpf-pid----2029----pid-2029
---ebpf-pid----448783----pid-448783
---ebpf-pid----448783----pid-448520
---ebpf-pid----448783----pid-1
---ebpf-pid----448783----pid-448783
---ebpf-pid----448783----pid-448520
---ebpf-pid----448783----pid-1
---ebpf-pid----2029----pid-1
---ebpf-pid----448783----pid-448783
---ebpf-pid----2029----pid-2029
---ebpf-pid----372881----pid-1
---ebpf-pid----448783----pid-448520
---ebpf-pid----448783----pid-1
---ebpf-pid----448783----pid-448783
---ebpf-pid----2029----pid-1
---ebpf-pid----448783----pid-448520
---ebpf-pid----372881----pid-372881
---ebpf-pid----448783----pid-1
---ebpf-pid----441911----pid-441911
---ebpf-pid----372881----pid-1
---ebpf-pid----372881----pid-372881
---ebpf-pid----441911----pid-2
---ebpf-pid----441911----pid-441911
---ebpf-pid----2029----pid-2029
---ebpf-pid----441911----pid-2
---ebpf-pid----441911----pid-441911
---ebpf-pid----2029----pid-1
---ebpf-pid----2029----pid-2029
---ebpf-pid----441911----pid-2
---ebpf-pid----6671----pid-6671
---ebpf-pid----2029----pid-1
---ebpf-pid----2029----pid-2029
---ebpf-pid----6671----pid-5476
---ebpf-pid----6671----pid-1
---ebpf-pid----6671----pid-6671
---ebpf-pid----372881----pid-1
---ebpf-pid----6671----pid-5476
---ebpf-pid----372881----pid-372881
---ebpf-pid----6671----pid-1
---ebpf-pid----372881----pid-1
---ebpf-pid----6671----pid-6671
---ebpf-pid----372881----pid-372881
---ebpf-pid----6671----pid-5476
---ebpf-pid----372881----pid-1
---ebpf-pid----372881----pid-372881
---ebpf-pid----6671----pid-1
---ebpf-pid----6671----pid-6671
---ebpf-pid----372881----pid-1
---ebpf-pid----372881----pid-372881
---ebpf-pid----6671----pid-5476
---ebpf-pid----372881----pid-1
---ebpf-pid----6671----pid-1
---ebpf-pid----6671----pid-6671
---ebpf-pid----2029----pid-1
---ebpf-pid----2029----pid-2029
---ebpf-pid----6671----pid-5476
---ebpf-pid----2029----pid-1
---ebpf-pid----6671----pid-1
---ebpf-pid----6671----pid-6671
---ebpf-pid----2029----pid-2029
---ebpf-pid----6671----pid-5476
---ebpf-pid----2029----pid-1
---ebpf-pid----6671----pid-1
---ebpf-pid----2029----pid-2029
---ebpf-pid----6671----pid-6671
---ebpf-pid----2029----pid-1
---ebpf-pid----6671----pid-5476
---ebpf-pid----2029----pid-2029
---ebpf-pid----6671----pid-1
---ebpf-pid----2029----pid-1
---ebpf-pid----6671----pid-6671
---ebpf-pid----2029----pid-2029
---ebpf-pid----6671----pid-5476
---ebpf-pid----2029----pid-1
---ebpf-pid----2029----pid-2029
---ebpf-pid----6671----pid-1
---ebpf-pid----6671----pid-6671
---ebpf-pid----2029----pid-1
---ebpf-pid----2029----pid-2029
---ebpf-pid----6671----pid-5476
---ebpf-pid----2029----pid-1
---ebpf-pid----6671----pid-1
---ebpf-pid----2029----pid-2029
---ebpf-pid----6671----pid-6671
---ebpf-pid----2029----pid-1
---ebpf-pid----2029----pid-2029
---ebpf-pid----2094----pid-2094
---ebpf-pid----2094----pid-1
---ebpf-pid----2094----pid-2094
---ebpf-pid----2094----pid-1
---ebpf-pid----2094----pid-2094
---ebpf-pid----2094----pid-1
---ebpf-pid----2094----pid-2094
---ebpf-pid----2094----pid-1
---ebpf-pid----2094----pid-2094
---ebpf-pid----2094----pid-1
---ebpf-pid----2094----pid-2094
---ebpf-pid----2094----pid-1
---ebpf-pid----2094----pid-2094
---ebpf-pid----2094----pid-1
---ebpf-pid----2094----pid-2094
---ebpf-pid----2094----pid-1
---ebpf-pid----2094----pid-2094
---ebpf-pid----2094----pid-1
---ebpf-pid----2094----pid-2094
---ebpf-pid----2094----pid-1
---ebpf-pid----2094----pid-2094
---ebpf-pid----2094----pid-1
---ebpf-pid----2094----pid-2094
---ebpf-pid----2094----pid-1
---ebpf-pid----2094----pid-2094
---ebpf-pid----2094----pid-1
---ebpf-pid----2094----pid-2094
---ebpf-pid----2094----pid-1
---ebpf-pid----2094----pid-2094
---ebpf-pid----2094----pid-1
---ebpf-pid----2094----pid-2094
---ebpf-pid----2029----pid-1
---ebpf-pid----2029----pid-2029
---ebpf-pid----2029----pid-1
---ebpf-pid----2029----pid-2029
---ebpf-pid----2029----pid-1
---ebpf-pid----2029----pid-2029
---ebpf-pid----2029----pid-1
---ebpf-pid----2029----pid-2029
---ebpf-pid----2029----pid-1
---ebpf-pid----2029----pid-2029
---ebpf-pid----2029----pid-1
---ebpf-pid----2029----pid-2029
---ebpf-pid----2029----pid-1
---ebpf-pid----2029----pid-2029
---ebpf-pid----2029----pid-1
---ebpf-pid----2029----pid-2029
---ebpf-pid----2029----pid-1
---ebpf-pid----2029----pid-2029
---ebpf-pid----2029----pid-1
---ebpf-pid----2029----pid-2029
---ebpf-pid----2029----pid-1
---ebpf-pid----2029----pid-2029
---ebpf-pid----2029----pid-1
---ebpf-pid----6671----pid-5476
---ebpf-pid----2029----pid-2029
---ebpf-pid----6671----pid-1
---ebpf-pid----2029----pid-1
---ebpf-pid----6671----pid-6671
---ebpf-pid----2029----pid-2029
---ebpf-pid----6671----pid-5476
---ebpf-pid----2029----pid-1
---ebpf-pid----2029----pid-2029
---ebpf-pid----6671----pid-1
---ebpf-pid----6671----pid-6671
---ebpf-pid----2029----pid-1
---ebpf-pid----2029----pid-2029
---ebpf-pid----6671----pid-5476
---ebpf-pid----2029----pid-1
---ebpf-pid----2029----pid-2029
---ebpf-pid----6671----pid-1
---ebpf-pid----6671----pid-6671
---ebpf-pid----2029----pid-1
---ebpf-pid----2029----pid-2029
---ebpf-pid----6671----pid-5476
---ebpf-pid----2029----pid-1
---ebpf-pid----6671----pid-1
---ebpf-pid----2029----pid-2029
---ebpf-pid----6671----pid-6671
---ebpf-pid----2029----pid-1
---ebpf-pid----6671----pid-5476
---ebpf-pid----2029----pid-2029
---ebpf-pid----6671----pid-1
---ebpf-pid----2029----pid-1
---ebpf-pid----6671----pid-6671
---ebpf-pid----2029----pid-2029
---ebpf-pid----6671----pid-5476
---ebpf-pid----2029----pid-1
---ebpf-pid----2029----pid-2029
---ebpf-pid----6671----pid-1
---ebpf-pid----6671----pid-6671
---ebpf-pid----2029----pid-1
---ebpf-pid----2029----pid-2029
---ebpf-pid----6671----pid-5476
---ebpf-pid----2029----pid-1
---ebpf-pid----2029----pid-2029
---ebpf-pid----6671----pid-1
---ebpf-pid----6671----pid-6671
---ebpf-pid----2094----pid-1
---ebpf-pid----6671----pid-5476
---ebpf-pid----2094----pid-2094
---ebpf-pid----6671----pid-1
---ebpf-pid----6671----pid-6671
---ebpf-pid----2094----pid-1
---ebpf-pid----2094----pid-2094
---ebpf-pid----6671----pid-5476
---ebpf-pid----2094----pid-1
---ebpf-pid----6671----pid-1
---ebpf-pid----2089----pid-2089
---ebpf-pid----6671----pid-6671
---ebpf-pid----2089----pid-1
---ebpf-pid----6671----pid-5476
---ebpf-pid----2089----pid-2089
---ebpf-pid----6671----pid-1
---ebpf-pid----2089----pid-1
---ebpf-pid----1856----pid-1856
---ebpf-pid----2089----pid-2089
---ebpf-pid----2089----pid-1
---ebpf-pid----1856----pid-1
---ebpf-pid----2089----pid-2089
---ebpf-pid----448785----pid-448785
---ebpf-pid----2089----pid-1
---ebpf-pid----448785----pid-448520
---ebpf-pid----2089----pid-2089
---ebpf-pid----2089----pid-1
---ebpf-pid----2089----pid-2089
---ebpf-pid----2089----pid-1
---ebpf-pid----2089----pid-2089
---ebpf-pid----2089----pid-1
---ebpf-pid----2089----pid-2089
---ebpf-pid----2089----pid-1
---ebpf-pid----2089----pid-2089
---ebpf-pid----2089----pid-1
---ebpf-pid----2089----pid-2089
---ebpf-pid----2089----pid-1
---ebpf-pid----2089----pid-2089
---ebpf-pid----2089----pid-1
---ebpf-pid----2089----pid-2089
---ebpf-pid----448785----pid-1
---ebpf-pid----448785----pid-448785
---ebpf-pid----448785----pid-448520
---ebpf-pid----448785----pid-1
---ebpf-pid----372714----pid-372714
---ebpf-pid----372714----pid-5476
---ebpf-pid----372714----pid-1
---ebpf-pid----372714----pid-372714
---ebpf-pid----372714----pid-5476
---ebpf-pid----372714----pid-1
---ebpf-pid----372714----pid-372714
---ebpf-pid----372714----pid-5476
---ebpf-pid----372714----pid-1
---ebpf-pid----372714----pid-372714
---ebpf-pid----2089----pid-1
---ebpf-pid----2089----pid-2089
---ebpf-pid----2089----pid-1
---ebpf-pid----2089----pid-2089
---ebpf-pid----2089----pid-1
---ebpf-pid----2029----pid-1
---ebpf-pid----2089----pid-2089
---ebpf-pid----2029----pid-2029
---ebpf-pid----2029----pid-1
---ebpf-pid----2089----pid-1
---ebpf-pid----2029----pid-2029
---ebpf-pid----2089----pid-2089
---ebpf-pid----2029----pid-1
---ebpf-pid----2089----pid-1
---ebpf-pid----2029----pid-2029
---ebpf-pid----2089----pid-2089
---ebpf-pid----2089----pid-1
---ebpf-pid----2029----pid-1
---ebpf-pid----2089----pid-2089
---ebpf-pid----2029----pid-2029
---ebpf-pid----2089----pid-1
---ebpf-pid----2029----pid-1
---ebpf-pid----2029----pid-2029
---ebpf-pid----5707----pid-5707
---ebpf-pid----2029----pid-1
---ebpf-pid----2089----pid-2089
---ebpf-pid----2089----pid-1
---ebpf-pid----2089----pid-2089
---ebpf-pid----2089----pid-1
---ebpf-pid----2089----pid-2089
---ebpf-pid----2089----pid-1
---ebpf-pid----2089----pid-2089
---ebpf-pid----5707----pid-5476
---ebpf-pid----2089----pid-1
---ebpf-pid----2089----pid-2089
---ebpf-pid----372714----pid-5476
---ebpf-pid----2089----pid-1
---ebpf-pid----2089----pid-2089
---ebpf-pid----2089----pid-1
---ebpf-pid----2089----pid-2089
---ebpf-pid----2089----pid-1
---ebpf-pid----2089----pid-2089
---ebpf-pid----5707----pid-1
---ebpf-pid----5707----pid-5707
---ebpf-pid----2089----pid-1
---ebpf-pid----2089----pid-2089
---ebpf-pid----5707----pid-5476
---ebpf-pid----2089----pid-1
---ebpf-pid----5707----pid-1
---ebpf-pid----2089----pid-2089
---ebpf-pid----5707----pid-5707
---ebpf-pid----2089----pid-1
---ebpf-pid----5707----pid-5476
---ebpf-pid----372714----pid-372714
---ebpf-pid----5707----pid-1
---ebpf-pid----372714----pid-5476
---ebpf-pid----5707----pid-5707
---ebpf-pid----372714----pid-1
---ebpf-pid----5707----pid-5476
---ebpf-pid----6671----pid-6671
---ebpf-pid----5707----pid-1
---ebpf-pid----6671----pid-5476
---ebpf-pid----5707----pid-5707
---ebpf-pid----6671----pid-1
---ebpf-pid----5707----pid-5476
---ebpf-pid----6671----pid-6671
---ebpf-pid----372714----pid-1
---ebpf-pid----372714----pid-372714
---ebpf-pid----372714----pid-5476
---ebpf-pid----372714----pid-1
---ebpf-pid----372714----pid-372714
---ebpf-pid----372714----pid-5476
---ebpf-pid----372714----pid-1
---ebpf-pid----372714----pid-372714
---ebpf-pid----372714----pid-5476
---ebpf-pid----5707----pid-1
---ebpf-pid----5707----pid-5707
---ebpf-pid----372714----pid-1
---ebpf-pid----372714----pid-372714
---ebpf-pid----5707----pid-5476
---ebpf-pid----372714----pid-5476
---ebpf-pid----5707----pid-1
---ebpf-pid----6671----pid-5476
---ebpf-pid----5707----pid-5707
---ebpf-pid----6671----pid-1
---ebpf-pid----5707----pid-5476
---ebpf-pid----372714----pid-372714
---ebpf-pid----5707----pid-1
---ebpf-pid----5707----pid-5707
---ebpf-pid----372714----pid-5476
---ebpf-pid----372714----pid-1
---ebpf-pid----5707----pid-5476
---ebpf-pid----372714----pid-1
---ebpf-pid----448785----pid-448785
---ebpf-pid----6671----pid-6671
---ebpf-pid----5707----pid-1
---ebpf-pid----379067----pid-379067
---ebpf-pid----6671----pid-5476
---ebpf-pid----6671----pid-1
---ebpf-pid----379067----pid-5476
---ebpf-pid----448785----pid-448520
---ebpf-pid----6671----pid-6671
---ebpf-pid----379067----pid-1
---ebpf-pid----379067----pid-379067
---ebpf-pid----448785----pid-1
---ebpf-pid----6671----pid-5476
---ebpf-pid----372714----pid-372714
---ebpf-pid----379067----pid-5476
---ebpf-pid----6671----pid-1
---ebpf-pid----372714----pid-5476
---ebpf-pid----372714----pid-372714
---ebpf-pid----379067----pid-1
---ebpf-pid----379067----pid-379067
---ebpf-pid----372714----pid-1
---ebpf-pid----372714----pid-5476
---ebpf-pid----372714----pid-372714
---ebpf-pid----379067----pid-5476
---ebpf-pid----372714----pid-1
---ebpf-pid----372714----pid-5476
---ebpf-pid----379067----pid-1
---ebpf-pid----372714----pid-372714
---ebpf-pid----379067----pid-379067
---ebpf-pid----372714----pid-1
---ebpf-pid----372714----pid-5476
---ebpf-pid----372714----pid-372714
---ebpf-pid----379067----pid-5476
---ebpf-pid----372714----pid-1
---ebpf-pid----372714----pid-5476
---ebpf-pid----379067----pid-1
---ebpf-pid----372714----pid-372714
---ebpf-pid----379067----pid-379067
---ebpf-pid----372714----pid-1
---ebpf-pid----372714----pid-5476
---ebpf-pid----372714----pid-372714
---ebpf-pid----379067----pid-5476
---ebpf-pid----372714----pid-1
---ebpf-pid----372714----pid-5476
---ebpf-pid----379067----pid-1
---ebpf-pid----2029----pid-2029
---ebpf-pid----5705----pid-5705
---ebpf-pid----372714----pid-1
---ebpf-pid----2029----pid-1
---ebpf-pid----372714----pid-372714
---ebpf-pid----5705----pid-5476
---ebpf-pid----2029----pid-2029
---ebpf-pid----5705----pid-1
---ebpf-pid----372714----pid-5476
---ebpf-pid----5705----pid-5705
---ebpf-pid----372714----pid-1
---ebpf-pid----372714----pid-372714
---ebpf-pid----5705----pid-5476
---ebpf-pid----372714----pid-5476
---ebpf-pid----5705----pid-1
---ebpf-pid----5705----pid-5705
---ebpf-pid----372714----pid-1
---ebpf-pid----372714----pid-372714
---ebpf-pid----5705----pid-5476
---ebpf-pid----372714----pid-5476
---ebpf-pid----5705----pid-1
---ebpf-pid----5705----pid-5705
---ebpf-pid----372714----pid-1
---ebpf-pid----372714----pid-372714
---ebpf-pid----5705----pid-5476
---ebpf-pid----372714----pid-5476
---ebpf-pid----5705----pid-1
---ebpf-pid----372714----pid-1
---ebpf-pid----2094----pid-2094
---ebpf-pid----372714----pid-372714
---ebpf-pid----2094----pid-1
---ebpf-pid----372714----pid-5476
---ebpf-pid----2094----pid-2094
---ebpf-pid----2029----pid-1
---ebpf-pid----2094----pid-1
---ebpf-pid----372714----pid-1
---ebpf-pid----2094----pid-2094
---ebpf-pid----2029----pid-2029
---ebpf-pid----5707----pid-5707
---ebpf-pid----2029----pid-1
---ebpf-pid----2094----pid-1
---ebpf-pid----5707----pid-5476
---ebpf-pid----2094----pid-2094
---ebpf-pid----2029----pid-2029
---ebpf-pid----5707----pid-1
---ebpf-pid----2029----pid-1
---ebpf-pid----2094----pid-1
---ebpf-pid----2029----pid-2029
---ebpf-pid----7312----pid-7312
---ebpf-pid----2094----pid-2094
---ebpf-pid----7312----pid-1
---ebpf-pid----2094----pid-1
---ebpf-pid----7312----pid-7312
---ebpf-pid----2094----pid-2094
---ebpf-pid----7312----pid-1
---ebpf-pid----5707----pid-5707
---ebpf-pid----2094----pid-1
---ebpf-pid----2094----pid-2094
---ebpf-pid----5707----pid-5476
---ebpf-pid----2094----pid-1
---ebpf-pid----2094----pid-2094
---ebpf-pid----5707----pid-1
---ebpf-pid----5707----pid-5707
---ebpf-pid----2094----pid-1
---ebpf-pid----5707----pid-5476
---ebpf-pid----2094----pid-2094
---ebpf-pid----5707----pid-1
---ebpf-pid----2094----pid-1
---ebpf-pid----5707----pid-5707
---ebpf-pid----2094----pid-2094
---ebpf-pid----5707----pid-5476
---ebpf-pid----2094----pid-1
---ebpf-pid----2094----pid-2094
---ebpf-pid----5707----pid-1
---ebpf-pid----5707----pid-5707
---ebpf-pid----2094----pid-1
---ebpf-pid----2094----pid-2094
---ebpf-pid----5707----pid-5476
---ebpf-pid----2094----pid-1
---ebpf-pid----5707----pid-1
---ebpf-pid----2094----pid-2094
---ebpf-pid----5707----pid-5707
---ebpf-pid----5707----pid-5476
---ebpf-pid----2094----pid-1
---ebpf-pid----5707----pid-1
---ebpf-pid----5707----pid-5707
---ebpf-pid----2094----pid-2094
---ebpf-pid----5707----pid-5476
---ebpf-pid----2094----pid-1
---ebpf-pid----2094----pid-2094
---ebpf-pid----5707----pid-1
---ebpf-pid----5707----pid-5707
---ebpf-pid----2094----pid-1
---ebpf-pid----5707----pid-5476
---ebpf-pid----2094----pid-2094
---ebpf-pid----5707----pid-1
---ebpf-pid----2094----pid-1
---ebpf-pid----5707----pid-5707
---ebpf-pid----2094----pid-2094
---ebpf-pid----5707----pid-5476
---ebpf-pid----2094----pid-1
---ebpf-pid----5707----pid-1
---ebpf-pid----2094----pid-2094
---ebpf-pid----5707----pid-5707
---ebpf-pid----5707----pid-5476
---ebpf-pid----2094----pid-1
---ebpf-pid----2094----pid-2094
---ebpf-pid----5707----pid-1
---ebpf-pid----5707----pid-5707
---ebpf-pid----2094----pid-1
---ebpf-pid----2094----pid-2094
---ebpf-pid----5707----pid-5476
---ebpf-pid----2094----pid-1
---ebpf-pid----5707----pid-1
---ebpf-pid----2094----pid-2094
---ebpf-pid----5707----pid-5707
---ebpf-pid----2094----pid-1
---ebpf-pid----2029----pid-1
---ebpf-pid----2094----pid-2094
---ebpf-pid----5707----pid-5476
---ebpf-pid----2029----pid-2029
---ebpf-pid----2094----pid-1
---ebpf-pid----5707----pid-1
---ebpf-pid----2029----pid-1
---ebpf-pid----2094----pid-2094
---ebpf-pid----5707----pid-5707
---ebpf-pid----2029----pid-2029
---ebpf-pid----2094----pid-1
---ebpf-pid----5707----pid-5476
---ebpf-pid----2094----pid-2094
---ebpf-pid----2029----pid-1
---ebpf-pid----2029----pid-2029
---ebpf-pid----5707----pid-1
---ebpf-pid----2094----pid-1
---ebpf-pid----448783----pid-448783
---ebpf-pid----2029----pid-1
---ebpf-pid----2094----pid-2094
---ebpf-pid----2029----pid-2029
---ebpf-pid----2029----pid-1
---ebpf-pid----448783----pid-448520
---ebpf-pid----448783----pid-1
---ebpf-pid----2094----pid-2094
---ebpf-pid----2094----pid-1
---ebpf-pid----2094----pid-2094
---ebpf-pid----2094----pid-1
---ebpf-pid----2094----pid-2094
---ebpf-pid----2094----pid-1
---ebpf-pid----2094----pid-2094
---ebpf-pid----2094----pid-1
---ebpf-pid----2094----pid-2094
---ebpf-pid----2094----pid-1
---ebpf-pid----2094----pid-2094
---ebpf-pid----2094----pid-1
---ebpf-pid----2094----pid-2094
---ebpf-pid----2094----pid-1
---ebpf-pid----2094----pid-1
---ebpf-pid----2094----pid-2094
---ebpf-pid----2094----pid-2094
---ebpf-pid----2094----pid-1
---ebpf-pid----2094----pid-1
---ebpf-pid----2094----pid-2094
---ebpf-pid----2094----pid-2094
---ebpf-pid----2094----pid-1
---ebpf-pid----2094----pid-1
---ebpf-pid----2094----pid-2094
---ebpf-pid----2094----pid-2094
---ebpf-pid----2094----pid-1
---ebpf-pid----2094----pid-1
---ebpf-pid----2094----pid-2094
---ebpf-pid----2094----pid-2094
---ebpf-pid----2094----pid-1
---ebpf-pid----2094----pid-1
---ebpf-pid----2094----pid-2094
---ebpf-pid----2094----pid-2094
---ebpf-pid----2094----pid-1
---ebpf-pid----2094----pid-2094
---ebpf-pid----2094----pid-1
---ebpf-pid----5707----pid-5707
---ebpf-pid----2094----pid-1
---ebpf-pid----2094----pid-2094
---ebpf-pid----5707----pid-5476
---ebpf-pid----2094----pid-1
---ebpf-pid----5707----pid-1
---ebpf-pid----2094----pid-2094
---ebpf-pid----5707----pid-5707
---ebpf-pid----2094----pid-1
---ebpf-pid----5707----pid-5476
---ebpf-pid----2094----pid-2094
---ebpf-pid----5707----pid-1
---ebpf-pid----2094----pid-1
---ebpf-pid----5707----pid-5707
---ebpf-pid----2094----pid-2094
---ebpf-pid----5707----pid-5476
---ebpf-pid----2094----pid-1
---ebpf-pid----2094----pid-2094
---ebpf-pid----2094----pid-1
---ebpf-pid----2094----pid-2094
---ebpf-pid----5707----pid-1
---ebpf-pid----5707----pid-5707
---ebpf-pid----2094----pid-1
---ebpf-pid----2094----pid-2094
---ebpf-pid----5707----pid-5476
---ebpf-pid----5707----pid-1
---ebpf-pid----5707----pid-5707
---ebpf-pid----5707----pid-5476
---ebpf-pid----5707----pid-1
---ebpf-pid----5707----pid-5707
---ebpf-pid----5707----pid-5476
---ebpf-pid----5707----pid-1
---ebpf-pid----5707----pid-5707
---ebpf-pid----5707----pid-5476
---ebpf-pid----2029----pid-2029
---ebpf-pid----5707----pid-1
---ebpf-pid----5707----pid-5707
---ebpf-pid----5707----pid-5476
---ebpf-pid----5707----pid-1
---ebpf-pid----5707----pid-5707
---ebpf-pid----2094----pid-1
---ebpf-pid----5707----pid-5476
---ebpf-pid----2094----pid-2094
---ebpf-pid----5707----pid-1
---ebpf-pid----2094----pid-1
---ebpf-pid----5707----pid-5707
---ebpf-pid----2029----pid-1
---ebpf-pid----2094----pid-2094
---ebpf-pid----2029----pid-2029
---ebpf-pid----5707----pid-5476
---ebpf-pid----2094----pid-1
---ebpf-pid----2094----pid-2094
---ebpf-pid----2029----pid-1
---ebpf-pid----5707----pid-1
---ebpf-pid----2029----pid-2029
---ebpf-pid----5707----pid-5707
---ebpf-pid----2094----pid-1
---ebpf-pid----2094----pid-2094
---ebpf-pid----2029----pid-1
---ebpf-pid----5707----pid-5476
---ebpf-pid----6671----pid-6671
---ebpf-pid----2094----pid-1
---ebpf-pid----2094----pid-2094
---ebpf-pid----5707----pid-1
---ebpf-pid----6671----pid-5476
---ebpf-pid----5707----pid-5707
---ebpf-pid----2094----pid-1
---ebpf-pid----6671----pid-1
---ebpf-pid----2094----pid-2094
---ebpf-pid----5707----pid-5476
---ebpf-pid----6671----pid-6671
---ebpf-pid----2094----pid-1
---ebpf-pid----5707----pid-1
---ebpf-pid----6671----pid-5476
---ebpf-pid----2094----pid-2094
---ebpf-pid----5707----pid-5707
---ebpf-pid----2094----pid-1
---ebpf-pid----5707----pid-5476
---ebpf-pid----2094----pid-2094
---ebpf-pid----6671----pid-1
---ebpf-pid----5707----pid-1
---ebpf-pid----2094----pid-1
---ebpf-pid----6671----pid-6671
---ebpf-pid----5707----pid-5707
---ebpf-pid----2094----pid-2094
---ebpf-pid----5707----pid-5476
---ebpf-pid----2094----pid-1
---ebpf-pid----6671----pid-5476
---ebpf-pid----2094----pid-2094
---ebpf-pid----5707----pid-1
---ebpf-pid----5707----pid-5707
---ebpf-pid----2094----pid-1
---ebpf-pid----6671----pid-1
---ebpf-pid----6671----pid-6671
---ebpf-pid----5707----pid-5476
---ebpf-pid----6671----pid-5476
---ebpf-pid----5707----pid-1
---ebpf-pid----2094----pid-2094
---ebpf-pid----6671----pid-1
---ebpf-pid----2094----pid-2094
---ebpf-pid----6671----pid-6671
---ebpf-pid----2094----pid-1
---ebpf-pid----5707----pid-5707
---ebpf-pid----2094----pid-1
---ebpf-pid----6671----pid-5476
---ebpf-pid----2094----pid-2094
---ebpf-pid----5707----pid-5476
---ebpf-pid----6671----pid-1
---ebpf-pid----2094----pid-1
---ebpf-pid----6671----pid-6671
---ebpf-pid----2094----pid-2094
---ebpf-pid----5707----pid-1
---ebpf-pid----5707----pid-5707
---ebpf-pid----2094----pid-1
---ebpf-pid----6671----pid-5476
---ebpf-pid----2094----pid-2094
---ebpf-pid----5707----pid-5476
---ebpf-pid----5707----pid-1
---ebpf-pid----5707----pid-5707
---ebpf-pid----5707----pid-5476
---ebpf-pid----2094----pid-1
---ebpf-pid----6671----pid-1
---ebpf-pid----2094----pid-2094
---ebpf-pid----5707----pid-1
---ebpf-pid----6671----pid-6671
---ebpf-pid----5707----pid-5707
---ebpf-pid----6671----pid-5476
---ebpf-pid----2094----pid-1
---ebpf-pid----5707----pid-5476
---ebpf-pid----2094----pid-2094
---ebpf-pid----5707----pid-1
---ebpf-pid----372714----pid-372714
---ebpf-pid----6671----pid-1
---ebpf-pid----2089----pid-2089
---ebpf-pid----372714----pid-5476
---ebpf-pid----2094----pid-1
---ebpf-pid----2094----pid-2094
---ebpf-pid----2089----pid-1
---ebpf-pid----2089----pid-2089
---ebpf-pid----2094----pid-1
---ebpf-pid----2094----pid-2094
---ebpf-pid----2089----pid-1
---ebpf-pid----6671----pid-6671
---ebpf-pid----2094----pid-1
---ebpf-pid----2094----pid-2094
---ebpf-pid----6671----pid-5476
---ebpf-pid----6671----pid-1
---ebpf-pid----6671----pid-6671
---ebpf-pid----2094----pid-1
---ebpf-pid----6671----pid-5476
---ebpf-pid----2094----pid-2094
---ebpf-pid----2094----pid-1
---ebpf-pid----2094----pid-2094
---ebpf-pid----2094----pid-1
---ebpf-pid----2094----pid-2094
---ebpf-pid----6671----pid-1
---ebpf-pid----6671----pid-6671
---ebpf-pid----2094----pid-1
---ebpf-pid----2094----pid-2094
---ebpf-pid----6671----pid-5476
---ebpf-pid----372714----pid-1
---ebpf-pid----6671----pid-1
---ebpf-pid----6671----pid-6671
---ebpf-pid----448783----pid-448783
---ebpf-pid----6671----pid-5476
---ebpf-pid----448783----pid-448520
---ebpf-pid----6671----pid-1
---ebpf-pid----6671----pid-6671
---ebpf-pid----448783----pid-1
---ebpf-pid----6671----pid-5476
---ebpf-pid----448783----pid-448783
---ebpf-pid----6671----pid-1
---ebpf-pid----448783----pid-448520
---ebpf-pid----6671----pid-6671
---ebpf-pid----448783----pid-1
---ebpf-pid----6671----pid-5476
---ebpf-pid----448783----pid-448783
---ebpf-pid----6671----pid-1
---ebpf-pid----448783----pid-448520
---ebpf-pid----448783----pid-1
---ebpf-pid----448783----pid-448783
---ebpf-pid----5705----pid-5705
---ebpf-pid----448783----pid-448520
---ebpf-pid----448783----pid-1
---ebpf-pid----5705----pid-5476
---ebpf-pid----372714----pid-372714
---ebpf-pid----6671----pid-6671
---ebpf-pid----6671----pid-5476
---ebpf-pid----2094----pid-1
---ebpf-pid----5705----pid-1
---ebpf-pid----5705----pid-5705
---ebpf-pid----5705----pid-5476
---ebpf-pid----5705----pid-1
---ebpf-pid----5637----pid-5637
---ebpf-pid----5637----pid-1
---ebpf-pid----5637----pid-5637
---ebpf-pid----5637----pid-1
---ebpf-pid----5637----pid-5637
---ebpf-pid----5637----pid-1
---ebpf-pid----5637----pid-5637
---ebpf-pid----372714----pid-5476
---ebpf-pid----372714----pid-1
---ebpf-pid----372714----pid-372714
---ebpf-pid----5637----pid-1
---ebpf-pid----372714----pid-5476
---ebpf-pid----372714----pid-1
---ebpf-pid----2094----pid-2094
---ebpf-pid----372714----pid-372714
---ebpf-pid----372714----pid-5476
---ebpf-pid----372714----pid-1
---ebpf-pid----2094----pid-1
---ebpf-pid----372714----pid-372714
---ebpf-pid----372714----pid-5476
---ebpf-pid----2094----pid-2094
---ebpf-pid----372714----pid-1
---ebpf-pid----372714----pid-372714
---ebpf-pid----2094----pid-1
---ebpf-pid----2094----pid-2094
---ebpf-pid----372714----pid-5476
---ebpf-pid----6671----pid-1
---ebpf-pid----6671----pid-6671
---ebpf-pid----2094----pid-1
---ebpf-pid----372714----pid-1
---ebpf-pid----2094----pid-2094
---ebpf-pid----372714----pid-372714
---ebpf-pid----6671----pid-5476
---ebpf-pid----372714----pid-5476
---ebpf-pid----2094----pid-1
---ebpf-pid----2094----pid-2094
---ebpf-pid----372714----pid-1
---ebpf-pid----6671----pid-1
---ebpf-pid----372714----pid-372714
---ebpf-pid----2094----pid-1
---ebpf-pid----6671----pid-6671
---ebpf-pid----2094----pid-2094
---ebpf-pid----372714----pid-5476
---ebpf-pid----6671----pid-5476
---ebpf-pid----372714----pid-1
---ebpf-pid----2094----pid-1
---ebpf-pid----372714----pid-372714
---ebpf-pid----2094----pid-2094
---ebpf-pid----6671----pid-1
---ebpf-pid----372881----pid-372881
---ebpf-pid----372714----pid-5476
---ebpf-pid----2094----pid-1
---ebpf-pid----2094----pid-2094
---ebpf-pid----372881----pid-1
---ebpf-pid----372714----pid-1
---ebpf-pid----372881----pid-372881
---ebpf-pid----372714----pid-372714
---ebpf-pid----2094----pid-1
---ebpf-pid----2094----pid-2094
---ebpf-pid----372881----pid-1
---ebpf-pid----372714----pid-5476
---ebpf-pid----372881----pid-372881
---ebpf-pid----2094----pid-1
---ebpf-pid----372714----pid-1
---ebpf-pid----2094----pid-2094
---ebpf-pid----372881----pid-1
---ebpf-pid----372714----pid-372714
---ebpf-pid----372881----pid-372881
---ebpf-pid----2094----pid-1
---ebpf-pid----372714----pid-5476
---ebpf-pid----2094----pid-2094
---ebpf-pid----372881----pid-1
---ebpf-pid----372714----pid-1
---ebpf-pid----372881----pid-372881
---ebpf-pid----372714----pid-372714
---ebpf-pid----372881----pid-1
---ebpf-pid----372714----pid-5476
---ebpf-pid----372881----pid-372881
---ebpf-pid----2094----pid-1
---ebpf-pid----372714----pid-1
---ebpf-pid----372881----pid-1
---ebpf-pid----372714----pid-372714
---ebpf-pid----2094----pid-2094
---ebpf-pid----372881----pid-372881
---ebpf-pid----372714----pid-5476
---ebpf-pid----372881----pid-1
---ebpf-pid----372881----pid-372881
---ebpf-pid----372714----pid-1
---ebpf-pid----372714----pid-372714
---ebpf-pid----372881----pid-1
---ebpf-pid----2094----pid-1
---ebpf-pid----372881----pid-372881
---ebpf-pid----372714----pid-5476
---ebpf-pid----2094----pid-2094
---ebpf-pid----372881----pid-1
---ebpf-pid----372881----pid-372881
---ebpf-pid----372881----pid-1
---ebpf-pid----372881----pid-372881
---ebpf-pid----2094----pid-1
---ebpf-pid----372881----pid-1
---ebpf-pid----2094----pid-2094
---ebpf-pid----372881----pid-372881
---ebpf-pid----372881----pid-1
---ebpf-pid----2094----pid-1
---ebpf-pid----372881----pid-372881
---ebpf-pid----2094----pid-2094
---ebpf-pid----372881----pid-1
---ebpf-pid----2094----pid-1
---ebpf-pid----372881----pid-372881
---ebpf-pid----2094----pid-2094
---ebpf-pid----372881----pid-1
---ebpf-pid----372714----pid-1
---ebpf-pid----2094----pid-1
---ebpf-pid----372881----pid-372881
---ebpf-pid----2094----pid-2094
---ebpf-pid----372714----pid-372714
---ebpf-pid----372881----pid-1
---ebpf-pid----2094----pid-1
---ebpf-pid----372881----pid-372881
---ebpf-pid----372714----pid-5476
---ebpf-pid----2094----pid-2094
---ebpf-pid----372714----pid-1
---ebpf-pid----372714----pid-372714
---ebpf-pid----2094----pid-1
---ebpf-pid----372714----pid-5476
---ebpf-pid----2094----pid-2094
---ebpf-pid----372714----pid-1
---ebpf-pid----372881----pid-1
---ebpf-pid----372714----pid-372714
---ebpf-pid----2094----pid-1
---ebpf-pid----372881----pid-372881
---ebpf-pid----2094----pid-2094
---ebpf-pid----372714----pid-5476
---ebpf-pid----372714----pid-1
---ebpf-pid----372881----pid-1
---ebpf-pid----2088----pid-2088
---ebpf-pid----372881----pid-372881
---ebpf-pid----2094----pid-1
---ebpf-pid----2094----pid-2094
---ebpf-pid----2088----pid-1
---ebpf-pid----372881----pid-1
---ebpf-pid----2088----pid-2088
---ebpf-pid----372881----pid-372881
---ebpf-pid----2094----pid-1
---ebpf-pid----2094----pid-2094
---ebpf-pid----2088----pid-1
---ebpf-pid----372881----pid-1
---ebpf-pid----2088----pid-2088
---ebpf-pid----372881----pid-372881
---ebpf-pid----2094----pid-1
---ebpf-pid----2088----pid-1
---ebpf-pid----2088----pid-2088
---ebpf-pid----372881----pid-1
---ebpf-pid----2094----pid-2094
---ebpf-pid----2088----pid-1
---ebpf-pid----372881----pid-372881
---ebpf-pid----2088----pid-2088
---ebpf-pid----372881----pid-1
---ebpf-pid----2088----pid-1
---ebpf-pid----2088----pid-2088
---ebpf-pid----2094----pid-1
---ebpf-pid----372881----pid-372881
---ebpf-pid----2094----pid-2094
---ebpf-pid----2088----pid-1
---ebpf-pid----372881----pid-1
---ebpf-pid----2088----pid-2088
---ebpf-pid----2094----pid-1
---ebpf-pid----372881----pid-372881
---ebpf-pid----2094----pid-2094
---ebpf-pid----2088----pid-1
---ebpf-pid----372881----pid-1
---ebpf-pid----2088----pid-2088
---ebpf-pid----2094----pid-1
---ebpf-pid----372881----pid-372881
---ebpf-pid----2094----pid-2094
---ebpf-pid----2088----pid-1
---ebpf-pid----2088----pid-2088
---ebpf-pid----372881----pid-1
---ebpf-pid----2094----pid-1
---ebpf-pid----2094----pid-2094
---ebpf-pid----2088----pid-1
---ebpf-pid----372881----pid-372881
---ebpf-pid----2088----pid-2088
---ebpf-pid----2094----pid-1
---ebpf-pid----2088----pid-1
---ebpf-pid----2094----pid-2094
---ebpf-pid----2088----pid-2088
---ebpf-pid----2088----pid-1
---ebpf-pid----2088----pid-2088
---ebpf-pid----372881----pid-1
---ebpf-pid----2088----pid-1
---ebpf-pid----2094----pid-1
---ebpf-pid----2094----pid-2094
---ebpf-pid----2088----pid-2088
---ebpf-pid----2094----pid-1
---ebpf-pid----2088----pid-1
---ebpf-pid----2094----pid-2094
---ebpf-pid----2088----pid-2088
---ebpf-pid----2088----pid-1
---ebpf-pid----2094----pid-1
---ebpf-pid----2088----pid-2088
---ebpf-pid----2094----pid-2094
---ebpf-pid----2088----pid-1
---ebpf-pid----2094----pid-1
---ebpf-pid----2088----pid-2088
---ebpf-pid----2094----pid-2094
---ebpf-pid----2088----pid-1
---ebpf-pid----2094----pid-1
---ebpf-pid----2088----pid-2088
---ebpf-pid----2094----pid-2094
---ebpf-pid----2088----pid-1
---ebpf-pid----2088----pid-2088
---ebpf-pid----2094----pid-1
---ebpf-pid----2094----pid-2094
---ebpf-pid----2088----pid-1
---ebpf-pid----2088----pid-2088
---ebpf-pid----2088----pid-1
---ebpf-pid----2088----pid-2088
---ebpf-pid----2088----pid-1
---ebpf-pid----2088----pid-2088
---ebpf-pid----2088----pid-1
---ebpf-pid----2088----pid-2088
---ebpf-pid----2088----pid-1
---ebpf-pid----2088----pid-2088
---ebpf-pid----2088----pid-1
---ebpf-pid----2088----pid-2088
---ebpf-pid----2088----pid-1
---ebpf-pid----2088----pid-2088
---ebpf-pid----2088----pid-1
---ebpf-pid----2088----pid-2088
---ebpf-pid----2088----pid-1
---ebpf-pid----2088----pid-2088
---ebpf-pid----2088----pid-1
---ebpf-pid----2088----pid-2088
---ebpf-pid----2088----pid-1
---ebpf-pid----2088----pid-2088
---ebpf-pid----2088----pid-1
---ebpf-pid----372714----pid-372714
---ebpf-pid----372714----pid-5476
---ebpf-pid----372714----pid-1
---ebpf-pid----372714----pid-372714
---ebpf-pid----372714----pid-5476
---ebpf-pid----372714----pid-1
---ebpf-pid----372714----pid-372714
---ebpf-pid----372714----pid-5476
---ebpf-pid----372714----pid-1
---ebpf-pid----372714----pid-372714
---ebpf-pid----372714----pid-5476
---ebpf-pid----372714----pid-1
---ebpf-pid----372714----pid-372714
---ebpf-pid----372714----pid-5476
---ebpf-pid----372714----pid-1
---ebpf-pid----2089----pid-2089
---ebpf-pid----2089----pid-1
---ebpf-pid----2089----pid-2089
---ebpf-pid----2089----pid-1
---ebpf-pid----2089----pid-2089
---ebpf-pid----2089----pid-1
---ebpf-pid----2089----pid-2089
---ebpf-pid----2089----pid-1
---ebpf-pid----2089----pid-2089
---ebpf-pid----2089----pid-1
---ebpf-pid----2089----pid-2089
---ebpf-pid----2089----pid-1
---ebpf-pid----2089----pid-2089
---ebpf-pid----2089----pid-1
---ebpf-pid----372714----pid-372714
---ebpf-pid----372714----pid-5476
---ebpf-pid----372714----pid-1
---ebpf-pid----372714----pid-372714
---ebpf-pid----372714----pid-5476
---ebpf-pid----2094----pid-1
---ebpf-pid----372714----pid-1
---ebpf-pid----2094----pid-2094
---ebpf-pid----372714----pid-372714
---ebpf-pid----372714----pid-5476
---ebpf-pid----2094----pid-1
---ebpf-pid----2094----pid-2094
---ebpf-pid----372714----pid-1
---ebpf-pid----2089----pid-2089
---ebpf-pid----2094----pid-1
---ebpf-pid----2094----pid-2094
---ebpf-pid----2089----pid-1
---ebpf-pid----2089----pid-2089
---ebpf-pid----2089----pid-1
---ebpf-pid----2089----pid-2089
---ebpf-pid----2089----pid-1
---ebpf-pid----2089----pid-2089
---ebpf-pid----2089----pid-1
---ebpf-pid----2089----pid-2089
---ebpf-pid----2089----pid-1
---ebpf-pid----372714----pid-372714
---ebpf-pid----372714----pid-5476
---ebpf-pid----372714----pid-1
---ebpf-pid----372714----pid-372714
---ebpf-pid----372714----pid-5476
---ebpf-pid----372714----pid-1
---ebpf-pid----372714----pid-372714
---ebpf-pid----372714----pid-5476
---ebpf-pid----372714----pid-1
---ebpf-pid----372714----pid-372714
---ebpf-pid----372714----pid-5476
---ebpf-pid----372714----pid-1
---ebpf-pid----372714----pid-372714
---ebpf-pid----372714----pid-5476
---ebpf-pid----372714----pid-1
---ebpf-pid----372714----pid-372714
---ebpf-pid----372714----pid-5476
---ebpf-pid----372714----pid-1
---ebpf-pid----372714----pid-372714
---ebpf-pid----372714----pid-5476
---ebpf-pid----372714----pid-1
---ebpf-pid----372714----pid-372714
---ebpf-pid----372714----pid-5476
---ebpf-pid----372714----pid-1
---ebpf-pid----372714----pid-372714
---ebpf-pid----2094----pid-1
---ebpf-pid----2094----pid-2094
---ebpf-pid----372714----pid-5476
---ebpf-pid----2094----pid-1
---ebpf-pid----372714----pid-1
---ebpf-pid----2094----pid-2094
---ebpf-pid----372714----pid-372714
---ebpf-pid----2094----pid-1
---ebpf-pid----372714----pid-5476
---ebpf-pid----2094----pid-2094
---ebpf-pid----372714----pid-1
---ebpf-pid----2094----pid-1
---ebpf-pid----372714----pid-372714
---ebpf-pid----2094----pid-2094
---ebpf-pid----372714----pid-5476
---ebpf-pid----2094----pid-1
---ebpf-pid----2094----pid-2094
---ebpf-pid----372714----pid-1
---ebpf-pid----5614----pid-5614
---ebpf-pid----2094----pid-1
---ebpf-pid----2094----pid-2094
---ebpf-pid----5614----pid-1
---ebpf-pid----2094----pid-1
---ebpf-pid----5614----pid-5614
---ebpf-pid----2094----pid-2094
---ebpf-pid----5614----pid-1
---ebpf-pid----448521----pid-448521
---ebpf-pid----372881----pid-372881
---ebpf-pid----448521----pid-1
---ebpf-pid----5614----pid-5614
---ebpf-pid----372881----pid-1
---ebpf-pid----372881----pid-372881
---ebpf-pid----372881----pid-1
---ebpf-pid----372881----pid-372881
---ebpf-pid----372881----pid-1
---ebpf-pid----372881----pid-372881
---ebpf-pid----372881----pid-1
---ebpf-pid----372881----pid-372881
---ebpf-pid----372881----pid-1
---ebpf-pid----372881----pid-372881
---ebpf-pid----372881----pid-1
---ebpf-pid----372881----pid-372881
---ebpf-pid----372881----pid-1
---ebpf-pid----372881----pid-372881
---ebpf-pid----372881----pid-1
---ebpf-pid----372881----pid-372881
---ebpf-pid----372881----pid-1
---ebpf-pid----372881----pid-372881
---ebpf-pid----372881----pid-1
---ebpf-pid----372881----pid-372881
---ebpf-pid----372881----pid-1
---ebpf-pid----2089----pid-2089
---ebpf-pid----2089----pid-1
---ebpf-pid----2089----pid-2089
---ebpf-pid----2089----pid-1
---ebpf-pid----2089----pid-2089
---ebpf-pid----2089----pid-1
---ebpf-pid----2089----pid-2089
---ebpf-pid----2089----pid-1
---ebpf-pid----2089----pid-2089
---ebpf-pid----2089----pid-1
---ebpf-pid----2089----pid-2089
---ebpf-pid----2089----pid-1
---ebpf-pid----2089----pid-2089
---ebpf-pid----2089----pid-1
---ebpf-pid----2089----pid-2089
---ebpf-pid----2089----pid-1
---ebpf-pid----2089----pid-2089
---ebpf-pid----2089----pid-1
---ebpf-pid----2089----pid-2089
---ebpf-pid----2089----pid-1
---ebpf-pid----2029----pid-2029
---ebpf-pid----2029----pid-1
---ebpf-pid----2029----pid-2029
---ebpf-pid----2029----pid-1
---ebpf-pid----5614----pid-1
---ebpf-pid----5614----pid-5614
---ebpf-pid----5614----pid-1
---ebpf-pid----5614----pid-5614
---ebpf-pid----5614----pid-1
---ebpf-pid----448546----pid-448546
---ebpf-pid----448546----pid-1
---ebpf-pid----5614----pid-5614
---ebpf-pid----5614----pid-1
---ebpf-pid----5614----pid-5614
---ebpf-pid----5614----pid-1
---ebpf-pid----448521----pid-448521
---ebpf-pid----448521----pid-1
---ebpf-pid----448784----pid-448784
---ebpf-pid----448784----pid-448520
---ebpf-pid----448784----pid-1
---ebpf-pid----448784----pid-448784
---ebpf-pid----448784----pid-448520
---ebpf-pid----448784----pid-1
---ebpf-pid----448784----pid-448784
---ebpf-pid----448784----pid-448520
---ebpf-pid----448784----pid-1
---ebpf-pid----448784----pid-448784
---ebpf-pid----448784----pid-448520
---ebpf-pid----448784----pid-1
---ebpf-pid----5637----pid-5637
---ebpf-pid----2029----pid-2029
---ebpf-pid----5637----pid-1
---ebpf-pid----377755----pid-377755
---ebpf-pid----2029----pid-1
---ebpf-pid----2029----pid-2029
---ebpf-pid----377755----pid-1
---ebpf-pid----2029----pid-1
---ebpf-pid----448546----pid-448546
---ebpf-pid----2029----pid-2029
---ebpf-pid----448546----pid-1
---ebpf-pid----2094----pid-1
---ebpf-pid----377755----pid-377755
---ebpf-pid----2094----pid-2094
---ebpf-pid----377755----pid-1
---ebpf-pid----2094----pid-1
---ebpf-pid----448546----pid-448546
---ebpf-pid----2094----pid-2094
---ebpf-pid----2094----pid-1
---ebpf-pid----2094----pid-2094
---ebpf-pid----2094----pid-1
---ebpf-pid----2094----pid-2094
---ebpf-pid----2029----pid-1
---ebpf-pid----2094----pid-1
---ebpf-pid----2094----pid-2094
---ebpf-pid----2029----pid-2029
---ebpf-pid----2094----pid-1
---ebpf-pid----2029----pid-1
---ebpf-pid----2094----pid-2094
---ebpf-pid----2029----pid-2029
---ebpf-pid----2094----pid-1
---ebpf-pid----2094----pid-2094
---ebpf-pid----2094----pid-1
---ebpf-pid----2094----pid-2094
---ebpf-pid----2094----pid-1
---ebpf-pid----2094----pid-2094
---ebpf-pid----2094----pid-1
---ebpf-pid----2094----pid-2094
---ebpf-pid----2094----pid-1
---ebpf-pid----448546----pid-1
---ebpf-pid----2094----pid-2094
---ebpf-pid----377755----pid-377755
---ebpf-pid----2094----pid-1
---ebpf-pid----2094----pid-2094
---ebpf-pid----377755----pid-1
---ebpf-pid----448784----pid-448784
---ebpf-pid----2094----pid-1
---ebpf-pid----2094----pid-2094
---ebpf-pid----2094----pid-1
---ebpf-pid----2094----pid-2094
---ebpf-pid----448784----pid-448520
---ebpf-pid----2029----pid-1
---ebpf-pid----2094----pid-1
---ebpf-pid----2029----pid-2029
---ebpf-pid----448784----pid-1
---ebpf-pid----2094----pid-2094
---ebpf-pid----377755----pid-377755
---ebpf-pid----2029----pid-1
---ebpf-pid----2094----pid-1
---ebpf-pid----2029----pid-2029
---ebpf-pid----2029----pid-1
---ebpf-pid----377755----pid-1
---ebpf-pid----2029----pid-2029
---ebpf-pid----377755----pid-377755
---ebpf-pid----2029----pid-1
---ebpf-pid----2094----pid-2094
---ebpf-pid----2029----pid-2029
---ebpf-pid----2094----pid-1
---ebpf-pid----2029----pid-1
---ebpf-pid----377755----pid-1
---ebpf-pid----2094----pid-2094
---ebpf-pid----2029----pid-2029
---ebpf-pid----377755----pid-377755
---ebpf-pid----2094----pid-1
---ebpf-pid----2029----pid-1
---ebpf-pid----377755----pid-1
---ebpf-pid----2094----pid-2094
---ebpf-pid----2029----pid-2029
---ebpf-pid----448521----pid-448521
---ebpf-pid----2094----pid-1
---ebpf-pid----448521----pid-1
---ebpf-pid----2029----pid-1
---ebpf-pid----2094----pid-2094
---ebpf-pid----448546----pid-448546
---ebpf-pid----2029----pid-2029
---ebpf-pid----2094----pid-1
---ebpf-pid----448546----pid-1
---ebpf-pid----2029----pid-1
---ebpf-pid----2094----pid-2094
---ebpf-pid----377755----pid-377755
---ebpf-pid----2029----pid-2029
---ebpf-pid----2094----pid-1
---ebpf-pid----2029----pid-1
---ebpf-pid----377755----pid-1
---ebpf-pid----2094----pid-2094
---ebpf-pid----2029----pid-2029
---ebpf-pid----377755----pid-377755
---ebpf-pid----2094----pid-1
---ebpf-pid----377755----pid-1
---ebpf-pid----2029----pid-1
---ebpf-pid----2094----pid-2094
---ebpf-pid----2029----pid-2029
---ebpf-pid----2094----pid-1
---ebpf-pid----2029----pid-1
---ebpf-pid----2094----pid-2094
---ebpf-pid----2029----pid-2029
---ebpf-pid----2094----pid-1
---ebpf-pid----2029----pid-1
---ebpf-pid----2094----pid-2094
---ebpf-pid----2029----pid-2029
---ebpf-pid----2094----pid-1
---ebpf-pid----2029----pid-1
---ebpf-pid----2094----pid-2094
---ebpf-pid----2088----pid-2088
---ebpf-pid----2094----pid-1
---ebpf-pid----377755----pid-377755
---ebpf-pid----2094----pid-2094
---ebpf-pid----2088----pid-1
---ebpf-pid----2088----pid-2088
---ebpf-pid----2094----pid-1
---ebpf-pid----2094----pid-2094
---ebpf-pid----377755----pid-1
---ebpf-pid----2088----pid-1
---ebpf-pid----2088----pid-2088
---ebpf-pid----2088----pid-2088
---ebpf-pid----2094----pid-1
---ebpf-pid----2094----pid-2094
---ebpf-pid----2088----pid-1
---ebpf-pid----2088----pid-1
---ebpf-pid----2088----pid-2088
---ebpf-pid----2088----pid-2088
---ebpf-pid----2094----pid-1
---ebpf-pid----2094----pid-2094
---ebpf-pid----2088----pid-1
---ebpf-pid----2094----pid-1
---ebpf-pid----2088----pid-2088
---ebpf-pid----2094----pid-2094
---ebpf-pid----2088----pid-1
---ebpf-pid----2094----pid-1
---ebpf-pid----2088----pid-2088
---ebpf-pid----2094----pid-2094
---ebpf-pid----2094----pid-1
---ebpf-pid----2088----pid-1
---ebpf-pid----2094----pid-2094
---ebpf-pid----2088----pid-2088
---ebpf-pid----2094----pid-1
---ebpf-pid----2088----pid-1
---ebpf-pid----2094----pid-2094
---ebpf-pid----2088----pid-2088
---ebpf-pid----2094----pid-1
---ebpf-pid----2094----pid-2094
---ebpf-pid----2088----pid-1
---ebpf-pid----2088----pid-2088
---ebpf-pid----2094----pid-1
---ebpf-pid----2094----pid-2094
---ebpf-pid----2088----pid-1
---ebpf-pid----2088----pid-2088
---ebpf-pid----2094----pid-1
---ebpf-pid----2094----pid-2094
---ebpf-pid----2088----pid-1
---ebpf-pid----2094----pid-1
---ebpf-pid----2088----pid-2088
---ebpf-pid----6671----pid-6671
---ebpf-pid----2088----pid-1
---ebpf-pid----2088----pid-2088
---ebpf-pid----6671----pid-5476
---ebpf-pid----2088----pid-1
---ebpf-pid----2088----pid-2088
---ebpf-pid----6671----pid-1
---ebpf-pid----2088----pid-1
---ebpf-pid----6671----pid-6671
---ebpf-pid----2088----pid-2088
---ebpf-pid----6671----pid-5476
---ebpf-pid----2088----pid-1
---ebpf-pid----2088----pid-1
---ebpf-pid----2088----pid-2088
---ebpf-pid----2088----pid-2088
---ebpf-pid----6671----pid-1
---ebpf-pid----6671----pid-6671
---ebpf-pid----2088----pid-1
---ebpf-pid----2088----pid-2088
---ebpf-pid----6671----pid-5476
---ebpf-pid----2088----pid-1
---ebpf-pid----6671----pid-1
---ebpf-pid----2088----pid-2088
---ebpf-pid----6671----pid-6671
---ebpf-pid----2088----pid-1
---ebpf-pid----6671----pid-5476
---ebpf-pid----2088----pid-2088
---ebpf-pid----6671----pid-1
---ebpf-pid----2088----pid-1
---ebpf-pid----6671----pid-6671
---ebpf-pid----2088----pid-2088
---ebpf-pid----6671----pid-5476
---ebpf-pid----2088----pid-1
---ebpf-pid----2088----pid-2088
---ebpf-pid----6671----pid-1
---ebpf-pid----2088----pid-1
---ebpf-pid----6671----pid-6671
---ebpf-pid----5705----pid-5705
---ebpf-pid----6671----pid-5476
---ebpf-pid----5705----pid-5476
---ebpf-pid----6671----pid-1
---ebpf-pid----5705----pid-1
---ebpf-pid----6671----pid-6671
---ebpf-pid----5705----pid-5705
---ebpf-pid----6671----pid-5476
---ebpf-pid----5705----pid-5476
---ebpf-pid----6671----pid-1
---ebpf-pid----2088----pid-1
---ebpf-pid----5705----pid-1
---ebpf-pid----6671----pid-6671
---ebpf-pid----5705----pid-5705
---ebpf-pid----2088----pid-2088
---ebpf-pid----6671----pid-5476
---ebpf-pid----5705----pid-5476
---ebpf-pid----2088----pid-1
---ebpf-pid----2088----pid-2088
---ebpf-pid----6671----pid-1
---ebpf-pid----5705----pid-1
---ebpf-pid----6671----pid-6671
---ebpf-pid----5705----pid-5705
---ebpf-pid----2088----pid-1
---ebpf-pid----2088----pid-2088
---ebpf-pid----6671----pid-5476
---ebpf-pid----5705----pid-5476
---ebpf-pid----2088----pid-1
---ebpf-pid----6671----pid-1
---ebpf-pid----5705----pid-1
---ebpf-pid----2088----pid-2088
---ebpf-pid----6671----pid-6671
---ebpf-pid----5707----pid-5707
---ebpf-pid----2088----pid-1
---ebpf-pid----6671----pid-5476
---ebpf-pid----5707----pid-5476
---ebpf-pid----2088----pid-2088
---ebpf-pid----6671----pid-1
---ebpf-pid----2088----pid-1
---ebpf-pid----5707----pid-1
---ebpf-pid----6671----pid-6671
---ebpf-pid----2088----pid-2088
---ebpf-pid----2088----pid-2088
---ebpf-pid----6671----pid-5476
---ebpf-pid----2088----pid-1
---ebpf-pid----2088----pid-1
---ebpf-pid----2088----pid-2088
---ebpf-pid----2088----pid-2088
---ebpf-pid----6671----pid-1
---ebpf-pid----6671----pid-6671
---ebpf-pid----2088----pid-1
---ebpf-pid----2088----pid-1
---ebpf-pid----2088----pid-2088
---ebpf-pid----2088----pid-2088
---ebpf-pid----6671----pid-5476
---ebpf-pid----2088----pid-1
---ebpf-pid----2088----pid-1
---ebpf-pid----6671----pid-1
---ebpf-pid----2088----pid-2088
---ebpf-pid----2088----pid-2088
---ebpf-pid----6671----pid-6671
---ebpf-pid----2088----pid-1
---ebpf-pid----2088----pid-1
---ebpf-pid----6671----pid-5476
---ebpf-pid----2088----pid-2088
---ebpf-pid----6671----pid-1
---ebpf-pid----6671----pid-6671
---ebpf-pid----6671----pid-5476
---ebpf-pid----6671----pid-1
---ebpf-pid----6671----pid-6671
---ebpf-pid----6671----pid-5476
---ebpf-pid----6671----pid-1
---ebpf-pid----2029----pid-2029
---ebpf-pid----2029----pid-1
---ebpf-pid----2029----pid-2029
---ebpf-pid----2029----pid-1
---ebpf-pid----2029----pid-2029
---ebpf-pid----2029----pid-1
---ebpf-pid----2029----pid-2029
---ebpf-pid----2029----pid-1
---ebpf-pid----2029----pid-2029
---ebpf-pid----2029----pid-1
---ebpf-pid----2029----pid-2029
---ebpf-pid----2088----pid-1
---ebpf-pid----2029----pid-1
---ebpf-pid----2088----pid-2088
---ebpf-pid----2029----pid-2029
---ebpf-pid----2088----pid-1
---ebpf-pid----2029----pid-1
---ebpf-pid----2029----pid-2029
---ebpf-pid----2088----pid-2088
---ebpf-pid----2029----pid-1
---ebpf-pid----2088----pid-1
---ebpf-pid----5705----pid-5705
---ebpf-pid----2088----pid-2088
---ebpf-pid----5705----pid-5476
---ebpf-pid----2088----pid-1
---ebpf-pid----2088----pid-2088
---ebpf-pid----5705----pid-1
---ebpf-pid----5705----pid-5705
---ebpf-pid----2088----pid-1
---ebpf-pid----2088----pid-2088
---ebpf-pid----5705----pid-5476
---ebpf-pid----5705----pid-1
---ebpf-pid----2088----pid-1
---ebpf-pid----5705----pid-5705
---ebpf-pid----2088----pid-2088
---ebpf-pid----5705----pid-5476
---ebpf-pid----2088----pid-1
---ebpf-pid----5705----pid-1
---ebpf-pid----2088----pid-2088
---ebpf-pid----5705----pid-5705
---ebpf-pid----2088----pid-1
---ebpf-pid----5705----pid-5476
---ebpf-pid----2088----pid-2088
---ebpf-pid----5705----pid-1
---ebpf-pid----2088----pid-1
---ebpf-pid----5705----pid-5705
---ebpf-pid----2088----pid-2088
---ebpf-pid----5705----pid-5476
---ebpf-pid----2088----pid-1
---ebpf-pid----2088----pid-2088
---ebpf-pid----5705----pid-1
---ebpf-pid----5705----pid-5705
---ebpf-pid----2088----pid-1
---ebpf-pid----5705----pid-5476
---ebpf-pid----2088----pid-2088
---ebpf-pid----5705----pid-1
---ebpf-pid----2088----pid-1
---ebpf-pid----5705----pid-5705
---ebpf-pid----2088----pid-2088
---ebpf-pid----5705----pid-5476
---ebpf-pid----2088----pid-1
---ebpf-pid----5705----pid-1
---ebpf-pid----2088----pid-2088
---ebpf-pid----5705----pid-5705
---ebpf-pid----5705----pid-5476
---ebpf-pid----2088----pid-1
---ebpf-pid----5705----pid-1
---ebpf-pid----5705----pid-5705
---ebpf-pid----2088----pid-2088
---ebpf-pid----5705----pid-5476
---ebpf-pid----2088----pid-1
---ebpf-pid----2088----pid-2088
---ebpf-pid----5705----pid-1
---ebpf-pid----5705----pid-5705
---ebpf-pid----2088----pid-1
---ebpf-pid----2088----pid-2088
---ebpf-pid----5705----pid-5476
---ebpf-pid----5705----pid-1
---ebpf-pid----2088----pid-1
---ebpf-pid----5705----pid-5705
---ebpf-pid----2088----pid-2088
---ebpf-pid----5705----pid-5476
---ebpf-pid----2088----pid-1
---ebpf-pid----2088----pid-2088
---ebpf-pid----5705----pid-1
---ebpf-pid----5705----pid-5705
---ebpf-pid----2088----pid-1
---ebpf-pid----5705----pid-5476
---ebpf-pid----2088----pid-2088
---ebpf-pid----5705----pid-1
---ebpf-pid----5705----pid-5705
---ebpf-pid----2088----pid-1
---ebpf-pid----5705----pid-5476
---ebpf-pid----5705----pid-1
---ebpf-pid----5705----pid-5705
---ebpf-pid----5705----pid-5476
---ebpf-pid----5705----pid-1
---ebpf-pid----5705----pid-5705
---ebpf-pid----5705----pid-5476
---ebpf-pid----5705----pid-1
---ebpf-pid----5705----pid-5705
---ebpf-pid----5705----pid-5476
---ebpf-pid----5705----pid-1
---ebpf-pid----5705----pid-5705
---ebpf-pid----5705----pid-5476
---ebpf-pid----5705----pid-1
---ebpf-pid----5705----pid-5705
---ebpf-pid----5705----pid-5476
---ebpf-pid----5705----pid-1
---ebpf-pid----5705----pid-5705
---ebpf-pid----5705----pid-5476
---ebpf-pid----5705----pid-1
---ebpf-pid----5705----pid-5705
---ebpf-pid----5705----pid-5476
---ebpf-pid----5705----pid-1
---ebpf-pid----5705----pid-5705
---ebpf-pid----2088----pid-2088
---ebpf-pid----5705----pid-5476
---ebpf-pid----5705----pid-1
---ebpf-pid----2088----pid-1
---ebpf-pid----2088----pid-2088
---ebpf-pid----2088----pid-1
---ebpf-pid----2088----pid-2088
---ebpf-pid----2088----pid-2088
---ebpf-pid----2088----pid-1
---ebpf-pid----2088----pid-2088
---ebpf-pid----2088----pid-1
---ebpf-pid----2088----pid-2088
---ebpf-pid----2088----pid-1
---ebpf-pid----2088----pid-2088
---ebpf-pid----2088----pid-1
---ebpf-pid----2088----pid-2088
---ebpf-pid----2088----pid-1
---ebpf-pid----2088----pid-2088
---ebpf-pid----2088----pid-1
---ebpf-pid----2088----pid-2088
---ebpf-pid----2088----pid-1
---ebpf-pid----2088----pid-2088
---ebpf-pid----5705----pid-5705
---ebpf-pid----2088----pid-1
---ebpf-pid----2088----pid-2088
---ebpf-pid----2088----pid-1
---ebpf-pid----5705----pid-5476
---ebpf-pid----2088----pid-2088
---ebpf-pid----2088----pid-1
---ebpf-pid----2088----pid-2088
---ebpf-pid----5705----pid-1
---ebpf-pid----2088----pid-1
---ebpf-pid----5705----pid-5705
---ebpf-pid----2088----pid-1
---ebpf-pid----2088----pid-2088
---ebpf-pid----2088----pid-2088
---ebpf-pid----5705----pid-5476
---ebpf-pid----2088----pid-1
---ebpf-pid----2088----pid-2088
---ebpf-pid----2088----pid-1
---ebpf-pid----2088----pid-1
---ebpf-pid----2088----pid-2088
---ebpf-pid----2088----pid-2088
---ebpf-pid----2088----pid-1
---ebpf-pid----5705----pid-1
---ebpf-pid----5705----pid-5705
---ebpf-pid----2088----pid-2088
---ebpf-pid----2088----pid-1
---ebpf-pid----2088----pid-2088
---ebpf-pid----2088----pid-1
---ebpf-pid----2088----pid-2088
---ebpf-pid----5705----pid-5476
---ebpf-pid----5705----pid-1
---ebpf-pid----5705----pid-5705
---ebpf-pid----2088----pid-1
---ebpf-pid----2088----pid-2088
---ebpf-pid----6671----pid-6671
---ebpf-pid----2088----pid-1
---ebpf-pid----6671----pid-5476
---ebpf-pid----5705----pid-5476
---ebpf-pid----6671----pid-1
---ebpf-pid----6671----pid-6671
---ebpf-pid----6671----pid-5476
---ebpf-pid----6671----pid-1
---ebpf-pid----5707----pid-5707
---ebpf-pid----5707----pid-5476
---ebpf-pid----5707----pid-1
---ebpf-pid----5707----pid-5707
---ebpf-pid----2088----pid-1
---ebpf-pid----2088----pid-2088
---ebpf-pid----5707----pid-5476
---ebpf-pid----5707----pid-1
---ebpf-pid----2088----pid-1
---ebpf-pid----5707----pid-5707
---ebpf-pid----2088----pid-2088
---ebpf-pid----5707----pid-5476
---ebpf-pid----2088----pid-1
---ebpf-pid----2088----pid-2088
---ebpf-pid----5707----pid-1
---ebpf-pid----6671----pid-6671
---ebpf-pid----2088----pid-1
---ebpf-pid----377755----pid-377755
---ebpf-pid----6671----pid-5476
---ebpf-pid----377755----pid-1
---ebpf-pid----6671----pid-1
---ebpf-pid----377755----pid-377755
---ebpf-pid----6671----pid-6671
---ebpf-pid----377755----pid-1
---ebpf-pid----6671----pid-5476
---ebpf-pid----6671----pid-6671
---ebpf-pid----6671----pid-1
---ebpf-pid----6671----pid-5476
---ebpf-pid----6671----pid-6671
---ebpf-pid----6671----pid-1
---ebpf-pid----6671----pid-5476
---ebpf-pid----6671----pid-6671
---ebpf-pid----6671----pid-1
---ebpf-pid----6671----pid-5476
---ebpf-pid----6671----pid-6671
---ebpf-pid----5705----pid-1
---ebpf-pid----5705----pid-5705
---ebpf-pid----6671----pid-5476
---ebpf-pid----6671----pid-1
---ebpf-pid----6671----pid-6671
---ebpf-pid----6671----pid-1
---ebpf-pid----5705----pid-5476
---ebpf-pid----5707----pid-5707
---ebpf-pid----6671----pid-5476
---ebpf-pid----5705----pid-1
---ebpf-pid----5707----pid-5476
---ebpf-pid----5705----pid-5705
---ebpf-pid----6671----pid-1
---ebpf-pid----448783----pid-448783
---ebpf-pid----5707----pid-1
---ebpf-pid----5707----pid-5707
---ebpf-pid----5705----pid-5476
---ebpf-pid----448783----pid-448520
---ebpf-pid----5707----pid-5476
---ebpf-pid----5705----pid-1
---ebpf-pid----6671----pid-6671
---ebpf-pid----448783----pid-1
---ebpf-pid----5707----pid-1
---ebpf-pid----448783----pid-448783
---ebpf-pid----6671----pid-6671
---ebpf-pid----6671----pid-5476
---ebpf-pid----6671----pid-5476
---ebpf-pid----448783----pid-448520
---ebpf-pid----6671----pid-1
---ebpf-pid----6671----pid-1
---ebpf-pid----6671----pid-6671
---ebpf-pid----448783----pid-1
---ebpf-pid----6671----pid-6671
---ebpf-pid----448783----pid-448783
---ebpf-pid----6671----pid-5476
---ebpf-pid----6671----pid-5476
---ebpf-pid----448783----pid-448520
---ebpf-pid----6671----pid-1
---ebpf-pid----6671----pid-1
---ebpf-pid----448783----pid-1
---ebpf-pid----6671----pid-6671
---ebpf-pid----6671----pid-6671
---ebpf-pid----448783----pid-448783
---ebpf-pid----6671----pid-5476
---ebpf-pid----6671----pid-5476
---ebpf-pid----448783----pid-448520
---ebpf-pid----6671----pid-1
---ebpf-pid----6671----pid-1
---ebpf-pid----6671----pid-6671
---ebpf-pid----448783----pid-1
---ebpf-pid----6671----pid-6671
---ebpf-pid----377755----pid-377755
---ebpf-pid----6671----pid-5476
---ebpf-pid----6671----pid-5476
---ebpf-pid----6671----pid-1
---ebpf-pid----5707----pid-5707
---ebpf-pid----377755----pid-1
---ebpf-pid----6671----pid-1
---ebpf-pid----2088----pid-2088
---ebpf-pid----379067----pid-379067
---ebpf-pid----5707----pid-5476
---ebpf-pid----2088----pid-1
---ebpf-pid----379067----pid-5476
---ebpf-pid----5707----pid-1
---ebpf-pid----2088----pid-2088
---ebpf-pid----5707----pid-5707
---ebpf-pid----379067----pid-1
---ebpf-pid----2088----pid-1
---ebpf-pid----379067----pid-379067
---ebpf-pid----5707----pid-5476
---ebpf-pid----2088----pid-2088
---ebpf-pid----2088----pid-2088
---ebpf-pid----379067----pid-5476
---ebpf-pid----5707----pid-1
---ebpf-pid----2088----pid-1
---ebpf-pid----5707----pid-5707
---ebpf-pid----2088----pid-1
---ebpf-pid----5707----pid-5476
---ebpf-pid----2088----pid-2088
---ebpf-pid----5707----pid-1
---ebpf-pid----2088----pid-2088
---ebpf-pid----2088----pid-1
---ebpf-pid----2088----pid-2088
---ebpf-pid----2088----pid-1
---ebpf-pid----2088----pid-1
---ebpf-pid----2088----pid-2088
---ebpf-pid----2088----pid-2088
---ebpf-pid----2088----pid-1
---ebpf-pid----2088----pid-1
---ebpf-pid----2088----pid-2088
---ebpf-pid----2088----pid-2088
---ebpf-pid----2088----pid-1
---ebpf-pid----2088----pid-1
---ebpf-pid----2088----pid-2088
---ebpf-pid----2088----pid-2088
---ebpf-pid----2088----pid-1
---ebpf-pid----2088----pid-1
---ebpf-pid----2088----pid-2088
---ebpf-pid----2088----pid-2088
---ebpf-pid----2088----pid-1
---ebpf-pid----2088----pid-1
---ebpf-pid----2088----pid-2088
---ebpf-pid----2088----pid-2088
---ebpf-pid----2088----pid-1
---ebpf-pid----2088----pid-2088
---ebpf-pid----379067----pid-1
---ebpf-pid----379067----pid-379067
---ebpf-pid----2088----pid-1
---ebpf-pid----379067----pid-5476
---ebpf-pid----2088----pid-2088
---ebpf-pid----2088----pid-1
---ebpf-pid----2088----pid-2088
---ebpf-pid----2088----pid-1
---ebpf-pid----2088----pid-2088
---ebpf-pid----2088----pid-1
---ebpf-pid----2088----pid-2088
---ebpf-pid----2088----pid-1
---ebpf-pid----2088----pid-2088
---ebpf-pid----2088----pid-1
---ebpf-pid----2088----pid-2088
---ebpf-pid----2088----pid-1
---ebpf-pid----2088----pid-2088
---ebpf-pid----2088----pid-1
---ebpf-pid----2088----pid-2088
---ebpf-pid----2088----pid-1
---ebpf-pid----2088----pid-2088
---ebpf-pid----2088----pid-1
---ebpf-pid----2088----pid-2088
---ebpf-pid----2088----pid-1
---ebpf-pid----2088----pid-1
---ebpf-pid----2088----pid-2088
---ebpf-pid----2088----pid-2088
---ebpf-pid----2088----pid-1
---ebpf-pid----2088----pid-2088
---ebpf-pid----2088----pid-1
---ebpf-pid----2088----pid-2088
---ebpf-pid----2088----pid-1
---ebpf-pid----2088----pid-2088
---ebpf-pid----2088----pid-1
---ebpf-pid----2088----pid-1
---ebpf-pid----2088----pid-2088
---ebpf-pid----2088----pid-2088
---ebpf-pid----2088----pid-1
---ebpf-pid----2088----pid-1
---ebpf-pid----2088----pid-2088
---ebpf-pid----2088----pid-2088
---ebpf-pid----2088----pid-1
---ebpf-pid----2088----pid-1
---ebpf-pid----2088----pid-2088
---ebpf-pid----2088----pid-2088
---ebpf-pid----2088----pid-1
---ebpf-pid----2088----pid-2088
---ebpf-pid----2088----pid-1
---ebpf-pid----2088----pid-2088
---ebpf-pid----2088----pid-1
---ebpf-pid----2088----pid-2088
---ebpf-pid----2088----pid-1
---ebpf-pid----2088----pid-1
---ebpf-pid----2088----pid-2088
---ebpf-pid----2088----pid-2088
---ebpf-pid----2088----pid-1
---ebpf-pid----2088----pid-1
---ebpf-pid----2088----pid-2088
---ebpf-pid----2088----pid-2088
---ebpf-pid----2088----pid-1
---ebpf-pid----2088----pid-1
---ebpf-pid----2088----pid-2088
---ebpf-pid----2088----pid-1
---ebpf-pid----2088----pid-2088
---ebpf-pid----2088----pid-1
---ebpf-pid----2088----pid-2088
---ebpf-pid----2088----pid-1
---ebpf-pid----2088----pid-2088
---ebpf-pid----2088----pid-1
---ebpf-pid----2088----pid-2088
---ebpf-pid----2088----pid-2088
---ebpf-pid----2088----pid-1
---ebpf-pid----2088----pid-2088
---ebpf-pid----2088----pid-1
---ebpf-pid----2088----pid-2088
---ebpf-pid----379067----pid-1
---ebpf-pid----2088----pid-1
---ebpf-pid----372881----pid-372881
---ebpf-pid----2088----pid-2088
---ebpf-pid----372881----pid-1
---ebpf-pid----2088----pid-1
---ebpf-pid----372881----pid-372881
---ebpf-pid----2088----pid-2088
---ebpf-pid----372881----pid-1
---ebpf-pid----2088----pid-1
---ebpf-pid----2088----pid-2088
---ebpf-pid----372881----pid-372881
---ebpf-pid----2088----pid-1
---ebpf-pid----372881----pid-1
---ebpf-pid----2088----pid-2088
---ebpf-pid----372881----pid-372881
---ebpf-pid----2088----pid-1
---ebpf-pid----372881----pid-1
---ebpf-pid----2088----pid-2088
---ebpf-pid----372881----pid-372881
---ebpf-pid----2088----pid-1
---ebpf-pid----372881----pid-1
---ebpf-pid----372881----pid-372881
---ebpf-pid----6671----pid-6671
---ebpf-pid----2088----pid-1
---ebpf-pid----2088----pid-2088
---ebpf-pid----6671----pid-5476
---ebpf-pid----2088----pid-1
---ebpf-pid----2088----pid-2088
---ebpf-pid----6671----pid-1
---ebpf-pid----2088----pid-1
---ebpf-pid----6671----pid-6671
---ebpf-pid----2088----pid-2088
---ebpf-pid----6671----pid-5476
---ebpf-pid----2088----pid-1
---ebpf-pid----2088----pid-2088
---ebpf-pid----6671----pid-1
---ebpf-pid----2088----pid-1
---ebpf-pid----6671----pid-6671
---ebpf-pid----2088----pid-2088
---ebpf-pid----6671----pid-5476
---ebpf-pid----2088----pid-1
---ebpf-pid----2088----pid-2088
---ebpf-pid----6671----pid-1
---ebpf-pid----2088----pid-2088
---ebpf-pid----2088----pid-1
---ebpf-pid----2088----pid-2088
---ebpf-pid----2088----pid-1
---ebpf-pid----2088----pid-1
---ebpf-pid----2088----pid-2088
---ebpf-pid----2088----pid-2088
---ebpf-pid----2088----pid-1
---ebpf-pid----2088----pid-1
---ebpf-pid----2088----pid-2088
---ebpf-pid----2088----pid-2088
---ebpf-pid----2088----pid-1
---ebpf-pid----2088----pid-1
---ebpf-pid----2088----pid-2088
---ebpf-pid----6671----pid-6671
---ebpf-pid----2088----pid-1
---ebpf-pid----6671----pid-5476
---ebpf-pid----2088----pid-2088
---ebpf-pid----6671----pid-1
---ebpf-pid----2088----pid-1
---ebpf-pid----6671----pid-6671
---ebpf-pid----2088----pid-2088
---ebpf-pid----6671----pid-5476
---ebpf-pid----2088----pid-1
---ebpf-pid----2088----pid-2088
---ebpf-pid----6671----pid-1
---ebpf-pid----6671----pid-6671
---ebpf-pid----2088----pid-1
---ebpf-pid----2088----pid-2088
---ebpf-pid----6671----pid-5476
---ebpf-pid----372881----pid-1
---ebpf-pid----6671----pid-1
---ebpf-pid----372881----pid-372881
---ebpf-pid----6671----pid-6671
---ebpf-pid----372881----pid-1
---ebpf-pid----372881----pid-372881
---ebpf-pid----6671----pid-5476
---ebpf-pid----372881----pid-1
---ebpf-pid----6671----pid-1
---ebpf-pid----372881----pid-372881
---ebpf-pid----6671----pid-6671
---ebpf-pid----372881----pid-1
---ebpf-pid----6671----pid-5476
---ebpf-pid----372881----pid-372881
---ebpf-pid----6671----pid-1
---ebpf-pid----372881----pid-1
---ebpf-pid----6671----pid-6671
---ebpf-pid----372881----pid-372881
---ebpf-pid----6671----pid-5476
---ebpf-pid----372881----pid-1
---ebpf-pid----372881----pid-372881
---ebpf-pid----6671----pid-1
---ebpf-pid----2088----pid-2088
---ebpf-pid----372881----pid-1
---ebpf-pid----372881----pid-372881
---ebpf-pid----2088----pid-1
---ebpf-pid----2088----pid-2088
---ebpf-pid----372881----pid-1
---ebpf-pid----2088----pid-1
---ebpf-pid----372881----pid-372881
---ebpf-pid----2088----pid-2088
---ebpf-pid----372881----pid-1
---ebpf-pid----2088----pid-1
---ebpf-pid----372881----pid-372881
---ebpf-pid----2088----pid-2088
---ebpf-pid----372881----pid-1
---ebpf-pid----2088----pid-1
---ebpf-pid----372881----pid-372881
---ebpf-pid----2088----pid-2088
---ebpf-pid----372881----pid-1
---ebpf-pid----2088----pid-1
---ebpf-pid----372881----pid-372881
---ebpf-pid----2088----pid-2088
---ebpf-pid----372881----pid-1
---ebpf-pid----2088----pid-1
---ebpf-pid----372881----pid-372881
---ebpf-pid----2088----pid-2088
---ebpf-pid----372881----pid-1
---ebpf-pid----2088----pid-1
---ebpf-pid----372881----pid-372881
---ebpf-pid----2088----pid-2088
---ebpf-pid----372881----pid-1
---ebpf-pid----2088----pid-1
---ebpf-pid----372881----pid-372881
---ebpf-pid----2088----pid-2088
---ebpf-pid----372881----pid-1
---ebpf-pid----2088----pid-1
---ebpf-pid----372881----pid-372881
---ebpf-pid----372881----pid-1
---ebpf-pid----372881----pid-372881
---ebpf-pid----2088----pid-2088
---ebpf-pid----372881----pid-1
---ebpf-pid----2088----pid-1
---ebpf-pid----372881----pid-372881
---ebpf-pid----2088----pid-2088
---ebpf-pid----372881----pid-1
---ebpf-pid----2088----pid-1
---ebpf-pid----372881----pid-372881
---ebpf-pid----2088----pid-2088
---ebpf-pid----372881----pid-1
---ebpf-pid----2088----pid-1
---ebpf-pid----372881----pid-372881
---ebpf-pid----2088----pid-2088
---ebpf-pid----372881----pid-1
---ebpf-pid----372881----pid-372881
---ebpf-pid----2088----pid-1
---ebpf-pid----6671----pid-6671
---ebpf-pid----372881----pid-1
---ebpf-pid----372881----pid-372881
---ebpf-pid----6671----pid-5476
---ebpf-pid----372881----pid-1
---ebpf-pid----6671----pid-1
---ebpf-pid----372881----pid-372881
---ebpf-pid----6671----pid-6671
---ebpf-pid----6671----pid-5476
---ebpf-pid----6671----pid-1
---ebpf-pid----6671----pid-6671
---ebpf-pid----6671----pid-5476
---ebpf-pid----6671----pid-1
---ebpf-pid----6671----pid-6671
---ebpf-pid----6671----pid-5476
---ebpf-pid----6671----pid-1
---ebpf-pid----6671----pid-6671
---ebpf-pid----6671----pid-5476
---ebpf-pid----6671----pid-1
---ebpf-pid----6671----pid-6671
---ebpf-pid----6671----pid-5476
---ebpf-pid----6671----pid-1
---ebpf-pid----372881----pid-372881
---ebpf-pid----372881----pid-1
---ebpf-pid----372881----pid-372881
---ebpf-pid----372881----pid-1
---ebpf-pid----372881----pid-372881
---ebpf-pid----372881----pid-1
---ebpf-pid----372881----pid-372881
---ebpf-pid----372881----pid-1
---ebpf-pid----372881----pid-372881
---ebpf-pid----372881----pid-1
---ebpf-pid----372881----pid-372881
---ebpf-pid----372881----pid-1
---ebpf-pid----372881----pid-372881
---ebpf-pid----372881----pid-1
---ebpf-pid----372881----pid-372881
---ebpf-pid----372881----pid-1
---ebpf-pid----372881----pid-372881
---ebpf-pid----372881----pid-1
---ebpf-pid----372881----pid-372881
---ebpf-pid----372881----pid-1
---ebpf-pid----2088----pid-1
---ebpf-pid----372881----pid-372881
---ebpf-pid----448783----pid-448783
---ebpf-pid----372881----pid-1
---ebpf-pid----372881----pid-372881
---ebpf-pid----448783----pid-448520
---ebpf-pid----372881----pid-1
---ebpf-pid----448783----pid-1
---ebpf-pid----372881----pid-372881
---ebpf-pid----377755----pid-377755
---ebpf-pid----372881----pid-1
---ebpf-pid----377755----pid-1
---ebpf-pid----372881----pid-372881
---ebpf-pid----2088----pid-2088
---ebpf-pid----372881----pid-1
---ebpf-pid----372881----pid-372881
---ebpf-pid----372881----pid-1
---ebpf-pid----2094----pid-2094
---ebpf-pid----2094----pid-1
---ebpf-pid----2094----pid-2094
---ebpf-pid----2088----pid-1
---ebpf-pid----2094----pid-1
---ebpf-pid----2094----pid-2094
---ebpf-pid----2088----pid-2088
---ebpf-pid----2094----pid-1
---ebpf-pid----2094----pid-2094
---ebpf-pid----2094----pid-1
---ebpf-pid----2094----pid-2094
---ebpf-pid----2094----pid-1
---ebpf-pid----2094----pid-2094
---ebpf-pid----2094----pid-1
---ebpf-pid----2094----pid-2094
---ebpf-pid----2094----pid-1
---ebpf-pid----2094----pid-2094
---ebpf-pid----2094----pid-1
---ebpf-pid----2094----pid-2094
---ebpf-pid----2088----pid-1
---ebpf-pid----2094----pid-1
---ebpf-pid----2094----pid-2094
---ebpf-pid----2088----pid-2088
---ebpf-pid----2088----pid-1
---ebpf-pid----2088----pid-2088
---ebpf-pid----2094----pid-1
---ebpf-pid----2094----pid-2094
---ebpf-pid----2088----pid-1
---ebpf-pid----2088----pid-2088
---ebpf-pid----2094----pid-1
---ebpf-pid----2094----pid-2094
---ebpf-pid----2088----pid-1
---ebpf-pid----2088----pid-2088
---ebpf-pid----2094----pid-1
---ebpf-pid----2094----pid-2094
---ebpf-pid----2088----pid-1
---ebpf-pid----2088----pid-2088
---ebpf-pid----2094----pid-1
---ebpf-pid----2094----pid-2094
---ebpf-pid----2088----pid-1
---ebpf-pid----2088----pid-2088
---ebpf-pid----2094----pid-1
---ebpf-pid----2094----pid-2094
---ebpf-pid----2088----pid-1
---ebpf-pid----2088----pid-2088
---ebpf-pid----2094----pid-1
---ebpf-pid----2094----pid-2094
---ebpf-pid----2088----pid-1
---ebpf-pid----5614----pid-5614
---ebpf-pid----2094----pid-1
---ebpf-pid----5614----pid-1
---ebpf-pid----5614----pid-5614
---ebpf-pid----2094----pid-2094
---ebpf-pid----5614----pid-1
---ebpf-pid----2094----pid-1
---ebpf-pid----2094----pid-2094
---ebpf-pid----372881----pid-1
---ebpf-pid----2094----pid-1
---ebpf-pid----6671----pid-6671
---ebpf-pid----372881----pid-372881
---ebpf-pid----372881----pid-1
---ebpf-pid----372881----pid-372881
---ebpf-pid----6671----pid-5476
---ebpf-pid----6671----pid-1
---ebpf-pid----372881----pid-1
---ebpf-pid----6671----pid-6671
---ebpf-pid----372881----pid-372881
---ebpf-pid----6671----pid-5476
---ebpf-pid----6671----pid-6671
---ebpf-pid----2089----pid-2089
---ebpf-pid----372881----pid-1
---ebpf-pid----6671----pid-1
---ebpf-pid----2089----pid-1
---ebpf-pid----2089----pid-2089
---ebpf-pid----6671----pid-5476
---ebpf-pid----2089----pid-1
---ebpf-pid----2089----pid-2089
---ebpf-pid----2089----pid-1
---ebpf-pid----2089----pid-2089
---ebpf-pid----372881----pid-372881
---ebpf-pid----6671----pid-6671
---ebpf-pid----372881----pid-1
---ebpf-pid----6671----pid-5476
---ebpf-pid----372881----pid-372881
---ebpf-pid----2089----pid-1
---ebpf-pid----2089----pid-2089
---ebpf-pid----372881----pid-1
---ebpf-pid----372881----pid-372881
---ebpf-pid----2089----pid-1
---ebpf-pid----6671----pid-1
---ebpf-pid----6671----pid-6671
---ebpf-pid----6671----pid-5476
---ebpf-pid----6671----pid-1
---ebpf-pid----6671----pid-6671
---ebpf-pid----6671----pid-5476
---ebpf-pid----2089----pid-2089
---ebpf-pid----6671----pid-1
---ebpf-pid----6671----pid-6671
---ebpf-pid----2089----pid-1
---ebpf-pid----6671----pid-5476
---ebpf-pid----2089----pid-2089
---ebpf-pid----2089----pid-1
---ebpf-pid----6671----pid-1
---ebpf-pid----2089----pid-2089
---ebpf-pid----6671----pid-6671
---ebpf-pid----2089----pid-1
---ebpf-pid----6671----pid-5476
---ebpf-pid----6671----pid-1
---ebpf-pid----372881----pid-1
---ebpf-pid----6671----pid-1
---ebpf-pid----6671----pid-6671
---ebpf-pid----2089----pid-2089
---ebpf-pid----6671----pid-5476
---ebpf-pid----372881----pid-372881
---ebpf-pid----6671----pid-1
---ebpf-pid----2089----pid-1
---ebpf-pid----372881----pid-1
---ebpf-pid----2094----pid-2094
---ebpf-pid----6671----pid-6671
---ebpf-pid----372881----pid-372881
---ebpf-pid----2089----pid-2089
---ebpf-pid----6671----pid-5476
---ebpf-pid----372881----pid-1
---ebpf-pid----372881----pid-372881
---ebpf-pid----6671----pid-1
---ebpf-pid----372881----pid-1
---ebpf-pid----6671----pid-6671
---ebpf-pid----372881----pid-372881
---ebpf-pid----2089----pid-1
---ebpf-pid----2089----pid-2089
---ebpf-pid----6671----pid-5476
---ebpf-pid----2089----pid-1
---ebpf-pid----6671----pid-1
---ebpf-pid----2089----pid-2089
---ebpf-pid----6671----pid-6671
---ebpf-pid----2089----pid-1
---ebpf-pid----6671----pid-5476
---ebpf-pid----2089----pid-2089
---ebpf-pid----6671----pid-1
---ebpf-pid----2089----pid-1
---ebpf-pid----6671----pid-6671
---ebpf-pid----2089----pid-2089
---ebpf-pid----6671----pid-5476
---ebpf-pid----2089----pid-1
---ebpf-pid----2089----pid-2089
---ebpf-pid----6671----pid-1
---ebpf-pid----2089----pid-1
---ebpf-pid----6671----pid-6671
---ebpf-pid----2089----pid-2089
---ebpf-pid----6671----pid-5476
---ebpf-pid----2089----pid-1
---ebpf-pid----2089----pid-2089
---ebpf-pid----6671----pid-1
---ebpf-pid----6671----pid-6671
---ebpf-pid----2089----pid-1
---ebpf-pid----2089----pid-2089
---ebpf-pid----6671----pid-5476
---ebpf-pid----2089----pid-1
---ebpf-pid----6671----pid-1
---ebpf-pid----2089----pid-2089
---ebpf-pid----6671----pid-6671
---ebpf-pid----2089----pid-1
---ebpf-pid----6671----pid-5476
---ebpf-pid----2089----pid-2089
---ebpf-pid----2089----pid-1
---ebpf-pid----6671----pid-1
---ebpf-pid----2089----pid-2089
---ebpf-pid----6671----pid-6671
---ebpf-pid----6671----pid-5476
---ebpf-pid----2089----pid-1
---ebpf-pid----2089----pid-2089
---ebpf-pid----6671----pid-1
---ebpf-pid----6671----pid-6671
---ebpf-pid----2089----pid-1
---ebpf-pid----2089----pid-2089
---ebpf-pid----6671----pid-5476
---ebpf-pid----2089----pid-1
---ebpf-pid----2089----pid-2089
---ebpf-pid----6671----pid-1
---ebpf-pid----5614----pid-5614
---ebpf-pid----2089----pid-1
---ebpf-pid----2089----pid-2089
---ebpf-pid----372881----pid-1
---ebpf-pid----5614----pid-1
---ebpf-pid----5614----pid-5614
---ebpf-pid----372881----pid-372881
---ebpf-pid----2089----pid-1
---ebpf-pid----2089----pid-2089
---ebpf-pid----372881----pid-1
---ebpf-pid----5614----pid-1
---ebpf-pid----372881----pid-372881
---ebpf-pid----5614----pid-5614
---ebpf-pid----2089----pid-1
---ebpf-pid----2089----pid-2089
---ebpf-pid----372881----pid-1
---ebpf-pid----5614----pid-1
---ebpf-pid----372881----pid-372881
---ebpf-pid----2088----pid-2088
---ebpf-pid----2089----pid-1
---ebpf-pid----2089----pid-2089
---ebpf-pid----372881----pid-1
---ebpf-pid----2088----pid-1
---ebpf-pid----372881----pid-372881
---ebpf-pid----2088----pid-2088
---ebpf-pid----2089----pid-1
---ebpf-pid----372881----pid-1
---ebpf-pid----2089----pid-2089
---ebpf-pid----372881----pid-372881
---ebpf-pid----2088----pid-1
---ebpf-pid----6671----pid-6671
---ebpf-pid----372881----pid-1
---ebpf-pid----372881----pid-372881
---ebpf-pid----2089----pid-1
---ebpf-pid----2089----pid-2089
---ebpf-pid----6671----pid-5476
---ebpf-pid----372881----pid-1
---ebpf-pid----372881----pid-372881
---ebpf-pid----2089----pid-1
---ebpf-pid----6671----pid-1
---ebpf-pid----2089----pid-2089
---ebpf-pid----372881----pid-1
---ebpf-pid----6671----pid-6671
---ebpf-pid----372881----pid-372881
---ebpf-pid----2089----pid-1
---ebpf-pid----6671----pid-5476
---ebpf-pid----372881----pid-1
---ebpf-pid----2089----pid-2089
---ebpf-pid----372881----pid-372881
---ebpf-pid----6671----pid-1
---ebpf-pid----2089----pid-1
---ebpf-pid----6671----pid-6671
---ebpf-pid----372881----pid-1
---ebpf-pid----2089----pid-2089
---ebpf-pid----372881----pid-372881
---ebpf-pid----6671----pid-5476
---ebpf-pid----2089----pid-1
---ebpf-pid----372881----pid-1
---ebpf-pid----2089----pid-2089
---ebpf-pid----6671----pid-1
---ebpf-pid----372881----pid-372881
---ebpf-pid----6671----pid-6671
---ebpf-pid----2089----pid-1
---ebpf-pid----372881----pid-1
---ebpf-pid----2089----pid-2089
---ebpf-pid----6671----pid-5476
---ebpf-pid----372881----pid-372881
---ebpf-pid----2089----pid-1
---ebpf-pid----6671----pid-1
---ebpf-pid----372881----pid-1
---ebpf-pid----2089----pid-2089
---ebpf-pid----372881----pid-372881
---ebpf-pid----6671----pid-6671
---ebpf-pid----2089----pid-1
---ebpf-pid----372881----pid-1
---ebpf-pid----6671----pid-5476
---ebpf-pid----2089----pid-2089
---ebpf-pid----372881----pid-372881
---ebpf-pid----6671----pid-1
---ebpf-pid----2089----pid-1
---ebpf-pid----372881----pid-1
---ebpf-pid----6671----pid-6671
---ebpf-pid----2089----pid-2089
---ebpf-pid----372881----pid-372881
---ebpf-pid----6671----pid-5476
---ebpf-pid----2089----pid-1
---ebpf-pid----372881----pid-1
---ebpf-pid----2089----pid-2089
---ebpf-pid----372881----pid-372881
---ebpf-pid----6671----pid-1
---ebpf-pid----6671----pid-6671
---ebpf-pid----2089----pid-1
---ebpf-pid----2089----pid-2089
---ebpf-pid----6671----pid-5476
---ebpf-pid----2089----pid-1
---ebpf-pid----6671----pid-1
---ebpf-pid----2089----pid-2089
---ebpf-pid----6671----pid-6671
---ebpf-pid----2089----pid-1
---ebpf-pid----6671----pid-5476
---ebpf-pid----2089----pid-2089
---ebpf-pid----6671----pid-1
---ebpf-pid----2089----pid-1
---ebpf-pid----6671----pid-6671
---ebpf-pid----379067----pid-379067
---ebpf-pid----6671----pid-5476
---ebpf-pid----379067----pid-5476
---ebpf-pid----6671----pid-1
---ebpf-pid----379067----pid-1
---ebpf-pid----6671----pid-6671
---ebpf-pid----379067----pid-379067
---ebpf-pid----6671----pid-5476
---ebpf-pid----379067----pid-5476
---ebpf-pid----6671----pid-1
---ebpf-pid----379067----pid-1
---ebpf-pid----6671----pid-6671
---ebpf-pid----379067----pid-379067
---ebpf-pid----379067----pid-5476
---ebpf-pid----6671----pid-5476
---ebpf-pid----379067----pid-1
---ebpf-pid----6671----pid-1
---ebpf-pid----6671----pid-6671
---ebpf-pid----379067----pid-379067
---ebpf-pid----6671----pid-5476
---ebpf-pid----379067----pid-5476
---ebpf-pid----6671----pid-1
---ebpf-pid----379067----pid-1
---ebpf-pid----6671----pid-6671
---ebpf-pid----379067----pid-379067
---ebpf-pid----372881----pid-1
---ebpf-pid----6671----pid-5476
---ebpf-pid----6671----pid-6671
---ebpf-pid----6671----pid-1
---ebpf-pid----6671----pid-5476
---ebpf-pid----6671----pid-6671
---ebpf-pid----6671----pid-1
---ebpf-pid----6671----pid-5476
---ebpf-pid----6671----pid-6671
---ebpf-pid----6671----pid-1
---ebpf-pid----6671----pid-5476
---ebpf-pid----6671----pid-6671
---ebpf-pid----2094----pid-1
---ebpf-pid----6671----pid-1
---ebpf-pid----2094----pid-2094
---ebpf-pid----6671----pid-5476
---ebpf-pid----6671----pid-6671
---ebpf-pid----2094----pid-1
---ebpf-pid----6671----pid-1
---ebpf-pid----6671----pid-5476
---ebpf-pid----2094----pid-2094
---ebpf-pid----2094----pid-2094
---ebpf-pid----6671----pid-1
---ebpf-pid----2094----pid-1
---ebpf-pid----2094----pid-1
---ebpf-pid----6671----pid-6671
---ebpf-pid----2094----pid-2094
---ebpf-pid----2094----pid-2094
---ebpf-pid----6671----pid-5476
---ebpf-pid----2094----pid-1
---ebpf-pid----2094----pid-1
---ebpf-pid----2094----pid-2094
---ebpf-pid----2094----pid-2094
---ebpf-pid----6671----pid-1
---ebpf-pid----6671----pid-6671
---ebpf-pid----2094----pid-1
---ebpf-pid----2094----pid-2094
---ebpf-pid----2094----pid-1
---ebpf-pid----6671----pid-5476
---ebpf-pid----2094----pid-2094
---ebpf-pid----2094----pid-1
---ebpf-pid----6671----pid-1
---ebpf-pid----2094----pid-2094
---ebpf-pid----2094----pid-1
---ebpf-pid----6671----pid-6671
---ebpf-pid----2094----pid-2094
---ebpf-pid----2094----pid-1
---ebpf-pid----6671----pid-5476
---ebpf-pid----2094----pid-2094
---ebpf-pid----2094----pid-1
---ebpf-pid----2094----pid-2094
---ebpf-pid----6671----pid-1
---ebpf-pid----2094----pid-1
---ebpf-pid----6671----pid-6671
---ebpf-pid----2094----pid-2094
---ebpf-pid----2094----pid-1
---ebpf-pid----2094----pid-2094
---ebpf-pid----6671----pid-5476
---ebpf-pid----2094----pid-1
---ebpf-pid----6671----pid-6671
---ebpf-pid----2094----pid-1
---ebpf-pid----6671----pid-1
---ebpf-pid----2094----pid-2094
---ebpf-pid----6671----pid-6671
---ebpf-pid----6671----pid-5476
---ebpf-pid----2094----pid-1
---ebpf-pid----6671----pid-5476
---ebpf-pid----2094----pid-2094
---ebpf-pid----6671----pid-1
---ebpf-pid----6671----pid-6671
---ebpf-pid----2094----pid-1
---ebpf-pid----6671----pid-5476
---ebpf-pid----2094----pid-2094
---ebpf-pid----6671----pid-1
---ebpf-pid----6671----pid-6671
---ebpf-pid----2094----pid-1
---ebpf-pid----2094----pid-2094
---ebpf-pid----6671----pid-5476
---ebpf-pid----2094----pid-1
---ebpf-pid----6671----pid-1
---ebpf-pid----2094----pid-2094
---ebpf-pid----6671----pid-6671
---ebpf-pid----2094----pid-1
---ebpf-pid----2094----pid-2094
---ebpf-pid----6671----pid-5476
---ebpf-pid----2094----pid-1
---ebpf-pid----6671----pid-1
---ebpf-pid----2094----pid-2094
---ebpf-pid----6671----pid-6671
---ebpf-pid----2094----pid-1
---ebpf-pid----2094----pid-2094
---ebpf-pid----6671----pid-5476
---ebpf-pid----2094----pid-1
---ebpf-pid----6671----pid-1
---ebpf-pid----2094----pid-2094
---ebpf-pid----6671----pid-6671
---ebpf-pid----2094----pid-1
---ebpf-pid----2094----pid-2094
---ebpf-pid----2094----pid-1
---ebpf-pid----2094----pid-2094
---ebpf-pid----2094----pid-1
---ebpf-pid----2094----pid-2094
---ebpf-pid----2094----pid-1
---ebpf-pid----2094----pid-2094
---ebpf-pid----2094----pid-1
---ebpf-pid----2094----pid-2094
---ebpf-pid----2094----pid-1
---ebpf-pid----2094----pid-2094
---ebpf-pid----2094----pid-1
---ebpf-pid----2094----pid-2094
---ebpf-pid----2094----pid-1
---ebpf-pid----2094----pid-2094
---ebpf-pid----2094----pid-1
---ebpf-pid----2094----pid-2094
---ebpf-pid----2094----pid-1
---ebpf-pid----2094----pid-2094
---ebpf-pid----2094----pid-1
---ebpf-pid----2094----pid-2094
---ebpf-pid----2094----pid-1
---ebpf-pid----2094----pid-2094
---ebpf-pid----2094----pid-1
---ebpf-pid----2094----pid-2094
---ebpf-pid----2094----pid-1
---ebpf-pid----2094----pid-2094
---ebpf-pid----2094----pid-1
---ebpf-pid----2094----pid-2094
---ebpf-pid----2094----pid-1
---ebpf-pid----5638----pid-5638
---ebpf-pid----5638----pid-1
---ebpf-pid----2029----pid-2029
---ebpf-pid----2029----pid-1
---ebpf-pid----2029----pid-2029
---ebpf-pid----2029----pid-1
---ebpf-pid----2029----pid-2029
---ebpf-pid----2029----pid-1
---ebpf-pid----2029----pid-2029
---ebpf-pid----2029----pid-1
---ebpf-pid----2029----pid-2029
---ebpf-pid----2029----pid-1
---ebpf-pid----2029----pid-2029
---ebpf-pid----2029----pid-1
---ebpf-pid----2029----pid-2029
---ebpf-pid----2029----pid-1
---ebpf-pid----2029----pid-2029
---ebpf-pid----2029----pid-1
---ebpf-pid----2029----pid-2029
---ebpf-pid----2029----pid-1
---ebpf-pid----5705----pid-5705
---ebpf-pid----6671----pid-5476
---ebpf-pid----5705----pid-5476
---ebpf-pid----5705----pid-1
---ebpf-pid----6671----pid-1
---ebpf-pid----5705----pid-5705
---ebpf-pid----6671----pid-6671
---ebpf-pid----5705----pid-5476
---ebpf-pid----6671----pid-5476
---ebpf-pid----5705----pid-1
---ebpf-pid----6671----pid-1
---ebpf-pid----2088----pid-2088
---ebpf-pid----6671----pid-6671
---ebpf-pid----2088----pid-1
---ebpf-pid----6671----pid-5476
---ebpf-pid----2088----pid-2088
---ebpf-pid----6671----pid-1
---ebpf-pid----2088----pid-1
---ebpf-pid----6671----pid-6671
---ebpf-pid----2088----pid-2088
---ebpf-pid----6671----pid-5476
---ebpf-pid----2088----pid-1
---ebpf-pid----2088----pid-2088
---ebpf-pid----6671----pid-1
---ebpf-pid----6671----pid-6671
---ebpf-pid----2088----pid-1
---ebpf-pid----2088----pid-2088
---ebpf-pid----6671----pid-5476
---ebpf-pid----2088----pid-1
---ebpf-pid----2088----pid-2088
---ebpf-pid----6671----pid-1
---ebpf-pid----6671----pid-6671
---ebpf-pid----2088----pid-1
---ebpf-pid----2088----pid-2088
---ebpf-pid----6671----pid-5476
---ebpf-pid----2088----pid-1
---ebpf-pid----2088----pid-2088
---ebpf-pid----6671----pid-1
---ebpf-pid----6671----pid-6671
---ebpf-pid----2088----pid-1
---ebpf-pid----2088----pid-2088
---ebpf-pid----6671----pid-5476
---ebpf-pid----2088----pid-1
---ebpf-pid----2088----pid-2088
---ebpf-pid----6671----pid-1
---ebpf-pid----6671----pid-6671
---ebpf-pid----2088----pid-1
---ebpf-pid----2088----pid-2088
---ebpf-pid----6671----pid-5476
---ebpf-pid----2088----pid-1
---ebpf-pid----2088----pid-2088
---ebpf-pid----6671----pid-1
---ebpf-pid----6671----pid-6671
---ebpf-pid----6671----pid-5476
---ebpf-pid----2088----pid-1
---ebpf-pid----2088----pid-2088
---ebpf-pid----6671----pid-1
---ebpf-pid----2088----pid-1
---ebpf-pid----6671----pid-6671
---ebpf-pid----2088----pid-2088
---ebpf-pid----379067----pid-5476
---ebpf-pid----6671----pid-5476
---ebpf-pid----2088----pid-1
---ebpf-pid----2088----pid-2088
---ebpf-pid----6671----pid-1
---ebpf-pid----379067----pid-1
---ebpf-pid----6671----pid-6671
---ebpf-pid----2029----pid-2029
---ebpf-pid----2088----pid-1
---ebpf-pid----2088----pid-2088
---ebpf-pid----6671----pid-5476
---ebpf-pid----2029----pid-1
---ebpf-pid----2029----pid-2029
---ebpf-pid----2088----pid-1
---ebpf-pid----2088----pid-2088
---ebpf-pid----6671----pid-1
---ebpf-pid----2029----pid-1
---ebpf-pid----6671----pid-6671
---ebpf-pid----2029----pid-2029
---ebpf-pid----2088----pid-1
---ebpf-pid----2088----pid-2088
---ebpf-pid----6671----pid-5476
---ebpf-pid----2029----pid-1
---ebpf-pid----2088----pid-1
---ebpf-pid----2029----pid-2029
---ebpf-pid----6671----pid-1
---ebpf-pid----2089----pid-2089
---ebpf-pid----6671----pid-6671
---ebpf-pid----6671----pid-5476
---ebpf-pid----2089----pid-1
---ebpf-pid----6671----pid-1
---ebpf-pid----2089----pid-2089
---ebpf-pid----6671----pid-6671
---ebpf-pid----2089----pid-1
---ebpf-pid----6671----pid-5476
---ebpf-pid----2089----pid-2089
---ebpf-pid----6671----pid-1
---ebpf-pid----6671----pid-6671
---ebpf-pid----2089----pid-1
---ebpf-pid----2089----pid-2089
---ebpf-pid----6671----pid-5476
---ebpf-pid----2089----pid-1
---ebpf-pid----6671----pid-1
---ebpf-pid----2089----pid-2089
---ebpf-pid----6671----pid-6671
---ebpf-pid----6671----pid-5476
---ebpf-pid----2089----pid-1
---ebpf-pid----2089----pid-2089
---ebpf-pid----6671----pid-1
---ebpf-pid----6671----pid-6671
---ebpf-pid----2089----pid-1
---ebpf-pid----2089----pid-2089
---ebpf-pid----6671----pid-5476
---ebpf-pid----6671----pid-1
---ebpf-pid----2089----pid-1
---ebpf-pid----6671----pid-6671
---ebpf-pid----2089----pid-2089
---ebpf-pid----6671----pid-5476
---ebpf-pid----2089----pid-1
---ebpf-pid----2089----pid-2089
---ebpf-pid----6671----pid-1
---ebpf-pid----6671----pid-6671
---ebpf-pid----2089----pid-1
---ebpf-pid----6671----pid-6671
---ebpf-pid----6671----pid-5476
---ebpf-pid----6671----pid-5476
---ebpf-pid----6671----pid-1
---ebpf-pid----6671----pid-6671
---ebpf-pid----6671----pid-1
---ebpf-pid----6671----pid-5476
---ebpf-pid----6671----pid-6671
---ebpf-pid----6671----pid-1
---ebpf-pid----6671----pid-6671
---ebpf-pid----6671----pid-5476
---ebpf-pid----6671----pid-5476
---ebpf-pid----6671----pid-1
---ebpf-pid----6671----pid-6671
---ebpf-pid----6671----pid-1
---ebpf-pid----6671----pid-6671
---ebpf-pid----6671----pid-5476
---ebpf-pid----6671----pid-5476
---ebpf-pid----6671----pid-1
---ebpf-pid----6671----pid-6671
---ebpf-pid----6671----pid-1
---ebpf-pid----6671----pid-5476
---ebpf-pid----448784----pid-448784
---ebpf-pid----6671----pid-1
---ebpf-pid----448784----pid-448520
---ebpf-pid----6671----pid-6671
---ebpf-pid----6671----pid-5476
---ebpf-pid----448784----pid-1
---ebpf-pid----448784----pid-448784
---ebpf-pid----6671----pid-1
---ebpf-pid----2094----pid-2094
---ebpf-pid----448784----pid-448520
---ebpf-pid----2094----pid-1
---ebpf-pid----2094----pid-2094
---ebpf-pid----448784----pid-1
---ebpf-pid----2088----pid-2088
---ebpf-pid----2094----pid-1
---ebpf-pid----2094----pid-2094
---ebpf-pid----2088----pid-1
---ebpf-pid----2094----pid-1
---ebpf-pid----2089----pid-2089
---ebpf-pid----2094----pid-2094
---ebpf-pid----2089----pid-1
---ebpf-pid----2088----pid-2088
---ebpf-pid----2094----pid-1
---ebpf-pid----2088----pid-1
---ebpf-pid----2094----pid-2094
---ebpf-pid----2088----pid-2088
---ebpf-pid----2094----pid-1
---ebpf-pid----2088----pid-1
---ebpf-pid----372881----pid-372881
---ebpf-pid----2088----pid-2088
---ebpf-pid----372881----pid-1
---ebpf-pid----2029----pid-1
---ebpf-pid----2088----pid-1
---ebpf-pid----372881----pid-372881
---ebpf-pid----2088----pid-2088
---ebpf-pid----2029----pid-2029
---ebpf-pid----372881----pid-1
---ebpf-pid----2088----pid-1
---ebpf-pid----2029----pid-1
---ebpf-pid----372881----pid-372881
---ebpf-pid----2088----pid-2088
---ebpf-pid----2029----pid-2029
---ebpf-pid----372881----pid-1
---ebpf-pid----2088----pid-1
---ebpf-pid----2029----pid-1
---ebpf-pid----372881----pid-372881
---ebpf-pid----2088----pid-2088
---ebpf-pid----2029----pid-2029
---ebpf-pid----372881----pid-1
---ebpf-pid----2088----pid-1
---ebpf-pid----372881----pid-372881
---ebpf-pid----2029----pid-1
---ebpf-pid----2088----pid-2088
---ebpf-pid----2029----pid-2029
---ebpf-pid----372881----pid-1
---ebpf-pid----2088----pid-1
---ebpf-pid----2029----pid-1
---ebpf-pid----372881----pid-372881
---ebpf-pid----2088----pid-2088
---ebpf-pid----2088----pid-2088
---ebpf-pid----2088----pid-1
---ebpf-pid----372881----pid-1
---ebpf-pid----2088----pid-1
---ebpf-pid----2088----pid-2088
---ebpf-pid----2088----pid-2088
---ebpf-pid----372881----pid-372881
---ebpf-pid----2088----pid-1
---ebpf-pid----2088----pid-1
---ebpf-pid----2088----pid-2088
---ebpf-pid----2088----pid-2088
---ebpf-pid----372881----pid-1
---ebpf-pid----372881----pid-372881
---ebpf-pid----2088----pid-1
---ebpf-pid----2088----pid-1
---ebpf-pid----2088----pid-2088
---ebpf-pid----372881----pid-1
---ebpf-pid----2088----pid-2088
---ebpf-pid----372881----pid-372881
---ebpf-pid----2088----pid-1
---ebpf-pid----2088----pid-1
---ebpf-pid----2088----pid-2088
---ebpf-pid----2029----pid-2029
---ebpf-pid----2088----pid-1
---ebpf-pid----2029----pid-1
---ebpf-pid----2088----pid-2088
---ebpf-pid----372881----pid-1
---ebpf-pid----2029----pid-2029
---ebpf-pid----372881----pid-372881
---ebpf-pid----2088----pid-1
---ebpf-pid----2029----pid-1
---ebpf-pid----2088----pid-2088
---ebpf-pid----372881----pid-1
---ebpf-pid----2029----pid-2029
---ebpf-pid----372881----pid-372881
---ebpf-pid----2088----pid-1
---ebpf-pid----2029----pid-1
---ebpf-pid----2088----pid-2088
---ebpf-pid----2029----pid-2029
---ebpf-pid----372881----pid-1
---ebpf-pid----2088----pid-2088
---ebpf-pid----2029----pid-1
---ebpf-pid----2088----pid-1
---ebpf-pid----2029----pid-2029
---ebpf-pid----2088----pid-1
---ebpf-pid----2088----pid-2088
---ebpf-pid----2088----pid-2088
---ebpf-pid----2029----pid-1
---ebpf-pid----2088----pid-1
---ebpf-pid----2088----pid-1
---ebpf-pid----2029----pid-2029
---ebpf-pid----2088----pid-2088
---ebpf-pid----2088----pid-2088
---ebpf-pid----2088----pid-1
---ebpf-pid----2029----pid-1
---ebpf-pid----2088----pid-1
---ebpf-pid----2088----pid-2088
---ebpf-pid----2029----pid-2029
---ebpf-pid----2088----pid-2088
---ebpf-pid----2029----pid-1
---ebpf-pid----2088----pid-1
---ebpf-pid----2088----pid-1
---ebpf-pid----2029----pid-2029
---ebpf-pid----2088----pid-2088
---ebpf-pid----2088----pid-2088
---ebpf-pid----2029----pid-1
---ebpf-pid----2088----pid-1
---ebpf-pid----2029----pid-2029
---ebpf-pid----2088----pid-2088
---ebpf-pid----2088----pid-1
---ebpf-pid----2029----pid-1
---ebpf-pid----2088----pid-1
---ebpf-pid----2088----pid-2088
---ebpf-pid----2029----pid-2029
---ebpf-pid----2088----pid-2088
---ebpf-pid----2088----pid-1
---ebpf-pid----2088----pid-2088
---ebpf-pid----2088----pid-1
---ebpf-pid----2088----pid-1
---ebpf-pid----2088----pid-2088
---ebpf-pid----2088----pid-2088
---ebpf-pid----2088----pid-1
---ebpf-pid----2088----pid-2088
---ebpf-pid----2088----pid-1
---ebpf-pid----2088----pid-2088
---ebpf-pid----2088----pid-1
---ebpf-pid----2088----pid-1
---ebpf-pid----2088----pid-2088
---ebpf-pid----2088----pid-2088
---ebpf-pid----2088----pid-1
---ebpf-pid----2088----pid-1
---ebpf-pid----2088----pid-2088
---ebpf-pid----6671----pid-1
---ebpf-pid----6671----pid-6671
---ebpf-pid----2088----pid-1
---ebpf-pid----2088----pid-2088
---ebpf-pid----6671----pid-5476
---ebpf-pid----2088----pid-1
---ebpf-pid----6671----pid-1
---ebpf-pid----2088----pid-2088
---ebpf-pid----6671----pid-6671
---ebpf-pid----2088----pid-1
---ebpf-pid----2088----pid-2088
---ebpf-pid----6671----pid-5476
---ebpf-pid----2088----pid-1
---ebpf-pid----6671----pid-1
---ebpf-pid----2088----pid-2088
---ebpf-pid----6671----pid-6671
---ebpf-pid----2088----pid-1
---ebpf-pid----6671----pid-5476
---ebpf-pid----2088----pid-2088
---ebpf-pid----2088----pid-1
---ebpf-pid----6671----pid-1
---ebpf-pid----2088----pid-2088
---ebpf-pid----6671----pid-6671
---ebpf-pid----2088----pid-1
---ebpf-pid----2088----pid-2088
---ebpf-pid----6671----pid-5476
---ebpf-pid----2088----pid-1
---ebpf-pid----6671----pid-1
---ebpf-pid----2088----pid-2088
---ebpf-pid----372881----pid-372881
---ebpf-pid----2088----pid-1
---ebpf-pid----372881----pid-1
---ebpf-pid----372881----pid-372881
---ebpf-pid----2088----pid-2088
---ebpf-pid----372881----pid-1
---ebpf-pid----372881----pid-372881
---ebpf-pid----2088----pid-1
---ebpf-pid----372881----pid-1
---ebpf-pid----2088----pid-2088
---ebpf-pid----372881----pid-372881
---ebpf-pid----2088----pid-1
---ebpf-pid----372881----pid-1
---ebpf-pid----2088----pid-2088
---ebpf-pid----372881----pid-372881
---ebpf-pid----372881----pid-1
---ebpf-pid----2088----pid-1
---ebpf-pid----372881----pid-372881
---ebpf-pid----2088----pid-2088
---ebpf-pid----372881----pid-1
---ebpf-pid----372881----pid-372881
---ebpf-pid----2088----pid-1
---ebpf-pid----2088----pid-2088
---ebpf-pid----372881----pid-1
---ebpf-pid----372881----pid-372881
---ebpf-pid----2088----pid-1
---ebpf-pid----2088----pid-2088
---ebpf-pid----372881----pid-1
---ebpf-pid----372881----pid-372881
---ebpf-pid----2088----pid-1
---ebpf-pid----372881----pid-1
---ebpf-pid----2088----pid-2088
---ebpf-pid----372881----pid-372881
---ebpf-pid----2088----pid-1
---ebpf-pid----372881----pid-1
---ebpf-pid----372881----pid-372881
---ebpf-pid----372881----pid-1
---ebpf-pid----2088----pid-2088
---ebpf-pid----372881----pid-372881
---ebpf-pid----2088----pid-1
---ebpf-pid----372881----pid-1
---ebpf-pid----2088----pid-2088
---ebpf-pid----372881----pid-372881
---ebpf-pid----372881----pid-1
---ebpf-pid----2088----pid-1
---ebpf-pid----372881----pid-372881
---ebpf-pid----2088----pid-2088
---ebpf-pid----372881----pid-1
---ebpf-pid----2088----pid-1
---ebpf-pid----372881----pid-372881
---ebpf-pid----2088----pid-2088
---ebpf-pid----372881----pid-1
---ebpf-pid----372881----pid-372881
---ebpf-pid----2088----pid-1
---ebpf-pid----2088----pid-2088
---ebpf-pid----372881----pid-1
---ebpf-pid----372881----pid-372881
---ebpf-pid----2088----pid-1
---ebpf-pid----2088----pid-2088
---ebpf-pid----372881----pid-1
---ebpf-pid----372881----pid-372881
---ebpf-pid----2088----pid-1
---ebpf-pid----2088----pid-2088
---ebpf-pid----372881----pid-1
---ebpf-pid----372881----pid-372881
---ebpf-pid----2088----pid-1
---ebpf-pid----2088----pid-2088
---ebpf-pid----2088----pid-1
---ebpf-pid----2088----pid-2088
---ebpf-pid----2088----pid-1
---ebpf-pid----2088----pid-2088
---ebpf-pid----2088----pid-1
---ebpf-pid----2088----pid-2088
---ebpf-pid----2088----pid-1
---ebpf-pid----2088----pid-2088
---ebpf-pid----2088----pid-1
---ebpf-pid----2088----pid-2088
---ebpf-pid----2088----pid-1
---ebpf-pid----2029----pid-2029
---ebpf-pid----2029----pid-1
---ebpf-pid----2029----pid-2029
---ebpf-pid----2029----pid-1
---ebpf-pid----2029----pid-2029
---ebpf-pid----2029----pid-1
---ebpf-pid----2029----pid-2029
---ebpf-pid----2029----pid-1
---ebpf-pid----2029----pid-2029
---ebpf-pid----372881----pid-1
---ebpf-pid----6671----pid-6671
---ebpf-pid----2029----pid-1
---ebpf-pid----2088----pid-2088
---ebpf-pid----6671----pid-5476
---ebpf-pid----6671----pid-1
---ebpf-pid----2088----pid-1
---ebpf-pid----6671----pid-6671
---ebpf-pid----2089----pid-2089
---ebpf-pid----6671----pid-5476
---ebpf-pid----2089----pid-1
---ebpf-pid----2089----pid-2089
---ebpf-pid----6671----pid-1
---ebpf-pid----372881----pid-372881
---ebpf-pid----2089----pid-1
---ebpf-pid----372881----pid-1
---ebpf-pid----372881----pid-372881
---ebpf-pid----372881----pid-372881
---ebpf-pid----372881----pid-1
---ebpf-pid----372881----pid-372881
---ebpf-pid----372881----pid-1
---ebpf-pid----372881----pid-372881
---ebpf-pid----372881----pid-1
---ebpf-pid----372881----pid-372881
---ebpf-pid----372881----pid-1
---ebpf-pid----372881----pid-372881
---ebpf-pid----372881----pid-1
---ebpf-pid----372881----pid-372881
---ebpf-pid----372881----pid-1
---ebpf-pid----372881----pid-372881
---ebpf-pid----372881----pid-1
---ebpf-pid----372881----pid-372881
---ebpf-pid----372881----pid-1
---ebpf-pid----372881----pid-1
---ebpf-pid----372881----pid-372881
---ebpf-pid----372881----pid-372881
---ebpf-pid----372881----pid-1
---ebpf-pid----372881----pid-1
---ebpf-pid----372881----pid-372881
---ebpf-pid----372881----pid-372881
---ebpf-pid----372881----pid-1
---ebpf-pid----372881----pid-1
---ebpf-pid----372881----pid-372881
---ebpf-pid----372881----pid-372881
---ebpf-pid----372881----pid-1
---ebpf-pid----372881----pid-1
---ebpf-pid----372881----pid-372881
---ebpf-pid----372881----pid-372881
---ebpf-pid----372881----pid-1
---ebpf-pid----372881----pid-372881
---ebpf-pid----372881----pid-1
---ebpf-pid----372881----pid-372881
---ebpf-pid----372881----pid-1
---ebpf-pid----372881----pid-372881
---ebpf-pid----372881----pid-1
---ebpf-pid----372881----pid-372881
---ebpf-pid----372881----pid-1
---ebpf-pid----372881----pid-372881
---ebpf-pid----372881----pid-1
---ebpf-pid----372881----pid-1
---ebpf-pid----372881----pid-372881
---ebpf-pid----372881----pid-372881
---ebpf-pid----372881----pid-1
---ebpf-pid----372881----pid-1
---ebpf-pid----372881----pid-372881
---ebpf-pid----372881----pid-372881
---ebpf-pid----372881----pid-1
---ebpf-pid----372881----pid-1
---ebpf-pid----372881----pid-372881
---ebpf-pid----372881----pid-372881
---ebpf-pid----372881----pid-1
---ebpf-pid----372881----pid-1
---ebpf-pid----372881----pid-372881
---ebpf-pid----372881----pid-372881
---ebpf-pid----372881----pid-1
---ebpf-pid----372881----pid-372881
---ebpf-pid----372881----pid-1
---ebpf-pid----372881----pid-372881
---ebpf-pid----2029----pid-1
---ebpf-pid----372881----pid-1
---ebpf-pid----2029----pid-2029
---ebpf-pid----372881----pid-372881
---ebpf-pid----372881----pid-1
---ebpf-pid----2029----pid-1
---ebpf-pid----372881----pid-372881
---ebpf-pid----2029----pid-2029
---ebpf-pid----372881----pid-1
---ebpf-pid----372881----pid-372881
---ebpf-pid----2029----pid-1
---ebpf-pid----2029----pid-2029
---ebpf-pid----372881----pid-1
---ebpf-pid----372881----pid-372881
---ebpf-pid----2029----pid-1
---ebpf-pid----2029----pid-2029
---ebpf-pid----372881----pid-1
---ebpf-pid----372881----pid-372881
---ebpf-pid----2029----pid-1
---ebpf-pid----2029----pid-2029
---ebpf-pid----372881----pid-1
---ebpf-pid----2029----pid-1
---ebpf-pid----2029----pid-2029
---ebpf-pid----2089----pid-2089
---ebpf-pid----2029----pid-1
---ebpf-pid----2029----pid-2029
---ebpf-pid----2029----pid-1
---ebpf-pid----2029----pid-2029
---ebpf-pid----2029----pid-1
---ebpf-pid----2029----pid-2029
---ebpf-pid----2029----pid-1
---ebpf-pid----2029----pid-2029
---ebpf-pid----372881----pid-1
---ebpf-pid----372881----pid-372881
---ebpf-pid----2029----pid-1
---ebpf-pid----2029----pid-2029
---ebpf-pid----372881----pid-1
---ebpf-pid----372881----pid-372881
---ebpf-pid----2029----pid-1
---ebpf-pid----2029----pid-2029
---ebpf-pid----372881----pid-1
---ebpf-pid----6671----pid-6671
---ebpf-pid----2029----pid-1
---ebpf-pid----6671----pid-5476
---ebpf-pid----2029----pid-2029
---ebpf-pid----6671----pid-1
---ebpf-pid----6671----pid-6671
---ebpf-pid----2029----pid-1
---ebpf-pid----2029----pid-2029
---ebpf-pid----6671----pid-5476
---ebpf-pid----2029----pid-1
---ebpf-pid----6671----pid-1
---ebpf-pid----2029----pid-2029
---ebpf-pid----6671----pid-6671
---ebpf-pid----6671----pid-5476
---ebpf-pid----2029----pid-1
---ebpf-pid----2029----pid-2029
---ebpf-pid----6671----pid-1
---ebpf-pid----6671----pid-6671
---ebpf-pid----2029----pid-1
---ebpf-pid----2029----pid-2029
---ebpf-pid----6671----pid-5476
---ebpf-pid----2029----pid-1
---ebpf-pid----6671----pid-1
---ebpf-pid----372881----pid-372881
---ebpf-pid----2029----pid-2029
---ebpf-pid----372881----pid-1
---ebpf-pid----2029----pid-1
---ebpf-pid----372881----pid-372881
---ebpf-pid----372881----pid-1
---ebpf-pid----372881----pid-372881
---ebpf-pid----372881----pid-1
---ebpf-pid----5705----pid-5705
---ebpf-pid----5705----pid-5476
---ebpf-pid----5705----pid-1
---ebpf-pid----5705----pid-5705
---ebpf-pid----5705----pid-5476
---ebpf-pid----5705----pid-1
---ebpf-pid----5705----pid-5705
---ebpf-pid----5705----pid-5476
---ebpf-pid----5705----pid-1
---ebpf-pid----5705----pid-5705
---ebpf-pid----5705----pid-5476
---ebpf-pid----372881----pid-372881
---ebpf-pid----372881----pid-1
---ebpf-pid----372881----pid-372881
---ebpf-pid----372881----pid-1
---ebpf-pid----372881----pid-372881
---ebpf-pid----372881----pid-1
---ebpf-pid----372881----pid-372881
---ebpf-pid----372881----pid-1
---ebpf-pid----372881----pid-372881
---ebpf-pid----372881----pid-1
---ebpf-pid----372881----pid-372881
---ebpf-pid----5705----pid-1
---ebpf-pid----5705----pid-5705
---ebpf-pid----372881----pid-1
---ebpf-pid----372881----pid-372881
---ebpf-pid----5705----pid-5476
---ebpf-pid----372881----pid-1
---ebpf-pid----5705----pid-1
---ebpf-pid----5705----pid-5705
---ebpf-pid----372881----pid-372881
---ebpf-pid----5705----pid-5476
---ebpf-pid----372881----pid-1
---ebpf-pid----372881----pid-372881
---ebpf-pid----5705----pid-1
---ebpf-pid----5705----pid-5705
---ebpf-pid----372881----pid-1
---ebpf-pid----5705----pid-5476
---ebpf-pid----372881----pid-372881
---ebpf-pid----5705----pid-1
---ebpf-pid----372881----pid-1
---ebpf-pid----5705----pid-5705
---ebpf-pid----372881----pid-372881
---ebpf-pid----5705----pid-5476
---ebpf-pid----372881----pid-1
---ebpf-pid----372881----pid-372881
---ebpf-pid----5705----pid-1
---ebpf-pid----5705----pid-5705
---ebpf-pid----372881----pid-1
---ebpf-pid----5705----pid-5476
---ebpf-pid----372881----pid-372881
---ebpf-pid----5705----pid-1
---ebpf-pid----372881----pid-1
---ebpf-pid----5705----pid-5705
---ebpf-pid----372881----pid-372881
---ebpf-pid----5705----pid-5476
---ebpf-pid----372881----pid-1
---ebpf-pid----5705----pid-1
---ebpf-pid----372881----pid-372881
---ebpf-pid----5705----pid-5705
---ebpf-pid----372881----pid-1
---ebpf-pid----5705----pid-5476
---ebpf-pid----372881----pid-372881
---ebpf-pid----5705----pid-1
---ebpf-pid----5705----pid-5705
---ebpf-pid----372881----pid-1
---ebpf-pid----372881----pid-372881
---ebpf-pid----5705----pid-5476
---ebpf-pid----372881----pid-1
---ebpf-pid----5705----pid-1
---ebpf-pid----372881----pid-372881
---ebpf-pid----5705----pid-5705
---ebpf-pid----372881----pid-1
---ebpf-pid----5705----pid-5476
---ebpf-pid----372881----pid-372881
---ebpf-pid----5705----pid-1
---ebpf-pid----5705----pid-5705
---ebpf-pid----372881----pid-1
---ebpf-pid----372881----pid-372881
---ebpf-pid----5705----pid-5476
---ebpf-pid----372881----pid-1
---ebpf-pid----5705----pid-1
---ebpf-pid----372881----pid-372881
---ebpf-pid----5705----pid-5705
---ebpf-pid----5705----pid-5476
---ebpf-pid----5705----pid-1
---ebpf-pid----5705----pid-5705
---ebpf-pid----5705----pid-5476
---ebpf-pid----5705----pid-1
---ebpf-pid----5705----pid-5705
---ebpf-pid----372881----pid-1
---ebpf-pid----5705----pid-5476
---ebpf-pid----2029----pid-2029
---ebpf-pid----372881----pid-372881
---ebpf-pid----5705----pid-1
---ebpf-pid----2089----pid-1
---ebpf-pid----5705----pid-5705
---ebpf-pid----372881----pid-1
---ebpf-pid----2089----pid-2089
---ebpf-pid----2029----pid-1
---ebpf-pid----372881----pid-372881
---ebpf-pid----2029----pid-2029
---ebpf-pid----5705----pid-5476
---ebpf-pid----2089----pid-1
---ebpf-pid----372881----pid-1
---ebpf-pid----2089----pid-2089
---ebpf-pid----2029----pid-1
---ebpf-pid----5705----pid-1
---ebpf-pid----372881----pid-372881
---ebpf-pid----2029----pid-2029
---ebpf-pid----6671----pid-6671
---ebpf-pid----2089----pid-1
---ebpf-pid----372881----pid-1
---ebpf-pid----2089----pid-2089
---ebpf-pid----2029----pid-1
---ebpf-pid----6671----pid-5476
---ebpf-pid----372881----pid-372881
---ebpf-pid----2029----pid-2029
---ebpf-pid----2089----pid-1
---ebpf-pid----372881----pid-1
---ebpf-pid----6671----pid-1
---ebpf-pid----2089----pid-2089
---ebpf-pid----372881----pid-372881
---ebpf-pid----2029----pid-1
---ebpf-pid----2089----pid-1
---ebpf-pid----372881----pid-1
---ebpf-pid----2029----pid-2029
---ebpf-pid----2089----pid-2089
---ebpf-pid----372881----pid-372881
---ebpf-pid----2029----pid-1
---ebpf-pid----372881----pid-1
---ebpf-pid----2089----pid-1
---ebpf-pid----2029----pid-2029
---ebpf-pid----372881----pid-372881
---ebpf-pid----2089----pid-2089
---ebpf-pid----2029----pid-1
---ebpf-pid----2089----pid-1
---ebpf-pid----372881----pid-1
---ebpf-pid----2029----pid-2029
---ebpf-pid----2089----pid-2089
---ebpf-pid----372881----pid-372881
---ebpf-pid----2029----pid-1
---ebpf-pid----2089----pid-1
---ebpf-pid----372881----pid-1
---ebpf-pid----2029----pid-2029
---ebpf-pid----372881----pid-372881
---ebpf-pid----2089----pid-2089
---ebpf-pid----2029----pid-1
---ebpf-pid----372881----pid-1
---ebpf-pid----2089----pid-1
---ebpf-pid----2029----pid-2029
---ebpf-pid----372881----pid-372881
---ebpf-pid----2089----pid-2089
---ebpf-pid----2029----pid-1
---ebpf-pid----2089----pid-1
---ebpf-pid----372881----pid-1
---ebpf-pid----2029----pid-2029
---ebpf-pid----2089----pid-2089
---ebpf-pid----372881----pid-372881
---ebpf-pid----2029----pid-1
---ebpf-pid----372881----pid-1
---ebpf-pid----2089----pid-1
---ebpf-pid----2029----pid-2029
---ebpf-pid----372881----pid-372881
---ebpf-pid----2089----pid-2089
---ebpf-pid----372881----pid-1
---ebpf-pid----2089----pid-1
---ebpf-pid----372881----pid-372881
---ebpf-pid----2089----pid-2089
---ebpf-pid----372881----pid-1
---ebpf-pid----2089----pid-1
---ebpf-pid----372881----pid-372881
---ebpf-pid----2089----pid-2089
---ebpf-pid----372881----pid-1
---ebpf-pid----2089----pid-1
---ebpf-pid----372881----pid-372881
---ebpf-pid----2089----pid-2089
---ebpf-pid----372881----pid-1
---ebpf-pid----2089----pid-1
---ebpf-pid----372881----pid-372881
---ebpf-pid----2089----pid-2089
---ebpf-pid----372881----pid-1
---ebpf-pid----372881----pid-372881
---ebpf-pid----2089----pid-1
---ebpf-pid----2089----pid-2089
---ebpf-pid----372881----pid-1
---ebpf-pid----372881----pid-372881
---ebpf-pid----2089----pid-1
---ebpf-pid----2089----pid-2089
---ebpf-pid----372881----pid-1
---ebpf-pid----372881----pid-372881
---ebpf-pid----6671----pid-6671
---ebpf-pid----372881----pid-1
---ebpf-pid----372881----pid-372881
---ebpf-pid----6671----pid-5476
---ebpf-pid----6671----pid-1
---ebpf-pid----372881----pid-1
---ebpf-pid----6671----pid-6671
---ebpf-pid----372881----pid-372881
---ebpf-pid----6671----pid-5476
---ebpf-pid----372881----pid-1
---ebpf-pid----372881----pid-372881
---ebpf-pid----6671----pid-1
---ebpf-pid----6671----pid-6671
---ebpf-pid----372881----pid-1
---ebpf-pid----6671----pid-5476
---ebpf-pid----372881----pid-372881
---ebpf-pid----6671----pid-1
---ebpf-pid----372881----pid-1
---ebpf-pid----6671----pid-6671
---ebpf-pid----372881----pid-372881
---ebpf-pid----6671----pid-5476
---ebpf-pid----372881----pid-1
---ebpf-pid----372881----pid-372881
---ebpf-pid----372881----pid-1
---ebpf-pid----372881----pid-372881
---ebpf-pid----372881----pid-1
---ebpf-pid----372881----pid-372881
---ebpf-pid----372881----pid-1
---ebpf-pid----372881----pid-372881
---ebpf-pid----372881----pid-1
---ebpf-pid----372881----pid-372881
---ebpf-pid----372881----pid-1
---ebpf-pid----372881----pid-372881
---ebpf-pid----372881----pid-1
---ebpf-pid----372881----pid-372881
---ebpf-pid----372881----pid-1
---ebpf-pid----372714----pid-372714
---ebpf-pid----372714----pid-5476
---ebpf-pid----372714----pid-1
---ebpf-pid----372714----pid-372714
---ebpf-pid----372714----pid-5476
---ebpf-pid----372714----pid-1
---ebpf-pid----379067----pid-379067
---ebpf-pid----379067----pid-5476
---ebpf-pid----379067----pid-1
---ebpf-pid----379067----pid-379067
---ebpf-pid----379067----pid-5476
---ebpf-pid----379067----pid-1
---ebpf-pid----2029----pid-2029
---ebpf-pid----2089----pid-1
---ebpf-pid----2029----pid-1
---ebpf-pid----2029----pid-2029
---ebpf-pid----5637----pid-5637
---ebpf-pid----2029----pid-1
---ebpf-pid----5637----pid-1
---ebpf-pid----2029----pid-2029
---ebpf-pid----5637----pid-5637
---ebpf-pid----6671----pid-1
---ebpf-pid----2029----pid-1
---ebpf-pid----5637----pid-1
---ebpf-pid----2029----pid-2029
---ebpf-pid----2029----pid-1
---ebpf-pid----6671----pid-6671
---ebpf-pid----2029----pid-1
---ebpf-pid----2029----pid-2029
---ebpf-pid----5637----pid-5637
---ebpf-pid----2029----pid-1
---ebpf-pid----2029----pid-2029
---ebpf-pid----2029----pid-2029
---ebpf-pid----5637----pid-1
---ebpf-pid----2029----pid-1
---ebpf-pid----2029----pid-2029
---ebpf-pid----6671----pid-5476
---ebpf-pid----2029----pid-1
---ebpf-pid----2029----pid-2029
---ebpf-pid----2029----pid-1
---ebpf-pid----2094----pid-2094
---ebpf-pid----6671----pid-1
---ebpf-pid----6671----pid-6671
---ebpf-pid----6671----pid-5476
---ebpf-pid----6671----pid-1
---ebpf-pid----6671----pid-6671
---ebpf-pid----6671----pid-5476
---ebpf-pid----6671----pid-1
---ebpf-pid----6671----pid-6671
---ebpf-pid----6671----pid-5476
---ebpf-pid----6671----pid-1
---ebpf-pid----379067----pid-379067
---ebpf-pid----379067----pid-5476
---ebpf-pid----379067----pid-1
---ebpf-pid----379067----pid-379067
---ebpf-pid----379067----pid-5476
---ebpf-pid----2029----pid-2029
---ebpf-pid----379067----pid-1
---ebpf-pid----379067----pid-379067
---ebpf-pid----379067----pid-5476
---ebpf-pid----379067----pid-1
---ebpf-pid----379067----pid-379067
---ebpf-pid----379067----pid-5476
---ebpf-pid----379067----pid-1
---ebpf-pid----379067----pid-379067
---ebpf-pid----2029----pid-1
---ebpf-pid----2029----pid-2029
---ebpf-pid----379067----pid-5476
---ebpf-pid----2029----pid-1
---ebpf-pid----379067----pid-1
---ebpf-pid----2029----pid-2029
---ebpf-pid----379067----pid-379067
---ebpf-pid----379067----pid-5476
---ebpf-pid----379067----pid-1
---ebpf-pid----379067----pid-379067
---ebpf-pid----379067----pid-5476
---ebpf-pid----2029----pid-1
---ebpf-pid----2029----pid-2029
---ebpf-pid----2029----pid-1
---ebpf-pid----2029----pid-2029
---ebpf-pid----2029----pid-1
---ebpf-pid----2029----pid-2029
---ebpf-pid----2029----pid-1
---ebpf-pid----2029----pid-2029
---ebpf-pid----2029----pid-1
---ebpf-pid----2029----pid-2029
---ebpf-pid----379067----pid-1
---ebpf-pid----379067----pid-379067
---ebpf-pid----379067----pid-5476
---ebpf-pid----379067----pid-1
---ebpf-pid----379067----pid-379067
---ebpf-pid----379067----pid-5476
---ebpf-pid----379067----pid-1
---ebpf-pid----379067----pid-379067
---ebpf-pid----379067----pid-5476
---ebpf-pid----379067----pid-1
---ebpf-pid----379067----pid-379067
---ebpf-pid----379067----pid-5476
---ebpf-pid----379067----pid-1
---ebpf-pid----379067----pid-379067
---ebpf-pid----379067----pid-5476
---ebpf-pid----379067----pid-1
---ebpf-pid----379067----pid-379067
---ebpf-pid----2094----pid-1
---ebpf-pid----379067----pid-5476
---ebpf-pid----2094----pid-2094
---ebpf-pid----379067----pid-1
---ebpf-pid----379067----pid-379067
---ebpf-pid----2094----pid-1
---ebpf-pid----2094----pid-2094
---ebpf-pid----379067----pid-5476
---ebpf-pid----2094----pid-1
---ebpf-pid----2094----pid-2094
---ebpf-pid----379067----pid-1
---ebpf-pid----379067----pid-379067
---ebpf-pid----2094----pid-1
---ebpf-pid----2094----pid-2094
---ebpf-pid----379067----pid-5476
---ebpf-pid----2094----pid-1
---ebpf-pid----2094----pid-2094
---ebpf-pid----379067----pid-1
---ebpf-pid----379067----pid-379067
---ebpf-pid----2094----pid-1
---ebpf-pid----2094----pid-2094
---ebpf-pid----379067----pid-5476
---ebpf-pid----2094----pid-1
---ebpf-pid----2094----pid-2094
---ebpf-pid----2094----pid-1
---ebpf-pid----2094----pid-2094
---ebpf-pid----2094----pid-1
---ebpf-pid----2088----pid-2088
---ebpf-pid----2029----pid-1
---ebpf-pid----2029----pid-2029
---ebpf-pid----2029----pid-1
---ebpf-pid----2029----pid-2029
---ebpf-pid----2029----pid-1
---ebpf-pid----2029----pid-2029
---ebpf-pid----2029----pid-1
---ebpf-pid----2029----pid-2029
---ebpf-pid----2029----pid-1
---ebpf-pid----2029----pid-2029
---ebpf-pid----2029----pid-1
---ebpf-pid----2029----pid-2029
---ebpf-pid----2029----pid-1
---ebpf-pid----2029----pid-2029
---ebpf-pid----2029----pid-1
---ebpf-pid----379067----pid-1
---ebpf-pid----2029----pid-2029
---ebpf-pid----379067----pid-379067
---ebpf-pid----2029----pid-1
---ebpf-pid----379067----pid-5476
---ebpf-pid----2029----pid-2029
---ebpf-pid----2029----pid-1
---ebpf-pid----379067----pid-1
---ebpf-pid----2029----pid-2029
---ebpf-pid----379067----pid-379067
---ebpf-pid----2088----pid-1
---ebpf-pid----2029----pid-1
---ebpf-pid----379067----pid-5476
---ebpf-pid----2088----pid-2088
---ebpf-pid----2029----pid-2029
---ebpf-pid----379067----pid-1
---ebpf-pid----2029----pid-1
---ebpf-pid----379067----pid-379067
---ebpf-pid----2088----pid-1
---ebpf-pid----2029----pid-2029
---ebpf-pid----2088----pid-2088
---ebpf-pid----2029----pid-1
---ebpf-pid----379067----pid-5476
---ebpf-pid----2088----pid-1
---ebpf-pid----2088----pid-2088
---ebpf-pid----2029----pid-2029
---ebpf-pid----379067----pid-1
---ebpf-pid----379067----pid-379067
---ebpf-pid----2029----pid-1
---ebpf-pid----2029----pid-2029
---ebpf-pid----2088----pid-1
---ebpf-pid----379067----pid-5476
---ebpf-pid----2029----pid-1
---ebpf-pid----2088----pid-2088
---ebpf-pid----2029----pid-2029
---ebpf-pid----379067----pid-1
---ebpf-pid----2094----pid-2094
---ebpf-pid----2088----pid-1
---ebpf-pid----2029----pid-1
---ebpf-pid----2029----pid-2029
---ebpf-pid----2029----pid-1
---ebpf-pid----2029----pid-2029
---ebpf-pid----2029----pid-1
---ebpf-pid----2029----pid-2029
---ebpf-pid----2029----pid-1
---ebpf-pid----2029----pid-2029
---ebpf-pid----2094----pid-1
---ebpf-pid----2029----pid-1
---ebpf-pid----2029----pid-2029
---ebpf-pid----2029----pid-1
---ebpf-pid----2029----pid-2029
---ebpf-pid----2029----pid-1
---ebpf-pid----2029----pid-2029
---ebpf-pid----2029----pid-1
---ebpf-pid----2029----pid-2029
---ebpf-pid----2029----pid-1
---ebpf-pid----2029----pid-2029
---ebpf-pid----2094----pid-2094
---ebpf-pid----2094----pid-1
---ebpf-pid----2094----pid-2094
---ebpf-pid----2094----pid-1
---ebpf-pid----2094----pid-2094
---ebpf-pid----2094----pid-1
---ebpf-pid----2094----pid-2094
---ebpf-pid----2094----pid-1
---ebpf-pid----2094----pid-2094
---ebpf-pid----2094----pid-1
---ebpf-pid----2094----pid-2094
---ebpf-pid----2094----pid-1
---ebpf-pid----2094----pid-2094
---ebpf-pid----2094----pid-1
---ebpf-pid----2094----pid-2094
---ebpf-pid----2029----pid-1
---ebpf-pid----2029----pid-2029
---ebpf-pid----2029----pid-1
---ebpf-pid----372881----pid-372881
---ebpf-pid----372881----pid-1
---ebpf-pid----372881----pid-372881
---ebpf-pid----372881----pid-1
---ebpf-pid----372881----pid-372881
---ebpf-pid----372881----pid-1
---ebpf-pid----372881----pid-372881
---ebpf-pid----372881----pid-1
---ebpf-pid----372881----pid-372881
---ebpf-pid----372881----pid-1
---ebpf-pid----372881----pid-372881
---ebpf-pid----372881----pid-1
---ebpf-pid----372881----pid-372881
---ebpf-pid----2088----pid-2088
---ebpf-pid----2088----pid-1
---ebpf-pid----2088----pid-2088
---ebpf-pid----2088----pid-1
---ebpf-pid----2088----pid-2088
---ebpf-pid----2088----pid-1
---ebpf-pid----2088----pid-2088
---ebpf-pid----2088----pid-1
---ebpf-pid----2094----pid-2094
---ebpf-pid----372881----pid-1
---ebpf-pid----372881----pid-372881
---ebpf-pid----372881----pid-1
---ebpf-pid----372881----pid-372881
---ebpf-pid----2029----pid-1
---ebpf-pid----2029----pid-2029
---ebpf-pid----2029----pid-1
---ebpf-pid----2029----pid-2029
---ebpf-pid----2029----pid-1
---ebpf-pid----2094----pid-1
---ebpf-pid----2094----pid-2094
---ebpf-pid----2029----pid-2029
---ebpf-pid----2094----pid-1
---ebpf-pid----2094----pid-2094
---ebpf-pid----2094----pid-1
---ebpf-pid----2094----pid-2094
---ebpf-pid----2094----pid-1
---ebpf-pid----2094----pid-2094
---ebpf-pid----2094----pid-1
---ebpf-pid----2094----pid-2094
---ebpf-pid----2094----pid-1
---ebpf-pid----2094----pid-2094
---ebpf-pid----2094----pid-1
---ebpf-pid----372881----pid-1
---ebpf-pid----2094----pid-2094
---ebpf-pid----372881----pid-372881
---ebpf-pid----2094----pid-1
---ebpf-pid----2029----pid-1
---ebpf-pid----2094----pid-2094
---ebpf-pid----372881----pid-1
---ebpf-pid----2029----pid-2029
---ebpf-pid----372881----pid-372881
---ebpf-pid----2094----pid-1
---ebpf-pid----2029----pid-1
---ebpf-pid----2094----pid-2094
---ebpf-pid----372881----pid-1
---ebpf-pid----2029----pid-2029
---ebpf-pid----372881----pid-372881
---ebpf-pid----2094----pid-1
---ebpf-pid----2029----pid-1
---ebpf-pid----2088----pid-2088
---ebpf-pid----372881----pid-1
---ebpf-pid----2029----pid-2029
---ebpf-pid----372881----pid-372881
---ebpf-pid----2088----pid-1
---ebpf-pid----2029----pid-1
---ebpf-pid----2088----pid-2088
---ebpf-pid----372881----pid-1
---ebpf-pid----2029----pid-2029
---ebpf-pid----372881----pid-372881
---ebpf-pid----2088----pid-1
---ebpf-pid----2029----pid-1
---ebpf-pid----2088----pid-2088
---ebpf-pid----372881----pid-1
---ebpf-pid----2029----pid-2029
---ebpf-pid----372881----pid-372881
---ebpf-pid----2088----pid-1
---ebpf-pid----2029----pid-1
---ebpf-pid----2088----pid-2088
---ebpf-pid----372881----pid-1
---ebpf-pid----2029----pid-2029
---ebpf-pid----372881----pid-372881
---ebpf-pid----2088----pid-1
---ebpf-pid----2029----pid-1
---ebpf-pid----2029----pid-2029
---ebpf-pid----2088----pid-2088
---ebpf-pid----2029----pid-1
---ebpf-pid----2088----pid-1
---ebpf-pid----2029----pid-2029
---ebpf-pid----2088----pid-2088
---ebpf-pid----2029----pid-1
---ebpf-pid----2088----pid-1
---ebpf-pid----2029----pid-2029
---ebpf-pid----2088----pid-2088
---ebpf-pid----2029----pid-1
---ebpf-pid----2029----pid-2029
---ebpf-pid----2088----pid-1
---ebpf-pid----2088----pid-2088
---ebpf-pid----2029----pid-1
---ebpf-pid----2088----pid-1
---ebpf-pid----2088----pid-2088
---ebpf-pid----2088----pid-1
---ebpf-pid----2088----pid-2088
---ebpf-pid----2088----pid-1
---ebpf-pid----372881----pid-1
---ebpf-pid----2088----pid-2088
---ebpf-pid----372881----pid-372881
---ebpf-pid----2094----pid-1
---ebpf-pid----372881----pid-1
---ebpf-pid----372881----pid-372881
---ebpf-pid----5705----pid-5705
---ebpf-pid----372881----pid-1
---ebpf-pid----372881----pid-372881
---ebpf-pid----5705----pid-5476
---ebpf-pid----372881----pid-1
---ebpf-pid----5705----pid-1
---ebpf-pid----372881----pid-372881
---ebpf-pid----2029----pid-2029
---ebpf-pid----5705----pid-5705
---ebpf-pid----372881----pid-1
---ebpf-pid----372881----pid-372881
---ebpf-pid----5705----pid-5476
---ebpf-pid----372881----pid-1
---ebpf-pid----5705----pid-1
---ebpf-pid----372881----pid-372881
---ebpf-pid----5705----pid-5705
---ebpf-pid----2029----pid-1
---ebpf-pid----372881----pid-1
---ebpf-pid----5705----pid-5476
---ebpf-pid----2029----pid-2029
---ebpf-pid----372881----pid-372881
---ebpf-pid----5705----pid-1
---ebpf-pid----2029----pid-1
---ebpf-pid----372881----pid-1
---ebpf-pid----5705----pid-5705
---ebpf-pid----2029----pid-2029
---ebpf-pid----372881----pid-372881
---ebpf-pid----5705----pid-5476
---ebpf-pid----5705----pid-1
---ebpf-pid----2029----pid-1
---ebpf-pid----5705----pid-5705
---ebpf-pid----2029----pid-2029
---ebpf-pid----372881----pid-1
---ebpf-pid----2088----pid-1
---ebpf-pid----2029----pid-1
---ebpf-pid----372881----pid-372881
---ebpf-pid----2088----pid-2088
---ebpf-pid----2029----pid-2029
---ebpf-pid----372881----pid-1
---ebpf-pid----2088----pid-1
---ebpf-pid----2029----pid-1
---ebpf-pid----372881----pid-372881
---ebpf-pid----2029----pid-2029
---ebpf-pid----372881----pid-1
---ebpf-pid----2088----pid-2088
---ebpf-pid----2029----pid-1
---ebpf-pid----372881----pid-372881
---ebpf-pid----2029----pid-2029
---ebpf-pid----2088----pid-1
---ebpf-pid----2088----pid-2088
---ebpf-pid----5705----pid-5476
---ebpf-pid----2029----pid-1
---ebpf-pid----2029----pid-2029
---ebpf-pid----2088----pid-1
---ebpf-pid----2088----pid-2088
---ebpf-pid----5705----pid-1
---ebpf-pid----2029----pid-1
---ebpf-pid----5705----pid-5705
---ebpf-pid----2029----pid-2029
---ebpf-pid----2088----pid-1
---ebpf-pid----2088----pid-2088
---ebpf-pid----5705----pid-5476
---ebpf-pid----2088----pid-1
---ebpf-pid----5705----pid-1
---ebpf-pid----5705----pid-5705
---ebpf-pid----372881----pid-1
---ebpf-pid----5705----pid-5476
---ebpf-pid----372881----pid-372881
---ebpf-pid----5705----pid-1
---ebpf-pid----372881----pid-1
---ebpf-pid----5705----pid-5705
---ebpf-pid----372881----pid-372881
---ebpf-pid----5705----pid-5476
---ebpf-pid----372881----pid-1
---ebpf-pid----372881----pid-372881
---ebpf-pid----372881----pid-1
---ebpf-pid----372881----pid-372881
---ebpf-pid----2088----pid-2088
---ebpf-pid----2029----pid-1
---ebpf-pid----2029----pid-2029
---ebpf-pid----2088----pid-1
---ebpf-pid----2029----pid-1
---ebpf-pid----2088----pid-2088
---ebpf-pid----2029----pid-2029
---ebpf-pid----2029----pid-1
---ebpf-pid----2088----pid-1
---ebpf-pid----2088----pid-2088
---ebpf-pid----2029----pid-2029
---ebpf-pid----2029----pid-1
---ebpf-pid----2088----pid-1
---ebpf-pid----2029----pid-2029
---ebpf-pid----2088----pid-2088
---ebpf-pid----2029----pid-1
---ebpf-pid----2029----pid-2029
---ebpf-pid----5705----pid-1
---ebpf-pid----372881----pid-1
---ebpf-pid----372881----pid-372881
---ebpf-pid----5705----pid-5705
---ebpf-pid----372881----pid-1
---ebpf-pid----372881----pid-372881
---ebpf-pid----372881----pid-1
---ebpf-pid----372881----pid-372881
---ebpf-pid----372881----pid-1
---ebpf-pid----372881----pid-372881
---ebpf-pid----372881----pid-1
---ebpf-pid----372881----pid-372881
---ebpf-pid----372881----pid-1
---ebpf-pid----372881----pid-372881
---ebpf-pid----372881----pid-1
---ebpf-pid----372881----pid-372881
---ebpf-pid----372881----pid-1
---ebpf-pid----372881----pid-372881
---ebpf-pid----372881----pid-1
---ebpf-pid----372881----pid-372881
---ebpf-pid----372881----pid-1
---ebpf-pid----372881----pid-372881
---ebpf-pid----2088----pid-1
---ebpf-pid----2088----pid-2088
---ebpf-pid----372881----pid-1
---ebpf-pid----372881----pid-372881
---ebpf-pid----2088----pid-1
---ebpf-pid----2088----pid-2088
---ebpf-pid----372881----pid-1
---ebpf-pid----2088----pid-1
---ebpf-pid----372881----pid-372881
---ebpf-pid----2088----pid-2088
---ebpf-pid----372881----pid-1
---ebpf-pid----2088----pid-1
---ebpf-pid----372881----pid-372881
---ebpf-pid----2088----pid-2088
---ebpf-pid----2088----pid-1
---ebpf-pid----2088----pid-2088
---ebpf-pid----372881----pid-1
---ebpf-pid----372881----pid-372881
---ebpf-pid----2088----pid-1
---ebpf-pid----372881----pid-1
---ebpf-pid----2088----pid-2088
---ebpf-pid----372881----pid-372881
---ebpf-pid----2088----pid-1
---ebpf-pid----2088----pid-2088
---ebpf-pid----372881----pid-1
---ebpf-pid----372881----pid-372881
---ebpf-pid----2088----pid-1
---ebpf-pid----377755----pid-377755
---ebpf-pid----372881----pid-1
---ebpf-pid----372881----pid-372881
---ebpf-pid----377755----pid-1
---ebpf-pid----372881----pid-1
---ebpf-pid----2094----pid-2094
---ebpf-pid----372881----pid-372881
---ebpf-pid----2094----pid-1
---ebpf-pid----2094----pid-2094
---ebpf-pid----372881----pid-1
---ebpf-pid----372881----pid-372881
---ebpf-pid----2094----pid-1
---ebpf-pid----372881----pid-1
---ebpf-pid----372881----pid-372881
---ebpf-pid----372881----pid-1
---ebpf-pid----372881----pid-372881
---ebpf-pid----372881----pid-1
---ebpf-pid----372881----pid-372881
---ebpf-pid----372881----pid-1
---ebpf-pid----372881----pid-372881
---ebpf-pid----372881----pid-1
---ebpf-pid----372881----pid-372881
---ebpf-pid----372881----pid-1
---ebpf-pid----372881----pid-372881
---ebpf-pid----372881----pid-1
---ebpf-pid----372881----pid-372881
---ebpf-pid----5705----pid-5476
---ebpf-pid----2029----pid-1
---ebpf-pid----5705----pid-1
---ebpf-pid----5705----pid-5705
---ebpf-pid----372881----pid-1
---ebpf-pid----5705----pid-5476
---ebpf-pid----2029----pid-2029
---ebpf-pid----372881----pid-372881
---ebpf-pid----5705----pid-1
---ebpf-pid----2029----pid-1
---ebpf-pid----5705----pid-5705
---ebpf-pid----372881----pid-1
---ebpf-pid----2029----pid-2029
---ebpf-pid----372881----pid-372881
---ebpf-pid----5705----pid-5476
---ebpf-pid----2029----pid-1
---ebpf-pid----372881----pid-1
---ebpf-pid----2029----pid-2029
---ebpf-pid----5705----pid-1
---ebpf-pid----372881----pid-372881
---ebpf-pid----379067----pid-379067
---ebpf-pid----2029----pid-1
---ebpf-pid----372881----pid-1
---ebpf-pid----2029----pid-2029
---ebpf-pid----372881----pid-372881
---ebpf-pid----2029----pid-1
---ebpf-pid----2094----pid-2094
---ebpf-pid----372881----pid-1
---ebpf-pid----2094----pid-1
---ebpf-pid----372881----pid-372881
---ebpf-pid----2094----pid-2094
---ebpf-pid----372881----pid-1
---ebpf-pid----2094----pid-1
---ebpf-pid----372881----pid-372881
---ebpf-pid----2094----pid-2094
---ebpf-pid----372881----pid-1
---ebpf-pid----2094----pid-1
---ebpf-pid----372881----pid-372881
---ebpf-pid----2094----pid-2094
---ebpf-pid----372881----pid-1
---ebpf-pid----2094----pid-1
---ebpf-pid----372881----pid-372881
---ebpf-pid----2094----pid-2094
---ebpf-pid----2094----pid-1
---ebpf-pid----2094----pid-2094
---ebpf-pid----2029----pid-2029
---ebpf-pid----2094----pid-1
---ebpf-pid----379067----pid-5476
---ebpf-pid----2029----pid-1
---ebpf-pid----5638----pid-5638
---ebpf-pid----2029----pid-2029
---ebpf-pid----5638----pid-1
---ebpf-pid----2029----pid-1
---ebpf-pid----5638----pid-5638
---ebpf-pid----2029----pid-2029
---ebpf-pid----379067----pid-1
---ebpf-pid----379067----pid-379067
---ebpf-pid----379067----pid-5476
---ebpf-pid----379067----pid-1
---ebpf-pid----372881----pid-372881
---ebpf-pid----372881----pid-1
---ebpf-pid----372881----pid-372881
---ebpf-pid----5638----pid-1
---ebpf-pid----372881----pid-1
---ebpf-pid----372714----pid-372714
---ebpf-pid----372881----pid-372881
---ebpf-pid----372881----pid-1
---ebpf-pid----372714----pid-5476
---ebpf-pid----372881----pid-372881
---ebpf-pid----372714----pid-1
---ebpf-pid----372881----pid-1
---ebpf-pid----372714----pid-372714
---ebpf-pid----372881----pid-372881
---ebpf-pid----372881----pid-1
---ebpf-pid----372881----pid-372881
---ebpf-pid----372881----pid-1
---ebpf-pid----372881----pid-372881
---ebpf-pid----372714----pid-5476
---ebpf-pid----372881----pid-1
---ebpf-pid----372881----pid-372881
---ebpf-pid----2029----pid-1
---ebpf-pid----372881----pid-1
---ebpf-pid----372881----pid-372881
---ebpf-pid----2029----pid-2029
---ebpf-pid----2029----pid-1
---ebpf-pid----372881----pid-1
---ebpf-pid----2029----pid-2029
---ebpf-pid----372881----pid-372881
---ebpf-pid----2029----pid-1
---ebpf-pid----2029----pid-2029
---ebpf-pid----372881----pid-1
---ebpf-pid----2029----pid-1
---ebpf-pid----372881----pid-372881
---ebpf-pid----2029----pid-2029
---ebpf-pid----372881----pid-1
---ebpf-pid----372881----pid-372881
---ebpf-pid----2029----pid-1
---ebpf-pid----372714----pid-1
---ebpf-pid----2029----pid-2029
---ebpf-pid----372714----pid-372714
---ebpf-pid----2029----pid-1
---ebpf-pid----372714----pid-5476
---ebpf-pid----2029----pid-2029
---ebpf-pid----372714----pid-1
---ebpf-pid----6671----pid-6671
---ebpf-pid----2029----pid-1
---ebpf-pid----372881----pid-1
---ebpf-pid----2029----pid-2029
---ebpf-pid----372881----pid-372881
---ebpf-pid----2029----pid-1
---ebpf-pid----6671----pid-5476
---ebpf-pid----2029----pid-2029
---ebpf-pid----6671----pid-1
---ebpf-pid----6671----pid-6671
---ebpf-pid----2029----pid-1
---ebpf-pid----2029----pid-2029
---ebpf-pid----6671----pid-5476
---ebpf-pid----6671----pid-1
---ebpf-pid----372714----pid-372714
---ebpf-pid----2029----pid-1
---ebpf-pid----2029----pid-2029
---ebpf-pid----372714----pid-5476
---ebpf-pid----2029----pid-1
---ebpf-pid----372714----pid-1
---ebpf-pid----2029----pid-2029
---ebpf-pid----372714----pid-372714
---ebpf-pid----2029----pid-1
---ebpf-pid----2029----pid-2029
---ebpf-pid----372881----pid-1
---ebpf-pid----372881----pid-1
---ebpf-pid----2029----pid-1
---ebpf-pid----2029----pid-2029
---ebpf-pid----372881----pid-372881
---ebpf-pid----2029----pid-1
---ebpf-pid----2029----pid-2029
---ebpf-pid----372881----pid-1
---ebpf-pid----372881----pid-372881
---ebpf-pid----2029----pid-1
---ebpf-pid----372881----pid-1
---ebpf-pid----2029----pid-2029
---ebpf-pid----372881----pid-372881
---ebpf-pid----2029----pid-1
---ebpf-pid----2029----pid-2029
---ebpf-pid----2029----pid-1
---ebpf-pid----2029----pid-2029
---ebpf-pid----2029----pid-1
---ebpf-pid----2029----pid-2029
---ebpf-pid----2029----pid-1
---ebpf-pid----2029----pid-2029
---ebpf-pid----372714----pid-5476
---ebpf-pid----2029----pid-1
---ebpf-pid----2029----pid-2029
---ebpf-pid----372881----pid-1
---ebpf-pid----372714----pid-1
---ebpf-pid----2029----pid-1
---ebpf-pid----372881----pid-372881
---ebpf-pid----2094----pid-2094
---ebpf-pid----2029----pid-2029
---ebpf-pid----372881----pid-1
---ebpf-pid----2094----pid-1
---ebpf-pid----2029----pid-1
---ebpf-pid----372881----pid-372881
---ebpf-pid----372714----pid-372714
---ebpf-pid----2029----pid-2029
---ebpf-pid----372881----pid-1
---ebpf-pid----372714----pid-5476
---ebpf-pid----2029----pid-1
---ebpf-pid----2029----pid-2029
---ebpf-pid----2029----pid-1
---ebpf-pid----2029----pid-2029
---ebpf-pid----2029----pid-1
---ebpf-pid----2029----pid-2029
---ebpf-pid----372714----pid-1
---ebpf-pid----2029----pid-1
---ebpf-pid----372714----pid-372714
---ebpf-pid----2029----pid-2029
---ebpf-pid----372714----pid-5476
---ebpf-pid----2029----pid-1
---ebpf-pid----2029----pid-2029
---ebpf-pid----372714----pid-1
---ebpf-pid----372714----pid-372714
---ebpf-pid----2029----pid-1
---ebpf-pid----372714----pid-5476
---ebpf-pid----2029----pid-2029
---ebpf-pid----372714----pid-1
---ebpf-pid----372714----pid-372714
---ebpf-pid----372714----pid-5476
---ebpf-pid----2029----pid-1
---ebpf-pid----2029----pid-2029
---ebpf-pid----372714----pid-1
---ebpf-pid----2094----pid-2094
---ebpf-pid----2029----pid-1
---ebpf-pid----2094----pid-1
---ebpf-pid----2029----pid-2029
---ebpf-pid----2094----pid-2094
---ebpf-pid----2094----pid-1
---ebpf-pid----2029----pid-1
---ebpf-pid----2094----pid-2094
---ebpf-pid----2029----pid-2029
---ebpf-pid----2094----pid-1
---ebpf-pid----2094----pid-2094
---ebpf-pid----2029----pid-1
---ebpf-pid----2029----pid-2029
---ebpf-pid----2094----pid-1
---ebpf-pid----372714----pid-372714
---ebpf-pid----2029----pid-1
---ebpf-pid----2029----pid-2029
---ebpf-pid----372714----pid-5476
---ebpf-pid----2029----pid-1
---ebpf-pid----2029----pid-2029
---ebpf-pid----2029----pid-1
---ebpf-pid----2029----pid-2029
---ebpf-pid----372881----pid-372881
---ebpf-pid----372881----pid-1
---ebpf-pid----2029----pid-1
---ebpf-pid----372881----pid-372881
---ebpf-pid----2029----pid-2029
---ebpf-pid----372881----pid-1
---ebpf-pid----2029----pid-1
---ebpf-pid----372881----pid-372881
---ebpf-pid----2029----pid-2029
---ebpf-pid----2029----pid-1
---ebpf-pid----372881----pid-1
---ebpf-pid----372714----pid-1
---ebpf-pid----372881----pid-372881
---ebpf-pid----372714----pid-372714
---ebpf-pid----2029----pid-2029
---ebpf-pid----372881----pid-1
---ebpf-pid----372881----pid-372881
---ebpf-pid----372714----pid-5476
---ebpf-pid----372881----pid-372881
---ebpf-pid----372881----pid-1
---ebpf-pid----372714----pid-1
---ebpf-pid----372881----pid-372881
---ebpf-pid----372714----pid-372714
---ebpf-pid----372881----pid-1
---ebpf-pid----372714----pid-5476
---ebpf-pid----372881----pid-372881
---ebpf-pid----372881----pid-1
---ebpf-pid----372881----pid-1
---ebpf-pid----372881----pid-372881
---ebpf-pid----372881----pid-1
---ebpf-pid----372714----pid-1
---ebpf-pid----372881----pid-372881
---ebpf-pid----372714----pid-372714
---ebpf-pid----2029----pid-1
---ebpf-pid----2029----pid-2029
---ebpf-pid----372881----pid-1
---ebpf-pid----372714----pid-5476
---ebpf-pid----372881----pid-372881
---ebpf-pid----2029----pid-1
---ebpf-pid----372714----pid-1
---ebpf-pid----372881----pid-1
---ebpf-pid----2029----pid-2029
---ebpf-pid----372714----pid-372714
---ebpf-pid----372881----pid-372881
---ebpf-pid----2029----pid-1
---ebpf-pid----372714----pid-5476
---ebpf-pid----372881----pid-1
---ebpf-pid----2029----pid-2029
---ebpf-pid----372881----pid-372881
---ebpf-pid----372714----pid-1
---ebpf-pid----2029----pid-1
---ebpf-pid----372714----pid-372714
---ebpf-pid----372881----pid-1
---ebpf-pid----2029----pid-2029
---ebpf-pid----372881----pid-372881
---ebpf-pid----2029----pid-1
---ebpf-pid----372881----pid-1
---ebpf-pid----2029----pid-2029
---ebpf-pid----372881----pid-372881
---ebpf-pid----372714----pid-5476
---ebpf-pid----2029----pid-1
---ebpf-pid----372881----pid-1
---ebpf-pid----372714----pid-1
---ebpf-pid----2029----pid-2029
---ebpf-pid----372881----pid-372881
---ebpf-pid----372714----pid-372714
---ebpf-pid----2029----pid-1
---ebpf-pid----372881----pid-1
---ebpf-pid----372714----pid-5476
---ebpf-pid----2029----pid-2029
---ebpf-pid----372881----pid-372881
---ebpf-pid----2029----pid-1
---ebpf-pid----372714----pid-1
---ebpf-pid----372881----pid-1
---ebpf-pid----2029----pid-2029
---ebpf-pid----372714----pid-372714
---ebpf-pid----372881----pid-372881
---ebpf-pid----372714----pid-5476
---ebpf-pid----2029----pid-1
---ebpf-pid----372881----pid-1
---ebpf-pid----2029----pid-2029
---ebpf-pid----372881----pid-372881
---ebpf-pid----372714----pid-1
---ebpf-pid----372714----pid-372714
---ebpf-pid----2029----pid-1
---ebpf-pid----372881----pid-1
---ebpf-pid----2029----pid-2029
---ebpf-pid----372881----pid-372881
---ebpf-pid----372714----pid-5476
---ebpf-pid----2029----pid-1
---ebpf-pid----372881----pid-1
---ebpf-pid----2029----pid-2029
---ebpf-pid----372881----pid-372881
---ebpf-pid----372714----pid-1
---ebpf-pid----372714----pid-372714
---ebpf-pid----372714----pid-5476
---ebpf-pid----372881----pid-1
---ebpf-pid----372714----pid-1
---ebpf-pid----372881----pid-372881
---ebpf-pid----372714----pid-372714
---ebpf-pid----372881----pid-1
---ebpf-pid----372881----pid-372881
---ebpf-pid----372714----pid-5476
---ebpf-pid----372881----pid-1
---ebpf-pid----372714----pid-1
---ebpf-pid----372881----pid-372881
---ebpf-pid----372714----pid-372714
---ebpf-pid----372881----pid-1
---ebpf-pid----372714----pid-5476
---ebpf-pid----372881----pid-372881
---ebpf-pid----372714----pid-1
---ebpf-pid----372881----pid-1
---ebpf-pid----372714----pid-372714
---ebpf-pid----372881----pid-372881
---ebpf-pid----372714----pid-5476
---ebpf-pid----372881----pid-1
---ebpf-pid----372881----pid-372881
---ebpf-pid----372714----pid-1
---ebpf-pid----372714----pid-372714
---ebpf-pid----372881----pid-1
---ebpf-pid----372881----pid-372881
---ebpf-pid----372881----pid-372881
---ebpf-pid----372881----pid-1
---ebpf-pid----372881----pid-372881
---ebpf-pid----372881----pid-1
---ebpf-pid----372881----pid-372881
---ebpf-pid----372881----pid-1
---ebpf-pid----372881----pid-372881
---ebpf-pid----372714----pid-5476
---ebpf-pid----2029----pid-1
---ebpf-pid----372881----pid-1
---ebpf-pid----372714----pid-1
---ebpf-pid----2029----pid-2029
---ebpf-pid----372881----pid-372881
---ebpf-pid----372714----pid-372714
---ebpf-pid----372881----pid-1
---ebpf-pid----2029----pid-1
---ebpf-pid----2029----pid-2029
---ebpf-pid----372714----pid-5476
---ebpf-pid----372881----pid-372881
---ebpf-pid----2029----pid-1
---ebpf-pid----372714----pid-1
---ebpf-pid----372881----pid-1
---ebpf-pid----2029----pid-2029
---ebpf-pid----372714----pid-372714
---ebpf-pid----2089----pid-2089
---ebpf-pid----2089----pid-1
---ebpf-pid----372714----pid-5476
---ebpf-pid----2089----pid-2089
---ebpf-pid----2089----pid-1
---ebpf-pid----372714----pid-1
---ebpf-pid----2029----pid-2029
---ebpf-pid----372714----pid-372714
---ebpf-pid----2029----pid-1
---ebpf-pid----2029----pid-2029
---ebpf-pid----372714----pid-5476
---ebpf-pid----2029----pid-1
---ebpf-pid----2029----pid-2029
---ebpf-pid----372714----pid-1
---ebpf-pid----372714----pid-372714
---ebpf-pid----2029----pid-1
---ebpf-pid----2029----pid-2029
---ebpf-pid----372714----pid-5476
---ebpf-pid----2029----pid-1
---ebpf-pid----2029----pid-2029
---ebpf-pid----372881----pid-1
---ebpf-pid----2029----pid-1
---ebpf-pid----372881----pid-372881
---ebpf-pid----2029----pid-2029
---ebpf-pid----372881----pid-1
---ebpf-pid----2029----pid-1
---ebpf-pid----372881----pid-372881
---ebpf-pid----2029----pid-2029
---ebpf-pid----2029----pid-1
---ebpf-pid----372881----pid-1
---ebpf-pid----2029----pid-2029
---ebpf-pid----372881----pid-372881
---ebpf-pid----372714----pid-1
---ebpf-pid----372881----pid-1
---ebpf-pid----372714----pid-372714
---ebpf-pid----372881----pid-372881
---ebpf-pid----372714----pid-5476
---ebpf-pid----372881----pid-1
---ebpf-pid----372714----pid-1
---ebpf-pid----372714----pid-372714
---ebpf-pid----2029----pid-1
---ebpf-pid----2029----pid-2029
---ebpf-pid----372714----pid-5476
---ebpf-pid----2029----pid-1
---ebpf-pid----372881----pid-372881
---ebpf-pid----2029----pid-2029
---ebpf-pid----372714----pid-1
---ebpf-pid----2029----pid-1
---ebpf-pid----372881----pid-1
---ebpf-pid----372714----pid-372714
---ebpf-pid----2029----pid-2029
---ebpf-pid----372881----pid-372881
---ebpf-pid----2029----pid-1
---ebpf-pid----372714----pid-5476
---ebpf-pid----372881----pid-1
---ebpf-pid----2029----pid-2029
---ebpf-pid----372881----pid-372881
---ebpf-pid----372714----pid-1
---ebpf-pid----372714----pid-372714
---ebpf-pid----372714----pid-5476
---ebpf-pid----372714----pid-1
---ebpf-pid----372714----pid-372714
---ebpf-pid----2029----pid-1
---ebpf-pid----372714----pid-5476
---ebpf-pid----2029----pid-2029
---ebpf-pid----372714----pid-1
---ebpf-pid----372714----pid-372714
---ebpf-pid----2029----pid-1
---ebpf-pid----372714----pid-5476
---ebpf-pid----2029----pid-2029
---ebpf-pid----372714----pid-1
---ebpf-pid----372881----pid-1
---ebpf-pid----372714----pid-372714
---ebpf-pid----372881----pid-372881
---ebpf-pid----372881----pid-1
---ebpf-pid----372881----pid-372881
---ebpf-pid----372881----pid-1
---ebpf-pid----2029----pid-1
---ebpf-pid----372881----pid-372881
---ebpf-pid----2029----pid-2029
---ebpf-pid----372881----pid-1
---ebpf-pid----2029----pid-1
---ebpf-pid----372881----pid-372881
---ebpf-pid----2029----pid-2029
---ebpf-pid----372881----pid-1
---ebpf-pid----2029----pid-1
---ebpf-pid----372881----pid-372881
---ebpf-pid----2029----pid-2029
---ebpf-pid----372881----pid-1
---ebpf-pid----2029----pid-1
---ebpf-pid----372881----pid-372881
---ebpf-pid----2029----pid-2029
---ebpf-pid----372881----pid-1
---ebpf-pid----2029----pid-1
---ebpf-pid----372881----pid-372881
---ebpf-pid----2029----pid-2029
---ebpf-pid----372881----pid-1
---ebpf-pid----2029----pid-1
---ebpf-pid----2094----pid-2094
---ebpf-pid----2094----pid-1
---ebpf-pid----2094----pid-2094
---ebpf-pid----2094----pid-1
---ebpf-pid----372714----pid-5476
---ebpf-pid----2094----pid-2094
---ebpf-pid----2029----pid-1
---ebpf-pid----2029----pid-2029
---ebpf-pid----372714----pid-1
---ebpf-pid----2094----pid-1
---ebpf-pid----2029----pid-1
---ebpf-pid----372714----pid-372714
---ebpf-pid----2029----pid-2029
---ebpf-pid----2029----pid-1
---ebpf-pid----2029----pid-2029
---ebpf-pid----2029----pid-1
---ebpf-pid----372714----pid-5476
---ebpf-pid----2029----pid-2029
---ebpf-pid----372714----pid-1
---ebpf-pid----2029----pid-1
---ebpf-pid----372714----pid-372714
---ebpf-pid----2029----pid-2029
---ebpf-pid----2029----pid-1
---ebpf-pid----372714----pid-5476
---ebpf-pid----2029----pid-2029
---ebpf-pid----2029----pid-1
---ebpf-pid----2029----pid-2029
---ebpf-pid----372714----pid-1
---ebpf-pid----372714----pid-372714
---ebpf-pid----2029----pid-1
---ebpf-pid----2029----pid-2029
---ebpf-pid----372714----pid-5476
---ebpf-pid----2029----pid-1
---ebpf-pid----372714----pid-1
---ebpf-pid----2029----pid-2029
---ebpf-pid----372714----pid-372714
---ebpf-pid----2029----pid-1
---ebpf-pid----2029----pid-2029
---ebpf-pid----372714----pid-5476
---ebpf-pid----2029----pid-1
---ebpf-pid----372714----pid-1
---ebpf-pid----2029----pid-2029
---ebpf-pid----372714----pid-372714
---ebpf-pid----372714----pid-5476
---ebpf-pid----2094----pid-2094
---ebpf-pid----372714----pid-1
---ebpf-pid----372714----pid-372714
---ebpf-pid----2094----pid-1
---ebpf-pid----2094----pid-2094
---ebpf-pid----372881----pid-372881
---ebpf-pid----372714----pid-5476
---ebpf-pid----2094----pid-1
---ebpf-pid----372881----pid-1
---ebpf-pid----372881----pid-372881
---ebpf-pid----372881----pid-1
---ebpf-pid----372881----pid-372881
---ebpf-pid----372881----pid-1
---ebpf-pid----372881----pid-372881
---ebpf-pid----372714----pid-1
---ebpf-pid----372714----pid-372714
---ebpf-pid----372881----pid-1
---ebpf-pid----372714----pid-5476
---ebpf-pid----372881----pid-372881
---ebpf-pid----372714----pid-1
---ebpf-pid----372881----pid-1
---ebpf-pid----372714----pid-372714
---ebpf-pid----372881----pid-372881
---ebpf-pid----372714----pid-5476
---ebpf-pid----372881----pid-1
---ebpf-pid----372881----pid-372881
---ebpf-pid----372714----pid-1
---ebpf-pid----372714----pid-372714
---ebpf-pid----372714----pid-5476
---ebpf-pid----372714----pid-1
---ebpf-pid----372881----pid-1
---ebpf-pid----372714----pid-372714
---ebpf-pid----372881----pid-372881
---ebpf-pid----372714----pid-5476
---ebpf-pid----372881----pid-1
---ebpf-pid----372714----pid-1
---ebpf-pid----372881----pid-372881
---ebpf-pid----372714----pid-372714
---ebpf-pid----372881----pid-1
---ebpf-pid----372714----pid-5476
---ebpf-pid----372881----pid-372881
---ebpf-pid----372714----pid-1
---ebpf-pid----372714----pid-372714
---ebpf-pid----372881----pid-1
---ebpf-pid----372714----pid-5476
---ebpf-pid----2094----pid-2094
---ebpf-pid----372881----pid-372881
---ebpf-pid----372714----pid-1
---ebpf-pid----372714----pid-372714
---ebpf-pid----372881----pid-1
---ebpf-pid----2094----pid-1
---ebpf-pid----372881----pid-372881
---ebpf-pid----2094----pid-2094
---ebpf-pid----372714----pid-5476
---ebpf-pid----372881----pid-1
---ebpf-pid----2094----pid-1
---ebpf-pid----372881----pid-372881
---ebpf-pid----372714----pid-1
---ebpf-pid----2094----pid-2094
---ebpf-pid----2094----pid-2094
---ebpf-pid----372881----pid-1
---ebpf-pid----372881----pid-372881
---ebpf-pid----372881----pid-1
---ebpf-pid----372881----pid-372881
---ebpf-pid----372881----pid-1
---ebpf-pid----372881----pid-372881
---ebpf-pid----372881----pid-1
---ebpf-pid----372881----pid-372881
---ebpf-pid----372881----pid-1
---ebpf-pid----372881----pid-372881
---ebpf-pid----372881----pid-1
---ebpf-pid----372881----pid-372881
---ebpf-pid----372881----pid-1
---ebpf-pid----372881----pid-372881
---ebpf-pid----372881----pid-1
---ebpf-pid----372881----pid-372881
---ebpf-pid----372881----pid-1
---ebpf-pid----372881----pid-372881
---ebpf-pid----372881----pid-1
---ebpf-pid----372881----pid-372881
---ebpf-pid----372881----pid-1
---ebpf-pid----372881----pid-372881
---ebpf-pid----372881----pid-1
---ebpf-pid----372881----pid-372881
---ebpf-pid----2029----pid-1
---ebpf-pid----372881----pid-1
---ebpf-pid----2029----pid-2029
---ebpf-pid----372881----pid-372881
---ebpf-pid----2029----pid-1
---ebpf-pid----372881----pid-1
---ebpf-pid----2029----pid-2029
---ebpf-pid----372881----pid-372881
---ebpf-pid----2029----pid-1
---ebpf-pid----2029----pid-2029
---ebpf-pid----2029----pid-1
---ebpf-pid----2094----pid-1
---ebpf-pid----2029----pid-2029
---ebpf-pid----2094----pid-2094
---ebpf-pid----2029----pid-1
---ebpf-pid----2029----pid-2029
---ebpf-pid----2094----pid-1
---ebpf-pid----2094----pid-1
---ebpf-pid----2094----pid-2094
---ebpf-pid----2094----pid-2094
---ebpf-pid----2094----pid-1
---ebpf-pid----2094----pid-2094
---ebpf-pid----372881----pid-1
---ebpf-pid----2094----pid-1
---ebpf-pid----2029----pid-1
---ebpf-pid----372881----pid-372881
---ebpf-pid----2094----pid-2094
---ebpf-pid----2029----pid-2029
---ebpf-pid----2094----pid-1
---ebpf-pid----2094----pid-2094
---ebpf-pid----372881----pid-1
---ebpf-pid----2094----pid-1
---ebpf-pid----2029----pid-1
---ebpf-pid----2094----pid-2094
---ebpf-pid----372881----pid-372881
---ebpf-pid----2029----pid-2029
---ebpf-pid----2094----pid-1
---ebpf-pid----2094----pid-2094
---ebpf-pid----2094----pid-1
---ebpf-pid----2094----pid-1
---ebpf-pid----2094----pid-2094
---ebpf-pid----2094----pid-2094
---ebpf-pid----2094----pid-1
---ebpf-pid----2094----pid-1
---ebpf-pid----2094----pid-2094
---ebpf-pid----2094----pid-2094
---ebpf-pid----2094----pid-1
---ebpf-pid----2094----pid-2094
---ebpf-pid----2094----pid-1
---ebpf-pid----2094----pid-2094
---ebpf-pid----2029----pid-1
---ebpf-pid----2094----pid-1
---ebpf-pid----2094----pid-1
---ebpf-pid----2029----pid-2029
---ebpf-pid----448785----pid-448785
---ebpf-pid----2094----pid-2094
---ebpf-pid----2029----pid-1
---ebpf-pid----2094----pid-1
---ebpf-pid----2094----pid-2094
---ebpf-pid----2029----pid-2029
---ebpf-pid----2094----pid-1
---ebpf-pid----448785----pid-448520
---ebpf-pid----2094----pid-2094
---ebpf-pid----2029----pid-1
---ebpf-pid----2094----pid-1
---ebpf-pid----2029----pid-2029
---ebpf-pid----448785----pid-1
---ebpf-pid----2094----pid-2094
---ebpf-pid----4716----pid-4716
---ebpf-pid----2094----pid-1
---ebpf-pid----2029----pid-1
---ebpf-pid----2094----pid-2094
---ebpf-pid----4716----pid-3323
---ebpf-pid----2029----pid-2029
---ebpf-pid----2094----pid-1
---ebpf-pid----4716----pid-1
---ebpf-pid----2094----pid-2094
---ebpf-pid----372714----pid-372714
---ebpf-pid----2094----pid-1
---ebpf-pid----2094----pid-2094
---ebpf-pid----372714----pid-5476
---ebpf-pid----2094----pid-1
---ebpf-pid----2029----pid-1
---ebpf-pid----2094----pid-2094
---ebpf-pid----372714----pid-1
---ebpf-pid----372714----pid-372714
---ebpf-pid----2029----pid-2029
---ebpf-pid----2094----pid-1
---ebpf-pid----2094----pid-2094
---ebpf-pid----372714----pid-5476
---ebpf-pid----2029----pid-1
---ebpf-pid----2029----pid-2029
---ebpf-pid----2094----pid-1
---ebpf-pid----372714----pid-1
---ebpf-pid----2094----pid-2094
---ebpf-pid----372714----pid-372714
---ebpf-pid----2029----pid-1
---ebpf-pid----2029----pid-2029
---ebpf-pid----2094----pid-1
---ebpf-pid----2094----pid-2094
---ebpf-pid----2029----pid-1
---ebpf-pid----2029----pid-2029
---ebpf-pid----372714----pid-5476
---ebpf-pid----2094----pid-1
---ebpf-pid----2094----pid-2094
---ebpf-pid----2029----pid-1
---ebpf-pid----372714----pid-1
---ebpf-pid----2029----pid-2029
---ebpf-pid----2094----pid-1
---ebpf-pid----372714----pid-372714
---ebpf-pid----2094----pid-2094
---ebpf-pid----2029----pid-1
---ebpf-pid----2094----pid-1
---ebpf-pid----2029----pid-2029
---ebpf-pid----372714----pid-5476
---ebpf-pid----2094----pid-2094
---ebpf-pid----2029----pid-1
---ebpf-pid----372714----pid-1
---ebpf-pid----2094----pid-1
---ebpf-pid----2029----pid-2029
---ebpf-pid----372714----pid-372714
---ebpf-pid----2094----pid-2094
---ebpf-pid----2029----pid-1
---ebpf-pid----2094----pid-1
---ebpf-pid----372714----pid-5476
---ebpf-pid----2029----pid-2029
---ebpf-pid----2094----pid-2094
---ebpf-pid----2029----pid-1
---ebpf-pid----372714----pid-1
---ebpf-pid----2094----pid-1
---ebpf-pid----2029----pid-2029
---ebpf-pid----5614----pid-5614
---ebpf-pid----372714----pid-372714
---ebpf-pid----2029----pid-1
---ebpf-pid----372714----pid-5476
---ebpf-pid----5614----pid-1
---ebpf-pid----2029----pid-2029
---ebpf-pid----5614----pid-5614
---ebpf-pid----372714----pid-1
---ebpf-pid----2029----pid-1
---ebpf-pid----372714----pid-372714
---ebpf-pid----5614----pid-1
---ebpf-pid----2029----pid-2029
---ebpf-pid----5707----pid-5707
---ebpf-pid----2029----pid-1
---ebpf-pid----2089----pid-2089
---ebpf-pid----5707----pid-5476
---ebpf-pid----2089----pid-1
---ebpf-pid----5707----pid-1
---ebpf-pid----2089----pid-2089
---ebpf-pid----5707----pid-5707
---ebpf-pid----5707----pid-5476
---ebpf-pid----2089----pid-1
---ebpf-pid----5707----pid-1
---ebpf-pid----5707----pid-5707
---ebpf-pid----2089----pid-2089
---ebpf-pid----5707----pid-5476
---ebpf-pid----2089----pid-1
---ebpf-pid----2089----pid-2089
---ebpf-pid----5707----pid-1
---ebpf-pid----5707----pid-5707
---ebpf-pid----2089----pid-1
---ebpf-pid----2089----pid-2089
---ebpf-pid----5707----pid-5476
---ebpf-pid----2089----pid-1
---ebpf-pid----5707----pid-1
---ebpf-pid----2089----pid-2089
---ebpf-pid----5707----pid-5707
---ebpf-pid----372881----pid-1
---ebpf-pid----2089----pid-1
---ebpf-pid----5707----pid-5476
---ebpf-pid----2089----pid-2089
---ebpf-pid----372881----pid-372881
---ebpf-pid----5707----pid-1
---ebpf-pid----2089----pid-1
---ebpf-pid----5707----pid-5707
---ebpf-pid----2089----pid-2089
---ebpf-pid----372881----pid-1
---ebpf-pid----372881----pid-372881
---ebpf-pid----5707----pid-5476
---ebpf-pid----2089----pid-1
---ebpf-pid----2089----pid-2089
---ebpf-pid----372881----pid-1
---ebpf-pid----5707----pid-1
---ebpf-pid----372881----pid-372881
---ebpf-pid----5707----pid-5707
---ebpf-pid----2089----pid-1
---ebpf-pid----2089----pid-2089
---ebpf-pid----372881----pid-1
---ebpf-pid----5707----pid-5476
---ebpf-pid----372881----pid-372881
---ebpf-pid----2089----pid-1
---ebpf-pid----5707----pid-1
---ebpf-pid----2089----pid-2089
---ebpf-pid----372881----pid-1
---ebpf-pid----5707----pid-5707
---ebpf-pid----372881----pid-372881
---ebpf-pid----2089----pid-1
---ebpf-pid----5707----pid-5476
---ebpf-pid----372881----pid-1
---ebpf-pid----2089----pid-2089
---ebpf-pid----372881----pid-372881
---ebpf-pid----5707----pid-1
---ebpf-pid----2089----pid-1
---ebpf-pid----5707----pid-5707
---ebpf-pid----372881----pid-1
---ebpf-pid----2089----pid-2089
---ebpf-pid----372881----pid-372881
---ebpf-pid----5707----pid-5476
---ebpf-pid----2089----pid-1
---ebpf-pid----372881----pid-1
---ebpf-pid----2089----pid-2089
---ebpf-pid----372881----pid-372881
---ebpf-pid----2089----pid-1
---ebpf-pid----372881----pid-1
---ebpf-pid----2089----pid-2089
---ebpf-pid----372881----pid-372881
---ebpf-pid----5707----pid-1
---ebpf-pid----2089----pid-1
---ebpf-pid----372881----pid-1
---ebpf-pid----5707----pid-5707
---ebpf-pid----2089----pid-2089
---ebpf-pid----372881----pid-372881
---ebpf-pid----5707----pid-5476
---ebpf-pid----2089----pid-1
---ebpf-pid----372881----pid-1
---ebpf-pid----2089----pid-2089
---ebpf-pid----372881----pid-372881
---ebpf-pid----5707----pid-1
---ebpf-pid----2089----pid-1
---ebpf-pid----372881----pid-1
---ebpf-pid----2089----pid-2089
---ebpf-pid----4716----pid-4716
---ebpf-pid----372881----pid-372881
---ebpf-pid----2089----pid-1
---ebpf-pid----372881----pid-1
---ebpf-pid----4716----pid-3323
---ebpf-pid----2089----pid-2089
---ebpf-pid----372881----pid-372881
---ebpf-pid----4716----pid-1
---ebpf-pid----372881----pid-1
---ebpf-pid----2089----pid-1
---ebpf-pid----4716----pid-4716
---ebpf-pid----372881----pid-372881
---ebpf-pid----2089----pid-2089
---ebpf-pid----372881----pid-1
---ebpf-pid----2089----pid-1
---ebpf-pid----372881----pid-372881
---ebpf-pid----4716----pid-3323
---ebpf-pid----4716----pid-1
---ebpf-pid----4716----pid-4716
---ebpf-pid----372881----pid-1
---ebpf-pid----4716----pid-3323
---ebpf-pid----372881----pid-372881
---ebpf-pid----4716----pid-1
---ebpf-pid----4716----pid-4716
---ebpf-pid----372881----pid-1
---ebpf-pid----372881----pid-372881
---ebpf-pid----4716----pid-3323
---ebpf-pid----372881----pid-1
---ebpf-pid----372881----pid-372881
---ebpf-pid----4716----pid-1
---ebpf-pid----372881----pid-1
---ebpf-pid----372881----pid-372881
---ebpf-pid----4716----pid-4716
---ebpf-pid----372881----pid-1
---ebpf-pid----372881----pid-372881
---ebpf-pid----4716----pid-3323
---ebpf-pid----372881----pid-1
---ebpf-pid----372881----pid-372881
---ebpf-pid----4716----pid-1
---ebpf-pid----4716----pid-4716
---ebpf-pid----4716----pid-3323
---ebpf-pid----372881----pid-1
---ebpf-pid----372881----pid-372881
---ebpf-pid----4716----pid-1
---ebpf-pid----372881----pid-1
---ebpf-pid----4716----pid-4716
---ebpf-pid----372881----pid-372881
---ebpf-pid----4716----pid-3323
---ebpf-pid----372881----pid-1
---ebpf-pid----2089----pid-2089
---ebpf-pid----372881----pid-372881
---ebpf-pid----372881----pid-1
---ebpf-pid----4716----pid-1
---ebpf-pid----2089----pid-1
---ebpf-pid----372881----pid-372881
---ebpf-pid----4716----pid-4716
---ebpf-pid----2089----pid-2089
---ebpf-pid----372881----pid-1
---ebpf-pid----4716----pid-3323
---ebpf-pid----2089----pid-1
---ebpf-pid----372881----pid-372881
---ebpf-pid----2089----pid-2089
---ebpf-pid----4716----pid-1
---ebpf-pid----372881----pid-1
---ebpf-pid----4716----pid-4716
---ebpf-pid----2089----pid-1
---ebpf-pid----372881----pid-372881
---ebpf-pid----2089----pid-2089
---ebpf-pid----4716----pid-3323
---ebpf-pid----372881----pid-1
---ebpf-pid----2089----pid-1
---ebpf-pid----372881----pid-372881
---ebpf-pid----2089----pid-2089
---ebpf-pid----2089----pid-1
---ebpf-pid----2089----pid-2089
---ebpf-pid----2089----pid-1
---ebpf-pid----4716----pid-1
---ebpf-pid----2089----pid-2089
---ebpf-pid----4716----pid-4716
---ebpf-pid----2089----pid-1
---ebpf-pid----2089----pid-2089
---ebpf-pid----4716----pid-3323
---ebpf-pid----2089----pid-1
---ebpf-pid----372881----pid-1
---ebpf-pid----2089----pid-2089
---ebpf-pid----372881----pid-372881
---ebpf-pid----4716----pid-1
---ebpf-pid----2089----pid-1
---ebpf-pid----5707----pid-5707
---ebpf-pid----2089----pid-2089
---ebpf-pid----372881----pid-1
---ebpf-pid----372881----pid-372881
---ebpf-pid----2089----pid-1
---ebpf-pid----5707----pid-5476
---ebpf-pid----2089----pid-2089
---ebpf-pid----372881----pid-1
---ebpf-pid----372881----pid-372881
---ebpf-pid----5707----pid-1
---ebpf-pid----2089----pid-1
---ebpf-pid----5707----pid-5707
---ebpf-pid----2089----pid-2089
---ebpf-pid----372881----pid-1
---ebpf-pid----2089----pid-1
---ebpf-pid----372881----pid-372881
---ebpf-pid----2089----pid-2089
---ebpf-pid----2089----pid-1
---ebpf-pid----372881----pid-1
---ebpf-pid----2089----pid-2089
---ebpf-pid----372881----pid-372881
---ebpf-pid----2089----pid-1
---ebpf-pid----372881----pid-1
---ebpf-pid----2089----pid-2089
---ebpf-pid----372881----pid-372881
---ebpf-pid----2089----pid-1
---ebpf-pid----2089----pid-2089
---ebpf-pid----372881----pid-1
---ebpf-pid----372881----pid-372881
---ebpf-pid----2089----pid-1
---ebpf-pid----2089----pid-2089
---ebpf-pid----372881----pid-1
---ebpf-pid----372881----pid-372881
---ebpf-pid----2089----pid-1
---ebpf-pid----5707----pid-5476
---ebpf-pid----372881----pid-1
---ebpf-pid----2089----pid-2089
---ebpf-pid----372881----pid-372881
---ebpf-pid----5707----pid-1
---ebpf-pid----2089----pid-1
---ebpf-pid----5707----pid-5707
---ebpf-pid----372881----pid-1
---ebpf-pid----2089----pid-2089
---ebpf-pid----372881----pid-372881
---ebpf-pid----5707----pid-5476
---ebpf-pid----2089----pid-1
---ebpf-pid----372881----pid-1
---ebpf-pid----2089----pid-2089
---ebpf-pid----5707----pid-1
---ebpf-pid----372881----pid-372881
---ebpf-pid----5707----pid-5707
---ebpf-pid----2089----pid-1
---ebpf-pid----2089----pid-2089
---ebpf-pid----372881----pid-1
---ebpf-pid----5707----pid-5476
---ebpf-pid----372881----pid-372881
---ebpf-pid----2089----pid-1
---ebpf-pid----5707----pid-1
---ebpf-pid----2089----pid-2089
---ebpf-pid----372881----pid-1
---ebpf-pid----5707----pid-5707
---ebpf-pid----372881----pid-372881
---ebpf-pid----2089----pid-1
---ebpf-pid----5707----pid-5476
---ebpf-pid----2089----pid-2089
---ebpf-pid----372881----pid-1
---ebpf-pid----372881----pid-372881
---ebpf-pid----5707----pid-1
---ebpf-pid----2089----pid-1
---ebpf-pid----5707----pid-5707
---ebpf-pid----2089----pid-2089
---ebpf-pid----372881----pid-1
---ebpf-pid----372881----pid-372881
---ebpf-pid----5707----pid-5476
---ebpf-pid----2089----pid-1
---ebpf-pid----2089----pid-2089
---ebpf-pid----372881----pid-1
---ebpf-pid----5707----pid-1
---ebpf-pid----372881----pid-372881
---ebpf-pid----5707----pid-5707
---ebpf-pid----372881----pid-1
---ebpf-pid----2089----pid-1
---ebpf-pid----5707----pid-5476
---ebpf-pid----372881----pid-372881
---ebpf-pid----2089----pid-2089
---ebpf-pid----5707----pid-1
---ebpf-pid----372881----pid-1
---ebpf-pid----2089----pid-1
---ebpf-pid----5707----pid-5707
---ebpf-pid----372881----pid-372881
---ebpf-pid----2089----pid-2089
---ebpf-pid----372881----pid-1
---ebpf-pid----5707----pid-5476
---ebpf-pid----2089----pid-1
---ebpf-pid----372881----pid-372881
---ebpf-pid----2089----pid-2089
---ebpf-pid----5707----pid-1
---ebpf-pid----372881----pid-1
---ebpf-pid----5707----pid-5707
---ebpf-pid----2089----pid-1
---ebpf-pid----372881----pid-372881
---ebpf-pid----2089----pid-2089
---ebpf-pid----5707----pid-5476
---ebpf-pid----372881----pid-1
---ebpf-pid----2089----pid-1
---ebpf-pid----372881----pid-372881
---ebpf-pid----5707----pid-1
---ebpf-pid----2089----pid-2089
---ebpf-pid----5707----pid-5707
---ebpf-pid----372881----pid-1
---ebpf-pid----2089----pid-1
---ebpf-pid----372881----pid-372881
---ebpf-pid----5707----pid-5476
---ebpf-pid----2089----pid-2089
---ebpf-pid----372881----pid-1
---ebpf-pid----5707----pid-1
---ebpf-pid----5707----pid-5707
---ebpf-pid----5707----pid-5707
---ebpf-pid----5707----pid-5476
---ebpf-pid----5707----pid-5476
---ebpf-pid----5707----pid-1
---ebpf-pid----5707----pid-1
---ebpf-pid----5707----pid-5707
---ebpf-pid----2089----pid-1
---ebpf-pid----5707----pid-5707
---ebpf-pid----2089----pid-2089
---ebpf-pid----5707----pid-5476
---ebpf-pid----5707----pid-5476
---ebpf-pid----2089----pid-1
---ebpf-pid----5707----pid-1
---ebpf-pid----2089----pid-2089
---ebpf-pid----5707----pid-1
---ebpf-pid----5707----pid-5707
---ebpf-pid----5707----pid-5707
---ebpf-pid----2089----pid-1
---ebpf-pid----5707----pid-5476
---ebpf-pid----2089----pid-2089
---ebpf-pid----5707----pid-5476
---ebpf-pid----5707----pid-1
---ebpf-pid----2089----pid-1
---ebpf-pid----5707----pid-1
---ebpf-pid----5707----pid-5707
---ebpf-pid----2089----pid-2089
---ebpf-pid----5707----pid-5707
---ebpf-pid----5707----pid-5476
---ebpf-pid----2089----pid-1
---ebpf-pid----5707----pid-5476
---ebpf-pid----2089----pid-2089
---ebpf-pid----5707----pid-1
---ebpf-pid----2029----pid-2029
---ebpf-pid----5707----pid-1
---ebpf-pid----2089----pid-1
---ebpf-pid----2089----pid-2089
---ebpf-pid----2029----pid-1
---ebpf-pid----2089----pid-1
---ebpf-pid----2088----pid-2088
---ebpf-pid----5707----pid-5707
---ebpf-pid----2089----pid-2089
---ebpf-pid----2088----pid-1
---ebpf-pid----5707----pid-5476
---ebpf-pid----2089----pid-1
---ebpf-pid----2089----pid-2089
---ebpf-pid----2089----pid-2089
---ebpf-pid----5707----pid-1
---ebpf-pid----2089----pid-1
---ebpf-pid----5707----pid-5707
---ebpf-pid----2089----pid-2089
---ebpf-pid----2089----pid-1
---ebpf-pid----2089----pid-2089
---ebpf-pid----2089----pid-1
---ebpf-pid----5707----pid-5476
---ebpf-pid----2089----pid-2089
---ebpf-pid----2089----pid-1
---ebpf-pid----5707----pid-1
---ebpf-pid----2089----pid-2089
---ebpf-pid----2089----pid-1
---ebpf-pid----5707----pid-5707
---ebpf-pid----2089----pid-2089
---ebpf-pid----372714----pid-5476
---ebpf-pid----5707----pid-5476
---ebpf-pid----2089----pid-1
---ebpf-pid----372714----pid-1
---ebpf-pid----2089----pid-2089
---ebpf-pid----5707----pid-1
---ebpf-pid----2089----pid-1
---ebpf-pid----372714----pid-372714
---ebpf-pid----5707----pid-5707
---ebpf-pid----2089----pid-2089
---ebpf-pid----2089----pid-1
---ebpf-pid----372714----pid-5476
---ebpf-pid----2089----pid-1
---ebpf-pid----2089----pid-2089
---ebpf-pid----2089----pid-2089
---ebpf-pid----372714----pid-1
---ebpf-pid----5707----pid-5476
---ebpf-pid----2029----pid-2029
---ebpf-pid----2089----pid-1
---ebpf-pid----2089----pid-1
---ebpf-pid----5707----pid-1
---ebpf-pid----2029----pid-1
---ebpf-pid----2089----pid-2089
---ebpf-pid----2089----pid-2089
---ebpf-pid----5707----pid-5707
---ebpf-pid----2029----pid-2029
---ebpf-pid----2089----pid-1
---ebpf-pid----2089----pid-1
---ebpf-pid----5707----pid-5476
---ebpf-pid----2029----pid-1
---ebpf-pid----2089----pid-2089
---ebpf-pid----2089----pid-2089
---ebpf-pid----2029----pid-2029
---ebpf-pid----5707----pid-1
---ebpf-pid----2089----pid-1
---ebpf-pid----2029----pid-1
---ebpf-pid----2089----pid-1
---ebpf-pid----5707----pid-5707
---ebpf-pid----2089----pid-2089
---ebpf-pid----2029----pid-2029
---ebpf-pid----2089----pid-2089
---ebpf-pid----2089----pid-1
---ebpf-pid----2089----pid-2089
---ebpf-pid----2089----pid-1
---ebpf-pid----2029----pid-1
---ebpf-pid----2029----pid-2029
---ebpf-pid----2089----pid-2089
---ebpf-pid----5707----pid-5476
---ebpf-pid----2089----pid-1
---ebpf-pid----2089----pid-2089
---ebpf-pid----2029----pid-1
---ebpf-pid----2089----pid-1
---ebpf-pid----5707----pid-1
---ebpf-pid----2029----pid-2029
---ebpf-pid----2089----pid-2089
---ebpf-pid----5707----pid-5707
---ebpf-pid----2089----pid-1
---ebpf-pid----2089----pid-2089
---ebpf-pid----2029----pid-1
---ebpf-pid----2089----pid-1
---ebpf-pid----5707----pid-5476
---ebpf-pid----2029----pid-2029
---ebpf-pid----2089----pid-2089
---ebpf-pid----5707----pid-1
---ebpf-pid----2089----pid-1
---ebpf-pid----2089----pid-1
---ebpf-pid----2089----pid-2089
---ebpf-pid----2089----pid-2089
---ebpf-pid----5707----pid-5707
---ebpf-pid----2089----pid-1
---ebpf-pid----2089----pid-1
---ebpf-pid----2089----pid-2089
---ebpf-pid----2089----pid-2089
---ebpf-pid----5707----pid-5476
---ebpf-pid----2089----pid-1
---ebpf-pid----2089----pid-1
---ebpf-pid----5707----pid-1
---ebpf-pid----2089----pid-2089
---ebpf-pid----2089----pid-2089
---ebpf-pid----5707----pid-5707
---ebpf-pid----2089----pid-1
---ebpf-pid----2089----pid-1
---ebpf-pid----5707----pid-5476
---ebpf-pid----2089----pid-2089
---ebpf-pid----2089----pid-2089
---ebpf-pid----5707----pid-1
---ebpf-pid----2089----pid-1
---ebpf-pid----2089----pid-1
---ebpf-pid----2089----pid-2089
---ebpf-pid----2089----pid-2089
---ebpf-pid----5707----pid-5707
---ebpf-pid----2089----pid-1
---ebpf-pid----2089----pid-2089
---ebpf-pid----5707----pid-5476
---ebpf-pid----2089----pid-1
---ebpf-pid----2089----pid-1
---ebpf-pid----2089----pid-2089
---ebpf-pid----5707----pid-1
---ebpf-pid----2089----pid-1
---ebpf-pid----5707----pid-5707
---ebpf-pid----2089----pid-2089
---ebpf-pid----2089----pid-1
---ebpf-pid----5707----pid-5476
---ebpf-pid----2089----pid-2089
---ebpf-pid----5707----pid-1
---ebpf-pid----2089----pid-1
---ebpf-pid----5707----pid-5707
---ebpf-pid----2089----pid-2089
---ebpf-pid----2089----pid-1
---ebpf-pid----5707----pid-5476
---ebpf-pid----2089----pid-2089
---ebpf-pid----5707----pid-1
---ebpf-pid----2089----pid-1
---ebpf-pid----5707----pid-5707
---ebpf-pid----2089----pid-2089
---ebpf-pid----5707----pid-5476
---ebpf-pid----2089----pid-1
---ebpf-pid----2089----pid-2089
---ebpf-pid----5707----pid-1
---ebpf-pid----5707----pid-5707
---ebpf-pid----5707----pid-5476
---ebpf-pid----5707----pid-1
---ebpf-pid----2089----pid-1
---ebpf-pid----5707----pid-5707
---ebpf-pid----2089----pid-2089
---ebpf-pid----5707----pid-5476
---ebpf-pid----2089----pid-1
---ebpf-pid----2089----pid-2089
---ebpf-pid----5707----pid-1
---ebpf-pid----5707----pid-5707
---ebpf-pid----2089----pid-1
---ebpf-pid----2089----pid-2089
---ebpf-pid----5707----pid-5476
---ebpf-pid----2089----pid-1
---ebpf-pid----2089----pid-2089
---ebpf-pid----5707----pid-1
---ebpf-pid----5707----pid-5707
---ebpf-pid----2089----pid-1
---ebpf-pid----2089----pid-2089
---ebpf-pid----5707----pid-5476
---ebpf-pid----2089----pid-2089
---ebpf-pid----2089----pid-1
---ebpf-pid----2089----pid-2089
---ebpf-pid----5707----pid-1
---ebpf-pid----5707----pid-5707
---ebpf-pid----2089----pid-1
---ebpf-pid----2089----pid-1
---ebpf-pid----2089----pid-2089
---ebpf-pid----2089----pid-2089
---ebpf-pid----5707----pid-5476
---ebpf-pid----2089----pid-1
---ebpf-pid----2029----pid-1
---ebpf-pid----2089----pid-2089
---ebpf-pid----2029----pid-2029
---ebpf-pid----2089----pid-1
---ebpf-pid----5707----pid-1
---ebpf-pid----2089----pid-2089
---ebpf-pid----5707----pid-5707
---ebpf-pid----2089----pid-1
---ebpf-pid----2029----pid-1
---ebpf-pid----2089----pid-2089
---ebpf-pid----2029----pid-2029
---ebpf-pid----2089----pid-1
---ebpf-pid----5707----pid-5476
---ebpf-pid----2089----pid-2089
---ebpf-pid----2029----pid-1
---ebpf-pid----2089----pid-1
---ebpf-pid----5707----pid-1
---ebpf-pid----2089----pid-2089
---ebpf-pid----2089----pid-1
---ebpf-pid----5707----pid-5707
---ebpf-pid----2089----pid-2089
---ebpf-pid----2089----pid-1
---ebpf-pid----2089----pid-2089
---ebpf-pid----5707----pid-5476
---ebpf-pid----2089----pid-1
---ebpf-pid----2089----pid-2089
---ebpf-pid----2089----pid-1
---ebpf-pid----5707----pid-1
---ebpf-pid----2089----pid-2089
---ebpf-pid----5707----pid-5707
---ebpf-pid----2089----pid-1
---ebpf-pid----2089----pid-2089
---ebpf-pid----2089----pid-1
---ebpf-pid----5707----pid-5476
---ebpf-pid----2089----pid-2089
---ebpf-pid----2089----pid-1
---ebpf-pid----2089----pid-2089
---ebpf-pid----2089----pid-1
---ebpf-pid----5707----pid-1
---ebpf-pid----5707----pid-5707
---ebpf-pid----5707----pid-5707
---ebpf-pid----2089----pid-1
---ebpf-pid----2089----pid-2089
---ebpf-pid----5707----pid-5476
---ebpf-pid----5707----pid-5476
---ebpf-pid----2089----pid-1
---ebpf-pid----5707----pid-1
---ebpf-pid----2089----pid-2089
---ebpf-pid----5707----pid-1
---ebpf-pid----5707----pid-5707
---ebpf-pid----5707----pid-5707
---ebpf-pid----2089----pid-1
---ebpf-pid----5707----pid-5476
---ebpf-pid----2089----pid-2089
---ebpf-pid----5707----pid-5476
---ebpf-pid----5707----pid-1
---ebpf-pid----2089----pid-1
---ebpf-pid----5707----pid-1
---ebpf-pid----5707----pid-5707
---ebpf-pid----2089----pid-2089
---ebpf-pid----5707----pid-5707
---ebpf-pid----5707----pid-5476
---ebpf-pid----2089----pid-1
---ebpf-pid----5707----pid-5476
---ebpf-pid----2089----pid-2089
---ebpf-pid----5707----pid-1
---ebpf-pid----5707----pid-1
---ebpf-pid----5707----pid-5707
---ebpf-pid----2089----pid-1
---ebpf-pid----5707----pid-5707
---ebpf-pid----2089----pid-2089
---ebpf-pid----5707----pid-5476
---ebpf-pid----5707----pid-5476
---ebpf-pid----2089----pid-1
---ebpf-pid----5707----pid-1
---ebpf-pid----2089----pid-2089
---ebpf-pid----5707----pid-5707
---ebpf-pid----5707----pid-1
---ebpf-pid----5707----pid-5707
---ebpf-pid----2089----pid-1
---ebpf-pid----5707----pid-5476
---ebpf-pid----2089----pid-2089
---ebpf-pid----5707----pid-5476
---ebpf-pid----5707----pid-1
---ebpf-pid----2089----pid-1
---ebpf-pid----5707----pid-5707
---ebpf-pid----2089----pid-2089
---ebpf-pid----5707----pid-1
---ebpf-pid----5707----pid-5707
---ebpf-pid----5707----pid-5476
---ebpf-pid----2089----pid-1
---ebpf-pid----2089----pid-2089
---ebpf-pid----5707----pid-5476
---ebpf-pid----5707----pid-1
---ebpf-pid----5707----pid-5707
---ebpf-pid----2089----pid-1
---ebpf-pid----5707----pid-1
---ebpf-pid----2089----pid-2089
---ebpf-pid----5707----pid-5707
---ebpf-pid----5707----pid-5476
---ebpf-pid----2029----pid-2029
---ebpf-pid----2089----pid-1
---ebpf-pid----5707----pid-5476
---ebpf-pid----5707----pid-1
---ebpf-pid----2089----pid-2089
---ebpf-pid----5707----pid-5707
---ebpf-pid----2029----pid-1
---ebpf-pid----2089----pid-1
---ebpf-pid----2029----pid-2029
---ebpf-pid----5707----pid-5476
---ebpf-pid----2089----pid-2089
---ebpf-pid----2029----pid-1
---ebpf-pid----5707----pid-1
---ebpf-pid----5707----pid-1
---ebpf-pid----2089----pid-1
---ebpf-pid----2029----pid-2029
---ebpf-pid----5707----pid-5707
---ebpf-pid----5707----pid-5707
---ebpf-pid----2089----pid-2089
---ebpf-pid----2029----pid-1
---ebpf-pid----5707----pid-5476
---ebpf-pid----2089----pid-1
---ebpf-pid----5707----pid-5476
---ebpf-pid----2029----pid-2029
---ebpf-pid----2029----pid-1
---ebpf-pid----5707----pid-1
---ebpf-pid----2029----pid-2029
---ebpf-pid----5707----pid-5707
---ebpf-pid----2089----pid-2089
---ebpf-pid----2029----pid-1
---ebpf-pid----5707----pid-1
---ebpf-pid----5707----pid-5476
---ebpf-pid----2029----pid-2029
---ebpf-pid----5707----pid-5707
---ebpf-pid----2089----pid-1
---ebpf-pid----2089----pid-2089
---ebpf-pid----5707----pid-1
---ebpf-pid----2029----pid-1
---ebpf-pid----2029----pid-2029
---ebpf-pid----5707----pid-5707
---ebpf-pid----5707----pid-5476
---ebpf-pid----2089----pid-1
---ebpf-pid----2089----pid-2089
---ebpf-pid----5707----pid-5476
---ebpf-pid----2029----pid-1
---ebpf-pid----5707----pid-1
---ebpf-pid----2029----pid-2029
---ebpf-pid----5707----pid-5707
---ebpf-pid----2089----pid-1
---ebpf-pid----5707----pid-1
---ebpf-pid----2089----pid-2089
---ebpf-pid----5707----pid-5707
---ebpf-pid----5707----pid-5476
---ebpf-pid----2089----pid-1
---ebpf-pid----5707----pid-5476
---ebpf-pid----5707----pid-1
---ebpf-pid----2089----pid-2089
---ebpf-pid----5707----pid-5707
---ebpf-pid----5707----pid-1
---ebpf-pid----2089----pid-1
---ebpf-pid----2089----pid-2089
---ebpf-pid----5707----pid-5707
---ebpf-pid----5707----pid-5476
---ebpf-pid----2089----pid-1
---ebpf-pid----5707----pid-5476
---ebpf-pid----2089----pid-2089
---ebpf-pid----5707----pid-1
---ebpf-pid----5707----pid-5707
---ebpf-pid----5707----pid-1
---ebpf-pid----2089----pid-1
---ebpf-pid----5707----pid-5707
---ebpf-pid----2089----pid-2089
---ebpf-pid----5707----pid-5476
---ebpf-pid----5707----pid-5476
---ebpf-pid----2089----pid-1
---ebpf-pid----5707----pid-1
---ebpf-pid----2089----pid-2089
---ebpf-pid----5707----pid-1
---ebpf-pid----5707----pid-5707
---ebpf-pid----5707----pid-5707
---ebpf-pid----2089----pid-1
---ebpf-pid----5707----pid-5476
---ebpf-pid----2089----pid-2089
---ebpf-pid----5707----pid-5476
---ebpf-pid----2089----pid-1
---ebpf-pid----2089----pid-2089
---ebpf-pid----5707----pid-1
---ebpf-pid----2089----pid-1
---ebpf-pid----5707----pid-5707
---ebpf-pid----5707----pid-1
---ebpf-pid----2089----pid-2089
---ebpf-pid----5707----pid-5707
---ebpf-pid----5707----pid-5476
---ebpf-pid----2089----pid-1
---ebpf-pid----5707----pid-5476
---ebpf-pid----2089----pid-2089
---ebpf-pid----5707----pid-1
---ebpf-pid----5707----pid-5707
---ebpf-pid----5707----pid-1
---ebpf-pid----5707----pid-5476
---ebpf-pid----372714----pid-372714
---ebpf-pid----5707----pid-1
---ebpf-pid----5707----pid-5707
---ebpf-pid----372714----pid-5476
---ebpf-pid----5707----pid-5476
---ebpf-pid----372714----pid-1
---ebpf-pid----4716----pid-4716
---ebpf-pid----5707----pid-1
---ebpf-pid----5707----pid-5707
---ebpf-pid----4716----pid-3323
---ebpf-pid----5707----pid-5476
---ebpf-pid----4716----pid-1
---ebpf-pid----4716----pid-4716
---ebpf-pid----5707----pid-1
---ebpf-pid----4716----pid-3323
---ebpf-pid----5707----pid-5707
---ebpf-pid----4716----pid-1
---ebpf-pid----5707----pid-5476
---ebpf-pid----448782----pid-448782
---ebpf-pid----5707----pid-1
---ebpf-pid----5707----pid-5707
---ebpf-pid----5707----pid-5476
---ebpf-pid----5707----pid-1
---ebpf-pid----448782----pid-448520
---ebpf-pid----5707----pid-5707
---ebpf-pid----448782----pid-1
---ebpf-pid----5707----pid-5476
---ebpf-pid----448782----pid-448782
---ebpf-pid----5707----pid-1
---ebpf-pid----448782----pid-448520
---ebpf-pid----5707----pid-5707
---ebpf-pid----448782----pid-1
---ebpf-pid----5707----pid-5476
---ebpf-pid----448782----pid-448782
---ebpf-pid----5707----pid-1
---ebpf-pid----5707----pid-5707
---ebpf-pid----448782----pid-448520
---ebpf-pid----5707----pid-5476
---ebpf-pid----2029----pid-1
---ebpf-pid----2089----pid-2089
---ebpf-pid----5707----pid-1
---ebpf-pid----5707----pid-5707
---ebpf-pid----2089----pid-1
---ebpf-pid----372714----pid-372714
---ebpf-pid----5707----pid-5476
---ebpf-pid----372714----pid-5476
---ebpf-pid----5707----pid-1
---ebpf-pid----5707----pid-5707
---ebpf-pid----5707----pid-5476
---ebpf-pid----5707----pid-1
---ebpf-pid----6671----pid-6671
---ebpf-pid----6671----pid-5476
---ebpf-pid----6671----pid-1
---ebpf-pid----6671----pid-6671
---ebpf-pid----448782----pid-1
---ebpf-pid----6671----pid-5476
---ebpf-pid----448782----pid-448782
---ebpf-pid----6671----pid-1
---ebpf-pid----6671----pid-6671
---ebpf-pid----448782----pid-448520
---ebpf-pid----6671----pid-5476
---ebpf-pid----448782----pid-1
---ebpf-pid----448782----pid-448782
---ebpf-pid----6671----pid-1
---ebpf-pid----6671----pid-6671
---ebpf-pid----2089----pid-1
---ebpf-pid----448782----pid-448520
---ebpf-pid----6671----pid-5476
---ebpf-pid----2089----pid-2089
---ebpf-pid----6671----pid-1
---ebpf-pid----448782----pid-1
---ebpf-pid----6671----pid-6671
---ebpf-pid----448782----pid-448782
---ebpf-pid----2089----pid-1
---ebpf-pid----2089----pid-2089
---ebpf-pid----448782----pid-448520
---ebpf-pid----6671----pid-5476
---ebpf-pid----2089----pid-1
---ebpf-pid----448782----pid-1
---ebpf-pid----2089----pid-2089
---ebpf-pid----6671----pid-1
---ebpf-pid----448782----pid-448782
---ebpf-pid----6671----pid-6671
---ebpf-pid----2089----pid-1
---ebpf-pid----448782----pid-448520
---ebpf-pid----2089----pid-2089
---ebpf-pid----2089----pid-1
---ebpf-pid----2089----pid-2089
---ebpf-pid----2089----pid-1
---ebpf-pid----372714----pid-1
---ebpf-pid----2089----pid-2089
---ebpf-pid----372714----pid-372714
---ebpf-pid----6671----pid-5476
---ebpf-pid----2089----pid-1
---ebpf-pid----372714----pid-5476
---ebpf-pid----6671----pid-1
---ebpf-pid----2089----pid-2089
---ebpf-pid----6671----pid-6671
---ebpf-pid----2089----pid-1
---ebpf-pid----2089----pid-2089
---ebpf-pid----6671----pid-5476
---ebpf-pid----372714----pid-1
---ebpf-pid----372714----pid-372714
---ebpf-pid----6671----pid-1
---ebpf-pid----2089----pid-1
---ebpf-pid----6671----pid-6671
---ebpf-pid----2089----pid-2089
---ebpf-pid----372714----pid-5476
---ebpf-pid----6671----pid-5476
---ebpf-pid----2089----pid-1
---ebpf-pid----372714----pid-1
---ebpf-pid----2089----pid-2089
---ebpf-pid----372714----pid-372714
---ebpf-pid----6671----pid-1
---ebpf-pid----2089----pid-1
---ebpf-pid----6671----pid-6671
---ebpf-pid----2089----pid-2089
---ebpf-pid----448782----pid-1
---ebpf-pid----2089----pid-1
---ebpf-pid----6671----pid-5476
---ebpf-pid----2089----pid-2089
---ebpf-pid----448782----pid-448782
---ebpf-pid----6671----pid-1
---ebpf-pid----448782----pid-448520
---ebpf-pid----2089----pid-1
---ebpf-pid----6671----pid-6671
---ebpf-pid----2089----pid-2089
---ebpf-pid----448782----pid-1
---ebpf-pid----6671----pid-5476
---ebpf-pid----448782----pid-448782
---ebpf-pid----2089----pid-1
---ebpf-pid----2089----pid-2089
---ebpf-pid----6671----pid-1
---ebpf-pid----6671----pid-6671
---ebpf-pid----448782----pid-448520
---ebpf-pid----2089----pid-1
---ebpf-pid----2089----pid-2089
---ebpf-pid----2089----pid-1
---ebpf-pid----2089----pid-2089
---ebpf-pid----6671----pid-5476
---ebpf-pid----2089----pid-1
---ebpf-pid----6671----pid-1
---ebpf-pid----2089----pid-2089
---ebpf-pid----6671----pid-6671
---ebpf-pid----372714----pid-5476
---ebpf-pid----2089----pid-1
---ebpf-pid----6671----pid-5476
---ebpf-pid----372714----pid-1
---ebpf-pid----372714----pid-372714
---ebpf-pid----6671----pid-1
---ebpf-pid----6671----pid-6671
---ebpf-pid----372714----pid-5476
---ebpf-pid----6671----pid-5476
---ebpf-pid----372714----pid-1
---ebpf-pid----372714----pid-372714
---ebpf-pid----6671----pid-1
---ebpf-pid----6671----pid-6671
---ebpf-pid----372714----pid-5476
---ebpf-pid----6671----pid-5476
---ebpf-pid----372714----pid-1
---ebpf-pid----6671----pid-1
---ebpf-pid----372714----pid-372714
---ebpf-pid----6671----pid-6671
---ebpf-pid----372714----pid-5476
---ebpf-pid----6671----pid-5476
---ebpf-pid----372714----pid-1
---ebpf-pid----6671----pid-1
---ebpf-pid----372714----pid-372714
---ebpf-pid----6671----pid-6671
---ebpf-pid----372714----pid-5476
---ebpf-pid----6671----pid-5476
---ebpf-pid----372714----pid-1
---ebpf-pid----6671----pid-1
---ebpf-pid----372714----pid-372714
---ebpf-pid----6671----pid-6671
---ebpf-pid----2089----pid-2089
---ebpf-pid----372714----pid-5476
---ebpf-pid----6671----pid-5476
---ebpf-pid----2089----pid-1
---ebpf-pid----2089----pid-2089
---ebpf-pid----372714----pid-1
---ebpf-pid----6671----pid-1
---ebpf-pid----6671----pid-6671
---ebpf-pid----2088----pid-2088
---ebpf-pid----2089----pid-1
---ebpf-pid----2089----pid-2089
---ebpf-pid----6671----pid-5476
---ebpf-pid----2088----pid-1
---ebpf-pid----2088----pid-2088
---ebpf-pid----2089----pid-1
---ebpf-pid----6671----pid-1
---ebpf-pid----2089----pid-2089
---ebpf-pid----6671----pid-6671
---ebpf-pid----2088----pid-1
---ebpf-pid----2088----pid-2088
---ebpf-pid----6671----pid-5476
---ebpf-pid----2089----pid-1
---ebpf-pid----2089----pid-2089
---ebpf-pid----2088----pid-1
---ebpf-pid----6671----pid-1
---ebpf-pid----2088----pid-2088
---ebpf-pid----6671----pid-6671
---ebpf-pid----2089----pid-1
---ebpf-pid----2089----pid-2089
---ebpf-pid----2088----pid-1
---ebpf-pid----6671----pid-5476
---ebpf-pid----2088----pid-2088
---ebpf-pid----2089----pid-1
---ebpf-pid----6671----pid-1
---ebpf-pid----2089----pid-2089
---ebpf-pid----2088----pid-1
---ebpf-pid----6671----pid-6671
---ebpf-pid----2088----pid-2088
---ebpf-pid----2089----pid-1
---ebpf-pid----2089----pid-2089
---ebpf-pid----2089----pid-1
---ebpf-pid----6671----pid-5476
---ebpf-pid----2089----pid-2089
---ebpf-pid----448782----pid-1
---ebpf-pid----6671----pid-1
---ebpf-pid----2089----pid-1
---ebpf-pid----448782----pid-448782
---ebpf-pid----6671----pid-6671
---ebpf-pid----2089----pid-2089
---ebpf-pid----6671----pid-5476
---ebpf-pid----448782----pid-448520
---ebpf-pid----2089----pid-1
---ebpf-pid----2089----pid-2089
---ebpf-pid----6671----pid-1
---ebpf-pid----6671----pid-6671
---ebpf-pid----2089----pid-1
---ebpf-pid----448782----pid-1
---ebpf-pid----6671----pid-5476
---ebpf-pid----2089----pid-2089
---ebpf-pid----448782----pid-448782
---ebpf-pid----6671----pid-1
---ebpf-pid----2089----pid-1
---ebpf-pid----448782----pid-448520
---ebpf-pid----6671----pid-6671
---ebpf-pid----2089----pid-2089
---ebpf-pid----448782----pid-1
---ebpf-pid----6671----pid-5476
---ebpf-pid----4716----pid-4716
---ebpf-pid----2089----pid-1
---ebpf-pid----2089----pid-2089
---ebpf-pid----6671----pid-1
---ebpf-pid----4716----pid-3323
---ebpf-pid----6671----pid-6671
---ebpf-pid----4716----pid-1
---ebpf-pid----4716----pid-4716
---ebpf-pid----6671----pid-5476
---ebpf-pid----6671----pid-1
---ebpf-pid----4716----pid-3323
---ebpf-pid----6671----pid-6671
---ebpf-pid----4716----pid-1
---ebpf-pid----6671----pid-5476
---ebpf-pid----4716----pid-4716
---ebpf-pid----6671----pid-1
---ebpf-pid----6671----pid-6671
---ebpf-pid----4716----pid-3323
---ebpf-pid----6671----pid-5476
---ebpf-pid----4716----pid-1
---ebpf-pid----4716----pid-4716
---ebpf-pid----6671----pid-1
---ebpf-pid----6671----pid-6671
---ebpf-pid----4716----pid-3323
---ebpf-pid----6671----pid-5476
---ebpf-pid----4716----pid-1
---ebpf-pid----4716----pid-4716
---ebpf-pid----6671----pid-1
---ebpf-pid----6671----pid-6671
---ebpf-pid----4716----pid-3323
---ebpf-pid----6671----pid-5476
---ebpf-pid----4716----pid-1
---ebpf-pid----4716----pid-4716
---ebpf-pid----6671----pid-1
---ebpf-pid----6671----pid-6671
---ebpf-pid----4716----pid-3323
---ebpf-pid----2089----pid-1
---ebpf-pid----2089----pid-2089
---ebpf-pid----6671----pid-5476
---ebpf-pid----4716----pid-1
---ebpf-pid----4716----pid-4716
---ebpf-pid----2089----pid-1
---ebpf-pid----6671----pid-1
---ebpf-pid----6671----pid-6671
---ebpf-pid----2089----pid-2089
---ebpf-pid----4716----pid-3323
---ebpf-pid----6671----pid-5476
---ebpf-pid----2089----pid-1
---ebpf-pid----4716----pid-1
---ebpf-pid----2089----pid-2089
---ebpf-pid----4716----pid-4716
---ebpf-pid----6671----pid-1
---ebpf-pid----6671----pid-6671
---ebpf-pid----2089----pid-1
---ebpf-pid----4716----pid-3323
---ebpf-pid----2089----pid-2089
---ebpf-pid----6671----pid-5476
---ebpf-pid----4716----pid-1
---ebpf-pid----2089----pid-1
---ebpf-pid----4716----pid-4716
---ebpf-pid----2089----pid-2089
---ebpf-pid----6671----pid-1
---ebpf-pid----6671----pid-6671
---ebpf-pid----2089----pid-1
---ebpf-pid----4716----pid-3323
---ebpf-pid----2089----pid-2089
---ebpf-pid----6671----pid-5476
---ebpf-pid----4716----pid-1
---ebpf-pid----6671----pid-1
---ebpf-pid----2089----pid-1
---ebpf-pid----448782----pid-448782
---ebpf-pid----6671----pid-6671
---ebpf-pid----2089----pid-2089
---ebpf-pid----448782----pid-448520
---ebpf-pid----6671----pid-5476
---ebpf-pid----2089----pid-1
---ebpf-pid----2089----pid-2089
---ebpf-pid----6671----pid-1
---ebpf-pid----6671----pid-6671
---ebpf-pid----448782----pid-1
---ebpf-pid----2089----pid-1
---ebpf-pid----448782----pid-448782
---ebpf-pid----2089----pid-2089
---ebpf-pid----6671----pid-5476
---ebpf-pid----2089----pid-1
---ebpf-pid----448782----pid-448520
---ebpf-pid----2089----pid-2089
---ebpf-pid----6671----pid-1
---ebpf-pid----6671----pid-6671
---ebpf-pid----448782----pid-1
---ebpf-pid----2089----pid-1
---ebpf-pid----448782----pid-448782
---ebpf-pid----2089----pid-2089
---ebpf-pid----6671----pid-5476
---ebpf-pid----448782----pid-448520
---ebpf-pid----2089----pid-1
---ebpf-pid----6671----pid-1
---ebpf-pid----2089----pid-2089
---ebpf-pid----6671----pid-6671
---ebpf-pid----2089----pid-1
---ebpf-pid----2089----pid-2089
---ebpf-pid----2088----pid-1
---ebpf-pid----2088----pid-2088
---ebpf-pid----2089----pid-1
---ebpf-pid----6671----pid-5476
---ebpf-pid----2089----pid-2089
---ebpf-pid----2088----pid-1
---ebpf-pid----6671----pid-1
---ebpf-pid----2088----pid-2088
---ebpf-pid----2089----pid-1
---ebpf-pid----6671----pid-6671
---ebpf-pid----2089----pid-2089
---ebpf-pid----2088----pid-1
---ebpf-pid----6671----pid-5476
---ebpf-pid----2088----pid-2088
---ebpf-pid----2089----pid-1
---ebpf-pid----2089----pid-2089
---ebpf-pid----6671----pid-1
---ebpf-pid----2088----pid-1
---ebpf-pid----6671----pid-6671
---ebpf-pid----2088----pid-2088
---ebpf-pid----2089----pid-1
---ebpf-pid----2089----pid-2089
---ebpf-pid----6671----pid-5476
---ebpf-pid----2088----pid-1
---ebpf-pid----2089----pid-1
---ebpf-pid----6671----pid-1
---ebpf-pid----2089----pid-2089
---ebpf-pid----2089----pid-2089
---ebpf-pid----6671----pid-6671
---ebpf-pid----2089----pid-1
---ebpf-pid----2089----pid-1
---ebpf-pid----2089----pid-2089
---ebpf-pid----6671----pid-5476
---ebpf-pid----2089----pid-2089
---ebpf-pid----6671----pid-1
---ebpf-pid----2089----pid-1
---ebpf-pid----6671----pid-6671
---ebpf-pid----2089----pid-2089
---ebpf-pid----6671----pid-5476
---ebpf-pid----2089----pid-1
---ebpf-pid----2089----pid-2089
---ebpf-pid----6671----pid-1
---ebpf-pid----6671----pid-6671
---ebpf-pid----2089----pid-1
---ebpf-pid----2089----pid-2089
---ebpf-pid----6671----pid-5476
---ebpf-pid----2089----pid-1
---ebpf-pid----6671----pid-1
---ebpf-pid----2089----pid-2089
---ebpf-pid----6671----pid-6671
---ebpf-pid----2089----pid-1
---ebpf-pid----6671----pid-5476
---ebpf-pid----2089----pid-2089
---ebpf-pid----6671----pid-1
---ebpf-pid----5707----pid-5707
---ebpf-pid----2089----pid-1
---ebpf-pid----2089----pid-2089
---ebpf-pid----5707----pid-5476
---ebpf-pid----2089----pid-1
---ebpf-pid----5707----pid-1
---ebpf-pid----2089----pid-2089
---ebpf-pid----5707----pid-5707
---ebpf-pid----2089----pid-1
---ebpf-pid----5707----pid-5476
---ebpf-pid----2089----pid-2089
---ebpf-pid----5707----pid-1
---ebpf-pid----5707----pid-5707
---ebpf-pid----2089----pid-1
---ebpf-pid----5707----pid-5707
---ebpf-pid----5707----pid-5476
---ebpf-pid----5707----pid-5476
---ebpf-pid----5707----pid-1
---ebpf-pid----2029----pid-2029
---ebpf-pid----5707----pid-1
---ebpf-pid----2029----pid-1
---ebpf-pid----5707----pid-5707
---ebpf-pid----2029----pid-2029
---ebpf-pid----5707----pid-5476
---ebpf-pid----2029----pid-1
---ebpf-pid----2029----pid-2029
---ebpf-pid----5707----pid-1
---ebpf-pid----5707----pid-5707
---ebpf-pid----2029----pid-1
---ebpf-pid----2029----pid-2029
---ebpf-pid----5707----pid-5476
---ebpf-pid----2029----pid-1
---ebpf-pid----2029----pid-2029
---ebpf-pid----448782----pid-1
---ebpf-pid----4716----pid-4716
---ebpf-pid----2029----pid-1
---ebpf-pid----2029----pid-2029
---ebpf-pid----4716----pid-3323
---ebpf-pid----2029----pid-1
---ebpf-pid----2029----pid-2029
---ebpf-pid----4716----pid-1
---ebpf-pid----2029----pid-1
---ebpf-pid----4716----pid-4716
---ebpf-pid----2029----pid-2029
---ebpf-pid----2029----pid-1
---ebpf-pid----4716----pid-3323
---ebpf-pid----2029----pid-2029
---ebpf-pid----4716----pid-1
---ebpf-pid----2029----pid-1
---ebpf-pid----4716----pid-4716
---ebpf-pid----2029----pid-2029
---ebpf-pid----2029----pid-1
---ebpf-pid----4716----pid-3323
---ebpf-pid----2029----pid-2029
---ebpf-pid----2029----pid-1
---ebpf-pid----2089----pid-1
---ebpf-pid----2029----pid-2029
---ebpf-pid----2089----pid-2089
---ebpf-pid----2029----pid-1
---ebpf-pid----2029----pid-2029
---ebpf-pid----2089----pid-1
---ebpf-pid----2089----pid-2089
---ebpf-pid----2029----pid-1
---ebpf-pid----2029----pid-2029
---ebpf-pid----4716----pid-1
---ebpf-pid----2089----pid-1
---ebpf-pid----4716----pid-4716
---ebpf-pid----2029----pid-1
---ebpf-pid----2089----pid-2089
---ebpf-pid----2029----pid-2029
---ebpf-pid----4716----pid-3323
---ebpf-pid----2089----pid-1
---ebpf-pid----2029----pid-1
---ebpf-pid----2029----pid-2029
---ebpf-pid----4716----pid-1
---ebpf-pid----2089----pid-2089
---ebpf-pid----2089----pid-1
---ebpf-pid----2089----pid-2089
---ebpf-pid----2029----pid-1
---ebpf-pid----2029----pid-2029
---ebpf-pid----2089----pid-1
---ebpf-pid----2089----pid-2089
---ebpf-pid----2029----pid-1
---ebpf-pid----2029----pid-2029
---ebpf-pid----2089----pid-1
---ebpf-pid----2089----pid-2089
---ebpf-pid----2029----pid-1
---ebpf-pid----2029----pid-2029
---ebpf-pid----2089----pid-1
---ebpf-pid----2089----pid-2089
---ebpf-pid----2029----pid-1
---ebpf-pid----2029----pid-2029
---ebpf-pid----2089----pid-1
---ebpf-pid----2029----pid-1
---ebpf-pid----2029----pid-2029
---ebpf-pid----2089----pid-2089
---ebpf-pid----2029----pid-1
---ebpf-pid----2089----pid-1
---ebpf-pid----2029----pid-2029
---ebpf-pid----2089----pid-2089
---ebpf-pid----2029----pid-1
---ebpf-pid----2089----pid-1
---ebpf-pid----2029----pid-2029
---ebpf-pid----2089----pid-2089
---ebpf-pid----2029----pid-1
---ebpf-pid----2029----pid-2029
---ebpf-pid----2089----pid-1
---ebpf-pid----2089----pid-2089
---ebpf-pid----2089----pid-1
---ebpf-pid----2089----pid-2089
---ebpf-pid----2089----pid-1
---ebpf-pid----2088----pid-2088
---ebpf-pid----2029----pid-1
---ebpf-pid----2029----pid-2029
---ebpf-pid----2088----pid-1
---ebpf-pid----2029----pid-1
---ebpf-pid----2029----pid-2029
---ebpf-pid----2029----pid-2029
---ebpf-pid----2029----pid-1
---ebpf-pid----2029----pid-1
---ebpf-pid----2029----pid-2029
---ebpf-pid----2029----pid-2029
---ebpf-pid----2029----pid-1
---ebpf-pid----2029----pid-1
---ebpf-pid----2029----pid-2029
---ebpf-pid----2029----pid-2029
---ebpf-pid----2029----pid-1
---ebpf-pid----2029----pid-2029
---ebpf-pid----2029----pid-1
---ebpf-pid----2029----pid-2029
---ebpf-pid----2029----pid-1
---ebpf-pid----2029----pid-2029
---ebpf-pid----2029----pid-1
---ebpf-pid----2029----pid-2029
---ebpf-pid----2029----pid-1
---ebpf-pid----2029----pid-2029
---ebpf-pid----2029----pid-1
---ebpf-pid----2029----pid-2029
---ebpf-pid----2029----pid-1
---ebpf-pid----2029----pid-2029
---ebpf-pid----2029----pid-1
---ebpf-pid----2029----pid-2029
---ebpf-pid----2029----pid-1
---ebpf-pid----2029----pid-1
---ebpf-pid----2029----pid-2029
---ebpf-pid----2029----pid-2029
---ebpf-pid----2029----pid-1
---ebpf-pid----2029----pid-1
---ebpf-pid----2029----pid-2029
---ebpf-pid----5707----pid-1
---ebpf-pid----5707----pid-5707
---ebpf-pid----2029----pid-2029
---ebpf-pid----2029----pid-1
---ebpf-pid----5707----pid-5476
---ebpf-pid----2029----pid-2029
---ebpf-pid----5707----pid-1
---ebpf-pid----2029----pid-1
---ebpf-pid----5707----pid-5707
---ebpf-pid----2029----pid-2029
---ebpf-pid----5707----pid-5476
---ebpf-pid----2029----pid-1
---ebpf-pid----2029----pid-2029
---ebpf-pid----5707----pid-1
---ebpf-pid----5707----pid-5707
---ebpf-pid----2029----pid-1
---ebpf-pid----2029----pid-2029
---ebpf-pid----5707----pid-5476
---ebpf-pid----2029----pid-1
---ebpf-pid----2029----pid-2029
---ebpf-pid----5707----pid-1
---ebpf-pid----5707----pid-5707
---ebpf-pid----2029----pid-1
---ebpf-pid----2029----pid-2029
---ebpf-pid----5707----pid-5476
---ebpf-pid----2029----pid-1
---ebpf-pid----2029----pid-2029
---ebpf-pid----2029----pid-1
---ebpf-pid----2029----pid-1
---ebpf-pid----2029----pid-2029
---ebpf-pid----2029----pid-2029
---ebpf-pid----2029----pid-1
---ebpf-pid----2029----pid-1
---ebpf-pid----2029----pid-2029
---ebpf-pid----2029----pid-2029
---ebpf-pid----2029----pid-1
---ebpf-pid----4716----pid-4716
---ebpf-pid----2029----pid-1
---ebpf-pid----5707----pid-5707
---ebpf-pid----2029----pid-2029
---ebpf-pid----4716----pid-3323
---ebpf-pid----2029----pid-1
---ebpf-pid----5707----pid-5476
---ebpf-pid----2029----pid-2029
---ebpf-pid----4716----pid-1
---ebpf-pid----5707----pid-1
---ebpf-pid----4716----pid-4716
---ebpf-pid----2029----pid-1
---ebpf-pid----5707----pid-5707
---ebpf-pid----2029----pid-2029
---ebpf-pid----4716----pid-3323
---ebpf-pid----2029----pid-1
---ebpf-pid----5707----pid-5476
---ebpf-pid----2029----pid-2029
---ebpf-pid----5707----pid-1
---ebpf-pid----2029----pid-1
---ebpf-pid----5707----pid-5707
---ebpf-pid----2029----pid-2029
---ebpf-pid----5707----pid-5476
---ebpf-pid----2029----pid-1
---ebpf-pid----2029----pid-2029
---ebpf-pid----5707----pid-1
---ebpf-pid----2029----pid-1
---ebpf-pid----5707----pid-5707
---ebpf-pid----2029----pid-2029
---ebpf-pid----5707----pid-5476
---ebpf-pid----2029----pid-1
---ebpf-pid----2029----pid-2029
---ebpf-pid----5707----pid-1
---ebpf-pid----5707----pid-5707
---ebpf-pid----2029----pid-1
---ebpf-pid----5707----pid-5476
---ebpf-pid----2029----pid-2029
---ebpf-pid----5707----pid-1
---ebpf-pid----2029----pid-1
---ebpf-pid----5707----pid-5707
---ebpf-pid----2029----pid-2029
---ebpf-pid----5707----pid-5476
---ebpf-pid----2029----pid-1
---ebpf-pid----2029----pid-2029
---ebpf-pid----5707----pid-1
---ebpf-pid----5707----pid-5707
---ebpf-pid----2029----pid-1
---ebpf-pid----2029----pid-2029
---ebpf-pid----5707----pid-5476
---ebpf-pid----2029----pid-1
---ebpf-pid----2029----pid-2029
---ebpf-pid----5707----pid-1
---ebpf-pid----2029----pid-1
---ebpf-pid----5707----pid-5707
---ebpf-pid----2029----pid-2029
---ebpf-pid----2029----pid-1
---ebpf-pid----5707----pid-5476
---ebpf-pid----372714----pid-372714
---ebpf-pid----5707----pid-1
---ebpf-pid----372714----pid-5476
---ebpf-pid----5707----pid-5707
---ebpf-pid----372714----pid-1
---ebpf-pid----372714----pid-372714
---ebpf-pid----5707----pid-5476
---ebpf-pid----372714----pid-5476
---ebpf-pid----5707----pid-1
---ebpf-pid----372714----pid-1
---ebpf-pid----5707----pid-5707
---ebpf-pid----372714----pid-372714
---ebpf-pid----5707----pid-5476
---ebpf-pid----372714----pid-5476
---ebpf-pid----5707----pid-1
---ebpf-pid----5707----pid-5707
---ebpf-pid----372714----pid-1
---ebpf-pid----5707----pid-5476
---ebpf-pid----372714----pid-372714
---ebpf-pid----5707----pid-1
---ebpf-pid----372714----pid-5476
---ebpf-pid----5707----pid-5707
---ebpf-pid----372714----pid-1
---ebpf-pid----5707----pid-5476
---ebpf-pid----372714----pid-372714
---ebpf-pid----5707----pid-1
---ebpf-pid----372714----pid-5476
---ebpf-pid----5707----pid-5707
---ebpf-pid----372714----pid-1
---ebpf-pid----372714----pid-372714
---ebpf-pid----5707----pid-5476
---ebpf-pid----372714----pid-5476
---ebpf-pid----5707----pid-1
---ebpf-pid----5707----pid-5707
---ebpf-pid----5707----pid-5476
---ebpf-pid----5707----pid-1
---ebpf-pid----4716----pid-1
---ebpf-pid----5707----pid-5707
---ebpf-pid----4716----pid-4716
---ebpf-pid----4716----pid-3323
---ebpf-pid----5707----pid-5476
---ebpf-pid----4716----pid-1
---ebpf-pid----448784----pid-448784
---ebpf-pid----5707----pid-1
---ebpf-pid----5707----pid-5707
---ebpf-pid----448784----pid-448520
---ebpf-pid----5707----pid-5476
---ebpf-pid----5707----pid-1
---ebpf-pid----5707----pid-1
---ebpf-pid----5707----pid-5707
---ebpf-pid----5707----pid-5707
---ebpf-pid----5707----pid-5476
---ebpf-pid----5707----pid-5476
---ebpf-pid----5707----pid-1
---ebpf-pid----5707----pid-5707
---ebpf-pid----5707----pid-1
---ebpf-pid----5707----pid-5707
---ebpf-pid----5707----pid-5476
---ebpf-pid----5707----pid-5476
---ebpf-pid----5707----pid-1
---ebpf-pid----2088----pid-2088
---ebpf-pid----5707----pid-1
---ebpf-pid----379067----pid-379067
---ebpf-pid----379067----pid-5476
---ebpf-pid----379067----pid-1
---ebpf-pid----379067----pid-379067
---ebpf-pid----379067----pid-5476
---ebpf-pid----379067----pid-1
---ebpf-pid----379067----pid-379067
---ebpf-pid----379067----pid-5476
---ebpf-pid----379067----pid-1
---ebpf-pid----379067----pid-379067
---ebpf-pid----379067----pid-5476
---ebpf-pid----379067----pid-1
---ebpf-pid----379067----pid-379067
---ebpf-pid----379067----pid-5476
---ebpf-pid----379067----pid-1
---ebpf-pid----379067----pid-379067
---ebpf-pid----448784----pid-1
---ebpf-pid----448784----pid-448784
---ebpf-pid----379067----pid-5476
---ebpf-pid----448784----pid-448520
---ebpf-pid----448784----pid-1
---ebpf-pid----448784----pid-448784
---ebpf-pid----448784----pid-448520
---ebpf-pid----372714----pid-1
---ebpf-pid----448784----pid-1
---ebpf-pid----448784----pid-448784
---ebpf-pid----372714----pid-372714
---ebpf-pid----448784----pid-448520
---ebpf-pid----372714----pid-5476
---ebpf-pid----448784----pid-1
---ebpf-pid----448784----pid-448784
---ebpf-pid----372714----pid-1
---ebpf-pid----372714----pid-372714
---ebpf-pid----448784----pid-448520
---ebpf-pid----372714----pid-5476
---ebpf-pid----448784----pid-1
---ebpf-pid----448784----pid-448784
---ebpf-pid----372714----pid-1
---ebpf-pid----448784----pid-448520
---ebpf-pid----372714----pid-372714
---ebpf-pid----448784----pid-1
---ebpf-pid----372714----pid-5476
---ebpf-pid----448784----pid-448784
---ebpf-pid----372714----pid-1
---ebpf-pid----2094----pid-2094
---ebpf-pid----2094----pid-1
---ebpf-pid----2094----pid-2094
---ebpf-pid----2094----pid-1
---ebpf-pid----2094----pid-2094
---ebpf-pid----2094----pid-1
---ebpf-pid----2094----pid-2094
---ebpf-pid----2094----pid-1
---ebpf-pid----2094----pid-2094
---ebpf-pid----2094----pid-1
---ebpf-pid----2094----pid-2094
---ebpf-pid----2094----pid-1
---ebpf-pid----2094----pid-2094
---ebpf-pid----2094----pid-1
---ebpf-pid----2094----pid-2094
---ebpf-pid----2094----pid-1
---ebpf-pid----2094----pid-2094
---ebpf-pid----2094----pid-1
---ebpf-pid----2088----pid-1
---ebpf-pid----2094----pid-2094
---ebpf-pid----6671----pid-6671
---ebpf-pid----2094----pid-1
---ebpf-pid----6671----pid-5476
---ebpf-pid----2029----pid-2029
---ebpf-pid----2029----pid-1
---ebpf-pid----6671----pid-1
---ebpf-pid----2029----pid-2029
---ebpf-pid----6671----pid-6671
---ebpf-pid----6671----pid-5476
---ebpf-pid----6671----pid-1
---ebpf-pid----6671----pid-6671
---ebpf-pid----6671----pid-5476
---ebpf-pid----6671----pid-1
---ebpf-pid----6671----pid-6671
---ebpf-pid----6671----pid-5476
---ebpf-pid----2029----pid-1
---ebpf-pid----2029----pid-2029
---ebpf-pid----448784----pid-448520
---ebpf-pid----379067----pid-1
---ebpf-pid----2029----pid-1
---ebpf-pid----2029----pid-2029
---ebpf-pid----2029----pid-1
---ebpf-pid----2029----pid-2029
---ebpf-pid----2029----pid-1
---ebpf-pid----2029----pid-2029
---ebpf-pid----2029----pid-1
---ebpf-pid----2029----pid-2029
---ebpf-pid----2029----pid-1
---ebpf-pid----2029----pid-2029
---ebpf-pid----2029----pid-1
---ebpf-pid----2029----pid-2029
---ebpf-pid----2029----pid-1
---ebpf-pid----2029----pid-2029
---ebpf-pid----2029----pid-1
---ebpf-pid----2029----pid-2029
---ebpf-pid----2029----pid-1
---ebpf-pid----2029----pid-2029
---ebpf-pid----2029----pid-1
---ebpf-pid----2029----pid-2029
---ebpf-pid----2029----pid-1
---ebpf-pid----379067----pid-379067
---ebpf-pid----2029----pid-2029
---ebpf-pid----379067----pid-5476
---ebpf-pid----2029----pid-1
---ebpf-pid----2029----pid-2029
---ebpf-pid----379067----pid-1
---ebpf-pid----379067----pid-379067
---ebpf-pid----2029----pid-1
---ebpf-pid----379067----pid-5476
---ebpf-pid----2029----pid-2029
---ebpf-pid----379067----pid-1
---ebpf-pid----2029----pid-1
---ebpf-pid----379067----pid-379067
---ebpf-pid----2029----pid-2029
---ebpf-pid----379067----pid-5476
---ebpf-pid----2029----pid-1
---ebpf-pid----2029----pid-2029
---ebpf-pid----2029----pid-1
---ebpf-pid----6671----pid-6671
---ebpf-pid----6671----pid-1
---ebpf-pid----6671----pid-5476
---ebpf-pid----6671----pid-6671
---ebpf-pid----379067----pid-1
---ebpf-pid----2029----pid-2029
---ebpf-pid----2029----pid-1
---ebpf-pid----379067----pid-379067
---ebpf-pid----379067----pid-5476
---ebpf-pid----379067----pid-1
---ebpf-pid----379067----pid-379067
---ebpf-pid----379067----pid-5476
---ebpf-pid----379067----pid-1
---ebpf-pid----379067----pid-379067
---ebpf-pid----379067----pid-5476
---ebpf-pid----379067----pid-1
---ebpf-pid----379067----pid-379067
---ebpf-pid----379067----pid-5476
---ebpf-pid----379067----pid-1
---ebpf-pid----2029----pid-2029
---ebpf-pid----2029----pid-1
---ebpf-pid----379067----pid-379067
---ebpf-pid----379067----pid-5476
---ebpf-pid----379067----pid-1
---ebpf-pid----379067----pid-379067
---ebpf-pid----379067----pid-5476
---ebpf-pid----379067----pid-1
---ebpf-pid----379067----pid-379067
---ebpf-pid----379067----pid-5476
---ebpf-pid----379067----pid-1
---ebpf-pid----6671----pid-5476
---ebpf-pid----2029----pid-2029
---ebpf-pid----2029----pid-1
---ebpf-pid----6671----pid-1
---ebpf-pid----2029----pid-2029
---ebpf-pid----6671----pid-6671
---ebpf-pid----2029----pid-1
---ebpf-pid----6671----pid-5476
---ebpf-pid----2029----pid-2029
---ebpf-pid----6671----pid-1
---ebpf-pid----2029----pid-1
---ebpf-pid----6671----pid-6671
---ebpf-pid----2029----pid-2029
---ebpf-pid----6671----pid-5476
---ebpf-pid----2029----pid-1
---ebpf-pid----2029----pid-2029
---ebpf-pid----6671----pid-1
---ebpf-pid----6671----pid-6671
---ebpf-pid----2029----pid-1
---ebpf-pid----2029----pid-2029
---ebpf-pid----6671----pid-5476
---ebpf-pid----6671----pid-1
---ebpf-pid----6671----pid-6671
---ebpf-pid----6671----pid-5476
---ebpf-pid----6671----pid-1
---ebpf-pid----5707----pid-5707
---ebpf-pid----5707----pid-5476
---ebpf-pid----5707----pid-1
---ebpf-pid----2029----pid-2029
---ebpf-pid----2029----pid-1
---ebpf-pid----2029----pid-2029
---ebpf-pid----2029----pid-1
---ebpf-pid----2029----pid-2029
---ebpf-pid----2029----pid-1
---ebpf-pid----2029----pid-2029
---ebpf-pid----2029----pid-1
---ebpf-pid----2029----pid-2029
---ebpf-pid----448784----pid-1
---ebpf-pid----448784----pid-448784
---ebpf-pid----2029----pid-1
---ebpf-pid----2029----pid-2029
---ebpf-pid----448784----pid-448520
---ebpf-pid----2029----pid-1
---ebpf-pid----2029----pid-2029
---ebpf-pid----448784----pid-1
---ebpf-pid----448784----pid-448784
---ebpf-pid----2029----pid-1
---ebpf-pid----2029----pid-2029
---ebpf-pid----448784----pid-448520
---ebpf-pid----2029----pid-1
---ebpf-pid----448784----pid-1
---ebpf-pid----2029----pid-2029
---ebpf-pid----4716----pid-4716
---ebpf-pid----2029----pid-1
---ebpf-pid----4716----pid-3323
---ebpf-pid----2029----pid-2029
---ebpf-pid----4716----pid-1
---ebpf-pid----2029----pid-1
---ebpf-pid----4716----pid-4716
---ebpf-pid----2029----pid-2029
---ebpf-pid----4716----pid-3323
---ebpf-pid----4716----pid-1
---ebpf-pid----4716----pid-4716
---ebpf-pid----6671----pid-1
---ebpf-pid----6671----pid-6671
---ebpf-pid----4716----pid-3323
---ebpf-pid----6671----pid-5476
---ebpf-pid----4716----pid-1
---ebpf-pid----4716----pid-4716
---ebpf-pid----6671----pid-1
---ebpf-pid----6671----pid-6671
---ebpf-pid----4716----pid-3323
---ebpf-pid----6671----pid-5476
---ebpf-pid----4716----pid-1
---ebpf-pid----6671----pid-1
---ebpf-pid----448784----pid-448784
---ebpf-pid----6671----pid-6671
---ebpf-pid----448784----pid-448520
---ebpf-pid----6671----pid-5476
---ebpf-pid----448784----pid-1
---ebpf-pid----6671----pid-1
---ebpf-pid----4716----pid-4716
---ebpf-pid----6671----pid-6671
---ebpf-pid----4716----pid-3323
---ebpf-pid----6671----pid-5476
---ebpf-pid----4716----pid-1
---ebpf-pid----6671----pid-1
---ebpf-pid----448783----pid-448783
---ebpf-pid----6671----pid-6671
---ebpf-pid----448783----pid-448520
---ebpf-pid----6671----pid-5476
---ebpf-pid----448783----pid-1
---ebpf-pid----6671----pid-1
---ebpf-pid----448783----pid-448783
---ebpf-pid----6671----pid-6671
---ebpf-pid----448783----pid-448520
---ebpf-pid----6671----pid-5476
---ebpf-pid----6671----pid-1
---ebpf-pid----448783----pid-1
---ebpf-pid----6671----pid-6671
---ebpf-pid----4716----pid-4716
---ebpf-pid----6671----pid-5476
---ebpf-pid----4716----pid-3323
---ebpf-pid----6671----pid-1
---ebpf-pid----4716----pid-1
---ebpf-pid----6671----pid-6671
---ebpf-pid----4716----pid-4716
---ebpf-pid----6671----pid-5476
---ebpf-pid----4716----pid-3323
---ebpf-pid----6671----pid-1
---ebpf-pid----4716----pid-1
---ebpf-pid----6671----pid-6671
---ebpf-pid----4716----pid-4716
---ebpf-pid----2029----pid-1
---ebpf-pid----4716----pid-3323
---ebpf-pid----6671----pid-5476
---ebpf-pid----2029----pid-2029
---ebpf-pid----4716----pid-1
---ebpf-pid----6671----pid-1
---ebpf-pid----4716----pid-4716
---ebpf-pid----2029----pid-1
---ebpf-pid----6671----pid-6671
---ebpf-pid----2029----pid-2029
---ebpf-pid----4716----pid-3323
---ebpf-pid----6671----pid-5476
---ebpf-pid----2029----pid-1
---ebpf-pid----2029----pid-2029
---ebpf-pid----4716----pid-1
---ebpf-pid----6671----pid-1
---ebpf-pid----4716----pid-4716
---ebpf-pid----5707----pid-5707
---ebpf-pid----2029----pid-1
---ebpf-pid----4716----pid-3323
---ebpf-pid----2029----pid-2029
---ebpf-pid----5707----pid-5476
---ebpf-pid----4716----pid-1
---ebpf-pid----2029----pid-1
---ebpf-pid----5707----pid-1
---ebpf-pid----4716----pid-4716
---ebpf-pid----2029----pid-2029
---ebpf-pid----5707----pid-5707
---ebpf-pid----4716----pid-3323
---ebpf-pid----2029----pid-1
---ebpf-pid----5707----pid-5476
---ebpf-pid----2029----pid-2029
---ebpf-pid----4716----pid-1
---ebpf-pid----448784----pid-448784
---ebpf-pid----2029----pid-1
---ebpf-pid----5707----pid-1
---ebpf-pid----5707----pid-5707
---ebpf-pid----2029----pid-2029
---ebpf-pid----448784----pid-448520
---ebpf-pid----5707----pid-5476
---ebpf-pid----2029----pid-1
---ebpf-pid----448784----pid-1
---ebpf-pid----5707----pid-1
---ebpf-pid----2029----pid-2029
---ebpf-pid----448784----pid-448784
---ebpf-pid----5707----pid-5707
---ebpf-pid----2029----pid-1
---ebpf-pid----448784----pid-448520
---ebpf-pid----5707----pid-5476
---ebpf-pid----2029----pid-2029
---ebpf-pid----448784----pid-1
---ebpf-pid----2029----pid-1
---ebpf-pid----448784----pid-448784
---ebpf-pid----5707----pid-1
---ebpf-pid----2029----pid-2029
---ebpf-pid----5707----pid-5707
---ebpf-pid----448784----pid-448520
---ebpf-pid----2029----pid-1
---ebpf-pid----5707----pid-5476
---ebpf-pid----2029----pid-2029
---ebpf-pid----448784----pid-1
---ebpf-pid----448784----pid-448784
---ebpf-pid----5707----pid-1
---ebpf-pid----2029----pid-1
---ebpf-pid----5707----pid-5707
---ebpf-pid----379067----pid-379067
---ebpf-pid----448784----pid-448520
---ebpf-pid----5707----pid-5476
---ebpf-pid----379067----pid-5476
---ebpf-pid----448784----pid-1
---ebpf-pid----448784----pid-448784
---ebpf-pid----5707----pid-1
---ebpf-pid----379067----pid-1
---ebpf-pid----5707----pid-5707
---ebpf-pid----448784----pid-448520
---ebpf-pid----5707----pid-5476
---ebpf-pid----448784----pid-1
---ebpf-pid----448784----pid-448784
---ebpf-pid----5707----pid-1
---ebpf-pid----5707----pid-5707
---ebpf-pid----448784----pid-448520
---ebpf-pid----5707----pid-5476
---ebpf-pid----448784----pid-1
---ebpf-pid----448784----pid-448784
---ebpf-pid----5707----pid-1
---ebpf-pid----5707----pid-5707
---ebpf-pid----448784----pid-448520
---ebpf-pid----5707----pid-5476
---ebpf-pid----448784----pid-1
---ebpf-pid----448784----pid-448784
---ebpf-pid----5707----pid-1
---ebpf-pid----6671----pid-6671
---ebpf-pid----448784----pid-448520
---ebpf-pid----6671----pid-5476
---ebpf-pid----448784----pid-1
---ebpf-pid----6671----pid-1
---ebpf-pid----448784----pid-448784
---ebpf-pid----5707----pid-5707
---ebpf-pid----448784----pid-448520
---ebpf-pid----5707----pid-5476
---ebpf-pid----5707----pid-1
---ebpf-pid----448784----pid-1
---ebpf-pid----5707----pid-5707
---ebpf-pid----448784----pid-448784
---ebpf-pid----5707----pid-5476
---ebpf-pid----448784----pid-448520
---ebpf-pid----5707----pid-1
---ebpf-pid----448784----pid-1
---ebpf-pid----5707----pid-5707
---ebpf-pid----448784----pid-448784
---ebpf-pid----5707----pid-5476
---ebpf-pid----448784----pid-448520
---ebpf-pid----5707----pid-1
---ebpf-pid----5707----pid-5707
---ebpf-pid----448784----pid-1
---ebpf-pid----448784----pid-448784
---ebpf-pid----448784----pid-448520
---ebpf-pid----5707----pid-5476
---ebpf-pid----448784----pid-1
---ebpf-pid----448784----pid-448784
---ebpf-pid----5707----pid-1
---ebpf-pid----5707----pid-5707
---ebpf-pid----448784----pid-448520
---ebpf-pid----5707----pid-5476
---ebpf-pid----2029----pid-1
---ebpf-pid----5707----pid-1
---ebpf-pid----6671----pid-6671
---ebpf-pid----379067----pid-379067
---ebpf-pid----6671----pid-5476
---ebpf-pid----379067----pid-5476
---ebpf-pid----6671----pid-1
---ebpf-pid----379067----pid-1
---ebpf-pid----6671----pid-6671
---ebpf-pid----379067----pid-379067
---ebpf-pid----379067----pid-5476
---ebpf-pid----6671----pid-5476
---ebpf-pid----379067----pid-1
---ebpf-pid----6671----pid-1
---ebpf-pid----379067----pid-379067
---ebpf-pid----6671----pid-6671
---ebpf-pid----379067----pid-5476
---ebpf-pid----6671----pid-5476
---ebpf-pid----379067----pid-1
---ebpf-pid----6671----pid-1
---ebpf-pid----2089----pid-2089
---ebpf-pid----2088----pid-2088
---ebpf-pid----2089----pid-1
---ebpf-pid----2088----pid-1
---ebpf-pid----2089----pid-2089
---ebpf-pid----2088----pid-2088
---ebpf-pid----2088----pid-1
---ebpf-pid----2089----pid-1
---ebpf-pid----2088----pid-2088
---ebpf-pid----379067----pid-379067
---ebpf-pid----2088----pid-1
---ebpf-pid----379067----pid-5476
---ebpf-pid----2088----pid-2088
---ebpf-pid----379067----pid-1
---ebpf-pid----2088----pid-1
---ebpf-pid----379067----pid-379067
---ebpf-pid----2088----pid-2088
---ebpf-pid----379067----pid-5476
---ebpf-pid----2088----pid-1
---ebpf-pid----2088----pid-2088
---ebpf-pid----379067----pid-1
---ebpf-pid----379067----pid-379067
---ebpf-pid----2088----pid-1
---ebpf-pid----379067----pid-5476
---ebpf-pid----2088----pid-2088
---ebpf-pid----379067----pid-1
---ebpf-pid----2088----pid-1
---ebpf-pid----379067----pid-379067
---ebpf-pid----2088----pid-2088
---ebpf-pid----379067----pid-5476
---ebpf-pid----2088----pid-1
---ebpf-pid----2088----pid-2088
---ebpf-pid----379067----pid-1
---ebpf-pid----379067----pid-379067
---ebpf-pid----2088----pid-1
---ebpf-pid----2088----pid-2088
---ebpf-pid----379067----pid-5476
---ebpf-pid----2088----pid-1
---ebpf-pid----379067----pid-1
---ebpf-pid----2088----pid-2088
---ebpf-pid----5707----pid-5707
---ebpf-pid----2088----pid-1
---ebpf-pid----5707----pid-5476
---ebpf-pid----2088----pid-2088
---ebpf-pid----5707----pid-1
---ebpf-pid----2088----pid-1
---ebpf-pid----5707----pid-5707
---ebpf-pid----2088----pid-2088
---ebpf-pid----5707----pid-5476
---ebpf-pid----2088----pid-1
---ebpf-pid----2088----pid-2088
---ebpf-pid----5707----pid-1
---ebpf-pid----2029----pid-2029
---ebpf-pid----2088----pid-1
---ebpf-pid----2088----pid-2088
---ebpf-pid----2029----pid-1
---ebpf-pid----2029----pid-2029
---ebpf-pid----2088----pid-1
---ebpf-pid----2029----pid-1
---ebpf-pid----2088----pid-2088
---ebpf-pid----2029----pid-2029
---ebpf-pid----2088----pid-1
---ebpf-pid----2029----pid-1
---ebpf-pid----2029----pid-2029
---ebpf-pid----2029----pid-1
---ebpf-pid----2029----pid-2029
---ebpf-pid----448784----pid-1
---ebpf-pid----2029----pid-1
---ebpf-pid----4716----pid-4716
---ebpf-pid----2029----pid-2029
---ebpf-pid----4716----pid-3323
---ebpf-pid----2029----pid-1
---ebpf-pid----2029----pid-2029
---ebpf-pid----4716----pid-1
---ebpf-pid----2029----pid-1
---ebpf-pid----4716----pid-4716
---ebpf-pid----2029----pid-2029
---ebpf-pid----4716----pid-3323
---ebpf-pid----2029----pid-1
---ebpf-pid----2029----pid-2029
---ebpf-pid----4716----pid-1
---ebpf-pid----4716----pid-4716
---ebpf-pid----379067----pid-379067
---ebpf-pid----2029----pid-1
---ebpf-pid----2029----pid-2029
---ebpf-pid----4716----pid-3323
---ebpf-pid----379067----pid-5476
---ebpf-pid----2029----pid-1
---ebpf-pid----4716----pid-1
---ebpf-pid----379067----pid-1
---ebpf-pid----2029----pid-2029
---ebpf-pid----4716----pid-4716
---ebpf-pid----379067----pid-379067
---ebpf-pid----4716----pid-3323
---ebpf-pid----379067----pid-5476
---ebpf-pid----2029----pid-1
---ebpf-pid----4716----pid-1
---ebpf-pid----2029----pid-2029
---ebpf-pid----448784----pid-448784
---ebpf-pid----448784----pid-448520
---ebpf-pid----2029----pid-1
---ebpf-pid----2029----pid-2029
---ebpf-pid----448784----pid-1
---ebpf-pid----448784----pid-448784
---ebpf-pid----2029----pid-1
---ebpf-pid----2029----pid-2029
---ebpf-pid----448784----pid-448520
---ebpf-pid----2029----pid-1
---ebpf-pid----2029----pid-2029
---ebpf-pid----379067----pid-1
---ebpf-pid----379067----pid-379067
---ebpf-pid----2029----pid-1
---ebpf-pid----448784----pid-1
---ebpf-pid----2029----pid-2029
---ebpf-pid----448784----pid-448784
---ebpf-pid----379067----pid-5476
---ebpf-pid----2029----pid-1
---ebpf-pid----448784----pid-448520
---ebpf-pid----379067----pid-1
---ebpf-pid----2029----pid-2029
---ebpf-pid----448784----pid-1
---ebpf-pid----377755----pid-377755
---ebpf-pid----2029----pid-1
---ebpf-pid----2029----pid-2029
---ebpf-pid----377755----pid-1
---ebpf-pid----2029----pid-1
---ebpf-pid----377755----pid-377755
---ebpf-pid----2029----pid-2029
---ebpf-pid----2029----pid-1
---ebpf-pid----377755----pid-1
---ebpf-pid----5705----pid-5705
---ebpf-pid----377755----pid-377755
---ebpf-pid----5705----pid-5476
---ebpf-pid----377755----pid-1
---ebpf-pid----4716----pid-4716
---ebpf-pid----5705----pid-1
---ebpf-pid----5705----pid-5705
---ebpf-pid----4716----pid-3323
---ebpf-pid----5705----pid-5476
---ebpf-pid----4716----pid-1
---ebpf-pid----4716----pid-4716
---ebpf-pid----5705----pid-1
---ebpf-pid----5705----pid-5705
---ebpf-pid----4716----pid-3323
---ebpf-pid----4716----pid-1
---ebpf-pid----4716----pid-4716
---ebpf-pid----5705----pid-5476
---ebpf-pid----4716----pid-3323
---ebpf-pid----5705----pid-1
---ebpf-pid----5705----pid-5705
---ebpf-pid----5705----pid-5476
---ebpf-pid----5705----pid-1
---ebpf-pid----5705----pid-5705
---ebpf-pid----2088----pid-2088
---ebpf-pid----5705----pid-5476
---ebpf-pid----5705----pid-1
---ebpf-pid----2088----pid-1
---ebpf-pid----5705----pid-5705
---ebpf-pid----2088----pid-2088
---ebpf-pid----5705----pid-5476
---ebpf-pid----5705----pid-1
---ebpf-pid----5705----pid-5705
---ebpf-pid----4716----pid-1
---ebpf-pid----4716----pid-4716
---ebpf-pid----5705----pid-5476
---ebpf-pid----5705----pid-1
---ebpf-pid----4716----pid-3323
---ebpf-pid----5705----pid-5705
---ebpf-pid----4716----pid-1
---ebpf-pid----5705----pid-5476
---ebpf-pid----4716----pid-4716
---ebpf-pid----5705----pid-1
---ebpf-pid----5705----pid-5705
---ebpf-pid----4716----pid-3323
---ebpf-pid----4716----pid-1
---ebpf-pid----2088----pid-1
---ebpf-pid----4716----pid-4716
---ebpf-pid----2088----pid-2088
---ebpf-pid----4716----pid-3323
---ebpf-pid----2088----pid-1
---ebpf-pid----372881----pid-372881
---ebpf-pid----4716----pid-1
---ebpf-pid----4716----pid-4716
---ebpf-pid----372881----pid-1
---ebpf-pid----372881----pid-372881
---ebpf-pid----372881----pid-1
---ebpf-pid----4716----pid-3323
---ebpf-pid----372881----pid-372881
---ebpf-pid----4716----pid-1
---ebpf-pid----372881----pid-1
---ebpf-pid----4716----pid-4716
---ebpf-pid----372881----pid-372881
---ebpf-pid----372881----pid-1
---ebpf-pid----4716----pid-3323
---ebpf-pid----372881----pid-372881
---ebpf-pid----4716----pid-1
---ebpf-pid----372881----pid-1
---ebpf-pid----4716----pid-4716
---ebpf-pid----372881----pid-372881
---ebpf-pid----4716----pid-3323
---ebpf-pid----372881----pid-1
---ebpf-pid----372881----pid-372881
---ebpf-pid----4716----pid-1
---ebpf-pid----4716----pid-4716
---ebpf-pid----372881----pid-1
---ebpf-pid----372881----pid-372881
---ebpf-pid----372881----pid-1
---ebpf-pid----4716----pid-3323
---ebpf-pid----4716----pid-1
---ebpf-pid----372881----pid-372881
---ebpf-pid----4716----pid-4716
---ebpf-pid----372881----pid-1
---ebpf-pid----2094----pid-2094
---ebpf-pid----4716----pid-3323
---ebpf-pid----2094----pid-1
---ebpf-pid----4716----pid-1
---ebpf-pid----2029----pid-2029
---ebpf-pid----4716----pid-4716
---ebpf-pid----2029----pid-1
---ebpf-pid----4716----pid-3323
---ebpf-pid----2029----pid-2029
---ebpf-pid----4716----pid-1
---ebpf-pid----2029----pid-1
---ebpf-pid----4716----pid-4716
---ebpf-pid----2029----pid-2029
---ebpf-pid----4716----pid-3323
---ebpf-pid----2029----pid-1
---ebpf-pid----2029----pid-2029
---ebpf-pid----4716----pid-1
---ebpf-pid----2029----pid-1
---ebpf-pid----2029----pid-2029
---ebpf-pid----2029----pid-1
---ebpf-pid----2029----pid-2029
---ebpf-pid----2029----pid-1
---ebpf-pid----2029----pid-2029
---ebpf-pid----2029----pid-1
---ebpf-pid----2029----pid-2029
---ebpf-pid----2029----pid-1
---ebpf-pid----2029----pid-2029
---ebpf-pid----2029----pid-1
---ebpf-pid----2029----pid-2029
---ebpf-pid----2029----pid-1
---ebpf-pid----2029----pid-2029
---ebpf-pid----2029----pid-1
---ebpf-pid----2029----pid-2029
---ebpf-pid----2029----pid-1
---ebpf-pid----2088----pid-2088
---ebpf-pid----2088----pid-1
---ebpf-pid----2088----pid-2088
---ebpf-pid----2088----pid-1
---ebpf-pid----2088----pid-2088
---ebpf-pid----2088----pid-1
---ebpf-pid----2088----pid-2088
---ebpf-pid----2088----pid-1
---ebpf-pid----2088----pid-2088
---ebpf-pid----2088----pid-1
---ebpf-pid----2088----pid-2088
---ebpf-pid----2088----pid-1
---ebpf-pid----5705----pid-5476
---ebpf-pid----5705----pid-1
---ebpf-pid----372881----pid-372881
---ebpf-pid----372881----pid-1
---ebpf-pid----372881----pid-372881
---ebpf-pid----372881----pid-1
---ebpf-pid----372881----pid-372881
---ebpf-pid----372881----pid-1
---ebpf-pid----372881----pid-372881
---ebpf-pid----372881----pid-1
---ebpf-pid----372881----pid-372881
---ebpf-pid----372881----pid-1
---ebpf-pid----372881----pid-372881
---ebpf-pid----372881----pid-1
---ebpf-pid----372881----pid-372881
---ebpf-pid----372881----pid-1
---ebpf-pid----372881----pid-372881
---ebpf-pid----372881----pid-1
---ebpf-pid----372881----pid-372881
---ebpf-pid----372881----pid-1
---ebpf-pid----372881----pid-372881
---ebpf-pid----372881----pid-1
---ebpf-pid----372881----pid-372881
---ebpf-pid----372881----pid-1
---ebpf-pid----372881----pid-372881
---ebpf-pid----372881----pid-1
---ebpf-pid----372881----pid-372881
---ebpf-pid----372881----pid-1
---ebpf-pid----372881----pid-372881
---ebpf-pid----372881----pid-1
---ebpf-pid----372881----pid-372881
---ebpf-pid----372881----pid-1
---ebpf-pid----372881----pid-372881
---ebpf-pid----372881----pid-1
---ebpf-pid----372881----pid-372881
---ebpf-pid----372881----pid-1
---ebpf-pid----372881----pid-372881
---ebpf-pid----372881----pid-1
---ebpf-pid----2089----pid-2089
---ebpf-pid----2089----pid-1
---ebpf-pid----2089----pid-2089
---ebpf-pid----2089----pid-1
---ebpf-pid----2089----pid-2089
---ebpf-pid----2089----pid-1
---ebpf-pid----2089----pid-2089
---ebpf-pid----2089----pid-1
---ebpf-pid----2089----pid-2089
---ebpf-pid----2089----pid-1
---ebpf-pid----2089----pid-2089
---ebpf-pid----2089----pid-1
---ebpf-pid----2089----pid-2089
---ebpf-pid----2089----pid-1
---ebpf-pid----2089----pid-2089
---ebpf-pid----2089----pid-1
---ebpf-pid----2089----pid-2089
---ebpf-pid----2089----pid-1
---ebpf-pid----2089----pid-2089
---ebpf-pid----2089----pid-1
---ebpf-pid----2089----pid-2089
---ebpf-pid----2089----pid-1
---ebpf-pid----2089----pid-2089
---ebpf-pid----2089----pid-1
---ebpf-pid----2089----pid-2089
---ebpf-pid----2089----pid-1
---ebpf-pid----2089----pid-2089
---ebpf-pid----2089----pid-1
---ebpf-pid----2089----pid-2089
---ebpf-pid----2089----pid-1
---ebpf-pid----2089----pid-2089
---ebpf-pid----2089----pid-1
---ebpf-pid----2089----pid-2089
---ebpf-pid----2089----pid-1
---ebpf-pid----2089----pid-2089
---ebpf-pid----2089----pid-1
---ebpf-pid----2089----pid-2089
---ebpf-pid----2089----pid-1
---ebpf-pid----2089----pid-2089
---ebpf-pid----2089----pid-1
---ebpf-pid----2089----pid-2089
---ebpf-pid----2089----pid-1
---ebpf-pid----2089----pid-2089
---ebpf-pid----2089----pid-1
---ebpf-pid----2089----pid-2089
---ebpf-pid----2089----pid-1
---ebpf-pid----2089----pid-2089
---ebpf-pid----2089----pid-1
---ebpf-pid----2089----pid-2089
---ebpf-pid----2089----pid-1
---ebpf-pid----2089----pid-2089
---ebpf-pid----2089----pid-1
---ebpf-pid----2089----pid-2089
---ebpf-pid----2089----pid-1
---ebpf-pid----2089----pid-2089
---ebpf-pid----2089----pid-1
---ebpf-pid----2089----pid-2089
---ebpf-pid----2089----pid-1
---ebpf-pid----2089----pid-2089
---ebpf-pid----2089----pid-1
---ebpf-pid----2089----pid-2089
---ebpf-pid----2089----pid-1
---ebpf-pid----2089----pid-2089
---ebpf-pid----2089----pid-1
---ebpf-pid----2089----pid-2089
---ebpf-pid----2089----pid-1
---ebpf-pid----2089----pid-2089
---ebpf-pid----2089----pid-1
---ebpf-pid----2089----pid-2089
---ebpf-pid----2089----pid-1
---ebpf-pid----2089----pid-2089
---ebpf-pid----2089----pid-1
---ebpf-pid----2089----pid-2089
---ebpf-pid----2089----pid-1
---ebpf-pid----2089----pid-2089
---ebpf-pid----2089----pid-1
---ebpf-pid----2089----pid-2089
---ebpf-pid----2089----pid-1
---ebpf-pid----2089----pid-2089
---ebpf-pid----2089----pid-1
---ebpf-pid----2089----pid-2089
---ebpf-pid----2089----pid-1
---ebpf-pid----2089----pid-2089
---ebpf-pid----4716----pid-4716
---ebpf-pid----4716----pid-3323
---ebpf-pid----4716----pid-1
---ebpf-pid----4716----pid-4716
---ebpf-pid----4716----pid-3323
---ebpf-pid----4716----pid-1
---ebpf-pid----448783----pid-448783
---ebpf-pid----448783----pid-448520
---ebpf-pid----448783----pid-1
---ebpf-pid----4716----pid-4716
---ebpf-pid----4716----pid-3323
---ebpf-pid----4716----pid-1
---ebpf-pid----2088----pid-2088
---ebpf-pid----4716----pid-4716
---ebpf-pid----2088----pid-1
---ebpf-pid----4716----pid-3323
---ebpf-pid----2088----pid-2088
---ebpf-pid----4716----pid-1
---ebpf-pid----4716----pid-4716
---ebpf-pid----2088----pid-1
---ebpf-pid----2088----pid-2088
---ebpf-pid----4716----pid-3323
---ebpf-pid----2088----pid-1
---ebpf-pid----4716----pid-1
---ebpf-pid----2088----pid-2088
---ebpf-pid----4716----pid-4716
---ebpf-pid----4716----pid-3323
---ebpf-pid----2088----pid-1
---ebpf-pid----2088----pid-2088
---ebpf-pid----4716----pid-1
---ebpf-pid----448784----pid-448784
---ebpf-pid----2088----pid-1
---ebpf-pid----2088----pid-2088
---ebpf-pid----448784----pid-448520
---ebpf-pid----2088----pid-1
---ebpf-pid----448784----pid-1
---ebpf-pid----2088----pid-2088
---ebpf-pid----448784----pid-448784
---ebpf-pid----2088----pid-1
---ebpf-pid----448784----pid-448520
---ebpf-pid----2088----pid-2088
---ebpf-pid----448784----pid-1
---ebpf-pid----448784----pid-448784
---ebpf-pid----2088----pid-1
---ebpf-pid----2088----pid-2088
---ebpf-pid----448784----pid-448520
---ebpf-pid----448784----pid-1
---ebpf-pid----4716----pid-4716
---ebpf-pid----4716----pid-3323
---ebpf-pid----2088----pid-1
---ebpf-pid----2088----pid-2088
---ebpf-pid----4716----pid-1
---ebpf-pid----4716----pid-4716
---ebpf-pid----2088----pid-1
---ebpf-pid----2088----pid-2088
---ebpf-pid----4716----pid-3323
---ebpf-pid----4716----pid-1
---ebpf-pid----2088----pid-1
---ebpf-pid----4716----pid-4716
---ebpf-pid----2088----pid-2088
---ebpf-pid----4716----pid-3323
---ebpf-pid----2088----pid-1
---ebpf-pid----2088----pid-2088
---ebpf-pid----4716----pid-1
---ebpf-pid----448783----pid-448783
---ebpf-pid----2088----pid-1
---ebpf-pid----2088----pid-2088
---ebpf-pid----448783----pid-448520
---ebpf-pid----448783----pid-1
---ebpf-pid----2088----pid-1
---ebpf-pid----448783----pid-448783
---ebpf-pid----2088----pid-2088
---ebpf-pid----2088----pid-1
---ebpf-pid----2088----pid-2088
---ebpf-pid----2088----pid-1
---ebpf-pid----2088----pid-2088
---ebpf-pid----2088----pid-1
---ebpf-pid----2088----pid-2088
---ebpf-pid----2088----pid-1
---ebpf-pid----2088----pid-2088
---ebpf-pid----2088----pid-1
---ebpf-pid----2088----pid-2088
---ebpf-pid----2088----pid-1
---ebpf-pid----2088----pid-2088
---ebpf-pid----2088----pid-1
---ebpf-pid----2088----pid-2088
---ebpf-pid----2088----pid-1
---ebpf-pid----2088----pid-2088
---ebpf-pid----2088----pid-1
---ebpf-pid----2088----pid-2088
---ebpf-pid----2088----pid-1
---ebpf-pid----2088----pid-2088
---ebpf-pid----2088----pid-1
---ebpf-pid----2088----pid-2088
---ebpf-pid----2088----pid-1
---ebpf-pid----5707----pid-5707
---ebpf-pid----5707----pid-5476
---ebpf-pid----5707----pid-1
---ebpf-pid----5707----pid-5707
---ebpf-pid----5707----pid-5476
---ebpf-pid----5707----pid-1
---ebpf-pid----5707----pid-5707
---ebpf-pid----5707----pid-5476
---ebpf-pid----5707----pid-1
---ebpf-pid----5707----pid-5707
---ebpf-pid----5707----pid-5476
---ebpf-pid----5707----pid-1
---ebpf-pid----5707----pid-5707
---ebpf-pid----5707----pid-5476
---ebpf-pid----5707----pid-1
---ebpf-pid----5707----pid-5707
---ebpf-pid----5707----pid-5476
---ebpf-pid----5707----pid-1
---ebpf-pid----5707----pid-5707
---ebpf-pid----5707----pid-5476
---ebpf-pid----5707----pid-1
---ebpf-pid----5707----pid-5707
---ebpf-pid----5707----pid-5476
---ebpf-pid----5707----pid-1
---ebpf-pid----5707----pid-5707
---ebpf-pid----5707----pid-5476
---ebpf-pid----5707----pid-1
---ebpf-pid----372714----pid-372714
---ebpf-pid----372714----pid-5476
---ebpf-pid----372714----pid-1
---ebpf-pid----372714----pid-372714
---ebpf-pid----372714----pid-5476
---ebpf-pid----372714----pid-1
---ebpf-pid----372714----pid-372714
---ebpf-pid----372714----pid-5476
---ebpf-pid----372714----pid-1
---ebpf-pid----2089----pid-2089
---ebpf-pid----2089----pid-1
---ebpf-pid----2089----pid-2089
---ebpf-pid----2089----pid-1
---ebpf-pid----2089----pid-2089
---ebpf-pid----2089----pid-1
---ebpf-pid----2089----pid-2089
---ebpf-pid----2089----pid-1
---ebpf-pid----2089----pid-2089
---ebpf-pid----2089----pid-1
---ebpf-pid----2089----pid-2089
---ebpf-pid----2089----pid-1
---ebpf-pid----372714----pid-372714
---ebpf-pid----372714----pid-5476
---ebpf-pid----372714----pid-1
---ebpf-pid----372714----pid-372714
---ebpf-pid----372714----pid-5476
---ebpf-pid----372714----pid-1
---ebpf-pid----372714----pid-372714
---ebpf-pid----372714----pid-5476
---ebpf-pid----372714----pid-1
---ebpf-pid----372714----pid-372714
---ebpf-pid----372714----pid-5476
---ebpf-pid----372714----pid-1
---ebpf-pid----372714----pid-372714
---ebpf-pid----372714----pid-5476
---ebpf-pid----372714----pid-1
---ebpf-pid----2089----pid-2089
---ebpf-pid----2089----pid-1
---ebpf-pid----2089----pid-2089
---ebpf-pid----2089----pid-1
---ebpf-pid----2089----pid-2089
---ebpf-pid----2089----pid-1
---ebpf-pid----2089----pid-2089
---ebpf-pid----2089----pid-1
---ebpf-pid----2089----pid-2089
---ebpf-pid----2089----pid-1
---ebpf-pid----2089----pid-2089
---ebpf-pid----2089----pid-1
---ebpf-pid----2089----pid-2089
---ebpf-pid----2089----pid-1
---ebpf-pid----2089----pid-2089
---ebpf-pid----2089----pid-1
---ebpf-pid----2089----pid-2089
---ebpf-pid----448783----pid-448520
---ebpf-pid----448783----pid-1
---ebpf-pid----448783----pid-448783
---ebpf-pid----448783----pid-448520
---ebpf-pid----448783----pid-1
---ebpf-pid----448783----pid-448783
---ebpf-pid----448783----pid-448520
---ebpf-pid----448783----pid-1
---ebpf-pid----2089----pid-1
---ebpf-pid----2089----pid-2089
---ebpf-pid----2089----pid-1
---ebpf-pid----2089----pid-2089
---ebpf-pid----2089----pid-1
---ebpf-pid----2089----pid-2089
---ebpf-pid----2089----pid-1
---ebpf-pid----2089----pid-2089
---ebpf-pid----2089----pid-1
---ebpf-pid----2089----pid-2089
---ebpf-pid----2089----pid-1
---ebpf-pid----2089----pid-2089
---ebpf-pid----2089----pid-1
---ebpf-pid----2089----pid-2089
---ebpf-pid----2089----pid-1
---ebpf-pid----2089----pid-2089
---ebpf-pid----2089----pid-1
---ebpf-pid----372714----pid-372714
---ebpf-pid----372714----pid-5476
---ebpf-pid----372714----pid-1
---ebpf-pid----372714----pid-372714
---ebpf-pid----372714----pid-5476
---ebpf-pid----372714----pid-1
---ebpf-pid----372714----pid-372714
---ebpf-pid----372714----pid-5476
---ebpf-pid----372714----pid-1
---ebpf-pid----2089----pid-2089
---ebpf-pid----2089----pid-1
---ebpf-pid----372714----pid-372714
---ebpf-pid----372714----pid-5476
---ebpf-pid----372714----pid-1
---ebpf-pid----372714----pid-372714
---ebpf-pid----4716----pid-4716
---ebpf-pid----372714----pid-5476
---ebpf-pid----372714----pid-1
---ebpf-pid----2089----pid-2089
---ebpf-pid----2089----pid-1
---ebpf-pid----2089----pid-2089
---ebpf-pid----2089----pid-1
---ebpf-pid----2089----pid-2089
---ebpf-pid----4716----pid-3323
---ebpf-pid----4716----pid-1
---ebpf-pid----4716----pid-4716
---ebpf-pid----4716----pid-3323
---ebpf-pid----4716----pid-1
---ebpf-pid----448783----pid-448783
---ebpf-pid----448783----pid-448520
---ebpf-pid----448783----pid-1
---ebpf-pid----448783----pid-448783
---ebpf-pid----448783----pid-448520
---ebpf-pid----448783----pid-1
Failed to get process information for PID 0
Failed to get process information for PID 0
---ebpf-pid----448785----pid-448785
---ebpf-pid----448785----pid-448520
---ebpf-pid----448785----pid-1
---ebpf-pid----448785----pid-448785
---ebpf-pid----2089----pid-1
---ebpf-pid----2089----pid-2089
---ebpf-pid----2089----pid-1
---ebpf-pid----2089----pid-2089
---ebpf-pid----2089----pid-1
---ebpf-pid----2089----pid-2089
---ebpf-pid----2089----pid-1
---ebpf-pid----2089----pid-2089
---ebpf-pid----2089----pid-1
---ebpf-pid----2089----pid-2089
---ebpf-pid----2089----pid-1
---ebpf-pid----2089----pid-2089
---ebpf-pid----2089----pid-1
---ebpf-pid----2089----pid-2089
---ebpf-pid----2089----pid-1
---ebpf-pid----2089----pid-2089
---ebpf-pid----2089----pid-1
---ebpf-pid----2089----pid-2089
---ebpf-pid----2089----pid-1
---ebpf-pid----2089----pid-2089
---ebpf-pid----2089----pid-1
---ebpf-pid----2089----pid-2089
---ebpf-pid----2089----pid-1
---ebpf-pid----2089----pid-2089
---ebpf-pid----448785----pid-448520
---ebpf-pid----448785----pid-1
---ebpf-pid----448785----pid-448785
---ebpf-pid----448785----pid-448520
---ebpf-pid----448785----pid-1
---ebpf-pid----448785----pid-448785
---ebpf-pid----448785----pid-448520
---ebpf-pid----448785----pid-1
---ebpf-pid----448784----pid-448784
---ebpf-pid----448784----pid-448520
---ebpf-pid----448784----pid-1
---ebpf-pid----448784----pid-448784
---ebpf-pid----448784----pid-448520
---ebpf-pid----448784----pid-1
---ebpf-pid----448783----pid-448783
---ebpf-pid----448783----pid-448520
---ebpf-pid----448783----pid-1
---ebpf-pid----448783----pid-448783
---ebpf-pid----448783----pid-448520
---ebpf-pid----448783----pid-1
---ebpf-pid----448783----pid-448783
---ebpf-pid----448783----pid-448520
---ebpf-pid----448783----pid-1
---ebpf-pid----448782----pid-448782
---ebpf-pid----448782----pid-448520
---ebpf-pid----2089----pid-1
---ebpf-pid----448782----pid-1
---ebpf-pid----2089----pid-2089
---ebpf-pid----448782----pid-448782
---ebpf-pid----448782----pid-448520
---ebpf-pid----2089----pid-1
---ebpf-pid----2089----pid-2089
---ebpf-pid----448782----pid-1
---ebpf-pid----448782----pid-448782
---ebpf-pid----2089----pid-1
---ebpf-pid----2089----pid-2089
---ebpf-pid----448782----pid-448520
---ebpf-pid----2089----pid-1
---ebpf-pid----448782----pid-1
---ebpf-pid----2089----pid-2089
---ebpf-pid----448782----pid-448782
---ebpf-pid----448782----pid-448520
---ebpf-pid----2089----pid-1
---ebpf-pid----2089----pid-1
---ebpf-pid----2089----pid-2089
---ebpf-pid----2089----pid-2089
---ebpf-pid----448782----pid-1
---ebpf-pid----2089----pid-1
---ebpf-pid----448782----pid-448782
---ebpf-pid----2089----pid-1
---ebpf-pid----2089----pid-2089
---ebpf-pid----2089----pid-2089
---ebpf-pid----448782----pid-448520
---ebpf-pid----2089----pid-1
---ebpf-pid----2089----pid-1
---ebpf-pid----2089----pid-2089
---ebpf-pid----2088----pid-2088
---ebpf-pid----448782----pid-1
---ebpf-pid----2089----pid-1
---ebpf-pid----448782----pid-448782
---ebpf-pid----2088----pid-1
---ebpf-pid----2089----pid-2089
---ebpf-pid----2088----pid-2088
---ebpf-pid----448782----pid-448520
---ebpf-pid----2089----pid-1
---ebpf-pid----2089----pid-2089
---ebpf-pid----2088----pid-1
---ebpf-pid----448782----pid-1
---ebpf-pid----2088----pid-2088
---ebpf-pid----2089----pid-1
---ebpf-pid----448783----pid-448783
---ebpf-pid----2089----pid-2089
---ebpf-pid----2088----pid-1
---ebpf-pid----448783----pid-448520
---ebpf-pid----2088----pid-2088
---ebpf-pid----2089----pid-1
---ebpf-pid----2089----pid-2089
---ebpf-pid----448783----pid-1
---ebpf-pid----2088----pid-1
---ebpf-pid----448783----pid-448783
---ebpf-pid----2089----pid-1
---ebpf-pid----2088----pid-2088
---ebpf-pid----2089----pid-2089
---ebpf-pid----448783----pid-448520
---ebpf-pid----2088----pid-1
---ebpf-pid----2089----pid-1
---ebpf-pid----2089----pid-2089
---ebpf-pid----2088----pid-2088
---ebpf-pid----448783----pid-1
---ebpf-pid----448783----pid-448783
---ebpf-pid----2089----pid-1
---ebpf-pid----2088----pid-1
---ebpf-pid----2089----pid-2089
---ebpf-pid----2088----pid-2088
---ebpf-pid----448783----pid-448520
---ebpf-pid----2089----pid-1
---ebpf-pid----2089----pid-2089
---ebpf-pid----2088----pid-1
---ebpf-pid----448783----pid-1
---ebpf-pid----2088----pid-2088
---ebpf-pid----2089----pid-1
---ebpf-pid----448783----pid-448783
---ebpf-pid----2089----pid-2089
---ebpf-pid----2088----pid-1
---ebpf-pid----2088----pid-2088
---ebpf-pid----448783----pid-448520
---ebpf-pid----2089----pid-1
---ebpf-pid----2089----pid-2089
---ebpf-pid----448783----pid-1
---ebpf-pid----2088----pid-1
---ebpf-pid----2089----pid-1
---ebpf-pid----448783----pid-448783
---ebpf-pid----2088----pid-2088
---ebpf-pid----2089----pid-2089
---ebpf-pid----448783----pid-448520
---ebpf-pid----2088----pid-1
---ebpf-pid----448783----pid-1
---ebpf-pid----2088----pid-2088
---ebpf-pid----448783----pid-448783
---ebpf-pid----2088----pid-1
---ebpf-pid----448783----pid-448520
---ebpf-pid----448783----pid-1
---ebpf-pid----448783----pid-448783
---ebpf-pid----2088----pid-2088
---ebpf-pid----2088----pid-1
---ebpf-pid----2088----pid-2088
---ebpf-pid----2088----pid-1
---ebpf-pid----2088----pid-2088
---ebpf-pid----2088----pid-1
---ebpf-pid----2088----pid-2088
---ebpf-pid----2088----pid-1
---ebpf-pid----2088----pid-2088
---ebpf-pid----2088----pid-1
---ebpf-pid----2088----pid-2088
---ebpf-pid----2089----pid-1
---ebpf-pid----2088----pid-1
---ebpf-pid----2089----pid-2089
---ebpf-pid----2089----pid-1
---ebpf-pid----2089----pid-2089
---ebpf-pid----2089----pid-1
---ebpf-pid----2089----pid-2089
---ebpf-pid----2089----pid-1
---ebpf-pid----448783----pid-448520
---ebpf-pid----2089----pid-2089
---ebpf-pid----2089----pid-1
---ebpf-pid----448783----pid-1
---ebpf-pid----2089----pid-2089
---ebpf-pid----448783----pid-448783
---ebpf-pid----2089----pid-1
---ebpf-pid----448783----pid-448520
---ebpf-pid----2089----pid-2089
---ebpf-pid----448783----pid-1
---ebpf-pid----2089----pid-1
---ebpf-pid----2089----pid-2089
---ebpf-pid----448783----pid-448783
---ebpf-pid----2089----pid-1
---ebpf-pid----6671----pid-6671
---ebpf-pid----448783----pid-448520
---ebpf-pid----6671----pid-5476
---ebpf-pid----448783----pid-1
---ebpf-pid----448783----pid-448783
---ebpf-pid----6671----pid-1
---ebpf-pid----2089----pid-2089
---ebpf-pid----448783----pid-448520
---ebpf-pid----2089----pid-1
---ebpf-pid----448783----pid-1
---ebpf-pid----2089----pid-2089
---ebpf-pid----448783----pid-448783
---ebpf-pid----2089----pid-1
---ebpf-pid----448783----pid-448520
---ebpf-pid----2089----pid-2089
---ebpf-pid----448783----pid-1
---ebpf-pid----2089----pid-1
---ebpf-pid----448783----pid-448783
---ebpf-pid----2089----pid-2089
---ebpf-pid----448783----pid-448520
---ebpf-pid----2089----pid-1
---ebpf-pid----2089----pid-2089
---ebpf-pid----448783----pid-1
---ebpf-pid----4716----pid-4716
---ebpf-pid----2089----pid-1
---ebpf-pid----2089----pid-2089
---ebpf-pid----4716----pid-3323
---ebpf-pid----2089----pid-1
---ebpf-pid----2089----pid-2089
---ebpf-pid----2089----pid-1
---ebpf-pid----2089----pid-2089
---ebpf-pid----2088----pid-2088
---ebpf-pid----2089----pid-1
---ebpf-pid----2089----pid-2089
---ebpf-pid----2088----pid-1
---ebpf-pid----2088----pid-2088
---ebpf-pid----2089----pid-1
---ebpf-pid----2089----pid-2089
---ebpf-pid----2088----pid-1
---ebpf-pid----2088----pid-2088
---ebpf-pid----2089----pid-1
---ebpf-pid----2089----pid-2089
---ebpf-pid----2088----pid-1
---ebpf-pid----2088----pid-2088
---ebpf-pid----2089----pid-1
---ebpf-pid----2089----pid-2089
---ebpf-pid----2088----pid-1
---ebpf-pid----2088----pid-2088
---ebpf-pid----2089----pid-1
---ebpf-pid----2089----pid-2089
---ebpf-pid----2088----pid-1
---ebpf-pid----2088----pid-2088
---ebpf-pid----2029----pid-2029
---ebpf-pid----2088----pid-1
---ebpf-pid----2029----pid-1
---ebpf-pid----2088----pid-2088
---ebpf-pid----2029----pid-2029
---ebpf-pid----2029----pid-1
---ebpf-pid----2088----pid-1
---ebpf-pid----2029----pid-2029
---ebpf-pid----2088----pid-2088
---ebpf-pid----2088----pid-1
---ebpf-pid----2029----pid-1
---ebpf-pid----2029----pid-2029
---ebpf-pid----2088----pid-2088
---ebpf-pid----2029----pid-1
---ebpf-pid----2088----pid-1
---ebpf-pid----2029----pid-2029
---ebpf-pid----2088----pid-2088
---ebpf-pid----2029----pid-1
---ebpf-pid----2088----pid-1
---ebpf-pid----372714----pid-372714
---ebpf-pid----2088----pid-2088
---ebpf-pid----372714----pid-5476
---ebpf-pid----2088----pid-1
---ebpf-pid----2088----pid-2088
---ebpf-pid----372714----pid-1
---ebpf-pid----372714----pid-372714
---ebpf-pid----2088----pid-1
---ebpf-pid----2088----pid-2088
---ebpf-pid----372714----pid-5476
---ebpf-pid----2088----pid-1
---ebpf-pid----2088----pid-2088
---ebpf-pid----372714----pid-1
---ebpf-pid----372714----pid-372714
---ebpf-pid----2088----pid-1
---ebpf-pid----372881----pid-372881
---ebpf-pid----372714----pid-5476
---ebpf-pid----372881----pid-1
---ebpf-pid----372714----pid-1
---ebpf-pid----372881----pid-372881
---ebpf-pid----372714----pid-372714
---ebpf-pid----372881----pid-1
---ebpf-pid----372714----pid-5476
---ebpf-pid----372881----pid-372881
---ebpf-pid----372714----pid-1
---ebpf-pid----372881----pid-1
---ebpf-pid----379067----pid-379067
---ebpf-pid----372881----pid-372881
---ebpf-pid----379067----pid-5476
---ebpf-pid----372881----pid-1
---ebpf-pid----372881----pid-372881
---ebpf-pid----379067----pid-1
---ebpf-pid----379067----pid-379067
---ebpf-pid----379067----pid-5476
---ebpf-pid----379067----pid-1
---ebpf-pid----379067----pid-379067
---ebpf-pid----379067----pid-5476
---ebpf-pid----379067----pid-1
---ebpf-pid----379067----pid-379067
---ebpf-pid----4716----pid-1
---ebpf-pid----448783----pid-448783
---ebpf-pid----448783----pid-448520
---ebpf-pid----448783----pid-1
---ebpf-pid----6671----pid-6671
---ebpf-pid----6671----pid-5476
---ebpf-pid----6671----pid-1
---ebpf-pid----6671----pid-6671
---ebpf-pid----379067----pid-5476
---ebpf-pid----6671----pid-5476
---ebpf-pid----379067----pid-1
---ebpf-pid----6671----pid-1
---ebpf-pid----2089----pid-2089
---ebpf-pid----5707----pid-5707
---ebpf-pid----5707----pid-5476
---ebpf-pid----5707----pid-1
---ebpf-pid----5707----pid-5707
---ebpf-pid----5707----pid-5476
---ebpf-pid----2089----pid-1
---ebpf-pid----5707----pid-1
---ebpf-pid----2089----pid-2089
---ebpf-pid----5707----pid-5707
---ebpf-pid----2089----pid-1
---ebpf-pid----5707----pid-5476
---ebpf-pid----2089----pid-2089
---ebpf-pid----5707----pid-1
---ebpf-pid----2089----pid-1
---ebpf-pid----5707----pid-5707
---ebpf-pid----2089----pid-2089
---ebpf-pid----5707----pid-5476
---ebpf-pid----2089----pid-1
---ebpf-pid----2089----pid-2089
---ebpf-pid----5707----pid-1
---ebpf-pid----372881----pid-372881
---ebpf-pid----2089----pid-1
---ebpf-pid----2089----pid-2089
---ebpf-pid----372881----pid-1
---ebpf-pid----372881----pid-372881
---ebpf-pid----2089----pid-1
---ebpf-pid----2089----pid-2089
---ebpf-pid----372881----pid-1
---ebpf-pid----372881----pid-372881
---ebpf-pid----2089----pid-1
---ebpf-pid----2089----pid-2089
---ebpf-pid----372881----pid-1
---ebpf-pid----372881----pid-372881
---ebpf-pid----2089----pid-1
---ebpf-pid----2089----pid-2089
---ebpf-pid----372881----pid-1
---ebpf-pid----372881----pid-372881
---ebpf-pid----2089----pid-1
---ebpf-pid----2089----pid-2089
---ebpf-pid----372881----pid-1
---ebpf-pid----372881----pid-372881
---ebpf-pid----372881----pid-1
---ebpf-pid----372881----pid-372881
---ebpf-pid----372881----pid-1
---ebpf-pid----372881----pid-372881
---ebpf-pid----372881----pid-1
---ebpf-pid----372881----pid-372881
---ebpf-pid----372881----pid-1
---ebpf-pid----372881----pid-372881
---ebpf-pid----372881----pid-1
---ebpf-pid----372881----pid-372881
---ebpf-pid----372881----pid-1
---ebpf-pid----372881----pid-372881
---ebpf-pid----372881----pid-1
---ebpf-pid----372881----pid-372881
---ebpf-pid----372881----pid-1
---ebpf-pid----372881----pid-372881
---ebpf-pid----372881----pid-1
---ebpf-pid----372881----pid-372881
---ebpf-pid----372881----pid-1
---ebpf-pid----372881----pid-372881
---ebpf-pid----2089----pid-1
---ebpf-pid----372881----pid-1
---ebpf-pid----372881----pid-372881
---ebpf-pid----2089----pid-2089
---ebpf-pid----372881----pid-1
---ebpf-pid----2089----pid-1
---ebpf-pid----372881----pid-372881
---ebpf-pid----2089----pid-2089
---ebpf-pid----372881----pid-1
---ebpf-pid----372881----pid-372881
---ebpf-pid----372881----pid-1
---ebpf-pid----372881----pid-372881
---ebpf-pid----2089----pid-1
---ebpf-pid----2089----pid-1
---ebpf-pid----2089----pid-2089
---ebpf-pid----2089----pid-1
---ebpf-pid----2089----pid-2089
---ebpf-pid----2089----pid-1
---ebpf-pid----2089----pid-2089
---ebpf-pid----2089----pid-1
---ebpf-pid----2089----pid-2089
---ebpf-pid----2089----pid-1
---ebpf-pid----2089----pid-2089
---ebpf-pid----2089----pid-1
---ebpf-pid----2089----pid-2089
---ebpf-pid----2089----pid-1
---ebpf-pid----2089----pid-2089
---ebpf-pid----2089----pid-1
---ebpf-pid----2089----pid-2089
---ebpf-pid----2089----pid-1
---ebpf-pid----2089----pid-2089
---ebpf-pid----2089----pid-1
---ebpf-pid----2089----pid-2089
---ebpf-pid----2089----pid-1
---ebpf-pid----2089----pid-2089
---ebpf-pid----2089----pid-1
---ebpf-pid----2089----pid-2089
---ebpf-pid----2089----pid-1
---ebpf-pid----2089----pid-2089
---ebpf-pid----2089----pid-1
---ebpf-pid----2089----pid-2089
---ebpf-pid----2089----pid-1
---ebpf-pid----2089----pid-2089
---ebpf-pid----2089----pid-1
---ebpf-pid----2089----pid-2089
---ebpf-pid----2089----pid-1
---ebpf-pid----2089----pid-2089
---ebpf-pid----2089----pid-1
---ebpf-pid----2089----pid-2089
---ebpf-pid----2089----pid-1
---ebpf-pid----2089----pid-2089
---ebpf-pid----2089----pid-1
---ebpf-pid----2089----pid-2089
---ebpf-pid----2089----pid-1
---ebpf-pid----2089----pid-2089
---ebpf-pid----2089----pid-1
---ebpf-pid----2089----pid-2089
---ebpf-pid----2089----pid-1
---ebpf-pid----2089----pid-2089
---ebpf-pid----2089----pid-1
---ebpf-pid----2089----pid-2089
---ebpf-pid----2089----pid-1
---ebpf-pid----2089----pid-2089
---ebpf-pid----2089----pid-1
---ebpf-pid----2089----pid-2089
---ebpf-pid----2089----pid-1
---ebpf-pid----2089----pid-2089
---ebpf-pid----2089----pid-1
---ebpf-pid----2089----pid-2089
---ebpf-pid----372881----pid-1
---ebpf-pid----2089----pid-1
---ebpf-pid----372881----pid-1
---ebpf-pid----372881----pid-372881
---ebpf-pid----372881----pid-372881
---ebpf-pid----372881----pid-1
---ebpf-pid----372881----pid-1
---ebpf-pid----372881----pid-372881
---ebpf-pid----372881----pid-372881
---ebpf-pid----372881----pid-1
---ebpf-pid----372881----pid-1
---ebpf-pid----372881----pid-372881
---ebpf-pid----372881----pid-372881
---ebpf-pid----372881----pid-1
---ebpf-pid----372881----pid-1
---ebpf-pid----6671----pid-6671
---ebpf-pid----372881----pid-372881
---ebpf-pid----372881----pid-1
---ebpf-pid----6671----pid-5476
---ebpf-pid----372881----pid-372881
---ebpf-pid----6671----pid-1
---ebpf-pid----372881----pid-1
---ebpf-pid----6671----pid-6671
---ebpf-pid----372881----pid-372881
---ebpf-pid----6671----pid-5476
---ebpf-pid----372881----pid-1
---ebpf-pid----372881----pid-372881
---ebpf-pid----6671----pid-1
---ebpf-pid----6671----pid-6671
---ebpf-pid----372881----pid-1
---ebpf-pid----6671----pid-5476
---ebpf-pid----372881----pid-372881
---ebpf-pid----6671----pid-1
---ebpf-pid----6671----pid-6671
---ebpf-pid----372881----pid-1
---ebpf-pid----372881----pid-372881
---ebpf-pid----6671----pid-5476
---ebpf-pid----372881----pid-1
---ebpf-pid----372881----pid-372881
---ebpf-pid----6671----pid-1
---ebpf-pid----6671----pid-6671
---ebpf-pid----372881----pid-1
---ebpf-pid----6671----pid-5476
---ebpf-pid----372881----pid-372881
---ebpf-pid----6671----pid-1
---ebpf-pid----372881----pid-1
---ebpf-pid----448782----pid-448782
---ebpf-pid----372881----pid-372881
---ebpf-pid----2089----pid-2089
---ebpf-pid----448782----pid-448520
---ebpf-pid----372881----pid-1
---ebpf-pid----2089----pid-1
---ebpf-pid----372881----pid-372881
---ebpf-pid----448782----pid-1
---ebpf-pid----2089----pid-2089
---ebpf-pid----448782----pid-448782
---ebpf-pid----372881----pid-1
---ebpf-pid----448782----pid-448520
---ebpf-pid----2089----pid-1
---ebpf-pid----372881----pid-372881
---ebpf-pid----2089----pid-2089
---ebpf-pid----448782----pid-1
---ebpf-pid----372881----pid-1
---ebpf-pid----448782----pid-448782
---ebpf-pid----2089----pid-1
---ebpf-pid----372881----pid-372881
---ebpf-pid----2089----pid-2089
---ebpf-pid----448782----pid-448520
---ebpf-pid----372881----pid-1
---ebpf-pid----2089----pid-1
---ebpf-pid----448782----pid-1
---ebpf-pid----372881----pid-372881
---ebpf-pid----2089----pid-2089
---ebpf-pid----448782----pid-448782
---ebpf-pid----372881----pid-1
---ebpf-pid----448782----pid-448520
---ebpf-pid----2089----pid-1
---ebpf-pid----372881----pid-372881
---ebpf-pid----2089----pid-2089
---ebpf-pid----448782----pid-1
---ebpf-pid----448782----pid-448782
---ebpf-pid----372881----pid-1
---ebpf-pid----2089----pid-1
---ebpf-pid----372881----pid-372881
---ebpf-pid----2089----pid-2089
---ebpf-pid----448782----pid-448520
---ebpf-pid----372881----pid-1
---ebpf-pid----448782----pid-1
---ebpf-pid----2089----pid-1
---ebpf-pid----372881----pid-372881
---ebpf-pid----448782----pid-448782
---ebpf-pid----2089----pid-2089
---ebpf-pid----372881----pid-1
---ebpf-pid----448782----pid-448520
---ebpf-pid----2089----pid-1
---ebpf-pid----372881----pid-372881
---ebpf-pid----2089----pid-2089
---ebpf-pid----448782----pid-1
---ebpf-pid----448782----pid-448782
---ebpf-pid----372881----pid-1
---ebpf-pid----2089----pid-1
---ebpf-pid----372881----pid-372881
---ebpf-pid----448782----pid-448520
---ebpf-pid----2089----pid-2089
---ebpf-pid----448782----pid-1
---ebpf-pid----372881----pid-1
---ebpf-pid----2089----pid-1
---ebpf-pid----448782----pid-448782
---ebpf-pid----372881----pid-372881
---ebpf-pid----2089----pid-2089
---ebpf-pid----2089----pid-2089
---ebpf-pid----2089----pid-1
---ebpf-pid----2089----pid-2089
---ebpf-pid----2089----pid-1
---ebpf-pid----448782----pid-448520
---ebpf-pid----372881----pid-1
---ebpf-pid----6671----pid-6671
---ebpf-pid----6671----pid-5476
---ebpf-pid----372881----pid-372881
---ebpf-pid----6671----pid-1
---ebpf-pid----6671----pid-6671
---ebpf-pid----6671----pid-5476
---ebpf-pid----372881----pid-1
---ebpf-pid----6671----pid-1
---ebpf-pid----6671----pid-6671
---ebpf-pid----372881----pid-372881
---ebpf-pid----6671----pid-5476
---ebpf-pid----6671----pid-1
---ebpf-pid----6671----pid-6671
---ebpf-pid----6671----pid-5476
---ebpf-pid----6671----pid-1
---ebpf-pid----6671----pid-6671
---ebpf-pid----6671----pid-5476
---ebpf-pid----6671----pid-1
---ebpf-pid----372881----pid-1
---ebpf-pid----2088----pid-2088
---ebpf-pid----2088----pid-1
---ebpf-pid----448782----pid-1
---ebpf-pid----6671----pid-6671
---ebpf-pid----448782----pid-448782
---ebpf-pid----448782----pid-448520
---ebpf-pid----372881----pid-372881
---ebpf-pid----6671----pid-5476
---ebpf-pid----6671----pid-1
---ebpf-pid----6671----pid-6671
---ebpf-pid----6671----pid-5476
---ebpf-pid----6671----pid-1
---ebpf-pid----6671----pid-6671
---ebpf-pid----6671----pid-5476
---ebpf-pid----448782----pid-1
---ebpf-pid----448782----pid-448782
---ebpf-pid----448782----pid-448520
---ebpf-pid----6671----pid-1
---ebpf-pid----448782----pid-1
---ebpf-pid----448782----pid-448782
---ebpf-pid----6671----pid-6671
---ebpf-pid----448782----pid-448520
---ebpf-pid----448782----pid-1
---ebpf-pid----448782----pid-448782
---ebpf-pid----6671----pid-5476
---ebpf-pid----448782----pid-448520
---ebpf-pid----6671----pid-1
---ebpf-pid----2088----pid-2088
---ebpf-pid----2088----pid-1
---ebpf-pid----6671----pid-6671
---ebpf-pid----6671----pid-5476
---ebpf-pid----6671----pid-1
---ebpf-pid----2029----pid-2029
---ebpf-pid----2029----pid-1
---ebpf-pid----2029----pid-2029
---ebpf-pid----2029----pid-1
---ebpf-pid----2029----pid-2029
---ebpf-pid----372881----pid-1
---ebpf-pid----372881----pid-372881
---ebpf-pid----372881----pid-1
---ebpf-pid----372881----pid-372881
---ebpf-pid----372881----pid-1
---ebpf-pid----372881----pid-372881
---ebpf-pid----372881----pid-1
---ebpf-pid----372881----pid-372881
---ebpf-pid----372881----pid-1
---ebpf-pid----372881----pid-372881
---ebpf-pid----372881----pid-1
---ebpf-pid----448782----pid-1
---ebpf-pid----372881----pid-372881
---ebpf-pid----448782----pid-448782
---ebpf-pid----372881----pid-1
---ebpf-pid----372881----pid-372881
---ebpf-pid----448782----pid-448520
---ebpf-pid----372881----pid-1
---ebpf-pid----448782----pid-1
---ebpf-pid----372881----pid-372881
---ebpf-pid----372881----pid-1
---ebpf-pid----372881----pid-372881
---ebpf-pid----372881----pid-1
---ebpf-pid----372881----pid-372881
---ebpf-pid----372881----pid-1
---ebpf-pid----372881----pid-372881
---ebpf-pid----448782----pid-448782
---ebpf-pid----372881----pid-1
---ebpf-pid----448782----pid-448520
---ebpf-pid----372881----pid-372881
---ebpf-pid----448782----pid-1
---ebpf-pid----4716----pid-4716
---ebpf-pid----372881----pid-1
---ebpf-pid----372881----pid-372881
---ebpf-pid----2089----pid-1
---ebpf-pid----4716----pid-3323
---ebpf-pid----2089----pid-2089
---ebpf-pid----4716----pid-1
---ebpf-pid----448782----pid-448782
---ebpf-pid----2029----pid-1
---ebpf-pid----2029----pid-2029
---ebpf-pid----448782----pid-448520
---ebpf-pid----2089----pid-1
---ebpf-pid----2089----pid-2089
---ebpf-pid----2089----pid-1
---ebpf-pid----2089----pid-2089
---ebpf-pid----2089----pid-1
---ebpf-pid----2089----pid-2089
---ebpf-pid----2089----pid-1
---ebpf-pid----2089----pid-2089
---ebpf-pid----2089----pid-1
---ebpf-pid----2089----pid-2089
---ebpf-pid----2089----pid-1
---ebpf-pid----2089----pid-2089
---ebpf-pid----372881----pid-1
---ebpf-pid----2089----pid-1
---ebpf-pid----2089----pid-2089
---ebpf-pid----372881----pid-372881
---ebpf-pid----2089----pid-1
---ebpf-pid----2089----pid-2089
---ebpf-pid----372881----pid-1
---ebpf-pid----2089----pid-1
---ebpf-pid----372881----pid-372881
---ebpf-pid----2089----pid-2089
---ebpf-pid----2089----pid-1
---ebpf-pid----2089----pid-2089
---ebpf-pid----372881----pid-1
---ebpf-pid----2089----pid-1
---ebpf-pid----372881----pid-372881
---ebpf-pid----2089----pid-2089
---ebpf-pid----2089----pid-1
---ebpf-pid----2089----pid-2089
---ebpf-pid----372881----pid-1
---ebpf-pid----372881----pid-372881
---ebpf-pid----2089----pid-1
---ebpf-pid----2089----pid-2089
---ebpf-pid----372881----pid-1
---ebpf-pid----2029----pid-1
---ebpf-pid----2029----pid-2029
---ebpf-pid----2029----pid-1
---ebpf-pid----2029----pid-2029
---ebpf-pid----372881----pid-372881
---ebpf-pid----2029----pid-1
---ebpf-pid----2029----pid-2029
---ebpf-pid----372881----pid-1
---ebpf-pid----372881----pid-372881
---ebpf-pid----2029----pid-1
---ebpf-pid----2029----pid-2029
---ebpf-pid----372881----pid-1
---ebpf-pid----372881----pid-372881
---ebpf-pid----2029----pid-1
---ebpf-pid----2029----pid-2029
---ebpf-pid----372881----pid-1
---ebpf-pid----372881----pid-372881
---ebpf-pid----2029----pid-1
---ebpf-pid----2029----pid-2029
---ebpf-pid----372881----pid-1
---ebpf-pid----372881----pid-372881
---ebpf-pid----2029----pid-1
---ebpf-pid----372881----pid-1
---ebpf-pid----2029----pid-2029
---ebpf-pid----372881----pid-372881
---ebpf-pid----372881----pid-1
---ebpf-pid----2029----pid-1
---ebpf-pid----372881----pid-372881
---ebpf-pid----2029----pid-2029
---ebpf-pid----372881----pid-1
---ebpf-pid----2029----pid-1
---ebpf-pid----372881----pid-372881
---ebpf-pid----2029----pid-2029
---ebpf-pid----372881----pid-1
---ebpf-pid----372881----pid-372881
---ebpf-pid----2029----pid-1
---ebpf-pid----2029----pid-2029
---ebpf-pid----372881----pid-1
---ebpf-pid----372881----pid-372881
---ebpf-pid----2029----pid-1
---ebpf-pid----2029----pid-2029
---ebpf-pid----372881----pid-1
---ebpf-pid----372881----pid-372881
---ebpf-pid----2029----pid-1
---ebpf-pid----2029----pid-2029
---ebpf-pid----372881----pid-1
---ebpf-pid----372881----pid-372881
---ebpf-pid----2029----pid-1
---ebpf-pid----372881----pid-1
---ebpf-pid----2029----pid-2029
---ebpf-pid----372881----pid-372881
---ebpf-pid----2029----pid-1
---ebpf-pid----372881----pid-1
---ebpf-pid----2029----pid-2029
---ebpf-pid----372881----pid-372881
---ebpf-pid----372881----pid-1
---ebpf-pid----2089----pid-1
---ebpf-pid----372881----pid-372881
---ebpf-pid----2089----pid-2089
---ebpf-pid----372881----pid-1
---ebpf-pid----372881----pid-372881
---ebpf-pid----2089----pid-1
---ebpf-pid----2089----pid-2089
---ebpf-pid----372881----pid-1
---ebpf-pid----372881----pid-372881
---ebpf-pid----2089----pid-1
---ebpf-pid----2089----pid-2089
---ebpf-pid----372881----pid-1
---ebpf-pid----372881----pid-372881
---ebpf-pid----2089----pid-1
---ebpf-pid----372881----pid-1
---ebpf-pid----2089----pid-2089
---ebpf-pid----372881----pid-372881
---ebpf-pid----2089----pid-1
---ebpf-pid----372881----pid-1
---ebpf-pid----2089----pid-2089
---ebpf-pid----372881----pid-372881
---ebpf-pid----2089----pid-1
---ebpf-pid----372881----pid-1
---ebpf-pid----2089----pid-2089
---ebpf-pid----372881----pid-372881
---ebpf-pid----372881----pid-1
---ebpf-pid----2089----pid-1
---ebpf-pid----372881----pid-372881
---ebpf-pid----2089----pid-2089
---ebpf-pid----372881----pid-1
---ebpf-pid----2089----pid-1
---ebpf-pid----448782----pid-1
---ebpf-pid----372881----pid-372881
---ebpf-pid----448782----pid-448782
---ebpf-pid----372881----pid-1
---ebpf-pid----448782----pid-448520
---ebpf-pid----372881----pid-372881
---ebpf-pid----448782----pid-1
---ebpf-pid----372881----pid-1
---ebpf-pid----448782----pid-448782
---ebpf-pid----372881----pid-372881
---ebpf-pid----448782----pid-448520
---ebpf-pid----372881----pid-1
---ebpf-pid----372881----pid-372881
---ebpf-pid----372881----pid-1
---ebpf-pid----372881----pid-372881
---ebpf-pid----448782----pid-1
---ebpf-pid----2089----pid-2089
---ebpf-pid----2029----pid-1
---ebpf-pid----2029----pid-2029
---ebpf-pid----2089----pid-1
---ebpf-pid----2089----pid-2089
---ebpf-pid----2089----pid-1
---ebpf-pid----2089----pid-2089
---ebpf-pid----2089----pid-1
---ebpf-pid----2089----pid-2089
---ebpf-pid----2089----pid-1
---ebpf-pid----2089----pid-2089
---ebpf-pid----2089----pid-1
---ebpf-pid----2089----pid-2089
---ebpf-pid----2089----pid-1
---ebpf-pid----2089----pid-2089
---ebpf-pid----372881----pid-1
---ebpf-pid----2089----pid-1
---ebpf-pid----372881----pid-372881
---ebpf-pid----2089----pid-2089
---ebpf-pid----2089----pid-1
---ebpf-pid----2089----pid-2089
---ebpf-pid----2089----pid-1
---ebpf-pid----2089----pid-2089
---ebpf-pid----2089----pid-1
---ebpf-pid----2089----pid-2089
---ebpf-pid----2089----pid-1
---ebpf-pid----2089----pid-2089
---ebpf-pid----2029----pid-1
---ebpf-pid----2029----pid-2029
---ebpf-pid----2089----pid-1
---ebpf-pid----2089----pid-2089
---ebpf-pid----2029----pid-1
---ebpf-pid----2089----pid-1
---ebpf-pid----2029----pid-2029
---ebpf-pid----2029----pid-1
---ebpf-pid----2029----pid-2029
---ebpf-pid----2029----pid-1
---ebpf-pid----2029----pid-2029
---ebpf-pid----448782----pid-448782
---ebpf-pid----2029----pid-1
---ebpf-pid----2029----pid-2029
---ebpf-pid----448782----pid-448520
---ebpf-pid----2029----pid-1
---ebpf-pid----2029----pid-2029
---ebpf-pid----448782----pid-1
---ebpf-pid----448782----pid-448782
---ebpf-pid----2029----pid-1
---ebpf-pid----2029----pid-2029
---ebpf-pid----448782----pid-448520
---ebpf-pid----2029----pid-1
---ebpf-pid----448782----pid-1
---ebpf-pid----2029----pid-2029
---ebpf-pid----448782----pid-448782
---ebpf-pid----2029----pid-1
---ebpf-pid----448782----pid-448520
---ebpf-pid----2029----pid-2029
---ebpf-pid----448782----pid-1
---ebpf-pid----2089----pid-2089
---ebpf-pid----448782----pid-448782
---ebpf-pid----2029----pid-1
---ebpf-pid----2029----pid-2029
---ebpf-pid----2089----pid-1
---ebpf-pid----448782----pid-448520
---ebpf-pid----2089----pid-2089
---ebpf-pid----2029----pid-1
---ebpf-pid----448782----pid-1
---ebpf-pid----2029----pid-2029
---ebpf-pid----448782----pid-448782
---ebpf-pid----2089----pid-1
---ebpf-pid----2029----pid-1
---ebpf-pid----448782----pid-448520
---ebpf-pid----2029----pid-2029
---ebpf-pid----2089----pid-2089
---ebpf-pid----448782----pid-1
---ebpf-pid----2029----pid-1
---ebpf-pid----448785----pid-448785
---ebpf-pid----2089----pid-1
---ebpf-pid----2029----pid-2029
---ebpf-pid----2089----pid-2089
---ebpf-pid----448785----pid-448520
---ebpf-pid----2029----pid-1
---ebpf-pid----448785----pid-1
---ebpf-pid----2089----pid-1
---ebpf-pid----2029----pid-2029
---ebpf-pid----448785----pid-448785
---ebpf-pid----2089----pid-2089
---ebpf-pid----2029----pid-1
---ebpf-pid----448785----pid-448520
---ebpf-pid----2089----pid-1
---ebpf-pid----2029----pid-2029
---ebpf-pid----2089----pid-2089
---ebpf-pid----448785----pid-1
---ebpf-pid----448785----pid-448785
---ebpf-pid----2029----pid-1
---ebpf-pid----2089----pid-1
---ebpf-pid----2029----pid-2029
---ebpf-pid----448785----pid-448520
---ebpf-pid----2089----pid-2089
---ebpf-pid----448785----pid-1
---ebpf-pid----2029----pid-1
---ebpf-pid----2089----pid-1
---ebpf-pid----448785----pid-448785
---ebpf-pid----2089----pid-2089
---ebpf-pid----2089----pid-1
---ebpf-pid----2089----pid-2089
---ebpf-pid----2089----pid-1
---ebpf-pid----2089----pid-2089
---ebpf-pid----2029----pid-2029
---ebpf-pid----2089----pid-1
---ebpf-pid----2089----pid-2089
---ebpf-pid----2089----pid-1
---ebpf-pid----2089----pid-2089
---ebpf-pid----372881----pid-1
---ebpf-pid----372881----pid-372881
---ebpf-pid----2089----pid-1
---ebpf-pid----372881----pid-1
---ebpf-pid----2089----pid-2089
---ebpf-pid----372881----pid-372881
---ebpf-pid----2089----pid-1
---ebpf-pid----372881----pid-1
---ebpf-pid----2089----pid-2089
---ebpf-pid----372881----pid-372881
---ebpf-pid----372881----pid-1
---ebpf-pid----2089----pid-1
---ebpf-pid----372881----pid-372881
---ebpf-pid----2089----pid-2089
---ebpf-pid----2029----pid-1
---ebpf-pid----372881----pid-1
---ebpf-pid----372881----pid-372881
---ebpf-pid----2089----pid-1
---ebpf-pid----372881----pid-1
---ebpf-pid----2089----pid-2089
---ebpf-pid----372881----pid-372881
---ebpf-pid----2089----pid-1
---ebpf-pid----372881----pid-1
---ebpf-pid----372881----pid-372881
---ebpf-pid----2089----pid-2089
---ebpf-pid----2029----pid-2029
---ebpf-pid----2029----pid-1
---ebpf-pid----2089----pid-1
---ebpf-pid----2089----pid-2089
---ebpf-pid----448785----pid-448520
---ebpf-pid----448785----pid-1
---ebpf-pid----372881----pid-1
---ebpf-pid----372881----pid-372881
---ebpf-pid----2029----pid-2029
---ebpf-pid----372881----pid-1
---ebpf-pid----2029----pid-1
---ebpf-pid----372881----pid-372881
---ebpf-pid----2029----pid-2029
---ebpf-pid----372881----pid-1
---ebpf-pid----2029----pid-1
---ebpf-pid----372881----pid-372881
---ebpf-pid----2029----pid-2029
---ebpf-pid----372881----pid-1
---ebpf-pid----2029----pid-1
---ebpf-pid----372881----pid-372881
---ebpf-pid----2029----pid-2029
---ebpf-pid----2029----pid-1
---ebpf-pid----372881----pid-1
---ebpf-pid----2029----pid-2029
---ebpf-pid----372881----pid-372881
---ebpf-pid----2029----pid-1
---ebpf-pid----372881----pid-1
---ebpf-pid----2029----pid-2029
---ebpf-pid----372881----pid-372881
---ebpf-pid----2029----pid-1
---ebpf-pid----379067----pid-379067
---ebpf-pid----372881----pid-1
---ebpf-pid----372881----pid-372881
---ebpf-pid----379067----pid-5476
---ebpf-pid----372881----pid-1
---ebpf-pid----379067----pid-1
---ebpf-pid----372881----pid-372881
---ebpf-pid----379067----pid-379067
---ebpf-pid----379067----pid-5476
---ebpf-pid----372881----pid-1
---ebpf-pid----372881----pid-372881
---ebpf-pid----379067----pid-1
---ebpf-pid----2029----pid-2029
---ebpf-pid----372881----pid-1
---ebpf-pid----372881----pid-372881
---ebpf-pid----2029----pid-1
---ebpf-pid----2029----pid-2029
---ebpf-pid----2029----pid-1
---ebpf-pid----379067----pid-379067
---ebpf-pid----379067----pid-5476
---ebpf-pid----379067----pid-1
---ebpf-pid----379067----pid-379067
---ebpf-pid----379067----pid-5476
---ebpf-pid----379067----pid-1
---ebpf-pid----2089----pid-1
---ebpf-pid----379067----pid-379067
---ebpf-pid----2089----pid-2089
---ebpf-pid----379067----pid-5476
---ebpf-pid----2089----pid-1
---ebpf-pid----2089----pid-2089
---ebpf-pid----448785----pid-448785
---ebpf-pid----379067----pid-1
---ebpf-pid----2089----pid-1
---ebpf-pid----2029----pid-2029
---ebpf-pid----2089----pid-2089
---ebpf-pid----448785----pid-448520
---ebpf-pid----2029----pid-1
---ebpf-pid----2089----pid-1
---ebpf-pid----448785----pid-1
---ebpf-pid----2029----pid-2029
---ebpf-pid----2089----pid-2089
---ebpf-pid----448785----pid-448785
---ebpf-pid----448785----pid-448520
---ebpf-pid----2089----pid-1
---ebpf-pid----2089----pid-2089
---ebpf-pid----2029----pid-1
---ebpf-pid----2029----pid-2029
---ebpf-pid----2089----pid-1
---ebpf-pid----2089----pid-2089
---ebpf-pid----2029----pid-1
---ebpf-pid----448785----pid-1
---ebpf-pid----379067----pid-379067
---ebpf-pid----4716----pid-4716
---ebpf-pid----2089----pid-1
---ebpf-pid----2089----pid-2089
---ebpf-pid----379067----pid-5476
---ebpf-pid----4716----pid-3323
---ebpf-pid----2089----pid-1
---ebpf-pid----379067----pid-1
---ebpf-pid----4716----pid-1
---ebpf-pid----2089----pid-2089
---ebpf-pid----2089----pid-2089
---ebpf-pid----4716----pid-4716
---ebpf-pid----2089----pid-1
---ebpf-pid----2089----pid-2089
---ebpf-pid----4716----pid-3323
---ebpf-pid----4716----pid-1
---ebpf-pid----448785----pid-448785
---ebpf-pid----448785----pid-448520
---ebpf-pid----448785----pid-1
---ebpf-pid----448785----pid-448785
---ebpf-pid----448785----pid-448520
---ebpf-pid----448785----pid-1
---ebpf-pid----448785----pid-448785
---ebpf-pid----448785----pid-448520
---ebpf-pid----448785----pid-1
---ebpf-pid----448785----pid-448785
---ebpf-pid----448785----pid-448520
---ebpf-pid----448785----pid-1
---ebpf-pid----448785----pid-448785
---ebpf-pid----448785----pid-448520
---ebpf-pid----448785----pid-1
---ebpf-pid----448785----pid-448785
---ebpf-pid----448785----pid-448520
---ebpf-pid----448785----pid-1
---ebpf-pid----448785----pid-448785
---ebpf-pid----448785----pid-448520
---ebpf-pid----448785----pid-1
---ebpf-pid----448785----pid-448785
---ebpf-pid----448785----pid-448520
---ebpf-pid----448785----pid-1
---ebpf-pid----379067----pid-379067
---ebpf-pid----379067----pid-5476
---ebpf-pid----2089----pid-1
---ebpf-pid----379067----pid-1
---ebpf-pid----379067----pid-379067
---ebpf-pid----379067----pid-5476
---ebpf-pid----2089----pid-1
---ebpf-pid----379067----pid-379067
---ebpf-pid----379067----pid-5476
---ebpf-pid----2089----pid-2089
---ebpf-pid----2089----pid-1
---ebpf-pid----2089----pid-2089
---ebpf-pid----2089----pid-1
---ebpf-pid----2089----pid-2089
---ebpf-pid----2089----pid-1
---ebpf-pid----379067----pid-1
---ebpf-pid----372714----pid-372714
---ebpf-pid----372714----pid-5476
---ebpf-pid----372714----pid-1
---ebpf-pid----379067----pid-1
---ebpf-pid----379067----pid-379067
---ebpf-pid----379067----pid-5476
---ebpf-pid----2089----pid-2089
---ebpf-pid----372714----pid-372714
---ebpf-pid----379067----pid-1
---ebpf-pid----379067----pid-379067
---ebpf-pid----379067----pid-5476
---ebpf-pid----379067----pid-1
---ebpf-pid----372881----pid-1
---ebpf-pid----372881----pid-372881
---ebpf-pid----2089----pid-1
---ebpf-pid----2089----pid-2089
---ebpf-pid----372881----pid-1
---ebpf-pid----372881----pid-372881
---ebpf-pid----372714----pid-5476
---ebpf-pid----372881----pid-1
---ebpf-pid----372881----pid-372881
---ebpf-pid----372881----pid-1
---ebpf-pid----372881----pid-372881
---ebpf-pid----372714----pid-1
---ebpf-pid----2089----pid-1
---ebpf-pid----2089----pid-2089
---ebpf-pid----372881----pid-1
---ebpf-pid----372881----pid-372881
---ebpf-pid----2089----pid-1
---ebpf-pid----372881----pid-1
---ebpf-pid----372881----pid-372881
---ebpf-pid----372881----pid-1
---ebpf-pid----372881----pid-372881
---ebpf-pid----2089----pid-2089
---ebpf-pid----372881----pid-1
---ebpf-pid----372881----pid-372881
---ebpf-pid----2089----pid-1
---ebpf-pid----379067----pid-379067
---ebpf-pid----372881----pid-1
---ebpf-pid----372881----pid-372881
---ebpf-pid----379067----pid-5476
---ebpf-pid----2089----pid-2089
---ebpf-pid----372881----pid-1
---ebpf-pid----379067----pid-1
---ebpf-pid----372881----pid-372881
---ebpf-pid----379067----pid-379067
---ebpf-pid----2089----pid-1
---ebpf-pid----372881----pid-1
---ebpf-pid----2089----pid-2089
---ebpf-pid----379067----pid-5476
---ebpf-pid----372881----pid-372881
---ebpf-pid----2089----pid-1
---ebpf-pid----379067----pid-1
---ebpf-pid----372881----pid-1
---ebpf-pid----2089----pid-2089
---ebpf-pid----2089----pid-2089
---ebpf-pid----372881----pid-372881
---ebpf-pid----372714----pid-372714
---ebpf-pid----2089----pid-1
---ebpf-pid----2089----pid-1
---ebpf-pid----372881----pid-1
---ebpf-pid----2089----pid-2089
---ebpf-pid----372714----pid-5476
---ebpf-pid----379067----pid-379067
---ebpf-pid----372881----pid-372881
---ebpf-pid----2089----pid-1
---ebpf-pid----379067----pid-5476
---ebpf-pid----372881----pid-1
---ebpf-pid----372714----pid-1
---ebpf-pid----2089----pid-2089
---ebpf-pid----372881----pid-372881
---ebpf-pid----379067----pid-379067
---ebpf-pid----379067----pid-1
---ebpf-pid----2089----pid-1
---ebpf-pid----379067----pid-379067
---ebpf-pid----372881----pid-1
---ebpf-pid----2089----pid-2089
---ebpf-pid----372881----pid-372881
---ebpf-pid----379067----pid-5476
---ebpf-pid----379067----pid-5476
---ebpf-pid----2089----pid-1
---ebpf-pid----372881----pid-1
---ebpf-pid----2089----pid-2089
---ebpf-pid----379067----pid-1
---ebpf-pid----372881----pid-372881
---ebpf-pid----379067----pid-1
---ebpf-pid----379067----pid-379067
---ebpf-pid----379067----pid-379067
---ebpf-pid----2089----pid-1
---ebpf-pid----372881----pid-1
---ebpf-pid----2089----pid-2089
---ebpf-pid----379067----pid-5476
---ebpf-pid----372881----pid-372881
---ebpf-pid----379067----pid-5476
---ebpf-pid----379067----pid-1
---ebpf-pid----2089----pid-1
---ebpf-pid----379067----pid-1
---ebpf-pid----372714----pid-372714
---ebpf-pid----2089----pid-2089
---ebpf-pid----372881----pid-1
---ebpf-pid----372881----pid-372881
---ebpf-pid----372714----pid-5476
---ebpf-pid----2089----pid-1
---ebpf-pid----379067----pid-379067
---ebpf-pid----372881----pid-1
---ebpf-pid----372714----pid-1
---ebpf-pid----372881----pid-372881
---ebpf-pid----379067----pid-379067
---ebpf-pid----379067----pid-5476
---ebpf-pid----372881----pid-1
---ebpf-pid----379067----pid-5476
---ebpf-pid----372881----pid-372881
---ebpf-pid----379067----pid-1
---ebpf-pid----379067----pid-379067
---ebpf-pid----379067----pid-5476
---ebpf-pid----2089----pid-2089
---ebpf-pid----379067----pid-1
---ebpf-pid----2089----pid-2089
---ebpf-pid----2089----pid-1
---ebpf-pid----2089----pid-2089
---ebpf-pid----379067----pid-1
---ebpf-pid----379067----pid-379067
---ebpf-pid----379067----pid-5476
---ebpf-pid----372881----pid-1
---ebpf-pid----379067----pid-1
---ebpf-pid----372881----pid-372881
---ebpf-pid----372714----pid-372714
---ebpf-pid----372881----pid-1
---ebpf-pid----372714----pid-5476
---ebpf-pid----372881----pid-372881
---ebpf-pid----372714----pid-1
---ebpf-pid----372881----pid-1
---ebpf-pid----379067----pid-379067
---ebpf-pid----372881----pid-372881
---ebpf-pid----379067----pid-5476
---ebpf-pid----372881----pid-1
---ebpf-pid----372881----pid-372881
---ebpf-pid----379067----pid-1
---ebpf-pid----379067----pid-379067
---ebpf-pid----372881----pid-1
---ebpf-pid----372881----pid-372881
---ebpf-pid----379067----pid-5476
---ebpf-pid----372881----pid-1
---ebpf-pid----379067----pid-1
---ebpf-pid----2089----pid-1
---ebpf-pid----294----pid-294
---ebpf-pid----379067----pid-379067
---ebpf-pid----2089----pid-1
---ebpf-pid----2089----pid-2089
---ebpf-pid----294----pid-2
---ebpf-pid----379067----pid-5476
---ebpf-pid----379067----pid-379067
---ebpf-pid----2089----pid-1
---ebpf-pid----379067----pid-1
---ebpf-pid----2089----pid-2089
---ebpf-pid----379067----pid-5476
---ebpf-pid----379067----pid-379067
---ebpf-pid----2089----pid-1
---ebpf-pid----379067----pid-1
---ebpf-pid----379067----pid-5476
---ebpf-pid----2089----pid-2089
---ebpf-pid----379067----pid-379067
---ebpf-pid----2089----pid-1
---ebpf-pid----379067----pid-1
---ebpf-pid----379067----pid-5476
---ebpf-pid----2089----pid-2089
---ebpf-pid----379067----pid-379067
---ebpf-pid----379067----pid-1
---ebpf-pid----2089----pid-1
---ebpf-pid----379067----pid-5476
---ebpf-pid----372714----pid-372714
---ebpf-pid----2089----pid-2089
---ebpf-pid----379067----pid-1
---ebpf-pid----2089----pid-1
---ebpf-pid----372714----pid-5476
---ebpf-pid----379067----pid-379067
---ebpf-pid----2089----pid-2089
---ebpf-pid----372714----pid-1
---ebpf-pid----2089----pid-1
---ebpf-pid----379067----pid-5476
---ebpf-pid----372714----pid-372714
---ebpf-pid----2089----pid-2089
---ebpf-pid----379067----pid-1
---ebpf-pid----372714----pid-5476
---ebpf-pid----2089----pid-1
---ebpf-pid----379067----pid-379067
---ebpf-pid----2089----pid-2089
---ebpf-pid----379067----pid-5476
---ebpf-pid----379067----pid-1
---ebpf-pid----2089----pid-2089
---ebpf-pid----2089----pid-1
---ebpf-pid----379067----pid-379067
---ebpf-pid----379067----pid-5476
---ebpf-pid----379067----pid-1
---ebpf-pid----379067----pid-379067
---ebpf-pid----379067----pid-5476
---ebpf-pid----379067----pid-1
---ebpf-pid----379067----pid-379067
---ebpf-pid----379067----pid-5476
---ebpf-pid----379067----pid-1
---ebpf-pid----2089----pid-2089
---ebpf-pid----2089----pid-1
---ebpf-pid----2089----pid-1
---ebpf-pid----2089----pid-2089
---ebpf-pid----379067----pid-379067
---ebpf-pid----2089----pid-1
---ebpf-pid----379067----pid-5476
---ebpf-pid----2089----pid-2089
---ebpf-pid----379067----pid-1
---ebpf-pid----2089----pid-1
---ebpf-pid----379067----pid-379067
---ebpf-pid----2089----pid-2089
---ebpf-pid----379067----pid-5476
---ebpf-pid----2089----pid-1
---ebpf-pid----2089----pid-2089
---ebpf-pid----379067----pid-1
---ebpf-pid----2089----pid-2089
---ebpf-pid----2089----pid-1
---ebpf-pid----2089----pid-2089
---ebpf-pid----2089----pid-1
---ebpf-pid----2089----pid-2089
---ebpf-pid----2089----pid-1
---ebpf-pid----2089----pid-2089
---ebpf-pid----2089----pid-1
---ebpf-pid----2089----pid-2089
---ebpf-pid----2089----pid-1
---ebpf-pid----2089----pid-2089
---ebpf-pid----2089----pid-1
---ebpf-pid----2089----pid-2089
---ebpf-pid----2089----pid-1
---ebpf-pid----2089----pid-2089
---ebpf-pid----2089----pid-1
---ebpf-pid----2089----pid-1
---ebpf-pid----2089----pid-2089
---ebpf-pid----2089----pid-2089
---ebpf-pid----2089----pid-1
---ebpf-pid----2089----pid-1
---ebpf-pid----2089----pid-2089
---ebpf-pid----2089----pid-2089
---ebpf-pid----2089----pid-1
---ebpf-pid----2089----pid-2089
---ebpf-pid----372714----pid-1
---ebpf-pid----372714----pid-372714
---ebpf-pid----372714----pid-5476
---ebpf-pid----2089----pid-1
---ebpf-pid----2089----pid-2089
---ebpf-pid----372881----pid-372881
---ebpf-pid----372714----pid-1
---ebpf-pid----372714----pid-372714
---ebpf-pid----372881----pid-1
---ebpf-pid----2089----pid-1
---ebpf-pid----372881----pid-372881
---ebpf-pid----372714----pid-5476
---ebpf-pid----2089----pid-2089
---ebpf-pid----2089----pid-1
---ebpf-pid----372714----pid-1
---ebpf-pid----372881----pid-1
---ebpf-pid----2089----pid-2089
---ebpf-pid----372714----pid-372714
---ebpf-pid----372881----pid-372881
---ebpf-pid----2089----pid-1
---ebpf-pid----372714----pid-5476
---ebpf-pid----372881----pid-1
---ebpf-pid----372881----pid-372881
---ebpf-pid----379067----pid-379067
---ebpf-pid----372714----pid-1
---ebpf-pid----372881----pid-1
---ebpf-pid----379067----pid-5476
---ebpf-pid----372881----pid-372881
---ebpf-pid----379067----pid-1
---ebpf-pid----379067----pid-379067
---ebpf-pid----372881----pid-1
---ebpf-pid----372881----pid-372881
---ebpf-pid----379067----pid-5476
---ebpf-pid----372881----pid-1
---ebpf-pid----379067----pid-1
---ebpf-pid----372881----pid-372881
---ebpf-pid----379067----pid-379067
---ebpf-pid----372881----pid-1
---ebpf-pid----379067----pid-5476
---ebpf-pid----372881----pid-372881
---ebpf-pid----379067----pid-1
---ebpf-pid----372881----pid-1
---ebpf-pid----2094----pid-2094
---ebpf-pid----372881----pid-372881
---ebpf-pid----2094----pid-1
---ebpf-pid----2089----pid-1
---ebpf-pid----2094----pid-2094
---ebpf-pid----372881----pid-1
---ebpf-pid----2089----pid-2089
---ebpf-pid----372881----pid-372881
---ebpf-pid----2094----pid-1
---ebpf-pid----2089----pid-1
---ebpf-pid----2094----pid-2094
---ebpf-pid----372881----pid-1
---ebpf-pid----2089----pid-2089
---ebpf-pid----372881----pid-372881
---ebpf-pid----2094----pid-1
---ebpf-pid----2094----pid-2094
---ebpf-pid----2089----pid-1
---ebpf-pid----372881----pid-1
---ebpf-pid----2088----pid-2088
---ebpf-pid----2094----pid-1
---ebpf-pid----372881----pid-372881
---ebpf-pid----2094----pid-2094
---ebpf-pid----2088----pid-1
---ebpf-pid----372881----pid-1
---ebpf-pid----2088----pid-2088
---ebpf-pid----2094----pid-1
---ebpf-pid----372881----pid-372881
---ebpf-pid----2094----pid-2094
---ebpf-pid----2088----pid-1
---ebpf-pid----372881----pid-1
---ebpf-pid----2088----pid-2088
---ebpf-pid----2094----pid-1
---ebpf-pid----372881----pid-372881
---ebpf-pid----2094----pid-2094
---ebpf-pid----2088----pid-1
---ebpf-pid----372881----pid-1
---ebpf-pid----2094----pid-1
---ebpf-pid----2088----pid-2088
---ebpf-pid----2088----pid-1
---ebpf-pid----2088----pid-2088
---ebpf-pid----2088----pid-1
---ebpf-pid----2088----pid-2088
---ebpf-pid----2088----pid-1
---ebpf-pid----2088----pid-2088
---ebpf-pid----2088----pid-1
---ebpf-pid----2088----pid-2088
---ebpf-pid----2094----pid-2094
---ebpf-pid----2094----pid-1
---ebpf-pid----2094----pid-2094
---ebpf-pid----2094----pid-1
---ebpf-pid----2094----pid-2094
---ebpf-pid----2094----pid-1
---ebpf-pid----2094----pid-2094
---ebpf-pid----2094----pid-1
---ebpf-pid----2094----pid-2094
---ebpf-pid----2094----pid-1
---ebpf-pid----2094----pid-2094
---ebpf-pid----2094----pid-1
---ebpf-pid----2094----pid-2094
---ebpf-pid----2094----pid-1
---ebpf-pid----2094----pid-2094
---ebpf-pid----2094----pid-1
---ebpf-pid----2094----pid-2094
---ebpf-pid----2094----pid-1
---ebpf-pid----2094----pid-2094
---ebpf-pid----2094----pid-1
---ebpf-pid----2094----pid-2094
---ebpf-pid----372881----pid-372881
---ebpf-pid----2094----pid-1
---ebpf-pid----2094----pid-2094
---ebpf-pid----2094----pid-1
---ebpf-pid----2094----pid-2094
---ebpf-pid----448785----pid-448785
---ebpf-pid----2094----pid-1
---ebpf-pid----2094----pid-2094
---ebpf-pid----2094----pid-1
---ebpf-pid----448785----pid-448520
---ebpf-pid----2094----pid-2094
---ebpf-pid----448785----pid-1
---ebpf-pid----2094----pid-1
---ebpf-pid----2094----pid-2094
---ebpf-pid----448785----pid-448785
---ebpf-pid----2094----pid-1
---ebpf-pid----448785----pid-448520
---ebpf-pid----2094----pid-2094
---ebpf-pid----448785----pid-1
---ebpf-pid----2094----pid-1
---ebpf-pid----2094----pid-2094
---ebpf-pid----448785----pid-448785
---ebpf-pid----2094----pid-1
---ebpf-pid----448785----pid-448520
---ebpf-pid----2094----pid-2094
---ebpf-pid----448785----pid-1
---ebpf-pid----2094----pid-1
---ebpf-pid----294----pid-294
---ebpf-pid----2094----pid-2094
---ebpf-pid----294----pid-2
---ebpf-pid----2094----pid-1
---ebpf-pid----448785----pid-448785
---ebpf-pid----2094----pid-2094
---ebpf-pid----2094----pid-1
---ebpf-pid----2094----pid-2094
---ebpf-pid----2094----pid-1
---ebpf-pid----2094----pid-2094
---ebpf-pid----2094----pid-1
---ebpf-pid----2094----pid-2094
---ebpf-pid----2094----pid-1
---ebpf-pid----2094----pid-2094
---ebpf-pid----2088----pid-1
---ebpf-pid----2094----pid-1
---ebpf-pid----2094----pid-2094
---ebpf-pid----2094----pid-1
---ebpf-pid----2094----pid-2094
---ebpf-pid----2094----pid-1
---ebpf-pid----448785----pid-448520
---ebpf-pid----2094----pid-2094
---ebpf-pid----448785----pid-1
---ebpf-pid----2094----pid-1
---ebpf-pid----2094----pid-2094
---ebpf-pid----4716----pid-4716
---ebpf-pid----2094----pid-1
---ebpf-pid----2094----pid-2094
---ebpf-pid----4716----pid-3323
---ebpf-pid----2094----pid-1
---ebpf-pid----4716----pid-1
---ebpf-pid----2094----pid-2094
---ebpf-pid----448785----pid-448785
---ebpf-pid----2094----pid-1
---ebpf-pid----2094----pid-2094
---ebpf-pid----448785----pid-448520
---ebpf-pid----2094----pid-1
---ebpf-pid----448785----pid-1
---ebpf-pid----448785----pid-448785
---ebpf-pid----2094----pid-2094
---ebpf-pid----448785----pid-448520
---ebpf-pid----2094----pid-1
---ebpf-pid----2094----pid-2094
---ebpf-pid----2094----pid-1
---ebpf-pid----2094----pid-2094
---ebpf-pid----2094----pid-1
---ebpf-pid----2094----pid-2094
---ebpf-pid----2094----pid-1
---ebpf-pid----2094----pid-2094
---ebpf-pid----2094----pid-1
---ebpf-pid----2094----pid-2094
---ebpf-pid----2088----pid-2088
---ebpf-pid----2094----pid-1
---ebpf-pid----2094----pid-2094
---ebpf-pid----2088----pid-1
---ebpf-pid----2088----pid-2088
---ebpf-pid----2094----pid-1
---ebpf-pid----2094----pid-2094
---ebpf-pid----2088----pid-1
---ebpf-pid----6671----pid-6671
---ebpf-pid----2094----pid-1
---ebpf-pid----2094----pid-2094
---ebpf-pid----6671----pid-5476
---ebpf-pid----6671----pid-1
---ebpf-pid----2094----pid-1
---ebpf-pid----6671----pid-6671
---ebpf-pid----2094----pid-2094
---ebpf-pid----6671----pid-5476
---ebpf-pid----2094----pid-1
---ebpf-pid----2094----pid-2094
---ebpf-pid----6671----pid-1
---ebpf-pid----2094----pid-1
---ebpf-pid----6671----pid-6671
---ebpf-pid----2094----pid-2094
---ebpf-pid----6671----pid-5476
---ebpf-pid----2094----pid-1
---ebpf-pid----2094----pid-2094
---ebpf-pid----372881----pid-1
---ebpf-pid----6671----pid-1
---ebpf-pid----372881----pid-372881
---ebpf-pid----6671----pid-6671
---ebpf-pid----2094----pid-1
---ebpf-pid----2094----pid-2094
---ebpf-pid----372881----pid-1
---ebpf-pid----6671----pid-5476
---ebpf-pid----372881----pid-372881
---ebpf-pid----2094----pid-1
---ebpf-pid----6671----pid-1
---ebpf-pid----2094----pid-2094
---ebpf-pid----2088----pid-2088
---ebpf-pid----372881----pid-1
---ebpf-pid----372881----pid-372881
---ebpf-pid----2094----pid-1
---ebpf-pid----2088----pid-1
---ebpf-pid----2094----pid-2094
---ebpf-pid----6671----pid-6671
---ebpf-pid----372881----pid-1
---ebpf-pid----2094----pid-1
---ebpf-pid----372881----pid-372881
---ebpf-pid----2094----pid-2094
---ebpf-pid----6671----pid-5476
---ebpf-pid----2094----pid-1
---ebpf-pid----6671----pid-1
---ebpf-pid----372881----pid-1
---ebpf-pid----2094----pid-2094
---ebpf-pid----6671----pid-6671
---ebpf-pid----372881----pid-372881
---ebpf-pid----2094----pid-1
---ebpf-pid----6671----pid-5476
---ebpf-pid----372881----pid-1
---ebpf-pid----2094----pid-2094
---ebpf-pid----372881----pid-372881
---ebpf-pid----6671----pid-1
---ebpf-pid----2094----pid-1
---ebpf-pid----2088----pid-2088
---ebpf-pid----372881----pid-1
---ebpf-pid----2094----pid-2094
---ebpf-pid----2029----pid-2029
---ebpf-pid----2088----pid-1
---ebpf-pid----2088----pid-2088
---ebpf-pid----2094----pid-1
---ebpf-pid----2029----pid-1
---ebpf-pid----2094----pid-2094
---ebpf-pid----2029----pid-2029
---ebpf-pid----2088----pid-1
---ebpf-pid----2088----pid-2088
---ebpf-pid----2094----pid-1
---ebpf-pid----2029----pid-1
---ebpf-pid----2088----pid-1
---ebpf-pid----2094----pid-2094
---ebpf-pid----2029----pid-2029
---ebpf-pid----2088----pid-2088
---ebpf-pid----2094----pid-1
---ebpf-pid----2088----pid-1
---ebpf-pid----2029----pid-1
---ebpf-pid----2094----pid-2094
---ebpf-pid----379067----pid-379067
---ebpf-pid----2029----pid-2029
---ebpf-pid----2094----pid-1
---ebpf-pid----2029----pid-1
---ebpf-pid----2094----pid-2094
---ebpf-pid----2029----pid-2029
---ebpf-pid----2094----pid-1
---ebpf-pid----2029----pid-1
---ebpf-pid----2094----pid-2094
---ebpf-pid----2029----pid-2029
---ebpf-pid----2094----pid-1
---ebpf-pid----2029----pid-1
---ebpf-pid----2094----pid-2094
---ebpf-pid----2029----pid-2029
---ebpf-pid----2094----pid-1
---ebpf-pid----2094----pid-2094
---ebpf-pid----2029----pid-1
---ebpf-pid----2029----pid-2029
---ebpf-pid----2094----pid-1
---ebpf-pid----2094----pid-2094
---ebpf-pid----2029----pid-1
---ebpf-pid----2029----pid-2029
---ebpf-pid----2094----pid-1
---ebpf-pid----2029----pid-1
---ebpf-pid----2094----pid-2094
---ebpf-pid----2029----pid-2029
---ebpf-pid----2094----pid-1
---ebpf-pid----2029----pid-1
---ebpf-pid----2094----pid-2094
---ebpf-pid----2029----pid-2029
---ebpf-pid----2094----pid-1
---ebpf-pid----448785----pid-1
---ebpf-pid----2029----pid-1
---ebpf-pid----2029----pid-2029
---ebpf-pid----379067----pid-379067
---ebpf-pid----2094----pid-2094
---ebpf-pid----2029----pid-1
---ebpf-pid----2094----pid-1
---ebpf-pid----379067----pid-5476
---ebpf-pid----2094----pid-2094
---ebpf-pid----2094----pid-1
---ebpf-pid----379067----pid-1
---ebpf-pid----2094----pid-2094
---ebpf-pid----379067----pid-379067
---ebpf-pid----2094----pid-1
---ebpf-pid----379067----pid-5476
---ebpf-pid----2094----pid-2094
---ebpf-pid----2094----pid-1
---ebpf-pid----379067----pid-1
---ebpf-pid----2094----pid-2094
---ebpf-pid----379067----pid-379067
---ebpf-pid----2094----pid-1
---ebpf-pid----379067----pid-379067
---ebpf-pid----379067----pid-5476
---ebpf-pid----379067----pid-5476
---ebpf-pid----379067----pid-1
---ebpf-pid----448785----pid-448785
---ebpf-pid----379067----pid-1
---ebpf-pid----379067----pid-379067
---ebpf-pid----448785----pid-448520
---ebpf-pid----379067----pid-5476
---ebpf-pid----448785----pid-1
---ebpf-pid----448783----pid-448783
---ebpf-pid----379067----pid-1
---ebpf-pid----379067----pid-379067
---ebpf-pid----448783----pid-448520
---ebpf-pid----379067----pid-5476
---ebpf-pid----448783----pid-1
---ebpf-pid----448783----pid-448783
---ebpf-pid----379067----pid-1
---ebpf-pid----379067----pid-379067
---ebpf-pid----448783----pid-448520
---ebpf-pid----379067----pid-5476
---ebpf-pid----448783----pid-1
---ebpf-pid----379067----pid-1
---ebpf-pid----448783----pid-448783
---ebpf-pid----379067----pid-379067
---ebpf-pid----379067----pid-5476
---ebpf-pid----448783----pid-448520
---ebpf-pid----379067----pid-1
---ebpf-pid----448783----pid-1
---ebpf-pid----2094----pid-2094
---ebpf-pid----448783----pid-448783
---ebpf-pid----2094----pid-1
---ebpf-pid----2094----pid-2094
---ebpf-pid----448783----pid-448520
---ebpf-pid----2094----pid-1
---ebpf-pid----448783----pid-1
---ebpf-pid----2094----pid-2094
---ebpf-pid----448783----pid-448783
---ebpf-pid----448783----pid-448520
---ebpf-pid----2094----pid-1
---ebpf-pid----2094----pid-2094
---ebpf-pid----2094----pid-1
---ebpf-pid----2094----pid-2094
---ebpf-pid----2094----pid-1
---ebpf-pid----2094----pid-2094
---ebpf-pid----2094----pid-1
---ebpf-pid----2094----pid-2094
---ebpf-pid----2094----pid-1
---ebpf-pid----2094----pid-2094
---ebpf-pid----2094----pid-1
---ebpf-pid----2094----pid-2094
---ebpf-pid----379067----pid-5476
---ebpf-pid----2094----pid-1
---ebpf-pid----2094----pid-2094
---ebpf-pid----2094----pid-1
---ebpf-pid----379067----pid-1
---ebpf-pid----2094----pid-2094
---ebpf-pid----379067----pid-379067
---ebpf-pid----2094----pid-1
---ebpf-pid----379067----pid-379067
---ebpf-pid----379067----pid-5476
---ebpf-pid----379067----pid-5476
---ebpf-pid----379067----pid-1
---ebpf-pid----379067----pid-379067
---ebpf-pid----379067----pid-5476
---ebpf-pid----379067----pid-1
---ebpf-pid----379067----pid-379067
---ebpf-pid----379067----pid-5476
---ebpf-pid----379067----pid-1
---ebpf-pid----379067----pid-379067
---ebpf-pid----379067----pid-5476
---ebpf-pid----379067----pid-1
---ebpf-pid----379067----pid-379067
---ebpf-pid----379067----pid-5476
---ebpf-pid----379067----pid-1
---ebpf-pid----2094----pid-2094
---ebpf-pid----2094----pid-1
---ebpf-pid----2094----pid-2094
---ebpf-pid----2094----pid-1
---ebpf-pid----2094----pid-2094
---ebpf-pid----2094----pid-1
---ebpf-pid----379067----pid-379067
---ebpf-pid----379067----pid-5476
---ebpf-pid----379067----pid-1
---ebpf-pid----379067----pid-379067
---ebpf-pid----379067----pid-5476
---ebpf-pid----379067----pid-1
---ebpf-pid----379067----pid-379067
---ebpf-pid----379067----pid-5476
---ebpf-pid----379067----pid-1
---ebpf-pid----379067----pid-379067
---ebpf-pid----379067----pid-5476
---ebpf-pid----379067----pid-1
---ebpf-pid----379067----pid-379067
---ebpf-pid----379067----pid-5476
---ebpf-pid----379067----pid-1
---ebpf-pid----379067----pid-379067
---ebpf-pid----379067----pid-5476
---ebpf-pid----379067----pid-1
---ebpf-pid----379067----pid-379067
---ebpf-pid----379067----pid-5476
---ebpf-pid----379067----pid-1
---ebpf-pid----379067----pid-379067
---ebpf-pid----379067----pid-5476
---ebpf-pid----379067----pid-1
---ebpf-pid----379067----pid-379067
---ebpf-pid----379067----pid-5476
---ebpf-pid----379067----pid-1
---ebpf-pid----379067----pid-379067
---ebpf-pid----379067----pid-5476
---ebpf-pid----448783----pid-1
---ebpf-pid----448783----pid-448783
---ebpf-pid----379067----pid-1
---ebpf-pid----379067----pid-379067
---ebpf-pid----448783----pid-448520
---ebpf-pid----379067----pid-5476
---ebpf-pid----379067----pid-1
---ebpf-pid----2094----pid-2094
---ebpf-pid----448783----pid-1
---ebpf-pid----448783----pid-448783
---ebpf-pid----2094----pid-1
---ebpf-pid----448783----pid-448520
---ebpf-pid----2094----pid-2094
---ebpf-pid----448783----pid-1
---ebpf-pid----2094----pid-1
---ebpf-pid----448783----pid-448783
---ebpf-pid----2094----pid-2094
---ebpf-pid----2094----pid-1
---ebpf-pid----448783----pid-448520
---ebpf-pid----2094----pid-2094
---ebpf-pid----448783----pid-1
---ebpf-pid----2094----pid-1
---ebpf-pid----448783----pid-448783
---ebpf-pid----2094----pid-2094
---ebpf-pid----448783----pid-448520
---ebpf-pid----379067----pid-1
---ebpf-pid----379067----pid-379067
---ebpf-pid----448783----pid-1
---ebpf-pid----448783----pid-448783
---ebpf-pid----379067----pid-5476
---ebpf-pid----448783----pid-448520
---ebpf-pid----379067----pid-1
---ebpf-pid----448783----pid-1
---ebpf-pid----379067----pid-379067
---ebpf-pid----448783----pid-448783
---ebpf-pid----379067----pid-5476
---ebpf-pid----448783----pid-448520
---ebpf-pid----379067----pid-1
---ebpf-pid----448783----pid-1
---ebpf-pid----379067----pid-379067
---ebpf-pid----448783----pid-448783
---ebpf-pid----448783----pid-448520
---ebpf-pid----448783----pid-1
---ebpf-pid----448783----pid-448783
---ebpf-pid----448783----pid-448520
---ebpf-pid----448783----pid-1
---ebpf-pid----448783----pid-448783
---ebpf-pid----448783----pid-448520
---ebpf-pid----448783----pid-1
---ebpf-pid----2094----pid-1
---ebpf-pid----448783----pid-448783
---ebpf-pid----2094----pid-2094
---ebpf-pid----448783----pid-448520
---ebpf-pid----448783----pid-1
---ebpf-pid----2094----pid-1
---ebpf-pid----448783----pid-448783
---ebpf-pid----2094----pid-2094
---ebpf-pid----448783----pid-448520
---ebpf-pid----2094----pid-1
---ebpf-pid----448783----pid-1
---ebpf-pid----2094----pid-2094
---ebpf-pid----448783----pid-448783
---ebpf-pid----448783----pid-448520
---ebpf-pid----2029----pid-2029
---ebpf-pid----2094----pid-1
---ebpf-pid----2094----pid-2094
---ebpf-pid----448783----pid-1
---ebpf-pid----448783----pid-448783
---ebpf-pid----2029----pid-1
---ebpf-pid----2094----pid-1
---ebpf-pid----2029----pid-2029
---ebpf-pid----448783----pid-448520
---ebpf-pid----2094----pid-2094
---ebpf-pid----2029----pid-1
---ebpf-pid----2094----pid-1
---ebpf-pid----448783----pid-1
---ebpf-pid----2029----pid-2029
---ebpf-pid----2094----pid-2094
---ebpf-pid----448783----pid-448783
---ebpf-pid----2029----pid-1
---ebpf-pid----2094----pid-1
---ebpf-pid----448783----pid-448520
---ebpf-pid----2029----pid-2029
---ebpf-pid----2094----pid-2094
---ebpf-pid----448783----pid-1
---ebpf-pid----2029----pid-1
---ebpf-pid----448783----pid-448783
---ebpf-pid----2094----pid-1
---ebpf-pid----2029----pid-2029
---ebpf-pid----2094----pid-2094
---ebpf-pid----2094----pid-1
---ebpf-pid----2029----pid-1
---ebpf-pid----2029----pid-2029
---ebpf-pid----2094----pid-2094
---ebpf-pid----2094----pid-1
---ebpf-pid----2094----pid-2094
---ebpf-pid----2094----pid-1
---ebpf-pid----2094----pid-2094
---ebpf-pid----2094----pid-1
---ebpf-pid----2094----pid-2094
---ebpf-pid----2094----pid-1
---ebpf-pid----2094----pid-2094
---ebpf-pid----2094----pid-1
---ebpf-pid----2094----pid-2094
---ebpf-pid----379067----pid-5476
---ebpf-pid----2094----pid-1
---ebpf-pid----2094----pid-2094
---ebpf-pid----379067----pid-1
---ebpf-pid----379067----pid-379067
---ebpf-pid----2094----pid-1
---ebpf-pid----2094----pid-2094
---ebpf-pid----379067----pid-5476
---ebpf-pid----2094----pid-1
---ebpf-pid----379067----pid-1
---ebpf-pid----2094----pid-2094
---ebpf-pid----379067----pid-379067
---ebpf-pid----379067----pid-5476
---ebpf-pid----379067----pid-1
---ebpf-pid----379067----pid-379067
---ebpf-pid----2094----pid-1
---ebpf-pid----2094----pid-2094
---ebpf-pid----379067----pid-5476
---ebpf-pid----2094----pid-1
---ebpf-pid----379067----pid-379067
---ebpf-pid----379067----pid-1
---ebpf-pid----379067----pid-379067
---ebpf-pid----379067----pid-5476
---ebpf-pid----379067----pid-5476
---ebpf-pid----379067----pid-1
---ebpf-pid----379067----pid-379067
---ebpf-pid----379067----pid-5476
---ebpf-pid----379067----pid-1
---ebpf-pid----379067----pid-379067
---ebpf-pid----379067----pid-5476
---ebpf-pid----2029----pid-1
---ebpf-pid----379067----pid-1
---ebpf-pid----2029----pid-2029
---ebpf-pid----379067----pid-379067
---ebpf-pid----2029----pid-1
---ebpf-pid----379067----pid-5476
---ebpf-pid----2029----pid-2029
---ebpf-pid----379067----pid-1
---ebpf-pid----2029----pid-1
---ebpf-pid----379067----pid-379067
---ebpf-pid----2029----pid-2029
---ebpf-pid----379067----pid-5476
---ebpf-pid----2029----pid-1
---ebpf-pid----2029----pid-2029
---ebpf-pid----379067----pid-1
---ebpf-pid----2029----pid-1
---ebpf-pid----379067----pid-379067
---ebpf-pid----2029----pid-2029
---ebpf-pid----379067----pid-5476
---ebpf-pid----2029----pid-1
---ebpf-pid----2029----pid-2029
---ebpf-pid----379067----pid-1
---ebpf-pid----379067----pid-379067
---ebpf-pid----2029----pid-1
---ebpf-pid----2029----pid-2029
---ebpf-pid----379067----pid-5476
---ebpf-pid----2029----pid-1
---ebpf-pid----379067----pid-1
---ebpf-pid----2029----pid-2029
---ebpf-pid----379067----pid-379067
---ebpf-pid----2029----pid-1
---ebpf-pid----379067----pid-5476
---ebpf-pid----2029----pid-2029
---ebpf-pid----379067----pid-1
---ebpf-pid----2029----pid-1
---ebpf-pid----379067----pid-379067
---ebpf-pid----2029----pid-2029
---ebpf-pid----379067----pid-5476
---ebpf-pid----2029----pid-1
---ebpf-pid----2029----pid-2029
---ebpf-pid----379067----pid-1
---ebpf-pid----379067----pid-379067
---ebpf-pid----2029----pid-1
---ebpf-pid----2029----pid-2029
---ebpf-pid----379067----pid-5476
---ebpf-pid----2029----pid-1
---ebpf-pid----2029----pid-2029
---ebpf-pid----379067----pid-1
---ebpf-pid----379067----pid-379067
---ebpf-pid----2029----pid-1
---ebpf-pid----2029----pid-2029
---ebpf-pid----379067----pid-5476
---ebpf-pid----2029----pid-1
---ebpf-pid----379067----pid-1
---ebpf-pid----2029----pid-2029
---ebpf-pid----379067----pid-379067
---ebpf-pid----2029----pid-1
---ebpf-pid----379067----pid-5476
---ebpf-pid----2029----pid-2029
---ebpf-pid----379067----pid-1
---ebpf-pid----2089----pid-2089
---ebpf-pid----2029----pid-1
---ebpf-pid----2029----pid-2029
---ebpf-pid----2089----pid-1
---ebpf-pid----2029----pid-1
---ebpf-pid----2089----pid-2089
---ebpf-pid----2029----pid-2029
---ebpf-pid----2089----pid-1
---ebpf-pid----2089----pid-2089
---ebpf-pid----2029----pid-1
---ebpf-pid----2029----pid-2029
---ebpf-pid----2089----pid-1
---ebpf-pid----2089----pid-2089
---ebpf-pid----2029----pid-1
---ebpf-pid----2029----pid-2029
---ebpf-pid----2089----pid-1
---ebpf-pid----2089----pid-2089
---ebpf-pid----2029----pid-1
---ebpf-pid----2029----pid-2029
---ebpf-pid----2089----pid-1
---ebpf-pid----2089----pid-2089
---ebpf-pid----2029----pid-1
---ebpf-pid----2029----pid-2029
---ebpf-pid----2089----pid-1
---ebpf-pid----2089----pid-2089
---ebpf-pid----2029----pid-1
---ebpf-pid----2029----pid-2029
---ebpf-pid----2089----pid-1
---ebpf-pid----2089----pid-2089
---ebpf-pid----2029----pid-1
---ebpf-pid----2029----pid-2029
---ebpf-pid----2089----pid-1
---ebpf-pid----2089----pid-2089
---ebpf-pid----2029----pid-1
---ebpf-pid----2029----pid-2029
---ebpf-pid----2089----pid-1
---ebpf-pid----2089----pid-2089
---ebpf-pid----2089----pid-1
---ebpf-pid----2029----pid-1
---ebpf-pid----2029----pid-2029
---ebpf-pid----448783----pid-448520
---ebpf-pid----379067----pid-1
---ebpf-pid----379067----pid-379067
---ebpf-pid----379067----pid-5476
---ebpf-pid----379067----pid-1
---ebpf-pid----379067----pid-379067
---ebpf-pid----379067----pid-5476
---ebpf-pid----379067----pid-1
---ebpf-pid----448783----pid-1
---ebpf-pid----379067----pid-379067
---ebpf-pid----448546----pid-448546
---ebpf-pid----379067----pid-5476
---ebpf-pid----448546----pid-1
---ebpf-pid----379067----pid-1
---ebpf-pid----448785----pid-448785
---ebpf-pid----379067----pid-379067
---ebpf-pid----379067----pid-5476
---ebpf-pid----448785----pid-448520
---ebpf-pid----379067----pid-1
---ebpf-pid----379067----pid-379067
---ebpf-pid----379067----pid-5476
---ebpf-pid----448785----pid-1
---ebpf-pid----448785----pid-448785
---ebpf-pid----379067----pid-1
---ebpf-pid----379067----pid-379067
---ebpf-pid----448785----pid-448520
---ebpf-pid----379067----pid-5476
---ebpf-pid----448785----pid-1
---ebpf-pid----379067----pid-1
---ebpf-pid----448785----pid-448785
---ebpf-pid----6671----pid-6671
---ebpf-pid----448785----pid-448520
---ebpf-pid----6671----pid-5476
---ebpf-pid----6671----pid-1
---ebpf-pid----448785----pid-1
---ebpf-pid----6671----pid-6671
---ebpf-pid----448785----pid-448785
---ebpf-pid----6671----pid-5476
---ebpf-pid----448785----pid-448520
---ebpf-pid----6671----pid-1
---ebpf-pid----379067----pid-379067
---ebpf-pid----448785----pid-1
---ebpf-pid----294----pid-294
---ebpf-pid----379067----pid-5476
---ebpf-pid----294----pid-2
---ebpf-pid----379067----pid-1
---ebpf-pid----448785----pid-448785
---ebpf-pid----372714----pid-372714
---ebpf-pid----448785----pid-448520
---ebpf-pid----372714----pid-5476
---ebpf-pid----448785----pid-1
---ebpf-pid----448785----pid-448785
---ebpf-pid----372714----pid-1
---ebpf-pid----372714----pid-372714
---ebpf-pid----448785----pid-448520
---ebpf-pid----372714----pid-5476
---ebpf-pid----448785----pid-1
---ebpf-pid----448785----pid-448785
---ebpf-pid----372714----pid-1
---ebpf-pid----379067----pid-379067
---ebpf-pid----448785----pid-448520
---ebpf-pid----379067----pid-5476
---ebpf-pid----379067----pid-1
---ebpf-pid----448785----pid-1
---ebpf-pid----372714----pid-372714
---ebpf-pid----448785----pid-448785
---ebpf-pid----372714----pid-5476
---ebpf-pid----448785----pid-448520
---ebpf-pid----372714----pid-1
---ebpf-pid----448785----pid-1
---ebpf-pid----372714----pid-372714
---ebpf-pid----448785----pid-448785
---ebpf-pid----372714----pid-5476
---ebpf-pid----448785----pid-448520
---ebpf-pid----448785----pid-1
---ebpf-pid----372714----pid-1
---ebpf-pid----448785----pid-448785
---ebpf-pid----372714----pid-372714
---ebpf-pid----448785----pid-448520
---ebpf-pid----372714----pid-5476
---ebpf-pid----448785----pid-1
---ebpf-pid----372714----pid-1
---ebpf-pid----2088----pid-2088
---ebpf-pid----372714----pid-372714
---ebpf-pid----372714----pid-5476
---ebpf-pid----2088----pid-1
---ebpf-pid----2088----pid-2088
---ebpf-pid----372714----pid-1
---ebpf-pid----372714----pid-372714
---ebpf-pid----2088----pid-1
---ebpf-pid----372714----pid-5476
---ebpf-pid----448785----pid-448785
---ebpf-pid----372714----pid-1
---ebpf-pid----448785----pid-448520
---ebpf-pid----372714----pid-372714
---ebpf-pid----448785----pid-1
---ebpf-pid----448785----pid-448785
---ebpf-pid----372714----pid-5476
---ebpf-pid----372714----pid-1
---ebpf-pid----372714----pid-372714
---ebpf-pid----372714----pid-5476
---ebpf-pid----2089----pid-2089
---ebpf-pid----2089----pid-1
---ebpf-pid----2089----pid-2089
---ebpf-pid----2089----pid-1
---ebpf-pid----2089----pid-2089
---ebpf-pid----2089----pid-1
---ebpf-pid----372714----pid-1
---ebpf-pid----2089----pid-2089
---ebpf-pid----372714----pid-372714
---ebpf-pid----448785----pid-448520
---ebpf-pid----2089----pid-1
---ebpf-pid----2089----pid-2089
---ebpf-pid----372714----pid-5476
---ebpf-pid----2089----pid-1
---ebpf-pid----2089----pid-2089
---ebpf-pid----372714----pid-1
---ebpf-pid----372714----pid-372714
---ebpf-pid----2089----pid-1
---ebpf-pid----372714----pid-5476
---ebpf-pid----2089----pid-2089
---ebpf-pid----2089----pid-1
---ebpf-pid----2089----pid-2089
---ebpf-pid----2089----pid-1
---ebpf-pid----372714----pid-1
---ebpf-pid----2089----pid-2089
---ebpf-pid----372714----pid-372714
---ebpf-pid----2089----pid-1
---ebpf-pid----2089----pid-2089
---ebpf-pid----372714----pid-5476
---ebpf-pid----2089----pid-1
---ebpf-pid----372714----pid-1
---ebpf-pid----448785----pid-1
---ebpf-pid----372714----pid-372714
---ebpf-pid----2088----pid-2088
---ebpf-pid----448785----pid-448785
---ebpf-pid----372714----pid-5476
---ebpf-pid----2088----pid-1
---ebpf-pid----448785----pid-448520
---ebpf-pid----372714----pid-372714
---ebpf-pid----448785----pid-1
---ebpf-pid----372714----pid-1
---ebpf-pid----372714----pid-5476
---ebpf-pid----448785----pid-448785
---ebpf-pid----372714----pid-372714
---ebpf-pid----448785----pid-448520
---ebpf-pid----372714----pid-1
---ebpf-pid----372714----pid-5476
---ebpf-pid----372714----pid-372714
---ebpf-pid----372714----pid-1
---ebpf-pid----448785----pid-1
---ebpf-pid----372714----pid-5476
---ebpf-pid----372714----pid-372714
---ebpf-pid----448785----pid-448785
---ebpf-pid----372714----pid-1
---ebpf-pid----448785----pid-448520
---ebpf-pid----372714----pid-5476
---ebpf-pid----2029----pid-1
---ebpf-pid----372714----pid-372714
---ebpf-pid----2029----pid-2029
---ebpf-pid----448785----pid-1
---ebpf-pid----372714----pid-5476
---ebpf-pid----448785----pid-448785
---ebpf-pid----372714----pid-1
---ebpf-pid----2029----pid-1
---ebpf-pid----448785----pid-448520
---ebpf-pid----372714----pid-372714
---ebpf-pid----2029----pid-2029
---ebpf-pid----372714----pid-5476
---ebpf-pid----448785----pid-1
---ebpf-pid----448785----pid-448785
---ebpf-pid----2029----pid-1
---ebpf-pid----2029----pid-2029
---ebpf-pid----372714----pid-1
---ebpf-pid----372714----pid-372714
---ebpf-pid----448785----pid-448520
---ebpf-pid----2029----pid-1
---ebpf-pid----372714----pid-5476
---ebpf-pid----448785----pid-1
---ebpf-pid----2029----pid-2029
---ebpf-pid----14----pid-14
---ebpf-pid----372714----pid-1
---ebpf-pid----2029----pid-1
---ebpf-pid----372714----pid-372714
---ebpf-pid----14----pid-2
---ebpf-pid----2029----pid-2029
---ebpf-pid----448785----pid-448785
---ebpf-pid----372714----pid-5476
---ebpf-pid----2029----pid-1
---ebpf-pid----2029----pid-2029
---ebpf-pid----448785----pid-448520
---ebpf-pid----372714----pid-1
---ebpf-pid----372714----pid-372714
---ebpf-pid----2029----pid-1
---ebpf-pid----448785----pid-1
---ebpf-pid----448785----pid-448785
---ebpf-pid----2029----pid-2029
---ebpf-pid----372714----pid-5476
---ebpf-pid----2029----pid-1
---ebpf-pid----448785----pid-448520
---ebpf-pid----372714----pid-1
---ebpf-pid----2029----pid-2029
---ebpf-pid----372714----pid-372714
---ebpf-pid----448785----pid-1
---ebpf-pid----372714----pid-5476
---ebpf-pid----448785----pid-448785
---ebpf-pid----2029----pid-1
---ebpf-pid----2029----pid-2029
---ebpf-pid----372714----pid-1
---ebpf-pid----448785----pid-448520
---ebpf-pid----372714----pid-372714
---ebpf-pid----2029----pid-1
---ebpf-pid----2029----pid-2029
---ebpf-pid----448785----pid-1
---ebpf-pid----372714----pid-5476
---ebpf-pid----448785----pid-448785
---ebpf-pid----2029----pid-1
---ebpf-pid----372714----pid-1
---ebpf-pid----2029----pid-2029
---ebpf-pid----372714----pid-372714
---ebpf-pid----448785----pid-448520
---ebpf-pid----2029----pid-1
---ebpf-pid----372714----pid-5476
---ebpf-pid----448785----pid-1
---ebpf-pid----2029----pid-2029
---ebpf-pid----448784----pid-448784
---ebpf-pid----372714----pid-1
---ebpf-pid----372714----pid-372714
---ebpf-pid----2029----pid-1
---ebpf-pid----448784----pid-448520
---ebpf-pid----448784----pid-1
---ebpf-pid----448784----pid-448784
---ebpf-pid----448784----pid-448520
---ebpf-pid----448784----pid-1
---ebpf-pid----448785----pid-448785
---ebpf-pid----448785----pid-448520
---ebpf-pid----448785----pid-1
---ebpf-pid----448785----pid-448785
---ebpf-pid----448785----pid-448520
---ebpf-pid----448785----pid-1
---ebpf-pid----448521----pid-448521
---ebpf-pid----448521----pid-1
---ebpf-pid----448785----pid-448785
---ebpf-pid----2029----pid-2029
---ebpf-pid----372714----pid-1
---ebpf-pid----372714----pid-372714
---ebpf-pid----448785----pid-448520
---ebpf-pid----372714----pid-5476
---ebpf-pid----2029----pid-1
---ebpf-pid----2029----pid-2029
---ebpf-pid----372714----pid-1
---ebpf-pid----448785----pid-1
---ebpf-pid----372714----pid-372714
---ebpf-pid----372714----pid-5476
---ebpf-pid----448785----pid-448785
---ebpf-pid----372714----pid-1
---ebpf-pid----2029----pid-1
---ebpf-pid----372714----pid-372714
---ebpf-pid----448785----pid-448520
---ebpf-pid----372714----pid-5476
---ebpf-pid----2029----pid-2029
---ebpf-pid----372714----pid-1
---ebpf-pid----372714----pid-372714
---ebpf-pid----448785----pid-1
---ebpf-pid----2029----pid-1
---ebpf-pid----372714----pid-5476
---ebpf-pid----448784----pid-448784
---ebpf-pid----372714----pid-1
---ebpf-pid----372714----pid-372714
---ebpf-pid----2029----pid-2029
---ebpf-pid----372714----pid-5476
---ebpf-pid----448784----pid-448520
---ebpf-pid----372714----pid-1
---ebpf-pid----2029----pid-1
---ebpf-pid----372714----pid-372714
---ebpf-pid----2029----pid-2029
---ebpf-pid----372714----pid-5476
---ebpf-pid----372714----pid-1
---ebpf-pid----372714----pid-372714
---ebpf-pid----2029----pid-1
---ebpf-pid----2029----pid-2029
---ebpf-pid----372714----pid-5476
---ebpf-pid----448784----pid-1
---ebpf-pid----448784----pid-448784
---ebpf-pid----372714----pid-1
---ebpf-pid----372714----pid-372714
---ebpf-pid----372714----pid-5476
---ebpf-pid----448784----pid-448520
---ebpf-pid----2029----pid-1
---ebpf-pid----372714----pid-1
---ebpf-pid----2029----pid-2029
---ebpf-pid----372714----pid-372714
---ebpf-pid----2029----pid-1
---ebpf-pid----372714----pid-5476
---ebpf-pid----2029----pid-2029
---ebpf-pid----372714----pid-1
---ebpf-pid----2029----pid-1
---ebpf-pid----372714----pid-372714
---ebpf-pid----2029----pid-2029
---ebpf-pid----372714----pid-5476
---ebpf-pid----2029----pid-1
---ebpf-pid----2029----pid-2029
---ebpf-pid----372714----pid-1
---ebpf-pid----372714----pid-372714
---ebpf-pid----372714----pid-5476
---ebpf-pid----372714----pid-1
---ebpf-pid----372714----pid-372714
---ebpf-pid----372714----pid-5476
---ebpf-pid----372714----pid-1
---ebpf-pid----372714----pid-372714
---ebpf-pid----372714----pid-5476
---ebpf-pid----372714----pid-1
---ebpf-pid----372714----pid-372714
---ebpf-pid----448784----pid-1
---ebpf-pid----372714----pid-5476
---ebpf-pid----448784----pid-448784
---ebpf-pid----372714----pid-1
---ebpf-pid----448784----pid-448520
---ebpf-pid----2029----pid-1
---ebpf-pid----2029----pid-2029
---ebpf-pid----2029----pid-1
---ebpf-pid----2029----pid-2029
---ebpf-pid----448784----pid-1
---ebpf-pid----448784----pid-448784
---ebpf-pid----2029----pid-1
---ebpf-pid----448784----pid-448520
---ebpf-pid----2029----pid-2029
---ebpf-pid----448784----pid-1
---ebpf-pid----2029----pid-1
---ebpf-pid----448784----pid-448784
---ebpf-pid----2029----pid-2029
---ebpf-pid----448784----pid-448520
---ebpf-pid----2029----pid-1
---ebpf-pid----2029----pid-2029
---ebpf-pid----448784----pid-1
---ebpf-pid----448784----pid-448784
---ebpf-pid----2029----pid-1
---ebpf-pid----448784----pid-448520
---ebpf-pid----2029----pid-2029
---ebpf-pid----448784----pid-1
---ebpf-pid----2029----pid-1
---ebpf-pid----448785----pid-448785
---ebpf-pid----2029----pid-2029
---ebpf-pid----448785----pid-448520
---ebpf-pid----2029----pid-1
---ebpf-pid----372714----pid-372714
---ebpf-pid----448785----pid-1
---ebpf-pid----448785----pid-448785
---ebpf-pid----372714----pid-5476
---ebpf-pid----448785----pid-448520
---ebpf-pid----372714----pid-1
---ebpf-pid----372714----pid-372714
---ebpf-pid----372714----pid-5476
---ebpf-pid----372714----pid-1
---ebpf-pid----2094----pid-2094
---ebpf-pid----2094----pid-1
---ebpf-pid----2094----pid-2094
---ebpf-pid----2094----pid-1
---ebpf-pid----2094----pid-2094
---ebpf-pid----372714----pid-372714
---ebpf-pid----2094----pid-1
---ebpf-pid----2094----pid-2094
---ebpf-pid----372714----pid-5476
---ebpf-pid----2094----pid-1
---ebpf-pid----372714----pid-1
---ebpf-pid----2094----pid-2094
---ebpf-pid----372714----pid-372714
---ebpf-pid----2094----pid-1
---ebpf-pid----372714----pid-5476
---ebpf-pid----2094----pid-2094
---ebpf-pid----372714----pid-1
---ebpf-pid----2094----pid-1
---ebpf-pid----2094----pid-2094
---ebpf-pid----372714----pid-372714
---ebpf-pid----2094----pid-1
---ebpf-pid----372714----pid-5476
---ebpf-pid----2094----pid-2094
---ebpf-pid----372714----pid-1
---ebpf-pid----2094----pid-1
---ebpf-pid----372714----pid-372714
---ebpf-pid----2094----pid-2094
---ebpf-pid----372714----pid-5476
---ebpf-pid----2094----pid-1
---ebpf-pid----2094----pid-2094
---ebpf-pid----372714----pid-1
---ebpf-pid----372714----pid-372714
---ebpf-pid----2094----pid-1
---ebpf-pid----2094----pid-2094
---ebpf-pid----372714----pid-5476
---ebpf-pid----2094----pid-1
---ebpf-pid----2094----pid-2094
---ebpf-pid----372714----pid-1
---ebpf-pid----372714----pid-372714
---ebpf-pid----2094----pid-1
---ebpf-pid----2094----pid-2094
---ebpf-pid----372714----pid-5476
---ebpf-pid----2094----pid-1
---ebpf-pid----372714----pid-1
---ebpf-pid----2094----pid-2094
---ebpf-pid----372714----pid-372714
---ebpf-pid----372714----pid-5476
---ebpf-pid----2094----pid-1
---ebpf-pid----372714----pid-5476
---ebpf-pid----2094----pid-2094
---ebpf-pid----372714----pid-1
---ebpf-pid----372714----pid-1
---ebpf-pid----372714----pid-372714
---ebpf-pid----2094----pid-1
---ebpf-pid----372714----pid-372714
---ebpf-pid----2094----pid-2094
---ebpf-pid----372714----pid-5476
---ebpf-pid----372714----pid-5476
---ebpf-pid----2094----pid-1
---ebpf-pid----2094----pid-2094
---ebpf-pid----372714----pid-1
---ebpf-pid----372714----pid-372714
---ebpf-pid----372714----pid-1
---ebpf-pid----2094----pid-1
---ebpf-pid----372714----pid-372714
---ebpf-pid----2094----pid-2094
---ebpf-pid----372714----pid-5476
---ebpf-pid----372714----pid-5476
---ebpf-pid----2094----pid-1
---ebpf-pid----372714----pid-1
---ebpf-pid----2094----pid-2094
---ebpf-pid----2088----pid-2088
---ebpf-pid----372714----pid-1
---ebpf-pid----372714----pid-372714
---ebpf-pid----2094----pid-1
---ebpf-pid----2088----pid-1
---ebpf-pid----2094----pid-2094
---ebpf-pid----379067----pid-379067
---ebpf-pid----372714----pid-5476
---ebpf-pid----2094----pid-1
---ebpf-pid----379067----pid-5476
---ebpf-pid----2094----pid-2094
---ebpf-pid----372714----pid-1
---ebpf-pid----372714----pid-372714
---ebpf-pid----379067----pid-1
---ebpf-pid----2094----pid-1
---ebpf-pid----379067----pid-379067
---ebpf-pid----372714----pid-5476
---ebpf-pid----2094----pid-2094
---ebpf-pid----379067----pid-5476
---ebpf-pid----372714----pid-1
---ebpf-pid----2094----pid-1
---ebpf-pid----372714----pid-372714
---ebpf-pid----2094----pid-2094
---ebpf-pid----379067----pid-1
---ebpf-pid----2088----pid-2088
---ebpf-pid----372714----pid-5476
---ebpf-pid----2094----pid-1
---ebpf-pid----2094----pid-2094
---ebpf-pid----2088----pid-1
---ebpf-pid----372714----pid-1
---ebpf-pid----379067----pid-379067
---ebpf-pid----379067----pid-5476
---ebpf-pid----379067----pid-1
---ebpf-pid----379067----pid-379067
---ebpf-pid----379067----pid-5476
---ebpf-pid----379067----pid-1
---ebpf-pid----379067----pid-379067
---ebpf-pid----379067----pid-5476
---ebpf-pid----379067----pid-1
---ebpf-pid----379067----pid-379067
---ebpf-pid----2094----pid-1
---ebpf-pid----379067----pid-5476
---ebpf-pid----2094----pid-2094
---ebpf-pid----379067----pid-1
---ebpf-pid----2094----pid-1
---ebpf-pid----379067----pid-379067
---ebpf-pid----2094----pid-2094
---ebpf-pid----372714----pid-372714
---ebpf-pid----372714----pid-5476
---ebpf-pid----372714----pid-1
---ebpf-pid----372714----pid-372714
---ebpf-pid----372714----pid-5476
---ebpf-pid----372714----pid-1
---ebpf-pid----372714----pid-372714
---ebpf-pid----372714----pid-5476
---ebpf-pid----372714----pid-1
---ebpf-pid----372714----pid-372714
---ebpf-pid----372714----pid-5476
---ebpf-pid----372714----pid-1
---ebpf-pid----372714----pid-372714
---ebpf-pid----372714----pid-5476
---ebpf-pid----2094----pid-1
---ebpf-pid----372714----pid-1
---ebpf-pid----372714----pid-372714
---ebpf-pid----2094----pid-2094
---ebpf-pid----372714----pid-5476
---ebpf-pid----2094----pid-1
---ebpf-pid----2094----pid-2094
---ebpf-pid----372714----pid-1
---ebpf-pid----372714----pid-372714
---ebpf-pid----2094----pid-1
---ebpf-pid----2094----pid-2094
---ebpf-pid----372714----pid-5476
---ebpf-pid----2094----pid-1
---ebpf-pid----372714----pid-1
---ebpf-pid----2094----pid-2094
---ebpf-pid----372714----pid-372714
---ebpf-pid----2094----pid-1
---ebpf-pid----372714----pid-5476
---ebpf-pid----2094----pid-2094
---ebpf-pid----372714----pid-1
---ebpf-pid----2094----pid-1
---ebpf-pid----6671----pid-6671
---ebpf-pid----2094----pid-2094
---ebpf-pid----6671----pid-5476
---ebpf-pid----2094----pid-1
---ebpf-pid----2094----pid-2094
---ebpf-pid----6671----pid-1
---ebpf-pid----6671----pid-6671
---ebpf-pid----2094----pid-1
---ebpf-pid----2094----pid-2094
---ebpf-pid----6671----pid-5476
---ebpf-pid----2094----pid-1
---ebpf-pid----6671----pid-1
---ebpf-pid----2094----pid-2094
---ebpf-pid----6671----pid-6671
---ebpf-pid----2094----pid-1
---ebpf-pid----2094----pid-2094
---ebpf-pid----6671----pid-5476
---ebpf-pid----2094----pid-1
---ebpf-pid----379067----pid-5476
---ebpf-pid----6671----pid-1
---ebpf-pid----2094----pid-2094
---ebpf-pid----6671----pid-6671
---ebpf-pid----2094----pid-1
---ebpf-pid----379067----pid-1
---ebpf-pid----2088----pid-2088
---ebpf-pid----2094----pid-2094
---ebpf-pid----2088----pid-1
---ebpf-pid----2094----pid-1
---ebpf-pid----379067----pid-379067
---ebpf-pid----2094----pid-2094
---ebpf-pid----379067----pid-5476
---ebpf-pid----2094----pid-1
---ebpf-pid----2094----pid-2094
---ebpf-pid----379067----pid-1
---ebpf-pid----379067----pid-379067
---ebpf-pid----2094----pid-1
---ebpf-pid----2094----pid-2094
---ebpf-pid----379067----pid-5476
---ebpf-pid----2094----pid-1
---ebpf-pid----379067----pid-1
---ebpf-pid----2094----pid-2094
---ebpf-pid----2088----pid-2088
---ebpf-pid----2094----pid-1
---ebpf-pid----2094----pid-2094
---ebpf-pid----2088----pid-1
---ebpf-pid----379067----pid-379067
---ebpf-pid----2094----pid-1
---ebpf-pid----2094----pid-2094
---ebpf-pid----379067----pid-5476
---ebpf-pid----379067----pid-1
---ebpf-pid----379067----pid-379067
---ebpf-pid----379067----pid-5476
---ebpf-pid----379067----pid-1
---ebpf-pid----379067----pid-379067
---ebpf-pid----379067----pid-5476
---ebpf-pid----379067----pid-1
---ebpf-pid----2088----pid-2088
---ebpf-pid----2088----pid-1
---ebpf-pid----379067----pid-379067
---ebpf-pid----379067----pid-5476
---ebpf-pid----379067----pid-1
---ebpf-pid----379067----pid-379067
---ebpf-pid----379067----pid-5476
---ebpf-pid----379067----pid-1
---ebpf-pid----2088----pid-2088
---ebpf-pid----2088----pid-1
---ebpf-pid----379067----pid-379067
---ebpf-pid----379067----pid-5476
---ebpf-pid----379067----pid-1
---ebpf-pid----379067----pid-379067
---ebpf-pid----379067----pid-5476
---ebpf-pid----379067----pid-1
---ebpf-pid----379067----pid-379067
---ebpf-pid----379067----pid-5476
---ebpf-pid----379067----pid-1
---ebpf-pid----2088----pid-2088
---ebpf-pid----2088----pid-1
---ebpf-pid----2088----pid-2088
---ebpf-pid----2088----pid-1
---ebpf-pid----5705----pid-5705
---ebpf-pid----448785----pid-1
---ebpf-pid----2094----pid-1
---ebpf-pid----448785----pid-448785
---ebpf-pid----2094----pid-2094
---ebpf-pid----448785----pid-448520
---ebpf-pid----2094----pid-1
---ebpf-pid----2094----pid-2094
---ebpf-pid----448785----pid-1
---ebpf-pid----448782----pid-448782
---ebpf-pid----2094----pid-1
---ebpf-pid----2094----pid-2094
---ebpf-pid----448782----pid-448520
---ebpf-pid----2094----pid-1
---ebpf-pid----2094----pid-2094
---ebpf-pid----448782----pid-1
---ebpf-pid----448782----pid-448782
---ebpf-pid----2094----pid-1
---ebpf-pid----2094----pid-2094
---ebpf-pid----448782----pid-448520
---ebpf-pid----2094----pid-1
---ebpf-pid----448782----pid-1
---ebpf-pid----2094----pid-2094
---ebpf-pid----448782----pid-448782
---ebpf-pid----448782----pid-448520
---ebpf-pid----2094----pid-1
---ebpf-pid----2094----pid-2094
---ebpf-pid----448782----pid-1
---ebpf-pid----448782----pid-448782
---ebpf-pid----2094----pid-1
---ebpf-pid----2094----pid-2094
---ebpf-pid----448782----pid-448520
---ebpf-pid----448782----pid-1
---ebpf-pid----2094----pid-1
---ebpf-pid----448782----pid-448782
---ebpf-pid----2094----pid-2094
---ebpf-pid----448782----pid-448520
---ebpf-pid----2094----pid-1
---ebpf-pid----448782----pid-1
---ebpf-pid----2094----pid-2094
---ebpf-pid----448782----pid-448782
---ebpf-pid----2094----pid-1
---ebpf-pid----448782----pid-448520
---ebpf-pid----2094----pid-2094
---ebpf-pid----448782----pid-1
---ebpf-pid----448782----pid-448782
---ebpf-pid----2094----pid-1
---ebpf-pid----2094----pid-2094
---ebpf-pid----448782----pid-448520
---ebpf-pid----2094----pid-1
---ebpf-pid----448782----pid-1
---ebpf-pid----2094----pid-2094
---ebpf-pid----448782----pid-448782
---ebpf-pid----2094----pid-1
---ebpf-pid----448782----pid-448520
---ebpf-pid----2094----pid-2094
---ebpf-pid----448782----pid-1
---ebpf-pid----448782----pid-448782
---ebpf-pid----2094----pid-1
---ebpf-pid----448782----pid-448520
---ebpf-pid----2094----pid-2094
---ebpf-pid----448782----pid-1
---ebpf-pid----2094----pid-1
---ebpf-pid----448782----pid-448782
---ebpf-pid----2094----pid-2094
---ebpf-pid----448782----pid-448520
---ebpf-pid----2094----pid-1
---ebpf-pid----448782----pid-1
---ebpf-pid----2094----pid-2094
---ebpf-pid----4716----pid-4716
---ebpf-pid----2094----pid-1
---ebpf-pid----4716----pid-3323
---ebpf-pid----2094----pid-2094
---ebpf-pid----4716----pid-1
---ebpf-pid----2094----pid-1
---ebpf-pid----2094----pid-2094
---ebpf-pid----2094----pid-1
---ebpf-pid----2094----pid-2094
---ebpf-pid----2094----pid-1
---ebpf-pid----2094----pid-2094
---ebpf-pid----2094----pid-1
---ebpf-pid----4716----pid-4716
---ebpf-pid----2094----pid-2094
---ebpf-pid----2094----pid-1
---ebpf-pid----4716----pid-3323
---ebpf-pid----2094----pid-2094
---ebpf-pid----4716----pid-1
---ebpf-pid----2094----pid-1
---ebpf-pid----448782----pid-448782
---ebpf-pid----2094----pid-2094
---ebpf-pid----448782----pid-448520
---ebpf-pid----2094----pid-1
---ebpf-pid----2094----pid-2094
---ebpf-pid----448782----pid-1
---ebpf-pid----448782----pid-448782
---ebpf-pid----2094----pid-1
---ebpf-pid----2094----pid-2094
---ebpf-pid----448782----pid-448520
---ebpf-pid----448782----pid-1
---ebpf-pid----2094----pid-1
---ebpf-pid----379067----pid-379067
---ebpf-pid----2094----pid-2094
---ebpf-pid----379067----pid-5476
---ebpf-pid----2094----pid-1
---ebpf-pid----2094----pid-2094
---ebpf-pid----379067----pid-1
---ebpf-pid----379067----pid-379067
---ebpf-pid----2094----pid-1
---ebpf-pid----2094----pid-2094
---ebpf-pid----379067----pid-5476
---ebpf-pid----379067----pid-1
---ebpf-pid----2094----pid-1
---ebpf-pid----379067----pid-379067
---ebpf-pid----2094----pid-2094
---ebpf-pid----379067----pid-5476
---ebpf-pid----2094----pid-1
---ebpf-pid----2094----pid-2094
---ebpf-pid----379067----pid-1
---ebpf-pid----379067----pid-379067
---ebpf-pid----2094----pid-1
---ebpf-pid----2094----pid-2094
---ebpf-pid----379067----pid-5476
---ebpf-pid----2094----pid-1
---ebpf-pid----379067----pid-1
---ebpf-pid----2094----pid-2094
---ebpf-pid----379067----pid-379067
---ebpf-pid----2094----pid-1
---ebpf-pid----379067----pid-5476
---ebpf-pid----2094----pid-2094
---ebpf-pid----379067----pid-1
---ebpf-pid----379067----pid-379067
---ebpf-pid----2094----pid-1
---ebpf-pid----2094----pid-2094
---ebpf-pid----379067----pid-5476
---ebpf-pid----2094----pid-1
---ebpf-pid----379067----pid-1
---ebpf-pid----2094----pid-2094
---ebpf-pid----379067----pid-379067
---ebpf-pid----379067----pid-5476
---ebpf-pid----2094----pid-1
---ebpf-pid----2094----pid-2094
---ebpf-pid----379067----pid-1
---ebpf-pid----379067----pid-379067
---ebpf-pid----2094----pid-1
---ebpf-pid----2094----pid-2094
---ebpf-pid----379067----pid-5476
---ebpf-pid----2094----pid-1
---ebpf-pid----379067----pid-1
---ebpf-pid----2094----pid-2094
---ebpf-pid----379067----pid-379067
---ebpf-pid----379067----pid-5476
---ebpf-pid----379067----pid-1
---ebpf-pid----379067----pid-379067
---ebpf-pid----379067----pid-5476
---ebpf-pid----379067----pid-1
---ebpf-pid----379067----pid-379067
---ebpf-pid----379067----pid-5476
---ebpf-pid----379067----pid-1
---ebpf-pid----379067----pid-379067
---ebpf-pid----379067----pid-5476
---ebpf-pid----379067----pid-1
---ebpf-pid----379067----pid-379067
---ebpf-pid----2094----pid-1
---ebpf-pid----379067----pid-5476
---ebpf-pid----2094----pid-2094
---ebpf-pid----379067----pid-1
---ebpf-pid----379067----pid-379067
---ebpf-pid----2094----pid-1
---ebpf-pid----2094----pid-2094
---ebpf-pid----379067----pid-5476
---ebpf-pid----2094----pid-1
---ebpf-pid----379067----pid-1
---ebpf-pid----2094----pid-2094
---ebpf-pid----379067----pid-379067
---ebpf-pid----2094----pid-1
---ebpf-pid----379067----pid-5476
---ebpf-pid----2094----pid-2094
---ebpf-pid----379067----pid-1
---ebpf-pid----379067----pid-379067
---ebpf-pid----379067----pid-5476
---ebpf-pid----379067----pid-1
---ebpf-pid----379067----pid-379067
---ebpf-pid----379067----pid-5476
---ebpf-pid----5705----pid-5476
---ebpf-pid----5705----pid-1
---ebpf-pid----379067----pid-1
---ebpf-pid----379067----pid-379067
---ebpf-pid----5705----pid-5705
---ebpf-pid----379067----pid-5476
---ebpf-pid----5705----pid-5476
---ebpf-pid----379067----pid-1
---ebpf-pid----5705----pid-1
---ebpf-pid----379067----pid-379067
---ebpf-pid----6671----pid-6671
---ebpf-pid----379067----pid-5476
---ebpf-pid----6671----pid-5476
---ebpf-pid----379067----pid-1
---ebpf-pid----379067----pid-379067
---ebpf-pid----379067----pid-5476
---ebpf-pid----379067----pid-1
---ebpf-pid----379067----pid-379067
---ebpf-pid----379067----pid-5476
---ebpf-pid----379067----pid-1
---ebpf-pid----379067----pid-379067
---ebpf-pid----379067----pid-5476
---ebpf-pid----379067----pid-1
---ebpf-pid----379067----pid-379067
---ebpf-pid----379067----pid-5476
---ebpf-pid----379067----pid-1
---ebpf-pid----379067----pid-379067
---ebpf-pid----379067----pid-5476
---ebpf-pid----379067----pid-1
---ebpf-pid----4716----pid-4716
---ebpf-pid----6671----pid-1
---ebpf-pid----4716----pid-3323
---ebpf-pid----6671----pid-6671
---ebpf-pid----4716----pid-1
---ebpf-pid----448782----pid-448782
---ebpf-pid----6671----pid-5476
---ebpf-pid----448782----pid-448520
---ebpf-pid----6671----pid-1
---ebpf-pid----5705----pid-5705
---ebpf-pid----448782----pid-1
---ebpf-pid----448782----pid-448782
---ebpf-pid----448782----pid-448520
---ebpf-pid----2094----pid-1
---ebpf-pid----448782----pid-1
---ebpf-pid----448782----pid-448782
---ebpf-pid----5705----pid-5476
---ebpf-pid----2094----pid-2094
---ebpf-pid----448782----pid-448520
---ebpf-pid----2094----pid-1
---ebpf-pid----2094----pid-2094
---ebpf-pid----448782----pid-1
---ebpf-pid----448782----pid-448782
---ebpf-pid----2094----pid-1
---ebpf-pid----448782----pid-448520
---ebpf-pid----448782----pid-1
---ebpf-pid----448782----pid-448782
---ebpf-pid----448782----pid-448520
---ebpf-pid----448782----pid-1
---ebpf-pid----448782----pid-448782
---ebpf-pid----2094----pid-2094
---ebpf-pid----448782----pid-448520
---ebpf-pid----2094----pid-1
---ebpf-pid----448782----pid-1
---ebpf-pid----2094----pid-2094
---ebpf-pid----448782----pid-448782
---ebpf-pid----2094----pid-1
---ebpf-pid----2094----pid-2094
---ebpf-pid----2094----pid-1
---ebpf-pid----2094----pid-2094
---ebpf-pid----2094----pid-1
---ebpf-pid----379067----pid-379067
---ebpf-pid----448782----pid-448520
---ebpf-pid----448782----pid-1
---ebpf-pid----448782----pid-448782
---ebpf-pid----448782----pid-448520
---ebpf-pid----448782----pid-1
---ebpf-pid----448782----pid-448782
---ebpf-pid----448782----pid-448520
---ebpf-pid----448782----pid-1
---ebpf-pid----448782----pid-448782
---ebpf-pid----448782----pid-448520
---ebpf-pid----448782----pid-1
---ebpf-pid----448782----pid-448782
---ebpf-pid----448782----pid-448520
---ebpf-pid----5705----pid-1
---ebpf-pid----448782----pid-1
---ebpf-pid----5705----pid-5705
---ebpf-pid----448782----pid-448782
---ebpf-pid----448782----pid-448520
---ebpf-pid----5705----pid-5476
---ebpf-pid----448782----pid-1
---ebpf-pid----448782----pid-448782
---ebpf-pid----448782----pid-448520
---ebpf-pid----448782----pid-1
---ebpf-pid----448782----pid-448782
---ebpf-pid----448782----pid-448520
---ebpf-pid----448782----pid-1
---ebpf-pid----448782----pid-448782
---ebpf-pid----448782----pid-448520
---ebpf-pid----448782----pid-1
---ebpf-pid----448782----pid-448782
---ebpf-pid----448782----pid-448520
---ebpf-pid----448782----pid-1
---ebpf-pid----448782----pid-448782
---ebpf-pid----448782----pid-448520
---ebpf-pid----448782----pid-1
---ebpf-pid----4716----pid-4716
---ebpf-pid----5705----pid-1
---ebpf-pid----2088----pid-2088
---ebpf-pid----2088----pid-1
---ebpf-pid----5705----pid-5705
---ebpf-pid----5705----pid-5476
---ebpf-pid----5705----pid-1
---ebpf-pid----5705----pid-5705
---ebpf-pid----5705----pid-5476
---ebpf-pid----5705----pid-1
---ebpf-pid----4716----pid-3323
---ebpf-pid----5705----pid-5705
---ebpf-pid----5705----pid-5476
---ebpf-pid----4716----pid-1
---ebpf-pid----448783----pid-448783
---ebpf-pid----5705----pid-1
---ebpf-pid----2088----pid-2088
---ebpf-pid----448783----pid-448520
---ebpf-pid----2088----pid-1
---ebpf-pid----5705----pid-5705
---ebpf-pid----448783----pid-1
---ebpf-pid----448783----pid-448783
---ebpf-pid----5705----pid-5476
---ebpf-pid----448783----pid-448520
---ebpf-pid----5705----pid-1
---ebpf-pid----5705----pid-5705
---ebpf-pid----448783----pid-1
---ebpf-pid----448783----pid-448783
---ebpf-pid----5705----pid-5476
---ebpf-pid----448783----pid-448520
---ebpf-pid----5705----pid-1
---ebpf-pid----2088----pid-2088
---ebpf-pid----448783----pid-1
---ebpf-pid----448783----pid-448783
---ebpf-pid----2088----pid-1
---ebpf-pid----448783----pid-448520
---ebpf-pid----448783----pid-1
---ebpf-pid----448783----pid-448783
---ebpf-pid----448783----pid-448520
---ebpf-pid----448783----pid-1
---ebpf-pid----448783----pid-448783
---ebpf-pid----448783----pid-448520
---ebpf-pid----448783----pid-1
---ebpf-pid----448783----pid-448783
---ebpf-pid----448783----pid-448520
---ebpf-pid----448783----pid-1
---ebpf-pid----448783----pid-448783
---ebpf-pid----448783----pid-448520
---ebpf-pid----379067----pid-5476
---ebpf-pid----448783----pid-1
---ebpf-pid----448783----pid-448783
---ebpf-pid----379067----pid-1
---ebpf-pid----379067----pid-379067
---ebpf-pid----448783----pid-448520
---ebpf-pid----448783----pid-1
---ebpf-pid----448783----pid-448783
---ebpf-pid----448783----pid-448520
---ebpf-pid----2088----pid-2088
---ebpf-pid----448783----pid-1
---ebpf-pid----448783----pid-448783
---ebpf-pid----2088----pid-1
---ebpf-pid----448783----pid-448520
---ebpf-pid----2088----pid-2088
---ebpf-pid----448783----pid-1
---ebpf-pid----448783----pid-448783
---ebpf-pid----2088----pid-1
---ebpf-pid----2088----pid-2088
---ebpf-pid----448783----pid-448520
---ebpf-pid----2088----pid-1
---ebpf-pid----448783----pid-1
---ebpf-pid----2088----pid-2088
---ebpf-pid----448783----pid-448783
---ebpf-pid----2088----pid-1
---ebpf-pid----5705----pid-5705
---ebpf-pid----448783----pid-448520
---ebpf-pid----448783----pid-1
---ebpf-pid----5705----pid-5476
---ebpf-pid----448783----pid-448783
---ebpf-pid----379067----pid-5476
---ebpf-pid----379067----pid-1
---ebpf-pid----379067----pid-379067
---ebpf-pid----379067----pid-5476
---ebpf-pid----379067----pid-1
---ebpf-pid----448783----pid-448520
---ebpf-pid----448783----pid-1
---ebpf-pid----448783----pid-448783
---ebpf-pid----448783----pid-448520
---ebpf-pid----448783----pid-1
---ebpf-pid----448783----pid-448783
---ebpf-pid----448783----pid-448520
---ebpf-pid----448783----pid-1
---ebpf-pid----448783----pid-448783
---ebpf-pid----448783----pid-448520
---ebpf-pid----448783----pid-1
---ebpf-pid----448783----pid-448783
---ebpf-pid----448783----pid-448520
---ebpf-pid----448783----pid-1
---ebpf-pid----448783----pid-448783
---ebpf-pid----448783----pid-448520
---ebpf-pid----448783----pid-1
---ebpf-pid----448783----pid-448783
---ebpf-pid----448783----pid-448520
---ebpf-pid----448783----pid-1
---ebpf-pid----448783----pid-448783
---ebpf-pid----448783----pid-448520
---ebpf-pid----448783----pid-1
---ebpf-pid----448783----pid-448783
---ebpf-pid----448783----pid-448520
---ebpf-pid----448783----pid-1
---ebpf-pid----448783----pid-448783
---ebpf-pid----448783----pid-448520
---ebpf-pid----448783----pid-1
---ebpf-pid----448783----pid-448783
---ebpf-pid----448783----pid-448520
---ebpf-pid----448783----pid-1
---ebpf-pid----448783----pid-448783
---ebpf-pid----448783----pid-448520
---ebpf-pid----448783----pid-1
---ebpf-pid----4716----pid-4716
---ebpf-pid----4716----pid-3323
---ebpf-pid----4716----pid-1
---ebpf-pid----448785----pid-448785
---ebpf-pid----448785----pid-448520
---ebpf-pid----448785----pid-1
---ebpf-pid----448784----pid-448784
---ebpf-pid----448784----pid-448520
---ebpf-pid----448784----pid-1
---ebpf-pid----448784----pid-448784
---ebpf-pid----448784----pid-448520
---ebpf-pid----448784----pid-1
---ebpf-pid----448784----pid-448784
---ebpf-pid----448784----pid-448520
---ebpf-pid----448784----pid-1
---ebpf-pid----448784----pid-448784
---ebpf-pid----448784----pid-448520
---ebpf-pid----448784----pid-1
---ebpf-pid----448784----pid-448784
---ebpf-pid----448784----pid-448520
---ebpf-pid----6671----pid-5476
---ebpf-pid----6671----pid-1
---ebpf-pid----6671----pid-6671
---ebpf-pid----6671----pid-5476
---ebpf-pid----6671----pid-1
---ebpf-pid----372881----pid-372881
---ebpf-pid----372881----pid-1
---ebpf-pid----372881----pid-372881
---ebpf-pid----372881----pid-1
---ebpf-pid----372881----pid-372881
---ebpf-pid----372881----pid-1
---ebpf-pid----372881----pid-372881
---ebpf-pid----372881----pid-1
---ebpf-pid----372881----pid-372881
---ebpf-pid----372881----pid-1
---ebpf-pid----372881----pid-372881
---ebpf-pid----372881----pid-1
---ebpf-pid----372881----pid-372881
---ebpf-pid----372881----pid-1
---ebpf-pid----372881----pid-372881
---ebpf-pid----372881----pid-1
---ebpf-pid----372881----pid-372881
---ebpf-pid----372881----pid-1
---ebpf-pid----372881----pid-372881
---ebpf-pid----372881----pid-1
---ebpf-pid----372881----pid-372881
---ebpf-pid----372881----pid-1
---ebpf-pid----372881----pid-372881
---ebpf-pid----372881----pid-1
---ebpf-pid----6671----pid-6671
---ebpf-pid----6671----pid-5476
---ebpf-pid----6671----pid-1
---ebpf-pid----6671----pid-6671
---ebpf-pid----448784----pid-1
---ebpf-pid----448784----pid-448784
---ebpf-pid----379067----pid-379067
---ebpf-pid----448784----pid-448520
---ebpf-pid----5705----pid-1
---ebpf-pid----5705----pid-5705
---ebpf-pid----5705----pid-5476
---ebpf-pid----5705----pid-1
---ebpf-pid----5705----pid-5705
---ebpf-pid----5705----pid-5476
---ebpf-pid----5705----pid-1
---ebpf-pid----2088----pid-2088
---ebpf-pid----2088----pid-1
---ebpf-pid----5705----pid-5705
---ebpf-pid----5705----pid-5476
---ebpf-pid----5705----pid-1
---ebpf-pid----5705----pid-5705
---ebpf-pid----6671----pid-5476
---ebpf-pid----5705----pid-5476
---ebpf-pid----6671----pid-1
---ebpf-pid----6671----pid-6671
---ebpf-pid----5705----pid-1
---ebpf-pid----2088----pid-2088
---ebpf-pid----6671----pid-5476
---ebpf-pid----6671----pid-1
---ebpf-pid----2088----pid-1
---ebpf-pid----6671----pid-6671
---ebpf-pid----5705----pid-5705
---ebpf-pid----6671----pid-5476
---ebpf-pid----5705----pid-5476
---ebpf-pid----6671----pid-1
---ebpf-pid----6671----pid-6671
---ebpf-pid----5705----pid-1
---ebpf-pid----5705----pid-5705
---ebpf-pid----6671----pid-5476
---ebpf-pid----5705----pid-5476
---ebpf-pid----6671----pid-1
---ebpf-pid----6671----pid-6671
---ebpf-pid----5705----pid-1
---ebpf-pid----5705----pid-5705
---ebpf-pid----6671----pid-5476
---ebpf-pid----5705----pid-5476
---ebpf-pid----6671----pid-1
---ebpf-pid----6671----pid-6671
---ebpf-pid----448784----pid-1
---ebpf-pid----5705----pid-1
---ebpf-pid----2088----pid-2088
---ebpf-pid----448785----pid-448785
---ebpf-pid----6671----pid-5476
---ebpf-pid----2088----pid-1
---ebpf-pid----448785----pid-448520
---ebpf-pid----5705----pid-5705
---ebpf-pid----379067----pid-5476
---ebpf-pid----448785----pid-1
---ebpf-pid----5705----pid-5476
---ebpf-pid----448785----pid-448785
---ebpf-pid----379067----pid-1
---ebpf-pid----448785----pid-448520
---ebpf-pid----5705----pid-1
---ebpf-pid----379067----pid-379067
---ebpf-pid----5705----pid-5705
---ebpf-pid----448785----pid-1
---ebpf-pid----379067----pid-5476
---ebpf-pid----448785----pid-448785
---ebpf-pid----5705----pid-5476
---ebpf-pid----448785----pid-448520
---ebpf-pid----448785----pid-1
---ebpf-pid----448785----pid-448785
---ebpf-pid----448785----pid-448520
---ebpf-pid----379067----pid-1
---ebpf-pid----448785----pid-1
---ebpf-pid----448785----pid-448785
---ebpf-pid----448785----pid-448520
---ebpf-pid----6671----pid-1
---ebpf-pid----448785----pid-1
---ebpf-pid----6671----pid-6671
---ebpf-pid----448785----pid-448785
---ebpf-pid----6671----pid-5476
---ebpf-pid----448785----pid-448520
---ebpf-pid----6671----pid-1
---ebpf-pid----448785----pid-1
---ebpf-pid----6671----pid-6671
---ebpf-pid----448785----pid-448785
---ebpf-pid----6671----pid-5476
---ebpf-pid----448785----pid-448520
---ebpf-pid----6671----pid-1
---ebpf-pid----6671----pid-6671
---ebpf-pid----6671----pid-5476
---ebpf-pid----448785----pid-1
---ebpf-pid----448785----pid-448785
---ebpf-pid----6671----pid-1
---ebpf-pid----6671----pid-6671
---ebpf-pid----6671----pid-5476
---ebpf-pid----6671----pid-1
---ebpf-pid----6671----pid-6671
---ebpf-pid----6671----pid-5476
---ebpf-pid----6671----pid-1
---ebpf-pid----6671----pid-6671
---ebpf-pid----6671----pid-5476
---ebpf-pid----6671----pid-1
---ebpf-pid----6671----pid-6671
---ebpf-pid----6671----pid-5476
---ebpf-pid----6671----pid-1
---ebpf-pid----6671----pid-6671
---ebpf-pid----6671----pid-5476
---ebpf-pid----6671----pid-1
---ebpf-pid----6671----pid-6671
---ebpf-pid----6671----pid-5476
---ebpf-pid----6671----pid-1
---ebpf-pid----6671----pid-6671
---ebpf-pid----6671----pid-5476
---ebpf-pid----6671----pid-1
---ebpf-pid----6671----pid-6671
---ebpf-pid----6671----pid-5476
---ebpf-pid----6671----pid-1
---ebpf-pid----6671----pid-6671
---ebpf-pid----6671----pid-5476
---ebpf-pid----6671----pid-1
---ebpf-pid----6671----pid-6671
---ebpf-pid----448785----pid-448520
---ebpf-pid----6671----pid-5476
---ebpf-pid----448785----pid-1
---ebpf-pid----6671----pid-1
---ebpf-pid----2029----pid-2029
---ebpf-pid----379067----pid-379067
---ebpf-pid----6671----pid-6671
---ebpf-pid----5705----pid-1
---ebpf-pid----6671----pid-5476
---ebpf-pid----2029----pid-1
---ebpf-pid----2088----pid-2088
---ebpf-pid----379067----pid-5476
---ebpf-pid----2029----pid-2029
---ebpf-pid----6671----pid-1
---ebpf-pid----2088----pid-1
---ebpf-pid----379067----pid-1
---ebpf-pid----6671----pid-6671
---ebpf-pid----2029----pid-1
---ebpf-pid----5705----pid-5705
---ebpf-pid----448782----pid-448782
---ebpf-pid----2094----pid-2094
---ebpf-pid----6671----pid-5476
---ebpf-pid----448782----pid-448520
---ebpf-pid----5705----pid-5476
---ebpf-pid----2094----pid-1
---ebpf-pid----2094----pid-2094
---ebpf-pid----6671----pid-1
---ebpf-pid----448782----pid-1
---ebpf-pid----5705----pid-1
---ebpf-pid----6671----pid-6671
---ebpf-pid----448785----pid-448785
---ebpf-pid----5705----pid-5705
---ebpf-pid----2094----pid-1
---ebpf-pid----2094----pid-2094
---ebpf-pid----6671----pid-5476
---ebpf-pid----5705----pid-5476
---ebpf-pid----448785----pid-448520
---ebpf-pid----2094----pid-1
---ebpf-pid----6671----pid-1
---ebpf-pid----5705----pid-1
---ebpf-pid----2094----pid-2094
---ebpf-pid----6671----pid-6671
---ebpf-pid----2088----pid-2088
---ebpf-pid----448785----pid-1
---ebpf-pid----448785----pid-448785
---ebpf-pid----2094----pid-1
---ebpf-pid----6671----pid-5476
---ebpf-pid----2088----pid-1
---ebpf-pid----2094----pid-2094
---ebpf-pid----5705----pid-5705
---ebpf-pid----448785----pid-448520
---ebpf-pid----6671----pid-1
---ebpf-pid----2094----pid-1
---ebpf-pid----6671----pid-6671
---ebpf-pid----5705----pid-5476
---ebpf-pid----2094----pid-2094
---ebpf-pid----448785----pid-1
---ebpf-pid----448785----pid-448785
---ebpf-pid----6671----pid-5476
---ebpf-pid----2094----pid-1
---ebpf-pid----5705----pid-1
---ebpf-pid----5705----pid-5705
---ebpf-pid----5707----pid-5707
---ebpf-pid----448785----pid-448520
---ebpf-pid----6671----pid-1
---ebpf-pid----6671----pid-6671
---ebpf-pid----5707----pid-5476
---ebpf-pid----5705----pid-5476
---ebpf-pid----448785----pid-1
---ebpf-pid----448785----pid-448785
---ebpf-pid----6671----pid-5476
---ebpf-pid----5705----pid-1
---ebpf-pid----5707----pid-1
---ebpf-pid----5707----pid-5707
---ebpf-pid----5705----pid-5705
---ebpf-pid----448785----pid-448520
---ebpf-pid----6671----pid-1
---ebpf-pid----6671----pid-6671
---ebpf-pid----5707----pid-5476
---ebpf-pid----5705----pid-5476
---ebpf-pid----448785----pid-1
---ebpf-pid----448785----pid-448785
---ebpf-pid----6671----pid-5476
---ebpf-pid----5707----pid-1
---ebpf-pid----5705----pid-1
---ebpf-pid----5707----pid-5707
---ebpf-pid----5705----pid-5705
---ebpf-pid----448785----pid-448520
---ebpf-pid----6671----pid-1
---ebpf-pid----6671----pid-6671
---ebpf-pid----5705----pid-5476
---ebpf-pid----5707----pid-5476
---ebpf-pid----448785----pid-1
---ebpf-pid----448785----pid-448785
---ebpf-pid----6671----pid-5476
---ebpf-pid----5705----pid-1
---ebpf-pid----5707----pid-1
---ebpf-pid----5705----pid-5705
---ebpf-pid----5707----pid-5707
---ebpf-pid----448785----pid-448520
---ebpf-pid----6671----pid-1
---ebpf-pid----6671----pid-6671
---ebpf-pid----5707----pid-5476
---ebpf-pid----5705----pid-5476
---ebpf-pid----448785----pid-1
---ebpf-pid----448785----pid-448785
---ebpf-pid----6671----pid-5476
---ebpf-pid----5707----pid-1
---ebpf-pid----5705----pid-1
---ebpf-pid----5707----pid-5707
---ebpf-pid----2088----pid-2088
---ebpf-pid----448785----pid-448520
---ebpf-pid----6671----pid-1
---ebpf-pid----6671----pid-6671
---ebpf-pid----5707----pid-5476
---ebpf-pid----2088----pid-1
---ebpf-pid----448785----pid-1
---ebpf-pid----5705----pid-5705
---ebpf-pid----448785----pid-448785
---ebpf-pid----6671----pid-5476
---ebpf-pid----5707----pid-1
---ebpf-pid----5707----pid-5707
---ebpf-pid----5705----pid-5476
---ebpf-pid----448785----pid-448520
---ebpf-pid----6671----pid-1
---ebpf-pid----6671----pid-6671
---ebpf-pid----5707----pid-5476
---ebpf-pid----5705----pid-1
---ebpf-pid----448785----pid-1
---ebpf-pid----5705----pid-5705
---ebpf-pid----448785----pid-448785
---ebpf-pid----6671----pid-5476
---ebpf-pid----5707----pid-1
---ebpf-pid----5707----pid-5707
---ebpf-pid----5705----pid-5476
---ebpf-pid----448785----pid-448520
---ebpf-pid----6671----pid-1
---ebpf-pid----5707----pid-5476
---ebpf-pid----5705----pid-1
---ebpf-pid----6671----pid-6671
---ebpf-pid----448785----pid-1
---ebpf-pid----448785----pid-448785
---ebpf-pid----448785----pid-448520
---ebpf-pid----6671----pid-5476
---ebpf-pid----2088----pid-2088
---ebpf-pid----448785----pid-1
---ebpf-pid----448785----pid-448785
---ebpf-pid----6671----pid-1
---ebpf-pid----6671----pid-6671
---ebpf-pid----2088----pid-1
---ebpf-pid----448785----pid-448520
---ebpf-pid----5705----pid-5705
---ebpf-pid----6671----pid-5476
---ebpf-pid----448785----pid-1
---ebpf-pid----5705----pid-5476
---ebpf-pid----448785----pid-448785
---ebpf-pid----6671----pid-1
---ebpf-pid----6671----pid-6671
---ebpf-pid----5705----pid-1
---ebpf-pid----448785----pid-448520
---ebpf-pid----5705----pid-5705
---ebpf-pid----6671----pid-5476
---ebpf-pid----448785----pid-1
---ebpf-pid----5705----pid-5476
---ebpf-pid----4716----pid-4716
---ebpf-pid----6671----pid-1
---ebpf-pid----5705----pid-1
---ebpf-pid----6671----pid-6671
---ebpf-pid----4716----pid-3323
---ebpf-pid----5705----pid-5705
---ebpf-pid----6671----pid-5476
---ebpf-pid----5705----pid-5476
---ebpf-pid----4716----pid-1
---ebpf-pid----5705----pid-1
---ebpf-pid----2088----pid-2088
---ebpf-pid----6671----pid-1
---ebpf-pid----6671----pid-6671
---ebpf-pid----2088----pid-1
---ebpf-pid----5705----pid-5705
---ebpf-pid----6671----pid-5476
---ebpf-pid----6671----pid-1
---ebpf-pid----5705----pid-5476
---ebpf-pid----6671----pid-6671
---ebpf-pid----6671----pid-5476
---ebpf-pid----5705----pid-1
---ebpf-pid----5705----pid-5705
---ebpf-pid----6671----pid-1
---ebpf-pid----6671----pid-6671
---ebpf-pid----5705----pid-5476
---ebpf-pid----6671----pid-5476
---ebpf-pid----5705----pid-1
---ebpf-pid----5705----pid-5705
---ebpf-pid----6671----pid-1
---ebpf-pid----6671----pid-6671
---ebpf-pid----5705----pid-5476
---ebpf-pid----6671----pid-5476
---ebpf-pid----5705----pid-1
---ebpf-pid----6671----pid-1
---ebpf-pid----5705----pid-5705
---ebpf-pid----5707----pid-5707
---ebpf-pid----5705----pid-5476
---ebpf-pid----5707----pid-5476
---ebpf-pid----5705----pid-1
---ebpf-pid----5705----pid-5705
---ebpf-pid----5707----pid-1
---ebpf-pid----5707----pid-5707
---ebpf-pid----5705----pid-5476
---ebpf-pid----5707----pid-5476
---ebpf-pid----5705----pid-1
---ebpf-pid----5707----pid-1
---ebpf-pid----5705----pid-5705
---ebpf-pid----8428----pid-8428
---ebpf-pid----5705----pid-5476
---ebpf-pid----8428----pid-7561
---ebpf-pid----5705----pid-1
---ebpf-pid----8428----pid-1
---ebpf-pid----2088----pid-2088
---ebpf-pid----8428----pid-8428
---ebpf-pid----8428----pid-7561
---ebpf-pid----2088----pid-1
---ebpf-pid----5705----pid-5705
---ebpf-pid----8428----pid-1
---ebpf-pid----448784----pid-448784
---ebpf-pid----5705----pid-5476
---ebpf-pid----448784----pid-448520
---ebpf-pid----5705----pid-1
---ebpf-pid----5705----pid-5705
---ebpf-pid----5705----pid-5476
---ebpf-pid----5705----pid-1
---ebpf-pid----2088----pid-2088
---ebpf-pid----2088----pid-1
---ebpf-pid----5705----pid-5705
---ebpf-pid----5705----pid-5476
---ebpf-pid----448784----pid-1
---ebpf-pid----5705----pid-1
---ebpf-pid----448784----pid-448784
---ebpf-pid----5705----pid-5705
---ebpf-pid----448784----pid-448520
---ebpf-pid----5705----pid-5476
---ebpf-pid----448784----pid-1
---ebpf-pid----6671----pid-6671
---ebpf-pid----5705----pid-1
---ebpf-pid----5705----pid-5705
---ebpf-pid----6671----pid-5476
---ebpf-pid----6671----pid-1
---ebpf-pid----6671----pid-6671
---ebpf-pid----5705----pid-5476
---ebpf-pid----6671----pid-5476
---ebpf-pid----6671----pid-1
---ebpf-pid----5705----pid-1
---ebpf-pid----6671----pid-6671
---ebpf-pid----5705----pid-5705
---ebpf-pid----6671----pid-5476
---ebpf-pid----5705----pid-5476
---ebpf-pid----6671----pid-1
---ebpf-pid----6671----pid-6671
---ebpf-pid----5705----pid-1
---ebpf-pid----5705----pid-5705
---ebpf-pid----6671----pid-5476
---ebpf-pid----5705----pid-5476
---ebpf-pid----6671----pid-1
---ebpf-pid----379067----pid-379067
---ebpf-pid----5705----pid-1
---ebpf-pid----379067----pid-5476
---ebpf-pid----5705----pid-5705
---ebpf-pid----379067----pid-1
---ebpf-pid----5705----pid-5476
---ebpf-pid----379067----pid-379067
---ebpf-pid----5705----pid-1
---ebpf-pid----379067----pid-5476
---ebpf-pid----5705----pid-5705
---ebpf-pid----5705----pid-5476
---ebpf-pid----5705----pid-1
---ebpf-pid----5705----pid-5705
---ebpf-pid----5705----pid-5476
---ebpf-pid----5705----pid-1
---ebpf-pid----5705----pid-5705
---ebpf-pid----5705----pid-5476
---ebpf-pid----5705----pid-1
---ebpf-pid----5705----pid-5705
---ebpf-pid----5705----pid-5476
---ebpf-pid----379067----pid-1
---ebpf-pid----5705----pid-1
---ebpf-pid----379067----pid-379067
---ebpf-pid----5705----pid-5705
---ebpf-pid----5705----pid-5476
---ebpf-pid----379067----pid-5476
---ebpf-pid----5705----pid-1
---ebpf-pid----379067----pid-1
---ebpf-pid----379067----pid-379067
---ebpf-pid----5705----pid-5705
---ebpf-pid----379067----pid-5476
---ebpf-pid----5705----pid-5476
---ebpf-pid----379067----pid-1
---ebpf-pid----5705----pid-1
---ebpf-pid----379067----pid-379067
---ebpf-pid----5705----pid-5705
---ebpf-pid----379067----pid-5476
---ebpf-pid----5705----pid-5476
---ebpf-pid----379067----pid-1
---ebpf-pid----379067----pid-379067
---ebpf-pid----5705----pid-1
---ebpf-pid----5705----pid-5705
---ebpf-pid----379067----pid-5476
---ebpf-pid----5705----pid-5476
---ebpf-pid----379067----pid-1
---ebpf-pid----379067----pid-379067
---ebpf-pid----5705----pid-1
---ebpf-pid----379067----pid-5476
---ebpf-pid----5705----pid-5705
---ebpf-pid----379067----pid-1
---ebpf-pid----5705----pid-5476
---ebpf-pid----379067----pid-379067
---ebpf-pid----379067----pid-5476
---ebpf-pid----5705----pid-1
---ebpf-pid----379067----pid-1
---ebpf-pid----5705----pid-5705
---ebpf-pid----379067----pid-379067
---ebpf-pid----5705----pid-5476
---ebpf-pid----379067----pid-5476
---ebpf-pid----379067----pid-1
---ebpf-pid----5705----pid-1
---ebpf-pid----379067----pid-379067
---ebpf-pid----5705----pid-5705
---ebpf-pid----379067----pid-5476
---ebpf-pid----5705----pid-5476
---ebpf-pid----379067----pid-1
---ebpf-pid----379067----pid-379067
---ebpf-pid----5705----pid-1
---ebpf-pid----5705----pid-5705
---ebpf-pid----379067----pid-5476
---ebpf-pid----5705----pid-5476
---ebpf-pid----379067----pid-1
---ebpf-pid----379067----pid-379067
---ebpf-pid----5705----pid-1
---ebpf-pid----5705----pid-5705
---ebpf-pid----379067----pid-5476
---ebpf-pid----4716----pid-4716
---ebpf-pid----5705----pid-5476
---ebpf-pid----4716----pid-3323
---ebpf-pid----5705----pid-1
---ebpf-pid----4716----pid-1
---ebpf-pid----5705----pid-5705
---ebpf-pid----4716----pid-4716
---ebpf-pid----5705----pid-5476
---ebpf-pid----4716----pid-3323
---ebpf-pid----5705----pid-1
---ebpf-pid----5705----pid-5705
---ebpf-pid----4716----pid-1
---ebpf-pid----4716----pid-4716
---ebpf-pid----5705----pid-5476
---ebpf-pid----4716----pid-3323
---ebpf-pid----5705----pid-1
---ebpf-pid----5705----pid-5705
---ebpf-pid----4716----pid-1
---ebpf-pid----4716----pid-4716
---ebpf-pid----5705----pid-5476
---ebpf-pid----4716----pid-3323
---ebpf-pid----5705----pid-1
---ebpf-pid----5705----pid-5705
---ebpf-pid----4716----pid-1
---ebpf-pid----4716----pid-4716
---ebpf-pid----5705----pid-5476
---ebpf-pid----4716----pid-3323
---ebpf-pid----4716----pid-1
---ebpf-pid----4716----pid-4716
---ebpf-pid----5705----pid-1
---ebpf-pid----4716----pid-3323
---ebpf-pid----6671----pid-6671
---ebpf-pid----4716----pid-1
---ebpf-pid----6671----pid-5476
---ebpf-pid----4716----pid-4716
---ebpf-pid----6671----pid-1
---ebpf-pid----4716----pid-3323
---ebpf-pid----6671----pid-6671
---ebpf-pid----4716----pid-1
---ebpf-pid----6671----pid-5476
---ebpf-pid----4716----pid-4716
---ebpf-pid----6671----pid-1
---ebpf-pid----4716----pid-3323
---ebpf-pid----6671----pid-6671
---ebpf-pid----4716----pid-1
---ebpf-pid----6671----pid-5476
---ebpf-pid----4716----pid-4716
---ebpf-pid----6671----pid-1
---ebpf-pid----4716----pid-3323
---ebpf-pid----2088----pid-2088
---ebpf-pid----379067----pid-1
---ebpf-pid----2088----pid-1
---ebpf-pid----4716----pid-1
---ebpf-pid----4716----pid-4716
---ebpf-pid----379067----pid-379067
---ebpf-pid----2088----pid-2088
---ebpf-pid----4716----pid-3323
---ebpf-pid----379067----pid-5476
---ebpf-pid----2088----pid-1
---ebpf-pid----2088----pid-2088
---ebpf-pid----4716----pid-1
---ebpf-pid----379067----pid-1
---ebpf-pid----4716----pid-4716
---ebpf-pid----379067----pid-379067
---ebpf-pid----2088----pid-1
---ebpf-pid----2088----pid-2088
---ebpf-pid----4716----pid-3323
---ebpf-pid----379067----pid-5476
---ebpf-pid----2088----pid-1
---ebpf-pid----4716----pid-1
---ebpf-pid----379067----pid-1
---ebpf-pid----2088----pid-2088
---ebpf-pid----4716----pid-4716
---ebpf-pid----379067----pid-379067
---ebpf-pid----2088----pid-1
---ebpf-pid----4716----pid-3323
---ebpf-pid----2088----pid-2088
---ebpf-pid----379067----pid-5476
---ebpf-pid----4716----pid-1
---ebpf-pid----2088----pid-1
---ebpf-pid----379067----pid-1
---ebpf-pid----4716----pid-4716
---ebpf-pid----2088----pid-2088
---ebpf-pid----379067----pid-379067
---ebpf-pid----4716----pid-3323
---ebpf-pid----2088----pid-1
---ebpf-pid----372881----pid-372881
---ebpf-pid----379067----pid-5476
---ebpf-pid----372881----pid-1
---ebpf-pid----379067----pid-1
---ebpf-pid----372881----pid-372881
---ebpf-pid----379067----pid-379067
---ebpf-pid----372881----pid-1
---ebpf-pid----379067----pid-5476
---ebpf-pid----372881----pid-372881
---ebpf-pid----379067----pid-1
---ebpf-pid----2094----pid-2094
---ebpf-pid----372881----pid-1
---ebpf-pid----372881----pid-372881
---ebpf-pid----2094----pid-1
---ebpf-pid----2094----pid-2094
---ebpf-pid----372881----pid-1
---ebpf-pid----372881----pid-372881
---ebpf-pid----2094----pid-1
---ebpf-pid----2094----pid-2094
---ebpf-pid----372881----pid-1
---ebpf-pid----2094----pid-1
---ebpf-pid----372881----pid-372881
---ebpf-pid----2094----pid-2094
---ebpf-pid----372881----pid-1
---ebpf-pid----2094----pid-1
---ebpf-pid----372881----pid-372881
---ebpf-pid----2094----pid-2094
---ebpf-pid----2094----pid-1
---ebpf-pid----372881----pid-1
---ebpf-pid----2094----pid-2094
---ebpf-pid----2088----pid-2088
---ebpf-pid----2088----pid-1
---ebpf-pid----2088----pid-2088
---ebpf-pid----2088----pid-1
---ebpf-pid----2088----pid-2088
---ebpf-pid----2088----pid-1
---ebpf-pid----2088----pid-2088
---ebpf-pid----2088----pid-1
---ebpf-pid----2088----pid-2088
---ebpf-pid----2088----pid-1
---ebpf-pid----2088----pid-2088
---ebpf-pid----2088----pid-1
---ebpf-pid----2088----pid-2088
---ebpf-pid----2088----pid-1
---ebpf-pid----2088----pid-2088
---ebpf-pid----2088----pid-1
---ebpf-pid----2088----pid-2088
---ebpf-pid----2094----pid-1
---ebpf-pid----2088----pid-1
---ebpf-pid----2094----pid-2094
---ebpf-pid----2088----pid-2088
---ebpf-pid----2088----pid-1
---ebpf-pid----2094----pid-1
---ebpf-pid----2088----pid-2088
---ebpf-pid----379067----pid-379067
---ebpf-pid----379067----pid-5476
---ebpf-pid----2088----pid-1
---ebpf-pid----2088----pid-2088
---ebpf-pid----379067----pid-1
---ebpf-pid----379067----pid-379067
---ebpf-pid----2088----pid-1
---ebpf-pid----2088----pid-2088
---ebpf-pid----379067----pid-5476
---ebpf-pid----2088----pid-1
---ebpf-pid----379067----pid-1
---ebpf-pid----2088----pid-2088
---ebpf-pid----5707----pid-5707
---ebpf-pid----5707----pid-5476
---ebpf-pid----2088----pid-1
---ebpf-pid----2088----pid-2088
---ebpf-pid----5707----pid-1
---ebpf-pid----5707----pid-5707
---ebpf-pid----2088----pid-1
---ebpf-pid----2088----pid-2088
---ebpf-pid----5707----pid-5476
---ebpf-pid----2088----pid-1
---ebpf-pid----5707----pid-1
---ebpf-pid----2088----pid-2088
---ebpf-pid----379067----pid-379067
---ebpf-pid----379067----pid-5476
---ebpf-pid----2088----pid-1
---ebpf-pid----2088----pid-2088
---ebpf-pid----379067----pid-1
---ebpf-pid----379067----pid-379067
---ebpf-pid----2088----pid-1
---ebpf-pid----2088----pid-2088
---ebpf-pid----379067----pid-5476
---ebpf-pid----379067----pid-1
---ebpf-pid----2088----pid-1
---ebpf-pid----379067----pid-379067
---ebpf-pid----2088----pid-2088
---ebpf-pid----379067----pid-5476
---ebpf-pid----2088----pid-1
---ebpf-pid----2088----pid-2088
---ebpf-pid----379067----pid-1
---ebpf-pid----379067----pid-379067
---ebpf-pid----2088----pid-1
---ebpf-pid----379067----pid-5476
---ebpf-pid----2088----pid-2088
---ebpf-pid----379067----pid-1
---ebpf-pid----2088----pid-1
---ebpf-pid----2088----pid-2088
---ebpf-pid----379067----pid-379067
---ebpf-pid----2088----pid-1
---ebpf-pid----2088----pid-2088
---ebpf-pid----2088----pid-1
---ebpf-pid----2089----pid-2089
---ebpf-pid----2089----pid-1
---ebpf-pid----2089----pid-2089
---ebpf-pid----2089----pid-1
---ebpf-pid----2089----pid-2089
---ebpf-pid----2089----pid-1
---ebpf-pid----2089----pid-2089
---ebpf-pid----2089----pid-1
---ebpf-pid----379067----pid-5476
---ebpf-pid----2089----pid-2089
---ebpf-pid----2089----pid-1
---ebpf-pid----379067----pid-1
---ebpf-pid----2089----pid-2089
---ebpf-pid----379067----pid-379067
---ebpf-pid----2089----pid-1
---ebpf-pid----379067----pid-5476
---ebpf-pid----2089----pid-2089
---ebpf-pid----379067----pid-1
---ebpf-pid----379067----pid-379067
---ebpf-pid----2089----pid-1
---ebpf-pid----2089----pid-2089
---ebpf-pid----379067----pid-5476
---ebpf-pid----379067----pid-1
---ebpf-pid----2089----pid-1
---ebpf-pid----2089----pid-2089
---ebpf-pid----379067----pid-379067
---ebpf-pid----379067----pid-5476
---ebpf-pid----2089----pid-1
---ebpf-pid----2089----pid-2089
---ebpf-pid----379067----pid-1
---ebpf-pid----379067----pid-379067
---ebpf-pid----2089----pid-1
---ebpf-pid----2089----pid-2089
---ebpf-pid----379067----pid-5476
---ebpf-pid----2089----pid-1
---ebpf-pid----379067----pid-1
---ebpf-pid----2089----pid-2089
---ebpf-pid----379067----pid-379067
---ebpf-pid----2089----pid-1
---ebpf-pid----2089----pid-2089
---ebpf-pid----4716----pid-1
---ebpf-pid----4716----pid-4716
---ebpf-pid----2089----pid-1
---ebpf-pid----2089----pid-2089
---ebpf-pid----4716----pid-3323
---ebpf-pid----2089----pid-1
---ebpf-pid----2089----pid-2089
---ebpf-pid----4716----pid-1
---ebpf-pid----4716----pid-4716
---ebpf-pid----2089----pid-1
---ebpf-pid----2089----pid-2089
---ebpf-pid----4716----pid-3323
---ebpf-pid----2089----pid-1
---ebpf-pid----2089----pid-2089
---ebpf-pid----4716----pid-1
---ebpf-pid----4716----pid-4716
---ebpf-pid----2089----pid-1
---ebpf-pid----2089----pid-2089
---ebpf-pid----5707----pid-1
---ebpf-pid----5707----pid-5707
---ebpf-pid----5707----pid-5476
---ebpf-pid----5707----pid-1
---ebpf-pid----379067----pid-379067
---ebpf-pid----379067----pid-5476
---ebpf-pid----379067----pid-1
---ebpf-pid----379067----pid-379067
---ebpf-pid----379067----pid-5476
---ebpf-pid----379067----pid-1
---ebpf-pid----379067----pid-379067
---ebpf-pid----379067----pid-5476
---ebpf-pid----379067----pid-1
---ebpf-pid----379067----pid-379067
---ebpf-pid----379067----pid-5476
---ebpf-pid----379067----pid-1
---ebpf-pid----379067----pid-379067
---ebpf-pid----4716----pid-3323
---ebpf-pid----379067----pid-5476
---ebpf-pid----379067----pid-1
---ebpf-pid----379067----pid-379067
---ebpf-pid----379067----pid-5476
---ebpf-pid----379067----pid-1
---ebpf-pid----379067----pid-379067
---ebpf-pid----379067----pid-5476
---ebpf-pid----379067----pid-1
---ebpf-pid----4716----pid-1
---ebpf-pid----379067----pid-379067
---ebpf-pid----4716----pid-4716
---ebpf-pid----379067----pid-5476
---ebpf-pid----4716----pid-3323
---ebpf-pid----4716----pid-1
---ebpf-pid----379067----pid-1
---ebpf-pid----4716----pid-4716
---ebpf-pid----379067----pid-379067
---ebpf-pid----4716----pid-3323
---ebpf-pid----379067----pid-5476
---ebpf-pid----4716----pid-1
---ebpf-pid----379067----pid-1
---ebpf-pid----379067----pid-379067
---ebpf-pid----4716----pid-4716
---ebpf-pid----4716----pid-3323
---ebpf-pid----379067----pid-5476
---ebpf-pid----379067----pid-5476
---ebpf-pid----379067----pid-1
---ebpf-pid----4716----pid-1
---ebpf-pid----379067----pid-379067
---ebpf-pid----4716----pid-4716
---ebpf-pid----379067----pid-1
---ebpf-pid----379067----pid-379067
---ebpf-pid----4716----pid-3323
---ebpf-pid----379067----pid-5476
---ebpf-pid----379067----pid-5476
---ebpf-pid----4716----pid-1
---ebpf-pid----379067----pid-1
---ebpf-pid----4716----pid-4716
---ebpf-pid----379067----pid-379067
---ebpf-pid----379067----pid-1
---ebpf-pid----379067----pid-379067
---ebpf-pid----4716----pid-3323
---ebpf-pid----379067----pid-5476
---ebpf-pid----379067----pid-5476
---ebpf-pid----4716----pid-1
---ebpf-pid----379067----pid-1
---ebpf-pid----379067----pid-379067
---ebpf-pid----4716----pid-4716
---ebpf-pid----379067----pid-1
---ebpf-pid----379067----pid-379067
---ebpf-pid----379067----pid-5476
---ebpf-pid----4716----pid-3323
---ebpf-pid----379067----pid-5476
---ebpf-pid----379067----pid-1
---ebpf-pid----4716----pid-1
---ebpf-pid----379067----pid-379067
---ebpf-pid----4716----pid-4716
---ebpf-pid----379067----pid-1
---ebpf-pid----379067----pid-379067
---ebpf-pid----379067----pid-5476
---ebpf-pid----4716----pid-3323
---ebpf-pid----379067----pid-5476
---ebpf-pid----379067----pid-1
---ebpf-pid----4716----pid-1
---ebpf-pid----379067----pid-379067
---ebpf-pid----4716----pid-4716
---ebpf-pid----379067----pid-1
---ebpf-pid----379067----pid-379067
---ebpf-pid----379067----pid-5476
---ebpf-pid----4716----pid-3323
---ebpf-pid----379067----pid-5476
---ebpf-pid----379067----pid-1
---ebpf-pid----4716----pid-1
---ebpf-pid----379067----pid-379067
---ebpf-pid----4716----pid-4716
---ebpf-pid----379067----pid-1
---ebpf-pid----379067----pid-379067
---ebpf-pid----379067----pid-5476
---ebpf-pid----4716----pid-3323
---ebpf-pid----379067----pid-5476
---ebpf-pid----379067----pid-1
---ebpf-pid----4716----pid-1
---ebpf-pid----379067----pid-379067
---ebpf-pid----4716----pid-4716
---ebpf-pid----379067----pid-1
---ebpf-pid----379067----pid-379067
---ebpf-pid----4716----pid-3323
---ebpf-pid----4716----pid-1
---ebpf-pid----4716----pid-4716
---ebpf-pid----379067----pid-5476
---ebpf-pid----379067----pid-1
---ebpf-pid----379067----pid-379067
---ebpf-pid----379067----pid-5476
---ebpf-pid----379067----pid-1
---ebpf-pid----379067----pid-379067
---ebpf-pid----379067----pid-5476
---ebpf-pid----379067----pid-1
---ebpf-pid----379067----pid-379067
---ebpf-pid----379067----pid-5476
---ebpf-pid----379067----pid-1
---ebpf-pid----379067----pid-379067
---ebpf-pid----379067----pid-5476
---ebpf-pid----379067----pid-1
---ebpf-pid----379067----pid-5476
---ebpf-pid----4716----pid-3323
---ebpf-pid----4716----pid-1
---ebpf-pid----4716----pid-4716
---ebpf-pid----2089----pid-1
---ebpf-pid----4716----pid-3323
---ebpf-pid----2089----pid-2089
---ebpf-pid----4716----pid-1
---ebpf-pid----4716----pid-4716
---ebpf-pid----379067----pid-379067
---ebpf-pid----379067----pid-1
---ebpf-pid----379067----pid-5476
---ebpf-pid----379067----pid-379067
---ebpf-pid----4716----pid-3323
---ebpf-pid----379067----pid-1
---ebpf-pid----379067----pid-5476
---ebpf-pid----379067----pid-379067
---ebpf-pid----4716----pid-1
---ebpf-pid----4716----pid-4716
---ebpf-pid----379067----pid-1
---ebpf-pid----379067----pid-5476
---ebpf-pid----379067----pid-379067
---ebpf-pid----4716----pid-3323
---ebpf-pid----379067----pid-5476
---ebpf-pid----379067----pid-1
---ebpf-pid----4716----pid-1
---ebpf-pid----379067----pid-379067
---ebpf-pid----4716----pid-4716
---ebpf-pid----379067----pid-1
---ebpf-pid----379067----pid-379067
---ebpf-pid----379067----pid-5476
---ebpf-pid----4716----pid-3323
---ebpf-pid----379067----pid-5476
---ebpf-pid----379067----pid-1
---ebpf-pid----4716----pid-1
---ebpf-pid----379067----pid-379067
---ebpf-pid----379067----pid-1
---ebpf-pid----5705----pid-5705
---ebpf-pid----379067----pid-379067
---ebpf-pid----379067----pid-5476
---ebpf-pid----5705----pid-5476
---ebpf-pid----379067----pid-5476
---ebpf-pid----379067----pid-1
---ebpf-pid----379067----pid-379067
---ebpf-pid----5705----pid-1
---ebpf-pid----5705----pid-5705
---ebpf-pid----379067----pid-1
---ebpf-pid----379067----pid-379067
---ebpf-pid----379067----pid-5476
---ebpf-pid----5705----pid-5476
---ebpf-pid----379067----pid-5476
---ebpf-pid----379067----pid-1
---ebpf-pid----5705----pid-1
---ebpf-pid----5707----pid-5707
---ebpf-pid----4716----pid-4716
---ebpf-pid----379067----pid-1
---ebpf-pid----379067----pid-379067
---ebpf-pid----5707----pid-5476
---ebpf-pid----4716----pid-3323
---ebpf-pid----379067----pid-5476
---ebpf-pid----5707----pid-1
---ebpf-pid----4716----pid-1
---ebpf-pid----5707----pid-5707
---ebpf-pid----4716----pid-4716
---ebpf-pid----379067----pid-1
---ebpf-pid----379067----pid-379067
---ebpf-pid----5707----pid-5476
---ebpf-pid----4716----pid-3323
---ebpf-pid----379067----pid-5476
---ebpf-pid----5707----pid-1
---ebpf-pid----4716----pid-1
---ebpf-pid----379067----pid-379067
---ebpf-pid----4716----pid-4716
---ebpf-pid----379067----pid-1
---ebpf-pid----379067----pid-379067
---ebpf-pid----379067----pid-5476
---ebpf-pid----4716----pid-3323
---ebpf-pid----379067----pid-5476
---ebpf-pid----379067----pid-1
---ebpf-pid----4716----pid-1
---ebpf-pid----379067----pid-379067
---ebpf-pid----4716----pid-4716
---ebpf-pid----379067----pid-1
---ebpf-pid----379067----pid-379067
---ebpf-pid----379067----pid-5476
---ebpf-pid----4716----pid-3323
---ebpf-pid----379067----pid-5476
---ebpf-pid----379067----pid-1
---ebpf-pid----4716----pid-1
---ebpf-pid----5707----pid-5707
---ebpf-pid----379067----pid-1
---ebpf-pid----4716----pid-4716
---ebpf-pid----379067----pid-379067
---ebpf-pid----5707----pid-5476
---ebpf-pid----4716----pid-3323
---ebpf-pid----379067----pid-5476
---ebpf-pid----5707----pid-1
---ebpf-pid----4716----pid-1
---ebpf-pid----379067----pid-379067
---ebpf-pid----379067----pid-1
---ebpf-pid----4716----pid-4716
---ebpf-pid----379067----pid-379067
---ebpf-pid----379067----pid-5476
---ebpf-pid----4716----pid-3323
---ebpf-pid----379067----pid-5476
---ebpf-pid----379067----pid-1
---ebpf-pid----4716----pid-1
---ebpf-pid----379067----pid-379067
---ebpf-pid----379067----pid-1
---ebpf-pid----4716----pid-4716
---ebpf-pid----379067----pid-379067
---ebpf-pid----379067----pid-5476
---ebpf-pid----4716----pid-3323
---ebpf-pid----379067----pid-5476
---ebpf-pid----379067----pid-1
---ebpf-pid----4716----pid-1
---ebpf-pid----5707----pid-5707
---ebpf-pid----379067----pid-1
---ebpf-pid----4716----pid-4716
---ebpf-pid----379067----pid-379067
---ebpf-pid----5707----pid-5476
---ebpf-pid----4716----pid-3323
---ebpf-pid----5707----pid-1
---ebpf-pid----4716----pid-1
---ebpf-pid----379067----pid-379067
---ebpf-pid----4716----pid-4716
---ebpf-pid----379067----pid-5476
---ebpf-pid----4716----pid-3323
---ebpf-pid----379067----pid-1
---ebpf-pid----4716----pid-1
---ebpf-pid----379067----pid-379067
---ebpf-pid----4716----pid-4716
---ebpf-pid----379067----pid-5476
---ebpf-pid----4716----pid-3323
---ebpf-pid----379067----pid-1
---ebpf-pid----4716----pid-1
---ebpf-pid----5707----pid-5707
---ebpf-pid----4716----pid-4716
---ebpf-pid----5707----pid-5476
---ebpf-pid----4716----pid-3323
---ebpf-pid----5707----pid-1
---ebpf-pid----4716----pid-1
---ebpf-pid----5707----pid-5707
---ebpf-pid----4716----pid-4716
---ebpf-pid----5707----pid-5476
---ebpf-pid----4716----pid-3323
---ebpf-pid----5707----pid-1
---ebpf-pid----5707----pid-5707
---ebpf-pid----5707----pid-5476
---ebpf-pid----5707----pid-1
---ebpf-pid----379067----pid-379067
---ebpf-pid----379067----pid-5476
---ebpf-pid----379067----pid-1
---ebpf-pid----379067----pid-379067
---ebpf-pid----379067----pid-5476
---ebpf-pid----379067----pid-1
---ebpf-pid----5707----pid-5707
---ebpf-pid----5707----pid-5476
---ebpf-pid----5707----pid-1
---ebpf-pid----5707----pid-5707
---ebpf-pid----5707----pid-5476
---ebpf-pid----5707----pid-1
---ebpf-pid----5707----pid-5707
---ebpf-pid----5707----pid-5476
---ebpf-pid----5707----pid-1
---ebpf-pid----5707----pid-5707
---ebpf-pid----5707----pid-5476
---ebpf-pid----5707----pid-1
---ebpf-pid----5707----pid-5707
---ebpf-pid----5707----pid-5476
---ebpf-pid----2089----pid-1
---ebpf-pid----2089----pid-2089
---ebpf-pid----2089----pid-1
---ebpf-pid----2089----pid-2089
---ebpf-pid----2089----pid-1
---ebpf-pid----2089----pid-2089
---ebpf-pid----2089----pid-1
---ebpf-pid----2089----pid-2089
---ebpf-pid----2089----pid-1
---ebpf-pid----2089----pid-2089
---ebpf-pid----2089----pid-1
---ebpf-pid----2089----pid-2089
---ebpf-pid----379067----pid-5476
---ebpf-pid----4716----pid-1
---ebpf-pid----2089----pid-1
---ebpf-pid----379067----pid-1
---ebpf-pid----4716----pid-4716
---ebpf-pid----2089----pid-2089
---ebpf-pid----379067----pid-379067
---ebpf-pid----2089----pid-1
---ebpf-pid----2089----pid-2089
---ebpf-pid----379067----pid-5476
---ebpf-pid----2089----pid-1
---ebpf-pid----379067----pid-1
---ebpf-pid----2089----pid-2089
---ebpf-pid----2089----pid-1
---ebpf-pid----5707----pid-5707
---ebpf-pid----5707----pid-5476
---ebpf-pid----5707----pid-1
---ebpf-pid----5707----pid-5707
---ebpf-pid----5707----pid-5476
---ebpf-pid----5707----pid-1
---ebpf-pid----8844----pid-8844
---ebpf-pid----8844----pid-7637
---ebpf-pid----8844----pid-1
---ebpf-pid----8844----pid-8844
---ebpf-pid----8844----pid-7637
---ebpf-pid----8844----pid-1
---ebpf-pid----8844----pid-8844
---ebpf-pid----8844----pid-7637
---ebpf-pid----8844----pid-1
---ebpf-pid----8844----pid-8844
---ebpf-pid----8844----pid-7637
---ebpf-pid----8844----pid-1
---ebpf-pid----2094----pid-2094
---ebpf-pid----5707----pid-1
---ebpf-pid----2094----pid-1
---ebpf-pid----5707----pid-5707
---ebpf-pid----2094----pid-2094
---ebpf-pid----2094----pid-1
---ebpf-pid----5707----pid-5476
---ebpf-pid----2094----pid-2094
---ebpf-pid----5707----pid-1
---ebpf-pid----2094----pid-1
---ebpf-pid----2094----pid-2094
---ebpf-pid----5707----pid-5707
---ebpf-pid----5707----pid-5476
---ebpf-pid----5707----pid-1
---ebpf-pid----5707----pid-5707
---ebpf-pid----5707----pid-5476
---ebpf-pid----5707----pid-1
---ebpf-pid----5707----pid-5707
---ebpf-pid----5707----pid-5476
---ebpf-pid----5707----pid-1
---ebpf-pid----5707----pid-5707
---ebpf-pid----5707----pid-5476
---ebpf-pid----5707----pid-1
---ebpf-pid----5707----pid-5707
---ebpf-pid----5707----pid-5476
---ebpf-pid----5707----pid-1
---ebpf-pid----5707----pid-5707
---ebpf-pid----5707----pid-5476
---ebpf-pid----5707----pid-1
---ebpf-pid----5707----pid-5707
---ebpf-pid----5707----pid-5476
---ebpf-pid----5707----pid-1
---ebpf-pid----5707----pid-5707
---ebpf-pid----5707----pid-5476
---ebpf-pid----5707----pid-1
---ebpf-pid----5707----pid-5707
---ebpf-pid----5707----pid-5476
---ebpf-pid----5707----pid-1
---ebpf-pid----5707----pid-5707
---ebpf-pid----5707----pid-5476
---ebpf-pid----5707----pid-1
---ebpf-pid----5707----pid-5707
---ebpf-pid----4716----pid-3323
---ebpf-pid----5707----pid-5476
---ebpf-pid----4716----pid-1
---ebpf-pid----5707----pid-1
---ebpf-pid----4716----pid-4716
---ebpf-pid----5707----pid-5707
---ebpf-pid----4716----pid-3323
---ebpf-pid----5707----pid-5476
---ebpf-pid----4716----pid-1
---ebpf-pid----5707----pid-1
---ebpf-pid----5707----pid-5707
---ebpf-pid----4716----pid-4716
---ebpf-pid----5707----pid-5476
---ebpf-pid----4716----pid-3323
---ebpf-pid----5707----pid-1
---ebpf-pid----4716----pid-1
---ebpf-pid----5707----pid-5707
---ebpf-pid----4716----pid-4716
---ebpf-pid----5707----pid-5476
---ebpf-pid----4716----pid-3323
---ebpf-pid----5707----pid-1
---ebpf-pid----4716----pid-1
---ebpf-pid----5707----pid-5707
---ebpf-pid----4716----pid-4716
---ebpf-pid----5707----pid-5476
---ebpf-pid----4716----pid-3323
---ebpf-pid----5707----pid-1
---ebpf-pid----4716----pid-1
---ebpf-pid----5707----pid-5707
---ebpf-pid----4716----pid-4716
---ebpf-pid----5707----pid-5476
---ebpf-pid----4716----pid-3323
---ebpf-pid----5707----pid-1
---ebpf-pid----4716----pid-1
---ebpf-pid----5707----pid-5707
---ebpf-pid----4716----pid-4716
---ebpf-pid----5707----pid-5476
---ebpf-pid----4716----pid-3323
---ebpf-pid----5707----pid-1
---ebpf-pid----5707----pid-5707
---ebpf-pid----4716----pid-1
---ebpf-pid----4716----pid-4716
---ebpf-pid----5707----pid-5476
---ebpf-pid----5707----pid-1
---ebpf-pid----5707----pid-5707
---ebpf-pid----5707----pid-5476
---ebpf-pid----5707----pid-1
---ebpf-pid----5707----pid-5707
---ebpf-pid----5707----pid-5476
---ebpf-pid----5707----pid-1
---ebpf-pid----5707----pid-5707
---ebpf-pid----5707----pid-5476
---ebpf-pid----5707----pid-1
---ebpf-pid----2094----pid-1
---ebpf-pid----5707----pid-5707
---ebpf-pid----5707----pid-5476
---ebpf-pid----5707----pid-1
---ebpf-pid----379067----pid-379067
---ebpf-pid----5707----pid-5707
---ebpf-pid----379067----pid-5476
---ebpf-pid----5707----pid-5476
---ebpf-pid----379067----pid-1
---ebpf-pid----5707----pid-1
---ebpf-pid----379067----pid-379067
---ebpf-pid----379067----pid-5476
---ebpf-pid----4716----pid-3323
---ebpf-pid----379067----pid-1
---ebpf-pid----379067----pid-379067
---ebpf-pid----4716----pid-1
---ebpf-pid----4716----pid-4716
---ebpf-pid----379067----pid-5476
---ebpf-pid----4716----pid-3323
---ebpf-pid----379067----pid-1
---ebpf-pid----379067----pid-379067
---ebpf-pid----4716----pid-1
---ebpf-pid----4716----pid-4716
---ebpf-pid----379067----pid-5476
---ebpf-pid----4716----pid-3323
---ebpf-pid----4716----pid-1
---ebpf-pid----379067----pid-1
---ebpf-pid----379067----pid-379067
---ebpf-pid----2094----pid-2094
---ebpf-pid----4716----pid-4716
---ebpf-pid----2094----pid-1
---ebpf-pid----4716----pid-3323
---ebpf-pid----2094----pid-2094
---ebpf-pid----4716----pid-1
---ebpf-pid----2094----pid-1
---ebpf-pid----4716----pid-4716
---ebpf-pid----2094----pid-2094
---ebpf-pid----4716----pid-3323
---ebpf-pid----2094----pid-1
---ebpf-pid----2094----pid-2094
---ebpf-pid----4716----pid-1
---ebpf-pid----2094----pid-1
---ebpf-pid----5707----pid-5707
---ebpf-pid----2094----pid-2094
---ebpf-pid----2094----pid-1
---ebpf-pid----2094----pid-2094
---ebpf-pid----5707----pid-5476
---ebpf-pid----2094----pid-1
---ebpf-pid----5707----pid-1
---ebpf-pid----2094----pid-2094
---ebpf-pid----5707----pid-5707
---ebpf-pid----2094----pid-1
---ebpf-pid----5707----pid-5476
---ebpf-pid----2094----pid-2094
---ebpf-pid----5707----pid-1
---ebpf-pid----2094----pid-1
---ebpf-pid----5707----pid-5707
---ebpf-pid----2094----pid-2094
---ebpf-pid----5707----pid-5476
---ebpf-pid----2094----pid-1
---ebpf-pid----2094----pid-2094
---ebpf-pid----5707----pid-1
---ebpf-pid----5707----pid-5707
---ebpf-pid----2094----pid-1
---ebpf-pid----2094----pid-2094
---ebpf-pid----5707----pid-5476
---ebpf-pid----2094----pid-1
---ebpf-pid----5707----pid-1
---ebpf-pid----2094----pid-2094
---ebpf-pid----5707----pid-5707
---ebpf-pid----2094----pid-1
---ebpf-pid----5707----pid-5476
---ebpf-pid----2094----pid-2094
---ebpf-pid----5707----pid-1
---ebpf-pid----4716----pid-4716
---ebpf-pid----2094----pid-1
---ebpf-pid----5707----pid-5707
---ebpf-pid----2094----pid-2094
---ebpf-pid----4716----pid-3323
---ebpf-pid----5707----pid-5476
---ebpf-pid----2094----pid-1
---ebpf-pid----2094----pid-2094
---ebpf-pid----5707----pid-1
---ebpf-pid----4716----pid-1
---ebpf-pid----5707----pid-5707
---ebpf-pid----4716----pid-4716
---ebpf-pid----2094----pid-1
---ebpf-pid----2094----pid-2094
---ebpf-pid----5707----pid-5476
---ebpf-pid----4716----pid-3323
---ebpf-pid----2094----pid-1
---ebpf-pid----5707----pid-1
---ebpf-pid----4716----pid-1
---ebpf-pid----5707----pid-5707
---ebpf-pid----4716----pid-4716
---ebpf-pid----379067----pid-5476
---ebpf-pid----4716----pid-3323
---ebpf-pid----379067----pid-1
---ebpf-pid----4716----pid-1
---ebpf-pid----379067----pid-379067
---ebpf-pid----4716----pid-4716
---ebpf-pid----4716----pid-3323
---ebpf-pid----2094----pid-2094
---ebpf-pid----379067----pid-5476
---ebpf-pid----4716----pid-1
---ebpf-pid----4716----pid-4716
---ebpf-pid----2094----pid-1
---ebpf-pid----379067----pid-1
---ebpf-pid----2094----pid-2094
---ebpf-pid----379067----pid-379067
---ebpf-pid----4716----pid-3323
---ebpf-pid----2094----pid-1
---ebpf-pid----379067----pid-5476
---ebpf-pid----2094----pid-2094
---ebpf-pid----4716----pid-1
---ebpf-pid----4716----pid-4716
---ebpf-pid----2094----pid-1
---ebpf-pid----379067----pid-1
---ebpf-pid----2094----pid-2094
---ebpf-pid----4716----pid-3323
---ebpf-pid----448784----pid-448784
---ebpf-pid----2094----pid-1
---ebpf-pid----4716----pid-1
---ebpf-pid----2094----pid-2094
---ebpf-pid----448784----pid-448520
---ebpf-pid----4716----pid-4716
---ebpf-pid----2094----pid-1
---ebpf-pid----4716----pid-3323
---ebpf-pid----448784----pid-1
---ebpf-pid----2094----pid-2094
---ebpf-pid----448784----pid-448784
---ebpf-pid----2094----pid-1
---ebpf-pid----4716----pid-1
---ebpf-pid----2094----pid-2094
---ebpf-pid----4716----pid-4716
---ebpf-pid----448784----pid-448520
---ebpf-pid----2094----pid-1
---ebpf-pid----4716----pid-3323
---ebpf-pid----448784----pid-1
---ebpf-pid----2094----pid-2094
---ebpf-pid----372881----pid-372881
---ebpf-pid----4716----pid-1
---ebpf-pid----2094----pid-1
---ebpf-pid----4716----pid-4716
---ebpf-pid----372881----pid-1
---ebpf-pid----5707----pid-5707
---ebpf-pid----372881----pid-372881
---ebpf-pid----4716----pid-3323
---ebpf-pid----5707----pid-5476
---ebpf-pid----372881----pid-1
---ebpf-pid----4716----pid-1
---ebpf-pid----372881----pid-372881
---ebpf-pid----5707----pid-1
---ebpf-pid----4716----pid-4716
---ebpf-pid----5707----pid-5707
---ebpf-pid----372881----pid-1
---ebpf-pid----5707----pid-5476
---ebpf-pid----4716----pid-3323
---ebpf-pid----372881----pid-372881
---ebpf-pid----4716----pid-1
---ebpf-pid----4716----pid-4716
---ebpf-pid----5707----pid-1
---ebpf-pid----5707----pid-5476
---ebpf-pid----2089----pid-2089
---ebpf-pid----4716----pid-3323
---ebpf-pid----5707----pid-1
---ebpf-pid----2089----pid-1
---ebpf-pid----4716----pid-1
---ebpf-pid----5707----pid-5707
---ebpf-pid----2012----pid-2012
---ebpf-pid----4716----pid-4716
---ebpf-pid----5707----pid-5476
---ebpf-pid----2012----pid-1
---ebpf-pid----4716----pid-3323
---ebpf-pid----2012----pid-2012
---ebpf-pid----5707----pid-1
---ebpf-pid----4716----pid-1
---ebpf-pid----5707----pid-5707
---ebpf-pid----2012----pid-1
---ebpf-pid----4716----pid-4716
---ebpf-pid----2012----pid-2012
---ebpf-pid----5707----pid-5476
---ebpf-pid----4716----pid-3323
---ebpf-pid----2012----pid-1
---ebpf-pid----5707----pid-1
---ebpf-pid----2012----pid-2012
---ebpf-pid----4716----pid-1
---ebpf-pid----5707----pid-5707
---ebpf-pid----4716----pid-4716
---ebpf-pid----2012----pid-1
---ebpf-pid----5707----pid-5476
---ebpf-pid----2012----pid-2012
---ebpf-pid----4716----pid-3323
---ebpf-pid----5707----pid-1
---ebpf-pid----2012----pid-1
---ebpf-pid----5707----pid-5707
---ebpf-pid----4716----pid-1
---ebpf-pid----2012----pid-2012
---ebpf-pid----4716----pid-4716
---ebpf-pid----5707----pid-5476
---ebpf-pid----2012----pid-1
---ebpf-pid----4716----pid-3323
---ebpf-pid----2012----pid-2012
---ebpf-pid----5707----pid-1
---ebpf-pid----5707----pid-5707
---ebpf-pid----2012----pid-1
---ebpf-pid----4716----pid-1
---ebpf-pid----2012----pid-2012
---ebpf-pid----4716----pid-4716
---ebpf-pid----5707----pid-5476
---ebpf-pid----2012----pid-1
---ebpf-pid----4716----pid-3323
---ebpf-pid----4716----pid-1
---ebpf-pid----2012----pid-2012
---ebpf-pid----5707----pid-1
---ebpf-pid----4716----pid-4716
---ebpf-pid----5707----pid-5707
---ebpf-pid----2012----pid-1
---ebpf-pid----4716----pid-3323
---ebpf-pid----2012----pid-2012
---ebpf-pid----5707----pid-5476
---ebpf-pid----4716----pid-1
---ebpf-pid----2012----pid-1
---ebpf-pid----5707----pid-1
---ebpf-pid----4716----pid-4716
---ebpf-pid----2012----pid-2012
---ebpf-pid----5707----pid-5707
---ebpf-pid----4716----pid-3323
---ebpf-pid----2012----pid-1
---ebpf-pid----5707----pid-5476
---ebpf-pid----2012----pid-2012
---ebpf-pid----4716----pid-1
---ebpf-pid----4716----pid-4716
---ebpf-pid----2012----pid-1
---ebpf-pid----2012----pid-2012
---ebpf-pid----4716----pid-3323
---ebpf-pid----2012----pid-1
---ebpf-pid----4716----pid-1
---ebpf-pid----372881----pid-1
---ebpf-pid----2012----pid-2012
---ebpf-pid----4716----pid-4716
---ebpf-pid----372881----pid-372881
---ebpf-pid----2012----pid-1
---ebpf-pid----4716----pid-3323
---ebpf-pid----372881----pid-1
---ebpf-pid----2012----pid-2012
---ebpf-pid----372881----pid-372881
---ebpf-pid----4716----pid-1
---ebpf-pid----2012----pid-1
---ebpf-pid----4716----pid-4716
---ebpf-pid----372881----pid-1
---ebpf-pid----2012----pid-2012
---ebpf-pid----372881----pid-372881
---ebpf-pid----4716----pid-3323
---ebpf-pid----2012----pid-1
---ebpf-pid----372881----pid-1
---ebpf-pid----2012----pid-2012
---ebpf-pid----372881----pid-372881
---ebpf-pid----4716----pid-1
---ebpf-pid----4716----pid-4716
---ebpf-pid----2012----pid-1
---ebpf-pid----2012----pid-2012
---ebpf-pid----372881----pid-1
---ebpf-pid----4716----pid-3323
---ebpf-pid----372881----pid-372881
---ebpf-pid----2012----pid-1
---ebpf-pid----2012----pid-2012
---ebpf-pid----4716----pid-1
---ebpf-pid----372881----pid-1
---ebpf-pid----372881----pid-372881
---ebpf-pid----4716----pid-4716
---ebpf-pid----372881----pid-1
---ebpf-pid----372881----pid-372881
---ebpf-pid----372881----pid-1
---ebpf-pid----372881----pid-372881
---ebpf-pid----372881----pid-1
---ebpf-pid----372881----pid-372881
---ebpf-pid----372881----pid-1
---ebpf-pid----372881----pid-372881
---ebpf-pid----372881----pid-1
---ebpf-pid----372881----pid-372881
---ebpf-pid----372881----pid-1
---ebpf-pid----372881----pid-372881
---ebpf-pid----372881----pid-1
---ebpf-pid----372881----pid-372881
---ebpf-pid----372881----pid-1
---ebpf-pid----372881----pid-372881
---ebpf-pid----372881----pid-1
---ebpf-pid----372881----pid-372881
---ebpf-pid----372881----pid-1
---ebpf-pid----372881----pid-372881
---ebpf-pid----372881----pid-1
---ebpf-pid----372881----pid-372881
---ebpf-pid----372881----pid-1
---ebpf-pid----372881----pid-372881
---ebpf-pid----372881----pid-1
---ebpf-pid----372881----pid-372881
---ebpf-pid----372881----pid-1
---ebpf-pid----372881----pid-372881
---ebpf-pid----372881----pid-1
---ebpf-pid----372881----pid-372881
---ebpf-pid----372881----pid-1
---ebpf-pid----372881----pid-372881
---ebpf-pid----372881----pid-1
---ebpf-pid----372881----pid-372881
---ebpf-pid----372881----pid-1
---ebpf-pid----372881----pid-372881
---ebpf-pid----372881----pid-1
---ebpf-pid----372881----pid-372881
---ebpf-pid----372881----pid-1
---ebpf-pid----372881----pid-372881
---ebpf-pid----372881----pid-1
---ebpf-pid----372881----pid-372881
---ebpf-pid----372881----pid-1
---ebpf-pid----372881----pid-372881
---ebpf-pid----2012----pid-1
---ebpf-pid----5707----pid-1
---ebpf-pid----2012----pid-2012
---ebpf-pid----4716----pid-3323
---ebpf-pid----2012----pid-1
---ebpf-pid----2012----pid-2012
---ebpf-pid----4716----pid-1
---ebpf-pid----4716----pid-4716
---ebpf-pid----2012----pid-1
---ebpf-pid----2012----pid-2012
---ebpf-pid----4716----pid-3323
---ebpf-pid----5707----pid-5707
---ebpf-pid----2012----pid-1
---ebpf-pid----4716----pid-1
---ebpf-pid----2012----pid-2012
---ebpf-pid----4716----pid-4716
---ebpf-pid----5707----pid-5476
---ebpf-pid----2012----pid-1
---ebpf-pid----4716----pid-3323
---ebpf-pid----2012----pid-2012
---ebpf-pid----5707----pid-1
---ebpf-pid----5707----pid-5707
---ebpf-pid----4716----pid-1
---ebpf-pid----2012----pid-1
---ebpf-pid----4716----pid-4716
---ebpf-pid----2012----pid-2012
---ebpf-pid----5707----pid-5476
---ebpf-pid----4716----pid-3323
---ebpf-pid----2012----pid-1
---ebpf-pid----2012----pid-2012
---ebpf-pid----2012----pid-1
---ebpf-pid----5707----pid-1
---ebpf-pid----2012----pid-2012
---ebpf-pid----5707----pid-5707
---ebpf-pid----5707----pid-5476
---ebpf-pid----2012----pid-1
---ebpf-pid----2012----pid-2012
---ebpf-pid----5707----pid-1
---ebpf-pid----6671----pid-6671
---ebpf-pid----2012----pid-1
---ebpf-pid----2012----pid-2012
---ebpf-pid----6671----pid-5476
---ebpf-pid----2012----pid-1
---ebpf-pid----6671----pid-1
---ebpf-pid----379067----pid-379067
---ebpf-pid----2012----pid-2012
---ebpf-pid----379067----pid-5476
---ebpf-pid----2012----pid-1
---ebpf-pid----2012----pid-2012
---ebpf-pid----379067----pid-1
---ebpf-pid----379067----pid-379067
---ebpf-pid----2012----pid-1
---ebpf-pid----2012----pid-2012
---ebpf-pid----379067----pid-5476
---ebpf-pid----2012----pid-1
---ebpf-pid----379067----pid-1
---ebpf-pid----6671----pid-6671
---ebpf-pid----2012----pid-2012
---ebpf-pid----6671----pid-5476
---ebpf-pid----6671----pid-1
---ebpf-pid----2012----pid-1
---ebpf-pid----6671----pid-6671
---ebpf-pid----2012----pid-2012
---ebpf-pid----6671----pid-5476
---ebpf-pid----2012----pid-1
---ebpf-pid----2012----pid-2012
---ebpf-pid----6671----pid-1
---ebpf-pid----5705----pid-5705
---ebpf-pid----2012----pid-1
---ebpf-pid----2012----pid-2012
---ebpf-pid----5705----pid-5476
---ebpf-pid----2012----pid-1
---ebpf-pid----5705----pid-1
---ebpf-pid----2012----pid-2012
---ebpf-pid----5705----pid-5705
---ebpf-pid----2012----pid-1
---ebpf-pid----5705----pid-5476
---ebpf-pid----2012----pid-2012
---ebpf-pid----5705----pid-1
---ebpf-pid----6671----pid-6671
---ebpf-pid----2012----pid-1
---ebpf-pid----2012----pid-2012
---ebpf-pid----6671----pid-5476
---ebpf-pid----2012----pid-1
---ebpf-pid----6671----pid-1
---ebpf-pid----2012----pid-2012
---ebpf-pid----6671----pid-6671
---ebpf-pid----2012----pid-1
---ebpf-pid----2012----pid-2012
---ebpf-pid----2012----pid-1
---ebpf-pid----2012----pid-2012
---ebpf-pid----2012----pid-1
---ebpf-pid----2012----pid-2012
---ebpf-pid----2012----pid-1
---ebpf-pid----2012----pid-2012
---ebpf-pid----2012----pid-1
---ebpf-pid----2012----pid-2012
---ebpf-pid----2012----pid-1
---ebpf-pid----2012----pid-2012
---ebpf-pid----2012----pid-1
---ebpf-pid----2012----pid-2012
---ebpf-pid----4716----pid-1
---ebpf-pid----2012----pid-1
---ebpf-pid----2012----pid-2012
---ebpf-pid----4716----pid-4716
---ebpf-pid----2012----pid-1
---ebpf-pid----2012----pid-2012
---ebpf-pid----4716----pid-3323
---ebpf-pid----2012----pid-1
---ebpf-pid----4716----pid-1
---ebpf-pid----2012----pid-2012
---ebpf-pid----4716----pid-4716
---ebpf-pid----2012----pid-1
---ebpf-pid----4716----pid-3323
---ebpf-pid----2088----pid-2088
---ebpf-pid----4716----pid-1
---ebpf-pid----2088----pid-1
---ebpf-pid----4716----pid-4716
---ebpf-pid----2088----pid-2088
---ebpf-pid----4716----pid-3323
---ebpf-pid----2088----pid-1
---ebpf-pid----2088----pid-2088
---ebpf-pid----4716----pid-1
---ebpf-pid----4716----pid-4716
---ebpf-pid----2088----pid-1
---ebpf-pid----2088----pid-2088
---ebpf-pid----4716----pid-3323
---ebpf-pid----2088----pid-1
---ebpf-pid----2088----pid-2088
---ebpf-pid----4716----pid-1
---ebpf-pid----4716----pid-4716
---ebpf-pid----2088----pid-1
---ebpf-pid----2088----pid-2088
---ebpf-pid----4716----pid-3323
---ebpf-pid----4716----pid-1
---ebpf-pid----4716----pid-4716
---ebpf-pid----4716----pid-3323
---ebpf-pid----4716----pid-1
---ebpf-pid----372881----pid-1
---ebpf-pid----4716----pid-4716
---ebpf-pid----372881----pid-372881
---ebpf-pid----4716----pid-3323
---ebpf-pid----372881----pid-1
---ebpf-pid----372881----pid-372881
---ebpf-pid----4716----pid-1
---ebpf-pid----4716----pid-4716
---ebpf-pid----372881----pid-1
---ebpf-pid----4716----pid-3323
---ebpf-pid----372881----pid-372881
---ebpf-pid----2088----pid-1
---ebpf-pid----2088----pid-2088
---ebpf-pid----4716----pid-1
---ebpf-pid----372881----pid-1
---ebpf-pid----4716----pid-4716
---ebpf-pid----2088----pid-1
---ebpf-pid----4716----pid-3323
---ebpf-pid----4716----pid-1
---ebpf-pid----4716----pid-4716
---ebpf-pid----6671----pid-5476
---ebpf-pid----4716----pid-3323
---ebpf-pid----6671----pid-1
---ebpf-pid----2088----pid-2088
---ebpf-pid----4716----pid-1
---ebpf-pid----4716----pid-4716
---ebpf-pid----2088----pid-1
---ebpf-pid----2088----pid-2088
---ebpf-pid----4716----pid-3323
---ebpf-pid----2088----pid-1
---ebpf-pid----4716----pid-1
---ebpf-pid----2088----pid-2088
---ebpf-pid----2088----pid-1
---ebpf-pid----2088----pid-2088
---ebpf-pid----4716----pid-4716
---ebpf-pid----4716----pid-3323
---ebpf-pid----4716----pid-1
---ebpf-pid----4716----pid-4716
---ebpf-pid----4716----pid-3323
---ebpf-pid----2088----pid-2088
---ebpf-pid----4716----pid-1
---ebpf-pid----4716----pid-4716
---ebpf-pid----2088----pid-1
---ebpf-pid----4716----pid-3323
---ebpf-pid----2088----pid-2088
---ebpf-pid----4716----pid-1
---ebpf-pid----2088----pid-1
---ebpf-pid----4716----pid-4716
---ebpf-pid----2088----pid-2088
---ebpf-pid----4716----pid-3323
---ebpf-pid----2088----pid-1
---ebpf-pid----6671----pid-6671
---ebpf-pid----4716----pid-1
---ebpf-pid----4716----pid-4716
---ebpf-pid----6671----pid-5476
---ebpf-pid----4716----pid-3323
---ebpf-pid----6671----pid-1
---ebpf-pid----4716----pid-1
---ebpf-pid----6671----pid-6671
---ebpf-pid----4716----pid-4716
---ebpf-pid----4716----pid-3323
---ebpf-pid----6671----pid-5476
---ebpf-pid----4716----pid-1
---ebpf-pid----6671----pid-1
---ebpf-pid----4716----pid-4716
---ebpf-pid----6671----pid-6671
---ebpf-pid----4716----pid-3323
---ebpf-pid----6671----pid-5476
---ebpf-pid----4716----pid-1
---ebpf-pid----4716----pid-4716
---ebpf-pid----6671----pid-1
---ebpf-pid----5705----pid-5705
---ebpf-pid----4716----pid-3323
---ebpf-pid----4716----pid-1
---ebpf-pid----5705----pid-5476
---ebpf-pid----4716----pid-4716
---ebpf-pid----5705----pid-1
---ebpf-pid----5705----pid-5705
---ebpf-pid----4716----pid-3323
---ebpf-pid----5705----pid-5476
---ebpf-pid----4716----pid-1
---ebpf-pid----4716----pid-4716
---ebpf-pid----5705----pid-1
---ebpf-pid----5705----pid-5705
---ebpf-pid----4716----pid-3323
---ebpf-pid----4716----pid-1
---ebpf-pid----5705----pid-5476
---ebpf-pid----4716----pid-4716
---ebpf-pid----5705----pid-1
---ebpf-pid----4716----pid-3323
---ebpf-pid----5705----pid-5705
---ebpf-pid----4716----pid-1
---ebpf-pid----5705----pid-5476
---ebpf-pid----5707----pid-5707
---ebpf-pid----5705----pid-1
---ebpf-pid----5707----pid-5476
---ebpf-pid----448782----pid-448782
---ebpf-pid----5707----pid-1
---ebpf-pid----5707----pid-5707
---ebpf-pid----448782----pid-448520
---ebpf-pid----5707----pid-5476
---ebpf-pid----448782----pid-1
---ebpf-pid----448782----pid-448782
---ebpf-pid----448782----pid-448520
---ebpf-pid----448782----pid-1
---ebpf-pid----2094----pid-2094
---ebpf-pid----2094----pid-1
---ebpf-pid----6671----pid-6671
---ebpf-pid----6671----pid-5476
---ebpf-pid----6671----pid-1
---ebpf-pid----6671----pid-6671
---ebpf-pid----6671----pid-5476
---ebpf-pid----6671----pid-1
---ebpf-pid----6671----pid-6671
---ebpf-pid----6671----pid-5476
---ebpf-pid----6671----pid-1
---ebpf-pid----6671----pid-6671
---ebpf-pid----6671----pid-5476
---ebpf-pid----6671----pid-1
---ebpf-pid----6671----pid-6671
---ebpf-pid----6671----pid-5476
---ebpf-pid----6671----pid-1
---ebpf-pid----6671----pid-6671
---ebpf-pid----6671----pid-5476
---ebpf-pid----5707----pid-1
---ebpf-pid----6671----pid-1
---ebpf-pid----5707----pid-5707
---ebpf-pid----6671----pid-6671
---ebpf-pid----372881----pid-372881
---ebpf-pid----5707----pid-5476
---ebpf-pid----6671----pid-5476
---ebpf-pid----372881----pid-1
---ebpf-pid----6671----pid-1
---ebpf-pid----5707----pid-1
---ebpf-pid----372881----pid-372881
---ebpf-pid----6671----pid-6671
---ebpf-pid----448782----pid-448782
---ebpf-pid----6671----pid-5476
---ebpf-pid----372881----pid-1
---ebpf-pid----448782----pid-448520
---ebpf-pid----372881----pid-372881
---ebpf-pid----6671----pid-1
---ebpf-pid----448782----pid-1
---ebpf-pid----372881----pid-1
---ebpf-pid----6671----pid-6671
---ebpf-pid----5707----pid-5707
---ebpf-pid----372881----pid-372881
---ebpf-pid----6671----pid-5476
---ebpf-pid----5707----pid-5476
---ebpf-pid----372881----pid-1
---ebpf-pid----372881----pid-372881
---ebpf-pid----6671----pid-1
---ebpf-pid----6671----pid-6671
---ebpf-pid----5707----pid-1
---ebpf-pid----372881----pid-1
---ebpf-pid----5707----pid-5707
---ebpf-pid----372881----pid-372881
---ebpf-pid----6671----pid-5476
---ebpf-pid----5707----pid-5476
---ebpf-pid----372881----pid-1
---ebpf-pid----6671----pid-1
---ebpf-pid----372881----pid-372881
---ebpf-pid----372881----pid-1
---ebpf-pid----372881----pid-372881
---ebpf-pid----372881----pid-1
---ebpf-pid----372881----pid-372881
---ebpf-pid----372881----pid-1
---ebpf-pid----372881----pid-372881
---ebpf-pid----372881----pid-1
---ebpf-pid----372881----pid-372881
---ebpf-pid----372881----pid-1
---ebpf-pid----372881----pid-372881
---ebpf-pid----372881----pid-1
---ebpf-pid----372881----pid-372881
---ebpf-pid----372881----pid-1
---ebpf-pid----372881----pid-372881
---ebpf-pid----372881----pid-1
---ebpf-pid----5707----pid-1
---ebpf-pid----372881----pid-372881
---ebpf-pid----377755----pid-377755
---ebpf-pid----372881----pid-1
---ebpf-pid----377755----pid-1
---ebpf-pid----372881----pid-372881
---ebpf-pid----448783----pid-448783
---ebpf-pid----372881----pid-1
---ebpf-pid----448783----pid-448520
---ebpf-pid----372881----pid-372881
---ebpf-pid----448783----pid-1
---ebpf-pid----372881----pid-1
---ebpf-pid----448546----pid-448546
---ebpf-pid----372881----pid-372881
---ebpf-pid----448546----pid-1
---ebpf-pid----448783----pid-448783
---ebpf-pid----372881----pid-1
---ebpf-pid----372881----pid-372881
---ebpf-pid----448783----pid-448520
---ebpf-pid----2088----pid-1
---ebpf-pid----448783----pid-1
---ebpf-pid----2088----pid-2088
---ebpf-pid----448783----pid-448783
---ebpf-pid----448783----pid-448520
---ebpf-pid----2088----pid-1
---ebpf-pid----2094----pid-2094
---ebpf-pid----448783----pid-1
---ebpf-pid----448783----pid-448783
---ebpf-pid----2094----pid-1
---ebpf-pid----448783----pid-448520
---ebpf-pid----6671----pid-6671
---ebpf-pid----6671----pid-5476
---ebpf-pid----6671----pid-1
---ebpf-pid----6671----pid-6671
---ebpf-pid----6671----pid-5476
---ebpf-pid----6671----pid-1
---ebpf-pid----6671----pid-6671
---ebpf-pid----2094----pid-2094
---ebpf-pid----2094----pid-1
---ebpf-pid----2094----pid-2094
---ebpf-pid----2094----pid-1
---ebpf-pid----2094----pid-2094
---ebpf-pid----2094----pid-1
---ebpf-pid----2094----pid-2094
---ebpf-pid----2094----pid-1
---ebpf-pid----2094----pid-2094
---ebpf-pid----2094----pid-1
---ebpf-pid----2094----pid-2094
---ebpf-pid----2094----pid-1
---ebpf-pid----2094----pid-2094
---ebpf-pid----448783----pid-1
---ebpf-pid----6671----pid-5476
---ebpf-pid----6671----pid-1
---ebpf-pid----6671----pid-6671
---ebpf-pid----6671----pid-5476
---ebpf-pid----6671----pid-1
---ebpf-pid----448521----pid-448521
---ebpf-pid----6671----pid-6671
---ebpf-pid----6671----pid-5476
---ebpf-pid----448521----pid-1
---ebpf-pid----6671----pid-1
---ebpf-pid----6671----pid-6671
---ebpf-pid----5614----pid-5614
---ebpf-pid----6671----pid-5476
---ebpf-pid----5614----pid-1
---ebpf-pid----5705----pid-5705
---ebpf-pid----6671----pid-1
---ebpf-pid----6671----pid-6671
---ebpf-pid----5705----pid-5476
---ebpf-pid----6671----pid-5476
---ebpf-pid----5705----pid-1
---ebpf-pid----5705----pid-5705
---ebpf-pid----6671----pid-1
---ebpf-pid----6671----pid-6671
---ebpf-pid----5705----pid-5476
---ebpf-pid----6671----pid-5476
---ebpf-pid----5705----pid-1
---ebpf-pid----6671----pid-1
---ebpf-pid----5705----pid-5705
---ebpf-pid----6671----pid-6671
---ebpf-pid----5705----pid-5476
---ebpf-pid----6671----pid-5476
---ebpf-pid----6671----pid-1
---ebpf-pid----5705----pid-1
---ebpf-pid----6671----pid-6671
---ebpf-pid----5705----pid-5705
---ebpf-pid----6671----pid-5476
---ebpf-pid----5705----pid-5476
---ebpf-pid----6671----pid-1
---ebpf-pid----6671----pid-6671
---ebpf-pid----5705----pid-1
---ebpf-pid----5705----pid-5705
---ebpf-pid----6671----pid-5476
---ebpf-pid----5705----pid-5476
---ebpf-pid----6671----pid-1
---ebpf-pid----6671----pid-6671
---ebpf-pid----5705----pid-1
---ebpf-pid----2094----pid-2094
---ebpf-pid----6671----pid-5476
---ebpf-pid----2094----pid-1
---ebpf-pid----6671----pid-1
---ebpf-pid----5705----pid-5705
---ebpf-pid----379067----pid-379067
---ebpf-pid----379067----pid-5476
---ebpf-pid----5705----pid-5476
---ebpf-pid----379067----pid-1
---ebpf-pid----5705----pid-1
---ebpf-pid----379067----pid-379067
---ebpf-pid----5705----pid-5705
---ebpf-pid----379067----pid-5476
---ebpf-pid----5705----pid-5476
---ebpf-pid----379067----pid-1
---ebpf-pid----2094----pid-2094
---ebpf-pid----5705----pid-1
---ebpf-pid----5705----pid-5705
---ebpf-pid----2094----pid-1
---ebpf-pid----2094----pid-2094
---ebpf-pid----5705----pid-5476
---ebpf-pid----2094----pid-1
---ebpf-pid----2094----pid-2094
---ebpf-pid----5705----pid-1
---ebpf-pid----2094----pid-1
---ebpf-pid----5705----pid-5705
---ebpf-pid----2094----pid-2094
---ebpf-pid----5705----pid-5476
---ebpf-pid----5705----pid-1
---ebpf-pid----5705----pid-5705
---ebpf-pid----2094----pid-1
---ebpf-pid----2094----pid-2094
---ebpf-pid----5705----pid-5476
---ebpf-pid----5705----pid-1
---ebpf-pid----2094----pid-1
---ebpf-pid----5705----pid-5705
---ebpf-pid----2094----pid-2094
---ebpf-pid----5705----pid-5476
---ebpf-pid----2094----pid-1
---ebpf-pid----2094----pid-2094
---ebpf-pid----5705----pid-1
---ebpf-pid----448785----pid-448785
---ebpf-pid----2094----pid-1
---ebpf-pid----2094----pid-2094
---ebpf-pid----448785----pid-448520
---ebpf-pid----2094----pid-1
---ebpf-pid----2094----pid-2094
---ebpf-pid----448785----pid-1
---ebpf-pid----2094----pid-1
---ebpf-pid----379067----pid-379067
---ebpf-pid----2094----pid-2094
---ebpf-pid----2094----pid-1
---ebpf-pid----379067----pid-5476
---ebpf-pid----2094----pid-2094
---ebpf-pid----379067----pid-1
---ebpf-pid----2094----pid-1
---ebpf-pid----2012----pid-2012
---ebpf-pid----2094----pid-2094
---ebpf-pid----2012----pid-1
---ebpf-pid----2012----pid-2012
---ebpf-pid----2094----pid-1
---ebpf-pid----372881----pid-1
---ebpf-pid----2094----pid-2094
---ebpf-pid----372881----pid-372881
---ebpf-pid----2012----pid-1
---ebpf-pid----2012----pid-2012
---ebpf-pid----2094----pid-1
---ebpf-pid----372881----pid-1
---ebpf-pid----2094----pid-2094
---ebpf-pid----2012----pid-1
---ebpf-pid----372881----pid-372881
---ebpf-pid----2012----pid-2012
---ebpf-pid----2094----pid-1
---ebpf-pid----372881----pid-1
---ebpf-pid----2094----pid-2094
---ebpf-pid----2012----pid-1
---ebpf-pid----372881----pid-372881
---ebpf-pid----2012----pid-2012
---ebpf-pid----2094----pid-1
---ebpf-pid----2094----pid-2094
---ebpf-pid----372881----pid-1
---ebpf-pid----2012----pid-1
---ebpf-pid----372881----pid-372881
---ebpf-pid----2012----pid-2012
---ebpf-pid----2094----pid-1
---ebpf-pid----2094----pid-2094
---ebpf-pid----372881----pid-1
---ebpf-pid----2012----pid-1
---ebpf-pid----372881----pid-372881
---ebpf-pid----2012----pid-2012
---ebpf-pid----2094----pid-1
---ebpf-pid----2094----pid-2094
---ebpf-pid----372881----pid-1
---ebpf-pid----2012----pid-1
---ebpf-pid----372881----pid-372881
---ebpf-pid----2012----pid-2012
---ebpf-pid----372881----pid-1
---ebpf-pid----372881----pid-372881
---ebpf-pid----2094----pid-1
---ebpf-pid----372881----pid-1
---ebpf-pid----2094----pid-2094
---ebpf-pid----372881----pid-372881
---ebpf-pid----2094----pid-1
---ebpf-pid----372881----pid-1
---ebpf-pid----2094----pid-2094
---ebpf-pid----372881----pid-372881
---ebpf-pid----2094----pid-1
---ebpf-pid----372881----pid-1
---ebpf-pid----372881----pid-372881
---ebpf-pid----5707----pid-5707
---ebpf-pid----372881----pid-1
---ebpf-pid----5707----pid-5476
---ebpf-pid----372881----pid-372881
---ebpf-pid----5707----pid-1
---ebpf-pid----372881----pid-1
---ebpf-pid----5707----pid-5707
---ebpf-pid----372881----pid-372881
---ebpf-pid----5707----pid-5476
---ebpf-pid----372881----pid-1
---ebpf-pid----372881----pid-372881
---ebpf-pid----5707----pid-1
---ebpf-pid----5707----pid-5707
---ebpf-pid----5707----pid-5476
---ebpf-pid----5707----pid-1
---ebpf-pid----5707----pid-5707
---ebpf-pid----5707----pid-5476
---ebpf-pid----5707----pid-1
---ebpf-pid----5707----pid-5707
---ebpf-pid----5707----pid-5476
---ebpf-pid----5707----pid-1
---ebpf-pid----5707----pid-5707
---ebpf-pid----5707----pid-5476
---ebpf-pid----5707----pid-1
---ebpf-pid----5707----pid-5707
---ebpf-pid----5707----pid-5476
---ebpf-pid----5707----pid-1
---ebpf-pid----5707----pid-5707
---ebpf-pid----5707----pid-5476
---ebpf-pid----5707----pid-1
---ebpf-pid----5707----pid-5707
---ebpf-pid----5707----pid-5476
---ebpf-pid----5707----pid-1
---ebpf-pid----5707----pid-5707
---ebpf-pid----5707----pid-5476
---ebpf-pid----5707----pid-1
---ebpf-pid----372881----pid-372881
---ebpf-pid----372881----pid-1
---ebpf-pid----372881----pid-372881
---ebpf-pid----372881----pid-1
---ebpf-pid----372881----pid-372881
---ebpf-pid----372881----pid-1
---ebpf-pid----372881----pid-372881
---ebpf-pid----2094----pid-1
---ebpf-pid----2094----pid-2094
---ebpf-pid----2094----pid-1
---ebpf-pid----2094----pid-2094
---ebpf-pid----2094----pid-1
---ebpf-pid----2094----pid-2094
---ebpf-pid----2094----pid-1
---ebpf-pid----2094----pid-2094
---ebpf-pid----2094----pid-1
---ebpf-pid----2094----pid-2094
---ebpf-pid----372881----pid-1
---ebpf-pid----2094----pid-1
---ebpf-pid----2094----pid-2094
---ebpf-pid----372881----pid-372881
---ebpf-pid----2094----pid-1
---ebpf-pid----372881----pid-1
---ebpf-pid----2094----pid-2094
---ebpf-pid----372881----pid-372881
---ebpf-pid----2094----pid-1
---ebpf-pid----372881----pid-1
---ebpf-pid----2094----pid-2094
---ebpf-pid----372881----pid-372881
---ebpf-pid----2094----pid-1
---ebpf-pid----372881----pid-1
---ebpf-pid----372881----pid-372881
---ebpf-pid----2094----pid-2094
---ebpf-pid----372881----pid-1
---ebpf-pid----2094----pid-1
---ebpf-pid----372881----pid-372881
---ebpf-pid----2094----pid-2094
---ebpf-pid----372881----pid-1
---ebpf-pid----2094----pid-1
---ebpf-pid----372881----pid-372881
---ebpf-pid----2094----pid-2094
---ebpf-pid----372881----pid-1
---ebpf-pid----2094----pid-1
---ebpf-pid----372881----pid-372881
---ebpf-pid----379067----pid-379067
---ebpf-pid----372881----pid-1
---ebpf-pid----372881----pid-372881
---ebpf-pid----379067----pid-5476
---ebpf-pid----372881----pid-1
---ebpf-pid----379067----pid-1
---ebpf-pid----372881----pid-372881
---ebpf-pid----379067----pid-379067
---ebpf-pid----372881----pid-1
---ebpf-pid----379067----pid-5476
---ebpf-pid----372881----pid-372881
---ebpf-pid----379067----pid-1
---ebpf-pid----372881----pid-1
---ebpf-pid----379067----pid-379067
---ebpf-pid----372881----pid-372881
---ebpf-pid----379067----pid-5476
---ebpf-pid----372881----pid-1
---ebpf-pid----372881----pid-372881
---ebpf-pid----379067----pid-1
---ebpf-pid----6671----pid-6671
---ebpf-pid----372881----pid-1
---ebpf-pid----372881----pid-372881
---ebpf-pid----6671----pid-5476
---ebpf-pid----372881----pid-1
---ebpf-pid----372881----pid-372881
---ebpf-pid----6671----pid-1
---ebpf-pid----379067----pid-379067
---ebpf-pid----372881----pid-1
---ebpf-pid----372881----pid-372881
---ebpf-pid----379067----pid-5476
---ebpf-pid----372881----pid-1
---ebpf-pid----379067----pid-1
---ebpf-pid----372881----pid-372881
---ebpf-pid----379067----pid-379067
---ebpf-pid----372881----pid-1
---ebpf-pid----379067----pid-5476
---ebpf-pid----372881----pid-372881
---ebpf-pid----372881----pid-1
---ebpf-pid----379067----pid-1
---ebpf-pid----372881----pid-372881
---ebpf-pid----372881----pid-1
---ebpf-pid----372881----pid-372881
---ebpf-pid----372881----pid-1
---ebpf-pid----372881----pid-372881
---ebpf-pid----372881----pid-1
---ebpf-pid----372881----pid-1
---ebpf-pid----372881----pid-372881
---ebpf-pid----372881----pid-372881
---ebpf-pid----372881----pid-1
---ebpf-pid----372881----pid-372881
---ebpf-pid----372881----pid-1
---ebpf-pid----372881----pid-372881
---ebpf-pid----372881----pid-1
---ebpf-pid----372881----pid-372881
---ebpf-pid----372881----pid-1
---ebpf-pid----372881----pid-372881
---ebpf-pid----372881----pid-1
---ebpf-pid----372881----pid-372881
---ebpf-pid----372881----pid-1
---ebpf-pid----372881----pid-372881
---ebpf-pid----372881----pid-1
---ebpf-pid----372881----pid-372881
---ebpf-pid----372881----pid-1
---ebpf-pid----372881----pid-372881
---ebpf-pid----372881----pid-1
---ebpf-pid----372881----pid-372881
---ebpf-pid----372881----pid-1
---ebpf-pid----372881----pid-372881
---ebpf-pid----372881----pid-1
---ebpf-pid----2012----pid-1
---ebpf-pid----372881----pid-372881
---ebpf-pid----372881----pid-1
---ebpf-pid----372881----pid-372881
---ebpf-pid----372881----pid-1
---ebpf-pid----372881----pid-372881
---ebpf-pid----372881----pid-1
---ebpf-pid----372881----pid-372881
---ebpf-pid----372881----pid-1
---ebpf-pid----372881----pid-372881
---ebpf-pid----372881----pid-1
---ebpf-pid----372881----pid-372881
---ebpf-pid----372881----pid-1
---ebpf-pid----372881----pid-372881
---ebpf-pid----372881----pid-1
---ebpf-pid----372881----pid-372881
---ebpf-pid----372881----pid-1
---ebpf-pid----372881----pid-372881
---ebpf-pid----372881----pid-1
---ebpf-pid----2012----pid-2012
---ebpf-pid----372881----pid-372881
---ebpf-pid----372881----pid-1
---ebpf-pid----2012----pid-1
---ebpf-pid----2029----pid-2029
---ebpf-pid----2012----pid-2012
---ebpf-pid----2029----pid-1
---ebpf-pid----372881----pid-1
---ebpf-pid----2012----pid-1
---ebpf-pid----2029----pid-2029
---ebpf-pid----2012----pid-2012
---ebpf-pid----372881----pid-372881
---ebpf-pid----2012----pid-1
---ebpf-pid----372881----pid-1
---ebpf-pid----2029----pid-1
---ebpf-pid----2012----pid-2012
---ebpf-pid----372881----pid-372881
---ebpf-pid----2029----pid-2029
---ebpf-pid----2012----pid-1
---ebpf-pid----372881----pid-1
---ebpf-pid----2012----pid-2012
---ebpf-pid----379067----pid-379067
---ebpf-pid----372881----pid-372881
---ebpf-pid----2012----pid-1
---ebpf-pid----372881----pid-1
---ebpf-pid----379067----pid-5476
---ebpf-pid----2012----pid-2012
---ebpf-pid----372881----pid-372881
---ebpf-pid----379067----pid-1
---ebpf-pid----2012----pid-1
---ebpf-pid----372881----pid-1
---ebpf-pid----379067----pid-379067
---ebpf-pid----2012----pid-2012
---ebpf-pid----372881----pid-372881
---ebpf-pid----379067----pid-5476
---ebpf-pid----2012----pid-1
---ebpf-pid----372881----pid-1
---ebpf-pid----2012----pid-2012
---ebpf-pid----372881----pid-372881
---ebpf-pid----379067----pid-1
---ebpf-pid----379067----pid-379067
---ebpf-pid----2012----pid-1
---ebpf-pid----372881----pid-1
---ebpf-pid----4716----pid-4716
---ebpf-pid----372881----pid-372881
---ebpf-pid----379067----pid-5476
---ebpf-pid----4716----pid-3323
---ebpf-pid----372881----pid-1
---ebpf-pid----379067----pid-1
---ebpf-pid----372881----pid-372881
---ebpf-pid----379067----pid-379067
---ebpf-pid----4716----pid-1
---ebpf-pid----4716----pid-4716
---ebpf-pid----372881----pid-1
---ebpf-pid----379067----pid-5476
---ebpf-pid----372881----pid-372881
---ebpf-pid----4716----pid-3323
---ebpf-pid----379067----pid-1
---ebpf-pid----372881----pid-1
---ebpf-pid----372881----pid-372881
---ebpf-pid----372881----pid-1
---ebpf-pid----372881----pid-372881
---ebpf-pid----372881----pid-1
---ebpf-pid----372881----pid-372881
---ebpf-pid----372881----pid-1
---ebpf-pid----372881----pid-372881
---ebpf-pid----372881----pid-1
---ebpf-pid----372881----pid-372881
---ebpf-pid----372881----pid-1
---ebpf-pid----372881----pid-372881
---ebpf-pid----372881----pid-1
---ebpf-pid----372881----pid-372881
---ebpf-pid----372881----pid-1
---ebpf-pid----372881----pid-372881
---ebpf-pid----372881----pid-1
---ebpf-pid----372881----pid-372881
---ebpf-pid----372881----pid-1
---ebpf-pid----372881----pid-372881
---ebpf-pid----372881----pid-1
---ebpf-pid----372881----pid-372881
---ebpf-pid----372881----pid-1
---ebpf-pid----372881----pid-372881
---ebpf-pid----372881----pid-1
---ebpf-pid----372881----pid-372881
---ebpf-pid----2089----pid-2089
---ebpf-pid----372881----pid-1
---ebpf-pid----372881----pid-372881
---ebpf-pid----2089----pid-1
---ebpf-pid----372881----pid-1
---ebpf-pid----2089----pid-2089
---ebpf-pid----372881----pid-372881
---ebpf-pid----2089----pid-1
---ebpf-pid----2089----pid-2089
---ebpf-pid----2089----pid-1
---ebpf-pid----2089----pid-2089
---ebpf-pid----2089----pid-1
---ebpf-pid----2089----pid-2089
---ebpf-pid----2089----pid-1
---ebpf-pid----2089----pid-2089
---ebpf-pid----2089----pid-1
---ebpf-pid----2089----pid-2089
---ebpf-pid----2089----pid-1
---ebpf-pid----2089----pid-2089
---ebpf-pid----2089----pid-1
---ebpf-pid----2089----pid-2089
---ebpf-pid----2089----pid-1
---ebpf-pid----2089----pid-2089
---ebpf-pid----2029----pid-1
---ebpf-pid----2029----pid-2029
---ebpf-pid----2029----pid-1
---ebpf-pid----2029----pid-2029
---ebpf-pid----2029----pid-1
---ebpf-pid----2029----pid-2029
---ebpf-pid----2029----pid-1
---ebpf-pid----2029----pid-2029
---ebpf-pid----2029----pid-1
---ebpf-pid----2029----pid-2029
---ebpf-pid----2029----pid-1
---ebpf-pid----2029----pid-2029
---ebpf-pid----2029----pid-1
---ebpf-pid----2029----pid-2029
---ebpf-pid----4716----pid-1
---ebpf-pid----2029----pid-1
---ebpf-pid----448521----pid-448521
---ebpf-pid----448521----pid-1
---ebpf-pid----448782----pid-448782
---ebpf-pid----448782----pid-448520
---ebpf-pid----2089----pid-1
---ebpf-pid----2089----pid-2089
---ebpf-pid----448782----pid-1
---ebpf-pid----2089----pid-1
---ebpf-pid----4716----pid-4716
---ebpf-pid----2089----pid-2089
---ebpf-pid----4716----pid-3323
---ebpf-pid----2089----pid-1
---ebpf-pid----4716----pid-1
---ebpf-pid----2089----pid-2089
---ebpf-pid----4716----pid-4716
---ebpf-pid----4716----pid-3323
---ebpf-pid----2089----pid-1
---ebpf-pid----4716----pid-1
---ebpf-pid----2089----pid-2089
---ebpf-pid----4716----pid-4716
---ebpf-pid----4716----pid-3323
---ebpf-pid----2089----pid-1
---ebpf-pid----4716----pid-1
---ebpf-pid----2089----pid-2089
---ebpf-pid----5703----pid-5703
---ebpf-pid----5703----pid-5476
---ebpf-pid----2089----pid-1
---ebpf-pid----2089----pid-2089
---ebpf-pid----5703----pid-1
---ebpf-pid----448785----pid-448785
---ebpf-pid----448785----pid-448520
---ebpf-pid----2089----pid-1
---ebpf-pid----2089----pid-2089
---ebpf-pid----448785----pid-1
---ebpf-pid----448785----pid-448785
---ebpf-pid----2089----pid-1
---ebpf-pid----448785----pid-448520
---ebpf-pid----2089----pid-2089
---ebpf-pid----448785----pid-1
---ebpf-pid----448785----pid-448785
---ebpf-pid----2012----pid-2012
---ebpf-pid----2089----pid-1
---ebpf-pid----2089----pid-2089
---ebpf-pid----448785----pid-448520
---ebpf-pid----2012----pid-1
---ebpf-pid----2089----pid-1
---ebpf-pid----2012----pid-2012
---ebpf-pid----6671----pid-6671
---ebpf-pid----448785----pid-1
---ebpf-pid----448785----pid-448785
---ebpf-pid----6671----pid-5476
---ebpf-pid----2012----pid-1
---ebpf-pid----2012----pid-2012
---ebpf-pid----448785----pid-448520
---ebpf-pid----6671----pid-1
---ebpf-pid----2012----pid-2012
---ebpf-pid----2012----pid-1
---ebpf-pid----448785----pid-1
---ebpf-pid----2012----pid-2012
---ebpf-pid----448785----pid-448785
---ebpf-pid----2012----pid-1
---ebpf-pid----2012----pid-2012
---ebpf-pid----2012----pid-1
---ebpf-pid----2012----pid-2012
---ebpf-pid----448785----pid-448520
---ebpf-pid----2012----pid-1
---ebpf-pid----2012----pid-2012
---ebpf-pid----2012----pid-1
---ebpf-pid----448785----pid-1
---ebpf-pid----2012----pid-2012
---ebpf-pid----4716----pid-4716
---ebpf-pid----2012----pid-1
---ebpf-pid----2012----pid-2012
---ebpf-pid----2012----pid-1
---ebpf-pid----4716----pid-3323
---ebpf-pid----2012----pid-2012
---ebpf-pid----2012----pid-1
---ebpf-pid----4716----pid-1
---ebpf-pid----2012----pid-2012
---ebpf-pid----2012----pid-1
---ebpf-pid----2012----pid-1
---ebpf-pid----4716----pid-4716
---ebpf-pid----372881----pid-1
---ebpf-pid----372881----pid-372881
---ebpf-pid----4716----pid-3323
---ebpf-pid----372881----pid-1
---ebpf-pid----372881----pid-372881
---ebpf-pid----4716----pid-1
---ebpf-pid----448784----pid-448784
---ebpf-pid----372881----pid-1
---ebpf-pid----372881----pid-372881
---ebpf-pid----448784----pid-448520
---ebpf-pid----372881----pid-1
---ebpf-pid----448784----pid-1
---ebpf-pid----372881----pid-372881
---ebpf-pid----448784----pid-448784
---ebpf-pid----372881----pid-1
---ebpf-pid----448784----pid-448520
---ebpf-pid----372881----pid-372881
---ebpf-pid----448784----pid-1
---ebpf-pid----372881----pid-1
---ebpf-pid----448784----pid-448784
---ebpf-pid----372881----pid-372881
---ebpf-pid----448784----pid-448520
---ebpf-pid----372881----pid-1
---ebpf-pid----372881----pid-372881
---ebpf-pid----372881----pid-1
---ebpf-pid----372881----pid-372881
---ebpf-pid----372881----pid-1
---ebpf-pid----372881----pid-372881
---ebpf-pid----372881----pid-1
---ebpf-pid----372881----pid-372881
---ebpf-pid----372881----pid-1
---ebpf-pid----372881----pid-372881
---ebpf-pid----372881----pid-1
---ebpf-pid----372881----pid-372881
---ebpf-pid----372881----pid-1
---ebpf-pid----372881----pid-372881
---ebpf-pid----372881----pid-1
---ebpf-pid----372881----pid-372881
---ebpf-pid----448784----pid-1
---ebpf-pid----448784----pid-448784
---ebpf-pid----372881----pid-1
---ebpf-pid----372881----pid-372881
---ebpf-pid----448784----pid-448520
---ebpf-pid----372881----pid-1
---ebpf-pid----448784----pid-1
---ebpf-pid----372881----pid-372881
---ebpf-pid----448784----pid-448784
---ebpf-pid----372881----pid-1
---ebpf-pid----372881----pid-372881
---ebpf-pid----448784----pid-448520
---ebpf-pid----372881----pid-1
---ebpf-pid----448784----pid-1
---ebpf-pid----372881----pid-372881
---ebpf-pid----448784----pid-448784
---ebpf-pid----372881----pid-1
---ebpf-pid----448784----pid-448520
---ebpf-pid----372881----pid-372881
---ebpf-pid----448784----pid-1
---ebpf-pid----372881----pid-1
---ebpf-pid----4716----pid-4716
---ebpf-pid----372881----pid-372881
---ebpf-pid----4716----pid-3323
---ebpf-pid----372881----pid-1
---ebpf-pid----372881----pid-372881
---ebpf-pid----4716----pid-1
---ebpf-pid----4716----pid-4716
---ebpf-pid----372881----pid-1
---ebpf-pid----372881----pid-372881
---ebpf-pid----4716----pid-3323
---ebpf-pid----372881----pid-1
---ebpf-pid----4716----pid-1
---ebpf-pid----372881----pid-372881
---ebpf-pid----4716----pid-4716
---ebpf-pid----372881----pid-1
---ebpf-pid----4716----pid-3323
---ebpf-pid----372881----pid-372881
---ebpf-pid----4716----pid-1
---ebpf-pid----372881----pid-1
---ebpf-pid----4716----pid-4716
---ebpf-pid----372881----pid-372881
---ebpf-pid----4716----pid-3323
---ebpf-pid----372881----pid-1
---ebpf-pid----372881----pid-372881
---ebpf-pid----4716----pid-1
---ebpf-pid----4716----pid-4716
---ebpf-pid----372881----pid-1
---ebpf-pid----372881----pid-372881
---ebpf-pid----4716----pid-3323
---ebpf-pid----2012----pid-2012
---ebpf-pid----4716----pid-1
---ebpf-pid----4716----pid-4716
---ebpf-pid----2012----pid-1
---ebpf-pid----2012----pid-2012
---ebpf-pid----2012----pid-2012
---ebpf-pid----2012----pid-1
---ebpf-pid----2012----pid-2012
---ebpf-pid----2012----pid-1
---ebpf-pid----2012----pid-1
---ebpf-pid----2012----pid-2012
---ebpf-pid----2012----pid-2012
---ebpf-pid----2012----pid-1
---ebpf-pid----2012----pid-2012
---ebpf-pid----2012----pid-1
---ebpf-pid----2012----pid-2012
---ebpf-pid----2012----pid-1
---ebpf-pid----2012----pid-2012
---ebpf-pid----2012----pid-1
---ebpf-pid----2012----pid-1
---ebpf-pid----2012----pid-2012
---ebpf-pid----2012----pid-2012
---ebpf-pid----2012----pid-1
---ebpf-pid----2012----pid-1
---ebpf-pid----2012----pid-2012
---ebpf-pid----2012----pid-2012
---ebpf-pid----2012----pid-1
---ebpf-pid----2012----pid-2012
---ebpf-pid----2012----pid-1
---ebpf-pid----2012----pid-1
---ebpf-pid----2012----pid-2012
---ebpf-pid----2012----pid-2012
---ebpf-pid----2012----pid-1
---ebpf-pid----2012----pid-1
---ebpf-pid----2012----pid-2012
---ebpf-pid----2012----pid-2012
---ebpf-pid----2012----pid-1
---ebpf-pid----2012----pid-1
---ebpf-pid----2012----pid-2012
---ebpf-pid----2012----pid-2012
---ebpf-pid----2012----pid-1
---ebpf-pid----2012----pid-1
---ebpf-pid----2012----pid-2012
---ebpf-pid----2012----pid-2012
---ebpf-pid----2012----pid-1
---ebpf-pid----2012----pid-1
---ebpf-pid----2012----pid-2012
---ebpf-pid----2012----pid-2012
---ebpf-pid----2012----pid-1
---ebpf-pid----2012----pid-1
---ebpf-pid----2012----pid-2012
---ebpf-pid----2012----pid-2012
---ebpf-pid----2012----pid-1
---ebpf-pid----2012----pid-1
---ebpf-pid----2012----pid-2012
---ebpf-pid----2012----pid-1
---ebpf-pid----2012----pid-2012
---ebpf-pid----2012----pid-1
---ebpf-pid----2012----pid-2012
---ebpf-pid----2012----pid-1
---ebpf-pid----2012----pid-2012
---ebpf-pid----2012----pid-1
---ebpf-pid----2012----pid-2012
---ebpf-pid----2012----pid-1
---ebpf-pid----2012----pid-2012
---ebpf-pid----2012----pid-2012
---ebpf-pid----2012----pid-1
---ebpf-pid----2012----pid-1
---ebpf-pid----2012----pid-2012
---ebpf-pid----2012----pid-2012
---ebpf-pid----2012----pid-1
---ebpf-pid----2012----pid-1
---ebpf-pid----5705----pid-5705
---ebpf-pid----2012----pid-2012
---ebpf-pid----5705----pid-5476
---ebpf-pid----2012----pid-1
---ebpf-pid----5705----pid-1
---ebpf-pid----2012----pid-2012
---ebpf-pid----5705----pid-5705
---ebpf-pid----2012----pid-1
---ebpf-pid----5705----pid-5476
---ebpf-pid----2012----pid-2012
---ebpf-pid----5705----pid-1
---ebpf-pid----5705----pid-5705
---ebpf-pid----2012----pid-1
---ebpf-pid----2012----pid-2012
---ebpf-pid----5705----pid-5476
---ebpf-pid----2012----pid-1
---ebpf-pid----2012----pid-2012
---ebpf-pid----2012----pid-1
---ebpf-pid----2012----pid-2012
---ebpf-pid----2012----pid-1
---ebpf-pid----2012----pid-2012
---ebpf-pid----5705----pid-1
---ebpf-pid----5705----pid-5705
---ebpf-pid----2012----pid-1
---ebpf-pid----4716----pid-3323
---ebpf-pid----5705----pid-5476
---ebpf-pid----4716----pid-1
---ebpf-pid----5705----pid-1
---ebpf-pid----4716----pid-4716
---ebpf-pid----5705----pid-5705
---ebpf-pid----4716----pid-3323
---ebpf-pid----2012----pid-2012
---ebpf-pid----5705----pid-5476
---ebpf-pid----4716----pid-1
---ebpf-pid----2010----pid-2010
---ebpf-pid----5705----pid-1
---ebpf-pid----2012----pid-1
---ebpf-pid----379067----pid-379067
---ebpf-pid----2012----pid-2012
---ebpf-pid----2010----pid-1
---ebpf-pid----448784----pid-448784
---ebpf-pid----379067----pid-5476
---ebpf-pid----2012----pid-1
---ebpf-pid----448784----pid-448520
---ebpf-pid----2012----pid-2012
---ebpf-pid----379067----pid-1
---ebpf-pid----5707----pid-5707
---ebpf-pid----448784----pid-1
---ebpf-pid----448785----pid-448785
---ebpf-pid----2012----pid-1
---ebpf-pid----5707----pid-5476
---ebpf-pid----2012----pid-2012
---ebpf-pid----448785----pid-448520
---ebpf-pid----5707----pid-1
---ebpf-pid----5707----pid-5707
---ebpf-pid----448785----pid-1
---ebpf-pid----448785----pid-448785
---ebpf-pid----2012----pid-1
---ebpf-pid----5707----pid-5476
---ebpf-pid----372714----pid-372714
---ebpf-pid----448785----pid-448520
---ebpf-pid----5707----pid-1
---ebpf-pid----379067----pid-379067
---ebpf-pid----448785----pid-1
---ebpf-pid----372714----pid-5476
---ebpf-pid----379067----pid-5476
---ebpf-pid----379067----pid-1
---ebpf-pid----448785----pid-448785
---ebpf-pid----379067----pid-379067
---ebpf-pid----379067----pid-5476
---ebpf-pid----372714----pid-1
---ebpf-pid----372714----pid-372714
---ebpf-pid----379067----pid-1
---ebpf-pid----448785----pid-448520
---ebpf-pid----2029----pid-2029
---ebpf-pid----448785----pid-1
---ebpf-pid----448785----pid-448785
---ebpf-pid----2029----pid-1
---ebpf-pid----372714----pid-5476
---ebpf-pid----2029----pid-2029
---ebpf-pid----448785----pid-448520
---ebpf-pid----2029----pid-1
---ebpf-pid----448785----pid-1
---ebpf-pid----372714----pid-1
---ebpf-pid----372714----pid-372714
---ebpf-pid----2029----pid-2029
---ebpf-pid----372714----pid-5476
---ebpf-pid----448785----pid-448785
---ebpf-pid----2029----pid-1
---ebpf-pid----2029----pid-2029
---ebpf-pid----372881----pid-1
---ebpf-pid----372881----pid-372881
---ebpf-pid----372714----pid-1
---ebpf-pid----372714----pid-372714
---ebpf-pid----372714----pid-5476
---ebpf-pid----372714----pid-1
---ebpf-pid----372714----pid-372714
---ebpf-pid----372714----pid-5476
---ebpf-pid----372714----pid-1
---ebpf-pid----372714----pid-372714
---ebpf-pid----372714----pid-5476
---ebpf-pid----372714----pid-1
---ebpf-pid----372714----pid-372714
---ebpf-pid----448785----pid-448520
---ebpf-pid----372714----pid-5476
---ebpf-pid----372714----pid-1
---ebpf-pid----448785----pid-1
---ebpf-pid----372714----pid-372714
---ebpf-pid----448785----pid-448785
---ebpf-pid----372714----pid-5476
---ebpf-pid----448785----pid-448520
---ebpf-pid----372714----pid-1
---ebpf-pid----448785----pid-1
---ebpf-pid----372714----pid-372714
---ebpf-pid----448785----pid-448785
---ebpf-pid----372714----pid-5476
---ebpf-pid----448785----pid-448520
---ebpf-pid----372714----pid-1
---ebpf-pid----448785----pid-1
---ebpf-pid----372714----pid-372714
---ebpf-pid----448785----pid-448785
---ebpf-pid----372714----pid-5476
---ebpf-pid----448785----pid-448520
---ebpf-pid----372714----pid-1
---ebpf-pid----448785----pid-1
---ebpf-pid----372714----pid-372714
---ebpf-pid----448785----pid-448785
---ebpf-pid----372714----pid-5476
---ebpf-pid----448785----pid-448520
---ebpf-pid----372714----pid-1
---ebpf-pid----448785----pid-1
---ebpf-pid----448785----pid-448785
---ebpf-pid----448785----pid-448520
---ebpf-pid----372881----pid-1
---ebpf-pid----448785----pid-1
---ebpf-pid----2089----pid-2089
---ebpf-pid----372881----pid-372881
---ebpf-pid----2089----pid-1
---ebpf-pid----372881----pid-1
---ebpf-pid----2089----pid-2089
---ebpf-pid----372881----pid-372881
---ebpf-pid----2089----pid-1
---ebpf-pid----372881----pid-1
---ebpf-pid----2089----pid-2089
---ebpf-pid----372881----pid-372881
---ebpf-pid----2089----pid-1
---ebpf-pid----372881----pid-1
---ebpf-pid----2089----pid-2089
---ebpf-pid----372881----pid-372881
---ebpf-pid----2089----pid-1
---ebpf-pid----372881----pid-1
---ebpf-pid----2089----pid-2089
---ebpf-pid----372881----pid-372881
---ebpf-pid----2089----pid-1
---ebpf-pid----372881----pid-1
---ebpf-pid----2089----pid-2089
---ebpf-pid----372881----pid-372881
---ebpf-pid----2089----pid-1
---ebpf-pid----372881----pid-1
---ebpf-pid----2089----pid-2089
---ebpf-pid----372881----pid-372881
---ebpf-pid----2089----pid-1
---ebpf-pid----372881----pid-1
---ebpf-pid----2089----pid-2089
---ebpf-pid----372881----pid-372881
---ebpf-pid----2089----pid-1
---ebpf-pid----372881----pid-1
---ebpf-pid----2089----pid-2089
---ebpf-pid----372881----pid-372881
---ebpf-pid----2089----pid-1
---ebpf-pid----372881----pid-1
---ebpf-pid----2010----pid-2010
---ebpf-pid----372881----pid-372881
---ebpf-pid----2010----pid-1
---ebpf-pid----372881----pid-1
---ebpf-pid----4716----pid-4716
---ebpf-pid----372881----pid-372881
---ebpf-pid----4716----pid-3323
---ebpf-pid----372881----pid-1
---ebpf-pid----372881----pid-372881
---ebpf-pid----4716----pid-1
---ebpf-pid----4716----pid-4716
---ebpf-pid----372881----pid-1
---ebpf-pid----372881----pid-372881
---ebpf-pid----4716----pid-3323
---ebpf-pid----372881----pid-1
---ebpf-pid----372881----pid-372881
---ebpf-pid----4716----pid-1
---ebpf-pid----4716----pid-4716
---ebpf-pid----372881----pid-1
---ebpf-pid----4716----pid-3323
---ebpf-pid----372881----pid-372881
---ebpf-pid----4716----pid-1
---ebpf-pid----372881----pid-1
---ebpf-pid----448784----pid-448784
---ebpf-pid----372881----pid-372881
---ebpf-pid----448784----pid-448520
---ebpf-pid----372881----pid-1
---ebpf-pid----372881----pid-372881
---ebpf-pid----448784----pid-1
---ebpf-pid----448784----pid-448784
---ebpf-pid----372881----pid-1
---ebpf-pid----372881----pid-372881
---ebpf-pid----448784----pid-448520
---ebpf-pid----372881----pid-1
---ebpf-pid----448784----pid-1
---ebpf-pid----448784----pid-448784
---ebpf-pid----372881----pid-372881
---ebpf-pid----448784----pid-448520
---ebpf-pid----372881----pid-1
---ebpf-pid----372714----pid-372714
---ebpf-pid----448784----pid-1
---ebpf-pid----372881----pid-372881
---ebpf-pid----2029----pid-1
---ebpf-pid----2029----pid-2029
---ebpf-pid----372881----pid-1
---ebpf-pid----372714----pid-5476
---ebpf-pid----372881----pid-372881
---ebpf-pid----2029----pid-1
---ebpf-pid----372714----pid-1
---ebpf-pid----2029----pid-2029
---ebpf-pid----372714----pid-372714
---ebpf-pid----2029----pid-1
---ebpf-pid----372881----pid-1
---ebpf-pid----2029----pid-2029
---ebpf-pid----372714----pid-5476
---ebpf-pid----372881----pid-372881
---ebpf-pid----2029----pid-1
---ebpf-pid----372714----pid-1
---ebpf-pid----372881----pid-1
---ebpf-pid----2029----pid-2029
---ebpf-pid----5705----pid-5705
---ebpf-pid----372881----pid-372881
---ebpf-pid----5705----pid-5476
---ebpf-pid----2029----pid-1
---ebpf-pid----372881----pid-1
---ebpf-pid----2029----pid-2029
---ebpf-pid----372881----pid-372881
---ebpf-pid----5705----pid-1
---ebpf-pid----5705----pid-5705
---ebpf-pid----2029----pid-1
---ebpf-pid----372881----pid-1
---ebpf-pid----2029----pid-2029
---ebpf-pid----5705----pid-5476
---ebpf-pid----372881----pid-372881
---ebpf-pid----2029----pid-1
---ebpf-pid----5705----pid-1
---ebpf-pid----5705----pid-5705
---ebpf-pid----2029----pid-2029
---ebpf-pid----372881----pid-1
---ebpf-pid----372881----pid-372881
---ebpf-pid----5705----pid-5476
---ebpf-pid----2029----pid-1
---ebpf-pid----2029----pid-2029
---ebpf-pid----372881----pid-1
---ebpf-pid----5705----pid-1
---ebpf-pid----372881----pid-372881
---ebpf-pid----5705----pid-5705
---ebpf-pid----2029----pid-1
---ebpf-pid----2029----pid-2029
---ebpf-pid----372881----pid-1
---ebpf-pid----5705----pid-5476
---ebpf-pid----372881----pid-372881
---ebpf-pid----448784----pid-448784
---ebpf-pid----372881----pid-1
---ebpf-pid----5705----pid-1
---ebpf-pid----372881----pid-372881
---ebpf-pid----2012----pid-2012
---ebpf-pid----448784----pid-448520
---ebpf-pid----372881----pid-1
---ebpf-pid----2012----pid-1
---ebpf-pid----448784----pid-1
---ebpf-pid----372881----pid-372881
---ebpf-pid----2012----pid-2012
---ebpf-pid----4716----pid-4716
---ebpf-pid----372881----pid-1
---ebpf-pid----2012----pid-1
---ebpf-pid----372881----pid-372881
---ebpf-pid----4716----pid-3323
---ebpf-pid----2012----pid-2012
---ebpf-pid----372881----pid-1
---ebpf-pid----4716----pid-1
---ebpf-pid----372881----pid-372881
---ebpf-pid----2012----pid-1
---ebpf-pid----448784----pid-448784
---ebpf-pid----2012----pid-2012
---ebpf-pid----372881----pid-1
---ebpf-pid----448784----pid-448520
---ebpf-pid----372881----pid-372881
---ebpf-pid----2012----pid-1
---ebpf-pid----2012----pid-2012
---ebpf-pid----448784----pid-1
---ebpf-pid----372881----pid-1
---ebpf-pid----448784----pid-448784
---ebpf-pid----372881----pid-372881
---ebpf-pid----2012----pid-1
---ebpf-pid----2012----pid-2012
---ebpf-pid----448784----pid-448520
---ebpf-pid----2012----pid-1
---ebpf-pid----448784----pid-1
---ebpf-pid----2012----pid-2012
---ebpf-pid----448784----pid-448784
---ebpf-pid----2012----pid-1
---ebpf-pid----2012----pid-2012
---ebpf-pid----448784----pid-448520
---ebpf-pid----2012----pid-1
---ebpf-pid----448784----pid-1
---ebpf-pid----2012----pid-2012
---ebpf-pid----448784----pid-448784
---ebpf-pid----372881----pid-1
---ebpf-pid----2012----pid-1
---ebpf-pid----448784----pid-448520
---ebpf-pid----372881----pid-372881
---ebpf-pid----2012----pid-2012
---ebpf-pid----372881----pid-1
---ebpf-pid----2012----pid-1
---ebpf-pid----372881----pid-372881
---ebpf-pid----2012----pid-2012
---ebpf-pid----372881----pid-1
---ebpf-pid----372881----pid-372881
---ebpf-pid----372881----pid-1
---ebpf-pid----372881----pid-372881
---ebpf-pid----2029----pid-1
---ebpf-pid----2029----pid-2029
---ebpf-pid----372881----pid-1
---ebpf-pid----372881----pid-372881
---ebpf-pid----2029----pid-1
---ebpf-pid----2029----pid-2029
---ebpf-pid----372881----pid-1
---ebpf-pid----372881----pid-372881
---ebpf-pid----2029----pid-1
---ebpf-pid----2029----pid-2029
---ebpf-pid----372881----pid-1
---ebpf-pid----372881----pid-372881
---ebpf-pid----2029----pid-1
---ebpf-pid----2029----pid-2029
---ebpf-pid----372881----pid-1
---ebpf-pid----372881----pid-372881
---ebpf-pid----2029----pid-1
---ebpf-pid----2029----pid-2029
---ebpf-pid----372881----pid-1
---ebpf-pid----372881----pid-372881
---ebpf-pid----2029----pid-1
---ebpf-pid----2029----pid-2029
---ebpf-pid----372881----pid-1
---ebpf-pid----372881----pid-372881
---ebpf-pid----2029----pid-1
---ebpf-pid----2029----pid-2029
---ebpf-pid----372881----pid-1
---ebpf-pid----372881----pid-372881
---ebpf-pid----2029----pid-1
---ebpf-pid----2029----pid-2029
---ebpf-pid----372881----pid-1
---ebpf-pid----372881----pid-372881
---ebpf-pid----2029----pid-1
---ebpf-pid----2029----pid-2029
---ebpf-pid----372881----pid-1
---ebpf-pid----372881----pid-372881
---ebpf-pid----2029----pid-1
---ebpf-pid----2029----pid-2029
---ebpf-pid----372881----pid-1
---ebpf-pid----372881----pid-372881
---ebpf-pid----2029----pid-1
---ebpf-pid----2029----pid-2029
---ebpf-pid----372881----pid-1
---ebpf-pid----372881----pid-372881
---ebpf-pid----2029----pid-1
---ebpf-pid----2029----pid-2029
---ebpf-pid----372881----pid-1
---ebpf-pid----372881----pid-372881
---ebpf-pid----2029----pid-1
---ebpf-pid----2029----pid-2029
---ebpf-pid----372881----pid-1
---ebpf-pid----372881----pid-372881
---ebpf-pid----2029----pid-1
---ebpf-pid----2029----pid-2029
---ebpf-pid----372881----pid-1
---ebpf-pid----372881----pid-372881
---ebpf-pid----2029----pid-1
---ebpf-pid----2029----pid-2029
---ebpf-pid----2029----pid-1
---ebpf-pid----2029----pid-2029
---ebpf-pid----2029----pid-1
---ebpf-pid----2029----pid-2029
---ebpf-pid----2029----pid-1
---ebpf-pid----2029----pid-2029
---ebpf-pid----2029----pid-1
---ebpf-pid----2029----pid-2029
---ebpf-pid----2029----pid-1
---ebpf-pid----2029----pid-2029
---ebpf-pid----2029----pid-1
---ebpf-pid----2029----pid-2029
---ebpf-pid----2029----pid-1
---ebpf-pid----2029----pid-2029
---ebpf-pid----2012----pid-1
---ebpf-pid----448784----pid-1
---ebpf-pid----2012----pid-2012
---ebpf-pid----448784----pid-448784
---ebpf-pid----2012----pid-1
---ebpf-pid----448784----pid-448520
---ebpf-pid----2012----pid-2012
---ebpf-pid----448784----pid-1
---ebpf-pid----2012----pid-1
---ebpf-pid----448784----pid-448784
---ebpf-pid----2012----pid-2012
---ebpf-pid----448784----pid-448520
---ebpf-pid----2012----pid-1
---ebpf-pid----2012----pid-2012
---ebpf-pid----448784----pid-1
---ebpf-pid----4716----pid-4716
---ebpf-pid----2012----pid-1
---ebpf-pid----4716----pid-3323
---ebpf-pid----2012----pid-2012
---ebpf-pid----4716----pid-1
---ebpf-pid----4716----pid-4716
---ebpf-pid----2029----pid-1
---ebpf-pid----4716----pid-3323
---ebpf-pid----2029----pid-2029
---ebpf-pid----4716----pid-1
---ebpf-pid----2012----pid-1
---ebpf-pid----2029----pid-1
---ebpf-pid----4716----pid-4716
---ebpf-pid----2029----pid-2029
---ebpf-pid----2012----pid-2012
---ebpf-pid----4716----pid-3323
---ebpf-pid----2029----pid-1
---ebpf-pid----2012----pid-1
---ebpf-pid----4716----pid-1
---ebpf-pid----2029----pid-2029
---ebpf-pid----2012----pid-2012
---ebpf-pid----4716----pid-4716
---ebpf-pid----4716----pid-3323
---ebpf-pid----2029----pid-1
---ebpf-pid----2012----pid-1
---ebpf-pid----2029----pid-2029
---ebpf-pid----4716----pid-1
---ebpf-pid----2012----pid-2012
---ebpf-pid----376651----pid-376651
---ebpf-pid----2029----pid-1
---ebpf-pid----2029----pid-2029
---ebpf-pid----376651----pid-3323
---ebpf-pid----2012----pid-1
---ebpf-pid----2012----pid-2012
---ebpf-pid----376651----pid-1
---ebpf-pid----2012----pid-1
---ebpf-pid----376651----pid-376651
---ebpf-pid----2012----pid-2012
---ebpf-pid----2012----pid-1
---ebpf-pid----2012----pid-2012
---ebpf-pid----2029----pid-1
---ebpf-pid----2029----pid-2029
---ebpf-pid----2012----pid-1
---ebpf-pid----2012----pid-2012
---ebpf-pid----2029----pid-1
---ebpf-pid----2029----pid-2029
---ebpf-pid----2012----pid-1
---ebpf-pid----2012----pid-2012
---ebpf-pid----2029----pid-1
---ebpf-pid----2029----pid-2029
---ebpf-pid----2012----pid-1
---ebpf-pid----2012----pid-2012
---ebpf-pid----2029----pid-1
---ebpf-pid----2029----pid-2029
---ebpf-pid----2012----pid-1
---ebpf-pid----2012----pid-2012
---ebpf-pid----2029----pid-1
---ebpf-pid----2029----pid-2029
---ebpf-pid----2012----pid-1
---ebpf-pid----2012----pid-2012
---ebpf-pid----2029----pid-1
---ebpf-pid----2029----pid-2029
---ebpf-pid----2012----pid-1
---ebpf-pid----2012----pid-2012
---ebpf-pid----2029----pid-1
---ebpf-pid----2012----pid-1
---ebpf-pid----2029----pid-2029
---ebpf-pid----2012----pid-2012
---ebpf-pid----2029----pid-1
---ebpf-pid----2012----pid-1
---ebpf-pid----2029----pid-2029
---ebpf-pid----2012----pid-2012
---ebpf-pid----2029----pid-1
---ebpf-pid----2012----pid-1
---ebpf-pid----2029----pid-2029
---ebpf-pid----2012----pid-2012
---ebpf-pid----2029----pid-1
---ebpf-pid----2012----pid-1
---ebpf-pid----2029----pid-2029
---ebpf-pid----2012----pid-2012
---ebpf-pid----2029----pid-1
---ebpf-pid----2012----pid-1
---ebpf-pid----2029----pid-2029
---ebpf-pid----2012----pid-2012
---ebpf-pid----2029----pid-1
---ebpf-pid----2012----pid-1
---ebpf-pid----2029----pid-2029
---ebpf-pid----2012----pid-2012
---ebpf-pid----2029----pid-1
---ebpf-pid----2012----pid-1
---ebpf-pid----2029----pid-2029
---ebpf-pid----2012----pid-2012
---ebpf-pid----2029----pid-1
---ebpf-pid----2029----pid-2029
---ebpf-pid----2029----pid-1
---ebpf-pid----372881----pid-1
---ebpf-pid----2029----pid-2029
---ebpf-pid----372881----pid-372881
---ebpf-pid----2029----pid-1
---ebpf-pid----372881----pid-1
---ebpf-pid----2029----pid-2029
---ebpf-pid----372881----pid-372881
---ebpf-pid----2029----pid-1
---ebpf-pid----372881----pid-1
---ebpf-pid----2029----pid-2029
---ebpf-pid----372881----pid-372881
---ebpf-pid----372881----pid-1
---ebpf-pid----2029----pid-1
---ebpf-pid----372881----pid-372881
---ebpf-pid----2029----pid-2029
---ebpf-pid----372881----pid-1
---ebpf-pid----2029----pid-1
---ebpf-pid----372881----pid-372881
---ebpf-pid----2029----pid-2029
---ebpf-pid----372881----pid-1
---ebpf-pid----2029----pid-1
---ebpf-pid----372881----pid-372881
---ebpf-pid----2029----pid-2029
---ebpf-pid----372881----pid-1
---ebpf-pid----372881----pid-372881
---ebpf-pid----376651----pid-3323
---ebpf-pid----372881----pid-1
---ebpf-pid----372881----pid-372881
---ebpf-pid----376651----pid-1
---ebpf-pid----372881----pid-1
---ebpf-pid----4716----pid-4716
---ebpf-pid----372881----pid-372881
---ebpf-pid----4716----pid-3323
---ebpf-pid----372881----pid-1
---ebpf-pid----372881----pid-372881
---ebpf-pid----4716----pid-1
---ebpf-pid----4716----pid-4716
---ebpf-pid----372881----pid-1
---ebpf-pid----4716----pid-3323
---ebpf-pid----372881----pid-372881
---ebpf-pid----4716----pid-1
---ebpf-pid----376651----pid-376651
---ebpf-pid----372881----pid-1
---ebpf-pid----372881----pid-372881
---ebpf-pid----376651----pid-3323
---ebpf-pid----376651----pid-1
---ebpf-pid----372881----pid-1
---ebpf-pid----376651----pid-376651
---ebpf-pid----372881----pid-372881
---ebpf-pid----376651----pid-3323
---ebpf-pid----372881----pid-1
---ebpf-pid----376651----pid-1
---ebpf-pid----372881----pid-372881
---ebpf-pid----376651----pid-376651
---ebpf-pid----372881----pid-1
---ebpf-pid----376651----pid-3323
---ebpf-pid----372881----pid-372881
---ebpf-pid----2029----pid-1
---ebpf-pid----376651----pid-1
---ebpf-pid----2029----pid-2029
---ebpf-pid----376651----pid-376651
---ebpf-pid----372881----pid-1
---ebpf-pid----5705----pid-5705
---ebpf-pid----2029----pid-1
---ebpf-pid----376651----pid-3323
---ebpf-pid----2029----pid-2029
---ebpf-pid----5705----pid-5476
---ebpf-pid----376651----pid-1
---ebpf-pid----2029----pid-1
---ebpf-pid----376651----pid-376651
---ebpf-pid----2029----pid-2029
---ebpf-pid----5705----pid-1
---ebpf-pid----5705----pid-5705
---ebpf-pid----376651----pid-3323
---ebpf-pid----2029----pid-1
---ebpf-pid----2029----pid-2029
---ebpf-pid----5705----pid-5476
---ebpf-pid----376651----pid-1
---ebpf-pid----376651----pid-376651
---ebpf-pid----5705----pid-1
---ebpf-pid----376651----pid-3323
---ebpf-pid----5705----pid-5705
---ebpf-pid----376651----pid-1
---ebpf-pid----376651----pid-376651
---ebpf-pid----2012----pid-1
---ebpf-pid----2012----pid-2012
---ebpf-pid----376651----pid-3323
---ebpf-pid----2029----pid-1
---ebpf-pid----2012----pid-1
---ebpf-pid----2029----pid-2029
---ebpf-pid----376651----pid-1
---ebpf-pid----2012----pid-2012
---ebpf-pid----4716----pid-4716
---ebpf-pid----2029----pid-1
---ebpf-pid----2012----pid-1
---ebpf-pid----2029----pid-2029
---ebpf-pid----4716----pid-3323
---ebpf-pid----2012----pid-2012
---ebpf-pid----2029----pid-1
---ebpf-pid----4716----pid-1
---ebpf-pid----4716----pid-4716
---ebpf-pid----2029----pid-2029
---ebpf-pid----2012----pid-1
---ebpf-pid----2012----pid-2012
---ebpf-pid----4716----pid-3323
---ebpf-pid----2029----pid-1
---ebpf-pid----2029----pid-2029
---ebpf-pid----2012----pid-1
---ebpf-pid----4716----pid-1
---ebpf-pid----2012----pid-2012
---ebpf-pid----4716----pid-4716
---ebpf-pid----2029----pid-1
---ebpf-pid----2029----pid-2029
---ebpf-pid----2012----pid-1
---ebpf-pid----4716----pid-3323
---ebpf-pid----2012----pid-2012
---ebpf-pid----4716----pid-1
---ebpf-pid----2029----pid-1
---ebpf-pid----4716----pid-4716
---ebpf-pid----2029----pid-2029
---ebpf-pid----2029----pid-1
---ebpf-pid----5705----pid-5476
---ebpf-pid----2029----pid-2029
---ebpf-pid----5705----pid-1
---ebpf-pid----2029----pid-1
---ebpf-pid----2029----pid-2029
---ebpf-pid----5705----pid-5705
---ebpf-pid----2029----pid-1
---ebpf-pid----5705----pid-5476
---ebpf-pid----2094----pid-2094
---ebpf-pid----5705----pid-1
---ebpf-pid----5705----pid-5705
---ebpf-pid----2094----pid-1
---ebpf-pid----2094----pid-2094
---ebpf-pid----5705----pid-5476
---ebpf-pid----2094----pid-1
---ebpf-pid----2094----pid-2094
---ebpf-pid----5705----pid-1
---ebpf-pid----5705----pid-5705
---ebpf-pid----2094----pid-1
---ebpf-pid----5705----pid-5476
---ebpf-pid----2094----pid-2094
---ebpf-pid----2094----pid-1
---ebpf-pid----5705----pid-1
---ebpf-pid----2094----pid-2094
---ebpf-pid----5705----pid-5705
---ebpf-pid----5705----pid-5476
---ebpf-pid----2094----pid-1
---ebpf-pid----2029----pid-2029
---ebpf-pid----5705----pid-1
---ebpf-pid----5705----pid-5705
---ebpf-pid----2029----pid-1
---ebpf-pid----2029----pid-2029
---ebpf-pid----5705----pid-5476
---ebpf-pid----2029----pid-1
---ebpf-pid----5705----pid-1
---ebpf-pid----2029----pid-2029
---ebpf-pid----5705----pid-5705
---ebpf-pid----2029----pid-1
---ebpf-pid----5705----pid-5476
---ebpf-pid----2029----pid-2029
---ebpf-pid----5705----pid-1
---ebpf-pid----2029----pid-1
---ebpf-pid----5705----pid-5705
---ebpf-pid----2029----pid-2029
---ebpf-pid----5705----pid-5476
---ebpf-pid----2029----pid-1
---ebpf-pid----2029----pid-2029
---ebpf-pid----5705----pid-1
---ebpf-pid----5705----pid-5705
---ebpf-pid----2029----pid-1
---ebpf-pid----2029----pid-2029
---ebpf-pid----5705----pid-5476
---ebpf-pid----5705----pid-1
---ebpf-pid----5705----pid-5705
---ebpf-pid----5705----pid-5476
---ebpf-pid----5705----pid-1
---ebpf-pid----5705----pid-5705
---ebpf-pid----5705----pid-5476
---ebpf-pid----5705----pid-1
---ebpf-pid----5705----pid-5705
---ebpf-pid----5705----pid-5476
---ebpf-pid----5705----pid-1
---ebpf-pid----5705----pid-5705
---ebpf-pid----5705----pid-5476
---ebpf-pid----5705----pid-1
---ebpf-pid----5705----pid-5705
---ebpf-pid----2012----pid-1
---ebpf-pid----5705----pid-5476
---ebpf-pid----2012----pid-2012
---ebpf-pid----5705----pid-1
---ebpf-pid----2012----pid-1
---ebpf-pid----2012----pid-2012
---ebpf-pid----5705----pid-5705
---ebpf-pid----5705----pid-5476
---ebpf-pid----2012----pid-1
---ebpf-pid----2012----pid-2012
---ebpf-pid----5705----pid-1
---ebpf-pid----2012----pid-1
---ebpf-pid----5705----pid-5705
---ebpf-pid----2012----pid-2012
---ebpf-pid----5705----pid-5476
---ebpf-pid----2012----pid-1
---ebpf-pid----2012----pid-2012
---ebpf-pid----5705----pid-1
---ebpf-pid----5705----pid-5705
---ebpf-pid----2012----pid-1
---ebpf-pid----2012----pid-2012
---ebpf-pid----5705----pid-5476
---ebpf-pid----2012----pid-1
---ebpf-pid----2012----pid-2012
---ebpf-pid----5705----pid-1
---ebpf-pid----5705----pid-5705
---ebpf-pid----2012----pid-1
---ebpf-pid----2012----pid-2012
---ebpf-pid----5705----pid-5476
---ebpf-pid----4716----pid-3323
---ebpf-pid----2012----pid-1
---ebpf-pid----2012----pid-2012
---ebpf-pid----5705----pid-1
---ebpf-pid----4716----pid-1
---ebpf-pid----5705----pid-5705
---ebpf-pid----4716----pid-4716
---ebpf-pid----2012----pid-1
---ebpf-pid----5705----pid-5476
---ebpf-pid----2012----pid-2012
---ebpf-pid----4716----pid-3323
---ebpf-pid----2012----pid-1
---ebpf-pid----5705----pid-1
---ebpf-pid----4716----pid-1
---ebpf-pid----2012----pid-2012
---ebpf-pid----5705----pid-5705
---ebpf-pid----4716----pid-4716
---ebpf-pid----2012----pid-1
---ebpf-pid----5705----pid-5476
---ebpf-pid----4716----pid-3323
---ebpf-pid----2012----pid-2012
---ebpf-pid----5705----pid-1
---ebpf-pid----4716----pid-1
---ebpf-pid----2012----pid-1
---ebpf-pid----5705----pid-5705
---ebpf-pid----4716----pid-4716
---ebpf-pid----2012----pid-2012
---ebpf-pid----5705----pid-5476
---ebpf-pid----4716----pid-3323
---ebpf-pid----2012----pid-1
---ebpf-pid----2012----pid-2012
---ebpf-pid----5705----pid-1
---ebpf-pid----4716----pid-1
---ebpf-pid----5705----pid-5705
---ebpf-pid----4716----pid-4716
---ebpf-pid----2012----pid-1
---ebpf-pid----2012----pid-2012
---ebpf-pid----5705----pid-5476
---ebpf-pid----5705----pid-1
---ebpf-pid----2012----pid-1
---ebpf-pid----2012----pid-2012
---ebpf-pid----5705----pid-5705
---ebpf-pid----5705----pid-5476
---ebpf-pid----2012----pid-1
---ebpf-pid----2012----pid-2012
---ebpf-pid----5705----pid-1
---ebpf-pid----5705----pid-5705
---ebpf-pid----2012----pid-1
---ebpf-pid----2012----pid-2012
---ebpf-pid----5705----pid-5476
---ebpf-pid----2012----pid-1
---ebpf-pid----2012----pid-2012
---ebpf-pid----5705----pid-1
---ebpf-pid----5705----pid-5705
---ebpf-pid----2012----pid-1
---ebpf-pid----5705----pid-5476
---ebpf-pid----2012----pid-2012
---ebpf-pid----5705----pid-1
---ebpf-pid----2012----pid-1
---ebpf-pid----2012----pid-2012
---ebpf-pid----5705----pid-5705
---ebpf-pid----2012----pid-1
---ebpf-pid----5705----pid-5476
---ebpf-pid----2012----pid-2012
---ebpf-pid----5705----pid-1
---ebpf-pid----5705----pid-5705
---ebpf-pid----2012----pid-1
---ebpf-pid----2012----pid-2012
---ebpf-pid----5705----pid-5476
---ebpf-pid----2012----pid-1
---ebpf-pid----2012----pid-2012
---ebpf-pid----5705----pid-1
---ebpf-pid----5705----pid-5705
---ebpf-pid----2012----pid-1
---ebpf-pid----2012----pid-2012
---ebpf-pid----5705----pid-5476
---ebpf-pid----2012----pid-1
---ebpf-pid----5705----pid-1
---ebpf-pid----5705----pid-5705
---ebpf-pid----5705----pid-5476
---ebpf-pid----5705----pid-1
---ebpf-pid----5705----pid-5705
---ebpf-pid----5705----pid-5476
---ebpf-pid----5705----pid-1
---ebpf-pid----2029----pid-1
---ebpf-pid----2029----pid-2029
---ebpf-pid----5705----pid-5705
---ebpf-pid----2029----pid-1
---ebpf-pid----5705----pid-5476
---ebpf-pid----2029----pid-2029
---ebpf-pid----5705----pid-1
---ebpf-pid----2029----pid-1
---ebpf-pid----5705----pid-5705
---ebpf-pid----2029----pid-2029
---ebpf-pid----2029----pid-1
---ebpf-pid----5705----pid-5476
---ebpf-pid----2029----pid-2029
---ebpf-pid----5705----pid-1
---ebpf-pid----2029----pid-1
---ebpf-pid----5705----pid-5705
---ebpf-pid----2029----pid-2029
---ebpf-pid----5705----pid-5476
---ebpf-pid----2029----pid-1
---ebpf-pid----2029----pid-2029
---ebpf-pid----5705----pid-1
---ebpf-pid----5705----pid-5705
---ebpf-pid----2029----pid-1
---ebpf-pid----2029----pid-2029
---ebpf-pid----5705----pid-5476
---ebpf-pid----2029----pid-1
---ebpf-pid----5705----pid-1
---ebpf-pid----2029----pid-2029
---ebpf-pid----5705----pid-5705
---ebpf-pid----2029----pid-1
---ebpf-pid----5705----pid-5476
---ebpf-pid----2029----pid-2029
---ebpf-pid----5705----pid-1
---ebpf-pid----2029----pid-1
---ebpf-pid----5705----pid-5705
---ebpf-pid----2029----pid-2029
---ebpf-pid----5705----pid-5476
---ebpf-pid----2029----pid-1
---ebpf-pid----2029----pid-2029
---ebpf-pid----5705----pid-1
---ebpf-pid----2029----pid-1
---ebpf-pid----5705----pid-5705
---ebpf-pid----2029----pid-2029
---ebpf-pid----5705----pid-5476
---ebpf-pid----2029----pid-1
---ebpf-pid----2029----pid-2029
---ebpf-pid----5705----pid-1
---ebpf-pid----5705----pid-5705
---ebpf-pid----2029----pid-1
---ebpf-pid----2029----pid-2029
---ebpf-pid----5705----pid-5476
---ebpf-pid----4716----pid-3323
---ebpf-pid----2029----pid-1
---ebpf-pid----5705----pid-1
---ebpf-pid----2029----pid-2029
---ebpf-pid----5705----pid-5705
---ebpf-pid----4716----pid-1
---ebpf-pid----4716----pid-4716
---ebpf-pid----2029----pid-1
---ebpf-pid----5705----pid-5476
---ebpf-pid----2029----pid-2029
---ebpf-pid----4716----pid-3323
---ebpf-pid----5705----pid-1
---ebpf-pid----2029----pid-1
---ebpf-pid----4716----pid-1
---ebpf-pid----5705----pid-5705
---ebpf-pid----2029----pid-2029
---ebpf-pid----4716----pid-4716
---ebpf-pid----5705----pid-5476
---ebpf-pid----4716----pid-3323
---ebpf-pid----2029----pid-1
---ebpf-pid----2029----pid-2029
---ebpf-pid----4716----pid-1
---ebpf-pid----5705----pid-1
---ebpf-pid----5705----pid-5705
---ebpf-pid----448785----pid-448785
---ebpf-pid----5705----pid-5476
---ebpf-pid----5705----pid-1
---ebpf-pid----448785----pid-448520
---ebpf-pid----5705----pid-5705
---ebpf-pid----448785----pid-1
---ebpf-pid----448785----pid-448785
---ebpf-pid----5705----pid-5476
---ebpf-pid----448785----pid-448520
---ebpf-pid----5705----pid-1
---ebpf-pid----5705----pid-5705
---ebpf-pid----448785----pid-1
---ebpf-pid----448785----pid-448785
---ebpf-pid----5705----pid-5476
---ebpf-pid----448785----pid-448520
---ebpf-pid----5705----pid-1
---ebpf-pid----2012----pid-2012
---ebpf-pid----2012----pid-1
---ebpf-pid----2012----pid-2012
---ebpf-pid----2012----pid-1
---ebpf-pid----2012----pid-2012
---ebpf-pid----2012----pid-1
---ebpf-pid----2012----pid-2012
---ebpf-pid----2012----pid-1
---ebpf-pid----2012----pid-2012
---ebpf-pid----2012----pid-1
---ebpf-pid----2012----pid-2012
---ebpf-pid----2012----pid-1
---ebpf-pid----2012----pid-2012
---ebpf-pid----2012----pid-1
---ebpf-pid----2012----pid-2012
---ebpf-pid----2012----pid-1
---ebpf-pid----2012----pid-2012
---ebpf-pid----2012----pid-1
---ebpf-pid----2012----pid-2012
---ebpf-pid----2012----pid-1
---ebpf-pid----2012----pid-2012
---ebpf-pid----2012----pid-1
---ebpf-pid----2012----pid-2012
---ebpf-pid----2012----pid-1
---ebpf-pid----2012----pid-2012
---ebpf-pid----2012----pid-1
---ebpf-pid----2012----pid-2012
---ebpf-pid----2012----pid-1
---ebpf-pid----2012----pid-2012
---ebpf-pid----2012----pid-1
---ebpf-pid----2012----pid-2012
---ebpf-pid----2012----pid-1
---ebpf-pid----2012----pid-2012
---ebpf-pid----2012----pid-1
---ebpf-pid----2012----pid-2012
---ebpf-pid----448785----pid-1
---ebpf-pid----448785----pid-448785
---ebpf-pid----2012----pid-1
---ebpf-pid----2012----pid-2012
---ebpf-pid----448785----pid-448520
---ebpf-pid----2012----pid-1
---ebpf-pid----448785----pid-1
---ebpf-pid----6671----pid-6671
---ebpf-pid----448785----pid-448785
---ebpf-pid----6671----pid-5476
---ebpf-pid----448785----pid-448520
---ebpf-pid----6671----pid-1
---ebpf-pid----448785----pid-1
---ebpf-pid----2094----pid-2094
---ebpf-pid----448785----pid-448785
---ebpf-pid----2094----pid-1
---ebpf-pid----448785----pid-448520
---ebpf-pid----2094----pid-2094
---ebpf-pid----448785----pid-1
---ebpf-pid----2029----pid-1
---ebpf-pid----4716----pid-4716
---ebpf-pid----5705----pid-5705
---ebpf-pid----4716----pid-3323
---ebpf-pid----5705----pid-5476
---ebpf-pid----5705----pid-1
---ebpf-pid----4716----pid-1
---ebpf-pid----5705----pid-5705
---ebpf-pid----4716----pid-4716
---ebpf-pid----5705----pid-5476
---ebpf-pid----4716----pid-3323
---ebpf-pid----5705----pid-1
---ebpf-pid----4716----pid-1
---ebpf-pid----5705----pid-5705
---ebpf-pid----4716----pid-4716
---ebpf-pid----4716----pid-3323
---ebpf-pid----5705----pid-5476
---ebpf-pid----4716----pid-1
---ebpf-pid----5705----pid-1
---ebpf-pid----4716----pid-4716
---ebpf-pid----5705----pid-5705
---ebpf-pid----5705----pid-5476
---ebpf-pid----4716----pid-3323
---ebpf-pid----5705----pid-1
---ebpf-pid----5705----pid-5705
---ebpf-pid----5705----pid-5476
---ebpf-pid----5705----pid-1
---ebpf-pid----5705----pid-5705
---ebpf-pid----5705----pid-5476
---ebpf-pid----5705----pid-1
---ebpf-pid----5705----pid-5705
---ebpf-pid----5705----pid-5476
---ebpf-pid----5705----pid-1
---ebpf-pid----5705----pid-5705
---ebpf-pid----2094----pid-1
---ebpf-pid----2094----pid-2094
---ebpf-pid----5705----pid-5476
---ebpf-pid----2094----pid-1
---ebpf-pid----5705----pid-1
---ebpf-pid----5705----pid-5705
---ebpf-pid----4716----pid-1
---ebpf-pid----448785----pid-448785
---ebpf-pid----448785----pid-448520
---ebpf-pid----448785----pid-1
---ebpf-pid----448785----pid-448785
---ebpf-pid----2094----pid-2094
---ebpf-pid----2094----pid-1
---ebpf-pid----5705----pid-5705
---ebpf-pid----2094----pid-2094
---ebpf-pid----5705----pid-5476
---ebpf-pid----2094----pid-1
---ebpf-pid----2094----pid-2094
---ebpf-pid----5705----pid-1
---ebpf-pid----2094----pid-1
---ebpf-pid----5705----pid-5705
---ebpf-pid----2094----pid-2094
---ebpf-pid----5705----pid-5476
---ebpf-pid----2094----pid-1
---ebpf-pid----2094----pid-2094
---ebpf-pid----5705----pid-1
---ebpf-pid----5705----pid-5705
---ebpf-pid----2094----pid-1
---ebpf-pid----2094----pid-2094
---ebpf-pid----5705----pid-5476
---ebpf-pid----2094----pid-1
---ebpf-pid----2094----pid-2094
---ebpf-pid----2094----pid-1
---ebpf-pid----2012----pid-2012
---ebpf-pid----2012----pid-1
---ebpf-pid----2094----pid-2094
---ebpf-pid----448785----pid-448520
---ebpf-pid----448785----pid-1
---ebpf-pid----448785----pid-448785
---ebpf-pid----448785----pid-448520
---ebpf-pid----448785----pid-1
---ebpf-pid----448785----pid-448785
---ebpf-pid----448785----pid-448520
---ebpf-pid----5705----pid-5476
---ebpf-pid----448785----pid-1
---ebpf-pid----448785----pid-448785
---ebpf-pid----5705----pid-1
---ebpf-pid----5705----pid-5705
---ebpf-pid----448785----pid-448520
---ebpf-pid----2094----pid-1
---ebpf-pid----5705----pid-5476
---ebpf-pid----2089----pid-2089
---ebpf-pid----448785----pid-1
---ebpf-pid----448785----pid-448785
---ebpf-pid----5705----pid-1
---ebpf-pid----2089----pid-1
---ebpf-pid----2089----pid-2089
---ebpf-pid----448785----pid-448520
---ebpf-pid----5705----pid-5705
---ebpf-pid----2089----pid-1
---ebpf-pid----448785----pid-1
---ebpf-pid----5705----pid-5476
---ebpf-pid----2029----pid-2029
---ebpf-pid----448785----pid-448785
---ebpf-pid----5705----pid-1
---ebpf-pid----2029----pid-1
---ebpf-pid----448785----pid-448520
---ebpf-pid----5705----pid-5705
---ebpf-pid----2029----pid-2029
---ebpf-pid----448785----pid-1
---ebpf-pid----2029----pid-1
---ebpf-pid----4716----pid-4716
---ebpf-pid----2029----pid-2029
---ebpf-pid----5705----pid-1
---ebpf-pid----4716----pid-3323
---ebpf-pid----5705----pid-5705
---ebpf-pid----2029----pid-1
---ebpf-pid----2029----pid-2029
---ebpf-pid----4716----pid-1
---ebpf-pid----5705----pid-5476
---ebpf-pid----448785----pid-448785
---ebpf-pid----2029----pid-1
---ebpf-pid----2029----pid-2029
---ebpf-pid----5705----pid-1
---ebpf-pid----448785----pid-448520
---ebpf-pid----5705----pid-5705
---ebpf-pid----2029----pid-1
---ebpf-pid----448785----pid-1
---ebpf-pid----2029----pid-2029
---ebpf-pid----5705----pid-5476
---ebpf-pid----448785----pid-448785
---ebpf-pid----2029----pid-1
---ebpf-pid----5705----pid-1
---ebpf-pid----2029----pid-2029
---ebpf-pid----448785----pid-448520
---ebpf-pid----5705----pid-5705
---ebpf-pid----448785----pid-1
---ebpf-pid----2029----pid-1
---ebpf-pid----5705----pid-5476
---ebpf-pid----448785----pid-448785
---ebpf-pid----2029----pid-2029
---ebpf-pid----5705----pid-1
---ebpf-pid----2029----pid-1
---ebpf-pid----448785----pid-448520
---ebpf-pid----5705----pid-5705
---ebpf-pid----2029----pid-2029
---ebpf-pid----448785----pid-1
---ebpf-pid----5705----pid-5476
---ebpf-pid----5705----pid-1
---ebpf-pid----5705----pid-5705
---ebpf-pid----5705----pid-5476
---ebpf-pid----5705----pid-1
---ebpf-pid----5705----pid-5705
---ebpf-pid----5705----pid-5476
---ebpf-pid----5705----pid-1
---ebpf-pid----5705----pid-5705
---ebpf-pid----5705----pid-5476
---ebpf-pid----5705----pid-1
---ebpf-pid----5705----pid-5705
---ebpf-pid----5705----pid-5476
---ebpf-pid----5705----pid-1
---ebpf-pid----5705----pid-5705
---ebpf-pid----5705----pid-5476
---ebpf-pid----5705----pid-1
---ebpf-pid----5705----pid-5705
---ebpf-pid----5705----pid-5476
---ebpf-pid----5705----pid-1
---ebpf-pid----5705----pid-5705
---ebpf-pid----5705----pid-5476
---ebpf-pid----5705----pid-1
---ebpf-pid----5705----pid-5705
---ebpf-pid----5705----pid-5476
---ebpf-pid----5705----pid-1
---ebpf-pid----5705----pid-5705
---ebpf-pid----5705----pid-5476
---ebpf-pid----5705----pid-1
---ebpf-pid----448785----pid-448785
---ebpf-pid----5705----pid-5705
---ebpf-pid----5705----pid-5476
---ebpf-pid----5705----pid-1
---ebpf-pid----5705----pid-5705
---ebpf-pid----5705----pid-5476
---ebpf-pid----5705----pid-1
---ebpf-pid----5705----pid-5705
---ebpf-pid----5705----pid-5476
---ebpf-pid----5705----pid-1
---ebpf-pid----5705----pid-5705
---ebpf-pid----5705----pid-5476
---ebpf-pid----5705----pid-5476
---ebpf-pid----5705----pid-1
---ebpf-pid----5705----pid-5705
---ebpf-pid----5705----pid-5476
---ebpf-pid----2029----pid-1
---ebpf-pid----2029----pid-2029
---ebpf-pid----5705----pid-1
---ebpf-pid----5705----pid-5705
---ebpf-pid----5705----pid-5476
---ebpf-pid----5705----pid-1
---ebpf-pid----5705----pid-5705
---ebpf-pid----448785----pid-448520
---ebpf-pid----2029----pid-1
---ebpf-pid----2029----pid-2029
---ebpf-pid----2029----pid-1
---ebpf-pid----2029----pid-2029
---ebpf-pid----2029----pid-1
---ebpf-pid----2029----pid-2029
---ebpf-pid----2029----pid-1
---ebpf-pid----2029----pid-2029
---ebpf-pid----2029----pid-1
---ebpf-pid----2029----pid-2029
---ebpf-pid----5705----pid-1
---ebpf-pid----2029----pid-1
---ebpf-pid----372881----pid-372881
---ebpf-pid----372881----pid-1
---ebpf-pid----372881----pid-372881
---ebpf-pid----372881----pid-1
---ebpf-pid----5705----pid-5476
---ebpf-pid----372881----pid-372881
---ebpf-pid----372881----pid-1
---ebpf-pid----372881----pid-372881
---ebpf-pid----372881----pid-1
---ebpf-pid----372881----pid-372881
---ebpf-pid----372881----pid-1
---ebpf-pid----5705----pid-1
---ebpf-pid----5705----pid-5705
---ebpf-pid----5705----pid-5705
---ebpf-pid----5705----pid-5476
---ebpf-pid----5705----pid-1
---ebpf-pid----5705----pid-5705
---ebpf-pid----372881----pid-372881
---ebpf-pid----5705----pid-5476
---ebpf-pid----448785----pid-1
---ebpf-pid----372881----pid-1
---ebpf-pid----372881----pid-372881
---ebpf-pid----4716----pid-4716
---ebpf-pid----372881----pid-1
---ebpf-pid----372881----pid-372881
---ebpf-pid----372881----pid-1
---ebpf-pid----372881----pid-372881
---ebpf-pid----5705----pid-1
---ebpf-pid----372881----pid-1
---ebpf-pid----5705----pid-5705
---ebpf-pid----372881----pid-372881
---ebpf-pid----372881----pid-1
---ebpf-pid----5705----pid-5476
---ebpf-pid----372881----pid-372881
---ebpf-pid----372881----pid-1
---ebpf-pid----5705----pid-1
---ebpf-pid----372881----pid-372881
---ebpf-pid----5705----pid-5705
---ebpf-pid----372881----pid-1
---ebpf-pid----372881----pid-372881
---ebpf-pid----5705----pid-5476
---ebpf-pid----372881----pid-1
---ebpf-pid----372881----pid-372881
---ebpf-pid----372881----pid-1
---ebpf-pid----372881----pid-372881
---ebpf-pid----372881----pid-1
---ebpf-pid----5705----pid-1
---ebpf-pid----372881----pid-372881
---ebpf-pid----5705----pid-5705
---ebpf-pid----4716----pid-3323
---ebpf-pid----372881----pid-1
---ebpf-pid----5705----pid-5476
---ebpf-pid----372881----pid-372881
---ebpf-pid----372881----pid-1
---ebpf-pid----372881----pid-372881
---ebpf-pid----372881----pid-1
---ebpf-pid----372881----pid-372881
---ebpf-pid----4716----pid-1
---ebpf-pid----448785----pid-448785
---ebpf-pid----372881----pid-1
---ebpf-pid----5705----pid-1
---ebpf-pid----372881----pid-372881
---ebpf-pid----5705----pid-5705
---ebpf-pid----448785----pid-448520
---ebpf-pid----5705----pid-5476
---ebpf-pid----372881----pid-1
---ebpf-pid----5705----pid-1
---ebpf-pid----372881----pid-372881
---ebpf-pid----5705----pid-5705
---ebpf-pid----448785----pid-1
---ebpf-pid----5705----pid-5476
---ebpf-pid----5705----pid-1
---ebpf-pid----372881----pid-1
---ebpf-pid----5705----pid-5705
---ebpf-pid----448785----pid-448785
---ebpf-pid----5705----pid-5476
---ebpf-pid----372881----pid-372881
---ebpf-pid----5705----pid-1
---ebpf-pid----5705----pid-5705
---ebpf-pid----448785----pid-448520
---ebpf-pid----5705----pid-5476
---ebpf-pid----372881----pid-1
---ebpf-pid----448785----pid-1
---ebpf-pid----5705----pid-1
---ebpf-pid----4716----pid-4716
---ebpf-pid----5705----pid-5705
---ebpf-pid----372881----pid-372881
---ebpf-pid----4716----pid-3323
---ebpf-pid----5705----pid-5476
---ebpf-pid----372881----pid-1
---ebpf-pid----5705----pid-1
---ebpf-pid----4716----pid-1
---ebpf-pid----372881----pid-372881
---ebpf-pid----5705----pid-5705
---ebpf-pid----4716----pid-4716
---ebpf-pid----5705----pid-5476
---ebpf-pid----4716----pid-3323
---ebpf-pid----372881----pid-1
---ebpf-pid----372881----pid-372881
---ebpf-pid----5705----pid-1
---ebpf-pid----4716----pid-1
---ebpf-pid----5705----pid-5705
---ebpf-pid----4716----pid-4716
---ebpf-pid----5705----pid-5476
---ebpf-pid----4716----pid-3323
---ebpf-pid----4716----pid-1
---ebpf-pid----5705----pid-1
---ebpf-pid----4716----pid-4716
---ebpf-pid----5705----pid-5705
---ebpf-pid----4716----pid-3323
---ebpf-pid----5705----pid-5476
---ebpf-pid----372881----pid-1
---ebpf-pid----5705----pid-5476
---ebpf-pid----372881----pid-372881
---ebpf-pid----4716----pid-1
---ebpf-pid----4716----pid-4716
---ebpf-pid----5705----pid-1
---ebpf-pid----5705----pid-5705
---ebpf-pid----4716----pid-3323
---ebpf-pid----5705----pid-5476
---ebpf-pid----4716----pid-1
---ebpf-pid----4716----pid-4716
---ebpf-pid----4716----pid-3323
---ebpf-pid----4716----pid-1
---ebpf-pid----5705----pid-1
---ebpf-pid----4716----pid-4716
---ebpf-pid----5705----pid-1
---ebpf-pid----5705----pid-5705
---ebpf-pid----5705----pid-5705
---ebpf-pid----4716----pid-3323
---ebpf-pid----5705----pid-5476
---ebpf-pid----5705----pid-5476
---ebpf-pid----4716----pid-1
---ebpf-pid----5705----pid-1
---ebpf-pid----4716----pid-4716
---ebpf-pid----5705----pid-1
---ebpf-pid----5705----pid-5705
---ebpf-pid----5705----pid-5705
---ebpf-pid----4716----pid-3323
---ebpf-pid----5705----pid-5476
---ebpf-pid----5705----pid-5476
---ebpf-pid----4716----pid-1
---ebpf-pid----4716----pid-4716
---ebpf-pid----5705----pid-1
---ebpf-pid----5705----pid-5705
---ebpf-pid----4716----pid-3323
---ebpf-pid----5705----pid-1
---ebpf-pid----4716----pid-1
---ebpf-pid----5705----pid-5705
---ebpf-pid----4716----pid-4716
---ebpf-pid----4716----pid-3323
---ebpf-pid----5705----pid-5476
---ebpf-pid----4716----pid-1
---ebpf-pid----5705----pid-1
---ebpf-pid----4716----pid-4716
---ebpf-pid----5705----pid-5705
---ebpf-pid----5705----pid-5476
---ebpf-pid----4716----pid-3323
---ebpf-pid----5705----pid-1
---ebpf-pid----4716----pid-1
---ebpf-pid----5705----pid-5705
---ebpf-pid----4716----pid-4716
---ebpf-pid----4716----pid-3323
---ebpf-pid----5705----pid-5476
---ebpf-pid----4716----pid-1
---ebpf-pid----5705----pid-1
---ebpf-pid----4716----pid-4716
---ebpf-pid----5705----pid-5705
---ebpf-pid----5705----pid-5476
---ebpf-pid----5705----pid-1
---ebpf-pid----5705----pid-5705
---ebpf-pid----5705----pid-5476
---ebpf-pid----5705----pid-5476
---ebpf-pid----5705----pid-1
---ebpf-pid----5705----pid-5705
---ebpf-pid----5705----pid-1
---ebpf-pid----379067----pid-379067
---ebpf-pid----5705----pid-5476
---ebpf-pid----379067----pid-5476
---ebpf-pid----5705----pid-1
---ebpf-pid----5705----pid-5705
---ebpf-pid----379067----pid-1
---ebpf-pid----379067----pid-379067
---ebpf-pid----5705----pid-5476
---ebpf-pid----379067----pid-5476
---ebpf-pid----5705----pid-1
---ebpf-pid----5705----pid-5705
---ebpf-pid----379067----pid-1
---ebpf-pid----379067----pid-379067
---ebpf-pid----5705----pid-5476
---ebpf-pid----379067----pid-5476
---ebpf-pid----5705----pid-1
---ebpf-pid----5705----pid-5705
---ebpf-pid----379067----pid-1
---ebpf-pid----379067----pid-379067
---ebpf-pid----5705----pid-5476
---ebpf-pid----379067----pid-5476
---ebpf-pid----5705----pid-1
---ebpf-pid----5705----pid-5705
---ebpf-pid----379067----pid-1
---ebpf-pid----6671----pid-6671
---ebpf-pid----5705----pid-5476
---ebpf-pid----6671----pid-5476
---ebpf-pid----5705----pid-1
---ebpf-pid----5705----pid-5705
---ebpf-pid----6671----pid-1
---ebpf-pid----6671----pid-6671
---ebpf-pid----5705----pid-5476
---ebpf-pid----6671----pid-5476
---ebpf-pid----5705----pid-1
---ebpf-pid----5705----pid-5705
---ebpf-pid----6671----pid-1
---ebpf-pid----379067----pid-379067
---ebpf-pid----5705----pid-5476
---ebpf-pid----379067----pid-5476
---ebpf-pid----5705----pid-1
---ebpf-pid----5705----pid-5705
---ebpf-pid----379067----pid-1
---ebpf-pid----379067----pid-379067
---ebpf-pid----379067----pid-5476
---ebpf-pid----379067----pid-1
---ebpf-pid----6671----pid-6671
---ebpf-pid----6671----pid-5476
---ebpf-pid----6671----pid-1
---ebpf-pid----6671----pid-6671
---ebpf-pid----6671----pid-5476
---ebpf-pid----6671----pid-1
---ebpf-pid----6671----pid-6671
---ebpf-pid----6671----pid-5476
---ebpf-pid----6671----pid-1
---ebpf-pid----379067----pid-379067
---ebpf-pid----379067----pid-5476
---ebpf-pid----379067----pid-1
---ebpf-pid----379067----pid-379067
---ebpf-pid----379067----pid-5476
---ebpf-pid----379067----pid-1
---ebpf-pid----6671----pid-6671
---ebpf-pid----6671----pid-5476
---ebpf-pid----6671----pid-1
---ebpf-pid----6671----pid-6671
---ebpf-pid----6671----pid-5476
---ebpf-pid----6671----pid-1
---ebpf-pid----6671----pid-6671
---ebpf-pid----6671----pid-5476
---ebpf-pid----6671----pid-1
---ebpf-pid----6671----pid-6671
---ebpf-pid----6671----pid-5476
---ebpf-pid----6671----pid-1
---ebpf-pid----379067----pid-379067
---ebpf-pid----379067----pid-5476
---ebpf-pid----379067----pid-1
---ebpf-pid----6671----pid-6671
---ebpf-pid----6671----pid-5476
---ebpf-pid----6671----pid-1
---ebpf-pid----6671----pid-6671
---ebpf-pid----6671----pid-5476
---ebpf-pid----6671----pid-1
---ebpf-pid----372714----pid-372714
---ebpf-pid----372714----pid-5476
---ebpf-pid----372714----pid-1
---ebpf-pid----5705----pid-5476
---ebpf-pid----372714----pid-372714
---ebpf-pid----5705----pid-1
---ebpf-pid----372714----pid-5476
---ebpf-pid----5705----pid-5705
---ebpf-pid----372714----pid-1
---ebpf-pid----4716----pid-3323
---ebpf-pid----5705----pid-5476
---ebpf-pid----372714----pid-372714
---ebpf-pid----4716----pid-1
---ebpf-pid----5705----pid-1
---ebpf-pid----372714----pid-5476
---ebpf-pid----5705----pid-5705
---ebpf-pid----4716----pid-4716
---ebpf-pid----372714----pid-1
---ebpf-pid----5705----pid-5476
---ebpf-pid----372714----pid-372714
---ebpf-pid----4716----pid-3323
---ebpf-pid----4716----pid-1
---ebpf-pid----5705----pid-1
---ebpf-pid----372714----pid-5476
---ebpf-pid----4716----pid-4716
---ebpf-pid----5705----pid-5705
---ebpf-pid----4716----pid-3323
---ebpf-pid----372714----pid-1
---ebpf-pid----5705----pid-5476
---ebpf-pid----372714----pid-372714
---ebpf-pid----4716----pid-1
---ebpf-pid----5705----pid-1
---ebpf-pid----4716----pid-4716
---ebpf-pid----372714----pid-5476
---ebpf-pid----5705----pid-5705
---ebpf-pid----4716----pid-3323
---ebpf-pid----372714----pid-1
---ebpf-pid----5705----pid-5476
---ebpf-pid----372714----pid-372714
---ebpf-pid----4716----pid-1
---ebpf-pid----5705----pid-1
---ebpf-pid----6671----pid-6671
---ebpf-pid----372714----pid-5476
---ebpf-pid----5705----pid-5705
---ebpf-pid----6671----pid-5476
---ebpf-pid----372714----pid-1
---ebpf-pid----5705----pid-5476
---ebpf-pid----372714----pid-372714
---ebpf-pid----6671----pid-1
---ebpf-pid----5705----pid-1
---ebpf-pid----6671----pid-6671
---ebpf-pid----372714----pid-5476
---ebpf-pid----5705----pid-5705
---ebpf-pid----6671----pid-5476
---ebpf-pid----372714----pid-1
---ebpf-pid----5705----pid-5476
---ebpf-pid----372714----pid-372714
---ebpf-pid----6671----pid-1
---ebpf-pid----5705----pid-1
---ebpf-pid----372714----pid-5476
---ebpf-pid----448782----pid-448782
---ebpf-pid----5705----pid-5705
---ebpf-pid----372714----pid-1
---ebpf-pid----5705----pid-5476
---ebpf-pid----448782----pid-448520
---ebpf-pid----372714----pid-372714
---ebpf-pid----5705----pid-1
---ebpf-pid----448782----pid-1
---ebpf-pid----372714----pid-5476
---ebpf-pid----5705----pid-5705
---ebpf-pid----448782----pid-448782
---ebpf-pid----372714----pid-1
---ebpf-pid----5705----pid-5476
---ebpf-pid----448782----pid-448520
---ebpf-pid----372714----pid-372714
---ebpf-pid----448782----pid-1
---ebpf-pid----5705----pid-1
---ebpf-pid----372714----pid-5476
---ebpf-pid----448782----pid-448782
---ebpf-pid----5705----pid-5705
---ebpf-pid----372714----pid-1
---ebpf-pid----448782----pid-448520
---ebpf-pid----5705----pid-5476
---ebpf-pid----372714----pid-372714
---ebpf-pid----448782----pid-1
---ebpf-pid----5705----pid-1
---ebpf-pid----372714----pid-5476
---ebpf-pid----448782----pid-448782
---ebpf-pid----5705----pid-5705
---ebpf-pid----372714----pid-1
---ebpf-pid----448782----pid-448520
---ebpf-pid----5705----pid-5476
---ebpf-pid----372714----pid-372714
---ebpf-pid----448782----pid-1
---ebpf-pid----372714----pid-5476
---ebpf-pid----448782----pid-448782
---ebpf-pid----372714----pid-1
---ebpf-pid----448782----pid-448520
---ebpf-pid----372714----pid-372714
---ebpf-pid----448782----pid-1
---ebpf-pid----372714----pid-5476
---ebpf-pid----448782----pid-448782
---ebpf-pid----448782----pid-448520
---ebpf-pid----372714----pid-1
---ebpf-pid----448782----pid-1
---ebpf-pid----372714----pid-372714
---ebpf-pid----448783----pid-448783
---ebpf-pid----372714----pid-5476
---ebpf-pid----448783----pid-448520
---ebpf-pid----372714----pid-1
---ebpf-pid----448783----pid-1
---ebpf-pid----372714----pid-372714
---ebpf-pid----448783----pid-448783
---ebpf-pid----372881----pid-1
---ebpf-pid----372714----pid-5476
---ebpf-pid----372881----pid-372881
---ebpf-pid----448783----pid-448520
---ebpf-pid----448783----pid-1
---ebpf-pid----372881----pid-1
---ebpf-pid----379067----pid-379067
---ebpf-pid----372881----pid-372881
---ebpf-pid----372714----pid-1
---ebpf-pid----372881----pid-1
---ebpf-pid----372881----pid-372881
---ebpf-pid----372714----pid-372714
---ebpf-pid----372881----pid-1
---ebpf-pid----372881----pid-372881
---ebpf-pid----372714----pid-5476
---ebpf-pid----372881----pid-1
---ebpf-pid----372881----pid-372881
---ebpf-pid----372881----pid-1
---ebpf-pid----372881----pid-372881
---ebpf-pid----372881----pid-1
---ebpf-pid----372881----pid-372881
---ebpf-pid----372881----pid-1
---ebpf-pid----372714----pid-1
---ebpf-pid----372881----pid-372881
---ebpf-pid----372714----pid-372714
---ebpf-pid----372881----pid-1
---ebpf-pid----372881----pid-372881
---ebpf-pid----372714----pid-5476
---ebpf-pid----372881----pid-1
---ebpf-pid----372881----pid-372881
---ebpf-pid----372714----pid-1
---ebpf-pid----372714----pid-372714
---ebpf-pid----372714----pid-5476
---ebpf-pid----372714----pid-1
---ebpf-pid----372714----pid-372714
---ebpf-pid----372714----pid-5476
---ebpf-pid----372714----pid-1
---ebpf-pid----372714----pid-372714
---ebpf-pid----372714----pid-5476
---ebpf-pid----372714----pid-1
---ebpf-pid----372714----pid-372714
---ebpf-pid----372714----pid-5476
---ebpf-pid----372714----pid-1
---ebpf-pid----372714----pid-372714
---ebpf-pid----372714----pid-5476
---ebpf-pid----372714----pid-1
---ebpf-pid----372714----pid-372714
---ebpf-pid----372714----pid-5476
---ebpf-pid----372714----pid-1
---ebpf-pid----379067----pid-379067
---ebpf-pid----379067----pid-5476
---ebpf-pid----379067----pid-1
---ebpf-pid----379067----pid-379067
---ebpf-pid----379067----pid-5476
---ebpf-pid----379067----pid-1
---ebpf-pid----379067----pid-379067
---ebpf-pid----5705----pid-1
---ebpf-pid----5705----pid-5705
---ebpf-pid----5705----pid-5476
---ebpf-pid----5705----pid-1
---ebpf-pid----5705----pid-5705
---ebpf-pid----5705----pid-5476
---ebpf-pid----379067----pid-5476
---ebpf-pid----5705----pid-1
---ebpf-pid----5705----pid-5705
---ebpf-pid----379067----pid-1
---ebpf-pid----379067----pid-379067
---ebpf-pid----5705----pid-5476
---ebpf-pid----5705----pid-1
---ebpf-pid----379067----pid-5476
---ebpf-pid----5705----pid-5705
---ebpf-pid----379067----pid-1
---ebpf-pid----379067----pid-379067
---ebpf-pid----379067----pid-5476
---ebpf-pid----379067----pid-1
---ebpf-pid----379067----pid-379067
---ebpf-pid----379067----pid-5476
---ebpf-pid----379067----pid-1
---ebpf-pid----379067----pid-379067
---ebpf-pid----379067----pid-5476
---ebpf-pid----379067----pid-1
---ebpf-pid----379067----pid-379067
---ebpf-pid----379067----pid-5476
---ebpf-pid----379067----pid-1
---ebpf-pid----379067----pid-379067
---ebpf-pid----379067----pid-5476
---ebpf-pid----372881----pid-1
---ebpf-pid----372881----pid-372881
---ebpf-pid----372881----pid-1
---ebpf-pid----372881----pid-372881
---ebpf-pid----372881----pid-1
---ebpf-pid----372881----pid-372881
---ebpf-pid----372881----pid-1
---ebpf-pid----372881----pid-372881
---ebpf-pid----372881----pid-1
---ebpf-pid----372881----pid-372881
---ebpf-pid----372881----pid-1
---ebpf-pid----372881----pid-372881
---ebpf-pid----372881----pid-1
---ebpf-pid----5705----pid-5476
---ebpf-pid----372881----pid-372881
---ebpf-pid----372881----pid-1
---ebpf-pid----379067----pid-379067
---ebpf-pid----379067----pid-5476
---ebpf-pid----379067----pid-1
---ebpf-pid----379067----pid-379067
---ebpf-pid----379067----pid-5476
---ebpf-pid----379067----pid-1
---ebpf-pid----2094----pid-2094
---ebpf-pid----2094----pid-1
---ebpf-pid----2094----pid-2094
---ebpf-pid----2094----pid-1
---ebpf-pid----2094----pid-2094
---ebpf-pid----5705----pid-1
---ebpf-pid----5705----pid-5705
---ebpf-pid----2094----pid-1
---ebpf-pid----2094----pid-2094
---ebpf-pid----5705----pid-5476
---ebpf-pid----2094----pid-1
---ebpf-pid----5705----pid-1
---ebpf-pid----2094----pid-2094
---ebpf-pid----5705----pid-5705
---ebpf-pid----379067----pid-5476
---ebpf-pid----2094----pid-1
---ebpf-pid----5705----pid-5476
---ebpf-pid----2094----pid-2094
---ebpf-pid----379067----pid-1
---ebpf-pid----5705----pid-1
---ebpf-pid----2094----pid-1
---ebpf-pid----379067----pid-379067
---ebpf-pid----2094----pid-2094
---ebpf-pid----5705----pid-5705
---ebpf-pid----379067----pid-5476
---ebpf-pid----2094----pid-1
---ebpf-pid----5705----pid-5476
---ebpf-pid----2094----pid-2094
---ebpf-pid----379067----pid-1
---ebpf-pid----5705----pid-1
---ebpf-pid----379067----pid-379067
---ebpf-pid----2094----pid-1
---ebpf-pid----5705----pid-5705
---ebpf-pid----5705----pid-5476
---ebpf-pid----5705----pid-1
---ebpf-pid----379067----pid-5476
---ebpf-pid----5705----pid-5705
---ebpf-pid----379067----pid-1
---ebpf-pid----5705----pid-5476
---ebpf-pid----379067----pid-379067
---ebpf-pid----5705----pid-1
---ebpf-pid----379067----pid-5476
---ebpf-pid----5705----pid-5705
---ebpf-pid----379067----pid-1
---ebpf-pid----5705----pid-5476
---ebpf-pid----379067----pid-379067
---ebpf-pid----5705----pid-1
---ebpf-pid----379067----pid-5476
---ebpf-pid----5705----pid-5705
---ebpf-pid----379067----pid-1
---ebpf-pid----379067----pid-379067
---ebpf-pid----5705----pid-5476
---ebpf-pid----379067----pid-5476
---ebpf-pid----5705----pid-1
---ebpf-pid----5705----pid-5705
---ebpf-pid----379067----pid-1
---ebpf-pid----379067----pid-379067
---ebpf-pid----5705----pid-5476
---ebpf-pid----379067----pid-5476
---ebpf-pid----379067----pid-1
---ebpf-pid----379067----pid-379067
---ebpf-pid----379067----pid-5476
---ebpf-pid----379067----pid-1
---ebpf-pid----379067----pid-379067
---ebpf-pid----379067----pid-5476
---ebpf-pid----379067----pid-1
---ebpf-pid----379067----pid-379067
---ebpf-pid----379067----pid-5476
---ebpf-pid----379067----pid-1
---ebpf-pid----379067----pid-379067
---ebpf-pid----379067----pid-5476
---ebpf-pid----379067----pid-1
---ebpf-pid----379067----pid-379067
---ebpf-pid----379067----pid-5476
---ebpf-pid----379067----pid-1
---ebpf-pid----379067----pid-379067
---ebpf-pid----379067----pid-5476
---ebpf-pid----379067----pid-1
---ebpf-pid----379067----pid-379067
---ebpf-pid----379067----pid-5476
---ebpf-pid----379067----pid-1
---ebpf-pid----379067----pid-379067
---ebpf-pid----379067----pid-5476
---ebpf-pid----379067----pid-1
---ebpf-pid----379067----pid-379067
---ebpf-pid----379067----pid-5476
---ebpf-pid----379067----pid-1
---ebpf-pid----379067----pid-379067
---ebpf-pid----379067----pid-5476
---ebpf-pid----379067----pid-1
---ebpf-pid----379067----pid-379067
---ebpf-pid----379067----pid-1
---ebpf-pid----379067----pid-5476
---ebpf-pid----379067----pid-379067
---ebpf-pid----379067----pid-1
---ebpf-pid----379067----pid-5476
---ebpf-pid----379067----pid-379067
---ebpf-pid----379067----pid-1
---ebpf-pid----379067----pid-379067
---ebpf-pid----379067----pid-5476
---ebpf-pid----379067----pid-5476
---ebpf-pid----379067----pid-1
---ebpf-pid----5705----pid-1
---ebpf-pid----5705----pid-5705
---ebpf-pid----5705----pid-5476
---ebpf-pid----5705----pid-1
---ebpf-pid----5705----pid-5705
---ebpf-pid----5705----pid-5476
---ebpf-pid----5705----pid-1
---ebpf-pid----5705----pid-5705
---ebpf-pid----5705----pid-5476
---ebpf-pid----5705----pid-1
---ebpf-pid----379067----pid-1
---ebpf-pid----379067----pid-379067
---ebpf-pid----379067----pid-5476
---ebpf-pid----2094----pid-2094
---ebpf-pid----379067----pid-1
---ebpf-pid----379067----pid-379067
---ebpf-pid----2094----pid-1
---ebpf-pid----379067----pid-5476
---ebpf-pid----2094----pid-2094
---ebpf-pid----379067----pid-1
---ebpf-pid----379067----pid-379067
---ebpf-pid----379067----pid-5476
---ebpf-pid----5705----pid-5705
---ebpf-pid----379067----pid-1
---ebpf-pid----379067----pid-379067
---ebpf-pid----5705----pid-5476
---ebpf-pid----379067----pid-379067
---ebpf-pid----379067----pid-5476
---ebpf-pid----379067----pid-5476
---ebpf-pid----5705----pid-1
---ebpf-pid----379067----pid-1
---ebpf-pid----5705----pid-5705
---ebpf-pid----379067----pid-379067
---ebpf-pid----379067----pid-1
---ebpf-pid----379067----pid-379067
---ebpf-pid----379067----pid-5476
---ebpf-pid----5705----pid-5476
---ebpf-pid----379067----pid-5476
---ebpf-pid----379067----pid-1
---ebpf-pid----5705----pid-1
---ebpf-pid----379067----pid-379067
---ebpf-pid----5705----pid-5705
---ebpf-pid----379067----pid-1
---ebpf-pid----379067----pid-379067
---ebpf-pid----5705----pid-5476
---ebpf-pid----379067----pid-5476
---ebpf-pid----379067----pid-5476
---ebpf-pid----5705----pid-1
---ebpf-pid----379067----pid-1
---ebpf-pid----5705----pid-5705
---ebpf-pid----379067----pid-379067
---ebpf-pid----379067----pid-1
---ebpf-pid----379067----pid-379067
---ebpf-pid----5705----pid-5476
---ebpf-pid----379067----pid-5476
---ebpf-pid----379067----pid-5476
---ebpf-pid----379067----pid-1
---ebpf-pid----5705----pid-1
---ebpf-pid----379067----pid-1
---ebpf-pid----5705----pid-5705
---ebpf-pid----379067----pid-379067
---ebpf-pid----379067----pid-379067
---ebpf-pid----379067----pid-5476
---ebpf-pid----5705----pid-5476
---ebpf-pid----379067----pid-5476
---ebpf-pid----2094----pid-1
---ebpf-pid----379067----pid-1
---ebpf-pid----2094----pid-2094
---ebpf-pid----5705----pid-1
---ebpf-pid----379067----pid-1
---ebpf-pid----379067----pid-379067
---ebpf-pid----5705----pid-5705
---ebpf-pid----379067----pid-379067
---ebpf-pid----2094----pid-1
---ebpf-pid----2094----pid-2094
---ebpf-pid----379067----pid-5476
---ebpf-pid----5705----pid-5476
---ebpf-pid----379067----pid-5476
---ebpf-pid----2094----pid-1
---ebpf-pid----379067----pid-1
---ebpf-pid----379067----pid-1
---ebpf-pid----2094----pid-2094
---ebpf-pid----379067----pid-379067
---ebpf-pid----379067----pid-379067
---ebpf-pid----2094----pid-1
---ebpf-pid----379067----pid-5476
---ebpf-pid----379067----pid-5476
---ebpf-pid----2094----pid-2094
---ebpf-pid----5705----pid-1
---ebpf-pid----379067----pid-1
---ebpf-pid----379067----pid-1
---ebpf-pid----5705----pid-5705
---ebpf-pid----2094----pid-1
---ebpf-pid----379067----pid-379067
---ebpf-pid----379067----pid-379067
---ebpf-pid----2094----pid-2094
---ebpf-pid----379067----pid-5476
---ebpf-pid----5705----pid-5476
---ebpf-pid----379067----pid-5476
---ebpf-pid----2094----pid-1
---ebpf-pid----2094----pid-2094
---ebpf-pid----379067----pid-1
---ebpf-pid----5705----pid-1
---ebpf-pid----379067----pid-1
---ebpf-pid----379067----pid-379067
---ebpf-pid----5705----pid-5705
---ebpf-pid----2094----pid-1
---ebpf-pid----379067----pid-379067
---ebpf-pid----2094----pid-2094
---ebpf-pid----379067----pid-5476
---ebpf-pid----5705----pid-5476
---ebpf-pid----379067----pid-1
---ebpf-pid----379067----pid-379067
---ebpf-pid----5705----pid-1
---ebpf-pid----5705----pid-5705
---ebpf-pid----379067----pid-5476
---ebpf-pid----5705----pid-5476
---ebpf-pid----379067----pid-1
---ebpf-pid----5705----pid-1
---ebpf-pid----379067----pid-379067
---ebpf-pid----5705----pid-5705
---ebpf-pid----379067----pid-5476
---ebpf-pid----5705----pid-5476
---ebpf-pid----379067----pid-1
---ebpf-pid----5705----pid-1
---ebpf-pid----2089----pid-2089
---ebpf-pid----5705----pid-5705
---ebpf-pid----379067----pid-5476
---ebpf-pid----2089----pid-1
---ebpf-pid----5705----pid-5476
---ebpf-pid----379067----pid-1
---ebpf-pid----2089----pid-2089
---ebpf-pid----379067----pid-379067
---ebpf-pid----5705----pid-1
---ebpf-pid----2089----pid-1
---ebpf-pid----5705----pid-5705
---ebpf-pid----379067----pid-5476
---ebpf-pid----2089----pid-2089
---ebpf-pid----5705----pid-5476
---ebpf-pid----379067----pid-1
---ebpf-pid----379067----pid-379067
---ebpf-pid----5705----pid-1
---ebpf-pid----5705----pid-5705
---ebpf-pid----379067----pid-5476
---ebpf-pid----5705----pid-5476
---ebpf-pid----379067----pid-1
---ebpf-pid----379067----pid-379067
---ebpf-pid----5705----pid-1
---ebpf-pid----379067----pid-5476
---ebpf-pid----379067----pid-1
---ebpf-pid----379067----pid-379067
---ebpf-pid----379067----pid-5476
---ebpf-pid----5705----pid-5705
---ebpf-pid----379067----pid-1
---ebpf-pid----5705----pid-5476
---ebpf-pid----379067----pid-379067
---ebpf-pid----5705----pid-1
---ebpf-pid----379067----pid-5476
---ebpf-pid----5705----pid-5705
---ebpf-pid----379067----pid-1
---ebpf-pid----379067----pid-379067
---ebpf-pid----379067----pid-5476
---ebpf-pid----5705----pid-5476
---ebpf-pid----379067----pid-1
---ebpf-pid----379067----pid-379067
---ebpf-pid----5705----pid-1
---ebpf-pid----5705----pid-5705
---ebpf-pid----379067----pid-5476
---ebpf-pid----5705----pid-5476
---ebpf-pid----379067----pid-1
---ebpf-pid----379067----pid-379067
---ebpf-pid----5705----pid-1
---ebpf-pid----5705----pid-5705
---ebpf-pid----379067----pid-5476
---ebpf-pid----5705----pid-5476
---ebpf-pid----379067----pid-1
---ebpf-pid----379067----pid-379067
---ebpf-pid----5705----pid-1
---ebpf-pid----5705----pid-5705
---ebpf-pid----379067----pid-5476
---ebpf-pid----5705----pid-5476
---ebpf-pid----379067----pid-1
---ebpf-pid----379067----pid-379067
---ebpf-pid----5705----pid-1
---ebpf-pid----5705----pid-5705
---ebpf-pid----5705----pid-5476
---ebpf-pid----5705----pid-1
---ebpf-pid----5705----pid-5705
---ebpf-pid----5705----pid-5476
---ebpf-pid----5705----pid-1
---ebpf-pid----5705----pid-5705
---ebpf-pid----5705----pid-5476
---ebpf-pid----5705----pid-1
---ebpf-pid----5705----pid-5705
---ebpf-pid----5705----pid-5476
---ebpf-pid----5705----pid-1
---ebpf-pid----5705----pid-5705
---ebpf-pid----5705----pid-5476
---ebpf-pid----5705----pid-1
---ebpf-pid----5705----pid-5705
---ebpf-pid----5705----pid-5476
---ebpf-pid----5705----pid-1
---ebpf-pid----5705----pid-5705
---ebpf-pid----5705----pid-5476
---ebpf-pid----5705----pid-1
---ebpf-pid----5705----pid-5705
---ebpf-pid----5705----pid-5476
---ebpf-pid----5705----pid-1
---ebpf-pid----5705----pid-5705
---ebpf-pid----5705----pid-5476
---ebpf-pid----5705----pid-1
---ebpf-pid----5705----pid-5705
---ebpf-pid----5705----pid-5476
---ebpf-pid----5705----pid-1
---ebpf-pid----379067----pid-5476
---ebpf-pid----5705----pid-5705
---ebpf-pid----379067----pid-1
---ebpf-pid----5705----pid-5476
---ebpf-pid----379067----pid-379067
---ebpf-pid----5705----pid-1
---ebpf-pid----379067----pid-5476
---ebpf-pid----6671----pid-6671
---ebpf-pid----2094----pid-1
---ebpf-pid----2094----pid-2094
---ebpf-pid----379067----pid-1
---ebpf-pid----6671----pid-5476
---ebpf-pid----379067----pid-379067
---ebpf-pid----2094----pid-1
---ebpf-pid----6671----pid-1
---ebpf-pid----2012----pid-2012
---ebpf-pid----379067----pid-5476
---ebpf-pid----6671----pid-6671
---ebpf-pid----379067----pid-1
---ebpf-pid----2012----pid-1
---ebpf-pid----379067----pid-379067
---ebpf-pid----6671----pid-5476
---ebpf-pid----2012----pid-2012
---ebpf-pid----379067----pid-5476
---ebpf-pid----6671----pid-1
---ebpf-pid----2012----pid-1
---ebpf-pid----2012----pid-2012
---ebpf-pid----6671----pid-6671
---ebpf-pid----379067----pid-1
---ebpf-pid----379067----pid-379067
---ebpf-pid----2012----pid-1
---ebpf-pid----6671----pid-5476
---ebpf-pid----2012----pid-2012
---ebpf-pid----379067----pid-5476
---ebpf-pid----6671----pid-1
---ebpf-pid----2012----pid-1
---ebpf-pid----6671----pid-6671
---ebpf-pid----379067----pid-1
---ebpf-pid----2012----pid-2012
---ebpf-pid----379067----pid-379067
---ebpf-pid----6671----pid-5476
---ebpf-pid----2012----pid-1
---ebpf-pid----2012----pid-2012
---ebpf-pid----379067----pid-5476
---ebpf-pid----6671----pid-1
---ebpf-pid----6671----pid-6671
---ebpf-pid----2012----pid-1
---ebpf-pid----379067----pid-1
---ebpf-pid----2012----pid-2012
---ebpf-pid----379067----pid-379067
---ebpf-pid----6671----pid-5476
---ebpf-pid----2012----pid-1
---ebpf-pid----379067----pid-5476
---ebpf-pid----2012----pid-2012
---ebpf-pid----6671----pid-1
---ebpf-pid----372714----pid-372714
---ebpf-pid----379067----pid-1
---ebpf-pid----2012----pid-1
---ebpf-pid----2012----pid-2012
---ebpf-pid----372714----pid-5476
---ebpf-pid----2012----pid-1
---ebpf-pid----2094----pid-2094
---ebpf-pid----372714----pid-1
---ebpf-pid----372714----pid-372714
---ebpf-pid----2094----pid-1
---ebpf-pid----2094----pid-2094
---ebpf-pid----372714----pid-5476
---ebpf-pid----2094----pid-1
---ebpf-pid----2094----pid-2094
---ebpf-pid----372714----pid-1
---ebpf-pid----372714----pid-372714
---ebpf-pid----2094----pid-1
---ebpf-pid----2094----pid-2094
---ebpf-pid----372714----pid-5476
---ebpf-pid----2094----pid-1
---ebpf-pid----372714----pid-1
---ebpf-pid----2094----pid-2094
---ebpf-pid----372714----pid-372714
---ebpf-pid----2094----pid-1
---ebpf-pid----372714----pid-5476
---ebpf-pid----2094----pid-2094
---ebpf-pid----372714----pid-1
---ebpf-pid----2094----pid-1
---ebpf-pid----372714----pid-372714
---ebpf-pid----2094----pid-2094
---ebpf-pid----2089----pid-1
---ebpf-pid----2089----pid-2089
---ebpf-pid----2089----pid-1
---ebpf-pid----2089----pid-2089
---ebpf-pid----372714----pid-5476
---ebpf-pid----2089----pid-1
---ebpf-pid----2089----pid-2089
---ebpf-pid----372714----pid-1
---ebpf-pid----2089----pid-1
---ebpf-pid----2089----pid-2089
---ebpf-pid----372714----pid-372714
---ebpf-pid----2089----pid-1
---ebpf-pid----2089----pid-2089
---ebpf-pid----372714----pid-5476
---ebpf-pid----2089----pid-1
---ebpf-pid----372714----pid-1
---ebpf-pid----2089----pid-2089
---ebpf-pid----372714----pid-372714
---ebpf-pid----2089----pid-1
---ebpf-pid----372714----pid-5476
---ebpf-pid----2089----pid-2089
---ebpf-pid----2089----pid-1
---ebpf-pid----372714----pid-1
---ebpf-pid----2089----pid-2089
---ebpf-pid----372714----pid-372714
---ebpf-pid----2089----pid-1
---ebpf-pid----2089----pid-2089
---ebpf-pid----372714----pid-5476
---ebpf-pid----2089----pid-1
---ebpf-pid----372714----pid-1
---ebpf-pid----2089----pid-2089
---ebpf-pid----372714----pid-372714
---ebpf-pid----2089----pid-1
---ebpf-pid----372714----pid-5476
---ebpf-pid----2089----pid-2089
---ebpf-pid----372714----pid-1
---ebpf-pid----2089----pid-1
---ebpf-pid----372714----pid-372714
---ebpf-pid----2089----pid-2089
---ebpf-pid----372714----pid-5476
---ebpf-pid----2089----pid-1
---ebpf-pid----2089----pid-2089
---ebpf-pid----372714----pid-1
---ebpf-pid----372714----pid-372714
---ebpf-pid----2089----pid-1
---ebpf-pid----2089----pid-2089
---ebpf-pid----372714----pid-5476
---ebpf-pid----2089----pid-1
---ebpf-pid----2089----pid-2089
---ebpf-pid----372714----pid-1
---ebpf-pid----372714----pid-372714
---ebpf-pid----2089----pid-1
---ebpf-pid----2089----pid-2089
---ebpf-pid----372714----pid-5476
---ebpf-pid----2089----pid-1
---ebpf-pid----2089----pid-2089
---ebpf-pid----372714----pid-1
---ebpf-pid----372714----pid-372714
---ebpf-pid----2089----pid-1
---ebpf-pid----2089----pid-2089
---ebpf-pid----372714----pid-5476
---ebpf-pid----2089----pid-1
---ebpf-pid----2089----pid-2089
---ebpf-pid----372714----pid-1
---ebpf-pid----6671----pid-6671
---ebpf-pid----2089----pid-1
---ebpf-pid----2089----pid-2089
---ebpf-pid----6671----pid-5476
---ebpf-pid----2089----pid-1
---ebpf-pid----2089----pid-2089
---ebpf-pid----6671----pid-1
---ebpf-pid----2089----pid-1
---ebpf-pid----6671----pid-6671
---ebpf-pid----2089----pid-2089
---ebpf-pid----6671----pid-5476
---ebpf-pid----2089----pid-1
---ebpf-pid----2089----pid-2089
---ebpf-pid----6671----pid-1
---ebpf-pid----6671----pid-6671
---ebpf-pid----2089----pid-1
---ebpf-pid----2089----pid-2089
---ebpf-pid----6671----pid-5476
---ebpf-pid----2089----pid-1
---ebpf-pid----2089----pid-2089
---ebpf-pid----2089----pid-1
---ebpf-pid----2089----pid-2089
---ebpf-pid----2089----pid-1
---ebpf-pid----2089----pid-2089
---ebpf-pid----2089----pid-1
---ebpf-pid----2089----pid-2089
---ebpf-pid----2089----pid-1
---ebpf-pid----406334----pid-406334
---ebpf-pid----406334----pid-3323
---ebpf-pid----406334----pid-1
---ebpf-pid----406334----pid-406334
---ebpf-pid----406334----pid-3323
---ebpf-pid----406334----pid-1
---ebpf-pid----2012----pid-2012
---ebpf-pid----2094----pid-1
---ebpf-pid----2094----pid-2094
---ebpf-pid----2094----pid-1
---ebpf-pid----2094----pid-2094
---ebpf-pid----2094----pid-1
---ebpf-pid----2094----pid-2094
---ebpf-pid----2094----pid-1
---ebpf-pid----2094----pid-2094
---ebpf-pid----2094----pid-1
---ebpf-pid----2094----pid-2094
---ebpf-pid----2094----pid-1
---ebpf-pid----2094----pid-2094
---ebpf-pid----2094----pid-1
---ebpf-pid----2094----pid-2094
---ebpf-pid----2094----pid-1
---ebpf-pid----2094----pid-2094
---ebpf-pid----2094----pid-1
---ebpf-pid----2094----pid-2094
---ebpf-pid----2094----pid-1
---ebpf-pid----2094----pid-2094
---ebpf-pid----2094----pid-1
---ebpf-pid----2094----pid-2094
---ebpf-pid----2094----pid-1
---ebpf-pid----2094----pid-2094
---ebpf-pid----2094----pid-1
---ebpf-pid----2094----pid-2094
---ebpf-pid----2094----pid-1
---ebpf-pid----2094----pid-2094
---ebpf-pid----2094----pid-1
---ebpf-pid----2029----pid-2029
---ebpf-pid----2029----pid-1
---ebpf-pid----2029----pid-2029
---ebpf-pid----2029----pid-1
---ebpf-pid----2029----pid-2029
---ebpf-pid----2029----pid-1
---ebpf-pid----2029----pid-2029
---ebpf-pid----2029----pid-1
---ebpf-pid----2029----pid-2029
---ebpf-pid----2029----pid-1
---ebpf-pid----2029----pid-2029
---ebpf-pid----2029----pid-1
---ebpf-pid----2029----pid-2029
---ebpf-pid----2029----pid-1
---ebpf-pid----2012----pid-1
---ebpf-pid----2012----pid-2012
---ebpf-pid----6671----pid-1
---ebpf-pid----6671----pid-6671
---ebpf-pid----6671----pid-5476
---ebpf-pid----6671----pid-1
---ebpf-pid----6671----pid-6671
---ebpf-pid----6671----pid-5476
---ebpf-pid----6671----pid-1
---ebpf-pid----372714----pid-372714
---ebpf-pid----372714----pid-5476
---ebpf-pid----372714----pid-1
---ebpf-pid----372714----pid-372714
---ebpf-pid----372714----pid-5476
---ebpf-pid----372714----pid-1
---ebpf-pid----372714----pid-372714
---ebpf-pid----372714----pid-5476
---ebpf-pid----372714----pid-1
---ebpf-pid----372714----pid-372714
---ebpf-pid----372714----pid-5476
---ebpf-pid----372714----pid-1
---ebpf-pid----372714----pid-372714
---ebpf-pid----372714----pid-5476
---ebpf-pid----372714----pid-1
---ebpf-pid----372714----pid-372714
---ebpf-pid----372714----pid-5476
---ebpf-pid----372714----pid-1
---ebpf-pid----372714----pid-372714
---ebpf-pid----372714----pid-5476
---ebpf-pid----379067----pid-379067
---ebpf-pid----372714----pid-1
---ebpf-pid----2012----pid-1
---ebpf-pid----2012----pid-2012
---ebpf-pid----2012----pid-1
---ebpf-pid----2012----pid-2012
---ebpf-pid----2012----pid-1
---ebpf-pid----2012----pid-2012
---ebpf-pid----2012----pid-1
---ebpf-pid----2012----pid-2012
---ebpf-pid----2012----pid-1
---ebpf-pid----2012----pid-2012
---ebpf-pid----2012----pid-1
---ebpf-pid----2012----pid-2012
---ebpf-pid----2012----pid-1
---ebpf-pid----2012----pid-2012
---ebpf-pid----2012----pid-1
---ebpf-pid----2012----pid-2012
---ebpf-pid----2012----pid-1
---ebpf-pid----372714----pid-372714
---ebpf-pid----2012----pid-2012
---ebpf-pid----372714----pid-5476
---ebpf-pid----2012----pid-1
---ebpf-pid----2029----pid-2029
---ebpf-pid----372714----pid-1
---ebpf-pid----379067----pid-5476
---ebpf-pid----2029----pid-1
---ebpf-pid----2029----pid-2029
---ebpf-pid----379067----pid-1
---ebpf-pid----379067----pid-379067
---ebpf-pid----2029----pid-1
---ebpf-pid----2029----pid-2029
---ebpf-pid----379067----pid-5476
---ebpf-pid----2029----pid-1
---ebpf-pid----379067----pid-1
---ebpf-pid----2029----pid-2029
---ebpf-pid----379067----pid-379067
---ebpf-pid----379067----pid-5476
---ebpf-pid----2029----pid-1
---ebpf-pid----2029----pid-2029
---ebpf-pid----379067----pid-1
---ebpf-pid----379067----pid-379067
---ebpf-pid----2029----pid-1
---ebpf-pid----2029----pid-2029
---ebpf-pid----2029----pid-1
---ebpf-pid----379067----pid-5476
---ebpf-pid----2029----pid-2029
---ebpf-pid----379067----pid-1
---ebpf-pid----2029----pid-1
---ebpf-pid----379067----pid-379067
---ebpf-pid----2029----pid-2029
---ebpf-pid----2029----pid-1
---ebpf-pid----379067----pid-5476
---ebpf-pid----2029----pid-2029
---ebpf-pid----379067----pid-1
---ebpf-pid----2029----pid-1
---ebpf-pid----379067----pid-379067
---ebpf-pid----2029----pid-2029
---ebpf-pid----2029----pid-1
---ebpf-pid----379067----pid-5476
---ebpf-pid----2029----pid-2029
---ebpf-pid----379067----pid-1
---ebpf-pid----372714----pid-372714
---ebpf-pid----379067----pid-379067
---ebpf-pid----372714----pid-5476
---ebpf-pid----379067----pid-5476
---ebpf-pid----372714----pid-1
---ebpf-pid----372714----pid-372714
---ebpf-pid----379067----pid-1
---ebpf-pid----379067----pid-379067
---ebpf-pid----372714----pid-5476
---ebpf-pid----372714----pid-1
---ebpf-pid----379067----pid-5476
---ebpf-pid----372714----pid-372714
---ebpf-pid----379067----pid-1
---ebpf-pid----2029----pid-1
---ebpf-pid----379067----pid-379067
---ebpf-pid----372714----pid-5476
---ebpf-pid----2029----pid-2029
---ebpf-pid----372714----pid-1
---ebpf-pid----379067----pid-5476
---ebpf-pid----372714----pid-372714
---ebpf-pid----2029----pid-1
---ebpf-pid----379067----pid-1
---ebpf-pid----2029----pid-2029
---ebpf-pid----372714----pid-5476
---ebpf-pid----379067----pid-379067
---ebpf-pid----2029----pid-1
---ebpf-pid----372714----pid-1
---ebpf-pid----2029----pid-2029
---ebpf-pid----372714----pid-372714
---ebpf-pid----379067----pid-5476
---ebpf-pid----2029----pid-1
---ebpf-pid----372714----pid-5476
---ebpf-pid----379067----pid-1
---ebpf-pid----2029----pid-2029
---ebpf-pid----379067----pid-379067
---ebpf-pid----372714----pid-1
---ebpf-pid----2029----pid-1
---ebpf-pid----379067----pid-5476
---ebpf-pid----372714----pid-372714
---ebpf-pid----2029----pid-2029
---ebpf-pid----379067----pid-1
---ebpf-pid----372714----pid-5476
---ebpf-pid----2029----pid-1
---ebpf-pid----379067----pid-379067
---ebpf-pid----2029----pid-2029
---ebpf-pid----372714----pid-1
---ebpf-pid----379067----pid-5476
---ebpf-pid----372714----pid-372714
---ebpf-pid----2029----pid-1
---ebpf-pid----2029----pid-2029
---ebpf-pid----379067----pid-1
---ebpf-pid----372714----pid-5476
---ebpf-pid----379067----pid-379067
---ebpf-pid----2029----pid-1
---ebpf-pid----372714----pid-1
---ebpf-pid----2029----pid-2029
---ebpf-pid----379067----pid-5476
---ebpf-pid----372714----pid-372714
---ebpf-pid----379067----pid-1
---ebpf-pid----2029----pid-1
---ebpf-pid----379067----pid-379067
---ebpf-pid----2029----pid-2029
---ebpf-pid----2012----pid-2012
---ebpf-pid----2029----pid-1
---ebpf-pid----2012----pid-2012
---ebpf-pid----379067----pid-5476
---ebpf-pid----2012----pid-1
---ebpf-pid----379067----pid-1
---ebpf-pid----2012----pid-2012
---ebpf-pid----2012----pid-1
---ebpf-pid----379067----pid-379067
---ebpf-pid----2012----pid-2012
---ebpf-pid----2012----pid-1
---ebpf-pid----379067----pid-5476
---ebpf-pid----2012----pid-2012
---ebpf-pid----2012----pid-1
---ebpf-pid----2012----pid-2012
---ebpf-pid----379067----pid-1
---ebpf-pid----379067----pid-379067
---ebpf-pid----2012----pid-1
---ebpf-pid----2012----pid-1
---ebpf-pid----6671----pid-6671
---ebpf-pid----379067----pid-5476
---ebpf-pid----2012----pid-2012
---ebpf-pid----6671----pid-5476
---ebpf-pid----379067----pid-1
---ebpf-pid----2012----pid-1
---ebpf-pid----379067----pid-379067
---ebpf-pid----2012----pid-2012
---ebpf-pid----2012----pid-1
---ebpf-pid----379067----pid-5476
---ebpf-pid----2012----pid-2012
---ebpf-pid----379067----pid-1
---ebpf-pid----2012----pid-1
---ebpf-pid----379067----pid-379067
---ebpf-pid----2012----pid-2012
---ebpf-pid----6671----pid-1
---ebpf-pid----379067----pid-5476
---ebpf-pid----6671----pid-6671
---ebpf-pid----2012----pid-1
---ebpf-pid----2012----pid-2012
---ebpf-pid----379067----pid-1
---ebpf-pid----6671----pid-5476
---ebpf-pid----379067----pid-379067
---ebpf-pid----2012----pid-1
---ebpf-pid----6671----pid-1
---ebpf-pid----2012----pid-2012
---ebpf-pid----379067----pid-5476
---ebpf-pid----6671----pid-6671
---ebpf-pid----2012----pid-1
---ebpf-pid----379067----pid-1
---ebpf-pid----6671----pid-5476
---ebpf-pid----2012----pid-2012
---ebpf-pid----379067----pid-379067
---ebpf-pid----6671----pid-1
---ebpf-pid----2012----pid-1
---ebpf-pid----379067----pid-5476
---ebpf-pid----379067----pid-379067
---ebpf-pid----379067----pid-379067
---ebpf-pid----379067----pid-5476
---ebpf-pid----379067----pid-1
---ebpf-pid----379067----pid-379067
---ebpf-pid----379067----pid-5476
---ebpf-pid----379067----pid-1
---ebpf-pid----379067----pid-379067
---ebpf-pid----379067----pid-5476
---ebpf-pid----379067----pid-1
---ebpf-pid----379067----pid-379067
---ebpf-pid----379067----pid-5476
---ebpf-pid----379067----pid-1
---ebpf-pid----379067----pid-379067
---ebpf-pid----379067----pid-5476
---ebpf-pid----379067----pid-5476
---ebpf-pid----379067----pid-1
---ebpf-pid----379067----pid-379067
---ebpf-pid----379067----pid-5476
---ebpf-pid----379067----pid-1
---ebpf-pid----379067----pid-379067
---ebpf-pid----379067----pid-5476
---ebpf-pid----379067----pid-1
---ebpf-pid----379067----pid-1
---ebpf-pid----379067----pid-379067
---ebpf-pid----379067----pid-379067
---ebpf-pid----379067----pid-5476
---ebpf-pid----379067----pid-1
---ebpf-pid----379067----pid-379067
---ebpf-pid----379067----pid-5476
---ebpf-pid----379067----pid-5476
---ebpf-pid----379067----pid-1
---ebpf-pid----379067----pid-379067
---ebpf-pid----379067----pid-1
---ebpf-pid----379067----pid-5476
---ebpf-pid----379067----pid-379067
---ebpf-pid----379067----pid-1
---ebpf-pid----379067----pid-5476
---ebpf-pid----379067----pid-379067
---ebpf-pid----379067----pid-5476
---ebpf-pid----379067----pid-1
---ebpf-pid----379067----pid-379067
---ebpf-pid----379067----pid-1
---ebpf-pid----379067----pid-379067
---ebpf-pid----379067----pid-5476
---ebpf-pid----379067----pid-5476
---ebpf-pid----379067----pid-1
---ebpf-pid----379067----pid-379067
---ebpf-pid----379067----pid-1
---ebpf-pid----379067----pid-379067
---ebpf-pid----379067----pid-5476
---ebpf-pid----379067----pid-5476
---ebpf-pid----379067----pid-1
---ebpf-pid----379067----pid-1
---ebpf-pid----379067----pid-379067
---ebpf-pid----379067----pid-379067
---ebpf-pid----379067----pid-5476
---ebpf-pid----379067----pid-5476
---ebpf-pid----379067----pid-1
---ebpf-pid----379067----pid-379067
---ebpf-pid----379067----pid-1
---ebpf-pid----379067----pid-379067
---ebpf-pid----379067----pid-5476
---ebpf-pid----379067----pid-5476
---ebpf-pid----379067----pid-1
---ebpf-pid----379067----pid-1
---ebpf-pid----379067----pid-379067
---ebpf-pid----379067----pid-379067
---ebpf-pid----379067----pid-1
---ebpf-pid----379067----pid-379067
---ebpf-pid----379067----pid-5476
---ebpf-pid----379067----pid-5476
---ebpf-pid----379067----pid-5476
---ebpf-pid----379067----pid-1
---ebpf-pid----379067----pid-1
---ebpf-pid----6671----pid-6671
---ebpf-pid----379067----pid-1
---ebpf-pid----2029----pid-2029
---ebpf-pid----379067----pid-379067
---ebpf-pid----6671----pid-5476
---ebpf-pid----2029----pid-1
---ebpf-pid----379067----pid-5476
---ebpf-pid----2029----pid-2029
---ebpf-pid----6671----pid-1
---ebpf-pid----6671----pid-6671
---ebpf-pid----379067----pid-1
---ebpf-pid----2029----pid-1
---ebpf-pid----379067----pid-379067
---ebpf-pid----2029----pid-2029
---ebpf-pid----6671----pid-5476
---ebpf-pid----379067----pid-5476
---ebpf-pid----2029----pid-1
---ebpf-pid----2029----pid-2029
---ebpf-pid----6671----pid-1
---ebpf-pid----379067----pid-1
---ebpf-pid----6671----pid-6671
---ebpf-pid----379067----pid-379067
---ebpf-pid----2029----pid-1
---ebpf-pid----2029----pid-2029
---ebpf-pid----6671----pid-5476
---ebpf-pid----379067----pid-5476
---ebpf-pid----2029----pid-1
---ebpf-pid----6671----pid-1
---ebpf-pid----379067----pid-1
---ebpf-pid----2029----pid-2029
---ebpf-pid----6671----pid-6671
---ebpf-pid----379067----pid-379067
---ebpf-pid----6671----pid-5476
---ebpf-pid----2029----pid-1
---ebpf-pid----379067----pid-5476
---ebpf-pid----2029----pid-2029
---ebpf-pid----6671----pid-1
---ebpf-pid----379067----pid-1
---ebpf-pid----2029----pid-1
---ebpf-pid----379067----pid-379067
---ebpf-pid----2094----pid-2094
---ebpf-pid----379067----pid-5476
---ebpf-pid----2094----pid-1
---ebpf-pid----2094----pid-2094
---ebpf-pid----379067----pid-1
---ebpf-pid----2094----pid-1
---ebpf-pid----2094----pid-2094
---ebpf-pid----379067----pid-379067
---ebpf-pid----2094----pid-1
---ebpf-pid----379067----pid-5476
---ebpf-pid----2094----pid-2094
---ebpf-pid----2094----pid-1
---ebpf-pid----2094----pid-2094
---ebpf-pid----2094----pid-1
---ebpf-pid----379067----pid-1
---ebpf-pid----2094----pid-2094
---ebpf-pid----379067----pid-379067
---ebpf-pid----2094----pid-1
---ebpf-pid----379067----pid-5476
---ebpf-pid----2094----pid-2094
---ebpf-pid----379067----pid-1
---ebpf-pid----2094----pid-1
---ebpf-pid----379067----pid-379067
---ebpf-pid----2094----pid-2094
---ebpf-pid----379067----pid-5476
---ebpf-pid----2094----pid-1
---ebpf-pid----2094----pid-2094
---ebpf-pid----379067----pid-1
---ebpf-pid----379067----pid-379067
---ebpf-pid----2094----pid-1
---ebpf-pid----2094----pid-2094
---ebpf-pid----379067----pid-5476
---ebpf-pid----2094----pid-1
---ebpf-pid----379067----pid-1
---ebpf-pid----379067----pid-379067
---ebpf-pid----379067----pid-5476
---ebpf-pid----379067----pid-1
---ebpf-pid----379067----pid-379067
---ebpf-pid----379067----pid-5476
---ebpf-pid----372714----pid-5476
---ebpf-pid----379067----pid-1
---ebpf-pid----372714----pid-1
---ebpf-pid----379067----pid-379067
---ebpf-pid----372714----pid-372714
---ebpf-pid----372714----pid-5476
---ebpf-pid----379067----pid-5476
---ebpf-pid----372714----pid-1
---ebpf-pid----372714----pid-372714
---ebpf-pid----379067----pid-1
---ebpf-pid----379067----pid-379067
---ebpf-pid----372714----pid-5476
---ebpf-pid----379067----pid-5476
---ebpf-pid----372714----pid-1
---ebpf-pid----372714----pid-372714
---ebpf-pid----379067----pid-1
---ebpf-pid----379067----pid-379067
---ebpf-pid----379067----pid-5476
---ebpf-pid----379067----pid-1
---ebpf-pid----379067----pid-379067
---ebpf-pid----379067----pid-5476
---ebpf-pid----379067----pid-1
---ebpf-pid----372714----pid-5476
---ebpf-pid----379067----pid-379067
---ebpf-pid----372714----pid-1
---ebpf-pid----379067----pid-5476
---ebpf-pid----372714----pid-372714
---ebpf-pid----379067----pid-1
---ebpf-pid----372714----pid-5476
---ebpf-pid----379067----pid-379067
---ebpf-pid----372714----pid-1
---ebpf-pid----372714----pid-372714
---ebpf-pid----379067----pid-5476
---ebpf-pid----372714----pid-5476
---ebpf-pid----372714----pid-1
---ebpf-pid----372714----pid-372714
---ebpf-pid----379067----pid-1
---ebpf-pid----379067----pid-379067
---ebpf-pid----372714----pid-5476
---ebpf-pid----379067----pid-5476
---ebpf-pid----372714----pid-1
---ebpf-pid----372714----pid-372714
---ebpf-pid----379067----pid-1
---ebpf-pid----379067----pid-379067
---ebpf-pid----372714----pid-5476
---ebpf-pid----379067----pid-5476
---ebpf-pid----372714----pid-1
---ebpf-pid----372714----pid-372714
---ebpf-pid----379067----pid-1
---ebpf-pid----372714----pid-5476
---ebpf-pid----379067----pid-379067
---ebpf-pid----372714----pid-1
---ebpf-pid----379067----pid-5476
---ebpf-pid----5705----pid-5705
---ebpf-pid----379067----pid-1
---ebpf-pid----5705----pid-5476
---ebpf-pid----379067----pid-379067
---ebpf-pid----5705----pid-1
---ebpf-pid----5705----pid-5705
---ebpf-pid----379067----pid-5476
---ebpf-pid----5705----pid-5476
---ebpf-pid----379067----pid-1
---ebpf-pid----379067----pid-379067
---ebpf-pid----5705----pid-1
---ebpf-pid----5705----pid-5705
---ebpf-pid----379067----pid-5476
---ebpf-pid----5705----pid-5476
---ebpf-pid----379067----pid-1
---ebpf-pid----379067----pid-379067
---ebpf-pid----5705----pid-1
---ebpf-pid----2094----pid-2094
---ebpf-pid----5705----pid-5705
---ebpf-pid----379067----pid-5476
---ebpf-pid----2094----pid-1
---ebpf-pid----5705----pid-5476
---ebpf-pid----2094----pid-2094
---ebpf-pid----379067----pid-1
---ebpf-pid----379067----pid-379067
---ebpf-pid----5705----pid-1
---ebpf-pid----2094----pid-1
---ebpf-pid----5705----pid-5705
---ebpf-pid----2094----pid-2094
---ebpf-pid----379067----pid-5476
---ebpf-pid----5705----pid-5476
---ebpf-pid----2094----pid-1
---ebpf-pid----379067----pid-1
---ebpf-pid----2094----pid-2094
---ebpf-pid----379067----pid-379067
---ebpf-pid----5705----pid-1
---ebpf-pid----5705----pid-5705
---ebpf-pid----2094----pid-1
---ebpf-pid----379067----pid-5476
---ebpf-pid----2094----pid-2094
---ebpf-pid----5705----pid-5476
---ebpf-pid----379067----pid-1
---ebpf-pid----379067----pid-379067
---ebpf-pid----2094----pid-1
---ebpf-pid----2094----pid-2094
---ebpf-pid----379067----pid-5476
---ebpf-pid----2094----pid-1
---ebpf-pid----372881----pid-372881
---ebpf-pid----379067----pid-1
---ebpf-pid----379067----pid-379067
---ebpf-pid----372881----pid-1
---ebpf-pid----372881----pid-372881
---ebpf-pid----379067----pid-5476
---ebpf-pid----372881----pid-1
---ebpf-pid----379067----pid-1
---ebpf-pid----372881----pid-372881
---ebpf-pid----379067----pid-379067
---ebpf-pid----372881----pid-1
---ebpf-pid----379067----pid-5476
---ebpf-pid----372881----pid-372881
---ebpf-pid----379067----pid-1
---ebpf-pid----372881----pid-1
---ebpf-pid----448784----pid-448784
---ebpf-pid----379067----pid-379067
---ebpf-pid----448784----pid-448520
---ebpf-pid----379067----pid-5476
---ebpf-pid----379067----pid-1
---ebpf-pid----379067----pid-379067
---ebpf-pid----379067----pid-5476
---ebpf-pid----379067----pid-1
---ebpf-pid----379067----pid-379067
---ebpf-pid----448784----pid-1
---ebpf-pid----379067----pid-5476
---ebpf-pid----448784----pid-448784
---ebpf-pid----379067----pid-1
---ebpf-pid----448784----pid-448520
---ebpf-pid----379067----pid-379067
---ebpf-pid----448784----pid-1
---ebpf-pid----379067----pid-5476
---ebpf-pid----448784----pid-448784
---ebpf-pid----379067----pid-1
---ebpf-pid----448784----pid-448520
---ebpf-pid----379067----pid-379067
---ebpf-pid----448784----pid-1
---ebpf-pid----379067----pid-5476
---ebpf-pid----448784----pid-448784
---ebpf-pid----379067----pid-1
---ebpf-pid----379067----pid-379067
---ebpf-pid----448784----pid-448520
---ebpf-pid----379067----pid-5476
---ebpf-pid----448784----pid-1
---ebpf-pid----448784----pid-448784
---ebpf-pid----379067----pid-1
---ebpf-pid----379067----pid-379067
---ebpf-pid----448784----pid-448520
---ebpf-pid----379067----pid-5476
---ebpf-pid----448784----pid-1
---ebpf-pid----379067----pid-1
---ebpf-pid----448784----pid-448784
---ebpf-pid----379067----pid-379067
---ebpf-pid----448784----pid-448520
---ebpf-pid----379067----pid-5476
---ebpf-pid----448784----pid-1
---ebpf-pid----379067----pid-1
---ebpf-pid----448784----pid-448784
---ebpf-pid----379067----pid-379067
---ebpf-pid----448784----pid-448520
---ebpf-pid----379067----pid-5476
---ebpf-pid----448784----pid-1
---ebpf-pid----379067----pid-1
---ebpf-pid----448784----pid-448784
---ebpf-pid----379067----pid-379067
---ebpf-pid----448784----pid-448520
---ebpf-pid----448784----pid-1
---ebpf-pid----448784----pid-448784
---ebpf-pid----448784----pid-448520
---ebpf-pid----448784----pid-1
---ebpf-pid----5705----pid-1
---ebpf-pid----448784----pid-448784
---ebpf-pid----5705----pid-5705
---ebpf-pid----448784----pid-448520
---ebpf-pid----5705----pid-5476
---ebpf-pid----448784----pid-1
---ebpf-pid----5705----pid-1
---ebpf-pid----448784----pid-448784
---ebpf-pid----5705----pid-5705
---ebpf-pid----5705----pid-5476
---ebpf-pid----448784----pid-448520
---ebpf-pid----5705----pid-1
---ebpf-pid----448784----pid-1
---ebpf-pid----372714----pid-372714
---ebpf-pid----448784----pid-448784
---ebpf-pid----372714----pid-5476
---ebpf-pid----448784----pid-448520
---ebpf-pid----448784----pid-1
---ebpf-pid----448784----pid-448784
---ebpf-pid----448784----pid-448520
---ebpf-pid----448784----pid-1
---ebpf-pid----448784----pid-448784
---ebpf-pid----448784----pid-448520
---ebpf-pid----448784----pid-1
---ebpf-pid----5703----pid-5703
---ebpf-pid----5703----pid-5476
---ebpf-pid----379067----pid-5476
---ebpf-pid----379067----pid-1
---ebpf-pid----379067----pid-379067
---ebpf-pid----379067----pid-5476
---ebpf-pid----379067----pid-1
---ebpf-pid----379067----pid-379067
---ebpf-pid----379067----pid-5476
---ebpf-pid----379067----pid-1
---ebpf-pid----379067----pid-379067
---ebpf-pid----379067----pid-5476
---ebpf-pid----379067----pid-1
---ebpf-pid----379067----pid-379067
---ebpf-pid----379067----pid-5476
---ebpf-pid----379067----pid-1
---ebpf-pid----379067----pid-379067
---ebpf-pid----379067----pid-5476
---ebpf-pid----379067----pid-1
---ebpf-pid----379067----pid-379067
---ebpf-pid----379067----pid-5476
---ebpf-pid----379067----pid-1
---ebpf-pid----372714----pid-1
---ebpf-pid----6671----pid-6671
---ebpf-pid----379067----pid-379067
---ebpf-pid----372714----pid-372714
---ebpf-pid----379067----pid-5476
---ebpf-pid----6671----pid-5476
---ebpf-pid----372714----pid-5476
---ebpf-pid----379067----pid-1
---ebpf-pid----6671----pid-1
---ebpf-pid----379067----pid-379067
---ebpf-pid----372714----pid-1
---ebpf-pid----6671----pid-6671
---ebpf-pid----379067----pid-5476
---ebpf-pid----5705----pid-5705
---ebpf-pid----6671----pid-5476
---ebpf-pid----379067----pid-1
---ebpf-pid----5705----pid-5476
---ebpf-pid----379067----pid-379067
---ebpf-pid----6671----pid-1
---ebpf-pid----372714----pid-372714
---ebpf-pid----5705----pid-1
---ebpf-pid----379067----pid-5476
---ebpf-pid----5705----pid-5705
---ebpf-pid----372714----pid-5476
---ebpf-pid----379067----pid-1
---ebpf-pid----2089----pid-2089
---ebpf-pid----5705----pid-5476
---ebpf-pid----372714----pid-1
---ebpf-pid----6671----pid-6671
---ebpf-pid----2089----pid-1
---ebpf-pid----5705----pid-1
---ebpf-pid----2089----pid-2089
---ebpf-pid----372714----pid-372714
---ebpf-pid----6671----pid-5476
---ebpf-pid----2089----pid-1
---ebpf-pid----372714----pid-5476
---ebpf-pid----2089----pid-2089
---ebpf-pid----6671----pid-1
---ebpf-pid----6671----pid-6671
---ebpf-pid----2089----pid-1
---ebpf-pid----372714----pid-1
---ebpf-pid----2089----pid-2089
---ebpf-pid----372714----pid-372714
---ebpf-pid----6671----pid-5476
---ebpf-pid----2089----pid-1
---ebpf-pid----372714----pid-5476
---ebpf-pid----2089----pid-2089
---ebpf-pid----6671----pid-1
---ebpf-pid----372714----pid-372714
---ebpf-pid----372714----pid-1
---ebpf-pid----2089----pid-1
---ebpf-pid----2089----pid-2089
---ebpf-pid----5705----pid-5705
---ebpf-pid----372714----pid-5476
---ebpf-pid----2089----pid-1
---ebpf-pid----5705----pid-5476
---ebpf-pid----2089----pid-2089
---ebpf-pid----372714----pid-1
---ebpf-pid----372714----pid-372714
---ebpf-pid----5705----pid-1
---ebpf-pid----2089----pid-1
---ebpf-pid----5705----pid-5705
---ebpf-pid----2089----pid-2089
---ebpf-pid----372714----pid-5476
---ebpf-pid----5705----pid-5476
---ebpf-pid----2089----pid-1
---ebpf-pid----372714----pid-1
---ebpf-pid----2089----pid-2089
---ebpf-pid----372714----pid-372714
---ebpf-pid----5705----pid-1
---ebpf-pid----5705----pid-5705
---ebpf-pid----2089----pid-1
---ebpf-pid----372714----pid-5476
---ebpf-pid----2089----pid-2089
---ebpf-pid----5705----pid-5476
---ebpf-pid----372714----pid-1
---ebpf-pid----2089----pid-1
---ebpf-pid----6671----pid-6671
---ebpf-pid----2089----pid-2089
---ebpf-pid----5705----pid-1
---ebpf-pid----5705----pid-5705
---ebpf-pid----6671----pid-5476
---ebpf-pid----2089----pid-1
---ebpf-pid----2089----pid-2089
---ebpf-pid----5705----pid-5476
---ebpf-pid----6671----pid-1
---ebpf-pid----2089----pid-1
---ebpf-pid----6671----pid-6671
---ebpf-pid----2089----pid-2089
---ebpf-pid----5705----pid-1
---ebpf-pid----5705----pid-5705
---ebpf-pid----6671----pid-5476
---ebpf-pid----2089----pid-1
---ebpf-pid----2089----pid-2089
---ebpf-pid----5705----pid-5476
---ebpf-pid----6671----pid-1
---ebpf-pid----2089----pid-1
---ebpf-pid----372714----pid-372714
---ebpf-pid----2089----pid-2089
---ebpf-pid----5705----pid-1
---ebpf-pid----372714----pid-372714
---ebpf-pid----372714----pid-5476
---ebpf-pid----2089----pid-1
---ebpf-pid----372714----pid-1
---ebpf-pid----372714----pid-5476
---ebpf-pid----372714----pid-372714
---ebpf-pid----372714----pid-1
---ebpf-pid----372714----pid-372714
---ebpf-pid----372714----pid-5476
---ebpf-pid----372714----pid-5476
---ebpf-pid----372714----pid-1
---ebpf-pid----372714----pid-1
---ebpf-pid----372714----pid-372714
---ebpf-pid----5705----pid-5705
---ebpf-pid----2089----pid-2089
---ebpf-pid----372714----pid-5476
---ebpf-pid----5705----pid-5476
---ebpf-pid----2089----pid-1
---ebpf-pid----5705----pid-1
---ebpf-pid----372714----pid-1
---ebpf-pid----2089----pid-2089
---ebpf-pid----5705----pid-5705
---ebpf-pid----372714----pid-372714
---ebpf-pid----2089----pid-1
---ebpf-pid----5705----pid-5476
---ebpf-pid----372714----pid-5476
---ebpf-pid----2089----pid-2089
---ebpf-pid----5705----pid-1
---ebpf-pid----372714----pid-1
---ebpf-pid----2089----pid-1
---ebpf-pid----5705----pid-5705
---ebpf-pid----372714----pid-372714
---ebpf-pid----2089----pid-2089
---ebpf-pid----372714----pid-5476
---ebpf-pid----5705----pid-5476
---ebpf-pid----2089----pid-1
---ebpf-pid----2089----pid-2089
---ebpf-pid----372714----pid-1
---ebpf-pid----5705----pid-1
---ebpf-pid----372714----pid-372714
---ebpf-pid----372714----pid-372714
---ebpf-pid----2089----pid-1
---ebpf-pid----2089----pid-2089
---ebpf-pid----372714----pid-5476
---ebpf-pid----372714----pid-5476
---ebpf-pid----2089----pid-1
---ebpf-pid----372714----pid-1
---ebpf-pid----2089----pid-2089
---ebpf-pid----372714----pid-1
---ebpf-pid----372714----pid-372714
---ebpf-pid----372714----pid-372714
---ebpf-pid----2089----pid-1
---ebpf-pid----372714----pid-5476
---ebpf-pid----2089----pid-2089
---ebpf-pid----372714----pid-5476
---ebpf-pid----2089----pid-1
---ebpf-pid----372714----pid-1
---ebpf-pid----2089----pid-2089
---ebpf-pid----5705----pid-5705
---ebpf-pid----2089----pid-1
---ebpf-pid----2089----pid-2089
---ebpf-pid----5705----pid-5476
---ebpf-pid----5705----pid-1
---ebpf-pid----2089----pid-1
---ebpf-pid----2089----pid-2089
---ebpf-pid----5705----pid-5705
---ebpf-pid----2089----pid-1
---ebpf-pid----5705----pid-5476
---ebpf-pid----2089----pid-2089
---ebpf-pid----2089----pid-1
---ebpf-pid----5705----pid-1
---ebpf-pid----2089----pid-2089
---ebpf-pid----5705----pid-5705
---ebpf-pid----2089----pid-1
---ebpf-pid----5705----pid-5476
---ebpf-pid----2089----pid-2089
---ebpf-pid----5705----pid-1
---ebpf-pid----2089----pid-1
---ebpf-pid----5705----pid-5705
---ebpf-pid----2089----pid-2089
---ebpf-pid----5705----pid-5476
---ebpf-pid----2089----pid-1
---ebpf-pid----2089----pid-2089
---ebpf-pid----5705----pid-1
---ebpf-pid----5705----pid-5705
---ebpf-pid----2089----pid-1
---ebpf-pid----2089----pid-2089
---ebpf-pid----5705----pid-5476
---ebpf-pid----2089----pid-1
---ebpf-pid----5705----pid-1
---ebpf-pid----2089----pid-2089
---ebpf-pid----5705----pid-5705
---ebpf-pid----5705----pid-5476
---ebpf-pid----5705----pid-1
---ebpf-pid----5705----pid-5705
---ebpf-pid----5705----pid-5476
---ebpf-pid----5705----pid-1
---ebpf-pid----5705----pid-5705
---ebpf-pid----5705----pid-5476
---ebpf-pid----5705----pid-1
---ebpf-pid----5705----pid-5705
---ebpf-pid----5705----pid-5476
---ebpf-pid----2089----pid-1
---ebpf-pid----372714----pid-1
---ebpf-pid----372714----pid-372714
---ebpf-pid----2089----pid-2089
---ebpf-pid----372714----pid-5476
---ebpf-pid----372714----pid-1
---ebpf-pid----372714----pid-372714
---ebpf-pid----2089----pid-1
---ebpf-pid----2089----pid-2089
---ebpf-pid----2089----pid-1
---ebpf-pid----2089----pid-2089
---ebpf-pid----2089----pid-1
---ebpf-pid----2089----pid-2089
---ebpf-pid----2089----pid-1
---ebpf-pid----2089----pid-2089
---ebpf-pid----2089----pid-1
---ebpf-pid----2089----pid-2089
---ebpf-pid----2089----pid-1
---ebpf-pid----2089----pid-2089
---ebpf-pid----2089----pid-1
---ebpf-pid----2089----pid-2089
---ebpf-pid----2089----pid-1
---ebpf-pid----2089----pid-2089
---ebpf-pid----2089----pid-1
---ebpf-pid----2089----pid-2089
---ebpf-pid----2089----pid-1
---ebpf-pid----2089----pid-2089
---ebpf-pid----2089----pid-1
---ebpf-pid----2089----pid-2089
---ebpf-pid----2089----pid-1
---ebpf-pid----2089----pid-2089
---ebpf-pid----2089----pid-1
---ebpf-pid----2089----pid-2089
---ebpf-pid----2089----pid-1
---ebpf-pid----2089----pid-2089
---ebpf-pid----2089----pid-1
---ebpf-pid----2089----pid-2089
---ebpf-pid----2089----pid-1
---ebpf-pid----2089----pid-2089
---ebpf-pid----5705----pid-1
---ebpf-pid----5705----pid-5705
---ebpf-pid----5705----pid-5476
---ebpf-pid----5705----pid-1
---ebpf-pid----5705----pid-5705
---ebpf-pid----5705----pid-5476
---ebpf-pid----5705----pid-1
---ebpf-pid----5705----pid-5705
---ebpf-pid----5705----pid-5476
---ebpf-pid----5705----pid-1
---ebpf-pid----5705----pid-5705
---ebpf-pid----5705----pid-5476
---ebpf-pid----5705----pid-1
---ebpf-pid----372714----pid-372714
---ebpf-pid----372714----pid-5476
---ebpf-pid----372714----pid-1
---ebpf-pid----372714----pid-372714
---ebpf-pid----372714----pid-5476
---ebpf-pid----372714----pid-1
---ebpf-pid----372714----pid-372714
---ebpf-pid----372714----pid-5476
---ebpf-pid----372714----pid-1
---ebpf-pid----372714----pid-372714
---ebpf-pid----372714----pid-5476
---ebpf-pid----372714----pid-1
---ebpf-pid----372714----pid-372714
---ebpf-pid----372714----pid-5476
---ebpf-pid----372714----pid-1
---ebpf-pid----372714----pid-372714
---ebpf-pid----372714----pid-5476
---ebpf-pid----372714----pid-1
---ebpf-pid----372714----pid-372714
---ebpf-pid----372714----pid-5476
---ebpf-pid----372714----pid-1
---ebpf-pid----5703----pid-1
---ebpf-pid----372714----pid-372714
---ebpf-pid----372714----pid-5476
---ebpf-pid----372714----pid-5476
---ebpf-pid----372714----pid-1
---ebpf-pid----372714----pid-372714
---ebpf-pid----2089----pid-1
---ebpf-pid----372714----pid-1
---ebpf-pid----2089----pid-2089
---ebpf-pid----372714----pid-372714
---ebpf-pid----372714----pid-5476
---ebpf-pid----2089----pid-1
---ebpf-pid----2089----pid-2089
---ebpf-pid----372714----pid-1
---ebpf-pid----372714----pid-372714
---ebpf-pid----2089----pid-1
---ebpf-pid----2089----pid-2089
---ebpf-pid----372714----pid-5476
---ebpf-pid----372714----pid-1
---ebpf-pid----372714----pid-5476
---ebpf-pid----372714----pid-372714
---ebpf-pid----372714----pid-1
---ebpf-pid----372714----pid-5476
---ebpf-pid----372714----pid-372714
---ebpf-pid----372714----pid-1
---ebpf-pid----372714----pid-5476
---ebpf-pid----372714----pid-372714
---ebpf-pid----372714----pid-5476
---ebpf-pid----372714----pid-1
---ebpf-pid----372714----pid-372714
---ebpf-pid----448782----pid-448782
---ebpf-pid----372714----pid-5476
---ebpf-pid----372714----pid-1
---ebpf-pid----448782----pid-448520
---ebpf-pid----372714----pid-372714
---ebpf-pid----448782----pid-1
---ebpf-pid----372714----pid-5476
---ebpf-pid----372714----pid-372714
---ebpf-pid----372714----pid-1
---ebpf-pid----372714----pid-5476
---ebpf-pid----5705----pid-5705
---ebpf-pid----372714----pid-1
---ebpf-pid----5705----pid-5476
---ebpf-pid----372714----pid-372714
---ebpf-pid----372714----pid-5476
---ebpf-pid----5705----pid-1
---ebpf-pid----5705----pid-5705
---ebpf-pid----372714----pid-1
---ebpf-pid----372714----pid-372714
---ebpf-pid----5705----pid-5476
---ebpf-pid----5705----pid-1
---ebpf-pid----372714----pid-5476
---ebpf-pid----5705----pid-5705
---ebpf-pid----372714----pid-1
---ebpf-pid----448782----pid-448782
---ebpf-pid----5705----pid-5476
---ebpf-pid----448782----pid-448520
---ebpf-pid----5705----pid-1
---ebpf-pid----372714----pid-372714
---ebpf-pid----448782----pid-1
---ebpf-pid----372714----pid-372714
---ebpf-pid----372714----pid-5476
---ebpf-pid----372714----pid-5476
---ebpf-pid----372714----pid-1
---ebpf-pid----372714----pid-1
---ebpf-pid----372714----pid-372714
---ebpf-pid----372714----pid-372714
---ebpf-pid----372714----pid-5476
---ebpf-pid----372714----pid-5476
---ebpf-pid----372714----pid-1
---ebpf-pid----372714----pid-1
---ebpf-pid----372714----pid-372714
---ebpf-pid----372714----pid-372714
---ebpf-pid----372714----pid-5476
---ebpf-pid----372714----pid-5476
---ebpf-pid----2089----pid-1
---ebpf-pid----372714----pid-1
---ebpf-pid----372714----pid-1
---ebpf-pid----5705----pid-5705
---ebpf-pid----372714----pid-372714
---ebpf-pid----372714----pid-5476
---ebpf-pid----5705----pid-5476
---ebpf-pid----372714----pid-1
---ebpf-pid----2089----pid-2089
---ebpf-pid----5705----pid-1
---ebpf-pid----372714----pid-372714
---ebpf-pid----6671----pid-6671
---ebpf-pid----372714----pid-5476
---ebpf-pid----6671----pid-5476
---ebpf-pid----372714----pid-1
---ebpf-pid----6671----pid-1
---ebpf-pid----372714----pid-372714
---ebpf-pid----6671----pid-6671
---ebpf-pid----372714----pid-5476
---ebpf-pid----6671----pid-5476
---ebpf-pid----6671----pid-1
---ebpf-pid----372714----pid-1
---ebpf-pid----372714----pid-372714
---ebpf-pid----372714----pid-372714
---ebpf-pid----372714----pid-5476
---ebpf-pid----372714----pid-5476
---ebpf-pid----372714----pid-1
---ebpf-pid----372714----pid-1
---ebpf-pid----372714----pid-372714
---ebpf-pid----6671----pid-6671
---ebpf-pid----6671----pid-5476
---ebpf-pid----6671----pid-1
---ebpf-pid----372714----pid-5476
---ebpf-pid----6671----pid-6671
---ebpf-pid----372714----pid-1
---ebpf-pid----6671----pid-5476
---ebpf-pid----372714----pid-372714
---ebpf-pid----6671----pid-1
---ebpf-pid----2089----pid-1
---ebpf-pid----372714----pid-5476
---ebpf-pid----372714----pid-372714
---ebpf-pid----2089----pid-2089
---ebpf-pid----372714----pid-1
---ebpf-pid----372714----pid-5476
---ebpf-pid----2089----pid-1
---ebpf-pid----372714----pid-372714
---ebpf-pid----2089----pid-2089
---ebpf-pid----372714----pid-1
---ebpf-pid----372714----pid-5476
---ebpf-pid----2089----pid-1
---ebpf-pid----6671----pid-6671
---ebpf-pid----2089----pid-2089
---ebpf-pid----372714----pid-1
---ebpf-pid----6671----pid-5476
---ebpf-pid----372714----pid-372714
---ebpf-pid----2089----pid-1
---ebpf-pid----2089----pid-2089
---ebpf-pid----6671----pid-1
---ebpf-pid----372714----pid-5476
---ebpf-pid----6671----pid-6671
---ebpf-pid----2089----pid-1
---ebpf-pid----2089----pid-2089
---ebpf-pid----6671----pid-5476
---ebpf-pid----2089----pid-1
---ebpf-pid----6671----pid-1
---ebpf-pid----2089----pid-2089
---ebpf-pid----372714----pid-372714
---ebpf-pid----2089----pid-1
---ebpf-pid----372714----pid-5476
---ebpf-pid----2089----pid-2089
---ebpf-pid----372714----pid-1
---ebpf-pid----2089----pid-1
---ebpf-pid----2089----pid-2089
---ebpf-pid----6671----pid-6671
---ebpf-pid----2089----pid-1
---ebpf-pid----6671----pid-5476
---ebpf-pid----2089----pid-2089
---ebpf-pid----2089----pid-1
---ebpf-pid----372714----pid-1
---ebpf-pid----2089----pid-2089
---ebpf-pid----372714----pid-372714
---ebpf-pid----2089----pid-1
---ebpf-pid----2089----pid-2089
---ebpf-pid----372714----pid-5476
---ebpf-pid----2089----pid-1
---ebpf-pid----372714----pid-1
---ebpf-pid----2089----pid-2089
---ebpf-pid----372714----pid-372714
---ebpf-pid----2089----pid-1
---ebpf-pid----372714----pid-5476
---ebpf-pid----2089----pid-2089
---ebpf-pid----372714----pid-1
---ebpf-pid----2089----pid-1
---ebpf-pid----372714----pid-372714
---ebpf-pid----2089----pid-2089
---ebpf-pid----372714----pid-5476
---ebpf-pid----372714----pid-1
---ebpf-pid----372714----pid-372714
---ebpf-pid----372714----pid-5476
---ebpf-pid----372714----pid-1
---ebpf-pid----372714----pid-372714
---ebpf-pid----372714----pid-5476
---ebpf-pid----372714----pid-1
---ebpf-pid----372714----pid-372714
---ebpf-pid----372714----pid-1
---ebpf-pid----372714----pid-372714
---ebpf-pid----372714----pid-5476
---ebpf-pid----372714----pid-1
---ebpf-pid----6671----pid-1
---ebpf-pid----2089----pid-2089
---ebpf-pid----2089----pid-1
---ebpf-pid----2089----pid-2089
---ebpf-pid----2089----pid-1
---ebpf-pid----2089----pid-2089
---ebpf-pid----2089----pid-1
---ebpf-pid----2089----pid-1
---ebpf-pid----2089----pid-2089
---ebpf-pid----2089----pid-2089
---ebpf-pid----2089----pid-1
---ebpf-pid----2089----pid-2089
---ebpf-pid----372714----pid-5476
---ebpf-pid----2089----pid-1
---ebpf-pid----2089----pid-2089
---ebpf-pid----372714----pid-1
---ebpf-pid----2089----pid-1
---ebpf-pid----372714----pid-372714
---ebpf-pid----2089----pid-2089
---ebpf-pid----372714----pid-5476
---ebpf-pid----2089----pid-1
---ebpf-pid----2089----pid-2089
---ebpf-pid----2089----pid-1
---ebpf-pid----2089----pid-1
---ebpf-pid----2089----pid-2089
---ebpf-pid----2089----pid-1
---ebpf-pid----2089----pid-2089
---ebpf-pid----2089----pid-1
---ebpf-pid----372714----pid-1
---ebpf-pid----2089----pid-2089
---ebpf-pid----372714----pid-372714
---ebpf-pid----2089----pid-1
---ebpf-pid----372714----pid-5476
---ebpf-pid----2089----pid-2089
---ebpf-pid----372714----pid-1
---ebpf-pid----372714----pid-372714
---ebpf-pid----2089----pid-1
---ebpf-pid----2089----pid-2089
---ebpf-pid----372714----pid-5476
---ebpf-pid----2089----pid-1
---ebpf-pid----2089----pid-2089
---ebpf-pid----372714----pid-1
---ebpf-pid----372714----pid-372714
---ebpf-pid----2089----pid-1
---ebpf-pid----2089----pid-2089
---ebpf-pid----372714----pid-5476
---ebpf-pid----2089----pid-1
---ebpf-pid----372714----pid-1
---ebpf-pid----2089----pid-2089
---ebpf-pid----372714----pid-372714
---ebpf-pid----2089----pid-1
---ebpf-pid----2089----pid-2089
---ebpf-pid----372714----pid-5476
---ebpf-pid----2089----pid-1
---ebpf-pid----372714----pid-1
---ebpf-pid----2089----pid-2089
---ebpf-pid----2089----pid-1
---ebpf-pid----2089----pid-2089
---ebpf-pid----2089----pid-1
---ebpf-pid----5705----pid-5705
---ebpf-pid----5705----pid-5476
---ebpf-pid----5705----pid-1
---ebpf-pid----5705----pid-5705
---ebpf-pid----372714----pid-372714
---ebpf-pid----5705----pid-5476
---ebpf-pid----5705----pid-1
---ebpf-pid----372714----pid-5476
---ebpf-pid----5705----pid-5705
---ebpf-pid----372714----pid-1
---ebpf-pid----372714----pid-372714
---ebpf-pid----5705----pid-5476
---ebpf-pid----372714----pid-5476
---ebpf-pid----372714----pid-1
---ebpf-pid----5705----pid-1
---ebpf-pid----372714----pid-372714
---ebpf-pid----5705----pid-5705
---ebpf-pid----372714----pid-5476
---ebpf-pid----5705----pid-5476
---ebpf-pid----372714----pid-1
---ebpf-pid----372714----pid-372714
---ebpf-pid----5705----pid-1
---ebpf-pid----372714----pid-5476
---ebpf-pid----5705----pid-5705
---ebpf-pid----372714----pid-1
---ebpf-pid----5705----pid-5476
---ebpf-pid----372714----pid-372714
---ebpf-pid----372714----pid-5476
---ebpf-pid----5705----pid-1
---ebpf-pid----5705----pid-5705
---ebpf-pid----372714----pid-1
---ebpf-pid----372714----pid-372714
---ebpf-pid----5705----pid-5476
---ebpf-pid----372714----pid-5476
---ebpf-pid----5705----pid-1
---ebpf-pid----372714----pid-1
---ebpf-pid----5705----pid-5705
---ebpf-pid----372714----pid-372714
---ebpf-pid----5705----pid-5476
---ebpf-pid----372714----pid-5476
---ebpf-pid----372714----pid-372714
---ebpf-pid----5705----pid-1
---ebpf-pid----372714----pid-1
---ebpf-pid----5705----pid-5705
---ebpf-pid----372714----pid-372714
---ebpf-pid----372714----pid-5476
---ebpf-pid----372714----pid-5476
---ebpf-pid----5705----pid-5476
---ebpf-pid----372714----pid-1
---ebpf-pid----372714----pid-1
---ebpf-pid----372714----pid-372714
---ebpf-pid----5705----pid-1
---ebpf-pid----372714----pid-372714
---ebpf-pid----5705----pid-5705
---ebpf-pid----372714----pid-5476
---ebpf-pid----372714----pid-5476
---ebpf-pid----5705----pid-5476
---ebpf-pid----372714----pid-1
---ebpf-pid----372714----pid-1
---ebpf-pid----372714----pid-372714
---ebpf-pid----372714----pid-372714
---ebpf-pid----5705----pid-1
---ebpf-pid----5705----pid-5705
---ebpf-pid----372714----pid-5476
---ebpf-pid----372714----pid-5476
---ebpf-pid----372714----pid-1
---ebpf-pid----5705----pid-5476
---ebpf-pid----372714----pid-372714
---ebpf-pid----372714----pid-1
---ebpf-pid----372714----pid-372714
---ebpf-pid----5705----pid-1
---ebpf-pid----372714----pid-5476
---ebpf-pid----5705----pid-5705
---ebpf-pid----372714----pid-1
---ebpf-pid----372714----pid-5476
---ebpf-pid----379067----pid-379067
---ebpf-pid----5705----pid-5476
---ebpf-pid----372714----pid-1
---ebpf-pid----372714----pid-372714
---ebpf-pid----379067----pid-5476
---ebpf-pid----5705----pid-1
---ebpf-pid----2089----pid-2089
---ebpf-pid----5705----pid-5705
---ebpf-pid----379067----pid-1
---ebpf-pid----372714----pid-5476
---ebpf-pid----5705----pid-5476
---ebpf-pid----379067----pid-379067
---ebpf-pid----2089----pid-1
---ebpf-pid----372714----pid-1
---ebpf-pid----2089----pid-2089
---ebpf-pid----5705----pid-1
---ebpf-pid----372714----pid-372714
---ebpf-pid----379067----pid-5476
---ebpf-pid----5638----pid-5638
---ebpf-pid----2089----pid-1
---ebpf-pid----372714----pid-5476
---ebpf-pid----379067----pid-1
---ebpf-pid----2089----pid-2089
---ebpf-pid----5638----pid-1
---ebpf-pid----379067----pid-379067
---ebpf-pid----379067----pid-379067
---ebpf-pid----372714----pid-1
---ebpf-pid----2089----pid-1
---ebpf-pid----372714----pid-372714
---ebpf-pid----2089----pid-2089
---ebpf-pid----379067----pid-5476
---ebpf-pid----379067----pid-5476
---ebpf-pid----372714----pid-5476
---ebpf-pid----2089----pid-1
---ebpf-pid----379067----pid-1
---ebpf-pid----379067----pid-1
---ebpf-pid----2089----pid-2089
---ebpf-pid----379067----pid-379067
---ebpf-pid----379067----pid-379067
---ebpf-pid----372714----pid-1
---ebpf-pid----372714----pid-372714
---ebpf-pid----2089----pid-1
---ebpf-pid----379067----pid-5476
---ebpf-pid----379067----pid-5476
---ebpf-pid----2089----pid-2089
---ebpf-pid----372714----pid-5476
---ebpf-pid----379067----pid-1
---ebpf-pid----379067----pid-1
---ebpf-pid----2089----pid-1
---ebpf-pid----379067----pid-379067
---ebpf-pid----379067----pid-379067
---ebpf-pid----372714----pid-1
---ebpf-pid----372714----pid-372714
---ebpf-pid----379067----pid-5476
---ebpf-pid----2089----pid-2089
---ebpf-pid----379067----pid-1
---ebpf-pid----379067----pid-379067
---ebpf-pid----2089----pid-1
---ebpf-pid----2089----pid-2089
---ebpf-pid----379067----pid-5476
---ebpf-pid----379067----pid-5476
---ebpf-pid----2089----pid-1
---ebpf-pid----379067----pid-1
---ebpf-pid----2089----pid-2089
---ebpf-pid----2094----pid-2094
---ebpf-pid----2089----pid-1
---ebpf-pid----2094----pid-1
---ebpf-pid----379067----pid-1
---ebpf-pid----2089----pid-2089
---ebpf-pid----2094----pid-2094
---ebpf-pid----379067----pid-379067
---ebpf-pid----2089----pid-1
---ebpf-pid----2094----pid-1
---ebpf-pid----2089----pid-2089
---ebpf-pid----379067----pid-5476
---ebpf-pid----2094----pid-2094
---ebpf-pid----2089----pid-1
---ebpf-pid----2089----pid-2089
---ebpf-pid----2094----pid-1
---ebpf-pid----2094----pid-2094
---ebpf-pid----2089----pid-1
---ebpf-pid----2089----pid-2089
---ebpf-pid----2094----pid-1
---ebpf-pid----2089----pid-1
---ebpf-pid----2089----pid-2089
---ebpf-pid----2094----pid-2094
---ebpf-pid----2089----pid-1
---ebpf-pid----2094----pid-1
---ebpf-pid----2089----pid-2089
---ebpf-pid----2094----pid-2094
---ebpf-pid----2089----pid-1
---ebpf-pid----2094----pid-1
---ebpf-pid----2089----pid-2089
---ebpf-pid----2094----pid-2094
---ebpf-pid----2094----pid-1
---ebpf-pid----2094----pid-2094
---ebpf-pid----2094----pid-1
---ebpf-pid----2094----pid-2094
---ebpf-pid----2094----pid-1
---ebpf-pid----2094----pid-2094
---ebpf-pid----2094----pid-1
---ebpf-pid----2094----pid-2094
---ebpf-pid----2094----pid-1
---ebpf-pid----2094----pid-2094
---ebpf-pid----2094----pid-1
---ebpf-pid----2094----pid-2094
---ebpf-pid----2094----pid-1
---ebpf-pid----2094----pid-2094
---ebpf-pid----2094----pid-1
---ebpf-pid----2094----pid-2094
---ebpf-pid----2094----pid-1
---ebpf-pid----2094----pid-2094
---ebpf-pid----2094----pid-1
---ebpf-pid----2094----pid-2094
---ebpf-pid----2094----pid-1
---ebpf-pid----2089----pid-1
---ebpf-pid----2089----pid-2089
---ebpf-pid----2094----pid-2094
---ebpf-pid----2094----pid-1
---ebpf-pid----379067----pid-1
---ebpf-pid----379067----pid-379067
---ebpf-pid----2089----pid-1
---ebpf-pid----2089----pid-2089
---ebpf-pid----2089----pid-1
---ebpf-pid----2089----pid-2089
---ebpf-pid----2089----pid-1
---ebpf-pid----2089----pid-2089
---ebpf-pid----2089----pid-1
---ebpf-pid----2089----pid-2089
---ebpf-pid----2089----pid-1
---ebpf-pid----2089----pid-2089
---ebpf-pid----2089----pid-1
---ebpf-pid----2089----pid-2089
---ebpf-pid----2089----pid-1
---ebpf-pid----2094----pid-2094
---ebpf-pid----379067----pid-5476
---ebpf-pid----2094----pid-1
---ebpf-pid----2094----pid-2094
---ebpf-pid----2094----pid-1
---ebpf-pid----2094----pid-2094
---ebpf-pid----2094----pid-1
---ebpf-pid----2094----pid-2094
---ebpf-pid----2094----pid-1
---ebpf-pid----2094----pid-2094
---ebpf-pid----2094----pid-1
---ebpf-pid----2094----pid-2094
---ebpf-pid----2094----pid-1
---ebpf-pid----2094----pid-2094
---ebpf-pid----2094----pid-1
---ebpf-pid----2094----pid-2094
---ebpf-pid----2094----pid-1
---ebpf-pid----2094----pid-2094
---ebpf-pid----2094----pid-1
---ebpf-pid----2094----pid-2094
---ebpf-pid----2094----pid-1
---ebpf-pid----2094----pid-2094
---ebpf-pid----2094----pid-1
---ebpf-pid----2094----pid-2094
---ebpf-pid----2094----pid-1
---ebpf-pid----379067----pid-1
---ebpf-pid----2094----pid-2094
---ebpf-pid----379067----pid-379067
---ebpf-pid----2094----pid-1
---ebpf-pid----2094----pid-2094
---ebpf-pid----379067----pid-5476
---ebpf-pid----2094----pid-1
---ebpf-pid----379067----pid-1
---ebpf-pid----2094----pid-2094
---ebpf-pid----448784----pid-448784
---ebpf-pid----2094----pid-1
---ebpf-pid----2094----pid-2094
---ebpf-pid----448784----pid-448520
---ebpf-pid----2094----pid-1
---ebpf-pid----448784----pid-1
---ebpf-pid----448784----pid-448784
---ebpf-pid----2094----pid-2094
---ebpf-pid----448784----pid-448520
---ebpf-pid----2094----pid-1
---ebpf-pid----2094----pid-2094
---ebpf-pid----448784----pid-1
---ebpf-pid----448784----pid-448784
---ebpf-pid----2094----pid-1
---ebpf-pid----448784----pid-448520
---ebpf-pid----2094----pid-2094
---ebpf-pid----448784----pid-1
---ebpf-pid----2094----pid-1
---ebpf-pid----448784----pid-448784
---ebpf-pid----2094----pid-2094
---ebpf-pid----448784----pid-448520
---ebpf-pid----2094----pid-1
---ebpf-pid----379067----pid-379067
---ebpf-pid----448784----pid-1
---ebpf-pid----448784----pid-448784
---ebpf-pid----379067----pid-5476
---ebpf-pid----448784----pid-448520
---ebpf-pid----379067----pid-1
---ebpf-pid----448784----pid-1
---ebpf-pid----379067----pid-379067
---ebpf-pid----448784----pid-448784
---ebpf-pid----448784----pid-448520
---ebpf-pid----448784----pid-1
---ebpf-pid----448784----pid-448784
---ebpf-pid----372714----pid-5476
---ebpf-pid----448784----pid-448520
---ebpf-pid----448784----pid-1
---ebpf-pid----448782----pid-448782
---ebpf-pid----372714----pid-1
---ebpf-pid----372714----pid-372714
---ebpf-pid----448782----pid-448520
---ebpf-pid----372714----pid-5476
---ebpf-pid----448782----pid-1
---ebpf-pid----372714----pid-1
---ebpf-pid----448782----pid-448782
---ebpf-pid----372714----pid-372714
---ebpf-pid----448782----pid-448520
---ebpf-pid----372714----pid-5476
---ebpf-pid----372714----pid-1
---ebpf-pid----372714----pid-372714
---ebpf-pid----372714----pid-5476
---ebpf-pid----372714----pid-1
---ebpf-pid----372714----pid-372714
---ebpf-pid----372714----pid-5476
---ebpf-pid----372714----pid-1
---ebpf-pid----372714----pid-372714
---ebpf-pid----372714----pid-5476
---ebpf-pid----372714----pid-1
---ebpf-pid----372714----pid-372714
---ebpf-pid----372714----pid-5476
---ebpf-pid----372714----pid-1
---ebpf-pid----372714----pid-372714
---ebpf-pid----2089----pid-2089
---ebpf-pid----2089----pid-1
---ebpf-pid----2089----pid-2089
---ebpf-pid----448782----pid-1
---ebpf-pid----379067----pid-5476
---ebpf-pid----2089----pid-1
---ebpf-pid----448783----pid-448783
---ebpf-pid----2089----pid-2089
---ebpf-pid----379067----pid-1
---ebpf-pid----448783----pid-448520
---ebpf-pid----379067----pid-379067
---ebpf-pid----2089----pid-1
---ebpf-pid----2089----pid-2089
---ebpf-pid----448783----pid-1
---ebpf-pid----379067----pid-5476
---ebpf-pid----448783----pid-448783
---ebpf-pid----2089----pid-1
---ebpf-pid----2089----pid-2089
---ebpf-pid----379067----pid-1
---ebpf-pid----448783----pid-448520
---ebpf-pid----379067----pid-379067
---ebpf-pid----2089----pid-1
---ebpf-pid----2089----pid-2089
---ebpf-pid----448783----pid-1
---ebpf-pid----379067----pid-5476
---ebpf-pid----372881----pid-372881
---ebpf-pid----2089----pid-1
---ebpf-pid----379067----pid-1
---ebpf-pid----5707----pid-5707
---ebpf-pid----372881----pid-1
---ebpf-pid----379067----pid-379067
---ebpf-pid----5707----pid-5476
---ebpf-pid----379067----pid-5476
---ebpf-pid----5707----pid-1
---ebpf-pid----5707----pid-5707
---ebpf-pid----379067----pid-1
---ebpf-pid----379067----pid-379067
---ebpf-pid----5707----pid-5476
---ebpf-pid----379067----pid-5476
---ebpf-pid----5707----pid-1
---ebpf-pid----2089----pid-2089
---ebpf-pid----379067----pid-1
---ebpf-pid----379067----pid-379067
---ebpf-pid----2089----pid-1
---ebpf-pid----379067----pid-5476
---ebpf-pid----2089----pid-2089
---ebpf-pid----379067----pid-1
---ebpf-pid----2089----pid-1
---ebpf-pid----379067----pid-379067
---ebpf-pid----2089----pid-2089
---ebpf-pid----379067----pid-5476
---ebpf-pid----2089----pid-1
---ebpf-pid----2089----pid-2089
---ebpf-pid----379067----pid-1
---ebpf-pid----379067----pid-379067
---ebpf-pid----2089----pid-1
---ebpf-pid----2089----pid-2089
---ebpf-pid----379067----pid-5476
---ebpf-pid----2089----pid-1
---ebpf-pid----2089----pid-2089
---ebpf-pid----379067----pid-1
---ebpf-pid----379067----pid-379067
---ebpf-pid----2089----pid-1
---ebpf-pid----2089----pid-2089
---ebpf-pid----379067----pid-5476
---ebpf-pid----2089----pid-1
---ebpf-pid----379067----pid-1
---ebpf-pid----2089----pid-2089
---ebpf-pid----379067----pid-379067
---ebpf-pid----2089----pid-2089
---ebpf-pid----379067----pid-5476
---ebpf-pid----2089----pid-1
---ebpf-pid----2089----pid-2089
---ebpf-pid----379067----pid-1
---ebpf-pid----2089----pid-1
---ebpf-pid----379067----pid-379067
---ebpf-pid----2089----pid-1
---ebpf-pid----2089----pid-2089
---ebpf-pid----2089----pid-2089
---ebpf-pid----2089----pid-1
---ebpf-pid----379067----pid-5476
---ebpf-pid----2089----pid-2089
---ebpf-pid----2089----pid-1
---ebpf-pid----2089----pid-2089
---ebpf-pid----379067----pid-1
---ebpf-pid----379067----pid-379067
---ebpf-pid----2089----pid-1
---ebpf-pid----2089----pid-2089
---ebpf-pid----2089----pid-1
---ebpf-pid----379067----pid-5476
---ebpf-pid----2089----pid-1
---ebpf-pid----2089----pid-2089
---ebpf-pid----2089----pid-2089
---ebpf-pid----379067----pid-1
---ebpf-pid----379067----pid-379067
---ebpf-pid----2089----pid-1
---ebpf-pid----2089----pid-1
---ebpf-pid----2089----pid-2089
---ebpf-pid----2089----pid-2089
---ebpf-pid----379067----pid-5476
---ebpf-pid----2089----pid-1
---ebpf-pid----2089----pid-2089
---ebpf-pid----379067----pid-1
---ebpf-pid----379067----pid-379067
---ebpf-pid----2089----pid-1
---ebpf-pid----2089----pid-2089
---ebpf-pid----379067----pid-5476
---ebpf-pid----2089----pid-1
---ebpf-pid----379067----pid-1
---ebpf-pid----2089----pid-2089
---ebpf-pid----379067----pid-379067
---ebpf-pid----372714----pid-5476
---ebpf-pid----2089----pid-1
---ebpf-pid----379067----pid-5476
---ebpf-pid----2089----pid-2089
---ebpf-pid----372714----pid-1
---ebpf-pid----372714----pid-372714
---ebpf-pid----379067----pid-1
---ebpf-pid----2089----pid-1
---ebpf-pid----379067----pid-379067
---ebpf-pid----2089----pid-2089
---ebpf-pid----372714----pid-5476
---ebpf-pid----2089----pid-1
---ebpf-pid----2089----pid-2089
---ebpf-pid----372714----pid-1
---ebpf-pid----372714----pid-372714
---ebpf-pid----2089----pid-1
---ebpf-pid----2089----pid-2089
---ebpf-pid----379067----pid-5476
---ebpf-pid----2089----pid-1
---ebpf-pid----2089----pid-2089
---ebpf-pid----372714----pid-5476
---ebpf-pid----2089----pid-1
---ebpf-pid----2089----pid-2089
---ebpf-pid----372714----pid-1
---ebpf-pid----372714----pid-372714
---ebpf-pid----2089----pid-1
---ebpf-pid----2089----pid-2089
---ebpf-pid----372714----pid-5476
---ebpf-pid----2089----pid-1
---ebpf-pid----2089----pid-2089
---ebpf-pid----372714----pid-1
---ebpf-pid----372714----pid-372714
---ebpf-pid----2089----pid-1
---ebpf-pid----2089----pid-2089
---ebpf-pid----372714----pid-5476
---ebpf-pid----2089----pid-1
---ebpf-pid----372714----pid-1
---ebpf-pid----2089----pid-2089
---ebpf-pid----372714----pid-372714
---ebpf-pid----2089----pid-1
---ebpf-pid----372714----pid-5476
---ebpf-pid----2089----pid-2089
---ebpf-pid----372714----pid-1
---ebpf-pid----2089----pid-1
---ebpf-pid----372714----pid-372714
---ebpf-pid----2094----pid-2094
---ebpf-pid----372714----pid-5476
---ebpf-pid----2094----pid-1
---ebpf-pid----2094----pid-2094
---ebpf-pid----372714----pid-1
---ebpf-pid----372714----pid-372714
---ebpf-pid----2094----pid-1
---ebpf-pid----2094----pid-2094
---ebpf-pid----372714----pid-5476
---ebpf-pid----2094----pid-1
---ebpf-pid----2094----pid-2094
---ebpf-pid----372714----pid-1
---ebpf-pid----372714----pid-372714
---ebpf-pid----2094----pid-1
---ebpf-pid----372714----pid-5476
---ebpf-pid----2094----pid-2094
---ebpf-pid----372714----pid-1
---ebpf-pid----2094----pid-1
---ebpf-pid----372714----pid-372714
---ebpf-pid----2094----pid-2094
---ebpf-pid----2089----pid-1
---ebpf-pid----2089----pid-2089
---ebpf-pid----2089----pid-1
---ebpf-pid----2089----pid-2089
---ebpf-pid----2089----pid-1
---ebpf-pid----2089----pid-2089
---ebpf-pid----2089----pid-1
---ebpf-pid----2089----pid-2089
---ebpf-pid----379067----pid-1
---ebpf-pid----2089----pid-1
---ebpf-pid----379067----pid-379067
---ebpf-pid----2089----pid-2089
---ebpf-pid----379067----pid-5476
---ebpf-pid----2089----pid-1
---ebpf-pid----2089----pid-2089
---ebpf-pid----379067----pid-1
---ebpf-pid----379067----pid-379067
---ebpf-pid----2089----pid-1
---ebpf-pid----379067----pid-5476
---ebpf-pid----2089----pid-2089
---ebpf-pid----379067----pid-1
---ebpf-pid----379067----pid-379067
---ebpf-pid----2089----pid-1
---ebpf-pid----2089----pid-2089
---ebpf-pid----379067----pid-5476
---ebpf-pid----2089----pid-1
---ebpf-pid----379067----pid-1
---ebpf-pid----2089----pid-2089
---ebpf-pid----379067----pid-379067
---ebpf-pid----2089----pid-1
---ebpf-pid----379067----pid-5476
---ebpf-pid----2089----pid-2089
---ebpf-pid----379067----pid-1
---ebpf-pid----2089----pid-1
---ebpf-pid----379067----pid-379067
---ebpf-pid----2089----pid-2089
---ebpf-pid----379067----pid-5476
---ebpf-pid----2089----pid-1
---ebpf-pid----2089----pid-2089
---ebpf-pid----379067----pid-1
---ebpf-pid----372881----pid-372881
---ebpf-pid----2089----pid-1
---ebpf-pid----2089----pid-2089
---ebpf-pid----372881----pid-1
---ebpf-pid----372881----pid-372881
---ebpf-pid----2089----pid-1
---ebpf-pid----2089----pid-2089
---ebpf-pid----372881----pid-1
---ebpf-pid----379067----pid-379067
---ebpf-pid----2089----pid-1
---ebpf-pid----2089----pid-2089
---ebpf-pid----379067----pid-5476
---ebpf-pid----2089----pid-1
---ebpf-pid----379067----pid-1
---ebpf-pid----2089----pid-2089
---ebpf-pid----379067----pid-379067
---ebpf-pid----379067----pid-5476
---ebpf-pid----2089----pid-1
---ebpf-pid----2089----pid-2089
---ebpf-pid----379067----pid-1
---ebpf-pid----448783----pid-448783
---ebpf-pid----2089----pid-1
---ebpf-pid----2089----pid-2089
---ebpf-pid----448783----pid-448520
---ebpf-pid----2089----pid-1
---ebpf-pid----448783----pid-1
---ebpf-pid----2089----pid-2089
---ebpf-pid----448783----pid-448783
---ebpf-pid----2089----pid-1
---ebpf-pid----448783----pid-448520
---ebpf-pid----2089----pid-2089
---ebpf-pid----448783----pid-1
---ebpf-pid----372881----pid-372881
---ebpf-pid----372881----pid-1
---ebpf-pid----372881----pid-372881
---ebpf-pid----2094----pid-1
---ebpf-pid----372881----pid-1
---ebpf-pid----2094----pid-2094
---ebpf-pid----372881----pid-372881
---ebpf-pid----372881----pid-1
---ebpf-pid----2094----pid-1
---ebpf-pid----448783----pid-448783
---ebpf-pid----2094----pid-2094
---ebpf-pid----448783----pid-448520
---ebpf-pid----2094----pid-1
---ebpf-pid----2094----pid-2094
---ebpf-pid----448783----pid-1
---ebpf-pid----5637----pid-5637
---ebpf-pid----2094----pid-1
---ebpf-pid----2094----pid-2094
---ebpf-pid----5637----pid-1
---ebpf-pid----5637----pid-5637
---ebpf-pid----2094----pid-1
---ebpf-pid----2094----pid-2094
---ebpf-pid----5637----pid-1
---ebpf-pid----6671----pid-6671
---ebpf-pid----2094----pid-1
---ebpf-pid----2094----pid-2094
---ebpf-pid----6671----pid-5476
---ebpf-pid----2094----pid-1
---ebpf-pid----2094----pid-2094
---ebpf-pid----6671----pid-1
---ebpf-pid----6671----pid-6671
---ebpf-pid----2094----pid-1
---ebpf-pid----2094----pid-2094
---ebpf-pid----6671----pid-5476
---ebpf-pid----2094----pid-1
---ebpf-pid----6671----pid-1
---ebpf-pid----2094----pid-2094
---ebpf-pid----6671----pid-6671
---ebpf-pid----6671----pid-5476
---ebpf-pid----2094----pid-1
---ebpf-pid----2094----pid-2094
---ebpf-pid----6671----pid-1
---ebpf-pid----6671----pid-6671
---ebpf-pid----2094----pid-1
---ebpf-pid----2094----pid-2094
---ebpf-pid----6671----pid-5476
---ebpf-pid----6671----pid-1
---ebpf-pid----2094----pid-1
---ebpf-pid----6671----pid-6671
---ebpf-pid----2094----pid-2094
---ebpf-pid----6671----pid-5476
---ebpf-pid----2094----pid-1
---ebpf-pid----6671----pid-1
---ebpf-pid----2094----pid-2094
---ebpf-pid----6671----pid-6671
---ebpf-pid----2094----pid-1
---ebpf-pid----6671----pid-5476
---ebpf-pid----2094----pid-2094
---ebpf-pid----6671----pid-1
---ebpf-pid----2094----pid-1
---ebpf-pid----6671----pid-6671
---ebpf-pid----2094----pid-2094
---ebpf-pid----6671----pid-5476
---ebpf-pid----2094----pid-1
---ebpf-pid----2094----pid-2094
---ebpf-pid----6671----pid-1
---ebpf-pid----6671----pid-6671
---ebpf-pid----2094----pid-1
---ebpf-pid----2094----pid-2094
---ebpf-pid----6671----pid-5476
---ebpf-pid----2094----pid-1
---ebpf-pid----6671----pid-1
---ebpf-pid----2094----pid-2094
---ebpf-pid----2089----pid-2089
---ebpf-pid----2089----pid-1
---ebpf-pid----2094----pid-1
---ebpf-pid----2089----pid-2089
---ebpf-pid----2094----pid-2094
---ebpf-pid----2089----pid-1
---ebpf-pid----2089----pid-2089
---ebpf-pid----2094----pid-1
---ebpf-pid----2094----pid-2094
---ebpf-pid----2089----pid-1
---ebpf-pid----2089----pid-2089
---ebpf-pid----2094----pid-1
---ebpf-pid----2094----pid-2094
---ebpf-pid----2089----pid-1
---ebpf-pid----2089----pid-2089
---ebpf-pid----2089----pid-1
---ebpf-pid----2089----pid-2089
---ebpf-pid----2089----pid-1
---ebpf-pid----2089----pid-2089
---ebpf-pid----2089----pid-1
---ebpf-pid----2089----pid-2089
---ebpf-pid----2089----pid-1
---ebpf-pid----2089----pid-2089
---ebpf-pid----2089----pid-1
---ebpf-pid----2089----pid-2089
---ebpf-pid----2089----pid-1
---ebpf-pid----2089----pid-2089
---ebpf-pid----2089----pid-1
---ebpf-pid----2089----pid-1
---ebpf-pid----2089----pid-2089
---ebpf-pid----2094----pid-2094
---ebpf-pid----2089----pid-1
---ebpf-pid----2094----pid-1
---ebpf-pid----2089----pid-2089
---ebpf-pid----2094----pid-2094
---ebpf-pid----2089----pid-1
---ebpf-pid----2094----pid-1
---ebpf-pid----2089----pid-2089
---ebpf-pid----2094----pid-2094
---ebpf-pid----2089----pid-1
---ebpf-pid----2094----pid-1
---ebpf-pid----2089----pid-2089
---ebpf-pid----2094----pid-2094
---ebpf-pid----2089----pid-1
---ebpf-pid----2094----pid-1
---ebpf-pid----2089----pid-2089
---ebpf-pid----2094----pid-2094
---ebpf-pid----2094----pid-1
---ebpf-pid----2089----pid-1
---ebpf-pid----2094----pid-2094
---ebpf-pid----2089----pid-2089
---ebpf-pid----2094----pid-1
---ebpf-pid----2094----pid-2094
---ebpf-pid----2094----pid-1
---ebpf-pid----2089----pid-1
---ebpf-pid----2094----pid-2094
---ebpf-pid----2089----pid-2089
---ebpf-pid----2094----pid-1
---ebpf-pid----2094----pid-2094
---ebpf-pid----2094----pid-1
---ebpf-pid----2089----pid-1
---ebpf-pid----2094----pid-2094
---ebpf-pid----6671----pid-6671
---ebpf-pid----2094----pid-1
---ebpf-pid----2094----pid-2094
---ebpf-pid----6671----pid-5476
---ebpf-pid----2094----pid-1
---ebpf-pid----2094----pid-1
---ebpf-pid----2094----pid-2094
---ebpf-pid----2094----pid-2094
---ebpf-pid----2094----pid-1
---ebpf-pid----2094----pid-1
---ebpf-pid----6671----pid-1
---ebpf-pid----2094----pid-2094
---ebpf-pid----6671----pid-6671
---ebpf-pid----2094----pid-1
---ebpf-pid----6671----pid-5476
---ebpf-pid----2094----pid-2094
---ebpf-pid----6671----pid-1
---ebpf-pid----2094----pid-1
---ebpf-pid----6671----pid-6671
---ebpf-pid----2094----pid-2094
---ebpf-pid----6671----pid-5476
---ebpf-pid----2094----pid-1
---ebpf-pid----6671----pid-1
---ebpf-pid----2094----pid-2094
---ebpf-pid----6671----pid-6671
---ebpf-pid----2094----pid-1
---ebpf-pid----6671----pid-5476
---ebpf-pid----2094----pid-2094
---ebpf-pid----6671----pid-1
---ebpf-pid----2094----pid-1
---ebpf-pid----6671----pid-6671
---ebpf-pid----2094----pid-2094
---ebpf-pid----6671----pid-5476
---ebpf-pid----2094----pid-1
---ebpf-pid----6671----pid-1
---ebpf-pid----2094----pid-2094
---ebpf-pid----6671----pid-6671
---ebpf-pid----6671----pid-5476
---ebpf-pid----2094----pid-1
---ebpf-pid----2094----pid-2094
---ebpf-pid----6671----pid-1
---ebpf-pid----6671----pid-6671
---ebpf-pid----2094----pid-1
---ebpf-pid----2094----pid-2094
---ebpf-pid----6671----pid-5476
---ebpf-pid----6671----pid-1
---ebpf-pid----2094----pid-1
---ebpf-pid----6671----pid-6671
---ebpf-pid----2094----pid-2094
---ebpf-pid----6671----pid-5476
---ebpf-pid----2094----pid-1
---ebpf-pid----2094----pid-2094
---ebpf-pid----6671----pid-1
---ebpf-pid----6671----pid-6671
---ebpf-pid----2094----pid-1
---ebpf-pid----2094----pid-2094
---ebpf-pid----6671----pid-5476
---ebpf-pid----6671----pid-1
---ebpf-pid----2094----pid-1
---ebpf-pid----6671----pid-6671
---ebpf-pid----2094----pid-2094
---ebpf-pid----6671----pid-5476
---ebpf-pid----2094----pid-1
---ebpf-pid----6671----pid-1
---ebpf-pid----2094----pid-2094
---ebpf-pid----5705----pid-5705
---ebpf-pid----5705----pid-5476
---ebpf-pid----2094----pid-1
---ebpf-pid----2094----pid-2094
---ebpf-pid----5705----pid-1
---ebpf-pid----5705----pid-5705
---ebpf-pid----2094----pid-1
---ebpf-pid----2094----pid-2094
---ebpf-pid----5705----pid-5476
---ebpf-pid----2094----pid-1
---ebpf-pid----5705----pid-1
---ebpf-pid----2094----pid-2094
---ebpf-pid----372714----pid-372714
---ebpf-pid----2094----pid-1
---ebpf-pid----372714----pid-5476
---ebpf-pid----2094----pid-2094
---ebpf-pid----372714----pid-1
---ebpf-pid----372714----pid-372714
---ebpf-pid----2094----pid-1
---ebpf-pid----2094----pid-2094
---ebpf-pid----372714----pid-5476
---ebpf-pid----2094----pid-1
---ebpf-pid----2094----pid-2094
---ebpf-pid----2094----pid-2094
---ebpf-pid----372714----pid-1
---ebpf-pid----372714----pid-372714
---ebpf-pid----2094----pid-1
---ebpf-pid----2094----pid-1
---ebpf-pid----2094----pid-2094
---ebpf-pid----372714----pid-5476
---ebpf-pid----2094----pid-1
---ebpf-pid----372714----pid-5476
---ebpf-pid----2094----pid-2094
---ebpf-pid----372714----pid-1
---ebpf-pid----372714----pid-372714
---ebpf-pid----372714----pid-1
---ebpf-pid----2094----pid-1
---ebpf-pid----372714----pid-372714
---ebpf-pid----2094----pid-2094
---ebpf-pid----372714----pid-5476
---ebpf-pid----2094----pid-1
---ebpf-pid----372714----pid-5476
---ebpf-pid----2094----pid-2094
---ebpf-pid----372714----pid-1
---ebpf-pid----372714----pid-372714
---ebpf-pid----372714----pid-1
---ebpf-pid----2094----pid-1
---ebpf-pid----372714----pid-372714
---ebpf-pid----2094----pid-2094
---ebpf-pid----372714----pid-5476
---ebpf-pid----372714----pid-5476
---ebpf-pid----2094----pid-1
---ebpf-pid----372714----pid-1
---ebpf-pid----2094----pid-2094
---ebpf-pid----372714----pid-372714
---ebpf-pid----372714----pid-1
---ebpf-pid----5705----pid-5705
---ebpf-pid----2094----pid-1
---ebpf-pid----372714----pid-5476
---ebpf-pid----2094----pid-2094
---ebpf-pid----5705----pid-5476
---ebpf-pid----372714----pid-1
---ebpf-pid----2094----pid-1
---ebpf-pid----372714----pid-372714
---ebpf-pid----2094----pid-2094
---ebpf-pid----5705----pid-1
---ebpf-pid----5705----pid-5705
---ebpf-pid----372714----pid-5476
---ebpf-pid----2094----pid-1
---ebpf-pid----2094----pid-2094
---ebpf-pid----5705----pid-5476
---ebpf-pid----372714----pid-1
---ebpf-pid----2094----pid-1
---ebpf-pid----448784----pid-448784
---ebpf-pid----5705----pid-1
---ebpf-pid----2094----pid-2094
---ebpf-pid----372714----pid-372714
---ebpf-pid----448784----pid-448520
---ebpf-pid----2094----pid-1
---ebpf-pid----372714----pid-5476
---ebpf-pid----2094----pid-2094
---ebpf-pid----448784----pid-1
---ebpf-pid----448784----pid-448784
---ebpf-pid----2094----pid-1
---ebpf-pid----372714----pid-1
---ebpf-pid----2094----pid-2094
---ebpf-pid----5705----pid-5705
---ebpf-pid----448784----pid-448520
---ebpf-pid----2094----pid-1
---ebpf-pid----5705----pid-5476
---ebpf-pid----2094----pid-2094
---ebpf-pid----448784----pid-1
---ebpf-pid----448784----pid-448784
---ebpf-pid----5705----pid-1
---ebpf-pid----2094----pid-1
---ebpf-pid----5705----pid-5705
---ebpf-pid----2094----pid-2094
---ebpf-pid----448784----pid-448520
---ebpf-pid----5705----pid-5476
---ebpf-pid----2094----pid-1
---ebpf-pid----448784----pid-1
---ebpf-pid----2094----pid-2094
---ebpf-pid----14----pid-14
---ebpf-pid----5705----pid-1
---ebpf-pid----372714----pid-372714
---ebpf-pid----14----pid-2
---ebpf-pid----448784----pid-448784
---ebpf-pid----448784----pid-448520
---ebpf-pid----448784----pid-1
---ebpf-pid----448784----pid-448784
---ebpf-pid----448784----pid-448520
---ebpf-pid----448784----pid-1
---ebpf-pid----379067----pid-379067
---ebpf-pid----379067----pid-5476
---ebpf-pid----379067----pid-1
---ebpf-pid----379067----pid-379067
---ebpf-pid----379067----pid-5476
---ebpf-pid----379067----pid-1
---ebpf-pid----379067----pid-379067
---ebpf-pid----379067----pid-5476
---ebpf-pid----379067----pid-1
---ebpf-pid----379067----pid-379067
---ebpf-pid----379067----pid-5476
---ebpf-pid----379067----pid-1
---ebpf-pid----379067----pid-379067
---ebpf-pid----379067----pid-5476
---ebpf-pid----379067----pid-1
---ebpf-pid----448784----pid-448784
---ebpf-pid----448784----pid-448520
---ebpf-pid----448784----pid-1
---ebpf-pid----379067----pid-379067
---ebpf-pid----379067----pid-5476
---ebpf-pid----379067----pid-1
---ebpf-pid----372714----pid-372714
---ebpf-pid----372714----pid-5476
---ebpf-pid----372714----pid-1
---ebpf-pid----372714----pid-372714
---ebpf-pid----372714----pid-5476
---ebpf-pid----372714----pid-5476
---ebpf-pid----372714----pid-1
---ebpf-pid----372714----pid-1
---ebpf-pid----379067----pid-379067
---ebpf-pid----372714----pid-372714
---ebpf-pid----379067----pid-5476
---ebpf-pid----372714----pid-5476
---ebpf-pid----379067----pid-1
---ebpf-pid----379067----pid-379067
---ebpf-pid----372714----pid-1
---ebpf-pid----372714----pid-372714
---ebpf-pid----379067----pid-5476
---ebpf-pid----372714----pid-5476
---ebpf-pid----379067----pid-1
---ebpf-pid----379067----pid-379067
---ebpf-pid----372714----pid-1
---ebpf-pid----5705----pid-5705
---ebpf-pid----379067----pid-5476
---ebpf-pid----5705----pid-5476
---ebpf-pid----379067----pid-1
---ebpf-pid----2094----pid-2094
---ebpf-pid----379067----pid-379067
---ebpf-pid----5705----pid-1
---ebpf-pid----5705----pid-5705
---ebpf-pid----379067----pid-5476
---ebpf-pid----5705----pid-5476
---ebpf-pid----2094----pid-1
---ebpf-pid----379067----pid-1
---ebpf-pid----2094----pid-2094
---ebpf-pid----379067----pid-379067
---ebpf-pid----5705----pid-1
---ebpf-pid----372714----pid-372714
---ebpf-pid----2094----pid-1
---ebpf-pid----379067----pid-5476
---ebpf-pid----2094----pid-2094
---ebpf-pid----372714----pid-5476
---ebpf-pid----2094----pid-1
---ebpf-pid----379067----pid-1
---ebpf-pid----2094----pid-2094
---ebpf-pid----448782----pid-448782
---ebpf-pid----372714----pid-1
---ebpf-pid----372714----pid-372714
---ebpf-pid----2094----pid-1
---ebpf-pid----448782----pid-448520
---ebpf-pid----2094----pid-2094
---ebpf-pid----372714----pid-5476
---ebpf-pid----448782----pid-1
---ebpf-pid----2094----pid-1
---ebpf-pid----372714----pid-1
---ebpf-pid----448782----pid-448782
---ebpf-pid----2094----pid-2094
---ebpf-pid----5705----pid-5705
---ebpf-pid----2094----pid-1
---ebpf-pid----448782----pid-448520
---ebpf-pid----2094----pid-2094
---ebpf-pid----5705----pid-5476
---ebpf-pid----5705----pid-1
---ebpf-pid----5705----pid-5705
---ebpf-pid----448782----pid-1
---ebpf-pid----448784----pid-448784
---ebpf-pid----5705----pid-5476
---ebpf-pid----448784----pid-448520
---ebpf-pid----5705----pid-1
---ebpf-pid----372714----pid-372714
---ebpf-pid----448784----pid-1
---ebpf-pid----448784----pid-448784
---ebpf-pid----372714----pid-5476
---ebpf-pid----2094----pid-1
---ebpf-pid----2094----pid-2094
---ebpf-pid----448784----pid-448520
---ebpf-pid----372714----pid-1
---ebpf-pid----372714----pid-372714
---ebpf-pid----2094----pid-1
---ebpf-pid----448784----pid-1
---ebpf-pid----2094----pid-2094
---ebpf-pid----448784----pid-448784
---ebpf-pid----372714----pid-5476
---ebpf-pid----2094----pid-1
---ebpf-pid----448784----pid-448520
---ebpf-pid----2094----pid-2094
---ebpf-pid----372714----pid-1
---ebpf-pid----372714----pid-372714
---ebpf-pid----448784----pid-1
---ebpf-pid----448784----pid-448784
---ebpf-pid----372714----pid-5476
---ebpf-pid----2094----pid-1
---ebpf-pid----2094----pid-2094
---ebpf-pid----448784----pid-448520
---ebpf-pid----372714----pid-1
---ebpf-pid----2094----pid-1
---ebpf-pid----448784----pid-1
---ebpf-pid----2094----pid-2094
---ebpf-pid----448784----pid-448784
---ebpf-pid----448784----pid-448520
---ebpf-pid----448784----pid-1
---ebpf-pid----448784----pid-448784
---ebpf-pid----2094----pid-1
---ebpf-pid----448784----pid-448520
---ebpf-pid----2094----pid-2094
---ebpf-pid----448784----pid-1
---ebpf-pid----448782----pid-448782
---ebpf-pid----2094----pid-1
---ebpf-pid----2094----pid-2094
---ebpf-pid----448782----pid-448520
---ebpf-pid----2094----pid-1
---ebpf-pid----448782----pid-1
---ebpf-pid----2094----pid-2094
---ebpf-pid----448784----pid-448784
---ebpf-pid----2094----pid-1
---ebpf-pid----448784----pid-448520
---ebpf-pid----2094----pid-2094
---ebpf-pid----448784----pid-1
---ebpf-pid----448784----pid-448784
---ebpf-pid----2094----pid-1
---ebpf-pid----2094----pid-2094
---ebpf-pid----448784----pid-448520
---ebpf-pid----2094----pid-1
---ebpf-pid----2094----pid-2094
---ebpf-pid----2094----pid-1
---ebpf-pid----448784----pid-1
---ebpf-pid----2094----pid-2094
---ebpf-pid----448784----pid-448784
---ebpf-pid----448784----pid-448520
---ebpf-pid----2094----pid-1
---ebpf-pid----2094----pid-2094
---ebpf-pid----448784----pid-1
---ebpf-pid----448784----pid-448784
---ebpf-pid----2094----pid-1
---ebpf-pid----2094----pid-2094
---ebpf-pid----448784----pid-448520
---ebpf-pid----2094----pid-1
---ebpf-pid----448784----pid-1
---ebpf-pid----2094----pid-2094
---ebpf-pid----448784----pid-448784
---ebpf-pid----448784----pid-448520
---ebpf-pid----2094----pid-1
---ebpf-pid----2094----pid-2094
---ebpf-pid----448784----pid-1
---ebpf-pid----448784----pid-448784
---ebpf-pid----2094----pid-1
---ebpf-pid----2094----pid-2094
---ebpf-pid----448784----pid-448520
---ebpf-pid----2094----pid-1
---ebpf-pid----448784----pid-1
---ebpf-pid----448784----pid-448784
---ebpf-pid----2094----pid-2094
---ebpf-pid----448784----pid-448520
---ebpf-pid----2094----pid-1
---ebpf-pid----2094----pid-2094
---ebpf-pid----448784----pid-1
---ebpf-pid----448784----pid-448784
---ebpf-pid----2094----pid-1
---ebpf-pid----448784----pid-448520
---ebpf-pid----2094----pid-2094
---ebpf-pid----448784----pid-1
---ebpf-pid----2094----pid-1
---ebpf-pid----448784----pid-448784
---ebpf-pid----2094----pid-2094
---ebpf-pid----448784----pid-448520
---ebpf-pid----2094----pid-1
---ebpf-pid----448784----pid-1
---ebpf-pid----2094----pid-2094
---ebpf-pid----448784----pid-448784
---ebpf-pid----2094----pid-1
---ebpf-pid----448784----pid-448520
---ebpf-pid----2094----pid-2094
---ebpf-pid----448784----pid-1
---ebpf-pid----2094----pid-1
---ebpf-pid----448784----pid-448784
---ebpf-pid----2094----pid-2094
---ebpf-pid----448784----pid-448520
---ebpf-pid----2094----pid-1
---ebpf-pid----2089----pid-2089
---ebpf-pid----448784----pid-1
---ebpf-pid----6671----pid-6671
---ebpf-pid----2089----pid-1
---ebpf-pid----2089----pid-2089
---ebpf-pid----2089----pid-1
---ebpf-pid----6671----pid-5476
---ebpf-pid----2089----pid-2089
---ebpf-pid----6671----pid-1
---ebpf-pid----2089----pid-1
---ebpf-pid----6671----pid-6671
---ebpf-pid----2089----pid-2089
---ebpf-pid----6671----pid-5476
---ebpf-pid----2089----pid-1
---ebpf-pid----2089----pid-2089
---ebpf-pid----6671----pid-1
---ebpf-pid----6671----pid-6671
---ebpf-pid----2089----pid-1
---ebpf-pid----6671----pid-5476
---ebpf-pid----2089----pid-2089
---ebpf-pid----6671----pid-1
---ebpf-pid----2089----pid-1
---ebpf-pid----6671----pid-6671
---ebpf-pid----2089----pid-2089
---ebpf-pid----6671----pid-5476
---ebpf-pid----2089----pid-1
---ebpf-pid----2089----pid-2089
---ebpf-pid----6671----pid-1
---ebpf-pid----6671----pid-6671
---ebpf-pid----2089----pid-1
---ebpf-pid----2089----pid-2089
---ebpf-pid----6671----pid-5476
---ebpf-pid----2089----pid-1
---ebpf-pid----6671----pid-1
---ebpf-pid----2089----pid-2089
---ebpf-pid----6671----pid-6671
---ebpf-pid----2089----pid-1
---ebpf-pid----6671----pid-5476
---ebpf-pid----2089----pid-2089
---ebpf-pid----6671----pid-1
---ebpf-pid----2089----pid-1
---ebpf-pid----379067----pid-379067
---ebpf-pid----2089----pid-2089
---ebpf-pid----379067----pid-5476
---ebpf-pid----2089----pid-1
---ebpf-pid----2089----pid-2089
---ebpf-pid----379067----pid-1
---ebpf-pid----379067----pid-379067
---ebpf-pid----2089----pid-1
---ebpf-pid----2089----pid-2089
---ebpf-pid----379067----pid-5476
---ebpf-pid----379067----pid-1
---ebpf-pid----2089----pid-1
---ebpf-pid----6671----pid-6671
---ebpf-pid----2089----pid-2089
---ebpf-pid----6671----pid-5476
---ebpf-pid----2089----pid-1
---ebpf-pid----2089----pid-2089
---ebpf-pid----6671----pid-1
---ebpf-pid----6671----pid-6671
---ebpf-pid----6671----pid-5476
---ebpf-pid----6671----pid-1
---ebpf-pid----379067----pid-379067
---ebpf-pid----379067----pid-5476
---ebpf-pid----379067----pid-1
---ebpf-pid----379067----pid-379067
---ebpf-pid----379067----pid-5476
---ebpf-pid----379067----pid-1
---ebpf-pid----379067----pid-379067
---ebpf-pid----379067----pid-5476
---ebpf-pid----379067----pid-1
---ebpf-pid----379067----pid-379067
---ebpf-pid----379067----pid-5476
---ebpf-pid----379067----pid-1
---ebpf-pid----379067----pid-379067
---ebpf-pid----379067----pid-5476
---ebpf-pid----379067----pid-1
---ebpf-pid----448782----pid-448782
---ebpf-pid----448782----pid-448520
---ebpf-pid----448782----pid-1
---ebpf-pid----448782----pid-448782
---ebpf-pid----448782----pid-448520
---ebpf-pid----448782----pid-1
---ebpf-pid----372714----pid-372714
---ebpf-pid----372714----pid-5476
---ebpf-pid----372714----pid-1
---ebpf-pid----448782----pid-448782
---ebpf-pid----6671----pid-6671
---ebpf-pid----448782----pid-448520
---ebpf-pid----6671----pid-5476
---ebpf-pid----448782----pid-1
---ebpf-pid----448782----pid-448782
---ebpf-pid----6671----pid-1
---ebpf-pid----379067----pid-379067
---ebpf-pid----448782----pid-448520
---ebpf-pid----379067----pid-5476
---ebpf-pid----448782----pid-1
---ebpf-pid----448782----pid-448782
---ebpf-pid----379067----pid-1
---ebpf-pid----379067----pid-379067
---ebpf-pid----448782----pid-448520
---ebpf-pid----379067----pid-5476
---ebpf-pid----448782----pid-1
---ebpf-pid----448784----pid-448784
---ebpf-pid----379067----pid-1
---ebpf-pid----5705----pid-5705
---ebpf-pid----448784----pid-448520
---ebpf-pid----5705----pid-5476
---ebpf-pid----448784----pid-1
---ebpf-pid----372714----pid-372714
---ebpf-pid----5705----pid-1
---ebpf-pid----5705----pid-5705
---ebpf-pid----372714----pid-5476
---ebpf-pid----372714----pid-1
---ebpf-pid----5705----pid-5476
---ebpf-pid----5705----pid-5705
---ebpf-pid----5705----pid-1
---ebpf-pid----5705----pid-5476
---ebpf-pid----5705----pid-5705
---ebpf-pid----5705----pid-1
---ebpf-pid----5705----pid-5476
---ebpf-pid----5705----pid-5705
---ebpf-pid----5705----pid-1
---ebpf-pid----5705----pid-5476
---ebpf-pid----5705----pid-5705
---ebpf-pid----5705----pid-1
---ebpf-pid----5705----pid-5476
---ebpf-pid----372714----pid-372714
---ebpf-pid----5705----pid-1
---ebpf-pid----372714----pid-5476
---ebpf-pid----5705----pid-5705
---ebpf-pid----372714----pid-1
---ebpf-pid----5705----pid-5476
---ebpf-pid----448784----pid-448784
---ebpf-pid----5705----pid-1
---ebpf-pid----448784----pid-448520
---ebpf-pid----5705----pid-5705
---ebpf-pid----5705----pid-5476
---ebpf-pid----5705----pid-1
---ebpf-pid----5705----pid-5705
---ebpf-pid----2094----pid-1
---ebpf-pid----5705----pid-5476
---ebpf-pid----2094----pid-2094
---ebpf-pid----5705----pid-1
---ebpf-pid----5705----pid-5705
---ebpf-pid----2094----pid-1
---ebpf-pid----2094----pid-2094
---ebpf-pid----5705----pid-5476
---ebpf-pid----2094----pid-1
---ebpf-pid----5705----pid-1
---ebpf-pid----2094----pid-2094
---ebpf-pid----5705----pid-5705
---ebpf-pid----5705----pid-5476
---ebpf-pid----2094----pid-1
---ebpf-pid----2094----pid-2094
---ebpf-pid----5705----pid-1
---ebpf-pid----5705----pid-5705
---ebpf-pid----2094----pid-1
---ebpf-pid----2094----pid-2094
---ebpf-pid----5705----pid-5476
---ebpf-pid----2094----pid-1
---ebpf-pid----2094----pid-2094
---ebpf-pid----2094----pid-1
---ebpf-pid----448784----pid-1
---ebpf-pid----2094----pid-2094
---ebpf-pid----448784----pid-448784
---ebpf-pid----2094----pid-1
---ebpf-pid----2094----pid-2094
---ebpf-pid----448784----pid-448520
---ebpf-pid----2094----pid-1
---ebpf-pid----448784----pid-1
---ebpf-pid----5705----pid-5705
---ebpf-pid----2094----pid-2094
---ebpf-pid----5705----pid-5476
---ebpf-pid----2094----pid-1
---ebpf-pid----2094----pid-2094
---ebpf-pid----5705----pid-1
---ebpf-pid----5705----pid-5705
---ebpf-pid----2094----pid-1
---ebpf-pid----2094----pid-2094
---ebpf-pid----5705----pid-5476
---ebpf-pid----2094----pid-1
---ebpf-pid----5705----pid-1
---ebpf-pid----2094----pid-2094
---ebpf-pid----448784----pid-448784
---ebpf-pid----448784----pid-448520
---ebpf-pid----2094----pid-1
---ebpf-pid----5705----pid-1
---ebpf-pid----2089----pid-1
---ebpf-pid----2089----pid-2089
---ebpf-pid----448784----pid-1
---ebpf-pid----2094----pid-2094
---ebpf-pid----2012----pid-2012
---ebpf-pid----2094----pid-1
---ebpf-pid----2094----pid-2094
---ebpf-pid----448784----pid-448784
---ebpf-pid----448784----pid-448520
---ebpf-pid----448784----pid-1
---ebpf-pid----379067----pid-379067
---ebpf-pid----379067----pid-5476
---ebpf-pid----379067----pid-1
---ebpf-pid----379067----pid-379067
---ebpf-pid----379067----pid-5476
---ebpf-pid----379067----pid-1
---ebpf-pid----448784----pid-448784
---ebpf-pid----448784----pid-448520
---ebpf-pid----448784----pid-1
---ebpf-pid----5705----pid-5705
---ebpf-pid----5705----pid-5476
---ebpf-pid----5705----pid-1
---ebpf-pid----5705----pid-5705
---ebpf-pid----5705----pid-5476
---ebpf-pid----5705----pid-1
---ebpf-pid----5705----pid-5705
---ebpf-pid----5705----pid-5476
---ebpf-pid----5705----pid-1
---ebpf-pid----5705----pid-5705
---ebpf-pid----5705----pid-5476
---ebpf-pid----5705----pid-1
---ebpf-pid----5705----pid-5705
---ebpf-pid----5705----pid-5476
---ebpf-pid----5705----pid-1
---ebpf-pid----5705----pid-5705
---ebpf-pid----5705----pid-5476
---ebpf-pid----5705----pid-1
---ebpf-pid----5705----pid-5705
---ebpf-pid----5705----pid-5476
---ebpf-pid----5705----pid-1
---ebpf-pid----5705----pid-5705
---ebpf-pid----5705----pid-5476
---ebpf-pid----5705----pid-1
---ebpf-pid----5705----pid-5705
---ebpf-pid----5705----pid-5476
---ebpf-pid----5705----pid-1
---ebpf-pid----5705----pid-5705
---ebpf-pid----5705----pid-5476
---ebpf-pid----5705----pid-1
---ebpf-pid----5705----pid-5705
---ebpf-pid----5705----pid-5476
---ebpf-pid----5705----pid-1
---ebpf-pid----5705----pid-5705
---ebpf-pid----5705----pid-5476
---ebpf-pid----5705----pid-1
---ebpf-pid----5705----pid-5705
---ebpf-pid----5705----pid-5476
---ebpf-pid----5705----pid-1
---ebpf-pid----5705----pid-5705
---ebpf-pid----5705----pid-5476
---ebpf-pid----2094----pid-1
---ebpf-pid----2094----pid-2094
---ebpf-pid----2094----pid-1
---ebpf-pid----2094----pid-2094
---ebpf-pid----2094----pid-1
---ebpf-pid----2094----pid-2094
---ebpf-pid----2094----pid-1
---ebpf-pid----2094----pid-2094
---ebpf-pid----2089----pid-1
---ebpf-pid----2089----pid-2089
---ebpf-pid----2089----pid-1
---ebpf-pid----2089----pid-2089
---ebpf-pid----2089----pid-1
---ebpf-pid----2012----pid-2012
---ebpf-pid----2012----pid-1
---ebpf-pid----2012----pid-2012
---ebpf-pid----2012----pid-1
---ebpf-pid----2012----pid-2012
---ebpf-pid----2012----pid-1
---ebpf-pid----2012----pid-2012
---ebpf-pid----2012----pid-1
---ebpf-pid----2012----pid-2012
---ebpf-pid----2012----pid-1
---ebpf-pid----2012----pid-2012
---ebpf-pid----2012----pid-1
---ebpf-pid----2012----pid-2012
---ebpf-pid----2012----pid-1
---ebpf-pid----2012----pid-2012
---ebpf-pid----2012----pid-1
---ebpf-pid----2012----pid-2012
---ebpf-pid----2012----pid-1
---ebpf-pid----2094----pid-2094
---ebpf-pid----2094----pid-1
---ebpf-pid----2094----pid-2094
---ebpf-pid----2094----pid-1
---ebpf-pid----2094----pid-2094
---ebpf-pid----2094----pid-1
---ebpf-pid----2094----pid-2094
---ebpf-pid----2094----pid-1
---ebpf-pid----2094----pid-2094
---ebpf-pid----2094----pid-1
---ebpf-pid----2094----pid-2094
---ebpf-pid----2094----pid-1
---ebpf-pid----2094----pid-2094
---ebpf-pid----2094----pid-1
---ebpf-pid----2094----pid-2094
---ebpf-pid----2094----pid-1
---ebpf-pid----2094----pid-2094
---ebpf-pid----2012----pid-1
---ebpf-pid----5705----pid-1
---ebpf-pid----2029----pid-2029
---ebpf-pid----5705----pid-5705
---ebpf-pid----2029----pid-1
---ebpf-pid----5705----pid-5476
---ebpf-pid----2029----pid-2029
---ebpf-pid----2029----pid-1
---ebpf-pid----5705----pid-1
---ebpf-pid----2029----pid-2029
---ebpf-pid----5705----pid-5705
---ebpf-pid----2029----pid-1
---ebpf-pid----5705----pid-5476
---ebpf-pid----2029----pid-2029
---ebpf-pid----5705----pid-1
---ebpf-pid----2029----pid-1
---ebpf-pid----5705----pid-5705
---ebpf-pid----2029----pid-2029
---ebpf-pid----5705----pid-5476
---ebpf-pid----2029----pid-1
---ebpf-pid----2029----pid-2029
---ebpf-pid----5705----pid-1
---ebpf-pid----5705----pid-5705
---ebpf-pid----2029----pid-1
---ebpf-pid----2029----pid-2029
---ebpf-pid----5705----pid-5476
---ebpf-pid----5705----pid-1
---ebpf-pid----2029----pid-1
---ebpf-pid----5705----pid-5705
---ebpf-pid----2029----pid-2029
---ebpf-pid----5705----pid-5476
---ebpf-pid----2029----pid-1
---ebpf-pid----2029----pid-2029
---ebpf-pid----5705----pid-1
---ebpf-pid----5705----pid-5705
---ebpf-pid----2029----pid-1
---ebpf-pid----2029----pid-2029
---ebpf-pid----5705----pid-5476
---ebpf-pid----2029----pid-1
---ebpf-pid----5705----pid-1
---ebpf-pid----2029----pid-2029
---ebpf-pid----5705----pid-5705
---ebpf-pid----2029----pid-1
---ebpf-pid----5705----pid-5476
---ebpf-pid----2029----pid-2029
---ebpf-pid----5705----pid-1
---ebpf-pid----2029----pid-1
---ebpf-pid----448783----pid-448783
---ebpf-pid----2029----pid-2029
---ebpf-pid----448783----pid-448520
---ebpf-pid----2029----pid-1
---ebpf-pid----2029----pid-2029
---ebpf-pid----448783----pid-1
---ebpf-pid----448783----pid-448783
---ebpf-pid----2029----pid-1
---ebpf-pid----2029----pid-2029
---ebpf-pid----448783----pid-448520
---ebpf-pid----2029----pid-1
---ebpf-pid----448783----pid-1
---ebpf-pid----2029----pid-2029
---ebpf-pid----5707----pid-5707
---ebpf-pid----2029----pid-1
---ebpf-pid----2029----pid-2029
---ebpf-pid----5707----pid-5476
---ebpf-pid----2029----pid-1
---ebpf-pid----5707----pid-1
---ebpf-pid----2029----pid-2029
---ebpf-pid----5707----pid-5707
---ebpf-pid----2029----pid-1
---ebpf-pid----5707----pid-5476
---ebpf-pid----2029----pid-2029
---ebpf-pid----5707----pid-1
---ebpf-pid----448782----pid-448782
---ebpf-pid----2029----pid-1
---ebpf-pid----379067----pid-379067
---ebpf-pid----448782----pid-448520
---ebpf-pid----448782----pid-1
---ebpf-pid----379067----pid-5476
---ebpf-pid----5707----pid-5707
---ebpf-pid----379067----pid-1
---ebpf-pid----5707----pid-5476
---ebpf-pid----2094----pid-1
---ebpf-pid----2094----pid-2094
---ebpf-pid----2094----pid-1
---ebpf-pid----2094----pid-2094
---ebpf-pid----2094----pid-1
---ebpf-pid----2094----pid-2094
---ebpf-pid----2094----pid-1
---ebpf-pid----5707----pid-1
---ebpf-pid----2094----pid-2094
---ebpf-pid----5707----pid-5707
---ebpf-pid----5707----pid-5476
---ebpf-pid----2094----pid-1
---ebpf-pid----2094----pid-2094
---ebpf-pid----5707----pid-1
---ebpf-pid----5707----pid-5707
---ebpf-pid----2094----pid-1
---ebpf-pid----2094----pid-2094
---ebpf-pid----5707----pid-5476
---ebpf-pid----2094----pid-1
---ebpf-pid----5707----pid-1
---ebpf-pid----2094----pid-2094
---ebpf-pid----448783----pid-448783
---ebpf-pid----448783----pid-448520
---ebpf-pid----2094----pid-1
---ebpf-pid----2094----pid-2094
---ebpf-pid----448783----pid-1
---ebpf-pid----5707----pid-5707
---ebpf-pid----2094----pid-1
---ebpf-pid----2094----pid-2094
---ebpf-pid----5707----pid-5476
---ebpf-pid----2094----pid-1
---ebpf-pid----5707----pid-1
---ebpf-pid----2094----pid-2094
---ebpf-pid----5707----pid-5707
---ebpf-pid----2094----pid-1
---ebpf-pid----2094----pid-2094
---ebpf-pid----5707----pid-5476
---ebpf-pid----2094----pid-1
---ebpf-pid----5707----pid-1
---ebpf-pid----2094----pid-2094
---ebpf-pid----5707----pid-5707
---ebpf-pid----5707----pid-5476
---ebpf-pid----2094----pid-1
---ebpf-pid----2094----pid-2094
---ebpf-pid----5707----pid-1
---ebpf-pid----448783----pid-448783
---ebpf-pid----2094----pid-1
---ebpf-pid----448783----pid-448520
---ebpf-pid----448783----pid-1
---ebpf-pid----448783----pid-448783
---ebpf-pid----448783----pid-448520
---ebpf-pid----448783----pid-1
---ebpf-pid----5707----pid-5707
---ebpf-pid----5707----pid-5476
---ebpf-pid----379067----pid-379067
---ebpf-pid----5707----pid-1
---ebpf-pid----5707----pid-5707
---ebpf-pid----379067----pid-5476
---ebpf-pid----5707----pid-5476
---ebpf-pid----379067----pid-1
---ebpf-pid----5707----pid-1
---ebpf-pid----379067----pid-379067
---ebpf-pid----448783----pid-448783
---ebpf-pid----379067----pid-5476
---ebpf-pid----379067----pid-1
---ebpf-pid----379067----pid-379067
---ebpf-pid----379067----pid-5476
---ebpf-pid----379067----pid-1
---ebpf-pid----379067----pid-379067
---ebpf-pid----448783----pid-448520
---ebpf-pid----379067----pid-5476
---ebpf-pid----448783----pid-1
---ebpf-pid----448783----pid-448783
---ebpf-pid----379067----pid-1
---ebpf-pid----379067----pid-379067
---ebpf-pid----448783----pid-448520
---ebpf-pid----448783----pid-1
---ebpf-pid----379067----pid-5476
---ebpf-pid----448783----pid-448783
---ebpf-pid----448783----pid-448520
---ebpf-pid----379067----pid-1
---ebpf-pid----379067----pid-379067
---ebpf-pid----448783----pid-1
---ebpf-pid----5707----pid-5707
---ebpf-pid----379067----pid-5476
---ebpf-pid----5707----pid-5476
---ebpf-pid----379067----pid-1
---ebpf-pid----2029----pid-2029
---ebpf-pid----5707----pid-1
---ebpf-pid----5707----pid-5707
---ebpf-pid----2029----pid-1
---ebpf-pid----2029----pid-2029
---ebpf-pid----5707----pid-5476
---ebpf-pid----2029----pid-1
---ebpf-pid----5707----pid-1
---ebpf-pid----2029----pid-2029
---ebpf-pid----5707----pid-5707
---ebpf-pid----2029----pid-1
---ebpf-pid----5707----pid-5476
---ebpf-pid----2029----pid-2029
---ebpf-pid----5707----pid-1
---ebpf-pid----5707----pid-5707
---ebpf-pid----2029----pid-1
---ebpf-pid----2029----pid-2029
---ebpf-pid----5707----pid-5476
---ebpf-pid----5707----pid-1
---ebpf-pid----5707----pid-5707
---ebpf-pid----2029----pid-1
---ebpf-pid----2029----pid-2029
---ebpf-pid----5707----pid-5476
---ebpf-pid----2029----pid-1
---ebpf-pid----2094----pid-1
---ebpf-pid----5707----pid-1
---ebpf-pid----5707----pid-5707
---ebpf-pid----2029----pid-2029
---ebpf-pid----5707----pid-5476
---ebpf-pid----2029----pid-1
---ebpf-pid----2029----pid-2029
---ebpf-pid----5707----pid-1
---ebpf-pid----5707----pid-5707
---ebpf-pid----2029----pid-1
---ebpf-pid----2029----pid-2029
---ebpf-pid----5707----pid-5476
---ebpf-pid----2029----pid-1
---ebpf-pid----2029----pid-2029
---ebpf-pid----5707----pid-1
---ebpf-pid----5707----pid-5707
---ebpf-pid----2029----pid-1
---ebpf-pid----2029----pid-2029
---ebpf-pid----5707----pid-5476
---ebpf-pid----5707----pid-1
---ebpf-pid----2029----pid-1
---ebpf-pid----5707----pid-5707
---ebpf-pid----2029----pid-2029
---ebpf-pid----5707----pid-5476
---ebpf-pid----2029----pid-1
---ebpf-pid----2029----pid-2029
---ebpf-pid----5707----pid-1
---ebpf-pid----5707----pid-5707
---ebpf-pid----2029----pid-1
---ebpf-pid----2029----pid-2029
---ebpf-pid----5707----pid-5476
---ebpf-pid----2029----pid-1
---ebpf-pid----2029----pid-2029
---ebpf-pid----5707----pid-1
---ebpf-pid----5707----pid-5707
---ebpf-pid----2029----pid-1
---ebpf-pid----2029----pid-2029
---ebpf-pid----5707----pid-5476
---ebpf-pid----2029----pid-1
---ebpf-pid----5707----pid-1
---ebpf-pid----2029----pid-2029
---ebpf-pid----5707----pid-5707
---ebpf-pid----2029----pid-1
---ebpf-pid----5707----pid-5476
---ebpf-pid----2029----pid-2029
---ebpf-pid----2029----pid-1
---ebpf-pid----5707----pid-1
---ebpf-pid----5707----pid-5707
---ebpf-pid----5707----pid-5476
---ebpf-pid----5707----pid-1
---ebpf-pid----5707----pid-5707
---ebpf-pid----5707----pid-5476
---ebpf-pid----5707----pid-1
---ebpf-pid----2029----pid-2029
---ebpf-pid----5707----pid-5707
---ebpf-pid----2094----pid-2094
---ebpf-pid----2029----pid-1
---ebpf-pid----5707----pid-5476
---ebpf-pid----2029----pid-2029
---ebpf-pid----5707----pid-1
---ebpf-pid----2094----pid-1
---ebpf-pid----2029----pid-1
---ebpf-pid----5707----pid-5707
---ebpf-pid----2029----pid-2029
---ebpf-pid----2094----pid-2094
---ebpf-pid----5707----pid-5476
---ebpf-pid----2029----pid-1
---ebpf-pid----2094----pid-1
---ebpf-pid----2029----pid-2029
---ebpf-pid----5707----pid-1
---ebpf-pid----2094----pid-2094
---ebpf-pid----5707----pid-5707
---ebpf-pid----2029----pid-1
---ebpf-pid----2094----pid-1
---ebpf-pid----2029----pid-2029
---ebpf-pid----5707----pid-5476
---ebpf-pid----2094----pid-2094
---ebpf-pid----2029----pid-1
---ebpf-pid----2094----pid-1
---ebpf-pid----5707----pid-1
---ebpf-pid----2029----pid-2029
---ebpf-pid----2094----pid-2094
---ebpf-pid----5707----pid-5707
---ebpf-pid----2029----pid-1
---ebpf-pid----2094----pid-1
---ebpf-pid----5707----pid-5476
---ebpf-pid----372881----pid-372881
---ebpf-pid----2094----pid-2094
---ebpf-pid----5707----pid-1
---ebpf-pid----372881----pid-1
---ebpf-pid----2094----pid-1
---ebpf-pid----5707----pid-5707
---ebpf-pid----372881----pid-372881
---ebpf-pid----2094----pid-2094
---ebpf-pid----5707----pid-5476
---ebpf-pid----372881----pid-1
---ebpf-pid----2094----pid-1
---ebpf-pid----372881----pid-372881
---ebpf-pid----6671----pid-6671
---ebpf-pid----5707----pid-1
---ebpf-pid----448785----pid-448785
---ebpf-pid----372881----pid-1
---ebpf-pid----6671----pid-5476
---ebpf-pid----372881----pid-372881
---ebpf-pid----448785----pid-448520
---ebpf-pid----6671----pid-1
---ebpf-pid----372881----pid-1
---ebpf-pid----6671----pid-6671
---ebpf-pid----372881----pid-372881
---ebpf-pid----448785----pid-1
---ebpf-pid----448521----pid-448521
---ebpf-pid----372881----pid-1
---ebpf-pid----6671----pid-5476
---ebpf-pid----372881----pid-372881
---ebpf-pid----448521----pid-1
---ebpf-pid----448785----pid-448785
---ebpf-pid----6671----pid-1
---ebpf-pid----372881----pid-1
---ebpf-pid----6671----pid-6671
---ebpf-pid----372881----pid-372881
---ebpf-pid----448785----pid-448520
---ebpf-pid----6671----pid-5476
---ebpf-pid----372881----pid-1
---ebpf-pid----448785----pid-1
---ebpf-pid----372881----pid-372881
---ebpf-pid----6671----pid-1
---ebpf-pid----448785----pid-448785
---ebpf-pid----6671----pid-6671
---ebpf-pid----372881----pid-1
---ebpf-pid----448785----pid-448520
---ebpf-pid----372881----pid-372881
---ebpf-pid----6671----pid-5476
---ebpf-pid----448785----pid-1
---ebpf-pid----372881----pid-1
---ebpf-pid----448785----pid-448785
---ebpf-pid----372881----pid-372881
---ebpf-pid----6671----pid-1
---ebpf-pid----448785----pid-448520
---ebpf-pid----6671----pid-6671
---ebpf-pid----372881----pid-1
---ebpf-pid----372881----pid-372881
---ebpf-pid----448785----pid-1
---ebpf-pid----6671----pid-5476
---ebpf-pid----448785----pid-448785
---ebpf-pid----372881----pid-1
---ebpf-pid----372881----pid-372881
---ebpf-pid----6671----pid-1
---ebpf-pid----448785----pid-448520
---ebpf-pid----6671----pid-6671
---ebpf-pid----372881----pid-1
---ebpf-pid----448785----pid-1
---ebpf-pid----372881----pid-372881
---ebpf-pid----6671----pid-5476
---ebpf-pid----448785----pid-448785
---ebpf-pid----372881----pid-1
---ebpf-pid----448785----pid-448520
---ebpf-pid----372881----pid-372881
---ebpf-pid----6671----pid-1
---ebpf-pid----6671----pid-6671
---ebpf-pid----448785----pid-1
---ebpf-pid----372881----pid-1
---ebpf-pid----448785----pid-448785
---ebpf-pid----372881----pid-372881
---ebpf-pid----6671----pid-5476
---ebpf-pid----372881----pid-1
---ebpf-pid----448785----pid-448520
---ebpf-pid----372881----pid-372881
---ebpf-pid----448785----pid-1
---ebpf-pid----372881----pid-1
---ebpf-pid----448785----pid-448785
---ebpf-pid----372881----pid-372881
---ebpf-pid----372881----pid-1
---ebpf-pid----448785----pid-448520
---ebpf-pid----372881----pid-372881
---ebpf-pid----448785----pid-1
---ebpf-pid----372881----pid-1
---ebpf-pid----448785----pid-448785
---ebpf-pid----372881----pid-372881
---ebpf-pid----448785----pid-448520
---ebpf-pid----372881----pid-1
---ebpf-pid----372881----pid-372881
---ebpf-pid----448785----pid-1
---ebpf-pid----379067----pid-379067
---ebpf-pid----372881----pid-1
---ebpf-pid----372881----pid-372881
---ebpf-pid----379067----pid-5476
---ebpf-pid----2029----pid-2029
---ebpf-pid----372881----pid-1
---ebpf-pid----372881----pid-372881
---ebpf-pid----379067----pid-1
---ebpf-pid----379067----pid-379067
---ebpf-pid----2029----pid-1
---ebpf-pid----2029----pid-2029
---ebpf-pid----372881----pid-1
---ebpf-pid----372881----pid-372881
---ebpf-pid----379067----pid-5476
---ebpf-pid----2029----pid-1
---ebpf-pid----2029----pid-2029
---ebpf-pid----379067----pid-1
---ebpf-pid----379067----pid-379067
---ebpf-pid----379067----pid-5476
---ebpf-pid----2029----pid-1
---ebpf-pid----2029----pid-2029
---ebpf-pid----2029----pid-1
---ebpf-pid----2029----pid-2029
---ebpf-pid----2029----pid-1
---ebpf-pid----6671----pid-1
---ebpf-pid----2029----pid-2029
---ebpf-pid----6671----pid-6671
---ebpf-pid----6671----pid-5476
---ebpf-pid----2029----pid-1
---ebpf-pid----2029----pid-2029
---ebpf-pid----6671----pid-1
---ebpf-pid----2029----pid-1
---ebpf-pid----6671----pid-6671
---ebpf-pid----2029----pid-2029
---ebpf-pid----6671----pid-5476
---ebpf-pid----2029----pid-1
---ebpf-pid----2029----pid-2029
---ebpf-pid----6671----pid-1
---ebpf-pid----6671----pid-6671
---ebpf-pid----2029----pid-1
---ebpf-pid----6671----pid-5476
---ebpf-pid----2029----pid-2029
---ebpf-pid----6671----pid-1
---ebpf-pid----2029----pid-1
---ebpf-pid----6671----pid-6671
---ebpf-pid----2029----pid-2029
---ebpf-pid----6671----pid-5476
---ebpf-pid----2029----pid-1
---ebpf-pid----2029----pid-2029
---ebpf-pid----6671----pid-1
---ebpf-pid----6671----pid-6671
---ebpf-pid----2029----pid-1
---ebpf-pid----2029----pid-2029
---ebpf-pid----6671----pid-5476
---ebpf-pid----2029----pid-1
---ebpf-pid----2029----pid-2029
---ebpf-pid----6671----pid-1
---ebpf-pid----6671----pid-6671
---ebpf-pid----2029----pid-1
---ebpf-pid----2029----pid-2029
---ebpf-pid----6671----pid-5476
---ebpf-pid----2029----pid-1
---ebpf-pid----6671----pid-1
---ebpf-pid----2029----pid-2029
---ebpf-pid----6671----pid-6671
---ebpf-pid----2029----pid-1
---ebpf-pid----6671----pid-5476
---ebpf-pid----2029----pid-2029
---ebpf-pid----6671----pid-1
---ebpf-pid----2029----pid-1
---ebpf-pid----6671----pid-6671
---ebpf-pid----2029----pid-2029
---ebpf-pid----6671----pid-5476
---ebpf-pid----2029----pid-1
---ebpf-pid----2029----pid-2029
---ebpf-pid----6671----pid-1
---ebpf-pid----6671----pid-6671
---ebpf-pid----2029----pid-1
---ebpf-pid----2029----pid-2029
---ebpf-pid----6671----pid-5476
---ebpf-pid----2029----pid-1
---ebpf-pid----6671----pid-1
---ebpf-pid----2029----pid-2029
---ebpf-pid----6671----pid-6671
---ebpf-pid----2029----pid-1
---ebpf-pid----6671----pid-5476
---ebpf-pid----2029----pid-2029
---ebpf-pid----6671----pid-1
---ebpf-pid----2029----pid-1
---ebpf-pid----2029----pid-2029
---ebpf-pid----6671----pid-6671
---ebpf-pid----2029----pid-1
---ebpf-pid----6671----pid-5476
---ebpf-pid----2029----pid-2029
---ebpf-pid----2029----pid-1
---ebpf-pid----2029----pid-2029
---ebpf-pid----379067----pid-1
---ebpf-pid----379067----pid-379067
---ebpf-pid----379067----pid-5476
---ebpf-pid----379067----pid-1
---ebpf-pid----448785----pid-448785
---ebpf-pid----448785----pid-448520
---ebpf-pid----448785----pid-1
---ebpf-pid----448785----pid-448785
---ebpf-pid----448785----pid-448520
---ebpf-pid----448785----pid-1
---ebpf-pid----448785----pid-448785
---ebpf-pid----448785----pid-448520
---ebpf-pid----448785----pid-1
---ebpf-pid----379067----pid-379067
---ebpf-pid----379067----pid-5476
---ebpf-pid----379067----pid-1
---ebpf-pid----379067----pid-379067
---ebpf-pid----379067----pid-5476
---ebpf-pid----379067----pid-1
---ebpf-pid----379067----pid-379067
---ebpf-pid----379067----pid-5476
---ebpf-pid----379067----pid-1
---ebpf-pid----448785----pid-448785
---ebpf-pid----448785----pid-448520
---ebpf-pid----448785----pid-1
---ebpf-pid----448785----pid-448785
---ebpf-pid----448785----pid-448520
---ebpf-pid----448785----pid-1
---ebpf-pid----372881----pid-372881
---ebpf-pid----372881----pid-1
---ebpf-pid----372881----pid-372881
---ebpf-pid----372881----pid-1
---ebpf-pid----372881----pid-372881
---ebpf-pid----372881----pid-1
---ebpf-pid----372881----pid-1
---ebpf-pid----372881----pid-372881
---ebpf-pid----372881----pid-372881
---ebpf-pid----372881----pid-1
---ebpf-pid----372881----pid-372881
---ebpf-pid----372881----pid-1
---ebpf-pid----372881----pid-372881
---ebpf-pid----372881----pid-1
---ebpf-pid----372881----pid-372881
---ebpf-pid----372881----pid-1
---ebpf-pid----372881----pid-372881
---ebpf-pid----372881----pid-1
---ebpf-pid----372881----pid-372881
---ebpf-pid----372881----pid-1
---ebpf-pid----372881----pid-1
---ebpf-pid----372881----pid-372881
---ebpf-pid----372881----pid-372881
---ebpf-pid----372881----pid-1
---ebpf-pid----372881----pid-1
---ebpf-pid----372881----pid-372881
---ebpf-pid----372881----pid-372881
---ebpf-pid----372881----pid-1
---ebpf-pid----372881----pid-1
---ebpf-pid----372881----pid-372881
---ebpf-pid----372881----pid-372881
---ebpf-pid----372881----pid-1
---ebpf-pid----372881----pid-372881
---ebpf-pid----372881----pid-1
---ebpf-pid----372881----pid-1
---ebpf-pid----372881----pid-372881
---ebpf-pid----372881----pid-1
---ebpf-pid----372881----pid-372881
---ebpf-pid----372881----pid-1
---ebpf-pid----372881----pid-372881
---ebpf-pid----372881----pid-1
---ebpf-pid----372881----pid-372881
---ebpf-pid----372881----pid-1
---ebpf-pid----372881----pid-372881
---ebpf-pid----372881----pid-372881
---ebpf-pid----2029----pid-1
---ebpf-pid----372881----pid-1
---ebpf-pid----372881----pid-372881
---ebpf-pid----2029----pid-2029
---ebpf-pid----372881----pid-1
---ebpf-pid----2029----pid-1
---ebpf-pid----372881----pid-372881
---ebpf-pid----2029----pid-2029
---ebpf-pid----372881----pid-1
---ebpf-pid----372881----pid-372881
---ebpf-pid----2029----pid-1
---ebpf-pid----2029----pid-2029
---ebpf-pid----372881----pid-1
---ebpf-pid----372881----pid-372881
---ebpf-pid----2029----pid-1
---ebpf-pid----2029----pid-2029
---ebpf-pid----372881----pid-1
---ebpf-pid----2029----pid-1
---ebpf-pid----2029----pid-2029
---ebpf-pid----372881----pid-372881
---ebpf-pid----2029----pid-1
---ebpf-pid----2029----pid-2029
---ebpf-pid----372881----pid-1
---ebpf-pid----372881----pid-372881
---ebpf-pid----2029----pid-1
---ebpf-pid----372881----pid-1
---ebpf-pid----372881----pid-372881
---ebpf-pid----2029----pid-2029
---ebpf-pid----372881----pid-1
---ebpf-pid----2012----pid-2012
---ebpf-pid----2029----pid-1
---ebpf-pid----2029----pid-2029
---ebpf-pid----2012----pid-1
---ebpf-pid----2012----pid-2012
---ebpf-pid----2029----pid-1
---ebpf-pid----2012----pid-1
---ebpf-pid----2029----pid-2029
---ebpf-pid----2012----pid-2012
---ebpf-pid----2012----pid-1
---ebpf-pid----2012----pid-2012
---ebpf-pid----2029----pid-1
---ebpf-pid----2029----pid-2029
---ebpf-pid----2012----pid-1
---ebpf-pid----2012----pid-2012
---ebpf-pid----2012----pid-1
---ebpf-pid----2012----pid-2012
---ebpf-pid----2012----pid-1
---ebpf-pid----2012----pid-2012
---ebpf-pid----2012----pid-1
---ebpf-pid----2012----pid-2012
---ebpf-pid----6671----pid-1
---ebpf-pid----6671----pid-6671
---ebpf-pid----6671----pid-5476
---ebpf-pid----6671----pid-1
---ebpf-pid----2029----pid-1
---ebpf-pid----2029----pid-2029
---ebpf-pid----2012----pid-1
---ebpf-pid----2029----pid-1
---ebpf-pid----2012----pid-2012
---ebpf-pid----372881----pid-1
---ebpf-pid----372881----pid-372881
---ebpf-pid----372881----pid-1
---ebpf-pid----372881----pid-372881
---ebpf-pid----2012----pid-1
---ebpf-pid----2012----pid-2012
---ebpf-pid----2012----pid-1
---ebpf-pid----6671----pid-6671
---ebpf-pid----2012----pid-2012
---ebpf-pid----2029----pid-2029
---ebpf-pid----2012----pid-1
---ebpf-pid----6671----pid-5476
---ebpf-pid----2012----pid-2012
---ebpf-pid----2029----pid-1
---ebpf-pid----2012----pid-1
---ebpf-pid----6671----pid-1
---ebpf-pid----2029----pid-2029
---ebpf-pid----2012----pid-2012
---ebpf-pid----6671----pid-6671
---ebpf-pid----2029----pid-1
---ebpf-pid----6671----pid-5476
---ebpf-pid----2029----pid-2029
---ebpf-pid----6671----pid-1
---ebpf-pid----2029----pid-1
---ebpf-pid----6671----pid-6671
---ebpf-pid----2029----pid-2029
---ebpf-pid----6671----pid-5476
---ebpf-pid----2029----pid-1
---ebpf-pid----2029----pid-2029
---ebpf-pid----372881----pid-1
---ebpf-pid----6671----pid-1
---ebpf-pid----2029----pid-1
---ebpf-pid----6671----pid-6671
---ebpf-pid----2029----pid-2029
---ebpf-pid----6671----pid-5476
---ebpf-pid----2029----pid-1
---ebpf-pid----2029----pid-2029
---ebpf-pid----6671----pid-1
---ebpf-pid----6671----pid-6671
---ebpf-pid----2029----pid-1
---ebpf-pid----2029----pid-2029
---ebpf-pid----6671----pid-5476
---ebpf-pid----2029----pid-1
---ebpf-pid----2029----pid-2029
---ebpf-pid----2029----pid-1
---ebpf-pid----2029----pid-2029
---ebpf-pid----2029----pid-1
---ebpf-pid----2029----pid-2029
---ebpf-pid----2029----pid-1
---ebpf-pid----2029----pid-2029
---ebpf-pid----2029----pid-1
---ebpf-pid----2029----pid-2029
---ebpf-pid----2029----pid-1
---ebpf-pid----2029----pid-2029
---ebpf-pid----2029----pid-1
---ebpf-pid----2029----pid-2029
---ebpf-pid----6671----pid-1
---ebpf-pid----6671----pid-6671
---ebpf-pid----2029----pid-1
---ebpf-pid----2029----pid-2029
---ebpf-pid----6671----pid-5476
---ebpf-pid----2029----pid-1
---ebpf-pid----6671----pid-1
---ebpf-pid----2029----pid-2029
---ebpf-pid----6671----pid-6671
---ebpf-pid----2029----pid-1
---ebpf-pid----6671----pid-5476
---ebpf-pid----2029----pid-2029
---ebpf-pid----2012----pid-1
---ebpf-pid----6671----pid-1
---ebpf-pid----2029----pid-1
---ebpf-pid----2012----pid-2012
---ebpf-pid----2029----pid-2029
---ebpf-pid----6671----pid-6671
---ebpf-pid----2012----pid-1
---ebpf-pid----6671----pid-5476
---ebpf-pid----2029----pid-1
---ebpf-pid----2012----pid-2012
---ebpf-pid----2029----pid-2029
---ebpf-pid----2012----pid-1
---ebpf-pid----6671----pid-1
---ebpf-pid----2029----pid-1
---ebpf-pid----2012----pid-2012
---ebpf-pid----6671----pid-6671
---ebpf-pid----2029----pid-2029
---ebpf-pid----2012----pid-1
---ebpf-pid----6671----pid-5476
---ebpf-pid----2012----pid-2012
---ebpf-pid----2029----pid-1
---ebpf-pid----2029----pid-2029
---ebpf-pid----2029----pid-1
---ebpf-pid----2029----pid-2029
---ebpf-pid----2029----pid-1
---ebpf-pid----2029----pid-2029
---ebpf-pid----2029----pid-1
---ebpf-pid----2029----pid-2029
---ebpf-pid----2029----pid-1
---ebpf-pid----2029----pid-2029
---ebpf-pid----2029----pid-1
---ebpf-pid----2029----pid-2029
---ebpf-pid----2029----pid-1
---ebpf-pid----2029----pid-2029
---ebpf-pid----2029----pid-1
---ebpf-pid----2029----pid-2029
---ebpf-pid----2029----pid-1
---ebpf-pid----2029----pid-2029
---ebpf-pid----2029----pid-1
---ebpf-pid----2029----pid-2029
---ebpf-pid----2029----pid-1
---ebpf-pid----379067----pid-379067
---ebpf-pid----379067----pid-5476
---ebpf-pid----379067----pid-1
---ebpf-pid----379067----pid-379067
---ebpf-pid----379067----pid-5476
---ebpf-pid----379067----pid-1
---ebpf-pid----379067----pid-379067
---ebpf-pid----379067----pid-5476
---ebpf-pid----379067----pid-1
---ebpf-pid----372881----pid-372881
---ebpf-pid----372881----pid-372881
---ebpf-pid----2012----pid-1
---ebpf-pid----372881----pid-1
---ebpf-pid----372881----pid-1
---ebpf-pid----2012----pid-2012
---ebpf-pid----5707----pid-5707
---ebpf-pid----372881----pid-372881
---ebpf-pid----2012----pid-1
---ebpf-pid----372881----pid-1
---ebpf-pid----5707----pid-5476
---ebpf-pid----2012----pid-2012
---ebpf-pid----372881----pid-372881
---ebpf-pid----2012----pid-1
---ebpf-pid----5707----pid-1
---ebpf-pid----2012----pid-2012
---ebpf-pid----372881----pid-1
---ebpf-pid----5707----pid-5707
---ebpf-pid----372881----pid-372881
---ebpf-pid----2012----pid-1
---ebpf-pid----5707----pid-5476
---ebpf-pid----2012----pid-2012
---ebpf-pid----372881----pid-1
---ebpf-pid----372881----pid-372881
---ebpf-pid----2012----pid-1
---ebpf-pid----2012----pid-2012
---ebpf-pid----372881----pid-1
---ebpf-pid----372881----pid-372881
---ebpf-pid----2012----pid-1
---ebpf-pid----372881----pid-1
---ebpf-pid----2012----pid-2012
---ebpf-pid----372881----pid-372881
---ebpf-pid----2012----pid-1
---ebpf-pid----372881----pid-1
---ebpf-pid----372881----pid-372881
---ebpf-pid----2012----pid-2012
---ebpf-pid----372881----pid-1
---ebpf-pid----372881----pid-372881
---ebpf-pid----2012----pid-1
---ebpf-pid----372881----pid-1
---ebpf-pid----372881----pid-372881
---ebpf-pid----372881----pid-1
---ebpf-pid----372881----pid-372881
---ebpf-pid----5707----pid-1
---ebpf-pid----372881----pid-1
---ebpf-pid----5707----pid-5707
---ebpf-pid----372881----pid-372881
---ebpf-pid----6671----pid-1
---ebpf-pid----5707----pid-5476
---ebpf-pid----6671----pid-6671
---ebpf-pid----5707----pid-1
---ebpf-pid----2012----pid-2012
---ebpf-pid----6671----pid-5476
---ebpf-pid----5707----pid-5707
---ebpf-pid----2012----pid-1
---ebpf-pid----6671----pid-1
---ebpf-pid----5707----pid-5476
---ebpf-pid----2012----pid-2012
---ebpf-pid----6671----pid-6671
---ebpf-pid----5707----pid-1
---ebpf-pid----2012----pid-1
---ebpf-pid----6671----pid-5476
---ebpf-pid----5707----pid-5707
---ebpf-pid----2012----pid-2012
---ebpf-pid----6671----pid-1
---ebpf-pid----5707----pid-5476
---ebpf-pid----6671----pid-6671
---ebpf-pid----2012----pid-1
---ebpf-pid----2012----pid-2012
---ebpf-pid----6671----pid-5476
---ebpf-pid----6671----pid-1
---ebpf-pid----6671----pid-6671
---ebpf-pid----6671----pid-5476
---ebpf-pid----2012----pid-1
---ebpf-pid----6671----pid-1
---ebpf-pid----379067----pid-379067
---ebpf-pid----6671----pid-6671
---ebpf-pid----379067----pid-5476
---ebpf-pid----6671----pid-5476
---ebpf-pid----379067----pid-1
---ebpf-pid----6671----pid-1
---ebpf-pid----379067----pid-379067
---ebpf-pid----6671----pid-6671
---ebpf-pid----379067----pid-5476
---ebpf-pid----6671----pid-5476
---ebpf-pid----379067----pid-1
---ebpf-pid----6671----pid-1
---ebpf-pid----6671----pid-6671
---ebpf-pid----379067----pid-379067
---ebpf-pid----379067----pid-5476
---ebpf-pid----379067----pid-1
---ebpf-pid----6671----pid-5476
---ebpf-pid----6671----pid-1
---ebpf-pid----6671----pid-6671
---ebpf-pid----372881----pid-1
---ebpf-pid----6671----pid-5476
---ebpf-pid----372881----pid-372881
---ebpf-pid----379067----pid-379067
---ebpf-pid----6671----pid-1
---ebpf-pid----6671----pid-6671
---ebpf-pid----5707----pid-1
---ebpf-pid----372881----pid-1
---ebpf-pid----379067----pid-5476
---ebpf-pid----5707----pid-5707
---ebpf-pid----372881----pid-372881
---ebpf-pid----6671----pid-5476
---ebpf-pid----5707----pid-5476
---ebpf-pid----372881----pid-1
---ebpf-pid----379067----pid-1
---ebpf-pid----6671----pid-1
---ebpf-pid----372881----pid-372881
---ebpf-pid----6671----pid-6671
---ebpf-pid----5707----pid-5707
---ebpf-pid----5707----pid-1
---ebpf-pid----372881----pid-1
---ebpf-pid----5707----pid-5707
---ebpf-pid----6671----pid-5476
---ebpf-pid----372881----pid-372881
---ebpf-pid----5707----pid-5476
---ebpf-pid----6671----pid-1
---ebpf-pid----5707----pid-1
---ebpf-pid----372881----pid-1
---ebpf-pid----6671----pid-6671
---ebpf-pid----5707----pid-5707
---ebpf-pid----372881----pid-372881
---ebpf-pid----5707----pid-5476
---ebpf-pid----6671----pid-5476
---ebpf-pid----5707----pid-5476
---ebpf-pid----372881----pid-1
---ebpf-pid----5707----pid-1
---ebpf-pid----372881----pid-372881
---ebpf-pid----5707----pid-5707
---ebpf-pid----6671----pid-1
---ebpf-pid----5707----pid-1
---ebpf-pid----6671----pid-6671
---ebpf-pid----5707----pid-5707
---ebpf-pid----372881----pid-1
---ebpf-pid----372881----pid-372881
---ebpf-pid----5707----pid-5476
---ebpf-pid----5707----pid-5476
---ebpf-pid----6671----pid-5476
---ebpf-pid----372881----pid-1
---ebpf-pid----5707----pid-1
---ebpf-pid----372881----pid-372881
---ebpf-pid----5707----pid-5707
---ebpf-pid----372881----pid-1
---ebpf-pid----5707----pid-5476
---ebpf-pid----372881----pid-372881
---ebpf-pid----5707----pid-1
---ebpf-pid----5707----pid-1
---ebpf-pid----372881----pid-1
---ebpf-pid----5707----pid-5707
---ebpf-pid----5707----pid-5707
---ebpf-pid----372881----pid-372881
---ebpf-pid----5707----pid-5476
---ebpf-pid----5707----pid-5476
---ebpf-pid----372881----pid-1
---ebpf-pid----372881----pid-372881
---ebpf-pid----5707----pid-1
---ebpf-pid----5707----pid-1
---ebpf-pid----372881----pid-372881
---ebpf-pid----5707----pid-5707
---ebpf-pid----372881----pid-1
---ebpf-pid----372881----pid-372881
---ebpf-pid----5707----pid-5476
---ebpf-pid----372881----pid-1
---ebpf-pid----372881----pid-1
---ebpf-pid----5707----pid-1
---ebpf-pid----372881----pid-372881
---ebpf-pid----372881----pid-372881
---ebpf-pid----5707----pid-5707
---ebpf-pid----372881----pid-1
---ebpf-pid----372881----pid-1
---ebpf-pid----5707----pid-5476
---ebpf-pid----372881----pid-372881
---ebpf-pid----372881----pid-372881
---ebpf-pid----5707----pid-1
---ebpf-pid----372881----pid-1
---ebpf-pid----372881----pid-1
---ebpf-pid----5707----pid-5707
---ebpf-pid----372881----pid-372881
---ebpf-pid----372881----pid-372881
---ebpf-pid----372881----pid-1
---ebpf-pid----5707----pid-5476
---ebpf-pid----372881----pid-1
---ebpf-pid----372881----pid-372881
---ebpf-pid----372881----pid-372881
---ebpf-pid----5707----pid-1
---ebpf-pid----372881----pid-1
---ebpf-pid----5707----pid-5707
---ebpf-pid----372881----pid-372881
---ebpf-pid----372881----pid-1
---ebpf-pid----372881----pid-372881
---ebpf-pid----5707----pid-5476
---ebpf-pid----372881----pid-1
---ebpf-pid----372881----pid-372881
---ebpf-pid----372881----pid-1
---ebpf-pid----5707----pid-1
---ebpf-pid----372881----pid-372881
---ebpf-pid----5707----pid-5707
---ebpf-pid----372881----pid-1
---ebpf-pid----5707----pid-5476
---ebpf-pid----372881----pid-372881
---ebpf-pid----5707----pid-1
---ebpf-pid----5707----pid-5707
---ebpf-pid----5707----pid-5476
---ebpf-pid----5707----pid-1
---ebpf-pid----5707----pid-5707
---ebpf-pid----6671----pid-1
---ebpf-pid----6671----pid-6671
---ebpf-pid----6671----pid-5476
---ebpf-pid----6671----pid-1
---ebpf-pid----6671----pid-6671
---ebpf-pid----6671----pid-5476
---ebpf-pid----6671----pid-1
---ebpf-pid----6671----pid-6671
---ebpf-pid----6671----pid-5476
---ebpf-pid----6671----pid-1
---ebpf-pid----6671----pid-6671
---ebpf-pid----6671----pid-5476
---ebpf-pid----6671----pid-1
---ebpf-pid----6671----pid-6671
---ebpf-pid----6671----pid-5476
---ebpf-pid----6671----pid-1
---ebpf-pid----6671----pid-6671
---ebpf-pid----6671----pid-5476
---ebpf-pid----6671----pid-1
---ebpf-pid----6671----pid-6671
---ebpf-pid----6671----pid-5476
---ebpf-pid----372881----pid-1
---ebpf-pid----6671----pid-1
---ebpf-pid----6671----pid-6671
---ebpf-pid----372881----pid-372881
---ebpf-pid----6671----pid-5476
---ebpf-pid----372881----pid-1
---ebpf-pid----372881----pid-372881
---ebpf-pid----6671----pid-1
---ebpf-pid----6671----pid-6671
---ebpf-pid----372881----pid-1
---ebpf-pid----372881----pid-372881
---ebpf-pid----372881----pid-1
---ebpf-pid----372881----pid-372881
---ebpf-pid----372881----pid-1
---ebpf-pid----372881----pid-372881
---ebpf-pid----372881----pid-1
---ebpf-pid----372881----pid-372881
---ebpf-pid----372881----pid-1
---ebpf-pid----372881----pid-372881
---ebpf-pid----372881----pid-1
---ebpf-pid----372881----pid-372881
---ebpf-pid----372881----pid-1
---ebpf-pid----372881----pid-372881
---ebpf-pid----372881----pid-1
---ebpf-pid----372881----pid-372881
---ebpf-pid----372881----pid-1
---ebpf-pid----372881----pid-372881
---ebpf-pid----372881----pid-1
---ebpf-pid----372881----pid-372881
---ebpf-pid----372881----pid-1
---ebpf-pid----372881----pid-372881
---ebpf-pid----372881----pid-1
---ebpf-pid----372881----pid-372881
---ebpf-pid----372881----pid-1
---ebpf-pid----372881----pid-372881
---ebpf-pid----372881----pid-1
---ebpf-pid----372881----pid-372881
---ebpf-pid----372881----pid-1
---ebpf-pid----372881----pid-372881
---ebpf-pid----372881----pid-1
---ebpf-pid----372881----pid-372881
---ebpf-pid----372881----pid-1
---ebpf-pid----372881----pid-372881
---ebpf-pid----372881----pid-1
---ebpf-pid----372881----pid-372881
---ebpf-pid----372881----pid-1
---ebpf-pid----372881----pid-372881
---ebpf-pid----372881----pid-1
---ebpf-pid----372881----pid-372881
---ebpf-pid----372881----pid-1
---ebpf-pid----372881----pid-372881
---ebpf-pid----372881----pid-1
---ebpf-pid----2029----pid-2029
---ebpf-pid----2029----pid-1
---ebpf-pid----2029----pid-2029
---ebpf-pid----2029----pid-1
---ebpf-pid----2029----pid-2029
---ebpf-pid----2029----pid-1
---ebpf-pid----2029----pid-2029
---ebpf-pid----2029----pid-1
---ebpf-pid----2029----pid-2029
---ebpf-pid----2029----pid-1
---ebpf-pid----2029----pid-2029
---ebpf-pid----2029----pid-1
---ebpf-pid----2029----pid-2029
---ebpf-pid----2029----pid-1
---ebpf-pid----2029----pid-2029
---ebpf-pid----2029----pid-1
---ebpf-pid----2029----pid-2029
---ebpf-pid----2029----pid-1
---ebpf-pid----2029----pid-2029
---ebpf-pid----2029----pid-1
---ebpf-pid----2029----pid-2029
---ebpf-pid----2029----pid-1
---ebpf-pid----2029----pid-2029
---ebpf-pid----372881----pid-1
---ebpf-pid----372881----pid-372881
---ebpf-pid----372881----pid-1
---ebpf-pid----6671----pid-5476
---ebpf-pid----372881----pid-372881
---ebpf-pid----372881----pid-1
---ebpf-pid----6671----pid-1
---ebpf-pid----372881----pid-372881
---ebpf-pid----6671----pid-6671
---ebpf-pid----372881----pid-1
---ebpf-pid----6671----pid-5476
---ebpf-pid----372881----pid-372881
---ebpf-pid----6671----pid-1
---ebpf-pid----6671----pid-6671
---ebpf-pid----372881----pid-1
---ebpf-pid----372881----pid-372881
---ebpf-pid----6671----pid-5476
---ebpf-pid----372881----pid-1
---ebpf-pid----6671----pid-1
---ebpf-pid----372881----pid-372881
---ebpf-pid----6671----pid-6671
---ebpf-pid----6671----pid-5476
---ebpf-pid----372881----pid-1
---ebpf-pid----372881----pid-372881
---ebpf-pid----6671----pid-1
---ebpf-pid----6671----pid-6671
---ebpf-pid----372881----pid-1
---ebpf-pid----6671----pid-5476
---ebpf-pid----372881----pid-372881
---ebpf-pid----6671----pid-1
---ebpf-pid----372881----pid-1
---ebpf-pid----6671----pid-6671
---ebpf-pid----372881----pid-372881
---ebpf-pid----6671----pid-5476
---ebpf-pid----372881----pid-1
---ebpf-pid----372881----pid-372881
---ebpf-pid----6671----pid-1
---ebpf-pid----6671----pid-6671
---ebpf-pid----372881----pid-1
---ebpf-pid----6671----pid-5476
---ebpf-pid----372881----pid-372881
---ebpf-pid----6671----pid-1
---ebpf-pid----6671----pid-6671
---ebpf-pid----372881----pid-1
---ebpf-pid----372881----pid-372881
---ebpf-pid----6671----pid-5476
---ebpf-pid----5707----pid-5476
---ebpf-pid----372881----pid-1
---ebpf-pid----372881----pid-372881
---ebpf-pid----5707----pid-1
---ebpf-pid----5707----pid-5707
---ebpf-pid----372881----pid-1
---ebpf-pid----372881----pid-372881
---ebpf-pid----5707----pid-5476
---ebpf-pid----5707----pid-1
---ebpf-pid----372881----pid-1
---ebpf-pid----5707----pid-5707
---ebpf-pid----372881----pid-372881
---ebpf-pid----5707----pid-5476
---ebpf-pid----372881----pid-1
---ebpf-pid----5707----pid-1
---ebpf-pid----372881----pid-372881
---ebpf-pid----5707----pid-5707
---ebpf-pid----372881----pid-1
---ebpf-pid----5707----pid-5476
---ebpf-pid----372881----pid-372881
---ebpf-pid----5707----pid-1
---ebpf-pid----5707----pid-5707
---ebpf-pid----372881----pid-1
---ebpf-pid----372881----pid-372881
---ebpf-pid----5707----pid-5476
---ebpf-pid----372881----pid-1
---ebpf-pid----5707----pid-1
---ebpf-pid----5707----pid-5707
---ebpf-pid----372881----pid-372881
---ebpf-pid----5707----pid-5476
---ebpf-pid----5707----pid-1
---ebpf-pid----5707----pid-5707
---ebpf-pid----5707----pid-5476
---ebpf-pid----5707----pid-1
---ebpf-pid----5707----pid-5707
---ebpf-pid----5707----pid-5476
---ebpf-pid----5707----pid-1
---ebpf-pid----5707----pid-5707
---ebpf-pid----5707----pid-5476
---ebpf-pid----5707----pid-1
---ebpf-pid----5707----pid-5707
---ebpf-pid----5707----pid-5476
---ebpf-pid----5707----pid-1
---ebpf-pid----5707----pid-5707
---ebpf-pid----5707----pid-5476
---ebpf-pid----6671----pid-1
---ebpf-pid----6671----pid-6671
---ebpf-pid----6671----pid-5476
---ebpf-pid----6671----pid-1
---ebpf-pid----6671----pid-6671
---ebpf-pid----6671----pid-5476
---ebpf-pid----6671----pid-1
---ebpf-pid----6671----pid-6671
---ebpf-pid----6671----pid-5476
---ebpf-pid----6671----pid-1
---ebpf-pid----6671----pid-6671
---ebpf-pid----6671----pid-5476
---ebpf-pid----372881----pid-1
---ebpf-pid----6671----pid-1
---ebpf-pid----372881----pid-372881
---ebpf-pid----6671----pid-6671
---ebpf-pid----6671----pid-5476
---ebpf-pid----372881----pid-1
---ebpf-pid----372881----pid-372881
---ebpf-pid----6671----pid-1
---ebpf-pid----372881----pid-1
---ebpf-pid----6671----pid-6671
---ebpf-pid----372881----pid-372881
---ebpf-pid----6671----pid-5476
---ebpf-pid----372881----pid-1
---ebpf-pid----372881----pid-372881
---ebpf-pid----6671----pid-1
---ebpf-pid----372881----pid-1
---ebpf-pid----6671----pid-6671
---ebpf-pid----372881----pid-372881
---ebpf-pid----6671----pid-5476
---ebpf-pid----372881----pid-1
---ebpf-pid----372881----pid-372881
---ebpf-pid----6671----pid-1
---ebpf-pid----6671----pid-6671
---ebpf-pid----372881----pid-1
---ebpf-pid----372881----pid-372881
---ebpf-pid----6671----pid-5476
---ebpf-pid----372881----pid-1
---ebpf-pid----6671----pid-1
---ebpf-pid----372881----pid-372881
---ebpf-pid----6671----pid-6671
---ebpf-pid----372881----pid-1
---ebpf-pid----6671----pid-5476
---ebpf-pid----372881----pid-372881
---ebpf-pid----6671----pid-1
---ebpf-pid----372881----pid-1
---ebpf-pid----6671----pid-6671
---ebpf-pid----372881----pid-372881
---ebpf-pid----6671----pid-5476
---ebpf-pid----372881----pid-1
---ebpf-pid----372881----pid-372881
---ebpf-pid----6671----pid-1
---ebpf-pid----6671----pid-6671
---ebpf-pid----372881----pid-1
---ebpf-pid----372881----pid-372881
---ebpf-pid----6671----pid-5476
---ebpf-pid----372881----pid-1
---ebpf-pid----6671----pid-1
---ebpf-pid----372881----pid-372881
---ebpf-pid----6671----pid-6671
---ebpf-pid----372881----pid-1
---ebpf-pid----6671----pid-5476
---ebpf-pid----372881----pid-372881
---ebpf-pid----6671----pid-1
---ebpf-pid----372881----pid-1
---ebpf-pid----6671----pid-6671
---ebpf-pid----372881----pid-372881
---ebpf-pid----6671----pid-5476
---ebpf-pid----372881----pid-1
---ebpf-pid----372881----pid-372881
---ebpf-pid----6671----pid-1
---ebpf-pid----6671----pid-6671
---ebpf-pid----372881----pid-1
---ebpf-pid----372881----pid-372881
---ebpf-pid----6671----pid-5476
---ebpf-pid----372881----pid-1
---ebpf-pid----372881----pid-372881
---ebpf-pid----6671----pid-1
---ebpf-pid----6671----pid-6671
---ebpf-pid----372881----pid-1
---ebpf-pid----372881----pid-372881
---ebpf-pid----6671----pid-5476
---ebpf-pid----372881----pid-1
---ebpf-pid----6671----pid-1
---ebpf-pid----372881----pid-372881
---ebpf-pid----6671----pid-6671
---ebpf-pid----6671----pid-5476
---ebpf-pid----372881----pid-1
---ebpf-pid----372881----pid-372881
---ebpf-pid----6671----pid-1
---ebpf-pid----6671----pid-6671
---ebpf-pid----372881----pid-1
---ebpf-pid----372881----pid-372881
---ebpf-pid----6671----pid-5476
---ebpf-pid----6671----pid-1
---ebpf-pid----372881----pid-1
---ebpf-pid----6671----pid-6671
---ebpf-pid----372881----pid-372881
---ebpf-pid----6671----pid-5476
---ebpf-pid----372881----pid-1
---ebpf-pid----372881----pid-372881
---ebpf-pid----6671----pid-1
---ebpf-pid----6671----pid-6671
---ebpf-pid----372881----pid-1
---ebpf-pid----6671----pid-5476
---ebpf-pid----372881----pid-372881
---ebpf-pid----6671----pid-1
---ebpf-pid----372881----pid-1
---ebpf-pid----6671----pid-6671
---ebpf-pid----372881----pid-372881
---ebpf-pid----6671----pid-5476
---ebpf-pid----372881----pid-1
---ebpf-pid----372881----pid-372881
---ebpf-pid----6671----pid-1
---ebpf-pid----5707----pid-1
---ebpf-pid----2029----pid-1
---ebpf-pid----5707----pid-5707
---ebpf-pid----2029----pid-2029
---ebpf-pid----5707----pid-5476
---ebpf-pid----2029----pid-1
---ebpf-pid----372881----pid-1
---ebpf-pid----2029----pid-2029
---ebpf-pid----5707----pid-1
---ebpf-pid----372881----pid-372881
---ebpf-pid----5707----pid-5707
---ebpf-pid----2029----pid-1
---ebpf-pid----372881----pid-1
---ebpf-pid----2029----pid-2029
---ebpf-pid----5707----pid-5476
---ebpf-pid----372881----pid-372881
---ebpf-pid----5707----pid-1
---ebpf-pid----2029----pid-1
---ebpf-pid----448785----pid-448785
---ebpf-pid----372881----pid-1
---ebpf-pid----2029----pid-2029
---ebpf-pid----372881----pid-372881
---ebpf-pid----448785----pid-448520
---ebpf-pid----2029----pid-1
---ebpf-pid----372881----pid-1
---ebpf-pid----2029----pid-2029
---ebpf-pid----448785----pid-1
---ebpf-pid----372881----pid-372881
---ebpf-pid----448785----pid-448785
---ebpf-pid----2029----pid-1
---ebpf-pid----372881----pid-1
---ebpf-pid----448785----pid-448520
---ebpf-pid----2029----pid-2029
---ebpf-pid----372881----pid-372881
---ebpf-pid----448785----pid-1
---ebpf-pid----5614----pid-5614
---ebpf-pid----2029----pid-1
---ebpf-pid----372881----pid-1
---ebpf-pid----2029----pid-2029
---ebpf-pid----372881----pid-372881
---ebpf-pid----5614----pid-1
---ebpf-pid----5637----pid-5637
---ebpf-pid----372881----pid-1
---ebpf-pid----2029----pid-1
---ebpf-pid----372881----pid-372881
---ebpf-pid----5637----pid-1
---ebpf-pid----2029----pid-2029
---ebpf-pid----372714----pid-372714
---ebpf-pid----372881----pid-1
---ebpf-pid----2029----pid-1
---ebpf-pid----372714----pid-5476
---ebpf-pid----372881----pid-372881
---ebpf-pid----2029----pid-2029
---ebpf-pid----372714----pid-1
---ebpf-pid----372881----pid-1
---ebpf-pid----372714----pid-372714
---ebpf-pid----2029----pid-1
---ebpf-pid----372881----pid-372881
---ebpf-pid----2029----pid-2029
---ebpf-pid----372714----pid-5476
---ebpf-pid----372881----pid-1
---ebpf-pid----2029----pid-1
---ebpf-pid----372881----pid-372881
---ebpf-pid----372714----pid-1
---ebpf-pid----2029----pid-2029
---ebpf-pid----379067----pid-379067
---ebpf-pid----372881----pid-1
---ebpf-pid----379067----pid-5476
---ebpf-pid----2029----pid-1
---ebpf-pid----372881----pid-372881
---ebpf-pid----2029----pid-2029
---ebpf-pid----379067----pid-1
---ebpf-pid----448521----pid-448521
---ebpf-pid----372881----pid-1
---ebpf-pid----2029----pid-1
---ebpf-pid----2029----pid-2029
---ebpf-pid----372881----pid-372881
---ebpf-pid----2029----pid-1
---ebpf-pid----372881----pid-1
---ebpf-pid----448521----pid-1
---ebpf-pid----2029----pid-2029
---ebpf-pid----372881----pid-372881
---ebpf-pid----372714----pid-372714
---ebpf-pid----2029----pid-1
---ebpf-pid----372881----pid-1
---ebpf-pid----372714----pid-5476
---ebpf-pid----2029----pid-2029
---ebpf-pid----372881----pid-372881
---ebpf-pid----372714----pid-1
---ebpf-pid----2029----pid-1
---ebpf-pid----372881----pid-1
---ebpf-pid----379067----pid-379067
---ebpf-pid----2029----pid-2029
---ebpf-pid----372881----pid-372881
---ebpf-pid----379067----pid-5476
---ebpf-pid----2029----pid-1
---ebpf-pid----372881----pid-1
---ebpf-pid----2029----pid-2029
---ebpf-pid----372881----pid-372881
---ebpf-pid----379067----pid-1
---ebpf-pid----379067----pid-379067
---ebpf-pid----372881----pid-1
---ebpf-pid----2029----pid-1
---ebpf-pid----372881----pid-372881
---ebpf-pid----2029----pid-2029
---ebpf-pid----379067----pid-5476
---ebpf-pid----372881----pid-1
---ebpf-pid----2029----pid-1
---ebpf-pid----379067----pid-1
---ebpf-pid----372881----pid-372881
---ebpf-pid----2029----pid-2029
---ebpf-pid----372714----pid-372714
---ebpf-pid----372714----pid-5476
---ebpf-pid----372881----pid-1
---ebpf-pid----2029----pid-1
---ebpf-pid----372881----pid-372881
---ebpf-pid----372714----pid-1
---ebpf-pid----372714----pid-372714
---ebpf-pid----372881----pid-1
---ebpf-pid----2029----pid-2029
---ebpf-pid----372881----pid-372881
---ebpf-pid----6671----pid-6671
---ebpf-pid----372881----pid-1
---ebpf-pid----6671----pid-5476
---ebpf-pid----372881----pid-372881
---ebpf-pid----2029----pid-1
---ebpf-pid----372881----pid-1
---ebpf-pid----372881----pid-372881
---ebpf-pid----372714----pid-5476
---ebpf-pid----2029----pid-2029
---ebpf-pid----372714----pid-1
---ebpf-pid----372714----pid-372714
---ebpf-pid----372881----pid-1
---ebpf-pid----372714----pid-5476
---ebpf-pid----372714----pid-1
---ebpf-pid----372881----pid-372881
---ebpf-pid----2029----pid-2029
---ebpf-pid----2029----pid-1
---ebpf-pid----2029----pid-1
---ebpf-pid----2029----pid-2029
---ebpf-pid----2029----pid-1
---ebpf-pid----2029----pid-2029
---ebpf-pid----2029----pid-1
---ebpf-pid----2029----pid-2029
---ebpf-pid----2029----pid-1
---ebpf-pid----2029----pid-2029
---ebpf-pid----2029----pid-1
---ebpf-pid----5707----pid-5707
---ebpf-pid----5707----pid-5476
---ebpf-pid----5707----pid-1
---ebpf-pid----5707----pid-5707
---ebpf-pid----5707----pid-5476
---ebpf-pid----5707----pid-1
---ebpf-pid----5707----pid-5707
---ebpf-pid----5707----pid-5476
---ebpf-pid----5707----pid-1
---ebpf-pid----5707----pid-5707
---ebpf-pid----5707----pid-5476
---ebpf-pid----5707----pid-1
---ebpf-pid----5707----pid-5707
---ebpf-pid----5707----pid-5476
---ebpf-pid----5707----pid-1
---ebpf-pid----5707----pid-5707
---ebpf-pid----5707----pid-5476
---ebpf-pid----2029----pid-2029
---ebpf-pid----2029----pid-1
---ebpf-pid----2029----pid-2029
---ebpf-pid----2029----pid-1
---ebpf-pid----2029----pid-2029
---ebpf-pid----2029----pid-1
---ebpf-pid----2029----pid-2029
---ebpf-pid----372881----pid-1
---ebpf-pid----372881----pid-372881
---ebpf-pid----372881----pid-1
---ebpf-pid----372881----pid-372881
---ebpf-pid----372881----pid-1
---ebpf-pid----372881----pid-372881
---ebpf-pid----372881----pid-1
---ebpf-pid----372881----pid-372881
---ebpf-pid----372881----pid-1
---ebpf-pid----372881----pid-372881
---ebpf-pid----372881----pid-1
---ebpf-pid----372881----pid-372881
---ebpf-pid----372881----pid-1
---ebpf-pid----372881----pid-372881
---ebpf-pid----372881----pid-1
---ebpf-pid----372881----pid-372881
---ebpf-pid----372881----pid-1
---ebpf-pid----372881----pid-372881
---ebpf-pid----372881----pid-1
---ebpf-pid----372881----pid-372881
---ebpf-pid----372881----pid-1
---ebpf-pid----372881----pid-372881
---ebpf-pid----372881----pid-1
---ebpf-pid----372881----pid-372881
---ebpf-pid----372881----pid-1
---ebpf-pid----372881----pid-372881
---ebpf-pid----372881----pid-1
---ebpf-pid----372881----pid-372881
---ebpf-pid----372881----pid-1
---ebpf-pid----372881----pid-372881
---ebpf-pid----2029----pid-1
---ebpf-pid----2029----pid-2029
---ebpf-pid----372881----pid-1
---ebpf-pid----372881----pid-372881
---ebpf-pid----2029----pid-1
---ebpf-pid----2029----pid-2029
---ebpf-pid----372881----pid-1
---ebpf-pid----372881----pid-372881
---ebpf-pid----2029----pid-1
---ebpf-pid----2029----pid-2029
---ebpf-pid----372881----pid-1
---ebpf-pid----372881----pid-372881
---ebpf-pid----2029----pid-1
---ebpf-pid----2029----pid-2029
---ebpf-pid----372881----pid-1
---ebpf-pid----372881----pid-372881
---ebpf-pid----2029----pid-1
---ebpf-pid----2029----pid-2029
---ebpf-pid----372881----pid-1
---ebpf-pid----2029----pid-1
---ebpf-pid----6671----pid-1
---ebpf-pid----2029----pid-2029
---ebpf-pid----6671----pid-6671
---ebpf-pid----2029----pid-1
---ebpf-pid----2029----pid-2029
---ebpf-pid----6671----pid-5476
---ebpf-pid----2029----pid-1
---ebpf-pid----372881----pid-372881
---ebpf-pid----6671----pid-1
---ebpf-pid----6671----pid-6671
---ebpf-pid----6671----pid-5476
---ebpf-pid----6671----pid-1
---ebpf-pid----6671----pid-6671
---ebpf-pid----6671----pid-5476
---ebpf-pid----6671----pid-1
---ebpf-pid----6671----pid-6671
---ebpf-pid----6671----pid-5476
---ebpf-pid----6671----pid-1
---ebpf-pid----6671----pid-6671
---ebpf-pid----6671----pid-5476
---ebpf-pid----6671----pid-1
---ebpf-pid----6671----pid-6671
---ebpf-pid----6671----pid-5476
---ebpf-pid----6671----pid-1
---ebpf-pid----6671----pid-6671
---ebpf-pid----6671----pid-5476
---ebpf-pid----5707----pid-1
---ebpf-pid----5707----pid-5707
---ebpf-pid----6671----pid-1
---ebpf-pid----6671----pid-6671
---ebpf-pid----5707----pid-5476
---ebpf-pid----6671----pid-5476
---ebpf-pid----5707----pid-1
---ebpf-pid----5707----pid-5707
---ebpf-pid----6671----pid-1
---ebpf-pid----6671----pid-6671
---ebpf-pid----5707----pid-5476
---ebpf-pid----6671----pid-5476
---ebpf-pid----5707----pid-1
---ebpf-pid----5707----pid-5707
---ebpf-pid----6671----pid-1
---ebpf-pid----6671----pid-6671
---ebpf-pid----5707----pid-5476
---ebpf-pid----6671----pid-5476
---ebpf-pid----5707----pid-1
---ebpf-pid----6671----pid-1
---ebpf-pid----5707----pid-5707
---ebpf-pid----6671----pid-6671
---ebpf-pid----5707----pid-5476
---ebpf-pid----6671----pid-5476
---ebpf-pid----5707----pid-1
---ebpf-pid----6671----pid-1
---ebpf-pid----379067----pid-379067
---ebpf-pid----6671----pid-6671
---ebpf-pid----379067----pid-5476
---ebpf-pid----6671----pid-5476
---ebpf-pid----379067----pid-1
---ebpf-pid----6671----pid-1
---ebpf-pid----379067----pid-379067
---ebpf-pid----6671----pid-6671
---ebpf-pid----379067----pid-5476
---ebpf-pid----6671----pid-5476
---ebpf-pid----379067----pid-1
---ebpf-pid----6671----pid-1
---ebpf-pid----379067----pid-379067
---ebpf-pid----6671----pid-6671
---ebpf-pid----379067----pid-5476
---ebpf-pid----6671----pid-5476
---ebpf-pid----379067----pid-1
---ebpf-pid----6671----pid-1
---ebpf-pid----448784----pid-448784
---ebpf-pid----6671----pid-6671
---ebpf-pid----372881----pid-372881
---ebpf-pid----448784----pid-448520
---ebpf-pid----6671----pid-5476
---ebpf-pid----372881----pid-1
---ebpf-pid----372881----pid-372881
---ebpf-pid----448784----pid-1
---ebpf-pid----6671----pid-1
---ebpf-pid----379067----pid-379067
---ebpf-pid----6671----pid-6671
---ebpf-pid----372881----pid-1
---ebpf-pid----372881----pid-372881
---ebpf-pid----379067----pid-5476
---ebpf-pid----6671----pid-5476
---ebpf-pid----372881----pid-1
---ebpf-pid----372881----pid-372881
---ebpf-pid----379067----pid-1
---ebpf-pid----6671----pid-1
---ebpf-pid----379067----pid-379067
---ebpf-pid----372881----pid-1
---ebpf-pid----2012----pid-2012
---ebpf-pid----372881----pid-372881
---ebpf-pid----379067----pid-5476
---ebpf-pid----2012----pid-1
---ebpf-pid----372881----pid-1
---ebpf-pid----372881----pid-372881
---ebpf-pid----2012----pid-2012
---ebpf-pid----379067----pid-1
---ebpf-pid----379067----pid-379067
---ebpf-pid----372881----pid-1
---ebpf-pid----2012----pid-1
---ebpf-pid----379067----pid-379067
---ebpf-pid----2012----pid-2012
---ebpf-pid----379067----pid-5476
---ebpf-pid----2012----pid-1
---ebpf-pid----379067----pid-5476
---ebpf-pid----2012----pid-2012
---ebpf-pid----379067----pid-1
---ebpf-pid----2012----pid-1
---ebpf-pid----379067----pid-379067
---ebpf-pid----2012----pid-2012
---ebpf-pid----379067----pid-5476
---ebpf-pid----2012----pid-1
---ebpf-pid----379067----pid-1
---ebpf-pid----2012----pid-2012
---ebpf-pid----379067----pid-379067
---ebpf-pid----2012----pid-1
---ebpf-pid----379067----pid-5476
---ebpf-pid----2012----pid-2012
---ebpf-pid----379067----pid-1
---ebpf-pid----379067----pid-1
---ebpf-pid----379067----pid-379067
---ebpf-pid----2012----pid-1
---ebpf-pid----2012----pid-2012
---ebpf-pid----379067----pid-5476
---ebpf-pid----2012----pid-1
---ebpf-pid----379067----pid-379067
---ebpf-pid----379067----pid-1
---ebpf-pid----2012----pid-2012
---ebpf-pid----5707----pid-5707
---ebpf-pid----2012----pid-1
---ebpf-pid----5707----pid-5476
---ebpf-pid----2012----pid-2012
---ebpf-pid----379067----pid-5476
---ebpf-pid----5707----pid-1
---ebpf-pid----2012----pid-1
---ebpf-pid----5707----pid-5707
---ebpf-pid----2012----pid-2012
---ebpf-pid----5707----pid-5476
---ebpf-pid----2012----pid-1
---ebpf-pid----379067----pid-1
---ebpf-pid----5707----pid-1
---ebpf-pid----2012----pid-2012
---ebpf-pid----5707----pid-5707
---ebpf-pid----379067----pid-379067
---ebpf-pid----2012----pid-1
---ebpf-pid----5707----pid-5476
---ebpf-pid----2012----pid-2012
---ebpf-pid----5707----pid-1
---ebpf-pid----2012----pid-1
---ebpf-pid----5707----pid-5707
---ebpf-pid----2012----pid-2012
---ebpf-pid----379067----pid-5476
---ebpf-pid----5707----pid-5476
---ebpf-pid----379067----pid-1
---ebpf-pid----2012----pid-1
---ebpf-pid----5707----pid-1
---ebpf-pid----2012----pid-2012
---ebpf-pid----5707----pid-5707
---ebpf-pid----379067----pid-379067
---ebpf-pid----5707----pid-5476
---ebpf-pid----2012----pid-1
---ebpf-pid----2012----pid-2012
---ebpf-pid----5707----pid-1
---ebpf-pid----5707----pid-5707
---ebpf-pid----2012----pid-1
---ebpf-pid----2012----pid-2012
---ebpf-pid----379067----pid-5476
---ebpf-pid----5707----pid-5476
---ebpf-pid----5707----pid-1
---ebpf-pid----2012----pid-1
---ebpf-pid----5707----pid-5707
---ebpf-pid----379067----pid-1
---ebpf-pid----5707----pid-5476
---ebpf-pid----379067----pid-379067
---ebpf-pid----5707----pid-1
---ebpf-pid----5707----pid-5707
---ebpf-pid----5707----pid-5476
---ebpf-pid----379067----pid-5476
---ebpf-pid----5707----pid-1
---ebpf-pid----5707----pid-5707
---ebpf-pid----379067----pid-1
---ebpf-pid----379067----pid-379067
---ebpf-pid----5707----pid-5476
---ebpf-pid----5707----pid-1
---ebpf-pid----5707----pid-5707
---ebpf-pid----379067----pid-5476
---ebpf-pid----5707----pid-5476
---ebpf-pid----379067----pid-1
---ebpf-pid----5707----pid-1
---ebpf-pid----379067----pid-379067
---ebpf-pid----5707----pid-5707
---ebpf-pid----5707----pid-5476
---ebpf-pid----379067----pid-5476
---ebpf-pid----5707----pid-1
---ebpf-pid----5707----pid-5707
---ebpf-pid----5707----pid-5476
---ebpf-pid----379067----pid-1
---ebpf-pid----379067----pid-379067
---ebpf-pid----5707----pid-1
---ebpf-pid----5707----pid-5707
---ebpf-pid----379067----pid-5476
---ebpf-pid----5707----pid-5476
---ebpf-pid----379067----pid-1
---ebpf-pid----379067----pid-379067
---ebpf-pid----5707----pid-1
---ebpf-pid----5707----pid-5707
---ebpf-pid----379067----pid-5476
---ebpf-pid----379067----pid-1
---ebpf-pid----5707----pid-5476
---ebpf-pid----372881----pid-1
---ebpf-pid----372881----pid-372881
---ebpf-pid----379067----pid-379067
---ebpf-pid----372881----pid-1
---ebpf-pid----5707----pid-1
---ebpf-pid----379067----pid-5476
---ebpf-pid----2089----pid-2089
---ebpf-pid----379067----pid-1
---ebpf-pid----379067----pid-379067
---ebpf-pid----379067----pid-5476
---ebpf-pid----2012----pid-2012
---ebpf-pid----379067----pid-1
---ebpf-pid----2012----pid-1
---ebpf-pid----379067----pid-379067
---ebpf-pid----2012----pid-2012
---ebpf-pid----379067----pid-5476
---ebpf-pid----2012----pid-1
---ebpf-pid----2012----pid-2012
---ebpf-pid----379067----pid-1
---ebpf-pid----2012----pid-1
---ebpf-pid----379067----pid-379067
---ebpf-pid----2012----pid-2012
---ebpf-pid----379067----pid-5476
---ebpf-pid----2012----pid-1
---ebpf-pid----372881----pid-372881
---ebpf-pid----379067----pid-1
---ebpf-pid----379067----pid-379067
---ebpf-pid----372881----pid-1
---ebpf-pid----372881----pid-372881
---ebpf-pid----379067----pid-5476
---ebpf-pid----372881----pid-1
---ebpf-pid----379067----pid-1
---ebpf-pid----372881----pid-372881
---ebpf-pid----379067----pid-379067
---ebpf-pid----372881----pid-1
---ebpf-pid----379067----pid-5476
---ebpf-pid----372881----pid-372881
---ebpf-pid----379067----pid-1
---ebpf-pid----372881----pid-1
---ebpf-pid----448783----pid-448783
---ebpf-pid----372881----pid-372881
---ebpf-pid----372881----pid-1
---ebpf-pid----448783----pid-448520
---ebpf-pid----372881----pid-372881
---ebpf-pid----448783----pid-1
---ebpf-pid----372881----pid-1
---ebpf-pid----448783----pid-448783
---ebpf-pid----372881----pid-372881
---ebpf-pid----448783----pid-448520
---ebpf-pid----372881----pid-1
---ebpf-pid----372881----pid-372881
---ebpf-pid----448783----pid-1
---ebpf-pid----372881----pid-1
---ebpf-pid----379067----pid-379067
---ebpf-pid----372881----pid-372881
---ebpf-pid----379067----pid-5476
---ebpf-pid----372881----pid-1
---ebpf-pid----379067----pid-1
---ebpf-pid----372881----pid-372881
---ebpf-pid----379067----pid-379067
---ebpf-pid----372881----pid-1
---ebpf-pid----372881----pid-372881
---ebpf-pid----372881----pid-1
---ebpf-pid----372881----pid-372881
---ebpf-pid----372881----pid-1
---ebpf-pid----372881----pid-372881
---ebpf-pid----372881----pid-1
---ebpf-pid----372881----pid-372881
---ebpf-pid----372881----pid-1
---ebpf-pid----372881----pid-372881
---ebpf-pid----372881----pid-1
---ebpf-pid----372881----pid-372881
---ebpf-pid----372881----pid-1
---ebpf-pid----372881----pid-372881
---ebpf-pid----372881----pid-1
---ebpf-pid----379067----pid-379067
---ebpf-pid----379067----pid-5476
---ebpf-pid----379067----pid-1
---ebpf-pid----379067----pid-379067
---ebpf-pid----379067----pid-5476
---ebpf-pid----379067----pid-1
---ebpf-pid----379067----pid-379067
---ebpf-pid----379067----pid-5476
---ebpf-pid----379067----pid-1
---ebpf-pid----379067----pid-379067
---ebpf-pid----379067----pid-5476
---ebpf-pid----379067----pid-5476
---ebpf-pid----379067----pid-1
---ebpf-pid----379067----pid-379067
---ebpf-pid----379067----pid-1
---ebpf-pid----2089----pid-1
---ebpf-pid----379067----pid-379067
---ebpf-pid----2089----pid-2089
---ebpf-pid----379067----pid-5476
---ebpf-pid----2089----pid-1
---ebpf-pid----2089----pid-2089
---ebpf-pid----379067----pid-1
---ebpf-pid----379067----pid-379067
---ebpf-pid----2089----pid-1
---ebpf-pid----2089----pid-2089
---ebpf-pid----379067----pid-5476
---ebpf-pid----2089----pid-1
---ebpf-pid----379067----pid-1
---ebpf-pid----2089----pid-2089
---ebpf-pid----379067----pid-379067
---ebpf-pid----2089----pid-1
---ebpf-pid----379067----pid-5476
---ebpf-pid----2089----pid-2089
---ebpf-pid----379067----pid-1
---ebpf-pid----2089----pid-1
---ebpf-pid----2089----pid-2089
---ebpf-pid----448784----pid-448784
---ebpf-pid----2089----pid-1
---ebpf-pid----448784----pid-448520
---ebpf-pid----2089----pid-2089
---ebpf-pid----448784----pid-1
---ebpf-pid----448782----pid-448782
---ebpf-pid----2089----pid-1
---ebpf-pid----2089----pid-2089
---ebpf-pid----448782----pid-448520
---ebpf-pid----2089----pid-1
---ebpf-pid----448782----pid-1
---ebpf-pid----2089----pid-2089
---ebpf-pid----372714----pid-372714
---ebpf-pid----2089----pid-1
---ebpf-pid----2089----pid-2089
---ebpf-pid----372714----pid-5476
---ebpf-pid----2089----pid-1
---ebpf-pid----372714----pid-1
---ebpf-pid----2089----pid-2089
---ebpf-pid----372714----pid-372714
---ebpf-pid----2089----pid-1
---ebpf-pid----2089----pid-2089
---ebpf-pid----372714----pid-5476
---ebpf-pid----2089----pid-1
---ebpf-pid----372714----pid-1
---ebpf-pid----2089----pid-2089
---ebpf-pid----448783----pid-448783
---ebpf-pid----448783----pid-448520
---ebpf-pid----2089----pid-1
---ebpf-pid----448783----pid-1
---ebpf-pid----2089----pid-2089
---ebpf-pid----448783----pid-448783
---ebpf-pid----2089----pid-1
---ebpf-pid----448783----pid-448520
---ebpf-pid----2089----pid-2089
---ebpf-pid----448783----pid-1
---ebpf-pid----448783----pid-448783
---ebpf-pid----2089----pid-1
---ebpf-pid----2089----pid-2089
---ebpf-pid----448783----pid-448520
---ebpf-pid----448783----pid-1
---ebpf-pid----372714----pid-372714
---ebpf-pid----372714----pid-5476
---ebpf-pid----372714----pid-1
---ebpf-pid----372714----pid-372714
---ebpf-pid----372714----pid-5476
---ebpf-pid----372714----pid-1
---ebpf-pid----372714----pid-372714
---ebpf-pid----372714----pid-5476
---ebpf-pid----372714----pid-1
---ebpf-pid----372714----pid-372714
---ebpf-pid----372714----pid-5476
---ebpf-pid----372714----pid-1
---ebpf-pid----372714----pid-372714
---ebpf-pid----372714----pid-5476
---ebpf-pid----372881----pid-372881
---ebpf-pid----372714----pid-1
---ebpf-pid----372714----pid-372714
---ebpf-pid----372881----pid-1
---ebpf-pid----372714----pid-5476
---ebpf-pid----372881----pid-372881
---ebpf-pid----372714----pid-1
---ebpf-pid----372881----pid-1
---ebpf-pid----372714----pid-372714
---ebpf-pid----372881----pid-372881
---ebpf-pid----372881----pid-1
---ebpf-pid----372714----pid-5476
---ebpf-pid----372881----pid-372881
---ebpf-pid----372714----pid-1
---ebpf-pid----372714----pid-372714
---ebpf-pid----372881----pid-1
---ebpf-pid----372881----pid-372881
---ebpf-pid----372714----pid-5476
---ebpf-pid----372881----pid-1
---ebpf-pid----372881----pid-372881
---ebpf-pid----372714----pid-1
---ebpf-pid----372714----pid-372714
---ebpf-pid----372881----pid-1
---ebpf-pid----372881----pid-372881
---ebpf-pid----372714----pid-5476
---ebpf-pid----372881----pid-1
---ebpf-pid----372714----pid-1
---ebpf-pid----372881----pid-372881
---ebpf-pid----372714----pid-372714
---ebpf-pid----372881----pid-1
---ebpf-pid----372714----pid-5476
---ebpf-pid----372881----pid-372881
---ebpf-pid----372714----pid-1
---ebpf-pid----372881----pid-1
---ebpf-pid----372714----pid-372714
---ebpf-pid----372881----pid-372881
---ebpf-pid----372714----pid-5476
---ebpf-pid----372881----pid-1
---ebpf-pid----372881----pid-372881
---ebpf-pid----372714----pid-1
---ebpf-pid----372714----pid-372714
---ebpf-pid----372881----pid-1
---ebpf-pid----372881----pid-372881
---ebpf-pid----372881----pid-1
---ebpf-pid----372881----pid-372881
---ebpf-pid----372881----pid-1
---ebpf-pid----372881----pid-372881
---ebpf-pid----372881----pid-1
---ebpf-pid----372881----pid-372881
---ebpf-pid----372881----pid-1
---ebpf-pid----372881----pid-372881
---ebpf-pid----372881----pid-1
---ebpf-pid----372881----pid-372881
---ebpf-pid----372881----pid-1
---ebpf-pid----372881----pid-372881
---ebpf-pid----372881----pid-1
---ebpf-pid----372881----pid-372881
---ebpf-pid----372714----pid-5476
---ebpf-pid----372714----pid-1
---ebpf-pid----372714----pid-372714
---ebpf-pid----372714----pid-5476
---ebpf-pid----372714----pid-1
---ebpf-pid----372714----pid-372714
---ebpf-pid----372714----pid-5476
---ebpf-pid----372714----pid-1
---ebpf-pid----372714----pid-372714
---ebpf-pid----372714----pid-5476
---ebpf-pid----372714----pid-1
---ebpf-pid----372714----pid-372714
---ebpf-pid----372714----pid-5476
---ebpf-pid----372714----pid-1
---ebpf-pid----372714----pid-372714
---ebpf-pid----372714----pid-5476
---ebpf-pid----372714----pid-1
---ebpf-pid----372714----pid-372714
---ebpf-pid----372714----pid-5476
---ebpf-pid----372714----pid-1
---ebpf-pid----372714----pid-372714
---ebpf-pid----372714----pid-5476
---ebpf-pid----372714----pid-1
---ebpf-pid----372714----pid-372714
---ebpf-pid----372714----pid-5476
---ebpf-pid----372714----pid-1
---ebpf-pid----372881----pid-1
---ebpf-pid----372714----pid-372714
---ebpf-pid----372881----pid-372881
---ebpf-pid----372714----pid-5476
---ebpf-pid----372881----pid-1
---ebpf-pid----372881----pid-372881
---ebpf-pid----372714----pid-1
---ebpf-pid----372714----pid-372714
---ebpf-pid----372881----pid-1
---ebpf-pid----372881----pid-372881
---ebpf-pid----372714----pid-5476
---ebpf-pid----372881----pid-1
---ebpf-pid----372714----pid-1
---ebpf-pid----372881----pid-372881
---ebpf-pid----372714----pid-372714
---ebpf-pid----372881----pid-1
---ebpf-pid----372714----pid-5476
---ebpf-pid----372881----pid-372881
---ebpf-pid----372714----pid-1
---ebpf-pid----372881----pid-1
---ebpf-pid----372714----pid-372714
---ebpf-pid----372881----pid-372881
---ebpf-pid----372714----pid-5476
---ebpf-pid----372881----pid-1
---ebpf-pid----372881----pid-372881
---ebpf-pid----372714----pid-1
---ebpf-pid----372714----pid-372714
---ebpf-pid----372881----pid-1
---ebpf-pid----372881----pid-372881
---ebpf-pid----372881----pid-1
---ebpf-pid----5707----pid-5707
---ebpf-pid----5707----pid-5476
---ebpf-pid----5707----pid-1
---ebpf-pid----5707----pid-5707
---ebpf-pid----5707----pid-5476
---ebpf-pid----5707----pid-1
---ebpf-pid----5707----pid-5707
---ebpf-pid----5707----pid-5476
---ebpf-pid----5707----pid-1
---ebpf-pid----372881----pid-372881
---ebpf-pid----372881----pid-1
---ebpf-pid----372881----pid-372881
---ebpf-pid----372881----pid-1
---ebpf-pid----372881----pid-372881
---ebpf-pid----372881----pid-1
---ebpf-pid----372714----pid-5476
---ebpf-pid----372881----pid-372881
---ebpf-pid----372714----pid-1
---ebpf-pid----379067----pid-5476
---ebpf-pid----372881----pid-1
---ebpf-pid----372714----pid-372714
---ebpf-pid----372881----pid-372881
---ebpf-pid----379067----pid-1
---ebpf-pid----379067----pid-379067
---ebpf-pid----372881----pid-1
---ebpf-pid----372881----pid-372881
---ebpf-pid----379067----pid-5476
---ebpf-pid----372881----pid-1
---ebpf-pid----372881----pid-372881
---ebpf-pid----379067----pid-1
---ebpf-pid----379067----pid-379067
---ebpf-pid----372881----pid-1
---ebpf-pid----372881----pid-372881
---ebpf-pid----379067----pid-5476
---ebpf-pid----372881----pid-1
---ebpf-pid----379067----pid-1
---ebpf-pid----379067----pid-379067
---ebpf-pid----372881----pid-372881
---ebpf-pid----372714----pid-5476
---ebpf-pid----372714----pid-1
---ebpf-pid----372714----pid-372714
---ebpf-pid----372714----pid-5476
---ebpf-pid----372714----pid-1
---ebpf-pid----372714----pid-372714
---ebpf-pid----372714----pid-5476
---ebpf-pid----372714----pid-1
---ebpf-pid----372714----pid-372714
---ebpf-pid----372714----pid-5476
---ebpf-pid----372714----pid-1
---ebpf-pid----372714----pid-372714
---ebpf-pid----372714----pid-5476
---ebpf-pid----372714----pid-1
---ebpf-pid----372714----pid-372714
---ebpf-pid----372714----pid-5476
---ebpf-pid----372714----pid-1
---ebpf-pid----372714----pid-372714
---ebpf-pid----372714----pid-5476
---ebpf-pid----372714----pid-1
---ebpf-pid----372714----pid-372714
---ebpf-pid----372714----pid-5476
---ebpf-pid----372714----pid-1
---ebpf-pid----379067----pid-379067
---ebpf-pid----379067----pid-5476
---ebpf-pid----379067----pid-1
---ebpf-pid----379067----pid-379067
---ebpf-pid----379067----pid-5476
---ebpf-pid----379067----pid-1
---ebpf-pid----379067----pid-379067
---ebpf-pid----379067----pid-5476
---ebpf-pid----379067----pid-1
---ebpf-pid----372714----pid-372714
---ebpf-pid----372714----pid-5476
---ebpf-pid----372714----pid-1
---ebpf-pid----372714----pid-372714
---ebpf-pid----372881----pid-1
---ebpf-pid----372881----pid-372881
---ebpf-pid----372714----pid-5476
---ebpf-pid----372881----pid-1
---ebpf-pid----372881----pid-372881
---ebpf-pid----372714----pid-1
---ebpf-pid----448783----pid-448783
---ebpf-pid----372881----pid-1
---ebpf-pid----372881----pid-372881
---ebpf-pid----448783----pid-448520
---ebpf-pid----372881----pid-1
---ebpf-pid----372881----pid-372881
---ebpf-pid----448783----pid-1
---ebpf-pid----379067----pid-379067
---ebpf-pid----372881----pid-1
---ebpf-pid----2089----pid-1
---ebpf-pid----372881----pid-372881
---ebpf-pid----2089----pid-2089
---ebpf-pid----372881----pid-1
---ebpf-pid----2089----pid-1
---ebpf-pid----372881----pid-372881
---ebpf-pid----2089----pid-2089
---ebpf-pid----372881----pid-1
---ebpf-pid----372881----pid-372881
---ebpf-pid----2089----pid-1
---ebpf-pid----2089----pid-2089
---ebpf-pid----372881----pid-1
---ebpf-pid----372881----pid-372881
---ebpf-pid----2089----pid-1
---ebpf-pid----2089----pid-2089
---ebpf-pid----372881----pid-1
---ebpf-pid----372881----pid-372881
---ebpf-pid----2089----pid-1
---ebpf-pid----2089----pid-2089
---ebpf-pid----372881----pid-1
---ebpf-pid----372881----pid-372881
---ebpf-pid----2089----pid-1
---ebpf-pid----2089----pid-2089
---ebpf-pid----372881----pid-1
---ebpf-pid----372881----pid-372881
---ebpf-pid----2089----pid-1
---ebpf-pid----2089----pid-2089
---ebpf-pid----372881----pid-1
---ebpf-pid----372881----pid-372881
---ebpf-pid----2089----pid-1
---ebpf-pid----2089----pid-2089
---ebpf-pid----2089----pid-1
---ebpf-pid----2089----pid-2089
---ebpf-pid----2089----pid-1
---ebpf-pid----2089----pid-2089
---ebpf-pid----379067----pid-5476
---ebpf-pid----2089----pid-1
---ebpf-pid----379067----pid-1
---ebpf-pid----2089----pid-2089
---ebpf-pid----379067----pid-379067
---ebpf-pid----379067----pid-5476
---ebpf-pid----2089----pid-1
---ebpf-pid----2089----pid-2089
---ebpf-pid----379067----pid-1
---ebpf-pid----379067----pid-379067
---ebpf-pid----2089----pid-1
---ebpf-pid----2089----pid-2089
---ebpf-pid----379067----pid-5476
---ebpf-pid----2089----pid-1
---ebpf-pid----379067----pid-1
---ebpf-pid----2089----pid-2089
---ebpf-pid----379067----pid-379067
---ebpf-pid----379067----pid-5476
---ebpf-pid----2089----pid-1
---ebpf-pid----2089----pid-2089
---ebpf-pid----379067----pid-1
---ebpf-pid----379067----pid-379067
---ebpf-pid----379067----pid-5476
---ebpf-pid----379067----pid-5476
---ebpf-pid----379067----pid-1
---ebpf-pid----379067----pid-1
---ebpf-pid----379067----pid-379067
---ebpf-pid----2094----pid-2094
---ebpf-pid----2094----pid-1
---ebpf-pid----2094----pid-2094
---ebpf-pid----2094----pid-1
---ebpf-pid----2094----pid-2094
---ebpf-pid----2094----pid-1
---ebpf-pid----2094----pid-2094
---ebpf-pid----2094----pid-1
---ebpf-pid----2094----pid-2094
---ebpf-pid----2094----pid-1
---ebpf-pid----2094----pid-2094
---ebpf-pid----2094----pid-1
---ebpf-pid----2094----pid-2094
---ebpf-pid----2094----pid-1
---ebpf-pid----2094----pid-2094
---ebpf-pid----2094----pid-1
---ebpf-pid----379067----pid-5476
---ebpf-pid----2094----pid-2094
---ebpf-pid----379067----pid-1
---ebpf-pid----2094----pid-1
---ebpf-pid----379067----pid-379067
---ebpf-pid----2094----pid-2094
---ebpf-pid----379067----pid-5476
---ebpf-pid----2094----pid-1
---ebpf-pid----2094----pid-2094
---ebpf-pid----379067----pid-1
---ebpf-pid----379067----pid-379067
---ebpf-pid----2094----pid-1
---ebpf-pid----379067----pid-5476
---ebpf-pid----2094----pid-2094
---ebpf-pid----379067----pid-1
---ebpf-pid----2094----pid-1
---ebpf-pid----379067----pid-379067
---ebpf-pid----2094----pid-2094
---ebpf-pid----2094----pid-1
---ebpf-pid----2094----pid-2094
---ebpf-pid----2094----pid-1
---ebpf-pid----2094----pid-2094
---ebpf-pid----372881----pid-1
---ebpf-pid----2094----pid-1
---ebpf-pid----372881----pid-372881
---ebpf-pid----2094----pid-2094
---ebpf-pid----372881----pid-1
---ebpf-pid----2094----pid-1
---ebpf-pid----2012----pid-2012
---ebpf-pid----2094----pid-2094
---ebpf-pid----2012----pid-1
---ebpf-pid----2094----pid-1
---ebpf-pid----2012----pid-2012
---ebpf-pid----2094----pid-2094
---ebpf-pid----2094----pid-1
---ebpf-pid----2012----pid-1
---ebpf-pid----2094----pid-2094
---ebpf-pid----2012----pid-2012
---ebpf-pid----2094----pid-1
---ebpf-pid----2012----pid-1
---ebpf-pid----2094----pid-2094
---ebpf-pid----2012----pid-2012
---ebpf-pid----2012----pid-1
---ebpf-pid----2094----pid-1
---ebpf-pid----2012----pid-2012
---ebpf-pid----2094----pid-2094
---ebpf-pid----2012----pid-1
---ebpf-pid----2012----pid-2012
---ebpf-pid----2094----pid-1
---ebpf-pid----2012----pid-1
---ebpf-pid----2094----pid-2094
---ebpf-pid----2012----pid-2012
---ebpf-pid----2094----pid-1
---ebpf-pid----2012----pid-1
---ebpf-pid----379067----pid-5476
---ebpf-pid----2094----pid-2094
---ebpf-pid----2012----pid-2012
---ebpf-pid----379067----pid-1
---ebpf-pid----2012----pid-1
---ebpf-pid----2094----pid-1
---ebpf-pid----379067----pid-379067
---ebpf-pid----2012----pid-2012
---ebpf-pid----2094----pid-2094
---ebpf-pid----379067----pid-5476
---ebpf-pid----2012----pid-1
---ebpf-pid----2094----pid-1
---ebpf-pid----372881----pid-372881
---ebpf-pid----2094----pid-2094
---ebpf-pid----2089----pid-1
---ebpf-pid----379067----pid-1
---ebpf-pid----2089----pid-2089
---ebpf-pid----379067----pid-379067
---ebpf-pid----2094----pid-1
---ebpf-pid----372881----pid-1
---ebpf-pid----2094----pid-2094
---ebpf-pid----372881----pid-372881
---ebpf-pid----2089----pid-1
---ebpf-pid----379067----pid-5476
---ebpf-pid----2089----pid-2089
---ebpf-pid----372881----pid-1
---ebpf-pid----379067----pid-1
---ebpf-pid----6671----pid-6671
---ebpf-pid----2089----pid-1
---ebpf-pid----379067----pid-379067
---ebpf-pid----2094----pid-1
---ebpf-pid----2089----pid-2089
---ebpf-pid----5707----pid-5707
---ebpf-pid----6671----pid-5476
---ebpf-pid----379067----pid-5476
---ebpf-pid----2089----pid-1
---ebpf-pid----2089----pid-2089
---ebpf-pid----5707----pid-5476
---ebpf-pid----6671----pid-1
---ebpf-pid----379067----pid-1
---ebpf-pid----6671----pid-6671
---ebpf-pid----379067----pid-379067
---ebpf-pid----2089----pid-1
---ebpf-pid----5707----pid-1
---ebpf-pid----2089----pid-2089
---ebpf-pid----5707----pid-5707
---ebpf-pid----6671----pid-5476
---ebpf-pid----379067----pid-5476
---ebpf-pid----2089----pid-1
---ebpf-pid----5707----pid-5476
---ebpf-pid----6671----pid-1
---ebpf-pid----2089----pid-2089
---ebpf-pid----379067----pid-1
---ebpf-pid----379067----pid-379067
---ebpf-pid----379067----pid-379067
---ebpf-pid----5707----pid-1
---ebpf-pid----2089----pid-1
---ebpf-pid----379067----pid-5476
---ebpf-pid----2089----pid-2089
---ebpf-pid----5707----pid-5707
---ebpf-pid----379067----pid-1
---ebpf-pid----2089----pid-1
---ebpf-pid----5707----pid-5707
---ebpf-pid----5707----pid-5476
---ebpf-pid----2089----pid-2089
---ebpf-pid----5707----pid-5476
---ebpf-pid----5707----pid-1
---ebpf-pid----2089----pid-1
---ebpf-pid----5707----pid-5707
---ebpf-pid----2089----pid-2089
---ebpf-pid----5707----pid-1
---ebpf-pid----2089----pid-1
---ebpf-pid----5707----pid-5476
---ebpf-pid----2089----pid-2089
---ebpf-pid----5707----pid-1
---ebpf-pid----5707----pid-5707
---ebpf-pid----5707----pid-5476
---ebpf-pid----379067----pid-5476
---ebpf-pid----379067----pid-1
---ebpf-pid----379067----pid-379067
---ebpf-pid----379067----pid-5476
---ebpf-pid----379067----pid-1
---ebpf-pid----379067----pid-379067
---ebpf-pid----379067----pid-5476
---ebpf-pid----379067----pid-1
---ebpf-pid----379067----pid-379067
---ebpf-pid----379067----pid-5476
---ebpf-pid----379067----pid-1
---ebpf-pid----379067----pid-379067
---ebpf-pid----379067----pid-5476
---ebpf-pid----379067----pid-1
---ebpf-pid----379067----pid-379067
---ebpf-pid----379067----pid-5476
---ebpf-pid----379067----pid-1
---ebpf-pid----379067----pid-379067
---ebpf-pid----379067----pid-5476
---ebpf-pid----379067----pid-1
---ebpf-pid----379067----pid-379067
---ebpf-pid----379067----pid-5476
---ebpf-pid----379067----pid-1
---ebpf-pid----379067----pid-379067
---ebpf-pid----379067----pid-5476
---ebpf-pid----379067----pid-1
---ebpf-pid----379067----pid-379067
---ebpf-pid----379067----pid-5476
---ebpf-pid----379067----pid-1
---ebpf-pid----379067----pid-379067
---ebpf-pid----379067----pid-5476
---ebpf-pid----379067----pid-1
---ebpf-pid----379067----pid-379067
---ebpf-pid----379067----pid-5476
---ebpf-pid----379067----pid-1
---ebpf-pid----379067----pid-379067
---ebpf-pid----2089----pid-2089
---ebpf-pid----2089----pid-1
---ebpf-pid----2089----pid-2089
---ebpf-pid----2089----pid-1
---ebpf-pid----2089----pid-2089
---ebpf-pid----2089----pid-1
---ebpf-pid----6671----pid-6671
---ebpf-pid----6671----pid-5476
---ebpf-pid----6671----pid-1
---ebpf-pid----6671----pid-6671
---ebpf-pid----6671----pid-5476
---ebpf-pid----6671----pid-1
---ebpf-pid----2029----pid-2029
---ebpf-pid----2029----pid-1
---ebpf-pid----379067----pid-5476
---ebpf-pid----5707----pid-1
---ebpf-pid----448785----pid-448785
---ebpf-pid----2089----pid-1
---ebpf-pid----2029----pid-2029
---ebpf-pid----448785----pid-448520
---ebpf-pid----2089----pid-2089
---ebpf-pid----2029----pid-1
---ebpf-pid----2029----pid-2029
---ebpf-pid----2029----pid-1
---ebpf-pid----2029----pid-2029
---ebpf-pid----2029----pid-1
---ebpf-pid----2029----pid-2029
---ebpf-pid----2029----pid-1
---ebpf-pid----2089----pid-1
---ebpf-pid----379067----pid-1
---ebpf-pid----2029----pid-2029
---ebpf-pid----379067----pid-379067
---ebpf-pid----2029----pid-1
---ebpf-pid----2089----pid-2089
---ebpf-pid----2029----pid-2029
---ebpf-pid----379067----pid-5476
---ebpf-pid----2089----pid-1
---ebpf-pid----2029----pid-1
---ebpf-pid----2089----pid-2089
---ebpf-pid----379067----pid-1
---ebpf-pid----2089----pid-2089
---ebpf-pid----379067----pid-379067
---ebpf-pid----2089----pid-1
---ebpf-pid----2089----pid-1
---ebpf-pid----379067----pid-5476
---ebpf-pid----2089----pid-2089
---ebpf-pid----2089----pid-2089
---ebpf-pid----2089----pid-1
---ebpf-pid----2089----pid-1
---ebpf-pid----2089----pid-2089
---ebpf-pid----2089----pid-2089
---ebpf-pid----2089----pid-1
---ebpf-pid----2089----pid-2089
---ebpf-pid----2089----pid-1
---ebpf-pid----2089----pid-2089
---ebpf-pid----2089----pid-1
---ebpf-pid----2089----pid-2089
---ebpf-pid----2089----pid-1
---ebpf-pid----2089----pid-2089
---ebpf-pid----2089----pid-1
---ebpf-pid----2089----pid-2089
---ebpf-pid----2089----pid-1
---ebpf-pid----2089----pid-2089
---ebpf-pid----2089----pid-1
---ebpf-pid----2089----pid-2089
---ebpf-pid----2089----pid-1
---ebpf-pid----2089----pid-2089
---ebpf-pid----379067----pid-1
---ebpf-pid----379067----pid-379067
---ebpf-pid----2089----pid-1
---ebpf-pid----2089----pid-2089
---ebpf-pid----379067----pid-5476
---ebpf-pid----379067----pid-1
---ebpf-pid----2089----pid-1
---ebpf-pid----2089----pid-2089
---ebpf-pid----2089----pid-1
---ebpf-pid----2089----pid-2089
---ebpf-pid----2089----pid-1
---ebpf-pid----2089----pid-2089
---ebpf-pid----2089----pid-1
---ebpf-pid----2089----pid-2089
---ebpf-pid----379067----pid-379067
---ebpf-pid----379067----pid-5476
---ebpf-pid----379067----pid-1
---ebpf-pid----379067----pid-379067
---ebpf-pid----379067----pid-5476
---ebpf-pid----379067----pid-1
---ebpf-pid----379067----pid-379067
---ebpf-pid----379067----pid-5476
---ebpf-pid----379067----pid-1
---ebpf-pid----379067----pid-379067
---ebpf-pid----379067----pid-5476
---ebpf-pid----379067----pid-1
---ebpf-pid----379067----pid-379067
---ebpf-pid----379067----pid-5476
---ebpf-pid----379067----pid-1
---ebpf-pid----379067----pid-379067
---ebpf-pid----379067----pid-5476
---ebpf-pid----379067----pid-1
---ebpf-pid----379067----pid-379067
---ebpf-pid----379067----pid-5476
---ebpf-pid----379067----pid-1
---ebpf-pid----379067----pid-379067
---ebpf-pid----379067----pid-5476
---ebpf-pid----379067----pid-1
---ebpf-pid----379067----pid-379067
---ebpf-pid----379067----pid-5476
---ebpf-pid----379067----pid-1
---ebpf-pid----379067----pid-379067
---ebpf-pid----379067----pid-5476
---ebpf-pid----379067----pid-1
---ebpf-pid----379067----pid-379067
---ebpf-pid----379067----pid-5476
---ebpf-pid----379067----pid-1
---ebpf-pid----379067----pid-379067
---ebpf-pid----379067----pid-5476
---ebpf-pid----379067----pid-1
---ebpf-pid----6671----pid-6671
---ebpf-pid----6671----pid-5476
---ebpf-pid----6671----pid-1
---ebpf-pid----379067----pid-379067
---ebpf-pid----379067----pid-5476
---ebpf-pid----379067----pid-1
---ebpf-pid----379067----pid-379067
---ebpf-pid----379067----pid-5476
---ebpf-pid----379067----pid-1
---ebpf-pid----448782----pid-448782
---ebpf-pid----448782----pid-448520
---ebpf-pid----448782----pid-1
---ebpf-pid----6671----pid-6671
---ebpf-pid----6671----pid-5476
---ebpf-pid----6671----pid-1
---ebpf-pid----6671----pid-6671
---ebpf-pid----6671----pid-5476
---ebpf-pid----6671----pid-1
---ebpf-pid----6671----pid-6671
---ebpf-pid----448785----pid-1
---ebpf-pid----6671----pid-5476
---ebpf-pid----448785----pid-448785
---ebpf-pid----6671----pid-1
---ebpf-pid----6671----pid-6671
---ebpf-pid----6671----pid-5476
---ebpf-pid----6671----pid-1
---ebpf-pid----448785----pid-448520
---ebpf-pid----6671----pid-6671
---ebpf-pid----6671----pid-5476
---ebpf-pid----448785----pid-1
---ebpf-pid----2089----pid-1
---ebpf-pid----448785----pid-448785
---ebpf-pid----6671----pid-1
---ebpf-pid----2089----pid-2089
---ebpf-pid----6671----pid-6671
---ebpf-pid----2089----pid-1
---ebpf-pid----6671----pid-5476
---ebpf-pid----2089----pid-2089
---ebpf-pid----448785----pid-448520
---ebpf-pid----6671----pid-1
---ebpf-pid----6671----pid-6671
---ebpf-pid----2089----pid-1
---ebpf-pid----448785----pid-1
---ebpf-pid----2089----pid-2089
---ebpf-pid----2094----pid-2094
---ebpf-pid----6671----pid-5476
---ebpf-pid----2089----pid-1
---ebpf-pid----2094----pid-1
---ebpf-pid----2089----pid-2089
---ebpf-pid----6671----pid-1
---ebpf-pid----2094----pid-2094
---ebpf-pid----6671----pid-6671
---ebpf-pid----2089----pid-1
---ebpf-pid----2094----pid-1
---ebpf-pid----2089----pid-2089
---ebpf-pid----6671----pid-5476
---ebpf-pid----2094----pid-2094
---ebpf-pid----6671----pid-1
---ebpf-pid----2094----pid-1
---ebpf-pid----6671----pid-6671
---ebpf-pid----2094----pid-2094
---ebpf-pid----2089----pid-1
---ebpf-pid----6671----pid-5476
---ebpf-pid----2094----pid-1
---ebpf-pid----2094----pid-2094
---ebpf-pid----2094----pid-2094
---ebpf-pid----6671----pid-1
---ebpf-pid----2094----pid-1
---ebpf-pid----6671----pid-6671
---ebpf-pid----2094----pid-1
---ebpf-pid----2094----pid-2094
---ebpf-pid----2094----pid-2094
---ebpf-pid----6671----pid-5476
---ebpf-pid----2094----pid-1
---ebpf-pid----2094----pid-1
---ebpf-pid----2094----pid-2094
---ebpf-pid----2094----pid-2094
---ebpf-pid----6671----pid-1
---ebpf-pid----6671----pid-6671
---ebpf-pid----2094----pid-1
---ebpf-pid----2094----pid-1
---ebpf-pid----2094----pid-2094
---ebpf-pid----2094----pid-2094
---ebpf-pid----6671----pid-5476
---ebpf-pid----2094----pid-1
---ebpf-pid----2094----pid-1
---ebpf-pid----6671----pid-1
---ebpf-pid----2094----pid-2094
---ebpf-pid----2094----pid-2094
---ebpf-pid----6671----pid-6671
---ebpf-pid----2094----pid-1
---ebpf-pid----6671----pid-5476
---ebpf-pid----2094----pid-1
---ebpf-pid----2094----pid-2094
---ebpf-pid----2094----pid-2094
---ebpf-pid----6671----pid-1
---ebpf-pid----2094----pid-1
---ebpf-pid----2094----pid-1
---ebpf-pid----6671----pid-6671
---ebpf-pid----2094----pid-2094
---ebpf-pid----2094----pid-2094
---ebpf-pid----6671----pid-5476
---ebpf-pid----2094----pid-1
---ebpf-pid----2094----pid-1
---ebpf-pid----2094----pid-2094
---ebpf-pid----2094----pid-2094
---ebpf-pid----6671----pid-1
---ebpf-pid----2094----pid-1
---ebpf-pid----6671----pid-6671
---ebpf-pid----2094----pid-2094
---ebpf-pid----2094----pid-1
---ebpf-pid----2094----pid-2094
---ebpf-pid----6671----pid-5476
---ebpf-pid----2094----pid-1
---ebpf-pid----2094----pid-1
---ebpf-pid----2094----pid-2094
---ebpf-pid----6671----pid-1
---ebpf-pid----2029----pid-2029
---ebpf-pid----6671----pid-6671
---ebpf-pid----2094----pid-1
---ebpf-pid----2094----pid-2094
---ebpf-pid----6671----pid-5476
---ebpf-pid----2029----pid-1
---ebpf-pid----2029----pid-2029
---ebpf-pid----2094----pid-1
---ebpf-pid----6671----pid-1
---ebpf-pid----2094----pid-2094
---ebpf-pid----6671----pid-6671
---ebpf-pid----2029----pid-1
---ebpf-pid----2029----pid-2029
---ebpf-pid----2094----pid-1
---ebpf-pid----6671----pid-5476
---ebpf-pid----2094----pid-2094
---ebpf-pid----2029----pid-1
---ebpf-pid----2029----pid-2029
---ebpf-pid----6671----pid-1
---ebpf-pid----2094----pid-1
---ebpf-pid----6671----pid-6671
---ebpf-pid----2094----pid-2094
---ebpf-pid----2029----pid-1
---ebpf-pid----2029----pid-2029
---ebpf-pid----2094----pid-1
---ebpf-pid----6671----pid-5476
---ebpf-pid----2094----pid-2094
---ebpf-pid----2029----pid-1
---ebpf-pid----6671----pid-1
---ebpf-pid----2029----pid-2029
---ebpf-pid----6671----pid-6671
---ebpf-pid----2029----pid-1
---ebpf-pid----6671----pid-5476
---ebpf-pid----2029----pid-2029
---ebpf-pid----6671----pid-1
---ebpf-pid----2029----pid-1
---ebpf-pid----6671----pid-6671
---ebpf-pid----2029----pid-2029
---ebpf-pid----2094----pid-1
---ebpf-pid----2094----pid-2094
---ebpf-pid----6671----pid-5476
---ebpf-pid----6671----pid-1
---ebpf-pid----2094----pid-1
---ebpf-pid----6671----pid-6671
---ebpf-pid----2094----pid-2094
---ebpf-pid----6671----pid-5476
---ebpf-pid----2094----pid-1
---ebpf-pid----6671----pid-1
---ebpf-pid----2094----pid-2094
---ebpf-pid----6671----pid-6671
---ebpf-pid----6671----pid-5476
---ebpf-pid----2094----pid-1
---ebpf-pid----2094----pid-2094
---ebpf-pid----6671----pid-1
---ebpf-pid----6671----pid-6671
---ebpf-pid----2094----pid-1
---ebpf-pid----2094----pid-2094
---ebpf-pid----6671----pid-5476
---ebpf-pid----6671----pid-1
---ebpf-pid----2094----pid-1
---ebpf-pid----6671----pid-6671
---ebpf-pid----6671----pid-5476
---ebpf-pid----6671----pid-1
---ebpf-pid----6671----pid-6671
---ebpf-pid----6671----pid-5476
---ebpf-pid----6671----pid-1
---ebpf-pid----6671----pid-6671
---ebpf-pid----2094----pid-2094
---ebpf-pid----6671----pid-5476
---ebpf-pid----2094----pid-1
---ebpf-pid----6671----pid-1
---ebpf-pid----2094----pid-2094
---ebpf-pid----6671----pid-6671
---ebpf-pid----2094----pid-1
---ebpf-pid----6671----pid-5476
---ebpf-pid----2094----pid-2094
---ebpf-pid----2094----pid-1
---ebpf-pid----2089----pid-1
---ebpf-pid----2094----pid-2094
---ebpf-pid----2089----pid-2089
---ebpf-pid----2094----pid-1
---ebpf-pid----2089----pid-1
---ebpf-pid----2094----pid-2094
---ebpf-pid----2089----pid-2089
---ebpf-pid----2089----pid-1
---ebpf-pid----2089----pid-2089
---ebpf-pid----2089----pid-1
---ebpf-pid----2089----pid-2089
---ebpf-pid----2089----pid-1
---ebpf-pid----2089----pid-2089
---ebpf-pid----2094----pid-1
---ebpf-pid----2094----pid-2094
---ebpf-pid----2089----pid-1
---ebpf-pid----2089----pid-2089
---ebpf-pid----2094----pid-1
---ebpf-pid----2089----pid-1
---ebpf-pid----2094----pid-2094
---ebpf-pid----2089----pid-2089
---ebpf-pid----2094----pid-1
---ebpf-pid----2089----pid-1
---ebpf-pid----2094----pid-2094
---ebpf-pid----2089----pid-2089
---ebpf-pid----2089----pid-1
---ebpf-pid----2094----pid-1
---ebpf-pid----2089----pid-2089
---ebpf-pid----2094----pid-2094
---ebpf-pid----2089----pid-1
---ebpf-pid----2094----pid-1
---ebpf-pid----2089----pid-2089
---ebpf-pid----2094----pid-2094
---ebpf-pid----2089----pid-1
---ebpf-pid----2089----pid-2089
---ebpf-pid----2094----pid-1
---ebpf-pid----2094----pid-2094
---ebpf-pid----2089----pid-1
---ebpf-pid----2089----pid-2089
---ebpf-pid----2094----pid-1
---ebpf-pid----2094----pid-2094
---ebpf-pid----2089----pid-1
---ebpf-pid----2089----pid-2089
---ebpf-pid----2094----pid-1
---ebpf-pid----2089----pid-1
---ebpf-pid----2094----pid-2094
---ebpf-pid----2089----pid-2089
---ebpf-pid----2094----pid-1
---ebpf-pid----2089----pid-1
---ebpf-pid----2094----pid-2094
---ebpf-pid----2089----pid-2089
---ebpf-pid----2089----pid-1
---ebpf-pid----2094----pid-1
---ebpf-pid----2089----pid-2089
---ebpf-pid----2094----pid-2094
---ebpf-pid----2089----pid-1
---ebpf-pid----2094----pid-1
---ebpf-pid----2089----pid-2089
---ebpf-pid----2094----pid-2094
---ebpf-pid----2089----pid-1
---ebpf-pid----2094----pid-1
---ebpf-pid----2089----pid-2089
---ebpf-pid----2094----pid-2094
---ebpf-pid----2089----pid-1
---ebpf-pid----2089----pid-2089
---ebpf-pid----2094----pid-1
---ebpf-pid----2094----pid-2094
---ebpf-pid----2089----pid-1
---ebpf-pid----2089----pid-2089
---ebpf-pid----2094----pid-1
---ebpf-pid----2094----pid-2094
---ebpf-pid----2089----pid-1
---ebpf-pid----2089----pid-2089
---ebpf-pid----2094----pid-1
---ebpf-pid----2089----pid-1
---ebpf-pid----2094----pid-2094
---ebpf-pid----2089----pid-2089
---ebpf-pid----2089----pid-1
---ebpf-pid----2094----pid-1
---ebpf-pid----2089----pid-2089
---ebpf-pid----2094----pid-2094
---ebpf-pid----2089----pid-1
---ebpf-pid----2089----pid-2089
---ebpf-pid----2094----pid-1
---ebpf-pid----2094----pid-2094
---ebpf-pid----2089----pid-1
---ebpf-pid----2089----pid-2089
---ebpf-pid----2094----pid-1
---ebpf-pid----2094----pid-2094
---ebpf-pid----2089----pid-1
---ebpf-pid----2089----pid-2089
---ebpf-pid----2094----pid-1
---ebpf-pid----2089----pid-1
---ebpf-pid----2094----pid-2094
---ebpf-pid----2089----pid-2089
---ebpf-pid----2094----pid-1
---ebpf-pid----2089----pid-1
---ebpf-pid----2094----pid-2094
---ebpf-pid----2089----pid-2089
---ebpf-pid----2094----pid-1
---ebpf-pid----2089----pid-1
---ebpf-pid----2094----pid-2094
---ebpf-pid----2089----pid-2089
---ebpf-pid----2089----pid-1
---ebpf-pid----2094----pid-1
---ebpf-pid----2089----pid-2089
---ebpf-pid----2094----pid-2094
---ebpf-pid----2089----pid-1
---ebpf-pid----2089----pid-2089
---ebpf-pid----2089----pid-1
---ebpf-pid----2089----pid-2089
---ebpf-pid----2089----pid-1
---ebpf-pid----2089----pid-2089
---ebpf-pid----2089----pid-1
---ebpf-pid----2089----pid-2089
---ebpf-pid----2089----pid-1
---ebpf-pid----2089----pid-2089
---ebpf-pid----2029----pid-1
---ebpf-pid----2089----pid-1
---ebpf-pid----2029----pid-2029
---ebpf-pid----2089----pid-2089
---ebpf-pid----2094----pid-1
---ebpf-pid----2029----pid-1
---ebpf-pid----2089----pid-1
---ebpf-pid----2094----pid-2094
---ebpf-pid----2012----pid-2012
---ebpf-pid----2089----pid-2089
---ebpf-pid----2012----pid-1
---ebpf-pid----6671----pid-1
---ebpf-pid----2012----pid-2012
---ebpf-pid----6671----pid-6671
---ebpf-pid----2012----pid-1
---ebpf-pid----2012----pid-2012
---ebpf-pid----2094----pid-1
---ebpf-pid----6671----pid-5476
---ebpf-pid----2094----pid-2094
---ebpf-pid----2012----pid-1
---ebpf-pid----6671----pid-1
---ebpf-pid----2012----pid-2012
---ebpf-pid----2094----pid-1
---ebpf-pid----6671----pid-6671
---ebpf-pid----2094----pid-2094
---ebpf-pid----2012----pid-1
---ebpf-pid----2012----pid-2012
---ebpf-pid----6671----pid-5476
---ebpf-pid----2094----pid-1
---ebpf-pid----2094----pid-2094
---ebpf-pid----2012----pid-1
---ebpf-pid----6671----pid-1
---ebpf-pid----2012----pid-2012
---ebpf-pid----6671----pid-6671
---ebpf-pid----2094----pid-1
---ebpf-pid----2094----pid-2094
---ebpf-pid----2012----pid-1
---ebpf-pid----6671----pid-5476
---ebpf-pid----2012----pid-2012
---ebpf-pid----6671----pid-1
---ebpf-pid----2012----pid-1
---ebpf-pid----6671----pid-6671
---ebpf-pid----2012----pid-2012
---ebpf-pid----6671----pid-5476
---ebpf-pid----6671----pid-1
---ebpf-pid----6671----pid-6671
---ebpf-pid----6671----pid-5476
---ebpf-pid----6671----pid-1
---ebpf-pid----6671----pid-6671
---ebpf-pid----6671----pid-5476
---ebpf-pid----6671----pid-1
---ebpf-pid----6671----pid-6671
---ebpf-pid----6671----pid-5476
---ebpf-pid----6671----pid-1
---ebpf-pid----6671----pid-6671
---ebpf-pid----6671----pid-5476
---ebpf-pid----6671----pid-1
---ebpf-pid----6671----pid-6671
---ebpf-pid----6671----pid-5476
---ebpf-pid----2094----pid-1
---ebpf-pid----2094----pid-2094
---ebpf-pid----2094----pid-1
---ebpf-pid----2094----pid-2094
---ebpf-pid----2094----pid-1
---ebpf-pid----2094----pid-2094
---ebpf-pid----2094----pid-1
---ebpf-pid----2094----pid-2094
---ebpf-pid----2094----pid-1
---ebpf-pid----2094----pid-2094
---ebpf-pid----2094----pid-1
---ebpf-pid----2094----pid-2094
---ebpf-pid----2094----pid-1
---ebpf-pid----2094----pid-2094
---ebpf-pid----2094----pid-1
---ebpf-pid----2094----pid-2094
---ebpf-pid----2094----pid-1
---ebpf-pid----2094----pid-2094
---ebpf-pid----2094----pid-1
---ebpf-pid----2094----pid-2094
---ebpf-pid----2094----pid-1
---ebpf-pid----2094----pid-2094
---ebpf-pid----2094----pid-1
---ebpf-pid----2094----pid-2094
---ebpf-pid----2094----pid-1
---ebpf-pid----2094----pid-2094
---ebpf-pid----2094----pid-1
---ebpf-pid----2094----pid-2094
---ebpf-pid----2094----pid-1
---ebpf-pid----2094----pid-2094
---ebpf-pid----2094----pid-1
---ebpf-pid----2094----pid-2094
---ebpf-pid----2094----pid-1
---ebpf-pid----2094----pid-2094
---ebpf-pid----2094----pid-1
---ebpf-pid----379067----pid-379067
---ebpf-pid----2089----pid-1
---ebpf-pid----379067----pid-5476
---ebpf-pid----2089----pid-2089
---ebpf-pid----379067----pid-1
---ebpf-pid----2012----pid-1
---ebpf-pid----2089----pid-1
---ebpf-pid----379067----pid-379067
---ebpf-pid----2089----pid-2089
---ebpf-pid----2012----pid-2012
---ebpf-pid----379067----pid-5476
---ebpf-pid----2089----pid-1
---ebpf-pid----2012----pid-1
---ebpf-pid----2089----pid-2089
---ebpf-pid----2089----pid-2089
---ebpf-pid----379067----pid-1
---ebpf-pid----379067----pid-379067
---ebpf-pid----2089----pid-1
---ebpf-pid----2089----pid-1
---ebpf-pid----2089----pid-2089
---ebpf-pid----2089----pid-2089
---ebpf-pid----379067----pid-5476
---ebpf-pid----2089----pid-1
---ebpf-pid----2089----pid-1
---ebpf-pid----379067----pid-1
---ebpf-pid----2089----pid-2089
---ebpf-pid----2089----pid-2089
---ebpf-pid----5707----pid-5707
---ebpf-pid----2089----pid-1
---ebpf-pid----2089----pid-1
---ebpf-pid----5707----pid-5476
---ebpf-pid----2089----pid-2089
---ebpf-pid----2089----pid-2089
---ebpf-pid----5707----pid-1
---ebpf-pid----2089----pid-1
---ebpf-pid----2089----pid-1
---ebpf-pid----5707----pid-5707
---ebpf-pid----2089----pid-2089
---ebpf-pid----2089----pid-2089
---ebpf-pid----5707----pid-5476
---ebpf-pid----2089----pid-1
---ebpf-pid----2089----pid-1
---ebpf-pid----2089----pid-2089
---ebpf-pid----2089----pid-2089
---ebpf-pid----5707----pid-1
---ebpf-pid----5707----pid-5707
---ebpf-pid----2089----pid-1
---ebpf-pid----2089----pid-1
---ebpf-pid----2089----pid-2089
---ebpf-pid----2089----pid-2089
---ebpf-pid----5707----pid-5476
---ebpf-pid----2089----pid-1
---ebpf-pid----2089----pid-1
---ebpf-pid----5707----pid-1
---ebpf-pid----2089----pid-2089
---ebpf-pid----2089----pid-2089
---ebpf-pid----448785----pid-448785
---ebpf-pid----2089----pid-1
---ebpf-pid----2089----pid-1
---ebpf-pid----448785----pid-448520
---ebpf-pid----2089----pid-2089
---ebpf-pid----2089----pid-2089
---ebpf-pid----448785----pid-1
---ebpf-pid----2089----pid-1
---ebpf-pid----2089----pid-1
---ebpf-pid----2089----pid-2089
---ebpf-pid----2089----pid-2089
---ebpf-pid----2089----pid-2089
---ebpf-pid----2089----pid-1
---ebpf-pid----2089----pid-1
---ebpf-pid----2089----pid-2089
---ebpf-pid----2089----pid-2089
---ebpf-pid----2089----pid-1
---ebpf-pid----2089----pid-2089
---ebpf-pid----2089----pid-1
---ebpf-pid----2089----pid-1
---ebpf-pid----2089----pid-2089
---ebpf-pid----2089----pid-2089
---ebpf-pid----2089----pid-1
---ebpf-pid----2089----pid-2089
---ebpf-pid----2089----pid-1
---ebpf-pid----2089----pid-1
---ebpf-pid----2089----pid-2089
---ebpf-pid----2089----pid-1
---ebpf-pid----2089----pid-2089
---ebpf-pid----2089----pid-2089
---ebpf-pid----2089----pid-1
---ebpf-pid----2089----pid-1
---ebpf-pid----2089----pid-1
---ebpf-pid----2089----pid-2089
---ebpf-pid----2089----pid-2089
---ebpf-pid----2089----pid-2089
---ebpf-pid----2089----pid-1
---ebpf-pid----2089----pid-1
---ebpf-pid----2089----pid-2089
---ebpf-pid----2089----pid-2089
---ebpf-pid----2089----pid-1
---ebpf-pid----2089----pid-1
---ebpf-pid----2089----pid-2089
---ebpf-pid----2089----pid-2089
---ebpf-pid----2089----pid-1
---ebpf-pid----2089----pid-1
---ebpf-pid----2089----pid-2089
---ebpf-pid----2089----pid-2089
---ebpf-pid----2089----pid-1
---ebpf-pid----2089----pid-1
---ebpf-pid----2089----pid-2089
---ebpf-pid----2089----pid-2089
---ebpf-pid----2089----pid-1
---ebpf-pid----2089----pid-1
---ebpf-pid----2029----pid-2029
---ebpf-pid----6671----pid-1
---ebpf-pid----6671----pid-6671
---ebpf-pid----6671----pid-5476
---ebpf-pid----6671----pid-1
---ebpf-pid----2089----pid-1
---ebpf-pid----6671----pid-6671
---ebpf-pid----2089----pid-2089
---ebpf-pid----2089----pid-2089
---ebpf-pid----6671----pid-5476
---ebpf-pid----2089----pid-1
---ebpf-pid----6671----pid-1
---ebpf-pid----6671----pid-6671
---ebpf-pid----2089----pid-1
---ebpf-pid----2089----pid-2089
---ebpf-pid----2089----pid-1
---ebpf-pid----6671----pid-5476
---ebpf-pid----6671----pid-1
---ebpf-pid----5707----pid-5707
---ebpf-pid----5707----pid-5476
---ebpf-pid----2089----pid-2089
---ebpf-pid----5707----pid-1
---ebpf-pid----5707----pid-5707
---ebpf-pid----2089----pid-1
---ebpf-pid----2089----pid-2089
---ebpf-pid----5707----pid-5476
---ebpf-pid----2089----pid-1
---ebpf-pid----2089----pid-2089
---ebpf-pid----2089----pid-1
---ebpf-pid----2089----pid-2089
---ebpf-pid----2089----pid-1
---ebpf-pid----2012----pid-2012
---ebpf-pid----2012----pid-1
---ebpf-pid----2012----pid-2012
---ebpf-pid----2012----pid-1
---ebpf-pid----2012----pid-2012
---ebpf-pid----5707----pid-1
---ebpf-pid----5707----pid-5707
---ebpf-pid----2012----pid-1
---ebpf-pid----2012----pid-2012
---ebpf-pid----5707----pid-5476
---ebpf-pid----2012----pid-1
---ebpf-pid----5707----pid-1
---ebpf-pid----2012----pid-2012
---ebpf-pid----6671----pid-6671
---ebpf-pid----2012----pid-1
---ebpf-pid----2012----pid-2012
---ebpf-pid----2012----pid-1
---ebpf-pid----2012----pid-2012
---ebpf-pid----2012----pid-1
---ebpf-pid----2012----pid-2012
---ebpf-pid----2012----pid-1
---ebpf-pid----2012----pid-2012
---ebpf-pid----2012----pid-1
---ebpf-pid----2012----pid-2012
---ebpf-pid----2012----pid-1
---ebpf-pid----2029----pid-1
---ebpf-pid----2012----pid-2012
---ebpf-pid----2089----pid-2089
---ebpf-pid----2029----pid-2029
---ebpf-pid----2012----pid-1
---ebpf-pid----2012----pid-2012
---ebpf-pid----2089----pid-1
---ebpf-pid----2029----pid-1
---ebpf-pid----2089----pid-2089
---ebpf-pid----2029----pid-2029
---ebpf-pid----2089----pid-1
---ebpf-pid----2089----pid-2089
---ebpf-pid----2029----pid-1
---ebpf-pid----2089----pid-1
---ebpf-pid----2029----pid-2029
---ebpf-pid----2089----pid-2089
---ebpf-pid----2029----pid-1
---ebpf-pid----2089----pid-1
---ebpf-pid----2029----pid-2029
---ebpf-pid----2089----pid-2089
---ebpf-pid----2029----pid-1
---ebpf-pid----2089----pid-1
---ebpf-pid----2029----pid-2029
---ebpf-pid----6671----pid-5476
---ebpf-pid----2089----pid-2089
---ebpf-pid----6671----pid-1
---ebpf-pid----2029----pid-1
---ebpf-pid----2089----pid-1
---ebpf-pid----6671----pid-6671
---ebpf-pid----2089----pid-2089
---ebpf-pid----2029----pid-2029
---ebpf-pid----6671----pid-5476
---ebpf-pid----2029----pid-1
---ebpf-pid----2089----pid-1
---ebpf-pid----2029----pid-2029
---ebpf-pid----2089----pid-2089
---ebpf-pid----6671----pid-1
---ebpf-pid----5707----pid-5707
---ebpf-pid----2089----pid-1
---ebpf-pid----2029----pid-1
---ebpf-pid----5707----pid-5476
---ebpf-pid----2029----pid-2029
---ebpf-pid----2089----pid-2089
---ebpf-pid----5707----pid-1
---ebpf-pid----2089----pid-1
---ebpf-pid----2029----pid-1
---ebpf-pid----5707----pid-5707
---ebpf-pid----2089----pid-2089
---ebpf-pid----372714----pid-372714
---ebpf-pid----5707----pid-5476
---ebpf-pid----2089----pid-1
---ebpf-pid----372714----pid-5476
---ebpf-pid----2089----pid-2089
---ebpf-pid----5707----pid-1
---ebpf-pid----372714----pid-1
---ebpf-pid----5707----pid-5707
---ebpf-pid----2089----pid-1
---ebpf-pid----372714----pid-372714
---ebpf-pid----2089----pid-2089
---ebpf-pid----5707----pid-5476
---ebpf-pid----372714----pid-5476
---ebpf-pid----2089----pid-1
---ebpf-pid----5707----pid-1
---ebpf-pid----2089----pid-2089
---ebpf-pid----6671----pid-6671
---ebpf-pid----372714----pid-1
---ebpf-pid----2089----pid-1
---ebpf-pid----372714----pid-372714
---ebpf-pid----6671----pid-5476
---ebpf-pid----2089----pid-2089
---ebpf-pid----372714----pid-5476
---ebpf-pid----6671----pid-1
---ebpf-pid----2089----pid-1
---ebpf-pid----6671----pid-6671
---ebpf-pid----2089----pid-2089
---ebpf-pid----372714----pid-1
---ebpf-pid----2029----pid-2029
---ebpf-pid----6671----pid-5476
---ebpf-pid----2089----pid-1
---ebpf-pid----2089----pid-2089
---ebpf-pid----2029----pid-1
---ebpf-pid----6671----pid-1
---ebpf-pid----2029----pid-2029
---ebpf-pid----6671----pid-6671
---ebpf-pid----2089----pid-1
---ebpf-pid----2089----pid-2089
---ebpf-pid----2029----pid-1
---ebpf-pid----6671----pid-5476
---ebpf-pid----2029----pid-2029
---ebpf-pid----2089----pid-1
---ebpf-pid----6671----pid-1
---ebpf-pid----2089----pid-2089
---ebpf-pid----6671----pid-6671
---ebpf-pid----6671----pid-5476
---ebpf-pid----2089----pid-1
---ebpf-pid----2089----pid-2089
---ebpf-pid----6671----pid-1
---ebpf-pid----6671----pid-6671
---ebpf-pid----2089----pid-1
---ebpf-pid----6671----pid-5476
---ebpf-pid----2089----pid-2089
---ebpf-pid----6671----pid-1
---ebpf-pid----6671----pid-6671
---ebpf-pid----2089----pid-1
---ebpf-pid----6671----pid-5476
---ebpf-pid----2089----pid-2089
---ebpf-pid----6671----pid-1
---ebpf-pid----2089----pid-1
---ebpf-pid----6671----pid-6671
---ebpf-pid----2089----pid-2089
---ebpf-pid----6671----pid-5476
---ebpf-pid----2089----pid-1
---ebpf-pid----2089----pid-2089
---ebpf-pid----6671----pid-1
---ebpf-pid----6671----pid-6671
---ebpf-pid----2089----pid-1
---ebpf-pid----2089----pid-2089
---ebpf-pid----6671----pid-5476
---ebpf-pid----2089----pid-1
---ebpf-pid----6671----pid-1
---ebpf-pid----6671----pid-6671
---ebpf-pid----2089----pid-2089
---ebpf-pid----6671----pid-5476
---ebpf-pid----2089----pid-1
---ebpf-pid----2089----pid-2089
---ebpf-pid----6671----pid-1
---ebpf-pid----5707----pid-5707
---ebpf-pid----2089----pid-1
---ebpf-pid----2089----pid-2089
---ebpf-pid----5707----pid-5476
---ebpf-pid----5707----pid-1
---ebpf-pid----2089----pid-1
---ebpf-pid----5707----pid-5707
---ebpf-pid----2089----pid-2089
---ebpf-pid----5707----pid-5476
---ebpf-pid----2089----pid-1
---ebpf-pid----2089----pid-2089
---ebpf-pid----5707----pid-1
---ebpf-pid----372714----pid-372714
---ebpf-pid----2089----pid-1
---ebpf-pid----2089----pid-2089
---ebpf-pid----372714----pid-5476
---ebpf-pid----372714----pid-1
---ebpf-pid----2089----pid-1
---ebpf-pid----372714----pid-372714
---ebpf-pid----2089----pid-2089
---ebpf-pid----372714----pid-5476
---ebpf-pid----2089----pid-1
---ebpf-pid----2089----pid-2089
---ebpf-pid----372714----pid-1
---ebpf-pid----372714----pid-372714
---ebpf-pid----2089----pid-1
---ebpf-pid----372714----pid-5476
---ebpf-pid----2089----pid-2089
---ebpf-pid----372714----pid-1
---ebpf-pid----372714----pid-372714
---ebpf-pid----2089----pid-1
---ebpf-pid----372714----pid-5476
---ebpf-pid----2089----pid-2089
---ebpf-pid----372714----pid-1
---ebpf-pid----372714----pid-372714
---ebpf-pid----2089----pid-1
---ebpf-pid----2089----pid-2089
---ebpf-pid----372714----pid-5476
---ebpf-pid----2089----pid-1
---ebpf-pid----372714----pid-1
---ebpf-pid----2089----pid-2089
---ebpf-pid----2089----pid-1
---ebpf-pid----372714----pid-372714
---ebpf-pid----2089----pid-2089
---ebpf-pid----372714----pid-5476
---ebpf-pid----372714----pid-1
---ebpf-pid----2089----pid-1
---ebpf-pid----372714----pid-372714
---ebpf-pid----2089----pid-2089
---ebpf-pid----372714----pid-5476
---ebpf-pid----372714----pid-1
---ebpf-pid----2089----pid-1
---ebpf-pid----372714----pid-372714
---ebpf-pid----2089----pid-2089
---ebpf-pid----372714----pid-5476
---ebpf-pid----2089----pid-1
---ebpf-pid----372714----pid-1
---ebpf-pid----2089----pid-2089
---ebpf-pid----2089----pid-1
---ebpf-pid----372714----pid-372714
---ebpf-pid----2089----pid-2089
---ebpf-pid----372714----pid-5476
---ebpf-pid----372714----pid-1
---ebpf-pid----448784----pid-448784
---ebpf-pid----2012----pid-1
---ebpf-pid----2089----pid-1
---ebpf-pid----448784----pid-448520
---ebpf-pid----2012----pid-2012
---ebpf-pid----2089----pid-2089
---ebpf-pid----448784----pid-1
---ebpf-pid----2012----pid-1
---ebpf-pid----448782----pid-448782
---ebpf-pid----2012----pid-2012
---ebpf-pid----2089----pid-1
---ebpf-pid----448782----pid-448520
---ebpf-pid----2089----pid-2089
---ebpf-pid----2012----pid-1
---ebpf-pid----448782----pid-1
---ebpf-pid----2012----pid-2012
---ebpf-pid----448782----pid-448782
---ebpf-pid----2089----pid-1
---ebpf-pid----2012----pid-1
---ebpf-pid----2012----pid-2012
---ebpf-pid----2089----pid-2089
---ebpf-pid----2012----pid-1
---ebpf-pid----2089----pid-1
---ebpf-pid----2012----pid-2012
---ebpf-pid----2089----pid-2089
---ebpf-pid----2012----pid-1
---ebpf-pid----2012----pid-2012
---ebpf-pid----2012----pid-1
---ebpf-pid----2012----pid-2012
---ebpf-pid----2089----pid-1
---ebpf-pid----2089----pid-2089
---ebpf-pid----2012----pid-1
---ebpf-pid----2012----pid-2012
---ebpf-pid----448782----pid-448520
---ebpf-pid----2012----pid-1
---ebpf-pid----448782----pid-1
---ebpf-pid----2089----pid-1
---ebpf-pid----2012----pid-2012
---ebpf-pid----372714----pid-372714
---ebpf-pid----2089----pid-2089
---ebpf-pid----2012----pid-1
---ebpf-pid----372714----pid-5476
---ebpf-pid----2089----pid-1
---ebpf-pid----2012----pid-2012
---ebpf-pid----2012----pid-1
---ebpf-pid----2012----pid-2012
---ebpf-pid----2089----pid-2089
---ebpf-pid----2012----pid-1
---ebpf-pid----2012----pid-2012
---ebpf-pid----2089----pid-1
---ebpf-pid----2012----pid-1
---ebpf-pid----2012----pid-2012
---ebpf-pid----2089----pid-2089
---ebpf-pid----2012----pid-1
---ebpf-pid----372714----pid-1
---ebpf-pid----2012----pid-2012
---ebpf-pid----2089----pid-1
---ebpf-pid----2012----pid-1
---ebpf-pid----2012----pid-2012
---ebpf-pid----2089----pid-2089
---ebpf-pid----2012----pid-1
---ebpf-pid----372714----pid-372714
---ebpf-pid----2012----pid-2012
---ebpf-pid----2089----pid-1
---ebpf-pid----372714----pid-5476
---ebpf-pid----2012----pid-1
---ebpf-pid----2089----pid-2089
---ebpf-pid----2012----pid-2012
---ebpf-pid----372714----pid-1
---ebpf-pid----372714----pid-372714
---ebpf-pid----2089----pid-1
---ebpf-pid----2089----pid-2089
---ebpf-pid----372714----pid-5476
---ebpf-pid----372714----pid-1
---ebpf-pid----2089----pid-1
---ebpf-pid----372714----pid-372714
---ebpf-pid----2029----pid-1
---ebpf-pid----2029----pid-2029
---ebpf-pid----2089----pid-2089
---ebpf-pid----372714----pid-5476
---ebpf-pid----2029----pid-1
---ebpf-pid----2029----pid-2029
---ebpf-pid----372714----pid-1
---ebpf-pid----2089----pid-1
---ebpf-pid----372714----pid-372714
---ebpf-pid----2089----pid-2089
---ebpf-pid----2029----pid-1
---ebpf-pid----2029----pid-2029
---ebpf-pid----372714----pid-5476
---ebpf-pid----2089----pid-1
---ebpf-pid----372714----pid-1
---ebpf-pid----2089----pid-2089
---ebpf-pid----448784----pid-448784
---ebpf-pid----2029----pid-1
---ebpf-pid----372714----pid-372714
---ebpf-pid----448784----pid-448520
---ebpf-pid----2089----pid-1
---ebpf-pid----372714----pid-5476
---ebpf-pid----2089----pid-2089
---ebpf-pid----448784----pid-1
---ebpf-pid----448784----pid-448784
---ebpf-pid----372714----pid-1
---ebpf-pid----2089----pid-1
---ebpf-pid----372714----pid-372714
---ebpf-pid----448784----pid-448520
---ebpf-pid----2089----pid-2089
---ebpf-pid----372714----pid-5476
---ebpf-pid----448784----pid-1
---ebpf-pid----2089----pid-1
---ebpf-pid----448546----pid-448546
---ebpf-pid----372714----pid-1
---ebpf-pid----372714----pid-372714
---ebpf-pid----2089----pid-2089
---ebpf-pid----448546----pid-1
---ebpf-pid----448546----pid-448546
---ebpf-pid----372714----pid-5476
---ebpf-pid----2089----pid-1
---ebpf-pid----448546----pid-1
---ebpf-pid----372714----pid-1
---ebpf-pid----2089----pid-2089
---ebpf-pid----448784----pid-448784
---ebpf-pid----2012----pid-2012
---ebpf-pid----448784----pid-448520
---ebpf-pid----2012----pid-1
---ebpf-pid----2089----pid-1
---ebpf-pid----372714----pid-372714
---ebpf-pid----2089----pid-2089
---ebpf-pid----448784----pid-1
---ebpf-pid----448784----pid-448784
---ebpf-pid----372714----pid-5476
---ebpf-pid----2089----pid-1
---ebpf-pid----448784----pid-448520
---ebpf-pid----372714----pid-1
---ebpf-pid----2089----pid-2089
---ebpf-pid----372714----pid-372714
---ebpf-pid----448784----pid-1
---ebpf-pid----448784----pid-448784
---ebpf-pid----2012----pid-1
---ebpf-pid----448784----pid-448520
---ebpf-pid----2089----pid-1
---ebpf-pid----2012----pid-2012
---ebpf-pid----2089----pid-2089
---ebpf-pid----448784----pid-1
---ebpf-pid----2012----pid-1
---ebpf-pid----372714----pid-372714
---ebpf-pid----2012----pid-2012
---ebpf-pid----2089----pid-1
---ebpf-pid----372714----pid-5476
---ebpf-pid----2012----pid-1
---ebpf-pid----2089----pid-2089
---ebpf-pid----2012----pid-2012
---ebpf-pid----372714----pid-1
---ebpf-pid----372714----pid-372714
---ebpf-pid----2012----pid-1
---ebpf-pid----2089----pid-1
---ebpf-pid----2012----pid-2012
---ebpf-pid----2089----pid-2089
---ebpf-pid----372714----pid-5476
---ebpf-pid----2012----pid-1
---ebpf-pid----2012----pid-2012
---ebpf-pid----372714----pid-1
---ebpf-pid----2089----pid-1
---ebpf-pid----372714----pid-372714
---ebpf-pid----2089----pid-2089
---ebpf-pid----2012----pid-1
---ebpf-pid----2012----pid-2012
---ebpf-pid----372714----pid-5476
---ebpf-pid----2012----pid-1
---ebpf-pid----2089----pid-1
---ebpf-pid----2089----pid-2089
---ebpf-pid----2089----pid-1
---ebpf-pid----2089----pid-2089
---ebpf-pid----2089----pid-1
---ebpf-pid----2089----pid-2089
---ebpf-pid----2089----pid-1
---ebpf-pid----2089----pid-2089
---ebpf-pid----2089----pid-1
---ebpf-pid----2089----pid-2089
---ebpf-pid----2089----pid-1
---ebpf-pid----2089----pid-2089
---ebpf-pid----2089----pid-1
---ebpf-pid----2089----pid-2089
---ebpf-pid----2089----pid-1
---ebpf-pid----2089----pid-2089
---ebpf-pid----2089----pid-1
---ebpf-pid----2089----pid-2089
---ebpf-pid----2089----pid-1
---ebpf-pid----2029----pid-2029
---ebpf-pid----2029----pid-1
---ebpf-pid----2029----pid-2029
---ebpf-pid----2029----pid-1
---ebpf-pid----2029----pid-2029
---ebpf-pid----2029----pid-1
---ebpf-pid----2029----pid-2029
---ebpf-pid----2029----pid-1
---ebpf-pid----2012----pid-2012
---ebpf-pid----2012----pid-1
---ebpf-pid----2012----pid-2012
---ebpf-pid----2012----pid-1
---ebpf-pid----372714----pid-1
---ebpf-pid----372714----pid-372714
---ebpf-pid----372714----pid-5476
---ebpf-pid----372714----pid-1
---ebpf-pid----372714----pid-372714
---ebpf-pid----372714----pid-5476
---ebpf-pid----372714----pid-1
---ebpf-pid----372714----pid-372714
---ebpf-pid----372714----pid-5476
---ebpf-pid----372714----pid-1
---ebpf-pid----372714----pid-372714
---ebpf-pid----372714----pid-5476
---ebpf-pid----372714----pid-1
---ebpf-pid----372714----pid-372714
---ebpf-pid----372714----pid-5476
---ebpf-pid----372714----pid-1
---ebpf-pid----372714----pid-372714
---ebpf-pid----372714----pid-5476
---ebpf-pid----372714----pid-1
---ebpf-pid----372714----pid-372714
---ebpf-pid----2012----pid-2012
---ebpf-pid----372714----pid-5476
---ebpf-pid----372714----pid-1
---ebpf-pid----2012----pid-1
---ebpf-pid----372714----pid-372714
---ebpf-pid----2012----pid-2012
---ebpf-pid----372714----pid-5476
---ebpf-pid----2012----pid-1
---ebpf-pid----372714----pid-1
---ebpf-pid----372714----pid-372714
---ebpf-pid----372714----pid-5476
---ebpf-pid----372714----pid-1
---ebpf-pid----372714----pid-372714
---ebpf-pid----372714----pid-5476
---ebpf-pid----372714----pid-5476
---ebpf-pid----372714----pid-1
---ebpf-pid----2012----pid-2012
---ebpf-pid----2012----pid-1
---ebpf-pid----372714----pid-372714
---ebpf-pid----372714----pid-5476
---ebpf-pid----372714----pid-1
---ebpf-pid----372714----pid-372714
---ebpf-pid----372714----pid-5476
---ebpf-pid----372714----pid-1
---ebpf-pid----6671----pid-6671
---ebpf-pid----6671----pid-5476
---ebpf-pid----6671----pid-1
---ebpf-pid----6671----pid-6671
---ebpf-pid----6671----pid-5476
---ebpf-pid----6671----pid-1
---ebpf-pid----6671----pid-6671
---ebpf-pid----6671----pid-5476
---ebpf-pid----6671----pid-1
---ebpf-pid----6671----pid-6671
---ebpf-pid----6671----pid-5476
---ebpf-pid----6671----pid-1
---ebpf-pid----6671----pid-6671
---ebpf-pid----6671----pid-5476
---ebpf-pid----6671----pid-1
---ebpf-pid----6671----pid-6671
---ebpf-pid----6671----pid-5476
---ebpf-pid----6671----pid-1
---ebpf-pid----6671----pid-6671
---ebpf-pid----6671----pid-5476
---ebpf-pid----6671----pid-1
---ebpf-pid----6671----pid-6671
---ebpf-pid----6671----pid-5476
---ebpf-pid----372714----pid-1
---ebpf-pid----372714----pid-372714
---ebpf-pid----372714----pid-5476
---ebpf-pid----372714----pid-1
---ebpf-pid----372714----pid-372714
---ebpf-pid----6671----pid-1
---ebpf-pid----372714----pid-5476
---ebpf-pid----6671----pid-6671
---ebpf-pid----372714----pid-1
---ebpf-pid----372714----pid-372714
---ebpf-pid----6671----pid-5476
---ebpf-pid----372714----pid-5476
---ebpf-pid----6671----pid-1
---ebpf-pid----6671----pid-6671
---ebpf-pid----372714----pid-1
---ebpf-pid----372714----pid-372714
---ebpf-pid----6671----pid-5476
---ebpf-pid----372714----pid-5476
---ebpf-pid----6671----pid-1
---ebpf-pid----6671----pid-6671
---ebpf-pid----372714----pid-1
---ebpf-pid----372714----pid-372714
---ebpf-pid----6671----pid-5476
---ebpf-pid----372714----pid-5476
---ebpf-pid----6671----pid-1
---ebpf-pid----6671----pid-6671
---ebpf-pid----372714----pid-1
---ebpf-pid----372714----pid-372714
---ebpf-pid----6671----pid-5476
---ebpf-pid----372714----pid-5476
---ebpf-pid----6671----pid-1
---ebpf-pid----6671----pid-6671
---ebpf-pid----372714----pid-1
---ebpf-pid----6671----pid-5476
---ebpf-pid----372714----pid-372714
---ebpf-pid----372714----pid-5476
---ebpf-pid----6671----pid-1
---ebpf-pid----6671----pid-6671
---ebpf-pid----372714----pid-1
---ebpf-pid----372714----pid-372714
---ebpf-pid----372714----pid-5476
---ebpf-pid----372714----pid-1
---ebpf-pid----372714----pid-372714
---ebpf-pid----372714----pid-5476
---ebpf-pid----372714----pid-1
---ebpf-pid----372714----pid-372714
---ebpf-pid----372714----pid-5476
---ebpf-pid----372714----pid-1
---ebpf-pid----372714----pid-372714
---ebpf-pid----372714----pid-5476
---ebpf-pid----372714----pid-1
---ebpf-pid----6671----pid-5476
---ebpf-pid----6671----pid-1
---ebpf-pid----6671----pid-6671
---ebpf-pid----6671----pid-5476
---ebpf-pid----6671----pid-1
---ebpf-pid----6671----pid-6671
---ebpf-pid----6671----pid-5476
---ebpf-pid----6671----pid-1
---ebpf-pid----6671----pid-6671
---ebpf-pid----6671----pid-5476
---ebpf-pid----6671----pid-1
---ebpf-pid----6671----pid-6671
---ebpf-pid----6671----pid-5476
---ebpf-pid----6671----pid-1
---ebpf-pid----6671----pid-6671
---ebpf-pid----6671----pid-5476
---ebpf-pid----6671----pid-1
---ebpf-pid----6671----pid-6671
---ebpf-pid----6671----pid-5476
---ebpf-pid----6671----pid-1
---ebpf-pid----6671----pid-6671
---ebpf-pid----6671----pid-5476
---ebpf-pid----6671----pid-1
---ebpf-pid----6671----pid-6671
---ebpf-pid----6671----pid-5476
---ebpf-pid----372714----pid-372714
---ebpf-pid----6671----pid-1
---ebpf-pid----372714----pid-5476
---ebpf-pid----6671----pid-6671
---ebpf-pid----372714----pid-1
---ebpf-pid----6671----pid-5476
---ebpf-pid----448782----pid-448782
---ebpf-pid----6671----pid-1
---ebpf-pid----448782----pid-448520
---ebpf-pid----6671----pid-6671
---ebpf-pid----448782----pid-1
---ebpf-pid----6671----pid-5476
---ebpf-pid----448782----pid-448782
---ebpf-pid----6671----pid-1
---ebpf-pid----448782----pid-448520
---ebpf-pid----6671----pid-6671
---ebpf-pid----448782----pid-1
---ebpf-pid----448782----pid-448782
---ebpf-pid----6671----pid-5476
---ebpf-pid----6671----pid-1
---ebpf-pid----6671----pid-6671
---ebpf-pid----6671----pid-5476
---ebpf-pid----6671----pid-1
---ebpf-pid----6671----pid-6671
---ebpf-pid----6671----pid-5476
---ebpf-pid----6671----pid-1
---ebpf-pid----6671----pid-6671
---ebpf-pid----6671----pid-5476
---ebpf-pid----448782----pid-448520
---ebpf-pid----6671----pid-1
---ebpf-pid----448782----pid-1
---ebpf-pid----6671----pid-6671
---ebpf-pid----372881----pid-372881
---ebpf-pid----6671----pid-5476
---ebpf-pid----372881----pid-1
---ebpf-pid----372881----pid-372881
---ebpf-pid----6671----pid-1
---ebpf-pid----5705----pid-5705
---ebpf-pid----372881----pid-1
---ebpf-pid----372881----pid-372881
---ebpf-pid----5705----pid-5476
---ebpf-pid----372881----pid-1
---ebpf-pid----5705----pid-1
---ebpf-pid----372881----pid-372881
---ebpf-pid----5705----pid-5705
---ebpf-pid----372881----pid-1
---ebpf-pid----5705----pid-5476
---ebpf-pid----372881----pid-372881
---ebpf-pid----5705----pid-1
---ebpf-pid----372881----pid-1
---ebpf-pid----5705----pid-5705
---ebpf-pid----372881----pid-372881
---ebpf-pid----5705----pid-5476
---ebpf-pid----372881----pid-1
---ebpf-pid----372881----pid-372881
---ebpf-pid----5705----pid-1
---ebpf-pid----5705----pid-5705
---ebpf-pid----372881----pid-1
---ebpf-pid----372881----pid-372881
---ebpf-pid----5705----pid-5476
---ebpf-pid----5705----pid-1
---ebpf-pid----372881----pid-1
---ebpf-pid----5705----pid-5705
---ebpf-pid----372881----pid-372881
---ebpf-pid----372881----pid-1
---ebpf-pid----372881----pid-372881
---ebpf-pid----5705----pid-5476
---ebpf-pid----372881----pid-1
---ebpf-pid----5705----pid-1
---ebpf-pid----372881----pid-372881
---ebpf-pid----5705----pid-5705
---ebpf-pid----372881----pid-1
---ebpf-pid----5705----pid-5476
---ebpf-pid----372881----pid-372881
---ebpf-pid----5705----pid-1
---ebpf-pid----372881----pid-1
---ebpf-pid----5705----pid-5705
---ebpf-pid----372881----pid-372881
---ebpf-pid----5705----pid-5476
---ebpf-pid----372881----pid-1
---ebpf-pid----372881----pid-372881
---ebpf-pid----5705----pid-1
---ebpf-pid----5705----pid-5705
---ebpf-pid----372881----pid-1
---ebpf-pid----372881----pid-372881
---ebpf-pid----5705----pid-5476
---ebpf-pid----5705----pid-1
---ebpf-pid----5705----pid-5705
---ebpf-pid----5705----pid-5476
---ebpf-pid----5705----pid-1
---ebpf-pid----5705----pid-5705
---ebpf-pid----5705----pid-5476
---ebpf-pid----5705----pid-1
---ebpf-pid----5705----pid-5705
---ebpf-pid----5705----pid-5476
---ebpf-pid----5705----pid-1
---ebpf-pid----5705----pid-5705
---ebpf-pid----5705----pid-5476
---ebpf-pid----372881----pid-1
---ebpf-pid----372881----pid-372881
---ebpf-pid----372881----pid-1
---ebpf-pid----372881----pid-372881
---ebpf-pid----372881----pid-1
---ebpf-pid----2094----pid-2094
---ebpf-pid----2094----pid-1
---ebpf-pid----2094----pid-2094
---ebpf-pid----5705----pid-1
---ebpf-pid----5705----pid-5705
---ebpf-pid----5705----pid-5476
---ebpf-pid----2094----pid-1
---ebpf-pid----2094----pid-2094
---ebpf-pid----2094----pid-1
---ebpf-pid----2094----pid-2094
---ebpf-pid----2094----pid-1
---ebpf-pid----2094----pid-2094
---ebpf-pid----2094----pid-1
---ebpf-pid----2094----pid-2094
---ebpf-pid----2094----pid-1
---ebpf-pid----2094----pid-2094
---ebpf-pid----2094----pid-1
---ebpf-pid----2094----pid-2094
---ebpf-pid----2094----pid-1
---ebpf-pid----2094----pid-2094
---ebpf-pid----5705----pid-1
---ebpf-pid----2094----pid-1
---ebpf-pid----2094----pid-2094
---ebpf-pid----5705----pid-5705
---ebpf-pid----5705----pid-5476
---ebpf-pid----5705----pid-1
---ebpf-pid----5705----pid-5705
---ebpf-pid----2094----pid-1
---ebpf-pid----2094----pid-2094
---ebpf-pid----2094----pid-1
---ebpf-pid----2094----pid-2094
---ebpf-pid----5705----pid-5476
---ebpf-pid----2094----pid-1
---ebpf-pid----2094----pid-2094
---ebpf-pid----5705----pid-1
---ebpf-pid----5705----pid-5705
---ebpf-pid----5705----pid-5476
---ebpf-pid----5705----pid-1
---ebpf-pid----5705----pid-5705
---ebpf-pid----5705----pid-5476
---ebpf-pid----5705----pid-1
---ebpf-pid----5705----pid-5705
---ebpf-pid----5705----pid-5476
---ebpf-pid----5705----pid-1
---ebpf-pid----5705----pid-5705
---ebpf-pid----5705----pid-5476
---ebpf-pid----5705----pid-1
---ebpf-pid----5705----pid-5705
---ebpf-pid----5705----pid-5476
---ebpf-pid----5705----pid-1
---ebpf-pid----5705----pid-5705
---ebpf-pid----5705----pid-5476
---ebpf-pid----5705----pid-1
---ebpf-pid----5705----pid-5705
---ebpf-pid----5705----pid-5476
---ebpf-pid----2094----pid-1
---ebpf-pid----2094----pid-2094
---ebpf-pid----5705----pid-1
---ebpf-pid----5705----pid-5705
---ebpf-pid----2094----pid-1
---ebpf-pid----2094----pid-2094
---ebpf-pid----5705----pid-5476
---ebpf-pid----2094----pid-1
---ebpf-pid----2094----pid-2094
---ebpf-pid----5705----pid-1
---ebpf-pid----2012----pid-2012
---ebpf-pid----2094----pid-1
---ebpf-pid----2094----pid-2094
---ebpf-pid----2012----pid-1
---ebpf-pid----2012----pid-2012
---ebpf-pid----2012----pid-1
---ebpf-pid----2094----pid-1
---ebpf-pid----2012----pid-2012
---ebpf-pid----2094----pid-2094
---ebpf-pid----2012----pid-1
---ebpf-pid----2094----pid-1
---ebpf-pid----2012----pid-2012
---ebpf-pid----448521----pid-448521
---ebpf-pid----2012----pid-1
---ebpf-pid----448521----pid-1
---ebpf-pid----2012----pid-2012
---ebpf-pid----7312----pid-7312
---ebpf-pid----2012----pid-1
---ebpf-pid----2012----pid-2012
---ebpf-pid----7312----pid-1
---ebpf-pid----448785----pid-448785
---ebpf-pid----2012----pid-1
---ebpf-pid----2012----pid-2012
---ebpf-pid----448785----pid-448520
---ebpf-pid----2012----pid-1
---ebpf-pid----448785----pid-1
---ebpf-pid----2012----pid-2012
---ebpf-pid----448546----pid-448546
---ebpf-pid----2012----pid-1
---ebpf-pid----448546----pid-1
---ebpf-pid----2012----pid-2012
---ebpf-pid----7312----pid-7312
---ebpf-pid----2012----pid-1
---ebpf-pid----7312----pid-1
---ebpf-pid----2012----pid-2012
---ebpf-pid----448546----pid-448546
---ebpf-pid----448546----pid-1
---ebpf-pid----2012----pid-1
---ebpf-pid----2012----pid-2012
---ebpf-pid----7312----pid-7312
---ebpf-pid----2012----pid-1
---ebpf-pid----372714----pid-372714
---ebpf-pid----7312----pid-1
---ebpf-pid----448546----pid-448546
---ebpf-pid----372714----pid-5476
---ebpf-pid----448546----pid-1
---ebpf-pid----372714----pid-1
---ebpf-pid----372881----pid-372881
---ebpf-pid----372714----pid-372714
---ebpf-pid----372714----pid-5476
---ebpf-pid----372881----pid-1
---ebpf-pid----6671----pid-6671
---ebpf-pid----372714----pid-1
---ebpf-pid----6671----pid-5476
---ebpf-pid----372714----pid-372714
---ebpf-pid----6671----pid-1
---ebpf-pid----372714----pid-5476
---ebpf-pid----6671----pid-6671
---ebpf-pid----372714----pid-1
---ebpf-pid----6671----pid-5476
---ebpf-pid----372714----pid-372714
---ebpf-pid----372714----pid-5476
---ebpf-pid----6671----pid-1
---ebpf-pid----6671----pid-6671
---ebpf-pid----372714----pid-1
---ebpf-pid----372714----pid-372714
---ebpf-pid----6671----pid-5476
---ebpf-pid----6671----pid-1
---ebpf-pid----448783----pid-448783
---ebpf-pid----448783----pid-448520
---ebpf-pid----448783----pid-1
---ebpf-pid----372881----pid-372881
---ebpf-pid----372881----pid-1
---ebpf-pid----2094----pid-2094
---ebpf-pid----2094----pid-1
---ebpf-pid----2094----pid-2094
---ebpf-pid----2094----pid-1
---ebpf-pid----5276----pid-5276
---ebpf-pid----5276----pid-3615
---ebpf-pid----5276----pid-1
---ebpf-pid----372881----pid-372881
---ebpf-pid----372881----pid-1
---ebpf-pid----6671----pid-6671
---ebpf-pid----372714----pid-5476
---ebpf-pid----6671----pid-5476
---ebpf-pid----372714----pid-1
---ebpf-pid----372714----pid-372714
---ebpf-pid----6671----pid-1
---ebpf-pid----6671----pid-6671
---ebpf-pid----372714----pid-5476
---ebpf-pid----6671----pid-5476
---ebpf-pid----372714----pid-1
---ebpf-pid----372714----pid-372714
---ebpf-pid----6671----pid-1
---ebpf-pid----6671----pid-6671
---ebpf-pid----372714----pid-5476
---ebpf-pid----6671----pid-5476
---ebpf-pid----372714----pid-1
---ebpf-pid----372714----pid-372714
---ebpf-pid----6671----pid-1
---ebpf-pid----2094----pid-2094
---ebpf-pid----372714----pid-5476
---ebpf-pid----2094----pid-1
---ebpf-pid----372714----pid-1
---ebpf-pid----372881----pid-372881
---ebpf-pid----372714----pid-372714
---ebpf-pid----372714----pid-5476
---ebpf-pid----372881----pid-1
---ebpf-pid----372881----pid-372881
---ebpf-pid----372714----pid-1
---ebpf-pid----372714----pid-372714
---ebpf-pid----372881----pid-1
---ebpf-pid----372881----pid-372881
---ebpf-pid----372714----pid-5476
---ebpf-pid----372881----pid-1
---ebpf-pid----372714----pid-1
---ebpf-pid----372881----pid-372881
---ebpf-pid----372714----pid-372714
---ebpf-pid----372881----pid-1
---ebpf-pid----372881----pid-372881
---ebpf-pid----372714----pid-5476
---ebpf-pid----372881----pid-1
---ebpf-pid----372714----pid-1
---ebpf-pid----372881----pid-372881
---ebpf-pid----5705----pid-5705
---ebpf-pid----372881----pid-1
---ebpf-pid----5705----pid-5476
---ebpf-pid----372881----pid-372881
---ebpf-pid----5705----pid-1
---ebpf-pid----372881----pid-1
---ebpf-pid----5705----pid-5705
---ebpf-pid----372881----pid-372881
---ebpf-pid----5705----pid-5476
---ebpf-pid----372881----pid-1
---ebpf-pid----372881----pid-372881
---ebpf-pid----5705----pid-1
---ebpf-pid----372881----pid-1
---ebpf-pid----2029----pid-2029
---ebpf-pid----372881----pid-372881
---ebpf-pid----2029----pid-1
---ebpf-pid----372881----pid-1
---ebpf-pid----2029----pid-2029
---ebpf-pid----372881----pid-372881
---ebpf-pid----2029----pid-1
---ebpf-pid----372881----pid-1
---ebpf-pid----2029----pid-2029
---ebpf-pid----372881----pid-372881
---ebpf-pid----2029----pid-1
---ebpf-pid----372881----pid-1
---ebpf-pid----372881----pid-372881
---ebpf-pid----372881----pid-1
---ebpf-pid----372881----pid-372881
---ebpf-pid----372881----pid-1
---ebpf-pid----372881----pid-372881
---ebpf-pid----2029----pid-2029
---ebpf-pid----2029----pid-1
---ebpf-pid----2029----pid-2029
---ebpf-pid----2029----pid-1
---ebpf-pid----2029----pid-2029
---ebpf-pid----2029----pid-1
---ebpf-pid----2029----pid-2029
---ebpf-pid----2029----pid-1
---ebpf-pid----5705----pid-5705
---ebpf-pid----5705----pid-5476
---ebpf-pid----5705----pid-1
---ebpf-pid----5705----pid-5705
---ebpf-pid----372881----pid-1
---ebpf-pid----372881----pid-372881
---ebpf-pid----5705----pid-5476
---ebpf-pid----372881----pid-1
---ebpf-pid----372881----pid-372881
---ebpf-pid----5705----pid-1
---ebpf-pid----5705----pid-5705
---ebpf-pid----5705----pid-5476
---ebpf-pid----372881----pid-1
---ebpf-pid----372881----pid-372881
---ebpf-pid----5705----pid-1
---ebpf-pid----5705----pid-5705
---ebpf-pid----372881----pid-1
---ebpf-pid----372881----pid-372881
---ebpf-pid----5705----pid-5476
---ebpf-pid----372881----pid-1
---ebpf-pid----372881----pid-372881
---ebpf-pid----5705----pid-1
---ebpf-pid----5705----pid-5705
---ebpf-pid----372881----pid-1
---ebpf-pid----372881----pid-372881
---ebpf-pid----5705----pid-5476
---ebpf-pid----372881----pid-1
---ebpf-pid----372881----pid-372881
---ebpf-pid----5705----pid-1
---ebpf-pid----372881----pid-1
---ebpf-pid----2029----pid-2029
---ebpf-pid----372881----pid-372881
---ebpf-pid----2029----pid-1
---ebpf-pid----372881----pid-1
---ebpf-pid----2029----pid-2029
---ebpf-pid----372881----pid-372881
---ebpf-pid----372881----pid-1
---ebpf-pid----2029----pid-1
---ebpf-pid----372881----pid-372881
---ebpf-pid----2029----pid-2029
---ebpf-pid----372881----pid-1
---ebpf-pid----2029----pid-1
---ebpf-pid----372881----pid-372881
---ebpf-pid----2029----pid-2029
---ebpf-pid----372881----pid-1
---ebpf-pid----6671----pid-6671
---ebpf-pid----2029----pid-1
---ebpf-pid----2029----pid-2029
---ebpf-pid----6671----pid-5476
---ebpf-pid----2029----pid-1
---ebpf-pid----2029----pid-2029
---ebpf-pid----6671----pid-1
---ebpf-pid----6671----pid-6671
---ebpf-pid----2029----pid-1
---ebpf-pid----2029----pid-2029
---ebpf-pid----6671----pid-5476
---ebpf-pid----2029----pid-1
---ebpf-pid----2029----pid-2029
---ebpf-pid----6671----pid-6671
---ebpf-pid----2029----pid-1
---ebpf-pid----6671----pid-5476
---ebpf-pid----2029----pid-2029
---ebpf-pid----6671----pid-1
---ebpf-pid----2029----pid-1
---ebpf-pid----6671----pid-1
---ebpf-pid----2029----pid-2029
---ebpf-pid----6671----pid-6671
---ebpf-pid----2029----pid-1
---ebpf-pid----6671----pid-5476
---ebpf-pid----2029----pid-2029
---ebpf-pid----6671----pid-1
---ebpf-pid----5638----pid-5638
---ebpf-pid----5638----pid-1
---ebpf-pid----6671----pid-6671
---ebpf-pid----6671----pid-5476
---ebpf-pid----6671----pid-1
---ebpf-pid----6671----pid-6671
---ebpf-pid----6671----pid-5476
---ebpf-pid----6671----pid-1
---ebpf-pid----6671----pid-6671
---ebpf-pid----2029----pid-1
---ebpf-pid----2029----pid-2029
---ebpf-pid----6671----pid-5476
---ebpf-pid----6671----pid-1
---ebpf-pid----2029----pid-1
---ebpf-pid----6671----pid-6671
---ebpf-pid----2029----pid-2029
---ebpf-pid----6671----pid-5476
---ebpf-pid----2029----pid-1
---ebpf-pid----2029----pid-2029
---ebpf-pid----6671----pid-1
---ebpf-pid----6671----pid-6671
---ebpf-pid----2029----pid-1
---ebpf-pid----2029----pid-2029
---ebpf-pid----6671----pid-5476
---ebpf-pid----2029----pid-1
---ebpf-pid----2029----pid-2029
---ebpf-pid----6671----pid-1
---ebpf-pid----6671----pid-6671
---ebpf-pid----2029----pid-1
---ebpf-pid----6671----pid-5476
---ebpf-pid----2029----pid-2029
---ebpf-pid----6671----pid-1
---ebpf-pid----2029----pid-1
---ebpf-pid----379067----pid-379067
---ebpf-pid----2029----pid-2029
---ebpf-pid----379067----pid-5476
---ebpf-pid----2029----pid-1
---ebpf-pid----2029----pid-2029
---ebpf-pid----379067----pid-1
---ebpf-pid----379067----pid-379067
---ebpf-pid----2029----pid-1
---ebpf-pid----379067----pid-5476
---ebpf-pid----2029----pid-2029
---ebpf-pid----379067----pid-1
---ebpf-pid----2029----pid-1
---ebpf-pid----379067----pid-379067
---ebpf-pid----2029----pid-2029
---ebpf-pid----379067----pid-5476
---ebpf-pid----2029----pid-1
---ebpf-pid----2029----pid-2029
---ebpf-pid----379067----pid-1
---ebpf-pid----379067----pid-379067
---ebpf-pid----2029----pid-1
---ebpf-pid----2029----pid-2029
---ebpf-pid----379067----pid-5476
---ebpf-pid----2029----pid-1
---ebpf-pid----379067----pid-1
---ebpf-pid----2029----pid-2029
---ebpf-pid----379067----pid-379067
---ebpf-pid----2029----pid-1
---ebpf-pid----379067----pid-5476
---ebpf-pid----2029----pid-2029
---ebpf-pid----379067----pid-1
---ebpf-pid----2029----pid-1
---ebpf-pid----379067----pid-379067
---ebpf-pid----2029----pid-2029
---ebpf-pid----2029----pid-1
---ebpf-pid----2029----pid-2029
---ebpf-pid----2029----pid-1
---ebpf-pid----2029----pid-2029
---ebpf-pid----2029----pid-1
---ebpf-pid----2029----pid-2029
---ebpf-pid----2029----pid-1
---ebpf-pid----2029----pid-2029
---ebpf-pid----2029----pid-1
---ebpf-pid----2029----pid-2029
---ebpf-pid----2029----pid-1
---ebpf-pid----379067----pid-5476
---ebpf-pid----2029----pid-2029
---ebpf-pid----379067----pid-1
---ebpf-pid----2029----pid-1
---ebpf-pid----379067----pid-379067
---ebpf-pid----2029----pid-2029
---ebpf-pid----379067----pid-5476
---ebpf-pid----2029----pid-1
---ebpf-pid----379067----pid-1
---ebpf-pid----379067----pid-379067
---ebpf-pid----379067----pid-5476
---ebpf-pid----379067----pid-1
---ebpf-pid----379067----pid-379067
---ebpf-pid----379067----pid-5476
---ebpf-pid----379067----pid-1
---ebpf-pid----379067----pid-379067
---ebpf-pid----379067----pid-5476
---ebpf-pid----379067----pid-1
---ebpf-pid----5705----pid-5705
---ebpf-pid----379067----pid-379067
---ebpf-pid----5705----pid-5476
---ebpf-pid----379067----pid-5476
---ebpf-pid----5705----pid-1
---ebpf-pid----379067----pid-1
---ebpf-pid----5705----pid-5705
---ebpf-pid----379067----pid-379067
---ebpf-pid----379067----pid-5476
---ebpf-pid----379067----pid-1
---ebpf-pid----379067----pid-379067
---ebpf-pid----379067----pid-5476
---ebpf-pid----5705----pid-5476
---ebpf-pid----379067----pid-1
---ebpf-pid----379067----pid-379067
---ebpf-pid----5705----pid-1
---ebpf-pid----379067----pid-5476
---ebpf-pid----5705----pid-5705
---ebpf-pid----379067----pid-1
---ebpf-pid----5705----pid-5476
---ebpf-pid----379067----pid-379067
---ebpf-pid----5705----pid-1
---ebpf-pid----2029----pid-2029
---ebpf-pid----379067----pid-5476
---ebpf-pid----2029----pid-1
---ebpf-pid----379067----pid-1
---ebpf-pid----5705----pid-5705
---ebpf-pid----379067----pid-379067
---ebpf-pid----5705----pid-5476
---ebpf-pid----379067----pid-5476
---ebpf-pid----5705----pid-1
---ebpf-pid----5705----pid-5705
---ebpf-pid----379067----pid-1
---ebpf-pid----379067----pid-379067
---ebpf-pid----5705----pid-5476
---ebpf-pid----5705----pid-1
---ebpf-pid----379067----pid-5476
---ebpf-pid----2029----pid-2029
---ebpf-pid----379067----pid-1
---ebpf-pid----2029----pid-1
---ebpf-pid----379067----pid-379067
---ebpf-pid----2029----pid-2029
---ebpf-pid----379067----pid-5476
---ebpf-pid----2029----pid-1
---ebpf-pid----2029----pid-2029
---ebpf-pid----379067----pid-1
---ebpf-pid----379067----pid-379067
---ebpf-pid----2029----pid-1
---ebpf-pid----2094----pid-2094
---ebpf-pid----379067----pid-5476
---ebpf-pid----2094----pid-1
---ebpf-pid----379067----pid-1
---ebpf-pid----2094----pid-2094
---ebpf-pid----379067----pid-379067
---ebpf-pid----2094----pid-1
---ebpf-pid----379067----pid-5476
---ebpf-pid----2094----pid-2094
---ebpf-pid----379067----pid-1
---ebpf-pid----2094----pid-1
---ebpf-pid----448783----pid-448783
---ebpf-pid----2094----pid-2094
---ebpf-pid----448783----pid-448520
---ebpf-pid----2094----pid-1
---ebpf-pid----2094----pid-2094
---ebpf-pid----448783----pid-1
---ebpf-pid----2094----pid-1
---ebpf-pid----5638----pid-5638
---ebpf-pid----2094----pid-2094
---ebpf-pid----5638----pid-1
---ebpf-pid----2094----pid-1
---ebpf-pid----2089----pid-2089
---ebpf-pid----2094----pid-2094
---ebpf-pid----2094----pid-1
---ebpf-pid----2089----pid-1
---ebpf-pid----2094----pid-2094
---ebpf-pid----2089----pid-2089
---ebpf-pid----2094----pid-1
---ebpf-pid----2089----pid-1
---ebpf-pid----2094----pid-2094
---ebpf-pid----2089----pid-2089
---ebpf-pid----2094----pid-1
---ebpf-pid----2094----pid-2094
---ebpf-pid----2089----pid-1
---ebpf-pid----2089----pid-2089
---ebpf-pid----2094----pid-1
---ebpf-pid----2094----pid-2094
---ebpf-pid----2089----pid-1
---ebpf-pid----2089----pid-2089
---ebpf-pid----2094----pid-1
---ebpf-pid----2094----pid-2094
---ebpf-pid----2089----pid-1
---ebpf-pid----2089----pid-2089
---ebpf-pid----2094----pid-1
---ebpf-pid----2094----pid-2094
---ebpf-pid----2089----pid-1
---ebpf-pid----2094----pid-1
---ebpf-pid----2089----pid-2089
---ebpf-pid----2094----pid-2094
---ebpf-pid----2089----pid-1
---ebpf-pid----2094----pid-1
---ebpf-pid----2089----pid-2089
---ebpf-pid----2094----pid-2094
---ebpf-pid----2089----pid-1
---ebpf-pid----2094----pid-1
---ebpf-pid----2089----pid-2089
---ebpf-pid----2094----pid-2094
---ebpf-pid----2089----pid-1
---ebpf-pid----2089----pid-2089
---ebpf-pid----2094----pid-1
---ebpf-pid----2094----pid-2094
---ebpf-pid----2089----pid-1
---ebpf-pid----2089----pid-2089
---ebpf-pid----2094----pid-1
---ebpf-pid----2094----pid-2094
---ebpf-pid----2089----pid-1
---ebpf-pid----2094----pid-1
---ebpf-pid----2089----pid-2089
---ebpf-pid----2094----pid-2094
---ebpf-pid----2094----pid-1
---ebpf-pid----2094----pid-2094
---ebpf-pid----2094----pid-1
---ebpf-pid----2094----pid-2094
---ebpf-pid----2094----pid-1
---ebpf-pid----2094----pid-2094
---ebpf-pid----2094----pid-1
---ebpf-pid----2094----pid-2094
---ebpf-pid----2094----pid-1
---ebpf-pid----2094----pid-2094
---ebpf-pid----2094----pid-1
---ebpf-pid----2094----pid-2094
---ebpf-pid----2094----pid-1
---ebpf-pid----2094----pid-2094
---ebpf-pid----2089----pid-1
---ebpf-pid----2089----pid-2089
---ebpf-pid----2094----pid-1
---ebpf-pid----2094----pid-2094
---ebpf-pid----2094----pid-1
---ebpf-pid----2089----pid-1
---ebpf-pid----2094----pid-2094
---ebpf-pid----2089----pid-2089
---ebpf-pid----2094----pid-1
---ebpf-pid----2088----pid-2088
---ebpf-pid----2089----pid-1
---ebpf-pid----2089----pid-2089
---ebpf-pid----2088----pid-1
---ebpf-pid----2088----pid-2088
---ebpf-pid----2089----pid-1
---ebpf-pid----2089----pid-2089
---ebpf-pid----2088----pid-1
---ebpf-pid----2088----pid-2088
---ebpf-pid----2089----pid-1
---ebpf-pid----2088----pid-1
---ebpf-pid----2088----pid-2088
---ebpf-pid----2089----pid-2089
---ebpf-pid----2088----pid-1
---ebpf-pid----2089----pid-1
---ebpf-pid----2088----pid-2088
---ebpf-pid----2089----pid-2089
---ebpf-pid----373029----pid-373029
---ebpf-pid----2088----pid-1
---ebpf-pid----2089----pid-1
---ebpf-pid----2088----pid-2088
---ebpf-pid----2089----pid-2089
---ebpf-pid----373029----pid-5476
---ebpf-pid----2088----pid-1
---ebpf-pid----2089----pid-1
---ebpf-pid----2088----pid-2088
---ebpf-pid----2089----pid-2089
---ebpf-pid----373029----pid-1
---ebpf-pid----373029----pid-373029
---ebpf-pid----2088----pid-1
---ebpf-pid----2089----pid-1
---ebpf-pid----2088----pid-2088
---ebpf-pid----2089----pid-2089
---ebpf-pid----373029----pid-5476
---ebpf-pid----2088----pid-1
---ebpf-pid----2089----pid-1
---ebpf-pid----373029----pid-1
---ebpf-pid----2089----pid-2089
---ebpf-pid----2088----pid-2088
---ebpf-pid----373029----pid-373029
---ebpf-pid----2089----pid-1
---ebpf-pid----2088----pid-1
---ebpf-pid----373029----pid-5476
---ebpf-pid----2089----pid-2089
---ebpf-pid----2088----pid-2088
---ebpf-pid----373029----pid-1
---ebpf-pid----2089----pid-1
---ebpf-pid----2088----pid-1
---ebpf-pid----373029----pid-373029
---ebpf-pid----2089----pid-2089
---ebpf-pid----2088----pid-2088
---ebpf-pid----373029----pid-5476
---ebpf-pid----2089----pid-1
---ebpf-pid----2088----pid-1
---ebpf-pid----2089----pid-2089
---ebpf-pid----2088----pid-2088
---ebpf-pid----373029----pid-1
---ebpf-pid----373029----pid-373029
---ebpf-pid----2088----pid-1
---ebpf-pid----2088----pid-2088
---ebpf-pid----2089----pid-1
---ebpf-pid----373029----pid-5476
---ebpf-pid----2089----pid-2089
---ebpf-pid----373029----pid-1
---ebpf-pid----2089----pid-1
---ebpf-pid----2089----pid-2089
---ebpf-pid----2088----pid-1
---ebpf-pid----2088----pid-2088
---ebpf-pid----2089----pid-1
---ebpf-pid----2089----pid-2089
---ebpf-pid----2088----pid-1
---ebpf-pid----2088----pid-2088
---ebpf-pid----2089----pid-1
---ebpf-pid----2088----pid-1
---ebpf-pid----2088----pid-2088
---ebpf-pid----2089----pid-2089
---ebpf-pid----2088----pid-1
---ebpf-pid----2088----pid-2088
---ebpf-pid----2089----pid-1
---ebpf-pid----379067----pid-379067
---ebpf-pid----2088----pid-1
---ebpf-pid----2088----pid-2088
---ebpf-pid----379067----pid-5476
---ebpf-pid----2088----pid-1
---ebpf-pid----2088----pid-2088
---ebpf-pid----2088----pid-1
---ebpf-pid----2088----pid-2088
---ebpf-pid----379067----pid-1
---ebpf-pid----379067----pid-379067
---ebpf-pid----379067----pid-5476
---ebpf-pid----379067----pid-1
---ebpf-pid----379067----pid-379067
---ebpf-pid----379067----pid-5476
---ebpf-pid----379067----pid-1
---ebpf-pid----379067----pid-379067
---ebpf-pid----379067----pid-5476
---ebpf-pid----379067----pid-1
---ebpf-pid----379067----pid-379067
---ebpf-pid----379067----pid-5476
---ebpf-pid----379067----pid-1
---ebpf-pid----379067----pid-379067
---ebpf-pid----379067----pid-5476
---ebpf-pid----379067----pid-1
---ebpf-pid----379067----pid-379067
---ebpf-pid----379067----pid-5476
---ebpf-pid----379067----pid-1
---ebpf-pid----379067----pid-379067
---ebpf-pid----379067----pid-5476
---ebpf-pid----379067----pid-1
---ebpf-pid----379067----pid-379067
---ebpf-pid----379067----pid-5476
---ebpf-pid----379067----pid-1
---ebpf-pid----6671----pid-6671
---ebpf-pid----6671----pid-5476
---ebpf-pid----6671----pid-1
---ebpf-pid----6671----pid-6671
---ebpf-pid----6671----pid-5476
---ebpf-pid----6671----pid-1
---ebpf-pid----6671----pid-6671
---ebpf-pid----6671----pid-5476
---ebpf-pid----6671----pid-1
---ebpf-pid----6671----pid-6671
---ebpf-pid----6671----pid-5476
---ebpf-pid----6671----pid-1
---ebpf-pid----6671----pid-6671
---ebpf-pid----6671----pid-5476
---ebpf-pid----6671----pid-1
---ebpf-pid----2088----pid-1
---ebpf-pid----2088----pid-2088
---ebpf-pid----2088----pid-1
---ebpf-pid----2088----pid-2088
---ebpf-pid----2088----pid-1
---ebpf-pid----2088----pid-2088
---ebpf-pid----2088----pid-1
---ebpf-pid----2088----pid-2088
---ebpf-pid----2088----pid-2088
---ebpf-pid----2088----pid-1
---ebpf-pid----2088----pid-2088
---ebpf-pid----2088----pid-1
---ebpf-pid----2088----pid-2088
---ebpf-pid----2088----pid-1
---ebpf-pid----2088----pid-2088
---ebpf-pid----2088----pid-1
---ebpf-pid----2088----pid-2088
---ebpf-pid----2088----pid-1
---ebpf-pid----2088----pid-2088
---ebpf-pid----2088----pid-1
---ebpf-pid----2088----pid-2088
---ebpf-pid----2088----pid-1
---ebpf-pid----2012----pid-2012
---ebpf-pid----2088----pid-1
---ebpf-pid----2012----pid-1
---ebpf-pid----2012----pid-2012
---ebpf-pid----2012----pid-1
---ebpf-pid----2012----pid-2012
---ebpf-pid----2012----pid-1
---ebpf-pid----2012----pid-2012
---ebpf-pid----2012----pid-1
---ebpf-pid----2012----pid-2012
---ebpf-pid----2012----pid-1
---ebpf-pid----2012----pid-2012
---ebpf-pid----2012----pid-1
---ebpf-pid----2012----pid-2012
---ebpf-pid----6671----pid-6671
---ebpf-pid----2012----pid-1
---ebpf-pid----2012----pid-2012
---ebpf-pid----6671----pid-5476
---ebpf-pid----2012----pid-1
---ebpf-pid----2012----pid-2012
---ebpf-pid----6671----pid-1
---ebpf-pid----6671----pid-6671
---ebpf-pid----2012----pid-1
---ebpf-pid----2012----pid-2012
---ebpf-pid----6671----pid-5476
---ebpf-pid----2012----pid-1
---ebpf-pid----2012----pid-2012
---ebpf-pid----6671----pid-1
---ebpf-pid----6671----pid-6671
---ebpf-pid----2012----pid-1
---ebpf-pid----2012----pid-2012
---ebpf-pid----6671----pid-5476
---ebpf-pid----6671----pid-1
---ebpf-pid----6671----pid-6671
---ebpf-pid----6671----pid-5476
---ebpf-pid----2088----pid-2088
---ebpf-pid----2088----pid-1
---ebpf-pid----2088----pid-2088
---ebpf-pid----2088----pid-1
---ebpf-pid----2088----pid-2088
---ebpf-pid----2088----pid-1
---ebpf-pid----2088----pid-2088
---ebpf-pid----2088----pid-1
---ebpf-pid----2088----pid-2088
---ebpf-pid----2088----pid-1
---ebpf-pid----2088----pid-2088
---ebpf-pid----2088----pid-1
---ebpf-pid----2088----pid-2088
---ebpf-pid----2088----pid-1
---ebpf-pid----2088----pid-2088
---ebpf-pid----2088----pid-1
---ebpf-pid----2088----pid-2088
---ebpf-pid----2088----pid-1
---ebpf-pid----2088----pid-2088
---ebpf-pid----2088----pid-1
---ebpf-pid----2088----pid-2088
---ebpf-pid----2088----pid-1
---ebpf-pid----2012----pid-1
---ebpf-pid----2088----pid-2088
---ebpf-pid----2012----pid-2012
---ebpf-pid----6671----pid-1
---ebpf-pid----2088----pid-1
---ebpf-pid----5705----pid-5705
---ebpf-pid----2012----pid-1
---ebpf-pid----2088----pid-2088
---ebpf-pid----2012----pid-2012
---ebpf-pid----5705----pid-5476
---ebpf-pid----2012----pid-1
---ebpf-pid----2088----pid-1
---ebpf-pid----2012----pid-2012
---ebpf-pid----2088----pid-2088
---ebpf-pid----5705----pid-1
---ebpf-pid----6671----pid-6671
---ebpf-pid----2012----pid-1
---ebpf-pid----2088----pid-1
---ebpf-pid----2012----pid-2012
---ebpf-pid----6671----pid-5476
---ebpf-pid----2012----pid-1
---ebpf-pid----2012----pid-2012
---ebpf-pid----6671----pid-1
---ebpf-pid----6671----pid-6671
---ebpf-pid----2012----pid-1
---ebpf-pid----2012----pid-2012
---ebpf-pid----6671----pid-5476
---ebpf-pid----2012----pid-1
---ebpf-pid----6671----pid-1
---ebpf-pid----2012----pid-2012
---ebpf-pid----5705----pid-5705
---ebpf-pid----2012----pid-1
---ebpf-pid----5705----pid-5476
---ebpf-pid----2012----pid-2012
---ebpf-pid----5705----pid-1
---ebpf-pid----2012----pid-1
---ebpf-pid----6671----pid-6671
---ebpf-pid----2012----pid-2012
---ebpf-pid----6671----pid-5476
---ebpf-pid----2012----pid-1
---ebpf-pid----2012----pid-2012
---ebpf-pid----6671----pid-1
---ebpf-pid----2088----pid-2088
---ebpf-pid----6671----pid-6671
---ebpf-pid----2012----pid-1
---ebpf-pid----2012----pid-2012
---ebpf-pid----6671----pid-5476
---ebpf-pid----6671----pid-1
---ebpf-pid----6671----pid-6671
---ebpf-pid----2088----pid-1
---ebpf-pid----6671----pid-5476
---ebpf-pid----2088----pid-2088
---ebpf-pid----2088----pid-1
---ebpf-pid----2088----pid-2088
---ebpf-pid----6671----pid-1
---ebpf-pid----5705----pid-5705
---ebpf-pid----2088----pid-1
---ebpf-pid----2088----pid-2088
---ebpf-pid----5705----pid-5476
---ebpf-pid----2088----pid-1
---ebpf-pid----5705----pid-1
---ebpf-pid----2088----pid-2088
---ebpf-pid----5705----pid-5705
---ebpf-pid----2088----pid-1
---ebpf-pid----5705----pid-5476
---ebpf-pid----2088----pid-2088
---ebpf-pid----5705----pid-1
---ebpf-pid----2088----pid-1
---ebpf-pid----2088----pid-2088
---ebpf-pid----5705----pid-5705
---ebpf-pid----2088----pid-1
---ebpf-pid----2088----pid-2088
---ebpf-pid----5705----pid-5476
---ebpf-pid----2088----pid-1
---ebpf-pid----5705----pid-1
---ebpf-pid----2088----pid-2088
---ebpf-pid----2089----pid-2089
---ebpf-pid----2088----pid-1
---ebpf-pid----2089----pid-1
---ebpf-pid----2088----pid-2088
---ebpf-pid----2089----pid-2089
---ebpf-pid----2088----pid-1
---ebpf-pid----2089----pid-1
---ebpf-pid----2088----pid-2088
---ebpf-pid----2012----pid-1
---ebpf-pid----2089----pid-2089
---ebpf-pid----2012----pid-2012
---ebpf-pid----2088----pid-1
---ebpf-pid----2089----pid-1
---ebpf-pid----2088----pid-2088
---ebpf-pid----2089----pid-2089
---ebpf-pid----2012----pid-1
---ebpf-pid----2012----pid-2012
---ebpf-pid----2088----pid-1
---ebpf-pid----2089----pid-1
---ebpf-pid----2088----pid-2088
---ebpf-pid----2089----pid-2089
---ebpf-pid----2012----pid-1
---ebpf-pid----2012----pid-2012
---ebpf-pid----2088----pid-1
---ebpf-pid----2089----pid-1
---ebpf-pid----2088----pid-2088
---ebpf-pid----2089----pid-2089
---ebpf-pid----2012----pid-1
---ebpf-pid----2012----pid-2012
---ebpf-pid----2088----pid-1
---ebpf-pid----2089----pid-1
---ebpf-pid----2089----pid-2089
---ebpf-pid----2088----pid-2088
---ebpf-pid----2012----pid-1
---ebpf-pid----2012----pid-2012
---ebpf-pid----2089----pid-1
---ebpf-pid----2088----pid-1
---ebpf-pid----2088----pid-2088
---ebpf-pid----2089----pid-2089
---ebpf-pid----2012----pid-1
---ebpf-pid----2012----pid-2012
---ebpf-pid----2089----pid-1
---ebpf-pid----2088----pid-1
---ebpf-pid----2089----pid-2089
---ebpf-pid----2088----pid-2088
---ebpf-pid----2012----pid-1
---ebpf-pid----2012----pid-2012
---ebpf-pid----2089----pid-1
---ebpf-pid----2088----pid-1
---ebpf-pid----2088----pid-2088
---ebpf-pid----14----pid-14
---ebpf-pid----2012----pid-1
---ebpf-pid----2012----pid-2012
---ebpf-pid----2088----pid-1
---ebpf-pid----14----pid-2
---ebpf-pid----5705----pid-5705
---ebpf-pid----2012----pid-1
---ebpf-pid----2088----pid-2088
---ebpf-pid----2012----pid-2012
---ebpf-pid----5705----pid-5476
---ebpf-pid----2088----pid-1
---ebpf-pid----2012----pid-1
---ebpf-pid----2088----pid-2088
---ebpf-pid----2012----pid-2012
---ebpf-pid----5705----pid-1
---ebpf-pid----2088----pid-1
---ebpf-pid----5705----pid-5705
---ebpf-pid----2012----pid-1
---ebpf-pid----2088----pid-2088
---ebpf-pid----2012----pid-2012
---ebpf-pid----5705----pid-5476
---ebpf-pid----2012----pid-1
---ebpf-pid----2088----pid-1
---ebpf-pid----2012----pid-2012
---ebpf-pid----2088----pid-2088
---ebpf-pid----5705----pid-1
---ebpf-pid----5705----pid-5705
---ebpf-pid----2012----pid-1
---ebpf-pid----2012----pid-2012
---ebpf-pid----5705----pid-5476
---ebpf-pid----2012----pid-1
---ebpf-pid----2012----pid-2012
---ebpf-pid----2012----pid-1
---ebpf-pid----2012----pid-2012
---ebpf-pid----5705----pid-1
---ebpf-pid----2012----pid-1
---ebpf-pid----5705----pid-5705
---ebpf-pid----2012----pid-2012
---ebpf-pid----2012----pid-1
---ebpf-pid----5705----pid-5476
---ebpf-pid----2012----pid-2012
---ebpf-pid----5705----pid-1
---ebpf-pid----2012----pid-1
---ebpf-pid----5705----pid-5705
---ebpf-pid----2088----pid-1
---ebpf-pid----2012----pid-2012
---ebpf-pid----5705----pid-5476
---ebpf-pid----2088----pid-2088
---ebpf-pid----2012----pid-1
---ebpf-pid----2012----pid-2012
---ebpf-pid----2088----pid-1
---ebpf-pid----2088----pid-2088
---ebpf-pid----5705----pid-1
---ebpf-pid----5705----pid-5705
---ebpf-pid----5705----pid-5476
---ebpf-pid----2088----pid-1
---ebpf-pid----5705----pid-1
---ebpf-pid----5705----pid-5705
---ebpf-pid----5705----pid-5476
---ebpf-pid----5705----pid-1
---ebpf-pid----379067----pid-379067
---ebpf-pid----2088----pid-2088
---ebpf-pid----2088----pid-1
---ebpf-pid----2088----pid-2088
---ebpf-pid----2088----pid-1
---ebpf-pid----2088----pid-2088
---ebpf-pid----2088----pid-1
---ebpf-pid----2088----pid-2088
---ebpf-pid----2012----pid-1
---ebpf-pid----2012----pid-2012
---ebpf-pid----2012----pid-1
---ebpf-pid----2012----pid-2012
---ebpf-pid----2012----pid-1
---ebpf-pid----2012----pid-2012
---ebpf-pid----379067----pid-5476
---ebpf-pid----2012----pid-1
---ebpf-pid----379067----pid-1
---ebpf-pid----2012----pid-2012
---ebpf-pid----372714----pid-372714
---ebpf-pid----2012----pid-1
---ebpf-pid----2012----pid-2012
---ebpf-pid----372714----pid-5476
---ebpf-pid----2012----pid-1
---ebpf-pid----372714----pid-1
---ebpf-pid----2012----pid-2012
---ebpf-pid----372714----pid-372714
---ebpf-pid----2012----pid-1
---ebpf-pid----2012----pid-2012
---ebpf-pid----372714----pid-5476
---ebpf-pid----2012----pid-1
---ebpf-pid----372714----pid-1
---ebpf-pid----2012----pid-2012
---ebpf-pid----2012----pid-1
---ebpf-pid----2012----pid-2012
---ebpf-pid----372714----pid-372714
---ebpf-pid----2088----pid-1
---ebpf-pid----2012----pid-1
---ebpf-pid----372714----pid-5476
---ebpf-pid----2088----pid-2088
---ebpf-pid----2012----pid-2012
---ebpf-pid----2012----pid-1
---ebpf-pid----372714----pid-1
---ebpf-pid----2088----pid-1
---ebpf-pid----2012----pid-2012
---ebpf-pid----372714----pid-372714
---ebpf-pid----2088----pid-2088
---ebpf-pid----2012----pid-1
---ebpf-pid----372714----pid-5476
---ebpf-pid----2088----pid-1
---ebpf-pid----2012----pid-2012
---ebpf-pid----2088----pid-2088
---ebpf-pid----2012----pid-1
---ebpf-pid----372714----pid-1
---ebpf-pid----2012----pid-2012
---ebpf-pid----372714----pid-372714
---ebpf-pid----2088----pid-1
---ebpf-pid----2088----pid-2088
---ebpf-pid----2012----pid-1
---ebpf-pid----372714----pid-5476
---ebpf-pid----2012----pid-2012
---ebpf-pid----2088----pid-1
---ebpf-pid----2088----pid-2088
---ebpf-pid----372714----pid-1
---ebpf-pid----2012----pid-1
---ebpf-pid----372714----pid-372714
---ebpf-pid----2012----pid-2012
---ebpf-pid----2088----pid-1
---ebpf-pid----372714----pid-5476
---ebpf-pid----2088----pid-2088
---ebpf-pid----372714----pid-1
---ebpf-pid----2012----pid-1
---ebpf-pid----372714----pid-372714
---ebpf-pid----372714----pid-5476
---ebpf-pid----2012----pid-2012
---ebpf-pid----372714----pid-1
---ebpf-pid----372714----pid-372714
---ebpf-pid----2012----pid-1
---ebpf-pid----372714----pid-5476
---ebpf-pid----2012----pid-2012
---ebpf-pid----372714----pid-1
---ebpf-pid----372714----pid-372714
---ebpf-pid----2012----pid-1
---ebpf-pid----372714----pid-5476
---ebpf-pid----2012----pid-2012
---ebpf-pid----372714----pid-1
---ebpf-pid----372714----pid-372714
---ebpf-pid----372714----pid-5476
---ebpf-pid----2012----pid-1
---ebpf-pid----2012----pid-2012
---ebpf-pid----372714----pid-1
---ebpf-pid----379067----pid-379067
---ebpf-pid----2012----pid-1
---ebpf-pid----2088----pid-1
---ebpf-pid----2088----pid-2088
---ebpf-pid----2012----pid-2012
---ebpf-pid----379067----pid-5476
---ebpf-pid----2012----pid-1
---ebpf-pid----2088----pid-2088
---ebpf-pid----2088----pid-1
---ebpf-pid----2088----pid-2088
---ebpf-pid----2088----pid-1
---ebpf-pid----2088----pid-2088
---ebpf-pid----2088----pid-1
---ebpf-pid----2088----pid-2088
---ebpf-pid----2088----pid-1
---ebpf-pid----2088----pid-2088
---ebpf-pid----2088----pid-1
---ebpf-pid----2088----pid-2088
---ebpf-pid----2088----pid-1
---ebpf-pid----2088----pid-2088
---ebpf-pid----2088----pid-1
---ebpf-pid----2088----pid-2088
---ebpf-pid----2088----pid-1
---ebpf-pid----2088----pid-2088
---ebpf-pid----2088----pid-1
---ebpf-pid----2088----pid-2088
---ebpf-pid----2088----pid-1
---ebpf-pid----372881----pid-372881
---ebpf-pid----372881----pid-1
---ebpf-pid----372881----pid-372881
---ebpf-pid----372881----pid-1
---ebpf-pid----2089----pid-2089
---ebpf-pid----2089----pid-1
---ebpf-pid----2089----pid-2089
---ebpf-pid----2089----pid-1
---ebpf-pid----2089----pid-2089
---ebpf-pid----379067----pid-1
---ebpf-pid----379067----pid-379067
---ebpf-pid----2089----pid-1
---ebpf-pid----2089----pid-2089
---ebpf-pid----379067----pid-5476
---ebpf-pid----2089----pid-1
---ebpf-pid----2089----pid-2089
---ebpf-pid----379067----pid-1
---ebpf-pid----2088----pid-1
---ebpf-pid----2089----pid-1
---ebpf-pid----2089----pid-2089
---ebpf-pid----2088----pid-2088
---ebpf-pid----2089----pid-1
---ebpf-pid----2088----pid-1
---ebpf-pid----2089----pid-2089
---ebpf-pid----2088----pid-2088
---ebpf-pid----2089----pid-1
---ebpf-pid----2088----pid-1
---ebpf-pid----2089----pid-2089
---ebpf-pid----2088----pid-2088
---ebpf-pid----2089----pid-1
---ebpf-pid----2088----pid-1
---ebpf-pid----2089----pid-2089
---ebpf-pid----2088----pid-2088
---ebpf-pid----2089----pid-1
---ebpf-pid----2088----pid-1
---ebpf-pid----2089----pid-2089
---ebpf-pid----2088----pid-2088
---ebpf-pid----2088----pid-1
---ebpf-pid----2088----pid-2088
---ebpf-pid----2088----pid-1
---ebpf-pid----2088----pid-2088
---ebpf-pid----2088----pid-1
---ebpf-pid----2088----pid-2088
---ebpf-pid----2088----pid-1
---ebpf-pid----2088----pid-2088
---ebpf-pid----2088----pid-1
---ebpf-pid----2088----pid-2088
---ebpf-pid----2088----pid-1
---ebpf-pid----2088----pid-2088
---ebpf-pid----2088----pid-1
---ebpf-pid----2088----pid-2088
---ebpf-pid----2088----pid-1
---ebpf-pid----2088----pid-2088
---ebpf-pid----2089----pid-1
---ebpf-pid----2089----pid-2089
---ebpf-pid----2089----pid-1
---ebpf-pid----2088----pid-1
---ebpf-pid----2088----pid-2088
---ebpf-pid----2088----pid-1
---ebpf-pid----2088----pid-2088
---ebpf-pid----2088----pid-1
---ebpf-pid----2088----pid-2088
---ebpf-pid----2088----pid-1
---ebpf-pid----2088----pid-2088
---ebpf-pid----2088----pid-1
---ebpf-pid----2088----pid-2088
---ebpf-pid----2089----pid-2089
---ebpf-pid----2088----pid-1
---ebpf-pid----2088----pid-2088
---ebpf-pid----2089----pid-1
---ebpf-pid----2089----pid-2089
---ebpf-pid----2088----pid-1
---ebpf-pid----2088----pid-2088
---ebpf-pid----2089----pid-1
---ebpf-pid----2088----pid-1
---ebpf-pid----2088----pid-2088
---ebpf-pid----2089----pid-2089
---ebpf-pid----2088----pid-1
---ebpf-pid----2089----pid-1
---ebpf-pid----2088----pid-2088
---ebpf-pid----2089----pid-2089
---ebpf-pid----2088----pid-1
---ebpf-pid----2088----pid-2088
---ebpf-pid----2089----pid-1
---ebpf-pid----2088----pid-1
---ebpf-pid----2089----pid-2089
---ebpf-pid----2088----pid-2088
---ebpf-pid----2088----pid-1
---ebpf-pid----2089----pid-1
---ebpf-pid----2088----pid-2088
---ebpf-pid----2089----pid-2089
---ebpf-pid----2088----pid-1
---ebpf-pid----2089----pid-1
---ebpf-pid----2088----pid-2088
---ebpf-pid----2089----pid-2089
---ebpf-pid----2088----pid-1
---ebpf-pid----2089----pid-1
---ebpf-pid----2088----pid-2088
---ebpf-pid----2094----pid-2094
---ebpf-pid----2088----pid-1
---ebpf-pid----2094----pid-1
---ebpf-pid----2094----pid-2094
---ebpf-pid----2088----pid-2088
---ebpf-pid----2088----pid-1
---ebpf-pid----2094----pid-1
---ebpf-pid----2088----pid-2088
---ebpf-pid----2094----pid-2094
---ebpf-pid----2088----pid-1
---ebpf-pid----2094----pid-1
---ebpf-pid----2088----pid-2088
---ebpf-pid----2094----pid-2094
---ebpf-pid----2088----pid-1
---ebpf-pid----2094----pid-1
---ebpf-pid----2088----pid-2088
---ebpf-pid----2094----pid-2094
---ebpf-pid----2088----pid-1
---ebpf-pid----2094----pid-1
---ebpf-pid----2088----pid-2088
---ebpf-pid----2094----pid-2094
---ebpf-pid----2088----pid-1
---ebpf-pid----2094----pid-1
---ebpf-pid----2088----pid-2088
---ebpf-pid----2094----pid-2094
---ebpf-pid----2088----pid-1
---ebpf-pid----2094----pid-1
---ebpf-pid----2088----pid-2088
---ebpf-pid----2094----pid-2094
---ebpf-pid----2094----pid-1
---ebpf-pid----2088----pid-1
---ebpf-pid----2094----pid-2094
---ebpf-pid----2088----pid-2088
---ebpf-pid----2094----pid-1
---ebpf-pid----2094----pid-2094
---ebpf-pid----2094----pid-1
---ebpf-pid----2094----pid-2094
---ebpf-pid----2094----pid-1
---ebpf-pid----2094----pid-2094
---ebpf-pid----2094----pid-1
---ebpf-pid----2094----pid-2094
---ebpf-pid----2094----pid-1
---ebpf-pid----2094----pid-2094
---ebpf-pid----2094----pid-1
---ebpf-pid----2094----pid-2094
---ebpf-pid----2094----pid-1
---ebpf-pid----2094----pid-2094
---ebpf-pid----2094----pid-1
---ebpf-pid----2094----pid-2094
---ebpf-pid----2094----pid-1
---ebpf-pid----2094----pid-2094
---ebpf-pid----2094----pid-1
---ebpf-pid----2094----pid-2094
---ebpf-pid----2094----pid-1
---ebpf-pid----2094----pid-2094
---ebpf-pid----2094----pid-1
---ebpf-pid----2094----pid-2094
---ebpf-pid----2094----pid-1
---ebpf-pid----2012----pid-2012
---ebpf-pid----2012----pid-1
---ebpf-pid----2012----pid-2012
---ebpf-pid----2012----pid-1
---ebpf-pid----2012----pid-2012
---ebpf-pid----2012----pid-1
---ebpf-pid----2012----pid-2012
---ebpf-pid----2012----pid-1
---ebpf-pid----2012----pid-2012
---ebpf-pid----379067----pid-379067
---ebpf-pid----2088----pid-1
---ebpf-pid----2088----pid-2088
---ebpf-pid----379067----pid-5476
---ebpf-pid----2088----pid-1
---ebpf-pid----2088----pid-2088
---ebpf-pid----2012----pid-1
---ebpf-pid----2012----pid-2012
---ebpf-pid----2088----pid-1
---ebpf-pid----2012----pid-1
---ebpf-pid----379067----pid-1
---ebpf-pid----2012----pid-2012
---ebpf-pid----379067----pid-379067
---ebpf-pid----2012----pid-1
---ebpf-pid----2012----pid-2012
---ebpf-pid----379067----pid-5476
---ebpf-pid----2012----pid-1
---ebpf-pid----2012----pid-2012
---ebpf-pid----379067----pid-1
---ebpf-pid----2012----pid-1
---ebpf-pid----379067----pid-379067
---ebpf-pid----2088----pid-2088
---ebpf-pid----2012----pid-2012
---ebpf-pid----2088----pid-1
---ebpf-pid----2088----pid-2088
---ebpf-pid----2012----pid-1
---ebpf-pid----2088----pid-1
---ebpf-pid----379067----pid-5476
---ebpf-pid----2088----pid-2088
---ebpf-pid----2012----pid-2012
---ebpf-pid----2088----pid-1
---ebpf-pid----2088----pid-2088
---ebpf-pid----379067----pid-1
---ebpf-pid----2088----pid-1
---ebpf-pid----2088----pid-2088
---ebpf-pid----2012----pid-1
---ebpf-pid----2012----pid-2012
---ebpf-pid----2088----pid-1
---ebpf-pid----379067----pid-379067
---ebpf-pid----2088----pid-2088
---ebpf-pid----2088----pid-1
---ebpf-pid----2088----pid-2088
---ebpf-pid----379067----pid-5476
---ebpf-pid----2088----pid-1
---ebpf-pid----2088----pid-2088
---ebpf-pid----2012----pid-1
---ebpf-pid----2012----pid-2012
---ebpf-pid----2012----pid-1
---ebpf-pid----2012----pid-2012
---ebpf-pid----379067----pid-1
---ebpf-pid----379067----pid-379067
---ebpf-pid----2088----pid-1
---ebpf-pid----2088----pid-2088
---ebpf-pid----379067----pid-5476
---ebpf-pid----2012----pid-1
---ebpf-pid----2088----pid-1
---ebpf-pid----2088----pid-2088
---ebpf-pid----2012----pid-2012
---ebpf-pid----2088----pid-1
---ebpf-pid----2088----pid-2088
---ebpf-pid----379067----pid-1
---ebpf-pid----2088----pid-1
---ebpf-pid----379067----pid-379067
---ebpf-pid----2088----pid-2088
---ebpf-pid----2012----pid-1
---ebpf-pid----2012----pid-2012
---ebpf-pid----2088----pid-1
---ebpf-pid----2088----pid-2088
---ebpf-pid----379067----pid-5476
---ebpf-pid----2088----pid-1
---ebpf-pid----2088----pid-2088
---ebpf-pid----2088----pid-1
---ebpf-pid----2088----pid-2088
---ebpf-pid----379067----pid-1
---ebpf-pid----2012----pid-1
---ebpf-pid----2088----pid-1
---ebpf-pid----2012----pid-2012
---ebpf-pid----2088----pid-2088
---ebpf-pid----2088----pid-1
---ebpf-pid----379067----pid-379067
---ebpf-pid----2088----pid-2088
---ebpf-pid----2012----pid-1
---ebpf-pid----2088----pid-1
---ebpf-pid----2012----pid-2012
---ebpf-pid----2088----pid-2088
---ebpf-pid----379067----pid-5476
---ebpf-pid----379067----pid-1
---ebpf-pid----379067----pid-379067
---ebpf-pid----379067----pid-5476
---ebpf-pid----2012----pid-1
---ebpf-pid----379067----pid-1
---ebpf-pid----2012----pid-2012
---ebpf-pid----372714----pid-372714
---ebpf-pid----2012----pid-1
---ebpf-pid----372714----pid-5476
---ebpf-pid----2012----pid-2012
---ebpf-pid----372714----pid-1
---ebpf-pid----2012----pid-1
---ebpf-pid----372714----pid-372714
---ebpf-pid----2012----pid-2012
---ebpf-pid----372714----pid-5476
---ebpf-pid----2012----pid-1
---ebpf-pid----2012----pid-2012
---ebpf-pid----372714----pid-1
---ebpf-pid----372714----pid-372714
---ebpf-pid----2012----pid-1
---ebpf-pid----2012----pid-2012
---ebpf-pid----372714----pid-5476
---ebpf-pid----2012----pid-1
---ebpf-pid----372714----pid-1
---ebpf-pid----2012----pid-2012
---ebpf-pid----372714----pid-372714
---ebpf-pid----2012----pid-1
---ebpf-pid----372714----pid-5476
---ebpf-pid----2012----pid-2012
---ebpf-pid----372714----pid-1
---ebpf-pid----2012----pid-1
---ebpf-pid----372714----pid-372714
---ebpf-pid----2012----pid-2012
---ebpf-pid----372714----pid-5476
---ebpf-pid----2012----pid-1
---ebpf-pid----2012----pid-2012
---ebpf-pid----372714----pid-1
---ebpf-pid----372714----pid-372714
---ebpf-pid----2012----pid-1
---ebpf-pid----2012----pid-2012
---ebpf-pid----372714----pid-5476
---ebpf-pid----2012----pid-1
---ebpf-pid----372714----pid-1
---ebpf-pid----2012----pid-2012
---ebpf-pid----372714----pid-372714
---ebpf-pid----2012----pid-1
---ebpf-pid----372714----pid-5476
---ebpf-pid----2012----pid-2012
---ebpf-pid----372714----pid-1
---ebpf-pid----2012----pid-1
---ebpf-pid----372714----pid-372714
---ebpf-pid----2012----pid-2012
---ebpf-pid----372714----pid-5476
---ebpf-pid----2012----pid-1
---ebpf-pid----2012----pid-2012
---ebpf-pid----372714----pid-1
---ebpf-pid----372714----pid-372714
---ebpf-pid----2012----pid-1
---ebpf-pid----2012----pid-2012
---ebpf-pid----372714----pid-5476
---ebpf-pid----2012----pid-1
---ebpf-pid----2012----pid-2012
---ebpf-pid----372714----pid-1
---ebpf-pid----372714----pid-372714
---ebpf-pid----2012----pid-1
---ebpf-pid----2012----pid-2012
---ebpf-pid----372714----pid-5476
---ebpf-pid----2012----pid-1
---ebpf-pid----372714----pid-1
---ebpf-pid----2012----pid-2012
---ebpf-pid----372714----pid-372714
---ebpf-pid----2012----pid-1
---ebpf-pid----372714----pid-5476
---ebpf-pid----2012----pid-2012
---ebpf-pid----372714----pid-1
---ebpf-pid----2012----pid-1
---ebpf-pid----448782----pid-448782
---ebpf-pid----2012----pid-2012
---ebpf-pid----448782----pid-448520
---ebpf-pid----2012----pid-1
---ebpf-pid----448782----pid-1
---ebpf-pid----2012----pid-2012
---ebpf-pid----2012----pid-1
---ebpf-pid----5705----pid-5705
---ebpf-pid----5705----pid-5476
---ebpf-pid----5705----pid-1
---ebpf-pid----5705----pid-5705
---ebpf-pid----5705----pid-5476
---ebpf-pid----5705----pid-1
---ebpf-pid----5705----pid-5705
---ebpf-pid----5705----pid-5476
---ebpf-pid----5705----pid-1
---ebpf-pid----5705----pid-5705
---ebpf-pid----5705----pid-5476
---ebpf-pid----5705----pid-1
---ebpf-pid----5705----pid-5705
---ebpf-pid----5705----pid-5476
---ebpf-pid----5705----pid-1
---ebpf-pid----5705----pid-5705
---ebpf-pid----5705----pid-5476
---ebpf-pid----5705----pid-1
---ebpf-pid----448782----pid-448782
---ebpf-pid----2088----pid-1
---ebpf-pid----448782----pid-448520
---ebpf-pid----448782----pid-1
---ebpf-pid----372714----pid-372714
---ebpf-pid----5705----pid-5705
---ebpf-pid----2088----pid-2088
---ebpf-pid----2088----pid-1
---ebpf-pid----2088----pid-2088
---ebpf-pid----2088----pid-1
---ebpf-pid----2088----pid-2088
---ebpf-pid----5705----pid-5476
---ebpf-pid----2088----pid-1
---ebpf-pid----2088----pid-2088
---ebpf-pid----5705----pid-1
---ebpf-pid----5705----pid-5705
---ebpf-pid----2088----pid-1
---ebpf-pid----372714----pid-5476
---ebpf-pid----2088----pid-2088
---ebpf-pid----5705----pid-5476
---ebpf-pid----372714----pid-1
---ebpf-pid----5705----pid-1
---ebpf-pid----5705----pid-5705
---ebpf-pid----5705----pid-5476
---ebpf-pid----372714----pid-372714
---ebpf-pid----5705----pid-1
---ebpf-pid----5705----pid-5705
---ebpf-pid----5705----pid-5476
---ebpf-pid----5705----pid-1
---ebpf-pid----2089----pid-2089
---ebpf-pid----2089----pid-1
---ebpf-pid----2089----pid-2089
---ebpf-pid----2089----pid-1
---ebpf-pid----2089----pid-2089
---ebpf-pid----2089----pid-1
---ebpf-pid----2089----pid-2089
---ebpf-pid----2089----pid-1
---ebpf-pid----2089----pid-2089
---ebpf-pid----2089----pid-1
---ebpf-pid----2089----pid-2089
---ebpf-pid----2089----pid-1
---ebpf-pid----2089----pid-2089
---ebpf-pid----2088----pid-1
---ebpf-pid----2088----pid-2088
---ebpf-pid----2088----pid-1
---ebpf-pid----2088----pid-2088
---ebpf-pid----372714----pid-5476
---ebpf-pid----2089----pid-1
---ebpf-pid----2089----pid-2089
---ebpf-pid----372714----pid-1
---ebpf-pid----2088----pid-1
---ebpf-pid----372714----pid-372714
---ebpf-pid----2088----pid-2088
---ebpf-pid----2089----pid-1
---ebpf-pid----2089----pid-2089
---ebpf-pid----2088----pid-1
---ebpf-pid----372714----pid-5476
---ebpf-pid----2088----pid-2088
---ebpf-pid----2089----pid-1
---ebpf-pid----2089----pid-2089
---ebpf-pid----372714----pid-1
---ebpf-pid----2088----pid-1
---ebpf-pid----2088----pid-2088
---ebpf-pid----2089----pid-1
---ebpf-pid----2088----pid-1
---ebpf-pid----2088----pid-2088
---ebpf-pid----2088----pid-2088
---ebpf-pid----2088----pid-1
---ebpf-pid----2088----pid-1
---ebpf-pid----2088----pid-2088
---ebpf-pid----2088----pid-2088
---ebpf-pid----2088----pid-1
---ebpf-pid----2088----pid-1
---ebpf-pid----2088----pid-2088
---ebpf-pid----2088----pid-2088
---ebpf-pid----2088----pid-1
---ebpf-pid----2088----pid-1
---ebpf-pid----2088----pid-2088
---ebpf-pid----2088----pid-2088
---ebpf-pid----448782----pid-448782
---ebpf-pid----2088----pid-1
---ebpf-pid----372881----pid-372881
---ebpf-pid----2088----pid-1
---ebpf-pid----2088----pid-2088
---ebpf-pid----2088----pid-1
---ebpf-pid----448782----pid-448520
---ebpf-pid----372881----pid-1
---ebpf-pid----448782----pid-1
---ebpf-pid----372714----pid-372714
---ebpf-pid----372714----pid-5476
---ebpf-pid----372714----pid-1
---ebpf-pid----372714----pid-372714
---ebpf-pid----372881----pid-372881
---ebpf-pid----372714----pid-5476
---ebpf-pid----372714----pid-1
---ebpf-pid----2088----pid-2088
---ebpf-pid----372714----pid-372714
---ebpf-pid----372714----pid-5476
---ebpf-pid----372714----pid-1
---ebpf-pid----2088----pid-1
---ebpf-pid----372714----pid-372714
---ebpf-pid----2088----pid-2088
---ebpf-pid----372714----pid-5476
---ebpf-pid----2088----pid-1
---ebpf-pid----2088----pid-2088
---ebpf-pid----372714----pid-1
---ebpf-pid----372881----pid-1
---ebpf-pid----372714----pid-372714
---ebpf-pid----372881----pid-372881
---ebpf-pid----2088----pid-1
---ebpf-pid----2088----pid-2088
---ebpf-pid----372714----pid-5476
---ebpf-pid----372881----pid-1
---ebpf-pid----372714----pid-372714
---ebpf-pid----2088----pid-1
---ebpf-pid----2088----pid-2088
---ebpf-pid----372714----pid-1
---ebpf-pid----372714----pid-372714
---ebpf-pid----372714----pid-5476
---ebpf-pid----2088----pid-1
---ebpf-pid----372714----pid-5476
---ebpf-pid----2088----pid-2088
---ebpf-pid----372714----pid-1
---ebpf-pid----2088----pid-1
---ebpf-pid----379067----pid-379067
---ebpf-pid----2088----pid-2088
---ebpf-pid----379067----pid-5476
---ebpf-pid----2088----pid-1
---ebpf-pid----2088----pid-2088
---ebpf-pid----379067----pid-1
---ebpf-pid----372714----pid-372714
---ebpf-pid----2088----pid-1
---ebpf-pid----2088----pid-2088
---ebpf-pid----372714----pid-5476
---ebpf-pid----2088----pid-1
---ebpf-pid----372714----pid-1
---ebpf-pid----372714----pid-1
---ebpf-pid----2088----pid-2088
---ebpf-pid----372714----pid-372714
---ebpf-pid----372714----pid-372714
---ebpf-pid----2088----pid-1
---ebpf-pid----372714----pid-5476
---ebpf-pid----2088----pid-2088
---ebpf-pid----372714----pid-1
---ebpf-pid----2088----pid-1
---ebpf-pid----372714----pid-372714
---ebpf-pid----2088----pid-2088
---ebpf-pid----372714----pid-5476
---ebpf-pid----2088----pid-1
---ebpf-pid----2088----pid-2088
---ebpf-pid----372714----pid-1
---ebpf-pid----379067----pid-379067
---ebpf-pid----2088----pid-1
---ebpf-pid----2088----pid-2088
---ebpf-pid----379067----pid-5476
---ebpf-pid----2088----pid-1
---ebpf-pid----2088----pid-2088
---ebpf-pid----379067----pid-1
---ebpf-pid----5705----pid-5705
---ebpf-pid----2088----pid-1
---ebpf-pid----2088----pid-2088
---ebpf-pid----5705----pid-5476
---ebpf-pid----2088----pid-1
---ebpf-pid----2088----pid-2088
---ebpf-pid----372714----pid-5476
---ebpf-pid----2088----pid-1
---ebpf-pid----2088----pid-2088
---ebpf-pid----372714----pid-1
---ebpf-pid----372714----pid-372714
---ebpf-pid----2088----pid-1
---ebpf-pid----2088----pid-2088
---ebpf-pid----372714----pid-5476
---ebpf-pid----2088----pid-1
---ebpf-pid----372714----pid-1
---ebpf-pid----2088----pid-2088
---ebpf-pid----372714----pid-372714
---ebpf-pid----372714----pid-5476
---ebpf-pid----2088----pid-1
---ebpf-pid----2088----pid-2088
---ebpf-pid----372714----pid-1
---ebpf-pid----372714----pid-372714
---ebpf-pid----2088----pid-1
---ebpf-pid----2088----pid-2088
---ebpf-pid----372714----pid-5476
---ebpf-pid----2088----pid-1
---ebpf-pid----372714----pid-1
---ebpf-pid----2088----pid-2088
---ebpf-pid----2088----pid-2088
---ebpf-pid----2088----pid-1
---ebpf-pid----2088----pid-2088
---ebpf-pid----2088----pid-1
---ebpf-pid----2088----pid-2088
---ebpf-pid----2088----pid-1
---ebpf-pid----2088----pid-2088
---ebpf-pid----2088----pid-1
---ebpf-pid----2088----pid-2088
---ebpf-pid----2088----pid-1
---ebpf-pid----2088----pid-2088
---ebpf-pid----2088----pid-1
---ebpf-pid----2088----pid-2088
---ebpf-pid----2088----pid-1
---ebpf-pid----2088----pid-2088
---ebpf-pid----2088----pid-1
---ebpf-pid----2088----pid-2088
---ebpf-pid----2088----pid-1
---ebpf-pid----2088----pid-2088
---ebpf-pid----2088----pid-1
---ebpf-pid----2088----pid-2088
---ebpf-pid----2088----pid-1
---ebpf-pid----2088----pid-2088
---ebpf-pid----2088----pid-1
---ebpf-pid----2088----pid-1
---ebpf-pid----2088----pid-2088
---ebpf-pid----2088----pid-2088
---ebpf-pid----2088----pid-1
---ebpf-pid----2088----pid-2088
---ebpf-pid----2088----pid-1
---ebpf-pid----2088----pid-2088
---ebpf-pid----2088----pid-1
---ebpf-pid----2088----pid-2088
---ebpf-pid----2088----pid-1
---ebpf-pid----2088----pid-2088
---ebpf-pid----2088----pid-1
---ebpf-pid----2088----pid-2088
---ebpf-pid----2088----pid-1
---ebpf-pid----2088----pid-2088
---ebpf-pid----2088----pid-1
---ebpf-pid----2088----pid-2088
---ebpf-pid----5705----pid-1
---ebpf-pid----5705----pid-5705
---ebpf-pid----2088----pid-1
---ebpf-pid----2088----pid-2088
---ebpf-pid----5705----pid-5476
---ebpf-pid----2088----pid-1
---ebpf-pid----2088----pid-2088
---ebpf-pid----5705----pid-1
---ebpf-pid----2088----pid-1
---ebpf-pid----5705----pid-5705
---ebpf-pid----2088----pid-1
---ebpf-pid----372714----pid-372714
---ebpf-pid----2088----pid-2088
---ebpf-pid----5705----pid-5476
---ebpf-pid----372714----pid-5476
---ebpf-pid----2088----pid-1
---ebpf-pid----2088----pid-2088
---ebpf-pid----372714----pid-1
---ebpf-pid----2088----pid-1
---ebpf-pid----372714----pid-372714
---ebpf-pid----372714----pid-5476
---ebpf-pid----2088----pid-2088
---ebpf-pid----2088----pid-1
---ebpf-pid----372714----pid-1
---ebpf-pid----2088----pid-2088
---ebpf-pid----372714----pid-372714
---ebpf-pid----2088----pid-1
---ebpf-pid----372714----pid-5476
---ebpf-pid----2088----pid-2088
---ebpf-pid----372714----pid-1
---ebpf-pid----2088----pid-1
---ebpf-pid----372714----pid-372714
---ebpf-pid----2088----pid-2088
---ebpf-pid----372714----pid-5476
---ebpf-pid----2088----pid-1
---ebpf-pid----2088----pid-2088
---ebpf-pid----372714----pid-1
---ebpf-pid----2088----pid-1
---ebpf-pid----372714----pid-372714
---ebpf-pid----2088----pid-2088
---ebpf-pid----372714----pid-5476
---ebpf-pid----2088----pid-1
---ebpf-pid----2088----pid-2088
---ebpf-pid----372714----pid-1
---ebpf-pid----372714----pid-372714
---ebpf-pid----2088----pid-1
---ebpf-pid----2088----pid-2088
---ebpf-pid----372714----pid-5476
---ebpf-pid----372714----pid-1
---ebpf-pid----2088----pid-1
---ebpf-pid----372714----pid-372714
---ebpf-pid----2088----pid-2088
---ebpf-pid----372714----pid-5476
---ebpf-pid----372714----pid-1
---ebpf-pid----2088----pid-1
---ebpf-pid----372714----pid-372714
---ebpf-pid----2088----pid-2088
---ebpf-pid----2088----pid-1
---ebpf-pid----372714----pid-5476
---ebpf-pid----2088----pid-2088
---ebpf-pid----372714----pid-1
---ebpf-pid----2088----pid-1
---ebpf-pid----372714----pid-372714
---ebpf-pid----2088----pid-2088
---ebpf-pid----372714----pid-5476
---ebpf-pid----2088----pid-1
---ebpf-pid----372714----pid-1
---ebpf-pid----2088----pid-2088
---ebpf-pid----372714----pid-372714
---ebpf-pid----5705----pid-1
---ebpf-pid----2088----pid-1
---ebpf-pid----372714----pid-5476
---ebpf-pid----2088----pid-2088
---ebpf-pid----5705----pid-5705
---ebpf-pid----5705----pid-5476
---ebpf-pid----5705----pid-1
---ebpf-pid----5705----pid-5705
---ebpf-pid----2088----pid-1
---ebpf-pid----2088----pid-2088
---ebpf-pid----2088----pid-1
---ebpf-pid----5705----pid-5476
---ebpf-pid----2088----pid-2088
---ebpf-pid----2088----pid-1
---ebpf-pid----2088----pid-2088
---ebpf-pid----5705----pid-1
---ebpf-pid----2088----pid-1
---ebpf-pid----5705----pid-5705
---ebpf-pid----2088----pid-2088
---ebpf-pid----5705----pid-5476
---ebpf-pid----2088----pid-1
---ebpf-pid----2088----pid-2088
---ebpf-pid----5705----pid-1
---ebpf-pid----2088----pid-1
---ebpf-pid----5705----pid-5705
---ebpf-pid----372714----pid-1
---ebpf-pid----372881----pid-372881
---ebpf-pid----372881----pid-1
---ebpf-pid----372881----pid-372881
---ebpf-pid----372881----pid-1
---ebpf-pid----372881----pid-372881
---ebpf-pid----2088----pid-2088
---ebpf-pid----372881----pid-1
---ebpf-pid----372881----pid-372881
---ebpf-pid----2088----pid-1
---ebpf-pid----5705----pid-5476
---ebpf-pid----372881----pid-1
---ebpf-pid----372881----pid-372881
---ebpf-pid----2088----pid-2088
---ebpf-pid----372881----pid-1
---ebpf-pid----372881----pid-372881
---ebpf-pid----5705----pid-1
---ebpf-pid----372881----pid-1
---ebpf-pid----5705----pid-5705
---ebpf-pid----372881----pid-372881
---ebpf-pid----5705----pid-5476
---ebpf-pid----372881----pid-1
---ebpf-pid----2088----pid-1
---ebpf-pid----372881----pid-372881
---ebpf-pid----5705----pid-1
---ebpf-pid----2088----pid-2088
---ebpf-pid----5705----pid-5705
---ebpf-pid----372881----pid-1
---ebpf-pid----372881----pid-372881
---ebpf-pid----5705----pid-5476
---ebpf-pid----372881----pid-1
---ebpf-pid----2088----pid-1
---ebpf-pid----372881----pid-372881
---ebpf-pid----5705----pid-1
---ebpf-pid----5705----pid-5705
---ebpf-pid----2088----pid-2088
---ebpf-pid----372881----pid-1
---ebpf-pid----379067----pid-379067
---ebpf-pid----5705----pid-5476
---ebpf-pid----379067----pid-5476
---ebpf-pid----5705----pid-1
---ebpf-pid----2088----pid-1
---ebpf-pid----373029----pid-373029
---ebpf-pid----2088----pid-2088
---ebpf-pid----379067----pid-1
---ebpf-pid----379067----pid-379067
---ebpf-pid----373029----pid-5476
---ebpf-pid----379067----pid-5476
---ebpf-pid----373029----pid-1
---ebpf-pid----2088----pid-1
---ebpf-pid----373029----pid-373029
---ebpf-pid----2088----pid-2088
---ebpf-pid----379067----pid-1
---ebpf-pid----379067----pid-379067
---ebpf-pid----373029----pid-5476
---ebpf-pid----379067----pid-5476
---ebpf-pid----2088----pid-1
---ebpf-pid----373029----pid-1
---ebpf-pid----373029----pid-373029
---ebpf-pid----2088----pid-2088
---ebpf-pid----379067----pid-1
---ebpf-pid----379067----pid-379067
---ebpf-pid----373029----pid-5476
---ebpf-pid----379067----pid-5476
---ebpf-pid----373029----pid-1
---ebpf-pid----2088----pid-1
---ebpf-pid----373029----pid-373029
---ebpf-pid----379067----pid-1
---ebpf-pid----379067----pid-379067
---ebpf-pid----2088----pid-2088
---ebpf-pid----373029----pid-5476
---ebpf-pid----379067----pid-5476
---ebpf-pid----373029----pid-1
---ebpf-pid----373029----pid-373029
---ebpf-pid----2088----pid-1
---ebpf-pid----379067----pid-1
---ebpf-pid----379067----pid-379067
---ebpf-pid----2088----pid-2088
---ebpf-pid----373029----pid-5476
---ebpf-pid----379067----pid-5476
---ebpf-pid----373029----pid-1
---ebpf-pid----2088----pid-1
---ebpf-pid----2088----pid-2088
---ebpf-pid----373029----pid-373029
---ebpf-pid----373029----pid-5476
---ebpf-pid----2088----pid-1
---ebpf-pid----373029----pid-1
---ebpf-pid----373029----pid-373029
---ebpf-pid----2088----pid-2088
---ebpf-pid----373029----pid-5476
---ebpf-pid----373029----pid-1
---ebpf-pid----2088----pid-1
---ebpf-pid----373029----pid-373029
---ebpf-pid----379067----pid-1
---ebpf-pid----379067----pid-379067
---ebpf-pid----2088----pid-2088
---ebpf-pid----373029----pid-5476
---ebpf-pid----379067----pid-5476
---ebpf-pid----373029----pid-1
---ebpf-pid----379067----pid-1
---ebpf-pid----2088----pid-1
---ebpf-pid----379067----pid-379067
---ebpf-pid----379067----pid-379067
---ebpf-pid----379067----pid-5476
---ebpf-pid----379067----pid-5476
---ebpf-pid----379067----pid-1
---ebpf-pid----448784----pid-448784
---ebpf-pid----379067----pid-1
---ebpf-pid----379067----pid-379067
---ebpf-pid----448784----pid-448520
---ebpf-pid----379067----pid-5476
---ebpf-pid----448784----pid-1
---ebpf-pid----372881----pid-372881
---ebpf-pid----379067----pid-1
---ebpf-pid----2088----pid-2088
---ebpf-pid----372881----pid-1
---ebpf-pid----372881----pid-372881
---ebpf-pid----2088----pid-1
---ebpf-pid----2088----pid-2088
---ebpf-pid----372881----pid-1
---ebpf-pid----372881----pid-372881
---ebpf-pid----2088----pid-1
---ebpf-pid----2088----pid-2088
---ebpf-pid----372881----pid-1
---ebpf-pid----372881----pid-372881
---ebpf-pid----372881----pid-1
---ebpf-pid----372881----pid-372881
---ebpf-pid----372881----pid-1
---ebpf-pid----372881----pid-372881
---ebpf-pid----2088----pid-2088
---ebpf-pid----372881----pid-1
---ebpf-pid----2088----pid-1
---ebpf-pid----372881----pid-372881
---ebpf-pid----2088----pid-2088
---ebpf-pid----372881----pid-1
---ebpf-pid----2088----pid-1
---ebpf-pid----372881----pid-372881
---ebpf-pid----2088----pid-2088
---ebpf-pid----372881----pid-1
---ebpf-pid----2088----pid-1
---ebpf-pid----2088----pid-2088
---ebpf-pid----372881----pid-372881
---ebpf-pid----2088----pid-1
---ebpf-pid----372881----pid-1
---ebpf-pid----2088----pid-2088
---ebpf-pid----372881----pid-372881
---ebpf-pid----2088----pid-1
---ebpf-pid----2088----pid-1
---ebpf-pid----2088----pid-2088
---ebpf-pid----2088----pid-2088
---ebpf-pid----2088----pid-1
---ebpf-pid----2088----pid-2088
---ebpf-pid----2088----pid-1
---ebpf-pid----2088----pid-2088
---ebpf-pid----2088----pid-1
---ebpf-pid----2088----pid-1
---ebpf-pid----2088----pid-2088
---ebpf-pid----2088----pid-2088
---ebpf-pid----2088----pid-1
---ebpf-pid----2088----pid-2088
---ebpf-pid----2088----pid-1
---ebpf-pid----2088----pid-2088
---ebpf-pid----2088----pid-1
---ebpf-pid----2088----pid-2088
---ebpf-pid----2088----pid-1
---ebpf-pid----2088----pid-1
---ebpf-pid----2088----pid-2088
---ebpf-pid----373029----pid-373029
---ebpf-pid----372881----pid-1
---ebpf-pid----372881----pid-372881
---ebpf-pid----372881----pid-1
---ebpf-pid----372881----pid-372881
---ebpf-pid----2088----pid-1
---ebpf-pid----372881----pid-1
---ebpf-pid----372881----pid-372881
---ebpf-pid----372881----pid-1
---ebpf-pid----2088----pid-2088
---ebpf-pid----372881----pid-372881
---ebpf-pid----2088----pid-1
---ebpf-pid----2088----pid-2088
---ebpf-pid----372881----pid-1
---ebpf-pid----372881----pid-372881
---ebpf-pid----2088----pid-1
---ebpf-pid----2088----pid-2088
---ebpf-pid----2088----pid-1
---ebpf-pid----2088----pid-2088
---ebpf-pid----373029----pid-5476
---ebpf-pid----2088----pid-1
---ebpf-pid----373029----pid-1
---ebpf-pid----2088----pid-2088
---ebpf-pid----373029----pid-373029
---ebpf-pid----2088----pid-1
---ebpf-pid----373029----pid-5476
---ebpf-pid----2088----pid-2088
---ebpf-pid----373029----pid-1
---ebpf-pid----2088----pid-1
---ebpf-pid----2088----pid-2088
---ebpf-pid----373029----pid-373029
---ebpf-pid----2088----pid-1
---ebpf-pid----373029----pid-5476
---ebpf-pid----2088----pid-2088
---ebpf-pid----373029----pid-1
---ebpf-pid----2088----pid-1
---ebpf-pid----373029----pid-373029
---ebpf-pid----2088----pid-2088
---ebpf-pid----373029----pid-5476
---ebpf-pid----2088----pid-1
---ebpf-pid----2088----pid-2088
---ebpf-pid----373029----pid-1
---ebpf-pid----373029----pid-373029
---ebpf-pid----2088----pid-1
---ebpf-pid----373029----pid-5476
---ebpf-pid----2088----pid-2088
---ebpf-pid----373029----pid-1
---ebpf-pid----2088----pid-1
---ebpf-pid----373029----pid-373029
---ebpf-pid----2088----pid-2088
---ebpf-pid----373029----pid-5476
---ebpf-pid----2088----pid-1
---ebpf-pid----2088----pid-2088
---ebpf-pid----373029----pid-1
---ebpf-pid----2088----pid-1
---ebpf-pid----373029----pid-373029
---ebpf-pid----2088----pid-2088
---ebpf-pid----373029----pid-5476
---ebpf-pid----2088----pid-1
---ebpf-pid----2088----pid-2088
---ebpf-pid----373029----pid-1
---ebpf-pid----373029----pid-373029
---ebpf-pid----2088----pid-1
---ebpf-pid----2088----pid-2088
---ebpf-pid----373029----pid-5476
---ebpf-pid----2088----pid-1
---ebpf-pid----373029----pid-1
---ebpf-pid----2088----pid-2088
---ebpf-pid----372881----pid-1
---ebpf-pid----372881----pid-372881
---ebpf-pid----372881----pid-1
---ebpf-pid----372881----pid-372881
---ebpf-pid----372881----pid-1
---ebpf-pid----372881----pid-372881
---ebpf-pid----372881----pid-1
---ebpf-pid----372881----pid-372881
---ebpf-pid----372881----pid-1
---ebpf-pid----372881----pid-372881
---ebpf-pid----372881----pid-1
---ebpf-pid----6671----pid-6671
---ebpf-pid----6671----pid-5476
---ebpf-pid----6671----pid-1
---ebpf-pid----6671----pid-6671
---ebpf-pid----6671----pid-5476
---ebpf-pid----6671----pid-1
---ebpf-pid----6671----pid-6671
---ebpf-pid----6671----pid-5476
---ebpf-pid----6671----pid-1
---ebpf-pid----448784----pid-448784
---ebpf-pid----448784----pid-448520
---ebpf-pid----448784----pid-1
---ebpf-pid----372881----pid-372881
---ebpf-pid----372881----pid-1
---ebpf-pid----2088----pid-1
---ebpf-pid----372881----pid-372881
---ebpf-pid----2088----pid-2088
---ebpf-pid----2088----pid-1
---ebpf-pid----372881----pid-1
---ebpf-pid----2088----pid-2088
---ebpf-pid----372881----pid-372881
---ebpf-pid----2088----pid-1
---ebpf-pid----372881----pid-1
---ebpf-pid----2088----pid-2088
---ebpf-pid----373029----pid-373029
---ebpf-pid----2088----pid-1
---ebpf-pid----373029----pid-5476
---ebpf-pid----2088----pid-2088
---ebpf-pid----373029----pid-1
---ebpf-pid----2088----pid-1
---ebpf-pid----373029----pid-373029
---ebpf-pid----2088----pid-2088
---ebpf-pid----373029----pid-5476
---ebpf-pid----2088----pid-1
---ebpf-pid----2088----pid-2088
---ebpf-pid----373029----pid-1
---ebpf-pid----2088----pid-1
---ebpf-pid----373029----pid-373029
---ebpf-pid----2088----pid-2088
---ebpf-pid----373029----pid-5476
---ebpf-pid----2088----pid-1
---ebpf-pid----2088----pid-2088
---ebpf-pid----373029----pid-1
---ebpf-pid----2088----pid-1
---ebpf-pid----373029----pid-373029
---ebpf-pid----2088----pid-2088
---ebpf-pid----373029----pid-5476
---ebpf-pid----2088----pid-1
---ebpf-pid----2088----pid-2088
---ebpf-pid----373029----pid-1
---ebpf-pid----372881----pid-372881
---ebpf-pid----373029----pid-373029
---ebpf-pid----372881----pid-1
---ebpf-pid----373029----pid-5476
---ebpf-pid----372881----pid-372881
---ebpf-pid----373029----pid-1
---ebpf-pid----372881----pid-1
---ebpf-pid----373029----pid-373029
---ebpf-pid----372881----pid-372881
---ebpf-pid----372881----pid-1
---ebpf-pid----372881----pid-372881
---ebpf-pid----372881----pid-1
---ebpf-pid----372881----pid-372881
---ebpf-pid----372881----pid-1
---ebpf-pid----372881----pid-372881
---ebpf-pid----372881----pid-1
---ebpf-pid----372881----pid-372881
---ebpf-pid----372881----pid-1
---ebpf-pid----372881----pid-372881
---ebpf-pid----372881----pid-1
---ebpf-pid----372881----pid-372881
---ebpf-pid----372881----pid-1
---ebpf-pid----372881----pid-372881
---ebpf-pid----2088----pid-1
---ebpf-pid----372881----pid-1
---ebpf-pid----372881----pid-372881
---ebpf-pid----2088----pid-2088
---ebpf-pid----2088----pid-1
---ebpf-pid----2088----pid-2088
---ebpf-pid----372881----pid-1
---ebpf-pid----372881----pid-372881
---ebpf-pid----373029----pid-5476
---ebpf-pid----2088----pid-1
---ebpf-pid----2088----pid-2088
---ebpf-pid----373029----pid-1
---ebpf-pid----373029----pid-373029
---ebpf-pid----2088----pid-1
---ebpf-pid----2088----pid-2088
---ebpf-pid----373029----pid-5476
---ebpf-pid----2088----pid-1
---ebpf-pid----2088----pid-2088
---ebpf-pid----373029----pid-1
---ebpf-pid----373029----pid-373029
---ebpf-pid----2088----pid-1
---ebpf-pid----2088----pid-2088
---ebpf-pid----2088----pid-1
---ebpf-pid----2088----pid-2088
---ebpf-pid----2088----pid-1
---ebpf-pid----373029----pid-5476
---ebpf-pid----2089----pid-2089
---ebpf-pid----372881----pid-1
---ebpf-pid----373029----pid-1
---ebpf-pid----2089----pid-1
---ebpf-pid----373029----pid-373029
---ebpf-pid----2089----pid-2089
---ebpf-pid----448782----pid-448782
---ebpf-pid----2089----pid-1
---ebpf-pid----373029----pid-5476
---ebpf-pid----2089----pid-2089
---ebpf-pid----373029----pid-1
---ebpf-pid----2089----pid-1
---ebpf-pid----448782----pid-448520
---ebpf-pid----373029----pid-373029
---ebpf-pid----2089----pid-2089
---ebpf-pid----448782----pid-1
---ebpf-pid----373029----pid-5476
---ebpf-pid----2089----pid-1
---ebpf-pid----6671----pid-6671
---ebpf-pid----2089----pid-2089
---ebpf-pid----373029----pid-1
---ebpf-pid----6671----pid-5476
---ebpf-pid----2089----pid-1
---ebpf-pid----373029----pid-373029
---ebpf-pid----2089----pid-2089
---ebpf-pid----6671----pid-1
---ebpf-pid----373029----pid-5476
---ebpf-pid----6671----pid-6671
---ebpf-pid----2089----pid-1
---ebpf-pid----2089----pid-2089
---ebpf-pid----373029----pid-1
---ebpf-pid----373029----pid-373029
---ebpf-pid----2089----pid-1
---ebpf-pid----2089----pid-2089
---ebpf-pid----373029----pid-5476
---ebpf-pid----2089----pid-1
---ebpf-pid----373029----pid-1
---ebpf-pid----2089----pid-2089
---ebpf-pid----2012----pid-2012
---ebpf-pid----2089----pid-1
---ebpf-pid----2012----pid-1
---ebpf-pid----2089----pid-2089
---ebpf-pid----2012----pid-2012
---ebpf-pid----2012----pid-1
---ebpf-pid----2089----pid-1
---ebpf-pid----2012----pid-2012
---ebpf-pid----2089----pid-2089
---ebpf-pid----2012----pid-1
---ebpf-pid----2089----pid-1
---ebpf-pid----2012----pid-2012
---ebpf-pid----2089----pid-2089
---ebpf-pid----2012----pid-1
---ebpf-pid----2089----pid-1
---ebpf-pid----2012----pid-2012
---ebpf-pid----2089----pid-2089
---ebpf-pid----2012----pid-1
---ebpf-pid----2089----pid-1
---ebpf-pid----2012----pid-2012
---ebpf-pid----2089----pid-2089
---ebpf-pid----2012----pid-1
---ebpf-pid----2089----pid-1
---ebpf-pid----2012----pid-2012
---ebpf-pid----2089----pid-2089
---ebpf-pid----2012----pid-1
---ebpf-pid----2012----pid-2012
---ebpf-pid----2012----pid-1
---ebpf-pid----2012----pid-2012
---ebpf-pid----6671----pid-5476
---ebpf-pid----2012----pid-1
---ebpf-pid----6671----pid-1
---ebpf-pid----2012----pid-2012
---ebpf-pid----6671----pid-6671
---ebpf-pid----2012----pid-1
---ebpf-pid----6671----pid-5476
---ebpf-pid----2012----pid-2012
---ebpf-pid----6671----pid-1
---ebpf-pid----2012----pid-1
---ebpf-pid----6671----pid-6671
---ebpf-pid----2012----pid-2012
---ebpf-pid----2012----pid-1
---ebpf-pid----2012----pid-2012
---ebpf-pid----6671----pid-5476
---ebpf-pid----2012----pid-1
---ebpf-pid----6671----pid-1
---ebpf-pid----2012----pid-2012
---ebpf-pid----6671----pid-6671
---ebpf-pid----2012----pid-1
---ebpf-pid----6671----pid-5476
---ebpf-pid----2012----pid-2012
---ebpf-pid----6671----pid-1
---ebpf-pid----2012----pid-1
---ebpf-pid----6671----pid-6671
---ebpf-pid----2012----pid-2012
---ebpf-pid----6671----pid-5476
---ebpf-pid----2012----pid-1
---ebpf-pid----2012----pid-2012
---ebpf-pid----6671----pid-1
---ebpf-pid----6671----pid-6671
---ebpf-pid----2012----pid-1
---ebpf-pid----2012----pid-2012
---ebpf-pid----6671----pid-5476
---ebpf-pid----2012----pid-1
---ebpf-pid----6671----pid-1
---ebpf-pid----2012----pid-2012
---ebpf-pid----6671----pid-6671
---ebpf-pid----2012----pid-1
---ebpf-pid----6671----pid-5476
---ebpf-pid----2012----pid-2012
---ebpf-pid----6671----pid-1
---ebpf-pid----6671----pid-6671
---ebpf-pid----6671----pid-5476
---ebpf-pid----6671----pid-1
---ebpf-pid----448784----pid-448784
---ebpf-pid----448784----pid-448520
---ebpf-pid----448784----pid-1
---ebpf-pid----379067----pid-379067
---ebpf-pid----379067----pid-5476
---ebpf-pid----379067----pid-1
---ebpf-pid----379067----pid-379067
---ebpf-pid----379067----pid-5476
---ebpf-pid----379067----pid-1
---ebpf-pid----379067----pid-379067
---ebpf-pid----2089----pid-1
---ebpf-pid----2089----pid-2089
---ebpf-pid----2089----pid-1
---ebpf-pid----2089----pid-2089
---ebpf-pid----2089----pid-1
---ebpf-pid----2089----pid-2089
---ebpf-pid----2089----pid-1
---ebpf-pid----2089----pid-2089
---ebpf-pid----2089----pid-1
---ebpf-pid----2089----pid-2089
---ebpf-pid----379067----pid-5476
---ebpf-pid----2089----pid-1
---ebpf-pid----379067----pid-1
---ebpf-pid----2089----pid-2089
---ebpf-pid----5705----pid-5705
---ebpf-pid----2089----pid-1
---ebpf-pid----5705----pid-5476
---ebpf-pid----2089----pid-2089
---ebpf-pid----5705----pid-1
---ebpf-pid----5705----pid-5705
---ebpf-pid----2089----pid-1
---ebpf-pid----5705----pid-5476
---ebpf-pid----2089----pid-2089
---ebpf-pid----5705----pid-1
---ebpf-pid----2089----pid-1
---ebpf-pid----372714----pid-372714
---ebpf-pid----2089----pid-2089
---ebpf-pid----372714----pid-5476
---ebpf-pid----2089----pid-1
---ebpf-pid----2089----pid-2089
---ebpf-pid----372714----pid-1
---ebpf-pid----372714----pid-372714
---ebpf-pid----2089----pid-1
---ebpf-pid----2089----pid-2089
---ebpf-pid----372714----pid-5476
---ebpf-pid----2089----pid-1
---ebpf-pid----372714----pid-1
---ebpf-pid----2089----pid-2089
---ebpf-pid----372714----pid-372714
---ebpf-pid----2012----pid-1
---ebpf-pid----2089----pid-1
---ebpf-pid----2089----pid-2089
---ebpf-pid----2012----pid-2012
---ebpf-pid----2089----pid-1
---ebpf-pid----2012----pid-1
---ebpf-pid----2089----pid-2089
---ebpf-pid----2012----pid-2012
---ebpf-pid----2089----pid-1
---ebpf-pid----2089----pid-2089
---ebpf-pid----2012----pid-1
---ebpf-pid----2012----pid-2012
---ebpf-pid----2089----pid-1
---ebpf-pid----2089----pid-2089
---ebpf-pid----2012----pid-1
---ebpf-pid----2089----pid-1
---ebpf-pid----2089----pid-2089
---ebpf-pid----2012----pid-2012
---ebpf-pid----2089----pid-1
---ebpf-pid----2012----pid-1
---ebpf-pid----2089----pid-2089
---ebpf-pid----2012----pid-2012
---ebpf-pid----2089----pid-1
---ebpf-pid----2089----pid-2089
---ebpf-pid----2089----pid-1
---ebpf-pid----2089----pid-2089
---ebpf-pid----2089----pid-1
---ebpf-pid----2089----pid-2089
---ebpf-pid----2089----pid-1
---ebpf-pid----2089----pid-2089
---ebpf-pid----2089----pid-1
---ebpf-pid----2012----pid-1
---ebpf-pid----2089----pid-2089
---ebpf-pid----2012----pid-2012
---ebpf-pid----2089----pid-1
---ebpf-pid----2012----pid-1
---ebpf-pid----2089----pid-2089
---ebpf-pid----2012----pid-2012
---ebpf-pid----2012----pid-1
---ebpf-pid----2012----pid-2012
---ebpf-pid----2012----pid-1
---ebpf-pid----2012----pid-2012
---ebpf-pid----2012----pid-1
---ebpf-pid----2012----pid-2012
---ebpf-pid----2012----pid-1
---ebpf-pid----2012----pid-2012
---ebpf-pid----2012----pid-1
---ebpf-pid----2012----pid-2012
---ebpf-pid----2012----pid-1
---ebpf-pid----2012----pid-2012
---ebpf-pid----2012----pid-1
---ebpf-pid----2012----pid-2012
---ebpf-pid----2012----pid-1
---ebpf-pid----2012----pid-2012
---ebpf-pid----2012----pid-1
---ebpf-pid----2012----pid-2012
---ebpf-pid----2012----pid-1
---ebpf-pid----2012----pid-2012
---ebpf-pid----2012----pid-1
---ebpf-pid----2012----pid-2012
---ebpf-pid----2089----pid-1
---ebpf-pid----2089----pid-2089
---ebpf-pid----2012----pid-1
---ebpf-pid----2012----pid-2012
---ebpf-pid----2089----pid-1
---ebpf-pid----2012----pid-1
---ebpf-pid----2089----pid-2089
---ebpf-pid----2012----pid-2012
---ebpf-pid----2089----pid-1
---ebpf-pid----2012----pid-1
---ebpf-pid----2089----pid-2089
---ebpf-pid----2012----pid-2012
---ebpf-pid----372714----pid-5476
---ebpf-pid----2012----pid-1
---ebpf-pid----2089----pid-1
---ebpf-pid----2012----pid-2012
---ebpf-pid----372714----pid-1
---ebpf-pid----2089----pid-2089
---ebpf-pid----5705----pid-5705
---ebpf-pid----2089----pid-1
---ebpf-pid----2089----pid-2089
---ebpf-pid----2012----pid-1
---ebpf-pid----2089----pid-1
---ebpf-pid----2012----pid-2012
---ebpf-pid----2089----pid-2089
---ebpf-pid----2012----pid-1
---ebpf-pid----2012----pid-2012
---ebpf-pid----2089----pid-1
---ebpf-pid----2089----pid-2089
---ebpf-pid----2012----pid-1
---ebpf-pid----2012----pid-2012
---ebpf-pid----2089----pid-1
---ebpf-pid----2089----pid-2089
---ebpf-pid----2012----pid-1
---ebpf-pid----2012----pid-2012
---ebpf-pid----2089----pid-1
---ebpf-pid----2089----pid-2089
---ebpf-pid----2012----pid-1
---ebpf-pid----2012----pid-2012
---ebpf-pid----2089----pid-1
---ebpf-pid----2089----pid-2089
---ebpf-pid----2012----pid-1
---ebpf-pid----2012----pid-2012
---ebpf-pid----2089----pid-1
---ebpf-pid----2012----pid-1
---ebpf-pid----2089----pid-2089
---ebpf-pid----2012----pid-2012
---ebpf-pid----2012----pid-1
---ebpf-pid----2089----pid-1
---ebpf-pid----2012----pid-2012
---ebpf-pid----2089----pid-2089
---ebpf-pid----2089----pid-1
---ebpf-pid----2012----pid-1
---ebpf-pid----2089----pid-2089
---ebpf-pid----2089----pid-2089
---ebpf-pid----2089----pid-1
---ebpf-pid----2089----pid-1
---ebpf-pid----2089----pid-2089
---ebpf-pid----2089----pid-2089
---ebpf-pid----2089----pid-1
---ebpf-pid----2089----pid-1
---ebpf-pid----2089----pid-2089
---ebpf-pid----2089----pid-2089
---ebpf-pid----2089----pid-1
---ebpf-pid----2089----pid-1
---ebpf-pid----2089----pid-2089
---ebpf-pid----2089----pid-2089
---ebpf-pid----2089----pid-1
---ebpf-pid----2089----pid-1
---ebpf-pid----2089----pid-2089
---ebpf-pid----2089----pid-2089
---ebpf-pid----2089----pid-1
---ebpf-pid----2089----pid-1
---ebpf-pid----2089----pid-2089
---ebpf-pid----2089----pid-2089
---ebpf-pid----2089----pid-1
---ebpf-pid----2089----pid-2089
---ebpf-pid----2089----pid-1
---ebpf-pid----2089----pid-2089
---ebpf-pid----2089----pid-1
---ebpf-pid----5705----pid-5476
---ebpf-pid----2089----pid-2089
---ebpf-pid----5705----pid-1
---ebpf-pid----2089----pid-1
---ebpf-pid----2089----pid-2089
---ebpf-pid----2089----pid-2089
---ebpf-pid----2089----pid-1
---ebpf-pid----2089----pid-2089
---ebpf-pid----2089----pid-1
---ebpf-pid----373029----pid-373029
---ebpf-pid----2089----pid-1
---ebpf-pid----2089----pid-2089
---ebpf-pid----373029----pid-5476
---ebpf-pid----373029----pid-1
---ebpf-pid----2089----pid-1
---ebpf-pid----373029----pid-373029
---ebpf-pid----2089----pid-2089
---ebpf-pid----373029----pid-5476
---ebpf-pid----2089----pid-1
---ebpf-pid----2089----pid-2089
---ebpf-pid----2089----pid-1
---ebpf-pid----373029----pid-1
---ebpf-pid----2089----pid-2089
---ebpf-pid----373029----pid-373029
---ebpf-pid----2089----pid-1
---ebpf-pid----373029----pid-5476
---ebpf-pid----2089----pid-2089
---ebpf-pid----373029----pid-1
---ebpf-pid----2089----pid-1
---ebpf-pid----373029----pid-373029
---ebpf-pid----2089----pid-2089
---ebpf-pid----373029----pid-5476
---ebpf-pid----2089----pid-1
---ebpf-pid----2089----pid-2089
---ebpf-pid----373029----pid-1
---ebpf-pid----373029----pid-373029
---ebpf-pid----2089----pid-1
---ebpf-pid----379067----pid-379067
---ebpf-pid----373029----pid-5476
---ebpf-pid----379067----pid-5476
---ebpf-pid----373029----pid-1
---ebpf-pid----373029----pid-373029
---ebpf-pid----379067----pid-1
---ebpf-pid----379067----pid-379067
---ebpf-pid----373029----pid-5476
---ebpf-pid----373029----pid-1
---ebpf-pid----379067----pid-5476
---ebpf-pid----373029----pid-373029
---ebpf-pid----379067----pid-1
---ebpf-pid----373029----pid-5476
---ebpf-pid----379067----pid-379067
---ebpf-pid----373029----pid-1
---ebpf-pid----379067----pid-5476
---ebpf-pid----373029----pid-373029
---ebpf-pid----379067----pid-1
---ebpf-pid----373029----pid-5476
---ebpf-pid----2012----pid-2012
---ebpf-pid----2012----pid-1
---ebpf-pid----373029----pid-1
---ebpf-pid----2012----pid-2012
---ebpf-pid----373029----pid-373029
---ebpf-pid----2012----pid-1
---ebpf-pid----373029----pid-5476
---ebpf-pid----2012----pid-2012
---ebpf-pid----373029----pid-1
---ebpf-pid----2012----pid-1
---ebpf-pid----373029----pid-373029
---ebpf-pid----2012----pid-2012
---ebpf-pid----373029----pid-5476
---ebpf-pid----2012----pid-1
---ebpf-pid----373029----pid-1
---ebpf-pid----379067----pid-379067
---ebpf-pid----2089----pid-2089
---ebpf-pid----379067----pid-5476
---ebpf-pid----2089----pid-1
---ebpf-pid----2089----pid-1
---ebpf-pid----2089----pid-2089
---ebpf-pid----379067----pid-1
---ebpf-pid----2089----pid-2089
---ebpf-pid----379067----pid-379067
---ebpf-pid----2089----pid-1
---ebpf-pid----2089----pid-2089
---ebpf-pid----2089----pid-1
---ebpf-pid----379067----pid-5476
---ebpf-pid----2089----pid-2089
---ebpf-pid----2089----pid-1
---ebpf-pid----379067----pid-1
---ebpf-pid----2089----pid-1
---ebpf-pid----2089----pid-2089
---ebpf-pid----379067----pid-379067
---ebpf-pid----2089----pid-2089
---ebpf-pid----2089----pid-1
---ebpf-pid----379067----pid-5476
---ebpf-pid----2089----pid-1
---ebpf-pid----2089----pid-2089
---ebpf-pid----2089----pid-2089
---ebpf-pid----379067----pid-1
---ebpf-pid----2089----pid-1
---ebpf-pid----2089----pid-1
---ebpf-pid----2089----pid-2089
---ebpf-pid----2089----pid-2089
---ebpf-pid----372714----pid-372714
---ebpf-pid----2089----pid-1
---ebpf-pid----2089----pid-1
---ebpf-pid----372714----pid-5476
---ebpf-pid----2089----pid-2089
---ebpf-pid----2089----pid-2089
---ebpf-pid----2089----pid-1
---ebpf-pid----2089----pid-1
---ebpf-pid----2089----pid-2089
---ebpf-pid----2089----pid-2089
---ebpf-pid----372714----pid-1
---ebpf-pid----372714----pid-372714
---ebpf-pid----2089----pid-1
---ebpf-pid----2089----pid-1
---ebpf-pid----2089----pid-2089
---ebpf-pid----2089----pid-2089
---ebpf-pid----372714----pid-5476
---ebpf-pid----2089----pid-1
---ebpf-pid----2089----pid-1
---ebpf-pid----2089----pid-2089
---ebpf-pid----372714----pid-1
---ebpf-pid----2089----pid-2089
---ebpf-pid----6671----pid-6671
---ebpf-pid----2089----pid-1
---ebpf-pid----2089----pid-1
---ebpf-pid----2089----pid-2089
---ebpf-pid----373029----pid-373029
---ebpf-pid----6671----pid-5476
---ebpf-pid----2089----pid-1
---ebpf-pid----373029----pid-5476
---ebpf-pid----6671----pid-1
---ebpf-pid----2089----pid-2089
---ebpf-pid----6671----pid-6671
---ebpf-pid----373029----pid-1
---ebpf-pid----2089----pid-1
---ebpf-pid----373029----pid-373029
---ebpf-pid----6671----pid-5476
---ebpf-pid----2089----pid-2089
---ebpf-pid----373029----pid-5476
---ebpf-pid----6671----pid-1
---ebpf-pid----2089----pid-1
---ebpf-pid----6671----pid-6671
---ebpf-pid----2089----pid-2089
---ebpf-pid----2089----pid-1
---ebpf-pid----2089----pid-2089
---ebpf-pid----373029----pid-1
---ebpf-pid----6671----pid-5476
---ebpf-pid----373029----pid-373029
---ebpf-pid----2089----pid-1
---ebpf-pid----2089----pid-2089
---ebpf-pid----6671----pid-1
---ebpf-pid----373029----pid-5476
---ebpf-pid----6671----pid-6671
---ebpf-pid----2089----pid-1
---ebpf-pid----2089----pid-2089
---ebpf-pid----373029----pid-1
---ebpf-pid----6671----pid-5476
---ebpf-pid----373029----pid-373029
---ebpf-pid----2089----pid-1
---ebpf-pid----6671----pid-1
---ebpf-pid----2089----pid-2089
---ebpf-pid----373029----pid-5476
---ebpf-pid----6671----pid-6671
---ebpf-pid----2089----pid-1
---ebpf-pid----6671----pid-5476
---ebpf-pid----373029----pid-1
---ebpf-pid----2089----pid-2089
---ebpf-pid----373029----pid-373029
---ebpf-pid----6671----pid-1
---ebpf-pid----2089----pid-1
Failed to get process information for PID 0
Failed to get process information for PID 0
---ebpf-pid----6671----pid-6671
---ebpf-pid----373029----pid-5476
---ebpf-pid----6671----pid-5476
---ebpf-pid----6671----pid-1
---ebpf-pid----2089----pid-2089
---ebpf-pid----2089----pid-2089
---ebpf-pid----2089----pid-1
---ebpf-pid----2089----pid-1
---ebpf-pid----2089----pid-2089
---ebpf-pid----2089----pid-2089
---ebpf-pid----2089----pid-1
---ebpf-pid----2089----pid-1
---ebpf-pid----2089----pid-2089
---ebpf-pid----2089----pid-2089
---ebpf-pid----2089----pid-1
---ebpf-pid----2089----pid-1
---ebpf-pid----2089----pid-2089
---ebpf-pid----2089----pid-2089
---ebpf-pid----2089----pid-1
---ebpf-pid----2089----pid-1
---ebpf-pid----2089----pid-2089
---ebpf-pid----2089----pid-2089
---ebpf-pid----2089----pid-1
---ebpf-pid----2089----pid-1
---ebpf-pid----2089----pid-2089
---ebpf-pid----2089----pid-2089
---ebpf-pid----2089----pid-1
---ebpf-pid----2089----pid-1
---ebpf-pid----2089----pid-2089
---ebpf-pid----2089----pid-2089
---ebpf-pid----2089----pid-1
---ebpf-pid----2089----pid-2089
---ebpf-pid----373029----pid-1
---ebpf-pid----2089----pid-1
---ebpf-pid----5638----pid-5638
---ebpf-pid----5638----pid-1
---ebpf-pid----372881----pid-372881
---ebpf-pid----372881----pid-1
---ebpf-pid----372881----pid-372881
---ebpf-pid----372881----pid-1
---ebpf-pid----372881----pid-372881
---ebpf-pid----372881----pid-1
---ebpf-pid----372881----pid-372881
---ebpf-pid----372881----pid-1
---ebpf-pid----372881----pid-372881
---ebpf-pid----372881----pid-1
---ebpf-pid----372881----pid-372881
---ebpf-pid----372881----pid-1
---ebpf-pid----372881----pid-372881
---ebpf-pid----372881----pid-1
---ebpf-pid----372881----pid-372881
---ebpf-pid----372881----pid-1
---ebpf-pid----372881----pid-372881
---ebpf-pid----373029----pid-373029
---ebpf-pid----373029----pid-5476
---ebpf-pid----373029----pid-1
---ebpf-pid----373029----pid-373029
---ebpf-pid----373029----pid-5476
---ebpf-pid----373029----pid-1
---ebpf-pid----373029----pid-373029
---ebpf-pid----372881----pid-1
---ebpf-pid----373029----pid-5476
---ebpf-pid----372881----pid-372881
---ebpf-pid----373029----pid-1
---ebpf-pid----372881----pid-1
---ebpf-pid----373029----pid-373029
---ebpf-pid----372881----pid-372881
---ebpf-pid----373029----pid-5476
---ebpf-pid----372881----pid-1
---ebpf-pid----373029----pid-1
---ebpf-pid----372714----pid-372714
---ebpf-pid----373029----pid-373029
---ebpf-pid----372714----pid-5476
---ebpf-pid----373029----pid-5476
---ebpf-pid----372714----pid-1
---ebpf-pid----373029----pid-1
---ebpf-pid----372714----pid-372714
---ebpf-pid----2088----pid-2088
---ebpf-pid----372714----pid-5476
---ebpf-pid----2088----pid-1
---ebpf-pid----2089----pid-1
---ebpf-pid----2088----pid-2088
---ebpf-pid----372714----pid-1
---ebpf-pid----2089----pid-2089
---ebpf-pid----5637----pid-5637
---ebpf-pid----2088----pid-1
---ebpf-pid----2088----pid-2088
---ebpf-pid----2089----pid-1
---ebpf-pid----5637----pid-1
---ebpf-pid----2089----pid-2089
---ebpf-pid----2088----pid-2088
---ebpf-pid----2088----pid-1
---ebpf-pid----2089----pid-1
---ebpf-pid----2088----pid-1
---ebpf-pid----2088----pid-2088
---ebpf-pid----2089----pid-2089
---ebpf-pid----2088----pid-2088
---ebpf-pid----2088----pid-1
---ebpf-pid----2088----pid-1
---ebpf-pid----2089----pid-1
---ebpf-pid----2088----pid-2088
---ebpf-pid----2089----pid-2089
---ebpf-pid----2088----pid-2088
---ebpf-pid----2088----pid-1
---ebpf-pid----2089----pid-1
---ebpf-pid----2088----pid-2088
---ebpf-pid----2089----pid-2089
---ebpf-pid----2088----pid-1
---ebpf-pid----2088----pid-2088
---ebpf-pid----2088----pid-1
---ebpf-pid----2089----pid-1
---ebpf-pid----2088----pid-2088
---ebpf-pid----2089----pid-2089
---ebpf-pid----2088----pid-1
---ebpf-pid----2088----pid-2088
---ebpf-pid----2088----pid-1
---ebpf-pid----2089----pid-1
---ebpf-pid----2088----pid-2088
---ebpf-pid----2089----pid-2089
---ebpf-pid----2088----pid-1
---ebpf-pid----2088----pid-1
---ebpf-pid----2089----pid-1
---ebpf-pid----2088----pid-2088
---ebpf-pid----2088----pid-2088
---ebpf-pid----2089----pid-2089
---ebpf-pid----2088----pid-1
---ebpf-pid----2089----pid-1
---ebpf-pid----2088----pid-1
---ebpf-pid----2088----pid-2088
---ebpf-pid----2089----pid-2089
---ebpf-pid----372714----pid-372714
---ebpf-pid----2088----pid-1
---ebpf-pid----2089----pid-1
---ebpf-pid----372714----pid-5476
---ebpf-pid----2089----pid-2089
---ebpf-pid----2088----pid-2088
---ebpf-pid----372714----pid-1
---ebpf-pid----2089----pid-1
---ebpf-pid----372714----pid-372714
---ebpf-pid----2088----pid-1
---ebpf-pid----2089----pid-2089
---ebpf-pid----2088----pid-2088
---ebpf-pid----372714----pid-5476
---ebpf-pid----2089----pid-1
---ebpf-pid----2089----pid-2089
---ebpf-pid----372714----pid-1
---ebpf-pid----2088----pid-1
---ebpf-pid----379067----pid-379067
---ebpf-pid----2088----pid-2088
---ebpf-pid----2089----pid-1
---ebpf-pid----2089----pid-2089
---ebpf-pid----379067----pid-5476
---ebpf-pid----2088----pid-1
---ebpf-pid----2088----pid-2088
---ebpf-pid----2089----pid-1
---ebpf-pid----379067----pid-1
---ebpf-pid----2089----pid-2089
---ebpf-pid----6671----pid-6671
---ebpf-pid----2088----pid-1
---ebpf-pid----2088----pid-2088
---ebpf-pid----2089----pid-1
---ebpf-pid----6671----pid-5476
---ebpf-pid----2089----pid-2089
---ebpf-pid----6671----pid-1
---ebpf-pid----2089----pid-1
---ebpf-pid----2088----pid-1
---ebpf-pid----6671----pid-6671
---ebpf-pid----2089----pid-2089
---ebpf-pid----2088----pid-2088
---ebpf-pid----6671----pid-5476
---ebpf-pid----2089----pid-1
---ebpf-pid----2088----pid-1
---ebpf-pid----2089----pid-2089
---ebpf-pid----6671----pid-1
---ebpf-pid----2088----pid-2088
---ebpf-pid----6671----pid-6671
---ebpf-pid----2089----pid-1
---ebpf-pid----2088----pid-1
---ebpf-pid----2089----pid-2089
---ebpf-pid----6671----pid-5476
---ebpf-pid----2088----pid-2088
---ebpf-pid----6671----pid-1
---ebpf-pid----379067----pid-379067
---ebpf-pid----2088----pid-1
---ebpf-pid----379067----pid-5476
---ebpf-pid----2088----pid-2088
---ebpf-pid----379067----pid-1
---ebpf-pid----2088----pid-1
---ebpf-pid----379067----pid-379067
---ebpf-pid----2088----pid-2088
---ebpf-pid----379067----pid-5476
---ebpf-pid----2088----pid-1
---ebpf-pid----2088----pid-2088
---ebpf-pid----379067----pid-1
---ebpf-pid----379067----pid-379067
---ebpf-pid----2088----pid-1
---ebpf-pid----2088----pid-2088
---ebpf-pid----379067----pid-5476
---ebpf-pid----2088----pid-1
---ebpf-pid----379067----pid-1
---ebpf-pid----2089----pid-1
---ebpf-pid----2088----pid-2088
---ebpf-pid----379067----pid-379067
---ebpf-pid----2089----pid-2089
Failed to get process information for PID 0
---ebpf-pid----2088----pid-1
---ebpf-pid----379067----pid-5476
---ebpf-pid----2088----pid-2088
---ebpf-pid----379067----pid-1
---ebpf-pid----2089----pid-2089
---ebpf-pid----2088----pid-1
---ebpf-pid----2088----pid-2088
---ebpf-pid----2089----pid-1
---ebpf-pid----2089----pid-2089
---ebpf-pid----2088----pid-1
---ebpf-pid----2089----pid-1
---ebpf-pid----2088----pid-2088
---ebpf-pid----2089----pid-2089
---ebpf-pid----2088----pid-1
---ebpf-pid----2089----pid-1
---ebpf-pid----2088----pid-2088
---ebpf-pid----2089----pid-2089
---ebpf-pid----2088----pid-1
---ebpf-pid----2089----pid-1
---ebpf-pid----2088----pid-2088
---ebpf-pid----2089----pid-2089
---ebpf-pid----2089----pid-1
---ebpf-pid----2088----pid-1
---ebpf-pid----2089----pid-2089
---ebpf-pid----2088----pid-2088
---ebpf-pid----2089----pid-1
---ebpf-pid----2088----pid-1
---ebpf-pid----2089----pid-2089
---ebpf-pid----2088----pid-2088
---ebpf-pid----2089----pid-1
---ebpf-pid----2089----pid-2089
---ebpf-pid----2088----pid-1
---ebpf-pid----2088----pid-2088
---ebpf-pid----2089----pid-1
---ebpf-pid----2089----pid-2089
---ebpf-pid----2088----pid-1
---ebpf-pid----2088----pid-2088
---ebpf-pid----2089----pid-1
---ebpf-pid----2089----pid-2089
---ebpf-pid----2088----pid-1
---ebpf-pid----2089----pid-1
---ebpf-pid----2088----pid-2088
---ebpf-pid----2089----pid-2089
---ebpf-pid----2088----pid-1
---ebpf-pid----2089----pid-1
---ebpf-pid----2088----pid-2088
---ebpf-pid----2089----pid-2089
---ebpf-pid----2088----pid-1
---ebpf-pid----2089----pid-1
---ebpf-pid----2088----pid-2088
---ebpf-pid----2089----pid-2089
---ebpf-pid----2089----pid-1
---ebpf-pid----2088----pid-1
---ebpf-pid----2089----pid-2089
---ebpf-pid----2088----pid-2088
---ebpf-pid----2089----pid-1
---ebpf-pid----2088----pid-1
---ebpf-pid----2089----pid-2089
---ebpf-pid----2088----pid-2088
---ebpf-pid----2089----pid-1
---ebpf-pid----2088----pid-1
---ebpf-pid----2089----pid-2089
---ebpf-pid----2088----pid-2088
---ebpf-pid----2089----pid-1
---ebpf-pid----2089----pid-2089
---ebpf-pid----2088----pid-1
---ebpf-pid----2089----pid-1
---ebpf-pid----2088----pid-2088
---ebpf-pid----2089----pid-2089
---ebpf-pid----2089----pid-1
---ebpf-pid----2088----pid-1
---ebpf-pid----2089----pid-2089
---ebpf-pid----2088----pid-2088
---ebpf-pid----2089----pid-1
---ebpf-pid----2088----pid-1
---ebpf-pid----6671----pid-6671
---ebpf-pid----2088----pid-2088
---ebpf-pid----6671----pid-5476
---ebpf-pid----2088----pid-1
---ebpf-pid----2088----pid-2088
---ebpf-pid----2088----pid-1
---ebpf-pid----2088----pid-2088
---ebpf-pid----2088----pid-1
---ebpf-pid----2088----pid-2088
---ebpf-pid----2089----pid-1
---ebpf-pid----2088----pid-1
---ebpf-pid----2089----pid-2089
---ebpf-pid----2088----pid-2088
---ebpf-pid----2089----pid-1
---ebpf-pid----2088----pid-1
---ebpf-pid----2089----pid-2089
---ebpf-pid----2088----pid-2088
---ebpf-pid----2089----pid-1
---ebpf-pid----2089----pid-2089
---ebpf-pid----2088----pid-1
---ebpf-pid----2088----pid-2088
---ebpf-pid----2089----pid-1
---ebpf-pid----2089----pid-2089
---ebpf-pid----2088----pid-1
---ebpf-pid----2089----pid-1
---ebpf-pid----2088----pid-2088
---ebpf-pid----2089----pid-2089
---ebpf-pid----2089----pid-1
---ebpf-pid----2089----pid-2089
---ebpf-pid----2089----pid-1
---ebpf-pid----2089----pid-2089
---ebpf-pid----2089----pid-1
---ebpf-pid----2089----pid-2089
---ebpf-pid----2089----pid-1
---ebpf-pid----2089----pid-2089
---ebpf-pid----2089----pid-1
---ebpf-pid----2089----pid-2089
---ebpf-pid----6671----pid-1
---ebpf-pid----2089----pid-1
---ebpf-pid----6671----pid-6671
---ebpf-pid----2089----pid-2089
---ebpf-pid----6671----pid-5476
---ebpf-pid----2089----pid-1
---ebpf-pid----6671----pid-1
---ebpf-pid----2089----pid-2089
---ebpf-pid----372881----pid-372881
---ebpf-pid----372881----pid-1
---ebpf-pid----2089----pid-1
---ebpf-pid----2089----pid-2089
---ebpf-pid----2089----pid-2089
---ebpf-pid----2089----pid-1
---ebpf-pid----2089----pid-2089
---ebpf-pid----2089----pid-1
---ebpf-pid----2089----pid-2089
---ebpf-pid----2089----pid-1
---ebpf-pid----2089----pid-2089
---ebpf-pid----2089----pid-1
---ebpf-pid----2089----pid-1
---ebpf-pid----2089----pid-2089
---ebpf-pid----2089----pid-2089
---ebpf-pid----2089----pid-1
---ebpf-pid----2089----pid-1
---ebpf-pid----2089----pid-2089
---ebpf-pid----2089----pid-2089
---ebpf-pid----2089----pid-1
---ebpf-pid----2089----pid-2089
---ebpf-pid----2089----pid-1
---ebpf-pid----2089----pid-2089
---ebpf-pid----2089----pid-1
---ebpf-pid----2089----pid-2089
---ebpf-pid----2089----pid-1
---ebpf-pid----2089----pid-1
---ebpf-pid----2089----pid-2089
---ebpf-pid----5614----pid-5614
---ebpf-pid----2089----pid-1
---ebpf-pid----5614----pid-1
---ebpf-pid----448785----pid-448785
---ebpf-pid----2089----pid-2089
---ebpf-pid----448785----pid-448520
---ebpf-pid----2089----pid-1
---ebpf-pid----2089----pid-2089
---ebpf-pid----448785----pid-1
---ebpf-pid----448785----pid-448785
---ebpf-pid----2089----pid-1
---ebpf-pid----448785----pid-448520
---ebpf-pid----2089----pid-2089
---ebpf-pid----448785----pid-1
---ebpf-pid----448785----pid-448785
---ebpf-pid----2089----pid-1
---ebpf-pid----2089----pid-2089
---ebpf-pid----448785----pid-448520
---ebpf-pid----448785----pid-1
---ebpf-pid----448785----pid-448785
---ebpf-pid----448785----pid-448520
---ebpf-pid----448785----pid-1
---ebpf-pid----448785----pid-448785
---ebpf-pid----448785----pid-448520
---ebpf-pid----448785----pid-1
---ebpf-pid----6671----pid-6671
---ebpf-pid----6671----pid-5476
---ebpf-pid----6671----pid-1
---ebpf-pid----6671----pid-6671
---ebpf-pid----6671----pid-5476
---ebpf-pid----6671----pid-1
---ebpf-pid----6671----pid-6671
---ebpf-pid----2088----pid-1
---ebpf-pid----2088----pid-2088
---ebpf-pid----2088----pid-1
---ebpf-pid----2088----pid-2088
---ebpf-pid----6671----pid-5476
---ebpf-pid----2088----pid-1
---ebpf-pid----2088----pid-2088
---ebpf-pid----6671----pid-1
---ebpf-pid----6671----pid-6671
---ebpf-pid----2088----pid-1
---ebpf-pid----2088----pid-2088
---ebpf-pid----6671----pid-5476
---ebpf-pid----6671----pid-1
---ebpf-pid----2088----pid-1
---ebpf-pid----6671----pid-6671
---ebpf-pid----2088----pid-2088
---ebpf-pid----6671----pid-5476
---ebpf-pid----2088----pid-1
---ebpf-pid----2088----pid-2088
---ebpf-pid----6671----pid-1
---ebpf-pid----379067----pid-379067
---ebpf-pid----2088----pid-1
---ebpf-pid----379067----pid-5476
---ebpf-pid----2088----pid-2088
---ebpf-pid----379067----pid-1
---ebpf-pid----2088----pid-1
---ebpf-pid----379067----pid-379067
---ebpf-pid----2088----pid-2088
---ebpf-pid----379067----pid-5476
---ebpf-pid----2088----pid-1
---ebpf-pid----379067----pid-1
---ebpf-pid----2088----pid-2088
---ebpf-pid----379067----pid-379067
---ebpf-pid----379067----pid-5476
---ebpf-pid----2088----pid-1
---ebpf-pid----2088----pid-2088
---ebpf-pid----379067----pid-1
---ebpf-pid----6671----pid-6671
---ebpf-pid----2088----pid-1
---ebpf-pid----2088----pid-2088
---ebpf-pid----6671----pid-5476
---ebpf-pid----2088----pid-1
---ebpf-pid----6671----pid-1
---ebpf-pid----2088----pid-2088
---ebpf-pid----379067----pid-379067
---ebpf-pid----2088----pid-1
---ebpf-pid----379067----pid-5476
---ebpf-pid----2088----pid-2088
---ebpf-pid----379067----pid-1
---ebpf-pid----2088----pid-1
---ebpf-pid----2088----pid-2088
---ebpf-pid----2088----pid-1
---ebpf-pid----2088----pid-2088
---ebpf-pid----379067----pid-379067
---ebpf-pid----2088----pid-1
---ebpf-pid----2088----pid-2088
---ebpf-pid----379067----pid-5476
---ebpf-pid----2088----pid-1
---ebpf-pid----379067----pid-1
---ebpf-pid----2088----pid-2088
---ebpf-pid----6671----pid-6671
---ebpf-pid----2088----pid-1
---ebpf-pid----6671----pid-5476
---ebpf-pid----2088----pid-2088
---ebpf-pid----6671----pid-1
---ebpf-pid----372714----pid-372714
---ebpf-pid----2088----pid-1
---ebpf-pid----2088----pid-2088
---ebpf-pid----372714----pid-5476
---ebpf-pid----2088----pid-1
---ebpf-pid----372714----pid-1
---ebpf-pid----379067----pid-379067
---ebpf-pid----2089----pid-1
---ebpf-pid----379067----pid-5476
---ebpf-pid----2089----pid-2089
---ebpf-pid----379067----pid-1
---ebpf-pid----2089----pid-1
---ebpf-pid----379067----pid-379067
---ebpf-pid----2089----pid-2089
---ebpf-pid----379067----pid-5476
---ebpf-pid----2089----pid-1
---ebpf-pid----379067----pid-1
---ebpf-pid----6671----pid-6671
---ebpf-pid----2089----pid-2089
---ebpf-pid----6671----pid-5476
---ebpf-pid----6671----pid-1
---ebpf-pid----2089----pid-1
---ebpf-pid----6671----pid-6671
---ebpf-pid----2089----pid-2089
---ebpf-pid----6671----pid-5476
---ebpf-pid----6671----pid-1
---ebpf-pid----6671----pid-6671
---ebpf-pid----2089----pid-1
---ebpf-pid----2089----pid-2089
---ebpf-pid----2088----pid-2088
---ebpf-pid----2088----pid-1
---ebpf-pid----2088----pid-2088
---ebpf-pid----2088----pid-1
---ebpf-pid----2088----pid-2088
---ebpf-pid----2088----pid-1
---ebpf-pid----2088----pid-2088
---ebpf-pid----2088----pid-1
---ebpf-pid----2088----pid-2088
---ebpf-pid----2088----pid-1
---ebpf-pid----2088----pid-2088
---ebpf-pid----2088----pid-1
---ebpf-pid----6671----pid-5476
---ebpf-pid----2088----pid-2088
---ebpf-pid----2089----pid-1
---ebpf-pid----2088----pid-1
---ebpf-pid----6671----pid-1
---ebpf-pid----2089----pid-2089
---ebpf-pid----2088----pid-2088
---ebpf-pid----6671----pid-6671
---ebpf-pid----2089----pid-1
---ebpf-pid----6671----pid-5476
---ebpf-pid----2088----pid-1
---ebpf-pid----2089----pid-2089
---ebpf-pid----2088----pid-2088
---ebpf-pid----6671----pid-1
---ebpf-pid----2089----pid-1
---ebpf-pid----2088----pid-1
---ebpf-pid----2088----pid-2088
---ebpf-pid----2089----pid-2089
---ebpf-pid----2088----pid-2088
---ebpf-pid----2088----pid-1
---ebpf-pid----2089----pid-1
---ebpf-pid----2088----pid-1
---ebpf-pid----2088----pid-2088
---ebpf-pid----2089----pid-2089
---ebpf-pid----2088----pid-2088
---ebpf-pid----2088----pid-1
---ebpf-pid----2089----pid-1
---ebpf-pid----2088----pid-1
---ebpf-pid----2088----pid-2088
---ebpf-pid----2089----pid-2089
---ebpf-pid----2088----pid-2088
---ebpf-pid----2088----pid-1
---ebpf-pid----2088----pid-2088
---ebpf-pid----2088----pid-1
---ebpf-pid----2089----pid-1
---ebpf-pid----2088----pid-2088
---ebpf-pid----2089----pid-2089
---ebpf-pid----2088----pid-1
---ebpf-pid----2088----pid-2088
---ebpf-pid----2088----pid-1
---ebpf-pid----2089----pid-1
---ebpf-pid----2088----pid-2088
---ebpf-pid----2089----pid-2089
---ebpf-pid----2088----pid-1
---ebpf-pid----2088----pid-2088
---ebpf-pid----2088----pid-1
---ebpf-pid----2088----pid-2088
---ebpf-pid----2089----pid-1
---ebpf-pid----2089----pid-2089
---ebpf-pid----2088----pid-1
---ebpf-pid----2088----pid-2088
---ebpf-pid----2088----pid-1
---ebpf-pid----2088----pid-2088
---ebpf-pid----2089----pid-1
---ebpf-pid----2089----pid-2089
---ebpf-pid----2088----pid-1
---ebpf-pid----2088----pid-1
---ebpf-pid----2088----pid-2088
---ebpf-pid----2088----pid-2088
---ebpf-pid----2089----pid-1
---ebpf-pid----2088----pid-1
---ebpf-pid----2089----pid-2089
---ebpf-pid----2088----pid-1
---ebpf-pid----2088----pid-2088
---ebpf-pid----2088----pid-2088
---ebpf-pid----2089----pid-1
---ebpf-pid----2088----pid-1
---ebpf-pid----2089----pid-2089
---ebpf-pid----2088----pid-1
---ebpf-pid----2088----pid-2088
---ebpf-pid----2088----pid-2088
---ebpf-pid----2089----pid-1
---ebpf-pid----2088----pid-1
---ebpf-pid----2088----pid-1
---ebpf-pid----2089----pid-2089
---ebpf-pid----2088----pid-2088
---ebpf-pid----379067----pid-379067
---ebpf-pid----2088----pid-1
---ebpf-pid----2089----pid-1
---ebpf-pid----2088----pid-2088
---ebpf-pid----2089----pid-2089
---ebpf-pid----2088----pid-1
---ebpf-pid----2089----pid-1
---ebpf-pid----2088----pid-2088
---ebpf-pid----2089----pid-2089
---ebpf-pid----2089----pid-1
---ebpf-pid----2089----pid-2089
---ebpf-pid----2089----pid-1
---ebpf-pid----2089----pid-2089
---ebpf-pid----2089----pid-1
---ebpf-pid----2089----pid-2089
---ebpf-pid----2089----pid-1
---ebpf-pid----2089----pid-2089
---ebpf-pid----2089----pid-1
---ebpf-pid----2089----pid-2089
---ebpf-pid----2089----pid-1
---ebpf-pid----2089----pid-2089
---ebpf-pid----2089----pid-1
---ebpf-pid----2089----pid-2089
---ebpf-pid----2089----pid-1
---ebpf-pid----2089----pid-2089
---ebpf-pid----2089----pid-1
---ebpf-pid----2089----pid-2089
---ebpf-pid----2089----pid-1
---ebpf-pid----2089----pid-2089
---ebpf-pid----2089----pid-1
---ebpf-pid----2089----pid-2089
---ebpf-pid----2089----pid-1
---ebpf-pid----379067----pid-5476
---ebpf-pid----2089----pid-2089
---ebpf-pid----379067----pid-1
---ebpf-pid----2089----pid-1
---ebpf-pid----6671----pid-6671
---ebpf-pid----2089----pid-2089
---ebpf-pid----6671----pid-5476
---ebpf-pid----2089----pid-1
---ebpf-pid----6671----pid-1
---ebpf-pid----2089----pid-2089
---ebpf-pid----6671----pid-6671
---ebpf-pid----2089----pid-1
---ebpf-pid----6671----pid-5476
---ebpf-pid----2089----pid-2089
---ebpf-pid----6671----pid-1
---ebpf-pid----6671----pid-6671
---ebpf-pid----2089----pid-1
---ebpf-pid----2089----pid-2089
---ebpf-pid----6671----pid-5476
---ebpf-pid----6671----pid-1
---ebpf-pid----2089----pid-1
---ebpf-pid----379067----pid-379067
---ebpf-pid----2089----pid-2089
---ebpf-pid----379067----pid-5476
---ebpf-pid----2089----pid-1
---ebpf-pid----2089----pid-2089
---ebpf-pid----379067----pid-1
---ebpf-pid----379067----pid-379067
---ebpf-pid----2089----pid-1
---ebpf-pid----379067----pid-5476
---ebpf-pid----2089----pid-2089
---ebpf-pid----379067----pid-1
---ebpf-pid----2089----pid-1
---ebpf-pid----379067----pid-379067
---ebpf-pid----2089----pid-2089
---ebpf-pid----2088----pid-1
---ebpf-pid----379067----pid-5476
---ebpf-pid----2089----pid-1
---ebpf-pid----2088----pid-2088
---ebpf-pid----2089----pid-2089
---ebpf-pid----379067----pid-1
---ebpf-pid----2088----pid-1
---ebpf-pid----6671----pid-6671
---ebpf-pid----2089----pid-1
---ebpf-pid----2088----pid-2088
---ebpf-pid----2089----pid-2089
---ebpf-pid----6671----pid-5476
---ebpf-pid----2088----pid-1
---ebpf-pid----2089----pid-1
---ebpf-pid----2088----pid-2088
---ebpf-pid----6671----pid-1
---ebpf-pid----2089----pid-2089
---ebpf-pid----6671----pid-6671
---ebpf-pid----2088----pid-1
---ebpf-pid----2088----pid-2088
---ebpf-pid----2089----pid-1
---ebpf-pid----6671----pid-5476
---ebpf-pid----2089----pid-2089
---ebpf-pid----2088----pid-1
---ebpf-pid----6671----pid-1
---ebpf-pid----2088----pid-2088
---ebpf-pid----2089----pid-1
---ebpf-pid----379067----pid-379067
---ebpf-pid----2089----pid-2089
---ebpf-pid----2088----pid-1
---ebpf-pid----2088----pid-2088
---ebpf-pid----379067----pid-5476
---ebpf-pid----2089----pid-1
---ebpf-pid----2089----pid-2089
---ebpf-pid----2088----pid-1
---ebpf-pid----379067----pid-1
---ebpf-pid----2088----pid-2088
---ebpf-pid----5705----pid-5705
---ebpf-pid----2089----pid-1
---ebpf-pid----2088----pid-1
---ebpf-pid----2089----pid-2089
---ebpf-pid----5705----pid-5476
---ebpf-pid----2088----pid-2088
---ebpf-pid----2089----pid-1
---ebpf-pid----5705----pid-1
---ebpf-pid----2088----pid-1
---ebpf-pid----2089----pid-2089
---ebpf-pid----5705----pid-5705
---ebpf-pid----2088----pid-2088
---ebpf-pid----5705----pid-5476
---ebpf-pid----2089----pid-1
---ebpf-pid----2088----pid-1
---ebpf-pid----2089----pid-2089
---ebpf-pid----2088----pid-2088
---ebpf-pid----5705----pid-1
---ebpf-pid----379067----pid-379067
---ebpf-pid----2089----pid-1
---ebpf-pid----2088----pid-1
---ebpf-pid----2089----pid-2089
---ebpf-pid----2088----pid-2088
---ebpf-pid----379067----pid-5476
---ebpf-pid----2088----pid-1
---ebpf-pid----2089----pid-1
---ebpf-pid----379067----pid-1
---ebpf-pid----2088----pid-2088
---ebpf-pid----2089----pid-2089
---ebpf-pid----5705----pid-5705
---ebpf-pid----5705----pid-5476
---ebpf-pid----5705----pid-1
---ebpf-pid----5705----pid-5705
---ebpf-pid----5705----pid-5476
---ebpf-pid----5705----pid-1
---ebpf-pid----379067----pid-379067
---ebpf-pid----379067----pid-5476
---ebpf-pid----379067----pid-1
---ebpf-pid----5705----pid-5705
---ebpf-pid----5705----pid-5476
---ebpf-pid----5705----pid-1
---ebpf-pid----5705----pid-5705
---ebpf-pid----5705----pid-5476
---ebpf-pid----5705----pid-1
---ebpf-pid----379067----pid-379067
---ebpf-pid----379067----pid-5476
---ebpf-pid----379067----pid-1
---ebpf-pid----379067----pid-379067
---ebpf-pid----379067----pid-5476
---ebpf-pid----2089----pid-1
---ebpf-pid----379067----pid-1
---ebpf-pid----2089----pid-2089
---ebpf-pid----5705----pid-5705
---ebpf-pid----2089----pid-1
---ebpf-pid----5705----pid-5476
---ebpf-pid----2089----pid-2089
---ebpf-pid----5705----pid-1
---ebpf-pid----2089----pid-1
---ebpf-pid----2089----pid-2089
---ebpf-pid----2089----pid-1
---ebpf-pid----2089----pid-2089
---ebpf-pid----2089----pid-1
---ebpf-pid----2089----pid-2089
---ebpf-pid----2089----pid-1
---ebpf-pid----2089----pid-2089
---ebpf-pid----2089----pid-1
---ebpf-pid----2089----pid-2089
---ebpf-pid----2089----pid-1
---ebpf-pid----2089----pid-2089
---ebpf-pid----2089----pid-1
---ebpf-pid----2089----pid-2089
---ebpf-pid----2089----pid-1
---ebpf-pid----2089----pid-2089
---ebpf-pid----2089----pid-1
---ebpf-pid----2089----pid-2089
---ebpf-pid----2089----pid-1
---ebpf-pid----2089----pid-2089
---ebpf-pid----2089----pid-1
---ebpf-pid----2089----pid-2089
---ebpf-pid----2089----pid-1
---ebpf-pid----2089----pid-2089
---ebpf-pid----2089----pid-1
---ebpf-pid----2089----pid-2089
---ebpf-pid----2089----pid-1
---ebpf-pid----2089----pid-2089
---ebpf-pid----2089----pid-1
---ebpf-pid----2089----pid-2089
---ebpf-pid----2089----pid-1
---ebpf-pid----2088----pid-1
---ebpf-pid----2088----pid-2088
---ebpf-pid----2088----pid-1
---ebpf-pid----2088----pid-2088
---ebpf-pid----2088----pid-1
---ebpf-pid----2088----pid-2088
---ebpf-pid----2088----pid-1
---ebpf-pid----2088----pid-2088
---ebpf-pid----2088----pid-1
---ebpf-pid----2088----pid-2088
---ebpf-pid----2088----pid-1
---ebpf-pid----2088----pid-2088
---ebpf-pid----2088----pid-1
---ebpf-pid----2012----pid-2012
---ebpf-pid----2012----pid-1
---ebpf-pid----379067----pid-379067
---ebpf-pid----379067----pid-5476
---ebpf-pid----379067----pid-1
---ebpf-pid----379067----pid-379067
---ebpf-pid----5705----pid-5705
---ebpf-pid----379067----pid-5476
---ebpf-pid----379067----pid-1
---ebpf-pid----5705----pid-5476
---ebpf-pid----379067----pid-379067
---ebpf-pid----5705----pid-1
---ebpf-pid----379067----pid-5476
---ebpf-pid----5705----pid-5705
---ebpf-pid----2089----pid-2089
---ebpf-pid----5705----pid-5476
---ebpf-pid----2089----pid-1
---ebpf-pid----2089----pid-2089
---ebpf-pid----2089----pid-1
---ebpf-pid----2089----pid-2089
---ebpf-pid----2089----pid-1
---ebpf-pid----2089----pid-2089
---ebpf-pid----2089----pid-1
---ebpf-pid----2089----pid-2089
---ebpf-pid----2089----pid-1
---ebpf-pid----2089----pid-2089
---ebpf-pid----5705----pid-1
---ebpf-pid----2089----pid-1
---ebpf-pid----2089----pid-2089
---ebpf-pid----6671----pid-6671
---ebpf-pid----2089----pid-1
---ebpf-pid----2089----pid-2089
---ebpf-pid----379067----pid-1
---ebpf-pid----6671----pid-5476
---ebpf-pid----379067----pid-379067
---ebpf-pid----2089----pid-1
---ebpf-pid----6671----pid-1
---ebpf-pid----2089----pid-2089
---ebpf-pid----379067----pid-5476
---ebpf-pid----6671----pid-6671
---ebpf-pid----2089----pid-1
---ebpf-pid----379067----pid-1
---ebpf-pid----6671----pid-5476
---ebpf-pid----2089----pid-2089
---ebpf-pid----379067----pid-379067
---ebpf-pid----2089----pid-1
---ebpf-pid----379067----pid-5476
---ebpf-pid----2089----pid-2089
---ebpf-pid----2089----pid-1
---ebpf-pid----379067----pid-1
---ebpf-pid----2089----pid-2089
---ebpf-pid----373029----pid-373029
---ebpf-pid----2089----pid-1
---ebpf-pid----6671----pid-1
---ebpf-pid----373029----pid-5476
---ebpf-pid----2089----pid-2089
---ebpf-pid----373029----pid-1
---ebpf-pid----2089----pid-1
---ebpf-pid----373029----pid-373029
---ebpf-pid----6671----pid-6671
---ebpf-pid----6671----pid-5476
---ebpf-pid----6671----pid-1
---ebpf-pid----6671----pid-6671
---ebpf-pid----6671----pid-5476
---ebpf-pid----6671----pid-1
---ebpf-pid----6671----pid-6671
---ebpf-pid----6671----pid-5476
---ebpf-pid----6671----pid-1
---ebpf-pid----379067----pid-379067
---ebpf-pid----379067----pid-5476
---ebpf-pid----2089----pid-2089
---ebpf-pid----379067----pid-1
---ebpf-pid----379067----pid-379067
---ebpf-pid----2089----pid-1
---ebpf-pid----7312----pid-7312
---ebpf-pid----379067----pid-5476
---ebpf-pid----7312----pid-1
---ebpf-pid----379067----pid-1
---ebpf-pid----7312----pid-7312
---ebpf-pid----379067----pid-379067
---ebpf-pid----7312----pid-1
---ebpf-pid----379067----pid-5476
---ebpf-pid----7312----pid-7312
---ebpf-pid----7312----pid-1
---ebpf-pid----7312----pid-7312
---ebpf-pid----379067----pid-1
---ebpf-pid----379067----pid-379067
---ebpf-pid----379067----pid-5476
---ebpf-pid----7312----pid-1
---ebpf-pid----2088----pid-2088
---ebpf-pid----379067----pid-1
---ebpf-pid----6671----pid-6671
---ebpf-pid----6671----pid-5476
---ebpf-pid----2088----pid-1
---ebpf-pid----6671----pid-1
---ebpf-pid----6671----pid-6671
---ebpf-pid----2088----pid-2088
---ebpf-pid----6671----pid-5476
---ebpf-pid----2088----pid-1
---ebpf-pid----6671----pid-1
---ebpf-pid----379067----pid-379067
---ebpf-pid----2088----pid-2088
---ebpf-pid----379067----pid-5476
---ebpf-pid----379067----pid-1
---ebpf-pid----2088----pid-1
---ebpf-pid----379067----pid-379067
---ebpf-pid----2088----pid-2088
---ebpf-pid----379067----pid-5476
---ebpf-pid----2088----pid-1
---ebpf-pid----2088----pid-2088
---ebpf-pid----379067----pid-1
---ebpf-pid----379067----pid-379067
---ebpf-pid----379067----pid-5476
---ebpf-pid----379067----pid-1
---ebpf-pid----379067----pid-379067
---ebpf-pid----379067----pid-5476
---ebpf-pid----379067----pid-1
---ebpf-pid----379067----pid-379067
---ebpf-pid----379067----pid-5476
---ebpf-pid----379067----pid-1
---ebpf-pid----2088----pid-1
---ebpf-pid----5705----pid-5705
---ebpf-pid----2088----pid-2088
---ebpf-pid----5705----pid-5476
---ebpf-pid----2088----pid-1
---ebpf-pid----2088----pid-2088
---ebpf-pid----5705----pid-1
---ebpf-pid----5705----pid-5705
---ebpf-pid----373029----pid-5476
---ebpf-pid----5705----pid-5476
---ebpf-pid----2088----pid-1
---ebpf-pid----2088----pid-2088
---ebpf-pid----5705----pid-1
---ebpf-pid----6671----pid-6671
---ebpf-pid----373029----pid-1
---ebpf-pid----6671----pid-5476
---ebpf-pid----373029----pid-373029
---ebpf-pid----6671----pid-1
---ebpf-pid----6671----pid-6671
---ebpf-pid----373029----pid-5476
---ebpf-pid----373029----pid-1
---ebpf-pid----6671----pid-5476
---ebpf-pid----373029----pid-373029
---ebpf-pid----6671----pid-1
---ebpf-pid----373029----pid-5476
---ebpf-pid----379067----pid-379067
---ebpf-pid----373029----pid-1
---ebpf-pid----379067----pid-5476
---ebpf-pid----373029----pid-373029
---ebpf-pid----379067----pid-1
---ebpf-pid----373029----pid-5476
---ebpf-pid----379067----pid-379067
---ebpf-pid----379067----pid-5476
---ebpf-pid----373029----pid-1
---ebpf-pid----373029----pid-373029
---ebpf-pid----379067----pid-1
---ebpf-pid----379067----pid-379067
---ebpf-pid----379067----pid-5476
---ebpf-pid----379067----pid-1
---ebpf-pid----379067----pid-379067
---ebpf-pid----2088----pid-1
---ebpf-pid----2088----pid-2088
---ebpf-pid----2088----pid-1
---ebpf-pid----2088----pid-2088
---ebpf-pid----2088----pid-1
---ebpf-pid----2088----pid-2088
---ebpf-pid----2088----pid-1
---ebpf-pid----2088----pid-2088
---ebpf-pid----373029----pid-5476
---ebpf-pid----2088----pid-1
---ebpf-pid----2088----pid-2088
---ebpf-pid----2088----pid-1
---ebpf-pid----2088----pid-2088
---ebpf-pid----2088----pid-1
---ebpf-pid----379067----pid-5476
---ebpf-pid----2088----pid-2088
---ebpf-pid----379067----pid-1
---ebpf-pid----2088----pid-1
---ebpf-pid----5705----pid-5705
---ebpf-pid----2088----pid-2088
---ebpf-pid----5705----pid-5476
---ebpf-pid----2088----pid-1
---ebpf-pid----2088----pid-2088
---ebpf-pid----5705----pid-1
---ebpf-pid----5705----pid-5705
---ebpf-pid----5705----pid-5476
---ebpf-pid----5705----pid-1
---ebpf-pid----5705----pid-5705
---ebpf-pid----2088----pid-1
---ebpf-pid----5705----pid-5476
---ebpf-pid----2088----pid-2088
---ebpf-pid----5705----pid-1
---ebpf-pid----2088----pid-1
---ebpf-pid----5705----pid-5705
---ebpf-pid----2088----pid-2088
---ebpf-pid----5705----pid-5476
---ebpf-pid----2088----pid-1
---ebpf-pid----2088----pid-2088
---ebpf-pid----5705----pid-1
---ebpf-pid----5705----pid-5705
---ebpf-pid----2088----pid-1
---ebpf-pid----5705----pid-5476
---ebpf-pid----2088----pid-2088
---ebpf-pid----5705----pid-1
---ebpf-pid----2088----pid-1
---ebpf-pid----5705----pid-5705
---ebpf-pid----2088----pid-2088
---ebpf-pid----5705----pid-5476
---ebpf-pid----2088----pid-1
---ebpf-pid----2088----pid-2088
---ebpf-pid----5705----pid-1
---ebpf-pid----5705----pid-5705
---ebpf-pid----2088----pid-1
---ebpf-pid----5705----pid-5476
---ebpf-pid----2088----pid-2088
---ebpf-pid----5705----pid-1
---ebpf-pid----2088----pid-1
---ebpf-pid----5705----pid-5705
---ebpf-pid----2088----pid-2088
---ebpf-pid----5705----pid-5476
---ebpf-pid----2088----pid-1
---ebpf-pid----2088----pid-2088
---ebpf-pid----5705----pid-1
---ebpf-pid----5705----pid-5705
---ebpf-pid----2088----pid-1
---ebpf-pid----5705----pid-5476
---ebpf-pid----2088----pid-2088
---ebpf-pid----5705----pid-1
---ebpf-pid----2088----pid-1
---ebpf-pid----5705----pid-5705
---ebpf-pid----2088----pid-2088
---ebpf-pid----5705----pid-5476
---ebpf-pid----373029----pid-1
---ebpf-pid----373029----pid-373029
---ebpf-pid----5705----pid-1
---ebpf-pid----5705----pid-5705
---ebpf-pid----373029----pid-5476
---ebpf-pid----5705----pid-5476
---ebpf-pid----373029----pid-1
---ebpf-pid----373029----pid-373029
---ebpf-pid----5705----pid-1
---ebpf-pid----5705----pid-5705
---ebpf-pid----373029----pid-5476
---ebpf-pid----5705----pid-5476
---ebpf-pid----373029----pid-1
---ebpf-pid----5705----pid-1
---ebpf-pid----373029----pid-373029
---ebpf-pid----5705----pid-5705
---ebpf-pid----373029----pid-5476
---ebpf-pid----5705----pid-5476
---ebpf-pid----373029----pid-1
---ebpf-pid----5705----pid-1
---ebpf-pid----5705----pid-5705
---ebpf-pid----5705----pid-5476
---ebpf-pid----5705----pid-1
---ebpf-pid----5705----pid-5705
---ebpf-pid----5705----pid-5476
---ebpf-pid----5705----pid-1
---ebpf-pid----5705----pid-5705
---ebpf-pid----5705----pid-5476
---ebpf-pid----5705----pid-1
---ebpf-pid----5705----pid-5705
---ebpf-pid----5705----pid-5476
---ebpf-pid----5705----pid-1
---ebpf-pid----373029----pid-373029
---ebpf-pid----6671----pid-6671
---ebpf-pid----6671----pid-5476
---ebpf-pid----373029----pid-5476
---ebpf-pid----6671----pid-1
---ebpf-pid----5705----pid-5705
---ebpf-pid----373029----pid-1
---ebpf-pid----5705----pid-5476
---ebpf-pid----6671----pid-6671
---ebpf-pid----5705----pid-1
---ebpf-pid----6671----pid-5476
---ebpf-pid----6671----pid-1
---ebpf-pid----6671----pid-6671
---ebpf-pid----5705----pid-5705
---ebpf-pid----6671----pid-5476
---ebpf-pid----6671----pid-1
---ebpf-pid----448785----pid-448785
---ebpf-pid----5705----pid-5476
---ebpf-pid----5705----pid-1
---ebpf-pid----448785----pid-448520
---ebpf-pid----5705----pid-5705
---ebpf-pid----448785----pid-1
---ebpf-pid----448785----pid-448785
---ebpf-pid----448785----pid-448520
---ebpf-pid----448785----pid-1
---ebpf-pid----379067----pid-379067
---ebpf-pid----5705----pid-5476
---ebpf-pid----5705----pid-1
---ebpf-pid----5705----pid-5705
---ebpf-pid----5705----pid-5476
---ebpf-pid----5705----pid-1
---ebpf-pid----2088----pid-2088
---ebpf-pid----2088----pid-1
---ebpf-pid----2088----pid-2088
---ebpf-pid----379067----pid-5476
---ebpf-pid----2088----pid-1
---ebpf-pid----2088----pid-2088
---ebpf-pid----379067----pid-1
---ebpf-pid----379067----pid-379067
---ebpf-pid----379067----pid-5476
---ebpf-pid----2088----pid-1
---ebpf-pid----2088----pid-2088
---ebpf-pid----379067----pid-1
---ebpf-pid----6671----pid-6671
---ebpf-pid----6671----pid-5476
---ebpf-pid----2088----pid-1
---ebpf-pid----2088----pid-2088
---ebpf-pid----6671----pid-1
---ebpf-pid----6671----pid-6671
---ebpf-pid----2088----pid-1
---ebpf-pid----2088----pid-2088
---ebpf-pid----6671----pid-5476
---ebpf-pid----2088----pid-1
---ebpf-pid----2088----pid-1
---ebpf-pid----2088----pid-2088
---ebpf-pid----2088----pid-2088
---ebpf-pid----6671----pid-1
---ebpf-pid----2088----pid-1
---ebpf-pid----6671----pid-6671
---ebpf-pid----2088----pid-1
---ebpf-pid----2088----pid-2088
---ebpf-pid----2088----pid-2088
---ebpf-pid----6671----pid-5476
---ebpf-pid----2088----pid-1
---ebpf-pid----2088----pid-1
---ebpf-pid----2088----pid-2088
---ebpf-pid----2088----pid-2088
---ebpf-pid----6671----pid-1
---ebpf-pid----2088----pid-1
---ebpf-pid----379067----pid-379067
---ebpf-pid----373029----pid-373029
---ebpf-pid----2088----pid-1
---ebpf-pid----373029----pid-5476
---ebpf-pid----2088----pid-2088
---ebpf-pid----379067----pid-5476
---ebpf-pid----373029----pid-1
---ebpf-pid----373029----pid-373029
---ebpf-pid----2088----pid-1
---ebpf-pid----373029----pid-5476
---ebpf-pid----379067----pid-1
---ebpf-pid----2088----pid-2088
---ebpf-pid----379067----pid-379067
---ebpf-pid----373029----pid-1
---ebpf-pid----373029----pid-373029
---ebpf-pid----2088----pid-1
---ebpf-pid----2088----pid-2088
---ebpf-pid----379067----pid-5476
---ebpf-pid----373029----pid-5476
---ebpf-pid----2088----pid-1
---ebpf-pid----373029----pid-1
---ebpf-pid----379067----pid-1
---ebpf-pid----2088----pid-2088
---ebpf-pid----373029----pid-373029
---ebpf-pid----6671----pid-6671
---ebpf-pid----2088----pid-1
---ebpf-pid----373029----pid-5476
---ebpf-pid----6671----pid-5476
---ebpf-pid----2088----pid-2088
---ebpf-pid----373029----pid-1
---ebpf-pid----2088----pid-1
---ebpf-pid----6671----pid-1
---ebpf-pid----2088----pid-2088
---ebpf-pid----372714----pid-372714
---ebpf-pid----2088----pid-1
---ebpf-pid----372714----pid-5476
---ebpf-pid----2088----pid-2088
---ebpf-pid----372714----pid-1
---ebpf-pid----2088----pid-1
---ebpf-pid----372714----pid-372714
---ebpf-pid----2088----pid-2088
---ebpf-pid----372714----pid-5476
---ebpf-pid----2088----pid-1
---ebpf-pid----2088----pid-2088
---ebpf-pid----372714----pid-1
---ebpf-pid----2088----pid-1
---ebpf-pid----2088----pid-2088
---ebpf-pid----2088----pid-1
---ebpf-pid----2089----pid-2089
---ebpf-pid----2088----pid-2088
---ebpf-pid----2088----pid-1
---ebpf-pid----2089----pid-1
---ebpf-pid----2088----pid-2088
---ebpf-pid----373029----pid-373029
---ebpf-pid----372714----pid-372714
---ebpf-pid----373029----pid-5476
---ebpf-pid----2088----pid-1
---ebpf-pid----372714----pid-5476
---ebpf-pid----2088----pid-2088
---ebpf-pid----373029----pid-1
---ebpf-pid----373029----pid-373029
---ebpf-pid----2088----pid-1
---ebpf-pid----2088----pid-2088
---ebpf-pid----372714----pid-1
---ebpf-pid----373029----pid-5476
---ebpf-pid----6671----pid-6671
---ebpf-pid----2088----pid-1
---ebpf-pid----373029----pid-1
---ebpf-pid----6671----pid-5476
---ebpf-pid----2088----pid-2088
---ebpf-pid----373029----pid-373029
---ebpf-pid----6671----pid-1
---ebpf-pid----2088----pid-1
---ebpf-pid----373029----pid-5476
---ebpf-pid----373029----pid-1
---ebpf-pid----373029----pid-373029
---ebpf-pid----2088----pid-2088
---ebpf-pid----373029----pid-5476
---ebpf-pid----373029----pid-1
---ebpf-pid----2088----pid-1
---ebpf-pid----373029----pid-373029
---ebpf-pid----2088----pid-2088
---ebpf-pid----2088----pid-1
---ebpf-pid----2088----pid-2088
---ebpf-pid----373029----pid-5476
---ebpf-pid----2088----pid-1
---ebpf-pid----2088----pid-2088
---ebpf-pid----372714----pid-372714
---ebpf-pid----2088----pid-1
---ebpf-pid----2088----pid-2088
---ebpf-pid----373029----pid-1
---ebpf-pid----2088----pid-1
---ebpf-pid----373029----pid-373029
---ebpf-pid----2088----pid-2088
---ebpf-pid----373029----pid-5476
---ebpf-pid----2088----pid-1
---ebpf-pid----2088----pid-2088
---ebpf-pid----373029----pid-1
---ebpf-pid----373029----pid-373029
---ebpf-pid----2088----pid-1
---ebpf-pid----2088----pid-2088
---ebpf-pid----373029----pid-5476
---ebpf-pid----2088----pid-1
---ebpf-pid----373029----pid-1
---ebpf-pid----2088----pid-2088
---ebpf-pid----373029----pid-373029
---ebpf-pid----373029----pid-5476
---ebpf-pid----2088----pid-1
---ebpf-pid----2088----pid-2088
---ebpf-pid----373029----pid-1
---ebpf-pid----373029----pid-373029
---ebpf-pid----2088----pid-1
---ebpf-pid----2088----pid-2088
---ebpf-pid----2088----pid-1
---ebpf-pid----373029----pid-5476
---ebpf-pid----2088----pid-2088
---ebpf-pid----373029----pid-1
---ebpf-pid----373029----pid-373029
---ebpf-pid----2088----pid-1
---ebpf-pid----373029----pid-5476
---ebpf-pid----2088----pid-2088
---ebpf-pid----2088----pid-1
---ebpf-pid----373029----pid-1
---ebpf-pid----2088----pid-2088
---ebpf-pid----373029----pid-373029
---ebpf-pid----373029----pid-5476
---ebpf-pid----2088----pid-1
---ebpf-pid----2088----pid-2088
---ebpf-pid----373029----pid-1
---ebpf-pid----372714----pid-372714
---ebpf-pid----2088----pid-1
---ebpf-pid----2088----pid-2088
---ebpf-pid----372714----pid-5476
---ebpf-pid----2088----pid-1
---ebpf-pid----372714----pid-1
---ebpf-pid----2088----pid-2088
---ebpf-pid----372714----pid-372714
---ebpf-pid----2088----pid-1
---ebpf-pid----372714----pid-5476
---ebpf-pid----2088----pid-2088
---ebpf-pid----372714----pid-1
---ebpf-pid----373029----pid-373029
---ebpf-pid----373029----pid-5476
---ebpf-pid----2088----pid-1
---ebpf-pid----2088----pid-2088
---ebpf-pid----373029----pid-1
---ebpf-pid----372714----pid-372714
---ebpf-pid----2088----pid-1
---ebpf-pid----2088----pid-2088
---ebpf-pid----372714----pid-5476
---ebpf-pid----372714----pid-1
---ebpf-pid----2088----pid-1
---ebpf-pid----372714----pid-372714
---ebpf-pid----2088----pid-2088
---ebpf-pid----372714----pid-5476
---ebpf-pid----2088----pid-1
---ebpf-pid----2088----pid-2088
---ebpf-pid----372714----pid-1
---ebpf-pid----373029----pid-373029
---ebpf-pid----2088----pid-1
---ebpf-pid----2088----pid-2088
---ebpf-pid----373029----pid-5476
---ebpf-pid----372714----pid-5476
---ebpf-pid----2088----pid-1
---ebpf-pid----373029----pid-1
---ebpf-pid----372714----pid-1
---ebpf-pid----2088----pid-2088
---ebpf-pid----373029----pid-373029
---ebpf-pid----372714----pid-372714
---ebpf-pid----2088----pid-1
---ebpf-pid----373029----pid-5476
---ebpf-pid----372714----pid-5476
---ebpf-pid----2088----pid-2088
---ebpf-pid----373029----pid-1
---ebpf-pid----372714----pid-1
---ebpf-pid----2088----pid-1
---ebpf-pid----373029----pid-373029
---ebpf-pid----2088----pid-2088
---ebpf-pid----6671----pid-6671
---ebpf-pid----373029----pid-5476
---ebpf-pid----2088----pid-1
---ebpf-pid----6671----pid-5476
---ebpf-pid----2088----pid-2088
---ebpf-pid----373029----pid-1
---ebpf-pid----6671----pid-1
---ebpf-pid----2088----pid-1
---ebpf-pid----372714----pid-372714
---ebpf-pid----2088----pid-2088
---ebpf-pid----2088----pid-2088
---ebpf-pid----372714----pid-5476
---ebpf-pid----2088----pid-1
---ebpf-pid----2088----pid-1
---ebpf-pid----2088----pid-2088
---ebpf-pid----2088----pid-2088
---ebpf-pid----372714----pid-1
---ebpf-pid----372714----pid-372714
---ebpf-pid----2088----pid-1
---ebpf-pid----2088----pid-1
---ebpf-pid----2088----pid-2088
---ebpf-pid----2088----pid-2088
---ebpf-pid----372714----pid-5476
---ebpf-pid----2088----pid-1
---ebpf-pid----2088----pid-1
---ebpf-pid----372714----pid-1
---ebpf-pid----2088----pid-2088
---ebpf-pid----2088----pid-2088
---ebpf-pid----372714----pid-372714
---ebpf-pid----372714----pid-5476
---ebpf-pid----2088----pid-1
---ebpf-pid----2088----pid-1
---ebpf-pid----2089----pid-2089
---ebpf-pid----2088----pid-2088
---ebpf-pid----2089----pid-1
---ebpf-pid----2088----pid-1
---ebpf-pid----2089----pid-2089
---ebpf-pid----2088----pid-2088
---ebpf-pid----372714----pid-1
---ebpf-pid----2089----pid-1
---ebpf-pid----448785----pid-448785
---ebpf-pid----2088----pid-1
---ebpf-pid----2088----pid-2088
---ebpf-pid----448785----pid-448520
---ebpf-pid----2089----pid-2089
---ebpf-pid----2089----pid-1
---ebpf-pid----2089----pid-2089
---ebpf-pid----2089----pid-1
---ebpf-pid----2089----pid-2089
---ebpf-pid----2089----pid-1
---ebpf-pid----2089----pid-2089
---ebpf-pid----2089----pid-1
---ebpf-pid----2089----pid-2089
---ebpf-pid----2089----pid-1
---ebpf-pid----2089----pid-2089
---ebpf-pid----2089----pid-1
---ebpf-pid----2089----pid-2089
---ebpf-pid----2089----pid-1
---ebpf-pid----2089----pid-2089
---ebpf-pid----2089----pid-1
---ebpf-pid----2089----pid-2089
---ebpf-pid----2089----pid-1
---ebpf-pid----2089----pid-2089
---ebpf-pid----2089----pid-1
---ebpf-pid----2089----pid-2089
---ebpf-pid----2089----pid-1
---ebpf-pid----2089----pid-2089
---ebpf-pid----2089----pid-1
---ebpf-pid----448785----pid-1
---ebpf-pid----372714----pid-372714
---ebpf-pid----372714----pid-5476
---ebpf-pid----372714----pid-1
---ebpf-pid----372714----pid-372714
---ebpf-pid----2088----pid-1
---ebpf-pid----372714----pid-5476
---ebpf-pid----2088----pid-2088
---ebpf-pid----372714----pid-1
---ebpf-pid----372714----pid-372714
---ebpf-pid----2088----pid-1
---ebpf-pid----372714----pid-5476
---ebpf-pid----2088----pid-2088
---ebpf-pid----372714----pid-1
---ebpf-pid----379067----pid-379067
---ebpf-pid----2088----pid-1
---ebpf-pid----2088----pid-2088
---ebpf-pid----379067----pid-5476
---ebpf-pid----2088----pid-1
---ebpf-pid----379067----pid-1
---ebpf-pid----2088----pid-2088
---ebpf-pid----379067----pid-379067
---ebpf-pid----2088----pid-1
---ebpf-pid----379067----pid-5476
---ebpf-pid----2088----pid-2088
---ebpf-pid----379067----pid-1
---ebpf-pid----379067----pid-379067
---ebpf-pid----2088----pid-1
---ebpf-pid----2088----pid-2088
---ebpf-pid----379067----pid-5476
---ebpf-pid----379067----pid-1
---ebpf-pid----2088----pid-1
---ebpf-pid----2088----pid-2088
---ebpf-pid----2088----pid-1
---ebpf-pid----2088----pid-2088
---ebpf-pid----2088----pid-1
---ebpf-pid----2012----pid-2012
---ebpf-pid----2089----pid-2089
---ebpf-pid----2089----pid-1
---ebpf-pid----2089----pid-2089
---ebpf-pid----2089----pid-1
---ebpf-pid----2089----pid-2089
---ebpf-pid----2089----pid-1
---ebpf-pid----2089----pid-2089
---ebpf-pid----2012----pid-1
---ebpf-pid----2012----pid-2012
---ebpf-pid----2089----pid-1
---ebpf-pid----2089----pid-2089
---ebpf-pid----6671----pid-6671
---ebpf-pid----2012----pid-1
---ebpf-pid----2089----pid-1
---ebpf-pid----2088----pid-2088
---ebpf-pid----2089----pid-2089
---ebpf-pid----6671----pid-5476
---ebpf-pid----2088----pid-1
---ebpf-pid----2089----pid-1
---ebpf-pid----2088----pid-2088
---ebpf-pid----6671----pid-1
---ebpf-pid----448784----pid-448784
---ebpf-pid----2089----pid-2089
---ebpf-pid----448784----pid-448520
---ebpf-pid----2088----pid-1
---ebpf-pid----2089----pid-1
---ebpf-pid----2088----pid-2088
---ebpf-pid----2089----pid-2089
---ebpf-pid----448784----pid-1
---ebpf-pid----2012----pid-2012
---ebpf-pid----2088----pid-1
---ebpf-pid----2089----pid-1
---ebpf-pid----2088----pid-2088
---ebpf-pid----2089----pid-2089
---ebpf-pid----2012----pid-1
---ebpf-pid----2012----pid-2012
---ebpf-pid----2089----pid-1
---ebpf-pid----2088----pid-1
---ebpf-pid----2089----pid-2089
---ebpf-pid----2012----pid-1
---ebpf-pid----2012----pid-2012
---ebpf-pid----2089----pid-1
---ebpf-pid----2089----pid-2089
---ebpf-pid----2012----pid-1
---ebpf-pid----2012----pid-2012
---ebpf-pid----2089----pid-1
---ebpf-pid----2012----pid-2012
---ebpf-pid----2012----pid-1
---ebpf-pid----2012----pid-2012
---ebpf-pid----2012----pid-1
---ebpf-pid----2012----pid-1
---ebpf-pid----2012----pid-2012
---ebpf-pid----2012----pid-2012
---ebpf-pid----2088----pid-2088
---ebpf-pid----2012----pid-1
---ebpf-pid----2012----pid-1
---ebpf-pid----2012----pid-2012
---ebpf-pid----2012----pid-2012
---ebpf-pid----2088----pid-1
---ebpf-pid----2012----pid-1
---ebpf-pid----2012----pid-1
---ebpf-pid----2012----pid-2012
---ebpf-pid----2012----pid-2012
---ebpf-pid----2088----pid-2088
---ebpf-pid----2012----pid-1
---ebpf-pid----2012----pid-1
---ebpf-pid----5705----pid-5705
---ebpf-pid----2088----pid-1
---ebpf-pid----2012----pid-2012
---ebpf-pid----2088----pid-2088
---ebpf-pid----5705----pid-5476
---ebpf-pid----2012----pid-1
---ebpf-pid----2012----pid-2012
---ebpf-pid----2088----pid-1
---ebpf-pid----5705----pid-1
---ebpf-pid----2012----pid-2012
---ebpf-pid----2088----pid-2088
---ebpf-pid----2012----pid-1
---ebpf-pid----2012----pid-2012
---ebpf-pid----2012----pid-1
---ebpf-pid----2088----pid-1
---ebpf-pid----2012----pid-2012
---ebpf-pid----2088----pid-2088
---ebpf-pid----2012----pid-1
---ebpf-pid----2012----pid-2012
---ebpf-pid----2012----pid-1
---ebpf-pid----2088----pid-1
---ebpf-pid----2012----pid-2012
---ebpf-pid----2088----pid-2088
---ebpf-pid----2012----pid-1
---ebpf-pid----5705----pid-5705
---ebpf-pid----2088----pid-1
---ebpf-pid----2012----pid-1
---ebpf-pid----5705----pid-5476
---ebpf-pid----2088----pid-2088
---ebpf-pid----2012----pid-2012
---ebpf-pid----5705----pid-1
---ebpf-pid----2012----pid-1
---ebpf-pid----2088----pid-1
---ebpf-pid----5705----pid-5705
---ebpf-pid----372881----pid-372881
---ebpf-pid----2088----pid-2088
---ebpf-pid----372881----pid-1
---ebpf-pid----5705----pid-5476
---ebpf-pid----372881----pid-372881
---ebpf-pid----2088----pid-1
---ebpf-pid----2088----pid-2088
---ebpf-pid----5705----pid-1
---ebpf-pid----372881----pid-1
---ebpf-pid----5705----pid-5705
---ebpf-pid----372881----pid-372881
---ebpf-pid----2088----pid-1
---ebpf-pid----2088----pid-2088
---ebpf-pid----5705----pid-5476
---ebpf-pid----372881----pid-1
---ebpf-pid----372881----pid-372881
---ebpf-pid----2088----pid-1
---ebpf-pid----5705----pid-1
---ebpf-pid----2088----pid-2088
---ebpf-pid----5705----pid-5705
---ebpf-pid----372881----pid-1
---ebpf-pid----379067----pid-379067
---ebpf-pid----2088----pid-1
---ebpf-pid----5705----pid-5476
---ebpf-pid----2088----pid-2088
---ebpf-pid----379067----pid-5476
---ebpf-pid----5705----pid-1
---ebpf-pid----5705----pid-5705
---ebpf-pid----2088----pid-1
---ebpf-pid----2088----pid-2088
---ebpf-pid----379067----pid-1
---ebpf-pid----379067----pid-379067
---ebpf-pid----2088----pid-1
---ebpf-pid----2088----pid-2088
---ebpf-pid----5705----pid-5476
---ebpf-pid----379067----pid-5476
---ebpf-pid----2088----pid-1
---ebpf-pid----5705----pid-1
---ebpf-pid----379067----pid-1
---ebpf-pid----2088----pid-2088
---ebpf-pid----5705----pid-5705
---ebpf-pid----379067----pid-379067
---ebpf-pid----2088----pid-1
---ebpf-pid----5705----pid-5476
---ebpf-pid----379067----pid-5476
---ebpf-pid----2088----pid-2088
---ebpf-pid----5705----pid-1
---ebpf-pid----379067----pid-1
---ebpf-pid----2088----pid-1
---ebpf-pid----5705----pid-5705
---ebpf-pid----2088----pid-2088
---ebpf-pid----5705----pid-5705
---ebpf-pid----5705----pid-5476
---ebpf-pid----2088----pid-1
---ebpf-pid----2088----pid-2088
---ebpf-pid----5705----pid-1
---ebpf-pid----5705----pid-5476
---ebpf-pid----5705----pid-5705
---ebpf-pid----2088----pid-1
---ebpf-pid----5705----pid-1
---ebpf-pid----2088----pid-2088
---ebpf-pid----5705----pid-5476
---ebpf-pid----5705----pid-5705
---ebpf-pid----5705----pid-5476
---ebpf-pid----5705----pid-1
---ebpf-pid----5705----pid-1
---ebpf-pid----5705----pid-5705
---ebpf-pid----379067----pid-379067
---ebpf-pid----5705----pid-5476
---ebpf-pid----5705----pid-1
---ebpf-pid----379067----pid-5476
---ebpf-pid----5705----pid-5705
---ebpf-pid----379067----pid-1
---ebpf-pid----372881----pid-372881
---ebpf-pid----5705----pid-5476
---ebpf-pid----5705----pid-1
---ebpf-pid----372881----pid-1
---ebpf-pid----2012----pid-2012
---ebpf-pid----372881----pid-372881
---ebpf-pid----2012----pid-1
---ebpf-pid----372881----pid-1
---ebpf-pid----2012----pid-2012
---ebpf-pid----372881----pid-372881
---ebpf-pid----2012----pid-1
---ebpf-pid----372881----pid-1
---ebpf-pid----2012----pid-2012
---ebpf-pid----372881----pid-372881
---ebpf-pid----2012----pid-1
---ebpf-pid----2012----pid-2012
---ebpf-pid----372881----pid-1
---ebpf-pid----2088----pid-1
---ebpf-pid----372881----pid-372881
---ebpf-pid----2088----pid-2088
---ebpf-pid----2012----pid-1
---ebpf-pid----2012----pid-2012
---ebpf-pid----372881----pid-1
---ebpf-pid----2088----pid-1
---ebpf-pid----372881----pid-372881
---ebpf-pid----2088----pid-2088
---ebpf-pid----2012----pid-1
---ebpf-pid----372881----pid-1
---ebpf-pid----2012----pid-2012
---ebpf-pid----372881----pid-372881
---ebpf-pid----2088----pid-1
---ebpf-pid----2088----pid-2088
---ebpf-pid----2012----pid-1
---ebpf-pid----372881----pid-1
---ebpf-pid----2012----pid-2012
---ebpf-pid----372881----pid-372881
---ebpf-pid----2088----pid-1
---ebpf-pid----2094----pid-2094
---ebpf-pid----2012----pid-1
---ebpf-pid----372881----pid-1
---ebpf-pid----2012----pid-2012
---ebpf-pid----372881----pid-372881
---ebpf-pid----2094----pid-1
---ebpf-pid----2012----pid-1
---ebpf-pid----2094----pid-2094
---ebpf-pid----372881----pid-1
---ebpf-pid----2012----pid-2012
---ebpf-pid----372881----pid-372881
---ebpf-pid----2094----pid-1
---ebpf-pid----2012----pid-1
---ebpf-pid----2094----pid-2094
---ebpf-pid----372881----pid-1
---ebpf-pid----2088----pid-2088
---ebpf-pid----372881----pid-372881
---ebpf-pid----2094----pid-1
---ebpf-pid----2088----pid-1
---ebpf-pid----372881----pid-1
---ebpf-pid----2094----pid-2094
---ebpf-pid----2088----pid-2088
---ebpf-pid----372881----pid-372881
---ebpf-pid----2094----pid-1
---ebpf-pid----2088----pid-1
---ebpf-pid----372881----pid-1
---ebpf-pid----2094----pid-2094
---ebpf-pid----2088----pid-2088
---ebpf-pid----372881----pid-372881
---ebpf-pid----2094----pid-1
---ebpf-pid----2088----pid-1
---ebpf-pid----372881----pid-1
---ebpf-pid----2094----pid-2094
---ebpf-pid----372881----pid-372881
---ebpf-pid----2088----pid-2088
---ebpf-pid----2094----pid-1
---ebpf-pid----372881----pid-1
---ebpf-pid----2088----pid-1
---ebpf-pid----2094----pid-2094
---ebpf-pid----372881----pid-372881
---ebpf-pid----373029----pid-373029
---ebpf-pid----372881----pid-1
---ebpf-pid----373029----pid-5476
---ebpf-pid----372881----pid-372881
---ebpf-pid----373029----pid-1
---ebpf-pid----372881----pid-1
---ebpf-pid----373029----pid-373029
---ebpf-pid----372881----pid-372881
---ebpf-pid----373029----pid-5476
---ebpf-pid----372881----pid-1
---ebpf-pid----372881----pid-372881
---ebpf-pid----373029----pid-1
---ebpf-pid----2094----pid-1
---ebpf-pid----372881----pid-1
---ebpf-pid----372881----pid-372881
---ebpf-pid----2094----pid-2094
---ebpf-pid----373029----pid-373029
---ebpf-pid----372881----pid-1
---ebpf-pid----373029----pid-5476
---ebpf-pid----373029----pid-1
---ebpf-pid----5614----pid-5614
---ebpf-pid----5614----pid-1
---ebpf-pid----372881----pid-372881
---ebpf-pid----2088----pid-2088
---ebpf-pid----2088----pid-1
---ebpf-pid----2088----pid-2088
---ebpf-pid----2088----pid-1
---ebpf-pid----372881----pid-372881
---ebpf-pid----2094----pid-1
---ebpf-pid----372881----pid-1
---ebpf-pid----372881----pid-372881
---ebpf-pid----372881----pid-1
---ebpf-pid----372881----pid-372881
---ebpf-pid----372881----pid-1
---ebpf-pid----372881----pid-372881
---ebpf-pid----372881----pid-1
---ebpf-pid----372881----pid-372881
---ebpf-pid----2094----pid-2094
---ebpf-pid----372881----pid-1
---ebpf-pid----372881----pid-372881
---ebpf-pid----2094----pid-1
---ebpf-pid----372881----pid-1
---ebpf-pid----2094----pid-2094
---ebpf-pid----372881----pid-372881
---ebpf-pid----2094----pid-1
---ebpf-pid----372881----pid-1
---ebpf-pid----2094----pid-2094
---ebpf-pid----372881----pid-372881
---ebpf-pid----2094----pid-1
---ebpf-pid----372881----pid-1
---ebpf-pid----2094----pid-2094
---ebpf-pid----372881----pid-372881
---ebpf-pid----2094----pid-1
---ebpf-pid----372881----pid-1
---ebpf-pid----2094----pid-2094
---ebpf-pid----372881----pid-372881
---ebpf-pid----2094----pid-1
---ebpf-pid----372881----pid-1
---ebpf-pid----2094----pid-2094
---ebpf-pid----379067----pid-379067
---ebpf-pid----2094----pid-1
---ebpf-pid----2094----pid-2094
---ebpf-pid----2094----pid-1
---ebpf-pid----2094----pid-2094
---ebpf-pid----2094----pid-1
---ebpf-pid----2094----pid-2094
---ebpf-pid----2094----pid-1
---ebpf-pid----2094----pid-2094
---ebpf-pid----2094----pid-1
---ebpf-pid----2094----pid-2094
---ebpf-pid----2094----pid-1
---ebpf-pid----2088----pid-2088
---ebpf-pid----2088----pid-1
---ebpf-pid----2088----pid-2088
---ebpf-pid----372881----pid-1
---ebpf-pid----2088----pid-1
---ebpf-pid----2088----pid-2088
---ebpf-pid----372881----pid-372881
---ebpf-pid----2088----pid-1
---ebpf-pid----372881----pid-1
---ebpf-pid----372881----pid-372881
---ebpf-pid----372881----pid-1
---ebpf-pid----2088----pid-2088
---ebpf-pid----372881----pid-372881
---ebpf-pid----2088----pid-1
---ebpf-pid----372881----pid-1
---ebpf-pid----2088----pid-2088
---ebpf-pid----372881----pid-372881
---ebpf-pid----2088----pid-1
---ebpf-pid----372881----pid-1
---ebpf-pid----2088----pid-2088
---ebpf-pid----373029----pid-373029
---ebpf-pid----2088----pid-1
---ebpf-pid----373029----pid-5476
---ebpf-pid----2088----pid-2088
---ebpf-pid----373029----pid-1
---ebpf-pid----373029----pid-373029
---ebpf-pid----2088----pid-1
---ebpf-pid----2088----pid-2088
---ebpf-pid----373029----pid-5476
---ebpf-pid----2088----pid-1
---ebpf-pid----373029----pid-1
---ebpf-pid----2089----pid-2089
---ebpf-pid----373029----pid-373029
---ebpf-pid----2089----pid-1
---ebpf-pid----373029----pid-5476
---ebpf-pid----2089----pid-2089
---ebpf-pid----2089----pid-1
---ebpf-pid----373029----pid-1
---ebpf-pid----373029----pid-373029
---ebpf-pid----2089----pid-2089
---ebpf-pid----373029----pid-5476
---ebpf-pid----2089----pid-1
---ebpf-pid----373029----pid-1
---ebpf-pid----373029----pid-373029
---ebpf-pid----2089----pid-2089
---ebpf-pid----2089----pid-1
---ebpf-pid----373029----pid-5476
---ebpf-pid----5705----pid-5705
---ebpf-pid----373029----pid-1
---ebpf-pid----373029----pid-373029
---ebpf-pid----5705----pid-5476
---ebpf-pid----373029----pid-5476
---ebpf-pid----5705----pid-1
---ebpf-pid----5705----pid-5705
---ebpf-pid----373029----pid-1
---ebpf-pid----373029----pid-373029
---ebpf-pid----5705----pid-5476
---ebpf-pid----373029----pid-5476
---ebpf-pid----5705----pid-1
---ebpf-pid----5705----pid-5705
---ebpf-pid----373029----pid-1
---ebpf-pid----373029----pid-373029
---ebpf-pid----5705----pid-5476
---ebpf-pid----373029----pid-5476
---ebpf-pid----5705----pid-1
---ebpf-pid----5705----pid-5705
---ebpf-pid----373029----pid-1
---ebpf-pid----373029----pid-373029
---ebpf-pid----5705----pid-5476
---ebpf-pid----373029----pid-5476
---ebpf-pid----5705----pid-1
---ebpf-pid----5705----pid-5705
---ebpf-pid----373029----pid-1
---ebpf-pid----373029----pid-373029
---ebpf-pid----5705----pid-5476
---ebpf-pid----373029----pid-5476
---ebpf-pid----5705----pid-1
---ebpf-pid----5705----pid-5705
---ebpf-pid----5705----pid-5476
---ebpf-pid----5705----pid-1
---ebpf-pid----5705----pid-5705
---ebpf-pid----5705----pid-5476
---ebpf-pid----5705----pid-1
---ebpf-pid----5705----pid-5705
---ebpf-pid----5705----pid-5476
---ebpf-pid----5705----pid-1
---ebpf-pid----5705----pid-5705
---ebpf-pid----5705----pid-5476
---ebpf-pid----5705----pid-1
---ebpf-pid----5705----pid-5705
---ebpf-pid----5705----pid-5476
---ebpf-pid----5705----pid-1
---ebpf-pid----5705----pid-5705
---ebpf-pid----5705----pid-5476
---ebpf-pid----5705----pid-1
---ebpf-pid----379067----pid-5476
---ebpf-pid----5705----pid-5705
---ebpf-pid----5705----pid-5476
---ebpf-pid----5705----pid-1
---ebpf-pid----5705----pid-5705
---ebpf-pid----5705----pid-5476
---ebpf-pid----5705----pid-1
---ebpf-pid----5705----pid-5705
---ebpf-pid----5705----pid-5476
---ebpf-pid----5705----pid-1
---ebpf-pid----5705----pid-5705
---ebpf-pid----379067----pid-1
---ebpf-pid----379067----pid-379067
---ebpf-pid----5705----pid-5476
---ebpf-pid----5705----pid-1
---ebpf-pid----379067----pid-5476
---ebpf-pid----5705----pid-5705
---ebpf-pid----379067----pid-1
---ebpf-pid----379067----pid-379067
---ebpf-pid----5705----pid-5476
---ebpf-pid----379067----pid-5476
---ebpf-pid----5705----pid-1
---ebpf-pid----5705----pid-5705
---ebpf-pid----379067----pid-1
---ebpf-pid----448785----pid-448785
---ebpf-pid----448785----pid-448520
---ebpf-pid----5705----pid-5476
---ebpf-pid----448785----pid-1
---ebpf-pid----5705----pid-1
---ebpf-pid----448785----pid-448785
---ebpf-pid----5705----pid-5705
---ebpf-pid----448785----pid-448520
---ebpf-pid----5705----pid-5476
---ebpf-pid----448785----pid-1
---ebpf-pid----5705----pid-1
---ebpf-pid----379067----pid-379067
---ebpf-pid----5705----pid-5705
---ebpf-pid----379067----pid-5476
---ebpf-pid----5705----pid-5476
---ebpf-pid----379067----pid-1
---ebpf-pid----379067----pid-379067
---ebpf-pid----5705----pid-1
---ebpf-pid----5705----pid-5705
---ebpf-pid----379067----pid-5476
---ebpf-pid----379067----pid-1
---ebpf-pid----5705----pid-5476
---ebpf-pid----379067----pid-379067
---ebpf-pid----5705----pid-1
---ebpf-pid----379067----pid-5476
---ebpf-pid----5705----pid-5705
---ebpf-pid----5705----pid-5476
---ebpf-pid----379067----pid-1
---ebpf-pid----379067----pid-379067
---ebpf-pid----5705----pid-1
---ebpf-pid----379067----pid-5476
---ebpf-pid----5705----pid-5705
---ebpf-pid----379067----pid-1
---ebpf-pid----5705----pid-5476
---ebpf-pid----5705----pid-1
---ebpf-pid----5705----pid-5705
---ebpf-pid----373029----pid-1
---ebpf-pid----448785----pid-448785
---ebpf-pid----5705----pid-5476
---ebpf-pid----373029----pid-373029
---ebpf-pid----448785----pid-448520
---ebpf-pid----5705----pid-1
---ebpf-pid----448785----pid-1
---ebpf-pid----5705----pid-5705
---ebpf-pid----5705----pid-5476
---ebpf-pid----373029----pid-5476
---ebpf-pid----5705----pid-1
---ebpf-pid----5705----pid-5705
---ebpf-pid----448785----pid-448785
---ebpf-pid----5705----pid-5476
---ebpf-pid----448785----pid-448520
---ebpf-pid----5705----pid-1
---ebpf-pid----372881----pid-372881
---ebpf-pid----448785----pid-1
---ebpf-pid----448546----pid-448546
---ebpf-pid----372881----pid-1
---ebpf-pid----372881----pid-372881
---ebpf-pid----448546----pid-1
---ebpf-pid----448546----pid-448546
---ebpf-pid----372881----pid-1
---ebpf-pid----372881----pid-372881
---ebpf-pid----448546----pid-1
---ebpf-pid----379067----pid-379067
---ebpf-pid----379067----pid-5476
---ebpf-pid----379067----pid-1
---ebpf-pid----372881----pid-1
---ebpf-pid----379067----pid-379067
---ebpf-pid----372881----pid-372881
---ebpf-pid----379067----pid-5476
---ebpf-pid----379067----pid-1
---ebpf-pid----372881----pid-1
---ebpf-pid----379067----pid-379067
---ebpf-pid----372881----pid-372881
---ebpf-pid----379067----pid-5476
---ebpf-pid----372881----pid-1
---ebpf-pid----379067----pid-1
---ebpf-pid----372881----pid-372881
---ebpf-pid----448785----pid-448785
---ebpf-pid----372881----pid-1
---ebpf-pid----448785----pid-448520
---ebpf-pid----372881----pid-372881
---ebpf-pid----448785----pid-1
---ebpf-pid----372881----pid-1
---ebpf-pid----448785----pid-448785
---ebpf-pid----372881----pid-372881
---ebpf-pid----448785----pid-448520
---ebpf-pid----448785----pid-1
---ebpf-pid----372881----pid-1
---ebpf-pid----448785----pid-448785
---ebpf-pid----372881----pid-372881
---ebpf-pid----448785----pid-448520
---ebpf-pid----372881----pid-1
---ebpf-pid----372881----pid-372881
---ebpf-pid----448785----pid-1
---ebpf-pid----448785----pid-448785
---ebpf-pid----372881----pid-1
---ebpf-pid----372881----pid-372881
---ebpf-pid----448785----pid-448520
---ebpf-pid----372881----pid-1
---ebpf-pid----448785----pid-1
---ebpf-pid----448785----pid-448785
---ebpf-pid----372881----pid-372881
---ebpf-pid----448785----pid-448520
---ebpf-pid----372881----pid-1
---ebpf-pid----372881----pid-372881
---ebpf-pid----448785----pid-1
---ebpf-pid----448785----pid-448785
---ebpf-pid----372881----pid-1
---ebpf-pid----372881----pid-372881
---ebpf-pid----448785----pid-448520
---ebpf-pid----372881----pid-1
---ebpf-pid----372881----pid-372881
---ebpf-pid----448785----pid-1
---ebpf-pid----5637----pid-5637
---ebpf-pid----372881----pid-1
---ebpf-pid----372881----pid-372881
---ebpf-pid----5637----pid-1
---ebpf-pid----448785----pid-448785
---ebpf-pid----372881----pid-1
---ebpf-pid----372881----pid-372881
---ebpf-pid----448785----pid-448520
---ebpf-pid----372881----pid-1
---ebpf-pid----372881----pid-372881
---ebpf-pid----372881----pid-1
---ebpf-pid----372881----pid-372881
---ebpf-pid----373029----pid-1
---ebpf-pid----372881----pid-1
---ebpf-pid----373029----pid-373029
---ebpf-pid----372881----pid-372881
---ebpf-pid----373029----pid-5476
---ebpf-pid----372881----pid-1
---ebpf-pid----372881----pid-372881
---ebpf-pid----373029----pid-1
---ebpf-pid----373029----pid-373029
---ebpf-pid----372881----pid-1
---ebpf-pid----372881----pid-372881
---ebpf-pid----373029----pid-5476
---ebpf-pid----372881----pid-1
---ebpf-pid----372881----pid-372881
---ebpf-pid----373029----pid-1
---ebpf-pid----373029----pid-373029
---ebpf-pid----372881----pid-1
---ebpf-pid----372881----pid-372881
---ebpf-pid----373029----pid-5476
---ebpf-pid----373029----pid-1
---ebpf-pid----373029----pid-373029
---ebpf-pid----372881----pid-1
---ebpf-pid----372881----pid-372881
---ebpf-pid----373029----pid-5476
---ebpf-pid----372881----pid-1
---ebpf-pid----372881----pid-372881
---ebpf-pid----373029----pid-1
---ebpf-pid----373029----pid-373029
---ebpf-pid----372881----pid-1
---ebpf-pid----372881----pid-372881
---ebpf-pid----373029----pid-5476
---ebpf-pid----372881----pid-1
---ebpf-pid----373029----pid-1
---ebpf-pid----372881----pid-372881
---ebpf-pid----373029----pid-373029
---ebpf-pid----372881----pid-1
---ebpf-pid----373029----pid-5476
---ebpf-pid----6671----pid-6671
---ebpf-pid----373029----pid-1
---ebpf-pid----6671----pid-5476
---ebpf-pid----373029----pid-373029
---ebpf-pid----6671----pid-1
---ebpf-pid----373029----pid-5476
---ebpf-pid----6671----pid-6671
---ebpf-pid----373029----pid-1
---ebpf-pid----373029----pid-373029
---ebpf-pid----6671----pid-5476
---ebpf-pid----373029----pid-5476
---ebpf-pid----373029----pid-1
---ebpf-pid----6671----pid-1
---ebpf-pid----373029----pid-373029
---ebpf-pid----6671----pid-6671
---ebpf-pid----373029----pid-5476
---ebpf-pid----6671----pid-5476
---ebpf-pid----373029----pid-1
---ebpf-pid----6671----pid-1
---ebpf-pid----373029----pid-373029
---ebpf-pid----6671----pid-6671
---ebpf-pid----373029----pid-5476
---ebpf-pid----6671----pid-5476
---ebpf-pid----373029----pid-1
---ebpf-pid----6671----pid-1
---ebpf-pid----6671----pid-6671
---ebpf-pid----373029----pid-373029
---ebpf-pid----448785----pid-1
---ebpf-pid----448785----pid-448785
---ebpf-pid----373029----pid-5476
---ebpf-pid----6671----pid-5476
---ebpf-pid----373029----pid-1
---ebpf-pid----448785----pid-448520
---ebpf-pid----6671----pid-1
---ebpf-pid----373029----pid-373029
---ebpf-pid----6671----pid-6671
---ebpf-pid----448785----pid-1
---ebpf-pid----373029----pid-5476
---ebpf-pid----6671----pid-5476
---ebpf-pid----448785----pid-448785
---ebpf-pid----6671----pid-1
---ebpf-pid----373029----pid-1
---ebpf-pid----448785----pid-448520
---ebpf-pid----373029----pid-373029
---ebpf-pid----6671----pid-6671
---ebpf-pid----448785----pid-1
---ebpf-pid----373029----pid-5476
---ebpf-pid----6671----pid-5476
---ebpf-pid----448546----pid-448546
---ebpf-pid----373029----pid-1
---ebpf-pid----373029----pid-373029
---ebpf-pid----448546----pid-1
---ebpf-pid----448546----pid-448546
---ebpf-pid----373029----pid-5476
---ebpf-pid----6671----pid-1
---ebpf-pid----6671----pid-6671
---ebpf-pid----448546----pid-1
---ebpf-pid----373029----pid-1
---ebpf-pid----6671----pid-6671
---ebpf-pid----373029----pid-373029
---ebpf-pid----6671----pid-5476
---ebpf-pid----6671----pid-5476
---ebpf-pid----6671----pid-1
---ebpf-pid----373029----pid-5476
---ebpf-pid----373029----pid-373029
---ebpf-pid----6671----pid-1
---ebpf-pid----373029----pid-1
---ebpf-pid----373029----pid-373029
---ebpf-pid----6671----pid-6671
---ebpf-pid----373029----pid-5476
---ebpf-pid----373029----pid-5476
---ebpf-pid----6671----pid-5476
---ebpf-pid----373029----pid-1
---ebpf-pid----373029----pid-373029
---ebpf-pid----6671----pid-1
---ebpf-pid----448546----pid-448546
---ebpf-pid----373029----pid-1
---ebpf-pid----373029----pid-5476
---ebpf-pid----448546----pid-1
---ebpf-pid----373029----pid-373029
---ebpf-pid----448785----pid-448785
---ebpf-pid----373029----pid-5476
---ebpf-pid----373029----pid-1
---ebpf-pid----373029----pid-373029
---ebpf-pid----448785----pid-448520
---ebpf-pid----373029----pid-1
---ebpf-pid----373029----pid-373029
---ebpf-pid----373029----pid-5476
---ebpf-pid----448785----pid-1
---ebpf-pid----2094----pid-2094
---ebpf-pid----373029----pid-1
---ebpf-pid----373029----pid-373029
---ebpf-pid----373029----pid-5476
---ebpf-pid----2094----pid-1
---ebpf-pid----373029----pid-5476
---ebpf-pid----2094----pid-2094
---ebpf-pid----373029----pid-1
---ebpf-pid----373029----pid-373029
---ebpf-pid----373029----pid-1
---ebpf-pid----2094----pid-1
---ebpf-pid----2094----pid-2094
---ebpf-pid----373029----pid-5476
---ebpf-pid----2094----pid-1
---ebpf-pid----373029----pid-1
---ebpf-pid----373029----pid-373029
---ebpf-pid----373029----pid-373029
---ebpf-pid----2094----pid-2094
---ebpf-pid----373029----pid-5476
---ebpf-pid----373029----pid-5476
---ebpf-pid----2094----pid-1
---ebpf-pid----2094----pid-2094
---ebpf-pid----373029----pid-1
---ebpf-pid----373029----pid-373029
---ebpf-pid----2094----pid-1
---ebpf-pid----373029----pid-1
---ebpf-pid----2094----pid-2094
---ebpf-pid----373029----pid-373029
---ebpf-pid----373029----pid-5476
---ebpf-pid----2094----pid-1
---ebpf-pid----373029----pid-5476
---ebpf-pid----373029----pid-1
---ebpf-pid----2094----pid-2094
---ebpf-pid----373029----pid-373029
---ebpf-pid----373029----pid-1
---ebpf-pid----2094----pid-1
---ebpf-pid----373029----pid-373029
---ebpf-pid----373029----pid-5476
---ebpf-pid----2094----pid-2094
---ebpf-pid----373029----pid-5476
---ebpf-pid----373029----pid-1
---ebpf-pid----2094----pid-1
---ebpf-pid----2088----pid-2088
---ebpf-pid----2094----pid-2094
---ebpf-pid----2088----pid-1
---ebpf-pid----2094----pid-1
---ebpf-pid----2088----pid-2088
---ebpf-pid----2094----pid-2094
---ebpf-pid----2088----pid-1
---ebpf-pid----2094----pid-1
---ebpf-pid----2088----pid-2088
---ebpf-pid----2094----pid-2094
---ebpf-pid----2088----pid-1
---ebpf-pid----2094----pid-1
---ebpf-pid----2088----pid-2088
---ebpf-pid----2094----pid-2094
---ebpf-pid----2088----pid-1
---ebpf-pid----2094----pid-2094
---ebpf-pid----2094----pid-1
---ebpf-pid----2094----pid-2094
---ebpf-pid----373029----pid-1
---ebpf-pid----2094----pid-1
---ebpf-pid----373029----pid-373029
---ebpf-pid----2094----pid-2094
---ebpf-pid----2094----pid-1
---ebpf-pid----2094----pid-2094
---ebpf-pid----373029----pid-5476
---ebpf-pid----2094----pid-1
---ebpf-pid----2094----pid-2094
---ebpf-pid----373029----pid-1
---ebpf-pid----2094----pid-1
---ebpf-pid----373029----pid-373029
---ebpf-pid----2094----pid-2094
---ebpf-pid----2094----pid-1
---ebpf-pid----2094----pid-2094
---ebpf-pid----373029----pid-5476
---ebpf-pid----373029----pid-1
---ebpf-pid----2094----pid-1
---ebpf-pid----373029----pid-373029
---ebpf-pid----2094----pid-2094
---ebpf-pid----373029----pid-5476
---ebpf-pid----2094----pid-1
---ebpf-pid----2094----pid-2094
---ebpf-pid----373029----pid-1
---ebpf-pid----373029----pid-373029
---ebpf-pid----2094----pid-1
---ebpf-pid----2094----pid-2094
---ebpf-pid----373029----pid-5476
---ebpf-pid----2094----pid-1
---ebpf-pid----373029----pid-1
---ebpf-pid----2094----pid-2094
---ebpf-pid----373029----pid-373029
---ebpf-pid----2094----pid-1
---ebpf-pid----373029----pid-5476
---ebpf-pid----2094----pid-2094
---ebpf-pid----2094----pid-1
---ebpf-pid----373029----pid-1
---ebpf-pid----2094----pid-2094
---ebpf-pid----373029----pid-373029
---ebpf-pid----373029----pid-5476
---ebpf-pid----373029----pid-1
---ebpf-pid----373029----pid-373029
---ebpf-pid----2094----pid-1
---ebpf-pid----2094----pid-2094
---ebpf-pid----373029----pid-5476
---ebpf-pid----2094----pid-1
---ebpf-pid----373029----pid-1
---ebpf-pid----2094----pid-2094
---ebpf-pid----373029----pid-373029
---ebpf-pid----2094----pid-1
---ebpf-pid----373029----pid-5476
---ebpf-pid----2094----pid-2094
---ebpf-pid----373029----pid-1
---ebpf-pid----2094----pid-1
---ebpf-pid----373029----pid-373029
---ebpf-pid----2094----pid-2094
---ebpf-pid----373029----pid-5476
---ebpf-pid----2094----pid-1
---ebpf-pid----2094----pid-2094
---ebpf-pid----373029----pid-1
---ebpf-pid----2094----pid-1
---ebpf-pid----373029----pid-373029
---ebpf-pid----2094----pid-2094
---ebpf-pid----373029----pid-5476
---ebpf-pid----2094----pid-1
---ebpf-pid----2094----pid-2094
---ebpf-pid----2094----pid-1
---ebpf-pid----2094----pid-2094
---ebpf-pid----373029----pid-1
---ebpf-pid----373029----pid-373029
---ebpf-pid----2094----pid-1
---ebpf-pid----2094----pid-2094
---ebpf-pid----373029----pid-5476
---ebpf-pid----2094----pid-1
---ebpf-pid----373029----pid-1
---ebpf-pid----2094----pid-2094
---ebpf-pid----373029----pid-373029
---ebpf-pid----2094----pid-1
---ebpf-pid----373029----pid-5476
---ebpf-pid----2094----pid-2094
---ebpf-pid----373029----pid-1
---ebpf-pid----2094----pid-1
---ebpf-pid----5705----pid-5705
---ebpf-pid----2094----pid-2094
---ebpf-pid----2094----pid-1
---ebpf-pid----2094----pid-2094
---ebpf-pid----5705----pid-5476
---ebpf-pid----2094----pid-1
---ebpf-pid----2094----pid-2094
---ebpf-pid----5705----pid-1
---ebpf-pid----5705----pid-5705
---ebpf-pid----2094----pid-1
---ebpf-pid----2094----pid-2094
---ebpf-pid----5705----pid-5476
---ebpf-pid----2094----pid-1
---ebpf-pid----2094----pid-2094
---ebpf-pid----2094----pid-1
---ebpf-pid----2094----pid-1
---ebpf-pid----5705----pid-1
---ebpf-pid----2094----pid-2094
---ebpf-pid----5705----pid-5705
---ebpf-pid----2094----pid-2094
---ebpf-pid----2094----pid-1
---ebpf-pid----2094----pid-2094
---ebpf-pid----5705----pid-5476
---ebpf-pid----2094----pid-1
---ebpf-pid----5705----pid-1
---ebpf-pid----2094----pid-1
---ebpf-pid----5705----pid-5705
---ebpf-pid----2094----pid-2094
---ebpf-pid----2094----pid-2094
---ebpf-pid----2094----pid-1
---ebpf-pid----2094----pid-2094
---ebpf-pid----5705----pid-5476
---ebpf-pid----2094----pid-1
---ebpf-pid----2094----pid-1
---ebpf-pid----5705----pid-1
---ebpf-pid----2094----pid-2094
---ebpf-pid----6671----pid-6671
---ebpf-pid----5705----pid-5705
---ebpf-pid----2094----pid-1
---ebpf-pid----5705----pid-5476
---ebpf-pid----6671----pid-5476
---ebpf-pid----2094----pid-2094
---ebpf-pid----5705----pid-1
---ebpf-pid----6671----pid-1
---ebpf-pid----2094----pid-1
---ebpf-pid----6671----pid-6671
---ebpf-pid----2094----pid-2094
---ebpf-pid----6671----pid-5476
---ebpf-pid----5705----pid-5705
---ebpf-pid----2094----pid-1
---ebpf-pid----2094----pid-2094
---ebpf-pid----6671----pid-1
---ebpf-pid----5705----pid-5476
---ebpf-pid----6671----pid-6671
---ebpf-pid----2094----pid-1
---ebpf-pid----5705----pid-1
---ebpf-pid----2094----pid-2094
---ebpf-pid----379067----pid-379067
---ebpf-pid----6671----pid-5476
---ebpf-pid----2094----pid-1
---ebpf-pid----2094----pid-2094
---ebpf-pid----379067----pid-5476
---ebpf-pid----6671----pid-1
---ebpf-pid----448785----pid-448785
---ebpf-pid----379067----pid-1
---ebpf-pid----379067----pid-379067
---ebpf-pid----448785----pid-448520
---ebpf-pid----2094----pid-1
---ebpf-pid----379067----pid-5476
---ebpf-pid----2094----pid-2094
---ebpf-pid----448785----pid-1
---ebpf-pid----5637----pid-5637
---ebpf-pid----379067----pid-1
---ebpf-pid----2094----pid-1
---ebpf-pid----379067----pid-379067
---ebpf-pid----2094----pid-2094
---ebpf-pid----5637----pid-1
---ebpf-pid----2094----pid-2094
---ebpf-pid----379067----pid-5476
---ebpf-pid----2094----pid-1
---ebpf-pid----2094----pid-2094
---ebpf-pid----379067----pid-1
---ebpf-pid----2094----pid-1
---ebpf-pid----5705----pid-5705
---ebpf-pid----2094----pid-1
---ebpf-pid----2094----pid-2094
---ebpf-pid----2094----pid-2094
---ebpf-pid----2094----pid-1
---ebpf-pid----5705----pid-5476
---ebpf-pid----2094----pid-1
---ebpf-pid----2094----pid-2094
---ebpf-pid----2094----pid-2094
---ebpf-pid----5705----pid-1
---ebpf-pid----5705----pid-5705
---ebpf-pid----2094----pid-1
---ebpf-pid----2094----pid-1
---ebpf-pid----2094----pid-2094
---ebpf-pid----2094----pid-2094
---ebpf-pid----2094----pid-1
---ebpf-pid----2094----pid-1
---ebpf-pid----2094----pid-2094
---ebpf-pid----2094----pid-2094
---ebpf-pid----5705----pid-5476
---ebpf-pid----2094----pid-1
---ebpf-pid----2094----pid-1
---ebpf-pid----5705----pid-1
---ebpf-pid----2094----pid-2094
---ebpf-pid----5705----pid-5705
---ebpf-pid----2094----pid-2094
---ebpf-pid----2094----pid-1
---ebpf-pid----5705----pid-5476
---ebpf-pid----2094----pid-1
---ebpf-pid----2094----pid-2094
---ebpf-pid----2094----pid-2094
---ebpf-pid----5705----pid-1
---ebpf-pid----2094----pid-1
---ebpf-pid----2094----pid-1
---ebpf-pid----5705----pid-5705
---ebpf-pid----2094----pid-2094
---ebpf-pid----2094----pid-2094
---ebpf-pid----5705----pid-5476
---ebpf-pid----2094----pid-1
---ebpf-pid----2094----pid-1
---ebpf-pid----2094----pid-2094
---ebpf-pid----2094----pid-2094
---ebpf-pid----5705----pid-1
---ebpf-pid----5705----pid-5705
---ebpf-pid----2094----pid-1
---ebpf-pid----2094----pid-1
---ebpf-pid----2094----pid-2094
---ebpf-pid----5705----pid-5476
---ebpf-pid----2094----pid-2094
---ebpf-pid----2094----pid-1
---ebpf-pid----2094----pid-2094
---ebpf-pid----5705----pid-1
---ebpf-pid----5705----pid-5705
---ebpf-pid----2094----pid-1
---ebpf-pid----2094----pid-1
---ebpf-pid----5705----pid-5476
---ebpf-pid----2094----pid-2094
---ebpf-pid----2094----pid-2094
---ebpf-pid----5705----pid-1
---ebpf-pid----2094----pid-1
---ebpf-pid----2094----pid-1
---ebpf-pid----5705----pid-5705
---ebpf-pid----2094----pid-2094
---ebpf-pid----2094----pid-2094
---ebpf-pid----5705----pid-5476
---ebpf-pid----2094----pid-1
---ebpf-pid----2094----pid-1
---ebpf-pid----2094----pid-2094
---ebpf-pid----2094----pid-2094
---ebpf-pid----5705----pid-1
---ebpf-pid----5705----pid-5705
---ebpf-pid----2094----pid-1
---ebpf-pid----2094----pid-1
---ebpf-pid----2094----pid-2094
---ebpf-pid----2094----pid-2094
---ebpf-pid----5705----pid-5476
---ebpf-pid----2094----pid-1
---ebpf-pid----2094----pid-2094
---ebpf-pid----5705----pid-1
---ebpf-pid----2094----pid-1
---ebpf-pid----2094----pid-1
---ebpf-pid----5705----pid-5705
---ebpf-pid----2094----pid-2094
---ebpf-pid----5705----pid-5476
---ebpf-pid----2094----pid-2094
---ebpf-pid----2094----pid-1
---ebpf-pid----5705----pid-1
---ebpf-pid----2094----pid-2094
---ebpf-pid----2094----pid-1
---ebpf-pid----5705----pid-5705
---ebpf-pid----2094----pid-2094
---ebpf-pid----2094----pid-1
---ebpf-pid----5705----pid-5476
---ebpf-pid----2094----pid-2094
---ebpf-pid----2094----pid-1
---ebpf-pid----2094----pid-2094
---ebpf-pid----5705----pid-1
---ebpf-pid----2094----pid-1
---ebpf-pid----5705----pid-5705
---ebpf-pid----2094----pid-1
---ebpf-pid----2094----pid-2094
---ebpf-pid----2094----pid-2094
---ebpf-pid----2094----pid-1
---ebpf-pid----2094----pid-1
---ebpf-pid----448785----pid-448785
---ebpf-pid----2094----pid-2094
---ebpf-pid----5705----pid-5476
---ebpf-pid----448785----pid-448520
---ebpf-pid----2094----pid-1
---ebpf-pid----2094----pid-2094
---ebpf-pid----5705----pid-1
---ebpf-pid----5705----pid-5705
---ebpf-pid----448785----pid-1
---ebpf-pid----2094----pid-1
---ebpf-pid----448785----pid-448785
---ebpf-pid----2094----pid-2094
---ebpf-pid----5705----pid-5476
---ebpf-pid----448785----pid-448520
---ebpf-pid----5705----pid-1
---ebpf-pid----5705----pid-5705
---ebpf-pid----2094----pid-1
---ebpf-pid----448785----pid-1
---ebpf-pid----2094----pid-2094
---ebpf-pid----448785----pid-448785
---ebpf-pid----5705----pid-5476
---ebpf-pid----2094----pid-1
---ebpf-pid----2094----pid-2094
---ebpf-pid----448785----pid-448520
---ebpf-pid----5705----pid-1
---ebpf-pid----5705----pid-5705
---ebpf-pid----448785----pid-1
---ebpf-pid----2094----pid-1
---ebpf-pid----448785----pid-448785
---ebpf-pid----2094----pid-2094
---ebpf-pid----5705----pid-5476
---ebpf-pid----448785----pid-448520
---ebpf-pid----2094----pid-1
---ebpf-pid----5705----pid-1
---ebpf-pid----2094----pid-2094
---ebpf-pid----5705----pid-5705
---ebpf-pid----448785----pid-1
---ebpf-pid----2094----pid-2094
---ebpf-pid----2094----pid-1
---ebpf-pid----5705----pid-5476
---ebpf-pid----2094----pid-2094
---ebpf-pid----2094----pid-1
---ebpf-pid----5705----pid-1
---ebpf-pid----2094----pid-1
---ebpf-pid----2094----pid-2094
---ebpf-pid----2094----pid-2094
---ebpf-pid----5705----pid-5705
---ebpf-pid----5705----pid-5476
---ebpf-pid----2094----pid-1
---ebpf-pid----2094----pid-2094
---ebpf-pid----5705----pid-1
---ebpf-pid----5705----pid-5705
---ebpf-pid----2094----pid-1
---ebpf-pid----2094----pid-1
---ebpf-pid----2094----pid-2094
---ebpf-pid----2094----pid-2094
---ebpf-pid----5705----pid-5476
---ebpf-pid----2094----pid-1
---ebpf-pid----2094----pid-1
---ebpf-pid----5705----pid-1
---ebpf-pid----2094----pid-2094
---ebpf-pid----2094----pid-2094
---ebpf-pid----5705----pid-5705
---ebpf-pid----2094----pid-1
---ebpf-pid----2094----pid-1
---ebpf-pid----5705----pid-5476
---ebpf-pid----2094----pid-2094
---ebpf-pid----2094----pid-2094
---ebpf-pid----5705----pid-1
---ebpf-pid----2094----pid-1
---ebpf-pid----5705----pid-5705
---ebpf-pid----2094----pid-1
---ebpf-pid----2094----pid-2094
---ebpf-pid----2094----pid-2094
---ebpf-pid----5705----pid-5476
---ebpf-pid----2094----pid-1
---ebpf-pid----2094----pid-1
---ebpf-pid----2094----pid-2094
---ebpf-pid----5705----pid-1
---ebpf-pid----2094----pid-2094
---ebpf-pid----5705----pid-5705
---ebpf-pid----2094----pid-1
---ebpf-pid----2094----pid-2094
---ebpf-pid----2094----pid-1
---ebpf-pid----5705----pid-5476
---ebpf-pid----2094----pid-2094
---ebpf-pid----2094----pid-1
---ebpf-pid----2094----pid-1
---ebpf-pid----2094----pid-2094
---ebpf-pid----2094----pid-2094
---ebpf-pid----2094----pid-1
---ebpf-pid----2094----pid-1
---ebpf-pid----5705----pid-1
---ebpf-pid----2094----pid-2094
---ebpf-pid----2094----pid-2094
---ebpf-pid----5705----pid-5705
---ebpf-pid----2094----pid-1
---ebpf-pid----2094----pid-1
---ebpf-pid----5705----pid-5476
---ebpf-pid----2094----pid-2094
---ebpf-pid----2094----pid-2094
---ebpf-pid----5705----pid-1
---ebpf-pid----2094----pid-1
---ebpf-pid----2094----pid-1
---ebpf-pid----5705----pid-5705
---ebpf-pid----2094----pid-2094
---ebpf-pid----2094----pid-2094
---ebpf-pid----5705----pid-5476
---ebpf-pid----2094----pid-1
---ebpf-pid----2094----pid-1
---ebpf-pid----2094----pid-2094
---ebpf-pid----2094----pid-2094
---ebpf-pid----5705----pid-1
---ebpf-pid----2094----pid-1
---ebpf-pid----2094----pid-1
---ebpf-pid----5705----pid-5705
---ebpf-pid----2094----pid-2094
---ebpf-pid----2094----pid-2094
---ebpf-pid----2094----pid-1
---ebpf-pid----5705----pid-5476
---ebpf-pid----2094----pid-1
---ebpf-pid----5705----pid-1
---ebpf-pid----2094----pid-2094
---ebpf-pid----5705----pid-5705
---ebpf-pid----2094----pid-2094
---ebpf-pid----2094----pid-1
---ebpf-pid----5705----pid-5476
---ebpf-pid----2094----pid-1
---ebpf-pid----2094----pid-2094
---ebpf-pid----2094----pid-2094
---ebpf-pid----2094----pid-1
---ebpf-pid----2094----pid-1
---ebpf-pid----2094----pid-2094
---ebpf-pid----2094----pid-2094
---ebpf-pid----2094----pid-1
---ebpf-pid----2094----pid-1
---ebpf-pid----2094----pid-2094
---ebpf-pid----2094----pid-2094
---ebpf-pid----2094----pid-1
---ebpf-pid----2094----pid-1
---ebpf-pid----2094----pid-2094
---ebpf-pid----2094----pid-2094
---ebpf-pid----2094----pid-1
---ebpf-pid----2094----pid-2094
---ebpf-pid----2094----pid-1
---ebpf-pid----2094----pid-2094
---ebpf-pid----5705----pid-1
---ebpf-pid----2094----pid-1
---ebpf-pid----5705----pid-5705
---ebpf-pid----2094----pid-2094
---ebpf-pid----2094----pid-1
---ebpf-pid----5705----pid-5476
---ebpf-pid----2094----pid-2094
---ebpf-pid----2094----pid-1
---ebpf-pid----2094----pid-2094
---ebpf-pid----5705----pid-1
---ebpf-pid----2094----pid-1
---ebpf-pid----5705----pid-5705
---ebpf-pid----2094----pid-2094
---ebpf-pid----2094----pid-1
---ebpf-pid----2094----pid-2094
---ebpf-pid----5705----pid-5476
---ebpf-pid----2094----pid-1
---ebpf-pid----2094----pid-1
---ebpf-pid----2094----pid-2094
---ebpf-pid----2094----pid-2094
---ebpf-pid----5705----pid-1
---ebpf-pid----5705----pid-5705
---ebpf-pid----2094----pid-1
---ebpf-pid----2094----pid-1
---ebpf-pid----2094----pid-2094
---ebpf-pid----2094----pid-2094
---ebpf-pid----5705----pid-5476
---ebpf-pid----2094----pid-1
---ebpf-pid----2094----pid-1
---ebpf-pid----5705----pid-1
---ebpf-pid----2094----pid-2094
---ebpf-pid----2094----pid-2094
---ebpf-pid----5705----pid-5705
---ebpf-pid----2094----pid-1
---ebpf-pid----2094----pid-1
---ebpf-pid----5705----pid-5476
---ebpf-pid----14----pid-14
---ebpf-pid----2094----pid-2094
---ebpf-pid----5705----pid-1
---ebpf-pid----14----pid-2
---ebpf-pid----2094----pid-1
---ebpf-pid----5705----pid-5705
---ebpf-pid----14----pid-14
---ebpf-pid----2094----pid-2094
---ebpf-pid----5705----pid-5476
---ebpf-pid----14----pid-2
---ebpf-pid----2094----pid-1
---ebpf-pid----2094----pid-2094
---ebpf-pid----2094----pid-2094
---ebpf-pid----5705----pid-1
---ebpf-pid----5705----pid-5705
---ebpf-pid----2094----pid-1
---ebpf-pid----2094----pid-1
---ebpf-pid----2094----pid-2094
---ebpf-pid----2094----pid-2094
---ebpf-pid----5705----pid-5476
---ebpf-pid----2094----pid-1
---ebpf-pid----2094----pid-1
---ebpf-pid----5705----pid-1
---ebpf-pid----2094----pid-2094
---ebpf-pid----2094----pid-2094
---ebpf-pid----5705----pid-5705
---ebpf-pid----2094----pid-1
---ebpf-pid----5705----pid-5476
---ebpf-pid----2094----pid-1
---ebpf-pid----2094----pid-2094
---ebpf-pid----2094----pid-2094
---ebpf-pid----5705----pid-1
---ebpf-pid----2094----pid-1
---ebpf-pid----5705----pid-5705
---ebpf-pid----2094----pid-1
---ebpf-pid----2094----pid-2094
---ebpf-pid----2094----pid-2094
---ebpf-pid----5705----pid-5476
---ebpf-pid----2094----pid-1
---ebpf-pid----2094----pid-2094
---ebpf-pid----2094----pid-1
---ebpf-pid----2094----pid-2094
---ebpf-pid----5705----pid-1
---ebpf-pid----2094----pid-1
---ebpf-pid----5705----pid-5705
---ebpf-pid----2094----pid-2094
---ebpf-pid----2094----pid-1
---ebpf-pid----5705----pid-5476
---ebpf-pid----5705----pid-1
---ebpf-pid----2094----pid-1
---ebpf-pid----5705----pid-5705
---ebpf-pid----2094----pid-2094
---ebpf-pid----5705----pid-5476
---ebpf-pid----2094----pid-1
---ebpf-pid----2094----pid-2094
---ebpf-pid----5705----pid-1
---ebpf-pid----5705----pid-5705
---ebpf-pid----2094----pid-1
---ebpf-pid----2094----pid-2094
---ebpf-pid----2094----pid-2094
---ebpf-pid----5705----pid-5476
---ebpf-pid----2094----pid-1
---ebpf-pid----5705----pid-1
---ebpf-pid----2094----pid-2094
---ebpf-pid----2094----pid-1
---ebpf-pid----2088----pid-2088
---ebpf-pid----2094----pid-2094
---ebpf-pid----2094----pid-1
---ebpf-pid----2088----pid-1
---ebpf-pid----2094----pid-2094
---ebpf-pid----2094----pid-1
---ebpf-pid----2088----pid-2088
---ebpf-pid----2094----pid-2094
---ebpf-pid----2094----pid-1
---ebpf-pid----379067----pid-379067
---ebpf-pid----2088----pid-1
---ebpf-pid----2094----pid-1
---ebpf-pid----2088----pid-2088
---ebpf-pid----2094----pid-2094
---ebpf-pid----379067----pid-5476
---ebpf-pid----379067----pid-1
---ebpf-pid----379067----pid-379067
---ebpf-pid----2094----pid-1
---ebpf-pid----379067----pid-5476
---ebpf-pid----379067----pid-1
---ebpf-pid----2094----pid-2094
---ebpf-pid----379067----pid-379067
---ebpf-pid----379067----pid-5476
---ebpf-pid----2094----pid-1
---ebpf-pid----2094----pid-2094
---ebpf-pid----379067----pid-1
---ebpf-pid----379067----pid-379067
---ebpf-pid----2094----pid-1
---ebpf-pid----2094----pid-2094
---ebpf-pid----379067----pid-5476
---ebpf-pid----379067----pid-1
---ebpf-pid----2094----pid-1
---ebpf-pid----379067----pid-379067
---ebpf-pid----2094----pid-2094
---ebpf-pid----2088----pid-1
---ebpf-pid----2094----pid-1
---ebpf-pid----2094----pid-2094
---ebpf-pid----2088----pid-2088
---ebpf-pid----2094----pid-1
---ebpf-pid----2094----pid-2094
---ebpf-pid----379067----pid-5476
---ebpf-pid----2094----pid-1
---ebpf-pid----379067----pid-1
---ebpf-pid----2094----pid-2094
---ebpf-pid----379067----pid-379067
---ebpf-pid----379067----pid-5476
---ebpf-pid----2094----pid-1
---ebpf-pid----2094----pid-2094
---ebpf-pid----2094----pid-1
---ebpf-pid----2094----pid-2094
---ebpf-pid----379067----pid-1
---ebpf-pid----2094----pid-1
---ebpf-pid----379067----pid-379067
---ebpf-pid----2094----pid-2094
---ebpf-pid----379067----pid-5476
---ebpf-pid----2094----pid-1
---ebpf-pid----379067----pid-1
---ebpf-pid----2094----pid-2094
---ebpf-pid----379067----pid-379067
---ebpf-pid----2094----pid-1
---ebpf-pid----379067----pid-5476
---ebpf-pid----2094----pid-2094
---ebpf-pid----2094----pid-1
---ebpf-pid----379067----pid-1
---ebpf-pid----2094----pid-2094
---ebpf-pid----379067----pid-379067
---ebpf-pid----2094----pid-1
---ebpf-pid----379067----pid-5476
---ebpf-pid----2094----pid-2094
---ebpf-pid----379067----pid-1
---ebpf-pid----2094----pid-1
---ebpf-pid----2094----pid-2094
---ebpf-pid----2094----pid-2094
---ebpf-pid----2094----pid-1
---ebpf-pid----2094----pid-1
---ebpf-pid----2094----pid-2094
---ebpf-pid----2094----pid-1
---ebpf-pid----2094----pid-2094
---ebpf-pid----2094----pid-1
---ebpf-pid----2094----pid-2094
---ebpf-pid----2094----pid-1
---ebpf-pid----2094----pid-2094
---ebpf-pid----2094----pid-1
---ebpf-pid----2094----pid-2094
---ebpf-pid----2094----pid-1
---ebpf-pid----2094----pid-2094
---ebpf-pid----2094----pid-1
---ebpf-pid----2094----pid-2094
---ebpf-pid----2094----pid-1
---ebpf-pid----2094----pid-2094
---ebpf-pid----2094----pid-1
---ebpf-pid----2094----pid-2094
---ebpf-pid----2094----pid-1
---ebpf-pid----2094----pid-2094
---ebpf-pid----2094----pid-1
---ebpf-pid----2094----pid-2094
---ebpf-pid----2094----pid-1
---ebpf-pid----2094----pid-2094
---ebpf-pid----2094----pid-1
---ebpf-pid----2094----pid-2094
---ebpf-pid----2094----pid-1
---ebpf-pid----2094----pid-2094
---ebpf-pid----2094----pid-1
---ebpf-pid----2094----pid-2094
---ebpf-pid----2094----pid-1
---ebpf-pid----2094----pid-2094
---ebpf-pid----2094----pid-1
---ebpf-pid----2094----pid-2094
---ebpf-pid----2094----pid-1
---ebpf-pid----2094----pid-2094
---ebpf-pid----2094----pid-1
---ebpf-pid----2094----pid-2094
---ebpf-pid----2094----pid-1
---ebpf-pid----2094----pid-2094
---ebpf-pid----2094----pid-1
---ebpf-pid----2094----pid-2094
---ebpf-pid----2094----pid-1
---ebpf-pid----2094----pid-2094
---ebpf-pid----2094----pid-1
---ebpf-pid----2094----pid-2094
---ebpf-pid----2088----pid-1
---ebpf-pid----2094----pid-1
---ebpf-pid----2088----pid-2088
---ebpf-pid----2094----pid-2094
---ebpf-pid----2088----pid-1
---ebpf-pid----2094----pid-1
---ebpf-pid----2088----pid-2088
---ebpf-pid----2088----pid-1
---ebpf-pid----2094----pid-2094
---ebpf-pid----2088----pid-2088
---ebpf-pid----2094----pid-1
---ebpf-pid----2088----pid-1
---ebpf-pid----2094----pid-2094
---ebpf-pid----2088----pid-2088
---ebpf-pid----2094----pid-1
---ebpf-pid----2088----pid-1
---ebpf-pid----2094----pid-2094
---ebpf-pid----2088----pid-2088
---ebpf-pid----2094----pid-1
---ebpf-pid----2088----pid-1
---ebpf-pid----2094----pid-2094
---ebpf-pid----2088----pid-2088
---ebpf-pid----2094----pid-1
---ebpf-pid----2088----pid-1
---ebpf-pid----379067----pid-379067
---ebpf-pid----2088----pid-2088
---ebpf-pid----379067----pid-5476
---ebpf-pid----2088----pid-1
---ebpf-pid----2088----pid-2088
---ebpf-pid----379067----pid-1
---ebpf-pid----379067----pid-379067
---ebpf-pid----2088----pid-1
---ebpf-pid----2088----pid-2088
---ebpf-pid----379067----pid-5476
---ebpf-pid----2088----pid-1
---ebpf-pid----379067----pid-1
---ebpf-pid----2088----pid-2088
---ebpf-pid----379067----pid-379067
---ebpf-pid----379067----pid-5476
---ebpf-pid----2088----pid-1
---ebpf-pid----2088----pid-2088
---ebpf-pid----379067----pid-1
---ebpf-pid----379067----pid-379067
---ebpf-pid----2088----pid-1
---ebpf-pid----2088----pid-2088
---ebpf-pid----379067----pid-5476
---ebpf-pid----2088----pid-1
---ebpf-pid----379067----pid-1
---ebpf-pid----2088----pid-2088
---ebpf-pid----379067----pid-379067
---ebpf-pid----2088----pid-1
---ebpf-pid----379067----pid-5476
---ebpf-pid----2088----pid-2088
---ebpf-pid----379067----pid-1
---ebpf-pid----2088----pid-1
---ebpf-pid----379067----pid-379067
---ebpf-pid----2088----pid-2088
---ebpf-pid----379067----pid-5476
---ebpf-pid----2088----pid-1
---ebpf-pid----2088----pid-2088
---ebpf-pid----379067----pid-1
---ebpf-pid----379067----pid-379067
---ebpf-pid----2088----pid-1
---ebpf-pid----2088----pid-2088
---ebpf-pid----379067----pid-5476
---ebpf-pid----379067----pid-1
---ebpf-pid----2088----pid-1
---ebpf-pid----379067----pid-379067
---ebpf-pid----2088----pid-2088
---ebpf-pid----379067----pid-5476
---ebpf-pid----2088----pid-1
---ebpf-pid----2088----pid-2088
---ebpf-pid----379067----pid-1
---ebpf-pid----379067----pid-379067
---ebpf-pid----2088----pid-1
---ebpf-pid----2088----pid-2088
---ebpf-pid----2088----pid-1
---ebpf-pid----2088----pid-2088
---ebpf-pid----379067----pid-5476
---ebpf-pid----2088----pid-1
---ebpf-pid----379067----pid-1
---ebpf-pid----2088----pid-2088
---ebpf-pid----2012----pid-2012
---ebpf-pid----2088----pid-1
---ebpf-pid----2088----pid-2088
---ebpf-pid----2088----pid-1
---ebpf-pid----2088----pid-2088
---ebpf-pid----2088----pid-1
---ebpf-pid----2088----pid-2088
---ebpf-pid----2088----pid-1
---ebpf-pid----5705----pid-5705
---ebpf-pid----5705----pid-5476
---ebpf-pid----5705----pid-1
---ebpf-pid----5705----pid-5705
---ebpf-pid----5705----pid-5476
---ebpf-pid----5705----pid-1
---ebpf-pid----5705----pid-5705
---ebpf-pid----5705----pid-5476
---ebpf-pid----5705----pid-1
---ebpf-pid----5705----pid-5705
---ebpf-pid----5705----pid-5476
---ebpf-pid----5705----pid-1
---ebpf-pid----5705----pid-5705
---ebpf-pid----5705----pid-5476
---ebpf-pid----5705----pid-1
---ebpf-pid----5705----pid-5705
---ebpf-pid----5705----pid-5476
---ebpf-pid----5705----pid-1
---ebpf-pid----379067----pid-379067
---ebpf-pid----379067----pid-5476
---ebpf-pid----379067----pid-1
---ebpf-pid----2012----pid-1
---ebpf-pid----2012----pid-2012
---ebpf-pid----2012----pid-1
---ebpf-pid----2012----pid-2012
---ebpf-pid----2012----pid-1
---ebpf-pid----373029----pid-373029
---ebpf-pid----373029----pid-5476
---ebpf-pid----373029----pid-1
---ebpf-pid----373029----pid-373029
---ebpf-pid----379067----pid-379067
---ebpf-pid----373029----pid-5476
---ebpf-pid----379067----pid-5476
---ebpf-pid----373029----pid-1
---ebpf-pid----379067----pid-1
---ebpf-pid----373029----pid-373029
---ebpf-pid----379067----pid-379067
---ebpf-pid----373029----pid-5476
---ebpf-pid----379067----pid-5476
---ebpf-pid----373029----pid-1
---ebpf-pid----379067----pid-1
---ebpf-pid----373029----pid-373029
---ebpf-pid----2094----pid-2094
---ebpf-pid----373029----pid-5476
---ebpf-pid----2094----pid-1
---ebpf-pid----2094----pid-2094
---ebpf-pid----373029----pid-1
---ebpf-pid----373029----pid-373029
---ebpf-pid----2094----pid-1
---ebpf-pid----2094----pid-2094
---ebpf-pid----373029----pid-5476
---ebpf-pid----2094----pid-1
---ebpf-pid----373029----pid-1
---ebpf-pid----2094----pid-2094
---ebpf-pid----373029----pid-373029
---ebpf-pid----2094----pid-1
---ebpf-pid----2094----pid-2094
---ebpf-pid----373029----pid-5476
---ebpf-pid----2094----pid-1
---ebpf-pid----373029----pid-1
---ebpf-pid----2094----pid-2094
---ebpf-pid----373029----pid-373029
---ebpf-pid----2094----pid-1
---ebpf-pid----373029----pid-5476
---ebpf-pid----2094----pid-2094
---ebpf-pid----373029----pid-1
---ebpf-pid----2094----pid-1
---ebpf-pid----373029----pid-373029
---ebpf-pid----2094----pid-2094
---ebpf-pid----373029----pid-5476
---ebpf-pid----2094----pid-1
---ebpf-pid----2094----pid-2094
---ebpf-pid----373029----pid-1
---ebpf-pid----373029----pid-373029
---ebpf-pid----2094----pid-1
---ebpf-pid----2094----pid-2094
---ebpf-pid----373029----pid-5476
---ebpf-pid----2094----pid-1
---ebpf-pid----2094----pid-2094
---ebpf-pid----373029----pid-1
---ebpf-pid----373029----pid-373029
---ebpf-pid----2094----pid-1
---ebpf-pid----2094----pid-2094
---ebpf-pid----373029----pid-5476
---ebpf-pid----2094----pid-2094
---ebpf-pid----2094----pid-1
---ebpf-pid----2094----pid-2094
---ebpf-pid----2094----pid-1
---ebpf-pid----2094----pid-2094
---ebpf-pid----2094----pid-1
---ebpf-pid----2094----pid-2094
---ebpf-pid----2094----pid-1
---ebpf-pid----2094----pid-2094
---ebpf-pid----2094----pid-1
---ebpf-pid----2094----pid-2094
---ebpf-pid----2094----pid-1
---ebpf-pid----2094----pid-2094
---ebpf-pid----2094----pid-1
---ebpf-pid----2094----pid-2094
---ebpf-pid----2094----pid-1
---ebpf-pid----2094----pid-2094
---ebpf-pid----2094----pid-1
---ebpf-pid----2094----pid-2094
---ebpf-pid----2094----pid-1
---ebpf-pid----2094----pid-2094
---ebpf-pid----2094----pid-1
---ebpf-pid----2094----pid-2094
---ebpf-pid----2094----pid-1
---ebpf-pid----2094----pid-2094
---ebpf-pid----2094----pid-1
---ebpf-pid----2094----pid-1
---ebpf-pid----2094----pid-2094
---ebpf-pid----2094----pid-2094
---ebpf-pid----2094----pid-1
---ebpf-pid----2094----pid-1
---ebpf-pid----2094----pid-2094
---ebpf-pid----2094----pid-2094
---ebpf-pid----2094----pid-1
---ebpf-pid----2094----pid-1
---ebpf-pid----2094----pid-2094
---ebpf-pid----2094----pid-2094
---ebpf-pid----2094----pid-1
---ebpf-pid----2094----pid-1
---ebpf-pid----2094----pid-2094
---ebpf-pid----2094----pid-2094
---ebpf-pid----2094----pid-1
---ebpf-pid----2094----pid-1
---ebpf-pid----2094----pid-2094
---ebpf-pid----2094----pid-2094
---ebpf-pid----2094----pid-1
---ebpf-pid----2094----pid-1
---ebpf-pid----2094----pid-2094
---ebpf-pid----2094----pid-2094
---ebpf-pid----2094----pid-1
---ebpf-pid----2094----pid-1
---ebpf-pid----2094----pid-2094
---ebpf-pid----2094----pid-2094
---ebpf-pid----2094----pid-1
---ebpf-pid----2094----pid-1
---ebpf-pid----2094----pid-2094
---ebpf-pid----2094----pid-2094
---ebpf-pid----2094----pid-1
---ebpf-pid----2094----pid-1
---ebpf-pid----2094----pid-2094
---ebpf-pid----2094----pid-2094
---ebpf-pid----2094----pid-1
---ebpf-pid----2094----pid-1
---ebpf-pid----2094----pid-2094
---ebpf-pid----2094----pid-2094
---ebpf-pid----2094----pid-1
---ebpf-pid----2094----pid-1
---ebpf-pid----2094----pid-2094
---ebpf-pid----2094----pid-2094
---ebpf-pid----2094----pid-1
---ebpf-pid----2094----pid-1
---ebpf-pid----2094----pid-2094
---ebpf-pid----2094----pid-2094
---ebpf-pid----2094----pid-1
---ebpf-pid----2094----pid-1
---ebpf-pid----2094----pid-2094
---ebpf-pid----2094----pid-2094
---ebpf-pid----2094----pid-1
---ebpf-pid----2094----pid-1
---ebpf-pid----2094----pid-2094
---ebpf-pid----2094----pid-2094
---ebpf-pid----2094----pid-1
---ebpf-pid----2094----pid-1
---ebpf-pid----2094----pid-2094
---ebpf-pid----2094----pid-2094
---ebpf-pid----2094----pid-1
---ebpf-pid----372881----pid-372881
---ebpf-pid----2094----pid-1
---ebpf-pid----2094----pid-2094
---ebpf-pid----372881----pid-1
---ebpf-pid----372881----pid-372881
---ebpf-pid----2094----pid-1
---ebpf-pid----2094----pid-2094
---ebpf-pid----372881----pid-1
---ebpf-pid----372881----pid-372881
---ebpf-pid----2094----pid-1
---ebpf-pid----372881----pid-372881
---ebpf-pid----372881----pid-1
---ebpf-pid----372881----pid-1
---ebpf-pid----372881----pid-372881
---ebpf-pid----372881----pid-1
---ebpf-pid----372881----pid-372881
---ebpf-pid----372881----pid-1
---ebpf-pid----372881----pid-372881
---ebpf-pid----372881----pid-1
---ebpf-pid----372881----pid-372881
---ebpf-pid----372881----pid-1
---ebpf-pid----372881----pid-372881
---ebpf-pid----372881----pid-1
---ebpf-pid----372881----pid-372881
---ebpf-pid----372881----pid-1
---ebpf-pid----372881----pid-372881
---ebpf-pid----372881----pid-1
---ebpf-pid----372881----pid-372881
---ebpf-pid----372881----pid-1
---ebpf-pid----372881----pid-372881
---ebpf-pid----372881----pid-1
---ebpf-pid----372881----pid-372881
---ebpf-pid----372881----pid-1
---ebpf-pid----372881----pid-372881
---ebpf-pid----372881----pid-1
---ebpf-pid----372881----pid-372881
---ebpf-pid----373029----pid-1
---ebpf-pid----373029----pid-373029
---ebpf-pid----372881----pid-1
---ebpf-pid----372881----pid-372881
---ebpf-pid----373029----pid-5476
---ebpf-pid----372881----pid-1
---ebpf-pid----372881----pid-372881
---ebpf-pid----373029----pid-1
---ebpf-pid----373029----pid-373029
---ebpf-pid----372881----pid-1
---ebpf-pid----372881----pid-372881
---ebpf-pid----373029----pid-5476
---ebpf-pid----372881----pid-1
---ebpf-pid----373029----pid-1
---ebpf-pid----372881----pid-372881
---ebpf-pid----373029----pid-373029
---ebpf-pid----372881----pid-1
---ebpf-pid----373029----pid-5476
---ebpf-pid----372881----pid-372881
---ebpf-pid----373029----pid-1
---ebpf-pid----373029----pid-373029
---ebpf-pid----372881----pid-1
---ebpf-pid----372881----pid-372881
---ebpf-pid----372881----pid-1
---ebpf-pid----372881----pid-372881
---ebpf-pid----372881----pid-1
---ebpf-pid----372881----pid-372881
---ebpf-pid----372881----pid-1
---ebpf-pid----372881----pid-372881
---ebpf-pid----372881----pid-1
---ebpf-pid----372881----pid-372881
---ebpf-pid----372881----pid-1
---ebpf-pid----372881----pid-372881
---ebpf-pid----372881----pid-1
---ebpf-pid----372881----pid-372881
---ebpf-pid----372881----pid-1
---ebpf-pid----373029----pid-5476
---ebpf-pid----372881----pid-372881
---ebpf-pid----372881----pid-1
---ebpf-pid----373029----pid-1
---ebpf-pid----372881----pid-372881
---ebpf-pid----373029----pid-373029
---ebpf-pid----373029----pid-5476
---ebpf-pid----372881----pid-1
---ebpf-pid----372881----pid-372881
---ebpf-pid----373029----pid-1
---ebpf-pid----373029----pid-373029
---ebpf-pid----372881----pid-1
---ebpf-pid----372881----pid-372881
---ebpf-pid----373029----pid-5476
---ebpf-pid----372881----pid-1
---ebpf-pid----373029----pid-1
---ebpf-pid----372881----pid-372881
---ebpf-pid----2094----pid-2094
---ebpf-pid----372881----pid-1
---ebpf-pid----2094----pid-1
---ebpf-pid----372881----pid-372881
---ebpf-pid----2094----pid-2094
---ebpf-pid----372881----pid-1
---ebpf-pid----2094----pid-1
---ebpf-pid----372881----pid-372881
---ebpf-pid----2094----pid-2094
---ebpf-pid----372881----pid-1
---ebpf-pid----2094----pid-1
---ebpf-pid----372881----pid-372881
---ebpf-pid----2094----pid-2094
---ebpf-pid----372881----pid-1
---ebpf-pid----2094----pid-1
---ebpf-pid----372881----pid-372881
---ebpf-pid----2094----pid-2094
---ebpf-pid----372881----pid-1
---ebpf-pid----2094----pid-1
---ebpf-pid----2094----pid-2094
---ebpf-pid----372881----pid-372881
---ebpf-pid----2094----pid-1
---ebpf-pid----372881----pid-1
---ebpf-pid----2094----pid-2094
---ebpf-pid----372881----pid-372881
---ebpf-pid----2094----pid-1
---ebpf-pid----2094----pid-2094
---ebpf-pid----372881----pid-1
---ebpf-pid----372881----pid-372881
---ebpf-pid----2094----pid-1
---ebpf-pid----2094----pid-2094
---ebpf-pid----372881----pid-1
---ebpf-pid----372881----pid-372881
---ebpf-pid----2094----pid-1
---ebpf-pid----2094----pid-2094
---ebpf-pid----372881----pid-1
---ebpf-pid----372881----pid-372881
---ebpf-pid----372881----pid-1
---ebpf-pid----372881----pid-372881
---ebpf-pid----372881----pid-1
---ebpf-pid----372881----pid-372881
---ebpf-pid----372881----pid-1
---ebpf-pid----372881----pid-372881
---ebpf-pid----372881----pid-1
---ebpf-pid----372881----pid-372881
---ebpf-pid----372881----pid-1
---ebpf-pid----372881----pid-372881
---ebpf-pid----372881----pid-1
---ebpf-pid----372881----pid-372881
---ebpf-pid----372881----pid-1
---ebpf-pid----372881----pid-372881
---ebpf-pid----372881----pid-1
---ebpf-pid----372881----pid-372881
---ebpf-pid----372881----pid-1
---ebpf-pid----372881----pid-372881
---ebpf-pid----372881----pid-1
---ebpf-pid----372881----pid-372881
---ebpf-pid----372881----pid-1
---ebpf-pid----372881----pid-372881
---ebpf-pid----372881----pid-1
---ebpf-pid----372881----pid-372881
---ebpf-pid----372881----pid-372881
---ebpf-pid----2094----pid-1
---ebpf-pid----372881----pid-1
---ebpf-pid----2094----pid-2094
---ebpf-pid----372881----pid-372881
---ebpf-pid----372881----pid-1
---ebpf-pid----372881----pid-372881
---ebpf-pid----2094----pid-1
---ebpf-pid----372881----pid-1
---ebpf-pid----2094----pid-2094
---ebpf-pid----372881----pid-1
---ebpf-pid----372881----pid-372881
---ebpf-pid----372881----pid-372881
---ebpf-pid----2094----pid-1
---ebpf-pid----372881----pid-1
---ebpf-pid----372881----pid-1
---ebpf-pid----2094----pid-2094
---ebpf-pid----372881----pid-372881
---ebpf-pid----372881----pid-372881
---ebpf-pid----372881----pid-1
---ebpf-pid----2094----pid-1
---ebpf-pid----372881----pid-372881
---ebpf-pid----372881----pid-1
---ebpf-pid----2094----pid-2094
---ebpf-pid----372881----pid-372881
---ebpf-pid----372881----pid-1
---ebpf-pid----372881----pid-372881
---ebpf-pid----2094----pid-1
---ebpf-pid----2094----pid-2094
---ebpf-pid----2094----pid-1
---ebpf-pid----372881----pid-1
---ebpf-pid----2094----pid-2094
---ebpf-pid----372881----pid-372881
---ebpf-pid----372881----pid-1
---ebpf-pid----2094----pid-1
---ebpf-pid----2089----pid-2089
---ebpf-pid----2094----pid-2094
---ebpf-pid----2089----pid-1
---ebpf-pid----2089----pid-2089
---ebpf-pid----2094----pid-1
---ebpf-pid----2094----pid-2094
---ebpf-pid----2089----pid-1
---ebpf-pid----2089----pid-2089
---ebpf-pid----2094----pid-1
---ebpf-pid----2094----pid-2094
---ebpf-pid----2089----pid-1
---ebpf-pid----2089----pid-2089
---ebpf-pid----2094----pid-1
---ebpf-pid----2089----pid-1
---ebpf-pid----2094----pid-2094
---ebpf-pid----2089----pid-2089
---ebpf-pid----2089----pid-1
---ebpf-pid----2094----pid-1
---ebpf-pid----2089----pid-2089
---ebpf-pid----2094----pid-2094
---ebpf-pid----2089----pid-1
---ebpf-pid----2089----pid-2089
---ebpf-pid----2094----pid-1
---ebpf-pid----2089----pid-1
---ebpf-pid----2094----pid-2094
---ebpf-pid----2089----pid-2089
---ebpf-pid----2094----pid-1
---ebpf-pid----2089----pid-1
---ebpf-pid----2089----pid-2089
---ebpf-pid----2094----pid-2094
---ebpf-pid----2089----pid-1
---ebpf-pid----2094----pid-1
---ebpf-pid----2089----pid-2089
---ebpf-pid----2094----pid-2094
---ebpf-pid----2089----pid-1
---ebpf-pid----2089----pid-2089
---ebpf-pid----2094----pid-1
---ebpf-pid----2094----pid-2094
---ebpf-pid----2089----pid-1
---ebpf-pid----2089----pid-2089
---ebpf-pid----2094----pid-1
---ebpf-pid----2089----pid-1
---ebpf-pid----2094----pid-2094
---ebpf-pid----2089----pid-2089
---ebpf-pid----2089----pid-1
---ebpf-pid----2094----pid-1
---ebpf-pid----2089----pid-2089
---ebpf-pid----2089----pid-2089
---ebpf-pid----2089----pid-1
---ebpf-pid----2089----pid-2089
---ebpf-pid----2089----pid-1
---ebpf-pid----2089----pid-2089
---ebpf-pid----2089----pid-1
---ebpf-pid----2089----pid-2089
---ebpf-pid----2089----pid-1
---ebpf-pid----2089----pid-2089
---ebpf-pid----2089----pid-1
---ebpf-pid----2089----pid-2089
---ebpf-pid----2089----pid-1
---ebpf-pid----2089----pid-2089
---ebpf-pid----2089----pid-1
---ebpf-pid----2089----pid-2089
---ebpf-pid----2089----pid-1
---ebpf-pid----2089----pid-2089
---ebpf-pid----2089----pid-1
---ebpf-pid----2089----pid-2089
---ebpf-pid----2089----pid-1
---ebpf-pid----2089----pid-2089
---ebpf-pid----2089----pid-1
---ebpf-pid----2089----pid-2089
---ebpf-pid----2089----pid-1
---ebpf-pid----2089----pid-2089
---ebpf-pid----2089----pid-1
---ebpf-pid----2089----pid-2089
---ebpf-pid----2089----pid-1
---ebpf-pid----2089----pid-2089
---ebpf-pid----2089----pid-1
---ebpf-pid----2089----pid-2089
---ebpf-pid----2089----pid-1
---ebpf-pid----2089----pid-2089
---ebpf-pid----2089----pid-1
---ebpf-pid----2089----pid-2089
---ebpf-pid----2089----pid-1
---ebpf-pid----2089----pid-2089
---ebpf-pid----2089----pid-1
---ebpf-pid----2089----pid-2089
---ebpf-pid----2089----pid-1
---ebpf-pid----2089----pid-2089
---ebpf-pid----2089----pid-1
---ebpf-pid----2089----pid-2089
---ebpf-pid----2089----pid-1
---ebpf-pid----2089----pid-2089
---ebpf-pid----2089----pid-1
---ebpf-pid----2089----pid-2089
---ebpf-pid----2089----pid-1
---ebpf-pid----2089----pid-2089
---ebpf-pid----2089----pid-1
---ebpf-pid----2089----pid-2089
---ebpf-pid----2089----pid-1
---ebpf-pid----2089----pid-2089
---ebpf-pid----2089----pid-1
---ebpf-pid----2089----pid-2089
---ebpf-pid----2089----pid-1
---ebpf-pid----2089----pid-2089
---ebpf-pid----2089----pid-1
---ebpf-pid----2089----pid-2089
---ebpf-pid----2089----pid-1
---ebpf-pid----2089----pid-2089
---ebpf-pid----2089----pid-1
---ebpf-pid----2089----pid-2089
---ebpf-pid----2089----pid-1
---ebpf-pid----2089----pid-1
---ebpf-pid----2089----pid-2089
---ebpf-pid----2089----pid-2089
---ebpf-pid----2089----pid-1
---ebpf-pid----2089----pid-1
---ebpf-pid----2089----pid-2089
---ebpf-pid----2012----pid-2012
---ebpf-pid----2089----pid-1
---ebpf-pid----2089----pid-2089
---ebpf-pid----2012----pid-1
---ebpf-pid----2012----pid-2012
---ebpf-pid----2089----pid-1
---ebpf-pid----2089----pid-2089
---ebpf-pid----2012----pid-1
---ebpf-pid----2089----pid-1
---ebpf-pid----2089----pid-2089
---ebpf-pid----2012----pid-2012
---ebpf-pid----2089----pid-1
---ebpf-pid----2012----pid-1
---ebpf-pid----2089----pid-2089
---ebpf-pid----2012----pid-2012
---ebpf-pid----2012----pid-1
---ebpf-pid----379067----pid-379067
---ebpf-pid----379067----pid-5476
---ebpf-pid----379067----pid-1
---ebpf-pid----379067----pid-379067
---ebpf-pid----379067----pid-5476
---ebpf-pid----379067----pid-1
---ebpf-pid----379067----pid-379067
---ebpf-pid----379067----pid-5476
---ebpf-pid----379067----pid-1
---ebpf-pid----2012----pid-2012
---ebpf-pid----2012----pid-1
---ebpf-pid----2012----pid-2012
---ebpf-pid----2012----pid-1
---ebpf-pid----2012----pid-2012
---ebpf-pid----2012----pid-1
---ebpf-pid----2012----pid-2012
---ebpf-pid----2012----pid-1
---ebpf-pid----2012----pid-2012
---ebpf-pid----2012----pid-1
---ebpf-pid----2012----pid-2012
---ebpf-pid----2012----pid-1
---ebpf-pid----2012----pid-2012
---ebpf-pid----2012----pid-1
---ebpf-pid----2012----pid-2012
---ebpf-pid----2012----pid-1
---ebpf-pid----2012----pid-2012
---ebpf-pid----2012----pid-1
---ebpf-pid----2012----pid-2012
---ebpf-pid----2012----pid-1
---ebpf-pid----2012----pid-2012
---ebpf-pid----2012----pid-1
---ebpf-pid----2012----pid-2012
---ebpf-pid----2012----pid-1
---ebpf-pid----2012----pid-2012
---ebpf-pid----2012----pid-1
---ebpf-pid----372881----pid-1
---ebpf-pid----2012----pid-2012
---ebpf-pid----2012----pid-1
---ebpf-pid----372881----pid-372881
---ebpf-pid----2012----pid-2012
---ebpf-pid----372881----pid-1
---ebpf-pid----2012----pid-1
---ebpf-pid----372881----pid-372881
---ebpf-pid----2012----pid-2012
---ebpf-pid----372881----pid-1
---ebpf-pid----2012----pid-1
---ebpf-pid----372881----pid-372881
---ebpf-pid----2012----pid-2012
---ebpf-pid----372881----pid-1
---ebpf-pid----2012----pid-1
---ebpf-pid----372881----pid-372881
---ebpf-pid----2012----pid-2012
---ebpf-pid----372881----pid-1
---ebpf-pid----2012----pid-1
---ebpf-pid----372881----pid-372881
---ebpf-pid----2012----pid-2012
---ebpf-pid----372881----pid-1
---ebpf-pid----2012----pid-1
---ebpf-pid----2012----pid-2012
---ebpf-pid----372881----pid-372881
---ebpf-pid----372881----pid-1
---ebpf-pid----2012----pid-1
---ebpf-pid----372881----pid-372881
---ebpf-pid----2012----pid-2012
---ebpf-pid----372881----pid-1
---ebpf-pid----2012----pid-1
---ebpf-pid----372881----pid-372881
---ebpf-pid----2012----pid-2012
---ebpf-pid----2012----pid-1
---ebpf-pid----372881----pid-1
---ebpf-pid----2012----pid-2012
---ebpf-pid----372881----pid-372881
---ebpf-pid----2012----pid-1
---ebpf-pid----372881----pid-1
---ebpf-pid----372881----pid-372881
---ebpf-pid----2012----pid-2012
---ebpf-pid----2012----pid-1
---ebpf-pid----372881----pid-1
---ebpf-pid----2012----pid-2012
---ebpf-pid----372881----pid-372881
---ebpf-pid----2012----pid-1
---ebpf-pid----372881----pid-1
---ebpf-pid----2012----pid-2012
---ebpf-pid----372881----pid-372881
---ebpf-pid----2012----pid-1
---ebpf-pid----372881----pid-1
---ebpf-pid----372881----pid-372881
---ebpf-pid----372881----pid-1
---ebpf-pid----2089----pid-1
---ebpf-pid----2089----pid-2089
---ebpf-pid----2089----pid-1
---ebpf-pid----2089----pid-2089
---ebpf-pid----2089----pid-1
---ebpf-pid----2089----pid-2089
---ebpf-pid----2089----pid-1
---ebpf-pid----2089----pid-2089
---ebpf-pid----2089----pid-1
---ebpf-pid----2089----pid-2089
---ebpf-pid----2089----pid-1
---ebpf-pid----2089----pid-2089
---ebpf-pid----2089----pid-1
---ebpf-pid----379067----pid-379067
---ebpf-pid----379067----pid-5476
---ebpf-pid----379067----pid-1
---ebpf-pid----372881----pid-372881
---ebpf-pid----379067----pid-379067
---ebpf-pid----372881----pid-1
---ebpf-pid----372881----pid-372881
---ebpf-pid----379067----pid-5476
---ebpf-pid----2012----pid-2012
---ebpf-pid----379067----pid-1
---ebpf-pid----2012----pid-1
---ebpf-pid----2012----pid-2012
---ebpf-pid----2012----pid-1
---ebpf-pid----2012----pid-2012
---ebpf-pid----2012----pid-1
---ebpf-pid----2012----pid-2012
---ebpf-pid----2012----pid-1
---ebpf-pid----2012----pid-2012
---ebpf-pid----2012----pid-1
---ebpf-pid----2012----pid-2012
---ebpf-pid----2012----pid-1
---ebpf-pid----2012----pid-2012
---ebpf-pid----2012----pid-1
---ebpf-pid----2012----pid-2012
---ebpf-pid----2012----pid-1
---ebpf-pid----373029----pid-373029
---ebpf-pid----373029----pid-5476
---ebpf-pid----372881----pid-1
---ebpf-pid----372881----pid-372881
---ebpf-pid----379067----pid-379067
---ebpf-pid----372881----pid-1
---ebpf-pid----372881----pid-372881
---ebpf-pid----372881----pid-1
---ebpf-pid----373029----pid-1
---ebpf-pid----372881----pid-372881
---ebpf-pid----373029----pid-373029
---ebpf-pid----372881----pid-1
---ebpf-pid----373029----pid-5476
---ebpf-pid----372881----pid-372881
---ebpf-pid----373029----pid-1
---ebpf-pid----372881----pid-1
---ebpf-pid----372881----pid-372881
---ebpf-pid----372881----pid-372881
---ebpf-pid----372881----pid-1
---ebpf-pid----372881----pid-1
---ebpf-pid----372881----pid-372881
---ebpf-pid----372881----pid-372881
---ebpf-pid----372881----pid-1
---ebpf-pid----372881----pid-1
---ebpf-pid----5705----pid-5705
---ebpf-pid----372881----pid-372881
---ebpf-pid----5705----pid-5476
---ebpf-pid----372881----pid-1
---ebpf-pid----372881----pid-372881
---ebpf-pid----5705----pid-1
---ebpf-pid----372881----pid-1
---ebpf-pid----373029----pid-373029
---ebpf-pid----372881----pid-372881
---ebpf-pid----373029----pid-5476
---ebpf-pid----372881----pid-1
---ebpf-pid----372881----pid-372881
---ebpf-pid----373029----pid-1
---ebpf-pid----373029----pid-373029
---ebpf-pid----372881----pid-1
---ebpf-pid----372881----pid-372881
---ebpf-pid----373029----pid-5476
---ebpf-pid----372881----pid-1
---ebpf-pid----373029----pid-1
---ebpf-pid----372881----pid-372881
---ebpf-pid----5705----pid-5705
---ebpf-pid----372881----pid-1
---ebpf-pid----5705----pid-5476
---ebpf-pid----373029----pid-373029
---ebpf-pid----5705----pid-1
---ebpf-pid----373029----pid-5476
---ebpf-pid----373029----pid-373029
---ebpf-pid----373029----pid-1
---ebpf-pid----373029----pid-5476
---ebpf-pid----373029----pid-373029
---ebpf-pid----373029----pid-1
---ebpf-pid----373029----pid-5476
---ebpf-pid----373029----pid-373029
---ebpf-pid----373029----pid-1
---ebpf-pid----373029----pid-373029
---ebpf-pid----373029----pid-5476
---ebpf-pid----373029----pid-1
---ebpf-pid----372881----pid-372881
---ebpf-pid----372881----pid-1
---ebpf-pid----372881----pid-372881
---ebpf-pid----372881----pid-1
---ebpf-pid----372881----pid-372881
---ebpf-pid----372881----pid-1
---ebpf-pid----372881----pid-372881
---ebpf-pid----372881----pid-1
---ebpf-pid----372881----pid-372881
---ebpf-pid----372881----pid-1
---ebpf-pid----372881----pid-372881
---ebpf-pid----372881----pid-1
---ebpf-pid----372881----pid-372881
---ebpf-pid----372881----pid-1
---ebpf-pid----372881----pid-372881
---ebpf-pid----372881----pid-1
---ebpf-pid----372881----pid-372881
---ebpf-pid----372881----pid-1
---ebpf-pid----372881----pid-372881
---ebpf-pid----372881----pid-1
---ebpf-pid----372881----pid-372881
---ebpf-pid----372881----pid-1
---ebpf-pid----372881----pid-372881
---ebpf-pid----372881----pid-1
---ebpf-pid----372881----pid-372881
---ebpf-pid----372881----pid-1
---ebpf-pid----372881----pid-372881
---ebpf-pid----372881----pid-1
---ebpf-pid----372881----pid-372881
---ebpf-pid----372881----pid-1
---ebpf-pid----372881----pid-372881
---ebpf-pid----372881----pid-1
---ebpf-pid----372881----pid-372881
---ebpf-pid----372881----pid-1
---ebpf-pid----373029----pid-373029
---ebpf-pid----373029----pid-5476
---ebpf-pid----373029----pid-1
---ebpf-pid----373029----pid-373029
---ebpf-pid----379067----pid-5476
---ebpf-pid----379067----pid-1
---ebpf-pid----373029----pid-5476
---ebpf-pid----2089----pid-2089
---ebpf-pid----373029----pid-1
---ebpf-pid----2089----pid-1
---ebpf-pid----373029----pid-373029
---ebpf-pid----2012----pid-2012
---ebpf-pid----2012----pid-1
---ebpf-pid----373029----pid-5476
---ebpf-pid----2089----pid-2089
---ebpf-pid----373029----pid-1
---ebpf-pid----2089----pid-1
---ebpf-pid----373029----pid-373029
---ebpf-pid----2089----pid-2089
---ebpf-pid----373029----pid-5476
---ebpf-pid----2089----pid-1
---ebpf-pid----2089----pid-2089
---ebpf-pid----373029----pid-5476
---ebpf-pid----2089----pid-1
---ebpf-pid----2089----pid-2089
---ebpf-pid----2089----pid-1
---ebpf-pid----2089----pid-2089
---ebpf-pid----2089----pid-1
---ebpf-pid----448785----pid-448785
---ebpf-pid----448785----pid-448520
---ebpf-pid----448785----pid-1
---ebpf-pid----448785----pid-448785
---ebpf-pid----448785----pid-448520
---ebpf-pid----373029----pid-1
---ebpf-pid----448785----pid-1
---ebpf-pid----5705----pid-5705
---ebpf-pid----5705----pid-5476
---ebpf-pid----5705----pid-1
---ebpf-pid----373029----pid-373029
---ebpf-pid----373029----pid-5476
---ebpf-pid----373029----pid-1
---ebpf-pid----373029----pid-373029
---ebpf-pid----373029----pid-1
---ebpf-pid----373029----pid-5476
---ebpf-pid----373029----pid-373029
---ebpf-pid----373029----pid-1
---ebpf-pid----373029----pid-5476
---ebpf-pid----379067----pid-379067
---ebpf-pid----373029----pid-1
---ebpf-pid----379067----pid-5476
---ebpf-pid----373029----pid-373029
---ebpf-pid----379067----pid-1
---ebpf-pid----373029----pid-5476
---ebpf-pid----379067----pid-379067
---ebpf-pid----373029----pid-1
---ebpf-pid----373029----pid-373029
---ebpf-pid----379067----pid-5476
---ebpf-pid----373029----pid-5476
---ebpf-pid----379067----pid-1
---ebpf-pid----379067----pid-379067
---ebpf-pid----373029----pid-1
---ebpf-pid----5705----pid-5705
---ebpf-pid----379067----pid-5476
---ebpf-pid----379067----pid-1
---ebpf-pid----5705----pid-5476
---ebpf-pid----379067----pid-379067
---ebpf-pid----5705----pid-1
---ebpf-pid----379067----pid-5476
---ebpf-pid----5705----pid-5705
---ebpf-pid----5705----pid-5476
---ebpf-pid----5638----pid-5638
---ebpf-pid----5705----pid-1
---ebpf-pid----379067----pid-1
---ebpf-pid----373029----pid-373029
---ebpf-pid----379067----pid-379067
---ebpf-pid----5638----pid-1
---ebpf-pid----5638----pid-5638
---ebpf-pid----373029----pid-5476
---ebpf-pid----379067----pid-5476
---ebpf-pid----5638----pid-1
---ebpf-pid----373029----pid-1
---ebpf-pid----5638----pid-5638
---ebpf-pid----373029----pid-373029
---ebpf-pid----379067----pid-1
---ebpf-pid----5638----pid-1
---ebpf-pid----379067----pid-379067
---ebpf-pid----2012----pid-2012
---ebpf-pid----373029----pid-5476
---ebpf-pid----2012----pid-1
---ebpf-pid----379067----pid-5476
---ebpf-pid----2012----pid-2012
---ebpf-pid----373029----pid-1
---ebpf-pid----2012----pid-2012
---ebpf-pid----2012----pid-1
---ebpf-pid----379067----pid-1
---ebpf-pid----2012----pid-2012
---ebpf-pid----379067----pid-379067
---ebpf-pid----2012----pid-1
---ebpf-pid----2012----pid-2012
---ebpf-pid----2012----pid-1
---ebpf-pid----379067----pid-5476
---ebpf-pid----2012----pid-2012
---ebpf-pid----2012----pid-1
---ebpf-pid----379067----pid-1
---ebpf-pid----2012----pid-1
---ebpf-pid----2012----pid-2012
---ebpf-pid----379067----pid-379067
---ebpf-pid----2012----pid-2012
---ebpf-pid----2012----pid-1
---ebpf-pid----2012----pid-1
---ebpf-pid----379067----pid-5476
---ebpf-pid----379067----pid-379067
---ebpf-pid----2012----pid-2012
---ebpf-pid----379067----pid-1
---ebpf-pid----379067----pid-5476
---ebpf-pid----2012----pid-1
---ebpf-pid----379067----pid-379067
---ebpf-pid----2012----pid-2012
---ebpf-pid----379067----pid-1
---ebpf-pid----379067----pid-379067
---ebpf-pid----379067----pid-5476
---ebpf-pid----2012----pid-1
---ebpf-pid----379067----pid-5476
---ebpf-pid----2012----pid-2012
---ebpf-pid----379067----pid-1
---ebpf-pid----379067----pid-1
---ebpf-pid----379067----pid-379067
---ebpf-pid----379067----pid-379067
---ebpf-pid----2012----pid-1
---ebpf-pid----2012----pid-2012
---ebpf-pid----379067----pid-5476
---ebpf-pid----379067----pid-5476
---ebpf-pid----379067----pid-1
---ebpf-pid----2012----pid-1
---ebpf-pid----379067----pid-379067
---ebpf-pid----379067----pid-1
---ebpf-pid----2012----pid-2012
---ebpf-pid----379067----pid-379067
---ebpf-pid----379067----pid-5476
---ebpf-pid----2012----pid-1
---ebpf-pid----379067----pid-1
---ebpf-pid----379067----pid-5476
---ebpf-pid----379067----pid-379067
---ebpf-pid----379067----pid-1
---ebpf-pid----379067----pid-379067
---ebpf-pid----379067----pid-5476
---ebpf-pid----379067----pid-5476
---ebpf-pid----379067----pid-1
---ebpf-pid----379067----pid-379067
---ebpf-pid----379067----pid-1
---ebpf-pid----379067----pid-379067
---ebpf-pid----379067----pid-5476
---ebpf-pid----379067----pid-5476
---ebpf-pid----379067----pid-1
---ebpf-pid----379067----pid-379067
---ebpf-pid----379067----pid-1
---ebpf-pid----379067----pid-379067
---ebpf-pid----379067----pid-5476
---ebpf-pid----379067----pid-5476
---ebpf-pid----379067----pid-1
---ebpf-pid----379067----pid-1
---ebpf-pid----379067----pid-379067
---ebpf-pid----379067----pid-379067
---ebpf-pid----379067----pid-5476
---ebpf-pid----379067----pid-5476
---ebpf-pid----379067----pid-1
---ebpf-pid----379067----pid-1
---ebpf-pid----379067----pid-379067
---ebpf-pid----379067----pid-379067
---ebpf-pid----379067----pid-5476
---ebpf-pid----379067----pid-5476
---ebpf-pid----379067----pid-1
---ebpf-pid----379067----pid-1
---ebpf-pid----379067----pid-379067
---ebpf-pid----448785----pid-448785
---ebpf-pid----379067----pid-5476
---ebpf-pid----448785----pid-448520
---ebpf-pid----379067----pid-1
---ebpf-pid----379067----pid-379067
---ebpf-pid----448785----pid-1
---ebpf-pid----379067----pid-5476
---ebpf-pid----448785----pid-448785
---ebpf-pid----379067----pid-1
---ebpf-pid----379067----pid-379067
---ebpf-pid----448785----pid-448520
---ebpf-pid----448785----pid-1
---ebpf-pid----5614----pid-5614
---ebpf-pid----5614----pid-1
---ebpf-pid----448785----pid-448785
---ebpf-pid----448785----pid-448520
---ebpf-pid----448785----pid-1
---ebpf-pid----14----pid-14
---ebpf-pid----14----pid-2
---ebpf-pid----448522----pid-448522
---ebpf-pid----448522----pid-1
---ebpf-pid----448522----pid-448522
---ebpf-pid----448522----pid-1
---ebpf-pid----6671----pid-6671
---ebpf-pid----6671----pid-5476
---ebpf-pid----6671----pid-1
---ebpf-pid----448784----pid-448784
---ebpf-pid----448784----pid-448520
---ebpf-pid----448784----pid-1
---ebpf-pid----448784----pid-448784
---ebpf-pid----448784----pid-448520
---ebpf-pid----448784----pid-1
---ebpf-pid----448783----pid-448783
---ebpf-pid----448783----pid-448520
---ebpf-pid----448783----pid-1
---ebpf-pid----448783----pid-448783
---ebpf-pid----448783----pid-448520
---ebpf-pid----448783----pid-1
---ebpf-pid----448783----pid-448783
---ebpf-pid----448783----pid-448520
---ebpf-pid----448783----pid-1
---ebpf-pid----448783----pid-448783
---ebpf-pid----448783----pid-448520
---ebpf-pid----448783----pid-1
---ebpf-pid----448783----pid-448783
---ebpf-pid----448783----pid-448520
---ebpf-pid----448783----pid-1
---ebpf-pid----448783----pid-448783
---ebpf-pid----448783----pid-448520
---ebpf-pid----448783----pid-1
---ebpf-pid----448783----pid-448783
---ebpf-pid----448783----pid-448520
---ebpf-pid----448783----pid-1
---ebpf-pid----448783----pid-448783
---ebpf-pid----379067----pid-5476
---ebpf-pid----372881----pid-372881
---ebpf-pid----379067----pid-1
---ebpf-pid----372881----pid-1
---ebpf-pid----379067----pid-379067
---ebpf-pid----372881----pid-372881
---ebpf-pid----379067----pid-5476
---ebpf-pid----372881----pid-1
---ebpf-pid----372881----pid-372881
---ebpf-pid----379067----pid-1
---ebpf-pid----372881----pid-1
---ebpf-pid----379067----pid-379067
---ebpf-pid----372881----pid-372881
---ebpf-pid----372881----pid-1
---ebpf-pid----379067----pid-5476
---ebpf-pid----372881----pid-372881
---ebpf-pid----379067----pid-1
---ebpf-pid----372881----pid-1
---ebpf-pid----379067----pid-379067
---ebpf-pid----372881----pid-372881
---ebpf-pid----372881----pid-1
---ebpf-pid----379067----pid-5476
---ebpf-pid----372881----pid-372881
---ebpf-pid----379067----pid-1
---ebpf-pid----372881----pid-1
---ebpf-pid----379067----pid-379067
---ebpf-pid----372881----pid-372881
---ebpf-pid----379067----pid-5476
---ebpf-pid----372881----pid-1
---ebpf-pid----372881----pid-372881
---ebpf-pid----379067----pid-1
---ebpf-pid----379067----pid-379067
---ebpf-pid----372881----pid-1
---ebpf-pid----372881----pid-372881
---ebpf-pid----379067----pid-5476
---ebpf-pid----372881----pid-1
---ebpf-pid----372881----pid-372881
---ebpf-pid----448783----pid-448520
---ebpf-pid----448783----pid-1
---ebpf-pid----448783----pid-448783
---ebpf-pid----379067----pid-1
---ebpf-pid----379067----pid-379067
---ebpf-pid----448783----pid-448520
---ebpf-pid----379067----pid-5476
---ebpf-pid----448783----pid-1
---ebpf-pid----448783----pid-448783
---ebpf-pid----379067----pid-1
---ebpf-pid----379067----pid-379067
---ebpf-pid----448783----pid-448520
---ebpf-pid----448783----pid-1
---ebpf-pid----379067----pid-5476
---ebpf-pid----448783----pid-448783
---ebpf-pid----379067----pid-1
---ebpf-pid----448783----pid-448520
---ebpf-pid----379067----pid-379067
---ebpf-pid----448783----pid-1
---ebpf-pid----5637----pid-5637
---ebpf-pid----379067----pid-5476
---ebpf-pid----5637----pid-1
---ebpf-pid----5637----pid-5637
---ebpf-pid----379067----pid-1
---ebpf-pid----379067----pid-379067
---ebpf-pid----5637----pid-1
---ebpf-pid----5637----pid-5637
---ebpf-pid----379067----pid-5476
---ebpf-pid----5637----pid-1
---ebpf-pid----2088----pid-2088
---ebpf-pid----379067----pid-1
---ebpf-pid----379067----pid-379067
---ebpf-pid----2088----pid-1
---ebpf-pid----2088----pid-2088
---ebpf-pid----379067----pid-5476
---ebpf-pid----2088----pid-1
---ebpf-pid----2088----pid-2088
---ebpf-pid----379067----pid-1
---ebpf-pid----2088----pid-1
---ebpf-pid----379067----pid-379067
---ebpf-pid----2088----pid-2088
---ebpf-pid----379067----pid-5476
---ebpf-pid----2088----pid-1
---ebpf-pid----2088----pid-2088
---ebpf-pid----2088----pid-1
---ebpf-pid----2088----pid-2088
---ebpf-pid----2088----pid-1
---ebpf-pid----2088----pid-2088
---ebpf-pid----372881----pid-1
---ebpf-pid----372881----pid-372881
---ebpf-pid----372881----pid-1
---ebpf-pid----372881----pid-372881
---ebpf-pid----372881----pid-1
---ebpf-pid----372881----pid-372881
---ebpf-pid----379067----pid-1
---ebpf-pid----379067----pid-379067
---ebpf-pid----379067----pid-5476
---ebpf-pid----372881----pid-1
---ebpf-pid----372881----pid-372881
---ebpf-pid----372881----pid-1
---ebpf-pid----372881----pid-372881
---ebpf-pid----372881----pid-1
---ebpf-pid----372881----pid-372881
---ebpf-pid----372881----pid-1
---ebpf-pid----372881----pid-372881
---ebpf-pid----372881----pid-1
---ebpf-pid----372881----pid-372881
---ebpf-pid----379067----pid-1
---ebpf-pid----379067----pid-379067
---ebpf-pid----379067----pid-5476
---ebpf-pid----2088----pid-1
---ebpf-pid----372881----pid-1
---ebpf-pid----2088----pid-2088
---ebpf-pid----2094----pid-2094
---ebpf-pid----2088----pid-1
---ebpf-pid----2088----pid-2088
---ebpf-pid----2088----pid-1
---ebpf-pid----2088----pid-2088
---ebpf-pid----2094----pid-1
---ebpf-pid----2094----pid-2094
---ebpf-pid----2094----pid-1
---ebpf-pid----2094----pid-2094
---ebpf-pid----2094----pid-1
---ebpf-pid----2094----pid-2094
---ebpf-pid----2094----pid-1
---ebpf-pid----2094----pid-2094
---ebpf-pid----2094----pid-1
---ebpf-pid----2094----pid-2094
---ebpf-pid----2094----pid-1
---ebpf-pid----2094----pid-2094
---ebpf-pid----2094----pid-1
---ebpf-pid----2094----pid-2094
---ebpf-pid----379067----pid-1
---ebpf-pid----379067----pid-379067
---ebpf-pid----2094----pid-1
---ebpf-pid----2088----pid-1
---ebpf-pid----2094----pid-2094
---ebpf-pid----379067----pid-5476
---ebpf-pid----2088----pid-2088
---ebpf-pid----379067----pid-1
---ebpf-pid----2088----pid-1
---ebpf-pid----2094----pid-1
---ebpf-pid----379067----pid-379067
---ebpf-pid----2088----pid-2088
---ebpf-pid----372881----pid-372881
---ebpf-pid----2088----pid-1
---ebpf-pid----379067----pid-5476
---ebpf-pid----372881----pid-1
---ebpf-pid----2088----pid-2088
---ebpf-pid----372881----pid-372881
---ebpf-pid----379067----pid-1
---ebpf-pid----2088----pid-1
---ebpf-pid----379067----pid-379067
---ebpf-pid----372881----pid-1
---ebpf-pid----2088----pid-2088
---ebpf-pid----372881----pid-372881
---ebpf-pid----379067----pid-5476
---ebpf-pid----2088----pid-1
---ebpf-pid----2088----pid-2088
---ebpf-pid----372881----pid-1
---ebpf-pid----372881----pid-372881
---ebpf-pid----379067----pid-1
---ebpf-pid----379067----pid-379067
---ebpf-pid----379067----pid-5476
---ebpf-pid----372881----pid-1
---ebpf-pid----372881----pid-372881
---ebpf-pid----379067----pid-1
---ebpf-pid----372881----pid-1
---ebpf-pid----379067----pid-379067
---ebpf-pid----372881----pid-372881
---ebpf-pid----379067----pid-5476
---ebpf-pid----372881----pid-1
---ebpf-pid----372881----pid-372881
---ebpf-pid----379067----pid-1
---ebpf-pid----379067----pid-379067
---ebpf-pid----372881----pid-1
---ebpf-pid----372881----pid-372881
---ebpf-pid----379067----pid-5476
---ebpf-pid----372881----pid-1
---ebpf-pid----372881----pid-372881
---ebpf-pid----379067----pid-1
---ebpf-pid----379067----pid-379067
---ebpf-pid----372881----pid-1
---ebpf-pid----379067----pid-5476
---ebpf-pid----372881----pid-372881
---ebpf-pid----379067----pid-1
---ebpf-pid----379067----pid-379067
---ebpf-pid----379067----pid-5476
---ebpf-pid----379067----pid-1
---ebpf-pid----379067----pid-379067
---ebpf-pid----379067----pid-5476
---ebpf-pid----372881----pid-1
---ebpf-pid----372881----pid-372881
---ebpf-pid----379067----pid-1
---ebpf-pid----379067----pid-379067
---ebpf-pid----379067----pid-5476
---ebpf-pid----379067----pid-1
---ebpf-pid----379067----pid-379067
---ebpf-pid----2088----pid-1
---ebpf-pid----2088----pid-2088
---ebpf-pid----379067----pid-5476
---ebpf-pid----2088----pid-1
---ebpf-pid----379067----pid-1
---ebpf-pid----2088----pid-2088
---ebpf-pid----379067----pid-379067
---ebpf-pid----2088----pid-1
---ebpf-pid----2088----pid-2088
---ebpf-pid----379067----pid-5476
---ebpf-pid----2088----pid-1
---ebpf-pid----2088----pid-2088
---ebpf-pid----379067----pid-1
---ebpf-pid----379067----pid-379067
---ebpf-pid----2088----pid-1
---ebpf-pid----2088----pid-2088
---ebpf-pid----379067----pid-5476
---ebpf-pid----2088----pid-1
---ebpf-pid----2088----pid-2088
---ebpf-pid----379067----pid-1
---ebpf-pid----2088----pid-1
---ebpf-pid----2088----pid-2088
---ebpf-pid----379067----pid-379067
---ebpf-pid----2088----pid-1
---ebpf-pid----2088----pid-2088
---ebpf-pid----379067----pid-5476
---ebpf-pid----2088----pid-1
---ebpf-pid----2088----pid-2088
---ebpf-pid----379067----pid-1
---ebpf-pid----379067----pid-379067
---ebpf-pid----2088----pid-1
---ebpf-pid----2088----pid-2088
---ebpf-pid----379067----pid-5476
---ebpf-pid----2088----pid-1
---ebpf-pid----2088----pid-2088
---ebpf-pid----379067----pid-1
---ebpf-pid----379067----pid-379067
---ebpf-pid----2088----pid-1
---ebpf-pid----2088----pid-2088
---ebpf-pid----379067----pid-5476
---ebpf-pid----2088----pid-1
---ebpf-pid----2088----pid-2088
---ebpf-pid----379067----pid-1
---ebpf-pid----2088----pid-1
---ebpf-pid----2088----pid-2088
---ebpf-pid----2088----pid-1
---ebpf-pid----372881----pid-1
---ebpf-pid----2088----pid-2088
---ebpf-pid----2088----pid-1
---ebpf-pid----2088----pid-2088
---ebpf-pid----2088----pid-1
---ebpf-pid----2088----pid-2088
---ebpf-pid----372881----pid-372881
---ebpf-pid----372881----pid-1
---ebpf-pid----372881----pid-372881
---ebpf-pid----372881----pid-1
---ebpf-pid----372881----pid-372881
---ebpf-pid----372881----pid-1
---ebpf-pid----2088----pid-1
---ebpf-pid----5637----pid-5637
---ebpf-pid----5637----pid-1
---ebpf-pid----372714----pid-372714
---ebpf-pid----372714----pid-5476
---ebpf-pid----372714----pid-1
---ebpf-pid----372714----pid-372714
---ebpf-pid----372714----pid-5476
---ebpf-pid----379067----pid-379067
---ebpf-pid----379067----pid-5476
---ebpf-pid----379067----pid-1
---ebpf-pid----379067----pid-379067
---ebpf-pid----379067----pid-5476
---ebpf-pid----379067----pid-1
---ebpf-pid----379067----pid-379067
---ebpf-pid----379067----pid-5476
---ebpf-pid----379067----pid-1
---ebpf-pid----379067----pid-379067
---ebpf-pid----379067----pid-5476
---ebpf-pid----379067----pid-1
---ebpf-pid----379067----pid-379067
---ebpf-pid----372881----pid-372881
---ebpf-pid----379067----pid-5476
---ebpf-pid----379067----pid-1
---ebpf-pid----372881----pid-1
---ebpf-pid----379067----pid-379067
---ebpf-pid----372881----pid-372881
---ebpf-pid----379067----pid-5476
---ebpf-pid----372881----pid-1
---ebpf-pid----372714----pid-1
---ebpf-pid----372881----pid-372881
---ebpf-pid----372714----pid-372714
---ebpf-pid----379067----pid-1
---ebpf-pid----379067----pid-379067
---ebpf-pid----372881----pid-1
---ebpf-pid----372881----pid-372881
---ebpf-pid----372714----pid-5476
---ebpf-pid----379067----pid-5476
---ebpf-pid----372881----pid-1
---ebpf-pid----372714----pid-1
---ebpf-pid----372881----pid-372881
---ebpf-pid----372714----pid-372714
---ebpf-pid----379067----pid-1
---ebpf-pid----379067----pid-379067
---ebpf-pid----372881----pid-1
---ebpf-pid----372881----pid-372881
---ebpf-pid----379067----pid-5476
---ebpf-pid----372881----pid-1
---ebpf-pid----372881----pid-372881
---ebpf-pid----379067----pid-1
---ebpf-pid----379067----pid-379067
---ebpf-pid----372881----pid-1
---ebpf-pid----372881----pid-372881
---ebpf-pid----379067----pid-5476
---ebpf-pid----372881----pid-1
---ebpf-pid----372881----pid-372881
---ebpf-pid----372881----pid-1
---ebpf-pid----372881----pid-372881
---ebpf-pid----372881----pid-1
---ebpf-pid----372881----pid-372881
---ebpf-pid----372881----pid-1
---ebpf-pid----379067----pid-1
---ebpf-pid----372714----pid-5476
---ebpf-pid----372881----pid-372881
---ebpf-pid----379067----pid-379067
---ebpf-pid----372881----pid-1
---ebpf-pid----372881----pid-372881
---ebpf-pid----379067----pid-5476
---ebpf-pid----372714----pid-1
---ebpf-pid----372881----pid-1
---ebpf-pid----372714----pid-372714
---ebpf-pid----379067----pid-1
---ebpf-pid----372881----pid-372881
---ebpf-pid----379067----pid-379067
---ebpf-pid----372714----pid-5476
---ebpf-pid----372881----pid-1
---ebpf-pid----379067----pid-5476
---ebpf-pid----372881----pid-372881
---ebpf-pid----372714----pid-1
---ebpf-pid----372714----pid-372714
---ebpf-pid----372881----pid-1
---ebpf-pid----379067----pid-1
---ebpf-pid----372881----pid-372881
---ebpf-pid----379067----pid-379067
---ebpf-pid----372714----pid-5476
---ebpf-pid----372881----pid-1
---ebpf-pid----372881----pid-372881
---ebpf-pid----379067----pid-5476
---ebpf-pid----372714----pid-1
---ebpf-pid----372714----pid-372714
---ebpf-pid----372881----pid-1
---ebpf-pid----379067----pid-1
---ebpf-pid----372881----pid-372881
---ebpf-pid----379067----pid-379067
---ebpf-pid----372714----pid-5476
---ebpf-pid----372881----pid-1
---ebpf-pid----372714----pid-1
---ebpf-pid----372881----pid-372881
---ebpf-pid----379067----pid-5476
---ebpf-pid----372714----pid-372714
---ebpf-pid----372881----pid-1
---ebpf-pid----379067----pid-1
---ebpf-pid----372714----pid-5476
---ebpf-pid----372881----pid-372881
---ebpf-pid----379067----pid-379067
---ebpf-pid----372714----pid-1
---ebpf-pid----372881----pid-1
---ebpf-pid----372714----pid-372714
---ebpf-pid----379067----pid-5476
---ebpf-pid----372881----pid-372881
---ebpf-pid----372714----pid-5476
---ebpf-pid----379067----pid-1
---ebpf-pid----372881----pid-1
---ebpf-pid----379067----pid-379067
---ebpf-pid----372881----pid-372881
---ebpf-pid----372714----pid-1
---ebpf-pid----372714----pid-372714
---ebpf-pid----372881----pid-1
---ebpf-pid----379067----pid-5476
---ebpf-pid----372881----pid-372881
---ebpf-pid----372714----pid-5476
---ebpf-pid----379067----pid-1
---ebpf-pid----379067----pid-379067
---ebpf-pid----372714----pid-1
---ebpf-pid----372714----pid-372714
---ebpf-pid----379067----pid-5476
---ebpf-pid----372714----pid-5476
---ebpf-pid----379067----pid-1
---ebpf-pid----372714----pid-1
---ebpf-pid----372714----pid-372714
---ebpf-pid----379067----pid-379067
---ebpf-pid----372714----pid-5476
---ebpf-pid----379067----pid-5476
---ebpf-pid----372714----pid-1
---ebpf-pid----379067----pid-1
---ebpf-pid----379067----pid-379067
---ebpf-pid----5637----pid-5637
---ebpf-pid----5637----pid-1
---ebpf-pid----2088----pid-2088
---ebpf-pid----2088----pid-1
---ebpf-pid----2088----pid-2088
---ebpf-pid----2088----pid-1
---ebpf-pid----372714----pid-372714
---ebpf-pid----372714----pid-5476
---ebpf-pid----372714----pid-1
---ebpf-pid----372881----pid-1
---ebpf-pid----379067----pid-379067
---ebpf-pid----372714----pid-372714
---ebpf-pid----379067----pid-5476
---ebpf-pid----379067----pid-1
---ebpf-pid----379067----pid-379067
---ebpf-pid----379067----pid-5476
---ebpf-pid----379067----pid-1
---ebpf-pid----379067----pid-379067
---ebpf-pid----379067----pid-5476
---ebpf-pid----379067----pid-1
---ebpf-pid----5705----pid-5705
---ebpf-pid----5705----pid-5476
---ebpf-pid----5705----pid-1
---ebpf-pid----5705----pid-5705
---ebpf-pid----5705----pid-5476
---ebpf-pid----5705----pid-1
---ebpf-pid----2012----pid-2012
---ebpf-pid----2012----pid-1
---ebpf-pid----372714----pid-5476
---ebpf-pid----2012----pid-2012
---ebpf-pid----2012----pid-1
---ebpf-pid----2012----pid-2012
---ebpf-pid----2012----pid-1
---ebpf-pid----2012----pid-2012
---ebpf-pid----2012----pid-1
---ebpf-pid----2012----pid-2012
---ebpf-pid----2012----pid-1
---ebpf-pid----2012----pid-2012
---ebpf-pid----2012----pid-1
---ebpf-pid----2012----pid-2012
---ebpf-pid----2012----pid-1
---ebpf-pid----2012----pid-2012
---ebpf-pid----2012----pid-1
---ebpf-pid----2012----pid-2012
---ebpf-pid----372714----pid-1
---ebpf-pid----372714----pid-372714
---ebpf-pid----2012----pid-1
---ebpf-pid----2012----pid-2012
---ebpf-pid----372714----pid-5476
---ebpf-pid----2012----pid-1
---ebpf-pid----2012----pid-2012
---ebpf-pid----372714----pid-1
---ebpf-pid----372714----pid-372714
---ebpf-pid----2012----pid-1
---ebpf-pid----2012----pid-2012
---ebpf-pid----372714----pid-5476
---ebpf-pid----372714----pid-1
---ebpf-pid----372714----pid-372714
---ebpf-pid----379067----pid-5476
---ebpf-pid----379067----pid-1
---ebpf-pid----372714----pid-372714
---ebpf-pid----372714----pid-5476
---ebpf-pid----372714----pid-5476
---ebpf-pid----372714----pid-1
---ebpf-pid----372714----pid-372714
---ebpf-pid----372714----pid-1
---ebpf-pid----372714----pid-372714
---ebpf-pid----372714----pid-5476
---ebpf-pid----372714----pid-1
---ebpf-pid----379067----pid-379067
---ebpf-pid----372714----pid-5476
---ebpf-pid----379067----pid-5476
---ebpf-pid----372714----pid-1
---ebpf-pid----372714----pid-372714
---ebpf-pid----372714----pid-5476
---ebpf-pid----372714----pid-1
---ebpf-pid----372714----pid-372714
---ebpf-pid----372714----pid-5476
---ebpf-pid----372714----pid-1
---ebpf-pid----372714----pid-372714
---ebpf-pid----379067----pid-1
---ebpf-pid----379067----pid-379067
---ebpf-pid----379067----pid-5476
---ebpf-pid----2012----pid-1
---ebpf-pid----2012----pid-2012
---ebpf-pid----379067----pid-1
---ebpf-pid----2012----pid-1
---ebpf-pid----372714----pid-372714
---ebpf-pid----2012----pid-2012
---ebpf-pid----2012----pid-1
---ebpf-pid----372714----pid-5476
---ebpf-pid----2012----pid-2012
---ebpf-pid----372714----pid-1
---ebpf-pid----372714----pid-372714
---ebpf-pid----2012----pid-1
---ebpf-pid----2012----pid-2012
---ebpf-pid----372714----pid-5476
---ebpf-pid----2012----pid-1
---ebpf-pid----2012----pid-2012
---ebpf-pid----2012----pid-1
---ebpf-pid----372714----pid-1
---ebpf-pid----2012----pid-2012
---ebpf-pid----372714----pid-372714
---ebpf-pid----2012----pid-1
---ebpf-pid----2012----pid-2012
---ebpf-pid----2012----pid-1
---ebpf-pid----372714----pid-5476
---ebpf-pid----372714----pid-1
---ebpf-pid----5705----pid-5705
---ebpf-pid----5705----pid-5476
---ebpf-pid----2012----pid-2012
---ebpf-pid----2012----pid-1
---ebpf-pid----2012----pid-2012
---ebpf-pid----2012----pid-1
---ebpf-pid----2012----pid-2012
---ebpf-pid----2012----pid-1
---ebpf-pid----2012----pid-2012
---ebpf-pid----2012----pid-1
---ebpf-pid----2012----pid-2012
---ebpf-pid----2012----pid-1
---ebpf-pid----2012----pid-2012
---ebpf-pid----2012----pid-1
---ebpf-pid----2012----pid-2012
---ebpf-pid----2012----pid-1
---ebpf-pid----2012----pid-2012
---ebpf-pid----2012----pid-1
---ebpf-pid----2012----pid-2012
---ebpf-pid----2012----pid-1
---ebpf-pid----372714----pid-5476
---ebpf-pid----372714----pid-1
---ebpf-pid----2012----pid-2012
---ebpf-pid----2012----pid-2012
---ebpf-pid----2012----pid-1
---ebpf-pid----2012----pid-2012
---ebpf-pid----2012----pid-1
---ebpf-pid----2012----pid-2012
---ebpf-pid----2012----pid-1
---ebpf-pid----2012----pid-2012
---ebpf-pid----2012----pid-1
---ebpf-pid----2012----pid-2012
---ebpf-pid----2012----pid-1
---ebpf-pid----2012----pid-2012
---ebpf-pid----2012----pid-1
---ebpf-pid----2012----pid-2012
---ebpf-pid----2012----pid-1
---ebpf-pid----2012----pid-1
---ebpf-pid----2012----pid-2012
---ebpf-pid----2012----pid-2012
---ebpf-pid----2012----pid-1
---ebpf-pid----2012----pid-1
---ebpf-pid----2012----pid-2012
---ebpf-pid----2012----pid-2012
---ebpf-pid----2012----pid-1
---ebpf-pid----2012----pid-2012
---ebpf-pid----2012----pid-1
---ebpf-pid----2012----pid-2012
---ebpf-pid----2012----pid-1
---ebpf-pid----2012----pid-2012
---ebpf-pid----2012----pid-1
---ebpf-pid----2012----pid-1
---ebpf-pid----2012----pid-2012
---ebpf-pid----2012----pid-2012
---ebpf-pid----2012----pid-1
---ebpf-pid----2012----pid-1
---ebpf-pid----2012----pid-2012
---ebpf-pid----2012----pid-2012
---ebpf-pid----2012----pid-1
---ebpf-pid----2012----pid-1
---ebpf-pid----2012----pid-2012
---ebpf-pid----2012----pid-2012
---ebpf-pid----2012----pid-1
---ebpf-pid----2012----pid-1
---ebpf-pid----2012----pid-2012
---ebpf-pid----2012----pid-2012
---ebpf-pid----2012----pid-1
---ebpf-pid----2012----pid-1
---ebpf-pid----2012----pid-2012
---ebpf-pid----2012----pid-2012
---ebpf-pid----2012----pid-1
---ebpf-pid----2012----pid-1
---ebpf-pid----2012----pid-2012
---ebpf-pid----2012----pid-2012
---ebpf-pid----2012----pid-1
---ebpf-pid----2012----pid-1
---ebpf-pid----2012----pid-2012
---ebpf-pid----2012----pid-2012
---ebpf-pid----2012----pid-1
---ebpf-pid----2012----pid-1
---ebpf-pid----2012----pid-2012
---ebpf-pid----5705----pid-1
---ebpf-pid----2012----pid-2012
---ebpf-pid----2012----pid-1
---ebpf-pid----5705----pid-5705
---ebpf-pid----2012----pid-2012
---ebpf-pid----2012----pid-1
---ebpf-pid----5705----pid-5476
---ebpf-pid----2012----pid-1
---ebpf-pid----2012----pid-2012
---ebpf-pid----2012----pid-2012
---ebpf-pid----5705----pid-1
---ebpf-pid----2012----pid-1
---ebpf-pid----2012----pid-1
---ebpf-pid----379067----pid-379067
---ebpf-pid----2012----pid-2012
---ebpf-pid----2012----pid-2012
---ebpf-pid----379067----pid-5476
---ebpf-pid----2012----pid-1
---ebpf-pid----2012----pid-1
---ebpf-pid----2012----pid-2012
---ebpf-pid----2012----pid-2012
---ebpf-pid----379067----pid-1
---ebpf-pid----379067----pid-379067
---ebpf-pid----2012----pid-1
---ebpf-pid----2012----pid-1
---ebpf-pid----2012----pid-2012
---ebpf-pid----2094----pid-2094
---ebpf-pid----2012----pid-1
---ebpf-pid----2012----pid-2012
---ebpf-pid----379067----pid-5476
---ebpf-pid----2012----pid-1
---ebpf-pid----2012----pid-2012
---ebpf-pid----379067----pid-1
---ebpf-pid----379067----pid-379067
---ebpf-pid----2012----pid-1
---ebpf-pid----2012----pid-2012
---ebpf-pid----379067----pid-5476
---ebpf-pid----2012----pid-1
---ebpf-pid----2012----pid-2012
---ebpf-pid----379067----pid-1
---ebpf-pid----379067----pid-379067
---ebpf-pid----2012----pid-1
---ebpf-pid----2012----pid-2012
---ebpf-pid----379067----pid-5476
---ebpf-pid----2012----pid-1
---ebpf-pid----2012----pid-2012
---ebpf-pid----379067----pid-1
---ebpf-pid----372881----pid-372881
---ebpf-pid----2094----pid-1
---ebpf-pid----2012----pid-1
---ebpf-pid----2094----pid-2094
---ebpf-pid----2012----pid-2012
---ebpf-pid----372881----pid-1
---ebpf-pid----372881----pid-372881
---ebpf-pid----2094----pid-1
---ebpf-pid----2012----pid-1
---ebpf-pid----2012----pid-2012
---ebpf-pid----2094----pid-2094
---ebpf-pid----372881----pid-1
---ebpf-pid----372881----pid-372881
---ebpf-pid----2012----pid-1
---ebpf-pid----2094----pid-1
---ebpf-pid----372881----pid-1
---ebpf-pid----2012----pid-2012
---ebpf-pid----2094----pid-2094
---ebpf-pid----372881----pid-372881
---ebpf-pid----2094----pid-1
---ebpf-pid----372881----pid-1
---ebpf-pid----2094----pid-2094
---ebpf-pid----372881----pid-372881
---ebpf-pid----2094----pid-1
---ebpf-pid----2094----pid-2094
---ebpf-pid----372881----pid-1
---ebpf-pid----372881----pid-372881
---ebpf-pid----2094----pid-1
---ebpf-pid----2094----pid-2094
---ebpf-pid----372881----pid-1
---ebpf-pid----372881----pid-372881
---ebpf-pid----2094----pid-1
---ebpf-pid----2094----pid-2094
---ebpf-pid----372881----pid-1
---ebpf-pid----372881----pid-372881
---ebpf-pid----2094----pid-1
---ebpf-pid----2094----pid-2094
---ebpf-pid----372881----pid-1
---ebpf-pid----2094----pid-1
---ebpf-pid----372881----pid-372881
---ebpf-pid----2094----pid-2094
---ebpf-pid----372881----pid-1
---ebpf-pid----2094----pid-1
---ebpf-pid----372881----pid-372881
---ebpf-pid----2094----pid-2094
---ebpf-pid----372881----pid-1
---ebpf-pid----2094----pid-1
---ebpf-pid----372881----pid-372881
---ebpf-pid----2094----pid-2094
---ebpf-pid----372881----pid-1
---ebpf-pid----372881----pid-372881
---ebpf-pid----2094----pid-1
---ebpf-pid----2094----pid-2094
---ebpf-pid----372881----pid-1
---ebpf-pid----372881----pid-372881
---ebpf-pid----2012----pid-1
---ebpf-pid----372881----pid-1
---ebpf-pid----2012----pid-2012
---ebpf-pid----372881----pid-372881
---ebpf-pid----2012----pid-1
---ebpf-pid----2012----pid-2012
---ebpf-pid----2012----pid-1
---ebpf-pid----372881----pid-1
---ebpf-pid----372881----pid-372881
---ebpf-pid----372881----pid-1
---ebpf-pid----372881----pid-372881
---ebpf-pid----372881----pid-1
---ebpf-pid----372881----pid-372881
---ebpf-pid----372881----pid-1
---ebpf-pid----2012----pid-2012
---ebpf-pid----372881----pid-372881
---ebpf-pid----2012----pid-1
---ebpf-pid----2012----pid-2012
---ebpf-pid----372881----pid-1
---ebpf-pid----372881----pid-372881
---ebpf-pid----2012----pid-1
---ebpf-pid----2012----pid-2012
---ebpf-pid----372881----pid-1
---ebpf-pid----372881----pid-372881
---ebpf-pid----2012----pid-1
---ebpf-pid----2012----pid-2012
---ebpf-pid----372881----pid-1
---ebpf-pid----2012----pid-1
---ebpf-pid----372881----pid-372881
---ebpf-pid----2012----pid-2012
---ebpf-pid----372881----pid-1
---ebpf-pid----2012----pid-1
---ebpf-pid----372881----pid-372881
---ebpf-pid----2012----pid-2012
---ebpf-pid----372881----pid-1
---ebpf-pid----2012----pid-1
---ebpf-pid----372881----pid-372881
---ebpf-pid----2012----pid-2012
---ebpf-pid----372881----pid-1
---ebpf-pid----2012----pid-1
---ebpf-pid----2012----pid-2012
---ebpf-pid----372881----pid-372881
---ebpf-pid----2012----pid-1
---ebpf-pid----372881----pid-1
---ebpf-pid----2012----pid-2012
---ebpf-pid----372881----pid-372881
---ebpf-pid----2012----pid-1
---ebpf-pid----372881----pid-1
---ebpf-pid----2012----pid-2012
---ebpf-pid----372881----pid-372881
---ebpf-pid----2012----pid-1
---ebpf-pid----2012----pid-2012
---ebpf-pid----372881----pid-1
---ebpf-pid----372881----pid-372881
---ebpf-pid----2012----pid-1
---ebpf-pid----2012----pid-2012
---ebpf-pid----372881----pid-1
---ebpf-pid----2012----pid-1
---ebpf-pid----2012----pid-2012
---ebpf-pid----2012----pid-1
---ebpf-pid----2012----pid-2012
---ebpf-pid----372881----pid-372881
---ebpf-pid----2012----pid-1
---ebpf-pid----2012----pid-2012
---ebpf-pid----2012----pid-1
---ebpf-pid----2012----pid-2012
---ebpf-pid----2012----pid-1
---ebpf-pid----2012----pid-2012
---ebpf-pid----2012----pid-1
---ebpf-pid----372881----pid-1
---ebpf-pid----2012----pid-2012
---ebpf-pid----2012----pid-1
---ebpf-pid----2012----pid-2012
---ebpf-pid----372881----pid-372881
---ebpf-pid----2094----pid-1
---ebpf-pid----2094----pid-2094
---ebpf-pid----2012----pid-1
---ebpf-pid----2012----pid-2012
---ebpf-pid----2094----pid-1
---ebpf-pid----2094----pid-2094
---ebpf-pid----2012----pid-1
---ebpf-pid----2094----pid-1
---ebpf-pid----2094----pid-2094
---ebpf-pid----2094----pid-1
---ebpf-pid----372881----pid-1
---ebpf-pid----372881----pid-372881
---ebpf-pid----372881----pid-1
---ebpf-pid----372881----pid-372881
---ebpf-pid----372881----pid-1
---ebpf-pid----372881----pid-372881
---ebpf-pid----372881----pid-1
---ebpf-pid----372881----pid-372881
---ebpf-pid----372881----pid-1
---ebpf-pid----372881----pid-372881
---ebpf-pid----372881----pid-1
---ebpf-pid----372881----pid-372881
---ebpf-pid----372881----pid-1
---ebpf-pid----372881----pid-372881
---ebpf-pid----372881----pid-1
---ebpf-pid----372881----pid-372881
---ebpf-pid----2012----pid-2012
---ebpf-pid----372881----pid-1
---ebpf-pid----2012----pid-1
---ebpf-pid----2012----pid-2012
---ebpf-pid----2012----pid-1
---ebpf-pid----2012----pid-2012
---ebpf-pid----2012----pid-1
---ebpf-pid----2012----pid-2012
---ebpf-pid----2012----pid-1
---ebpf-pid----2012----pid-2012
---ebpf-pid----2012----pid-1
---ebpf-pid----2012----pid-2012
---ebpf-pid----2012----pid-1
---ebpf-pid----2012----pid-2012
---ebpf-pid----2012----pid-1
---ebpf-pid----2012----pid-2012
---ebpf-pid----2012----pid-1
---ebpf-pid----2012----pid-2012
---ebpf-pid----2012----pid-1
---ebpf-pid----2012----pid-2012
---ebpf-pid----2012----pid-1
---ebpf-pid----2012----pid-2012
---ebpf-pid----2094----pid-2094
---ebpf-pid----2012----pid-1
---ebpf-pid----2012----pid-2012
---ebpf-pid----2094----pid-1
---ebpf-pid----2012----pid-1
---ebpf-pid----2094----pid-2094
---ebpf-pid----2012----pid-2012
---ebpf-pid----2094----pid-1
---ebpf-pid----2012----pid-1
---ebpf-pid----448785----pid-448785
---ebpf-pid----2012----pid-2012
---ebpf-pid----448785----pid-448520
---ebpf-pid----2012----pid-1
---ebpf-pid----2012----pid-2012
---ebpf-pid----448785----pid-1
---ebpf-pid----448785----pid-448785
---ebpf-pid----2012----pid-1
---ebpf-pid----2012----pid-2012
---ebpf-pid----448785----pid-448520
---ebpf-pid----2012----pid-1
---ebpf-pid----2012----pid-2012
---ebpf-pid----448785----pid-1
---ebpf-pid----372881----pid-372881
---ebpf-pid----2012----pid-1
---ebpf-pid----2012----pid-2012
---ebpf-pid----372881----pid-1
---ebpf-pid----372881----pid-372881
---ebpf-pid----2012----pid-1
---ebpf-pid----2012----pid-2012
---ebpf-pid----372881----pid-1
---ebpf-pid----372881----pid-372881
---ebpf-pid----2012----pid-1
---ebpf-pid----2012----pid-2012
---ebpf-pid----372881----pid-1
---ebpf-pid----372881----pid-372881
---ebpf-pid----2012----pid-1
---ebpf-pid----2012----pid-2012
---ebpf-pid----372881----pid-1
---ebpf-pid----372881----pid-372881
---ebpf-pid----2012----pid-1
---ebpf-pid----372881----pid-372881
---ebpf-pid----372881----pid-1
---ebpf-pid----372881----pid-372881
---ebpf-pid----372881----pid-1
---ebpf-pid----372881----pid-372881
---ebpf-pid----372881----pid-1
---ebpf-pid----372881----pid-372881
---ebpf-pid----372881----pid-1
---ebpf-pid----372881----pid-372881
---ebpf-pid----372881----pid-1
---ebpf-pid----372881----pid-372881
---ebpf-pid----372881----pid-1
---ebpf-pid----372881----pid-372881
---ebpf-pid----372881----pid-1
---ebpf-pid----372881----pid-372881
---ebpf-pid----2012----pid-2012
---ebpf-pid----372881----pid-1
---ebpf-pid----372881----pid-372881
---ebpf-pid----2012----pid-1
---ebpf-pid----372881----pid-1
---ebpf-pid----372881----pid-372881
---ebpf-pid----372881----pid-1
---ebpf-pid----372881----pid-372881
---ebpf-pid----372881----pid-1
---ebpf-pid----2012----pid-2012
---ebpf-pid----372881----pid-372881
---ebpf-pid----2012----pid-1
---ebpf-pid----2012----pid-2012
---ebpf-pid----372881----pid-1
---ebpf-pid----2012----pid-1
---ebpf-pid----372881----pid-372881
---ebpf-pid----2012----pid-2012
---ebpf-pid----2012----pid-1
---ebpf-pid----372881----pid-1
---ebpf-pid----2012----pid-2012
---ebpf-pid----372881----pid-372881
---ebpf-pid----2012----pid-1
---ebpf-pid----2012----pid-2012
---ebpf-pid----372881----pid-1
---ebpf-pid----372881----pid-372881
---ebpf-pid----2012----pid-1
---ebpf-pid----2012----pid-2012
---ebpf-pid----372881----pid-1
---ebpf-pid----372881----pid-372881
---ebpf-pid----2012----pid-1
---ebpf-pid----373029----pid-373029
---ebpf-pid----372881----pid-1
---ebpf-pid----372881----pid-372881
---ebpf-pid----373029----pid-5476
---ebpf-pid----372881----pid-1
---ebpf-pid----373029----pid-1
---ebpf-pid----372881----pid-372881
---ebpf-pid----373029----pid-373029
---ebpf-pid----372881----pid-1
---ebpf-pid----372881----pid-372881
---ebpf-pid----372881----pid-1
---ebpf-pid----372881----pid-372881
---ebpf-pid----372881----pid-1
---ebpf-pid----372881----pid-372881
---ebpf-pid----372881----pid-1
---ebpf-pid----372881----pid-1
---ebpf-pid----372881----pid-372881
---ebpf-pid----372881----pid-372881
---ebpf-pid----372881----pid-1
---ebpf-pid----372881----pid-1
---ebpf-pid----372881----pid-372881
---ebpf-pid----372881----pid-372881
---ebpf-pid----372881----pid-1
---ebpf-pid----372881----pid-372881
---ebpf-pid----372881----pid-1
---ebpf-pid----372881----pid-372881
---ebpf-pid----373029----pid-5476
---ebpf-pid----373029----pid-1
---ebpf-pid----373029----pid-373029
---ebpf-pid----373029----pid-5476
---ebpf-pid----373029----pid-1
---ebpf-pid----373029----pid-373029
---ebpf-pid----373029----pid-5476
---ebpf-pid----373029----pid-1
---ebpf-pid----373029----pid-373029
---ebpf-pid----373029----pid-5476
---ebpf-pid----373029----pid-1
---ebpf-pid----2012----pid-2012
---ebpf-pid----2012----pid-1
---ebpf-pid----2012----pid-2012
---ebpf-pid----2012----pid-1
---ebpf-pid----2012----pid-2012
---ebpf-pid----2012----pid-1
---ebpf-pid----2012----pid-2012
---ebpf-pid----2012----pid-1
---ebpf-pid----2012----pid-2012
---ebpf-pid----2012----pid-1
---ebpf-pid----2012----pid-2012
---ebpf-pid----2012----pid-1
---ebpf-pid----2012----pid-2012
---ebpf-pid----2012----pid-1
---ebpf-pid----2012----pid-2012
---ebpf-pid----2012----pid-1
---ebpf-pid----372881----pid-1
---ebpf-pid----372881----pid-372881
---ebpf-pid----2012----pid-2012
---ebpf-pid----372881----pid-1
---ebpf-pid----2012----pid-1
---ebpf-pid----372881----pid-372881
---ebpf-pid----2012----pid-2012
---ebpf-pid----2012----pid-1
---ebpf-pid----372881----pid-1
---ebpf-pid----2012----pid-2012
---ebpf-pid----372881----pid-372881
---ebpf-pid----2012----pid-1
---ebpf-pid----2012----pid-2012
---ebpf-pid----372881----pid-1
---ebpf-pid----372881----pid-1
---ebpf-pid----372881----pid-372881
---ebpf-pid----2012----pid-1
---ebpf-pid----372881----pid-372881
---ebpf-pid----2012----pid-2012
---ebpf-pid----372881----pid-1
---ebpf-pid----372881----pid-372881
---ebpf-pid----372881----pid-1
---ebpf-pid----2012----pid-1
---ebpf-pid----372881----pid-372881
---ebpf-pid----2012----pid-2012
---ebpf-pid----372881----pid-1
---ebpf-pid----372881----pid-372881
---ebpf-pid----372881----pid-1
---ebpf-pid----2012----pid-1
---ebpf-pid----372881----pid-372881
---ebpf-pid----2012----pid-2012
---ebpf-pid----372881----pid-1
---ebpf-pid----372881----pid-372881
---ebpf-pid----372881----pid-1
---ebpf-pid----2012----pid-1
---ebpf-pid----372881----pid-372881
---ebpf-pid----2012----pid-2012
---ebpf-pid----2012----pid-1
---ebpf-pid----372881----pid-1
---ebpf-pid----372881----pid-1
---ebpf-pid----2012----pid-2012
---ebpf-pid----372881----pid-372881
---ebpf-pid----372881----pid-372881
---ebpf-pid----372881----pid-1
---ebpf-pid----372881----pid-1
---ebpf-pid----372881----pid-372881
---ebpf-pid----372881----pid-372881
---ebpf-pid----372881----pid-1
---ebpf-pid----372881----pid-1
---ebpf-pid----372881----pid-372881
---ebpf-pid----372881----pid-372881
---ebpf-pid----372881----pid-1
---ebpf-pid----372881----pid-1
---ebpf-pid----372881----pid-372881
---ebpf-pid----372881----pid-372881
---ebpf-pid----372881----pid-1
---ebpf-pid----372881----pid-1
---ebpf-pid----372881----pid-372881
---ebpf-pid----372881----pid-372881
---ebpf-pid----372881----pid-1
---ebpf-pid----372881----pid-1
---ebpf-pid----372881----pid-372881
---ebpf-pid----372881----pid-372881
---ebpf-pid----372881----pid-1
---ebpf-pid----372881----pid-1
---ebpf-pid----2012----pid-1
---ebpf-pid----372881----pid-372881
---ebpf-pid----372881----pid-372881
---ebpf-pid----2012----pid-2012
---ebpf-pid----372881----pid-1
---ebpf-pid----2012----pid-1
---ebpf-pid----372881----pid-372881
---ebpf-pid----2012----pid-2012
---ebpf-pid----372881----pid-1
---ebpf-pid----372881----pid-1
---ebpf-pid----2012----pid-1
---ebpf-pid----372881----pid-372881
---ebpf-pid----372881----pid-372881
---ebpf-pid----2012----pid-2012
---ebpf-pid----2012----pid-1
---ebpf-pid----372881----pid-1
---ebpf-pid----372881----pid-1
---ebpf-pid----2012----pid-2012
---ebpf-pid----372881----pid-372881
---ebpf-pid----372881----pid-372881
---ebpf-pid----2012----pid-1
---ebpf-pid----372881----pid-1
---ebpf-pid----6671----pid-6671
---ebpf-pid----372881----pid-1
---ebpf-pid----372881----pid-372881
---ebpf-pid----372881----pid-372881
---ebpf-pid----6671----pid-5476
---ebpf-pid----372881----pid-1
---ebpf-pid----372881----pid-372881
---ebpf-pid----6671----pid-1
---ebpf-pid----372881----pid-1
---ebpf-pid----6671----pid-6671
---ebpf-pid----372881----pid-372881
---ebpf-pid----372881----pid-1
---ebpf-pid----372881----pid-372881
---ebpf-pid----6671----pid-5476
---ebpf-pid----372881----pid-1
---ebpf-pid----372881----pid-1
---ebpf-pid----6671----pid-1
---ebpf-pid----372881----pid-372881
---ebpf-pid----372881----pid-372881
---ebpf-pid----6671----pid-6671
---ebpf-pid----372881----pid-1
---ebpf-pid----372881----pid-372881
---ebpf-pid----6671----pid-5476
---ebpf-pid----372881----pid-1
---ebpf-pid----372881----pid-372881
---ebpf-pid----6671----pid-1
---ebpf-pid----373029----pid-373029
---ebpf-pid----372881----pid-1
---ebpf-pid----372881----pid-372881
---ebpf-pid----373029----pid-5476
---ebpf-pid----372881----pid-1
---ebpf-pid----372881----pid-1
---ebpf-pid----372881----pid-372881
---ebpf-pid----372881----pid-372881
---ebpf-pid----373029----pid-1
---ebpf-pid----372881----pid-1
---ebpf-pid----372881----pid-372881
---ebpf-pid----372881----pid-1
---ebpf-pid----372881----pid-1
---ebpf-pid----372881----pid-372881
---ebpf-pid----372881----pid-372881
---ebpf-pid----372881----pid-1
---ebpf-pid----372881----pid-1
---ebpf-pid----372881----pid-372881
---ebpf-pid----372881----pid-372881
---ebpf-pid----372881----pid-1
---ebpf-pid----372881----pid-372881
---ebpf-pid----372881----pid-1
---ebpf-pid----372881----pid-1
---ebpf-pid----372881----pid-372881
---ebpf-pid----372881----pid-372881
---ebpf-pid----372881----pid-1
---ebpf-pid----372881----pid-372881
---ebpf-pid----372881----pid-1
---ebpf-pid----372881----pid-372881
---ebpf-pid----372881----pid-1
---ebpf-pid----372881----pid-372881
---ebpf-pid----372881----pid-1
---ebpf-pid----372881----pid-372881
---ebpf-pid----372881----pid-1
---ebpf-pid----372881----pid-372881
---ebpf-pid----372881----pid-1
---ebpf-pid----372881----pid-1
---ebpf-pid----372881----pid-372881
---ebpf-pid----372881----pid-372881
---ebpf-pid----372881----pid-1
---ebpf-pid----372881----pid-1
---ebpf-pid----372881----pid-372881
---ebpf-pid----372881----pid-372881
---ebpf-pid----372881----pid-1
---ebpf-pid----372881----pid-372881
---ebpf-pid----372881----pid-1
---ebpf-pid----372881----pid-372881
---ebpf-pid----372881----pid-1
---ebpf-pid----372881----pid-372881
---ebpf-pid----372881----pid-1
---ebpf-pid----372881----pid-372881
---ebpf-pid----372881----pid-1
---ebpf-pid----372881----pid-372881
---ebpf-pid----372881----pid-1
---ebpf-pid----372881----pid-372881
---ebpf-pid----372881----pid-1
---ebpf-pid----372881----pid-372881
---ebpf-pid----372881----pid-1
---ebpf-pid----372881----pid-372881
---ebpf-pid----372881----pid-1
---ebpf-pid----372881----pid-372881
---ebpf-pid----372881----pid-1
---ebpf-pid----373029----pid-373029
---ebpf-pid----372881----pid-372881
---ebpf-pid----372881----pid-1
---ebpf-pid----373029----pid-5476
---ebpf-pid----372881----pid-372881
---ebpf-pid----373029----pid-1
---ebpf-pid----2012----pid-2012
---ebpf-pid----372881----pid-1
---ebpf-pid----372881----pid-372881
---ebpf-pid----2012----pid-1
---ebpf-pid----372881----pid-1
---ebpf-pid----2012----pid-2012
---ebpf-pid----372881----pid-372881
---ebpf-pid----2012----pid-1
---ebpf-pid----372881----pid-1
---ebpf-pid----2012----pid-2012
---ebpf-pid----372881----pid-372881
---ebpf-pid----2012----pid-1
---ebpf-pid----2012----pid-2012
---ebpf-pid----2012----pid-1
---ebpf-pid----372881----pid-1
---ebpf-pid----2012----pid-2012
---ebpf-pid----372881----pid-372881
---ebpf-pid----2012----pid-1
---ebpf-pid----372881----pid-1
---ebpf-pid----2012----pid-2012
---ebpf-pid----372881----pid-372881
---ebpf-pid----2012----pid-1
---ebpf-pid----2012----pid-2012
---ebpf-pid----372881----pid-1
---ebpf-pid----372881----pid-372881
---ebpf-pid----2012----pid-1
---ebpf-pid----2012----pid-2012
---ebpf-pid----372881----pid-1
---ebpf-pid----5705----pid-5705
---ebpf-pid----2012----pid-1
---ebpf-pid----2012----pid-2012
---ebpf-pid----5705----pid-5476
---ebpf-pid----2012----pid-1
---ebpf-pid----5705----pid-1
---ebpf-pid----2012----pid-2012
---ebpf-pid----5705----pid-5705
---ebpf-pid----2012----pid-1
---ebpf-pid----2012----pid-2012
---ebpf-pid----5705----pid-5476
---ebpf-pid----2012----pid-1
---ebpf-pid----5705----pid-1
---ebpf-pid----2012----pid-2012
---ebpf-pid----5705----pid-5705
---ebpf-pid----2012----pid-1
---ebpf-pid----5705----pid-5476
---ebpf-pid----2012----pid-2012
---ebpf-pid----2012----pid-1
---ebpf-pid----5705----pid-1
---ebpf-pid----2012----pid-2012
---ebpf-pid----5705----pid-5705
---ebpf-pid----2012----pid-1
---ebpf-pid----5705----pid-5476
---ebpf-pid----2012----pid-2012
---ebpf-pid----2012----pid-1
---ebpf-pid----5705----pid-1
---ebpf-pid----2012----pid-2012
---ebpf-pid----5705----pid-5705
---ebpf-pid----2012----pid-1
---ebpf-pid----5705----pid-5476
---ebpf-pid----2012----pid-2012
---ebpf-pid----5705----pid-1
---ebpf-pid----2012----pid-1
---ebpf-pid----5705----pid-5705
---ebpf-pid----2012----pid-2012
---ebpf-pid----5705----pid-5476
---ebpf-pid----2012----pid-1
---ebpf-pid----2012----pid-2012
---ebpf-pid----5705----pid-1
---ebpf-pid----2012----pid-1
---ebpf-pid----5705----pid-5705
---ebpf-pid----2012----pid-2012
---ebpf-pid----5705----pid-5476
---ebpf-pid----2012----pid-1
---ebpf-pid----2012----pid-2012
---ebpf-pid----5705----pid-1
---ebpf-pid----5705----pid-5705
---ebpf-pid----2012----pid-1
---ebpf-pid----2012----pid-2012
---ebpf-pid----2012----pid-1
---ebpf-pid----5705----pid-5476
---ebpf-pid----2012----pid-2012
---ebpf-pid----5705----pid-1
---ebpf-pid----2012----pid-1
---ebpf-pid----5705----pid-5705
---ebpf-pid----2012----pid-2012
---ebpf-pid----5705----pid-5476
---ebpf-pid----2012----pid-1
---ebpf-pid----2012----pid-2012
---ebpf-pid----5705----pid-1
---ebpf-pid----2012----pid-1
---ebpf-pid----5705----pid-5705
---ebpf-pid----2012----pid-2012
---ebpf-pid----2012----pid-1
---ebpf-pid----5705----pid-5476
---ebpf-pid----2012----pid-2012
---ebpf-pid----372881----pid-1
---ebpf-pid----372881----pid-372881
---ebpf-pid----372881----pid-1
---ebpf-pid----372881----pid-372881
---ebpf-pid----372881----pid-1
---ebpf-pid----372881----pid-372881
---ebpf-pid----372881----pid-1
---ebpf-pid----372881----pid-372881
---ebpf-pid----372881----pid-1
---ebpf-pid----372881----pid-372881
---ebpf-pid----372881----pid-1
---ebpf-pid----372881----pid-372881
---ebpf-pid----372881----pid-1
---ebpf-pid----372881----pid-372881
---ebpf-pid----372881----pid-1
---ebpf-pid----372881----pid-372881
---ebpf-pid----5705----pid-1
---ebpf-pid----5705----pid-5705
---ebpf-pid----5705----pid-5476
---ebpf-pid----5705----pid-1
---ebpf-pid----5705----pid-5705
---ebpf-pid----5705----pid-5476
---ebpf-pid----5705----pid-1
---ebpf-pid----5705----pid-5705
---ebpf-pid----5705----pid-5476
---ebpf-pid----5705----pid-1
---ebpf-pid----5705----pid-5705
---ebpf-pid----5705----pid-5476
---ebpf-pid----5705----pid-1
---ebpf-pid----5705----pid-5705
---ebpf-pid----5705----pid-5476
---ebpf-pid----2012----pid-1
---ebpf-pid----2012----pid-2012
---ebpf-pid----5705----pid-1
---ebpf-pid----5705----pid-5705
---ebpf-pid----2012----pid-1
---ebpf-pid----5705----pid-5476
---ebpf-pid----2012----pid-2012
---ebpf-pid----372881----pid-1
---ebpf-pid----372881----pid-372881
---ebpf-pid----2012----pid-1
---ebpf-pid----5705----pid-1
---ebpf-pid----372881----pid-1
---ebpf-pid----2012----pid-2012
---ebpf-pid----372714----pid-372714
---ebpf-pid----372881----pid-372881
---ebpf-pid----2012----pid-1
---ebpf-pid----372714----pid-5476
---ebpf-pid----372881----pid-1
---ebpf-pid----2012----pid-2012
---ebpf-pid----372881----pid-372881
---ebpf-pid----372714----pid-1
---ebpf-pid----2012----pid-1
---ebpf-pid----372714----pid-372714
---ebpf-pid----372881----pid-1
---ebpf-pid----2012----pid-2012
---ebpf-pid----372881----pid-372881
---ebpf-pid----372714----pid-5476
---ebpf-pid----2012----pid-1
---ebpf-pid----2012----pid-2012
---ebpf-pid----372881----pid-1
---ebpf-pid----372881----pid-372881
---ebpf-pid----372714----pid-1
---ebpf-pid----5705----pid-5705
---ebpf-pid----2012----pid-1
---ebpf-pid----2012----pid-2012
---ebpf-pid----372881----pid-1
---ebpf-pid----5705----pid-5476
---ebpf-pid----372881----pid-372881
---ebpf-pid----2012----pid-1
---ebpf-pid----2012----pid-2012
---ebpf-pid----5705----pid-1
---ebpf-pid----2012----pid-1
---ebpf-pid----2012----pid-2012
---ebpf-pid----2012----pid-1
---ebpf-pid----373029----pid-373029
---ebpf-pid----373029----pid-5476
---ebpf-pid----373029----pid-1
---ebpf-pid----373029----pid-373029
---ebpf-pid----373029----pid-5476
---ebpf-pid----373029----pid-1
---ebpf-pid----373029----pid-373029
---ebpf-pid----373029----pid-5476
---ebpf-pid----372881----pid-1
---ebpf-pid----373029----pid-1
---ebpf-pid----373029----pid-373029
---ebpf-pid----372881----pid-372881
---ebpf-pid----373029----pid-5476
---ebpf-pid----372881----pid-1
---ebpf-pid----372881----pid-372881
---ebpf-pid----373029----pid-1
---ebpf-pid----373029----pid-373029
---ebpf-pid----373029----pid-5476
---ebpf-pid----373029----pid-1
---ebpf-pid----373029----pid-373029
---ebpf-pid----373029----pid-5476
---ebpf-pid----373029----pid-1
---ebpf-pid----373029----pid-373029
---ebpf-pid----373029----pid-5476
---ebpf-pid----373029----pid-1
---ebpf-pid----373029----pid-373029
---ebpf-pid----373029----pid-5476
---ebpf-pid----373029----pid-1
---ebpf-pid----373029----pid-373029
---ebpf-pid----373029----pid-5476
---ebpf-pid----373029----pid-1
---ebpf-pid----373029----pid-373029
---ebpf-pid----373029----pid-5476
---ebpf-pid----373029----pid-1
---ebpf-pid----373029----pid-373029
---ebpf-pid----373029----pid-5476
---ebpf-pid----373029----pid-1
---ebpf-pid----373029----pid-373029
---ebpf-pid----373029----pid-5476
---ebpf-pid----373029----pid-1
---ebpf-pid----373029----pid-373029
---ebpf-pid----373029----pid-5476
---ebpf-pid----373029----pid-1
---ebpf-pid----373029----pid-373029
---ebpf-pid----373029----pid-5476
---ebpf-pid----373029----pid-1
---ebpf-pid----373029----pid-373029
---ebpf-pid----5705----pid-5705
---ebpf-pid----5705----pid-5476
---ebpf-pid----5705----pid-1
---ebpf-pid----5705----pid-5705
---ebpf-pid----5705----pid-5476
---ebpf-pid----373029----pid-5476
---ebpf-pid----373029----pid-1
---ebpf-pid----5705----pid-1
---ebpf-pid----373029----pid-373029
---ebpf-pid----372714----pid-372714
---ebpf-pid----373029----pid-5476
---ebpf-pid----372714----pid-5476
---ebpf-pid----373029----pid-1
---ebpf-pid----372714----pid-1
---ebpf-pid----373029----pid-373029
---ebpf-pid----372714----pid-372714
---ebpf-pid----373029----pid-5476
---ebpf-pid----372714----pid-5476
---ebpf-pid----373029----pid-1
---ebpf-pid----373029----pid-373029
---ebpf-pid----372714----pid-1
---ebpf-pid----372714----pid-372714
---ebpf-pid----373029----pid-5476
---ebpf-pid----372714----pid-5476
---ebpf-pid----373029----pid-1
---ebpf-pid----373029----pid-373029
---ebpf-pid----372714----pid-1
---ebpf-pid----372714----pid-372714
---ebpf-pid----373029----pid-5476
---ebpf-pid----372714----pid-5476
---ebpf-pid----373029----pid-1
---ebpf-pid----373029----pid-373029
---ebpf-pid----372714----pid-1
---ebpf-pid----372714----pid-372714
---ebpf-pid----373029----pid-5476
---ebpf-pid----373029----pid-1
---ebpf-pid----372714----pid-5476
---ebpf-pid----373029----pid-373029
---ebpf-pid----372714----pid-1
---ebpf-pid----373029----pid-5476
---ebpf-pid----372714----pid-372714
---ebpf-pid----372714----pid-5476
---ebpf-pid----372714----pid-1
---ebpf-pid----5705----pid-5705
---ebpf-pid----373029----pid-1
---ebpf-pid----373029----pid-373029
---ebpf-pid----5705----pid-5476
---ebpf-pid----373029----pid-5476
---ebpf-pid----5705----pid-1
---ebpf-pid----373029----pid-1
---ebpf-pid----5705----pid-5705
---ebpf-pid----373029----pid-373029
---ebpf-pid----5705----pid-5476
---ebpf-pid----373029----pid-5476
---ebpf-pid----5705----pid-1
---ebpf-pid----373029----pid-1
---ebpf-pid----5705----pid-5705
---ebpf-pid----373029----pid-373029
---ebpf-pid----373029----pid-5476
---ebpf-pid----5705----pid-5476
---ebpf-pid----373029----pid-1
---ebpf-pid----5705----pid-1
---ebpf-pid----373029----pid-373029
---ebpf-pid----5705----pid-5705
---ebpf-pid----373029----pid-5476
---ebpf-pid----372881----pid-1
---ebpf-pid----5705----pid-5476
---ebpf-pid----373029----pid-1
---ebpf-pid----372881----pid-372881
---ebpf-pid----373029----pid-373029
---ebpf-pid----372881----pid-1
---ebpf-pid----5705----pid-1
---ebpf-pid----372881----pid-372881
---ebpf-pid----373029----pid-5476
---ebpf-pid----5705----pid-5705
---ebpf-pid----372881----pid-1
---ebpf-pid----373029----pid-1
---ebpf-pid----5705----pid-5476
---ebpf-pid----372881----pid-372881
---ebpf-pid----373029----pid-373029
---ebpf-pid----5705----pid-1
---ebpf-pid----372881----pid-1
---ebpf-pid----373029----pid-5476
---ebpf-pid----5705----pid-5705
---ebpf-pid----372881----pid-372881
---ebpf-pid----373029----pid-1
---ebpf-pid----5705----pid-5476
---ebpf-pid----372881----pid-1
---ebpf-pid----373029----pid-373029
---ebpf-pid----372881----pid-372881
---ebpf-pid----5705----pid-1
---ebpf-pid----373029----pid-5476
---ebpf-pid----372714----pid-372714
---ebpf-pid----372881----pid-1
---ebpf-pid----372881----pid-372881
---ebpf-pid----373029----pid-1
---ebpf-pid----372714----pid-5476
---ebpf-pid----373029----pid-373029
---ebpf-pid----372881----pid-1
---ebpf-pid----372714----pid-1
---ebpf-pid----372881----pid-372881
---ebpf-pid----373029----pid-5476
---ebpf-pid----372714----pid-372714
---ebpf-pid----372881----pid-1
---ebpf-pid----372714----pid-5476
---ebpf-pid----373029----pid-1
---ebpf-pid----372881----pid-372881
---ebpf-pid----373029----pid-373029
---ebpf-pid----372714----pid-1
---ebpf-pid----372881----pid-1
---ebpf-pid----5705----pid-5705
---ebpf-pid----373029----pid-5476
---ebpf-pid----372881----pid-372881
---ebpf-pid----373029----pid-1
---ebpf-pid----372881----pid-1
---ebpf-pid----373029----pid-373029
---ebpf-pid----372881----pid-372881
---ebpf-pid----5705----pid-5476
---ebpf-pid----373029----pid-5476
---ebpf-pid----372881----pid-1
---ebpf-pid----2094----pid-2094
---ebpf-pid----5705----pid-1
---ebpf-pid----373029----pid-1
---ebpf-pid----5705----pid-5705
---ebpf-pid----373029----pid-373029
---ebpf-pid----2094----pid-1
---ebpf-pid----2094----pid-2094
---ebpf-pid----373029----pid-5476
---ebpf-pid----5705----pid-5476
---ebpf-pid----2094----pid-1
---ebpf-pid----2094----pid-2094
---ebpf-pid----373029----pid-1
---ebpf-pid----373029----pid-373029
---ebpf-pid----5705----pid-1
---ebpf-pid----2094----pid-1
---ebpf-pid----5705----pid-5705
---ebpf-pid----2094----pid-2094
---ebpf-pid----373029----pid-5476
---ebpf-pid----2094----pid-1
---ebpf-pid----5705----pid-5476
---ebpf-pid----373029----pid-1
---ebpf-pid----2094----pid-2094
---ebpf-pid----373029----pid-373029
---ebpf-pid----5705----pid-1
---ebpf-pid----372714----pid-372714
---ebpf-pid----2094----pid-1
---ebpf-pid----373029----pid-5476
---ebpf-pid----2094----pid-2094
---ebpf-pid----2094----pid-1
---ebpf-pid----372714----pid-5476
---ebpf-pid----2094----pid-2094
---ebpf-pid----2094----pid-1
---ebpf-pid----372714----pid-1
---ebpf-pid----2094----pid-2094
---ebpf-pid----372714----pid-372714
---ebpf-pid----2094----pid-1
---ebpf-pid----2094----pid-2094
---ebpf-pid----372714----pid-5476
---ebpf-pid----2094----pid-1
---ebpf-pid----2094----pid-2094
---ebpf-pid----372714----pid-1
---ebpf-pid----372714----pid-372714
---ebpf-pid----2094----pid-1
---ebpf-pid----448783----pid-448783
---ebpf-pid----372714----pid-5476
---ebpf-pid----448783----pid-448520
---ebpf-pid----372714----pid-1
---ebpf-pid----372714----pid-372714
---ebpf-pid----448783----pid-1
---ebpf-pid----372714----pid-5476
---ebpf-pid----448783----pid-448783
---ebpf-pid----448783----pid-448520
---ebpf-pid----372714----pid-1
---ebpf-pid----372881----pid-372881
---ebpf-pid----448783----pid-1
---ebpf-pid----448783----pid-448783
---ebpf-pid----448783----pid-448520
---ebpf-pid----448783----pid-1
---ebpf-pid----448783----pid-448783
---ebpf-pid----448783----pid-448520
---ebpf-pid----448783----pid-1
---ebpf-pid----448783----pid-448783
---ebpf-pid----448783----pid-448520
---ebpf-pid----448783----pid-1
---ebpf-pid----372881----pid-1
---ebpf-pid----372881----pid-372881
---ebpf-pid----373029----pid-1
---ebpf-pid----373029----pid-373029
---ebpf-pid----373029----pid-5476
---ebpf-pid----372881----pid-1
---ebpf-pid----372881----pid-372881
---ebpf-pid----373029----pid-1
---ebpf-pid----373029----pid-373029
---ebpf-pid----373029----pid-5476
---ebpf-pid----372881----pid-1
---ebpf-pid----372881----pid-372881
---ebpf-pid----372881----pid-1
---ebpf-pid----372881----pid-372881
---ebpf-pid----373029----pid-1
---ebpf-pid----373029----pid-373029
---ebpf-pid----373029----pid-5476
---ebpf-pid----373029----pid-1
---ebpf-pid----373029----pid-373029
---ebpf-pid----373029----pid-5476
---ebpf-pid----373029----pid-1
---ebpf-pid----373029----pid-373029
---ebpf-pid----373029----pid-5476
---ebpf-pid----372881----pid-1
---ebpf-pid----448783----pid-448783
---ebpf-pid----372881----pid-372881
---ebpf-pid----372881----pid-1
---ebpf-pid----372881----pid-372881
---ebpf-pid----448783----pid-448520
---ebpf-pid----448783----pid-1
---ebpf-pid----448783----pid-448783
---ebpf-pid----448783----pid-448520
---ebpf-pid----372881----pid-1
---ebpf-pid----372881----pid-372881
---ebpf-pid----372881----pid-1
---ebpf-pid----373029----pid-1
---ebpf-pid----373029----pid-373029
---ebpf-pid----373029----pid-5476
---ebpf-pid----373029----pid-1
---ebpf-pid----373029----pid-373029
---ebpf-pid----373029----pid-5476
---ebpf-pid----448783----pid-1
---ebpf-pid----448783----pid-448783
---ebpf-pid----372881----pid-372881
---ebpf-pid----448783----pid-448520
---ebpf-pid----372881----pid-1
---ebpf-pid----448783----pid-1
---ebpf-pid----372881----pid-372881
---ebpf-pid----448783----pid-448783
---ebpf-pid----372881----pid-1
---ebpf-pid----372881----pid-372881
---ebpf-pid----448783----pid-448520
---ebpf-pid----372881----pid-1
---ebpf-pid----448783----pid-1
---ebpf-pid----372881----pid-372881
---ebpf-pid----448783----pid-448783
---ebpf-pid----448783----pid-448520
---ebpf-pid----372881----pid-1
---ebpf-pid----372881----pid-372881
---ebpf-pid----448783----pid-1
---ebpf-pid----448783----pid-448783
---ebpf-pid----372881----pid-1
---ebpf-pid----372881----pid-372881
---ebpf-pid----448783----pid-448520
---ebpf-pid----372881----pid-1
---ebpf-pid----372881----pid-372881
---ebpf-pid----372881----pid-1
---ebpf-pid----372881----pid-372881
---ebpf-pid----372881----pid-1
---ebpf-pid----372881----pid-372881
---ebpf-pid----372881----pid-1
---ebpf-pid----373029----pid-1
---ebpf-pid----372881----pid-372881
---ebpf-pid----373029----pid-373029
---ebpf-pid----372881----pid-1
---ebpf-pid----372881----pid-372881
---ebpf-pid----373029----pid-5476
---ebpf-pid----372881----pid-1
---ebpf-pid----373029----pid-1
---ebpf-pid----372881----pid-372881
---ebpf-pid----373029----pid-373029
---ebpf-pid----372881----pid-1
---ebpf-pid----373029----pid-5476
---ebpf-pid----372881----pid-372881
---ebpf-pid----373029----pid-1
---ebpf-pid----373029----pid-373029
---ebpf-pid----372881----pid-1
---ebpf-pid----372881----pid-372881
---ebpf-pid----373029----pid-5476
---ebpf-pid----372881----pid-1
---ebpf-pid----373029----pid-1
---ebpf-pid----372881----pid-372881
---ebpf-pid----373029----pid-373029
---ebpf-pid----372881----pid-1
---ebpf-pid----373029----pid-5476
---ebpf-pid----372881----pid-372881
---ebpf-pid----373029----pid-1
---ebpf-pid----372881----pid-1
---ebpf-pid----373029----pid-373029
---ebpf-pid----372881----pid-372881
---ebpf-pid----372881----pid-1
---ebpf-pid----372881----pid-372881
---ebpf-pid----372881----pid-1
---ebpf-pid----372881----pid-372881
---ebpf-pid----448783----pid-1
---ebpf-pid----372881----pid-1
---ebpf-pid----448783----pid-448783
---ebpf-pid----372881----pid-372881
---ebpf-pid----372881----pid-1
---ebpf-pid----448783----pid-448520
---ebpf-pid----372881----pid-372881
---ebpf-pid----448783----pid-1
---ebpf-pid----372881----pid-1
---ebpf-pid----448783----pid-448783
---ebpf-pid----372881----pid-372881
---ebpf-pid----448783----pid-448520
---ebpf-pid----372881----pid-1
---ebpf-pid----448783----pid-1
---ebpf-pid----372881----pid-372881
---ebpf-pid----448783----pid-448783
---ebpf-pid----448783----pid-448520
---ebpf-pid----372881----pid-1
---ebpf-pid----372881----pid-372881
---ebpf-pid----448783----pid-1
---ebpf-pid----448783----pid-448783
---ebpf-pid----372881----pid-1
---ebpf-pid----372881----pid-372881
---ebpf-pid----372881----pid-1
---ebpf-pid----372881----pid-372881
---ebpf-pid----372881----pid-1
---ebpf-pid----372881----pid-372881
---ebpf-pid----372881----pid-1
---ebpf-pid----372881----pid-372881
---ebpf-pid----373029----pid-5476
---ebpf-pid----372881----pid-1
---ebpf-pid----372881----pid-372881
---ebpf-pid----373029----pid-1
---ebpf-pid----373029----pid-373029
---ebpf-pid----372881----pid-1
---ebpf-pid----372881----pid-372881
---ebpf-pid----373029----pid-5476
---ebpf-pid----372881----pid-1
---ebpf-pid----373029----pid-1
---ebpf-pid----372881----pid-372881
---ebpf-pid----373029----pid-373029
---ebpf-pid----372881----pid-1
---ebpf-pid----372881----pid-372881
---ebpf-pid----372881----pid-1
---ebpf-pid----372881----pid-372881
---ebpf-pid----372881----pid-1
---ebpf-pid----448783----pid-448520
---ebpf-pid----372881----pid-372881
---ebpf-pid----372881----pid-1
---ebpf-pid----372881----pid-372881
---ebpf-pid----448783----pid-1
---ebpf-pid----448783----pid-448783
---ebpf-pid----372881----pid-1
---ebpf-pid----448783----pid-448520
---ebpf-pid----372881----pid-372881
---ebpf-pid----372881----pid-1
---ebpf-pid----372881----pid-372881
---ebpf-pid----372881----pid-1
---ebpf-pid----372881----pid-372881
---ebpf-pid----372881----pid-1
---ebpf-pid----372881----pid-372881
---ebpf-pid----373029----pid-5476
---ebpf-pid----372881----pid-1
---ebpf-pid----373029----pid-1
---ebpf-pid----372881----pid-372881
---ebpf-pid----373029----pid-373029
---ebpf-pid----373029----pid-5476
---ebpf-pid----372881----pid-1
---ebpf-pid----372881----pid-372881
---ebpf-pid----373029----pid-1
---ebpf-pid----373029----pid-373029
---ebpf-pid----372881----pid-1
---ebpf-pid----372881----pid-372881
---ebpf-pid----373029----pid-5476
---ebpf-pid----372881----pid-1
---ebpf-pid----373029----pid-1
---ebpf-pid----372881----pid-372881
---ebpf-pid----373029----pid-373029
---ebpf-pid----372881----pid-1
---ebpf-pid----373029----pid-5476
---ebpf-pid----372881----pid-372881
---ebpf-pid----373029----pid-1
---ebpf-pid----372881----pid-1
---ebpf-pid----373029----pid-373029
---ebpf-pid----372881----pid-372881
---ebpf-pid----373029----pid-5476
---ebpf-pid----372881----pid-1
---ebpf-pid----372881----pid-372881
---ebpf-pid----373029----pid-1
---ebpf-pid----373029----pid-373029
---ebpf-pid----372881----pid-1
---ebpf-pid----372881----pid-372881
---ebpf-pid----373029----pid-5476
---ebpf-pid----373029----pid-1
---ebpf-pid----373029----pid-373029
---ebpf-pid----372881----pid-1
---ebpf-pid----5705----pid-5705
---ebpf-pid----373029----pid-5476
---ebpf-pid----5705----pid-5476
---ebpf-pid----373029----pid-1
---ebpf-pid----5705----pid-1
---ebpf-pid----373029----pid-373029
---ebpf-pid----5705----pid-5705
---ebpf-pid----373029----pid-5476
---ebpf-pid----5705----pid-5476
---ebpf-pid----373029----pid-1
---ebpf-pid----373029----pid-373029
---ebpf-pid----5705----pid-1
---ebpf-pid----372881----pid-372881
---ebpf-pid----373029----pid-5476
---ebpf-pid----372881----pid-1
---ebpf-pid----373029----pid-1
---ebpf-pid----5705----pid-5705
---ebpf-pid----373029----pid-373029
---ebpf-pid----5705----pid-5476
---ebpf-pid----373029----pid-5476
---ebpf-pid----5705----pid-1
---ebpf-pid----5705----pid-5705
---ebpf-pid----5705----pid-5476
---ebpf-pid----5705----pid-1
---ebpf-pid----5705----pid-5705
---ebpf-pid----5705----pid-5476
---ebpf-pid----448783----pid-1
---ebpf-pid----5637----pid-5637
---ebpf-pid----5705----pid-1
---ebpf-pid----372881----pid-372881
---ebpf-pid----5637----pid-1
---ebpf-pid----372881----pid-1
---ebpf-pid----6671----pid-6671
---ebpf-pid----372881----pid-372881
---ebpf-pid----6671----pid-5476
---ebpf-pid----372881----pid-1
---ebpf-pid----372881----pid-372881
---ebpf-pid----6671----pid-1
---ebpf-pid----6671----pid-6671
---ebpf-pid----372881----pid-1
---ebpf-pid----372881----pid-372881
---ebpf-pid----6671----pid-5476
---ebpf-pid----372881----pid-1
---ebpf-pid----6671----pid-1
---ebpf-pid----6671----pid-6671
---ebpf-pid----6671----pid-5476
---ebpf-pid----372881----pid-372881
---ebpf-pid----6671----pid-1
---ebpf-pid----6671----pid-6671
---ebpf-pid----372881----pid-1
---ebpf-pid----372881----pid-372881
---ebpf-pid----6671----pid-5476
---ebpf-pid----372881----pid-1
---ebpf-pid----6671----pid-1
---ebpf-pid----372881----pid-372881
---ebpf-pid----6671----pid-6671
---ebpf-pid----372881----pid-1
---ebpf-pid----6671----pid-5476
---ebpf-pid----372881----pid-372881
---ebpf-pid----372881----pid-1
---ebpf-pid----6671----pid-1
---ebpf-pid----372881----pid-372881
---ebpf-pid----6671----pid-6671
---ebpf-pid----6671----pid-5476
---ebpf-pid----372881----pid-1
---ebpf-pid----372881----pid-372881
---ebpf-pid----6671----pid-1
---ebpf-pid----6671----pid-6671
---ebpf-pid----372881----pid-1
---ebpf-pid----372881----pid-372881
---ebpf-pid----6671----pid-5476
---ebpf-pid----372881----pid-1
---ebpf-pid----372881----pid-372881
---ebpf-pid----6671----pid-1
---ebpf-pid----6671----pid-6671
---ebpf-pid----372881----pid-1
---ebpf-pid----6671----pid-5476
---ebpf-pid----372881----pid-372881
---ebpf-pid----372881----pid-1
---ebpf-pid----372881----pid-372881
---ebpf-pid----6671----pid-1
---ebpf-pid----6671----pid-6671
---ebpf-pid----372881----pid-1
---ebpf-pid----372881----pid-372881
---ebpf-pid----6671----pid-5476
---ebpf-pid----372881----pid-1
---ebpf-pid----6671----pid-1
---ebpf-pid----372881----pid-372881
---ebpf-pid----6671----pid-6671
---ebpf-pid----372881----pid-1
---ebpf-pid----6671----pid-5476
---ebpf-pid----372881----pid-372881
---ebpf-pid----6671----pid-1
---ebpf-pid----372881----pid-1
---ebpf-pid----6671----pid-6671
---ebpf-pid----372881----pid-372881
---ebpf-pid----6671----pid-5476
---ebpf-pid----372881----pid-1
---ebpf-pid----372881----pid-372881
---ebpf-pid----6671----pid-1
---ebpf-pid----6671----pid-6671
---ebpf-pid----6671----pid-5476
---ebpf-pid----6671----pid-1
---ebpf-pid----373029----pid-1
---ebpf-pid----372881----pid-1
---ebpf-pid----372881----pid-372881
---ebpf-pid----372881----pid-1
---ebpf-pid----6671----pid-6671
---ebpf-pid----6671----pid-5476
---ebpf-pid----6671----pid-1
---ebpf-pid----373029----pid-373029
---ebpf-pid----373029----pid-5476
---ebpf-pid----373029----pid-1
---ebpf-pid----373029----pid-373029
---ebpf-pid----373029----pid-5476
---ebpf-pid----373029----pid-1
---ebpf-pid----373029----pid-373029
---ebpf-pid----373029----pid-5476
---ebpf-pid----373029----pid-1
---ebpf-pid----373029----pid-373029
---ebpf-pid----373029----pid-5476
---ebpf-pid----373029----pid-1
---ebpf-pid----373029----pid-373029
---ebpf-pid----373029----pid-5476
---ebpf-pid----6671----pid-6671
---ebpf-pid----373029----pid-1
---ebpf-pid----373029----pid-373029
---ebpf-pid----6671----pid-5476
---ebpf-pid----373029----pid-5476
---ebpf-pid----373029----pid-1
---ebpf-pid----6671----pid-1
---ebpf-pid----373029----pid-373029
---ebpf-pid----6671----pid-6671
---ebpf-pid----373029----pid-5476
---ebpf-pid----6671----pid-5476
---ebpf-pid----373029----pid-1
---ebpf-pid----6671----pid-1
---ebpf-pid----373029----pid-373029
---ebpf-pid----6671----pid-6671
---ebpf-pid----373029----pid-5476
---ebpf-pid----6671----pid-5476
---ebpf-pid----373029----pid-1
---ebpf-pid----6671----pid-1
---ebpf-pid----373029----pid-373029
---ebpf-pid----6671----pid-6671
---ebpf-pid----373029----pid-5476
---ebpf-pid----6671----pid-5476
---ebpf-pid----373029----pid-1
---ebpf-pid----6671----pid-6671
---ebpf-pid----373029----pid-373029
---ebpf-pid----373029----pid-5476
---ebpf-pid----6671----pid-5476
---ebpf-pid----373029----pid-1
---ebpf-pid----373029----pid-373029
---ebpf-pid----6671----pid-1
---ebpf-pid----373029----pid-5476
---ebpf-pid----6671----pid-6671
---ebpf-pid----373029----pid-1
---ebpf-pid----6671----pid-5476
---ebpf-pid----373029----pid-373029
---ebpf-pid----373029----pid-5476
---ebpf-pid----6671----pid-1
---ebpf-pid----6671----pid-6671
---ebpf-pid----6671----pid-1
---ebpf-pid----373029----pid-1
---ebpf-pid----6671----pid-6671
---ebpf-pid----373029----pid-373029
---ebpf-pid----6671----pid-5476
---ebpf-pid----6671----pid-5476
---ebpf-pid----6671----pid-1
---ebpf-pid----373029----pid-5476
---ebpf-pid----6671----pid-6671
---ebpf-pid----6671----pid-1
---ebpf-pid----373029----pid-1
---ebpf-pid----6671----pid-5476
---ebpf-pid----6671----pid-6671
---ebpf-pid----379067----pid-379067
---ebpf-pid----6671----pid-1
---ebpf-pid----6671----pid-5476
---ebpf-pid----379067----pid-5476
---ebpf-pid----6671----pid-6671
---ebpf-pid----6671----pid-1
---ebpf-pid----379067----pid-1
---ebpf-pid----6671----pid-5476
---ebpf-pid----6671----pid-6671
---ebpf-pid----372714----pid-372714
---ebpf-pid----6671----pid-1
---ebpf-pid----6671----pid-5476
---ebpf-pid----372714----pid-5476
---ebpf-pid----6671----pid-6671
---ebpf-pid----6671----pid-1
---ebpf-pid----6671----pid-5476
---ebpf-pid----6671----pid-6671
---ebpf-pid----6671----pid-1
---ebpf-pid----6671----pid-5476
---ebpf-pid----6671----pid-6671
---ebpf-pid----6671----pid-1
---ebpf-pid----2088----pid-2088
---ebpf-pid----6671----pid-5476
---ebpf-pid----2088----pid-1
---ebpf-pid----6671----pid-1
---ebpf-pid----2088----pid-2088
---ebpf-pid----6671----pid-6671
---ebpf-pid----6671----pid-5476
---ebpf-pid----6671----pid-1
---ebpf-pid----6671----pid-6671
---ebpf-pid----6671----pid-5476
---ebpf-pid----6671----pid-1
---ebpf-pid----6671----pid-6671
---ebpf-pid----6671----pid-5476
---ebpf-pid----6671----pid-1
---ebpf-pid----6671----pid-6671
---ebpf-pid----6671----pid-5476
---ebpf-pid----6671----pid-1
---ebpf-pid----6671----pid-6671
---ebpf-pid----6671----pid-5476
---ebpf-pid----6671----pid-1
---ebpf-pid----6671----pid-6671
---ebpf-pid----6671----pid-5476
---ebpf-pid----6671----pid-1
---ebpf-pid----6671----pid-6671
---ebpf-pid----6671----pid-5476
---ebpf-pid----372714----pid-1
---ebpf-pid----6671----pid-1
---ebpf-pid----372714----pid-372714
---ebpf-pid----6671----pid-6671
---ebpf-pid----372714----pid-5476
---ebpf-pid----6671----pid-5476
---ebpf-pid----372714----pid-1
---ebpf-pid----6671----pid-1
---ebpf-pid----372714----pid-372714
---ebpf-pid----6671----pid-6671
---ebpf-pid----372714----pid-5476
---ebpf-pid----6671----pid-5476
---ebpf-pid----372714----pid-1
---ebpf-pid----6671----pid-1
---ebpf-pid----372714----pid-372714
---ebpf-pid----6671----pid-6671
---ebpf-pid----372714----pid-5476
---ebpf-pid----6671----pid-5476
---ebpf-pid----372714----pid-1
---ebpf-pid----372714----pid-372714
---ebpf-pid----372714----pid-5476
---ebpf-pid----6671----pid-1
---ebpf-pid----6671----pid-6671
---ebpf-pid----372714----pid-1
---ebpf-pid----6671----pid-5476
---ebpf-pid----6671----pid-1
---ebpf-pid----6671----pid-6671
---ebpf-pid----6671----pid-5476
---ebpf-pid----2088----pid-1
---ebpf-pid----2088----pid-2088
---ebpf-pid----6671----pid-1
---ebpf-pid----6671----pid-6671
---ebpf-pid----6671----pid-5476
---ebpf-pid----2088----pid-1
---ebpf-pid----2088----pid-2088
---ebpf-pid----6671----pid-1
---ebpf-pid----6671----pid-6671
---ebpf-pid----2088----pid-1
---ebpf-pid----2088----pid-2088
---ebpf-pid----6671----pid-5476
---ebpf-pid----2088----pid-1
---ebpf-pid----2088----pid-2088
---ebpf-pid----6671----pid-1
---ebpf-pid----2088----pid-1
---ebpf-pid----6671----pid-6671
---ebpf-pid----6671----pid-5476
---ebpf-pid----6671----pid-1
---ebpf-pid----6671----pid-6671
---ebpf-pid----372714----pid-372714
---ebpf-pid----6671----pid-5476
---ebpf-pid----372714----pid-5476
---ebpf-pid----6671----pid-1
---ebpf-pid----372714----pid-1
---ebpf-pid----6671----pid-6671
---ebpf-pid----2088----pid-2088
---ebpf-pid----6671----pid-5476
---ebpf-pid----2088----pid-1
---ebpf-pid----2088----pid-2088
---ebpf-pid----2088----pid-1
---ebpf-pid----6671----pid-1
---ebpf-pid----2088----pid-2088
---ebpf-pid----6671----pid-6671
---ebpf-pid----2088----pid-1
---ebpf-pid----2088----pid-2088
---ebpf-pid----6671----pid-5476
---ebpf-pid----2088----pid-1
---ebpf-pid----2088----pid-2088
---ebpf-pid----6671----pid-1
---ebpf-pid----6671----pid-6671
---ebpf-pid----2088----pid-1
---ebpf-pid----2088----pid-2088
---ebpf-pid----6671----pid-5476
---ebpf-pid----2088----pid-1
---ebpf-pid----6671----pid-1
---ebpf-pid----2088----pid-2088
---ebpf-pid----6671----pid-6671
---ebpf-pid----2088----pid-1
---ebpf-pid----2088----pid-2088
---ebpf-pid----2088----pid-2088
---ebpf-pid----6671----pid-5476
---ebpf-pid----2088----pid-1
---ebpf-pid----2088----pid-1
---ebpf-pid----2088----pid-2088
---ebpf-pid----2088----pid-2088
---ebpf-pid----6671----pid-1
---ebpf-pid----6671----pid-6671
---ebpf-pid----2088----pid-1
---ebpf-pid----6671----pid-5476
---ebpf-pid----2088----pid-2088
---ebpf-pid----2088----pid-1
---ebpf-pid----2088----pid-2088
---ebpf-pid----6671----pid-1
---ebpf-pid----2088----pid-1
---ebpf-pid----6671----pid-6671
---ebpf-pid----2088----pid-2088
---ebpf-pid----6671----pid-5476
---ebpf-pid----2088----pid-1
---ebpf-pid----2088----pid-2088
---ebpf-pid----6671----pid-1
---ebpf-pid----6671----pid-6671
---ebpf-pid----2088----pid-1
---ebpf-pid----2088----pid-2088
---ebpf-pid----6671----pid-5476
---ebpf-pid----2088----pid-1
---ebpf-pid----2088----pid-2088
---ebpf-pid----2088----pid-1
---ebpf-pid----6671----pid-1
---ebpf-pid----2088----pid-2088
---ebpf-pid----6671----pid-6671
---ebpf-pid----2088----pid-1
---ebpf-pid----2094----pid-2094
---ebpf-pid----2088----pid-1
---ebpf-pid----6671----pid-5476
---ebpf-pid----2088----pid-2088
---ebpf-pid----2094----pid-1
---ebpf-pid----2094----pid-2094
---ebpf-pid----6671----pid-1
---ebpf-pid----2088----pid-1
---ebpf-pid----6671----pid-6671
---ebpf-pid----2088----pid-2088
---ebpf-pid----2094----pid-1
---ebpf-pid----2094----pid-2094
---ebpf-pid----6671----pid-5476
---ebpf-pid----2088----pid-1
---ebpf-pid----2088----pid-2088
---ebpf-pid----6671----pid-1
---ebpf-pid----2094----pid-1
---ebpf-pid----6671----pid-6671
---ebpf-pid----2094----pid-2094
---ebpf-pid----2088----pid-1
---ebpf-pid----2094----pid-1
---ebpf-pid----2094----pid-2094
---ebpf-pid----6671----pid-5476
---ebpf-pid----2094----pid-1
---ebpf-pid----2094----pid-2094
---ebpf-pid----6671----pid-1
---ebpf-pid----6671----pid-6671
---ebpf-pid----2094----pid-1
---ebpf-pid----2094----pid-2094
---ebpf-pid----6671----pid-5476
---ebpf-pid----2094----pid-1
---ebpf-pid----2094----pid-2094
---ebpf-pid----6671----pid-1
---ebpf-pid----6671----pid-6671
---ebpf-pid----2094----pid-1
---ebpf-pid----2094----pid-2094
---ebpf-pid----6671----pid-5476
---ebpf-pid----2094----pid-1
---ebpf-pid----2094----pid-2094
---ebpf-pid----6671----pid-1
---ebpf-pid----6671----pid-6671
---ebpf-pid----2094----pid-1
---ebpf-pid----2094----pid-2094
---ebpf-pid----6671----pid-5476
---ebpf-pid----2094----pid-1
---ebpf-pid----2094----pid-2094
---ebpf-pid----6671----pid-1
---ebpf-pid----6671----pid-6671
---ebpf-pid----2094----pid-1
---ebpf-pid----2094----pid-2094
---ebpf-pid----6671----pid-5476
---ebpf-pid----2094----pid-1
---ebpf-pid----2094----pid-2094
---ebpf-pid----6671----pid-1
---ebpf-pid----2094----pid-1
---ebpf-pid----6671----pid-6671
---ebpf-pid----2094----pid-2094
---ebpf-pid----6671----pid-5476
---ebpf-pid----2094----pid-1
---ebpf-pid----2094----pid-2094
---ebpf-pid----6671----pid-1
---ebpf-pid----6671----pid-6671
---ebpf-pid----2094----pid-1
---ebpf-pid----2094----pid-2094
---ebpf-pid----6671----pid-5476
---ebpf-pid----2094----pid-1
---ebpf-pid----2094----pid-2094
---ebpf-pid----6671----pid-1
---ebpf-pid----6671----pid-6671
---ebpf-pid----2094----pid-1
---ebpf-pid----2094----pid-2094
---ebpf-pid----6671----pid-5476
---ebpf-pid----2094----pid-1
---ebpf-pid----2088----pid-2088
---ebpf-pid----2094----pid-2094
---ebpf-pid----6671----pid-1
---ebpf-pid----6671----pid-6671
---ebpf-pid----2088----pid-1
---ebpf-pid----2094----pid-1
---ebpf-pid----2088----pid-2088
---ebpf-pid----373029----pid-373029
---ebpf-pid----6671----pid-5476
---ebpf-pid----2088----pid-1
---ebpf-pid----6671----pid-1
---ebpf-pid----2088----pid-2088
---ebpf-pid----373029----pid-5476
---ebpf-pid----6671----pid-6671
---ebpf-pid----2088----pid-1
---ebpf-pid----373029----pid-1
---ebpf-pid----6671----pid-5476
---ebpf-pid----2088----pid-2088
---ebpf-pid----373029----pid-373029
---ebpf-pid----2088----pid-1
---ebpf-pid----6671----pid-1
---ebpf-pid----373029----pid-5476
---ebpf-pid----2088----pid-2088
---ebpf-pid----6671----pid-6671
---ebpf-pid----373029----pid-1
---ebpf-pid----2088----pid-1
---ebpf-pid----6671----pid-5476
---ebpf-pid----373029----pid-373029
---ebpf-pid----2088----pid-2088
---ebpf-pid----6671----pid-1
---ebpf-pid----373029----pid-5476
---ebpf-pid----2088----pid-1
---ebpf-pid----6671----pid-6671
---ebpf-pid----379067----pid-379067
---ebpf-pid----373029----pid-1
---ebpf-pid----373029----pid-373029
---ebpf-pid----379067----pid-5476
---ebpf-pid----6671----pid-5476
---ebpf-pid----379067----pid-1
---ebpf-pid----6671----pid-1
---ebpf-pid----379067----pid-379067
---ebpf-pid----6671----pid-6671
---ebpf-pid----379067----pid-5476
---ebpf-pid----6671----pid-5476
---ebpf-pid----379067----pid-1
---ebpf-pid----6671----pid-1
---ebpf-pid----372714----pid-372714
---ebpf-pid----2094----pid-2094
---ebpf-pid----372714----pid-5476
---ebpf-pid----2094----pid-1
---ebpf-pid----2094----pid-2094
---ebpf-pid----372714----pid-1
---ebpf-pid----2094----pid-1
---ebpf-pid----372714----pid-372714
---ebpf-pid----2094----pid-2094
---ebpf-pid----372714----pid-5476
---ebpf-pid----2094----pid-1
---ebpf-pid----2094----pid-2094
---ebpf-pid----372714----pid-1
---ebpf-pid----373029----pid-5476
---ebpf-pid----379067----pid-379067
---ebpf-pid----2094----pid-1
---ebpf-pid----2094----pid-2094
---ebpf-pid----373029----pid-1
---ebpf-pid----379067----pid-5476
---ebpf-pid----373029----pid-373029
---ebpf-pid----2094----pid-1
---ebpf-pid----379067----pid-1
---ebpf-pid----2094----pid-2094
---ebpf-pid----373029----pid-5476
---ebpf-pid----372714----pid-372714
---ebpf-pid----2094----pid-1
---ebpf-pid----373029----pid-1
---ebpf-pid----372714----pid-5476
---ebpf-pid----2094----pid-2094
---ebpf-pid----373029----pid-373029
---ebpf-pid----372714----pid-1
---ebpf-pid----2094----pid-1
---ebpf-pid----373029----pid-5476
---ebpf-pid----379067----pid-379067
---ebpf-pid----2094----pid-2094
---ebpf-pid----373029----pid-1
---ebpf-pid----379067----pid-5476
---ebpf-pid----2094----pid-2094
---ebpf-pid----2094----pid-1
---ebpf-pid----2094----pid-2094
---ebpf-pid----2094----pid-1
---ebpf-pid----2094----pid-1
---ebpf-pid----2094----pid-2094
---ebpf-pid----2094----pid-2094
---ebpf-pid----2094----pid-1
---ebpf-pid----2094----pid-1
---ebpf-pid----2094----pid-2094
---ebpf-pid----372881----pid-372881
---ebpf-pid----2094----pid-1
---ebpf-pid----372881----pid-1
---ebpf-pid----2094----pid-2094
---ebpf-pid----372881----pid-372881
---ebpf-pid----2094----pid-1
---ebpf-pid----2094----pid-2094
---ebpf-pid----372881----pid-1
---ebpf-pid----372881----pid-372881
---ebpf-pid----2094----pid-1
---ebpf-pid----2094----pid-2094
---ebpf-pid----372881----pid-1
---ebpf-pid----372881----pid-372881
---ebpf-pid----2094----pid-1
---ebpf-pid----2094----pid-2094
---ebpf-pid----372881----pid-1
---ebpf-pid----372881----pid-372881
---ebpf-pid----2094----pid-1
---ebpf-pid----372881----pid-1
---ebpf-pid----2094----pid-2094
---ebpf-pid----372881----pid-372881
---ebpf-pid----2094----pid-1
---ebpf-pid----2094----pid-2094
---ebpf-pid----372881----pid-1
---ebpf-pid----372881----pid-372881
---ebpf-pid----2094----pid-1
---ebpf-pid----2094----pid-2094
---ebpf-pid----372881----pid-1
---ebpf-pid----372881----pid-372881
---ebpf-pid----2094----pid-1
---ebpf-pid----2094----pid-2094
---ebpf-pid----372881----pid-1
---ebpf-pid----372881----pid-372881
---ebpf-pid----2094----pid-1
---ebpf-pid----2094----pid-2094
---ebpf-pid----372881----pid-1
---ebpf-pid----372881----pid-372881
---ebpf-pid----2094----pid-1
---ebpf-pid----2094----pid-2094
---ebpf-pid----372881----pid-1
---ebpf-pid----373029----pid-373029
---ebpf-pid----2094----pid-1
---ebpf-pid----2012----pid-2012
---ebpf-pid----373029----pid-5476
---ebpf-pid----2012----pid-1
---ebpf-pid----2012----pid-2012
---ebpf-pid----373029----pid-1
---ebpf-pid----373029----pid-373029
---ebpf-pid----2012----pid-1
---ebpf-pid----373029----pid-5476
---ebpf-pid----379067----pid-1
---ebpf-pid----373029----pid-1
---ebpf-pid----373029----pid-373029
---ebpf-pid----379067----pid-379067
---ebpf-pid----2012----pid-2012
---ebpf-pid----373029----pid-5476
---ebpf-pid----379067----pid-5476
---ebpf-pid----2012----pid-1
---ebpf-pid----2012----pid-2012
---ebpf-pid----373029----pid-1
---ebpf-pid----379067----pid-1
---ebpf-pid----373029----pid-373029
---ebpf-pid----2012----pid-1
---ebpf-pid----372714----pid-372714
---ebpf-pid----2012----pid-2012
---ebpf-pid----373029----pid-5476
---ebpf-pid----372714----pid-5476
---ebpf-pid----2012----pid-1
---ebpf-pid----2012----pid-2012
---ebpf-pid----373029----pid-1
---ebpf-pid----372714----pid-1
---ebpf-pid----373029----pid-373029
---ebpf-pid----372714----pid-372714
---ebpf-pid----2012----pid-1
---ebpf-pid----2012----pid-2012
---ebpf-pid----373029----pid-5476
---ebpf-pid----372714----pid-5476
---ebpf-pid----2012----pid-1
---ebpf-pid----373029----pid-1
---ebpf-pid----372714----pid-1
---ebpf-pid----2012----pid-2012
---ebpf-pid----373029----pid-373029
---ebpf-pid----2088----pid-2088
---ebpf-pid----2012----pid-1
---ebpf-pid----2012----pid-2012
---ebpf-pid----373029----pid-5476
---ebpf-pid----2088----pid-1
---ebpf-pid----2012----pid-1
---ebpf-pid----2088----pid-2088
---ebpf-pid----373029----pid-1
---ebpf-pid----373029----pid-373029
---ebpf-pid----2088----pid-1
---ebpf-pid----2012----pid-2012
---ebpf-pid----2088----pid-2088
---ebpf-pid----373029----pid-5476
---ebpf-pid----2012----pid-1
---ebpf-pid----2088----pid-1
---ebpf-pid----2012----pid-2012
---ebpf-pid----2088----pid-2088
---ebpf-pid----373029----pid-1
---ebpf-pid----373029----pid-373029
---ebpf-pid----2012----pid-1
---ebpf-pid----2088----pid-1
---ebpf-pid----2012----pid-2012
---ebpf-pid----2088----pid-2088
---ebpf-pid----373029----pid-5476
---ebpf-pid----2012----pid-1
---ebpf-pid----2088----pid-1
---ebpf-pid----2012----pid-2012
---ebpf-pid----373029----pid-1
---ebpf-pid----2088----pid-2088
---ebpf-pid----373029----pid-373029
---ebpf-pid----2012----pid-1
---ebpf-pid----2088----pid-1
---ebpf-pid----2088----pid-2088
---ebpf-pid----2012----pid-2012
---ebpf-pid----373029----pid-5476
---ebpf-pid----2088----pid-1
---ebpf-pid----373029----pid-1
---ebpf-pid----372881----pid-372881
---ebpf-pid----2012----pid-1
---ebpf-pid----373029----pid-373029
---ebpf-pid----2012----pid-2012
---ebpf-pid----372881----pid-1
---ebpf-pid----372881----pid-372881
---ebpf-pid----2012----pid-1
---ebpf-pid----372881----pid-1
---ebpf-pid----2012----pid-2012
---ebpf-pid----372881----pid-372881
---ebpf-pid----373029----pid-5476
---ebpf-pid----372881----pid-1
---ebpf-pid----2012----pid-1
---ebpf-pid----373029----pid-1
---ebpf-pid----372881----pid-372881
---ebpf-pid----379067----pid-379067
---ebpf-pid----373029----pid-373029
---ebpf-pid----372881----pid-1
---ebpf-pid----379067----pid-5476
---ebpf-pid----372881----pid-372881
---ebpf-pid----373029----pid-5476
---ebpf-pid----379067----pid-1
---ebpf-pid----372881----pid-1
---ebpf-pid----373029----pid-1
---ebpf-pid----379067----pid-379067
---ebpf-pid----372881----pid-372881
---ebpf-pid----372881----pid-372881
---ebpf-pid----379067----pid-5476
---ebpf-pid----372881----pid-1
---ebpf-pid----372881----pid-1
---ebpf-pid----372881----pid-372881
---ebpf-pid----372881----pid-372881
---ebpf-pid----379067----pid-1
---ebpf-pid----5705----pid-5705
---ebpf-pid----372881----pid-1
---ebpf-pid----372881----pid-1
---ebpf-pid----372881----pid-372881
---ebpf-pid----6671----pid-6671
---ebpf-pid----5705----pid-5476
---ebpf-pid----372881----pid-1
---ebpf-pid----6671----pid-5476
---ebpf-pid----372881----pid-372881
---ebpf-pid----5705----pid-1
---ebpf-pid----2012----pid-2012
---ebpf-pid----6671----pid-1
---ebpf-pid----372881----pid-1
---ebpf-pid----372881----pid-372881
---ebpf-pid----2012----pid-1
---ebpf-pid----6671----pid-6671
---ebpf-pid----2012----pid-2012
---ebpf-pid----372881----pid-1
---ebpf-pid----6671----pid-5476
---ebpf-pid----372881----pid-372881
---ebpf-pid----2012----pid-1
---ebpf-pid----2012----pid-2012
---ebpf-pid----372881----pid-1
---ebpf-pid----6671----pid-1
---ebpf-pid----372881----pid-372881
---ebpf-pid----373029----pid-373029
---ebpf-pid----2012----pid-1
---ebpf-pid----2012----pid-2012
---ebpf-pid----372881----pid-1
---ebpf-pid----373029----pid-5476
---ebpf-pid----372881----pid-372881
---ebpf-pid----2012----pid-1
---ebpf-pid----2012----pid-2012
---ebpf-pid----373029----pid-1
---ebpf-pid----372881----pid-1
---ebpf-pid----373029----pid-373029
---ebpf-pid----2012----pid-2012
---ebpf-pid----2012----pid-1
---ebpf-pid----2012----pid-2012
---ebpf-pid----373029----pid-5476
---ebpf-pid----2012----pid-1
---ebpf-pid----2012----pid-2012
---ebpf-pid----2012----pid-1
---ebpf-pid----373029----pid-1
---ebpf-pid----2012----pid-2012
---ebpf-pid----373029----pid-373029
---ebpf-pid----2012----pid-1
---ebpf-pid----2012----pid-2012
---ebpf-pid----2012----pid-1
---ebpf-pid----373029----pid-5476
---ebpf-pid----2012----pid-2012
---ebpf-pid----2012----pid-1
---ebpf-pid----373029----pid-1
---ebpf-pid----2088----pid-2088
---ebpf-pid----2012----pid-1
---ebpf-pid----373029----pid-373029
---ebpf-pid----372714----pid-372714
---ebpf-pid----2088----pid-1
---ebpf-pid----373029----pid-5476
---ebpf-pid----2088----pid-2088
---ebpf-pid----372714----pid-5476
---ebpf-pid----2088----pid-1
---ebpf-pid----373029----pid-1
---ebpf-pid----372714----pid-1
---ebpf-pid----2088----pid-2088
---ebpf-pid----373029----pid-373029
---ebpf-pid----372714----pid-372714
---ebpf-pid----2088----pid-1
---ebpf-pid----2088----pid-2088
---ebpf-pid----373029----pid-5476
---ebpf-pid----2088----pid-1
---ebpf-pid----2088----pid-2088
---ebpf-pid----372714----pid-5476
---ebpf-pid----373029----pid-1
---ebpf-pid----2088----pid-1
---ebpf-pid----6671----pid-6671
---ebpf-pid----2088----pid-2088
---ebpf-pid----372714----pid-1
---ebpf-pid----372714----pid-372714
---ebpf-pid----6671----pid-5476
---ebpf-pid----2088----pid-1
---ebpf-pid----2088----pid-2088
---ebpf-pid----372714----pid-5476
---ebpf-pid----6671----pid-1
---ebpf-pid----6671----pid-6671
---ebpf-pid----6671----pid-5476
---ebpf-pid----6671----pid-1
---ebpf-pid----372714----pid-1
---ebpf-pid----6671----pid-6671
---ebpf-pid----372714----pid-372714
---ebpf-pid----6671----pid-5476
---ebpf-pid----372714----pid-5476
---ebpf-pid----6671----pid-1
---ebpf-pid----372714----pid-1
---ebpf-pid----6671----pid-6671
---ebpf-pid----372714----pid-372714
---ebpf-pid----6671----pid-5476
---ebpf-pid----372714----pid-5476
---ebpf-pid----6671----pid-1
---ebpf-pid----6671----pid-6671
---ebpf-pid----372714----pid-1
---ebpf-pid----6671----pid-5476
---ebpf-pid----372714----pid-372714
---ebpf-pid----6671----pid-1
---ebpf-pid----372714----pid-5476
---ebpf-pid----6671----pid-6671
---ebpf-pid----372714----pid-1
---ebpf-pid----6671----pid-5476
---ebpf-pid----372714----pid-372714
---ebpf-pid----6671----pid-1
---ebpf-pid----372714----pid-5476
---ebpf-pid----6671----pid-6671
---ebpf-pid----372714----pid-1
---ebpf-pid----6671----pid-5476
---ebpf-pid----372714----pid-372714
---ebpf-pid----6671----pid-1
---ebpf-pid----372714----pid-5476
---ebpf-pid----6671----pid-6671
---ebpf-pid----372714----pid-1
---ebpf-pid----372714----pid-372714
---ebpf-pid----6671----pid-5476
---ebpf-pid----372714----pid-5476
---ebpf-pid----6671----pid-1
---ebpf-pid----6671----pid-6671
---ebpf-pid----372714----pid-1
---ebpf-pid----8292----pid-8292
---ebpf-pid----6671----pid-5476
---ebpf-pid----6671----pid-1
---ebpf-pid----8292----pid-7472
---ebpf-pid----6671----pid-6671
---ebpf-pid----8292----pid-1
---ebpf-pid----6671----pid-5476
---ebpf-pid----8292----pid-8292
---ebpf-pid----6671----pid-1
---ebpf-pid----8292----pid-7472
---ebpf-pid----6671----pid-6671
---ebpf-pid----8292----pid-1
---ebpf-pid----6671----pid-5476
---ebpf-pid----2094----pid-2094
---ebpf-pid----6671----pid-1
---ebpf-pid----2094----pid-1
---ebpf-pid----6671----pid-6671
---ebpf-pid----2094----pid-2094
---ebpf-pid----6671----pid-5476
---ebpf-pid----2094----pid-1
---ebpf-pid----2094----pid-2094
---ebpf-pid----6671----pid-1
---ebpf-pid----6671----pid-6671
---ebpf-pid----2094----pid-1
---ebpf-pid----2094----pid-2094
---ebpf-pid----6671----pid-5476
---ebpf-pid----2094----pid-1
---ebpf-pid----6671----pid-1
---ebpf-pid----2094----pid-2094
---ebpf-pid----6671----pid-6671
---ebpf-pid----6671----pid-5476
---ebpf-pid----2094----pid-1
---ebpf-pid----6671----pid-1
---ebpf-pid----2094----pid-2094
---ebpf-pid----6671----pid-6671
---ebpf-pid----2094----pid-1
---ebpf-pid----6671----pid-5476
---ebpf-pid----2094----pid-2094
---ebpf-pid----6671----pid-1
---ebpf-pid----2094----pid-1
---ebpf-pid----6671----pid-6671
---ebpf-pid----2094----pid-2094
---ebpf-pid----6671----pid-5476
---ebpf-pid----2094----pid-1
---ebpf-pid----6671----pid-1
---ebpf-pid----6671----pid-6671
---ebpf-pid----2094----pid-2094
---ebpf-pid----6671----pid-5476
---ebpf-pid----2094----pid-1
---ebpf-pid----2094----pid-2094
---ebpf-pid----6671----pid-1
---ebpf-pid----6671----pid-6671
---ebpf-pid----2094----pid-1
---ebpf-pid----6671----pid-5476
---ebpf-pid----6671----pid-1
---ebpf-pid----6671----pid-6671
---ebpf-pid----2094----pid-2094
---ebpf-pid----6671----pid-5476
---ebpf-pid----2094----pid-1
---ebpf-pid----2094----pid-2094
---ebpf-pid----6671----pid-1
---ebpf-pid----6671----pid-6671
---ebpf-pid----2094----pid-1
---ebpf-pid----2094----pid-2094
---ebpf-pid----6671----pid-5476
---ebpf-pid----2094----pid-1
---ebpf-pid----2094----pid-2094
---ebpf-pid----6671----pid-1
---ebpf-pid----6671----pid-6671
---ebpf-pid----2094----pid-1
---ebpf-pid----8292----pid-8292
---ebpf-pid----6671----pid-5476
---ebpf-pid----8292----pid-7472
---ebpf-pid----6671----pid-1
---ebpf-pid----5638----pid-5638
---ebpf-pid----8292----pid-1
---ebpf-pid----8292----pid-8292
---ebpf-pid----5638----pid-1
---ebpf-pid----2088----pid-1
---ebpf-pid----2088----pid-2088
---ebpf-pid----8292----pid-7472
---ebpf-pid----2088----pid-1
---ebpf-pid----2088----pid-2088
---ebpf-pid----2088----pid-1
---ebpf-pid----2088----pid-2088
---ebpf-pid----8292----pid-1
---ebpf-pid----2088----pid-1
---ebpf-pid----372714----pid-372714
---ebpf-pid----2088----pid-2088
---ebpf-pid----372714----pid-5476
---ebpf-pid----2088----pid-1
---ebpf-pid----2088----pid-2088
---ebpf-pid----372714----pid-1
---ebpf-pid----2088----pid-1
---ebpf-pid----372714----pid-372714
---ebpf-pid----2088----pid-2088
---ebpf-pid----372714----pid-5476
---ebpf-pid----2088----pid-1
---ebpf-pid----2088----pid-2088
---ebpf-pid----372714----pid-1
---ebpf-pid----2088----pid-1
---ebpf-pid----372714----pid-372714
---ebpf-pid----2088----pid-2088
---ebpf-pid----372714----pid-5476
---ebpf-pid----2088----pid-1
---ebpf-pid----2088----pid-2088
---ebpf-pid----372714----pid-1
---ebpf-pid----2088----pid-1
---ebpf-pid----2088----pid-2088
---ebpf-pid----372714----pid-372714
---ebpf-pid----2088----pid-1
---ebpf-pid----2088----pid-2088
---ebpf-pid----372714----pid-5476
---ebpf-pid----2088----pid-1
---ebpf-pid----2088----pid-2088
---ebpf-pid----372714----pid-1
---ebpf-pid----2088----pid-1
---ebpf-pid----5638----pid-5638
---ebpf-pid----2088----pid-2088
---ebpf-pid----372714----pid-372714
---ebpf-pid----2088----pid-1
---ebpf-pid----372714----pid-5476
---ebpf-pid----2088----pid-2088
---ebpf-pid----372714----pid-1
---ebpf-pid----2088----pid-1
---ebpf-pid----372714----pid-372714
---ebpf-pid----2088----pid-2088
---ebpf-pid----2088----pid-1
---ebpf-pid----372714----pid-5476
---ebpf-pid----2088----pid-2088
---ebpf-pid----372714----pid-1
---ebpf-pid----2088----pid-1
---ebpf-pid----2088----pid-2088
---ebpf-pid----2088----pid-1
---ebpf-pid----372881----pid-372881
---ebpf-pid----2088----pid-2088
---ebpf-pid----2088----pid-1
---ebpf-pid----2088----pid-2088
---ebpf-pid----372881----pid-1
---ebpf-pid----372881----pid-372881
---ebpf-pid----2088----pid-1
---ebpf-pid----2088----pid-2088
---ebpf-pid----2088----pid-1
---ebpf-pid----372881----pid-1
---ebpf-pid----2088----pid-2088
---ebpf-pid----372881----pid-372881
---ebpf-pid----2088----pid-1
---ebpf-pid----2088----pid-2088
---ebpf-pid----372881----pid-1
---ebpf-pid----372881----pid-372881
---ebpf-pid----2088----pid-1
---ebpf-pid----2088----pid-2088
---ebpf-pid----372881----pid-1
---ebpf-pid----2088----pid-1
---ebpf-pid----372881----pid-372881
---ebpf-pid----2088----pid-2088
---ebpf-pid----372881----pid-1
---ebpf-pid----2088----pid-1
---ebpf-pid----372881----pid-372881
---ebpf-pid----2088----pid-2088
---ebpf-pid----372881----pid-1
---ebpf-pid----372881----pid-372881
---ebpf-pid----372881----pid-1
---ebpf-pid----372881----pid-372881
---ebpf-pid----2088----pid-1
---ebpf-pid----372881----pid-1
---ebpf-pid----5638----pid-1
---ebpf-pid----372881----pid-372881
---ebpf-pid----448783----pid-448783
---ebpf-pid----372881----pid-1
---ebpf-pid----372881----pid-372881
---ebpf-pid----448783----pid-448520
---ebpf-pid----372881----pid-1
---ebpf-pid----372881----pid-372881
---ebpf-pid----372881----pid-1
---ebpf-pid----372881----pid-372881
---ebpf-pid----372881----pid-1
---ebpf-pid----372881----pid-372881
---ebpf-pid----372881----pid-1
---ebpf-pid----372881----pid-372881
---ebpf-pid----372881----pid-1
---ebpf-pid----373029----pid-373029
---ebpf-pid----373029----pid-5476
---ebpf-pid----373029----pid-1
---ebpf-pid----373029----pid-373029
---ebpf-pid----373029----pid-5476
---ebpf-pid----373029----pid-1
---ebpf-pid----373029----pid-373029
---ebpf-pid----373029----pid-5476
---ebpf-pid----373029----pid-1
---ebpf-pid----373029----pid-373029
---ebpf-pid----373029----pid-5476
---ebpf-pid----373029----pid-1
---ebpf-pid----373029----pid-373029
---ebpf-pid----373029----pid-5476
---ebpf-pid----373029----pid-1
---ebpf-pid----373029----pid-373029
---ebpf-pid----373029----pid-5476
---ebpf-pid----2088----pid-2088
---ebpf-pid----373029----pid-1
---ebpf-pid----2088----pid-1
---ebpf-pid----373029----pid-373029
---ebpf-pid----2088----pid-2088
---ebpf-pid----373029----pid-5476
---ebpf-pid----2088----pid-1
---ebpf-pid----2088----pid-2088
---ebpf-pid----373029----pid-1
---ebpf-pid----373029----pid-373029
---ebpf-pid----2088----pid-1
---ebpf-pid----2088----pid-2088
---ebpf-pid----373029----pid-5476
---ebpf-pid----2088----pid-1
---ebpf-pid----373029----pid-1
---ebpf-pid----372714----pid-372714
---ebpf-pid----373029----pid-373029
---ebpf-pid----372714----pid-5476
---ebpf-pid----373029----pid-5476
---ebpf-pid----372714----pid-1
---ebpf-pid----373029----pid-1
---ebpf-pid----2088----pid-2088
---ebpf-pid----373029----pid-373029
---ebpf-pid----2088----pid-1
---ebpf-pid----373029----pid-5476
---ebpf-pid----2089----pid-2089
---ebpf-pid----373029----pid-1
---ebpf-pid----2089----pid-1
---ebpf-pid----373029----pid-373029
---ebpf-pid----372714----pid-372714
---ebpf-pid----372714----pid-5476
---ebpf-pid----373029----pid-5476
---ebpf-pid----372714----pid-1
---ebpf-pid----373029----pid-1
---ebpf-pid----372714----pid-372714
---ebpf-pid----373029----pid-373029
---ebpf-pid----372714----pid-5476
---ebpf-pid----373029----pid-5476
---ebpf-pid----372714----pid-1
---ebpf-pid----373029----pid-1
---ebpf-pid----373029----pid-373029
---ebpf-pid----372714----pid-372714
---ebpf-pid----373029----pid-5476
---ebpf-pid----372714----pid-5476
---ebpf-pid----373029----pid-1
---ebpf-pid----372714----pid-1
---ebpf-pid----448783----pid-1
---ebpf-pid----373029----pid-373029
---ebpf-pid----2012----pid-2012
---ebpf-pid----373029----pid-5476
---ebpf-pid----2012----pid-1
---ebpf-pid----2012----pid-2012
---ebpf-pid----373029----pid-1
---ebpf-pid----2012----pid-1
---ebpf-pid----373029----pid-373029
---ebpf-pid----2012----pid-2012
---ebpf-pid----373029----pid-5476
---ebpf-pid----2012----pid-1
---ebpf-pid----2012----pid-2012
---ebpf-pid----373029----pid-1
---ebpf-pid----448783----pid-448783
---ebpf-pid----372881----pid-372881
---ebpf-pid----2012----pid-1
---ebpf-pid----372881----pid-372881
---ebpf-pid----372881----pid-1
---ebpf-pid----372881----pid-372881
---ebpf-pid----372881----pid-1
---ebpf-pid----372881----pid-372881
---ebpf-pid----372881----pid-1
---ebpf-pid----372881----pid-372881
---ebpf-pid----372881----pid-1
---ebpf-pid----372881----pid-372881
---ebpf-pid----372881----pid-1
---ebpf-pid----372881----pid-372881
---ebpf-pid----372881----pid-1
---ebpf-pid----372881----pid-372881
---ebpf-pid----372881----pid-1
---ebpf-pid----372881----pid-372881
---ebpf-pid----372881----pid-1
---ebpf-pid----372881----pid-372881
---ebpf-pid----372881----pid-1
---ebpf-pid----372881----pid-372881
---ebpf-pid----448783----pid-448520
---ebpf-pid----372881----pid-1
---ebpf-pid----448783----pid-1
---ebpf-pid----372881----pid-372881
---ebpf-pid----379067----pid-379067
---ebpf-pid----372881----pid-1
---ebpf-pid----372881----pid-372881
---ebpf-pid----379067----pid-5476
---ebpf-pid----372881----pid-1
---ebpf-pid----372881----pid-372881
---ebpf-pid----379067----pid-1
---ebpf-pid----379067----pid-379067
---ebpf-pid----372881----pid-1
---ebpf-pid----372881----pid-372881
---ebpf-pid----379067----pid-5476
---ebpf-pid----372881----pid-1
---ebpf-pid----372881----pid-372881
---ebpf-pid----372881----pid-1
---ebpf-pid----372881----pid-1
---ebpf-pid----372881----pid-372881
---ebpf-pid----372881----pid-372881
---ebpf-pid----372881----pid-1
---ebpf-pid----372881----pid-1
---ebpf-pid----372881----pid-372881
---ebpf-pid----372881----pid-372881
---ebpf-pid----372881----pid-1
---ebpf-pid----372881----pid-1
---ebpf-pid----372881----pid-372881
---ebpf-pid----372881----pid-372881
---ebpf-pid----372881----pid-1
---ebpf-pid----372881----pid-1
---ebpf-pid----372881----pid-372881
---ebpf-pid----2089----pid-2089
---ebpf-pid----2089----pid-1
---ebpf-pid----2089----pid-2089
---ebpf-pid----372881----pid-1
---ebpf-pid----2089----pid-1
---ebpf-pid----372881----pid-372881
---ebpf-pid----2089----pid-2089
---ebpf-pid----372881----pid-1
---ebpf-pid----2089----pid-1
---ebpf-pid----372881----pid-372881
---ebpf-pid----2089----pid-2089
---ebpf-pid----372881----pid-1
---ebpf-pid----2089----pid-1
---ebpf-pid----372881----pid-372881
---ebpf-pid----2089----pid-2089
---ebpf-pid----372881----pid-1
---ebpf-pid----2089----pid-1
---ebpf-pid----372881----pid-372881
---ebpf-pid----2089----pid-2089
---ebpf-pid----2089----pid-1
---ebpf-pid----372881----pid-1
---ebpf-pid----2089----pid-2089
---ebpf-pid----372881----pid-372881
---ebpf-pid----2089----pid-1
---ebpf-pid----372881----pid-1
---ebpf-pid----2089----pid-2089
---ebpf-pid----372881----pid-372881
---ebpf-pid----2089----pid-1
---ebpf-pid----372881----pid-1
---ebpf-pid----2089----pid-2089
---ebpf-pid----372881----pid-372881
---ebpf-pid----2089----pid-1
---ebpf-pid----2089----pid-2089
---ebpf-pid----372881----pid-1
---ebpf-pid----372881----pid-372881
---ebpf-pid----2089----pid-1
---ebpf-pid----2089----pid-2089
---ebpf-pid----372881----pid-1
---ebpf-pid----372881----pid-372881
---ebpf-pid----2089----pid-1
---ebpf-pid----2089----pid-2089
---ebpf-pid----379067----pid-1
---ebpf-pid----448783----pid-448783
---ebpf-pid----448783----pid-448520
---ebpf-pid----448783----pid-1
---ebpf-pid----5637----pid-5637
---ebpf-pid----5637----pid-1
---ebpf-pid----448783----pid-448783
---ebpf-pid----448783----pid-448520
---ebpf-pid----448783----pid-1
---ebpf-pid----448783----pid-448783
---ebpf-pid----2089----pid-1
---ebpf-pid----2089----pid-2089
---ebpf-pid----448783----pid-448520
---ebpf-pid----2089----pid-1
---ebpf-pid----2089----pid-2089
---ebpf-pid----448783----pid-1
---ebpf-pid----448783----pid-448783
---ebpf-pid----2089----pid-1
---ebpf-pid----2089----pid-2089
---ebpf-pid----448783----pid-448520
---ebpf-pid----2089----pid-1
---ebpf-pid----448783----pid-1
---ebpf-pid----2089----pid-2089
---ebpf-pid----448783----pid-448783
---ebpf-pid----2089----pid-1
---ebpf-pid----2089----pid-2089
---ebpf-pid----448783----pid-448520
---ebpf-pid----2089----pid-1
---ebpf-pid----448783----pid-1
---ebpf-pid----2089----pid-2089
---ebpf-pid----448783----pid-448783
---ebpf-pid----2089----pid-1
---ebpf-pid----448783----pid-448520
---ebpf-pid----448783----pid-448783
---ebpf-pid----448783----pid-1
---ebpf-pid----448783----pid-448520
---ebpf-pid----448783----pid-448783
---ebpf-pid----448783----pid-1
---ebpf-pid----448783----pid-448520
---ebpf-pid----2088----pid-2088
---ebpf-pid----448783----pid-1
---ebpf-pid----2088----pid-1
---ebpf-pid----448783----pid-448783
---ebpf-pid----2088----pid-2088
---ebpf-pid----448783----pid-448520
---ebpf-pid----2088----pid-1
---ebpf-pid----2088----pid-2088
---ebpf-pid----448783----pid-1
---ebpf-pid----448783----pid-448783
---ebpf-pid----2088----pid-1
---ebpf-pid----372881----pid-372881
---ebpf-pid----448783----pid-448520
---ebpf-pid----372881----pid-1
---ebpf-pid----448783----pid-1
---ebpf-pid----372881----pid-372881
---ebpf-pid----448783----pid-448783
---ebpf-pid----372881----pid-1
---ebpf-pid----448783----pid-448520
---ebpf-pid----372881----pid-372881
---ebpf-pid----448783----pid-1
---ebpf-pid----372881----pid-1
---ebpf-pid----448783----pid-448783
---ebpf-pid----372881----pid-372881
---ebpf-pid----372881----pid-1
---ebpf-pid----448783----pid-448520
---ebpf-pid----372881----pid-372881
---ebpf-pid----448783----pid-1
---ebpf-pid----372881----pid-1
---ebpf-pid----448522----pid-448522
---ebpf-pid----372881----pid-372881
---ebpf-pid----448522----pid-1
---ebpf-pid----372881----pid-1
---ebpf-pid----372881----pid-1
---ebpf-pid----372881----pid-372881
---ebpf-pid----372881----pid-1
---ebpf-pid----372881----pid-372881
---ebpf-pid----372881----pid-372881
---ebpf-pid----372881----pid-1
---ebpf-pid----372881----pid-1
---ebpf-pid----372881----pid-372881
---ebpf-pid----372881----pid-372881
---ebpf-pid----372881----pid-1
---ebpf-pid----372881----pid-1
---ebpf-pid----372881----pid-372881
---ebpf-pid----372881----pid-372881
---ebpf-pid----372881----pid-1
---ebpf-pid----372881----pid-372881
---ebpf-pid----372881----pid-1
---ebpf-pid----372881----pid-372881
---ebpf-pid----372881----pid-1
---ebpf-pid----372881----pid-372881
---ebpf-pid----372881----pid-1
---ebpf-pid----372881----pid-372881
---ebpf-pid----372881----pid-1
---ebpf-pid----372881----pid-372881
---ebpf-pid----372881----pid-1
---ebpf-pid----372881----pid-372881
---ebpf-pid----372881----pid-1
---ebpf-pid----372881----pid-372881
---ebpf-pid----372881----pid-1
---ebpf-pid----5637----pid-5637
---ebpf-pid----372881----pid-372881
---ebpf-pid----372881----pid-1
---ebpf-pid----5637----pid-1
---ebpf-pid----372881----pid-372881
---ebpf-pid----372881----pid-1
---ebpf-pid----372881----pid-372881
---ebpf-pid----372881----pid-372881
---ebpf-pid----372881----pid-1
---ebpf-pid----372881----pid-1
---ebpf-pid----372881----pid-372881
---ebpf-pid----372881----pid-1
---ebpf-pid----372881----pid-372881
---ebpf-pid----372881----pid-372881
---ebpf-pid----372881----pid-1
---ebpf-pid----372881----pid-1
---ebpf-pid----372881----pid-372881
---ebpf-pid----372881----pid-1
---ebpf-pid----372881----pid-372881
---ebpf-pid----372881----pid-372881
---ebpf-pid----372881----pid-1
---ebpf-pid----372881----pid-1
---ebpf-pid----372881----pid-1
---ebpf-pid----372881----pid-372881
---ebpf-pid----372881----pid-372881
---ebpf-pid----372881----pid-372881
---ebpf-pid----372881----pid-1
---ebpf-pid----372881----pid-1
---ebpf-pid----372881----pid-1
---ebpf-pid----372881----pid-372881
---ebpf-pid----372881----pid-372881
---ebpf-pid----372881----pid-372881
---ebpf-pid----372881----pid-1
---ebpf-pid----372881----pid-1
---ebpf-pid----372881----pid-1
---ebpf-pid----372881----pid-372881
---ebpf-pid----372881----pid-372881
---ebpf-pid----372881----pid-372881
---ebpf-pid----372881----pid-1
---ebpf-pid----372881----pid-1
---ebpf-pid----372881----pid-1
---ebpf-pid----372881----pid-372881
---ebpf-pid----372881----pid-372881
---ebpf-pid----372881----pid-372881
---ebpf-pid----372881----pid-1
---ebpf-pid----372881----pid-1
---ebpf-pid----372881----pid-1
---ebpf-pid----372881----pid-372881
---ebpf-pid----372881----pid-372881
---ebpf-pid----372881----pid-372881
---ebpf-pid----372881----pid-1
---ebpf-pid----372881----pid-1
---ebpf-pid----372881----pid-1
---ebpf-pid----372881----pid-372881
---ebpf-pid----372881----pid-372881
---ebpf-pid----372881----pid-372881
---ebpf-pid----372881----pid-1
---ebpf-pid----372881----pid-1
---ebpf-pid----372881----pid-1
---ebpf-pid----372881----pid-372881
---ebpf-pid----372881----pid-372881
---ebpf-pid----372881----pid-372881
---ebpf-pid----372881----pid-1
---ebpf-pid----372881----pid-1
---ebpf-pid----372881----pid-1
---ebpf-pid----372881----pid-372881
---ebpf-pid----372881----pid-372881
---ebpf-pid----372881----pid-372881
---ebpf-pid----372881----pid-1
---ebpf-pid----372881----pid-1
---ebpf-pid----372881----pid-1
---ebpf-pid----372881----pid-372881
---ebpf-pid----372881----pid-372881
---ebpf-pid----372881----pid-372881
---ebpf-pid----372881----pid-1
---ebpf-pid----372881----pid-1
---ebpf-pid----372881----pid-1
---ebpf-pid----372881----pid-372881
---ebpf-pid----372881----pid-372881
---ebpf-pid----372881----pid-372881
---ebpf-pid----372881----pid-1
---ebpf-pid----372881----pid-1
---ebpf-pid----372881----pid-372881
---ebpf-pid----372881----pid-372881
---ebpf-pid----372881----pid-1
---ebpf-pid----372881----pid-372881
---ebpf-pid----372881----pid-1
---ebpf-pid----372881----pid-1
---ebpf-pid----372881----pid-372881
---ebpf-pid----372881----pid-372881
---ebpf-pid----372881----pid-1
---ebpf-pid----372881----pid-1
---ebpf-pid----372881----pid-372881
---ebpf-pid----372881----pid-372881
---ebpf-pid----372881----pid-1
---ebpf-pid----372881----pid-1
---ebpf-pid----372881----pid-372881
---ebpf-pid----372881----pid-372881
---ebpf-pid----372881----pid-1
---ebpf-pid----372881----pid-1
---ebpf-pid----372881----pid-372881
---ebpf-pid----372881----pid-372881
---ebpf-pid----372881----pid-1
---ebpf-pid----372881----pid-1
---ebpf-pid----372881----pid-372881
---ebpf-pid----372881----pid-372881
---ebpf-pid----372881----pid-1
---ebpf-pid----372881----pid-372881
---ebpf-pid----372881----pid-1
---ebpf-pid----372881----pid-372881
---ebpf-pid----372881----pid-1
---ebpf-pid----2088----pid-2088
---ebpf-pid----2088----pid-1
---ebpf-pid----2088----pid-2088
---ebpf-pid----2088----pid-1
---ebpf-pid----2088----pid-2088
---ebpf-pid----2088----pid-1
---ebpf-pid----2088----pid-2088
---ebpf-pid----2088----pid-1
---ebpf-pid----2088----pid-2088
---ebpf-pid----2088----pid-1
---ebpf-pid----2088----pid-2088
---ebpf-pid----2088----pid-1
---ebpf-pid----2088----pid-2088
---ebpf-pid----2088----pid-1
---ebpf-pid----2088----pid-2088
---ebpf-pid----2088----pid-1
---ebpf-pid----2088----pid-2088
---ebpf-pid----372881----pid-1
---ebpf-pid----2088----pid-1
---ebpf-pid----372881----pid-372881
---ebpf-pid----2088----pid-2088
---ebpf-pid----2088----pid-1
---ebpf-pid----2088----pid-2088
---ebpf-pid----2088----pid-1
---ebpf-pid----2088----pid-2088
---ebpf-pid----2088----pid-1
---ebpf-pid----2088----pid-2088
---ebpf-pid----2088----pid-1
---ebpf-pid----2088----pid-2088
---ebpf-pid----2088----pid-1
---ebpf-pid----2088----pid-2088
---ebpf-pid----2088----pid-1
---ebpf-pid----2088----pid-2088
---ebpf-pid----2088----pid-1
---ebpf-pid----2088----pid-2088
---ebpf-pid----2088----pid-1
---ebpf-pid----2094----pid-2094
---ebpf-pid----2094----pid-1
---ebpf-pid----2094----pid-2094
---ebpf-pid----2094----pid-1
---ebpf-pid----2094----pid-2094
---ebpf-pid----2094----pid-1
---ebpf-pid----2094----pid-2094
---ebpf-pid----2094----pid-1
---ebpf-pid----2094----pid-2094
---ebpf-pid----2094----pid-1
---ebpf-pid----2094----pid-2094
---ebpf-pid----2094----pid-1
---ebpf-pid----2094----pid-2094
---ebpf-pid----2094----pid-1
---ebpf-pid----2094----pid-2094
---ebpf-pid----2094----pid-1
---ebpf-pid----2094----pid-2094
---ebpf-pid----2094----pid-1
---ebpf-pid----2094----pid-2094
---ebpf-pid----372881----pid-1
---ebpf-pid----372881----pid-372881
---ebpf-pid----372881----pid-1
---ebpf-pid----372881----pid-372881
---ebpf-pid----372881----pid-1
---ebpf-pid----2094----pid-1
---ebpf-pid----372881----pid-372881
---ebpf-pid----2094----pid-2094
---ebpf-pid----372881----pid-1
---ebpf-pid----372881----pid-372881
---ebpf-pid----2094----pid-1
---ebpf-pid----372881----pid-372881
---ebpf-pid----372881----pid-1
---ebpf-pid----372881----pid-372881
---ebpf-pid----372881----pid-1
---ebpf-pid----372881----pid-372881
---ebpf-pid----372881----pid-1
---ebpf-pid----372881----pid-1
---ebpf-pid----372881----pid-372881
---ebpf-pid----372881----pid-372881
---ebpf-pid----372881----pid-1
---ebpf-pid----372881----pid-372881
---ebpf-pid----372881----pid-1
---ebpf-pid----372881----pid-372881
---ebpf-pid----372881----pid-1
---ebpf-pid----372881----pid-1
---ebpf-pid----372881----pid-372881
---ebpf-pid----372881----pid-1
---ebpf-pid----372881----pid-372881
---ebpf-pid----372881----pid-1
---ebpf-pid----372881----pid-372881
---ebpf-pid----372881----pid-1
---ebpf-pid----372881----pid-372881
---ebpf-pid----372881----pid-1
---ebpf-pid----372881----pid-372881
---ebpf-pid----372881----pid-1
---ebpf-pid----372881----pid-372881
---ebpf-pid----372881----pid-1
---ebpf-pid----372881----pid-1
---ebpf-pid----372881----pid-372881
---ebpf-pid----372881----pid-372881
---ebpf-pid----372881----pid-1
---ebpf-pid----372881----pid-372881
---ebpf-pid----372881----pid-1
---ebpf-pid----372881----pid-372881
---ebpf-pid----372881----pid-1
---ebpf-pid----372881----pid-372881
---ebpf-pid----2088----pid-2088
---ebpf-pid----2088----pid-1
---ebpf-pid----372881----pid-1
---ebpf-pid----2088----pid-2088
---ebpf-pid----372881----pid-372881
---ebpf-pid----2088----pid-1
---ebpf-pid----372881----pid-1
---ebpf-pid----2088----pid-2088
---ebpf-pid----372881----pid-372881
---ebpf-pid----2088----pid-1
---ebpf-pid----372881----pid-1
---ebpf-pid----2088----pid-2088
---ebpf-pid----372881----pid-372881
---ebpf-pid----2088----pid-1
---ebpf-pid----372881----pid-1
---ebpf-pid----2088----pid-2088
---ebpf-pid----2088----pid-1
---ebpf-pid----372881----pid-372881
---ebpf-pid----6671----pid-6671
---ebpf-pid----6671----pid-5476
---ebpf-pid----372881----pid-1
---ebpf-pid----372881----pid-372881
---ebpf-pid----6671----pid-1
---ebpf-pid----372881----pid-1
---ebpf-pid----2088----pid-2088
---ebpf-pid----372881----pid-372881
---ebpf-pid----372881----pid-1
---ebpf-pid----2088----pid-1
---ebpf-pid----372881----pid-372881
---ebpf-pid----2088----pid-2088
---ebpf-pid----372881----pid-1
---ebpf-pid----2088----pid-1
---ebpf-pid----372881----pid-372881
---ebpf-pid----2088----pid-2088
---ebpf-pid----372881----pid-1
---ebpf-pid----2088----pid-1
---ebpf-pid----372881----pid-372881
---ebpf-pid----2088----pid-2088
---ebpf-pid----372881----pid-1
---ebpf-pid----2088----pid-1
---ebpf-pid----372881----pid-372881
---ebpf-pid----6671----pid-6671
---ebpf-pid----372881----pid-1
---ebpf-pid----6671----pid-5476
---ebpf-pid----372881----pid-372881
---ebpf-pid----6671----pid-1
---ebpf-pid----372881----pid-1
---ebpf-pid----6671----pid-6671
---ebpf-pid----372881----pid-372881
---ebpf-pid----372881----pid-1
---ebpf-pid----372881----pid-372881
---ebpf-pid----372881----pid-1
---ebpf-pid----372881----pid-1
---ebpf-pid----372881----pid-372881
---ebpf-pid----372881----pid-372881
---ebpf-pid----372881----pid-1
---ebpf-pid----372881----pid-1
---ebpf-pid----372881----pid-372881
---ebpf-pid----5637----pid-5637
---ebpf-pid----372881----pid-1
---ebpf-pid----372881----pid-372881
---ebpf-pid----372881----pid-1
---ebpf-pid----372881----pid-372881
---ebpf-pid----372881----pid-1
---ebpf-pid----6671----pid-5476
---ebpf-pid----372881----pid-372881
---ebpf-pid----6671----pid-1
---ebpf-pid----372881----pid-1
---ebpf-pid----6671----pid-6671
---ebpf-pid----372881----pid-372881
---ebpf-pid----6671----pid-5476
---ebpf-pid----372881----pid-1
---ebpf-pid----372881----pid-372881
---ebpf-pid----6671----pid-1
---ebpf-pid----372881----pid-372881
---ebpf-pid----372881----pid-1
---ebpf-pid----372881----pid-372881
---ebpf-pid----372881----pid-1
---ebpf-pid----372881----pid-1
---ebpf-pid----372881----pid-372881
---ebpf-pid----372881----pid-372881
---ebpf-pid----372881----pid-1
---ebpf-pid----372881----pid-1
---ebpf-pid----372881----pid-372881
---ebpf-pid----372881----pid-372881
---ebpf-pid----372881----pid-1
---ebpf-pid----372881----pid-1
---ebpf-pid----372881----pid-372881
---ebpf-pid----372881----pid-372881
---ebpf-pid----372881----pid-1
---ebpf-pid----372881----pid-372881
---ebpf-pid----372881----pid-1
---ebpf-pid----372881----pid-372881
---ebpf-pid----372881----pid-1
---ebpf-pid----372881----pid-372881
---ebpf-pid----372881----pid-1
---ebpf-pid----372881----pid-372881
---ebpf-pid----372881----pid-1
---ebpf-pid----2089----pid-2089
---ebpf-pid----2089----pid-1
---ebpf-pid----2089----pid-2089
---ebpf-pid----2089----pid-1
---ebpf-pid----2089----pid-2089
---ebpf-pid----2089----pid-1
---ebpf-pid----372881----pid-1
---ebpf-pid----2089----pid-2089
---ebpf-pid----372881----pid-372881
---ebpf-pid----372881----pid-1
---ebpf-pid----2089----pid-1
---ebpf-pid----372881----pid-372881
---ebpf-pid----2089----pid-2089
---ebpf-pid----372881----pid-1
---ebpf-pid----2089----pid-1
---ebpf-pid----372881----pid-372881
---ebpf-pid----2089----pid-2089
---ebpf-pid----372881----pid-1
---ebpf-pid----2089----pid-1
---ebpf-pid----372881----pid-372881
---ebpf-pid----2089----pid-2089
---ebpf-pid----372881----pid-1
---ebpf-pid----372881----pid-372881
---ebpf-pid----2089----pid-1
---ebpf-pid----2089----pid-2089
---ebpf-pid----372881----pid-1
---ebpf-pid----372881----pid-372881
---ebpf-pid----2089----pid-1
---ebpf-pid----2089----pid-2089
---ebpf-pid----372881----pid-1
---ebpf-pid----372881----pid-372881
---ebpf-pid----372881----pid-1
---ebpf-pid----372881----pid-372881
---ebpf-pid----2089----pid-1
---ebpf-pid----2089----pid-2089
---ebpf-pid----372881----pid-1
---ebpf-pid----372881----pid-372881
---ebpf-pid----2089----pid-1
---ebpf-pid----2089----pid-2089
---ebpf-pid----372881----pid-1
---ebpf-pid----372881----pid-372881
---ebpf-pid----2089----pid-1
---ebpf-pid----2089----pid-2089
---ebpf-pid----372881----pid-1
---ebpf-pid----372881----pid-372881
---ebpf-pid----2089----pid-1
---ebpf-pid----372881----pid-1
---ebpf-pid----2089----pid-2089
---ebpf-pid----372881----pid-372881
---ebpf-pid----2089----pid-1
---ebpf-pid----372881----pid-1
---ebpf-pid----2089----pid-2089
---ebpf-pid----372881----pid-372881
---ebpf-pid----2089----pid-1
---ebpf-pid----372881----pid-1
---ebpf-pid----2089----pid-2089
---ebpf-pid----372881----pid-372881
---ebpf-pid----372881----pid-1
---ebpf-pid----2089----pid-1
---ebpf-pid----372881----pid-372881
---ebpf-pid----2089----pid-2089
---ebpf-pid----372881----pid-1
---ebpf-pid----2089----pid-1
---ebpf-pid----372881----pid-372881
---ebpf-pid----2089----pid-2089
---ebpf-pid----372881----pid-1
---ebpf-pid----2089----pid-1
---ebpf-pid----2012----pid-2012
---ebpf-pid----2089----pid-2089
---ebpf-pid----2012----pid-1
---ebpf-pid----2088----pid-2088
---ebpf-pid----2089----pid-1
---ebpf-pid----2088----pid-1
---ebpf-pid----2088----pid-2088
---ebpf-pid----2089----pid-2089
---ebpf-pid----2088----pid-1
---ebpf-pid----2088----pid-2088
---ebpf-pid----2089----pid-1
---ebpf-pid----2089----pid-2089
---ebpf-pid----2088----pid-1
---ebpf-pid----2088----pid-2088
---ebpf-pid----2089----pid-1
---ebpf-pid----2088----pid-1
---ebpf-pid----2089----pid-2089
---ebpf-pid----2088----pid-2088
---ebpf-pid----2089----pid-1
---ebpf-pid----2089----pid-2089
---ebpf-pid----2088----pid-1
---ebpf-pid----2088----pid-2088
---ebpf-pid----2089----pid-1
---ebpf-pid----2088----pid-1
---ebpf-pid----2089----pid-2089
---ebpf-pid----2088----pid-2088
---ebpf-pid----2089----pid-1
---ebpf-pid----2089----pid-2089
---ebpf-pid----2088----pid-1
---ebpf-pid----2088----pid-2088
---ebpf-pid----2089----pid-1
---ebpf-pid----2089----pid-2089
---ebpf-pid----2088----pid-1
---ebpf-pid----2088----pid-2088
---ebpf-pid----2089----pid-1
---ebpf-pid----2089----pid-2089
---ebpf-pid----2088----pid-1
---ebpf-pid----2088----pid-2088
---ebpf-pid----2089----pid-1
---ebpf-pid----2089----pid-2089
---ebpf-pid----2088----pid-1
---ebpf-pid----2088----pid-2088
---ebpf-pid----2089----pid-1
---ebpf-pid----2089----pid-2089
---ebpf-pid----2088----pid-1
---ebpf-pid----2089----pid-1
---ebpf-pid----2089----pid-2089
---ebpf-pid----2089----pid-1
---ebpf-pid----2089----pid-2089
---ebpf-pid----2089----pid-1
---ebpf-pid----2089----pid-2089
---ebpf-pid----2089----pid-1
---ebpf-pid----2089----pid-2089
---ebpf-pid----2089----pid-1
---ebpf-pid----2089----pid-2089
---ebpf-pid----2089----pid-1
---ebpf-pid----2089----pid-2089
---ebpf-pid----2089----pid-1
---ebpf-pid----2089----pid-2089
---ebpf-pid----2089----pid-1
---ebpf-pid----2089----pid-2089
---ebpf-pid----2089----pid-1
---ebpf-pid----2089----pid-2089
---ebpf-pid----2089----pid-1
---ebpf-pid----2089----pid-2089
---ebpf-pid----2089----pid-1
---ebpf-pid----2089----pid-2089
---ebpf-pid----2089----pid-1
---ebpf-pid----2089----pid-2089
---ebpf-pid----2089----pid-1
---ebpf-pid----2089----pid-2089
---ebpf-pid----2089----pid-1
---ebpf-pid----2089----pid-2089
---ebpf-pid----5637----pid-1
---ebpf-pid----2089----pid-1
---ebpf-pid----2089----pid-2089
---ebpf-pid----5637----pid-5637
---ebpf-pid----5637----pid-1
---ebpf-pid----2089----pid-1
---ebpf-pid----448522----pid-448522
---ebpf-pid----2089----pid-2089
---ebpf-pid----448522----pid-1
---ebpf-pid----2089----pid-1
---ebpf-pid----448783----pid-448783
---ebpf-pid----2089----pid-2089
---ebpf-pid----448783----pid-448520
---ebpf-pid----2089----pid-1
---ebpf-pid----448783----pid-1
---ebpf-pid----2089----pid-2089
---ebpf-pid----448783----pid-448783
---ebpf-pid----2089----pid-1
---ebpf-pid----448783----pid-448520
---ebpf-pid----2089----pid-2089
---ebpf-pid----448783----pid-1
---ebpf-pid----372714----pid-372714
---ebpf-pid----372714----pid-5476
---ebpf-pid----2089----pid-1
---ebpf-pid----2089----pid-2089
---ebpf-pid----372714----pid-1
---ebpf-pid----5705----pid-5705
---ebpf-pid----2089----pid-1
---ebpf-pid----2089----pid-2089
---ebpf-pid----5705----pid-5476
---ebpf-pid----2089----pid-1
---ebpf-pid----5705----pid-1
---ebpf-pid----2089----pid-2089
---ebpf-pid----2088----pid-2088
---ebpf-pid----5705----pid-5705
---ebpf-pid----2089----pid-1
---ebpf-pid----2088----pid-1
---ebpf-pid----2089----pid-2089
---ebpf-pid----5705----pid-5476
---ebpf-pid----2088----pid-2088
---ebpf-pid----2089----pid-1
---ebpf-pid----5705----pid-1
---ebpf-pid----2088----pid-1
---ebpf-pid----2089----pid-2089
---ebpf-pid----5705----pid-5705
---ebpf-pid----2088----pid-2088
---ebpf-pid----2089----pid-1
---ebpf-pid----5705----pid-5476
---ebpf-pid----2089----pid-2089
---ebpf-pid----2088----pid-1
---ebpf-pid----2088----pid-2088
---ebpf-pid----5705----pid-1
---ebpf-pid----2089----pid-1
---ebpf-pid----2094----pid-2094
---ebpf-pid----2088----pid-1
---ebpf-pid----2089----pid-2089
---ebpf-pid----2088----pid-2088
---ebpf-pid----2094----pid-1
---ebpf-pid----2094----pid-2094
---ebpf-pid----2089----pid-1
---ebpf-pid----2088----pid-1
---ebpf-pid----2089----pid-2089
---ebpf-pid----2088----pid-2088
---ebpf-pid----2094----pid-1
---ebpf-pid----2094----pid-2094
---ebpf-pid----2089----pid-1
---ebpf-pid----2088----pid-1
---ebpf-pid----2089----pid-2089
---ebpf-pid----2088----pid-2088
---ebpf-pid----2094----pid-1
---ebpf-pid----2094----pid-2094
---ebpf-pid----2089----pid-1
---ebpf-pid----2088----pid-1
---ebpf-pid----2012----pid-2012
---ebpf-pid----373029----pid-373029
---ebpf-pid----2094----pid-1
---ebpf-pid----448785----pid-448785
---ebpf-pid----2012----pid-1
---ebpf-pid----373029----pid-5476
---ebpf-pid----2012----pid-2012
---ebpf-pid----448785----pid-448520
---ebpf-pid----2012----pid-1
---ebpf-pid----373029----pid-1
---ebpf-pid----2012----pid-2012
---ebpf-pid----373029----pid-373029
---ebpf-pid----448785----pid-1
---ebpf-pid----448785----pid-448785
---ebpf-pid----2012----pid-1
---ebpf-pid----373029----pid-5476
---ebpf-pid----2012----pid-2012
---ebpf-pid----448785----pid-448520
---ebpf-pid----373029----pid-1
---ebpf-pid----2012----pid-1
---ebpf-pid----373029----pid-373029
---ebpf-pid----2012----pid-2012
---ebpf-pid----373029----pid-5476
---ebpf-pid----2012----pid-1
---ebpf-pid----2012----pid-2012
---ebpf-pid----2012----pid-1
---ebpf-pid----2012----pid-2012
---ebpf-pid----2012----pid-1
---ebpf-pid----2012----pid-2012
---ebpf-pid----2012----pid-1
---ebpf-pid----2012----pid-2012
---ebpf-pid----2012----pid-1
---ebpf-pid----2012----pid-2012
---ebpf-pid----2012----pid-1
---ebpf-pid----2012----pid-2012
---ebpf-pid----2012----pid-1
---ebpf-pid----2012----pid-2012
---ebpf-pid----2012----pid-1
---ebpf-pid----2012----pid-2012
---ebpf-pid----2012----pid-1
---ebpf-pid----2012----pid-2012
---ebpf-pid----2012----pid-1
---ebpf-pid----2012----pid-2012
---ebpf-pid----2012----pid-1
---ebpf-pid----2012----pid-2012
---ebpf-pid----2012----pid-1
---ebpf-pid----2012----pid-2012
---ebpf-pid----2012----pid-1
---ebpf-pid----2012----pid-2012
---ebpf-pid----2012----pid-1
---ebpf-pid----2012----pid-2012
---ebpf-pid----2012----pid-1
---ebpf-pid----2012----pid-2012
---ebpf-pid----2012----pid-1
---ebpf-pid----2012----pid-2012
---ebpf-pid----2012----pid-1
---ebpf-pid----448785----pid-1
---ebpf-pid----2012----pid-2012
---ebpf-pid----448783----pid-448783
---ebpf-pid----2012----pid-1
---ebpf-pid----448783----pid-448520
---ebpf-pid----2012----pid-2012
---ebpf-pid----2012----pid-1
---ebpf-pid----448783----pid-1
---ebpf-pid----2012----pid-2012
---ebpf-pid----2094----pid-2094
---ebpf-pid----2094----pid-1
---ebpf-pid----2012----pid-1
---ebpf-pid----2094----pid-2094
---ebpf-pid----2012----pid-2012
---ebpf-pid----2094----pid-1
---ebpf-pid----2012----pid-1
---ebpf-pid----2094----pid-2094
---ebpf-pid----2094----pid-2094
---ebpf-pid----2094----pid-1
---ebpf-pid----2094----pid-2094
---ebpf-pid----2094----pid-1
---ebpf-pid----2094----pid-1
---ebpf-pid----2094----pid-2094
---ebpf-pid----2094----pid-2094
---ebpf-pid----2094----pid-1
---ebpf-pid----2094----pid-1
---ebpf-pid----2094----pid-2094
---ebpf-pid----5614----pid-5614
---ebpf-pid----2094----pid-1
---ebpf-pid----373029----pid-1
---ebpf-pid----5614----pid-1
---ebpf-pid----2094----pid-2094
---ebpf-pid----373029----pid-373029
---ebpf-pid----2094----pid-2094
---ebpf-pid----2094----pid-1
---ebpf-pid----2094----pid-1
---ebpf-pid----373029----pid-5476
---ebpf-pid----2094----pid-2094
---ebpf-pid----2094----pid-2094
---ebpf-pid----373029----pid-1
---ebpf-pid----2094----pid-1
---ebpf-pid----373029----pid-373029
---ebpf-pid----2094----pid-1
---ebpf-pid----2094----pid-2094
---ebpf-pid----2094----pid-2094
---ebpf-pid----373029----pid-5476
---ebpf-pid----2094----pid-1
---ebpf-pid----2094----pid-1
---ebpf-pid----2094----pid-2094
---ebpf-pid----2094----pid-2094
---ebpf-pid----373029----pid-1
---ebpf-pid----373029----pid-373029
---ebpf-pid----2094----pid-1
---ebpf-pid----2094----pid-2094
---ebpf-pid----2094----pid-1
---ebpf-pid----373029----pid-5476
---ebpf-pid----373029----pid-1
---ebpf-pid----2094----pid-1
---ebpf-pid----373029----pid-373029
---ebpf-pid----2094----pid-2094
---ebpf-pid----373029----pid-5476
---ebpf-pid----2094----pid-1
---ebpf-pid----2094----pid-2094
---ebpf-pid----373029----pid-1
---ebpf-pid----373029----pid-373029
---ebpf-pid----2094----pid-1
---ebpf-pid----2094----pid-2094
---ebpf-pid----373029----pid-5476
---ebpf-pid----2094----pid-1
---ebpf-pid----373029----pid-1
---ebpf-pid----2094----pid-2094
---ebpf-pid----373029----pid-373029
---ebpf-pid----2094----pid-1
---ebpf-pid----373029----pid-5476
---ebpf-pid----2094----pid-2094
---ebpf-pid----373029----pid-1
---ebpf-pid----2094----pid-1
---ebpf-pid----373029----pid-373029
---ebpf-pid----2094----pid-2094
---ebpf-pid----373029----pid-5476
---ebpf-pid----2094----pid-1
---ebpf-pid----2094----pid-2094
---ebpf-pid----373029----pid-1
---ebpf-pid----448521----pid-448521
---ebpf-pid----2094----pid-1
---ebpf-pid----2094----pid-2094
---ebpf-pid----448521----pid-1
---ebpf-pid----448521----pid-448521
---ebpf-pid----2094----pid-1
---ebpf-pid----2094----pid-2094
---ebpf-pid----448521----pid-1
---ebpf-pid----2094----pid-1
---ebpf-pid----2012----pid-2012
---ebpf-pid----2094----pid-2094
---ebpf-pid----2012----pid-1
---ebpf-pid----2094----pid-1
---ebpf-pid----2012----pid-2012
---ebpf-pid----2094----pid-2094
---ebpf-pid----2012----pid-1
---ebpf-pid----2094----pid-1
---ebpf-pid----2012----pid-2012
---ebpf-pid----2094----pid-2094
---ebpf-pid----2094----pid-1
---ebpf-pid----2012----pid-1
---ebpf-pid----2094----pid-2094
---ebpf-pid----2012----pid-2012
---ebpf-pid----2094----pid-1
---ebpf-pid----2012----pid-1
---ebpf-pid----2094----pid-2094
---ebpf-pid----2094----pid-1
---ebpf-pid----2094----pid-2094
---ebpf-pid----2094----pid-1
---ebpf-pid----2094----pid-2094
---ebpf-pid----2094----pid-1
---ebpf-pid----2094----pid-2094
---ebpf-pid----2094----pid-2094
---ebpf-pid----2094----pid-1
---ebpf-pid----2094----pid-1
---ebpf-pid----2094----pid-2094
---ebpf-pid----2094----pid-2094
---ebpf-pid----2094----pid-1
---ebpf-pid----2094----pid-1
---ebpf-pid----2094----pid-2094
---ebpf-pid----2094----pid-2094
---ebpf-pid----2094----pid-1
---ebpf-pid----2094----pid-2094
---ebpf-pid----2094----pid-1
---ebpf-pid----2094----pid-2094
---ebpf-pid----2094----pid-1
---ebpf-pid----2094----pid-2094
---ebpf-pid----2094----pid-1
---ebpf-pid----2094----pid-2094
---ebpf-pid----2094----pid-1
---ebpf-pid----2094----pid-2094
---ebpf-pid----2094----pid-1
---ebpf-pid----2094----pid-2094
---ebpf-pid----2094----pid-1
---ebpf-pid----2094----pid-1
---ebpf-pid----2094----pid-2094
---ebpf-pid----2094----pid-2094
---ebpf-pid----2094----pid-1
---ebpf-pid----2094----pid-1
---ebpf-pid----2094----pid-2094
---ebpf-pid----2094----pid-2094
---ebpf-pid----2094----pid-1
---ebpf-pid----2094----pid-1
---ebpf-pid----2094----pid-2094
---ebpf-pid----2094----pid-2094
---ebpf-pid----2094----pid-1
---ebpf-pid----2094----pid-1
---ebpf-pid----2094----pid-2094
---ebpf-pid----2094----pid-2094
---ebpf-pid----2094----pid-1
---ebpf-pid----2094----pid-2094
---ebpf-pid----2094----pid-1
---ebpf-pid----2094----pid-1
---ebpf-pid----2094----pid-2094
---ebpf-pid----2094----pid-2094
---ebpf-pid----2094----pid-1
---ebpf-pid----2094----pid-2094
---ebpf-pid----2094----pid-1
---ebpf-pid----2094----pid-2094
---ebpf-pid----2094----pid-1
---ebpf-pid----2094----pid-2094
---ebpf-pid----2094----pid-1
---ebpf-pid----2094----pid-2094
---ebpf-pid----2094----pid-1
---ebpf-pid----2094----pid-2094
---ebpf-pid----2094----pid-1
---ebpf-pid----2094----pid-1
---ebpf-pid----2094----pid-2094
---ebpf-pid----2094----pid-2094
---ebpf-pid----2094----pid-1
---ebpf-pid----2094----pid-1
---ebpf-pid----2094----pid-2094
---ebpf-pid----2094----pid-2094
---ebpf-pid----2094----pid-1
---ebpf-pid----2094----pid-1
---ebpf-pid----2094----pid-2094
---ebpf-pid----2094----pid-2094
---ebpf-pid----2094----pid-1
---ebpf-pid----2094----pid-1
---ebpf-pid----2012----pid-2012
---ebpf-pid----2094----pid-2094
---ebpf-pid----2094----pid-2094
---ebpf-pid----2094----pid-1
---ebpf-pid----2012----pid-1
---ebpf-pid----2094----pid-1
---ebpf-pid----2012----pid-2012
---ebpf-pid----372714----pid-372714
---ebpf-pid----2094----pid-2094
---ebpf-pid----2094----pid-1
---ebpf-pid----2094----pid-2094
---ebpf-pid----2094----pid-1
---ebpf-pid----2094----pid-2094
---ebpf-pid----2094----pid-1
---ebpf-pid----2094----pid-2094
---ebpf-pid----2094----pid-1
---ebpf-pid----2094----pid-2094
---ebpf-pid----2094----pid-1
---ebpf-pid----2094----pid-2094
---ebpf-pid----2094----pid-1
---ebpf-pid----2094----pid-2094
---ebpf-pid----2094----pid-1
---ebpf-pid----2094----pid-2094
---ebpf-pid----2094----pid-1
---ebpf-pid----2094----pid-2094
---ebpf-pid----2094----pid-1
---ebpf-pid----2094----pid-2094
---ebpf-pid----2094----pid-1
---ebpf-pid----2094----pid-2094
---ebpf-pid----2094----pid-1
---ebpf-pid----2094----pid-2094
---ebpf-pid----2094----pid-1
---ebpf-pid----2094----pid-2094
---ebpf-pid----2094----pid-1
---ebpf-pid----2094----pid-2094
---ebpf-pid----2012----pid-1
---ebpf-pid----2012----pid-2012
---ebpf-pid----2012----pid-1
---ebpf-pid----2012----pid-2012
---ebpf-pid----2012----pid-1
---ebpf-pid----2012----pid-2012
---ebpf-pid----2012----pid-1
---ebpf-pid----2012----pid-2012
---ebpf-pid----2012----pid-1
---ebpf-pid----2012----pid-2012
---ebpf-pid----2012----pid-1
---ebpf-pid----2012----pid-2012
---ebpf-pid----2012----pid-1
---ebpf-pid----372714----pid-5476
---ebpf-pid----372714----pid-1
---ebpf-pid----372714----pid-372714
---ebpf-pid----372714----pid-5476
---ebpf-pid----372714----pid-1
---ebpf-pid----372714----pid-372714
---ebpf-pid----372714----pid-5476
---ebpf-pid----372714----pid-1
---ebpf-pid----372714----pid-372714
---ebpf-pid----372714----pid-5476
---ebpf-pid----372714----pid-1
---ebpf-pid----372714----pid-372714
---ebpf-pid----372714----pid-5476
---ebpf-pid----372714----pid-1
---ebpf-pid----372714----pid-372714
---ebpf-pid----372714----pid-5476
---ebpf-pid----372714----pid-1
---ebpf-pid----372714----pid-372714
---ebpf-pid----372714----pid-5476
---ebpf-pid----372714----pid-1
---ebpf-pid----372714----pid-372714
---ebpf-pid----372714----pid-5476
---ebpf-pid----372714----pid-1
---ebpf-pid----372714----pid-372714
---ebpf-pid----2012----pid-2012
---ebpf-pid----2012----pid-1
---ebpf-pid----2012----pid-2012
---ebpf-pid----2012----pid-1
---ebpf-pid----2012----pid-2012
---ebpf-pid----2012----pid-1
---ebpf-pid----2012----pid-2012
---ebpf-pid----2012----pid-1
---ebpf-pid----2012----pid-2012
---ebpf-pid----2012----pid-1
---ebpf-pid----2012----pid-2012
---ebpf-pid----2012----pid-1
---ebpf-pid----2012----pid-2012
---ebpf-pid----2012----pid-1
---ebpf-pid----2012----pid-2012
---ebpf-pid----2012----pid-1
---ebpf-pid----2012----pid-2012
---ebpf-pid----2012----pid-1
---ebpf-pid----2012----pid-2012
---ebpf-pid----2012----pid-1
---ebpf-pid----2012----pid-2012
---ebpf-pid----2012----pid-1
---ebpf-pid----2012----pid-2012
---ebpf-pid----2012----pid-1
---ebpf-pid----2012----pid-2012
---ebpf-pid----2012----pid-1
---ebpf-pid----2012----pid-2012
---ebpf-pid----2012----pid-1
---ebpf-pid----2094----pid-2094
---ebpf-pid----2094----pid-1
---ebpf-pid----2094----pid-2094
---ebpf-pid----2094----pid-1
---ebpf-pid----2094----pid-2094
---ebpf-pid----2094----pid-1
---ebpf-pid----2094----pid-2094
---ebpf-pid----2094----pid-1
---ebpf-pid----2094----pid-2094
---ebpf-pid----2094----pid-1
---ebpf-pid----2094----pid-2094
---ebpf-pid----2094----pid-1
---ebpf-pid----2094----pid-2094
---ebpf-pid----2094----pid-1
---ebpf-pid----2094----pid-2094
---ebpf-pid----2094----pid-1
---ebpf-pid----2094----pid-2094
---ebpf-pid----2094----pid-1
---ebpf-pid----2094----pid-2094
---ebpf-pid----2094----pid-1
---ebpf-pid----2094----pid-2094
---ebpf-pid----2094----pid-1
---ebpf-pid----2094----pid-2094
---ebpf-pid----2094----pid-1
---ebpf-pid----2094----pid-2094
---ebpf-pid----2094----pid-1
---ebpf-pid----2094----pid-2094
---ebpf-pid----2094----pid-1
---ebpf-pid----372714----pid-5476
---ebpf-pid----372714----pid-1
---ebpf-pid----448783----pid-448783
---ebpf-pid----448783----pid-448520
---ebpf-pid----448783----pid-1
---ebpf-pid----6671----pid-6671
---ebpf-pid----6671----pid-5476
---ebpf-pid----6671----pid-1
---ebpf-pid----6671----pid-6671
---ebpf-pid----6671----pid-5476
---ebpf-pid----6671----pid-1
---ebpf-pid----6671----pid-6671
---ebpf-pid----6671----pid-5476
---ebpf-pid----6671----pid-1
---ebpf-pid----6671----pid-6671
---ebpf-pid----6671----pid-5476
---ebpf-pid----6671----pid-1
---ebpf-pid----6671----pid-6671
---ebpf-pid----6671----pid-5476
---ebpf-pid----6671----pid-1
---ebpf-pid----6671----pid-6671
---ebpf-pid----6671----pid-5476
---ebpf-pid----6671----pid-1
---ebpf-pid----2094----pid-2094
---ebpf-pid----14----pid-14
---ebpf-pid----14----pid-2
---ebpf-pid----2094----pid-1
---ebpf-pid----2094----pid-2094
---ebpf-pid----6671----pid-6671
---ebpf-pid----2094----pid-1
---ebpf-pid----2094----pid-2094
---ebpf-pid----6671----pid-5476
---ebpf-pid----2094----pid-1
---ebpf-pid----6671----pid-1
---ebpf-pid----2094----pid-2094
---ebpf-pid----6671----pid-6671
---ebpf-pid----6671----pid-5476
---ebpf-pid----2094----pid-1
---ebpf-pid----2094----pid-2094
---ebpf-pid----6671----pid-1
---ebpf-pid----6671----pid-6671
---ebpf-pid----2094----pid-1
---ebpf-pid----2094----pid-2094
---ebpf-pid----6671----pid-5476
---ebpf-pid----2094----pid-1
---ebpf-pid----6671----pid-1
---ebpf-pid----6671----pid-6671
---ebpf-pid----6671----pid-5476
---ebpf-pid----6671----pid-1
---ebpf-pid----6671----pid-6671
---ebpf-pid----6671----pid-5476
---ebpf-pid----6671----pid-1
---ebpf-pid----6671----pid-6671
---ebpf-pid----6671----pid-5476
---ebpf-pid----6671----pid-1
---ebpf-pid----6671----pid-6671
---ebpf-pid----6671----pid-5476
---ebpf-pid----2094----pid-2094
---ebpf-pid----6671----pid-1
---ebpf-pid----6671----pid-6671
---ebpf-pid----2094----pid-1
---ebpf-pid----2094----pid-2094
---ebpf-pid----6671----pid-5476
---ebpf-pid----2094----pid-1
---ebpf-pid----6671----pid-1
---ebpf-pid----2094----pid-2094
---ebpf-pid----6671----pid-6671
---ebpf-pid----2094----pid-1
---ebpf-pid----6671----pid-5476
---ebpf-pid----2094----pid-2094
---ebpf-pid----6671----pid-1
---ebpf-pid----2094----pid-1
---ebpf-pid----6671----pid-6671
---ebpf-pid----2094----pid-2094
---ebpf-pid----6671----pid-5476
---ebpf-pid----2094----pid-1
---ebpf-pid----2094----pid-2094
---ebpf-pid----6671----pid-1
---ebpf-pid----6671----pid-6671
---ebpf-pid----2094----pid-1
---ebpf-pid----2094----pid-2094
---ebpf-pid----6671----pid-5476
---ebpf-pid----6671----pid-1
---ebpf-pid----2094----pid-1
---ebpf-pid----6671----pid-6671
---ebpf-pid----2094----pid-2094
---ebpf-pid----6671----pid-5476
---ebpf-pid----2094----pid-1
---ebpf-pid----2094----pid-2094
---ebpf-pid----6671----pid-1
---ebpf-pid----6671----pid-6671
---ebpf-pid----2094----pid-1
---ebpf-pid----6671----pid-5476
---ebpf-pid----2094----pid-1
---ebpf-pid----2094----pid-2094
---ebpf-pid----2094----pid-2094
---ebpf-pid----2094----pid-1
---ebpf-pid----2094----pid-2094
---ebpf-pid----6671----pid-1
---ebpf-pid----2094----pid-1
---ebpf-pid----6671----pid-6671
---ebpf-pid----2094----pid-2094
---ebpf-pid----2094----pid-1
---ebpf-pid----6671----pid-5476
---ebpf-pid----2094----pid-1
---ebpf-pid----5705----pid-5705
---ebpf-pid----2094----pid-2094
---ebpf-pid----6671----pid-1
---ebpf-pid----5705----pid-5476
---ebpf-pid----6671----pid-6671
---ebpf-pid----2094----pid-1
---ebpf-pid----2094----pid-2094
---ebpf-pid----5705----pid-1
---ebpf-pid----6671----pid-5476
---ebpf-pid----5705----pid-5705
---ebpf-pid----6671----pid-1
---ebpf-pid----2094----pid-1
---ebpf-pid----6671----pid-6671
---ebpf-pid----5705----pid-5476
---ebpf-pid----2094----pid-2094
---ebpf-pid----5705----pid-1
---ebpf-pid----5705----pid-5705
---ebpf-pid----6671----pid-5476
---ebpf-pid----6671----pid-1
---ebpf-pid----5705----pid-5476
---ebpf-pid----2094----pid-1
---ebpf-pid----6671----pid-6671
---ebpf-pid----5705----pid-1
---ebpf-pid----6671----pid-5476
---ebpf-pid----2094----pid-2094
---ebpf-pid----5705----pid-5705
---ebpf-pid----6671----pid-1
---ebpf-pid----5705----pid-5476
---ebpf-pid----6671----pid-6671
---ebpf-pid----5705----pid-1
---ebpf-pid----5705----pid-5705
---ebpf-pid----6671----pid-5476
---ebpf-pid----6671----pid-1
---ebpf-pid----5705----pid-5476
---ebpf-pid----6671----pid-6671
---ebpf-pid----5705----pid-1
---ebpf-pid----6671----pid-5476
---ebpf-pid----5705----pid-5705
---ebpf-pid----2094----pid-1
---ebpf-pid----6671----pid-1
---ebpf-pid----5705----pid-5476
---ebpf-pid----2094----pid-2094
---ebpf-pid----6671----pid-6671
---ebpf-pid----6671----pid-5476
---ebpf-pid----5705----pid-1
---ebpf-pid----2094----pid-1
---ebpf-pid----5705----pid-5705
---ebpf-pid----2094----pid-2094
---ebpf-pid----6671----pid-1
---ebpf-pid----6671----pid-6671
---ebpf-pid----5705----pid-5476
---ebpf-pid----2094----pid-1
---ebpf-pid----2094----pid-2094
---ebpf-pid----6671----pid-5476
---ebpf-pid----5705----pid-1
---ebpf-pid----5705----pid-5705
---ebpf-pid----2094----pid-1
---ebpf-pid----2094----pid-2094
---ebpf-pid----6671----pid-1
---ebpf-pid----5705----pid-5476
---ebpf-pid----448785----pid-448785
---ebpf-pid----2094----pid-1
---ebpf-pid----2094----pid-2094
---ebpf-pid----5705----pid-1
---ebpf-pid----448785----pid-448520
---ebpf-pid----5705----pid-5705
---ebpf-pid----2094----pid-1
---ebpf-pid----448785----pid-1
---ebpf-pid----2094----pid-2094
---ebpf-pid----5705----pid-5476
---ebpf-pid----379067----pid-379067
---ebpf-pid----2094----pid-1
---ebpf-pid----5705----pid-1
---ebpf-pid----379067----pid-5476
---ebpf-pid----2094----pid-2094
---ebpf-pid----5705----pid-5705
---ebpf-pid----379067----pid-1
---ebpf-pid----2094----pid-1
---ebpf-pid----5705----pid-5476
---ebpf-pid----379067----pid-379067
---ebpf-pid----2094----pid-2094
---ebpf-pid----5705----pid-1
---ebpf-pid----5705----pid-5705
---ebpf-pid----5705----pid-5476
---ebpf-pid----5705----pid-1
---ebpf-pid----5705----pid-5705
---ebpf-pid----5705----pid-5476
---ebpf-pid----5705----pid-1
---ebpf-pid----5705----pid-5705
---ebpf-pid----5705----pid-5476
---ebpf-pid----5705----pid-1
---ebpf-pid----5705----pid-5705
---ebpf-pid----5705----pid-5476
---ebpf-pid----5705----pid-1
---ebpf-pid----5705----pid-5705
---ebpf-pid----5705----pid-5476
---ebpf-pid----5705----pid-1
---ebpf-pid----2089----pid-2089
---ebpf-pid----379067----pid-5476
---ebpf-pid----2089----pid-1
---ebpf-pid----2089----pid-2089
---ebpf-pid----379067----pid-1
---ebpf-pid----2089----pid-1
---ebpf-pid----448783----pid-448783
---ebpf-pid----2089----pid-2089
---ebpf-pid----448783----pid-448520
---ebpf-pid----2089----pid-1
---ebpf-pid----2089----pid-2089
---ebpf-pid----448783----pid-1
---ebpf-pid----448783----pid-448783
---ebpf-pid----2089----pid-1
---ebpf-pid----2089----pid-2089
---ebpf-pid----2089----pid-1
---ebpf-pid----448783----pid-448520
---ebpf-pid----2089----pid-2089
---ebpf-pid----2089----pid-1
---ebpf-pid----2094----pid-1
---ebpf-pid----2089----pid-2089
---ebpf-pid----2094----pid-2094
---ebpf-pid----2089----pid-1
---ebpf-pid----2089----pid-2089
---ebpf-pid----2094----pid-1
---ebpf-pid----2094----pid-2094
---ebpf-pid----2089----pid-1
---ebpf-pid----2089----pid-2089
---ebpf-pid----2094----pid-1
---ebpf-pid----2094----pid-2094
---ebpf-pid----2089----pid-1
---ebpf-pid----2089----pid-2089
---ebpf-pid----2094----pid-1
---ebpf-pid----2094----pid-2094
---ebpf-pid----2089----pid-1
---ebpf-pid----2089----pid-2089
---ebpf-pid----2094----pid-1
---ebpf-pid----2094----pid-2094
---ebpf-pid----2089----pid-1
---ebpf-pid----2089----pid-2089
---ebpf-pid----2094----pid-1
---ebpf-pid----2094----pid-2094
---ebpf-pid----2094----pid-1
---ebpf-pid----2094----pid-2094
---ebpf-pid----2094----pid-1
---ebpf-pid----2094----pid-2094
---ebpf-pid----2094----pid-1
---ebpf-pid----2094----pid-2094
---ebpf-pid----2094----pid-1
---ebpf-pid----2094----pid-2094
---ebpf-pid----2094----pid-1
---ebpf-pid----2094----pid-2094
---ebpf-pid----2094----pid-1
---ebpf-pid----2094----pid-2094
---ebpf-pid----2094----pid-1
---ebpf-pid----2094----pid-2094
---ebpf-pid----2094----pid-1
---ebpf-pid----2089----pid-1
---ebpf-pid----2089----pid-2089
---ebpf-pid----2089----pid-1
---ebpf-pid----2089----pid-2089
---ebpf-pid----2089----pid-1
---ebpf-pid----2089----pid-2089
---ebpf-pid----2089----pid-1
---ebpf-pid----373029----pid-373029
---ebpf-pid----373029----pid-5476
---ebpf-pid----373029----pid-1
---ebpf-pid----373029----pid-373029
---ebpf-pid----373029----pid-5476
---ebpf-pid----373029----pid-1
---ebpf-pid----373029----pid-373029
---ebpf-pid----373029----pid-5476
---ebpf-pid----373029----pid-1
---ebpf-pid----372714----pid-372714
---ebpf-pid----372714----pid-5476
---ebpf-pid----372714----pid-1
---ebpf-pid----372714----pid-372714
---ebpf-pid----372714----pid-5476
---ebpf-pid----372714----pid-1
---ebpf-pid----372714----pid-372714
---ebpf-pid----372714----pid-5476
---ebpf-pid----372714----pid-1
---ebpf-pid----372714----pid-372714
---ebpf-pid----372714----pid-5476
---ebpf-pid----372714----pid-1
---ebpf-pid----372714----pid-372714
---ebpf-pid----372714----pid-5476
---ebpf-pid----372714----pid-1
---ebpf-pid----372714----pid-372714
---ebpf-pid----372714----pid-5476
---ebpf-pid----372714----pid-1
---ebpf-pid----2094----pid-2094
---ebpf-pid----2094----pid-1
---ebpf-pid----2094----pid-2094
---ebpf-pid----2094----pid-1
---ebpf-pid----2094----pid-2094
---ebpf-pid----2094----pid-1
---ebpf-pid----2094----pid-2094
---ebpf-pid----2094----pid-1
---ebpf-pid----2094----pid-2094
---ebpf-pid----2094----pid-1
---ebpf-pid----2094----pid-2094
---ebpf-pid----2094----pid-1
---ebpf-pid----448783----pid-1
---ebpf-pid----2094----pid-2094
---ebpf-pid----5637----pid-5637
---ebpf-pid----2094----pid-1
---ebpf-pid----2094----pid-2094
---ebpf-pid----5637----pid-1
---ebpf-pid----379067----pid-379067
---ebpf-pid----2094----pid-1
---ebpf-pid----2094----pid-2094
---ebpf-pid----379067----pid-5476
---ebpf-pid----2094----pid-1
---ebpf-pid----2094----pid-2094
---ebpf-pid----379067----pid-1
---ebpf-pid----379067----pid-379067
---ebpf-pid----2094----pid-1
---ebpf-pid----2094----pid-2094
---ebpf-pid----379067----pid-5476
---ebpf-pid----2094----pid-1
---ebpf-pid----379067----pid-1
---ebpf-pid----379067----pid-379067
---ebpf-pid----379067----pid-5476
---ebpf-pid----379067----pid-1
---ebpf-pid----379067----pid-379067
---ebpf-pid----379067----pid-5476
---ebpf-pid----2094----pid-2094
---ebpf-pid----379067----pid-1
---ebpf-pid----2094----pid-1
---ebpf-pid----448783----pid-448783
---ebpf-pid----2094----pid-2094
---ebpf-pid----448783----pid-448520
---ebpf-pid----2094----pid-1
---ebpf-pid----2094----pid-2094
---ebpf-pid----448783----pid-1
---ebpf-pid----2094----pid-2094
---ebpf-pid----2094----pid-1
---ebpf-pid----2094----pid-2094
---ebpf-pid----2094----pid-1
---ebpf-pid----2094----pid-1
---ebpf-pid----2094----pid-2094
---ebpf-pid----2094----pid-2094
---ebpf-pid----2094----pid-1
---ebpf-pid----2094----pid-1
---ebpf-pid----2094----pid-2094
---ebpf-pid----2094----pid-2094
---ebpf-pid----2094----pid-1
---ebpf-pid----2094----pid-1
---ebpf-pid----2094----pid-2094
---ebpf-pid----2094----pid-2094
---ebpf-pid----2094----pid-1
---ebpf-pid----2094----pid-1
---ebpf-pid----2094----pid-2094
---ebpf-pid----5637----pid-5637
---ebpf-pid----2094----pid-1
---ebpf-pid----2094----pid-2094
---ebpf-pid----5637----pid-1
---ebpf-pid----373029----pid-373029
---ebpf-pid----2094----pid-1
---ebpf-pid----2094----pid-2094
---ebpf-pid----373029----pid-5476
---ebpf-pid----2094----pid-1
---ebpf-pid----2094----pid-2094
---ebpf-pid----2094----pid-1
---ebpf-pid----2094----pid-2094
---ebpf-pid----373029----pid-1
---ebpf-pid----2094----pid-1
---ebpf-pid----373029----pid-373029
---ebpf-pid----2094----pid-2094
---ebpf-pid----2094----pid-2094
---ebpf-pid----2094----pid-1
---ebpf-pid----2094----pid-1
---ebpf-pid----2094----pid-2094
---ebpf-pid----2094----pid-2094
---ebpf-pid----2094----pid-1
---ebpf-pid----2094----pid-1
---ebpf-pid----2094----pid-2094
---ebpf-pid----2094----pid-2094
---ebpf-pid----2094----pid-1
---ebpf-pid----2094----pid-1
---ebpf-pid----2094----pid-2094
---ebpf-pid----2094----pid-2094
---ebpf-pid----2094----pid-1
---ebpf-pid----2094----pid-1
---ebpf-pid----2094----pid-2094
---ebpf-pid----2094----pid-2094
---ebpf-pid----2094----pid-1
---ebpf-pid----2094----pid-1
---ebpf-pid----2094----pid-2094
---ebpf-pid----2094----pid-2094
---ebpf-pid----2094----pid-1
---ebpf-pid----2094----pid-1
---ebpf-pid----2094----pid-2094
---ebpf-pid----2094----pid-2094
---ebpf-pid----2094----pid-1
---ebpf-pid----2094----pid-1
---ebpf-pid----2094----pid-2094
---ebpf-pid----2094----pid-2094
---ebpf-pid----2094----pid-1
---ebpf-pid----2094----pid-1
---ebpf-pid----2094----pid-2094
---ebpf-pid----2094----pid-1
---ebpf-pid----2094----pid-2094
---ebpf-pid----2094----pid-1
---ebpf-pid----2094----pid-2094
---ebpf-pid----2094----pid-1
---ebpf-pid----2094----pid-2094
---ebpf-pid----2094----pid-1
---ebpf-pid----2094----pid-2094
---ebpf-pid----2094----pid-1
---ebpf-pid----2094----pid-2094
---ebpf-pid----2094----pid-1
---ebpf-pid----2094----pid-2094
---ebpf-pid----2094----pid-1
---ebpf-pid----2094----pid-2094
---ebpf-pid----2094----pid-1
---ebpf-pid----2094----pid-2094
---ebpf-pid----2094----pid-1
---ebpf-pid----2094----pid-2094
---ebpf-pid----2094----pid-1
---ebpf-pid----2094----pid-2094
---ebpf-pid----2094----pid-1
---ebpf-pid----2094----pid-2094
---ebpf-pid----2094----pid-1
---ebpf-pid----2094----pid-2094
---ebpf-pid----2094----pid-1
---ebpf-pid----2094----pid-2094
---ebpf-pid----2094----pid-1
---ebpf-pid----2094----pid-2094
---ebpf-pid----2094----pid-1
---ebpf-pid----2094----pid-2094
---ebpf-pid----2094----pid-1
---ebpf-pid----2094----pid-2094
---ebpf-pid----2094----pid-2094
---ebpf-pid----2094----pid-1
---ebpf-pid----2094----pid-2094
---ebpf-pid----2094----pid-1
---ebpf-pid----2094----pid-1
---ebpf-pid----372881----pid-372881
---ebpf-pid----2094----pid-2094
---ebpf-pid----373029----pid-5476
---ebpf-pid----372881----pid-1
---ebpf-pid----2094----pid-1
---ebpf-pid----2094----pid-2094
---ebpf-pid----372881----pid-372881
---ebpf-pid----373029----pid-1
---ebpf-pid----2094----pid-1
---ebpf-pid----372881----pid-1
---ebpf-pid----2094----pid-2094
---ebpf-pid----373029----pid-373029
---ebpf-pid----372881----pid-372881
---ebpf-pid----2094----pid-1
---ebpf-pid----373029----pid-5476
---ebpf-pid----2094----pid-2094
---ebpf-pid----372881----pid-1
---ebpf-pid----372881----pid-372881
---ebpf-pid----373029----pid-1
---ebpf-pid----2094----pid-1
---ebpf-pid----14----pid-14
---ebpf-pid----2094----pid-2094
---ebpf-pid----372881----pid-1
---ebpf-pid----372881----pid-372881
---ebpf-pid----14----pid-2
---ebpf-pid----2094----pid-1
---ebpf-pid----373029----pid-373029
---ebpf-pid----372881----pid-1
---ebpf-pid----2094----pid-2094
---ebpf-pid----372881----pid-372881
---ebpf-pid----373029----pid-5476
---ebpf-pid----2094----pid-1
---ebpf-pid----2094----pid-2094
---ebpf-pid----373029----pid-1
---ebpf-pid----373029----pid-373029
---ebpf-pid----2094----pid-1
---ebpf-pid----2094----pid-2094
---ebpf-pid----373029----pid-5476
---ebpf-pid----2094----pid-1
---ebpf-pid----373029----pid-1
---ebpf-pid----2094----pid-2094
---ebpf-pid----373029----pid-373029
---ebpf-pid----2094----pid-1
---ebpf-pid----373029----pid-5476
---ebpf-pid----2094----pid-2094
---ebpf-pid----373029----pid-1
---ebpf-pid----2094----pid-1
---ebpf-pid----373029----pid-373029
---ebpf-pid----2094----pid-2094
---ebpf-pid----373029----pid-5476
---ebpf-pid----2094----pid-1
---ebpf-pid----2094----pid-2094
---ebpf-pid----373029----pid-1
---ebpf-pid----373029----pid-373029
---ebpf-pid----2094----pid-1
---ebpf-pid----2094----pid-2094
---ebpf-pid----373029----pid-5476
---ebpf-pid----2094----pid-1
---ebpf-pid----2094----pid-2094
---ebpf-pid----373029----pid-1
---ebpf-pid----373029----pid-373029
---ebpf-pid----2094----pid-1
---ebpf-pid----2094----pid-2094
---ebpf-pid----373029----pid-5476
---ebpf-pid----2094----pid-1
---ebpf-pid----373029----pid-1
---ebpf-pid----2094----pid-2094
---ebpf-pid----373029----pid-373029
---ebpf-pid----373029----pid-5476
---ebpf-pid----372881----pid-1
---ebpf-pid----373029----pid-1
---ebpf-pid----372881----pid-372881
---ebpf-pid----373029----pid-373029
---ebpf-pid----372881----pid-1
---ebpf-pid----373029----pid-5476
---ebpf-pid----372881----pid-372881
---ebpf-pid----373029----pid-1
---ebpf-pid----372881----pid-1
---ebpf-pid----373029----pid-373029
---ebpf-pid----372881----pid-372881
---ebpf-pid----373029----pid-5476
---ebpf-pid----372881----pid-1
---ebpf-pid----372881----pid-372881
---ebpf-pid----373029----pid-1
---ebpf-pid----373029----pid-373029
---ebpf-pid----372881----pid-1
---ebpf-pid----372881----pid-372881
---ebpf-pid----373029----pid-5476
---ebpf-pid----372881----pid-1
---ebpf-pid----372881----pid-372881
---ebpf-pid----373029----pid-1
---ebpf-pid----373029----pid-373029
---ebpf-pid----372881----pid-1
---ebpf-pid----372881----pid-372881
---ebpf-pid----372881----pid-1
---ebpf-pid----372881----pid-372881
---ebpf-pid----372881----pid-1
---ebpf-pid----372881----pid-372881
---ebpf-pid----2094----pid-1
---ebpf-pid----2094----pid-2094
---ebpf-pid----372881----pid-1
---ebpf-pid----372881----pid-372881
---ebpf-pid----2094----pid-1
---ebpf-pid----2094----pid-2094
---ebpf-pid----372881----pid-1
---ebpf-pid----2094----pid-1
---ebpf-pid----372881----pid-372881
---ebpf-pid----2094----pid-2094
---ebpf-pid----372881----pid-1
---ebpf-pid----2094----pid-1
---ebpf-pid----372881----pid-372881
---ebpf-pid----2094----pid-2094
---ebpf-pid----372881----pid-1
---ebpf-pid----2094----pid-1
---ebpf-pid----372881----pid-372881
---ebpf-pid----2094----pid-2094
---ebpf-pid----2094----pid-1
---ebpf-pid----372881----pid-1
---ebpf-pid----2094----pid-2094
---ebpf-pid----372881----pid-372881
---ebpf-pid----2094----pid-1
---ebpf-pid----372881----pid-1
---ebpf-pid----2094----pid-2094
---ebpf-pid----372881----pid-372881
---ebpf-pid----2094----pid-1
---ebpf-pid----372881----pid-1
---ebpf-pid----2094----pid-2094
---ebpf-pid----372881----pid-372881
---ebpf-pid----372881----pid-1
---ebpf-pid----372881----pid-372881
---ebpf-pid----372881----pid-1
---ebpf-pid----372881----pid-372881
---ebpf-pid----2094----pid-1
---ebpf-pid----2094----pid-2094
---ebpf-pid----372881----pid-1
---ebpf-pid----372881----pid-372881
---ebpf-pid----2094----pid-1
---ebpf-pid----2094----pid-2094
---ebpf-pid----372881----pid-1
---ebpf-pid----372881----pid-372881
---ebpf-pid----2094----pid-1
---ebpf-pid----2094----pid-2094
---ebpf-pid----372881----pid-1
---ebpf-pid----372881----pid-372881
---ebpf-pid----2094----pid-1
---ebpf-pid----2094----pid-2094
---ebpf-pid----372881----pid-1
---ebpf-pid----372881----pid-372881
---ebpf-pid----2094----pid-1
---ebpf-pid----2094----pid-2094
---ebpf-pid----372881----pid-1
---ebpf-pid----372881----pid-372881
---ebpf-pid----2094----pid-1
---ebpf-pid----2094----pid-2094
---ebpf-pid----372881----pid-1
---ebpf-pid----372881----pid-372881
---ebpf-pid----2094----pid-1
---ebpf-pid----2094----pid-2094
---ebpf-pid----372881----pid-1
---ebpf-pid----2094----pid-1
---ebpf-pid----372881----pid-372881
---ebpf-pid----2094----pid-2094
---ebpf-pid----2094----pid-1
---ebpf-pid----2094----pid-2094
---ebpf-pid----372881----pid-1
---ebpf-pid----2094----pid-1
---ebpf-pid----372881----pid-372881
---ebpf-pid----372881----pid-1
---ebpf-pid----2094----pid-2094
---ebpf-pid----372881----pid-372881
---ebpf-pid----2094----pid-1
---ebpf-pid----372881----pid-1
---ebpf-pid----2094----pid-2094
---ebpf-pid----372881----pid-372881
---ebpf-pid----2094----pid-1
---ebpf-pid----372881----pid-1
---ebpf-pid----2094----pid-2094
---ebpf-pid----372881----pid-372881
---ebpf-pid----2094----pid-1
---ebpf-pid----372881----pid-1
---ebpf-pid----2094----pid-2094
---ebpf-pid----372881----pid-372881
---ebpf-pid----2094----pid-1
---ebpf-pid----372881----pid-1
---ebpf-pid----2094----pid-2094
---ebpf-pid----373029----pid-5476
---ebpf-pid----372881----pid-372881
---ebpf-pid----2094----pid-1
---ebpf-pid----373029----pid-1
---ebpf-pid----2094----pid-2094
---ebpf-pid----372881----pid-1
---ebpf-pid----2094----pid-2094
---ebpf-pid----372881----pid-372881
---ebpf-pid----2094----pid-1
---ebpf-pid----2094----pid-1
---ebpf-pid----2094----pid-2094
---ebpf-pid----372881----pid-1
---ebpf-pid----2094----pid-2094
---ebpf-pid----372881----pid-372881
---ebpf-pid----2094----pid-1
---ebpf-pid----2094----pid-1
---ebpf-pid----2094----pid-2094
---ebpf-pid----372881----pid-1
---ebpf-pid----2094----pid-2094
---ebpf-pid----372881----pid-372881
---ebpf-pid----2094----pid-1
---ebpf-pid----2094----pid-1
---ebpf-pid----2094----pid-2094
---ebpf-pid----372881----pid-1
---ebpf-pid----2094----pid-2094
---ebpf-pid----372881----pid-372881
---ebpf-pid----2094----pid-1
---ebpf-pid----2094----pid-2094
---ebpf-pid----2094----pid-1
---ebpf-pid----372881----pid-1
---ebpf-pid----2094----pid-2094
---ebpf-pid----372881----pid-372881
---ebpf-pid----2094----pid-1
---ebpf-pid----2094----pid-2094
---ebpf-pid----2094----pid-1
---ebpf-pid----372881----pid-1
---ebpf-pid----2094----pid-2094
---ebpf-pid----372881----pid-372881
---ebpf-pid----2094----pid-1
---ebpf-pid----2094----pid-1
---ebpf-pid----2094----pid-2094
---ebpf-pid----372881----pid-1
---ebpf-pid----2094----pid-2094
---ebpf-pid----372881----pid-372881
---ebpf-pid----2094----pid-1
---ebpf-pid----2094----pid-1
---ebpf-pid----2094----pid-2094
---ebpf-pid----2094----pid-2094
---ebpf-pid----372881----pid-1
---ebpf-pid----5705----pid-5705
---ebpf-pid----2094----pid-1
---ebpf-pid----2094----pid-1
---ebpf-pid----2094----pid-2094
---ebpf-pid----2094----pid-2094
---ebpf-pid----5705----pid-5476
---ebpf-pid----2094----pid-1
---ebpf-pid----2094----pid-1
---ebpf-pid----5705----pid-1
---ebpf-pid----2094----pid-2094
---ebpf-pid----2094----pid-2094
---ebpf-pid----5705----pid-5705
---ebpf-pid----2094----pid-1
---ebpf-pid----2094----pid-1
---ebpf-pid----5705----pid-5476
---ebpf-pid----2094----pid-2094
---ebpf-pid----2094----pid-2094
---ebpf-pid----2094----pid-1
---ebpf-pid----5705----pid-1
---ebpf-pid----2094----pid-1
---ebpf-pid----5705----pid-5705
---ebpf-pid----2094----pid-2094
---ebpf-pid----373029----pid-373029
---ebpf-pid----2094----pid-1
---ebpf-pid----5705----pid-5476
---ebpf-pid----373029----pid-5476
---ebpf-pid----2094----pid-2094
---ebpf-pid----5705----pid-1
---ebpf-pid----373029----pid-1
---ebpf-pid----2094----pid-1
---ebpf-pid----5705----pid-5705
---ebpf-pid----373029----pid-373029
---ebpf-pid----2094----pid-2094
---ebpf-pid----5705----pid-5476
---ebpf-pid----2094----pid-1
---ebpf-pid----2094----pid-2094
---ebpf-pid----2094----pid-1
---ebpf-pid----2094----pid-2094
---ebpf-pid----2094----pid-1
---ebpf-pid----2094----pid-2094
---ebpf-pid----373029----pid-5476
---ebpf-pid----373029----pid-1
---ebpf-pid----2094----pid-1
---ebpf-pid----2094----pid-2094
---ebpf-pid----373029----pid-373029
---ebpf-pid----2094----pid-1
---ebpf-pid----373029----pid-5476
---ebpf-pid----2094----pid-2094
---ebpf-pid----373029----pid-1
---ebpf-pid----2094----pid-1
---ebpf-pid----14----pid-14
---ebpf-pid----2094----pid-2094
---ebpf-pid----14----pid-2
---ebpf-pid----2094----pid-1
---ebpf-pid----2094----pid-2094
---ebpf-pid----2094----pid-2094
---ebpf-pid----2094----pid-1
---ebpf-pid----2094----pid-2094
---ebpf-pid----5705----pid-1
---ebpf-pid----2094----pid-1
---ebpf-pid----2012----pid-2012
---ebpf-pid----2094----pid-2094
---ebpf-pid----2012----pid-1
---ebpf-pid----2094----pid-1
---ebpf-pid----2012----pid-2012
---ebpf-pid----2012----pid-1
---ebpf-pid----2012----pid-2012
---ebpf-pid----2012----pid-1
---ebpf-pid----2012----pid-2012
---ebpf-pid----2012----pid-1
---ebpf-pid----2012----pid-2012
---ebpf-pid----2012----pid-1
---ebpf-pid----2012----pid-2012
---ebpf-pid----2012----pid-1
---ebpf-pid----2012----pid-2012
---ebpf-pid----2012----pid-1
---ebpf-pid----2012----pid-2012
---ebpf-pid----2012----pid-1
---ebpf-pid----2012----pid-2012
---ebpf-pid----2012----pid-1
---ebpf-pid----2012----pid-2012
---ebpf-pid----2012----pid-1
---ebpf-pid----373029----pid-373029
---ebpf-pid----373029----pid-5476
---ebpf-pid----373029----pid-1
---ebpf-pid----5705----pid-5705
---ebpf-pid----2094----pid-1
---ebpf-pid----2094----pid-2094
---ebpf-pid----5705----pid-5476
---ebpf-pid----2094----pid-1
---ebpf-pid----2094----pid-2094
---ebpf-pid----5705----pid-1
---ebpf-pid----5705----pid-5705
---ebpf-pid----2094----pid-1
---ebpf-pid----2094----pid-2094
---ebpf-pid----5705----pid-5476
---ebpf-pid----2094----pid-1
---ebpf-pid----5705----pid-1
---ebpf-pid----2094----pid-2094
---ebpf-pid----5705----pid-5705
---ebpf-pid----2094----pid-1
---ebpf-pid----5705----pid-5476
---ebpf-pid----2094----pid-2094
---ebpf-pid----5705----pid-1
---ebpf-pid----2094----pid-1
---ebpf-pid----2094----pid-2094
---ebpf-pid----5705----pid-5705
---ebpf-pid----2094----pid-1
---ebpf-pid----5705----pid-5476
---ebpf-pid----2094----pid-2094
---ebpf-pid----5705----pid-1
---ebpf-pid----2094----pid-1
---ebpf-pid----5705----pid-5705
---ebpf-pid----2094----pid-2094
---ebpf-pid----2094----pid-1
---ebpf-pid----5705----pid-5476
---ebpf-pid----2094----pid-2094
---ebpf-pid----5705----pid-1
---ebpf-pid----5705----pid-5705
---ebpf-pid----2094----pid-1
---ebpf-pid----2094----pid-2094
---ebpf-pid----5705----pid-5476
---ebpf-pid----2094----pid-1
---ebpf-pid----2094----pid-2094
---ebpf-pid----5705----pid-1
---ebpf-pid----5705----pid-5705
---ebpf-pid----2094----pid-1
---ebpf-pid----2094----pid-2094
---ebpf-pid----5705----pid-5476
---ebpf-pid----2094----pid-1
---ebpf-pid----5705----pid-1
---ebpf-pid----5637----pid-5637
---ebpf-pid----5705----pid-5705
---ebpf-pid----5637----pid-1
---ebpf-pid----5705----pid-5476
---ebpf-pid----2012----pid-2012
---ebpf-pid----5705----pid-1
---ebpf-pid----2012----pid-1
---ebpf-pid----5705----pid-5705
---ebpf-pid----373029----pid-373029
---ebpf-pid----5705----pid-5476
---ebpf-pid----373029----pid-5476
---ebpf-pid----5705----pid-1
---ebpf-pid----373029----pid-1
---ebpf-pid----5705----pid-5705
---ebpf-pid----373029----pid-373029
---ebpf-pid----5705----pid-5476
---ebpf-pid----373029----pid-5476
---ebpf-pid----5705----pid-1
---ebpf-pid----373029----pid-1
---ebpf-pid----5705----pid-5705
---ebpf-pid----373029----pid-373029
---ebpf-pid----5705----pid-5476
---ebpf-pid----373029----pid-5476
---ebpf-pid----5705----pid-1
---ebpf-pid----373029----pid-1
---ebpf-pid----5705----pid-5705
---ebpf-pid----373029----pid-373029
---ebpf-pid----5705----pid-5476
---ebpf-pid----373029----pid-5476
---ebpf-pid----5705----pid-1
---ebpf-pid----5705----pid-5705
---ebpf-pid----5705----pid-5476
---ebpf-pid----373029----pid-1
---ebpf-pid----2094----pid-2094
---ebpf-pid----5705----pid-1
---ebpf-pid----5705----pid-5705
---ebpf-pid----2094----pid-1
---ebpf-pid----2094----pid-2094
---ebpf-pid----5705----pid-5476
---ebpf-pid----2094----pid-1
---ebpf-pid----2094----pid-2094
---ebpf-pid----5705----pid-1
---ebpf-pid----5705----pid-5705
---ebpf-pid----2094----pid-1
---ebpf-pid----373029----pid-373029
---ebpf-pid----5705----pid-5476
---ebpf-pid----5705----pid-1
---ebpf-pid----5705----pid-5705
---ebpf-pid----373029----pid-5476
---ebpf-pid----373029----pid-1
---ebpf-pid----373029----pid-373029
---ebpf-pid----2094----pid-2094
---ebpf-pid----2094----pid-1
---ebpf-pid----2094----pid-2094
---ebpf-pid----2094----pid-1
---ebpf-pid----2094----pid-2094
---ebpf-pid----2094----pid-1
---ebpf-pid----2094----pid-2094
---ebpf-pid----2094----pid-1
---ebpf-pid----2094----pid-2094
---ebpf-pid----2094----pid-1
---ebpf-pid----2094----pid-2094
---ebpf-pid----2094----pid-1
---ebpf-pid----2094----pid-2094
---ebpf-pid----2094----pid-1
---ebpf-pid----5705----pid-5476
---ebpf-pid----5705----pid-1
---ebpf-pid----5705----pid-5705
---ebpf-pid----5705----pid-5476
---ebpf-pid----373029----pid-5476
---ebpf-pid----5705----pid-1
---ebpf-pid----373029----pid-1
---ebpf-pid----5705----pid-5705
---ebpf-pid----373029----pid-373029
---ebpf-pid----5705----pid-5476
---ebpf-pid----5705----pid-1
---ebpf-pid----373029----pid-5476
---ebpf-pid----5705----pid-5705
---ebpf-pid----373029----pid-1
---ebpf-pid----5705----pid-5476
---ebpf-pid----5705----pid-1
---ebpf-pid----5705----pid-5705
---ebpf-pid----2094----pid-2094
---ebpf-pid----5705----pid-5476
---ebpf-pid----2094----pid-1
---ebpf-pid----2094----pid-2094
---ebpf-pid----5705----pid-1
---ebpf-pid----2094----pid-1
---ebpf-pid----5705----pid-5705
---ebpf-pid----2094----pid-2094
---ebpf-pid----5705----pid-5476
---ebpf-pid----2094----pid-1
---ebpf-pid----2094----pid-2094
---ebpf-pid----5705----pid-1
---ebpf-pid----5705----pid-5705
---ebpf-pid----2094----pid-1
---ebpf-pid----2094----pid-2094
---ebpf-pid----5705----pid-5476
---ebpf-pid----2094----pid-1
---ebpf-pid----2094----pid-2094
---ebpf-pid----5705----pid-1
---ebpf-pid----2094----pid-1
---ebpf-pid----5705----pid-5705
---ebpf-pid----2094----pid-2094
---ebpf-pid----5705----pid-5476
---ebpf-pid----2094----pid-1
---ebpf-pid----2094----pid-2094
---ebpf-pid----5705----pid-1
---ebpf-pid----5705----pid-5705
---ebpf-pid----2094----pid-1
---ebpf-pid----2094----pid-2094
---ebpf-pid----5705----pid-5476
---ebpf-pid----5705----pid-1
---ebpf-pid----2094----pid-1
---ebpf-pid----5705----pid-5705
---ebpf-pid----2094----pid-2094
---ebpf-pid----448785----pid-448785
---ebpf-pid----5705----pid-5476
---ebpf-pid----5705----pid-1
---ebpf-pid----448785----pid-448520
---ebpf-pid----5705----pid-5705
---ebpf-pid----5705----pid-5476
---ebpf-pid----448785----pid-1
---ebpf-pid----373029----pid-373029
---ebpf-pid----5705----pid-1
---ebpf-pid----5705----pid-5705
---ebpf-pid----373029----pid-5476
---ebpf-pid----5705----pid-5476
---ebpf-pid----373029----pid-1
---ebpf-pid----448785----pid-448785
---ebpf-pid----5705----pid-1
---ebpf-pid----448785----pid-448520
---ebpf-pid----2094----pid-1
---ebpf-pid----5705----pid-5705
---ebpf-pid----2094----pid-2094
---ebpf-pid----5705----pid-5476
---ebpf-pid----448785----pid-1
---ebpf-pid----2094----pid-1
---ebpf-pid----373029----pid-373029
---ebpf-pid----2094----pid-2094
---ebpf-pid----5705----pid-1
---ebpf-pid----5705----pid-5705
---ebpf-pid----2094----pid-1
---ebpf-pid----373029----pid-5476
---ebpf-pid----2094----pid-2094
---ebpf-pid----5705----pid-5476
---ebpf-pid----373029----pid-1
---ebpf-pid----2094----pid-1
---ebpf-pid----373029----pid-373029
---ebpf-pid----5705----pid-1
---ebpf-pid----2094----pid-2094
---ebpf-pid----5705----pid-5705
---ebpf-pid----373029----pid-5476
---ebpf-pid----2094----pid-1
---ebpf-pid----5705----pid-5476
---ebpf-pid----2094----pid-2094
---ebpf-pid----373029----pid-1
---ebpf-pid----5705----pid-1
---ebpf-pid----373029----pid-373029
---ebpf-pid----2094----pid-1
---ebpf-pid----5705----pid-5705
---ebpf-pid----2094----pid-2094
---ebpf-pid----5705----pid-5476
---ebpf-pid----2094----pid-1
---ebpf-pid----5705----pid-1
---ebpf-pid----2094----pid-2094
---ebpf-pid----5705----pid-5705
---ebpf-pid----2094----pid-1
---ebpf-pid----5705----pid-5476
---ebpf-pid----2094----pid-2094
---ebpf-pid----5705----pid-1
---ebpf-pid----5705----pid-5705
---ebpf-pid----2094----pid-1
---ebpf-pid----2094----pid-2094
---ebpf-pid----5705----pid-5476
---ebpf-pid----2094----pid-1
---ebpf-pid----2094----pid-2094
---ebpf-pid----5705----pid-1
---ebpf-pid----5705----pid-5705
---ebpf-pid----2094----pid-1
---ebpf-pid----5705----pid-5476
---ebpf-pid----2094----pid-2094
---ebpf-pid----5705----pid-1
---ebpf-pid----2094----pid-1
---ebpf-pid----5705----pid-5705
---ebpf-pid----2094----pid-2094
---ebpf-pid----5705----pid-5476
---ebpf-pid----2094----pid-1
---ebpf-pid----2094----pid-2094
---ebpf-pid----5705----pid-1
---ebpf-pid----2094----pid-1
---ebpf-pid----2094----pid-2094
---ebpf-pid----2094----pid-1
---ebpf-pid----2094----pid-2094
---ebpf-pid----2094----pid-1
---ebpf-pid----2094----pid-2094
---ebpf-pid----2094----pid-1
---ebpf-pid----2094----pid-2094
---ebpf-pid----2094----pid-1
---ebpf-pid----2094----pid-2094
---ebpf-pid----2094----pid-1
---ebpf-pid----2094----pid-2094
---ebpf-pid----2094----pid-1
---ebpf-pid----2094----pid-2094
---ebpf-pid----2094----pid-1
---ebpf-pid----2094----pid-2094
---ebpf-pid----2094----pid-1
---ebpf-pid----2094----pid-2094
---ebpf-pid----2094----pid-1
---ebpf-pid----2094----pid-2094
---ebpf-pid----2094----pid-1
---ebpf-pid----2094----pid-2094
---ebpf-pid----2094----pid-1
---ebpf-pid----2094----pid-2094
---ebpf-pid----2094----pid-1
---ebpf-pid----2094----pid-2094
---ebpf-pid----2094----pid-1
---ebpf-pid----2094----pid-2094
---ebpf-pid----2094----pid-1
---ebpf-pid----2094----pid-2094
---ebpf-pid----2094----pid-1
---ebpf-pid----2094----pid-2094
---ebpf-pid----2094----pid-1
---ebpf-pid----2094----pid-2094
---ebpf-pid----5705----pid-5705
---ebpf-pid----2094----pid-1
---ebpf-pid----2094----pid-2094
---ebpf-pid----5705----pid-5476
---ebpf-pid----2094----pid-1
---ebpf-pid----2094----pid-2094
---ebpf-pid----5705----pid-1
---ebpf-pid----2094----pid-1
---ebpf-pid----5705----pid-5705
---ebpf-pid----2094----pid-2094
---ebpf-pid----5705----pid-5476
---ebpf-pid----2094----pid-1
---ebpf-pid----2094----pid-2094
---ebpf-pid----5705----pid-1
---ebpf-pid----5705----pid-5705
---ebpf-pid----2094----pid-1
---ebpf-pid----373029----pid-5476
---ebpf-pid----5705----pid-5476
---ebpf-pid----2094----pid-2094
---ebpf-pid----373029----pid-1
---ebpf-pid----5705----pid-1
---ebpf-pid----2094----pid-1
---ebpf-pid----373029----pid-373029
---ebpf-pid----5705----pid-5705
---ebpf-pid----2094----pid-2094
---ebpf-pid----5705----pid-5476
---ebpf-pid----373029----pid-5476
---ebpf-pid----2094----pid-1
---ebpf-pid----2094----pid-2094
---ebpf-pid----5705----pid-1
---ebpf-pid----373029----pid-1
---ebpf-pid----5705----pid-5705
---ebpf-pid----2094----pid-1
---ebpf-pid----373029----pid-373029
---ebpf-pid----5705----pid-5476
---ebpf-pid----2094----pid-2094
---ebpf-pid----373029----pid-5476
---ebpf-pid----5705----pid-1
---ebpf-pid----2094----pid-1
---ebpf-pid----5705----pid-5705
---ebpf-pid----2094----pid-2094
---ebpf-pid----373029----pid-1
---ebpf-pid----373029----pid-373029
---ebpf-pid----5705----pid-5476
---ebpf-pid----2094----pid-1
---ebpf-pid----2094----pid-2094
---ebpf-pid----373029----pid-5476
---ebpf-pid----5705----pid-1
---ebpf-pid----5705----pid-5705
---ebpf-pid----2094----pid-1
---ebpf-pid----2094----pid-2094
---ebpf-pid----373029----pid-1
---ebpf-pid----5705----pid-5476
---ebpf-pid----2094----pid-1
---ebpf-pid----5705----pid-1
---ebpf-pid----2094----pid-2094
---ebpf-pid----5705----pid-5705
---ebpf-pid----2094----pid-1
---ebpf-pid----5705----pid-5476
---ebpf-pid----373029----pid-373029
---ebpf-pid----2094----pid-2094
---ebpf-pid----5705----pid-1
---ebpf-pid----373029----pid-5476
---ebpf-pid----5705----pid-5705
---ebpf-pid----2094----pid-1
---ebpf-pid----2094----pid-2094
---ebpf-pid----5705----pid-5476
---ebpf-pid----373029----pid-1
---ebpf-pid----373029----pid-373029
---ebpf-pid----2094----pid-1
---ebpf-pid----5705----pid-1
---ebpf-pid----2094----pid-2094
---ebpf-pid----5705----pid-5705
---ebpf-pid----373029----pid-5476
---ebpf-pid----2094----pid-1
---ebpf-pid----5705----pid-5476
---ebpf-pid----2094----pid-2094
---ebpf-pid----373029----pid-1
---ebpf-pid----2089----pid-2089
---ebpf-pid----5705----pid-1
---ebpf-pid----2094----pid-1
---ebpf-pid----379067----pid-379067
---ebpf-pid----2094----pid-2094
---ebpf-pid----2089----pid-1
---ebpf-pid----2089----pid-2089
---ebpf-pid----379067----pid-5476
---ebpf-pid----2094----pid-1
---ebpf-pid----2094----pid-2094
---ebpf-pid----2089----pid-1
---ebpf-pid----379067----pid-1
---ebpf-pid----2089----pid-2089
---ebpf-pid----379067----pid-379067
---ebpf-pid----2094----pid-1
---ebpf-pid----2094----pid-2094
---ebpf-pid----2089----pid-1
---ebpf-pid----379067----pid-5476
---ebpf-pid----2089----pid-2089
---ebpf-pid----2094----pid-1
---ebpf-pid----379067----pid-1
---ebpf-pid----2094----pid-2094
---ebpf-pid----2089----pid-1
---ebpf-pid----379067----pid-379067
---ebpf-pid----2089----pid-2089
---ebpf-pid----2094----pid-1
---ebpf-pid----379067----pid-5476
---ebpf-pid----2094----pid-2094
---ebpf-pid----2089----pid-1
---ebpf-pid----2089----pid-2089
---ebpf-pid----379067----pid-1
---ebpf-pid----2094----pid-1
---ebpf-pid----379067----pid-379067
---ebpf-pid----2094----pid-2094
---ebpf-pid----2089----pid-1
---ebpf-pid----2089----pid-2089
---ebpf-pid----2094----pid-1
---ebpf-pid----379067----pid-5476
---ebpf-pid----2094----pid-2094
---ebpf-pid----2089----pid-1
---ebpf-pid----379067----pid-1
---ebpf-pid----2089----pid-2089
---ebpf-pid----379067----pid-379067
---ebpf-pid----2094----pid-1
---ebpf-pid----2094----pid-2094
---ebpf-pid----2089----pid-1
---ebpf-pid----379067----pid-5476
---ebpf-pid----2089----pid-2089
---ebpf-pid----2094----pid-1
---ebpf-pid----2094----pid-2094
---ebpf-pid----379067----pid-1
---ebpf-pid----2089----pid-1
---ebpf-pid----379067----pid-379067
---ebpf-pid----2094----pid-1
---ebpf-pid----2094----pid-2094
---ebpf-pid----2094----pid-1
---ebpf-pid----2094----pid-2094
---ebpf-pid----2094----pid-1
---ebpf-pid----2094----pid-2094
---ebpf-pid----2094----pid-1
---ebpf-pid----2094----pid-2094
---ebpf-pid----2094----pid-1
---ebpf-pid----2094----pid-2094
---ebpf-pid----2094----pid-1
---ebpf-pid----2094----pid-2094
---ebpf-pid----2094----pid-1
---ebpf-pid----2094----pid-2094
---ebpf-pid----2094----pid-1
---ebpf-pid----2094----pid-2094
---ebpf-pid----2094----pid-1
---ebpf-pid----2094----pid-2094
---ebpf-pid----2094----pid-1
---ebpf-pid----2094----pid-2094
---ebpf-pid----2094----pid-1
---ebpf-pid----2094----pid-2094
---ebpf-pid----2094----pid-1
---ebpf-pid----2094----pid-2094
---ebpf-pid----2094----pid-1
---ebpf-pid----2094----pid-2094
---ebpf-pid----2094----pid-1
---ebpf-pid----2094----pid-2094
---ebpf-pid----5705----pid-5705
---ebpf-pid----2094----pid-1
---ebpf-pid----2094----pid-2094
---ebpf-pid----5705----pid-5476
---ebpf-pid----2094----pid-1
---ebpf-pid----2094----pid-2094
---ebpf-pid----5705----pid-1
---ebpf-pid----5705----pid-5705
---ebpf-pid----2094----pid-1
---ebpf-pid----2094----pid-2094
---ebpf-pid----5705----pid-5476
---ebpf-pid----2094----pid-1
---ebpf-pid----2094----pid-2094
---ebpf-pid----5705----pid-1
---ebpf-pid----5705----pid-5705
---ebpf-pid----379067----pid-5476
---ebpf-pid----2094----pid-1
---ebpf-pid----2094----pid-2094
---ebpf-pid----5705----pid-5476
---ebpf-pid----379067----pid-1
---ebpf-pid----379067----pid-379067
---ebpf-pid----2094----pid-1
---ebpf-pid----5705----pid-1
---ebpf-pid----2094----pid-2094
---ebpf-pid----5705----pid-5705
---ebpf-pid----379067----pid-5476
---ebpf-pid----379067----pid-1
---ebpf-pid----379067----pid-379067
---ebpf-pid----379067----pid-5476
---ebpf-pid----5705----pid-5476
---ebpf-pid----379067----pid-1
---ebpf-pid----5705----pid-1
---ebpf-pid----379067----pid-379067
---ebpf-pid----5705----pid-5705
---ebpf-pid----379067----pid-5476
---ebpf-pid----5705----pid-5476
---ebpf-pid----379067----pid-1
---ebpf-pid----5705----pid-1
---ebpf-pid----379067----pid-379067
---ebpf-pid----2094----pid-1
---ebpf-pid----5705----pid-5705
---ebpf-pid----2094----pid-2094
---ebpf-pid----379067----pid-5476
---ebpf-pid----2094----pid-1
---ebpf-pid----5705----pid-5476
---ebpf-pid----2094----pid-2094
---ebpf-pid----379067----pid-1
---ebpf-pid----379067----pid-379067
---ebpf-pid----5705----pid-1
---ebpf-pid----2094----pid-1
---ebpf-pid----5705----pid-5705
---ebpf-pid----2094----pid-2094
---ebpf-pid----379067----pid-5476
---ebpf-pid----5705----pid-5476
---ebpf-pid----379067----pid-1
---ebpf-pid----2094----pid-1
---ebpf-pid----2012----pid-2012
---ebpf-pid----2094----pid-2094
---ebpf-pid----5705----pid-1
---ebpf-pid----5705----pid-5705
---ebpf-pid----2094----pid-1
---ebpf-pid----2012----pid-1
---ebpf-pid----2094----pid-2094
---ebpf-pid----2012----pid-2012
---ebpf-pid----5705----pid-5476
---ebpf-pid----2094----pid-1
---ebpf-pid----2012----pid-1
---ebpf-pid----5705----pid-1
---ebpf-pid----2094----pid-2094
---ebpf-pid----2012----pid-2012
---ebpf-pid----5705----pid-5705
---ebpf-pid----2094----pid-1
---ebpf-pid----2012----pid-1
---ebpf-pid----5705----pid-5476
---ebpf-pid----2012----pid-2012
---ebpf-pid----2094----pid-2094
---ebpf-pid----5705----pid-1
---ebpf-pid----2094----pid-1
---ebpf-pid----2012----pid-1
---ebpf-pid----448785----pid-448785
---ebpf-pid----2094----pid-2094
---ebpf-pid----2012----pid-2012
---ebpf-pid----448785----pid-448520
---ebpf-pid----2094----pid-1
---ebpf-pid----2012----pid-1
---ebpf-pid----2094----pid-2094
---ebpf-pid----2012----pid-2012
---ebpf-pid----448785----pid-1
---ebpf-pid----2094----pid-1
---ebpf-pid----448785----pid-448785
---ebpf-pid----2094----pid-2094
---ebpf-pid----2094----pid-1
---ebpf-pid----2094----pid-2094
---ebpf-pid----2012----pid-1
---ebpf-pid----2094----pid-1
---ebpf-pid----5705----pid-5705
---ebpf-pid----2012----pid-2012
---ebpf-pid----5705----pid-5476
---ebpf-pid----2012----pid-1
---ebpf-pid----2012----pid-2012
---ebpf-pid----5705----pid-1
---ebpf-pid----5705----pid-5705
---ebpf-pid----2012----pid-1
---ebpf-pid----5705----pid-5476
---ebpf-pid----2012----pid-2012
---ebpf-pid----5705----pid-1
---ebpf-pid----2012----pid-1
---ebpf-pid----5705----pid-5705
---ebpf-pid----2012----pid-2012
---ebpf-pid----5705----pid-5476
---ebpf-pid----2012----pid-1
---ebpf-pid----5705----pid-1
---ebpf-pid----5705----pid-5705
---ebpf-pid----448785----pid-448520
---ebpf-pid----5705----pid-5476
---ebpf-pid----448785----pid-1
---ebpf-pid----448785----pid-448785
---ebpf-pid----5705----pid-1
---ebpf-pid----448785----pid-448520
---ebpf-pid----5705----pid-5705
---ebpf-pid----448785----pid-1
---ebpf-pid----5705----pid-5476
---ebpf-pid----448785----pid-448785
---ebpf-pid----5705----pid-1
---ebpf-pid----5705----pid-5705
---ebpf-pid----448785----pid-448520
---ebpf-pid----5705----pid-5476
---ebpf-pid----448785----pid-1
---ebpf-pid----448785----pid-448785
---ebpf-pid----5705----pid-1
---ebpf-pid----5705----pid-5705
---ebpf-pid----448785----pid-448520
---ebpf-pid----5705----pid-5476
---ebpf-pid----448785----pid-1
---ebpf-pid----5705----pid-1
---ebpf-pid----5705----pid-5705
---ebpf-pid----448785----pid-448785
---ebpf-pid----5705----pid-5476
---ebpf-pid----448785----pid-448520
---ebpf-pid----5705----pid-1
---ebpf-pid----448785----pid-1
---ebpf-pid----5705----pid-5705
---ebpf-pid----373029----pid-373029
---ebpf-pid----5705----pid-5476
---ebpf-pid----373029----pid-5476
---ebpf-pid----5705----pid-1
---ebpf-pid----373029----pid-1
---ebpf-pid----5705----pid-5705
---ebpf-pid----373029----pid-373029
---ebpf-pid----5705----pid-5476
---ebpf-pid----373029----pid-5476
---ebpf-pid----5705----pid-1
---ebpf-pid----5705----pid-5705
---ebpf-pid----373029----pid-1
---ebpf-pid----5705----pid-5476
---ebpf-pid----373029----pid-373029
---ebpf-pid----5705----pid-1
---ebpf-pid----373029----pid-5476
---ebpf-pid----5705----pid-5705
---ebpf-pid----5705----pid-5476
---ebpf-pid----373029----pid-1
---ebpf-pid----373029----pid-373029
---ebpf-pid----5705----pid-1
---ebpf-pid----5705----pid-5705
---ebpf-pid----373029----pid-5476
---ebpf-pid----5705----pid-5476
---ebpf-pid----373029----pid-1
---ebpf-pid----5705----pid-1
---ebpf-pid----373029----pid-373029
---ebpf-pid----5705----pid-5705
---ebpf-pid----373029----pid-5476
---ebpf-pid----5705----pid-5476
---ebpf-pid----373029----pid-1
---ebpf-pid----5705----pid-1
---ebpf-pid----5705----pid-5705
---ebpf-pid----373029----pid-373029
---ebpf-pid----5705----pid-5476
---ebpf-pid----373029----pid-5476
---ebpf-pid----5705----pid-1
---ebpf-pid----373029----pid-1
---ebpf-pid----5705----pid-5705
---ebpf-pid----373029----pid-373029
---ebpf-pid----5705----pid-5476
---ebpf-pid----373029----pid-5476
---ebpf-pid----5705----pid-1
---ebpf-pid----5705----pid-5705
---ebpf-pid----373029----pid-1
---ebpf-pid----373029----pid-373029
---ebpf-pid----5705----pid-5476
---ebpf-pid----373029----pid-5476
---ebpf-pid----5705----pid-1
---ebpf-pid----5705----pid-5705
---ebpf-pid----373029----pid-1
---ebpf-pid----5705----pid-5476
---ebpf-pid----373029----pid-373029
---ebpf-pid----2012----pid-2012
---ebpf-pid----373029----pid-5476
---ebpf-pid----2012----pid-1
---ebpf-pid----373029----pid-1
---ebpf-pid----2012----pid-2012
---ebpf-pid----373029----pid-373029
---ebpf-pid----2012----pid-1
---ebpf-pid----373029----pid-5476
---ebpf-pid----2012----pid-2012
---ebpf-pid----2012----pid-1
---ebpf-pid----373029----pid-1
---ebpf-pid----2012----pid-2012
---ebpf-pid----373029----pid-373029
---ebpf-pid----2012----pid-1
---ebpf-pid----2012----pid-2012
---ebpf-pid----373029----pid-5476
---ebpf-pid----2012----pid-1
---ebpf-pid----2012----pid-2012
---ebpf-pid----373029----pid-1
---ebpf-pid----373029----pid-373029
---ebpf-pid----2012----pid-1
---ebpf-pid----2012----pid-2012
---ebpf-pid----373029----pid-5476
---ebpf-pid----2012----pid-1
---ebpf-pid----2012----pid-2012
---ebpf-pid----373029----pid-1
---ebpf-pid----2012----pid-1
---ebpf-pid----373029----pid-373029
---ebpf-pid----2012----pid-2012
---ebpf-pid----373029----pid-5476
---ebpf-pid----2012----pid-1
---ebpf-pid----2012----pid-2012
---ebpf-pid----373029----pid-1
---ebpf-pid----2012----pid-1
---ebpf-pid----448785----pid-448785
---ebpf-pid----2012----pid-2012
---ebpf-pid----448785----pid-448520
---ebpf-pid----2012----pid-1
---ebpf-pid----2012----pid-2012
---ebpf-pid----448785----pid-1
---ebpf-pid----2012----pid-1
---ebpf-pid----448785----pid-448785
---ebpf-pid----2012----pid-2012
---ebpf-pid----448785----pid-448520
---ebpf-pid----2012----pid-1
---ebpf-pid----2012----pid-2012
---ebpf-pid----448785----pid-1
---ebpf-pid----2012----pid-1
---ebpf-pid----5638----pid-5638
---ebpf-pid----2012----pid-2012
---ebpf-pid----5638----pid-1
---ebpf-pid----372881----pid-372881
---ebpf-pid----372881----pid-1
---ebpf-pid----372881----pid-372881
---ebpf-pid----2012----pid-1
---ebpf-pid----372881----pid-1
---ebpf-pid----372881----pid-372881
---ebpf-pid----372881----pid-1
---ebpf-pid----372881----pid-372881
---ebpf-pid----5705----pid-1
---ebpf-pid----5705----pid-5705
---ebpf-pid----372881----pid-1
---ebpf-pid----372881----pid-372881
---ebpf-pid----5705----pid-5476
---ebpf-pid----372881----pid-1
---ebpf-pid----5705----pid-1
---ebpf-pid----372881----pid-372881
---ebpf-pid----5705----pid-5705
---ebpf-pid----372881----pid-1
---ebpf-pid----5705----pid-5476
---ebpf-pid----372881----pid-372881
---ebpf-pid----5705----pid-1
---ebpf-pid----372881----pid-1
---ebpf-pid----5705----pid-5705
---ebpf-pid----372881----pid-372881
---ebpf-pid----5705----pid-5476
---ebpf-pid----5705----pid-1
---ebpf-pid----5705----pid-5705
---ebpf-pid----5705----pid-5476
---ebpf-pid----5705----pid-1
---ebpf-pid----372881----pid-1
---ebpf-pid----5705----pid-5705
---ebpf-pid----372881----pid-372881
---ebpf-pid----5705----pid-5476
---ebpf-pid----372881----pid-1
---ebpf-pid----5705----pid-1
---ebpf-pid----372881----pid-372881
---ebpf-pid----372881----pid-1
---ebpf-pid----372881----pid-372881
---ebpf-pid----372881----pid-1
---ebpf-pid----372881----pid-372881
---ebpf-pid----5705----pid-5705
---ebpf-pid----5705----pid-5476
---ebpf-pid----5705----pid-1
---ebpf-pid----5705----pid-5705
---ebpf-pid----5705----pid-5476
---ebpf-pid----5705----pid-1
---ebpf-pid----5705----pid-5705
---ebpf-pid----5705----pid-5476
---ebpf-pid----372881----pid-1
---ebpf-pid----372881----pid-372881
---ebpf-pid----5705----pid-1
---ebpf-pid----372881----pid-1
---ebpf-pid----372881----pid-372881
---ebpf-pid----372881----pid-1
---ebpf-pid----372881----pid-372881
---ebpf-pid----372881----pid-1
---ebpf-pid----372881----pid-372881
---ebpf-pid----372881----pid-1
---ebpf-pid----372881----pid-372881
---ebpf-pid----372881----pid-1
---ebpf-pid----5705----pid-5705
---ebpf-pid----372881----pid-372881
---ebpf-pid----372881----pid-1
---ebpf-pid----372881----pid-372881
---ebpf-pid----372881----pid-1
---ebpf-pid----372881----pid-372881
---ebpf-pid----372881----pid-1
---ebpf-pid----372881----pid-372881
---ebpf-pid----372881----pid-1
---ebpf-pid----372881----pid-372881
---ebpf-pid----372881----pid-1
---ebpf-pid----372881----pid-372881
---ebpf-pid----372881----pid-1
---ebpf-pid----372881----pid-372881
---ebpf-pid----372881----pid-1
---ebpf-pid----372881----pid-372881
---ebpf-pid----2012----pid-2012
---ebpf-pid----2012----pid-1
---ebpf-pid----2012----pid-2012
---ebpf-pid----2012----pid-1
---ebpf-pid----2012----pid-2012
---ebpf-pid----372881----pid-1
---ebpf-pid----372881----pid-372881
---ebpf-pid----372881----pid-1
---ebpf-pid----372881----pid-372881
---ebpf-pid----372881----pid-1
---ebpf-pid----372881----pid-372881
---ebpf-pid----372881----pid-1
---ebpf-pid----372881----pid-372881
---ebpf-pid----2012----pid-1
---ebpf-pid----2012----pid-2012
---ebpf-pid----2012----pid-1
---ebpf-pid----2012----pid-2012
---ebpf-pid----2012----pid-1
---ebpf-pid----2012----pid-2012
---ebpf-pid----372881----pid-1
---ebpf-pid----372881----pid-372881
---ebpf-pid----2012----pid-1
---ebpf-pid----2012----pid-2012
---ebpf-pid----372881----pid-1
---ebpf-pid----2012----pid-1
---ebpf-pid----2012----pid-2012
---ebpf-pid----2012----pid-1
---ebpf-pid----2012----pid-2012
---ebpf-pid----2012----pid-1
---ebpf-pid----5705----pid-5476
---ebpf-pid----372881----pid-372881
---ebpf-pid----5705----pid-1
---ebpf-pid----5705----pid-5705
---ebpf-pid----5705----pid-5476
---ebpf-pid----5705----pid-1
---ebpf-pid----5705----pid-5705
---ebpf-pid----5705----pid-5476
---ebpf-pid----5705----pid-1
---ebpf-pid----5705----pid-5705
---ebpf-pid----2012----pid-2012
---ebpf-pid----2012----pid-1
---ebpf-pid----2012----pid-2012
---ebpf-pid----2012----pid-1
---ebpf-pid----2012----pid-2012
---ebpf-pid----2012----pid-1
---ebpf-pid----2012----pid-2012
---ebpf-pid----2012----pid-1
---ebpf-pid----2012----pid-2012
---ebpf-pid----2012----pid-1
---ebpf-pid----2012----pid-2012
---ebpf-pid----5705----pid-5476
---ebpf-pid----2012----pid-1
---ebpf-pid----2012----pid-2012
---ebpf-pid----2012----pid-1
---ebpf-pid----2012----pid-2012
---ebpf-pid----2012----pid-1
---ebpf-pid----2012----pid-2012
---ebpf-pid----2012----pid-1
---ebpf-pid----2094----pid-2094
---ebpf-pid----2094----pid-1
---ebpf-pid----2094----pid-2094
---ebpf-pid----2094----pid-1
---ebpf-pid----2094----pid-2094
---ebpf-pid----2094----pid-1
---ebpf-pid----2094----pid-2094
---ebpf-pid----2094----pid-1
---ebpf-pid----2094----pid-2094
---ebpf-pid----2094----pid-1
---ebpf-pid----2094----pid-2094
---ebpf-pid----2094----pid-1
---ebpf-pid----372881----pid-1
---ebpf-pid----2094----pid-2094
---ebpf-pid----372881----pid-372881
---ebpf-pid----2094----pid-1
---ebpf-pid----2094----pid-2094
---ebpf-pid----372881----pid-1
---ebpf-pid----372881----pid-372881
---ebpf-pid----2094----pid-1
---ebpf-pid----2094----pid-2094
---ebpf-pid----372881----pid-1
---ebpf-pid----372881----pid-372881
---ebpf-pid----2094----pid-1
---ebpf-pid----2094----pid-2094
---ebpf-pid----372881----pid-1
---ebpf-pid----372881----pid-372881
---ebpf-pid----2094----pid-1
---ebpf-pid----372881----pid-1
---ebpf-pid----2094----pid-2094
---ebpf-pid----372881----pid-372881
---ebpf-pid----2094----pid-1
---ebpf-pid----372881----pid-1
---ebpf-pid----2094----pid-2094
---ebpf-pid----372881----pid-372881
---ebpf-pid----2094----pid-1
---ebpf-pid----372881----pid-1
---ebpf-pid----2094----pid-2094
---ebpf-pid----372881----pid-372881
---ebpf-pid----372881----pid-1
---ebpf-pid----2094----pid-1
---ebpf-pid----372881----pid-372881
---ebpf-pid----2094----pid-2094
---ebpf-pid----372881----pid-1
---ebpf-pid----372881----pid-372881
---ebpf-pid----2094----pid-1
---ebpf-pid----2094----pid-2094
---ebpf-pid----372881----pid-1
---ebpf-pid----372881----pid-372881
---ebpf-pid----2094----pid-1
---ebpf-pid----2094----pid-2094
---ebpf-pid----372881----pid-1
---ebpf-pid----372881----pid-372881
---ebpf-pid----2094----pid-1
---ebpf-pid----2094----pid-2094
---ebpf-pid----372881----pid-1
---ebpf-pid----372881----pid-372881
---ebpf-pid----372881----pid-1
---ebpf-pid----2094----pid-1
---ebpf-pid----372881----pid-372881
---ebpf-pid----2094----pid-2094
---ebpf-pid----2094----pid-1
---ebpf-pid----372881----pid-1
---ebpf-pid----2094----pid-2094
---ebpf-pid----2094----pid-1
---ebpf-pid----2094----pid-2094
---ebpf-pid----2094----pid-1
---ebpf-pid----2094----pid-2094
---ebpf-pid----2094----pid-1
---ebpf-pid----2094----pid-2094
---ebpf-pid----2094----pid-1
---ebpf-pid----2094----pid-2094
---ebpf-pid----5705----pid-1
---ebpf-pid----5705----pid-5705
---ebpf-pid----2094----pid-1
---ebpf-pid----372881----pid-372881
---ebpf-pid----5705----pid-5476
---ebpf-pid----2094----pid-2094
---ebpf-pid----372881----pid-1
---ebpf-pid----372881----pid-372881
---ebpf-pid----5705----pid-1
---ebpf-pid----2094----pid-2094
---ebpf-pid----2094----pid-1
---ebpf-pid----2094----pid-2094
---ebpf-pid----2094----pid-1
---ebpf-pid----2094----pid-2094
---ebpf-pid----2094----pid-1
---ebpf-pid----2094----pid-2094
---ebpf-pid----2094----pid-1
---ebpf-pid----2094----pid-1
---ebpf-pid----2094----pid-2094
---ebpf-pid----2094----pid-1
---ebpf-pid----2094----pid-2094
---ebpf-pid----2094----pid-1
---ebpf-pid----2094----pid-2094
---ebpf-pid----2094----pid-1
---ebpf-pid----2094----pid-2094
---ebpf-pid----2094----pid-2094
---ebpf-pid----2094----pid-1
---ebpf-pid----2094----pid-2094
---ebpf-pid----2094----pid-1
---ebpf-pid----2094----pid-2094
---ebpf-pid----2094----pid-1
---ebpf-pid----2094----pid-2094
---ebpf-pid----2094----pid-1
---ebpf-pid----2094----pid-2094
---ebpf-pid----2094----pid-1
---ebpf-pid----2094----pid-2094
---ebpf-pid----2094----pid-1
---ebpf-pid----372881----pid-1
---ebpf-pid----372881----pid-372881
---ebpf-pid----372881----pid-372881
---ebpf-pid----372881----pid-1
---ebpf-pid----372881----pid-1
---ebpf-pid----372881----pid-372881
---ebpf-pid----372881----pid-372881
---ebpf-pid----372881----pid-1
---ebpf-pid----372881----pid-1
---ebpf-pid----372881----pid-372881
---ebpf-pid----372881----pid-372881
---ebpf-pid----372881----pid-1
---ebpf-pid----372881----pid-372881
---ebpf-pid----372881----pid-1
---ebpf-pid----372881----pid-372881
---ebpf-pid----2094----pid-1
---ebpf-pid----2094----pid-2094
---ebpf-pid----372881----pid-1
---ebpf-pid----2094----pid-1
---ebpf-pid----2094----pid-2094
---ebpf-pid----372881----pid-372881
---ebpf-pid----2094----pid-1
---ebpf-pid----2094----pid-2094
---ebpf-pid----372881----pid-1
---ebpf-pid----2094----pid-1
---ebpf-pid----372881----pid-372881
---ebpf-pid----2094----pid-2094
---ebpf-pid----2094----pid-1
---ebpf-pid----372881----pid-1
---ebpf-pid----2094----pid-2094
---ebpf-pid----372881----pid-372881
---ebpf-pid----2094----pid-1
---ebpf-pid----2094----pid-2094
---ebpf-pid----372881----pid-1
---ebpf-pid----2094----pid-1
---ebpf-pid----372881----pid-372881
---ebpf-pid----2094----pid-2094
---ebpf-pid----372881----pid-1
---ebpf-pid----372881----pid-372881
---ebpf-pid----2094----pid-1
---ebpf-pid----2094----pid-2094
---ebpf-pid----372881----pid-1
---ebpf-pid----372881----pid-1
---ebpf-pid----372881----pid-372881
---ebpf-pid----2094----pid-1
---ebpf-pid----372881----pid-372881
---ebpf-pid----2094----pid-2094
---ebpf-pid----372881----pid-1
---ebpf-pid----372881----pid-1
---ebpf-pid----372881----pid-372881
---ebpf-pid----2094----pid-1
---ebpf-pid----2094----pid-2094
---ebpf-pid----2094----pid-2094
---ebpf-pid----372881----pid-1
---ebpf-pid----2094----pid-1
---ebpf-pid----2094----pid-2094
---ebpf-pid----372881----pid-372881
---ebpf-pid----2094----pid-1
---ebpf-pid----2094----pid-2094
---ebpf-pid----2094----pid-1
---ebpf-pid----372881----pid-1
---ebpf-pid----2094----pid-2094
---ebpf-pid----372881----pid-372881
---ebpf-pid----2094----pid-1
---ebpf-pid----2094----pid-2094
---ebpf-pid----2094----pid-1
---ebpf-pid----372881----pid-1
---ebpf-pid----2094----pid-2094
---ebpf-pid----2094----pid-1
---ebpf-pid----372881----pid-372881
---ebpf-pid----2094----pid-2094
---ebpf-pid----2094----pid-1
---ebpf-pid----372881----pid-1
---ebpf-pid----2094----pid-2094
---ebpf-pid----2094----pid-1
---ebpf-pid----372881----pid-372881
---ebpf-pid----2094----pid-2094
---ebpf-pid----2094----pid-1
---ebpf-pid----372881----pid-1
---ebpf-pid----2094----pid-2094
---ebpf-pid----2094----pid-1
---ebpf-pid----372881----pid-372881
---ebpf-pid----2094----pid-2094
---ebpf-pid----372881----pid-1
---ebpf-pid----372881----pid-372881
---ebpf-pid----2094----pid-1
---ebpf-pid----2094----pid-2094
---ebpf-pid----372881----pid-1
---ebpf-pid----2094----pid-1
---ebpf-pid----372881----pid-372881
---ebpf-pid----2094----pid-1
---ebpf-pid----2094----pid-2094
---ebpf-pid----2094----pid-2094
---ebpf-pid----372881----pid-1
---ebpf-pid----2094----pid-1
---ebpf-pid----372881----pid-372881
---ebpf-pid----2094----pid-1
---ebpf-pid----2094----pid-2094
---ebpf-pid----2094----pid-2094
---ebpf-pid----372881----pid-1
---ebpf-pid----2094----pid-1
---ebpf-pid----372881----pid-372881
---ebpf-pid----2094----pid-1
---ebpf-pid----2094----pid-2094
---ebpf-pid----2094----pid-2094
---ebpf-pid----372881----pid-1
---ebpf-pid----2094----pid-1
---ebpf-pid----2094----pid-1
---ebpf-pid----372881----pid-372881
---ebpf-pid----2094----pid-2094
---ebpf-pid----2094----pid-2094
---ebpf-pid----372881----pid-1
---ebpf-pid----2094----pid-1
---ebpf-pid----2094----pid-1
---ebpf-pid----372881----pid-372881
---ebpf-pid----2094----pid-2094
---ebpf-pid----2094----pid-2094
---ebpf-pid----372881----pid-1
---ebpf-pid----2094----pid-1
---ebpf-pid----2094----pid-1
---ebpf-pid----372881----pid-372881
---ebpf-pid----2094----pid-2094
---ebpf-pid----2094----pid-2094
---ebpf-pid----372881----pid-1
---ebpf-pid----372881----pid-372881
---ebpf-pid----2094----pid-1
---ebpf-pid----2094----pid-2094
---ebpf-pid----372881----pid-1
---ebpf-pid----372881----pid-372881
---ebpf-pid----2094----pid-1
---ebpf-pid----2094----pid-2094
---ebpf-pid----372881----pid-1
---ebpf-pid----372881----pid-372881
---ebpf-pid----2094----pid-1
---ebpf-pid----372881----pid-1
---ebpf-pid----2094----pid-2094
---ebpf-pid----372881----pid-372881
---ebpf-pid----2094----pid-1
---ebpf-pid----372881----pid-1
---ebpf-pid----372881----pid-372881
---ebpf-pid----2094----pid-2094
---ebpf-pid----372881----pid-1
---ebpf-pid----2094----pid-1
---ebpf-pid----372881----pid-372881
---ebpf-pid----2094----pid-2094
---ebpf-pid----372881----pid-1
---ebpf-pid----372881----pid-372881
---ebpf-pid----2094----pid-1
---ebpf-pid----2094----pid-2094
---ebpf-pid----372881----pid-1
---ebpf-pid----372881----pid-372881
---ebpf-pid----2094----pid-1
---ebpf-pid----2094----pid-2094
---ebpf-pid----2094----pid-1
---ebpf-pid----2094----pid-2094
---ebpf-pid----2094----pid-1
---ebpf-pid----2094----pid-2094
---ebpf-pid----2094----pid-1
---ebpf-pid----2094----pid-2094
---ebpf-pid----2094----pid-1
---ebpf-pid----2094----pid-2094
---ebpf-pid----2094----pid-1
---ebpf-pid----2094----pid-2094
---ebpf-pid----2094----pid-1
---ebpf-pid----2094----pid-2094
---ebpf-pid----2094----pid-1
---ebpf-pid----2094----pid-2094
---ebpf-pid----2094----pid-1
---ebpf-pid----2094----pid-2094
---ebpf-pid----2094----pid-1
---ebpf-pid----2094----pid-2094
---ebpf-pid----2094----pid-1
---ebpf-pid----2094----pid-2094
---ebpf-pid----2094----pid-1
---ebpf-pid----2094----pid-2094
---ebpf-pid----2094----pid-1
---ebpf-pid----2094----pid-2094
---ebpf-pid----2094----pid-1
---ebpf-pid----2094----pid-2094
---ebpf-pid----372881----pid-1
---ebpf-pid----372881----pid-372881
---ebpf-pid----2094----pid-1
---ebpf-pid----2094----pid-1
---ebpf-pid----2094----pid-2094
---ebpf-pid----2094----pid-2094
---ebpf-pid----372881----pid-1
---ebpf-pid----372881----pid-372881
---ebpf-pid----2094----pid-1
---ebpf-pid----2094----pid-1
---ebpf-pid----2094----pid-2094
---ebpf-pid----2094----pid-2094
---ebpf-pid----372881----pid-1
---ebpf-pid----2094----pid-1
---ebpf-pid----372881----pid-372881
---ebpf-pid----2094----pid-1
---ebpf-pid----2094----pid-2094
---ebpf-pid----2094----pid-2094
---ebpf-pid----372881----pid-1
---ebpf-pid----372881----pid-372881
---ebpf-pid----2094----pid-1
---ebpf-pid----2094----pid-1
---ebpf-pid----2094----pid-2094
---ebpf-pid----2094----pid-2094
---ebpf-pid----372881----pid-1
---ebpf-pid----372881----pid-372881
---ebpf-pid----2094----pid-1
---ebpf-pid----2094----pid-1
---ebpf-pid----2094----pid-2094
---ebpf-pid----2094----pid-2094
---ebpf-pid----372881----pid-1
---ebpf-pid----372881----pid-372881
---ebpf-pid----2094----pid-1
---ebpf-pid----2094----pid-2094
---ebpf-pid----2094----pid-1
---ebpf-pid----372881----pid-1
---ebpf-pid----2094----pid-2094
---ebpf-pid----2094----pid-1
---ebpf-pid----2094----pid-2094
---ebpf-pid----2094----pid-1
---ebpf-pid----2094----pid-2094
---ebpf-pid----2094----pid-1
---ebpf-pid----2094----pid-2094
---ebpf-pid----2094----pid-1
---ebpf-pid----2094----pid-2094
---ebpf-pid----2094----pid-1
---ebpf-pid----2094----pid-1
---ebpf-pid----2094----pid-2094
---ebpf-pid----2094----pid-2094
---ebpf-pid----2094----pid-1
---ebpf-pid----2094----pid-1
---ebpf-pid----2094----pid-2094
---ebpf-pid----2094----pid-2094
---ebpf-pid----2094----pid-1
---ebpf-pid----2094----pid-1
---ebpf-pid----2094----pid-2094
---ebpf-pid----2094----pid-1
---ebpf-pid----2094----pid-2094
---ebpf-pid----2094----pid-1
---ebpf-pid----2094----pid-2094
---ebpf-pid----2094----pid-1
---ebpf-pid----2094----pid-2094
---ebpf-pid----2094----pid-1
---ebpf-pid----2094----pid-2094
---ebpf-pid----2094----pid-1
---ebpf-pid----2094----pid-2094
---ebpf-pid----2094----pid-1
---ebpf-pid----2094----pid-2094
---ebpf-pid----372881----pid-372881
---ebpf-pid----2094----pid-1
---ebpf-pid----372881----pid-1
---ebpf-pid----2094----pid-2094
---ebpf-pid----2094----pid-1
---ebpf-pid----2094----pid-2094
---ebpf-pid----2094----pid-1
---ebpf-pid----2094----pid-2094
---ebpf-pid----2094----pid-1
---ebpf-pid----2094----pid-2094
---ebpf-pid----2094----pid-1
---ebpf-pid----2094----pid-2094
---ebpf-pid----2094----pid-1
---ebpf-pid----2094----pid-2094
---ebpf-pid----2094----pid-1
---ebpf-pid----2094----pid-2094
---ebpf-pid----2094----pid-1
---ebpf-pid----2094----pid-2094
---ebpf-pid----2094----pid-1
---ebpf-pid----2094----pid-2094
---ebpf-pid----2094----pid-1
---ebpf-pid----2094----pid-2094
---ebpf-pid----2094----pid-1
---ebpf-pid----2094----pid-2094
---ebpf-pid----2094----pid-1
---ebpf-pid----2094----pid-2094
---ebpf-pid----2094----pid-1
---ebpf-pid----2094----pid-2094
---ebpf-pid----2012----pid-2012
---ebpf-pid----2094----pid-1
---ebpf-pid----2094----pid-2094
---ebpf-pid----2094----pid-1
---ebpf-pid----372881----pid-372881
---ebpf-pid----372881----pid-1
---ebpf-pid----2012----pid-2012
---ebpf-pid----2012----pid-1
---ebpf-pid----2012----pid-1
---ebpf-pid----2012----pid-2012
---ebpf-pid----372881----pid-372881
---ebpf-pid----2012----pid-1
---ebpf-pid----2012----pid-2012
---ebpf-pid----2012----pid-2012
---ebpf-pid----2012----pid-1
---ebpf-pid----2012----pid-2012
---ebpf-pid----2012----pid-1
---ebpf-pid----2012----pid-2012
---ebpf-pid----2012----pid-1
---ebpf-pid----2012----pid-2012
---ebpf-pid----2012----pid-1
---ebpf-pid----2012----pid-2012
---ebpf-pid----2012----pid-1
---ebpf-pid----2012----pid-2012
---ebpf-pid----2012----pid-1
---ebpf-pid----2012----pid-2012
---ebpf-pid----2012----pid-1
---ebpf-pid----2012----pid-2012
---ebpf-pid----2012----pid-1
---ebpf-pid----372881----pid-1
---ebpf-pid----2012----pid-2012
---ebpf-pid----2012----pid-1
---ebpf-pid----2012----pid-2012
---ebpf-pid----2012----pid-1
---ebpf-pid----2012----pid-2012
---ebpf-pid----2012----pid-1
---ebpf-pid----2012----pid-2012
---ebpf-pid----2012----pid-1
---ebpf-pid----2012----pid-2012
---ebpf-pid----2012----pid-1
---ebpf-pid----2012----pid-2012
---ebpf-pid----2012----pid-1
---ebpf-pid----2012----pid-2012
---ebpf-pid----2012----pid-1
---ebpf-pid----2012----pid-2012
---ebpf-pid----2012----pid-1
---ebpf-pid----2012----pid-2012
---ebpf-pid----2012----pid-1
---ebpf-pid----2012----pid-2012
---ebpf-pid----2012----pid-1
---ebpf-pid----2012----pid-2012
---ebpf-pid----2012----pid-1
---ebpf-pid----2012----pid-2012
---ebpf-pid----2012----pid-1
---ebpf-pid----2012----pid-2012
---ebpf-pid----2012----pid-1
---ebpf-pid----2012----pid-2012
---ebpf-pid----2012----pid-1
---ebpf-pid----2012----pid-2012
---ebpf-pid----2012----pid-1
---ebpf-pid----2012----pid-2012
---ebpf-pid----2012----pid-1
---ebpf-pid----2012----pid-2012
---ebpf-pid----2012----pid-1
---ebpf-pid----2012----pid-2012
---ebpf-pid----2012----pid-1
---ebpf-pid----2012----pid-2012
---ebpf-pid----2012----pid-1
---ebpf-pid----2012----pid-2012
---ebpf-pid----2012----pid-1
---ebpf-pid----2012----pid-2012
---ebpf-pid----2012----pid-1
---ebpf-pid----2012----pid-2012
---ebpf-pid----2012----pid-1
---ebpf-pid----2012----pid-2012
---ebpf-pid----2012----pid-1
---ebpf-pid----5705----pid-5705
---ebpf-pid----5705----pid-5476
---ebpf-pid----5705----pid-1
---ebpf-pid----5705----pid-5705
---ebpf-pid----372881----pid-372881
---ebpf-pid----372881----pid-1
---ebpf-pid----372881----pid-372881
---ebpf-pid----372881----pid-1
---ebpf-pid----372881----pid-372881
---ebpf-pid----372881----pid-1
---ebpf-pid----372881----pid-372881
---ebpf-pid----372881----pid-1
---ebpf-pid----372881----pid-372881
---ebpf-pid----372881----pid-1
---ebpf-pid----372881----pid-372881
---ebpf-pid----372881----pid-1
---ebpf-pid----372881----pid-372881
---ebpf-pid----372881----pid-1
---ebpf-pid----5705----pid-5476
---ebpf-pid----372881----pid-372881
---ebpf-pid----372881----pid-1
---ebpf-pid----2012----pid-1
---ebpf-pid----372881----pid-372881
---ebpf-pid----5705----pid-1
---ebpf-pid----2012----pid-2012
---ebpf-pid----5705----pid-5705
---ebpf-pid----372881----pid-1
---ebpf-pid----372881----pid-372881
---ebpf-pid----2012----pid-1
---ebpf-pid----5705----pid-5476
---ebpf-pid----2012----pid-2012
---ebpf-pid----372881----pid-1
---ebpf-pid----5705----pid-1
---ebpf-pid----372881----pid-372881
---ebpf-pid----2012----pid-1
---ebpf-pid----2012----pid-2012
---ebpf-pid----5705----pid-5705
---ebpf-pid----372881----pid-1
---ebpf-pid----2012----pid-1
---ebpf-pid----372881----pid-372881
---ebpf-pid----5705----pid-5476
---ebpf-pid----2012----pid-2012
---ebpf-pid----372881----pid-1
---ebpf-pid----2012----pid-1
---ebpf-pid----5705----pid-1
---ebpf-pid----372881----pid-372881
---ebpf-pid----2012----pid-2012
---ebpf-pid----5705----pid-5705
---ebpf-pid----372881----pid-1
---ebpf-pid----2012----pid-1
---ebpf-pid----372881----pid-372881
---ebpf-pid----2012----pid-2012
---ebpf-pid----372881----pid-1
---ebpf-pid----2012----pid-1
---ebpf-pid----2012----pid-2012
---ebpf-pid----372881----pid-372881
---ebpf-pid----372881----pid-1
---ebpf-pid----2012----pid-1
---ebpf-pid----372881----pid-372881
---ebpf-pid----2012----pid-2012
---ebpf-pid----372881----pid-1
---ebpf-pid----5705----pid-5476
---ebpf-pid----2012----pid-1
---ebpf-pid----372881----pid-372881
---ebpf-pid----2012----pid-2012
---ebpf-pid----5705----pid-1
---ebpf-pid----372881----pid-1
---ebpf-pid----2012----pid-1
---ebpf-pid----372881----pid-372881
---ebpf-pid----2012----pid-2012
---ebpf-pid----5705----pid-5705
---ebpf-pid----2012----pid-1
---ebpf-pid----372881----pid-1
---ebpf-pid----5705----pid-5476
---ebpf-pid----2012----pid-2012
---ebpf-pid----372881----pid-372881
---ebpf-pid----2012----pid-1
---ebpf-pid----372881----pid-1
---ebpf-pid----448783----pid-448783
---ebpf-pid----5705----pid-1
---ebpf-pid----372881----pid-372881
---ebpf-pid----5705----pid-5705
---ebpf-pid----448783----pid-448520
---ebpf-pid----372881----pid-1
---ebpf-pid----5705----pid-5476
---ebpf-pid----372881----pid-372881
---ebpf-pid----448783----pid-1
---ebpf-pid----5705----pid-1
---ebpf-pid----448783----pid-448783
---ebpf-pid----5705----pid-5705
---ebpf-pid----448783----pid-448520
---ebpf-pid----5705----pid-5476
---ebpf-pid----448783----pid-1
---ebpf-pid----448783----pid-448783
---ebpf-pid----5705----pid-1
---ebpf-pid----5705----pid-5705
---ebpf-pid----448783----pid-448520
---ebpf-pid----5705----pid-5476
---ebpf-pid----448783----pid-1
---ebpf-pid----448783----pid-448783
---ebpf-pid----5705----pid-1
---ebpf-pid----372714----pid-372714
---ebpf-pid----448783----pid-448520
---ebpf-pid----372714----pid-5476
---ebpf-pid----448783----pid-1
---ebpf-pid----448783----pid-448783
---ebpf-pid----372714----pid-1
---ebpf-pid----372714----pid-372714
---ebpf-pid----448783----pid-448520
---ebpf-pid----372714----pid-5476
---ebpf-pid----372881----pid-1
---ebpf-pid----448783----pid-1
---ebpf-pid----372881----pid-372881
---ebpf-pid----448783----pid-448783
---ebpf-pid----372714----pid-1
---ebpf-pid----372714----pid-372714
---ebpf-pid----372881----pid-1
---ebpf-pid----372881----pid-372881
---ebpf-pid----372714----pid-5476
---ebpf-pid----372881----pid-1
---ebpf-pid----372881----pid-372881
---ebpf-pid----372714----pid-1
---ebpf-pid----372881----pid-1
---ebpf-pid----379067----pid-379067
---ebpf-pid----372881----pid-372881
---ebpf-pid----379067----pid-5476
---ebpf-pid----372881----pid-1
---ebpf-pid----372881----pid-372881
---ebpf-pid----379067----pid-1
---ebpf-pid----379067----pid-379067
---ebpf-pid----372881----pid-1
---ebpf-pid----372881----pid-372881
---ebpf-pid----379067----pid-5476
---ebpf-pid----372881----pid-1
---ebpf-pid----379067----pid-1
---ebpf-pid----372881----pid-372881
---ebpf-pid----372714----pid-372714
---ebpf-pid----372881----pid-1
---ebpf-pid----372714----pid-5476
---ebpf-pid----372881----pid-372881
---ebpf-pid----372881----pid-1
---ebpf-pid----372714----pid-1
---ebpf-pid----372881----pid-372881
---ebpf-pid----379067----pid-379067
---ebpf-pid----372881----pid-1
---ebpf-pid----372881----pid-372881
---ebpf-pid----379067----pid-5476
---ebpf-pid----379067----pid-1
---ebpf-pid----379067----pid-379067
---ebpf-pid----379067----pid-5476
---ebpf-pid----379067----pid-1
---ebpf-pid----379067----pid-379067
---ebpf-pid----379067----pid-5476
---ebpf-pid----379067----pid-1
---ebpf-pid----379067----pid-379067
---ebpf-pid----379067----pid-5476
---ebpf-pid----379067----pid-1
---ebpf-pid----379067----pid-379067
---ebpf-pid----379067----pid-5476
---ebpf-pid----379067----pid-1
---ebpf-pid----372714----pid-372714
---ebpf-pid----372714----pid-5476
---ebpf-pid----372714----pid-1
---ebpf-pid----379067----pid-379067
---ebpf-pid----379067----pid-5476
---ebpf-pid----379067----pid-1
---ebpf-pid----379067----pid-379067
---ebpf-pid----379067----pid-5476
---ebpf-pid----379067----pid-1
---ebpf-pid----372714----pid-372714
---ebpf-pid----372714----pid-5476
---ebpf-pid----372714----pid-1
---ebpf-pid----372714----pid-372714
---ebpf-pid----448783----pid-448520
---ebpf-pid----372714----pid-5476
---ebpf-pid----448783----pid-1
---ebpf-pid----448783----pid-448783
---ebpf-pid----372714----pid-1
---ebpf-pid----448783----pid-448520
---ebpf-pid----448783----pid-1
---ebpf-pid----372714----pid-372714
---ebpf-pid----448783----pid-448783
---ebpf-pid----448783----pid-448520
---ebpf-pid----372714----pid-5476
---ebpf-pid----448783----pid-1
---ebpf-pid----372714----pid-1
---ebpf-pid----448783----pid-448783
---ebpf-pid----372714----pid-372714
---ebpf-pid----448783----pid-448520
---ebpf-pid----372714----pid-5476
---ebpf-pid----448783----pid-1
---ebpf-pid----372714----pid-1
---ebpf-pid----448783----pid-448783
---ebpf-pid----379067----pid-379067
---ebpf-pid----448783----pid-448520
---ebpf-pid----379067----pid-5476
---ebpf-pid----448783----pid-1
---ebpf-pid----448783----pid-448783
---ebpf-pid----379067----pid-1
---ebpf-pid----448783----pid-448520
---ebpf-pid----448783----pid-1
---ebpf-pid----379067----pid-379067
---ebpf-pid----448783----pid-448783
---ebpf-pid----379067----pid-5476
---ebpf-pid----448783----pid-448520
---ebpf-pid----448783----pid-1
---ebpf-pid----448783----pid-448783
---ebpf-pid----379067----pid-1
---ebpf-pid----448783----pid-448520
---ebpf-pid----448783----pid-1
---ebpf-pid----379067----pid-379067
---ebpf-pid----372714----pid-372714
---ebpf-pid----372714----pid-5476
---ebpf-pid----372714----pid-1
---ebpf-pid----379067----pid-5476
---ebpf-pid----448783----pid-448783
---ebpf-pid----379067----pid-1
---ebpf-pid----448783----pid-448520
---ebpf-pid----379067----pid-379067
---ebpf-pid----448783----pid-1
---ebpf-pid----379067----pid-5476
---ebpf-pid----448783----pid-448783
---ebpf-pid----379067----pid-1
---ebpf-pid----448783----pid-448520
---ebpf-pid----379067----pid-379067
---ebpf-pid----448783----pid-1
---ebpf-pid----448783----pid-448783
---ebpf-pid----379067----pid-5476
---ebpf-pid----448783----pid-448520
---ebpf-pid----379067----pid-1
---ebpf-pid----379067----pid-379067
---ebpf-pid----448783----pid-1
---ebpf-pid----448783----pid-448783
---ebpf-pid----379067----pid-5476
---ebpf-pid----448783----pid-448520
---ebpf-pid----448783----pid-1
---ebpf-pid----379067----pid-1
---ebpf-pid----448783----pid-448783
---ebpf-pid----379067----pid-379067
---ebpf-pid----448783----pid-448520
---ebpf-pid----379067----pid-5476
---ebpf-pid----448783----pid-1
---ebpf-pid----448783----pid-448783
---ebpf-pid----379067----pid-1
---ebpf-pid----379067----pid-379067
---ebpf-pid----448783----pid-448520
---ebpf-pid----379067----pid-5476
---ebpf-pid----448783----pid-1
---ebpf-pid----2012----pid-2012
---ebpf-pid----379067----pid-1
---ebpf-pid----2012----pid-1
---ebpf-pid----379067----pid-379067
---ebpf-pid----2012----pid-2012
---ebpf-pid----379067----pid-5476
---ebpf-pid----2012----pid-1
---ebpf-pid----2012----pid-2012
---ebpf-pid----379067----pid-1
---ebpf-pid----2012----pid-1
---ebpf-pid----379067----pid-379067
---ebpf-pid----2012----pid-2012
---ebpf-pid----379067----pid-5476
---ebpf-pid----2012----pid-1
---ebpf-pid----2012----pid-2012
---ebpf-pid----2012----pid-1
---ebpf-pid----2012----pid-2012
---ebpf-pid----379067----pid-1
---ebpf-pid----379067----pid-379067
---ebpf-pid----2012----pid-1
---ebpf-pid----2012----pid-2012
---ebpf-pid----379067----pid-5476
---ebpf-pid----2012----pid-1
---ebpf-pid----372881----pid-1
---ebpf-pid----2012----pid-2012
---ebpf-pid----379067----pid-1
---ebpf-pid----372881----pid-372881
---ebpf-pid----2089----pid-2089
---ebpf-pid----2012----pid-1
---ebpf-pid----372881----pid-1
---ebpf-pid----2012----pid-2012
---ebpf-pid----2089----pid-1
---ebpf-pid----372881----pid-372881
---ebpf-pid----2089----pid-2089
---ebpf-pid----2012----pid-1
---ebpf-pid----372881----pid-1
---ebpf-pid----2012----pid-2012
---ebpf-pid----372881----pid-372881
---ebpf-pid----2089----pid-1
---ebpf-pid----2089----pid-2089
---ebpf-pid----2012----pid-1
---ebpf-pid----372881----pid-1
---ebpf-pid----2012----pid-2012
---ebpf-pid----372881----pid-372881
---ebpf-pid----2089----pid-1
---ebpf-pid----2089----pid-2089
---ebpf-pid----2012----pid-1
---ebpf-pid----372881----pid-1
---ebpf-pid----2012----pid-2012
---ebpf-pid----372881----pid-372881
---ebpf-pid----2012----pid-1
---ebpf-pid----2012----pid-2012
---ebpf-pid----372881----pid-1
---ebpf-pid----372881----pid-372881
---ebpf-pid----2012----pid-1
---ebpf-pid----2012----pid-2012
---ebpf-pid----372881----pid-1
---ebpf-pid----372881----pid-372881
---ebpf-pid----2012----pid-1
---ebpf-pid----2012----pid-2012
---ebpf-pid----372881----pid-1
---ebpf-pid----372881----pid-372881
---ebpf-pid----2089----pid-1
---ebpf-pid----2012----pid-1
---ebpf-pid----2089----pid-2089
---ebpf-pid----2012----pid-2012
---ebpf-pid----372881----pid-1
---ebpf-pid----372881----pid-372881
---ebpf-pid----2012----pid-1
---ebpf-pid----2089----pid-1
---ebpf-pid----2012----pid-2012
---ebpf-pid----372881----pid-1
---ebpf-pid----2089----pid-2089
---ebpf-pid----372881----pid-372881
---ebpf-pid----2012----pid-1
---ebpf-pid----2089----pid-1
---ebpf-pid----2012----pid-2012
---ebpf-pid----2089----pid-2089
---ebpf-pid----372881----pid-1
---ebpf-pid----372881----pid-372881
---ebpf-pid----2089----pid-1
---ebpf-pid----2012----pid-1
---ebpf-pid----2089----pid-2089
---ebpf-pid----2012----pid-2012
---ebpf-pid----372881----pid-1
---ebpf-pid----372881----pid-372881
---ebpf-pid----2089----pid-1
---ebpf-pid----2012----pid-1
---ebpf-pid----2012----pid-2012
---ebpf-pid----2089----pid-2089
---ebpf-pid----2012----pid-1
---ebpf-pid----2089----pid-1
---ebpf-pid----2012----pid-2012
---ebpf-pid----2089----pid-2089
---ebpf-pid----2012----pid-1
---ebpf-pid----2089----pid-1
---ebpf-pid----2012----pid-2012
---ebpf-pid----2012----pid-2012
---ebpf-pid----2012----pid-1
---ebpf-pid----2012----pid-2012
---ebpf-pid----2012----pid-1
---ebpf-pid----2012----pid-2012
---ebpf-pid----2012----pid-1
---ebpf-pid----2012----pid-2012
---ebpf-pid----2012----pid-1
---ebpf-pid----2012----pid-2012
---ebpf-pid----2012----pid-1
---ebpf-pid----2012----pid-2012
---ebpf-pid----2012----pid-1
---ebpf-pid----2012----pid-2012
---ebpf-pid----2012----pid-1
---ebpf-pid----2012----pid-2012
---ebpf-pid----2012----pid-1
---ebpf-pid----2012----pid-1
---ebpf-pid----2012----pid-2012
---ebpf-pid----2012----pid-1
---ebpf-pid----2012----pid-2012
---ebpf-pid----2012----pid-2012
---ebpf-pid----2012----pid-1
---ebpf-pid----2012----pid-1
---ebpf-pid----2012----pid-2012
---ebpf-pid----2012----pid-2012
---ebpf-pid----2012----pid-1
---ebpf-pid----2012----pid-1
---ebpf-pid----2012----pid-2012
---ebpf-pid----2012----pid-2012
---ebpf-pid----2012----pid-1
---ebpf-pid----2012----pid-2012
---ebpf-pid----2012----pid-1
---ebpf-pid----2012----pid-2012
---ebpf-pid----2012----pid-1
---ebpf-pid----2012----pid-2012
---ebpf-pid----2012----pid-1
---ebpf-pid----2012----pid-1
---ebpf-pid----2012----pid-2012
---ebpf-pid----448783----pid-448783
---ebpf-pid----2012----pid-1
---ebpf-pid----448783----pid-448520
---ebpf-pid----2012----pid-2012
---ebpf-pid----372881----pid-1
---ebpf-pid----2012----pid-1
---ebpf-pid----2012----pid-2012
---ebpf-pid----372881----pid-372881
---ebpf-pid----372881----pid-1
---ebpf-pid----2012----pid-1
---ebpf-pid----372881----pid-372881
---ebpf-pid----2012----pid-2012
---ebpf-pid----372881----pid-1
---ebpf-pid----372881----pid-372881
---ebpf-pid----2012----pid-1
---ebpf-pid----2012----pid-2012
---ebpf-pid----372881----pid-1
---ebpf-pid----372881----pid-372881
---ebpf-pid----2012----pid-1
---ebpf-pid----2012----pid-2012
---ebpf-pid----372881----pid-1
---ebpf-pid----372881----pid-372881
---ebpf-pid----2012----pid-1
---ebpf-pid----372881----pid-1
---ebpf-pid----2012----pid-2012
---ebpf-pid----372881----pid-372881
---ebpf-pid----2012----pid-1
---ebpf-pid----372881----pid-1
---ebpf-pid----372881----pid-372881
---ebpf-pid----2012----pid-2012
---ebpf-pid----372881----pid-1
---ebpf-pid----372881----pid-372881
---ebpf-pid----372881----pid-1
---ebpf-pid----372881----pid-372881
---ebpf-pid----372881----pid-1
---ebpf-pid----372881----pid-372881
---ebpf-pid----372881----pid-1
---ebpf-pid----372881----pid-372881
---ebpf-pid----372881----pid-1
---ebpf-pid----372881----pid-372881
---ebpf-pid----372881----pid-1
---ebpf-pid----372881----pid-372881
---ebpf-pid----372881----pid-1
---ebpf-pid----372881----pid-372881
---ebpf-pid----372881----pid-1
---ebpf-pid----372881----pid-372881
---ebpf-pid----372881----pid-1
---ebpf-pid----448783----pid-1
---ebpf-pid----448783----pid-448783
---ebpf-pid----372881----pid-372881
---ebpf-pid----448783----pid-448520
---ebpf-pid----372881----pid-1
---ebpf-pid----372881----pid-372881
---ebpf-pid----448783----pid-1
---ebpf-pid----448784----pid-448784
---ebpf-pid----372881----pid-1
---ebpf-pid----372881----pid-372881
---ebpf-pid----448784----pid-448520
---ebpf-pid----372881----pid-1
---ebpf-pid----372881----pid-372881
---ebpf-pid----448784----pid-1
---ebpf-pid----448785----pid-448785
---ebpf-pid----372881----pid-1
---ebpf-pid----372881----pid-372881
---ebpf-pid----448785----pid-448520
---ebpf-pid----448785----pid-1
---ebpf-pid----372881----pid-1
---ebpf-pid----448785----pid-448785
---ebpf-pid----372881----pid-372881
---ebpf-pid----448785----pid-448520
---ebpf-pid----372881----pid-1
---ebpf-pid----372881----pid-372881
---ebpf-pid----372881----pid-1
---ebpf-pid----448785----pid-1
---ebpf-pid----372881----pid-372881
---ebpf-pid----448784----pid-448784
---ebpf-pid----372881----pid-1
---ebpf-pid----448784----pid-448520
---ebpf-pid----372881----pid-372881
---ebpf-pid----448784----pid-1
---ebpf-pid----372881----pid-1
---ebpf-pid----448784----pid-448784
---ebpf-pid----372881----pid-372881
---ebpf-pid----448784----pid-448520
---ebpf-pid----372881----pid-1
---ebpf-pid----372881----pid-372881
---ebpf-pid----448784----pid-1
---ebpf-pid----448784----pid-448784
---ebpf-pid----372881----pid-1
---ebpf-pid----372881----pid-372881
---ebpf-pid----448784----pid-448520
---ebpf-pid----372881----pid-1
---ebpf-pid----372881----pid-372881
---ebpf-pid----448784----pid-1
---ebpf-pid----448784----pid-448784
---ebpf-pid----372881----pid-1
---ebpf-pid----372881----pid-372881
---ebpf-pid----448784----pid-448520
---ebpf-pid----448784----pid-1
---ebpf-pid----448784----pid-448784
---ebpf-pid----372881----pid-1
---ebpf-pid----372881----pid-372881
---ebpf-pid----2012----pid-1
---ebpf-pid----372881----pid-1
---ebpf-pid----372881----pid-372881
---ebpf-pid----2012----pid-2012
---ebpf-pid----372881----pid-1
---ebpf-pid----372881----pid-372881
---ebpf-pid----2012----pid-1
---ebpf-pid----2012----pid-2012
---ebpf-pid----372881----pid-1
---ebpf-pid----372881----pid-372881
---ebpf-pid----2012----pid-1
---ebpf-pid----372881----pid-1
---ebpf-pid----372881----pid-372881
---ebpf-pid----6671----pid-6671
---ebpf-pid----372881----pid-1
---ebpf-pid----372881----pid-372881
---ebpf-pid----6671----pid-5476
---ebpf-pid----372881----pid-1
---ebpf-pid----372881----pid-372881
---ebpf-pid----6671----pid-1
---ebpf-pid----6671----pid-6671
---ebpf-pid----372881----pid-1
---ebpf-pid----372881----pid-372881
---ebpf-pid----372881----pid-1
---ebpf-pid----372881----pid-372881
---ebpf-pid----372881----pid-1
---ebpf-pid----372881----pid-372881
---ebpf-pid----372881----pid-1
---ebpf-pid----6671----pid-5476
---ebpf-pid----372881----pid-372881
---ebpf-pid----372881----pid-1
---ebpf-pid----6671----pid-1
---ebpf-pid----372881----pid-372881
---ebpf-pid----6671----pid-6671
---ebpf-pid----372881----pid-1
---ebpf-pid----372881----pid-372881
---ebpf-pid----6671----pid-5476
---ebpf-pid----372881----pid-1
---ebpf-pid----6671----pid-1
---ebpf-pid----372881----pid-372881
---ebpf-pid----6671----pid-6671
---ebpf-pid----372881----pid-1
---ebpf-pid----6671----pid-5476
---ebpf-pid----372881----pid-372881
---ebpf-pid----372881----pid-1
---ebpf-pid----372881----pid-372881
---ebpf-pid----6671----pid-1
---ebpf-pid----6671----pid-6671
---ebpf-pid----372881----pid-1
---ebpf-pid----372881----pid-372881
---ebpf-pid----6671----pid-5476
---ebpf-pid----372881----pid-1
---ebpf-pid----372881----pid-372881
---ebpf-pid----6671----pid-1
---ebpf-pid----372881----pid-1
---ebpf-pid----6671----pid-6671
---ebpf-pid----372881----pid-372881
---ebpf-pid----6671----pid-5476
---ebpf-pid----372881----pid-1
---ebpf-pid----372881----pid-372881
---ebpf-pid----6671----pid-1
---ebpf-pid----372881----pid-1
---ebpf-pid----6671----pid-6671
---ebpf-pid----372881----pid-372881
---ebpf-pid----372881----pid-1
---ebpf-pid----6671----pid-5476
---ebpf-pid----372881----pid-372881
---ebpf-pid----6671----pid-1
---ebpf-pid----372881----pid-1
---ebpf-pid----372881----pid-372881
---ebpf-pid----2012----pid-2012
---ebpf-pid----2012----pid-1
---ebpf-pid----372881----pid-1
---ebpf-pid----2012----pid-2012
---ebpf-pid----372881----pid-372881
---ebpf-pid----2012----pid-1
---ebpf-pid----372881----pid-1
---ebpf-pid----2012----pid-2012
---ebpf-pid----372881----pid-372881
---ebpf-pid----2012----pid-1
---ebpf-pid----2012----pid-2012
---ebpf-pid----448784----pid-448520
---ebpf-pid----2012----pid-1
---ebpf-pid----2012----pid-2012
---ebpf-pid----448784----pid-1
---ebpf-pid----2012----pid-1
---ebpf-pid----448783----pid-448783
---ebpf-pid----2012----pid-2012
---ebpf-pid----448783----pid-448520
---ebpf-pid----2012----pid-1
---ebpf-pid----2012----pid-2012
---ebpf-pid----448783----pid-1
---ebpf-pid----448783----pid-448783
---ebpf-pid----2012----pid-1
---ebpf-pid----2012----pid-2012
---ebpf-pid----448783----pid-448520
---ebpf-pid----2012----pid-1
---ebpf-pid----448783----pid-1
---ebpf-pid----2012----pid-2012
---ebpf-pid----2012----pid-2012
---ebpf-pid----2012----pid-1
---ebpf-pid----2012----pid-2012
---ebpf-pid----2012----pid-1
---ebpf-pid----2012----pid-2012
---ebpf-pid----2012----pid-1
---ebpf-pid----2012----pid-2012
---ebpf-pid----2012----pid-1
---ebpf-pid----2012----pid-2012
---ebpf-pid----2012----pid-1
---ebpf-pid----2012----pid-2012
---ebpf-pid----2012----pid-1
---ebpf-pid----2012----pid-2012
---ebpf-pid----2012----pid-1
---ebpf-pid----2012----pid-2012
---ebpf-pid----2012----pid-1
---ebpf-pid----2012----pid-2012
---ebpf-pid----2012----pid-1
---ebpf-pid----2012----pid-2012
---ebpf-pid----2012----pid-1
---ebpf-pid----2012----pid-2012
---ebpf-pid----2012----pid-1
---ebpf-pid----2012----pid-2012
---ebpf-pid----2012----pid-1
---ebpf-pid----2012----pid-2012
---ebpf-pid----2012----pid-1
---ebpf-pid----2012----pid-2012
---ebpf-pid----2012----pid-1
---ebpf-pid----2012----pid-2012
---ebpf-pid----2012----pid-1
---ebpf-pid----2012----pid-2012
---ebpf-pid----2012----pid-1
---ebpf-pid----2012----pid-2012
---ebpf-pid----2012----pid-1
---ebpf-pid----2012----pid-2012
---ebpf-pid----2012----pid-1
---ebpf-pid----2012----pid-2012
---ebpf-pid----2012----pid-1
---ebpf-pid----2012----pid-2012
---ebpf-pid----2012----pid-1
---ebpf-pid----2012----pid-2012
---ebpf-pid----2012----pid-1
---ebpf-pid----2012----pid-2012
---ebpf-pid----2012----pid-1
---ebpf-pid----2012----pid-2012
---ebpf-pid----2012----pid-1
---ebpf-pid----2012----pid-2012
---ebpf-pid----2012----pid-1
---ebpf-pid----2012----pid-2012
---ebpf-pid----2012----pid-1
---ebpf-pid----2012----pid-2012
---ebpf-pid----2012----pid-1
---ebpf-pid----2012----pid-2012
---ebpf-pid----2012----pid-1
---ebpf-pid----2012----pid-2012
---ebpf-pid----2012----pid-1
---ebpf-pid----2012----pid-2012
---ebpf-pid----2012----pid-1
---ebpf-pid----2012----pid-2012
---ebpf-pid----2012----pid-1
---ebpf-pid----2012----pid-2012
---ebpf-pid----2012----pid-1
---ebpf-pid----2012----pid-2012
---ebpf-pid----2012----pid-1
---ebpf-pid----2012----pid-2012
---ebpf-pid----2012----pid-1
---ebpf-pid----2012----pid-2012
---ebpf-pid----2012----pid-1
---ebpf-pid----2012----pid-2012
---ebpf-pid----2012----pid-1
---ebpf-pid----2012----pid-2012
---ebpf-pid----2012----pid-1
---ebpf-pid----2012----pid-2012
---ebpf-pid----2012----pid-1
---ebpf-pid----2012----pid-2012
---ebpf-pid----2012----pid-1
---ebpf-pid----2012----pid-2012
---ebpf-pid----2012----pid-1
---ebpf-pid----2012----pid-2012
---ebpf-pid----2012----pid-1
---ebpf-pid----2012----pid-2012
---ebpf-pid----2012----pid-1
---ebpf-pid----2012----pid-2012
---ebpf-pid----2012----pid-1
---ebpf-pid----2012----pid-2012
---ebpf-pid----2012----pid-1
---ebpf-pid----2012----pid-2012
---ebpf-pid----2012----pid-1
---ebpf-pid----2012----pid-2012
---ebpf-pid----2012----pid-1
---ebpf-pid----2012----pid-2012
---ebpf-pid----2012----pid-1
---ebpf-pid----2012----pid-2012
---ebpf-pid----2012----pid-1
---ebpf-pid----2012----pid-2012
---ebpf-pid----2012----pid-1
---ebpf-pid----2012----pid-2012
---ebpf-pid----2012----pid-1
---ebpf-pid----2012----pid-2012
---ebpf-pid----2012----pid-1
---ebpf-pid----2012----pid-2012
---ebpf-pid----2012----pid-1
---ebpf-pid----2012----pid-2012
---ebpf-pid----2012----pid-1
---ebpf-pid----2012----pid-2012
---ebpf-pid----2012----pid-1
---ebpf-pid----2012----pid-2012
---ebpf-pid----2012----pid-1
---ebpf-pid----2012----pid-2012
---ebpf-pid----2012----pid-1
---ebpf-pid----2012----pid-2012
---ebpf-pid----2012----pid-1
---ebpf-pid----2012----pid-2012
---ebpf-pid----2012----pid-1
---ebpf-pid----2012----pid-2012
---ebpf-pid----2012----pid-1
---ebpf-pid----2012----pid-2012
---ebpf-pid----2012----pid-1
---ebpf-pid----2012----pid-2012
---ebpf-pid----2012----pid-1
---ebpf-pid----2012----pid-2012
---ebpf-pid----372881----pid-1
---ebpf-pid----2012----pid-1
---ebpf-pid----372881----pid-372881
---ebpf-pid----2012----pid-2012
---ebpf-pid----2012----pid-1
---ebpf-pid----2012----pid-2012
---ebpf-pid----372881----pid-1
---ebpf-pid----2012----pid-1
---ebpf-pid----372881----pid-372881
---ebpf-pid----2012----pid-2012
---ebpf-pid----2012----pid-1
---ebpf-pid----372881----pid-1
---ebpf-pid----2012----pid-2012
---ebpf-pid----372881----pid-372881
---ebpf-pid----2012----pid-1
---ebpf-pid----372881----pid-1
---ebpf-pid----2012----pid-2012
---ebpf-pid----372881----pid-372881
---ebpf-pid----2012----pid-1
---ebpf-pid----372881----pid-1
---ebpf-pid----372881----pid-372881
---ebpf-pid----2012----pid-2012
---ebpf-pid----372881----pid-1
---ebpf-pid----372881----pid-372881
---ebpf-pid----372881----pid-1
---ebpf-pid----372881----pid-372881
---ebpf-pid----2012----pid-1
---ebpf-pid----2012----pid-2012
---ebpf-pid----2012----pid-1
---ebpf-pid----2012----pid-2012
---ebpf-pid----2012----pid-1
---ebpf-pid----379067----pid-379067
---ebpf-pid----379067----pid-5476
---ebpf-pid----379067----pid-1
---ebpf-pid----379067----pid-379067
---ebpf-pid----379067----pid-5476
---ebpf-pid----379067----pid-1
---ebpf-pid----379067----pid-379067
---ebpf-pid----379067----pid-5476
---ebpf-pid----379067----pid-1
---ebpf-pid----379067----pid-379067
---ebpf-pid----379067----pid-5476
---ebpf-pid----379067----pid-1
---ebpf-pid----379067----pid-379067
---ebpf-pid----379067----pid-5476
---ebpf-pid----379067----pid-1
---ebpf-pid----379067----pid-379067
---ebpf-pid----379067----pid-5476
---ebpf-pid----379067----pid-1
---ebpf-pid----2012----pid-1
---ebpf-pid----379067----pid-379067
---ebpf-pid----2012----pid-2012
---ebpf-pid----379067----pid-5476
---ebpf-pid----2012----pid-1
---ebpf-pid----2012----pid-2012
---ebpf-pid----379067----pid-1
---ebpf-pid----379067----pid-379067
---ebpf-pid----2012----pid-1
---ebpf-pid----2012----pid-2012
---ebpf-pid----379067----pid-5476
---ebpf-pid----379067----pid-1
---ebpf-pid----379067----pid-379067
---ebpf-pid----2012----pid-1
---ebpf-pid----2012----pid-2012
---ebpf-pid----379067----pid-5476
---ebpf-pid----2012----pid-1
---ebpf-pid----2012----pid-2012
---ebpf-pid----379067----pid-1
---ebpf-pid----448783----pid-448783
---ebpf-pid----2012----pid-1
---ebpf-pid----2012----pid-2012
---ebpf-pid----372881----pid-1
---ebpf-pid----372881----pid-372881
---ebpf-pid----448783----pid-448520
---ebpf-pid----372881----pid-1
---ebpf-pid----448783----pid-1
---ebpf-pid----372881----pid-372881
---ebpf-pid----2012----pid-2012
---ebpf-pid----372881----pid-1
---ebpf-pid----2012----pid-1
---ebpf-pid----2012----pid-2012
---ebpf-pid----2012----pid-1
---ebpf-pid----372714----pid-372714
---ebpf-pid----372714----pid-5476
---ebpf-pid----372714----pid-1
---ebpf-pid----2094----pid-2094
---ebpf-pid----2094----pid-1
---ebpf-pid----2094----pid-2094
---ebpf-pid----2094----pid-1
---ebpf-pid----2094----pid-2094
---ebpf-pid----2094----pid-1
---ebpf-pid----2094----pid-2094
---ebpf-pid----2012----pid-1
---ebpf-pid----2094----pid-1
---ebpf-pid----372881----pid-372881
---ebpf-pid----2094----pid-2094
---ebpf-pid----372881----pid-1
---ebpf-pid----2094----pid-1
---ebpf-pid----372881----pid-372881
---ebpf-pid----2094----pid-2094
---ebpf-pid----372881----pid-1
---ebpf-pid----2094----pid-1
---ebpf-pid----372881----pid-372881
---ebpf-pid----448785----pid-448785
---ebpf-pid----372881----pid-1
---ebpf-pid----372881----pid-372881
---ebpf-pid----372881----pid-372881
---ebpf-pid----372881----pid-1
---ebpf-pid----372881----pid-372881
---ebpf-pid----372881----pid-1
---ebpf-pid----372881----pid-1
---ebpf-pid----372881----pid-372881
---ebpf-pid----372881----pid-372881
---ebpf-pid----372881----pid-1
---ebpf-pid----372881----pid-1
---ebpf-pid----372881----pid-372881
---ebpf-pid----372881----pid-372881
---ebpf-pid----372881----pid-1
---ebpf-pid----372881----pid-372881
---ebpf-pid----372881----pid-1
---ebpf-pid----372881----pid-1
---ebpf-pid----372881----pid-372881
---ebpf-pid----372881----pid-372881
---ebpf-pid----372881----pid-1
---ebpf-pid----372881----pid-1
---ebpf-pid----448785----pid-448520
---ebpf-pid----372881----pid-372881
---ebpf-pid----372881----pid-372881
---ebpf-pid----372881----pid-1
---ebpf-pid----372881----pid-1
---ebpf-pid----372881----pid-372881
---ebpf-pid----448785----pid-1
---ebpf-pid----372881----pid-372881
---ebpf-pid----448785----pid-448785
---ebpf-pid----372881----pid-1
---ebpf-pid----372881----pid-1
---ebpf-pid----372881----pid-372881
---ebpf-pid----372881----pid-372881
---ebpf-pid----448785----pid-448520
---ebpf-pid----372881----pid-1
---ebpf-pid----372881----pid-1
---ebpf-pid----372881----pid-372881
---ebpf-pid----372881----pid-372881
---ebpf-pid----448785----pid-1
---ebpf-pid----372881----pid-1
---ebpf-pid----372881----pid-1
---ebpf-pid----372881----pid-372881
---ebpf-pid----372881----pid-372881
---ebpf-pid----372881----pid-1
---ebpf-pid----372881----pid-1
---ebpf-pid----372881----pid-372881
---ebpf-pid----448783----pid-448783
---ebpf-pid----372881----pid-372881
---ebpf-pid----372881----pid-1
---ebpf-pid----372881----pid-1
---ebpf-pid----448783----pid-448520
---ebpf-pid----372881----pid-372881
---ebpf-pid----372881----pid-372881
---ebpf-pid----448783----pid-1
---ebpf-pid----372881----pid-1
---ebpf-pid----372881----pid-1
---ebpf-pid----448783----pid-448783
---ebpf-pid----372881----pid-372881
---ebpf-pid----372881----pid-372881
---ebpf-pid----448783----pid-448520
---ebpf-pid----372881----pid-1
---ebpf-pid----372881----pid-1
---ebpf-pid----372881----pid-372881
---ebpf-pid----372881----pid-372881
---ebpf-pid----448783----pid-1
---ebpf-pid----448783----pid-448783
---ebpf-pid----372881----pid-1
---ebpf-pid----372881----pid-1
---ebpf-pid----372881----pid-372881
---ebpf-pid----372881----pid-372881
---ebpf-pid----448783----pid-448520
---ebpf-pid----372881----pid-1
---ebpf-pid----372881----pid-1
---ebpf-pid----372881----pid-372881
---ebpf-pid----448783----pid-1
---ebpf-pid----372881----pid-372881
---ebpf-pid----372881----pid-372881
---ebpf-pid----372881----pid-1
---ebpf-pid----372881----pid-372881
---ebpf-pid----372881----pid-1
---ebpf-pid----372881----pid-372881
---ebpf-pid----372881----pid-1
---ebpf-pid----372881----pid-372881
---ebpf-pid----372881----pid-1
---ebpf-pid----372881----pid-1
---ebpf-pid----372881----pid-372881
---ebpf-pid----372881----pid-372881
---ebpf-pid----372881----pid-1
---ebpf-pid----372881----pid-1
---ebpf-pid----372881----pid-372881
---ebpf-pid----372881----pid-372881
---ebpf-pid----372881----pid-1
---ebpf-pid----372881----pid-1
---ebpf-pid----372881----pid-372881
---ebpf-pid----2012----pid-2012
---ebpf-pid----2012----pid-1
---ebpf-pid----372881----pid-1
---ebpf-pid----2012----pid-2012
---ebpf-pid----372881----pid-372881
---ebpf-pid----2012----pid-1
---ebpf-pid----2012----pid-2012
---ebpf-pid----372881----pid-1
---ebpf-pid----372881----pid-372881
---ebpf-pid----2012----pid-1
---ebpf-pid----2012----pid-2012
---ebpf-pid----2012----pid-1
---ebpf-pid----372881----pid-1
---ebpf-pid----2012----pid-2012
---ebpf-pid----372881----pid-372881
---ebpf-pid----2012----pid-1
---ebpf-pid----372881----pid-1
---ebpf-pid----2012----pid-2012
---ebpf-pid----372881----pid-372881
---ebpf-pid----2012----pid-1
---ebpf-pid----372881----pid-1
---ebpf-pid----2012----pid-2012
---ebpf-pid----372881----pid-372881
---ebpf-pid----2012----pid-1
---ebpf-pid----372881----pid-1
---ebpf-pid----372881----pid-372881
---ebpf-pid----372881----pid-1
---ebpf-pid----372881----pid-372881
---ebpf-pid----372881----pid-1
---ebpf-pid----372881----pid-372881
---ebpf-pid----372881----pid-1
---ebpf-pid----372881----pid-372881
---ebpf-pid----372881----pid-1
---ebpf-pid----372881----pid-372881
---ebpf-pid----372881----pid-1
---ebpf-pid----372881----pid-372881
---ebpf-pid----372881----pid-1
---ebpf-pid----372881----pid-372881
---ebpf-pid----372881----pid-1
---ebpf-pid----372881----pid-372881
---ebpf-pid----372881----pid-1
---ebpf-pid----372881----pid-372881
---ebpf-pid----372881----pid-1
---ebpf-pid----372881----pid-372881
---ebpf-pid----372881----pid-1
---ebpf-pid----2094----pid-2094
---ebpf-pid----2094----pid-1
---ebpf-pid----2094----pid-2094
---ebpf-pid----2094----pid-1
---ebpf-pid----2094----pid-2094
---ebpf-pid----2094----pid-1
---ebpf-pid----2094----pid-2094
---ebpf-pid----2094----pid-1
---ebpf-pid----2094----pid-2094
---ebpf-pid----2094----pid-1
---ebpf-pid----2094----pid-2094
---ebpf-pid----2012----pid-2012
---ebpf-pid----2094----pid-1
---ebpf-pid----2094----pid-2094
---ebpf-pid----2094----pid-1
---ebpf-pid----2094----pid-2094
---ebpf-pid----372881----pid-1
---ebpf-pid----2094----pid-1
---ebpf-pid----372881----pid-372881
---ebpf-pid----2094----pid-2094
---ebpf-pid----372881----pid-1
---ebpf-pid----2094----pid-1
---ebpf-pid----372881----pid-372881
---ebpf-pid----2089----pid-2089
---ebpf-pid----372881----pid-1
---ebpf-pid----372881----pid-372881
---ebpf-pid----2089----pid-1
---ebpf-pid----372881----pid-372881
---ebpf-pid----372881----pid-1
---ebpf-pid----372881----pid-372881
---ebpf-pid----372881----pid-1
---ebpf-pid----2088----pid-2088
---ebpf-pid----372881----pid-1
---ebpf-pid----372881----pid-372881
---ebpf-pid----2088----pid-1
---ebpf-pid----2012----pid-1
---ebpf-pid----2088----pid-2088
---ebpf-pid----2012----pid-2012
---ebpf-pid----372881----pid-1
---ebpf-pid----372881----pid-372881
---ebpf-pid----2012----pid-1
---ebpf-pid----372881----pid-1
---ebpf-pid----2012----pid-2012
---ebpf-pid----2089----pid-2089
---ebpf-pid----2012----pid-1
---ebpf-pid----2012----pid-2012
---ebpf-pid----2089----pid-1
---ebpf-pid----2012----pid-1
---ebpf-pid----2089----pid-2089
---ebpf-pid----2012----pid-2012
---ebpf-pid----2089----pid-1
---ebpf-pid----2012----pid-1
---ebpf-pid----2089----pid-2089
---ebpf-pid----2012----pid-2012
---ebpf-pid----2089----pid-1
---ebpf-pid----2012----pid-1
---ebpf-pid----2089----pid-2089
---ebpf-pid----2012----pid-2012
---ebpf-pid----2089----pid-1
---ebpf-pid----2012----pid-1
---ebpf-pid----2089----pid-2089
---ebpf-pid----2012----pid-2012
---ebpf-pid----2089----pid-1
---ebpf-pid----2012----pid-1
---ebpf-pid----2089----pid-2089
---ebpf-pid----2012----pid-2012
---ebpf-pid----2089----pid-1
---ebpf-pid----2012----pid-1
---ebpf-pid----2089----pid-2089
---ebpf-pid----2088----pid-1
---ebpf-pid----2012----pid-2012
---ebpf-pid----2088----pid-2088
---ebpf-pid----2089----pid-1
---ebpf-pid----2012----pid-1
---ebpf-pid----2089----pid-2089
---ebpf-pid----2088----pid-1
---ebpf-pid----2012----pid-2012
---ebpf-pid----2088----pid-2088
---ebpf-pid----2089----pid-1
---ebpf-pid----2012----pid-1
---ebpf-pid----2089----pid-2089
---ebpf-pid----2088----pid-1
---ebpf-pid----2012----pid-2012
---ebpf-pid----2088----pid-2088
---ebpf-pid----2089----pid-1
---ebpf-pid----2012----pid-1
---ebpf-pid----2089----pid-2089
---ebpf-pid----2089----pid-2089
---ebpf-pid----2089----pid-1
---ebpf-pid----2089----pid-1
---ebpf-pid----372714----pid-372714
---ebpf-pid----2089----pid-2089
---ebpf-pid----372714----pid-5476
---ebpf-pid----372714----pid-1
---ebpf-pid----372714----pid-372714
---ebpf-pid----372714----pid-5476
---ebpf-pid----2088----pid-1
---ebpf-pid----2088----pid-2088
---ebpf-pid----372714----pid-1
---ebpf-pid----372714----pid-372714
---ebpf-pid----2088----pid-1
---ebpf-pid----372714----pid-5476
---ebpf-pid----2088----pid-2088
---ebpf-pid----372714----pid-1
---ebpf-pid----2088----pid-1
---ebpf-pid----448785----pid-448785
---ebpf-pid----2088----pid-2088
---ebpf-pid----448785----pid-448520
---ebpf-pid----448785----pid-1
---ebpf-pid----448785----pid-448785
---ebpf-pid----448785----pid-448520
---ebpf-pid----2088----pid-1
---ebpf-pid----448785----pid-1
---ebpf-pid----372714----pid-372714
---ebpf-pid----2088----pid-2088
---ebpf-pid----372714----pid-5476
---ebpf-pid----2088----pid-1
---ebpf-pid----2088----pid-2088
---ebpf-pid----372714----pid-1
---ebpf-pid----372714----pid-372714
---ebpf-pid----2088----pid-1
---ebpf-pid----2088----pid-2088
---ebpf-pid----372714----pid-5476
---ebpf-pid----2088----pid-1
---ebpf-pid----2088----pid-2088
---ebpf-pid----372714----pid-1
---ebpf-pid----448783----pid-448783
---ebpf-pid----2088----pid-1
---ebpf-pid----2088----pid-2088
---ebpf-pid----448783----pid-448520
---ebpf-pid----2088----pid-1
---ebpf-pid----2088----pid-2088
---ebpf-pid----448783----pid-1
---ebpf-pid----372714----pid-372714
---ebpf-pid----2088----pid-1
---ebpf-pid----2088----pid-2088
---ebpf-pid----372714----pid-5476
---ebpf-pid----2088----pid-1
---ebpf-pid----372714----pid-1
---ebpf-pid----2088----pid-2088
---ebpf-pid----372714----pid-372714
---ebpf-pid----372714----pid-5476
---ebpf-pid----372714----pid-1
---ebpf-pid----372714----pid-372714
---ebpf-pid----372714----pid-5476
---ebpf-pid----372714----pid-1
---ebpf-pid----372714----pid-372714
---ebpf-pid----372714----pid-5476
---ebpf-pid----372714----pid-1
---ebpf-pid----372714----pid-372714
---ebpf-pid----372714----pid-5476
---ebpf-pid----372714----pid-1
---ebpf-pid----2089----pid-1
---ebpf-pid----372714----pid-372714
---ebpf-pid----2089----pid-2089
---ebpf-pid----372714----pid-5476
---ebpf-pid----2089----pid-1
---ebpf-pid----2089----pid-2089
---ebpf-pid----372714----pid-1
---ebpf-pid----372714----pid-372714
---ebpf-pid----2089----pid-1
---ebpf-pid----2089----pid-2089
---ebpf-pid----372714----pid-5476
---ebpf-pid----2089----pid-1
---ebpf-pid----372714----pid-1
---ebpf-pid----2089----pid-2089
---ebpf-pid----372714----pid-372714
---ebpf-pid----2089----pid-1
---ebpf-pid----372714----pid-5476
---ebpf-pid----2089----pid-2089
---ebpf-pid----372714----pid-1
---ebpf-pid----2089----pid-1
---ebpf-pid----372714----pid-372714
---ebpf-pid----2089----pid-2089
---ebpf-pid----372714----pid-5476
---ebpf-pid----2089----pid-1
---ebpf-pid----2089----pid-2089
---ebpf-pid----372714----pid-1
---ebpf-pid----372714----pid-372714
---ebpf-pid----2089----pid-1
---ebpf-pid----2012----pid-2012
---ebpf-pid----372714----pid-5476
---ebpf-pid----2012----pid-1
---ebpf-pid----372714----pid-1
---ebpf-pid----2012----pid-2012
---ebpf-pid----372714----pid-372714
---ebpf-pid----2012----pid-1
---ebpf-pid----372714----pid-5476
---ebpf-pid----2012----pid-2012
---ebpf-pid----372714----pid-1
---ebpf-pid----2012----pid-1
---ebpf-pid----372714----pid-372714
---ebpf-pid----2012----pid-2012
---ebpf-pid----372714----pid-5476
---ebpf-pid----2012----pid-1
---ebpf-pid----2012----pid-2012
---ebpf-pid----372714----pid-1
---ebpf-pid----379067----pid-379067
---ebpf-pid----2012----pid-1
---ebpf-pid----2012----pid-2012
---ebpf-pid----379067----pid-5476
---ebpf-pid----2012----pid-1
---ebpf-pid----2012----pid-2012
---ebpf-pid----379067----pid-1
---ebpf-pid----2012----pid-1
---ebpf-pid----379067----pid-379067
---ebpf-pid----2012----pid-2012
---ebpf-pid----379067----pid-5476
---ebpf-pid----2012----pid-1
---ebpf-pid----2012----pid-2012
---ebpf-pid----379067----pid-1
---ebpf-pid----379067----pid-379067
---ebpf-pid----2088----pid-1
---ebpf-pid----379067----pid-5476
---ebpf-pid----2088----pid-2088
---ebpf-pid----379067----pid-1
---ebpf-pid----379067----pid-379067
---ebpf-pid----379067----pid-5476
---ebpf-pid----379067----pid-1
---ebpf-pid----379067----pid-379067
---ebpf-pid----2088----pid-1
---ebpf-pid----379067----pid-5476
---ebpf-pid----2088----pid-2088
---ebpf-pid----379067----pid-1
---ebpf-pid----379067----pid-379067
---ebpf-pid----2088----pid-1
---ebpf-pid----2088----pid-2088
---ebpf-pid----379067----pid-5476
---ebpf-pid----379067----pid-1
---ebpf-pid----379067----pid-379067
---ebpf-pid----2088----pid-1
---ebpf-pid----379067----pid-5476
---ebpf-pid----2088----pid-2088
---ebpf-pid----379067----pid-1
---ebpf-pid----2088----pid-1
---ebpf-pid----379067----pid-379067
---ebpf-pid----2088----pid-2088
---ebpf-pid----379067----pid-5476
---ebpf-pid----2088----pid-1
---ebpf-pid----2088----pid-2088
---ebpf-pid----379067----pid-1
---ebpf-pid----5707----pid-5707
---ebpf-pid----5707----pid-5476
---ebpf-pid----5707----pid-1
---ebpf-pid----5707----pid-5707
---ebpf-pid----5707----pid-5476
---ebpf-pid----5707----pid-1
---ebpf-pid----5707----pid-5707
---ebpf-pid----5707----pid-5476
---ebpf-pid----5707----pid-1
---ebpf-pid----5707----pid-5707
---ebpf-pid----5707----pid-5476
---ebpf-pid----5707----pid-1
---ebpf-pid----5707----pid-5707
---ebpf-pid----5707----pid-5476
---ebpf-pid----5707----pid-1
---ebpf-pid----5707----pid-5707
---ebpf-pid----5707----pid-5476
---ebpf-pid----5707----pid-1
---ebpf-pid----5707----pid-5707
---ebpf-pid----5707----pid-5476
---ebpf-pid----5707----pid-1
---ebpf-pid----5707----pid-5707
---ebpf-pid----5707----pid-5476
---ebpf-pid----5707----pid-1
---ebpf-pid----5707----pid-5707
---ebpf-pid----2012----pid-1
---ebpf-pid----2012----pid-2012
---ebpf-pid----5707----pid-5476
---ebpf-pid----2012----pid-1
---ebpf-pid----5707----pid-1
---ebpf-pid----2012----pid-2012
---ebpf-pid----5707----pid-5707
---ebpf-pid----2012----pid-1
---ebpf-pid----5707----pid-5476
---ebpf-pid----2012----pid-2012
---ebpf-pid----5707----pid-1
---ebpf-pid----2012----pid-1
---ebpf-pid----5707----pid-5707
---ebpf-pid----5707----pid-5476
---ebpf-pid----5707----pid-1
---ebpf-pid----2088----pid-1
---ebpf-pid----5707----pid-5707
---ebpf-pid----2088----pid-2088
---ebpf-pid----5707----pid-5476
---ebpf-pid----2088----pid-1
---ebpf-pid----5707----pid-1
---ebpf-pid----2088----pid-2088
---ebpf-pid----5707----pid-5707
---ebpf-pid----2088----pid-1
---ebpf-pid----5707----pid-5476
---ebpf-pid----2088----pid-2088
---ebpf-pid----5707----pid-1
---ebpf-pid----5707----pid-5707
---ebpf-pid----2088----pid-1
---ebpf-pid----2088----pid-2088
---ebpf-pid----5707----pid-5476
---ebpf-pid----2088----pid-1
---ebpf-pid----5707----pid-1
---ebpf-pid----2088----pid-2088
---ebpf-pid----5707----pid-5707
---ebpf-pid----2088----pid-1
---ebpf-pid----5707----pid-5476
---ebpf-pid----2088----pid-2088
---ebpf-pid----5707----pid-1
---ebpf-pid----2088----pid-1
---ebpf-pid----2088----pid-2088
---ebpf-pid----5707----pid-5707
---ebpf-pid----2088----pid-1
---ebpf-pid----5707----pid-5476
---ebpf-pid----2088----pid-2088
---ebpf-pid----5707----pid-1
---ebpf-pid----2088----pid-1
---ebpf-pid----5707----pid-5707
---ebpf-pid----2088----pid-2088
---ebpf-pid----5707----pid-5476
---ebpf-pid----2088----pid-1
---ebpf-pid----5707----pid-1
---ebpf-pid----2088----pid-2088
---ebpf-pid----5707----pid-5707
---ebpf-pid----2088----pid-1
---ebpf-pid----5707----pid-5476
---ebpf-pid----2088----pid-2088
---ebpf-pid----2012----pid-2012
---ebpf-pid----5707----pid-1
---ebpf-pid----2088----pid-1
---ebpf-pid----5707----pid-5707
---ebpf-pid----2088----pid-2088
---ebpf-pid----2012----pid-1
---ebpf-pid----5707----pid-5476
---ebpf-pid----2012----pid-2012
---ebpf-pid----2088----pid-1
---ebpf-pid----2088----pid-2088
---ebpf-pid----5707----pid-1
---ebpf-pid----2012----pid-1
---ebpf-pid----2012----pid-2012
---ebpf-pid----5707----pid-5707
---ebpf-pid----2088----pid-1
---ebpf-pid----2088----pid-2088
---ebpf-pid----5707----pid-5476
---ebpf-pid----2012----pid-1
---ebpf-pid----2088----pid-1
---ebpf-pid----2012----pid-2012
---ebpf-pid----5707----pid-1
---ebpf-pid----2088----pid-2088
---ebpf-pid----5707----pid-5707
---ebpf-pid----2012----pid-1
---ebpf-pid----2088----pid-1
---ebpf-pid----2012----pid-2012
---ebpf-pid----5707----pid-5476
---ebpf-pid----2088----pid-2088
---ebpf-pid----2012----pid-1
---ebpf-pid----2088----pid-1
---ebpf-pid----5707----pid-1
---ebpf-pid----2012----pid-2012
---ebpf-pid----2088----pid-2088
---ebpf-pid----5707----pid-5707
---ebpf-pid----2012----pid-1
---ebpf-pid----2088----pid-1
---ebpf-pid----5707----pid-5476
---ebpf-pid----2012----pid-2012
---ebpf-pid----2088----pid-2088
---ebpf-pid----5707----pid-1
---ebpf-pid----2012----pid-1
---ebpf-pid----2088----pid-1
---ebpf-pid----5707----pid-5707
---ebpf-pid----2089----pid-2089
---ebpf-pid----2088----pid-2088
---ebpf-pid----5707----pid-5476
---ebpf-pid----2088----pid-1
---ebpf-pid----2089----pid-1
---ebpf-pid----2088----pid-2088
---ebpf-pid----2089----pid-2089
---ebpf-pid----5707----pid-1
---ebpf-pid----5707----pid-5707
---ebpf-pid----2088----pid-1
---ebpf-pid----2089----pid-1
---ebpf-pid----2088----pid-2088
---ebpf-pid----2088----pid-1
---ebpf-pid----2088----pid-2088
---ebpf-pid----2088----pid-1
---ebpf-pid----2088----pid-2088
---ebpf-pid----2088----pid-1
---ebpf-pid----2088----pid-2088
---ebpf-pid----2088----pid-1
---ebpf-pid----2088----pid-2088
---ebpf-pid----2088----pid-1
---ebpf-pid----2088----pid-2088
---ebpf-pid----2088----pid-1
---ebpf-pid----2088----pid-2088
---ebpf-pid----2088----pid-1
---ebpf-pid----2088----pid-2088
---ebpf-pid----2088----pid-1
---ebpf-pid----2089----pid-2089
---ebpf-pid----5707----pid-5476
---ebpf-pid----5707----pid-1
---ebpf-pid----5707----pid-5707
---ebpf-pid----5707----pid-5476
---ebpf-pid----5707----pid-1
---ebpf-pid----5707----pid-5707
---ebpf-pid----5707----pid-5476
---ebpf-pid----5707----pid-1
---ebpf-pid----5707----pid-5707
---ebpf-pid----5707----pid-5476
---ebpf-pid----5707----pid-1
---ebpf-pid----5707----pid-5707
---ebpf-pid----2089----pid-1
---ebpf-pid----5707----pid-5476
---ebpf-pid----2089----pid-2089
---ebpf-pid----2088----pid-2088
---ebpf-pid----2088----pid-1
---ebpf-pid----2088----pid-2088
---ebpf-pid----2088----pid-1
---ebpf-pid----2088----pid-2088
---ebpf-pid----2088----pid-1
---ebpf-pid----2088----pid-2088
---ebpf-pid----2088----pid-1
---ebpf-pid----2088----pid-2088
---ebpf-pid----2088----pid-1
---ebpf-pid----2088----pid-2088
---ebpf-pid----2088----pid-1
---ebpf-pid----5707----pid-1
---ebpf-pid----2088----pid-2088
---ebpf-pid----5707----pid-5707
---ebpf-pid----2088----pid-1
---ebpf-pid----2088----pid-2088
---ebpf-pid----5707----pid-5476
---ebpf-pid----2088----pid-1
---ebpf-pid----2088----pid-2088
---ebpf-pid----5707----pid-1
---ebpf-pid----5707----pid-5707
---ebpf-pid----2088----pid-1
---ebpf-pid----2088----pid-2088
---ebpf-pid----2088----pid-1
---ebpf-pid----5707----pid-5476
---ebpf-pid----2088----pid-2088
---ebpf-pid----5707----pid-1
---ebpf-pid----2088----pid-1
---ebpf-pid----2088----pid-2088
---ebpf-pid----5707----pid-5707
---ebpf-pid----2088----pid-1
---ebpf-pid----2088----pid-2088
---ebpf-pid----2088----pid-1
---ebpf-pid----2088----pid-2088
---ebpf-pid----2088----pid-1
---ebpf-pid----2088----pid-2088
---ebpf-pid----2088----pid-1
---ebpf-pid----2088----pid-2088
---ebpf-pid----5707----pid-5476
---ebpf-pid----2089----pid-1
---ebpf-pid----2089----pid-2089
---ebpf-pid----2089----pid-1
---ebpf-pid----2089----pid-2089
---ebpf-pid----2089----pid-1
---ebpf-pid----2089----pid-2089
---ebpf-pid----2089----pid-1
---ebpf-pid----2089----pid-2089
---ebpf-pid----5707----pid-1
---ebpf-pid----2089----pid-1
---ebpf-pid----2089----pid-2089
---ebpf-pid----5707----pid-5707
---ebpf-pid----2089----pid-1
---ebpf-pid----2089----pid-2089
---ebpf-pid----5707----pid-5476
---ebpf-pid----2089----pid-1
---ebpf-pid----5707----pid-1
---ebpf-pid----2094----pid-2094
---ebpf-pid----448785----pid-448785
---ebpf-pid----2094----pid-1
---ebpf-pid----448785----pid-448520
---ebpf-pid----2094----pid-2094
---ebpf-pid----2094----pid-1
---ebpf-pid----448785----pid-1
---ebpf-pid----2094----pid-2094
---ebpf-pid----379067----pid-379067
---ebpf-pid----2094----pid-1
---ebpf-pid----379067----pid-5476
---ebpf-pid----2094----pid-2094
---ebpf-pid----379067----pid-1
---ebpf-pid----2094----pid-1
---ebpf-pid----379067----pid-379067
---ebpf-pid----2094----pid-2094
---ebpf-pid----2088----pid-1
---ebpf-pid----2088----pid-2088
---ebpf-pid----2094----pid-1
---ebpf-pid----2094----pid-2094
---ebpf-pid----2094----pid-1
---ebpf-pid----2094----pid-2094
---ebpf-pid----2094----pid-1
---ebpf-pid----2094----pid-2094
---ebpf-pid----2094----pid-1
---ebpf-pid----2094----pid-2094
---ebpf-pid----2094----pid-1
---ebpf-pid----379067----pid-379067
---ebpf-pid----379067----pid-5476
---ebpf-pid----379067----pid-1
---ebpf-pid----379067----pid-379067
---ebpf-pid----379067----pid-5476
---ebpf-pid----379067----pid-1
---ebpf-pid----379067----pid-379067
---ebpf-pid----379067----pid-5476
---ebpf-pid----379067----pid-1
---ebpf-pid----379067----pid-379067
---ebpf-pid----379067----pid-5476
---ebpf-pid----379067----pid-1
---ebpf-pid----379067----pid-379067
---ebpf-pid----379067----pid-5476
---ebpf-pid----2088----pid-1
---ebpf-pid----2088----pid-2088
---ebpf-pid----2088----pid-1
---ebpf-pid----2088----pid-2088
---ebpf-pid----2088----pid-1
---ebpf-pid----2088----pid-2088
---ebpf-pid----2088----pid-1
---ebpf-pid----2088----pid-2088
---ebpf-pid----2088----pid-1
---ebpf-pid----2088----pid-2088
---ebpf-pid----2088----pid-1
---ebpf-pid----2088----pid-2088
---ebpf-pid----379067----pid-5476
---ebpf-pid----2088----pid-1
---ebpf-pid----2088----pid-2088
---ebpf-pid----379067----pid-1
---ebpf-pid----379067----pid-379067
---ebpf-pid----2088----pid-1
---ebpf-pid----2088----pid-2088
---ebpf-pid----379067----pid-5476
---ebpf-pid----2088----pid-1
---ebpf-pid----379067----pid-1
---ebpf-pid----379067----pid-379067
---ebpf-pid----2088----pid-2088
---ebpf-pid----2088----pid-1
---ebpf-pid----379067----pid-5476
---ebpf-pid----2088----pid-2088
---ebpf-pid----379067----pid-1
---ebpf-pid----2088----pid-1
---ebpf-pid----379067----pid-379067
---ebpf-pid----2088----pid-2088
---ebpf-pid----379067----pid-5476
---ebpf-pid----2088----pid-1
---ebpf-pid----2088----pid-2088
---ebpf-pid----379067----pid-1
---ebpf-pid----448785----pid-448785
---ebpf-pid----2088----pid-1
---ebpf-pid----2088----pid-2088
---ebpf-pid----448785----pid-448520
---ebpf-pid----2088----pid-1
---ebpf-pid----2088----pid-2088
---ebpf-pid----448785----pid-1
---ebpf-pid----448785----pid-448785
---ebpf-pid----448785----pid-448520
---ebpf-pid----448785----pid-1
---ebpf-pid----379067----pid-379067
---ebpf-pid----379067----pid-5476
---ebpf-pid----379067----pid-1
---ebpf-pid----379067----pid-379067
---ebpf-pid----379067----pid-5476
---ebpf-pid----379067----pid-1
---ebpf-pid----379067----pid-379067
---ebpf-pid----2088----pid-1
---ebpf-pid----379067----pid-5476
---ebpf-pid----2088----pid-2088
---ebpf-pid----379067----pid-1
---ebpf-pid----2088----pid-1
---ebpf-pid----379067----pid-379067
---ebpf-pid----2088----pid-2088
---ebpf-pid----379067----pid-5476
---ebpf-pid----2088----pid-1
---ebpf-pid----2088----pid-2088
---ebpf-pid----2088----pid-1
---ebpf-pid----2088----pid-2088
---ebpf-pid----2088----pid-1
---ebpf-pid----2088----pid-2088
---ebpf-pid----2088----pid-1
---ebpf-pid----2012----pid-2012
---ebpf-pid----379067----pid-1
---ebpf-pid----379067----pid-379067
---ebpf-pid----2012----pid-1
---ebpf-pid----2012----pid-2012
---ebpf-pid----379067----pid-5476
---ebpf-pid----2012----pid-1
---ebpf-pid----2012----pid-2012
---ebpf-pid----379067----pid-1
---ebpf-pid----379067----pid-379067
---ebpf-pid----2012----pid-1
---ebpf-pid----2012----pid-2012
---ebpf-pid----379067----pid-5476
---ebpf-pid----2012----pid-1
---ebpf-pid----2012----pid-2012
---ebpf-pid----379067----pid-1
---ebpf-pid----2012----pid-1
---ebpf-pid----379067----pid-379067
---ebpf-pid----2012----pid-2012
---ebpf-pid----2012----pid-1
---ebpf-pid----2088----pid-2088
---ebpf-pid----379067----pid-5476
---ebpf-pid----2088----pid-1
---ebpf-pid----2088----pid-2088
---ebpf-pid----379067----pid-1
---ebpf-pid----379067----pid-379067
---ebpf-pid----379067----pid-5476
---ebpf-pid----2088----pid-1
---ebpf-pid----379067----pid-1
---ebpf-pid----2088----pid-2088
---ebpf-pid----379067----pid-379067
---ebpf-pid----2088----pid-1
---ebpf-pid----379067----pid-5476
---ebpf-pid----2088----pid-2088
---ebpf-pid----379067----pid-1
---ebpf-pid----2088----pid-1
---ebpf-pid----2088----pid-2088
---ebpf-pid----379067----pid-379067
---ebpf-pid----379067----pid-5476
---ebpf-pid----2088----pid-1
---ebpf-pid----2088----pid-2088
---ebpf-pid----379067----pid-1
---ebpf-pid----379067----pid-1
---ebpf-pid----2088----pid-1
---ebpf-pid----379067----pid-379067
---ebpf-pid----379067----pid-5476
---ebpf-pid----379067----pid-1
---ebpf-pid----379067----pid-379067
---ebpf-pid----379067----pid-5476
---ebpf-pid----379067----pid-1
---ebpf-pid----379067----pid-379067
---ebpf-pid----379067----pid-5476
---ebpf-pid----379067----pid-1
---ebpf-pid----2088----pid-2088
---ebpf-pid----379067----pid-379067
---ebpf-pid----2088----pid-1
---ebpf-pid----379067----pid-5476
---ebpf-pid----2088----pid-2088
---ebpf-pid----379067----pid-1
---ebpf-pid----2088----pid-1
---ebpf-pid----379067----pid-379067
---ebpf-pid----2088----pid-2088
---ebpf-pid----379067----pid-5476
---ebpf-pid----2088----pid-1
---ebpf-pid----2088----pid-2088
---ebpf-pid----379067----pid-1
---ebpf-pid----379067----pid-379067
---ebpf-pid----2088----pid-1
---ebpf-pid----2088----pid-2088
---ebpf-pid----379067----pid-379067
---ebpf-pid----379067----pid-5476
---ebpf-pid----379067----pid-1
---ebpf-pid----379067----pid-379067
---ebpf-pid----379067----pid-5476
---ebpf-pid----379067----pid-1
---ebpf-pid----379067----pid-379067
---ebpf-pid----379067----pid-5476
---ebpf-pid----379067----pid-1
---ebpf-pid----379067----pid-379067
---ebpf-pid----2088----pid-1
---ebpf-pid----379067----pid-5476
---ebpf-pid----379067----pid-1
---ebpf-pid----379067----pid-379067
---ebpf-pid----379067----pid-5476
---ebpf-pid----2088----pid-2088
---ebpf-pid----379067----pid-1
---ebpf-pid----379067----pid-379067
---ebpf-pid----2088----pid-1
---ebpf-pid----2088----pid-2088
---ebpf-pid----379067----pid-5476
---ebpf-pid----379067----pid-5476
---ebpf-pid----379067----pid-1
---ebpf-pid----2088----pid-1
---ebpf-pid----379067----pid-379067
---ebpf-pid----2088----pid-2088
---ebpf-pid----379067----pid-1
---ebpf-pid----379067----pid-379067
---ebpf-pid----379067----pid-5476
---ebpf-pid----2088----pid-1
---ebpf-pid----2088----pid-2088
---ebpf-pid----379067----pid-5476
---ebpf-pid----379067----pid-1
---ebpf-pid----379067----pid-379067
---ebpf-pid----2088----pid-1
---ebpf-pid----379067----pid-1
---ebpf-pid----2088----pid-2088
---ebpf-pid----379067----pid-379067
---ebpf-pid----379067----pid-5476
---ebpf-pid----379067----pid-5476
---ebpf-pid----2088----pid-1
---ebpf-pid----379067----pid-1
---ebpf-pid----2088----pid-2088
---ebpf-pid----379067----pid-1
---ebpf-pid----379067----pid-379067
---ebpf-pid----379067----pid-379067
---ebpf-pid----2088----pid-1
---ebpf-pid----379067----pid-5476
---ebpf-pid----2088----pid-2088
---ebpf-pid----379067----pid-5476
---ebpf-pid----379067----pid-1
---ebpf-pid----2088----pid-1
---ebpf-pid----379067----pid-1
---ebpf-pid----379067----pid-379067
---ebpf-pid----2088----pid-2088
---ebpf-pid----379067----pid-379067
---ebpf-pid----2088----pid-1
---ebpf-pid----379067----pid-5476
---ebpf-pid----379067----pid-5476
---ebpf-pid----2088----pid-2088
---ebpf-pid----379067----pid-1
---ebpf-pid----2088----pid-1
---ebpf-pid----379067----pid-1
---ebpf-pid----379067----pid-379067
---ebpf-pid----2088----pid-2088
---ebpf-pid----379067----pid-379067
---ebpf-pid----379067----pid-5476
---ebpf-pid----2088----pid-1
---ebpf-pid----379067----pid-5476
---ebpf-pid----2088----pid-2088
---ebpf-pid----379067----pid-1
---ebpf-pid----379067----pid-1
---ebpf-pid----379067----pid-379067
---ebpf-pid----379067----pid-379067
---ebpf-pid----2088----pid-1
---ebpf-pid----379067----pid-5476
---ebpf-pid----2088----pid-2088
---ebpf-pid----379067----pid-1
---ebpf-pid----379067----pid-379067
---ebpf-pid----379067----pid-5476
---ebpf-pid----2088----pid-1
---ebpf-pid----2088----pid-2088
---ebpf-pid----379067----pid-1
---ebpf-pid----379067----pid-379067
---ebpf-pid----2088----pid-1
---ebpf-pid----2088----pid-2088
---ebpf-pid----379067----pid-5476
---ebpf-pid----2088----pid-1
---ebpf-pid----379067----pid-1
---ebpf-pid----2088----pid-2088
---ebpf-pid----379067----pid-379067
---ebpf-pid----2088----pid-1
---ebpf-pid----379067----pid-5476
---ebpf-pid----2088----pid-2088
---ebpf-pid----379067----pid-1
---ebpf-pid----379067----pid-379067
---ebpf-pid----2088----pid-1
---ebpf-pid----2088----pid-2088
---ebpf-pid----2088----pid-1
---ebpf-pid----2088----pid-2088
---ebpf-pid----2088----pid-1
---ebpf-pid----2088----pid-2088
---ebpf-pid----2088----pid-1
---ebpf-pid----2088----pid-2088
---ebpf-pid----2088----pid-1
---ebpf-pid----2088----pid-2088
---ebpf-pid----2088----pid-1
---ebpf-pid----2088----pid-2088
---ebpf-pid----2088----pid-1
---ebpf-pid----2088----pid-2088
---ebpf-pid----2088----pid-1
---ebpf-pid----2088----pid-2088
---ebpf-pid----2088----pid-1
---ebpf-pid----2088----pid-2088
---ebpf-pid----2088----pid-1
---ebpf-pid----2088----pid-2088
---ebpf-pid----2088----pid-1
---ebpf-pid----2088----pid-2088
---ebpf-pid----2088----pid-1
---ebpf-pid----2088----pid-2088
---ebpf-pid----2088----pid-1
---ebpf-pid----2088----pid-2088
---ebpf-pid----2088----pid-1
---ebpf-pid----2088----pid-2088
---ebpf-pid----379067----pid-5476
---ebpf-pid----2088----pid-1
---ebpf-pid----379067----pid-1
---ebpf-pid----2088----pid-2088
---ebpf-pid----379067----pid-379067
---ebpf-pid----2088----pid-1
---ebpf-pid----379067----pid-5476
---ebpf-pid----2088----pid-2088
---ebpf-pid----379067----pid-1
---ebpf-pid----2088----pid-1
---ebpf-pid----379067----pid-379067
---ebpf-pid----2088----pid-2088
---ebpf-pid----379067----pid-5476
---ebpf-pid----379067----pid-5476
---ebpf-pid----2088----pid-1
---ebpf-pid----2088----pid-2088
---ebpf-pid----379067----pid-1
---ebpf-pid----379067----pid-1
---ebpf-pid----379067----pid-379067
---ebpf-pid----379067----pid-379067
---ebpf-pid----2088----pid-1
---ebpf-pid----2088----pid-2088
---ebpf-pid----379067----pid-5476
---ebpf-pid----379067----pid-5476
---ebpf-pid----2088----pid-1
---ebpf-pid----379067----pid-1
---ebpf-pid----2088----pid-2088
---ebpf-pid----379067----pid-1
---ebpf-pid----379067----pid-379067
---ebpf-pid----379067----pid-379067
---ebpf-pid----2088----pid-1
---ebpf-pid----2088----pid-2088
---ebpf-pid----379067----pid-5476
---ebpf-pid----379067----pid-5476
---ebpf-pid----379067----pid-1
---ebpf-pid----379067----pid-379067
---ebpf-pid----379067----pid-5476
---ebpf-pid----379067----pid-1
---ebpf-pid----379067----pid-379067
---ebpf-pid----379067----pid-5476
---ebpf-pid----379067----pid-1
---ebpf-pid----379067----pid-379067
---ebpf-pid----379067----pid-5476
---ebpf-pid----379067----pid-1
---ebpf-pid----2088----pid-1
---ebpf-pid----379067----pid-379067
---ebpf-pid----2088----pid-2088
---ebpf-pid----379067----pid-5476
---ebpf-pid----379067----pid-1
---ebpf-pid----379067----pid-379067
---ebpf-pid----2088----pid-1
---ebpf-pid----2088----pid-2088
---ebpf-pid----2088----pid-1
---ebpf-pid----2088----pid-2088
---ebpf-pid----2088----pid-1
---ebpf-pid----2088----pid-2088
---ebpf-pid----2088----pid-1
---ebpf-pid----2088----pid-2088
---ebpf-pid----2088----pid-1
---ebpf-pid----2088----pid-2088
---ebpf-pid----2088----pid-1
---ebpf-pid----2088----pid-2088
---ebpf-pid----2088----pid-1
---ebpf-pid----2088----pid-2088
---ebpf-pid----379067----pid-5476
---ebpf-pid----2088----pid-1
---ebpf-pid----2088----pid-2088
---ebpf-pid----379067----pid-1
---ebpf-pid----379067----pid-379067
---ebpf-pid----2088----pid-1
---ebpf-pid----2088----pid-2088
---ebpf-pid----379067----pid-5476
---ebpf-pid----379067----pid-1
---ebpf-pid----2094----pid-2094
---ebpf-pid----2088----pid-1
---ebpf-pid----2094----pid-1
---ebpf-pid----2088----pid-2088
---ebpf-pid----2094----pid-2094
---ebpf-pid----2088----pid-1
---ebpf-pid----2094----pid-1
---ebpf-pid----2088----pid-2088
---ebpf-pid----2094----pid-2094
---ebpf-pid----2088----pid-1
---ebpf-pid----2094----pid-1
---ebpf-pid----2088----pid-2088
---ebpf-pid----2094----pid-2094
---ebpf-pid----2088----pid-1
---ebpf-pid----2094----pid-1
---ebpf-pid----2088----pid-2088
---ebpf-pid----2094----pid-2094
---ebpf-pid----2088----pid-1
---ebpf-pid----2094----pid-1
---ebpf-pid----2088----pid-2088
---ebpf-pid----5707----pid-5707
---ebpf-pid----2088----pid-1
---ebpf-pid----5707----pid-5476
---ebpf-pid----2088----pid-2088
---ebpf-pid----5707----pid-1
---ebpf-pid----2088----pid-1
---ebpf-pid----5707----pid-5707
---ebpf-pid----2088----pid-2088
---ebpf-pid----5707----pid-5476
---ebpf-pid----5707----pid-1
---ebpf-pid----379067----pid-1
---ebpf-pid----2088----pid-1
---ebpf-pid----5707----pid-5707
---ebpf-pid----379067----pid-379067
---ebpf-pid----372881----pid-372881
---ebpf-pid----5707----pid-5476
---ebpf-pid----379067----pid-5476
---ebpf-pid----372881----pid-1
---ebpf-pid----372881----pid-372881
---ebpf-pid----5707----pid-1
---ebpf-pid----379067----pid-1
---ebpf-pid----379067----pid-379067
---ebpf-pid----448783----pid-448783
---ebpf-pid----379067----pid-5476
---ebpf-pid----448783----pid-448520
---ebpf-pid----372881----pid-1
---ebpf-pid----372881----pid-372881
---ebpf-pid----448783----pid-1
---ebpf-pid----379067----pid-1
---ebpf-pid----379067----pid-379067
---ebpf-pid----379067----pid-379067
---ebpf-pid----372881----pid-1
---ebpf-pid----379067----pid-5476
---ebpf-pid----372881----pid-372881
---ebpf-pid----379067----pid-1
---ebpf-pid----372881----pid-1
---ebpf-pid----379067----pid-379067
---ebpf-pid----372881----pid-372881
---ebpf-pid----379067----pid-5476
---ebpf-pid----372881----pid-1
---ebpf-pid----372881----pid-372881
---ebpf-pid----379067----pid-1
---ebpf-pid----379067----pid-379067
---ebpf-pid----372881----pid-1
---ebpf-pid----379067----pid-5476
---ebpf-pid----372881----pid-372881
---ebpf-pid----379067----pid-5476
---ebpf-pid----372881----pid-1
---ebpf-pid----379067----pid-1
---ebpf-pid----379067----pid-1
---ebpf-pid----372881----pid-372881
---ebpf-pid----379067----pid-379067
---ebpf-pid----379067----pid-379067
---ebpf-pid----372881----pid-1
---ebpf-pid----379067----pid-5476
---ebpf-pid----372881----pid-372881
---ebpf-pid----379067----pid-5476
---ebpf-pid----379067----pid-1
---ebpf-pid----372881----pid-1
---ebpf-pid----379067----pid-1
---ebpf-pid----379067----pid-379067
---ebpf-pid----372881----pid-372881
---ebpf-pid----379067----pid-379067
---ebpf-pid----372881----pid-1
---ebpf-pid----379067----pid-5476
---ebpf-pid----372881----pid-372881
---ebpf-pid----379067----pid-1
---ebpf-pid----372881----pid-1
---ebpf-pid----379067----pid-379067
---ebpf-pid----372881----pid-372881
---ebpf-pid----372881----pid-1
---ebpf-pid----379067----pid-5476
---ebpf-pid----372881----pid-372881
---ebpf-pid----379067----pid-1
---ebpf-pid----372881----pid-1
---ebpf-pid----379067----pid-379067
---ebpf-pid----372881----pid-372881
---ebpf-pid----372881----pid-1
---ebpf-pid----379067----pid-5476
---ebpf-pid----372881----pid-372881
---ebpf-pid----372881----pid-1
---ebpf-pid----379067----pid-1
---ebpf-pid----372881----pid-372881
---ebpf-pid----379067----pid-379067
---ebpf-pid----372881----pid-1
---ebpf-pid----379067----pid-5476
---ebpf-pid----372881----pid-372881
---ebpf-pid----379067----pid-1
---ebpf-pid----372881----pid-1
---ebpf-pid----379067----pid-379067
---ebpf-pid----379067----pid-5476
---ebpf-pid----379067----pid-1
---ebpf-pid----379067----pid-379067
---ebpf-pid----379067----pid-5476
---ebpf-pid----379067----pid-1
---ebpf-pid----379067----pid-379067
---ebpf-pid----379067----pid-5476
---ebpf-pid----372881----pid-372881
---ebpf-pid----379067----pid-1
---ebpf-pid----379067----pid-379067
---ebpf-pid----372881----pid-1
---ebpf-pid----372881----pid-372881
---ebpf-pid----379067----pid-5476
---ebpf-pid----372881----pid-1
---ebpf-pid----372881----pid-372881
---ebpf-pid----379067----pid-1
---ebpf-pid----379067----pid-379067
---ebpf-pid----372881----pid-1
---ebpf-pid----372881----pid-372881
---ebpf-pid----379067----pid-5476
---ebpf-pid----372881----pid-1
---ebpf-pid----379067----pid-5476
---ebpf-pid----372881----pid-372881
---ebpf-pid----379067----pid-1
---ebpf-pid----2012----pid-2012
---ebpf-pid----2012----pid-1
---ebpf-pid----372881----pid-1
---ebpf-pid----372881----pid-372881
---ebpf-pid----379067----pid-1
---ebpf-pid----379067----pid-379067
---ebpf-pid----379067----pid-5476
---ebpf-pid----372881----pid-1
---ebpf-pid----372881----pid-372881
---ebpf-pid----379067----pid-1
---ebpf-pid----379067----pid-379067
---ebpf-pid----372881----pid-1
---ebpf-pid----372881----pid-372881
---ebpf-pid----379067----pid-5476
---ebpf-pid----372881----pid-1
---ebpf-pid----372881----pid-372881
---ebpf-pid----379067----pid-1
---ebpf-pid----379067----pid-379067
---ebpf-pid----372881----pid-1
---ebpf-pid----372881----pid-372881
---ebpf-pid----379067----pid-5476
---ebpf-pid----372881----pid-1
---ebpf-pid----379067----pid-1
---ebpf-pid----372881----pid-372881
---ebpf-pid----379067----pid-379067
---ebpf-pid----372881----pid-1
---ebpf-pid----379067----pid-5476
---ebpf-pid----372881----pid-372881
---ebpf-pid----372881----pid-1
---ebpf-pid----379067----pid-1
---ebpf-pid----372881----pid-372881
---ebpf-pid----14----pid-14
---ebpf-pid----372881----pid-1
---ebpf-pid----14----pid-2
---ebpf-pid----372881----pid-372881
---ebpf-pid----379067----pid-379067
---ebpf-pid----372881----pid-1
---ebpf-pid----372881----pid-372881
---ebpf-pid----379067----pid-5476
---ebpf-pid----372881----pid-1
---ebpf-pid----379067----pid-1
---ebpf-pid----372881----pid-372881
---ebpf-pid----372714----pid-372714
---ebpf-pid----372881----pid-1
---ebpf-pid----372881----pid-372881
---ebpf-pid----372714----pid-5476
---ebpf-pid----372881----pid-1
---ebpf-pid----372714----pid-1
---ebpf-pid----372881----pid-372881
---ebpf-pid----372714----pid-372714
---ebpf-pid----372881----pid-1
---ebpf-pid----372881----pid-372881
---ebpf-pid----372714----pid-5476
---ebpf-pid----372881----pid-1
---ebpf-pid----372714----pid-1
---ebpf-pid----372881----pid-372881
---ebpf-pid----372714----pid-372714
---ebpf-pid----372881----pid-1
---ebpf-pid----372881----pid-372881
---ebpf-pid----372714----pid-5476
---ebpf-pid----372881----pid-1
---ebpf-pid----372714----pid-1
---ebpf-pid----372881----pid-372881
---ebpf-pid----372714----pid-372714
---ebpf-pid----372881----pid-1
---ebpf-pid----372714----pid-5476
---ebpf-pid----372881----pid-372881
---ebpf-pid----372881----pid-1
---ebpf-pid----372714----pid-1
---ebpf-pid----372881----pid-372881
---ebpf-pid----372714----pid-372714
---ebpf-pid----372881----pid-1
---ebpf-pid----372714----pid-5476
---ebpf-pid----372881----pid-372881
---ebpf-pid----372714----pid-1
---ebpf-pid----372714----pid-372714
---ebpf-pid----372881----pid-1
---ebpf-pid----372881----pid-372881
---ebpf-pid----372881----pid-1
---ebpf-pid----372881----pid-372881
---ebpf-pid----372881----pid-1
---ebpf-pid----372881----pid-372881
---ebpf-pid----372881----pid-1
---ebpf-pid----372714----pid-5476
---ebpf-pid----372881----pid-372881
---ebpf-pid----372881----pid-1
---ebpf-pid----372714----pid-1
---ebpf-pid----372714----pid-372714
---ebpf-pid----372881----pid-372881
---ebpf-pid----372881----pid-1
---ebpf-pid----372714----pid-5476
---ebpf-pid----372881----pid-372881
---ebpf-pid----372714----pid-1
---ebpf-pid----372881----pid-1
---ebpf-pid----372881----pid-372881
---ebpf-pid----448783----pid-448783
---ebpf-pid----372881----pid-1
---ebpf-pid----372881----pid-372881
---ebpf-pid----372881----pid-1
---ebpf-pid----372881----pid-372881
---ebpf-pid----448783----pid-448520
---ebpf-pid----372881----pid-1
---ebpf-pid----372881----pid-372881
---ebpf-pid----448783----pid-1
---ebpf-pid----448783----pid-448783
---ebpf-pid----372881----pid-1
---ebpf-pid----372881----pid-372881
---ebpf-pid----448783----pid-448520
---ebpf-pid----372881----pid-1
---ebpf-pid----372881----pid-372881
---ebpf-pid----2012----pid-2012
---ebpf-pid----372881----pid-1
---ebpf-pid----372881----pid-372881
---ebpf-pid----2012----pid-1
---ebpf-pid----372881----pid-1
---ebpf-pid----2012----pid-2012
---ebpf-pid----372881----pid-372881
---ebpf-pid----2012----pid-1
---ebpf-pid----372881----pid-1
---ebpf-pid----372881----pid-372881
---ebpf-pid----2012----pid-2012
---ebpf-pid----372881----pid-1
---ebpf-pid----372881----pid-372881
---ebpf-pid----2012----pid-1
---ebpf-pid----2012----pid-2012
---ebpf-pid----2012----pid-1
---ebpf-pid----372881----pid-1
---ebpf-pid----2012----pid-2012
---ebpf-pid----372881----pid-372881
---ebpf-pid----2012----pid-1
---ebpf-pid----2012----pid-2012
---ebpf-pid----372881----pid-1
---ebpf-pid----372881----pid-372881
---ebpf-pid----2012----pid-1
---ebpf-pid----372881----pid-1
---ebpf-pid----2012----pid-2012
---ebpf-pid----372881----pid-372881
---ebpf-pid----2012----pid-1
---ebpf-pid----372881----pid-1
---ebpf-pid----2012----pid-2012
---ebpf-pid----372881----pid-372881
---ebpf-pid----2012----pid-1
---ebpf-pid----372881----pid-1
---ebpf-pid----2012----pid-2012
---ebpf-pid----448783----pid-1
---ebpf-pid----372881----pid-372881
---ebpf-pid----448783----pid-448783
---ebpf-pid----2012----pid-1
---ebpf-pid----372881----pid-1
---ebpf-pid----2012----pid-2012
---ebpf-pid----448783----pid-448520
---ebpf-pid----372881----pid-372881
---ebpf-pid----2012----pid-1
---ebpf-pid----448783----pid-1
---ebpf-pid----2012----pid-2012
---ebpf-pid----448783----pid-448783
---ebpf-pid----448783----pid-448520
---ebpf-pid----372881----pid-1
---ebpf-pid----448783----pid-1
---ebpf-pid----5707----pid-5707
---ebpf-pid----372881----pid-372881
---ebpf-pid----5707----pid-5476
---ebpf-pid----372881----pid-1
---ebpf-pid----372881----pid-372881
---ebpf-pid----5707----pid-1
---ebpf-pid----372881----pid-1
---ebpf-pid----5707----pid-5707
---ebpf-pid----372881----pid-372881
---ebpf-pid----5707----pid-5476
---ebpf-pid----372881----pid-1
---ebpf-pid----372881----pid-372881
---ebpf-pid----5707----pid-1
---ebpf-pid----5707----pid-5707
---ebpf-pid----372881----pid-1
---ebpf-pid----372881----pid-372881
---ebpf-pid----5707----pid-5476
---ebpf-pid----372881----pid-1
---ebpf-pid----5707----pid-1
---ebpf-pid----372881----pid-372881
---ebpf-pid----5707----pid-5707
---ebpf-pid----372881----pid-1
---ebpf-pid----5707----pid-5476
---ebpf-pid----372881----pid-372881
---ebpf-pid----5707----pid-1
---ebpf-pid----372881----pid-1
---ebpf-pid----5707----pid-5707
---ebpf-pid----372881----pid-372881
---ebpf-pid----5707----pid-5476
---ebpf-pid----372881----pid-1
---ebpf-pid----372881----pid-372881
---ebpf-pid----5707----pid-1
---ebpf-pid----5707----pid-5707
---ebpf-pid----372881----pid-1
---ebpf-pid----372881----pid-372881
---ebpf-pid----5707----pid-5476
---ebpf-pid----372881----pid-1
---ebpf-pid----5707----pid-1
---ebpf-pid----372881----pid-372881
---ebpf-pid----5707----pid-5707
---ebpf-pid----372881----pid-1
---ebpf-pid----5707----pid-5476
---ebpf-pid----5707----pid-1
---ebpf-pid----5707----pid-5707
---ebpf-pid----372881----pid-372881
---ebpf-pid----372881----pid-1
---ebpf-pid----372881----pid-372881
---ebpf-pid----372881----pid-1
---ebpf-pid----372881----pid-372881
---ebpf-pid----372881----pid-1
---ebpf-pid----372881----pid-372881
---ebpf-pid----372881----pid-1
---ebpf-pid----372881----pid-372881
---ebpf-pid----372881----pid-1
---ebpf-pid----372881----pid-372881
---ebpf-pid----372881----pid-1
---ebpf-pid----372881----pid-372881
---ebpf-pid----372881----pid-1
---ebpf-pid----372881----pid-372881
---ebpf-pid----372881----pid-1
---ebpf-pid----372881----pid-372881
---ebpf-pid----372881----pid-1
---ebpf-pid----372881----pid-372881
---ebpf-pid----372881----pid-1
---ebpf-pid----372881----pid-372881
---ebpf-pid----372881----pid-1
---ebpf-pid----372881----pid-372881
---ebpf-pid----372881----pid-1
---ebpf-pid----372881----pid-372881
---ebpf-pid----372881----pid-1
---ebpf-pid----372881----pid-372881
---ebpf-pid----372881----pid-1
---ebpf-pid----372881----pid-372881
---ebpf-pid----372881----pid-1
---ebpf-pid----372881----pid-372881
---ebpf-pid----372881----pid-1
---ebpf-pid----372881----pid-372881
---ebpf-pid----372881----pid-1
---ebpf-pid----372881----pid-372881
---ebpf-pid----372881----pid-1
---ebpf-pid----372881----pid-372881
---ebpf-pid----372881----pid-1
---ebpf-pid----372881----pid-372881
---ebpf-pid----372881----pid-1
---ebpf-pid----372881----pid-372881
---ebpf-pid----372881----pid-1
---ebpf-pid----372881----pid-372881
---ebpf-pid----372881----pid-1
---ebpf-pid----372881----pid-372881
---ebpf-pid----372881----pid-1
---ebpf-pid----372881----pid-372881
---ebpf-pid----2012----pid-1
---ebpf-pid----372881----pid-1
---ebpf-pid----2012----pid-2012
---ebpf-pid----372881----pid-372881
---ebpf-pid----2012----pid-1
---ebpf-pid----2012----pid-2012
---ebpf-pid----372881----pid-1
---ebpf-pid----5707----pid-5476
---ebpf-pid----2012----pid-1
---ebpf-pid----2012----pid-2012
---ebpf-pid----372881----pid-372881
---ebpf-pid----5707----pid-1
---ebpf-pid----5707----pid-5707
---ebpf-pid----2012----pid-1
---ebpf-pid----372881----pid-1
---ebpf-pid----2012----pid-2012
---ebpf-pid----372881----pid-372881
---ebpf-pid----5707----pid-5476
---ebpf-pid----372881----pid-1
---ebpf-pid----2012----pid-1
---ebpf-pid----372881----pid-372881
---ebpf-pid----5707----pid-1
---ebpf-pid----2012----pid-2012
---ebpf-pid----448783----pid-448783
---ebpf-pid----372881----pid-1
---ebpf-pid----2012----pid-1
---ebpf-pid----372881----pid-372881
---ebpf-pid----2012----pid-2012
---ebpf-pid----448783----pid-448520
---ebpf-pid----372881----pid-1
---ebpf-pid----2012----pid-1
---ebpf-pid----448783----pid-1
---ebpf-pid----372881----pid-372881
---ebpf-pid----2012----pid-2012
---ebpf-pid----448784----pid-448784
---ebpf-pid----372881----pid-1
---ebpf-pid----2012----pid-1
---ebpf-pid----448784----pid-448520
---ebpf-pid----372881----pid-372881
---ebpf-pid----2012----pid-2012
---ebpf-pid----372881----pid-1
---ebpf-pid----448784----pid-1
---ebpf-pid----2012----pid-1
---ebpf-pid----372881----pid-372881
---ebpf-pid----448784----pid-448784
---ebpf-pid----5705----pid-5705
---ebpf-pid----448784----pid-448520
---ebpf-pid----372881----pid-1
---ebpf-pid----5705----pid-5476
---ebpf-pid----372881----pid-372881
---ebpf-pid----448784----pid-1
---ebpf-pid----5705----pid-1
---ebpf-pid----448784----pid-448784
---ebpf-pid----372881----pid-1
---ebpf-pid----5705----pid-5705
---ebpf-pid----372881----pid-372881
---ebpf-pid----448784----pid-448520
---ebpf-pid----5705----pid-5476
---ebpf-pid----448784----pid-1
---ebpf-pid----5705----pid-1
---ebpf-pid----5705----pid-5705
---ebpf-pid----5705----pid-5705
---ebpf-pid----5705----pid-5476
---ebpf-pid----5705----pid-5476
---ebpf-pid----5705----pid-1
---ebpf-pid----5705----pid-5705
---ebpf-pid----5705----pid-1
---ebpf-pid----5705----pid-5705
---ebpf-pid----5705----pid-5476
---ebpf-pid----5705----pid-5476
---ebpf-pid----5705----pid-1
---ebpf-pid----5705----pid-5705
---ebpf-pid----5705----pid-1
---ebpf-pid----5705----pid-5705
---ebpf-pid----372881----pid-1
---ebpf-pid----5705----pid-5476
---ebpf-pid----372881----pid-372881
---ebpf-pid----5705----pid-5476
---ebpf-pid----5705----pid-1
---ebpf-pid----5705----pid-5705
---ebpf-pid----372881----pid-1
---ebpf-pid----5705----pid-1
---ebpf-pid----372881----pid-372881
---ebpf-pid----5705----pid-5705
---ebpf-pid----5705----pid-5476
---ebpf-pid----372881----pid-1
---ebpf-pid----5705----pid-5476
---ebpf-pid----372881----pid-372881
---ebpf-pid----5705----pid-1
---ebpf-pid----5705----pid-5705
---ebpf-pid----5705----pid-1
---ebpf-pid----372881----pid-1
---ebpf-pid----372881----pid-372881
---ebpf-pid----372881----pid-372881
---ebpf-pid----5705----pid-5476
---ebpf-pid----372881----pid-1
---ebpf-pid----372881----pid-1
---ebpf-pid----372881----pid-372881
---ebpf-pid----5705----pid-1
---ebpf-pid----372881----pid-372881
---ebpf-pid----5705----pid-5705
---ebpf-pid----372881----pid-1
---ebpf-pid----372881----pid-1
---ebpf-pid----372881----pid-372881
---ebpf-pid----5705----pid-5476
---ebpf-pid----372881----pid-372881
---ebpf-pid----372881----pid-1
---ebpf-pid----5705----pid-1
---ebpf-pid----372881----pid-372881
---ebpf-pid----372881----pid-1
---ebpf-pid----5705----pid-5705
---ebpf-pid----372881----pid-372881
---ebpf-pid----372881----pid-1
---ebpf-pid----372881----pid-1
---ebpf-pid----372881----pid-372881
---ebpf-pid----372881----pid-1
---ebpf-pid----372881----pid-372881
---ebpf-pid----372881----pid-1
---ebpf-pid----372881----pid-372881
---ebpf-pid----372881----pid-1
---ebpf-pid----372881----pid-372881
---ebpf-pid----372881----pid-1
---ebpf-pid----372881----pid-372881
---ebpf-pid----372881----pid-1
---ebpf-pid----372881----pid-372881
---ebpf-pid----372881----pid-1
---ebpf-pid----372881----pid-372881
---ebpf-pid----372881----pid-1
---ebpf-pid----372881----pid-372881
---ebpf-pid----372881----pid-1
---ebpf-pid----372881----pid-372881
---ebpf-pid----372881----pid-1
---ebpf-pid----372881----pid-372881
---ebpf-pid----372881----pid-1
---ebpf-pid----372881----pid-372881
---ebpf-pid----372881----pid-1
---ebpf-pid----372881----pid-372881
---ebpf-pid----372881----pid-1
---ebpf-pid----372881----pid-372881
---ebpf-pid----372881----pid-1
---ebpf-pid----372881----pid-372881
---ebpf-pid----372881----pid-1
---ebpf-pid----372881----pid-372881
---ebpf-pid----372881----pid-1
---ebpf-pid----372881----pid-372881
---ebpf-pid----372881----pid-1
---ebpf-pid----372881----pid-372881
---ebpf-pid----372881----pid-1
---ebpf-pid----372881----pid-372881
---ebpf-pid----372881----pid-1
---ebpf-pid----372881----pid-372881
---ebpf-pid----372881----pid-1
---ebpf-pid----372881----pid-372881
---ebpf-pid----372881----pid-1
---ebpf-pid----2012----pid-2012
---ebpf-pid----2012----pid-1
---ebpf-pid----2012----pid-2012
---ebpf-pid----2012----pid-1
---ebpf-pid----2012----pid-2012
---ebpf-pid----2012----pid-1
---ebpf-pid----2012----pid-2012
---ebpf-pid----2012----pid-1
---ebpf-pid----2012----pid-2012
---ebpf-pid----5705----pid-5476
---ebpf-pid----5705----pid-1
---ebpf-pid----5705----pid-5705
---ebpf-pid----5705----pid-5476
---ebpf-pid----2012----pid-1
---ebpf-pid----2012----pid-2012
---ebpf-pid----2012----pid-1
---ebpf-pid----5705----pid-1
---ebpf-pid----5705----pid-5705
---ebpf-pid----2012----pid-2012
---ebpf-pid----372881----pid-372881
---ebpf-pid----2012----pid-1
---ebpf-pid----2012----pid-2012
---ebpf-pid----372881----pid-1
---ebpf-pid----2012----pid-1
---ebpf-pid----372881----pid-372881
---ebpf-pid----2012----pid-2012
---ebpf-pid----372881----pid-1
---ebpf-pid----372881----pid-372881
---ebpf-pid----2012----pid-1
---ebpf-pid----372881----pid-372881
---ebpf-pid----372881----pid-1
---ebpf-pid----372881----pid-372881
---ebpf-pid----372881----pid-1
---ebpf-pid----372881----pid-372881
---ebpf-pid----372881----pid-1
---ebpf-pid----372881----pid-372881
---ebpf-pid----372881----pid-1
---ebpf-pid----372881----pid-372881
---ebpf-pid----372881----pid-1
---ebpf-pid----372881----pid-372881
---ebpf-pid----372881----pid-1
---ebpf-pid----372881----pid-372881
---ebpf-pid----372881----pid-1
---ebpf-pid----372881----pid-372881
---ebpf-pid----372881----pid-1
---ebpf-pid----372881----pid-372881
---ebpf-pid----372881----pid-1
---ebpf-pid----372881----pid-372881
---ebpf-pid----372881----pid-1
---ebpf-pid----372881----pid-372881
---ebpf-pid----372881----pid-1
---ebpf-pid----372881----pid-372881
---ebpf-pid----5705----pid-5476
---ebpf-pid----372881----pid-1
---ebpf-pid----372881----pid-372881
---ebpf-pid----5705----pid-1
---ebpf-pid----372881----pid-1
---ebpf-pid----5705----pid-5705
---ebpf-pid----372881----pid-372881
---ebpf-pid----5705----pid-5476
---ebpf-pid----372881----pid-1
---ebpf-pid----372881----pid-372881
---ebpf-pid----5705----pid-1
---ebpf-pid----5705----pid-5705
---ebpf-pid----5705----pid-5476
---ebpf-pid----5705----pid-1
---ebpf-pid----5705----pid-5705
---ebpf-pid----5705----pid-5476
---ebpf-pid----5705----pid-1
---ebpf-pid----5705----pid-5705
---ebpf-pid----5705----pid-5476
---ebpf-pid----5705----pid-1
---ebpf-pid----5705----pid-5705
---ebpf-pid----5705----pid-5476
---ebpf-pid----5705----pid-1
---ebpf-pid----5705----pid-5705
---ebpf-pid----372881----pid-1
---ebpf-pid----5705----pid-5476
---ebpf-pid----372881----pid-372881
---ebpf-pid----5705----pid-1
---ebpf-pid----372881----pid-1
---ebpf-pid----5705----pid-5705
---ebpf-pid----2094----pid-2094
---ebpf-pid----2094----pid-1
---ebpf-pid----5705----pid-5476
---ebpf-pid----2094----pid-2094
---ebpf-pid----2094----pid-1
---ebpf-pid----5705----pid-1
---ebpf-pid----2094----pid-2094
---ebpf-pid----5705----pid-5705
---ebpf-pid----2094----pid-1
---ebpf-pid----2094----pid-2094
---ebpf-pid----5705----pid-5476
---ebpf-pid----2094----pid-1
---ebpf-pid----5705----pid-1
---ebpf-pid----2094----pid-2094
---ebpf-pid----5705----pid-5705
---ebpf-pid----2094----pid-1
---ebpf-pid----2094----pid-2094
---ebpf-pid----5705----pid-5476
---ebpf-pid----2094----pid-1
---ebpf-pid----2094----pid-2094
---ebpf-pid----5705----pid-1
---ebpf-pid----2094----pid-1
---ebpf-pid----2094----pid-2094
---ebpf-pid----2094----pid-1
---ebpf-pid----2094----pid-2094
---ebpf-pid----2094----pid-1
---ebpf-pid----2094----pid-2094
---ebpf-pid----2094----pid-1
---ebpf-pid----2094----pid-2094
---ebpf-pid----2094----pid-1
---ebpf-pid----2094----pid-2094
---ebpf-pid----372881----pid-1
---ebpf-pid----2094----pid-1
---ebpf-pid----2094----pid-2094
---ebpf-pid----372881----pid-372881
---ebpf-pid----372881----pid-1
---ebpf-pid----372881----pid-372881
---ebpf-pid----372881----pid-1
---ebpf-pid----372881----pid-372881
---ebpf-pid----372881----pid-1
---ebpf-pid----372881----pid-372881
---ebpf-pid----372881----pid-1
---ebpf-pid----372881----pid-372881
---ebpf-pid----372881----pid-1
---ebpf-pid----2094----pid-1
---ebpf-pid----372881----pid-372881
---ebpf-pid----2094----pid-2094
---ebpf-pid----372881----pid-1
---ebpf-pid----372881----pid-372881
---ebpf-pid----2094----pid-1
---ebpf-pid----372881----pid-1
---ebpf-pid----372881----pid-372881
---ebpf-pid----2094----pid-2094
---ebpf-pid----372881----pid-1
---ebpf-pid----372881----pid-372881
---ebpf-pid----372881----pid-1
---ebpf-pid----5705----pid-5705
---ebpf-pid----372881----pid-372881
---ebpf-pid----2094----pid-1
---ebpf-pid----5705----pid-5476
---ebpf-pid----2094----pid-2094
---ebpf-pid----5705----pid-1
---ebpf-pid----2094----pid-1
---ebpf-pid----5705----pid-5705
---ebpf-pid----2094----pid-2094
---ebpf-pid----2094----pid-1
---ebpf-pid----5705----pid-5476
---ebpf-pid----2094----pid-2094
---ebpf-pid----5705----pid-1
---ebpf-pid----2094----pid-1
---ebpf-pid----5705----pid-5705
---ebpf-pid----2094----pid-2094
---ebpf-pid----5705----pid-5476
---ebpf-pid----2094----pid-1
---ebpf-pid----5705----pid-1
---ebpf-pid----2094----pid-2094
---ebpf-pid----5705----pid-5705
---ebpf-pid----5705----pid-5476
---ebpf-pid----5705----pid-1
---ebpf-pid----448784----pid-448784
---ebpf-pid----448784----pid-448520
---ebpf-pid----448784----pid-1
---ebpf-pid----379067----pid-379067
---ebpf-pid----379067----pid-5476
---ebpf-pid----372881----pid-1
---ebpf-pid----379067----pid-1
---ebpf-pid----372881----pid-372881
---ebpf-pid----379067----pid-379067
---ebpf-pid----372881----pid-1
---ebpf-pid----379067----pid-5476
---ebpf-pid----372881----pid-372881
---ebpf-pid----372881----pid-1
---ebpf-pid----379067----pid-1
---ebpf-pid----373029----pid-373029
---ebpf-pid----379067----pid-379067
---ebpf-pid----373029----pid-5476
---ebpf-pid----379067----pid-5476
---ebpf-pid----379067----pid-1
---ebpf-pid----379067----pid-379067
---ebpf-pid----379067----pid-5476
---ebpf-pid----379067----pid-1
---ebpf-pid----379067----pid-379067
---ebpf-pid----379067----pid-5476
---ebpf-pid----379067----pid-1
---ebpf-pid----379067----pid-379067
---ebpf-pid----379067----pid-5476
---ebpf-pid----379067----pid-1
---ebpf-pid----448784----pid-448784
---ebpf-pid----373029----pid-1
---ebpf-pid----373029----pid-373029
---ebpf-pid----373029----pid-5476
---ebpf-pid----373029----pid-1
---ebpf-pid----373029----pid-373029
---ebpf-pid----373029----pid-5476
---ebpf-pid----373029----pid-1
---ebpf-pid----2094----pid-1
---ebpf-pid----372881----pid-372881
---ebpf-pid----2094----pid-2094
---ebpf-pid----372881----pid-1
---ebpf-pid----2094----pid-1
---ebpf-pid----372881----pid-372881
---ebpf-pid----2094----pid-2094
---ebpf-pid----372881----pid-1
---ebpf-pid----2094----pid-1
---ebpf-pid----372881----pid-372881
---ebpf-pid----2094----pid-2094
---ebpf-pid----448784----pid-448520
---ebpf-pid----372881----pid-1
---ebpf-pid----372881----pid-372881
---ebpf-pid----448784----pid-1
---ebpf-pid----379067----pid-379067
---ebpf-pid----372881----pid-1
---ebpf-pid----372881----pid-372881
---ebpf-pid----379067----pid-5476
---ebpf-pid----372881----pid-1
---ebpf-pid----379067----pid-1
---ebpf-pid----372881----pid-372881
---ebpf-pid----379067----pid-379067
---ebpf-pid----372881----pid-1
---ebpf-pid----379067----pid-5476
---ebpf-pid----372881----pid-372881
---ebpf-pid----379067----pid-1
---ebpf-pid----372881----pid-1
---ebpf-pid----372881----pid-372881
---ebpf-pid----2088----pid-2088
---ebpf-pid----372881----pid-1
---ebpf-pid----2088----pid-1
---ebpf-pid----372881----pid-372881
---ebpf-pid----2088----pid-2088
---ebpf-pid----372881----pid-1
---ebpf-pid----372881----pid-372881
---ebpf-pid----372881----pid-1
---ebpf-pid----372881----pid-372881
---ebpf-pid----2094----pid-1
---ebpf-pid----2094----pid-2094
---ebpf-pid----2094----pid-1
---ebpf-pid----2094----pid-2094
---ebpf-pid----372881----pid-1
---ebpf-pid----372881----pid-372881
---ebpf-pid----2094----pid-1
---ebpf-pid----2012----pid-2012
---ebpf-pid----372881----pid-1
---ebpf-pid----372881----pid-372881
---ebpf-pid----2012----pid-1
---ebpf-pid----2012----pid-2012
---ebpf-pid----372881----pid-1
---ebpf-pid----2088----pid-1
---ebpf-pid----2012----pid-1
---ebpf-pid----372881----pid-372881
---ebpf-pid----2088----pid-2088
---ebpf-pid----2012----pid-2012
---ebpf-pid----2012----pid-1
---ebpf-pid----372881----pid-1
---ebpf-pid----2088----pid-1
---ebpf-pid----2012----pid-2012
---ebpf-pid----372881----pid-372881
---ebpf-pid----2088----pid-2088
---ebpf-pid----2012----pid-1
---ebpf-pid----372881----pid-1
---ebpf-pid----372881----pid-372881
---ebpf-pid----2012----pid-2012
---ebpf-pid----372881----pid-1
---ebpf-pid----2012----pid-1
---ebpf-pid----372881----pid-372881
---ebpf-pid----2012----pid-2012
---ebpf-pid----2012----pid-1
---ebpf-pid----2012----pid-2012
---ebpf-pid----2012----pid-1
---ebpf-pid----2012----pid-2012
---ebpf-pid----2012----pid-1
---ebpf-pid----2012----pid-2012
---ebpf-pid----2012----pid-1
---ebpf-pid----372881----pid-1
---ebpf-pid----372881----pid-372881
---ebpf-pid----372881----pid-1
---ebpf-pid----372881----pid-372881
---ebpf-pid----372881----pid-1
---ebpf-pid----372881----pid-372881
---ebpf-pid----372881----pid-1
---ebpf-pid----372881----pid-372881
---ebpf-pid----372881----pid-1
---ebpf-pid----372881----pid-372881
---ebpf-pid----372881----pid-1
---ebpf-pid----2012----pid-2012
---ebpf-pid----2088----pid-1
---ebpf-pid----372881----pid-372881
---ebpf-pid----2088----pid-2088
---ebpf-pid----372881----pid-1
---ebpf-pid----2012----pid-1
---ebpf-pid----2088----pid-1
---ebpf-pid----372881----pid-372881
---ebpf-pid----2012----pid-2012
---ebpf-pid----2088----pid-2088
---ebpf-pid----372881----pid-1
---ebpf-pid----2088----pid-1
---ebpf-pid----2088----pid-2088
---ebpf-pid----2088----pid-1
---ebpf-pid----2088----pid-2088
---ebpf-pid----2012----pid-1
---ebpf-pid----2012----pid-2012
---ebpf-pid----2088----pid-1
---ebpf-pid----2012----pid-1
---ebpf-pid----2088----pid-2088
---ebpf-pid----2012----pid-2012
---ebpf-pid----2088----pid-1
---ebpf-pid----2012----pid-1
---ebpf-pid----2088----pid-2088
---ebpf-pid----2012----pid-2012
---ebpf-pid----372881----pid-372881
---ebpf-pid----2088----pid-1
---ebpf-pid----2012----pid-1
---ebpf-pid----2088----pid-2088
---ebpf-pid----2012----pid-2012
---ebpf-pid----372881----pid-1
---ebpf-pid----372881----pid-372881
---ebpf-pid----2012----pid-1
---ebpf-pid----2088----pid-1
---ebpf-pid----2012----pid-2012
---ebpf-pid----2088----pid-2088
---ebpf-pid----372881----pid-1
---ebpf-pid----372881----pid-372881
---ebpf-pid----2012----pid-1
---ebpf-pid----2012----pid-2012
---ebpf-pid----372881----pid-1
---ebpf-pid----372881----pid-372881
---ebpf-pid----2012----pid-1
---ebpf-pid----2088----pid-1
---ebpf-pid----372881----pid-1
---ebpf-pid----2012----pid-2012
---ebpf-pid----372881----pid-372881
---ebpf-pid----2012----pid-1
---ebpf-pid----2012----pid-2012
---ebpf-pid----2088----pid-2088
---ebpf-pid----2012----pid-1
---ebpf-pid----2012----pid-2012
---ebpf-pid----2012----pid-1
---ebpf-pid----2012----pid-2012
---ebpf-pid----2012----pid-1
---ebpf-pid----2012----pid-2012
---ebpf-pid----2012----pid-1
---ebpf-pid----2012----pid-2012
---ebpf-pid----372881----pid-1
---ebpf-pid----2012----pid-1
---ebpf-pid----372881----pid-372881
---ebpf-pid----2012----pid-2012
---ebpf-pid----372881----pid-1
---ebpf-pid----372881----pid-372881
---ebpf-pid----2012----pid-1
---ebpf-pid----2012----pid-2012
---ebpf-pid----372881----pid-1
---ebpf-pid----2088----pid-1
---ebpf-pid----372881----pid-372881
---ebpf-pid----2012----pid-1
---ebpf-pid----2088----pid-2088
---ebpf-pid----2012----pid-2012
---ebpf-pid----372881----pid-1
---ebpf-pid----2088----pid-1
---ebpf-pid----372881----pid-372881
---ebpf-pid----2012----pid-1
---ebpf-pid----2088----pid-2088
---ebpf-pid----2012----pid-2012
---ebpf-pid----372881----pid-1
---ebpf-pid----2088----pid-1
---ebpf-pid----372881----pid-372881
---ebpf-pid----2012----pid-1
---ebpf-pid----2088----pid-2088
---ebpf-pid----2012----pid-2012
---ebpf-pid----372881----pid-1
---ebpf-pid----2088----pid-1
---ebpf-pid----372881----pid-372881
---ebpf-pid----2012----pid-1
---ebpf-pid----2088----pid-2088
---ebpf-pid----372881----pid-372881
---ebpf-pid----372881----pid-1
---ebpf-pid----372881----pid-372881
---ebpf-pid----372881----pid-1
---ebpf-pid----2088----pid-1
---ebpf-pid----372881----pid-372881
---ebpf-pid----2088----pid-2088
---ebpf-pid----372881----pid-1
---ebpf-pid----372881----pid-1
---ebpf-pid----372881----pid-372881
---ebpf-pid----2088----pid-1
---ebpf-pid----372881----pid-372881
---ebpf-pid----2088----pid-2088
---ebpf-pid----372881----pid-1
---ebpf-pid----372881----pid-372881
---ebpf-pid----372881----pid-1
---ebpf-pid----372881----pid-372881
---ebpf-pid----372881----pid-1
---ebpf-pid----372881----pid-372881
---ebpf-pid----372881----pid-1
---ebpf-pid----372881----pid-372881
---ebpf-pid----372881----pid-1
---ebpf-pid----372881----pid-372881
---ebpf-pid----372881----pid-1
---ebpf-pid----372881----pid-372881
---ebpf-pid----372881----pid-1
---ebpf-pid----372881----pid-1
---ebpf-pid----372881----pid-372881
---ebpf-pid----372881----pid-372881
---ebpf-pid----372881----pid-1
---ebpf-pid----372881----pid-1
---ebpf-pid----372881----pid-372881
---ebpf-pid----372881----pid-372881
---ebpf-pid----372881----pid-1
---ebpf-pid----372881----pid-1
---ebpf-pid----372881----pid-372881
---ebpf-pid----372881----pid-372881
---ebpf-pid----372881----pid-1
---ebpf-pid----372881----pid-372881
---ebpf-pid----372881----pid-1
---ebpf-pid----372881----pid-372881
---ebpf-pid----372881----pid-1
---ebpf-pid----372881----pid-372881
---ebpf-pid----372881----pid-1
---ebpf-pid----372881----pid-372881
---ebpf-pid----2088----pid-1
---ebpf-pid----372881----pid-1
---ebpf-pid----2088----pid-2088
---ebpf-pid----372881----pid-372881
---ebpf-pid----372881----pid-1
---ebpf-pid----2088----pid-1
---ebpf-pid----372881----pid-372881
---ebpf-pid----5707----pid-5707
---ebpf-pid----372881----pid-1
---ebpf-pid----372881----pid-1
---ebpf-pid----5707----pid-5476
---ebpf-pid----372881----pid-372881
---ebpf-pid----372881----pid-1
---ebpf-pid----5707----pid-1
---ebpf-pid----372881----pid-372881
---ebpf-pid----448784----pid-448784
---ebpf-pid----372881----pid-1
---ebpf-pid----372881----pid-372881
---ebpf-pid----448784----pid-448520
---ebpf-pid----372881----pid-1
---ebpf-pid----448784----pid-1
---ebpf-pid----372881----pid-372881
---ebpf-pid----448784----pid-448784
---ebpf-pid----372881----pid-1
---ebpf-pid----372881----pid-372881
---ebpf-pid----448784----pid-448520
---ebpf-pid----372881----pid-1
---ebpf-pid----448784----pid-1
---ebpf-pid----372881----pid-372881
---ebpf-pid----448784----pid-448784
---ebpf-pid----372881----pid-1
---ebpf-pid----372881----pid-372881
---ebpf-pid----448784----pid-448520
---ebpf-pid----372881----pid-1
---ebpf-pid----448784----pid-1
---ebpf-pid----372881----pid-372881
---ebpf-pid----448784----pid-448784
---ebpf-pid----372881----pid-1
---ebpf-pid----448784----pid-448520
---ebpf-pid----372881----pid-372881
---ebpf-pid----448784----pid-1
---ebpf-pid----448784----pid-448784
---ebpf-pid----372881----pid-1
---ebpf-pid----372881----pid-372881
---ebpf-pid----372881----pid-1
---ebpf-pid----372881----pid-372881
---ebpf-pid----372881----pid-1
---ebpf-pid----372881----pid-372881
---ebpf-pid----372881----pid-1
---ebpf-pid----372881----pid-372881
---ebpf-pid----372881----pid-1
---ebpf-pid----372881----pid-372881
---ebpf-pid----372881----pid-1
---ebpf-pid----372881----pid-372881
---ebpf-pid----372881----pid-1
---ebpf-pid----372881----pid-372881
---ebpf-pid----372881----pid-372881
---ebpf-pid----372881----pid-1
---ebpf-pid----372881----pid-1
---ebpf-pid----372881----pid-372881
---ebpf-pid----372881----pid-372881
---ebpf-pid----372881----pid-1
---ebpf-pid----372881----pid-1
---ebpf-pid----372881----pid-372881
---ebpf-pid----372881----pid-372881
---ebpf-pid----372881----pid-1
---ebpf-pid----372881----pid-1
---ebpf-pid----372881----pid-372881
---ebpf-pid----372881----pid-372881
---ebpf-pid----372881----pid-1
---ebpf-pid----372881----pid-1
---ebpf-pid----372881----pid-372881
---ebpf-pid----372881----pid-372881
---ebpf-pid----372881----pid-1
---ebpf-pid----448784----pid-448520
---ebpf-pid----373029----pid-373029
---ebpf-pid----373029----pid-5476
---ebpf-pid----448784----pid-1
---ebpf-pid----373029----pid-1
---ebpf-pid----448784----pid-448784
---ebpf-pid----373029----pid-373029
---ebpf-pid----448784----pid-448520
---ebpf-pid----373029----pid-5476
---ebpf-pid----448784----pid-1
---ebpf-pid----373029----pid-1
---ebpf-pid----448784----pid-448784
---ebpf-pid----2088----pid-2088
---ebpf-pid----448784----pid-448520
---ebpf-pid----2088----pid-1
---ebpf-pid----2088----pid-2088
---ebpf-pid----448784----pid-1
---ebpf-pid----448784----pid-448784
---ebpf-pid----2088----pid-1
---ebpf-pid----2088----pid-2088
---ebpf-pid----448784----pid-448520
---ebpf-pid----372881----pid-1
---ebpf-pid----448784----pid-1
---ebpf-pid----2088----pid-1
---ebpf-pid----372881----pid-372881
---ebpf-pid----448784----pid-448784
---ebpf-pid----372881----pid-1
---ebpf-pid----448784----pid-448520
---ebpf-pid----2089----pid-2089
---ebpf-pid----448784----pid-1
---ebpf-pid----2088----pid-2088
---ebpf-pid----2089----pid-1
---ebpf-pid----2089----pid-2089
---ebpf-pid----1856----pid-1856
---ebpf-pid----2088----pid-1
---ebpf-pid----2088----pid-2088
---ebpf-pid----2089----pid-1
---ebpf-pid----2088----pid-2088
---ebpf-pid----2088----pid-1
---ebpf-pid----372881----pid-372881
---ebpf-pid----372881----pid-1
---ebpf-pid----372881----pid-372881
---ebpf-pid----372881----pid-1
---ebpf-pid----372881----pid-372881
---ebpf-pid----372881----pid-1
---ebpf-pid----372881----pid-372881
---ebpf-pid----372881----pid-1
---ebpf-pid----1856----pid-1
---ebpf-pid----372881----pid-372881
---ebpf-pid----448784----pid-448784
---ebpf-pid----372881----pid-1
---ebpf-pid----372881----pid-372881
---ebpf-pid----448784----pid-448520
---ebpf-pid----372881----pid-1
---ebpf-pid----448784----pid-1
---ebpf-pid----372881----pid-372881
---ebpf-pid----372714----pid-372714
---ebpf-pid----372881----pid-1
---ebpf-pid----372714----pid-5476
---ebpf-pid----372881----pid-372881
---ebpf-pid----372881----pid-1
---ebpf-pid----372881----pid-372881
---ebpf-pid----372881----pid-1
---ebpf-pid----372881----pid-372881
---ebpf-pid----372881----pid-1
---ebpf-pid----372881----pid-372881
---ebpf-pid----372881----pid-1
---ebpf-pid----2012----pid-2012
---ebpf-pid----372714----pid-1
---ebpf-pid----2012----pid-1
---ebpf-pid----2012----pid-2012
---ebpf-pid----2012----pid-1
---ebpf-pid----2012----pid-2012
---ebpf-pid----372714----pid-372714
---ebpf-pid----372714----pid-5476
---ebpf-pid----372714----pid-1
---ebpf-pid----372714----pid-372714
---ebpf-pid----372714----pid-5476
---ebpf-pid----372714----pid-1
---ebpf-pid----448784----pid-448784
---ebpf-pid----2088----pid-1
---ebpf-pid----2088----pid-2088
---ebpf-pid----448784----pid-448520
---ebpf-pid----2088----pid-1
---ebpf-pid----379067----pid-379067
---ebpf-pid----448784----pid-1
---ebpf-pid----379067----pid-5476
---ebpf-pid----448784----pid-448784
---ebpf-pid----379067----pid-1
---ebpf-pid----448784----pid-448520
---ebpf-pid----379067----pid-379067
---ebpf-pid----448784----pid-1
---ebpf-pid----379067----pid-5476
---ebpf-pid----448784----pid-448784
---ebpf-pid----379067----pid-1
---ebpf-pid----2012----pid-1
---ebpf-pid----379067----pid-379067
---ebpf-pid----448784----pid-448520
---ebpf-pid----448784----pid-1
---ebpf-pid----379067----pid-5476
---ebpf-pid----372714----pid-372714
---ebpf-pid----379067----pid-1
---ebpf-pid----372714----pid-5476
---ebpf-pid----373029----pid-373029
---ebpf-pid----372714----pid-1
---ebpf-pid----373029----pid-5476
---ebpf-pid----372714----pid-372714
---ebpf-pid----373029----pid-1
---ebpf-pid----2012----pid-2012
---ebpf-pid----2088----pid-2088
---ebpf-pid----2012----pid-1
---ebpf-pid----2088----pid-1
---ebpf-pid----2012----pid-2012
---ebpf-pid----2088----pid-2088
---ebpf-pid----2012----pid-1
---ebpf-pid----2088----pid-1
---ebpf-pid----2012----pid-2012
---ebpf-pid----2088----pid-2088
---ebpf-pid----2012----pid-1
---ebpf-pid----2088----pid-1
---ebpf-pid----2012----pid-2012
---ebpf-pid----2088----pid-2088
---ebpf-pid----2012----pid-1
---ebpf-pid----2088----pid-1
---ebpf-pid----2012----pid-2012
---ebpf-pid----2088----pid-2088
---ebpf-pid----2012----pid-1
---ebpf-pid----2088----pid-1
---ebpf-pid----2012----pid-2012
---ebpf-pid----2088----pid-2088
---ebpf-pid----2012----pid-1
---ebpf-pid----2088----pid-1
---ebpf-pid----2012----pid-2012
---ebpf-pid----2088----pid-2088
---ebpf-pid----2012----pid-1
---ebpf-pid----2088----pid-1
---ebpf-pid----2012----pid-2012
---ebpf-pid----2088----pid-2088
---ebpf-pid----372714----pid-5476
---ebpf-pid----2012----pid-1
---ebpf-pid----2088----pid-1
---ebpf-pid----372714----pid-1
---ebpf-pid----2012----pid-2012
---ebpf-pid----2088----pid-2088
---ebpf-pid----372714----pid-372714
---ebpf-pid----2012----pid-1
---ebpf-pid----372714----pid-5476
---ebpf-pid----2088----pid-1
---ebpf-pid----2012----pid-2012
---ebpf-pid----2088----pid-2088
---ebpf-pid----372714----pid-1
---ebpf-pid----372714----pid-372714
---ebpf-pid----2012----pid-1
---ebpf-pid----2088----pid-1
---ebpf-pid----2012----pid-2012
---ebpf-pid----2088----pid-2088
---ebpf-pid----2088----pid-1
---ebpf-pid----372714----pid-5476
---ebpf-pid----2088----pid-2088
---ebpf-pid----372714----pid-1
---ebpf-pid----2088----pid-1
---ebpf-pid----372714----pid-372714
---ebpf-pid----2088----pid-2088
---ebpf-pid----372714----pid-5476
---ebpf-pid----2088----pid-1
---ebpf-pid----2088----pid-2088
---ebpf-pid----372714----pid-1
---ebpf-pid----2088----pid-1
---ebpf-pid----372714----pid-372714
---ebpf-pid----2088----pid-2088
---ebpf-pid----372714----pid-5476
---ebpf-pid----2088----pid-1
---ebpf-pid----2088----pid-2088
---ebpf-pid----372714----pid-1
---ebpf-pid----2088----pid-1
---ebpf-pid----372714----pid-372714
---ebpf-pid----2088----pid-2088
---ebpf-pid----2088----pid-1
---ebpf-pid----372714----pid-5476
---ebpf-pid----2088----pid-2088
---ebpf-pid----372714----pid-1
---ebpf-pid----2088----pid-1
---ebpf-pid----372714----pid-372714
---ebpf-pid----2088----pid-2088
---ebpf-pid----372714----pid-5476
---ebpf-pid----2088----pid-1
---ebpf-pid----2088----pid-2088
---ebpf-pid----372714----pid-1
---ebpf-pid----2088----pid-1
---ebpf-pid----372714----pid-372714
---ebpf-pid----2088----pid-2088
---ebpf-pid----372714----pid-5476
---ebpf-pid----2088----pid-1
---ebpf-pid----2088----pid-2088
---ebpf-pid----372714----pid-1
---ebpf-pid----372714----pid-372714
---ebpf-pid----2088----pid-1
---ebpf-pid----2088----pid-2088
---ebpf-pid----2012----pid-1
---ebpf-pid----372714----pid-5476
---ebpf-pid----2012----pid-2012
---ebpf-pid----2088----pid-1
---ebpf-pid----372714----pid-1
---ebpf-pid----2088----pid-2088
---ebpf-pid----2012----pid-1
---ebpf-pid----448784----pid-448784
---ebpf-pid----2012----pid-2012
---ebpf-pid----2088----pid-1
---ebpf-pid----2088----pid-2088
---ebpf-pid----448784----pid-448520
---ebpf-pid----2012----pid-1
---ebpf-pid----2012----pid-2012
---ebpf-pid----2088----pid-1
---ebpf-pid----448784----pid-1
---ebpf-pid----2088----pid-2088
---ebpf-pid----448784----pid-448784
---ebpf-pid----2012----pid-1
---ebpf-pid----2012----pid-2012
---ebpf-pid----2088----pid-1
---ebpf-pid----448784----pid-448520
---ebpf-pid----2088----pid-2088
---ebpf-pid----2012----pid-1
---ebpf-pid----448784----pid-1
---ebpf-pid----2012----pid-2012
---ebpf-pid----2088----pid-1
---ebpf-pid----372714----pid-372714
---ebpf-pid----2088----pid-2088
---ebpf-pid----2012----pid-1
---ebpf-pid----372714----pid-5476
---ebpf-pid----2012----pid-2012
---ebpf-pid----2088----pid-1
---ebpf-pid----2088----pid-2088
---ebpf-pid----372714----pid-1
---ebpf-pid----2012----pid-1
---ebpf-pid----372714----pid-372714
---ebpf-pid----2012----pid-2012
---ebpf-pid----2088----pid-1
---ebpf-pid----2088----pid-2088
---ebpf-pid----372714----pid-5476
---ebpf-pid----2012----pid-1
---ebpf-pid----2012----pid-2012
---ebpf-pid----2088----pid-1
---ebpf-pid----372714----pid-1
---ebpf-pid----2088----pid-2088
---ebpf-pid----372714----pid-372714
---ebpf-pid----2012----pid-1
---ebpf-pid----2088----pid-1
---ebpf-pid----2012----pid-2012
---ebpf-pid----2088----pid-2088
---ebpf-pid----2012----pid-1
---ebpf-pid----2088----pid-1
---ebpf-pid----2012----pid-2012
---ebpf-pid----2012----pid-2012
---ebpf-pid----2012----pid-1
---ebpf-pid----2012----pid-1
---ebpf-pid----2012----pid-2012
---ebpf-pid----2012----pid-2012
---ebpf-pid----2012----pid-1
---ebpf-pid----2012----pid-2012
---ebpf-pid----372714----pid-5476
---ebpf-pid----2012----pid-1
---ebpf-pid----2012----pid-2012
---ebpf-pid----372714----pid-1
---ebpf-pid----2012----pid-1
---ebpf-pid----372714----pid-372714
---ebpf-pid----2012----pid-2012
---ebpf-pid----2012----pid-1
---ebpf-pid----2012----pid-1
---ebpf-pid----2012----pid-2012
---ebpf-pid----2012----pid-2012
---ebpf-pid----2012----pid-1
---ebpf-pid----2012----pid-1
---ebpf-pid----2012----pid-2012
---ebpf-pid----2012----pid-2012
---ebpf-pid----2012----pid-1
---ebpf-pid----2012----pid-1
---ebpf-pid----2012----pid-2012
---ebpf-pid----2012----pid-2012
---ebpf-pid----2012----pid-1
---ebpf-pid----2012----pid-1
---ebpf-pid----2012----pid-2012
---ebpf-pid----2012----pid-2012
---ebpf-pid----2012----pid-1
---ebpf-pid----2012----pid-1
---ebpf-pid----2012----pid-2012
---ebpf-pid----2012----pid-2012
---ebpf-pid----2012----pid-1
---ebpf-pid----2012----pid-1
---ebpf-pid----2012----pid-2012
---ebpf-pid----2089----pid-2089
---ebpf-pid----2089----pid-1
---ebpf-pid----2012----pid-1
---ebpf-pid----2089----pid-2089
---ebpf-pid----2012----pid-2012
---ebpf-pid----2089----pid-1
---ebpf-pid----2012----pid-1
---ebpf-pid----2089----pid-2089
---ebpf-pid----2012----pid-2012
---ebpf-pid----2089----pid-1
---ebpf-pid----2012----pid-1
---ebpf-pid----2089----pid-2089
---ebpf-pid----2012----pid-2012
---ebpf-pid----2089----pid-1
---ebpf-pid----2012----pid-1
---ebpf-pid----2089----pid-2089
---ebpf-pid----2094----pid-2094
---ebpf-pid----2089----pid-1
---ebpf-pid----2094----pid-1
---ebpf-pid----2089----pid-2089
---ebpf-pid----2094----pid-2094
---ebpf-pid----2094----pid-1
---ebpf-pid----2089----pid-1
---ebpf-pid----2089----pid-2089
---ebpf-pid----2094----pid-2094
---ebpf-pid----2089----pid-1
---ebpf-pid----2094----pid-1
---ebpf-pid----2089----pid-2089
---ebpf-pid----2094----pid-2094
---ebpf-pid----2089----pid-1
---ebpf-pid----2094----pid-1
---ebpf-pid----2089----pid-2089
---ebpf-pid----2094----pid-2094
---ebpf-pid----2089----pid-1
---ebpf-pid----2094----pid-1
---ebpf-pid----2089----pid-2089
---ebpf-pid----2094----pid-2094
---ebpf-pid----2089----pid-1
---ebpf-pid----2094----pid-1
---ebpf-pid----2089----pid-2089
---ebpf-pid----2094----pid-2094
---ebpf-pid----2094----pid-1
---ebpf-pid----2089----pid-1
---ebpf-pid----2094----pid-2094
---ebpf-pid----2089----pid-2089
---ebpf-pid----2094----pid-1
---ebpf-pid----2094----pid-2094
---ebpf-pid----2094----pid-1
---ebpf-pid----2094----pid-2094
---ebpf-pid----2094----pid-1
---ebpf-pid----2094----pid-2094
---ebpf-pid----2094----pid-1
---ebpf-pid----2094----pid-2094
---ebpf-pid----2094----pid-1
---ebpf-pid----2094----pid-2094
---ebpf-pid----2094----pid-1
---ebpf-pid----2094----pid-2094
---ebpf-pid----2094----pid-1
---ebpf-pid----2094----pid-2094
---ebpf-pid----2094----pid-1
---ebpf-pid----2094----pid-2094
---ebpf-pid----2094----pid-1
---ebpf-pid----2094----pid-2094
---ebpf-pid----2094----pid-1
---ebpf-pid----2094----pid-2094
---ebpf-pid----2094----pid-1
---ebpf-pid----2094----pid-2094
---ebpf-pid----2094----pid-1
---ebpf-pid----2094----pid-2094
---ebpf-pid----2094----pid-1
---ebpf-pid----2094----pid-2094
---ebpf-pid----2094----pid-1
---ebpf-pid----2094----pid-2094
---ebpf-pid----2094----pid-1
---ebpf-pid----2094----pid-2094
---ebpf-pid----2094----pid-1
---ebpf-pid----2094----pid-2094
---ebpf-pid----2094----pid-1
---ebpf-pid----2094----pid-2094
---ebpf-pid----2094----pid-1
---ebpf-pid----2094----pid-2094
---ebpf-pid----2094----pid-1
---ebpf-pid----2094----pid-2094
---ebpf-pid----2094----pid-1
---ebpf-pid----2088----pid-2088
---ebpf-pid----2088----pid-1
---ebpf-pid----372714----pid-5476
---ebpf-pid----2088----pid-2088
---ebpf-pid----372714----pid-1
---ebpf-pid----372714----pid-372714
---ebpf-pid----2088----pid-1
---ebpf-pid----2088----pid-2088
---ebpf-pid----372714----pid-5476
---ebpf-pid----2088----pid-1
---ebpf-pid----2088----pid-2088
---ebpf-pid----2089----pid-1
---ebpf-pid----2089----pid-2089
---ebpf-pid----2089----pid-1
---ebpf-pid----2089----pid-2089
---ebpf-pid----2089----pid-1
---ebpf-pid----2089----pid-2089
---ebpf-pid----2089----pid-1
---ebpf-pid----2089----pid-2089
---ebpf-pid----2089----pid-1
---ebpf-pid----2089----pid-2089
---ebpf-pid----2089----pid-1
---ebpf-pid----2089----pid-2089
---ebpf-pid----2089----pid-1
---ebpf-pid----2089----pid-2089
---ebpf-pid----2089----pid-1
---ebpf-pid----2089----pid-2089
---ebpf-pid----2089----pid-1
---ebpf-pid----2089----pid-2089
---ebpf-pid----2089----pid-1
---ebpf-pid----2089----pid-2089
---ebpf-pid----2089----pid-1
---ebpf-pid----2089----pid-2089
---ebpf-pid----2089----pid-1
---ebpf-pid----2089----pid-2089
---ebpf-pid----2089----pid-1
---ebpf-pid----2089----pid-2089
---ebpf-pid----2089----pid-1
---ebpf-pid----2089----pid-2089
---ebpf-pid----2089----pid-1
---ebpf-pid----2089----pid-2089
---ebpf-pid----2089----pid-1
---ebpf-pid----2089----pid-2089
---ebpf-pid----2089----pid-1
---ebpf-pid----2089----pid-2089
---ebpf-pid----2089----pid-1
---ebpf-pid----2089----pid-2089
---ebpf-pid----2089----pid-1
---ebpf-pid----2089----pid-2089
---ebpf-pid----2089----pid-1
---ebpf-pid----2089----pid-2089
---ebpf-pid----2089----pid-1
---ebpf-pid----2089----pid-2089
---ebpf-pid----2089----pid-1
---ebpf-pid----2089----pid-2089
---ebpf-pid----2088----pid-1
---ebpf-pid----2088----pid-2088
---ebpf-pid----2088----pid-1
---ebpf-pid----2088----pid-2088
---ebpf-pid----2088----pid-1
---ebpf-pid----2088----pid-2088
---ebpf-pid----2088----pid-1
---ebpf-pid----2088----pid-2088
---ebpf-pid----2088----pid-1
---ebpf-pid----2088----pid-2088
---ebpf-pid----2088----pid-1
---ebpf-pid----2012----pid-2012
---ebpf-pid----2012----pid-1
---ebpf-pid----2012----pid-2012
---ebpf-pid----2012----pid-1
---ebpf-pid----2012----pid-2012
---ebpf-pid----2012----pid-1
---ebpf-pid----2012----pid-2012
---ebpf-pid----2012----pid-1
---ebpf-pid----2012----pid-2012
---ebpf-pid----2012----pid-1
---ebpf-pid----2012----pid-2012
---ebpf-pid----2012----pid-1
---ebpf-pid----2012----pid-2012
---ebpf-pid----2012----pid-1
---ebpf-pid----2012----pid-2012
---ebpf-pid----2012----pid-1
---ebpf-pid----2012----pid-2012
---ebpf-pid----2012----pid-1
---ebpf-pid----2012----pid-2012
---ebpf-pid----372714----pid-1
---ebpf-pid----2012----pid-1
---ebpf-pid----2012----pid-2012
---ebpf-pid----372714----pid-372714
---ebpf-pid----2012----pid-1
---ebpf-pid----2012----pid-2012
---ebpf-pid----372714----pid-5476
---ebpf-pid----2012----pid-1
---ebpf-pid----2012----pid-2012
---ebpf-pid----372714----pid-1
---ebpf-pid----372714----pid-372714
---ebpf-pid----2012----pid-1
---ebpf-pid----2012----pid-2012
---ebpf-pid----372714----pid-5476
---ebpf-pid----2012----pid-1
---ebpf-pid----372714----pid-1
---ebpf-pid----2012----pid-2012
---ebpf-pid----372714----pid-372714
---ebpf-pid----2012----pid-1
---ebpf-pid----372714----pid-5476
---ebpf-pid----2012----pid-2012
---ebpf-pid----2012----pid-1
---ebpf-pid----372714----pid-1
---ebpf-pid----2012----pid-2012
---ebpf-pid----372714----pid-372714
---ebpf-pid----372714----pid-5476
---ebpf-pid----2012----pid-1
---ebpf-pid----2012----pid-2012
---ebpf-pid----372714----pid-1
---ebpf-pid----372714----pid-372714
---ebpf-pid----2012----pid-1
---ebpf-pid----372881----pid-372881
---ebpf-pid----372714----pid-5476
---ebpf-pid----372881----pid-1
---ebpf-pid----372714----pid-1
---ebpf-pid----372881----pid-372881
---ebpf-pid----372714----pid-372714
---ebpf-pid----372881----pid-1
---ebpf-pid----372714----pid-5476
---ebpf-pid----372881----pid-372881
---ebpf-pid----372714----pid-1
---ebpf-pid----372881----pid-1
---ebpf-pid----372714----pid-372714
---ebpf-pid----372881----pid-372881
---ebpf-pid----372714----pid-5476
---ebpf-pid----372881----pid-1
---ebpf-pid----372881----pid-372881
---ebpf-pid----372714----pid-1
---ebpf-pid----372714----pid-372714
---ebpf-pid----372881----pid-1
---ebpf-pid----372881----pid-372881
---ebpf-pid----372714----pid-5476
---ebpf-pid----372881----pid-1
---ebpf-pid----372714----pid-1
---ebpf-pid----372881----pid-372881
---ebpf-pid----372714----pid-372714
---ebpf-pid----372881----pid-1
---ebpf-pid----372714----pid-5476
---ebpf-pid----372881----pid-372881
---ebpf-pid----372714----pid-1
---ebpf-pid----372881----pid-1
---ebpf-pid----372714----pid-372714
---ebpf-pid----372881----pid-372881
---ebpf-pid----372714----pid-5476
---ebpf-pid----372881----pid-1
---ebpf-pid----372881----pid-372881
---ebpf-pid----372714----pid-1
---ebpf-pid----372714----pid-372714
---ebpf-pid----372881----pid-1
---ebpf-pid----372881----pid-372881
---ebpf-pid----372714----pid-5476
---ebpf-pid----372881----pid-1
---ebpf-pid----372881----pid-372881
---ebpf-pid----372881----pid-1
---ebpf-pid----372881----pid-372881
---ebpf-pid----372881----pid-1
---ebpf-pid----372881----pid-372881
---ebpf-pid----372714----pid-1
---ebpf-pid----372881----pid-1
---ebpf-pid----372881----pid-372881
---ebpf-pid----372714----pid-372714
---ebpf-pid----372881----pid-1
---ebpf-pid----372881----pid-372881
---ebpf-pid----372714----pid-5476
---ebpf-pid----372881----pid-1
---ebpf-pid----372714----pid-1
---ebpf-pid----372881----pid-372881
---ebpf-pid----372714----pid-372714
---ebpf-pid----372881----pid-1
---ebpf-pid----372881----pid-372881
---ebpf-pid----372714----pid-5476
---ebpf-pid----372881----pid-1
---ebpf-pid----372881----pid-372881
---ebpf-pid----372714----pid-1
---ebpf-pid----372714----pid-372714
---ebpf-pid----372881----pid-1
---ebpf-pid----372881----pid-372881
---ebpf-pid----372714----pid-5476
---ebpf-pid----372881----pid-1
---ebpf-pid----372881----pid-372881
---ebpf-pid----372714----pid-1
---ebpf-pid----372714----pid-372714
---ebpf-pid----372881----pid-1
---ebpf-pid----372881----pid-372881
---ebpf-pid----372714----pid-5476
---ebpf-pid----372881----pid-1
---ebpf-pid----372881----pid-372881
---ebpf-pid----372714----pid-1
---ebpf-pid----372881----pid-1
---ebpf-pid----372714----pid-372714
---ebpf-pid----373029----pid-373029
---ebpf-pid----372714----pid-5476
---ebpf-pid----373029----pid-5476
---ebpf-pid----373029----pid-1
---ebpf-pid----372714----pid-1
---ebpf-pid----373029----pid-373029
---ebpf-pid----372714----pid-372714
---ebpf-pid----373029----pid-5476
---ebpf-pid----372714----pid-5476
---ebpf-pid----373029----pid-1
---ebpf-pid----373029----pid-373029
---ebpf-pid----372714----pid-1
---ebpf-pid----372714----pid-372714
---ebpf-pid----373029----pid-5476
---ebpf-pid----372714----pid-5476
---ebpf-pid----373029----pid-1
---ebpf-pid----373029----pid-373029
---ebpf-pid----372714----pid-1
---ebpf-pid----372714----pid-372714
---ebpf-pid----373029----pid-5476
---ebpf-pid----373029----pid-1
---ebpf-pid----372714----pid-5476
---ebpf-pid----373029----pid-373029
---ebpf-pid----372714----pid-1
---ebpf-pid----373029----pid-5476
---ebpf-pid----372714----pid-372714
---ebpf-pid----373029----pid-1
---ebpf-pid----372714----pid-5476
---ebpf-pid----372881----pid-372881
---ebpf-pid----372714----pid-1
---ebpf-pid----372881----pid-1
---ebpf-pid----372714----pid-372714
---ebpf-pid----372881----pid-372881
---ebpf-pid----372714----pid-5476
---ebpf-pid----372881----pid-1
---ebpf-pid----372881----pid-372881
---ebpf-pid----372714----pid-1
---ebpf-pid----372714----pid-372714
---ebpf-pid----372881----pid-1
---ebpf-pid----2089----pid-1
---ebpf-pid----372881----pid-372881
---ebpf-pid----2089----pid-2089
---ebpf-pid----372881----pid-1
---ebpf-pid----372881----pid-372881
---ebpf-pid----372881----pid-1
---ebpf-pid----372881----pid-372881
---ebpf-pid----372881----pid-1
---ebpf-pid----372881----pid-372881
---ebpf-pid----372714----pid-5476
---ebpf-pid----372881----pid-1
---ebpf-pid----372881----pid-372881
---ebpf-pid----372714----pid-1
---ebpf-pid----372881----pid-1
---ebpf-pid----372714----pid-372714
---ebpf-pid----372881----pid-372881
---ebpf-pid----372714----pid-5476
---ebpf-pid----372881----pid-1
---ebpf-pid----372881----pid-372881
---ebpf-pid----372881----pid-1
---ebpf-pid----372714----pid-1
---ebpf-pid----372714----pid-372714
---ebpf-pid----372714----pid-5476
---ebpf-pid----372714----pid-1
---ebpf-pid----372714----pid-372714
---ebpf-pid----372714----pid-5476
---ebpf-pid----372714----pid-1
---ebpf-pid----372714----pid-372714
---ebpf-pid----372714----pid-5476
---ebpf-pid----372714----pid-1
---ebpf-pid----372714----pid-372714
---ebpf-pid----372881----pid-372881
---ebpf-pid----2089----pid-1
---ebpf-pid----2089----pid-2089
---ebpf-pid----2089----pid-1
---ebpf-pid----2089----pid-2089
---ebpf-pid----372881----pid-1
---ebpf-pid----372881----pid-372881
---ebpf-pid----372881----pid-1
---ebpf-pid----372881----pid-372881
---ebpf-pid----372881----pid-1
---ebpf-pid----372881----pid-372881
---ebpf-pid----372881----pid-1
---ebpf-pid----372714----pid-5476
---ebpf-pid----372714----pid-1
---ebpf-pid----372714----pid-372714
---ebpf-pid----372714----pid-5476
---ebpf-pid----2089----pid-1
---ebpf-pid----372714----pid-1
---ebpf-pid----372714----pid-372714
---ebpf-pid----2089----pid-2089
---ebpf-pid----372714----pid-5476
---ebpf-pid----2089----pid-1
---ebpf-pid----372714----pid-1
---ebpf-pid----2089----pid-2089
---ebpf-pid----372714----pid-372714
---ebpf-pid----372714----pid-5476
---ebpf-pid----372714----pid-1
---ebpf-pid----372714----pid-372714
---ebpf-pid----372714----pid-5476
---ebpf-pid----372714----pid-1
---ebpf-pid----372881----pid-372881
---ebpf-pid----372714----pid-372714
---ebpf-pid----372881----pid-1
---ebpf-pid----372881----pid-372881
---ebpf-pid----372714----pid-5476
---ebpf-pid----372881----pid-1
---ebpf-pid----372714----pid-1
---ebpf-pid----372881----pid-372881
---ebpf-pid----372714----pid-372714
---ebpf-pid----2089----pid-1
---ebpf-pid----372714----pid-5476
---ebpf-pid----372881----pid-1
---ebpf-pid----2089----pid-2089
---ebpf-pid----372881----pid-372881
---ebpf-pid----372714----pid-1
---ebpf-pid----2089----pid-1
---ebpf-pid----372714----pid-372714
---ebpf-pid----372881----pid-1
---ebpf-pid----2089----pid-2089
---ebpf-pid----372881----pid-372881
---ebpf-pid----2089----pid-1
---ebpf-pid----372714----pid-5476
---ebpf-pid----2089----pid-2089
---ebpf-pid----372714----pid-1
---ebpf-pid----2089----pid-1
---ebpf-pid----379067----pid-379067
---ebpf-pid----5707----pid-5707
---ebpf-pid----379067----pid-5476
---ebpf-pid----379067----pid-1
---ebpf-pid----379067----pid-379067
---ebpf-pid----379067----pid-5476
---ebpf-pid----379067----pid-1
---ebpf-pid----379067----pid-379067
---ebpf-pid----372881----pid-1
---ebpf-pid----379067----pid-5476
---ebpf-pid----372881----pid-372881
---ebpf-pid----372881----pid-1
---ebpf-pid----379067----pid-1
---ebpf-pid----372881----pid-372881
---ebpf-pid----5707----pid-5476
---ebpf-pid----379067----pid-379067
---ebpf-pid----372881----pid-1
---ebpf-pid----5707----pid-1
---ebpf-pid----372881----pid-372881
---ebpf-pid----5707----pid-5707
---ebpf-pid----379067----pid-5476
---ebpf-pid----372881----pid-1
---ebpf-pid----5707----pid-5476
---ebpf-pid----379067----pid-1
---ebpf-pid----372881----pid-372881
---ebpf-pid----379067----pid-379067
---ebpf-pid----5707----pid-1
---ebpf-pid----372881----pid-1
---ebpf-pid----379067----pid-5476
---ebpf-pid----5707----pid-5707
---ebpf-pid----372881----pid-372881
---ebpf-pid----379067----pid-1
---ebpf-pid----5707----pid-5476
---ebpf-pid----379067----pid-379067
---ebpf-pid----5707----pid-1
---ebpf-pid----5707----pid-5707
---ebpf-pid----379067----pid-5476
---ebpf-pid----5707----pid-5476
---ebpf-pid----5707----pid-1
---ebpf-pid----379067----pid-1
---ebpf-pid----5707----pid-5707
---ebpf-pid----379067----pid-379067
---ebpf-pid----379067----pid-5476
---ebpf-pid----379067----pid-1
---ebpf-pid----379067----pid-379067
---ebpf-pid----379067----pid-5476
---ebpf-pid----372881----pid-1
---ebpf-pid----379067----pid-1
---ebpf-pid----372881----pid-372881
---ebpf-pid----379067----pid-379067
---ebpf-pid----372881----pid-1
---ebpf-pid----379067----pid-5476
---ebpf-pid----372881----pid-372881
---ebpf-pid----379067----pid-1
---ebpf-pid----372881----pid-1
---ebpf-pid----372881----pid-372881
---ebpf-pid----379067----pid-379067
---ebpf-pid----372881----pid-1
---ebpf-pid----379067----pid-5476
---ebpf-pid----372881----pid-372881
---ebpf-pid----379067----pid-1
---ebpf-pid----372881----pid-1
---ebpf-pid----379067----pid-379067
---ebpf-pid----2012----pid-2012
---ebpf-pid----379067----pid-5476
---ebpf-pid----2012----pid-1
---ebpf-pid----2012----pid-2012
---ebpf-pid----5707----pid-5476
---ebpf-pid----379067----pid-1
---ebpf-pid----379067----pid-379067
---ebpf-pid----5707----pid-1
---ebpf-pid----2012----pid-1
---ebpf-pid----5707----pid-5707
---ebpf-pid----2012----pid-2012
---ebpf-pid----379067----pid-5476
---ebpf-pid----5707----pid-5476
---ebpf-pid----379067----pid-1
---ebpf-pid----379067----pid-379067
---ebpf-pid----5707----pid-1
---ebpf-pid----5707----pid-5707
---ebpf-pid----379067----pid-5476
---ebpf-pid----379067----pid-1
---ebpf-pid----379067----pid-379067
---ebpf-pid----379067----pid-5476
---ebpf-pid----379067----pid-1
---ebpf-pid----379067----pid-379067
---ebpf-pid----2012----pid-1
---ebpf-pid----379067----pid-5476
---ebpf-pid----2012----pid-2012
---ebpf-pid----379067----pid-1
---ebpf-pid----379067----pid-379067
---ebpf-pid----2012----pid-1
---ebpf-pid----379067----pid-5476
---ebpf-pid----2012----pid-2012
---ebpf-pid----2012----pid-1
---ebpf-pid----2012----pid-2012
---ebpf-pid----2012----pid-1
---ebpf-pid----2012----pid-2012
---ebpf-pid----379067----pid-1
---ebpf-pid----2012----pid-1
---ebpf-pid----379067----pid-379067
---ebpf-pid----2012----pid-2012
---ebpf-pid----379067----pid-5476
---ebpf-pid----2012----pid-1
---ebpf-pid----2012----pid-2012
---ebpf-pid----2012----pid-1
---ebpf-pid----2012----pid-2012
---ebpf-pid----2012----pid-1
---ebpf-pid----2012----pid-2012
---ebpf-pid----2012----pid-1
---ebpf-pid----2012----pid-2012
---ebpf-pid----379067----pid-1
---ebpf-pid----379067----pid-379067
---ebpf-pid----2012----pid-1
---ebpf-pid----2012----pid-2012
---ebpf-pid----5707----pid-5476
---ebpf-pid----379067----pid-5476
---ebpf-pid----2012----pid-1
---ebpf-pid----379067----pid-1
---ebpf-pid----2012----pid-2012
---ebpf-pid----5707----pid-1
---ebpf-pid----379067----pid-379067
---ebpf-pid----5707----pid-5707
---ebpf-pid----2012----pid-1
---ebpf-pid----379067----pid-5476
---ebpf-pid----2012----pid-2012
---ebpf-pid----5707----pid-5476
---ebpf-pid----379067----pid-1
---ebpf-pid----2012----pid-1
---ebpf-pid----5707----pid-1
---ebpf-pid----2012----pid-2012
---ebpf-pid----379067----pid-379067
---ebpf-pid----5707----pid-5707
---ebpf-pid----2012----pid-1
---ebpf-pid----379067----pid-5476
---ebpf-pid----2012----pid-2012
---ebpf-pid----5707----pid-5476
---ebpf-pid----379067----pid-1
---ebpf-pid----5707----pid-1
---ebpf-pid----2012----pid-1
---ebpf-pid----379067----pid-379067
---ebpf-pid----5707----pid-5707
---ebpf-pid----2012----pid-2012
---ebpf-pid----5707----pid-5476
---ebpf-pid----2012----pid-1
---ebpf-pid----2012----pid-2012
---ebpf-pid----5707----pid-1
---ebpf-pid----5707----pid-5707
---ebpf-pid----2012----pid-1
---ebpf-pid----2012----pid-2012
---ebpf-pid----5707----pid-5476
---ebpf-pid----2012----pid-1
---ebpf-pid----5707----pid-1
---ebpf-pid----2012----pid-2012
---ebpf-pid----5707----pid-5707
---ebpf-pid----2012----pid-1
---ebpf-pid----2012----pid-2012
---ebpf-pid----5707----pid-5476
---ebpf-pid----5707----pid-1
---ebpf-pid----5707----pid-5707
---ebpf-pid----2012----pid-1
---ebpf-pid----2012----pid-2012
---ebpf-pid----5707----pid-5476
---ebpf-pid----2012----pid-1
---ebpf-pid----2012----pid-2012
---ebpf-pid----5707----pid-1
---ebpf-pid----5707----pid-5707
---ebpf-pid----5707----pid-5476
---ebpf-pid----5707----pid-1
---ebpf-pid----5707----pid-5707
---ebpf-pid----2012----pid-1
---ebpf-pid----2012----pid-2012
---ebpf-pid----5707----pid-5476
---ebpf-pid----2012----pid-1
---ebpf-pid----5707----pid-1
---ebpf-pid----2012----pid-2012
---ebpf-pid----5707----pid-5707
---ebpf-pid----2012----pid-1
---ebpf-pid----5707----pid-5476
---ebpf-pid----2012----pid-2012
---ebpf-pid----5707----pid-1
---ebpf-pid----5705----pid-5705
---ebpf-pid----2012----pid-1
---ebpf-pid----2012----pid-2012
---ebpf-pid----5705----pid-5476
---ebpf-pid----5705----pid-1
---ebpf-pid----2012----pid-1
---ebpf-pid----5705----pid-5705
---ebpf-pid----2012----pid-2012
---ebpf-pid----2012----pid-1
---ebpf-pid----2012----pid-2012
---ebpf-pid----5705----pid-5476
---ebpf-pid----2012----pid-1
---ebpf-pid----2012----pid-2012
---ebpf-pid----5705----pid-1
---ebpf-pid----5705----pid-5705
---ebpf-pid----2012----pid-1
---ebpf-pid----2012----pid-2012
---ebpf-pid----5705----pid-5476
---ebpf-pid----2012----pid-1
---ebpf-pid----5705----pid-1
---ebpf-pid----2012----pid-2012
---ebpf-pid----5705----pid-5705
---ebpf-pid----2012----pid-1
---ebpf-pid----5705----pid-5476
---ebpf-pid----2012----pid-2012
---ebpf-pid----5705----pid-1
---ebpf-pid----2012----pid-1
---ebpf-pid----5705----pid-5705
---ebpf-pid----2012----pid-2012
---ebpf-pid----5705----pid-5476
---ebpf-pid----2012----pid-1
---ebpf-pid----2012----pid-2012
---ebpf-pid----5705----pid-1
---ebpf-pid----2088----pid-2088
---ebpf-pid----2012----pid-1
---ebpf-pid----2088----pid-1
---ebpf-pid----2012----pid-2012
---ebpf-pid----2088----pid-2088
---ebpf-pid----2012----pid-1
---ebpf-pid----2088----pid-1
---ebpf-pid----2012----pid-2012
---ebpf-pid----2088----pid-2088
---ebpf-pid----2012----pid-1
---ebpf-pid----2088----pid-1
---ebpf-pid----2012----pid-2012
---ebpf-pid----2088----pid-2088
---ebpf-pid----2012----pid-1
---ebpf-pid----2088----pid-1
---ebpf-pid----2012----pid-2012
---ebpf-pid----2088----pid-2088
---ebpf-pid----2012----pid-1
---ebpf-pid----2088----pid-1
---ebpf-pid----2012----pid-2012
---ebpf-pid----2088----pid-2088
---ebpf-pid----2012----pid-1
---ebpf-pid----2088----pid-1
---ebpf-pid----379067----pid-5476
---ebpf-pid----2012----pid-2012
---ebpf-pid----2088----pid-2088
---ebpf-pid----2012----pid-1
---ebpf-pid----2012----pid-2012
---ebpf-pid----2012----pid-1
---ebpf-pid----2012----pid-2012
---ebpf-pid----2088----pid-1
---ebpf-pid----2012----pid-1
---ebpf-pid----2012----pid-2012
---ebpf-pid----2012----pid-1
---ebpf-pid----2012----pid-2012
---ebpf-pid----379067----pid-1
---ebpf-pid----2012----pid-1
---ebpf-pid----379067----pid-379067
---ebpf-pid----2012----pid-2012
---ebpf-pid----379067----pid-5476
---ebpf-pid----2012----pid-1
---ebpf-pid----2012----pid-2012
---ebpf-pid----379067----pid-1
---ebpf-pid----379067----pid-379067
---ebpf-pid----2012----pid-1
---ebpf-pid----2012----pid-2012
---ebpf-pid----379067----pid-5476
---ebpf-pid----2012----pid-1
---ebpf-pid----379067----pid-1
---ebpf-pid----2012----pid-2012
---ebpf-pid----379067----pid-379067
---ebpf-pid----2012----pid-1
---ebpf-pid----379067----pid-5476
---ebpf-pid----2012----pid-2012
---ebpf-pid----379067----pid-1
---ebpf-pid----379067----pid-379067
---ebpf-pid----2012----pid-1
---ebpf-pid----2012----pid-2012
---ebpf-pid----379067----pid-5476
---ebpf-pid----379067----pid-1
---ebpf-pid----379067----pid-379067
---ebpf-pid----379067----pid-5476
---ebpf-pid----379067----pid-1
---ebpf-pid----379067----pid-379067
---ebpf-pid----379067----pid-5476
---ebpf-pid----2012----pid-1
---ebpf-pid----2012----pid-2012
---ebpf-pid----379067----pid-1
---ebpf-pid----379067----pid-379067
---ebpf-pid----2012----pid-1
---ebpf-pid----379067----pid-5476
---ebpf-pid----2012----pid-2012
---ebpf-pid----379067----pid-1
---ebpf-pid----2012----pid-1
---ebpf-pid----379067----pid-379067
---ebpf-pid----2012----pid-2012
---ebpf-pid----2012----pid-1
---ebpf-pid----2012----pid-2012
---ebpf-pid----2088----pid-2088
---ebpf-pid----2012----pid-1
---ebpf-pid----2088----pid-1
---ebpf-pid----2012----pid-2012
---ebpf-pid----2088----pid-2088
---ebpf-pid----2012----pid-1
---ebpf-pid----2012----pid-2012
---ebpf-pid----2088----pid-1
---ebpf-pid----2088----pid-2088
---ebpf-pid----2088----pid-1
---ebpf-pid----2088----pid-2088
---ebpf-pid----2088----pid-1
---ebpf-pid----2088----pid-2088
---ebpf-pid----2088----pid-1
---ebpf-pid----2088----pid-2088
---ebpf-pid----2088----pid-1
---ebpf-pid----2088----pid-2088
---ebpf-pid----2012----pid-1
---ebpf-pid----2012----pid-2012
---ebpf-pid----2012----pid-1
---ebpf-pid----2088----pid-1
---ebpf-pid----2012----pid-2012
---ebpf-pid----2088----pid-2088
---ebpf-pid----2012----pid-1
---ebpf-pid----2088----pid-1
---ebpf-pid----2012----pid-2012
---ebpf-pid----2088----pid-2088
---ebpf-pid----2012----pid-1
---ebpf-pid----2088----pid-1
---ebpf-pid----2012----pid-2012
---ebpf-pid----2088----pid-2088
---ebpf-pid----2088----pid-1
---ebpf-pid----2012----pid-1
---ebpf-pid----2012----pid-2012
---ebpf-pid----2088----pid-2088
---ebpf-pid----2012----pid-1
---ebpf-pid----2088----pid-1
---ebpf-pid----2012----pid-2012
---ebpf-pid----2088----pid-2088
---ebpf-pid----2012----pid-1
---ebpf-pid----2088----pid-1
---ebpf-pid----2012----pid-2012
---ebpf-pid----2088----pid-2088
---ebpf-pid----379067----pid-5476
---ebpf-pid----2012----pid-1
---ebpf-pid----2012----pid-2012
---ebpf-pid----379067----pid-1
---ebpf-pid----2012----pid-1
---ebpf-pid----379067----pid-379067
---ebpf-pid----2012----pid-2012
---ebpf-pid----2012----pid-1
---ebpf-pid----379067----pid-5476
---ebpf-pid----2012----pid-2012
---ebpf-pid----379067----pid-1
---ebpf-pid----2012----pid-1
---ebpf-pid----5707----pid-5707
---ebpf-pid----372881----pid-372881
---ebpf-pid----5707----pid-5476
---ebpf-pid----372881----pid-1
---ebpf-pid----372881----pid-372881
---ebpf-pid----5707----pid-1
---ebpf-pid----5707----pid-5707
---ebpf-pid----372881----pid-1
---ebpf-pid----5707----pid-5476
---ebpf-pid----372881----pid-372881
---ebpf-pid----5707----pid-1
---ebpf-pid----372881----pid-1
---ebpf-pid----5707----pid-5707
---ebpf-pid----372881----pid-372881
---ebpf-pid----5707----pid-5476
---ebpf-pid----5707----pid-1
---ebpf-pid----372881----pid-1
---ebpf-pid----5707----pid-5707
---ebpf-pid----372881----pid-372881
---ebpf-pid----5707----pid-5476
---ebpf-pid----372881----pid-1
---ebpf-pid----372881----pid-372881
---ebpf-pid----5707----pid-1
---ebpf-pid----5707----pid-5707
---ebpf-pid----372881----pid-1
---ebpf-pid----372881----pid-372881
---ebpf-pid----5707----pid-5476
---ebpf-pid----372881----pid-1
---ebpf-pid----5707----pid-1
---ebpf-pid----372881----pid-372881
---ebpf-pid----5707----pid-5707
---ebpf-pid----372881----pid-1
---ebpf-pid----372881----pid-372881
---ebpf-pid----2088----pid-1
---ebpf-pid----2088----pid-2088
---ebpf-pid----372881----pid-1
---ebpf-pid----372881----pid-372881
---ebpf-pid----2088----pid-1
---ebpf-pid----2088----pid-2088
---ebpf-pid----372881----pid-1
---ebpf-pid----372881----pid-372881
---ebpf-pid----2088----pid-1
---ebpf-pid----2088----pid-2088
---ebpf-pid----372881----pid-1
---ebpf-pid----372881----pid-372881
---ebpf-pid----2088----pid-1
---ebpf-pid----2088----pid-2088
---ebpf-pid----372881----pid-1
---ebpf-pid----2088----pid-1
---ebpf-pid----372881----pid-372881
---ebpf-pid----2088----pid-2088
---ebpf-pid----372881----pid-1
---ebpf-pid----372881----pid-372881
---ebpf-pid----2088----pid-1
---ebpf-pid----2088----pid-2088
---ebpf-pid----372881----pid-1
---ebpf-pid----372881----pid-372881
---ebpf-pid----2088----pid-1
---ebpf-pid----2088----pid-2088
---ebpf-pid----5707----pid-5476
---ebpf-pid----2088----pid-1
---ebpf-pid----2088----pid-2088
---ebpf-pid----5707----pid-1
---ebpf-pid----5707----pid-5707
---ebpf-pid----2088----pid-1
---ebpf-pid----2088----pid-2088
---ebpf-pid----5707----pid-5476
---ebpf-pid----2088----pid-1
---ebpf-pid----5707----pid-1
---ebpf-pid----2088----pid-2088
---ebpf-pid----5707----pid-5707
---ebpf-pid----2088----pid-1
---ebpf-pid----5705----pid-5705
---ebpf-pid----5707----pid-5476
---ebpf-pid----5707----pid-1
---ebpf-pid----5705----pid-5476
---ebpf-pid----5707----pid-5707
---ebpf-pid----5705----pid-1
---ebpf-pid----5705----pid-5705
---ebpf-pid----5707----pid-5476
---ebpf-pid----5705----pid-5476
---ebpf-pid----5707----pid-1
---ebpf-pid----5707----pid-5707
---ebpf-pid----5705----pid-1
---ebpf-pid----5707----pid-5476
---ebpf-pid----2088----pid-2088
---ebpf-pid----5707----pid-1
---ebpf-pid----2088----pid-1
---ebpf-pid----448784----pid-448784
---ebpf-pid----2088----pid-2088
---ebpf-pid----448784----pid-448520
---ebpf-pid----2088----pid-1
---ebpf-pid----2088----pid-2088
---ebpf-pid----448784----pid-1
---ebpf-pid----448784----pid-448784
---ebpf-pid----2088----pid-1
---ebpf-pid----2088----pid-2088
---ebpf-pid----448784----pid-448520
---ebpf-pid----2088----pid-1
---ebpf-pid----448784----pid-1
---ebpf-pid----2088----pid-2088
---ebpf-pid----5637----pid-5637
---ebpf-pid----2088----pid-1
---ebpf-pid----5637----pid-1
---ebpf-pid----2088----pid-2088
---ebpf-pid----5707----pid-5707
---ebpf-pid----2088----pid-1
---ebpf-pid----5707----pid-5476
---ebpf-pid----2088----pid-2088
---ebpf-pid----5707----pid-1
---ebpf-pid----5707----pid-5707
---ebpf-pid----2088----pid-1
---ebpf-pid----5707----pid-5476
---ebpf-pid----2088----pid-2088
---ebpf-pid----5707----pid-1
---ebpf-pid----2088----pid-1
---ebpf-pid----5707----pid-5707
---ebpf-pid----2088----pid-2088
---ebpf-pid----5707----pid-5476
---ebpf-pid----2088----pid-1
---ebpf-pid----372881----pid-1
---ebpf-pid----5707----pid-1
---ebpf-pid----2088----pid-2088
---ebpf-pid----5707----pid-5707
---ebpf-pid----2088----pid-1
---ebpf-pid----372881----pid-372881
---ebpf-pid----2088----pid-2088
---ebpf-pid----5707----pid-5476
---ebpf-pid----372881----pid-1
---ebpf-pid----2088----pid-1
---ebpf-pid----2088----pid-2088
---ebpf-pid----372881----pid-372881
---ebpf-pid----5707----pid-1
---ebpf-pid----5707----pid-5707
---ebpf-pid----2088----pid-1
---ebpf-pid----2088----pid-2088
---ebpf-pid----5707----pid-5476
---ebpf-pid----372881----pid-1
---ebpf-pid----2088----pid-1
---ebpf-pid----372881----pid-372881
---ebpf-pid----2088----pid-2088
---ebpf-pid----372881----pid-1
---ebpf-pid----2088----pid-1
---ebpf-pid----2088----pid-2088
---ebpf-pid----372881----pid-372881
---ebpf-pid----2088----pid-1
---ebpf-pid----372881----pid-1
---ebpf-pid----2088----pid-2088
---ebpf-pid----372881----pid-372881
---ebpf-pid----2088----pid-1
---ebpf-pid----2088----pid-2088
---ebpf-pid----372881----pid-1
---ebpf-pid----372881----pid-372881
---ebpf-pid----2088----pid-1
---ebpf-pid----2088----pid-2088
---ebpf-pid----372881----pid-1
---ebpf-pid----2088----pid-1
---ebpf-pid----372881----pid-372881
---ebpf-pid----2088----pid-2088
---ebpf-pid----2088----pid-1
---ebpf-pid----372881----pid-1
---ebpf-pid----2088----pid-2088
---ebpf-pid----372881----pid-372881
---ebpf-pid----2088----pid-1
---ebpf-pid----372881----pid-1
---ebpf-pid----2088----pid-2088
---ebpf-pid----372881----pid-372881
---ebpf-pid----2088----pid-1
---ebpf-pid----2088----pid-2088
---ebpf-pid----372881----pid-1
---ebpf-pid----2088----pid-1
---ebpf-pid----2088----pid-2088
---ebpf-pid----372881----pid-372881
---ebpf-pid----2088----pid-1
---ebpf-pid----2088----pid-2088
---ebpf-pid----372881----pid-1
---ebpf-pid----372881----pid-372881
---ebpf-pid----2088----pid-1
---ebpf-pid----2088----pid-2088
---ebpf-pid----2088----pid-1
---ebpf-pid----2088----pid-2088
---ebpf-pid----372881----pid-1
---ebpf-pid----372881----pid-372881
---ebpf-pid----2088----pid-1
---ebpf-pid----2088----pid-2088
---ebpf-pid----372881----pid-1
---ebpf-pid----372881----pid-372881
---ebpf-pid----2088----pid-1
---ebpf-pid----2088----pid-2088
---ebpf-pid----372881----pid-1
---ebpf-pid----372881----pid-372881
---ebpf-pid----372881----pid-1
---ebpf-pid----2088----pid-1
---ebpf-pid----372881----pid-372881
---ebpf-pid----2088----pid-2088
---ebpf-pid----2088----pid-1
---ebpf-pid----372881----pid-1
---ebpf-pid----2088----pid-2088
---ebpf-pid----372881----pid-372881
---ebpf-pid----2088----pid-1
---ebpf-pid----2088----pid-2088
---ebpf-pid----372881----pid-1
---ebpf-pid----372881----pid-372881
---ebpf-pid----2088----pid-1
---ebpf-pid----2088----pid-2088
---ebpf-pid----372881----pid-1
---ebpf-pid----2088----pid-1
---ebpf-pid----372881----pid-372881
---ebpf-pid----2088----pid-2088
---ebpf-pid----2088----pid-1
---ebpf-pid----2088----pid-2088
---ebpf-pid----2088----pid-1
---ebpf-pid----2088----pid-2088
---ebpf-pid----2088----pid-1
---ebpf-pid----2088----pid-2088
---ebpf-pid----2088----pid-1
---ebpf-pid----2088----pid-2088
---ebpf-pid----2088----pid-1
---ebpf-pid----372881----pid-372881
---ebpf-pid----372881----pid-1
---ebpf-pid----372881----pid-372881
---ebpf-pid----372881----pid-1
---ebpf-pid----372881----pid-372881
---ebpf-pid----372881----pid-1
---ebpf-pid----372881----pid-372881
---ebpf-pid----372881----pid-1
---ebpf-pid----372881----pid-372881
---ebpf-pid----372881----pid-1
---ebpf-pid----372881----pid-372881
---ebpf-pid----372881----pid-1
---ebpf-pid----372881----pid-372881
---ebpf-pid----372881----pid-1
---ebpf-pid----372881----pid-372881
---ebpf-pid----372881----pid-1
---ebpf-pid----372881----pid-372881
---ebpf-pid----372881----pid-1
---ebpf-pid----372881----pid-372881
---ebpf-pid----372881----pid-1
---ebpf-pid----372881----pid-372881
---ebpf-pid----372881----pid-1
---ebpf-pid----372881----pid-372881
---ebpf-pid----372881----pid-1
---ebpf-pid----372881----pid-372881
---ebpf-pid----372881----pid-1
---ebpf-pid----372881----pid-372881
---ebpf-pid----372881----pid-1
---ebpf-pid----372881----pid-372881
---ebpf-pid----372881----pid-1
---ebpf-pid----372881----pid-372881
---ebpf-pid----5707----pid-1
---ebpf-pid----5707----pid-5707
---ebpf-pid----372881----pid-1
---ebpf-pid----372881----pid-1
---ebpf-pid----372881----pid-372881
---ebpf-pid----372881----pid-372881
---ebpf-pid----5707----pid-5476
---ebpf-pid----372881----pid-1
---ebpf-pid----372881----pid-1
---ebpf-pid----372881----pid-372881
---ebpf-pid----372881----pid-372881
---ebpf-pid----5707----pid-1
---ebpf-pid----5707----pid-5707
---ebpf-pid----372881----pid-1
---ebpf-pid----372881----pid-1
---ebpf-pid----372881----pid-372881
---ebpf-pid----5707----pid-5476
---ebpf-pid----372881----pid-372881
---ebpf-pid----372881----pid-1
---ebpf-pid----372881----pid-1
---ebpf-pid----5707----pid-1
---ebpf-pid----372881----pid-372881
---ebpf-pid----372881----pid-372881
---ebpf-pid----373029----pid-373029
---ebpf-pid----372881----pid-1
---ebpf-pid----372881----pid-1
---ebpf-pid----373029----pid-5476
---ebpf-pid----372881----pid-372881
---ebpf-pid----372881----pid-372881
---ebpf-pid----373029----pid-1
---ebpf-pid----372881----pid-1
---ebpf-pid----372881----pid-1
---ebpf-pid----372881----pid-372881
---ebpf-pid----373029----pid-373029
---ebpf-pid----2088----pid-2088
---ebpf-pid----372881----pid-1
---ebpf-pid----373029----pid-5476
---ebpf-pid----2088----pid-1
---ebpf-pid----2089----pid-2089
---ebpf-pid----2088----pid-2088
---ebpf-pid----373029----pid-1
---ebpf-pid----373029----pid-373029
---ebpf-pid----2089----pid-1
---ebpf-pid----2088----pid-1
---ebpf-pid----2089----pid-2089
---ebpf-pid----2088----pid-2088
---ebpf-pid----373029----pid-5476
---ebpf-pid----2089----pid-1
---ebpf-pid----2088----pid-1
---ebpf-pid----2089----pid-2089
---ebpf-pid----2088----pid-2088
---ebpf-pid----373029----pid-1
---ebpf-pid----373029----pid-373029
---ebpf-pid----2089----pid-1
---ebpf-pid----2088----pid-1
---ebpf-pid----2089----pid-2089
---ebpf-pid----373029----pid-5476
---ebpf-pid----2088----pid-2088
---ebpf-pid----373029----pid-1
---ebpf-pid----2089----pid-1
---ebpf-pid----2089----pid-2089
---ebpf-pid----373029----pid-373029
---ebpf-pid----373029----pid-5476
---ebpf-pid----2089----pid-1
---ebpf-pid----2089----pid-2089
---ebpf-pid----373029----pid-1
---ebpf-pid----373029----pid-373029
---ebpf-pid----2089----pid-1
---ebpf-pid----2089----pid-2089
---ebpf-pid----373029----pid-5476
---ebpf-pid----2089----pid-1
---ebpf-pid----2089----pid-2089
---ebpf-pid----373029----pid-1
---ebpf-pid----373029----pid-373029
---ebpf-pid----2089----pid-1
---ebpf-pid----2089----pid-2089
---ebpf-pid----373029----pid-5476
---ebpf-pid----2089----pid-1
---ebpf-pid----373029----pid-1
---ebpf-pid----2089----pid-2089
---ebpf-pid----373029----pid-373029
---ebpf-pid----2089----pid-1
---ebpf-pid----373029----pid-5476
---ebpf-pid----2089----pid-2089
---ebpf-pid----373029----pid-1
---ebpf-pid----2089----pid-1
---ebpf-pid----373029----pid-373029
---ebpf-pid----2089----pid-2089
---ebpf-pid----373029----pid-5476
---ebpf-pid----2089----pid-1
---ebpf-pid----2089----pid-2089
---ebpf-pid----373029----pid-1
---ebpf-pid----2089----pid-1
---ebpf-pid----373029----pid-373029
---ebpf-pid----2089----pid-2089
---ebpf-pid----373029----pid-5476
---ebpf-pid----2089----pid-1
---ebpf-pid----2089----pid-2089
---ebpf-pid----373029----pid-1
---ebpf-pid----2089----pid-1
---ebpf-pid----2089----pid-2089
---ebpf-pid----2089----pid-1
---ebpf-pid----2089----pid-2089
---ebpf-pid----2089----pid-1
---ebpf-pid----2089----pid-2089
---ebpf-pid----2089----pid-1
---ebpf-pid----2089----pid-2089
---ebpf-pid----2089----pid-1
---ebpf-pid----2089----pid-2089
---ebpf-pid----2089----pid-1
---ebpf-pid----2089----pid-2089
---ebpf-pid----2089----pid-1
---ebpf-pid----2089----pid-2089
---ebpf-pid----2089----pid-1
---ebpf-pid----2089----pid-2089
---ebpf-pid----2089----pid-1
---ebpf-pid----2089----pid-2089
---ebpf-pid----2088----pid-1
---ebpf-pid----2089----pid-1
---ebpf-pid----2088----pid-2088
---ebpf-pid----2089----pid-2089
---ebpf-pid----2089----pid-1
---ebpf-pid----2088----pid-1
---ebpf-pid----2089----pid-2089
---ebpf-pid----2088----pid-2088
---ebpf-pid----2089----pid-1
---ebpf-pid----2089----pid-2089
---ebpf-pid----2088----pid-1
---ebpf-pid----2088----pid-2088
---ebpf-pid----2089----pid-1
---ebpf-pid----2089----pid-2089
---ebpf-pid----2088----pid-1
---ebpf-pid----2088----pid-2088
---ebpf-pid----2089----pid-1
---ebpf-pid----2089----pid-2089
---ebpf-pid----2089----pid-1
---ebpf-pid----2089----pid-2089
---ebpf-pid----2089----pid-1
---ebpf-pid----2089----pid-2089
---ebpf-pid----448784----pid-448784
---ebpf-pid----2089----pid-1
---ebpf-pid----448784----pid-448520
---ebpf-pid----2089----pid-2089
---ebpf-pid----448784----pid-1
---ebpf-pid----2089----pid-1
---ebpf-pid----373029----pid-373029
---ebpf-pid----2089----pid-2089
---ebpf-pid----373029----pid-5476
---ebpf-pid----2089----pid-1
---ebpf-pid----2089----pid-2089
---ebpf-pid----373029----pid-1
---ebpf-pid----373029----pid-373029
---ebpf-pid----2089----pid-1
---ebpf-pid----2089----pid-2089
---ebpf-pid----373029----pid-5476
---ebpf-pid----2089----pid-1
---ebpf-pid----2089----pid-2089
---ebpf-pid----373029----pid-1
---ebpf-pid----373029----pid-373029
---ebpf-pid----2089----pid-1
---ebpf-pid----2089----pid-2089
---ebpf-pid----373029----pid-5476
---ebpf-pid----373029----pid-1
---ebpf-pid----2089----pid-1
---ebpf-pid----373029----pid-373029
---ebpf-pid----2089----pid-2089
---ebpf-pid----2088----pid-1
---ebpf-pid----2088----pid-2088
---ebpf-pid----373029----pid-5476
---ebpf-pid----2089----pid-1
---ebpf-pid----2089----pid-2089
---ebpf-pid----2088----pid-1
---ebpf-pid----373029----pid-1
---ebpf-pid----2088----pid-2088
---ebpf-pid----373029----pid-373029
---ebpf-pid----2089----pid-1
---ebpf-pid----2089----pid-2089
---ebpf-pid----373029----pid-5476
---ebpf-pid----2088----pid-1
---ebpf-pid----2088----pid-2088
---ebpf-pid----373029----pid-1
---ebpf-pid----2089----pid-1
---ebpf-pid----448784----pid-448784
---ebpf-pid----2089----pid-2089
---ebpf-pid----2089----pid-1
---ebpf-pid----448784----pid-448520
---ebpf-pid----2089----pid-2089
---ebpf-pid----448784----pid-1
---ebpf-pid----2089----pid-1
---ebpf-pid----373029----pid-373029
---ebpf-pid----2089----pid-2089
---ebpf-pid----373029----pid-5476
---ebpf-pid----2089----pid-1
---ebpf-pid----2089----pid-2089
---ebpf-pid----373029----pid-1
---ebpf-pid----373029----pid-373029
---ebpf-pid----373029----pid-5476
---ebpf-pid----373029----pid-1
---ebpf-pid----2089----pid-1
---ebpf-pid----2088----pid-1
---ebpf-pid----373029----pid-373029
---ebpf-pid----2089----pid-2089
---ebpf-pid----2088----pid-2088
---ebpf-pid----373029----pid-5476
---ebpf-pid----2089----pid-1
---ebpf-pid----2089----pid-2089
---ebpf-pid----2088----pid-1
---ebpf-pid----373029----pid-1
---ebpf-pid----2088----pid-2088
---ebpf-pid----373029----pid-373029
---ebpf-pid----2089----pid-1
---ebpf-pid----2089----pid-2089
---ebpf-pid----2088----pid-1
---ebpf-pid----373029----pid-5476
---ebpf-pid----2088----pid-2088
---ebpf-pid----2089----pid-1
---ebpf-pid----2089----pid-2089
---ebpf-pid----373029----pid-1
---ebpf-pid----373029----pid-373029
---ebpf-pid----2089----pid-1
---ebpf-pid----2089----pid-2089
---ebpf-pid----373029----pid-5476
---ebpf-pid----2089----pid-1
---ebpf-pid----373029----pid-1
---ebpf-pid----2089----pid-2089
---ebpf-pid----373029----pid-373029
---ebpf-pid----2089----pid-1
---ebpf-pid----373029----pid-5476
---ebpf-pid----5705----pid-5705
---ebpf-pid----2088----pid-1
---ebpf-pid----373029----pid-1
---ebpf-pid----2088----pid-2088
---ebpf-pid----373029----pid-373029
---ebpf-pid----5705----pid-5476
---ebpf-pid----5705----pid-1
---ebpf-pid----373029----pid-5476
---ebpf-pid----2088----pid-1
---ebpf-pid----5705----pid-5705
---ebpf-pid----2088----pid-2088
---ebpf-pid----373029----pid-1
---ebpf-pid----373029----pid-373029
---ebpf-pid----5705----pid-5476
---ebpf-pid----2088----pid-1
---ebpf-pid----2088----pid-2088
---ebpf-pid----5705----pid-1
---ebpf-pid----5705----pid-5705
---ebpf-pid----373029----pid-5476
---ebpf-pid----5705----pid-5476
---ebpf-pid----373029----pid-1
---ebpf-pid----5705----pid-1
---ebpf-pid----373029----pid-373029
---ebpf-pid----5705----pid-5705
---ebpf-pid----373029----pid-5476
---ebpf-pid----5705----pid-5476
---ebpf-pid----373029----pid-1
---ebpf-pid----5705----pid-1
---ebpf-pid----5705----pid-5705
---ebpf-pid----2088----pid-1
---ebpf-pid----5705----pid-5476
---ebpf-pid----2088----pid-2088
---ebpf-pid----5705----pid-1
---ebpf-pid----5705----pid-5705
---ebpf-pid----2088----pid-1
---ebpf-pid----2088----pid-2088
---ebpf-pid----5705----pid-5476
---ebpf-pid----2088----pid-1
---ebpf-pid----5705----pid-1
---ebpf-pid----2088----pid-2088
---ebpf-pid----5705----pid-5705
---ebpf-pid----2088----pid-1
---ebpf-pid----5705----pid-5476
---ebpf-pid----2088----pid-2088
---ebpf-pid----2088----pid-1
---ebpf-pid----2088----pid-2088
---ebpf-pid----5705----pid-1
---ebpf-pid----2088----pid-1
---ebpf-pid----5705----pid-5705
---ebpf-pid----2088----pid-2088
---ebpf-pid----2088----pid-1
---ebpf-pid----5705----pid-5476
---ebpf-pid----2088----pid-2088
---ebpf-pid----5705----pid-1
---ebpf-pid----5705----pid-5705
---ebpf-pid----5705----pid-5476
---ebpf-pid----5705----pid-1
---ebpf-pid----5705----pid-5705
---ebpf-pid----5705----pid-5476
---ebpf-pid----5705----pid-1
---ebpf-pid----5705----pid-5705
---ebpf-pid----5705----pid-5476
---ebpf-pid----5705----pid-1
---ebpf-pid----5705----pid-5705
---ebpf-pid----2088----pid-1
---ebpf-pid----2088----pid-2088
---ebpf-pid----2088----pid-1
---ebpf-pid----9178----pid-9178
---ebpf-pid----9178----pid-7637
---ebpf-pid----5705----pid-5476
---ebpf-pid----9178----pid-1
---ebpf-pid----9178----pid-9178
---ebpf-pid----5705----pid-1
---ebpf-pid----5705----pid-5705
---ebpf-pid----9178----pid-7637
---ebpf-pid----5705----pid-5476
---ebpf-pid----9178----pid-1
---ebpf-pid----9178----pid-9178
---ebpf-pid----5705----pid-1
---ebpf-pid----5705----pid-5705
---ebpf-pid----9178----pid-7637
---ebpf-pid----5705----pid-5476
---ebpf-pid----9178----pid-1
---ebpf-pid----5705----pid-1
---ebpf-pid----9178----pid-9178
---ebpf-pid----5705----pid-5705
---ebpf-pid----5705----pid-5476
---ebpf-pid----9178----pid-7637
---ebpf-pid----9178----pid-1
---ebpf-pid----5705----pid-1
---ebpf-pid----5705----pid-5705
---ebpf-pid----2088----pid-2088
---ebpf-pid----5705----pid-5476
---ebpf-pid----2088----pid-1
---ebpf-pid----2088----pid-2088
---ebpf-pid----5705----pid-1
---ebpf-pid----5705----pid-5705
---ebpf-pid----2088----pid-1
---ebpf-pid----5705----pid-5476
---ebpf-pid----2088----pid-2088
---ebpf-pid----5705----pid-1
---ebpf-pid----5705----pid-5705
---ebpf-pid----2088----pid-1
---ebpf-pid----2088----pid-2088
---ebpf-pid----5705----pid-5476
---ebpf-pid----2088----pid-1
---ebpf-pid----5705----pid-1
---ebpf-pid----2089----pid-2089
---ebpf-pid----5705----pid-5705
---ebpf-pid----5705----pid-5476
---ebpf-pid----2089----pid-1
---ebpf-pid----2089----pid-2089
---ebpf-pid----5705----pid-1
---ebpf-pid----5705----pid-5705
---ebpf-pid----2089----pid-1
---ebpf-pid----2089----pid-2089
---ebpf-pid----5705----pid-5476
---ebpf-pid----5705----pid-1
---ebpf-pid----2089----pid-1
---ebpf-pid----373029----pid-373029
---ebpf-pid----373029----pid-5476
---ebpf-pid----373029----pid-1
---ebpf-pid----373029----pid-373029
---ebpf-pid----373029----pid-5476
---ebpf-pid----373029----pid-1
---ebpf-pid----373029----pid-373029
---ebpf-pid----373029----pid-5476
---ebpf-pid----373029----pid-1
---ebpf-pid----373029----pid-373029
---ebpf-pid----373029----pid-5476
---ebpf-pid----373029----pid-1
---ebpf-pid----373029----pid-373029
---ebpf-pid----373029----pid-5476
---ebpf-pid----373029----pid-1
---ebpf-pid----373029----pid-373029
---ebpf-pid----373029----pid-5476
---ebpf-pid----373029----pid-1
---ebpf-pid----373029----pid-373029
---ebpf-pid----373029----pid-5476
---ebpf-pid----373029----pid-1
---ebpf-pid----373029----pid-373029
---ebpf-pid----373029----pid-5476
---ebpf-pid----373029----pid-1
---ebpf-pid----373029----pid-373029
---ebpf-pid----373029----pid-5476
---ebpf-pid----373029----pid-1
---ebpf-pid----373029----pid-373029
---ebpf-pid----373029----pid-5476
---ebpf-pid----373029----pid-1
---ebpf-pid----373029----pid-373029
---ebpf-pid----373029----pid-5476
---ebpf-pid----373029----pid-1
---ebpf-pid----373029----pid-373029
---ebpf-pid----373029----pid-5476
---ebpf-pid----373029----pid-1
---ebpf-pid----373029----pid-373029
---ebpf-pid----373029----pid-5476
---ebpf-pid----373029----pid-1
---ebpf-pid----373029----pid-373029
---ebpf-pid----373029----pid-5476
---ebpf-pid----373029----pid-1
---ebpf-pid----5707----pid-5707
---ebpf-pid----5707----pid-5476
---ebpf-pid----2089----pid-2089
---ebpf-pid----2089----pid-1
---ebpf-pid----373029----pid-373029
---ebpf-pid----373029----pid-5476
---ebpf-pid----373029----pid-1
---ebpf-pid----373029----pid-373029
---ebpf-pid----373029----pid-5476
---ebpf-pid----373029----pid-1
---ebpf-pid----5705----pid-5705
---ebpf-pid----5705----pid-5476
---ebpf-pid----5705----pid-1
---ebpf-pid----5705----pid-5705
---ebpf-pid----5705----pid-5476
---ebpf-pid----5705----pid-1
---ebpf-pid----5705----pid-5705
---ebpf-pid----5705----pid-5476
---ebpf-pid----2089----pid-2089
---ebpf-pid----5705----pid-1
---ebpf-pid----5705----pid-5705
---ebpf-pid----2089----pid-1
---ebpf-pid----2089----pid-2089
---ebpf-pid----5705----pid-5476
---ebpf-pid----2089----pid-1
---ebpf-pid----5705----pid-1
---ebpf-pid----2089----pid-2089
---ebpf-pid----5705----pid-5705
---ebpf-pid----2089----pid-1
---ebpf-pid----5705----pid-5476
---ebpf-pid----2089----pid-2089
---ebpf-pid----5705----pid-1
---ebpf-pid----2089----pid-1
---ebpf-pid----5705----pid-5705
---ebpf-pid----2089----pid-2089
---ebpf-pid----5705----pid-5476
---ebpf-pid----2089----pid-1
---ebpf-pid----5705----pid-1
---ebpf-pid----2089----pid-2089
---ebpf-pid----2088----pid-2088
---ebpf-pid----2089----pid-1
---ebpf-pid----2088----pid-1
---ebpf-pid----2089----pid-2089
---ebpf-pid----2089----pid-2089
---ebpf-pid----2089----pid-1
---ebpf-pid----2089----pid-1
---ebpf-pid----2089----pid-2089
---ebpf-pid----2089----pid-2089
---ebpf-pid----2089----pid-1
---ebpf-pid----2089----pid-1
---ebpf-pid----2089----pid-2089
---ebpf-pid----2089----pid-2089
---ebpf-pid----5707----pid-1
---ebpf-pid----5707----pid-5707
---ebpf-pid----5707----pid-5476
---ebpf-pid----2089----pid-1
---ebpf-pid----5707----pid-1
---ebpf-pid----2089----pid-1
---ebpf-pid----2089----pid-2089
---ebpf-pid----2089----pid-1
---ebpf-pid----2089----pid-2089
---ebpf-pid----2089----pid-1
---ebpf-pid----2089----pid-2089
---ebpf-pid----2089----pid-1
---ebpf-pid----2089----pid-2089
---ebpf-pid----2089----pid-2089
---ebpf-pid----2089----pid-1
---ebpf-pid----2089----pid-2089
---ebpf-pid----2089----pid-1
---ebpf-pid----2089----pid-1
---ebpf-pid----2089----pid-2089
---ebpf-pid----2089----pid-1
---ebpf-pid----2089----pid-2089
---ebpf-pid----5707----pid-5707
---ebpf-pid----5707----pid-5476
---ebpf-pid----5707----pid-1
---ebpf-pid----5707----pid-5707
---ebpf-pid----5707----pid-5476
---ebpf-pid----5707----pid-1
---ebpf-pid----5707----pid-5707
---ebpf-pid----5707----pid-5476
---ebpf-pid----2089----pid-1
---ebpf-pid----5707----pid-1
---ebpf-pid----5707----pid-5707
---ebpf-pid----2089----pid-2089
---ebpf-pid----5707----pid-5476
---ebpf-pid----2089----pid-1
---ebpf-pid----2089----pid-2089
---ebpf-pid----2089----pid-1
---ebpf-pid----2089----pid-2089
---ebpf-pid----2089----pid-2089
---ebpf-pid----5707----pid-1
---ebpf-pid----5707----pid-5707
---ebpf-pid----2089----pid-1
---ebpf-pid----5707----pid-5476
---ebpf-pid----2089----pid-2089
---ebpf-pid----2089----pid-1
---ebpf-pid----5707----pid-1
---ebpf-pid----5707----pid-5707
---ebpf-pid----2089----pid-2089
---ebpf-pid----2089----pid-1
---ebpf-pid----2089----pid-2089
---ebpf-pid----2089----pid-1
---ebpf-pid----2089----pid-1
---ebpf-pid----2089----pid-2089
---ebpf-pid----5705----pid-5705
---ebpf-pid----5705----pid-5476
---ebpf-pid----5705----pid-1
---ebpf-pid----5705----pid-5705
---ebpf-pid----2089----pid-1
---ebpf-pid----5705----pid-5476
---ebpf-pid----5705----pid-1
---ebpf-pid----5705----pid-5705
---ebpf-pid----5705----pid-5476
---ebpf-pid----5705----pid-1
---ebpf-pid----5705----pid-5705
---ebpf-pid----5705----pid-5476
---ebpf-pid----2089----pid-2089
---ebpf-pid----2089----pid-1
---ebpf-pid----2089----pid-2089
---ebpf-pid----5705----pid-1
---ebpf-pid----2089----pid-1
---ebpf-pid----5705----pid-5705
---ebpf-pid----2089----pid-2089
---ebpf-pid----5705----pid-5476
---ebpf-pid----2089----pid-1
---ebpf-pid----2089----pid-2089
---ebpf-pid----5707----pid-5476
---ebpf-pid----5705----pid-1
---ebpf-pid----5707----pid-1
---ebpf-pid----5705----pid-5705
---ebpf-pid----5707----pid-5707
---ebpf-pid----5705----pid-5476
---ebpf-pid----5707----pid-5476
---ebpf-pid----5707----pid-1
---ebpf-pid----5705----pid-1
---ebpf-pid----5707----pid-5707
---ebpf-pid----5705----pid-5705
---ebpf-pid----5707----pid-5476
---ebpf-pid----5705----pid-5476
---ebpf-pid----5707----pid-1
---ebpf-pid----5705----pid-1
---ebpf-pid----5705----pid-5705
---ebpf-pid----5707----pid-5707
---ebpf-pid----5705----pid-5476
---ebpf-pid----5707----pid-5476
---ebpf-pid----5705----pid-1
---ebpf-pid----5707----pid-1
---ebpf-pid----5705----pid-5705
---ebpf-pid----5707----pid-5707
---ebpf-pid----5705----pid-5476
---ebpf-pid----5707----pid-5476
---ebpf-pid----5707----pid-1
---ebpf-pid----5707----pid-5707
---ebpf-pid----2089----pid-1
---ebpf-pid----2089----pid-2089
---ebpf-pid----2089----pid-1
---ebpf-pid----2089----pid-2089
---ebpf-pid----2089----pid-1
---ebpf-pid----2089----pid-2089
---ebpf-pid----2089----pid-1
---ebpf-pid----2089----pid-2089
---ebpf-pid----2089----pid-1
---ebpf-pid----2089----pid-2089
---ebpf-pid----5707----pid-5476
---ebpf-pid----5705----pid-1
---ebpf-pid----5707----pid-1
---ebpf-pid----5707----pid-5707
---ebpf-pid----5705----pid-5705
---ebpf-pid----5705----pid-5476
---ebpf-pid----5705----pid-1
---ebpf-pid----5705----pid-5705
---ebpf-pid----5705----pid-5476
---ebpf-pid----5705----pid-1
---ebpf-pid----5705----pid-5705
---ebpf-pid----5705----pid-5476
---ebpf-pid----5707----pid-5476
---ebpf-pid----5707----pid-1
---ebpf-pid----5705----pid-1
---ebpf-pid----2089----pid-1
---ebpf-pid----5707----pid-5707
---ebpf-pid----2089----pid-2089
---ebpf-pid----5705----pid-5705
---ebpf-pid----2089----pid-1
---ebpf-pid----2089----pid-2089
---ebpf-pid----5707----pid-5476
---ebpf-pid----5705----pid-5476
---ebpf-pid----5705----pid-1
---ebpf-pid----2089----pid-2089
---ebpf-pid----2089----pid-1
---ebpf-pid----5707----pid-1
---ebpf-pid----5707----pid-5707
---ebpf-pid----2089----pid-2089
---ebpf-pid----2089----pid-1
---ebpf-pid----5705----pid-5705
---ebpf-pid----5705----pid-5476
---ebpf-pid----2089----pid-1
---ebpf-pid----2089----pid-2089
---ebpf-pid----5705----pid-1
---ebpf-pid----5705----pid-5705
---ebpf-pid----2089----pid-1
---ebpf-pid----2089----pid-2089
---ebpf-pid----5705----pid-5705
---ebpf-pid----2089----pid-1
---ebpf-pid----2089----pid-2089
---ebpf-pid----5705----pid-5476
---ebpf-pid----2089----pid-1
---ebpf-pid----2012----pid-2012
---ebpf-pid----5705----pid-1
---ebpf-pid----5705----pid-5705
---ebpf-pid----2012----pid-1
---ebpf-pid----5707----pid-5476
---ebpf-pid----2012----pid-2012
---ebpf-pid----5705----pid-5476
---ebpf-pid----5705----pid-5476
---ebpf-pid----2012----pid-1
---ebpf-pid----5707----pid-1
---ebpf-pid----5705----pid-1
---ebpf-pid----2012----pid-2012
---ebpf-pid----5707----pid-5707
---ebpf-pid----5705----pid-5705
---ebpf-pid----5705----pid-1
---ebpf-pid----5705----pid-5705
---ebpf-pid----2012----pid-1
---ebpf-pid----5707----pid-5476
---ebpf-pid----5705----pid-5476
---ebpf-pid----2012----pid-2012
---ebpf-pid----5705----pid-1
---ebpf-pid----5705----pid-5705
---ebpf-pid----2012----pid-1
---ebpf-pid----5705----pid-5476
---ebpf-pid----2012----pid-2012
---ebpf-pid----5705----pid-5476
---ebpf-pid----5705----pid-1
---ebpf-pid----2012----pid-1
---ebpf-pid----5705----pid-5705
---ebpf-pid----2012----pid-2012
---ebpf-pid----5705----pid-1
---ebpf-pid----5705----pid-5705
---ebpf-pid----5705----pid-5476
---ebpf-pid----2012----pid-1
---ebpf-pid----2012----pid-2012
---ebpf-pid----5705----pid-5476
---ebpf-pid----5705----pid-1
---ebpf-pid----5705----pid-5705
---ebpf-pid----2012----pid-1
---ebpf-pid----5705----pid-1
---ebpf-pid----2012----pid-2012
---ebpf-pid----5705----pid-5705
---ebpf-pid----5705----pid-5476
---ebpf-pid----2012----pid-1
---ebpf-pid----5705----pid-5476
---ebpf-pid----2012----pid-2012
---ebpf-pid----5705----pid-1
---ebpf-pid----5705----pid-1
---ebpf-pid----2012----pid-1
---ebpf-pid----5705----pid-5705
---ebpf-pid----2012----pid-2012
---ebpf-pid----2012----pid-1
---ebpf-pid----2012----pid-2012
---ebpf-pid----2012----pid-1
---ebpf-pid----2012----pid-2012
---ebpf-pid----5705----pid-5476
---ebpf-pid----2012----pid-1
---ebpf-pid----5707----pid-1
---ebpf-pid----2012----pid-2012
---ebpf-pid----5707----pid-5707
---ebpf-pid----2012----pid-1
---ebpf-pid----5707----pid-5476
---ebpf-pid----2012----pid-2012
---ebpf-pid----5707----pid-1
---ebpf-pid----2012----pid-1
---ebpf-pid----2012----pid-2012
---ebpf-pid----2012----pid-1
---ebpf-pid----2012----pid-2012
---ebpf-pid----2012----pid-1
---ebpf-pid----2012----pid-2012
---ebpf-pid----2012----pid-1
---ebpf-pid----2012----pid-2012
---ebpf-pid----2012----pid-1
---ebpf-pid----2012----pid-2012
---ebpf-pid----5705----pid-5705
---ebpf-pid----5705----pid-5476
---ebpf-pid----5705----pid-1
---ebpf-pid----5705----pid-5705
---ebpf-pid----5705----pid-5476
---ebpf-pid----5705----pid-1
---ebpf-pid----5705----pid-5705
---ebpf-pid----5705----pid-1
---ebpf-pid----5705----pid-5705
---ebpf-pid----5705----pid-5476
---ebpf-pid----5705----pid-1
---ebpf-pid----5705----pid-5476
---ebpf-pid----5705----pid-5705
---ebpf-pid----5705----pid-1
---ebpf-pid----5705----pid-5476
---ebpf-pid----5705----pid-5705
---ebpf-pid----5705----pid-1
---ebpf-pid----5705----pid-5705
---ebpf-pid----5705----pid-5476
---ebpf-pid----5705----pid-5476
---ebpf-pid----5705----pid-1
---ebpf-pid----5705----pid-5705
---ebpf-pid----5705----pid-1
---ebpf-pid----5705----pid-5705
---ebpf-pid----5705----pid-5476
---ebpf-pid----5705----pid-5476
---ebpf-pid----5705----pid-1
---ebpf-pid----5705----pid-1
---ebpf-pid----5705----pid-5705
---ebpf-pid----5705----pid-5705
---ebpf-pid----5705----pid-5476
---ebpf-pid----5705----pid-5476
---ebpf-pid----5705----pid-1
---ebpf-pid----5705----pid-1
---ebpf-pid----5705----pid-5705
---ebpf-pid----5705----pid-5705
---ebpf-pid----5705----pid-5476
---ebpf-pid----5705----pid-5476
---ebpf-pid----5705----pid-1
---ebpf-pid----5705----pid-1
---ebpf-pid----5705----pid-5705
---ebpf-pid----5705----pid-5705
---ebpf-pid----2012----pid-1
---ebpf-pid----5705----pid-5476
---ebpf-pid----2012----pid-2012
---ebpf-pid----5705----pid-5476
---ebpf-pid----5705----pid-1
---ebpf-pid----2012----pid-1
---ebpf-pid----5705----pid-1
---ebpf-pid----5705----pid-5705
---ebpf-pid----2012----pid-2012
---ebpf-pid----5705----pid-5705
---ebpf-pid----5705----pid-5476
---ebpf-pid----2012----pid-1
---ebpf-pid----2012----pid-2012
---ebpf-pid----5705----pid-1
---ebpf-pid----373029----pid-373029
---ebpf-pid----2012----pid-1
---ebpf-pid----2012----pid-2012
---ebpf-pid----373029----pid-5476
---ebpf-pid----5707----pid-5707
---ebpf-pid----2012----pid-1
---ebpf-pid----2012----pid-2012
---ebpf-pid----373029----pid-1
---ebpf-pid----373029----pid-373029
---ebpf-pid----2012----pid-1
---ebpf-pid----5707----pid-5476
---ebpf-pid----2012----pid-2012
---ebpf-pid----373029----pid-5476
---ebpf-pid----5707----pid-1
---ebpf-pid----2012----pid-1
---ebpf-pid----5707----pid-5707
---ebpf-pid----373029----pid-1
---ebpf-pid----2012----pid-2012
---ebpf-pid----373029----pid-373029
---ebpf-pid----5707----pid-5476
---ebpf-pid----2012----pid-1
---ebpf-pid----373029----pid-5476
---ebpf-pid----2012----pid-2012
---ebpf-pid----5707----pid-1
---ebpf-pid----373029----pid-1
---ebpf-pid----7312----pid-7312
---ebpf-pid----2012----pid-1
---ebpf-pid----2012----pid-2012
---ebpf-pid----2012----pid-2012
---ebpf-pid----7312----pid-1
---ebpf-pid----2012----pid-1
---ebpf-pid----7312----pid-7312
---ebpf-pid----2012----pid-2012
---ebpf-pid----2012----pid-1
---ebpf-pid----7312----pid-1
---ebpf-pid----2012----pid-2012
---ebpf-pid----7312----pid-7312
---ebpf-pid----2012----pid-1
---ebpf-pid----2012----pid-2012
---ebpf-pid----2012----pid-1
---ebpf-pid----2012----pid-2012
---ebpf-pid----2012----pid-1
---ebpf-pid----2012----pid-2012
---ebpf-pid----2012----pid-1
---ebpf-pid----2012----pid-2012
---ebpf-pid----2012----pid-1
---ebpf-pid----2012----pid-2012
---ebpf-pid----2012----pid-1
---ebpf-pid----5705----pid-5705
---ebpf-pid----5705----pid-5476
---ebpf-pid----5705----pid-1
---ebpf-pid----7312----pid-1
---ebpf-pid----5705----pid-5705
---ebpf-pid----7312----pid-7312
---ebpf-pid----7312----pid-1
---ebpf-pid----5705----pid-5476
---ebpf-pid----5705----pid-5476
---ebpf-pid----5705----pid-1
---ebpf-pid----5705----pid-5705
---ebpf-pid----5705----pid-5476
---ebpf-pid----5705----pid-1
---ebpf-pid----5705----pid-5705
---ebpf-pid----5705----pid-5476
---ebpf-pid----5705----pid-1
---ebpf-pid----379067----pid-379067
---ebpf-pid----379067----pid-5476
---ebpf-pid----379067----pid-1
---ebpf-pid----379067----pid-379067
---ebpf-pid----379067----pid-5476
---ebpf-pid----379067----pid-1
---ebpf-pid----379067----pid-379067
---ebpf-pid----379067----pid-5476
---ebpf-pid----379067----pid-1
---ebpf-pid----379067----pid-379067
---ebpf-pid----379067----pid-5476
---ebpf-pid----379067----pid-1
---ebpf-pid----379067----pid-379067
---ebpf-pid----379067----pid-5476
---ebpf-pid----379067----pid-1
---ebpf-pid----379067----pid-379067
---ebpf-pid----2012----pid-1
---ebpf-pid----2012----pid-2012
---ebpf-pid----379067----pid-5476
---ebpf-pid----2012----pid-1
---ebpf-pid----2012----pid-2012
---ebpf-pid----379067----pid-1
---ebpf-pid----379067----pid-379067
---ebpf-pid----2012----pid-1
---ebpf-pid----379067----pid-5476
---ebpf-pid----2012----pid-2012
---ebpf-pid----379067----pid-1
---ebpf-pid----2012----pid-1
---ebpf-pid----379067----pid-379067
---ebpf-pid----2012----pid-2012
---ebpf-pid----379067----pid-5476
---ebpf-pid----2012----pid-1
---ebpf-pid----2012----pid-2012
---ebpf-pid----379067----pid-1
---ebpf-pid----2012----pid-1
---ebpf-pid----379067----pid-379067
---ebpf-pid----2012----pid-2012
---ebpf-pid----2012----pid-1
---ebpf-pid----2012----pid-2012
---ebpf-pid----7312----pid-7312
---ebpf-pid----7312----pid-1
---ebpf-pid----5705----pid-5705
---ebpf-pid----5705----pid-5476
---ebpf-pid----5705----pid-1
---ebpf-pid----5705----pid-5705
---ebpf-pid----5705----pid-5476
---ebpf-pid----379067----pid-5476
---ebpf-pid----5705----pid-1
---ebpf-pid----379067----pid-1
---ebpf-pid----5705----pid-5705
---ebpf-pid----379067----pid-379067
---ebpf-pid----5705----pid-5476
---ebpf-pid----5705----pid-1
---ebpf-pid----5705----pid-5705
---ebpf-pid----5705----pid-5476
---ebpf-pid----379067----pid-5476
---ebpf-pid----5705----pid-1
---ebpf-pid----379067----pid-1
---ebpf-pid----5705----pid-5705
---ebpf-pid----379067----pid-379067
---ebpf-pid----5705----pid-5476
---ebpf-pid----379067----pid-5476
---ebpf-pid----5705----pid-1
---ebpf-pid----379067----pid-1
---ebpf-pid----5637----pid-5637
---ebpf-pid----379067----pid-379067
---ebpf-pid----379067----pid-5476
---ebpf-pid----5637----pid-1
---ebpf-pid----2012----pid-2012
---ebpf-pid----379067----pid-1
---ebpf-pid----2094----pid-2094
---ebpf-pid----2012----pid-1
---ebpf-pid----2094----pid-2094
---ebpf-pid----2094----pid-1
---ebpf-pid----2012----pid-1
---ebpf-pid----2094----pid-1
---ebpf-pid----2012----pid-2012
---ebpf-pid----2094----pid-2094
---ebpf-pid----2012----pid-1
---ebpf-pid----2094----pid-1
---ebpf-pid----2012----pid-2012
---ebpf-pid----2094----pid-2094
---ebpf-pid----2012----pid-1
---ebpf-pid----2094----pid-1
---ebpf-pid----2012----pid-2012
---ebpf-pid----2094----pid-2094
---ebpf-pid----2012----pid-1
---ebpf-pid----2094----pid-1
---ebpf-pid----2012----pid-2012
---ebpf-pid----2094----pid-2094
---ebpf-pid----2012----pid-1
---ebpf-pid----2094----pid-1
---ebpf-pid----2012----pid-2012
---ebpf-pid----2094----pid-2094
---ebpf-pid----2012----pid-1
---ebpf-pid----2094----pid-1
---ebpf-pid----2012----pid-2012
---ebpf-pid----2094----pid-2094
---ebpf-pid----2012----pid-1
---ebpf-pid----2094----pid-1
---ebpf-pid----2012----pid-2012
---ebpf-pid----2094----pid-2094
---ebpf-pid----2012----pid-1
---ebpf-pid----2012----pid-2012
---ebpf-pid----2012----pid-1
---ebpf-pid----2094----pid-1
---ebpf-pid----2012----pid-2012
---ebpf-pid----448785----pid-448785
---ebpf-pid----2012----pid-1
---ebpf-pid----448785----pid-448520
---ebpf-pid----2012----pid-2012
---ebpf-pid----2012----pid-1
---ebpf-pid----448785----pid-1
---ebpf-pid----2012----pid-2012
---ebpf-pid----448785----pid-448785
---ebpf-pid----448785----pid-448520
---ebpf-pid----2012----pid-1
---ebpf-pid----2012----pid-2012
---ebpf-pid----448785----pid-1
---ebpf-pid----5707----pid-5707
---ebpf-pid----2012----pid-1
---ebpf-pid----2012----pid-2012
---ebpf-pid----5707----pid-5476
---ebpf-pid----2012----pid-1
---ebpf-pid----2012----pid-2012
---ebpf-pid----5707----pid-1
---ebpf-pid----5707----pid-5707
---ebpf-pid----2012----pid-1
---ebpf-pid----2012----pid-2012
---ebpf-pid----5705----pid-1
---ebpf-pid----5707----pid-5476
---ebpf-pid----5705----pid-5705
---ebpf-pid----2012----pid-1
---ebpf-pid----2012----pid-2012
---ebpf-pid----5707----pid-1
---ebpf-pid----5705----pid-5476
---ebpf-pid----5707----pid-5707
---ebpf-pid----2012----pid-1
---ebpf-pid----5705----pid-1
---ebpf-pid----2012----pid-2012
---ebpf-pid----5705----pid-5705
---ebpf-pid----5707----pid-5476
---ebpf-pid----2012----pid-1
---ebpf-pid----2012----pid-2012
---ebpf-pid----5705----pid-5476
---ebpf-pid----5707----pid-1
---ebpf-pid----5707----pid-5707
---ebpf-pid----2012----pid-1
---ebpf-pid----5705----pid-1
---ebpf-pid----5707----pid-5476
---ebpf-pid----2012----pid-2012
---ebpf-pid----5705----pid-5705
---ebpf-pid----5707----pid-1
---ebpf-pid----2012----pid-1
---ebpf-pid----5705----pid-5476
---ebpf-pid----5707----pid-5707
---ebpf-pid----2012----pid-2012
---ebpf-pid----5705----pid-1
---ebpf-pid----5705----pid-5705
---ebpf-pid----5707----pid-5476
---ebpf-pid----5705----pid-5476
---ebpf-pid----5707----pid-1
---ebpf-pid----2094----pid-2094
---ebpf-pid----5707----pid-5707
---ebpf-pid----5705----pid-1
---ebpf-pid----2094----pid-1
---ebpf-pid----5705----pid-5705
---ebpf-pid----5707----pid-5476
---ebpf-pid----372881----pid-372881
---ebpf-pid----5705----pid-5476
---ebpf-pid----5707----pid-1
---ebpf-pid----372881----pid-1
---ebpf-pid----5707----pid-5707
---ebpf-pid----372881----pid-372881
---ebpf-pid----5705----pid-1
---ebpf-pid----372881----pid-1
---ebpf-pid----5705----pid-5705
---ebpf-pid----5707----pid-5476
---ebpf-pid----372881----pid-372881
---ebpf-pid----5705----pid-5476
---ebpf-pid----372881----pid-1
---ebpf-pid----5707----pid-1
---ebpf-pid----372881----pid-372881
---ebpf-pid----5707----pid-5707
---ebpf-pid----5705----pid-1
---ebpf-pid----372881----pid-1
---ebpf-pid----5705----pid-5705
---ebpf-pid----5707----pid-5476
---ebpf-pid----372881----pid-372881
---ebpf-pid----372881----pid-1
---ebpf-pid----5705----pid-5476
---ebpf-pid----5707----pid-1
---ebpf-pid----372881----pid-372881
---ebpf-pid----5707----pid-5707
---ebpf-pid----5705----pid-1
---ebpf-pid----372881----pid-1
---ebpf-pid----5705----pid-5705
---ebpf-pid----5707----pid-5476
---ebpf-pid----372881----pid-372881
---ebpf-pid----372881----pid-1
---ebpf-pid----5707----pid-1
---ebpf-pid----372881----pid-372881
---ebpf-pid----5705----pid-5476
---ebpf-pid----5705----pid-1
---ebpf-pid----5705----pid-5705
---ebpf-pid----5705----pid-5476
---ebpf-pid----5705----pid-1
---ebpf-pid----5705----pid-5705
---ebpf-pid----5705----pid-5476
---ebpf-pid----5707----pid-5707
---ebpf-pid----5705----pid-1
---ebpf-pid----5705----pid-5705
---ebpf-pid----5707----pid-5476
---ebpf-pid----5707----pid-1
---ebpf-pid----5705----pid-5476
---ebpf-pid----5707----pid-5707
---ebpf-pid----5705----pid-1
---ebpf-pid----5707----pid-5476
---ebpf-pid----5705----pid-5705
---ebpf-pid----5707----pid-1
---ebpf-pid----5705----pid-5476
---ebpf-pid----5707----pid-5707
---ebpf-pid----5705----pid-1
---ebpf-pid----5707----pid-5476
---ebpf-pid----372881----pid-1
---ebpf-pid----5707----pid-1
---ebpf-pid----372881----pid-372881
---ebpf-pid----5707----pid-5707
---ebpf-pid----372881----pid-1
---ebpf-pid----5707----pid-5476
---ebpf-pid----5705----pid-5705
---ebpf-pid----5707----pid-1
---ebpf-pid----5705----pid-5476
---ebpf-pid----5707----pid-5707
---ebpf-pid----5705----pid-1
---ebpf-pid----5707----pid-5476
---ebpf-pid----5705----pid-5705
---ebpf-pid----5707----pid-1
---ebpf-pid----5705----pid-5476
---ebpf-pid----5707----pid-5707
---ebpf-pid----5705----pid-1
---ebpf-pid----5705----pid-5705
---ebpf-pid----5707----pid-5476
---ebpf-pid----5705----pid-5476
---ebpf-pid----5707----pid-1
---ebpf-pid----5705----pid-1
---ebpf-pid----5705----pid-5705
---ebpf-pid----5707----pid-5707
---ebpf-pid----5705----pid-5476
---ebpf-pid----5707----pid-5476
---ebpf-pid----5707----pid-1
---ebpf-pid----5705----pid-1
---ebpf-pid----5707----pid-5707
---ebpf-pid----5705----pid-5705
---ebpf-pid----5705----pid-5476
---ebpf-pid----5707----pid-5476
---ebpf-pid----5705----pid-1
---ebpf-pid----5705----pid-5705
---ebpf-pid----5707----pid-1
---ebpf-pid----5705----pid-5705
---ebpf-pid----5705----pid-5476
---ebpf-pid----5705----pid-1
---ebpf-pid----5705----pid-5476
---ebpf-pid----5705----pid-5705
---ebpf-pid----5705----pid-1
---ebpf-pid----5705----pid-5476
---ebpf-pid----5705----pid-5705
---ebpf-pid----5705----pid-1
---ebpf-pid----5705----pid-5476
---ebpf-pid----5705----pid-5705
---ebpf-pid----5705----pid-1
---ebpf-pid----5705----pid-5476
---ebpf-pid----2012----pid-1
---ebpf-pid----5705----pid-5705
---ebpf-pid----2012----pid-2012
---ebpf-pid----5705----pid-1
---ebpf-pid----5705----pid-5705
---ebpf-pid----2012----pid-1
---ebpf-pid----2012----pid-2012
---ebpf-pid----2012----pid-1
---ebpf-pid----2012----pid-2012
---ebpf-pid----5705----pid-5705
---ebpf-pid----2012----pid-1
---ebpf-pid----2012----pid-2012
---ebpf-pid----5705----pid-5476
---ebpf-pid----2012----pid-1
---ebpf-pid----2012----pid-2012
---ebpf-pid----5705----pid-1
---ebpf-pid----5705----pid-5705
---ebpf-pid----2012----pid-1
---ebpf-pid----2012----pid-2012
---ebpf-pid----5705----pid-5476
---ebpf-pid----2012----pid-1
---ebpf-pid----5705----pid-1
---ebpf-pid----2012----pid-2012
---ebpf-pid----2012----pid-1
---ebpf-pid----2012----pid-2012
---ebpf-pid----2012----pid-1
---ebpf-pid----2012----pid-2012
---ebpf-pid----2012----pid-1
---ebpf-pid----2012----pid-2012
---ebpf-pid----2012----pid-1
---ebpf-pid----2012----pid-2012
---ebpf-pid----2012----pid-1
---ebpf-pid----2012----pid-2012
---ebpf-pid----2012----pid-1
---ebpf-pid----2012----pid-2012
---ebpf-pid----2012----pid-1
---ebpf-pid----2012----pid-2012
---ebpf-pid----2012----pid-1
---ebpf-pid----2012----pid-2012
---ebpf-pid----2012----pid-1
---ebpf-pid----2012----pid-2012
---ebpf-pid----2012----pid-1
---ebpf-pid----2012----pid-2012
---ebpf-pid----2012----pid-1
---ebpf-pid----2012----pid-2012
---ebpf-pid----2012----pid-1
---ebpf-pid----2012----pid-2012
---ebpf-pid----2012----pid-1
---ebpf-pid----2012----pid-2012
---ebpf-pid----2012----pid-1
---ebpf-pid----372881----pid-372881
---ebpf-pid----372881----pid-1
---ebpf-pid----372881----pid-372881
---ebpf-pid----372881----pid-1
---ebpf-pid----372881----pid-372881
---ebpf-pid----372881----pid-1
---ebpf-pid----372881----pid-372881
---ebpf-pid----372881----pid-1
---ebpf-pid----372881----pid-372881
---ebpf-pid----372881----pid-1
---ebpf-pid----372881----pid-372881
---ebpf-pid----5705----pid-5476
---ebpf-pid----5705----pid-1
---ebpf-pid----5705----pid-5705
---ebpf-pid----5705----pid-5476
---ebpf-pid----5705----pid-1
---ebpf-pid----5705----pid-5705
---ebpf-pid----5705----pid-5476
---ebpf-pid----5705----pid-1
---ebpf-pid----5705----pid-5705
---ebpf-pid----5705----pid-5476
---ebpf-pid----5705----pid-1
---ebpf-pid----5705----pid-5705
---ebpf-pid----5705----pid-5476
---ebpf-pid----5705----pid-1
---ebpf-pid----5705----pid-5705
---ebpf-pid----5705----pid-5476
---ebpf-pid----5705----pid-1
---ebpf-pid----5705----pid-5705
---ebpf-pid----372881----pid-1
---ebpf-pid----372881----pid-372881
---ebpf-pid----372881----pid-1
---ebpf-pid----372881----pid-372881
---ebpf-pid----372881----pid-1
---ebpf-pid----372881----pid-372881
---ebpf-pid----5705----pid-5476
---ebpf-pid----372881----pid-1
---ebpf-pid----372881----pid-372881
---ebpf-pid----372881----pid-1
---ebpf-pid----372881----pid-372881
---ebpf-pid----372881----pid-1
---ebpf-pid----372881----pid-372881
---ebpf-pid----372881----pid-1
---ebpf-pid----5705----pid-1
---ebpf-pid----5637----pid-5637
---ebpf-pid----5637----pid-1
---ebpf-pid----5637----pid-5637
---ebpf-pid----5637----pid-1
---ebpf-pid----448783----pid-448783
---ebpf-pid----448783----pid-448520
---ebpf-pid----372881----pid-372881
---ebpf-pid----372881----pid-1
---ebpf-pid----372881----pid-372881
---ebpf-pid----5705----pid-5476
---ebpf-pid----5705----pid-1
---ebpf-pid----5705----pid-5705
---ebpf-pid----5705----pid-5476
---ebpf-pid----448783----pid-1
---ebpf-pid----5705----pid-1
---ebpf-pid----5705----pid-5705
---ebpf-pid----5705----pid-5476
---ebpf-pid----5705----pid-1
---ebpf-pid----5705----pid-5705
---ebpf-pid----5705----pid-5476
---ebpf-pid----5705----pid-1
---ebpf-pid----2094----pid-2094
---ebpf-pid----2094----pid-1
---ebpf-pid----2094----pid-2094
---ebpf-pid----2094----pid-1
---ebpf-pid----2094----pid-2094
---ebpf-pid----2094----pid-1
---ebpf-pid----2094----pid-2094
---ebpf-pid----2094----pid-1
---ebpf-pid----2094----pid-2094
---ebpf-pid----2094----pid-1
---ebpf-pid----373029----pid-373029
---ebpf-pid----373029----pid-5476
---ebpf-pid----373029----pid-1
---ebpf-pid----373029----pid-373029
---ebpf-pid----373029----pid-5476
---ebpf-pid----373029----pid-1
---ebpf-pid----373029----pid-373029
---ebpf-pid----373029----pid-373029
---ebpf-pid----373029----pid-5476
---ebpf-pid----373029----pid-1
---ebpf-pid----373029----pid-373029
---ebpf-pid----373029----pid-5476
---ebpf-pid----373029----pid-1
---ebpf-pid----373029----pid-373029
---ebpf-pid----373029----pid-5476
---ebpf-pid----373029----pid-1
---ebpf-pid----373029----pid-373029
---ebpf-pid----373029----pid-5476
---ebpf-pid----373029----pid-1
---ebpf-pid----373029----pid-373029
---ebpf-pid----373029----pid-5476
---ebpf-pid----373029----pid-1
---ebpf-pid----373029----pid-373029
---ebpf-pid----372881----pid-1
---ebpf-pid----372881----pid-372881
---ebpf-pid----372881----pid-1
---ebpf-pid----372881----pid-372881
---ebpf-pid----372881----pid-1
---ebpf-pid----372881----pid-372881
---ebpf-pid----372881----pid-1
---ebpf-pid----372881----pid-372881
---ebpf-pid----372881----pid-1
---ebpf-pid----372881----pid-372881
---ebpf-pid----372881----pid-1
---ebpf-pid----373029----pid-5476
---ebpf-pid----372881----pid-372881
---ebpf-pid----373029----pid-1
---ebpf-pid----372881----pid-1
---ebpf-pid----373029----pid-373029
---ebpf-pid----372881----pid-372881
---ebpf-pid----373029----pid-5476
---ebpf-pid----372881----pid-1
---ebpf-pid----372881----pid-372881
---ebpf-pid----373029----pid-1
---ebpf-pid----373029----pid-373029
---ebpf-pid----372881----pid-1
---ebpf-pid----2088----pid-2088
---ebpf-pid----373029----pid-5476
---ebpf-pid----373029----pid-1
---ebpf-pid----2088----pid-1
---ebpf-pid----373029----pid-373029
---ebpf-pid----2088----pid-2088
---ebpf-pid----373029----pid-5476
---ebpf-pid----2088----pid-1
---ebpf-pid----2088----pid-2088
---ebpf-pid----373029----pid-1
---ebpf-pid----373029----pid-373029
---ebpf-pid----2088----pid-1
---ebpf-pid----373029----pid-5476
---ebpf-pid----2088----pid-2088
---ebpf-pid----373029----pid-1
---ebpf-pid----2088----pid-1
---ebpf-pid----373029----pid-373029
---ebpf-pid----2088----pid-2088
---ebpf-pid----373029----pid-5476
---ebpf-pid----2088----pid-1
---ebpf-pid----373029----pid-1
---ebpf-pid----2088----pid-2088
---ebpf-pid----373029----pid-373029
---ebpf-pid----2088----pid-1
---ebpf-pid----2088----pid-2088
---ebpf-pid----373029----pid-5476
---ebpf-pid----5705----pid-5705
---ebpf-pid----5705----pid-5476
---ebpf-pid----5705----pid-1
---ebpf-pid----5705----pid-5705
---ebpf-pid----373029----pid-1
---ebpf-pid----372881----pid-372881
---ebpf-pid----372881----pid-1
---ebpf-pid----372881----pid-372881
---ebpf-pid----373029----pid-5476
---ebpf-pid----372881----pid-1
---ebpf-pid----372881----pid-372881
---ebpf-pid----373029----pid-1
---ebpf-pid----372881----pid-1
---ebpf-pid----372881----pid-372881
---ebpf-pid----5707----pid-5707
---ebpf-pid----372881----pid-1
---ebpf-pid----372881----pid-372881
---ebpf-pid----5707----pid-5476
---ebpf-pid----372881----pid-1
---ebpf-pid----372881----pid-372881
---ebpf-pid----5707----pid-1
---ebpf-pid----373029----pid-373029
---ebpf-pid----372881----pid-1
---ebpf-pid----372881----pid-372881
---ebpf-pid----373029----pid-5476
---ebpf-pid----372881----pid-1
---ebpf-pid----373029----pid-1
---ebpf-pid----372881----pid-372881
---ebpf-pid----373029----pid-373029
---ebpf-pid----372881----pid-1
---ebpf-pid----372881----pid-372881
---ebpf-pid----373029----pid-5476
---ebpf-pid----372881----pid-1
---ebpf-pid----373029----pid-1
---ebpf-pid----372881----pid-372881
---ebpf-pid----5707----pid-5707
---ebpf-pid----372881----pid-1
---ebpf-pid----372881----pid-372881
---ebpf-pid----5707----pid-5476
---ebpf-pid----372881----pid-1
---ebpf-pid----372881----pid-372881
---ebpf-pid----5707----pid-1
---ebpf-pid----5707----pid-5707
---ebpf-pid----372881----pid-1
---ebpf-pid----372881----pid-372881
---ebpf-pid----5707----pid-5476
---ebpf-pid----5707----pid-1
---ebpf-pid----373029----pid-373029
---ebpf-pid----373029----pid-5476
---ebpf-pid----373029----pid-1
---ebpf-pid----373029----pid-373029
---ebpf-pid----373029----pid-5476
---ebpf-pid----372881----pid-1
---ebpf-pid----373029----pid-1
---ebpf-pid----372881----pid-372881
---ebpf-pid----373029----pid-373029
---ebpf-pid----372881----pid-1
---ebpf-pid----373029----pid-5476
---ebpf-pid----372881----pid-372881
---ebpf-pid----372881----pid-1
---ebpf-pid----373029----pid-1
---ebpf-pid----372881----pid-372881
---ebpf-pid----5707----pid-5707
---ebpf-pid----372881----pid-1
---ebpf-pid----5707----pid-5476
---ebpf-pid----372881----pid-372881
---ebpf-pid----5707----pid-1
---ebpf-pid----372881----pid-1
---ebpf-pid----5707----pid-5707
---ebpf-pid----372881----pid-372881
---ebpf-pid----5707----pid-5476
---ebpf-pid----372881----pid-1
---ebpf-pid----372881----pid-372881
---ebpf-pid----5707----pid-1
---ebpf-pid----372881----pid-1
---ebpf-pid----5707----pid-5707
---ebpf-pid----372881----pid-372881
---ebpf-pid----5707----pid-5476
---ebpf-pid----372881----pid-1
---ebpf-pid----5707----pid-1
---ebpf-pid----372881----pid-372881
---ebpf-pid----5707----pid-5707
---ebpf-pid----372881----pid-1
---ebpf-pid----372881----pid-372881
---ebpf-pid----2088----pid-1
---ebpf-pid----372881----pid-1
---ebpf-pid----2088----pid-2088
---ebpf-pid----372881----pid-372881
---ebpf-pid----372881----pid-1
---ebpf-pid----2088----pid-1
---ebpf-pid----2088----pid-2088
---ebpf-pid----372881----pid-372881
---ebpf-pid----2088----pid-1
---ebpf-pid----2088----pid-2088
---ebpf-pid----2088----pid-1
---ebpf-pid----2088----pid-2088
---ebpf-pid----2088----pid-1
---ebpf-pid----2088----pid-2088
---ebpf-pid----2088----pid-1
---ebpf-pid----2088----pid-2088
---ebpf-pid----2088----pid-1
---ebpf-pid----2088----pid-2088
---ebpf-pid----2088----pid-1
---ebpf-pid----2088----pid-2088
---ebpf-pid----2088----pid-1
---ebpf-pid----2088----pid-2088
---ebpf-pid----2088----pid-1
---ebpf-pid----372881----pid-1
---ebpf-pid----2088----pid-2088
---ebpf-pid----372881----pid-372881
---ebpf-pid----2088----pid-1
---ebpf-pid----2088----pid-2088
---ebpf-pid----372881----pid-1
---ebpf-pid----372881----pid-372881
---ebpf-pid----2088----pid-1
---ebpf-pid----372881----pid-1
---ebpf-pid----2012----pid-2012
---ebpf-pid----372881----pid-372881
---ebpf-pid----372881----pid-1
---ebpf-pid----2012----pid-1
---ebpf-pid----372881----pid-372881
---ebpf-pid----2012----pid-2012
---ebpf-pid----372881----pid-1
---ebpf-pid----2012----pid-1
---ebpf-pid----372881----pid-372881
---ebpf-pid----2012----pid-2012
---ebpf-pid----372881----pid-1
---ebpf-pid----372881----pid-372881
---ebpf-pid----2012----pid-1
---ebpf-pid----2012----pid-2012
---ebpf-pid----372881----pid-1
---ebpf-pid----372881----pid-372881
---ebpf-pid----2012----pid-1
---ebpf-pid----2012----pid-2012
---ebpf-pid----372881----pid-1
---ebpf-pid----372881----pid-372881
---ebpf-pid----2012----pid-1
---ebpf-pid----372881----pid-1
---ebpf-pid----2012----pid-2012
---ebpf-pid----372881----pid-372881
---ebpf-pid----2012----pid-1
---ebpf-pid----372881----pid-1
---ebpf-pid----2012----pid-2012
---ebpf-pid----372881----pid-372881
---ebpf-pid----2012----pid-1
---ebpf-pid----372881----pid-1
---ebpf-pid----372881----pid-372881
---ebpf-pid----2012----pid-2012
---ebpf-pid----372881----pid-1
---ebpf-pid----2012----pid-1
---ebpf-pid----372881----pid-372881
---ebpf-pid----2012----pid-2012
---ebpf-pid----372881----pid-1
---ebpf-pid----372881----pid-372881
---ebpf-pid----372881----pid-1
---ebpf-pid----372881----pid-372881
---ebpf-pid----372881----pid-1
---ebpf-pid----372881----pid-372881
---ebpf-pid----372881----pid-1
---ebpf-pid----372881----pid-372881
---ebpf-pid----372881----pid-1
---ebpf-pid----372881----pid-372881
---ebpf-pid----372881----pid-1
---ebpf-pid----372881----pid-372881
---ebpf-pid----372881----pid-1
---ebpf-pid----372881----pid-372881
---ebpf-pid----372881----pid-1
---ebpf-pid----372881----pid-372881
---ebpf-pid----5705----pid-5476
---ebpf-pid----5705----pid-1
---ebpf-pid----5705----pid-5705
---ebpf-pid----5705----pid-5476
---ebpf-pid----5705----pid-1
---ebpf-pid----5705----pid-5705
---ebpf-pid----5705----pid-5476
---ebpf-pid----5705----pid-1
---ebpf-pid----5705----pid-5705
---ebpf-pid----5707----pid-5476
---ebpf-pid----5707----pid-1
---ebpf-pid----5707----pid-5707
---ebpf-pid----5707----pid-5476
---ebpf-pid----5707----pid-1
---ebpf-pid----5707----pid-5707
---ebpf-pid----5707----pid-5476
---ebpf-pid----5707----pid-1
---ebpf-pid----5707----pid-5707
---ebpf-pid----5707----pid-5476
---ebpf-pid----372881----pid-1
---ebpf-pid----5707----pid-1
---ebpf-pid----5707----pid-5707
---ebpf-pid----372881----pid-372881
---ebpf-pid----372881----pid-1
---ebpf-pid----5707----pid-5476
---ebpf-pid----372881----pid-372881
---ebpf-pid----372881----pid-1
---ebpf-pid----372881----pid-372881
---ebpf-pid----372881----pid-1
---ebpf-pid----372881----pid-372881
---ebpf-pid----372881----pid-1
---ebpf-pid----372881----pid-372881
---ebpf-pid----372881----pid-1
---ebpf-pid----372881----pid-372881
---ebpf-pid----372881----pid-1
---ebpf-pid----372881----pid-372881
---ebpf-pid----372881----pid-1
---ebpf-pid----372881----pid-372881
---ebpf-pid----372881----pid-1
---ebpf-pid----372881----pid-372881
---ebpf-pid----372881----pid-1
---ebpf-pid----372881----pid-372881
---ebpf-pid----372881----pid-1
---ebpf-pid----372881----pid-372881
---ebpf-pid----372881----pid-1
---ebpf-pid----372881----pid-372881
---ebpf-pid----372881----pid-1
---ebpf-pid----372881----pid-372881
---ebpf-pid----372881----pid-1
---ebpf-pid----372881----pid-372881
---ebpf-pid----372881----pid-1
---ebpf-pid----372881----pid-372881
---ebpf-pid----372881----pid-1
---ebpf-pid----372881----pid-372881
---ebpf-pid----372881----pid-1
---ebpf-pid----372881----pid-372881
---ebpf-pid----5707----pid-1
---ebpf-pid----5707----pid-5707
---ebpf-pid----372881----pid-1
---ebpf-pid----372881----pid-372881
---ebpf-pid----5707----pid-5476
---ebpf-pid----372881----pid-1
---ebpf-pid----372881----pid-372881
---ebpf-pid----5707----pid-1
---ebpf-pid----5707----pid-5707
---ebpf-pid----5707----pid-5476
---ebpf-pid----5707----pid-1
---ebpf-pid----5707----pid-5707
---ebpf-pid----5707----pid-5476
---ebpf-pid----5707----pid-1
---ebpf-pid----5707----pid-5707
---ebpf-pid----5707----pid-5476
---ebpf-pid----5707----pid-1
---ebpf-pid----5707----pid-5707
---ebpf-pid----5707----pid-5476
---ebpf-pid----5707----pid-1
---ebpf-pid----5707----pid-5707
---ebpf-pid----372881----pid-1
---ebpf-pid----5707----pid-5476
---ebpf-pid----372881----pid-372881
---ebpf-pid----5707----pid-1
---ebpf-pid----372881----pid-1
---ebpf-pid----372881----pid-372881
---ebpf-pid----372881----pid-1
---ebpf-pid----372881----pid-372881
---ebpf-pid----372881----pid-1
---ebpf-pid----372881----pid-372881
---ebpf-pid----372881----pid-1
---ebpf-pid----372881----pid-372881
---ebpf-pid----372881----pid-1
---ebpf-pid----372881----pid-372881
---ebpf-pid----372881----pid-1
---ebpf-pid----372881----pid-372881
---ebpf-pid----372881----pid-1
---ebpf-pid----372881----pid-372881
---ebpf-pid----372881----pid-1
---ebpf-pid----372881----pid-372881
---ebpf-pid----372881----pid-1
---ebpf-pid----372881----pid-372881
---ebpf-pid----372881----pid-1
---ebpf-pid----372881----pid-372881
---ebpf-pid----372881----pid-1
---ebpf-pid----372881----pid-372881
---ebpf-pid----372881----pid-1
---ebpf-pid----372881----pid-372881
---ebpf-pid----372881----pid-1
---ebpf-pid----372881----pid-372881
---ebpf-pid----372881----pid-1
---ebpf-pid----372881----pid-372881
---ebpf-pid----372881----pid-1
---ebpf-pid----372881----pid-372881
---ebpf-pid----372881----pid-1
---ebpf-pid----372881----pid-372881
---ebpf-pid----372881----pid-1
---ebpf-pid----372881----pid-372881
---ebpf-pid----372881----pid-1
---ebpf-pid----372881----pid-372881
---ebpf-pid----372881----pid-1
---ebpf-pid----372881----pid-372881
---ebpf-pid----372881----pid-1
---ebpf-pid----372881----pid-372881
---ebpf-pid----372881----pid-1
---ebpf-pid----2012----pid-1
---ebpf-pid----2012----pid-2012
---ebpf-pid----2012----pid-1
---ebpf-pid----2012----pid-2012
---ebpf-pid----2012----pid-1
---ebpf-pid----2012----pid-2012
---ebpf-pid----2012----pid-1
---ebpf-pid----2012----pid-2012
---ebpf-pid----2012----pid-1
---ebpf-pid----2012----pid-2012
---ebpf-pid----2012----pid-1
---ebpf-pid----2012----pid-2012
---ebpf-pid----2012----pid-1
---ebpf-pid----2012----pid-2012
---ebpf-pid----2012----pid-1
---ebpf-pid----2012----pid-2012
---ebpf-pid----2012----pid-1
---ebpf-pid----2012----pid-2012
---ebpf-pid----372881----pid-372881
---ebpf-pid----2012----pid-1
---ebpf-pid----372881----pid-1
---ebpf-pid----2012----pid-2012
---ebpf-pid----372881----pid-372881
---ebpf-pid----2012----pid-1
---ebpf-pid----372881----pid-1
---ebpf-pid----2012----pid-2012
---ebpf-pid----372881----pid-372881
---ebpf-pid----2012----pid-1
---ebpf-pid----372881----pid-1
---ebpf-pid----372881----pid-372881
---ebpf-pid----2012----pid-2012
---ebpf-pid----372881----pid-1
---ebpf-pid----2012----pid-1
---ebpf-pid----2089----pid-2089
---ebpf-pid----2012----pid-2012
---ebpf-pid----2089----pid-1
---ebpf-pid----2089----pid-2089
---ebpf-pid----2012----pid-1
---ebpf-pid----2012----pid-2012
---ebpf-pid----2089----pid-1
---ebpf-pid----2089----pid-2089
---ebpf-pid----2012----pid-1
---ebpf-pid----2012----pid-2012
---ebpf-pid----2089----pid-1
---ebpf-pid----2089----pid-2089
---ebpf-pid----2012----pid-1
---ebpf-pid----2012----pid-2012
---ebpf-pid----2089----pid-1
---ebpf-pid----2089----pid-2089
---ebpf-pid----2089----pid-1
---ebpf-pid----2089----pid-2089
---ebpf-pid----2089----pid-1
---ebpf-pid----2089----pid-2089
---ebpf-pid----2089----pid-1
---ebpf-pid----2089----pid-2089
---ebpf-pid----2089----pid-1
---ebpf-pid----5705----pid-5476
---ebpf-pid----5705----pid-1
---ebpf-pid----5707----pid-5707
---ebpf-pid----5707----pid-5476
---ebpf-pid----5707----pid-1
---ebpf-pid----5707----pid-5707
---ebpf-pid----5707----pid-5476
---ebpf-pid----5707----pid-1
---ebpf-pid----5707----pid-5707
---ebpf-pid----5707----pid-5476
---ebpf-pid----5707----pid-1
---ebpf-pid----5707----pid-5707
---ebpf-pid----5707----pid-5476
---ebpf-pid----5707----pid-1
---ebpf-pid----9178----pid-9178
---ebpf-pid----9178----pid-7637
---ebpf-pid----9178----pid-1
---ebpf-pid----9178----pid-9178
---ebpf-pid----9178----pid-7637
---ebpf-pid----9178----pid-1
---ebpf-pid----9178----pid-9178
---ebpf-pid----9178----pid-7637
---ebpf-pid----9178----pid-1
---ebpf-pid----9178----pid-9178
---ebpf-pid----9178----pid-7637
---ebpf-pid----2089----pid-2089
---ebpf-pid----9178----pid-1
---ebpf-pid----9178----pid-9178
---ebpf-pid----9178----pid-7637
---ebpf-pid----9178----pid-1
---ebpf-pid----9178----pid-9178
---ebpf-pid----9178----pid-7637
---ebpf-pid----2089----pid-1
---ebpf-pid----2089----pid-2089
---ebpf-pid----2089----pid-1
---ebpf-pid----2089----pid-2089
---ebpf-pid----2089----pid-1
---ebpf-pid----2089----pid-2089
---ebpf-pid----2089----pid-1
---ebpf-pid----2089----pid-2089
---ebpf-pid----2089----pid-1
---ebpf-pid----2089----pid-2089
---ebpf-pid----2089----pid-1
---ebpf-pid----2089----pid-2089
---ebpf-pid----2089----pid-1
---ebpf-pid----2089----pid-2089
---ebpf-pid----2089----pid-1
---ebpf-pid----2089----pid-2089
---ebpf-pid----2089----pid-1
---ebpf-pid----2089----pid-2089
---ebpf-pid----2089----pid-1
---ebpf-pid----2089----pid-2089
---ebpf-pid----2089----pid-1
---ebpf-pid----2089----pid-2089
---ebpf-pid----2089----pid-1
---ebpf-pid----2089----pid-2089
---ebpf-pid----2089----pid-1
---ebpf-pid----2089----pid-2089
---ebpf-pid----2089----pid-1
---ebpf-pid----2089----pid-2089
---ebpf-pid----2089----pid-1
---ebpf-pid----2089----pid-2089
---ebpf-pid----2089----pid-1
---ebpf-pid----2089----pid-2089
---ebpf-pid----2089----pid-1
---ebpf-pid----2089----pid-2089
---ebpf-pid----5707----pid-5707
---ebpf-pid----5707----pid-5476
---ebpf-pid----2089----pid-1
---ebpf-pid----2089----pid-2089
---ebpf-pid----5707----pid-1
---ebpf-pid----5707----pid-5707
---ebpf-pid----2089----pid-1
---ebpf-pid----5705----pid-5705
---ebpf-pid----5707----pid-5476
---ebpf-pid----5705----pid-5476
---ebpf-pid----5707----pid-1
---ebpf-pid----5705----pid-1
---ebpf-pid----5707----pid-5707
---ebpf-pid----5705----pid-5705
---ebpf-pid----5707----pid-5476
---ebpf-pid----5705----pid-5476
---ebpf-pid----5705----pid-1
---ebpf-pid----5707----pid-1
---ebpf-pid----5705----pid-5705
---ebpf-pid----5707----pid-5707
---ebpf-pid----5705----pid-5476
---ebpf-pid----5705----pid-1
---ebpf-pid----5705----pid-5705
---ebpf-pid----5705----pid-5476
---ebpf-pid----5705----pid-1
---ebpf-pid----5705----pid-5705
---ebpf-pid----5705----pid-5476
---ebpf-pid----5705----pid-1
---ebpf-pid----5707----pid-5707
---ebpf-pid----5707----pid-5476
---ebpf-pid----5707----pid-1
---ebpf-pid----5707----pid-5707
---ebpf-pid----5707----pid-5476
---ebpf-pid----5707----pid-1
---ebpf-pid----5707----pid-5707
---ebpf-pid----5707----pid-5476
---ebpf-pid----5707----pid-1
---ebpf-pid----2012----pid-1
---ebpf-pid----2012----pid-2012
---ebpf-pid----2012----pid-1
---ebpf-pid----2012----pid-2012
---ebpf-pid----2012----pid-1
---ebpf-pid----2012----pid-2012
---ebpf-pid----2012----pid-1
---ebpf-pid----2012----pid-2012
---ebpf-pid----9178----pid-1
---ebpf-pid----9178----pid-9178
---ebpf-pid----9178----pid-7637
---ebpf-pid----9178----pid-1
---ebpf-pid----9178----pid-9178
---ebpf-pid----9178----pid-7637
---ebpf-pid----2012----pid-1
---ebpf-pid----2094----pid-2094
---ebpf-pid----2094----pid-1
---ebpf-pid----2094----pid-2094
---ebpf-pid----2094----pid-1
---ebpf-pid----2094----pid-2094
---ebpf-pid----2094----pid-1
---ebpf-pid----2094----pid-2094
---ebpf-pid----2094----pid-1
---ebpf-pid----2094----pid-2094
---ebpf-pid----2094----pid-1
---ebpf-pid----2094----pid-2094
---ebpf-pid----2094----pid-1
---ebpf-pid----2094----pid-2094
---ebpf-pid----9178----pid-1
---ebpf-pid----9178----pid-9178
---ebpf-pid----9178----pid-7637
---ebpf-pid----2094----pid-1
---ebpf-pid----2094----pid-2094
---ebpf-pid----2094----pid-1
---ebpf-pid----2094----pid-2094
---ebpf-pid----2094----pid-1
---ebpf-pid----2094----pid-2094
---ebpf-pid----2094----pid-1
---ebpf-pid----2012----pid-2012
---ebpf-pid----2012----pid-1
---ebpf-pid----2012----pid-2012
---ebpf-pid----2012----pid-1
---ebpf-pid----2012----pid-2012
---ebpf-pid----2012----pid-1
---ebpf-pid----2012----pid-2012
---ebpf-pid----2012----pid-1
---ebpf-pid----9178----pid-1
---ebpf-pid----9178----pid-9178
---ebpf-pid----9178----pid-7637
---ebpf-pid----2012----pid-2012
---ebpf-pid----2012----pid-1
---ebpf-pid----2012----pid-2012
---ebpf-pid----2012----pid-1
---ebpf-pid----2012----pid-2012
---ebpf-pid----2012----pid-1
---ebpf-pid----373029----pid-373029
---ebpf-pid----9178----pid-1
---ebpf-pid----373029----pid-5476
---ebpf-pid----9178----pid-9178
---ebpf-pid----373029----pid-1
---ebpf-pid----373029----pid-373029
---ebpf-pid----373029----pid-5476
---ebpf-pid----373029----pid-1
---ebpf-pid----373029----pid-373029
---ebpf-pid----373029----pid-5476
---ebpf-pid----9178----pid-7637
---ebpf-pid----373029----pid-1
---ebpf-pid----9178----pid-1
---ebpf-pid----372881----pid-372881
---ebpf-pid----9178----pid-9178
---ebpf-pid----372881----pid-1
---ebpf-pid----372881----pid-372881
---ebpf-pid----372881----pid-1
---ebpf-pid----372881----pid-372881
---ebpf-pid----372881----pid-1
---ebpf-pid----372881----pid-372881
---ebpf-pid----9178----pid-7637
---ebpf-pid----9178----pid-1
---ebpf-pid----9178----pid-9178
---ebpf-pid----9178----pid-7637
---ebpf-pid----372881----pid-1
---ebpf-pid----372881----pid-372881
---ebpf-pid----372881----pid-1
---ebpf-pid----5707----pid-5476
---ebpf-pid----5707----pid-1
---ebpf-pid----5707----pid-5707
---ebpf-pid----372881----pid-372881
---ebpf-pid----5707----pid-5476
---ebpf-pid----372881----pid-1
---ebpf-pid----372881----pid-372881
---ebpf-pid----5707----pid-1
---ebpf-pid----5707----pid-5707
---ebpf-pid----372881----pid-1
---ebpf-pid----372881----pid-372881
---ebpf-pid----5707----pid-5476
---ebpf-pid----372881----pid-1
---ebpf-pid----372881----pid-372881
---ebpf-pid----5707----pid-1
---ebpf-pid----5707----pid-5707
---ebpf-pid----372881----pid-1
---ebpf-pid----372881----pid-372881
---ebpf-pid----5707----pid-5476
---ebpf-pid----372881----pid-1
---ebpf-pid----372881----pid-372881
---ebpf-pid----5707----pid-1
---ebpf-pid----5707----pid-5707
---ebpf-pid----372881----pid-1
---ebpf-pid----372881----pid-372881
---ebpf-pid----372881----pid-1
---ebpf-pid----372881----pid-372881
---ebpf-pid----9178----pid-1
---ebpf-pid----372881----pid-1
---ebpf-pid----372881----pid-372881
---ebpf-pid----9178----pid-9178
---ebpf-pid----372881----pid-1
---ebpf-pid----372881----pid-372881
---ebpf-pid----372881----pid-1
---ebpf-pid----372881----pid-372881
---ebpf-pid----5707----pid-5476
---ebpf-pid----5707----pid-1
---ebpf-pid----5707----pid-5707
---ebpf-pid----5707----pid-5476
---ebpf-pid----5707----pid-1
---ebpf-pid----5707----pid-5707
---ebpf-pid----5707----pid-5476
---ebpf-pid----5707----pid-1
---ebpf-pid----372881----pid-372881
---ebpf-pid----9178----pid-7637
---ebpf-pid----372881----pid-1
---ebpf-pid----9178----pid-1
---ebpf-pid----5707----pid-5707
---ebpf-pid----372881----pid-1
---ebpf-pid----5707----pid-5476
---ebpf-pid----5707----pid-1
---ebpf-pid----5707----pid-5707
---ebpf-pid----372881----pid-372881
---ebpf-pid----2012----pid-2012
---ebpf-pid----2012----pid-1
---ebpf-pid----2012----pid-2012
---ebpf-pid----9189----pid-9189
---ebpf-pid----372881----pid-1
---ebpf-pid----9189----pid-7637
---ebpf-pid----9189----pid-1
---ebpf-pid----9189----pid-9189
---ebpf-pid----9189----pid-7637
---ebpf-pid----9189----pid-1
---ebpf-pid----9189----pid-9189
---ebpf-pid----9189----pid-7637
---ebpf-pid----9189----pid-1
---ebpf-pid----9189----pid-9189
---ebpf-pid----372881----pid-372881
---ebpf-pid----372881----pid-1
---ebpf-pid----5707----pid-5476
---ebpf-pid----5707----pid-1
---ebpf-pid----5707----pid-5707
---ebpf-pid----372881----pid-372881
---ebpf-pid----9189----pid-7637
---ebpf-pid----5707----pid-5476
---ebpf-pid----2012----pid-1
---ebpf-pid----2012----pid-2012
---ebpf-pid----372881----pid-1
---ebpf-pid----372881----pid-372881
---ebpf-pid----372881----pid-1
---ebpf-pid----372881----pid-372881
---ebpf-pid----372881----pid-1
---ebpf-pid----372881----pid-372881
---ebpf-pid----2012----pid-1
---ebpf-pid----2012----pid-2012
---ebpf-pid----2012----pid-1
---ebpf-pid----9189----pid-1
---ebpf-pid----5707----pid-1
---ebpf-pid----5707----pid-5707
---ebpf-pid----372881----pid-1
---ebpf-pid----5707----pid-5476
---ebpf-pid----372881----pid-372881
---ebpf-pid----2012----pid-2012
---ebpf-pid----9189----pid-9189
---ebpf-pid----9189----pid-7637
---ebpf-pid----2012----pid-1
---ebpf-pid----2012----pid-2012
---ebpf-pid----5707----pid-1
---ebpf-pid----9189----pid-1
---ebpf-pid----372881----pid-1
---ebpf-pid----372881----pid-372881
---ebpf-pid----5707----pid-5707
---ebpf-pid----2012----pid-1
---ebpf-pid----5707----pid-5476
---ebpf-pid----9189----pid-9189
---ebpf-pid----2012----pid-2012
---ebpf-pid----5707----pid-1
---ebpf-pid----372881----pid-1
---ebpf-pid----372881----pid-372881
---ebpf-pid----9189----pid-7637
---ebpf-pid----9189----pid-1
---ebpf-pid----9189----pid-9189
---ebpf-pid----9189----pid-7637
---ebpf-pid----9189----pid-1
---ebpf-pid----9189----pid-9189
---ebpf-pid----9189----pid-7637
---ebpf-pid----9189----pid-1
---ebpf-pid----9189----pid-9189
---ebpf-pid----9189----pid-7637
---ebpf-pid----9189----pid-1
---ebpf-pid----9189----pid-9189
---ebpf-pid----9189----pid-7637
---ebpf-pid----9189----pid-1
---ebpf-pid----9189----pid-9189
---ebpf-pid----9189----pid-7637
---ebpf-pid----9189----pid-1
---ebpf-pid----9189----pid-9189
---ebpf-pid----9189----pid-7637
---ebpf-pid----9189----pid-1
---ebpf-pid----9178----pid-9178
---ebpf-pid----372881----pid-1
---ebpf-pid----372881----pid-372881
---ebpf-pid----372881----pid-1
---ebpf-pid----9178----pid-7637
---ebpf-pid----9178----pid-1
---ebpf-pid----9178----pid-9178
---ebpf-pid----9178----pid-7637
---ebpf-pid----372881----pid-372881
---ebpf-pid----372881----pid-1
---ebpf-pid----372881----pid-372881
---ebpf-pid----372881----pid-1
---ebpf-pid----372881----pid-372881
---ebpf-pid----372881----pid-1
---ebpf-pid----372881----pid-372881
---ebpf-pid----372881----pid-1
---ebpf-pid----372881----pid-372881
---ebpf-pid----2012----pid-1
---ebpf-pid----2012----pid-2012
---ebpf-pid----2012----pid-1
---ebpf-pid----2012----pid-2012
---ebpf-pid----2012----pid-1
---ebpf-pid----2012----pid-2012
---ebpf-pid----2012----pid-1
---ebpf-pid----2012----pid-2012
---ebpf-pid----2012----pid-1
---ebpf-pid----2012----pid-2012
---ebpf-pid----2012----pid-1
---ebpf-pid----5707----pid-5707
---ebpf-pid----5707----pid-5476
---ebpf-pid----5707----pid-1
---ebpf-pid----9178----pid-1
---ebpf-pid----5707----pid-5707
---ebpf-pid----5707----pid-5476
---ebpf-pid----5707----pid-1
---ebpf-pid----5707----pid-5707
---ebpf-pid----2088----pid-2088
---ebpf-pid----2088----pid-1
---ebpf-pid----2088----pid-2088
---ebpf-pid----379067----pid-379067
---ebpf-pid----2088----pid-1
---ebpf-pid----2088----pid-2088
---ebpf-pid----379067----pid-5476
---ebpf-pid----2088----pid-1
---ebpf-pid----2088----pid-2088
---ebpf-pid----379067----pid-1
---ebpf-pid----379067----pid-379067
---ebpf-pid----2088----pid-1
---ebpf-pid----2088----pid-2088
---ebpf-pid----2088----pid-1
---ebpf-pid----2088----pid-2088
---ebpf-pid----2088----pid-1
---ebpf-pid----2088----pid-2088
---ebpf-pid----2088----pid-1
---ebpf-pid----2088----pid-2088
---ebpf-pid----2088----pid-1
---ebpf-pid----2088----pid-2088
---ebpf-pid----379067----pid-5476
---ebpf-pid----5707----pid-5476
---ebpf-pid----5707----pid-1
---ebpf-pid----379067----pid-1
---ebpf-pid----372881----pid-372881
---ebpf-pid----379067----pid-379067
---ebpf-pid----372881----pid-1
---ebpf-pid----372881----pid-372881
---ebpf-pid----372881----pid-1
---ebpf-pid----9180----pid-9180
---ebpf-pid----9180----pid-7637
---ebpf-pid----379067----pid-5476
---ebpf-pid----9180----pid-1
---ebpf-pid----9180----pid-9180
---ebpf-pid----379067----pid-1
---ebpf-pid----9180----pid-7637
---ebpf-pid----379067----pid-379067
---ebpf-pid----9180----pid-1
---ebpf-pid----2088----pid-1
---ebpf-pid----379067----pid-5476
---ebpf-pid----2088----pid-2088
---ebpf-pid----2088----pid-1
---ebpf-pid----448785----pid-448785
---ebpf-pid----379067----pid-1
---ebpf-pid----448785----pid-448520
---ebpf-pid----448785----pid-1
---ebpf-pid----448785----pid-448785
---ebpf-pid----448785----pid-448520
---ebpf-pid----448785----pid-1
---ebpf-pid----2088----pid-2088
---ebpf-pid----2088----pid-1
---ebpf-pid----2088----pid-2088
---ebpf-pid----2088----pid-1
---ebpf-pid----2088----pid-2088
---ebpf-pid----2088----pid-1
---ebpf-pid----2088----pid-2088
---ebpf-pid----2088----pid-1
---ebpf-pid----2088----pid-2088
---ebpf-pid----2088----pid-1
---ebpf-pid----2088----pid-2088
---ebpf-pid----2088----pid-1
---ebpf-pid----2088----pid-2088
---ebpf-pid----2088----pid-1
---ebpf-pid----373029----pid-373029
---ebpf-pid----373029----pid-5476
---ebpf-pid----373029----pid-1
---ebpf-pid----373029----pid-373029
---ebpf-pid----373029----pid-5476
---ebpf-pid----373029----pid-1
---ebpf-pid----373029----pid-373029
---ebpf-pid----373029----pid-5476
---ebpf-pid----373029----pid-1
---ebpf-pid----373029----pid-373029
---ebpf-pid----373029----pid-5476
---ebpf-pid----372881----pid-1
---ebpf-pid----373029----pid-1
---ebpf-pid----373029----pid-373029
---ebpf-pid----372881----pid-372881
---ebpf-pid----373029----pid-5476
---ebpf-pid----372881----pid-1
---ebpf-pid----372881----pid-372881
---ebpf-pid----373029----pid-1
---ebpf-pid----373029----pid-373029
---ebpf-pid----372881----pid-1
---ebpf-pid----373029----pid-5476
---ebpf-pid----372881----pid-372881
---ebpf-pid----373029----pid-1
---ebpf-pid----373029----pid-373029
---ebpf-pid----372881----pid-1
---ebpf-pid----372881----pid-372881
---ebpf-pid----373029----pid-5476
---ebpf-pid----372881----pid-1
---ebpf-pid----373029----pid-1
---ebpf-pid----372881----pid-372881
---ebpf-pid----373029----pid-373029
---ebpf-pid----372881----pid-1
---ebpf-pid----373029----pid-5476
---ebpf-pid----372881----pid-372881
---ebpf-pid----373029----pid-1
---ebpf-pid----373029----pid-373029
---ebpf-pid----372881----pid-1
---ebpf-pid----372881----pid-372881
---ebpf-pid----9180----pid-9180
---ebpf-pid----372881----pid-1
---ebpf-pid----372881----pid-372881
---ebpf-pid----9180----pid-7637
---ebpf-pid----372881----pid-1
---ebpf-pid----9180----pid-1
---ebpf-pid----372881----pid-372881
---ebpf-pid----9180----pid-9180
---ebpf-pid----372881----pid-1
---ebpf-pid----9180----pid-7637
---ebpf-pid----372881----pid-372881
---ebpf-pid----9180----pid-1
---ebpf-pid----372881----pid-1
---ebpf-pid----372881----pid-372881
---ebpf-pid----373029----pid-5476
---ebpf-pid----372881----pid-1
---ebpf-pid----372881----pid-372881
---ebpf-pid----373029----pid-1
---ebpf-pid----373029----pid-373029
---ebpf-pid----372881----pid-1
---ebpf-pid----372881----pid-372881
---ebpf-pid----373029----pid-5476
---ebpf-pid----372881----pid-1
---ebpf-pid----373029----pid-1
---ebpf-pid----372881----pid-372881
---ebpf-pid----448785----pid-448785
---ebpf-pid----372881----pid-1
---ebpf-pid----448785----pid-448520
---ebpf-pid----372881----pid-372881
---ebpf-pid----372881----pid-1
---ebpf-pid----448785----pid-1
---ebpf-pid----372881----pid-372881
---ebpf-pid----5707----pid-5707
---ebpf-pid----372881----pid-1
---ebpf-pid----372881----pid-372881
---ebpf-pid----5707----pid-5476
---ebpf-pid----372881----pid-1
---ebpf-pid----5707----pid-1
---ebpf-pid----372881----pid-372881
---ebpf-pid----5707----pid-5707
---ebpf-pid----372881----pid-1
---ebpf-pid----5707----pid-5476
---ebpf-pid----372881----pid-372881
---ebpf-pid----5707----pid-1
---ebpf-pid----372881----pid-1
---ebpf-pid----5707----pid-5707
---ebpf-pid----372881----pid-372881
---ebpf-pid----5707----pid-5476
---ebpf-pid----372881----pid-1
---ebpf-pid----5707----pid-1
---ebpf-pid----372881----pid-372881
---ebpf-pid----379067----pid-379067
---ebpf-pid----372881----pid-1
---ebpf-pid----372881----pid-372881
---ebpf-pid----372881----pid-1
---ebpf-pid----379067----pid-5476
---ebpf-pid----372881----pid-372881
---ebpf-pid----379067----pid-1
---ebpf-pid----372881----pid-1
---ebpf-pid----5707----pid-5707
---ebpf-pid----372881----pid-372881
---ebpf-pid----372881----pid-1
---ebpf-pid----5707----pid-5476
---ebpf-pid----372881----pid-372881
---ebpf-pid----379067----pid-379067
---ebpf-pid----5707----pid-1
---ebpf-pid----5707----pid-5707
---ebpf-pid----372881----pid-1
---ebpf-pid----379067----pid-5476
---ebpf-pid----372881----pid-372881
---ebpf-pid----5707----pid-5476
---ebpf-pid----5707----pid-1
---ebpf-pid----372881----pid-1
---ebpf-pid----5707----pid-5707
---ebpf-pid----379067----pid-1
---ebpf-pid----372881----pid-372881
---ebpf-pid----379067----pid-379067
---ebpf-pid----5707----pid-5476
---ebpf-pid----372881----pid-1
---ebpf-pid----372881----pid-372881
---ebpf-pid----5707----pid-1
---ebpf-pid----5707----pid-5707
---ebpf-pid----379067----pid-5476
---ebpf-pid----5707----pid-5476
---ebpf-pid----372881----pid-1
---ebpf-pid----372881----pid-372881
---ebpf-pid----5707----pid-1
---ebpf-pid----5707----pid-5707
---ebpf-pid----372881----pid-1
---ebpf-pid----372881----pid-372881
---ebpf-pid----372881----pid-1
---ebpf-pid----5707----pid-5476
---ebpf-pid----379067----pid-1
---ebpf-pid----372881----pid-372881
---ebpf-pid----379067----pid-379067
---ebpf-pid----5707----pid-1
---ebpf-pid----372881----pid-1
---ebpf-pid----5705----pid-5705
---ebpf-pid----372881----pid-372881
---ebpf-pid----5705----pid-5476
---ebpf-pid----372881----pid-1
---ebpf-pid----379067----pid-5476
---ebpf-pid----372881----pid-372881
---ebpf-pid----5705----pid-1
---ebpf-pid----5705----pid-5705
---ebpf-pid----5705----pid-5476
---ebpf-pid----372881----pid-1
---ebpf-pid----372881----pid-372881
---ebpf-pid----5705----pid-1
---ebpf-pid----5705----pid-5705
---ebpf-pid----372881----pid-1
---ebpf-pid----2088----pid-2088
---ebpf-pid----5705----pid-5476
---ebpf-pid----2088----pid-1
---ebpf-pid----2088----pid-2088
---ebpf-pid----5705----pid-1
---ebpf-pid----448784----pid-448784
---ebpf-pid----2088----pid-1
---ebpf-pid----2088----pid-2088
---ebpf-pid----448784----pid-448520
---ebpf-pid----2088----pid-1
---ebpf-pid----448784----pid-1
---ebpf-pid----448784----pid-448784
---ebpf-pid----2088----pid-2088
---ebpf-pid----448784----pid-448520
---ebpf-pid----2088----pid-1
---ebpf-pid----2088----pid-2088
---ebpf-pid----448784----pid-1
---ebpf-pid----5705----pid-5705
---ebpf-pid----2088----pid-1
---ebpf-pid----5705----pid-5476
---ebpf-pid----2088----pid-2088
---ebpf-pid----5705----pid-1
---ebpf-pid----2088----pid-1
---ebpf-pid----5705----pid-5705
---ebpf-pid----2088----pid-2088
---ebpf-pid----5705----pid-5476
---ebpf-pid----2088----pid-1
---ebpf-pid----2088----pid-2088
---ebpf-pid----5705----pid-1
---ebpf-pid----5705----pid-5705
---ebpf-pid----2088----pid-1
---ebpf-pid----2088----pid-2088
---ebpf-pid----5705----pid-5476
---ebpf-pid----5705----pid-1
---ebpf-pid----2088----pid-1
---ebpf-pid----5705----pid-5705
---ebpf-pid----2088----pid-2088
---ebpf-pid----5705----pid-5476
---ebpf-pid----2088----pid-1
---ebpf-pid----2088----pid-2088
---ebpf-pid----5705----pid-1
---ebpf-pid----5705----pid-5705
---ebpf-pid----2088----pid-1
---ebpf-pid----5705----pid-5476
---ebpf-pid----2088----pid-2088
---ebpf-pid----5705----pid-1
---ebpf-pid----2088----pid-1
---ebpf-pid----5705----pid-5705
---ebpf-pid----2088----pid-2088
---ebpf-pid----5705----pid-5476
---ebpf-pid----2088----pid-1
---ebpf-pid----2088----pid-2088
---ebpf-pid----5705----pid-1
---ebpf-pid----5705----pid-5705
---ebpf-pid----2088----pid-1
---ebpf-pid----5705----pid-5476
---ebpf-pid----2088----pid-2088
---ebpf-pid----5705----pid-1
---ebpf-pid----2088----pid-1
---ebpf-pid----2088----pid-2088
---ebpf-pid----5705----pid-5705
---ebpf-pid----2088----pid-1
---ebpf-pid----2088----pid-2088
---ebpf-pid----5705----pid-5476
---ebpf-pid----2088----pid-1
---ebpf-pid----2088----pid-2088
---ebpf-pid----5705----pid-1
---ebpf-pid----2088----pid-1
---ebpf-pid----2088----pid-2088
---ebpf-pid----5705----pid-5705
---ebpf-pid----2088----pid-1
---ebpf-pid----2088----pid-2088
---ebpf-pid----5705----pid-5476
---ebpf-pid----2088----pid-1
---ebpf-pid----2088----pid-2088
---ebpf-pid----5705----pid-1
---ebpf-pid----5705----pid-5705
---ebpf-pid----2088----pid-1
---ebpf-pid----2088----pid-2088
---ebpf-pid----2088----pid-1
---ebpf-pid----5705----pid-5476
---ebpf-pid----5705----pid-1
---ebpf-pid----5705----pid-5705
---ebpf-pid----5705----pid-5476
---ebpf-pid----5705----pid-1
---ebpf-pid----5705----pid-5705
---ebpf-pid----5705----pid-5476
---ebpf-pid----5705----pid-1
---ebpf-pid----5705----pid-5705
---ebpf-pid----5705----pid-5476
---ebpf-pid----5705----pid-1
---ebpf-pid----5705----pid-5705
---ebpf-pid----5705----pid-5476
---ebpf-pid----5705----pid-1
---ebpf-pid----5705----pid-5705
---ebpf-pid----5705----pid-5476
---ebpf-pid----5705----pid-1
---ebpf-pid----5705----pid-5705
---ebpf-pid----5705----pid-5476
---ebpf-pid----5705----pid-1
---ebpf-pid----448784----pid-448784
---ebpf-pid----448784----pid-448520
---ebpf-pid----448784----pid-1
---ebpf-pid----5707----pid-5707
---ebpf-pid----5707----pid-5476
---ebpf-pid----5707----pid-1
---ebpf-pid----5707----pid-5707
---ebpf-pid----5707----pid-5476
---ebpf-pid----5707----pid-1
---ebpf-pid----448783----pid-448783
---ebpf-pid----448783----pid-448520
---ebpf-pid----448783----pid-1
---ebpf-pid----448783----pid-448783
---ebpf-pid----448783----pid-448520
---ebpf-pid----448783----pid-1
---ebpf-pid----373029----pid-373029
---ebpf-pid----373029----pid-5476
---ebpf-pid----373029----pid-1
---ebpf-pid----373029----pid-373029
---ebpf-pid----373029----pid-5476
---ebpf-pid----373029----pid-1
---ebpf-pid----373029----pid-373029
---ebpf-pid----373029----pid-5476
---ebpf-pid----373029----pid-1
---ebpf-pid----373029----pid-373029
---ebpf-pid----373029----pid-5476
---ebpf-pid----373029----pid-1
---ebpf-pid----379067----pid-379067
---ebpf-pid----379067----pid-5476
---ebpf-pid----379067----pid-1
---ebpf-pid----379067----pid-379067
---ebpf-pid----379067----pid-5476
---ebpf-pid----379067----pid-1
---ebpf-pid----379067----pid-379067
---ebpf-pid----379067----pid-5476
---ebpf-pid----379067----pid-1
---ebpf-pid----379067----pid-379067
---ebpf-pid----379067----pid-5476
---ebpf-pid----379067----pid-1
---ebpf-pid----379067----pid-379067
---ebpf-pid----379067----pid-5476
---ebpf-pid----379067----pid-1
---ebpf-pid----379067----pid-379067
---ebpf-pid----379067----pid-5476
---ebpf-pid----379067----pid-1
---ebpf-pid----379067----pid-379067
---ebpf-pid----379067----pid-5476
---ebpf-pid----379067----pid-1
---ebpf-pid----379067----pid-379067
---ebpf-pid----379067----pid-5476
---ebpf-pid----379067----pid-1
---ebpf-pid----379067----pid-379067
---ebpf-pid----379067----pid-5476
---ebpf-pid----379067----pid-1
---ebpf-pid----2089----pid-2089
---ebpf-pid----2089----pid-1
---ebpf-pid----2089----pid-2089
---ebpf-pid----2089----pid-1
---ebpf-pid----2089----pid-2089
---ebpf-pid----2089----pid-1
---ebpf-pid----2089----pid-2089
---ebpf-pid----2089----pid-1
---ebpf-pid----2089----pid-2089
---ebpf-pid----2089----pid-1
---ebpf-pid----2089----pid-2089
---ebpf-pid----2089----pid-1
---ebpf-pid----2089----pid-2089
---ebpf-pid----2089----pid-1
---ebpf-pid----2089----pid-2089
---ebpf-pid----2089----pid-1
---ebpf-pid----2089----pid-2089
---ebpf-pid----2089----pid-1
---ebpf-pid----5705----pid-5705
---ebpf-pid----5705----pid-5476
---ebpf-pid----5705----pid-1
---ebpf-pid----5705----pid-5705
---ebpf-pid----5705----pid-5476
---ebpf-pid----5705----pid-1
---ebpf-pid----5705----pid-5705
---ebpf-pid----2088----pid-2088
---ebpf-pid----5705----pid-5476
---ebpf-pid----2088----pid-1
---ebpf-pid----2088----pid-2088
---ebpf-pid----5705----pid-1
---ebpf-pid----2088----pid-1
---ebpf-pid----2088----pid-2088
---ebpf-pid----2088----pid-1
---ebpf-pid----2088----pid-2088
---ebpf-pid----2088----pid-1
---ebpf-pid----2088----pid-2088
---ebpf-pid----2088----pid-1
---ebpf-pid----2088----pid-2088
---ebpf-pid----379067----pid-1
---ebpf-pid----379067----pid-379067
---ebpf-pid----2088----pid-1
---ebpf-pid----2088----pid-2088
---ebpf-pid----379067----pid-5476
---ebpf-pid----2088----pid-1
---ebpf-pid----379067----pid-1
---ebpf-pid----2088----pid-2088
---ebpf-pid----2088----pid-1
---ebpf-pid----2088----pid-2088
---ebpf-pid----2088----pid-1
---ebpf-pid----2088----pid-2088
---ebpf-pid----2088----pid-1
---ebpf-pid----2088----pid-2088
---ebpf-pid----2088----pid-1
---ebpf-pid----2088----pid-2088
---ebpf-pid----2088----pid-1
---ebpf-pid----2088----pid-2088
---ebpf-pid----2088----pid-1
---ebpf-pid----2088----pid-2088
---ebpf-pid----2088----pid-1
---ebpf-pid----2088----pid-2088
---ebpf-pid----2088----pid-1
---ebpf-pid----2088----pid-2088
---ebpf-pid----2088----pid-1
---ebpf-pid----2088----pid-2088
---ebpf-pid----2088----pid-1
---ebpf-pid----2088----pid-2088
---ebpf-pid----2088----pid-1
---ebpf-pid----2088----pid-2088
---ebpf-pid----2088----pid-1
---ebpf-pid----2088----pid-2088
---ebpf-pid----2088----pid-1
---ebpf-pid----2088----pid-2088
---ebpf-pid----2088----pid-1
---ebpf-pid----2088----pid-2088
---ebpf-pid----2088----pid-1
---ebpf-pid----2088----pid-2088
---ebpf-pid----5705----pid-5705
---ebpf-pid----379067----pid-379067
---ebpf-pid----379067----pid-5476
---ebpf-pid----379067----pid-1
---ebpf-pid----379067----pid-379067
---ebpf-pid----379067----pid-5476
---ebpf-pid----379067----pid-1
---ebpf-pid----379067----pid-379067
---ebpf-pid----2088----pid-1
---ebpf-pid----2088----pid-2088
---ebpf-pid----2088----pid-1
---ebpf-pid----2012----pid-2012
---ebpf-pid----5705----pid-5476
---ebpf-pid----2012----pid-1
---ebpf-pid----5705----pid-1
---ebpf-pid----2012----pid-2012
---ebpf-pid----5705----pid-5705
---ebpf-pid----2012----pid-1
---ebpf-pid----5705----pid-5476
---ebpf-pid----2012----pid-2012
---ebpf-pid----5705----pid-1
---ebpf-pid----2012----pid-1
---ebpf-pid----5705----pid-5705
---ebpf-pid----2012----pid-2012
---ebpf-pid----2012----pid-1
---ebpf-pid----5705----pid-5476
---ebpf-pid----2012----pid-2012
---ebpf-pid----5705----pid-1
---ebpf-pid----2012----pid-1
---ebpf-pid----5705----pid-5705
---ebpf-pid----2012----pid-2012
---ebpf-pid----5705----pid-5476
---ebpf-pid----2012----pid-1
---ebpf-pid----2012----pid-2012
---ebpf-pid----5705----pid-1
---ebpf-pid----448785----pid-448785
---ebpf-pid----2012----pid-1
---ebpf-pid----2012----pid-2012
---ebpf-pid----448785----pid-448520
---ebpf-pid----2012----pid-1
---ebpf-pid----448785----pid-1
---ebpf-pid----2012----pid-2012
---ebpf-pid----448785----pid-448785
---ebpf-pid----2012----pid-1
---ebpf-pid----448785----pid-448520
---ebpf-pid----5707----pid-5707
---ebpf-pid----448785----pid-1
---ebpf-pid----5707----pid-5476
---ebpf-pid----448785----pid-448785
---ebpf-pid----5707----pid-1
---ebpf-pid----448785----pid-448520
---ebpf-pid----5707----pid-5707
---ebpf-pid----448785----pid-1
---ebpf-pid----5707----pid-5476
---ebpf-pid----5705----pid-5705
---ebpf-pid----5707----pid-1
---ebpf-pid----379067----pid-5476
---ebpf-pid----5705----pid-5476
---ebpf-pid----5707----pid-5707
---ebpf-pid----379067----pid-1
---ebpf-pid----5705----pid-1
---ebpf-pid----5707----pid-5476
---ebpf-pid----379067----pid-379067
---ebpf-pid----373029----pid-373029
---ebpf-pid----5707----pid-1
---ebpf-pid----379067----pid-5476
---ebpf-pid----372881----pid-372881
---ebpf-pid----373029----pid-5476
---ebpf-pid----379067----pid-1
---ebpf-pid----372881----pid-1
---ebpf-pid----379067----pid-379067
---ebpf-pid----373029----pid-1
---ebpf-pid----2012----pid-2012
---ebpf-pid----373029----pid-373029
---ebpf-pid----379067----pid-5476
---ebpf-pid----373029----pid-5476
---ebpf-pid----2012----pid-1
---ebpf-pid----5707----pid-5707
---ebpf-pid----373029----pid-1
---ebpf-pid----373029----pid-373029
---ebpf-pid----5707----pid-5476
---ebpf-pid----373029----pid-5476
---ebpf-pid----379067----pid-1
---ebpf-pid----5707----pid-1
---ebpf-pid----379067----pid-379067
---ebpf-pid----373029----pid-1
---ebpf-pid----5707----pid-5707
---ebpf-pid----5705----pid-5705
---ebpf-pid----379067----pid-5476
---ebpf-pid----5707----pid-5476
---ebpf-pid----5705----pid-5476
---ebpf-pid----379067----pid-1
---ebpf-pid----379067----pid-379067
---ebpf-pid----5707----pid-1
---ebpf-pid----5705----pid-1
---ebpf-pid----2089----pid-2089
---ebpf-pid----379067----pid-5476
---ebpf-pid----2089----pid-1
---ebpf-pid----2089----pid-2089
---ebpf-pid----2089----pid-1
---ebpf-pid----2089----pid-2089
---ebpf-pid----2089----pid-1
---ebpf-pid----5707----pid-5707
---ebpf-pid----5707----pid-5476
---ebpf-pid----5707----pid-1
---ebpf-pid----5707----pid-5707
---ebpf-pid----5707----pid-5476
---ebpf-pid----5707----pid-1
---ebpf-pid----372881----pid-372881
---ebpf-pid----372881----pid-1
---ebpf-pid----372881----pid-372881
---ebpf-pid----372881----pid-1
---ebpf-pid----5707----pid-5707
---ebpf-pid----5707----pid-5476
---ebpf-pid----5707----pid-1
---ebpf-pid----5707----pid-5707
---ebpf-pid----5707----pid-5476
---ebpf-pid----5707----pid-1
---ebpf-pid----5707----pid-5707
---ebpf-pid----5707----pid-5476
---ebpf-pid----5707----pid-1
---ebpf-pid----5707----pid-5707
---ebpf-pid----5707----pid-5476
---ebpf-pid----5707----pid-1
---ebpf-pid----5707----pid-5707
---ebpf-pid----5707----pid-5476
---ebpf-pid----5707----pid-1
---ebpf-pid----2089----pid-2089
---ebpf-pid----2089----pid-1
---ebpf-pid----373029----pid-373029
---ebpf-pid----373029----pid-5476
---ebpf-pid----5705----pid-5705
---ebpf-pid----373029----pid-1
---ebpf-pid----373029----pid-373029
---ebpf-pid----5705----pid-5476
---ebpf-pid----373029----pid-5476
---ebpf-pid----373029----pid-1
---ebpf-pid----373029----pid-373029
---ebpf-pid----5705----pid-1
---ebpf-pid----448785----pid-448785
---ebpf-pid----373029----pid-5476
---ebpf-pid----373029----pid-1
---ebpf-pid----448785----pid-448520
---ebpf-pid----373029----pid-373029
---ebpf-pid----373029----pid-5476
---ebpf-pid----373029----pid-1
---ebpf-pid----373029----pid-373029
---ebpf-pid----373029----pid-5476
---ebpf-pid----373029----pid-1
---ebpf-pid----373029----pid-373029
---ebpf-pid----373029----pid-5476
---ebpf-pid----379067----pid-1
---ebpf-pid----373029----pid-1
---ebpf-pid----379067----pid-379067
---ebpf-pid----373029----pid-373029
---ebpf-pid----379067----pid-5476
---ebpf-pid----373029----pid-5476
---ebpf-pid----379067----pid-1
---ebpf-pid----448785----pid-1
---ebpf-pid----373029----pid-1
---ebpf-pid----379067----pid-379067
---ebpf-pid----448785----pid-448785
---ebpf-pid----373029----pid-373029
---ebpf-pid----379067----pid-5476
---ebpf-pid----448785----pid-448520
---ebpf-pid----373029----pid-5476
---ebpf-pid----379067----pid-1
---ebpf-pid----379067----pid-379067
---ebpf-pid----448785----pid-1
---ebpf-pid----373029----pid-1
---ebpf-pid----379067----pid-379067
---ebpf-pid----373029----pid-373029
---ebpf-pid----379067----pid-5476
---ebpf-pid----379067----pid-5476
---ebpf-pid----379067----pid-1
---ebpf-pid----373029----pid-5476
---ebpf-pid----379067----pid-379067
---ebpf-pid----379067----pid-1
---ebpf-pid----379067----pid-5476
---ebpf-pid----373029----pid-1
---ebpf-pid----379067----pid-379067
---ebpf-pid----2094----pid-2094
---ebpf-pid----379067----pid-1
---ebpf-pid----379067----pid-5476
---ebpf-pid----379067----pid-379067
---ebpf-pid----2094----pid-1
---ebpf-pid----2094----pid-2094
---ebpf-pid----379067----pid-5476
---ebpf-pid----379067----pid-1
---ebpf-pid----379067----pid-379067
---ebpf-pid----2094----pid-1
---ebpf-pid----379067----pid-1
---ebpf-pid----2094----pid-2094
---ebpf-pid----379067----pid-379067
---ebpf-pid----379067----pid-5476
---ebpf-pid----379067----pid-5476
---ebpf-pid----2094----pid-1
---ebpf-pid----379067----pid-1
---ebpf-pid----2094----pid-2094
---ebpf-pid----379067----pid-1
---ebpf-pid----379067----pid-379067
---ebpf-pid----379067----pid-379067
---ebpf-pid----2094----pid-1
---ebpf-pid----2094----pid-2094
---ebpf-pid----379067----pid-5476
---ebpf-pid----379067----pid-5476
---ebpf-pid----2094----pid-1
---ebpf-pid----379067----pid-1
---ebpf-pid----379067----pid-1
---ebpf-pid----2094----pid-2094
---ebpf-pid----379067----pid-379067
---ebpf-pid----379067----pid-379067
---ebpf-pid----379067----pid-5476
---ebpf-pid----379067----pid-5476
---ebpf-pid----2094----pid-1
---ebpf-pid----2094----pid-2094
---ebpf-pid----379067----pid-1
---ebpf-pid----379067----pid-1
---ebpf-pid----379067----pid-379067
---ebpf-pid----379067----pid-379067
---ebpf-pid----2094----pid-1
---ebpf-pid----2094----pid-2094
---ebpf-pid----379067----pid-5476
---ebpf-pid----379067----pid-5476
---ebpf-pid----2094----pid-1
---ebpf-pid----379067----pid-1
---ebpf-pid----2094----pid-2094
---ebpf-pid----379067----pid-379067
---ebpf-pid----379067----pid-1
---ebpf-pid----379067----pid-379067
---ebpf-pid----379067----pid-5476
---ebpf-pid----2094----pid-1
---ebpf-pid----379067----pid-1
---ebpf-pid----379067----pid-5476
---ebpf-pid----379067----pid-1
---ebpf-pid----379067----pid-379067
---ebpf-pid----379067----pid-5476
---ebpf-pid----2094----pid-2094
---ebpf-pid----2094----pid-1
---ebpf-pid----379067----pid-1
---ebpf-pid----379067----pid-379067
---ebpf-pid----379067----pid-5476
---ebpf-pid----379067----pid-1
---ebpf-pid----379067----pid-379067
---ebpf-pid----379067----pid-5476
---ebpf-pid----2094----pid-2094
---ebpf-pid----2094----pid-1
---ebpf-pid----2094----pid-2094
---ebpf-pid----2094----pid-1
---ebpf-pid----2094----pid-2094
---ebpf-pid----2094----pid-1
---ebpf-pid----2094----pid-2094
---ebpf-pid----2094----pid-1
---ebpf-pid----2094----pid-2094
---ebpf-pid----2094----pid-1
---ebpf-pid----2094----pid-2094
---ebpf-pid----379067----pid-379067
---ebpf-pid----2094----pid-1
---ebpf-pid----2094----pid-2094
---ebpf-pid----2094----pid-1
---ebpf-pid----2094----pid-2094
---ebpf-pid----2094----pid-1
---ebpf-pid----2094----pid-2094
---ebpf-pid----379067----pid-5476
---ebpf-pid----2094----pid-1
---ebpf-pid----379067----pid-1
---ebpf-pid----2094----pid-2094
---ebpf-pid----2094----pid-1
---ebpf-pid----2094----pid-2094
---ebpf-pid----379067----pid-379067
---ebpf-pid----2094----pid-1
---ebpf-pid----2094----pid-2094
---ebpf-pid----379067----pid-5476
---ebpf-pid----2094----pid-1
---ebpf-pid----379067----pid-1
---ebpf-pid----2094----pid-2094
---ebpf-pid----379067----pid-379067
---ebpf-pid----379067----pid-5476
---ebpf-pid----2094----pid-1
---ebpf-pid----2094----pid-2094
---ebpf-pid----2094----pid-1
---ebpf-pid----2094----pid-2094
---ebpf-pid----2094----pid-1
---ebpf-pid----2094----pid-2094
---ebpf-pid----2094----pid-1
---ebpf-pid----2094----pid-2094
---ebpf-pid----2094----pid-1
---ebpf-pid----2094----pid-2094
---ebpf-pid----2094----pid-1
---ebpf-pid----2094----pid-2094
---ebpf-pid----2094----pid-1
---ebpf-pid----2094----pid-2094
---ebpf-pid----379067----pid-1
---ebpf-pid----2094----pid-1
---ebpf-pid----379067----pid-379067
---ebpf-pid----2094----pid-2094
---ebpf-pid----2094----pid-1
---ebpf-pid----2094----pid-2094
---ebpf-pid----2094----pid-1
---ebpf-pid----2094----pid-2094
---ebpf-pid----2094----pid-1
---ebpf-pid----2094----pid-2094
---ebpf-pid----379067----pid-5476
---ebpf-pid----379067----pid-1
---ebpf-pid----2094----pid-1
---ebpf-pid----379067----pid-379067
---ebpf-pid----2094----pid-2094
---ebpf-pid----379067----pid-5476
---ebpf-pid----2094----pid-1
---ebpf-pid----2094----pid-2094
---ebpf-pid----379067----pid-1
---ebpf-pid----379067----pid-379067
---ebpf-pid----2094----pid-1
---ebpf-pid----2094----pid-2094
---ebpf-pid----2094----pid-1
---ebpf-pid----2094----pid-2094
---ebpf-pid----2094----pid-1
---ebpf-pid----2094----pid-2094
---ebpf-pid----379067----pid-5476
---ebpf-pid----2094----pid-1
---ebpf-pid----379067----pid-379067
---ebpf-pid----379067----pid-1
---ebpf-pid----379067----pid-379067
---ebpf-pid----379067----pid-5476
---ebpf-pid----379067----pid-5476
---ebpf-pid----379067----pid-1
---ebpf-pid----379067----pid-1
---ebpf-pid----379067----pid-379067
---ebpf-pid----379067----pid-379067
---ebpf-pid----379067----pid-5476
---ebpf-pid----379067----pid-5476
---ebpf-pid----379067----pid-1
---ebpf-pid----379067----pid-1
---ebpf-pid----379067----pid-379067
---ebpf-pid----372881----pid-372881
---ebpf-pid----379067----pid-5476
---ebpf-pid----372881----pid-1
---ebpf-pid----379067----pid-1
---ebpf-pid----372881----pid-372881
---ebpf-pid----379067----pid-379067
---ebpf-pid----372881----pid-1
---ebpf-pid----379067----pid-5476
---ebpf-pid----372881----pid-372881
---ebpf-pid----379067----pid-1
---ebpf-pid----379067----pid-379067
---ebpf-pid----372881----pid-1
---ebpf-pid----372881----pid-372881
---ebpf-pid----379067----pid-5476
---ebpf-pid----372881----pid-1
---ebpf-pid----372881----pid-372881
---ebpf-pid----379067----pid-1
---ebpf-pid----379067----pid-379067
---ebpf-pid----372881----pid-1
---ebpf-pid----372881----pid-372881
---ebpf-pid----379067----pid-5476
---ebpf-pid----379067----pid-1
---ebpf-pid----379067----pid-379067
---ebpf-pid----379067----pid-5476
---ebpf-pid----379067----pid-1
---ebpf-pid----379067----pid-379067
---ebpf-pid----379067----pid-5476
---ebpf-pid----379067----pid-1
---ebpf-pid----379067----pid-379067
---ebpf-pid----379067----pid-5476
---ebpf-pid----379067----pid-1
---ebpf-pid----379067----pid-379067
---ebpf-pid----379067----pid-5476
---ebpf-pid----379067----pid-1
---ebpf-pid----379067----pid-379067
---ebpf-pid----379067----pid-5476
---ebpf-pid----379067----pid-1
---ebpf-pid----379067----pid-379067
---ebpf-pid----379067----pid-5476
---ebpf-pid----379067----pid-1
---ebpf-pid----379067----pid-379067
---ebpf-pid----379067----pid-1
---ebpf-pid----379067----pid-379067
---ebpf-pid----379067----pid-5476
---ebpf-pid----379067----pid-5476
---ebpf-pid----379067----pid-1
---ebpf-pid----379067----pid-379067
---ebpf-pid----379067----pid-1
---ebpf-pid----379067----pid-379067
---ebpf-pid----379067----pid-5476
---ebpf-pid----379067----pid-5476
---ebpf-pid----379067----pid-1
---ebpf-pid----379067----pid-1
---ebpf-pid----377755----pid-377755
---ebpf-pid----379067----pid-379067
---ebpf-pid----379067----pid-5476
---ebpf-pid----377755----pid-1
---ebpf-pid----2012----pid-2012
---ebpf-pid----379067----pid-1
---ebpf-pid----379067----pid-379067
---ebpf-pid----2012----pid-1
---ebpf-pid----379067----pid-5476
---ebpf-pid----2012----pid-2012
---ebpf-pid----379067----pid-1
---ebpf-pid----2012----pid-1
---ebpf-pid----379067----pid-379067
---ebpf-pid----2012----pid-2012
---ebpf-pid----379067----pid-5476
---ebpf-pid----2012----pid-1
---ebpf-pid----379067----pid-1
---ebpf-pid----2012----pid-2012
---ebpf-pid----379067----pid-379067
---ebpf-pid----2012----pid-1
---ebpf-pid----379067----pid-5476
---ebpf-pid----2012----pid-2012
---ebpf-pid----379067----pid-1
---ebpf-pid----2012----pid-1
---ebpf-pid----379067----pid-379067
---ebpf-pid----2012----pid-2012
---ebpf-pid----379067----pid-5476
---ebpf-pid----2012----pid-1
---ebpf-pid----379067----pid-1
---ebpf-pid----5705----pid-5705
---ebpf-pid----379067----pid-379067
---ebpf-pid----5705----pid-5476
---ebpf-pid----379067----pid-5476
---ebpf-pid----5705----pid-1
---ebpf-pid----379067----pid-1
---ebpf-pid----5705----pid-5705
---ebpf-pid----379067----pid-379067
---ebpf-pid----5705----pid-5476
---ebpf-pid----379067----pid-5476
---ebpf-pid----379067----pid-1
---ebpf-pid----5705----pid-1
---ebpf-pid----379067----pid-379067
---ebpf-pid----5707----pid-5707
---ebpf-pid----379067----pid-5476
---ebpf-pid----5707----pid-5476
---ebpf-pid----379067----pid-1
---ebpf-pid----379067----pid-379067
---ebpf-pid----5707----pid-1
---ebpf-pid----448785----pid-448785
---ebpf-pid----379067----pid-5476
---ebpf-pid----448785----pid-448520
---ebpf-pid----379067----pid-1
---ebpf-pid----379067----pid-379067
---ebpf-pid----448785----pid-1
---ebpf-pid----379067----pid-5476
---ebpf-pid----448785----pid-448785
---ebpf-pid----379067----pid-1
---ebpf-pid----448785----pid-448520
---ebpf-pid----379067----pid-379067
---ebpf-pid----448785----pid-1
---ebpf-pid----373029----pid-373029
---ebpf-pid----373029----pid-5476
---ebpf-pid----373029----pid-1
---ebpf-pid----373029----pid-373029
---ebpf-pid----373029----pid-5476
---ebpf-pid----373029----pid-1
---ebpf-pid----448784----pid-448784
---ebpf-pid----448784----pid-448520
---ebpf-pid----448784----pid-1
---ebpf-pid----448784----pid-448784
---ebpf-pid----448784----pid-448520
---ebpf-pid----448784----pid-1
---ebpf-pid----373029----pid-373029
---ebpf-pid----373029----pid-5476
---ebpf-pid----373029----pid-1
---ebpf-pid----373029----pid-373029
---ebpf-pid----373029----pid-5476
---ebpf-pid----373029----pid-1
---ebpf-pid----448784----pid-448784
---ebpf-pid----448784----pid-448520
---ebpf-pid----448784----pid-1
---ebpf-pid----377755----pid-377755
---ebpf-pid----377755----pid-1
---ebpf-pid----377755----pid-377755
---ebpf-pid----377755----pid-1
---ebpf-pid----5614----pid-5614
---ebpf-pid----5614----pid-1
---ebpf-pid----379067----pid-379067
---ebpf-pid----372881----pid-1
---ebpf-pid----372881----pid-372881
---ebpf-pid----379067----pid-5476
---ebpf-pid----379067----pid-1
---ebpf-pid----372881----pid-1
---ebpf-pid----448784----pid-448784
---ebpf-pid----372881----pid-372881
---ebpf-pid----372881----pid-1
---ebpf-pid----372881----pid-372881
---ebpf-pid----372881----pid-1
---ebpf-pid----372881----pid-372881
---ebpf-pid----372881----pid-1
---ebpf-pid----372881----pid-372881
---ebpf-pid----372881----pid-1
---ebpf-pid----372881----pid-372881
---ebpf-pid----372881----pid-1
---ebpf-pid----372881----pid-372881
---ebpf-pid----372881----pid-1
---ebpf-pid----372881----pid-372881
---ebpf-pid----372881----pid-1
---ebpf-pid----448782----pid-448782
---ebpf-pid----448782----pid-448520
---ebpf-pid----448782----pid-1
---ebpf-pid----26----pid-26
---ebpf-pid----26----pid-2
---ebpf-pid----379067----pid-379067
---ebpf-pid----448784----pid-448520
---ebpf-pid----379067----pid-5476
---ebpf-pid----448784----pid-1
---ebpf-pid----379067----pid-1
---ebpf-pid----379067----pid-379067
---ebpf-pid----448784----pid-448784
---ebpf-pid----379067----pid-5476
---ebpf-pid----448784----pid-448520
---ebpf-pid----379067----pid-1
---ebpf-pid----448784----pid-1
---ebpf-pid----372881----pid-372881
---ebpf-pid----448784----pid-448784
---ebpf-pid----372881----pid-1
---ebpf-pid----448784----pid-448520
---ebpf-pid----372881----pid-372881
---ebpf-pid----448784----pid-1
---ebpf-pid----379067----pid-5476
---ebpf-pid----5637----pid-5637
---ebpf-pid----379067----pid-1
---ebpf-pid----5637----pid-1
---ebpf-pid----379067----pid-379067
---ebpf-pid----5637----pid-5637
---ebpf-pid----379067----pid-5476
---ebpf-pid----5637----pid-1
---ebpf-pid----5637----pid-5637
---ebpf-pid----379067----pid-1
---ebpf-pid----379067----pid-379067
---ebpf-pid----5637----pid-1
---ebpf-pid----379067----pid-5476
---ebpf-pid----448784----pid-448784
---ebpf-pid----379067----pid-1
---ebpf-pid----448784----pid-448520
---ebpf-pid----379067----pid-379067
---ebpf-pid----379067----pid-5476
---ebpf-pid----448784----pid-1
---ebpf-pid----379067----pid-1
---ebpf-pid----5637----pid-5637
---ebpf-pid----379067----pid-379067
---ebpf-pid----5637----pid-1
---ebpf-pid----379067----pid-5476
---ebpf-pid----448784----pid-448784
---ebpf-pid----379067----pid-1
---ebpf-pid----379067----pid-379067
---ebpf-pid----448784----pid-448520
---ebpf-pid----379067----pid-5476
---ebpf-pid----379067----pid-1
---ebpf-pid----379067----pid-379067
---ebpf-pid----379067----pid-5476
---ebpf-pid----379067----pid-1
---ebpf-pid----379067----pid-379067
---ebpf-pid----379067----pid-5476
---ebpf-pid----379067----pid-1
---ebpf-pid----379067----pid-379067
---ebpf-pid----379067----pid-5476
---ebpf-pid----379067----pid-1
---ebpf-pid----379067----pid-379067
---ebpf-pid----379067----pid-5476
---ebpf-pid----379067----pid-1
---ebpf-pid----379067----pid-379067
---ebpf-pid----379067----pid-5476
---ebpf-pid----379067----pid-1
---ebpf-pid----379067----pid-379067
---ebpf-pid----379067----pid-5476
---ebpf-pid----379067----pid-1
---ebpf-pid----379067----pid-379067
---ebpf-pid----379067----pid-5476
---ebpf-pid----379067----pid-1
---ebpf-pid----379067----pid-379067
---ebpf-pid----379067----pid-5476
---ebpf-pid----379067----pid-1
---ebpf-pid----379067----pid-379067
---ebpf-pid----379067----pid-5476
---ebpf-pid----379067----pid-1
---ebpf-pid----5705----pid-5705
---ebpf-pid----372881----pid-1
---ebpf-pid----372881----pid-372881
---ebpf-pid----372881----pid-1
---ebpf-pid----372881----pid-372881
---ebpf-pid----372881----pid-1
---ebpf-pid----372881----pid-372881
---ebpf-pid----372881----pid-1
---ebpf-pid----372881----pid-372881
---ebpf-pid----372881----pid-1
---ebpf-pid----372881----pid-372881
---ebpf-pid----372881----pid-1
---ebpf-pid----372881----pid-372881
---ebpf-pid----372881----pid-1
---ebpf-pid----372881----pid-372881
---ebpf-pid----372881----pid-1
---ebpf-pid----373029----pid-373029
---ebpf-pid----448784----pid-1
---ebpf-pid----377755----pid-377755
---ebpf-pid----377755----pid-1
---ebpf-pid----448784----pid-448784
---ebpf-pid----448784----pid-448520
---ebpf-pid----448784----pid-1
---ebpf-pid----448782----pid-448782
---ebpf-pid----448782----pid-448520
---ebpf-pid----448782----pid-1
---ebpf-pid----448782----pid-448782
---ebpf-pid----448782----pid-448520
---ebpf-pid----448782----pid-1
---ebpf-pid----448782----pid-448782
---ebpf-pid----448782----pid-448520
---ebpf-pid----448782----pid-1
---ebpf-pid----448782----pid-448782
---ebpf-pid----448782----pid-448520
---ebpf-pid----448782----pid-1
---ebpf-pid----448782----pid-448782
---ebpf-pid----448782----pid-448520
---ebpf-pid----448782----pid-1
---ebpf-pid----2089----pid-2089
---ebpf-pid----373029----pid-5476
---ebpf-pid----2089----pid-1
---ebpf-pid----373029----pid-1
---ebpf-pid----2089----pid-2089
---ebpf-pid----373029----pid-373029
---ebpf-pid----2089----pid-1
---ebpf-pid----373029----pid-5476
---ebpf-pid----2089----pid-2089
---ebpf-pid----373029----pid-1
---ebpf-pid----2089----pid-1
---ebpf-pid----2089----pid-2089
---ebpf-pid----2089----pid-1
---ebpf-pid----2089----pid-2089
---ebpf-pid----2089----pid-1
---ebpf-pid----2089----pid-2089
---ebpf-pid----2089----pid-1
---ebpf-pid----2089----pid-2089
---ebpf-pid----2089----pid-1
---ebpf-pid----2089----pid-2089
---ebpf-pid----2089----pid-1
---ebpf-pid----2089----pid-2089
---ebpf-pid----2089----pid-1
---ebpf-pid----2089----pid-2089
---ebpf-pid----2089----pid-1
---ebpf-pid----2089----pid-2089
---ebpf-pid----2089----pid-1
---ebpf-pid----2089----pid-2089
---ebpf-pid----2089----pid-1
---ebpf-pid----2089----pid-2089
---ebpf-pid----2089----pid-1
---ebpf-pid----2089----pid-2089
---ebpf-pid----373029----pid-373029
---ebpf-pid----373029----pid-5476
---ebpf-pid----373029----pid-1
---ebpf-pid----373029----pid-373029
---ebpf-pid----373029----pid-5476
---ebpf-pid----373029----pid-1
---ebpf-pid----373029----pid-373029
---ebpf-pid----373029----pid-5476
---ebpf-pid----373029----pid-1
---ebpf-pid----373029----pid-373029
---ebpf-pid----2089----pid-1
---ebpf-pid----2089----pid-2089
---ebpf-pid----2089----pid-1
---ebpf-pid----2089----pid-2089
---ebpf-pid----2089----pid-1
---ebpf-pid----2089----pid-2089
---ebpf-pid----2089----pid-1
---ebpf-pid----2089----pid-2089
---ebpf-pid----2089----pid-1
---ebpf-pid----2089----pid-2089
---ebpf-pid----2089----pid-1
---ebpf-pid----2089----pid-2089
---ebpf-pid----2089----pid-1
---ebpf-pid----2089----pid-2089
---ebpf-pid----2089----pid-1
---ebpf-pid----2089----pid-2089
---ebpf-pid----373029----pid-5476
---ebpf-pid----373029----pid-1
---ebpf-pid----373029----pid-373029
---ebpf-pid----373029----pid-5476
---ebpf-pid----373029----pid-1
---ebpf-pid----373029----pid-373029
---ebpf-pid----5705----pid-5476
---ebpf-pid----373029----pid-5476
---ebpf-pid----373029----pid-1
---ebpf-pid----373029----pid-373029
---ebpf-pid----5705----pid-1
---ebpf-pid----5705----pid-5705
---ebpf-pid----373029----pid-5476
---ebpf-pid----373029----pid-1
---ebpf-pid----5705----pid-5476
---ebpf-pid----5705----pid-1
---ebpf-pid----5705----pid-5705
---ebpf-pid----5705----pid-5476
---ebpf-pid----5705----pid-1
---ebpf-pid----5705----pid-5705
---ebpf-pid----5705----pid-5476
---ebpf-pid----373029----pid-373029
---ebpf-pid----5705----pid-1
---ebpf-pid----5705----pid-5705
---ebpf-pid----373029----pid-5476
---ebpf-pid----373029----pid-1
---ebpf-pid----5705----pid-5476
---ebpf-pid----373029----pid-373029
---ebpf-pid----5705----pid-1
---ebpf-pid----373029----pid-5476
---ebpf-pid----379067----pid-379067
---ebpf-pid----373029----pid-1
---ebpf-pid----373029----pid-373029
---ebpf-pid----379067----pid-5476
---ebpf-pid----373029----pid-5476
---ebpf-pid----379067----pid-1
---ebpf-pid----379067----pid-379067
---ebpf-pid----373029----pid-1
---ebpf-pid----373029----pid-373029
---ebpf-pid----379067----pid-5476
---ebpf-pid----373029----pid-5476
---ebpf-pid----379067----pid-1
---ebpf-pid----373029----pid-1
---ebpf-pid----5705----pid-5705
---ebpf-pid----373029----pid-373029
---ebpf-pid----373029----pid-5476
---ebpf-pid----5705----pid-5476
---ebpf-pid----373029----pid-1
---ebpf-pid----5705----pid-1
---ebpf-pid----373029----pid-373029
---ebpf-pid----379067----pid-379067
---ebpf-pid----373029----pid-5476
---ebpf-pid----379067----pid-5476
---ebpf-pid----373029----pid-1
---ebpf-pid----373029----pid-373029
---ebpf-pid----379067----pid-1
---ebpf-pid----373029----pid-5476
---ebpf-pid----379067----pid-379067
---ebpf-pid----373029----pid-1
---ebpf-pid----379067----pid-5476
---ebpf-pid----373029----pid-373029
---ebpf-pid----373029----pid-5476
---ebpf-pid----373029----pid-1
---ebpf-pid----373029----pid-373029
---ebpf-pid----373029----pid-5476
---ebpf-pid----379067----pid-1
---ebpf-pid----373029----pid-1
---ebpf-pid----5705----pid-5705
---ebpf-pid----373029----pid-373029
---ebpf-pid----5705----pid-5476
---ebpf-pid----373029----pid-5476
---ebpf-pid----5705----pid-1
---ebpf-pid----373029----pid-1
---ebpf-pid----379067----pid-379067
---ebpf-pid----373029----pid-373029
---ebpf-pid----373029----pid-5476
---ebpf-pid----379067----pid-5476
---ebpf-pid----373029----pid-1
---ebpf-pid----379067----pid-1
---ebpf-pid----372881----pid-372881
---ebpf-pid----379067----pid-379067
---ebpf-pid----372881----pid-1
---ebpf-pid----379067----pid-5476
---ebpf-pid----372881----pid-372881
---ebpf-pid----379067----pid-1
---ebpf-pid----5705----pid-5705
---ebpf-pid----5705----pid-5476
---ebpf-pid----5705----pid-1
---ebpf-pid----5705----pid-5705
---ebpf-pid----5705----pid-5476
---ebpf-pid----5705----pid-1
---ebpf-pid----5705----pid-5705
---ebpf-pid----5705----pid-5476
---ebpf-pid----5705----pid-1
---ebpf-pid----5705----pid-5705
---ebpf-pid----5705----pid-5476
---ebpf-pid----372881----pid-1
---ebpf-pid----5705----pid-1
---ebpf-pid----5705----pid-5705
---ebpf-pid----372881----pid-372881
---ebpf-pid----5705----pid-5476
---ebpf-pid----372881----pid-1
---ebpf-pid----372881----pid-372881
---ebpf-pid----5705----pid-1
---ebpf-pid----5705----pid-5705
---ebpf-pid----372881----pid-1
---ebpf-pid----372881----pid-372881
---ebpf-pid----372881----pid-1
---ebpf-pid----5705----pid-5476
---ebpf-pid----372881----pid-372881
---ebpf-pid----5705----pid-1
---ebpf-pid----372881----pid-1
---ebpf-pid----5705----pid-5705
---ebpf-pid----372881----pid-372881
---ebpf-pid----5705----pid-5476
---ebpf-pid----372881----pid-1
---ebpf-pid----372881----pid-372881
---ebpf-pid----5705----pid-1
---ebpf-pid----5705----pid-5705
---ebpf-pid----372881----pid-1
---ebpf-pid----372881----pid-372881
---ebpf-pid----5705----pid-5476
---ebpf-pid----372881----pid-1
---ebpf-pid----372881----pid-372881
---ebpf-pid----5705----pid-1
---ebpf-pid----5705----pid-5705
---ebpf-pid----372881----pid-1
---ebpf-pid----372881----pid-372881
---ebpf-pid----5705----pid-5476
---ebpf-pid----5705----pid-1
---ebpf-pid----5705----pid-5705
---ebpf-pid----5705----pid-5476
---ebpf-pid----5705----pid-1
---ebpf-pid----5705----pid-5705
---ebpf-pid----5705----pid-5476
---ebpf-pid----5705----pid-1
---ebpf-pid----5705----pid-5705
---ebpf-pid----5705----pid-5476
---ebpf-pid----5705----pid-1
---ebpf-pid----5705----pid-5705
---ebpf-pid----5705----pid-5476
---ebpf-pid----372881----pid-1
---ebpf-pid----372881----pid-372881
---ebpf-pid----372881----pid-1
---ebpf-pid----372881----pid-372881
---ebpf-pid----372881----pid-1
---ebpf-pid----372881----pid-372881
---ebpf-pid----372881----pid-1
---ebpf-pid----372881----pid-372881
---ebpf-pid----372881----pid-1
---ebpf-pid----372881----pid-372881
---ebpf-pid----372881----pid-1
---ebpf-pid----372881----pid-372881
---ebpf-pid----372881----pid-1
---ebpf-pid----372881----pid-372881
---ebpf-pid----372881----pid-1
---ebpf-pid----372881----pid-372881
---ebpf-pid----372881----pid-1
---ebpf-pid----372881----pid-372881
---ebpf-pid----372881----pid-1
---ebpf-pid----2012----pid-2012
---ebpf-pid----2012----pid-1
---ebpf-pid----2012----pid-2012
---ebpf-pid----2012----pid-1
---ebpf-pid----2012----pid-2012
---ebpf-pid----2012----pid-1
---ebpf-pid----2012----pid-2012
---ebpf-pid----2012----pid-1
---ebpf-pid----2012----pid-2012
---ebpf-pid----2012----pid-1
---ebpf-pid----2012----pid-2012
---ebpf-pid----2012----pid-1
---ebpf-pid----2012----pid-2012
---ebpf-pid----2012----pid-1
---ebpf-pid----2012----pid-2012
---ebpf-pid----2012----pid-1
---ebpf-pid----2012----pid-2012
---ebpf-pid----2012----pid-1
---ebpf-pid----2012----pid-2012
---ebpf-pid----2012----pid-1
---ebpf-pid----2012----pid-2012
---ebpf-pid----2012----pid-1
---ebpf-pid----2012----pid-2012
---ebpf-pid----2012----pid-1
---ebpf-pid----2012----pid-2012
---ebpf-pid----2012----pid-1
---ebpf-pid----2012----pid-2012
---ebpf-pid----2012----pid-1
---ebpf-pid----2012----pid-2012
---ebpf-pid----2012----pid-1
---ebpf-pid----2012----pid-2012
---ebpf-pid----5705----pid-1
---ebpf-pid----2012----pid-1
---ebpf-pid----2012----pid-2012
---ebpf-pid----2012----pid-1
---ebpf-pid----2012----pid-2012
---ebpf-pid----5705----pid-5705
---ebpf-pid----5705----pid-5476
---ebpf-pid----5705----pid-1
---ebpf-pid----5705----pid-5705
---ebpf-pid----2012----pid-1
---ebpf-pid----2012----pid-2012
---ebpf-pid----2012----pid-1
---ebpf-pid----2012----pid-2012
---ebpf-pid----2012----pid-1
---ebpf-pid----2012----pid-2012
---ebpf-pid----2012----pid-1
---ebpf-pid----2012----pid-2012
---ebpf-pid----2012----pid-1
---ebpf-pid----2012----pid-2012
---ebpf-pid----2012----pid-1
---ebpf-pid----2012----pid-2012
---ebpf-pid----2012----pid-1
---ebpf-pid----2012----pid-2012
---ebpf-pid----2012----pid-1
---ebpf-pid----2012----pid-2012
---ebpf-pid----2012----pid-1
---ebpf-pid----2012----pid-2012
---ebpf-pid----2012----pid-1
---ebpf-pid----2012----pid-2012
---ebpf-pid----2012----pid-1
---ebpf-pid----2012----pid-2012
---ebpf-pid----2012----pid-1
---ebpf-pid----2012----pid-2012
---ebpf-pid----2012----pid-1
---ebpf-pid----2012----pid-2012
---ebpf-pid----2012----pid-1
---ebpf-pid----2012----pid-2012
---ebpf-pid----2012----pid-1
---ebpf-pid----2012----pid-2012
---ebpf-pid----2012----pid-1
---ebpf-pid----2012----pid-2012
---ebpf-pid----2012----pid-1
---ebpf-pid----2012----pid-2012
---ebpf-pid----2012----pid-1
---ebpf-pid----2012----pid-2012
---ebpf-pid----2012----pid-1
---ebpf-pid----2012----pid-2012
---ebpf-pid----2012----pid-1
---ebpf-pid----2089----pid-1
---ebpf-pid----2012----pid-2012
---ebpf-pid----2089----pid-2089
---ebpf-pid----2012----pid-1
---ebpf-pid----2012----pid-2012
---ebpf-pid----2089----pid-1
---ebpf-pid----5705----pid-5476
---ebpf-pid----2012----pid-1
---ebpf-pid----2089----pid-2089
---ebpf-pid----2012----pid-2012
---ebpf-pid----5705----pid-1
---ebpf-pid----2089----pid-1
---ebpf-pid----2012----pid-1
---ebpf-pid----5705----pid-5705
---ebpf-pid----2088----pid-2088
---ebpf-pid----2089----pid-2089
---ebpf-pid----5705----pid-5476
---ebpf-pid----2088----pid-1
---ebpf-pid----2089----pid-1
---ebpf-pid----2088----pid-2088
---ebpf-pid----2089----pid-2089
---ebpf-pid----5705----pid-1
---ebpf-pid----5705----pid-5705
---ebpf-pid----2088----pid-1
---ebpf-pid----2089----pid-1
---ebpf-pid----2088----pid-2088
---ebpf-pid----2089----pid-2089
---ebpf-pid----5705----pid-5476
---ebpf-pid----2088----pid-1
---ebpf-pid----2088----pid-2088
---ebpf-pid----2089----pid-1
---ebpf-pid----5705----pid-1
---ebpf-pid----2089----pid-2089
---ebpf-pid----5705----pid-5705
---ebpf-pid----2088----pid-1
---ebpf-pid----2088----pid-2088
---ebpf-pid----2089----pid-1
---ebpf-pid----5705----pid-5476
---ebpf-pid----2089----pid-2089
---ebpf-pid----2088----pid-1
---ebpf-pid----2088----pid-2088
---ebpf-pid----5705----pid-1
---ebpf-pid----2089----pid-1
---ebpf-pid----5705----pid-5705
---ebpf-pid----2088----pid-1
---ebpf-pid----2089----pid-2089
---ebpf-pid----2088----pid-2088
---ebpf-pid----5705----pid-5476
---ebpf-pid----2089----pid-1
---ebpf-pid----2088----pid-1
---ebpf-pid----2089----pid-2089
---ebpf-pid----2088----pid-2088
---ebpf-pid----5705----pid-1
---ebpf-pid----5705----pid-5705
---ebpf-pid----2089----pid-1
---ebpf-pid----2088----pid-1
---ebpf-pid----2088----pid-2088
---ebpf-pid----2089----pid-2089
---ebpf-pid----5705----pid-5476
---ebpf-pid----2088----pid-1
---ebpf-pid----2089----pid-1
---ebpf-pid----2088----pid-2088
---ebpf-pid----5705----pid-1
---ebpf-pid----2089----pid-2089
---ebpf-pid----5705----pid-5705
---ebpf-pid----2088----pid-1
---ebpf-pid----2089----pid-1
---ebpf-pid----5705----pid-5476
---ebpf-pid----2088----pid-2088
---ebpf-pid----2089----pid-2089
---ebpf-pid----5705----pid-1
---ebpf-pid----2088----pid-1
---ebpf-pid----2089----pid-1
---ebpf-pid----5705----pid-5705
---ebpf-pid----2088----pid-2088
---ebpf-pid----2089----pid-2089
---ebpf-pid----2088----pid-1
---ebpf-pid----5705----pid-5476
---ebpf-pid----2088----pid-2088
---ebpf-pid----2089----pid-1
---ebpf-pid----2089----pid-2089
---ebpf-pid----5705----pid-1
---ebpf-pid----2088----pid-1
---ebpf-pid----5705----pid-5705
---ebpf-pid----2088----pid-2088
---ebpf-pid----2089----pid-1
---ebpf-pid----2089----pid-2089
---ebpf-pid----2088----pid-1
---ebpf-pid----5705----pid-5476
---ebpf-pid----2088----pid-2088
---ebpf-pid----2089----pid-1
---ebpf-pid----5705----pid-1
---ebpf-pid----2088----pid-1
---ebpf-pid----2089----pid-2089
---ebpf-pid----2088----pid-2088
---ebpf-pid----5705----pid-5705
---ebpf-pid----2089----pid-1
---ebpf-pid----2088----pid-1
---ebpf-pid----2089----pid-2089
---ebpf-pid----5705----pid-5476
---ebpf-pid----2088----pid-2088
---ebpf-pid----2088----pid-1
---ebpf-pid----2089----pid-1
---ebpf-pid----5705----pid-1
---ebpf-pid----2088----pid-2088
---ebpf-pid----5705----pid-5705
---ebpf-pid----2089----pid-2089
---ebpf-pid----2088----pid-1
---ebpf-pid----2088----pid-2088
---ebpf-pid----2088----pid-1
---ebpf-pid----5705----pid-5476
---ebpf-pid----2088----pid-2088
---ebpf-pid----5705----pid-1
---ebpf-pid----2088----pid-1
---ebpf-pid----5705----pid-5705
---ebpf-pid----2012----pid-2012
---ebpf-pid----5705----pid-5476
---ebpf-pid----2012----pid-1
---ebpf-pid----2012----pid-2012
---ebpf-pid----5705----pid-1
---ebpf-pid----5705----pid-5705
---ebpf-pid----2012----pid-1
---ebpf-pid----2012----pid-2012
---ebpf-pid----5705----pid-5476
---ebpf-pid----2012----pid-1
---ebpf-pid----5705----pid-1
---ebpf-pid----2012----pid-2012
---ebpf-pid----5705----pid-5705
---ebpf-pid----2012----pid-1
---ebpf-pid----5705----pid-5476
---ebpf-pid----2012----pid-2012
---ebpf-pid----2012----pid-1
---ebpf-pid----5705----pid-1
---ebpf-pid----2012----pid-2012
---ebpf-pid----5705----pid-5705
---ebpf-pid----2012----pid-1
---ebpf-pid----5705----pid-5476
---ebpf-pid----2012----pid-2012
---ebpf-pid----5705----pid-1
---ebpf-pid----2012----pid-1
---ebpf-pid----2012----pid-2012
---ebpf-pid----5705----pid-5705
---ebpf-pid----2012----pid-1
---ebpf-pid----2012----pid-2012
---ebpf-pid----2012----pid-1
---ebpf-pid----2012----pid-2012
---ebpf-pid----2012----pid-1
---ebpf-pid----5705----pid-5476
---ebpf-pid----2012----pid-2012
---ebpf-pid----2012----pid-1
---ebpf-pid----2012----pid-2012
---ebpf-pid----2012----pid-1
---ebpf-pid----2012----pid-2012
---ebpf-pid----2012----pid-1
---ebpf-pid----5705----pid-1
---ebpf-pid----2012----pid-2012
---ebpf-pid----5705----pid-5705
---ebpf-pid----2089----pid-1
---ebpf-pid----2089----pid-2089
---ebpf-pid----2089----pid-1
---ebpf-pid----2089----pid-2089
---ebpf-pid----5705----pid-5476
---ebpf-pid----2089----pid-1
---ebpf-pid----2089----pid-2089
---ebpf-pid----2089----pid-1
---ebpf-pid----2089----pid-2089
---ebpf-pid----5705----pid-1
---ebpf-pid----2089----pid-1
---ebpf-pid----2089----pid-2089
---ebpf-pid----2089----pid-1
---ebpf-pid----2089----pid-2089
---ebpf-pid----2089----pid-1
---ebpf-pid----2089----pid-2089
---ebpf-pid----2089----pid-1
---ebpf-pid----2089----pid-2089
---ebpf-pid----2089----pid-1
---ebpf-pid----2089----pid-2089
---ebpf-pid----2089----pid-1
---ebpf-pid----2089----pid-2089
---ebpf-pid----5705----pid-5705
---ebpf-pid----2012----pid-1
---ebpf-pid----2089----pid-1
---ebpf-pid----2089----pid-2089
---ebpf-pid----2089----pid-1
---ebpf-pid----2089----pid-2089
---ebpf-pid----2089----pid-1
---ebpf-pid----2089----pid-2089
---ebpf-pid----2089----pid-1
---ebpf-pid----2089----pid-2089
---ebpf-pid----2012----pid-2012
---ebpf-pid----2012----pid-1
---ebpf-pid----5705----pid-5476
---ebpf-pid----5705----pid-1
---ebpf-pid----5705----pid-5705
---ebpf-pid----5705----pid-5476
---ebpf-pid----2012----pid-2012
---ebpf-pid----2012----pid-1
---ebpf-pid----2012----pid-2012
---ebpf-pid----2089----pid-1
---ebpf-pid----2089----pid-2089
---ebpf-pid----2089----pid-1
---ebpf-pid----2089----pid-2089
---ebpf-pid----2089----pid-1
---ebpf-pid----2089----pid-2089
---ebpf-pid----2089----pid-1
---ebpf-pid----2089----pid-2089
---ebpf-pid----2012----pid-1
---ebpf-pid----2089----pid-1
---ebpf-pid----2089----pid-2089
---ebpf-pid----2089----pid-1
---ebpf-pid----2089----pid-2089
---ebpf-pid----2089----pid-1
---ebpf-pid----2089----pid-2089
---ebpf-pid----2089----pid-1
---ebpf-pid----2089----pid-2089
---ebpf-pid----2089----pid-1
---ebpf-pid----2089----pid-2089
---ebpf-pid----2089----pid-1
---ebpf-pid----2089----pid-2089
---ebpf-pid----2089----pid-1
---ebpf-pid----2089----pid-2089
---ebpf-pid----2089----pid-1
---ebpf-pid----2089----pid-2089
---ebpf-pid----2089----pid-1
---ebpf-pid----2089----pid-2089
---ebpf-pid----2089----pid-1
---ebpf-pid----2094----pid-2094
---ebpf-pid----2094----pid-1
---ebpf-pid----2094----pid-2094
---ebpf-pid----2094----pid-1
---ebpf-pid----2094----pid-2094
---ebpf-pid----2094----pid-1
---ebpf-pid----2094----pid-2094
---ebpf-pid----2094----pid-1
---ebpf-pid----2094----pid-2094
---ebpf-pid----2094----pid-1
---ebpf-pid----2094----pid-2094
---ebpf-pid----2094----pid-1
---ebpf-pid----2094----pid-2094
---ebpf-pid----2094----pid-1
---ebpf-pid----2094----pid-2094
---ebpf-pid----2094----pid-1
---ebpf-pid----2094----pid-2094
---ebpf-pid----2094----pid-1
---ebpf-pid----2094----pid-2094
---ebpf-pid----2094----pid-1
---ebpf-pid----2012----pid-2012
---ebpf-pid----448785----pid-448785
---ebpf-pid----448785----pid-448520
---ebpf-pid----2012----pid-1
---ebpf-pid----2089----pid-2089
---ebpf-pid----448785----pid-1
---ebpf-pid----377755----pid-377755
---ebpf-pid----2089----pid-1
---ebpf-pid----377755----pid-1
---ebpf-pid----2089----pid-2089
---ebpf-pid----5707----pid-5707
---ebpf-pid----2089----pid-1
---ebpf-pid----5707----pid-5476
---ebpf-pid----372881----pid-372881
---ebpf-pid----5707----pid-1
---ebpf-pid----5707----pid-5707
---ebpf-pid----372881----pid-1
---ebpf-pid----372881----pid-372881
---ebpf-pid----5707----pid-5476
---ebpf-pid----372881----pid-1
---ebpf-pid----5707----pid-1
---ebpf-pid----372881----pid-372881
---ebpf-pid----5707----pid-5707
---ebpf-pid----5707----pid-5476
---ebpf-pid----5707----pid-1
---ebpf-pid----5707----pid-5707
---ebpf-pid----5707----pid-5476
---ebpf-pid----5707----pid-1
---ebpf-pid----5707----pid-5707
---ebpf-pid----5707----pid-5476
---ebpf-pid----5707----pid-1
---ebpf-pid----448785----pid-448785
---ebpf-pid----448785----pid-448520
---ebpf-pid----448785----pid-1
---ebpf-pid----2089----pid-2089
---ebpf-pid----2089----pid-1
---ebpf-pid----2089----pid-2089
---ebpf-pid----2089----pid-1
---ebpf-pid----5707----pid-5707
---ebpf-pid----5707----pid-5476
---ebpf-pid----5707----pid-1
---ebpf-pid----5707----pid-5707
---ebpf-pid----5707----pid-5476
---ebpf-pid----5707----pid-1
---ebpf-pid----448785----pid-448785
---ebpf-pid----448785----pid-448520
---ebpf-pid----448785----pid-1
---ebpf-pid----448785----pid-448785
---ebpf-pid----372881----pid-1
---ebpf-pid----448785----pid-448520
---ebpf-pid----372881----pid-372881
---ebpf-pid----448785----pid-1
---ebpf-pid----448785----pid-448785
---ebpf-pid----372881----pid-1
---ebpf-pid----448785----pid-448520
---ebpf-pid----2088----pid-2088
---ebpf-pid----448785----pid-1
---ebpf-pid----2088----pid-1
---ebpf-pid----448785----pid-448785
---ebpf-pid----2088----pid-2088
---ebpf-pid----448785----pid-448520
---ebpf-pid----2088----pid-1
---ebpf-pid----2088----pid-2088
---ebpf-pid----448785----pid-1
---ebpf-pid----448785----pid-448785
---ebpf-pid----2088----pid-1
---ebpf-pid----448785----pid-448520
---ebpf-pid----2012----pid-2012
---ebpf-pid----448785----pid-1
---ebpf-pid----2012----pid-1
---ebpf-pid----448785----pid-448785
---ebpf-pid----2012----pid-2012
---ebpf-pid----448785----pid-448520
---ebpf-pid----2012----pid-1
---ebpf-pid----448785----pid-1
---ebpf-pid----448785----pid-448785
---ebpf-pid----2088----pid-2088
---ebpf-pid----448785----pid-448520
---ebpf-pid----2088----pid-1
---ebpf-pid----448785----pid-1
---ebpf-pid----2088----pid-2088
---ebpf-pid----448785----pid-448785
---ebpf-pid----2088----pid-1
---ebpf-pid----448785----pid-448520
---ebpf-pid----2088----pid-2088
---ebpf-pid----448785----pid-1
---ebpf-pid----2088----pid-2088
---ebpf-pid----2088----pid-1
---ebpf-pid----2088----pid-2088
---ebpf-pid----2088----pid-1
---ebpf-pid----2088----pid-2088
---ebpf-pid----2088----pid-1
---ebpf-pid----2088----pid-2088
---ebpf-pid----2088----pid-1
---ebpf-pid----2088----pid-1
---ebpf-pid----2088----pid-2088
---ebpf-pid----2088----pid-2088
---ebpf-pid----2088----pid-1
---ebpf-pid----2088----pid-2088
---ebpf-pid----2088----pid-1
---ebpf-pid----2088----pid-2088
---ebpf-pid----2088----pid-1
---ebpf-pid----2088----pid-2088
---ebpf-pid----2088----pid-1
---ebpf-pid----2088----pid-2088
---ebpf-pid----2088----pid-1
---ebpf-pid----2088----pid-2088
---ebpf-pid----2088----pid-1
---ebpf-pid----2088----pid-1
---ebpf-pid----379067----pid-379067
---ebpf-pid----2088----pid-2088
---ebpf-pid----2088----pid-1
---ebpf-pid----379067----pid-5476
---ebpf-pid----2088----pid-2088
---ebpf-pid----379067----pid-1
---ebpf-pid----2088----pid-1
---ebpf-pid----2088----pid-2088
---ebpf-pid----379067----pid-379067
---ebpf-pid----2088----pid-1
---ebpf-pid----379067----pid-5476
---ebpf-pid----2088----pid-2088
---ebpf-pid----2088----pid-1
---ebpf-pid----379067----pid-1
---ebpf-pid----2088----pid-2088
---ebpf-pid----379067----pid-379067
---ebpf-pid----2088----pid-1
---ebpf-pid----379067----pid-5476
---ebpf-pid----2088----pid-2088
---ebpf-pid----379067----pid-1
---ebpf-pid----2088----pid-1
---ebpf-pid----379067----pid-379067
---ebpf-pid----2088----pid-2088
---ebpf-pid----379067----pid-5476
---ebpf-pid----2088----pid-1
---ebpf-pid----2088----pid-2088
---ebpf-pid----379067----pid-1
---ebpf-pid----2088----pid-1
---ebpf-pid----379067----pid-379067
---ebpf-pid----2088----pid-2088
---ebpf-pid----379067----pid-5476
---ebpf-pid----2088----pid-1
---ebpf-pid----2088----pid-2088
---ebpf-pid----379067----pid-1
---ebpf-pid----5705----pid-5705
---ebpf-pid----2088----pid-1
---ebpf-pid----2088----pid-2088
---ebpf-pid----5705----pid-5476
---ebpf-pid----2088----pid-1
---ebpf-pid----2088----pid-2088
---ebpf-pid----5705----pid-1
---ebpf-pid----379067----pid-379067
---ebpf-pid----2088----pid-1
---ebpf-pid----2088----pid-2088
---ebpf-pid----379067----pid-5476
---ebpf-pid----2088----pid-1
---ebpf-pid----2088----pid-2088
---ebpf-pid----379067----pid-1
---ebpf-pid----379067----pid-379067
---ebpf-pid----2088----pid-1
---ebpf-pid----2088----pid-2088
---ebpf-pid----379067----pid-5476
---ebpf-pid----2088----pid-1
---ebpf-pid----2088----pid-2088
---ebpf-pid----379067----pid-1
---ebpf-pid----2094----pid-2094
---ebpf-pid----2088----pid-1
---ebpf-pid----2088----pid-2088
---ebpf-pid----2094----pid-1
---ebpf-pid----2094----pid-2094
---ebpf-pid----2088----pid-1
---ebpf-pid----2088----pid-2088
---ebpf-pid----2094----pid-1
---ebpf-pid----2088----pid-1
---ebpf-pid----2094----pid-2094
---ebpf-pid----2088----pid-2088
---ebpf-pid----2094----pid-1
---ebpf-pid----2088----pid-1
---ebpf-pid----2094----pid-2094
---ebpf-pid----2088----pid-2088
---ebpf-pid----2094----pid-1
---ebpf-pid----2088----pid-1
---ebpf-pid----2094----pid-2094
---ebpf-pid----2088----pid-2088
---ebpf-pid----2088----pid-1
---ebpf-pid----2094----pid-1
---ebpf-pid----2088----pid-2088
---ebpf-pid----2094----pid-2094
---ebpf-pid----5705----pid-1
---ebpf-pid----5705----pid-5705
---ebpf-pid----2094----pid-1
---ebpf-pid----2094----pid-2094
---ebpf-pid----5705----pid-5476
---ebpf-pid----2094----pid-1
---ebpf-pid----5705----pid-1
---ebpf-pid----2094----pid-2094
---ebpf-pid----5705----pid-5705
---ebpf-pid----5705----pid-5476
---ebpf-pid----5705----pid-1
---ebpf-pid----5705----pid-5705
---ebpf-pid----2094----pid-1
---ebpf-pid----5705----pid-5476
---ebpf-pid----2094----pid-2094
---ebpf-pid----5705----pid-1
---ebpf-pid----5705----pid-5705
---ebpf-pid----2094----pid-1
---ebpf-pid----2094----pid-2094
---ebpf-pid----5705----pid-5476
---ebpf-pid----5705----pid-1
---ebpf-pid----5705----pid-5705
---ebpf-pid----5705----pid-5476
---ebpf-pid----5705----pid-1
---ebpf-pid----5705----pid-5705
---ebpf-pid----5705----pid-5476
---ebpf-pid----5705----pid-1
---ebpf-pid----5705----pid-5705
---ebpf-pid----5705----pid-5476
---ebpf-pid----5705----pid-1
---ebpf-pid----379067----pid-379067
---ebpf-pid----379067----pid-5476
---ebpf-pid----379067----pid-1
---ebpf-pid----5705----pid-5705
---ebpf-pid----5705----pid-5476
---ebpf-pid----5705----pid-1
---ebpf-pid----5705----pid-5705
---ebpf-pid----5705----pid-5476
---ebpf-pid----5705----pid-1
---ebpf-pid----379067----pid-379067
---ebpf-pid----379067----pid-5476
---ebpf-pid----379067----pid-1
---ebpf-pid----5705----pid-5705
---ebpf-pid----5705----pid-5476
---ebpf-pid----5705----pid-1
---ebpf-pid----5705----pid-5705
---ebpf-pid----5705----pid-5476
---ebpf-pid----5705----pid-1
---ebpf-pid----379067----pid-379067
---ebpf-pid----379067----pid-5476
---ebpf-pid----379067----pid-1
---ebpf-pid----379067----pid-379067
---ebpf-pid----2088----pid-1
---ebpf-pid----2088----pid-2088
---ebpf-pid----379067----pid-5476
---ebpf-pid----2088----pid-1
---ebpf-pid----2088----pid-2088
---ebpf-pid----2088----pid-1
---ebpf-pid----2088----pid-2088
---ebpf-pid----379067----pid-1
---ebpf-pid----379067----pid-379067
---ebpf-pid----379067----pid-5476
---ebpf-pid----2094----pid-1
---ebpf-pid----2094----pid-2094
---ebpf-pid----379067----pid-1
---ebpf-pid----2094----pid-1
---ebpf-pid----2094----pid-2094
---ebpf-pid----2094----pid-1
---ebpf-pid----2094----pid-2094
---ebpf-pid----379067----pid-379067
---ebpf-pid----2094----pid-1
---ebpf-pid----2094----pid-2094
---ebpf-pid----2088----pid-1
---ebpf-pid----2088----pid-2088
---ebpf-pid----2088----pid-1
---ebpf-pid----2088----pid-2088
---ebpf-pid----2088----pid-1
---ebpf-pid----2088----pid-2088
---ebpf-pid----2094----pid-1
---ebpf-pid----2088----pid-1
---ebpf-pid----2094----pid-2094
---ebpf-pid----2088----pid-2088
---ebpf-pid----2088----pid-1
---ebpf-pid----2094----pid-1
---ebpf-pid----448784----pid-448784
---ebpf-pid----2094----pid-2094
---ebpf-pid----2094----pid-1
---ebpf-pid----2094----pid-2094
---ebpf-pid----2094----pid-1
---ebpf-pid----2094----pid-2094
---ebpf-pid----2094----pid-1
---ebpf-pid----2094----pid-2094
---ebpf-pid----2094----pid-1
---ebpf-pid----2094----pid-2094
---ebpf-pid----2094----pid-1
---ebpf-pid----2094----pid-2094
---ebpf-pid----2094----pid-1
---ebpf-pid----2094----pid-2094
---ebpf-pid----2094----pid-1
---ebpf-pid----2094----pid-2094
---ebpf-pid----448784----pid-448520
---ebpf-pid----379067----pid-5476
---ebpf-pid----448784----pid-1
---ebpf-pid----379067----pid-1
---ebpf-pid----379067----pid-379067
---ebpf-pid----2088----pid-2088
---ebpf-pid----2088----pid-1
---ebpf-pid----379067----pid-5476
---ebpf-pid----2088----pid-2088
---ebpf-pid----379067----pid-1
---ebpf-pid----373029----pid-373029
---ebpf-pid----2088----pid-1
---ebpf-pid----2088----pid-2088
---ebpf-pid----373029----pid-5476
---ebpf-pid----2088----pid-1
---ebpf-pid----373029----pid-1
---ebpf-pid----2088----pid-2088
---ebpf-pid----373029----pid-373029
---ebpf-pid----2088----pid-1
---ebpf-pid----373029----pid-5476
---ebpf-pid----373029----pid-1
---ebpf-pid----2088----pid-2088
---ebpf-pid----379067----pid-379067
---ebpf-pid----2088----pid-1
---ebpf-pid----379067----pid-5476
---ebpf-pid----2088----pid-2088
---ebpf-pid----379067----pid-1
---ebpf-pid----2088----pid-1
---ebpf-pid----373029----pid-373029
---ebpf-pid----5637----pid-5637
---ebpf-pid----373029----pid-5476
---ebpf-pid----5637----pid-1
---ebpf-pid----5637----pid-5637
---ebpf-pid----373029----pid-1
---ebpf-pid----373029----pid-373029
---ebpf-pid----5637----pid-1
---ebpf-pid----5638----pid-5638
---ebpf-pid----373029----pid-5476
---ebpf-pid----373029----pid-1
---ebpf-pid----5638----pid-1
---ebpf-pid----379067----pid-379067
---ebpf-pid----448785----pid-448785
---ebpf-pid----448785----pid-448520
---ebpf-pid----448785----pid-1
---ebpf-pid----2094----pid-1
---ebpf-pid----5638----pid-5638
---ebpf-pid----2094----pid-2094
---ebpf-pid----5638----pid-1
---ebpf-pid----2094----pid-1
---ebpf-pid----5638----pid-5638
---ebpf-pid----2094----pid-2094
---ebpf-pid----5638----pid-1
---ebpf-pid----2094----pid-1
---ebpf-pid----5638----pid-5638
---ebpf-pid----2094----pid-2094
---ebpf-pid----5638----pid-1
---ebpf-pid----2094----pid-1
---ebpf-pid----5638----pid-5638
---ebpf-pid----2094----pid-2094
---ebpf-pid----5638----pid-1
---ebpf-pid----2094----pid-1
---ebpf-pid----5638----pid-5638
---ebpf-pid----2094----pid-2094
---ebpf-pid----5638----pid-1
---ebpf-pid----2094----pid-1
---ebpf-pid----5638----pid-5638
---ebpf-pid----2094----pid-2094
---ebpf-pid----5638----pid-1
---ebpf-pid----2094----pid-1
---ebpf-pid----2094----pid-2094
---ebpf-pid----377755----pid-377755
---ebpf-pid----377755----pid-1
---ebpf-pid----2094----pid-1
---ebpf-pid----9189----pid-9189
---ebpf-pid----2094----pid-2094
---ebpf-pid----9189----pid-7637
---ebpf-pid----2094----pid-1
---ebpf-pid----2094----pid-2094
---ebpf-pid----2094----pid-1
---ebpf-pid----2094----pid-2094
---ebpf-pid----9189----pid-1
---ebpf-pid----9189----pid-9189
---ebpf-pid----2094----pid-1
---ebpf-pid----2094----pid-2094
---ebpf-pid----9189----pid-7637
---ebpf-pid----2094----pid-1
---ebpf-pid----9189----pid-1
---ebpf-pid----2094----pid-2094
---ebpf-pid----373029----pid-373029
---ebpf-pid----2094----pid-1
---ebpf-pid----373029----pid-5476
---ebpf-pid----2094----pid-2094
---ebpf-pid----2094----pid-1
---ebpf-pid----373029----pid-1
---ebpf-pid----2094----pid-2094
---ebpf-pid----373029----pid-373029
---ebpf-pid----2094----pid-1
---ebpf-pid----373029----pid-5476
---ebpf-pid----2094----pid-2094
---ebpf-pid----373029----pid-1
---ebpf-pid----2094----pid-1
---ebpf-pid----373029----pid-373029
---ebpf-pid----2094----pid-2094
---ebpf-pid----2094----pid-1
---ebpf-pid----373029----pid-5476
---ebpf-pid----2094----pid-2094
---ebpf-pid----2094----pid-1
---ebpf-pid----373029----pid-1
---ebpf-pid----2094----pid-2094
---ebpf-pid----373029----pid-373029
---ebpf-pid----2094----pid-1
---ebpf-pid----373029----pid-5476
---ebpf-pid----2094----pid-2094
---ebpf-pid----373029----pid-1
---ebpf-pid----373029----pid-373029
---ebpf-pid----379067----pid-5476
---ebpf-pid----379067----pid-1
---ebpf-pid----379067----pid-379067
---ebpf-pid----379067----pid-5476
---ebpf-pid----373029----pid-5476
---ebpf-pid----373029----pid-1
---ebpf-pid----377755----pid-377755
---ebpf-pid----377755----pid-1
---ebpf-pid----5707----pid-5707
---ebpf-pid----5707----pid-5476
---ebpf-pid----5707----pid-1
---ebpf-pid----5705----pid-5705
---ebpf-pid----5705----pid-5476
---ebpf-pid----5705----pid-1
---ebpf-pid----5705----pid-5705
---ebpf-pid----5705----pid-5476
---ebpf-pid----5705----pid-1
---ebpf-pid----5637----pid-5637
---ebpf-pid----5637----pid-1
---ebpf-pid----5637----pid-5637
---ebpf-pid----5637----pid-1
---ebpf-pid----448785----pid-448785
---ebpf-pid----448785----pid-448520
---ebpf-pid----448785----pid-1
---ebpf-pid----5637----pid-5637
---ebpf-pid----5637----pid-1
---ebpf-pid----5637----pid-5637
---ebpf-pid----5637----pid-1
---ebpf-pid----2089----pid-2089
---ebpf-pid----2089----pid-1
---ebpf-pid----379067----pid-1
---ebpf-pid----5637----pid-5637
---ebpf-pid----379067----pid-379067
---ebpf-pid----5637----pid-1
---ebpf-pid----379067----pid-5476
---ebpf-pid----5637----pid-5637
---ebpf-pid----379067----pid-1
---ebpf-pid----5637----pid-1
---ebpf-pid----373029----pid-373029
---ebpf-pid----448522----pid-448522
---ebpf-pid----373029----pid-5476
---ebpf-pid----448522----pid-1
---ebpf-pid----5614----pid-5614
---ebpf-pid----373029----pid-1
---ebpf-pid----373029----pid-373029
---ebpf-pid----5614----pid-1
---ebpf-pid----448784----pid-448784
---ebpf-pid----373029----pid-5476
---ebpf-pid----373029----pid-1
---ebpf-pid----448784----pid-448520
---ebpf-pid----379067----pid-379067
---ebpf-pid----448784----pid-1
---ebpf-pid----379067----pid-5476
---ebpf-pid----448784----pid-448784
---ebpf-pid----379067----pid-1
---ebpf-pid----448784----pid-448520
---ebpf-pid----379067----pid-379067
---ebpf-pid----448784----pid-1
---ebpf-pid----379067----pid-5476
---ebpf-pid----448784----pid-448784
---ebpf-pid----379067----pid-1
---ebpf-pid----448784----pid-448520
---ebpf-pid----373029----pid-373029
---ebpf-pid----448784----pid-1
---ebpf-pid----373029----pid-5476
---ebpf-pid----373029----pid-1
---ebpf-pid----373029----pid-373029
---ebpf-pid----373029----pid-5476
---ebpf-pid----448784----pid-448784
---ebpf-pid----373029----pid-1
---ebpf-pid----373029----pid-373029
---ebpf-pid----448784----pid-448520
---ebpf-pid----373029----pid-5476
---ebpf-pid----373029----pid-1
---ebpf-pid----448784----pid-1
---ebpf-pid----373029----pid-373029
---ebpf-pid----5705----pid-5705
---ebpf-pid----373029----pid-5476
---ebpf-pid----5705----pid-5476
---ebpf-pid----373029----pid-1
---ebpf-pid----373029----pid-373029
---ebpf-pid----5705----pid-1
---ebpf-pid----5705----pid-5705
---ebpf-pid----373029----pid-5476
---ebpf-pid----373029----pid-1
---ebpf-pid----373029----pid-373029
---ebpf-pid----5705----pid-5476
---ebpf-pid----373029----pid-5476
---ebpf-pid----5705----pid-1
---ebpf-pid----379067----pid-379067
---ebpf-pid----373029----pid-1
---ebpf-pid----373029----pid-373029
---ebpf-pid----379067----pid-5476
---ebpf-pid----373029----pid-5476
---ebpf-pid----379067----pid-1
---ebpf-pid----379067----pid-379067
---ebpf-pid----373029----pid-1
---ebpf-pid----373029----pid-373029
---ebpf-pid----379067----pid-5476
---ebpf-pid----373029----pid-5476
---ebpf-pid----379067----pid-1
---ebpf-pid----4716----pid-4716
---ebpf-pid----373029----pid-1
---ebpf-pid----373029----pid-373029
---ebpf-pid----4716----pid-3323
---ebpf-pid----373029----pid-5476
---ebpf-pid----4716----pid-1
---ebpf-pid----373029----pid-1
---ebpf-pid----373029----pid-373029
---ebpf-pid----4716----pid-4716
---ebpf-pid----373029----pid-5476
---ebpf-pid----4716----pid-3323
---ebpf-pid----2094----pid-1
---ebpf-pid----2094----pid-2094
---ebpf-pid----4716----pid-1
---ebpf-pid----5705----pid-5705
---ebpf-pid----2094----pid-1
---ebpf-pid----2094----pid-2094
---ebpf-pid----5705----pid-5476
---ebpf-pid----2094----pid-1
---ebpf-pid----2094----pid-2094
---ebpf-pid----5705----pid-1
---ebpf-pid----2094----pid-1
---ebpf-pid----5705----pid-5705
---ebpf-pid----2094----pid-2094
---ebpf-pid----5705----pid-5476
---ebpf-pid----2094----pid-1
---ebpf-pid----379067----pid-379067
---ebpf-pid----5705----pid-1
---ebpf-pid----379067----pid-5476
---ebpf-pid----5705----pid-5705
---ebpf-pid----379067----pid-1
---ebpf-pid----5705----pid-5476
---ebpf-pid----379067----pid-379067
---ebpf-pid----5705----pid-1
---ebpf-pid----379067----pid-5476
---ebpf-pid----5705----pid-5705
---ebpf-pid----379067----pid-1
---ebpf-pid----379067----pid-379067
---ebpf-pid----5705----pid-5476
---ebpf-pid----379067----pid-5476
---ebpf-pid----5705----pid-1
---ebpf-pid----379067----pid-1
---ebpf-pid----379067----pid-379067
---ebpf-pid----5705----pid-5705
---ebpf-pid----379067----pid-5476
---ebpf-pid----5705----pid-5476
---ebpf-pid----379067----pid-1
---ebpf-pid----5705----pid-1
---ebpf-pid----2012----pid-2012
---ebpf-pid----5705----pid-5705
---ebpf-pid----2012----pid-1
---ebpf-pid----5705----pid-5476
---ebpf-pid----2012----pid-2012
---ebpf-pid----2012----pid-1
---ebpf-pid----5705----pid-1
---ebpf-pid----2012----pid-2012
---ebpf-pid----5705----pid-5705
---ebpf-pid----2012----pid-1
---ebpf-pid----2012----pid-2012
---ebpf-pid----5705----pid-5476
---ebpf-pid----2012----pid-1
---ebpf-pid----5705----pid-1
---ebpf-pid----2012----pid-2012
---ebpf-pid----5705----pid-5705
---ebpf-pid----2012----pid-1
---ebpf-pid----5705----pid-5476
---ebpf-pid----2012----pid-2012
---ebpf-pid----2012----pid-1
---ebpf-pid----5705----pid-1
---ebpf-pid----2012----pid-2012
---ebpf-pid----5705----pid-5705
---ebpf-pid----2012----pid-1
---ebpf-pid----2012----pid-2012
---ebpf-pid----5705----pid-5476
---ebpf-pid----2012----pid-1
---ebpf-pid----5705----pid-1
---ebpf-pid----2012----pid-2012
---ebpf-pid----5705----pid-5705
---ebpf-pid----2012----pid-1
---ebpf-pid----5705----pid-5476
---ebpf-pid----2012----pid-2012
---ebpf-pid----5705----pid-1
---ebpf-pid----2012----pid-1
---ebpf-pid----5705----pid-5705
---ebpf-pid----2012----pid-2012
---ebpf-pid----2012----pid-1
---ebpf-pid----5705----pid-5476
---ebpf-pid----2012----pid-2012
---ebpf-pid----5705----pid-1
---ebpf-pid----2012----pid-1
---ebpf-pid----5705----pid-5705
---ebpf-pid----2012----pid-2012
---ebpf-pid----2012----pid-1
---ebpf-pid----5705----pid-5476
---ebpf-pid----2012----pid-2012
---ebpf-pid----5705----pid-1
---ebpf-pid----2012----pid-1
---ebpf-pid----5705----pid-5705
---ebpf-pid----2012----pid-2012
---ebpf-pid----2012----pid-1
---ebpf-pid----5705----pid-5476
---ebpf-pid----2012----pid-2012
---ebpf-pid----5705----pid-1
---ebpf-pid----2012----pid-1
---ebpf-pid----5705----pid-5705
---ebpf-pid----372881----pid-372881
---ebpf-pid----5705----pid-5476
---ebpf-pid----372881----pid-1
---ebpf-pid----372881----pid-372881
---ebpf-pid----5705----pid-1
---ebpf-pid----372881----pid-1
---ebpf-pid----5705----pid-5705
---ebpf-pid----372881----pid-372881
---ebpf-pid----5705----pid-5476
---ebpf-pid----372881----pid-1
---ebpf-pid----372881----pid-372881
---ebpf-pid----5705----pid-1
---ebpf-pid----372881----pid-1
---ebpf-pid----5705----pid-5705
---ebpf-pid----372881----pid-372881
---ebpf-pid----5705----pid-5476
---ebpf-pid----372881----pid-1
---ebpf-pid----372881----pid-372881
---ebpf-pid----5705----pid-1
---ebpf-pid----372881----pid-1
---ebpf-pid----5705----pid-5705
---ebpf-pid----372881----pid-372881
---ebpf-pid----5705----pid-5476
---ebpf-pid----372881----pid-1
---ebpf-pid----372881----pid-372881
---ebpf-pid----372881----pid-1
---ebpf-pid----372881----pid-372881
---ebpf-pid----5705----pid-1
---ebpf-pid----5705----pid-5705
---ebpf-pid----372881----pid-1
---ebpf-pid----372881----pid-372881
---ebpf-pid----5705----pid-5476
---ebpf-pid----372881----pid-1
---ebpf-pid----372881----pid-372881
---ebpf-pid----5705----pid-1
---ebpf-pid----5705----pid-5705
---ebpf-pid----372881----pid-1
---ebpf-pid----372881----pid-372881
---ebpf-pid----5705----pid-5476
---ebpf-pid----372881----pid-1
---ebpf-pid----372881----pid-372881
---ebpf-pid----5705----pid-1
---ebpf-pid----5705----pid-5705
---ebpf-pid----372881----pid-1
---ebpf-pid----372881----pid-372881
---ebpf-pid----5705----pid-5476
---ebpf-pid----372881----pid-1
---ebpf-pid----372881----pid-372881
---ebpf-pid----5705----pid-1
---ebpf-pid----5705----pid-5705
---ebpf-pid----372881----pid-1
---ebpf-pid----372881----pid-372881
---ebpf-pid----5705----pid-5476
---ebpf-pid----5705----pid-1
---ebpf-pid----373029----pid-1
---ebpf-pid----5705----pid-5705
---ebpf-pid----373029----pid-373029
---ebpf-pid----5705----pid-5476
---ebpf-pid----373029----pid-5476
---ebpf-pid----5705----pid-1
---ebpf-pid----373029----pid-1
---ebpf-pid----5705----pid-5705
---ebpf-pid----373029----pid-373029
---ebpf-pid----5705----pid-5476
---ebpf-pid----373029----pid-5476
---ebpf-pid----5705----pid-1
---ebpf-pid----373029----pid-1
---ebpf-pid----5705----pid-5705
---ebpf-pid----373029----pid-373029
---ebpf-pid----5705----pid-5476
---ebpf-pid----373029----pid-5476
---ebpf-pid----373029----pid-1
---ebpf-pid----5705----pid-1
---ebpf-pid----373029----pid-373029
---ebpf-pid----5705----pid-5705
---ebpf-pid----373029----pid-5476
---ebpf-pid----5705----pid-5476
---ebpf-pid----373029----pid-1
---ebpf-pid----373029----pid-373029
---ebpf-pid----5705----pid-1
---ebpf-pid----4716----pid-4716
---ebpf-pid----4716----pid-3323
---ebpf-pid----4716----pid-1
---ebpf-pid----372881----pid-1
---ebpf-pid----379067----pid-379067
---ebpf-pid----372881----pid-372881
---ebpf-pid----372881----pid-1
---ebpf-pid----379067----pid-5476
---ebpf-pid----372881----pid-372881
---ebpf-pid----372881----pid-1
---ebpf-pid----372881----pid-372881
---ebpf-pid----372881----pid-1
---ebpf-pid----372881----pid-372881
---ebpf-pid----372881----pid-1
---ebpf-pid----372881----pid-372881
---ebpf-pid----379067----pid-1
---ebpf-pid----5705----pid-5705
---ebpf-pid----5705----pid-5476
---ebpf-pid----373029----pid-5476
---ebpf-pid----373029----pid-1
---ebpf-pid----373029----pid-373029
---ebpf-pid----373029----pid-5476
---ebpf-pid----373029----pid-1
---ebpf-pid----373029----pid-373029
---ebpf-pid----373029----pid-5476
---ebpf-pid----373029----pid-1
---ebpf-pid----373029----pid-373029
---ebpf-pid----373029----pid-5476
---ebpf-pid----373029----pid-1
---ebpf-pid----373029----pid-373029
---ebpf-pid----373029----pid-5476
---ebpf-pid----5705----pid-1
---ebpf-pid----373029----pid-1
---ebpf-pid----5705----pid-5705
---ebpf-pid----373029----pid-373029
---ebpf-pid----373029----pid-5476
---ebpf-pid----5705----pid-5476
---ebpf-pid----373029----pid-1
---ebpf-pid----5705----pid-1
---ebpf-pid----373029----pid-373029
---ebpf-pid----379067----pid-379067
---ebpf-pid----373029----pid-5476
---ebpf-pid----379067----pid-5476
---ebpf-pid----373029----pid-1
---ebpf-pid----372881----pid-1
---ebpf-pid----372881----pid-372881
---ebpf-pid----372881----pid-1
---ebpf-pid----372881----pid-372881
---ebpf-pid----372881----pid-1
---ebpf-pid----372881----pid-372881
---ebpf-pid----372881----pid-1
---ebpf-pid----372881----pid-372881
---ebpf-pid----372881----pid-1
---ebpf-pid----372881----pid-372881
---ebpf-pid----372881----pid-1
---ebpf-pid----2094----pid-2094
---ebpf-pid----2094----pid-1
---ebpf-pid----2094----pid-2094
---ebpf-pid----2094----pid-1
---ebpf-pid----2094----pid-2094
---ebpf-pid----2094----pid-1
---ebpf-pid----2094----pid-2094
---ebpf-pid----2094----pid-1
---ebpf-pid----2094----pid-2094
---ebpf-pid----2094----pid-1
---ebpf-pid----2094----pid-2094
---ebpf-pid----2094----pid-1
---ebpf-pid----2094----pid-2094
---ebpf-pid----2094----pid-1
---ebpf-pid----2094----pid-2094
---ebpf-pid----2094----pid-1
---ebpf-pid----2094----pid-2094
---ebpf-pid----379067----pid-1
---ebpf-pid----379067----pid-379067
---ebpf-pid----2094----pid-1
---ebpf-pid----2094----pid-2094
---ebpf-pid----379067----pid-5476
---ebpf-pid----2094----pid-1
---ebpf-pid----2094----pid-2094
---ebpf-pid----379067----pid-1
---ebpf-pid----379067----pid-379067
---ebpf-pid----2094----pid-1
---ebpf-pid----2094----pid-2094
---ebpf-pid----379067----pid-5476
---ebpf-pid----2094----pid-1
---ebpf-pid----2094----pid-2094
---ebpf-pid----379067----pid-1
---ebpf-pid----379067----pid-379067
---ebpf-pid----2094----pid-1
---ebpf-pid----2094----pid-2094
---ebpf-pid----379067----pid-5476
---ebpf-pid----2094----pid-1
---ebpf-pid----2094----pid-2094
---ebpf-pid----379067----pid-1
---ebpf-pid----379067----pid-379067
---ebpf-pid----2094----pid-1
---ebpf-pid----2094----pid-2094
---ebpf-pid----379067----pid-5476
---ebpf-pid----2094----pid-1
---ebpf-pid----2094----pid-2094
---ebpf-pid----379067----pid-1
---ebpf-pid----379067----pid-379067
---ebpf-pid----2094----pid-1
---ebpf-pid----2094----pid-2094
---ebpf-pid----379067----pid-5476
---ebpf-pid----2094----pid-1
---ebpf-pid----2094----pid-2094
---ebpf-pid----379067----pid-1
---ebpf-pid----379067----pid-379067
---ebpf-pid----2094----pid-1
---ebpf-pid----2094----pid-2094
---ebpf-pid----379067----pid-5476
---ebpf-pid----2094----pid-1
---ebpf-pid----373029----pid-373029
---ebpf-pid----373029----pid-5476
---ebpf-pid----373029----pid-1
---ebpf-pid----373029----pid-373029
---ebpf-pid----373029----pid-5476
---ebpf-pid----373029----pid-1
---ebpf-pid----373029----pid-373029
---ebpf-pid----373029----pid-5476
---ebpf-pid----373029----pid-1
---ebpf-pid----373029----pid-373029
---ebpf-pid----373029----pid-5476
---ebpf-pid----373029----pid-1
---ebpf-pid----373029----pid-373029
---ebpf-pid----379067----pid-1
---ebpf-pid----379067----pid-379067
---ebpf-pid----373029----pid-5476
---ebpf-pid----373029----pid-1
---ebpf-pid----379067----pid-5476
---ebpf-pid----373029----pid-373029
---ebpf-pid----379067----pid-1
---ebpf-pid----373029----pid-5476
---ebpf-pid----379067----pid-379067
---ebpf-pid----373029----pid-1
---ebpf-pid----379067----pid-5476
---ebpf-pid----373029----pid-373029
---ebpf-pid----373029----pid-5476
---ebpf-pid----379067----pid-1
---ebpf-pid----379067----pid-379067
---ebpf-pid----373029----pid-1
---ebpf-pid----373029----pid-373029
---ebpf-pid----379067----pid-5476
---ebpf-pid----373029----pid-5476
---ebpf-pid----379067----pid-1
---ebpf-pid----373029----pid-1
---ebpf-pid----379067----pid-379067
---ebpf-pid----373029----pid-373029
---ebpf-pid----379067----pid-5476
---ebpf-pid----373029----pid-5476
---ebpf-pid----379067----pid-1
---ebpf-pid----373029----pid-1
---ebpf-pid----379067----pid-379067
---ebpf-pid----373029----pid-373029
---ebpf-pid----373029----pid-5476
---ebpf-pid----379067----pid-5476
---ebpf-pid----379067----pid-1
---ebpf-pid----379067----pid-379067
---ebpf-pid----2094----pid-2094
---ebpf-pid----379067----pid-5476
---ebpf-pid----2094----pid-1
---ebpf-pid----2094----pid-2094
---ebpf-pid----379067----pid-1
---ebpf-pid----379067----pid-379067
---ebpf-pid----2094----pid-1
---ebpf-pid----2094----pid-2094
---ebpf-pid----379067----pid-5476
---ebpf-pid----2094----pid-1
---ebpf-pid----2094----pid-2094
---ebpf-pid----379067----pid-1
---ebpf-pid----379067----pid-379067
---ebpf-pid----2094----pid-1
---ebpf-pid----2094----pid-2094
---ebpf-pid----2094----pid-1
---ebpf-pid----2094----pid-2094
---ebpf-pid----2094----pid-1
---ebpf-pid----2094----pid-2094
---ebpf-pid----2094----pid-1
---ebpf-pid----2094----pid-2094
---ebpf-pid----2094----pid-1
---ebpf-pid----2094----pid-2094
---ebpf-pid----2094----pid-1
---ebpf-pid----2094----pid-2094
---ebpf-pid----2094----pid-1
---ebpf-pid----2094----pid-2094
---ebpf-pid----2094----pid-1
---ebpf-pid----2094----pid-2094
---ebpf-pid----2094----pid-1
---ebpf-pid----2094----pid-2094
---ebpf-pid----2094----pid-1
---ebpf-pid----2094----pid-2094
---ebpf-pid----2094----pid-1
---ebpf-pid----2094----pid-2094
---ebpf-pid----379067----pid-5476
---ebpf-pid----2094----pid-1
---ebpf-pid----2094----pid-2094
---ebpf-pid----2094----pid-1
---ebpf-pid----2094----pid-2094
---ebpf-pid----379067----pid-1
---ebpf-pid----379067----pid-379067
---ebpf-pid----2094----pid-1
---ebpf-pid----2094----pid-2094
---ebpf-pid----379067----pid-5476
---ebpf-pid----2094----pid-1
---ebpf-pid----2094----pid-2094
---ebpf-pid----2094----pid-1
---ebpf-pid----2094----pid-2094
---ebpf-pid----2094----pid-1
---ebpf-pid----2094----pid-2094
---ebpf-pid----2094----pid-1
---ebpf-pid----2094----pid-2094
---ebpf-pid----2094----pid-1
---ebpf-pid----2094----pid-2094
---ebpf-pid----2094----pid-1
---ebpf-pid----2094----pid-2094
---ebpf-pid----2094----pid-1
---ebpf-pid----2094----pid-2094
---ebpf-pid----373029----pid-1
---ebpf-pid----373029----pid-373029
---ebpf-pid----373029----pid-5476
---ebpf-pid----373029----pid-1
---ebpf-pid----373029----pid-373029
---ebpf-pid----373029----pid-5476
---ebpf-pid----373029----pid-1
---ebpf-pid----373029----pid-373029
---ebpf-pid----379067----pid-1
---ebpf-pid----373029----pid-5476
---ebpf-pid----379067----pid-379067
---ebpf-pid----373029----pid-1
---ebpf-pid----373029----pid-373029
---ebpf-pid----379067----pid-5476
---ebpf-pid----373029----pid-5476
---ebpf-pid----379067----pid-1
---ebpf-pid----379067----pid-379067
---ebpf-pid----373029----pid-1
---ebpf-pid----373029----pid-373029
---ebpf-pid----379067----pid-5476
---ebpf-pid----373029----pid-5476
---ebpf-pid----379067----pid-1
---ebpf-pid----373029----pid-1
---ebpf-pid----379067----pid-379067
---ebpf-pid----373029----pid-373029
---ebpf-pid----379067----pid-5476
---ebpf-pid----373029----pid-5476
---ebpf-pid----373029----pid-1
---ebpf-pid----373029----pid-373029
---ebpf-pid----373029----pid-5476
---ebpf-pid----373029----pid-1
---ebpf-pid----373029----pid-373029
---ebpf-pid----373029----pid-5476
---ebpf-pid----373029----pid-1
---ebpf-pid----373029----pid-373029
---ebpf-pid----373029----pid-5476
---ebpf-pid----373029----pid-1
---ebpf-pid----373029----pid-373029
---ebpf-pid----373029----pid-5476
---ebpf-pid----373029----pid-1
---ebpf-pid----379067----pid-1
---ebpf-pid----373029----pid-373029
---ebpf-pid----379067----pid-379067
---ebpf-pid----373029----pid-5476
---ebpf-pid----379067----pid-5476
---ebpf-pid----373029----pid-1
---ebpf-pid----373029----pid-373029
---ebpf-pid----379067----pid-1
---ebpf-pid----379067----pid-379067
---ebpf-pid----373029----pid-5476
---ebpf-pid----379067----pid-5476
---ebpf-pid----373029----pid-1
---ebpf-pid----373029----pid-373029
---ebpf-pid----379067----pid-1
---ebpf-pid----379067----pid-379067
---ebpf-pid----373029----pid-5476
---ebpf-pid----373029----pid-1
---ebpf-pid----379067----pid-5476
---ebpf-pid----373029----pid-373029
---ebpf-pid----379067----pid-1
---ebpf-pid----373029----pid-5476
---ebpf-pid----379067----pid-379067
---ebpf-pid----379067----pid-5476
---ebpf-pid----2094----pid-1
---ebpf-pid----379067----pid-1
---ebpf-pid----2094----pid-2094
---ebpf-pid----4716----pid-4716
---ebpf-pid----2094----pid-1
---ebpf-pid----2094----pid-2094
---ebpf-pid----4716----pid-3323
---ebpf-pid----2094----pid-1
---ebpf-pid----2094----pid-2094
---ebpf-pid----4716----pid-1
---ebpf-pid----448784----pid-448784
---ebpf-pid----2094----pid-1
---ebpf-pid----2094----pid-2094
---ebpf-pid----448784----pid-448520
---ebpf-pid----2094----pid-1
---ebpf-pid----2094----pid-2094
---ebpf-pid----448784----pid-1
---ebpf-pid----448784----pid-448784
---ebpf-pid----2094----pid-1
---ebpf-pid----2094----pid-2094
---ebpf-pid----448784----pid-448520
---ebpf-pid----2094----pid-1
---ebpf-pid----2094----pid-2094
---ebpf-pid----448784----pid-1
---ebpf-pid----448784----pid-448784
---ebpf-pid----2094----pid-1
---ebpf-pid----2094----pid-2094
---ebpf-pid----448784----pid-448520
---ebpf-pid----2094----pid-1
---ebpf-pid----2094----pid-2094
---ebpf-pid----448784----pid-1
---ebpf-pid----448784----pid-448784
---ebpf-pid----2094----pid-1
---ebpf-pid----2094----pid-2094
---ebpf-pid----448784----pid-448520
---ebpf-pid----2094----pid-1
---ebpf-pid----2094----pid-2094
---ebpf-pid----448784----pid-1
---ebpf-pid----448784----pid-448784
---ebpf-pid----2094----pid-1
---ebpf-pid----2094----pid-2094
---ebpf-pid----448784----pid-448520
---ebpf-pid----2094----pid-1
---ebpf-pid----2094----pid-2094
---ebpf-pid----448784----pid-1
---ebpf-pid----2094----pid-1
---ebpf-pid----448784----pid-448784
---ebpf-pid----448784----pid-448520
---ebpf-pid----448784----pid-1
---ebpf-pid----448784----pid-448784
---ebpf-pid----448784----pid-448520
---ebpf-pid----373029----pid-1
---ebpf-pid----373029----pid-373029
---ebpf-pid----373029----pid-5476
---ebpf-pid----373029----pid-1
---ebpf-pid----448784----pid-1
---ebpf-pid----373029----pid-373029
---ebpf-pid----448784----pid-448784
---ebpf-pid----373029----pid-5476
---ebpf-pid----448784----pid-448520
---ebpf-pid----373029----pid-1
---ebpf-pid----373029----pid-373029
---ebpf-pid----448784----pid-1
---ebpf-pid----448784----pid-448784
---ebpf-pid----373029----pid-5476
---ebpf-pid----448784----pid-448520
---ebpf-pid----373029----pid-1
---ebpf-pid----373029----pid-373029
---ebpf-pid----448784----pid-1
---ebpf-pid----448784----pid-448784
---ebpf-pid----373029----pid-5476
---ebpf-pid----373029----pid-1
---ebpf-pid----448784----pid-448520
---ebpf-pid----373029----pid-373029
---ebpf-pid----448784----pid-1
---ebpf-pid----373029----pid-5476
---ebpf-pid----4716----pid-4716
---ebpf-pid----373029----pid-1
---ebpf-pid----373029----pid-373029
---ebpf-pid----4716----pid-3323
---ebpf-pid----373029----pid-5476
---ebpf-pid----4716----pid-1
---ebpf-pid----373029----pid-1
---ebpf-pid----4716----pid-4716
---ebpf-pid----373029----pid-373029
---ebpf-pid----4716----pid-3323
---ebpf-pid----4716----pid-1
---ebpf-pid----4716----pid-4716
---ebpf-pid----4716----pid-3323
---ebpf-pid----4716----pid-1
---ebpf-pid----448784----pid-448784
---ebpf-pid----448784----pid-448520
---ebpf-pid----448784----pid-1
---ebpf-pid----4716----pid-4716
---ebpf-pid----4716----pid-3323
---ebpf-pid----4716----pid-1
---ebpf-pid----4716----pid-4716
---ebpf-pid----4716----pid-3323
---ebpf-pid----4716----pid-1
---ebpf-pid----4716----pid-4716
---ebpf-pid----4716----pid-3323
---ebpf-pid----4716----pid-1
---ebpf-pid----4716----pid-4716
---ebpf-pid----4716----pid-3323
---ebpf-pid----4716----pid-1
---ebpf-pid----4716----pid-4716
---ebpf-pid----373029----pid-5476
---ebpf-pid----4716----pid-3323
---ebpf-pid----373029----pid-1
---ebpf-pid----4716----pid-1
---ebpf-pid----373029----pid-373029
---ebpf-pid----4716----pid-4716
---ebpf-pid----373029----pid-5476
---ebpf-pid----4716----pid-3323
---ebpf-pid----373029----pid-1
---ebpf-pid----373029----pid-373029
---ebpf-pid----4716----pid-1
---ebpf-pid----4716----pid-4716
---ebpf-pid----373029----pid-5476
---ebpf-pid----4716----pid-3323
---ebpf-pid----373029----pid-1
---ebpf-pid----373029----pid-373029
---ebpf-pid----4716----pid-1
---ebpf-pid----373029----pid-5476
---ebpf-pid----448784----pid-448784
---ebpf-pid----448784----pid-448520
---ebpf-pid----448784----pid-1
---ebpf-pid----5707----pid-5707
---ebpf-pid----448784----pid-448784
---ebpf-pid----5707----pid-5476
---ebpf-pid----448784----pid-448520
---ebpf-pid----5707----pid-1
---ebpf-pid----5707----pid-5707
---ebpf-pid----448784----pid-1
---ebpf-pid----448784----pid-448784
---ebpf-pid----5707----pid-5476
---ebpf-pid----448784----pid-448520
---ebpf-pid----5707----pid-1
---ebpf-pid----5707----pid-5707
---ebpf-pid----448784----pid-1
---ebpf-pid----448784----pid-448784
---ebpf-pid----5707----pid-5476
---ebpf-pid----448784----pid-448520
---ebpf-pid----5707----pid-1
---ebpf-pid----2089----pid-2089
---ebpf-pid----448784----pid-1
---ebpf-pid----448784----pid-448784
---ebpf-pid----2089----pid-1
---ebpf-pid----2089----pid-2089
---ebpf-pid----448784----pid-448520
---ebpf-pid----2089----pid-1
---ebpf-pid----2089----pid-2089
---ebpf-pid----448784----pid-1
---ebpf-pid----2089----pid-1
---ebpf-pid----448784----pid-448784
---ebpf-pid----2089----pid-2089
---ebpf-pid----2089----pid-1
---ebpf-pid----448784----pid-448520
---ebpf-pid----2089----pid-2089
---ebpf-pid----448784----pid-1
---ebpf-pid----2089----pid-1
---ebpf-pid----448784----pid-448784
---ebpf-pid----2012----pid-2012
---ebpf-pid----448784----pid-448520
---ebpf-pid----2012----pid-1
---ebpf-pid----2012----pid-2012
---ebpf-pid----448784----pid-1
---ebpf-pid----448784----pid-448784
---ebpf-pid----2012----pid-1
---ebpf-pid----2012----pid-2012
---ebpf-pid----448784----pid-448520
---ebpf-pid----2012----pid-1
---ebpf-pid----2012----pid-2012
---ebpf-pid----448784----pid-1
---ebpf-pid----448784----pid-448784
---ebpf-pid----2012----pid-1
---ebpf-pid----2012----pid-2012
---ebpf-pid----448784----pid-448520
---ebpf-pid----2012----pid-1
---ebpf-pid----2012----pid-2012
---ebpf-pid----448784----pid-1
---ebpf-pid----4716----pid-4716
---ebpf-pid----2012----pid-1
---ebpf-pid----2012----pid-2012
---ebpf-pid----373029----pid-1
---ebpf-pid----373029----pid-373029
---ebpf-pid----4716----pid-3323
---ebpf-pid----373029----pid-5476
---ebpf-pid----4716----pid-1
---ebpf-pid----373029----pid-1
---ebpf-pid----4716----pid-4716
---ebpf-pid----373029----pid-373029
---ebpf-pid----4716----pid-3323
---ebpf-pid----373029----pid-5476
---ebpf-pid----373029----pid-1
---ebpf-pid----373029----pid-373029
---ebpf-pid----373029----pid-5476
---ebpf-pid----4716----pid-1
---ebpf-pid----4716----pid-4716
---ebpf-pid----373029----pid-1
---ebpf-pid----373029----pid-373029
---ebpf-pid----4716----pid-3323
---ebpf-pid----373029----pid-5476
---ebpf-pid----373029----pid-1
---ebpf-pid----373029----pid-373029
---ebpf-pid----4716----pid-1
---ebpf-pid----4716----pid-4716
---ebpf-pid----4716----pid-3323
---ebpf-pid----4716----pid-1
---ebpf-pid----4716----pid-4716
---ebpf-pid----4716----pid-3323
---ebpf-pid----4716----pid-1
---ebpf-pid----4716----pid-4716
---ebpf-pid----4716----pid-3323
---ebpf-pid----4716----pid-1
---ebpf-pid----4716----pid-4716
---ebpf-pid----4716----pid-3323
---ebpf-pid----4716----pid-1
---ebpf-pid----4716----pid-4716
---ebpf-pid----4716----pid-3323
---ebpf-pid----2012----pid-1
---ebpf-pid----4716----pid-1
---ebpf-pid----2012----pid-2012
---ebpf-pid----448784----pid-448784
---ebpf-pid----2012----pid-1
---ebpf-pid----448784----pid-448520
---ebpf-pid----2012----pid-2012
---ebpf-pid----448784----pid-1
---ebpf-pid----2012----pid-1
---ebpf-pid----448784----pid-448784
---ebpf-pid----2089----pid-2089
---ebpf-pid----448784----pid-448520
---ebpf-pid----2089----pid-1
---ebpf-pid----2089----pid-2089
---ebpf-pid----2089----pid-1
---ebpf-pid----448784----pid-1
---ebpf-pid----2089----pid-2089
---ebpf-pid----448784----pid-448784
---ebpf-pid----373029----pid-5476
---ebpf-pid----448784----pid-448520
---ebpf-pid----2089----pid-1
---ebpf-pid----2089----pid-2089
---ebpf-pid----373029----pid-1
---ebpf-pid----448784----pid-1
---ebpf-pid----373029----pid-373029
---ebpf-pid----448784----pid-448784
---ebpf-pid----2089----pid-1
---ebpf-pid----2089----pid-2089
---ebpf-pid----373029----pid-5476
---ebpf-pid----448784----pid-448520
---ebpf-pid----2089----pid-1
---ebpf-pid----448784----pid-1
---ebpf-pid----373029----pid-1
---ebpf-pid----2089----pid-2089
---ebpf-pid----4716----pid-4716
---ebpf-pid----373029----pid-373029
---ebpf-pid----2089----pid-1
---ebpf-pid----4716----pid-3323
---ebpf-pid----373029----pid-5476
---ebpf-pid----2089----pid-2089
---ebpf-pid----4716----pid-1
---ebpf-pid----373029----pid-1
---ebpf-pid----2089----pid-1
---ebpf-pid----4716----pid-4716
---ebpf-pid----373029----pid-373029
---ebpf-pid----2089----pid-2089
---ebpf-pid----4716----pid-3323
---ebpf-pid----373029----pid-5476
---ebpf-pid----2089----pid-1
---ebpf-pid----2089----pid-2089
---ebpf-pid----4716----pid-1
---ebpf-pid----373029----pid-1
---ebpf-pid----373029----pid-373029
---ebpf-pid----4716----pid-4716
---ebpf-pid----2089----pid-1
---ebpf-pid----2089----pid-2089
---ebpf-pid----373029----pid-5476
---ebpf-pid----2089----pid-1
---ebpf-pid----373029----pid-1
---ebpf-pid----373029----pid-373029
---ebpf-pid----373029----pid-5476
---ebpf-pid----373029----pid-1
---ebpf-pid----373029----pid-373029
---ebpf-pid----373029----pid-5476
---ebpf-pid----373029----pid-1
---ebpf-pid----373029----pid-373029
---ebpf-pid----373029----pid-5476
---ebpf-pid----373029----pid-1
---ebpf-pid----373029----pid-373029
---ebpf-pid----373029----pid-5476
---ebpf-pid----373029----pid-1
---ebpf-pid----373029----pid-373029
---ebpf-pid----373029----pid-5476
---ebpf-pid----373029----pid-1
---ebpf-pid----373029----pid-373029
---ebpf-pid----373029----pid-5476
---ebpf-pid----373029----pid-1
---ebpf-pid----373029----pid-373029
---ebpf-pid----373029----pid-5476
---ebpf-pid----373029----pid-1
---ebpf-pid----373029----pid-373029
---ebpf-pid----373029----pid-5476
---ebpf-pid----373029----pid-1
---ebpf-pid----373029----pid-373029
---ebpf-pid----373029----pid-5476
---ebpf-pid----373029----pid-1
---ebpf-pid----373029----pid-373029
---ebpf-pid----373029----pid-5476
---ebpf-pid----373029----pid-1
---ebpf-pid----373029----pid-373029
---ebpf-pid----373029----pid-5476
---ebpf-pid----373029----pid-1
---ebpf-pid----373029----pid-373029
---ebpf-pid----373029----pid-5476
---ebpf-pid----373029----pid-1
---ebpf-pid----373029----pid-373029
---ebpf-pid----373029----pid-5476
---ebpf-pid----373029----pid-1
---ebpf-pid----2012----pid-2012
---ebpf-pid----2012----pid-1
---ebpf-pid----2012----pid-2012
---ebpf-pid----2012----pid-1
---ebpf-pid----2012----pid-2012
---ebpf-pid----2012----pid-1
---ebpf-pid----372881----pid-372881
---ebpf-pid----372881----pid-1
---ebpf-pid----372881----pid-372881
---ebpf-pid----372881----pid-1
---ebpf-pid----372881----pid-372881
---ebpf-pid----372881----pid-1
---ebpf-pid----372881----pid-372881
---ebpf-pid----372881----pid-1
---ebpf-pid----372881----pid-372881
---ebpf-pid----372881----pid-1
---ebpf-pid----372881----pid-372881
---ebpf-pid----372881----pid-1
---ebpf-pid----372881----pid-372881
---ebpf-pid----372881----pid-1
---ebpf-pid----372881----pid-372881
---ebpf-pid----372881----pid-1
---ebpf-pid----372881----pid-372881
---ebpf-pid----372881----pid-1
---ebpf-pid----372881----pid-372881
---ebpf-pid----372881----pid-1
---ebpf-pid----372881----pid-372881
---ebpf-pid----372881----pid-1
---ebpf-pid----372881----pid-372881
---ebpf-pid----372881----pid-1
---ebpf-pid----372881----pid-372881
---ebpf-pid----372881----pid-1
---ebpf-pid----372881----pid-372881
---ebpf-pid----372881----pid-1
---ebpf-pid----372881----pid-372881
---ebpf-pid----372881----pid-1
---ebpf-pid----372881----pid-372881
---ebpf-pid----372881----pid-1
---ebpf-pid----372881----pid-372881
---ebpf-pid----372881----pid-1
---ebpf-pid----372881----pid-372881
---ebpf-pid----372881----pid-1
---ebpf-pid----372881----pid-372881
---ebpf-pid----372881----pid-1
---ebpf-pid----373029----pid-373029
---ebpf-pid----373029----pid-5476
---ebpf-pid----373029----pid-1
---ebpf-pid----373029----pid-373029
---ebpf-pid----373029----pid-5476
---ebpf-pid----373029----pid-1
---ebpf-pid----5707----pid-5707
---ebpf-pid----5707----pid-5476
---ebpf-pid----5707----pid-1
---ebpf-pid----5707----pid-5707
---ebpf-pid----5707----pid-5476
---ebpf-pid----5707----pid-1
---ebpf-pid----373029----pid-373029
---ebpf-pid----373029----pid-5476
---ebpf-pid----373029----pid-1
---ebpf-pid----5707----pid-5707
---ebpf-pid----5707----pid-5476
---ebpf-pid----5707----pid-1
---ebpf-pid----5707----pid-5707
---ebpf-pid----5707----pid-5476
---ebpf-pid----5707----pid-1
---ebpf-pid----373029----pid-373029
---ebpf-pid----373029----pid-5476
---ebpf-pid----373029----pid-1
---ebpf-pid----5707----pid-5707
---ebpf-pid----5707----pid-5476
---ebpf-pid----4716----pid-3323
---ebpf-pid----5707----pid-1
---ebpf-pid----5707----pid-5707
---ebpf-pid----5707----pid-5476
---ebpf-pid----4716----pid-1
---ebpf-pid----4716----pid-4716
---ebpf-pid----5707----pid-1
---ebpf-pid----373029----pid-373029
---ebpf-pid----4716----pid-3323
---ebpf-pid----4716----pid-1
---ebpf-pid----4716----pid-4716
---ebpf-pid----373029----pid-5476
---ebpf-pid----373029----pid-1
---ebpf-pid----5707----pid-5707
---ebpf-pid----5707----pid-5476
---ebpf-pid----5707----pid-1
---ebpf-pid----5707----pid-5707
---ebpf-pid----5707----pid-5476
---ebpf-pid----5707----pid-1
---ebpf-pid----373029----pid-373029
---ebpf-pid----373029----pid-5476
---ebpf-pid----373029----pid-1
---ebpf-pid----5707----pid-5707
---ebpf-pid----5707----pid-5476
---ebpf-pid----5707----pid-1
---ebpf-pid----5707----pid-5707
---ebpf-pid----5707----pid-5476
---ebpf-pid----5707----pid-1
---ebpf-pid----373029----pid-373029
---ebpf-pid----373029----pid-5476
---ebpf-pid----373029----pid-1
---ebpf-pid----373029----pid-373029
---ebpf-pid----373029----pid-5476
---ebpf-pid----373029----pid-1
---ebpf-pid----5707----pid-5707
---ebpf-pid----5707----pid-5476
---ebpf-pid----5707----pid-1
---ebpf-pid----5707----pid-5707
---ebpf-pid----5707----pid-5476
---ebpf-pid----5707----pid-1
---ebpf-pid----5707----pid-5707
---ebpf-pid----5707----pid-5476
---ebpf-pid----5707----pid-1
---ebpf-pid----5707----pid-5707
---ebpf-pid----5707----pid-5476
---ebpf-pid----5707----pid-1
---ebpf-pid----5707----pid-5707
---ebpf-pid----5707----pid-5476
---ebpf-pid----5707----pid-1
---ebpf-pid----5707----pid-5707
---ebpf-pid----5707----pid-5476
---ebpf-pid----5707----pid-1
---ebpf-pid----373029----pid-373029
---ebpf-pid----373029----pid-5476
---ebpf-pid----373029----pid-1
---ebpf-pid----373029----pid-373029
---ebpf-pid----373029----pid-5476
---ebpf-pid----373029----pid-1
---ebpf-pid----373029----pid-373029
---ebpf-pid----373029----pid-5476
---ebpf-pid----373029----pid-1
---ebpf-pid----5707----pid-5707
---ebpf-pid----5707----pid-5476
---ebpf-pid----5707----pid-1
---ebpf-pid----373029----pid-373029
---ebpf-pid----373029----pid-5476
---ebpf-pid----373029----pid-1
---ebpf-pid----373029----pid-373029
---ebpf-pid----373029----pid-5476
---ebpf-pid----373029----pid-1
---ebpf-pid----4716----pid-3323
---ebpf-pid----5707----pid-5707
---ebpf-pid----5707----pid-5476
---ebpf-pid----4716----pid-1
---ebpf-pid----4716----pid-4716
---ebpf-pid----5707----pid-1
---ebpf-pid----5707----pid-5707
---ebpf-pid----4716----pid-3323
---ebpf-pid----5707----pid-5476
---ebpf-pid----4716----pid-1
---ebpf-pid----5707----pid-1
---ebpf-pid----448784----pid-448784
---ebpf-pid----5707----pid-5707
---ebpf-pid----448784----pid-448520
---ebpf-pid----5707----pid-5476
---ebpf-pid----5707----pid-1
---ebpf-pid----448784----pid-1
---ebpf-pid----448784----pid-448784
---ebpf-pid----5707----pid-5707
---ebpf-pid----5707----pid-5476
---ebpf-pid----448784----pid-448520
---ebpf-pid----5707----pid-1
---ebpf-pid----448784----pid-1
---ebpf-pid----5707----pid-5707
---ebpf-pid----448784----pid-448784
---ebpf-pid----5707----pid-5476
---ebpf-pid----448784----pid-448520
---ebpf-pid----5707----pid-1
---ebpf-pid----5707----pid-5707
---ebpf-pid----448784----pid-1
---ebpf-pid----5707----pid-5476
---ebpf-pid----448784----pid-448784
---ebpf-pid----5707----pid-1
---ebpf-pid----448784----pid-448520
---ebpf-pid----5707----pid-5707
---ebpf-pid----448784----pid-1
---ebpf-pid----5707----pid-5476
---ebpf-pid----448784----pid-448784
---ebpf-pid----5707----pid-1
---ebpf-pid----5707----pid-5707
---ebpf-pid----448784----pid-448520
---ebpf-pid----5707----pid-5476
---ebpf-pid----448784----pid-1
---ebpf-pid----5707----pid-1
---ebpf-pid----5707----pid-5707
---ebpf-pid----5707----pid-5476
---ebpf-pid----5707----pid-1
---ebpf-pid----5707----pid-5707
---ebpf-pid----5707----pid-5476
---ebpf-pid----5707----pid-1
---ebpf-pid----5707----pid-5707
---ebpf-pid----5707----pid-5476
---ebpf-pid----5707----pid-1
---ebpf-pid----5707----pid-5707
---ebpf-pid----5707----pid-5476
---ebpf-pid----5707----pid-1
---ebpf-pid----5707----pid-5707
---ebpf-pid----5707----pid-5476
---ebpf-pid----5707----pid-1
---ebpf-pid----5707----pid-5707
---ebpf-pid----5707----pid-5476
---ebpf-pid----5707----pid-1
---ebpf-pid----5707----pid-5707
---ebpf-pid----5707----pid-5476
---ebpf-pid----5707----pid-1
---ebpf-pid----5707----pid-5707
---ebpf-pid----5707----pid-5476
---ebpf-pid----5707----pid-1
---ebpf-pid----5707----pid-5707
---ebpf-pid----5707----pid-5476
---ebpf-pid----5707----pid-1
---ebpf-pid----5707----pid-5707
---ebpf-pid----5707----pid-5476
---ebpf-pid----448784----pid-448784
---ebpf-pid----5707----pid-1
---ebpf-pid----5707----pid-5707
---ebpf-pid----448784----pid-448520
---ebpf-pid----5707----pid-5476
---ebpf-pid----448784----pid-1
---ebpf-pid----448784----pid-448784
---ebpf-pid----5707----pid-1
---ebpf-pid----5707----pid-5707
---ebpf-pid----448784----pid-448520
---ebpf-pid----5707----pid-5476
---ebpf-pid----448784----pid-1
---ebpf-pid----5707----pid-1
---ebpf-pid----448784----pid-448784
---ebpf-pid----5707----pid-5707
---ebpf-pid----448784----pid-448520
---ebpf-pid----5707----pid-5476
---ebpf-pid----5707----pid-1
---ebpf-pid----448784----pid-1
---ebpf-pid----5707----pid-5707
---ebpf-pid----4716----pid-4716
---ebpf-pid----5707----pid-5476
---ebpf-pid----4716----pid-3323
---ebpf-pid----5707----pid-1
---ebpf-pid----5707----pid-5707
---ebpf-pid----4716----pid-1
---ebpf-pid----4716----pid-4716
---ebpf-pid----372881----pid-372881
---ebpf-pid----4716----pid-3323
---ebpf-pid----372881----pid-1
---ebpf-pid----5707----pid-5476
---ebpf-pid----372881----pid-372881
---ebpf-pid----372881----pid-1
---ebpf-pid----5707----pid-1
---ebpf-pid----372881----pid-372881
---ebpf-pid----5707----pid-5707
---ebpf-pid----372881----pid-1
---ebpf-pid----372881----pid-372881
---ebpf-pid----5707----pid-5476
---ebpf-pid----372881----pid-1
---ebpf-pid----372881----pid-372881
---ebpf-pid----5707----pid-1
---ebpf-pid----5707----pid-5707
---ebpf-pid----372881----pid-1
---ebpf-pid----372881----pid-372881
---ebpf-pid----5707----pid-5476
---ebpf-pid----372881----pid-1
---ebpf-pid----5707----pid-1
---ebpf-pid----372881----pid-372881
---ebpf-pid----5707----pid-5707
---ebpf-pid----372881----pid-1
---ebpf-pid----372881----pid-372881
---ebpf-pid----372881----pid-1
---ebpf-pid----372881----pid-372881
---ebpf-pid----4716----pid-1
---ebpf-pid----4716----pid-4716
---ebpf-pid----372881----pid-1
---ebpf-pid----372881----pid-372881
---ebpf-pid----4716----pid-3323
---ebpf-pid----372881----pid-1
---ebpf-pid----2094----pid-2094
---ebpf-pid----4716----pid-1
---ebpf-pid----2094----pid-1
---ebpf-pid----4716----pid-4716
---ebpf-pid----2094----pid-2094
---ebpf-pid----2094----pid-1
---ebpf-pid----4716----pid-3323
---ebpf-pid----2094----pid-2094
---ebpf-pid----4716----pid-1
---ebpf-pid----2094----pid-1
---ebpf-pid----4716----pid-4716
---ebpf-pid----2094----pid-2094
---ebpf-pid----2094----pid-1
---ebpf-pid----4716----pid-3323
---ebpf-pid----2094----pid-2094
---ebpf-pid----4716----pid-1
---ebpf-pid----2094----pid-1
---ebpf-pid----2094----pid-2094
---ebpf-pid----448784----pid-448784
---ebpf-pid----2094----pid-1
---ebpf-pid----448784----pid-448520
---ebpf-pid----2094----pid-2094
---ebpf-pid----448784----pid-1
---ebpf-pid----2094----pid-1
---ebpf-pid----372881----pid-372881
---ebpf-pid----2094----pid-2094
---ebpf-pid----2094----pid-1
---ebpf-pid----372881----pid-1
---ebpf-pid----2094----pid-2094
---ebpf-pid----2094----pid-1
---ebpf-pid----2094----pid-2094
---ebpf-pid----2094----pid-1
---ebpf-pid----2094----pid-2094
---ebpf-pid----2094----pid-1
---ebpf-pid----5707----pid-5476
---ebpf-pid----2094----pid-2094
---ebpf-pid----5707----pid-1
---ebpf-pid----372881----pid-372881
---ebpf-pid----5707----pid-5707
---ebpf-pid----5707----pid-5476
---ebpf-pid----5707----pid-1
---ebpf-pid----5707----pid-5707
---ebpf-pid----5707----pid-5476
---ebpf-pid----5707----pid-1
---ebpf-pid----5707----pid-5707
---ebpf-pid----5707----pid-5476
---ebpf-pid----5707----pid-1
---ebpf-pid----5707----pid-5707
---ebpf-pid----372881----pid-1
---ebpf-pid----2094----pid-1
---ebpf-pid----2094----pid-2094
---ebpf-pid----2094----pid-1
---ebpf-pid----2094----pid-2094
---ebpf-pid----2094----pid-1
---ebpf-pid----2094----pid-2094
---ebpf-pid----2094----pid-1
---ebpf-pid----2094----pid-2094
---ebpf-pid----2094----pid-1
---ebpf-pid----372881----pid-372881
---ebpf-pid----372881----pid-1
---ebpf-pid----2094----pid-2094
---ebpf-pid----372881----pid-372881
---ebpf-pid----2094----pid-1
---ebpf-pid----2094----pid-2094
---ebpf-pid----2094----pid-1
---ebpf-pid----2094----pid-2094
---ebpf-pid----2094----pid-1
---ebpf-pid----2094----pid-2094
---ebpf-pid----2094----pid-1
---ebpf-pid----2094----pid-2094
---ebpf-pid----5707----pid-5476
---ebpf-pid----5707----pid-1
---ebpf-pid----5707----pid-5707
---ebpf-pid----5707----pid-5476
---ebpf-pid----5707----pid-1
---ebpf-pid----5707----pid-5707
---ebpf-pid----372881----pid-1
---ebpf-pid----372881----pid-372881
---ebpf-pid----372881----pid-1
---ebpf-pid----372881----pid-372881
---ebpf-pid----372881----pid-1
---ebpf-pid----5707----pid-5476
---ebpf-pid----5707----pid-1
---ebpf-pid----5707----pid-5707
---ebpf-pid----372881----pid-372881
---ebpf-pid----372881----pid-1
---ebpf-pid----372881----pid-372881
---ebpf-pid----372881----pid-1
---ebpf-pid----5707----pid-5476
---ebpf-pid----5707----pid-1
---ebpf-pid----5707----pid-5707
---ebpf-pid----372881----pid-372881
---ebpf-pid----372881----pid-1
---ebpf-pid----372881----pid-372881
---ebpf-pid----372881----pid-1
---ebpf-pid----5707----pid-5707
---ebpf-pid----5707----pid-5476
---ebpf-pid----2094----pid-1
---ebpf-pid----2094----pid-2094
---ebpf-pid----2094----pid-1
---ebpf-pid----5707----pid-5476
---ebpf-pid----2094----pid-2094
---ebpf-pid----2094----pid-1
---ebpf-pid----2094----pid-2094
---ebpf-pid----2094----pid-1
---ebpf-pid----2094----pid-2094
---ebpf-pid----2094----pid-1
---ebpf-pid----2094----pid-2094
---ebpf-pid----2094----pid-1
---ebpf-pid----2094----pid-2094
---ebpf-pid----5707----pid-1
---ebpf-pid----2094----pid-1
---ebpf-pid----5707----pid-5707
---ebpf-pid----2094----pid-2094
---ebpf-pid----5707----pid-5476
---ebpf-pid----2094----pid-1
---ebpf-pid----2094----pid-2094
---ebpf-pid----2094----pid-1
---ebpf-pid----2094----pid-2094
---ebpf-pid----2094----pid-1
---ebpf-pid----2094----pid-2094
---ebpf-pid----2094----pid-1
---ebpf-pid----2094----pid-2094
---ebpf-pid----2094----pid-1
---ebpf-pid----2094----pid-2094
---ebpf-pid----2094----pid-1
---ebpf-pid----2094----pid-2094
---ebpf-pid----2094----pid-1
---ebpf-pid----2094----pid-2094
---ebpf-pid----2094----pid-1
---ebpf-pid----2094----pid-2094
---ebpf-pid----2094----pid-1
---ebpf-pid----2094----pid-2094
---ebpf-pid----2094----pid-1
---ebpf-pid----2094----pid-2094
---ebpf-pid----2094----pid-1
---ebpf-pid----2094----pid-2094
---ebpf-pid----2094----pid-1
---ebpf-pid----372881----pid-372881
---ebpf-pid----372881----pid-1
---ebpf-pid----372881----pid-372881
---ebpf-pid----372881----pid-1
---ebpf-pid----372881----pid-372881
---ebpf-pid----372881----pid-1
---ebpf-pid----372881----pid-372881
---ebpf-pid----372881----pid-1
---ebpf-pid----372881----pid-372881
---ebpf-pid----372881----pid-1
---ebpf-pid----372881----pid-372881
---ebpf-pid----372881----pid-1
---ebpf-pid----372881----pid-372881
---ebpf-pid----372881----pid-1
---ebpf-pid----372881----pid-372881
---ebpf-pid----372881----pid-1
---ebpf-pid----5707----pid-1
---ebpf-pid----5707----pid-5707
---ebpf-pid----5707----pid-1
---ebpf-pid----5707----pid-5476
---ebpf-pid----5707----pid-1
---ebpf-pid----5707----pid-5707
---ebpf-pid----5707----pid-5707
---ebpf-pid----5707----pid-5476
---ebpf-pid----5707----pid-5476
---ebpf-pid----5707----pid-1
---ebpf-pid----5707----pid-5707
---ebpf-pid----5707----pid-5476
---ebpf-pid----5707----pid-1
---ebpf-pid----5707----pid-5707
---ebpf-pid----5707----pid-5476
---ebpf-pid----5707----pid-1
---ebpf-pid----5707----pid-5707
---ebpf-pid----5707----pid-5476
---ebpf-pid----5707----pid-1
---ebpf-pid----5707----pid-5707
---ebpf-pid----5707----pid-5476
---ebpf-pid----5707----pid-1
---ebpf-pid----5707----pid-5707
---ebpf-pid----5707----pid-5476
---ebpf-pid----5707----pid-1
---ebpf-pid----5707----pid-5707
---ebpf-pid----5707----pid-5476
---ebpf-pid----5707----pid-1
---ebpf-pid----5707----pid-5707
---ebpf-pid----5707----pid-5476
---ebpf-pid----5707----pid-1
---ebpf-pid----5707----pid-5707
---ebpf-pid----5707----pid-5476
---ebpf-pid----5707----pid-1
---ebpf-pid----5707----pid-5707
---ebpf-pid----5707----pid-5476
---ebpf-pid----5707----pid-1
---ebpf-pid----4716----pid-4716
---ebpf-pid----4716----pid-3323
---ebpf-pid----4716----pid-1
---ebpf-pid----448785----pid-448785
---ebpf-pid----448785----pid-448520
---ebpf-pid----448785----pid-1
---ebpf-pid----448785----pid-448785
---ebpf-pid----448785----pid-448520
---ebpf-pid----448785----pid-1
---ebpf-pid----373029----pid-373029
---ebpf-pid----372881----pid-372881
---ebpf-pid----372881----pid-1
---ebpf-pid----372881----pid-372881
---ebpf-pid----372881----pid-1
---ebpf-pid----372881----pid-372881
---ebpf-pid----372881----pid-1
---ebpf-pid----372881----pid-372881
---ebpf-pid----372881----pid-1
---ebpf-pid----373029----pid-5476
---ebpf-pid----372881----pid-372881
---ebpf-pid----373029----pid-1
---ebpf-pid----372881----pid-1
---ebpf-pid----372881----pid-372881
---ebpf-pid----373029----pid-373029
---ebpf-pid----373029----pid-5476
---ebpf-pid----5707----pid-1
---ebpf-pid----373029----pid-1
---ebpf-pid----373029----pid-373029
---ebpf-pid----5707----pid-5707
---ebpf-pid----373029----pid-5476
---ebpf-pid----373029----pid-1
---ebpf-pid----5707----pid-5476
---ebpf-pid----5705----pid-5705
---ebpf-pid----5707----pid-1
---ebpf-pid----5705----pid-5476
---ebpf-pid----5707----pid-5707
---ebpf-pid----5705----pid-1
---ebpf-pid----5705----pid-5705
---ebpf-pid----5707----pid-5476
---ebpf-pid----5705----pid-5476
---ebpf-pid----5707----pid-1
---ebpf-pid----5707----pid-5707
---ebpf-pid----5705----pid-1
---ebpf-pid----5705----pid-5705
---ebpf-pid----5707----pid-5476
---ebpf-pid----5705----pid-5476
---ebpf-pid----5707----pid-1
---ebpf-pid----5707----pid-5707
---ebpf-pid----5705----pid-1
---ebpf-pid----4716----pid-4716
---ebpf-pid----5707----pid-5476
---ebpf-pid----5707----pid-1
---ebpf-pid----5707----pid-5707
---ebpf-pid----4716----pid-3323
---ebpf-pid----5707----pid-5476
---ebpf-pid----4716----pid-1
---ebpf-pid----5707----pid-1
---ebpf-pid----5707----pid-5707
---ebpf-pid----5707----pid-5707
---ebpf-pid----5707----pid-5476
---ebpf-pid----5707----pid-5476
---ebpf-pid----5707----pid-1
---ebpf-pid----5707----pid-5707
---ebpf-pid----5707----pid-5476
---ebpf-pid----5707----pid-1
---ebpf-pid----5707----pid-1
---ebpf-pid----372881----pid-1
---ebpf-pid----372881----pid-372881
---ebpf-pid----372881----pid-1
---ebpf-pid----372881----pid-372881
---ebpf-pid----372881----pid-1
---ebpf-pid----372881----pid-372881
---ebpf-pid----372881----pid-1
---ebpf-pid----372881----pid-372881
---ebpf-pid----5707----pid-5707
---ebpf-pid----372881----pid-1
---ebpf-pid----372881----pid-372881
---ebpf-pid----372881----pid-1
---ebpf-pid----372881----pid-372881
---ebpf-pid----5707----pid-5707
---ebpf-pid----372881----pid-1
---ebpf-pid----372881----pid-372881
---ebpf-pid----372881----pid-1
---ebpf-pid----372881----pid-372881
---ebpf-pid----372881----pid-1
---ebpf-pid----372881----pid-372881
---ebpf-pid----372881----pid-1
---ebpf-pid----372881----pid-372881
---ebpf-pid----372881----pid-1
---ebpf-pid----372881----pid-372881
---ebpf-pid----372881----pid-1
---ebpf-pid----372881----pid-372881
---ebpf-pid----372881----pid-1
---ebpf-pid----372881----pid-372881
---ebpf-pid----372881----pid-1
---ebpf-pid----372881----pid-372881
---ebpf-pid----372881----pid-1
---ebpf-pid----372881----pid-372881
---ebpf-pid----372881----pid-1
---ebpf-pid----372881----pid-372881
---ebpf-pid----372881----pid-1
---ebpf-pid----372881----pid-372881
---ebpf-pid----372881----pid-1
---ebpf-pid----5614----pid-5614
---ebpf-pid----5614----pid-1
---ebpf-pid----372881----pid-372881
---ebpf-pid----372881----pid-1
---ebpf-pid----372881----pid-372881
---ebpf-pid----372881----pid-1
---ebpf-pid----372881----pid-372881
---ebpf-pid----372881----pid-1
---ebpf-pid----2012----pid-2012
---ebpf-pid----2012----pid-1
---ebpf-pid----2012----pid-2012
---ebpf-pid----2012----pid-1
---ebpf-pid----2012----pid-2012
---ebpf-pid----2012----pid-1
---ebpf-pid----2012----pid-2012
---ebpf-pid----5707----pid-5476
---ebpf-pid----2012----pid-1
---ebpf-pid----2012----pid-2012
---ebpf-pid----5707----pid-1
---ebpf-pid----5707----pid-5707
---ebpf-pid----2012----pid-1
---ebpf-pid----2012----pid-2012
---ebpf-pid----5707----pid-5476
---ebpf-pid----2012----pid-1
---ebpf-pid----2012----pid-2012
---ebpf-pid----5707----pid-1
---ebpf-pid----448522----pid-448522
---ebpf-pid----2012----pid-1
---ebpf-pid----2012----pid-2012
---ebpf-pid----448522----pid-1
---ebpf-pid----2012----pid-1
---ebpf-pid----5707----pid-5707
---ebpf-pid----2012----pid-2012
---ebpf-pid----2012----pid-1
---ebpf-pid----5707----pid-5476
---ebpf-pid----2012----pid-2012
---ebpf-pid----5707----pid-1
---ebpf-pid----2012----pid-1
---ebpf-pid----5707----pid-5707
---ebpf-pid----2012----pid-2012
---ebpf-pid----2012----pid-1
---ebpf-pid----5707----pid-5476
---ebpf-pid----2012----pid-2012
---ebpf-pid----5707----pid-1
---ebpf-pid----2012----pid-1
---ebpf-pid----14----pid-14
---ebpf-pid----2012----pid-2012
---ebpf-pid----2012----pid-1
---ebpf-pid----14----pid-2
---ebpf-pid----2012----pid-2012
---ebpf-pid----2094----pid-2094
---ebpf-pid----2012----pid-1
---ebpf-pid----2012----pid-2012
---ebpf-pid----2012----pid-1
---ebpf-pid----2012----pid-2012
---ebpf-pid----2012----pid-1
---ebpf-pid----2012----pid-2012
---ebpf-pid----2012----pid-1
---ebpf-pid----2012----pid-2012
---ebpf-pid----2012----pid-1
---ebpf-pid----2012----pid-2012
---ebpf-pid----2012----pid-1
---ebpf-pid----2012----pid-2012
---ebpf-pid----2012----pid-1
---ebpf-pid----2012----pid-2012
---ebpf-pid----2012----pid-1
---ebpf-pid----2012----pid-2012
---ebpf-pid----2012----pid-1
---ebpf-pid----2012----pid-2012
---ebpf-pid----2012----pid-1
---ebpf-pid----2012----pid-2012
---ebpf-pid----2012----pid-1
---ebpf-pid----2012----pid-2012
---ebpf-pid----2012----pid-1
---ebpf-pid----2012----pid-2012
---ebpf-pid----2012----pid-1
---ebpf-pid----2012----pid-2012
---ebpf-pid----2012----pid-1
---ebpf-pid----2012----pid-2012
---ebpf-pid----2012----pid-1
---ebpf-pid----2012----pid-2012
---ebpf-pid----2012----pid-1
---ebpf-pid----2012----pid-2012
---ebpf-pid----2012----pid-1
---ebpf-pid----2012----pid-2012
---ebpf-pid----2094----pid-1
---ebpf-pid----2012----pid-1
---ebpf-pid----2012----pid-2012
---ebpf-pid----2012----pid-1
---ebpf-pid----2012----pid-2012
---ebpf-pid----2012----pid-1
---ebpf-pid----5707----pid-5476
---ebpf-pid----2012----pid-2012
---ebpf-pid----5707----pid-1
---ebpf-pid----2012----pid-1
---ebpf-pid----2012----pid-2012
---ebpf-pid----5707----pid-5707
---ebpf-pid----2012----pid-1
---ebpf-pid----5707----pid-5476
---ebpf-pid----2012----pid-2012
---ebpf-pid----2012----pid-1
---ebpf-pid----5707----pid-1
---ebpf-pid----2012----pid-2012
---ebpf-pid----5707----pid-5707
---ebpf-pid----2012----pid-1
---ebpf-pid----5707----pid-5476
---ebpf-pid----2012----pid-2012
---ebpf-pid----2012----pid-1
---ebpf-pid----5707----pid-1
---ebpf-pid----2012----pid-2012
---ebpf-pid----5707----pid-5707
---ebpf-pid----2012----pid-1
---ebpf-pid----5707----pid-5476
---ebpf-pid----2012----pid-2012
---ebpf-pid----5707----pid-1
---ebpf-pid----2012----pid-1
---ebpf-pid----2094----pid-2094
---ebpf-pid----2012----pid-2012
---ebpf-pid----5707----pid-5707
---ebpf-pid----2094----pid-1
---ebpf-pid----2012----pid-1
---ebpf-pid----2012----pid-2012
---ebpf-pid----5707----pid-5476
---ebpf-pid----2012----pid-1
---ebpf-pid----5707----pid-1
---ebpf-pid----2012----pid-2012
---ebpf-pid----5707----pid-5707
---ebpf-pid----2012----pid-1
---ebpf-pid----2012----pid-2012
---ebpf-pid----5707----pid-5476
---ebpf-pid----2012----pid-1
---ebpf-pid----5707----pid-1
---ebpf-pid----2012----pid-2012
---ebpf-pid----5707----pid-5707
---ebpf-pid----2012----pid-1
---ebpf-pid----2012----pid-2012
---ebpf-pid----5707----pid-5476
---ebpf-pid----2012----pid-1
---ebpf-pid----5707----pid-1
---ebpf-pid----2012----pid-2012
---ebpf-pid----5707----pid-5707
---ebpf-pid----2012----pid-1
---ebpf-pid----5707----pid-5476
---ebpf-pid----2012----pid-2012
---ebpf-pid----2012----pid-1
---ebpf-pid----5707----pid-1
---ebpf-pid----2012----pid-2012
---ebpf-pid----5707----pid-5707
---ebpf-pid----2012----pid-1
---ebpf-pid----5707----pid-5476
---ebpf-pid----5707----pid-1
---ebpf-pid----2012----pid-2012
---ebpf-pid----5707----pid-5707
---ebpf-pid----2012----pid-1
---ebpf-pid----5707----pid-5476
---ebpf-pid----2012----pid-2012
---ebpf-pid----2012----pid-1
---ebpf-pid----5707----pid-1
---ebpf-pid----2012----pid-2012
---ebpf-pid----5707----pid-5707
---ebpf-pid----2012----pid-1
---ebpf-pid----5707----pid-5476
---ebpf-pid----2012----pid-2012
---ebpf-pid----2012----pid-1
---ebpf-pid----5707----pid-1
---ebpf-pid----2012----pid-2012
---ebpf-pid----5707----pid-5707
---ebpf-pid----2012----pid-1
---ebpf-pid----5707----pid-5476
---ebpf-pid----2012----pid-2012
---ebpf-pid----2012----pid-1
---ebpf-pid----5707----pid-1
---ebpf-pid----2012----pid-2012
---ebpf-pid----5707----pid-5707
---ebpf-pid----2012----pid-1
---ebpf-pid----5707----pid-5476
---ebpf-pid----2012----pid-2012
---ebpf-pid----2012----pid-1
---ebpf-pid----5707----pid-1
---ebpf-pid----2094----pid-2094
---ebpf-pid----2012----pid-2012
---ebpf-pid----5707----pid-5707
---ebpf-pid----2012----pid-1
---ebpf-pid----2094----pid-1
---ebpf-pid----5707----pid-5476
---ebpf-pid----2012----pid-2012
---ebpf-pid----2094----pid-2094
---ebpf-pid----2012----pid-1
---ebpf-pid----5707----pid-1
---ebpf-pid----2094----pid-2094
---ebpf-pid----2094----pid-1
---ebpf-pid----5707----pid-5707
---ebpf-pid----2094----pid-2094
---ebpf-pid----2094----pid-1
---ebpf-pid----5707----pid-5476
---ebpf-pid----2094----pid-2094
---ebpf-pid----2094----pid-1
---ebpf-pid----2094----pid-2094
---ebpf-pid----2094----pid-1
---ebpf-pid----2094----pid-2094
---ebpf-pid----2094----pid-1
---ebpf-pid----2094----pid-2094
---ebpf-pid----2094----pid-1
---ebpf-pid----2094----pid-2094
---ebpf-pid----2094----pid-1
---ebpf-pid----2094----pid-2094
---ebpf-pid----2094----pid-1
---ebpf-pid----2094----pid-2094
---ebpf-pid----2094----pid-1
---ebpf-pid----2094----pid-2094
---ebpf-pid----2094----pid-1
---ebpf-pid----2094----pid-2094
---ebpf-pid----2094----pid-1
---ebpf-pid----2094----pid-1
---ebpf-pid----2012----pid-2012
---ebpf-pid----2012----pid-1
---ebpf-pid----2012----pid-2012
---ebpf-pid----2012----pid-1
---ebpf-pid----2012----pid-2012
---ebpf-pid----2012----pid-1
---ebpf-pid----2012----pid-2012
---ebpf-pid----2012----pid-1
---ebpf-pid----2012----pid-2012
---ebpf-pid----2012----pid-1
---ebpf-pid----2012----pid-2012
---ebpf-pid----2012----pid-1
---ebpf-pid----2012----pid-2012
---ebpf-pid----2012----pid-1
---ebpf-pid----2012----pid-2012
---ebpf-pid----2012----pid-1
---ebpf-pid----2094----pid-2094
---ebpf-pid----2012----pid-2012
---ebpf-pid----2094----pid-1
---ebpf-pid----2012----pid-1
---ebpf-pid----2094----pid-2094
---ebpf-pid----2012----pid-2012
---ebpf-pid----2094----pid-1
---ebpf-pid----2012----pid-1
---ebpf-pid----2094----pid-2094
---ebpf-pid----2012----pid-2012
---ebpf-pid----2094----pid-1
---ebpf-pid----2012----pid-1
---ebpf-pid----2012----pid-2012
---ebpf-pid----2094----pid-2094
---ebpf-pid----2012----pid-1
---ebpf-pid----2094----pid-1
---ebpf-pid----5707----pid-5707
---ebpf-pid----2012----pid-2012
---ebpf-pid----2012----pid-1
---ebpf-pid----5707----pid-5476
---ebpf-pid----2012----pid-2012
---ebpf-pid----5707----pid-1
---ebpf-pid----2012----pid-1
---ebpf-pid----5707----pid-5707
---ebpf-pid----2012----pid-2012
---ebpf-pid----2012----pid-1
---ebpf-pid----5707----pid-5476
---ebpf-pid----2012----pid-2012
---ebpf-pid----5707----pid-1
---ebpf-pid----2012----pid-1
---ebpf-pid----5707----pid-5707
---ebpf-pid----2012----pid-2012
---ebpf-pid----5707----pid-5476
---ebpf-pid----2012----pid-1
---ebpf-pid----2012----pid-2012
---ebpf-pid----5707----pid-1
---ebpf-pid----373029----pid-373029
---ebpf-pid----2012----pid-1
---ebpf-pid----2094----pid-2094
---ebpf-pid----373029----pid-5476
---ebpf-pid----2094----pid-1
---ebpf-pid----373029----pid-1
---ebpf-pid----2094----pid-2094
---ebpf-pid----373029----pid-373029
---ebpf-pid----2094----pid-1
---ebpf-pid----373029----pid-5476
---ebpf-pid----2094----pid-2094
---ebpf-pid----373029----pid-1
---ebpf-pid----2094----pid-1
---ebpf-pid----2094----pid-2094
---ebpf-pid----2094----pid-1
---ebpf-pid----2094----pid-2094
---ebpf-pid----2094----pid-1
---ebpf-pid----2094----pid-2094
---ebpf-pid----2094----pid-1
---ebpf-pid----2094----pid-2094
---ebpf-pid----2094----pid-1
---ebpf-pid----2094----pid-2094
---ebpf-pid----2094----pid-1
---ebpf-pid----2094----pid-2094
---ebpf-pid----2094----pid-1
---ebpf-pid----2094----pid-2094
---ebpf-pid----2094----pid-1
---ebpf-pid----2094----pid-2094
---ebpf-pid----2094----pid-1
---ebpf-pid----2094----pid-2094
---ebpf-pid----2094----pid-1
---ebpf-pid----2094----pid-2094
---ebpf-pid----2094----pid-1
---ebpf-pid----2094----pid-2094
---ebpf-pid----2094----pid-1
---ebpf-pid----2094----pid-2094
---ebpf-pid----2094----pid-1
---ebpf-pid----2094----pid-2094
---ebpf-pid----2094----pid-1
---ebpf-pid----2094----pid-2094
---ebpf-pid----2094----pid-1
---ebpf-pid----2094----pid-2094
---ebpf-pid----2094----pid-1
---ebpf-pid----2094----pid-2094
---ebpf-pid----2094----pid-1
---ebpf-pid----2094----pid-2094
---ebpf-pid----2094----pid-1
---ebpf-pid----372881----pid-372881
---ebpf-pid----372881----pid-1
---ebpf-pid----372881----pid-372881
---ebpf-pid----372881----pid-1
---ebpf-pid----372881----pid-372881
---ebpf-pid----372881----pid-1
---ebpf-pid----372881----pid-372881
---ebpf-pid----372881----pid-1
---ebpf-pid----372881----pid-372881
---ebpf-pid----372881----pid-1
---ebpf-pid----372881----pid-372881
---ebpf-pid----372881----pid-1
---ebpf-pid----372881----pid-372881
---ebpf-pid----372881----pid-1
---ebpf-pid----372881----pid-372881
---ebpf-pid----373029----pid-373029
---ebpf-pid----372881----pid-1
---ebpf-pid----372881----pid-372881
---ebpf-pid----373029----pid-5476
---ebpf-pid----372881----pid-1
---ebpf-pid----373029----pid-1
---ebpf-pid----372881----pid-372881
---ebpf-pid----373029----pid-373029
---ebpf-pid----372881----pid-1
---ebpf-pid----373029----pid-5476
---ebpf-pid----372881----pid-372881
---ebpf-pid----372881----pid-1
---ebpf-pid----372881----pid-372881
---ebpf-pid----373029----pid-1
---ebpf-pid----448783----pid-448783
---ebpf-pid----448783----pid-448520
---ebpf-pid----448783----pid-1
---ebpf-pid----5638----pid-5638
---ebpf-pid----5638----pid-1
---ebpf-pid----5638----pid-5638
---ebpf-pid----5638----pid-1
---ebpf-pid----5638----pid-5638
---ebpf-pid----5638----pid-1
---ebpf-pid----5707----pid-5707
---ebpf-pid----5707----pid-5476
---ebpf-pid----5707----pid-1
---ebpf-pid----5707----pid-5707
---ebpf-pid----5707----pid-5476
---ebpf-pid----5707----pid-1
---ebpf-pid----448522----pid-448522
---ebpf-pid----448522----pid-1
---ebpf-pid----448784----pid-448784
---ebpf-pid----448784----pid-448520
---ebpf-pid----448784----pid-1
---ebpf-pid----373029----pid-373029
---ebpf-pid----373029----pid-5476
---ebpf-pid----5707----pid-1
---ebpf-pid----5707----pid-5707
---ebpf-pid----5707----pid-5476
---ebpf-pid----5707----pid-1
---ebpf-pid----5707----pid-5707
---ebpf-pid----5707----pid-5476
---ebpf-pid----372881----pid-1
---ebpf-pid----373029----pid-1
---ebpf-pid----5707----pid-1
---ebpf-pid----373029----pid-373029
---ebpf-pid----5707----pid-5707
---ebpf-pid----373029----pid-5476
---ebpf-pid----5707----pid-5476
---ebpf-pid----373029----pid-1
---ebpf-pid----5707----pid-1
---ebpf-pid----373029----pid-373029
---ebpf-pid----5707----pid-5707
---ebpf-pid----373029----pid-5476
---ebpf-pid----5707----pid-5476
---ebpf-pid----373029----pid-1
---ebpf-pid----373029----pid-373029
---ebpf-pid----5707----pid-1
---ebpf-pid----5707----pid-5707
---ebpf-pid----5707----pid-5476
---ebpf-pid----373029----pid-5476
---ebpf-pid----5707----pid-1
---ebpf-pid----372881----pid-372881
---ebpf-pid----5707----pid-5707
---ebpf-pid----372881----pid-1
---ebpf-pid----372881----pid-372881
---ebpf-pid----5707----pid-5476
---ebpf-pid----372881----pid-1
---ebpf-pid----5707----pid-1
---ebpf-pid----372881----pid-372881
---ebpf-pid----5707----pid-5707
---ebpf-pid----372881----pid-1
---ebpf-pid----372881----pid-372881
---ebpf-pid----5707----pid-5476
---ebpf-pid----372881----pid-1
---ebpf-pid----5707----pid-1
---ebpf-pid----372881----pid-372881
---ebpf-pid----5707----pid-5707
---ebpf-pid----5707----pid-5476
---ebpf-pid----5707----pid-1
---ebpf-pid----372881----pid-1
---ebpf-pid----5707----pid-5707
---ebpf-pid----372881----pid-372881
---ebpf-pid----5707----pid-5476
---ebpf-pid----372881----pid-1
---ebpf-pid----5707----pid-1
---ebpf-pid----372881----pid-372881
---ebpf-pid----5707----pid-5707
---ebpf-pid----372881----pid-1
---ebpf-pid----5707----pid-5476
---ebpf-pid----372881----pid-372881
---ebpf-pid----372881----pid-1
---ebpf-pid----372881----pid-372881
---ebpf-pid----372881----pid-1
---ebpf-pid----372881----pid-372881
---ebpf-pid----372881----pid-1
---ebpf-pid----372881----pid-372881
---ebpf-pid----373029----pid-1
---ebpf-pid----372881----pid-1
---ebpf-pid----373029----pid-373029
---ebpf-pid----372881----pid-372881
---ebpf-pid----373029----pid-5476
---ebpf-pid----372881----pid-1
---ebpf-pid----372881----pid-372881
---ebpf-pid----373029----pid-1
---ebpf-pid----373029----pid-373029
---ebpf-pid----372881----pid-1
---ebpf-pid----372881----pid-372881
---ebpf-pid----373029----pid-5476
---ebpf-pid----372881----pid-1
---ebpf-pid----373029----pid-1
---ebpf-pid----372881----pid-372881
---ebpf-pid----373029----pid-373029
---ebpf-pid----372881----pid-1
---ebpf-pid----372881----pid-372881
---ebpf-pid----372881----pid-1
---ebpf-pid----372881----pid-372881
---ebpf-pid----372881----pid-1
---ebpf-pid----372881----pid-372881
---ebpf-pid----372881----pid-1
---ebpf-pid----372881----pid-372881
---ebpf-pid----5707----pid-1
---ebpf-pid----5707----pid-5707
---ebpf-pid----372881----pid-1
---ebpf-pid----372881----pid-372881
---ebpf-pid----5707----pid-5476
---ebpf-pid----5707----pid-1
---ebpf-pid----5707----pid-5707
---ebpf-pid----372881----pid-1
---ebpf-pid----372881----pid-372881
---ebpf-pid----5707----pid-5476
---ebpf-pid----5707----pid-1
---ebpf-pid----372881----pid-1
---ebpf-pid----2088----pid-2088
---ebpf-pid----5707----pid-5707
---ebpf-pid----2088----pid-1
---ebpf-pid----2088----pid-2088
---ebpf-pid----5707----pid-5476
---ebpf-pid----373029----pid-5476
---ebpf-pid----2088----pid-1
---ebpf-pid----5707----pid-1
---ebpf-pid----2088----pid-2088
---ebpf-pid----373029----pid-1
---ebpf-pid----5707----pid-5707
---ebpf-pid----5707----pid-5707
---ebpf-pid----2088----pid-1
---ebpf-pid----2088----pid-2088
---ebpf-pid----5707----pid-5476
---ebpf-pid----5707----pid-5476
---ebpf-pid----2088----pid-1
---ebpf-pid----5707----pid-1
---ebpf-pid----2088----pid-2088
---ebpf-pid----5707----pid-5707
---ebpf-pid----5707----pid-1
---ebpf-pid----5707----pid-5707
---ebpf-pid----2088----pid-1
---ebpf-pid----5707----pid-5476
---ebpf-pid----2088----pid-2088
---ebpf-pid----5707----pid-5476
---ebpf-pid----5707----pid-1
---ebpf-pid----2088----pid-1
---ebpf-pid----373029----pid-373029
---ebpf-pid----2088----pid-2088
---ebpf-pid----5707----pid-1
---ebpf-pid----5707----pid-5707
---ebpf-pid----373029----pid-5476
---ebpf-pid----2088----pid-1
---ebpf-pid----2012----pid-2012
---ebpf-pid----5707----pid-5476
---ebpf-pid----373029----pid-1
---ebpf-pid----5707----pid-5707
---ebpf-pid----2012----pid-1
---ebpf-pid----5707----pid-1
---ebpf-pid----2012----pid-2012
---ebpf-pid----5707----pid-5707
---ebpf-pid----5707----pid-5476
---ebpf-pid----2012----pid-1
---ebpf-pid----5707----pid-5476
---ebpf-pid----2012----pid-2012
---ebpf-pid----5707----pid-1
---ebpf-pid----5707----pid-5707
---ebpf-pid----5707----pid-1
---ebpf-pid----2012----pid-1
---ebpf-pid----5707----pid-5707
---ebpf-pid----2012----pid-2012
---ebpf-pid----5707----pid-5476
---ebpf-pid----5707----pid-5476
---ebpf-pid----2012----pid-1
---ebpf-pid----5707----pid-1
---ebpf-pid----2012----pid-2012
---ebpf-pid----448784----pid-448784
---ebpf-pid----5707----pid-1
---ebpf-pid----5707----pid-5707
---ebpf-pid----2012----pid-1
---ebpf-pid----448784----pid-448520
---ebpf-pid----2012----pid-2012
---ebpf-pid----5707----pid-5476
---ebpf-pid----2012----pid-1
---ebpf-pid----448784----pid-1
---ebpf-pid----2012----pid-2012
---ebpf-pid----379067----pid-379067
---ebpf-pid----5707----pid-1
---ebpf-pid----5707----pid-5707
---ebpf-pid----2012----pid-1
---ebpf-pid----379067----pid-5476
---ebpf-pid----2012----pid-2012
---ebpf-pid----5707----pid-5476
---ebpf-pid----379067----pid-1
---ebpf-pid----2012----pid-1
---ebpf-pid----379067----pid-379067
---ebpf-pid----5707----pid-1
---ebpf-pid----2012----pid-2012
---ebpf-pid----5707----pid-5707
---ebpf-pid----379067----pid-5476
---ebpf-pid----2012----pid-1
---ebpf-pid----5707----pid-5476
---ebpf-pid----2012----pid-2012
---ebpf-pid----379067----pid-1
---ebpf-pid----379067----pid-379067
---ebpf-pid----5707----pid-1
---ebpf-pid----2012----pid-1
---ebpf-pid----5707----pid-5707
---ebpf-pid----2089----pid-2089
---ebpf-pid----379067----pid-5476
---ebpf-pid----5707----pid-5476
---ebpf-pid----379067----pid-1
---ebpf-pid----2089----pid-1
---ebpf-pid----5707----pid-1
---ebpf-pid----373029----pid-373029
---ebpf-pid----2089----pid-2089
---ebpf-pid----5707----pid-5707
---ebpf-pid----373029----pid-5476
---ebpf-pid----2089----pid-1
---ebpf-pid----5707----pid-5476
---ebpf-pid----2089----pid-2089
---ebpf-pid----373029----pid-1
---ebpf-pid----5707----pid-1
---ebpf-pid----379067----pid-379067
---ebpf-pid----2089----pid-1
---ebpf-pid----5707----pid-5707
---ebpf-pid----2089----pid-2089
---ebpf-pid----379067----pid-5476
---ebpf-pid----2089----pid-1
---ebpf-pid----5707----pid-5476
---ebpf-pid----2089----pid-2089
---ebpf-pid----379067----pid-1
---ebpf-pid----5707----pid-1
---ebpf-pid----379067----pid-379067
---ebpf-pid----2089----pid-1
---ebpf-pid----5707----pid-5707
---ebpf-pid----2089----pid-2089
---ebpf-pid----379067----pid-5476
---ebpf-pid----5707----pid-5476
---ebpf-pid----2089----pid-1
---ebpf-pid----379067----pid-1
---ebpf-pid----2089----pid-2089
---ebpf-pid----5707----pid-1
---ebpf-pid----373029----pid-373029
---ebpf-pid----5707----pid-5707
---ebpf-pid----2089----pid-1
---ebpf-pid----373029----pid-5476
---ebpf-pid----2089----pid-2089
---ebpf-pid----2089----pid-1
---ebpf-pid----2089----pid-2089
---ebpf-pid----5707----pid-5476
---ebpf-pid----5707----pid-1
---ebpf-pid----5707----pid-5707
---ebpf-pid----5707----pid-5476
---ebpf-pid----5707----pid-1
---ebpf-pid----5707----pid-5707
---ebpf-pid----5707----pid-5476
---ebpf-pid----373029----pid-1
---ebpf-pid----373029----pid-373029
---ebpf-pid----5707----pid-1
---ebpf-pid----5707----pid-5707
---ebpf-pid----373029----pid-5476
---ebpf-pid----5707----pid-5476
---ebpf-pid----373029----pid-1
---ebpf-pid----5707----pid-1
---ebpf-pid----5707----pid-5707
---ebpf-pid----2010----pid-2010
---ebpf-pid----5707----pid-5476
---ebpf-pid----5707----pid-1
---ebpf-pid----2010----pid-1
---ebpf-pid----5707----pid-5707
---ebpf-pid----5707----pid-5707
---ebpf-pid----5707----pid-5476
---ebpf-pid----5707----pid-5476
---ebpf-pid----5707----pid-1
---ebpf-pid----5707----pid-5707
---ebpf-pid----5707----pid-5476
---ebpf-pid----2089----pid-1
---ebpf-pid----5707----pid-1
---ebpf-pid----2089----pid-2089
---ebpf-pid----373029----pid-373029
---ebpf-pid----2089----pid-1
---ebpf-pid----2089----pid-2089
---ebpf-pid----2089----pid-1
---ebpf-pid----373029----pid-5476
---ebpf-pid----2089----pid-2089
---ebpf-pid----373029----pid-1
---ebpf-pid----2089----pid-1
---ebpf-pid----5705----pid-5705
---ebpf-pid----2089----pid-2089
---ebpf-pid----2089----pid-1
---ebpf-pid----5705----pid-5476
---ebpf-pid----2089----pid-2089
---ebpf-pid----5705----pid-1
---ebpf-pid----5705----pid-5705
---ebpf-pid----2089----pid-1
---ebpf-pid----2089----pid-2089
---ebpf-pid----5705----pid-5476
---ebpf-pid----2089----pid-1
---ebpf-pid----2089----pid-2089
---ebpf-pid----5705----pid-1
---ebpf-pid----448784----pid-448784
---ebpf-pid----2089----pid-1
---ebpf-pid----2089----pid-2089
---ebpf-pid----448784----pid-448520
---ebpf-pid----2089----pid-1
---ebpf-pid----2089----pid-2089
---ebpf-pid----448784----pid-1
---ebpf-pid----373029----pid-373029
---ebpf-pid----2089----pid-1
---ebpf-pid----2089----pid-2089
---ebpf-pid----2089----pid-1
---ebpf-pid----2089----pid-2089
---ebpf-pid----2089----pid-1
---ebpf-pid----373029----pid-5476
---ebpf-pid----2089----pid-2089
---ebpf-pid----2089----pid-1
---ebpf-pid----2089----pid-2089
---ebpf-pid----373029----pid-1
---ebpf-pid----2089----pid-1
---ebpf-pid----379067----pid-379067
---ebpf-pid----2089----pid-2089
---ebpf-pid----2089----pid-1
---ebpf-pid----2089----pid-2089
---ebpf-pid----379067----pid-5476
---ebpf-pid----2089----pid-1
---ebpf-pid----2089----pid-2089
---ebpf-pid----2089----pid-1
---ebpf-pid----5707----pid-1
---ebpf-pid----5707----pid-5707
---ebpf-pid----379067----pid-1
---ebpf-pid----5707----pid-5476
---ebpf-pid----373029----pid-373029
---ebpf-pid----5707----pid-1
---ebpf-pid----5707----pid-5707
---ebpf-pid----5707----pid-5476
---ebpf-pid----373029----pid-5476
---ebpf-pid----5707----pid-1
---ebpf-pid----5707----pid-5707
---ebpf-pid----373029----pid-1
---ebpf-pid----5707----pid-5476
---ebpf-pid----5705----pid-5705
---ebpf-pid----5707----pid-1
---ebpf-pid----5707----pid-5707
---ebpf-pid----5707----pid-5476
---ebpf-pid----5705----pid-5476
---ebpf-pid----5707----pid-1
---ebpf-pid----5707----pid-5707
---ebpf-pid----5707----pid-5476
---ebpf-pid----5705----pid-1
---ebpf-pid----5707----pid-1
---ebpf-pid----5705----pid-5705
---ebpf-pid----5707----pid-5707
---ebpf-pid----5707----pid-5476
---ebpf-pid----5705----pid-5476
---ebpf-pid----5707----pid-1
---ebpf-pid----5707----pid-5707
---ebpf-pid----5707----pid-5476
---ebpf-pid----5705----pid-1
---ebpf-pid----5707----pid-1
---ebpf-pid----373029----pid-373029
---ebpf-pid----5707----pid-5707
---ebpf-pid----5707----pid-5476
---ebpf-pid----5707----pid-1
---ebpf-pid----5707----pid-5707
---ebpf-pid----5707----pid-5476
---ebpf-pid----373029----pid-5476
---ebpf-pid----5707----pid-1
---ebpf-pid----5707----pid-5707
---ebpf-pid----5707----pid-5476
---ebpf-pid----373029----pid-1
---ebpf-pid----5707----pid-1
---ebpf-pid----5707----pid-5707
---ebpf-pid----379067----pid-379067
---ebpf-pid----5707----pid-5476
---ebpf-pid----5707----pid-1
---ebpf-pid----379067----pid-5476
---ebpf-pid----2089----pid-2089
---ebpf-pid----2089----pid-1
---ebpf-pid----379067----pid-1
---ebpf-pid----2089----pid-2089
---ebpf-pid----379067----pid-379067
---ebpf-pid----2089----pid-1
---ebpf-pid----2089----pid-2089
---ebpf-pid----379067----pid-5476
---ebpf-pid----2089----pid-1
---ebpf-pid----2089----pid-2089
---ebpf-pid----379067----pid-1
---ebpf-pid----373029----pid-373029
---ebpf-pid----2089----pid-1
---ebpf-pid----2089----pid-2089
---ebpf-pid----373029----pid-5476
---ebpf-pid----2089----pid-1
---ebpf-pid----372881----pid-372881
---ebpf-pid----373029----pid-1
---ebpf-pid----372881----pid-1
---ebpf-pid----2089----pid-2089
---ebpf-pid----372881----pid-372881
---ebpf-pid----2089----pid-1
---ebpf-pid----372881----pid-1
---ebpf-pid----2089----pid-2089
---ebpf-pid----372881----pid-372881
---ebpf-pid----2089----pid-1
---ebpf-pid----372881----pid-1
---ebpf-pid----2089----pid-2089
---ebpf-pid----372881----pid-372881
---ebpf-pid----2089----pid-1
---ebpf-pid----379067----pid-379067
---ebpf-pid----379067----pid-5476
---ebpf-pid----379067----pid-1
---ebpf-pid----379067----pid-379067
---ebpf-pid----379067----pid-5476
---ebpf-pid----379067----pid-1
---ebpf-pid----379067----pid-379067
---ebpf-pid----379067----pid-5476
---ebpf-pid----379067----pid-1
---ebpf-pid----373029----pid-373029
---ebpf-pid----373029----pid-5476
---ebpf-pid----373029----pid-1
---ebpf-pid----12127----pid-12127
---ebpf-pid----12127----pid-1
---ebpf-pid----373029----pid-373029
---ebpf-pid----372881----pid-1
---ebpf-pid----2089----pid-2089
---ebpf-pid----373029----pid-5476
---ebpf-pid----2089----pid-1
---ebpf-pid----2089----pid-2089
---ebpf-pid----2089----pid-1
---ebpf-pid----2089----pid-2089
---ebpf-pid----2089----pid-1
---ebpf-pid----2089----pid-2089
---ebpf-pid----2089----pid-1
---ebpf-pid----2089----pid-2089
---ebpf-pid----2089----pid-1
---ebpf-pid----2089----pid-2089
---ebpf-pid----2089----pid-1
---ebpf-pid----2089----pid-2089
---ebpf-pid----2089----pid-1
---ebpf-pid----2089----pid-2089
---ebpf-pid----2089----pid-1
---ebpf-pid----2089----pid-2089
---ebpf-pid----2089----pid-1
---ebpf-pid----2089----pid-2089
---ebpf-pid----2089----pid-1
---ebpf-pid----2089----pid-2089
---ebpf-pid----372881----pid-372881
---ebpf-pid----2089----pid-1
---ebpf-pid----2089----pid-2089
---ebpf-pid----372881----pid-1
---ebpf-pid----15124----pid-15124
---ebpf-pid----2089----pid-1
---ebpf-pid----2089----pid-2089
---ebpf-pid----15124----pid-7637
---ebpf-pid----2089----pid-1
---ebpf-pid----2089----pid-2089
---ebpf-pid----15124----pid-1
---ebpf-pid----15124----pid-15124
---ebpf-pid----2089----pid-1
---ebpf-pid----2089----pid-2089
---ebpf-pid----15124----pid-7637
---ebpf-pid----2089----pid-1
---ebpf-pid----15124----pid-1
---ebpf-pid----2089----pid-2089
---ebpf-pid----15124----pid-15124
---ebpf-pid----2089----pid-1
---ebpf-pid----15124----pid-7637
---ebpf-pid----2089----pid-2089
---ebpf-pid----15124----pid-1
---ebpf-pid----2089----pid-1
---ebpf-pid----2089----pid-2089
---ebpf-pid----15124----pid-15124
---ebpf-pid----2089----pid-1
---ebpf-pid----2089----pid-2089
---ebpf-pid----15124----pid-7637
---ebpf-pid----2089----pid-1
---ebpf-pid----15124----pid-1
---ebpf-pid----2089----pid-2089
---ebpf-pid----9178----pid-9178
---ebpf-pid----2089----pid-1
---ebpf-pid----9178----pid-7637
---ebpf-pid----2089----pid-2089
---ebpf-pid----9178----pid-1
---ebpf-pid----2089----pid-1
---ebpf-pid----9178----pid-9178
---ebpf-pid----2089----pid-2089
---ebpf-pid----9178----pid-7637
---ebpf-pid----2089----pid-1
---ebpf-pid----2089----pid-2089
---ebpf-pid----9178----pid-1
---ebpf-pid----9180----pid-9180
---ebpf-pid----2089----pid-1
---ebpf-pid----2089----pid-2089
---ebpf-pid----9180----pid-7637
---ebpf-pid----2089----pid-1
---ebpf-pid----9180----pid-1
---ebpf-pid----2089----pid-2089
---ebpf-pid----9180----pid-9180
---ebpf-pid----2089----pid-1
---ebpf-pid----9180----pid-7637
---ebpf-pid----2089----pid-2089
---ebpf-pid----9180----pid-1
---ebpf-pid----2089----pid-1
---ebpf-pid----2089----pid-2089
---ebpf-pid----9180----pid-9180
---ebpf-pid----9180----pid-7637
---ebpf-pid----2089----pid-1
---ebpf-pid----2089----pid-2089
---ebpf-pid----9180----pid-1
---ebpf-pid----9180----pid-9180
---ebpf-pid----2089----pid-1
---ebpf-pid----2089----pid-2089
---ebpf-pid----9180----pid-7637
---ebpf-pid----2089----pid-1
---ebpf-pid----2089----pid-2089
---ebpf-pid----2089----pid-1
---ebpf-pid----9180----pid-1
---ebpf-pid----2089----pid-2089
---ebpf-pid----9180----pid-9180
---ebpf-pid----2089----pid-1
---ebpf-pid----9180----pid-7637
---ebpf-pid----2012----pid-2012
---ebpf-pid----9180----pid-1
---ebpf-pid----2012----pid-1
---ebpf-pid----2012----pid-2012
---ebpf-pid----9180----pid-9180
---ebpf-pid----2012----pid-1
---ebpf-pid----9180----pid-7637
---ebpf-pid----2012----pid-2012
---ebpf-pid----9180----pid-1
---ebpf-pid----2012----pid-1
---ebpf-pid----2089----pid-2089
---ebpf-pid----2012----pid-2012
---ebpf-pid----2089----pid-1
---ebpf-pid----2012----pid-1
---ebpf-pid----2089----pid-2089
---ebpf-pid----2012----pid-2012
---ebpf-pid----2089----pid-1
---ebpf-pid----2089----pid-2089
---ebpf-pid----2012----pid-1
---ebpf-pid----2012----pid-2012
---ebpf-pid----2089----pid-1
---ebpf-pid----2089----pid-2089
---ebpf-pid----2012----pid-1
---ebpf-pid----2012----pid-2012
---ebpf-pid----2089----pid-1
---ebpf-pid----2089----pid-2089
---ebpf-pid----2012----pid-1
---ebpf-pid----2012----pid-2012
---ebpf-pid----2089----pid-1
---ebpf-pid----2089----pid-2089
---ebpf-pid----2012----pid-1
---ebpf-pid----2012----pid-2012
---ebpf-pid----2089----pid-1
---ebpf-pid----2089----pid-2089
---ebpf-pid----2012----pid-1
---ebpf-pid----2012----pid-2012
---ebpf-pid----2089----pid-1
---ebpf-pid----2089----pid-2089
---ebpf-pid----2012----pid-1
---ebpf-pid----2012----pid-2012
---ebpf-pid----2089----pid-1
---ebpf-pid----2089----pid-2089
---ebpf-pid----2012----pid-1
---ebpf-pid----2012----pid-2012
---ebpf-pid----2089----pid-1
---ebpf-pid----2089----pid-2089
---ebpf-pid----2012----pid-1
---ebpf-pid----2012----pid-2012
---ebpf-pid----2089----pid-1
---ebpf-pid----373029----pid-1
---ebpf-pid----2089----pid-2089
---ebpf-pid----373029----pid-373029
---ebpf-pid----2089----pid-1
---ebpf-pid----2089----pid-2089
---ebpf-pid----373029----pid-5476
---ebpf-pid----373029----pid-1
---ebpf-pid----373029----pid-373029
---ebpf-pid----373029----pid-5476
---ebpf-pid----373029----pid-1
---ebpf-pid----373029----pid-373029
---ebpf-pid----373029----pid-5476
---ebpf-pid----2089----pid-1
---ebpf-pid----2089----pid-2089
---ebpf-pid----373029----pid-1
---ebpf-pid----448784----pid-448784
---ebpf-pid----2089----pid-1
---ebpf-pid----2089----pid-2089
---ebpf-pid----448784----pid-448520
---ebpf-pid----2089----pid-1
---ebpf-pid----2089----pid-2089
---ebpf-pid----448784----pid-1
---ebpf-pid----448784----pid-448784
---ebpf-pid----2089----pid-1
---ebpf-pid----448784----pid-448520
---ebpf-pid----2089----pid-2089
---ebpf-pid----448784----pid-1
---ebpf-pid----2089----pid-1
---ebpf-pid----7313----pid-7313
---ebpf-pid----2089----pid-2089
---ebpf-pid----2089----pid-1
---ebpf-pid----7313----pid-1
---ebpf-pid----379067----pid-379067
---ebpf-pid----2089----pid-2089
---ebpf-pid----379067----pid-5476
---ebpf-pid----2089----pid-1
---ebpf-pid----2089----pid-2089
---ebpf-pid----379067----pid-1
---ebpf-pid----379067----pid-379067
---ebpf-pid----2089----pid-1
---ebpf-pid----2089----pid-2089
---ebpf-pid----379067----pid-5476
---ebpf-pid----2089----pid-1
---ebpf-pid----2089----pid-2089
---ebpf-pid----379067----pid-1
---ebpf-pid----5705----pid-5705
---ebpf-pid----5705----pid-5476
---ebpf-pid----5705----pid-1
---ebpf-pid----5705----pid-5705
---ebpf-pid----5705----pid-5476
---ebpf-pid----2089----pid-1
---ebpf-pid----2089----pid-2089
---ebpf-pid----5705----pid-1
---ebpf-pid----2089----pid-1
---ebpf-pid----379067----pid-379067
---ebpf-pid----2089----pid-2089
---ebpf-pid----2089----pid-1
---ebpf-pid----379067----pid-5476
---ebpf-pid----2089----pid-2089
---ebpf-pid----379067----pid-1
---ebpf-pid----2089----pid-1
---ebpf-pid----379067----pid-379067
---ebpf-pid----2089----pid-2089
---ebpf-pid----379067----pid-5476
---ebpf-pid----2089----pid-1
---ebpf-pid----2089----pid-2089
---ebpf-pid----379067----pid-1
---ebpf-pid----379067----pid-379067
---ebpf-pid----2089----pid-1
---ebpf-pid----2089----pid-2089
---ebpf-pid----379067----pid-5476
---ebpf-pid----2089----pid-1
---ebpf-pid----2089----pid-2089
---ebpf-pid----2089----pid-1
---ebpf-pid----2089----pid-2089
---ebpf-pid----2089----pid-1
---ebpf-pid----2089----pid-2089
---ebpf-pid----2089----pid-1
---ebpf-pid----2089----pid-2089
---ebpf-pid----2089----pid-1
---ebpf-pid----2012----pid-1
---ebpf-pid----2089----pid-2089
---ebpf-pid----2012----pid-2012
---ebpf-pid----2089----pid-1
---ebpf-pid----2089----pid-2089
---ebpf-pid----2012----pid-1
---ebpf-pid----2012----pid-2012
---ebpf-pid----2089----pid-1
---ebpf-pid----2089----pid-2089
---ebpf-pid----2012----pid-1
---ebpf-pid----2012----pid-2012
---ebpf-pid----2089----pid-1
---ebpf-pid----2089----pid-2089
---ebpf-pid----2012----pid-1
---ebpf-pid----2012----pid-2012
---ebpf-pid----2089----pid-1
---ebpf-pid----2012----pid-1
---ebpf-pid----2089----pid-2089
---ebpf-pid----2012----pid-2012
---ebpf-pid----2089----pid-1
---ebpf-pid----2089----pid-2089
---ebpf-pid----2012----pid-1
---ebpf-pid----2089----pid-1
---ebpf-pid----2012----pid-2012
---ebpf-pid----2089----pid-2089
---ebpf-pid----2012----pid-1
---ebpf-pid----2089----pid-1
---ebpf-pid----2012----pid-2012
---ebpf-pid----2089----pid-2089
---ebpf-pid----2012----pid-1
---ebpf-pid----2089----pid-1
---ebpf-pid----2012----pid-2012
---ebpf-pid----2089----pid-2089
---ebpf-pid----2012----pid-1
---ebpf-pid----2089----pid-1
---ebpf-pid----372881----pid-372881
---ebpf-pid----2089----pid-2089
---ebpf-pid----372881----pid-1
---ebpf-pid----2089----pid-1
---ebpf-pid----372881----pid-372881
---ebpf-pid----2089----pid-2089
---ebpf-pid----372881----pid-1
---ebpf-pid----2089----pid-1
---ebpf-pid----372881----pid-372881
---ebpf-pid----2089----pid-2089
---ebpf-pid----372881----pid-1
---ebpf-pid----372881----pid-372881
---ebpf-pid----2089----pid-1
---ebpf-pid----2089----pid-2089
---ebpf-pid----372881----pid-1
---ebpf-pid----372881----pid-372881
---ebpf-pid----2089----pid-1
---ebpf-pid----2089----pid-2089
---ebpf-pid----372881----pid-1
---ebpf-pid----372881----pid-372881
---ebpf-pid----2089----pid-1
---ebpf-pid----2089----pid-2089
---ebpf-pid----372881----pid-1
---ebpf-pid----372881----pid-372881
---ebpf-pid----2089----pid-1
---ebpf-pid----2089----pid-2089
---ebpf-pid----372881----pid-1
---ebpf-pid----372881----pid-372881
---ebpf-pid----2089----pid-1
---ebpf-pid----2089----pid-2089
---ebpf-pid----372881----pid-1
---ebpf-pid----372881----pid-372881
---ebpf-pid----2089----pid-1
---ebpf-pid----2089----pid-2089
---ebpf-pid----372881----pid-1
---ebpf-pid----372881----pid-372881
---ebpf-pid----2089----pid-1
---ebpf-pid----2089----pid-2089
---ebpf-pid----372881----pid-1
---ebpf-pid----372881----pid-372881
---ebpf-pid----2089----pid-1
---ebpf-pid----2089----pid-2089
---ebpf-pid----372881----pid-1
---ebpf-pid----372881----pid-372881
---ebpf-pid----2089----pid-1
---ebpf-pid----2089----pid-2089
---ebpf-pid----372881----pid-1
---ebpf-pid----372881----pid-372881
---ebpf-pid----2089----pid-1
---ebpf-pid----2089----pid-2089
---ebpf-pid----372881----pid-1
---ebpf-pid----372881----pid-372881
---ebpf-pid----2089----pid-1
---ebpf-pid----2089----pid-2089
---ebpf-pid----372881----pid-1
---ebpf-pid----2089----pid-1
---ebpf-pid----372881----pid-372881
---ebpf-pid----2089----pid-2089
---ebpf-pid----372881----pid-1
---ebpf-pid----2089----pid-1
---ebpf-pid----372881----pid-372881
---ebpf-pid----2089----pid-2089
---ebpf-pid----372881----pid-1
---ebpf-pid----2089----pid-1
---ebpf-pid----372881----pid-372881
---ebpf-pid----2089----pid-2089
---ebpf-pid----372881----pid-1
---ebpf-pid----372881----pid-372881
---ebpf-pid----2089----pid-1
---ebpf-pid----2089----pid-2089
---ebpf-pid----2089----pid-1
---ebpf-pid----2089----pid-2089
---ebpf-pid----2089----pid-1
---ebpf-pid----2089----pid-2089
---ebpf-pid----2089----pid-1
---ebpf-pid----2089----pid-2089
---ebpf-pid----2089----pid-1
---ebpf-pid----2089----pid-2089
---ebpf-pid----372881----pid-1
---ebpf-pid----2089----pid-1
---ebpf-pid----372881----pid-372881
---ebpf-pid----2089----pid-2089
---ebpf-pid----372881----pid-1
---ebpf-pid----2089----pid-1
---ebpf-pid----372881----pid-372881
---ebpf-pid----2089----pid-2089
---ebpf-pid----372881----pid-1
---ebpf-pid----2089----pid-1
---ebpf-pid----372881----pid-372881
---ebpf-pid----2089----pid-2089
---ebpf-pid----372881----pid-1
---ebpf-pid----2089----pid-1
---ebpf-pid----372881----pid-372881
---ebpf-pid----372881----pid-1
---ebpf-pid----372881----pid-372881
---ebpf-pid----372881----pid-1
---ebpf-pid----372881----pid-372881
---ebpf-pid----372881----pid-1
---ebpf-pid----372881----pid-372881
---ebpf-pid----372881----pid-1
---ebpf-pid----372881----pid-372881
---ebpf-pid----372881----pid-1
---ebpf-pid----372881----pid-372881
---ebpf-pid----372881----pid-1
---ebpf-pid----372881----pid-372881
---ebpf-pid----372881----pid-1
---ebpf-pid----372881----pid-372881
---ebpf-pid----372881----pid-1
---ebpf-pid----372881----pid-372881
---ebpf-pid----372881----pid-1
---ebpf-pid----372881----pid-372881
---ebpf-pid----372881----pid-1
---ebpf-pid----5707----pid-5707
---ebpf-pid----5707----pid-5476
---ebpf-pid----5707----pid-1
---ebpf-pid----5707----pid-5707
---ebpf-pid----5707----pid-5476
---ebpf-pid----379067----pid-1
---ebpf-pid----5707----pid-1
---ebpf-pid----5707----pid-5707
---ebpf-pid----379067----pid-379067
---ebpf-pid----379067----pid-5476
---ebpf-pid----5707----pid-5476
---ebpf-pid----379067----pid-1
---ebpf-pid----5707----pid-1
---ebpf-pid----448784----pid-448784
---ebpf-pid----5707----pid-5707
---ebpf-pid----448784----pid-448520
---ebpf-pid----5707----pid-5476
---ebpf-pid----448784----pid-1
---ebpf-pid----5707----pid-1
---ebpf-pid----5707----pid-5707
---ebpf-pid----2010----pid-2010
---ebpf-pid----5707----pid-5476
---ebpf-pid----2010----pid-1
---ebpf-pid----448784----pid-448784
---ebpf-pid----448784----pid-448520
---ebpf-pid----5707----pid-1
---ebpf-pid----2088----pid-2088
---ebpf-pid----448784----pid-1
---ebpf-pid----5707----pid-5707
---ebpf-pid----2088----pid-1
---ebpf-pid----2088----pid-2088
---ebpf-pid----5707----pid-5476
---ebpf-pid----2088----pid-1
---ebpf-pid----2088----pid-2088
---ebpf-pid----2088----pid-1
---ebpf-pid----5705----pid-5705
---ebpf-pid----5705----pid-5476
---ebpf-pid----5705----pid-1
---ebpf-pid----5705----pid-5705
---ebpf-pid----5705----pid-5476
---ebpf-pid----5705----pid-1
---ebpf-pid----2088----pid-2088
---ebpf-pid----2088----pid-1
---ebpf-pid----2088----pid-2088
---ebpf-pid----2088----pid-1
---ebpf-pid----2088----pid-2088
---ebpf-pid----2088----pid-1
---ebpf-pid----2088----pid-2088
---ebpf-pid----2088----pid-1
---ebpf-pid----379067----pid-379067
---ebpf-pid----379067----pid-5476
---ebpf-pid----379067----pid-1
---ebpf-pid----379067----pid-379067
---ebpf-pid----379067----pid-5476
---ebpf-pid----379067----pid-1
---ebpf-pid----379067----pid-379067
---ebpf-pid----379067----pid-5476
---ebpf-pid----379067----pid-1
---ebpf-pid----379067----pid-379067
---ebpf-pid----379067----pid-5476
---ebpf-pid----379067----pid-1
---ebpf-pid----379067----pid-379067
---ebpf-pid----2089----pid-2089
---ebpf-pid----379067----pid-5476
---ebpf-pid----379067----pid-1
---ebpf-pid----2089----pid-1
---ebpf-pid----379067----pid-379067
---ebpf-pid----2089----pid-2089
---ebpf-pid----379067----pid-5476
---ebpf-pid----2089----pid-1
---ebpf-pid----2089----pid-2089
---ebpf-pid----379067----pid-1
---ebpf-pid----5707----pid-1
---ebpf-pid----5707----pid-5707
---ebpf-pid----2089----pid-1
---ebpf-pid----379067----pid-379067
---ebpf-pid----5707----pid-5476
---ebpf-pid----2089----pid-2089
---ebpf-pid----379067----pid-5476
---ebpf-pid----5707----pid-1
---ebpf-pid----2089----pid-1
---ebpf-pid----5707----pid-5707
---ebpf-pid----379067----pid-1
---ebpf-pid----2089----pid-2089
---ebpf-pid----379067----pid-379067
---ebpf-pid----5707----pid-5476
---ebpf-pid----2089----pid-1
---ebpf-pid----379067----pid-5476
---ebpf-pid----2089----pid-2089
---ebpf-pid----5707----pid-1
---ebpf-pid----379067----pid-1
---ebpf-pid----5707----pid-5707
---ebpf-pid----379067----pid-379067
---ebpf-pid----2089----pid-1
---ebpf-pid----2089----pid-2089
---ebpf-pid----379067----pid-5476
---ebpf-pid----379067----pid-1
---ebpf-pid----379067----pid-379067
---ebpf-pid----2089----pid-1
---ebpf-pid----379067----pid-5476
---ebpf-pid----2089----pid-2089
---ebpf-pid----379067----pid-1
---ebpf-pid----2089----pid-1
---ebpf-pid----379067----pid-379067
---ebpf-pid----2089----pid-2089
---ebpf-pid----379067----pid-5476
---ebpf-pid----2089----pid-1
---ebpf-pid----2089----pid-2089
---ebpf-pid----379067----pid-1
---ebpf-pid----379067----pid-379067
---ebpf-pid----2089----pid-1
---ebpf-pid----2089----pid-2089
---ebpf-pid----379067----pid-5476
---ebpf-pid----2089----pid-1
---ebpf-pid----379067----pid-1
---ebpf-pid----2089----pid-2089
---ebpf-pid----379067----pid-379067
---ebpf-pid----2089----pid-1
---ebpf-pid----379067----pid-5476
---ebpf-pid----2089----pid-2089
---ebpf-pid----379067----pid-1
---ebpf-pid----2089----pid-1
---ebpf-pid----379067----pid-379067
---ebpf-pid----2089----pid-2089
---ebpf-pid----379067----pid-5476
---ebpf-pid----2089----pid-1
---ebpf-pid----2089----pid-2089
---ebpf-pid----379067----pid-1
---ebpf-pid----379067----pid-379067
---ebpf-pid----2089----pid-1
---ebpf-pid----2089----pid-2089
---ebpf-pid----379067----pid-5476
---ebpf-pid----2089----pid-1
---ebpf-pid----2089----pid-2089
---ebpf-pid----379067----pid-1
---ebpf-pid----5707----pid-5707
---ebpf-pid----2089----pid-1
---ebpf-pid----2089----pid-2089
---ebpf-pid----5707----pid-5476
---ebpf-pid----2089----pid-1
---ebpf-pid----5707----pid-1
---ebpf-pid----2089----pid-2089
---ebpf-pid----5707----pid-5707
---ebpf-pid----2089----pid-1
---ebpf-pid----2089----pid-2089
---ebpf-pid----5707----pid-5476
---ebpf-pid----5707----pid-1
---ebpf-pid----5707----pid-5707
---ebpf-pid----5707----pid-5476
---ebpf-pid----5707----pid-1
---ebpf-pid----5707----pid-5707
---ebpf-pid----5707----pid-5476
---ebpf-pid----5707----pid-5476
---ebpf-pid----5707----pid-1
---ebpf-pid----5707----pid-5707
---ebpf-pid----5707----pid-1
---ebpf-pid----5707----pid-5476
---ebpf-pid----448784----pid-448784
---ebpf-pid----5707----pid-1
---ebpf-pid----5707----pid-5707
---ebpf-pid----448784----pid-448520
---ebpf-pid----5707----pid-5476
---ebpf-pid----448784----pid-1
---ebpf-pid----5707----pid-1
---ebpf-pid----448784----pid-448784
---ebpf-pid----5707----pid-5707
---ebpf-pid----2089----pid-1
---ebpf-pid----448784----pid-448520
---ebpf-pid----2089----pid-2089
---ebpf-pid----2089----pid-1
---ebpf-pid----2089----pid-2089
---ebpf-pid----2089----pid-1
---ebpf-pid----2089----pid-2089
---ebpf-pid----2089----pid-1
---ebpf-pid----2089----pid-2089
---ebpf-pid----2089----pid-1
---ebpf-pid----2089----pid-2089
---ebpf-pid----2089----pid-1
---ebpf-pid----2089----pid-2089
---ebpf-pid----2089----pid-1
---ebpf-pid----448784----pid-1
---ebpf-pid----2089----pid-2089
---ebpf-pid----2089----pid-2089
---ebpf-pid----2089----pid-1
---ebpf-pid----2089----pid-2089
---ebpf-pid----2089----pid-1
---ebpf-pid----5705----pid-5705
---ebpf-pid----2089----pid-1
---ebpf-pid----2089----pid-2089
---ebpf-pid----5705----pid-5476
---ebpf-pid----2089----pid-1
---ebpf-pid----2089----pid-2089
---ebpf-pid----5705----pid-1
---ebpf-pid----2089----pid-1
---ebpf-pid----2089----pid-2089
---ebpf-pid----5705----pid-5705
---ebpf-pid----2089----pid-1
---ebpf-pid----5705----pid-5476
---ebpf-pid----2089----pid-2089
---ebpf-pid----5705----pid-1
---ebpf-pid----2089----pid-1
---ebpf-pid----5705----pid-5705
---ebpf-pid----2089----pid-2089
---ebpf-pid----5705----pid-5476
---ebpf-pid----2089----pid-1
---ebpf-pid----2089----pid-2089
---ebpf-pid----5705----pid-1
---ebpf-pid----5705----pid-5705
---ebpf-pid----2089----pid-1
---ebpf-pid----2089----pid-2089
---ebpf-pid----5705----pid-5476
---ebpf-pid----2089----pid-1
---ebpf-pid----2089----pid-2089
---ebpf-pid----5705----pid-1
---ebpf-pid----5705----pid-5705
---ebpf-pid----2089----pid-1
---ebpf-pid----2089----pid-2089
---ebpf-pid----5705----pid-5476
---ebpf-pid----2089----pid-1
---ebpf-pid----2089----pid-2089
---ebpf-pid----5705----pid-1
---ebpf-pid----5705----pid-5705
---ebpf-pid----2089----pid-1
---ebpf-pid----2089----pid-2089
---ebpf-pid----5705----pid-5476
---ebpf-pid----2089----pid-1
---ebpf-pid----5705----pid-1
---ebpf-pid----2089----pid-2089
---ebpf-pid----5705----pid-5705
---ebpf-pid----2089----pid-1
---ebpf-pid----5705----pid-5476
---ebpf-pid----2089----pid-2089
---ebpf-pid----5705----pid-1
---ebpf-pid----2089----pid-1
---ebpf-pid----5705----pid-5705
---ebpf-pid----2089----pid-2089
---ebpf-pid----5705----pid-5476
---ebpf-pid----2089----pid-1
---ebpf-pid----2089----pid-2089
---ebpf-pid----2089----pid-1
---ebpf-pid----2089----pid-2089
---ebpf-pid----2089----pid-1
---ebpf-pid----2089----pid-2089
---ebpf-pid----5705----pid-1
---ebpf-pid----2089----pid-1
---ebpf-pid----5705----pid-5705
---ebpf-pid----2089----pid-2089
---ebpf-pid----5705----pid-5476
---ebpf-pid----2089----pid-1
---ebpf-pid----2089----pid-2089
---ebpf-pid----2089----pid-1
---ebpf-pid----2089----pid-2089
---ebpf-pid----5705----pid-1
---ebpf-pid----2089----pid-1
---ebpf-pid----2089----pid-2089
---ebpf-pid----5705----pid-5705
---ebpf-pid----2089----pid-1
---ebpf-pid----2089----pid-2089
---ebpf-pid----5705----pid-5476
---ebpf-pid----2089----pid-1
---ebpf-pid----2089----pid-2089
---ebpf-pid----2089----pid-1
---ebpf-pid----2089----pid-2089
---ebpf-pid----2089----pid-1
---ebpf-pid----2089----pid-2089
---ebpf-pid----5705----pid-1
---ebpf-pid----5705----pid-5705
---ebpf-pid----2089----pid-1
---ebpf-pid----2089----pid-2089
---ebpf-pid----2089----pid-1
---ebpf-pid----5705----pid-5476
---ebpf-pid----2089----pid-2089
---ebpf-pid----5705----pid-1
---ebpf-pid----5705----pid-5705
---ebpf-pid----2089----pid-1
---ebpf-pid----2089----pid-2089
---ebpf-pid----5705----pid-5476
---ebpf-pid----2089----pid-1
---ebpf-pid----5705----pid-1
---ebpf-pid----5705----pid-5705
---ebpf-pid----2089----pid-2089
---ebpf-pid----5705----pid-5476
---ebpf-pid----5705----pid-1
---ebpf-pid----5705----pid-5705
---ebpf-pid----5707----pid-5476
---ebpf-pid----5705----pid-5476
---ebpf-pid----5705----pid-1
---ebpf-pid----5707----pid-1
---ebpf-pid----5705----pid-5705
---ebpf-pid----5707----pid-5707
---ebpf-pid----5705----pid-5476
---ebpf-pid----5707----pid-5476
---ebpf-pid----5705----pid-1
---ebpf-pid----2089----pid-1
---ebpf-pid----5707----pid-1
---ebpf-pid----5705----pid-5705
---ebpf-pid----5707----pid-5707
---ebpf-pid----5705----pid-5476
---ebpf-pid----5707----pid-5476
---ebpf-pid----5705----pid-1
---ebpf-pid----5705----pid-5705
---ebpf-pid----5707----pid-1
---ebpf-pid----2012----pid-2012
---ebpf-pid----5705----pid-5476
---ebpf-pid----2012----pid-1
---ebpf-pid----5705----pid-1
---ebpf-pid----5705----pid-5705
---ebpf-pid----2012----pid-2012
---ebpf-pid----2012----pid-1
---ebpf-pid----5705----pid-5476
---ebpf-pid----373029----pid-373029
---ebpf-pid----5705----pid-1
---ebpf-pid----5705----pid-5705
---ebpf-pid----373029----pid-5476
---ebpf-pid----5705----pid-5476
---ebpf-pid----373029----pid-1
---ebpf-pid----373029----pid-373029
---ebpf-pid----5705----pid-1
---ebpf-pid----5705----pid-5705
---ebpf-pid----373029----pid-5476
---ebpf-pid----5705----pid-5476
---ebpf-pid----373029----pid-1
---ebpf-pid----5705----pid-1
---ebpf-pid----2012----pid-2012
---ebpf-pid----5705----pid-5705
---ebpf-pid----2012----pid-1
---ebpf-pid----5705----pid-5476
---ebpf-pid----2012----pid-2012
---ebpf-pid----5705----pid-1
---ebpf-pid----5705----pid-5705
---ebpf-pid----2012----pid-1
---ebpf-pid----2012----pid-2012
---ebpf-pid----5705----pid-5476
---ebpf-pid----2012----pid-1
---ebpf-pid----5705----pid-1
---ebpf-pid----5705----pid-5705
---ebpf-pid----2012----pid-2012
---ebpf-pid----5705----pid-5476
---ebpf-pid----2012----pid-1
---ebpf-pid----2012----pid-2012
---ebpf-pid----5705----pid-1
---ebpf-pid----5705----pid-5705
---ebpf-pid----2012----pid-1
---ebpf-pid----2012----pid-2012
---ebpf-pid----5705----pid-5476
---ebpf-pid----2012----pid-1
---ebpf-pid----5705----pid-1
---ebpf-pid----5705----pid-5705
---ebpf-pid----2012----pid-2012
---ebpf-pid----5705----pid-5476
---ebpf-pid----2012----pid-1
---ebpf-pid----2012----pid-2012
---ebpf-pid----5705----pid-1
---ebpf-pid----5705----pid-5705
---ebpf-pid----2012----pid-1
---ebpf-pid----2012----pid-2012
---ebpf-pid----5705----pid-5476
---ebpf-pid----5705----pid-1
---ebpf-pid----2012----pid-1
---ebpf-pid----5705----pid-5705
---ebpf-pid----2012----pid-2012
---ebpf-pid----5705----pid-5476
---ebpf-pid----2012----pid-1
---ebpf-pid----373029----pid-373029
---ebpf-pid----5705----pid-1
---ebpf-pid----5705----pid-5705
---ebpf-pid----373029----pid-5476
---ebpf-pid----5705----pid-5476
---ebpf-pid----373029----pid-1
---ebpf-pid----5705----pid-1
---ebpf-pid----373029----pid-373029
---ebpf-pid----5705----pid-5705
---ebpf-pid----373029----pid-5476
---ebpf-pid----5705----pid-5476
---ebpf-pid----5705----pid-1
---ebpf-pid----5705----pid-5705
---ebpf-pid----5705----pid-5476
---ebpf-pid----5705----pid-1
---ebpf-pid----5705----pid-5705
---ebpf-pid----5705----pid-5476
---ebpf-pid----5705----pid-1
---ebpf-pid----5705----pid-5705
---ebpf-pid----5705----pid-5476
---ebpf-pid----5705----pid-1
---ebpf-pid----5705----pid-5705
---ebpf-pid----5705----pid-5476
---ebpf-pid----5705----pid-1
---ebpf-pid----5705----pid-5705
---ebpf-pid----373029----pid-1
---ebpf-pid----2089----pid-2089
---ebpf-pid----2089----pid-1
---ebpf-pid----5705----pid-5476
---ebpf-pid----2089----pid-2089
---ebpf-pid----5705----pid-1
---ebpf-pid----2089----pid-1
---ebpf-pid----5705----pid-5705
---ebpf-pid----2089----pid-2089
---ebpf-pid----5705----pid-5476
---ebpf-pid----5705----pid-1
---ebpf-pid----2089----pid-1
---ebpf-pid----448785----pid-448785
---ebpf-pid----2089----pid-2089
---ebpf-pid----2089----pid-1
---ebpf-pid----448785----pid-448520
---ebpf-pid----2089----pid-2089
---ebpf-pid----448785----pid-1
---ebpf-pid----2089----pid-1
---ebpf-pid----448785----pid-448785
---ebpf-pid----2089----pid-2089
---ebpf-pid----448785----pid-448520
---ebpf-pid----2089----pid-1
---ebpf-pid----2089----pid-2089
---ebpf-pid----448785----pid-1
---ebpf-pid----448785----pid-448785
---ebpf-pid----2089----pid-1
---ebpf-pid----2089----pid-2089
---ebpf-pid----448785----pid-448520
---ebpf-pid----2089----pid-1
---ebpf-pid----448785----pid-1
---ebpf-pid----2089----pid-2089
---ebpf-pid----448785----pid-448785
---ebpf-pid----448785----pid-448520
---ebpf-pid----2089----pid-1
---ebpf-pid----2089----pid-2089
---ebpf-pid----448785----pid-1
---ebpf-pid----448785----pid-448785
---ebpf-pid----2089----pid-1
---ebpf-pid----2089----pid-2089
---ebpf-pid----448785----pid-448520
---ebpf-pid----448785----pid-1
---ebpf-pid----2089----pid-1
---ebpf-pid----448785----pid-448785
---ebpf-pid----2089----pid-2089
---ebpf-pid----448785----pid-448520
---ebpf-pid----2089----pid-1
---ebpf-pid----2089----pid-2089
---ebpf-pid----448785----pid-1
---ebpf-pid----448785----pid-448785
---ebpf-pid----448785----pid-448520
---ebpf-pid----448785----pid-1
---ebpf-pid----448522----pid-448522
---ebpf-pid----448522----pid-1
---ebpf-pid----448785----pid-448785
---ebpf-pid----448785----pid-448520
---ebpf-pid----448785----pid-1
---ebpf-pid----448785----pid-448785
---ebpf-pid----448785----pid-448520
---ebpf-pid----448785----pid-1
---ebpf-pid----5705----pid-5705
---ebpf-pid----5705----pid-5476
---ebpf-pid----2089----pid-2089
---ebpf-pid----2089----pid-1
---ebpf-pid----2089----pid-2089
---ebpf-pid----2089----pid-1
---ebpf-pid----2089----pid-2089
---ebpf-pid----2089----pid-1
---ebpf-pid----2089----pid-2089
---ebpf-pid----2089----pid-1
---ebpf-pid----2089----pid-2089
---ebpf-pid----5705----pid-1
---ebpf-pid----2089----pid-1
---ebpf-pid----5705----pid-5705
---ebpf-pid----2089----pid-2089
---ebpf-pid----5705----pid-5476
---ebpf-pid----2089----pid-1
---ebpf-pid----5705----pid-1
---ebpf-pid----5705----pid-5705
---ebpf-pid----2089----pid-2089
---ebpf-pid----5705----pid-5476
---ebpf-pid----2089----pid-1
---ebpf-pid----5705----pid-1
---ebpf-pid----2089----pid-2089
---ebpf-pid----5705----pid-5705
---ebpf-pid----2089----pid-1
---ebpf-pid----2089----pid-2089
---ebpf-pid----2089----pid-1
---ebpf-pid----2089----pid-1
---ebpf-pid----2089----pid-2089
---ebpf-pid----2089----pid-2089
---ebpf-pid----2089----pid-1
---ebpf-pid----2089----pid-1
---ebpf-pid----2089----pid-2089
---ebpf-pid----2089----pid-2089
---ebpf-pid----2089----pid-1
---ebpf-pid----2089----pid-1
---ebpf-pid----2089----pid-2089
---ebpf-pid----2089----pid-1
---ebpf-pid----2089----pid-2089
---ebpf-pid----2089----pid-1
---ebpf-pid----2089----pid-2089
---ebpf-pid----2089----pid-2089
---ebpf-pid----2089----pid-1
---ebpf-pid----2089----pid-1
---ebpf-pid----2089----pid-2089
---ebpf-pid----2089----pid-2089
---ebpf-pid----2089----pid-1
---ebpf-pid----2089----pid-1
---ebpf-pid----2089----pid-2089
---ebpf-pid----2089----pid-2089
---ebpf-pid----2089----pid-1
---ebpf-pid----2089----pid-1
---ebpf-pid----5707----pid-5707
---ebpf-pid----2089----pid-2089
---ebpf-pid----5707----pid-5476
---ebpf-pid----2089----pid-1
---ebpf-pid----2089----pid-2089
---ebpf-pid----2089----pid-1
---ebpf-pid----2089----pid-2089
---ebpf-pid----5707----pid-1
---ebpf-pid----5707----pid-5707
---ebpf-pid----2089----pid-1
---ebpf-pid----5707----pid-5476
---ebpf-pid----2089----pid-2089
---ebpf-pid----5707----pid-1
---ebpf-pid----5707----pid-5707
---ebpf-pid----2089----pid-1
---ebpf-pid----2089----pid-2089
---ebpf-pid----5707----pid-5476
---ebpf-pid----2089----pid-1
---ebpf-pid----5707----pid-1
---ebpf-pid----2089----pid-2089
---ebpf-pid----372881----pid-372881
---ebpf-pid----372881----pid-1
---ebpf-pid----2089----pid-1
---ebpf-pid----372881----pid-372881
---ebpf-pid----2089----pid-2089
---ebpf-pid----372881----pid-1
---ebpf-pid----2089----pid-1
---ebpf-pid----372881----pid-372881
---ebpf-pid----2089----pid-2089
---ebpf-pid----372881----pid-1
---ebpf-pid----372881----pid-372881
---ebpf-pid----2089----pid-1
---ebpf-pid----2089----pid-2089
---ebpf-pid----372881----pid-1
---ebpf-pid----372881----pid-372881
---ebpf-pid----2089----pid-1
---ebpf-pid----2089----pid-2089
---ebpf-pid----372881----pid-1
---ebpf-pid----372881----pid-372881
---ebpf-pid----372881----pid-1
---ebpf-pid----372881----pid-372881
---ebpf-pid----372881----pid-1
---ebpf-pid----372881----pid-372881
---ebpf-pid----372881----pid-1
---ebpf-pid----372881----pid-372881
---ebpf-pid----5705----pid-5476
---ebpf-pid----372881----pid-1
---ebpf-pid----372881----pid-372881
---ebpf-pid----5705----pid-1
---ebpf-pid----372881----pid-1
---ebpf-pid----372881----pid-372881
---ebpf-pid----5705----pid-5705
---ebpf-pid----372881----pid-1
---ebpf-pid----5705----pid-5476
---ebpf-pid----372881----pid-372881
---ebpf-pid----372881----pid-1
---ebpf-pid----5705----pid-1
---ebpf-pid----372881----pid-372881
---ebpf-pid----5705----pid-5705
---ebpf-pid----372881----pid-1
---ebpf-pid----5705----pid-5476
---ebpf-pid----372881----pid-372881
---ebpf-pid----5705----pid-1
---ebpf-pid----372881----pid-1
---ebpf-pid----379067----pid-379067
---ebpf-pid----372881----pid-372881
---ebpf-pid----379067----pid-5476
---ebpf-pid----372881----pid-1
---ebpf-pid----372881----pid-372881
---ebpf-pid----379067----pid-1
---ebpf-pid----379067----pid-379067
---ebpf-pid----372881----pid-1
---ebpf-pid----372881----pid-372881
---ebpf-pid----379067----pid-5476
---ebpf-pid----372881----pid-1
---ebpf-pid----372881----pid-372881
---ebpf-pid----379067----pid-1
---ebpf-pid----372881----pid-1
---ebpf-pid----379067----pid-379067
---ebpf-pid----372881----pid-372881
---ebpf-pid----379067----pid-5476
---ebpf-pid----372881----pid-1
---ebpf-pid----372881----pid-372881
---ebpf-pid----379067----pid-1
---ebpf-pid----372881----pid-1
---ebpf-pid----372881----pid-372881
---ebpf-pid----379067----pid-379067
---ebpf-pid----372881----pid-1
---ebpf-pid----372881----pid-372881
---ebpf-pid----379067----pid-5476
---ebpf-pid----372881----pid-1
---ebpf-pid----379067----pid-1
---ebpf-pid----372881----pid-372881
---ebpf-pid----372881----pid-1
---ebpf-pid----372881----pid-372881
---ebpf-pid----372881----pid-1
---ebpf-pid----372881----pid-372881
---ebpf-pid----372881----pid-1
---ebpf-pid----372881----pid-372881
---ebpf-pid----372881----pid-1
---ebpf-pid----372881----pid-372881
---ebpf-pid----379067----pid-379067
---ebpf-pid----372881----pid-1
---ebpf-pid----372881----pid-372881
---ebpf-pid----379067----pid-5476
---ebpf-pid----379067----pid-1
---ebpf-pid----372881----pid-1
---ebpf-pid----379067----pid-379067
---ebpf-pid----372881----pid-372881
---ebpf-pid----372881----pid-1
---ebpf-pid----372881----pid-372881
---ebpf-pid----379067----pid-5476
---ebpf-pid----379067----pid-1
---ebpf-pid----379067----pid-379067
---ebpf-pid----372881----pid-1
---ebpf-pid----372881----pid-372881
---ebpf-pid----379067----pid-5476
---ebpf-pid----372881----pid-1
---ebpf-pid----379067----pid-1
---ebpf-pid----372881----pid-372881
---ebpf-pid----379067----pid-379067
---ebpf-pid----372881----pid-1
---ebpf-pid----379067----pid-5476
---ebpf-pid----372881----pid-372881
---ebpf-pid----379067----pid-1
---ebpf-pid----372881----pid-1
---ebpf-pid----379067----pid-379067
---ebpf-pid----372881----pid-372881
---ebpf-pid----372881----pid-1
---ebpf-pid----372881----pid-372881
---ebpf-pid----372881----pid-1
---ebpf-pid----372881----pid-372881
---ebpf-pid----372881----pid-1
---ebpf-pid----2089----pid-1
---ebpf-pid----2089----pid-2089
---ebpf-pid----2089----pid-1
---ebpf-pid----379067----pid-5476
---ebpf-pid----2089----pid-2089
---ebpf-pid----379067----pid-1
---ebpf-pid----379067----pid-379067
---ebpf-pid----2089----pid-1
---ebpf-pid----2089----pid-2089
---ebpf-pid----2089----pid-1
---ebpf-pid----2089----pid-2089
---ebpf-pid----2089----pid-1
---ebpf-pid----2089----pid-2089
---ebpf-pid----2089----pid-1
---ebpf-pid----2089----pid-2089
---ebpf-pid----2089----pid-1
---ebpf-pid----2089----pid-2089
---ebpf-pid----2089----pid-1
---ebpf-pid----2089----pid-2089
---ebpf-pid----2089----pid-1
---ebpf-pid----2089----pid-2089
---ebpf-pid----2089----pid-1
---ebpf-pid----2089----pid-2089
---ebpf-pid----2089----pid-1
---ebpf-pid----2089----pid-2089
---ebpf-pid----2089----pid-1
---ebpf-pid----2089----pid-2089
---ebpf-pid----2089----pid-1
---ebpf-pid----2089----pid-2089
---ebpf-pid----2089----pid-1
---ebpf-pid----2089----pid-2089
---ebpf-pid----379067----pid-5476
---ebpf-pid----2089----pid-1
---ebpf-pid----2089----pid-2089
---ebpf-pid----379067----pid-1
---ebpf-pid----2089----pid-1
---ebpf-pid----2089----pid-2089
---ebpf-pid----379067----pid-379067
---ebpf-pid----2089----pid-1
---ebpf-pid----2089----pid-2089
---ebpf-pid----2089----pid-1
---ebpf-pid----2089----pid-2089
---ebpf-pid----379067----pid-5476
---ebpf-pid----2089----pid-1
---ebpf-pid----2089----pid-2089
---ebpf-pid----2089----pid-1
---ebpf-pid----379067----pid-1
---ebpf-pid----372881----pid-372881
---ebpf-pid----379067----pid-379067
---ebpf-pid----372881----pid-1
---ebpf-pid----372881----pid-372881
---ebpf-pid----379067----pid-5476
---ebpf-pid----372881----pid-1
---ebpf-pid----372881----pid-372881
---ebpf-pid----379067----pid-1
---ebpf-pid----372881----pid-1
---ebpf-pid----372881----pid-372881
---ebpf-pid----372881----pid-1
---ebpf-pid----372881----pid-372881
---ebpf-pid----372881----pid-1
---ebpf-pid----372881----pid-372881
---ebpf-pid----372881----pid-1
---ebpf-pid----372881----pid-372881
---ebpf-pid----372881----pid-1
---ebpf-pid----372881----pid-372881
---ebpf-pid----372881----pid-1
---ebpf-pid----372881----pid-372881
---ebpf-pid----379067----pid-379067
---ebpf-pid----372881----pid-1
---ebpf-pid----372881----pid-372881
---ebpf-pid----379067----pid-5476
---ebpf-pid----372881----pid-1
---ebpf-pid----379067----pid-1
---ebpf-pid----372881----pid-372881
---ebpf-pid----379067----pid-379067
---ebpf-pid----372881----pid-1
---ebpf-pid----372881----pid-372881
---ebpf-pid----372881----pid-1
---ebpf-pid----372881----pid-372881
---ebpf-pid----372881----pid-1
---ebpf-pid----372881----pid-372881
---ebpf-pid----372881----pid-1
---ebpf-pid----372881----pid-372881
---ebpf-pid----2089----pid-2089
---ebpf-pid----372881----pid-1
---ebpf-pid----2089----pid-1
---ebpf-pid----372881----pid-372881
---ebpf-pid----5705----pid-5705
---ebpf-pid----372881----pid-1
---ebpf-pid----5705----pid-5476
---ebpf-pid----372881----pid-372881
---ebpf-pid----5705----pid-1
---ebpf-pid----372881----pid-1
---ebpf-pid----5705----pid-5705
---ebpf-pid----372881----pid-372881
---ebpf-pid----5705----pid-5476
---ebpf-pid----372881----pid-1
---ebpf-pid----372881----pid-372881
---ebpf-pid----5705----pid-1
---ebpf-pid----372881----pid-1
---ebpf-pid----5705----pid-5705
---ebpf-pid----372881----pid-372881
---ebpf-pid----5705----pid-5476
---ebpf-pid----5705----pid-1
---ebpf-pid----2089----pid-2089
---ebpf-pid----379067----pid-5476
---ebpf-pid----379067----pid-1
---ebpf-pid----379067----pid-379067
---ebpf-pid----379067----pid-5476
---ebpf-pid----379067----pid-1
---ebpf-pid----379067----pid-379067
---ebpf-pid----379067----pid-5476
---ebpf-pid----372881----pid-1
---ebpf-pid----372881----pid-372881
---ebpf-pid----372881----pid-1
---ebpf-pid----379067----pid-1
---ebpf-pid----372881----pid-372881
---ebpf-pid----379067----pid-379067
---ebpf-pid----379067----pid-5476
---ebpf-pid----372881----pid-1
---ebpf-pid----372881----pid-372881
---ebpf-pid----379067----pid-1
---ebpf-pid----379067----pid-379067
---ebpf-pid----372881----pid-1
---ebpf-pid----5707----pid-5707
---ebpf-pid----379067----pid-5476
---ebpf-pid----5707----pid-5476
---ebpf-pid----5707----pid-1
---ebpf-pid----379067----pid-1
---ebpf-pid----5707----pid-5707
---ebpf-pid----379067----pid-379067
---ebpf-pid----5707----pid-5476
---ebpf-pid----379067----pid-5476
---ebpf-pid----5707----pid-1
---ebpf-pid----379067----pid-1
---ebpf-pid----5707----pid-5707
---ebpf-pid----379067----pid-379067
---ebpf-pid----379067----pid-5476
---ebpf-pid----5707----pid-5476
---ebpf-pid----5707----pid-1
---ebpf-pid----372881----pid-372881
---ebpf-pid----379067----pid-1
---ebpf-pid----379067----pid-379067
---ebpf-pid----372881----pid-1
---ebpf-pid----372881----pid-372881
---ebpf-pid----379067----pid-5476
---ebpf-pid----372881----pid-1
---ebpf-pid----379067----pid-1
---ebpf-pid----372881----pid-372881
---ebpf-pid----5705----pid-5705
---ebpf-pid----372881----pid-1
---ebpf-pid----372881----pid-372881
---ebpf-pid----5705----pid-5476
---ebpf-pid----5705----pid-1
---ebpf-pid----379067----pid-379067
---ebpf-pid----379067----pid-5476
---ebpf-pid----379067----pid-1
---ebpf-pid----379067----pid-379067
---ebpf-pid----379067----pid-5476
---ebpf-pid----379067----pid-1
---ebpf-pid----448785----pid-448785
---ebpf-pid----448785----pid-448520
---ebpf-pid----448785----pid-1
---ebpf-pid----2089----pid-2089
---ebpf-pid----2089----pid-1
---ebpf-pid----2089----pid-2089
---ebpf-pid----2089----pid-1
---ebpf-pid----2089----pid-2089
---ebpf-pid----2089----pid-1
---ebpf-pid----2089----pid-2089
---ebpf-pid----2089----pid-1
---ebpf-pid----2089----pid-2089
---ebpf-pid----2089----pid-1
---ebpf-pid----2089----pid-2089
---ebpf-pid----2089----pid-1
---ebpf-pid----2089----pid-2089
---ebpf-pid----2089----pid-1
---ebpf-pid----2089----pid-2089
---ebpf-pid----2089----pid-1
---ebpf-pid----2089----pid-2089
---ebpf-pid----2089----pid-1
---ebpf-pid----2089----pid-2089
---ebpf-pid----2089----pid-1
---ebpf-pid----2088----pid-2088
---ebpf-pid----2088----pid-1
---ebpf-pid----2088----pid-2088
---ebpf-pid----2088----pid-1
---ebpf-pid----2088----pid-2088
---ebpf-pid----372881----pid-1
---ebpf-pid----2088----pid-1
---ebpf-pid----2088----pid-2088
---ebpf-pid----372881----pid-372881
---ebpf-pid----2088----pid-1
---ebpf-pid----2088----pid-2088
---ebpf-pid----372881----pid-1
---ebpf-pid----2088----pid-1
---ebpf-pid----372881----pid-372881
---ebpf-pid----2088----pid-2088
---ebpf-pid----372881----pid-1
---ebpf-pid----2088----pid-1
---ebpf-pid----2088----pid-2088
---ebpf-pid----372881----pid-372881
---ebpf-pid----2088----pid-1
---ebpf-pid----372881----pid-1
---ebpf-pid----2088----pid-2088
---ebpf-pid----372881----pid-372881
---ebpf-pid----2088----pid-1
---ebpf-pid----2088----pid-2088
---ebpf-pid----372881----pid-1
---ebpf-pid----372881----pid-372881
---ebpf-pid----2088----pid-1
---ebpf-pid----2088----pid-2088
---ebpf-pid----372881----pid-1
---ebpf-pid----2088----pid-1
---ebpf-pid----372881----pid-372881
---ebpf-pid----2088----pid-2088
---ebpf-pid----372881----pid-1
---ebpf-pid----2088----pid-1
---ebpf-pid----372881----pid-372881
---ebpf-pid----2088----pid-2088
---ebpf-pid----2088----pid-1
---ebpf-pid----372881----pid-1
---ebpf-pid----2088----pid-2088
---ebpf-pid----372881----pid-372881
---ebpf-pid----372881----pid-1
---ebpf-pid----372881----pid-372881
---ebpf-pid----372881----pid-1
---ebpf-pid----2088----pid-1
---ebpf-pid----372881----pid-372881
---ebpf-pid----2088----pid-2088
---ebpf-pid----372881----pid-1
---ebpf-pid----2088----pid-1
---ebpf-pid----372881----pid-372881
---ebpf-pid----2088----pid-2088
---ebpf-pid----2088----pid-1
---ebpf-pid----372881----pid-1
---ebpf-pid----2088----pid-2088
---ebpf-pid----372881----pid-372881
---ebpf-pid----2088----pid-1
---ebpf-pid----372881----pid-1
---ebpf-pid----2088----pid-2088
---ebpf-pid----372881----pid-372881
---ebpf-pid----372881----pid-1
---ebpf-pid----372881----pid-372881
---ebpf-pid----2088----pid-1
---ebpf-pid----2088----pid-2088
---ebpf-pid----372881----pid-1
---ebpf-pid----372881----pid-372881
---ebpf-pid----2088----pid-1
---ebpf-pid----2088----pid-2088
---ebpf-pid----2088----pid-1
---ebpf-pid----2088----pid-2088
---ebpf-pid----372881----pid-1
---ebpf-pid----372881----pid-372881
---ebpf-pid----2088----pid-1
---ebpf-pid----448785----pid-448785
---ebpf-pid----372881----pid-1
---ebpf-pid----448785----pid-448520
---ebpf-pid----448785----pid-1
---ebpf-pid----372881----pid-372881
---ebpf-pid----448785----pid-448785
---ebpf-pid----448785----pid-448520
---ebpf-pid----372881----pid-1
---ebpf-pid----372881----pid-372881
---ebpf-pid----448785----pid-1
---ebpf-pid----448785----pid-448785
---ebpf-pid----372881----pid-1
---ebpf-pid----448785----pid-448520
---ebpf-pid----372881----pid-372881
---ebpf-pid----448785----pid-1
---ebpf-pid----372881----pid-1
---ebpf-pid----448785----pid-448785
---ebpf-pid----372881----pid-372881
---ebpf-pid----448785----pid-448520
---ebpf-pid----372881----pid-1
---ebpf-pid----372881----pid-372881
---ebpf-pid----448785----pid-1
---ebpf-pid----14----pid-14
---ebpf-pid----372881----pid-1
---ebpf-pid----14----pid-2
---ebpf-pid----372881----pid-372881
---ebpf-pid----448785----pid-448785
---ebpf-pid----372881----pid-1
---ebpf-pid----372881----pid-372881
---ebpf-pid----448785----pid-448520
---ebpf-pid----372881----pid-1
---ebpf-pid----448785----pid-1
---ebpf-pid----372881----pid-372881
---ebpf-pid----448785----pid-448785
---ebpf-pid----448785----pid-448520
---ebpf-pid----372881----pid-1
---ebpf-pid----372881----pid-372881
---ebpf-pid----448785----pid-1
---ebpf-pid----448785----pid-448785
---ebpf-pid----372881----pid-1
---ebpf-pid----372881----pid-372881
---ebpf-pid----448785----pid-448520
---ebpf-pid----448785----pid-1
---ebpf-pid----372881----pid-1
---ebpf-pid----5705----pid-5705
---ebpf-pid----372881----pid-372881
---ebpf-pid----5705----pid-5476
---ebpf-pid----372881----pid-1
---ebpf-pid----372881----pid-372881
---ebpf-pid----5705----pid-1
---ebpf-pid----5705----pid-5705
---ebpf-pid----372881----pid-1
---ebpf-pid----372881----pid-372881
---ebpf-pid----5705----pid-5476
---ebpf-pid----5705----pid-1
---ebpf-pid----372881----pid-1
---ebpf-pid----5705----pid-5705
---ebpf-pid----372881----pid-372881
---ebpf-pid----372881----pid-1
---ebpf-pid----372881----pid-372881
---ebpf-pid----372881----pid-1
---ebpf-pid----5705----pid-5476
---ebpf-pid----372881----pid-372881
---ebpf-pid----5705----pid-1
---ebpf-pid----372881----pid-1
---ebpf-pid----5705----pid-5705
---ebpf-pid----372881----pid-372881
---ebpf-pid----5705----pid-5476
---ebpf-pid----372881----pid-1
---ebpf-pid----372881----pid-372881
---ebpf-pid----5705----pid-1
---ebpf-pid----5705----pid-5705
---ebpf-pid----372881----pid-1
---ebpf-pid----5705----pid-5476
---ebpf-pid----372881----pid-372881
---ebpf-pid----5705----pid-1
---ebpf-pid----372881----pid-1
---ebpf-pid----5705----pid-5705
---ebpf-pid----372881----pid-372881
---ebpf-pid----5705----pid-5476
---ebpf-pid----372881----pid-1
---ebpf-pid----372881----pid-372881
---ebpf-pid----372881----pid-1
---ebpf-pid----372881----pid-372881
---ebpf-pid----372881----pid-1
---ebpf-pid----372881----pid-372881
---ebpf-pid----372881----pid-1
---ebpf-pid----372881----pid-372881
---ebpf-pid----372881----pid-1
---ebpf-pid----372881----pid-372881
---ebpf-pid----372881----pid-1
---ebpf-pid----372881----pid-372881
---ebpf-pid----372881----pid-1
---ebpf-pid----372881----pid-372881
---ebpf-pid----372881----pid-1
---ebpf-pid----372881----pid-372881
---ebpf-pid----372881----pid-1
---ebpf-pid----5705----pid-1
---ebpf-pid----5705----pid-5705
---ebpf-pid----5705----pid-5476
---ebpf-pid----5705----pid-1
---ebpf-pid----5705----pid-5705
---ebpf-pid----5705----pid-5476
---ebpf-pid----5705----pid-1
---ebpf-pid----5705----pid-5705
---ebpf-pid----5705----pid-5476
---ebpf-pid----5705----pid-1
---ebpf-pid----5705----pid-5705
---ebpf-pid----5705----pid-5476
---ebpf-pid----5705----pid-1
---ebpf-pid----5705----pid-5705
---ebpf-pid----5705----pid-5476
---ebpf-pid----5705----pid-1
---ebpf-pid----5705----pid-5705
---ebpf-pid----5705----pid-5476
---ebpf-pid----5705----pid-1
---ebpf-pid----5705----pid-5705
---ebpf-pid----5705----pid-5476
---ebpf-pid----5705----pid-1
---ebpf-pid----5705----pid-5705
---ebpf-pid----5705----pid-5476
---ebpf-pid----5705----pid-1
---ebpf-pid----2089----pid-1
---ebpf-pid----5705----pid-5705
---ebpf-pid----2089----pid-2089
---ebpf-pid----5705----pid-5476
---ebpf-pid----2089----pid-1
---ebpf-pid----2089----pid-2089
---ebpf-pid----5705----pid-1
---ebpf-pid----5705----pid-5705
---ebpf-pid----5705----pid-5476
---ebpf-pid----2089----pid-1
---ebpf-pid----2089----pid-2089
---ebpf-pid----5705----pid-1
---ebpf-pid----5705----pid-5705
---ebpf-pid----2089----pid-1
---ebpf-pid----2089----pid-2089
---ebpf-pid----2089----pid-1
---ebpf-pid----2089----pid-2089
---ebpf-pid----2089----pid-1
---ebpf-pid----2089----pid-2089
---ebpf-pid----2089----pid-1
---ebpf-pid----2089----pid-2089
---ebpf-pid----2089----pid-1
---ebpf-pid----2089----pid-2089
---ebpf-pid----2089----pid-1
---ebpf-pid----2089----pid-2089
---ebpf-pid----2089----pid-1
---ebpf-pid----2089----pid-2089
---ebpf-pid----2089----pid-1
---ebpf-pid----2089----pid-2089
---ebpf-pid----2089----pid-1
---ebpf-pid----2089----pid-2089
---ebpf-pid----2089----pid-1
---ebpf-pid----2089----pid-2089
---ebpf-pid----372881----pid-372881
---ebpf-pid----2089----pid-1
---ebpf-pid----2089----pid-2089
---ebpf-pid----372881----pid-1
---ebpf-pid----372881----pid-372881
---ebpf-pid----2089----pid-1
---ebpf-pid----2089----pid-2089
---ebpf-pid----372881----pid-1
---ebpf-pid----372881----pid-372881
---ebpf-pid----2089----pid-1
---ebpf-pid----2089----pid-2089
---ebpf-pid----372881----pid-1
---ebpf-pid----2089----pid-1
---ebpf-pid----372881----pid-372881
---ebpf-pid----2089----pid-2089
---ebpf-pid----372881----pid-1
---ebpf-pid----2089----pid-1
---ebpf-pid----2089----pid-2089
---ebpf-pid----2089----pid-1
---ebpf-pid----2089----pid-2089
---ebpf-pid----2089----pid-1
---ebpf-pid----2089----pid-2089
---ebpf-pid----2089----pid-1
---ebpf-pid----2089----pid-2089
---ebpf-pid----2089----pid-1
---ebpf-pid----2089----pid-2089
---ebpf-pid----2089----pid-1
---ebpf-pid----2089----pid-2089
---ebpf-pid----2089----pid-1
---ebpf-pid----2089----pid-2089
---ebpf-pid----2089----pid-1
---ebpf-pid----2089----pid-2089
---ebpf-pid----2089----pid-1
---ebpf-pid----2089----pid-2089
---ebpf-pid----2089----pid-1
---ebpf-pid----2089----pid-2089
---ebpf-pid----2089----pid-1
---ebpf-pid----2089----pid-2089
---ebpf-pid----372881----pid-372881
---ebpf-pid----2089----pid-1
---ebpf-pid----2089----pid-2089
---ebpf-pid----2089----pid-1
---ebpf-pid----2089----pid-2089
---ebpf-pid----2089----pid-1
---ebpf-pid----2089----pid-2089
---ebpf-pid----2089----pid-1
---ebpf-pid----2089----pid-2089
---ebpf-pid----2089----pid-1
---ebpf-pid----2089----pid-2089
---ebpf-pid----2089----pid-1
---ebpf-pid----2089----pid-2089
---ebpf-pid----2089----pid-1
---ebpf-pid----2089----pid-2089
---ebpf-pid----2089----pid-1
---ebpf-pid----2089----pid-2089
---ebpf-pid----2089----pid-1
---ebpf-pid----2089----pid-2089
---ebpf-pid----2089----pid-1
---ebpf-pid----2089----pid-2089
---ebpf-pid----2089----pid-1
---ebpf-pid----2089----pid-2089
---ebpf-pid----2089----pid-1
---ebpf-pid----2089----pid-2089
---ebpf-pid----5705----pid-5476
---ebpf-pid----5705----pid-1
---ebpf-pid----5705----pid-5705
---ebpf-pid----5705----pid-5476
---ebpf-pid----5705----pid-1
---ebpf-pid----5705----pid-5705
---ebpf-pid----5705----pid-5476
---ebpf-pid----5705----pid-1
---ebpf-pid----5705----pid-5705
---ebpf-pid----5705----pid-5476
---ebpf-pid----5705----pid-1
---ebpf-pid----5705----pid-5705
---ebpf-pid----5705----pid-5476
---ebpf-pid----5705----pid-1
---ebpf-pid----5705----pid-5705
---ebpf-pid----5705----pid-5476
---ebpf-pid----5705----pid-1
---ebpf-pid----5705----pid-5705
---ebpf-pid----5705----pid-5476
---ebpf-pid----5705----pid-1
---ebpf-pid----5705----pid-5705
---ebpf-pid----5705----pid-5476
---ebpf-pid----5705----pid-1
---ebpf-pid----5705----pid-5705
---ebpf-pid----5705----pid-5476
---ebpf-pid----5705----pid-1
---ebpf-pid----5705----pid-5705
---ebpf-pid----5705----pid-5476
---ebpf-pid----372881----pid-1
---ebpf-pid----372881----pid-372881
---ebpf-pid----372881----pid-1
---ebpf-pid----372881----pid-372881
---ebpf-pid----372881----pid-1
---ebpf-pid----372881----pid-372881
---ebpf-pid----372881----pid-1
---ebpf-pid----372881----pid-372881
---ebpf-pid----372881----pid-1
---ebpf-pid----372881----pid-372881
---ebpf-pid----372881----pid-1
---ebpf-pid----372881----pid-372881
---ebpf-pid----372881----pid-1
---ebpf-pid----372881----pid-372881
---ebpf-pid----372881----pid-1
---ebpf-pid----372881----pid-372881
---ebpf-pid----372881----pid-1
---ebpf-pid----372881----pid-372881
---ebpf-pid----372881----pid-1
---ebpf-pid----372881----pid-372881
---ebpf-pid----372881----pid-1
---ebpf-pid----372881----pid-372881
---ebpf-pid----372881----pid-1
---ebpf-pid----372881----pid-372881
---ebpf-pid----372881----pid-1
---ebpf-pid----372881----pid-372881
---ebpf-pid----372881----pid-1
---ebpf-pid----372881----pid-372881
---ebpf-pid----372881----pid-1
---ebpf-pid----372881----pid-372881
---ebpf-pid----372881----pid-1
---ebpf-pid----372881----pid-372881
---ebpf-pid----372881----pid-1
---ebpf-pid----372881----pid-372881
---ebpf-pid----372881----pid-1
---ebpf-pid----372881----pid-372881
---ebpf-pid----372881----pid-1
---ebpf-pid----372881----pid-372881
---ebpf-pid----2089----pid-1
---ebpf-pid----2089----pid-2089
---ebpf-pid----372881----pid-1
---ebpf-pid----372881----pid-372881
---ebpf-pid----2089----pid-1
---ebpf-pid----2089----pid-2089
---ebpf-pid----372881----pid-1
---ebpf-pid----372881----pid-372881
---ebpf-pid----2089----pid-1
---ebpf-pid----2089----pid-2089
---ebpf-pid----2089----pid-1
---ebpf-pid----2089----pid-2089
---ebpf-pid----2089----pid-1
---ebpf-pid----2089----pid-2089
---ebpf-pid----2089----pid-1
---ebpf-pid----2089----pid-2089
---ebpf-pid----2089----pid-1
---ebpf-pid----5705----pid-1
---ebpf-pid----5705----pid-5705
---ebpf-pid----5705----pid-5476
---ebpf-pid----5705----pid-1
---ebpf-pid----5705----pid-5705
---ebpf-pid----5705----pid-5476
---ebpf-pid----5705----pid-1
---ebpf-pid----5705----pid-5705
---ebpf-pid----5705----pid-5476
---ebpf-pid----5705----pid-1
---ebpf-pid----5705----pid-5705
---ebpf-pid----5705----pid-5476
---ebpf-pid----5705----pid-1
---ebpf-pid----5705----pid-5705
---ebpf-pid----5705----pid-5476
---ebpf-pid----5705----pid-1
---ebpf-pid----5705----pid-5705
---ebpf-pid----5705----pid-5476
---ebpf-pid----5705----pid-1
---ebpf-pid----5705----pid-5705
---ebpf-pid----2089----pid-2089
---ebpf-pid----2089----pid-1
---ebpf-pid----2089----pid-2089
---ebpf-pid----2089----pid-1
---ebpf-pid----2089----pid-2089
---ebpf-pid----2089----pid-1
---ebpf-pid----2089----pid-2089
---ebpf-pid----2089----pid-1
---ebpf-pid----2089----pid-2089
---ebpf-pid----372881----pid-1
---ebpf-pid----372881----pid-372881
---ebpf-pid----372881----pid-1
---ebpf-pid----372881----pid-372881
---ebpf-pid----372881----pid-1
---ebpf-pid----372881----pid-372881
---ebpf-pid----372881----pid-1
---ebpf-pid----372881----pid-372881
---ebpf-pid----372881----pid-1
---ebpf-pid----372881----pid-372881
---ebpf-pid----2089----pid-1
---ebpf-pid----2089----pid-2089
---ebpf-pid----372881----pid-1
---ebpf-pid----372881----pid-372881
---ebpf-pid----2089----pid-1
---ebpf-pid----2089----pid-2089
---ebpf-pid----372881----pid-1
---ebpf-pid----372881----pid-372881
---ebpf-pid----2089----pid-1
---ebpf-pid----2089----pid-2089
---ebpf-pid----372881----pid-1
---ebpf-pid----372881----pid-372881
---ebpf-pid----2089----pid-1
---ebpf-pid----2089----pid-2089
---ebpf-pid----372881----pid-1
---ebpf-pid----372881----pid-372881
---ebpf-pid----2089----pid-1
---ebpf-pid----2089----pid-2089
---ebpf-pid----372881----pid-1
---ebpf-pid----372881----pid-372881
---ebpf-pid----2089----pid-1
---ebpf-pid----2089----pid-2089
---ebpf-pid----372881----pid-1
---ebpf-pid----372881----pid-372881
---ebpf-pid----2089----pid-1
---ebpf-pid----9178----pid-9178
---ebpf-pid----372881----pid-1
---ebpf-pid----372881----pid-372881
---ebpf-pid----9178----pid-7637
---ebpf-pid----372881----pid-1
---ebpf-pid----9178----pid-1
---ebpf-pid----372881----pid-372881
---ebpf-pid----9178----pid-9178
---ebpf-pid----372881----pid-1
---ebpf-pid----9178----pid-7637
---ebpf-pid----372881----pid-372881
---ebpf-pid----9178----pid-1
---ebpf-pid----372881----pid-1
---ebpf-pid----9178----pid-9178
---ebpf-pid----372881----pid-372881
---ebpf-pid----9178----pid-7637
---ebpf-pid----372881----pid-1
---ebpf-pid----372881----pid-372881
---ebpf-pid----9178----pid-1
---ebpf-pid----9178----pid-9178
---ebpf-pid----372881----pid-1
---ebpf-pid----372881----pid-372881
---ebpf-pid----9178----pid-7637
---ebpf-pid----372881----pid-1
---ebpf-pid----372881----pid-372881
---ebpf-pid----9178----pid-1
---ebpf-pid----9180----pid-9180
---ebpf-pid----372881----pid-1
---ebpf-pid----372881----pid-372881
---ebpf-pid----9180----pid-7637
---ebpf-pid----372881----pid-1
---ebpf-pid----9180----pid-1
---ebpf-pid----372881----pid-372881
---ebpf-pid----9180----pid-9180
---ebpf-pid----372881----pid-1
---ebpf-pid----9180----pid-7637
---ebpf-pid----372881----pid-372881
---ebpf-pid----9180----pid-1
---ebpf-pid----372881----pid-1
---ebpf-pid----9180----pid-9180
---ebpf-pid----372881----pid-372881
---ebpf-pid----9180----pid-7637
---ebpf-pid----9180----pid-1
---ebpf-pid----9180----pid-9180
---ebpf-pid----9180----pid-7637
---ebpf-pid----9180----pid-1
---ebpf-pid----5705----pid-5476
---ebpf-pid----5705----pid-1
---ebpf-pid----5705----pid-5705
---ebpf-pid----5705----pid-5476
---ebpf-pid----5705----pid-1
---ebpf-pid----5705----pid-5705
---ebpf-pid----5705----pid-5476
---ebpf-pid----9178----pid-9178
---ebpf-pid----5705----pid-1
---ebpf-pid----5705----pid-5705
---ebpf-pid----9178----pid-7637
---ebpf-pid----5705----pid-5476
---ebpf-pid----9178----pid-1
---ebpf-pid----5705----pid-1
---ebpf-pid----9178----pid-9178
---ebpf-pid----5705----pid-5705
---ebpf-pid----9178----pid-7637
---ebpf-pid----5705----pid-5476
---ebpf-pid----9178----pid-1
---ebpf-pid----5705----pid-1
---ebpf-pid----9178----pid-9178
---ebpf-pid----5705----pid-5705
---ebpf-pid----9178----pid-7637
---ebpf-pid----5705----pid-5476
---ebpf-pid----9178----pid-1
---ebpf-pid----5705----pid-1
---ebpf-pid----9178----pid-9178
---ebpf-pid----5705----pid-5705
---ebpf-pid----9178----pid-7637
---ebpf-pid----5705----pid-5476
---ebpf-pid----9178----pid-1
---ebpf-pid----9180----pid-9180
---ebpf-pid----5705----pid-1
---ebpf-pid----5705----pid-5705
---ebpf-pid----9180----pid-7637
---ebpf-pid----5705----pid-5476
---ebpf-pid----9180----pid-1
---ebpf-pid----5705----pid-1
---ebpf-pid----9180----pid-9180
---ebpf-pid----5705----pid-5705
---ebpf-pid----9180----pid-7637
---ebpf-pid----9180----pid-9180
---ebpf-pid----9180----pid-7637
---ebpf-pid----9180----pid-1
---ebpf-pid----9180----pid-9180
---ebpf-pid----9180----pid-7637
---ebpf-pid----9180----pid-1
---ebpf-pid----5705----pid-5476
---ebpf-pid----5705----pid-1
---ebpf-pid----5705----pid-5705
---ebpf-pid----9180----pid-1
---ebpf-pid----372881----pid-372881
---ebpf-pid----372881----pid-1
---ebpf-pid----372881----pid-372881
---ebpf-pid----372881----pid-1
---ebpf-pid----372881----pid-372881
---ebpf-pid----372881----pid-1
---ebpf-pid----5705----pid-5476
---ebpf-pid----5705----pid-1
---ebpf-pid----5705----pid-5705
---ebpf-pid----5705----pid-5476
---ebpf-pid----5705----pid-1
---ebpf-pid----5705----pid-5705
---ebpf-pid----5705----pid-5476
---ebpf-pid----372881----pid-1
---ebpf-pid----5705----pid-1
---ebpf-pid----372881----pid-372881
---ebpf-pid----5705----pid-5705
---ebpf-pid----372881----pid-1
---ebpf-pid----5705----pid-5476
---ebpf-pid----372881----pid-372881
---ebpf-pid----5705----pid-1
---ebpf-pid----372881----pid-1
---ebpf-pid----5705----pid-5705
---ebpf-pid----372881----pid-372881
---ebpf-pid----372881----pid-1
---ebpf-pid----372881----pid-372881
---ebpf-pid----5705----pid-5476
---ebpf-pid----372881----pid-1
---ebpf-pid----5705----pid-1
---ebpf-pid----372881----pid-372881
---ebpf-pid----5705----pid-5705
---ebpf-pid----372881----pid-1
---ebpf-pid----5705----pid-5476
---ebpf-pid----372881----pid-372881
---ebpf-pid----5705----pid-1
---ebpf-pid----372881----pid-1
---ebpf-pid----5705----pid-5705
---ebpf-pid----372881----pid-372881
---ebpf-pid----5705----pid-5476
---ebpf-pid----372881----pid-1
---ebpf-pid----372881----pid-372881
---ebpf-pid----5705----pid-1
---ebpf-pid----5705----pid-5705
---ebpf-pid----372881----pid-1
---ebpf-pid----372881----pid-372881
---ebpf-pid----5705----pid-5476
---ebpf-pid----372881----pid-1
---ebpf-pid----372881----pid-372881
---ebpf-pid----5705----pid-1
---ebpf-pid----5705----pid-5705
---ebpf-pid----372881----pid-1
---ebpf-pid----372881----pid-372881
---ebpf-pid----5705----pid-5476
---ebpf-pid----372881----pid-1
---ebpf-pid----372881----pid-372881
---ebpf-pid----5705----pid-1
---ebpf-pid----5705----pid-5705
---ebpf-pid----372881----pid-1
---ebpf-pid----372881----pid-372881
---ebpf-pid----5705----pid-5476
---ebpf-pid----372881----pid-1
---ebpf-pid----372881----pid-372881
---ebpf-pid----5705----pid-1
---ebpf-pid----5705----pid-5705
---ebpf-pid----372881----pid-1
---ebpf-pid----372881----pid-372881
---ebpf-pid----5705----pid-5476
---ebpf-pid----372881----pid-1
---ebpf-pid----372881----pid-372881
---ebpf-pid----372881----pid-1
---ebpf-pid----372881----pid-372881
---ebpf-pid----372881----pid-1
---ebpf-pid----372881----pid-372881
---ebpf-pid----372881----pid-1
---ebpf-pid----372881----pid-372881
---ebpf-pid----372881----pid-1
---ebpf-pid----372881----pid-372881
---ebpf-pid----372881----pid-1
---ebpf-pid----372881----pid-372881
---ebpf-pid----372881----pid-372881
---ebpf-pid----372881----pid-1
---ebpf-pid----372881----pid-372881
---ebpf-pid----372881----pid-1
---ebpf-pid----372881----pid-372881
---ebpf-pid----372881----pid-1
---ebpf-pid----372881----pid-372881
---ebpf-pid----372881----pid-1
---ebpf-pid----372881----pid-372881
---ebpf-pid----372881----pid-1
---ebpf-pid----372881----pid-372881
---ebpf-pid----372881----pid-1
---ebpf-pid----372881----pid-372881
---ebpf-pid----372881----pid-1
---ebpf-pid----372881----pid-372881
---ebpf-pid----372881----pid-1
---ebpf-pid----372881----pid-1
---ebpf-pid----372881----pid-372881
---ebpf-pid----372881----pid-372881
---ebpf-pid----372881----pid-1
---ebpf-pid----372881----pid-1
---ebpf-pid----372881----pid-372881
---ebpf-pid----372881----pid-372881
---ebpf-pid----372881----pid-1
---ebpf-pid----372881----pid-1
---ebpf-pid----372881----pid-372881
---ebpf-pid----372881----pid-372881
---ebpf-pid----372881----pid-1
---ebpf-pid----372881----pid-1
---ebpf-pid----372881----pid-372881
---ebpf-pid----372881----pid-372881
---ebpf-pid----372881----pid-1
---ebpf-pid----372881----pid-372881
---ebpf-pid----372881----pid-1
---ebpf-pid----372881----pid-372881
---ebpf-pid----372881----pid-1
---ebpf-pid----372881----pid-372881
---ebpf-pid----372881----pid-1
---ebpf-pid----372881----pid-372881
---ebpf-pid----372881----pid-1
---ebpf-pid----372881----pid-372881
---ebpf-pid----372881----pid-1
---ebpf-pid----372881----pid-372881
---ebpf-pid----372881----pid-1
---ebpf-pid----372881----pid-372881
---ebpf-pid----372881----pid-1
---ebpf-pid----372881----pid-372881
---ebpf-pid----372881----pid-1
---ebpf-pid----372881----pid-372881
---ebpf-pid----372881----pid-1
---ebpf-pid----372881----pid-372881
---ebpf-pid----372881----pid-1
---ebpf-pid----372881----pid-372881
---ebpf-pid----372881----pid-1
---ebpf-pid----372881----pid-372881
---ebpf-pid----372881----pid-1
---ebpf-pid----372881----pid-372881
---ebpf-pid----372881----pid-1
---ebpf-pid----372881----pid-372881
---ebpf-pid----372881----pid-1
---ebpf-pid----372881----pid-372881
---ebpf-pid----372881----pid-1
---ebpf-pid----372881----pid-372881
---ebpf-pid----372881----pid-1
---ebpf-pid----372881----pid-1
---ebpf-pid----372881----pid-372881
---ebpf-pid----372881----pid-1
---ebpf-pid----5707----pid-5707
---ebpf-pid----5707----pid-5476
---ebpf-pid----5707----pid-1
---ebpf-pid----5707----pid-5707
---ebpf-pid----5707----pid-5476
---ebpf-pid----372881----pid-372881
---ebpf-pid----5705----pid-1
---ebpf-pid----5705----pid-5705
---ebpf-pid----5705----pid-5476
---ebpf-pid----5705----pid-1
---ebpf-pid----5705----pid-5705
---ebpf-pid----5705----pid-5476
---ebpf-pid----5705----pid-1
---ebpf-pid----5705----pid-5705
---ebpf-pid----5705----pid-5476
---ebpf-pid----5705----pid-1
---ebpf-pid----5705----pid-5705
---ebpf-pid----5705----pid-5476
---ebpf-pid----5705----pid-1
---ebpf-pid----5705----pid-5705
---ebpf-pid----372881----pid-1
---ebpf-pid----372881----pid-372881
---ebpf-pid----5705----pid-5476
---ebpf-pid----372881----pid-1
---ebpf-pid----372881----pid-372881
---ebpf-pid----5705----pid-1
---ebpf-pid----5705----pid-5705
---ebpf-pid----372881----pid-1
---ebpf-pid----372881----pid-372881
---ebpf-pid----5705----pid-5476
---ebpf-pid----372881----pid-1
---ebpf-pid----5705----pid-1
---ebpf-pid----372881----pid-372881
---ebpf-pid----5705----pid-5705
---ebpf-pid----372881----pid-1
---ebpf-pid----372881----pid-372881
---ebpf-pid----5707----pid-1
---ebpf-pid----5707----pid-5707
---ebpf-pid----372881----pid-1
---ebpf-pid----372881----pid-372881
---ebpf-pid----372881----pid-1
---ebpf-pid----372881----pid-372881
---ebpf-pid----372881----pid-1
---ebpf-pid----372881----pid-372881
---ebpf-pid----372881----pid-1
---ebpf-pid----372881----pid-372881
---ebpf-pid----372881----pid-1
---ebpf-pid----372881----pid-372881
---ebpf-pid----5707----pid-5476
---ebpf-pid----5707----pid-1
---ebpf-pid----2012----pid-2012
---ebpf-pid----2012----pid-1
---ebpf-pid----2012----pid-2012
---ebpf-pid----2012----pid-1
---ebpf-pid----2012----pid-2012
---ebpf-pid----2012----pid-1
---ebpf-pid----2012----pid-2012
---ebpf-pid----2012----pid-1
---ebpf-pid----2012----pid-2012
---ebpf-pid----2012----pid-1
---ebpf-pid----2012----pid-2012
---ebpf-pid----2012----pid-1
---ebpf-pid----2012----pid-2012
---ebpf-pid----2012----pid-1
---ebpf-pid----2012----pid-2012
---ebpf-pid----2012----pid-1
---ebpf-pid----2012----pid-2012
---ebpf-pid----372881----pid-1
---ebpf-pid----372881----pid-372881
---ebpf-pid----372881----pid-1
---ebpf-pid----372881----pid-372881
---ebpf-pid----372881----pid-1
---ebpf-pid----372881----pid-372881
---ebpf-pid----372881----pid-1
---ebpf-pid----372881----pid-372881
---ebpf-pid----372881----pid-1
---ebpf-pid----372881----pid-372881
---ebpf-pid----372881----pid-1
---ebpf-pid----372881----pid-372881
---ebpf-pid----372881----pid-1
---ebpf-pid----372881----pid-372881
---ebpf-pid----372881----pid-1
---ebpf-pid----372881----pid-372881
---ebpf-pid----372881----pid-1
---ebpf-pid----372881----pid-372881
---ebpf-pid----372881----pid-1
---ebpf-pid----372881----pid-372881
---ebpf-pid----372881----pid-1
---ebpf-pid----372881----pid-372881
---ebpf-pid----372881----pid-1
---ebpf-pid----372881----pid-372881
---ebpf-pid----372881----pid-1
---ebpf-pid----372881----pid-372881
---ebpf-pid----2012----pid-1
---ebpf-pid----2012----pid-2012
---ebpf-pid----372881----pid-1
---ebpf-pid----372881----pid-372881
---ebpf-pid----2012----pid-1
---ebpf-pid----372881----pid-1
---ebpf-pid----2012----pid-2012
---ebpf-pid----372881----pid-372881
---ebpf-pid----2012----pid-1
---ebpf-pid----372881----pid-1
---ebpf-pid----2012----pid-2012
---ebpf-pid----372881----pid-372881
---ebpf-pid----2012----pid-1
---ebpf-pid----372881----pid-1
---ebpf-pid----2012----pid-2012
---ebpf-pid----372881----pid-372881
---ebpf-pid----2012----pid-1
---ebpf-pid----2012----pid-2012
---ebpf-pid----2012----pid-1
---ebpf-pid----2012----pid-2012
---ebpf-pid----2012----pid-1
---ebpf-pid----2012----pid-2012
---ebpf-pid----2012----pid-1
---ebpf-pid----2012----pid-2012
---ebpf-pid----2012----pid-1
---ebpf-pid----2012----pid-2012
---ebpf-pid----2012----pid-1
---ebpf-pid----2012----pid-2012
---ebpf-pid----2012----pid-1
---ebpf-pid----2012----pid-2012
---ebpf-pid----2012----pid-1
---ebpf-pid----2012----pid-2012
---ebpf-pid----2012----pid-1
---ebpf-pid----2012----pid-2012
---ebpf-pid----2012----pid-1
---ebpf-pid----2012----pid-2012
---ebpf-pid----2012----pid-1
---ebpf-pid----2012----pid-2012
---ebpf-pid----2012----pid-1
---ebpf-pid----2012----pid-2012
---ebpf-pid----2012----pid-1
---ebpf-pid----2012----pid-2012
---ebpf-pid----2012----pid-1
---ebpf-pid----2012----pid-2012
---ebpf-pid----2012----pid-1
---ebpf-pid----2012----pid-2012
---ebpf-pid----2012----pid-1
---ebpf-pid----2012----pid-2012
---ebpf-pid----2012----pid-1
---ebpf-pid----2012----pid-2012
---ebpf-pid----2012----pid-1
---ebpf-pid----2012----pid-2012
---ebpf-pid----2012----pid-1
---ebpf-pid----2012----pid-2012
---ebpf-pid----2012----pid-1
---ebpf-pid----2012----pid-2012
---ebpf-pid----2012----pid-1
---ebpf-pid----2012----pid-2012
---ebpf-pid----2012----pid-1
---ebpf-pid----2012----pid-2012
---ebpf-pid----2012----pid-1
---ebpf-pid----2012----pid-2012
---ebpf-pid----2012----pid-1
---ebpf-pid----2012----pid-2012
---ebpf-pid----2012----pid-1
---ebpf-pid----2012----pid-2012
---ebpf-pid----2012----pid-1
---ebpf-pid----2012----pid-2012
---ebpf-pid----2012----pid-1
---ebpf-pid----2012----pid-2012
---ebpf-pid----2012----pid-1
---ebpf-pid----2012----pid-2012
---ebpf-pid----2012----pid-1
---ebpf-pid----2012----pid-2012
---ebpf-pid----2012----pid-1
---ebpf-pid----2012----pid-2012
---ebpf-pid----2012----pid-1
---ebpf-pid----2012----pid-2012
---ebpf-pid----2012----pid-1
---ebpf-pid----2012----pid-2012
---ebpf-pid----2012----pid-1
---ebpf-pid----2012----pid-2012
---ebpf-pid----2012----pid-1
---ebpf-pid----2012----pid-2012
---ebpf-pid----2012----pid-1
---ebpf-pid----2012----pid-2012
---ebpf-pid----2012----pid-1
---ebpf-pid----2012----pid-2012
---ebpf-pid----2012----pid-1
---ebpf-pid----2012----pid-2012
---ebpf-pid----2012----pid-1
---ebpf-pid----2012----pid-2012
---ebpf-pid----2012----pid-1
---ebpf-pid----2012----pid-2012
---ebpf-pid----2012----pid-1
---ebpf-pid----2012----pid-2012
---ebpf-pid----2012----pid-1
---ebpf-pid----2012----pid-2012
---ebpf-pid----2012----pid-1
---ebpf-pid----2012----pid-2012
---ebpf-pid----2012----pid-1
---ebpf-pid----2012----pid-2012
---ebpf-pid----2012----pid-1
---ebpf-pid----2012----pid-2012
---ebpf-pid----2012----pid-1
---ebpf-pid----2012----pid-2012
---ebpf-pid----2012----pid-1
---ebpf-pid----2012----pid-2012
---ebpf-pid----2012----pid-1
---ebpf-pid----2012----pid-2012
---ebpf-pid----2012----pid-1
---ebpf-pid----2012----pid-2012
---ebpf-pid----2012----pid-1
---ebpf-pid----2012----pid-2012
---ebpf-pid----2012----pid-1
---ebpf-pid----2012----pid-2012
---ebpf-pid----2012----pid-1
---ebpf-pid----2012----pid-2012
---ebpf-pid----2012----pid-1
---ebpf-pid----2012----pid-2012
---ebpf-pid----2012----pid-1
---ebpf-pid----2012----pid-2012
---ebpf-pid----2012----pid-1
---ebpf-pid----2012----pid-2012
---ebpf-pid----2012----pid-1
---ebpf-pid----2012----pid-2012
---ebpf-pid----2012----pid-1
---ebpf-pid----2012----pid-2012
---ebpf-pid----2012----pid-1
---ebpf-pid----2012----pid-2012
---ebpf-pid----2012----pid-1
---ebpf-pid----2012----pid-2012
---ebpf-pid----2012----pid-1
---ebpf-pid----2012----pid-2012
---ebpf-pid----2012----pid-1
---ebpf-pid----2012----pid-2012
---ebpf-pid----2012----pid-1
---ebpf-pid----2012----pid-2012
---ebpf-pid----2012----pid-1
---ebpf-pid----2012----pid-2012
---ebpf-pid----2012----pid-1
---ebpf-pid----373029----pid-373029
---ebpf-pid----373029----pid-5476
---ebpf-pid----373029----pid-1
---ebpf-pid----373029----pid-373029
---ebpf-pid----373029----pid-5476
---ebpf-pid----373029----pid-1
---ebpf-pid----373029----pid-373029
---ebpf-pid----373029----pid-5476
---ebpf-pid----373029----pid-1
---ebpf-pid----373029----pid-373029
---ebpf-pid----373029----pid-5476
---ebpf-pid----373029----pid-1
---ebpf-pid----373029----pid-373029
---ebpf-pid----373029----pid-5476
---ebpf-pid----373029----pid-1
---ebpf-pid----373029----pid-373029
---ebpf-pid----373029----pid-5476
---ebpf-pid----373029----pid-1
---ebpf-pid----15124----pid-15124
---ebpf-pid----373029----pid-373029
---ebpf-pid----15124----pid-7637
---ebpf-pid----373029----pid-5476
---ebpf-pid----15124----pid-1
---ebpf-pid----373029----pid-1
---ebpf-pid----15124----pid-15124
---ebpf-pid----373029----pid-373029
---ebpf-pid----15124----pid-7637
---ebpf-pid----15124----pid-1
---ebpf-pid----15124----pid-15124
---ebpf-pid----15124----pid-7637
---ebpf-pid----15124----pid-1
---ebpf-pid----15124----pid-15124
---ebpf-pid----15124----pid-7637
---ebpf-pid----373029----pid-5476
---ebpf-pid----373029----pid-1
---ebpf-pid----373029----pid-373029
---ebpf-pid----373029----pid-5476
---ebpf-pid----373029----pid-1
---ebpf-pid----373029----pid-373029
---ebpf-pid----373029----pid-5476
---ebpf-pid----373029----pid-1
---ebpf-pid----5705----pid-5705
---ebpf-pid----5705----pid-5476
---ebpf-pid----5705----pid-1
---ebpf-pid----5705----pid-5705
---ebpf-pid----5705----pid-5476
---ebpf-pid----5705----pid-1
---ebpf-pid----5705----pid-5705
---ebpf-pid----5705----pid-5476
---ebpf-pid----15124----pid-1
---ebpf-pid----5705----pid-1
---ebpf-pid----2012----pid-2012
---ebpf-pid----5705----pid-5476
---ebpf-pid----2012----pid-1
---ebpf-pid----5705----pid-1
---ebpf-pid----2012----pid-2012
---ebpf-pid----5705----pid-5705
---ebpf-pid----2012----pid-1
---ebpf-pid----2012----pid-2012
---ebpf-pid----5705----pid-5476
---ebpf-pid----2012----pid-1
---ebpf-pid----2012----pid-2012
---ebpf-pid----2012----pid-1
---ebpf-pid----2012----pid-2012
---ebpf-pid----2012----pid-1
---ebpf-pid----2012----pid-2012
---ebpf-pid----2012----pid-1
---ebpf-pid----2012----pid-2012
---ebpf-pid----2012----pid-1
---ebpf-pid----2012----pid-2012
---ebpf-pid----2012----pid-1
---ebpf-pid----2012----pid-2012
---ebpf-pid----2012----pid-1
---ebpf-pid----2012----pid-2012
---ebpf-pid----2012----pid-1
---ebpf-pid----2012----pid-2012
---ebpf-pid----2012----pid-1
---ebpf-pid----2012----pid-2012
---ebpf-pid----2012----pid-1
---ebpf-pid----2012----pid-2012
---ebpf-pid----2012----pid-1
---ebpf-pid----2012----pid-2012
---ebpf-pid----2012----pid-1
---ebpf-pid----2012----pid-2012
---ebpf-pid----5705----pid-1
---ebpf-pid----448521----pid-448521
---ebpf-pid----448521----pid-1
---ebpf-pid----2012----pid-1
---ebpf-pid----2012----pid-2012
---ebpf-pid----2012----pid-1
---ebpf-pid----2012----pid-2012
---ebpf-pid----2012----pid-1
---ebpf-pid----372881----pid-372881
---ebpf-pid----372881----pid-1
---ebpf-pid----372881----pid-372881
---ebpf-pid----372881----pid-1
---ebpf-pid----372881----pid-372881
---ebpf-pid----372881----pid-1
---ebpf-pid----372881----pid-372881
---ebpf-pid----372881----pid-1
---ebpf-pid----372881----pid-372881
---ebpf-pid----372881----pid-1
---ebpf-pid----372881----pid-372881
---ebpf-pid----372881----pid-1
---ebpf-pid----372881----pid-372881
---ebpf-pid----372881----pid-1
---ebpf-pid----372881----pid-372881
---ebpf-pid----372881----pid-1
---ebpf-pid----372881----pid-372881
---ebpf-pid----372881----pid-1
---ebpf-pid----5705----pid-5705
---ebpf-pid----372881----pid-372881
---ebpf-pid----372881----pid-1
---ebpf-pid----372881----pid-372881
---ebpf-pid----372881----pid-1
---ebpf-pid----372881----pid-372881
---ebpf-pid----15124----pid-15124
---ebpf-pid----15124----pid-7637
---ebpf-pid----15124----pid-1
---ebpf-pid----15124----pid-15124
---ebpf-pid----15124----pid-7637
---ebpf-pid----15124----pid-1
---ebpf-pid----5705----pid-5476
---ebpf-pid----372881----pid-1
---ebpf-pid----372881----pid-372881
---ebpf-pid----5705----pid-1
---ebpf-pid----5705----pid-5705
---ebpf-pid----5705----pid-5476
---ebpf-pid----5705----pid-1
---ebpf-pid----5705----pid-5705
---ebpf-pid----5705----pid-5476
---ebpf-pid----5705----pid-1
---ebpf-pid----5705----pid-5705
---ebpf-pid----5705----pid-5476
---ebpf-pid----372881----pid-1
---ebpf-pid----372881----pid-372881
---ebpf-pid----5705----pid-1
---ebpf-pid----5705----pid-5705
---ebpf-pid----372881----pid-1
---ebpf-pid----372881----pid-372881
---ebpf-pid----372881----pid-1
---ebpf-pid----5705----pid-5476
---ebpf-pid----372881----pid-372881
---ebpf-pid----5705----pid-1
---ebpf-pid----372881----pid-1
---ebpf-pid----372881----pid-372881
---ebpf-pid----372881----pid-1
---ebpf-pid----372881----pid-372881
---ebpf-pid----15124----pid-15124
---ebpf-pid----372881----pid-1
---ebpf-pid----15124----pid-7637
---ebpf-pid----15124----pid-1
---ebpf-pid----15124----pid-15124
---ebpf-pid----15124----pid-7637
---ebpf-pid----372881----pid-372881
---ebpf-pid----372881----pid-1
---ebpf-pid----372881----pid-372881
---ebpf-pid----372881----pid-1
---ebpf-pid----372881----pid-372881
---ebpf-pid----15124----pid-1
---ebpf-pid----372881----pid-1
---ebpf-pid----372881----pid-372881
---ebpf-pid----372881----pid-1
---ebpf-pid----372881----pid-372881
---ebpf-pid----372881----pid-1
---ebpf-pid----2089----pid-2089
---ebpf-pid----2089----pid-1
---ebpf-pid----2089----pid-2089
---ebpf-pid----2089----pid-1
---ebpf-pid----2089----pid-2089
---ebpf-pid----2089----pid-1
---ebpf-pid----2089----pid-2089
---ebpf-pid----2089----pid-1
---ebpf-pid----2089----pid-2089
---ebpf-pid----2089----pid-1
---ebpf-pid----2089----pid-2089
---ebpf-pid----2089----pid-1
---ebpf-pid----2089----pid-2089
---ebpf-pid----2089----pid-1
---ebpf-pid----2089----pid-2089
---ebpf-pid----2089----pid-1
---ebpf-pid----2089----pid-2089
---ebpf-pid----2089----pid-1
---ebpf-pid----2089----pid-2089
---ebpf-pid----2089----pid-1
---ebpf-pid----2089----pid-2089
---ebpf-pid----2089----pid-1
---ebpf-pid----2089----pid-2089
---ebpf-pid----2089----pid-1
---ebpf-pid----2089----pid-2089
---ebpf-pid----2089----pid-1
---ebpf-pid----2089----pid-2089
---ebpf-pid----2089----pid-1
---ebpf-pid----2089----pid-2089
---ebpf-pid----2089----pid-1
---ebpf-pid----2089----pid-2089
---ebpf-pid----15124----pid-15124
---ebpf-pid----2089----pid-1
---ebpf-pid----2089----pid-2089
---ebpf-pid----15124----pid-7637
---ebpf-pid----2089----pid-1
---ebpf-pid----15124----pid-1
---ebpf-pid----2089----pid-2089
---ebpf-pid----15124----pid-15124
---ebpf-pid----2089----pid-1
---ebpf-pid----15124----pid-7637
---ebpf-pid----2089----pid-2089
---ebpf-pid----15124----pid-1
---ebpf-pid----2089----pid-1
---ebpf-pid----2089----pid-2089
---ebpf-pid----2089----pid-1
---ebpf-pid----2089----pid-2089
---ebpf-pid----2089----pid-1
---ebpf-pid----2089----pid-2089
---ebpf-pid----2089----pid-1
---ebpf-pid----2089----pid-2089
---ebpf-pid----2089----pid-1
---ebpf-pid----2089----pid-2089
---ebpf-pid----2089----pid-1
---ebpf-pid----2089----pid-2089
---ebpf-pid----2089----pid-1
---ebpf-pid----2089----pid-2089
---ebpf-pid----2089----pid-1
---ebpf-pid----2089----pid-2089
---ebpf-pid----2089----pid-1
---ebpf-pid----2012----pid-2012
---ebpf-pid----372881----pid-1
---ebpf-pid----372881----pid-372881
---ebpf-pid----372881----pid-1
---ebpf-pid----372881----pid-372881
---ebpf-pid----372881----pid-1
---ebpf-pid----372881----pid-372881
---ebpf-pid----372881----pid-1
---ebpf-pid----372881----pid-372881
---ebpf-pid----372881----pid-1
---ebpf-pid----372881----pid-372881
---ebpf-pid----372881----pid-1
---ebpf-pid----372881----pid-372881
---ebpf-pid----372881----pid-1
---ebpf-pid----372881----pid-372881
---ebpf-pid----372881----pid-1
---ebpf-pid----2012----pid-1
---ebpf-pid----372881----pid-372881
---ebpf-pid----2012----pid-2012
---ebpf-pid----372881----pid-1
---ebpf-pid----2012----pid-1
---ebpf-pid----372881----pid-372881
---ebpf-pid----2012----pid-2012
---ebpf-pid----372881----pid-1
---ebpf-pid----2012----pid-1
---ebpf-pid----372881----pid-372881
---ebpf-pid----372881----pid-1
---ebpf-pid----372881----pid-372881
---ebpf-pid----372881----pid-1
---ebpf-pid----372881----pid-372881
---ebpf-pid----372881----pid-1
---ebpf-pid----372881----pid-372881
---ebpf-pid----372881----pid-1
---ebpf-pid----372881----pid-372881
---ebpf-pid----372881----pid-1
---ebpf-pid----372881----pid-372881
---ebpf-pid----372881----pid-1
---ebpf-pid----372881----pid-372881
---ebpf-pid----372881----pid-1
---ebpf-pid----372881----pid-372881
---ebpf-pid----372881----pid-1
---ebpf-pid----372881----pid-372881
---ebpf-pid----372881----pid-1
---ebpf-pid----372881----pid-372881
---ebpf-pid----372881----pid-1
---ebpf-pid----372881----pid-372881
---ebpf-pid----372881----pid-1
---ebpf-pid----372881----pid-372881
---ebpf-pid----372881----pid-1
---ebpf-pid----372881----pid-372881
---ebpf-pid----372881----pid-1
---ebpf-pid----372881----pid-372881
---ebpf-pid----15124----pid-15124
---ebpf-pid----372881----pid-1
---ebpf-pid----2012----pid-2012
---ebpf-pid----372881----pid-372881
---ebpf-pid----15124----pid-7637
---ebpf-pid----2012----pid-1
---ebpf-pid----372881----pid-1
---ebpf-pid----15124----pid-1
---ebpf-pid----2012----pid-2012
---ebpf-pid----372881----pid-372881
---ebpf-pid----15124----pid-15124
---ebpf-pid----2012----pid-1
---ebpf-pid----372881----pid-1
---ebpf-pid----15124----pid-7637
---ebpf-pid----2012----pid-2012
---ebpf-pid----372881----pid-372881
---ebpf-pid----15124----pid-1
---ebpf-pid----2012----pid-1
---ebpf-pid----372881----pid-1
---ebpf-pid----2012----pid-2012
---ebpf-pid----372881----pid-372881
---ebpf-pid----372881----pid-1
---ebpf-pid----372881----pid-372881
---ebpf-pid----372881----pid-1
---ebpf-pid----372881----pid-372881
---ebpf-pid----372881----pid-1
---ebpf-pid----372881----pid-372881
---ebpf-pid----5705----pid-5705
---ebpf-pid----5705----pid-5476
---ebpf-pid----5705----pid-1
---ebpf-pid----5705----pid-5705
---ebpf-pid----5705----pid-5476
---ebpf-pid----5705----pid-1
---ebpf-pid----5705----pid-5705
---ebpf-pid----5705----pid-5476
---ebpf-pid----5705----pid-1
---ebpf-pid----5705----pid-5705
---ebpf-pid----5705----pid-5476
---ebpf-pid----372881----pid-1
---ebpf-pid----5705----pid-1
---ebpf-pid----372881----pid-372881
---ebpf-pid----5705----pid-5705
---ebpf-pid----372881----pid-1
---ebpf-pid----5705----pid-5476
---ebpf-pid----372881----pid-372881
---ebpf-pid----5705----pid-1
---ebpf-pid----372881----pid-1
---ebpf-pid----372881----pid-372881
---ebpf-pid----448521----pid-448521
---ebpf-pid----372881----pid-1
---ebpf-pid----448521----pid-1
---ebpf-pid----372881----pid-372881
---ebpf-pid----5614----pid-5614
---ebpf-pid----372881----pid-1
---ebpf-pid----372881----pid-372881
---ebpf-pid----5614----pid-1
---ebpf-pid----448785----pid-448785
---ebpf-pid----372881----pid-1
---ebpf-pid----372881----pid-372881
---ebpf-pid----448785----pid-448520
---ebpf-pid----372881----pid-1
---ebpf-pid----372881----pid-372881
---ebpf-pid----448785----pid-1
---ebpf-pid----448783----pid-448783
---ebpf-pid----448783----pid-448520
---ebpf-pid----372881----pid-1
---ebpf-pid----372881----pid-372881
---ebpf-pid----448783----pid-1
---ebpf-pid----5707----pid-5707
---ebpf-pid----372881----pid-1
---ebpf-pid----372881----pid-372881
---ebpf-pid----5707----pid-5476
---ebpf-pid----372881----pid-1
---ebpf-pid----372881----pid-372881
---ebpf-pid----5707----pid-1
---ebpf-pid----5707----pid-5707
---ebpf-pid----372881----pid-1
---ebpf-pid----372881----pid-372881
---ebpf-pid----5707----pid-5476
---ebpf-pid----372881----pid-1
---ebpf-pid----5707----pid-1
---ebpf-pid----372881----pid-372881
---ebpf-pid----5707----pid-5707
---ebpf-pid----372881----pid-1
---ebpf-pid----372881----pid-372881
---ebpf-pid----5707----pid-5476
---ebpf-pid----2012----pid-1
---ebpf-pid----372881----pid-1
---ebpf-pid----5707----pid-1
---ebpf-pid----2012----pid-2012
---ebpf-pid----372881----pid-372881
---ebpf-pid----2010----pid-2010
---ebpf-pid----372881----pid-1
---ebpf-pid----2012----pid-1
---ebpf-pid----372881----pid-372881
---ebpf-pid----2010----pid-1
---ebpf-pid----2012----pid-2012
---ebpf-pid----5638----pid-5638
---ebpf-pid----372881----pid-1
---ebpf-pid----2012----pid-1
---ebpf-pid----372881----pid-372881
---ebpf-pid----5638----pid-1
---ebpf-pid----2012----pid-2012
---ebpf-pid----372881----pid-1
---ebpf-pid----372881----pid-372881
---ebpf-pid----2012----pid-1
---ebpf-pid----372881----pid-1
---ebpf-pid----372881----pid-372881
---ebpf-pid----372881----pid-1
---ebpf-pid----372881----pid-372881
---ebpf-pid----372881----pid-1
---ebpf-pid----372881----pid-372881
---ebpf-pid----372881----pid-1
---ebpf-pid----372881----pid-372881
---ebpf-pid----372881----pid-1
---ebpf-pid----372881----pid-372881
---ebpf-pid----372881----pid-1
---ebpf-pid----372881----pid-372881
---ebpf-pid----372881----pid-1
---ebpf-pid----372881----pid-372881
---ebpf-pid----372881----pid-1
---ebpf-pid----372881----pid-372881
---ebpf-pid----372881----pid-1
---ebpf-pid----372881----pid-372881
---ebpf-pid----372881----pid-1
---ebpf-pid----379067----pid-379067
---ebpf-pid----379067----pid-5476
---ebpf-pid----379067----pid-1
---ebpf-pid----379067----pid-379067
---ebpf-pid----2012----pid-2012
---ebpf-pid----2012----pid-1
---ebpf-pid----2012----pid-2012
---ebpf-pid----2012----pid-1
---ebpf-pid----2012----pid-2012
---ebpf-pid----2012----pid-1
---ebpf-pid----2012----pid-2012
---ebpf-pid----2012----pid-1
---ebpf-pid----2012----pid-2012
---ebpf-pid----379067----pid-5476
---ebpf-pid----379067----pid-1
---ebpf-pid----379067----pid-379067
---ebpf-pid----379067----pid-5476
---ebpf-pid----379067----pid-1
---ebpf-pid----379067----pid-379067
---ebpf-pid----379067----pid-5476
---ebpf-pid----379067----pid-1
---ebpf-pid----379067----pid-379067
---ebpf-pid----379067----pid-5476
---ebpf-pid----379067----pid-1
---ebpf-pid----379067----pid-379067
---ebpf-pid----379067----pid-5476
---ebpf-pid----379067----pid-1
---ebpf-pid----379067----pid-379067
---ebpf-pid----2012----pid-1
---ebpf-pid----2012----pid-2012
---ebpf-pid----2012----pid-1
---ebpf-pid----2012----pid-2012
---ebpf-pid----2012----pid-1
---ebpf-pid----2012----pid-2012
---ebpf-pid----5707----pid-5707
---ebpf-pid----5707----pid-5476
---ebpf-pid----2012----pid-1
---ebpf-pid----379067----pid-5476
---ebpf-pid----5707----pid-1
---ebpf-pid----2012----pid-2012
---ebpf-pid----5707----pid-5707
---ebpf-pid----379067----pid-1
---ebpf-pid----5707----pid-5476
---ebpf-pid----2012----pid-1
---ebpf-pid----379067----pid-379067
---ebpf-pid----2012----pid-2012
---ebpf-pid----5707----pid-1
---ebpf-pid----5707----pid-5707
---ebpf-pid----379067----pid-5476
---ebpf-pid----2012----pid-1
---ebpf-pid----2012----pid-2012
---ebpf-pid----5707----pid-5476
---ebpf-pid----379067----pid-1
---ebpf-pid----379067----pid-379067
---ebpf-pid----5707----pid-1
---ebpf-pid----2012----pid-1
---ebpf-pid----5707----pid-5707
---ebpf-pid----2012----pid-2012
---ebpf-pid----379067----pid-5476
---ebpf-pid----5707----pid-5476
---ebpf-pid----2012----pid-1
---ebpf-pid----2012----pid-2012
---ebpf-pid----379067----pid-1
---ebpf-pid----5707----pid-1
---ebpf-pid----2088----pid-2088
---ebpf-pid----379067----pid-379067
---ebpf-pid----2012----pid-1
---ebpf-pid----2012----pid-2012
---ebpf-pid----2088----pid-1
---ebpf-pid----5707----pid-5707
---ebpf-pid----379067----pid-5476
---ebpf-pid----2012----pid-1
---ebpf-pid----2012----pid-2012
---ebpf-pid----5707----pid-5476
---ebpf-pid----379067----pid-1
---ebpf-pid----379067----pid-379067
---ebpf-pid----5707----pid-1
---ebpf-pid----2012----pid-1
---ebpf-pid----5707----pid-5707
---ebpf-pid----2012----pid-2012
---ebpf-pid----379067----pid-5476
---ebpf-pid----5707----pid-5476
---ebpf-pid----2012----pid-1
---ebpf-pid----379067----pid-1
---ebpf-pid----5707----pid-1
---ebpf-pid----2012----pid-2012
---ebpf-pid----379067----pid-379067
---ebpf-pid----5707----pid-5707
---ebpf-pid----2012----pid-1
---ebpf-pid----5707----pid-5476
---ebpf-pid----379067----pid-5476
---ebpf-pid----2012----pid-2012
---ebpf-pid----5707----pid-1
---ebpf-pid----379067----pid-1
---ebpf-pid----5707----pid-5707
---ebpf-pid----2012----pid-1
---ebpf-pid----379067----pid-379067
---ebpf-pid----2012----pid-2012
---ebpf-pid----5707----pid-5476
---ebpf-pid----379067----pid-5476
---ebpf-pid----2012----pid-1
---ebpf-pid----5707----pid-1
---ebpf-pid----2012----pid-2012
---ebpf-pid----5707----pid-5707
---ebpf-pid----5707----pid-5476
---ebpf-pid----2012----pid-1
---ebpf-pid----5707----pid-1
---ebpf-pid----2012----pid-2012
---ebpf-pid----5707----pid-5707
---ebpf-pid----5707----pid-5476
---ebpf-pid----2012----pid-1
---ebpf-pid----5707----pid-1
---ebpf-pid----2012----pid-2012
---ebpf-pid----377755----pid-377755
---ebpf-pid----2012----pid-1
---ebpf-pid----377755----pid-1
---ebpf-pid----2012----pid-2012
---ebpf-pid----377755----pid-377755
---ebpf-pid----2012----pid-1
---ebpf-pid----377755----pid-1
---ebpf-pid----2012----pid-2012
---ebpf-pid----372881----pid-372881
---ebpf-pid----372881----pid-1
---ebpf-pid----372881----pid-372881
---ebpf-pid----372881----pid-1
---ebpf-pid----2012----pid-1
---ebpf-pid----2012----pid-2012
---ebpf-pid----2012----pid-1
---ebpf-pid----2012----pid-2012
---ebpf-pid----379067----pid-1
---ebpf-pid----379067----pid-379067
---ebpf-pid----379067----pid-5476
---ebpf-pid----379067----pid-1
---ebpf-pid----379067----pid-379067
---ebpf-pid----2012----pid-1
---ebpf-pid----2012----pid-2012
---ebpf-pid----2012----pid-1
---ebpf-pid----2089----pid-2089
---ebpf-pid----2089----pid-1
---ebpf-pid----2089----pid-2089
---ebpf-pid----2089----pid-1
---ebpf-pid----2089----pid-2089
---ebpf-pid----2089----pid-1
---ebpf-pid----2089----pid-2089
---ebpf-pid----2089----pid-1
---ebpf-pid----2089----pid-2089
---ebpf-pid----2089----pid-1
---ebpf-pid----2089----pid-2089
---ebpf-pid----2089----pid-1
---ebpf-pid----2089----pid-2089
---ebpf-pid----2089----pid-1
---ebpf-pid----2089----pid-2089
---ebpf-pid----2089----pid-1
---ebpf-pid----2089----pid-2089
---ebpf-pid----2089----pid-1
---ebpf-pid----2012----pid-2012
---ebpf-pid----2012----pid-1
---ebpf-pid----2012----pid-2012
---ebpf-pid----2012----pid-1
---ebpf-pid----2012----pid-2012
---ebpf-pid----2012----pid-1
---ebpf-pid----2012----pid-2012
---ebpf-pid----2012----pid-1
---ebpf-pid----379067----pid-5476
---ebpf-pid----2012----pid-2012
---ebpf-pid----379067----pid-1
---ebpf-pid----379067----pid-379067
---ebpf-pid----2012----pid-1
---ebpf-pid----2012----pid-2012
---ebpf-pid----379067----pid-5476
---ebpf-pid----2012----pid-1
---ebpf-pid----2012----pid-2012
---ebpf-pid----379067----pid-1
---ebpf-pid----379067----pid-379067
---ebpf-pid----2012----pid-1
---ebpf-pid----2012----pid-2012
---ebpf-pid----379067----pid-5476
---ebpf-pid----2012----pid-1
---ebpf-pid----379067----pid-1
---ebpf-pid----2012----pid-2012
---ebpf-pid----379067----pid-379067
---ebpf-pid----379067----pid-5476
---ebpf-pid----379067----pid-1
---ebpf-pid----372881----pid-372881
---ebpf-pid----379067----pid-379067
---ebpf-pid----372881----pid-1
---ebpf-pid----379067----pid-5476
---ebpf-pid----372881----pid-372881
---ebpf-pid----379067----pid-1
---ebpf-pid----372881----pid-1
---ebpf-pid----379067----pid-379067
---ebpf-pid----372881----pid-372881
---ebpf-pid----372881----pid-1
---ebpf-pid----372881----pid-372881
---ebpf-pid----379067----pid-5476
---ebpf-pid----372881----pid-1
---ebpf-pid----379067----pid-1
---ebpf-pid----372881----pid-372881
---ebpf-pid----379067----pid-379067
---ebpf-pid----372881----pid-1
---ebpf-pid----379067----pid-5476
---ebpf-pid----372881----pid-372881
---ebpf-pid----379067----pid-1
---ebpf-pid----372881----pid-1
---ebpf-pid----379067----pid-379067
---ebpf-pid----2012----pid-2012
---ebpf-pid----379067----pid-5476
---ebpf-pid----2012----pid-1
---ebpf-pid----2012----pid-2012
---ebpf-pid----379067----pid-1
---ebpf-pid----379067----pid-379067
---ebpf-pid----2012----pid-1
---ebpf-pid----2012----pid-2012
---ebpf-pid----379067----pid-5476
---ebpf-pid----2012----pid-1
---ebpf-pid----2012----pid-2012
---ebpf-pid----379067----pid-1
---ebpf-pid----379067----pid-379067
---ebpf-pid----2012----pid-1
---ebpf-pid----2012----pid-2012
---ebpf-pid----379067----pid-5476
---ebpf-pid----2012----pid-1
---ebpf-pid----2012----pid-2012
---ebpf-pid----379067----pid-1
---ebpf-pid----379067----pid-379067
---ebpf-pid----2012----pid-1
---ebpf-pid----2012----pid-2012
---ebpf-pid----379067----pid-5476
---ebpf-pid----2012----pid-1
---ebpf-pid----379067----pid-1
---ebpf-pid----2012----pid-2012
---ebpf-pid----379067----pid-379067
---ebpf-pid----2012----pid-1
---ebpf-pid----379067----pid-5476
---ebpf-pid----2012----pid-2012
---ebpf-pid----2012----pid-1
---ebpf-pid----379067----pid-1
---ebpf-pid----2012----pid-2012
---ebpf-pid----379067----pid-379067
---ebpf-pid----2012----pid-1
---ebpf-pid----2089----pid-2089
---ebpf-pid----379067----pid-5476
---ebpf-pid----2089----pid-1
---ebpf-pid----2088----pid-2088
---ebpf-pid----379067----pid-1
---ebpf-pid----379067----pid-379067
---ebpf-pid----2088----pid-1
---ebpf-pid----2088----pid-2088
---ebpf-pid----379067----pid-5476
---ebpf-pid----2088----pid-1
---ebpf-pid----2088----pid-2088
---ebpf-pid----379067----pid-1
---ebpf-pid----379067----pid-379067
---ebpf-pid----2088----pid-1
---ebpf-pid----2088----pid-2088
---ebpf-pid----379067----pid-5476
---ebpf-pid----2088----pid-1
---ebpf-pid----2088----pid-2088
---ebpf-pid----379067----pid-1
---ebpf-pid----379067----pid-379067
---ebpf-pid----2088----pid-1
---ebpf-pid----2088----pid-2088
---ebpf-pid----379067----pid-5476
---ebpf-pid----2088----pid-1
---ebpf-pid----2088----pid-2088
---ebpf-pid----379067----pid-1
---ebpf-pid----379067----pid-379067
---ebpf-pid----2088----pid-1
---ebpf-pid----2088----pid-2088
---ebpf-pid----379067----pid-5476
---ebpf-pid----2088----pid-1
---ebpf-pid----2088----pid-2088
---ebpf-pid----379067----pid-1
---ebpf-pid----379067----pid-379067
---ebpf-pid----379067----pid-5476
---ebpf-pid----379067----pid-1
---ebpf-pid----379067----pid-379067
---ebpf-pid----379067----pid-5476
---ebpf-pid----379067----pid-1
---ebpf-pid----379067----pid-379067
---ebpf-pid----2012----pid-1
---ebpf-pid----379067----pid-5476
---ebpf-pid----2012----pid-2012
---ebpf-pid----379067----pid-1
---ebpf-pid----379067----pid-379067
---ebpf-pid----2012----pid-1
---ebpf-pid----2012----pid-2012
---ebpf-pid----379067----pid-5476
---ebpf-pid----2012----pid-1
---ebpf-pid----2012----pid-2012
---ebpf-pid----379067----pid-1
---ebpf-pid----379067----pid-379067
---ebpf-pid----2012----pid-1
---ebpf-pid----2012----pid-2012
---ebpf-pid----379067----pid-5476
---ebpf-pid----2012----pid-1
---ebpf-pid----2012----pid-2012
---ebpf-pid----379067----pid-1
---ebpf-pid----379067----pid-379067
---ebpf-pid----2012----pid-1
---ebpf-pid----2012----pid-2012
---ebpf-pid----379067----pid-5476
---ebpf-pid----2012----pid-1
---ebpf-pid----2012----pid-2012
---ebpf-pid----379067----pid-1
---ebpf-pid----379067----pid-379067
---ebpf-pid----2012----pid-1
---ebpf-pid----2012----pid-2012
---ebpf-pid----379067----pid-5476
---ebpf-pid----2012----pid-1
---ebpf-pid----2012----pid-2012
---ebpf-pid----379067----pid-1
---ebpf-pid----379067----pid-379067
---ebpf-pid----2012----pid-1
---ebpf-pid----2012----pid-2012
---ebpf-pid----379067----pid-5476
---ebpf-pid----2012----pid-1
---ebpf-pid----2094----pid-2094
---ebpf-pid----379067----pid-1
---ebpf-pid----373029----pid-373029
---ebpf-pid----2094----pid-1
---ebpf-pid----2094----pid-2094
---ebpf-pid----373029----pid-5476
---ebpf-pid----2094----pid-1
---ebpf-pid----2094----pid-2094
---ebpf-pid----373029----pid-1
---ebpf-pid----373029----pid-373029
---ebpf-pid----373029----pid-5476
---ebpf-pid----373029----pid-1
---ebpf-pid----2094----pid-1
---ebpf-pid----2094----pid-2094
---ebpf-pid----2094----pid-1
---ebpf-pid----2094----pid-2094
---ebpf-pid----2094----pid-1
---ebpf-pid----5707----pid-5707
---ebpf-pid----2094----pid-2094
---ebpf-pid----2094----pid-1
---ebpf-pid----2094----pid-2094
---ebpf-pid----2094----pid-1
---ebpf-pid----2094----pid-2094
---ebpf-pid----2094----pid-1
---ebpf-pid----5707----pid-5476
---ebpf-pid----5707----pid-1
---ebpf-pid----5707----pid-5707
---ebpf-pid----5707----pid-5476
---ebpf-pid----5707----pid-1
---ebpf-pid----9179----pid-9179
---ebpf-pid----9179----pid-7637
---ebpf-pid----9179----pid-1
---ebpf-pid----9179----pid-9179
---ebpf-pid----2094----pid-2094
---ebpf-pid----2094----pid-1
---ebpf-pid----2094----pid-2094
---ebpf-pid----9179----pid-7637
---ebpf-pid----2094----pid-1
---ebpf-pid----9179----pid-1
---ebpf-pid----2094----pid-2094
---ebpf-pid----9179----pid-9179
---ebpf-pid----2094----pid-1
---ebpf-pid----9179----pid-7637
---ebpf-pid----2094----pid-2094
---ebpf-pid----9179----pid-1
---ebpf-pid----9179----pid-9179
---ebpf-pid----2094----pid-1
---ebpf-pid----2094----pid-2094
---ebpf-pid----9179----pid-7637
---ebpf-pid----2094----pid-1
---ebpf-pid----9179----pid-1
---ebpf-pid----2094----pid-2094
---ebpf-pid----5705----pid-5705
---ebpf-pid----2088----pid-1
---ebpf-pid----2094----pid-2094
---ebpf-pid----5705----pid-5476
---ebpf-pid----5705----pid-1
---ebpf-pid----2094----pid-1
---ebpf-pid----5705----pid-5705
---ebpf-pid----2094----pid-2094
---ebpf-pid----5705----pid-5476
---ebpf-pid----2094----pid-1
---ebpf-pid----2094----pid-2094
---ebpf-pid----5705----pid-1
---ebpf-pid----2012----pid-2012
---ebpf-pid----2094----pid-1
---ebpf-pid----2012----pid-1
---ebpf-pid----2094----pid-2094
---ebpf-pid----2012----pid-2012
---ebpf-pid----2094----pid-1
---ebpf-pid----2012----pid-1
---ebpf-pid----2012----pid-2012
---ebpf-pid----5705----pid-5705
---ebpf-pid----2012----pid-1
---ebpf-pid----5705----pid-5476
---ebpf-pid----2012----pid-2012
---ebpf-pid----5705----pid-1
---ebpf-pid----2012----pid-1
---ebpf-pid----5705----pid-5705
---ebpf-pid----5705----pid-5476
---ebpf-pid----5705----pid-1
---ebpf-pid----372881----pid-372881
---ebpf-pid----2094----pid-1
---ebpf-pid----2094----pid-2094
---ebpf-pid----372881----pid-1
---ebpf-pid----372881----pid-372881
---ebpf-pid----2094----pid-1
---ebpf-pid----2012----pid-2012
---ebpf-pid----2094----pid-2094
---ebpf-pid----372881----pid-1
---ebpf-pid----2012----pid-1
---ebpf-pid----2012----pid-2012
---ebpf-pid----372881----pid-372881
---ebpf-pid----2094----pid-1
---ebpf-pid----2094----pid-2094
---ebpf-pid----372881----pid-1
---ebpf-pid----372881----pid-372881
---ebpf-pid----2012----pid-1
---ebpf-pid----2012----pid-2012
---ebpf-pid----2094----pid-1
---ebpf-pid----2094----pid-2094
---ebpf-pid----2012----pid-1
---ebpf-pid----2094----pid-1
---ebpf-pid----372881----pid-1
---ebpf-pid----372881----pid-372881
---ebpf-pid----2012----pid-2012
---ebpf-pid----2094----pid-2094
---ebpf-pid----2012----pid-1
---ebpf-pid----2012----pid-2012
---ebpf-pid----372881----pid-1
---ebpf-pid----2094----pid-1
---ebpf-pid----2094----pid-2094
---ebpf-pid----2094----pid-2094
---ebpf-pid----2094----pid-1
---ebpf-pid----2094----pid-2094
---ebpf-pid----2094----pid-1
---ebpf-pid----2094----pid-2094
---ebpf-pid----2094----pid-1
---ebpf-pid----2094----pid-2094
---ebpf-pid----2094----pid-1
---ebpf-pid----2094----pid-1
---ebpf-pid----372881----pid-372881
---ebpf-pid----5707----pid-5707
---ebpf-pid----2012----pid-1
---ebpf-pid----5707----pid-5476
---ebpf-pid----5707----pid-1
---ebpf-pid----5707----pid-5707
---ebpf-pid----5707----pid-5476
---ebpf-pid----2012----pid-2012
---ebpf-pid----2012----pid-1
---ebpf-pid----2012----pid-2012
---ebpf-pid----2012----pid-1
---ebpf-pid----5707----pid-1
---ebpf-pid----2012----pid-2012
---ebpf-pid----5707----pid-5707
---ebpf-pid----5707----pid-5476
---ebpf-pid----5707----pid-1
---ebpf-pid----5707----pid-5707
---ebpf-pid----5707----pid-5476
---ebpf-pid----5707----pid-1
---ebpf-pid----5707----pid-5707
---ebpf-pid----5707----pid-5476
---ebpf-pid----5707----pid-1
---ebpf-pid----2094----pid-2094
---ebpf-pid----5707----pid-5707
---ebpf-pid----2094----pid-1
---ebpf-pid----5707----pid-5476
---ebpf-pid----2094----pid-2094
---ebpf-pid----5707----pid-1
---ebpf-pid----2094----pid-1
---ebpf-pid----5705----pid-5705
---ebpf-pid----2094----pid-2094
---ebpf-pid----5705----pid-5476
---ebpf-pid----2094----pid-1
---ebpf-pid----2094----pid-2094
---ebpf-pid----5705----pid-1
---ebpf-pid----5705----pid-5705
---ebpf-pid----2094----pid-1
---ebpf-pid----2094----pid-2094
---ebpf-pid----5705----pid-5476
---ebpf-pid----2094----pid-1
---ebpf-pid----2094----pid-2094
---ebpf-pid----5705----pid-1
---ebpf-pid----2089----pid-2089
---ebpf-pid----2094----pid-1
---ebpf-pid----2094----pid-2094
---ebpf-pid----2089----pid-1
---ebpf-pid----2089----pid-2089
---ebpf-pid----2094----pid-1
---ebpf-pid----2094----pid-2094
---ebpf-pid----2089----pid-1
---ebpf-pid----2089----pid-2089
---ebpf-pid----2094----pid-1
---ebpf-pid----2094----pid-2094
---ebpf-pid----2089----pid-1
---ebpf-pid----2094----pid-2094
---ebpf-pid----2094----pid-1
---ebpf-pid----2094----pid-2094
---ebpf-pid----372881----pid-1
---ebpf-pid----372881----pid-372881
---ebpf-pid----2094----pid-1
---ebpf-pid----2094----pid-1
---ebpf-pid----2094----pid-2094
---ebpf-pid----2094----pid-2094
---ebpf-pid----372881----pid-1
---ebpf-pid----372881----pid-372881
---ebpf-pid----2094----pid-1
---ebpf-pid----2094----pid-1
---ebpf-pid----2094----pid-2094
---ebpf-pid----372881----pid-1
---ebpf-pid----372881----pid-372881
---ebpf-pid----2094----pid-2094
---ebpf-pid----2094----pid-1
---ebpf-pid----372881----pid-1
---ebpf-pid----2094----pid-2094
---ebpf-pid----2094----pid-2094
---ebpf-pid----2094----pid-1
---ebpf-pid----2094----pid-2094
---ebpf-pid----2094----pid-1
---ebpf-pid----2094----pid-1
---ebpf-pid----2094----pid-2094
---ebpf-pid----2094----pid-2094
---ebpf-pid----2094----pid-1
---ebpf-pid----2094----pid-2094
---ebpf-pid----2094----pid-1
---ebpf-pid----2094----pid-1
---ebpf-pid----2094----pid-2094
---ebpf-pid----2094----pid-2094
---ebpf-pid----2094----pid-1
---ebpf-pid----2094----pid-1
---ebpf-pid----2094----pid-2094
---ebpf-pid----2094----pid-2094
---ebpf-pid----2094----pid-1
---ebpf-pid----2094----pid-1
---ebpf-pid----5865----pid-5865
---ebpf-pid----2094----pid-1
---ebpf-pid----2094----pid-2094
---ebpf-pid----2094----pid-1
---ebpf-pid----2094----pid-2094
---ebpf-pid----2012----pid-1
---ebpf-pid----2012----pid-2012
---ebpf-pid----2012----pid-1
---ebpf-pid----2012----pid-2012
---ebpf-pid----2012----pid-1
---ebpf-pid----2012----pid-2012
---ebpf-pid----2012----pid-1
---ebpf-pid----2012----pid-2012
---ebpf-pid----2094----pid-1
---ebpf-pid----2094----pid-2094
---ebpf-pid----2012----pid-1
---ebpf-pid----2012----pid-2012
---ebpf-pid----2094----pid-1
---ebpf-pid----2094----pid-2094
---ebpf-pid----2094----pid-1
---ebpf-pid----2012----pid-1
---ebpf-pid----2012----pid-2012
---ebpf-pid----5865----pid-5550
---ebpf-pid----5865----pid-1
---ebpf-pid----5865----pid-5865
---ebpf-pid----5865----pid-5550
---ebpf-pid----2094----pid-2094
---ebpf-pid----5865----pid-1
---ebpf-pid----5865----pid-5865
---ebpf-pid----5865----pid-5550
---ebpf-pid----2094----pid-2094
---ebpf-pid----5865----pid-1
---ebpf-pid----2094----pid-1
---ebpf-pid----2094----pid-2094
---ebpf-pid----5865----pid-5865
---ebpf-pid----2094----pid-1
---ebpf-pid----5865----pid-5550
---ebpf-pid----2094----pid-2094
---ebpf-pid----5865----pid-1
---ebpf-pid----2094----pid-1
---ebpf-pid----2094----pid-2094
---ebpf-pid----6211----pid-6211
---ebpf-pid----2094----pid-1
---ebpf-pid----6211----pid-5550
---ebpf-pid----6211----pid-1
---ebpf-pid----6211----pid-6211
---ebpf-pid----6211----pid-5550
---ebpf-pid----6211----pid-1
---ebpf-pid----6211----pid-6211
---ebpf-pid----2012----pid-1
---ebpf-pid----2012----pid-2012
---ebpf-pid----6211----pid-5550
---ebpf-pid----2012----pid-1
---ebpf-pid----2012----pid-2012
---ebpf-pid----6211----pid-1
---ebpf-pid----6211----pid-6211
---ebpf-pid----2012----pid-1
---ebpf-pid----2012----pid-2012
---ebpf-pid----6211----pid-5550
---ebpf-pid----2012----pid-1
---ebpf-pid----2012----pid-2012
---ebpf-pid----6211----pid-1
---ebpf-pid----6211----pid-6211
---ebpf-pid----2012----pid-1
---ebpf-pid----2012----pid-2012
---ebpf-pid----6211----pid-5550
---ebpf-pid----2012----pid-1
---ebpf-pid----2012----pid-2012
---ebpf-pid----6211----pid-1
---ebpf-pid----2012----pid-1
---ebpf-pid----6211----pid-6211
---ebpf-pid----2012----pid-2012
---ebpf-pid----6211----pid-5550
---ebpf-pid----2012----pid-1
---ebpf-pid----2012----pid-2012
---ebpf-pid----6211----pid-1
---ebpf-pid----2012----pid-1
---ebpf-pid----6211----pid-6211
---ebpf-pid----2012----pid-2012
---ebpf-pid----6211----pid-5550
---ebpf-pid----2012----pid-1
---ebpf-pid----2012----pid-2012
---ebpf-pid----6211----pid-1
---ebpf-pid----2012----pid-1
---ebpf-pid----6211----pid-6211
---ebpf-pid----2012----pid-2012
---ebpf-pid----2012----pid-1
---ebpf-pid----6211----pid-5550
---ebpf-pid----2012----pid-2012
---ebpf-pid----2012----pid-1
---ebpf-pid----2012----pid-2012
---ebpf-pid----2012----pid-1
---ebpf-pid----2012----pid-2012
---ebpf-pid----2012----pid-1
---ebpf-pid----2012----pid-2012
---ebpf-pid----2012----pid-1
---ebpf-pid----2012----pid-2012
---ebpf-pid----2012----pid-1
---ebpf-pid----2012----pid-2012
---ebpf-pid----2012----pid-1
---ebpf-pid----2094----pid-2094
---ebpf-pid----2094----pid-1
---ebpf-pid----2094----pid-2094
---ebpf-pid----2094----pid-1
---ebpf-pid----2094----pid-2094
---ebpf-pid----2094----pid-1
---ebpf-pid----2094----pid-2094
---ebpf-pid----6211----pid-1
---ebpf-pid----6211----pid-6211
---ebpf-pid----2094----pid-1
---ebpf-pid----2094----pid-2094
---ebpf-pid----6211----pid-5550
---ebpf-pid----2094----pid-1
---ebpf-pid----2094----pid-2094
---ebpf-pid----2094----pid-1
---ebpf-pid----6211----pid-1
---ebpf-pid----2094----pid-2094
---ebpf-pid----6211----pid-6211
---ebpf-pid----2094----pid-1
---ebpf-pid----2094----pid-2094
---ebpf-pid----6211----pid-5550
---ebpf-pid----2094----pid-1
---ebpf-pid----2094----pid-2094
---ebpf-pid----6211----pid-1
---ebpf-pid----6211----pid-6211
---ebpf-pid----2094----pid-1
---ebpf-pid----2094----pid-2094
---ebpf-pid----6211----pid-5550
---ebpf-pid----2094----pid-1
---ebpf-pid----2094----pid-2094
---ebpf-pid----6211----pid-1
---ebpf-pid----6211----pid-6211
---ebpf-pid----2094----pid-1
---ebpf-pid----2094----pid-2094
---ebpf-pid----6211----pid-5550
---ebpf-pid----2094----pid-1
---ebpf-pid----2094----pid-2094
---ebpf-pid----6211----pid-1
---ebpf-pid----2094----pid-1
---ebpf-pid----6211----pid-6211
---ebpf-pid----2094----pid-2094
---ebpf-pid----6211----pid-5550
---ebpf-pid----2094----pid-1
---ebpf-pid----2094----pid-2094
---ebpf-pid----6211----pid-1
---ebpf-pid----2094----pid-1
---ebpf-pid----2094----pid-2094
---ebpf-pid----2094----pid-2094
---ebpf-pid----2094----pid-1
---ebpf-pid----2094----pid-2094
---ebpf-pid----2094----pid-1
---ebpf-pid----379067----pid-379067
---ebpf-pid----2094----pid-1
---ebpf-pid----2094----pid-2094
---ebpf-pid----379067----pid-5476
---ebpf-pid----2094----pid-1
---ebpf-pid----2088----pid-2088
---ebpf-pid----379067----pid-1
---ebpf-pid----2088----pid-1
---ebpf-pid----379067----pid-379067
---ebpf-pid----2088----pid-2088
---ebpf-pid----379067----pid-5476
---ebpf-pid----2088----pid-1
---ebpf-pid----379067----pid-1
---ebpf-pid----2088----pid-2088
---ebpf-pid----2089----pid-2089
---ebpf-pid----2088----pid-1
---ebpf-pid----2089----pid-1
---ebpf-pid----2088----pid-2088
---ebpf-pid----2088----pid-1
---ebpf-pid----2088----pid-2088
---ebpf-pid----2094----pid-2094
---ebpf-pid----2088----pid-1
---ebpf-pid----2088----pid-2088
---ebpf-pid----2088----pid-1
---ebpf-pid----2094----pid-1
---ebpf-pid----2094----pid-1
---ebpf-pid----2094----pid-2094
---ebpf-pid----2094----pid-2094
---ebpf-pid----2094----pid-1
---ebpf-pid----2088----pid-2088
---ebpf-pid----2094----pid-2094
---ebpf-pid----2094----pid-1
---ebpf-pid----2088----pid-1
---ebpf-pid----2094----pid-1
---ebpf-pid----2088----pid-2088
---ebpf-pid----2094----pid-2094
---ebpf-pid----2094----pid-2094
---ebpf-pid----2088----pid-1
---ebpf-pid----2088----pid-2088
---ebpf-pid----2094----pid-1
---ebpf-pid----2094----pid-2094
---ebpf-pid----2094----pid-1
---ebpf-pid----2094----pid-2094
---ebpf-pid----2088----pid-1
---ebpf-pid----2094----pid-1
---ebpf-pid----5707----pid-5707
---ebpf-pid----2094----pid-1
---ebpf-pid----2094----pid-2094
---ebpf-pid----5707----pid-5476
---ebpf-pid----2094----pid-2094
---ebpf-pid----2094----pid-1
---ebpf-pid----2094----pid-2094
---ebpf-pid----2094----pid-1
---ebpf-pid----2094----pid-2094
---ebpf-pid----5707----pid-1
---ebpf-pid----5707----pid-5707
---ebpf-pid----2094----pid-1
---ebpf-pid----2094----pid-2094
---ebpf-pid----2094----pid-1
---ebpf-pid----5707----pid-5476
---ebpf-pid----448785----pid-448785
---ebpf-pid----5707----pid-1
---ebpf-pid----2094----pid-1
---ebpf-pid----448785----pid-448520
---ebpf-pid----5707----pid-5707
---ebpf-pid----2094----pid-2094
---ebpf-pid----448785----pid-1
---ebpf-pid----448785----pid-448785
---ebpf-pid----448785----pid-448520
---ebpf-pid----448785----pid-1
---ebpf-pid----448785----pid-448785
---ebpf-pid----448785----pid-448520
---ebpf-pid----448785----pid-1
---ebpf-pid----379067----pid-379067
---ebpf-pid----379067----pid-5476
---ebpf-pid----379067----pid-1
---ebpf-pid----379067----pid-379067
---ebpf-pid----5707----pid-5476
---ebpf-pid----2094----pid-1
---ebpf-pid----2094----pid-2094
---ebpf-pid----5707----pid-1
---ebpf-pid----5707----pid-5707
---ebpf-pid----5707----pid-5476
---ebpf-pid----2094----pid-1
---ebpf-pid----2094----pid-2094
---ebpf-pid----5707----pid-1
---ebpf-pid----5707----pid-5707
---ebpf-pid----2094----pid-1
---ebpf-pid----2094----pid-2094
---ebpf-pid----5707----pid-5476
---ebpf-pid----2094----pid-1
---ebpf-pid----2094----pid-2094
---ebpf-pid----5707----pid-1
---ebpf-pid----5707----pid-5707
---ebpf-pid----2094----pid-1
---ebpf-pid----2094----pid-2094
---ebpf-pid----2094----pid-1
---ebpf-pid----2094----pid-2094
---ebpf-pid----2094----pid-1
---ebpf-pid----2094----pid-2094
---ebpf-pid----379067----pid-5476
---ebpf-pid----5707----pid-5476
---ebpf-pid----5707----pid-1
---ebpf-pid----379067----pid-1
---ebpf-pid----2094----pid-2094
---ebpf-pid----448783----pid-448783
---ebpf-pid----2094----pid-1
---ebpf-pid----2094----pid-2094
---ebpf-pid----2094----pid-1
---ebpf-pid----2094----pid-2094
---ebpf-pid----448783----pid-448520
---ebpf-pid----448783----pid-1
---ebpf-pid----2094----pid-1
---ebpf-pid----2094----pid-1
---ebpf-pid----2012----pid-2012
---ebpf-pid----2012----pid-1
---ebpf-pid----2012----pid-2012
---ebpf-pid----2094----pid-2094
---ebpf-pid----2094----pid-2094
---ebpf-pid----379067----pid-379067
---ebpf-pid----2012----pid-1
---ebpf-pid----2012----pid-2012
---ebpf-pid----379067----pid-5476
---ebpf-pid----2094----pid-1
---ebpf-pid----2094----pid-1
---ebpf-pid----379067----pid-1
---ebpf-pid----2012----pid-1
---ebpf-pid----2094----pid-2094
---ebpf-pid----2094----pid-2094
---ebpf-pid----373029----pid-373029
---ebpf-pid----379067----pid-379067
---ebpf-pid----2094----pid-1
---ebpf-pid----2094----pid-2094
---ebpf-pid----2094----pid-1
---ebpf-pid----373029----pid-5476
---ebpf-pid----379067----pid-5476
---ebpf-pid----2094----pid-2094
---ebpf-pid----2094----pid-1
---ebpf-pid----2094----pid-2094
---ebpf-pid----373029----pid-1
---ebpf-pid----2094----pid-1
---ebpf-pid----2094----pid-2094
---ebpf-pid----2094----pid-1
---ebpf-pid----2094----pid-2094
---ebpf-pid----2094----pid-1
---ebpf-pid----379067----pid-1
---ebpf-pid----448783----pid-448783
---ebpf-pid----2094----pid-2094
---ebpf-pid----448783----pid-448520
---ebpf-pid----448783----pid-1
---ebpf-pid----379067----pid-379067
---ebpf-pid----379067----pid-5476
---ebpf-pid----379067----pid-1
---ebpf-pid----2094----pid-1
---ebpf-pid----2094----pid-2094
---ebpf-pid----2094----pid-1
---ebpf-pid----2094----pid-2094
---ebpf-pid----2094----pid-1
---ebpf-pid----2094----pid-2094
---ebpf-pid----2094----pid-1
---ebpf-pid----2094----pid-2094
---ebpf-pid----379067----pid-379067
---ebpf-pid----2094----pid-1
---ebpf-pid----2094----pid-2094
---ebpf-pid----2094----pid-1
---ebpf-pid----2094----pid-2094
---ebpf-pid----379067----pid-5476
---ebpf-pid----379067----pid-1
---ebpf-pid----379067----pid-379067
---ebpf-pid----2094----pid-1
---ebpf-pid----2094----pid-2094
---ebpf-pid----379067----pid-5476
---ebpf-pid----379067----pid-1
---ebpf-pid----448783----pid-448783
---ebpf-pid----2094----pid-1
---ebpf-pid----2094----pid-2094
---ebpf-pid----2094----pid-1
---ebpf-pid----2094----pid-2094
---ebpf-pid----2094----pid-1
---ebpf-pid----448783----pid-448520
---ebpf-pid----448783----pid-1
---ebpf-pid----2094----pid-2094
---ebpf-pid----448783----pid-448783
---ebpf-pid----2094----pid-1
---ebpf-pid----2094----pid-2094
---ebpf-pid----2094----pid-1
---ebpf-pid----2094----pid-2094
---ebpf-pid----448783----pid-448520
---ebpf-pid----373029----pid-373029
---ebpf-pid----373029----pid-5476
---ebpf-pid----373029----pid-1
---ebpf-pid----373029----pid-373029
---ebpf-pid----373029----pid-5476
---ebpf-pid----373029----pid-1
---ebpf-pid----2012----pid-2012
---ebpf-pid----2012----pid-1
---ebpf-pid----2012----pid-2012
---ebpf-pid----448783----pid-1
---ebpf-pid----2094----pid-1
---ebpf-pid----2094----pid-2094
---ebpf-pid----2012----pid-1
---ebpf-pid----2094----pid-1
---ebpf-pid----2094----pid-2094
---ebpf-pid----2094----pid-1
---ebpf-pid----2094----pid-2094
---ebpf-pid----2094----pid-1
---ebpf-pid----2094----pid-2094
---ebpf-pid----2094----pid-1
---ebpf-pid----2094----pid-2094
---ebpf-pid----2094----pid-1
---ebpf-pid----2094----pid-2094
---ebpf-pid----2094----pid-1
---ebpf-pid----2094----pid-2094
---ebpf-pid----5638----pid-5638
---ebpf-pid----5638----pid-1
---ebpf-pid----7313----pid-7313
---ebpf-pid----7313----pid-1
---ebpf-pid----5707----pid-5707
---ebpf-pid----5707----pid-5476
---ebpf-pid----5707----pid-1
---ebpf-pid----5707----pid-5707
---ebpf-pid----5707----pid-5476
---ebpf-pid----5707----pid-1
---ebpf-pid----5705----pid-5705
---ebpf-pid----2094----pid-1
---ebpf-pid----5705----pid-5476
---ebpf-pid----2094----pid-1
---ebpf-pid----5705----pid-1
---ebpf-pid----5705----pid-5705
---ebpf-pid----2094----pid-2094
---ebpf-pid----2094----pid-2094
---ebpf-pid----2094----pid-1
---ebpf-pid----2094----pid-2094
---ebpf-pid----2094----pid-1
---ebpf-pid----2094----pid-2094
---ebpf-pid----2094----pid-1
---ebpf-pid----2094----pid-2094
---ebpf-pid----2094----pid-1
---ebpf-pid----2094----pid-1
---ebpf-pid----2094----pid-2094
---ebpf-pid----2094----pid-2094
---ebpf-pid----2094----pid-1
---ebpf-pid----2094----pid-2094
---ebpf-pid----2094----pid-1
---ebpf-pid----2094----pid-2094
---ebpf-pid----2094----pid-1
---ebpf-pid----2094----pid-2094
---ebpf-pid----2094----pid-1
---ebpf-pid----5705----pid-5476
---ebpf-pid----2094----pid-2094
---ebpf-pid----5705----pid-1
---ebpf-pid----5705----pid-5705
---ebpf-pid----5705----pid-5476
---ebpf-pid----5705----pid-1
---ebpf-pid----5707----pid-5707
---ebpf-pid----5707----pid-5476
---ebpf-pid----2094----pid-1
---ebpf-pid----5707----pid-1
---ebpf-pid----5707----pid-5707
---ebpf-pid----2094----pid-2094
---ebpf-pid----5707----pid-5476
---ebpf-pid----2094----pid-1
---ebpf-pid----5707----pid-1
---ebpf-pid----5705----pid-5705
---ebpf-pid----2094----pid-2094
---ebpf-pid----2094----pid-1
---ebpf-pid----2094----pid-2094
---ebpf-pid----5705----pid-5476
---ebpf-pid----5705----pid-1
---ebpf-pid----5707----pid-5707
---ebpf-pid----2094----pid-1
---ebpf-pid----5707----pid-5476
---ebpf-pid----2094----pid-2094
---ebpf-pid----5707----pid-1
---ebpf-pid----5707----pid-5707
---ebpf-pid----5707----pid-5476
---ebpf-pid----2094----pid-1
---ebpf-pid----5707----pid-1
---ebpf-pid----2094----pid-2094
---ebpf-pid----2094----pid-1
---ebpf-pid----2094----pid-2094
---ebpf-pid----2094----pid-1
---ebpf-pid----2088----pid-2088
---ebpf-pid----2094----pid-1
---ebpf-pid----2088----pid-1
---ebpf-pid----2094----pid-2094
---ebpf-pid----5705----pid-5705
---ebpf-pid----5705----pid-5476
---ebpf-pid----2094----pid-1
---ebpf-pid----5705----pid-1
---ebpf-pid----2094----pid-2094
---ebpf-pid----2094----pid-1
---ebpf-pid----2094----pid-2094
---ebpf-pid----2094----pid-1
---ebpf-pid----373029----pid-373029
---ebpf-pid----373029----pid-5476
---ebpf-pid----373029----pid-1
---ebpf-pid----373029----pid-373029
---ebpf-pid----373029----pid-5476
---ebpf-pid----5705----pid-5705
---ebpf-pid----373029----pid-1
---ebpf-pid----9180----pid-9180
---ebpf-pid----5705----pid-5476
---ebpf-pid----9180----pid-7637
---ebpf-pid----9180----pid-1
---ebpf-pid----9180----pid-9180
---ebpf-pid----9180----pid-7637
---ebpf-pid----9180----pid-1
---ebpf-pid----9178----pid-9178
---ebpf-pid----9178----pid-7637
---ebpf-pid----9178----pid-1
---ebpf-pid----9178----pid-9178
---ebpf-pid----9178----pid-7637
---ebpf-pid----9178----pid-1
---ebpf-pid----2088----pid-2088
---ebpf-pid----2088----pid-1
---ebpf-pid----2088----pid-2088
---ebpf-pid----2088----pid-1
---ebpf-pid----2088----pid-2088
---ebpf-pid----2088----pid-1
---ebpf-pid----2088----pid-2088
---ebpf-pid----2088----pid-1
---ebpf-pid----2088----pid-2088
---ebpf-pid----2088----pid-1
---ebpf-pid----2088----pid-2088
---ebpf-pid----2088----pid-1
---ebpf-pid----2088----pid-2088
---ebpf-pid----2088----pid-1
---ebpf-pid----2088----pid-2088
---ebpf-pid----2088----pid-1
---ebpf-pid----9178----pid-9178
---ebpf-pid----9178----pid-7637
---ebpf-pid----9178----pid-1
---ebpf-pid----9178----pid-9178
---ebpf-pid----9178----pid-7637
---ebpf-pid----9178----pid-1
---ebpf-pid----9178----pid-9178
---ebpf-pid----9178----pid-7637
---ebpf-pid----9178----pid-1
---ebpf-pid----9178----pid-9178
---ebpf-pid----9178----pid-7637
---ebpf-pid----9178----pid-1
---ebpf-pid----9178----pid-9178
---ebpf-pid----9178----pid-7637
---ebpf-pid----9178----pid-1
---ebpf-pid----9178----pid-9178
---ebpf-pid----9178----pid-7637
---ebpf-pid----9178----pid-1
---ebpf-pid----9178----pid-9178
---ebpf-pid----9178----pid-7637
---ebpf-pid----9178----pid-1
---ebpf-pid----9178----pid-9178
---ebpf-pid----9178----pid-7637
---ebpf-pid----9178----pid-1
---ebpf-pid----9178----pid-9178
---ebpf-pid----9178----pid-7637
---ebpf-pid----9178----pid-1
---ebpf-pid----9178----pid-9178
---ebpf-pid----9178----pid-7637
---ebpf-pid----9178----pid-1
---ebpf-pid----9178----pid-9178
---ebpf-pid----9178----pid-7637
---ebpf-pid----9178----pid-1
---ebpf-pid----9178----pid-9178
---ebpf-pid----9178----pid-7637
---ebpf-pid----9178----pid-1
---ebpf-pid----9178----pid-9178
---ebpf-pid----9178----pid-7637
---ebpf-pid----9178----pid-1
---ebpf-pid----9178----pid-9178
---ebpf-pid----9178----pid-7637
---ebpf-pid----9178----pid-1
---ebpf-pid----9178----pid-9178
---ebpf-pid----9178----pid-7637
---ebpf-pid----9178----pid-1
---ebpf-pid----9178----pid-9178
---ebpf-pid----9178----pid-7637
---ebpf-pid----9178----pid-1
---ebpf-pid----373029----pid-373029
---ebpf-pid----373029----pid-5476
---ebpf-pid----2012----pid-2012
---ebpf-pid----373029----pid-1
---ebpf-pid----373029----pid-373029
---ebpf-pid----2012----pid-1
---ebpf-pid----2012----pid-2012
---ebpf-pid----373029----pid-5476
---ebpf-pid----2012----pid-1
---ebpf-pid----373029----pid-1
---ebpf-pid----372881----pid-372881
---ebpf-pid----373029----pid-373029
---ebpf-pid----372881----pid-1
---ebpf-pid----373029----pid-5476
---ebpf-pid----372881----pid-372881
---ebpf-pid----373029----pid-1
---ebpf-pid----372881----pid-1
---ebpf-pid----373029----pid-373029
---ebpf-pid----372881----pid-372881
---ebpf-pid----373029----pid-5476
---ebpf-pid----372881----pid-1
---ebpf-pid----372881----pid-372881
---ebpf-pid----373029----pid-1
---ebpf-pid----373029----pid-373029
---ebpf-pid----372881----pid-1
---ebpf-pid----372881----pid-372881
---ebpf-pid----373029----pid-5476
---ebpf-pid----372881----pid-1
---ebpf-pid----373029----pid-1
---ebpf-pid----372881----pid-372881
---ebpf-pid----372881----pid-1
---ebpf-pid----5705----pid-1
---ebpf-pid----372881----pid-372881
---ebpf-pid----5707----pid-5707
---ebpf-pid----372881----pid-1
---ebpf-pid----372881----pid-372881
---ebpf-pid----5707----pid-5476
---ebpf-pid----372881----pid-1
---ebpf-pid----5707----pid-1
---ebpf-pid----5707----pid-5707
---ebpf-pid----372881----pid-372881
---ebpf-pid----5707----pid-5476
---ebpf-pid----372881----pid-1
---ebpf-pid----372881----pid-372881
---ebpf-pid----5707----pid-1
---ebpf-pid----5707----pid-5707
---ebpf-pid----372881----pid-1
---ebpf-pid----372881----pid-372881
---ebpf-pid----5707----pid-5476
---ebpf-pid----372881----pid-1
---ebpf-pid----372881----pid-372881
---ebpf-pid----5707----pid-1
---ebpf-pid----5705----pid-5705
---ebpf-pid----372881----pid-1
---ebpf-pid----372881----pid-372881
---ebpf-pid----5705----pid-5476
---ebpf-pid----372881----pid-1
---ebpf-pid----5705----pid-1
---ebpf-pid----372881----pid-372881
---ebpf-pid----5707----pid-5707
---ebpf-pid----372881----pid-1
---ebpf-pid----372881----pid-372881
---ebpf-pid----5707----pid-5476
---ebpf-pid----372881----pid-1
---ebpf-pid----372881----pid-372881
---ebpf-pid----372881----pid-1
---ebpf-pid----5707----pid-1
---ebpf-pid----372881----pid-372881
---ebpf-pid----5707----pid-5707
---ebpf-pid----372881----pid-1
---ebpf-pid----5707----pid-5476
---ebpf-pid----372881----pid-372881
---ebpf-pid----372881----pid-1
---ebpf-pid----5707----pid-1
---ebpf-pid----372881----pid-372881
---ebpf-pid----448783----pid-448783
---ebpf-pid----372881----pid-1
---ebpf-pid----448783----pid-448520
---ebpf-pid----372881----pid-372881
---ebpf-pid----448783----pid-1
---ebpf-pid----448783----pid-448783
---ebpf-pid----372881----pid-1
---ebpf-pid----448783----pid-448520
---ebpf-pid----448783----pid-1
---ebpf-pid----5707----pid-5707
---ebpf-pid----2088----pid-2088
---ebpf-pid----5707----pid-5476
---ebpf-pid----2088----pid-1
---ebpf-pid----2088----pid-2088
---ebpf-pid----5707----pid-1
---ebpf-pid----5707----pid-5707
---ebpf-pid----2088----pid-1
---ebpf-pid----2088----pid-2088
---ebpf-pid----5707----pid-5476
---ebpf-pid----2088----pid-1
---ebpf-pid----5707----pid-1
---ebpf-pid----2088----pid-2088
---ebpf-pid----5707----pid-5707
---ebpf-pid----2088----pid-1
---ebpf-pid----5707----pid-5476
---ebpf-pid----2088----pid-2088
---ebpf-pid----5707----pid-1
---ebpf-pid----5707----pid-5707
---ebpf-pid----2088----pid-1
---ebpf-pid----2088----pid-2088
---ebpf-pid----5707----pid-5476
---ebpf-pid----5707----pid-1
---ebpf-pid----448783----pid-448783
---ebpf-pid----448783----pid-448520
---ebpf-pid----448783----pid-1
---ebpf-pid----448783----pid-448783
---ebpf-pid----448783----pid-448520
---ebpf-pid----448783----pid-1
---ebpf-pid----448783----pid-448783
---ebpf-pid----448783----pid-448520
---ebpf-pid----448783----pid-1
---ebpf-pid----448783----pid-448783
---ebpf-pid----448783----pid-448520
---ebpf-pid----448783----pid-1
---ebpf-pid----373029----pid-373029
---ebpf-pid----373029----pid-5476
---ebpf-pid----373029----pid-1
---ebpf-pid----373029----pid-373029
---ebpf-pid----373029----pid-5476
---ebpf-pid----373029----pid-1
---ebpf-pid----373029----pid-373029
---ebpf-pid----2088----pid-1
---ebpf-pid----373029----pid-5476
---ebpf-pid----5707----pid-5707
---ebpf-pid----373029----pid-1
---ebpf-pid----5707----pid-5476
---ebpf-pid----373029----pid-373029
---ebpf-pid----5707----pid-1
---ebpf-pid----5707----pid-5707
---ebpf-pid----373029----pid-5476
---ebpf-pid----5707----pid-5476
---ebpf-pid----373029----pid-1
---ebpf-pid----373029----pid-373029
---ebpf-pid----5707----pid-1
---ebpf-pid----2088----pid-2088
---ebpf-pid----373029----pid-5476
---ebpf-pid----2088----pid-1
---ebpf-pid----373029----pid-1
---ebpf-pid----2088----pid-2088
---ebpf-pid----373029----pid-373029
---ebpf-pid----2088----pid-1
---ebpf-pid----2088----pid-2088
---ebpf-pid----373029----pid-5476
---ebpf-pid----2088----pid-1
---ebpf-pid----373029----pid-1
---ebpf-pid----2088----pid-2088
---ebpf-pid----373029----pid-373029
---ebpf-pid----2088----pid-1
---ebpf-pid----373029----pid-5476
---ebpf-pid----2088----pid-2088
---ebpf-pid----373029----pid-1
---ebpf-pid----2088----pid-1
---ebpf-pid----373029----pid-373029
---ebpf-pid----2088----pid-2088
---ebpf-pid----2088----pid-1
---ebpf-pid----2088----pid-2088
---ebpf-pid----2088----pid-1
---ebpf-pid----2088----pid-2088
---ebpf-pid----2088----pid-1
---ebpf-pid----2088----pid-2088
---ebpf-pid----2088----pid-1
---ebpf-pid----2088----pid-2088
---ebpf-pid----2088----pid-1
---ebpf-pid----2088----pid-2088
---ebpf-pid----2088----pid-1
---ebpf-pid----2088----pid-2088
---ebpf-pid----2088----pid-1
---ebpf-pid----2088----pid-2088
---ebpf-pid----2088----pid-1
---ebpf-pid----2088----pid-2088
---ebpf-pid----373029----pid-5476
---ebpf-pid----373029----pid-1
---ebpf-pid----372881----pid-372881
---ebpf-pid----373029----pid-373029
---ebpf-pid----372881----pid-1
---ebpf-pid----373029----pid-5476
---ebpf-pid----372881----pid-372881
---ebpf-pid----373029----pid-1
---ebpf-pid----372881----pid-1
---ebpf-pid----373029----pid-373029
---ebpf-pid----372881----pid-372881
---ebpf-pid----373029----pid-5476
---ebpf-pid----372881----pid-1
---ebpf-pid----372881----pid-372881
---ebpf-pid----372881----pid-1
---ebpf-pid----372881----pid-372881
---ebpf-pid----373029----pid-1
---ebpf-pid----373029----pid-373029
---ebpf-pid----372881----pid-1
---ebpf-pid----372881----pid-372881
---ebpf-pid----373029----pid-5476
---ebpf-pid----372881----pid-1
---ebpf-pid----373029----pid-1
---ebpf-pid----372881----pid-372881
---ebpf-pid----373029----pid-373029
---ebpf-pid----373029----pid-5476
---ebpf-pid----372881----pid-1
---ebpf-pid----372881----pid-372881
---ebpf-pid----373029----pid-1
---ebpf-pid----372881----pid-1
---ebpf-pid----373029----pid-373029
---ebpf-pid----372881----pid-372881
---ebpf-pid----373029----pid-5476
---ebpf-pid----372881----pid-1
---ebpf-pid----372881----pid-372881
---ebpf-pid----373029----pid-1
---ebpf-pid----448783----pid-448783
---ebpf-pid----372881----pid-1
---ebpf-pid----372881----pid-372881
---ebpf-pid----448783----pid-448520
---ebpf-pid----372881----pid-1
---ebpf-pid----448783----pid-1
---ebpf-pid----372881----pid-372881
---ebpf-pid----373029----pid-373029
---ebpf-pid----372881----pid-1
---ebpf-pid----373029----pid-5476
---ebpf-pid----372881----pid-372881
---ebpf-pid----373029----pid-1
---ebpf-pid----372881----pid-1
---ebpf-pid----373029----pid-373029
---ebpf-pid----372881----pid-372881
---ebpf-pid----373029----pid-5476
---ebpf-pid----372881----pid-1
---ebpf-pid----372881----pid-372881
---ebpf-pid----373029----pid-1
---ebpf-pid----372881----pid-1
---ebpf-pid----373029----pid-373029
---ebpf-pid----372881----pid-372881
---ebpf-pid----372881----pid-1
---ebpf-pid----373029----pid-5476
---ebpf-pid----372881----pid-372881
---ebpf-pid----373029----pid-1
---ebpf-pid----372881----pid-1
---ebpf-pid----448784----pid-448784
---ebpf-pid----372881----pid-372881
---ebpf-pid----448784----pid-448520
---ebpf-pid----372881----pid-1
---ebpf-pid----372881----pid-372881
---ebpf-pid----448784----pid-1
---ebpf-pid----448784----pid-448784
---ebpf-pid----448784----pid-448520
---ebpf-pid----448784----pid-1
---ebpf-pid----448783----pid-448783
---ebpf-pid----448783----pid-448520
---ebpf-pid----448783----pid-1
---ebpf-pid----448783----pid-448783
---ebpf-pid----448783----pid-448520
---ebpf-pid----372881----pid-1
---ebpf-pid----372881----pid-372881
---ebpf-pid----448783----pid-1
---ebpf-pid----448783----pid-448783
---ebpf-pid----372881----pid-1
---ebpf-pid----372881----pid-372881
---ebpf-pid----448783----pid-448520
---ebpf-pid----372881----pid-1
---ebpf-pid----448783----pid-1
---ebpf-pid----372881----pid-372881
---ebpf-pid----5705----pid-5705
---ebpf-pid----372881----pid-1
---ebpf-pid----5705----pid-5476
---ebpf-pid----372881----pid-372881
---ebpf-pid----5705----pid-1
---ebpf-pid----372881----pid-1
---ebpf-pid----5705----pid-5705
---ebpf-pid----372881----pid-372881
---ebpf-pid----5705----pid-5476
---ebpf-pid----372881----pid-1
---ebpf-pid----372881----pid-372881
---ebpf-pid----5705----pid-1
---ebpf-pid----5705----pid-5705
---ebpf-pid----372881----pid-1
---ebpf-pid----372881----pid-372881
---ebpf-pid----5705----pid-5476
---ebpf-pid----372881----pid-1
---ebpf-pid----372881----pid-372881
---ebpf-pid----5705----pid-1
---ebpf-pid----5705----pid-5705
---ebpf-pid----5705----pid-5476
---ebpf-pid----5705----pid-1
---ebpf-pid----5705----pid-5705
---ebpf-pid----5705----pid-5476
---ebpf-pid----5705----pid-1
---ebpf-pid----14----pid-14
---ebpf-pid----14----pid-2
---ebpf-pid----5705----pid-5705
---ebpf-pid----5705----pid-5476
---ebpf-pid----5705----pid-1
---ebpf-pid----5705----pid-5705
---ebpf-pid----5705----pid-5476
---ebpf-pid----372881----pid-1
---ebpf-pid----372881----pid-372881
---ebpf-pid----5705----pid-1
---ebpf-pid----5705----pid-5705
---ebpf-pid----372881----pid-1
---ebpf-pid----372881----pid-372881
---ebpf-pid----5705----pid-5476
---ebpf-pid----5705----pid-1
---ebpf-pid----372881----pid-1
---ebpf-pid----5705----pid-5705
---ebpf-pid----372881----pid-372881
---ebpf-pid----5705----pid-5476
---ebpf-pid----372881----pid-1
---ebpf-pid----372881----pid-372881
---ebpf-pid----5705----pid-1
---ebpf-pid----5705----pid-5705
---ebpf-pid----372881----pid-1
---ebpf-pid----372881----pid-372881
---ebpf-pid----5705----pid-5476
---ebpf-pid----372881----pid-1
---ebpf-pid----5705----pid-1
---ebpf-pid----372881----pid-372881
---ebpf-pid----5705----pid-5705
---ebpf-pid----372881----pid-1
---ebpf-pid----372881----pid-372881
---ebpf-pid----5705----pid-5476
---ebpf-pid----5705----pid-1
---ebpf-pid----372881----pid-1
---ebpf-pid----5705----pid-5705
---ebpf-pid----372881----pid-372881
---ebpf-pid----5705----pid-5476
---ebpf-pid----5705----pid-1
---ebpf-pid----5705----pid-5705
---ebpf-pid----5705----pid-5476
---ebpf-pid----372881----pid-1
---ebpf-pid----372881----pid-372881
---ebpf-pid----2088----pid-1
---ebpf-pid----372881----pid-1
---ebpf-pid----2088----pid-2088
---ebpf-pid----372881----pid-372881
---ebpf-pid----2088----pid-1
---ebpf-pid----372881----pid-1
---ebpf-pid----2094----pid-2094
---ebpf-pid----372881----pid-372881
---ebpf-pid----2094----pid-1
---ebpf-pid----372881----pid-1
---ebpf-pid----2094----pid-2094
---ebpf-pid----372881----pid-372881
---ebpf-pid----2094----pid-1
---ebpf-pid----372881----pid-1
---ebpf-pid----2094----pid-2094
---ebpf-pid----372881----pid-372881
---ebpf-pid----2094----pid-1
---ebpf-pid----372881----pid-1
---ebpf-pid----2089----pid-2089
---ebpf-pid----372881----pid-372881
---ebpf-pid----2089----pid-1
---ebpf-pid----372881----pid-1
---ebpf-pid----2089----pid-2089
---ebpf-pid----372881----pid-372881
---ebpf-pid----2089----pid-1
---ebpf-pid----372881----pid-1
---ebpf-pid----2089----pid-2089
---ebpf-pid----372881----pid-372881
---ebpf-pid----2089----pid-1
---ebpf-pid----2089----pid-2089
---ebpf-pid----372881----pid-1
---ebpf-pid----2089----pid-1
---ebpf-pid----372881----pid-372881
---ebpf-pid----2089----pid-2089
---ebpf-pid----372881----pid-1
---ebpf-pid----2089----pid-1
---ebpf-pid----372881----pid-372881
---ebpf-pid----2089----pid-2089
---ebpf-pid----372881----pid-1
---ebpf-pid----2089----pid-1
---ebpf-pid----372881----pid-372881
---ebpf-pid----2089----pid-2089
---ebpf-pid----2089----pid-1
---ebpf-pid----372881----pid-1
---ebpf-pid----372881----pid-372881
---ebpf-pid----2089----pid-2089
---ebpf-pid----2089----pid-1
---ebpf-pid----372881----pid-1
---ebpf-pid----2089----pid-2089
---ebpf-pid----372881----pid-372881
---ebpf-pid----2089----pid-1
---ebpf-pid----372881----pid-1
---ebpf-pid----372881----pid-372881
---ebpf-pid----2089----pid-2089
---ebpf-pid----372881----pid-1
---ebpf-pid----2089----pid-1
---ebpf-pid----372881----pid-372881
---ebpf-pid----2089----pid-2089
---ebpf-pid----2089----pid-1
---ebpf-pid----372881----pid-1
---ebpf-pid----2089----pid-2089
---ebpf-pid----372881----pid-372881
---ebpf-pid----2089----pid-1
---ebpf-pid----372881----pid-1
---ebpf-pid----2089----pid-2089
---ebpf-pid----372881----pid-372881
---ebpf-pid----2089----pid-1
---ebpf-pid----372881----pid-1
---ebpf-pid----2089----pid-2089
---ebpf-pid----372881----pid-372881
---ebpf-pid----2089----pid-1
---ebpf-pid----372881----pid-1
---ebpf-pid----2089----pid-2089
---ebpf-pid----372881----pid-372881
---ebpf-pid----372881----pid-1
---ebpf-pid----2089----pid-1
---ebpf-pid----372881----pid-372881
---ebpf-pid----2089----pid-2089
---ebpf-pid----372881----pid-1
---ebpf-pid----2089----pid-1
---ebpf-pid----372881----pid-372881
---ebpf-pid----2089----pid-2089
---ebpf-pid----372881----pid-1
---ebpf-pid----372881----pid-372881
---ebpf-pid----2089----pid-1
---ebpf-pid----2089----pid-2089
---ebpf-pid----372881----pid-1
---ebpf-pid----372881----pid-372881
---ebpf-pid----2089----pid-1
---ebpf-pid----2089----pid-2089
---ebpf-pid----372881----pid-1
---ebpf-pid----372881----pid-372881
---ebpf-pid----2089----pid-1
---ebpf-pid----2089----pid-2089
---ebpf-pid----372881----pid-1
---ebpf-pid----372881----pid-372881
---ebpf-pid----2089----pid-1
---ebpf-pid----2089----pid-2089
---ebpf-pid----372881----pid-1
---ebpf-pid----372881----pid-372881
---ebpf-pid----2089----pid-1
---ebpf-pid----2089----pid-2089
---ebpf-pid----372881----pid-1
---ebpf-pid----372881----pid-372881
---ebpf-pid----2089----pid-1
---ebpf-pid----2089----pid-2089
---ebpf-pid----372881----pid-1
---ebpf-pid----372881----pid-372881
---ebpf-pid----2089----pid-1
---ebpf-pid----2089----pid-2089
---ebpf-pid----2089----pid-1
---ebpf-pid----2089----pid-2089
---ebpf-pid----2089----pid-1
---ebpf-pid----2089----pid-2089
---ebpf-pid----2089----pid-1
---ebpf-pid----2089----pid-2089
---ebpf-pid----2089----pid-1
---ebpf-pid----372881----pid-1
---ebpf-pid----2089----pid-2089
---ebpf-pid----372881----pid-372881
---ebpf-pid----2089----pid-1
---ebpf-pid----372881----pid-1
---ebpf-pid----2089----pid-2089
---ebpf-pid----372881----pid-372881
---ebpf-pid----2089----pid-1
---ebpf-pid----372881----pid-1
---ebpf-pid----2089----pid-2089
---ebpf-pid----372881----pid-372881
---ebpf-pid----2089----pid-1
---ebpf-pid----372881----pid-1
---ebpf-pid----2089----pid-2089
---ebpf-pid----372881----pid-372881
---ebpf-pid----2089----pid-1
---ebpf-pid----2089----pid-2089
---ebpf-pid----372881----pid-1
---ebpf-pid----372881----pid-372881
---ebpf-pid----2089----pid-1
---ebpf-pid----2089----pid-2089
---ebpf-pid----2089----pid-1
---ebpf-pid----2089----pid-2089
---ebpf-pid----372881----pid-1
---ebpf-pid----2089----pid-1
---ebpf-pid----372881----pid-372881
---ebpf-pid----2089----pid-2089
---ebpf-pid----372881----pid-1
---ebpf-pid----2089----pid-1
---ebpf-pid----372881----pid-372881
---ebpf-pid----2089----pid-2089
---ebpf-pid----372881----pid-1
---ebpf-pid----2089----pid-1
---ebpf-pid----372881----pid-372881
---ebpf-pid----2089----pid-2089
---ebpf-pid----372881----pid-1
---ebpf-pid----2089----pid-1
---ebpf-pid----372881----pid-372881
---ebpf-pid----2089----pid-2089
---ebpf-pid----372881----pid-1
---ebpf-pid----2089----pid-1
---ebpf-pid----372881----pid-372881
---ebpf-pid----2089----pid-2089
---ebpf-pid----372881----pid-1
---ebpf-pid----5705----pid-1
---ebpf-pid----372881----pid-372881
---ebpf-pid----5705----pid-5705
---ebpf-pid----5705----pid-5476
---ebpf-pid----372881----pid-1
---ebpf-pid----5705----pid-1
---ebpf-pid----372881----pid-372881
---ebpf-pid----5705----pid-5705
---ebpf-pid----372881----pid-1
---ebpf-pid----5705----pid-5476
---ebpf-pid----5705----pid-1
---ebpf-pid----5705----pid-5705
---ebpf-pid----5705----pid-5476
---ebpf-pid----5705----pid-1
---ebpf-pid----5705----pid-5705
---ebpf-pid----5705----pid-5476
---ebpf-pid----5705----pid-1
---ebpf-pid----5705----pid-5705
---ebpf-pid----5705----pid-5476
---ebpf-pid----5705----pid-1
---ebpf-pid----5705----pid-5705
---ebpf-pid----372881----pid-372881
---ebpf-pid----5705----pid-5476
---ebpf-pid----372881----pid-1
---ebpf-pid----5705----pid-1
---ebpf-pid----372881----pid-372881
---ebpf-pid----5705----pid-5705
---ebpf-pid----372881----pid-1
---ebpf-pid----5705----pid-5476
---ebpf-pid----372881----pid-372881
---ebpf-pid----5705----pid-1
---ebpf-pid----372881----pid-1
---ebpf-pid----5705----pid-5705
---ebpf-pid----372881----pid-372881
---ebpf-pid----5705----pid-5476
---ebpf-pid----5705----pid-1
---ebpf-pid----5705----pid-5705
---ebpf-pid----5705----pid-5476
---ebpf-pid----5705----pid-1
---ebpf-pid----5705----pid-5705
---ebpf-pid----5705----pid-5476
---ebpf-pid----5705----pid-1
---ebpf-pid----5705----pid-5705
---ebpf-pid----372881----pid-1
---ebpf-pid----5705----pid-5476
---ebpf-pid----372881----pid-372881
---ebpf-pid----5705----pid-1
---ebpf-pid----372881----pid-1
---ebpf-pid----5705----pid-5705
---ebpf-pid----372881----pid-372881
---ebpf-pid----5705----pid-5476
---ebpf-pid----372881----pid-1
---ebpf-pid----372881----pid-372881
---ebpf-pid----5705----pid-1
---ebpf-pid----5705----pid-5705
---ebpf-pid----372881----pid-1
---ebpf-pid----372881----pid-372881
---ebpf-pid----5705----pid-5476
---ebpf-pid----372881----pid-1
---ebpf-pid----5705----pid-1
---ebpf-pid----372881----pid-372881
---ebpf-pid----5705----pid-5705
---ebpf-pid----372881----pid-1
---ebpf-pid----5705----pid-5476
---ebpf-pid----372881----pid-372881
---ebpf-pid----5705----pid-1
---ebpf-pid----372881----pid-1
---ebpf-pid----5705----pid-5705
---ebpf-pid----372881----pid-372881
---ebpf-pid----5705----pid-5476
---ebpf-pid----372881----pid-1
---ebpf-pid----372881----pid-372881
---ebpf-pid----5705----pid-1
---ebpf-pid----5705----pid-5705
---ebpf-pid----372881----pid-1
---ebpf-pid----372881----pid-372881
---ebpf-pid----5705----pid-5476
---ebpf-pid----372881----pid-1
---ebpf-pid----5705----pid-1
---ebpf-pid----5705----pid-5705
---ebpf-pid----5705----pid-5476
---ebpf-pid----2089----pid-1
---ebpf-pid----372881----pid-372881
---ebpf-pid----2089----pid-2089
---ebpf-pid----372881----pid-1
---ebpf-pid----2089----pid-1
---ebpf-pid----372881----pid-372881
---ebpf-pid----2089----pid-2089
---ebpf-pid----372881----pid-1
---ebpf-pid----2089----pid-1
---ebpf-pid----372881----pid-372881
---ebpf-pid----2089----pid-2089
---ebpf-pid----372881----pid-1
---ebpf-pid----2089----pid-1
---ebpf-pid----372881----pid-372881
---ebpf-pid----2089----pid-2089
---ebpf-pid----372881----pid-1
---ebpf-pid----2089----pid-1
---ebpf-pid----372881----pid-372881
---ebpf-pid----2089----pid-2089
---ebpf-pid----372881----pid-1
---ebpf-pid----2089----pid-1
---ebpf-pid----372881----pid-372881
---ebpf-pid----2089----pid-2089
---ebpf-pid----372881----pid-1
---ebpf-pid----2089----pid-1
---ebpf-pid----372881----pid-372881
---ebpf-pid----2089----pid-2089
---ebpf-pid----372881----pid-1
---ebpf-pid----372881----pid-372881
---ebpf-pid----2089----pid-1
---ebpf-pid----2089----pid-2089
---ebpf-pid----2089----pid-1
---ebpf-pid----2089----pid-2089
---ebpf-pid----2089----pid-1
---ebpf-pid----2089----pid-2089
---ebpf-pid----2089----pid-1
---ebpf-pid----2089----pid-2089
---ebpf-pid----2089----pid-1
---ebpf-pid----2089----pid-2089
---ebpf-pid----2089----pid-1
---ebpf-pid----2089----pid-2089
---ebpf-pid----2089----pid-1
---ebpf-pid----2089----pid-2089
---ebpf-pid----2089----pid-1
---ebpf-pid----2089----pid-2089
---ebpf-pid----2089----pid-1
---ebpf-pid----2089----pid-2089
---ebpf-pid----2089----pid-1
---ebpf-pid----2089----pid-2089
---ebpf-pid----2089----pid-1
---ebpf-pid----2089----pid-2089
---ebpf-pid----2089----pid-1
---ebpf-pid----2089----pid-2089
---ebpf-pid----2089----pid-1
---ebpf-pid----2089----pid-2089
---ebpf-pid----2089----pid-1
---ebpf-pid----2089----pid-2089
---ebpf-pid----2089----pid-1
---ebpf-pid----2089----pid-2089
---ebpf-pid----2089----pid-1
---ebpf-pid----2089----pid-2089
---ebpf-pid----2089----pid-1
---ebpf-pid----2089----pid-2089
---ebpf-pid----2089----pid-1
---ebpf-pid----2089----pid-2089
---ebpf-pid----5705----pid-1
---ebpf-pid----5705----pid-5705
---ebpf-pid----5705----pid-5476
---ebpf-pid----5705----pid-1
---ebpf-pid----5705----pid-5705
---ebpf-pid----5705----pid-5476
---ebpf-pid----5705----pid-1
---ebpf-pid----5705----pid-5705
---ebpf-pid----5705----pid-5476
---ebpf-pid----372881----pid-1
---ebpf-pid----5705----pid-1
---ebpf-pid----372881----pid-372881
---ebpf-pid----448784----pid-448784
---ebpf-pid----372881----pid-1
---ebpf-pid----448784----pid-448520
---ebpf-pid----372881----pid-372881
---ebpf-pid----448784----pid-1
---ebpf-pid----5705----pid-5705
---ebpf-pid----5705----pid-5476
---ebpf-pid----5705----pid-1
---ebpf-pid----5705----pid-5705
---ebpf-pid----5705----pid-5476
---ebpf-pid----5705----pid-1
---ebpf-pid----5705----pid-5705
---ebpf-pid----372881----pid-1
---ebpf-pid----372881----pid-372881
---ebpf-pid----5705----pid-5476
---ebpf-pid----372881----pid-1
---ebpf-pid----5705----pid-1
---ebpf-pid----372881----pid-372881
---ebpf-pid----5705----pid-5705
---ebpf-pid----372881----pid-1
---ebpf-pid----5705----pid-5476
---ebpf-pid----372881----pid-372881
---ebpf-pid----5705----pid-1
---ebpf-pid----372881----pid-1
---ebpf-pid----5705----pid-5705
---ebpf-pid----372881----pid-372881
---ebpf-pid----372881----pid-1
---ebpf-pid----372881----pid-372881
---ebpf-pid----372881----pid-1
---ebpf-pid----372881----pid-372881
---ebpf-pid----372881----pid-1
---ebpf-pid----373029----pid-373029
---ebpf-pid----373029----pid-5476
---ebpf-pid----373029----pid-1
---ebpf-pid----373029----pid-373029
---ebpf-pid----373029----pid-5476
---ebpf-pid----373029----pid-1
---ebpf-pid----373029----pid-373029
---ebpf-pid----373029----pid-5476
---ebpf-pid----373029----pid-1
---ebpf-pid----373029----pid-373029
---ebpf-pid----373029----pid-5476
---ebpf-pid----2089----pid-1
---ebpf-pid----2089----pid-2089
---ebpf-pid----2089----pid-1
---ebpf-pid----2089----pid-2089
---ebpf-pid----2089----pid-1
---ebpf-pid----2089----pid-2089
---ebpf-pid----373029----pid-1
---ebpf-pid----2089----pid-1
---ebpf-pid----373029----pid-373029
---ebpf-pid----2089----pid-2089
---ebpf-pid----373029----pid-5476
---ebpf-pid----2089----pid-1
---ebpf-pid----2089----pid-2089
---ebpf-pid----373029----pid-1
---ebpf-pid----373029----pid-373029
---ebpf-pid----2089----pid-1
---ebpf-pid----2089----pid-2089
---ebpf-pid----373029----pid-5476
---ebpf-pid----2089----pid-1
---ebpf-pid----373029----pid-1
---ebpf-pid----2089----pid-2089
---ebpf-pid----373029----pid-373029
---ebpf-pid----2089----pid-1
---ebpf-pid----373029----pid-5476
---ebpf-pid----2089----pid-2089
---ebpf-pid----373029----pid-1
---ebpf-pid----2089----pid-1
---ebpf-pid----373029----pid-373029
---ebpf-pid----2089----pid-2089
---ebpf-pid----373029----pid-5476
---ebpf-pid----2089----pid-1
---ebpf-pid----2089----pid-2089
---ebpf-pid----373029----pid-1
---ebpf-pid----373029----pid-373029
---ebpf-pid----2089----pid-1
---ebpf-pid----2089----pid-2089
---ebpf-pid----373029----pid-5476
---ebpf-pid----2089----pid-1
---ebpf-pid----2089----pid-2089
---ebpf-pid----373029----pid-1
---ebpf-pid----373029----pid-373029
---ebpf-pid----2089----pid-1
---ebpf-pid----2089----pid-2089
---ebpf-pid----373029----pid-5476
---ebpf-pid----2089----pid-1
---ebpf-pid----373029----pid-1
---ebpf-pid----2094----pid-2094
---ebpf-pid----373029----pid-373029
---ebpf-pid----2094----pid-1
---ebpf-pid----373029----pid-5476
---ebpf-pid----2094----pid-2094
---ebpf-pid----373029----pid-1
---ebpf-pid----2094----pid-1
---ebpf-pid----373029----pid-373029
---ebpf-pid----2094----pid-2094
---ebpf-pid----373029----pid-5476
---ebpf-pid----2094----pid-1
---ebpf-pid----2094----pid-2094
---ebpf-pid----373029----pid-1
---ebpf-pid----373029----pid-373029
---ebpf-pid----2094----pid-1
---ebpf-pid----2094----pid-2094
---ebpf-pid----373029----pid-5476
---ebpf-pid----2094----pid-1
---ebpf-pid----2094----pid-2094
---ebpf-pid----373029----pid-1
---ebpf-pid----373029----pid-373029
---ebpf-pid----2094----pid-1
---ebpf-pid----2094----pid-2094
---ebpf-pid----373029----pid-5476
---ebpf-pid----2094----pid-1
---ebpf-pid----373029----pid-1
---ebpf-pid----2094----pid-2094
---ebpf-pid----373029----pid-373029
---ebpf-pid----2094----pid-1
---ebpf-pid----2094----pid-2094
---ebpf-pid----2094----pid-1
---ebpf-pid----2094----pid-2094
---ebpf-pid----373029----pid-5476
---ebpf-pid----2094----pid-1
---ebpf-pid----2094----pid-2094
---ebpf-pid----373029----pid-1
---ebpf-pid----373029----pid-373029
---ebpf-pid----2094----pid-1
---ebpf-pid----2094----pid-2094
---ebpf-pid----373029----pid-5476
---ebpf-pid----2094----pid-1
---ebpf-pid----373029----pid-1
---ebpf-pid----373029----pid-373029
---ebpf-pid----5705----pid-5476
---ebpf-pid----373029----pid-5476
---ebpf-pid----5705----pid-1
---ebpf-pid----5705----pid-5705
---ebpf-pid----373029----pid-1
---ebpf-pid----373029----pid-373029
---ebpf-pid----5705----pid-5476
---ebpf-pid----373029----pid-5476
---ebpf-pid----5705----pid-1
---ebpf-pid----5705----pid-5705
---ebpf-pid----373029----pid-1
---ebpf-pid----5705----pid-5476
---ebpf-pid----373029----pid-373029
---ebpf-pid----5705----pid-1
---ebpf-pid----373029----pid-5476
---ebpf-pid----5705----pid-5705
---ebpf-pid----373029----pid-1
---ebpf-pid----5705----pid-5476
---ebpf-pid----373029----pid-373029
---ebpf-pid----5705----pid-1
---ebpf-pid----373029----pid-5476
---ebpf-pid----5705----pid-5705
---ebpf-pid----373029----pid-1
---ebpf-pid----5705----pid-5476
---ebpf-pid----373029----pid-373029
---ebpf-pid----5705----pid-1
---ebpf-pid----373029----pid-5476
---ebpf-pid----5705----pid-5705
---ebpf-pid----373029----pid-1
---ebpf-pid----5705----pid-5476
---ebpf-pid----373029----pid-373029
---ebpf-pid----5705----pid-1
---ebpf-pid----373029----pid-5476
---ebpf-pid----5705----pid-5705
---ebpf-pid----373029----pid-1
---ebpf-pid----5705----pid-5476
---ebpf-pid----373029----pid-373029
---ebpf-pid----5705----pid-1
---ebpf-pid----373029----pid-5476
---ebpf-pid----5705----pid-5705
---ebpf-pid----373029----pid-1
---ebpf-pid----5705----pid-5476
---ebpf-pid----5707----pid-5707
---ebpf-pid----5705----pid-1
---ebpf-pid----5707----pid-5476
---ebpf-pid----5705----pid-5705
---ebpf-pid----5707----pid-1
---ebpf-pid----5705----pid-5476
---ebpf-pid----5707----pid-5707
---ebpf-pid----5705----pid-1
---ebpf-pid----5707----pid-5476
---ebpf-pid----5705----pid-5705
---ebpf-pid----5707----pid-1
---ebpf-pid----5705----pid-5476
---ebpf-pid----373029----pid-373029
---ebpf-pid----5705----pid-1
---ebpf-pid----373029----pid-5476
---ebpf-pid----5705----pid-5705
---ebpf-pid----373029----pid-1
---ebpf-pid----5705----pid-5476
---ebpf-pid----373029----pid-373029
---ebpf-pid----5705----pid-1
---ebpf-pid----5705----pid-5705
---ebpf-pid----373029----pid-5476
---ebpf-pid----5705----pid-5476
---ebpf-pid----373029----pid-1
---ebpf-pid----5707----pid-5707
---ebpf-pid----5705----pid-1
---ebpf-pid----379067----pid-379067
---ebpf-pid----5707----pid-5476
---ebpf-pid----379067----pid-5476
---ebpf-pid----5707----pid-1
---ebpf-pid----5707----pid-5707
---ebpf-pid----379067----pid-1
---ebpf-pid----5707----pid-5476
---ebpf-pid----448783----pid-448783
---ebpf-pid----5707----pid-1
---ebpf-pid----448783----pid-448520
---ebpf-pid----5707----pid-5707
---ebpf-pid----448783----pid-1
---ebpf-pid----5707----pid-5476
---ebpf-pid----5705----pid-5705
---ebpf-pid----5707----pid-1
---ebpf-pid----5705----pid-5476
---ebpf-pid----5707----pid-5707
---ebpf-pid----5705----pid-1
---ebpf-pid----5707----pid-5476
---ebpf-pid----5707----pid-1
---ebpf-pid----5707----pid-5707
---ebpf-pid----5707----pid-5476
---ebpf-pid----5707----pid-1
---ebpf-pid----5707----pid-5707
---ebpf-pid----5707----pid-5476
---ebpf-pid----5707----pid-1
---ebpf-pid----5707----pid-5707
---ebpf-pid----5707----pid-5476
---ebpf-pid----5707----pid-1
---ebpf-pid----5707----pid-5707
---ebpf-pid----5707----pid-5476
---ebpf-pid----5707----pid-1
---ebpf-pid----5707----pid-5707
---ebpf-pid----5707----pid-5476
---ebpf-pid----5707----pid-1
---ebpf-pid----5707----pid-5707
---ebpf-pid----5707----pid-5476
---ebpf-pid----5707----pid-1
---ebpf-pid----5707----pid-5707
---ebpf-pid----5707----pid-5476
---ebpf-pid----5707----pid-1
---ebpf-pid----5707----pid-5707
---ebpf-pid----5707----pid-5476
---ebpf-pid----5707----pid-1
---ebpf-pid----5707----pid-5707
---ebpf-pid----5707----pid-5476
---ebpf-pid----5707----pid-1
---ebpf-pid----5707----pid-5707
---ebpf-pid----5707----pid-5476
---ebpf-pid----2094----pid-2094
---ebpf-pid----2094----pid-1
---ebpf-pid----5705----pid-5705
---ebpf-pid----5705----pid-5476
---ebpf-pid----5705----pid-1
---ebpf-pid----5705----pid-5705
---ebpf-pid----5705----pid-5476
---ebpf-pid----5705----pid-1
---ebpf-pid----5705----pid-5705
---ebpf-pid----5705----pid-5476
---ebpf-pid----5705----pid-1
---ebpf-pid----2094----pid-2094
---ebpf-pid----2094----pid-1
---ebpf-pid----2094----pid-2094
---ebpf-pid----2094----pid-1
---ebpf-pid----2094----pid-2094
---ebpf-pid----2094----pid-1
---ebpf-pid----2094----pid-2094
---ebpf-pid----2094----pid-1
---ebpf-pid----2094----pid-2094
---ebpf-pid----2094----pid-1
---ebpf-pid----2094----pid-2094
---ebpf-pid----2094----pid-1
---ebpf-pid----2094----pid-2094
---ebpf-pid----2094----pid-1
---ebpf-pid----2094----pid-2094
---ebpf-pid----2094----pid-1
---ebpf-pid----5705----pid-5705
---ebpf-pid----5705----pid-5476
---ebpf-pid----5705----pid-1
---ebpf-pid----2094----pid-2094
---ebpf-pid----2094----pid-1
---ebpf-pid----2094----pid-2094
---ebpf-pid----2094----pid-1
---ebpf-pid----2094----pid-2094
---ebpf-pid----2094----pid-1
---ebpf-pid----2094----pid-2094
---ebpf-pid----2094----pid-1
---ebpf-pid----2094----pid-2094
---ebpf-pid----2094----pid-1
---ebpf-pid----2012----pid-2012
---ebpf-pid----5707----pid-1
---ebpf-pid----2012----pid-1
---ebpf-pid----5707----pid-5707
---ebpf-pid----2012----pid-2012
---ebpf-pid----5707----pid-5476
---ebpf-pid----2012----pid-1
---ebpf-pid----2012----pid-2012
---ebpf-pid----5707----pid-1
---ebpf-pid----5707----pid-5707
---ebpf-pid----2012----pid-1
---ebpf-pid----2012----pid-2012
---ebpf-pid----5707----pid-5476
---ebpf-pid----2012----pid-1
---ebpf-pid----5707----pid-1
---ebpf-pid----2012----pid-2012
---ebpf-pid----5707----pid-5707
---ebpf-pid----5707----pid-5476
---ebpf-pid----5707----pid-1
---ebpf-pid----5707----pid-5707
---ebpf-pid----5707----pid-5476
---ebpf-pid----5707----pid-1
---ebpf-pid----5707----pid-5707
---ebpf-pid----5707----pid-5476
---ebpf-pid----5707----pid-1
---ebpf-pid----5707----pid-5707
---ebpf-pid----5707----pid-5476
---ebpf-pid----5707----pid-1
---ebpf-pid----5707----pid-5707
---ebpf-pid----5705----pid-5705
---ebpf-pid----5705----pid-5476
---ebpf-pid----5705----pid-1
---ebpf-pid----5705----pid-5705
---ebpf-pid----5705----pid-5476
---ebpf-pid----5705----pid-1
---ebpf-pid----5705----pid-5705
---ebpf-pid----5705----pid-5476
---ebpf-pid----5705----pid-1
---ebpf-pid----5705----pid-5705
---ebpf-pid----5705----pid-5476
---ebpf-pid----5705----pid-1
---ebpf-pid----5705----pid-5705
---ebpf-pid----5705----pid-5476
---ebpf-pid----5705----pid-1
---ebpf-pid----5705----pid-5705
---ebpf-pid----5705----pid-5476
---ebpf-pid----5705----pid-1
---ebpf-pid----5705----pid-5705
---ebpf-pid----5707----pid-5476
---ebpf-pid----5707----pid-1
---ebpf-pid----5707----pid-5707
---ebpf-pid----5707----pid-5476
---ebpf-pid----5707----pid-1
---ebpf-pid----5707----pid-5707
---ebpf-pid----5707----pid-5476
---ebpf-pid----5707----pid-1
---ebpf-pid----5707----pid-5707
---ebpf-pid----5707----pid-5476
---ebpf-pid----5707----pid-1
---ebpf-pid----5707----pid-5707
---ebpf-pid----5705----pid-5476
---ebpf-pid----5707----pid-5476
---ebpf-pid----5705----pid-1
---ebpf-pid----5707----pid-1
---ebpf-pid----5705----pid-5705
---ebpf-pid----5707----pid-5707
---ebpf-pid----5705----pid-5476
---ebpf-pid----5707----pid-5476
---ebpf-pid----5705----pid-1
---ebpf-pid----5705----pid-5705
---ebpf-pid----5707----pid-1
---ebpf-pid----5705----pid-5476
---ebpf-pid----5707----pid-5707
---ebpf-pid----5705----pid-1
---ebpf-pid----5707----pid-5476
---ebpf-pid----5705----pid-5705
---ebpf-pid----5705----pid-5476
---ebpf-pid----5707----pid-1
---ebpf-pid----5707----pid-5707
---ebpf-pid----5705----pid-1
---ebpf-pid----5707----pid-5476
---ebpf-pid----5705----pid-5705
---ebpf-pid----5707----pid-1
---ebpf-pid----5705----pid-5476
---ebpf-pid----5707----pid-5707
---ebpf-pid----5705----pid-1
---ebpf-pid----5707----pid-5476
---ebpf-pid----5705----pid-5705
---ebpf-pid----5707----pid-1
---ebpf-pid----5705----pid-5476
---ebpf-pid----5707----pid-5707
---ebpf-pid----5705----pid-1
---ebpf-pid----5707----pid-5476
---ebpf-pid----5705----pid-5705
---ebpf-pid----5705----pid-5476
---ebpf-pid----5707----pid-1
---ebpf-pid----5707----pid-5707
---ebpf-pid----5705----pid-1
---ebpf-pid----5705----pid-5705
---ebpf-pid----5707----pid-5476
---ebpf-pid----5705----pid-5476
---ebpf-pid----5707----pid-1
---ebpf-pid----5707----pid-5707
---ebpf-pid----5705----pid-1
---ebpf-pid----5705----pid-5705
---ebpf-pid----5707----pid-5476
---ebpf-pid----5705----pid-5476
---ebpf-pid----5707----pid-1
---ebpf-pid----5707----pid-5707
---ebpf-pid----5705----pid-1
---ebpf-pid----5705----pid-5705
---ebpf-pid----5707----pid-5476
---ebpf-pid----5705----pid-5476
---ebpf-pid----5707----pid-1
---ebpf-pid----5707----pid-5707
---ebpf-pid----5705----pid-1
---ebpf-pid----5705----pid-5705
---ebpf-pid----5707----pid-5476
---ebpf-pid----5707----pid-1
---ebpf-pid----5707----pid-5707
---ebpf-pid----5707----pid-5476
---ebpf-pid----5707----pid-1
---ebpf-pid----5707----pid-5707
---ebpf-pid----5707----pid-5476
---ebpf-pid----5707----pid-1
---ebpf-pid----5707----pid-5707
---ebpf-pid----5707----pid-5476
---ebpf-pid----5707----pid-1
---ebpf-pid----5707----pid-5707
---ebpf-pid----5707----pid-5476
---ebpf-pid----5707----pid-1
---ebpf-pid----5707----pid-5707
---ebpf-pid----5707----pid-5476
---ebpf-pid----5707----pid-1
---ebpf-pid----5707----pid-5707
---ebpf-pid----5707----pid-5476
---ebpf-pid----5707----pid-1
---ebpf-pid----5707----pid-5707
---ebpf-pid----2012----pid-1
---ebpf-pid----5707----pid-5476
---ebpf-pid----2012----pid-2012
---ebpf-pid----5707----pid-1
---ebpf-pid----2012----pid-1
---ebpf-pid----5707----pid-5707
---ebpf-pid----2012----pid-2012
---ebpf-pid----2012----pid-1
---ebpf-pid----5707----pid-5476
---ebpf-pid----2012----pid-2012
---ebpf-pid----5707----pid-1
---ebpf-pid----2012----pid-1
---ebpf-pid----2012----pid-2012
---ebpf-pid----5707----pid-5707
---ebpf-pid----2012----pid-1
---ebpf-pid----2012----pid-2012
---ebpf-pid----5707----pid-5476
---ebpf-pid----5707----pid-1
---ebpf-pid----5707----pid-5707
---ebpf-pid----5707----pid-5476
---ebpf-pid----5707----pid-1
---ebpf-pid----5707----pid-5707
---ebpf-pid----5707----pid-5476
---ebpf-pid----2012----pid-1
---ebpf-pid----2012----pid-2012
---ebpf-pid----5707----pid-1
---ebpf-pid----5707----pid-5707
---ebpf-pid----2012----pid-1
---ebpf-pid----2012----pid-2012
---ebpf-pid----5707----pid-5476
---ebpf-pid----2012----pid-1
---ebpf-pid----5707----pid-1
---ebpf-pid----2012----pid-2012
---ebpf-pid----5707----pid-5707
---ebpf-pid----2012----pid-1
---ebpf-pid----2012----pid-2012
---ebpf-pid----5707----pid-5476
---ebpf-pid----2012----pid-1
---ebpf-pid----5707----pid-1
---ebpf-pid----2012----pid-2012
---ebpf-pid----5707----pid-5707
---ebpf-pid----5707----pid-5476
---ebpf-pid----5705----pid-5476
---ebpf-pid----5707----pid-1
---ebpf-pid----5707----pid-5707
---ebpf-pid----5705----pid-1
---ebpf-pid----5707----pid-5476
---ebpf-pid----5705----pid-5705
---ebpf-pid----5707----pid-1
---ebpf-pid----5705----pid-5476
---ebpf-pid----5707----pid-5707
---ebpf-pid----5707----pid-5476
---ebpf-pid----5707----pid-1
---ebpf-pid----2012----pid-1
---ebpf-pid----5707----pid-5707
---ebpf-pid----2012----pid-2012
---ebpf-pid----5707----pid-5476
---ebpf-pid----5707----pid-1
---ebpf-pid----5707----pid-5707
---ebpf-pid----5705----pid-1
---ebpf-pid----5705----pid-5705
---ebpf-pid----5707----pid-5476
---ebpf-pid----5707----pid-1
---ebpf-pid----5707----pid-5707
---ebpf-pid----5707----pid-5476
---ebpf-pid----2012----pid-1
---ebpf-pid----2012----pid-2012
---ebpf-pid----5705----pid-5476
---ebpf-pid----2012----pid-1
---ebpf-pid----2012----pid-2012
---ebpf-pid----5705----pid-1
---ebpf-pid----5705----pid-5705
---ebpf-pid----5705----pid-5476
---ebpf-pid----5705----pid-1
---ebpf-pid----5705----pid-5705
---ebpf-pid----5705----pid-5476
---ebpf-pid----5707----pid-1
---ebpf-pid----5707----pid-5707
---ebpf-pid----5707----pid-5476
---ebpf-pid----2012----pid-1
---ebpf-pid----2012----pid-2012
---ebpf-pid----2012----pid-1
---ebpf-pid----2012----pid-2012
---ebpf-pid----2012----pid-1
---ebpf-pid----2012----pid-2012
---ebpf-pid----2012----pid-1
---ebpf-pid----2012----pid-2012
---ebpf-pid----2012----pid-1
---ebpf-pid----5707----pid-1
---ebpf-pid----2012----pid-2012
---ebpf-pid----5707----pid-5707
---ebpf-pid----2012----pid-1
---ebpf-pid----2012----pid-2012
---ebpf-pid----2012----pid-1
---ebpf-pid----2012----pid-2012
---ebpf-pid----5707----pid-5476
---ebpf-pid----2012----pid-1
---ebpf-pid----2012----pid-2012
---ebpf-pid----2012----pid-1
---ebpf-pid----2012----pid-2012
---ebpf-pid----5705----pid-1
---ebpf-pid----2012----pid-1
---ebpf-pid----2012----pid-2012
---ebpf-pid----5707----pid-1
---ebpf-pid----2012----pid-1
---ebpf-pid----2012----pid-2012
---ebpf-pid----5707----pid-5707
---ebpf-pid----2012----pid-1
---ebpf-pid----5707----pid-5476
---ebpf-pid----2012----pid-2012
---ebpf-pid----5707----pid-1
---ebpf-pid----5707----pid-5707
---ebpf-pid----2012----pid-1
---ebpf-pid----2012----pid-2012
---ebpf-pid----2012----pid-1
---ebpf-pid----5707----pid-5707
---ebpf-pid----5707----pid-5476
---ebpf-pid----5707----pid-1
---ebpf-pid----5707----pid-5707
---ebpf-pid----5707----pid-5476
---ebpf-pid----5707----pid-1
---ebpf-pid----5707----pid-5707
---ebpf-pid----5707----pid-5476
---ebpf-pid----5707----pid-1
---ebpf-pid----5707----pid-5707
---ebpf-pid----5705----pid-5705
---ebpf-pid----5707----pid-5476
---ebpf-pid----5705----pid-5476
---ebpf-pid----5707----pid-1
---ebpf-pid----5707----pid-5707
---ebpf-pid----5707----pid-5476
---ebpf-pid----5707----pid-1
---ebpf-pid----5707----pid-5707
---ebpf-pid----5707----pid-5476
---ebpf-pid----5707----pid-1
---ebpf-pid----5707----pid-5707
---ebpf-pid----5707----pid-5476
---ebpf-pid----5707----pid-1
---ebpf-pid----5707----pid-5707
---ebpf-pid----5707----pid-5476
---ebpf-pid----5707----pid-1
---ebpf-pid----5707----pid-5707
---ebpf-pid----5707----pid-5476
---ebpf-pid----5707----pid-1
---ebpf-pid----5707----pid-5707
---ebpf-pid----5707----pid-5476
---ebpf-pid----5707----pid-1
---ebpf-pid----5707----pid-5707
---ebpf-pid----5707----pid-5476
---ebpf-pid----5707----pid-1
---ebpf-pid----2012----pid-2012
---ebpf-pid----2012----pid-1
---ebpf-pid----2012----pid-2012
---ebpf-pid----2012----pid-1
---ebpf-pid----2012----pid-2012
---ebpf-pid----2012----pid-1
---ebpf-pid----2012----pid-2012
---ebpf-pid----2012----pid-1
---ebpf-pid----2012----pid-2012
---ebpf-pid----2012----pid-1
---ebpf-pid----2012----pid-2012
---ebpf-pid----2012----pid-1
---ebpf-pid----2012----pid-2012
---ebpf-pid----5705----pid-1
---ebpf-pid----2012----pid-1
---ebpf-pid----5705----pid-5705
---ebpf-pid----2012----pid-2012
---ebpf-pid----5705----pid-5476
---ebpf-pid----2012----pid-1
---ebpf-pid----2012----pid-2012
---ebpf-pid----5705----pid-1
---ebpf-pid----5705----pid-5705
---ebpf-pid----2012----pid-1
---ebpf-pid----2088----pid-2088
---ebpf-pid----5705----pid-5476
---ebpf-pid----5705----pid-1
---ebpf-pid----2088----pid-1
---ebpf-pid----5705----pid-5705
---ebpf-pid----2088----pid-2088
---ebpf-pid----5707----pid-5476
---ebpf-pid----5705----pid-5476
---ebpf-pid----2088----pid-1
---ebpf-pid----5707----pid-1
---ebpf-pid----2088----pid-2088
---ebpf-pid----5707----pid-5707
---ebpf-pid----5705----pid-1
---ebpf-pid----5705----pid-5705
---ebpf-pid----2088----pid-1
---ebpf-pid----5707----pid-5476
---ebpf-pid----2088----pid-2088
---ebpf-pid----5705----pid-5476
---ebpf-pid----5707----pid-1
---ebpf-pid----2088----pid-1
---ebpf-pid----2088----pid-2088
---ebpf-pid----5705----pid-1
---ebpf-pid----5705----pid-5705
---ebpf-pid----5705----pid-5476
---ebpf-pid----5705----pid-1
---ebpf-pid----5705----pid-5705
---ebpf-pid----5705----pid-5476
---ebpf-pid----5705----pid-1
---ebpf-pid----5707----pid-5707
---ebpf-pid----5707----pid-5476
---ebpf-pid----5707----pid-1
---ebpf-pid----5707----pid-5707
---ebpf-pid----5707----pid-5476
---ebpf-pid----5707----pid-1
---ebpf-pid----5705----pid-5705
---ebpf-pid----5705----pid-5476
---ebpf-pid----5705----pid-1
---ebpf-pid----5707----pid-5707
---ebpf-pid----5707----pid-5476
---ebpf-pid----5707----pid-1
---ebpf-pid----5707----pid-5707
---ebpf-pid----5707----pid-5707
---ebpf-pid----5707----pid-5476
---ebpf-pid----5707----pid-5476
---ebpf-pid----5707----pid-1
---ebpf-pid----379067----pid-379067
---ebpf-pid----5707----pid-1
---ebpf-pid----5707----pid-5707
---ebpf-pid----379067----pid-5476
---ebpf-pid----5707----pid-5476
---ebpf-pid----379067----pid-1
---ebpf-pid----5705----pid-5705
---ebpf-pid----5707----pid-1
---ebpf-pid----5707----pid-5707
---ebpf-pid----5705----pid-5476
---ebpf-pid----5707----pid-5476
---ebpf-pid----5705----pid-1
---ebpf-pid----5705----pid-5705
---ebpf-pid----5707----pid-1
---ebpf-pid----5707----pid-5707
---ebpf-pid----5705----pid-5476
---ebpf-pid----5707----pid-5476
---ebpf-pid----5707----pid-1
---ebpf-pid----5705----pid-1
---ebpf-pid----5707----pid-5707
---ebpf-pid----5705----pid-5705
---ebpf-pid----5707----pid-5476
---ebpf-pid----5707----pid-1
---ebpf-pid----5705----pid-5476
---ebpf-pid----5707----pid-5707
---ebpf-pid----5705----pid-1
---ebpf-pid----5707----pid-5476
---ebpf-pid----448784----pid-448784
---ebpf-pid----5707----pid-1
---ebpf-pid----448784----pid-448520
---ebpf-pid----5707----pid-5707
---ebpf-pid----448784----pid-1
---ebpf-pid----5707----pid-5476
---ebpf-pid----448784----pid-448784
---ebpf-pid----5707----pid-1
---ebpf-pid----448784----pid-448520
---ebpf-pid----5707----pid-5707
---ebpf-pid----448784----pid-1
---ebpf-pid----5707----pid-5476
---ebpf-pid----448784----pid-448784
---ebpf-pid----5707----pid-1
---ebpf-pid----448784----pid-448520
---ebpf-pid----448784----pid-1
---ebpf-pid----4562----pid-4562
---ebpf-pid----4562----pid-3466
---ebpf-pid----4562----pid-1
---ebpf-pid----5705----pid-5705
---ebpf-pid----5705----pid-5476
---ebpf-pid----2088----pid-1
---ebpf-pid----2088----pid-2088
---ebpf-pid----5705----pid-1
---ebpf-pid----5705----pid-5705
---ebpf-pid----2088----pid-1
---ebpf-pid----2088----pid-2088
---ebpf-pid----5705----pid-5476
---ebpf-pid----2088----pid-1
---ebpf-pid----2088----pid-2088
---ebpf-pid----5705----pid-1
---ebpf-pid----2088----pid-1
---ebpf-pid----5705----pid-5705
---ebpf-pid----2088----pid-2088
---ebpf-pid----5705----pid-5476
---ebpf-pid----2088----pid-1
---ebpf-pid----2088----pid-2088
---ebpf-pid----2088----pid-1
---ebpf-pid----2088----pid-2088
---ebpf-pid----2088----pid-1
---ebpf-pid----5705----pid-1
---ebpf-pid----2088----pid-2088
---ebpf-pid----5705----pid-5705
---ebpf-pid----2088----pid-1
---ebpf-pid----5705----pid-5476
---ebpf-pid----2088----pid-2088
---ebpf-pid----5705----pid-1
---ebpf-pid----2088----pid-1
---ebpf-pid----5705----pid-5705
---ebpf-pid----2088----pid-2088
---ebpf-pid----5705----pid-5476
---ebpf-pid----2088----pid-1
---ebpf-pid----2088----pid-2088
---ebpf-pid----5705----pid-1
---ebpf-pid----5705----pid-5705
---ebpf-pid----2088----pid-1
---ebpf-pid----2088----pid-2088
---ebpf-pid----5705----pid-5476
---ebpf-pid----2088----pid-1
---ebpf-pid----2088----pid-2088
---ebpf-pid----5705----pid-1
---ebpf-pid----5705----pid-5705
---ebpf-pid----2088----pid-1
---ebpf-pid----2088----pid-2088
---ebpf-pid----5705----pid-5476
---ebpf-pid----2088----pid-1
---ebpf-pid----5705----pid-1
---ebpf-pid----2088----pid-2088
---ebpf-pid----5705----pid-5705
---ebpf-pid----2088----pid-1
---ebpf-pid----5705----pid-5476
---ebpf-pid----2088----pid-2088
---ebpf-pid----5705----pid-1
---ebpf-pid----2088----pid-1
---ebpf-pid----448784----pid-448784
---ebpf-pid----2088----pid-2088
---ebpf-pid----2088----pid-1
---ebpf-pid----448784----pid-448520
---ebpf-pid----2088----pid-2088
---ebpf-pid----448784----pid-1
---ebpf-pid----2088----pid-1
---ebpf-pid----448784----pid-448784
---ebpf-pid----2088----pid-2088
---ebpf-pid----448784----pid-448520
---ebpf-pid----448784----pid-1
---ebpf-pid----448784----pid-448784
---ebpf-pid----5707----pid-5707
---ebpf-pid----5707----pid-5476
---ebpf-pid----5707----pid-1
---ebpf-pid----5707----pid-5707
---ebpf-pid----5707----pid-5476
---ebpf-pid----5707----pid-1
---ebpf-pid----5707----pid-5707
---ebpf-pid----5707----pid-5476
---ebpf-pid----5707----pid-1
---ebpf-pid----448784----pid-448520
---ebpf-pid----5707----pid-5707
---ebpf-pid----448784----pid-1
---ebpf-pid----5707----pid-5476
---ebpf-pid----448784----pid-448784
---ebpf-pid----5707----pid-1
---ebpf-pid----448784----pid-448520
---ebpf-pid----5707----pid-5707
---ebpf-pid----448784----pid-1
---ebpf-pid----5707----pid-5476
---ebpf-pid----7312----pid-7312
---ebpf-pid----5707----pid-1
---ebpf-pid----5707----pid-5707
---ebpf-pid----7312----pid-1
---ebpf-pid----7313----pid-7313
---ebpf-pid----5707----pid-5476
---ebpf-pid----7313----pid-1
---ebpf-pid----379067----pid-379067
---ebpf-pid----5707----pid-1
---ebpf-pid----5707----pid-5707
---ebpf-pid----379067----pid-5476
---ebpf-pid----5707----pid-5476
---ebpf-pid----379067----pid-1
---ebpf-pid----379067----pid-379067
---ebpf-pid----5707----pid-1
---ebpf-pid----5707----pid-5707
---ebpf-pid----379067----pid-5476
---ebpf-pid----5707----pid-5476
---ebpf-pid----379067----pid-1
---ebpf-pid----379067----pid-379067
---ebpf-pid----5707----pid-1
---ebpf-pid----379067----pid-5476
---ebpf-pid----5707----pid-5707
---ebpf-pid----379067----pid-1
---ebpf-pid----5707----pid-5476
---ebpf-pid----379067----pid-379067
---ebpf-pid----5707----pid-1
---ebpf-pid----379067----pid-5476
---ebpf-pid----5707----pid-5707
---ebpf-pid----379067----pid-1
---ebpf-pid----5707----pid-5476
---ebpf-pid----379067----pid-379067
---ebpf-pid----5707----pid-1
---ebpf-pid----5707----pid-5707
---ebpf-pid----379067----pid-5476
---ebpf-pid----5707----pid-5476
---ebpf-pid----379067----pid-1
---ebpf-pid----379067----pid-379067
---ebpf-pid----5707----pid-1
---ebpf-pid----5707----pid-5707
---ebpf-pid----379067----pid-5476
---ebpf-pid----5707----pid-5476
---ebpf-pid----379067----pid-1
---ebpf-pid----379067----pid-379067
---ebpf-pid----5707----pid-1
---ebpf-pid----5707----pid-5707
---ebpf-pid----379067----pid-5476
---ebpf-pid----5707----pid-5476
---ebpf-pid----379067----pid-1
---ebpf-pid----379067----pid-379067
---ebpf-pid----5707----pid-1
---ebpf-pid----5707----pid-5707
---ebpf-pid----379067----pid-5476
---ebpf-pid----5707----pid-5476
---ebpf-pid----379067----pid-1
---ebpf-pid----379067----pid-379067
---ebpf-pid----5707----pid-1
---ebpf-pid----5707----pid-5707
---ebpf-pid----379067----pid-5476
---ebpf-pid----379067----pid-1
---ebpf-pid----379067----pid-379067
---ebpf-pid----379067----pid-5476
---ebpf-pid----379067----pid-1
---ebpf-pid----379067----pid-379067
---ebpf-pid----379067----pid-5476
---ebpf-pid----379067----pid-1
---ebpf-pid----379067----pid-379067
---ebpf-pid----379067----pid-5476
---ebpf-pid----379067----pid-1
---ebpf-pid----379067----pid-379067
---ebpf-pid----379067----pid-5476
---ebpf-pid----379067----pid-1
---ebpf-pid----379067----pid-379067
---ebpf-pid----379067----pid-5476
---ebpf-pid----379067----pid-1
---ebpf-pid----379067----pid-379067
---ebpf-pid----2088----pid-1
---ebpf-pid----2088----pid-2088
---ebpf-pid----2088----pid-1
---ebpf-pid----2088----pid-2088
---ebpf-pid----2088----pid-1
---ebpf-pid----2088----pid-2088
---ebpf-pid----2088----pid-1
---ebpf-pid----2088----pid-2088
---ebpf-pid----2088----pid-1
---ebpf-pid----2088----pid-2088
---ebpf-pid----2088----pid-1
---ebpf-pid----2088----pid-2088
---ebpf-pid----2088----pid-1
---ebpf-pid----2088----pid-2088
---ebpf-pid----2088----pid-1
---ebpf-pid----2088----pid-2088
---ebpf-pid----2088----pid-1
---ebpf-pid----2088----pid-2088
---ebpf-pid----2088----pid-1
---ebpf-pid----2088----pid-2088
---ebpf-pid----2088----pid-1
---ebpf-pid----2088----pid-2088
---ebpf-pid----2088----pid-1
---ebpf-pid----2088----pid-2088
---ebpf-pid----2088----pid-1
---ebpf-pid----2088----pid-2088
---ebpf-pid----2088----pid-1
---ebpf-pid----379067----pid-5476
---ebpf-pid----2088----pid-2088
---ebpf-pid----379067----pid-1
---ebpf-pid----379067----pid-379067
---ebpf-pid----2088----pid-1
---ebpf-pid----2088----pid-2088
---ebpf-pid----379067----pid-5476
---ebpf-pid----2088----pid-1
---ebpf-pid----2088----pid-2088
---ebpf-pid----2088----pid-1
---ebpf-pid----2088----pid-2088
---ebpf-pid----2088----pid-1
---ebpf-pid----379067----pid-1
---ebpf-pid----379067----pid-379067
---ebpf-pid----379067----pid-5476
---ebpf-pid----379067----pid-1
---ebpf-pid----379067----pid-379067
---ebpf-pid----379067----pid-5476
---ebpf-pid----379067----pid-1
---ebpf-pid----379067----pid-379067
---ebpf-pid----379067----pid-5476
---ebpf-pid----379067----pid-1
---ebpf-pid----379067----pid-379067
---ebpf-pid----379067----pid-5476
---ebpf-pid----379067----pid-1
---ebpf-pid----379067----pid-379067
---ebpf-pid----379067----pid-5476
---ebpf-pid----379067----pid-1
---ebpf-pid----448784----pid-448784
---ebpf-pid----448784----pid-448520
---ebpf-pid----448784----pid-1
---ebpf-pid----2088----pid-2088
---ebpf-pid----7313----pid-7313
---ebpf-pid----2088----pid-1
---ebpf-pid----7313----pid-1
---ebpf-pid----2094----pid-2094
---ebpf-pid----7313----pid-7313
---ebpf-pid----2094----pid-1
---ebpf-pid----2094----pid-2094
---ebpf-pid----2094----pid-1
---ebpf-pid----2094----pid-2094
---ebpf-pid----2094----pid-1
---ebpf-pid----2094----pid-2094
---ebpf-pid----2094----pid-1
---ebpf-pid----2094----pid-2094
---ebpf-pid----2094----pid-1
---ebpf-pid----2094----pid-2094
---ebpf-pid----2094----pid-1
---ebpf-pid----2094----pid-2094
---ebpf-pid----2094----pid-1
---ebpf-pid----2094----pid-2094
---ebpf-pid----2094----pid-1
---ebpf-pid----2094----pid-2094
---ebpf-pid----2094----pid-1
---ebpf-pid----2094----pid-2094
---ebpf-pid----2094----pid-1
---ebpf-pid----2089----pid-2089
---ebpf-pid----5707----pid-5476
---ebpf-pid----5707----pid-1
---ebpf-pid----5707----pid-5707
---ebpf-pid----5707----pid-5476
---ebpf-pid----5707----pid-1
---ebpf-pid----5707----pid-5707
---ebpf-pid----5707----pid-5476
---ebpf-pid----5707----pid-1
---ebpf-pid----5707----pid-5707
---ebpf-pid----5707----pid-5476
---ebpf-pid----5707----pid-1
---ebpf-pid----5707----pid-5707
---ebpf-pid----5707----pid-5476
---ebpf-pid----5707----pid-1
---ebpf-pid----5707----pid-5707
---ebpf-pid----5707----pid-5476
---ebpf-pid----5707----pid-1
---ebpf-pid----5707----pid-5707
---ebpf-pid----5707----pid-5476
---ebpf-pid----5707----pid-1
---ebpf-pid----5707----pid-5707
---ebpf-pid----5707----pid-5476
---ebpf-pid----5707----pid-1
---ebpf-pid----5707----pid-5707
---ebpf-pid----5707----pid-5476
---ebpf-pid----7313----pid-1
---ebpf-pid----2088----pid-2088
---ebpf-pid----5707----pid-1
---ebpf-pid----5707----pid-5707
---ebpf-pid----2088----pid-1
---ebpf-pid----2088----pid-2088
---ebpf-pid----5707----pid-5476
---ebpf-pid----5707----pid-1
---ebpf-pid----2088----pid-1
---ebpf-pid----5707----pid-5707
---ebpf-pid----379067----pid-379067
---ebpf-pid----5707----pid-5476
---ebpf-pid----379067----pid-5476
---ebpf-pid----5707----pid-1
---ebpf-pid----5707----pid-5707
---ebpf-pid----379067----pid-1
---ebpf-pid----379067----pid-379067
---ebpf-pid----2089----pid-1
---ebpf-pid----2089----pid-2089
---ebpf-pid----2089----pid-1
---ebpf-pid----2089----pid-2089
---ebpf-pid----2089----pid-1
---ebpf-pid----2089----pid-2089
---ebpf-pid----2089----pid-1
---ebpf-pid----2089----pid-2089
---ebpf-pid----379067----pid-5476
---ebpf-pid----2089----pid-1
---ebpf-pid----2089----pid-2089
---ebpf-pid----379067----pid-1
---ebpf-pid----448785----pid-448785
---ebpf-pid----2089----pid-1
---ebpf-pid----5705----pid-5705
---ebpf-pid----448785----pid-448520
---ebpf-pid----5705----pid-5476
---ebpf-pid----448785----pid-1
---ebpf-pid----448785----pid-448785
---ebpf-pid----5705----pid-1
---ebpf-pid----5705----pid-5705
---ebpf-pid----448785----pid-448520
---ebpf-pid----5705----pid-5476
---ebpf-pid----448785----pid-1
---ebpf-pid----7313----pid-7313
---ebpf-pid----5705----pid-1
---ebpf-pid----5705----pid-5705
---ebpf-pid----7313----pid-1
---ebpf-pid----7313----pid-7313
---ebpf-pid----5705----pid-5476
---ebpf-pid----7313----pid-1
---ebpf-pid----5705----pid-1
---ebpf-pid----2088----pid-2088
---ebpf-pid----5705----pid-5705
---ebpf-pid----2088----pid-1
---ebpf-pid----5705----pid-5476
---ebpf-pid----2088----pid-2088
---ebpf-pid----5705----pid-1
---ebpf-pid----2012----pid-2012
---ebpf-pid----2088----pid-1
---ebpf-pid----2088----pid-2088
---ebpf-pid----2012----pid-1
---ebpf-pid----2012----pid-2012
---ebpf-pid----2088----pid-1
---ebpf-pid----2088----pid-2088
---ebpf-pid----2012----pid-1
---ebpf-pid----2012----pid-2012
---ebpf-pid----2088----pid-1
---ebpf-pid----2012----pid-1
---ebpf-pid----379067----pid-379067
---ebpf-pid----2012----pid-2012
---ebpf-pid----2012----pid-1
---ebpf-pid----379067----pid-5476
---ebpf-pid----2012----pid-2012
---ebpf-pid----379067----pid-1
---ebpf-pid----2012----pid-1
---ebpf-pid----379067----pid-379067
---ebpf-pid----2012----pid-2012
---ebpf-pid----379067----pid-5476
---ebpf-pid----2012----pid-1
---ebpf-pid----2012----pid-2012
---ebpf-pid----379067----pid-1
---ebpf-pid----379067----pid-379067
---ebpf-pid----379067----pid-5476
---ebpf-pid----379067----pid-1
---ebpf-pid----5707----pid-5707
---ebpf-pid----5707----pid-5476
---ebpf-pid----5707----pid-1
---ebpf-pid----5707----pid-5707
---ebpf-pid----5707----pid-5476
---ebpf-pid----5707----pid-1
---ebpf-pid----5707----pid-5707
---ebpf-pid----5707----pid-5476
---ebpf-pid----5707----pid-1
---ebpf-pid----5707----pid-5707
---ebpf-pid----5707----pid-5476
---ebpf-pid----2012----pid-1
---ebpf-pid----2012----pid-2012
---ebpf-pid----2012----pid-1
---ebpf-pid----2012----pid-2012
---ebpf-pid----2012----pid-1
---ebpf-pid----2012----pid-2012
---ebpf-pid----5707----pid-1
---ebpf-pid----2012----pid-1
---ebpf-pid----2089----pid-2089
---ebpf-pid----5707----pid-5707
---ebpf-pid----2089----pid-1
---ebpf-pid----5707----pid-5476
---ebpf-pid----2089----pid-2089
---ebpf-pid----5707----pid-1
---ebpf-pid----2089----pid-1
---ebpf-pid----5707----pid-5707
---ebpf-pid----2089----pid-2089
---ebpf-pid----5707----pid-5476
---ebpf-pid----2089----pid-1
---ebpf-pid----2089----pid-2089
---ebpf-pid----5707----pid-1
---ebpf-pid----5707----pid-5707
---ebpf-pid----2089----pid-1
---ebpf-pid----2089----pid-2089
---ebpf-pid----5707----pid-5476
---ebpf-pid----5707----pid-1
---ebpf-pid----2089----pid-1
---ebpf-pid----2089----pid-2089
---ebpf-pid----5707----pid-5707
---ebpf-pid----5707----pid-5476
---ebpf-pid----5707----pid-5476
---ebpf-pid----5707----pid-1
---ebpf-pid----5707----pid-5707
---ebpf-pid----5707----pid-5476
---ebpf-pid----5707----pid-1
---ebpf-pid----5707----pid-5707
---ebpf-pid----5707----pid-5476
---ebpf-pid----2089----pid-1
---ebpf-pid----5707----pid-1
---ebpf-pid----2089----pid-2089
---ebpf-pid----5707----pid-5707
---ebpf-pid----2089----pid-1
---ebpf-pid----5707----pid-5476
---ebpf-pid----2089----pid-2089
---ebpf-pid----5707----pid-1
---ebpf-pid----5707----pid-5707
---ebpf-pid----2089----pid-1
---ebpf-pid----2089----pid-2089
---ebpf-pid----5707----pid-5476
---ebpf-pid----2089----pid-1
---ebpf-pid----2089----pid-2089
---ebpf-pid----5707----pid-1
---ebpf-pid----5707----pid-5707
---ebpf-pid----2089----pid-1
---ebpf-pid----2089----pid-2089
---ebpf-pid----5707----pid-5476
---ebpf-pid----5707----pid-1
---ebpf-pid----5707----pid-5707
---ebpf-pid----5707----pid-1
---ebpf-pid----2089----pid-1
---ebpf-pid----2089----pid-2089
---ebpf-pid----5707----pid-5707
---ebpf-pid----5707----pid-5476
---ebpf-pid----2089----pid-1
---ebpf-pid----5707----pid-5476
---ebpf-pid----5707----pid-1
---ebpf-pid----2089----pid-2089
---ebpf-pid----5707----pid-5707
---ebpf-pid----5707----pid-1
---ebpf-pid----2089----pid-1
---ebpf-pid----5707----pid-5707
---ebpf-pid----5707----pid-5476
---ebpf-pid----2089----pid-2089
---ebpf-pid----5707----pid-5476
---ebpf-pid----5707----pid-1
---ebpf-pid----2089----pid-1
---ebpf-pid----5707----pid-5707
---ebpf-pid----2089----pid-2089
---ebpf-pid----5707----pid-1
---ebpf-pid----5707----pid-5476
---ebpf-pid----2089----pid-1
---ebpf-pid----5707----pid-5707
---ebpf-pid----2089----pid-2089
---ebpf-pid----5707----pid-1
---ebpf-pid----5707----pid-5476
---ebpf-pid----5707----pid-5707
---ebpf-pid----2089----pid-1
---ebpf-pid----2089----pid-2089
---ebpf-pid----5707----pid-1
---ebpf-pid----5707----pid-5476
---ebpf-pid----5707----pid-5707
---ebpf-pid----2089----pid-1
---ebpf-pid----5707----pid-1
---ebpf-pid----2089----pid-2089
---ebpf-pid----5707----pid-5476
---ebpf-pid----5707----pid-5707
---ebpf-pid----2089----pid-1
---ebpf-pid----5707----pid-1
---ebpf-pid----5707----pid-5476
---ebpf-pid----2089----pid-2089
---ebpf-pid----5707----pid-5707
---ebpf-pid----5707----pid-1
---ebpf-pid----2089----pid-1
---ebpf-pid----5707----pid-5476
---ebpf-pid----5707----pid-5707
---ebpf-pid----2089----pid-2089
---ebpf-pid----5707----pid-1
---ebpf-pid----5707----pid-5476
---ebpf-pid----2089----pid-1
---ebpf-pid----5707----pid-5707
---ebpf-pid----2089----pid-2089
---ebpf-pid----5707----pid-1
---ebpf-pid----5707----pid-5476
---ebpf-pid----373029----pid-373029
---ebpf-pid----2089----pid-1
---ebpf-pid----2089----pid-2089
---ebpf-pid----5707----pid-1
---ebpf-pid----373029----pid-5476
---ebpf-pid----5707----pid-5707
---ebpf-pid----373029----pid-1
---ebpf-pid----2089----pid-1
---ebpf-pid----2089----pid-2089
---ebpf-pid----5707----pid-5476
---ebpf-pid----5707----pid-1
---ebpf-pid----2089----pid-1
---ebpf-pid----5707----pid-5707
---ebpf-pid----2089----pid-2089
---ebpf-pid----5707----pid-5476
---ebpf-pid----2089----pid-1
---ebpf-pid----2089----pid-2089
---ebpf-pid----5707----pid-1
---ebpf-pid----5707----pid-5707
---ebpf-pid----2089----pid-1
---ebpf-pid----2089----pid-2089
---ebpf-pid----5707----pid-5476
---ebpf-pid----2089----pid-1
---ebpf-pid----2089----pid-2089
---ebpf-pid----5707----pid-1
---ebpf-pid----373029----pid-373029
---ebpf-pid----2089----pid-1
---ebpf-pid----2089----pid-2089
---ebpf-pid----373029----pid-5476
---ebpf-pid----2089----pid-1
---ebpf-pid----373029----pid-1
---ebpf-pid----2089----pid-2089
---ebpf-pid----373029----pid-373029
---ebpf-pid----373029----pid-5476
---ebpf-pid----373029----pid-1
---ebpf-pid----373029----pid-373029
---ebpf-pid----373029----pid-5476
---ebpf-pid----373029----pid-1
---ebpf-pid----373029----pid-373029
---ebpf-pid----373029----pid-5476
---ebpf-pid----373029----pid-1
---ebpf-pid----373029----pid-373029
---ebpf-pid----2089----pid-1
---ebpf-pid----2089----pid-2089
---ebpf-pid----373029----pid-5476
---ebpf-pid----2089----pid-1
---ebpf-pid----373029----pid-1
---ebpf-pid----2089----pid-2089
---ebpf-pid----373029----pid-373029
---ebpf-pid----373029----pid-5476
---ebpf-pid----2089----pid-1
---ebpf-pid----2089----pid-2089
---ebpf-pid----373029----pid-1
---ebpf-pid----373029----pid-373029
---ebpf-pid----2089----pid-1
---ebpf-pid----373029----pid-373029
---ebpf-pid----2094----pid-2094
---ebpf-pid----373029----pid-5476
---ebpf-pid----2094----pid-1
---ebpf-pid----373029----pid-5476
---ebpf-pid----2094----pid-2094
---ebpf-pid----373029----pid-1
---ebpf-pid----373029----pid-373029
---ebpf-pid----373029----pid-1
---ebpf-pid----2094----pid-1
---ebpf-pid----373029----pid-373029
---ebpf-pid----373029----pid-5476
---ebpf-pid----2094----pid-2094
---ebpf-pid----373029----pid-5476
---ebpf-pid----373029----pid-1
---ebpf-pid----2094----pid-1
---ebpf-pid----373029----pid-373029
---ebpf-pid----2094----pid-2094
---ebpf-pid----373029----pid-1
---ebpf-pid----373029----pid-373029
---ebpf-pid----2094----pid-1
---ebpf-pid----373029----pid-5476
---ebpf-pid----2094----pid-2094
---ebpf-pid----373029----pid-5476
---ebpf-pid----373029----pid-1
---ebpf-pid----2094----pid-1
---ebpf-pid----373029----pid-373029
---ebpf-pid----373029----pid-1
---ebpf-pid----2094----pid-2094
---ebpf-pid----448784----pid-448784
---ebpf-pid----373029----pid-5476
---ebpf-pid----2094----pid-1
---ebpf-pid----2094----pid-2094
---ebpf-pid----2094----pid-1
---ebpf-pid----448784----pid-448520
---ebpf-pid----2094----pid-2094
---ebpf-pid----2094----pid-1
---ebpf-pid----448784----pid-1
---ebpf-pid----2094----pid-2094
---ebpf-pid----448522----pid-448522
---ebpf-pid----2094----pid-1
---ebpf-pid----448522----pid-1
---ebpf-pid----379067----pid-379067
---ebpf-pid----448784----pid-448784
---ebpf-pid----448784----pid-448520
---ebpf-pid----379067----pid-5476
---ebpf-pid----448784----pid-1
---ebpf-pid----379067----pid-1
---ebpf-pid----5707----pid-5707
---ebpf-pid----9189----pid-9189
---ebpf-pid----5707----pid-5476
---ebpf-pid----9189----pid-7637
---ebpf-pid----5707----pid-1
---ebpf-pid----9189----pid-1
---ebpf-pid----5707----pid-5707
---ebpf-pid----9189----pid-9189
---ebpf-pid----9189----pid-7637
---ebpf-pid----5707----pid-5476
---ebpf-pid----373029----pid-1
---ebpf-pid----373029----pid-373029
---ebpf-pid----373029----pid-5476
---ebpf-pid----373029----pid-1
---ebpf-pid----373029----pid-373029
---ebpf-pid----373029----pid-5476
---ebpf-pid----373029----pid-1
---ebpf-pid----373029----pid-373029
---ebpf-pid----373029----pid-5476
---ebpf-pid----373029----pid-1
---ebpf-pid----373029----pid-373029
---ebpf-pid----373029----pid-5476
---ebpf-pid----373029----pid-1
---ebpf-pid----373029----pid-373029
---ebpf-pid----373029----pid-5476
---ebpf-pid----9189----pid-1
---ebpf-pid----373029----pid-1
---ebpf-pid----373029----pid-373029
---ebpf-pid----9189----pid-9189
---ebpf-pid----373029----pid-5476
---ebpf-pid----9189----pid-7637
---ebpf-pid----373029----pid-1
---ebpf-pid----9189----pid-1
---ebpf-pid----373029----pid-373029
---ebpf-pid----9189----pid-9189
---ebpf-pid----373029----pid-5476
---ebpf-pid----9189----pid-7637
---ebpf-pid----373029----pid-1
---ebpf-pid----9189----pid-1
---ebpf-pid----373029----pid-373029
---ebpf-pid----2094----pid-2094
---ebpf-pid----2094----pid-1
---ebpf-pid----2094----pid-2094
---ebpf-pid----2094----pid-1
---ebpf-pid----2094----pid-2094
---ebpf-pid----2094----pid-1
---ebpf-pid----2094----pid-2094
---ebpf-pid----2094----pid-1
---ebpf-pid----2094----pid-2094
---ebpf-pid----2094----pid-1
---ebpf-pid----5705----pid-5705
---ebpf-pid----5705----pid-5476
---ebpf-pid----5705----pid-1
---ebpf-pid----5705----pid-5705
---ebpf-pid----5705----pid-5476
---ebpf-pid----5705----pid-1
---ebpf-pid----5705----pid-5705
---ebpf-pid----5705----pid-5476
---ebpf-pid----5705----pid-1
---ebpf-pid----5705----pid-5705
---ebpf-pid----5705----pid-5476
---ebpf-pid----5705----pid-1
---ebpf-pid----5707----pid-1
---ebpf-pid----373029----pid-5476
---ebpf-pid----373029----pid-1
---ebpf-pid----373029----pid-373029
---ebpf-pid----373029----pid-5476
---ebpf-pid----373029----pid-1
---ebpf-pid----373029----pid-373029
---ebpf-pid----5705----pid-5705
---ebpf-pid----373029----pid-5476
---ebpf-pid----5705----pid-5476
---ebpf-pid----373029----pid-1
---ebpf-pid----373029----pid-373029
---ebpf-pid----5705----pid-1
---ebpf-pid----5705----pid-5705
---ebpf-pid----373029----pid-5476
---ebpf-pid----373029----pid-1
---ebpf-pid----373029----pid-373029
---ebpf-pid----5705----pid-5476
---ebpf-pid----5707----pid-5707
---ebpf-pid----373029----pid-5476
---ebpf-pid----5705----pid-1
---ebpf-pid----5705----pid-5705
---ebpf-pid----373029----pid-1
---ebpf-pid----5707----pid-5476
---ebpf-pid----373029----pid-373029
---ebpf-pid----5705----pid-5476
---ebpf-pid----5707----pid-1
---ebpf-pid----373029----pid-5476
---ebpf-pid----5707----pid-5707
---ebpf-pid----5705----pid-1
---ebpf-pid----5705----pid-5705
---ebpf-pid----373029----pid-1
---ebpf-pid----5707----pid-5476
---ebpf-pid----373029----pid-373029
---ebpf-pid----5705----pid-5476
---ebpf-pid----5707----pid-1
---ebpf-pid----5707----pid-5707
---ebpf-pid----373029----pid-5476
---ebpf-pid----5705----pid-1
---ebpf-pid----5705----pid-5705
---ebpf-pid----5707----pid-5476
---ebpf-pid----373029----pid-1
---ebpf-pid----373029----pid-373029
---ebpf-pid----5705----pid-5476
---ebpf-pid----5707----pid-1
---ebpf-pid----5707----pid-5707
---ebpf-pid----373029----pid-5476
---ebpf-pid----5705----pid-1
---ebpf-pid----5705----pid-5705
---ebpf-pid----5707----pid-5476
---ebpf-pid----5705----pid-5476
---ebpf-pid----5707----pid-1
---ebpf-pid----5707----pid-5707
---ebpf-pid----5705----pid-1
---ebpf-pid----5705----pid-5705
---ebpf-pid----5707----pid-5476
---ebpf-pid----5705----pid-5476
---ebpf-pid----5707----pid-1
---ebpf-pid----5707----pid-5707
---ebpf-pid----5705----pid-1
---ebpf-pid----5705----pid-5705
---ebpf-pid----5707----pid-5476
---ebpf-pid----5705----pid-5476
---ebpf-pid----5707----pid-1
---ebpf-pid----5707----pid-5707
---ebpf-pid----5705----pid-1
---ebpf-pid----5705----pid-5705
---ebpf-pid----5707----pid-5476
---ebpf-pid----373029----pid-1
---ebpf-pid----5705----pid-5476
---ebpf-pid----5707----pid-1
---ebpf-pid----373029----pid-373029
---ebpf-pid----5707----pid-5707
---ebpf-pid----5705----pid-1
---ebpf-pid----5705----pid-5705
---ebpf-pid----5707----pid-5476
---ebpf-pid----373029----pid-5476
---ebpf-pid----5705----pid-5476
---ebpf-pid----5707----pid-1
---ebpf-pid----373029----pid-1
---ebpf-pid----5707----pid-5707
---ebpf-pid----373029----pid-373029
---ebpf-pid----5707----pid-5476
---ebpf-pid----373029----pid-5476
---ebpf-pid----5707----pid-1
---ebpf-pid----373029----pid-1
---ebpf-pid----5707----pid-5707
---ebpf-pid----373029----pid-373029
---ebpf-pid----5707----pid-5476
---ebpf-pid----373029----pid-5476
---ebpf-pid----5707----pid-1
---ebpf-pid----5707----pid-5707
---ebpf-pid----373029----pid-1
---ebpf-pid----373029----pid-373029
---ebpf-pid----5705----pid-1
---ebpf-pid----5705----pid-5705
---ebpf-pid----5705----pid-5476
---ebpf-pid----373029----pid-5476
---ebpf-pid----5705----pid-1
---ebpf-pid----373029----pid-1
---ebpf-pid----5705----pid-5705
---ebpf-pid----373029----pid-373029
---ebpf-pid----5705----pid-5476
---ebpf-pid----5705----pid-1
---ebpf-pid----5705----pid-5705
---ebpf-pid----373029----pid-5476
---ebpf-pid----5705----pid-5476
---ebpf-pid----373029----pid-1
---ebpf-pid----5705----pid-1
---ebpf-pid----373029----pid-373029
---ebpf-pid----5705----pid-5705
---ebpf-pid----5705----pid-5476
---ebpf-pid----5705----pid-1
---ebpf-pid----5705----pid-5705
---ebpf-pid----5705----pid-5476
---ebpf-pid----5705----pid-1
---ebpf-pid----5705----pid-5705
---ebpf-pid----5705----pid-5476
---ebpf-pid----5705----pid-1
---ebpf-pid----5705----pid-5705
---ebpf-pid----5705----pid-5476
---ebpf-pid----5705----pid-1
---ebpf-pid----5705----pid-5705
---ebpf-pid----5705----pid-5476
---ebpf-pid----5705----pid-1
---ebpf-pid----5705----pid-5705
---ebpf-pid----5705----pid-5476
---ebpf-pid----5705----pid-1
---ebpf-pid----5705----pid-5705
---ebpf-pid----5705----pid-5476
---ebpf-pid----5705----pid-1
---ebpf-pid----5705----pid-5705
---ebpf-pid----5705----pid-5476
---ebpf-pid----372714----pid-372714
---ebpf-pid----5705----pid-1
---ebpf-pid----5705----pid-5705
---ebpf-pid----5707----pid-5476
---ebpf-pid----372714----pid-5476
---ebpf-pid----5705----pid-5476
---ebpf-pid----5707----pid-1
---ebpf-pid----372714----pid-1
---ebpf-pid----5707----pid-5707
---ebpf-pid----5705----pid-1
---ebpf-pid----372714----pid-372714
---ebpf-pid----5705----pid-5705
---ebpf-pid----5707----pid-5476
---ebpf-pid----5705----pid-5476
---ebpf-pid----372714----pid-5476
---ebpf-pid----5707----pid-1
---ebpf-pid----5707----pid-5707
---ebpf-pid----5705----pid-1
---ebpf-pid----372714----pid-1
---ebpf-pid----5705----pid-5705
---ebpf-pid----372881----pid-372881
---ebpf-pid----5707----pid-5476
---ebpf-pid----5705----pid-5476
---ebpf-pid----372881----pid-1
---ebpf-pid----5707----pid-1
---ebpf-pid----372881----pid-372881
---ebpf-pid----5707----pid-5707
---ebpf-pid----5705----pid-1
---ebpf-pid----5707----pid-5476
---ebpf-pid----5705----pid-5705
---ebpf-pid----5707----pid-1
---ebpf-pid----5705----pid-5476
---ebpf-pid----5707----pid-5707
---ebpf-pid----5705----pid-1
---ebpf-pid----5705----pid-5705
---ebpf-pid----5707----pid-5476
---ebpf-pid----5705----pid-5476
---ebpf-pid----5707----pid-1
---ebpf-pid----5705----pid-1
---ebpf-pid----5707----pid-5707
---ebpf-pid----5705----pid-5705
---ebpf-pid----5707----pid-5476
---ebpf-pid----5705----pid-5476
---ebpf-pid----5707----pid-1
---ebpf-pid----5705----pid-1
---ebpf-pid----5705----pid-5705
---ebpf-pid----5707----pid-5707
---ebpf-pid----5707----pid-5476
---ebpf-pid----5705----pid-5476
---ebpf-pid----5707----pid-1
---ebpf-pid----5707----pid-5707
---ebpf-pid----5705----pid-1
---ebpf-pid----5705----pid-5705
---ebpf-pid----5705----pid-5476
---ebpf-pid----5705----pid-1
---ebpf-pid----5705----pid-5705
---ebpf-pid----5705----pid-5476
---ebpf-pid----5705----pid-1
---ebpf-pid----5705----pid-5705
---ebpf-pid----5705----pid-5476
---ebpf-pid----5705----pid-1
---ebpf-pid----5705----pid-5705
---ebpf-pid----5705----pid-5476
---ebpf-pid----5705----pid-1
---ebpf-pid----5705----pid-5705
---ebpf-pid----5705----pid-5476
---ebpf-pid----5707----pid-5476
---ebpf-pid----5705----pid-1
---ebpf-pid----5707----pid-1
---ebpf-pid----5705----pid-5705
---ebpf-pid----5707----pid-5707
---ebpf-pid----5705----pid-5476
---ebpf-pid----5707----pid-5476
---ebpf-pid----5705----pid-1
---ebpf-pid----5707----pid-1
---ebpf-pid----5707----pid-5707
---ebpf-pid----5707----pid-5476
---ebpf-pid----5705----pid-5705
---ebpf-pid----5705----pid-5476
---ebpf-pid----5705----pid-1
---ebpf-pid----5705----pid-5705
---ebpf-pid----5705----pid-5476
---ebpf-pid----5705----pid-1
---ebpf-pid----5705----pid-5705
---ebpf-pid----5705----pid-5476
---ebpf-pid----5705----pid-1
---ebpf-pid----5705----pid-5705
---ebpf-pid----5705----pid-5476
---ebpf-pid----5705----pid-1
---ebpf-pid----5705----pid-5705
---ebpf-pid----5707----pid-1
---ebpf-pid----5705----pid-5476
---ebpf-pid----5707----pid-5707
---ebpf-pid----5705----pid-1
---ebpf-pid----5705----pid-5705
---ebpf-pid----5707----pid-5476
---ebpf-pid----5705----pid-5476
---ebpf-pid----5707----pid-1
---ebpf-pid----5707----pid-5707
---ebpf-pid----5705----pid-1
---ebpf-pid----5705----pid-5705
---ebpf-pid----5707----pid-5476
---ebpf-pid----5705----pid-5476
---ebpf-pid----5707----pid-1
---ebpf-pid----5707----pid-5707
---ebpf-pid----5705----pid-1
---ebpf-pid----5707----pid-5476
---ebpf-pid----5705----pid-5705
---ebpf-pid----5707----pid-1
---ebpf-pid----5705----pid-5476
---ebpf-pid----5707----pid-5707
---ebpf-pid----5705----pid-1
---ebpf-pid----5705----pid-5705
---ebpf-pid----5707----pid-5476
---ebpf-pid----5705----pid-5476
---ebpf-pid----5707----pid-1
---ebpf-pid----379067----pid-379067
---ebpf-pid----379067----pid-5476
---ebpf-pid----5705----pid-1
---ebpf-pid----5705----pid-5705
---ebpf-pid----379067----pid-1
---ebpf-pid----379067----pid-379067
---ebpf-pid----5705----pid-5476
---ebpf-pid----379067----pid-5476
---ebpf-pid----5705----pid-1
---ebpf-pid----5705----pid-5705
---ebpf-pid----379067----pid-1
---ebpf-pid----379067----pid-379067
---ebpf-pid----5705----pid-5476
---ebpf-pid----379067----pid-5476
---ebpf-pid----5705----pid-1
---ebpf-pid----5705----pid-5705
---ebpf-pid----379067----pid-1
---ebpf-pid----379067----pid-379067
---ebpf-pid----5705----pid-5476
---ebpf-pid----379067----pid-5476
---ebpf-pid----5705----pid-1
---ebpf-pid----5705----pid-5705
---ebpf-pid----379067----pid-1
---ebpf-pid----379067----pid-379067
---ebpf-pid----5705----pid-5476
---ebpf-pid----5705----pid-1
---ebpf-pid----379067----pid-5476
---ebpf-pid----5705----pid-5705
---ebpf-pid----379067----pid-1
---ebpf-pid----5705----pid-5476
---ebpf-pid----379067----pid-379067
---ebpf-pid----5705----pid-1
---ebpf-pid----379067----pid-5476
---ebpf-pid----5705----pid-5705
---ebpf-pid----379067----pid-1
---ebpf-pid----5705----pid-5476
---ebpf-pid----379067----pid-379067
---ebpf-pid----5705----pid-1
---ebpf-pid----379067----pid-5476
---ebpf-pid----5705----pid-5705
---ebpf-pid----379067----pid-1
---ebpf-pid----5705----pid-5476
---ebpf-pid----379067----pid-379067
---ebpf-pid----379067----pid-5476
---ebpf-pid----379067----pid-1
---ebpf-pid----379067----pid-379067
---ebpf-pid----5705----pid-1
---ebpf-pid----5705----pid-5705
---ebpf-pid----5705----pid-5476
---ebpf-pid----5705----pid-1
---ebpf-pid----5705----pid-5705
---ebpf-pid----5705----pid-5476
---ebpf-pid----5705----pid-1
---ebpf-pid----5705----pid-5705
---ebpf-pid----5705----pid-5476
---ebpf-pid----5705----pid-1
---ebpf-pid----5705----pid-5705
---ebpf-pid----5705----pid-5476
---ebpf-pid----5705----pid-1
---ebpf-pid----5705----pid-5705
---ebpf-pid----5705----pid-5476
---ebpf-pid----5705----pid-1
---ebpf-pid----5705----pid-5705
---ebpf-pid----5705----pid-5476
---ebpf-pid----5705----pid-1
---ebpf-pid----5705----pid-5705
---ebpf-pid----5705----pid-5476
---ebpf-pid----5705----pid-1
---ebpf-pid----5705----pid-5705
---ebpf-pid----5705----pid-5476
---ebpf-pid----5705----pid-1
---ebpf-pid----5705----pid-5705
---ebpf-pid----5705----pid-5476
---ebpf-pid----5705----pid-1
---ebpf-pid----5705----pid-5705
---ebpf-pid----5705----pid-5476
---ebpf-pid----5705----pid-1
---ebpf-pid----379067----pid-5476
---ebpf-pid----5705----pid-5705
---ebpf-pid----5705----pid-5476
---ebpf-pid----379067----pid-1
---ebpf-pid----379067----pid-379067
---ebpf-pid----5705----pid-1
---ebpf-pid----5705----pid-5705
---ebpf-pid----379067----pid-5476
---ebpf-pid----5705----pid-5476
---ebpf-pid----379067----pid-1
---ebpf-pid----5705----pid-1
---ebpf-pid----5705----pid-5705
---ebpf-pid----4716----pid-4716
---ebpf-pid----5705----pid-5476
---ebpf-pid----4716----pid-3323
---ebpf-pid----4716----pid-1
---ebpf-pid----4716----pid-4716
---ebpf-pid----4716----pid-3323
---ebpf-pid----4716----pid-1
---ebpf-pid----372881----pid-1
---ebpf-pid----4716----pid-4716
---ebpf-pid----372881----pid-372881
---ebpf-pid----4716----pid-3323
---ebpf-pid----372881----pid-1
---ebpf-pid----372881----pid-372881
---ebpf-pid----4716----pid-1
---ebpf-pid----14----pid-14
---ebpf-pid----372881----pid-1
---ebpf-pid----14----pid-2
---ebpf-pid----372881----pid-372881
---ebpf-pid----448783----pid-448783
---ebpf-pid----448783----pid-448520
---ebpf-pid----372881----pid-1
---ebpf-pid----372881----pid-372881
---ebpf-pid----448783----pid-1
---ebpf-pid----448783----pid-448783
---ebpf-pid----372881----pid-1
---ebpf-pid----448783----pid-448520
---ebpf-pid----5705----pid-1
---ebpf-pid----372881----pid-372881
---ebpf-pid----5705----pid-5705
---ebpf-pid----448783----pid-1
---ebpf-pid----372881----pid-1
---ebpf-pid----5705----pid-5476
---ebpf-pid----448783----pid-448783
---ebpf-pid----372881----pid-372881
---ebpf-pid----448783----pid-448520
---ebpf-pid----372881----pid-1
---ebpf-pid----448783----pid-1
---ebpf-pid----5705----pid-1
---ebpf-pid----372881----pid-372881
---ebpf-pid----373029----pid-5476
---ebpf-pid----372881----pid-1
---ebpf-pid----373029----pid-1
---ebpf-pid----372881----pid-372881
---ebpf-pid----373029----pid-373029
---ebpf-pid----372881----pid-1
---ebpf-pid----373029----pid-5476
---ebpf-pid----372881----pid-372881
---ebpf-pid----373029----pid-1
---ebpf-pid----373029----pid-373029
---ebpf-pid----372881----pid-1
---ebpf-pid----373029----pid-5476
---ebpf-pid----372881----pid-372881
---ebpf-pid----373029----pid-1
---ebpf-pid----372881----pid-1
---ebpf-pid----372881----pid-372881
---ebpf-pid----372881----pid-1
---ebpf-pid----372881----pid-372881
---ebpf-pid----373029----pid-373029
---ebpf-pid----372881----pid-1
---ebpf-pid----372881----pid-372881
---ebpf-pid----373029----pid-5476
---ebpf-pid----372881----pid-1
---ebpf-pid----373029----pid-1
---ebpf-pid----372881----pid-372881
---ebpf-pid----373029----pid-373029
---ebpf-pid----372881----pid-1
---ebpf-pid----373029----pid-5476
---ebpf-pid----372881----pid-372881
---ebpf-pid----372881----pid-1
---ebpf-pid----373029----pid-1
---ebpf-pid----372881----pid-372881
---ebpf-pid----373029----pid-373029
---ebpf-pid----372881----pid-1
---ebpf-pid----373029----pid-5476
---ebpf-pid----372881----pid-372881
---ebpf-pid----373029----pid-1
---ebpf-pid----373029----pid-373029
---ebpf-pid----372881----pid-1
---ebpf-pid----372881----pid-372881
---ebpf-pid----373029----pid-5476
---ebpf-pid----5705----pid-5705
---ebpf-pid----372881----pid-1
---ebpf-pid----372881----pid-372881
---ebpf-pid----373029----pid-1
---ebpf-pid----373029----pid-373029
---ebpf-pid----372881----pid-1
---ebpf-pid----372881----pid-372881
---ebpf-pid----373029----pid-5476
---ebpf-pid----372881----pid-1
---ebpf-pid----373029----pid-1
---ebpf-pid----372881----pid-372881
---ebpf-pid----373029----pid-373029
---ebpf-pid----373029----pid-5476
---ebpf-pid----372881----pid-1
---ebpf-pid----372881----pid-372881
---ebpf-pid----373029----pid-1
---ebpf-pid----373029----pid-373029
---ebpf-pid----372881----pid-1
---ebpf-pid----372881----pid-372881
---ebpf-pid----373029----pid-5476
---ebpf-pid----372881----pid-1
---ebpf-pid----373029----pid-1
---ebpf-pid----372881----pid-372881
---ebpf-pid----373029----pid-373029
---ebpf-pid----372881----pid-1
---ebpf-pid----373029----pid-5476
---ebpf-pid----372881----pid-372881
---ebpf-pid----373029----pid-1
---ebpf-pid----372881----pid-1
---ebpf-pid----373029----pid-373029
---ebpf-pid----372881----pid-372881
---ebpf-pid----373029----pid-5476
---ebpf-pid----372881----pid-1
---ebpf-pid----372881----pid-372881
---ebpf-pid----373029----pid-1
---ebpf-pid----373029----pid-373029
---ebpf-pid----372881----pid-1
---ebpf-pid----372881----pid-372881
---ebpf-pid----373029----pid-5476
---ebpf-pid----372881----pid-1
---ebpf-pid----373029----pid-1
---ebpf-pid----372881----pid-372881
---ebpf-pid----373029----pid-373029
---ebpf-pid----373029----pid-5476
---ebpf-pid----372881----pid-1
---ebpf-pid----372881----pid-372881
---ebpf-pid----373029----pid-1
---ebpf-pid----373029----pid-373029
---ebpf-pid----372881----pid-1
---ebpf-pid----372881----pid-372881
---ebpf-pid----373029----pid-5476
---ebpf-pid----373029----pid-1
---ebpf-pid----372881----pid-1
---ebpf-pid----373029----pid-373029
---ebpf-pid----372714----pid-372714
---ebpf-pid----373029----pid-5476
---ebpf-pid----372714----pid-5476
---ebpf-pid----373029----pid-1
---ebpf-pid----372714----pid-1
---ebpf-pid----373029----pid-373029
---ebpf-pid----372714----pid-372714
---ebpf-pid----373029----pid-5476
---ebpf-pid----372714----pid-5476
---ebpf-pid----373029----pid-1
---ebpf-pid----372714----pid-1
---ebpf-pid----5705----pid-5705
---ebpf-pid----372714----pid-372714
---ebpf-pid----5705----pid-5476
---ebpf-pid----372714----pid-5476
---ebpf-pid----5705----pid-1
---ebpf-pid----5705----pid-5705
---ebpf-pid----372714----pid-1
---ebpf-pid----372714----pid-372714
---ebpf-pid----5705----pid-5476
---ebpf-pid----372714----pid-5476
---ebpf-pid----5705----pid-1
---ebpf-pid----5705----pid-5705
---ebpf-pid----372714----pid-1
---ebpf-pid----372714----pid-372714
---ebpf-pid----5705----pid-5476
---ebpf-pid----372714----pid-5476
---ebpf-pid----5705----pid-1
---ebpf-pid----5705----pid-5705
---ebpf-pid----372714----pid-1
---ebpf-pid----372714----pid-372714
---ebpf-pid----5705----pid-5476
---ebpf-pid----372714----pid-5476
---ebpf-pid----5705----pid-1
---ebpf-pid----5705----pid-5705
---ebpf-pid----372714----pid-1
---ebpf-pid----372714----pid-372714
---ebpf-pid----5705----pid-5476
---ebpf-pid----372714----pid-5476
---ebpf-pid----5705----pid-1
---ebpf-pid----5705----pid-5705
---ebpf-pid----372714----pid-1
---ebpf-pid----372714----pid-372714
---ebpf-pid----5705----pid-5476
---ebpf-pid----372714----pid-5476
---ebpf-pid----5705----pid-1
---ebpf-pid----5705----pid-5705
---ebpf-pid----372714----pid-1
---ebpf-pid----5705----pid-5476
---ebpf-pid----372714----pid-372714
---ebpf-pid----5705----pid-1
---ebpf-pid----372714----pid-5476
---ebpf-pid----5705----pid-5705
---ebpf-pid----5705----pid-5476
---ebpf-pid----372714----pid-1
---ebpf-pid----372714----pid-372714
---ebpf-pid----5705----pid-1
---ebpf-pid----5705----pid-5705
---ebpf-pid----372714----pid-5476
---ebpf-pid----5705----pid-5476
---ebpf-pid----372714----pid-1
---ebpf-pid----372714----pid-372714
---ebpf-pid----5705----pid-1
---ebpf-pid----5705----pid-5705
---ebpf-pid----372714----pid-5476
---ebpf-pid----372714----pid-1
---ebpf-pid----5705----pid-5476
---ebpf-pid----372714----pid-372714
---ebpf-pid----5705----pid-1
---ebpf-pid----5705----pid-5705
---ebpf-pid----372714----pid-5476
---ebpf-pid----5705----pid-5476
---ebpf-pid----372714----pid-1
---ebpf-pid----5705----pid-1
---ebpf-pid----372714----pid-372714
---ebpf-pid----5705----pid-5705
---ebpf-pid----372714----pid-5476
---ebpf-pid----5705----pid-5476
---ebpf-pid----372714----pid-1
---ebpf-pid----5705----pid-1
---ebpf-pid----5705----pid-5705
---ebpf-pid----372714----pid-372714
---ebpf-pid----5705----pid-5476
---ebpf-pid----372714----pid-5476
---ebpf-pid----5705----pid-1
---ebpf-pid----372714----pid-1
---ebpf-pid----5705----pid-5705
---ebpf-pid----372714----pid-372714
---ebpf-pid----5705----pid-5476
---ebpf-pid----372714----pid-5476
---ebpf-pid----5705----pid-1
---ebpf-pid----5705----pid-5705
---ebpf-pid----372714----pid-1
---ebpf-pid----372714----pid-372714
---ebpf-pid----5705----pid-5476
---ebpf-pid----5705----pid-1
---ebpf-pid----372714----pid-5476
---ebpf-pid----5705----pid-5705
---ebpf-pid----372714----pid-1
---ebpf-pid----5705----pid-5476
---ebpf-pid----372714----pid-372714
---ebpf-pid----5705----pid-1
---ebpf-pid----5705----pid-5705
---ebpf-pid----372714----pid-5476
---ebpf-pid----5705----pid-5476
---ebpf-pid----372714----pid-1
---ebpf-pid----372714----pid-372714
---ebpf-pid----5705----pid-1
---ebpf-pid----372714----pid-5476
---ebpf-pid----5705----pid-5705
---ebpf-pid----5705----pid-5476
---ebpf-pid----372714----pid-1
---ebpf-pid----372714----pid-372714
---ebpf-pid----5705----pid-1
---ebpf-pid----5705----pid-5705
---ebpf-pid----2088----pid-2088
---ebpf-pid----5705----pid-5476
---ebpf-pid----5705----pid-1
---ebpf-pid----5705----pid-5705
---ebpf-pid----5705----pid-5476
---ebpf-pid----5705----pid-5476
---ebpf-pid----5705----pid-1
---ebpf-pid----5705----pid-1
---ebpf-pid----5705----pid-5705
---ebpf-pid----2088----pid-1
---ebpf-pid----5705----pid-5476
---ebpf-pid----2088----pid-2088
---ebpf-pid----5705----pid-1
---ebpf-pid----2088----pid-1
---ebpf-pid----2088----pid-2088
---ebpf-pid----5705----pid-5705
---ebpf-pid----2088----pid-1
---ebpf-pid----5705----pid-5476
---ebpf-pid----5707----pid-5707
---ebpf-pid----5705----pid-1
---ebpf-pid----5705----pid-5705
---ebpf-pid----5707----pid-5476
---ebpf-pid----5705----pid-5476
---ebpf-pid----5707----pid-1
---ebpf-pid----5707----pid-5707
---ebpf-pid----5705----pid-1
---ebpf-pid----5705----pid-5705
---ebpf-pid----5707----pid-5476
---ebpf-pid----5705----pid-5476
---ebpf-pid----5707----pid-1
---ebpf-pid----5707----pid-5707
---ebpf-pid----5705----pid-1
---ebpf-pid----5705----pid-5705
---ebpf-pid----5707----pid-5476
---ebpf-pid----5705----pid-5476
---ebpf-pid----5707----pid-1
---ebpf-pid----5705----pid-5705
---ebpf-pid----5705----pid-1
---ebpf-pid----5705----pid-5705
---ebpf-pid----5705----pid-5476
---ebpf-pid----5705----pid-5476
---ebpf-pid----5705----pid-1
---ebpf-pid----5705----pid-5705
---ebpf-pid----5705----pid-1
---ebpf-pid----5705----pid-5705
---ebpf-pid----5705----pid-5476
---ebpf-pid----5705----pid-5476
---ebpf-pid----5705----pid-1
---ebpf-pid----5707----pid-5707
---ebpf-pid----5705----pid-1
---ebpf-pid----5705----pid-5705
---ebpf-pid----5707----pid-5476
---ebpf-pid----5705----pid-5476
---ebpf-pid----5707----pid-1
---ebpf-pid----5707----pid-5707
---ebpf-pid----5705----pid-1
---ebpf-pid----5705----pid-5705
---ebpf-pid----5707----pid-5476
---ebpf-pid----5705----pid-5476
---ebpf-pid----5707----pid-1
---ebpf-pid----5707----pid-5707
---ebpf-pid----5705----pid-1
---ebpf-pid----5705----pid-5705
---ebpf-pid----5707----pid-5476
---ebpf-pid----5705----pid-5476
---ebpf-pid----5707----pid-1
---ebpf-pid----14----pid-14
---ebpf-pid----5705----pid-1
---ebpf-pid----5705----pid-5705
---ebpf-pid----14----pid-2
---ebpf-pid----2088----pid-2088
---ebpf-pid----5705----pid-5476
---ebpf-pid----2088----pid-1
---ebpf-pid----5705----pid-1
---ebpf-pid----2088----pid-2088
---ebpf-pid----5705----pid-5705
---ebpf-pid----5705----pid-5476
---ebpf-pid----5705----pid-1
---ebpf-pid----5705----pid-5705
---ebpf-pid----379067----pid-379067
---ebpf-pid----5705----pid-5476
---ebpf-pid----379067----pid-5476
---ebpf-pid----5705----pid-1
---ebpf-pid----5705----pid-5705
---ebpf-pid----379067----pid-1
---ebpf-pid----379067----pid-379067
---ebpf-pid----5705----pid-5476
---ebpf-pid----379067----pid-5476
---ebpf-pid----5705----pid-1
---ebpf-pid----5705----pid-5705
---ebpf-pid----379067----pid-1
---ebpf-pid----379067----pid-379067
---ebpf-pid----5705----pid-5476
---ebpf-pid----379067----pid-5476
---ebpf-pid----5705----pid-1
---ebpf-pid----5705----pid-5705
---ebpf-pid----379067----pid-1
---ebpf-pid----379067----pid-379067
---ebpf-pid----5705----pid-5476
---ebpf-pid----379067----pid-5476
---ebpf-pid----379067----pid-1
---ebpf-pid----379067----pid-379067
---ebpf-pid----379067----pid-5476
---ebpf-pid----379067----pid-1
---ebpf-pid----379067----pid-379067
---ebpf-pid----379067----pid-5476
---ebpf-pid----379067----pid-1
---ebpf-pid----379067----pid-379067
---ebpf-pid----379067----pid-5476
---ebpf-pid----379067----pid-1
---ebpf-pid----379067----pid-379067
---ebpf-pid----379067----pid-5476
---ebpf-pid----379067----pid-1
---ebpf-pid----379067----pid-379067
---ebpf-pid----5705----pid-1
---ebpf-pid----373029----pid-373029
---ebpf-pid----379067----pid-5476
---ebpf-pid----373029----pid-5476
---ebpf-pid----379067----pid-1
---ebpf-pid----379067----pid-379067
---ebpf-pid----373029----pid-1
---ebpf-pid----373029----pid-373029
---ebpf-pid----379067----pid-5476
---ebpf-pid----373029----pid-5476
---ebpf-pid----379067----pid-1
---ebpf-pid----373029----pid-1
---ebpf-pid----379067----pid-379067
---ebpf-pid----5705----pid-5705
---ebpf-pid----379067----pid-5476
---ebpf-pid----5705----pid-5476
---ebpf-pid----379067----pid-1
---ebpf-pid----5705----pid-1
---ebpf-pid----379067----pid-379067
---ebpf-pid----5705----pid-5705
---ebpf-pid----5705----pid-5476
---ebpf-pid----379067----pid-5476
---ebpf-pid----5705----pid-1
---ebpf-pid----5705----pid-5705
---ebpf-pid----379067----pid-1
---ebpf-pid----379067----pid-379067
---ebpf-pid----5705----pid-5476
---ebpf-pid----379067----pid-5476
---ebpf-pid----5705----pid-1
---ebpf-pid----5705----pid-5705
---ebpf-pid----379067----pid-1
---ebpf-pid----379067----pid-379067
---ebpf-pid----5705----pid-5476
---ebpf-pid----5705----pid-1
---ebpf-pid----379067----pid-5476
---ebpf-pid----5705----pid-5705
---ebpf-pid----379067----pid-1
---ebpf-pid----5705----pid-5476
---ebpf-pid----379067----pid-379067
---ebpf-pid----5705----pid-1
---ebpf-pid----379067----pid-5476
---ebpf-pid----5705----pid-5705
---ebpf-pid----5705----pid-5476
---ebpf-pid----379067----pid-1
---ebpf-pid----379067----pid-379067
---ebpf-pid----5705----pid-1
---ebpf-pid----5705----pid-5705
---ebpf-pid----372714----pid-5476
---ebpf-pid----5705----pid-5476
---ebpf-pid----372714----pid-1
---ebpf-pid----5705----pid-1
---ebpf-pid----5705----pid-5705
---ebpf-pid----372714----pid-372714
---ebpf-pid----5705----pid-5476
---ebpf-pid----372714----pid-5476
---ebpf-pid----5705----pid-1
---ebpf-pid----372714----pid-1
---ebpf-pid----5705----pid-5705
---ebpf-pid----372714----pid-372714
---ebpf-pid----5705----pid-5476
---ebpf-pid----372714----pid-5476
---ebpf-pid----5705----pid-1
---ebpf-pid----5705----pid-5705
---ebpf-pid----372714----pid-1
---ebpf-pid----372714----pid-372714
---ebpf-pid----5705----pid-5476
---ebpf-pid----372714----pid-5476
---ebpf-pid----5705----pid-1
---ebpf-pid----5705----pid-5705
---ebpf-pid----372714----pid-1
---ebpf-pid----372714----pid-372714
---ebpf-pid----5705----pid-5476
---ebpf-pid----5705----pid-1
---ebpf-pid----372714----pid-5476
---ebpf-pid----372714----pid-1
---ebpf-pid----372714----pid-372714
---ebpf-pid----372714----pid-5476
---ebpf-pid----372714----pid-1
---ebpf-pid----372714----pid-372714
---ebpf-pid----372714----pid-5476
---ebpf-pid----372714----pid-1
---ebpf-pid----372714----pid-372714
---ebpf-pid----372714----pid-5476
---ebpf-pid----372714----pid-1
---ebpf-pid----372714----pid-372714
---ebpf-pid----372714----pid-5476
---ebpf-pid----372714----pid-1
---ebpf-pid----372714----pid-372714
---ebpf-pid----372714----pid-5476
---ebpf-pid----5705----pid-5705
---ebpf-pid----372714----pid-1
---ebpf-pid----372714----pid-372714
---ebpf-pid----5705----pid-5476
---ebpf-pid----372714----pid-5476
---ebpf-pid----5705----pid-1
---ebpf-pid----5705----pid-5705
---ebpf-pid----372714----pid-1
---ebpf-pid----5705----pid-5476
---ebpf-pid----372714----pid-372714
---ebpf-pid----5705----pid-1
---ebpf-pid----372714----pid-5476
---ebpf-pid----5705----pid-5705
---ebpf-pid----372714----pid-1
---ebpf-pid----5705----pid-5476
---ebpf-pid----372714----pid-372714
---ebpf-pid----5705----pid-1
---ebpf-pid----5705----pid-5705
---ebpf-pid----2088----pid-1
---ebpf-pid----2088----pid-2088
---ebpf-pid----5705----pid-5476
---ebpf-pid----2088----pid-1
---ebpf-pid----5705----pid-1
---ebpf-pid----2088----pid-2088
---ebpf-pid----5705----pid-5705
---ebpf-pid----5705----pid-5476
---ebpf-pid----2088----pid-1
---ebpf-pid----2088----pid-2088
---ebpf-pid----5705----pid-1
---ebpf-pid----5705----pid-5705
---ebpf-pid----2088----pid-1
---ebpf-pid----5705----pid-5705
---ebpf-pid----5705----pid-5476
---ebpf-pid----5705----pid-5476
---ebpf-pid----5705----pid-1
---ebpf-pid----5705----pid-5705
---ebpf-pid----5705----pid-1
---ebpf-pid----5705----pid-5476
---ebpf-pid----5705----pid-5705
---ebpf-pid----5705----pid-1
---ebpf-pid----373029----pid-373029
---ebpf-pid----379067----pid-5476
---ebpf-pid----373029----pid-5476
---ebpf-pid----373029----pid-1
---ebpf-pid----373029----pid-373029
---ebpf-pid----373029----pid-5476
---ebpf-pid----373029----pid-1
---ebpf-pid----373029----pid-373029
---ebpf-pid----373029----pid-5476
---ebpf-pid----379067----pid-1
---ebpf-pid----379067----pid-379067
---ebpf-pid----379067----pid-5476
---ebpf-pid----379067----pid-1
---ebpf-pid----379067----pid-379067
---ebpf-pid----379067----pid-5476
---ebpf-pid----379067----pid-1
---ebpf-pid----379067----pid-379067
---ebpf-pid----379067----pid-5476
---ebpf-pid----379067----pid-1
---ebpf-pid----379067----pid-379067
---ebpf-pid----379067----pid-5476
---ebpf-pid----379067----pid-1
---ebpf-pid----379067----pid-379067
---ebpf-pid----379067----pid-5476
---ebpf-pid----379067----pid-1
---ebpf-pid----379067----pid-379067
---ebpf-pid----379067----pid-5476
---ebpf-pid----379067----pid-1
---ebpf-pid----379067----pid-379067
---ebpf-pid----379067----pid-5476
---ebpf-pid----379067----pid-1
---ebpf-pid----379067----pid-379067
---ebpf-pid----379067----pid-5476
---ebpf-pid----379067----pid-1
---ebpf-pid----379067----pid-379067
---ebpf-pid----379067----pid-5476
---ebpf-pid----372714----pid-5476
---ebpf-pid----372714----pid-1
---ebpf-pid----372714----pid-372714
---ebpf-pid----372714----pid-5476
---ebpf-pid----372714----pid-1
---ebpf-pid----372714----pid-372714
---ebpf-pid----372714----pid-5476
---ebpf-pid----372714----pid-1
---ebpf-pid----372714----pid-372714
---ebpf-pid----372714----pid-5476
---ebpf-pid----372714----pid-1
---ebpf-pid----372714----pid-372714
---ebpf-pid----372714----pid-5476
---ebpf-pid----372714----pid-1
---ebpf-pid----372714----pid-372714
---ebpf-pid----372714----pid-5476
---ebpf-pid----372714----pid-1
---ebpf-pid----373029----pid-1
---ebpf-pid----372714----pid-372714
---ebpf-pid----373029----pid-373029
---ebpf-pid----372714----pid-5476
---ebpf-pid----373029----pid-5476
---ebpf-pid----372714----pid-1
---ebpf-pid----373029----pid-1
---ebpf-pid----372714----pid-372714
---ebpf-pid----5705----pid-5705
---ebpf-pid----372714----pid-5476
---ebpf-pid----5705----pid-5476
---ebpf-pid----5705----pid-1
---ebpf-pid----5705----pid-5705
---ebpf-pid----5705----pid-5476
---ebpf-pid----5705----pid-1
---ebpf-pid----5705----pid-5705
---ebpf-pid----5705----pid-5476
---ebpf-pid----5705----pid-1
---ebpf-pid----2012----pid-2012
---ebpf-pid----2012----pid-1
---ebpf-pid----2012----pid-2012
---ebpf-pid----2012----pid-1
---ebpf-pid----5705----pid-5705
---ebpf-pid----5705----pid-5476
---ebpf-pid----5705----pid-1
---ebpf-pid----5705----pid-5705
---ebpf-pid----5705----pid-5476
---ebpf-pid----5705----pid-1
---ebpf-pid----5705----pid-5705
---ebpf-pid----5705----pid-5476
---ebpf-pid----5705----pid-5476
---ebpf-pid----5705----pid-1
---ebpf-pid----4716----pid-4716
---ebpf-pid----5705----pid-1
---ebpf-pid----5705----pid-5705
---ebpf-pid----4716----pid-3323
---ebpf-pid----5705----pid-5476
---ebpf-pid----4716----pid-1
---ebpf-pid----448782----pid-448782
---ebpf-pid----5705----pid-1
---ebpf-pid----448782----pid-448520
---ebpf-pid----5705----pid-5705
---ebpf-pid----448782----pid-1
---ebpf-pid----448782----pid-448782
---ebpf-pid----5705----pid-5476
---ebpf-pid----448782----pid-448520
---ebpf-pid----5705----pid-1
---ebpf-pid----5705----pid-5705
---ebpf-pid----448782----pid-1
---ebpf-pid----448782----pid-448782
---ebpf-pid----5705----pid-5476
---ebpf-pid----448782----pid-448520
---ebpf-pid----5705----pid-1
---ebpf-pid----448782----pid-1
---ebpf-pid----5705----pid-5705
---ebpf-pid----4716----pid-4716
---ebpf-pid----5705----pid-5476
---ebpf-pid----4716----pid-3323
---ebpf-pid----5705----pid-1
---ebpf-pid----372714----pid-1
---ebpf-pid----372714----pid-372714
---ebpf-pid----372714----pid-5476
---ebpf-pid----372714----pid-1
---ebpf-pid----372714----pid-372714
---ebpf-pid----372714----pid-5476
---ebpf-pid----372714----pid-1
---ebpf-pid----372714----pid-372714
---ebpf-pid----372714----pid-5476
---ebpf-pid----372714----pid-1
---ebpf-pid----372714----pid-372714
---ebpf-pid----372714----pid-5476
---ebpf-pid----372714----pid-1
---ebpf-pid----372714----pid-372714
---ebpf-pid----379067----pid-1
---ebpf-pid----4716----pid-1
---ebpf-pid----372714----pid-5476
---ebpf-pid----379067----pid-379067
---ebpf-pid----4716----pid-4716
---ebpf-pid----372714----pid-1
---ebpf-pid----4716----pid-3323
---ebpf-pid----372714----pid-372714
---ebpf-pid----379067----pid-5476
---ebpf-pid----4716----pid-1
---ebpf-pid----379067----pid-1
---ebpf-pid----448782----pid-448782
---ebpf-pid----379067----pid-379067
---ebpf-pid----448782----pid-448520
---ebpf-pid----379067----pid-5476
---ebpf-pid----448782----pid-1
---ebpf-pid----379067----pid-1
---ebpf-pid----5705----pid-5705
---ebpf-pid----379067----pid-379067
---ebpf-pid----5705----pid-5476
---ebpf-pid----379067----pid-5476
---ebpf-pid----5705----pid-1
---ebpf-pid----5705----pid-5705
---ebpf-pid----379067----pid-1
---ebpf-pid----379067----pid-379067
---ebpf-pid----5705----pid-5476
---ebpf-pid----379067----pid-5476
---ebpf-pid----5705----pid-1
---ebpf-pid----5705----pid-5705
---ebpf-pid----379067----pid-1
---ebpf-pid----379067----pid-379067
---ebpf-pid----5705----pid-5476
---ebpf-pid----379067----pid-5476
---ebpf-pid----5705----pid-1
---ebpf-pid----379067----pid-379067
---ebpf-pid----379067----pid-1
---ebpf-pid----379067----pid-379067
---ebpf-pid----379067----pid-5476
---ebpf-pid----379067----pid-5476
---ebpf-pid----379067----pid-1
---ebpf-pid----379067----pid-379067
---ebpf-pid----379067----pid-1
---ebpf-pid----379067----pid-379067
---ebpf-pid----379067----pid-5476
---ebpf-pid----379067----pid-5476
---ebpf-pid----379067----pid-1
---ebpf-pid----5705----pid-5705
---ebpf-pid----379067----pid-1
---ebpf-pid----379067----pid-379067
---ebpf-pid----5705----pid-5476
---ebpf-pid----379067----pid-5476
---ebpf-pid----5705----pid-1
---ebpf-pid----5705----pid-5705
---ebpf-pid----379067----pid-1
---ebpf-pid----379067----pid-379067
---ebpf-pid----5705----pid-5476
---ebpf-pid----379067----pid-5476
---ebpf-pid----5705----pid-1
---ebpf-pid----379067----pid-1
---ebpf-pid----5705----pid-5705
---ebpf-pid----379067----pid-379067
---ebpf-pid----5705----pid-5476
---ebpf-pid----379067----pid-5476
---ebpf-pid----5705----pid-1
---ebpf-pid----379067----pid-1
---ebpf-pid----5705----pid-5705
---ebpf-pid----379067----pid-379067
---ebpf-pid----5705----pid-5476
---ebpf-pid----379067----pid-5476
---ebpf-pid----5705----pid-1
---ebpf-pid----379067----pid-1
---ebpf-pid----379067----pid-379067
---ebpf-pid----379067----pid-5476
---ebpf-pid----379067----pid-1
---ebpf-pid----379067----pid-379067
---ebpf-pid----379067----pid-5476
---ebpf-pid----5705----pid-5705
---ebpf-pid----379067----pid-1
---ebpf-pid----379067----pid-379067
---ebpf-pid----5705----pid-5476
---ebpf-pid----379067----pid-5476
---ebpf-pid----5705----pid-1
---ebpf-pid----379067----pid-1
---ebpf-pid----5705----pid-5705
---ebpf-pid----379067----pid-379067
---ebpf-pid----5705----pid-5476
---ebpf-pid----379067----pid-5476
---ebpf-pid----5705----pid-1
---ebpf-pid----379067----pid-1
---ebpf-pid----5707----pid-5707
---ebpf-pid----5705----pid-5705
---ebpf-pid----5705----pid-5476
---ebpf-pid----5705----pid-1
---ebpf-pid----5707----pid-5476
---ebpf-pid----5705----pid-5705
---ebpf-pid----5707----pid-1
---ebpf-pid----5705----pid-5476
---ebpf-pid----5707----pid-5707
---ebpf-pid----5705----pid-1
---ebpf-pid----5707----pid-5476
---ebpf-pid----379067----pid-379067
---ebpf-pid----5707----pid-1
---ebpf-pid----379067----pid-5476
---ebpf-pid----5707----pid-5707
---ebpf-pid----379067----pid-1
---ebpf-pid----5707----pid-5476
---ebpf-pid----379067----pid-379067
---ebpf-pid----5707----pid-1
---ebpf-pid----379067----pid-5476
---ebpf-pid----5707----pid-5707
---ebpf-pid----379067----pid-1
---ebpf-pid----5707----pid-5476
---ebpf-pid----379067----pid-379067
---ebpf-pid----5707----pid-1
---ebpf-pid----5707----pid-5707
---ebpf-pid----5707----pid-5476
---ebpf-pid----5707----pid-1
---ebpf-pid----5707----pid-5707
---ebpf-pid----5707----pid-5476
---ebpf-pid----5707----pid-1
---ebpf-pid----5707----pid-5707
---ebpf-pid----5707----pid-5476
---ebpf-pid----5707----pid-1
---ebpf-pid----5707----pid-5707
---ebpf-pid----5707----pid-5476
---ebpf-pid----379067----pid-5476
---ebpf-pid----5707----pid-1
---ebpf-pid----5707----pid-5707
---ebpf-pid----379067----pid-1
---ebpf-pid----5707----pid-5476
---ebpf-pid----379067----pid-379067
---ebpf-pid----379067----pid-5476
---ebpf-pid----5707----pid-1
---ebpf-pid----5707----pid-5707
---ebpf-pid----379067----pid-1
---ebpf-pid----379067----pid-379067
---ebpf-pid----5707----pid-5476
---ebpf-pid----379067----pid-5476
---ebpf-pid----5707----pid-1
---ebpf-pid----5707----pid-5707
---ebpf-pid----379067----pid-1
---ebpf-pid----379067----pid-379067
---ebpf-pid----5707----pid-5476
---ebpf-pid----379067----pid-5476
---ebpf-pid----5707----pid-1
---ebpf-pid----5707----pid-5707
---ebpf-pid----379067----pid-1
---ebpf-pid----379067----pid-379067
---ebpf-pid----5707----pid-5476
---ebpf-pid----379067----pid-5476
---ebpf-pid----5707----pid-1
---ebpf-pid----5707----pid-5707
---ebpf-pid----379067----pid-1
---ebpf-pid----379067----pid-379067
---ebpf-pid----5707----pid-5476
---ebpf-pid----379067----pid-5476
---ebpf-pid----5707----pid-1
---ebpf-pid----5707----pid-5707
---ebpf-pid----379067----pid-1
---ebpf-pid----379067----pid-379067
---ebpf-pid----5707----pid-5476
---ebpf-pid----379067----pid-5476
---ebpf-pid----5707----pid-1
---ebpf-pid----5707----pid-5707
---ebpf-pid----379067----pid-1
---ebpf-pid----379067----pid-379067
---ebpf-pid----5707----pid-5476
---ebpf-pid----379067----pid-5476
---ebpf-pid----5707----pid-1
---ebpf-pid----372714----pid-5476
---ebpf-pid----5707----pid-5707
---ebpf-pid----379067----pid-1
---ebpf-pid----5707----pid-5476
---ebpf-pid----372714----pid-1
---ebpf-pid----372714----pid-372714
---ebpf-pid----5707----pid-1
---ebpf-pid----5707----pid-5707
---ebpf-pid----372714----pid-5476
---ebpf-pid----5707----pid-5476
---ebpf-pid----372714----pid-1
---ebpf-pid----372714----pid-372714
---ebpf-pid----5707----pid-1
---ebpf-pid----379067----pid-379067
---ebpf-pid----372714----pid-5476
---ebpf-pid----379067----pid-5476
---ebpf-pid----372714----pid-1
---ebpf-pid----372714----pid-372714
---ebpf-pid----379067----pid-1
---ebpf-pid----379067----pid-379067
---ebpf-pid----372714----pid-5476
---ebpf-pid----372714----pid-1
---ebpf-pid----379067----pid-5476
---ebpf-pid----372714----pid-372714
---ebpf-pid----379067----pid-1
---ebpf-pid----372714----pid-5476
---ebpf-pid----379067----pid-379067
---ebpf-pid----372714----pid-1
---ebpf-pid----379067----pid-5476
---ebpf-pid----372714----pid-372714
---ebpf-pid----379067----pid-1
---ebpf-pid----372714----pid-5476
---ebpf-pid----379067----pid-379067
---ebpf-pid----372714----pid-1
---ebpf-pid----379067----pid-5476
---ebpf-pid----372714----pid-372714
---ebpf-pid----379067----pid-1
---ebpf-pid----5707----pid-5707
---ebpf-pid----5707----pid-5476
---ebpf-pid----5707----pid-1
---ebpf-pid----5707----pid-5707
---ebpf-pid----5707----pid-5476
---ebpf-pid----5707----pid-1
---ebpf-pid----5707----pid-5707
---ebpf-pid----5707----pid-5476
---ebpf-pid----5707----pid-1
---ebpf-pid----5705----pid-5705
---ebpf-pid----5705----pid-5476
---ebpf-pid----379067----pid-379067
---ebpf-pid----5705----pid-1
---ebpf-pid----379067----pid-379067
---ebpf-pid----379067----pid-5476
---ebpf-pid----379067----pid-5476
---ebpf-pid----379067----pid-1
---ebpf-pid----379067----pid-379067
---ebpf-pid----379067----pid-1
---ebpf-pid----5705----pid-5705
---ebpf-pid----379067----pid-5476
---ebpf-pid----5705----pid-5476
---ebpf-pid----379067----pid-1
---ebpf-pid----379067----pid-379067
---ebpf-pid----5705----pid-1
---ebpf-pid----5705----pid-5705
---ebpf-pid----379067----pid-5476
---ebpf-pid----379067----pid-1
---ebpf-pid----5705----pid-5476
---ebpf-pid----379067----pid-379067
---ebpf-pid----379067----pid-5476
---ebpf-pid----5705----pid-1
---ebpf-pid----5705----pid-5705
---ebpf-pid----379067----pid-1
---ebpf-pid----379067----pid-379067
---ebpf-pid----5705----pid-5476
---ebpf-pid----372714----pid-5476
---ebpf-pid----379067----pid-5476
---ebpf-pid----5705----pid-1
---ebpf-pid----5705----pid-5705
---ebpf-pid----372714----pid-1
---ebpf-pid----379067----pid-1
---ebpf-pid----379067----pid-379067
---ebpf-pid----5705----pid-5476
---ebpf-pid----372714----pid-372714
---ebpf-pid----379067----pid-5476
---ebpf-pid----5705----pid-1
---ebpf-pid----5707----pid-5707
---ebpf-pid----372714----pid-5476
---ebpf-pid----379067----pid-1
---ebpf-pid----379067----pid-379067
---ebpf-pid----5707----pid-5476
---ebpf-pid----372714----pid-1
---ebpf-pid----372714----pid-372714
---ebpf-pid----379067----pid-5476
---ebpf-pid----5707----pid-1
---ebpf-pid----5707----pid-5707
---ebpf-pid----372714----pid-5476
---ebpf-pid----5707----pid-5476
---ebpf-pid----372714----pid-1
---ebpf-pid----372714----pid-372714
---ebpf-pid----5707----pid-1
---ebpf-pid----373029----pid-373029
---ebpf-pid----372714----pid-5476
---ebpf-pid----373029----pid-5476
---ebpf-pid----372714----pid-1
---ebpf-pid----372714----pid-372714
---ebpf-pid----373029----pid-1
---ebpf-pid----379067----pid-1
---ebpf-pid----373029----pid-373029
---ebpf-pid----379067----pid-379067
---ebpf-pid----372714----pid-5476
---ebpf-pid----373029----pid-5476
---ebpf-pid----379067----pid-5476
---ebpf-pid----372714----pid-1
---ebpf-pid----379067----pid-1
---ebpf-pid----373029----pid-1
---ebpf-pid----372714----pid-372714
---ebpf-pid----373029----pid-373029
---ebpf-pid----372714----pid-5476
---ebpf-pid----373029----pid-5476
---ebpf-pid----379067----pid-379067
---ebpf-pid----372714----pid-1
---ebpf-pid----373029----pid-1
---ebpf-pid----379067----pid-5476
---ebpf-pid----4716----pid-4716
---ebpf-pid----4716----pid-3323
---ebpf-pid----5707----pid-5707
---ebpf-pid----5707----pid-5476
---ebpf-pid----5707----pid-1
---ebpf-pid----5707----pid-5707
---ebpf-pid----5707----pid-5476
---ebpf-pid----5707----pid-1
---ebpf-pid----373029----pid-373029
---ebpf-pid----373029----pid-5476
---ebpf-pid----373029----pid-1
---ebpf-pid----379067----pid-1
---ebpf-pid----373029----pid-373029
---ebpf-pid----379067----pid-379067
---ebpf-pid----373029----pid-5476
---ebpf-pid----379067----pid-5476
---ebpf-pid----373029----pid-1
---ebpf-pid----379067----pid-1
---ebpf-pid----379067----pid-379067
---ebpf-pid----379067----pid-5476
---ebpf-pid----373029----pid-373029
---ebpf-pid----379067----pid-1
---ebpf-pid----4716----pid-1
---ebpf-pid----379067----pid-379067
---ebpf-pid----373029----pid-5476
---ebpf-pid----379067----pid-5476
---ebpf-pid----372714----pid-372714
---ebpf-pid----379067----pid-1
---ebpf-pid----379067----pid-379067
---ebpf-pid----4716----pid-4716
---ebpf-pid----379067----pid-5476
---ebpf-pid----379067----pid-1
---ebpf-pid----379067----pid-379067
---ebpf-pid----372714----pid-5476
---ebpf-pid----4716----pid-3323
---ebpf-pid----373029----pid-1
---ebpf-pid----373029----pid-373029
---ebpf-pid----379067----pid-5476
---ebpf-pid----379067----pid-1
---ebpf-pid----379067----pid-379067
---ebpf-pid----379067----pid-5476
---ebpf-pid----373029----pid-5476
---ebpf-pid----4716----pid-1
---ebpf-pid----379067----pid-1
---ebpf-pid----4716----pid-4716
---ebpf-pid----4716----pid-3323
---ebpf-pid----4716----pid-1
---ebpf-pid----379067----pid-379067
---ebpf-pid----373029----pid-1
---ebpf-pid----373029----pid-373029
---ebpf-pid----379067----pid-5476
---ebpf-pid----379067----pid-1
---ebpf-pid----379067----pid-379067
---ebpf-pid----373029----pid-5476
---ebpf-pid----379067----pid-5476
---ebpf-pid----379067----pid-1
---ebpf-pid----2094----pid-2094
---ebpf-pid----373029----pid-1
---ebpf-pid----373029----pid-373029
---ebpf-pid----2094----pid-1
---ebpf-pid----2094----pid-2094
---ebpf-pid----2094----pid-1
---ebpf-pid----2094----pid-2094
---ebpf-pid----2094----pid-1
---ebpf-pid----373029----pid-5476
---ebpf-pid----2094----pid-2094
---ebpf-pid----2094----pid-1
---ebpf-pid----2094----pid-2094
---ebpf-pid----373029----pid-1
---ebpf-pid----2094----pid-1
---ebpf-pid----373029----pid-373029
---ebpf-pid----2088----pid-2088
---ebpf-pid----2088----pid-1
---ebpf-pid----373029----pid-5476
---ebpf-pid----379067----pid-379067
---ebpf-pid----372714----pid-1
---ebpf-pid----379067----pid-5476
---ebpf-pid----379067----pid-1
---ebpf-pid----379067----pid-379067
---ebpf-pid----379067----pid-5476
---ebpf-pid----379067----pid-1
---ebpf-pid----379067----pid-379067
---ebpf-pid----379067----pid-5476
---ebpf-pid----379067----pid-1
---ebpf-pid----379067----pid-379067
---ebpf-pid----372714----pid-372714
---ebpf-pid----379067----pid-5476
---ebpf-pid----379067----pid-1
---ebpf-pid----372714----pid-5476
---ebpf-pid----379067----pid-379067
---ebpf-pid----379067----pid-5476
---ebpf-pid----372714----pid-1
---ebpf-pid----379067----pid-1
---ebpf-pid----372714----pid-372714
---ebpf-pid----372714----pid-5476
---ebpf-pid----372714----pid-1
---ebpf-pid----379067----pid-379067
---ebpf-pid----372714----pid-372714
---ebpf-pid----372714----pid-5476
---ebpf-pid----379067----pid-5476
---ebpf-pid----372714----pid-1
---ebpf-pid----379067----pid-1
---ebpf-pid----372714----pid-372714
---ebpf-pid----379067----pid-379067
---ebpf-pid----372714----pid-5476
---ebpf-pid----379067----pid-5476
---ebpf-pid----372714----pid-1
---ebpf-pid----379067----pid-1
---ebpf-pid----372714----pid-372714
---ebpf-pid----379067----pid-379067
---ebpf-pid----372714----pid-5476
---ebpf-pid----379067----pid-5476
---ebpf-pid----372714----pid-1
---ebpf-pid----379067----pid-1
---ebpf-pid----372714----pid-372714
---ebpf-pid----379067----pid-379067
---ebpf-pid----372714----pid-5476
---ebpf-pid----379067----pid-5476
---ebpf-pid----372714----pid-1
---ebpf-pid----379067----pid-1
---ebpf-pid----372714----pid-372714
---ebpf-pid----379067----pid-379067
---ebpf-pid----372714----pid-5476
---ebpf-pid----379067----pid-5476
---ebpf-pid----372714----pid-1
---ebpf-pid----379067----pid-1
---ebpf-pid----372714----pid-372714
---ebpf-pid----379067----pid-379067
---ebpf-pid----372714----pid-5476
---ebpf-pid----379067----pid-5476
---ebpf-pid----372714----pid-1
---ebpf-pid----379067----pid-1
---ebpf-pid----372714----pid-372714
---ebpf-pid----379067----pid-379067
---ebpf-pid----372714----pid-5476
---ebpf-pid----379067----pid-5476
---ebpf-pid----372714----pid-1
---ebpf-pid----379067----pid-1
---ebpf-pid----372881----pid-372881
---ebpf-pid----379067----pid-379067
---ebpf-pid----372881----pid-1
---ebpf-pid----372881----pid-372881
---ebpf-pid----379067----pid-5476
---ebpf-pid----372881----pid-1
---ebpf-pid----379067----pid-1
---ebpf-pid----372881----pid-372881
---ebpf-pid----379067----pid-379067
---ebpf-pid----372881----pid-1
---ebpf-pid----379067----pid-5476
---ebpf-pid----372881----pid-372881
---ebpf-pid----379067----pid-1
---ebpf-pid----372881----pid-1
---ebpf-pid----379067----pid-379067
---ebpf-pid----372881----pid-372881
---ebpf-pid----379067----pid-5476
---ebpf-pid----372881----pid-1
---ebpf-pid----372881----pid-372881
---ebpf-pid----379067----pid-1
---ebpf-pid----379067----pid-379067
---ebpf-pid----372881----pid-1
---ebpf-pid----372881----pid-372881
---ebpf-pid----379067----pid-5476
---ebpf-pid----372881----pid-1
---ebpf-pid----379067----pid-1
---ebpf-pid----372881----pid-372881
---ebpf-pid----379067----pid-379067
---ebpf-pid----2088----pid-2088
---ebpf-pid----373029----pid-1
---ebpf-pid----373029----pid-373029
---ebpf-pid----373029----pid-5476
---ebpf-pid----373029----pid-1
---ebpf-pid----372881----pid-1
---ebpf-pid----372881----pid-372881
---ebpf-pid----372881----pid-1
---ebpf-pid----372881----pid-372881
---ebpf-pid----372881----pid-1
---ebpf-pid----372881----pid-372881
---ebpf-pid----372881----pid-1
---ebpf-pid----372881----pid-372881
---ebpf-pid----372881----pid-1
---ebpf-pid----372881----pid-372881
---ebpf-pid----372881----pid-1
---ebpf-pid----372881----pid-372881
---ebpf-pid----373029----pid-373029
---ebpf-pid----373029----pid-5476
---ebpf-pid----372881----pid-1
---ebpf-pid----372881----pid-372881
---ebpf-pid----373029----pid-1
---ebpf-pid----373029----pid-373029
---ebpf-pid----372881----pid-1
---ebpf-pid----372881----pid-372881
---ebpf-pid----373029----pid-5476
---ebpf-pid----372881----pid-1
---ebpf-pid----372881----pid-372881
---ebpf-pid----373029----pid-1
---ebpf-pid----373029----pid-373029
---ebpf-pid----372881----pid-1
---ebpf-pid----372881----pid-372881
---ebpf-pid----373029----pid-5476
---ebpf-pid----372881----pid-1
---ebpf-pid----373029----pid-1
---ebpf-pid----372881----pid-372881
---ebpf-pid----373029----pid-373029
---ebpf-pid----372881----pid-1
---ebpf-pid----373029----pid-5476
---ebpf-pid----372881----pid-372881
---ebpf-pid----373029----pid-1
---ebpf-pid----372881----pid-1
---ebpf-pid----373029----pid-373029
---ebpf-pid----372881----pid-372881
---ebpf-pid----373029----pid-5476
---ebpf-pid----372881----pid-1
---ebpf-pid----372881----pid-372881
---ebpf-pid----373029----pid-1
---ebpf-pid----373029----pid-373029
---ebpf-pid----372881----pid-1
---ebpf-pid----372881----pid-372881
---ebpf-pid----372881----pid-1
---ebpf-pid----372881----pid-372881
---ebpf-pid----372881----pid-1
---ebpf-pid----372881----pid-372881
---ebpf-pid----372881----pid-1
---ebpf-pid----372881----pid-372881
---ebpf-pid----372881----pid-1
---ebpf-pid----372881----pid-372881
---ebpf-pid----372881----pid-1
---ebpf-pid----372881----pid-372881
---ebpf-pid----379067----pid-5476
---ebpf-pid----373029----pid-5476
---ebpf-pid----379067----pid-1
---ebpf-pid----379067----pid-379067
---ebpf-pid----373029----pid-1
---ebpf-pid----379067----pid-5476
---ebpf-pid----373029----pid-373029
---ebpf-pid----379067----pid-1
---ebpf-pid----379067----pid-379067
---ebpf-pid----373029----pid-5476
---ebpf-pid----373029----pid-1
---ebpf-pid----2088----pid-1
---ebpf-pid----2089----pid-2089
---ebpf-pid----373029----pid-373029
---ebpf-pid----2089----pid-1
---ebpf-pid----2089----pid-2089
---ebpf-pid----2089----pid-1
---ebpf-pid----372881----pid-372881
---ebpf-pid----373029----pid-5476
---ebpf-pid----372881----pid-1
---ebpf-pid----372881----pid-372881
---ebpf-pid----372881----pid-1
---ebpf-pid----372881----pid-372881
---ebpf-pid----373029----pid-1
---ebpf-pid----372881----pid-1
---ebpf-pid----372881----pid-372881
---ebpf-pid----373029----pid-373029
---ebpf-pid----372881----pid-1
---ebpf-pid----372881----pid-372881
---ebpf-pid----372881----pid-1
---ebpf-pid----372881----pid-372881
---ebpf-pid----373029----pid-5476
---ebpf-pid----372881----pid-1
---ebpf-pid----372881----pid-372881
---ebpf-pid----372881----pid-1
---ebpf-pid----372881----pid-372881
---ebpf-pid----373029----pid-1
---ebpf-pid----372881----pid-1
---ebpf-pid----372881----pid-372881
---ebpf-pid----373029----pid-373029
---ebpf-pid----372881----pid-1
---ebpf-pid----372881----pid-1
---ebpf-pid----372881----pid-372881
---ebpf-pid----372881----pid-1
---ebpf-pid----372881----pid-372881
---ebpf-pid----372881----pid-1
---ebpf-pid----372881----pid-372881
---ebpf-pid----379067----pid-5476
---ebpf-pid----372881----pid-1
---ebpf-pid----372881----pid-372881
---ebpf-pid----379067----pid-1
---ebpf-pid----379067----pid-379067
---ebpf-pid----372881----pid-1
---ebpf-pid----372881----pid-372881
---ebpf-pid----379067----pid-5476
---ebpf-pid----372881----pid-1
---ebpf-pid----372881----pid-372881
---ebpf-pid----379067----pid-1
---ebpf-pid----379067----pid-379067
---ebpf-pid----372881----pid-1
---ebpf-pid----2088----pid-2088
---ebpf-pid----2088----pid-1
---ebpf-pid----2088----pid-2088
---ebpf-pid----379067----pid-5476
---ebpf-pid----2088----pid-1
---ebpf-pid----379067----pid-1
---ebpf-pid----2088----pid-2088
---ebpf-pid----379067----pid-379067
---ebpf-pid----373029----pid-5476
---ebpf-pid----2088----pid-1
---ebpf-pid----379067----pid-5476
---ebpf-pid----2088----pid-2088
---ebpf-pid----373029----pid-1
---ebpf-pid----373029----pid-373029
---ebpf-pid----2088----pid-1
---ebpf-pid----379067----pid-1
---ebpf-pid----2088----pid-2088
---ebpf-pid----379067----pid-379067
---ebpf-pid----373029----pid-5476
---ebpf-pid----2088----pid-1
---ebpf-pid----2088----pid-2088
---ebpf-pid----379067----pid-5476
---ebpf-pid----373029----pid-1
---ebpf-pid----373029----pid-373029
---ebpf-pid----2088----pid-1
---ebpf-pid----2088----pid-2088
---ebpf-pid----379067----pid-1
---ebpf-pid----379067----pid-379067
---ebpf-pid----373029----pid-5476
---ebpf-pid----2088----pid-1
---ebpf-pid----2088----pid-2088
---ebpf-pid----379067----pid-5476
---ebpf-pid----373029----pid-1
---ebpf-pid----373029----pid-373029
---ebpf-pid----2088----pid-1
---ebpf-pid----379067----pid-1
---ebpf-pid----2088----pid-2088
---ebpf-pid----373029----pid-5476
---ebpf-pid----373029----pid-373029
---ebpf-pid----2088----pid-1
---ebpf-pid----373029----pid-1
---ebpf-pid----2088----pid-2088
---ebpf-pid----373029----pid-373029
---ebpf-pid----373029----pid-5476
---ebpf-pid----2088----pid-1
---ebpf-pid----373029----pid-5476
---ebpf-pid----2088----pid-2088
---ebpf-pid----373029----pid-1
---ebpf-pid----373029----pid-373029
---ebpf-pid----373029----pid-1
---ebpf-pid----2088----pid-1
---ebpf-pid----373029----pid-373029
---ebpf-pid----2088----pid-2088
---ebpf-pid----373029----pid-5476
---ebpf-pid----373029----pid-5476
---ebpf-pid----2088----pid-1
---ebpf-pid----373029----pid-1
---ebpf-pid----2088----pid-2088
---ebpf-pid----377755----pid-377755
---ebpf-pid----373029----pid-1
---ebpf-pid----373029----pid-373029
---ebpf-pid----2088----pid-1
---ebpf-pid----377755----pid-1
---ebpf-pid----2088----pid-2088
---ebpf-pid----377755----pid-377755
---ebpf-pid----373029----pid-5476
---ebpf-pid----2088----pid-1
---ebpf-pid----377755----pid-1
---ebpf-pid----373029----pid-1
---ebpf-pid----2088----pid-2088
---ebpf-pid----373029----pid-373029
---ebpf-pid----2089----pid-2089
---ebpf-pid----2088----pid-1
---ebpf-pid----373029----pid-5476
---ebpf-pid----2089----pid-1
---ebpf-pid----2089----pid-2089
---ebpf-pid----2088----pid-2088
---ebpf-pid----2088----pid-1
---ebpf-pid----2088----pid-2088
---ebpf-pid----379067----pid-379067
---ebpf-pid----2088----pid-1
---ebpf-pid----379067----pid-5476
---ebpf-pid----2088----pid-2088
---ebpf-pid----2088----pid-1
---ebpf-pid----379067----pid-1
---ebpf-pid----2088----pid-2088
---ebpf-pid----379067----pid-379067
---ebpf-pid----2088----pid-1
---ebpf-pid----379067----pid-5476
---ebpf-pid----373029----pid-373029
---ebpf-pid----373029----pid-5476
---ebpf-pid----379067----pid-1
---ebpf-pid----379067----pid-379067
---ebpf-pid----373029----pid-1
---ebpf-pid----379067----pid-5476
---ebpf-pid----373029----pid-373029
---ebpf-pid----373029----pid-5476
---ebpf-pid----379067----pid-1
---ebpf-pid----379067----pid-379067
---ebpf-pid----373029----pid-1
---ebpf-pid----373029----pid-373029
---ebpf-pid----379067----pid-5476
---ebpf-pid----373029----pid-5476
---ebpf-pid----379067----pid-1
---ebpf-pid----379067----pid-379067
---ebpf-pid----373029----pid-1
---ebpf-pid----373029----pid-1
---ebpf-pid----2088----pid-2088
---ebpf-pid----373029----pid-373029
---ebpf-pid----2088----pid-1
---ebpf-pid----2088----pid-2088
---ebpf-pid----2089----pid-1
---ebpf-pid----373029----pid-5476
---ebpf-pid----2088----pid-1
---ebpf-pid----2089----pid-2089
---ebpf-pid----2088----pid-2088
---ebpf-pid----373029----pid-1
---ebpf-pid----2088----pid-1
---ebpf-pid----2089----pid-1
---ebpf-pid----2088----pid-2088
---ebpf-pid----2089----pid-2089
---ebpf-pid----373029----pid-373029
---ebpf-pid----2088----pid-1
---ebpf-pid----2089----pid-1
---ebpf-pid----2088----pid-2088
---ebpf-pid----2089----pid-2089
---ebpf-pid----373029----pid-5476
---ebpf-pid----2088----pid-1
---ebpf-pid----2089----pid-1
---ebpf-pid----2088----pid-2088
---ebpf-pid----2089----pid-2089
---ebpf-pid----373029----pid-1
---ebpf-pid----2089----pid-1
---ebpf-pid----2088----pid-1
---ebpf-pid----2089----pid-2089
---ebpf-pid----2088----pid-2088
---ebpf-pid----2088----pid-1
---ebpf-pid----2089----pid-1
---ebpf-pid----2088----pid-2088
---ebpf-pid----2089----pid-2089
---ebpf-pid----2088----pid-1
---ebpf-pid----2089----pid-1
---ebpf-pid----2088----pid-2088
---ebpf-pid----2089----pid-2089
---ebpf-pid----2088----pid-1
---ebpf-pid----2088----pid-2088
---ebpf-pid----2089----pid-1
---ebpf-pid----2089----pid-2089
---ebpf-pid----2088----pid-1
---ebpf-pid----2088----pid-2088
---ebpf-pid----2089----pid-1
---ebpf-pid----2089----pid-2089
---ebpf-pid----2088----pid-1
---ebpf-pid----2088----pid-2088
---ebpf-pid----2089----pid-1
---ebpf-pid----2088----pid-1
---ebpf-pid----2089----pid-2089
---ebpf-pid----2088----pid-2088
---ebpf-pid----2089----pid-1
---ebpf-pid----5705----pid-5705
---ebpf-pid----2088----pid-1
---ebpf-pid----2089----pid-2089
---ebpf-pid----2088----pid-2088
---ebpf-pid----379067----pid-5476
---ebpf-pid----2088----pid-1
---ebpf-pid----379067----pid-1
---ebpf-pid----2088----pid-2088
---ebpf-pid----379067----pid-379067
---ebpf-pid----2088----pid-1
---ebpf-pid----2088----pid-2088
---ebpf-pid----379067----pid-5476
---ebpf-pid----2088----pid-1
---ebpf-pid----379067----pid-1
---ebpf-pid----2088----pid-2088
---ebpf-pid----379067----pid-379067
---ebpf-pid----2088----pid-1
---ebpf-pid----2088----pid-2088
---ebpf-pid----379067----pid-5476
---ebpf-pid----2088----pid-1
---ebpf-pid----5705----pid-5476
---ebpf-pid----373029----pid-373029
---ebpf-pid----379067----pid-1
---ebpf-pid----379067----pid-379067
---ebpf-pid----373029----pid-5476
---ebpf-pid----5705----pid-1
---ebpf-pid----379067----pid-5476
---ebpf-pid----373029----pid-373029
---ebpf-pid----373029----pid-1
---ebpf-pid----373029----pid-373029
---ebpf-pid----379067----pid-1
---ebpf-pid----373029----pid-5476
---ebpf-pid----379067----pid-379067
---ebpf-pid----373029----pid-5476
---ebpf-pid----373029----pid-1
---ebpf-pid----373029----pid-373029
---ebpf-pid----379067----pid-5476
---ebpf-pid----373029----pid-5476
---ebpf-pid----373029----pid-1
---ebpf-pid----379067----pid-1
---ebpf-pid----2088----pid-2088
---ebpf-pid----379067----pid-379067
---ebpf-pid----2088----pid-1
---ebpf-pid----373029----pid-1
---ebpf-pid----2088----pid-2088
---ebpf-pid----379067----pid-5476
---ebpf-pid----373029----pid-373029
---ebpf-pid----2088----pid-1
---ebpf-pid----379067----pid-1
---ebpf-pid----2088----pid-2088
---ebpf-pid----379067----pid-379067
---ebpf-pid----373029----pid-5476
---ebpf-pid----2088----pid-1
---ebpf-pid----379067----pid-5476
---ebpf-pid----2088----pid-2088
---ebpf-pid----373029----pid-1
---ebpf-pid----373029----pid-373029
---ebpf-pid----2088----pid-1
---ebpf-pid----379067----pid-1
---ebpf-pid----2088----pid-2088
---ebpf-pid----379067----pid-379067
---ebpf-pid----373029----pid-5476
---ebpf-pid----2088----pid-1
---ebpf-pid----379067----pid-5476
---ebpf-pid----2088----pid-2088
---ebpf-pid----373029----pid-1
---ebpf-pid----379067----pid-1
---ebpf-pid----379067----pid-379067
---ebpf-pid----373029----pid-373029
---ebpf-pid----2088----pid-1
---ebpf-pid----2088----pid-2088
---ebpf-pid----379067----pid-5476
---ebpf-pid----373029----pid-5476
---ebpf-pid----2088----pid-1
---ebpf-pid----373029----pid-1
---ebpf-pid----379067----pid-1
---ebpf-pid----2088----pid-2088
---ebpf-pid----379067----pid-379067
---ebpf-pid----5705----pid-5705
---ebpf-pid----2088----pid-1
---ebpf-pid----2088----pid-2088
---ebpf-pid----379067----pid-5476
---ebpf-pid----5705----pid-5476
---ebpf-pid----2088----pid-1
---ebpf-pid----5705----pid-1
---ebpf-pid----2088----pid-2088
---ebpf-pid----379067----pid-1
---ebpf-pid----5705----pid-5705
---ebpf-pid----379067----pid-379067
---ebpf-pid----2088----pid-1
---ebpf-pid----2088----pid-2088
---ebpf-pid----379067----pid-5476
---ebpf-pid----5705----pid-5476
---ebpf-pid----2088----pid-1
---ebpf-pid----2088----pid-2088
---ebpf-pid----379067----pid-1
---ebpf-pid----5705----pid-1
---ebpf-pid----379067----pid-379067
---ebpf-pid----5705----pid-5705
---ebpf-pid----2088----pid-1
---ebpf-pid----2088----pid-2088
---ebpf-pid----379067----pid-5476
---ebpf-pid----5705----pid-5476
---ebpf-pid----2088----pid-1
---ebpf-pid----2088----pid-2088
---ebpf-pid----379067----pid-1
---ebpf-pid----5705----pid-1
---ebpf-pid----379067----pid-379067
---ebpf-pid----5705----pid-5705
---ebpf-pid----2088----pid-1
---ebpf-pid----2088----pid-2088
---ebpf-pid----379067----pid-5476
---ebpf-pid----5705----pid-5476
---ebpf-pid----2088----pid-1
---ebpf-pid----2088----pid-2088
---ebpf-pid----379067----pid-1
---ebpf-pid----5705----pid-1
---ebpf-pid----5705----pid-5705
---ebpf-pid----2012----pid-2012
---ebpf-pid----2088----pid-1
---ebpf-pid----2088----pid-2088
---ebpf-pid----5705----pid-5476
---ebpf-pid----2012----pid-1
---ebpf-pid----2088----pid-1
---ebpf-pid----2012----pid-2012
---ebpf-pid----2088----pid-2088
---ebpf-pid----5705----pid-1
---ebpf-pid----2088----pid-1
---ebpf-pid----5705----pid-5705
---ebpf-pid----2012----pid-1
---ebpf-pid----2088----pid-2088
---ebpf-pid----372881----pid-372881
---ebpf-pid----5705----pid-5476
---ebpf-pid----2088----pid-1
---ebpf-pid----2088----pid-2088
---ebpf-pid----372881----pid-1
---ebpf-pid----372881----pid-372881
---ebpf-pid----5705----pid-1
---ebpf-pid----2088----pid-1
---ebpf-pid----5705----pid-5705
---ebpf-pid----2088----pid-2088
---ebpf-pid----372881----pid-1
---ebpf-pid----372881----pid-372881
---ebpf-pid----5705----pid-5476
---ebpf-pid----2088----pid-1
---ebpf-pid----2088----pid-2088
---ebpf-pid----372881----pid-1
---ebpf-pid----5705----pid-1
---ebpf-pid----2089----pid-1
---ebpf-pid----2088----pid-1
---ebpf-pid----2089----pid-2089
---ebpf-pid----2088----pid-2088
---ebpf-pid----5705----pid-5705
---ebpf-pid----2089----pid-1
---ebpf-pid----2088----pid-1
---ebpf-pid----2089----pid-2089
---ebpf-pid----2088----pid-2088
---ebpf-pid----5705----pid-5476
---ebpf-pid----2088----pid-1
---ebpf-pid----2089----pid-1
---ebpf-pid----2088----pid-2088
---ebpf-pid----5705----pid-1
---ebpf-pid----2089----pid-2089
---ebpf-pid----5705----pid-5705
---ebpf-pid----2088----pid-1
---ebpf-pid----2088----pid-2088
---ebpf-pid----2089----pid-1
---ebpf-pid----5705----pid-5476
---ebpf-pid----2089----pid-2089
---ebpf-pid----2088----pid-1
---ebpf-pid----2088----pid-2088
---ebpf-pid----5705----pid-1
---ebpf-pid----2089----pid-1
---ebpf-pid----5705----pid-5705
---ebpf-pid----2088----pid-1
---ebpf-pid----2089----pid-2089
---ebpf-pid----2088----pid-2088
---ebpf-pid----5705----pid-5476
---ebpf-pid----2089----pid-1
---ebpf-pid----2088----pid-1
---ebpf-pid----2089----pid-2089
---ebpf-pid----2088----pid-2088
---ebpf-pid----5705----pid-1
---ebpf-pid----5705----pid-5705
---ebpf-pid----2088----pid-1
---ebpf-pid----2089----pid-1
---ebpf-pid----2088----pid-2088
---ebpf-pid----2089----pid-2089
---ebpf-pid----5705----pid-5476
---ebpf-pid----2088----pid-1
---ebpf-pid----2089----pid-1
---ebpf-pid----2088----pid-2088
---ebpf-pid----5705----pid-1
---ebpf-pid----2089----pid-2089
---ebpf-pid----5705----pid-5705
---ebpf-pid----2088----pid-1
---ebpf-pid----2089----pid-1
---ebpf-pid----2088----pid-2088
---ebpf-pid----5705----pid-5476
---ebpf-pid----2089----pid-2089
---ebpf-pid----2088----pid-1
---ebpf-pid----2088----pid-2088
---ebpf-pid----5705----pid-1
---ebpf-pid----2089----pid-1
---ebpf-pid----5705----pid-5705
---ebpf-pid----2089----pid-2089
---ebpf-pid----2088----pid-1
---ebpf-pid----2088----pid-2088
---ebpf-pid----5705----pid-5476
---ebpf-pid----2089----pid-1
---ebpf-pid----2089----pid-2089
---ebpf-pid----2088----pid-1
---ebpf-pid----2088----pid-2088
---ebpf-pid----5705----pid-1
---ebpf-pid----5705----pid-5705
---ebpf-pid----2089----pid-1
---ebpf-pid----2088----pid-1
---ebpf-pid----2094----pid-2094
---ebpf-pid----2088----pid-2088
---ebpf-pid----5705----pid-5476
---ebpf-pid----2094----pid-1
---ebpf-pid----2088----pid-1
---ebpf-pid----2094----pid-2094
---ebpf-pid----2088----pid-2088
---ebpf-pid----372881----pid-372881
---ebpf-pid----2094----pid-1
---ebpf-pid----2094----pid-2094
---ebpf-pid----2088----pid-1
---ebpf-pid----2088----pid-2088
---ebpf-pid----372881----pid-1
---ebpf-pid----372881----pid-372881
---ebpf-pid----2094----pid-1
---ebpf-pid----2088----pid-1
---ebpf-pid----2094----pid-2094
---ebpf-pid----2088----pid-2088
---ebpf-pid----372881----pid-1
---ebpf-pid----372881----pid-372881
---ebpf-pid----2088----pid-1
---ebpf-pid----2094----pid-1
---ebpf-pid----2088----pid-2088
---ebpf-pid----2094----pid-2094
---ebpf-pid----372881----pid-1
---ebpf-pid----2088----pid-1
---ebpf-pid----372881----pid-372881
---ebpf-pid----2088----pid-2088
---ebpf-pid----2094----pid-1
---ebpf-pid----2094----pid-2094
---ebpf-pid----372881----pid-1
---ebpf-pid----2088----pid-1
---ebpf-pid----2088----pid-2088
---ebpf-pid----372881----pid-372881
---ebpf-pid----2094----pid-1
---ebpf-pid----2094----pid-2094
---ebpf-pid----2088----pid-1
---ebpf-pid----372881----pid-1
---ebpf-pid----2088----pid-2088
---ebpf-pid----372881----pid-372881
---ebpf-pid----2094----pid-1
---ebpf-pid----2094----pid-2094
---ebpf-pid----2088----pid-1
---ebpf-pid----5705----pid-1
---ebpf-pid----2094----pid-1
---ebpf-pid----2094----pid-2094
---ebpf-pid----5705----pid-5705
---ebpf-pid----2094----pid-1
---ebpf-pid----7312----pid-7312
---ebpf-pid----5705----pid-5476
---ebpf-pid----7312----pid-1
---ebpf-pid----2094----pid-2094
---ebpf-pid----5705----pid-1
---ebpf-pid----5705----pid-5705
---ebpf-pid----2094----pid-1
---ebpf-pid----2094----pid-2094
---ebpf-pid----5705----pid-5476
---ebpf-pid----2094----pid-1
---ebpf-pid----2094----pid-2094
---ebpf-pid----2094----pid-1
---ebpf-pid----5705----pid-1
---ebpf-pid----2094----pid-2094
---ebpf-pid----5705----pid-5705
---ebpf-pid----2094----pid-1
---ebpf-pid----2094----pid-2094
---ebpf-pid----5705----pid-5476
---ebpf-pid----2094----pid-1
---ebpf-pid----2094----pid-2094
---ebpf-pid----5705----pid-1
---ebpf-pid----5705----pid-5705
---ebpf-pid----2094----pid-1
---ebpf-pid----2094----pid-2094
---ebpf-pid----5705----pid-5476
---ebpf-pid----5705----pid-1
---ebpf-pid----5705----pid-5705
---ebpf-pid----5705----pid-5476
---ebpf-pid----5705----pid-1
---ebpf-pid----5705----pid-5705
---ebpf-pid----372881----pid-1
---ebpf-pid----5705----pid-5476
---ebpf-pid----372881----pid-372881
---ebpf-pid----5705----pid-1
---ebpf-pid----5705----pid-5705
---ebpf-pid----372881----pid-1
---ebpf-pid----372881----pid-372881
---ebpf-pid----5705----pid-5476
---ebpf-pid----372881----pid-1
---ebpf-pid----372881----pid-372881
---ebpf-pid----5705----pid-1
---ebpf-pid----5705----pid-5705
---ebpf-pid----372881----pid-1
---ebpf-pid----372881----pid-372881
---ebpf-pid----5705----pid-5476
---ebpf-pid----372881----pid-1
---ebpf-pid----5705----pid-1
---ebpf-pid----372881----pid-372881
---ebpf-pid----5705----pid-5705
---ebpf-pid----372881----pid-1
---ebpf-pid----373029----pid-373029
---ebpf-pid----5705----pid-5476
---ebpf-pid----373029----pid-5476
---ebpf-pid----5705----pid-1
---ebpf-pid----5705----pid-5705
---ebpf-pid----373029----pid-1
---ebpf-pid----373029----pid-373029
---ebpf-pid----5705----pid-5476
---ebpf-pid----2094----pid-1
---ebpf-pid----2094----pid-2094
---ebpf-pid----2094----pid-1
---ebpf-pid----2094----pid-2094
---ebpf-pid----373029----pid-5476
---ebpf-pid----2094----pid-1
---ebpf-pid----2094----pid-2094
---ebpf-pid----373029----pid-1
---ebpf-pid----373029----pid-373029
---ebpf-pid----2094----pid-1
---ebpf-pid----2094----pid-2094
---ebpf-pid----373029----pid-5476
---ebpf-pid----2094----pid-1
---ebpf-pid----373029----pid-1
---ebpf-pid----2094----pid-2094
---ebpf-pid----372881----pid-372881
---ebpf-pid----2094----pid-1
---ebpf-pid----372881----pid-1
---ebpf-pid----2094----pid-2094
---ebpf-pid----372881----pid-372881
---ebpf-pid----2094----pid-1
---ebpf-pid----372881----pid-1
---ebpf-pid----2094----pid-2094
---ebpf-pid----372881----pid-372881
---ebpf-pid----2094----pid-1
---ebpf-pid----372881----pid-1
---ebpf-pid----2094----pid-2094
---ebpf-pid----372881----pid-372881
---ebpf-pid----2094----pid-1
---ebpf-pid----2094----pid-2094
---ebpf-pid----372881----pid-1
---ebpf-pid----373029----pid-373029
---ebpf-pid----2094----pid-1
---ebpf-pid----2094----pid-2094
---ebpf-pid----373029----pid-5476
---ebpf-pid----2094----pid-1
---ebpf-pid----373029----pid-1
---ebpf-pid----2094----pid-2094
---ebpf-pid----373029----pid-373029
---ebpf-pid----2094----pid-1
---ebpf-pid----373029----pid-5476
---ebpf-pid----2094----pid-2094
---ebpf-pid----373029----pid-1
---ebpf-pid----2094----pid-1
---ebpf-pid----373029----pid-373029
---ebpf-pid----2094----pid-2094
---ebpf-pid----373029----pid-5476
---ebpf-pid----2094----pid-1
---ebpf-pid----2094----pid-2094
---ebpf-pid----373029----pid-1
---ebpf-pid----373029----pid-373029
---ebpf-pid----2094----pid-1
---ebpf-pid----2094----pid-2094
---ebpf-pid----373029----pid-5476
---ebpf-pid----2094----pid-1
---ebpf-pid----373029----pid-1
---ebpf-pid----2094----pid-2094
---ebpf-pid----373029----pid-373029
---ebpf-pid----2094----pid-1
---ebpf-pid----373029----pid-5476
---ebpf-pid----5705----pid-1
---ebpf-pid----5705----pid-5705
---ebpf-pid----373029----pid-1
---ebpf-pid----373029----pid-373029
---ebpf-pid----5705----pid-5476
---ebpf-pid----373029----pid-5476
---ebpf-pid----5705----pid-1
---ebpf-pid----373029----pid-1
---ebpf-pid----5705----pid-5705
---ebpf-pid----373029----pid-373029
---ebpf-pid----373029----pid-5476
---ebpf-pid----373029----pid-1
---ebpf-pid----373029----pid-373029
---ebpf-pid----373029----pid-5476
---ebpf-pid----373029----pid-1
---ebpf-pid----373029----pid-373029
---ebpf-pid----373029----pid-5476
---ebpf-pid----373029----pid-1
---ebpf-pid----373029----pid-373029
---ebpf-pid----373029----pid-5476
---ebpf-pid----373029----pid-1
---ebpf-pid----373029----pid-373029
---ebpf-pid----373029----pid-5476
---ebpf-pid----373029----pid-1
---ebpf-pid----373029----pid-373029
---ebpf-pid----373029----pid-5476
---ebpf-pid----373029----pid-1
---ebpf-pid----373029----pid-373029
---ebpf-pid----373029----pid-5476
---ebpf-pid----373029----pid-1
---ebpf-pid----373029----pid-373029
---ebpf-pid----373029----pid-5476
---ebpf-pid----373029----pid-1
---ebpf-pid----373029----pid-373029
---ebpf-pid----373029----pid-5476
---ebpf-pid----5705----pid-5476
---ebpf-pid----2088----pid-2088
---ebpf-pid----373029----pid-1
---ebpf-pid----373029----pid-373029
---ebpf-pid----2088----pid-1
---ebpf-pid----2088----pid-2088
---ebpf-pid----373029----pid-5476
---ebpf-pid----5705----pid-1
---ebpf-pid----2088----pid-1
---ebpf-pid----5705----pid-5705
---ebpf-pid----2088----pid-2088
---ebpf-pid----373029----pid-1
---ebpf-pid----373029----pid-373029
---ebpf-pid----2088----pid-1
---ebpf-pid----2088----pid-2088
---ebpf-pid----373029----pid-5476
---ebpf-pid----5705----pid-5476
---ebpf-pid----2088----pid-1
---ebpf-pid----2088----pid-2088
---ebpf-pid----373029----pid-1
---ebpf-pid----373029----pid-373029
---ebpf-pid----2088----pid-1
---ebpf-pid----2088----pid-2088
---ebpf-pid----5705----pid-1
---ebpf-pid----373029----pid-5476
---ebpf-pid----2088----pid-1
---ebpf-pid----2088----pid-2088
---ebpf-pid----5705----pid-5705
---ebpf-pid----373029----pid-1
---ebpf-pid----373029----pid-373029
---ebpf-pid----2088----pid-1
---ebpf-pid----2088----pid-2088
---ebpf-pid----2088----pid-1
---ebpf-pid----373029----pid-5476
---ebpf-pid----2088----pid-2088
---ebpf-pid----2094----pid-2094
---ebpf-pid----2088----pid-1
---ebpf-pid----2088----pid-2088
---ebpf-pid----373029----pid-1
---ebpf-pid----2094----pid-1
---ebpf-pid----373029----pid-373029
---ebpf-pid----2094----pid-2094
---ebpf-pid----2088----pid-1
---ebpf-pid----2088----pid-2088
---ebpf-pid----373029----pid-5476
---ebpf-pid----2094----pid-1
---ebpf-pid----2094----pid-2094
---ebpf-pid----2088----pid-1
---ebpf-pid----2088----pid-2088
---ebpf-pid----373029----pid-1
---ebpf-pid----373029----pid-373029
---ebpf-pid----2094----pid-1
---ebpf-pid----2088----pid-1
---ebpf-pid----2088----pid-2088
---ebpf-pid----2094----pid-2094
---ebpf-pid----373029----pid-5476
---ebpf-pid----2088----pid-1
---ebpf-pid----2094----pid-1
---ebpf-pid----2088----pid-2088
---ebpf-pid----7313----pid-7313
---ebpf-pid----373029----pid-1
---ebpf-pid----373029----pid-373029
---ebpf-pid----2088----pid-1
---ebpf-pid----2088----pid-2088
---ebpf-pid----7313----pid-1
---ebpf-pid----373029----pid-5476
---ebpf-pid----2088----pid-1
---ebpf-pid----2094----pid-2094
---ebpf-pid----2088----pid-2088
---ebpf-pid----373029----pid-1
---ebpf-pid----2094----pid-1
---ebpf-pid----373029----pid-373029
---ebpf-pid----2088----pid-1
---ebpf-pid----2094----pid-2094
---ebpf-pid----2088----pid-2088
---ebpf-pid----373029----pid-5476
---ebpf-pid----2094----pid-1
---ebpf-pid----2088----pid-1
---ebpf-pid----2094----pid-2094
---ebpf-pid----2088----pid-2088
---ebpf-pid----373029----pid-1
---ebpf-pid----373029----pid-373029
---ebpf-pid----2088----pid-1
---ebpf-pid----2094----pid-1
---ebpf-pid----2088----pid-2088
---ebpf-pid----2094----pid-2094
---ebpf-pid----373029----pid-5476
---ebpf-pid----2088----pid-1
---ebpf-pid----2088----pid-2088
---ebpf-pid----2094----pid-1
---ebpf-pid----373029----pid-1
---ebpf-pid----2094----pid-2094
---ebpf-pid----373029----pid-373029
---ebpf-pid----2088----pid-1
---ebpf-pid----2088----pid-2088
---ebpf-pid----373029----pid-5476
---ebpf-pid----2094----pid-1
---ebpf-pid----2088----pid-1
---ebpf-pid----2094----pid-2094
---ebpf-pid----2088----pid-2088
---ebpf-pid----373029----pid-1
---ebpf-pid----373029----pid-373029
---ebpf-pid----2088----pid-1
---ebpf-pid----2094----pid-1
---ebpf-pid----2088----pid-2088
---ebpf-pid----2094----pid-2094
---ebpf-pid----373029----pid-5476
---ebpf-pid----2088----pid-1
---ebpf-pid----2088----pid-2088
---ebpf-pid----2094----pid-1
---ebpf-pid----373029----pid-1
---ebpf-pid----2094----pid-2094
---ebpf-pid----2088----pid-1
---ebpf-pid----2088----pid-2088
---ebpf-pid----2094----pid-1
---ebpf-pid----5705----pid-5476
---ebpf-pid----2094----pid-2094
---ebpf-pid----2088----pid-1
---ebpf-pid----2088----pid-2088
---ebpf-pid----5705----pid-1
---ebpf-pid----5705----pid-5705
---ebpf-pid----2094----pid-1
---ebpf-pid----2088----pid-1
---ebpf-pid----2088----pid-2088
---ebpf-pid----2012----pid-2012
---ebpf-pid----5705----pid-5476
---ebpf-pid----2088----pid-1
---ebpf-pid----2012----pid-1
---ebpf-pid----2088----pid-2088
---ebpf-pid----2012----pid-2012
---ebpf-pid----5705----pid-1
---ebpf-pid----2088----pid-1
---ebpf-pid----5705----pid-5705
---ebpf-pid----2088----pid-2088
---ebpf-pid----2012----pid-1
---ebpf-pid----2012----pid-2012
---ebpf-pid----5705----pid-5476
---ebpf-pid----2088----pid-1
---ebpf-pid----2088----pid-2088
---ebpf-pid----2012----pid-1
---ebpf-pid----5705----pid-1
---ebpf-pid----2088----pid-1
---ebpf-pid----2012----pid-2012
---ebpf-pid----5705----pid-5705
---ebpf-pid----2088----pid-2088
---ebpf-pid----5705----pid-5476
---ebpf-pid----2012----pid-1
---ebpf-pid----2088----pid-1
---ebpf-pid----2088----pid-2088
---ebpf-pid----2012----pid-2012
---ebpf-pid----5705----pid-1
---ebpf-pid----2088----pid-1
---ebpf-pid----5705----pid-5705
---ebpf-pid----2012----pid-1
---ebpf-pid----2088----pid-2088
---ebpf-pid----377755----pid-377755
---ebpf-pid----2088----pid-1
---ebpf-pid----5705----pid-5476
---ebpf-pid----2088----pid-2088
---ebpf-pid----377755----pid-1
---ebpf-pid----377755----pid-377755
---ebpf-pid----5705----pid-1
---ebpf-pid----2088----pid-1
---ebpf-pid----5705----pid-5705
---ebpf-pid----2088----pid-2088
---ebpf-pid----377755----pid-1
---ebpf-pid----2012----pid-2012
---ebpf-pid----5705----pid-5476
---ebpf-pid----2088----pid-1
---ebpf-pid----2088----pid-2088
---ebpf-pid----5705----pid-1
---ebpf-pid----2012----pid-1
---ebpf-pid----2088----pid-1
---ebpf-pid----5705----pid-5705
---ebpf-pid----2012----pid-2012
---ebpf-pid----2088----pid-2088
---ebpf-pid----2012----pid-1
---ebpf-pid----5705----pid-5476
---ebpf-pid----2088----pid-1
---ebpf-pid----2088----pid-2088
---ebpf-pid----2012----pid-2012
---ebpf-pid----5705----pid-1
---ebpf-pid----2088----pid-1
---ebpf-pid----5705----pid-5705
---ebpf-pid----2012----pid-1
---ebpf-pid----2088----pid-2088
---ebpf-pid----2012----pid-2012
---ebpf-pid----2088----pid-1
---ebpf-pid----5705----pid-5476
---ebpf-pid----2088----pid-2088
---ebpf-pid----2012----pid-1
---ebpf-pid----2012----pid-2012
---ebpf-pid----5705----pid-1
---ebpf-pid----2088----pid-1
---ebpf-pid----5705----pid-5705
---ebpf-pid----2088----pid-2088
---ebpf-pid----2012----pid-1
---ebpf-pid----2088----pid-1
---ebpf-pid----5705----pid-5476
---ebpf-pid----2012----pid-2012
---ebpf-pid----2088----pid-2088
---ebpf-pid----5705----pid-1
---ebpf-pid----2012----pid-1
---ebpf-pid----5705----pid-5705
---ebpf-pid----5705----pid-5476
---ebpf-pid----5705----pid-1
---ebpf-pid----5705----pid-5705
---ebpf-pid----5705----pid-5476
---ebpf-pid----5705----pid-1
---ebpf-pid----5705----pid-5705
---ebpf-pid----5705----pid-5476
---ebpf-pid----5705----pid-1
---ebpf-pid----5705----pid-5705
---ebpf-pid----5705----pid-5476
---ebpf-pid----5705----pid-1
---ebpf-pid----5705----pid-5705
---ebpf-pid----5705----pid-5476
---ebpf-pid----5705----pid-1
---ebpf-pid----5705----pid-5705
---ebpf-pid----5705----pid-5476
---ebpf-pid----5705----pid-1
---ebpf-pid----5705----pid-5705
---ebpf-pid----5705----pid-5476
---ebpf-pid----5705----pid-1
---ebpf-pid----5705----pid-5705
---ebpf-pid----5705----pid-5476
---ebpf-pid----5705----pid-1
---ebpf-pid----5705----pid-5705
---ebpf-pid----5705----pid-5476
---ebpf-pid----5705----pid-1
---ebpf-pid----5705----pid-5705
---ebpf-pid----5705----pid-5476
---ebpf-pid----5705----pid-1
---ebpf-pid----5705----pid-5705
---ebpf-pid----5705----pid-5476
---ebpf-pid----5705----pid-1
---ebpf-pid----5705----pid-5705
---ebpf-pid----5705----pid-5476
---ebpf-pid----5705----pid-1
---ebpf-pid----5705----pid-5705
---ebpf-pid----2012----pid-2012
---ebpf-pid----2012----pid-1
---ebpf-pid----2012----pid-2012
---ebpf-pid----2012----pid-1
---ebpf-pid----2012----pid-2012
---ebpf-pid----2012----pid-1
---ebpf-pid----2012----pid-2012
---ebpf-pid----2012----pid-1
---ebpf-pid----2012----pid-2012
---ebpf-pid----2012----pid-1
---ebpf-pid----2012----pid-2012
---ebpf-pid----2012----pid-1
---ebpf-pid----2012----pid-2012
---ebpf-pid----2012----pid-1
---ebpf-pid----2012----pid-2012
---ebpf-pid----2012----pid-1
---ebpf-pid----2012----pid-2012
---ebpf-pid----2012----pid-1
---ebpf-pid----2012----pid-2012
---ebpf-pid----5705----pid-5476
---ebpf-pid----2012----pid-1
---ebpf-pid----5705----pid-1
---ebpf-pid----2012----pid-2012
---ebpf-pid----5705----pid-5705
---ebpf-pid----2012----pid-1
---ebpf-pid----2012----pid-2012
---ebpf-pid----5705----pid-5476
---ebpf-pid----2012----pid-1
---ebpf-pid----5705----pid-1
---ebpf-pid----2012----pid-2012
---ebpf-pid----5705----pid-5705
---ebpf-pid----2012----pid-1
---ebpf-pid----5705----pid-5476
---ebpf-pid----2012----pid-2012
---ebpf-pid----5705----pid-1
---ebpf-pid----2012----pid-1
---ebpf-pid----2012----pid-2012
---ebpf-pid----5705----pid-5705
---ebpf-pid----2012----pid-1
---ebpf-pid----2012----pid-2012
---ebpf-pid----2012----pid-1
---ebpf-pid----2012----pid-2012
---ebpf-pid----2012----pid-1
---ebpf-pid----2012----pid-2012
---ebpf-pid----373029----pid-373029
---ebpf-pid----2012----pid-1
---ebpf-pid----372881----pid-372881
---ebpf-pid----372881----pid-1
---ebpf-pid----372881----pid-372881
---ebpf-pid----373029----pid-5476
---ebpf-pid----372881----pid-1
---ebpf-pid----372881----pid-372881
---ebpf-pid----373029----pid-1
---ebpf-pid----5705----pid-5476
---ebpf-pid----373029----pid-373029
---ebpf-pid----5705----pid-1
---ebpf-pid----5705----pid-5705
---ebpf-pid----5705----pid-5476
---ebpf-pid----373029----pid-5476
---ebpf-pid----5705----pid-1
---ebpf-pid----5705----pid-5705
---ebpf-pid----373029----pid-1
---ebpf-pid----5705----pid-5476
---ebpf-pid----373029----pid-373029
---ebpf-pid----5705----pid-1
---ebpf-pid----5705----pid-5705
---ebpf-pid----5705----pid-5476
---ebpf-pid----373029----pid-5476
---ebpf-pid----372881----pid-1
---ebpf-pid----372881----pid-372881
---ebpf-pid----372881----pid-1
---ebpf-pid----372881----pid-372881
---ebpf-pid----372881----pid-1
---ebpf-pid----372881----pid-372881
---ebpf-pid----373029----pid-1
---ebpf-pid----5705----pid-1
---ebpf-pid----5705----pid-5705
---ebpf-pid----373029----pid-373029
---ebpf-pid----5705----pid-5476
---ebpf-pid----5705----pid-1
---ebpf-pid----5705----pid-5705
---ebpf-pid----373029----pid-5476
---ebpf-pid----373029----pid-1
---ebpf-pid----373029----pid-373029
---ebpf-pid----373029----pid-5476
---ebpf-pid----373029----pid-1
---ebpf-pid----373029----pid-373029
---ebpf-pid----372881----pid-1
---ebpf-pid----372881----pid-372881
---ebpf-pid----373029----pid-5476
---ebpf-pid----373029----pid-1
---ebpf-pid----372881----pid-1
---ebpf-pid----373029----pid-373029
---ebpf-pid----372881----pid-372881
---ebpf-pid----372881----pid-1
---ebpf-pid----373029----pid-5476
---ebpf-pid----372881----pid-372881
---ebpf-pid----373029----pid-1
---ebpf-pid----372881----pid-1
---ebpf-pid----373029----pid-373029
---ebpf-pid----372881----pid-372881
---ebpf-pid----373029----pid-5476
---ebpf-pid----372881----pid-1
---ebpf-pid----372881----pid-372881
---ebpf-pid----5705----pid-5476
---ebpf-pid----5705----pid-1
---ebpf-pid----5705----pid-5705
---ebpf-pid----373029----pid-1
---ebpf-pid----5705----pid-5476
---ebpf-pid----2088----pid-1
---ebpf-pid----373029----pid-373029
---ebpf-pid----2088----pid-2088
---ebpf-pid----5705----pid-1
---ebpf-pid----372881----pid-1
---ebpf-pid----373029----pid-5476
---ebpf-pid----373029----pid-1
---ebpf-pid----373029----pid-373029
---ebpf-pid----373029----pid-5476
---ebpf-pid----373029----pid-1
---ebpf-pid----373029----pid-373029
---ebpf-pid----373029----pid-5476
---ebpf-pid----373029----pid-1
---ebpf-pid----373029----pid-373029
---ebpf-pid----373029----pid-5476
---ebpf-pid----372881----pid-372881
---ebpf-pid----373029----pid-1
---ebpf-pid----373029----pid-373029
---ebpf-pid----373029----pid-5476
---ebpf-pid----373029----pid-1
---ebpf-pid----373029----pid-373029
---ebpf-pid----373029----pid-5476
---ebpf-pid----373029----pid-1
---ebpf-pid----2012----pid-2012
---ebpf-pid----2088----pid-1
---ebpf-pid----2088----pid-2088
---ebpf-pid----2012----pid-1
---ebpf-pid----2012----pid-2012
---ebpf-pid----2088----pid-1
---ebpf-pid----2088----pid-2088
---ebpf-pid----2012----pid-1
---ebpf-pid----2012----pid-2012
---ebpf-pid----2088----pid-1
---ebpf-pid----2088----pid-2088
---ebpf-pid----2012----pid-1
---ebpf-pid----2012----pid-2012
---ebpf-pid----2088----pid-1
---ebpf-pid----2088----pid-2088
---ebpf-pid----2012----pid-1
---ebpf-pid----2012----pid-2012
---ebpf-pid----2088----pid-1
---ebpf-pid----2088----pid-2088
---ebpf-pid----2012----pid-1
---ebpf-pid----2012----pid-2012
---ebpf-pid----2088----pid-1
---ebpf-pid----2088----pid-2088
---ebpf-pid----2012----pid-1
---ebpf-pid----2012----pid-2012
---ebpf-pid----2088----pid-1
---ebpf-pid----2088----pid-2088
---ebpf-pid----2012----pid-1
---ebpf-pid----2012----pid-2012
---ebpf-pid----2088----pid-1
---ebpf-pid----2088----pid-2088
---ebpf-pid----2012----pid-1
---ebpf-pid----2012----pid-2012
---ebpf-pid----2088----pid-1
---ebpf-pid----2088----pid-2088
---ebpf-pid----2012----pid-1
---ebpf-pid----2012----pid-2012
---ebpf-pid----2088----pid-1
---ebpf-pid----2088----pid-2088
---ebpf-pid----2012----pid-1
---ebpf-pid----372881----pid-372881
---ebpf-pid----2088----pid-1
---ebpf-pid----2088----pid-2088
---ebpf-pid----372881----pid-1
---ebpf-pid----372881----pid-372881
---ebpf-pid----2088----pid-1
---ebpf-pid----2088----pid-2088
---ebpf-pid----372881----pid-1
---ebpf-pid----372881----pid-372881
---ebpf-pid----2088----pid-1
---ebpf-pid----2088----pid-2088
---ebpf-pid----372881----pid-1
---ebpf-pid----372881----pid-372881
---ebpf-pid----2088----pid-1
---ebpf-pid----2088----pid-2088
---ebpf-pid----372881----pid-1
---ebpf-pid----372881----pid-372881
---ebpf-pid----2088----pid-1
---ebpf-pid----2088----pid-2088
---ebpf-pid----372881----pid-1
---ebpf-pid----372881----pid-372881
---ebpf-pid----2088----pid-1
---ebpf-pid----2088----pid-2088
---ebpf-pid----372881----pid-1
---ebpf-pid----372881----pid-372881
---ebpf-pid----372881----pid-1
---ebpf-pid----372881----pid-372881
---ebpf-pid----372881----pid-1
---ebpf-pid----372881----pid-372881
---ebpf-pid----372881----pid-1
---ebpf-pid----372881----pid-372881
---ebpf-pid----372881----pid-1
---ebpf-pid----372881----pid-372881
---ebpf-pid----372881----pid-1
---ebpf-pid----372881----pid-372881
---ebpf-pid----372881----pid-1
---ebpf-pid----372881----pid-372881
---ebpf-pid----372881----pid-1
---ebpf-pid----372881----pid-372881
---ebpf-pid----372881----pid-1
---ebpf-pid----372881----pid-372881
---ebpf-pid----372881----pid-1
---ebpf-pid----372881----pid-372881
---ebpf-pid----372881----pid-1
---ebpf-pid----372881----pid-372881
---ebpf-pid----5705----pid-5705
---ebpf-pid----372881----pid-1
---ebpf-pid----372881----pid-372881
---ebpf-pid----5705----pid-5476
---ebpf-pid----372881----pid-1
---ebpf-pid----372881----pid-372881
---ebpf-pid----5705----pid-1
---ebpf-pid----5705----pid-5705
---ebpf-pid----372881----pid-1
---ebpf-pid----372881----pid-372881
---ebpf-pid----5705----pid-5476
---ebpf-pid----372881----pid-1
---ebpf-pid----5705----pid-1
---ebpf-pid----372881----pid-372881
---ebpf-pid----5705----pid-5705
---ebpf-pid----372881----pid-1
---ebpf-pid----5705----pid-5476
---ebpf-pid----2029----pid-2029
---ebpf-pid----5705----pid-1
---ebpf-pid----2029----pid-1
---ebpf-pid----5705----pid-5705
---ebpf-pid----2029----pid-2029
---ebpf-pid----5705----pid-5476
---ebpf-pid----2029----pid-1
---ebpf-pid----372881----pid-372881
---ebpf-pid----5705----pid-1
---ebpf-pid----5705----pid-5705
---ebpf-pid----372881----pid-1
---ebpf-pid----372881----pid-372881
---ebpf-pid----5705----pid-5476
---ebpf-pid----372881----pid-1
---ebpf-pid----372881----pid-372881
---ebpf-pid----5705----pid-1
---ebpf-pid----5705----pid-5705
---ebpf-pid----372881----pid-1
---ebpf-pid----372881----pid-372881
---ebpf-pid----5705----pid-5476
---ebpf-pid----5705----pid-1
---ebpf-pid----372881----pid-1
---ebpf-pid----5705----pid-5705
---ebpf-pid----372881----pid-372881
---ebpf-pid----372881----pid-1
---ebpf-pid----5705----pid-5476
---ebpf-pid----372881----pid-372881
---ebpf-pid----5705----pid-1
---ebpf-pid----372881----pid-1
---ebpf-pid----5705----pid-5705
---ebpf-pid----372881----pid-372881
---ebpf-pid----5705----pid-5476
---ebpf-pid----372881----pid-1
---ebpf-pid----372881----pid-372881
---ebpf-pid----5705----pid-1
---ebpf-pid----5705----pid-5705
---ebpf-pid----372881----pid-1
---ebpf-pid----372881----pid-372881
---ebpf-pid----5705----pid-5476
---ebpf-pid----372881----pid-1
---ebpf-pid----372881----pid-372881
---ebpf-pid----5705----pid-1
---ebpf-pid----5705----pid-5705
---ebpf-pid----372881----pid-1
---ebpf-pid----372881----pid-372881
---ebpf-pid----5705----pid-5476
---ebpf-pid----372881----pid-1
---ebpf-pid----5705----pid-1
---ebpf-pid----372881----pid-372881
---ebpf-pid----5705----pid-5705
---ebpf-pid----372881----pid-1
---ebpf-pid----5705----pid-5476
---ebpf-pid----372881----pid-372881
---ebpf-pid----372881----pid-1
---ebpf-pid----372881----pid-372881
---ebpf-pid----372881----pid-1
---ebpf-pid----372881----pid-372881
---ebpf-pid----372881----pid-1
---ebpf-pid----372881----pid-372881
---ebpf-pid----372881----pid-1
---ebpf-pid----372881----pid-372881
---ebpf-pid----372881----pid-1
---ebpf-pid----372881----pid-372881
---ebpf-pid----372881----pid-1
---ebpf-pid----372881----pid-372881
---ebpf-pid----372881----pid-1
---ebpf-pid----372881----pid-372881
---ebpf-pid----372881----pid-1
---ebpf-pid----372881----pid-372881
---ebpf-pid----372881----pid-1
---ebpf-pid----372881----pid-372881
---ebpf-pid----372881----pid-1
---ebpf-pid----372881----pid-372881
---ebpf-pid----372881----pid-1
---ebpf-pid----372881----pid-372881
---ebpf-pid----372881----pid-1
---ebpf-pid----372881----pid-372881
---ebpf-pid----372881----pid-1
---ebpf-pid----372881----pid-372881
---ebpf-pid----372881----pid-1
---ebpf-pid----372881----pid-1
---ebpf-pid----372881----pid-372881
---ebpf-pid----372881----pid-372881
---ebpf-pid----372881----pid-1
---ebpf-pid----2012----pid-2012
---ebpf-pid----372881----pid-1
---ebpf-pid----372881----pid-372881
---ebpf-pid----2012----pid-1
---ebpf-pid----372881----pid-1
---ebpf-pid----2012----pid-2012
---ebpf-pid----372881----pid-372881
---ebpf-pid----2012----pid-1
---ebpf-pid----2012----pid-2012
---ebpf-pid----372881----pid-1
---ebpf-pid----372881----pid-372881
---ebpf-pid----2012----pid-1
---ebpf-pid----2012----pid-2012
---ebpf-pid----372881----pid-1
---ebpf-pid----372881----pid-372881
---ebpf-pid----2012----pid-1
---ebpf-pid----2012----pid-2012
---ebpf-pid----372881----pid-1
---ebpf-pid----372881----pid-372881
---ebpf-pid----2012----pid-1
---ebpf-pid----2012----pid-2012
---ebpf-pid----372881----pid-1
---ebpf-pid----372881----pid-372881
---ebpf-pid----2012----pid-1
---ebpf-pid----2012----pid-2012
---ebpf-pid----372881----pid-1
---ebpf-pid----372881----pid-372881
---ebpf-pid----2012----pid-1
---ebpf-pid----2012----pid-2012
---ebpf-pid----372881----pid-1
---ebpf-pid----372881----pid-372881
---ebpf-pid----2012----pid-1
---ebpf-pid----2012----pid-2012
---ebpf-pid----372881----pid-1
---ebpf-pid----372881----pid-372881
---ebpf-pid----2012----pid-1
---ebpf-pid----2012----pid-2012
---ebpf-pid----372881----pid-1
---ebpf-pid----372881----pid-372881
---ebpf-pid----2012----pid-1
---ebpf-pid----2089----pid-2089
---ebpf-pid----372881----pid-1
---ebpf-pid----372881----pid-372881
---ebpf-pid----2089----pid-1
---ebpf-pid----372881----pid-1
---ebpf-pid----372881----pid-372881
---ebpf-pid----372881----pid-1
---ebpf-pid----372881----pid-372881
---ebpf-pid----372881----pid-1
---ebpf-pid----372881----pid-372881
---ebpf-pid----372881----pid-1
---ebpf-pid----372881----pid-372881
---ebpf-pid----372881----pid-1
---ebpf-pid----372881----pid-372881
---ebpf-pid----372881----pid-1
---ebpf-pid----372881----pid-372881
---ebpf-pid----372881----pid-1
---ebpf-pid----372881----pid-372881
---ebpf-pid----372881----pid-1
---ebpf-pid----372881----pid-372881
---ebpf-pid----372881----pid-1
---ebpf-pid----372881----pid-372881
---ebpf-pid----372881----pid-1
---ebpf-pid----372881----pid-372881
---ebpf-pid----372881----pid-1
---ebpf-pid----372881----pid-372881
---ebpf-pid----372881----pid-1
---ebpf-pid----372881----pid-372881
---ebpf-pid----372881----pid-1
---ebpf-pid----372881----pid-372881
---ebpf-pid----2088----pid-1
---ebpf-pid----372881----pid-1
---ebpf-pid----372881----pid-372881
---ebpf-pid----2088----pid-2088
---ebpf-pid----372881----pid-1
---ebpf-pid----2088----pid-1
---ebpf-pid----372881----pid-372881
---ebpf-pid----2088----pid-2088
---ebpf-pid----372881----pid-1
---ebpf-pid----2088----pid-1
---ebpf-pid----372881----pid-372881
---ebpf-pid----2088----pid-2088
---ebpf-pid----372881----pid-1
---ebpf-pid----2088----pid-1
---ebpf-pid----372881----pid-372881
---ebpf-pid----2088----pid-2088
---ebpf-pid----372881----pid-1
---ebpf-pid----2088----pid-1
---ebpf-pid----372881----pid-372881
---ebpf-pid----2088----pid-2088
---ebpf-pid----372881----pid-1
---ebpf-pid----2088----pid-1
---ebpf-pid----372881----pid-372881
---ebpf-pid----2088----pid-2088
---ebpf-pid----372881----pid-1
---ebpf-pid----2088----pid-1
---ebpf-pid----372881----pid-372881
---ebpf-pid----2088----pid-2088
---ebpf-pid----372881----pid-1
---ebpf-pid----2088----pid-1
---ebpf-pid----372881----pid-372881
---ebpf-pid----2088----pid-2088
---ebpf-pid----372881----pid-1
---ebpf-pid----2088----pid-1
---ebpf-pid----372881----pid-372881
---ebpf-pid----2088----pid-2088
---ebpf-pid----372881----pid-1
---ebpf-pid----2088----pid-1
---ebpf-pid----372881----pid-372881
---ebpf-pid----2088----pid-2088
---ebpf-pid----372881----pid-1
---ebpf-pid----2088----pid-1
---ebpf-pid----372881----pid-372881
---ebpf-pid----2088----pid-2088
---ebpf-pid----372881----pid-1
---ebpf-pid----372881----pid-372881
---ebpf-pid----2088----pid-1
---ebpf-pid----2088----pid-2088
---ebpf-pid----5705----pid-1
---ebpf-pid----5705----pid-5705
---ebpf-pid----372881----pid-1
---ebpf-pid----372881----pid-372881
---ebpf-pid----5705----pid-5476
---ebpf-pid----372881----pid-1
---ebpf-pid----372881----pid-372881
---ebpf-pid----372881----pid-1
---ebpf-pid----2089----pid-2089
---ebpf-pid----372881----pid-372881
---ebpf-pid----372881----pid-1
---ebpf-pid----2089----pid-1
---ebpf-pid----372881----pid-372881
---ebpf-pid----2089----pid-2089
---ebpf-pid----2089----pid-1
---ebpf-pid----372881----pid-1
---ebpf-pid----372881----pid-372881
---ebpf-pid----2089----pid-2089
---ebpf-pid----2089----pid-1
---ebpf-pid----372881----pid-1
---ebpf-pid----2089----pid-2089
---ebpf-pid----372881----pid-372881
---ebpf-pid----2089----pid-1
---ebpf-pid----372881----pid-1
---ebpf-pid----2089----pid-2089
---ebpf-pid----372881----pid-372881
---ebpf-pid----2089----pid-1
---ebpf-pid----372881----pid-1
---ebpf-pid----2089----pid-2089
---ebpf-pid----372881----pid-372881
---ebpf-pid----2089----pid-1
---ebpf-pid----372881----pid-1
---ebpf-pid----2089----pid-2089
---ebpf-pid----372881----pid-372881
---ebpf-pid----372881----pid-1
---ebpf-pid----372881----pid-372881
---ebpf-pid----372881----pid-1
---ebpf-pid----372881----pid-372881
---ebpf-pid----372881----pid-1
---ebpf-pid----372881----pid-372881
---ebpf-pid----372881----pid-1
---ebpf-pid----372881----pid-372881
---ebpf-pid----372881----pid-1
---ebpf-pid----5705----pid-1
---ebpf-pid----372881----pid-372881
---ebpf-pid----5705----pid-5705
---ebpf-pid----372881----pid-1
---ebpf-pid----5705----pid-5476
---ebpf-pid----372881----pid-372881
---ebpf-pid----372881----pid-1
---ebpf-pid----372881----pid-372881
---ebpf-pid----372881----pid-1
---ebpf-pid----372881----pid-372881
---ebpf-pid----372881----pid-1
---ebpf-pid----372881----pid-372881
---ebpf-pid----372881----pid-1
---ebpf-pid----372881----pid-372881
---ebpf-pid----5705----pid-1
---ebpf-pid----5705----pid-5705
---ebpf-pid----5705----pid-5476
---ebpf-pid----2089----pid-1
---ebpf-pid----2089----pid-2089
---ebpf-pid----2089----pid-1
---ebpf-pid----2089----pid-2089
---ebpf-pid----2089----pid-1
---ebpf-pid----2089----pid-2089
---ebpf-pid----2089----pid-1
---ebpf-pid----2089----pid-2089
---ebpf-pid----2089----pid-1
---ebpf-pid----2089----pid-2089
---ebpf-pid----2089----pid-1
---ebpf-pid----2089----pid-2089
---ebpf-pid----5705----pid-1
---ebpf-pid----5705----pid-5705
---ebpf-pid----2089----pid-1
---ebpf-pid----2089----pid-2089
---ebpf-pid----5705----pid-5476
---ebpf-pid----2089----pid-1
---ebpf-pid----5705----pid-1
---ebpf-pid----2089----pid-2089
---ebpf-pid----5705----pid-5705
---ebpf-pid----2089----pid-1
---ebpf-pid----5705----pid-5476
---ebpf-pid----2089----pid-2089
---ebpf-pid----5705----pid-1
---ebpf-pid----2089----pid-1
---ebpf-pid----5705----pid-5705
---ebpf-pid----2089----pid-2089
---ebpf-pid----2088----pid-1
---ebpf-pid----5705----pid-5476
---ebpf-pid----2089----pid-1
---ebpf-pid----2088----pid-2088
---ebpf-pid----5705----pid-5705
---ebpf-pid----5705----pid-1
---ebpf-pid----2088----pid-1
---ebpf-pid----5705----pid-5476
---ebpf-pid----5705----pid-5705
---ebpf-pid----2088----pid-2088
---ebpf-pid----5705----pid-1
---ebpf-pid----5705----pid-5476
---ebpf-pid----2088----pid-1
---ebpf-pid----379067----pid-379067
---ebpf-pid----2088----pid-2088
---ebpf-pid----5705----pid-1
---ebpf-pid----5705----pid-5705
---ebpf-pid----379067----pid-5476
---ebpf-pid----2088----pid-1
---ebpf-pid----2088----pid-2088
---ebpf-pid----5705----pid-5476
---ebpf-pid----379067----pid-1
---ebpf-pid----379067----pid-379067
---ebpf-pid----2088----pid-1
---ebpf-pid----5705----pid-1
---ebpf-pid----2088----pid-2088
---ebpf-pid----5705----pid-5705
---ebpf-pid----379067----pid-5476
---ebpf-pid----2088----pid-1
---ebpf-pid----5705----pid-5476
---ebpf-pid----2088----pid-2088
---ebpf-pid----379067----pid-1
---ebpf-pid----373029----pid-373029
---ebpf-pid----2088----pid-1
---ebpf-pid----2088----pid-2088
---ebpf-pid----373029----pid-5476
---ebpf-pid----2088----pid-1
---ebpf-pid----373029----pid-1
---ebpf-pid----373029----pid-373029
---ebpf-pid----2088----pid-2088
---ebpf-pid----372881----pid-1
---ebpf-pid----372881----pid-372881
---ebpf-pid----372881----pid-1
---ebpf-pid----372881----pid-372881
---ebpf-pid----373029----pid-5476
---ebpf-pid----372881----pid-1
---ebpf-pid----372881----pid-372881
---ebpf-pid----373029----pid-1
---ebpf-pid----372881----pid-1
---ebpf-pid----373029----pid-373029
---ebpf-pid----372881----pid-372881
---ebpf-pid----2088----pid-1
---ebpf-pid----373029----pid-5476
---ebpf-pid----372881----pid-1
---ebpf-pid----373029----pid-373029
---ebpf-pid----372881----pid-372881
---ebpf-pid----373029----pid-1
---ebpf-pid----373029----pid-5476
---ebpf-pid----372881----pid-1
---ebpf-pid----373029----pid-373029
---ebpf-pid----372881----pid-372881
---ebpf-pid----373029----pid-1
---ebpf-pid----373029----pid-373029
---ebpf-pid----373029----pid-5476
---ebpf-pid----372881----pid-1
---ebpf-pid----373029----pid-5476
---ebpf-pid----372881----pid-372881
---ebpf-pid----373029----pid-1
---ebpf-pid----379067----pid-379067
---ebpf-pid----373029----pid-1
---ebpf-pid----372881----pid-1
---ebpf-pid----373029----pid-373029
---ebpf-pid----372881----pid-372881
---ebpf-pid----379067----pid-5476
---ebpf-pid----373029----pid-5476
---ebpf-pid----372881----pid-1
---ebpf-pid----379067----pid-1
---ebpf-pid----372881----pid-372881
---ebpf-pid----373029----pid-1
---ebpf-pid----373029----pid-373029
---ebpf-pid----2088----pid-2088
---ebpf-pid----372881----pid-1
---ebpf-pid----373029----pid-5476
---ebpf-pid----2088----pid-1
---ebpf-pid----372881----pid-372881
---ebpf-pid----2088----pid-2088
---ebpf-pid----373029----pid-1
---ebpf-pid----372881----pid-1
---ebpf-pid----2088----pid-1
---ebpf-pid----13952----pid-13952
---ebpf-pid----2088----pid-2088
---ebpf-pid----372881----pid-372881
---ebpf-pid----13952----pid-1
---ebpf-pid----372881----pid-1
---ebpf-pid----2012----pid-2012
---ebpf-pid----372881----pid-372881
---ebpf-pid----2088----pid-1
---ebpf-pid----2088----pid-2088
---ebpf-pid----2012----pid-1
---ebpf-pid----2012----pid-2012
---ebpf-pid----2012----pid-1
---ebpf-pid----2012----pid-2012
---ebpf-pid----2012----pid-1
---ebpf-pid----2012----pid-2012
---ebpf-pid----2012----pid-1
---ebpf-pid----2012----pid-2012
---ebpf-pid----2012----pid-1
---ebpf-pid----2012----pid-2012
---ebpf-pid----5705----pid-1
---ebpf-pid----2088----pid-1
---ebpf-pid----5705----pid-5705
---ebpf-pid----2012----pid-1
---ebpf-pid----2012----pid-2012
---ebpf-pid----2088----pid-2088
---ebpf-pid----5705----pid-5476
---ebpf-pid----2088----pid-1
---ebpf-pid----2012----pid-1
---ebpf-pid----2088----pid-2088
---ebpf-pid----2012----pid-2012
---ebpf-pid----5705----pid-1
---ebpf-pid----2088----pid-1
---ebpf-pid----2088----pid-2088
---ebpf-pid----5705----pid-5705
---ebpf-pid----2012----pid-1
---ebpf-pid----2012----pid-2012
---ebpf-pid----2012----pid-1
---ebpf-pid----448785----pid-448785
---ebpf-pid----448785----pid-448520
---ebpf-pid----2088----pid-1
---ebpf-pid----2088----pid-2088
---ebpf-pid----5705----pid-5476
---ebpf-pid----448785----pid-1
---ebpf-pid----2088----pid-1
---ebpf-pid----448785----pid-448785
---ebpf-pid----5705----pid-1
---ebpf-pid----2088----pid-2088
---ebpf-pid----5705----pid-5705
---ebpf-pid----448785----pid-448520
---ebpf-pid----2088----pid-1
---ebpf-pid----2088----pid-2088
---ebpf-pid----5705----pid-5476
---ebpf-pid----448785----pid-1
---ebpf-pid----2088----pid-1
---ebpf-pid----448785----pid-448785
---ebpf-pid----5705----pid-1
---ebpf-pid----2088----pid-2088
---ebpf-pid----5705----pid-5705
---ebpf-pid----2088----pid-1
---ebpf-pid----448785----pid-448520
---ebpf-pid----2088----pid-2088
---ebpf-pid----5705----pid-5476
---ebpf-pid----448785----pid-1
---ebpf-pid----2088----pid-1
---ebpf-pid----2089----pid-2089
---ebpf-pid----5705----pid-1
---ebpf-pid----2088----pid-2088
---ebpf-pid----5705----pid-5705
---ebpf-pid----2088----pid-1
---ebpf-pid----2089----pid-1
---ebpf-pid----2088----pid-2088
---ebpf-pid----2094----pid-2094
---ebpf-pid----5705----pid-5476
---ebpf-pid----2088----pid-1
---ebpf-pid----2094----pid-1
---ebpf-pid----5705----pid-1
---ebpf-pid----2088----pid-2088
---ebpf-pid----448785----pid-448785
---ebpf-pid----5705----pid-5705
---ebpf-pid----2088----pid-1
---ebpf-pid----448785----pid-448520
---ebpf-pid----5705----pid-5476
---ebpf-pid----2088----pid-2088
---ebpf-pid----448785----pid-1
---ebpf-pid----448546----pid-448546
---ebpf-pid----2088----pid-1
---ebpf-pid----372881----pid-1
---ebpf-pid----2088----pid-2088
---ebpf-pid----448546----pid-1
---ebpf-pid----372881----pid-372881
---ebpf-pid----448783----pid-448783
---ebpf-pid----372881----pid-1
---ebpf-pid----448783----pid-448520
---ebpf-pid----372881----pid-372881
---ebpf-pid----2088----pid-1
---ebpf-pid----448783----pid-1
---ebpf-pid----2094----pid-2094
---ebpf-pid----372881----pid-1
---ebpf-pid----372881----pid-372881
---ebpf-pid----2088----pid-2088
---ebpf-pid----2094----pid-1
---ebpf-pid----372881----pid-1
---ebpf-pid----2094----pid-2094
---ebpf-pid----372881----pid-372881
---ebpf-pid----2088----pid-1
---ebpf-pid----2094----pid-1
---ebpf-pid----372881----pid-1
---ebpf-pid----2094----pid-2094
---ebpf-pid----2088----pid-2088
---ebpf-pid----372881----pid-372881
---ebpf-pid----2094----pid-1
---ebpf-pid----372881----pid-1
---ebpf-pid----2094----pid-2094
---ebpf-pid----372881----pid-372881
---ebpf-pid----2088----pid-1
---ebpf-pid----2094----pid-1
---ebpf-pid----372881----pid-1
---ebpf-pid----2088----pid-2088
---ebpf-pid----2094----pid-2094
---ebpf-pid----372881----pid-372881
---ebpf-pid----2094----pid-1
---ebpf-pid----2094----pid-2094
---ebpf-pid----2088----pid-1
---ebpf-pid----5705----pid-1
---ebpf-pid----2094----pid-1
---ebpf-pid----5705----pid-5705
---ebpf-pid----2088----pid-2088
---ebpf-pid----2094----pid-2094
---ebpf-pid----2094----pid-1
---ebpf-pid----2094----pid-2094
---ebpf-pid----2094----pid-1
---ebpf-pid----372881----pid-1
---ebpf-pid----372881----pid-372881
---ebpf-pid----372881----pid-1
---ebpf-pid----372881----pid-372881
---ebpf-pid----372881----pid-1
---ebpf-pid----372881----pid-372881
---ebpf-pid----372881----pid-1
---ebpf-pid----372881----pid-372881
---ebpf-pid----372881----pid-1
---ebpf-pid----372881----pid-372881
---ebpf-pid----372881----pid-1
---ebpf-pid----372881----pid-372881
---ebpf-pid----372881----pid-1
---ebpf-pid----372881----pid-372881
---ebpf-pid----372881----pid-1
---ebpf-pid----372881----pid-372881
---ebpf-pid----372881----pid-1
---ebpf-pid----372881----pid-372881
---ebpf-pid----372881----pid-1
---ebpf-pid----372881----pid-372881
---ebpf-pid----372881----pid-1
---ebpf-pid----372881----pid-372881
---ebpf-pid----372881----pid-1
---ebpf-pid----372881----pid-372881
---ebpf-pid----372881----pid-1
---ebpf-pid----5705----pid-5476
---ebpf-pid----372881----pid-372881
---ebpf-pid----372881----pid-1
---ebpf-pid----372881----pid-372881
---ebpf-pid----5705----pid-1
---ebpf-pid----5705----pid-5705
---ebpf-pid----372881----pid-1
---ebpf-pid----372881----pid-372881
---ebpf-pid----5705----pid-5476
---ebpf-pid----372881----pid-1
---ebpf-pid----372881----pid-372881
---ebpf-pid----5705----pid-1
---ebpf-pid----372881----pid-1
---ebpf-pid----5705----pid-5705
---ebpf-pid----372881----pid-372881
---ebpf-pid----372881----pid-1
---ebpf-pid----5705----pid-5476
---ebpf-pid----372881----pid-372881
---ebpf-pid----372881----pid-1
---ebpf-pid----5705----pid-1
---ebpf-pid----372881----pid-372881
---ebpf-pid----5705----pid-5705
---ebpf-pid----372881----pid-1
---ebpf-pid----372881----pid-372881
---ebpf-pid----5705----pid-5476
---ebpf-pid----372881----pid-1
---ebpf-pid----5705----pid-1
---ebpf-pid----372881----pid-372881
---ebpf-pid----5705----pid-5705
---ebpf-pid----5705----pid-5476
---ebpf-pid----5705----pid-1
---ebpf-pid----5705----pid-5705
---ebpf-pid----5705----pid-5476
---ebpf-pid----5705----pid-1
---ebpf-pid----5705----pid-5705
---ebpf-pid----5705----pid-5476
---ebpf-pid----5705----pid-1
---ebpf-pid----5705----pid-5705
---ebpf-pid----5705----pid-5476
---ebpf-pid----5705----pid-1
---ebpf-pid----2094----pid-2094
---ebpf-pid----5705----pid-5705
---ebpf-pid----2094----pid-1
---ebpf-pid----2094----pid-2094
---ebpf-pid----5705----pid-5476
---ebpf-pid----2094----pid-1
---ebpf-pid----5705----pid-1
---ebpf-pid----2094----pid-2094
---ebpf-pid----372881----pid-1
---ebpf-pid----5705----pid-5705
---ebpf-pid----372881----pid-372881
---ebpf-pid----2094----pid-1
---ebpf-pid----2094----pid-2094
---ebpf-pid----5705----pid-5476
---ebpf-pid----372881----pid-1
---ebpf-pid----372881----pid-372881
---ebpf-pid----2094----pid-1
---ebpf-pid----5705----pid-1
---ebpf-pid----2094----pid-2094
---ebpf-pid----5705----pid-5705
---ebpf-pid----372881----pid-1
---ebpf-pid----372881----pid-372881
---ebpf-pid----2094----pid-1
---ebpf-pid----5705----pid-5476
---ebpf-pid----2094----pid-2094
---ebpf-pid----372881----pid-1
---ebpf-pid----372881----pid-372881
---ebpf-pid----5705----pid-1
---ebpf-pid----2094----pid-1
---ebpf-pid----5705----pid-5705
---ebpf-pid----2094----pid-2094
---ebpf-pid----372881----pid-1
---ebpf-pid----372881----pid-372881
---ebpf-pid----2094----pid-1
---ebpf-pid----2094----pid-2094
---ebpf-pid----372881----pid-1
---ebpf-pid----372881----pid-372881
---ebpf-pid----2094----pid-1
---ebpf-pid----372881----pid-1
---ebpf-pid----2089----pid-2089
---ebpf-pid----372881----pid-372881
---ebpf-pid----2089----pid-1
---ebpf-pid----372881----pid-1
---ebpf-pid----2094----pid-2094
---ebpf-pid----372881----pid-372881
---ebpf-pid----372881----pid-1
---ebpf-pid----2094----pid-1
---ebpf-pid----372881----pid-372881
---ebpf-pid----2094----pid-2094
---ebpf-pid----372881----pid-1
---ebpf-pid----372881----pid-372881
---ebpf-pid----2094----pid-1
---ebpf-pid----2094----pid-2094
---ebpf-pid----372881----pid-1
---ebpf-pid----372881----pid-372881
---ebpf-pid----2094----pid-1
---ebpf-pid----2094----pid-2094
---ebpf-pid----372881----pid-1
---ebpf-pid----372881----pid-372881
---ebpf-pid----2094----pid-1
---ebpf-pid----2094----pid-2094
---ebpf-pid----372881----pid-1
---ebpf-pid----2094----pid-1
---ebpf-pid----2089----pid-2089
---ebpf-pid----2089----pid-1
---ebpf-pid----2089----pid-2089
---ebpf-pid----2089----pid-1
---ebpf-pid----2089----pid-2089
---ebpf-pid----2089----pid-1
---ebpf-pid----2089----pid-2089
---ebpf-pid----2089----pid-1
---ebpf-pid----2089----pid-2089
---ebpf-pid----2089----pid-1
---ebpf-pid----2089----pid-2089
---ebpf-pid----2089----pid-1
---ebpf-pid----2089----pid-2089
---ebpf-pid----372881----pid-372881
---ebpf-pid----372881----pid-1
---ebpf-pid----372881----pid-372881
---ebpf-pid----372881----pid-1
---ebpf-pid----372881----pid-372881
---ebpf-pid----372881----pid-1
---ebpf-pid----372881----pid-372881
---ebpf-pid----372881----pid-1
---ebpf-pid----372881----pid-372881
---ebpf-pid----372881----pid-1
---ebpf-pid----372881----pid-372881
---ebpf-pid----372881----pid-1
---ebpf-pid----372881----pid-372881
---ebpf-pid----372881----pid-1
---ebpf-pid----372881----pid-372881
---ebpf-pid----372881----pid-1
---ebpf-pid----372881----pid-372881
---ebpf-pid----372881----pid-1
---ebpf-pid----372881----pid-372881
---ebpf-pid----372881----pid-1
---ebpf-pid----372881----pid-372881
---ebpf-pid----2089----pid-1
---ebpf-pid----2089----pid-2089
---ebpf-pid----2089----pid-1
---ebpf-pid----2089----pid-2089
---ebpf-pid----2089----pid-1
---ebpf-pid----2089----pid-2089
---ebpf-pid----2089----pid-1
---ebpf-pid----372881----pid-372881
---ebpf-pid----372881----pid-1
---ebpf-pid----372881----pid-372881
---ebpf-pid----372881----pid-1
---ebpf-pid----2088----pid-1
---ebpf-pid----2088----pid-2088
---ebpf-pid----372881----pid-1
---ebpf-pid----372881----pid-372881
---ebpf-pid----372881----pid-1
---ebpf-pid----372881----pid-372881
---ebpf-pid----372881----pid-372881
---ebpf-pid----372881----pid-1
---ebpf-pid----372881----pid-372881
---ebpf-pid----372881----pid-1
---ebpf-pid----372881----pid-372881
---ebpf-pid----372881----pid-1
---ebpf-pid----372881----pid-1
---ebpf-pid----448782----pid-448782
---ebpf-pid----372881----pid-372881
---ebpf-pid----448782----pid-448520
---ebpf-pid----372881----pid-1
---ebpf-pid----372881----pid-372881
---ebpf-pid----448782----pid-1
---ebpf-pid----372881----pid-1
---ebpf-pid----448782----pid-448782
---ebpf-pid----372881----pid-372881
---ebpf-pid----372881----pid-1
---ebpf-pid----372881----pid-372881
---ebpf-pid----448782----pid-448520
---ebpf-pid----372881----pid-1
---ebpf-pid----448782----pid-1
---ebpf-pid----372881----pid-372881
---ebpf-pid----2012----pid-2012
---ebpf-pid----372881----pid-1
---ebpf-pid----372881----pid-372881
---ebpf-pid----2012----pid-1
---ebpf-pid----2012----pid-2012
---ebpf-pid----372881----pid-1
---ebpf-pid----372881----pid-372881
---ebpf-pid----2012----pid-1
---ebpf-pid----372881----pid-1
---ebpf-pid----372881----pid-372881
---ebpf-pid----2012----pid-2012
---ebpf-pid----372881----pid-1
---ebpf-pid----372881----pid-372881
---ebpf-pid----2012----pid-1
---ebpf-pid----2012----pid-2012
---ebpf-pid----372881----pid-1
---ebpf-pid----372881----pid-372881
---ebpf-pid----2012----pid-1
---ebpf-pid----2012----pid-2012
---ebpf-pid----372881----pid-1
---ebpf-pid----372881----pid-372881
---ebpf-pid----2012----pid-1
---ebpf-pid----372881----pid-1
---ebpf-pid----2012----pid-2012
---ebpf-pid----372881----pid-372881
---ebpf-pid----372881----pid-1
---ebpf-pid----2012----pid-1
---ebpf-pid----372881----pid-372881
---ebpf-pid----2012----pid-2012
---ebpf-pid----372881----pid-1
---ebpf-pid----2012----pid-1
---ebpf-pid----372881----pid-372881
---ebpf-pid----2012----pid-2012
---ebpf-pid----372881----pid-1
---ebpf-pid----2012----pid-1
---ebpf-pid----372881----pid-372881
---ebpf-pid----2012----pid-2012
---ebpf-pid----372881----pid-1
---ebpf-pid----372881----pid-372881
---ebpf-pid----2012----pid-1
---ebpf-pid----2012----pid-2012
---ebpf-pid----372881----pid-1
---ebpf-pid----372881----pid-372881
---ebpf-pid----2012----pid-1
---ebpf-pid----372881----pid-1
---ebpf-pid----2012----pid-2012
---ebpf-pid----372881----pid-372881
---ebpf-pid----372881----pid-1
---ebpf-pid----2088----pid-1
---ebpf-pid----2088----pid-2088
---ebpf-pid----5705----pid-5476
---ebpf-pid----5705----pid-1
---ebpf-pid----2012----pid-1
---ebpf-pid----5705----pid-5705
---ebpf-pid----2012----pid-2012
---ebpf-pid----5705----pid-5476
---ebpf-pid----5705----pid-1
---ebpf-pid----2012----pid-1
---ebpf-pid----5705----pid-5705
---ebpf-pid----2012----pid-2012
---ebpf-pid----5705----pid-5476
---ebpf-pid----2012----pid-1
---ebpf-pid----2094----pid-2094
---ebpf-pid----5705----pid-1
---ebpf-pid----5705----pid-5705
---ebpf-pid----2094----pid-1
---ebpf-pid----2089----pid-2089
---ebpf-pid----5705----pid-5476
---ebpf-pid----2089----pid-1
---ebpf-pid----2089----pid-2089
---ebpf-pid----5705----pid-1
---ebpf-pid----5705----pid-5705
---ebpf-pid----2089----pid-1
---ebpf-pid----2089----pid-2089
---ebpf-pid----5705----pid-5476
---ebpf-pid----2089----pid-1
---ebpf-pid----2089----pid-2089
---ebpf-pid----5705----pid-1
---ebpf-pid----5705----pid-5705
---ebpf-pid----2089----pid-1
---ebpf-pid----2089----pid-2089
---ebpf-pid----5705----pid-5476
---ebpf-pid----2089----pid-1
---ebpf-pid----2089----pid-2089
---ebpf-pid----5705----pid-1
---ebpf-pid----5705----pid-5705
---ebpf-pid----2089----pid-1
---ebpf-pid----2089----pid-2089
---ebpf-pid----5705----pid-5476
---ebpf-pid----2089----pid-1
---ebpf-pid----5705----pid-1
---ebpf-pid----2089----pid-2089
---ebpf-pid----5705----pid-5705
---ebpf-pid----2089----pid-1
---ebpf-pid----5705----pid-5476
---ebpf-pid----2089----pid-2089
---ebpf-pid----2089----pid-1
---ebpf-pid----5705----pid-1
---ebpf-pid----2089----pid-2089
---ebpf-pid----5705----pid-5705
---ebpf-pid----2089----pid-1
---ebpf-pid----5705----pid-5476
---ebpf-pid----2089----pid-2089
---ebpf-pid----5705----pid-1
---ebpf-pid----2089----pid-1
---ebpf-pid----2089----pid-2089
---ebpf-pid----5705----pid-5705
---ebpf-pid----2089----pid-1
---ebpf-pid----5705----pid-5476
---ebpf-pid----2089----pid-2089
---ebpf-pid----5705----pid-1
---ebpf-pid----2089----pid-1
---ebpf-pid----5705----pid-5705
---ebpf-pid----2089----pid-2089
---ebpf-pid----2089----pid-1
---ebpf-pid----2089----pid-2089
---ebpf-pid----5705----pid-5476
---ebpf-pid----2089----pid-1
---ebpf-pid----2089----pid-2089
---ebpf-pid----5705----pid-1
---ebpf-pid----5705----pid-5705
---ebpf-pid----2089----pid-1
---ebpf-pid----2089----pid-2089
---ebpf-pid----5705----pid-5476
---ebpf-pid----2089----pid-1
---ebpf-pid----448783----pid-448783
---ebpf-pid----5705----pid-1
---ebpf-pid----5705----pid-5705
---ebpf-pid----448783----pid-448520
---ebpf-pid----448783----pid-1
---ebpf-pid----5705----pid-5476
---ebpf-pid----448783----pid-448783
---ebpf-pid----5705----pid-1
---ebpf-pid----448783----pid-448520
---ebpf-pid----5705----pid-5705
---ebpf-pid----448783----pid-1
---ebpf-pid----5705----pid-5476
---ebpf-pid----5428----pid-5428
---ebpf-pid----5705----pid-1
---ebpf-pid----5428----pid-1
---ebpf-pid----379067----pid-379067
---ebpf-pid----5428----pid-5428
---ebpf-pid----372881----pid-372881
---ebpf-pid----372881----pid-1
---ebpf-pid----372881----pid-372881
---ebpf-pid----2088----pid-1
---ebpf-pid----2088----pid-2088
---ebpf-pid----2088----pid-1
---ebpf-pid----2088----pid-2088
---ebpf-pid----2088----pid-1
---ebpf-pid----2088----pid-2088
---ebpf-pid----2088----pid-1
---ebpf-pid----2088----pid-2088
---ebpf-pid----2088----pid-1
---ebpf-pid----2088----pid-2088
---ebpf-pid----2088----pid-1
---ebpf-pid----2088----pid-2088
---ebpf-pid----5428----pid-1
---ebpf-pid----4716----pid-4716
---ebpf-pid----2088----pid-1
---ebpf-pid----2088----pid-2088
---ebpf-pid----4716----pid-3323
---ebpf-pid----2088----pid-1
---ebpf-pid----2088----pid-2088
---ebpf-pid----4716----pid-1
---ebpf-pid----4716----pid-4716
---ebpf-pid----2088----pid-1
---ebpf-pid----4716----pid-3323
---ebpf-pid----2088----pid-2088
---ebpf-pid----4716----pid-1
---ebpf-pid----2088----pid-1
---ebpf-pid----4716----pid-4716
---ebpf-pid----2088----pid-2088
---ebpf-pid----4716----pid-3323
---ebpf-pid----2088----pid-1
---ebpf-pid----2088----pid-2088
---ebpf-pid----4716----pid-1
---ebpf-pid----4716----pid-4716
---ebpf-pid----2088----pid-1
---ebpf-pid----2088----pid-2088
---ebpf-pid----2088----pid-1
---ebpf-pid----2088----pid-2088
---ebpf-pid----2088----pid-1
---ebpf-pid----2088----pid-2088
---ebpf-pid----4716----pid-3323
---ebpf-pid----2088----pid-1
---ebpf-pid----2088----pid-2088
---ebpf-pid----4716----pid-1
---ebpf-pid----14----pid-14
---ebpf-pid----2088----pid-1
---ebpf-pid----2088----pid-2088
---ebpf-pid----14----pid-2
---ebpf-pid----4716----pid-4716
---ebpf-pid----2088----pid-1
---ebpf-pid----2088----pid-2088
---ebpf-pid----4716----pid-3323
---ebpf-pid----2088----pid-1
---ebpf-pid----2088----pid-2088
---ebpf-pid----2088----pid-1
---ebpf-pid----2088----pid-2088
---ebpf-pid----2088----pid-1
---ebpf-pid----2088----pid-2088
---ebpf-pid----2088----pid-1
---ebpf-pid----4716----pid-1
---ebpf-pid----2088----pid-2088
---ebpf-pid----4716----pid-4716
---ebpf-pid----2088----pid-1
---ebpf-pid----4716----pid-3323
---ebpf-pid----2088----pid-2088
---ebpf-pid----4716----pid-1
---ebpf-pid----2088----pid-1
---ebpf-pid----4716----pid-4716
---ebpf-pid----2088----pid-2088
---ebpf-pid----4716----pid-3323
---ebpf-pid----2088----pid-1
---ebpf-pid----2088----pid-2088
---ebpf-pid----4716----pid-1
---ebpf-pid----4716----pid-4716
---ebpf-pid----2088----pid-1
---ebpf-pid----2088----pid-2088
---ebpf-pid----4716----pid-3323
---ebpf-pid----2088----pid-1
---ebpf-pid----4716----pid-1
---ebpf-pid----2088----pid-2088
---ebpf-pid----4716----pid-4716
---ebpf-pid----2088----pid-1
---ebpf-pid----2088----pid-2088
---ebpf-pid----2088----pid-1
---ebpf-pid----2088----pid-2088
---ebpf-pid----2088----pid-1
---ebpf-pid----372881----pid-1
---ebpf-pid----372881----pid-372881
---ebpf-pid----379067----pid-5476
---ebpf-pid----379067----pid-1
---ebpf-pid----379067----pid-379067
---ebpf-pid----379067----pid-5476
---ebpf-pid----379067----pid-1
---ebpf-pid----5705----pid-5705
---ebpf-pid----5705----pid-5476
---ebpf-pid----5705----pid-1
---ebpf-pid----372714----pid-372714
---ebpf-pid----372714----pid-5476
---ebpf-pid----372714----pid-1
---ebpf-pid----372714----pid-372714
---ebpf-pid----372714----pid-5476
---ebpf-pid----372714----pid-1
---ebpf-pid----5705----pid-5705
---ebpf-pid----372881----pid-1
---ebpf-pid----5705----pid-5476
---ebpf-pid----372881----pid-372881
---ebpf-pid----5705----pid-1
---ebpf-pid----372881----pid-1
---ebpf-pid----5705----pid-5705
---ebpf-pid----372881----pid-372881
---ebpf-pid----5705----pid-5476
---ebpf-pid----372881----pid-1
---ebpf-pid----5705----pid-1
---ebpf-pid----372881----pid-372881
---ebpf-pid----372714----pid-372714
---ebpf-pid----372881----pid-1
---ebpf-pid----372714----pid-5476
---ebpf-pid----372881----pid-372881
---ebpf-pid----372714----pid-1
---ebpf-pid----372881----pid-1
---ebpf-pid----372714----pid-372714
---ebpf-pid----372881----pid-372881
---ebpf-pid----372714----pid-5476
---ebpf-pid----372881----pid-1
---ebpf-pid----372881----pid-372881
---ebpf-pid----372714----pid-1
---ebpf-pid----5705----pid-5705
---ebpf-pid----372881----pid-1
---ebpf-pid----372881----pid-372881
---ebpf-pid----5705----pid-5476
---ebpf-pid----372881----pid-1
---ebpf-pid----5705----pid-1
---ebpf-pid----372881----pid-372881
---ebpf-pid----5705----pid-5705
---ebpf-pid----372881----pid-1
---ebpf-pid----5705----pid-5476
---ebpf-pid----372881----pid-372881
---ebpf-pid----5705----pid-1
---ebpf-pid----372881----pid-1
---ebpf-pid----5705----pid-5705
---ebpf-pid----372881----pid-372881
---ebpf-pid----372881----pid-1
---ebpf-pid----5705----pid-5476
---ebpf-pid----372881----pid-372881
---ebpf-pid----5705----pid-1
---ebpf-pid----372881----pid-1
---ebpf-pid----5705----pid-5705
---ebpf-pid----372881----pid-372881
---ebpf-pid----5705----pid-5476
---ebpf-pid----372881----pid-1
---ebpf-pid----4716----pid-3323
---ebpf-pid----372881----pid-372881
---ebpf-pid----4716----pid-1
---ebpf-pid----372881----pid-1
---ebpf-pid----4716----pid-4716
---ebpf-pid----372881----pid-372881
---ebpf-pid----4716----pid-3323
---ebpf-pid----372881----pid-1
---ebpf-pid----372881----pid-372881
---ebpf-pid----4716----pid-1
---ebpf-pid----4716----pid-4716
---ebpf-pid----372881----pid-1
---ebpf-pid----372881----pid-372881
---ebpf-pid----4716----pid-3323
---ebpf-pid----372881----pid-1
---ebpf-pid----372881----pid-372881
---ebpf-pid----4716----pid-1
---ebpf-pid----4716----pid-4716
---ebpf-pid----372881----pid-1
---ebpf-pid----372881----pid-372881
---ebpf-pid----4716----pid-3323
---ebpf-pid----372881----pid-1
---ebpf-pid----4716----pid-1
---ebpf-pid----372881----pid-372881
---ebpf-pid----4716----pid-4716
---ebpf-pid----4716----pid-3323
---ebpf-pid----4716----pid-1
---ebpf-pid----448782----pid-448782
---ebpf-pid----448782----pid-448520
---ebpf-pid----448782----pid-1
---ebpf-pid----448782----pid-448782
---ebpf-pid----448782----pid-448520
---ebpf-pid----448782----pid-1
---ebpf-pid----4716----pid-4716
---ebpf-pid----4716----pid-3323
---ebpf-pid----4716----pid-1
---ebpf-pid----4716----pid-4716
---ebpf-pid----4716----pid-3323
---ebpf-pid----4716----pid-1
---ebpf-pid----448782----pid-448782
---ebpf-pid----448782----pid-448520
---ebpf-pid----448782----pid-1
---ebpf-pid----448782----pid-448782
---ebpf-pid----448782----pid-448520
---ebpf-pid----448782----pid-1
---ebpf-pid----448782----pid-448782
---ebpf-pid----448782----pid-448520
---ebpf-pid----448782----pid-1
---ebpf-pid----448782----pid-448782
---ebpf-pid----448782----pid-448520
---ebpf-pid----2088----pid-2088
---ebpf-pid----5705----pid-1
---ebpf-pid----2088----pid-1
---ebpf-pid----5705----pid-5705
---ebpf-pid----2088----pid-2088
---ebpf-pid----5705----pid-5476
---ebpf-pid----2088----pid-1
---ebpf-pid----2088----pid-2088
---ebpf-pid----5705----pid-1
---ebpf-pid----5705----pid-5705
---ebpf-pid----2088----pid-1
---ebpf-pid----2088----pid-2088
---ebpf-pid----5705----pid-5476
---ebpf-pid----2088----pid-1
---ebpf-pid----5705----pid-1
---ebpf-pid----2088----pid-2088
---ebpf-pid----5705----pid-5705
---ebpf-pid----2088----pid-1
---ebpf-pid----5705----pid-5476
---ebpf-pid----2088----pid-2088
---ebpf-pid----5705----pid-1
---ebpf-pid----5705----pid-5705
---ebpf-pid----5705----pid-5476
---ebpf-pid----5705----pid-1
---ebpf-pid----448782----pid-1
---ebpf-pid----2088----pid-1
---ebpf-pid----2088----pid-2088
---ebpf-pid----2088----pid-1
---ebpf-pid----2088----pid-2088
---ebpf-pid----2088----pid-1
---ebpf-pid----2088----pid-2088
---ebpf-pid----2088----pid-1
---ebpf-pid----2088----pid-2088
---ebpf-pid----2088----pid-1
---ebpf-pid----2088----pid-2088
---ebpf-pid----2088----pid-1
---ebpf-pid----2088----pid-2088
---ebpf-pid----2088----pid-1
---ebpf-pid----2088----pid-2088
---ebpf-pid----2088----pid-1
---ebpf-pid----2088----pid-2088
---ebpf-pid----2088----pid-1
---ebpf-pid----2088----pid-2088
---ebpf-pid----2088----pid-1
---ebpf-pid----2088----pid-2088
---ebpf-pid----2088----pid-1
---ebpf-pid----2088----pid-2088
---ebpf-pid----2088----pid-1
---ebpf-pid----2088----pid-2088
---ebpf-pid----2088----pid-1
---ebpf-pid----2088----pid-2088
---ebpf-pid----2088----pid-1
---ebpf-pid----2088----pid-2088
---ebpf-pid----2088----pid-1
---ebpf-pid----2088----pid-2088
---ebpf-pid----2088----pid-1
---ebpf-pid----2088----pid-2088
---ebpf-pid----2088----pid-1
---ebpf-pid----2088----pid-2088
---ebpf-pid----5705----pid-5705
---ebpf-pid----2088----pid-1
---ebpf-pid----2088----pid-2088
---ebpf-pid----2088----pid-1
---ebpf-pid----2088----pid-2088
---ebpf-pid----2088----pid-1
---ebpf-pid----2088----pid-2088
---ebpf-pid----448782----pid-448782
---ebpf-pid----2088----pid-1
---ebpf-pid----2088----pid-2088
---ebpf-pid----2088----pid-1
---ebpf-pid----2088----pid-2088
---ebpf-pid----2088----pid-1
---ebpf-pid----2088----pid-2088
---ebpf-pid----2088----pid-1
---ebpf-pid----2088----pid-2088
---ebpf-pid----2088----pid-1
---ebpf-pid----2088----pid-2088
---ebpf-pid----2088----pid-1
---ebpf-pid----2088----pid-2088
---ebpf-pid----2088----pid-1
---ebpf-pid----2088----pid-2088
---ebpf-pid----2088----pid-1
---ebpf-pid----2088----pid-2088
---ebpf-pid----2088----pid-1
---ebpf-pid----2088----pid-2088
---ebpf-pid----2088----pid-1
---ebpf-pid----373029----pid-373029
---ebpf-pid----448782----pid-448520
---ebpf-pid----373029----pid-5476
---ebpf-pid----373029----pid-1
---ebpf-pid----373029----pid-373029
---ebpf-pid----373029----pid-5476
---ebpf-pid----373029----pid-1
---ebpf-pid----373029----pid-373029
---ebpf-pid----373029----pid-5476
---ebpf-pid----373029----pid-1
---ebpf-pid----373029----pid-373029
---ebpf-pid----372881----pid-1
---ebpf-pid----373029----pid-5476
---ebpf-pid----373029----pid-1
---ebpf-pid----373029----pid-373029
---ebpf-pid----373029----pid-5476
---ebpf-pid----373029----pid-1
---ebpf-pid----2088----pid-2088
---ebpf-pid----2088----pid-1
---ebpf-pid----2088----pid-2088
---ebpf-pid----2088----pid-1
---ebpf-pid----2088----pid-2088
---ebpf-pid----2088----pid-1
---ebpf-pid----2088----pid-2088
---ebpf-pid----2088----pid-1
---ebpf-pid----2088----pid-2088
---ebpf-pid----2088----pid-1
---ebpf-pid----2088----pid-2088
---ebpf-pid----2088----pid-1
---ebpf-pid----2088----pid-2088
---ebpf-pid----2088----pid-1
---ebpf-pid----2088----pid-2088
---ebpf-pid----2088----pid-1
---ebpf-pid----2088----pid-2088
---ebpf-pid----2088----pid-1
---ebpf-pid----2088----pid-2088
---ebpf-pid----2088----pid-1
---ebpf-pid----2088----pid-2088
---ebpf-pid----2088----pid-1
---ebpf-pid----2088----pid-2088
---ebpf-pid----2088----pid-1
---ebpf-pid----2088----pid-2088
---ebpf-pid----2088----pid-1
---ebpf-pid----2088----pid-2088
---ebpf-pid----2088----pid-1
---ebpf-pid----2088----pid-2088
---ebpf-pid----2088----pid-1
---ebpf-pid----2088----pid-2088
---ebpf-pid----2088----pid-1
---ebpf-pid----2088----pid-2088
---ebpf-pid----2088----pid-1
---ebpf-pid----2088----pid-2088
---ebpf-pid----5705----pid-5476
---ebpf-pid----372881----pid-372881
---ebpf-pid----448782----pid-1
---ebpf-pid----448782----pid-448782
---ebpf-pid----448782----pid-448520
---ebpf-pid----372881----pid-1
---ebpf-pid----448782----pid-1
---ebpf-pid----448782----pid-448782
---ebpf-pid----448782----pid-448520
---ebpf-pid----448782----pid-1
---ebpf-pid----372881----pid-372881
---ebpf-pid----448782----pid-448782
---ebpf-pid----372881----pid-1
---ebpf-pid----448782----pid-448520
---ebpf-pid----372881----pid-372881
---ebpf-pid----448782----pid-1
---ebpf-pid----372881----pid-1
---ebpf-pid----4716----pid-4716
---ebpf-pid----372881----pid-372881
---ebpf-pid----372881----pid-1
---ebpf-pid----4716----pid-3323
---ebpf-pid----372881----pid-372881
---ebpf-pid----4716----pid-1
---ebpf-pid----372881----pid-1
---ebpf-pid----2088----pid-2088
---ebpf-pid----372881----pid-372881
---ebpf-pid----372881----pid-1
---ebpf-pid----2088----pid-1
---ebpf-pid----372881----pid-372881
---ebpf-pid----2088----pid-2088
---ebpf-pid----372881----pid-1
---ebpf-pid----2088----pid-1
---ebpf-pid----2088----pid-2088
---ebpf-pid----372881----pid-372881
---ebpf-pid----2088----pid-1
---ebpf-pid----372881----pid-1
---ebpf-pid----2088----pid-2088
---ebpf-pid----372881----pid-372881
---ebpf-pid----2088----pid-1
---ebpf-pid----372881----pid-1
---ebpf-pid----372881----pid-372881
---ebpf-pid----2088----pid-2088
---ebpf-pid----372881----pid-1
---ebpf-pid----2088----pid-1
---ebpf-pid----372881----pid-372881
---ebpf-pid----2088----pid-2088
---ebpf-pid----2088----pid-1
---ebpf-pid----372881----pid-1
---ebpf-pid----372881----pid-372881
---ebpf-pid----2088----pid-2088
---ebpf-pid----372881----pid-1
---ebpf-pid----2088----pid-1
---ebpf-pid----372881----pid-372881
---ebpf-pid----2088----pid-2088
---ebpf-pid----2088----pid-1
---ebpf-pid----372881----pid-1
---ebpf-pid----2088----pid-2088
---ebpf-pid----372881----pid-372881
---ebpf-pid----2088----pid-1
---ebpf-pid----372881----pid-1
---ebpf-pid----2088----pid-2088
---ebpf-pid----372881----pid-372881
---ebpf-pid----2088----pid-1
---ebpf-pid----372881----pid-1
---ebpf-pid----372881----pid-372881
---ebpf-pid----372881----pid-1
---ebpf-pid----5705----pid-1
---ebpf-pid----5705----pid-5705
---ebpf-pid----5705----pid-5476
---ebpf-pid----2029----pid-2029
---ebpf-pid----2029----pid-1
---ebpf-pid----2029----pid-2029
---ebpf-pid----2029----pid-1
---ebpf-pid----2029----pid-2029
---ebpf-pid----2029----pid-1
---ebpf-pid----2029----pid-2029
---ebpf-pid----5705----pid-1
---ebpf-pid----2029----pid-1
---ebpf-pid----4716----pid-4716
---ebpf-pid----4716----pid-3323
---ebpf-pid----5705----pid-5705
---ebpf-pid----4716----pid-1
---ebpf-pid----4716----pid-4716
---ebpf-pid----4716----pid-3323
---ebpf-pid----4716----pid-1
---ebpf-pid----2029----pid-2029
---ebpf-pid----2029----pid-1
---ebpf-pid----4716----pid-4716
---ebpf-pid----5705----pid-5476
---ebpf-pid----4716----pid-3323
---ebpf-pid----4716----pid-1
---ebpf-pid----4716----pid-4716
---ebpf-pid----372881----pid-372881
---ebpf-pid----4716----pid-3323
---ebpf-pid----372881----pid-1
---ebpf-pid----372881----pid-372881
---ebpf-pid----4716----pid-1
---ebpf-pid----372714----pid-372714
---ebpf-pid----372881----pid-1
---ebpf-pid----2088----pid-1
---ebpf-pid----5705----pid-1
---ebpf-pid----372714----pid-5476
---ebpf-pid----5705----pid-5705
---ebpf-pid----372714----pid-1
---ebpf-pid----2088----pid-2088
---ebpf-pid----372714----pid-372714
---ebpf-pid----372714----pid-5476
---ebpf-pid----2088----pid-1
---ebpf-pid----2088----pid-2088
---ebpf-pid----372714----pid-1
---ebpf-pid----372714----pid-372714
---ebpf-pid----2088----pid-1
---ebpf-pid----2088----pid-2088
---ebpf-pid----372881----pid-372881
---ebpf-pid----2088----pid-1
---ebpf-pid----372714----pid-372714
---ebpf-pid----372881----pid-1
---ebpf-pid----372881----pid-372881
---ebpf-pid----372714----pid-5476
---ebpf-pid----5705----pid-5476
---ebpf-pid----372714----pid-1
---ebpf-pid----5707----pid-5707
---ebpf-pid----372714----pid-5476
---ebpf-pid----5705----pid-1
---ebpf-pid----5707----pid-5476
---ebpf-pid----5705----pid-5705
---ebpf-pid----372714----pid-1
---ebpf-pid----372714----pid-372714
---ebpf-pid----5707----pid-1
---ebpf-pid----5705----pid-5476
---ebpf-pid----5707----pid-5707
---ebpf-pid----372714----pid-5476
---ebpf-pid----5707----pid-5476
---ebpf-pid----5705----pid-1
---ebpf-pid----5705----pid-5705
---ebpf-pid----5707----pid-1
---ebpf-pid----372714----pid-1
---ebpf-pid----372714----pid-372714
---ebpf-pid----372714----pid-372714
---ebpf-pid----5705----pid-5476
---ebpf-pid----372714----pid-5476
---ebpf-pid----372714----pid-5476
---ebpf-pid----5705----pid-1
---ebpf-pid----5705----pid-5705
---ebpf-pid----372714----pid-1
---ebpf-pid----372714----pid-1
---ebpf-pid----5707----pid-5707
---ebpf-pid----372714----pid-372714
---ebpf-pid----5705----pid-5476
---ebpf-pid----5707----pid-5476
---ebpf-pid----372714----pid-5476
---ebpf-pid----5705----pid-1
---ebpf-pid----5705----pid-5705
---ebpf-pid----5707----pid-1
---ebpf-pid----372714----pid-1
---ebpf-pid----5707----pid-5707
---ebpf-pid----372714----pid-372714
---ebpf-pid----5705----pid-5476
---ebpf-pid----5707----pid-5476
---ebpf-pid----372714----pid-5476
---ebpf-pid----5705----pid-1
---ebpf-pid----5705----pid-5705
---ebpf-pid----5707----pid-1
---ebpf-pid----372714----pid-1
---ebpf-pid----372714----pid-372714
---ebpf-pid----372714----pid-372714
---ebpf-pid----5705----pid-5476
---ebpf-pid----372714----pid-5476
---ebpf-pid----372714----pid-5476
---ebpf-pid----5705----pid-1
---ebpf-pid----5705----pid-5705
---ebpf-pid----372714----pid-1
---ebpf-pid----372714----pid-1
---ebpf-pid----5707----pid-5707
---ebpf-pid----372714----pid-372714
---ebpf-pid----5705----pid-5476
---ebpf-pid----5707----pid-5476
---ebpf-pid----372714----pid-5476
---ebpf-pid----5705----pid-1
---ebpf-pid----5705----pid-5705
---ebpf-pid----5707----pid-1
---ebpf-pid----372714----pid-1
---ebpf-pid----5707----pid-5707
---ebpf-pid----372714----pid-372714
---ebpf-pid----5705----pid-5476
---ebpf-pid----5707----pid-5476
---ebpf-pid----372714----pid-5476
---ebpf-pid----5705----pid-1
---ebpf-pid----5705----pid-5705
---ebpf-pid----5707----pid-1
---ebpf-pid----372714----pid-1
---ebpf-pid----6105----pid-6105
---ebpf-pid----5705----pid-5476
---ebpf-pid----372714----pid-372714
---ebpf-pid----6105----pid-6082
---ebpf-pid----5705----pid-1
---ebpf-pid----372714----pid-5476
---ebpf-pid----379067----pid-379067
---ebpf-pid----372714----pid-1
---ebpf-pid----6105----pid-5550
---ebpf-pid----379067----pid-5476
---ebpf-pid----4716----pid-4716
---ebpf-pid----6105----pid-1
---ebpf-pid----379067----pid-1
---ebpf-pid----4716----pid-3323
---ebpf-pid----373029----pid-373029
---ebpf-pid----379067----pid-379067
---ebpf-pid----4716----pid-1
---ebpf-pid----372714----pid-372714
---ebpf-pid----372714----pid-5476
---ebpf-pid----372714----pid-1
---ebpf-pid----373029----pid-5476
---ebpf-pid----372714----pid-372714
---ebpf-pid----372714----pid-5476
---ebpf-pid----373029----pid-1
---ebpf-pid----373029----pid-373029
---ebpf-pid----372714----pid-1
---ebpf-pid----2088----pid-2088
---ebpf-pid----373029----pid-5476
---ebpf-pid----2088----pid-1
---ebpf-pid----2088----pid-2088
---ebpf-pid----373029----pid-1
---ebpf-pid----373029----pid-373029
---ebpf-pid----2088----pid-1
---ebpf-pid----2088----pid-2088
---ebpf-pid----373029----pid-5476
---ebpf-pid----373029----pid-1
---ebpf-pid----373029----pid-373029
---ebpf-pid----2088----pid-1
---ebpf-pid----373029----pid-5476
---ebpf-pid----2088----pid-2088
---ebpf-pid----373029----pid-1
---ebpf-pid----373029----pid-373029
---ebpf-pid----2088----pid-1
---ebpf-pid----2088----pid-2088
---ebpf-pid----373029----pid-5476
---ebpf-pid----2088----pid-1
---ebpf-pid----2088----pid-2088
---ebpf-pid----373029----pid-1
---ebpf-pid----373029----pid-373029
---ebpf-pid----2088----pid-1
---ebpf-pid----2088----pid-2088
---ebpf-pid----373029----pid-5476
---ebpf-pid----2088----pid-1
---ebpf-pid----2088----pid-2088
---ebpf-pid----373029----pid-1
---ebpf-pid----373029----pid-373029
---ebpf-pid----2088----pid-1
---ebpf-pid----2088----pid-2088
---ebpf-pid----373029----pid-5476
---ebpf-pid----2088----pid-1
---ebpf-pid----373029----pid-1
---ebpf-pid----2088----pid-2088
---ebpf-pid----373029----pid-373029
---ebpf-pid----2088----pid-1
---ebpf-pid----2088----pid-2088
---ebpf-pid----373029----pid-5476
---ebpf-pid----373029----pid-1
---ebpf-pid----373029----pid-373029
---ebpf-pid----373029----pid-5476
---ebpf-pid----373029----pid-1
---ebpf-pid----373029----pid-373029
---ebpf-pid----373029----pid-5476
---ebpf-pid----2088----pid-1
---ebpf-pid----373029----pid-1
---ebpf-pid----2088----pid-2088
---ebpf-pid----373029----pid-373029
---ebpf-pid----372881----pid-1
---ebpf-pid----372714----pid-372714
---ebpf-pid----2088----pid-1
---ebpf-pid----373029----pid-5476
---ebpf-pid----2088----pid-2088
---ebpf-pid----372714----pid-5476
---ebpf-pid----373029----pid-1
---ebpf-pid----2088----pid-1
---ebpf-pid----373029----pid-373029
---ebpf-pid----2088----pid-2088
---ebpf-pid----372714----pid-1
---ebpf-pid----372714----pid-372714
---ebpf-pid----2088----pid-1
---ebpf-pid----373029----pid-5476
---ebpf-pid----2088----pid-2088
---ebpf-pid----372714----pid-5476
---ebpf-pid----373029----pid-1
---ebpf-pid----2088----pid-1
---ebpf-pid----373029----pid-373029
---ebpf-pid----2088----pid-2088
---ebpf-pid----372714----pid-1
---ebpf-pid----372714----pid-372714
---ebpf-pid----2088----pid-1
---ebpf-pid----373029----pid-5476
---ebpf-pid----2088----pid-2088
---ebpf-pid----372714----pid-5476
---ebpf-pid----373029----pid-1
---ebpf-pid----2088----pid-1
---ebpf-pid----373029----pid-373029
---ebpf-pid----2088----pid-2088
---ebpf-pid----372714----pid-1
---ebpf-pid----372881----pid-372881
---ebpf-pid----2088----pid-1
---ebpf-pid----373029----pid-5476
---ebpf-pid----2088----pid-2088
---ebpf-pid----372881----pid-1
---ebpf-pid----373029----pid-1
---ebpf-pid----2088----pid-1
---ebpf-pid----372881----pid-372881
---ebpf-pid----2088----pid-2088
---ebpf-pid----373029----pid-373029
---ebpf-pid----372881----pid-1
---ebpf-pid----2088----pid-1
---ebpf-pid----373029----pid-5476
---ebpf-pid----372881----pid-372881
---ebpf-pid----2088----pid-2088
---ebpf-pid----373029----pid-1
---ebpf-pid----2088----pid-1
---ebpf-pid----372881----pid-1
---ebpf-pid----373029----pid-373029
---ebpf-pid----2088----pid-2088
---ebpf-pid----372881----pid-372881
---ebpf-pid----2088----pid-1
---ebpf-pid----373029----pid-5476
---ebpf-pid----372881----pid-1
---ebpf-pid----2088----pid-2088
---ebpf-pid----372881----pid-372881
---ebpf-pid----373029----pid-1
---ebpf-pid----2088----pid-1
---ebpf-pid----373029----pid-373029
---ebpf-pid----2088----pid-2088
---ebpf-pid----372881----pid-1
---ebpf-pid----372881----pid-372881
---ebpf-pid----2088----pid-1
---ebpf-pid----373029----pid-5476
---ebpf-pid----372881----pid-1
---ebpf-pid----372881----pid-372881
---ebpf-pid----2088----pid-2088
---ebpf-pid----373029----pid-1
---ebpf-pid----373029----pid-373029
---ebpf-pid----372881----pid-1
---ebpf-pid----2088----pid-1
---ebpf-pid----2012----pid-2012
---ebpf-pid----2088----pid-2088
---ebpf-pid----373029----pid-5476
---ebpf-pid----2012----pid-1
---ebpf-pid----2088----pid-1
---ebpf-pid----373029----pid-1
---ebpf-pid----2088----pid-2088
---ebpf-pid----2012----pid-2012
---ebpf-pid----2088----pid-1
---ebpf-pid----2088----pid-2088
---ebpf-pid----2012----pid-1
---ebpf-pid----373029----pid-373029
---ebpf-pid----2012----pid-2012
---ebpf-pid----2088----pid-1
---ebpf-pid----2088----pid-2088
---ebpf-pid----373029----pid-5476
---ebpf-pid----2012----pid-1
---ebpf-pid----2012----pid-2012
---ebpf-pid----2088----pid-1
---ebpf-pid----373029----pid-1
---ebpf-pid----2088----pid-2088
---ebpf-pid----373029----pid-373029
---ebpf-pid----2012----pid-1
---ebpf-pid----2012----pid-2012
---ebpf-pid----2088----pid-1
---ebpf-pid----2088----pid-2088
---ebpf-pid----373029----pid-5476
---ebpf-pid----2088----pid-1
---ebpf-pid----379067----pid-5476
---ebpf-pid----2088----pid-2088
---ebpf-pid----379067----pid-1
---ebpf-pid----2088----pid-1
---ebpf-pid----5705----pid-5705
---ebpf-pid----2088----pid-2088
---ebpf-pid----2088----pid-1
---ebpf-pid----2088----pid-2088
---ebpf-pid----5705----pid-5476
---ebpf-pid----2088----pid-1
---ebpf-pid----5705----pid-1
---ebpf-pid----2088----pid-2088
---ebpf-pid----5705----pid-5705
---ebpf-pid----2088----pid-1
---ebpf-pid----5705----pid-5476
---ebpf-pid----2088----pid-2088
---ebpf-pid----2088----pid-1
---ebpf-pid----5705----pid-1
---ebpf-pid----2088----pid-2088
---ebpf-pid----5705----pid-5705
---ebpf-pid----2088----pid-1
---ebpf-pid----2088----pid-2088
---ebpf-pid----5705----pid-5476
---ebpf-pid----2088----pid-1
---ebpf-pid----2088----pid-2088
---ebpf-pid----373029----pid-1
---ebpf-pid----2088----pid-1
---ebpf-pid----373029----pid-373029
---ebpf-pid----2088----pid-2088
---ebpf-pid----2088----pid-1
---ebpf-pid----373029----pid-5476
---ebpf-pid----2088----pid-2088
---ebpf-pid----2088----pid-1
---ebpf-pid----373029----pid-1
---ebpf-pid----373029----pid-373029
---ebpf-pid----2088----pid-2088
---ebpf-pid----2088----pid-1
---ebpf-pid----373029----pid-5476
---ebpf-pid----2088----pid-2088
---ebpf-pid----373029----pid-1
---ebpf-pid----2088----pid-1
---ebpf-pid----373029----pid-373029
---ebpf-pid----2088----pid-2088
---ebpf-pid----2088----pid-1
---ebpf-pid----373029----pid-5476
---ebpf-pid----2088----pid-2088
---ebpf-pid----373029----pid-1
---ebpf-pid----2088----pid-1
---ebpf-pid----373029----pid-373029
---ebpf-pid----2088----pid-2088
---ebpf-pid----2012----pid-1
---ebpf-pid----2012----pid-2012
---ebpf-pid----5705----pid-1
---ebpf-pid----2012----pid-1
---ebpf-pid----5705----pid-5705
---ebpf-pid----2012----pid-2012
---ebpf-pid----5705----pid-5476
---ebpf-pid----2012----pid-1
---ebpf-pid----2012----pid-2012
---ebpf-pid----5705----pid-1
---ebpf-pid----5705----pid-5705
---ebpf-pid----2012----pid-1
---ebpf-pid----2012----pid-2012
---ebpf-pid----5705----pid-5476
---ebpf-pid----2012----pid-1
---ebpf-pid----5705----pid-1
---ebpf-pid----2012----pid-2012
---ebpf-pid----372714----pid-372714
---ebpf-pid----372714----pid-5476
---ebpf-pid----2012----pid-1
---ebpf-pid----372714----pid-1
---ebpf-pid----2012----pid-2012
---ebpf-pid----5705----pid-5705
---ebpf-pid----2012----pid-1
---ebpf-pid----2012----pid-2012
---ebpf-pid----5705----pid-5476
---ebpf-pid----2012----pid-1
---ebpf-pid----5705----pid-1
---ebpf-pid----2012----pid-2012
---ebpf-pid----5705----pid-5705
---ebpf-pid----2012----pid-1
---ebpf-pid----2012----pid-2012
---ebpf-pid----5705----pid-5476
---ebpf-pid----5705----pid-1
---ebpf-pid----2012----pid-1
---ebpf-pid----372714----pid-372714
---ebpf-pid----2012----pid-2012
---ebpf-pid----2088----pid-1
---ebpf-pid----2088----pid-2088
---ebpf-pid----2012----pid-1
---ebpf-pid----372714----pid-5476
---ebpf-pid----2012----pid-2012
---ebpf-pid----2088----pid-1
---ebpf-pid----2088----pid-2088
---ebpf-pid----372714----pid-1
---ebpf-pid----2012----pid-1
---ebpf-pid----372714----pid-372714
---ebpf-pid----2088----pid-1
---ebpf-pid----2012----pid-2012
---ebpf-pid----2088----pid-2088
---ebpf-pid----372714----pid-5476
---ebpf-pid----2088----pid-1
---ebpf-pid----2012----pid-1
---ebpf-pid----2088----pid-2088
---ebpf-pid----2012----pid-2012
---ebpf-pid----372714----pid-1
---ebpf-pid----372714----pid-372714
---ebpf-pid----2088----pid-1
---ebpf-pid----2088----pid-2088
---ebpf-pid----2012----pid-1
---ebpf-pid----372714----pid-5476
---ebpf-pid----2012----pid-2012
---ebpf-pid----2088----pid-1
---ebpf-pid----2029----pid-2029
---ebpf-pid----372714----pid-1
---ebpf-pid----2012----pid-1
---ebpf-pid----372714----pid-372714
---ebpf-pid----2029----pid-1
---ebpf-pid----2012----pid-2012
---ebpf-pid----373029----pid-373029
---ebpf-pid----372714----pid-5476
---ebpf-pid----2012----pid-1
---ebpf-pid----373029----pid-5476
---ebpf-pid----2012----pid-2012
---ebpf-pid----372714----pid-1
---ebpf-pid----373029----pid-1
---ebpf-pid----372714----pid-372714
---ebpf-pid----2012----pid-1
---ebpf-pid----373029----pid-373029
---ebpf-pid----2012----pid-2012
---ebpf-pid----373029----pid-5476
---ebpf-pid----372714----pid-5476
---ebpf-pid----2012----pid-1
---ebpf-pid----2012----pid-2012
---ebpf-pid----373029----pid-1
---ebpf-pid----372714----pid-1
---ebpf-pid----4716----pid-4716
---ebpf-pid----372714----pid-372714
---ebpf-pid----2012----pid-1
---ebpf-pid----4716----pid-3323
---ebpf-pid----2012----pid-2012
---ebpf-pid----372714----pid-5476
---ebpf-pid----4716----pid-1
---ebpf-pid----2012----pid-1
---ebpf-pid----372714----pid-1
---ebpf-pid----373029----pid-373029
---ebpf-pid----2012----pid-2012
---ebpf-pid----372714----pid-372714
---ebpf-pid----373029----pid-5476
---ebpf-pid----2012----pid-1
---ebpf-pid----372714----pid-5476
---ebpf-pid----2012----pid-2012
---ebpf-pid----373029----pid-1
---ebpf-pid----373029----pid-373029
---ebpf-pid----372714----pid-1
---ebpf-pid----2012----pid-1
---ebpf-pid----372714----pid-372714
---ebpf-pid----2012----pid-2012
---ebpf-pid----373029----pid-5476
---ebpf-pid----372714----pid-5476
---ebpf-pid----2012----pid-1
---ebpf-pid----373029----pid-1
---ebpf-pid----2012----pid-2012
---ebpf-pid----372881----pid-372881
---ebpf-pid----372714----pid-1
---ebpf-pid----372714----pid-372714
---ebpf-pid----2012----pid-1
---ebpf-pid----372881----pid-1
---ebpf-pid----2012----pid-2012
---ebpf-pid----4716----pid-4716
---ebpf-pid----372714----pid-5476
---ebpf-pid----2012----pid-1
---ebpf-pid----4716----pid-3323
---ebpf-pid----2012----pid-2012
---ebpf-pid----372714----pid-1
---ebpf-pid----372714----pid-372714
---ebpf-pid----4716----pid-1
---ebpf-pid----2012----pid-1
---ebpf-pid----4716----pid-4716
---ebpf-pid----2012----pid-2012
---ebpf-pid----372714----pid-5476
---ebpf-pid----4716----pid-3323
---ebpf-pid----2012----pid-1
---ebpf-pid----372714----pid-1
---ebpf-pid----2012----pid-2012
---ebpf-pid----372714----pid-372714
---ebpf-pid----4716----pid-1
---ebpf-pid----2012----pid-1
---ebpf-pid----2012----pid-2012
---ebpf-pid----373029----pid-5476
---ebpf-pid----2012----pid-1
---ebpf-pid----373029----pid-1
---ebpf-pid----2012----pid-2012
---ebpf-pid----373029----pid-373029
---ebpf-pid----2012----pid-1
---ebpf-pid----373029----pid-5476
---ebpf-pid----2012----pid-2012
---ebpf-pid----373029----pid-1
---ebpf-pid----2012----pid-1
---ebpf-pid----373029----pid-373029
---ebpf-pid----2012----pid-2012
---ebpf-pid----2012----pid-1
---ebpf-pid----373029----pid-5476
---ebpf-pid----2012----pid-2012
---ebpf-pid----373029----pid-1
---ebpf-pid----2012----pid-1
---ebpf-pid----373029----pid-373029
---ebpf-pid----2012----pid-2012
---ebpf-pid----373029----pid-5476
---ebpf-pid----2012----pid-1
---ebpf-pid----2012----pid-2012
---ebpf-pid----373029----pid-1
---ebpf-pid----373029----pid-373029
---ebpf-pid----2012----pid-1
---ebpf-pid----373029----pid-5476
---ebpf-pid----373029----pid-1
---ebpf-pid----373029----pid-373029
---ebpf-pid----373029----pid-5476
---ebpf-pid----2012----pid-2012
---ebpf-pid----2012----pid-1
---ebpf-pid----373029----pid-1
---ebpf-pid----2012----pid-2012
---ebpf-pid----373029----pid-373029
---ebpf-pid----373029----pid-5476
---ebpf-pid----2012----pid-1
---ebpf-pid----2012----pid-2012
---ebpf-pid----373029----pid-1
---ebpf-pid----373029----pid-373029
---ebpf-pid----2012----pid-1
---ebpf-pid----2012----pid-2012
---ebpf-pid----373029----pid-5476
---ebpf-pid----2012----pid-1
---ebpf-pid----2094----pid-2094
---ebpf-pid----2012----pid-2012
---ebpf-pid----373029----pid-1
---ebpf-pid----373029----pid-373029
---ebpf-pid----2094----pid-1
---ebpf-pid----2012----pid-1
---ebpf-pid----2094----pid-2094
---ebpf-pid----373029----pid-5476
---ebpf-pid----2094----pid-1
---ebpf-pid----373029----pid-1
---ebpf-pid----2094----pid-2094
---ebpf-pid----373029----pid-373029
---ebpf-pid----2094----pid-1
---ebpf-pid----2012----pid-2012
---ebpf-pid----2094----pid-2094
---ebpf-pid----373029----pid-5476
---ebpf-pid----2094----pid-1
---ebpf-pid----2012----pid-1
---ebpf-pid----373029----pid-1
---ebpf-pid----2089----pid-2089
---ebpf-pid----2012----pid-2012
---ebpf-pid----373029----pid-373029
---ebpf-pid----2089----pid-1
---ebpf-pid----2012----pid-1
---ebpf-pid----2094----pid-2094
---ebpf-pid----373029----pid-5476
---ebpf-pid----2012----pid-2012
---ebpf-pid----2094----pid-1
---ebpf-pid----373029----pid-1
---ebpf-pid----2094----pid-2094
---ebpf-pid----2012----pid-1
---ebpf-pid----373029----pid-373029
---ebpf-pid----2012----pid-2012
---ebpf-pid----2094----pid-1
---ebpf-pid----2094----pid-2094
---ebpf-pid----373029----pid-5476
---ebpf-pid----2012----pid-1
---ebpf-pid----2012----pid-2012
---ebpf-pid----2094----pid-1
---ebpf-pid----373029----pid-1
---ebpf-pid----2094----pid-2094
---ebpf-pid----373029----pid-373029
---ebpf-pid----2012----pid-1
---ebpf-pid----2094----pid-1
---ebpf-pid----2012----pid-2012
---ebpf-pid----2094----pid-2094
---ebpf-pid----373029----pid-5476
---ebpf-pid----2012----pid-1
---ebpf-pid----2094----pid-1
---ebpf-pid----2012----pid-2012
---ebpf-pid----2094----pid-2094
---ebpf-pid----372714----pid-5476
---ebpf-pid----2094----pid-1
---ebpf-pid----2012----pid-1
---ebpf-pid----2094----pid-2094
---ebpf-pid----372714----pid-1
---ebpf-pid----373029----pid-373029
---ebpf-pid----372714----pid-372714
---ebpf-pid----2094----pid-1
---ebpf-pid----2094----pid-2094
---ebpf-pid----373029----pid-5476
---ebpf-pid----372714----pid-5476
---ebpf-pid----2094----pid-1
---ebpf-pid----2094----pid-2094
---ebpf-pid----373029----pid-1
---ebpf-pid----372714----pid-1
---ebpf-pid----373029----pid-373029
---ebpf-pid----372714----pid-372714
---ebpf-pid----2094----pid-1
---ebpf-pid----2094----pid-2094
---ebpf-pid----373029----pid-5476
---ebpf-pid----372714----pid-5476
---ebpf-pid----2094----pid-1
---ebpf-pid----373029----pid-1
---ebpf-pid----2094----pid-2094
---ebpf-pid----372714----pid-1
---ebpf-pid----373029----pid-373029
---ebpf-pid----372714----pid-372714
---ebpf-pid----2094----pid-1
---ebpf-pid----2094----pid-2094
---ebpf-pid----373029----pid-5476
---ebpf-pid----372714----pid-5476
---ebpf-pid----2094----pid-1
---ebpf-pid----373029----pid-1
---ebpf-pid----2094----pid-2094
---ebpf-pid----372714----pid-1
---ebpf-pid----2012----pid-2012
---ebpf-pid----372714----pid-372714
---ebpf-pid----2012----pid-1
---ebpf-pid----2012----pid-2012
---ebpf-pid----2012----pid-1
---ebpf-pid----2012----pid-2012
---ebpf-pid----373029----pid-1
---ebpf-pid----373029----pid-373029
---ebpf-pid----2012----pid-1
---ebpf-pid----2012----pid-2012
---ebpf-pid----373029----pid-5476
---ebpf-pid----2012----pid-1
---ebpf-pid----373029----pid-1
---ebpf-pid----2012----pid-2012
---ebpf-pid----373029----pid-373029
---ebpf-pid----2012----pid-1
---ebpf-pid----373029----pid-5476
---ebpf-pid----2012----pid-2012
---ebpf-pid----373029----pid-1
---ebpf-pid----2012----pid-1
---ebpf-pid----373029----pid-373029
---ebpf-pid----373029----pid-373029
---ebpf-pid----373029----pid-5476
---ebpf-pid----373029----pid-5476
---ebpf-pid----373029----pid-1
---ebpf-pid----373029----pid-1
---ebpf-pid----373029----pid-373029
---ebpf-pid----373029----pid-373029
---ebpf-pid----2094----pid-1
---ebpf-pid----373029----pid-5476
---ebpf-pid----2094----pid-2094
---ebpf-pid----373029----pid-5476
---ebpf-pid----373029----pid-1
---ebpf-pid----2094----pid-1
---ebpf-pid----373029----pid-373029
---ebpf-pid----373029----pid-1
---ebpf-pid----2094----pid-2094
---ebpf-pid----373029----pid-373029
---ebpf-pid----2094----pid-1
---ebpf-pid----373029----pid-5476
---ebpf-pid----2094----pid-2094
---ebpf-pid----373029----pid-5476
---ebpf-pid----373029----pid-1
---ebpf-pid----2094----pid-1
---ebpf-pid----373029----pid-373029
---ebpf-pid----373029----pid-1
---ebpf-pid----2094----pid-2094
---ebpf-pid----2094----pid-1
---ebpf-pid----4716----pid-4716
---ebpf-pid----2094----pid-2094
---ebpf-pid----4716----pid-3323
---ebpf-pid----372714----pid-5476
---ebpf-pid----2094----pid-1
---ebpf-pid----4716----pid-1
---ebpf-pid----4716----pid-4716
---ebpf-pid----2094----pid-2094
---ebpf-pid----372714----pid-1
---ebpf-pid----4716----pid-3323
---ebpf-pid----372714----pid-372714
---ebpf-pid----2094----pid-1
---ebpf-pid----2094----pid-2094
---ebpf-pid----4716----pid-1
---ebpf-pid----372714----pid-5476
---ebpf-pid----4716----pid-4716
---ebpf-pid----2094----pid-1
---ebpf-pid----4716----pid-3323
---ebpf-pid----372714----pid-1
---ebpf-pid----2094----pid-2094
---ebpf-pid----4716----pid-1
---ebpf-pid----2094----pid-1
---ebpf-pid----372714----pid-372714
---ebpf-pid----2012----pid-2012
---ebpf-pid----2094----pid-2094
---ebpf-pid----372714----pid-5476
---ebpf-pid----2012----pid-1
---ebpf-pid----2094----pid-1
---ebpf-pid----2012----pid-2012
---ebpf-pid----2094----pid-2094
---ebpf-pid----372714----pid-1
---ebpf-pid----2012----pid-1
---ebpf-pid----372714----pid-372714
---ebpf-pid----2012----pid-2012
---ebpf-pid----372714----pid-5476
---ebpf-pid----373029----pid-5476
---ebpf-pid----2094----pid-1
---ebpf-pid----373029----pid-1
---ebpf-pid----2094----pid-2094
---ebpf-pid----373029----pid-373029
---ebpf-pid----2094----pid-1
---ebpf-pid----373029----pid-5476
---ebpf-pid----2094----pid-2094
---ebpf-pid----373029----pid-1
---ebpf-pid----2094----pid-1
---ebpf-pid----373029----pid-373029
---ebpf-pid----2094----pid-2094
---ebpf-pid----2012----pid-1
---ebpf-pid----2094----pid-1
---ebpf-pid----2012----pid-2012
---ebpf-pid----372714----pid-1
---ebpf-pid----2094----pid-2094
---ebpf-pid----372714----pid-372714
---ebpf-pid----2012----pid-1
---ebpf-pid----2094----pid-1
---ebpf-pid----2012----pid-2012
---ebpf-pid----372714----pid-5476
---ebpf-pid----2094----pid-2094
---ebpf-pid----2012----pid-1
---ebpf-pid----2012----pid-2012
---ebpf-pid----372714----pid-1
---ebpf-pid----2094----pid-1
---ebpf-pid----372714----pid-372714
---ebpf-pid----2094----pid-2094
---ebpf-pid----2012----pid-1
---ebpf-pid----2012----pid-2012
---ebpf-pid----372714----pid-5476
---ebpf-pid----2094----pid-1
---ebpf-pid----2012----pid-1
---ebpf-pid----2094----pid-2094
---ebpf-pid----2012----pid-2012
---ebpf-pid----372714----pid-1
---ebpf-pid----372714----pid-372714
---ebpf-pid----2012----pid-1
---ebpf-pid----2094----pid-1
---ebpf-pid----2012----pid-2012
---ebpf-pid----2094----pid-2094
---ebpf-pid----372714----pid-5476
---ebpf-pid----2012----pid-1
---ebpf-pid----2012----pid-2012
---ebpf-pid----2094----pid-1
---ebpf-pid----372714----pid-1
---ebpf-pid----2094----pid-2094
---ebpf-pid----372714----pid-372714
---ebpf-pid----2012----pid-1
---ebpf-pid----2012----pid-2012
---ebpf-pid----2094----pid-1
---ebpf-pid----372714----pid-5476
---ebpf-pid----2094----pid-2094
---ebpf-pid----2012----pid-1
---ebpf-pid----2012----pid-2012
---ebpf-pid----372714----pid-1
---ebpf-pid----2094----pid-1
---ebpf-pid----372714----pid-372714
---ebpf-pid----372714----pid-5476
---ebpf-pid----372714----pid-1
---ebpf-pid----372714----pid-372714
---ebpf-pid----372714----pid-5476
---ebpf-pid----2012----pid-1
---ebpf-pid----373029----pid-5476
---ebpf-pid----2094----pid-2094
---ebpf-pid----2094----pid-1
---ebpf-pid----2094----pid-2094
---ebpf-pid----373029----pid-1
---ebpf-pid----2094----pid-1
---ebpf-pid----373029----pid-373029
---ebpf-pid----2094----pid-2094
---ebpf-pid----2094----pid-1
---ebpf-pid----2094----pid-2094
---ebpf-pid----2094----pid-1
---ebpf-pid----373029----pid-373029
---ebpf-pid----2012----pid-2012
---ebpf-pid----372714----pid-1
---ebpf-pid----372714----pid-372714
---ebpf-pid----2012----pid-1
---ebpf-pid----2012----pid-2012
---ebpf-pid----372714----pid-5476
---ebpf-pid----2012----pid-1
---ebpf-pid----373029----pid-5476
---ebpf-pid----372714----pid-1
---ebpf-pid----2012----pid-2012
---ebpf-pid----372714----pid-372714
---ebpf-pid----373029----pid-1
---ebpf-pid----2012----pid-1
---ebpf-pid----373029----pid-373029
---ebpf-pid----2012----pid-2012
---ebpf-pid----372714----pid-5476
---ebpf-pid----373029----pid-5476
---ebpf-pid----2012----pid-1
---ebpf-pid----372714----pid-1
---ebpf-pid----2012----pid-2012
---ebpf-pid----372714----pid-372714
---ebpf-pid----373029----pid-1
---ebpf-pid----373029----pid-373029
---ebpf-pid----2012----pid-1
---ebpf-pid----372714----pid-5476
---ebpf-pid----2012----pid-2012
---ebpf-pid----373029----pid-5476
---ebpf-pid----372714----pid-1
---ebpf-pid----372714----pid-372714
---ebpf-pid----2012----pid-1
---ebpf-pid----373029----pid-1
---ebpf-pid----2012----pid-2012
---ebpf-pid----373029----pid-373029
---ebpf-pid----372714----pid-5476
---ebpf-pid----2012----pid-1
---ebpf-pid----373029----pid-5476
---ebpf-pid----2012----pid-2012
---ebpf-pid----372714----pid-1
---ebpf-pid----372714----pid-372714
---ebpf-pid----373029----pid-1
---ebpf-pid----2012----pid-1
---ebpf-pid----373029----pid-373029
---ebpf-pid----2012----pid-2012
---ebpf-pid----372714----pid-5476
---ebpf-pid----373029----pid-5476
---ebpf-pid----2012----pid-1
---ebpf-pid----372714----pid-1
---ebpf-pid----2012----pid-2012
---ebpf-pid----372714----pid-372714
---ebpf-pid----373029----pid-1
---ebpf-pid----373029----pid-373029
---ebpf-pid----2012----pid-1
---ebpf-pid----372714----pid-5476
---ebpf-pid----2012----pid-2012
---ebpf-pid----373029----pid-5476
---ebpf-pid----372714----pid-1
---ebpf-pid----2012----pid-1
---ebpf-pid----373029----pid-1
---ebpf-pid----5705----pid-5705
---ebpf-pid----373029----pid-373029
---ebpf-pid----373029----pid-373029
---ebpf-pid----5705----pid-5476
---ebpf-pid----373029----pid-5476
---ebpf-pid----373029----pid-5476
---ebpf-pid----5705----pid-1
---ebpf-pid----373029----pid-1
---ebpf-pid----373029----pid-1
---ebpf-pid----5705----pid-5705
---ebpf-pid----373029----pid-373029
---ebpf-pid----373029----pid-373029
---ebpf-pid----5705----pid-5476
---ebpf-pid----373029----pid-5476
---ebpf-pid----373029----pid-5476
---ebpf-pid----5705----pid-1
---ebpf-pid----373029----pid-1
---ebpf-pid----373029----pid-1
---ebpf-pid----5705----pid-5705
---ebpf-pid----373029----pid-373029
---ebpf-pid----5705----pid-5476
---ebpf-pid----373029----pid-373029
---ebpf-pid----373029----pid-5476
---ebpf-pid----5705----pid-1
---ebpf-pid----373029----pid-5476
---ebpf-pid----373029----pid-1
---ebpf-pid----5705----pid-5705
---ebpf-pid----373029----pid-373029
---ebpf-pid----373029----pid-1
---ebpf-pid----5705----pid-5476
---ebpf-pid----373029----pid-373029
---ebpf-pid----373029----pid-5476
---ebpf-pid----373029----pid-5476
---ebpf-pid----373029----pid-1
---ebpf-pid----5705----pid-1
---ebpf-pid----373029----pid-373029
---ebpf-pid----5705----pid-5705
---ebpf-pid----373029----pid-1
---ebpf-pid----373029----pid-373029
---ebpf-pid----373029----pid-5476
---ebpf-pid----5705----pid-5476
---ebpf-pid----373029----pid-5476
---ebpf-pid----373029----pid-1
---ebpf-pid----5705----pid-1
---ebpf-pid----373029----pid-373029
---ebpf-pid----5705----pid-5705
---ebpf-pid----373029----pid-1
---ebpf-pid----373029----pid-373029
---ebpf-pid----373029----pid-5476
---ebpf-pid----5705----pid-5476
---ebpf-pid----373029----pid-1
---ebpf-pid----373029----pid-373029
---ebpf-pid----373029----pid-5476
---ebpf-pid----373029----pid-5476
---ebpf-pid----373029----pid-1
---ebpf-pid----373029----pid-373029
---ebpf-pid----373029----pid-5476
---ebpf-pid----373029----pid-1
---ebpf-pid----373029----pid-373029
---ebpf-pid----373029----pid-1
---ebpf-pid----373029----pid-373029
---ebpf-pid----373029----pid-5476
---ebpf-pid----373029----pid-5476
---ebpf-pid----373029----pid-1
---ebpf-pid----373029----pid-373029
---ebpf-pid----373029----pid-5476
---ebpf-pid----373029----pid-1
---ebpf-pid----373029----pid-373029
---ebpf-pid----373029----pid-5476
---ebpf-pid----373029----pid-1
---ebpf-pid----373029----pid-373029
---ebpf-pid----373029----pid-5476
---ebpf-pid----373029----pid-1
---ebpf-pid----373029----pid-373029
---ebpf-pid----373029----pid-5476
---ebpf-pid----373029----pid-1
---ebpf-pid----373029----pid-373029
---ebpf-pid----373029----pid-5476
---ebpf-pid----373029----pid-1
---ebpf-pid----373029----pid-373029
---ebpf-pid----373029----pid-5476
---ebpf-pid----373029----pid-1
---ebpf-pid----373029----pid-373029
---ebpf-pid----373029----pid-5476
---ebpf-pid----5705----pid-1
---ebpf-pid----373029----pid-1
---ebpf-pid----5707----pid-5707
---ebpf-pid----373029----pid-373029
---ebpf-pid----5707----pid-5476
---ebpf-pid----373029----pid-5476
---ebpf-pid----5707----pid-1
---ebpf-pid----5707----pid-5707
---ebpf-pid----373029----pid-1
---ebpf-pid----373029----pid-373029
---ebpf-pid----5707----pid-5476
---ebpf-pid----5707----pid-1
---ebpf-pid----373029----pid-5476
---ebpf-pid----2012----pid-2012
---ebpf-pid----373029----pid-1
---ebpf-pid----2012----pid-1
---ebpf-pid----373029----pid-373029
---ebpf-pid----2012----pid-2012
---ebpf-pid----373029----pid-5476
---ebpf-pid----2012----pid-1
---ebpf-pid----372881----pid-372881
---ebpf-pid----373029----pid-1
---ebpf-pid----372881----pid-1
---ebpf-pid----373029----pid-373029
---ebpf-pid----372881----pid-372881
---ebpf-pid----373029----pid-5476
---ebpf-pid----372881----pid-1
---ebpf-pid----372881----pid-372881
---ebpf-pid----373029----pid-1
---ebpf-pid----372881----pid-1
---ebpf-pid----373029----pid-373029
---ebpf-pid----372881----pid-372881
---ebpf-pid----373029----pid-5476
---ebpf-pid----372881----pid-1
---ebpf-pid----372881----pid-372881
---ebpf-pid----373029----pid-1
---ebpf-pid----372881----pid-1
---ebpf-pid----373029----pid-373029
---ebpf-pid----372881----pid-372881
---ebpf-pid----373029----pid-5476
---ebpf-pid----372881----pid-1
---ebpf-pid----372881----pid-372881
---ebpf-pid----373029----pid-1
---ebpf-pid----373029----pid-373029
---ebpf-pid----372881----pid-1
---ebpf-pid----372881----pid-372881
---ebpf-pid----373029----pid-5476
---ebpf-pid----372881----pid-1
---ebpf-pid----372881----pid-372881
---ebpf-pid----373029----pid-1
---ebpf-pid----373029----pid-373029
---ebpf-pid----372881----pid-1
---ebpf-pid----372881----pid-372881
---ebpf-pid----373029----pid-5476
---ebpf-pid----372881----pid-1
---ebpf-pid----372881----pid-372881
---ebpf-pid----373029----pid-1
---ebpf-pid----373029----pid-373029
---ebpf-pid----372881----pid-1
---ebpf-pid----372881----pid-372881
---ebpf-pid----373029----pid-5476
---ebpf-pid----372881----pid-1
---ebpf-pid----372881----pid-372881
---ebpf-pid----372881----pid-1
---ebpf-pid----373029----pid-5476
---ebpf-pid----373029----pid-1
---ebpf-pid----373029----pid-373029
---ebpf-pid----373029----pid-5476
---ebpf-pid----373029----pid-1
---ebpf-pid----373029----pid-373029
---ebpf-pid----373029----pid-5476
---ebpf-pid----373029----pid-1
---ebpf-pid----373029----pid-373029
---ebpf-pid----373029----pid-5476
---ebpf-pid----373029----pid-1
---ebpf-pid----373029----pid-373029
---ebpf-pid----372881----pid-372881
---ebpf-pid----373029----pid-5476
---ebpf-pid----373029----pid-1
---ebpf-pid----373029----pid-373029
---ebpf-pid----372881----pid-1
---ebpf-pid----372881----pid-372881
---ebpf-pid----373029----pid-5476
---ebpf-pid----372881----pid-1
---ebpf-pid----372881----pid-372881
---ebpf-pid----373029----pid-1
---ebpf-pid----372881----pid-1
---ebpf-pid----373029----pid-373029
---ebpf-pid----372881----pid-372881
---ebpf-pid----372881----pid-1
---ebpf-pid----373029----pid-5476
---ebpf-pid----372881----pid-372881
---ebpf-pid----373029----pid-1
---ebpf-pid----373029----pid-373029
---ebpf-pid----372881----pid-1
---ebpf-pid----372881----pid-372881
---ebpf-pid----373029----pid-5476
---ebpf-pid----372881----pid-1
---ebpf-pid----372881----pid-372881
---ebpf-pid----373029----pid-1
---ebpf-pid----372881----pid-1
---ebpf-pid----373029----pid-373029
---ebpf-pid----372881----pid-372881
---ebpf-pid----373029----pid-5476
---ebpf-pid----372881----pid-1
---ebpf-pid----372881----pid-372881
---ebpf-pid----373029----pid-1
---ebpf-pid----373029----pid-373029
---ebpf-pid----372881----pid-1
---ebpf-pid----372881----pid-372881
---ebpf-pid----373029----pid-5476
---ebpf-pid----372881----pid-1
---ebpf-pid----372881----pid-372881
---ebpf-pid----373029----pid-1
---ebpf-pid----373029----pid-373029
---ebpf-pid----372881----pid-1
---ebpf-pid----372881----pid-372881
---ebpf-pid----372881----pid-1
---ebpf-pid----372881----pid-372881
---ebpf-pid----372881----pid-1
---ebpf-pid----373029----pid-1
---ebpf-pid----373029----pid-373029
---ebpf-pid----373029----pid-5476
---ebpf-pid----373029----pid-1
---ebpf-pid----373029----pid-373029
---ebpf-pid----373029----pid-5476
---ebpf-pid----373029----pid-1
---ebpf-pid----373029----pid-373029
---ebpf-pid----373029----pid-5476
---ebpf-pid----373029----pid-1
---ebpf-pid----373029----pid-373029
---ebpf-pid----373029----pid-5476
---ebpf-pid----373029----pid-1
---ebpf-pid----373029----pid-373029
---ebpf-pid----373029----pid-1
---ebpf-pid----373029----pid-373029
---ebpf-pid----373029----pid-5476
---ebpf-pid----373029----pid-1
---ebpf-pid----373029----pid-373029
---ebpf-pid----373029----pid-5476
---ebpf-pid----373029----pid-1
---ebpf-pid----373029----pid-373029
---ebpf-pid----373029----pid-5476
---ebpf-pid----373029----pid-1
---ebpf-pid----373029----pid-373029
---ebpf-pid----373029----pid-5476
---ebpf-pid----373029----pid-5476
---ebpf-pid----373029----pid-1
---ebpf-pid----373029----pid-373029
---ebpf-pid----373029----pid-5476
---ebpf-pid----373029----pid-1
---ebpf-pid----373029----pid-373029
---ebpf-pid----373029----pid-5476
---ebpf-pid----372881----pid-372881
---ebpf-pid----372881----pid-1
---ebpf-pid----373029----pid-5476
---ebpf-pid----373029----pid-1
---ebpf-pid----373029----pid-373029
---ebpf-pid----373029----pid-5476
---ebpf-pid----373029----pid-1
---ebpf-pid----373029----pid-373029
---ebpf-pid----373029----pid-5476
---ebpf-pid----373029----pid-1
---ebpf-pid----373029----pid-373029
---ebpf-pid----373029----pid-5476
---ebpf-pid----373029----pid-1
---ebpf-pid----373029----pid-373029
---ebpf-pid----373029----pid-5476
---ebpf-pid----373029----pid-1
---ebpf-pid----373029----pid-1
---ebpf-pid----373029----pid-373029
---ebpf-pid----373029----pid-373029
---ebpf-pid----373029----pid-5476
---ebpf-pid----373029----pid-5476
---ebpf-pid----373029----pid-1
---ebpf-pid----373029----pid-373029
---ebpf-pid----373029----pid-1
---ebpf-pid----373029----pid-373029
---ebpf-pid----373029----pid-5476
---ebpf-pid----373029----pid-1
---ebpf-pid----373029----pid-5476
---ebpf-pid----373029----pid-373029
---ebpf-pid----373029----pid-5476
---ebpf-pid----373029----pid-1
---ebpf-pid----373029----pid-373029
---ebpf-pid----373029----pid-1
---ebpf-pid----373029----pid-373029
---ebpf-pid----373029----pid-5476
---ebpf-pid----373029----pid-5476
---ebpf-pid----373029----pid-1
---ebpf-pid----373029----pid-373029
---ebpf-pid----373029----pid-1
---ebpf-pid----373029----pid-373029
---ebpf-pid----373029----pid-5476
---ebpf-pid----373029----pid-5476
---ebpf-pid----373029----pid-1
---ebpf-pid----373029----pid-1
---ebpf-pid----373029----pid-373029
---ebpf-pid----373029----pid-373029
---ebpf-pid----373029----pid-5476
---ebpf-pid----373029----pid-5476
---ebpf-pid----373029----pid-1
---ebpf-pid----373029----pid-1
---ebpf-pid----373029----pid-373029
---ebpf-pid----373029----pid-373029
---ebpf-pid----373029----pid-5476
---ebpf-pid----373029----pid-5476
---ebpf-pid----373029----pid-1
---ebpf-pid----373029----pid-373029
---ebpf-pid----373029----pid-5476
---ebpf-pid----373029----pid-1
---ebpf-pid----373029----pid-373029
---ebpf-pid----373029----pid-5476
---ebpf-pid----373029----pid-1
---ebpf-pid----373029----pid-373029
---ebpf-pid----373029----pid-1
---ebpf-pid----373029----pid-373029
---ebpf-pid----373029----pid-5476
---ebpf-pid----373029----pid-5476
---ebpf-pid----373029----pid-1
---ebpf-pid----373029----pid-1
---ebpf-pid----373029----pid-373029
---ebpf-pid----373029----pid-373029
---ebpf-pid----373029----pid-5476
---ebpf-pid----373029----pid-5476
---ebpf-pid----373029----pid-1
---ebpf-pid----373029----pid-373029
---ebpf-pid----373029----pid-5476
---ebpf-pid----372881----pid-372881
---ebpf-pid----372881----pid-1
---ebpf-pid----372881----pid-372881
---ebpf-pid----372881----pid-1
---ebpf-pid----372881----pid-372881
---ebpf-pid----372881----pid-1
---ebpf-pid----372881----pid-372881
---ebpf-pid----372881----pid-1
---ebpf-pid----372881----pid-372881
---ebpf-pid----372881----pid-1
---ebpf-pid----372881----pid-372881
---ebpf-pid----372881----pid-1
---ebpf-pid----373029----pid-1
---ebpf-pid----373029----pid-373029
---ebpf-pid----373029----pid-5476
---ebpf-pid----373029----pid-1
---ebpf-pid----373029----pid-373029
---ebpf-pid----373029----pid-5476
---ebpf-pid----373029----pid-1
---ebpf-pid----373029----pid-373029
---ebpf-pid----373029----pid-5476
---ebpf-pid----373029----pid-1
---ebpf-pid----373029----pid-373029
---ebpf-pid----373029----pid-5476
---ebpf-pid----373029----pid-1
---ebpf-pid----373029----pid-373029
---ebpf-pid----373029----pid-5476
---ebpf-pid----373029----pid-1
---ebpf-pid----373029----pid-373029
---ebpf-pid----373029----pid-5476
---ebpf-pid----373029----pid-1
---ebpf-pid----373029----pid-373029
---ebpf-pid----373029----pid-5476
---ebpf-pid----373029----pid-1
---ebpf-pid----2089----pid-2089
---ebpf-pid----2089----pid-1
---ebpf-pid----2089----pid-2089
---ebpf-pid----2089----pid-1
---ebpf-pid----2089----pid-2089
---ebpf-pid----2089----pid-1
---ebpf-pid----2089----pid-2089
---ebpf-pid----2089----pid-1
---ebpf-pid----2089----pid-2089
---ebpf-pid----2089----pid-1
---ebpf-pid----2089----pid-2089
---ebpf-pid----2089----pid-1
---ebpf-pid----2089----pid-2089
---ebpf-pid----2089----pid-1
---ebpf-pid----2089----pid-2089
---ebpf-pid----2089----pid-1
---ebpf-pid----2089----pid-2089
---ebpf-pid----2089----pid-1
---ebpf-pid----2089----pid-2089
---ebpf-pid----2089----pid-1
---ebpf-pid----2089----pid-2089
---ebpf-pid----2089----pid-1
---ebpf-pid----2089----pid-2089
---ebpf-pid----2089----pid-1
---ebpf-pid----2089----pid-2089
---ebpf-pid----2089----pid-1
---ebpf-pid----2089----pid-2089
---ebpf-pid----2089----pid-1
---ebpf-pid----2089----pid-2089
---ebpf-pid----2089----pid-1
---ebpf-pid----2089----pid-2089
---ebpf-pid----2089----pid-1
---ebpf-pid----2089----pid-2089
---ebpf-pid----2089----pid-1
---ebpf-pid----373029----pid-1
---ebpf-pid----373029----pid-373029
---ebpf-pid----373029----pid-5476
---ebpf-pid----373029----pid-1
---ebpf-pid----4716----pid-4716
---ebpf-pid----4716----pid-3323
---ebpf-pid----4716----pid-1
---ebpf-pid----2094----pid-2094
---ebpf-pid----2094----pid-1
---ebpf-pid----2094----pid-2094
---ebpf-pid----2094----pid-1
---ebpf-pid----2094----pid-2094
---ebpf-pid----2094----pid-1
---ebpf-pid----2094----pid-2094
---ebpf-pid----2094----pid-1
---ebpf-pid----2094----pid-2094
---ebpf-pid----2094----pid-1
---ebpf-pid----2094----pid-2094
---ebpf-pid----2094----pid-1
---ebpf-pid----4716----pid-4716
---ebpf-pid----4716----pid-3323
---ebpf-pid----4716----pid-1
---ebpf-pid----4716----pid-4716
---ebpf-pid----4716----pid-3323
---ebpf-pid----4716----pid-1
---ebpf-pid----2094----pid-2094
---ebpf-pid----2094----pid-1
---ebpf-pid----4716----pid-4716
---ebpf-pid----4716----pid-3323
---ebpf-pid----4716----pid-1
---ebpf-pid----372881----pid-372881
---ebpf-pid----372881----pid-1
---ebpf-pid----372881----pid-372881
---ebpf-pid----372881----pid-1
---ebpf-pid----2094----pid-2094
---ebpf-pid----2094----pid-1
---ebpf-pid----2094----pid-2094
---ebpf-pid----2094----pid-1
---ebpf-pid----2094----pid-2094
---ebpf-pid----2094----pid-1
---ebpf-pid----2094----pid-2094
---ebpf-pid----2094----pid-1
---ebpf-pid----2094----pid-2094
---ebpf-pid----2094----pid-1
---ebpf-pid----2094----pid-2094
---ebpf-pid----2094----pid-1
---ebpf-pid----2094----pid-2094
---ebpf-pid----2094----pid-1
---ebpf-pid----4716----pid-4716
---ebpf-pid----4716----pid-3323
---ebpf-pid----4716----pid-1
---ebpf-pid----4716----pid-4716
---ebpf-pid----4716----pid-3323
---ebpf-pid----4716----pid-1
---ebpf-pid----2094----pid-2094
---ebpf-pid----2094----pid-1
---ebpf-pid----4716----pid-4716
---ebpf-pid----4716----pid-3323
---ebpf-pid----4716----pid-1
---ebpf-pid----4716----pid-4716
---ebpf-pid----4716----pid-3323
---ebpf-pid----4716----pid-1
---ebpf-pid----2094----pid-2094
---ebpf-pid----2094----pid-1
---ebpf-pid----5707----pid-5707
---ebpf-pid----5707----pid-5476
---ebpf-pid----5707----pid-1
---ebpf-pid----5707----pid-5707
---ebpf-pid----5707----pid-5476
---ebpf-pid----5707----pid-1
---ebpf-pid----2094----pid-2094
---ebpf-pid----2094----pid-1
---ebpf-pid----5707----pid-5707
---ebpf-pid----5707----pid-5476
---ebpf-pid----5707----pid-1
---ebpf-pid----5707----pid-5707
---ebpf-pid----5707----pid-5476
---ebpf-pid----5707----pid-1
---ebpf-pid----5707----pid-5707
---ebpf-pid----5707----pid-5476
---ebpf-pid----373029----pid-1
---ebpf-pid----373029----pid-373029
---ebpf-pid----373029----pid-5476
---ebpf-pid----373029----pid-1
---ebpf-pid----373029----pid-373029
---ebpf-pid----373029----pid-5476
---ebpf-pid----373029----pid-1
---ebpf-pid----373029----pid-373029
---ebpf-pid----373029----pid-5476
---ebpf-pid----373029----pid-1
---ebpf-pid----373029----pid-373029
---ebpf-pid----373029----pid-5476
---ebpf-pid----373029----pid-1
---ebpf-pid----373029----pid-373029
---ebpf-pid----373029----pid-5476
---ebpf-pid----373029----pid-1
---ebpf-pid----373029----pid-373029
---ebpf-pid----373029----pid-5476
---ebpf-pid----373029----pid-1
---ebpf-pid----373029----pid-373029
---ebpf-pid----373029----pid-5476
---ebpf-pid----373029----pid-1
---ebpf-pid----2089----pid-2089
---ebpf-pid----2089----pid-1
---ebpf-pid----2089----pid-2089
---ebpf-pid----2089----pid-1
---ebpf-pid----2089----pid-2089
---ebpf-pid----2089----pid-1
---ebpf-pid----2089----pid-2089
---ebpf-pid----2089----pid-1
---ebpf-pid----2089----pid-2089
---ebpf-pid----372881----pid-372881
---ebpf-pid----372881----pid-1
---ebpf-pid----372881----pid-372881
---ebpf-pid----372881----pid-1
---ebpf-pid----372881----pid-372881
---ebpf-pid----372881----pid-1
---ebpf-pid----372881----pid-372881
---ebpf-pid----372881----pid-1
---ebpf-pid----5707----pid-1
---ebpf-pid----2094----pid-2094
---ebpf-pid----2094----pid-1
---ebpf-pid----2094----pid-2094
---ebpf-pid----2094----pid-1
---ebpf-pid----5707----pid-5707
---ebpf-pid----5707----pid-5476
---ebpf-pid----5707----pid-1
---ebpf-pid----5707----pid-5707
---ebpf-pid----5707----pid-5476
---ebpf-pid----372881----pid-372881
---ebpf-pid----5707----pid-1
---ebpf-pid----2094----pid-2094
---ebpf-pid----2094----pid-1
---ebpf-pid----5707----pid-5707
---ebpf-pid----5707----pid-5476
---ebpf-pid----5707----pid-1
---ebpf-pid----5707----pid-5707
---ebpf-pid----5707----pid-5476
---ebpf-pid----5707----pid-1
---ebpf-pid----5707----pid-5707
---ebpf-pid----372881----pid-1
---ebpf-pid----5707----pid-5476
---ebpf-pid----372881----pid-372881
---ebpf-pid----5707----pid-1
---ebpf-pid----2094----pid-2094
---ebpf-pid----372881----pid-1
---ebpf-pid----372881----pid-372881
---ebpf-pid----2094----pid-1
---ebpf-pid----2094----pid-2094
---ebpf-pid----2094----pid-1
---ebpf-pid----372881----pid-1
---ebpf-pid----2094----pid-2094
---ebpf-pid----372881----pid-372881
---ebpf-pid----2094----pid-1
---ebpf-pid----5707----pid-5707
---ebpf-pid----372881----pid-1
---ebpf-pid----372881----pid-372881
---ebpf-pid----5707----pid-5476
---ebpf-pid----372881----pid-1
---ebpf-pid----372881----pid-372881
---ebpf-pid----5707----pid-1
---ebpf-pid----5707----pid-5707
---ebpf-pid----372881----pid-1
---ebpf-pid----5707----pid-5476
---ebpf-pid----372881----pid-372881
---ebpf-pid----5707----pid-1
---ebpf-pid----5707----pid-5707
---ebpf-pid----372881----pid-1
---ebpf-pid----372881----pid-372881
---ebpf-pid----5707----pid-5476
---ebpf-pid----372881----pid-1
---ebpf-pid----5707----pid-1
---ebpf-pid----372881----pid-372881
---ebpf-pid----372881----pid-1
---ebpf-pid----372881----pid-372881
---ebpf-pid----372881----pid-1
---ebpf-pid----372881----pid-372881
---ebpf-pid----372881----pid-1
---ebpf-pid----372881----pid-372881
---ebpf-pid----372881----pid-1
---ebpf-pid----372881----pid-372881
---ebpf-pid----372881----pid-1
---ebpf-pid----372881----pid-372881
---ebpf-pid----5707----pid-5707
---ebpf-pid----372881----pid-1
---ebpf-pid----372881----pid-372881
---ebpf-pid----5707----pid-5476
---ebpf-pid----372881----pid-1
---ebpf-pid----5707----pid-1
---ebpf-pid----2094----pid-2094
---ebpf-pid----2094----pid-1
---ebpf-pid----2089----pid-1
---ebpf-pid----2089----pid-2089
---ebpf-pid----2089----pid-1
---ebpf-pid----2089----pid-2089
---ebpf-pid----2089----pid-1
---ebpf-pid----2089----pid-2089
---ebpf-pid----2089----pid-1
---ebpf-pid----2089----pid-2089
---ebpf-pid----373029----pid-373029
---ebpf-pid----373029----pid-5476
---ebpf-pid----373029----pid-1
---ebpf-pid----2094----pid-2094
---ebpf-pid----2089----pid-1
---ebpf-pid----2089----pid-2089
---ebpf-pid----2089----pid-1
---ebpf-pid----2089----pid-2089
---ebpf-pid----2089----pid-1
---ebpf-pid----2089----pid-2089
---ebpf-pid----2094----pid-1
---ebpf-pid----373029----pid-373029
---ebpf-pid----373029----pid-5476
---ebpf-pid----2089----pid-1
---ebpf-pid----2089----pid-2089
---ebpf-pid----2089----pid-1
---ebpf-pid----2089----pid-2089
---ebpf-pid----2089----pid-1
---ebpf-pid----2089----pid-2089
---ebpf-pid----2089----pid-1
---ebpf-pid----2089----pid-2089
---ebpf-pid----2089----pid-1
---ebpf-pid----2094----pid-2094
---ebpf-pid----373029----pid-1
---ebpf-pid----2089----pid-2089
---ebpf-pid----2094----pid-1
---ebpf-pid----5707----pid-5707
---ebpf-pid----5707----pid-5476
---ebpf-pid----2089----pid-1
---ebpf-pid----5707----pid-1
---ebpf-pid----2089----pid-2089
---ebpf-pid----5707----pid-5707
---ebpf-pid----2089----pid-1
---ebpf-pid----5707----pid-5476
---ebpf-pid----2089----pid-2089
---ebpf-pid----372881----pid-372881
---ebpf-pid----2089----pid-1
---ebpf-pid----5707----pid-1
---ebpf-pid----2089----pid-2089
---ebpf-pid----5707----pid-5707
---ebpf-pid----372881----pid-1
---ebpf-pid----2089----pid-1
---ebpf-pid----372881----pid-372881
---ebpf-pid----2089----pid-2089
---ebpf-pid----5707----pid-5476
---ebpf-pid----372881----pid-1
---ebpf-pid----2089----pid-1
---ebpf-pid----5707----pid-1
---ebpf-pid----372881----pid-372881
---ebpf-pid----2089----pid-2089
---ebpf-pid----4716----pid-4716
---ebpf-pid----2089----pid-1
---ebpf-pid----372881----pid-1
---ebpf-pid----2089----pid-2089
---ebpf-pid----372881----pid-372881
---ebpf-pid----4716----pid-3323
---ebpf-pid----2089----pid-1
---ebpf-pid----372881----pid-1
---ebpf-pid----2089----pid-2089
---ebpf-pid----4716----pid-1
---ebpf-pid----372881----pid-372881
---ebpf-pid----4716----pid-4716
---ebpf-pid----2089----pid-1
---ebpf-pid----372881----pid-1
---ebpf-pid----2089----pid-2089
---ebpf-pid----4716----pid-3323
---ebpf-pid----372881----pid-372881
---ebpf-pid----4716----pid-1
---ebpf-pid----372881----pid-1
---ebpf-pid----4716----pid-4716
---ebpf-pid----372881----pid-372881
---ebpf-pid----4716----pid-3323
---ebpf-pid----372881----pid-1
---ebpf-pid----372881----pid-372881
---ebpf-pid----4716----pid-1
---ebpf-pid----4716----pid-4716
---ebpf-pid----2089----pid-1
---ebpf-pid----372881----pid-1
---ebpf-pid----2089----pid-2089
---ebpf-pid----372881----pid-372881
---ebpf-pid----4716----pid-3323
---ebpf-pid----2089----pid-1
---ebpf-pid----372881----pid-1
---ebpf-pid----2089----pid-2089
---ebpf-pid----4716----pid-1
---ebpf-pid----372881----pid-372881
---ebpf-pid----4716----pid-4716
---ebpf-pid----2089----pid-1
---ebpf-pid----372881----pid-1
---ebpf-pid----2089----pid-2089
---ebpf-pid----4716----pid-3323
---ebpf-pid----372881----pid-372881
---ebpf-pid----2089----pid-1
---ebpf-pid----2089----pid-2089
---ebpf-pid----4716----pid-1
---ebpf-pid----372881----pid-1
---ebpf-pid----4716----pid-4716
---ebpf-pid----372881----pid-372881
---ebpf-pid----2089----pid-1
---ebpf-pid----2089----pid-2089
---ebpf-pid----4716----pid-3323
---ebpf-pid----372881----pid-1
---ebpf-pid----372881----pid-372881
---ebpf-pid----2089----pid-1
---ebpf-pid----2089----pid-2089
---ebpf-pid----4716----pid-1
---ebpf-pid----372881----pid-1
---ebpf-pid----4716----pid-4716
---ebpf-pid----372881----pid-372881
---ebpf-pid----2089----pid-1
---ebpf-pid----2089----pid-2089
---ebpf-pid----4716----pid-3323
---ebpf-pid----372881----pid-1
---ebpf-pid----373029----pid-373029
---ebpf-pid----372881----pid-372881
---ebpf-pid----2089----pid-1
---ebpf-pid----4716----pid-1
---ebpf-pid----2089----pid-2089
---ebpf-pid----4716----pid-4716
---ebpf-pid----372881----pid-1
---ebpf-pid----373029----pid-5476
---ebpf-pid----372881----pid-372881
---ebpf-pid----2089----pid-1
---ebpf-pid----4716----pid-3323
---ebpf-pid----2089----pid-2089
---ebpf-pid----373029----pid-1
---ebpf-pid----372881----pid-1
---ebpf-pid----373029----pid-373029
---ebpf-pid----4716----pid-1
---ebpf-pid----372881----pid-372881
---ebpf-pid----2089----pid-1
---ebpf-pid----448782----pid-448782
---ebpf-pid----2089----pid-2089
---ebpf-pid----373029----pid-5476
---ebpf-pid----2089----pid-1
---ebpf-pid----2089----pid-2089
---ebpf-pid----448782----pid-448520
---ebpf-pid----2089----pid-1
---ebpf-pid----448782----pid-1
---ebpf-pid----2089----pid-2089
---ebpf-pid----448782----pid-448782
---ebpf-pid----2089----pid-1
---ebpf-pid----448782----pid-448520
---ebpf-pid----2089----pid-2089
---ebpf-pid----448782----pid-1
---ebpf-pid----2089----pid-1
---ebpf-pid----372881----pid-1
---ebpf-pid----4716----pid-4716
---ebpf-pid----2089----pid-2089
---ebpf-pid----372881----pid-372881
---ebpf-pid----4716----pid-3323
---ebpf-pid----2089----pid-1
---ebpf-pid----2089----pid-2089
---ebpf-pid----372881----pid-1
---ebpf-pid----4716----pid-1
---ebpf-pid----4716----pid-4716
---ebpf-pid----372881----pid-372881
---ebpf-pid----2089----pid-1
---ebpf-pid----2089----pid-2089
---ebpf-pid----4716----pid-3323
---ebpf-pid----372881----pid-1
---ebpf-pid----2089----pid-1
---ebpf-pid----2089----pid-2089
---ebpf-pid----4716----pid-1
---ebpf-pid----372881----pid-372881
---ebpf-pid----4716----pid-4716
---ebpf-pid----2089----pid-1
---ebpf-pid----372881----pid-1
---ebpf-pid----372881----pid-372881
---ebpf-pid----372881----pid-1
---ebpf-pid----372881----pid-372881
---ebpf-pid----372881----pid-1
---ebpf-pid----372881----pid-372881
---ebpf-pid----372881----pid-1
---ebpf-pid----372881----pid-372881
---ebpf-pid----372881----pid-1
---ebpf-pid----372881----pid-372881
---ebpf-pid----372881----pid-1
---ebpf-pid----372881----pid-372881
---ebpf-pid----372881----pid-1
---ebpf-pid----372881----pid-372881
---ebpf-pid----372881----pid-1
---ebpf-pid----372881----pid-372881
---ebpf-pid----373029----pid-1
---ebpf-pid----372881----pid-1
---ebpf-pid----373029----pid-373029
---ebpf-pid----372881----pid-372881
---ebpf-pid----373029----pid-5476
---ebpf-pid----372881----pid-1
---ebpf-pid----372881----pid-372881
---ebpf-pid----373029----pid-1
---ebpf-pid----373029----pid-373029
---ebpf-pid----372881----pid-1
---ebpf-pid----372881----pid-372881
---ebpf-pid----373029----pid-5476
---ebpf-pid----373029----pid-1
---ebpf-pid----372881----pid-1
---ebpf-pid----373029----pid-373029
---ebpf-pid----372881----pid-372881
---ebpf-pid----372881----pid-1
---ebpf-pid----372881----pid-372881
---ebpf-pid----372881----pid-1
---ebpf-pid----5707----pid-5707
---ebpf-pid----5707----pid-5476
---ebpf-pid----5707----pid-1
---ebpf-pid----372714----pid-372714
---ebpf-pid----372714----pid-5476
---ebpf-pid----372714----pid-1
---ebpf-pid----372714----pid-372714
---ebpf-pid----372714----pid-5476
---ebpf-pid----372714----pid-1
---ebpf-pid----5707----pid-5707
---ebpf-pid----5707----pid-5476
---ebpf-pid----5707----pid-1
---ebpf-pid----372714----pid-372714
---ebpf-pid----373029----pid-5476
---ebpf-pid----373029----pid-1
---ebpf-pid----373029----pid-373029
---ebpf-pid----373029----pid-5476
---ebpf-pid----373029----pid-1
---ebpf-pid----373029----pid-373029
---ebpf-pid----373029----pid-5476
---ebpf-pid----373029----pid-1
---ebpf-pid----2089----pid-2089
---ebpf-pid----373029----pid-373029
---ebpf-pid----373029----pid-5476
---ebpf-pid----2089----pid-1
---ebpf-pid----2089----pid-2089
---ebpf-pid----373029----pid-1
---ebpf-pid----373029----pid-373029
---ebpf-pid----373029----pid-5476
---ebpf-pid----2089----pid-1
---ebpf-pid----2089----pid-2089
---ebpf-pid----373029----pid-1
---ebpf-pid----2089----pid-1
---ebpf-pid----373029----pid-373029
---ebpf-pid----2089----pid-2089
---ebpf-pid----373029----pid-5476
---ebpf-pid----2089----pid-1
---ebpf-pid----2089----pid-2089
---ebpf-pid----373029----pid-1
---ebpf-pid----373029----pid-373029
---ebpf-pid----2089----pid-1
---ebpf-pid----2089----pid-2089
---ebpf-pid----373029----pid-5476
---ebpf-pid----2089----pid-1
---ebpf-pid----373029----pid-1
---ebpf-pid----2089----pid-2089
---ebpf-pid----373029----pid-373029
---ebpf-pid----2089----pid-1
---ebpf-pid----373029----pid-5476
---ebpf-pid----2089----pid-2089
---ebpf-pid----373029----pid-1
---ebpf-pid----373029----pid-373029
---ebpf-pid----2089----pid-1
---ebpf-pid----2089----pid-2089
---ebpf-pid----373029----pid-5476
---ebpf-pid----2089----pid-1
---ebpf-pid----373029----pid-1
---ebpf-pid----373029----pid-373029
---ebpf-pid----373029----pid-5476
---ebpf-pid----373029----pid-1
---ebpf-pid----373029----pid-373029
---ebpf-pid----373029----pid-5476
---ebpf-pid----373029----pid-1
---ebpf-pid----373029----pid-373029
---ebpf-pid----373029----pid-5476
---ebpf-pid----4716----pid-3323
---ebpf-pid----373029----pid-1
---ebpf-pid----373029----pid-373029
---ebpf-pid----373029----pid-5476
---ebpf-pid----4716----pid-1
---ebpf-pid----4716----pid-4716
---ebpf-pid----373029----pid-1
---ebpf-pid----373029----pid-373029
---ebpf-pid----4716----pid-3323
---ebpf-pid----373029----pid-5476
---ebpf-pid----4716----pid-1
---ebpf-pid----4716----pid-4716
---ebpf-pid----373029----pid-1
---ebpf-pid----4716----pid-3323
---ebpf-pid----373029----pid-373029
---ebpf-pid----4716----pid-1
---ebpf-pid----373029----pid-5476
---ebpf-pid----4716----pid-4716
---ebpf-pid----373029----pid-1
---ebpf-pid----373029----pid-373029
---ebpf-pid----4716----pid-3323
---ebpf-pid----373029----pid-5476
---ebpf-pid----4716----pid-1
---ebpf-pid----4716----pid-4716
---ebpf-pid----373029----pid-1
---ebpf-pid----4716----pid-3323
---ebpf-pid----373029----pid-373029
---ebpf-pid----4716----pid-1
---ebpf-pid----373029----pid-5476
---ebpf-pid----4716----pid-4716
---ebpf-pid----373029----pid-1
---ebpf-pid----2094----pid-2094
---ebpf-pid----4716----pid-3323
---ebpf-pid----4716----pid-1
---ebpf-pid----2094----pid-1
---ebpf-pid----448783----pid-448783
---ebpf-pid----2094----pid-2094
---ebpf-pid----372714----pid-5476
---ebpf-pid----2094----pid-1
---ebpf-pid----2094----pid-2094
---ebpf-pid----2094----pid-1
---ebpf-pid----2094----pid-2094
---ebpf-pid----2094----pid-1
---ebpf-pid----2094----pid-2094
---ebpf-pid----2094----pid-1
---ebpf-pid----2094----pid-2094
---ebpf-pid----2094----pid-1
---ebpf-pid----2094----pid-2094
---ebpf-pid----2094----pid-1
---ebpf-pid----2094----pid-2094
---ebpf-pid----2094----pid-1
---ebpf-pid----2094----pid-2094
---ebpf-pid----2094----pid-1
---ebpf-pid----2094----pid-2094
---ebpf-pid----2094----pid-1
---ebpf-pid----2094----pid-2094
---ebpf-pid----2094----pid-1
---ebpf-pid----2094----pid-2094
---ebpf-pid----2094----pid-1
---ebpf-pid----2094----pid-2094
---ebpf-pid----372714----pid-1
---ebpf-pid----2094----pid-1
---ebpf-pid----372714----pid-372714
---ebpf-pid----2094----pid-2094
---ebpf-pid----372714----pid-5476
---ebpf-pid----2094----pid-1
---ebpf-pid----2094----pid-2094
---ebpf-pid----372714----pid-1
---ebpf-pid----2094----pid-1
---ebpf-pid----2094----pid-2094
---ebpf-pid----5707----pid-5707
---ebpf-pid----2094----pid-1
---ebpf-pid----5707----pid-5476
---ebpf-pid----2094----pid-2094
---ebpf-pid----5707----pid-1
---ebpf-pid----2094----pid-1
---ebpf-pid----5707----pid-5707
---ebpf-pid----2094----pid-2094
---ebpf-pid----2089----pid-2089
---ebpf-pid----5707----pid-5476
---ebpf-pid----2089----pid-1
---ebpf-pid----2094----pid-1
---ebpf-pid----2089----pid-2089
---ebpf-pid----5707----pid-1
---ebpf-pid----2094----pid-2094
---ebpf-pid----5707----pid-5707
---ebpf-pid----2089----pid-1
---ebpf-pid----2094----pid-1
---ebpf-pid----2089----pid-2089
---ebpf-pid----5707----pid-5476
---ebpf-pid----2094----pid-2094
---ebpf-pid----448783----pid-448520
---ebpf-pid----2089----pid-1
---ebpf-pid----5707----pid-1
---ebpf-pid----372714----pid-372714
---ebpf-pid----2089----pid-2089
---ebpf-pid----448783----pid-1
---ebpf-pid----448783----pid-448783
---ebpf-pid----372714----pid-5476
---ebpf-pid----2089----pid-1
---ebpf-pid----2089----pid-2089
---ebpf-pid----448783----pid-448520
---ebpf-pid----2094----pid-1
---ebpf-pid----372714----pid-1
---ebpf-pid----2094----pid-2094
---ebpf-pid----372714----pid-372714
---ebpf-pid----2089----pid-1
---ebpf-pid----448783----pid-1
---ebpf-pid----2089----pid-2089
---ebpf-pid----448783----pid-448783
---ebpf-pid----2094----pid-1
---ebpf-pid----372714----pid-5476
---ebpf-pid----2094----pid-2094
---ebpf-pid----2089----pid-1
---ebpf-pid----448783----pid-448520
---ebpf-pid----2089----pid-2089
---ebpf-pid----372714----pid-1
---ebpf-pid----2094----pid-1
---ebpf-pid----372714----pid-372714
---ebpf-pid----448783----pid-1
---ebpf-pid----2094----pid-2094
---ebpf-pid----2089----pid-1
---ebpf-pid----448785----pid-448785
---ebpf-pid----2089----pid-2089
---ebpf-pid----372714----pid-5476
---ebpf-pid----2094----pid-1
---ebpf-pid----448785----pid-448520
---ebpf-pid----2094----pid-2094
---ebpf-pid----2089----pid-1
---ebpf-pid----372714----pid-1
---ebpf-pid----2089----pid-2089
---ebpf-pid----372714----pid-372714
---ebpf-pid----448785----pid-1
---ebpf-pid----2094----pid-1
---ebpf-pid----448785----pid-448785
---ebpf-pid----2094----pid-2094
---ebpf-pid----2089----pid-1
---ebpf-pid----372714----pid-5476
---ebpf-pid----2089----pid-2089
---ebpf-pid----448785----pid-448520
---ebpf-pid----2094----pid-1
---ebpf-pid----372714----pid-1
---ebpf-pid----2094----pid-2094
---ebpf-pid----2089----pid-1
---ebpf-pid----372714----pid-372714
---ebpf-pid----448785----pid-1
---ebpf-pid----2089----pid-2089
---ebpf-pid----448785----pid-448785
---ebpf-pid----372714----pid-5476
---ebpf-pid----2094----pid-1
---ebpf-pid----2089----pid-1
---ebpf-pid----448785----pid-448520
---ebpf-pid----2094----pid-2094
---ebpf-pid----2089----pid-2089
---ebpf-pid----372714----pid-1
---ebpf-pid----6211----pid-6211
---ebpf-pid----448785----pid-1
---ebpf-pid----2094----pid-1
---ebpf-pid----2089----pid-1
---ebpf-pid----448785----pid-448785
---ebpf-pid----2094----pid-2094
---ebpf-pid----2089----pid-2089
---ebpf-pid----6211----pid-5550
---ebpf-pid----448785----pid-448520
---ebpf-pid----2094----pid-1
---ebpf-pid----2089----pid-1
---ebpf-pid----6211----pid-1
---ebpf-pid----2094----pid-2094
---ebpf-pid----2089----pid-2089
---ebpf-pid----6211----pid-6211
---ebpf-pid----448785----pid-1
---ebpf-pid----448785----pid-448785
---ebpf-pid----2094----pid-1
---ebpf-pid----2089----pid-1
---ebpf-pid----2094----pid-2094
---ebpf-pid----6211----pid-5550
---ebpf-pid----2089----pid-2089
---ebpf-pid----448785----pid-448520
---ebpf-pid----2094----pid-1
---ebpf-pid----6211----pid-1
---ebpf-pid----2089----pid-1
---ebpf-pid----2094----pid-2094
---ebpf-pid----5865----pid-5865
---ebpf-pid----2089----pid-2089
---ebpf-pid----2094----pid-1
---ebpf-pid----5865----pid-5550
---ebpf-pid----2094----pid-2094
---ebpf-pid----2094----pid-1
---ebpf-pid----2094----pid-2094
---ebpf-pid----2094----pid-1
---ebpf-pid----2094----pid-2094
---ebpf-pid----2094----pid-1
---ebpf-pid----2094----pid-2094
---ebpf-pid----2094----pid-1
---ebpf-pid----448785----pid-1
---ebpf-pid----448785----pid-448785
---ebpf-pid----448785----pid-448520
---ebpf-pid----448785----pid-1
---ebpf-pid----448785----pid-448785
---ebpf-pid----448785----pid-448520
---ebpf-pid----448785----pid-1
---ebpf-pid----448785----pid-448785
---ebpf-pid----448785----pid-448520
---ebpf-pid----448785----pid-1
---ebpf-pid----448785----pid-448785
---ebpf-pid----448785----pid-448520
---ebpf-pid----448785----pid-1
---ebpf-pid----448785----pid-448785
---ebpf-pid----448785----pid-448520
---ebpf-pid----448785----pid-1
---ebpf-pid----448785----pid-448785
---ebpf-pid----448785----pid-448520
---ebpf-pid----448785----pid-1
---ebpf-pid----448785----pid-448785
---ebpf-pid----448785----pid-448520
---ebpf-pid----448785----pid-1
---ebpf-pid----448785----pid-448785
---ebpf-pid----448785----pid-448520
---ebpf-pid----448785----pid-1
---ebpf-pid----448785----pid-448785
---ebpf-pid----448785----pid-448520
---ebpf-pid----2089----pid-1
---ebpf-pid----2089----pid-2089
---ebpf-pid----5865----pid-1
---ebpf-pid----2029----pid-2029
---ebpf-pid----2089----pid-1
---ebpf-pid----2089----pid-2089
---ebpf-pid----2029----pid-1
---ebpf-pid----2029----pid-2029
---ebpf-pid----2089----pid-1
---ebpf-pid----2089----pid-2089
---ebpf-pid----2029----pid-1
---ebpf-pid----372714----pid-372714
---ebpf-pid----2089----pid-1
---ebpf-pid----2089----pid-2089
---ebpf-pid----372714----pid-5476
---ebpf-pid----2089----pid-1
---ebpf-pid----373029----pid-373029
---ebpf-pid----372714----pid-1
---ebpf-pid----372714----pid-372714
---ebpf-pid----373029----pid-5476
---ebpf-pid----372714----pid-5476
---ebpf-pid----373029----pid-1
---ebpf-pid----373029----pid-373029
---ebpf-pid----372714----pid-1
---ebpf-pid----372714----pid-372714
---ebpf-pid----373029----pid-5476
---ebpf-pid----372714----pid-5476
---ebpf-pid----373029----pid-1
---ebpf-pid----373029----pid-373029
---ebpf-pid----372714----pid-1
---ebpf-pid----372714----pid-372714
---ebpf-pid----373029----pid-5476
---ebpf-pid----372714----pid-5476
---ebpf-pid----372714----pid-1
---ebpf-pid----372714----pid-372714
---ebpf-pid----373029----pid-1
---ebpf-pid----373029----pid-373029
---ebpf-pid----373029----pid-5476
---ebpf-pid----373029----pid-1
---ebpf-pid----373029----pid-373029
---ebpf-pid----2094----pid-2094
---ebpf-pid----373029----pid-5476
---ebpf-pid----373029----pid-1
---ebpf-pid----373029----pid-373029
---ebpf-pid----2094----pid-1
---ebpf-pid----2094----pid-2094
---ebpf-pid----373029----pid-5476
---ebpf-pid----2094----pid-1
---ebpf-pid----373029----pid-1
---ebpf-pid----2094----pid-2094
---ebpf-pid----373029----pid-373029
---ebpf-pid----2094----pid-1
---ebpf-pid----373029----pid-5476
---ebpf-pid----2094----pid-2094
---ebpf-pid----2094----pid-1
---ebpf-pid----373029----pid-1
---ebpf-pid----2094----pid-2094
---ebpf-pid----373029----pid-373029
---ebpf-pid----2094----pid-1
---ebpf-pid----373029----pid-5476
---ebpf-pid----2012----pid-2012
---ebpf-pid----2012----pid-1
---ebpf-pid----373029----pid-1
---ebpf-pid----2094----pid-2094
---ebpf-pid----373029----pid-373029
---ebpf-pid----2094----pid-1
---ebpf-pid----2094----pid-2094
---ebpf-pid----373029----pid-5476
---ebpf-pid----2094----pid-1
---ebpf-pid----373029----pid-1
---ebpf-pid----2094----pid-2094
---ebpf-pid----373029----pid-373029
---ebpf-pid----2094----pid-1
---ebpf-pid----373029----pid-5476
---ebpf-pid----372714----pid-372714
---ebpf-pid----373029----pid-1
---ebpf-pid----372714----pid-5476
---ebpf-pid----372714----pid-5476
---ebpf-pid----373029----pid-373029
---ebpf-pid----372714----pid-1
---ebpf-pid----372714----pid-1
---ebpf-pid----373029----pid-5476
---ebpf-pid----2012----pid-2012
---ebpf-pid----372714----pid-372714
---ebpf-pid----373029----pid-1
---ebpf-pid----2012----pid-1
---ebpf-pid----372714----pid-5476
---ebpf-pid----372714----pid-372714
---ebpf-pid----372714----pid-1
---ebpf-pid----372714----pid-372714
---ebpf-pid----372714----pid-5476
---ebpf-pid----372714----pid-1
---ebpf-pid----372714----pid-372714
---ebpf-pid----372714----pid-5476
---ebpf-pid----372714----pid-1
---ebpf-pid----372714----pid-372714
---ebpf-pid----372714----pid-5476
---ebpf-pid----372714----pid-1
---ebpf-pid----372714----pid-372714
---ebpf-pid----372714----pid-5476
---ebpf-pid----372714----pid-1
---ebpf-pid----372714----pid-372714
---ebpf-pid----372714----pid-5476
---ebpf-pid----372714----pid-1
---ebpf-pid----2012----pid-2012
---ebpf-pid----2012----pid-1
---ebpf-pid----2012----pid-2012
---ebpf-pid----2012----pid-1
---ebpf-pid----2012----pid-2012
---ebpf-pid----2012----pid-1
---ebpf-pid----2012----pid-2012
---ebpf-pid----2012----pid-1
---ebpf-pid----372714----pid-5476
---ebpf-pid----2012----pid-2012
---ebpf-pid----372714----pid-1
---ebpf-pid----2012----pid-1
---ebpf-pid----372714----pid-372714
---ebpf-pid----2012----pid-2012
---ebpf-pid----2012----pid-1
---ebpf-pid----372714----pid-5476
---ebpf-pid----2012----pid-2012
---ebpf-pid----372714----pid-1
---ebpf-pid----2012----pid-1
---ebpf-pid----5707----pid-5707
---ebpf-pid----2012----pid-2012
---ebpf-pid----5707----pid-5476
---ebpf-pid----2012----pid-1
---ebpf-pid----2089----pid-2089
---ebpf-pid----5707----pid-1
---ebpf-pid----5707----pid-5707
---ebpf-pid----2089----pid-1
---ebpf-pid----5707----pid-5476
---ebpf-pid----2089----pid-2089
---ebpf-pid----5707----pid-1
---ebpf-pid----372714----pid-372714
---ebpf-pid----372714----pid-5476
---ebpf-pid----448785----pid-1
---ebpf-pid----448785----pid-448785
---ebpf-pid----372714----pid-1
---ebpf-pid----372714----pid-372714
---ebpf-pid----448785----pid-448520
---ebpf-pid----372714----pid-5476
---ebpf-pid----448785----pid-1
---ebpf-pid----372714----pid-1
---ebpf-pid----448785----pid-448785
---ebpf-pid----372714----pid-372714
---ebpf-pid----448785----pid-448520
---ebpf-pid----372714----pid-5476
---ebpf-pid----372714----pid-1
---ebpf-pid----372714----pid-372714
---ebpf-pid----5707----pid-5707
---ebpf-pid----372714----pid-5476
---ebpf-pid----5707----pid-5476
---ebpf-pid----372714----pid-1
---ebpf-pid----5707----pid-1
---ebpf-pid----372714----pid-372714
---ebpf-pid----5707----pid-5707
---ebpf-pid----372714----pid-5476
---ebpf-pid----5707----pid-5476
---ebpf-pid----372714----pid-1
---ebpf-pid----5707----pid-1
---ebpf-pid----372714----pid-372714
---ebpf-pid----5707----pid-5707
---ebpf-pid----372714----pid-5476
---ebpf-pid----5707----pid-5476
---ebpf-pid----372714----pid-1
---ebpf-pid----5707----pid-1
---ebpf-pid----372714----pid-372714
---ebpf-pid----5707----pid-5707
---ebpf-pid----372714----pid-5476
---ebpf-pid----5707----pid-5476
---ebpf-pid----372714----pid-1
---ebpf-pid----5707----pid-1
---ebpf-pid----372714----pid-372714
---ebpf-pid----5707----pid-5707
---ebpf-pid----372714----pid-5476
---ebpf-pid----5707----pid-5476
---ebpf-pid----372714----pid-1
---ebpf-pid----448785----pid-1
---ebpf-pid----5707----pid-1
---ebpf-pid----5707----pid-5707
---ebpf-pid----448785----pid-448785
---ebpf-pid----5707----pid-5476
---ebpf-pid----448785----pid-448520
---ebpf-pid----5707----pid-1
---ebpf-pid----448785----pid-1
---ebpf-pid----5707----pid-5707
---ebpf-pid----448785----pid-448785
---ebpf-pid----5707----pid-5476
---ebpf-pid----448785----pid-448520
---ebpf-pid----5707----pid-1
---ebpf-pid----448785----pid-1
---ebpf-pid----448785----pid-448785
---ebpf-pid----5707----pid-5707
---ebpf-pid----448785----pid-448520
---ebpf-pid----5707----pid-5476
---ebpf-pid----5707----pid-1
---ebpf-pid----448785----pid-1
---ebpf-pid----5707----pid-5707
---ebpf-pid----4716----pid-4716
---ebpf-pid----5707----pid-5476
---ebpf-pid----4716----pid-3323
---ebpf-pid----5707----pid-1
---ebpf-pid----5707----pid-5707
---ebpf-pid----4716----pid-1
---ebpf-pid----5707----pid-5476
---ebpf-pid----372714----pid-372714
---ebpf-pid----5707----pid-1
---ebpf-pid----372714----pid-5476
---ebpf-pid----5707----pid-5707
---ebpf-pid----372714----pid-1
---ebpf-pid----5707----pid-5476
---ebpf-pid----372714----pid-372714
---ebpf-pid----5707----pid-1
---ebpf-pid----372714----pid-5476
---ebpf-pid----5707----pid-5707
---ebpf-pid----372714----pid-1
---ebpf-pid----5707----pid-5476
---ebpf-pid----372714----pid-372714
---ebpf-pid----5707----pid-1
---ebpf-pid----372714----pid-5476
---ebpf-pid----5707----pid-5707
---ebpf-pid----372714----pid-1
---ebpf-pid----5707----pid-5476
---ebpf-pid----372714----pid-372714
---ebpf-pid----5707----pid-1
---ebpf-pid----372714----pid-5476
---ebpf-pid----5707----pid-5707
---ebpf-pid----372714----pid-1
---ebpf-pid----5707----pid-5476
---ebpf-pid----5707----pid-1
---ebpf-pid----5707----pid-5707
---ebpf-pid----5707----pid-5476
---ebpf-pid----2089----pid-1
---ebpf-pid----2089----pid-2089
---ebpf-pid----372714----pid-372714
---ebpf-pid----2089----pid-1
---ebpf-pid----372714----pid-5476
---ebpf-pid----2089----pid-2089
---ebpf-pid----372714----pid-1
---ebpf-pid----2089----pid-1
---ebpf-pid----372714----pid-372714
---ebpf-pid----2089----pid-2089
---ebpf-pid----372714----pid-5476
---ebpf-pid----2089----pid-1
---ebpf-pid----5707----pid-1
---ebpf-pid----372714----pid-1
---ebpf-pid----5707----pid-5707
---ebpf-pid----5705----pid-5705
---ebpf-pid----5705----pid-5476
---ebpf-pid----5707----pid-5476
---ebpf-pid----5705----pid-1
---ebpf-pid----5707----pid-1
---ebpf-pid----5705----pid-5705
---ebpf-pid----5707----pid-5707
---ebpf-pid----5707----pid-5476
---ebpf-pid----5705----pid-5476
---ebpf-pid----5707----pid-1
---ebpf-pid----5705----pid-1
---ebpf-pid----5707----pid-5707
---ebpf-pid----5705----pid-5705
---ebpf-pid----5707----pid-5476
---ebpf-pid----5705----pid-5476
---ebpf-pid----5707----pid-1
---ebpf-pid----5705----pid-1
---ebpf-pid----5707----pid-5707
---ebpf-pid----5705----pid-5705
---ebpf-pid----5707----pid-5476
---ebpf-pid----5705----pid-5476
---ebpf-pid----5707----pid-1
---ebpf-pid----5705----pid-1
---ebpf-pid----5707----pid-5707
---ebpf-pid----5705----pid-5705
---ebpf-pid----5707----pid-5476
---ebpf-pid----5705----pid-5476
---ebpf-pid----5705----pid-1
---ebpf-pid----5707----pid-1
---ebpf-pid----5705----pid-5705
---ebpf-pid----5707----pid-5707
---ebpf-pid----5705----pid-5476
---ebpf-pid----2089----pid-2089
---ebpf-pid----5705----pid-1
---ebpf-pid----5705----pid-5705
---ebpf-pid----2089----pid-1
---ebpf-pid----2089----pid-2089
---ebpf-pid----5705----pid-5476
---ebpf-pid----2089----pid-1
---ebpf-pid----2089----pid-2089
---ebpf-pid----5705----pid-1
---ebpf-pid----5705----pid-5705
---ebpf-pid----2089----pid-1
---ebpf-pid----2089----pid-2089
---ebpf-pid----5705----pid-5476
---ebpf-pid----5705----pid-1
---ebpf-pid----2089----pid-1
---ebpf-pid----372881----pid-372881
---ebpf-pid----372714----pid-372714
---ebpf-pid----372881----pid-1
---ebpf-pid----372881----pid-372881
---ebpf-pid----372714----pid-5476
---ebpf-pid----372881----pid-1
---ebpf-pid----372881----pid-372881
---ebpf-pid----372714----pid-1
---ebpf-pid----7313----pid-7313
---ebpf-pid----5705----pid-5705
---ebpf-pid----7313----pid-1
---ebpf-pid----7313----pid-7313
---ebpf-pid----5705----pid-5476
---ebpf-pid----7313----pid-1
---ebpf-pid----7313----pid-7313
---ebpf-pid----5705----pid-1
---ebpf-pid----5705----pid-5705
---ebpf-pid----7313----pid-1
---ebpf-pid----4716----pid-4716
---ebpf-pid----5707----pid-5476
---ebpf-pid----4716----pid-3323
---ebpf-pid----5707----pid-1
---ebpf-pid----5707----pid-5707
---ebpf-pid----4716----pid-1
---ebpf-pid----4716----pid-4716
---ebpf-pid----5707----pid-5476
---ebpf-pid----4716----pid-3323
---ebpf-pid----5707----pid-1
---ebpf-pid----5707----pid-5707
---ebpf-pid----4716----pid-1
---ebpf-pid----5637----pid-5637
---ebpf-pid----5707----pid-5476
---ebpf-pid----5637----pid-1
---ebpf-pid----5707----pid-1
---ebpf-pid----372714----pid-372714
---ebpf-pid----5707----pid-5707
---ebpf-pid----372714----pid-5476
---ebpf-pid----5707----pid-5476
---ebpf-pid----372714----pid-1
---ebpf-pid----5707----pid-1
---ebpf-pid----448784----pid-448784
---ebpf-pid----5707----pid-5707
---ebpf-pid----448784----pid-448520
---ebpf-pid----5705----pid-5476
---ebpf-pid----448784----pid-1
---ebpf-pid----5705----pid-1
---ebpf-pid----448784----pid-448784
---ebpf-pid----5705----pid-5705
---ebpf-pid----448784----pid-448520
---ebpf-pid----5705----pid-5476
---ebpf-pid----448784----pid-1
---ebpf-pid----5705----pid-1
---ebpf-pid----5705----pid-5705
---ebpf-pid----2094----pid-2094
---ebpf-pid----5705----pid-5476
---ebpf-pid----2094----pid-1
---ebpf-pid----2094----pid-2094
---ebpf-pid----5705----pid-1
---ebpf-pid----5705----pid-5705
---ebpf-pid----2094----pid-1
---ebpf-pid----2094----pid-2094
---ebpf-pid----5705----pid-5476
---ebpf-pid----2094----pid-1
---ebpf-pid----2094----pid-2094
---ebpf-pid----5705----pid-1
---ebpf-pid----5705----pid-5705
---ebpf-pid----2094----pid-1
---ebpf-pid----2094----pid-2094
---ebpf-pid----5705----pid-5476
---ebpf-pid----5705----pid-1
---ebpf-pid----5705----pid-5705
---ebpf-pid----2094----pid-1
---ebpf-pid----2094----pid-2094
---ebpf-pid----5705----pid-5476
---ebpf-pid----2094----pid-1
---ebpf-pid----2094----pid-2094
---ebpf-pid----5705----pid-1
---ebpf-pid----2094----pid-1
---ebpf-pid----5705----pid-5705
---ebpf-pid----2094----pid-2094
---ebpf-pid----5705----pid-5476
---ebpf-pid----2094----pid-1
---ebpf-pid----2094----pid-2094
---ebpf-pid----5705----pid-1
---ebpf-pid----5705----pid-5705
---ebpf-pid----2094----pid-1
---ebpf-pid----2094----pid-2094
---ebpf-pid----5705----pid-5476
---ebpf-pid----2094----pid-1
---ebpf-pid----2094----pid-2094
---ebpf-pid----5705----pid-1
---ebpf-pid----5705----pid-5705
---ebpf-pid----2094----pid-1
---ebpf-pid----2094----pid-2094
---ebpf-pid----5705----pid-5476
---ebpf-pid----2094----pid-1
---ebpf-pid----5705----pid-1
---ebpf-pid----2094----pid-2094
---ebpf-pid----5705----pid-5705
---ebpf-pid----2094----pid-1
---ebpf-pid----5705----pid-5476
---ebpf-pid----2094----pid-2094
---ebpf-pid----5705----pid-1
---ebpf-pid----2094----pid-1
---ebpf-pid----5705----pid-5705
---ebpf-pid----2094----pid-2094
---ebpf-pid----5705----pid-5476
---ebpf-pid----2094----pid-1
---ebpf-pid----2094----pid-2094
---ebpf-pid----5705----pid-1
---ebpf-pid----5705----pid-5705
---ebpf-pid----2094----pid-1
---ebpf-pid----2094----pid-2094
---ebpf-pid----5705----pid-5476
---ebpf-pid----2094----pid-1
---ebpf-pid----2094----pid-2094
---ebpf-pid----5705----pid-1
---ebpf-pid----5705----pid-5705
---ebpf-pid----2094----pid-1
---ebpf-pid----2094----pid-2094
---ebpf-pid----372881----pid-1
---ebpf-pid----372881----pid-372881
---ebpf-pid----2094----pid-1
---ebpf-pid----2094----pid-2094
---ebpf-pid----372881----pid-1
---ebpf-pid----2094----pid-1
---ebpf-pid----372881----pid-372881
---ebpf-pid----2094----pid-2094
---ebpf-pid----372881----pid-1
---ebpf-pid----2094----pid-1
---ebpf-pid----2094----pid-2094
---ebpf-pid----372881----pid-372881
---ebpf-pid----2094----pid-1
---ebpf-pid----372881----pid-1
---ebpf-pid----2094----pid-2094
---ebpf-pid----372881----pid-372881
---ebpf-pid----2094----pid-1
---ebpf-pid----372881----pid-1
---ebpf-pid----2094----pid-2094
---ebpf-pid----372881----pid-372881
---ebpf-pid----2094----pid-1
---ebpf-pid----372881----pid-1
---ebpf-pid----2094----pid-2094
---ebpf-pid----372881----pid-372881
---ebpf-pid----2094----pid-1
---ebpf-pid----2094----pid-2094
---ebpf-pid----372881----pid-1
---ebpf-pid----372881----pid-372881
---ebpf-pid----372881----pid-1
---ebpf-pid----372881----pid-372881
---ebpf-pid----372881----pid-1
---ebpf-pid----372881----pid-372881
---ebpf-pid----372881----pid-1
---ebpf-pid----372881----pid-372881
---ebpf-pid----372881----pid-1
---ebpf-pid----372881----pid-372881
---ebpf-pid----372881----pid-1
---ebpf-pid----372881----pid-372881
---ebpf-pid----372881----pid-1
---ebpf-pid----372881----pid-372881
---ebpf-pid----372881----pid-1
---ebpf-pid----372881----pid-372881
---ebpf-pid----372881----pid-1
---ebpf-pid----372881----pid-372881
---ebpf-pid----372881----pid-1
---ebpf-pid----5707----pid-5707
---ebpf-pid----5707----pid-5476
---ebpf-pid----5707----pid-1
---ebpf-pid----5707----pid-5707
---ebpf-pid----5707----pid-5476
---ebpf-pid----5707----pid-1
---ebpf-pid----5707----pid-5707
---ebpf-pid----5707----pid-5476
---ebpf-pid----5707----pid-1
---ebpf-pid----5707----pid-5707
---ebpf-pid----5707----pid-5476
---ebpf-pid----5707----pid-1
---ebpf-pid----5707----pid-5707
---ebpf-pid----5707----pid-5476
---ebpf-pid----5707----pid-1
---ebpf-pid----5707----pid-5707
---ebpf-pid----5707----pid-5476
---ebpf-pid----5707----pid-1
---ebpf-pid----5707----pid-5707
---ebpf-pid----5707----pid-5476
---ebpf-pid----5707----pid-1
---ebpf-pid----5707----pid-5707
---ebpf-pid----5707----pid-5476
---ebpf-pid----5707----pid-1
---ebpf-pid----5707----pid-5707
---ebpf-pid----5707----pid-5476
---ebpf-pid----5707----pid-1
---ebpf-pid----373029----pid-373029
---ebpf-pid----373029----pid-5476
---ebpf-pid----373029----pid-1
---ebpf-pid----373029----pid-373029
---ebpf-pid----373029----pid-5476
---ebpf-pid----373029----pid-1
---ebpf-pid----5707----pid-5707
---ebpf-pid----5707----pid-5476
---ebpf-pid----5707----pid-1
---ebpf-pid----5707----pid-5707
---ebpf-pid----5707----pid-5476
---ebpf-pid----5707----pid-1
---ebpf-pid----5707----pid-5707
---ebpf-pid----5707----pid-5476
---ebpf-pid----5707----pid-1
---ebpf-pid----5707----pid-5707
---ebpf-pid----5707----pid-5476
---ebpf-pid----5707----pid-1
---ebpf-pid----5707----pid-5707
---ebpf-pid----5707----pid-5476
---ebpf-pid----5707----pid-1
---ebpf-pid----5707----pid-5707
---ebpf-pid----5707----pid-5476
---ebpf-pid----5707----pid-1
---ebpf-pid----5705----pid-5476
---ebpf-pid----5705----pid-1
---ebpf-pid----5705----pid-5705
---ebpf-pid----5705----pid-5476
---ebpf-pid----5705----pid-1
---ebpf-pid----5705----pid-5705
---ebpf-pid----5705----pid-5476
---ebpf-pid----5705----pid-1
---ebpf-pid----5705----pid-5705
---ebpf-pid----5705----pid-5476
---ebpf-pid----5705----pid-1
---ebpf-pid----5705----pid-5705
---ebpf-pid----5705----pid-5476
---ebpf-pid----5705----pid-1
---ebpf-pid----5705----pid-5705
---ebpf-pid----5705----pid-5476
---ebpf-pid----5705----pid-1
---ebpf-pid----5705----pid-5705
---ebpf-pid----5705----pid-5476
---ebpf-pid----5705----pid-1
---ebpf-pid----5705----pid-5705
---ebpf-pid----5705----pid-5476
---ebpf-pid----5705----pid-1
---ebpf-pid----5705----pid-5705
---ebpf-pid----5707----pid-5476
---ebpf-pid----5707----pid-1
---ebpf-pid----373029----pid-373029
---ebpf-pid----373029----pid-5476
---ebpf-pid----373029----pid-1
---ebpf-pid----373029----pid-373029
---ebpf-pid----373029----pid-5476
---ebpf-pid----373029----pid-1
---ebpf-pid----2094----pid-1
---ebpf-pid----2094----pid-2094
---ebpf-pid----2094----pid-2094
---ebpf-pid----2094----pid-1
---ebpf-pid----2094----pid-2094
---ebpf-pid----2094----pid-1
---ebpf-pid----2094----pid-2094
---ebpf-pid----2094----pid-1
---ebpf-pid----2094----pid-2094
---ebpf-pid----2094----pid-1
---ebpf-pid----2094----pid-2094
---ebpf-pid----2094----pid-1
---ebpf-pid----2094----pid-1
---ebpf-pid----4716----pid-4716
---ebpf-pid----2094----pid-2094
---ebpf-pid----4716----pid-3323
---ebpf-pid----2094----pid-1
---ebpf-pid----2094----pid-2094
---ebpf-pid----4716----pid-1
---ebpf-pid----2094----pid-1
---ebpf-pid----4716----pid-4716
---ebpf-pid----2094----pid-2094
---ebpf-pid----4716----pid-3323
---ebpf-pid----2094----pid-1
---ebpf-pid----2094----pid-2094
---ebpf-pid----4716----pid-1
---ebpf-pid----4716----pid-4716
---ebpf-pid----2094----pid-1
---ebpf-pid----2094----pid-2094
---ebpf-pid----4716----pid-3323
---ebpf-pid----2094----pid-1
---ebpf-pid----4716----pid-1
---ebpf-pid----2094----pid-2094
---ebpf-pid----4716----pid-4716
---ebpf-pid----2094----pid-1
---ebpf-pid----4716----pid-3323
---ebpf-pid----2094----pid-2094
---ebpf-pid----2094----pid-1
---ebpf-pid----4716----pid-1
---ebpf-pid----4716----pid-4716
---ebpf-pid----5705----pid-5705
---ebpf-pid----4716----pid-3323
---ebpf-pid----5705----pid-5476
---ebpf-pid----4716----pid-1
---ebpf-pid----5705----pid-1
---ebpf-pid----4716----pid-4716
---ebpf-pid----5705----pid-5705
---ebpf-pid----4716----pid-3323
---ebpf-pid----5707----pid-5707
---ebpf-pid----5705----pid-5476
---ebpf-pid----4716----pid-1
---ebpf-pid----4716----pid-4716
---ebpf-pid----5707----pid-5476
---ebpf-pid----5705----pid-1
---ebpf-pid----4716----pid-3323
---ebpf-pid----5707----pid-1
---ebpf-pid----2088----pid-2088
---ebpf-pid----5707----pid-5707
---ebpf-pid----4716----pid-1
---ebpf-pid----4716----pid-4716
---ebpf-pid----5707----pid-5476
---ebpf-pid----2088----pid-1
---ebpf-pid----2088----pid-2088
---ebpf-pid----4716----pid-3323
---ebpf-pid----5707----pid-1
---ebpf-pid----5707----pid-5707
---ebpf-pid----2088----pid-1
---ebpf-pid----2088----pid-2088
---ebpf-pid----4716----pid-1
---ebpf-pid----4716----pid-4716
---ebpf-pid----5707----pid-5476
---ebpf-pid----5707----pid-1
---ebpf-pid----4716----pid-3323
---ebpf-pid----5707----pid-5707
---ebpf-pid----4716----pid-1
---ebpf-pid----5707----pid-5476
---ebpf-pid----5705----pid-5476
---ebpf-pid----4716----pid-4716
---ebpf-pid----5707----pid-1
---ebpf-pid----2088----pid-1
---ebpf-pid----4716----pid-3323
Failed to get process information for PID 0
---ebpf-pid----5705----pid-1
---ebpf-pid----5707----pid-5707
---ebpf-pid----2088----pid-2088
---ebpf-pid----5705----pid-5705
---ebpf-pid----4716----pid-1
---ebpf-pid----5707----pid-5476
---ebpf-pid----2088----pid-1
---ebpf-pid----4716----pid-4716
---ebpf-pid----5705----pid-5476
---ebpf-pid----2088----pid-2088
---ebpf-pid----5707----pid-1
---ebpf-pid----5707----pid-5707
---ebpf-pid----4716----pid-3323
---ebpf-pid----5705----pid-1
---ebpf-pid----2088----pid-1
---ebpf-pid----5705----pid-5705
---ebpf-pid----2088----pid-2088
---ebpf-pid----5707----pid-5476
---ebpf-pid----4716----pid-1
---ebpf-pid----2088----pid-2088
---ebpf-pid----2088----pid-1
---ebpf-pid----5707----pid-1
---ebpf-pid----2088----pid-2088
---ebpf-pid----5707----pid-5707
---ebpf-pid----2088----pid-1
---ebpf-pid----2088----pid-2088
---ebpf-pid----2088----pid-1
---ebpf-pid----5707----pid-5476
---ebpf-pid----2088----pid-2088
---ebpf-pid----2088----pid-1
---ebpf-pid----5707----pid-1
---ebpf-pid----2088----pid-2088
---ebpf-pid----2088----pid-1
---ebpf-pid----373029----pid-373029
---ebpf-pid----2088----pid-2088
---ebpf-pid----2088----pid-1
---ebpf-pid----373029----pid-5476
---ebpf-pid----2088----pid-2088
---ebpf-pid----373029----pid-1
---ebpf-pid----2088----pid-1
---ebpf-pid----373029----pid-373029
---ebpf-pid----2088----pid-2088
---ebpf-pid----373029----pid-5476
---ebpf-pid----2088----pid-1
---ebpf-pid----2088----pid-1
---ebpf-pid----2088----pid-2088
---ebpf-pid----373029----pid-1
---ebpf-pid----2088----pid-2088
---ebpf-pid----373029----pid-373029
---ebpf-pid----2088----pid-1
---ebpf-pid----2088----pid-1
---ebpf-pid----2088----pid-2088
---ebpf-pid----373029----pid-5476
---ebpf-pid----2088----pid-2088
---ebpf-pid----2088----pid-1
---ebpf-pid----373029----pid-1
---ebpf-pid----2088----pid-1
---ebpf-pid----2088----pid-2088
---ebpf-pid----5705----pid-5476
---ebpf-pid----373029----pid-373029
---ebpf-pid----2088----pid-1
---ebpf-pid----5705----pid-1
---ebpf-pid----2088----pid-2088
---ebpf-pid----2088----pid-2088
---ebpf-pid----2088----pid-1
---ebpf-pid----2088----pid-1
---ebpf-pid----2088----pid-2088
---ebpf-pid----2088----pid-2088
---ebpf-pid----2088----pid-1
---ebpf-pid----2088----pid-1
---ebpf-pid----2088----pid-2088
---ebpf-pid----2088----pid-2088
---ebpf-pid----2088----pid-1
---ebpf-pid----2088----pid-1
---ebpf-pid----2088----pid-2088
---ebpf-pid----2088----pid-2088
---ebpf-pid----2088----pid-1
---ebpf-pid----2088----pid-1
---ebpf-pid----2088----pid-2088
---ebpf-pid----2088----pid-2088
---ebpf-pid----5705----pid-5705
---ebpf-pid----2088----pid-1
---ebpf-pid----2088----pid-1
---ebpf-pid----2088----pid-2088
---ebpf-pid----2088----pid-2088
---ebpf-pid----5705----pid-5476
---ebpf-pid----2088----pid-1
---ebpf-pid----2088----pid-1
---ebpf-pid----2088----pid-2088
---ebpf-pid----2088----pid-2088
---ebpf-pid----5705----pid-1
---ebpf-pid----5705----pid-5705
---ebpf-pid----2088----pid-1
---ebpf-pid----2088----pid-1
---ebpf-pid----5705----pid-5476
---ebpf-pid----2088----pid-2088
---ebpf-pid----5705----pid-1
---ebpf-pid----2088----pid-2088
---ebpf-pid----5705----pid-5705
---ebpf-pid----2088----pid-1
---ebpf-pid----5705----pid-5476
---ebpf-pid----2088----pid-1
---ebpf-pid----2088----pid-2088
---ebpf-pid----2088----pid-2088
---ebpf-pid----5705----pid-1
---ebpf-pid----5705----pid-5705
---ebpf-pid----2088----pid-1
---ebpf-pid----2088----pid-2088
---ebpf-pid----2088----pid-1
---ebpf-pid----5705----pid-5476
---ebpf-pid----2088----pid-2088
---ebpf-pid----2088----pid-1
---ebpf-pid----2088----pid-2088
---ebpf-pid----2088----pid-1
---ebpf-pid----2088----pid-2088
---ebpf-pid----2088----pid-1
---ebpf-pid----2088----pid-2088
---ebpf-pid----5705----pid-1
---ebpf-pid----2088----pid-1
---ebpf-pid----5705----pid-5705
---ebpf-pid----2088----pid-2088
---ebpf-pid----2088----pid-1
---ebpf-pid----2088----pid-2088
---ebpf-pid----5705----pid-5476
---ebpf-pid----2088----pid-1
---ebpf-pid----2088----pid-2088
---ebpf-pid----2088----pid-1
---ebpf-pid----5705----pid-1
---ebpf-pid----5705----pid-5705
---ebpf-pid----5705----pid-5476
---ebpf-pid----5705----pid-1
---ebpf-pid----5705----pid-5705
---ebpf-pid----5705----pid-5476
---ebpf-pid----5705----pid-1
---ebpf-pid----5705----pid-5705
---ebpf-pid----5705----pid-5476
---ebpf-pid----5705----pid-1
---ebpf-pid----5705----pid-5705
---ebpf-pid----5705----pid-5476
---ebpf-pid----2088----pid-2088
---ebpf-pid----2088----pid-1
---ebpf-pid----2088----pid-2088
---ebpf-pid----2088----pid-1
---ebpf-pid----2088----pid-2088
---ebpf-pid----2088----pid-1
---ebpf-pid----2088----pid-2088
---ebpf-pid----2088----pid-1
---ebpf-pid----2088----pid-2088
---ebpf-pid----2088----pid-1
---ebpf-pid----2088----pid-2088
---ebpf-pid----2088----pid-1
---ebpf-pid----2088----pid-2088
---ebpf-pid----2088----pid-1
---ebpf-pid----2088----pid-2088
---ebpf-pid----2088----pid-1
---ebpf-pid----2088----pid-2088
---ebpf-pid----373029----pid-5476
---ebpf-pid----373029----pid-1
---ebpf-pid----373029----pid-373029
---ebpf-pid----373029----pid-5476
---ebpf-pid----373029----pid-1
---ebpf-pid----373029----pid-373029
---ebpf-pid----373029----pid-5476
---ebpf-pid----373029----pid-1
---ebpf-pid----373029----pid-373029
---ebpf-pid----373029----pid-5476
---ebpf-pid----373029----pid-1
---ebpf-pid----373029----pid-373029
---ebpf-pid----5705----pid-1
---ebpf-pid----5705----pid-5705
---ebpf-pid----5705----pid-5476
---ebpf-pid----5705----pid-1
---ebpf-pid----2088----pid-1
---ebpf-pid----373029----pid-5476
---ebpf-pid----2088----pid-1
---ebpf-pid----2088----pid-2088
---ebpf-pid----2088----pid-2088
---ebpf-pid----2088----pid-1
---ebpf-pid----2088----pid-1
---ebpf-pid----373029----pid-1
---ebpf-pid----2088----pid-2088
---ebpf-pid----2088----pid-2088
---ebpf-pid----373029----pid-373029
---ebpf-pid----2088----pid-1
---ebpf-pid----2088----pid-1
---ebpf-pid----2088----pid-2088
---ebpf-pid----2088----pid-2088
---ebpf-pid----373029----pid-5476
---ebpf-pid----2088----pid-1
---ebpf-pid----2088----pid-2088
---ebpf-pid----2088----pid-1
---ebpf-pid----2088----pid-2088
---ebpf-pid----2088----pid-1
---ebpf-pid----373029----pid-1
---ebpf-pid----2088----pid-2088
---ebpf-pid----2088----pid-1
---ebpf-pid----373029----pid-373029
---ebpf-pid----2088----pid-2088
---ebpf-pid----2088----pid-1
---ebpf-pid----2088----pid-2088
---ebpf-pid----373029----pid-5476
---ebpf-pid----2088----pid-1
---ebpf-pid----2088----pid-1
---ebpf-pid----2088----pid-2088
---ebpf-pid----2088----pid-2088
---ebpf-pid----373029----pid-1
---ebpf-pid----373029----pid-373029
---ebpf-pid----2088----pid-1
---ebpf-pid----2088----pid-1
---ebpf-pid----2088----pid-2088
---ebpf-pid----2088----pid-2088
---ebpf-pid----373029----pid-5476
---ebpf-pid----2088----pid-1
---ebpf-pid----2088----pid-2088
---ebpf-pid----373029----pid-1
---ebpf-pid----2088----pid-1
---ebpf-pid----373029----pid-373029
---ebpf-pid----2088----pid-2088
---ebpf-pid----2088----pid-1
---ebpf-pid----2088----pid-2088
---ebpf-pid----2088----pid-1
---ebpf-pid----373029----pid-5476
---ebpf-pid----2088----pid-2088
---ebpf-pid----2088----pid-1
---ebpf-pid----2088----pid-2088
---ebpf-pid----2088----pid-1
---ebpf-pid----373029----pid-1
---ebpf-pid----2088----pid-2088
---ebpf-pid----2088----pid-1
---ebpf-pid----2088----pid-2088
---ebpf-pid----373029----pid-373029
---ebpf-pid----2088----pid-1
---ebpf-pid----2088----pid-1
---ebpf-pid----2088----pid-2088
---ebpf-pid----2088----pid-2088
---ebpf-pid----373029----pid-5476
---ebpf-pid----2088----pid-1
---ebpf-pid----2088----pid-1
---ebpf-pid----2088----pid-2088
---ebpf-pid----2088----pid-2088
---ebpf-pid----373029----pid-1
---ebpf-pid----2088----pid-1
---ebpf-pid----2088----pid-1
---ebpf-pid----373029----pid-373029
---ebpf-pid----2088----pid-2088
---ebpf-pid----2088----pid-2088
---ebpf-pid----2088----pid-1
---ebpf-pid----373029----pid-5476
---ebpf-pid----2088----pid-2088
---ebpf-pid----2088----pid-1
---ebpf-pid----2088----pid-2088
---ebpf-pid----373029----pid-1
---ebpf-pid----2088----pid-1
---ebpf-pid----373029----pid-373029
---ebpf-pid----2088----pid-2088
---ebpf-pid----373029----pid-5476
---ebpf-pid----2088----pid-1
---ebpf-pid----2088----pid-2088
---ebpf-pid----373029----pid-1
---ebpf-pid----373029----pid-373029
---ebpf-pid----2088----pid-1
---ebpf-pid----373029----pid-5476
---ebpf-pid----4716----pid-4716
---ebpf-pid----4716----pid-3323
---ebpf-pid----5705----pid-5705
---ebpf-pid----5705----pid-5476
---ebpf-pid----5705----pid-1
---ebpf-pid----373029----pid-1
---ebpf-pid----2088----pid-1
---ebpf-pid----373029----pid-373029
---ebpf-pid----5705----pid-5705
---ebpf-pid----2088----pid-2088
---ebpf-pid----5705----pid-5476
---ebpf-pid----4716----pid-1
---ebpf-pid----4716----pid-4716
---ebpf-pid----373029----pid-5476
---ebpf-pid----373029----pid-1
---ebpf-pid----373029----pid-373029
---ebpf-pid----2088----pid-1
---ebpf-pid----2088----pid-2088
---ebpf-pid----2088----pid-1
---ebpf-pid----2088----pid-2088
---ebpf-pid----4716----pid-3323
---ebpf-pid----4716----pid-1
---ebpf-pid----2088----pid-1
---ebpf-pid----2088----pid-2088
---ebpf-pid----4716----pid-4716
---ebpf-pid----4716----pid-3323
---ebpf-pid----4716----pid-1
---ebpf-pid----372881----pid-372881
---ebpf-pid----372881----pid-1
---ebpf-pid----372881----pid-372881
---ebpf-pid----372881----pid-1
---ebpf-pid----5705----pid-1
---ebpf-pid----2088----pid-1
---ebpf-pid----373029----pid-5476
---ebpf-pid----2088----pid-2088
---ebpf-pid----373029----pid-1
---ebpf-pid----373029----pid-373029
---ebpf-pid----373029----pid-5476
---ebpf-pid----2088----pid-1
---ebpf-pid----373029----pid-1
---ebpf-pid----2088----pid-2088
---ebpf-pid----373029----pid-373029
---ebpf-pid----2088----pid-1
---ebpf-pid----373029----pid-5476
---ebpf-pid----2088----pid-2088
---ebpf-pid----5705----pid-5705
---ebpf-pid----373029----pid-1
---ebpf-pid----2088----pid-1
---ebpf-pid----2088----pid-2088
---ebpf-pid----372714----pid-372714
---ebpf-pid----5705----pid-5476
---ebpf-pid----2088----pid-1
---ebpf-pid----372881----pid-372881
---ebpf-pid----372714----pid-5476
---ebpf-pid----5705----pid-1
---ebpf-pid----2088----pid-2088
---ebpf-pid----5705----pid-5705
---ebpf-pid----2088----pid-1
---ebpf-pid----5705----pid-5476
---ebpf-pid----372881----pid-1
---ebpf-pid----2088----pid-2088
---ebpf-pid----372881----pid-372881
---ebpf-pid----5705----pid-1
---ebpf-pid----2088----pid-1
---ebpf-pid----5705----pid-5705
---ebpf-pid----2088----pid-2088
---ebpf-pid----372881----pid-1
---ebpf-pid----372881----pid-372881
---ebpf-pid----5705----pid-5476
---ebpf-pid----2088----pid-1
---ebpf-pid----2088----pid-2088
---ebpf-pid----372881----pid-1
---ebpf-pid----5705----pid-1
---ebpf-pid----372714----pid-1
---ebpf-pid----372881----pid-372881
---ebpf-pid----5705----pid-5705
---ebpf-pid----372714----pid-372714
---ebpf-pid----2088----pid-1
---ebpf-pid----2088----pid-2088
---ebpf-pid----372881----pid-1
---ebpf-pid----5705----pid-5476
---ebpf-pid----372714----pid-5476
---ebpf-pid----372881----pid-372881
---ebpf-pid----2088----pid-1
---ebpf-pid----2088----pid-2088
---ebpf-pid----5705----pid-1
---ebpf-pid----372714----pid-1
---ebpf-pid----372881----pid-1
---ebpf-pid----5705----pid-5705
---ebpf-pid----373029----pid-373029
---ebpf-pid----372881----pid-372881
---ebpf-pid----2088----pid-1
---ebpf-pid----2088----pid-2088
---ebpf-pid----5705----pid-5476
---ebpf-pid----373029----pid-5476
---ebpf-pid----372881----pid-1
---ebpf-pid----372881----pid-372881
---ebpf-pid----2088----pid-1
---ebpf-pid----5705----pid-1
---ebpf-pid----2088----pid-2088
---ebpf-pid----5705----pid-5705
---ebpf-pid----372881----pid-1
---ebpf-pid----372881----pid-372881
---ebpf-pid----5705----pid-5476
---ebpf-pid----2088----pid-1
---ebpf-pid----2088----pid-2088
---ebpf-pid----373029----pid-1
---ebpf-pid----372881----pid-1
---ebpf-pid----5705----pid-1
---ebpf-pid----373029----pid-373029
---ebpf-pid----372881----pid-372881
---ebpf-pid----5705----pid-5705
---ebpf-pid----2088----pid-1
---ebpf-pid----2088----pid-2088
---ebpf-pid----373029----pid-5476
---ebpf-pid----372881----pid-1
---ebpf-pid----5705----pid-5476
---ebpf-pid----372881----pid-372881
---ebpf-pid----373029----pid-1
---ebpf-pid----2088----pid-1
---ebpf-pid----5705----pid-1
---ebpf-pid----373029----pid-373029
---ebpf-pid----372881----pid-1
---ebpf-pid----2088----pid-2088
---ebpf-pid----5705----pid-5705
---ebpf-pid----372881----pid-372881
---ebpf-pid----373029----pid-5476
---ebpf-pid----2088----pid-1
---ebpf-pid----5705----pid-5476
---ebpf-pid----372881----pid-1
---ebpf-pid----2088----pid-2088
---ebpf-pid----372881----pid-372881
---ebpf-pid----373029----pid-1
---ebpf-pid----5705----pid-1
---ebpf-pid----372714----pid-372714
---ebpf-pid----2088----pid-1
---ebpf-pid----5705----pid-5705
---ebpf-pid----372881----pid-1
---ebpf-pid----2088----pid-2088
---ebpf-pid----372881----pid-372881
---ebpf-pid----372714----pid-5476
---ebpf-pid----5705----pid-5476
---ebpf-pid----2088----pid-1
---ebpf-pid----372881----pid-1
---ebpf-pid----2088----pid-2088
---ebpf-pid----372714----pid-1
---ebpf-pid----5705----pid-1
---ebpf-pid----372881----pid-372881
---ebpf-pid----5705----pid-5705
---ebpf-pid----372714----pid-372714
---ebpf-pid----2088----pid-1
---ebpf-pid----372881----pid-1
---ebpf-pid----5705----pid-5476
---ebpf-pid----372881----pid-372881
---ebpf-pid----5705----pid-1
---ebpf-pid----372714----pid-5476
---ebpf-pid----5707----pid-5707
---ebpf-pid----372714----pid-1
---ebpf-pid----5707----pid-5476
---ebpf-pid----372714----pid-372714
---ebpf-pid----5707----pid-1
---ebpf-pid----372714----pid-5476
---ebpf-pid----5707----pid-5707
---ebpf-pid----372714----pid-1
---ebpf-pid----5707----pid-5476
---ebpf-pid----5707----pid-1
---ebpf-pid----5707----pid-5707
---ebpf-pid----5707----pid-5476
---ebpf-pid----5707----pid-1
---ebpf-pid----5707----pid-5707
---ebpf-pid----5707----pid-5476
---ebpf-pid----372881----pid-1
---ebpf-pid----372881----pid-372881
---ebpf-pid----372881----pid-1
---ebpf-pid----372881----pid-372881
---ebpf-pid----372881----pid-1
---ebpf-pid----2088----pid-2088
---ebpf-pid----372881----pid-372881
---ebpf-pid----2088----pid-1
---ebpf-pid----372881----pid-1
---ebpf-pid----2088----pid-2088
---ebpf-pid----372881----pid-372881
---ebpf-pid----2088----pid-1
---ebpf-pid----372881----pid-1
---ebpf-pid----2088----pid-2088
---ebpf-pid----372881----pid-372881
---ebpf-pid----2088----pid-1
---ebpf-pid----372881----pid-1
---ebpf-pid----2088----pid-2088
---ebpf-pid----372881----pid-372881
---ebpf-pid----2088----pid-1
---ebpf-pid----372881----pid-1
---ebpf-pid----2088----pid-2088
---ebpf-pid----372881----pid-372881
---ebpf-pid----2088----pid-1
---ebpf-pid----372881----pid-1
---ebpf-pid----2088----pid-2088
---ebpf-pid----372881----pid-372881
---ebpf-pid----2088----pid-1
---ebpf-pid----372881----pid-1
---ebpf-pid----2088----pid-2088
---ebpf-pid----372881----pid-372881
---ebpf-pid----2088----pid-1
---ebpf-pid----372881----pid-1
---ebpf-pid----2088----pid-2088
---ebpf-pid----4716----pid-4716
---ebpf-pid----2088----pid-1
---ebpf-pid----4716----pid-3323
---ebpf-pid----5707----pid-5707
---ebpf-pid----4716----pid-1
---ebpf-pid----5707----pid-5476
---ebpf-pid----4716----pid-4716
---ebpf-pid----4716----pid-3323
---ebpf-pid----5707----pid-1
---ebpf-pid----5707----pid-5707
---ebpf-pid----4716----pid-1
---ebpf-pid----372881----pid-372881
---ebpf-pid----5707----pid-5476
---ebpf-pid----372881----pid-1
---ebpf-pid----372881----pid-372881
---ebpf-pid----5707----pid-1
---ebpf-pid----5707----pid-5707
---ebpf-pid----372881----pid-1
---ebpf-pid----372881----pid-372881
---ebpf-pid----5707----pid-5476
---ebpf-pid----372881----pid-1
---ebpf-pid----372881----pid-372881
---ebpf-pid----5707----pid-1
---ebpf-pid----5707----pid-5707
---ebpf-pid----372881----pid-1
---ebpf-pid----372881----pid-372881
---ebpf-pid----5707----pid-5476
---ebpf-pid----372881----pid-1
---ebpf-pid----5707----pid-1
---ebpf-pid----372881----pid-372881
---ebpf-pid----5707----pid-5707
---ebpf-pid----372881----pid-1
---ebpf-pid----5707----pid-5476
---ebpf-pid----372881----pid-372881
---ebpf-pid----5707----pid-1
---ebpf-pid----372881----pid-1
---ebpf-pid----5705----pid-5705
---ebpf-pid----372881----pid-372881
---ebpf-pid----5705----pid-5476
---ebpf-pid----372881----pid-1
---ebpf-pid----5707----pid-1
---ebpf-pid----5707----pid-5707
---ebpf-pid----5705----pid-1
---ebpf-pid----5705----pid-5705
---ebpf-pid----5707----pid-5476
---ebpf-pid----5705----pid-5476
---ebpf-pid----5707----pid-1
---ebpf-pid----5707----pid-5707
---ebpf-pid----5707----pid-5476
---ebpf-pid----5705----pid-1
---ebpf-pid----5705----pid-5705
---ebpf-pid----5707----pid-1
---ebpf-pid----5707----pid-5707
---ebpf-pid----5705----pid-5476
---ebpf-pid----5707----pid-5476
---ebpf-pid----5705----pid-1
---ebpf-pid----5705----pid-5705
---ebpf-pid----5707----pid-1
---ebpf-pid----5707----pid-5707
---ebpf-pid----372714----pid-372714
---ebpf-pid----5705----pid-5476
---ebpf-pid----5707----pid-5476
---ebpf-pid----5705----pid-1
---ebpf-pid----5705----pid-5705
---ebpf-pid----372714----pid-5476
---ebpf-pid----5707----pid-1
---ebpf-pid----2089----pid-2089
---ebpf-pid----5705----pid-5476
---ebpf-pid----372714----pid-1
---ebpf-pid----372714----pid-372714
---ebpf-pid----2089----pid-1
---ebpf-pid----5705----pid-1
---ebpf-pid----372881----pid-372881
---ebpf-pid----5705----pid-5705
---ebpf-pid----372714----pid-5476
---ebpf-pid----5705----pid-5476
---ebpf-pid----372881----pid-1
---ebpf-pid----372881----pid-372881
---ebpf-pid----372714----pid-1
---ebpf-pid----5705----pid-1
---ebpf-pid----5705----pid-5705
---ebpf-pid----372881----pid-1
---ebpf-pid----372881----pid-372881
---ebpf-pid----5705----pid-5476
---ebpf-pid----372881----pid-1
---ebpf-pid----5705----pid-1
---ebpf-pid----372714----pid-372714
---ebpf-pid----372881----pid-372881
---ebpf-pid----5705----pid-5705
---ebpf-pid----5705----pid-5476
---ebpf-pid----372881----pid-1
---ebpf-pid----372714----pid-5476
---ebpf-pid----372881----pid-372881
---ebpf-pid----5705----pid-1
---ebpf-pid----372714----pid-1
---ebpf-pid----5705----pid-5705
---ebpf-pid----372714----pid-372714
---ebpf-pid----5705----pid-5476
---ebpf-pid----372714----pid-5476
---ebpf-pid----5705----pid-1
---ebpf-pid----5705----pid-5705
---ebpf-pid----372714----pid-1
---ebpf-pid----372714----pid-372714
---ebpf-pid----5705----pid-5476
---ebpf-pid----372714----pid-5476
---ebpf-pid----5705----pid-1
---ebpf-pid----5705----pid-5705
---ebpf-pid----372714----pid-1
---ebpf-pid----372714----pid-372714
---ebpf-pid----5705----pid-5476
---ebpf-pid----372714----pid-5476
---ebpf-pid----5705----pid-1
---ebpf-pid----5705----pid-5705
---ebpf-pid----372714----pid-1
---ebpf-pid----372714----pid-372714
---ebpf-pid----5705----pid-5476
---ebpf-pid----372714----pid-5476
---ebpf-pid----5705----pid-1
---ebpf-pid----5705----pid-5705
---ebpf-pid----372714----pid-1
---ebpf-pid----372714----pid-372714
---ebpf-pid----5705----pid-5476
---ebpf-pid----5705----pid-1
---ebpf-pid----372714----pid-5476
---ebpf-pid----5705----pid-5705
---ebpf-pid----372714----pid-1
---ebpf-pid----5705----pid-5476
---ebpf-pid----372714----pid-372714
---ebpf-pid----5705----pid-1
---ebpf-pid----372714----pid-5476
---ebpf-pid----5705----pid-5705
---ebpf-pid----372714----pid-1
---ebpf-pid----372714----pid-372714
---ebpf-pid----5705----pid-5476
---ebpf-pid----5705----pid-1
---ebpf-pid----5705----pid-5705
---ebpf-pid----5705----pid-5476
---ebpf-pid----5705----pid-1
---ebpf-pid----5705----pid-5705
---ebpf-pid----5705----pid-5476
---ebpf-pid----5705----pid-1
---ebpf-pid----5705----pid-5705
---ebpf-pid----5705----pid-5476
---ebpf-pid----5705----pid-1
---ebpf-pid----5705----pid-5705
---ebpf-pid----5705----pid-5476
---ebpf-pid----5705----pid-1
---ebpf-pid----372714----pid-5476
---ebpf-pid----372881----pid-1
---ebpf-pid----372714----pid-1
---ebpf-pid----372714----pid-372714
---ebpf-pid----372881----pid-372881
---ebpf-pid----372714----pid-5476
---ebpf-pid----372714----pid-1
---ebpf-pid----372881----pid-372881
---ebpf-pid----372714----pid-372714
---ebpf-pid----372881----pid-1
---ebpf-pid----372714----pid-5476
---ebpf-pid----372881----pid-372881
---ebpf-pid----372714----pid-1
---ebpf-pid----372881----pid-1
---ebpf-pid----372714----pid-372714
---ebpf-pid----372881----pid-372881
---ebpf-pid----372714----pid-5476
---ebpf-pid----372881----pid-1
---ebpf-pid----372881----pid-372881
---ebpf-pid----372714----pid-1
---ebpf-pid----372714----pid-372714
---ebpf-pid----372881----pid-1
---ebpf-pid----372881----pid-372881
---ebpf-pid----372881----pid-1
---ebpf-pid----372881----pid-1
---ebpf-pid----372881----pid-372881
---ebpf-pid----372881----pid-1
---ebpf-pid----372881----pid-372881
---ebpf-pid----372881----pid-1
---ebpf-pid----5707----pid-5707
---ebpf-pid----372881----pid-372881
---ebpf-pid----372881----pid-1
---ebpf-pid----5707----pid-5476
---ebpf-pid----372881----pid-372881
---ebpf-pid----5707----pid-1
---ebpf-pid----372881----pid-1
---ebpf-pid----5707----pid-5707
---ebpf-pid----372881----pid-372881
---ebpf-pid----5707----pid-5476
---ebpf-pid----372881----pid-1
---ebpf-pid----372881----pid-372881
---ebpf-pid----372881----pid-372881
---ebpf-pid----5707----pid-1
---ebpf-pid----372881----pid-1
---ebpf-pid----372881----pid-1
---ebpf-pid----5707----pid-5707
---ebpf-pid----5707----pid-5476
---ebpf-pid----372881----pid-372881
---ebpf-pid----5707----pid-1
---ebpf-pid----5707----pid-5707
---ebpf-pid----372881----pid-1
---ebpf-pid----372881----pid-372881
---ebpf-pid----5707----pid-5476
---ebpf-pid----372881----pid-1
---ebpf-pid----5707----pid-1
---ebpf-pid----372881----pid-372881
---ebpf-pid----5707----pid-5707
---ebpf-pid----5707----pid-5476
---ebpf-pid----372881----pid-1
---ebpf-pid----5707----pid-1
---ebpf-pid----372881----pid-372881
---ebpf-pid----5707----pid-5707
---ebpf-pid----372881----pid-1
---ebpf-pid----372881----pid-372881
---ebpf-pid----372714----pid-5476
---ebpf-pid----372881----pid-372881
---ebpf-pid----372881----pid-1
---ebpf-pid----372881----pid-372881
---ebpf-pid----372714----pid-1
---ebpf-pid----372881----pid-1
---ebpf-pid----372881----pid-372881
---ebpf-pid----372714----pid-372714
---ebpf-pid----372714----pid-5476
---ebpf-pid----372881----pid-1
---ebpf-pid----372714----pid-1
---ebpf-pid----372714----pid-372714
---ebpf-pid----372881----pid-372881
---ebpf-pid----372714----pid-5476
---ebpf-pid----372714----pid-1
---ebpf-pid----372714----pid-372714
---ebpf-pid----372881----pid-1
---ebpf-pid----372881----pid-372881
---ebpf-pid----372881----pid-1
---ebpf-pid----372881----pid-372881
---ebpf-pid----372881----pid-1
---ebpf-pid----372881----pid-372881
---ebpf-pid----372881----pid-1
---ebpf-pid----372881----pid-372881
---ebpf-pid----372881----pid-1
---ebpf-pid----2089----pid-2089
---ebpf-pid----2089----pid-1
---ebpf-pid----2089----pid-2089
---ebpf-pid----372881----pid-1
---ebpf-pid----372881----pid-372881
---ebpf-pid----372881----pid-1
---ebpf-pid----372714----pid-5476
---ebpf-pid----5707----pid-5476
---ebpf-pid----372881----pid-372881
---ebpf-pid----5707----pid-1
---ebpf-pid----5707----pid-5707
---ebpf-pid----372881----pid-1
---ebpf-pid----372881----pid-372881
---ebpf-pid----5707----pid-5476
---ebpf-pid----372881----pid-1
---ebpf-pid----5707----pid-1
---ebpf-pid----2089----pid-1
---ebpf-pid----372881----pid-372881
---ebpf-pid----5707----pid-5707
---ebpf-pid----372881----pid-1
---ebpf-pid----2089----pid-2089
---ebpf-pid----5707----pid-5476
---ebpf-pid----372881----pid-372881
---ebpf-pid----5707----pid-1
---ebpf-pid----2089----pid-1
---ebpf-pid----372881----pid-1
---ebpf-pid----5707----pid-5707
---ebpf-pid----372881----pid-372881
---ebpf-pid----372881----pid-1
---ebpf-pid----372714----pid-1
---ebpf-pid----372714----pid-372714
---ebpf-pid----372881----pid-372881
---ebpf-pid----372714----pid-5476
---ebpf-pid----372714----pid-1
---ebpf-pid----372714----pid-372714
---ebpf-pid----372714----pid-5476
---ebpf-pid----372881----pid-1
---ebpf-pid----372881----pid-372881
---ebpf-pid----372881----pid-1
---ebpf-pid----372881----pid-372881
---ebpf-pid----2089----pid-2089
---ebpf-pid----5707----pid-5476
---ebpf-pid----5707----pid-1
---ebpf-pid----5707----pid-5707
---ebpf-pid----2089----pid-1
---ebpf-pid----2089----pid-2089
---ebpf-pid----2089----pid-1
---ebpf-pid----2089----pid-2089
---ebpf-pid----372881----pid-1
---ebpf-pid----4716----pid-4716
---ebpf-pid----5707----pid-5476
---ebpf-pid----4716----pid-3323
---ebpf-pid----4716----pid-1
---ebpf-pid----4716----pid-4716
---ebpf-pid----4716----pid-3323
---ebpf-pid----4716----pid-1
---ebpf-pid----372881----pid-372881
---ebpf-pid----372714----pid-1
---ebpf-pid----372881----pid-372881
---ebpf-pid----2089----pid-1
---ebpf-pid----2089----pid-2089
---ebpf-pid----2089----pid-1
---ebpf-pid----2089----pid-2089
---ebpf-pid----2089----pid-1
---ebpf-pid----2089----pid-2089
---ebpf-pid----2089----pid-1
---ebpf-pid----2089----pid-2089
---ebpf-pid----2089----pid-1
---ebpf-pid----2089----pid-2089
---ebpf-pid----2089----pid-1
---ebpf-pid----2089----pid-2089
---ebpf-pid----2089----pid-1
---ebpf-pid----2089----pid-2089
---ebpf-pid----372881----pid-1
---ebpf-pid----372881----pid-372881
---ebpf-pid----372881----pid-1
---ebpf-pid----372881----pid-372881
---ebpf-pid----372881----pid-1
---ebpf-pid----372881----pid-372881
---ebpf-pid----372881----pid-1
---ebpf-pid----372881----pid-372881
---ebpf-pid----372881----pid-1
---ebpf-pid----372881----pid-372881
---ebpf-pid----372881----pid-1
---ebpf-pid----372881----pid-372881
---ebpf-pid----372881----pid-1
---ebpf-pid----372881----pid-1
---ebpf-pid----372881----pid-372881
---ebpf-pid----372881----pid-372881
---ebpf-pid----372881----pid-1
---ebpf-pid----372881----pid-1
---ebpf-pid----372881----pid-372881
---ebpf-pid----372881----pid-372881
---ebpf-pid----372881----pid-1
---ebpf-pid----372881----pid-1
---ebpf-pid----372881----pid-372881
---ebpf-pid----372881----pid-372881
---ebpf-pid----372881----pid-1
---ebpf-pid----372881----pid-372881
---ebpf-pid----372881----pid-1
---ebpf-pid----372881----pid-372881
---ebpf-pid----372881----pid-1
---ebpf-pid----372881----pid-372881
---ebpf-pid----372881----pid-1
---ebpf-pid----372881----pid-372881
---ebpf-pid----2089----pid-1
---ebpf-pid----2089----pid-2089
---ebpf-pid----372881----pid-1
---ebpf-pid----372881----pid-372881
---ebpf-pid----2089----pid-1
---ebpf-pid----5707----pid-1
---ebpf-pid----2089----pid-2089
---ebpf-pid----5707----pid-5707
---ebpf-pid----372881----pid-1
---ebpf-pid----372881----pid-372881
---ebpf-pid----2089----pid-1
---ebpf-pid----2089----pid-2089
---ebpf-pid----2089----pid-1
---ebpf-pid----2089----pid-2089
---ebpf-pid----5707----pid-5476
---ebpf-pid----2089----pid-1
---ebpf-pid----5707----pid-1
---ebpf-pid----2089----pid-2089
---ebpf-pid----5707----pid-5707
---ebpf-pid----5707----pid-5476
---ebpf-pid----2089----pid-1
---ebpf-pid----2089----pid-2089
---ebpf-pid----5707----pid-1
---ebpf-pid----5707----pid-5707
---ebpf-pid----2089----pid-1
---ebpf-pid----2089----pid-2089
---ebpf-pid----5707----pid-5476
---ebpf-pid----2089----pid-1
---ebpf-pid----2089----pid-2089
---ebpf-pid----5707----pid-1
---ebpf-pid----5707----pid-5707
---ebpf-pid----2089----pid-1
---ebpf-pid----2089----pid-2089
---ebpf-pid----5707----pid-5476
---ebpf-pid----5707----pid-1
---ebpf-pid----2089----pid-1
---ebpf-pid----2089----pid-2089
---ebpf-pid----5707----pid-5707
---ebpf-pid----372881----pid-1
---ebpf-pid----372881----pid-372881
---ebpf-pid----5707----pid-5476
---ebpf-pid----2089----pid-1
---ebpf-pid----2089----pid-2089
---ebpf-pid----372881----pid-1
---ebpf-pid----5707----pid-1
---ebpf-pid----372881----pid-372881
---ebpf-pid----5707----pid-5707
---ebpf-pid----2089----pid-1
---ebpf-pid----2089----pid-2089
---ebpf-pid----372881----pid-1
---ebpf-pid----5707----pid-5476
---ebpf-pid----372881----pid-372881
---ebpf-pid----2089----pid-1
---ebpf-pid----5707----pid-1
---ebpf-pid----2089----pid-2089
---ebpf-pid----372881----pid-1
---ebpf-pid----5707----pid-5707
---ebpf-pid----372881----pid-372881
---ebpf-pid----2089----pid-1
---ebpf-pid----2089----pid-2089
---ebpf-pid----5707----pid-5476
---ebpf-pid----372881----pid-1
---ebpf-pid----372881----pid-372881
---ebpf-pid----2089----pid-1
---ebpf-pid----5707----pid-1
---ebpf-pid----5707----pid-5707
---ebpf-pid----5707----pid-5707
---ebpf-pid----372881----pid-1
---ebpf-pid----372881----pid-372881
---ebpf-pid----5707----pid-5476
---ebpf-pid----5707----pid-5476
---ebpf-pid----372881----pid-1
---ebpf-pid----5707----pid-1
---ebpf-pid----5707----pid-1
---ebpf-pid----372881----pid-372881
---ebpf-pid----5707----pid-5707
---ebpf-pid----5707----pid-5707
---ebpf-pid----372881----pid-1
---ebpf-pid----2094----pid-2094
---ebpf-pid----5707----pid-5476
---ebpf-pid----5707----pid-1
---ebpf-pid----5707----pid-5707
---ebpf-pid----5707----pid-5476
---ebpf-pid----5707----pid-1
---ebpf-pid----5707----pid-5707
---ebpf-pid----5707----pid-5476
---ebpf-pid----5707----pid-1
---ebpf-pid----5707----pid-5707
---ebpf-pid----5707----pid-5476
---ebpf-pid----5707----pid-1
---ebpf-pid----5707----pid-5707
---ebpf-pid----5707----pid-5476
---ebpf-pid----5707----pid-1
---ebpf-pid----5707----pid-5707
---ebpf-pid----5707----pid-5476
---ebpf-pid----5707----pid-1
---ebpf-pid----5707----pid-5707
---ebpf-pid----5707----pid-5476
---ebpf-pid----5707----pid-1
---ebpf-pid----5707----pid-5707
---ebpf-pid----5707----pid-5476
---ebpf-pid----5707----pid-1
---ebpf-pid----5707----pid-5707
---ebpf-pid----5707----pid-5476
---ebpf-pid----5707----pid-1
---ebpf-pid----5707----pid-5707
---ebpf-pid----2094----pid-1
---ebpf-pid----5707----pid-5476
---ebpf-pid----2094----pid-2094
---ebpf-pid----5707----pid-1
---ebpf-pid----2094----pid-1
---ebpf-pid----5707----pid-5707
---ebpf-pid----2094----pid-2094
---ebpf-pid----5707----pid-5476
---ebpf-pid----2094----pid-1
---ebpf-pid----2094----pid-2094
---ebpf-pid----5707----pid-1
---ebpf-pid----5707----pid-5707
---ebpf-pid----2094----pid-1
---ebpf-pid----2094----pid-2094
---ebpf-pid----5707----pid-5476
---ebpf-pid----2094----pid-1
---ebpf-pid----5707----pid-1
---ebpf-pid----2094----pid-2094
---ebpf-pid----5707----pid-5707
---ebpf-pid----5707----pid-5476
---ebpf-pid----2094----pid-1
---ebpf-pid----2094----pid-2094
---ebpf-pid----5707----pid-1
---ebpf-pid----5707----pid-5707
---ebpf-pid----2094----pid-1
---ebpf-pid----2094----pid-2094
---ebpf-pid----5707----pid-5476
---ebpf-pid----2094----pid-1
---ebpf-pid----2094----pid-2094
---ebpf-pid----5707----pid-1
---ebpf-pid----5707----pid-5707
---ebpf-pid----2094----pid-1
---ebpf-pid----2094----pid-2094
---ebpf-pid----5707----pid-5476
---ebpf-pid----2094----pid-1
---ebpf-pid----5707----pid-1
---ebpf-pid----2094----pid-2094
---ebpf-pid----5707----pid-5707
---ebpf-pid----2094----pid-1
---ebpf-pid----5707----pid-5476
---ebpf-pid----2094----pid-2094
---ebpf-pid----5707----pid-1
---ebpf-pid----2094----pid-1
---ebpf-pid----5707----pid-5707
---ebpf-pid----2094----pid-2094
---ebpf-pid----2094----pid-1
---ebpf-pid----2094----pid-2094
---ebpf-pid----2094----pid-1
---ebpf-pid----2089----pid-2089
---ebpf-pid----2089----pid-1
---ebpf-pid----2089----pid-2089
---ebpf-pid----2089----pid-1
---ebpf-pid----2089----pid-2089
---ebpf-pid----5707----pid-5476
---ebpf-pid----2089----pid-1
---ebpf-pid----5705----pid-5705
---ebpf-pid----5707----pid-1
---ebpf-pid----5707----pid-5707
---ebpf-pid----5707----pid-5476
---ebpf-pid----5707----pid-1
---ebpf-pid----5707----pid-5707
---ebpf-pid----5707----pid-5476
---ebpf-pid----5707----pid-1
---ebpf-pid----5707----pid-5707
---ebpf-pid----5707----pid-5476
---ebpf-pid----5707----pid-1
---ebpf-pid----5707----pid-5707
---ebpf-pid----5707----pid-5476
---ebpf-pid----5707----pid-1
---ebpf-pid----5707----pid-5707
---ebpf-pid----5707----pid-5476
---ebpf-pid----5707----pid-1
---ebpf-pid----372881----pid-1
---ebpf-pid----372881----pid-372881
---ebpf-pid----372881----pid-1
---ebpf-pid----5707----pid-5707
---ebpf-pid----372881----pid-372881
---ebpf-pid----372881----pid-1
---ebpf-pid----5707----pid-5476
---ebpf-pid----372881----pid-372881
---ebpf-pid----5707----pid-1
---ebpf-pid----372881----pid-1
---ebpf-pid----5707----pid-5707
---ebpf-pid----372881----pid-372881
---ebpf-pid----372881----pid-1
---ebpf-pid----5707----pid-5476
---ebpf-pid----372881----pid-372881
---ebpf-pid----5707----pid-1
---ebpf-pid----372881----pid-1
---ebpf-pid----5707----pid-5707
---ebpf-pid----372881----pid-372881
---ebpf-pid----5707----pid-5476
---ebpf-pid----372881----pid-1
---ebpf-pid----372881----pid-372881
---ebpf-pid----5707----pid-1
---ebpf-pid----5707----pid-5707
---ebpf-pid----372881----pid-1
---ebpf-pid----5707----pid-5476
---ebpf-pid----5707----pid-1
---ebpf-pid----5707----pid-5707
---ebpf-pid----5707----pid-5476
---ebpf-pid----5707----pid-1
---ebpf-pid----5707----pid-5707
---ebpf-pid----5707----pid-5476
---ebpf-pid----5707----pid-5476
---ebpf-pid----5707----pid-1
---ebpf-pid----5707----pid-1
---ebpf-pid----5707----pid-5707
---ebpf-pid----5707----pid-5707
---ebpf-pid----5707----pid-5476
---ebpf-pid----5707----pid-5476
---ebpf-pid----5707----pid-1
---ebpf-pid----5707----pid-1
---ebpf-pid----5707----pid-5707
---ebpf-pid----5707----pid-5707
---ebpf-pid----5707----pid-5476
---ebpf-pid----5707----pid-5476
---ebpf-pid----5707----pid-1
---ebpf-pid----5707----pid-5707
---ebpf-pid----5707----pid-1
---ebpf-pid----5707----pid-5707
---ebpf-pid----5707----pid-5476
---ebpf-pid----5707----pid-5476
---ebpf-pid----5707----pid-1
---ebpf-pid----5707----pid-5707
---ebpf-pid----5707----pid-1
---ebpf-pid----2089----pid-2089
---ebpf-pid----5707----pid-5476
---ebpf-pid----2089----pid-1
---ebpf-pid----2089----pid-2089
---ebpf-pid----5707----pid-1
---ebpf-pid----5707----pid-5707
---ebpf-pid----2089----pid-1
---ebpf-pid----2089----pid-2089
---ebpf-pid----5707----pid-5476
---ebpf-pid----2089----pid-1
---ebpf-pid----5707----pid-1
---ebpf-pid----5707----pid-5707
---ebpf-pid----2089----pid-2089
---ebpf-pid----5707----pid-5476
---ebpf-pid----5705----pid-5476
---ebpf-pid----372881----pid-372881
---ebpf-pid----5705----pid-1
---ebpf-pid----5705----pid-5705
---ebpf-pid----372881----pid-1
---ebpf-pid----372881----pid-372881
---ebpf-pid----372881----pid-1
---ebpf-pid----372881----pid-372881
---ebpf-pid----5705----pid-5476
---ebpf-pid----372881----pid-1
---ebpf-pid----5705----pid-1
---ebpf-pid----372881----pid-372881
---ebpf-pid----5705----pid-5705
---ebpf-pid----5705----pid-5476
---ebpf-pid----372881----pid-1
---ebpf-pid----5705----pid-1
---ebpf-pid----372881----pid-372881
---ebpf-pid----5705----pid-5705
---ebpf-pid----5707----pid-1
---ebpf-pid----372881----pid-1
---ebpf-pid----5707----pid-5707
---ebpf-pid----372881----pid-372881
---ebpf-pid----5705----pid-5476
---ebpf-pid----5707----pid-5476
---ebpf-pid----372881----pid-1
---ebpf-pid----5705----pid-1
---ebpf-pid----372881----pid-372881
---ebpf-pid----2094----pid-2094
---ebpf-pid----5707----pid-1
---ebpf-pid----372881----pid-1
---ebpf-pid----5707----pid-5707
---ebpf-pid----2094----pid-1
---ebpf-pid----372881----pid-372881
---ebpf-pid----2094----pid-2094
---ebpf-pid----5707----pid-5476
---ebpf-pid----372881----pid-1
---ebpf-pid----372881----pid-372881
---ebpf-pid----2094----pid-1
---ebpf-pid----5707----pid-1
---ebpf-pid----2094----pid-2094
---ebpf-pid----5707----pid-5707
---ebpf-pid----372881----pid-1
---ebpf-pid----372881----pid-372881
---ebpf-pid----2094----pid-1
---ebpf-pid----2094----pid-2094
---ebpf-pid----5707----pid-5476
---ebpf-pid----372881----pid-1
---ebpf-pid----372881----pid-372881
---ebpf-pid----5707----pid-1
---ebpf-pid----2094----pid-1
---ebpf-pid----5707----pid-5707
---ebpf-pid----2094----pid-2094
---ebpf-pid----372881----pid-1
---ebpf-pid----372881----pid-372881
---ebpf-pid----2094----pid-1
---ebpf-pid----5707----pid-5476
---ebpf-pid----2094----pid-2094
---ebpf-pid----372881----pid-1
---ebpf-pid----5707----pid-1
---ebpf-pid----372881----pid-372881
---ebpf-pid----2094----pid-1
---ebpf-pid----5707----pid-5707
---ebpf-pid----372714----pid-372714
---ebpf-pid----372881----pid-1
---ebpf-pid----372881----pid-372881
---ebpf-pid----5707----pid-5476
---ebpf-pid----5707----pid-1
---ebpf-pid----372881----pid-1
---ebpf-pid----372881----pid-372881
---ebpf-pid----5707----pid-5707
---ebpf-pid----372714----pid-5476
---ebpf-pid----372881----pid-1
---ebpf-pid----5707----pid-5476
---ebpf-pid----372881----pid-372881
---ebpf-pid----372714----pid-1
---ebpf-pid----372714----pid-372714
---ebpf-pid----5707----pid-1
---ebpf-pid----372881----pid-1
---ebpf-pid----5707----pid-5707
---ebpf-pid----372881----pid-372881
---ebpf-pid----372714----pid-5476
---ebpf-pid----372881----pid-1
---ebpf-pid----5707----pid-5476
---ebpf-pid----372714----pid-1
---ebpf-pid----372881----pid-372881
---ebpf-pid----372714----pid-372714
---ebpf-pid----5707----pid-1
---ebpf-pid----372881----pid-1
---ebpf-pid----5707----pid-5707
---ebpf-pid----372714----pid-5476
---ebpf-pid----5707----pid-5476
---ebpf-pid----372714----pid-1
---ebpf-pid----372881----pid-372881
---ebpf-pid----372714----pid-372714
---ebpf-pid----5707----pid-1
---ebpf-pid----5707----pid-5707
---ebpf-pid----372714----pid-5476
---ebpf-pid----372881----pid-1
---ebpf-pid----448785----pid-448785
---ebpf-pid----5707----pid-5476
---ebpf-pid----372714----pid-1
---ebpf-pid----372714----pid-372714
---ebpf-pid----448785----pid-448520
---ebpf-pid----5707----pid-1
---ebpf-pid----372714----pid-5476
---ebpf-pid----5707----pid-5707
---ebpf-pid----448785----pid-1
---ebpf-pid----448783----pid-448783
---ebpf-pid----2089----pid-1
---ebpf-pid----2089----pid-2089
---ebpf-pid----2089----pid-1
---ebpf-pid----448783----pid-448520
---ebpf-pid----2089----pid-2089
---ebpf-pid----2089----pid-1
---ebpf-pid----2089----pid-2089
---ebpf-pid----448783----pid-1
---ebpf-pid----448785----pid-448785
---ebpf-pid----2089----pid-1
---ebpf-pid----2089----pid-2089
---ebpf-pid----448785----pid-448520
---ebpf-pid----2089----pid-1
---ebpf-pid----2089----pid-2089
---ebpf-pid----2089----pid-1
---ebpf-pid----448785----pid-1
---ebpf-pid----2089----pid-2089
---ebpf-pid----7313----pid-7313
---ebpf-pid----2089----pid-1
---ebpf-pid----2089----pid-2089
---ebpf-pid----7313----pid-1
---ebpf-pid----2089----pid-1
---ebpf-pid----448785----pid-448785
---ebpf-pid----2089----pid-2089
---ebpf-pid----2089----pid-1
---ebpf-pid----448785----pid-448520
---ebpf-pid----5707----pid-5707
---ebpf-pid----5707----pid-5476
---ebpf-pid----448785----pid-1
---ebpf-pid----5707----pid-1
---ebpf-pid----7313----pid-7313
---ebpf-pid----5707----pid-5707
---ebpf-pid----5707----pid-5476
---ebpf-pid----5707----pid-5476
---ebpf-pid----5707----pid-1
---ebpf-pid----5707----pid-5707
---ebpf-pid----5707----pid-5476
---ebpf-pid----5707----pid-1
---ebpf-pid----5707----pid-5707
---ebpf-pid----372714----pid-1
---ebpf-pid----372714----pid-372714
---ebpf-pid----372714----pid-5476
---ebpf-pid----372714----pid-1
---ebpf-pid----372714----pid-372714
---ebpf-pid----372714----pid-5476
---ebpf-pid----372714----pid-1
---ebpf-pid----372714----pid-372714
---ebpf-pid----372714----pid-5476
---ebpf-pid----372714----pid-1
---ebpf-pid----379067----pid-379067
---ebpf-pid----379067----pid-5476
---ebpf-pid----379067----pid-1
---ebpf-pid----379067----pid-379067
---ebpf-pid----379067----pid-5476
---ebpf-pid----379067----pid-1
---ebpf-pid----379067----pid-379067
---ebpf-pid----379067----pid-5476
---ebpf-pid----379067----pid-1
---ebpf-pid----379067----pid-379067
---ebpf-pid----379067----pid-5476
---ebpf-pid----379067----pid-1
---ebpf-pid----379067----pid-379067
---ebpf-pid----379067----pid-5476
---ebpf-pid----379067----pid-1
---ebpf-pid----379067----pid-379067
---ebpf-pid----379067----pid-5476
---ebpf-pid----7313----pid-1
---ebpf-pid----448785----pid-448785
---ebpf-pid----448785----pid-448520
---ebpf-pid----5707----pid-5476
---ebpf-pid----448785----pid-1
---ebpf-pid----448546----pid-448546
---ebpf-pid----5707----pid-1
---ebpf-pid----5707----pid-5707
---ebpf-pid----448546----pid-1
---ebpf-pid----7313----pid-7313
---ebpf-pid----5707----pid-5476
---ebpf-pid----5707----pid-1
---ebpf-pid----5707----pid-5707
---ebpf-pid----5707----pid-5476
---ebpf-pid----5707----pid-1
---ebpf-pid----5707----pid-5707
---ebpf-pid----5707----pid-1
---ebpf-pid----5707----pid-5707
---ebpf-pid----5707----pid-5476
---ebpf-pid----5707----pid-5476
---ebpf-pid----5707----pid-1
---ebpf-pid----5707----pid-1
---ebpf-pid----5707----pid-5707
---ebpf-pid----5707----pid-5707
---ebpf-pid----5707----pid-5476
---ebpf-pid----5707----pid-5476
---ebpf-pid----5707----pid-1
---ebpf-pid----5707----pid-1
---ebpf-pid----5707----pid-5707
---ebpf-pid----5707----pid-5707
---ebpf-pid----5707----pid-5476
---ebpf-pid----5707----pid-5476
---ebpf-pid----5707----pid-1
---ebpf-pid----5707----pid-1
---ebpf-pid----5707----pid-5707
---ebpf-pid----5707----pid-5707
---ebpf-pid----5707----pid-5476
---ebpf-pid----5707----pid-5476
---ebpf-pid----5707----pid-1
---ebpf-pid----5707----pid-1
---ebpf-pid----5707----pid-5707
---ebpf-pid----5707----pid-5707
---ebpf-pid----5707----pid-5476
---ebpf-pid----5707----pid-5476
---ebpf-pid----5707----pid-1
---ebpf-pid----5707----pid-1
---ebpf-pid----5707----pid-5707
---ebpf-pid----5707----pid-5707
---ebpf-pid----5707----pid-5476
---ebpf-pid----5707----pid-5476
---ebpf-pid----5707----pid-1
---ebpf-pid----5707----pid-1
---ebpf-pid----5707----pid-5707
---ebpf-pid----5707----pid-5476
---ebpf-pid----379067----pid-1
---ebpf-pid----379067----pid-379067
---ebpf-pid----379067----pid-5476
---ebpf-pid----379067----pid-1
---ebpf-pid----379067----pid-379067
---ebpf-pid----379067----pid-5476
---ebpf-pid----379067----pid-1
---ebpf-pid----372881----pid-372881
---ebpf-pid----372881----pid-1
---ebpf-pid----372881----pid-372881
---ebpf-pid----372881----pid-1
---ebpf-pid----372881----pid-372881
---ebpf-pid----372881----pid-1
---ebpf-pid----372881----pid-372881
---ebpf-pid----372881----pid-1
---ebpf-pid----372881----pid-372881
---ebpf-pid----372881----pid-1
---ebpf-pid----2088----pid-2088
---ebpf-pid----2088----pid-1
---ebpf-pid----2088----pid-2088
---ebpf-pid----2088----pid-1
---ebpf-pid----2088----pid-2088
---ebpf-pid----2088----pid-1
---ebpf-pid----2012----pid-2012
---ebpf-pid----2012----pid-1
---ebpf-pid----372881----pid-372881
---ebpf-pid----372881----pid-1
---ebpf-pid----372881----pid-372881
---ebpf-pid----372881----pid-1
---ebpf-pid----379067----pid-379067
---ebpf-pid----379067----pid-5476
---ebpf-pid----7313----pid-1
---ebpf-pid----5707----pid-5707
---ebpf-pid----5707----pid-5476
---ebpf-pid----5707----pid-1
---ebpf-pid----5707----pid-5707
---ebpf-pid----5707----pid-5476
---ebpf-pid----5707----pid-1
---ebpf-pid----373029----pid-373029
---ebpf-pid----373029----pid-5476
---ebpf-pid----373029----pid-1
---ebpf-pid----373029----pid-373029
---ebpf-pid----379067----pid-1
---ebpf-pid----373029----pid-5476
---ebpf-pid----379067----pid-379067
---ebpf-pid----373029----pid-1
---ebpf-pid----373029----pid-373029
---ebpf-pid----379067----pid-5476
---ebpf-pid----373029----pid-5476
---ebpf-pid----379067----pid-1
---ebpf-pid----379067----pid-379067
---ebpf-pid----373029----pid-1
---ebpf-pid----373029----pid-373029
---ebpf-pid----379067----pid-5476
---ebpf-pid----373029----pid-5476
---ebpf-pid----379067----pid-1
---ebpf-pid----4716----pid-4716
---ebpf-pid----4716----pid-3323
---ebpf-pid----4716----pid-1
---ebpf-pid----448785----pid-448785
---ebpf-pid----448785----pid-448520
---ebpf-pid----448785----pid-1
---ebpf-pid----7313----pid-7313
---ebpf-pid----7313----pid-1
---ebpf-pid----7313----pid-7313
---ebpf-pid----7313----pid-1
---ebpf-pid----5707----pid-1
---ebpf-pid----5637----pid-5637
---ebpf-pid----373029----pid-1
---ebpf-pid----5707----pid-5707
---ebpf-pid----5637----pid-1
---ebpf-pid----373029----pid-373029
---ebpf-pid----5707----pid-5476
---ebpf-pid----448785----pid-448785
---ebpf-pid----5707----pid-1
---ebpf-pid----448785----pid-448520
---ebpf-pid----373029----pid-5476
---ebpf-pid----2089----pid-2089
---ebpf-pid----448785----pid-1
---ebpf-pid----373029----pid-1
---ebpf-pid----2089----pid-1
---ebpf-pid----448785----pid-448785
---ebpf-pid----373029----pid-373029
---ebpf-pid----2088----pid-2088
---ebpf-pid----448785----pid-448520
---ebpf-pid----373029----pid-5476
---ebpf-pid----2088----pid-1
---ebpf-pid----373029----pid-1
---ebpf-pid----448785----pid-1
---ebpf-pid----2088----pid-2088
---ebpf-pid----373029----pid-373029
---ebpf-pid----448785----pid-448785
---ebpf-pid----2088----pid-1
---ebpf-pid----373029----pid-5476
---ebpf-pid----448785----pid-448520
---ebpf-pid----2088----pid-2088
---ebpf-pid----373029----pid-1
---ebpf-pid----448785----pid-1
---ebpf-pid----2088----pid-1
---ebpf-pid----373029----pid-373029
---ebpf-pid----448785----pid-448785
---ebpf-pid----2088----pid-2088
---ebpf-pid----373029----pid-5476
---ebpf-pid----448785----pid-448520
---ebpf-pid----448785----pid-1
---ebpf-pid----373029----pid-1
---ebpf-pid----448785----pid-448785
---ebpf-pid----373029----pid-373029
---ebpf-pid----448785----pid-448520
---ebpf-pid----373029----pid-5476
---ebpf-pid----448785----pid-1
---ebpf-pid----373029----pid-1
---ebpf-pid----448785----pid-448785
---ebpf-pid----373029----pid-373029
---ebpf-pid----448785----pid-448520
---ebpf-pid----373029----pid-5476
---ebpf-pid----448785----pid-1
---ebpf-pid----373029----pid-1
---ebpf-pid----373029----pid-373029
---ebpf-pid----448785----pid-448785
---ebpf-pid----373029----pid-5476
---ebpf-pid----448785----pid-448520
---ebpf-pid----373029----pid-1
---ebpf-pid----448785----pid-1
---ebpf-pid----373029----pid-373029
---ebpf-pid----448785----pid-448785
---ebpf-pid----373029----pid-5476
---ebpf-pid----448785----pid-448520
---ebpf-pid----373029----pid-1
---ebpf-pid----448785----pid-1
---ebpf-pid----373029----pid-373029
---ebpf-pid----448785----pid-448785
---ebpf-pid----373029----pid-5476
---ebpf-pid----373029----pid-1
---ebpf-pid----373029----pid-373029
---ebpf-pid----373029----pid-5476
---ebpf-pid----373029----pid-1
---ebpf-pid----373029----pid-373029
---ebpf-pid----373029----pid-5476
---ebpf-pid----373029----pid-1
---ebpf-pid----373029----pid-373029
---ebpf-pid----373029----pid-5476
---ebpf-pid----373029----pid-1
---ebpf-pid----373029----pid-373029
---ebpf-pid----373029----pid-5476
---ebpf-pid----373029----pid-1
---ebpf-pid----373029----pid-373029
---ebpf-pid----373029----pid-5476
---ebpf-pid----373029----pid-1
---ebpf-pid----372714----pid-372714
---ebpf-pid----372714----pid-5476
---ebpf-pid----372714----pid-1
---ebpf-pid----372714----pid-372714
---ebpf-pid----372714----pid-5476
---ebpf-pid----372714----pid-1
---ebpf-pid----372714----pid-372714
---ebpf-pid----372714----pid-5476
---ebpf-pid----448785----pid-448520
---ebpf-pid----448785----pid-1
---ebpf-pid----448546----pid-448546
---ebpf-pid----372714----pid-1
---ebpf-pid----372714----pid-372714
---ebpf-pid----448546----pid-1
---ebpf-pid----7313----pid-7313
---ebpf-pid----372714----pid-5476
---ebpf-pid----7313----pid-1
---ebpf-pid----372714----pid-1
---ebpf-pid----7313----pid-7313
---ebpf-pid----372714----pid-372714
---ebpf-pid----7313----pid-1
---ebpf-pid----7313----pid-7313
---ebpf-pid----372714----pid-5476
---ebpf-pid----2088----pid-1
---ebpf-pid----7313----pid-1
---ebpf-pid----372714----pid-1
---ebpf-pid----2088----pid-2088
---ebpf-pid----7313----pid-7313
---ebpf-pid----372714----pid-372714
---ebpf-pid----7313----pid-1
---ebpf-pid----372714----pid-5476
---ebpf-pid----2088----pid-1
---ebpf-pid----7313----pid-7313
---ebpf-pid----448785----pid-448785
---ebpf-pid----7313----pid-1
---ebpf-pid----7313----pid-7313
---ebpf-pid----7313----pid-1
---ebpf-pid----448785----pid-448520
---ebpf-pid----448546----pid-448546
---ebpf-pid----448546----pid-1
---ebpf-pid----448784----pid-448784
---ebpf-pid----2088----pid-2088
---ebpf-pid----448784----pid-448520
---ebpf-pid----448785----pid-1
---ebpf-pid----448784----pid-1
---ebpf-pid----448546----pid-448546
---ebpf-pid----372714----pid-1
---ebpf-pid----448546----pid-1
---ebpf-pid----372714----pid-372714
---ebpf-pid----372714----pid-5476
---ebpf-pid----372714----pid-1
---ebpf-pid----372714----pid-372714
---ebpf-pid----372714----pid-5476
---ebpf-pid----372714----pid-1
---ebpf-pid----372714----pid-372714
---ebpf-pid----372714----pid-5476
---ebpf-pid----372714----pid-1
---ebpf-pid----2089----pid-2089
---ebpf-pid----2089----pid-1
---ebpf-pid----2089----pid-2089
---ebpf-pid----448546----pid-448546
---ebpf-pid----2089----pid-1
---ebpf-pid----2089----pid-2089
---ebpf-pid----448546----pid-1
---ebpf-pid----5637----pid-5637
---ebpf-pid----2089----pid-1
---ebpf-pid----372714----pid-372714
---ebpf-pid----5637----pid-1
---ebpf-pid----448546----pid-448546
---ebpf-pid----372714----pid-5476
---ebpf-pid----448546----pid-1
---ebpf-pid----5637----pid-5637
---ebpf-pid----5637----pid-1
---ebpf-pid----448546----pid-448546
---ebpf-pid----2088----pid-1
---ebpf-pid----448546----pid-1
---ebpf-pid----2088----pid-2088
---ebpf-pid----5637----pid-5637
---ebpf-pid----2088----pid-1
---ebpf-pid----5637----pid-1
---ebpf-pid----2088----pid-2088
---ebpf-pid----448783----pid-448783
---ebpf-pid----372714----pid-1
---ebpf-pid----448783----pid-448520
---ebpf-pid----2088----pid-1
---ebpf-pid----5705----pid-5705
---ebpf-pid----2088----pid-2088
---ebpf-pid----448783----pid-1
---ebpf-pid----5705----pid-5476
---ebpf-pid----448546----pid-448546
---ebpf-pid----2088----pid-1
---ebpf-pid----2088----pid-2088
---ebpf-pid----448546----pid-1
---ebpf-pid----5705----pid-1
---ebpf-pid----5637----pid-5637
---ebpf-pid----5705----pid-5705
---ebpf-pid----2088----pid-1
---ebpf-pid----2088----pid-2088
---ebpf-pid----5637----pid-1
---ebpf-pid----5705----pid-5476
---ebpf-pid----5637----pid-5637
---ebpf-pid----2088----pid-1
---ebpf-pid----2088----pid-2088
---ebpf-pid----5637----pid-1
---ebpf-pid----5705----pid-1
---ebpf-pid----5637----pid-5637
---ebpf-pid----372714----pid-372714
---ebpf-pid----2088----pid-1
---ebpf-pid----2088----pid-2088
---ebpf-pid----5637----pid-1
---ebpf-pid----372714----pid-5476
---ebpf-pid----5637----pid-5637
---ebpf-pid----2088----pid-1
---ebpf-pid----2088----pid-2088
---ebpf-pid----372714----pid-1
---ebpf-pid----5637----pid-1
---ebpf-pid----372714----pid-372714
---ebpf-pid----5637----pid-5637
---ebpf-pid----2088----pid-1
---ebpf-pid----2088----pid-2088
---ebpf-pid----372714----pid-5476
---ebpf-pid----5637----pid-1
---ebpf-pid----5637----pid-5637
---ebpf-pid----2088----pid-1
---ebpf-pid----372714----pid-1
---ebpf-pid----372714----pid-372714
---ebpf-pid----2088----pid-2088
---ebpf-pid----5637----pid-1
---ebpf-pid----5637----pid-5637
---ebpf-pid----372714----pid-5476
---ebpf-pid----2088----pid-1
---ebpf-pid----2088----pid-2088
---ebpf-pid----5637----pid-1
---ebpf-pid----372714----pid-1
---ebpf-pid----5637----pid-5637
---ebpf-pid----2094----pid-2094
---ebpf-pid----2088----pid-1
---ebpf-pid----2088----pid-2088
---ebpf-pid----5637----pid-1
---ebpf-pid----5428----pid-5428
---ebpf-pid----2094----pid-1
---ebpf-pid----2088----pid-1
---ebpf-pid----2094----pid-2094
---ebpf-pid----2088----pid-2088
---ebpf-pid----2094----pid-1
---ebpf-pid----2088----pid-1
---ebpf-pid----2094----pid-2094
---ebpf-pid----2088----pid-2088
---ebpf-pid----2094----pid-1
---ebpf-pid----2088----pid-1
---ebpf-pid----2094----pid-2094
---ebpf-pid----2088----pid-2088
---ebpf-pid----2088----pid-1
---ebpf-pid----2094----pid-1
---ebpf-pid----2088----pid-2088
---ebpf-pid----2094----pid-2094
---ebpf-pid----2088----pid-1
---ebpf-pid----2094----pid-1
---ebpf-pid----2088----pid-2088
---ebpf-pid----2094----pid-2094
---ebpf-pid----5428----pid-1
---ebpf-pid----2088----pid-1
---ebpf-pid----2094----pid-1
---ebpf-pid----2088----pid-2088
---ebpf-pid----2094----pid-2094
---ebpf-pid----448785----pid-448785
---ebpf-pid----2088----pid-1
---ebpf-pid----2094----pid-1
---ebpf-pid----448785----pid-448520
---ebpf-pid----2088----pid-2088
---ebpf-pid----2094----pid-2094
---ebpf-pid----448785----pid-1
---ebpf-pid----2088----pid-1
---ebpf-pid----2094----pid-1
---ebpf-pid----448785----pid-448785
---ebpf-pid----2094----pid-2094
---ebpf-pid----2088----pid-2088
---ebpf-pid----448785----pid-448520
---ebpf-pid----448785----pid-1
---ebpf-pid----2094----pid-1
---ebpf-pid----448785----pid-448785
---ebpf-pid----2094----pid-2094
---ebpf-pid----448785----pid-448520
---ebpf-pid----2094----pid-1
---ebpf-pid----2094----pid-2094
---ebpf-pid----448785----pid-1
---ebpf-pid----448785----pid-448785
---ebpf-pid----2094----pid-1
---ebpf-pid----2094----pid-2094
---ebpf-pid----2088----pid-1
---ebpf-pid----2094----pid-1
---ebpf-pid----448785----pid-448520
---ebpf-pid----2094----pid-2094
---ebpf-pid----448785----pid-1
---ebpf-pid----2094----pid-1
---ebpf-pid----448785----pid-448785
---ebpf-pid----2094----pid-2094
---ebpf-pid----448785----pid-448520
---ebpf-pid----2094----pid-1
---ebpf-pid----2094----pid-2094
---ebpf-pid----448785----pid-1
---ebpf-pid----448785----pid-448785
---ebpf-pid----2094----pid-1
---ebpf-pid----448785----pid-448520
---ebpf-pid----448785----pid-1
---ebpf-pid----448785----pid-448785
---ebpf-pid----448785----pid-448520
---ebpf-pid----448785----pid-1
---ebpf-pid----2088----pid-2088
---ebpf-pid----448785----pid-448785
---ebpf-pid----448785----pid-448520
---ebpf-pid----2094----pid-2094
---ebpf-pid----2088----pid-1
---ebpf-pid----448785----pid-1
---ebpf-pid----5428----pid-5428
---ebpf-pid----2094----pid-1
---ebpf-pid----2088----pid-2088
---ebpf-pid----2094----pid-2094
---ebpf-pid----5428----pid-1
---ebpf-pid----448785----pid-448785
---ebpf-pid----2094----pid-1
---ebpf-pid----2094----pid-2094
---ebpf-pid----2088----pid-1
---ebpf-pid----448785----pid-448520
---ebpf-pid----2088----pid-2088
---ebpf-pid----2094----pid-1
---ebpf-pid----448785----pid-1
---ebpf-pid----373029----pid-373029
---ebpf-pid----448785----pid-448785
---ebpf-pid----373029----pid-5476
---ebpf-pid----448785----pid-448520
---ebpf-pid----2088----pid-1
---ebpf-pid----373029----pid-1
---ebpf-pid----448785----pid-1
---ebpf-pid----2088----pid-2088
---ebpf-pid----373029----pid-373029
---ebpf-pid----448785----pid-448785
---ebpf-pid----373029----pid-5476
---ebpf-pid----448785----pid-448520
---ebpf-pid----373029----pid-1
---ebpf-pid----2088----pid-1
---ebpf-pid----448785----pid-1
---ebpf-pid----373029----pid-373029
---ebpf-pid----448785----pid-448785
---ebpf-pid----2088----pid-2088
---ebpf-pid----373029----pid-5476
---ebpf-pid----448785----pid-448520
---ebpf-pid----448785----pid-1
---ebpf-pid----373029----pid-1
---ebpf-pid----448785----pid-448785
---ebpf-pid----2088----pid-1
---ebpf-pid----379067----pid-379067
---ebpf-pid----448785----pid-448520
---ebpf-pid----379067----pid-5476
---ebpf-pid----448785----pid-1
---ebpf-pid----379067----pid-1
---ebpf-pid----448785----pid-448785
---ebpf-pid----379067----pid-379067
---ebpf-pid----448785----pid-448520
---ebpf-pid----448785----pid-1
---ebpf-pid----448785----pid-448785
---ebpf-pid----448785----pid-448520
---ebpf-pid----379067----pid-5476
---ebpf-pid----379067----pid-1
---ebpf-pid----373029----pid-373029
---ebpf-pid----373029----pid-5476
---ebpf-pid----373029----pid-1
---ebpf-pid----373029----pid-373029
---ebpf-pid----373029----pid-5476
---ebpf-pid----373029----pid-1
---ebpf-pid----373029----pid-373029
---ebpf-pid----373029----pid-5476
---ebpf-pid----373029----pid-1
---ebpf-pid----373029----pid-373029
---ebpf-pid----373029----pid-5476
---ebpf-pid----373029----pid-1
---ebpf-pid----373029----pid-373029
---ebpf-pid----373029----pid-5476
---ebpf-pid----373029----pid-1
---ebpf-pid----373029----pid-373029
---ebpf-pid----373029----pid-5476
---ebpf-pid----373029----pid-1
---ebpf-pid----373029----pid-373029
---ebpf-pid----373029----pid-5476
---ebpf-pid----373029----pid-1
---ebpf-pid----373029----pid-373029
---ebpf-pid----373029----pid-5476
---ebpf-pid----373029----pid-1
---ebpf-pid----373029----pid-373029
---ebpf-pid----373029----pid-5476
---ebpf-pid----373029----pid-1
---ebpf-pid----373029----pid-373029
---ebpf-pid----373029----pid-5476
---ebpf-pid----373029----pid-1
---ebpf-pid----373029----pid-373029
---ebpf-pid----448785----pid-1
---ebpf-pid----448785----pid-448785
---ebpf-pid----373029----pid-5476
---ebpf-pid----448785----pid-448520
---ebpf-pid----373029----pid-1
---ebpf-pid----373029----pid-373029
---ebpf-pid----448785----pid-1
---ebpf-pid----448785----pid-448785
---ebpf-pid----373029----pid-5476
---ebpf-pid----448785----pid-448520
---ebpf-pid----373029----pid-1
---ebpf-pid----448785----pid-1
---ebpf-pid----448785----pid-448785
---ebpf-pid----373029----pid-373029
---ebpf-pid----448785----pid-448520
---ebpf-pid----373029----pid-5476
---ebpf-pid----2088----pid-2088
---ebpf-pid----373029----pid-1
---ebpf-pid----373029----pid-373029
---ebpf-pid----2088----pid-1
---ebpf-pid----373029----pid-5476
---ebpf-pid----2088----pid-2088
---ebpf-pid----373029----pid-1
---ebpf-pid----2088----pid-1
---ebpf-pid----373029----pid-373029
---ebpf-pid----2088----pid-2088
---ebpf-pid----373029----pid-5476
---ebpf-pid----2088----pid-1
---ebpf-pid----2088----pid-2088
---ebpf-pid----373029----pid-1
---ebpf-pid----373029----pid-373029
---ebpf-pid----2088----pid-1
---ebpf-pid----2088----pid-2088
---ebpf-pid----373029----pid-5476
---ebpf-pid----2088----pid-1
---ebpf-pid----2088----pid-2088
---ebpf-pid----373029----pid-1
---ebpf-pid----373029----pid-373029
---ebpf-pid----2088----pid-1
---ebpf-pid----2088----pid-2088
---ebpf-pid----373029----pid-5476
---ebpf-pid----2088----pid-1
---ebpf-pid----373029----pid-1
---ebpf-pid----2088----pid-2088
---ebpf-pid----373029----pid-373029
---ebpf-pid----2088----pid-1
---ebpf-pid----373029----pid-5476
---ebpf-pid----2088----pid-2088
---ebpf-pid----373029----pid-1
---ebpf-pid----2088----pid-1
---ebpf-pid----373029----pid-373029
---ebpf-pid----2088----pid-2088
---ebpf-pid----373029----pid-5476
---ebpf-pid----2088----pid-1
---ebpf-pid----2088----pid-2088
---ebpf-pid----2088----pid-1
---ebpf-pid----2088----pid-2088
---ebpf-pid----2088----pid-1
---ebpf-pid----2088----pid-2088
---ebpf-pid----2088----pid-1
---ebpf-pid----2088----pid-2088
---ebpf-pid----2088----pid-1
---ebpf-pid----2088----pid-2088
---ebpf-pid----2088----pid-1
---ebpf-pid----2088----pid-2088
---ebpf-pid----2088----pid-1
---ebpf-pid----2088----pid-2088
---ebpf-pid----2088----pid-1
---ebpf-pid----2088----pid-2088
---ebpf-pid----2088----pid-1
---ebpf-pid----373029----pid-1
---ebpf-pid----2088----pid-2088
---ebpf-pid----373029----pid-373029
---ebpf-pid----2088----pid-1
---ebpf-pid----373029----pid-5476
---ebpf-pid----2088----pid-2088
---ebpf-pid----373029----pid-1
---ebpf-pid----2088----pid-1
---ebpf-pid----373029----pid-373029
---ebpf-pid----2088----pid-2088
---ebpf-pid----373029----pid-5476
---ebpf-pid----2088----pid-1
---ebpf-pid----2088----pid-2088
---ebpf-pid----373029----pid-1
---ebpf-pid----373029----pid-373029
---ebpf-pid----2088----pid-1
---ebpf-pid----2088----pid-2088
---ebpf-pid----373029----pid-5476
---ebpf-pid----2088----pid-1
---ebpf-pid----373029----pid-1
---ebpf-pid----2088----pid-2088
---ebpf-pid----373029----pid-373029
---ebpf-pid----448785----pid-1
---ebpf-pid----2088----pid-1
---ebpf-pid----448785----pid-448785
---ebpf-pid----2088----pid-2088
---ebpf-pid----448785----pid-448520
---ebpf-pid----2088----pid-1
---ebpf-pid----2088----pid-2088
---ebpf-pid----448785----pid-1
---ebpf-pid----2088----pid-1
---ebpf-pid----5428----pid-5428
---ebpf-pid----2088----pid-2088
---ebpf-pid----5428----pid-1
---ebpf-pid----2088----pid-1
---ebpf-pid----5428----pid-5428
---ebpf-pid----2088----pid-2088
---ebpf-pid----5428----pid-1
---ebpf-pid----2088----pid-1
---ebpf-pid----448784----pid-448784
---ebpf-pid----2088----pid-2088
---ebpf-pid----448784----pid-448520
---ebpf-pid----2088----pid-1
---ebpf-pid----2089----pid-2089
---ebpf-pid----448784----pid-1
---ebpf-pid----448784----pid-448784
---ebpf-pid----2089----pid-1
---ebpf-pid----2089----pid-2089
---ebpf-pid----448784----pid-448520
---ebpf-pid----448784----pid-1
---ebpf-pid----448782----pid-448782
---ebpf-pid----2089----pid-1
---ebpf-pid----2089----pid-2089
---ebpf-pid----4716----pid-4716
---ebpf-pid----2089----pid-1
---ebpf-pid----2089----pid-2089
---ebpf-pid----4716----pid-3323
---ebpf-pid----2089----pid-1
---ebpf-pid----2089----pid-2089
---ebpf-pid----4716----pid-1
---ebpf-pid----5707----pid-5707
---ebpf-pid----2089----pid-1
---ebpf-pid----5707----pid-5476
---ebpf-pid----2089----pid-2089
---ebpf-pid----5707----pid-1
---ebpf-pid----2089----pid-1
---ebpf-pid----448782----pid-448520
---ebpf-pid----5707----pid-5707
---ebpf-pid----5707----pid-5476
---ebpf-pid----448782----pid-1
---ebpf-pid----5428----pid-5428
---ebpf-pid----5707----pid-1
---ebpf-pid----5707----pid-5707
---ebpf-pid----5428----pid-1
---ebpf-pid----448546----pid-448546
---ebpf-pid----5707----pid-5476
---ebpf-pid----448546----pid-1
---ebpf-pid----5707----pid-1
---ebpf-pid----448782----pid-448782
---ebpf-pid----5707----pid-5707
---ebpf-pid----448782----pid-448520
---ebpf-pid----5707----pid-5476
---ebpf-pid----448782----pid-1
---ebpf-pid----5707----pid-1
---ebpf-pid----448546----pid-448546
---ebpf-pid----5707----pid-5707
---ebpf-pid----448546----pid-1
---ebpf-pid----5707----pid-5476
---ebpf-pid----448782----pid-448782
---ebpf-pid----5707----pid-1
---ebpf-pid----5707----pid-5707
---ebpf-pid----448782----pid-448520
---ebpf-pid----2089----pid-2089
---ebpf-pid----5707----pid-5476
---ebpf-pid----448782----pid-1
---ebpf-pid----2089----pid-1
---ebpf-pid----448782----pid-448782
---ebpf-pid----2089----pid-2089
---ebpf-pid----5707----pid-1
---ebpf-pid----5707----pid-5707
---ebpf-pid----448782----pid-448520
---ebpf-pid----2089----pid-1
---ebpf-pid----2089----pid-2089
---ebpf-pid----5707----pid-5476
---ebpf-pid----448782----pid-1
---ebpf-pid----448782----pid-448782
---ebpf-pid----2089----pid-1
---ebpf-pid----5707----pid-1
---ebpf-pid----373029----pid-373029
---ebpf-pid----5707----pid-5707
---ebpf-pid----448782----pid-448520
---ebpf-pid----373029----pid-5476
---ebpf-pid----373029----pid-1
---ebpf-pid----373029----pid-373029
---ebpf-pid----5707----pid-5476
---ebpf-pid----373029----pid-5476
---ebpf-pid----5707----pid-1
---ebpf-pid----373029----pid-1
---ebpf-pid----5707----pid-5707
---ebpf-pid----373029----pid-373029
---ebpf-pid----5707----pid-5476
---ebpf-pid----5707----pid-1
---ebpf-pid----5707----pid-5707
---ebpf-pid----5707----pid-5476
---ebpf-pid----448782----pid-1
---ebpf-pid----448782----pid-448782
---ebpf-pid----5707----pid-1
---ebpf-pid----5707----pid-5707
---ebpf-pid----448782----pid-448520
---ebpf-pid----5707----pid-5476
---ebpf-pid----448782----pid-1
---ebpf-pid----448782----pid-448782
---ebpf-pid----5707----pid-1
---ebpf-pid----448784----pid-448784
---ebpf-pid----448782----pid-448520
---ebpf-pid----448782----pid-1
---ebpf-pid----448784----pid-448520
---ebpf-pid----448782----pid-448782
---ebpf-pid----373029----pid-5476
---ebpf-pid----448784----pid-1
---ebpf-pid----448782----pid-448520
---ebpf-pid----448784----pid-448784
---ebpf-pid----373029----pid-1
---ebpf-pid----448782----pid-1
---ebpf-pid----448784----pid-448520
---ebpf-pid----448782----pid-448782
---ebpf-pid----373029----pid-373029
---ebpf-pid----448782----pid-448520
---ebpf-pid----448784----pid-1
---ebpf-pid----448784----pid-448784
---ebpf-pid----373029----pid-5476
---ebpf-pid----448782----pid-1
---ebpf-pid----448782----pid-448782
---ebpf-pid----448784----pid-448520
---ebpf-pid----448782----pid-448520
---ebpf-pid----373029----pid-1
---ebpf-pid----448784----pid-1
---ebpf-pid----373029----pid-373029
---ebpf-pid----448784----pid-448784
---ebpf-pid----448782----pid-1
---ebpf-pid----448782----pid-448782
---ebpf-pid----373029----pid-5476
---ebpf-pid----448784----pid-448520
---ebpf-pid----448782----pid-448520
---ebpf-pid----373029----pid-1
---ebpf-pid----448784----pid-1
---ebpf-pid----373029----pid-373029
---ebpf-pid----448782----pid-1
---ebpf-pid----7313----pid-7313
---ebpf-pid----373029----pid-5476
---ebpf-pid----7313----pid-1
---ebpf-pid----2094----pid-2094
---ebpf-pid----373029----pid-1
---ebpf-pid----373029----pid-373029
---ebpf-pid----2094----pid-1
---ebpf-pid----2094----pid-2094
---ebpf-pid----373029----pid-5476
---ebpf-pid----2094----pid-1
---ebpf-pid----373029----pid-1
---ebpf-pid----2094----pid-2094
---ebpf-pid----373029----pid-373029
---ebpf-pid----373029----pid-5476
---ebpf-pid----2094----pid-1
---ebpf-pid----7313----pid-7313
---ebpf-pid----373029----pid-1
---ebpf-pid----373029----pid-373029
---ebpf-pid----7313----pid-1
---ebpf-pid----2094----pid-2094
---ebpf-pid----373029----pid-5476
---ebpf-pid----373029----pid-1
---ebpf-pid----2094----pid-1
---ebpf-pid----373029----pid-373029
---ebpf-pid----2094----pid-2094
---ebpf-pid----373029----pid-5476
---ebpf-pid----2094----pid-1
---ebpf-pid----2094----pid-2094
---ebpf-pid----373029----pid-1
---ebpf-pid----373029----pid-373029
---ebpf-pid----2094----pid-1
---ebpf-pid----2094----pid-2094
---ebpf-pid----373029----pid-5476
---ebpf-pid----2094----pid-1
---ebpf-pid----373029----pid-1
---ebpf-pid----2094----pid-2094
---ebpf-pid----373029----pid-373029
---ebpf-pid----2094----pid-1
---ebpf-pid----373029----pid-5476
---ebpf-pid----373029----pid-1
---ebpf-pid----2094----pid-2094
---ebpf-pid----373029----pid-373029
---ebpf-pid----373029----pid-5476
---ebpf-pid----2094----pid-1
---ebpf-pid----2094----pid-2094
---ebpf-pid----373029----pid-1
---ebpf-pid----373029----pid-373029
---ebpf-pid----2094----pid-1
---ebpf-pid----2094----pid-2094
---ebpf-pid----373029----pid-5476
---ebpf-pid----373029----pid-1
---ebpf-pid----2094----pid-1
---ebpf-pid----373029----pid-373029
---ebpf-pid----2094----pid-2094
---ebpf-pid----373029----pid-5476
---ebpf-pid----2094----pid-1
---ebpf-pid----2094----pid-2094
---ebpf-pid----373029----pid-1
---ebpf-pid----372881----pid-372881
---ebpf-pid----2094----pid-1
---ebpf-pid----2094----pid-2094
---ebpf-pid----372881----pid-1
---ebpf-pid----372881----pid-372881
---ebpf-pid----2094----pid-1
---ebpf-pid----372881----pid-1
---ebpf-pid----2094----pid-2094
---ebpf-pid----372881----pid-372881
---ebpf-pid----372881----pid-1
---ebpf-pid----372881----pid-372881
---ebpf-pid----2094----pid-1
---ebpf-pid----2094----pid-2094
---ebpf-pid----372881----pid-1
---ebpf-pid----372881----pid-372881
---ebpf-pid----2094----pid-1
---ebpf-pid----2094----pid-2094
---ebpf-pid----372881----pid-1
---ebpf-pid----372881----pid-372881
---ebpf-pid----2094----pid-1
---ebpf-pid----2094----pid-2094
---ebpf-pid----372881----pid-1
---ebpf-pid----372881----pid-372881
---ebpf-pid----2094----pid-1
---ebpf-pid----2094----pid-2094
---ebpf-pid----372881----pid-1
---ebpf-pid----372881----pid-372881
---ebpf-pid----2094----pid-1
---ebpf-pid----448784----pid-448784
---ebpf-pid----372881----pid-1
---ebpf-pid----372881----pid-372881
---ebpf-pid----448784----pid-448520
---ebpf-pid----372881----pid-1
---ebpf-pid----372881----pid-372881
---ebpf-pid----448784----pid-1
---ebpf-pid----448784----pid-448784
---ebpf-pid----372881----pid-1
---ebpf-pid----372881----pid-372881
---ebpf-pid----448784----pid-448520
---ebpf-pid----448784----pid-1
---ebpf-pid----448784----pid-448784
---ebpf-pid----372881----pid-1
---ebpf-pid----448784----pid-448520
---ebpf-pid----372881----pid-372881
---ebpf-pid----448784----pid-1
---ebpf-pid----372881----pid-1
---ebpf-pid----448784----pid-448784
---ebpf-pid----372881----pid-372881
---ebpf-pid----448784----pid-448520
---ebpf-pid----372881----pid-1
---ebpf-pid----372881----pid-372881
---ebpf-pid----448784----pid-1
---ebpf-pid----448784----pid-448784
---ebpf-pid----372881----pid-1
---ebpf-pid----372881----pid-372881
---ebpf-pid----448784----pid-448520
---ebpf-pid----448784----pid-1
---ebpf-pid----372881----pid-1
---ebpf-pid----448784----pid-448784
---ebpf-pid----372881----pid-372881
---ebpf-pid----448784----pid-448520
---ebpf-pid----448784----pid-1
---ebpf-pid----448784----pid-448784
---ebpf-pid----372881----pid-1
---ebpf-pid----448784----pid-448520
---ebpf-pid----372881----pid-372881
---ebpf-pid----448784----pid-1
---ebpf-pid----372881----pid-1
---ebpf-pid----448784----pid-448784
---ebpf-pid----372881----pid-372881
---ebpf-pid----448784----pid-448520
---ebpf-pid----372881----pid-1
---ebpf-pid----2012----pid-2012
---ebpf-pid----448784----pid-1
---ebpf-pid----448784----pid-448784
---ebpf-pid----448784----pid-448520
---ebpf-pid----2012----pid-1
---ebpf-pid----2012----pid-2012
---ebpf-pid----448784----pid-1
---ebpf-pid----373029----pid-373029
---ebpf-pid----2012----pid-1
---ebpf-pid----2012----pid-2012
---ebpf-pid----373029----pid-5476
---ebpf-pid----2012----pid-1
---ebpf-pid----373029----pid-1
---ebpf-pid----2012----pid-2012
---ebpf-pid----373029----pid-373029
---ebpf-pid----2012----pid-1
---ebpf-pid----2012----pid-2012
---ebpf-pid----373029----pid-5476
---ebpf-pid----2012----pid-1
---ebpf-pid----2012----pid-2012
---ebpf-pid----373029----pid-1
---ebpf-pid----2012----pid-1
---ebpf-pid----5705----pid-5705
---ebpf-pid----2012----pid-2012
---ebpf-pid----5705----pid-5476
---ebpf-pid----2012----pid-1
---ebpf-pid----2012----pid-2012
---ebpf-pid----5705----pid-1
---ebpf-pid----5705----pid-5705
---ebpf-pid----2012----pid-1
---ebpf-pid----2012----pid-2012
---ebpf-pid----5705----pid-5476
---ebpf-pid----2012----pid-1
---ebpf-pid----2012----pid-2012
---ebpf-pid----5705----pid-1
---ebpf-pid----5705----pid-5705
---ebpf-pid----2012----pid-1
---ebpf-pid----379067----pid-379067
---ebpf-pid----5705----pid-5476
---ebpf-pid----379067----pid-5476
---ebpf-pid----5705----pid-1
---ebpf-pid----5705----pid-5705
---ebpf-pid----379067----pid-1
---ebpf-pid----379067----pid-379067
---ebpf-pid----379067----pid-5476
---ebpf-pid----379067----pid-1
---ebpf-pid----372714----pid-372714
---ebpf-pid----5705----pid-5476
---ebpf-pid----372714----pid-5476
---ebpf-pid----5705----pid-1
---ebpf-pid----5705----pid-5705
---ebpf-pid----372714----pid-1
---ebpf-pid----372714----pid-372714
---ebpf-pid----5705----pid-5476
---ebpf-pid----372714----pid-5476
---ebpf-pid----5705----pid-1
---ebpf-pid----372714----pid-1
---ebpf-pid----5705----pid-5705
---ebpf-pid----372714----pid-372714
---ebpf-pid----5705----pid-5476
---ebpf-pid----372714----pid-5476
---ebpf-pid----5705----pid-1
---ebpf-pid----372714----pid-1
---ebpf-pid----5705----pid-5705
---ebpf-pid----372714----pid-372714
---ebpf-pid----5705----pid-5476
---ebpf-pid----372714----pid-5476
---ebpf-pid----5705----pid-1
---ebpf-pid----448785----pid-448785
---ebpf-pid----448785----pid-448520
---ebpf-pid----448785----pid-1
---ebpf-pid----448785----pid-448785
---ebpf-pid----448785----pid-448520
---ebpf-pid----448785----pid-1
---ebpf-pid----448785----pid-448785
---ebpf-pid----448785----pid-448520
---ebpf-pid----448785----pid-1
---ebpf-pid----373029----pid-373029
---ebpf-pid----373029----pid-5476
---ebpf-pid----373029----pid-1
---ebpf-pid----379067----pid-379067
---ebpf-pid----372714----pid-1
---ebpf-pid----2012----pid-2012
---ebpf-pid----379067----pid-5476
---ebpf-pid----379067----pid-1
---ebpf-pid----448784----pid-448784
---ebpf-pid----448784----pid-448520
---ebpf-pid----448784----pid-1
---ebpf-pid----2012----pid-1
---ebpf-pid----448784----pid-448784
---ebpf-pid----2012----pid-2012
---ebpf-pid----448784----pid-448520
---ebpf-pid----2012----pid-1
---ebpf-pid----2089----pid-2089
---ebpf-pid----448784----pid-1
---ebpf-pid----2089----pid-1
---ebpf-pid----448784----pid-448784
---ebpf-pid----2089----pid-2089
---ebpf-pid----448784----pid-448520
---ebpf-pid----2089----pid-1
---ebpf-pid----2089----pid-2089
---ebpf-pid----448784----pid-1
---ebpf-pid----448784----pid-448784
---ebpf-pid----448784----pid-448520
---ebpf-pid----448784----pid-1
---ebpf-pid----448783----pid-448783
---ebpf-pid----448783----pid-448520
---ebpf-pid----448783----pid-1
---ebpf-pid----448783----pid-448783
---ebpf-pid----2089----pid-1
---ebpf-pid----2089----pid-2089
---ebpf-pid----448783----pid-448520
---ebpf-pid----2089----pid-1
---ebpf-pid----448783----pid-1
---ebpf-pid----2089----pid-2089
---ebpf-pid----448783----pid-448783
---ebpf-pid----2089----pid-1
---ebpf-pid----2089----pid-2089
---ebpf-pid----448783----pid-448520
---ebpf-pid----2089----pid-1
---ebpf-pid----448783----pid-1
---ebpf-pid----2089----pid-2089
---ebpf-pid----448784----pid-448784
---ebpf-pid----2089----pid-1
---ebpf-pid----2089----pid-2089
---ebpf-pid----448784----pid-448520
---ebpf-pid----2089----pid-1
---ebpf-pid----448784----pid-1
---ebpf-pid----2089----pid-2089
---ebpf-pid----448784----pid-448784
---ebpf-pid----2089----pid-1
---ebpf-pid----448784----pid-448520
---ebpf-pid----2089----pid-2089
---ebpf-pid----448784----pid-1
---ebpf-pid----2089----pid-1
---ebpf-pid----448784----pid-448784
---ebpf-pid----448784----pid-448520
---ebpf-pid----448784----pid-1
---ebpf-pid----379067----pid-379067
---ebpf-pid----379067----pid-5476
---ebpf-pid----379067----pid-1
---ebpf-pid----373029----pid-373029
---ebpf-pid----373029----pid-5476
---ebpf-pid----373029----pid-1
---ebpf-pid----2089----pid-2089
---ebpf-pid----448782----pid-448782
---ebpf-pid----448782----pid-448520
---ebpf-pid----448782----pid-1
---ebpf-pid----448782----pid-448782
---ebpf-pid----448782----pid-448520
---ebpf-pid----448782----pid-1
---ebpf-pid----5705----pid-5705
---ebpf-pid----2089----pid-1
---ebpf-pid----5705----pid-5476
---ebpf-pid----2089----pid-2089
---ebpf-pid----5705----pid-1
---ebpf-pid----5705----pid-5705
---ebpf-pid----2089----pid-1
---ebpf-pid----2089----pid-2089
---ebpf-pid----5705----pid-5476
---ebpf-pid----5705----pid-1
---ebpf-pid----5705----pid-5705
---ebpf-pid----5705----pid-5476
---ebpf-pid----5705----pid-1
---ebpf-pid----5705----pid-5705
---ebpf-pid----2089----pid-1
---ebpf-pid----2089----pid-2089
---ebpf-pid----5705----pid-5476
---ebpf-pid----2089----pid-1
---ebpf-pid----5705----pid-1
---ebpf-pid----2089----pid-2089
---ebpf-pid----448783----pid-448783
---ebpf-pid----2089----pid-1
---ebpf-pid----2089----pid-2089
---ebpf-pid----448783----pid-448520
---ebpf-pid----2089----pid-1
---ebpf-pid----448783----pid-1
---ebpf-pid----448783----pid-448783
---ebpf-pid----448783----pid-448520
---ebpf-pid----448783----pid-1
---ebpf-pid----448782----pid-448782
---ebpf-pid----448782----pid-448520
---ebpf-pid----448782----pid-1
---ebpf-pid----448782----pid-448782
---ebpf-pid----448782----pid-448520
---ebpf-pid----448782----pid-1
---ebpf-pid----2089----pid-2089
---ebpf-pid----379067----pid-379067
---ebpf-pid----2089----pid-1
---ebpf-pid----379067----pid-5476
---ebpf-pid----2089----pid-2089
---ebpf-pid----2089----pid-1
---ebpf-pid----379067----pid-1
---ebpf-pid----2089----pid-2089
---ebpf-pid----379067----pid-379067
---ebpf-pid----2089----pid-1
---ebpf-pid----2089----pid-2089
---ebpf-pid----2089----pid-1
---ebpf-pid----2089----pid-2089
---ebpf-pid----379067----pid-5476
---ebpf-pid----2089----pid-1
---ebpf-pid----379067----pid-1
---ebpf-pid----448782----pid-448782
---ebpf-pid----448782----pid-448520
---ebpf-pid----448782----pid-1
---ebpf-pid----379067----pid-379067
---ebpf-pid----379067----pid-5476
---ebpf-pid----379067----pid-1
---ebpf-pid----379067----pid-379067
---ebpf-pid----379067----pid-5476
---ebpf-pid----2089----pid-2089
---ebpf-pid----379067----pid-1
---ebpf-pid----2089----pid-1
---ebpf-pid----379067----pid-379067
---ebpf-pid----2089----pid-2089
---ebpf-pid----379067----pid-5476
---ebpf-pid----379067----pid-1
---ebpf-pid----448782----pid-448782
---ebpf-pid----448782----pid-448520
---ebpf-pid----448782----pid-1
---ebpf-pid----379067----pid-379067
---ebpf-pid----379067----pid-5476
---ebpf-pid----379067----pid-1
---ebpf-pid----379067----pid-379067
---ebpf-pid----379067----pid-5476
---ebpf-pid----2089----pid-1
---ebpf-pid----2089----pid-2089
---ebpf-pid----379067----pid-1
---ebpf-pid----2089----pid-1
---ebpf-pid----379067----pid-379067
---ebpf-pid----2089----pid-2089
---ebpf-pid----2089----pid-1
---ebpf-pid----379067----pid-5476
---ebpf-pid----2089----pid-2089
---ebpf-pid----379067----pid-1
---ebpf-pid----2089----pid-1
---ebpf-pid----379067----pid-379067
---ebpf-pid----2089----pid-2089
---ebpf-pid----379067----pid-5476
---ebpf-pid----379067----pid-1
---ebpf-pid----379067----pid-379067
---ebpf-pid----379067----pid-5476
---ebpf-pid----379067----pid-1
---ebpf-pid----379067----pid-379067
---ebpf-pid----379067----pid-5476
---ebpf-pid----379067----pid-1
---ebpf-pid----379067----pid-379067
---ebpf-pid----379067----pid-5476
---ebpf-pid----379067----pid-1
---ebpf-pid----379067----pid-379067
---ebpf-pid----379067----pid-5476
---ebpf-pid----379067----pid-1
---ebpf-pid----379067----pid-379067
---ebpf-pid----379067----pid-5476
---ebpf-pid----379067----pid-1
---ebpf-pid----379067----pid-379067
---ebpf-pid----379067----pid-5476
---ebpf-pid----2089----pid-1
---ebpf-pid----379067----pid-1
---ebpf-pid----2089----pid-2089
---ebpf-pid----379067----pid-379067
---ebpf-pid----2089----pid-1
---ebpf-pid----379067----pid-5476
---ebpf-pid----2089----pid-2089
---ebpf-pid----379067----pid-1
---ebpf-pid----2089----pid-1
---ebpf-pid----379067----pid-379067
---ebpf-pid----2089----pid-2089
---ebpf-pid----379067----pid-5476
---ebpf-pid----2089----pid-1
---ebpf-pid----2089----pid-2089
---ebpf-pid----379067----pid-1
---ebpf-pid----379067----pid-379067
---ebpf-pid----2089----pid-1
---ebpf-pid----2089----pid-2089
---ebpf-pid----379067----pid-5476
---ebpf-pid----2089----pid-1
---ebpf-pid----379067----pid-1
---ebpf-pid----2089----pid-2089
---ebpf-pid----379067----pid-379067
---ebpf-pid----379067----pid-5476
---ebpf-pid----379067----pid-1
---ebpf-pid----379067----pid-379067
---ebpf-pid----379067----pid-5476
---ebpf-pid----379067----pid-1
---ebpf-pid----379067----pid-379067
---ebpf-pid----2089----pid-1
---ebpf-pid----2089----pid-2089
---ebpf-pid----379067----pid-5476
---ebpf-pid----2089----pid-1
---ebpf-pid----379067----pid-1
---ebpf-pid----2094----pid-2094
---ebpf-pid----379067----pid-379067
---ebpf-pid----2094----pid-1
---ebpf-pid----379067----pid-5476
---ebpf-pid----2094----pid-2094
---ebpf-pid----379067----pid-1
---ebpf-pid----379067----pid-379067
---ebpf-pid----2094----pid-1
---ebpf-pid----2094----pid-2094
---ebpf-pid----379067----pid-5476
---ebpf-pid----2094----pid-1
---ebpf-pid----2094----pid-2094
---ebpf-pid----379067----pid-1
---ebpf-pid----2094----pid-1
---ebpf-pid----379067----pid-379067
---ebpf-pid----2094----pid-2094
---ebpf-pid----379067----pid-5476
---ebpf-pid----2094----pid-1
---ebpf-pid----2094----pid-2094
---ebpf-pid----379067----pid-1
---ebpf-pid----2094----pid-1
---ebpf-pid----379067----pid-379067
---ebpf-pid----2094----pid-2094
---ebpf-pid----379067----pid-5476
---ebpf-pid----2094----pid-1
---ebpf-pid----2094----pid-2094
---ebpf-pid----379067----pid-1
---ebpf-pid----379067----pid-379067
---ebpf-pid----2094----pid-1
---ebpf-pid----2094----pid-2094
---ebpf-pid----379067----pid-5476
---ebpf-pid----379067----pid-1
---ebpf-pid----2094----pid-1
---ebpf-pid----379067----pid-379067
---ebpf-pid----2094----pid-2094
---ebpf-pid----379067----pid-5476
---ebpf-pid----2094----pid-1
---ebpf-pid----2094----pid-2094
---ebpf-pid----379067----pid-1
---ebpf-pid----2094----pid-1
---ebpf-pid----379067----pid-379067
---ebpf-pid----2094----pid-2094
---ebpf-pid----379067----pid-5476
---ebpf-pid----2094----pid-1
---ebpf-pid----2094----pid-2094
---ebpf-pid----379067----pid-1
---ebpf-pid----379067----pid-379067
---ebpf-pid----2094----pid-1
---ebpf-pid----2094----pid-2094
---ebpf-pid----379067----pid-5476
---ebpf-pid----2094----pid-1
---ebpf-pid----2094----pid-2094
---ebpf-pid----379067----pid-1
---ebpf-pid----379067----pid-379067
---ebpf-pid----2094----pid-1
---ebpf-pid----2094----pid-2094
---ebpf-pid----379067----pid-5476
---ebpf-pid----2094----pid-1
---ebpf-pid----2094----pid-2094
---ebpf-pid----379067----pid-1
---ebpf-pid----379067----pid-379067
---ebpf-pid----2094----pid-1
---ebpf-pid----2094----pid-2094
---ebpf-pid----379067----pid-5476
---ebpf-pid----2094----pid-1
---ebpf-pid----2094----pid-2094
---ebpf-pid----2094----pid-1
---ebpf-pid----2094----pid-2094
---ebpf-pid----2094----pid-1
---ebpf-pid----2094----pid-2094
---ebpf-pid----379067----pid-1
---ebpf-pid----2094----pid-1
---ebpf-pid----379067----pid-379067
---ebpf-pid----2094----pid-2094
---ebpf-pid----379067----pid-5476
---ebpf-pid----379067----pid-1
---ebpf-pid----379067----pid-379067
---ebpf-pid----379067----pid-5476
---ebpf-pid----379067----pid-1
---ebpf-pid----379067----pid-379067
---ebpf-pid----379067----pid-5476
---ebpf-pid----379067----pid-1
---ebpf-pid----379067----pid-379067
---ebpf-pid----379067----pid-5476
---ebpf-pid----379067----pid-1
---ebpf-pid----379067----pid-379067
---ebpf-pid----379067----pid-5476
---ebpf-pid----379067----pid-1
---ebpf-pid----379067----pid-379067
---ebpf-pid----379067----pid-5476
---ebpf-pid----379067----pid-1
---ebpf-pid----379067----pid-379067
---ebpf-pid----379067----pid-5476
---ebpf-pid----379067----pid-1
---ebpf-pid----379067----pid-379067
---ebpf-pid----379067----pid-5476
---ebpf-pid----379067----pid-1
---ebpf-pid----379067----pid-379067
---ebpf-pid----379067----pid-5476
---ebpf-pid----379067----pid-1
---ebpf-pid----379067----pid-379067
---ebpf-pid----2094----pid-1
---ebpf-pid----2094----pid-2094
---ebpf-pid----2094----pid-1
---ebpf-pid----2094----pid-2094
---ebpf-pid----2094----pid-1
---ebpf-pid----2094----pid-2094
---ebpf-pid----2094----pid-1
---ebpf-pid----2094----pid-2094
---ebpf-pid----2094----pid-1
---ebpf-pid----2094----pid-2094
---ebpf-pid----2094----pid-1
---ebpf-pid----2094----pid-2094
---ebpf-pid----2094----pid-1
---ebpf-pid----2094----pid-2094
---ebpf-pid----2094----pid-1
---ebpf-pid----2094----pid-2094
---ebpf-pid----2094----pid-1
---ebpf-pid----2088----pid-2088
---ebpf-pid----2088----pid-1
---ebpf-pid----2088----pid-2088
---ebpf-pid----2088----pid-1
---ebpf-pid----2088----pid-2088
---ebpf-pid----2088----pid-1
---ebpf-pid----2088----pid-2088
---ebpf-pid----2088----pid-1
---ebpf-pid----2088----pid-2088
---ebpf-pid----2088----pid-1
---ebpf-pid----373029----pid-5476
---ebpf-pid----373029----pid-1
---ebpf-pid----373029----pid-373029
---ebpf-pid----373029----pid-5476
---ebpf-pid----373029----pid-1
---ebpf-pid----373029----pid-373029
---ebpf-pid----373029----pid-5476
---ebpf-pid----373029----pid-1
---ebpf-pid----373029----pid-373029
---ebpf-pid----373029----pid-5476
---ebpf-pid----373029----pid-1
---ebpf-pid----373029----pid-373029
---ebpf-pid----373029----pid-5476
---ebpf-pid----373029----pid-1
---ebpf-pid----373029----pid-373029
---ebpf-pid----373029----pid-5476
---ebpf-pid----373029----pid-1
---ebpf-pid----373029----pid-373029
---ebpf-pid----373029----pid-5476
---ebpf-pid----373029----pid-1
---ebpf-pid----373029----pid-373029
---ebpf-pid----373029----pid-5476
---ebpf-pid----2088----pid-2088
---ebpf-pid----2088----pid-1
---ebpf-pid----2088----pid-2088
---ebpf-pid----2088----pid-1
---ebpf-pid----2088----pid-2088
---ebpf-pid----2088----pid-1
---ebpf-pid----2088----pid-2088
---ebpf-pid----2088----pid-1
---ebpf-pid----2088----pid-2088
---ebpf-pid----2088----pid-1
---ebpf-pid----2088----pid-2088
---ebpf-pid----2088----pid-1
---ebpf-pid----2088----pid-2088
---ebpf-pid----2088----pid-1
---ebpf-pid----2088----pid-2088
---ebpf-pid----2088----pid-1
---ebpf-pid----2088----pid-2088
---ebpf-pid----2088----pid-1
---ebpf-pid----2088----pid-2088
---ebpf-pid----2088----pid-1
---ebpf-pid----2094----pid-2094
---ebpf-pid----2094----pid-1
---ebpf-pid----2094----pid-2094
---ebpf-pid----2094----pid-1
---ebpf-pid----2094----pid-2094
---ebpf-pid----2094----pid-1
---ebpf-pid----2094----pid-2094
---ebpf-pid----379067----pid-5476
---ebpf-pid----379067----pid-1
---ebpf-pid----379067----pid-379067
---ebpf-pid----379067----pid-5476
---ebpf-pid----379067----pid-1
---ebpf-pid----379067----pid-379067
---ebpf-pid----379067----pid-5476
---ebpf-pid----379067----pid-1
---ebpf-pid----379067----pid-379067
---ebpf-pid----379067----pid-5476
---ebpf-pid----379067----pid-1
---ebpf-pid----379067----pid-379067
---ebpf-pid----379067----pid-5476
---ebpf-pid----379067----pid-1
---ebpf-pid----379067----pid-379067
---ebpf-pid----379067----pid-5476
---ebpf-pid----379067----pid-1
---ebpf-pid----379067----pid-379067
---ebpf-pid----379067----pid-5476
---ebpf-pid----379067----pid-1
---ebpf-pid----379067----pid-379067
---ebpf-pid----379067----pid-5476
---ebpf-pid----379067----pid-1
---ebpf-pid----379067----pid-379067
---ebpf-pid----379067----pid-5476
---ebpf-pid----373029----pid-1
---ebpf-pid----373029----pid-373029
---ebpf-pid----373029----pid-5476
---ebpf-pid----373029----pid-1
---ebpf-pid----373029----pid-373029
---ebpf-pid----373029----pid-5476
---ebpf-pid----373029----pid-1
---ebpf-pid----373029----pid-373029
---ebpf-pid----373029----pid-5476
---ebpf-pid----373029----pid-1
---ebpf-pid----373029----pid-373029
---ebpf-pid----373029----pid-5476
---ebpf-pid----373029----pid-1
---ebpf-pid----373029----pid-373029
---ebpf-pid----373029----pid-5476
---ebpf-pid----373029----pid-1
---ebpf-pid----373029----pid-373029
---ebpf-pid----373029----pid-5476
---ebpf-pid----373029----pid-1
---ebpf-pid----373029----pid-373029
---ebpf-pid----373029----pid-5476
---ebpf-pid----373029----pid-1
---ebpf-pid----373029----pid-373029
---ebpf-pid----373029----pid-5476
---ebpf-pid----373029----pid-1
---ebpf-pid----379067----pid-379067
---ebpf-pid----379067----pid-5476
---ebpf-pid----379067----pid-1
---ebpf-pid----379067----pid-379067
---ebpf-pid----379067----pid-5476
---ebpf-pid----379067----pid-1
---ebpf-pid----379067----pid-379067
---ebpf-pid----379067----pid-5476
---ebpf-pid----379067----pid-1
---ebpf-pid----379067----pid-379067
---ebpf-pid----379067----pid-5476
---ebpf-pid----379067----pid-1
---ebpf-pid----379067----pid-379067
---ebpf-pid----379067----pid-5476
---ebpf-pid----2094----pid-1
---ebpf-pid----2094----pid-2094
---ebpf-pid----2094----pid-1
---ebpf-pid----2094----pid-2094
---ebpf-pid----2094----pid-1
---ebpf-pid----2094----pid-2094
---ebpf-pid----2094----pid-1
---ebpf-pid----2094----pid-2094
---ebpf-pid----2094----pid-1
---ebpf-pid----2094----pid-2094
---ebpf-pid----2094----pid-1
---ebpf-pid----2094----pid-2094
---ebpf-pid----2094----pid-1
---ebpf-pid----2094----pid-2094
---ebpf-pid----379067----pid-1
---ebpf-pid----379067----pid-379067
---ebpf-pid----379067----pid-5476
---ebpf-pid----379067----pid-1
---ebpf-pid----379067----pid-379067
---ebpf-pid----379067----pid-5476
---ebpf-pid----379067----pid-1
---ebpf-pid----379067----pid-379067
---ebpf-pid----379067----pid-5476
---ebpf-pid----379067----pid-1
---ebpf-pid----379067----pid-379067
---ebpf-pid----379067----pid-5476
---ebpf-pid----379067----pid-1
---ebpf-pid----379067----pid-1
---ebpf-pid----2088----pid-2088
---ebpf-pid----379067----pid-379067
---ebpf-pid----2088----pid-1
---ebpf-pid----379067----pid-5476
---ebpf-pid----2088----pid-2088
---ebpf-pid----379067----pid-1
---ebpf-pid----2088----pid-1
---ebpf-pid----379067----pid-379067
---ebpf-pid----2088----pid-2088
---ebpf-pid----379067----pid-5476
---ebpf-pid----2088----pid-1
---ebpf-pid----2088----pid-2088
---ebpf-pid----379067----pid-1
---ebpf-pid----379067----pid-379067
---ebpf-pid----2012----pid-2012
---ebpf-pid----2088----pid-1
---ebpf-pid----2088----pid-2088
---ebpf-pid----379067----pid-5476
---ebpf-pid----2012----pid-1
---ebpf-pid----2088----pid-1
---ebpf-pid----373029----pid-373029
---ebpf-pid----379067----pid-1
---ebpf-pid----2088----pid-2088
---ebpf-pid----379067----pid-379067
---ebpf-pid----373029----pid-5476
---ebpf-pid----2088----pid-1
---ebpf-pid----379067----pid-5476
---ebpf-pid----2088----pid-2088
---ebpf-pid----373029----pid-1
---ebpf-pid----373029----pid-373029
---ebpf-pid----2088----pid-1
---ebpf-pid----379067----pid-1
---ebpf-pid----2088----pid-2088
---ebpf-pid----379067----pid-379067
---ebpf-pid----373029----pid-5476
---ebpf-pid----379067----pid-5476
---ebpf-pid----373029----pid-1
---ebpf-pid----373029----pid-373029
---ebpf-pid----2094----pid-1
---ebpf-pid----379067----pid-1
---ebpf-pid----2094----pid-2094
---ebpf-pid----379067----pid-379067
---ebpf-pid----2094----pid-1
---ebpf-pid----373029----pid-5476
---ebpf-pid----379067----pid-5476
---ebpf-pid----2094----pid-2094
---ebpf-pid----373029----pid-1
---ebpf-pid----379067----pid-1
---ebpf-pid----2094----pid-1
---ebpf-pid----373029----pid-373029
---ebpf-pid----379067----pid-379067
---ebpf-pid----2088----pid-2088
---ebpf-pid----373029----pid-5476
---ebpf-pid----379067----pid-5476
---ebpf-pid----2088----pid-1
---ebpf-pid----2088----pid-2088
---ebpf-pid----373029----pid-1
---ebpf-pid----379067----pid-1
---ebpf-pid----373029----pid-373029
---ebpf-pid----2088----pid-1
---ebpf-pid----379067----pid-379067
---ebpf-pid----2088----pid-2088
---ebpf-pid----373029----pid-5476
---ebpf-pid----379067----pid-5476
---ebpf-pid----2088----pid-1
---ebpf-pid----373029----pid-1
---ebpf-pid----2088----pid-2088
---ebpf-pid----373029----pid-373029
---ebpf-pid----379067----pid-1
---ebpf-pid----379067----pid-379067
---ebpf-pid----2088----pid-1
---ebpf-pid----373029----pid-5476
---ebpf-pid----379067----pid-5476
---ebpf-pid----373029----pid-1
---ebpf-pid----379067----pid-1
---ebpf-pid----379067----pid-379067
---ebpf-pid----2088----pid-2088
---ebpf-pid----379067----pid-5476
---ebpf-pid----2088----pid-1
---ebpf-pid----2088----pid-2088
---ebpf-pid----379067----pid-1
---ebpf-pid----379067----pid-379067
---ebpf-pid----2088----pid-1
---ebpf-pid----2088----pid-2088
---ebpf-pid----379067----pid-5476
---ebpf-pid----2088----pid-1
---ebpf-pid----2088----pid-2088
---ebpf-pid----379067----pid-1
---ebpf-pid----2094----pid-2094
---ebpf-pid----2088----pid-1
---ebpf-pid----2088----pid-2088
---ebpf-pid----2094----pid-1
---ebpf-pid----2094----pid-2094
---ebpf-pid----2088----pid-1
---ebpf-pid----2088----pid-2088
---ebpf-pid----2094----pid-1
---ebpf-pid----2088----pid-2088
---ebpf-pid----2088----pid-1
---ebpf-pid----2088----pid-2088
---ebpf-pid----2088----pid-1
---ebpf-pid----2088----pid-2088
---ebpf-pid----2088----pid-1
---ebpf-pid----2088----pid-2088
---ebpf-pid----2088----pid-1
---ebpf-pid----2088----pid-2088
---ebpf-pid----2088----pid-1
---ebpf-pid----2088----pid-2088
---ebpf-pid----2088----pid-1
---ebpf-pid----2088----pid-2088
---ebpf-pid----2088----pid-1
---ebpf-pid----2088----pid-2088
---ebpf-pid----2088----pid-1
---ebpf-pid----2088----pid-2088
---ebpf-pid----2088----pid-1
---ebpf-pid----2088----pid-2088
---ebpf-pid----2088----pid-1
---ebpf-pid----2088----pid-2088
---ebpf-pid----2088----pid-1
---ebpf-pid----2088----pid-2088
---ebpf-pid----2088----pid-1
---ebpf-pid----2088----pid-2088
---ebpf-pid----2088----pid-1
---ebpf-pid----2088----pid-2088
---ebpf-pid----2088----pid-1
---ebpf-pid----2088----pid-2088
---ebpf-pid----2088----pid-1
---ebpf-pid----2088----pid-2088
---ebpf-pid----2088----pid-1
---ebpf-pid----2088----pid-2088
---ebpf-pid----2088----pid-1
---ebpf-pid----2088----pid-2088
---ebpf-pid----2088----pid-1
---ebpf-pid----2088----pid-2088
---ebpf-pid----2088----pid-1
---ebpf-pid----2088----pid-2088
---ebpf-pid----2088----pid-1
---ebpf-pid----2088----pid-2088
---ebpf-pid----2088----pid-1
---ebpf-pid----2088----pid-2088
---ebpf-pid----2088----pid-1
---ebpf-pid----2088----pid-2088
---ebpf-pid----2088----pid-1
---ebpf-pid----2088----pid-2088
---ebpf-pid----2088----pid-1
---ebpf-pid----2088----pid-2088
---ebpf-pid----2088----pid-1
---ebpf-pid----2088----pid-2088
---ebpf-pid----373029----pid-373029
---ebpf-pid----2088----pid-1
---ebpf-pid----2088----pid-2088
---ebpf-pid----373029----pid-5476
---ebpf-pid----2088----pid-1
---ebpf-pid----2088----pid-2088
---ebpf-pid----373029----pid-1
---ebpf-pid----448784----pid-448784
---ebpf-pid----2088----pid-1
---ebpf-pid----2088----pid-2088
---ebpf-pid----448784----pid-448520
---ebpf-pid----2088----pid-1
---ebpf-pid----379067----pid-379067
---ebpf-pid----448784----pid-1
---ebpf-pid----2012----pid-2012
---ebpf-pid----2088----pid-1
---ebpf-pid----2088----pid-2088
---ebpf-pid----2088----pid-1
---ebpf-pid----2088----pid-1
---ebpf-pid----2088----pid-2088
---ebpf-pid----2088----pid-2088
---ebpf-pid----2088----pid-1
---ebpf-pid----2088----pid-1
---ebpf-pid----372714----pid-372714
---ebpf-pid----372714----pid-5476
---ebpf-pid----372714----pid-1
---ebpf-pid----372714----pid-372714
---ebpf-pid----372714----pid-5476
---ebpf-pid----372714----pid-1
---ebpf-pid----372714----pid-372714
---ebpf-pid----372714----pid-5476
---ebpf-pid----372714----pid-1
---ebpf-pid----372714----pid-372714
---ebpf-pid----372714----pid-5476
---ebpf-pid----372714----pid-1
---ebpf-pid----372714----pid-372714
---ebpf-pid----372714----pid-5476
---ebpf-pid----2088----pid-2088
---ebpf-pid----2088----pid-1
---ebpf-pid----2012----pid-1
---ebpf-pid----2088----pid-2088
---ebpf-pid----2012----pid-2012
---ebpf-pid----2088----pid-1
---ebpf-pid----2012----pid-1
---ebpf-pid----2088----pid-2088
---ebpf-pid----2012----pid-2012
---ebpf-pid----2088----pid-1
---ebpf-pid----2012----pid-1
---ebpf-pid----2088----pid-2088
---ebpf-pid----2012----pid-2012
---ebpf-pid----2088----pid-1
---ebpf-pid----2012----pid-1
---ebpf-pid----379067----pid-379067
---ebpf-pid----2012----pid-2012
---ebpf-pid----2012----pid-1
---ebpf-pid----379067----pid-5476
---ebpf-pid----2012----pid-2012
---ebpf-pid----379067----pid-1
---ebpf-pid----2012----pid-1
---ebpf-pid----379067----pid-379067
---ebpf-pid----7313----pid-7313
---ebpf-pid----379067----pid-5476
---ebpf-pid----7313----pid-1
---ebpf-pid----7313----pid-7313
---ebpf-pid----379067----pid-1
---ebpf-pid----379067----pid-379067
---ebpf-pid----7313----pid-1
---ebpf-pid----7313----pid-7313
---ebpf-pid----379067----pid-5476
---ebpf-pid----7313----pid-1
---ebpf-pid----379067----pid-1
---ebpf-pid----7313----pid-7313
---ebpf-pid----379067----pid-379067
---ebpf-pid----7313----pid-1
---ebpf-pid----7313----pid-7313
---ebpf-pid----379067----pid-5476
---ebpf-pid----7313----pid-1
---ebpf-pid----379067----pid-1
---ebpf-pid----7313----pid-7313
---ebpf-pid----379067----pid-379067
---ebpf-pid----7313----pid-1
---ebpf-pid----379067----pid-5476
---ebpf-pid----2012----pid-2012
---ebpf-pid----379067----pid-1
---ebpf-pid----2012----pid-1
---ebpf-pid----379067----pid-379067
---ebpf-pid----2012----pid-2012
---ebpf-pid----379067----pid-5476
---ebpf-pid----2012----pid-1
---ebpf-pid----2012----pid-2012
---ebpf-pid----379067----pid-1
---ebpf-pid----2094----pid-2094
---ebpf-pid----2012----pid-1
---ebpf-pid----373029----pid-373029
---ebpf-pid----2094----pid-1
---ebpf-pid----2094----pid-2094
---ebpf-pid----373029----pid-5476
---ebpf-pid----2094----pid-1
---ebpf-pid----373029----pid-1
---ebpf-pid----372714----pid-372714
---ebpf-pid----373029----pid-373029
---ebpf-pid----372714----pid-5476
---ebpf-pid----373029----pid-5476
---ebpf-pid----379067----pid-5476
---ebpf-pid----379067----pid-1
---ebpf-pid----379067----pid-379067
---ebpf-pid----372714----pid-1
---ebpf-pid----2094----pid-2094
---ebpf-pid----379067----pid-5476
---ebpf-pid----379067----pid-1
---ebpf-pid----2094----pid-1
---ebpf-pid----379067----pid-379067
---ebpf-pid----2094----pid-2094
---ebpf-pid----379067----pid-5476
---ebpf-pid----2094----pid-1
---ebpf-pid----372714----pid-372714
---ebpf-pid----379067----pid-1
---ebpf-pid----2088----pid-2088
---ebpf-pid----372714----pid-5476
---ebpf-pid----2088----pid-1
---ebpf-pid----372714----pid-1
---ebpf-pid----372714----pid-372714
---ebpf-pid----2088----pid-2088
---ebpf-pid----372714----pid-5476
---ebpf-pid----2088----pid-1
---ebpf-pid----2088----pid-2088
---ebpf-pid----372714----pid-1
---ebpf-pid----2088----pid-1
---ebpf-pid----372714----pid-372714
---ebpf-pid----2088----pid-2088
---ebpf-pid----372714----pid-5476
---ebpf-pid----372714----pid-1
---ebpf-pid----372714----pid-372714
---ebpf-pid----373029----pid-1
---ebpf-pid----372714----pid-5476
---ebpf-pid----373029----pid-373029
---ebpf-pid----372714----pid-1
---ebpf-pid----372714----pid-372714
---ebpf-pid----373029----pid-5476
---ebpf-pid----372714----pid-5476
---ebpf-pid----373029----pid-1
---ebpf-pid----373029----pid-373029
---ebpf-pid----372714----pid-1
---ebpf-pid----372714----pid-372714
---ebpf-pid----373029----pid-5476
---ebpf-pid----372714----pid-5476
---ebpf-pid----373029----pid-1
---ebpf-pid----372714----pid-1
---ebpf-pid----373029----pid-373029
---ebpf-pid----372714----pid-372714
---ebpf-pid----373029----pid-5476
---ebpf-pid----372714----pid-5476
---ebpf-pid----373029----pid-1
---ebpf-pid----373029----pid-373029
---ebpf-pid----372714----pid-1
---ebpf-pid----2088----pid-2088
---ebpf-pid----2088----pid-1
---ebpf-pid----2088----pid-2088
---ebpf-pid----2088----pid-1
---ebpf-pid----2088----pid-2088
---ebpf-pid----2088----pid-1
---ebpf-pid----2088----pid-2088
---ebpf-pid----2088----pid-1
---ebpf-pid----2088----pid-2088
---ebpf-pid----2088----pid-1
---ebpf-pid----2088----pid-2088
---ebpf-pid----2088----pid-1
---ebpf-pid----2088----pid-2088
---ebpf-pid----2088----pid-1
---ebpf-pid----2088----pid-2088
---ebpf-pid----2088----pid-1
---ebpf-pid----2088----pid-2088
---ebpf-pid----2088----pid-1
---ebpf-pid----2088----pid-2088
---ebpf-pid----2088----pid-1
---ebpf-pid----2088----pid-2088
---ebpf-pid----2088----pid-1
---ebpf-pid----2088----pid-2088
---ebpf-pid----2088----pid-1
---ebpf-pid----2088----pid-2088
---ebpf-pid----2088----pid-1
---ebpf-pid----2088----pid-2088
---ebpf-pid----372714----pid-1
---ebpf-pid----2088----pid-1
---ebpf-pid----2012----pid-2012
---ebpf-pid----2088----pid-2088
---ebpf-pid----2012----pid-1
---ebpf-pid----2088----pid-1
---ebpf-pid----2012----pid-2012
---ebpf-pid----2088----pid-2088
---ebpf-pid----2088----pid-1
---ebpf-pid----2012----pid-1
---ebpf-pid----2088----pid-2088
---ebpf-pid----2012----pid-2012
---ebpf-pid----2088----pid-1
---ebpf-pid----2012----pid-1
---ebpf-pid----2088----pid-2088
---ebpf-pid----2012----pid-2012
---ebpf-pid----2088----pid-1
---ebpf-pid----2012----pid-1
---ebpf-pid----2088----pid-2088
---ebpf-pid----2012----pid-2012
---ebpf-pid----2088----pid-1
---ebpf-pid----2012----pid-1
---ebpf-pid----2088----pid-2088
---ebpf-pid----2012----pid-2012
---ebpf-pid----2088----pid-1
---ebpf-pid----2012----pid-1
---ebpf-pid----2012----pid-2012
---ebpf-pid----2088----pid-2088
---ebpf-pid----2088----pid-1
---ebpf-pid----2088----pid-2088
---ebpf-pid----2088----pid-1
---ebpf-pid----2088----pid-2088
---ebpf-pid----2088----pid-1
---ebpf-pid----2088----pid-2088
---ebpf-pid----2088----pid-1
---ebpf-pid----2088----pid-2088
---ebpf-pid----2012----pid-1
---ebpf-pid----2088----pid-1
---ebpf-pid----2012----pid-2012
---ebpf-pid----2088----pid-2088
---ebpf-pid----2012----pid-1
---ebpf-pid----2088----pid-1
---ebpf-pid----2012----pid-2012
---ebpf-pid----2088----pid-2088
---ebpf-pid----2012----pid-1
---ebpf-pid----2012----pid-2012
---ebpf-pid----2088----pid-1
---ebpf-pid----372881----pid-372881
---ebpf-pid----372881----pid-1
---ebpf-pid----372881----pid-372881
---ebpf-pid----2088----pid-1
---ebpf-pid----2088----pid-2088
---ebpf-pid----372881----pid-1
---ebpf-pid----372881----pid-372881
---ebpf-pid----2088----pid-1
---ebpf-pid----2088----pid-2088
---ebpf-pid----372881----pid-1
---ebpf-pid----372881----pid-372881
---ebpf-pid----2088----pid-1
---ebpf-pid----448784----pid-448784
---ebpf-pid----373029----pid-5476
---ebpf-pid----372881----pid-1
---ebpf-pid----372881----pid-372881
---ebpf-pid----448784----pid-448520
---ebpf-pid----373029----pid-1
---ebpf-pid----372881----pid-1
---ebpf-pid----373029----pid-373029
---ebpf-pid----448784----pid-1
---ebpf-pid----372881----pid-372881
---ebpf-pid----379067----pid-379067
---ebpf-pid----373029----pid-5476
---ebpf-pid----372881----pid-1
---ebpf-pid----379067----pid-5476
---ebpf-pid----372881----pid-372881
---ebpf-pid----373029----pid-1
---ebpf-pid----379067----pid-1
---ebpf-pid----373029----pid-373029
---ebpf-pid----379067----pid-379067
---ebpf-pid----373029----pid-5476
---ebpf-pid----379067----pid-5476
---ebpf-pid----379067----pid-1
---ebpf-pid----379067----pid-379067
---ebpf-pid----379067----pid-5476
---ebpf-pid----379067----pid-1
---ebpf-pid----2012----pid-2012
---ebpf-pid----2012----pid-1
---ebpf-pid----2012----pid-2012
---ebpf-pid----2012----pid-1
---ebpf-pid----2012----pid-2012
---ebpf-pid----2012----pid-1
---ebpf-pid----2012----pid-2012
---ebpf-pid----2012----pid-1
---ebpf-pid----2012----pid-2012
---ebpf-pid----2012----pid-1
---ebpf-pid----2012----pid-2012
---ebpf-pid----2012----pid-1
---ebpf-pid----2012----pid-2012
---ebpf-pid----2012----pid-1
---ebpf-pid----2012----pid-1
---ebpf-pid----2012----pid-2012
---ebpf-pid----2012----pid-2012
---ebpf-pid----2012----pid-1
---ebpf-pid----2012----pid-1
---ebpf-pid----2012----pid-2012
---ebpf-pid----2012----pid-2012
---ebpf-pid----2012----pid-1
---ebpf-pid----2012----pid-1
---ebpf-pid----2012----pid-2012
---ebpf-pid----2012----pid-2012
---ebpf-pid----2012----pid-1
---ebpf-pid----2012----pid-1
---ebpf-pid----2012----pid-2012
---ebpf-pid----2012----pid-2012
---ebpf-pid----2012----pid-1
---ebpf-pid----2012----pid-1
---ebpf-pid----2012----pid-2012
---ebpf-pid----2012----pid-2012
---ebpf-pid----2012----pid-1
---ebpf-pid----373029----pid-1
---ebpf-pid----2012----pid-2012
---ebpf-pid----373029----pid-373029
---ebpf-pid----2012----pid-1
---ebpf-pid----2012----pid-1
---ebpf-pid----2012----pid-2012
---ebpf-pid----2012----pid-2012
---ebpf-pid----373029----pid-5476
---ebpf-pid----2012----pid-1
---ebpf-pid----373029----pid-1
---ebpf-pid----2012----pid-1
---ebpf-pid----2012----pid-2012
---ebpf-pid----373029----pid-373029
---ebpf-pid----2012----pid-2012
---ebpf-pid----2012----pid-1
---ebpf-pid----373029----pid-5476
---ebpf-pid----2012----pid-1
---ebpf-pid----2012----pid-2012
---ebpf-pid----2012----pid-2012
---ebpf-pid----373029----pid-1
---ebpf-pid----2012----pid-1
---ebpf-pid----373029----pid-373029
---ebpf-pid----2012----pid-1
---ebpf-pid----2012----pid-2012
---ebpf-pid----373029----pid-5476
---ebpf-pid----2012----pid-1
---ebpf-pid----2012----pid-2012
---ebpf-pid----373029----pid-1
---ebpf-pid----373029----pid-373029
---ebpf-pid----373029----pid-5476
---ebpf-pid----373029----pid-1
---ebpf-pid----373029----pid-373029
---ebpf-pid----373029----pid-5476
---ebpf-pid----373029----pid-1
---ebpf-pid----2012----pid-2012
---ebpf-pid----2012----pid-1
---ebpf-pid----2012----pid-2012
---ebpf-pid----2012----pid-1
---ebpf-pid----2012----pid-2012
---ebpf-pid----2012----pid-2012
---ebpf-pid----2012----pid-1
---ebpf-pid----2012----pid-2012
---ebpf-pid----2012----pid-1
---ebpf-pid----2012----pid-2012
---ebpf-pid----2012----pid-1
---ebpf-pid----2012----pid-2012
---ebpf-pid----372881----pid-1
---ebpf-pid----2012----pid-1
---ebpf-pid----372881----pid-372881
---ebpf-pid----2012----pid-2012
---ebpf-pid----372881----pid-1
---ebpf-pid----2012----pid-1
---ebpf-pid----372881----pid-372881
---ebpf-pid----2012----pid-2012
---ebpf-pid----372881----pid-1
---ebpf-pid----2012----pid-1
---ebpf-pid----2088----pid-2088
---ebpf-pid----2012----pid-2012
---ebpf-pid----2012----pid-1
---ebpf-pid----2012----pid-2012
---ebpf-pid----2012----pid-1
---ebpf-pid----2012----pid-2012
---ebpf-pid----2012----pid-1
---ebpf-pid----5637----pid-5637
---ebpf-pid----5637----pid-1
---ebpf-pid----2012----pid-2012
---ebpf-pid----2012----pid-1
---ebpf-pid----2088----pid-2088
---ebpf-pid----2088----pid-1
---ebpf-pid----2088----pid-2088
---ebpf-pid----2088----pid-1
---ebpf-pid----2088----pid-2088
---ebpf-pid----2088----pid-1
---ebpf-pid----2088----pid-2088
---ebpf-pid----2088----pid-1
---ebpf-pid----2088----pid-2088
---ebpf-pid----2088----pid-1
---ebpf-pid----2088----pid-2088
---ebpf-pid----2088----pid-1
---ebpf-pid----2088----pid-2088
---ebpf-pid----2088----pid-1
---ebpf-pid----2088----pid-1
---ebpf-pid----2088----pid-2088
---ebpf-pid----2088----pid-1
---ebpf-pid----2088----pid-2088
---ebpf-pid----2088----pid-1
---ebpf-pid----2088----pid-2088
---ebpf-pid----2088----pid-2088
---ebpf-pid----2088----pid-1
---ebpf-pid----2088----pid-1
---ebpf-pid----2088----pid-2088
---ebpf-pid----2088----pid-2088
---ebpf-pid----2088----pid-1
---ebpf-pid----2088----pid-2088
---ebpf-pid----2088----pid-1
---ebpf-pid----2088----pid-2088
---ebpf-pid----2088----pid-1
---ebpf-pid----2088----pid-2088
---ebpf-pid----2088----pid-1
---ebpf-pid----448783----pid-448783
---ebpf-pid----2088----pid-1
---ebpf-pid----2088----pid-2088
---ebpf-pid----448783----pid-448520
---ebpf-pid----2088----pid-1
---ebpf-pid----2088----pid-2088
---ebpf-pid----448783----pid-1
---ebpf-pid----448783----pid-448783
---ebpf-pid----2088----pid-1
---ebpf-pid----2088----pid-2088
---ebpf-pid----448783----pid-448520
---ebpf-pid----2088----pid-1
---ebpf-pid----448783----pid-1
---ebpf-pid----2088----pid-2088
---ebpf-pid----5637----pid-5637
---ebpf-pid----2088----pid-1
---ebpf-pid----5637----pid-1
---ebpf-pid----2088----pid-2088
---ebpf-pid----2012----pid-2012
---ebpf-pid----2088----pid-1
---ebpf-pid----2012----pid-1
---ebpf-pid----2088----pid-2088
---ebpf-pid----2012----pid-2012
---ebpf-pid----2088----pid-1
---ebpf-pid----2012----pid-1
---ebpf-pid----2088----pid-2088
---ebpf-pid----2012----pid-2012
---ebpf-pid----2088----pid-1
---ebpf-pid----2088----pid-2088
---ebpf-pid----2012----pid-1
---ebpf-pid----2012----pid-2012
---ebpf-pid----2012----pid-1
---ebpf-pid----2012----pid-2012
---ebpf-pid----2012----pid-1
---ebpf-pid----2012----pid-2012
---ebpf-pid----2012----pid-1
---ebpf-pid----2012----pid-2012
---ebpf-pid----2012----pid-1
---ebpf-pid----2012----pid-1
---ebpf-pid----2012----pid-2012
---ebpf-pid----2012----pid-2012
---ebpf-pid----2012----pid-1
---ebpf-pid----2012----pid-1
---ebpf-pid----2012----pid-2012
---ebpf-pid----2012----pid-2012
---ebpf-pid----2012----pid-1
---ebpf-pid----2012----pid-1
---ebpf-pid----2012----pid-2012
---ebpf-pid----2012----pid-2012
---ebpf-pid----2012----pid-1
---ebpf-pid----2012----pid-1
---ebpf-pid----2012----pid-2012
---ebpf-pid----372714----pid-372714
---ebpf-pid----2012----pid-1
---ebpf-pid----2012----pid-2012
---ebpf-pid----372714----pid-5476
---ebpf-pid----2012----pid-1
---ebpf-pid----372714----pid-1
---ebpf-pid----2012----pid-2012
---ebpf-pid----372881----pid-372881
---ebpf-pid----2012----pid-1
---ebpf-pid----372881----pid-1
---ebpf-pid----2012----pid-2012
---ebpf-pid----372881----pid-372881
---ebpf-pid----2012----pid-1
---ebpf-pid----372881----pid-1
---ebpf-pid----2012----pid-2012
---ebpf-pid----372881----pid-372881
---ebpf-pid----2012----pid-1
---ebpf-pid----372881----pid-1
---ebpf-pid----2012----pid-2012
---ebpf-pid----372881----pid-372881
---ebpf-pid----2012----pid-1
---ebpf-pid----372881----pid-1
---ebpf-pid----448210----pid-448210
---ebpf-pid----372881----pid-372881
---ebpf-pid----448210----pid-12126
---ebpf-pid----372881----pid-1
---ebpf-pid----372881----pid-372881
---ebpf-pid----448210----pid-1
---ebpf-pid----372881----pid-1
---ebpf-pid----372714----pid-372714
---ebpf-pid----372881----pid-372881
---ebpf-pid----372714----pid-5476
---ebpf-pid----372881----pid-1
---ebpf-pid----372881----pid-372881
---ebpf-pid----372714----pid-1
---ebpf-pid----372714----pid-372714
---ebpf-pid----372881----pid-1
---ebpf-pid----2088----pid-2088
---ebpf-pid----372714----pid-5476
---ebpf-pid----2012----pid-1
---ebpf-pid----2088----pid-1
---ebpf-pid----2012----pid-2012
---ebpf-pid----372714----pid-1
---ebpf-pid----2088----pid-2088
---ebpf-pid----372714----pid-372714
---ebpf-pid----2012----pid-1
---ebpf-pid----2088----pid-1
---ebpf-pid----2012----pid-2012
---ebpf-pid----2088----pid-2088
---ebpf-pid----372714----pid-5476
---ebpf-pid----2012----pid-1
---ebpf-pid----2088----pid-1
---ebpf-pid----372714----pid-1
---ebpf-pid----2012----pid-2012
---ebpf-pid----2088----pid-2088
---ebpf-pid----372714----pid-372714
---ebpf-pid----2012----pid-1
---ebpf-pid----2012----pid-2012
---ebpf-pid----2088----pid-1
---ebpf-pid----2088----pid-2088
---ebpf-pid----2012----pid-1
---ebpf-pid----2012----pid-2012
---ebpf-pid----2088----pid-1
---ebpf-pid----2012----pid-1
---ebpf-pid----2088----pid-1
---ebpf-pid----2012----pid-2012
---ebpf-pid----2088----pid-2088
---ebpf-pid----2088----pid-1
---ebpf-pid----372714----pid-5476
---ebpf-pid----2089----pid-2089
---ebpf-pid----372714----pid-1
---ebpf-pid----2089----pid-1
---ebpf-pid----372714----pid-372714
---ebpf-pid----2089----pid-2089
---ebpf-pid----372714----pid-5476
---ebpf-pid----2089----pid-1
---ebpf-pid----2089----pid-2089
---ebpf-pid----372714----pid-1
---ebpf-pid----2089----pid-1
---ebpf-pid----448782----pid-448782
---ebpf-pid----2089----pid-2089
---ebpf-pid----448782----pid-448520
---ebpf-pid----2089----pid-1
---ebpf-pid----2089----pid-2089
---ebpf-pid----448782----pid-1
---ebpf-pid----448782----pid-448782
---ebpf-pid----2089----pid-1
---ebpf-pid----2089----pid-2089
---ebpf-pid----448782----pid-448520
---ebpf-pid----2089----pid-1
---ebpf-pid----2089----pid-2089
---ebpf-pid----2089----pid-1
---ebpf-pid----2089----pid-2089
---ebpf-pid----2089----pid-1
---ebpf-pid----2089----pid-2089
---ebpf-pid----2089----pid-1
---ebpf-pid----2089----pid-2089
---ebpf-pid----2089----pid-1
---ebpf-pid----448782----pid-1
---ebpf-pid----448782----pid-448782
---ebpf-pid----2088----pid-2088
---ebpf-pid----448782----pid-448520
---ebpf-pid----448782----pid-1
---ebpf-pid----2088----pid-1
---ebpf-pid----373029----pid-373029
---ebpf-pid----2088----pid-2088
---ebpf-pid----373029----pid-5476
---ebpf-pid----2088----pid-1
---ebpf-pid----2088----pid-2088
---ebpf-pid----373029----pid-1
---ebpf-pid----373029----pid-373029
---ebpf-pid----2088----pid-1
---ebpf-pid----2088----pid-2088
---ebpf-pid----373029----pid-5476
---ebpf-pid----2088----pid-1
---ebpf-pid----2094----pid-2094
---ebpf-pid----373029----pid-1
---ebpf-pid----372714----pid-372714
---ebpf-pid----2094----pid-1
---ebpf-pid----2094----pid-2094
---ebpf-pid----372714----pid-5476
---ebpf-pid----2094----pid-1
---ebpf-pid----2094----pid-2094
---ebpf-pid----372714----pid-1
---ebpf-pid----2094----pid-1
---ebpf-pid----372714----pid-372714
---ebpf-pid----2094----pid-2094
---ebpf-pid----2012----pid-1
---ebpf-pid----5707----pid-5707
---ebpf-pid----2012----pid-2012
---ebpf-pid----5707----pid-5476
---ebpf-pid----5707----pid-1
---ebpf-pid----5707----pid-5707
---ebpf-pid----5707----pid-5476
---ebpf-pid----5707----pid-1
---ebpf-pid----5707----pid-5707
---ebpf-pid----5707----pid-5476
---ebpf-pid----372714----pid-5476
---ebpf-pid----5707----pid-1
---ebpf-pid----5707----pid-5707
---ebpf-pid----372714----pid-1
---ebpf-pid----373029----pid-373029
---ebpf-pid----5707----pid-5476
---ebpf-pid----373029----pid-5476
---ebpf-pid----5707----pid-1
---ebpf-pid----373029----pid-1
---ebpf-pid----372714----pid-372714
---ebpf-pid----372714----pid-5476
---ebpf-pid----372714----pid-1
---ebpf-pid----2094----pid-1
---ebpf-pid----372714----pid-372714
---ebpf-pid----2094----pid-2094
---ebpf-pid----372714----pid-5476
---ebpf-pid----2094----pid-1
---ebpf-pid----2094----pid-2094
---ebpf-pid----372714----pid-1
---ebpf-pid----2094----pid-1
---ebpf-pid----372714----pid-372714
---ebpf-pid----2094----pid-2094
---ebpf-pid----372714----pid-5476
---ebpf-pid----2094----pid-1
---ebpf-pid----2094----pid-2094
---ebpf-pid----372714----pid-1
---ebpf-pid----373029----pid-373029
---ebpf-pid----2094----pid-1
---ebpf-pid----2094----pid-2094
---ebpf-pid----373029----pid-5476
---ebpf-pid----2012----pid-1
---ebpf-pid----2012----pid-2012
---ebpf-pid----373029----pid-1
---ebpf-pid----2094----pid-1
---ebpf-pid----379067----pid-379067
---ebpf-pid----372881----pid-372881
---ebpf-pid----2012----pid-1
---ebpf-pid----2012----pid-2012
---ebpf-pid----379067----pid-5476
---ebpf-pid----372881----pid-1
---ebpf-pid----372881----pid-372881
---ebpf-pid----2012----pid-1
---ebpf-pid----379067----pid-1
---ebpf-pid----2012----pid-2012
---ebpf-pid----379067----pid-379067
---ebpf-pid----372881----pid-1
---ebpf-pid----372881----pid-372881
---ebpf-pid----2012----pid-1
---ebpf-pid----379067----pid-5476
---ebpf-pid----2012----pid-2012
---ebpf-pid----372881----pid-1
---ebpf-pid----372881----pid-372881
---ebpf-pid----2012----pid-1
---ebpf-pid----379067----pid-1
---ebpf-pid----2012----pid-2012
---ebpf-pid----373029----pid-373029
---ebpf-pid----372881----pid-1
---ebpf-pid----372881----pid-372881
---ebpf-pid----2012----pid-1
---ebpf-pid----373029----pid-5476
---ebpf-pid----2012----pid-2012
---ebpf-pid----372881----pid-1
---ebpf-pid----373029----pid-1
---ebpf-pid----372881----pid-372881
---ebpf-pid----2012----pid-1
---ebpf-pid----373029----pid-373029
---ebpf-pid----2012----pid-2012
---ebpf-pid----372881----pid-1
---ebpf-pid----373029----pid-5476
---ebpf-pid----372881----pid-372881
---ebpf-pid----2012----pid-1
---ebpf-pid----2012----pid-2012
---ebpf-pid----373029----pid-1
---ebpf-pid----372881----pid-1
---ebpf-pid----373029----pid-373029
---ebpf-pid----372881----pid-372881
---ebpf-pid----2012----pid-1
---ebpf-pid----2012----pid-2012
---ebpf-pid----373029----pid-5476
---ebpf-pid----372881----pid-1
---ebpf-pid----372881----pid-372881
---ebpf-pid----2012----pid-1
---ebpf-pid----2012----pid-2012
---ebpf-pid----373029----pid-1
---ebpf-pid----373029----pid-373029
---ebpf-pid----372881----pid-1
---ebpf-pid----2012----pid-1
---ebpf-pid----372881----pid-372881
---ebpf-pid----2012----pid-2012
---ebpf-pid----373029----pid-5476
---ebpf-pid----372881----pid-1
---ebpf-pid----2012----pid-1
---ebpf-pid----372881----pid-372881
---ebpf-pid----373029----pid-1
---ebpf-pid----2012----pid-2012
---ebpf-pid----373029----pid-373029
---ebpf-pid----372881----pid-1
---ebpf-pid----2012----pid-1
---ebpf-pid----372881----pid-372881
---ebpf-pid----373029----pid-5476
---ebpf-pid----2012----pid-2012
---ebpf-pid----372881----pid-1
---ebpf-pid----373029----pid-1
---ebpf-pid----2012----pid-1
---ebpf-pid----372881----pid-372881
---ebpf-pid----372714----pid-372714
---ebpf-pid----2012----pid-2012
---ebpf-pid----372881----pid-1
---ebpf-pid----372714----pid-5476
---ebpf-pid----2012----pid-1
---ebpf-pid----372881----pid-372881
---ebpf-pid----2012----pid-2012
---ebpf-pid----2012----pid-1
---ebpf-pid----2012----pid-2012
---ebpf-pid----372714----pid-1
---ebpf-pid----373029----pid-373029
---ebpf-pid----373029----pid-5476
---ebpf-pid----373029----pid-1
---ebpf-pid----373029----pid-373029
---ebpf-pid----373029----pid-5476
---ebpf-pid----373029----pid-1
---ebpf-pid----373029----pid-373029
Failed to get process information for PID 448896
Failed to get process information for PID 448896
---ebpf-pid----373029----pid-5476
---ebpf-pid----5707----pid-5707
---ebpf-pid----373029----pid-1
---ebpf-pid----5707----pid-5476
---ebpf-pid----372714----pid-372714
---ebpf-pid----5707----pid-1
---ebpf-pid----372714----pid-5476
---ebpf-pid----5707----pid-5707
---ebpf-pid----372714----pid-1
---ebpf-pid----5707----pid-5476
---ebpf-pid----372714----pid-372714
---ebpf-pid----5707----pid-1
---ebpf-pid----372714----pid-5476
---ebpf-pid----5707----pid-5707
---ebpf-pid----372714----pid-1
---ebpf-pid----372714----pid-372714
---ebpf-pid----5707----pid-5476
---ebpf-pid----372714----pid-5476
---ebpf-pid----5707----pid-1
---ebpf-pid----5707----pid-5707
---ebpf-pid----372714----pid-1
---ebpf-pid----372714----pid-372714
---ebpf-pid----5707----pid-5476
---ebpf-pid----372714----pid-5476
---ebpf-pid----5707----pid-1
---ebpf-pid----5707----pid-5707
---ebpf-pid----372714----pid-1
---ebpf-pid----5707----pid-5476
---ebpf-pid----372714----pid-372714
---ebpf-pid----5707----pid-1
---ebpf-pid----372714----pid-5476
---ebpf-pid----5707----pid-5707
---ebpf-pid----372714----pid-1
---ebpf-pid----5707----pid-5476
---ebpf-pid----372714----pid-372714
---ebpf-pid----5707----pid-1
---ebpf-pid----372714----pid-5476
---ebpf-pid----2012----pid-1
---ebpf-pid----2012----pid-2012
---ebpf-pid----372714----pid-1
---ebpf-pid----2012----pid-2012
---ebpf-pid----372714----pid-372714
---ebpf-pid----2012----pid-1
---ebpf-pid----2012----pid-1
---ebpf-pid----2012----pid-2012
---ebpf-pid----372714----pid-5476
---ebpf-pid----2012----pid-2012
---ebpf-pid----2012----pid-1
---ebpf-pid----372714----pid-1
---ebpf-pid----2012----pid-1
---ebpf-pid----2012----pid-2012
---ebpf-pid----372714----pid-372714
---ebpf-pid----2012----pid-2012
---ebpf-pid----2012----pid-1
---ebpf-pid----372714----pid-5476
---ebpf-pid----2012----pid-1
---ebpf-pid----2012----pid-2012
---ebpf-pid----2012----pid-2012
---ebpf-pid----372714----pid-1
---ebpf-pid----2012----pid-1
---ebpf-pid----372714----pid-372714
---ebpf-pid----2012----pid-1
---ebpf-pid----2012----pid-2012
---ebpf-pid----2012----pid-2012
---ebpf-pid----372714----pid-5476
---ebpf-pid----2012----pid-1
---ebpf-pid----2012----pid-1
---ebpf-pid----2012----pid-2012
---ebpf-pid----372714----pid-1
---ebpf-pid----2012----pid-2012
---ebpf-pid----377755----pid-377755
---ebpf-pid----2012----pid-1
---ebpf-pid----2012----pid-1
---ebpf-pid----2012----pid-2012
---ebpf-pid----2012----pid-2012
---ebpf-pid----377755----pid-1
---ebpf-pid----448783----pid-448783
---ebpf-pid----2012----pid-1
---ebpf-pid----2012----pid-1
---ebpf-pid----2012----pid-2012
---ebpf-pid----2012----pid-2012
---ebpf-pid----2012----pid-1
---ebpf-pid----448783----pid-448520
---ebpf-pid----2012----pid-2012
---ebpf-pid----448783----pid-1
---ebpf-pid----372881----pid-372881
---ebpf-pid----372881----pid-1
---ebpf-pid----372881----pid-372881
---ebpf-pid----372881----pid-1
---ebpf-pid----372881----pid-372881
---ebpf-pid----2012----pid-1
---ebpf-pid----2089----pid-2089
---ebpf-pid----2089----pid-1
---ebpf-pid----2089----pid-2089
---ebpf-pid----2089----pid-1
---ebpf-pid----2089----pid-2089
---ebpf-pid----2089----pid-1
---ebpf-pid----2089----pid-2089
---ebpf-pid----2089----pid-1
---ebpf-pid----2089----pid-2089
---ebpf-pid----2012----pid-1
---ebpf-pid----2012----pid-2012
---ebpf-pid----372881----pid-1
---ebpf-pid----372881----pid-372881
---ebpf-pid----2012----pid-1
---ebpf-pid----2012----pid-2012
---ebpf-pid----372881----pid-1
---ebpf-pid----372881----pid-372881
---ebpf-pid----2012----pid-1
---ebpf-pid----2012----pid-2012
---ebpf-pid----372881----pid-1
---ebpf-pid----372881----pid-372881
---ebpf-pid----2012----pid-1
---ebpf-pid----372881----pid-1
---ebpf-pid----2012----pid-2012
---ebpf-pid----372881----pid-372881
---ebpf-pid----2012----pid-1
---ebpf-pid----372881----pid-1
---ebpf-pid----2012----pid-2012
---ebpf-pid----372881----pid-1
---ebpf-pid----372881----pid-372881
---ebpf-pid----372881----pid-372881
---ebpf-pid----2012----pid-1
---ebpf-pid----372881----pid-1
---ebpf-pid----2012----pid-2012
---ebpf-pid----372881----pid-372881
---ebpf-pid----372881----pid-1
---ebpf-pid----372881----pid-372881
---ebpf-pid----2012----pid-1
---ebpf-pid----372881----pid-1
---ebpf-pid----2012----pid-2012
---ebpf-pid----2088----pid-2088
---ebpf-pid----372881----pid-1
---ebpf-pid----2012----pid-1
---ebpf-pid----372881----pid-372881
---ebpf-pid----2088----pid-1
---ebpf-pid----2012----pid-2012
---ebpf-pid----372881----pid-372881
---ebpf-pid----372881----pid-1
---ebpf-pid----2012----pid-1
---ebpf-pid----372881----pid-372881
---ebpf-pid----372881----pid-1
---ebpf-pid----2012----pid-2012
---ebpf-pid----372881----pid-372881
---ebpf-pid----372881----pid-1
---ebpf-pid----2012----pid-1
---ebpf-pid----372881----pid-372881
---ebpf-pid----372881----pid-1
---ebpf-pid----2012----pid-2012
---ebpf-pid----372881----pid-372881
---ebpf-pid----372881----pid-1
---ebpf-pid----372881----pid-372881
---ebpf-pid----372881----pid-1
---ebpf-pid----2012----pid-1
---ebpf-pid----372881----pid-372881
---ebpf-pid----2012----pid-2012
---ebpf-pid----372881----pid-1
---ebpf-pid----372881----pid-1
---ebpf-pid----2089----pid-2089
---ebpf-pid----2012----pid-1
---ebpf-pid----372881----pid-372881
---ebpf-pid----2012----pid-2012
---ebpf-pid----2089----pid-1
---ebpf-pid----372881----pid-1
---ebpf-pid----2012----pid-1
---ebpf-pid----2089----pid-2089
---ebpf-pid----372881----pid-372881
---ebpf-pid----2012----pid-2012
---ebpf-pid----2089----pid-1
---ebpf-pid----372881----pid-1
---ebpf-pid----2012----pid-1
---ebpf-pid----2089----pid-2089
---ebpf-pid----372881----pid-372881
---ebpf-pid----2012----pid-2012
---ebpf-pid----2089----pid-1
---ebpf-pid----372881----pid-1
---ebpf-pid----2012----pid-1
---ebpf-pid----2089----pid-2089
---ebpf-pid----372881----pid-372881
---ebpf-pid----2012----pid-2012
---ebpf-pid----2089----pid-1
---ebpf-pid----372881----pid-1
---ebpf-pid----2012----pid-1
---ebpf-pid----2089----pid-2089
---ebpf-pid----372881----pid-372881
---ebpf-pid----2012----pid-2012
---ebpf-pid----2089----pid-1
---ebpf-pid----372881----pid-1
---ebpf-pid----2012----pid-1
---ebpf-pid----5707----pid-5707
---ebpf-pid----372881----pid-372881
---ebpf-pid----2012----pid-2012
---ebpf-pid----372881----pid-1
---ebpf-pid----5707----pid-5476
---ebpf-pid----2012----pid-1
---ebpf-pid----372881----pid-372881
---ebpf-pid----2012----pid-2012
---ebpf-pid----5707----pid-1
---ebpf-pid----372881----pid-1
---ebpf-pid----5707----pid-5707
---ebpf-pid----2012----pid-1
---ebpf-pid----372881----pid-372881
---ebpf-pid----2012----pid-2012
---ebpf-pid----5707----pid-5476
---ebpf-pid----372881----pid-1
---ebpf-pid----372881----pid-372881
---ebpf-pid----2012----pid-1
---ebpf-pid----2012----pid-2012
---ebpf-pid----5707----pid-1
---ebpf-pid----5707----pid-5707
---ebpf-pid----372881----pid-1
---ebpf-pid----372881----pid-372881
---ebpf-pid----2012----pid-1
---ebpf-pid----2012----pid-2012
---ebpf-pid----5707----pid-5476
---ebpf-pid----372881----pid-1
---ebpf-pid----372881----pid-372881
---ebpf-pid----2012----pid-1
---ebpf-pid----5707----pid-1
---ebpf-pid----2012----pid-2012
---ebpf-pid----2089----pid-1
---ebpf-pid----5707----pid-5707
---ebpf-pid----2089----pid-2089
---ebpf-pid----2012----pid-1
---ebpf-pid----5707----pid-5476
---ebpf-pid----2012----pid-2012
---ebpf-pid----2089----pid-1
---ebpf-pid----2089----pid-2089
---ebpf-pid----5707----pid-1
---ebpf-pid----2012----pid-1
---ebpf-pid----5707----pid-5707
---ebpf-pid----2012----pid-2012
---ebpf-pid----2089----pid-1
---ebpf-pid----2089----pid-2089
---ebpf-pid----5707----pid-5476
---ebpf-pid----2012----pid-1
---ebpf-pid----2012----pid-2012
---ebpf-pid----2089----pid-1
---ebpf-pid----5707----pid-1
---ebpf-pid----2089----pid-2089
---ebpf-pid----5707----pid-5707
---ebpf-pid----2012----pid-1
---ebpf-pid----2012----pid-2012
---ebpf-pid----2089----pid-1
---ebpf-pid----5707----pid-5476
---ebpf-pid----2089----pid-2089
---ebpf-pid----2012----pid-1
---ebpf-pid----2089----pid-1
---ebpf-pid----2012----pid-2012
---ebpf-pid----5707----pid-1
---ebpf-pid----2089----pid-2089
---ebpf-pid----5707----pid-5707
---ebpf-pid----2012----pid-1
---ebpf-pid----2089----pid-1
---ebpf-pid----2012----pid-2012
---ebpf-pid----5707----pid-5476
---ebpf-pid----2089----pid-2089
---ebpf-pid----2012----pid-1
---ebpf-pid----2012----pid-2012
---ebpf-pid----2012----pid-1
---ebpf-pid----2012----pid-2012
---ebpf-pid----2012----pid-1
---ebpf-pid----2012----pid-2012
---ebpf-pid----2012----pid-1
---ebpf-pid----2012----pid-2012
---ebpf-pid----2012----pid-1
---ebpf-pid----2012----pid-2012
---ebpf-pid----2012----pid-1
---ebpf-pid----2012----pid-2012
---ebpf-pid----2012----pid-1
---ebpf-pid----2012----pid-2012
---ebpf-pid----2012----pid-1
---ebpf-pid----2012----pid-2012
---ebpf-pid----2012----pid-1
---ebpf-pid----2012----pid-2012
---ebpf-pid----2012----pid-1
---ebpf-pid----2012----pid-2012
---ebpf-pid----2012----pid-1
---ebpf-pid----2012----pid-2012
---ebpf-pid----2012----pid-1
---ebpf-pid----2012----pid-2012
---ebpf-pid----2012----pid-1
---ebpf-pid----2012----pid-2012
---ebpf-pid----2012----pid-1
---ebpf-pid----2012----pid-2012
---ebpf-pid----2012----pid-1
---ebpf-pid----2012----pid-2012
---ebpf-pid----2012----pid-1
---ebpf-pid----2012----pid-2012
---ebpf-pid----2012----pid-1
---ebpf-pid----2012----pid-2012
---ebpf-pid----2012----pid-1
---ebpf-pid----2012----pid-2012
---ebpf-pid----2012----pid-1
---ebpf-pid----2012----pid-2012
---ebpf-pid----2012----pid-1
---ebpf-pid----2012----pid-2012
---ebpf-pid----2012----pid-1
---ebpf-pid----2012----pid-2012
---ebpf-pid----2012----pid-1
---ebpf-pid----2012----pid-2012
---ebpf-pid----2012----pid-1
---ebpf-pid----2012----pid-2012
---ebpf-pid----2012----pid-1
---ebpf-pid----2012----pid-2012
---ebpf-pid----2012----pid-1
---ebpf-pid----2012----pid-2012
---ebpf-pid----5707----pid-1
---ebpf-pid----5707----pid-5707
---ebpf-pid----5707----pid-5476
---ebpf-pid----5707----pid-1
---ebpf-pid----5707----pid-5707
---ebpf-pid----5707----pid-5476
---ebpf-pid----5707----pid-1
---ebpf-pid----5707----pid-5707
---ebpf-pid----5707----pid-5476
---ebpf-pid----5707----pid-1
---ebpf-pid----5707----pid-5707
---ebpf-pid----5707----pid-5476
---ebpf-pid----5707----pid-1
---ebpf-pid----5707----pid-5707
---ebpf-pid----2089----pid-1
---ebpf-pid----2089----pid-2089
---ebpf-pid----2089----pid-1
---ebpf-pid----2089----pid-2089
---ebpf-pid----2089----pid-1
---ebpf-pid----2089----pid-2089
---ebpf-pid----2089----pid-1
---ebpf-pid----2089----pid-2089
---ebpf-pid----2089----pid-1
---ebpf-pid----372881----pid-1
---ebpf-pid----2089----pid-2089
---ebpf-pid----372881----pid-372881
---ebpf-pid----2089----pid-1
---ebpf-pid----2089----pid-2089
---ebpf-pid----372881----pid-1
---ebpf-pid----2089----pid-1
---ebpf-pid----372881----pid-372881
---ebpf-pid----2089----pid-2089
---ebpf-pid----372881----pid-1
---ebpf-pid----2089----pid-1
---ebpf-pid----2089----pid-2089
---ebpf-pid----2089----pid-1
---ebpf-pid----2089----pid-2089
---ebpf-pid----2089----pid-1
---ebpf-pid----2089----pid-2089
---ebpf-pid----2089----pid-1
---ebpf-pid----372881----pid-372881
---ebpf-pid----2089----pid-2089
---ebpf-pid----2089----pid-1
---ebpf-pid----372881----pid-1
---ebpf-pid----2089----pid-2089
---ebpf-pid----372881----pid-372881
---ebpf-pid----372881----pid-1
---ebpf-pid----372881----pid-372881
---ebpf-pid----2089----pid-1
---ebpf-pid----2089----pid-2089
---ebpf-pid----372881----pid-1
---ebpf-pid----372881----pid-372881
---ebpf-pid----2012----pid-1
---ebpf-pid----2089----pid-1
---ebpf-pid----2012----pid-2012
---ebpf-pid----2089----pid-2089
---ebpf-pid----372881----pid-1
---ebpf-pid----372881----pid-372881
---ebpf-pid----2012----pid-1
---ebpf-pid----2089----pid-1
---ebpf-pid----2012----pid-2012
---ebpf-pid----2089----pid-2089
---ebpf-pid----372881----pid-1
---ebpf-pid----372881----pid-372881
---ebpf-pid----2012----pid-1
---ebpf-pid----2012----pid-2012
---ebpf-pid----2089----pid-1
---ebpf-pid----2012----pid-1
---ebpf-pid----2089----pid-2089
---ebpf-pid----2012----pid-2012
---ebpf-pid----2089----pid-1
---ebpf-pid----2012----pid-1
---ebpf-pid----2089----pid-2089
---ebpf-pid----2012----pid-2012
---ebpf-pid----2012----pid-1
---ebpf-pid----2089----pid-1
---ebpf-pid----2012----pid-2012
---ebpf-pid----2089----pid-2089
---ebpf-pid----2012----pid-1
---ebpf-pid----2089----pid-1
---ebpf-pid----2012----pid-2012
---ebpf-pid----2089----pid-2089
---ebpf-pid----372881----pid-1
---ebpf-pid----372881----pid-372881
---ebpf-pid----2012----pid-1
---ebpf-pid----2089----pid-1
---ebpf-pid----2012----pid-2012
---ebpf-pid----372881----pid-1
---ebpf-pid----2089----pid-2089
---ebpf-pid----372881----pid-372881
---ebpf-pid----2012----pid-1
---ebpf-pid----2089----pid-1
---ebpf-pid----2012----pid-2012
---ebpf-pid----2089----pid-2089
---ebpf-pid----372881----pid-1
---ebpf-pid----372881----pid-372881
---ebpf-pid----2012----pid-1
---ebpf-pid----2089----pid-1
---ebpf-pid----2012----pid-2012
---ebpf-pid----2089----pid-2089
---ebpf-pid----372881----pid-1
---ebpf-pid----372881----pid-372881
---ebpf-pid----2012----pid-1
---ebpf-pid----2089----pid-1
---ebpf-pid----2012----pid-2012
---ebpf-pid----2089----pid-2089
---ebpf-pid----372881----pid-1
---ebpf-pid----372881----pid-372881
---ebpf-pid----2012----pid-1
---ebpf-pid----2089----pid-1
---ebpf-pid----2012----pid-2012
---ebpf-pid----372881----pid-1
---ebpf-pid----2089----pid-2089
---ebpf-pid----372881----pid-372881
---ebpf-pid----2012----pid-1
---ebpf-pid----2089----pid-1
---ebpf-pid----2012----pid-2012
---ebpf-pid----372881----pid-1
---ebpf-pid----2089----pid-2089
---ebpf-pid----372881----pid-372881
---ebpf-pid----2012----pid-1
---ebpf-pid----2089----pid-1
---ebpf-pid----372881----pid-1
---ebpf-pid----2012----pid-2012
---ebpf-pid----2089----pid-2089
---ebpf-pid----372881----pid-372881
---ebpf-pid----2012----pid-1
---ebpf-pid----2089----pid-1
---ebpf-pid----372881----pid-1
---ebpf-pid----2012----pid-2012
---ebpf-pid----2089----pid-2089
---ebpf-pid----373029----pid-373029
---ebpf-pid----2012----pid-1
---ebpf-pid----2089----pid-1
---ebpf-pid----373029----pid-5476
---ebpf-pid----2012----pid-2012
---ebpf-pid----2089----pid-2089
---ebpf-pid----2012----pid-1
---ebpf-pid----373029----pid-1
---ebpf-pid----2089----pid-1
---ebpf-pid----2012----pid-2012
---ebpf-pid----373029----pid-373029
---ebpf-pid----2089----pid-2089
---ebpf-pid----2012----pid-1
---ebpf-pid----373029----pid-5476
---ebpf-pid----2089----pid-1
---ebpf-pid----2012----pid-2012
---ebpf-pid----448783----pid-448783
---ebpf-pid----373029----pid-1
---ebpf-pid----373029----pid-373029
---ebpf-pid----2012----pid-1
---ebpf-pid----448783----pid-448520
---ebpf-pid----2012----pid-2012
---ebpf-pid----373029----pid-5476
---ebpf-pid----448783----pid-1
---ebpf-pid----2012----pid-1
---ebpf-pid----2089----pid-2089
---ebpf-pid----2012----pid-2012
---ebpf-pid----373029----pid-1
---ebpf-pid----373029----pid-373029
---ebpf-pid----2012----pid-1
---ebpf-pid----2089----pid-1
---ebpf-pid----2012----pid-2012
---ebpf-pid----373029----pid-5476
---ebpf-pid----2089----pid-2089
---ebpf-pid----373029----pid-1
---ebpf-pid----2012----pid-1
---ebpf-pid----2089----pid-1
---ebpf-pid----373029----pid-373029
---ebpf-pid----2012----pid-2012
---ebpf-pid----2089----pid-2089
---ebpf-pid----373029----pid-5476
---ebpf-pid----2089----pid-1
---ebpf-pid----2012----pid-1
---ebpf-pid----2089----pid-2089
---ebpf-pid----2012----pid-2012
---ebpf-pid----373029----pid-1
---ebpf-pid----373029----pid-373029
---ebpf-pid----373029----pid-5476
---ebpf-pid----373029----pid-1
---ebpf-pid----373029----pid-373029
---ebpf-pid----5707----pid-5476
---ebpf-pid----373029----pid-5476
---ebpf-pid----5707----pid-1
---ebpf-pid----5707----pid-5707
---ebpf-pid----373029----pid-1
---ebpf-pid----373029----pid-373029
---ebpf-pid----5707----pid-5476
---ebpf-pid----5707----pid-1
---ebpf-pid----373029----pid-5476
---ebpf-pid----5707----pid-5707
---ebpf-pid----373029----pid-1
---ebpf-pid----5707----pid-5476
---ebpf-pid----379067----pid-379067
---ebpf-pid----5707----pid-1
---ebpf-pid----2089----pid-2089
---ebpf-pid----379067----pid-5476
---ebpf-pid----2089----pid-1
---ebpf-pid----379067----pid-1
---ebpf-pid----2089----pid-2089
---ebpf-pid----379067----pid-379067
---ebpf-pid----2089----pid-1
---ebpf-pid----2089----pid-2089
---ebpf-pid----2089----pid-1
---ebpf-pid----2089----pid-2089
---ebpf-pid----2089----pid-1
---ebpf-pid----2089----pid-2089
---ebpf-pid----2089----pid-1
---ebpf-pid----2089----pid-2089
---ebpf-pid----2089----pid-1
---ebpf-pid----2089----pid-2089
---ebpf-pid----2089----pid-1
---ebpf-pid----2089----pid-2089
---ebpf-pid----2089----pid-1
---ebpf-pid----2089----pid-2089
---ebpf-pid----2089----pid-1
---ebpf-pid----2089----pid-2089
---ebpf-pid----2089----pid-1
---ebpf-pid----2089----pid-2089
---ebpf-pid----2089----pid-1
---ebpf-pid----5428----pid-5428
---ebpf-pid----5428----pid-1
---ebpf-pid----7313----pid-7313
---ebpf-pid----379067----pid-5476
---ebpf-pid----7313----pid-1
---ebpf-pid----5707----pid-5707
---ebpf-pid----379067----pid-1
---ebpf-pid----379067----pid-379067
---ebpf-pid----5707----pid-5476
---ebpf-pid----379067----pid-5476
---ebpf-pid----5707----pid-1
---ebpf-pid----5707----pid-5707
---ebpf-pid----379067----pid-1
---ebpf-pid----379067----pid-379067
---ebpf-pid----5707----pid-5476
---ebpf-pid----5707----pid-1
---ebpf-pid----379067----pid-5476
---ebpf-pid----5707----pid-5707
---ebpf-pid----379067----pid-1
---ebpf-pid----5707----pid-5476
---ebpf-pid----5705----pid-5705
---ebpf-pid----5707----pid-1
---ebpf-pid----5707----pid-5707
---ebpf-pid----5705----pid-5476
---ebpf-pid----5705----pid-1
---ebpf-pid----5705----pid-5705
---ebpf-pid----5705----pid-5476
---ebpf-pid----5705----pid-1
---ebpf-pid----5705----pid-5705
---ebpf-pid----5705----pid-5476
---ebpf-pid----5705----pid-1
---ebpf-pid----5705----pid-5705
---ebpf-pid----5705----pid-5476
---ebpf-pid----5705----pid-1
---ebpf-pid----5705----pid-5705
---ebpf-pid----5705----pid-5476
---ebpf-pid----5705----pid-1
---ebpf-pid----5705----pid-5705
---ebpf-pid----5705----pid-5476
---ebpf-pid----2012----pid-1
---ebpf-pid----5705----pid-1
---ebpf-pid----2012----pid-2012
---ebpf-pid----5705----pid-5705
---ebpf-pid----2012----pid-1
---ebpf-pid----2012----pid-2012
---ebpf-pid----5705----pid-5476
---ebpf-pid----2012----pid-1
---ebpf-pid----5705----pid-1
---ebpf-pid----2012----pid-2012
---ebpf-pid----5705----pid-5705
---ebpf-pid----5705----pid-5476
---ebpf-pid----2012----pid-1
---ebpf-pid----2012----pid-2012
---ebpf-pid----5705----pid-1
---ebpf-pid----5705----pid-5705
---ebpf-pid----2012----pid-1
---ebpf-pid----2012----pid-2012
---ebpf-pid----5705----pid-5476
---ebpf-pid----2012----pid-1
---ebpf-pid----2012----pid-2012
---ebpf-pid----5705----pid-1
---ebpf-pid----2012----pid-1
---ebpf-pid----5705----pid-5705
---ebpf-pid----2012----pid-2012
---ebpf-pid----5705----pid-5476
---ebpf-pid----2012----pid-1
---ebpf-pid----2012----pid-2012
---ebpf-pid----5705----pid-1
---ebpf-pid----5705----pid-5705
---ebpf-pid----2012----pid-1
---ebpf-pid----2012----pid-2012
---ebpf-pid----5705----pid-5476
---ebpf-pid----2012----pid-1
---ebpf-pid----2012----pid-2012
---ebpf-pid----5705----pid-1
---ebpf-pid----5705----pid-5705
---ebpf-pid----2012----pid-1
---ebpf-pid----2012----pid-2012
---ebpf-pid----5705----pid-5476
---ebpf-pid----2012----pid-1
---ebpf-pid----2012----pid-2012
---ebpf-pid----5705----pid-1
---ebpf-pid----5705----pid-5705
---ebpf-pid----2012----pid-1
---ebpf-pid----2012----pid-2012
---ebpf-pid----5705----pid-5476
---ebpf-pid----2089----pid-1
---ebpf-pid----2089----pid-2089
---ebpf-pid----5705----pid-1
---ebpf-pid----5705----pid-5705
---ebpf-pid----2089----pid-1
---ebpf-pid----2089----pid-2089
---ebpf-pid----5705----pid-5476
---ebpf-pid----2089----pid-1
---ebpf-pid----5705----pid-1
---ebpf-pid----2089----pid-2089
---ebpf-pid----5705----pid-5705
---ebpf-pid----2089----pid-1
---ebpf-pid----5705----pid-5476
---ebpf-pid----2089----pid-2089
---ebpf-pid----5705----pid-1
---ebpf-pid----2089----pid-1
---ebpf-pid----5705----pid-5705
---ebpf-pid----5705----pid-5476
---ebpf-pid----5705----pid-1
---ebpf-pid----2089----pid-2089
---ebpf-pid----2089----pid-1
---ebpf-pid----2089----pid-2089
---ebpf-pid----2089----pid-1
---ebpf-pid----2089----pid-2089
---ebpf-pid----2089----pid-1
---ebpf-pid----2089----pid-2089
---ebpf-pid----2012----pid-1
---ebpf-pid----2089----pid-1
---ebpf-pid----2012----pid-2012
---ebpf-pid----2089----pid-2089
---ebpf-pid----2012----pid-1
---ebpf-pid----2089----pid-1
---ebpf-pid----2012----pid-2012
---ebpf-pid----2089----pid-2089
---ebpf-pid----2012----pid-1
---ebpf-pid----2012----pid-2012
---ebpf-pid----2089----pid-1
---ebpf-pid----2089----pid-2089
---ebpf-pid----2012----pid-1
---ebpf-pid----2012----pid-2012
---ebpf-pid----2089----pid-1
---ebpf-pid----5705----pid-5705
---ebpf-pid----5705----pid-5476
---ebpf-pid----5705----pid-1
---ebpf-pid----5705----pid-5705
---ebpf-pid----5705----pid-5476
---ebpf-pid----2012----pid-1
---ebpf-pid----5705----pid-1
---ebpf-pid----2012----pid-2012
---ebpf-pid----379067----pid-379067
---ebpf-pid----2012----pid-1
---ebpf-pid----2012----pid-2012
---ebpf-pid----379067----pid-5476
---ebpf-pid----2012----pid-1
---ebpf-pid----379067----pid-1
---ebpf-pid----2012----pid-2012
---ebpf-pid----379067----pid-379067
---ebpf-pid----379067----pid-5476
---ebpf-pid----2012----pid-1
---ebpf-pid----2012----pid-2012
---ebpf-pid----2089----pid-2089
---ebpf-pid----2012----pid-1
---ebpf-pid----2012----pid-2012
---ebpf-pid----2089----pid-1
---ebpf-pid----2089----pid-2089
---ebpf-pid----2012----pid-1
---ebpf-pid----2012----pid-2012
---ebpf-pid----2089----pid-1
---ebpf-pid----5707----pid-5476
---ebpf-pid----2089----pid-2089
---ebpf-pid----2012----pid-1
---ebpf-pid----5707----pid-1
---ebpf-pid----2012----pid-2012
---ebpf-pid----2089----pid-1
---ebpf-pid----5707----pid-5707
---ebpf-pid----2089----pid-2089
---ebpf-pid----2012----pid-1
---ebpf-pid----2012----pid-2012
---ebpf-pid----5707----pid-5476
---ebpf-pid----2089----pid-1
---ebpf-pid----2089----pid-2089
---ebpf-pid----2012----pid-1
---ebpf-pid----5707----pid-1
---ebpf-pid----2012----pid-2012
---ebpf-pid----5707----pid-5707
---ebpf-pid----2089----pid-1
---ebpf-pid----2089----pid-2089
---ebpf-pid----2012----pid-1
---ebpf-pid----5707----pid-5476
---ebpf-pid----2012----pid-2012
---ebpf-pid----2089----pid-1
---ebpf-pid----5707----pid-1
---ebpf-pid----2089----pid-2089
---ebpf-pid----5707----pid-5707
---ebpf-pid----2012----pid-1
---ebpf-pid----2012----pid-2012
---ebpf-pid----2089----pid-1
---ebpf-pid----5707----pid-5476
---ebpf-pid----2089----pid-2089
---ebpf-pid----2012----pid-1
---ebpf-pid----5707----pid-1
---ebpf-pid----2012----pid-2012
---ebpf-pid----5707----pid-5707
---ebpf-pid----2089----pid-1
---ebpf-pid----2089----pid-2089
---ebpf-pid----2012----pid-1
---ebpf-pid----5707----pid-5476
---ebpf-pid----2012----pid-2012
---ebpf-pid----2089----pid-1
---ebpf-pid----2089----pid-2089
---ebpf-pid----5707----pid-1
---ebpf-pid----2012----pid-1
---ebpf-pid----2012----pid-2012
---ebpf-pid----5707----pid-5707
---ebpf-pid----2089----pid-1
---ebpf-pid----2089----pid-2089
---ebpf-pid----5707----pid-5476
---ebpf-pid----2012----pid-1
---ebpf-pid----2089----pid-1
---ebpf-pid----2012----pid-2012
---ebpf-pid----2089----pid-2089
---ebpf-pid----5707----pid-1
---ebpf-pid----5707----pid-5707
---ebpf-pid----2012----pid-1
---ebpf-pid----2089----pid-1
---ebpf-pid----2089----pid-2089
---ebpf-pid----2012----pid-2012
---ebpf-pid----5707----pid-5476
---ebpf-pid----2089----pid-1
---ebpf-pid----2012----pid-1
---ebpf-pid----5707----pid-1
---ebpf-pid----2089----pid-2089
---ebpf-pid----2012----pid-2012
---ebpf-pid----5707----pid-5707
---ebpf-pid----2089----pid-1
---ebpf-pid----5707----pid-5476
---ebpf-pid----2089----pid-2089
---ebpf-pid----5707----pid-1
---ebpf-pid----2089----pid-1
---ebpf-pid----5707----pid-5707
---ebpf-pid----2089----pid-2089
---ebpf-pid----5707----pid-5476
---ebpf-pid----2089----pid-1
---ebpf-pid----2089----pid-2089
---ebpf-pid----5707----pid-1
---ebpf-pid----5707----pid-5707
---ebpf-pid----2089----pid-1
---ebpf-pid----2089----pid-2089
---ebpf-pid----5707----pid-5476
---ebpf-pid----2089----pid-1
---ebpf-pid----5707----pid-1
---ebpf-pid----2089----pid-2089
---ebpf-pid----5707----pid-5707
---ebpf-pid----2089----pid-1
---ebpf-pid----5707----pid-5476
---ebpf-pid----2089----pid-2089
---ebpf-pid----5707----pid-1
---ebpf-pid----2089----pid-1
---ebpf-pid----5707----pid-5707
---ebpf-pid----2089----pid-2089
---ebpf-pid----5707----pid-5476
---ebpf-pid----2089----pid-1
---ebpf-pid----2089----pid-2089
---ebpf-pid----379067----pid-1
---ebpf-pid----379067----pid-379067
---ebpf-pid----379067----pid-5476
---ebpf-pid----379067----pid-1
---ebpf-pid----379067----pid-379067
---ebpf-pid----379067----pid-5476
---ebpf-pid----379067----pid-1
---ebpf-pid----379067----pid-379067
---ebpf-pid----379067----pid-5476
---ebpf-pid----379067----pid-1
---ebpf-pid----2012----pid-1
---ebpf-pid----379067----pid-379067
---ebpf-pid----2012----pid-2012
---ebpf-pid----379067----pid-5476
---ebpf-pid----2012----pid-1
---ebpf-pid----2012----pid-2012
---ebpf-pid----2012----pid-1
---ebpf-pid----379067----pid-1
---ebpf-pid----2012----pid-2012
---ebpf-pid----379067----pid-379067
---ebpf-pid----379067----pid-5476
---ebpf-pid----2012----pid-1
---ebpf-pid----2012----pid-2012
---ebpf-pid----379067----pid-1
---ebpf-pid----2012----pid-1
---ebpf-pid----379067----pid-379067
---ebpf-pid----2012----pid-2012
---ebpf-pid----379067----pid-5476
---ebpf-pid----2012----pid-1
---ebpf-pid----2012----pid-2012
---ebpf-pid----379067----pid-1
---ebpf-pid----2012----pid-1
---ebpf-pid----379067----pid-379067
---ebpf-pid----2012----pid-2012
---ebpf-pid----379067----pid-5476
---ebpf-pid----2012----pid-1
---ebpf-pid----2012----pid-2012
---ebpf-pid----379067----pid-1
---ebpf-pid----2012----pid-1
---ebpf-pid----379067----pid-379067
---ebpf-pid----2012----pid-2012
---ebpf-pid----379067----pid-5476
---ebpf-pid----2012----pid-1
---ebpf-pid----2012----pid-2012
---ebpf-pid----379067----pid-1
---ebpf-pid----2012----pid-1
---ebpf-pid----379067----pid-379067
---ebpf-pid----2012----pid-2012
---ebpf-pid----379067----pid-5476
---ebpf-pid----2012----pid-1
---ebpf-pid----2012----pid-2012
---ebpf-pid----379067----pid-1
---ebpf-pid----2012----pid-1
---ebpf-pid----379067----pid-379067
---ebpf-pid----2012----pid-2012
---ebpf-pid----379067----pid-5476
---ebpf-pid----2012----pid-1
---ebpf-pid----2012----pid-2012
---ebpf-pid----379067----pid-1
---ebpf-pid----2012----pid-1
---ebpf-pid----379067----pid-379067
---ebpf-pid----2012----pid-2012
---ebpf-pid----379067----pid-5476
---ebpf-pid----2012----pid-1
---ebpf-pid----2012----pid-2012
---ebpf-pid----379067----pid-1
---ebpf-pid----379067----pid-379067
---ebpf-pid----2012----pid-1
---ebpf-pid----2012----pid-2012
---ebpf-pid----379067----pid-5476
---ebpf-pid----5707----pid-1
---ebpf-pid----2012----pid-1
---ebpf-pid----5707----pid-5707
---ebpf-pid----379067----pid-1
---ebpf-pid----2012----pid-2012
---ebpf-pid----379067----pid-379067
---ebpf-pid----5707----pid-5476
---ebpf-pid----5707----pid-1
---ebpf-pid----5707----pid-5707
---ebpf-pid----5707----pid-5476
---ebpf-pid----5707----pid-1
---ebpf-pid----5707----pid-5707
---ebpf-pid----5707----pid-5476
---ebpf-pid----5707----pid-1
---ebpf-pid----5707----pid-5707
---ebpf-pid----5707----pid-5476
---ebpf-pid----5707----pid-1
---ebpf-pid----372881----pid-372881
---ebpf-pid----372881----pid-1
---ebpf-pid----372881----pid-372881
---ebpf-pid----2012----pid-1
---ebpf-pid----372881----pid-1
---ebpf-pid----2012----pid-2012
---ebpf-pid----2012----pid-1
---ebpf-pid----2012----pid-2012
---ebpf-pid----2012----pid-1
---ebpf-pid----2012----pid-2012
---ebpf-pid----2012----pid-1
---ebpf-pid----2012----pid-2012
---ebpf-pid----2012----pid-1
---ebpf-pid----2012----pid-2012
---ebpf-pid----372881----pid-372881
---ebpf-pid----372881----pid-1
---ebpf-pid----372881----pid-372881
---ebpf-pid----372881----pid-1
---ebpf-pid----372881----pid-372881
---ebpf-pid----372881----pid-1
---ebpf-pid----372881----pid-372881
---ebpf-pid----372881----pid-1
---ebpf-pid----5707----pid-5707
---ebpf-pid----5707----pid-5476
---ebpf-pid----5707----pid-1
---ebpf-pid----5707----pid-5707
---ebpf-pid----5707----pid-5476
---ebpf-pid----5707----pid-1
---ebpf-pid----5707----pid-5707
---ebpf-pid----5707----pid-5476
---ebpf-pid----5707----pid-1
---ebpf-pid----5707----pid-5707
---ebpf-pid----5707----pid-5476
---ebpf-pid----5707----pid-1
---ebpf-pid----448782----pid-448782
---ebpf-pid----448782----pid-448520
---ebpf-pid----2089----pid-1
---ebpf-pid----2089----pid-2089
---ebpf-pid----448782----pid-1
---ebpf-pid----5707----pid-5707
---ebpf-pid----2089----pid-1
---ebpf-pid----5707----pid-5476
---ebpf-pid----2089----pid-2089
---ebpf-pid----5707----pid-1
---ebpf-pid----2089----pid-1
---ebpf-pid----5707----pid-5707
---ebpf-pid----2089----pid-2089
---ebpf-pid----5707----pid-5476
---ebpf-pid----2089----pid-1
---ebpf-pid----2089----pid-2089
---ebpf-pid----5707----pid-1
---ebpf-pid----448782----pid-448782
---ebpf-pid----2089----pid-1
---ebpf-pid----2089----pid-2089
---ebpf-pid----448782----pid-448520
---ebpf-pid----2089----pid-1
---ebpf-pid----448782----pid-1
---ebpf-pid----2089----pid-2089
---ebpf-pid----5707----pid-5707
---ebpf-pid----2089----pid-1
---ebpf-pid----5707----pid-5476
---ebpf-pid----2089----pid-2089
---ebpf-pid----2012----pid-1
---ebpf-pid----5707----pid-1
---ebpf-pid----2012----pid-2012
---ebpf-pid----2089----pid-1
---ebpf-pid----5707----pid-5707
---ebpf-pid----2089----pid-2089
---ebpf-pid----2012----pid-1
---ebpf-pid----5707----pid-5476
---ebpf-pid----2089----pid-1
---ebpf-pid----2012----pid-2012
---ebpf-pid----2089----pid-2089
---ebpf-pid----5707----pid-1
---ebpf-pid----2012----pid-1
---ebpf-pid----5707----pid-5707
---ebpf-pid----2089----pid-1
---ebpf-pid----2012----pid-2012
---ebpf-pid----2089----pid-2089
---ebpf-pid----5707----pid-5476
---ebpf-pid----2012----pid-1
---ebpf-pid----2089----pid-1
---ebpf-pid----2012----pid-2012
---ebpf-pid----2089----pid-2089
---ebpf-pid----2089----pid-1
---ebpf-pid----2089----pid-2089
---ebpf-pid----2089----pid-1
---ebpf-pid----2089----pid-2089
---ebpf-pid----2089----pid-1
---ebpf-pid----2089----pid-2089
---ebpf-pid----2089----pid-1
---ebpf-pid----2089----pid-2089
---ebpf-pid----2089----pid-1
---ebpf-pid----2089----pid-2089
---ebpf-pid----2089----pid-1
---ebpf-pid----2089----pid-2089
---ebpf-pid----2089----pid-1
---ebpf-pid----2089----pid-2089
---ebpf-pid----2089----pid-1
---ebpf-pid----2089----pid-2089
---ebpf-pid----2089----pid-1
---ebpf-pid----2089----pid-2089
---ebpf-pid----2089----pid-1
---ebpf-pid----2089----pid-2089
---ebpf-pid----2089----pid-1
---ebpf-pid----2089----pid-2089
---ebpf-pid----2089----pid-1
---ebpf-pid----2089----pid-2089
---ebpf-pid----5707----pid-1
---ebpf-pid----2089----pid-1
---ebpf-pid----5707----pid-5707
---ebpf-pid----2089----pid-2089
---ebpf-pid----5707----pid-5476
---ebpf-pid----2089----pid-1
---ebpf-pid----2089----pid-2089
---ebpf-pid----5707----pid-1
---ebpf-pid----5707----pid-5707
---ebpf-pid----2089----pid-1
---ebpf-pid----2089----pid-2089
---ebpf-pid----5707----pid-5476
---ebpf-pid----2089----pid-1
---ebpf-pid----2089----pid-2089
---ebpf-pid----5707----pid-1
---ebpf-pid----5707----pid-5707
---ebpf-pid----2089----pid-1
---ebpf-pid----2089----pid-2089
---ebpf-pid----5707----pid-5476
---ebpf-pid----2089----pid-1
---ebpf-pid----5707----pid-1
---ebpf-pid----5707----pid-5707
---ebpf-pid----2089----pid-2089
---ebpf-pid----5707----pid-5476
---ebpf-pid----2089----pid-1
---ebpf-pid----2089----pid-2089
---ebpf-pid----2089----pid-1
---ebpf-pid----2089----pid-2089
---ebpf-pid----2012----pid-1
---ebpf-pid----5707----pid-1
---ebpf-pid----5707----pid-5707
---ebpf-pid----2012----pid-2012
---ebpf-pid----2089----pid-1
---ebpf-pid----2089----pid-2089
---ebpf-pid----5707----pid-5476
---ebpf-pid----2012----pid-1
---ebpf-pid----2089----pid-1
---ebpf-pid----2012----pid-2012
---ebpf-pid----372881----pid-372881
---ebpf-pid----5707----pid-1
---ebpf-pid----5707----pid-5707
---ebpf-pid----2012----pid-1
---ebpf-pid----372881----pid-1
---ebpf-pid----2012----pid-2012
---ebpf-pid----372881----pid-372881
---ebpf-pid----5707----pid-5476
---ebpf-pid----2012----pid-1
---ebpf-pid----372881----pid-1
---ebpf-pid----2012----pid-2012
---ebpf-pid----372881----pid-372881
---ebpf-pid----5707----pid-1
---ebpf-pid----379067----pid-5476
---ebpf-pid----372881----pid-1
---ebpf-pid----379067----pid-1
---ebpf-pid----372881----pid-372881
---ebpf-pid----379067----pid-379067
---ebpf-pid----5707----pid-5707
---ebpf-pid----372881----pid-1
---ebpf-pid----379067----pid-5476
---ebpf-pid----372881----pid-372881
---ebpf-pid----5707----pid-5476
---ebpf-pid----379067----pid-1
---ebpf-pid----372881----pid-1
---ebpf-pid----379067----pid-379067
---ebpf-pid----372881----pid-372881
---ebpf-pid----5707----pid-1
---ebpf-pid----5707----pid-5707
---ebpf-pid----372881----pid-1
---ebpf-pid----379067----pid-5476
---ebpf-pid----372881----pid-372881
---ebpf-pid----5707----pid-5476
---ebpf-pid----379067----pid-1
---ebpf-pid----372881----pid-1
---ebpf-pid----379067----pid-379067
---ebpf-pid----5707----pid-1
---ebpf-pid----372881----pid-372881
---ebpf-pid----5707----pid-5707
---ebpf-pid----379067----pid-5476
---ebpf-pid----372881----pid-1
---ebpf-pid----5707----pid-5476
---ebpf-pid----372881----pid-372881
---ebpf-pid----379067----pid-1
---ebpf-pid----5707----pid-1
---ebpf-pid----379067----pid-379067
---ebpf-pid----372881----pid-1
---ebpf-pid----5707----pid-5707
---ebpf-pid----372881----pid-372881
---ebpf-pid----379067----pid-5476
---ebpf-pid----5707----pid-5476
---ebpf-pid----2012----pid-1
---ebpf-pid----2012----pid-2012
---ebpf-pid----2012----pid-1
---ebpf-pid----2012----pid-2012
---ebpf-pid----372881----pid-1
---ebpf-pid----5707----pid-1
---ebpf-pid----2012----pid-1
---ebpf-pid----5707----pid-5707
---ebpf-pid----2012----pid-2012
---ebpf-pid----2012----pid-1
---ebpf-pid----5707----pid-5476
---ebpf-pid----5707----pid-1
---ebpf-pid----5707----pid-5707
---ebpf-pid----5707----pid-5476
---ebpf-pid----5707----pid-1
---ebpf-pid----5707----pid-5707
---ebpf-pid----5707----pid-5476
---ebpf-pid----5707----pid-1
---ebpf-pid----5707----pid-5707
---ebpf-pid----5707----pid-5476
---ebpf-pid----5707----pid-1
---ebpf-pid----5707----pid-5707
---ebpf-pid----2012----pid-2012
---ebpf-pid----2012----pid-1
---ebpf-pid----2012----pid-2012
---ebpf-pid----2012----pid-1
---ebpf-pid----5707----pid-5476
---ebpf-pid----5707----pid-1
---ebpf-pid----5707----pid-5707
---ebpf-pid----5707----pid-5476
---ebpf-pid----5707----pid-1
---ebpf-pid----5707----pid-5707
---ebpf-pid----5707----pid-5476
---ebpf-pid----5707----pid-1
---ebpf-pid----5707----pid-5707
---ebpf-pid----5707----pid-5476
---ebpf-pid----5707----pid-1
---ebpf-pid----5707----pid-5707
---ebpf-pid----5707----pid-5476
---ebpf-pid----5707----pid-1
---ebpf-pid----5707----pid-5707
---ebpf-pid----5707----pid-5476
---ebpf-pid----5707----pid-1
---ebpf-pid----5707----pid-5707
---ebpf-pid----5707----pid-5476
---ebpf-pid----5707----pid-1
---ebpf-pid----5707----pid-5707
---ebpf-pid----379067----pid-1
---ebpf-pid----372881----pid-372881
---ebpf-pid----379067----pid-379067
---ebpf-pid----372881----pid-1
---ebpf-pid----379067----pid-5476
---ebpf-pid----372881----pid-372881
---ebpf-pid----379067----pid-1
---ebpf-pid----372881----pid-1
---ebpf-pid----379067----pid-379067
---ebpf-pid----372881----pid-372881
---ebpf-pid----372881----pid-1
---ebpf-pid----2012----pid-2012
---ebpf-pid----379067----pid-5476
---ebpf-pid----2012----pid-1
---ebpf-pid----379067----pid-1
---ebpf-pid----372714----pid-372714
---ebpf-pid----372714----pid-5476
---ebpf-pid----372714----pid-1
---ebpf-pid----372714----pid-372714
---ebpf-pid----372714----pid-5476
---ebpf-pid----372714----pid-1
---ebpf-pid----372714----pid-372714
---ebpf-pid----372714----pid-5476
---ebpf-pid----372714----pid-1
---ebpf-pid----372714----pid-372714
---ebpf-pid----372714----pid-5476
---ebpf-pid----372714----pid-1
---ebpf-pid----372714----pid-372714
---ebpf-pid----372714----pid-5476
---ebpf-pid----372714----pid-1
---ebpf-pid----372714----pid-372714
---ebpf-pid----372714----pid-5476
---ebpf-pid----372714----pid-1
---ebpf-pid----372714----pid-372714
---ebpf-pid----372714----pid-5476
---ebpf-pid----372714----pid-1
---ebpf-pid----372714----pid-372714
---ebpf-pid----372714----pid-5476
---ebpf-pid----372714----pid-1
---ebpf-pid----372714----pid-372714
---ebpf-pid----372714----pid-5476
---ebpf-pid----372881----pid-372881
---ebpf-pid----372714----pid-1
---ebpf-pid----372714----pid-372714
---ebpf-pid----372881----pid-1
---ebpf-pid----372881----pid-372881
---ebpf-pid----372714----pid-5476
---ebpf-pid----372714----pid-1
---ebpf-pid----2089----pid-2089
---ebpf-pid----372881----pid-1
---ebpf-pid----372881----pid-372881
---ebpf-pid----2089----pid-1
---ebpf-pid----2089----pid-2089
---ebpf-pid----372881----pid-1
---ebpf-pid----372881----pid-372881
---ebpf-pid----2089----pid-1
---ebpf-pid----2089----pid-2089
---ebpf-pid----372881----pid-1
---ebpf-pid----372881----pid-372881
---ebpf-pid----2089----pid-1
---ebpf-pid----2089----pid-2089
---ebpf-pid----372881----pid-1
---ebpf-pid----2012----pid-2012
---ebpf-pid----372881----pid-372881
---ebpf-pid----2089----pid-1
---ebpf-pid----2089----pid-2089
---ebpf-pid----2012----pid-1
---ebpf-pid----372881----pid-1
---ebpf-pid----2012----pid-2012
---ebpf-pid----372881----pid-372881
---ebpf-pid----2089----pid-1
---ebpf-pid----2089----pid-2089
---ebpf-pid----2012----pid-1
---ebpf-pid----372881----pid-1
---ebpf-pid----2089----pid-1
---ebpf-pid----2012----pid-2012
---ebpf-pid----372881----pid-372881
---ebpf-pid----2089----pid-2089
---ebpf-pid----2012----pid-1
---ebpf-pid----372881----pid-1
---ebpf-pid----2089----pid-1
---ebpf-pid----372881----pid-372881
---ebpf-pid----2012----pid-2012
---ebpf-pid----2089----pid-2089
---ebpf-pid----372881----pid-1
---ebpf-pid----2012----pid-1
---ebpf-pid----372881----pid-372881
---ebpf-pid----2089----pid-1
---ebpf-pid----2012----pid-2012
---ebpf-pid----2089----pid-2089
---ebpf-pid----372881----pid-1
---ebpf-pid----372881----pid-372881
---ebpf-pid----2012----pid-1
---ebpf-pid----2089----pid-1
---ebpf-pid----2012----pid-2012
---ebpf-pid----2089----pid-2089
---ebpf-pid----372881----pid-1
---ebpf-pid----372881----pid-372881
---ebpf-pid----2012----pid-1
---ebpf-pid----2089----pid-1
---ebpf-pid----2012----pid-2012
---ebpf-pid----372881----pid-1
---ebpf-pid----2089----pid-2089
---ebpf-pid----372881----pid-372881
---ebpf-pid----2012----pid-1
---ebpf-pid----2089----pid-1
---ebpf-pid----2012----pid-2012
---ebpf-pid----372881----pid-1
---ebpf-pid----373029----pid-373029
---ebpf-pid----372881----pid-372881
---ebpf-pid----373029----pid-5476
---ebpf-pid----372881----pid-1
---ebpf-pid----2012----pid-1
---ebpf-pid----372881----pid-372881
---ebpf-pid----2012----pid-2012
---ebpf-pid----373029----pid-1
---ebpf-pid----372881----pid-1
---ebpf-pid----373029----pid-373029
---ebpf-pid----372881----pid-372881
---ebpf-pid----2012----pid-1
---ebpf-pid----2012----pid-2012
---ebpf-pid----373029----pid-5476
---ebpf-pid----372881----pid-1
---ebpf-pid----2012----pid-1
---ebpf-pid----372881----pid-372881
---ebpf-pid----373029----pid-1
---ebpf-pid----2012----pid-2012
---ebpf-pid----373029----pid-373029
---ebpf-pid----372881----pid-1
---ebpf-pid----2012----pid-1
---ebpf-pid----373029----pid-5476
---ebpf-pid----2012----pid-2012
---ebpf-pid----372881----pid-372881
---ebpf-pid----373029----pid-1
---ebpf-pid----2012----pid-1
---ebpf-pid----372881----pid-1
---ebpf-pid----373029----pid-373029
---ebpf-pid----2012----pid-2012
---ebpf-pid----372881----pid-372881
---ebpf-pid----373029----pid-5476
---ebpf-pid----2012----pid-1
---ebpf-pid----2012----pid-2012
---ebpf-pid----372881----pid-1
---ebpf-pid----373029----pid-1
---ebpf-pid----372881----pid-372881
---ebpf-pid----373029----pid-373029
---ebpf-pid----2012----pid-1
---ebpf-pid----373029----pid-5476
---ebpf-pid----372881----pid-1
---ebpf-pid----2012----pid-2012
---ebpf-pid----372881----pid-372881
---ebpf-pid----373029----pid-1
---ebpf-pid----373029----pid-373029
---ebpf-pid----372881----pid-1
---ebpf-pid----373029----pid-5476
---ebpf-pid----372881----pid-372881
---ebpf-pid----373029----pid-1
---ebpf-pid----372881----pid-1
---ebpf-pid----373029----pid-373029
---ebpf-pid----372881----pid-372881
---ebpf-pid----373029----pid-5476
---ebpf-pid----372881----pid-1
---ebpf-pid----372881----pid-372881
---ebpf-pid----373029----pid-1
---ebpf-pid----373029----pid-373029
---ebpf-pid----372881----pid-1
---ebpf-pid----373029----pid-5476
---ebpf-pid----372881----pid-372881
---ebpf-pid----373029----pid-1
---ebpf-pid----373029----pid-373029
---ebpf-pid----372881----pid-1
---ebpf-pid----372881----pid-372881
---ebpf-pid----373029----pid-5476
---ebpf-pid----372881----pid-1
---ebpf-pid----373029----pid-1
---ebpf-pid----373029----pid-373029
---ebpf-pid----372881----pid-372881
---ebpf-pid----5707----pid-5476
---ebpf-pid----5707----pid-1
---ebpf-pid----5707----pid-5707
---ebpf-pid----372881----pid-1
---ebpf-pid----5707----pid-5476
---ebpf-pid----372881----pid-372881
---ebpf-pid----5707----pid-1
---ebpf-pid----372881----pid-1
---ebpf-pid----5707----pid-5707
---ebpf-pid----372881----pid-372881
---ebpf-pid----5707----pid-5476
---ebpf-pid----372881----pid-1
---ebpf-pid----5707----pid-1
---ebpf-pid----5707----pid-5707
---ebpf-pid----372881----pid-372881
---ebpf-pid----5707----pid-5476
---ebpf-pid----372881----pid-1
---ebpf-pid----372881----pid-372881
---ebpf-pid----5707----pid-1
---ebpf-pid----5707----pid-5707
---ebpf-pid----372881----pid-1
---ebpf-pid----372881----pid-372881
---ebpf-pid----5707----pid-5476
---ebpf-pid----372881----pid-1
---ebpf-pid----372881----pid-372881
---ebpf-pid----372881----pid-1
---ebpf-pid----372881----pid-372881
---ebpf-pid----372881----pid-1
---ebpf-pid----372881----pid-372881
---ebpf-pid----372881----pid-1
---ebpf-pid----372881----pid-372881
---ebpf-pid----372881----pid-1
---ebpf-pid----372881----pid-372881
---ebpf-pid----372881----pid-1
---ebpf-pid----379067----pid-379067
---ebpf-pid----379067----pid-5476
---ebpf-pid----379067----pid-1
---ebpf-pid----379067----pid-379067
---ebpf-pid----379067----pid-5476
---ebpf-pid----379067----pid-1
---ebpf-pid----379067----pid-379067
---ebpf-pid----379067----pid-5476
---ebpf-pid----379067----pid-1
---ebpf-pid----2012----pid-1
---ebpf-pid----379067----pid-379067
---ebpf-pid----2012----pid-2012
---ebpf-pid----379067----pid-5476
---ebpf-pid----2012----pid-1
---ebpf-pid----2012----pid-2012
---ebpf-pid----373029----pid-5476
---ebpf-pid----379067----pid-1
---ebpf-pid----379067----pid-379067
---ebpf-pid----2012----pid-1
---ebpf-pid----373029----pid-1
---ebpf-pid----2012----pid-2012
---ebpf-pid----373029----pid-373029
---ebpf-pid----379067----pid-5476
---ebpf-pid----2012----pid-1
---ebpf-pid----373029----pid-5476
---ebpf-pid----2012----pid-2012
---ebpf-pid----379067----pid-1
---ebpf-pid----379067----pid-379067
---ebpf-pid----373029----pid-1
---ebpf-pid----2012----pid-1
---ebpf-pid----373029----pid-373029
---ebpf-pid----2012----pid-2012
---ebpf-pid----379067----pid-5476
---ebpf-pid----373029----pid-5476
---ebpf-pid----379067----pid-1
---ebpf-pid----372881----pid-372881
---ebpf-pid----373029----pid-1
---ebpf-pid----372881----pid-1
---ebpf-pid----373029----pid-373029
---ebpf-pid----372881----pid-372881
---ebpf-pid----372881----pid-1
---ebpf-pid----373029----pid-5476
---ebpf-pid----372881----pid-372881
---ebpf-pid----373029----pid-1
---ebpf-pid----372881----pid-1
---ebpf-pid----373029----pid-373029
---ebpf-pid----372881----pid-372881
---ebpf-pid----373029----pid-5476
---ebpf-pid----372881----pid-1
---ebpf-pid----372881----pid-372881
---ebpf-pid----373029----pid-1
---ebpf-pid----373029----pid-373029
---ebpf-pid----372881----pid-1
---ebpf-pid----372881----pid-372881
---ebpf-pid----373029----pid-5476
---ebpf-pid----372881----pid-1
---ebpf-pid----373029----pid-1
---ebpf-pid----372881----pid-372881
---ebpf-pid----6105----pid-6105
---ebpf-pid----372881----pid-1
---ebpf-pid----372881----pid-372881
---ebpf-pid----6105----pid-6082
---ebpf-pid----372881----pid-1
---ebpf-pid----6105----pid-5550
---ebpf-pid----379067----pid-379067
---ebpf-pid----379067----pid-5476
---ebpf-pid----6105----pid-1
---ebpf-pid----2089----pid-2089
---ebpf-pid----379067----pid-1
---ebpf-pid----379067----pid-379067
---ebpf-pid----5707----pid-1
---ebpf-pid----2089----pid-1
---ebpf-pid----2089----pid-2089
---ebpf-pid----5707----pid-5707
---ebpf-pid----379067----pid-5476
---ebpf-pid----2089----pid-1
---ebpf-pid----5707----pid-5476
---ebpf-pid----2089----pid-2089
---ebpf-pid----379067----pid-1
---ebpf-pid----379067----pid-379067
---ebpf-pid----5707----pid-1
---ebpf-pid----2089----pid-1
---ebpf-pid----5707----pid-5707
---ebpf-pid----2089----pid-2089
---ebpf-pid----379067----pid-5476
---ebpf-pid----5707----pid-5476
---ebpf-pid----2089----pid-1
---ebpf-pid----379067----pid-1
---ebpf-pid----2089----pid-2089
---ebpf-pid----2089----pid-2089
---ebpf-pid----5707----pid-1
---ebpf-pid----5707----pid-5707
---ebpf-pid----2089----pid-1
---ebpf-pid----2089----pid-1
---ebpf-pid----2089----pid-2089
---ebpf-pid----2088----pid-2088
---ebpf-pid----5707----pid-5476
---ebpf-pid----2089----pid-1
---ebpf-pid----2088----pid-1
---ebpf-pid----5707----pid-1
---ebpf-pid----6105----pid-6105
---ebpf-pid----2088----pid-2088
---ebpf-pid----5707----pid-5707
---ebpf-pid----5707----pid-5476
---ebpf-pid----2088----pid-1
---ebpf-pid----5707----pid-1
---ebpf-pid----2088----pid-2088
---ebpf-pid----5707----pid-5707
---ebpf-pid----2088----pid-1
---ebpf-pid----5707----pid-5476
---ebpf-pid----2088----pid-2088
---ebpf-pid----5707----pid-1
---ebpf-pid----5707----pid-5707
---ebpf-pid----2088----pid-1
---ebpf-pid----2088----pid-2088
---ebpf-pid----5707----pid-5476
---ebpf-pid----2088----pid-1
---ebpf-pid----5707----pid-1
---ebpf-pid----2088----pid-2088
---ebpf-pid----4716----pid-4716
---ebpf-pid----2088----pid-1
---ebpf-pid----2088----pid-2088
---ebpf-pid----4716----pid-3323
---ebpf-pid----4716----pid-1
---ebpf-pid----2088----pid-1
---ebpf-pid----4716----pid-4716
---ebpf-pid----2088----pid-2088
---ebpf-pid----2088----pid-1
---ebpf-pid----4716----pid-3323
---ebpf-pid----2088----pid-2088
---ebpf-pid----2012----pid-1
---ebpf-pid----4716----pid-1
---ebpf-pid----2088----pid-1
---ebpf-pid----5707----pid-5707
---ebpf-pid----2012----pid-2012
---ebpf-pid----2012----pid-1
Failed to get process information for PID 448896
Failed to get process information for PID 448896
---ebpf-pid----2012----pid-2012
---ebpf-pid----2012----pid-1
---ebpf-pid----2012----pid-2012
---ebpf-pid----2012----pid-1
---ebpf-pid----2012----pid-2012
---ebpf-pid----2012----pid-1
---ebpf-pid----2012----pid-2012
---ebpf-pid----2012----pid-1
---ebpf-pid----2012----pid-2012
---ebpf-pid----2012----pid-1
---ebpf-pid----2012----pid-2012
---ebpf-pid----2012----pid-1
---ebpf-pid----2012----pid-2012
---ebpf-pid----2012----pid-1
---ebpf-pid----2012----pid-2012
---ebpf-pid----2012----pid-1
---ebpf-pid----2012----pid-2012
---ebpf-pid----2012----pid-1
---ebpf-pid----2012----pid-2012
---ebpf-pid----2012----pid-1
---ebpf-pid----2012----pid-2012
---ebpf-pid----2012----pid-1
---ebpf-pid----5707----pid-5476
---ebpf-pid----5707----pid-1
---ebpf-pid----5707----pid-5707
---ebpf-pid----5707----pid-5476
---ebpf-pid----5707----pid-1
---ebpf-pid----5707----pid-5707
---ebpf-pid----5707----pid-5476
---ebpf-pid----5707----pid-1
---ebpf-pid----5707----pid-5707
---ebpf-pid----5707----pid-5476
---ebpf-pid----5707----pid-1
---ebpf-pid----5707----pid-5707
---ebpf-pid----5707----pid-5476
---ebpf-pid----5707----pid-1
---ebpf-pid----5707----pid-5707
---ebpf-pid----5707----pid-5476
---ebpf-pid----5707----pid-1
---ebpf-pid----5707----pid-5707
---ebpf-pid----5707----pid-5476
---ebpf-pid----5707----pid-1
---ebpf-pid----5707----pid-5707
---ebpf-pid----5707----pid-5476
---ebpf-pid----5707----pid-1
---ebpf-pid----5707----pid-5707
---ebpf-pid----5707----pid-5476
---ebpf-pid----5707----pid-1
---ebpf-pid----5707----pid-5707
---ebpf-pid----5707----pid-5476
---ebpf-pid----5707----pid-1
---ebpf-pid----5707----pid-5707
---ebpf-pid----2089----pid-2089
---ebpf-pid----2089----pid-1
---ebpf-pid----2012----pid-2012
---ebpf-pid----6105----pid-6082
---ebpf-pid----2089----pid-2089
---ebpf-pid----2012----pid-1
---ebpf-pid----2089----pid-1
---ebpf-pid----2012----pid-2012
---ebpf-pid----2089----pid-2089
---ebpf-pid----6105----pid-5550
---ebpf-pid----2012----pid-1
---ebpf-pid----2012----pid-2012
---ebpf-pid----2089----pid-1
---ebpf-pid----2012----pid-1
---ebpf-pid----2012----pid-2012
---ebpf-pid----2089----pid-2089
---ebpf-pid----6105----pid-1
---ebpf-pid----5865----pid-5865
---ebpf-pid----2012----pid-1
---ebpf-pid----2089----pid-1
---ebpf-pid----2012----pid-2012
---ebpf-pid----2089----pid-2089
---ebpf-pid----2012----pid-1
---ebpf-pid----5865----pid-5550
---ebpf-pid----2012----pid-2012
---ebpf-pid----2089----pid-1
---ebpf-pid----2089----pid-2089
---ebpf-pid----2012----pid-1
---ebpf-pid----5865----pid-1
---ebpf-pid----2012----pid-2012
---ebpf-pid----2089----pid-1
---ebpf-pid----6105----pid-6105
---ebpf-pid----2089----pid-2089
---ebpf-pid----2012----pid-1
---ebpf-pid----2012----pid-2012
---ebpf-pid----2089----pid-1
---ebpf-pid----6105----pid-6082
---ebpf-pid----2089----pid-2089
Failed to get process information for PID 448896
Failed to get process information for PID 448896
Failed to get process information for PID 448896
Failed to get process information for PID 448896
---ebpf-pid----2012----pid-1
---ebpf-pid----6105----pid-5550
---ebpf-pid----2012----pid-2012
---ebpf-pid----6105----pid-1
---ebpf-pid----2012----pid-1
---ebpf-pid----6105----pid-6105
---ebpf-pid----2012----pid-2012
---ebpf-pid----2089----pid-1
---ebpf-pid----2089----pid-2089
---ebpf-pid----6105----pid-6082
---ebpf-pid----2012----pid-1
---ebpf-pid----2012----pid-2012
---ebpf-pid----2089----pid-1
---ebpf-pid----6105----pid-5550
---ebpf-pid----2012----pid-1
---ebpf-pid----2089----pid-2089
---ebpf-pid----2012----pid-2012
---ebpf-pid----6105----pid-1
---ebpf-pid----2089----pid-1
---ebpf-pid----6105----pid-6105
---ebpf-pid----2012----pid-1
---ebpf-pid----2089----pid-2089
---ebpf-pid----2012----pid-2012
---ebpf-pid----6105----pid-6082
---ebpf-pid----2012----pid-1
---ebpf-pid----2012----pid-2012
---ebpf-pid----6105----pid-5550
---ebpf-pid----2089----pid-1
---ebpf-pid----2089----pid-2089
---ebpf-pid----6105----pid-1
---ebpf-pid----2012----pid-1
---ebpf-pid----6105----pid-6105
---ebpf-pid----2012----pid-2012
---ebpf-pid----2089----pid-1
---ebpf-pid----2089----pid-2089
---ebpf-pid----6105----pid-6082
---ebpf-pid----2012----pid-1
---ebpf-pid----2012----pid-2012
---ebpf-pid----2089----pid-1
---ebpf-pid----6105----pid-5550
---ebpf-pid----2089----pid-2089
---ebpf-pid----2012----pid-1
---ebpf-pid----2012----pid-2012
---ebpf-pid----6105----pid-1
---ebpf-pid----2089----pid-1
---ebpf-pid----6105----pid-6105
---ebpf-pid----2089----pid-2089
---ebpf-pid----2012----pid-1
---ebpf-pid----2012----pid-2012
---ebpf-pid----6105----pid-6082
---ebpf-pid----2089----pid-1
---ebpf-pid----2089----pid-2089
---ebpf-pid----2012----pid-1
---ebpf-pid----2012----pid-2012
---ebpf-pid----6105----pid-5550
---ebpf-pid----2089----pid-1
---ebpf-pid----2089----pid-2089
---ebpf-pid----2012----pid-1
---ebpf-pid----6105----pid-1
---ebpf-pid----2012----pid-2012
---ebpf-pid----6105----pid-6105
---ebpf-pid----2089----pid-1
---ebpf-pid----2012----pid-1
---ebpf-pid----2089----pid-2089
---ebpf-pid----2012----pid-2012
---ebpf-pid----6105----pid-6082
---ebpf-pid----2089----pid-1
---ebpf-pid----2012----pid-1
---ebpf-pid----2089----pid-2089
---ebpf-pid----6105----pid-5550
---ebpf-pid----2012----pid-2012
---ebpf-pid----6105----pid-1
---ebpf-pid----2089----pid-1
---ebpf-pid----2012----pid-1
---ebpf-pid----6105----pid-6105
---ebpf-pid----2089----pid-2089
---ebpf-pid----2012----pid-2012
---ebpf-pid----2089----pid-1
---ebpf-pid----6105----pid-6082
---ebpf-pid----2012----pid-1
---ebpf-pid----2089----pid-2089
---ebpf-pid----2012----pid-2012
---ebpf-pid----6105----pid-5550
---ebpf-pid----2089----pid-1
---ebpf-pid----2012----pid-1
---ebpf-pid----2089----pid-2089
---ebpf-pid----2012----pid-2012
---ebpf-pid----6105----pid-1
---ebpf-pid----2089----pid-1
---ebpf-pid----6105----pid-6105
---ebpf-pid----2012----pid-1
---ebpf-pid----2089----pid-2089
---ebpf-pid----2012----pid-2012
---ebpf-pid----6105----pid-6082
---ebpf-pid----2089----pid-1
---ebpf-pid----2012----pid-1
---ebpf-pid----2089----pid-2089
---ebpf-pid----2012----pid-2012
---ebpf-pid----6105----pid-5550
---ebpf-pid----2089----pid-1
---ebpf-pid----2012----pid-1
---ebpf-pid----6105----pid-1
---ebpf-pid----2089----pid-2089
---ebpf-pid----2012----pid-2012
---ebpf-pid----6105----pid-6105
---ebpf-pid----2089----pid-1
---ebpf-pid----2012----pid-1
---ebpf-pid----6105----pid-6082
---ebpf-pid----2089----pid-2089
---ebpf-pid----2089----pid-1
---ebpf-pid----6105----pid-5550
---ebpf-pid----5707----pid-5476
---ebpf-pid----2089----pid-2089
---ebpf-pid----6105----pid-1
---ebpf-pid----5707----pid-1
---ebpf-pid----2089----pid-1
---ebpf-pid----5707----pid-5707
---ebpf-pid----6105----pid-6105
---ebpf-pid----2089----pid-2089
---ebpf-pid----5707----pid-5476
---ebpf-pid----6105----pid-6082
---ebpf-pid----2089----pid-1
---ebpf-pid----373029----pid-373029
---ebpf-pid----5707----pid-1
---ebpf-pid----6105----pid-5550
---ebpf-pid----5707----pid-5707
---ebpf-pid----373029----pid-5476
---ebpf-pid----6105----pid-1
---ebpf-pid----5707----pid-5476
---ebpf-pid----6105----pid-6105
---ebpf-pid----373029----pid-1
---ebpf-pid----373029----pid-373029
---ebpf-pid----5707----pid-1
---ebpf-pid----6105----pid-6082
---ebpf-pid----5707----pid-5707
---ebpf-pid----373029----pid-5476
---ebpf-pid----6105----pid-5550
---ebpf-pid----5707----pid-5476
---ebpf-pid----373029----pid-1
---ebpf-pid----373029----pid-373029
---ebpf-pid----6105----pid-1
---ebpf-pid----448782----pid-448782
---ebpf-pid----5707----pid-1
---ebpf-pid----5707----pid-5707
---ebpf-pid----373029----pid-5476
---ebpf-pid----448782----pid-448520
---ebpf-pid----5707----pid-5476
---ebpf-pid----373029----pid-1
---ebpf-pid----373029----pid-373029
---ebpf-pid----448782----pid-1
---ebpf-pid----6105----pid-6105
---ebpf-pid----373029----pid-5476
---ebpf-pid----6105----pid-6082
---ebpf-pid----5707----pid-1
---ebpf-pid----373029----pid-1
---ebpf-pid----5707----pid-5707
---ebpf-pid----6105----pid-5550
---ebpf-pid----5707----pid-5476
---ebpf-pid----6105----pid-1
---ebpf-pid----6105----pid-6105
---ebpf-pid----5707----pid-1
---ebpf-pid----5707----pid-5707
---ebpf-pid----6105----pid-6082
---ebpf-pid----5707----pid-5476
---ebpf-pid----373029----pid-373029
---ebpf-pid----373029----pid-5476
---ebpf-pid----6105----pid-5550
---ebpf-pid----373029----pid-1
---ebpf-pid----373029----pid-373029
---ebpf-pid----6105----pid-1
---ebpf-pid----373029----pid-5476
---ebpf-pid----6105----pid-6105
---ebpf-pid----373029----pid-1
---ebpf-pid----6105----pid-6082
---ebpf-pid----373029----pid-373029
---ebpf-pid----5707----pid-1
---ebpf-pid----5707----pid-5707
---ebpf-pid----5707----pid-5476
---ebpf-pid----5707----pid-1
---ebpf-pid----5707----pid-5707
---ebpf-pid----5707----pid-5476
---ebpf-pid----5707----pid-1
---ebpf-pid----5707----pid-5707
---ebpf-pid----5707----pid-5476
---ebpf-pid----5707----pid-1
---ebpf-pid----5707----pid-5707
---ebpf-pid----5707----pid-5476
---ebpf-pid----2012----pid-2012
---ebpf-pid----5707----pid-1
---ebpf-pid----5707----pid-5707
---ebpf-pid----2012----pid-1
---ebpf-pid----2012----pid-2012
---ebpf-pid----2012----pid-1
---ebpf-pid----2012----pid-2012
---ebpf-pid----2012----pid-1
---ebpf-pid----2012----pid-2012
---ebpf-pid----2012----pid-1
---ebpf-pid----2012----pid-2012
---ebpf-pid----2012----pid-1
---ebpf-pid----2012----pid-2012
---ebpf-pid----2012----pid-1
---ebpf-pid----2012----pid-2012
---ebpf-pid----2012----pid-1
---ebpf-pid----2012----pid-2012
---ebpf-pid----2012----pid-1
---ebpf-pid----2012----pid-2012
---ebpf-pid----2012----pid-1
---ebpf-pid----2012----pid-2012
---ebpf-pid----2012----pid-1
---ebpf-pid----2012----pid-2012
---ebpf-pid----2012----pid-1
---ebpf-pid----2012----pid-2012
---ebpf-pid----2012----pid-1
---ebpf-pid----2012----pid-2012
---ebpf-pid----2012----pid-1
---ebpf-pid----2012----pid-2012
---ebpf-pid----373029----pid-5476
---ebpf-pid----6105----pid-5550
---ebpf-pid----6105----pid-1
---ebpf-pid----6105----pid-6105
---ebpf-pid----6105----pid-6082
---ebpf-pid----2012----pid-1
---ebpf-pid----6105----pid-5550
Failed to get process information for PID 448896
Failed to get process information for PID 448896
---ebpf-pid----6105----pid-1
---ebpf-pid----6105----pid-6105
---ebpf-pid----6105----pid-6082
---ebpf-pid----6105----pid-5550
---ebpf-pid----6105----pid-1
---ebpf-pid----6105----pid-6105
---ebpf-pid----6105----pid-6082
---ebpf-pid----6105----pid-5550
---ebpf-pid----6105----pid-1
---ebpf-pid----6105----pid-6105
---ebpf-pid----2012----pid-2012
---ebpf-pid----6105----pid-6082
---ebpf-pid----2012----pid-1
---ebpf-pid----6105----pid-5550
---ebpf-pid----2012----pid-2012
---ebpf-pid----6105----pid-1
---ebpf-pid----6105----pid-6105
---ebpf-pid----2012----pid-1
---ebpf-pid----2012----pid-2012
---ebpf-pid----6105----pid-6082
---ebpf-pid----2012----pid-1
---ebpf-pid----2012----pid-2012
---ebpf-pid----6105----pid-5550
---ebpf-pid----6105----pid-1
---ebpf-pid----2012----pid-1
---ebpf-pid----6105----pid-6105
---ebpf-pid----2012----pid-2012
---ebpf-pid----6105----pid-6082
---ebpf-pid----2012----pid-1
---ebpf-pid----2012----pid-2012
---ebpf-pid----6105----pid-5550
---ebpf-pid----2012----pid-1
---ebpf-pid----6105----pid-1
---ebpf-pid----2012----pid-2012
---ebpf-pid----2012----pid-1
---ebpf-pid----2012----pid-2012
---ebpf-pid----2012----pid-1
---ebpf-pid----373029----pid-1
---ebpf-pid----2012----pid-2012
---ebpf-pid----5707----pid-5476
---ebpf-pid----373029----pid-373029
---ebpf-pid----2012----pid-1
---ebpf-pid----5707----pid-1
---ebpf-pid----373029----pid-5476
---ebpf-pid----2088----pid-2088
---ebpf-pid----5707----pid-5707
---ebpf-pid----373029----pid-1
---ebpf-pid----2088----pid-1
---ebpf-pid----373029----pid-373029
---ebpf-pid----5707----pid-5476
---ebpf-pid----2088----pid-2088
---ebpf-pid----373029----pid-5476
---ebpf-pid----2088----pid-1
---ebpf-pid----373029----pid-1
---ebpf-pid----373029----pid-373029
---ebpf-pid----5707----pid-1
---ebpf-pid----2012----pid-2012
---ebpf-pid----5707----pid-5707
---ebpf-pid----373029----pid-5476
---ebpf-pid----2012----pid-1
---ebpf-pid----5707----pid-5476
---ebpf-pid----372881----pid-372881
---ebpf-pid----5707----pid-1
---ebpf-pid----372881----pid-1
---ebpf-pid----5707----pid-5707
---ebpf-pid----5707----pid-5707
---ebpf-pid----5707----pid-5476
---ebpf-pid----5707----pid-5476
---ebpf-pid----5707----pid-1
---ebpf-pid----5707----pid-5707
---ebpf-pid----5707----pid-1
---ebpf-pid----5707----pid-5707
---ebpf-pid----5707----pid-5476
Failed to get process information for PID 448896
Failed to get process information for PID 448896
---ebpf-pid----5707----pid-1
---ebpf-pid----5707----pid-5707
---ebpf-pid----5707----pid-5476
---ebpf-pid----5707----pid-1
---ebpf-pid----5707----pid-5707
---ebpf-pid----5707----pid-5476
---ebpf-pid----373029----pid-1
---ebpf-pid----373029----pid-373029
---ebpf-pid----5707----pid-1
---ebpf-pid----5707----pid-5707
---ebpf-pid----373029----pid-5476
---ebpf-pid----5707----pid-5476
---ebpf-pid----373029----pid-1
---ebpf-pid----372714----pid-372714
---ebpf-pid----5707----pid-1
---ebpf-pid----5707----pid-5707
---ebpf-pid----372714----pid-5476
---ebpf-pid----5707----pid-5476
---ebpf-pid----372714----pid-1
---ebpf-pid----372714----pid-372714
---ebpf-pid----5707----pid-1
---ebpf-pid----372714----pid-5476
---ebpf-pid----379067----pid-379067
---ebpf-pid----372714----pid-1
---ebpf-pid----379067----pid-5476
---ebpf-pid----372714----pid-372714
---ebpf-pid----379067----pid-1
---ebpf-pid----372714----pid-5476
---ebpf-pid----379067----pid-379067
---ebpf-pid----372714----pid-1
---ebpf-pid----379067----pid-5476
---ebpf-pid----372714----pid-372714
---ebpf-pid----379067----pid-1
---ebpf-pid----372714----pid-5476
---ebpf-pid----379067----pid-379067
---ebpf-pid----372714----pid-1
---ebpf-pid----379067----pid-5476
---ebpf-pid----373029----pid-373029
---ebpf-pid----379067----pid-1
---ebpf-pid----373029----pid-5476
---ebpf-pid----5707----pid-5707
---ebpf-pid----373029----pid-1
---ebpf-pid----5707----pid-5476
---ebpf-pid----373029----pid-373029
---ebpf-pid----373029----pid-5476
---ebpf-pid----5707----pid-1
---ebpf-pid----373029----pid-1
---ebpf-pid----372714----pid-372714
---ebpf-pid----373029----pid-373029
---ebpf-pid----372714----pid-5476
---ebpf-pid----373029----pid-5476
---ebpf-pid----6105----pid-6105
---ebpf-pid----372714----pid-1
---ebpf-pid----373029----pid-1
---ebpf-pid----5707----pid-5476
---ebpf-pid----6105----pid-6082
---ebpf-pid----373029----pid-373029
---ebpf-pid----373029----pid-5476
---ebpf-pid----372714----pid-372714
---ebpf-pid----373029----pid-1
---ebpf-pid----373029----pid-373029
---ebpf-pid----373029----pid-5476
---ebpf-pid----373029----pid-1
---ebpf-pid----2089----pid-2089
---ebpf-pid----2089----pid-1
---ebpf-pid----2089----pid-2089
---ebpf-pid----2089----pid-1
---ebpf-pid----2089----pid-2089
---ebpf-pid----2089----pid-1
---ebpf-pid----2089----pid-2089
---ebpf-pid----2089----pid-1
---ebpf-pid----2089----pid-2089
---ebpf-pid----2089----pid-1
---ebpf-pid----2089----pid-2089
---ebpf-pid----2089----pid-1
---ebpf-pid----2089----pid-2089
---ebpf-pid----2089----pid-1
---ebpf-pid----2089----pid-2089
Failed to get process information for PID 448895
Failed to get process information for PID 448895
Failed to get process information for PID 448895
Failed to get process information for PID 448895
Failed to get process information for PID 448895
Failed to get process information for PID 448895
---ebpf-pid----6105----pid-5550
---ebpf-pid----372714----pid-5476
---ebpf-pid----6105----pid-1
---ebpf-pid----372714----pid-1
---ebpf-pid----6105----pid-6105
---ebpf-pid----5707----pid-5707
---ebpf-pid----6105----pid-6082
---ebpf-pid----5707----pid-5476
---ebpf-pid----6105----pid-5550
---ebpf-pid----5707----pid-1
---ebpf-pid----5707----pid-5707
---ebpf-pid----5707----pid-5476
---ebpf-pid----6105----pid-1
---ebpf-pid----5707----pid-1
---ebpf-pid----6105----pid-6105
---ebpf-pid----373029----pid-373029
---ebpf-pid----6105----pid-6082
---ebpf-pid----373029----pid-5476
---ebpf-pid----6105----pid-5550
---ebpf-pid----373029----pid-1
---ebpf-pid----6105----pid-1
---ebpf-pid----5707----pid-5707
---ebpf-pid----5707----pid-1
---ebpf-pid----5707----pid-5476
---ebpf-pid----448783----pid-448783
---ebpf-pid----5707----pid-5707
---ebpf-pid----5707----pid-1
---ebpf-pid----448783----pid-448520
---ebpf-pid----5707----pid-5476
---ebpf-pid----373029----pid-373029
---ebpf-pid----448783----pid-1
---ebpf-pid----5707----pid-1
---ebpf-pid----373029----pid-5476
---ebpf-pid----5428----pid-5428
---ebpf-pid----5707----pid-5707
---ebpf-pid----5428----pid-1
---ebpf-pid----373029----pid-1
---ebpf-pid----5707----pid-5476
---ebpf-pid----5085----pid-5085
---ebpf-pid----373029----pid-373029
---ebpf-pid----5085----pid-4164
---ebpf-pid----373029----pid-5476
---ebpf-pid----373029----pid-1
---ebpf-pid----5085----pid-3417
---ebpf-pid----5707----pid-5707
---ebpf-pid----5707----pid-1
---ebpf-pid----5707----pid-5707
---ebpf-pid----5085----pid-1
---ebpf-pid----5707----pid-5476
---ebpf-pid----9422----pid-9422
---ebpf-pid----5707----pid-5476
---ebpf-pid----9422----pid-7637
---ebpf-pid----5707----pid-1
---ebpf-pid----5707----pid-1
---ebpf-pid----5707----pid-5707
---ebpf-pid----5707----pid-5707
---ebpf-pid----9422----pid-1
---ebpf-pid----9422----pid-9422
---ebpf-pid----5707----pid-5476
---ebpf-pid----5707----pid-5476
---ebpf-pid----9422----pid-7637
---ebpf-pid----5707----pid-1
---ebpf-pid----9422----pid-1
---ebpf-pid----5707----pid-1
---ebpf-pid----5707----pid-5707
---ebpf-pid----9422----pid-9422
---ebpf-pid----5707----pid-5707
---ebpf-pid----5707----pid-5476
---ebpf-pid----9422----pid-7637
---ebpf-pid----5707----pid-5476
---ebpf-pid----9422----pid-1
---ebpf-pid----5707----pid-1
---ebpf-pid----9422----pid-9422
---ebpf-pid----5707----pid-1
---ebpf-pid----5707----pid-5707
---ebpf-pid----2088----pid-2088
---ebpf-pid----9422----pid-7637
---ebpf-pid----5707----pid-5476
---ebpf-pid----2088----pid-1
---ebpf-pid----9422----pid-1
---ebpf-pid----2088----pid-2088
---ebpf-pid----5707----pid-1
---ebpf-pid----4716----pid-4716
---ebpf-pid----2088----pid-1
---ebpf-pid----9422----pid-9422
---ebpf-pid----2088----pid-2088
---ebpf-pid----4716----pid-3323
---ebpf-pid----2088----pid-1
---ebpf-pid----9422----pid-7637
---ebpf-pid----2088----pid-2088
---ebpf-pid----4716----pid-1
---ebpf-pid----4716----pid-4716
---ebpf-pid----9422----pid-1
---ebpf-pid----2088----pid-1
---ebpf-pid----9422----pid-9422
---ebpf-pid----2088----pid-2088
---ebpf-pid----4716----pid-3323
---ebpf-pid----9422----pid-7637
---ebpf-pid----2088----pid-1
---ebpf-pid----2088----pid-2088
---ebpf-pid----4716----pid-1
---ebpf-pid----4716----pid-4716
---ebpf-pid----9422----pid-1
---ebpf-pid----2088----pid-1
---ebpf-pid----9422----pid-9422
---ebpf-pid----2088----pid-2088
---ebpf-pid----4716----pid-3323
---ebpf-pid----9422----pid-7637
---ebpf-pid----2088----pid-1
---ebpf-pid----2088----pid-2088
---ebpf-pid----4716----pid-1
---ebpf-pid----9422----pid-1
---ebpf-pid----4716----pid-4716
---ebpf-pid----9422----pid-9422
---ebpf-pid----2088----pid-1
---ebpf-pid----4716----pid-3323
---ebpf-pid----2088----pid-2088
---ebpf-pid----9422----pid-7637
---ebpf-pid----4716----pid-1
---ebpf-pid----2088----pid-1
---ebpf-pid----9422----pid-1
---ebpf-pid----2088----pid-2088
---ebpf-pid----372881----pid-372881
---ebpf-pid----4716----pid-4716
---ebpf-pid----2088----pid-1
---ebpf-pid----372881----pid-1
---ebpf-pid----2088----pid-2088
---ebpf-pid----372881----pid-372881
---ebpf-pid----4716----pid-3323
---ebpf-pid----2088----pid-1
---ebpf-pid----372881----pid-1
---ebpf-pid----2088----pid-2088
---ebpf-pid----372881----pid-372881
---ebpf-pid----4716----pid-1
---ebpf-pid----6351----pid-6351
---ebpf-pid----2088----pid-1
---ebpf-pid----372881----pid-1
---ebpf-pid----2088----pid-2088
---ebpf-pid----372881----pid-372881
---ebpf-pid----6351----pid-5980
---ebpf-pid----2088----pid-1
---ebpf-pid----372881----pid-1
---ebpf-pid----2088----pid-2088
---ebpf-pid----6351----pid-1
---ebpf-pid----372881----pid-372881
---ebpf-pid----4716----pid-4716
---ebpf-pid----2088----pid-1
---ebpf-pid----372881----pid-1
---ebpf-pid----2088----pid-2088
---ebpf-pid----372881----pid-372881
---ebpf-pid----4716----pid-3323
---ebpf-pid----2088----pid-1
---ebpf-pid----372881----pid-1
---ebpf-pid----4716----pid-1
---ebpf-pid----2088----pid-2088
---ebpf-pid----372881----pid-372881
---ebpf-pid----4716----pid-4716
---ebpf-pid----2088----pid-1
---ebpf-pid----372881----pid-1
---ebpf-pid----4716----pid-3323
---ebpf-pid----2088----pid-2088
---ebpf-pid----372881----pid-372881
---ebpf-pid----372881----pid-1
---ebpf-pid----4716----pid-1
---ebpf-pid----372881----pid-372881
---ebpf-pid----2088----pid-1
---ebpf-pid----2088----pid-2088
---ebpf-pid----372881----pid-1
---ebpf-pid----4716----pid-4716
---ebpf-pid----372881----pid-372881
---ebpf-pid----2088----pid-1
---ebpf-pid----2088----pid-2088
---ebpf-pid----372881----pid-1
---ebpf-pid----372881----pid-372881
---ebpf-pid----2088----pid-1
---ebpf-pid----4716----pid-3323
---ebpf-pid----2088----pid-2088
---ebpf-pid----372881----pid-1
---ebpf-pid----372881----pid-372881
---ebpf-pid----2088----pid-1
---ebpf-pid----372881----pid-1
---ebpf-pid----4716----pid-1
---ebpf-pid----2088----pid-2088
---ebpf-pid----4716----pid-4716
---ebpf-pid----372881----pid-372881
---ebpf-pid----2088----pid-1
---ebpf-pid----2088----pid-2088
---ebpf-pid----2089----pid-1
---ebpf-pid----2088----pid-1
---ebpf-pid----2088----pid-2088
---ebpf-pid----4716----pid-3323
---ebpf-pid----4716----pid-1
---ebpf-pid----373029----pid-373029
---ebpf-pid----2088----pid-1
---ebpf-pid----372881----pid-1
---ebpf-pid----372881----pid-372881
---ebpf-pid----372881----pid-1
---ebpf-pid----372881----pid-372881
---ebpf-pid----372881----pid-1
---ebpf-pid----372881----pid-372881
---ebpf-pid----372881----pid-1
---ebpf-pid----372881----pid-372881
---ebpf-pid----372881----pid-1
---ebpf-pid----372881----pid-372881
---ebpf-pid----372881----pid-1
---ebpf-pid----372881----pid-372881
---ebpf-pid----372881----pid-1
---ebpf-pid----372881----pid-372881
---ebpf-pid----372881----pid-1
---ebpf-pid----2088----pid-2088
---ebpf-pid----372881----pid-372881
---ebpf-pid----2088----pid-1
---ebpf-pid----2088----pid-2088
---ebpf-pid----2088----pid-1
---ebpf-pid----372881----pid-1
---ebpf-pid----2088----pid-2088
---ebpf-pid----372881----pid-372881
---ebpf-pid----2088----pid-1
---ebpf-pid----372881----pid-1
---ebpf-pid----2088----pid-2088
---ebpf-pid----372881----pid-372881
---ebpf-pid----2088----pid-1
---ebpf-pid----372881----pid-1
---ebpf-pid----372881----pid-372881
---ebpf-pid----2088----pid-2088
---ebpf-pid----372881----pid-1
---ebpf-pid----2088----pid-1
---ebpf-pid----2088----pid-2088
---ebpf-pid----372881----pid-372881
---ebpf-pid----2088----pid-1
---ebpf-pid----2088----pid-2088
---ebpf-pid----372881----pid-1
---ebpf-pid----372881----pid-372881
---ebpf-pid----2088----pid-1
---ebpf-pid----2088----pid-2088
---ebpf-pid----372881----pid-1
---ebpf-pid----372881----pid-372881
---ebpf-pid----372881----pid-1
---ebpf-pid----372881----pid-372881
---ebpf-pid----372881----pid-1
---ebpf-pid----372881----pid-372881
---ebpf-pid----2088----pid-1
---ebpf-pid----372881----pid-1
---ebpf-pid----372881----pid-372881
---ebpf-pid----2088----pid-2088
---ebpf-pid----372881----pid-1
---ebpf-pid----2088----pid-1
---ebpf-pid----2089----pid-2089
---ebpf-pid----372881----pid-372881
---ebpf-pid----2088----pid-2088
---ebpf-pid----372881----pid-1
---ebpf-pid----2088----pid-1
---ebpf-pid----2088----pid-2088
---ebpf-pid----372881----pid-372881
---ebpf-pid----2089----pid-1
---ebpf-pid----2089----pid-2089
---ebpf-pid----2089----pid-1
---ebpf-pid----373029----pid-5476
---ebpf-pid----372881----pid-1
---ebpf-pid----2089----pid-2089
---ebpf-pid----372881----pid-372881
---ebpf-pid----373029----pid-1
---ebpf-pid----2089----pid-1
---ebpf-pid----373029----pid-373029
---ebpf-pid----372881----pid-1
---ebpf-pid----2089----pid-2089
---ebpf-pid----372881----pid-372881
---ebpf-pid----373029----pid-5476
---ebpf-pid----2089----pid-1
---ebpf-pid----372881----pid-1
---ebpf-pid----2089----pid-2089
---ebpf-pid----372881----pid-372881
---ebpf-pid----373029----pid-1
---ebpf-pid----4716----pid-4716
---ebpf-pid----2089----pid-1
---ebpf-pid----448785----pid-448785
---ebpf-pid----4716----pid-3323
---ebpf-pid----372881----pid-1
---ebpf-pid----448785----pid-448520
---ebpf-pid----372881----pid-372881
---ebpf-pid----4716----pid-1
---ebpf-pid----372881----pid-372881
---ebpf-pid----448785----pid-1
---ebpf-pid----372881----pid-1
---ebpf-pid----448785----pid-448785
---ebpf-pid----372881----pid-372881
---ebpf-pid----372881----pid-1
---ebpf-pid----372881----pid-372881
---ebpf-pid----448785----pid-448520
---ebpf-pid----372881----pid-1
---ebpf-pid----372881----pid-372881
---ebpf-pid----448785----pid-1
---ebpf-pid----372881----pid-1
---ebpf-pid----448785----pid-448785
---ebpf-pid----372881----pid-1
---ebpf-pid----372881----pid-372881
---ebpf-pid----372881----pid-372881
---ebpf-pid----448785----pid-448520
---ebpf-pid----372881----pid-1
---ebpf-pid----372881----pid-1
---ebpf-pid----372881----pid-372881
---ebpf-pid----448785----pid-1
---ebpf-pid----372881----pid-372881
---ebpf-pid----448785----pid-448785
---ebpf-pid----372881----pid-1
---ebpf-pid----372881----pid-1
---ebpf-pid----372881----pid-372881
---ebpf-pid----448785----pid-448520
---ebpf-pid----372881----pid-372881
---ebpf-pid----372881----pid-1
---ebpf-pid----448785----pid-1
---ebpf-pid----372881----pid-1
---ebpf-pid----372881----pid-372881
---ebpf-pid----448785----pid-448785
---ebpf-pid----372881----pid-372881
---ebpf-pid----372881----pid-1
---ebpf-pid----448785----pid-448520
---ebpf-pid----372881----pid-1
---ebpf-pid----5638----pid-5638
---ebpf-pid----372881----pid-372881
---ebpf-pid----448785----pid-1
---ebpf-pid----5638----pid-1
---ebpf-pid----372881----pid-1
---ebpf-pid----448785----pid-448785
---ebpf-pid----5638----pid-5638
---ebpf-pid----372881----pid-372881
---ebpf-pid----5638----pid-1
---ebpf-pid----448785----pid-448520
---ebpf-pid----372881----pid-1
---ebpf-pid----2012----pid-2012
---ebpf-pid----372881----pid-372881
---ebpf-pid----2012----pid-1
---ebpf-pid----372881----pid-1
---ebpf-pid----2012----pid-2012
---ebpf-pid----372881----pid-372881
---ebpf-pid----2012----pid-1
---ebpf-pid----372881----pid-1
---ebpf-pid----373029----pid-373029
---ebpf-pid----372881----pid-372881
---ebpf-pid----373029----pid-5476
---ebpf-pid----372881----pid-1
---ebpf-pid----372881----pid-372881
---ebpf-pid----373029----pid-1
---ebpf-pid----373029----pid-373029
---ebpf-pid----372881----pid-1
---ebpf-pid----372881----pid-372881
---ebpf-pid----373029----pid-5476
---ebpf-pid----372881----pid-1
---ebpf-pid----373029----pid-1
---ebpf-pid----372881----pid-372881
---ebpf-pid----373029----pid-373029
---ebpf-pid----372881----pid-1
---ebpf-pid----373029----pid-5476
---ebpf-pid----372881----pid-372881
---ebpf-pid----372881----pid-1
---ebpf-pid----372881----pid-372881
---ebpf-pid----2088----pid-1
---ebpf-pid----2088----pid-2088
---ebpf-pid----372881----pid-1
---ebpf-pid----372881----pid-372881
---ebpf-pid----2088----pid-1
---ebpf-pid----2088----pid-2088
---ebpf-pid----372881----pid-1
---ebpf-pid----372881----pid-372881
---ebpf-pid----2088----pid-1
---ebpf-pid----2088----pid-2088
---ebpf-pid----372881----pid-1
---ebpf-pid----2088----pid-1
---ebpf-pid----372881----pid-372881
---ebpf-pid----2088----pid-2088
---ebpf-pid----2088----pid-1
---ebpf-pid----372881----pid-1
---ebpf-pid----2088----pid-2088
---ebpf-pid----372881----pid-372881
---ebpf-pid----2088----pid-1
---ebpf-pid----372881----pid-1
---ebpf-pid----2088----pid-2088
---ebpf-pid----372881----pid-372881
---ebpf-pid----2088----pid-1
---ebpf-pid----372881----pid-1
---ebpf-pid----2088----pid-2088
---ebpf-pid----372881----pid-372881
---ebpf-pid----2088----pid-1
---ebpf-pid----372881----pid-1
---ebpf-pid----372881----pid-372881
---ebpf-pid----372881----pid-1
---ebpf-pid----372881----pid-372881
---ebpf-pid----372881----pid-1
---ebpf-pid----372881----pid-372881
---ebpf-pid----372881----pid-1
---ebpf-pid----372881----pid-372881
---ebpf-pid----372881----pid-1
---ebpf-pid----372881----pid-372881
---ebpf-pid----448785----pid-1
---ebpf-pid----448785----pid-448785
---ebpf-pid----372881----pid-1
---ebpf-pid----372881----pid-372881
---ebpf-pid----448785----pid-448520
---ebpf-pid----372881----pid-1
---ebpf-pid----448785----pid-1
---ebpf-pid----372881----pid-372881
---ebpf-pid----448785----pid-448785
---ebpf-pid----372881----pid-1
---ebpf-pid----448785----pid-448520
---ebpf-pid----372881----pid-372881
---ebpf-pid----448785----pid-1
---ebpf-pid----372881----pid-1
---ebpf-pid----372881----pid-372881
---ebpf-pid----372881----pid-372881
---ebpf-pid----372881----pid-1
---ebpf-pid----372881----pid-372881
---ebpf-pid----372881----pid-1
---ebpf-pid----372881----pid-372881
---ebpf-pid----372881----pid-1
---ebpf-pid----372881----pid-372881
---ebpf-pid----372881----pid-1
---ebpf-pid----372881----pid-372881
---ebpf-pid----2088----pid-2088
---ebpf-pid----372881----pid-1
---ebpf-pid----372881----pid-372881
---ebpf-pid----2088----pid-1
---ebpf-pid----372881----pid-1
---ebpf-pid----2088----pid-2088
---ebpf-pid----372881----pid-372881
---ebpf-pid----2088----pid-1
---ebpf-pid----372881----pid-1
---ebpf-pid----2088----pid-2088
---ebpf-pid----372881----pid-372881
---ebpf-pid----2088----pid-1
---ebpf-pid----2088----pid-2088
---ebpf-pid----372881----pid-1
---ebpf-pid----2088----pid-1
---ebpf-pid----372881----pid-372881
---ebpf-pid----2088----pid-2088
---ebpf-pid----372881----pid-1
---ebpf-pid----2088----pid-1
---ebpf-pid----372881----pid-372881
---ebpf-pid----2088----pid-2088
---ebpf-pid----372881----pid-1
---ebpf-pid----2088----pid-1
---ebpf-pid----372881----pid-372881
---ebpf-pid----2088----pid-2088
---ebpf-pid----2088----pid-1
---ebpf-pid----2088----pid-2088
---ebpf-pid----2088----pid-1
---ebpf-pid----2088----pid-2088
---ebpf-pid----2088----pid-1
---ebpf-pid----2088----pid-2088
---ebpf-pid----2088----pid-1
---ebpf-pid----2088----pid-2088
---ebpf-pid----2088----pid-1
---ebpf-pid----2088----pid-2088
---ebpf-pid----2088----pid-1
---ebpf-pid----2088----pid-2088
---ebpf-pid----2088----pid-1
---ebpf-pid----2088----pid-2088
---ebpf-pid----2088----pid-1
---ebpf-pid----2088----pid-2088
---ebpf-pid----2088----pid-1
---ebpf-pid----2088----pid-2088
---ebpf-pid----2088----pid-1
---ebpf-pid----2088----pid-2088
---ebpf-pid----2088----pid-1
---ebpf-pid----2088----pid-2088
---ebpf-pid----2088----pid-1
---ebpf-pid----2088----pid-2088
---ebpf-pid----373029----pid-1
---ebpf-pid----373029----pid-373029
---ebpf-pid----373029----pid-5476
---ebpf-pid----373029----pid-1
---ebpf-pid----373029----pid-373029
---ebpf-pid----373029----pid-5476
---ebpf-pid----373029----pid-1
---ebpf-pid----373029----pid-373029
---ebpf-pid----372881----pid-1
---ebpf-pid----372881----pid-372881
---ebpf-pid----373029----pid-5476
---ebpf-pid----372881----pid-1
---ebpf-pid----373029----pid-1
---ebpf-pid----372881----pid-372881
---ebpf-pid----373029----pid-373029
---ebpf-pid----373029----pid-5476
---ebpf-pid----372881----pid-1
---ebpf-pid----372881----pid-372881
---ebpf-pid----373029----pid-1
---ebpf-pid----373029----pid-373029
---ebpf-pid----372881----pid-1
---ebpf-pid----372881----pid-372881
---ebpf-pid----373029----pid-5476
---ebpf-pid----373029----pid-1
---ebpf-pid----373029----pid-373029
---ebpf-pid----373029----pid-5476
---ebpf-pid----373029----pid-1
---ebpf-pid----373029----pid-373029
---ebpf-pid----372881----pid-1
---ebpf-pid----372881----pid-372881
---ebpf-pid----373029----pid-5476
---ebpf-pid----372881----pid-1
---ebpf-pid----372881----pid-372881
---ebpf-pid----373029----pid-1
---ebpf-pid----373029----pid-373029
---ebpf-pid----2088----pid-1
---ebpf-pid----372881----pid-1
---ebpf-pid----2088----pid-2088
---ebpf-pid----373029----pid-5476
---ebpf-pid----372881----pid-372881
---ebpf-pid----373029----pid-1
---ebpf-pid----2088----pid-1
---ebpf-pid----372881----pid-1
---ebpf-pid----373029----pid-373029
---ebpf-pid----2088----pid-2088
---ebpf-pid----372881----pid-372881
---ebpf-pid----373029----pid-5476
---ebpf-pid----373029----pid-1
---ebpf-pid----373029----pid-373029
---ebpf-pid----372881----pid-1
---ebpf-pid----373029----pid-5476
---ebpf-pid----372881----pid-372881
---ebpf-pid----373029----pid-1
---ebpf-pid----372881----pid-1
---ebpf-pid----373029----pid-373029
---ebpf-pid----372881----pid-372881
---ebpf-pid----373029----pid-5476
---ebpf-pid----372881----pid-1
---ebpf-pid----373029----pid-1
---ebpf-pid----372881----pid-372881
---ebpf-pid----373029----pid-373029
---ebpf-pid----373029----pid-5476
---ebpf-pid----373029----pid-1
---ebpf-pid----373029----pid-373029
---ebpf-pid----372881----pid-1
---ebpf-pid----2088----pid-1
---ebpf-pid----373029----pid-5476
---ebpf-pid----372881----pid-372881
---ebpf-pid----2088----pid-2088
---ebpf-pid----373029----pid-1
---ebpf-pid----373029----pid-373029
---ebpf-pid----372881----pid-1
---ebpf-pid----2088----pid-1
---ebpf-pid----372881----pid-372881
---ebpf-pid----373029----pid-5476
---ebpf-pid----2088----pid-2088
---ebpf-pid----372881----pid-1
---ebpf-pid----373029----pid-1
---ebpf-pid----373029----pid-373029
---ebpf-pid----372881----pid-372881
---ebpf-pid----373029----pid-5476
---ebpf-pid----373029----pid-1
---ebpf-pid----372881----pid-1
---ebpf-pid----373029----pid-373029
---ebpf-pid----372881----pid-372881
---ebpf-pid----372881----pid-1
---ebpf-pid----372881----pid-372881
---ebpf-pid----372881----pid-1
---ebpf-pid----372881----pid-372881
---ebpf-pid----372881----pid-1
---ebpf-pid----372881----pid-372881
---ebpf-pid----2088----pid-1
---ebpf-pid----372881----pid-1
---ebpf-pid----2088----pid-2088
---ebpf-pid----372881----pid-372881
---ebpf-pid----2088----pid-1
---ebpf-pid----372881----pid-1
---ebpf-pid----372881----pid-372881
---ebpf-pid----2088----pid-2088
---ebpf-pid----372881----pid-1
---ebpf-pid----372881----pid-372881
---ebpf-pid----2088----pid-1
---ebpf-pid----372881----pid-1
---ebpf-pid----373029----pid-373029
---ebpf-pid----373029----pid-5476
---ebpf-pid----373029----pid-1
---ebpf-pid----373029----pid-373029
---ebpf-pid----373029----pid-5476
---ebpf-pid----373029----pid-1
---ebpf-pid----373029----pid-373029
---ebpf-pid----373029----pid-5476
---ebpf-pid----373029----pid-1
---ebpf-pid----373029----pid-373029
---ebpf-pid----373029----pid-5476
---ebpf-pid----373029----pid-1
---ebpf-pid----2088----pid-2088
---ebpf-pid----373029----pid-373029
---ebpf-pid----2088----pid-1
---ebpf-pid----373029----pid-5476
---ebpf-pid----2088----pid-2088
---ebpf-pid----373029----pid-1
---ebpf-pid----2088----pid-1
---ebpf-pid----373029----pid-373029
---ebpf-pid----8459----pid-8459
---ebpf-pid----8459----pid-7749
---ebpf-pid----8459----pid-1
---ebpf-pid----8459----pid-8459
---ebpf-pid----8459----pid-7749
---ebpf-pid----8459----pid-1
---ebpf-pid----8459----pid-8459
---ebpf-pid----8459----pid-7749
---ebpf-pid----8459----pid-1
---ebpf-pid----8459----pid-8459
---ebpf-pid----8459----pid-7749
---ebpf-pid----8459----pid-1
---ebpf-pid----8459----pid-8459
---ebpf-pid----8459----pid-7749
---ebpf-pid----373029----pid-5476
---ebpf-pid----8459----pid-1
---ebpf-pid----8459----pid-8459
---ebpf-pid----373029----pid-1
---ebpf-pid----373029----pid-373029
---ebpf-pid----8459----pid-7749
---ebpf-pid----373029----pid-5476
---ebpf-pid----8459----pid-1
---ebpf-pid----5707----pid-5707
---ebpf-pid----373029----pid-1
---ebpf-pid----373029----pid-373029
---ebpf-pid----373029----pid-5476
---ebpf-pid----373029----pid-1
---ebpf-pid----373029----pid-373029
---ebpf-pid----5707----pid-5476
---ebpf-pid----373029----pid-5476
---ebpf-pid----373029----pid-1
---ebpf-pid----5707----pid-1
---ebpf-pid----373029----pid-373029
---ebpf-pid----5707----pid-5707
---ebpf-pid----373029----pid-5476
---ebpf-pid----5707----pid-5476
---ebpf-pid----373029----pid-1
---ebpf-pid----373029----pid-373029
---ebpf-pid----373029----pid-5476
---ebpf-pid----373029----pid-1
---ebpf-pid----373029----pid-373029
---ebpf-pid----373029----pid-5476
---ebpf-pid----372881----pid-1
---ebpf-pid----372881----pid-372881
---ebpf-pid----372881----pid-1
---ebpf-pid----372881----pid-372881
---ebpf-pid----373029----pid-1
---ebpf-pid----5707----pid-1
---ebpf-pid----372881----pid-1
---ebpf-pid----373029----pid-373029
---ebpf-pid----372881----pid-372881
---ebpf-pid----5707----pid-5707
---ebpf-pid----373029----pid-5476
---ebpf-pid----372881----pid-1
---ebpf-pid----5707----pid-5476
---ebpf-pid----372881----pid-372881
---ebpf-pid----373029----pid-1
---ebpf-pid----5707----pid-1
---ebpf-pid----372881----pid-1
---ebpf-pid----373029----pid-373029
---ebpf-pid----2088----pid-2088
---ebpf-pid----372881----pid-372881
---ebpf-pid----372881----pid-1
---ebpf-pid----372881----pid-372881
---ebpf-pid----373029----pid-5476
---ebpf-pid----372881----pid-1
---ebpf-pid----372881----pid-372881
---ebpf-pid----373029----pid-1
---ebpf-pid----373029----pid-373029
---ebpf-pid----372881----pid-1
---ebpf-pid----372881----pid-372881
---ebpf-pid----2088----pid-1
---ebpf-pid----373029----pid-5476
---ebpf-pid----2088----pid-2088
---ebpf-pid----373029----pid-1
---ebpf-pid----373029----pid-373029
---ebpf-pid----2088----pid-1
---ebpf-pid----373029----pid-5476
---ebpf-pid----2088----pid-2088
---ebpf-pid----373029----pid-1
---ebpf-pid----2088----pid-1
---ebpf-pid----373029----pid-373029
---ebpf-pid----2088----pid-2088
---ebpf-pid----2088----pid-1
---ebpf-pid----373029----pid-5476
---ebpf-pid----2088----pid-2088
---ebpf-pid----2088----pid-1
---ebpf-pid----373029----pid-1
---ebpf-pid----2088----pid-2088
---ebpf-pid----373029----pid-373029
---ebpf-pid----2088----pid-1
---ebpf-pid----373029----pid-5476
---ebpf-pid----2088----pid-2088
---ebpf-pid----373029----pid-1
---ebpf-pid----2088----pid-1
---ebpf-pid----373029----pid-373029
---ebpf-pid----2088----pid-2088
---ebpf-pid----2088----pid-1
---ebpf-pid----2088----pid-2088
---ebpf-pid----2088----pid-1
---ebpf-pid----5707----pid-5707
---ebpf-pid----5707----pid-5476
---ebpf-pid----5707----pid-1
---ebpf-pid----5707----pid-5707
---ebpf-pid----5707----pid-5476
---ebpf-pid----5707----pid-1
---ebpf-pid----5707----pid-5707
---ebpf-pid----5707----pid-5476
---ebpf-pid----5707----pid-1
---ebpf-pid----5707----pid-5707
---ebpf-pid----5707----pid-5476
---ebpf-pid----372881----pid-1
---ebpf-pid----5707----pid-1
---ebpf-pid----5707----pid-5707
---ebpf-pid----372881----pid-372881
---ebpf-pid----372881----pid-1
---ebpf-pid----5707----pid-5476
---ebpf-pid----372881----pid-372881
---ebpf-pid----5707----pid-1
---ebpf-pid----372881----pid-1
---ebpf-pid----2089----pid-2089
---ebpf-pid----372881----pid-372881
---ebpf-pid----2089----pid-1
---ebpf-pid----372881----pid-1
---ebpf-pid----2089----pid-2089
---ebpf-pid----372881----pid-372881
---ebpf-pid----2089----pid-1
---ebpf-pid----2089----pid-2089
---ebpf-pid----372881----pid-1
---ebpf-pid----372881----pid-372881
---ebpf-pid----2089----pid-1
---ebpf-pid----2089----pid-2089
---ebpf-pid----372881----pid-1
---ebpf-pid----372881----pid-372881
---ebpf-pid----2089----pid-1
---ebpf-pid----5707----pid-5707
---ebpf-pid----372881----pid-1
---ebpf-pid----372881----pid-372881
---ebpf-pid----5707----pid-5476
---ebpf-pid----372881----pid-1
---ebpf-pid----372881----pid-372881
---ebpf-pid----5707----pid-1
---ebpf-pid----5707----pid-5707
---ebpf-pid----372881----pid-1
---ebpf-pid----372881----pid-372881
---ebpf-pid----5707----pid-5476
---ebpf-pid----372881----pid-1
---ebpf-pid----372881----pid-372881
---ebpf-pid----5707----pid-1
---ebpf-pid----5707----pid-5707
---ebpf-pid----372881----pid-1
---ebpf-pid----372881----pid-372881
---ebpf-pid----5707----pid-5476
---ebpf-pid----372881----pid-1
---ebpf-pid----5707----pid-1
---ebpf-pid----372881----pid-372881
---ebpf-pid----5707----pid-5707
---ebpf-pid----372881----pid-1
---ebpf-pid----5707----pid-5476
---ebpf-pid----372881----pid-372881
---ebpf-pid----372881----pid-1
---ebpf-pid----372881----pid-372881
---ebpf-pid----372881----pid-1
---ebpf-pid----372881----pid-372881
---ebpf-pid----372881----pid-1
---ebpf-pid----372881----pid-372881
---ebpf-pid----372881----pid-1
---ebpf-pid----372881----pid-372881
---ebpf-pid----372881----pid-1
---ebpf-pid----372881----pid-372881
---ebpf-pid----372881----pid-1
---ebpf-pid----372881----pid-372881
---ebpf-pid----372881----pid-1
---ebpf-pid----372881----pid-372881
---ebpf-pid----372881----pid-1
---ebpf-pid----5707----pid-1
---ebpf-pid----372881----pid-372881
---ebpf-pid----5707----pid-5707
---ebpf-pid----5707----pid-5476
---ebpf-pid----5707----pid-1
---ebpf-pid----5707----pid-5707
---ebpf-pid----373029----pid-5476
---ebpf-pid----5707----pid-5476
---ebpf-pid----373029----pid-1
---ebpf-pid----373029----pid-373029
---ebpf-pid----5707----pid-1
---ebpf-pid----5707----pid-5707
---ebpf-pid----373029----pid-5476
---ebpf-pid----5707----pid-5476
---ebpf-pid----373029----pid-1
---ebpf-pid----373029----pid-373029
---ebpf-pid----5707----pid-1
---ebpf-pid----373029----pid-373029
---ebpf-pid----373029----pid-5476
---ebpf-pid----373029----pid-5476
---ebpf-pid----373029----pid-1
---ebpf-pid----373029----pid-1
---ebpf-pid----373029----pid-373029
---ebpf-pid----373029----pid-373029
---ebpf-pid----373029----pid-5476
---ebpf-pid----373029----pid-5476
---ebpf-pid----373029----pid-1
---ebpf-pid----373029----pid-373029
---ebpf-pid----373029----pid-1
---ebpf-pid----373029----pid-373029
---ebpf-pid----373029----pid-5476
---ebpf-pid----373029----pid-5476
---ebpf-pid----373029----pid-1
---ebpf-pid----373029----pid-373029
---ebpf-pid----373029----pid-1
---ebpf-pid----373029----pid-373029
---ebpf-pid----373029----pid-5476
---ebpf-pid----373029----pid-5476
---ebpf-pid----373029----pid-1
---ebpf-pid----373029----pid-373029
---ebpf-pid----373029----pid-1
---ebpf-pid----373029----pid-373029
---ebpf-pid----373029----pid-5476
---ebpf-pid----373029----pid-5476
---ebpf-pid----373029----pid-1
---ebpf-pid----373029----pid-373029
---ebpf-pid----373029----pid-1
---ebpf-pid----373029----pid-373029
---ebpf-pid----373029----pid-5476
---ebpf-pid----373029----pid-1
---ebpf-pid----373029----pid-373029
---ebpf-pid----373029----pid-5476
---ebpf-pid----373029----pid-1
---ebpf-pid----373029----pid-373029
---ebpf-pid----373029----pid-5476
---ebpf-pid----373029----pid-1
---ebpf-pid----372714----pid-372714
---ebpf-pid----372714----pid-5476
---ebpf-pid----372714----pid-1
---ebpf-pid----372714----pid-372714
---ebpf-pid----372714----pid-5476
---ebpf-pid----372714----pid-1
---ebpf-pid----372714----pid-372714
---ebpf-pid----372714----pid-5476
---ebpf-pid----372714----pid-1
---ebpf-pid----372714----pid-372714
---ebpf-pid----372714----pid-5476
---ebpf-pid----372714----pid-1
---ebpf-pid----372714----pid-372714
---ebpf-pid----372714----pid-5476
---ebpf-pid----372714----pid-1
---ebpf-pid----372714----pid-372714
---ebpf-pid----372714----pid-5476
---ebpf-pid----372714----pid-1
---ebpf-pid----372714----pid-372714
---ebpf-pid----372714----pid-5476
---ebpf-pid----372714----pid-1
---ebpf-pid----372714----pid-372714
---ebpf-pid----372714----pid-5476
---ebpf-pid----372714----pid-1
---ebpf-pid----372714----pid-372714
---ebpf-pid----372714----pid-5476
---ebpf-pid----372714----pid-1
---ebpf-pid----372714----pid-372714
---ebpf-pid----372714----pid-5476
---ebpf-pid----372714----pid-1
---ebpf-pid----372714----pid-372714
---ebpf-pid----372714----pid-5476
---ebpf-pid----372714----pid-1
---ebpf-pid----372714----pid-372714
---ebpf-pid----372714----pid-5476
---ebpf-pid----372714----pid-1
---ebpf-pid----372714----pid-372714
---ebpf-pid----372714----pid-5476
---ebpf-pid----372714----pid-1
---ebpf-pid----372714----pid-372714
---ebpf-pid----372714----pid-5476
---ebpf-pid----372714----pid-1
---ebpf-pid----372714----pid-372714
---ebpf-pid----372714----pid-5476
---ebpf-pid----372714----pid-1
---ebpf-pid----372714----pid-372714
---ebpf-pid----372714----pid-5476
---ebpf-pid----372714----pid-1
---ebpf-pid----372714----pid-372714
---ebpf-pid----372714----pid-5476
---ebpf-pid----372714----pid-1
---ebpf-pid----372714----pid-372714
---ebpf-pid----372714----pid-5476
---ebpf-pid----372714----pid-1
---ebpf-pid----372714----pid-372714
---ebpf-pid----372714----pid-5476
---ebpf-pid----372714----pid-1
---ebpf-pid----372714----pid-372714
---ebpf-pid----372714----pid-5476
---ebpf-pid----372714----pid-1
---ebpf-pid----372714----pid-372714
---ebpf-pid----372714----pid-5476
---ebpf-pid----372714----pid-1
---ebpf-pid----372714----pid-372714
---ebpf-pid----372714----pid-5476
---ebpf-pid----372714----pid-1
---ebpf-pid----372714----pid-372714
---ebpf-pid----372714----pid-5476
---ebpf-pid----372714----pid-1
---ebpf-pid----372714----pid-372714
---ebpf-pid----372714----pid-5476
---ebpf-pid----372714----pid-1
---ebpf-pid----372714----pid-372714
---ebpf-pid----372714----pid-5476
---ebpf-pid----372714----pid-1
---ebpf-pid----372714----pid-372714
---ebpf-pid----372714----pid-5476
---ebpf-pid----372714----pid-1
---ebpf-pid----372714----pid-372714
---ebpf-pid----372714----pid-5476
---ebpf-pid----372714----pid-1
---ebpf-pid----372714----pid-372714
---ebpf-pid----372714----pid-5476
---ebpf-pid----372714----pid-1
---ebpf-pid----372714----pid-372714
---ebpf-pid----372714----pid-5476
---ebpf-pid----372714----pid-1
---ebpf-pid----372714----pid-372714
---ebpf-pid----372714----pid-5476
---ebpf-pid----372714----pid-1
---ebpf-pid----372881----pid-1
---ebpf-pid----372714----pid-372714
---ebpf-pid----372881----pid-372881
---ebpf-pid----372714----pid-5476
---ebpf-pid----372714----pid-1
---ebpf-pid----372714----pid-372714
---ebpf-pid----372714----pid-5476
---ebpf-pid----372714----pid-1
---ebpf-pid----372714----pid-372714
---ebpf-pid----372881----pid-1
---ebpf-pid----372714----pid-5476
---ebpf-pid----372881----pid-372881
---ebpf-pid----372714----pid-1
---ebpf-pid----372881----pid-1
---ebpf-pid----372714----pid-372714
---ebpf-pid----372881----pid-372881
---ebpf-pid----372714----pid-5476
---ebpf-pid----372881----pid-1
---ebpf-pid----372881----pid-372881
---ebpf-pid----372714----pid-1
---ebpf-pid----372714----pid-372714
---ebpf-pid----372714----pid-5476
---ebpf-pid----372881----pid-1
---ebpf-pid----372881----pid-372881
---ebpf-pid----372714----pid-1
---ebpf-pid----372714----pid-372714
---ebpf-pid----372714----pid-5476
---ebpf-pid----372714----pid-1
---ebpf-pid----372714----pid-372714
---ebpf-pid----372714----pid-5476
---ebpf-pid----372881----pid-1
---ebpf-pid----372714----pid-1
---ebpf-pid----372881----pid-372881
---ebpf-pid----372714----pid-372714
---ebpf-pid----372881----pid-1
---ebpf-pid----372714----pid-5476
---ebpf-pid----372881----pid-372881
---ebpf-pid----372714----pid-1
---ebpf-pid----372881----pid-1
---ebpf-pid----372714----pid-372714
---ebpf-pid----372881----pid-372881
---ebpf-pid----372714----pid-5476
---ebpf-pid----372881----pid-1
---ebpf-pid----372881----pid-372881
---ebpf-pid----372714----pid-1
---ebpf-pid----372714----pid-372714
---ebpf-pid----372881----pid-1
---ebpf-pid----372881----pid-372881
---ebpf-pid----372714----pid-5476
---ebpf-pid----372714----pid-1
---ebpf-pid----372714----pid-372714
---ebpf-pid----372881----pid-1
---ebpf-pid----372881----pid-372881
---ebpf-pid----372714----pid-5476
---ebpf-pid----372881----pid-1
---ebpf-pid----372714----pid-1
---ebpf-pid----372714----pid-372714
---ebpf-pid----372714----pid-5476
---ebpf-pid----372714----pid-1
---ebpf-pid----372714----pid-372714
---ebpf-pid----372714----pid-5476
---ebpf-pid----372714----pid-1
---ebpf-pid----372714----pid-372714
---ebpf-pid----372714----pid-5476
---ebpf-pid----372881----pid-372881
---ebpf-pid----372881----pid-1
---ebpf-pid----372881----pid-372881
---ebpf-pid----372881----pid-1
---ebpf-pid----372881----pid-372881
---ebpf-pid----372714----pid-1
---ebpf-pid----372714----pid-372714
---ebpf-pid----372881----pid-1
---ebpf-pid----373029----pid-5476
---ebpf-pid----372881----pid-372881
---ebpf-pid----372714----pid-5476
---ebpf-pid----373029----pid-1
---ebpf-pid----379067----pid-379067
---ebpf-pid----372881----pid-1
---ebpf-pid----372881----pid-372881
---ebpf-pid----372714----pid-1
---ebpf-pid----372714----pid-372714
---ebpf-pid----379067----pid-5476
---ebpf-pid----372714----pid-5476
---ebpf-pid----379067----pid-1
---ebpf-pid----379067----pid-379067
---ebpf-pid----372714----pid-1
---ebpf-pid----372714----pid-372714
---ebpf-pid----379067----pid-5476
---ebpf-pid----372714----pid-5476
---ebpf-pid----379067----pid-1
---ebpf-pid----372714----pid-1
---ebpf-pid----379067----pid-379067
---ebpf-pid----372714----pid-372714
---ebpf-pid----379067----pid-5476
---ebpf-pid----372714----pid-5476
---ebpf-pid----379067----pid-1
---ebpf-pid----372714----pid-1
---ebpf-pid----379067----pid-379067
---ebpf-pid----372714----pid-372714
---ebpf-pid----379067----pid-5476
---ebpf-pid----372714----pid-5476
---ebpf-pid----379067----pid-1
---ebpf-pid----379067----pid-379067
---ebpf-pid----372714----pid-1
---ebpf-pid----372714----pid-372714
---ebpf-pid----379067----pid-5476
---ebpf-pid----372714----pid-5476
---ebpf-pid----379067----pid-1
---ebpf-pid----379067----pid-379067
---ebpf-pid----372714----pid-1
---ebpf-pid----372714----pid-372714
---ebpf-pid----379067----pid-5476
---ebpf-pid----372714----pid-5476
---ebpf-pid----379067----pid-1
---ebpf-pid----379067----pid-379067
---ebpf-pid----372714----pid-1
---ebpf-pid----372714----pid-372714
---ebpf-pid----379067----pid-5476
---ebpf-pid----372714----pid-5476
---ebpf-pid----379067----pid-1
---ebpf-pid----379067----pid-379067
---ebpf-pid----372714----pid-1
---ebpf-pid----379067----pid-5476
---ebpf-pid----379067----pid-1
---ebpf-pid----379067----pid-379067
---ebpf-pid----379067----pid-5476
---ebpf-pid----372881----pid-1
---ebpf-pid----379067----pid-1
---ebpf-pid----379067----pid-379067
---ebpf-pid----372881----pid-372881
---ebpf-pid----379067----pid-5476
---ebpf-pid----372881----pid-1
---ebpf-pid----372881----pid-372881
---ebpf-pid----379067----pid-1
---ebpf-pid----372714----pid-372714
---ebpf-pid----379067----pid-379067
---ebpf-pid----372881----pid-1
---ebpf-pid----372881----pid-372881
---ebpf-pid----372714----pid-5476
---ebpf-pid----379067----pid-5476
---ebpf-pid----372881----pid-1
---ebpf-pid----379067----pid-1
---ebpf-pid----372714----pid-1
---ebpf-pid----372881----pid-372881
---ebpf-pid----372714----pid-372714
---ebpf-pid----372714----pid-372714
---ebpf-pid----372881----pid-1
---ebpf-pid----372714----pid-5476
---ebpf-pid----372881----pid-372881
---ebpf-pid----372714----pid-5476
---ebpf-pid----372881----pid-1
---ebpf-pid----372714----pid-1
---ebpf-pid----372881----pid-372881
---ebpf-pid----372714----pid-372714
---ebpf-pid----372881----pid-1
---ebpf-pid----372714----pid-5476
---ebpf-pid----372714----pid-1
---ebpf-pid----372714----pid-1
---ebpf-pid----379067----pid-379067
---ebpf-pid----372714----pid-372714
---ebpf-pid----372881----pid-372881
---ebpf-pid----372714----pid-5476
---ebpf-pid----379067----pid-5476
---ebpf-pid----372714----pid-1
---ebpf-pid----372881----pid-1
---ebpf-pid----379067----pid-1
---ebpf-pid----372881----pid-372881
---ebpf-pid----379067----pid-379067
---ebpf-pid----372881----pid-1
---ebpf-pid----379067----pid-5476
---ebpf-pid----372881----pid-372881
---ebpf-pid----379067----pid-1
---ebpf-pid----372881----pid-1
---ebpf-pid----379067----pid-379067
---ebpf-pid----372714----pid-372714
---ebpf-pid----379067----pid-5476
---ebpf-pid----379067----pid-1
---ebpf-pid----379067----pid-379067
---ebpf-pid----379067----pid-5476
---ebpf-pid----379067----pid-1
---ebpf-pid----372714----pid-372714
---ebpf-pid----372714----pid-5476
---ebpf-pid----372714----pid-1
---ebpf-pid----372714----pid-372714
---ebpf-pid----372881----pid-372881
---ebpf-pid----372714----pid-5476
---ebpf-pid----372881----pid-1
---ebpf-pid----372714----pid-1
---ebpf-pid----372714----pid-372714
---ebpf-pid----372881----pid-372881
---ebpf-pid----372881----pid-1
---ebpf-pid----372714----pid-5476
---ebpf-pid----372714----pid-1
---ebpf-pid----372881----pid-372881
---ebpf-pid----372714----pid-372714
---ebpf-pid----372881----pid-1
---ebpf-pid----372881----pid-372881
---ebpf-pid----372714----pid-5476
---ebpf-pid----372881----pid-1
---ebpf-pid----372714----pid-1
---ebpf-pid----372881----pid-372881
---ebpf-pid----2088----pid-2088
---ebpf-pid----372881----pid-1
---ebpf-pid----2088----pid-1
---ebpf-pid----372881----pid-372881
---ebpf-pid----2088----pid-2088
---ebpf-pid----2088----pid-1
---ebpf-pid----2088----pid-2088
---ebpf-pid----2088----pid-1
---ebpf-pid----2088----pid-2088
---ebpf-pid----2088----pid-1
---ebpf-pid----2088----pid-2088
---ebpf-pid----2088----pid-1
---ebpf-pid----2088----pid-2088
---ebpf-pid----2088----pid-1
---ebpf-pid----2088----pid-2088
---ebpf-pid----2088----pid-1
---ebpf-pid----2088----pid-2088
---ebpf-pid----372881----pid-1
---ebpf-pid----2088----pid-1
---ebpf-pid----2088----pid-2088
---ebpf-pid----2088----pid-1
---ebpf-pid----2088----pid-2088
---ebpf-pid----2088----pid-1
---ebpf-pid----2088----pid-2088
---ebpf-pid----2088----pid-1
---ebpf-pid----372881----pid-372881
---ebpf-pid----2088----pid-2088
---ebpf-pid----2088----pid-1
---ebpf-pid----372881----pid-1
---ebpf-pid----2088----pid-2088
---ebpf-pid----372881----pid-372881
---ebpf-pid----2088----pid-1
---ebpf-pid----2088----pid-2088
---ebpf-pid----372881----pid-1
---ebpf-pid----372881----pid-372881
---ebpf-pid----2088----pid-1
---ebpf-pid----372881----pid-1
---ebpf-pid----2088----pid-2088
---ebpf-pid----372881----pid-372881
---ebpf-pid----2088----pid-1
---ebpf-pid----372881----pid-1
---ebpf-pid----2088----pid-2088
---ebpf-pid----372881----pid-372881
---ebpf-pid----2088----pid-1
---ebpf-pid----372881----pid-1
---ebpf-pid----2088----pid-2088
---ebpf-pid----372881----pid-372881
---ebpf-pid----2088----pid-1
---ebpf-pid----2088----pid-2088
---ebpf-pid----372881----pid-1
---ebpf-pid----372881----pid-372881
---ebpf-pid----2088----pid-1
---ebpf-pid----2088----pid-2088
---ebpf-pid----372881----pid-1
---ebpf-pid----372881----pid-372881
---ebpf-pid----2088----pid-1
---ebpf-pid----2088----pid-2088
---ebpf-pid----372881----pid-1
---ebpf-pid----372881----pid-372881
---ebpf-pid----2088----pid-1
---ebpf-pid----2088----pid-2088
---ebpf-pid----372881----pid-1
---ebpf-pid----372881----pid-372881
---ebpf-pid----2088----pid-1
---ebpf-pid----2088----pid-2088
---ebpf-pid----372881----pid-1
---ebpf-pid----372881----pid-372881
---ebpf-pid----2088----pid-1
---ebpf-pid----372881----pid-1
---ebpf-pid----372881----pid-372881
---ebpf-pid----2088----pid-2088
---ebpf-pid----372881----pid-1
---ebpf-pid----2088----pid-1
---ebpf-pid----372881----pid-372881
---ebpf-pid----2088----pid-2088
---ebpf-pid----372881----pid-1
---ebpf-pid----2088----pid-1
---ebpf-pid----372881----pid-372881
---ebpf-pid----2088----pid-2088
---ebpf-pid----372881----pid-1
---ebpf-pid----2088----pid-1
---ebpf-pid----372881----pid-372881
---ebpf-pid----2088----pid-2088
---ebpf-pid----372881----pid-1
---ebpf-pid----2088----pid-1
---ebpf-pid----372881----pid-372881
---ebpf-pid----2088----pid-2088
---ebpf-pid----372881----pid-1
---ebpf-pid----372881----pid-372881
---ebpf-pid----2088----pid-1
---ebpf-pid----2088----pid-2088
---ebpf-pid----372881----pid-1
---ebpf-pid----2088----pid-2088
---ebpf-pid----2088----pid-1
---ebpf-pid----2088----pid-2088
---ebpf-pid----2088----pid-1
---ebpf-pid----2088----pid-1
---ebpf-pid----2088----pid-2088
---ebpf-pid----2088----pid-1
---ebpf-pid----2088----pid-2088
---ebpf-pid----2088----pid-1
---ebpf-pid----2088----pid-2088
---ebpf-pid----2088----pid-1
---ebpf-pid----2088----pid-2088
---ebpf-pid----2088----pid-1
---ebpf-pid----2088----pid-2088
---ebpf-pid----2088----pid-1
---ebpf-pid----2088----pid-2088
---ebpf-pid----2088----pid-1
---ebpf-pid----2088----pid-2088
---ebpf-pid----2088----pid-1
---ebpf-pid----2088----pid-2088
---ebpf-pid----2088----pid-1
---ebpf-pid----2088----pid-2088
---ebpf-pid----2088----pid-1
---ebpf-pid----2088----pid-2088
---ebpf-pid----2088----pid-2088
---ebpf-pid----2088----pid-1
---ebpf-pid----2088----pid-1
---ebpf-pid----2088----pid-2088
---ebpf-pid----2012----pid-2012
---ebpf-pid----2088----pid-1
---ebpf-pid----2012----pid-1
---ebpf-pid----2088----pid-2088
---ebpf-pid----2012----pid-2012
---ebpf-pid----2088----pid-1
---ebpf-pid----2012----pid-1
---ebpf-pid----2088----pid-2088
---ebpf-pid----2012----pid-2012
---ebpf-pid----2088----pid-1
---ebpf-pid----2012----pid-1
---ebpf-pid----2088----pid-2088
---ebpf-pid----2012----pid-2012
---ebpf-pid----2088----pid-1
---ebpf-pid----2012----pid-1
---ebpf-pid----5707----pid-5707
---ebpf-pid----2012----pid-2012
---ebpf-pid----2012----pid-1
---ebpf-pid----5707----pid-5476
---ebpf-pid----2012----pid-2012
---ebpf-pid----5707----pid-1
---ebpf-pid----2012----pid-1
---ebpf-pid----5707----pid-5707
---ebpf-pid----2012----pid-2012
---ebpf-pid----5707----pid-5476
---ebpf-pid----2012----pid-1
---ebpf-pid----5707----pid-5707
---ebpf-pid----5707----pid-1
---ebpf-pid----5707----pid-5707
---ebpf-pid----5707----pid-5476
---ebpf-pid----5707----pid-5476
---ebpf-pid----5707----pid-1
---ebpf-pid----5707----pid-5707
---ebpf-pid----5707----pid-1
---ebpf-pid----2088----pid-2088
---ebpf-pid----5707----pid-5476
---ebpf-pid----2088----pid-1
---ebpf-pid----5707----pid-1
---ebpf-pid----2088----pid-2088
---ebpf-pid----5707----pid-5707
---ebpf-pid----2088----pid-1
---ebpf-pid----5707----pid-5476
---ebpf-pid----2088----pid-2088
---ebpf-pid----5707----pid-1
---ebpf-pid----2088----pid-1
---ebpf-pid----2094----pid-2094
---ebpf-pid----2088----pid-2088
---ebpf-pid----2094----pid-1
---ebpf-pid----2088----pid-1
---ebpf-pid----2089----pid-2089
---ebpf-pid----2088----pid-2088
---ebpf-pid----2088----pid-1
---ebpf-pid----2089----pid-1
---ebpf-pid----2088----pid-2088
---ebpf-pid----2089----pid-2089
---ebpf-pid----2089----pid-1
---ebpf-pid----2088----pid-1
---ebpf-pid----2089----pid-2089
---ebpf-pid----2088----pid-2088
---ebpf-pid----2089----pid-1
---ebpf-pid----2088----pid-1
---ebpf-pid----2089----pid-2089
---ebpf-pid----2094----pid-2094
---ebpf-pid----2089----pid-1
---ebpf-pid----2094----pid-1
---ebpf-pid----2089----pid-2089
---ebpf-pid----2094----pid-2094
---ebpf-pid----2089----pid-1
---ebpf-pid----2094----pid-1
---ebpf-pid----2089----pid-2089
---ebpf-pid----2094----pid-2094
---ebpf-pid----2094----pid-1
---ebpf-pid----2094----pid-2094
---ebpf-pid----372714----pid-5476
---ebpf-pid----2094----pid-1
---ebpf-pid----2094----pid-2094
---ebpf-pid----372714----pid-1
---ebpf-pid----372714----pid-372714
---ebpf-pid----2094----pid-1
---ebpf-pid----2094----pid-2094
---ebpf-pid----372714----pid-5476
---ebpf-pid----2094----pid-1
---ebpf-pid----372714----pid-1
---ebpf-pid----2094----pid-2094
---ebpf-pid----372714----pid-372714
---ebpf-pid----2094----pid-1
---ebpf-pid----2094----pid-2094
---ebpf-pid----372714----pid-5476
---ebpf-pid----2094----pid-1
---ebpf-pid----372714----pid-1
---ebpf-pid----2094----pid-2094
---ebpf-pid----372714----pid-372714
---ebpf-pid----372714----pid-5476
---ebpf-pid----2094----pid-1
---ebpf-pid----372714----pid-1
---ebpf-pid----2094----pid-2094
---ebpf-pid----372714----pid-372714
---ebpf-pid----2089----pid-1
---ebpf-pid----2089----pid-2089
---ebpf-pid----2094----pid-1
---ebpf-pid----372714----pid-5476
---ebpf-pid----2094----pid-2094
---ebpf-pid----2089----pid-1
---ebpf-pid----372714----pid-1
---ebpf-pid----372714----pid-372714
---ebpf-pid----2094----pid-1
---ebpf-pid----2089----pid-2089
---ebpf-pid----372714----pid-5476
---ebpf-pid----2094----pid-2094
---ebpf-pid----372714----pid-1
---ebpf-pid----2094----pid-1
---ebpf-pid----2089----pid-1
---ebpf-pid----372714----pid-372714
---ebpf-pid----2089----pid-2089
---ebpf-pid----2094----pid-2094
---ebpf-pid----372714----pid-5476
---ebpf-pid----2094----pid-1
---ebpf-pid----372714----pid-1
---ebpf-pid----2094----pid-2094
---ebpf-pid----372714----pid-372714
---ebpf-pid----372714----pid-5476
---ebpf-pid----2094----pid-1
---ebpf-pid----2094----pid-2094
---ebpf-pid----372714----pid-1
---ebpf-pid----372714----pid-372714
---ebpf-pid----2094----pid-1
---ebpf-pid----2094----pid-2094
---ebpf-pid----372714----pid-5476
---ebpf-pid----2094----pid-1
---ebpf-pid----372714----pid-1
---ebpf-pid----372714----pid-372714
---ebpf-pid----2094----pid-2094
---ebpf-pid----372714----pid-5476
---ebpf-pid----2094----pid-1
---ebpf-pid----2094----pid-2094
---ebpf-pid----2094----pid-1
---ebpf-pid----2094----pid-2094
---ebpf-pid----2094----pid-1
---ebpf-pid----2094----pid-2094
---ebpf-pid----2094----pid-1
---ebpf-pid----2094----pid-2094
---ebpf-pid----2094----pid-1
---ebpf-pid----2094----pid-2094
---ebpf-pid----2094----pid-1
---ebpf-pid----2094----pid-2094
---ebpf-pid----2094----pid-1
---ebpf-pid----2094----pid-2094
---ebpf-pid----2094----pid-1
---ebpf-pid----2094----pid-2094
---ebpf-pid----2094----pid-1
---ebpf-pid----2094----pid-2094
---ebpf-pid----2094----pid-1
---ebpf-pid----2094----pid-2094
---ebpf-pid----2094----pid-1
---ebpf-pid----2094----pid-2094
---ebpf-pid----2094----pid-1
---ebpf-pid----2094----pid-2094
---ebpf-pid----2094----pid-1
---ebpf-pid----2094----pid-2094
---ebpf-pid----2094----pid-1
---ebpf-pid----2094----pid-2094
---ebpf-pid----2094----pid-1
---ebpf-pid----2094----pid-2094
---ebpf-pid----2094----pid-1
---ebpf-pid----2094----pid-2094
---ebpf-pid----2094----pid-1
---ebpf-pid----2094----pid-2094
---ebpf-pid----2094----pid-1
---ebpf-pid----2094----pid-2094
---ebpf-pid----2094----pid-1
---ebpf-pid----2094----pid-2094
---ebpf-pid----2094----pid-1
---ebpf-pid----2094----pid-2094
---ebpf-pid----2094----pid-1
---ebpf-pid----2094----pid-2094
---ebpf-pid----2094----pid-1
---ebpf-pid----2094----pid-2094
---ebpf-pid----2094----pid-1
---ebpf-pid----2094----pid-2094
---ebpf-pid----373029----pid-5476
---ebpf-pid----373029----pid-1
---ebpf-pid----373029----pid-373029
---ebpf-pid----373029----pid-5476
---ebpf-pid----373029----pid-1
---ebpf-pid----373029----pid-373029
---ebpf-pid----373029----pid-5476
---ebpf-pid----373029----pid-1
---ebpf-pid----373029----pid-373029
---ebpf-pid----373029----pid-5476
---ebpf-pid----373029----pid-1
---ebpf-pid----373029----pid-373029
---ebpf-pid----373029----pid-5476
---ebpf-pid----373029----pid-1
---ebpf-pid----373029----pid-373029
---ebpf-pid----373029----pid-5476
---ebpf-pid----373029----pid-1
---ebpf-pid----373029----pid-373029
---ebpf-pid----373029----pid-5476
---ebpf-pid----373029----pid-1
---ebpf-pid----373029----pid-373029
---ebpf-pid----373029----pid-5476
---ebpf-pid----373029----pid-1
---ebpf-pid----373029----pid-373029
---ebpf-pid----373029----pid-5476
---ebpf-pid----373029----pid-1
---ebpf-pid----373029----pid-373029
---ebpf-pid----373029----pid-5476
---ebpf-pid----373029----pid-1
---ebpf-pid----373029----pid-373029
---ebpf-pid----373029----pid-5476
---ebpf-pid----373029----pid-1
---ebpf-pid----373029----pid-373029
---ebpf-pid----373029----pid-5476
---ebpf-pid----372714----pid-1
---ebpf-pid----373029----pid-1
---ebpf-pid----372714----pid-372714
---ebpf-pid----373029----pid-373029
---ebpf-pid----372714----pid-5476
---ebpf-pid----373029----pid-5476
---ebpf-pid----372714----pid-1
---ebpf-pid----372714----pid-372714
---ebpf-pid----373029----pid-1
---ebpf-pid----373029----pid-373029
---ebpf-pid----372714----pid-5476
---ebpf-pid----373029----pid-5476
---ebpf-pid----372714----pid-1
---ebpf-pid----372714----pid-372714
---ebpf-pid----373029----pid-1
---ebpf-pid----373029----pid-373029
---ebpf-pid----372714----pid-5476
---ebpf-pid----373029----pid-5476
---ebpf-pid----372714----pid-1
---ebpf-pid----372714----pid-372714
---ebpf-pid----373029----pid-1
---ebpf-pid----373029----pid-373029
---ebpf-pid----372714----pid-5476
---ebpf-pid----373029----pid-5476
---ebpf-pid----372714----pid-1
---ebpf-pid----372714----pid-372714
---ebpf-pid----373029----pid-1
---ebpf-pid----373029----pid-373029
---ebpf-pid----373029----pid-5476
---ebpf-pid----373029----pid-1
---ebpf-pid----373029----pid-373029
---ebpf-pid----373029----pid-5476
---ebpf-pid----373029----pid-1
---ebpf-pid----373029----pid-373029
---ebpf-pid----373029----pid-5476
---ebpf-pid----373029----pid-1
---ebpf-pid----373029----pid-373029
---ebpf-pid----373029----pid-5476
---ebpf-pid----373029----pid-1
---ebpf-pid----373029----pid-373029
---ebpf-pid----373029----pid-5476
---ebpf-pid----373029----pid-1
---ebpf-pid----373029----pid-373029
---ebpf-pid----373029----pid-5476
---ebpf-pid----373029----pid-1
---ebpf-pid----373029----pid-373029
---ebpf-pid----373029----pid-5476
---ebpf-pid----373029----pid-1
---ebpf-pid----4716----pid-4716
---ebpf-pid----4716----pid-3323
---ebpf-pid----4716----pid-1
---ebpf-pid----4716----pid-4716
---ebpf-pid----4716----pid-3323
---ebpf-pid----4716----pid-1
---ebpf-pid----372881----pid-372881
---ebpf-pid----372881----pid-1
---ebpf-pid----372881----pid-372881
---ebpf-pid----372881----pid-1
---ebpf-pid----372881----pid-372881
---ebpf-pid----372881----pid-1
---ebpf-pid----372881----pid-372881
---ebpf-pid----372881----pid-1
---ebpf-pid----372881----pid-372881
---ebpf-pid----372881----pid-1
---ebpf-pid----372881----pid-372881
---ebpf-pid----372881----pid-1
---ebpf-pid----4716----pid-4716
---ebpf-pid----4716----pid-3323
---ebpf-pid----4716----pid-1
---ebpf-pid----448784----pid-448784
---ebpf-pid----448784----pid-448520
---ebpf-pid----448784----pid-1
---ebpf-pid----4210----pid-4210
---ebpf-pid----4210----pid-4164
---ebpf-pid----4210----pid-3417
---ebpf-pid----4210----pid-1
---ebpf-pid----4210----pid-4210
---ebpf-pid----4210----pid-4164
---ebpf-pid----4210----pid-3417
---ebpf-pid----4210----pid-1
---ebpf-pid----8856----pid-8856
---ebpf-pid----8856----pid-7890
---ebpf-pid----8856----pid-1
---ebpf-pid----8856----pid-8856
---ebpf-pid----8856----pid-7890
---ebpf-pid----8856----pid-1
---ebpf-pid----8856----pid-8856
---ebpf-pid----8856----pid-7890
---ebpf-pid----8856----pid-1
---ebpf-pid----8856----pid-8856
---ebpf-pid----8856----pid-7890
---ebpf-pid----8856----pid-1
---ebpf-pid----8856----pid-8856
---ebpf-pid----8856----pid-7890
---ebpf-pid----8856----pid-1
---ebpf-pid----8856----pid-8856
---ebpf-pid----8856----pid-7890
---ebpf-pid----2089----pid-1
---ebpf-pid----2089----pid-2089
---ebpf-pid----2089----pid-1
---ebpf-pid----2089----pid-2089
---ebpf-pid----2089----pid-1
---ebpf-pid----2089----pid-2089
---ebpf-pid----2089----pid-1
---ebpf-pid----2089----pid-2089
---ebpf-pid----2089----pid-1
---ebpf-pid----2089----pid-2089
---ebpf-pid----2089----pid-1
---ebpf-pid----2089----pid-2089
---ebpf-pid----2089----pid-1
---ebpf-pid----2089----pid-2089
---ebpf-pid----2089----pid-1
---ebpf-pid----2089----pid-2089
---ebpf-pid----2089----pid-1
---ebpf-pid----2089----pid-2089
---ebpf-pid----2089----pid-1
---ebpf-pid----2089----pid-2089
---ebpf-pid----2089----pid-1
---ebpf-pid----2089----pid-2089
---ebpf-pid----2089----pid-1
---ebpf-pid----2089----pid-2089
---ebpf-pid----2089----pid-1
---ebpf-pid----2089----pid-2089
---ebpf-pid----2089----pid-1
---ebpf-pid----2089----pid-2089
---ebpf-pid----2089----pid-1
---ebpf-pid----2089----pid-2089
---ebpf-pid----2089----pid-1
---ebpf-pid----2089----pid-2089
---ebpf-pid----2089----pid-1
---ebpf-pid----2089----pid-2089
---ebpf-pid----2089----pid-1
---ebpf-pid----2089----pid-2089
---ebpf-pid----2089----pid-1
---ebpf-pid----2089----pid-2089
---ebpf-pid----2089----pid-1
---ebpf-pid----2089----pid-2089
---ebpf-pid----2089----pid-1
---ebpf-pid----2089----pid-2089
---ebpf-pid----2089----pid-1
---ebpf-pid----2089----pid-2089
---ebpf-pid----2089----pid-1
---ebpf-pid----2089----pid-2089
---ebpf-pid----2089----pid-1
---ebpf-pid----2089----pid-2089
---ebpf-pid----2089----pid-1
---ebpf-pid----2089----pid-2089
---ebpf-pid----2094----pid-1
---ebpf-pid----2094----pid-2094
---ebpf-pid----2094----pid-1
---ebpf-pid----2094----pid-2094
---ebpf-pid----2094----pid-1
---ebpf-pid----2094----pid-2094
---ebpf-pid----2094----pid-1
---ebpf-pid----2094----pid-2094
---ebpf-pid----2094----pid-1
---ebpf-pid----2094----pid-2094
---ebpf-pid----2094----pid-1
---ebpf-pid----2094----pid-2094
---ebpf-pid----2094----pid-1
---ebpf-pid----2094----pid-2094
---ebpf-pid----2094----pid-1
---ebpf-pid----2094----pid-2094
---ebpf-pid----372714----pid-5476
---ebpf-pid----372714----pid-1
---ebpf-pid----372714----pid-372714
---ebpf-pid----372714----pid-5476
---ebpf-pid----372714----pid-1
---ebpf-pid----372714----pid-372714
---ebpf-pid----372714----pid-5476
---ebpf-pid----372714----pid-1
---ebpf-pid----372714----pid-372714
---ebpf-pid----372714----pid-5476
---ebpf-pid----372714----pid-1
---ebpf-pid----372714----pid-372714
---ebpf-pid----372714----pid-5476
---ebpf-pid----372714----pid-1
---ebpf-pid----372714----pid-372714
---ebpf-pid----372714----pid-5476
---ebpf-pid----372714----pid-1
---ebpf-pid----372714----pid-372714
---ebpf-pid----372714----pid-5476
---ebpf-pid----372714----pid-1
---ebpf-pid----372714----pid-372714
---ebpf-pid----372714----pid-5476
---ebpf-pid----372714----pid-1
---ebpf-pid----372714----pid-372714
---ebpf-pid----372714----pid-5476
---ebpf-pid----372714----pid-1
---ebpf-pid----372714----pid-372714
---ebpf-pid----372714----pid-5476
---ebpf-pid----372714----pid-1
---ebpf-pid----372714----pid-372714
---ebpf-pid----372714----pid-5476
---ebpf-pid----372714----pid-1
---ebpf-pid----372714----pid-372714
---ebpf-pid----2094----pid-1
---ebpf-pid----2094----pid-2094
---ebpf-pid----2094----pid-1
---ebpf-pid----2094----pid-2094
---ebpf-pid----2094----pid-1
---ebpf-pid----2094----pid-2094
---ebpf-pid----2094----pid-1
---ebpf-pid----2094----pid-2094
---ebpf-pid----2094----pid-1
---ebpf-pid----2094----pid-2094
---ebpf-pid----2089----pid-1
---ebpf-pid----2089----pid-2089
---ebpf-pid----2089----pid-1
---ebpf-pid----2089----pid-2089
---ebpf-pid----2089----pid-1
---ebpf-pid----2088----pid-2088
---ebpf-pid----2088----pid-1
---ebpf-pid----2088----pid-2088
---ebpf-pid----2088----pid-1
---ebpf-pid----2088----pid-2088
---ebpf-pid----2088----pid-1
---ebpf-pid----2088----pid-2088
---ebpf-pid----2088----pid-1
---ebpf-pid----2088----pid-2088
---ebpf-pid----2088----pid-1
---ebpf-pid----373029----pid-373029
---ebpf-pid----373029----pid-5476
---ebpf-pid----373029----pid-1
---ebpf-pid----373029----pid-373029
---ebpf-pid----373029----pid-5476
---ebpf-pid----373029----pid-1
---ebpf-pid----373029----pid-373029
---ebpf-pid----373029----pid-5476
---ebpf-pid----373029----pid-1
---ebpf-pid----2088----pid-2088
---ebpf-pid----2088----pid-1
---ebpf-pid----373029----pid-373029
---ebpf-pid----373029----pid-5476
---ebpf-pid----373029----pid-1
---ebpf-pid----2088----pid-2088
---ebpf-pid----2088----pid-1
---ebpf-pid----2088----pid-2088
---ebpf-pid----2088----pid-1
---ebpf-pid----2088----pid-2088
---ebpf-pid----2088----pid-1
---ebpf-pid----2088----pid-2088
---ebpf-pid----2088----pid-1
---ebpf-pid----2088----pid-2088
---ebpf-pid----2088----pid-1
---ebpf-pid----2088----pid-2088
---ebpf-pid----2088----pid-1
---ebpf-pid----2088----pid-2088
---ebpf-pid----2088----pid-1
---ebpf-pid----2088----pid-2088
---ebpf-pid----2088----pid-1
---ebpf-pid----2088----pid-2088
---ebpf-pid----2088----pid-1
---ebpf-pid----2088----pid-2088
---ebpf-pid----2088----pid-1
---ebpf-pid----2088----pid-2088
---ebpf-pid----2088----pid-1
---ebpf-pid----2088----pid-2088
---ebpf-pid----2088----pid-1
---ebpf-pid----2088----pid-2088
---ebpf-pid----2088----pid-1
---ebpf-pid----2088----pid-2088
---ebpf-pid----2088----pid-1
---ebpf-pid----2088----pid-2088
---ebpf-pid----2088----pid-1
---ebpf-pid----2088----pid-2088
---ebpf-pid----2088----pid-1
---ebpf-pid----2088----pid-2088
---ebpf-pid----2088----pid-1
---ebpf-pid----2088----pid-2088
---ebpf-pid----2088----pid-1
---ebpf-pid----2088----pid-2088
---ebpf-pid----2088----pid-1
---ebpf-pid----2088----pid-2088
---ebpf-pid----2088----pid-1
---ebpf-pid----2088----pid-2088
---ebpf-pid----2088----pid-1
---ebpf-pid----2088----pid-2088
---ebpf-pid----2088----pid-1
---ebpf-pid----2088----pid-2088
---ebpf-pid----2088----pid-1
---ebpf-pid----2088----pid-2088
---ebpf-pid----2088----pid-1
---ebpf-pid----2088----pid-2088
---ebpf-pid----2088----pid-1
---ebpf-pid----2088----pid-2088
---ebpf-pid----2088----pid-1
---ebpf-pid----2088----pid-2088
---ebpf-pid----2088----pid-1
---ebpf-pid----2088----pid-2088
---ebpf-pid----2088----pid-1
---ebpf-pid----2094----pid-1
---ebpf-pid----2088----pid-2088
---ebpf-pid----2094----pid-2094
---ebpf-pid----2088----pid-1
---ebpf-pid----373029----pid-373029
---ebpf-pid----2094----pid-1
---ebpf-pid----2094----pid-2094
---ebpf-pid----373029----pid-5476
---ebpf-pid----2094----pid-1
---ebpf-pid----2094----pid-2094
---ebpf-pid----373029----pid-1
---ebpf-pid----373029----pid-373029
---ebpf-pid----2094----pid-1
---ebpf-pid----2094----pid-2094
---ebpf-pid----373029----pid-5476
---ebpf-pid----2094----pid-1
---ebpf-pid----373029----pid-1
---ebpf-pid----2094----pid-2094
---ebpf-pid----373029----pid-373029
---ebpf-pid----2094----pid-1
---ebpf-pid----373029----pid-5476
---ebpf-pid----2088----pid-2088
---ebpf-pid----2088----pid-1
---ebpf-pid----373029----pid-1
---ebpf-pid----2088----pid-2088
---ebpf-pid----373029----pid-373029
---ebpf-pid----373029----pid-5476
---ebpf-pid----373029----pid-1
---ebpf-pid----373029----pid-373029
---ebpf-pid----373029----pid-5476
---ebpf-pid----373029----pid-1
---ebpf-pid----373029----pid-373029
---ebpf-pid----373029----pid-5476
---ebpf-pid----373029----pid-1
---ebpf-pid----373029----pid-373029
---ebpf-pid----373029----pid-5476
---ebpf-pid----373029----pid-1
---ebpf-pid----373029----pid-373029
---ebpf-pid----373029----pid-5476
---ebpf-pid----373029----pid-1
---ebpf-pid----373029----pid-373029
---ebpf-pid----373029----pid-5476
---ebpf-pid----373029----pid-1
---ebpf-pid----373029----pid-373029
---ebpf-pid----373029----pid-5476
---ebpf-pid----373029----pid-1
---ebpf-pid----2094----pid-2094
---ebpf-pid----2094----pid-1
---ebpf-pid----2094----pid-2094
---ebpf-pid----2094----pid-1
---ebpf-pid----2094----pid-2094
---ebpf-pid----2094----pid-1
---ebpf-pid----2094----pid-2094
---ebpf-pid----2094----pid-1
---ebpf-pid----2094----pid-2094
---ebpf-pid----2094----pid-1
---ebpf-pid----2094----pid-2094
---ebpf-pid----2094----pid-1
---ebpf-pid----2094----pid-2094
---ebpf-pid----2094----pid-1
---ebpf-pid----2094----pid-2094
---ebpf-pid----2094----pid-1
---ebpf-pid----2094----pid-2094
---ebpf-pid----2094----pid-1
---ebpf-pid----2094----pid-2094
---ebpf-pid----2094----pid-1
---ebpf-pid----372881----pid-372881
---ebpf-pid----372881----pid-1
---ebpf-pid----372881----pid-372881
---ebpf-pid----372881----pid-1
---ebpf-pid----372881----pid-372881
---ebpf-pid----372881----pid-1
---ebpf-pid----372881----pid-372881
---ebpf-pid----372881----pid-1
---ebpf-pid----372881----pid-372881
---ebpf-pid----372881----pid-1
---ebpf-pid----372881----pid-372881
---ebpf-pid----372881----pid-1
---ebpf-pid----372881----pid-372881
---ebpf-pid----372881----pid-1
---ebpf-pid----372881----pid-372881
---ebpf-pid----372881----pid-1
---ebpf-pid----372881----pid-372881
---ebpf-pid----372881----pid-1
---ebpf-pid----372881----pid-372881
---ebpf-pid----372881----pid-1
---ebpf-pid----372881----pid-372881
---ebpf-pid----372881----pid-1
---ebpf-pid----372881----pid-372881
---ebpf-pid----372881----pid-1
---ebpf-pid----372881----pid-372881
---ebpf-pid----372881----pid-1
---ebpf-pid----372881----pid-372881
---ebpf-pid----372881----pid-1
---ebpf-pid----372881----pid-372881
---ebpf-pid----372881----pid-1
---ebpf-pid----372881----pid-372881
---ebpf-pid----372881----pid-1
---ebpf-pid----372881----pid-372881
---ebpf-pid----372881----pid-1
---ebpf-pid----372881----pid-372881
---ebpf-pid----372881----pid-1
---ebpf-pid----372881----pid-372881
---ebpf-pid----372881----pid-1
---ebpf-pid----372881----pid-372881
---ebpf-pid----372881----pid-1
---ebpf-pid----372881----pid-372881
---ebpf-pid----372881----pid-1
---ebpf-pid----372881----pid-372881
---ebpf-pid----372881----pid-1
---ebpf-pid----372881----pid-372881
---ebpf-pid----372881----pid-1
---ebpf-pid----372881----pid-372881
---ebpf-pid----372881----pid-1
---ebpf-pid----372881----pid-372881
---ebpf-pid----372881----pid-1
---ebpf-pid----372881----pid-372881
---ebpf-pid----372881----pid-1
---ebpf-pid----372881----pid-372881
---ebpf-pid----372881----pid-1
---ebpf-pid----372881----pid-372881
---ebpf-pid----372881----pid-1
---ebpf-pid----372881----pid-372881
---ebpf-pid----372881----pid-1
---ebpf-pid----372881----pid-372881
---ebpf-pid----372881----pid-1
---ebpf-pid----372881----pid-372881
---ebpf-pid----372881----pid-1
---ebpf-pid----372881----pid-372881
---ebpf-pid----372881----pid-1
---ebpf-pid----372881----pid-372881
---ebpf-pid----372881----pid-1
---ebpf-pid----372881----pid-372881
---ebpf-pid----372881----pid-1
---ebpf-pid----372881----pid-372881
---ebpf-pid----372881----pid-1
---ebpf-pid----372881----pid-372881
---ebpf-pid----372881----pid-1
---ebpf-pid----372881----pid-372881
---ebpf-pid----372714----pid-5476
---ebpf-pid----372714----pid-1
---ebpf-pid----372714----pid-372714
---ebpf-pid----372714----pid-5476
---ebpf-pid----372714----pid-1
---ebpf-pid----372714----pid-372714
---ebpf-pid----372714----pid-5476
---ebpf-pid----372881----pid-1
---ebpf-pid----372714----pid-1
---ebpf-pid----372881----pid-372881
---ebpf-pid----372714----pid-372714
---ebpf-pid----372881----pid-1
---ebpf-pid----372714----pid-5476
---ebpf-pid----372881----pid-372881
---ebpf-pid----372881----pid-1
---ebpf-pid----372714----pid-1
---ebpf-pid----372881----pid-372881
---ebpf-pid----2088----pid-2088
---ebpf-pid----372881----pid-1
---ebpf-pid----2088----pid-1
---ebpf-pid----372881----pid-372881
---ebpf-pid----2088----pid-2088
---ebpf-pid----372881----pid-1
---ebpf-pid----2088----pid-1
---ebpf-pid----372881----pid-372881
---ebpf-pid----2088----pid-2088
---ebpf-pid----372881----pid-1
---ebpf-pid----2088----pid-1
---ebpf-pid----372881----pid-372881
---ebpf-pid----2088----pid-2088
---ebpf-pid----372881----pid-1
---ebpf-pid----2088----pid-1
---ebpf-pid----372881----pid-372881
---ebpf-pid----2088----pid-2088
---ebpf-pid----372881----pid-1
---ebpf-pid----2088----pid-1
---ebpf-pid----372881----pid-372881
---ebpf-pid----372714----pid-372714
---ebpf-pid----372881----pid-1
---ebpf-pid----372714----pid-5476
---ebpf-pid----372881----pid-372881
---ebpf-pid----372881----pid-1
---ebpf-pid----372714----pid-1
---ebpf-pid----372881----pid-372881
---ebpf-pid----372714----pid-372714
---ebpf-pid----372714----pid-5476
---ebpf-pid----372714----pid-1
---ebpf-pid----372714----pid-372714
---ebpf-pid----372881----pid-1
---ebpf-pid----372881----pid-372881
---ebpf-pid----372881----pid-1
---ebpf-pid----372881----pid-372881
---ebpf-pid----372881----pid-1
---ebpf-pid----372881----pid-372881
---ebpf-pid----372881----pid-1
---ebpf-pid----372881----pid-372881
---ebpf-pid----372881----pid-1
---ebpf-pid----372881----pid-372881
---ebpf-pid----372881----pid-1
---ebpf-pid----372881----pid-372881
---ebpf-pid----372881----pid-1
---ebpf-pid----372881----pid-372881
---ebpf-pid----372881----pid-1
---ebpf-pid----372881----pid-372881
---ebpf-pid----372881----pid-1
---ebpf-pid----372881----pid-372881
---ebpf-pid----372881----pid-1
---ebpf-pid----372881----pid-372881
---ebpf-pid----372881----pid-1
---ebpf-pid----372881----pid-372881
---ebpf-pid----372881----pid-1
---ebpf-pid----372881----pid-372881
---ebpf-pid----372881----pid-1
---ebpf-pid----372881----pid-372881
---ebpf-pid----372881----pid-1
---ebpf-pid----372881----pid-372881
---ebpf-pid----372881----pid-1
---ebpf-pid----372881----pid-372881
---ebpf-pid----372881----pid-1
---ebpf-pid----372881----pid-372881
---ebpf-pid----372881----pid-1
---ebpf-pid----372881----pid-372881
---ebpf-pid----372881----pid-1
---ebpf-pid----372881----pid-372881
---ebpf-pid----372881----pid-1
---ebpf-pid----372881----pid-372881
---ebpf-pid----372881----pid-1
---ebpf-pid----372881----pid-372881
---ebpf-pid----372881----pid-1
---ebpf-pid----372881----pid-372881
---ebpf-pid----372881----pid-1
---ebpf-pid----372881----pid-372881
---ebpf-pid----372881----pid-1
---ebpf-pid----372881----pid-372881
---ebpf-pid----372881----pid-1
---ebpf-pid----372881----pid-372881
---ebpf-pid----372881----pid-1
---ebpf-pid----372881----pid-372881
---ebpf-pid----372881----pid-1
---ebpf-pid----372881----pid-372881
---ebpf-pid----372881----pid-1
---ebpf-pid----372714----pid-372714
---ebpf-pid----372714----pid-5476
---ebpf-pid----372714----pid-1
---ebpf-pid----372714----pid-372714
---ebpf-pid----372714----pid-5476
---ebpf-pid----372714----pid-1
---ebpf-pid----372714----pid-372714
---ebpf-pid----372714----pid-5476
---ebpf-pid----372714----pid-1
---ebpf-pid----372714----pid-372714
---ebpf-pid----372714----pid-5476
---ebpf-pid----372714----pid-1
---ebpf-pid----372714----pid-372714
---ebpf-pid----372714----pid-5476
---ebpf-pid----372714----pid-1
---ebpf-pid----372714----pid-372714
---ebpf-pid----372714----pid-5476
---ebpf-pid----372714----pid-1
---ebpf-pid----372714----pid-372714
---ebpf-pid----372714----pid-5476
---ebpf-pid----372714----pid-1
---ebpf-pid----372714----pid-372714
---ebpf-pid----372714----pid-5476
---ebpf-pid----372714----pid-1
---ebpf-pid----372714----pid-372714
---ebpf-pid----372714----pid-5476
---ebpf-pid----372714----pid-1
---ebpf-pid----372714----pid-372714
---ebpf-pid----372714----pid-5476
---ebpf-pid----372714----pid-1
---ebpf-pid----2088----pid-2088
---ebpf-pid----2088----pid-1
---ebpf-pid----2088----pid-2088
---ebpf-pid----2088----pid-1
---ebpf-pid----2088----pid-2088
---ebpf-pid----2088----pid-1
---ebpf-pid----2088----pid-2088
---ebpf-pid----2088----pid-1
---ebpf-pid----2088----pid-2088
---ebpf-pid----2088----pid-1
---ebpf-pid----2088----pid-2088
---ebpf-pid----2088----pid-1
---ebpf-pid----2088----pid-2088
---ebpf-pid----2088----pid-1
---ebpf-pid----2088----pid-2088
---ebpf-pid----2088----pid-1
---ebpf-pid----2088----pid-2088
---ebpf-pid----2088----pid-1
---ebpf-pid----2088----pid-2088
---ebpf-pid----2088----pid-1
---ebpf-pid----2088----pid-2088
---ebpf-pid----2088----pid-1
---ebpf-pid----2088----pid-2088
---ebpf-pid----2088----pid-1
---ebpf-pid----2088----pid-2088
---ebpf-pid----2088----pid-1
---ebpf-pid----2088----pid-2088
---ebpf-pid----2088----pid-1
---ebpf-pid----2088----pid-2088
---ebpf-pid----2088----pid-1
---ebpf-pid----2088----pid-2088
---ebpf-pid----2088----pid-1
---ebpf-pid----2088----pid-2088
---ebpf-pid----2088----pid-1
---ebpf-pid----2088----pid-2088
---ebpf-pid----2088----pid-1
---ebpf-pid----373029----pid-373029
---ebpf-pid----373029----pid-5476
---ebpf-pid----373029----pid-1
---ebpf-pid----373029----pid-373029
---ebpf-pid----373029----pid-5476
---ebpf-pid----373029----pid-1
---ebpf-pid----373029----pid-373029
---ebpf-pid----373029----pid-5476
---ebpf-pid----373029----pid-1
---ebpf-pid----7313----pid-7313
---ebpf-pid----7313----pid-1
---ebpf-pid----2088----pid-1
---ebpf-pid----406334----pid-406334
---ebpf-pid----2088----pid-2088
---ebpf-pid----406334----pid-3323
---ebpf-pid----2088----pid-1
---ebpf-pid----2088----pid-2088
---ebpf-pid----406334----pid-1
---ebpf-pid----406334----pid-406334
---ebpf-pid----406334----pid-3323
---ebpf-pid----406334----pid-1
---ebpf-pid----406334----pid-406334
---ebpf-pid----406334----pid-3323
---ebpf-pid----406334----pid-1
---ebpf-pid----406334----pid-406334
---ebpf-pid----406334----pid-3323
---ebpf-pid----406334----pid-1
---ebpf-pid----406334----pid-406334
---ebpf-pid----406334----pid-3323
---ebpf-pid----406334----pid-1
---ebpf-pid----406334----pid-406334
---ebpf-pid----406334----pid-3323
---ebpf-pid----406334----pid-1
---ebpf-pid----406334----pid-406334
---ebpf-pid----406334----pid-3323
---ebpf-pid----406334----pid-1
---ebpf-pid----406334----pid-406334
---ebpf-pid----406334----pid-3323
---ebpf-pid----406334----pid-1
---ebpf-pid----406334----pid-406334
---ebpf-pid----406334----pid-3323
---ebpf-pid----406334----pid-1
---ebpf-pid----406334----pid-406334
---ebpf-pid----406334----pid-3323
---ebpf-pid----406334----pid-1
---ebpf-pid----406334----pid-406334
---ebpf-pid----406334----pid-3323
---ebpf-pid----406334----pid-1
---ebpf-pid----406334----pid-406334
---ebpf-pid----406334----pid-3323
---ebpf-pid----406334----pid-1
---ebpf-pid----406334----pid-406334
---ebpf-pid----406334----pid-3323
---ebpf-pid----406334----pid-1
---ebpf-pid----406334----pid-406334
---ebpf-pid----406334----pid-3323
---ebpf-pid----406334----pid-1
---ebpf-pid----406334----pid-406334
---ebpf-pid----406334----pid-3323
---ebpf-pid----406334----pid-1
---ebpf-pid----406334----pid-406334
---ebpf-pid----406334----pid-3323
---ebpf-pid----406334----pid-1
---ebpf-pid----406334----pid-406334
---ebpf-pid----406334----pid-3323
---ebpf-pid----406334----pid-1
---ebpf-pid----406334----pid-406334
---ebpf-pid----406334----pid-3323
---ebpf-pid----406334----pid-1
---ebpf-pid----406334----pid-406334
---ebpf-pid----406334----pid-3323
---ebpf-pid----406334----pid-1
---ebpf-pid----406334----pid-406334
---ebpf-pid----406334----pid-3323
---ebpf-pid----406334----pid-1
---ebpf-pid----406334----pid-406334
---ebpf-pid----406334----pid-3323
---ebpf-pid----406334----pid-1
---ebpf-pid----406334----pid-406334
---ebpf-pid----406334----pid-3323
---ebpf-pid----406334----pid-1
---ebpf-pid----406334----pid-406334
---ebpf-pid----406334----pid-3323
---ebpf-pid----406334----pid-1
---ebpf-pid----406334----pid-406334
---ebpf-pid----406334----pid-3323
---ebpf-pid----406334----pid-1
---ebpf-pid----406334----pid-406334
---ebpf-pid----406334----pid-3323
---ebpf-pid----406334----pid-1
---ebpf-pid----406334----pid-406334
---ebpf-pid----406334----pid-3323
---ebpf-pid----406334----pid-1
---ebpf-pid----406334----pid-406334
---ebpf-pid----406334----pid-3323
---ebpf-pid----406334----pid-1
---ebpf-pid----406334----pid-406334
---ebpf-pid----406334----pid-3323
---ebpf-pid----406334----pid-1
---ebpf-pid----8856----pid-1
---ebpf-pid----8856----pid-8856
---ebpf-pid----8856----pid-7890
---ebpf-pid----8856----pid-1
---ebpf-pid----8856----pid-8856
---ebpf-pid----406334----pid-406334
---ebpf-pid----406334----pid-3323
---ebpf-pid----406334----pid-1
---ebpf-pid----406334----pid-406334
---ebpf-pid----406334----pid-3323
---ebpf-pid----406334----pid-1
---ebpf-pid----406334----pid-406334
---ebpf-pid----406334----pid-3323
---ebpf-pid----406334----pid-1
---ebpf-pid----406334----pid-406334
---ebpf-pid----406334----pid-3323
---ebpf-pid----406334----pid-1
---ebpf-pid----406334----pid-406334
---ebpf-pid----406334----pid-3323
---ebpf-pid----406334----pid-1
---ebpf-pid----406334----pid-406334
---ebpf-pid----406334----pid-3323
---ebpf-pid----406334----pid-1
---ebpf-pid----406334----pid-406334
---ebpf-pid----406334----pid-3323
---ebpf-pid----406334----pid-1
---ebpf-pid----406334----pid-406334
---ebpf-pid----406334----pid-3323
---ebpf-pid----406334----pid-1
---ebpf-pid----406334----pid-406334
---ebpf-pid----406334----pid-3323
---ebpf-pid----406334----pid-1
---ebpf-pid----406334----pid-406334
---ebpf-pid----406334----pid-3323
---ebpf-pid----406334----pid-1
---ebpf-pid----406334----pid-406334
---ebpf-pid----406334----pid-3323
---ebpf-pid----406334----pid-1
---ebpf-pid----406334----pid-406334
---ebpf-pid----406334----pid-3323
---ebpf-pid----406334----pid-1
---ebpf-pid----406334----pid-406334
---ebpf-pid----406334----pid-3323
---ebpf-pid----406334----pid-1
---ebpf-pid----406334----pid-406334
---ebpf-pid----406334----pid-3323
---ebpf-pid----406334----pid-1
---ebpf-pid----406334----pid-406334
---ebpf-pid----2088----pid-1
---ebpf-pid----2088----pid-2088
---ebpf-pid----406334----pid-3323
---ebpf-pid----406334----pid-1
---ebpf-pid----2088----pid-1
---ebpf-pid----406334----pid-406334
---ebpf-pid----2088----pid-2088
---ebpf-pid----406334----pid-3323
---ebpf-pid----2088----pid-1
---ebpf-pid----2088----pid-2088
---ebpf-pid----406334----pid-1
---ebpf-pid----406334----pid-406334
---ebpf-pid----2088----pid-1
---ebpf-pid----2088----pid-2088
---ebpf-pid----406334----pid-3323
---ebpf-pid----2088----pid-1
---ebpf-pid----2088----pid-2088
---ebpf-pid----406334----pid-1
---ebpf-pid----406334----pid-406334
---ebpf-pid----2088----pid-1
---ebpf-pid----2088----pid-2088
---ebpf-pid----406334----pid-3323
---ebpf-pid----2088----pid-1
---ebpf-pid----406334----pid-1
---ebpf-pid----2088----pid-2088
---ebpf-pid----406334----pid-406334
---ebpf-pid----2088----pid-1
---ebpf-pid----406334----pid-3323
---ebpf-pid----2088----pid-2088
---ebpf-pid----406334----pid-1
---ebpf-pid----2088----pid-1
---ebpf-pid----406334----pid-406334
---ebpf-pid----2088----pid-2088
---ebpf-pid----406334----pid-3323
---ebpf-pid----2088----pid-1
---ebpf-pid----2088----pid-2088
---ebpf-pid----406334----pid-1
---ebpf-pid----406334----pid-406334
---ebpf-pid----2088----pid-1
---ebpf-pid----2088----pid-2088
---ebpf-pid----406334----pid-3323
---ebpf-pid----2088----pid-1
---ebpf-pid----2088----pid-2088
---ebpf-pid----406334----pid-1
---ebpf-pid----406334----pid-406334
---ebpf-pid----2088----pid-1
---ebpf-pid----2088----pid-2088
---ebpf-pid----406334----pid-3323
---ebpf-pid----2088----pid-1
---ebpf-pid----406334----pid-1
---ebpf-pid----406334----pid-406334
---ebpf-pid----2088----pid-2088
---ebpf-pid----406334----pid-3323
---ebpf-pid----2088----pid-1
---ebpf-pid----2088----pid-2088
---ebpf-pid----406334----pid-1
---ebpf-pid----406334----pid-406334
---ebpf-pid----2088----pid-1
---ebpf-pid----2012----pid-2012
---ebpf-pid----406334----pid-3323
---ebpf-pid----2012----pid-1
---ebpf-pid----406334----pid-1
---ebpf-pid----2012----pid-2012
---ebpf-pid----406334----pid-406334
---ebpf-pid----2012----pid-1
---ebpf-pid----406334----pid-3323
---ebpf-pid----2012----pid-2012
---ebpf-pid----406334----pid-1
---ebpf-pid----2012----pid-1
---ebpf-pid----2012----pid-2012
---ebpf-pid----406334----pid-406334
---ebpf-pid----2012----pid-1
---ebpf-pid----406334----pid-3323
---ebpf-pid----2012----pid-2012
---ebpf-pid----406334----pid-1
---ebpf-pid----2012----pid-1
---ebpf-pid----406334----pid-406334
---ebpf-pid----2012----pid-2012
---ebpf-pid----406334----pid-3323
---ebpf-pid----2012----pid-1
---ebpf-pid----406334----pid-1
---ebpf-pid----406334----pid-406334
---ebpf-pid----406334----pid-3323
---ebpf-pid----406334----pid-1
---ebpf-pid----406334----pid-406334
---ebpf-pid----406334----pid-3323
---ebpf-pid----406334----pid-1
---ebpf-pid----406334----pid-406334
---ebpf-pid----406334----pid-3323
---ebpf-pid----406334----pid-1
---ebpf-pid----406334----pid-406334
---ebpf-pid----406334----pid-3323
---ebpf-pid----406334----pid-1
---ebpf-pid----406334----pid-406334
---ebpf-pid----406334----pid-3323
---ebpf-pid----406334----pid-1
---ebpf-pid----406334----pid-406334
---ebpf-pid----406334----pid-3323
---ebpf-pid----406334----pid-1
---ebpf-pid----406334----pid-406334
---ebpf-pid----406334----pid-3323
---ebpf-pid----406334----pid-1
---ebpf-pid----406334----pid-406334
---ebpf-pid----406334----pid-3323
---ebpf-pid----406334----pid-1
---ebpf-pid----406334----pid-406334
---ebpf-pid----406334----pid-3323
---ebpf-pid----406334----pid-1
---ebpf-pid----406334----pid-406334
---ebpf-pid----406334----pid-3323
---ebpf-pid----406334----pid-1
---ebpf-pid----406334----pid-406334
---ebpf-pid----406334----pid-3323
---ebpf-pid----406334----pid-1
---ebpf-pid----406334----pid-406334
---ebpf-pid----406334----pid-3323
---ebpf-pid----406334----pid-1
---ebpf-pid----372714----pid-5476
---ebpf-pid----372714----pid-1
---ebpf-pid----372714----pid-372714
---ebpf-pid----372714----pid-5476
---ebpf-pid----372714----pid-1
---ebpf-pid----379067----pid-379067
---ebpf-pid----379067----pid-5476
---ebpf-pid----379067----pid-1
---ebpf-pid----5707----pid-5707
---ebpf-pid----5707----pid-5476
---ebpf-pid----5707----pid-1
---ebpf-pid----5707----pid-5707
---ebpf-pid----5707----pid-5476
---ebpf-pid----5707----pid-1
---ebpf-pid----2012----pid-2012
---ebpf-pid----2012----pid-1
---ebpf-pid----2012----pid-2012
---ebpf-pid----2012----pid-1
---ebpf-pid----2012----pid-2012
---ebpf-pid----2012----pid-1
---ebpf-pid----2012----pid-2012
---ebpf-pid----2012----pid-1
---ebpf-pid----2012----pid-2012
---ebpf-pid----8856----pid-7890
---ebpf-pid----8856----pid-1
---ebpf-pid----53663----pid-53663
---ebpf-pid----53663----pid-3466
---ebpf-pid----5707----pid-5707
---ebpf-pid----5707----pid-5476
---ebpf-pid----5707----pid-1
---ebpf-pid----5707----pid-5707
---ebpf-pid----5707----pid-5476
---ebpf-pid----5707----pid-1
---ebpf-pid----5707----pid-5707
---ebpf-pid----5707----pid-5476
---ebpf-pid----5707----pid-1
---ebpf-pid----5707----pid-5707
---ebpf-pid----5707----pid-5476
---ebpf-pid----5707----pid-1
---ebpf-pid----5707----pid-5707
---ebpf-pid----5707----pid-5476
---ebpf-pid----5707----pid-1
---ebpf-pid----5707----pid-5707
---ebpf-pid----5707----pid-5476
---ebpf-pid----5707----pid-1
---ebpf-pid----5707----pid-5707
---ebpf-pid----5707----pid-5476
---ebpf-pid----5707----pid-1
---ebpf-pid----5707----pid-5707
---ebpf-pid----5707----pid-5476
---ebpf-pid----5707----pid-1
---ebpf-pid----5707----pid-5707
---ebpf-pid----5707----pid-5476
---ebpf-pid----5707----pid-1
---ebpf-pid----53663----pid-1
---ebpf-pid----53663----pid-53663
---ebpf-pid----53663----pid-3466
---ebpf-pid----53663----pid-1
---ebpf-pid----4716----pid-4716
---ebpf-pid----4716----pid-3323
---ebpf-pid----4716----pid-1
---ebpf-pid----448784----pid-448784
---ebpf-pid----448784----pid-448520
---ebpf-pid----448784----pid-1
---ebpf-pid----4716----pid-4716
---ebpf-pid----4716----pid-3323
---ebpf-pid----4716----pid-1
---ebpf-pid----4716----pid-4716
---ebpf-pid----4716----pid-3323
---ebpf-pid----2012----pid-1
---ebpf-pid----2012----pid-2012
---ebpf-pid----4716----pid-1
---ebpf-pid----4716----pid-4716
---ebpf-pid----2012----pid-1
---ebpf-pid----2012----pid-2012
---ebpf-pid----2012----pid-1
---ebpf-pid----2012----pid-2012
---ebpf-pid----2012----pid-1
---ebpf-pid----2012----pid-2012
---ebpf-pid----2012----pid-1
---ebpf-pid----2012----pid-2012
---ebpf-pid----2012----pid-1
---ebpf-pid----2012----pid-2012
---ebpf-pid----2012----pid-1
---ebpf-pid----2012----pid-2012
---ebpf-pid----2012----pid-1
---ebpf-pid----2012----pid-2012
---ebpf-pid----2012----pid-1
---ebpf-pid----2012----pid-2012
---ebpf-pid----2012----pid-1
---ebpf-pid----2012----pid-2012
---ebpf-pid----2012----pid-1
---ebpf-pid----2012----pid-2012
---ebpf-pid----2012----pid-1
---ebpf-pid----2012----pid-2012
---ebpf-pid----2012----pid-1
---ebpf-pid----2012----pid-2012
---ebpf-pid----2012----pid-1
---ebpf-pid----2012----pid-2012
---ebpf-pid----2012----pid-1
---ebpf-pid----2012----pid-2012
---ebpf-pid----2012----pid-1
---ebpf-pid----372714----pid-372714
---ebpf-pid----372714----pid-5476
---ebpf-pid----372714----pid-1
---ebpf-pid----2088----pid-2088
---ebpf-pid----2088----pid-1
---ebpf-pid----2088----pid-2088
---ebpf-pid----2088----pid-1
---ebpf-pid----2088----pid-2088
---ebpf-pid----2088----pid-1
---ebpf-pid----2088----pid-2088
---ebpf-pid----2088----pid-1
---ebpf-pid----2088----pid-2088
---ebpf-pid----2088----pid-1
---ebpf-pid----2088----pid-2088
---ebpf-pid----2088----pid-1
---ebpf-pid----2088----pid-2088
---ebpf-pid----406334----pid-406334
---ebpf-pid----406334----pid-3323
---ebpf-pid----2088----pid-1
---ebpf-pid----406334----pid-1
---ebpf-pid----406334----pid-406334
---ebpf-pid----5707----pid-5707
---ebpf-pid----406334----pid-3323
---ebpf-pid----406334----pid-1
---ebpf-pid----406334----pid-406334
---ebpf-pid----4716----pid-3323
---ebpf-pid----4716----pid-1
---ebpf-pid----4716----pid-4716
---ebpf-pid----4716----pid-3323
---ebpf-pid----406334----pid-3323
---ebpf-pid----2088----pid-2088
---ebpf-pid----2088----pid-1
---ebpf-pid----2088----pid-2088
---ebpf-pid----406334----pid-1
---ebpf-pid----2088----pid-1
---ebpf-pid----2088----pid-2088
---ebpf-pid----2088----pid-1
---ebpf-pid----2088----pid-2088
---ebpf-pid----2088----pid-1
---ebpf-pid----2088----pid-2088
---ebpf-pid----2088----pid-1
---ebpf-pid----2088----pid-2088
---ebpf-pid----2088----pid-1
---ebpf-pid----2088----pid-2088
---ebpf-pid----5707----pid-5476
---ebpf-pid----5707----pid-1
---ebpf-pid----5707----pid-5707
---ebpf-pid----5707----pid-5476
---ebpf-pid----4716----pid-1
---ebpf-pid----4716----pid-4716
---ebpf-pid----4716----pid-3323
---ebpf-pid----4716----pid-1
---ebpf-pid----4716----pid-4716
---ebpf-pid----5707----pid-1
---ebpf-pid----5707----pid-5707
---ebpf-pid----5707----pid-5476
---ebpf-pid----5707----pid-1
---ebpf-pid----5707----pid-5707
---ebpf-pid----5707----pid-5476
---ebpf-pid----5707----pid-1
---ebpf-pid----5707----pid-5707
---ebpf-pid----5707----pid-5476
---ebpf-pid----5707----pid-1
---ebpf-pid----5707----pid-5707
---ebpf-pid----4716----pid-3323
---ebpf-pid----5707----pid-5476
---ebpf-pid----4716----pid-1
---ebpf-pid----5707----pid-1
---ebpf-pid----448784----pid-448784
---ebpf-pid----5707----pid-5707
---ebpf-pid----448784----pid-448520
---ebpf-pid----5707----pid-5476
---ebpf-pid----5707----pid-1
---ebpf-pid----448784----pid-1
---ebpf-pid----5707----pid-5707
---ebpf-pid----448784----pid-448784
---ebpf-pid----5707----pid-5476
---ebpf-pid----448784----pid-448520
---ebpf-pid----5707----pid-1
---ebpf-pid----448784----pid-1
---ebpf-pid----5707----pid-5707
---ebpf-pid----448784----pid-448784
---ebpf-pid----5707----pid-5476
---ebpf-pid----5707----pid-1
---ebpf-pid----448784----pid-448520
---ebpf-pid----5707----pid-5707
---ebpf-pid----448784----pid-1
---ebpf-pid----5707----pid-5476
---ebpf-pid----448785----pid-448785
---ebpf-pid----5707----pid-1
---ebpf-pid----448785----pid-448520
---ebpf-pid----5707----pid-5707
---ebpf-pid----5707----pid-5476
---ebpf-pid----5707----pid-1
---ebpf-pid----448785----pid-1
---ebpf-pid----5707----pid-5707
---ebpf-pid----5707----pid-5476
---ebpf-pid----448785----pid-448785
---ebpf-pid----5707----pid-1
---ebpf-pid----5707----pid-5707
---ebpf-pid----448785----pid-448520
---ebpf-pid----5707----pid-5476
---ebpf-pid----448785----pid-1
---ebpf-pid----5707----pid-1
---ebpf-pid----448782----pid-448782
---ebpf-pid----5707----pid-5707
---ebpf-pid----448782----pid-448520
---ebpf-pid----5707----pid-5476
---ebpf-pid----448782----pid-1
---ebpf-pid----2088----pid-1
---ebpf-pid----448782----pid-448782
---ebpf-pid----379067----pid-379067
---ebpf-pid----448782----pid-448520
---ebpf-pid----379067----pid-5476
---ebpf-pid----379067----pid-1
---ebpf-pid----448782----pid-1
---ebpf-pid----379067----pid-379067
---ebpf-pid----448782----pid-448782
---ebpf-pid----379067----pid-5476
---ebpf-pid----448782----pid-448520
---ebpf-pid----379067----pid-1
---ebpf-pid----448782----pid-1
---ebpf-pid----379067----pid-379067
---ebpf-pid----448782----pid-448782
---ebpf-pid----379067----pid-5476
---ebpf-pid----448782----pid-448520
---ebpf-pid----379067----pid-1
---ebpf-pid----448782----pid-1
---ebpf-pid----448784----pid-448784
---ebpf-pid----2088----pid-2088
---ebpf-pid----448784----pid-448520
---ebpf-pid----2088----pid-1
---ebpf-pid----2088----pid-2088
---ebpf-pid----448784----pid-1
---ebpf-pid----448784----pid-448784
---ebpf-pid----2088----pid-1
---ebpf-pid----2088----pid-2088
---ebpf-pid----448784----pid-448520
---ebpf-pid----2088----pid-1
---ebpf-pid----448784----pid-1
---ebpf-pid----2088----pid-2088
---ebpf-pid----5638----pid-5638
---ebpf-pid----2088----pid-1
---ebpf-pid----5638----pid-1
---ebpf-pid----448784----pid-448784
---ebpf-pid----2088----pid-2088
---ebpf-pid----2088----pid-1
---ebpf-pid----2088----pid-2088
---ebpf-pid----2088----pid-1
---ebpf-pid----2088----pid-2088
---ebpf-pid----2088----pid-1
---ebpf-pid----2088----pid-2088
---ebpf-pid----2088----pid-1
---ebpf-pid----2088----pid-2088
---ebpf-pid----2088----pid-1
---ebpf-pid----2088----pid-2088
---ebpf-pid----2088----pid-1
---ebpf-pid----2088----pid-2088
---ebpf-pid----2088----pid-1
---ebpf-pid----2088----pid-2088
---ebpf-pid----2088----pid-1
---ebpf-pid----2088----pid-2088
---ebpf-pid----2088----pid-1
---ebpf-pid----2088----pid-2088
---ebpf-pid----2088----pid-1
---ebpf-pid----2088----pid-2088
---ebpf-pid----2088----pid-1
---ebpf-pid----5707----pid-5707
---ebpf-pid----5707----pid-5476
---ebpf-pid----5707----pid-1
---ebpf-pid----5707----pid-5707
---ebpf-pid----5707----pid-5476
---ebpf-pid----5707----pid-1
---ebpf-pid----5707----pid-5707
---ebpf-pid----5707----pid-5476
---ebpf-pid----5707----pid-1
---ebpf-pid----5707----pid-5707
---ebpf-pid----5707----pid-5476
---ebpf-pid----448784----pid-448520
---ebpf-pid----448784----pid-1
---ebpf-pid----448784----pid-448784
---ebpf-pid----448784----pid-448520
---ebpf-pid----448784----pid-1
---ebpf-pid----448784----pid-448784
---ebpf-pid----5707----pid-1
---ebpf-pid----5707----pid-5707
---ebpf-pid----448784----pid-448520
---ebpf-pid----5707----pid-5476
---ebpf-pid----5707----pid-1
---ebpf-pid----5707----pid-1
---ebpf-pid----5707----pid-5707
---ebpf-pid----5707----pid-5707
---ebpf-pid----5707----pid-5476
---ebpf-pid----5707----pid-5476
---ebpf-pid----5707----pid-1
---ebpf-pid----5707----pid-1
---ebpf-pid----5707----pid-5707
---ebpf-pid----5707----pid-5707
---ebpf-pid----5707----pid-5476
---ebpf-pid----5707----pid-5476
---ebpf-pid----5707----pid-1
---ebpf-pid----5707----pid-5707
---ebpf-pid----5707----pid-1
---ebpf-pid----5707----pid-5476
---ebpf-pid----5707----pid-5707
---ebpf-pid----5707----pid-1
---ebpf-pid----5707----pid-5476
---ebpf-pid----5707----pid-5707
---ebpf-pid----5707----pid-1
---ebpf-pid----5707----pid-5707
---ebpf-pid----5707----pid-5476
---ebpf-pid----5707----pid-5476
---ebpf-pid----5707----pid-1
---ebpf-pid----5707----pid-5707
---ebpf-pid----5707----pid-1
---ebpf-pid----5707----pid-5707
---ebpf-pid----5707----pid-5476
---ebpf-pid----5707----pid-5476
---ebpf-pid----5707----pid-1
---ebpf-pid----5707----pid-5707
---ebpf-pid----5707----pid-1
---ebpf-pid----5707----pid-5476
---ebpf-pid----5707----pid-1
---ebpf-pid----5707----pid-5707
---ebpf-pid----5707----pid-5707
---ebpf-pid----5707----pid-5476
---ebpf-pid----5707----pid-5476
---ebpf-pid----5707----pid-1
---ebpf-pid----5707----pid-5707
---ebpf-pid----5707----pid-5476
---ebpf-pid----5707----pid-1
---ebpf-pid----5707----pid-5707
---ebpf-pid----5707----pid-5476
---ebpf-pid----5707----pid-1
---ebpf-pid----5707----pid-5707
---ebpf-pid----5707----pid-5476
---ebpf-pid----5707----pid-1
---ebpf-pid----5707----pid-5707
---ebpf-pid----5707----pid-5476
---ebpf-pid----5707----pid-1
---ebpf-pid----5707----pid-5707
---ebpf-pid----5707----pid-5476
---ebpf-pid----5707----pid-1
---ebpf-pid----5707----pid-5707
---ebpf-pid----5707----pid-5476
---ebpf-pid----5707----pid-1
---ebpf-pid----5707----pid-1
---ebpf-pid----5707----pid-5707
---ebpf-pid----5707----pid-5707
---ebpf-pid----5707----pid-5476
---ebpf-pid----5707----pid-5476
---ebpf-pid----5707----pid-1
---ebpf-pid----5707----pid-1
---ebpf-pid----2094----pid-2094
---ebpf-pid----5707----pid-5707
---ebpf-pid----2094----pid-1
---ebpf-pid----2094----pid-2094
---ebpf-pid----5707----pid-5476
---ebpf-pid----2094----pid-1
---ebpf-pid----5707----pid-1
---ebpf-pid----2094----pid-2094
---ebpf-pid----5707----pid-5707
---ebpf-pid----2094----pid-1
---ebpf-pid----2094----pid-2094
---ebpf-pid----5707----pid-5476
---ebpf-pid----2094----pid-1
---ebpf-pid----5707----pid-1
---ebpf-pid----2094----pid-2094
---ebpf-pid----5707----pid-5707
---ebpf-pid----2094----pid-1
---ebpf-pid----2094----pid-2094
---ebpf-pid----5707----pid-5476
---ebpf-pid----2094----pid-1
---ebpf-pid----5707----pid-1
---ebpf-pid----2094----pid-2094
---ebpf-pid----5707----pid-5707
---ebpf-pid----2094----pid-1
---ebpf-pid----5707----pid-5476
---ebpf-pid----2094----pid-2094
---ebpf-pid----2094----pid-1
---ebpf-pid----5707----pid-1
---ebpf-pid----2094----pid-2094
---ebpf-pid----5707----pid-5707
---ebpf-pid----2094----pid-1
---ebpf-pid----2094----pid-2094
---ebpf-pid----2094----pid-1
---ebpf-pid----2094----pid-2094
---ebpf-pid----2094----pid-1
---ebpf-pid----2094----pid-2094
---ebpf-pid----2094----pid-1
---ebpf-pid----2094----pid-2094
---ebpf-pid----2094----pid-1
---ebpf-pid----2094----pid-2094
---ebpf-pid----2094----pid-1
---ebpf-pid----2094----pid-2094
---ebpf-pid----2094----pid-1
---ebpf-pid----2094----pid-2094
---ebpf-pid----5707----pid-5476
---ebpf-pid----2094----pid-1
---ebpf-pid----2094----pid-2094
---ebpf-pid----5707----pid-1
---ebpf-pid----5707----pid-5707
---ebpf-pid----2094----pid-1
---ebpf-pid----2094----pid-2094
---ebpf-pid----5707----pid-5476
---ebpf-pid----2094----pid-1
---ebpf-pid----5707----pid-1
---ebpf-pid----2012----pid-2012
---ebpf-pid----5707----pid-5707
---ebpf-pid----2012----pid-1
---ebpf-pid----2012----pid-2012
---ebpf-pid----5707----pid-5476
---ebpf-pid----5707----pid-1
---ebpf-pid----2012----pid-1
---ebpf-pid----5707----pid-5707
---ebpf-pid----2012----pid-2012
---ebpf-pid----2012----pid-1
---ebpf-pid----5707----pid-5476
---ebpf-pid----2012----pid-2012
---ebpf-pid----5707----pid-1
---ebpf-pid----2012----pid-1
---ebpf-pid----5707----pid-5707
---ebpf-pid----2012----pid-2012
---ebpf-pid----5707----pid-5476
---ebpf-pid----2012----pid-1
---ebpf-pid----2088----pid-2088
---ebpf-pid----5707----pid-1
---ebpf-pid----5707----pid-5707
---ebpf-pid----2088----pid-1
---ebpf-pid----2088----pid-2088
---ebpf-pid----5707----pid-5476
---ebpf-pid----2088----pid-1
---ebpf-pid----2088----pid-2088
---ebpf-pid----5707----pid-1
---ebpf-pid----5707----pid-5707
---ebpf-pid----2088----pid-1
---ebpf-pid----2088----pid-2088
---ebpf-pid----5707----pid-5476
---ebpf-pid----2088----pid-1
---ebpf-pid----5707----pid-1
---ebpf-pid----2088----pid-2088
---ebpf-pid----5707----pid-5707
---ebpf-pid----2088----pid-1
---ebpf-pid----2088----pid-2088
---ebpf-pid----2088----pid-1
---ebpf-pid----2088----pid-2088
---ebpf-pid----5707----pid-5476
---ebpf-pid----2088----pid-1
---ebpf-pid----2088----pid-2088
---ebpf-pid----5707----pid-1
---ebpf-pid----2088----pid-1
---ebpf-pid----5707----pid-5707
---ebpf-pid----2088----pid-2088
---ebpf-pid----2088----pid-1
---ebpf-pid----2088----pid-2088
---ebpf-pid----2088----pid-1
---ebpf-pid----2088----pid-2088
---ebpf-pid----2088----pid-1
---ebpf-pid----2088----pid-2088
---ebpf-pid----2088----pid-1
---ebpf-pid----2088----pid-2088
---ebpf-pid----2088----pid-1
---ebpf-pid----2088----pid-2088
---ebpf-pid----2088----pid-1
---ebpf-pid----2088----pid-2088
---ebpf-pid----2088----pid-1
---ebpf-pid----2088----pid-2088
---ebpf-pid----2088----pid-1
---ebpf-pid----2088----pid-2088
---ebpf-pid----2088----pid-1
---ebpf-pid----2088----pid-2088
---ebpf-pid----2088----pid-1
---ebpf-pid----2088----pid-2088
---ebpf-pid----2088----pid-1
---ebpf-pid----2088----pid-2088
---ebpf-pid----2088----pid-1
---ebpf-pid----2088----pid-2088
---ebpf-pid----2088----pid-1
---ebpf-pid----2088----pid-2088
---ebpf-pid----2088----pid-1
---ebpf-pid----2088----pid-2088
---ebpf-pid----2088----pid-1
---ebpf-pid----2088----pid-2088
---ebpf-pid----2088----pid-1
---ebpf-pid----2088----pid-2088
---ebpf-pid----2088----pid-1
---ebpf-pid----2088----pid-2088
---ebpf-pid----2088----pid-1
---ebpf-pid----2088----pid-2088
---ebpf-pid----2088----pid-1
---ebpf-pid----2088----pid-2088
---ebpf-pid----5707----pid-5476
---ebpf-pid----2088----pid-1
---ebpf-pid----2088----pid-2088
---ebpf-pid----5707----pid-1
---ebpf-pid----2088----pid-1
---ebpf-pid----5707----pid-5707
---ebpf-pid----2088----pid-2088
---ebpf-pid----5707----pid-5476
---ebpf-pid----2088----pid-1
---ebpf-pid----5707----pid-1
---ebpf-pid----2088----pid-2088
---ebpf-pid----5707----pid-5707
---ebpf-pid----2088----pid-1
---ebpf-pid----2088----pid-2088
---ebpf-pid----5707----pid-5476
---ebpf-pid----2088----pid-1
---ebpf-pid----5707----pid-1
---ebpf-pid----2088----pid-2088
---ebpf-pid----5707----pid-5707
---ebpf-pid----2088----pid-1
---ebpf-pid----2088----pid-2088
---ebpf-pid----5707----pid-5476
---ebpf-pid----2088----pid-1
---ebpf-pid----5707----pid-1
---ebpf-pid----2088----pid-2088
---ebpf-pid----5707----pid-5707
---ebpf-pid----2088----pid-1
---ebpf-pid----2088----pid-2088
---ebpf-pid----5707----pid-5476
---ebpf-pid----2088----pid-1
---ebpf-pid----5707----pid-1
---ebpf-pid----2088----pid-2088
---ebpf-pid----2088----pid-1
---ebpf-pid----2088----pid-2088
---ebpf-pid----2088----pid-1
---ebpf-pid----2088----pid-2088
---ebpf-pid----2088----pid-1
---ebpf-pid----2088----pid-2088
---ebpf-pid----2088----pid-1
---ebpf-pid----2088----pid-2088
---ebpf-pid----5707----pid-5707
---ebpf-pid----2088----pid-1
---ebpf-pid----2088----pid-2088
---ebpf-pid----2088----pid-1
---ebpf-pid----2088----pid-2088
---ebpf-pid----2088----pid-1
---ebpf-pid----2088----pid-2088
---ebpf-pid----5707----pid-5476
---ebpf-pid----2088----pid-1
---ebpf-pid----2088----pid-2088
---ebpf-pid----5707----pid-1
---ebpf-pid----5707----pid-5707
---ebpf-pid----2088----pid-1
---ebpf-pid----5707----pid-5476
---ebpf-pid----2088----pid-2088
---ebpf-pid----5707----pid-1
---ebpf-pid----2088----pid-1
---ebpf-pid----5707----pid-5707
---ebpf-pid----2088----pid-2088
---ebpf-pid----5707----pid-5476
---ebpf-pid----2088----pid-1
---ebpf-pid----2088----pid-2088
---ebpf-pid----5707----pid-1
---ebpf-pid----2088----pid-1
---ebpf-pid----5707----pid-5707
---ebpf-pid----2088----pid-2088
---ebpf-pid----5707----pid-5476
---ebpf-pid----2088----pid-1
---ebpf-pid----2088----pid-2088
---ebpf-pid----5707----pid-1
---ebpf-pid----5707----pid-5707
---ebpf-pid----2088----pid-1
---ebpf-pid----2088----pid-2088
---ebpf-pid----5707----pid-5476
---ebpf-pid----2088----pid-1
---ebpf-pid----5707----pid-1
---ebpf-pid----2088----pid-2088
---ebpf-pid----5707----pid-5707
---ebpf-pid----2088----pid-1
---ebpf-pid----2088----pid-2088
---ebpf-pid----5707----pid-5476
---ebpf-pid----2088----pid-1
---ebpf-pid----2088----pid-2088
---ebpf-pid----2088----pid-1
---ebpf-pid----2088----pid-2088
---ebpf-pid----2088----pid-1
---ebpf-pid----2088----pid-2088
---ebpf-pid----2088----pid-1
---ebpf-pid----2088----pid-2088
---ebpf-pid----2088----pid-1
---ebpf-pid----2088----pid-2088
---ebpf-pid----2088----pid-1
---ebpf-pid----2088----pid-2088
---ebpf-pid----2088----pid-1
---ebpf-pid----2088----pid-2088
---ebpf-pid----2088----pid-1
---ebpf-pid----2088----pid-2088
---ebpf-pid----2088----pid-1
---ebpf-pid----2088----pid-2088
---ebpf-pid----2088----pid-1
---ebpf-pid----2088----pid-2088
---ebpf-pid----2088----pid-1
---ebpf-pid----2088----pid-2088
---ebpf-pid----2088----pid-1
---ebpf-pid----2088----pid-2088
---ebpf-pid----2088----pid-1
---ebpf-pid----2088----pid-2088
---ebpf-pid----2088----pid-1
---ebpf-pid----2088----pid-2088
---ebpf-pid----2088----pid-1
---ebpf-pid----2088----pid-2088
---ebpf-pid----2088----pid-1
---ebpf-pid----2088----pid-2088
---ebpf-pid----2088----pid-1
---ebpf-pid----2088----pid-2088
---ebpf-pid----2088----pid-1
---ebpf-pid----2088----pid-2088
---ebpf-pid----2088----pid-1
---ebpf-pid----2088----pid-2088
---ebpf-pid----2088----pid-1
---ebpf-pid----2088----pid-2088
---ebpf-pid----2088----pid-1
---ebpf-pid----5707----pid-1
---ebpf-pid----2088----pid-2088
---ebpf-pid----5707----pid-5707
---ebpf-pid----2088----pid-1
---ebpf-pid----2088----pid-2088
---ebpf-pid----5707----pid-5476
---ebpf-pid----2088----pid-1
---ebpf-pid----2088----pid-2088
---ebpf-pid----5707----pid-1
---ebpf-pid----5707----pid-5707
---ebpf-pid----2088----pid-1
---ebpf-pid----2088----pid-2088
---ebpf-pid----5707----pid-5476
---ebpf-pid----2088----pid-1
---ebpf-pid----2088----pid-2088
---ebpf-pid----5707----pid-1
---ebpf-pid----5707----pid-5707
---ebpf-pid----2088----pid-1
---ebpf-pid----5707----pid-5476
---ebpf-pid----2088----pid-2088
---ebpf-pid----2088----pid-1
---ebpf-pid----5707----pid-1
---ebpf-pid----2088----pid-2088
---ebpf-pid----5707----pid-5707
---ebpf-pid----2088----pid-1
---ebpf-pid----5707----pid-5476
---ebpf-pid----2088----pid-2088
---ebpf-pid----2088----pid-1
---ebpf-pid----5707----pid-1
---ebpf-pid----2088----pid-2088
---ebpf-pid----5707----pid-5707
---ebpf-pid----2088----pid-1
---ebpf-pid----5707----pid-5476
---ebpf-pid----2088----pid-2088
---ebpf-pid----2088----pid-1
---ebpf-pid----5707----pid-1
---ebpf-pid----2088----pid-2088
---ebpf-pid----5707----pid-5707
---ebpf-pid----2088----pid-1
---ebpf-pid----5707----pid-5476
---ebpf-pid----2088----pid-2088
---ebpf-pid----2088----pid-1
---ebpf-pid----5707----pid-1
---ebpf-pid----2088----pid-2088
---ebpf-pid----5707----pid-5707
---ebpf-pid----2088----pid-1
---ebpf-pid----5707----pid-5476
---ebpf-pid----2088----pid-2088
---ebpf-pid----5707----pid-1
---ebpf-pid----2088----pid-1
---ebpf-pid----5707----pid-5707
---ebpf-pid----2088----pid-2088
---ebpf-pid----2088----pid-1
---ebpf-pid----5707----pid-5476
---ebpf-pid----5109----pid-5109
---ebpf-pid----5707----pid-1
---ebpf-pid----5109----pid-3323
---ebpf-pid----5707----pid-5707
---ebpf-pid----5109----pid-1
---ebpf-pid----5707----pid-5476
---ebpf-pid----5109----pid-5109
---ebpf-pid----5707----pid-1
---ebpf-pid----5109----pid-3323
---ebpf-pid----5707----pid-5707
---ebpf-pid----5109----pid-1
---ebpf-pid----5109----pid-5109
---ebpf-pid----5707----pid-5476
---ebpf-pid----5109----pid-3323
---ebpf-pid----5707----pid-1
---ebpf-pid----5707----pid-5707
---ebpf-pid----2104----pid-2104
---ebpf-pid----5707----pid-5476
---ebpf-pid----2104----pid-1
---ebpf-pid----2104----pid-2104
---ebpf-pid----5707----pid-1
---ebpf-pid----379067----pid-379067
---ebpf-pid----2104----pid-1
---ebpf-pid----379067----pid-5476
---ebpf-pid----379067----pid-1
---ebpf-pid----379067----pid-379067
---ebpf-pid----379067----pid-5476
---ebpf-pid----379067----pid-1
---ebpf-pid----2088----pid-2088
---ebpf-pid----2088----pid-1
---ebpf-pid----2088----pid-2088
---ebpf-pid----2088----pid-1
---ebpf-pid----2088----pid-2088
---ebpf-pid----2088----pid-1
---ebpf-pid----2088----pid-2088
---ebpf-pid----2088----pid-1
---ebpf-pid----2088----pid-2088
---ebpf-pid----2088----pid-1
---ebpf-pid----2088----pid-2088
---ebpf-pid----2088----pid-1
---ebpf-pid----2088----pid-2088
---ebpf-pid----2088----pid-1
---ebpf-pid----2088----pid-2088
---ebpf-pid----2088----pid-1
---ebpf-pid----2088----pid-2088
---ebpf-pid----2088----pid-1
---ebpf-pid----2088----pid-2088
---ebpf-pid----2088----pid-1
---ebpf-pid----2088----pid-2088
---ebpf-pid----2088----pid-1
---ebpf-pid----2088----pid-2088
---ebpf-pid----2088----pid-1
---ebpf-pid----2088----pid-2088
---ebpf-pid----2088----pid-1
---ebpf-pid----2088----pid-2088
---ebpf-pid----2088----pid-1
---ebpf-pid----2088----pid-2088
---ebpf-pid----2088----pid-1
---ebpf-pid----2088----pid-2088
---ebpf-pid----2088----pid-1
---ebpf-pid----2088----pid-2088
---ebpf-pid----2088----pid-1
---ebpf-pid----2088----pid-2088
---ebpf-pid----2088----pid-1
---ebpf-pid----2088----pid-2088
---ebpf-pid----2088----pid-1
---ebpf-pid----2088----pid-2088
---ebpf-pid----2088----pid-1
---ebpf-pid----2088----pid-2088
---ebpf-pid----2088----pid-1
---ebpf-pid----2088----pid-2088
---ebpf-pid----2088----pid-1
---ebpf-pid----2088----pid-2088
---ebpf-pid----2088----pid-1
---ebpf-pid----2088----pid-2088
---ebpf-pid----448784----pid-1
---ebpf-pid----448784----pid-448784
---ebpf-pid----448784----pid-448520
---ebpf-pid----448784----pid-1
---ebpf-pid----448784----pid-448784
---ebpf-pid----448784----pid-448520
---ebpf-pid----448784----pid-1
---ebpf-pid----5638----pid-5638
---ebpf-pid----5638----pid-1
---ebpf-pid----373029----pid-373029
---ebpf-pid----373029----pid-5476
---ebpf-pid----373029----pid-1
---ebpf-pid----373029----pid-373029
---ebpf-pid----373029----pid-5476
---ebpf-pid----373029----pid-1
---ebpf-pid----373029----pid-373029
---ebpf-pid----373029----pid-5476
---ebpf-pid----373029----pid-1
---ebpf-pid----373029----pid-373029
---ebpf-pid----373029----pid-5476
---ebpf-pid----373029----pid-1
---ebpf-pid----373029----pid-373029
---ebpf-pid----373029----pid-5476
---ebpf-pid----373029----pid-1
---ebpf-pid----373029----pid-373029
---ebpf-pid----373029----pid-5476
---ebpf-pid----373029----pid-1
---ebpf-pid----373029----pid-373029
---ebpf-pid----373029----pid-5476
---ebpf-pid----2088----pid-1
---ebpf-pid----373029----pid-1
---ebpf-pid----2088----pid-2088
---ebpf-pid----373029----pid-373029
---ebpf-pid----373029----pid-5476
---ebpf-pid----2088----pid-1
---ebpf-pid----2088----pid-2088
---ebpf-pid----373029----pid-1
---ebpf-pid----448784----pid-448784
---ebpf-pid----448784----pid-448520
---ebpf-pid----448784----pid-1
---ebpf-pid----448784----pid-448784
---ebpf-pid----448784----pid-448520
---ebpf-pid----448784----pid-1
---ebpf-pid----448784----pid-448784
---ebpf-pid----2088----pid-1
---ebpf-pid----2088----pid-2088
---ebpf-pid----2088----pid-1
---ebpf-pid----2088----pid-2088
---ebpf-pid----2088----pid-1
---ebpf-pid----2088----pid-2088
---ebpf-pid----2088----pid-1
---ebpf-pid----2088----pid-2088
---ebpf-pid----2088----pid-1
---ebpf-pid----2088----pid-2088
---ebpf-pid----2088----pid-1
---ebpf-pid----2088----pid-2088
---ebpf-pid----2088----pid-1
---ebpf-pid----2088----pid-2088
---ebpf-pid----448784----pid-448520
---ebpf-pid----2088----pid-1
---ebpf-pid----2088----pid-2088
---ebpf-pid----448784----pid-1
---ebpf-pid----2088----pid-1
---ebpf-pid----373029----pid-373029
---ebpf-pid----2088----pid-2088
---ebpf-pid----373029----pid-5476
---ebpf-pid----2088----pid-1
---ebpf-pid----2088----pid-2088
---ebpf-pid----373029----pid-1
---ebpf-pid----5109----pid-1
---ebpf-pid----2088----pid-1
---ebpf-pid----5109----pid-5109
---ebpf-pid----2088----pid-2088
---ebpf-pid----2088----pid-1
---ebpf-pid----5109----pid-3323
---ebpf-pid----2088----pid-2088
---ebpf-pid----5109----pid-1
---ebpf-pid----2088----pid-1
---ebpf-pid----5109----pid-5109
---ebpf-pid----2088----pid-2088
---ebpf-pid----2088----pid-1
---ebpf-pid----5109----pid-3323
---ebpf-pid----2088----pid-2088
---ebpf-pid----5109----pid-1
---ebpf-pid----2088----pid-1
---ebpf-pid----373029----pid-373029
---ebpf-pid----2088----pid-2088
---ebpf-pid----2088----pid-1
---ebpf-pid----373029----pid-5476
---ebpf-pid----2088----pid-2088
---ebpf-pid----373029----pid-1
---ebpf-pid----2088----pid-1
---ebpf-pid----373029----pid-373029
---ebpf-pid----2088----pid-2088
---ebpf-pid----373029----pid-5476
---ebpf-pid----2088----pid-1
---ebpf-pid----2088----pid-2088
---ebpf-pid----373029----pid-1
---ebpf-pid----373029----pid-373029
---ebpf-pid----2088----pid-1
---ebpf-pid----2088----pid-2088
---ebpf-pid----373029----pid-5476
---ebpf-pid----2088----pid-1
---ebpf-pid----2088----pid-2088
---ebpf-pid----373029----pid-1
---ebpf-pid----373029----pid-373029
---ebpf-pid----2088----pid-1
---ebpf-pid----2088----pid-2088
---ebpf-pid----373029----pid-5476
---ebpf-pid----2088----pid-1
---ebpf-pid----373029----pid-1
---ebpf-pid----2088----pid-2088
---ebpf-pid----373029----pid-373029
---ebpf-pid----373029----pid-5476
---ebpf-pid----373029----pid-1
---ebpf-pid----373029----pid-373029
---ebpf-pid----373029----pid-5476
---ebpf-pid----373029----pid-1
---ebpf-pid----373029----pid-373029
---ebpf-pid----5109----pid-5109
---ebpf-pid----5109----pid-3323
---ebpf-pid----5109----pid-1
---ebpf-pid----5109----pid-5109
---ebpf-pid----5109----pid-3323
---ebpf-pid----5109----pid-1
---ebpf-pid----5109----pid-5109
---ebpf-pid----5109----pid-3323
---ebpf-pid----5109----pid-1
---ebpf-pid----5109----pid-5109
---ebpf-pid----5109----pid-3323
---ebpf-pid----5109----pid-1
---ebpf-pid----5109----pid-5109
---ebpf-pid----5109----pid-3323
---ebpf-pid----5109----pid-1
---ebpf-pid----5109----pid-5109
---ebpf-pid----5109----pid-3323
---ebpf-pid----5109----pid-1
---ebpf-pid----5109----pid-5109
---ebpf-pid----5109----pid-3323
---ebpf-pid----5109----pid-1
---ebpf-pid----5109----pid-5109
---ebpf-pid----5109----pid-3323
---ebpf-pid----373029----pid-5476
---ebpf-pid----373029----pid-1
---ebpf-pid----373029----pid-373029
---ebpf-pid----373029----pid-5476
---ebpf-pid----373029----pid-1
---ebpf-pid----373029----pid-373029
---ebpf-pid----373029----pid-5476
---ebpf-pid----373029----pid-1
---ebpf-pid----373029----pid-373029
---ebpf-pid----373029----pid-5476
---ebpf-pid----373029----pid-1
---ebpf-pid----5109----pid-1
---ebpf-pid----2088----pid-2088
---ebpf-pid----2088----pid-1
---ebpf-pid----2088----pid-2088
---ebpf-pid----2088----pid-1
---ebpf-pid----2088----pid-2088
---ebpf-pid----2088----pid-1
---ebpf-pid----2088----pid-2088
---ebpf-pid----2088----pid-1
---ebpf-pid----2088----pid-2088
---ebpf-pid----2088----pid-1
---ebpf-pid----2088----pid-2088
---ebpf-pid----2088----pid-1
---ebpf-pid----2088----pid-2088
---ebpf-pid----2088----pid-1
---ebpf-pid----2088----pid-2088
---ebpf-pid----2088----pid-1
---ebpf-pid----2088----pid-2088
---ebpf-pid----2088----pid-1
---ebpf-pid----2088----pid-2088
---ebpf-pid----2088----pid-1
---ebpf-pid----2088----pid-2088
---ebpf-pid----2088----pid-1
---ebpf-pid----2088----pid-2088
---ebpf-pid----2088----pid-1
---ebpf-pid----2088----pid-2088
---ebpf-pid----2088----pid-1
---ebpf-pid----2088----pid-2088
---ebpf-pid----2088----pid-1
---ebpf-pid----2088----pid-2088
---ebpf-pid----2088----pid-1
---ebpf-pid----2088----pid-2088
---ebpf-pid----2088----pid-1
---ebpf-pid----2088----pid-2088
---ebpf-pid----2088----pid-1
---ebpf-pid----2088----pid-2088
---ebpf-pid----2088----pid-1
---ebpf-pid----2088----pid-2088
---ebpf-pid----2088----pid-1
---ebpf-pid----2088----pid-2088
---ebpf-pid----2088----pid-1
---ebpf-pid----2088----pid-2088
---ebpf-pid----2088----pid-1
---ebpf-pid----2088----pid-2088
---ebpf-pid----2088----pid-1
---ebpf-pid----2088----pid-2088
---ebpf-pid----373029----pid-373029
---ebpf-pid----373029----pid-5476
---ebpf-pid----373029----pid-1
---ebpf-pid----373029----pid-373029
---ebpf-pid----373029----pid-5476
---ebpf-pid----373029----pid-1
---ebpf-pid----373029----pid-373029
---ebpf-pid----373029----pid-5476
---ebpf-pid----373029----pid-1
---ebpf-pid----373029----pid-373029
---ebpf-pid----373029----pid-5476
---ebpf-pid----373029----pid-1
---ebpf-pid----373029----pid-373029
---ebpf-pid----373029----pid-5476
---ebpf-pid----373029----pid-1
---ebpf-pid----373029----pid-373029
---ebpf-pid----373029----pid-5476
---ebpf-pid----373029----pid-1
---ebpf-pid----373029----pid-373029
---ebpf-pid----373029----pid-5476
---ebpf-pid----373029----pid-1
---ebpf-pid----373029----pid-373029
---ebpf-pid----373029----pid-5476
---ebpf-pid----373029----pid-1
---ebpf-pid----373029----pid-373029
---ebpf-pid----373029----pid-5476
---ebpf-pid----373029----pid-1
---ebpf-pid----373029----pid-373029
---ebpf-pid----373029----pid-5476
---ebpf-pid----373029----pid-1
---ebpf-pid----373029----pid-373029
---ebpf-pid----373029----pid-5476
---ebpf-pid----373029----pid-1
---ebpf-pid----373029----pid-373029
---ebpf-pid----373029----pid-5476
---ebpf-pid----373029----pid-1
---ebpf-pid----373029----pid-373029
---ebpf-pid----373029----pid-5476
---ebpf-pid----373029----pid-1
---ebpf-pid----373029----pid-373029
---ebpf-pid----2088----pid-1
---ebpf-pid----2088----pid-2088
---ebpf-pid----2088----pid-1
---ebpf-pid----2088----pid-2088
---ebpf-pid----2088----pid-1
---ebpf-pid----2088----pid-2088
---ebpf-pid----2088----pid-1
---ebpf-pid----2088----pid-2088
---ebpf-pid----2088----pid-1
---ebpf-pid----2088----pid-2088
---ebpf-pid----2088----pid-1
---ebpf-pid----2088----pid-2088
---ebpf-pid----2088----pid-1
---ebpf-pid----2088----pid-2088
---ebpf-pid----2088----pid-1
---ebpf-pid----2088----pid-2088
---ebpf-pid----373029----pid-5476
---ebpf-pid----373029----pid-1
---ebpf-pid----373029----pid-373029
---ebpf-pid----373029----pid-5476
---ebpf-pid----373029----pid-1
---ebpf-pid----373029----pid-373029
---ebpf-pid----373029----pid-5476
---ebpf-pid----373029----pid-1
---ebpf-pid----373029----pid-373029
---ebpf-pid----373029----pid-5476
---ebpf-pid----373029----pid-1
---ebpf-pid----373029----pid-373029
---ebpf-pid----373029----pid-5476
---ebpf-pid----373029----pid-1
---ebpf-pid----373029----pid-373029
---ebpf-pid----373029----pid-5476
---ebpf-pid----373029----pid-1
---ebpf-pid----373029----pid-373029
---ebpf-pid----373029----pid-5476
---ebpf-pid----373029----pid-1
---ebpf-pid----373029----pid-373029
---ebpf-pid----373029----pid-5476
---ebpf-pid----373029----pid-1
---ebpf-pid----373029----pid-373029
---ebpf-pid----373029----pid-5476
---ebpf-pid----373029----pid-1
---ebpf-pid----373029----pid-373029
---ebpf-pid----373029----pid-5476
---ebpf-pid----373029----pid-1
---ebpf-pid----373029----pid-373029
---ebpf-pid----2088----pid-1
---ebpf-pid----2088----pid-2088
---ebpf-pid----373029----pid-5476
---ebpf-pid----2088----pid-1
---ebpf-pid----2088----pid-2088
---ebpf-pid----373029----pid-1
---ebpf-pid----373029----pid-373029
---ebpf-pid----2088----pid-1
---ebpf-pid----373029----pid-5476
---ebpf-pid----2088----pid-2088
---ebpf-pid----373029----pid-1
---ebpf-pid----2088----pid-1
---ebpf-pid----448784----pid-448784
---ebpf-pid----2088----pid-2088
---ebpf-pid----2088----pid-1
---ebpf-pid----448784----pid-448520
---ebpf-pid----2088----pid-2088
---ebpf-pid----448784----pid-1
---ebpf-pid----2088----pid-1
---ebpf-pid----448784----pid-448784
---ebpf-pid----2088----pid-2088
---ebpf-pid----448784----pid-448520
---ebpf-pid----2088----pid-1
---ebpf-pid----2088----pid-2088
---ebpf-pid----448784----pid-1
---ebpf-pid----372714----pid-372714
---ebpf-pid----2088----pid-1
---ebpf-pid----2088----pid-2088
---ebpf-pid----2088----pid-1
---ebpf-pid----2088----pid-2088
---ebpf-pid----2088----pid-1
---ebpf-pid----2088----pid-2088
---ebpf-pid----2088----pid-1
---ebpf-pid----2088----pid-2088
---ebpf-pid----2088----pid-1
---ebpf-pid----2088----pid-2088
---ebpf-pid----2088----pid-1
---ebpf-pid----2088----pid-2088
---ebpf-pid----2088----pid-1
---ebpf-pid----2088----pid-2088
---ebpf-pid----2088----pid-1
---ebpf-pid----2088----pid-2088
---ebpf-pid----2088----pid-1
---ebpf-pid----2088----pid-2088
---ebpf-pid----2088----pid-1
---ebpf-pid----2088----pid-2088
---ebpf-pid----2088----pid-1
---ebpf-pid----2088----pid-2088
---ebpf-pid----2088----pid-1
---ebpf-pid----2088----pid-2088
---ebpf-pid----2088----pid-1
---ebpf-pid----2088----pid-2088
---ebpf-pid----2088----pid-1
---ebpf-pid----2088----pid-2088
---ebpf-pid----2088----pid-1
---ebpf-pid----2088----pid-1
---ebpf-pid----2088----pid-2088
---ebpf-pid----2088----pid-1
---ebpf-pid----2088----pid-2088
---ebpf-pid----2088----pid-1
---ebpf-pid----2088----pid-2088
---ebpf-pid----2088----pid-1
---ebpf-pid----2088----pid-2088
---ebpf-pid----2088----pid-1
---ebpf-pid----2088----pid-2088
---ebpf-pid----2088----pid-1
---ebpf-pid----2088----pid-2088
---ebpf-pid----2088----pid-1
---ebpf-pid----2088----pid-2088
---ebpf-pid----2088----pid-1
---ebpf-pid----2088----pid-2088
---ebpf-pid----2088----pid-1
---ebpf-pid----2088----pid-2088
---ebpf-pid----2088----pid-1
---ebpf-pid----2088----pid-2088
---ebpf-pid----2088----pid-1
---ebpf-pid----2088----pid-2088
---ebpf-pid----2088----pid-1
---ebpf-pid----2088----pid-2088
---ebpf-pid----2088----pid-1
---ebpf-pid----2088----pid-2088
---ebpf-pid----2088----pid-1
---ebpf-pid----2088----pid-2088
---ebpf-pid----2088----pid-1
---ebpf-pid----2088----pid-2088
---ebpf-pid----372714----pid-5476
---ebpf-pid----372714----pid-1
---ebpf-pid----372714----pid-372714
---ebpf-pid----372714----pid-5476
---ebpf-pid----372714----pid-1
---ebpf-pid----4716----pid-4716
---ebpf-pid----4716----pid-3323
---ebpf-pid----4716----pid-1
---ebpf-pid----4716----pid-4716
---ebpf-pid----4716----pid-3323
---ebpf-pid----4716----pid-1
---ebpf-pid----2088----pid-1
---ebpf-pid----2088----pid-2088
---ebpf-pid----2088----pid-1
---ebpf-pid----2088----pid-2088
---ebpf-pid----2088----pid-1
---ebpf-pid----2088----pid-2088
---ebpf-pid----2088----pid-1
---ebpf-pid----2088----pid-2088
---ebpf-pid----2088----pid-1
---ebpf-pid----2088----pid-2088
---ebpf-pid----2088----pid-1
---ebpf-pid----2088----pid-2088
---ebpf-pid----2088----pid-1
---ebpf-pid----2088----pid-2088
---ebpf-pid----2088----pid-1
---ebpf-pid----4716----pid-4716
---ebpf-pid----4716----pid-3323
---ebpf-pid----4716----pid-1
---ebpf-pid----4716----pid-4716
---ebpf-pid----4716----pid-3323
---ebpf-pid----4716----pid-1
---ebpf-pid----4716----pid-4716
---ebpf-pid----4716----pid-3323
---ebpf-pid----4716----pid-1
---ebpf-pid----4716----pid-4716
---ebpf-pid----4716----pid-3323
---ebpf-pid----4716----pid-1
---ebpf-pid----4716----pid-4716
---ebpf-pid----4716----pid-3323
---ebpf-pid----4716----pid-1
---ebpf-pid----373029----pid-373029
---ebpf-pid----373029----pid-5476
---ebpf-pid----373029----pid-1
---ebpf-pid----2089----pid-2089
---ebpf-pid----2089----pid-1
---ebpf-pid----2088----pid-2088
---ebpf-pid----2088----pid-1
---ebpf-pid----2088----pid-2088
---ebpf-pid----2088----pid-1
---ebpf-pid----2088----pid-2088
---ebpf-pid----2088----pid-1
---ebpf-pid----2088----pid-2088
---ebpf-pid----2088----pid-1
---ebpf-pid----2088----pid-2088
---ebpf-pid----2088----pid-1
---ebpf-pid----2088----pid-2088
---ebpf-pid----2088----pid-1
---ebpf-pid----2088----pid-2088
---ebpf-pid----2088----pid-1
---ebpf-pid----2088----pid-2088
---ebpf-pid----2088----pid-1
---ebpf-pid----2088----pid-2088
---ebpf-pid----2089----pid-2089
---ebpf-pid----2089----pid-1
---ebpf-pid----2089----pid-2089
---ebpf-pid----2089----pid-1
---ebpf-pid----2089----pid-2089
---ebpf-pid----2089----pid-1
---ebpf-pid----2089----pid-2089
---ebpf-pid----2089----pid-1
---ebpf-pid----2089----pid-2089
---ebpf-pid----2089----pid-1
---ebpf-pid----2089----pid-2089
---ebpf-pid----2089----pid-1
---ebpf-pid----2088----pid-2088
---ebpf-pid----2088----pid-1
---ebpf-pid----2088----pid-2088
---ebpf-pid----2088----pid-1
---ebpf-pid----2088----pid-2088
---ebpf-pid----2088----pid-1
---ebpf-pid----2088----pid-2088
---ebpf-pid----2088----pid-1
---ebpf-pid----2088----pid-2088
---ebpf-pid----2088----pid-1
---ebpf-pid----2088----pid-2088
---ebpf-pid----2088----pid-1
---ebpf-pid----2088----pid-2088
---ebpf-pid----2089----pid-2089
---ebpf-pid----2089----pid-1
---ebpf-pid----2089----pid-2089
---ebpf-pid----2089----pid-1
---ebpf-pid----2089----pid-2089
---ebpf-pid----2089----pid-1
---ebpf-pid----2089----pid-2089
---ebpf-pid----2089----pid-1
---ebpf-pid----2089----pid-2089
---ebpf-pid----2089----pid-1
---ebpf-pid----2089----pid-2089
---ebpf-pid----2089----pid-1
---ebpf-pid----2089----pid-2089
---ebpf-pid----2089----pid-1
---ebpf-pid----2089----pid-2089
---ebpf-pid----2089----pid-1
---ebpf-pid----2089----pid-2089
---ebpf-pid----2089----pid-1
---ebpf-pid----2089----pid-2089
---ebpf-pid----2089----pid-1
---ebpf-pid----2089----pid-2089
---ebpf-pid----2089----pid-1
---ebpf-pid----2089----pid-2089
---ebpf-pid----2089----pid-1
---ebpf-pid----2089----pid-2089
---ebpf-pid----2089----pid-1
---ebpf-pid----2089----pid-2089
---ebpf-pid----2089----pid-1
---ebpf-pid----2089----pid-2089
---ebpf-pid----2089----pid-1
---ebpf-pid----2089----pid-2089
---ebpf-pid----2089----pid-1
---ebpf-pid----2088----pid-1
---ebpf-pid----2089----pid-2089
---ebpf-pid----2088----pid-2088
---ebpf-pid----2089----pid-1
---ebpf-pid----2089----pid-2089
---ebpf-pid----2088----pid-1
---ebpf-pid----2088----pid-2088
---ebpf-pid----2089----pid-1
---ebpf-pid----2088----pid-1
---ebpf-pid----2089----pid-2089
---ebpf-pid----2088----pid-2088
---ebpf-pid----2088----pid-1
---ebpf-pid----2088----pid-2088
---ebpf-pid----2088----pid-1
---ebpf-pid----2088----pid-2088
---ebpf-pid----2088----pid-2088
---ebpf-pid----2088----pid-1
---ebpf-pid----2088----pid-2088
---ebpf-pid----2088----pid-1
---ebpf-pid----2088----pid-2088
---ebpf-pid----2088----pid-1
---ebpf-pid----2088----pid-2088
---ebpf-pid----2088----pid-1
---ebpf-pid----2088----pid-1
---ebpf-pid----2088----pid-2088
---ebpf-pid----2088----pid-2088
---ebpf-pid----2088----pid-1
---ebpf-pid----2088----pid-1
---ebpf-pid----2088----pid-2088
---ebpf-pid----2088----pid-2088
---ebpf-pid----2088----pid-1
---ebpf-pid----2088----pid-1
---ebpf-pid----2088----pid-2088
---ebpf-pid----2088----pid-2088
---ebpf-pid----2088----pid-1
---ebpf-pid----2088----pid-1
---ebpf-pid----2088----pid-2088
---ebpf-pid----2088----pid-2088
---ebpf-pid----2088----pid-1
---ebpf-pid----2088----pid-2088
---ebpf-pid----2088----pid-1
---ebpf-pid----2088----pid-2088
---ebpf-pid----2088----pid-1
---ebpf-pid----2088----pid-2088
---ebpf-pid----2088----pid-1
---ebpf-pid----2088----pid-2088
---ebpf-pid----2088----pid-1
---ebpf-pid----2088----pid-2088
---ebpf-pid----2088----pid-1
---ebpf-pid----2088----pid-2088
---ebpf-pid----2088----pid-1
---ebpf-pid----2088----pid-2088
---ebpf-pid----2088----pid-1
---ebpf-pid----2088----pid-2088
---ebpf-pid----2088----pid-1
---ebpf-pid----2088----pid-2088
---ebpf-pid----2088----pid-1
---ebpf-pid----2088----pid-2088
---ebpf-pid----2088----pid-1
---ebpf-pid----2088----pid-2088
---ebpf-pid----2088----pid-1
---ebpf-pid----2088----pid-2088
---ebpf-pid----2088----pid-1
---ebpf-pid----2088----pid-2088
---ebpf-pid----2088----pid-1
---ebpf-pid----2088----pid-2088
---ebpf-pid----2088----pid-1
---ebpf-pid----2088----pid-2088
---ebpf-pid----2088----pid-1
---ebpf-pid----2088----pid-2088
---ebpf-pid----2088----pid-1
---ebpf-pid----2088----pid-2088
---ebpf-pid----2088----pid-1
---ebpf-pid----2088----pid-2088
---ebpf-pid----2088----pid-1
---ebpf-pid----2088----pid-2088
---ebpf-pid----2088----pid-1
---ebpf-pid----2088----pid-2088
---ebpf-pid----2088----pid-1
---ebpf-pid----2088----pid-2088
---ebpf-pid----2088----pid-1
---ebpf-pid----2088----pid-2088
---ebpf-pid----2088----pid-1
---ebpf-pid----5109----pid-5109
---ebpf-pid----5109----pid-3323
---ebpf-pid----5109----pid-1
---ebpf-pid----5109----pid-5109
---ebpf-pid----5109----pid-3323
---ebpf-pid----5109----pid-1
---ebpf-pid----5109----pid-5109
---ebpf-pid----5109----pid-3323
---ebpf-pid----5109----pid-1
---ebpf-pid----5109----pid-5109
---ebpf-pid----5109----pid-3323
---ebpf-pid----5109----pid-1
---ebpf-pid----5109----pid-5109
---ebpf-pid----5109----pid-3323
---ebpf-pid----2088----pid-1
---ebpf-pid----2088----pid-2088
---ebpf-pid----2088----pid-1
---ebpf-pid----2088----pid-2088
---ebpf-pid----2088----pid-1
---ebpf-pid----372714----pid-372714
---ebpf-pid----372714----pid-5476
---ebpf-pid----372714----pid-1
---ebpf-pid----372714----pid-372714
---ebpf-pid----372714----pid-5476
---ebpf-pid----372714----pid-1
---ebpf-pid----372714----pid-372714
---ebpf-pid----372714----pid-5476
---ebpf-pid----372714----pid-1
---ebpf-pid----372714----pid-372714
---ebpf-pid----372714----pid-5476
---ebpf-pid----372714----pid-1
---ebpf-pid----372714----pid-372714
---ebpf-pid----372714----pid-5476
---ebpf-pid----372714----pid-1
---ebpf-pid----372714----pid-372714
---ebpf-pid----372714----pid-5476
---ebpf-pid----372714----pid-1
---ebpf-pid----372714----pid-372714
---ebpf-pid----372714----pid-5476
---ebpf-pid----372714----pid-1
---ebpf-pid----2088----pid-1
---ebpf-pid----2088----pid-2088
---ebpf-pid----2088----pid-1
---ebpf-pid----2088----pid-2088
---ebpf-pid----2088----pid-1
---ebpf-pid----2088----pid-2088
---ebpf-pid----2088----pid-1
---ebpf-pid----2088----pid-2088
---ebpf-pid----2088----pid-1
---ebpf-pid----2088----pid-2088
---ebpf-pid----5109----pid-1
---ebpf-pid----2089----pid-1
---ebpf-pid----2089----pid-2089
---ebpf-pid----2089----pid-1
---ebpf-pid----2089----pid-2089
---ebpf-pid----2089----pid-1
---ebpf-pid----2089----pid-2089
---ebpf-pid----2089----pid-1
---ebpf-pid----2089----pid-2089
---ebpf-pid----2089----pid-1
---ebpf-pid----2089----pid-2089
---ebpf-pid----2089----pid-1
---ebpf-pid----2089----pid-2089
---ebpf-pid----2089----pid-1
---ebpf-pid----448785----pid-448785
---ebpf-pid----448785----pid-448520
---ebpf-pid----448785----pid-1
---ebpf-pid----448785----pid-448785
---ebpf-pid----448785----pid-448520
---ebpf-pid----448785----pid-1
---ebpf-pid----448784----pid-448784
---ebpf-pid----448784----pid-448520
---ebpf-pid----448784----pid-1
---ebpf-pid----448784----pid-448784
---ebpf-pid----448784----pid-448520
---ebpf-pid----448784----pid-1
---ebpf-pid----5703----pid-5703
---ebpf-pid----5703----pid-5476
---ebpf-pid----5703----pid-1
---ebpf-pid----448784----pid-448784
---ebpf-pid----448784----pid-448520
---ebpf-pid----5109----pid-5109
---ebpf-pid----5109----pid-3323
---ebpf-pid----5109----pid-1
---ebpf-pid----5109----pid-5109
---ebpf-pid----5109----pid-3323
---ebpf-pid----5109----pid-1
---ebpf-pid----448784----pid-1
---ebpf-pid----5703----pid-5703
---ebpf-pid----5703----pid-5476
---ebpf-pid----5109----pid-5109
---ebpf-pid----2088----pid-1
---ebpf-pid----2088----pid-2088
---ebpf-pid----2088----pid-1
---ebpf-pid----2088----pid-2088
---ebpf-pid----372714----pid-372714
---ebpf-pid----372714----pid-5476
---ebpf-pid----5109----pid-3323
---ebpf-pid----372714----pid-1
---ebpf-pid----372714----pid-372714
---ebpf-pid----372714----pid-5476
---ebpf-pid----372714----pid-1
---ebpf-pid----372714----pid-372714
---ebpf-pid----372714----pid-5476
---ebpf-pid----5109----pid-1
---ebpf-pid----5109----pid-5109
---ebpf-pid----5109----pid-3323
---ebpf-pid----2088----pid-1
---ebpf-pid----2088----pid-2088
---ebpf-pid----2088----pid-1
---ebpf-pid----2088----pid-2088
---ebpf-pid----5703----pid-1
---ebpf-pid----5428----pid-5428
---ebpf-pid----5109----pid-1
---ebpf-pid----5428----pid-1
---ebpf-pid----5428----pid-5428
---ebpf-pid----5428----pid-1
---ebpf-pid----448784----pid-448784
---ebpf-pid----448784----pid-448520
---ebpf-pid----448784----pid-1
---ebpf-pid----448784----pid-448784
---ebpf-pid----448784----pid-448520
---ebpf-pid----448784----pid-1
---ebpf-pid----5428----pid-5428
---ebpf-pid----5428----pid-1
---ebpf-pid----448784----pid-448784
---ebpf-pid----372714----pid-1
---ebpf-pid----372714----pid-372714
---ebpf-pid----448784----pid-448520
---ebpf-pid----448784----pid-1
---ebpf-pid----1856----pid-1856
---ebpf-pid----1856----pid-1
---ebpf-pid----5428----pid-5428
---ebpf-pid----5428----pid-1
---ebpf-pid----448784----pid-448784
---ebpf-pid----448784----pid-448520
---ebpf-pid----448784----pid-1
---ebpf-pid----448784----pid-448784
---ebpf-pid----448784----pid-448520
---ebpf-pid----448784----pid-1
---ebpf-pid----1856----pid-1856
---ebpf-pid----1856----pid-1
---ebpf-pid----448785----pid-448785
---ebpf-pid----2088----pid-1
---ebpf-pid----448785----pid-448520
---ebpf-pid----2088----pid-2088
---ebpf-pid----448785----pid-1
---ebpf-pid----2088----pid-1
---ebpf-pid----5428----pid-5428
---ebpf-pid----2088----pid-2088
---ebpf-pid----5428----pid-1
---ebpf-pid----2088----pid-1
---ebpf-pid----448546----pid-448546
---ebpf-pid----2088----pid-2088
---ebpf-pid----448546----pid-1
---ebpf-pid----2088----pid-1
---ebpf-pid----5428----pid-5428
---ebpf-pid----2088----pid-2088
---ebpf-pid----5428----pid-1
---ebpf-pid----2088----pid-1
---ebpf-pid----1856----pid-1856
---ebpf-pid----2088----pid-2088
---ebpf-pid----1856----pid-1
---ebpf-pid----2088----pid-1
---ebpf-pid----448521----pid-448521
---ebpf-pid----2088----pid-2088
---ebpf-pid----448521----pid-1
---ebpf-pid----2088----pid-1
---ebpf-pid----5428----pid-5428
---ebpf-pid----2088----pid-2088
---ebpf-pid----5428----pid-1
---ebpf-pid----2088----pid-1
---ebpf-pid----448546----pid-448546
---ebpf-pid----2088----pid-2088
---ebpf-pid----448546----pid-1
---ebpf-pid----2088----pid-1
---ebpf-pid----5428----pid-5428
---ebpf-pid----2088----pid-2088
---ebpf-pid----5428----pid-1
---ebpf-pid----2088----pid-1
---ebpf-pid----5428----pid-5428
---ebpf-pid----2088----pid-2088
---ebpf-pid----5428----pid-1
---ebpf-pid----2088----pid-1
---ebpf-pid----5428----pid-5428
---ebpf-pid----2088----pid-2088
---ebpf-pid----5428----pid-1
---ebpf-pid----2088----pid-1
---ebpf-pid----5428----pid-5428
---ebpf-pid----2088----pid-2088
---ebpf-pid----5428----pid-1
---ebpf-pid----2088----pid-1
---ebpf-pid----14----pid-14
---ebpf-pid----2088----pid-2088
---ebpf-pid----2088----pid-1
---ebpf-pid----14----pid-2
---ebpf-pid----2088----pid-2088
---ebpf-pid----5428----pid-5428
---ebpf-pid----2088----pid-1
---ebpf-pid----5428----pid-1
---ebpf-pid----5707----pid-5707
---ebpf-pid----2088----pid-2088
---ebpf-pid----5707----pid-5476
---ebpf-pid----2088----pid-1
---ebpf-pid----2088----pid-2088
---ebpf-pid----5707----pid-1
---ebpf-pid----2088----pid-1
---ebpf-pid----5707----pid-5707
---ebpf-pid----2088----pid-2088
---ebpf-pid----5707----pid-5476
---ebpf-pid----2088----pid-1
---ebpf-pid----2088----pid-2088
---ebpf-pid----5707----pid-1
---ebpf-pid----5707----pid-5707
---ebpf-pid----2088----pid-1
---ebpf-pid----2088----pid-2088
---ebpf-pid----5707----pid-5476
---ebpf-pid----2088----pid-1
---ebpf-pid----5707----pid-1
---ebpf-pid----2088----pid-2088
---ebpf-pid----5707----pid-5707
---ebpf-pid----5109----pid-5109
---ebpf-pid----5109----pid-3323
---ebpf-pid----5109----pid-1
---ebpf-pid----5109----pid-5109
---ebpf-pid----5109----pid-3323
---ebpf-pid----5109----pid-1
---ebpf-pid----5109----pid-5109
---ebpf-pid----5109----pid-3323
---ebpf-pid----5109----pid-1
---ebpf-pid----5109----pid-5109
---ebpf-pid----5109----pid-3323
---ebpf-pid----5707----pid-5476
---ebpf-pid----5707----pid-1
---ebpf-pid----5707----pid-5707
---ebpf-pid----5707----pid-5476
---ebpf-pid----5707----pid-1
---ebpf-pid----5707----pid-5707
---ebpf-pid----5707----pid-5476
---ebpf-pid----5707----pid-1
---ebpf-pid----5707----pid-5707
---ebpf-pid----5707----pid-5476
---ebpf-pid----5707----pid-1
---ebpf-pid----5707----pid-5707
---ebpf-pid----372714----pid-5476
---ebpf-pid----372714----pid-1
---ebpf-pid----372714----pid-372714
---ebpf-pid----372714----pid-5476
---ebpf-pid----372714----pid-1
---ebpf-pid----372714----pid-372714
---ebpf-pid----5707----pid-5476
---ebpf-pid----5707----pid-1
---ebpf-pid----5707----pid-5707
---ebpf-pid----5707----pid-5476
---ebpf-pid----5707----pid-1
---ebpf-pid----5707----pid-5707
---ebpf-pid----5707----pid-5476
---ebpf-pid----5707----pid-1
---ebpf-pid----5707----pid-5707
---ebpf-pid----5707----pid-5476
---ebpf-pid----5707----pid-1
---ebpf-pid----5707----pid-5707
---ebpf-pid----5707----pid-5476
---ebpf-pid----5707----pid-1
---ebpf-pid----2088----pid-1
---ebpf-pid----5707----pid-5707
---ebpf-pid----2088----pid-2088
---ebpf-pid----5707----pid-5476
---ebpf-pid----2088----pid-1
---ebpf-pid----5707----pid-1
---ebpf-pid----2088----pid-2088
---ebpf-pid----2088----pid-1
---ebpf-pid----2088----pid-2088
---ebpf-pid----2088----pid-1
---ebpf-pid----2088----pid-2088
---ebpf-pid----2088----pid-1
---ebpf-pid----2088----pid-2088
---ebpf-pid----2088----pid-1
---ebpf-pid----2088----pid-2088
---ebpf-pid----5109----pid-1
---ebpf-pid----2088----pid-1
---ebpf-pid----5109----pid-5109
---ebpf-pid----2088----pid-2088
---ebpf-pid----5109----pid-3323
---ebpf-pid----2088----pid-1
---ebpf-pid----2088----pid-2088
---ebpf-pid----5109----pid-1
---ebpf-pid----5109----pid-5109
---ebpf-pid----2088----pid-1
---ebpf-pid----2088----pid-2088
---ebpf-pid----5109----pid-3323
---ebpf-pid----2088----pid-1
---ebpf-pid----5109----pid-1
---ebpf-pid----2088----pid-2088
---ebpf-pid----5109----pid-5109
---ebpf-pid----5109----pid-3323
---ebpf-pid----5109----pid-1
---ebpf-pid----5109----pid-5109
---ebpf-pid----5707----pid-5707
---ebpf-pid----5109----pid-3323
---ebpf-pid----5707----pid-5476
---ebpf-pid----5109----pid-1
---ebpf-pid----5707----pid-1
---ebpf-pid----5109----pid-5109
---ebpf-pid----5707----pid-5707
---ebpf-pid----5707----pid-5476
---ebpf-pid----5109----pid-3323
---ebpf-pid----5707----pid-1
---ebpf-pid----5109----pid-1
---ebpf-pid----5707----pid-5707
---ebpf-pid----5109----pid-5109
---ebpf-pid----5109----pid-3323
---ebpf-pid----5707----pid-5476
---ebpf-pid----5109----pid-1
---ebpf-pid----5109----pid-5109
---ebpf-pid----5109----pid-3323
---ebpf-pid----5109----pid-1
---ebpf-pid----5109----pid-5109
---ebpf-pid----5109----pid-3323
---ebpf-pid----5109----pid-1
---ebpf-pid----5109----pid-5109
---ebpf-pid----5109----pid-3323
---ebpf-pid----5109----pid-1
---ebpf-pid----5109----pid-5109
---ebpf-pid----5109----pid-3323
---ebpf-pid----5109----pid-1
---ebpf-pid----5109----pid-5109
---ebpf-pid----5109----pid-3323
---ebpf-pid----5109----pid-1
---ebpf-pid----5109----pid-5109
---ebpf-pid----372714----pid-5476
---ebpf-pid----372714----pid-1
---ebpf-pid----372714----pid-372714
---ebpf-pid----372714----pid-5476
---ebpf-pid----372714----pid-1
---ebpf-pid----372714----pid-372714
---ebpf-pid----372714----pid-5476
---ebpf-pid----372714----pid-1
---ebpf-pid----372714----pid-372714
---ebpf-pid----372714----pid-5476
---ebpf-pid----372714----pid-1
---ebpf-pid----372714----pid-372714
---ebpf-pid----5707----pid-1
---ebpf-pid----5707----pid-5707
---ebpf-pid----5707----pid-5476
---ebpf-pid----5707----pid-1
---ebpf-pid----5707----pid-5707
---ebpf-pid----5707----pid-5476
---ebpf-pid----5707----pid-1
---ebpf-pid----5707----pid-5707
---ebpf-pid----5707----pid-5476
---ebpf-pid----5707----pid-1
---ebpf-pid----5707----pid-5707
---ebpf-pid----5707----pid-5476
---ebpf-pid----5707----pid-1
---ebpf-pid----5707----pid-5707
---ebpf-pid----5707----pid-5476
---ebpf-pid----5707----pid-1
---ebpf-pid----5707----pid-5707
---ebpf-pid----5707----pid-5476
---ebpf-pid----5707----pid-1
---ebpf-pid----5707----pid-5707
---ebpf-pid----5707----pid-5476
---ebpf-pid----5707----pid-1
---ebpf-pid----5109----pid-3323
---ebpf-pid----448782----pid-448782
---ebpf-pid----5109----pid-1
---ebpf-pid----448782----pid-448520
---ebpf-pid----5109----pid-5109
---ebpf-pid----448782----pid-1
---ebpf-pid----5109----pid-3323
---ebpf-pid----448782----pid-448782
---ebpf-pid----5109----pid-1
---ebpf-pid----448782----pid-448520
---ebpf-pid----5109----pid-5109
---ebpf-pid----5109----pid-3323
---ebpf-pid----448782----pid-1
---ebpf-pid----5109----pid-1
---ebpf-pid----5109----pid-5109
---ebpf-pid----5109----pid-3323
---ebpf-pid----5109----pid-1
---ebpf-pid----5109----pid-5109
---ebpf-pid----5109----pid-3323
---ebpf-pid----5109----pid-1
---ebpf-pid----5109----pid-5109
---ebpf-pid----5109----pid-3323
---ebpf-pid----5109----pid-1
---ebpf-pid----5109----pid-5109
---ebpf-pid----5109----pid-3323
---ebpf-pid----5109----pid-1
---ebpf-pid----5109----pid-5109
---ebpf-pid----5109----pid-3323
---ebpf-pid----5109----pid-1
---ebpf-pid----5109----pid-5109
---ebpf-pid----5109----pid-3323
---ebpf-pid----5109----pid-1
---ebpf-pid----5109----pid-5109
---ebpf-pid----5109----pid-3323
---ebpf-pid----5109----pid-1
---ebpf-pid----5109----pid-5109
---ebpf-pid----5109----pid-3323
---ebpf-pid----5109----pid-1
---ebpf-pid----5109----pid-5109
---ebpf-pid----5109----pid-3323
---ebpf-pid----5109----pid-1
---ebpf-pid----5109----pid-5109
---ebpf-pid----5109----pid-3323
---ebpf-pid----5109----pid-1
---ebpf-pid----5109----pid-5109
---ebpf-pid----5109----pid-3323
---ebpf-pid----5109----pid-1
---ebpf-pid----5109----pid-5109
---ebpf-pid----5109----pid-3323
---ebpf-pid----5109----pid-1
---ebpf-pid----5109----pid-5109
---ebpf-pid----5109----pid-3323
---ebpf-pid----5109----pid-1
---ebpf-pid----5109----pid-5109
---ebpf-pid----5109----pid-3323
---ebpf-pid----5109----pid-1
---ebpf-pid----373029----pid-373029
---ebpf-pid----372714----pid-5476
---ebpf-pid----372714----pid-1
---ebpf-pid----372714----pid-372714
---ebpf-pid----372714----pid-5476
---ebpf-pid----372714----pid-1
---ebpf-pid----372714----pid-372714
---ebpf-pid----372714----pid-5476
---ebpf-pid----372714----pid-1
---ebpf-pid----372714----pid-372714
---ebpf-pid----372714----pid-5476
---ebpf-pid----372714----pid-1
---ebpf-pid----372714----pid-372714
---ebpf-pid----372714----pid-5476
---ebpf-pid----372714----pid-1
---ebpf-pid----372714----pid-372714
---ebpf-pid----372714----pid-5476
---ebpf-pid----372714----pid-1
---ebpf-pid----372714----pid-372714
---ebpf-pid----372714----pid-5476
---ebpf-pid----372714----pid-1
---ebpf-pid----372714----pid-372714
---ebpf-pid----372714----pid-5476
---ebpf-pid----372714----pid-1
---ebpf-pid----372714----pid-372714
---ebpf-pid----372714----pid-5476
---ebpf-pid----372714----pid-1
---ebpf-pid----372714----pid-372714
---ebpf-pid----372714----pid-5476
---ebpf-pid----372714----pid-1
---ebpf-pid----372714----pid-372714
---ebpf-pid----372714----pid-5476
---ebpf-pid----372714----pid-1
---ebpf-pid----372714----pid-372714
---ebpf-pid----448782----pid-448782
---ebpf-pid----448782----pid-448520
---ebpf-pid----448782----pid-1
---ebpf-pid----5707----pid-5707
---ebpf-pid----5707----pid-5476
---ebpf-pid----5707----pid-1
---ebpf-pid----5707----pid-5707
---ebpf-pid----5707----pid-5476
---ebpf-pid----2088----pid-1
---ebpf-pid----2088----pid-2088
---ebpf-pid----2088----pid-1
---ebpf-pid----2088----pid-2088
---ebpf-pid----2088----pid-1
---ebpf-pid----2088----pid-2088
---ebpf-pid----2088----pid-1
---ebpf-pid----2088----pid-2088
---ebpf-pid----2088----pid-1
---ebpf-pid----2088----pid-2088
---ebpf-pid----2088----pid-1
---ebpf-pid----2088----pid-2088
---ebpf-pid----2088----pid-1
---ebpf-pid----2088----pid-2088
---ebpf-pid----2088----pid-1
---ebpf-pid----2088----pid-2088
---ebpf-pid----2088----pid-1
---ebpf-pid----2088----pid-2088
---ebpf-pid----2088----pid-1
---ebpf-pid----2088----pid-2088
---ebpf-pid----2088----pid-1
---ebpf-pid----2088----pid-2088
---ebpf-pid----2088----pid-1
---ebpf-pid----2088----pid-2088
---ebpf-pid----2088----pid-1
---ebpf-pid----2088----pid-2088
---ebpf-pid----2088----pid-1
---ebpf-pid----2088----pid-2088
---ebpf-pid----2088----pid-1
---ebpf-pid----2088----pid-2088
---ebpf-pid----2088----pid-1
---ebpf-pid----2088----pid-2088
---ebpf-pid----2088----pid-1
---ebpf-pid----2088----pid-2088
---ebpf-pid----2088----pid-1
---ebpf-pid----2088----pid-2088
---ebpf-pid----373029----pid-5476
---ebpf-pid----2088----pid-1
---ebpf-pid----373029----pid-1
---ebpf-pid----373029----pid-373029
---ebpf-pid----2088----pid-2088
---ebpf-pid----373029----pid-5476
---ebpf-pid----2088----pid-1
---ebpf-pid----2088----pid-2088
---ebpf-pid----373029----pid-1
---ebpf-pid----373029----pid-373029
---ebpf-pid----2088----pid-1
---ebpf-pid----373029----pid-5476
---ebpf-pid----2088----pid-2088
---ebpf-pid----373029----pid-1
---ebpf-pid----2088----pid-1
---ebpf-pid----373029----pid-373029
---ebpf-pid----2088----pid-2088
---ebpf-pid----2088----pid-1
---ebpf-pid----373029----pid-5476
---ebpf-pid----2088----pid-2088
---ebpf-pid----373029----pid-1
---ebpf-pid----2088----pid-1
---ebpf-pid----373029----pid-373029
---ebpf-pid----2088----pid-2088
---ebpf-pid----373029----pid-5476
---ebpf-pid----2088----pid-1
---ebpf-pid----2088----pid-2088
---ebpf-pid----373029----pid-1
---ebpf-pid----5109----pid-5109
---ebpf-pid----2088----pid-1
---ebpf-pid----5109----pid-3323
---ebpf-pid----372881----pid-372881
---ebpf-pid----5109----pid-1
---ebpf-pid----372881----pid-1
---ebpf-pid----5109----pid-5109
---ebpf-pid----372881----pid-372881
---ebpf-pid----5109----pid-3323
---ebpf-pid----372881----pid-1
---ebpf-pid----372881----pid-372881
---ebpf-pid----5109----pid-1
---ebpf-pid----5109----pid-5109
---ebpf-pid----372881----pid-1
---ebpf-pid----372881----pid-372881
---ebpf-pid----5109----pid-3323
---ebpf-pid----372881----pid-1
---ebpf-pid----5109----pid-1
---ebpf-pid----372881----pid-372881
---ebpf-pid----5109----pid-5109
---ebpf-pid----372881----pid-1
---ebpf-pid----5109----pid-3323
---ebpf-pid----372881----pid-372881
---ebpf-pid----5109----pid-1
---ebpf-pid----372881----pid-1
---ebpf-pid----5109----pid-5109
---ebpf-pid----372881----pid-372881
---ebpf-pid----5109----pid-3323
---ebpf-pid----372881----pid-1
---ebpf-pid----5109----pid-1
---ebpf-pid----372881----pid-372881
---ebpf-pid----5109----pid-5109
---ebpf-pid----372881----pid-1
---ebpf-pid----5109----pid-3323
---ebpf-pid----372881----pid-372881
---ebpf-pid----5109----pid-1
---ebpf-pid----5109----pid-5109
---ebpf-pid----372881----pid-1
---ebpf-pid----372881----pid-372881
---ebpf-pid----5109----pid-3323
---ebpf-pid----372881----pid-1
---ebpf-pid----5109----pid-1
---ebpf-pid----372881----pid-372881
---ebpf-pid----5109----pid-5109
---ebpf-pid----372881----pid-1
---ebpf-pid----5109----pid-3323
---ebpf-pid----372881----pid-372881
---ebpf-pid----5707----pid-1
---ebpf-pid----5109----pid-1
---ebpf-pid----5707----pid-5707
---ebpf-pid----5109----pid-5109
---ebpf-pid----372881----pid-1
---ebpf-pid----372881----pid-372881
---ebpf-pid----5707----pid-5476
---ebpf-pid----5109----pid-3323
---ebpf-pid----372881----pid-1
---ebpf-pid----372881----pid-372881
---ebpf-pid----372881----pid-1
---ebpf-pid----372881----pid-372881
---ebpf-pid----372714----pid-5476
---ebpf-pid----372881----pid-1
---ebpf-pid----372714----pid-1
---ebpf-pid----372881----pid-372881
---ebpf-pid----372714----pid-372714
---ebpf-pid----372714----pid-5476
---ebpf-pid----372881----pid-1
---ebpf-pid----372881----pid-372881
---ebpf-pid----372714----pid-1
---ebpf-pid----372714----pid-372714
---ebpf-pid----372881----pid-1
---ebpf-pid----372881----pid-372881
---ebpf-pid----372714----pid-5476
---ebpf-pid----372881----pid-1
---ebpf-pid----372714----pid-1
---ebpf-pid----372881----pid-372881
---ebpf-pid----372714----pid-372714
---ebpf-pid----372881----pid-1
---ebpf-pid----372714----pid-5476
---ebpf-pid----372881----pid-372881
---ebpf-pid----372714----pid-1
---ebpf-pid----372881----pid-1
---ebpf-pid----372714----pid-372714
---ebpf-pid----372881----pid-372881
---ebpf-pid----372714----pid-5476
---ebpf-pid----372881----pid-1
---ebpf-pid----372881----pid-372881
---ebpf-pid----372714----pid-1
---ebpf-pid----372714----pid-372714
---ebpf-pid----372881----pid-1
---ebpf-pid----372881----pid-372881
---ebpf-pid----372714----pid-5476
---ebpf-pid----372881----pid-1
---ebpf-pid----372881----pid-372881
---ebpf-pid----372714----pid-1
---ebpf-pid----372714----pid-372714
---ebpf-pid----372881----pid-1
---ebpf-pid----372881----pid-372881
---ebpf-pid----372714----pid-5476
---ebpf-pid----372881----pid-1
---ebpf-pid----372714----pid-1
---ebpf-pid----372881----pid-372881
---ebpf-pid----372714----pid-372714
---ebpf-pid----372881----pid-1
---ebpf-pid----372714----pid-5476
---ebpf-pid----372881----pid-372881
---ebpf-pid----372714----pid-1
---ebpf-pid----372881----pid-1
---ebpf-pid----372714----pid-372714
---ebpf-pid----372881----pid-372881
---ebpf-pid----372881----pid-1
---ebpf-pid----372881----pid-372881
---ebpf-pid----372881----pid-1
---ebpf-pid----372881----pid-372881
---ebpf-pid----372881----pid-1
---ebpf-pid----372881----pid-372881
---ebpf-pid----372881----pid-1
---ebpf-pid----372881----pid-372881
---ebpf-pid----372881----pid-1
---ebpf-pid----372881----pid-372881
---ebpf-pid----372881----pid-1
---ebpf-pid----372881----pid-372881
---ebpf-pid----372881----pid-1
---ebpf-pid----372881----pid-372881
---ebpf-pid----372881----pid-1
---ebpf-pid----372881----pid-372881
---ebpf-pid----372881----pid-1
---ebpf-pid----372881----pid-372881
---ebpf-pid----372881----pid-1
---ebpf-pid----372881----pid-372881
---ebpf-pid----372881----pid-1
---ebpf-pid----372881----pid-372881
---ebpf-pid----372881----pid-1
---ebpf-pid----372881----pid-372881
---ebpf-pid----372881----pid-1
---ebpf-pid----372881----pid-372881
---ebpf-pid----5707----pid-1
---ebpf-pid----5707----pid-5707
---ebpf-pid----5707----pid-5476
---ebpf-pid----5707----pid-1
---ebpf-pid----5707----pid-5707
---ebpf-pid----5707----pid-5476
---ebpf-pid----5707----pid-1
---ebpf-pid----448782----pid-448782
---ebpf-pid----448782----pid-448520
---ebpf-pid----448782----pid-1
---ebpf-pid----5707----pid-5707
---ebpf-pid----372881----pid-1
---ebpf-pid----372881----pid-372881
---ebpf-pid----372881----pid-1
---ebpf-pid----372881----pid-372881
---ebpf-pid----372881----pid-1
---ebpf-pid----372881----pid-372881
---ebpf-pid----372881----pid-1
---ebpf-pid----372881----pid-372881
---ebpf-pid----372881----pid-1
---ebpf-pid----5707----pid-5476
---ebpf-pid----372881----pid-372881
---ebpf-pid----5707----pid-1
---ebpf-pid----5707----pid-5707
---ebpf-pid----372881----pid-1
---ebpf-pid----372881----pid-372881
---ebpf-pid----5707----pid-5476
---ebpf-pid----372881----pid-1
---ebpf-pid----5707----pid-1
---ebpf-pid----372881----pid-372881
---ebpf-pid----5707----pid-5707
---ebpf-pid----372881----pid-1
---ebpf-pid----5707----pid-5476
---ebpf-pid----372881----pid-372881
---ebpf-pid----5707----pid-1
---ebpf-pid----5707----pid-5707
---ebpf-pid----372881----pid-1
---ebpf-pid----372881----pid-372881
---ebpf-pid----5707----pid-5476
---ebpf-pid----372881----pid-1
---ebpf-pid----372881----pid-372881
---ebpf-pid----372881----pid-1
---ebpf-pid----372881----pid-372881
---ebpf-pid----5109----pid-1
---ebpf-pid----372881----pid-1
---ebpf-pid----372881----pid-372881
---ebpf-pid----5109----pid-5109
---ebpf-pid----372881----pid-1
---ebpf-pid----372881----pid-372881
---ebpf-pid----5109----pid-3323
---ebpf-pid----372881----pid-1
---ebpf-pid----372881----pid-372881
---ebpf-pid----372881----pid-1
---ebpf-pid----372881----pid-372881
---ebpf-pid----5707----pid-1
---ebpf-pid----372881----pid-1
---ebpf-pid----5707----pid-5707
---ebpf-pid----372881----pid-372881
---ebpf-pid----5707----pid-5476
---ebpf-pid----372881----pid-1
---ebpf-pid----372881----pid-372881
---ebpf-pid----5707----pid-1
---ebpf-pid----5707----pid-5707
---ebpf-pid----372881----pid-1
---ebpf-pid----372881----pid-372881
---ebpf-pid----5707----pid-5476
---ebpf-pid----372881----pid-1
---ebpf-pid----5707----pid-1
---ebpf-pid----372881----pid-372881
---ebpf-pid----5707----pid-5707
---ebpf-pid----372881----pid-1
---ebpf-pid----5707----pid-5476
---ebpf-pid----372881----pid-372881
---ebpf-pid----5707----pid-1
---ebpf-pid----372881----pid-1
---ebpf-pid----5707----pid-5707
---ebpf-pid----372881----pid-372881
---ebpf-pid----5707----pid-5476
---ebpf-pid----372881----pid-1
---ebpf-pid----372881----pid-372881
---ebpf-pid----5707----pid-1
---ebpf-pid----5707----pid-5707
---ebpf-pid----372881----pid-1
---ebpf-pid----5707----pid-5476
---ebpf-pid----372881----pid-372881
---ebpf-pid----5707----pid-1
---ebpf-pid----372881----pid-1
---ebpf-pid----5707----pid-5707
---ebpf-pid----372881----pid-372881
---ebpf-pid----5707----pid-5476
---ebpf-pid----372881----pid-1
---ebpf-pid----372881----pid-372881
---ebpf-pid----5707----pid-1
---ebpf-pid----5707----pid-5707
---ebpf-pid----372881----pid-1
---ebpf-pid----372881----pid-372881
---ebpf-pid----5707----pid-5476
---ebpf-pid----372881----pid-1
---ebpf-pid----5707----pid-1
---ebpf-pid----372881----pid-372881
---ebpf-pid----5707----pid-5707
---ebpf-pid----372881----pid-1
---ebpf-pid----372881----pid-372881
---ebpf-pid----5707----pid-5476
---ebpf-pid----372881----pid-1
---ebpf-pid----5707----pid-1
---ebpf-pid----372881----pid-372881
---ebpf-pid----5707----pid-5707
---ebpf-pid----372881----pid-1
---ebpf-pid----5707----pid-5476
---ebpf-pid----372881----pid-372881
---ebpf-pid----5707----pid-1
---ebpf-pid----372881----pid-1
---ebpf-pid----5707----pid-5707
---ebpf-pid----372881----pid-372881
---ebpf-pid----5707----pid-5476
---ebpf-pid----372881----pid-1
---ebpf-pid----372881----pid-372881
---ebpf-pid----5707----pid-1
---ebpf-pid----5707----pid-5707
---ebpf-pid----372881----pid-1
---ebpf-pid----372881----pid-372881
---ebpf-pid----5707----pid-5476
---ebpf-pid----372881----pid-1
---ebpf-pid----5707----pid-1
---ebpf-pid----372881----pid-372881
---ebpf-pid----5707----pid-5707
---ebpf-pid----372881----pid-1
---ebpf-pid----372881----pid-372881
---ebpf-pid----5707----pid-5476
---ebpf-pid----372881----pid-1
---ebpf-pid----5707----pid-1
---ebpf-pid----372881----pid-372881
---ebpf-pid----5707----pid-5707
---ebpf-pid----372881----pid-1
---ebpf-pid----5707----pid-5476
---ebpf-pid----5109----pid-1
---ebpf-pid----5109----pid-5109
---ebpf-pid----5109----pid-3323
---ebpf-pid----5109----pid-1
---ebpf-pid----5109----pid-5109
---ebpf-pid----5109----pid-3323
---ebpf-pid----5109----pid-1
---ebpf-pid----5109----pid-5109
---ebpf-pid----5109----pid-3323
---ebpf-pid----5109----pid-1
---ebpf-pid----5109----pid-5109
---ebpf-pid----5109----pid-3323
---ebpf-pid----5109----pid-1
---ebpf-pid----5109----pid-5109
---ebpf-pid----5109----pid-3323
---ebpf-pid----372714----pid-5476
---ebpf-pid----372714----pid-1
---ebpf-pid----372714----pid-372714
---ebpf-pid----372714----pid-5476
---ebpf-pid----372714----pid-1
---ebpf-pid----372881----pid-372881
---ebpf-pid----372714----pid-372714
---ebpf-pid----372714----pid-5476
---ebpf-pid----372881----pid-1
---ebpf-pid----372881----pid-372881
---ebpf-pid----372714----pid-1
---ebpf-pid----372714----pid-372714
---ebpf-pid----372881----pid-1
---ebpf-pid----372881----pid-372881
---ebpf-pid----372714----pid-5476
---ebpf-pid----372881----pid-1
---ebpf-pid----372714----pid-1
---ebpf-pid----372714----pid-372714
---ebpf-pid----372881----pid-372881
---ebpf-pid----372714----pid-5476
---ebpf-pid----372881----pid-1
---ebpf-pid----372714----pid-1
---ebpf-pid----372881----pid-372881
---ebpf-pid----372714----pid-372714
---ebpf-pid----372714----pid-5476
---ebpf-pid----372881----pid-1
---ebpf-pid----372881----pid-372881
---ebpf-pid----372714----pid-1
---ebpf-pid----372714----pid-372714
---ebpf-pid----372881----pid-1
---ebpf-pid----372881----pid-372881
---ebpf-pid----372714----pid-5476
---ebpf-pid----372881----pid-1
---ebpf-pid----372714----pid-1
---ebpf-pid----372881----pid-372881
---ebpf-pid----372714----pid-372714
---ebpf-pid----372881----pid-1
---ebpf-pid----372714----pid-5476
---ebpf-pid----372881----pid-372881
---ebpf-pid----372714----pid-1
---ebpf-pid----372714----pid-372714
---ebpf-pid----372881----pid-1
---ebpf-pid----372881----pid-372881
---ebpf-pid----372714----pid-5476
---ebpf-pid----372881----pid-1
---ebpf-pid----372881----pid-372881
---ebpf-pid----372881----pid-1
---ebpf-pid----372881----pid-372881
---ebpf-pid----372881----pid-1
---ebpf-pid----372881----pid-372881
---ebpf-pid----372881----pid-1
---ebpf-pid----372881----pid-372881
---ebpf-pid----372881----pid-1
---ebpf-pid----372881----pid-372881
---ebpf-pid----372881----pid-1
---ebpf-pid----372881----pid-372881
---ebpf-pid----372881----pid-1
---ebpf-pid----372881----pid-372881
---ebpf-pid----372881----pid-1
---ebpf-pid----372881----pid-372881
---ebpf-pid----372881----pid-1
---ebpf-pid----372881----pid-372881
---ebpf-pid----5109----pid-1
---ebpf-pid----5109----pid-5109
---ebpf-pid----372881----pid-1
---ebpf-pid----372881----pid-372881
---ebpf-pid----5109----pid-3323
---ebpf-pid----372881----pid-1
---ebpf-pid----5109----pid-1
---ebpf-pid----372881----pid-372881
---ebpf-pid----5109----pid-5109
---ebpf-pid----372881----pid-1
---ebpf-pid----5109----pid-3323
---ebpf-pid----372881----pid-372881
---ebpf-pid----5109----pid-1
---ebpf-pid----5109----pid-5109
---ebpf-pid----372881----pid-1
---ebpf-pid----372881----pid-372881
---ebpf-pid----5109----pid-3323
---ebpf-pid----5109----pid-1
---ebpf-pid----372881----pid-1
---ebpf-pid----5109----pid-5109
---ebpf-pid----372881----pid-372881
---ebpf-pid----5109----pid-3323
---ebpf-pid----372881----pid-1
---ebpf-pid----372881----pid-372881
---ebpf-pid----5109----pid-1
---ebpf-pid----5109----pid-5109
---ebpf-pid----372881----pid-1
---ebpf-pid----372881----pid-372881
---ebpf-pid----5109----pid-3323
---ebpf-pid----5109----pid-1
---ebpf-pid----372881----pid-1
---ebpf-pid----5109----pid-5109
---ebpf-pid----372881----pid-372881
---ebpf-pid----5109----pid-3323
---ebpf-pid----372881----pid-1
---ebpf-pid----372881----pid-372881
---ebpf-pid----372881----pid-1
---ebpf-pid----372881----pid-372881
---ebpf-pid----372714----pid-1
---ebpf-pid----4716----pid-4716
---ebpf-pid----372881----pid-1
---ebpf-pid----372881----pid-372881
---ebpf-pid----4716----pid-3323
---ebpf-pid----372881----pid-1
---ebpf-pid----4716----pid-1
---ebpf-pid----372881----pid-372881
---ebpf-pid----4716----pid-4716
---ebpf-pid----372881----pid-1
---ebpf-pid----4716----pid-3323
---ebpf-pid----372881----pid-372881
---ebpf-pid----4716----pid-1
---ebpf-pid----4716----pid-4716
---ebpf-pid----4716----pid-3323
---ebpf-pid----4716----pid-1
---ebpf-pid----4716----pid-4716
---ebpf-pid----4716----pid-3323
---ebpf-pid----4716----pid-1
---ebpf-pid----4716----pid-4716
---ebpf-pid----4716----pid-3323
---ebpf-pid----4716----pid-1
---ebpf-pid----4716----pid-4716
---ebpf-pid----372881----pid-1
---ebpf-pid----372881----pid-372881
---ebpf-pid----372881----pid-1
---ebpf-pid----372881----pid-372881
---ebpf-pid----372881----pid-1
---ebpf-pid----372881----pid-372881
---ebpf-pid----372881----pid-1
---ebpf-pid----372881----pid-372881
---ebpf-pid----5109----pid-1
---ebpf-pid----406334----pid-406334
---ebpf-pid----406334----pid-3323
---ebpf-pid----406334----pid-1
---ebpf-pid----406334----pid-406334
---ebpf-pid----406334----pid-3323
---ebpf-pid----406334----pid-1
---ebpf-pid----406334----pid-406334
---ebpf-pid----406334----pid-3323
---ebpf-pid----406334----pid-1
---ebpf-pid----406334----pid-406334
---ebpf-pid----406334----pid-3323
---ebpf-pid----406334----pid-1
---ebpf-pid----406334----pid-406334
---ebpf-pid----406334----pid-3323
---ebpf-pid----406334----pid-1
---ebpf-pid----406334----pid-406334
---ebpf-pid----406334----pid-3323
---ebpf-pid----406334----pid-1
---ebpf-pid----406334----pid-406334
---ebpf-pid----5707----pid-1
---ebpf-pid----5707----pid-5707
---ebpf-pid----372881----pid-1
---ebpf-pid----372881----pid-372881
---ebpf-pid----5707----pid-5476
---ebpf-pid----5707----pid-1
---ebpf-pid----5707----pid-5707
---ebpf-pid----5707----pid-5476
---ebpf-pid----5707----pid-1
---ebpf-pid----5707----pid-5707
---ebpf-pid----5707----pid-5476
---ebpf-pid----5707----pid-1
---ebpf-pid----4716----pid-3323
---ebpf-pid----4716----pid-1
---ebpf-pid----4716----pid-4716
---ebpf-pid----4716----pid-3323
---ebpf-pid----4716----pid-1
---ebpf-pid----4716----pid-4716
---ebpf-pid----4716----pid-3323
---ebpf-pid----4716----pid-1
---ebpf-pid----4716----pid-4716
---ebpf-pid----4716----pid-3323
---ebpf-pid----4716----pid-1
---ebpf-pid----4716----pid-4716
---ebpf-pid----4716----pid-3323
---ebpf-pid----4716----pid-1
---ebpf-pid----4716----pid-4716
---ebpf-pid----4716----pid-3323
---ebpf-pid----4716----pid-1
---ebpf-pid----4716----pid-4716
---ebpf-pid----4716----pid-3323
---ebpf-pid----4716----pid-1
---ebpf-pid----4716----pid-4716
---ebpf-pid----4716----pid-3323
---ebpf-pid----4716----pid-1
---ebpf-pid----4716----pid-4716
---ebpf-pid----4716----pid-3323
---ebpf-pid----4716----pid-1
---ebpf-pid----4716----pid-4716
---ebpf-pid----4716----pid-3323
---ebpf-pid----4716----pid-1
---ebpf-pid----4716----pid-4716
---ebpf-pid----372881----pid-1
---ebpf-pid----372881----pid-372881
---ebpf-pid----372881----pid-1
---ebpf-pid----372881----pid-372881
---ebpf-pid----372881----pid-1
---ebpf-pid----372881----pid-372881
---ebpf-pid----372881----pid-1
---ebpf-pid----372881----pid-372881
---ebpf-pid----372881----pid-1
---ebpf-pid----372881----pid-372881
---ebpf-pid----372881----pid-1
---ebpf-pid----372881----pid-372881
---ebpf-pid----372881----pid-1
---ebpf-pid----372881----pid-372881
---ebpf-pid----372881----pid-1
---ebpf-pid----372881----pid-372881
---ebpf-pid----372881----pid-1
---ebpf-pid----372881----pid-372881
---ebpf-pid----372881----pid-1
---ebpf-pid----372881----pid-372881
---ebpf-pid----372881----pid-1
---ebpf-pid----372881----pid-372881
---ebpf-pid----372881----pid-1
---ebpf-pid----372881----pid-372881
---ebpf-pid----372881----pid-1
---ebpf-pid----372881----pid-372881
---ebpf-pid----372881----pid-1
---ebpf-pid----372881----pid-372881
---ebpf-pid----372881----pid-1
---ebpf-pid----372881----pid-372881
---ebpf-pid----372881----pid-1
---ebpf-pid----372881----pid-372881
---ebpf-pid----372881----pid-1
---ebpf-pid----372881----pid-372881
---ebpf-pid----372881----pid-1
---ebpf-pid----372881----pid-372881
---ebpf-pid----372881----pid-1
---ebpf-pid----372881----pid-372881
---ebpf-pid----372881----pid-1
---ebpf-pid----372881----pid-372881
---ebpf-pid----372881----pid-1
---ebpf-pid----372881----pid-372881
---ebpf-pid----372881----pid-1
---ebpf-pid----372881----pid-372881
---ebpf-pid----5707----pid-5707
---ebpf-pid----5707----pid-5476
---ebpf-pid----5707----pid-1
---ebpf-pid----5707----pid-5707
---ebpf-pid----5707----pid-5476
---ebpf-pid----5707----pid-1
---ebpf-pid----379067----pid-379067
---ebpf-pid----379067----pid-5476
---ebpf-pid----379067----pid-1
---ebpf-pid----379067----pid-379067
---ebpf-pid----379067----pid-5476
---ebpf-pid----379067----pid-1
---ebpf-pid----379067----pid-379067
---ebpf-pid----379067----pid-5476
---ebpf-pid----379067----pid-1
---ebpf-pid----379067----pid-379067
---ebpf-pid----379067----pid-5476
---ebpf-pid----379067----pid-1
---ebpf-pid----379067----pid-379067
---ebpf-pid----379067----pid-5476
---ebpf-pid----379067----pid-1
---ebpf-pid----406334----pid-3323
---ebpf-pid----379067----pid-379067
---ebpf-pid----406334----pid-1
---ebpf-pid----406334----pid-406334
---ebpf-pid----379067----pid-5476
---ebpf-pid----379067----pid-1
---ebpf-pid----379067----pid-379067
---ebpf-pid----406334----pid-3323
---ebpf-pid----406334----pid-1
---ebpf-pid----4716----pid-3323
---ebpf-pid----379067----pid-5476
---ebpf-pid----4716----pid-1
---ebpf-pid----406334----pid-406334
---ebpf-pid----379067----pid-1
---ebpf-pid----4716----pid-4716
---ebpf-pid----406334----pid-3323
---ebpf-pid----379067----pid-379067
---ebpf-pid----379067----pid-5476
---ebpf-pid----379067----pid-1
---ebpf-pid----379067----pid-379067
---ebpf-pid----379067----pid-5476
---ebpf-pid----379067----pid-1
---ebpf-pid----448785----pid-448785
---ebpf-pid----448785----pid-448520
---ebpf-pid----448785----pid-1
---ebpf-pid----448785----pid-448785
---ebpf-pid----448785----pid-448520
---ebpf-pid----448785----pid-1
---ebpf-pid----14----pid-14
---ebpf-pid----14----pid-2
---ebpf-pid----448784----pid-448784
---ebpf-pid----448784----pid-448520
---ebpf-pid----448784----pid-1
---ebpf-pid----448785----pid-448785
---ebpf-pid----448785----pid-448520
---ebpf-pid----448785----pid-1
---ebpf-pid----448524----pid-448524
---ebpf-pid----448524----pid-1
---ebpf-pid----448785----pid-448785
---ebpf-pid----448785----pid-448520
---ebpf-pid----448785----pid-1
---ebpf-pid----448785----pid-448785
---ebpf-pid----448785----pid-448520
---ebpf-pid----448785----pid-1
---ebpf-pid----448785----pid-448785
---ebpf-pid----448785----pid-448520
---ebpf-pid----448785----pid-1
---ebpf-pid----448785----pid-448785
---ebpf-pid----448785----pid-448520
---ebpf-pid----448785----pid-1
---ebpf-pid----448785----pid-448785
---ebpf-pid----448785----pid-448520
---ebpf-pid----448785----pid-1
---ebpf-pid----377755----pid-377755
---ebpf-pid----377755----pid-1
---ebpf-pid----377755----pid-377755
---ebpf-pid----377755----pid-1
---ebpf-pid----377755----pid-377755
---ebpf-pid----377755----pid-1
---ebpf-pid----377755----pid-377755
---ebpf-pid----377755----pid-1
---ebpf-pid----448524----pid-448524
---ebpf-pid----448524----pid-1
---ebpf-pid----377755----pid-377755
---ebpf-pid----4716----pid-3323
---ebpf-pid----4716----pid-1
---ebpf-pid----4716----pid-4716
---ebpf-pid----4716----pid-3323
---ebpf-pid----4716----pid-1
---ebpf-pid----4716----pid-4716
---ebpf-pid----4716----pid-3323
---ebpf-pid----4716----pid-1
---ebpf-pid----4716----pid-4716
---ebpf-pid----4716----pid-3323
---ebpf-pid----4716----pid-1
---ebpf-pid----4716----pid-4716
---ebpf-pid----4716----pid-3323
---ebpf-pid----4716----pid-1
---ebpf-pid----4716----pid-4716
---ebpf-pid----4716----pid-3323
---ebpf-pid----4716----pid-1
---ebpf-pid----4716----pid-4716
---ebpf-pid----4716----pid-3323
---ebpf-pid----4716----pid-1
---ebpf-pid----4716----pid-4716
---ebpf-pid----4716----pid-3323
---ebpf-pid----4716----pid-1
---ebpf-pid----4716----pid-4716
---ebpf-pid----4716----pid-3323
---ebpf-pid----4716----pid-1
---ebpf-pid----4716----pid-4716
---ebpf-pid----4716----pid-3323
---ebpf-pid----4716----pid-1
---ebpf-pid----4716----pid-4716
---ebpf-pid----4716----pid-3323
---ebpf-pid----4716----pid-1
---ebpf-pid----4716----pid-4716
---ebpf-pid----4716----pid-3323
---ebpf-pid----4716----pid-1
---ebpf-pid----4716----pid-4716
---ebpf-pid----4716----pid-3323
---ebpf-pid----4716----pid-1
---ebpf-pid----4716----pid-4716
---ebpf-pid----406334----pid-1
---ebpf-pid----406334----pid-406334
---ebpf-pid----372881----pid-1
---ebpf-pid----372881----pid-372881
---ebpf-pid----372881----pid-1
---ebpf-pid----372881----pid-372881
---ebpf-pid----406334----pid-3323
---ebpf-pid----372881----pid-1
---ebpf-pid----406334----pid-1
---ebpf-pid----372881----pid-372881
---ebpf-pid----406334----pid-406334
---ebpf-pid----372881----pid-1
---ebpf-pid----372881----pid-372881
---ebpf-pid----372881----pid-1
---ebpf-pid----372881----pid-372881
---ebpf-pid----372881----pid-1
---ebpf-pid----372881----pid-372881
---ebpf-pid----372881----pid-1
---ebpf-pid----372881----pid-372881
---ebpf-pid----372881----pid-1
---ebpf-pid----372881----pid-372881
---ebpf-pid----372881----pid-1
---ebpf-pid----372881----pid-372881
---ebpf-pid----372881----pid-1
---ebpf-pid----372881----pid-372881
---ebpf-pid----372881----pid-1
---ebpf-pid----372881----pid-372881
---ebpf-pid----372881----pid-1
---ebpf-pid----372881----pid-372881
---ebpf-pid----372881----pid-1
---ebpf-pid----372881----pid-372881
---ebpf-pid----372881----pid-1
---ebpf-pid----5707----pid-5707
---ebpf-pid----5707----pid-5476
---ebpf-pid----5707----pid-1
---ebpf-pid----5707----pid-5707
---ebpf-pid----5707----pid-5476
---ebpf-pid----5707----pid-1
---ebpf-pid----5707----pid-5707
---ebpf-pid----5707----pid-5476
---ebpf-pid----5707----pid-1
---ebpf-pid----5707----pid-5707
---ebpf-pid----5707----pid-5476
---ebpf-pid----5707----pid-1
---ebpf-pid----372714----pid-372714
---ebpf-pid----372714----pid-5476
---ebpf-pid----372714----pid-1
---ebpf-pid----372714----pid-372714
---ebpf-pid----372714----pid-5476
---ebpf-pid----372714----pid-1
---ebpf-pid----372714----pid-372714
---ebpf-pid----377755----pid-1
---ebpf-pid----372714----pid-5476
---ebpf-pid----377755----pid-377755
---ebpf-pid----372714----pid-1
---ebpf-pid----377755----pid-1
---ebpf-pid----5428----pid-5428
---ebpf-pid----448524----pid-448524
---ebpf-pid----5428----pid-1
---ebpf-pid----448524----pid-1
---ebpf-pid----372881----pid-372881
---ebpf-pid----377755----pid-377755
---ebpf-pid----377755----pid-1
---ebpf-pid----372881----pid-1
---ebpf-pid----377755----pid-377755
---ebpf-pid----372881----pid-372881
---ebpf-pid----372881----pid-1
---ebpf-pid----377755----pid-1
---ebpf-pid----372881----pid-372881
---ebpf-pid----377755----pid-377755
---ebpf-pid----372881----pid-1
---ebpf-pid----377755----pid-1
---ebpf-pid----372881----pid-372881
---ebpf-pid----448784----pid-448784
---ebpf-pid----372881----pid-1
---ebpf-pid----448784----pid-448520
---ebpf-pid----372881----pid-372881
---ebpf-pid----448784----pid-1
---ebpf-pid----372881----pid-1
---ebpf-pid----448784----pid-448784
---ebpf-pid----372881----pid-372881
---ebpf-pid----448784----pid-448520
---ebpf-pid----448784----pid-1
---ebpf-pid----1856----pid-1856
---ebpf-pid----372881----pid-1
---ebpf-pid----1856----pid-1
---ebpf-pid----372881----pid-372881
---ebpf-pid----448524----pid-448524
---ebpf-pid----372881----pid-1
---ebpf-pid----448524----pid-1
---ebpf-pid----372881----pid-372881
---ebpf-pid----448524----pid-448524
---ebpf-pid----372881----pid-1
---ebpf-pid----448524----pid-1
---ebpf-pid----372881----pid-372881
---ebpf-pid----5637----pid-5637
---ebpf-pid----372881----pid-1
---ebpf-pid----5637----pid-1
---ebpf-pid----372881----pid-372881
---ebpf-pid----372881----pid-1
---ebpf-pid----372881----pid-372881
---ebpf-pid----372881----pid-1
---ebpf-pid----372881----pid-372881
---ebpf-pid----372881----pid-1
---ebpf-pid----372881----pid-372881
---ebpf-pid----372881----pid-1
---ebpf-pid----372881----pid-372881
---ebpf-pid----372881----pid-1
---ebpf-pid----372881----pid-372881
---ebpf-pid----372881----pid-1
---ebpf-pid----372881----pid-372881
---ebpf-pid----372881----pid-1
---ebpf-pid----372881----pid-372881
---ebpf-pid----372881----pid-1
---ebpf-pid----372881----pid-372881
---ebpf-pid----372881----pid-1
---ebpf-pid----406334----pid-3323
---ebpf-pid----406334----pid-1
---ebpf-pid----376651----pid-376651
---ebpf-pid----376651----pid-3323
---ebpf-pid----376651----pid-1
---ebpf-pid----376651----pid-376651
---ebpf-pid----376651----pid-3323
---ebpf-pid----376651----pid-1
---ebpf-pid----376651----pid-376651
---ebpf-pid----376651----pid-3323
---ebpf-pid----376651----pid-1
---ebpf-pid----376651----pid-376651
---ebpf-pid----376651----pid-3323
---ebpf-pid----376651----pid-1
---ebpf-pid----376651----pid-376651
---ebpf-pid----376651----pid-3323
---ebpf-pid----376651----pid-1
---ebpf-pid----376651----pid-376651
---ebpf-pid----376651----pid-3323
---ebpf-pid----376651----pid-1
---ebpf-pid----376651----pid-376651
---ebpf-pid----376651----pid-3323
---ebpf-pid----372881----pid-372881
---ebpf-pid----376651----pid-1
---ebpf-pid----376651----pid-376651
---ebpf-pid----372881----pid-1
---ebpf-pid----372881----pid-372881
---ebpf-pid----376651----pid-3323
---ebpf-pid----372881----pid-1
---ebpf-pid----372881----pid-372881
---ebpf-pid----376651----pid-1
---ebpf-pid----376651----pid-376651
---ebpf-pid----372881----pid-1
---ebpf-pid----372881----pid-372881
---ebpf-pid----376651----pid-3323
---ebpf-pid----372881----pid-1
---ebpf-pid----376651----pid-1
---ebpf-pid----372881----pid-372881
---ebpf-pid----376651----pid-376651
---ebpf-pid----372881----pid-1
---ebpf-pid----376651----pid-3323
---ebpf-pid----372881----pid-372881
---ebpf-pid----372881----pid-1
---ebpf-pid----4716----pid-3323
---ebpf-pid----4716----pid-1
---ebpf-pid----4716----pid-4716
---ebpf-pid----4716----pid-3323
---ebpf-pid----4716----pid-1
---ebpf-pid----4716----pid-4716
---ebpf-pid----4716----pid-3323
---ebpf-pid----376651----pid-1
---ebpf-pid----376651----pid-376651
---ebpf-pid----376651----pid-3323
---ebpf-pid----376651----pid-1
---ebpf-pid----376651----pid-376651
---ebpf-pid----376651----pid-3323
---ebpf-pid----376651----pid-1
---ebpf-pid----376651----pid-376651
---ebpf-pid----376651----pid-3323
---ebpf-pid----376651----pid-1
---ebpf-pid----406335----pid-406335
---ebpf-pid----406335----pid-3323
---ebpf-pid----406335----pid-1
---ebpf-pid----406335----pid-406335
---ebpf-pid----406335----pid-3323
---ebpf-pid----406335----pid-1
---ebpf-pid----406335----pid-406335
---ebpf-pid----406335----pid-3323
---ebpf-pid----406335----pid-1
---ebpf-pid----406335----pid-406335
---ebpf-pid----406335----pid-3323
---ebpf-pid----406335----pid-1
---ebpf-pid----406335----pid-406335
---ebpf-pid----406335----pid-3323
---ebpf-pid----406335----pid-1
---ebpf-pid----406335----pid-406335
---ebpf-pid----406335----pid-3323
---ebpf-pid----4716----pid-1
---ebpf-pid----372881----pid-372881
---ebpf-pid----2088----pid-2088
---ebpf-pid----2088----pid-1
---ebpf-pid----2088----pid-2088
---ebpf-pid----2088----pid-1
---ebpf-pid----2088----pid-2088
---ebpf-pid----2088----pid-1
---ebpf-pid----2088----pid-2088
---ebpf-pid----2088----pid-1
---ebpf-pid----2088----pid-2088
---ebpf-pid----2088----pid-1
---ebpf-pid----2088----pid-2088
---ebpf-pid----406335----pid-1
---ebpf-pid----406335----pid-406335
---ebpf-pid----372881----pid-1
---ebpf-pid----372881----pid-372881
---ebpf-pid----372881----pid-1
---ebpf-pid----372881----pid-372881
---ebpf-pid----4716----pid-4716
---ebpf-pid----4716----pid-3323
---ebpf-pid----4716----pid-1
---ebpf-pid----448783----pid-448783
---ebpf-pid----448783----pid-448520
---ebpf-pid----448783----pid-1
---ebpf-pid----448783----pid-448783
---ebpf-pid----448783----pid-448520
---ebpf-pid----448783----pid-1
---ebpf-pid----2094----pid-2094
---ebpf-pid----2094----pid-1
---ebpf-pid----2088----pid-1
---ebpf-pid----2094----pid-2094
---ebpf-pid----372881----pid-1
---ebpf-pid----372881----pid-372881
---ebpf-pid----372881----pid-1
---ebpf-pid----372881----pid-372881
---ebpf-pid----372881----pid-1
---ebpf-pid----372881----pid-372881
---ebpf-pid----372881----pid-1
---ebpf-pid----372881----pid-372881
---ebpf-pid----372881----pid-1
---ebpf-pid----372881----pid-372881
---ebpf-pid----372881----pid-1
---ebpf-pid----372881----pid-372881
---ebpf-pid----372881----pid-1
---ebpf-pid----372881----pid-372881
---ebpf-pid----372881----pid-1
---ebpf-pid----372881----pid-372881
---ebpf-pid----372881----pid-1
---ebpf-pid----372881----pid-372881
---ebpf-pid----372881----pid-1
---ebpf-pid----372881----pid-372881
---ebpf-pid----372881----pid-1
---ebpf-pid----372881----pid-372881
---ebpf-pid----372881----pid-1
---ebpf-pid----372881----pid-372881
---ebpf-pid----372881----pid-1
---ebpf-pid----372881----pid-372881
---ebpf-pid----372881----pid-1
---ebpf-pid----372881----pid-372881
---ebpf-pid----372881----pid-1
---ebpf-pid----372881----pid-372881
---ebpf-pid----2094----pid-1
---ebpf-pid----2094----pid-2094
---ebpf-pid----2094----pid-1
---ebpf-pid----2094----pid-2094
---ebpf-pid----2094----pid-1
---ebpf-pid----2094----pid-2094
---ebpf-pid----2088----pid-2088
---ebpf-pid----406335----pid-3323
---ebpf-pid----406335----pid-1
---ebpf-pid----406335----pid-406335
---ebpf-pid----406335----pid-3323
---ebpf-pid----406335----pid-1
---ebpf-pid----2088----pid-1
---ebpf-pid----2088----pid-2088
---ebpf-pid----2088----pid-1
---ebpf-pid----372714----pid-372714
---ebpf-pid----372714----pid-5476
---ebpf-pid----372714----pid-1
---ebpf-pid----372714----pid-372714
---ebpf-pid----372714----pid-5476
---ebpf-pid----372714----pid-1
---ebpf-pid----406335----pid-406335
---ebpf-pid----2094----pid-1
---ebpf-pid----2094----pid-2094
---ebpf-pid----2094----pid-1
---ebpf-pid----2094----pid-2094
---ebpf-pid----406335----pid-3323
---ebpf-pid----406335----pid-1
---ebpf-pid----406335----pid-406335
---ebpf-pid----2094----pid-1
---ebpf-pid----2094----pid-2094
---ebpf-pid----372714----pid-372714
---ebpf-pid----406335----pid-3323
---ebpf-pid----2094----pid-1
---ebpf-pid----2094----pid-2094
---ebpf-pid----372714----pid-5476
---ebpf-pid----406335----pid-1
---ebpf-pid----2094----pid-1
---ebpf-pid----372714----pid-1
---ebpf-pid----372714----pid-372714
---ebpf-pid----372714----pid-5476
---ebpf-pid----2094----pid-2094
---ebpf-pid----2094----pid-1
---ebpf-pid----2094----pid-2094
---ebpf-pid----2094----pid-1
---ebpf-pid----2094----pid-2094
---ebpf-pid----2094----pid-1
---ebpf-pid----2094----pid-2094
---ebpf-pid----2094----pid-1
---ebpf-pid----2089----pid-2089
---ebpf-pid----2089----pid-1
---ebpf-pid----2089----pid-2089
---ebpf-pid----2089----pid-1
---ebpf-pid----2089----pid-2089
---ebpf-pid----372714----pid-1
---ebpf-pid----2089----pid-1
---ebpf-pid----372714----pid-372714
---ebpf-pid----2089----pid-2089
---ebpf-pid----372714----pid-5476
---ebpf-pid----2089----pid-1
---ebpf-pid----2089----pid-2089
---ebpf-pid----372714----pid-1
---ebpf-pid----372714----pid-372714
---ebpf-pid----2089----pid-1
---ebpf-pid----372714----pid-5476
---ebpf-pid----2089----pid-2089
---ebpf-pid----2089----pid-1
---ebpf-pid----372714----pid-1
---ebpf-pid----2089----pid-2089
---ebpf-pid----372714----pid-372714
---ebpf-pid----372714----pid-5476
---ebpf-pid----2089----pid-1
---ebpf-pid----2089----pid-2089
---ebpf-pid----372714----pid-1
---ebpf-pid----372714----pid-372714
---ebpf-pid----2089----pid-1
---ebpf-pid----2089----pid-2089
---ebpf-pid----372714----pid-5476
---ebpf-pid----2089----pid-1
---ebpf-pid----372714----pid-1
---ebpf-pid----2089----pid-2089
---ebpf-pid----372714----pid-372714
---ebpf-pid----2089----pid-1
---ebpf-pid----372714----pid-5476
---ebpf-pid----2089----pid-2089
---ebpf-pid----372714----pid-1
---ebpf-pid----2089----pid-1
---ebpf-pid----372714----pid-372714
---ebpf-pid----2089----pid-2089
---ebpf-pid----372714----pid-5476
---ebpf-pid----2089----pid-1
---ebpf-pid----2089----pid-2089
---ebpf-pid----372714----pid-1
---ebpf-pid----2089----pid-1
---ebpf-pid----372714----pid-372714
---ebpf-pid----2089----pid-2089
---ebpf-pid----372714----pid-5476
---ebpf-pid----2089----pid-1
---ebpf-pid----2089----pid-2089
---ebpf-pid----372714----pid-1
---ebpf-pid----372714----pid-372714
---ebpf-pid----2089----pid-1
---ebpf-pid----2089----pid-2089
---ebpf-pid----372714----pid-5476
---ebpf-pid----2089----pid-1
---ebpf-pid----372714----pid-1
---ebpf-pid----372714----pid-372714
---ebpf-pid----406335----pid-406335
---ebpf-pid----372714----pid-5476
---ebpf-pid----406335----pid-3323
---ebpf-pid----372714----pid-1
---ebpf-pid----372714----pid-372714
---ebpf-pid----406335----pid-1
---ebpf-pid----372714----pid-5476
---ebpf-pid----406335----pid-406335
---ebpf-pid----372714----pid-1
---ebpf-pid----406335----pid-3323
---ebpf-pid----372714----pid-372714
---ebpf-pid----406335----pid-1
---ebpf-pid----406335----pid-406335
---ebpf-pid----372714----pid-5476
---ebpf-pid----406335----pid-3323
---ebpf-pid----372714----pid-1
---ebpf-pid----2012----pid-2012
---ebpf-pid----406335----pid-1
---ebpf-pid----406335----pid-406335
---ebpf-pid----2012----pid-1
---ebpf-pid----2012----pid-2012
---ebpf-pid----406335----pid-3323
---ebpf-pid----2012----pid-1
---ebpf-pid----406335----pid-1
---ebpf-pid----406335----pid-406335
---ebpf-pid----406335----pid-3323
---ebpf-pid----406335----pid-1
---ebpf-pid----406335----pid-406335
---ebpf-pid----406335----pid-3323
---ebpf-pid----406335----pid-1
---ebpf-pid----406335----pid-406335
---ebpf-pid----406335----pid-3323
---ebpf-pid----406335----pid-1
---ebpf-pid----406335----pid-406335
---ebpf-pid----406335----pid-3323
---ebpf-pid----406335----pid-1
---ebpf-pid----406335----pid-406335
---ebpf-pid----372881----pid-1
---ebpf-pid----372881----pid-372881
---ebpf-pid----372881----pid-1
---ebpf-pid----372881----pid-372881
---ebpf-pid----372881----pid-1
---ebpf-pid----372881----pid-372881
---ebpf-pid----2012----pid-2012
---ebpf-pid----2012----pid-1
---ebpf-pid----2012----pid-2012
---ebpf-pid----2012----pid-1
---ebpf-pid----2012----pid-2012
---ebpf-pid----372881----pid-1
---ebpf-pid----372881----pid-372881
---ebpf-pid----2012----pid-1
---ebpf-pid----2012----pid-2012
---ebpf-pid----372881----pid-1
---ebpf-pid----2012----pid-1
---ebpf-pid----372881----pid-372881
---ebpf-pid----2012----pid-2012
---ebpf-pid----372881----pid-1
---ebpf-pid----2012----pid-1
---ebpf-pid----372881----pid-372881
---ebpf-pid----2012----pid-2012
---ebpf-pid----372881----pid-1
---ebpf-pid----2012----pid-1
---ebpf-pid----372881----pid-372881
---ebpf-pid----2012----pid-2012
---ebpf-pid----372881----pid-1
---ebpf-pid----2012----pid-1
---ebpf-pid----372881----pid-372881
---ebpf-pid----2012----pid-2012
---ebpf-pid----372881----pid-1
---ebpf-pid----372881----pid-372881
---ebpf-pid----2012----pid-1
---ebpf-pid----2012----pid-2012
---ebpf-pid----372881----pid-1
---ebpf-pid----372881----pid-372881
---ebpf-pid----2012----pid-1
---ebpf-pid----2012----pid-2012
---ebpf-pid----372881----pid-1
---ebpf-pid----372881----pid-372881
---ebpf-pid----2012----pid-1
---ebpf-pid----2012----pid-2012
---ebpf-pid----372881----pid-1
---ebpf-pid----372881----pid-372881
---ebpf-pid----2012----pid-1
---ebpf-pid----2012----pid-2012
---ebpf-pid----372881----pid-1
---ebpf-pid----372881----pid-372881
---ebpf-pid----2012----pid-1
---ebpf-pid----2012----pid-2012
---ebpf-pid----372881----pid-1
---ebpf-pid----372881----pid-372881
---ebpf-pid----2012----pid-1
---ebpf-pid----2012----pid-2012
---ebpf-pid----372881----pid-1
---ebpf-pid----2089----pid-2089
---ebpf-pid----2012----pid-1
---ebpf-pid----372881----pid-372881
---ebpf-pid----2012----pid-2012
---ebpf-pid----2089----pid-1
---ebpf-pid----372881----pid-1
---ebpf-pid----2089----pid-2089
---ebpf-pid----372881----pid-372881
---ebpf-pid----2012----pid-1
---ebpf-pid----2012----pid-2012
---ebpf-pid----2089----pid-1
---ebpf-pid----372881----pid-1
---ebpf-pid----2089----pid-2089
---ebpf-pid----2012----pid-1
---ebpf-pid----372881----pid-372881
---ebpf-pid----2012----pid-2012
---ebpf-pid----2089----pid-1
---ebpf-pid----372881----pid-1
---ebpf-pid----2089----pid-2089
---ebpf-pid----2012----pid-1
---ebpf-pid----372881----pid-372881
---ebpf-pid----373029----pid-373029
---ebpf-pid----2089----pid-1
---ebpf-pid----2089----pid-2089
---ebpf-pid----372881----pid-1
---ebpf-pid----373029----pid-5476
---ebpf-pid----2089----pid-1
---ebpf-pid----2089----pid-2089
---ebpf-pid----2089----pid-1
---ebpf-pid----2089----pid-2089
---ebpf-pid----2089----pid-1
---ebpf-pid----2089----pid-2089
---ebpf-pid----2089----pid-1
---ebpf-pid----2089----pid-2089
---ebpf-pid----2089----pid-1
---ebpf-pid----2089----pid-2089
---ebpf-pid----2089----pid-1
---ebpf-pid----2089----pid-2089
---ebpf-pid----406335----pid-3323
---ebpf-pid----406335----pid-1
---ebpf-pid----406335----pid-406335
---ebpf-pid----406335----pid-3323
---ebpf-pid----406335----pid-1
---ebpf-pid----406335----pid-406335
---ebpf-pid----406335----pid-3323
---ebpf-pid----406335----pid-1
---ebpf-pid----406335----pid-406335
---ebpf-pid----406335----pid-3323
---ebpf-pid----406335----pid-1
---ebpf-pid----406335----pid-406335
---ebpf-pid----372881----pid-372881
---ebpf-pid----372881----pid-1
---ebpf-pid----372881----pid-372881
---ebpf-pid----372881----pid-1
---ebpf-pid----372881----pid-372881
---ebpf-pid----406335----pid-3323
---ebpf-pid----372881----pid-1
---ebpf-pid----372881----pid-372881
---ebpf-pid----406335----pid-1
---ebpf-pid----373029----pid-1
---ebpf-pid----406335----pid-406335
---ebpf-pid----373029----pid-373029
---ebpf-pid----406335----pid-3323
---ebpf-pid----373029----pid-5476
---ebpf-pid----406335----pid-1
---ebpf-pid----373029----pid-1
---ebpf-pid----406335----pid-406335
---ebpf-pid----5707----pid-5707
---ebpf-pid----406335----pid-3323
---ebpf-pid----5707----pid-5476
---ebpf-pid----406335----pid-1
---ebpf-pid----5707----pid-1
---ebpf-pid----406335----pid-406335
---ebpf-pid----5707----pid-5707
---ebpf-pid----406335----pid-3323
---ebpf-pid----5707----pid-5476
---ebpf-pid----406335----pid-1
---ebpf-pid----5707----pid-1
---ebpf-pid----406335----pid-406335
---ebpf-pid----5108----pid-5108
---ebpf-pid----406335----pid-3323
---ebpf-pid----5108----pid-3323
---ebpf-pid----406335----pid-1
---ebpf-pid----5108----pid-1
---ebpf-pid----406335----pid-406335
---ebpf-pid----14----pid-14
---ebpf-pid----406335----pid-3323
---ebpf-pid----14----pid-2
---ebpf-pid----379067----pid-379067
---ebpf-pid----406335----pid-1
---ebpf-pid----406335----pid-406335
---ebpf-pid----379067----pid-5476
---ebpf-pid----406335----pid-3323
---ebpf-pid----379067----pid-1
---ebpf-pid----379067----pid-379067
---ebpf-pid----406335----pid-1
---ebpf-pid----406335----pid-406335
---ebpf-pid----379067----pid-5476
---ebpf-pid----406335----pid-3323
---ebpf-pid----379067----pid-1
---ebpf-pid----5108----pid-5108
---ebpf-pid----406335----pid-1
---ebpf-pid----406335----pid-406335
---ebpf-pid----5108----pid-3323
---ebpf-pid----406335----pid-3323
---ebpf-pid----5108----pid-1
---ebpf-pid----2089----pid-2089
---ebpf-pid----406335----pid-1
---ebpf-pid----406335----pid-406335
---ebpf-pid----2089----pid-1
---ebpf-pid----2089----pid-2089
---ebpf-pid----406335----pid-3323
---ebpf-pid----2089----pid-1
---ebpf-pid----2089----pid-2089
---ebpf-pid----406335----pid-1
---ebpf-pid----406335----pid-406335
---ebpf-pid----2089----pid-1
---ebpf-pid----2089----pid-2089
---ebpf-pid----406335----pid-3323
---ebpf-pid----2089----pid-1
---ebpf-pid----406335----pid-1
---ebpf-pid----2089----pid-2089
---ebpf-pid----406335----pid-406335
---ebpf-pid----372881----pid-1
---ebpf-pid----372881----pid-372881
---ebpf-pid----372881----pid-1
---ebpf-pid----372881----pid-372881
---ebpf-pid----372881----pid-1
---ebpf-pid----372881----pid-372881
---ebpf-pid----372881----pid-1
---ebpf-pid----372881----pid-372881
---ebpf-pid----372881----pid-1
---ebpf-pid----372881----pid-372881
---ebpf-pid----372881----pid-1
---ebpf-pid----372881----pid-372881
---ebpf-pid----372881----pid-1
---ebpf-pid----372881----pid-372881
---ebpf-pid----372881----pid-1
---ebpf-pid----372881----pid-372881
---ebpf-pid----2089----pid-1
---ebpf-pid----2089----pid-2089
---ebpf-pid----2089----pid-1
---ebpf-pid----2089----pid-2089
---ebpf-pid----2089----pid-1
---ebpf-pid----2089----pid-2089
---ebpf-pid----2089----pid-1
---ebpf-pid----2089----pid-2089
---ebpf-pid----2089----pid-1
---ebpf-pid----2089----pid-2089
---ebpf-pid----2089----pid-1
---ebpf-pid----2089----pid-2089
---ebpf-pid----2089----pid-1
---ebpf-pid----2089----pid-2089
---ebpf-pid----2089----pid-1
---ebpf-pid----2089----pid-2089
---ebpf-pid----372881----pid-1
---ebpf-pid----372881----pid-372881
---ebpf-pid----2089----pid-1
---ebpf-pid----2089----pid-2089
---ebpf-pid----2089----pid-1
---ebpf-pid----2089----pid-2089
---ebpf-pid----2089----pid-1
---ebpf-pid----2089----pid-2089
---ebpf-pid----2089----pid-1
---ebpf-pid----2089----pid-2089
---ebpf-pid----2089----pid-1
---ebpf-pid----2089----pid-2089
---ebpf-pid----2089----pid-1
---ebpf-pid----2089----pid-2089
---ebpf-pid----2089----pid-1
---ebpf-pid----448785----pid-448785
---ebpf-pid----448785----pid-448520
---ebpf-pid----448785----pid-1
---ebpf-pid----2012----pid-2012
---ebpf-pid----2012----pid-1
---ebpf-pid----2012----pid-2012
---ebpf-pid----2012----pid-1
---ebpf-pid----2012----pid-2012
---ebpf-pid----2012----pid-1
---ebpf-pid----2012----pid-2012
---ebpf-pid----2012----pid-1
---ebpf-pid----2012----pid-2012
---ebpf-pid----2012----pid-1
---ebpf-pid----2012----pid-2012
---ebpf-pid----2012----pid-1
---ebpf-pid----2012----pid-2012
---ebpf-pid----2012----pid-1
---ebpf-pid----2012----pid-2012
---ebpf-pid----2012----pid-1
---ebpf-pid----2012----pid-2012
---ebpf-pid----2012----pid-1
---ebpf-pid----2012----pid-2012
---ebpf-pid----2012----pid-1
---ebpf-pid----2012----pid-2012
---ebpf-pid----2012----pid-1
---ebpf-pid----2012----pid-2012
---ebpf-pid----2012----pid-1
---ebpf-pid----2012----pid-2012
---ebpf-pid----2012----pid-1
---ebpf-pid----2012----pid-2012
---ebpf-pid----372881----pid-1
---ebpf-pid----372881----pid-372881
---ebpf-pid----372881----pid-1
---ebpf-pid----372881----pid-372881
---ebpf-pid----372881----pid-1
---ebpf-pid----372881----pid-372881
---ebpf-pid----372881----pid-1
---ebpf-pid----372881----pid-372881
---ebpf-pid----372881----pid-1
---ebpf-pid----372881----pid-372881
---ebpf-pid----372881----pid-1
---ebpf-pid----372881----pid-372881
---ebpf-pid----372881----pid-1
---ebpf-pid----372881----pid-372881
---ebpf-pid----372881----pid-1
---ebpf-pid----372881----pid-372881
---ebpf-pid----372881----pid-1
---ebpf-pid----372881----pid-372881
---ebpf-pid----2012----pid-1
---ebpf-pid----2012----pid-2012
---ebpf-pid----372881----pid-1
---ebpf-pid----406335----pid-3323
---ebpf-pid----406335----pid-1
---ebpf-pid----406335----pid-406335
---ebpf-pid----2012----pid-1
---ebpf-pid----406335----pid-3323
---ebpf-pid----2012----pid-2012
---ebpf-pid----406335----pid-1
---ebpf-pid----2012----pid-1
---ebpf-pid----406335----pid-406335
---ebpf-pid----2012----pid-2012
---ebpf-pid----406335----pid-3323
---ebpf-pid----2012----pid-1
---ebpf-pid----406335----pid-1
---ebpf-pid----2012----pid-2012
---ebpf-pid----406335----pid-406335
---ebpf-pid----2012----pid-1
---ebpf-pid----373029----pid-373029
---ebpf-pid----373029----pid-5476
---ebpf-pid----372881----pid-372881
---ebpf-pid----373029----pid-1
---ebpf-pid----372881----pid-1
---ebpf-pid----372881----pid-372881
---ebpf-pid----372881----pid-1
---ebpf-pid----406335----pid-3323
---ebpf-pid----372881----pid-372881
---ebpf-pid----406335----pid-1
---ebpf-pid----372881----pid-1
---ebpf-pid----406335----pid-406335
---ebpf-pid----372881----pid-372881
---ebpf-pid----372881----pid-1
---ebpf-pid----406335----pid-3323
---ebpf-pid----372881----pid-372881
---ebpf-pid----406335----pid-1
---ebpf-pid----372881----pid-1
---ebpf-pid----406335----pid-406335
---ebpf-pid----372881----pid-372881
---ebpf-pid----406335----pid-3323
---ebpf-pid----372881----pid-1
---ebpf-pid----372881----pid-372881
---ebpf-pid----406335----pid-1
---ebpf-pid----372881----pid-1
---ebpf-pid----406335----pid-406335
---ebpf-pid----372881----pid-372881
---ebpf-pid----406335----pid-3323
---ebpf-pid----372881----pid-1
---ebpf-pid----372881----pid-372881
---ebpf-pid----406335----pid-1
---ebpf-pid----406335----pid-406335
---ebpf-pid----372881----pid-1
---ebpf-pid----372881----pid-372881
---ebpf-pid----406335----pid-3323
---ebpf-pid----372881----pid-1
---ebpf-pid----406335----pid-1
---ebpf-pid----372881----pid-372881
---ebpf-pid----406335----pid-406335
---ebpf-pid----372881----pid-1
---ebpf-pid----406335----pid-3323
---ebpf-pid----372881----pid-372881
---ebpf-pid----406335----pid-1
---ebpf-pid----372881----pid-1
---ebpf-pid----406335----pid-406335
---ebpf-pid----372881----pid-372881
---ebpf-pid----406335----pid-3323
---ebpf-pid----372881----pid-1
---ebpf-pid----372881----pid-372881
---ebpf-pid----406335----pid-1
---ebpf-pid----406335----pid-406335
---ebpf-pid----372881----pid-1
---ebpf-pid----372881----pid-372881
---ebpf-pid----406335----pid-3323
---ebpf-pid----372881----pid-1
---ebpf-pid----406335----pid-1
---ebpf-pid----372881----pid-372881
---ebpf-pid----406335----pid-406335
---ebpf-pid----372881----pid-1
---ebpf-pid----406335----pid-3323
---ebpf-pid----372881----pid-372881
---ebpf-pid----406335----pid-1
---ebpf-pid----372881----pid-1
---ebpf-pid----406335----pid-406335
---ebpf-pid----372881----pid-372881
---ebpf-pid----373029----pid-373029
---ebpf-pid----373029----pid-5476
---ebpf-pid----406335----pid-3323
---ebpf-pid----373029----pid-1
---ebpf-pid----2088----pid-2088
---ebpf-pid----2088----pid-1
---ebpf-pid----2088----pid-2088
---ebpf-pid----2088----pid-1
---ebpf-pid----2088----pid-2088
---ebpf-pid----2088----pid-1
---ebpf-pid----2088----pid-2088
---ebpf-pid----2088----pid-1
---ebpf-pid----2088----pid-2088
---ebpf-pid----2088----pid-1
---ebpf-pid----2088----pid-2088
---ebpf-pid----2088----pid-1
---ebpf-pid----2088----pid-2088
---ebpf-pid----2088----pid-1
---ebpf-pid----379067----pid-379067
---ebpf-pid----379067----pid-5476
---ebpf-pid----372881----pid-1
---ebpf-pid----379067----pid-1
---ebpf-pid----372881----pid-372881
---ebpf-pid----379067----pid-379067
---ebpf-pid----372881----pid-1
---ebpf-pid----379067----pid-5476
---ebpf-pid----372881----pid-372881
---ebpf-pid----379067----pid-1
---ebpf-pid----372881----pid-1
---ebpf-pid----379067----pid-379067
---ebpf-pid----372881----pid-372881
---ebpf-pid----379067----pid-5476
---ebpf-pid----372881----pid-1
---ebpf-pid----2089----pid-2089
---ebpf-pid----379067----pid-1
---ebpf-pid----379067----pid-379067
---ebpf-pid----2089----pid-1
---ebpf-pid----2089----pid-2089
---ebpf-pid----379067----pid-5476
---ebpf-pid----2089----pid-1
---ebpf-pid----379067----pid-1
---ebpf-pid----2089----pid-2089
---ebpf-pid----379067----pid-379067
---ebpf-pid----379067----pid-5476
---ebpf-pid----2089----pid-1
---ebpf-pid----2089----pid-2089
---ebpf-pid----379067----pid-1
---ebpf-pid----379067----pid-379067
---ebpf-pid----2089----pid-1
---ebpf-pid----2089----pid-2089
---ebpf-pid----379067----pid-5476
---ebpf-pid----2089----pid-1
---ebpf-pid----2089----pid-2089
---ebpf-pid----379067----pid-1
---ebpf-pid----379067----pid-379067
---ebpf-pid----2089----pid-1
---ebpf-pid----2089----pid-2089
---ebpf-pid----379067----pid-5476
---ebpf-pid----2089----pid-1
---ebpf-pid----379067----pid-1
---ebpf-pid----2089----pid-2089
---ebpf-pid----379067----pid-379067
---ebpf-pid----2089----pid-1
---ebpf-pid----379067----pid-5476
---ebpf-pid----2089----pid-2089
---ebpf-pid----379067----pid-1
---ebpf-pid----2089----pid-1
---ebpf-pid----379067----pid-379067
---ebpf-pid----2089----pid-2089
---ebpf-pid----2089----pid-1
---ebpf-pid----2088----pid-2088
---ebpf-pid----2088----pid-1
---ebpf-pid----2088----pid-2088
---ebpf-pid----2088----pid-1
---ebpf-pid----2088----pid-2088
---ebpf-pid----406335----pid-1
---ebpf-pid----406335----pid-406335
---ebpf-pid----406335----pid-3323
---ebpf-pid----406335----pid-1
---ebpf-pid----2088----pid-1
---ebpf-pid----2088----pid-2088
---ebpf-pid----2088----pid-1
---ebpf-pid----2088----pid-2088
---ebpf-pid----379067----pid-5476
---ebpf-pid----2088----pid-1
---ebpf-pid----406335----pid-406335
---ebpf-pid----2088----pid-2088
---ebpf-pid----406335----pid-3323
---ebpf-pid----2088----pid-1
---ebpf-pid----2088----pid-2088
---ebpf-pid----406335----pid-1
---ebpf-pid----406335----pid-406335
---ebpf-pid----2088----pid-1
---ebpf-pid----2088----pid-2088
---ebpf-pid----406335----pid-3323
---ebpf-pid----2088----pid-1
---ebpf-pid----2088----pid-2088
---ebpf-pid----406335----pid-1
---ebpf-pid----406335----pid-406335
---ebpf-pid----2088----pid-1
---ebpf-pid----2088----pid-2088
---ebpf-pid----406335----pid-3323
---ebpf-pid----2088----pid-1
---ebpf-pid----406335----pid-1
---ebpf-pid----2088----pid-2088
---ebpf-pid----406335----pid-406335
---ebpf-pid----2088----pid-1
---ebpf-pid----406335----pid-3323
---ebpf-pid----2088----pid-2088
---ebpf-pid----406335----pid-1
---ebpf-pid----2088----pid-1
---ebpf-pid----406335----pid-406335
---ebpf-pid----372881----pid-372881
---ebpf-pid----406335----pid-3323
---ebpf-pid----372881----pid-1
---ebpf-pid----372881----pid-372881
---ebpf-pid----406335----pid-1
---ebpf-pid----406335----pid-406335
---ebpf-pid----372881----pid-1
---ebpf-pid----372881----pid-372881
---ebpf-pid----406335----pid-3323
---ebpf-pid----372881----pid-1
---ebpf-pid----372881----pid-372881
---ebpf-pid----372881----pid-1
---ebpf-pid----379067----pid-1
---ebpf-pid----372881----pid-372881
---ebpf-pid----2012----pid-2012
---ebpf-pid----372881----pid-1
---ebpf-pid----2012----pid-1
---ebpf-pid----2088----pid-2088
---ebpf-pid----2012----pid-2012
---ebpf-pid----2088----pid-1
---ebpf-pid----2012----pid-1
---ebpf-pid----2088----pid-2088
---ebpf-pid----2012----pid-2012
---ebpf-pid----2088----pid-1
---ebpf-pid----2012----pid-1
---ebpf-pid----2012----pid-2012
---ebpf-pid----2088----pid-2088
---ebpf-pid----2012----pid-1
---ebpf-pid----2088----pid-1
---ebpf-pid----2012----pid-2012
---ebpf-pid----2088----pid-2088
---ebpf-pid----2088----pid-1
---ebpf-pid----2012----pid-1
---ebpf-pid----2088----pid-2088
---ebpf-pid----2012----pid-2012
---ebpf-pid----2012----pid-1
---ebpf-pid----2088----pid-1
---ebpf-pid----2012----pid-2012
---ebpf-pid----2088----pid-2088
---ebpf-pid----2012----pid-1
---ebpf-pid----2012----pid-2012
---ebpf-pid----2012----pid-1
---ebpf-pid----406335----pid-1
---ebpf-pid----5109----pid-5109
---ebpf-pid----5109----pid-3323
---ebpf-pid----2088----pid-1
---ebpf-pid----2012----pid-2012
---ebpf-pid----2012----pid-1
---ebpf-pid----372714----pid-372714
---ebpf-pid----372714----pid-5476
---ebpf-pid----372714----pid-1
---ebpf-pid----5109----pid-1
---ebpf-pid----372714----pid-372714
---ebpf-pid----372714----pid-5476
---ebpf-pid----372714----pid-1
---ebpf-pid----372714----pid-372714
---ebpf-pid----372714----pid-5476
---ebpf-pid----372714----pid-1
---ebpf-pid----372714----pid-372714
---ebpf-pid----372714----pid-5476
---ebpf-pid----372714----pid-1
---ebpf-pid----2088----pid-2088
---ebpf-pid----5109----pid-5109
---ebpf-pid----5109----pid-3323
---ebpf-pid----5109----pid-1
---ebpf-pid----5109----pid-5109
---ebpf-pid----2088----pid-1
---ebpf-pid----2088----pid-2088
---ebpf-pid----2088----pid-1
---ebpf-pid----5109----pid-3323
---ebpf-pid----5109----pid-1
---ebpf-pid----5109----pid-5109
---ebpf-pid----5109----pid-3323
---ebpf-pid----5109----pid-1
---ebpf-pid----5109----pid-5109
---ebpf-pid----5109----pid-3323
---ebpf-pid----5109----pid-1
---ebpf-pid----5109----pid-5109
---ebpf-pid----5109----pid-3323
---ebpf-pid----5109----pid-1
---ebpf-pid----5109----pid-5109
---ebpf-pid----5109----pid-3323
---ebpf-pid----5109----pid-1
---ebpf-pid----5109----pid-5109
---ebpf-pid----372714----pid-372714
---ebpf-pid----5109----pid-3323
---ebpf-pid----5109----pid-1
---ebpf-pid----5109----pid-5109
---ebpf-pid----5109----pid-3323
---ebpf-pid----5109----pid-1
---ebpf-pid----5109----pid-5109
---ebpf-pid----372714----pid-5476
---ebpf-pid----372714----pid-1
---ebpf-pid----372714----pid-372714
---ebpf-pid----5109----pid-3323
---ebpf-pid----372714----pid-5476
---ebpf-pid----5109----pid-1
---ebpf-pid----2088----pid-2088
---ebpf-pid----5109----pid-5109
---ebpf-pid----2088----pid-1
---ebpf-pid----5109----pid-3323
---ebpf-pid----2088----pid-2088
---ebpf-pid----5109----pid-1
---ebpf-pid----2088----pid-1
---ebpf-pid----406335----pid-406335
---ebpf-pid----2088----pid-2088
---ebpf-pid----406335----pid-3323
---ebpf-pid----2088----pid-1
---ebpf-pid----2088----pid-2088
---ebpf-pid----406335----pid-1
---ebpf-pid----406335----pid-406335
---ebpf-pid----2088----pid-1
---ebpf-pid----2088----pid-2088
---ebpf-pid----406335----pid-3323
---ebpf-pid----2088----pid-1
---ebpf-pid----2088----pid-2088
---ebpf-pid----406335----pid-1
---ebpf-pid----5108----pid-5108
---ebpf-pid----2088----pid-1
---ebpf-pid----2088----pid-2088
---ebpf-pid----5108----pid-3323
---ebpf-pid----2088----pid-1
---ebpf-pid----5108----pid-1
---ebpf-pid----2088----pid-2088
---ebpf-pid----5119----pid-5119
---ebpf-pid----2088----pid-1
---ebpf-pid----5119----pid-3323
---ebpf-pid----2088----pid-2088
---ebpf-pid----5119----pid-1
---ebpf-pid----2088----pid-1
---ebpf-pid----5119----pid-5119
---ebpf-pid----2088----pid-2088
---ebpf-pid----5119----pid-3323
---ebpf-pid----2088----pid-1
---ebpf-pid----2088----pid-2088
---ebpf-pid----5119----pid-1
---ebpf-pid----372714----pid-1
---ebpf-pid----5119----pid-5119
---ebpf-pid----5119----pid-3323
---ebpf-pid----372714----pid-372714
---ebpf-pid----5119----pid-1
---ebpf-pid----5119----pid-5119
---ebpf-pid----372714----pid-5476
---ebpf-pid----5119----pid-3323
---ebpf-pid----5119----pid-1
---ebpf-pid----5119----pid-5119
---ebpf-pid----372714----pid-1
---ebpf-pid----5119----pid-3323
---ebpf-pid----372714----pid-372714
---ebpf-pid----5119----pid-1
---ebpf-pid----5119----pid-5119
---ebpf-pid----5119----pid-3323
---ebpf-pid----5119----pid-1
---ebpf-pid----5119----pid-5119
---ebpf-pid----5119----pid-3323
---ebpf-pid----5119----pid-1
---ebpf-pid----5119----pid-5119
---ebpf-pid----5119----pid-3323
---ebpf-pid----372714----pid-5476
---ebpf-pid----5119----pid-1
---ebpf-pid----5119----pid-5119
---ebpf-pid----372714----pid-1
---ebpf-pid----5119----pid-3323
---ebpf-pid----5119----pid-1
---ebpf-pid----5119----pid-5119
---ebpf-pid----5119----pid-3323
---ebpf-pid----5119----pid-1
---ebpf-pid----5119----pid-5119
---ebpf-pid----5119----pid-3323
---ebpf-pid----5119----pid-1
---ebpf-pid----5119----pid-5119
---ebpf-pid----372714----pid-372714
---ebpf-pid----372714----pid-5476
---ebpf-pid----372714----pid-1
---ebpf-pid----372714----pid-372714
---ebpf-pid----372714----pid-5476
---ebpf-pid----2088----pid-1
---ebpf-pid----379067----pid-379067
---ebpf-pid----379067----pid-5476
---ebpf-pid----5119----pid-3323
---ebpf-pid----379067----pid-1
---ebpf-pid----379067----pid-379067
---ebpf-pid----5119----pid-1
---ebpf-pid----5119----pid-5119
---ebpf-pid----379067----pid-5476
---ebpf-pid----5119----pid-3323
---ebpf-pid----379067----pid-1
---ebpf-pid----379067----pid-379067
---ebpf-pid----5119----pid-1
---ebpf-pid----5119----pid-5119
---ebpf-pid----379067----pid-5476
---ebpf-pid----5119----pid-3323
---ebpf-pid----379067----pid-1
---ebpf-pid----379067----pid-379067
---ebpf-pid----5119----pid-1
---ebpf-pid----5119----pid-5119
---ebpf-pid----379067----pid-5476
---ebpf-pid----5119----pid-3323
---ebpf-pid----379067----pid-1
---ebpf-pid----379067----pid-379067
---ebpf-pid----5119----pid-1
---ebpf-pid----5119----pid-5119
---ebpf-pid----379067----pid-5476
---ebpf-pid----372714----pid-1
---ebpf-pid----372714----pid-372714
---ebpf-pid----2089----pid-1
---ebpf-pid----2089----pid-2089
---ebpf-pid----372714----pid-5476
---ebpf-pid----372714----pid-1
---ebpf-pid----372714----pid-372714
---ebpf-pid----372714----pid-5476
---ebpf-pid----372714----pid-1
---ebpf-pid----372714----pid-372714
---ebpf-pid----372714----pid-5476
---ebpf-pid----372714----pid-1
---ebpf-pid----372714----pid-372714
---ebpf-pid----372714----pid-5476
---ebpf-pid----372714----pid-1
---ebpf-pid----372714----pid-372714
---ebpf-pid----5119----pid-3323
---ebpf-pid----379067----pid-1
---ebpf-pid----379067----pid-379067
---ebpf-pid----372714----pid-5476
---ebpf-pid----2089----pid-1
---ebpf-pid----2089----pid-2089
---ebpf-pid----372714----pid-1
---ebpf-pid----372714----pid-372714
---ebpf-pid----372714----pid-5476
---ebpf-pid----372714----pid-1
---ebpf-pid----372714----pid-372714
---ebpf-pid----372714----pid-5476
---ebpf-pid----372714----pid-1
---ebpf-pid----372714----pid-372714
---ebpf-pid----2089----pid-1
---ebpf-pid----2089----pid-2089
---ebpf-pid----2089----pid-1
---ebpf-pid----2089----pid-2089
---ebpf-pid----2089----pid-1
---ebpf-pid----2089----pid-2089
---ebpf-pid----2089----pid-1
---ebpf-pid----2089----pid-2089
---ebpf-pid----2089----pid-1
---ebpf-pid----2089----pid-2089
---ebpf-pid----2089----pid-1
---ebpf-pid----2089----pid-2089
---ebpf-pid----2089----pid-1
---ebpf-pid----2089----pid-2089
---ebpf-pid----2089----pid-1
---ebpf-pid----2089----pid-2089
---ebpf-pid----2089----pid-1
---ebpf-pid----2089----pid-2089
---ebpf-pid----2089----pid-1
---ebpf-pid----2089----pid-2089
---ebpf-pid----2089----pid-1
---ebpf-pid----2089----pid-2089
---ebpf-pid----2089----pid-1
---ebpf-pid----2089----pid-2089
---ebpf-pid----2089----pid-1
---ebpf-pid----2089----pid-2089
---ebpf-pid----2089----pid-1
---ebpf-pid----2089----pid-2089
---ebpf-pid----2089----pid-1
---ebpf-pid----2089----pid-2089
---ebpf-pid----2089----pid-1
---ebpf-pid----2089----pid-2089
---ebpf-pid----2089----pid-1
---ebpf-pid----2089----pid-2089
---ebpf-pid----2089----pid-1
---ebpf-pid----2089----pid-2089
---ebpf-pid----2089----pid-1
---ebpf-pid----2089----pid-2089
---ebpf-pid----2089----pid-1
---ebpf-pid----2089----pid-2089
---ebpf-pid----2089----pid-1
---ebpf-pid----2089----pid-2089
---ebpf-pid----2089----pid-1
---ebpf-pid----2089----pid-2089
---ebpf-pid----2089----pid-1
---ebpf-pid----2089----pid-2089
---ebpf-pid----2089----pid-1
---ebpf-pid----2089----pid-2089
---ebpf-pid----2089----pid-1
---ebpf-pid----2089----pid-2089
---ebpf-pid----2089----pid-1
---ebpf-pid----2089----pid-2089
---ebpf-pid----2089----pid-1
---ebpf-pid----2089----pid-2089
---ebpf-pid----2089----pid-1
---ebpf-pid----2089----pid-2089
---ebpf-pid----2089----pid-1
---ebpf-pid----2089----pid-2089
---ebpf-pid----2089----pid-1
---ebpf-pid----2089----pid-2089
---ebpf-pid----2089----pid-1
---ebpf-pid----2089----pid-2089
---ebpf-pid----2089----pid-1
---ebpf-pid----2089----pid-2089
---ebpf-pid----2089----pid-1
---ebpf-pid----2089----pid-2089
---ebpf-pid----2089----pid-1
---ebpf-pid----2089----pid-2089
---ebpf-pid----2089----pid-1
---ebpf-pid----2089----pid-2089
---ebpf-pid----5119----pid-1
---ebpf-pid----5119----pid-5119
---ebpf-pid----5119----pid-3323
---ebpf-pid----5119----pid-1
---ebpf-pid----5119----pid-5119
---ebpf-pid----5119----pid-3323
---ebpf-pid----379067----pid-5476
---ebpf-pid----379067----pid-1
---ebpf-pid----379067----pid-379067
---ebpf-pid----379067----pid-5476
---ebpf-pid----379067----pid-1
---ebpf-pid----2094----pid-2094
---ebpf-pid----2089----pid-1
---ebpf-pid----2089----pid-2089
---ebpf-pid----2094----pid-1
---ebpf-pid----2094----pid-2094
---ebpf-pid----2089----pid-1
---ebpf-pid----2089----pid-2089
---ebpf-pid----2094----pid-1
---ebpf-pid----379067----pid-379067
---ebpf-pid----2089----pid-1
---ebpf-pid----2089----pid-2089
---ebpf-pid----379067----pid-5476
---ebpf-pid----2089----pid-1
---ebpf-pid----2089----pid-2089
---ebpf-pid----379067----pid-1
---ebpf-pid----379067----pid-379067
---ebpf-pid----2089----pid-1
---ebpf-pid----2089----pid-2089
---ebpf-pid----379067----pid-5476
---ebpf-pid----2089----pid-1
---ebpf-pid----379067----pid-1
---ebpf-pid----2089----pid-2089
---ebpf-pid----379067----pid-379067
---ebpf-pid----2089----pid-1
---ebpf-pid----379067----pid-5476
---ebpf-pid----2089----pid-2089
---ebpf-pid----379067----pid-1
---ebpf-pid----379067----pid-379067
---ebpf-pid----2089----pid-1
---ebpf-pid----2089----pid-2089
---ebpf-pid----379067----pid-5476
---ebpf-pid----2089----pid-1
---ebpf-pid----2089----pid-2089
---ebpf-pid----379067----pid-1
---ebpf-pid----379067----pid-379067
---ebpf-pid----2089----pid-1
---ebpf-pid----2089----pid-2089
---ebpf-pid----379067----pid-5476
---ebpf-pid----2089----pid-1
---ebpf-pid----379067----pid-1
---ebpf-pid----2089----pid-2089
---ebpf-pid----379067----pid-379067
---ebpf-pid----2089----pid-1
---ebpf-pid----379067----pid-5476
---ebpf-pid----2089----pid-2089
---ebpf-pid----2089----pid-1
---ebpf-pid----379067----pid-1
---ebpf-pid----379067----pid-379067
---ebpf-pid----2089----pid-2089
---ebpf-pid----379067----pid-5476
---ebpf-pid----2089----pid-1
---ebpf-pid----2089----pid-2089
---ebpf-pid----379067----pid-1
---ebpf-pid----379067----pid-379067
---ebpf-pid----2089----pid-1
---ebpf-pid----2089----pid-2089
---ebpf-pid----379067----pid-5476
---ebpf-pid----2089----pid-1
---ebpf-pid----2089----pid-2089
---ebpf-pid----379067----pid-1
---ebpf-pid----379067----pid-379067
---ebpf-pid----2089----pid-1
---ebpf-pid----2089----pid-2089
---ebpf-pid----379067----pid-5476
---ebpf-pid----2089----pid-1
---ebpf-pid----2089----pid-2089
---ebpf-pid----2089----pid-1
---ebpf-pid----2089----pid-2089
---ebpf-pid----2089----pid-1
---ebpf-pid----2089----pid-2089
---ebpf-pid----2089----pid-1
---ebpf-pid----2089----pid-2089
---ebpf-pid----2089----pid-1
---ebpf-pid----5119----pid-1
---ebpf-pid----5119----pid-5119
---ebpf-pid----2089----pid-2089
---ebpf-pid----2089----pid-1
---ebpf-pid----2089----pid-2089
---ebpf-pid----2089----pid-1
---ebpf-pid----2089----pid-2089
---ebpf-pid----2089----pid-1
---ebpf-pid----2089----pid-2089
---ebpf-pid----2089----pid-1
---ebpf-pid----2089----pid-2089
---ebpf-pid----2089----pid-1
---ebpf-pid----2089----pid-2089
---ebpf-pid----2089----pid-1
---ebpf-pid----372714----pid-372714
---ebpf-pid----372714----pid-5476
---ebpf-pid----372714----pid-1
---ebpf-pid----372714----pid-372714
---ebpf-pid----5119----pid-3323
---ebpf-pid----5119----pid-1
---ebpf-pid----5119----pid-5119
---ebpf-pid----5119----pid-3323
---ebpf-pid----5119----pid-1
---ebpf-pid----5119----pid-5119
---ebpf-pid----5119----pid-3323
---ebpf-pid----5119----pid-1
---ebpf-pid----5119----pid-5119
---ebpf-pid----5119----pid-3323
---ebpf-pid----372714----pid-5476
---ebpf-pid----5119----pid-1
---ebpf-pid----372714----pid-1
---ebpf-pid----5119----pid-5119
---ebpf-pid----372714----pid-372714
---ebpf-pid----372714----pid-5476
---ebpf-pid----5119----pid-3323
---ebpf-pid----372714----pid-1
---ebpf-pid----372714----pid-372714
---ebpf-pid----5119----pid-1
---ebpf-pid----5119----pid-5119
---ebpf-pid----5119----pid-3323
---ebpf-pid----5119----pid-1
---ebpf-pid----5119----pid-5119
---ebpf-pid----5119----pid-3323
---ebpf-pid----5119----pid-1
---ebpf-pid----5119----pid-5119
---ebpf-pid----5119----pid-3323
---ebpf-pid----5119----pid-1
---ebpf-pid----5119----pid-5119
---ebpf-pid----5119----pid-3323
---ebpf-pid----5119----pid-1
---ebpf-pid----5119----pid-5119
---ebpf-pid----5119----pid-3323
---ebpf-pid----5119----pid-1
---ebpf-pid----5119----pid-5119
---ebpf-pid----5119----pid-3323
---ebpf-pid----5119----pid-1
---ebpf-pid----5119----pid-5119
---ebpf-pid----5119----pid-3323
---ebpf-pid----5119----pid-1
---ebpf-pid----5119----pid-5119
---ebpf-pid----5119----pid-3323
---ebpf-pid----5119----pid-1
---ebpf-pid----5119----pid-5119
---ebpf-pid----5119----pid-3323
---ebpf-pid----5119----pid-1
---ebpf-pid----5119----pid-5119
---ebpf-pid----5119----pid-3323
---ebpf-pid----5119----pid-1
---ebpf-pid----5119----pid-5119
---ebpf-pid----372714----pid-5476
---ebpf-pid----372714----pid-1
---ebpf-pid----5108----pid-5108
---ebpf-pid----5108----pid-3323
---ebpf-pid----5108----pid-1
---ebpf-pid----5108----pid-5108
---ebpf-pid----5108----pid-3323
---ebpf-pid----5119----pid-3323
---ebpf-pid----5119----pid-1
---ebpf-pid----5119----pid-5119
---ebpf-pid----5119----pid-3323
---ebpf-pid----5119----pid-1
---ebpf-pid----5119----pid-5119
---ebpf-pid----5119----pid-3323
---ebpf-pid----5119----pid-1
---ebpf-pid----5119----pid-5119
---ebpf-pid----5119----pid-3323
---ebpf-pid----5119----pid-1
---ebpf-pid----5119----pid-5119
---ebpf-pid----5119----pid-3323
---ebpf-pid----5119----pid-1
---ebpf-pid----5119----pid-5119
---ebpf-pid----5119----pid-3323
---ebpf-pid----5119----pid-1
---ebpf-pid----5119----pid-5119
---ebpf-pid----5119----pid-3323
---ebpf-pid----5108----pid-1
---ebpf-pid----5108----pid-5108
---ebpf-pid----5119----pid-1
---ebpf-pid----53663----pid-53663
---ebpf-pid----5108----pid-3323
---ebpf-pid----53663----pid-3466
---ebpf-pid----5108----pid-1
---ebpf-pid----5108----pid-5108
---ebpf-pid----53663----pid-1
---ebpf-pid----5108----pid-5108
---ebpf-pid----5108----pid-3323
---ebpf-pid----5108----pid-3323
---ebpf-pid----5108----pid-1
---ebpf-pid----5108----pid-5108
---ebpf-pid----5108----pid-1
---ebpf-pid----5108----pid-5108
---ebpf-pid----5108----pid-3323
---ebpf-pid----5108----pid-3323
---ebpf-pid----5108----pid-1
---ebpf-pid----5108----pid-5108
---ebpf-pid----5108----pid-1
---ebpf-pid----5108----pid-5108
---ebpf-pid----5108----pid-3323
---ebpf-pid----5108----pid-3323
---ebpf-pid----5108----pid-1
---ebpf-pid----5108----pid-5108
---ebpf-pid----5108----pid-1
---ebpf-pid----5108----pid-5108
---ebpf-pid----5108----pid-3323
---ebpf-pid----5108----pid-3323
---ebpf-pid----5108----pid-1
---ebpf-pid----5108----pid-5108
---ebpf-pid----5108----pid-1
---ebpf-pid----5108----pid-5108
---ebpf-pid----5108----pid-3323
---ebpf-pid----5108----pid-3323
---ebpf-pid----5108----pid-1
---ebpf-pid----376651----pid-376651
---ebpf-pid----5108----pid-1
---ebpf-pid----5108----pid-5108
---ebpf-pid----376651----pid-3323
---ebpf-pid----5108----pid-3323
---ebpf-pid----376651----pid-1
---ebpf-pid----5108----pid-1
---ebpf-pid----372714----pid-5476
---ebpf-pid----5108----pid-5108
---ebpf-pid----5108----pid-3323
---ebpf-pid----372714----pid-1
---ebpf-pid----372714----pid-372714
---ebpf-pid----5108----pid-1
---ebpf-pid----5108----pid-5108
---ebpf-pid----372714----pid-5476
---ebpf-pid----372714----pid-1
---ebpf-pid----5108----pid-3323
---ebpf-pid----372714----pid-372714
---ebpf-pid----5108----pid-1
---ebpf-pid----5108----pid-5108
---ebpf-pid----372714----pid-5476
---ebpf-pid----5108----pid-3323
---ebpf-pid----372714----pid-1
---ebpf-pid----372714----pid-372714
---ebpf-pid----5108----pid-1
---ebpf-pid----5108----pid-5108
---ebpf-pid----372714----pid-5476
---ebpf-pid----5108----pid-3323
---ebpf-pid----372714----pid-1
---ebpf-pid----5108----pid-1
---ebpf-pid----372714----pid-372714
---ebpf-pid----5108----pid-5108
---ebpf-pid----372714----pid-5476
---ebpf-pid----5108----pid-3323
---ebpf-pid----372714----pid-1
---ebpf-pid----5108----pid-1
---ebpf-pid----372714----pid-372714
---ebpf-pid----5108----pid-5108
---ebpf-pid----372714----pid-5476
---ebpf-pid----5108----pid-3323
---ebpf-pid----372714----pid-1
---ebpf-pid----5108----pid-1
---ebpf-pid----372714----pid-372714
---ebpf-pid----5108----pid-5108
---ebpf-pid----5108----pid-3323
---ebpf-pid----372714----pid-5476
---ebpf-pid----5108----pid-1
---ebpf-pid----372714----pid-1
---ebpf-pid----379067----pid-379067
---ebpf-pid----372714----pid-372714
---ebpf-pid----372714----pid-5476
---ebpf-pid----379067----pid-5476
---ebpf-pid----379067----pid-1
---ebpf-pid----372714----pid-1
---ebpf-pid----372714----pid-372714
---ebpf-pid----379067----pid-379067
---ebpf-pid----372714----pid-5476
---ebpf-pid----379067----pid-5476
---ebpf-pid----372714----pid-1
---ebpf-pid----379067----pid-1
---ebpf-pid----372714----pid-372714
---ebpf-pid----379067----pid-379067
---ebpf-pid----372714----pid-5476
---ebpf-pid----379067----pid-5476
---ebpf-pid----372714----pid-1
---ebpf-pid----379067----pid-1
---ebpf-pid----372714----pid-372714
---ebpf-pid----5108----pid-5108
---ebpf-pid----5108----pid-3323
---ebpf-pid----379067----pid-1
---ebpf-pid----379067----pid-379067
---ebpf-pid----5108----pid-1
---ebpf-pid----5108----pid-5108
---ebpf-pid----379067----pid-5476
---ebpf-pid----5108----pid-3323
---ebpf-pid----379067----pid-1
---ebpf-pid----379067----pid-379067
---ebpf-pid----5108----pid-1
---ebpf-pid----379067----pid-5476
---ebpf-pid----5108----pid-5108
---ebpf-pid----379067----pid-1
---ebpf-pid----5108----pid-3323
---ebpf-pid----379067----pid-379067
---ebpf-pid----5108----pid-1
---ebpf-pid----379067----pid-5476
---ebpf-pid----5108----pid-5108
---ebpf-pid----5108----pid-3323
---ebpf-pid----379067----pid-1
---ebpf-pid----379067----pid-379067
---ebpf-pid----5108----pid-1
---ebpf-pid----5108----pid-5108
---ebpf-pid----379067----pid-5476
---ebpf-pid----379067----pid-1
---ebpf-pid----379067----pid-379067
---ebpf-pid----379067----pid-5476
---ebpf-pid----5108----pid-3323
---ebpf-pid----379067----pid-1
---ebpf-pid----379067----pid-379067
---ebpf-pid----5108----pid-1
---ebpf-pid----379067----pid-5476
---ebpf-pid----5108----pid-5108
---ebpf-pid----379067----pid-1
---ebpf-pid----379067----pid-379067
---ebpf-pid----5108----pid-3323
---ebpf-pid----379067----pid-5476
---ebpf-pid----5108----pid-1
---ebpf-pid----379067----pid-1
---ebpf-pid----379067----pid-379067
---ebpf-pid----5108----pid-5108
---ebpf-pid----379067----pid-5476
---ebpf-pid----5108----pid-3323
---ebpf-pid----379067----pid-1
---ebpf-pid----2012----pid-2012
---ebpf-pid----5108----pid-1
---ebpf-pid----5108----pid-5108
---ebpf-pid----2012----pid-1
---ebpf-pid----2012----pid-2012
---ebpf-pid----2012----pid-1
---ebpf-pid----5108----pid-3323
---ebpf-pid----2012----pid-2012
---ebpf-pid----2012----pid-1
---ebpf-pid----2012----pid-2012
---ebpf-pid----5108----pid-1
---ebpf-pid----2012----pid-1
---ebpf-pid----5108----pid-5108
---ebpf-pid----2012----pid-2012
---ebpf-pid----5108----pid-3323
---ebpf-pid----2012----pid-1
---ebpf-pid----2012----pid-2012
---ebpf-pid----2012----pid-1
---ebpf-pid----5108----pid-1
---ebpf-pid----2012----pid-2012
---ebpf-pid----5108----pid-5108
---ebpf-pid----2012----pid-1
---ebpf-pid----2012----pid-2012
---ebpf-pid----5108----pid-3323
---ebpf-pid----5108----pid-1
---ebpf-pid----5108----pid-5108
---ebpf-pid----5108----pid-3323
---ebpf-pid----5108----pid-1
---ebpf-pid----5108----pid-5108
---ebpf-pid----5108----pid-3323
---ebpf-pid----5108----pid-1
---ebpf-pid----5108----pid-5108
---ebpf-pid----5108----pid-3323
---ebpf-pid----5108----pid-1
---ebpf-pid----5119----pid-5119
---ebpf-pid----5119----pid-3323
---ebpf-pid----5119----pid-1
---ebpf-pid----5119----pid-5119
---ebpf-pid----5119----pid-3323
---ebpf-pid----5119----pid-1
---ebpf-pid----5119----pid-5119
---ebpf-pid----5119----pid-3323
---ebpf-pid----5119----pid-1
---ebpf-pid----5119----pid-5119
---ebpf-pid----5119----pid-3323
---ebpf-pid----5119----pid-1
---ebpf-pid----5119----pid-5119
---ebpf-pid----5119----pid-3323
---ebpf-pid----5119----pid-1
---ebpf-pid----5119----pid-5119
---ebpf-pid----376651----pid-376651
---ebpf-pid----376651----pid-3323
---ebpf-pid----376651----pid-1
---ebpf-pid----376651----pid-376651
---ebpf-pid----376651----pid-3323
---ebpf-pid----376651----pid-1
---ebpf-pid----376651----pid-376651
---ebpf-pid----376651----pid-3323
---ebpf-pid----5119----pid-3323
---ebpf-pid----5119----pid-1
---ebpf-pid----5119----pid-5119
---ebpf-pid----5119----pid-3323
---ebpf-pid----5119----pid-1
---ebpf-pid----5119----pid-5119
---ebpf-pid----5119----pid-3323
---ebpf-pid----5119----pid-1
---ebpf-pid----5119----pid-5119
---ebpf-pid----5119----pid-3323
---ebpf-pid----5119----pid-1
---ebpf-pid----5119----pid-5119
---ebpf-pid----5119----pid-3323
---ebpf-pid----376651----pid-1
---ebpf-pid----5119----pid-1
---ebpf-pid----376651----pid-376651
---ebpf-pid----5119----pid-5119
---ebpf-pid----376651----pid-3323
---ebpf-pid----5119----pid-3323
---ebpf-pid----376651----pid-1
---ebpf-pid----5119----pid-1
---ebpf-pid----4716----pid-4716
---ebpf-pid----5119----pid-5119
---ebpf-pid----4716----pid-3323
---ebpf-pid----5119----pid-3323
---ebpf-pid----4716----pid-1
---ebpf-pid----5119----pid-1
---ebpf-pid----4716----pid-4716
---ebpf-pid----5119----pid-5119
---ebpf-pid----4716----pid-3323
---ebpf-pid----5119----pid-3323
---ebpf-pid----4716----pid-1
---ebpf-pid----5119----pid-1
---ebpf-pid----406335----pid-406335
---ebpf-pid----5119----pid-5119
---ebpf-pid----406335----pid-3323
---ebpf-pid----406335----pid-1
---ebpf-pid----5119----pid-3323
---ebpf-pid----406335----pid-406335
---ebpf-pid----406335----pid-3323
---ebpf-pid----5119----pid-1
---ebpf-pid----5119----pid-5119
---ebpf-pid----406335----pid-1
---ebpf-pid----406335----pid-406335
---ebpf-pid----5119----pid-3323
---ebpf-pid----406335----pid-3323
---ebpf-pid----406335----pid-1
---ebpf-pid----406335----pid-406335
---ebpf-pid----5119----pid-1
---ebpf-pid----5119----pid-5119
---ebpf-pid----406335----pid-3323
---ebpf-pid----406335----pid-1
---ebpf-pid----5119----pid-3323
---ebpf-pid----406335----pid-406335
---ebpf-pid----372714----pid-5476
---ebpf-pid----372714----pid-1
---ebpf-pid----372714----pid-372714
---ebpf-pid----372714----pid-5476
---ebpf-pid----372714----pid-1
---ebpf-pid----372714----pid-372714
---ebpf-pid----372714----pid-5476
---ebpf-pid----372714----pid-1
---ebpf-pid----372714----pid-372714
---ebpf-pid----372714----pid-5476
---ebpf-pid----372714----pid-1
---ebpf-pid----372714----pid-372714
---ebpf-pid----372714----pid-5476
---ebpf-pid----372714----pid-1
---ebpf-pid----406335----pid-3323
---ebpf-pid----406335----pid-1
---ebpf-pid----406335----pid-406335
---ebpf-pid----406335----pid-3323
---ebpf-pid----406335----pid-1
---ebpf-pid----406335----pid-406335
---ebpf-pid----406335----pid-3323
---ebpf-pid----406335----pid-1
---ebpf-pid----406335----pid-406335
---ebpf-pid----406335----pid-3323
---ebpf-pid----406335----pid-1
---ebpf-pid----406335----pid-406335
---ebpf-pid----406335----pid-3323
---ebpf-pid----406335----pid-1
---ebpf-pid----406335----pid-406335
---ebpf-pid----406335----pid-3323
---ebpf-pid----406335----pid-1
---ebpf-pid----2012----pid-1
---ebpf-pid----2012----pid-2012
---ebpf-pid----2012----pid-1
---ebpf-pid----2012----pid-2012
---ebpf-pid----2012----pid-1
---ebpf-pid----2012----pid-2012
---ebpf-pid----2012----pid-1
---ebpf-pid----2012----pid-2012
---ebpf-pid----2012----pid-1
---ebpf-pid----2012----pid-2012
---ebpf-pid----2012----pid-1
---ebpf-pid----2012----pid-2012
---ebpf-pid----2012----pid-1
---ebpf-pid----2012----pid-2012
---ebpf-pid----2012----pid-1
---ebpf-pid----2012----pid-2012
---ebpf-pid----2012----pid-1
---ebpf-pid----2012----pid-2012
---ebpf-pid----2012----pid-1
---ebpf-pid----2012----pid-2012
---ebpf-pid----2012----pid-1
---ebpf-pid----2012----pid-2012
---ebpf-pid----2012----pid-1
---ebpf-pid----2012----pid-2012
---ebpf-pid----2012----pid-1
---ebpf-pid----2012----pid-2012
---ebpf-pid----2012----pid-1
---ebpf-pid----2012----pid-2012
---ebpf-pid----5119----pid-1
---ebpf-pid----5119----pid-5119
---ebpf-pid----5119----pid-3323
---ebpf-pid----5119----pid-1
---ebpf-pid----5119----pid-5119
---ebpf-pid----5119----pid-3323
---ebpf-pid----5119----pid-1
---ebpf-pid----5119----pid-5119
---ebpf-pid----5119----pid-3323
---ebpf-pid----5119----pid-1
---ebpf-pid----372714----pid-372714
---ebpf-pid----5109----pid-5109
---ebpf-pid----5109----pid-3323
---ebpf-pid----372714----pid-5476
---ebpf-pid----5109----pid-1
---ebpf-pid----5109----pid-5109
---ebpf-pid----372714----pid-1
---ebpf-pid----372714----pid-372714
---ebpf-pid----5109----pid-3323
---ebpf-pid----372714----pid-5476
---ebpf-pid----5109----pid-1
---ebpf-pid----5109----pid-5109
---ebpf-pid----372714----pid-1
---ebpf-pid----372714----pid-372714
---ebpf-pid----5109----pid-3323
---ebpf-pid----372714----pid-5476
---ebpf-pid----372714----pid-1
---ebpf-pid----372714----pid-372714
---ebpf-pid----5109----pid-1
---ebpf-pid----372714----pid-5476
---ebpf-pid----5109----pid-5109
---ebpf-pid----372714----pid-1
---ebpf-pid----372714----pid-372714
---ebpf-pid----5109----pid-3323
---ebpf-pid----372714----pid-5476
---ebpf-pid----372714----pid-1
---ebpf-pid----372714----pid-372714
---ebpf-pid----5109----pid-1
---ebpf-pid----5109----pid-5109
---ebpf-pid----372714----pid-5476
---ebpf-pid----372714----pid-1
---ebpf-pid----372714----pid-372714
---ebpf-pid----5109----pid-3323
---ebpf-pid----372714----pid-5476
---ebpf-pid----406335----pid-406335
---ebpf-pid----406335----pid-3323
---ebpf-pid----406335----pid-1
---ebpf-pid----376651----pid-376651
---ebpf-pid----376651----pid-3323
---ebpf-pid----376651----pid-1
---ebpf-pid----376651----pid-376651
---ebpf-pid----376651----pid-3323
---ebpf-pid----376651----pid-1
---ebpf-pid----376651----pid-376651
---ebpf-pid----376651----pid-3323
---ebpf-pid----5109----pid-1
---ebpf-pid----5109----pid-5109
---ebpf-pid----5109----pid-3323
---ebpf-pid----5109----pid-1
---ebpf-pid----5109----pid-5109
---ebpf-pid----5109----pid-3323
---ebpf-pid----5109----pid-1
---ebpf-pid----5109----pid-5109
---ebpf-pid----5109----pid-3323
---ebpf-pid----5109----pid-1
---ebpf-pid----5109----pid-5109
---ebpf-pid----5109----pid-3323
---ebpf-pid----2012----pid-1
---ebpf-pid----5109----pid-1
---ebpf-pid----2012----pid-2012
---ebpf-pid----2012----pid-1
---ebpf-pid----2012----pid-2012
---ebpf-pid----2012----pid-1
---ebpf-pid----2012----pid-2012
---ebpf-pid----2012----pid-1
---ebpf-pid----2012----pid-2012
---ebpf-pid----2012----pid-1
---ebpf-pid----2012----pid-2012
---ebpf-pid----372714----pid-1
---ebpf-pid----2012----pid-1
---ebpf-pid----372714----pid-372714
---ebpf-pid----2012----pid-2012
---ebpf-pid----2012----pid-1
---ebpf-pid----2012----pid-2012
---ebpf-pid----372714----pid-5476
---ebpf-pid----372714----pid-1
---ebpf-pid----372714----pid-372714
---ebpf-pid----372714----pid-5476
---ebpf-pid----372714----pid-1
---ebpf-pid----372714----pid-372714
---ebpf-pid----372714----pid-5476
---ebpf-pid----372714----pid-1
---ebpf-pid----372714----pid-372714
---ebpf-pid----372714----pid-5476
---ebpf-pid----372714----pid-1
---ebpf-pid----2088----pid-2088
---ebpf-pid----2088----pid-1
---ebpf-pid----2088----pid-2088
---ebpf-pid----2088----pid-1
---ebpf-pid----376651----pid-1
---ebpf-pid----2088----pid-2088
---ebpf-pid----376651----pid-376651
---ebpf-pid----2088----pid-1
---ebpf-pid----2088----pid-2088
---ebpf-pid----376651----pid-3323
---ebpf-pid----2088----pid-1
---ebpf-pid----376651----pid-1
---ebpf-pid----2088----pid-2088
---ebpf-pid----376651----pid-376651
---ebpf-pid----2088----pid-1
---ebpf-pid----376651----pid-3323
---ebpf-pid----2088----pid-2088
---ebpf-pid----376651----pid-1
---ebpf-pid----2088----pid-1
---ebpf-pid----376651----pid-376651
---ebpf-pid----2088----pid-2088
---ebpf-pid----376651----pid-3323
---ebpf-pid----2088----pid-1
---ebpf-pid----2088----pid-2088
---ebpf-pid----376651----pid-1
---ebpf-pid----376651----pid-376651
---ebpf-pid----2088----pid-1
---ebpf-pid----2088----pid-2088
---ebpf-pid----376651----pid-3323
---ebpf-pid----2088----pid-1
---ebpf-pid----2088----pid-2088
---ebpf-pid----376651----pid-1
---ebpf-pid----376651----pid-376651
---ebpf-pid----2088----pid-1
---ebpf-pid----2088----pid-2088
---ebpf-pid----376651----pid-3323
---ebpf-pid----2088----pid-1
---ebpf-pid----376651----pid-1
---ebpf-pid----2088----pid-2088
---ebpf-pid----376651----pid-376651
---ebpf-pid----2088----pid-1
---ebpf-pid----2088----pid-2088
---ebpf-pid----376651----pid-3323
---ebpf-pid----2088----pid-1
---ebpf-pid----376651----pid-1
---ebpf-pid----376651----pid-376651
---ebpf-pid----376651----pid-3323
---ebpf-pid----376651----pid-1
---ebpf-pid----376651----pid-376651
---ebpf-pid----376651----pid-3323
---ebpf-pid----2012----pid-1
---ebpf-pid----2012----pid-2012
---ebpf-pid----5109----pid-5109
---ebpf-pid----5109----pid-3323
---ebpf-pid----5109----pid-1
---ebpf-pid----5109----pid-5109
---ebpf-pid----5109----pid-3323
---ebpf-pid----5109----pid-1
---ebpf-pid----5109----pid-5109
---ebpf-pid----5109----pid-3323
---ebpf-pid----5109----pid-1
---ebpf-pid----5109----pid-5109
---ebpf-pid----5109----pid-3323
---ebpf-pid----5109----pid-1
---ebpf-pid----5119----pid-5119
---ebpf-pid----5119----pid-3323
---ebpf-pid----5119----pid-1
---ebpf-pid----5119----pid-5119
---ebpf-pid----5119----pid-3323
---ebpf-pid----5119----pid-1
---ebpf-pid----5119----pid-5119
---ebpf-pid----5119----pid-3323
---ebpf-pid----5119----pid-1
---ebpf-pid----5119----pid-5119
---ebpf-pid----5119----pid-3323
---ebpf-pid----5119----pid-1
---ebpf-pid----5119----pid-5119
---ebpf-pid----5119----pid-3323
---ebpf-pid----5119----pid-1
---ebpf-pid----5119----pid-5119
---ebpf-pid----5119----pid-3323
---ebpf-pid----5119----pid-1
---ebpf-pid----5119----pid-5119
---ebpf-pid----5119----pid-3323
---ebpf-pid----2012----pid-1
---ebpf-pid----2012----pid-2012
---ebpf-pid----2012----pid-1
---ebpf-pid----2012----pid-2012
---ebpf-pid----2012----pid-1
---ebpf-pid----2012----pid-2012
---ebpf-pid----2012----pid-1
---ebpf-pid----2012----pid-2012
---ebpf-pid----2012----pid-1
---ebpf-pid----2012----pid-2012
---ebpf-pid----2012----pid-1
---ebpf-pid----2012----pid-2012
---ebpf-pid----2012----pid-1
---ebpf-pid----2012----pid-2012
---ebpf-pid----5119----pid-1
---ebpf-pid----5119----pid-5119
---ebpf-pid----2012----pid-1
---ebpf-pid----2012----pid-2012
---ebpf-pid----5119----pid-3323
---ebpf-pid----2012----pid-1
---ebpf-pid----5119----pid-1
---ebpf-pid----5119----pid-5119
---ebpf-pid----5119----pid-3323
---ebpf-pid----5119----pid-1
---ebpf-pid----5119----pid-5119
---ebpf-pid----5119----pid-3323
---ebpf-pid----5119----pid-1
---ebpf-pid----5119----pid-5119
---ebpf-pid----5119----pid-3323
---ebpf-pid----5119----pid-1
---ebpf-pid----5119----pid-5119
---ebpf-pid----5119----pid-3323
---ebpf-pid----5119----pid-1
---ebpf-pid----2012----pid-2012
---ebpf-pid----2012----pid-1
---ebpf-pid----2012----pid-2012
---ebpf-pid----2012----pid-1
---ebpf-pid----2012----pid-2012
---ebpf-pid----2012----pid-1
---ebpf-pid----2012----pid-2012
---ebpf-pid----2012----pid-1
---ebpf-pid----2012----pid-2012
---ebpf-pid----2012----pid-1
---ebpf-pid----2012----pid-2012
---ebpf-pid----2012----pid-1
---ebpf-pid----2012----pid-2012
---ebpf-pid----2012----pid-1
---ebpf-pid----2012----pid-2012
---ebpf-pid----2012----pid-1
---ebpf-pid----2012----pid-2012
---ebpf-pid----2012----pid-1
---ebpf-pid----2012----pid-2012
---ebpf-pid----2012----pid-1
---ebpf-pid----2088----pid-2088
---ebpf-pid----2088----pid-1
---ebpf-pid----2088----pid-2088
---ebpf-pid----2088----pid-1
---ebpf-pid----376651----pid-1
---ebpf-pid----376651----pid-376651
---ebpf-pid----376651----pid-3323
---ebpf-pid----376651----pid-1
---ebpf-pid----376651----pid-376651
---ebpf-pid----376651----pid-3323
---ebpf-pid----376651----pid-1
---ebpf-pid----376651----pid-376651
---ebpf-pid----376651----pid-3323
---ebpf-pid----5119----pid-5119
---ebpf-pid----376651----pid-1
---ebpf-pid----5119----pid-3323
---ebpf-pid----376651----pid-376651
---ebpf-pid----376651----pid-3323
---ebpf-pid----5119----pid-1
---ebpf-pid----5119----pid-5119
---ebpf-pid----376651----pid-1
---ebpf-pid----376651----pid-376651
---ebpf-pid----5119----pid-3323
---ebpf-pid----376651----pid-3323
---ebpf-pid----376651----pid-1
---ebpf-pid----376651----pid-376651
---ebpf-pid----5119----pid-1
---ebpf-pid----376651----pid-3323
---ebpf-pid----376651----pid-1
---ebpf-pid----2012----pid-2012
---ebpf-pid----376651----pid-376651
---ebpf-pid----376651----pid-3323
---ebpf-pid----2012----pid-1
---ebpf-pid----2012----pid-2012
---ebpf-pid----376651----pid-1
---ebpf-pid----376651----pid-376651
---ebpf-pid----2012----pid-1
---ebpf-pid----2088----pid-2088
---ebpf-pid----2088----pid-1
---ebpf-pid----2088----pid-2088
---ebpf-pid----2088----pid-1
---ebpf-pid----2088----pid-2088
---ebpf-pid----2088----pid-1
---ebpf-pid----2088----pid-2088
---ebpf-pid----2088----pid-1
---ebpf-pid----2088----pid-2088
---ebpf-pid----5109----pid-5109
---ebpf-pid----5109----pid-3323
---ebpf-pid----5109----pid-1
---ebpf-pid----2012----pid-2012
---ebpf-pid----2012----pid-1
---ebpf-pid----2012----pid-2012
---ebpf-pid----2088----pid-1
---ebpf-pid----2088----pid-2088
---ebpf-pid----2012----pid-1
---ebpf-pid----2012----pid-2012
---ebpf-pid----2088----pid-1
---ebpf-pid----2088----pid-2088
---ebpf-pid----2012----pid-1
---ebpf-pid----2012----pid-2012
---ebpf-pid----2088----pid-1
---ebpf-pid----2088----pid-2088
---ebpf-pid----2012----pid-1
---ebpf-pid----2012----pid-2012
---ebpf-pid----2088----pid-1
---ebpf-pid----2088----pid-2088
---ebpf-pid----2012----pid-1
---ebpf-pid----2012----pid-2012
---ebpf-pid----2088----pid-1
---ebpf-pid----2088----pid-2088
---ebpf-pid----2012----pid-1
---ebpf-pid----2012----pid-2012
---ebpf-pid----2088----pid-1
---ebpf-pid----2088----pid-2088
---ebpf-pid----2012----pid-1
---ebpf-pid----2012----pid-2012
---ebpf-pid----2088----pid-1
---ebpf-pid----2088----pid-2088
---ebpf-pid----2012----pid-1
---ebpf-pid----2012----pid-2012
---ebpf-pid----2088----pid-1
---ebpf-pid----2088----pid-2088
---ebpf-pid----2012----pid-1
---ebpf-pid----376651----pid-3323
---ebpf-pid----2088----pid-1
---ebpf-pid----2088----pid-2088
---ebpf-pid----2088----pid-1
---ebpf-pid----2088----pid-2088
---ebpf-pid----2088----pid-1
---ebpf-pid----376651----pid-1
---ebpf-pid----376651----pid-376651
---ebpf-pid----2088----pid-2088
---ebpf-pid----2088----pid-1
---ebpf-pid----2088----pid-2088
---ebpf-pid----2088----pid-1
---ebpf-pid----2088----pid-2088
---ebpf-pid----2088----pid-1
---ebpf-pid----2088----pid-2088
---ebpf-pid----2088----pid-1
---ebpf-pid----2088----pid-2088
---ebpf-pid----2088----pid-1
---ebpf-pid----2088----pid-2088
---ebpf-pid----2088----pid-1
---ebpf-pid----2088----pid-2088
---ebpf-pid----376651----pid-3323
---ebpf-pid----376651----pid-1
---ebpf-pid----376651----pid-376651
---ebpf-pid----2012----pid-2012
---ebpf-pid----376651----pid-3323
---ebpf-pid----2012----pid-1
---ebpf-pid----376651----pid-1
---ebpf-pid----376651----pid-376651
---ebpf-pid----2012----pid-2012
---ebpf-pid----376651----pid-3323
---ebpf-pid----2012----pid-1
---ebpf-pid----2012----pid-2012
---ebpf-pid----376651----pid-1
---ebpf-pid----376651----pid-376651
---ebpf-pid----376651----pid-3323
---ebpf-pid----376651----pid-1
---ebpf-pid----376651----pid-376651
---ebpf-pid----376651----pid-3323
---ebpf-pid----376651----pid-1
---ebpf-pid----376651----pid-376651
---ebpf-pid----376651----pid-3323
---ebpf-pid----376651----pid-1
---ebpf-pid----376651----pid-376651
---ebpf-pid----376651----pid-3323
---ebpf-pid----376651----pid-1
---ebpf-pid----376651----pid-376651
---ebpf-pid----376651----pid-3323
---ebpf-pid----376651----pid-1
---ebpf-pid----376651----pid-376651
---ebpf-pid----376651----pid-3323
---ebpf-pid----376651----pid-1
---ebpf-pid----376651----pid-376651
---ebpf-pid----376651----pid-3323
---ebpf-pid----376651----pid-1
---ebpf-pid----376651----pid-376651
---ebpf-pid----376651----pid-3323
---ebpf-pid----376651----pid-1
---ebpf-pid----376651----pid-376651
---ebpf-pid----376651----pid-3323
---ebpf-pid----376651----pid-1
---ebpf-pid----376651----pid-376651
---ebpf-pid----376651----pid-3323
---ebpf-pid----376651----pid-1
---ebpf-pid----376651----pid-376651
---ebpf-pid----2012----pid-1
---ebpf-pid----2012----pid-2012
---ebpf-pid----2012----pid-1
---ebpf-pid----2012----pid-2012
---ebpf-pid----376651----pid-376651
---ebpf-pid----376651----pid-3323
---ebpf-pid----376651----pid-1
---ebpf-pid----376651----pid-376651
---ebpf-pid----376651----pid-3323
---ebpf-pid----376651----pid-1
---ebpf-pid----376651----pid-376651
---ebpf-pid----376651----pid-3323
---ebpf-pid----376651----pid-1
---ebpf-pid----376651----pid-3323
---ebpf-pid----376651----pid-1
---ebpf-pid----376651----pid-376651
---ebpf-pid----376651----pid-3323
---ebpf-pid----376651----pid-1
---ebpf-pid----376651----pid-376651
---ebpf-pid----376651----pid-3323
---ebpf-pid----376651----pid-1
---ebpf-pid----376651----pid-376651
---ebpf-pid----376651----pid-3323
---ebpf-pid----376651----pid-1
---ebpf-pid----376651----pid-376651
---ebpf-pid----376651----pid-3323
---ebpf-pid----376651----pid-1
---ebpf-pid----376651----pid-376651
---ebpf-pid----376651----pid-3323
---ebpf-pid----376651----pid-1
---ebpf-pid----376651----pid-376651
---ebpf-pid----376651----pid-3323
---ebpf-pid----379067----pid-379067
---ebpf-pid----379067----pid-5476
---ebpf-pid----379067----pid-1
---ebpf-pid----379067----pid-379067
---ebpf-pid----379067----pid-5476
---ebpf-pid----379067----pid-1
---ebpf-pid----379067----pid-379067
---ebpf-pid----379067----pid-5476
---ebpf-pid----379067----pid-1
---ebpf-pid----2088----pid-1
---ebpf-pid----379067----pid-379067
---ebpf-pid----2012----pid-1
---ebpf-pid----2012----pid-2012
---ebpf-pid----2012----pid-1
---ebpf-pid----2012----pid-2012
---ebpf-pid----2012----pid-1
---ebpf-pid----2012----pid-2012
---ebpf-pid----2012----pid-1
---ebpf-pid----2012----pid-2012
---ebpf-pid----2012----pid-1
---ebpf-pid----2012----pid-2012
---ebpf-pid----2012----pid-1
---ebpf-pid----2012----pid-2012
---ebpf-pid----2012----pid-1
---ebpf-pid----2012----pid-2012
---ebpf-pid----2012----pid-1
---ebpf-pid----2012----pid-2012
---ebpf-pid----2012----pid-1
---ebpf-pid----2012----pid-2012
---ebpf-pid----2012----pid-1
---ebpf-pid----2012----pid-2012
---ebpf-pid----2012----pid-1
---ebpf-pid----2012----pid-2012
---ebpf-pid----2012----pid-1
---ebpf-pid----2012----pid-2012
---ebpf-pid----2012----pid-1
---ebpf-pid----2012----pid-2012
---ebpf-pid----2012----pid-1
---ebpf-pid----2012----pid-2012
---ebpf-pid----2012----pid-1
---ebpf-pid----2012----pid-2012
---ebpf-pid----2012----pid-1
---ebpf-pid----2012----pid-2012
---ebpf-pid----2012----pid-1
---ebpf-pid----379067----pid-5476
---ebpf-pid----379067----pid-1
---ebpf-pid----379067----pid-379067
---ebpf-pid----2012----pid-2012
---ebpf-pid----5109----pid-5109
---ebpf-pid----5109----pid-3323
---ebpf-pid----5109----pid-1
---ebpf-pid----5109----pid-5109
---ebpf-pid----5109----pid-3323
---ebpf-pid----5109----pid-1
---ebpf-pid----5109----pid-5109
---ebpf-pid----5109----pid-3323
---ebpf-pid----5109----pid-1
---ebpf-pid----379067----pid-379067
---ebpf-pid----379067----pid-5476
---ebpf-pid----379067----pid-1
---ebpf-pid----379067----pid-379067
---ebpf-pid----379067----pid-5476
---ebpf-pid----379067----pid-1
---ebpf-pid----379067----pid-379067
---ebpf-pid----379067----pid-5476
---ebpf-pid----379067----pid-1
---ebpf-pid----5109----pid-5109
---ebpf-pid----5109----pid-3323
---ebpf-pid----5109----pid-1
---ebpf-pid----5109----pid-5109
---ebpf-pid----5109----pid-3323
---ebpf-pid----5109----pid-1
---ebpf-pid----5109----pid-5109
---ebpf-pid----5109----pid-3323
---ebpf-pid----5109----pid-1
---ebpf-pid----5109----pid-5109
---ebpf-pid----5109----pid-3323
---ebpf-pid----5109----pid-1
---ebpf-pid----5109----pid-5109
---ebpf-pid----5109----pid-3323
---ebpf-pid----5109----pid-1
---ebpf-pid----5109----pid-5109
---ebpf-pid----5109----pid-3323
---ebpf-pid----5109----pid-1
---ebpf-pid----5109----pid-5109
---ebpf-pid----2012----pid-1
---ebpf-pid----2012----pid-2012
---ebpf-pid----2012----pid-1
---ebpf-pid----2012----pid-2012
---ebpf-pid----2012----pid-1
---ebpf-pid----2012----pid-2012
---ebpf-pid----2012----pid-1
---ebpf-pid----2012----pid-2012
---ebpf-pid----2012----pid-1
---ebpf-pid----2012----pid-2012
---ebpf-pid----2012----pid-1
---ebpf-pid----2012----pid-2012
---ebpf-pid----2012----pid-1
---ebpf-pid----2012----pid-2012
---ebpf-pid----2012----pid-1
---ebpf-pid----2012----pid-2012
---ebpf-pid----2012----pid-1
---ebpf-pid----2012----pid-2012
---ebpf-pid----2012----pid-1
---ebpf-pid----2012----pid-2012
---ebpf-pid----2012----pid-1
---ebpf-pid----2012----pid-2012
---ebpf-pid----2012----pid-1
---ebpf-pid----2012----pid-2012
---ebpf-pid----2012----pid-1
---ebpf-pid----2012----pid-2012
---ebpf-pid----2012----pid-1
---ebpf-pid----2012----pid-2012
---ebpf-pid----2012----pid-1
---ebpf-pid----2012----pid-2012
---ebpf-pid----2012----pid-1
---ebpf-pid----2012----pid-2012
---ebpf-pid----2012----pid-1
---ebpf-pid----2012----pid-2012
---ebpf-pid----2012----pid-1
---ebpf-pid----379067----pid-5476
---ebpf-pid----379067----pid-1
---ebpf-pid----406334----pid-406334
---ebpf-pid----406334----pid-3323
---ebpf-pid----406334----pid-1
---ebpf-pid----406334----pid-406334
---ebpf-pid----406334----pid-3323
---ebpf-pid----406334----pid-1
---ebpf-pid----406334----pid-406334
---ebpf-pid----406334----pid-3323
---ebpf-pid----406334----pid-1
---ebpf-pid----406334----pid-406334
---ebpf-pid----406334----pid-3323
---ebpf-pid----406334----pid-1
---ebpf-pid----406334----pid-406334
---ebpf-pid----5109----pid-3323
---ebpf-pid----5109----pid-1
---ebpf-pid----5109----pid-5109
---ebpf-pid----5109----pid-3323
---ebpf-pid----5109----pid-1
---ebpf-pid----5109----pid-5109
---ebpf-pid----376651----pid-1
---ebpf-pid----376651----pid-376651
---ebpf-pid----376651----pid-3323
---ebpf-pid----376651----pid-1
---ebpf-pid----376651----pid-376651
---ebpf-pid----376651----pid-3323
---ebpf-pid----376651----pid-1
---ebpf-pid----53663----pid-53663
---ebpf-pid----53663----pid-3466
---ebpf-pid----53663----pid-1
---ebpf-pid----53663----pid-53663
---ebpf-pid----53663----pid-3466
---ebpf-pid----53663----pid-1
---ebpf-pid----53663----pid-53663
---ebpf-pid----53663----pid-3466
---ebpf-pid----53663----pid-1
---ebpf-pid----376651----pid-376651
---ebpf-pid----376651----pid-3323
---ebpf-pid----376651----pid-1
---ebpf-pid----376651----pid-376651
---ebpf-pid----376651----pid-3323
---ebpf-pid----376651----pid-1
---ebpf-pid----406334----pid-3323
---ebpf-pid----376651----pid-376651
---ebpf-pid----376651----pid-3323
---ebpf-pid----406334----pid-1
---ebpf-pid----376651----pid-1
---ebpf-pid----406334----pid-406334
---ebpf-pid----376651----pid-376651
---ebpf-pid----406334----pid-3323
---ebpf-pid----376651----pid-3323
---ebpf-pid----376651----pid-1
---ebpf-pid----376651----pid-376651
---ebpf-pid----406334----pid-1
---ebpf-pid----406334----pid-406334
---ebpf-pid----376651----pid-3323
---ebpf-pid----376651----pid-1
---ebpf-pid----406334----pid-3323
---ebpf-pid----376651----pid-376651
---ebpf-pid----406334----pid-1
---ebpf-pid----406334----pid-406334
---ebpf-pid----406334----pid-3323
---ebpf-pid----406334----pid-1
---ebpf-pid----406334----pid-406334
---ebpf-pid----406334----pid-3323
---ebpf-pid----406334----pid-1
---ebpf-pid----2094----pid-2094
---ebpf-pid----2094----pid-1
---ebpf-pid----2094----pid-2094
---ebpf-pid----2094----pid-1
---ebpf-pid----2094----pid-2094
---ebpf-pid----2094----pid-1
---ebpf-pid----2094----pid-2094
---ebpf-pid----2094----pid-1
---ebpf-pid----2094----pid-2094
---ebpf-pid----2094----pid-1
---ebpf-pid----2094----pid-2094
---ebpf-pid----2094----pid-1
---ebpf-pid----2094----pid-2094
---ebpf-pid----2094----pid-1
---ebpf-pid----2094----pid-2094
---ebpf-pid----2094----pid-1
---ebpf-pid----2094----pid-2094
---ebpf-pid----5109----pid-3323
---ebpf-pid----5109----pid-1
---ebpf-pid----5109----pid-5109
---ebpf-pid----5109----pid-3323
---ebpf-pid----5109----pid-1
---ebpf-pid----379067----pid-379067
---ebpf-pid----379067----pid-5476
---ebpf-pid----379067----pid-1
---ebpf-pid----379067----pid-379067
---ebpf-pid----379067----pid-5476
---ebpf-pid----379067----pid-1
---ebpf-pid----379067----pid-379067
---ebpf-pid----379067----pid-5476
---ebpf-pid----379067----pid-1
---ebpf-pid----379067----pid-379067
---ebpf-pid----379067----pid-5476
---ebpf-pid----376651----pid-3323
---ebpf-pid----376651----pid-1
---ebpf-pid----376651----pid-376651
---ebpf-pid----376651----pid-3323
---ebpf-pid----376651----pid-1
---ebpf-pid----376651----pid-376651
---ebpf-pid----376651----pid-3323
---ebpf-pid----2012----pid-2012
---ebpf-pid----376651----pid-1
---ebpf-pid----376651----pid-376651
---ebpf-pid----376651----pid-3323
---ebpf-pid----376651----pid-1
---ebpf-pid----376651----pid-376651
---ebpf-pid----376651----pid-3323
---ebpf-pid----376651----pid-1
---ebpf-pid----376651----pid-376651
---ebpf-pid----376651----pid-3323
---ebpf-pid----376651----pid-1
---ebpf-pid----376651----pid-376651
---ebpf-pid----379067----pid-1
---ebpf-pid----379067----pid-379067
---ebpf-pid----379067----pid-5476
---ebpf-pid----379067----pid-1
---ebpf-pid----379067----pid-379067
---ebpf-pid----379067----pid-5476
---ebpf-pid----379067----pid-1
---ebpf-pid----379067----pid-379067
---ebpf-pid----379067----pid-5476
---ebpf-pid----379067----pid-1
---ebpf-pid----5119----pid-5119
---ebpf-pid----5119----pid-3323
---ebpf-pid----5119----pid-1
---ebpf-pid----376651----pid-3323
---ebpf-pid----376651----pid-1
---ebpf-pid----376651----pid-376651
---ebpf-pid----376651----pid-3323
---ebpf-pid----376651----pid-1
---ebpf-pid----376651----pid-376651
---ebpf-pid----376651----pid-3323
---ebpf-pid----376651----pid-1
---ebpf-pid----376651----pid-376651
---ebpf-pid----376651----pid-3323
---ebpf-pid----376651----pid-1
---ebpf-pid----376651----pid-376651
---ebpf-pid----376651----pid-3323
---ebpf-pid----376651----pid-1
---ebpf-pid----376651----pid-376651
---ebpf-pid----376651----pid-3323
---ebpf-pid----376651----pid-1
---ebpf-pid----448782----pid-448782
---ebpf-pid----448782----pid-448520
---ebpf-pid----448782----pid-1
---ebpf-pid----2094----pid-1
---ebpf-pid----2094----pid-2094
---ebpf-pid----2094----pid-1
---ebpf-pid----2012----pid-1
---ebpf-pid----2094----pid-2094
---ebpf-pid----2094----pid-1
---ebpf-pid----2012----pid-2012
---ebpf-pid----2094----pid-2094
---ebpf-pid----2012----pid-1
---ebpf-pid----2094----pid-1
---ebpf-pid----2012----pid-2012
---ebpf-pid----373029----pid-373029
---ebpf-pid----2012----pid-1
---ebpf-pid----2012----pid-2012
---ebpf-pid----2012----pid-1
---ebpf-pid----2012----pid-2012
---ebpf-pid----2012----pid-1
---ebpf-pid----2012----pid-2012
---ebpf-pid----2012----pid-1
---ebpf-pid----2012----pid-2012
---ebpf-pid----448782----pid-448782
---ebpf-pid----448782----pid-448520
---ebpf-pid----448782----pid-1
---ebpf-pid----376651----pid-376651
---ebpf-pid----376651----pid-3323
---ebpf-pid----376651----pid-1
---ebpf-pid----376651----pid-376651
---ebpf-pid----376651----pid-3323
---ebpf-pid----376651----pid-1
---ebpf-pid----376651----pid-376651
---ebpf-pid----376651----pid-3323
---ebpf-pid----376651----pid-1
---ebpf-pid----376651----pid-376651
---ebpf-pid----376651----pid-3323
---ebpf-pid----376651----pid-1
---ebpf-pid----376651----pid-376651
---ebpf-pid----376651----pid-3323
---ebpf-pid----376651----pid-1
---ebpf-pid----376651----pid-376651
---ebpf-pid----376651----pid-3323
---ebpf-pid----376651----pid-1
---ebpf-pid----376651----pid-376651
---ebpf-pid----376651----pid-3323
---ebpf-pid----376651----pid-1
---ebpf-pid----7257----pid-7257
---ebpf-pid----7257----pid-1
---ebpf-pid----448782----pid-448782
---ebpf-pid----448782----pid-448520
---ebpf-pid----448782----pid-1
---ebpf-pid----448782----pid-448782
---ebpf-pid----448782----pid-448520
---ebpf-pid----448782----pid-1
---ebpf-pid----448782----pid-448782
---ebpf-pid----448782----pid-448520
---ebpf-pid----448782----pid-1
---ebpf-pid----448782----pid-448782
---ebpf-pid----448782----pid-448520
---ebpf-pid----448782----pid-1
---ebpf-pid----3624----pid-3624
---ebpf-pid----3624----pid-1
---ebpf-pid----373029----pid-5476
---ebpf-pid----373029----pid-1
---ebpf-pid----373029----pid-373029
---ebpf-pid----373029----pid-5476
---ebpf-pid----373029----pid-1
---ebpf-pid----373029----pid-373029
---ebpf-pid----373029----pid-5476
---ebpf-pid----373029----pid-1
---ebpf-pid----2094----pid-2094
---ebpf-pid----2094----pid-1
---ebpf-pid----2094----pid-2094
---ebpf-pid----2094----pid-1
---ebpf-pid----373029----pid-373029
---ebpf-pid----373029----pid-5476
---ebpf-pid----373029----pid-1
---ebpf-pid----2094----pid-2094
---ebpf-pid----2094----pid-1
---ebpf-pid----2094----pid-2094
---ebpf-pid----2094----pid-1
---ebpf-pid----2094----pid-2094
---ebpf-pid----2094----pid-1
---ebpf-pid----2094----pid-2094
---ebpf-pid----2094----pid-1
---ebpf-pid----2094----pid-2094
---ebpf-pid----2094----pid-1
---ebpf-pid----2094----pid-2094
---ebpf-pid----2094----pid-1
---ebpf-pid----2094----pid-2094
---ebpf-pid----2094----pid-1
---ebpf-pid----2094----pid-2094
---ebpf-pid----2094----pid-1
---ebpf-pid----2094----pid-2094
---ebpf-pid----2094----pid-1
---ebpf-pid----2089----pid-2089
---ebpf-pid----2012----pid-1
---ebpf-pid----2012----pid-2012
---ebpf-pid----2012----pid-1
---ebpf-pid----2012----pid-2012
---ebpf-pid----2012----pid-1
---ebpf-pid----2012----pid-2012
---ebpf-pid----2012----pid-1
---ebpf-pid----2089----pid-2089
---ebpf-pid----2089----pid-1
---ebpf-pid----2089----pid-2089
---ebpf-pid----2089----pid-1
---ebpf-pid----2089----pid-2089
---ebpf-pid----2089----pid-1
---ebpf-pid----2089----pid-2089
---ebpf-pid----2089----pid-1
---ebpf-pid----2089----pid-2089
---ebpf-pid----2089----pid-1
---ebpf-pid----2089----pid-2089
---ebpf-pid----2089----pid-1
---ebpf-pid----372881----pid-372881
---ebpf-pid----372881----pid-1
---ebpf-pid----372881----pid-372881
---ebpf-pid----372881----pid-1
---ebpf-pid----372881----pid-372881
---ebpf-pid----372881----pid-1
---ebpf-pid----372881----pid-372881
---ebpf-pid----372881----pid-1
---ebpf-pid----372881----pid-372881
---ebpf-pid----372881----pid-1
---ebpf-pid----372881----pid-372881
---ebpf-pid----372881----pid-1
---ebpf-pid----372881----pid-372881
---ebpf-pid----372881----pid-1
---ebpf-pid----372881----pid-372881
---ebpf-pid----372881----pid-1
---ebpf-pid----372881----pid-372881
---ebpf-pid----372881----pid-1
---ebpf-pid----372881----pid-372881
---ebpf-pid----372881----pid-1
---ebpf-pid----372881----pid-372881
---ebpf-pid----372881----pid-1
---ebpf-pid----372881----pid-372881
---ebpf-pid----372881----pid-1
---ebpf-pid----5707----pid-5707
---ebpf-pid----5707----pid-5476
---ebpf-pid----5707----pid-1
---ebpf-pid----5707----pid-5707
---ebpf-pid----5707----pid-5476
---ebpf-pid----5707----pid-1
---ebpf-pid----5707----pid-5707
---ebpf-pid----5707----pid-5476
---ebpf-pid----5707----pid-1
---ebpf-pid----5707----pid-5707
---ebpf-pid----2089----pid-1
---ebpf-pid----2089----pid-2089
---ebpf-pid----2089----pid-1
---ebpf-pid----2089----pid-2089
---ebpf-pid----2089----pid-1
---ebpf-pid----2089----pid-2089
---ebpf-pid----2089----pid-1
---ebpf-pid----3624----pid-3624
---ebpf-pid----3624----pid-1
---ebpf-pid----3624----pid-3624
---ebpf-pid----2089----pid-2089
---ebpf-pid----2089----pid-1
---ebpf-pid----2089----pid-2089
---ebpf-pid----2089----pid-1
---ebpf-pid----3624----pid-1
---ebpf-pid----3624----pid-3624
---ebpf-pid----3624----pid-1
---ebpf-pid----3624----pid-3624
---ebpf-pid----3624----pid-1
---ebpf-pid----3624----pid-3624
---ebpf-pid----3624----pid-1
---ebpf-pid----448782----pid-448782
---ebpf-pid----448782----pid-448520
---ebpf-pid----448782----pid-1
---ebpf-pid----448782----pid-448782
---ebpf-pid----448782----pid-448520
---ebpf-pid----448782----pid-1
---ebpf-pid----448782----pid-448782
---ebpf-pid----448782----pid-448520
---ebpf-pid----448782----pid-1
---ebpf-pid----448782----pid-448782
---ebpf-pid----448782----pid-448520
---ebpf-pid----448782----pid-1
---ebpf-pid----3624----pid-3624
---ebpf-pid----3624----pid-1
---ebpf-pid----3624----pid-3624
---ebpf-pid----3624----pid-1
---ebpf-pid----3624----pid-3624
---ebpf-pid----3624----pid-1
---ebpf-pid----3624----pid-3624
---ebpf-pid----3624----pid-1
---ebpf-pid----3624----pid-3624
---ebpf-pid----3624----pid-1
---ebpf-pid----3616----pid-3616
---ebpf-pid----3616----pid-1
---ebpf-pid----5614----pid-5614
---ebpf-pid----5614----pid-1
---ebpf-pid----5614----pid-5614
---ebpf-pid----5614----pid-1
---ebpf-pid----5614----pid-5614
---ebpf-pid----5614----pid-1
---ebpf-pid----187375----pid-187375
---ebpf-pid----187375----pid-1
---ebpf-pid----187375----pid-187375
---ebpf-pid----2089----pid-2089
---ebpf-pid----2089----pid-1
---ebpf-pid----2089----pid-2089
---ebpf-pid----2089----pid-1
---ebpf-pid----2089----pid-2089
---ebpf-pid----2089----pid-1
---ebpf-pid----2089----pid-2089
---ebpf-pid----2089----pid-1
---ebpf-pid----5707----pid-5476
---ebpf-pid----187375----pid-1
---ebpf-pid----5108----pid-5108
---ebpf-pid----187375----pid-187375
---ebpf-pid----5707----pid-1
---ebpf-pid----187375----pid-1
---ebpf-pid----5707----pid-5707
---ebpf-pid----187375----pid-187375
---ebpf-pid----5707----pid-5476
---ebpf-pid----187375----pid-1
---ebpf-pid----3624----pid-3624
---ebpf-pid----5707----pid-1
---ebpf-pid----372881----pid-372881
---ebpf-pid----3624----pid-1
---ebpf-pid----3418----pid-3418
---ebpf-pid----372881----pid-1
---ebpf-pid----372881----pid-372881
---ebpf-pid----372881----pid-1
---ebpf-pid----372881----pid-372881
---ebpf-pid----372881----pid-1
---ebpf-pid----372881----pid-372881
---ebpf-pid----372881----pid-1
---ebpf-pid----2089----pid-2089
---ebpf-pid----2089----pid-1
---ebpf-pid----2089----pid-2089
---ebpf-pid----2089----pid-1
---ebpf-pid----2089----pid-2089
---ebpf-pid----2089----pid-1
---ebpf-pid----2089----pid-2089
---ebpf-pid----2089----pid-1
---ebpf-pid----2089----pid-2089
---ebpf-pid----2089----pid-1
---ebpf-pid----2089----pid-2089
---ebpf-pid----2089----pid-1
---ebpf-pid----2089----pid-2089
---ebpf-pid----2089----pid-1
---ebpf-pid----2089----pid-2089
---ebpf-pid----2089----pid-1
---ebpf-pid----2089----pid-2089
---ebpf-pid----2089----pid-1
---ebpf-pid----379067----pid-379067
---ebpf-pid----379067----pid-5476
---ebpf-pid----379067----pid-1
---ebpf-pid----2089----pid-2089
---ebpf-pid----2089----pid-1
---ebpf-pid----2089----pid-2089
---ebpf-pid----2089----pid-1
---ebpf-pid----2089----pid-2089
---ebpf-pid----2089----pid-1
---ebpf-pid----2089----pid-2089
---ebpf-pid----2089----pid-1
---ebpf-pid----2089----pid-2089
---ebpf-pid----2089----pid-1
---ebpf-pid----2089----pid-2089
---ebpf-pid----2089----pid-1
---ebpf-pid----2089----pid-2089
---ebpf-pid----2089----pid-1
---ebpf-pid----2089----pid-2089
---ebpf-pid----2089----pid-1
---ebpf-pid----5707----pid-5707
---ebpf-pid----5707----pid-5476
---ebpf-pid----5108----pid-3323
---ebpf-pid----3418----pid-1
---ebpf-pid----5614----pid-5614
---ebpf-pid----5614----pid-1
---ebpf-pid----448782----pid-448782
---ebpf-pid----448782----pid-448520
---ebpf-pid----448782----pid-1
---ebpf-pid----448782----pid-448782
---ebpf-pid----448782----pid-448520
---ebpf-pid----448782----pid-1
---ebpf-pid----5108----pid-5108
---ebpf-pid----5108----pid-3323
---ebpf-pid----5108----pid-1
---ebpf-pid----5108----pid-5108
---ebpf-pid----5108----pid-3323
---ebpf-pid----5108----pid-1
---ebpf-pid----5108----pid-5108
---ebpf-pid----5108----pid-3323
---ebpf-pid----5108----pid-1
---ebpf-pid----5108----pid-5108
---ebpf-pid----373029----pid-373029
---ebpf-pid----373029----pid-5476
---ebpf-pid----373029----pid-1
---ebpf-pid----373029----pid-373029
---ebpf-pid----373029----pid-5476
---ebpf-pid----5108----pid-3323
---ebpf-pid----373029----pid-1
---ebpf-pid----373029----pid-373029
---ebpf-pid----5108----pid-1
---ebpf-pid----5108----pid-5108
---ebpf-pid----373029----pid-5476
---ebpf-pid----5108----pid-3323
---ebpf-pid----373029----pid-1
---ebpf-pid----379067----pid-379067
---ebpf-pid----5108----pid-1
---ebpf-pid----379067----pid-5476
---ebpf-pid----5108----pid-5108
---ebpf-pid----379067----pid-1
---ebpf-pid----5108----pid-3323
---ebpf-pid----2088----pid-2088
---ebpf-pid----5108----pid-1
---ebpf-pid----2088----pid-1
---ebpf-pid----5108----pid-5108
---ebpf-pid----2088----pid-2088
---ebpf-pid----5108----pid-3323
---ebpf-pid----2088----pid-1
---ebpf-pid----2088----pid-2088
---ebpf-pid----5108----pid-1
---ebpf-pid----5108----pid-5108
---ebpf-pid----2088----pid-1
---ebpf-pid----2088----pid-2088
---ebpf-pid----5108----pid-3323
---ebpf-pid----2088----pid-1
---ebpf-pid----5108----pid-1
---ebpf-pid----2088----pid-2088
---ebpf-pid----5108----pid-5108
---ebpf-pid----2088----pid-1
---ebpf-pid----5108----pid-3323
---ebpf-pid----2088----pid-2088
---ebpf-pid----2088----pid-1
---ebpf-pid----2088----pid-2088
---ebpf-pid----2088----pid-1
---ebpf-pid----2088----pid-2088
---ebpf-pid----5707----pid-1
---ebpf-pid----2088----pid-1
---ebpf-pid----5707----pid-5707
---ebpf-pid----2088----pid-2088
---ebpf-pid----5707----pid-5476
---ebpf-pid----2088----pid-1
---ebpf-pid----2088----pid-2088
---ebpf-pid----5707----pid-1
---ebpf-pid----5707----pid-5707
---ebpf-pid----2088----pid-1
---ebpf-pid----2088----pid-2088
---ebpf-pid----5707----pid-5476
---ebpf-pid----2088----pid-1
---ebpf-pid----2088----pid-2088
---ebpf-pid----5707----pid-1
---ebpf-pid----5707----pid-5707
---ebpf-pid----2088----pid-1
---ebpf-pid----2088----pid-2088
---ebpf-pid----5707----pid-5476
---ebpf-pid----5108----pid-1
---ebpf-pid----5108----pid-5108
---ebpf-pid----5108----pid-3323
---ebpf-pid----5108----pid-1
---ebpf-pid----5108----pid-5108
---ebpf-pid----5108----pid-3323
---ebpf-pid----5108----pid-1
---ebpf-pid----5108----pid-5108
---ebpf-pid----5108----pid-3323
---ebpf-pid----5108----pid-1
---ebpf-pid----5108----pid-5108
---ebpf-pid----5108----pid-3323
---ebpf-pid----5108----pid-1
---ebpf-pid----376651----pid-376651
---ebpf-pid----376651----pid-3323
---ebpf-pid----376651----pid-1
---ebpf-pid----5108----pid-5108
---ebpf-pid----5108----pid-3323
---ebpf-pid----5108----pid-1
---ebpf-pid----3320----pid-3320
---ebpf-pid----3320----pid-1
---ebpf-pid----3320----pid-3320
---ebpf-pid----3320----pid-1
---ebpf-pid----3320----pid-3320
---ebpf-pid----3320----pid-1
---ebpf-pid----3320----pid-3320
---ebpf-pid----3320----pid-1
---ebpf-pid----3320----pid-3320
---ebpf-pid----3320----pid-1
---ebpf-pid----3320----pid-3320
---ebpf-pid----3320----pid-1
---ebpf-pid----4118----pid-4118
---ebpf-pid----4118----pid-1
---ebpf-pid----4118----pid-4118
---ebpf-pid----4118----pid-1
---ebpf-pid----5109----pid-5109
---ebpf-pid----5109----pid-3323
---ebpf-pid----5109----pid-1
---ebpf-pid----5109----pid-5109
---ebpf-pid----5108----pid-1
---ebpf-pid----2088----pid-1
---ebpf-pid----2088----pid-2088
---ebpf-pid----2088----pid-1
---ebpf-pid----2088----pid-2088
---ebpf-pid----2088----pid-1
---ebpf-pid----2088----pid-2088
---ebpf-pid----2088----pid-1
---ebpf-pid----2088----pid-2088
---ebpf-pid----2088----pid-1
---ebpf-pid----2088----pid-2088
---ebpf-pid----2088----pid-1
---ebpf-pid----2088----pid-2088
---ebpf-pid----2088----pid-1
---ebpf-pid----2088----pid-2088
---ebpf-pid----2088----pid-1
---ebpf-pid----2088----pid-2088
---ebpf-pid----2088----pid-1
---ebpf-pid----2088----pid-2088
---ebpf-pid----2088----pid-1
---ebpf-pid----2088----pid-2088
---ebpf-pid----2088----pid-1
---ebpf-pid----2088----pid-2088
---ebpf-pid----2088----pid-1
---ebpf-pid----2088----pid-2088
---ebpf-pid----2088----pid-1
---ebpf-pid----2088----pid-2088
---ebpf-pid----2088----pid-1
---ebpf-pid----2088----pid-2088
---ebpf-pid----2088----pid-1
---ebpf-pid----2088----pid-2088
---ebpf-pid----2088----pid-1
---ebpf-pid----5108----pid-5108
---ebpf-pid----2088----pid-2088
---ebpf-pid----2088----pid-1
---ebpf-pid----2088----pid-2088
---ebpf-pid----2088----pid-1
---ebpf-pid----2088----pid-2088
---ebpf-pid----2088----pid-1
---ebpf-pid----2088----pid-2088
---ebpf-pid----2088----pid-1
---ebpf-pid----2088----pid-2088
---ebpf-pid----2088----pid-1
---ebpf-pid----2088----pid-2088
---ebpf-pid----5707----pid-1
---ebpf-pid----2088----pid-1
---ebpf-pid----5707----pid-5707
---ebpf-pid----2089----pid-2089
---ebpf-pid----5707----pid-5476
---ebpf-pid----2089----pid-1
---ebpf-pid----2089----pid-2089
---ebpf-pid----5707----pid-1
---ebpf-pid----5707----pid-5707
---ebpf-pid----2089----pid-1
---ebpf-pid----2089----pid-2089
---ebpf-pid----5707----pid-5476
---ebpf-pid----2089----pid-1
---ebpf-pid----2089----pid-2089
---ebpf-pid----5707----pid-1
---ebpf-pid----5707----pid-5707
---ebpf-pid----2089----pid-1
---ebpf-pid----2089----pid-2089
---ebpf-pid----5707----pid-5476
---ebpf-pid----5707----pid-1
---ebpf-pid----2089----pid-1
---ebpf-pid----5707----pid-5707
---ebpf-pid----2089----pid-2089
---ebpf-pid----5707----pid-5476
---ebpf-pid----2089----pid-1
---ebpf-pid----2089----pid-2089
---ebpf-pid----2089----pid-1
---ebpf-pid----2089----pid-2089
---ebpf-pid----2089----pid-1
---ebpf-pid----2089----pid-2089
---ebpf-pid----2089----pid-1
---ebpf-pid----372881----pid-372881
---ebpf-pid----372881----pid-1
---ebpf-pid----372881----pid-372881
---ebpf-pid----372881----pid-1
---ebpf-pid----372881----pid-372881
---ebpf-pid----372881----pid-1
---ebpf-pid----372881----pid-372881
---ebpf-pid----5108----pid-3323
---ebpf-pid----5108----pid-1
---ebpf-pid----5108----pid-5108
---ebpf-pid----5108----pid-3323
---ebpf-pid----5108----pid-1
---ebpf-pid----5108----pid-5108
---ebpf-pid----372881----pid-1
---ebpf-pid----372881----pid-372881
---ebpf-pid----5108----pid-3323
---ebpf-pid----372881----pid-1
---ebpf-pid----372881----pid-372881
---ebpf-pid----372881----pid-1
---ebpf-pid----372881----pid-372881
---ebpf-pid----372881----pid-1
---ebpf-pid----372881----pid-372881
---ebpf-pid----372881----pid-1
---ebpf-pid----372881----pid-372881
---ebpf-pid----372881----pid-1
---ebpf-pid----2094----pid-2094
---ebpf-pid----2094----pid-1
---ebpf-pid----2094----pid-2094
---ebpf-pid----2094----pid-1
---ebpf-pid----2094----pid-2094
---ebpf-pid----2094----pid-1
---ebpf-pid----2094----pid-2094
---ebpf-pid----2094----pid-1
---ebpf-pid----2088----pid-2088
---ebpf-pid----2088----pid-1
---ebpf-pid----2088----pid-2088
---ebpf-pid----2088----pid-1
---ebpf-pid----379067----pid-379067
---ebpf-pid----379067----pid-5476
---ebpf-pid----379067----pid-1
---ebpf-pid----379067----pid-379067
---ebpf-pid----379067----pid-5476
---ebpf-pid----379067----pid-1
---ebpf-pid----379067----pid-379067
---ebpf-pid----379067----pid-5476
---ebpf-pid----379067----pid-1
---ebpf-pid----372881----pid-372881
---ebpf-pid----372881----pid-1
---ebpf-pid----372881----pid-372881
---ebpf-pid----372881----pid-1
---ebpf-pid----372881----pid-372881
---ebpf-pid----372881----pid-1
---ebpf-pid----372881----pid-372881
---ebpf-pid----372881----pid-1
---ebpf-pid----372881----pid-372881
---ebpf-pid----372881----pid-1
---ebpf-pid----372881----pid-372881
---ebpf-pid----372881----pid-1
---ebpf-pid----372881----pid-372881
---ebpf-pid----372881----pid-1
---ebpf-pid----372881----pid-372881
---ebpf-pid----372881----pid-1
---ebpf-pid----372881----pid-372881
---ebpf-pid----372881----pid-1
---ebpf-pid----372881----pid-372881
---ebpf-pid----372881----pid-1
---ebpf-pid----2094----pid-2094
---ebpf-pid----2094----pid-1
---ebpf-pid----2094----pid-2094
---ebpf-pid----2094----pid-1
---ebpf-pid----2094----pid-2094
---ebpf-pid----2094----pid-1
---ebpf-pid----2094----pid-2094
---ebpf-pid----2094----pid-1
---ebpf-pid----2094----pid-2094
---ebpf-pid----2094----pid-1
---ebpf-pid----2094----pid-2094
---ebpf-pid----2094----pid-1
---ebpf-pid----2094----pid-2094
---ebpf-pid----5108----pid-1
---ebpf-pid----5108----pid-5108
---ebpf-pid----2094----pid-1
---ebpf-pid----2094----pid-2094
---ebpf-pid----5108----pid-3323
---ebpf-pid----2094----pid-1
---ebpf-pid----5108----pid-1
---ebpf-pid----2094----pid-2094
---ebpf-pid----5108----pid-5108
---ebpf-pid----5108----pid-3323
---ebpf-pid----2094----pid-1
---ebpf-pid----5108----pid-1
---ebpf-pid----2094----pid-2094
---ebpf-pid----5108----pid-5108
---ebpf-pid----5108----pid-3323
---ebpf-pid----5108----pid-1
---ebpf-pid----2094----pid-1
---ebpf-pid----5108----pid-5108
---ebpf-pid----2094----pid-2094
---ebpf-pid----5108----pid-3323
---ebpf-pid----2094----pid-1
---ebpf-pid----2094----pid-2094
---ebpf-pid----5108----pid-1
---ebpf-pid----5108----pid-5108
---ebpf-pid----2094----pid-1
---ebpf-pid----5108----pid-3323
---ebpf-pid----2094----pid-2094
---ebpf-pid----5108----pid-1
---ebpf-pid----2094----pid-1
---ebpf-pid----5108----pid-5108
---ebpf-pid----2094----pid-2094
---ebpf-pid----5108----pid-3323
---ebpf-pid----2094----pid-1
---ebpf-pid----2094----pid-2094
---ebpf-pid----5108----pid-1
---ebpf-pid----5108----pid-5108
---ebpf-pid----2094----pid-1
---ebpf-pid----5108----pid-3323
---ebpf-pid----2094----pid-2094
---ebpf-pid----5108----pid-1
---ebpf-pid----5108----pid-5108
---ebpf-pid----2094----pid-1
---ebpf-pid----2094----pid-2094
---ebpf-pid----5108----pid-3323
---ebpf-pid----2094----pid-1
---ebpf-pid----5108----pid-1
---ebpf-pid----2094----pid-2094
---ebpf-pid----5108----pid-5108
---ebpf-pid----5108----pid-3323
---ebpf-pid----2094----pid-1
---ebpf-pid----373029----pid-373029
---ebpf-pid----5108----pid-1
---ebpf-pid----5108----pid-5108
---ebpf-pid----373029----pid-5476
---ebpf-pid----5108----pid-3323
---ebpf-pid----373029----pid-1
---ebpf-pid----5108----pid-1
---ebpf-pid----373029----pid-373029
---ebpf-pid----5108----pid-5108
---ebpf-pid----5108----pid-3323
---ebpf-pid----5108----pid-1
---ebpf-pid----5108----pid-5108
---ebpf-pid----373029----pid-5476
---ebpf-pid----373029----pid-1
---ebpf-pid----2094----pid-2094
---ebpf-pid----2094----pid-1
---ebpf-pid----2094----pid-2094
---ebpf-pid----2094----pid-1
---ebpf-pid----2094----pid-2094
---ebpf-pid----2094----pid-1
---ebpf-pid----2094----pid-2094
---ebpf-pid----2094----pid-1
---ebpf-pid----2094----pid-2094
---ebpf-pid----2094----pid-1
---ebpf-pid----2094----pid-2094
---ebpf-pid----2094----pid-1
---ebpf-pid----2094----pid-2094
---ebpf-pid----2094----pid-1
---ebpf-pid----2094----pid-2094
---ebpf-pid----2094----pid-1
---ebpf-pid----2094----pid-2094
---ebpf-pid----2094----pid-1
---ebpf-pid----2094----pid-2094
---ebpf-pid----2094----pid-1
---ebpf-pid----5109----pid-3323
---ebpf-pid----5109----pid-1
---ebpf-pid----5109----pid-5109
---ebpf-pid----5109----pid-3323
---ebpf-pid----5109----pid-1
---ebpf-pid----5109----pid-5109
---ebpf-pid----5109----pid-3323
---ebpf-pid----5109----pid-1
---ebpf-pid----5109----pid-5109
---ebpf-pid----5109----pid-3323
---ebpf-pid----5109----pid-1
---ebpf-pid----5109----pid-5109
---ebpf-pid----5109----pid-3323
---ebpf-pid----5109----pid-1
---ebpf-pid----5109----pid-5109
---ebpf-pid----5109----pid-3323
---ebpf-pid----5109----pid-1
---ebpf-pid----5109----pid-5109
---ebpf-pid----5109----pid-3323
---ebpf-pid----5109----pid-1
---ebpf-pid----376651----pid-376651
---ebpf-pid----376651----pid-3323
---ebpf-pid----376651----pid-1
---ebpf-pid----5109----pid-5109
---ebpf-pid----5109----pid-3323
---ebpf-pid----5109----pid-1
---ebpf-pid----372881----pid-372881
---ebpf-pid----5109----pid-5109
---ebpf-pid----372881----pid-1
---ebpf-pid----372881----pid-372881
---ebpf-pid----372881----pid-1
---ebpf-pid----372881----pid-372881
---ebpf-pid----372881----pid-1
---ebpf-pid----372881----pid-372881
---ebpf-pid----372881----pid-1
---ebpf-pid----372881----pid-372881
---ebpf-pid----5108----pid-3323
---ebpf-pid----372881----pid-1
---ebpf-pid----372881----pid-372881
---ebpf-pid----5108----pid-1
---ebpf-pid----5108----pid-5108
---ebpf-pid----372881----pid-1
---ebpf-pid----372881----pid-372881
---ebpf-pid----5108----pid-3323
---ebpf-pid----372881----pid-1
---ebpf-pid----5108----pid-1
---ebpf-pid----372881----pid-372881
---ebpf-pid----406334----pid-406334
---ebpf-pid----372881----pid-1
---ebpf-pid----406334----pid-3323
---ebpf-pid----372881----pid-372881
---ebpf-pid----406334----pid-1
---ebpf-pid----406334----pid-406334
---ebpf-pid----372881----pid-1
---ebpf-pid----372881----pid-372881
---ebpf-pid----406334----pid-3323
---ebpf-pid----372881----pid-1
---ebpf-pid----406334----pid-1
---ebpf-pid----372881----pid-372881
---ebpf-pid----406334----pid-406334
---ebpf-pid----406334----pid-3323
---ebpf-pid----372881----pid-1
---ebpf-pid----372881----pid-372881
---ebpf-pid----406334----pid-1
---ebpf-pid----406334----pid-406334
---ebpf-pid----372881----pid-1
---ebpf-pid----372881----pid-372881
---ebpf-pid----406334----pid-3323
---ebpf-pid----406334----pid-1
---ebpf-pid----372881----pid-1
---ebpf-pid----372881----pid-372881
---ebpf-pid----372881----pid-1
---ebpf-pid----372881----pid-372881
---ebpf-pid----372881----pid-1
---ebpf-pid----372881----pid-372881
---ebpf-pid----372881----pid-1
---ebpf-pid----372881----pid-372881
---ebpf-pid----406334----pid-406334
---ebpf-pid----372881----pid-1
---ebpf-pid----372881----pid-372881
---ebpf-pid----406334----pid-3323
---ebpf-pid----372881----pid-1
---ebpf-pid----406334----pid-1
---ebpf-pid----372881----pid-372881
---ebpf-pid----406334----pid-406334
---ebpf-pid----406334----pid-3323
---ebpf-pid----372881----pid-1
---ebpf-pid----372881----pid-372881
---ebpf-pid----406334----pid-1
---ebpf-pid----406334----pid-406334
---ebpf-pid----372881----pid-1
---ebpf-pid----372881----pid-372881
---ebpf-pid----406334----pid-3323
---ebpf-pid----372881----pid-1
---ebpf-pid----406334----pid-1
---ebpf-pid----406334----pid-406334
---ebpf-pid----372881----pid-372881
---ebpf-pid----406334----pid-3323
---ebpf-pid----406334----pid-1
---ebpf-pid----406334----pid-406334
---ebpf-pid----406334----pid-3323
---ebpf-pid----406334----pid-1
---ebpf-pid----406334----pid-406334
---ebpf-pid----406334----pid-3323
---ebpf-pid----406334----pid-1
---ebpf-pid----406334----pid-406334
---ebpf-pid----406334----pid-3323
---ebpf-pid----406334----pid-1
---ebpf-pid----406334----pid-406334
---ebpf-pid----372881----pid-1
---ebpf-pid----406334----pid-3323
---ebpf-pid----372881----pid-372881
---ebpf-pid----406334----pid-1
---ebpf-pid----372881----pid-1
---ebpf-pid----406334----pid-406334
---ebpf-pid----372881----pid-372881
---ebpf-pid----406334----pid-3323
---ebpf-pid----372881----pid-1
---ebpf-pid----406334----pid-1
---ebpf-pid----372881----pid-372881
---ebpf-pid----406334----pid-406334
---ebpf-pid----372881----pid-1
---ebpf-pid----372881----pid-372881
---ebpf-pid----372881----pid-1
---ebpf-pid----372881----pid-372881
---ebpf-pid----372881----pid-1
---ebpf-pid----372881----pid-372881
---ebpf-pid----372881----pid-1
---ebpf-pid----372881----pid-372881
---ebpf-pid----372881----pid-1
---ebpf-pid----372881----pid-372881
---ebpf-pid----372881----pid-1
---ebpf-pid----372881----pid-372881
---ebpf-pid----372881----pid-1
---ebpf-pid----372881----pid-372881
---ebpf-pid----406334----pid-3323
---ebpf-pid----406334----pid-1
---ebpf-pid----372881----pid-1
---ebpf-pid----406334----pid-406334
---ebpf-pid----372881----pid-372881
---ebpf-pid----406334----pid-3323
---ebpf-pid----406334----pid-1
---ebpf-pid----406334----pid-406334
---ebpf-pid----406334----pid-3323
---ebpf-pid----406334----pid-1
---ebpf-pid----406334----pid-406334
---ebpf-pid----406334----pid-3323
---ebpf-pid----406334----pid-1
---ebpf-pid----5707----pid-1
---ebpf-pid----5707----pid-5707
---ebpf-pid----5707----pid-5476
---ebpf-pid----5707----pid-1
---ebpf-pid----2012----pid-2012
---ebpf-pid----372881----pid-1
---ebpf-pid----372881----pid-372881
---ebpf-pid----2012----pid-1
---ebpf-pid----372881----pid-372881
---ebpf-pid----372881----pid-1
---ebpf-pid----372881----pid-372881
---ebpf-pid----372881----pid-1
---ebpf-pid----372881----pid-1
---ebpf-pid----372881----pid-372881
---ebpf-pid----406334----pid-406334
---ebpf-pid----372881----pid-372881
---ebpf-pid----372881----pid-1
---ebpf-pid----372881----pid-1
---ebpf-pid----406334----pid-3323
---ebpf-pid----372881----pid-372881
---ebpf-pid----372881----pid-372881
---ebpf-pid----406334----pid-1
---ebpf-pid----372881----pid-1
---ebpf-pid----406334----pid-406334
---ebpf-pid----372881----pid-372881
---ebpf-pid----372881----pid-1
---ebpf-pid----372881----pid-1
---ebpf-pid----406334----pid-3323
---ebpf-pid----372881----pid-372881
---ebpf-pid----406334----pid-1
---ebpf-pid----372881----pid-1
---ebpf-pid----406334----pid-406334
---ebpf-pid----372881----pid-372881
---ebpf-pid----406334----pid-3323
---ebpf-pid----372881----pid-1
---ebpf-pid----372881----pid-372881
---ebpf-pid----406334----pid-1
---ebpf-pid----406334----pid-406334
---ebpf-pid----372881----pid-1
---ebpf-pid----2089----pid-2089
---ebpf-pid----406334----pid-3323
---ebpf-pid----406334----pid-1
---ebpf-pid----2089----pid-1
---ebpf-pid----406334----pid-406334
---ebpf-pid----2089----pid-2089
---ebpf-pid----406334----pid-3323
---ebpf-pid----2089----pid-1
---ebpf-pid----2089----pid-2089
---ebpf-pid----406334----pid-1
---ebpf-pid----406334----pid-406334
---ebpf-pid----2089----pid-1
---ebpf-pid----406334----pid-3323
---ebpf-pid----2089----pid-2089
---ebpf-pid----406334----pid-1
---ebpf-pid----406334----pid-406334
---ebpf-pid----406334----pid-3323
---ebpf-pid----406334----pid-1
---ebpf-pid----379067----pid-379067
---ebpf-pid----379067----pid-5476
---ebpf-pid----379067----pid-1
---ebpf-pid----379067----pid-379067
---ebpf-pid----379067----pid-5476
---ebpf-pid----379067----pid-1
---ebpf-pid----379067----pid-379067
---ebpf-pid----379067----pid-5476
---ebpf-pid----379067----pid-1
---ebpf-pid----379067----pid-379067
---ebpf-pid----379067----pid-5476
---ebpf-pid----379067----pid-1
---ebpf-pid----379067----pid-379067
---ebpf-pid----379067----pid-5476
---ebpf-pid----379067----pid-1
---ebpf-pid----379067----pid-379067
---ebpf-pid----379067----pid-5476
---ebpf-pid----379067----pid-1
---ebpf-pid----379067----pid-379067
---ebpf-pid----379067----pid-5476
---ebpf-pid----379067----pid-1
---ebpf-pid----379067----pid-379067
---ebpf-pid----379067----pid-5476
---ebpf-pid----379067----pid-1
---ebpf-pid----379067----pid-379067
---ebpf-pid----448783----pid-448783
---ebpf-pid----448783----pid-448520
---ebpf-pid----448783----pid-1
---ebpf-pid----21----pid-21
---ebpf-pid----21----pid-2
---ebpf-pid----2088----pid-2088
---ebpf-pid----5109----pid-3323
---ebpf-pid----5109----pid-1
---ebpf-pid----5109----pid-5109
---ebpf-pid----5109----pid-3323
---ebpf-pid----5109----pid-1
---ebpf-pid----5109----pid-5109
---ebpf-pid----5109----pid-3323
---ebpf-pid----5109----pid-1
---ebpf-pid----5109----pid-5109
---ebpf-pid----2089----pid-1
---ebpf-pid----5109----pid-3323
---ebpf-pid----2089----pid-2089
---ebpf-pid----5109----pid-1
---ebpf-pid----5109----pid-5109
---ebpf-pid----2089----pid-1
---ebpf-pid----372881----pid-372881
---ebpf-pid----5109----pid-3323
---ebpf-pid----372881----pid-1
---ebpf-pid----5109----pid-1
---ebpf-pid----5109----pid-5109
---ebpf-pid----372881----pid-372881
---ebpf-pid----5109----pid-3323
---ebpf-pid----5109----pid-1
---ebpf-pid----5109----pid-5109
---ebpf-pid----372881----pid-1
---ebpf-pid----5109----pid-3323
---ebpf-pid----372881----pid-372881
---ebpf-pid----5109----pid-1
---ebpf-pid----372881----pid-1
---ebpf-pid----5109----pid-5109
---ebpf-pid----372881----pid-372881
---ebpf-pid----372881----pid-1
---ebpf-pid----372881----pid-372881
---ebpf-pid----372881----pid-1
---ebpf-pid----372881----pid-372881
---ebpf-pid----372881----pid-1
---ebpf-pid----2088----pid-2088
---ebpf-pid----2088----pid-1
---ebpf-pid----2088----pid-2088
---ebpf-pid----2088----pid-1
---ebpf-pid----2088----pid-2088
---ebpf-pid----2088----pid-1
---ebpf-pid----2088----pid-2088
---ebpf-pid----2088----pid-1
---ebpf-pid----2088----pid-2088
---ebpf-pid----2088----pid-1
---ebpf-pid----2088----pid-2088
---ebpf-pid----2088----pid-1
---ebpf-pid----2088----pid-2088
---ebpf-pid----2088----pid-1
---ebpf-pid----2088----pid-2088
---ebpf-pid----2088----pid-1
---ebpf-pid----2088----pid-2088
---ebpf-pid----2088----pid-1
---ebpf-pid----2088----pid-2088
---ebpf-pid----2088----pid-1
---ebpf-pid----2088----pid-2088
---ebpf-pid----2088----pid-1
---ebpf-pid----2088----pid-2088
---ebpf-pid----2088----pid-1
---ebpf-pid----2088----pid-2088
---ebpf-pid----2088----pid-1
---ebpf-pid----2088----pid-2088
---ebpf-pid----2088----pid-1
---ebpf-pid----2088----pid-2088
---ebpf-pid----2088----pid-1
---ebpf-pid----2088----pid-2088
---ebpf-pid----2088----pid-1
---ebpf-pid----2088----pid-2088
---ebpf-pid----2088----pid-1
---ebpf-pid----2088----pid-2088
---ebpf-pid----2088----pid-1
---ebpf-pid----2088----pid-2088
---ebpf-pid----2088----pid-1
---ebpf-pid----2088----pid-2088
---ebpf-pid----2088----pid-1
---ebpf-pid----2088----pid-2088
---ebpf-pid----2088----pid-1
---ebpf-pid----372881----pid-372881
---ebpf-pid----372881----pid-1
---ebpf-pid----2088----pid-2088
---ebpf-pid----2088----pid-1
---ebpf-pid----2089----pid-2089
---ebpf-pid----2089----pid-1
---ebpf-pid----2089----pid-2089
---ebpf-pid----2088----pid-1
---ebpf-pid----2089----pid-1
---ebpf-pid----2088----pid-2088
---ebpf-pid----2089----pid-2089
---ebpf-pid----2089----pid-1
---ebpf-pid----2088----pid-1
---ebpf-pid----2089----pid-2089
---ebpf-pid----2088----pid-2088
---ebpf-pid----2089----pid-1
---ebpf-pid----2089----pid-2089
---ebpf-pid----2088----pid-1
---ebpf-pid----2088----pid-2088
---ebpf-pid----2089----pid-1
---ebpf-pid----2089----pid-2089
---ebpf-pid----2088----pid-1
---ebpf-pid----2089----pid-1
---ebpf-pid----2088----pid-2088
---ebpf-pid----2089----pid-2089
---ebpf-pid----2088----pid-1
---ebpf-pid----2089----pid-1
---ebpf-pid----2089----pid-2089
---ebpf-pid----2088----pid-2088
---ebpf-pid----2089----pid-1
---ebpf-pid----2088----pid-1
---ebpf-pid----2089----pid-2089
---ebpf-pid----2088----pid-2088
---ebpf-pid----2089----pid-1
---ebpf-pid----2088----pid-1
---ebpf-pid----2089----pid-2089
---ebpf-pid----2088----pid-2088
---ebpf-pid----2089----pid-1
---ebpf-pid----2089----pid-2089
---ebpf-pid----2088----pid-1
---ebpf-pid----2088----pid-2088
---ebpf-pid----2089----pid-1
---ebpf-pid----2089----pid-2089
---ebpf-pid----2088----pid-1
---ebpf-pid----2088----pid-2088
---ebpf-pid----2088----pid-1
---ebpf-pid----2088----pid-2088
---ebpf-pid----5109----pid-3323
---ebpf-pid----2088----pid-1
---ebpf-pid----2088----pid-2088
---ebpf-pid----5109----pid-1
---ebpf-pid----5109----pid-5109
---ebpf-pid----2088----pid-1
---ebpf-pid----2088----pid-2088
---ebpf-pid----5109----pid-3323
---ebpf-pid----2088----pid-1
---ebpf-pid----5109----pid-1
---ebpf-pid----2088----pid-2088
---ebpf-pid----5109----pid-5109
---ebpf-pid----2088----pid-1
---ebpf-pid----5109----pid-3323
---ebpf-pid----2088----pid-2088
---ebpf-pid----5109----pid-1
---ebpf-pid----2088----pid-1
---ebpf-pid----2088----pid-2088
---ebpf-pid----5109----pid-5109
---ebpf-pid----2088----pid-1
---ebpf-pid----5109----pid-3323
---ebpf-pid----2088----pid-2088
---ebpf-pid----2088----pid-1
---ebpf-pid----5109----pid-1
---ebpf-pid----379067----pid-379067
---ebpf-pid----5109----pid-5109
---ebpf-pid----379067----pid-5476
---ebpf-pid----379067----pid-1
---ebpf-pid----379067----pid-379067
---ebpf-pid----379067----pid-5476
---ebpf-pid----379067----pid-1
---ebpf-pid----379067----pid-379067
---ebpf-pid----379067----pid-5476
---ebpf-pid----379067----pid-1
---ebpf-pid----379067----pid-379067
---ebpf-pid----379067----pid-5476
---ebpf-pid----379067----pid-1
---ebpf-pid----379067----pid-379067
---ebpf-pid----379067----pid-5476
---ebpf-pid----379067----pid-1
---ebpf-pid----379067----pid-379067
---ebpf-pid----379067----pid-5476
---ebpf-pid----379067----pid-1
---ebpf-pid----379067----pid-379067
---ebpf-pid----379067----pid-5476
---ebpf-pid----379067----pid-1
---ebpf-pid----379067----pid-379067
---ebpf-pid----379067----pid-5476
---ebpf-pid----379067----pid-1
---ebpf-pid----379067----pid-379067
---ebpf-pid----379067----pid-5476
---ebpf-pid----379067----pid-1
---ebpf-pid----379067----pid-379067
---ebpf-pid----5109----pid-3323
---ebpf-pid----5109----pid-1
---ebpf-pid----5109----pid-5109
---ebpf-pid----5109----pid-3323
---ebpf-pid----5109----pid-1
---ebpf-pid----5109----pid-5109
---ebpf-pid----5109----pid-3323
---ebpf-pid----5109----pid-1
---ebpf-pid----5109----pid-5109
---ebpf-pid----5109----pid-3323
---ebpf-pid----5109----pid-1
---ebpf-pid----5109----pid-5109
---ebpf-pid----5109----pid-3323
---ebpf-pid----5109----pid-1
---ebpf-pid----5109----pid-5109
---ebpf-pid----5109----pid-3323
---ebpf-pid----5109----pid-1
---ebpf-pid----5109----pid-5109
---ebpf-pid----5109----pid-3323
---ebpf-pid----5109----pid-1
---ebpf-pid----5109----pid-5109
---ebpf-pid----5109----pid-3323
---ebpf-pid----5109----pid-1
---ebpf-pid----5109----pid-5109
---ebpf-pid----5109----pid-3323
---ebpf-pid----5109----pid-1
---ebpf-pid----5109----pid-5109
---ebpf-pid----5109----pid-3323
---ebpf-pid----5109----pid-1
---ebpf-pid----5109----pid-5109
---ebpf-pid----5109----pid-3323
---ebpf-pid----5109----pid-1
---ebpf-pid----5109----pid-5109
---ebpf-pid----5109----pid-3323
---ebpf-pid----5109----pid-1
---ebpf-pid----5109----pid-5109
---ebpf-pid----5109----pid-3323
---ebpf-pid----379067----pid-5476
---ebpf-pid----379067----pid-5476
---ebpf-pid----379067----pid-1
---ebpf-pid----379067----pid-1
---ebpf-pid----379067----pid-379067
---ebpf-pid----379067----pid-379067
---ebpf-pid----379067----pid-5476
---ebpf-pid----379067----pid-5476
---ebpf-pid----379067----pid-1
---ebpf-pid----379067----pid-1
---ebpf-pid----379067----pid-379067
---ebpf-pid----379067----pid-379067
---ebpf-pid----379067----pid-5476
---ebpf-pid----379067----pid-5476
---ebpf-pid----379067----pid-1
---ebpf-pid----379067----pid-379067
---ebpf-pid----379067----pid-1
---ebpf-pid----379067----pid-379067
---ebpf-pid----379067----pid-5476
---ebpf-pid----379067----pid-5476
---ebpf-pid----379067----pid-1
---ebpf-pid----379067----pid-379067
---ebpf-pid----379067----pid-5476
---ebpf-pid----2089----pid-1
---ebpf-pid----2089----pid-2089
---ebpf-pid----379067----pid-1
---ebpf-pid----379067----pid-379067
---ebpf-pid----2089----pid-1
---ebpf-pid----2089----pid-2089
---ebpf-pid----2089----pid-1
---ebpf-pid----2089----pid-2089
---ebpf-pid----2089----pid-1
---ebpf-pid----2089----pid-2089
---ebpf-pid----2089----pid-1
---ebpf-pid----2089----pid-2089
---ebpf-pid----379067----pid-5476
---ebpf-pid----2089----pid-1
---ebpf-pid----379067----pid-1
---ebpf-pid----2089----pid-2089
---ebpf-pid----379067----pid-379067
---ebpf-pid----2089----pid-1
---ebpf-pid----379067----pid-5476
---ebpf-pid----2089----pid-2089
---ebpf-pid----2089----pid-1
---ebpf-pid----379067----pid-1
---ebpf-pid----379067----pid-379067
---ebpf-pid----379067----pid-5476
---ebpf-pid----379067----pid-1
---ebpf-pid----379067----pid-379067
---ebpf-pid----379067----pid-5476
---ebpf-pid----379067----pid-1
---ebpf-pid----379067----pid-379067
---ebpf-pid----379067----pid-1
---ebpf-pid----379067----pid-5476
---ebpf-pid----379067----pid-1
---ebpf-pid----379067----pid-379067
---ebpf-pid----379067----pid-5476
---ebpf-pid----379067----pid-1
---ebpf-pid----379067----pid-379067
---ebpf-pid----379067----pid-5476
---ebpf-pid----379067----pid-1
---ebpf-pid----2089----pid-2089
---ebpf-pid----2089----pid-1
---ebpf-pid----2089----pid-2089
---ebpf-pid----2089----pid-1
---ebpf-pid----2089----pid-2089
---ebpf-pid----2089----pid-1
---ebpf-pid----2089----pid-2089
---ebpf-pid----2089----pid-1
---ebpf-pid----2089----pid-2089
---ebpf-pid----2089----pid-1
---ebpf-pid----2089----pid-2089
---ebpf-pid----2089----pid-1
---ebpf-pid----2089----pid-2089
---ebpf-pid----2089----pid-1
---ebpf-pid----2089----pid-2089
---ebpf-pid----2089----pid-1
---ebpf-pid----2089----pid-2089
---ebpf-pid----2089----pid-1
---ebpf-pid----372881----pid-372881
---ebpf-pid----379067----pid-379067
---ebpf-pid----372881----pid-1
---ebpf-pid----379067----pid-5476
---ebpf-pid----372881----pid-372881
---ebpf-pid----372881----pid-1
---ebpf-pid----372881----pid-372881
---ebpf-pid----372881----pid-1
---ebpf-pid----372881----pid-372881
---ebpf-pid----372881----pid-1
---ebpf-pid----372881----pid-372881
---ebpf-pid----372881----pid-1
---ebpf-pid----372881----pid-372881
---ebpf-pid----372881----pid-1
---ebpf-pid----372881----pid-372881
---ebpf-pid----372881----pid-1
---ebpf-pid----372881----pid-372881
---ebpf-pid----372881----pid-1
---ebpf-pid----2012----pid-2012
---ebpf-pid----2012----pid-1
---ebpf-pid----372881----pid-372881
---ebpf-pid----372881----pid-1
---ebpf-pid----372881----pid-372881
---ebpf-pid----372881----pid-1
---ebpf-pid----2089----pid-2089
---ebpf-pid----2089----pid-1
---ebpf-pid----2089----pid-2089
---ebpf-pid----2089----pid-1
---ebpf-pid----2089----pid-2089
---ebpf-pid----2089----pid-1
---ebpf-pid----2089----pid-2089
---ebpf-pid----2089----pid-1
---ebpf-pid----2089----pid-2089
---ebpf-pid----2089----pid-1
---ebpf-pid----2089----pid-2089
---ebpf-pid----2089----pid-1
---ebpf-pid----2089----pid-2089
---ebpf-pid----2089----pid-1
---ebpf-pid----372881----pid-372881
---ebpf-pid----5109----pid-1
---ebpf-pid----53663----pid-53663
---ebpf-pid----372881----pid-1
---ebpf-pid----372881----pid-372881
---ebpf-pid----53663----pid-3466
---ebpf-pid----372881----pid-1
---ebpf-pid----53663----pid-1
---ebpf-pid----372881----pid-372881
---ebpf-pid----4501----pid-4501
---ebpf-pid----372881----pid-1
---ebpf-pid----372881----pid-372881
---ebpf-pid----4501----pid-3466
---ebpf-pid----372881----pid-1
---ebpf-pid----4501----pid-1
---ebpf-pid----372881----pid-372881
---ebpf-pid----14----pid-14
---ebpf-pid----372881----pid-1
---ebpf-pid----14----pid-2
---ebpf-pid----53663----pid-53663
---ebpf-pid----372881----pid-372881
---ebpf-pid----53663----pid-3466
---ebpf-pid----372881----pid-1
---ebpf-pid----372881----pid-372881
---ebpf-pid----53663----pid-1
---ebpf-pid----5109----pid-5109
---ebpf-pid----372881----pid-1
---ebpf-pid----372881----pid-372881
---ebpf-pid----5109----pid-3323
---ebpf-pid----372881----pid-1
---ebpf-pid----372881----pid-372881
---ebpf-pid----372881----pid-1
---ebpf-pid----2012----pid-2012
---ebpf-pid----2012----pid-1
---ebpf-pid----2012----pid-2012
---ebpf-pid----2012----pid-1
---ebpf-pid----2012----pid-2012
---ebpf-pid----2012----pid-1
---ebpf-pid----2012----pid-2012
---ebpf-pid----2012----pid-1
---ebpf-pid----2094----pid-2094
---ebpf-pid----2094----pid-1
---ebpf-pid----2094----pid-2094
---ebpf-pid----2094----pid-1
---ebpf-pid----2094----pid-2094
---ebpf-pid----2094----pid-1
---ebpf-pid----2094----pid-2094
---ebpf-pid----2094----pid-1
---ebpf-pid----2094----pid-2094
---ebpf-pid----2094----pid-1
---ebpf-pid----448785----pid-448785
---ebpf-pid----448785----pid-448520
---ebpf-pid----448785----pid-1
---ebpf-pid----2089----pid-2089
---ebpf-pid----2089----pid-1
---ebpf-pid----2089----pid-2089
---ebpf-pid----2089----pid-1
---ebpf-pid----2089----pid-2089
---ebpf-pid----2089----pid-1
---ebpf-pid----2089----pid-2089
---ebpf-pid----2089----pid-1
---ebpf-pid----2089----pid-2089
---ebpf-pid----2089----pid-1
---ebpf-pid----2089----pid-2089
---ebpf-pid----2089----pid-1
---ebpf-pid----2089----pid-2089
---ebpf-pid----2089----pid-1
---ebpf-pid----2012----pid-2012
---ebpf-pid----2012----pid-1
---ebpf-pid----2012----pid-2012
---ebpf-pid----2012----pid-1
---ebpf-pid----2012----pid-2012
---ebpf-pid----2012----pid-1
---ebpf-pid----2012----pid-2012
---ebpf-pid----2012----pid-1
---ebpf-pid----2012----pid-2012
---ebpf-pid----2012----pid-1
---ebpf-pid----2012----pid-2012
---ebpf-pid----2012----pid-1
---ebpf-pid----2012----pid-2012
---ebpf-pid----2012----pid-1
---ebpf-pid----2012----pid-2012
---ebpf-pid----2012----pid-1
---ebpf-pid----2012----pid-2012
---ebpf-pid----2012----pid-1
---ebpf-pid----2012----pid-2012
---ebpf-pid----2012----pid-1
---ebpf-pid----372881----pid-372881
---ebpf-pid----372881----pid-1
---ebpf-pid----2094----pid-2094
---ebpf-pid----2094----pid-1
---ebpf-pid----2094----pid-2094
---ebpf-pid----2094----pid-1
---ebpf-pid----2094----pid-2094
---ebpf-pid----2094----pid-1
---ebpf-pid----2094----pid-2094
---ebpf-pid----2094----pid-1
---ebpf-pid----2094----pid-2094
---ebpf-pid----2094----pid-1
---ebpf-pid----2094----pid-2094
---ebpf-pid----2094----pid-1
---ebpf-pid----2094----pid-2094
---ebpf-pid----2094----pid-1
---ebpf-pid----2094----pid-2094
---ebpf-pid----2094----pid-1
---ebpf-pid----2094----pid-2094
---ebpf-pid----2094----pid-1
---ebpf-pid----372714----pid-372714
---ebpf-pid----372714----pid-5476
---ebpf-pid----372714----pid-1
---ebpf-pid----372714----pid-372714
---ebpf-pid----372714----pid-5476
---ebpf-pid----372714----pid-1
---ebpf-pid----372714----pid-372714
---ebpf-pid----372714----pid-5476
---ebpf-pid----372714----pid-1
---ebpf-pid----372714----pid-372714
---ebpf-pid----372714----pid-5476
---ebpf-pid----372714----pid-1
---ebpf-pid----372714----pid-372714
---ebpf-pid----372714----pid-5476
---ebpf-pid----372714----pid-1
---ebpf-pid----372714----pid-372714
---ebpf-pid----372714----pid-5476
---ebpf-pid----372714----pid-1
---ebpf-pid----372714----pid-372714
---ebpf-pid----372714----pid-5476
---ebpf-pid----372714----pid-1
---ebpf-pid----372714----pid-372714
---ebpf-pid----372714----pid-5476
---ebpf-pid----372714----pid-1
---ebpf-pid----372714----pid-372714
---ebpf-pid----372714----pid-5476
---ebpf-pid----372714----pid-1
---ebpf-pid----372881----pid-372881
---ebpf-pid----372881----pid-1
---ebpf-pid----372714----pid-372714
---ebpf-pid----372714----pid-5476
---ebpf-pid----372714----pid-1
---ebpf-pid----372714----pid-372714
---ebpf-pid----372714----pid-5476
---ebpf-pid----372714----pid-1
---ebpf-pid----9422----pid-9422
---ebpf-pid----9422----pid-7637
---ebpf-pid----9422----pid-1
---ebpf-pid----9422----pid-9422
---ebpf-pid----9422----pid-7637
---ebpf-pid----9422----pid-1
---ebpf-pid----9422----pid-9422
---ebpf-pid----9422----pid-7637
---ebpf-pid----9422----pid-1
---ebpf-pid----9422----pid-9422
---ebpf-pid----9422----pid-7637
---ebpf-pid----9422----pid-1
---ebpf-pid----9422----pid-9422
---ebpf-pid----9422----pid-7637
---ebpf-pid----9422----pid-1
---ebpf-pid----9422----pid-9422
---ebpf-pid----9422----pid-7637
---ebpf-pid----9422----pid-1
---ebpf-pid----8845----pid-8845
---ebpf-pid----8845----pid-7637
---ebpf-pid----8845----pid-1
---ebpf-pid----8845----pid-8845
---ebpf-pid----8845----pid-7637
---ebpf-pid----8845----pid-1
---ebpf-pid----8845----pid-8845
---ebpf-pid----8845----pid-7637
---ebpf-pid----8845----pid-1
---ebpf-pid----8845----pid-8845
---ebpf-pid----8845----pid-7637
---ebpf-pid----8845----pid-1
---ebpf-pid----8845----pid-8845
---ebpf-pid----8845----pid-7637
---ebpf-pid----8845----pid-1
---ebpf-pid----8845----pid-8845
---ebpf-pid----8845----pid-7637
---ebpf-pid----2089----pid-2089
---ebpf-pid----2089----pid-1
---ebpf-pid----2089----pid-2089
---ebpf-pid----2089----pid-1
---ebpf-pid----2089----pid-2089
---ebpf-pid----2089----pid-1
---ebpf-pid----2089----pid-2089
---ebpf-pid----2089----pid-1
---ebpf-pid----2089----pid-2089
---ebpf-pid----2089----pid-1
---ebpf-pid----2088----pid-2088
---ebpf-pid----2088----pid-1
---ebpf-pid----2088----pid-2088
---ebpf-pid----2088----pid-1
---ebpf-pid----2088----pid-2088
---ebpf-pid----379067----pid-1
---ebpf-pid----8845----pid-1
---ebpf-pid----379067----pid-379067
---ebpf-pid----8845----pid-8845
---ebpf-pid----5109----pid-1
---ebpf-pid----406334----pid-406334
---ebpf-pid----379067----pid-5476
---ebpf-pid----8845----pid-7637
---ebpf-pid----379067----pid-1
---ebpf-pid----406334----pid-3323
---ebpf-pid----8845----pid-1
---ebpf-pid----379067----pid-379067
---ebpf-pid----8845----pid-8845
---ebpf-pid----406334----pid-1
---ebpf-pid----379067----pid-5476
---ebpf-pid----406334----pid-406334
---ebpf-pid----8845----pid-7637
---ebpf-pid----379067----pid-1
---ebpf-pid----406334----pid-3323
---ebpf-pid----8845----pid-1
---ebpf-pid----406334----pid-1
---ebpf-pid----406334----pid-406334
---ebpf-pid----379067----pid-379067
---ebpf-pid----406334----pid-3323
---ebpf-pid----8845----pid-8845
---ebpf-pid----8845----pid-7637
---ebpf-pid----406334----pid-1
---ebpf-pid----406334----pid-406334
---ebpf-pid----406334----pid-3323
---ebpf-pid----406334----pid-1
---ebpf-pid----406334----pid-406334
---ebpf-pid----2088----pid-1
---ebpf-pid----406334----pid-3323
---ebpf-pid----8845----pid-1
---ebpf-pid----406334----pid-1
---ebpf-pid----379067----pid-379067
---ebpf-pid----8845----pid-8845
---ebpf-pid----379067----pid-5476
---ebpf-pid----379067----pid-1
---ebpf-pid----379067----pid-379067
---ebpf-pid----8845----pid-7637
---ebpf-pid----379067----pid-5476
---ebpf-pid----379067----pid-1
---ebpf-pid----2088----pid-2088
---ebpf-pid----379067----pid-379067
---ebpf-pid----379067----pid-5476
---ebpf-pid----379067----pid-1
---ebpf-pid----379067----pid-379067
---ebpf-pid----379067----pid-5476
---ebpf-pid----379067----pid-1
---ebpf-pid----376651----pid-376651
---ebpf-pid----376651----pid-3323
---ebpf-pid----8845----pid-1
---ebpf-pid----2088----pid-2088
---ebpf-pid----376651----pid-1
---ebpf-pid----376651----pid-376651
---ebpf-pid----2088----pid-1
---ebpf-pid----2088----pid-2088
---ebpf-pid----376651----pid-3323
---ebpf-pid----379067----pid-5476
---ebpf-pid----2088----pid-1
---ebpf-pid----376651----pid-1
---ebpf-pid----2088----pid-2088
---ebpf-pid----376651----pid-376651
---ebpf-pid----379067----pid-1
---ebpf-pid----2088----pid-1
---ebpf-pid----379067----pid-379067
---ebpf-pid----376651----pid-3323
---ebpf-pid----2088----pid-2088
---ebpf-pid----376651----pid-1
---ebpf-pid----2088----pid-1
---ebpf-pid----376651----pid-376651
---ebpf-pid----2088----pid-2088
---ebpf-pid----379067----pid-5476
---ebpf-pid----376651----pid-3323
---ebpf-pid----379067----pid-1
---ebpf-pid----2088----pid-1
---ebpf-pid----379067----pid-379067
---ebpf-pid----2088----pid-2088
---ebpf-pid----376651----pid-1
---ebpf-pid----379067----pid-5476
---ebpf-pid----376651----pid-376651
---ebpf-pid----2088----pid-1
---ebpf-pid----2088----pid-2088
---ebpf-pid----379067----pid-1
---ebpf-pid----376651----pid-3323
---ebpf-pid----379067----pid-379067
---ebpf-pid----2088----pid-1
---ebpf-pid----379067----pid-5476
---ebpf-pid----2088----pid-2088
---ebpf-pid----379067----pid-1
---ebpf-pid----2088----pid-1
---ebpf-pid----5707----pid-5707
---ebpf-pid----2088----pid-2088
---ebpf-pid----5707----pid-5476
---ebpf-pid----2088----pid-1
---ebpf-pid----2088----pid-2088
---ebpf-pid----2088----pid-1
---ebpf-pid----2088----pid-2088
---ebpf-pid----2088----pid-1
---ebpf-pid----2088----pid-2088
---ebpf-pid----2088----pid-1
---ebpf-pid----2088----pid-2088
---ebpf-pid----2088----pid-1
---ebpf-pid----2088----pid-2088
---ebpf-pid----2088----pid-1
---ebpf-pid----2088----pid-2088
---ebpf-pid----2088----pid-1
---ebpf-pid----5707----pid-1
---ebpf-pid----2088----pid-2088
---ebpf-pid----5707----pid-5707
---ebpf-pid----2088----pid-1
---ebpf-pid----5707----pid-5476
---ebpf-pid----2088----pid-2088
---ebpf-pid----5707----pid-1
---ebpf-pid----2088----pid-1
---ebpf-pid----5707----pid-5707
---ebpf-pid----2088----pid-2088
---ebpf-pid----5707----pid-5476
---ebpf-pid----2088----pid-1
---ebpf-pid----2088----pid-2088
---ebpf-pid----5707----pid-1
---ebpf-pid----373029----pid-373029
---ebpf-pid----2088----pid-1
---ebpf-pid----2088----pid-2088
---ebpf-pid----373029----pid-5476
---ebpf-pid----2088----pid-1
---ebpf-pid----373029----pid-1
---ebpf-pid----373029----pid-373029
---ebpf-pid----2088----pid-2088
---ebpf-pid----373029----pid-5476
---ebpf-pid----2088----pid-1
---ebpf-pid----2088----pid-2088
---ebpf-pid----373029----pid-1
---ebpf-pid----373029----pid-373029
---ebpf-pid----2088----pid-1
---ebpf-pid----2088----pid-2088
---ebpf-pid----373029----pid-5476
---ebpf-pid----2088----pid-1
---ebpf-pid----373029----pid-1
---ebpf-pid----2088----pid-2088
---ebpf-pid----379067----pid-379067
---ebpf-pid----2088----pid-1
---ebpf-pid----379067----pid-5476
---ebpf-pid----2088----pid-2088
---ebpf-pid----379067----pid-1
---ebpf-pid----2088----pid-1
---ebpf-pid----379067----pid-379067
---ebpf-pid----2088----pid-2088
---ebpf-pid----379067----pid-5476
---ebpf-pid----2088----pid-1
---ebpf-pid----2088----pid-2088
---ebpf-pid----379067----pid-1
---ebpf-pid----379067----pid-379067
---ebpf-pid----2088----pid-1
---ebpf-pid----2088----pid-2088
---ebpf-pid----379067----pid-5476
---ebpf-pid----2088----pid-1
---ebpf-pid----379067----pid-1
---ebpf-pid----2088----pid-2088
---ebpf-pid----379067----pid-379067
---ebpf-pid----2088----pid-1
---ebpf-pid----379067----pid-5476
---ebpf-pid----2088----pid-2088
---ebpf-pid----379067----pid-1
---ebpf-pid----2088----pid-1
---ebpf-pid----379067----pid-379067
---ebpf-pid----2088----pid-2088
---ebpf-pid----2088----pid-1
---ebpf-pid----5707----pid-5707
---ebpf-pid----5707----pid-5476
---ebpf-pid----5707----pid-1
---ebpf-pid----5707----pid-5707
---ebpf-pid----376651----pid-1
---ebpf-pid----379067----pid-5476
---ebpf-pid----376651----pid-376651
---ebpf-pid----376651----pid-3323
---ebpf-pid----376651----pid-1
---ebpf-pid----376651----pid-376651
---ebpf-pid----376651----pid-3323
---ebpf-pid----376651----pid-1
---ebpf-pid----376651----pid-376651
---ebpf-pid----376651----pid-3323
---ebpf-pid----376651----pid-1
---ebpf-pid----376651----pid-376651
---ebpf-pid----376651----pid-3323
---ebpf-pid----5707----pid-5476
---ebpf-pid----5707----pid-1
---ebpf-pid----5707----pid-5707
---ebpf-pid----5707----pid-5476
---ebpf-pid----5707----pid-1
---ebpf-pid----5707----pid-5707
---ebpf-pid----5707----pid-5476
---ebpf-pid----5707----pid-1
---ebpf-pid----5707----pid-5707
---ebpf-pid----5707----pid-5476
---ebpf-pid----5707----pid-1
---ebpf-pid----448783----pid-448783
---ebpf-pid----448783----pid-448520
---ebpf-pid----448783----pid-1
---ebpf-pid----448783----pid-448783
---ebpf-pid----448783----pid-448520
---ebpf-pid----448783----pid-1
---ebpf-pid----448783----pid-448783
---ebpf-pid----448783----pid-448520
---ebpf-pid----379067----pid-1
---ebpf-pid----379067----pid-379067
---ebpf-pid----448783----pid-1
---ebpf-pid----376651----pid-1
---ebpf-pid----372714----pid-372714
---ebpf-pid----379067----pid-5476
---ebpf-pid----379067----pid-1
---ebpf-pid----379067----pid-379067
---ebpf-pid----379067----pid-5476
---ebpf-pid----379067----pid-1
---ebpf-pid----379067----pid-379067
---ebpf-pid----379067----pid-5476
---ebpf-pid----372714----pid-5476
---ebpf-pid----372714----pid-1
---ebpf-pid----372714----pid-372714
---ebpf-pid----372714----pid-5476
---ebpf-pid----379067----pid-1
---ebpf-pid----379067----pid-379067
---ebpf-pid----379067----pid-5476
---ebpf-pid----372714----pid-1
---ebpf-pid----372714----pid-372714
---ebpf-pid----372714----pid-5476
---ebpf-pid----379067----pid-1
---ebpf-pid----372714----pid-1
---ebpf-pid----406334----pid-406334
---ebpf-pid----406334----pid-3323
---ebpf-pid----379067----pid-379067
---ebpf-pid----406334----pid-1
---ebpf-pid----406334----pid-406334
---ebpf-pid----379067----pid-5476
---ebpf-pid----406334----pid-3323
---ebpf-pid----379067----pid-1
---ebpf-pid----406334----pid-1
---ebpf-pid----379067----pid-379067
---ebpf-pid----372714----pid-372714
---ebpf-pid----379067----pid-5476
---ebpf-pid----379067----pid-1
---ebpf-pid----379067----pid-379067
---ebpf-pid----379067----pid-5476
---ebpf-pid----379067----pid-1
---ebpf-pid----379067----pid-379067
---ebpf-pid----379067----pid-5476
---ebpf-pid----379067----pid-1
---ebpf-pid----379067----pid-379067
---ebpf-pid----379067----pid-5476
---ebpf-pid----379067----pid-1
---ebpf-pid----379067----pid-379067
---ebpf-pid----379067----pid-5476
---ebpf-pid----379067----pid-1
---ebpf-pid----379067----pid-379067
---ebpf-pid----379067----pid-5476
---ebpf-pid----379067----pid-1
---ebpf-pid----379067----pid-379067
---ebpf-pid----379067----pid-5476
---ebpf-pid----379067----pid-1
---ebpf-pid----379067----pid-379067
---ebpf-pid----379067----pid-5476
---ebpf-pid----379067----pid-1
---ebpf-pid----379067----pid-379067
---ebpf-pid----379067----pid-5476
---ebpf-pid----379067----pid-1
---ebpf-pid----379067----pid-379067
---ebpf-pid----379067----pid-5476
---ebpf-pid----379067----pid-1
---ebpf-pid----448783----pid-448783
---ebpf-pid----448783----pid-448520
---ebpf-pid----448783----pid-1
---ebpf-pid----372881----pid-372881
---ebpf-pid----372881----pid-1
---ebpf-pid----372881----pid-372881
---ebpf-pid----372881----pid-1
---ebpf-pid----372881----pid-372881
---ebpf-pid----372881----pid-1
---ebpf-pid----372881----pid-372881
---ebpf-pid----372881----pid-1
---ebpf-pid----372881----pid-372881
---ebpf-pid----372881----pid-1
---ebpf-pid----372881----pid-372881
---ebpf-pid----372881----pid-1
---ebpf-pid----372881----pid-372881
---ebpf-pid----372881----pid-1
---ebpf-pid----372881----pid-372881
---ebpf-pid----372881----pid-1
---ebpf-pid----372881----pid-372881
---ebpf-pid----372881----pid-1
---ebpf-pid----2088----pid-2088
---ebpf-pid----2088----pid-1
---ebpf-pid----9034----pid-9034
---ebpf-pid----9034----pid-7637
---ebpf-pid----2088----pid-1
---ebpf-pid----372714----pid-5476
---ebpf-pid----372714----pid-1
---ebpf-pid----372714----pid-372714
---ebpf-pid----372714----pid-5476
---ebpf-pid----372714----pid-1
---ebpf-pid----372714----pid-372714
---ebpf-pid----372714----pid-5476
---ebpf-pid----372714----pid-1
---ebpf-pid----372714----pid-372714
---ebpf-pid----372714----pid-5476
---ebpf-pid----372714----pid-1
---ebpf-pid----372714----pid-372714
---ebpf-pid----372714----pid-5476
---ebpf-pid----9034----pid-1
---ebpf-pid----9034----pid-9034
---ebpf-pid----9034----pid-7637
---ebpf-pid----9034----pid-1
---ebpf-pid----9034----pid-9034
---ebpf-pid----9034----pid-7637
---ebpf-pid----9034----pid-1
---ebpf-pid----9034----pid-9034
---ebpf-pid----9034----pid-7637
---ebpf-pid----9034----pid-1
---ebpf-pid----9034----pid-9034
---ebpf-pid----9034----pid-7637
---ebpf-pid----9034----pid-1
---ebpf-pid----9034----pid-9034
---ebpf-pid----9034----pid-7637
---ebpf-pid----9034----pid-1
---ebpf-pid----9034----pid-9034
---ebpf-pid----9034----pid-7637
---ebpf-pid----9034----pid-1
---ebpf-pid----9034----pid-9034
---ebpf-pid----9034----pid-7637
---ebpf-pid----9034----pid-1
---ebpf-pid----448782----pid-448782
---ebpf-pid----372714----pid-1
---ebpf-pid----379067----pid-379067
---ebpf-pid----379067----pid-5476
---ebpf-pid----379067----pid-1
---ebpf-pid----379067----pid-379067
---ebpf-pid----379067----pid-5476
---ebpf-pid----379067----pid-1
---ebpf-pid----5109----pid-5109
---ebpf-pid----5109----pid-3323
---ebpf-pid----2088----pid-2088
---ebpf-pid----5109----pid-1
---ebpf-pid----5109----pid-5109
---ebpf-pid----5109----pid-3323
---ebpf-pid----2088----pid-1
---ebpf-pid----2088----pid-2088
---ebpf-pid----5109----pid-1
---ebpf-pid----379067----pid-379067
---ebpf-pid----2088----pid-1
---ebpf-pid----379067----pid-5476
---ebpf-pid----2088----pid-2088
---ebpf-pid----379067----pid-1
---ebpf-pid----379067----pid-379067
---ebpf-pid----2088----pid-1
---ebpf-pid----2088----pid-2088
---ebpf-pid----379067----pid-5476
---ebpf-pid----2088----pid-1
---ebpf-pid----379067----pid-1
---ebpf-pid----406335----pid-406335
---ebpf-pid----2088----pid-2088
---ebpf-pid----406335----pid-3323
---ebpf-pid----2088----pid-1
---ebpf-pid----406335----pid-1
---ebpf-pid----2088----pid-2088
---ebpf-pid----406335----pid-406335
---ebpf-pid----379067----pid-379067
---ebpf-pid----406335----pid-3323
---ebpf-pid----406335----pid-1
---ebpf-pid----2088----pid-1
---ebpf-pid----406335----pid-406335
---ebpf-pid----406335----pid-3323
---ebpf-pid----379067----pid-5476
---ebpf-pid----2088----pid-2088
---ebpf-pid----406335----pid-1
---ebpf-pid----406335----pid-406335
---ebpf-pid----406335----pid-3323
---ebpf-pid----2088----pid-1
---ebpf-pid----406335----pid-1
---ebpf-pid----2088----pid-2088
---ebpf-pid----406335----pid-406335
---ebpf-pid----379067----pid-1
---ebpf-pid----373029----pid-373029
---ebpf-pid----373029----pid-5476
---ebpf-pid----2088----pid-1
---ebpf-pid----2088----pid-2088
---ebpf-pid----2088----pid-1
---ebpf-pid----2088----pid-2088
---ebpf-pid----2088----pid-1
---ebpf-pid----2012----pid-2012
---ebpf-pid----2012----pid-1
---ebpf-pid----2012----pid-2012
---ebpf-pid----2012----pid-1
---ebpf-pid----2012----pid-2012
---ebpf-pid----2012----pid-1
---ebpf-pid----2012----pid-2012
---ebpf-pid----2012----pid-1
---ebpf-pid----2012----pid-2012
---ebpf-pid----2012----pid-1
---ebpf-pid----2012----pid-2012
---ebpf-pid----2012----pid-1
---ebpf-pid----2012----pid-2012
---ebpf-pid----2012----pid-1
---ebpf-pid----2012----pid-2012
---ebpf-pid----2012----pid-1
---ebpf-pid----2012----pid-2012
---ebpf-pid----2012----pid-1
---ebpf-pid----2012----pid-2012
---ebpf-pid----2012----pid-1
---ebpf-pid----2012----pid-2012
---ebpf-pid----2012----pid-1
---ebpf-pid----2012----pid-2012
---ebpf-pid----2012----pid-1
---ebpf-pid----2012----pid-2012
---ebpf-pid----2012----pid-1
---ebpf-pid----2012----pid-2012
---ebpf-pid----2012----pid-1
---ebpf-pid----2012----pid-2012
---ebpf-pid----2012----pid-1
---ebpf-pid----2012----pid-2012
---ebpf-pid----406335----pid-3323
---ebpf-pid----406335----pid-1
---ebpf-pid----406335----pid-406335
---ebpf-pid----406335----pid-3323
---ebpf-pid----406335----pid-1
---ebpf-pid----406335----pid-406335
---ebpf-pid----406335----pid-3323
---ebpf-pid----406335----pid-1
---ebpf-pid----406335----pid-406335
---ebpf-pid----373029----pid-1
---ebpf-pid----373029----pid-373029
---ebpf-pid----373029----pid-5476
---ebpf-pid----373029----pid-1
---ebpf-pid----373029----pid-373029
---ebpf-pid----373029----pid-5476
---ebpf-pid----373029----pid-1
---ebpf-pid----373029----pid-373029
---ebpf-pid----373029----pid-5476
---ebpf-pid----373029----pid-1
---ebpf-pid----373029----pid-373029
---ebpf-pid----373029----pid-5476
---ebpf-pid----373029----pid-1
---ebpf-pid----448782----pid-448520
---ebpf-pid----448782----pid-1
---ebpf-pid----448782----pid-448782
---ebpf-pid----448782----pid-448520
---ebpf-pid----448782----pid-1
---ebpf-pid----372881----pid-372881
---ebpf-pid----372881----pid-1
---ebpf-pid----372881----pid-372881
---ebpf-pid----372881----pid-1
---ebpf-pid----372881----pid-372881
---ebpf-pid----372881----pid-1
---ebpf-pid----372881----pid-372881
---ebpf-pid----372881----pid-1
---ebpf-pid----372881----pid-372881
---ebpf-pid----372881----pid-1
---ebpf-pid----372881----pid-372881
---ebpf-pid----372881----pid-1
---ebpf-pid----372881----pid-372881
---ebpf-pid----372881----pid-1
---ebpf-pid----372881----pid-372881
---ebpf-pid----372881----pid-1
---ebpf-pid----372881----pid-372881
---ebpf-pid----372881----pid-1
---ebpf-pid----372881----pid-372881
---ebpf-pid----406335----pid-3323
---ebpf-pid----406335----pid-1
---ebpf-pid----406335----pid-406335
---ebpf-pid----406335----pid-3323
---ebpf-pid----373029----pid-373029
---ebpf-pid----373029----pid-5476
---ebpf-pid----373029----pid-1
---ebpf-pid----379067----pid-379067
---ebpf-pid----379067----pid-5476
---ebpf-pid----379067----pid-1
---ebpf-pid----379067----pid-379067
---ebpf-pid----379067----pid-5476
---ebpf-pid----379067----pid-1
---ebpf-pid----5707----pid-5707
---ebpf-pid----5707----pid-5476
---ebpf-pid----5707----pid-1
---ebpf-pid----5707----pid-5707
---ebpf-pid----5707----pid-5476
---ebpf-pid----5707----pid-1
---ebpf-pid----373029----pid-373029
---ebpf-pid----373029----pid-5476
---ebpf-pid----373029----pid-1
---ebpf-pid----5707----pid-5707
---ebpf-pid----5707----pid-5476
---ebpf-pid----5707----pid-1
---ebpf-pid----5707----pid-5707
---ebpf-pid----5707----pid-5476
---ebpf-pid----5707----pid-1
---ebpf-pid----5707----pid-5707
---ebpf-pid----5707----pid-5476
---ebpf-pid----5707----pid-1
---ebpf-pid----5707----pid-5707
---ebpf-pid----5707----pid-5476
---ebpf-pid----5707----pid-1
---ebpf-pid----5707----pid-5707
---ebpf-pid----5707----pid-5476
---ebpf-pid----5707----pid-1
---ebpf-pid----5707----pid-5707
---ebpf-pid----5707----pid-5476
---ebpf-pid----5707----pid-1
---ebpf-pid----406335----pid-1
---ebpf-pid----406335----pid-406335
---ebpf-pid----406335----pid-3323
---ebpf-pid----406335----pid-1
---ebpf-pid----376651----pid-376651
---ebpf-pid----376651----pid-3323
---ebpf-pid----376651----pid-1
---ebpf-pid----376651----pid-376651
---ebpf-pid----376651----pid-3323
---ebpf-pid----376651----pid-1
---ebpf-pid----376651----pid-376651
---ebpf-pid----376651----pid-3323
---ebpf-pid----376651----pid-1
---ebpf-pid----376651----pid-376651
---ebpf-pid----376651----pid-3323
---ebpf-pid----376651----pid-1
---ebpf-pid----376651----pid-376651
---ebpf-pid----376651----pid-3323
---ebpf-pid----376651----pid-1
---ebpf-pid----376651----pid-376651
---ebpf-pid----376651----pid-3323
---ebpf-pid----376651----pid-1
---ebpf-pid----2012----pid-2012
---ebpf-pid----2012----pid-1
---ebpf-pid----2012----pid-2012
---ebpf-pid----2012----pid-1
---ebpf-pid----2012----pid-2012
---ebpf-pid----2012----pid-1
---ebpf-pid----2012----pid-2012
---ebpf-pid----2012----pid-1
---ebpf-pid----5707----pid-5707
---ebpf-pid----2012----pid-2012
---ebpf-pid----2012----pid-1
---ebpf-pid----5707----pid-5476
---ebpf-pid----2012----pid-2012
---ebpf-pid----372881----pid-1
---ebpf-pid----5707----pid-1
---ebpf-pid----2012----pid-1
---ebpf-pid----372881----pid-372881
---ebpf-pid----5707----pid-5707
---ebpf-pid----2012----pid-2012
---ebpf-pid----372881----pid-1
---ebpf-pid----5707----pid-5476
---ebpf-pid----2012----pid-1
---ebpf-pid----372881----pid-372881
---ebpf-pid----2012----pid-2012
---ebpf-pid----5707----pid-1
---ebpf-pid----372881----pid-1
---ebpf-pid----5707----pid-5707
---ebpf-pid----2012----pid-1
---ebpf-pid----372881----pid-372881
---ebpf-pid----376651----pid-376651
---ebpf-pid----5707----pid-5476
---ebpf-pid----372881----pid-1
---ebpf-pid----372881----pid-372881
---ebpf-pid----376651----pid-3323
---ebpf-pid----5707----pid-1
---ebpf-pid----372881----pid-1
---ebpf-pid----5707----pid-5707
---ebpf-pid----376651----pid-1
---ebpf-pid----372881----pid-372881
---ebpf-pid----379067----pid-379067
---ebpf-pid----5707----pid-5476
---ebpf-pid----372881----pid-1
---ebpf-pid----372881----pid-372881
---ebpf-pid----379067----pid-5476
---ebpf-pid----5707----pid-1
---ebpf-pid----5707----pid-5707
---ebpf-pid----372881----pid-1
---ebpf-pid----379067----pid-1
---ebpf-pid----372881----pid-372881
---ebpf-pid----379067----pid-379067
---ebpf-pid----5707----pid-5476
---ebpf-pid----372881----pid-1
---ebpf-pid----372881----pid-372881
---ebpf-pid----5707----pid-1
---ebpf-pid----379067----pid-5476
---ebpf-pid----372881----pid-1
---ebpf-pid----5707----pid-5707
---ebpf-pid----372881----pid-372881
---ebpf-pid----379067----pid-1
---ebpf-pid----5707----pid-5476
---ebpf-pid----372881----pid-1
---ebpf-pid----379067----pid-379067
---ebpf-pid----372881----pid-372881
---ebpf-pid----5707----pid-1
---ebpf-pid----379067----pid-5476
---ebpf-pid----5707----pid-5707
---ebpf-pid----372881----pid-1
---ebpf-pid----372881----pid-372881
---ebpf-pid----379067----pid-1
---ebpf-pid----5707----pid-5476
---ebpf-pid----376651----pid-376651
---ebpf-pid----372881----pid-1
---ebpf-pid----372881----pid-372881
---ebpf-pid----5707----pid-1
---ebpf-pid----376651----pid-3323
---ebpf-pid----5707----pid-5707
---ebpf-pid----372881----pid-1
---ebpf-pid----372881----pid-372881
---ebpf-pid----376651----pid-1
---ebpf-pid----5707----pid-5476
---ebpf-pid----372881----pid-372881
---ebpf-pid----372881----pid-1
---ebpf-pid----5707----pid-1
---ebpf-pid----372881----pid-372881
---ebpf-pid----372881----pid-1
---ebpf-pid----5707----pid-5707
---ebpf-pid----372881----pid-372881
---ebpf-pid----372881----pid-1
---ebpf-pid----5707----pid-5476
---ebpf-pid----372881----pid-372881
---ebpf-pid----5707----pid-1
---ebpf-pid----372881----pid-1
---ebpf-pid----5707----pid-5707
---ebpf-pid----372881----pid-372881
---ebpf-pid----5707----pid-5476
---ebpf-pid----372881----pid-1
---ebpf-pid----372881----pid-372881
---ebpf-pid----5707----pid-1
---ebpf-pid----5707----pid-5707
---ebpf-pid----372881----pid-1
---ebpf-pid----5707----pid-5476
---ebpf-pid----372881----pid-372881
---ebpf-pid----372881----pid-1
---ebpf-pid----372881----pid-372881
---ebpf-pid----5707----pid-1
---ebpf-pid----5707----pid-5707
---ebpf-pid----372881----pid-1
---ebpf-pid----372881----pid-372881
---ebpf-pid----372881----pid-1
---ebpf-pid----5707----pid-5476
---ebpf-pid----372881----pid-372881
---ebpf-pid----5707----pid-1
---ebpf-pid----372881----pid-1
---ebpf-pid----5707----pid-5707
---ebpf-pid----372881----pid-372881
---ebpf-pid----5707----pid-5476
---ebpf-pid----5707----pid-1
---ebpf-pid----5707----pid-5707
---ebpf-pid----5707----pid-5476
---ebpf-pid----5707----pid-1
---ebpf-pid----5707----pid-5707
---ebpf-pid----5707----pid-5476
---ebpf-pid----5707----pid-1
---ebpf-pid----5707----pid-5707
---ebpf-pid----5707----pid-5476
---ebpf-pid----5707----pid-1
---ebpf-pid----5707----pid-5707
---ebpf-pid----5707----pid-5476
---ebpf-pid----5707----pid-1
---ebpf-pid----5707----pid-5707
---ebpf-pid----5707----pid-5476
---ebpf-pid----5707----pid-1
---ebpf-pid----5707----pid-5707
---ebpf-pid----5707----pid-5476
---ebpf-pid----5707----pid-1
---ebpf-pid----5707----pid-5707
---ebpf-pid----5707----pid-5476
---ebpf-pid----5707----pid-1
---ebpf-pid----5707----pid-5707
---ebpf-pid----5707----pid-5476
---ebpf-pid----5707----pid-1
---ebpf-pid----5707----pid-5707
---ebpf-pid----5707----pid-5476
---ebpf-pid----5707----pid-1
---ebpf-pid----5707----pid-5707
---ebpf-pid----5707----pid-5476
---ebpf-pid----5707----pid-1
---ebpf-pid----5707----pid-5707
---ebpf-pid----5707----pid-5476
---ebpf-pid----5707----pid-1
---ebpf-pid----5707----pid-5707
---ebpf-pid----5707----pid-5476
---ebpf-pid----5707----pid-1
---ebpf-pid----5707----pid-5707
---ebpf-pid----5707----pid-5476
---ebpf-pid----5707----pid-1
---ebpf-pid----5707----pid-5707
---ebpf-pid----5707----pid-5476
---ebpf-pid----5707----pid-1
---ebpf-pid----2012----pid-1
---ebpf-pid----2088----pid-2088
---ebpf-pid----2088----pid-1
---ebpf-pid----2088----pid-2088
---ebpf-pid----2088----pid-1
---ebpf-pid----2088----pid-2088
---ebpf-pid----2088----pid-1
---ebpf-pid----376651----pid-376651
---ebpf-pid----5707----pid-5707
---ebpf-pid----372881----pid-1
---ebpf-pid----376651----pid-3323
---ebpf-pid----372881----pid-372881
---ebpf-pid----5707----pid-5476
---ebpf-pid----376651----pid-1
---ebpf-pid----376651----pid-376651
---ebpf-pid----372881----pid-1
---ebpf-pid----5707----pid-1
---ebpf-pid----372881----pid-372881
---ebpf-pid----376651----pid-3323
---ebpf-pid----5707----pid-5707
---ebpf-pid----372881----pid-1
---ebpf-pid----5707----pid-5476
---ebpf-pid----372881----pid-372881
---ebpf-pid----5707----pid-1
---ebpf-pid----5707----pid-5707
---ebpf-pid----372881----pid-1
---ebpf-pid----372881----pid-372881
---ebpf-pid----5707----pid-5476
---ebpf-pid----372881----pid-1
---ebpf-pid----372881----pid-372881
---ebpf-pid----376651----pid-1
---ebpf-pid----5707----pid-1
---ebpf-pid----376651----pid-376651
---ebpf-pid----5707----pid-5707
---ebpf-pid----372881----pid-1
---ebpf-pid----372881----pid-372881
---ebpf-pid----376651----pid-3323
---ebpf-pid----5707----pid-5476
---ebpf-pid----376651----pid-1
---ebpf-pid----372881----pid-1
---ebpf-pid----376651----pid-376651
---ebpf-pid----5707----pid-1
---ebpf-pid----372881----pid-372881
---ebpf-pid----5707----pid-5707
---ebpf-pid----376651----pid-3323
---ebpf-pid----372881----pid-1
---ebpf-pid----5707----pid-5476
---ebpf-pid----376651----pid-1
---ebpf-pid----372881----pid-372881
---ebpf-pid----376651----pid-376651
---ebpf-pid----5707----pid-1
---ebpf-pid----372881----pid-1
---ebpf-pid----5707----pid-5707
---ebpf-pid----376651----pid-3323
---ebpf-pid----372881----pid-372881
---ebpf-pid----376651----pid-1
---ebpf-pid----5707----pid-5476
---ebpf-pid----372881----pid-1
---ebpf-pid----376651----pid-376651
---ebpf-pid----372881----pid-372881
---ebpf-pid----5707----pid-1
---ebpf-pid----376651----pid-3323
---ebpf-pid----5707----pid-5707
---ebpf-pid----372881----pid-1
---ebpf-pid----376651----pid-1
---ebpf-pid----372881----pid-372881
---ebpf-pid----376651----pid-376651
---ebpf-pid----5707----pid-5476
---ebpf-pid----372881----pid-1
---ebpf-pid----376651----pid-3323
---ebpf-pid----5707----pid-1
---ebpf-pid----372881----pid-372881
---ebpf-pid----5707----pid-5707
---ebpf-pid----376651----pid-1
---ebpf-pid----376651----pid-376651
---ebpf-pid----372881----pid-1
---ebpf-pid----5707----pid-5476
---ebpf-pid----372881----pid-372881
---ebpf-pid----376651----pid-3323
---ebpf-pid----5707----pid-1
---ebpf-pid----372881----pid-1
---ebpf-pid----376651----pid-1
---ebpf-pid----5707----pid-5707
---ebpf-pid----372881----pid-372881
---ebpf-pid----406334----pid-406334
---ebpf-pid----406334----pid-3323
---ebpf-pid----5707----pid-5476
---ebpf-pid----372881----pid-1
---ebpf-pid----372881----pid-372881
---ebpf-pid----406334----pid-1
---ebpf-pid----5707----pid-1
---ebpf-pid----406334----pid-406334
---ebpf-pid----372881----pid-1
---ebpf-pid----5707----pid-5707
---ebpf-pid----372881----pid-372881
---ebpf-pid----406334----pid-3323
---ebpf-pid----5707----pid-5476
---ebpf-pid----406334----pid-1
---ebpf-pid----376651----pid-376651
---ebpf-pid----5707----pid-1
---ebpf-pid----376651----pid-3323
---ebpf-pid----5707----pid-5707
---ebpf-pid----5707----pid-5476
---ebpf-pid----376651----pid-1
---ebpf-pid----376651----pid-376651
---ebpf-pid----5707----pid-1
---ebpf-pid----5707----pid-5707
---ebpf-pid----376651----pid-3323
---ebpf-pid----5707----pid-5476
---ebpf-pid----376651----pid-1
---ebpf-pid----376651----pid-376651
---ebpf-pid----5707----pid-1
---ebpf-pid----5707----pid-5707
---ebpf-pid----376651----pid-3323
---ebpf-pid----5707----pid-5476
---ebpf-pid----376651----pid-1
---ebpf-pid----376651----pid-376651
---ebpf-pid----5707----pid-1
---ebpf-pid----5707----pid-5707
---ebpf-pid----376651----pid-3323
---ebpf-pid----5707----pid-5476
---ebpf-pid----376651----pid-1
---ebpf-pid----376651----pid-376651
---ebpf-pid----5707----pid-1
---ebpf-pid----5707----pid-5707
---ebpf-pid----5707----pid-5476
---ebpf-pid----5707----pid-1
---ebpf-pid----5707----pid-5707
---ebpf-pid----5707----pid-5476
---ebpf-pid----5707----pid-1
---ebpf-pid----372881----pid-372881
---ebpf-pid----372881----pid-1
---ebpf-pid----372881----pid-372881
---ebpf-pid----372881----pid-1
---ebpf-pid----372881----pid-372881
---ebpf-pid----372881----pid-1
---ebpf-pid----372881----pid-372881
---ebpf-pid----372881----pid-1
---ebpf-pid----372881----pid-372881
---ebpf-pid----372881----pid-1
---ebpf-pid----372881----pid-372881
---ebpf-pid----372881----pid-1
---ebpf-pid----372881----pid-372881
---ebpf-pid----372881----pid-1
---ebpf-pid----372881----pid-372881
---ebpf-pid----372881----pid-1
---ebpf-pid----372881----pid-372881
---ebpf-pid----372881----pid-1
---ebpf-pid----372881----pid-372881
---ebpf-pid----372881----pid-1
---ebpf-pid----372881----pid-372881
---ebpf-pid----372881----pid-1
---ebpf-pid----372881----pid-372881
---ebpf-pid----372881----pid-1
---ebpf-pid----372881----pid-372881
---ebpf-pid----372881----pid-1
---ebpf-pid----372881----pid-372881
---ebpf-pid----372881----pid-1
---ebpf-pid----372881----pid-372881
---ebpf-pid----376651----pid-3323
---ebpf-pid----372881----pid-1
---ebpf-pid----372881----pid-372881
---ebpf-pid----376651----pid-1
---ebpf-pid----376651----pid-376651
---ebpf-pid----372881----pid-1
---ebpf-pid----376651----pid-3323
---ebpf-pid----372881----pid-372881
---ebpf-pid----376651----pid-1
---ebpf-pid----372881----pid-1
---ebpf-pid----376651----pid-376651
---ebpf-pid----372881----pid-372881
---ebpf-pid----376651----pid-3323
---ebpf-pid----372881----pid-1
---ebpf-pid----372881----pid-372881
---ebpf-pid----376651----pid-1
---ebpf-pid----376651----pid-376651
---ebpf-pid----372881----pid-1
---ebpf-pid----372881----pid-372881
---ebpf-pid----376651----pid-3323
---ebpf-pid----376651----pid-1
---ebpf-pid----372881----pid-1
---ebpf-pid----376651----pid-376651
---ebpf-pid----372881----pid-372881
---ebpf-pid----376651----pid-3323
---ebpf-pid----372881----pid-1
---ebpf-pid----372881----pid-372881
---ebpf-pid----376651----pid-1
---ebpf-pid----372881----pid-1
---ebpf-pid----376651----pid-376651
---ebpf-pid----372881----pid-372881
---ebpf-pid----376651----pid-3323
---ebpf-pid----372881----pid-1
---ebpf-pid----372881----pid-372881
---ebpf-pid----376651----pid-1
---ebpf-pid----376651----pid-376651
---ebpf-pid----372881----pid-1
---ebpf-pid----372881----pid-372881
---ebpf-pid----376651----pid-3323
---ebpf-pid----372881----pid-1
---ebpf-pid----376651----pid-1
---ebpf-pid----372881----pid-372881
---ebpf-pid----376651----pid-376651
---ebpf-pid----372881----pid-1
---ebpf-pid----372881----pid-372881
---ebpf-pid----376651----pid-3323
---ebpf-pid----372881----pid-1
---ebpf-pid----376651----pid-1
---ebpf-pid----372881----pid-372881
---ebpf-pid----376651----pid-376651
---ebpf-pid----372881----pid-1
---ebpf-pid----372881----pid-372881
---ebpf-pid----372881----pid-1
---ebpf-pid----372881----pid-372881
---ebpf-pid----372881----pid-1
---ebpf-pid----372881----pid-372881
---ebpf-pid----372881----pid-1
---ebpf-pid----372881----pid-372881
---ebpf-pid----372881----pid-1
---ebpf-pid----372881----pid-372881
---ebpf-pid----372881----pid-1
---ebpf-pid----372881----pid-372881
---ebpf-pid----372881----pid-1
---ebpf-pid----372881----pid-372881
---ebpf-pid----372881----pid-1
---ebpf-pid----372881----pid-372881
---ebpf-pid----372881----pid-1
---ebpf-pid----372881----pid-372881
---ebpf-pid----372881----pid-1
---ebpf-pid----372881----pid-372881
---ebpf-pid----372881----pid-1
---ebpf-pid----372881----pid-372881
---ebpf-pid----372881----pid-1
---ebpf-pid----372881----pid-372881
---ebpf-pid----372881----pid-1
---ebpf-pid----372881----pid-372881
---ebpf-pid----376651----pid-3323
---ebpf-pid----372881----pid-1
---ebpf-pid----376651----pid-1
---ebpf-pid----372881----pid-372881
---ebpf-pid----376651----pid-376651
---ebpf-pid----372881----pid-1
---ebpf-pid----376651----pid-3323
---ebpf-pid----372881----pid-372881
---ebpf-pid----376651----pid-1
---ebpf-pid----372881----pid-1
---ebpf-pid----376651----pid-376651
---ebpf-pid----372881----pid-372881
---ebpf-pid----376651----pid-3323
---ebpf-pid----372881----pid-1
---ebpf-pid----376651----pid-1
---ebpf-pid----372881----pid-372881
---ebpf-pid----373029----pid-373029
---ebpf-pid----372881----pid-1
---ebpf-pid----373029----pid-5476
---ebpf-pid----372881----pid-372881
---ebpf-pid----373029----pid-1
---ebpf-pid----372881----pid-1
---ebpf-pid----373029----pid-373029
---ebpf-pid----372881----pid-372881
---ebpf-pid----373029----pid-5476
---ebpf-pid----372881----pid-1
---ebpf-pid----372881----pid-372881
---ebpf-pid----373029----pid-1
---ebpf-pid----373029----pid-373029
---ebpf-pid----372881----pid-1
---ebpf-pid----373029----pid-5476
---ebpf-pid----372881----pid-372881
---ebpf-pid----373029----pid-1
---ebpf-pid----372881----pid-1
---ebpf-pid----373029----pid-373029
---ebpf-pid----372881----pid-372881
---ebpf-pid----373029----pid-5476
---ebpf-pid----372881----pid-1
---ebpf-pid----372881----pid-372881
---ebpf-pid----373029----pid-1
---ebpf-pid----379067----pid-379067
---ebpf-pid----372881----pid-1
---ebpf-pid----372881----pid-372881
---ebpf-pid----379067----pid-5476
---ebpf-pid----372881----pid-1
---ebpf-pid----372881----pid-372881
---ebpf-pid----379067----pid-1
---ebpf-pid----379067----pid-379067
---ebpf-pid----372881----pid-1
---ebpf-pid----2012----pid-2012
---ebpf-pid----379067----pid-5476
---ebpf-pid----2012----pid-1
---ebpf-pid----379067----pid-1
---ebpf-pid----2012----pid-2012
---ebpf-pid----379067----pid-379067
---ebpf-pid----2012----pid-1
---ebpf-pid----379067----pid-5476
---ebpf-pid----5119----pid-5119
---ebpf-pid----379067----pid-1
---ebpf-pid----5119----pid-3323
---ebpf-pid----2012----pid-2012
---ebpf-pid----5119----pid-1
---ebpf-pid----2012----pid-1
---ebpf-pid----5119----pid-5119
---ebpf-pid----2012----pid-2012
---ebpf-pid----2012----pid-1
---ebpf-pid----5119----pid-3323
---ebpf-pid----2012----pid-2012
---ebpf-pid----5119----pid-1
---ebpf-pid----2012----pid-1
---ebpf-pid----2012----pid-2012
---ebpf-pid----5119----pid-5119
---ebpf-pid----2012----pid-1
---ebpf-pid----5119----pid-3323
---ebpf-pid----2012----pid-2012
---ebpf-pid----2012----pid-1
---ebpf-pid----5119----pid-1
---ebpf-pid----2012----pid-2012
---ebpf-pid----5119----pid-5119
---ebpf-pid----2012----pid-1
---ebpf-pid----5119----pid-3323
---ebpf-pid----2012----pid-2012
---ebpf-pid----2012----pid-1
---ebpf-pid----5119----pid-1
---ebpf-pid----2012----pid-2012
---ebpf-pid----372714----pid-372714
---ebpf-pid----2012----pid-1
---ebpf-pid----2012----pid-2012
---ebpf-pid----372714----pid-5476
---ebpf-pid----372714----pid-1
---ebpf-pid----372714----pid-372714
---ebpf-pid----372714----pid-5476
---ebpf-pid----372714----pid-1
---ebpf-pid----372714----pid-372714
---ebpf-pid----372714----pid-5476
---ebpf-pid----372714----pid-1
---ebpf-pid----406335----pid-406335
---ebpf-pid----406335----pid-3323
---ebpf-pid----406335----pid-1
---ebpf-pid----5109----pid-5109
---ebpf-pid----5109----pid-3323
---ebpf-pid----5109----pid-1
---ebpf-pid----5109----pid-5109
---ebpf-pid----5109----pid-3323
---ebpf-pid----5109----pid-1
---ebpf-pid----5109----pid-5109
---ebpf-pid----5109----pid-3323
---ebpf-pid----5109----pid-1
---ebpf-pid----5109----pid-5109
---ebpf-pid----5109----pid-3323
---ebpf-pid----5109----pid-1
---ebpf-pid----2012----pid-1
---ebpf-pid----5109----pid-5109
---ebpf-pid----2012----pid-2012
---ebpf-pid----5109----pid-3323
---ebpf-pid----2012----pid-1
---ebpf-pid----2012----pid-2012
---ebpf-pid----5109----pid-1
---ebpf-pid----5109----pid-5109
---ebpf-pid----2012----pid-1
---ebpf-pid----2012----pid-2012
---ebpf-pid----5109----pid-3323
---ebpf-pid----5109----pid-1
---ebpf-pid----5109----pid-5109
---ebpf-pid----5109----pid-3323
---ebpf-pid----5109----pid-1
---ebpf-pid----5109----pid-5109
---ebpf-pid----5109----pid-3323
---ebpf-pid----5109----pid-1
---ebpf-pid----5109----pid-5109
---ebpf-pid----5109----pid-3323
---ebpf-pid----5109----pid-1
---ebpf-pid----5109----pid-5109
---ebpf-pid----5109----pid-3323
---ebpf-pid----5109----pid-1
---ebpf-pid----5109----pid-5109
---ebpf-pid----5109----pid-3323
---ebpf-pid----5109----pid-1
---ebpf-pid----5109----pid-5109
---ebpf-pid----5109----pid-3323
---ebpf-pid----5109----pid-1
---ebpf-pid----5109----pid-5109
---ebpf-pid----5109----pid-3323
---ebpf-pid----5109----pid-1
---ebpf-pid----2012----pid-1
---ebpf-pid----5109----pid-5109
---ebpf-pid----2012----pid-2012
---ebpf-pid----5109----pid-3323
---ebpf-pid----2012----pid-1
---ebpf-pid----2012----pid-2012
---ebpf-pid----5109----pid-1
---ebpf-pid----2012----pid-1
---ebpf-pid----5109----pid-5109
---ebpf-pid----2012----pid-2012
---ebpf-pid----5109----pid-3323
---ebpf-pid----5109----pid-1
---ebpf-pid----5109----pid-5109
---ebpf-pid----5109----pid-3323
---ebpf-pid----5109----pid-1
---ebpf-pid----5109----pid-5109
---ebpf-pid----5109----pid-3323
---ebpf-pid----5109----pid-1
---ebpf-pid----5109----pid-5109
---ebpf-pid----372881----pid-1
---ebpf-pid----372881----pid-372881
---ebpf-pid----2012----pid-1
---ebpf-pid----2012----pid-2012
---ebpf-pid----5109----pid-3323
---ebpf-pid----372881----pid-1
---ebpf-pid----2012----pid-1
---ebpf-pid----2012----pid-2012
---ebpf-pid----5109----pid-1
---ebpf-pid----372881----pid-372881
---ebpf-pid----5109----pid-5109
---ebpf-pid----2012----pid-1
---ebpf-pid----2012----pid-2012
---ebpf-pid----372881----pid-1
---ebpf-pid----372881----pid-372881
---ebpf-pid----5109----pid-3323
---ebpf-pid----2012----pid-1
---ebpf-pid----2012----pid-2012
---ebpf-pid----372881----pid-1
---ebpf-pid----5109----pid-1
---ebpf-pid----372881----pid-372881
---ebpf-pid----5109----pid-5109
---ebpf-pid----2012----pid-1
---ebpf-pid----2012----pid-2012
---ebpf-pid----372881----pid-1
---ebpf-pid----5109----pid-3323
---ebpf-pid----2012----pid-1
---ebpf-pid----372881----pid-372881
---ebpf-pid----2012----pid-2012
---ebpf-pid----5109----pid-1
---ebpf-pid----5109----pid-5109
---ebpf-pid----372881----pid-1
---ebpf-pid----2012----pid-1
---ebpf-pid----2012----pid-2012
---ebpf-pid----372881----pid-372881
---ebpf-pid----2012----pid-1
---ebpf-pid----2012----pid-2012
---ebpf-pid----372881----pid-1
---ebpf-pid----372881----pid-372881
---ebpf-pid----5109----pid-3323
---ebpf-pid----372881----pid-1
---ebpf-pid----2012----pid-1
---ebpf-pid----372881----pid-372881
---ebpf-pid----5109----pid-1
---ebpf-pid----2012----pid-2012
---ebpf-pid----5109----pid-5109
---ebpf-pid----372881----pid-1
---ebpf-pid----2012----pid-1
---ebpf-pid----2012----pid-2012
---ebpf-pid----2012----pid-2012
---ebpf-pid----5109----pid-3323
---ebpf-pid----2012----pid-1
---ebpf-pid----2012----pid-1
---ebpf-pid----5109----pid-1
---ebpf-pid----2012----pid-2012
---ebpf-pid----5109----pid-5109
---ebpf-pid----2012----pid-2012
---ebpf-pid----2012----pid-1
---ebpf-pid----5109----pid-3323
---ebpf-pid----2012----pid-2012
---ebpf-pid----2012----pid-1
---ebpf-pid----5109----pid-1
---ebpf-pid----2012----pid-1
---ebpf-pid----2012----pid-2012
---ebpf-pid----5109----pid-5109
---ebpf-pid----2012----pid-2012
---ebpf-pid----5109----pid-3323
---ebpf-pid----2012----pid-1
---ebpf-pid----2012----pid-1
---ebpf-pid----2012----pid-2012
---ebpf-pid----2012----pid-2012
---ebpf-pid----5109----pid-1
---ebpf-pid----5109----pid-5109
---ebpf-pid----2012----pid-1
---ebpf-pid----2012----pid-2012
---ebpf-pid----5109----pid-3323
---ebpf-pid----2012----pid-1
---ebpf-pid----5109----pid-1
---ebpf-pid----2012----pid-2012
---ebpf-pid----5109----pid-5109
---ebpf-pid----2012----pid-1
---ebpf-pid----5109----pid-3323
---ebpf-pid----2012----pid-2012
---ebpf-pid----5109----pid-1
---ebpf-pid----2012----pid-1
---ebpf-pid----5109----pid-5109
---ebpf-pid----2012----pid-2012
---ebpf-pid----5109----pid-3323
---ebpf-pid----2012----pid-1
---ebpf-pid----2012----pid-2012
---ebpf-pid----5109----pid-1
---ebpf-pid----5119----pid-5119
---ebpf-pid----2012----pid-1
---ebpf-pid----2012----pid-2012
---ebpf-pid----5119----pid-3323
---ebpf-pid----2012----pid-1
---ebpf-pid----2012----pid-2012
---ebpf-pid----5119----pid-1
---ebpf-pid----5119----pid-5119
---ebpf-pid----2012----pid-1
---ebpf-pid----2012----pid-2012
---ebpf-pid----2012----pid-1
---ebpf-pid----2012----pid-2012
---ebpf-pid----2012----pid-1
---ebpf-pid----2012----pid-2012
---ebpf-pid----2012----pid-1
---ebpf-pid----2012----pid-2012
---ebpf-pid----2012----pid-1
---ebpf-pid----2012----pid-2012
---ebpf-pid----2012----pid-1
---ebpf-pid----2012----pid-2012
---ebpf-pid----2012----pid-1
---ebpf-pid----2012----pid-2012
---ebpf-pid----2012----pid-1
---ebpf-pid----2012----pid-2012
---ebpf-pid----2012----pid-1
---ebpf-pid----2012----pid-2012
---ebpf-pid----5119----pid-3323
---ebpf-pid----5119----pid-1
---ebpf-pid----5119----pid-5119
---ebpf-pid----5119----pid-3323
---ebpf-pid----5119----pid-1
---ebpf-pid----5119----pid-5119
---ebpf-pid----5119----pid-3323
---ebpf-pid----5119----pid-1
---ebpf-pid----5119----pid-5119
---ebpf-pid----5119----pid-3323
---ebpf-pid----5119----pid-1
---ebpf-pid----5109----pid-5109
---ebpf-pid----5109----pid-3323
---ebpf-pid----5109----pid-1
---ebpf-pid----5119----pid-5119
---ebpf-pid----5119----pid-3323
---ebpf-pid----5119----pid-1
---ebpf-pid----5119----pid-5119
---ebpf-pid----5119----pid-3323
---ebpf-pid----5119----pid-1
---ebpf-pid----5119----pid-5119
---ebpf-pid----5119----pid-3323
---ebpf-pid----5119----pid-1
---ebpf-pid----5109----pid-5109
---ebpf-pid----5109----pid-3323
---ebpf-pid----5109----pid-1
---ebpf-pid----5109----pid-5109
---ebpf-pid----5109----pid-3323
---ebpf-pid----5109----pid-1
---ebpf-pid----5707----pid-5707
---ebpf-pid----5707----pid-5476
---ebpf-pid----5707----pid-1
---ebpf-pid----5707----pid-5707
---ebpf-pid----5707----pid-5476
---ebpf-pid----5707----pid-1
---ebpf-pid----5707----pid-5707
---ebpf-pid----5707----pid-5476
---ebpf-pid----5707----pid-1
---ebpf-pid----5707----pid-5707
---ebpf-pid----2012----pid-1
---ebpf-pid----5707----pid-5476
---ebpf-pid----2012----pid-2012
---ebpf-pid----5707----pid-1
---ebpf-pid----2012----pid-1
---ebpf-pid----5707----pid-5707
---ebpf-pid----2012----pid-2012
---ebpf-pid----5707----pid-5476
---ebpf-pid----2012----pid-1
---ebpf-pid----2012----pid-2012
---ebpf-pid----5707----pid-1
---ebpf-pid----5707----pid-5707
---ebpf-pid----2012----pid-1
---ebpf-pid----2012----pid-2012
---ebpf-pid----2012----pid-1
---ebpf-pid----2012----pid-2012
---ebpf-pid----2012----pid-1
---ebpf-pid----2012----pid-2012
---ebpf-pid----2012----pid-1
---ebpf-pid----2012----pid-2012
---ebpf-pid----2012----pid-1
---ebpf-pid----5707----pid-5476
---ebpf-pid----5707----pid-1
---ebpf-pid----5707----pid-5707
---ebpf-pid----5707----pid-5476
---ebpf-pid----5707----pid-1
---ebpf-pid----5707----pid-5707
---ebpf-pid----5707----pid-5476
---ebpf-pid----5707----pid-1
---ebpf-pid----5707----pid-5707
---ebpf-pid----5707----pid-5476
---ebpf-pid----5707----pid-1
---ebpf-pid----5707----pid-5707
---ebpf-pid----5707----pid-5476
---ebpf-pid----2012----pid-2012
---ebpf-pid----5707----pid-1
---ebpf-pid----5707----pid-5707
---ebpf-pid----2012----pid-1
---ebpf-pid----2012----pid-2012
---ebpf-pid----5707----pid-5476
---ebpf-pid----2012----pid-1
---ebpf-pid----5707----pid-1
---ebpf-pid----5707----pid-5707
---ebpf-pid----5109----pid-5109
---ebpf-pid----5707----pid-5476
---ebpf-pid----5109----pid-3323
---ebpf-pid----5707----pid-1
---ebpf-pid----5707----pid-5707
---ebpf-pid----5109----pid-1
---ebpf-pid----5109----pid-5109
---ebpf-pid----5707----pid-5476
---ebpf-pid----5109----pid-3323
---ebpf-pid----5707----pid-1
---ebpf-pid----5707----pid-5707
---ebpf-pid----5109----pid-1
---ebpf-pid----21----pid-21
---ebpf-pid----5707----pid-5476
---ebpf-pid----21----pid-2
---ebpf-pid----21----pid-21
---ebpf-pid----5707----pid-1
---ebpf-pid----5707----pid-5707
---ebpf-pid----21----pid-2
---ebpf-pid----2088----pid-2088
---ebpf-pid----5707----pid-5476
---ebpf-pid----2088----pid-1
---ebpf-pid----5707----pid-1
---ebpf-pid----2088----pid-2088
---ebpf-pid----5707----pid-5707
---ebpf-pid----2088----pid-1
---ebpf-pid----5707----pid-5476
---ebpf-pid----2088----pid-2088
---ebpf-pid----5707----pid-1
---ebpf-pid----2088----pid-1
---ebpf-pid----2088----pid-2088
---ebpf-pid----2088----pid-1
---ebpf-pid----2088----pid-2088
---ebpf-pid----5707----pid-5707
---ebpf-pid----5707----pid-5476
---ebpf-pid----5707----pid-1
---ebpf-pid----5707----pid-5707
---ebpf-pid----5707----pid-5476
---ebpf-pid----5707----pid-1
---ebpf-pid----379067----pid-379067
---ebpf-pid----379067----pid-5476
---ebpf-pid----379067----pid-1
---ebpf-pid----2088----pid-1
---ebpf-pid----5707----pid-5707
---ebpf-pid----2088----pid-2088
---ebpf-pid----5707----pid-5476
---ebpf-pid----2088----pid-1
---ebpf-pid----2088----pid-2088
---ebpf-pid----5707----pid-1
---ebpf-pid----5707----pid-5707
---ebpf-pid----2088----pid-1
---ebpf-pid----2088----pid-2088
---ebpf-pid----5707----pid-5476
---ebpf-pid----2088----pid-1
---ebpf-pid----5707----pid-1
---ebpf-pid----2088----pid-2088
---ebpf-pid----379067----pid-379067
---ebpf-pid----2088----pid-1
---ebpf-pid----379067----pid-5476
---ebpf-pid----2088----pid-2088
---ebpf-pid----379067----pid-1
---ebpf-pid----2088----pid-1
---ebpf-pid----5707----pid-5707
---ebpf-pid----2088----pid-2088
---ebpf-pid----5707----pid-5476
---ebpf-pid----2088----pid-1
---ebpf-pid----2088----pid-2088
---ebpf-pid----5707----pid-1
---ebpf-pid----5707----pid-5707
---ebpf-pid----2088----pid-1
---ebpf-pid----2088----pid-2088
---ebpf-pid----5707----pid-5476
---ebpf-pid----2088----pid-1
---ebpf-pid----2088----pid-2088
---ebpf-pid----5707----pid-1
---ebpf-pid----5707----pid-5707
---ebpf-pid----2088----pid-1
---ebpf-pid----2088----pid-2088
---ebpf-pid----5707----pid-5476
---ebpf-pid----2088----pid-1
---ebpf-pid----5707----pid-1
---ebpf-pid----5109----pid-5109
---ebpf-pid----5707----pid-5707
---ebpf-pid----5109----pid-3323
---ebpf-pid----5707----pid-5476
---ebpf-pid----5109----pid-1
---ebpf-pid----5109----pid-5109
---ebpf-pid----5707----pid-1
---ebpf-pid----379067----pid-379067
---ebpf-pid----5109----pid-3323
---ebpf-pid----379067----pid-5476
---ebpf-pid----5109----pid-1
---ebpf-pid----379067----pid-1
---ebpf-pid----5109----pid-5109
---ebpf-pid----379067----pid-379067
---ebpf-pid----5109----pid-3323
---ebpf-pid----379067----pid-5476
---ebpf-pid----5109----pid-1
---ebpf-pid----379067----pid-1
---ebpf-pid----5109----pid-5109
---ebpf-pid----379067----pid-379067
---ebpf-pid----5109----pid-3323
---ebpf-pid----379067----pid-5476
---ebpf-pid----5109----pid-1
---ebpf-pid----379067----pid-1
---ebpf-pid----5109----pid-5109
---ebpf-pid----379067----pid-379067
---ebpf-pid----379067----pid-5476
---ebpf-pid----5109----pid-3323
---ebpf-pid----379067----pid-1
---ebpf-pid----379067----pid-379067
---ebpf-pid----379067----pid-5476
---ebpf-pid----379067----pid-1
---ebpf-pid----379067----pid-379067
---ebpf-pid----379067----pid-5476
---ebpf-pid----379067----pid-1
---ebpf-pid----379067----pid-379067
---ebpf-pid----379067----pid-5476
---ebpf-pid----379067----pid-1
---ebpf-pid----379067----pid-379067
---ebpf-pid----379067----pid-5476
---ebpf-pid----379067----pid-1
---ebpf-pid----5109----pid-1
---ebpf-pid----5109----pid-5109
---ebpf-pid----5109----pid-3323
---ebpf-pid----5109----pid-1
---ebpf-pid----5109----pid-5109
---ebpf-pid----5109----pid-3323
---ebpf-pid----5109----pid-1
---ebpf-pid----5109----pid-5109
---ebpf-pid----5109----pid-3323
---ebpf-pid----5109----pid-1
---ebpf-pid----379067----pid-379067
---ebpf-pid----5109----pid-5109
---ebpf-pid----379067----pid-5476
---ebpf-pid----379067----pid-1
---ebpf-pid----379067----pid-379067
---ebpf-pid----379067----pid-5476
---ebpf-pid----379067----pid-1
---ebpf-pid----379067----pid-379067
---ebpf-pid----379067----pid-5476
---ebpf-pid----379067----pid-1
---ebpf-pid----379067----pid-379067
---ebpf-pid----379067----pid-5476
---ebpf-pid----379067----pid-1
---ebpf-pid----379067----pid-379067
---ebpf-pid----379067----pid-5476
---ebpf-pid----5109----pid-3323
---ebpf-pid----379067----pid-1
---ebpf-pid----5109----pid-1
---ebpf-pid----5109----pid-5109
---ebpf-pid----5109----pid-3323
---ebpf-pid----5109----pid-1
---ebpf-pid----5109----pid-5109
---ebpf-pid----5109----pid-3323
---ebpf-pid----5109----pid-1
---ebpf-pid----2012----pid-1
---ebpf-pid----5109----pid-5109
---ebpf-pid----2012----pid-2012
---ebpf-pid----5109----pid-3323
---ebpf-pid----2012----pid-1
---ebpf-pid----2012----pid-2012
---ebpf-pid----5109----pid-1
---ebpf-pid----5109----pid-5109
---ebpf-pid----2012----pid-1
---ebpf-pid----2012----pid-2012
---ebpf-pid----5109----pid-3323
---ebpf-pid----2012----pid-1
---ebpf-pid----5109----pid-1
---ebpf-pid----376651----pid-376651
---ebpf-pid----376651----pid-3323
---ebpf-pid----2012----pid-2012
---ebpf-pid----2012----pid-1
---ebpf-pid----2012----pid-2012
---ebpf-pid----2012----pid-1
---ebpf-pid----2012----pid-2012
---ebpf-pid----379067----pid-379067
---ebpf-pid----379067----pid-5476
---ebpf-pid----2012----pid-1
---ebpf-pid----372881----pid-1
---ebpf-pid----372881----pid-372881
---ebpf-pid----372881----pid-372881
---ebpf-pid----379067----pid-1
---ebpf-pid----379067----pid-379067
---ebpf-pid----379067----pid-5476
---ebpf-pid----379067----pid-1
---ebpf-pid----379067----pid-379067
---ebpf-pid----379067----pid-5476
---ebpf-pid----379067----pid-1
---ebpf-pid----379067----pid-379067
---ebpf-pid----372881----pid-1
---ebpf-pid----372881----pid-372881
---ebpf-pid----372881----pid-1
---ebpf-pid----372881----pid-372881
---ebpf-pid----372881----pid-1
---ebpf-pid----372881----pid-372881
---ebpf-pid----372881----pid-1
---ebpf-pid----372881----pid-372881
---ebpf-pid----372881----pid-1
---ebpf-pid----372881----pid-372881
---ebpf-pid----372881----pid-1
---ebpf-pid----372881----pid-1
---ebpf-pid----372881----pid-372881
---ebpf-pid----372881----pid-372881
---ebpf-pid----372881----pid-1
---ebpf-pid----372881----pid-1
---ebpf-pid----372881----pid-372881
---ebpf-pid----372881----pid-372881
---ebpf-pid----372881----pid-1
---ebpf-pid----372881----pid-1
---ebpf-pid----372881----pid-372881
---ebpf-pid----372881----pid-372881
---ebpf-pid----372881----pid-1
---ebpf-pid----372881----pid-1
---ebpf-pid----372881----pid-372881
---ebpf-pid----372881----pid-372881
---ebpf-pid----372881----pid-1
---ebpf-pid----372881----pid-1
---ebpf-pid----372881----pid-372881
---ebpf-pid----372881----pid-372881
---ebpf-pid----372881----pid-1
---ebpf-pid----372881----pid-1
---ebpf-pid----372881----pid-372881
---ebpf-pid----372881----pid-372881
---ebpf-pid----372881----pid-1
---ebpf-pid----372881----pid-1
---ebpf-pid----372881----pid-372881
---ebpf-pid----372881----pid-372881
---ebpf-pid----372881----pid-1
---ebpf-pid----372881----pid-1
---ebpf-pid----372881----pid-372881
---ebpf-pid----372881----pid-372881
---ebpf-pid----372881----pid-1
---ebpf-pid----372881----pid-1
---ebpf-pid----372881----pid-372881
---ebpf-pid----372881----pid-372881
---ebpf-pid----372881----pid-1
---ebpf-pid----372881----pid-1
---ebpf-pid----5109----pid-5109
---ebpf-pid----372881----pid-372881
---ebpf-pid----5109----pid-3323
---ebpf-pid----372881----pid-1
---ebpf-pid----372881----pid-372881
---ebpf-pid----5109----pid-1
---ebpf-pid----372881----pid-1
---ebpf-pid----5109----pid-5109
---ebpf-pid----372881----pid-372881
---ebpf-pid----379067----pid-5476
---ebpf-pid----372881----pid-1
---ebpf-pid----372881----pid-372881
---ebpf-pid----379067----pid-1
---ebpf-pid----372881----pid-1
---ebpf-pid----379067----pid-379067
---ebpf-pid----372881----pid-372881
---ebpf-pid----379067----pid-5476
---ebpf-pid----372881----pid-1
---ebpf-pid----376651----pid-376651
---ebpf-pid----379067----pid-1
---ebpf-pid----379067----pid-379067
---ebpf-pid----376651----pid-3323
---ebpf-pid----379067----pid-5476
---ebpf-pid----376651----pid-1
---ebpf-pid----379067----pid-1
---ebpf-pid----376651----pid-376651
---ebpf-pid----379067----pid-379067
---ebpf-pid----376651----pid-3323
---ebpf-pid----379067----pid-5476
---ebpf-pid----376651----pid-1
---ebpf-pid----379067----pid-1
---ebpf-pid----2012----pid-2012
---ebpf-pid----379067----pid-379067
---ebpf-pid----2012----pid-1
---ebpf-pid----379067----pid-5476
---ebpf-pid----2012----pid-2012
---ebpf-pid----379067----pid-1
---ebpf-pid----379067----pid-379067
---ebpf-pid----379067----pid-5476
---ebpf-pid----379067----pid-1
---ebpf-pid----372714----pid-372714
---ebpf-pid----372714----pid-5476
---ebpf-pid----372714----pid-1
---ebpf-pid----372714----pid-372714
---ebpf-pid----372714----pid-5476
---ebpf-pid----372714----pid-1
---ebpf-pid----372714----pid-372714
---ebpf-pid----372714----pid-5476
---ebpf-pid----372714----pid-1
---ebpf-pid----372714----pid-372714
---ebpf-pid----372714----pid-5476
---ebpf-pid----372714----pid-1
---ebpf-pid----372714----pid-372714
---ebpf-pid----372714----pid-5476
---ebpf-pid----372714----pid-1
---ebpf-pid----372714----pid-372714
---ebpf-pid----372714----pid-5476
---ebpf-pid----372714----pid-1
---ebpf-pid----372714----pid-372714
---ebpf-pid----372714----pid-5476
---ebpf-pid----372714----pid-1
---ebpf-pid----372714----pid-372714
---ebpf-pid----372714----pid-5476
---ebpf-pid----372714----pid-1
---ebpf-pid----372714----pid-372714
---ebpf-pid----372714----pid-5476
---ebpf-pid----372714----pid-1
---ebpf-pid----372714----pid-372714
---ebpf-pid----372714----pid-5476
---ebpf-pid----372714----pid-1
---ebpf-pid----2012----pid-1
---ebpf-pid----2012----pid-2012
---ebpf-pid----2012----pid-1
---ebpf-pid----2012----pid-2012
---ebpf-pid----376651----pid-1
---ebpf-pid----376651----pid-376651
---ebpf-pid----376651----pid-3323
---ebpf-pid----376651----pid-1
---ebpf-pid----376651----pid-376651
---ebpf-pid----376651----pid-3323
---ebpf-pid----376651----pid-1
---ebpf-pid----376651----pid-376651
---ebpf-pid----376651----pid-3323
---ebpf-pid----376651----pid-1
---ebpf-pid----376651----pid-376651
---ebpf-pid----376651----pid-3323
---ebpf-pid----2012----pid-1
---ebpf-pid----2012----pid-2012
---ebpf-pid----2012----pid-1
---ebpf-pid----2012----pid-2012
---ebpf-pid----2012----pid-1
---ebpf-pid----2012----pid-2012
---ebpf-pid----376651----pid-1
---ebpf-pid----2012----pid-1
---ebpf-pid----2012----pid-2012
---ebpf-pid----376651----pid-376651
---ebpf-pid----376651----pid-3323
---ebpf-pid----376651----pid-1
---ebpf-pid----376651----pid-376651
---ebpf-pid----376651----pid-3323
---ebpf-pid----376651----pid-1
---ebpf-pid----376651----pid-376651
---ebpf-pid----376651----pid-3323
---ebpf-pid----376651----pid-1
---ebpf-pid----376651----pid-376651
---ebpf-pid----376651----pid-3323
---ebpf-pid----376651----pid-1
---ebpf-pid----376651----pid-376651
---ebpf-pid----376651----pid-3323
---ebpf-pid----376651----pid-1
---ebpf-pid----376651----pid-376651
---ebpf-pid----376651----pid-3323
---ebpf-pid----376651----pid-1
---ebpf-pid----376651----pid-376651
---ebpf-pid----376651----pid-3323
---ebpf-pid----376651----pid-1
---ebpf-pid----376651----pid-376651
---ebpf-pid----376651----pid-3323
---ebpf-pid----376651----pid-1
---ebpf-pid----376651----pid-376651
---ebpf-pid----376651----pid-3323
---ebpf-pid----376651----pid-1
---ebpf-pid----376651----pid-376651
---ebpf-pid----376651----pid-3323
---ebpf-pid----376651----pid-1
---ebpf-pid----376651----pid-376651
---ebpf-pid----376651----pid-3323
---ebpf-pid----376651----pid-1
---ebpf-pid----376651----pid-376651
---ebpf-pid----376651----pid-3323
---ebpf-pid----376651----pid-1
---ebpf-pid----376651----pid-376651
---ebpf-pid----376651----pid-3323
---ebpf-pid----376651----pid-1
---ebpf-pid----376651----pid-376651
---ebpf-pid----376651----pid-3323
---ebpf-pid----376651----pid-1
---ebpf-pid----376651----pid-376651
---ebpf-pid----376651----pid-3323
---ebpf-pid----376651----pid-1
---ebpf-pid----376651----pid-376651
---ebpf-pid----376651----pid-3323
---ebpf-pid----2012----pid-1
---ebpf-pid----2012----pid-2012
---ebpf-pid----376651----pid-1
---ebpf-pid----376651----pid-376651
---ebpf-pid----2012----pid-1
---ebpf-pid----372881----pid-372881
---ebpf-pid----372881----pid-1
---ebpf-pid----372881----pid-372881
---ebpf-pid----376651----pid-3323
---ebpf-pid----372881----pid-1
---ebpf-pid----376651----pid-1
---ebpf-pid----372881----pid-372881
---ebpf-pid----376651----pid-376651
---ebpf-pid----372881----pid-1
---ebpf-pid----372881----pid-372881
---ebpf-pid----376651----pid-3323
---ebpf-pid----372714----pid-372714
---ebpf-pid----376651----pid-1
---ebpf-pid----372714----pid-5476
---ebpf-pid----376651----pid-376651
---ebpf-pid----372714----pid-1
---ebpf-pid----376651----pid-3323
---ebpf-pid----372714----pid-372714
---ebpf-pid----376651----pid-1
---ebpf-pid----372714----pid-5476
---ebpf-pid----376651----pid-376651
---ebpf-pid----372714----pid-1
---ebpf-pid----376651----pid-3323
---ebpf-pid----372714----pid-372714
---ebpf-pid----376651----pid-1
---ebpf-pid----372714----pid-5476
---ebpf-pid----376651----pid-376651
---ebpf-pid----376651----pid-3323
---ebpf-pid----376651----pid-1
---ebpf-pid----376651----pid-376651
---ebpf-pid----376651----pid-3323
---ebpf-pid----376651----pid-1
---ebpf-pid----376651----pid-376651
---ebpf-pid----376651----pid-3323
---ebpf-pid----372714----pid-1
---ebpf-pid----372714----pid-372714
---ebpf-pid----376651----pid-1
---ebpf-pid----376651----pid-376651
---ebpf-pid----372881----pid-1
---ebpf-pid----372881----pid-372881
---ebpf-pid----372881----pid-1
---ebpf-pid----372881----pid-372881
---ebpf-pid----372881----pid-1
---ebpf-pid----372881----pid-372881
---ebpf-pid----372881----pid-1
---ebpf-pid----5109----pid-3323
---ebpf-pid----372881----pid-372881
---ebpf-pid----5109----pid-1
---ebpf-pid----372881----pid-1
---ebpf-pid----5109----pid-5109
---ebpf-pid----372881----pid-372881
---ebpf-pid----5109----pid-3323
---ebpf-pid----372881----pid-1
---ebpf-pid----372881----pid-372881
---ebpf-pid----5109----pid-1
---ebpf-pid----5109----pid-5109
---ebpf-pid----372881----pid-1
---ebpf-pid----376651----pid-376651
---ebpf-pid----5109----pid-3323
---ebpf-pid----376651----pid-3323
---ebpf-pid----5109----pid-1
---ebpf-pid----5109----pid-5109
---ebpf-pid----376651----pid-1
---ebpf-pid----376651----pid-376651
---ebpf-pid----5109----pid-3323
---ebpf-pid----376651----pid-3323
---ebpf-pid----5109----pid-1
---ebpf-pid----5109----pid-5109
---ebpf-pid----376651----pid-1
---ebpf-pid----376651----pid-376651
---ebpf-pid----5109----pid-3323
---ebpf-pid----376651----pid-3323
---ebpf-pid----5109----pid-1
---ebpf-pid----5109----pid-5109
---ebpf-pid----376651----pid-1
---ebpf-pid----376651----pid-376651
---ebpf-pid----5109----pid-3323
---ebpf-pid----376651----pid-3323
---ebpf-pid----5109----pid-1
---ebpf-pid----5109----pid-5109
---ebpf-pid----376651----pid-1
---ebpf-pid----376651----pid-376651
---ebpf-pid----376651----pid-3323
---ebpf-pid----376651----pid-1
---ebpf-pid----376651----pid-376651
---ebpf-pid----376651----pid-3323
---ebpf-pid----376651----pid-1
---ebpf-pid----376651----pid-376651
---ebpf-pid----376651----pid-3323
---ebpf-pid----376651----pid-1
---ebpf-pid----376651----pid-376651
---ebpf-pid----376651----pid-3323
---ebpf-pid----376651----pid-1
---ebpf-pid----376651----pid-376651
---ebpf-pid----376651----pid-3323
---ebpf-pid----376651----pid-1
---ebpf-pid----2088----pid-2088
---ebpf-pid----2088----pid-1
---ebpf-pid----2088----pid-2088
---ebpf-pid----2088----pid-1
---ebpf-pid----5109----pid-3323
---ebpf-pid----2088----pid-2088
---ebpf-pid----2088----pid-1
---ebpf-pid----2088----pid-2088
---ebpf-pid----5109----pid-1
---ebpf-pid----5109----pid-5109
---ebpf-pid----2088----pid-1
---ebpf-pid----2088----pid-2088
---ebpf-pid----5109----pid-3323
---ebpf-pid----2088----pid-1
---ebpf-pid----5109----pid-1
---ebpf-pid----2088----pid-2088
---ebpf-pid----5109----pid-5109
---ebpf-pid----2088----pid-1
---ebpf-pid----5109----pid-3323
---ebpf-pid----2088----pid-2088
---ebpf-pid----5109----pid-1
---ebpf-pid----5109----pid-5109
---ebpf-pid----2088----pid-1
---ebpf-pid----2088----pid-2088
---ebpf-pid----5109----pid-3323
---ebpf-pid----2088----pid-1
---ebpf-pid----5109----pid-1
---ebpf-pid----2088----pid-2088
---ebpf-pid----5109----pid-5109
---ebpf-pid----2088----pid-1
---ebpf-pid----5109----pid-3323
---ebpf-pid----2012----pid-2012
---ebpf-pid----5109----pid-1
---ebpf-pid----5109----pid-5109
---ebpf-pid----2012----pid-1
---ebpf-pid----2012----pid-2012
---ebpf-pid----2012----pid-1
---ebpf-pid----2012----pid-2012
---ebpf-pid----2012----pid-1
---ebpf-pid----5109----pid-3323
---ebpf-pid----2012----pid-2012
---ebpf-pid----2012----pid-1
---ebpf-pid----5109----pid-1
---ebpf-pid----2012----pid-2012
---ebpf-pid----372881----pid-372881
---ebpf-pid----2012----pid-1
---ebpf-pid----2012----pid-2012
---ebpf-pid----372881----pid-1
---ebpf-pid----372881----pid-372881
---ebpf-pid----2012----pid-1
---ebpf-pid----372881----pid-1
---ebpf-pid----2012----pid-2012
---ebpf-pid----5707----pid-5707
---ebpf-pid----2012----pid-1
---ebpf-pid----2012----pid-2012
---ebpf-pid----5707----pid-5476
---ebpf-pid----2012----pid-1
---ebpf-pid----5707----pid-1
---ebpf-pid----2012----pid-2012
---ebpf-pid----372881----pid-372881
---ebpf-pid----2012----pid-1
---ebpf-pid----372881----pid-1
---ebpf-pid----376651----pid-376651
---ebpf-pid----376651----pid-376651
---ebpf-pid----376651----pid-3323
---ebpf-pid----376651----pid-3323
---ebpf-pid----376651----pid-1
---ebpf-pid----376651----pid-1
---ebpf-pid----2089----pid-2089
---ebpf-pid----5614----pid-5614
---ebpf-pid----2089----pid-1
---ebpf-pid----5614----pid-1
---ebpf-pid----2089----pid-2089
---ebpf-pid----5614----pid-5614
---ebpf-pid----5614----pid-1
---ebpf-pid----2089----pid-1
---ebpf-pid----5614----pid-5614
---ebpf-pid----2089----pid-2089
---ebpf-pid----5614----pid-1
---ebpf-pid----2089----pid-1
---ebpf-pid----5614----pid-5614
---ebpf-pid----2089----pid-2089
---ebpf-pid----372714----pid-5476
---ebpf-pid----5614----pid-1
---ebpf-pid----372714----pid-1
---ebpf-pid----5614----pid-5614
---ebpf-pid----372714----pid-372714
---ebpf-pid----5614----pid-1
---ebpf-pid----372714----pid-5476
---ebpf-pid----5614----pid-5614
---ebpf-pid----5614----pid-1
---ebpf-pid----372714----pid-1
---ebpf-pid----5614----pid-5614
---ebpf-pid----372714----pid-372714
---ebpf-pid----5614----pid-1
---ebpf-pid----372714----pid-5476
---ebpf-pid----372881----pid-372881
---ebpf-pid----372714----pid-1
---ebpf-pid----372714----pid-372714
---ebpf-pid----372714----pid-5476
---ebpf-pid----376651----pid-3323
---ebpf-pid----376651----pid-1
---ebpf-pid----372714----pid-1
---ebpf-pid----376651----pid-376651
---ebpf-pid----372714----pid-372714
---ebpf-pid----376651----pid-3323
---ebpf-pid----372714----pid-5476
---ebpf-pid----376651----pid-1
---ebpf-pid----372714----pid-1
---ebpf-pid----376651----pid-376651
---ebpf-pid----372714----pid-372714
---ebpf-pid----376651----pid-3323
---ebpf-pid----372714----pid-5476
---ebpf-pid----376651----pid-1
---ebpf-pid----376651----pid-376651
---ebpf-pid----372714----pid-1
---ebpf-pid----372714----pid-372714
---ebpf-pid----376651----pid-3323
---ebpf-pid----376651----pid-1
---ebpf-pid----372714----pid-5476
---ebpf-pid----376651----pid-376651
---ebpf-pid----372714----pid-1
---ebpf-pid----376651----pid-3323
---ebpf-pid----372714----pid-372714
---ebpf-pid----372714----pid-5476
---ebpf-pid----372714----pid-1
---ebpf-pid----372714----pid-372714
---ebpf-pid----372714----pid-5476
---ebpf-pid----372714----pid-1
---ebpf-pid----372714----pid-372714
---ebpf-pid----372714----pid-5476
---ebpf-pid----376651----pid-1
---ebpf-pid----372714----pid-1
---ebpf-pid----372881----pid-1
---ebpf-pid----372881----pid-372881
---ebpf-pid----372881----pid-1
---ebpf-pid----372881----pid-372881
---ebpf-pid----372881----pid-1
---ebpf-pid----372881----pid-372881
---ebpf-pid----372881----pid-1
---ebpf-pid----372881----pid-372881
---ebpf-pid----372714----pid-372714
---ebpf-pid----376651----pid-376651
---ebpf-pid----376651----pid-3323
---ebpf-pid----372714----pid-5476
---ebpf-pid----2089----pid-1
---ebpf-pid----2089----pid-2089
---ebpf-pid----372714----pid-1
---ebpf-pid----372714----pid-372714
---ebpf-pid----372714----pid-5476
---ebpf-pid----372714----pid-1
---ebpf-pid----372714----pid-372714
---ebpf-pid----372714----pid-5476
---ebpf-pid----372714----pid-1
---ebpf-pid----372714----pid-372714
---ebpf-pid----372714----pid-5476
---ebpf-pid----372714----pid-1
---ebpf-pid----372714----pid-372714
---ebpf-pid----372714----pid-5476
---ebpf-pid----372714----pid-1
---ebpf-pid----372714----pid-372714
---ebpf-pid----372714----pid-5476
---ebpf-pid----372714----pid-1
---ebpf-pid----372714----pid-372714
---ebpf-pid----372714----pid-5476
---ebpf-pid----372714----pid-1
---ebpf-pid----372714----pid-372714
---ebpf-pid----372714----pid-5476
---ebpf-pid----372714----pid-1
---ebpf-pid----2089----pid-1
---ebpf-pid----2089----pid-2089
---ebpf-pid----2089----pid-1
---ebpf-pid----2012----pid-2012
---ebpf-pid----372714----pid-372714
---ebpf-pid----372714----pid-5476
---ebpf-pid----376651----pid-1
---ebpf-pid----376651----pid-376651
---ebpf-pid----372714----pid-1
---ebpf-pid----376651----pid-3323
---ebpf-pid----372714----pid-372714
---ebpf-pid----376651----pid-1
---ebpf-pid----372881----pid-1
---ebpf-pid----372881----pid-372881
---ebpf-pid----376651----pid-376651
---ebpf-pid----372881----pid-1
---ebpf-pid----372714----pid-5476
---ebpf-pid----372881----pid-372881
---ebpf-pid----372881----pid-1
---ebpf-pid----372881----pid-372881
---ebpf-pid----372881----pid-1
---ebpf-pid----372881----pid-372881
---ebpf-pid----372881----pid-1
---ebpf-pid----372881----pid-372881
---ebpf-pid----372881----pid-1
---ebpf-pid----372881----pid-372881
---ebpf-pid----372881----pid-1
---ebpf-pid----372881----pid-372881
---ebpf-pid----372881----pid-1
---ebpf-pid----376651----pid-3323
---ebpf-pid----4716----pid-4716
---ebpf-pid----376651----pid-1
---ebpf-pid----4716----pid-3323
---ebpf-pid----376651----pid-376651
---ebpf-pid----4716----pid-1
---ebpf-pid----376651----pid-3323
---ebpf-pid----4716----pid-4716
---ebpf-pid----376651----pid-1
---ebpf-pid----376651----pid-376651
---ebpf-pid----376651----pid-3323
---ebpf-pid----376651----pid-1
---ebpf-pid----376651----pid-376651
---ebpf-pid----376651----pid-3323
---ebpf-pid----2012----pid-1
---ebpf-pid----2012----pid-2012
---ebpf-pid----372714----pid-1
---ebpf-pid----372714----pid-372714
---ebpf-pid----2012----pid-1
---ebpf-pid----376651----pid-376651
---ebpf-pid----372714----pid-5476
---ebpf-pid----376651----pid-3323
---ebpf-pid----376651----pid-1
---ebpf-pid----372714----pid-1
---ebpf-pid----376651----pid-376651
---ebpf-pid----376651----pid-3323
---ebpf-pid----376651----pid-1
---ebpf-pid----376651----pid-376651
---ebpf-pid----376651----pid-3323
---ebpf-pid----376651----pid-1
---ebpf-pid----376651----pid-376651
---ebpf-pid----376651----pid-3323
---ebpf-pid----372714----pid-372714
---ebpf-pid----372714----pid-5476
---ebpf-pid----376651----pid-1
---ebpf-pid----372714----pid-1
---ebpf-pid----372714----pid-372714
---ebpf-pid----4716----pid-3323
---ebpf-pid----372714----pid-5476
---ebpf-pid----376651----pid-376651
---ebpf-pid----372714----pid-1
---ebpf-pid----372714----pid-372714
---ebpf-pid----372714----pid-5476
---ebpf-pid----372714----pid-1
---ebpf-pid----372714----pid-372714
---ebpf-pid----372714----pid-5476
---ebpf-pid----372714----pid-1
---ebpf-pid----372714----pid-372714
---ebpf-pid----372714----pid-5476
---ebpf-pid----372714----pid-1
---ebpf-pid----372714----pid-372714
---ebpf-pid----376651----pid-3323
---ebpf-pid----372714----pid-5476
---ebpf-pid----4716----pid-1
---ebpf-pid----4716----pid-4716
---ebpf-pid----372714----pid-1
---ebpf-pid----372714----pid-372714
---ebpf-pid----376651----pid-1
---ebpf-pid----376651----pid-376651
---ebpf-pid----4716----pid-3323
---ebpf-pid----376651----pid-1
---ebpf-pid----376651----pid-376651
---ebpf-pid----4716----pid-1
---ebpf-pid----376651----pid-3323
---ebpf-pid----372714----pid-5476
---ebpf-pid----376651----pid-1
---ebpf-pid----376651----pid-376651
---ebpf-pid----376651----pid-376651
---ebpf-pid----376651----pid-3323
---ebpf-pid----376651----pid-1
---ebpf-pid----376651----pid-376651
---ebpf-pid----372714----pid-1
---ebpf-pid----376651----pid-3323
---ebpf-pid----372714----pid-372714
---ebpf-pid----372714----pid-5476
---ebpf-pid----376651----pid-3323
---ebpf-pid----376651----pid-1
---ebpf-pid----376651----pid-376651
---ebpf-pid----376651----pid-1
---ebpf-pid----376651----pid-3323
---ebpf-pid----376651----pid-1
---ebpf-pid----376651----pid-376651
---ebpf-pid----372714----pid-1
---ebpf-pid----372714----pid-372714
---ebpf-pid----376651----pid-3323
---ebpf-pid----376651----pid-1
---ebpf-pid----376651----pid-376651
---ebpf-pid----376651----pid-3323
---ebpf-pid----376651----pid-1
---ebpf-pid----376651----pid-376651
---ebpf-pid----376651----pid-3323
---ebpf-pid----376651----pid-1
---ebpf-pid----376651----pid-376651
---ebpf-pid----376651----pid-376651
---ebpf-pid----376651----pid-3323
---ebpf-pid----376651----pid-3323
---ebpf-pid----376651----pid-1
---ebpf-pid----372881----pid-372881
---ebpf-pid----376651----pid-1
---ebpf-pid----376651----pid-376651
---ebpf-pid----372881----pid-1
---ebpf-pid----376651----pid-3323
---ebpf-pid----372881----pid-372881
---ebpf-pid----372881----pid-1
---ebpf-pid----376651----pid-1
---ebpf-pid----372881----pid-372881
---ebpf-pid----376651----pid-376651
---ebpf-pid----372881----pid-1
---ebpf-pid----376651----pid-3323
---ebpf-pid----372881----pid-372881
---ebpf-pid----372881----pid-1
---ebpf-pid----376651----pid-1
---ebpf-pid----372881----pid-372881
---ebpf-pid----376651----pid-376651
---ebpf-pid----372881----pid-1
---ebpf-pid----372881----pid-372881
---ebpf-pid----372881----pid-1
---ebpf-pid----372881----pid-372881
---ebpf-pid----372881----pid-1
---ebpf-pid----372881----pid-372881
---ebpf-pid----376651----pid-3323
---ebpf-pid----372881----pid-1
---ebpf-pid----372881----pid-372881
---ebpf-pid----376651----pid-1
---ebpf-pid----372881----pid-1
---ebpf-pid----376651----pid-376651
---ebpf-pid----377755----pid-377755
---ebpf-pid----376651----pid-3323
---ebpf-pid----377755----pid-1
---ebpf-pid----372881----pid-372881
---ebpf-pid----376651----pid-1
---ebpf-pid----4716----pid-4716
---ebpf-pid----372881----pid-1
---ebpf-pid----372881----pid-372881
---ebpf-pid----372881----pid-1
---ebpf-pid----4716----pid-3323
---ebpf-pid----372881----pid-372881
---ebpf-pid----4716----pid-1
---ebpf-pid----372881----pid-1
---ebpf-pid----376651----pid-376651
---ebpf-pid----372881----pid-372881
---ebpf-pid----376651----pid-3323
---ebpf-pid----372881----pid-1
---ebpf-pid----372881----pid-372881
---ebpf-pid----376651----pid-1
---ebpf-pid----376651----pid-376651
---ebpf-pid----372881----pid-1
---ebpf-pid----372881----pid-372881
---ebpf-pid----376651----pid-3323
---ebpf-pid----372881----pid-1
---ebpf-pid----376651----pid-1
---ebpf-pid----372881----pid-372881
---ebpf-pid----376651----pid-376651
---ebpf-pid----372881----pid-1
---ebpf-pid----372881----pid-372881
---ebpf-pid----372881----pid-1
---ebpf-pid----376651----pid-3323
---ebpf-pid----372714----pid-5476
---ebpf-pid----2089----pid-2089
---ebpf-pid----376651----pid-1
---ebpf-pid----376651----pid-376651
---ebpf-pid----2089----pid-1
---ebpf-pid----372714----pid-1
---ebpf-pid----2089----pid-2089
---ebpf-pid----376651----pid-3323
---ebpf-pid----372714----pid-372714
---ebpf-pid----2089----pid-1
---ebpf-pid----2089----pid-2089
---ebpf-pid----376651----pid-1
---ebpf-pid----376651----pid-376651
---ebpf-pid----372714----pid-5476
---ebpf-pid----2089----pid-1
---ebpf-pid----2089----pid-2089
---ebpf-pid----376651----pid-3323
---ebpf-pid----2089----pid-1
---ebpf-pid----372714----pid-1
---ebpf-pid----372714----pid-372714
---ebpf-pid----2089----pid-2089
---ebpf-pid----2089----pid-1
---ebpf-pid----2089----pid-2089
---ebpf-pid----2089----pid-1
---ebpf-pid----2089----pid-2089
---ebpf-pid----2089----pid-1
---ebpf-pid----2089----pid-2089
---ebpf-pid----372714----pid-5476
---ebpf-pid----2089----pid-1
---ebpf-pid----2089----pid-2089
---ebpf-pid----372714----pid-1
---ebpf-pid----372714----pid-372714
---ebpf-pid----2089----pid-1
---ebpf-pid----5637----pid-5637
---ebpf-pid----5637----pid-1
---ebpf-pid----2088----pid-2088
---ebpf-pid----2088----pid-1
---ebpf-pid----2088----pid-2088
---ebpf-pid----2088----pid-1
---ebpf-pid----372714----pid-5476
---ebpf-pid----2088----pid-2088
---ebpf-pid----2088----pid-1
---ebpf-pid----372714----pid-1
---ebpf-pid----2088----pid-2088
---ebpf-pid----376651----pid-3323
---ebpf-pid----376651----pid-1
---ebpf-pid----372714----pid-372714
---ebpf-pid----376651----pid-1
---ebpf-pid----376651----pid-376651
---ebpf-pid----372714----pid-5476
---ebpf-pid----376651----pid-376651
---ebpf-pid----376651----pid-3323
---ebpf-pid----372714----pid-1
---ebpf-pid----372714----pid-372714
---ebpf-pid----376651----pid-1
---ebpf-pid----2088----pid-1
---ebpf-pid----2088----pid-2088
---ebpf-pid----2088----pid-1
---ebpf-pid----2088----pid-2088
---ebpf-pid----376651----pid-3323
---ebpf-pid----2088----pid-1
---ebpf-pid----372714----pid-5476
---ebpf-pid----376651----pid-376651
---ebpf-pid----2088----pid-2088
---ebpf-pid----372714----pid-1
---ebpf-pid----372714----pid-372714
---ebpf-pid----376651----pid-3323
---ebpf-pid----376651----pid-1
---ebpf-pid----2088----pid-1
---ebpf-pid----2088----pid-2088
---ebpf-pid----2088----pid-1
---ebpf-pid----376651----pid-376651
---ebpf-pid----376651----pid-1
---ebpf-pid----376651----pid-376651
---ebpf-pid----376651----pid-3323
---ebpf-pid----372714----pid-5476
---ebpf-pid----2088----pid-2088
---ebpf-pid----372714----pid-1
---ebpf-pid----372714----pid-372714
---ebpf-pid----376651----pid-3323
---ebpf-pid----2088----pid-1
---ebpf-pid----376651----pid-1
---ebpf-pid----376651----pid-1
---ebpf-pid----376651----pid-376651
---ebpf-pid----2088----pid-2088
---ebpf-pid----372714----pid-5476
---ebpf-pid----376651----pid-376651
---ebpf-pid----376651----pid-3323
---ebpf-pid----2088----pid-1
---ebpf-pid----372714----pid-1
---ebpf-pid----372714----pid-372714
---ebpf-pid----376651----pid-1
---ebpf-pid----376651----pid-3323
---ebpf-pid----2088----pid-2088
---ebpf-pid----372714----pid-5476
---ebpf-pid----376651----pid-376651
---ebpf-pid----376651----pid-1
---ebpf-pid----2088----pid-1
---ebpf-pid----2088----pid-2088
---ebpf-pid----372714----pid-1
---ebpf-pid----372714----pid-372714
---ebpf-pid----376651----pid-3323
---ebpf-pid----376651----pid-376651
---ebpf-pid----372714----pid-5476
---ebpf-pid----2088----pid-1
---ebpf-pid----2088----pid-2088
---ebpf-pid----372714----pid-1
---ebpf-pid----376651----pid-1
---ebpf-pid----372714----pid-372714
---ebpf-pid----8844----pid-8844
---ebpf-pid----376651----pid-3323
---ebpf-pid----2088----pid-1
---ebpf-pid----2088----pid-2088
---ebpf-pid----372714----pid-5476
---ebpf-pid----8844----pid-7637
---ebpf-pid----8844----pid-1
---ebpf-pid----8844----pid-8844
---ebpf-pid----376651----pid-1
---ebpf-pid----372714----pid-1
---ebpf-pid----376651----pid-376651
---ebpf-pid----372714----pid-372714
---ebpf-pid----8844----pid-7637
---ebpf-pid----8844----pid-1
---ebpf-pid----8844----pid-8844
---ebpf-pid----8844----pid-7637
---ebpf-pid----8844----pid-1
---ebpf-pid----8844----pid-8844
---ebpf-pid----372714----pid-5476
---ebpf-pid----372714----pid-1
---ebpf-pid----372714----pid-372714
---ebpf-pid----372714----pid-5476
---ebpf-pid----372714----pid-1
---ebpf-pid----372714----pid-372714
---ebpf-pid----372714----pid-5476
---ebpf-pid----372714----pid-1
---ebpf-pid----372714----pid-372714
---ebpf-pid----372714----pid-5476
---ebpf-pid----372714----pid-1
---ebpf-pid----372714----pid-372714
---ebpf-pid----372714----pid-5476
---ebpf-pid----372714----pid-1
---ebpf-pid----372714----pid-372714
---ebpf-pid----372714----pid-5476
---ebpf-pid----372714----pid-1
---ebpf-pid----372714----pid-372714
---ebpf-pid----372714----pid-5476
---ebpf-pid----372714----pid-1
---ebpf-pid----372714----pid-372714
---ebpf-pid----2088----pid-1
---ebpf-pid----8844----pid-7637
---ebpf-pid----8844----pid-1
---ebpf-pid----8844----pid-8844
---ebpf-pid----8844----pid-7637
---ebpf-pid----8844----pid-1
---ebpf-pid----8844----pid-8844
---ebpf-pid----376651----pid-3323
---ebpf-pid----8844----pid-7637
---ebpf-pid----376651----pid-1
---ebpf-pid----8844----pid-1
---ebpf-pid----376651----pid-376651
---ebpf-pid----8844----pid-8844
---ebpf-pid----2088----pid-2088
---ebpf-pid----372714----pid-5476
---ebpf-pid----8844----pid-7637
---ebpf-pid----8844----pid-1
---ebpf-pid----8844----pid-8844
---ebpf-pid----8844----pid-7637
---ebpf-pid----8844----pid-1
---ebpf-pid----9422----pid-9422
---ebpf-pid----9422----pid-7637
---ebpf-pid----9422----pid-1
---ebpf-pid----9422----pid-9422
---ebpf-pid----2088----pid-1
---ebpf-pid----2088----pid-2088
---ebpf-pid----376651----pid-3323
---ebpf-pid----376651----pid-1
---ebpf-pid----376651----pid-376651
---ebpf-pid----376651----pid-3323
---ebpf-pid----376651----pid-1
---ebpf-pid----376651----pid-376651
---ebpf-pid----2088----pid-1
---ebpf-pid----9422----pid-7637
---ebpf-pid----376651----pid-3323
---ebpf-pid----372714----pid-1
---ebpf-pid----372714----pid-372714
---ebpf-pid----372714----pid-5476
---ebpf-pid----372714----pid-1
---ebpf-pid----372714----pid-372714
---ebpf-pid----372714----pid-5476
---ebpf-pid----2088----pid-2088
---ebpf-pid----372714----pid-1
---ebpf-pid----372714----pid-372714
---ebpf-pid----2088----pid-1
---ebpf-pid----9422----pid-1
---ebpf-pid----376651----pid-1
---ebpf-pid----376651----pid-376651
---ebpf-pid----2088----pid-2088
---ebpf-pid----372714----pid-5476
---ebpf-pid----372714----pid-1
---ebpf-pid----372714----pid-372714
---ebpf-pid----372714----pid-5476
---ebpf-pid----9422----pid-9422
---ebpf-pid----372714----pid-1
---ebpf-pid----372714----pid-372714
---ebpf-pid----372714----pid-5476
---ebpf-pid----372714----pid-1
---ebpf-pid----372714----pid-372714
---ebpf-pid----372714----pid-5476
---ebpf-pid----2088----pid-1
---ebpf-pid----2088----pid-2088
---ebpf-pid----372714----pid-1
---ebpf-pid----372714----pid-372714
---ebpf-pid----372714----pid-5476
---ebpf-pid----372714----pid-1
---ebpf-pid----376651----pid-3323
---ebpf-pid----372714----pid-372714
---ebpf-pid----372714----pid-5476
---ebpf-pid----372714----pid-1
---ebpf-pid----372714----pid-372714
---ebpf-pid----372714----pid-5476
---ebpf-pid----372714----pid-1
---ebpf-pid----372714----pid-372714
---ebpf-pid----372714----pid-5476
---ebpf-pid----372714----pid-1
---ebpf-pid----372714----pid-372714
---ebpf-pid----372714----pid-5476
---ebpf-pid----372714----pid-1
---ebpf-pid----372714----pid-372714
---ebpf-pid----372714----pid-5476
---ebpf-pid----372714----pid-1
---ebpf-pid----372714----pid-372714
---ebpf-pid----372714----pid-5476
---ebpf-pid----372714----pid-1
---ebpf-pid----372714----pid-372714
---ebpf-pid----372714----pid-5476
---ebpf-pid----372714----pid-1
---ebpf-pid----372714----pid-372714
---ebpf-pid----372714----pid-5476
---ebpf-pid----372714----pid-1
---ebpf-pid----372714----pid-372714
---ebpf-pid----372714----pid-5476
---ebpf-pid----372714----pid-1
---ebpf-pid----372714----pid-372714
---ebpf-pid----372714----pid-5476
---ebpf-pid----372714----pid-1
---ebpf-pid----372714----pid-372714
---ebpf-pid----372714----pid-5476
---ebpf-pid----372714----pid-1
---ebpf-pid----372714----pid-372714
---ebpf-pid----372714----pid-5476
---ebpf-pid----372714----pid-1
---ebpf-pid----372714----pid-372714
---ebpf-pid----372714----pid-5476
---ebpf-pid----9422----pid-7637
---ebpf-pid----372714----pid-1
---ebpf-pid----372714----pid-372714
---ebpf-pid----9422----pid-1
---ebpf-pid----372714----pid-5476
---ebpf-pid----372714----pid-1
---ebpf-pid----372714----pid-372714
---ebpf-pid----372714----pid-5476
---ebpf-pid----372714----pid-1
---ebpf-pid----372714----pid-372714
---ebpf-pid----372714----pid-5476
---ebpf-pid----372714----pid-1
---ebpf-pid----372714----pid-372714
---ebpf-pid----372714----pid-5476
---ebpf-pid----372714----pid-1
---ebpf-pid----372714----pid-372714
---ebpf-pid----372714----pid-5476
---ebpf-pid----2088----pid-1
---ebpf-pid----372714----pid-1
---ebpf-pid----9422----pid-9422
---ebpf-pid----376651----pid-1
---ebpf-pid----9422----pid-7637
---ebpf-pid----9422----pid-1
---ebpf-pid----9422----pid-9422
---ebpf-pid----9422----pid-7637
---ebpf-pid----9422----pid-1
---ebpf-pid----9422----pid-9422
---ebpf-pid----9422----pid-7637
---ebpf-pid----9422----pid-1
---ebpf-pid----9422----pid-9422
---ebpf-pid----9422----pid-7637
---ebpf-pid----9422----pid-1
---ebpf-pid----9422----pid-9422
---ebpf-pid----9422----pid-7637
---ebpf-pid----2088----pid-2088
---ebpf-pid----9422----pid-1
---ebpf-pid----448782----pid-448782
---ebpf-pid----2088----pid-1
---ebpf-pid----448782----pid-448520
---ebpf-pid----2088----pid-2088
---ebpf-pid----448782----pid-1
---ebpf-pid----2088----pid-1
---ebpf-pid----5108----pid-5108
---ebpf-pid----2088----pid-2088
---ebpf-pid----5108----pid-3323
---ebpf-pid----2088----pid-1
---ebpf-pid----2088----pid-2088
---ebpf-pid----5108----pid-1
---ebpf-pid----5108----pid-5108
---ebpf-pid----2088----pid-1
---ebpf-pid----2088----pid-2088
---ebpf-pid----5108----pid-3323
---ebpf-pid----2088----pid-1
---ebpf-pid----5108----pid-1
---ebpf-pid----5108----pid-5108
---ebpf-pid----2088----pid-2088
---ebpf-pid----5108----pid-3323
---ebpf-pid----2088----pid-1
---ebpf-pid----2088----pid-2088
---ebpf-pid----5108----pid-1
---ebpf-pid----5108----pid-5108
---ebpf-pid----2088----pid-1
---ebpf-pid----5108----pid-3323
---ebpf-pid----2088----pid-2088
---ebpf-pid----5108----pid-1
---ebpf-pid----2088----pid-1
---ebpf-pid----5108----pid-5108
---ebpf-pid----2089----pid-2089
---ebpf-pid----5108----pid-3323
---ebpf-pid----2089----pid-1
---ebpf-pid----2089----pid-2089
---ebpf-pid----5108----pid-1
---ebpf-pid----5108----pid-5108
---ebpf-pid----2089----pid-1
---ebpf-pid----2089----pid-2089
---ebpf-pid----5108----pid-3323
---ebpf-pid----2089----pid-1
---ebpf-pid----5108----pid-1
---ebpf-pid----2089----pid-2089
---ebpf-pid----5108----pid-5108
---ebpf-pid----2089----pid-1
---ebpf-pid----5108----pid-3323
---ebpf-pid----2089----pid-2089
---ebpf-pid----5108----pid-1
---ebpf-pid----2089----pid-1
---ebpf-pid----5108----pid-5108
---ebpf-pid----2089----pid-2089
---ebpf-pid----5108----pid-3323
---ebpf-pid----2089----pid-1
---ebpf-pid----2089----pid-2089
---ebpf-pid----2089----pid-1
---ebpf-pid----2089----pid-2089
---ebpf-pid----5108----pid-1
---ebpf-pid----2089----pid-1
---ebpf-pid----5108----pid-5108
---ebpf-pid----2089----pid-2089
---ebpf-pid----5108----pid-3323
---ebpf-pid----2089----pid-1
---ebpf-pid----2089----pid-2089
---ebpf-pid----5108----pid-1
---ebpf-pid----2012----pid-2012
---ebpf-pid----2089----pid-1
---ebpf-pid----2089----pid-2089
---ebpf-pid----2012----pid-1
---ebpf-pid----2012----pid-2012
---ebpf-pid----2089----pid-1
---ebpf-pid----2089----pid-2089
---ebpf-pid----2012----pid-1
---ebpf-pid----2089----pid-1
---ebpf-pid----2088----pid-2088
---ebpf-pid----2089----pid-2089
---ebpf-pid----2088----pid-1
---ebpf-pid----2089----pid-1
---ebpf-pid----2012----pid-2012
---ebpf-pid----2089----pid-2089
---ebpf-pid----2089----pid-1
---ebpf-pid----2012----pid-1
---ebpf-pid----2089----pid-2089
---ebpf-pid----2012----pid-2012
---ebpf-pid----2012----pid-1
---ebpf-pid----2012----pid-2012
---ebpf-pid----372714----pid-372714
---ebpf-pid----2012----pid-1
---ebpf-pid----376651----pid-376651
---ebpf-pid----2012----pid-2012
---ebpf-pid----2012----pid-1
---ebpf-pid----2012----pid-2012
---ebpf-pid----2012----pid-1
---ebpf-pid----2012----pid-2012
---ebpf-pid----2012----pid-1
---ebpf-pid----2012----pid-2012
---ebpf-pid----2012----pid-1
---ebpf-pid----2012----pid-2012
---ebpf-pid----2012----pid-1
---ebpf-pid----2012----pid-2012
---ebpf-pid----2012----pid-1
---ebpf-pid----2012----pid-2012
---ebpf-pid----2012----pid-1
---ebpf-pid----2012----pid-2012
---ebpf-pid----2012----pid-1
---ebpf-pid----2012----pid-2012
---ebpf-pid----2012----pid-1
---ebpf-pid----2012----pid-2012
---ebpf-pid----2012----pid-1
---ebpf-pid----2012----pid-2012
---ebpf-pid----2012----pid-1
---ebpf-pid----2012----pid-2012
---ebpf-pid----2012----pid-1
---ebpf-pid----2012----pid-2012
---ebpf-pid----2012----pid-1
---ebpf-pid----2012----pid-2012
---ebpf-pid----2012----pid-1
---ebpf-pid----2012----pid-2012
---ebpf-pid----2012----pid-1
---ebpf-pid----2012----pid-2012
---ebpf-pid----2012----pid-1
---ebpf-pid----2012----pid-2012
---ebpf-pid----2012----pid-1
---ebpf-pid----2012----pid-2012
---ebpf-pid----376651----pid-3323
---ebpf-pid----2089----pid-1
---ebpf-pid----2089----pid-2089
---ebpf-pid----2089----pid-1
---ebpf-pid----2089----pid-2089
---ebpf-pid----2089----pid-1
---ebpf-pid----2089----pid-2089
---ebpf-pid----2089----pid-1
---ebpf-pid----2089----pid-2089
---ebpf-pid----2089----pid-1
---ebpf-pid----379067----pid-379067
---ebpf-pid----379067----pid-5476
---ebpf-pid----379067----pid-1
---ebpf-pid----379067----pid-379067
---ebpf-pid----379067----pid-5476
---ebpf-pid----379067----pid-1
---ebpf-pid----379067----pid-379067
---ebpf-pid----372714----pid-5476
---ebpf-pid----379067----pid-5476
---ebpf-pid----379067----pid-1
---ebpf-pid----379067----pid-379067
---ebpf-pid----379067----pid-5476
---ebpf-pid----379067----pid-1
---ebpf-pid----379067----pid-379067
---ebpf-pid----2012----pid-1
---ebpf-pid----379067----pid-5476
---ebpf-pid----379067----pid-1
---ebpf-pid----448782----pid-448782
---ebpf-pid----448782----pid-448520
---ebpf-pid----448782----pid-1
---ebpf-pid----372881----pid-372881
---ebpf-pid----2012----pid-2012
---ebpf-pid----372881----pid-1
---ebpf-pid----372881----pid-372881
---ebpf-pid----372881----pid-1
---ebpf-pid----372881----pid-372881
---ebpf-pid----376651----pid-1
---ebpf-pid----376651----pid-376651
---ebpf-pid----376651----pid-3323
---ebpf-pid----372881----pid-1
---ebpf-pid----376651----pid-1
---ebpf-pid----372881----pid-372881
---ebpf-pid----376651----pid-376651
---ebpf-pid----372881----pid-1
---ebpf-pid----376651----pid-3323
---ebpf-pid----372881----pid-372881
---ebpf-pid----376651----pid-1
---ebpf-pid----372881----pid-1
---ebpf-pid----372881----pid-372881
---ebpf-pid----376651----pid-376651
---ebpf-pid----376651----pid-3323
---ebpf-pid----376651----pid-1
---ebpf-pid----376651----pid-376651
---ebpf-pid----376651----pid-3323
---ebpf-pid----376651----pid-1
---ebpf-pid----376651----pid-376651
---ebpf-pid----372714----pid-1
---ebpf-pid----376651----pid-3323
---ebpf-pid----376651----pid-1
---ebpf-pid----2029----pid-2029
---ebpf-pid----2029----pid-1
---ebpf-pid----2029----pid-2029
---ebpf-pid----2029----pid-1
---ebpf-pid----2029----pid-2029
---ebpf-pid----2029----pid-1
---ebpf-pid----2029----pid-2029
---ebpf-pid----2029----pid-1
---ebpf-pid----2029----pid-2029
---ebpf-pid----2029----pid-1
---ebpf-pid----2029----pid-2029
---ebpf-pid----372714----pid-372714
---ebpf-pid----2029----pid-1
---ebpf-pid----2029----pid-2029
---ebpf-pid----2029----pid-1
---ebpf-pid----2029----pid-2029
---ebpf-pid----2012----pid-1
---ebpf-pid----2012----pid-2012
---ebpf-pid----2012----pid-1
---ebpf-pid----2012----pid-2012
---ebpf-pid----2012----pid-1
---ebpf-pid----2012----pid-2012
---ebpf-pid----2012----pid-1
---ebpf-pid----2012----pid-2012
---ebpf-pid----2012----pid-1
---ebpf-pid----448784----pid-448784
---ebpf-pid----448784----pid-448520
---ebpf-pid----448784----pid-1
---ebpf-pid----448784----pid-448784
---ebpf-pid----448784----pid-448520
---ebpf-pid----448784----pid-1
---ebpf-pid----5614----pid-5614
---ebpf-pid----5614----pid-1
---ebpf-pid----4716----pid-4716
---ebpf-pid----4716----pid-3323
---ebpf-pid----4716----pid-1
---ebpf-pid----4716----pid-4716
---ebpf-pid----4716----pid-3323
---ebpf-pid----4716----pid-1
---ebpf-pid----4716----pid-4716
---ebpf-pid----4716----pid-3323
---ebpf-pid----4716----pid-1
---ebpf-pid----4716----pid-4716
---ebpf-pid----4716----pid-3323
---ebpf-pid----4716----pid-1
---ebpf-pid----4716----pid-4716
---ebpf-pid----4716----pid-3323
---ebpf-pid----4716----pid-1
---ebpf-pid----4716----pid-4716
---ebpf-pid----2029----pid-1
---ebpf-pid----372881----pid-1
---ebpf-pid----372881----pid-372881
---ebpf-pid----372714----pid-5476
---ebpf-pid----2029----pid-2029
---ebpf-pid----372714----pid-1
---ebpf-pid----372714----pid-372714
---ebpf-pid----372714----pid-5476
---ebpf-pid----2029----pid-1
---ebpf-pid----2029----pid-2029
---ebpf-pid----372881----pid-1
---ebpf-pid----372881----pid-372881
---ebpf-pid----372881----pid-1
---ebpf-pid----372881----pid-372881
---ebpf-pid----372714----pid-1
---ebpf-pid----372714----pid-372714
---ebpf-pid----372714----pid-5476
---ebpf-pid----372881----pid-1
---ebpf-pid----2029----pid-1
---ebpf-pid----2029----pid-2029
---ebpf-pid----2029----pid-1
---ebpf-pid----372881----pid-372881
---ebpf-pid----372714----pid-372714
---ebpf-pid----372714----pid-5476
---ebpf-pid----372714----pid-1
---ebpf-pid----372714----pid-372714
---ebpf-pid----372881----pid-1
---ebpf-pid----372714----pid-1
---ebpf-pid----372714----pid-372714
---ebpf-pid----372881----pid-372881
---ebpf-pid----372714----pid-5476
---ebpf-pid----372881----pid-1
---ebpf-pid----372881----pid-372881
---ebpf-pid----372714----pid-1
---ebpf-pid----372714----pid-5476
---ebpf-pid----372714----pid-1
---ebpf-pid----372714----pid-372714
---ebpf-pid----372881----pid-1
---ebpf-pid----372881----pid-372881
---ebpf-pid----372714----pid-5476
---ebpf-pid----372881----pid-1
---ebpf-pid----372714----pid-372714
---ebpf-pid----372881----pid-372881
---ebpf-pid----372714----pid-1
---ebpf-pid----372714----pid-5476
---ebpf-pid----372714----pid-372714
---ebpf-pid----372881----pid-1
---ebpf-pid----372881----pid-372881
---ebpf-pid----372714----pid-5476
---ebpf-pid----372714----pid-1
---ebpf-pid----372714----pid-372714
---ebpf-pid----372714----pid-5476
---ebpf-pid----372714----pid-1
---ebpf-pid----372714----pid-372714
---ebpf-pid----372714----pid-5476
---ebpf-pid----372714----pid-1
---ebpf-pid----372714----pid-372714
---ebpf-pid----372714----pid-5476
---ebpf-pid----372714----pid-1
---ebpf-pid----372714----pid-372714
---ebpf-pid----372881----pid-1
---ebpf-pid----372714----pid-5476
---ebpf-pid----372881----pid-372881
---ebpf-pid----372714----pid-1
---ebpf-pid----372714----pid-372714
---ebpf-pid----372714----pid-5476
---ebpf-pid----372714----pid-1
---ebpf-pid----372714----pid-372714
---ebpf-pid----372714----pid-5476
---ebpf-pid----372714----pid-1
---ebpf-pid----372714----pid-372714
---ebpf-pid----372714----pid-5476
---ebpf-pid----372714----pid-1
---ebpf-pid----372714----pid-372714
---ebpf-pid----372714----pid-5476
---ebpf-pid----372714----pid-1
---ebpf-pid----372714----pid-372714
---ebpf-pid----372714----pid-5476
---ebpf-pid----372714----pid-1
---ebpf-pid----372714----pid-372714
---ebpf-pid----372714----pid-5476
---ebpf-pid----372881----pid-1
---ebpf-pid----372881----pid-372881
---ebpf-pid----372714----pid-1
---ebpf-pid----372714----pid-372714
---ebpf-pid----372881----pid-1
---ebpf-pid----372881----pid-372881
---ebpf-pid----372714----pid-5476
---ebpf-pid----372881----pid-1
---ebpf-pid----372714----pid-1
---ebpf-pid----372881----pid-372881
---ebpf-pid----372714----pid-372714
---ebpf-pid----372881----pid-1
---ebpf-pid----372881----pid-372881
---ebpf-pid----372714----pid-5476
---ebpf-pid----372881----pid-1
---ebpf-pid----372714----pid-1
---ebpf-pid----372881----pid-372881
---ebpf-pid----372714----pid-372714
---ebpf-pid----372881----pid-1
---ebpf-pid----372881----pid-372881
---ebpf-pid----372881----pid-1
---ebpf-pid----372881----pid-372881
---ebpf-pid----372881----pid-1
---ebpf-pid----448785----pid-448785
---ebpf-pid----4716----pid-3323
---ebpf-pid----4716----pid-1
---ebpf-pid----4716----pid-4716
---ebpf-pid----4716----pid-3323
---ebpf-pid----372714----pid-5476
---ebpf-pid----372714----pid-1
---ebpf-pid----373029----pid-373029
---ebpf-pid----373029----pid-5476
---ebpf-pid----373029----pid-1
---ebpf-pid----373029----pid-373029
---ebpf-pid----373029----pid-5476
---ebpf-pid----373029----pid-1
---ebpf-pid----373029----pid-373029
---ebpf-pid----373029----pid-5476
---ebpf-pid----4716----pid-1
---ebpf-pid----4716----pid-4716
---ebpf-pid----4716----pid-3323
---ebpf-pid----4716----pid-1
---ebpf-pid----4716----pid-4716
---ebpf-pid----4716----pid-3323
---ebpf-pid----372714----pid-1
---ebpf-pid----372714----pid-372714
---ebpf-pid----4716----pid-1
---ebpf-pid----4716----pid-4716
---ebpf-pid----372714----pid-5476
---ebpf-pid----4716----pid-3323
---ebpf-pid----4716----pid-1
---ebpf-pid----4716----pid-4716
---ebpf-pid----4716----pid-3323
---ebpf-pid----4716----pid-1
---ebpf-pid----4716----pid-4716
---ebpf-pid----4716----pid-3323
---ebpf-pid----4716----pid-1
---ebpf-pid----4716----pid-4716
---ebpf-pid----4716----pid-3323
---ebpf-pid----4716----pid-1
---ebpf-pid----5614----pid-5614
---ebpf-pid----5614----pid-1
---ebpf-pid----5614----pid-5614
---ebpf-pid----5614----pid-1
---ebpf-pid----5637----pid-5637
---ebpf-pid----5637----pid-1
---ebpf-pid----5637----pid-5637
---ebpf-pid----5637----pid-1
---ebpf-pid----5637----pid-5637
---ebpf-pid----5637----pid-1
---ebpf-pid----5637----pid-5637
---ebpf-pid----5637----pid-1
---ebpf-pid----2010----pid-2010
---ebpf-pid----2010----pid-1
---ebpf-pid----2088----pid-2088
---ebpf-pid----2088----pid-1
---ebpf-pid----2088----pid-2088
---ebpf-pid----2088----pid-1
---ebpf-pid----379067----pid-379067
---ebpf-pid----379067----pid-5476
---ebpf-pid----379067----pid-1
---ebpf-pid----379067----pid-379067
---ebpf-pid----379067----pid-5476
---ebpf-pid----379067----pid-1
---ebpf-pid----379067----pid-379067
---ebpf-pid----379067----pid-5476
---ebpf-pid----379067----pid-1
---ebpf-pid----5119----pid-5119
---ebpf-pid----5119----pid-3323
---ebpf-pid----5119----pid-1
---ebpf-pid----5119----pid-5119
---ebpf-pid----5119----pid-3323
---ebpf-pid----5119----pid-1
---ebpf-pid----5119----pid-5119
---ebpf-pid----5119----pid-3323
---ebpf-pid----372714----pid-1
---ebpf-pid----5119----pid-1
---ebpf-pid----372714----pid-372714
---ebpf-pid----5119----pid-5119
---ebpf-pid----372714----pid-5476
---ebpf-pid----5119----pid-3323
---ebpf-pid----372714----pid-1
---ebpf-pid----5119----pid-1
---ebpf-pid----372714----pid-372714
---ebpf-pid----5119----pid-5119
---ebpf-pid----5119----pid-3323
---ebpf-pid----372714----pid-5476
---ebpf-pid----5119----pid-1
---ebpf-pid----372714----pid-1
---ebpf-pid----5119----pid-5119
---ebpf-pid----376651----pid-376651
---ebpf-pid----5119----pid-3323
---ebpf-pid----376651----pid-3323
---ebpf-pid----5119----pid-1
---ebpf-pid----5119----pid-5119
---ebpf-pid----376651----pid-1
---ebpf-pid----376651----pid-376651
---ebpf-pid----5119----pid-3323
---ebpf-pid----376651----pid-3323
---ebpf-pid----5119----pid-1
---ebpf-pid----5119----pid-5119
---ebpf-pid----376651----pid-1
---ebpf-pid----376651----pid-376651
---ebpf-pid----5119----pid-3323
---ebpf-pid----376651----pid-3323
---ebpf-pid----5119----pid-1
---ebpf-pid----5119----pid-5119
---ebpf-pid----376651----pid-1
---ebpf-pid----5119----pid-3323
---ebpf-pid----376651----pid-376651
---ebpf-pid----376651----pid-3323
---ebpf-pid----5119----pid-1
---ebpf-pid----5119----pid-5119
---ebpf-pid----376651----pid-1
---ebpf-pid----376651----pid-376651
---ebpf-pid----5119----pid-3323
---ebpf-pid----376651----pid-3323
---ebpf-pid----5119----pid-1
---ebpf-pid----5119----pid-5119
---ebpf-pid----376651----pid-1
---ebpf-pid----5119----pid-3323
---ebpf-pid----376651----pid-376651
---ebpf-pid----5119----pid-1
---ebpf-pid----376651----pid-3323
---ebpf-pid----5119----pid-5119
---ebpf-pid----376651----pid-1
---ebpf-pid----5119----pid-3323
---ebpf-pid----376651----pid-376651
---ebpf-pid----5119----pid-1
---ebpf-pid----5119----pid-5119
---ebpf-pid----376651----pid-3323
---ebpf-pid----5119----pid-3323
---ebpf-pid----376651----pid-1
---ebpf-pid----376651----pid-376651
---ebpf-pid----5119----pid-1
---ebpf-pid----5119----pid-5119
---ebpf-pid----376651----pid-3323
---ebpf-pid----5119----pid-3323
---ebpf-pid----5119----pid-1
---ebpf-pid----5119----pid-5119
---ebpf-pid----5119----pid-3323
---ebpf-pid----5119----pid-1
---ebpf-pid----5119----pid-5119
---ebpf-pid----5119----pid-3323
---ebpf-pid----5119----pid-1
---ebpf-pid----5119----pid-5119
---ebpf-pid----5119----pid-3323
---ebpf-pid----5119----pid-1
---ebpf-pid----5119----pid-5119
---ebpf-pid----5119----pid-3323
---ebpf-pid----5119----pid-1
---ebpf-pid----5119----pid-5119
---ebpf-pid----5119----pid-3323
---ebpf-pid----5119----pid-1
---ebpf-pid----4716----pid-4716
---ebpf-pid----4716----pid-3323
---ebpf-pid----4716----pid-1
---ebpf-pid----5119----pid-5119
---ebpf-pid----5119----pid-3323
---ebpf-pid----5119----pid-1
---ebpf-pid----5707----pid-5707
---ebpf-pid----5707----pid-5476
---ebpf-pid----5707----pid-1
---ebpf-pid----5707----pid-5707
---ebpf-pid----5707----pid-5476
---ebpf-pid----5707----pid-1
---ebpf-pid----379067----pid-379067
---ebpf-pid----379067----pid-5476
---ebpf-pid----379067----pid-1
---ebpf-pid----379067----pid-379067
---ebpf-pid----379067----pid-5476
---ebpf-pid----379067----pid-1
---ebpf-pid----379067----pid-379067
---ebpf-pid----379067----pid-5476
---ebpf-pid----379067----pid-1
---ebpf-pid----379067----pid-379067
---ebpf-pid----379067----pid-5476
---ebpf-pid----379067----pid-1
---ebpf-pid----379067----pid-379067
---ebpf-pid----379067----pid-5476
---ebpf-pid----379067----pid-1
---ebpf-pid----379067----pid-379067
---ebpf-pid----379067----pid-5476
---ebpf-pid----373029----pid-1
---ebpf-pid----379067----pid-1
---ebpf-pid----379067----pid-379067
---ebpf-pid----448785----pid-448520
---ebpf-pid----379067----pid-5476
---ebpf-pid----379067----pid-1
---ebpf-pid----379067----pid-379067
---ebpf-pid----379067----pid-5476
---ebpf-pid----379067----pid-1
---ebpf-pid----379067----pid-379067
---ebpf-pid----379067----pid-5476
---ebpf-pid----379067----pid-1
---ebpf-pid----379067----pid-379067
---ebpf-pid----379067----pid-5476
---ebpf-pid----379067----pid-1
---ebpf-pid----379067----pid-379067
---ebpf-pid----379067----pid-5476
---ebpf-pid----379067----pid-1
---ebpf-pid----379067----pid-379067
---ebpf-pid----379067----pid-5476
---ebpf-pid----379067----pid-1
---ebpf-pid----379067----pid-379067
---ebpf-pid----379067----pid-5476
---ebpf-pid----379067----pid-1
---ebpf-pid----379067----pid-379067
---ebpf-pid----379067----pid-5476
---ebpf-pid----379067----pid-1
---ebpf-pid----379067----pid-379067
---ebpf-pid----379067----pid-5476
---ebpf-pid----448785----pid-1
---ebpf-pid----448785----pid-448785
---ebpf-pid----373029----pid-373029
---ebpf-pid----379067----pid-1
---ebpf-pid----376651----pid-1
---ebpf-pid----376651----pid-376651
---ebpf-pid----376651----pid-3323
---ebpf-pid----379067----pid-379067
---ebpf-pid----376651----pid-1
---ebpf-pid----376651----pid-376651
---ebpf-pid----376651----pid-3323
---ebpf-pid----376651----pid-1
---ebpf-pid----376651----pid-376651
---ebpf-pid----376651----pid-3323
---ebpf-pid----376651----pid-1
---ebpf-pid----376651----pid-376651
---ebpf-pid----376651----pid-3323
---ebpf-pid----376651----pid-1
---ebpf-pid----376651----pid-376651
---ebpf-pid----376651----pid-3323
---ebpf-pid----448785----pid-448520
---ebpf-pid----448785----pid-1
---ebpf-pid----372881----pid-372881
---ebpf-pid----372881----pid-1
---ebpf-pid----372881----pid-372881
---ebpf-pid----372881----pid-1
---ebpf-pid----372881----pid-372881
---ebpf-pid----372881----pid-1
---ebpf-pid----372881----pid-372881
---ebpf-pid----372881----pid-1
---ebpf-pid----372881----pid-372881
---ebpf-pid----372881----pid-1
---ebpf-pid----372881----pid-372881
---ebpf-pid----376651----pid-1
---ebpf-pid----379067----pid-5476
---ebpf-pid----372881----pid-1
---ebpf-pid----372881----pid-372881
---ebpf-pid----379067----pid-1
---ebpf-pid----379067----pid-379067
---ebpf-pid----379067----pid-5476
---ebpf-pid----372881----pid-1
---ebpf-pid----372881----pid-372881
---ebpf-pid----379067----pid-1
---ebpf-pid----372881----pid-1
---ebpf-pid----5707----pid-5707
---ebpf-pid----379067----pid-379067
---ebpf-pid----379067----pid-5476
---ebpf-pid----379067----pid-1
---ebpf-pid----379067----pid-379067
---ebpf-pid----379067----pid-5476
---ebpf-pid----379067----pid-1
---ebpf-pid----2089----pid-2089
---ebpf-pid----5707----pid-5476
---ebpf-pid----2089----pid-1
---ebpf-pid----379067----pid-379067
---ebpf-pid----5707----pid-1
---ebpf-pid----5707----pid-5707
---ebpf-pid----379067----pid-5476
---ebpf-pid----5707----pid-5476
---ebpf-pid----379067----pid-1
---ebpf-pid----379067----pid-379067
---ebpf-pid----5707----pid-1
---ebpf-pid----5707----pid-5707
---ebpf-pid----379067----pid-5476
---ebpf-pid----5707----pid-5476
---ebpf-pid----379067----pid-1
---ebpf-pid----5707----pid-1
---ebpf-pid----379067----pid-379067
---ebpf-pid----2012----pid-2012
---ebpf-pid----379067----pid-5476
---ebpf-pid----379067----pid-1
---ebpf-pid----379067----pid-379067
---ebpf-pid----379067----pid-5476
---ebpf-pid----373029----pid-5476
---ebpf-pid----376651----pid-376651
---ebpf-pid----376651----pid-3323
---ebpf-pid----376651----pid-1
---ebpf-pid----376651----pid-376651
---ebpf-pid----376651----pid-3323
---ebpf-pid----2012----pid-1
---ebpf-pid----2012----pid-2012
---ebpf-pid----2012----pid-1
---ebpf-pid----2012----pid-2012
---ebpf-pid----376651----pid-1
---ebpf-pid----373029----pid-1
---ebpf-pid----373029----pid-373029
---ebpf-pid----376651----pid-376651
---ebpf-pid----379067----pid-1
---ebpf-pid----379067----pid-379067
---ebpf-pid----379067----pid-5476
---ebpf-pid----379067----pid-1
---ebpf-pid----379067----pid-379067
---ebpf-pid----379067----pid-5476
---ebpf-pid----376651----pid-3323
---ebpf-pid----379067----pid-1
---ebpf-pid----379067----pid-379067
---ebpf-pid----379067----pid-5476
---ebpf-pid----379067----pid-1
---ebpf-pid----379067----pid-379067
---ebpf-pid----379067----pid-5476
---ebpf-pid----379067----pid-1
---ebpf-pid----379067----pid-379067
---ebpf-pid----376651----pid-1
---ebpf-pid----379067----pid-5476
---ebpf-pid----379067----pid-1
---ebpf-pid----2094----pid-2094
---ebpf-pid----2094----pid-1
---ebpf-pid----2094----pid-2094
---ebpf-pid----2012----pid-1
---ebpf-pid----2012----pid-2012
---ebpf-pid----2094----pid-1
---ebpf-pid----2094----pid-2094
---ebpf-pid----2012----pid-1
---ebpf-pid----2012----pid-2012
---ebpf-pid----2012----pid-1
---ebpf-pid----2012----pid-2012
---ebpf-pid----2012----pid-1
---ebpf-pid----372714----pid-372714
---ebpf-pid----372714----pid-5476
---ebpf-pid----372714----pid-1
---ebpf-pid----372714----pid-372714
---ebpf-pid----372714----pid-5476
---ebpf-pid----372714----pid-1
---ebpf-pid----372714----pid-372714
---ebpf-pid----372714----pid-5476
---ebpf-pid----372714----pid-1
---ebpf-pid----372714----pid-372714
---ebpf-pid----372714----pid-5476
---ebpf-pid----372714----pid-1
---ebpf-pid----372714----pid-372714
---ebpf-pid----373029----pid-5476
---ebpf-pid----372714----pid-5476
---ebpf-pid----373029----pid-1
---ebpf-pid----373029----pid-373029
---ebpf-pid----372714----pid-1
---ebpf-pid----2094----pid-1
---ebpf-pid----448783----pid-448783
---ebpf-pid----2094----pid-2094
---ebpf-pid----373029----pid-5476
---ebpf-pid----2094----pid-1
---ebpf-pid----448783----pid-448520
---ebpf-pid----2094----pid-2094
---ebpf-pid----373029----pid-1
---ebpf-pid----373029----pid-373029
---ebpf-pid----2094----pid-1
---ebpf-pid----448783----pid-1
---ebpf-pid----448783----pid-448783
---ebpf-pid----2094----pid-2094
---ebpf-pid----373029----pid-5476
---ebpf-pid----2094----pid-1
---ebpf-pid----448783----pid-448520
---ebpf-pid----2094----pid-2094
---ebpf-pid----373029----pid-1
---ebpf-pid----373029----pid-373029
---ebpf-pid----448783----pid-1
---ebpf-pid----2094----pid-1
---ebpf-pid----2094----pid-2094
---ebpf-pid----372714----pid-372714
---ebpf-pid----373029----pid-5476
---ebpf-pid----2094----pid-1
---ebpf-pid----372714----pid-5476
---ebpf-pid----2094----pid-2094
---ebpf-pid----373029----pid-1
---ebpf-pid----373029----pid-373029
---ebpf-pid----372714----pid-1
---ebpf-pid----2094----pid-1
---ebpf-pid----2094----pid-2094
---ebpf-pid----372714----pid-372714
---ebpf-pid----373029----pid-5476
---ebpf-pid----2094----pid-1
---ebpf-pid----373029----pid-1
---ebpf-pid----2094----pid-2094
---ebpf-pid----373029----pid-373029
---ebpf-pid----2094----pid-1
---ebpf-pid----373029----pid-5476
---ebpf-pid----2094----pid-2094
---ebpf-pid----373029----pid-1
---ebpf-pid----2094----pid-1
---ebpf-pid----373029----pid-373029
---ebpf-pid----2094----pid-2094
---ebpf-pid----373029----pid-5476
---ebpf-pid----2094----pid-1
---ebpf-pid----2094----pid-2094
---ebpf-pid----373029----pid-1
---ebpf-pid----2094----pid-1
---ebpf-pid----373029----pid-373029
---ebpf-pid----2094----pid-2094
---ebpf-pid----373029----pid-5476
---ebpf-pid----2094----pid-1
---ebpf-pid----2094----pid-2094
---ebpf-pid----373029----pid-1
---ebpf-pid----373029----pid-373029
---ebpf-pid----2094----pid-1
---ebpf-pid----2094----pid-2094
---ebpf-pid----373029----pid-5476
---ebpf-pid----2094----pid-1
---ebpf-pid----2094----pid-2094
---ebpf-pid----373029----pid-1
---ebpf-pid----373029----pid-373029
---ebpf-pid----2094----pid-1
---ebpf-pid----2094----pid-2094
---ebpf-pid----373029----pid-5476
---ebpf-pid----2094----pid-1
---ebpf-pid----2094----pid-2094
---ebpf-pid----373029----pid-1
---ebpf-pid----373029----pid-373029
---ebpf-pid----2094----pid-1
---ebpf-pid----2094----pid-2094
---ebpf-pid----373029----pid-5476
---ebpf-pid----2094----pid-1
---ebpf-pid----2094----pid-2094
---ebpf-pid----373029----pid-1
---ebpf-pid----373029----pid-373029
---ebpf-pid----2094----pid-1
---ebpf-pid----2094----pid-2094
---ebpf-pid----373029----pid-5476
---ebpf-pid----2094----pid-1
---ebpf-pid----372714----pid-5476
---ebpf-pid----2094----pid-2094
---ebpf-pid----372714----pid-1
---ebpf-pid----373029----pid-1
---ebpf-pid----2094----pid-1
---ebpf-pid----373029----pid-373029
---ebpf-pid----2012----pid-2012
---ebpf-pid----2094----pid-2094
---ebpf-pid----2094----pid-1
---ebpf-pid----2012----pid-1
---ebpf-pid----373029----pid-5476
---ebpf-pid----2094----pid-2094
---ebpf-pid----2012----pid-2012
---ebpf-pid----2094----pid-1
---ebpf-pid----373029----pid-1
---ebpf-pid----2094----pid-2094
---ebpf-pid----2012----pid-1
---ebpf-pid----373029----pid-373029
---ebpf-pid----2012----pid-2012
---ebpf-pid----2094----pid-1
---ebpf-pid----2012----pid-1
---ebpf-pid----2094----pid-2094
---ebpf-pid----2012----pid-2012
---ebpf-pid----2094----pid-1
---ebpf-pid----2094----pid-2094
---ebpf-pid----2012----pid-1
---ebpf-pid----2012----pid-2012
---ebpf-pid----2094----pid-1
---ebpf-pid----2094----pid-2094
---ebpf-pid----2012----pid-1
---ebpf-pid----2012----pid-2012
---ebpf-pid----2094----pid-1
---ebpf-pid----2094----pid-2094
---ebpf-pid----2012----pid-1
---ebpf-pid----2012----pid-2012
---ebpf-pid----2094----pid-1
---ebpf-pid----2094----pid-2094
---ebpf-pid----2012----pid-1
---ebpf-pid----2012----pid-2012
---ebpf-pid----2094----pid-1
---ebpf-pid----2094----pid-2094
---ebpf-pid----2094----pid-1
---ebpf-pid----2094----pid-2094
---ebpf-pid----2094----pid-1
---ebpf-pid----2094----pid-2094
---ebpf-pid----2094----pid-1
---ebpf-pid----2094----pid-2094
---ebpf-pid----2094----pid-1
---ebpf-pid----2094----pid-2094
---ebpf-pid----2094----pid-1
---ebpf-pid----2094----pid-2094
---ebpf-pid----2094----pid-1
---ebpf-pid----2094----pid-2094
---ebpf-pid----2094----pid-1
---ebpf-pid----2094----pid-2094
---ebpf-pid----2094----pid-1
---ebpf-pid----2094----pid-2094
---ebpf-pid----2094----pid-1
---ebpf-pid----2094----pid-2094
---ebpf-pid----2094----pid-1
---ebpf-pid----2094----pid-2094
---ebpf-pid----376651----pid-376651
---ebpf-pid----376651----pid-3323
---ebpf-pid----376651----pid-1
---ebpf-pid----376651----pid-376651
---ebpf-pid----2094----pid-1
---ebpf-pid----2094----pid-2094
---ebpf-pid----2094----pid-1
---ebpf-pid----376651----pid-3323
---ebpf-pid----376651----pid-1
---ebpf-pid----376651----pid-376651
---ebpf-pid----376651----pid-3323
---ebpf-pid----373029----pid-5476
---ebpf-pid----2094----pid-2094
---ebpf-pid----2094----pid-1
---ebpf-pid----2094----pid-2094
---ebpf-pid----2094----pid-1
---ebpf-pid----2094----pid-2094
---ebpf-pid----2094----pid-1
---ebpf-pid----2094----pid-2094
---ebpf-pid----376651----pid-1
---ebpf-pid----376651----pid-376651
---ebpf-pid----376651----pid-3323
---ebpf-pid----376651----pid-1
---ebpf-pid----376651----pid-376651
---ebpf-pid----376651----pid-3323
---ebpf-pid----376651----pid-1
---ebpf-pid----376651----pid-376651
---ebpf-pid----376651----pid-3323
---ebpf-pid----376651----pid-1
---ebpf-pid----376651----pid-376651
---ebpf-pid----376651----pid-3323
---ebpf-pid----376651----pid-1
---ebpf-pid----376651----pid-376651
---ebpf-pid----376651----pid-3323
---ebpf-pid----376651----pid-1
---ebpf-pid----2094----pid-2094
---ebpf-pid----2094----pid-1
---ebpf-pid----2094----pid-2094
---ebpf-pid----2094----pid-1
---ebpf-pid----2094----pid-2094
---ebpf-pid----2094----pid-1
---ebpf-pid----2094----pid-2094
---ebpf-pid----2094----pid-1
---ebpf-pid----2094----pid-2094
---ebpf-pid----2094----pid-1
---ebpf-pid----2094----pid-2094
---ebpf-pid----2094----pid-1
---ebpf-pid----2094----pid-2094
---ebpf-pid----2094----pid-1
---ebpf-pid----2094----pid-2094
---ebpf-pid----2094----pid-1
---ebpf-pid----2094----pid-2094
---ebpf-pid----2094----pid-1
---ebpf-pid----2094----pid-2094
---ebpf-pid----2094----pid-1
---ebpf-pid----2094----pid-2094
---ebpf-pid----2094----pid-1
---ebpf-pid----2094----pid-2094
---ebpf-pid----2094----pid-1
---ebpf-pid----2094----pid-2094
---ebpf-pid----2094----pid-1
---ebpf-pid----2094----pid-2094
---ebpf-pid----2094----pid-1
---ebpf-pid----2094----pid-2094
---ebpf-pid----2094----pid-1
---ebpf-pid----2094----pid-2094
---ebpf-pid----2094----pid-1
---ebpf-pid----2094----pid-2094
---ebpf-pid----2094----pid-1
---ebpf-pid----2094----pid-2094
---ebpf-pid----2094----pid-1
---ebpf-pid----2094----pid-2094
---ebpf-pid----2094----pid-1
---ebpf-pid----2094----pid-1
---ebpf-pid----2094----pid-2094
---ebpf-pid----2094----pid-2094
---ebpf-pid----2094----pid-1
---ebpf-pid----2094----pid-2094
---ebpf-pid----2094----pid-1
---ebpf-pid----2094----pid-2094
---ebpf-pid----2094----pid-1
---ebpf-pid----2094----pid-2094
---ebpf-pid----2094----pid-1
---ebpf-pid----2094----pid-1
---ebpf-pid----2094----pid-2094
---ebpf-pid----2094----pid-2094
---ebpf-pid----2094----pid-1
---ebpf-pid----2094----pid-1
---ebpf-pid----2094----pid-2094
---ebpf-pid----2094----pid-2094
---ebpf-pid----2094----pid-1
---ebpf-pid----2094----pid-1
---ebpf-pid----2094----pid-2094
---ebpf-pid----2094----pid-2094
---ebpf-pid----2094----pid-1
---ebpf-pid----2094----pid-1
---ebpf-pid----2094----pid-2094
---ebpf-pid----2094----pid-2094
---ebpf-pid----2094----pid-1
---ebpf-pid----2094----pid-2094
---ebpf-pid----2094----pid-1
---ebpf-pid----2094----pid-2094
---ebpf-pid----2094----pid-1
---ebpf-pid----2094----pid-2094
---ebpf-pid----2094----pid-1
---ebpf-pid----2094----pid-2094
---ebpf-pid----2094----pid-1
---ebpf-pid----2094----pid-2094
---ebpf-pid----2094----pid-1
---ebpf-pid----2094----pid-1
---ebpf-pid----2094----pid-2094
---ebpf-pid----2094----pid-2094
---ebpf-pid----2094----pid-1
---ebpf-pid----2094----pid-1
---ebpf-pid----2094----pid-2094
---ebpf-pid----2094----pid-2094
---ebpf-pid----2094----pid-1
---ebpf-pid----2094----pid-2094
---ebpf-pid----2094----pid-1
---ebpf-pid----2094----pid-2094
---ebpf-pid----2094----pid-1
---ebpf-pid----2094----pid-2094
---ebpf-pid----2094----pid-1
---ebpf-pid----2094----pid-2094
---ebpf-pid----2094----pid-1
---ebpf-pid----2094----pid-2094
---ebpf-pid----2094----pid-1
---ebpf-pid----2094----pid-2094
---ebpf-pid----2094----pid-1
---ebpf-pid----2094----pid-2094
---ebpf-pid----2094----pid-1
---ebpf-pid----2094----pid-2094
---ebpf-pid----2094----pid-1
---ebpf-pid----2094----pid-2094
---ebpf-pid----2094----pid-1
---ebpf-pid----373029----pid-1
---ebpf-pid----2094----pid-1
---ebpf-pid----2094----pid-2094
---ebpf-pid----373029----pid-373029
---ebpf-pid----2094----pid-2094
---ebpf-pid----2094----pid-1
---ebpf-pid----373029----pid-5476
---ebpf-pid----2094----pid-1
---ebpf-pid----2094----pid-2094
---ebpf-pid----2094----pid-2094
---ebpf-pid----373029----pid-1
---ebpf-pid----2094----pid-1
---ebpf-pid----373029----pid-373029
---ebpf-pid----2094----pid-2094
---ebpf-pid----373029----pid-5476
---ebpf-pid----2094----pid-1
---ebpf-pid----2094----pid-2094
---ebpf-pid----2094----pid-1
---ebpf-pid----2094----pid-2094
---ebpf-pid----2094----pid-1
---ebpf-pid----2094----pid-2094
---ebpf-pid----2094----pid-1
---ebpf-pid----2094----pid-2094
---ebpf-pid----2094----pid-1
---ebpf-pid----2094----pid-2094
---ebpf-pid----2094----pid-1
---ebpf-pid----2094----pid-2094
---ebpf-pid----2094----pid-1
---ebpf-pid----2094----pid-2094
---ebpf-pid----2094----pid-1
---ebpf-pid----2094----pid-2094
---ebpf-pid----2094----pid-1
---ebpf-pid----2094----pid-2094
---ebpf-pid----2094----pid-1
---ebpf-pid----2094----pid-2094
---ebpf-pid----2094----pid-1
---ebpf-pid----2094----pid-2094
---ebpf-pid----2094----pid-1
---ebpf-pid----2094----pid-2094
---ebpf-pid----2094----pid-1
---ebpf-pid----2094----pid-2094
---ebpf-pid----2094----pid-1
---ebpf-pid----2094----pid-2094
---ebpf-pid----2094----pid-1
---ebpf-pid----2094----pid-2094
---ebpf-pid----2094----pid-1
---ebpf-pid----2094----pid-2094
---ebpf-pid----2094----pid-1
---ebpf-pid----2094----pid-2094
---ebpf-pid----2094----pid-1
---ebpf-pid----2094----pid-2094
---ebpf-pid----2094----pid-1
---ebpf-pid----2094----pid-2094
---ebpf-pid----2094----pid-1
---ebpf-pid----2094----pid-2094
---ebpf-pid----2012----pid-1
---ebpf-pid----373029----pid-1
---ebpf-pid----373029----pid-373029
---ebpf-pid----373029----pid-5476
---ebpf-pid----373029----pid-1
---ebpf-pid----373029----pid-373029
---ebpf-pid----373029----pid-5476
---ebpf-pid----2012----pid-2012
---ebpf-pid----373029----pid-1
---ebpf-pid----379067----pid-379067
---ebpf-pid----2094----pid-1
---ebpf-pid----379067----pid-5476
---ebpf-pid----2094----pid-2094
---ebpf-pid----2012----pid-1
---ebpf-pid----379067----pid-1
---ebpf-pid----379067----pid-379067
---ebpf-pid----2012----pid-2012
---ebpf-pid----379067----pid-5476
---ebpf-pid----379067----pid-1
---ebpf-pid----373029----pid-373029
---ebpf-pid----2094----pid-1
---ebpf-pid----373029----pid-5476
---ebpf-pid----2012----pid-1
---ebpf-pid----448784----pid-448784
---ebpf-pid----373029----pid-1
---ebpf-pid----2094----pid-2094
---ebpf-pid----2094----pid-1
---ebpf-pid----2094----pid-2094
---ebpf-pid----2094----pid-2094
---ebpf-pid----2094----pid-1
---ebpf-pid----2094----pid-2094
---ebpf-pid----2094----pid-1
---ebpf-pid----2094----pid-2094
---ebpf-pid----2094----pid-1
---ebpf-pid----448784----pid-448520
---ebpf-pid----2094----pid-2094
---ebpf-pid----2094----pid-1
---ebpf-pid----2094----pid-1
---ebpf-pid----2094----pid-2094
---ebpf-pid----2094----pid-2094
---ebpf-pid----2094----pid-1
---ebpf-pid----373029----pid-373029
---ebpf-pid----373029----pid-5476
---ebpf-pid----448784----pid-1
---ebpf-pid----373029----pid-1
---ebpf-pid----2094----pid-1
---ebpf-pid----373029----pid-373029
---ebpf-pid----2088----pid-2088
---ebpf-pid----373029----pid-5476
---ebpf-pid----2094----pid-2094
---ebpf-pid----373029----pid-1
---ebpf-pid----373029----pid-373029
---ebpf-pid----373029----pid-5476
---ebpf-pid----2088----pid-1
---ebpf-pid----373029----pid-1
---ebpf-pid----2029----pid-2029
---ebpf-pid----2094----pid-1
---ebpf-pid----2029----pid-1
---ebpf-pid----2094----pid-1
---ebpf-pid----2088----pid-2088
---ebpf-pid----2094----pid-2094
---ebpf-pid----2088----pid-2088
---ebpf-pid----2088----pid-1
---ebpf-pid----2088----pid-2088
---ebpf-pid----2094----pid-2094
---ebpf-pid----2088----pid-1
---ebpf-pid----2088----pid-2088
---ebpf-pid----2088----pid-1
---ebpf-pid----2088----pid-2088
---ebpf-pid----2088----pid-1
---ebpf-pid----2088----pid-1
---ebpf-pid----2088----pid-2088
---ebpf-pid----2088----pid-1
---ebpf-pid----2088----pid-2088
---ebpf-pid----2088----pid-1
---ebpf-pid----2088----pid-2088
---ebpf-pid----2088----pid-1
---ebpf-pid----2088----pid-2088
---ebpf-pid----2094----pid-1
---ebpf-pid----2094----pid-2094
---ebpf-pid----2088----pid-2088
---ebpf-pid----2088----pid-1
---ebpf-pid----2088----pid-2088
---ebpf-pid----2094----pid-1
---ebpf-pid----2094----pid-2094
---ebpf-pid----2088----pid-1
---ebpf-pid----2088----pid-2088
---ebpf-pid----2088----pid-1
---ebpf-pid----2088----pid-2088
---ebpf-pid----2088----pid-1
---ebpf-pid----2088----pid-2088
---ebpf-pid----2088----pid-1
---ebpf-pid----2094----pid-2094
---ebpf-pid----2094----pid-1
---ebpf-pid----2094----pid-1
---ebpf-pid----2088----pid-2088
---ebpf-pid----2088----pid-1
---ebpf-pid----372881----pid-372881
---ebpf-pid----372881----pid-1
---ebpf-pid----372881----pid-372881
---ebpf-pid----2094----pid-1
---ebpf-pid----372881----pid-1
---ebpf-pid----2094----pid-2094
---ebpf-pid----372881----pid-372881
---ebpf-pid----2094----pid-2094
---ebpf-pid----372881----pid-1
---ebpf-pid----372881----pid-372881
---ebpf-pid----372881----pid-1
---ebpf-pid----2094----pid-1
---ebpf-pid----372881----pid-372881
---ebpf-pid----2088----pid-1
---ebpf-pid----372881----pid-1
---ebpf-pid----372881----pid-372881
---ebpf-pid----2094----pid-1
---ebpf-pid----2094----pid-2094
---ebpf-pid----372881----pid-1
---ebpf-pid----372881----pid-372881
---ebpf-pid----2094----pid-1
---ebpf-pid----2094----pid-2094
---ebpf-pid----372881----pid-1
---ebpf-pid----372881----pid-372881
---ebpf-pid----372881----pid-1
---ebpf-pid----2029----pid-2029
---ebpf-pid----2029----pid-1
---ebpf-pid----2029----pid-2029
---ebpf-pid----2029----pid-1
---ebpf-pid----2029----pid-2029
---ebpf-pid----2088----pid-2088
---ebpf-pid----2029----pid-1
---ebpf-pid----2029----pid-2029
---ebpf-pid----2088----pid-1
---ebpf-pid----2088----pid-2088
---ebpf-pid----2029----pid-1
---ebpf-pid----2029----pid-2029
---ebpf-pid----2088----pid-1
---ebpf-pid----2088----pid-2088
---ebpf-pid----2029----pid-1
---ebpf-pid----2029----pid-2029
---ebpf-pid----2088----pid-1
---ebpf-pid----2088----pid-2088
---ebpf-pid----2029----pid-1
---ebpf-pid----2088----pid-1
---ebpf-pid----2029----pid-2029
---ebpf-pid----2088----pid-2088
---ebpf-pid----2029----pid-1
---ebpf-pid----2088----pid-1
---ebpf-pid----2029----pid-2029
---ebpf-pid----448784----pid-448784
---ebpf-pid----2029----pid-1
---ebpf-pid----2029----pid-2029
---ebpf-pid----448784----pid-448520
---ebpf-pid----2029----pid-1
---ebpf-pid----448784----pid-1
---ebpf-pid----2029----pid-2029
---ebpf-pid----448784----pid-448784
---ebpf-pid----2094----pid-2094
---ebpf-pid----2029----pid-1
---ebpf-pid----2029----pid-2029
---ebpf-pid----2094----pid-1
---ebpf-pid----2029----pid-1
---ebpf-pid----2094----pid-2094
---ebpf-pid----2029----pid-2029
---ebpf-pid----2094----pid-1
---ebpf-pid----2029----pid-1
---ebpf-pid----2094----pid-2094
---ebpf-pid----2029----pid-2029
---ebpf-pid----2094----pid-1
---ebpf-pid----2029----pid-1
---ebpf-pid----2094----pid-2094
---ebpf-pid----2029----pid-2029
---ebpf-pid----2029----pid-1
---ebpf-pid----2029----pid-2029
---ebpf-pid----2094----pid-1
---ebpf-pid----2094----pid-2094
---ebpf-pid----2029----pid-1
---ebpf-pid----2029----pid-2029
---ebpf-pid----2094----pid-1
---ebpf-pid----2094----pid-2094
---ebpf-pid----2029----pid-1
---ebpf-pid----2029----pid-2029
---ebpf-pid----2094----pid-1
---ebpf-pid----2029----pid-1
---ebpf-pid----2029----pid-2029
---ebpf-pid----2094----pid-1
---ebpf-pid----2094----pid-2094
---ebpf-pid----2029----pid-1
---ebpf-pid----2029----pid-2029
---ebpf-pid----2094----pid-1
---ebpf-pid----2094----pid-2094
---ebpf-pid----2029----pid-1
---ebpf-pid----2029----pid-2029
---ebpf-pid----2094----pid-1
---ebpf-pid----2094----pid-2094
---ebpf-pid----2029----pid-1
---ebpf-pid----2029----pid-2029
---ebpf-pid----2094----pid-1
---ebpf-pid----2094----pid-2094
---ebpf-pid----2029----pid-1
---ebpf-pid----2029----pid-2029
---ebpf-pid----2029----pid-1
---ebpf-pid----2094----pid-1
---ebpf-pid----2029----pid-2029
---ebpf-pid----2094----pid-2094
---ebpf-pid----2029----pid-1
---ebpf-pid----2094----pid-1
---ebpf-pid----2029----pid-2029
---ebpf-pid----2094----pid-2094
---ebpf-pid----2029----pid-1
---ebpf-pid----2094----pid-1
---ebpf-pid----2029----pid-2029
---ebpf-pid----2094----pid-2094
---ebpf-pid----2029----pid-1
---ebpf-pid----2094----pid-1
---ebpf-pid----2029----pid-2029
---ebpf-pid----2094----pid-2094
---ebpf-pid----2029----pid-1
---ebpf-pid----2094----pid-1
---ebpf-pid----2029----pid-2029
---ebpf-pid----2029----pid-1
---ebpf-pid----2029----pid-2029
---ebpf-pid----2029----pid-1
---ebpf-pid----2029----pid-2029
---ebpf-pid----2029----pid-1
---ebpf-pid----2029----pid-2029
---ebpf-pid----2029----pid-1
---ebpf-pid----2029----pid-2029
---ebpf-pid----2029----pid-1
---ebpf-pid----2029----pid-2029
---ebpf-pid----2029----pid-1
---ebpf-pid----2029----pid-2029
---ebpf-pid----2029----pid-1
---ebpf-pid----2029----pid-2029
---ebpf-pid----2029----pid-1
---ebpf-pid----2029----pid-2029
---ebpf-pid----2029----pid-1
---ebpf-pid----2029----pid-2029
---ebpf-pid----2029----pid-1
---ebpf-pid----2029----pid-2029
---ebpf-pid----2029----pid-1
---ebpf-pid----2029----pid-2029
---ebpf-pid----2029----pid-1
---ebpf-pid----2029----pid-2029
---ebpf-pid----2029----pid-1
---ebpf-pid----2029----pid-2029
---ebpf-pid----2029----pid-1
---ebpf-pid----2029----pid-2029
---ebpf-pid----2029----pid-1
---ebpf-pid----372714----pid-372714
---ebpf-pid----372714----pid-5476
---ebpf-pid----372714----pid-1
---ebpf-pid----372714----pid-372714
---ebpf-pid----372714----pid-5476
---ebpf-pid----372714----pid-1
---ebpf-pid----448784----pid-448520
---ebpf-pid----372714----pid-372714
---ebpf-pid----372714----pid-5476
---ebpf-pid----372714----pid-1
---ebpf-pid----372714----pid-372714
---ebpf-pid----2094----pid-2094
---ebpf-pid----372714----pid-5476
---ebpf-pid----448784----pid-1
---ebpf-pid----372714----pid-1
---ebpf-pid----2088----pid-2088
---ebpf-pid----372714----pid-372714
---ebpf-pid----372714----pid-5476
---ebpf-pid----372714----pid-1
---ebpf-pid----2029----pid-2029
---ebpf-pid----2029----pid-1
---ebpf-pid----2029----pid-2029
---ebpf-pid----2094----pid-2094
---ebpf-pid----2029----pid-1
---ebpf-pid----2029----pid-2029
---ebpf-pid----2029----pid-1
---ebpf-pid----2094----pid-1
---ebpf-pid----2094----pid-2094
---ebpf-pid----2094----pid-1
---ebpf-pid----2088----pid-1
---ebpf-pid----2088----pid-2088
---ebpf-pid----2088----pid-1
---ebpf-pid----2088----pid-2088
---ebpf-pid----2088----pid-1
---ebpf-pid----2088----pid-2088
---ebpf-pid----2094----pid-1
---ebpf-pid----2088----pid-1
---ebpf-pid----2088----pid-2088
---ebpf-pid----2094----pid-2094
---ebpf-pid----2088----pid-1
---ebpf-pid----2088----pid-2088
---ebpf-pid----2088----pid-1
---ebpf-pid----2094----pid-1
---ebpf-pid----2088----pid-2088
---ebpf-pid----2094----pid-2094
---ebpf-pid----2088----pid-1
---ebpf-pid----2088----pid-2088
---ebpf-pid----2094----pid-1
---ebpf-pid----2088----pid-1
---ebpf-pid----2094----pid-2094
---ebpf-pid----2094----pid-2094
---ebpf-pid----2094----pid-1
---ebpf-pid----2094----pid-2094
---ebpf-pid----2094----pid-1
---ebpf-pid----2094----pid-2094
---ebpf-pid----2094----pid-1
---ebpf-pid----2094----pid-2094
---ebpf-pid----2094----pid-1
---ebpf-pid----379067----pid-379067
---ebpf-pid----379067----pid-5476
---ebpf-pid----379067----pid-1
---ebpf-pid----379067----pid-379067
---ebpf-pid----2094----pid-2094
---ebpf-pid----2029----pid-2029
---ebpf-pid----2029----pid-1
---ebpf-pid----2094----pid-1
---ebpf-pid----2029----pid-2029
---ebpf-pid----2094----pid-2094
---ebpf-pid----2029----pid-1
---ebpf-pid----2094----pid-1
---ebpf-pid----2029----pid-2029
---ebpf-pid----2094----pid-2094
---ebpf-pid----2094----pid-1
---ebpf-pid----2029----pid-1
---ebpf-pid----2094----pid-2094
---ebpf-pid----2029----pid-2029
---ebpf-pid----2094----pid-1
---ebpf-pid----2029----pid-1
---ebpf-pid----2094----pid-2094
---ebpf-pid----2029----pid-2029
---ebpf-pid----2094----pid-1
---ebpf-pid----2029----pid-1
---ebpf-pid----2094----pid-2094
---ebpf-pid----2029----pid-2029
---ebpf-pid----2094----pid-1
---ebpf-pid----2094----pid-2094
---ebpf-pid----379067----pid-5476
---ebpf-pid----379067----pid-1
---ebpf-pid----379067----pid-379067
---ebpf-pid----379067----pid-5476
---ebpf-pid----379067----pid-1
---ebpf-pid----379067----pid-379067
---ebpf-pid----379067----pid-5476
---ebpf-pid----379067----pid-1
---ebpf-pid----379067----pid-379067
---ebpf-pid----2094----pid-1
---ebpf-pid----379067----pid-5476
---ebpf-pid----2094----pid-2094
---ebpf-pid----379067----pid-1
---ebpf-pid----379067----pid-379067
---ebpf-pid----2094----pid-1
---ebpf-pid----2094----pid-2094
---ebpf-pid----379067----pid-5476
---ebpf-pid----379067----pid-1
---ebpf-pid----2094----pid-1
---ebpf-pid----379067----pid-379067
---ebpf-pid----2094----pid-2094
---ebpf-pid----2094----pid-1
---ebpf-pid----379067----pid-5476
---ebpf-pid----2094----pid-2094
---ebpf-pid----379067----pid-1
---ebpf-pid----2094----pid-1
---ebpf-pid----379067----pid-379067
---ebpf-pid----2094----pid-2094
---ebpf-pid----379067----pid-5476
---ebpf-pid----2094----pid-1
---ebpf-pid----2094----pid-2094
---ebpf-pid----379067----pid-1
---ebpf-pid----379067----pid-379067
---ebpf-pid----379067----pid-5476
---ebpf-pid----379067----pid-1
---ebpf-pid----2094----pid-1
---ebpf-pid----379067----pid-379067
---ebpf-pid----2094----pid-2094
---ebpf-pid----379067----pid-5476
---ebpf-pid----2094----pid-1
---ebpf-pid----2094----pid-2094
---ebpf-pid----379067----pid-1
---ebpf-pid----379067----pid-379067
---ebpf-pid----2029----pid-1
---ebpf-pid----372714----pid-372714
---ebpf-pid----372714----pid-5476
---ebpf-pid----372714----pid-1
---ebpf-pid----372714----pid-372714
---ebpf-pid----372714----pid-5476
---ebpf-pid----372714----pid-1
---ebpf-pid----2029----pid-2029
---ebpf-pid----2029----pid-1
---ebpf-pid----2029----pid-2029
---ebpf-pid----2029----pid-1
---ebpf-pid----2029----pid-2029
---ebpf-pid----2029----pid-1
---ebpf-pid----2029----pid-2029
---ebpf-pid----2094----pid-1
---ebpf-pid----2094----pid-2094
---ebpf-pid----2094----pid-1
---ebpf-pid----2094----pid-2094
---ebpf-pid----2094----pid-1
---ebpf-pid----2094----pid-2094
---ebpf-pid----2094----pid-1
---ebpf-pid----2094----pid-2094
---ebpf-pid----2094----pid-1
---ebpf-pid----2094----pid-2094
---ebpf-pid----2094----pid-1
---ebpf-pid----2094----pid-2094
---ebpf-pid----2094----pid-1
---ebpf-pid----2094----pid-1
---ebpf-pid----2094----pid-2094
---ebpf-pid----2094----pid-2094
---ebpf-pid----2094----pid-1
---ebpf-pid----2094----pid-1
---ebpf-pid----2094----pid-2094
---ebpf-pid----2094----pid-2094
---ebpf-pid----2094----pid-1
---ebpf-pid----2094----pid-1
---ebpf-pid----2012----pid-2012
---ebpf-pid----2094----pid-2094
---ebpf-pid----2012----pid-1
---ebpf-pid----2012----pid-2012
---ebpf-pid----2094----pid-1
---ebpf-pid----2094----pid-2094
---ebpf-pid----2012----pid-1
---ebpf-pid----2012----pid-2012
---ebpf-pid----2094----pid-1
---ebpf-pid----2094----pid-2094
---ebpf-pid----2012----pid-1
---ebpf-pid----2012----pid-2012
---ebpf-pid----2094----pid-1
---ebpf-pid----2094----pid-2094
---ebpf-pid----2012----pid-1
---ebpf-pid----2012----pid-2012
---ebpf-pid----2094----pid-1
---ebpf-pid----2012----pid-1
---ebpf-pid----2094----pid-2094
---ebpf-pid----2012----pid-2012
---ebpf-pid----2094----pid-1
---ebpf-pid----2012----pid-1
---ebpf-pid----2094----pid-2094
---ebpf-pid----2012----pid-2012
---ebpf-pid----2012----pid-1
---ebpf-pid----2094----pid-1
---ebpf-pid----2012----pid-2012
---ebpf-pid----2094----pid-2094
---ebpf-pid----2012----pid-1
---ebpf-pid----2094----pid-1
---ebpf-pid----2012----pid-2012
---ebpf-pid----2094----pid-2094
---ebpf-pid----2012----pid-1
---ebpf-pid----2012----pid-2012
---ebpf-pid----2012----pid-1
---ebpf-pid----2088----pid-2088
---ebpf-pid----2088----pid-1
---ebpf-pid----2088----pid-2088
---ebpf-pid----2088----pid-1
---ebpf-pid----2088----pid-2088
---ebpf-pid----2088----pid-1
---ebpf-pid----2088----pid-2088
---ebpf-pid----2088----pid-1
---ebpf-pid----2088----pid-2088
---ebpf-pid----2088----pid-1
---ebpf-pid----2088----pid-2088
---ebpf-pid----2088----pid-1
---ebpf-pid----2088----pid-2088
---ebpf-pid----2088----pid-1
---ebpf-pid----2029----pid-1
---ebpf-pid----2029----pid-2029
---ebpf-pid----2029----pid-1
---ebpf-pid----2029----pid-2029
---ebpf-pid----2029----pid-1
---ebpf-pid----2029----pid-2029
---ebpf-pid----2029----pid-1
---ebpf-pid----2094----pid-1
---ebpf-pid----2094----pid-2094
---ebpf-pid----379067----pid-5476
---ebpf-pid----2094----pid-1
---ebpf-pid----379067----pid-1
---ebpf-pid----2094----pid-2094
---ebpf-pid----379067----pid-379067
---ebpf-pid----2094----pid-1
---ebpf-pid----2094----pid-2094
---ebpf-pid----379067----pid-5476
---ebpf-pid----2094----pid-1
---ebpf-pid----379067----pid-1
---ebpf-pid----2094----pid-2094
---ebpf-pid----379067----pid-379067
---ebpf-pid----2094----pid-1
---ebpf-pid----379067----pid-5476
---ebpf-pid----2094----pid-2094
---ebpf-pid----379067----pid-1
---ebpf-pid----379067----pid-379067
---ebpf-pid----2094----pid-1
---ebpf-pid----2094----pid-2094
---ebpf-pid----2029----pid-2029
---ebpf-pid----2029----pid-1
---ebpf-pid----2029----pid-2029
---ebpf-pid----2029----pid-1
---ebpf-pid----2029----pid-2029
---ebpf-pid----2029----pid-1
---ebpf-pid----2029----pid-2029
---ebpf-pid----2029----pid-1
---ebpf-pid----2029----pid-2029
---ebpf-pid----2029----pid-1
---ebpf-pid----2029----pid-2029
---ebpf-pid----2029----pid-1
---ebpf-pid----2029----pid-2029
---ebpf-pid----2094----pid-1
---ebpf-pid----2029----pid-1
---ebpf-pid----2029----pid-2029
---ebpf-pid----2029----pid-1
---ebpf-pid----2029----pid-2029
---ebpf-pid----2029----pid-1
---ebpf-pid----2029----pid-2029
---ebpf-pid----2094----pid-2094
---ebpf-pid----2029----pid-1
---ebpf-pid----2029----pid-2029
---ebpf-pid----2094----pid-1
---ebpf-pid----2029----pid-1
---ebpf-pid----2094----pid-2094
---ebpf-pid----2029----pid-2029
---ebpf-pid----2029----pid-1
---ebpf-pid----2094----pid-1
---ebpf-pid----2029----pid-2029
---ebpf-pid----2094----pid-2094
---ebpf-pid----2029----pid-1
---ebpf-pid----2094----pid-1
---ebpf-pid----2029----pid-2029
---ebpf-pid----373029----pid-373029
---ebpf-pid----2029----pid-1
---ebpf-pid----373029----pid-373029
---ebpf-pid----373029----pid-5476
---ebpf-pid----373029----pid-5476
---ebpf-pid----373029----pid-1
---ebpf-pid----373029----pid-373029
---ebpf-pid----373029----pid-1
---ebpf-pid----373029----pid-373029
---ebpf-pid----373029----pid-5476
---ebpf-pid----373029----pid-1
---ebpf-pid----379067----pid-5476
---ebpf-pid----379067----pid-379067
---ebpf-pid----379067----pid-1
---ebpf-pid----379067----pid-5476
---ebpf-pid----379067----pid-379067
---ebpf-pid----379067----pid-5476
---ebpf-pid----379067----pid-1
---ebpf-pid----379067----pid-379067
---ebpf-pid----379067----pid-1
---ebpf-pid----379067----pid-379067
---ebpf-pid----379067----pid-5476
---ebpf-pid----379067----pid-5476
---ebpf-pid----379067----pid-1
---ebpf-pid----379067----pid-379067
---ebpf-pid----379067----pid-1
---ebpf-pid----379067----pid-379067
---ebpf-pid----379067----pid-5476
---ebpf-pid----379067----pid-5476
---ebpf-pid----379067----pid-1
---ebpf-pid----379067----pid-1
---ebpf-pid----379067----pid-379067
---ebpf-pid----379067----pid-379067
---ebpf-pid----379067----pid-5476
---ebpf-pid----379067----pid-5476
---ebpf-pid----379067----pid-1
---ebpf-pid----379067----pid-379067
---ebpf-pid----379067----pid-5476
---ebpf-pid----2088----pid-2088
---ebpf-pid----379067----pid-1
---ebpf-pid----2088----pid-1
---ebpf-pid----379067----pid-379067
---ebpf-pid----2088----pid-2088
---ebpf-pid----379067----pid-5476
---ebpf-pid----2088----pid-1
---ebpf-pid----2088----pid-2088
---ebpf-pid----379067----pid-1
---ebpf-pid----2088----pid-1
---ebpf-pid----379067----pid-379067
---ebpf-pid----2088----pid-2088
---ebpf-pid----379067----pid-5476
---ebpf-pid----2088----pid-1
---ebpf-pid----2088----pid-2088
---ebpf-pid----379067----pid-1
---ebpf-pid----2088----pid-1
---ebpf-pid----379067----pid-379067
---ebpf-pid----2088----pid-2088
---ebpf-pid----379067----pid-5476
---ebpf-pid----2088----pid-1
---ebpf-pid----2088----pid-2088
---ebpf-pid----379067----pid-1
---ebpf-pid----379067----pid-379067
---ebpf-pid----2088----pid-1
---ebpf-pid----2088----pid-2088
---ebpf-pid----2088----pid-1
---ebpf-pid----2088----pid-2088
---ebpf-pid----379067----pid-5476
---ebpf-pid----2088----pid-1
---ebpf-pid----379067----pid-1
---ebpf-pid----2088----pid-2088
---ebpf-pid----379067----pid-379067
---ebpf-pid----2088----pid-1
---ebpf-pid----2088----pid-2088
---ebpf-pid----379067----pid-5476
---ebpf-pid----2088----pid-1
---ebpf-pid----379067----pid-1
---ebpf-pid----2088----pid-2088
---ebpf-pid----376651----pid-376651
---ebpf-pid----2088----pid-1
---ebpf-pid----376651----pid-3323
---ebpf-pid----376651----pid-1
---ebpf-pid----376651----pid-376651
---ebpf-pid----379067----pid-1
---ebpf-pid----379067----pid-379067
---ebpf-pid----376651----pid-3323
---ebpf-pid----379067----pid-5476
---ebpf-pid----376651----pid-1
---ebpf-pid----379067----pid-1
---ebpf-pid----376651----pid-376651
---ebpf-pid----376651----pid-3323
---ebpf-pid----376651----pid-1
---ebpf-pid----376651----pid-376651
---ebpf-pid----376651----pid-3323
---ebpf-pid----373029----pid-5476
---ebpf-pid----373029----pid-1
---ebpf-pid----373029----pid-373029
---ebpf-pid----373029----pid-5476
---ebpf-pid----379067----pid-379067
---ebpf-pid----379067----pid-5476
---ebpf-pid----379067----pid-1
---ebpf-pid----379067----pid-379067
---ebpf-pid----379067----pid-5476
---ebpf-pid----379067----pid-1
---ebpf-pid----379067----pid-379067
---ebpf-pid----379067----pid-5476
---ebpf-pid----379067----pid-1
---ebpf-pid----379067----pid-379067
---ebpf-pid----373029----pid-1
---ebpf-pid----373029----pid-373029
---ebpf-pid----373029----pid-5476
---ebpf-pid----373029----pid-1
---ebpf-pid----373029----pid-373029
---ebpf-pid----373029----pid-5476
---ebpf-pid----373029----pid-1
---ebpf-pid----376651----pid-1
---ebpf-pid----379067----pid-5476
---ebpf-pid----373029----pid-373029
---ebpf-pid----373029----pid-5476
---ebpf-pid----373029----pid-1
---ebpf-pid----373029----pid-373029
---ebpf-pid----376651----pid-376651
---ebpf-pid----379067----pid-1
---ebpf-pid----379067----pid-379067
---ebpf-pid----376651----pid-3323
---ebpf-pid----379067----pid-5476
---ebpf-pid----376651----pid-1
---ebpf-pid----379067----pid-1
---ebpf-pid----376651----pid-376651
---ebpf-pid----379067----pid-379067
---ebpf-pid----376651----pid-3323
---ebpf-pid----379067----pid-5476
---ebpf-pid----376651----pid-1
---ebpf-pid----379067----pid-1
---ebpf-pid----376651----pid-376651
---ebpf-pid----379067----pid-379067
---ebpf-pid----376651----pid-3323
---ebpf-pid----379067----pid-5476
---ebpf-pid----376651----pid-1
---ebpf-pid----376651----pid-376651
---ebpf-pid----2088----pid-2088
---ebpf-pid----376651----pid-3323
---ebpf-pid----2088----pid-1
---ebpf-pid----2094----pid-2094
---ebpf-pid----376651----pid-1
---ebpf-pid----376651----pid-376651
---ebpf-pid----2094----pid-1
---ebpf-pid----2094----pid-2094
---ebpf-pid----376651----pid-3323
---ebpf-pid----2094----pid-1
---ebpf-pid----2094----pid-2094
---ebpf-pid----376651----pid-1
---ebpf-pid----376651----pid-376651
---ebpf-pid----2094----pid-1
---ebpf-pid----2094----pid-2094
---ebpf-pid----376651----pid-3323
---ebpf-pid----2094----pid-1
---ebpf-pid----2094----pid-2094
---ebpf-pid----376651----pid-1
---ebpf-pid----376651----pid-376651
---ebpf-pid----2094----pid-1
---ebpf-pid----2094----pid-2094
---ebpf-pid----376651----pid-3323
---ebpf-pid----2094----pid-1
---ebpf-pid----2094----pid-2094
---ebpf-pid----376651----pid-1
---ebpf-pid----376651----pid-376651
---ebpf-pid----376651----pid-3323
---ebpf-pid----376651----pid-1
---ebpf-pid----376651----pid-376651
---ebpf-pid----376651----pid-3323
---ebpf-pid----376651----pid-1
---ebpf-pid----376651----pid-376651
---ebpf-pid----379067----pid-1
---ebpf-pid----376651----pid-3323
---ebpf-pid----379067----pid-379067
---ebpf-pid----376651----pid-1
---ebpf-pid----379067----pid-5476
---ebpf-pid----376651----pid-376651
---ebpf-pid----379067----pid-1
---ebpf-pid----379067----pid-379067
---ebpf-pid----376651----pid-3323
---ebpf-pid----379067----pid-5476
---ebpf-pid----376651----pid-1
---ebpf-pid----376651----pid-376651
---ebpf-pid----379067----pid-1
---ebpf-pid----379067----pid-379067
---ebpf-pid----379067----pid-5476
---ebpf-pid----379067----pid-1
---ebpf-pid----379067----pid-379067
---ebpf-pid----379067----pid-5476
---ebpf-pid----379067----pid-1
---ebpf-pid----372714----pid-372714
---ebpf-pid----372714----pid-5476
---ebpf-pid----372714----pid-1
---ebpf-pid----379067----pid-379067
---ebpf-pid----379067----pid-5476
---ebpf-pid----379067----pid-1
---ebpf-pid----379067----pid-379067
---ebpf-pid----379067----pid-5476
---ebpf-pid----2094----pid-1
---ebpf-pid----2094----pid-2094
---ebpf-pid----2094----pid-1
---ebpf-pid----2094----pid-2094
---ebpf-pid----373029----pid-5476
---ebpf-pid----2094----pid-1
---ebpf-pid----373029----pid-1
---ebpf-pid----448785----pid-448785
---ebpf-pid----373029----pid-373029
---ebpf-pid----373029----pid-5476
---ebpf-pid----373029----pid-1
---ebpf-pid----373029----pid-373029
---ebpf-pid----373029----pid-5476
---ebpf-pid----373029----pid-1
---ebpf-pid----448785----pid-448520
---ebpf-pid----373029----pid-373029
---ebpf-pid----373029----pid-5476
---ebpf-pid----448785----pid-1
---ebpf-pid----448785----pid-448785
---ebpf-pid----448785----pid-448520
---ebpf-pid----448785----pid-1
---ebpf-pid----373029----pid-1
---ebpf-pid----373029----pid-373029
---ebpf-pid----373029----pid-5476
---ebpf-pid----373029----pid-1
---ebpf-pid----373029----pid-373029
---ebpf-pid----373029----pid-5476
---ebpf-pid----379067----pid-1
---ebpf-pid----2094----pid-2094
---ebpf-pid----2094----pid-1
---ebpf-pid----2094----pid-2094
---ebpf-pid----2094----pid-1
---ebpf-pid----448785----pid-448785
---ebpf-pid----2094----pid-2094
---ebpf-pid----448785----pid-448520
---ebpf-pid----2094----pid-1
---ebpf-pid----2094----pid-2094
---ebpf-pid----448785----pid-1
---ebpf-pid----2089----pid-2089
---ebpf-pid----2094----pid-1
---ebpf-pid----2094----pid-2094
---ebpf-pid----2089----pid-1
---ebpf-pid----2089----pid-2089
---ebpf-pid----2094----pid-1
---ebpf-pid----2089----pid-1
---ebpf-pid----2094----pid-2094
---ebpf-pid----2089----pid-2089
---ebpf-pid----2094----pid-1
---ebpf-pid----2089----pid-1
---ebpf-pid----2094----pid-2094
---ebpf-pid----2089----pid-2089
---ebpf-pid----2094----pid-1
---ebpf-pid----2094----pid-2094
---ebpf-pid----2089----pid-1
---ebpf-pid----2089----pid-2089
---ebpf-pid----2094----pid-1
---ebpf-pid----2094----pid-2094
---ebpf-pid----2089----pid-1
---ebpf-pid----2089----pid-2089
---ebpf-pid----2094----pid-1
---ebpf-pid----2094----pid-2094
---ebpf-pid----2089----pid-1
---ebpf-pid----2094----pid-1
---ebpf-pid----2089----pid-2089
---ebpf-pid----2094----pid-2094
---ebpf-pid----2089----pid-1
---ebpf-pid----2094----pid-1
---ebpf-pid----2089----pid-2089
---ebpf-pid----2094----pid-2094
---ebpf-pid----2094----pid-1
---ebpf-pid----2089----pid-1
---ebpf-pid----2094----pid-2094
---ebpf-pid----2089----pid-2089
---ebpf-pid----2094----pid-1
---ebpf-pid----2089----pid-1
---ebpf-pid----2094----pid-2094
---ebpf-pid----2089----pid-2089
---ebpf-pid----2094----pid-1
---ebpf-pid----2094----pid-2094
---ebpf-pid----2089----pid-1
---ebpf-pid----2089----pid-2089
---ebpf-pid----2094----pid-1
---ebpf-pid----2094----pid-2094
---ebpf-pid----2089----pid-1
---ebpf-pid----2089----pid-2089
---ebpf-pid----2094----pid-1
---ebpf-pid----2094----pid-2094
---ebpf-pid----2089----pid-1
---ebpf-pid----2094----pid-1
---ebpf-pid----2089----pid-2089
---ebpf-pid----2094----pid-2094
---ebpf-pid----2089----pid-1
---ebpf-pid----2094----pid-1
---ebpf-pid----2094----pid-2094
---ebpf-pid----2089----pid-2089
---ebpf-pid----2089----pid-1
---ebpf-pid----2089----pid-2089
---ebpf-pid----2089----pid-1
---ebpf-pid----2089----pid-2089
---ebpf-pid----2089----pid-1
---ebpf-pid----373029----pid-1
---ebpf-pid----2089----pid-2089
---ebpf-pid----373029----pid-373029
---ebpf-pid----2089----pid-1
---ebpf-pid----2089----pid-2089
---ebpf-pid----373029----pid-5476
---ebpf-pid----2089----pid-1
---ebpf-pid----2089----pid-2089
---ebpf-pid----373029----pid-1
---ebpf-pid----2089----pid-1
---ebpf-pid----2089----pid-2089
---ebpf-pid----373029----pid-373029
---ebpf-pid----2089----pid-1
---ebpf-pid----2089----pid-2089
---ebpf-pid----373029----pid-5476
---ebpf-pid----2089----pid-1
---ebpf-pid----2089----pid-2089
---ebpf-pid----373029----pid-1
---ebpf-pid----2089----pid-1
---ebpf-pid----2089----pid-2089
---ebpf-pid----373029----pid-373029
---ebpf-pid----2089----pid-1
---ebpf-pid----373029----pid-5476
---ebpf-pid----2089----pid-2089
---ebpf-pid----373029----pid-1
---ebpf-pid----373029----pid-373029
---ebpf-pid----373029----pid-5476
---ebpf-pid----376651----pid-3323
---ebpf-pid----373029----pid-1
---ebpf-pid----2089----pid-1
---ebpf-pid----2094----pid-1
---ebpf-pid----373029----pid-373029
---ebpf-pid----376651----pid-1
---ebpf-pid----376651----pid-376651
---ebpf-pid----373029----pid-5476
---ebpf-pid----376651----pid-3323
---ebpf-pid----376651----pid-1
---ebpf-pid----376651----pid-376651
---ebpf-pid----376651----pid-3323
---ebpf-pid----376651----pid-1
---ebpf-pid----376651----pid-376651
---ebpf-pid----376651----pid-3323
---ebpf-pid----373029----pid-1
---ebpf-pid----373029----pid-373029
---ebpf-pid----376651----pid-1
---ebpf-pid----376651----pid-376651
---ebpf-pid----373029----pid-5476
---ebpf-pid----376651----pid-3323
---ebpf-pid----373029----pid-1
---ebpf-pid----373029----pid-373029
---ebpf-pid----376651----pid-1
---ebpf-pid----376651----pid-376651
---ebpf-pid----373029----pid-5476
---ebpf-pid----376651----pid-3323
---ebpf-pid----373029----pid-1
---ebpf-pid----376651----pid-1
---ebpf-pid----373029----pid-373029
---ebpf-pid----376651----pid-376651
---ebpf-pid----373029----pid-5476
---ebpf-pid----376651----pid-3323
---ebpf-pid----376651----pid-1
---ebpf-pid----373029----pid-1
---ebpf-pid----376651----pid-376651
---ebpf-pid----373029----pid-373029
---ebpf-pid----373029----pid-5476
---ebpf-pid----376651----pid-3323
---ebpf-pid----373029----pid-1
---ebpf-pid----376651----pid-1
---ebpf-pid----5707----pid-5707
---ebpf-pid----376651----pid-376651
---ebpf-pid----5707----pid-5476
---ebpf-pid----376651----pid-3323
---ebpf-pid----5707----pid-1
---ebpf-pid----376651----pid-1
---ebpf-pid----5707----pid-5707
---ebpf-pid----376651----pid-376651
---ebpf-pid----5707----pid-5476
---ebpf-pid----376651----pid-3323
---ebpf-pid----5707----pid-1
---ebpf-pid----376651----pid-1
---ebpf-pid----5707----pid-5707
---ebpf-pid----5707----pid-5476
---ebpf-pid----5707----pid-1
---ebpf-pid----5707----pid-5707
---ebpf-pid----2094----pid-2094
---ebpf-pid----5707----pid-5476
---ebpf-pid----5707----pid-1
---ebpf-pid----2094----pid-1
---ebpf-pid----5707----pid-5707
---ebpf-pid----2089----pid-2089
---ebpf-pid----376651----pid-376651
---ebpf-pid----5707----pid-5476
---ebpf-pid----2089----pid-1
---ebpf-pid----376651----pid-3323
---ebpf-pid----2089----pid-2089
---ebpf-pid----5707----pid-1
---ebpf-pid----5707----pid-5707
---ebpf-pid----376651----pid-1
---ebpf-pid----2089----pid-1
---ebpf-pid----376651----pid-376651
---ebpf-pid----5707----pid-5476
---ebpf-pid----2089----pid-2089
---ebpf-pid----376651----pid-3323
---ebpf-pid----5707----pid-1
---ebpf-pid----2089----pid-1
---ebpf-pid----5707----pid-5707
---ebpf-pid----2089----pid-2089
---ebpf-pid----376651----pid-1
---ebpf-pid----376651----pid-376651
---ebpf-pid----5707----pid-5476
---ebpf-pid----2089----pid-1
---ebpf-pid----2089----pid-2089
---ebpf-pid----2089----pid-1
---ebpf-pid----2089----pid-2089
---ebpf-pid----2089----pid-1
---ebpf-pid----2089----pid-2089
---ebpf-pid----2089----pid-1
---ebpf-pid----373029----pid-373029
---ebpf-pid----373029----pid-5476
---ebpf-pid----373029----pid-1
---ebpf-pid----373029----pid-373029
---ebpf-pid----376651----pid-3323
---ebpf-pid----5707----pid-1
---ebpf-pid----373029----pid-5476
---ebpf-pid----5707----pid-5707
---ebpf-pid----376651----pid-1
---ebpf-pid----373029----pid-1
---ebpf-pid----376651----pid-376651
---ebpf-pid----5707----pid-5476
---ebpf-pid----373029----pid-373029
---ebpf-pid----376651----pid-3323
---ebpf-pid----373029----pid-5476
---ebpf-pid----5707----pid-1
---ebpf-pid----2094----pid-2094
---ebpf-pid----373029----pid-1
---ebpf-pid----376651----pid-1
---ebpf-pid----373029----pid-373029
---ebpf-pid----376651----pid-376651
---ebpf-pid----2094----pid-1
---ebpf-pid----5707----pid-5707
---ebpf-pid----373029----pid-5476
---ebpf-pid----376651----pid-3323
---ebpf-pid----5707----pid-5476
---ebpf-pid----373029----pid-1
---ebpf-pid----376651----pid-1
---ebpf-pid----379067----pid-379067
---ebpf-pid----376651----pid-376651
---ebpf-pid----5707----pid-1
---ebpf-pid----5707----pid-5707
---ebpf-pid----379067----pid-5476
---ebpf-pid----376651----pid-3323
---ebpf-pid----379067----pid-1
---ebpf-pid----5707----pid-5476
---ebpf-pid----379067----pid-379067
---ebpf-pid----376651----pid-1
---ebpf-pid----376651----pid-376651
---ebpf-pid----5707----pid-1
---ebpf-pid----379067----pid-5476
---ebpf-pid----2029----pid-2029
---ebpf-pid----376651----pid-3323
---ebpf-pid----379067----pid-1
---ebpf-pid----2029----pid-1
---ebpf-pid----373029----pid-373029
---ebpf-pid----376651----pid-1
---ebpf-pid----2029----pid-2029
---ebpf-pid----376651----pid-376651
---ebpf-pid----373029----pid-5476
---ebpf-pid----2029----pid-1
---ebpf-pid----2029----pid-2029
---ebpf-pid----376651----pid-3323
---ebpf-pid----373029----pid-1
---ebpf-pid----373029----pid-373029
---ebpf-pid----376651----pid-1
---ebpf-pid----2029----pid-1
---ebpf-pid----376651----pid-376651
---ebpf-pid----2029----pid-2029
---ebpf-pid----373029----pid-5476
---ebpf-pid----2029----pid-1
---ebpf-pid----376651----pid-3323
---ebpf-pid----373029----pid-1
---ebpf-pid----2029----pid-2029
---ebpf-pid----379067----pid-379067
---ebpf-pid----376651----pid-1
---ebpf-pid----2029----pid-1
---ebpf-pid----376651----pid-376651
---ebpf-pid----379067----pid-5476
---ebpf-pid----2029----pid-2029
---ebpf-pid----376651----pid-3323
---ebpf-pid----379067----pid-1
---ebpf-pid----379067----pid-379067
---ebpf-pid----2029----pid-1
---ebpf-pid----2029----pid-2029
---ebpf-pid----376651----pid-1
---ebpf-pid----379067----pid-5476
---ebpf-pid----376651----pid-376651
---ebpf-pid----2029----pid-1
---ebpf-pid----379067----pid-1
---ebpf-pid----2029----pid-2029
---ebpf-pid----376651----pid-3323
---ebpf-pid----379067----pid-379067
---ebpf-pid----2029----pid-1
---ebpf-pid----376651----pid-1
---ebpf-pid----379067----pid-5476
---ebpf-pid----2029----pid-2029
---ebpf-pid----376651----pid-376651
---ebpf-pid----379067----pid-1
---ebpf-pid----2029----pid-1
---ebpf-pid----376651----pid-3323
---ebpf-pid----372714----pid-372714
---ebpf-pid----376651----pid-1
---ebpf-pid----372714----pid-5476
---ebpf-pid----376651----pid-376651
---ebpf-pid----372714----pid-1
---ebpf-pid----376651----pid-3323
---ebpf-pid----372714----pid-372714
---ebpf-pid----376651----pid-1
---ebpf-pid----372714----pid-5476
---ebpf-pid----376651----pid-376651
---ebpf-pid----372714----pid-1
---ebpf-pid----376651----pid-3323
---ebpf-pid----2089----pid-2089
---ebpf-pid----376651----pid-1
---ebpf-pid----2089----pid-1
---ebpf-pid----376651----pid-376651
---ebpf-pid----2089----pid-2089
---ebpf-pid----376651----pid-3323
---ebpf-pid----2089----pid-1
---ebpf-pid----2089----pid-2089
---ebpf-pid----376651----pid-1
---ebpf-pid----376651----pid-376651
---ebpf-pid----2089----pid-1
---ebpf-pid----2089----pid-2089
---ebpf-pid----2089----pid-2089
---ebpf-pid----2089----pid-1
---ebpf-pid----2089----pid-2089
---ebpf-pid----2089----pid-1
---ebpf-pid----2089----pid-2089
---ebpf-pid----2089----pid-1
---ebpf-pid----2089----pid-2089
---ebpf-pid----2089----pid-1
---ebpf-pid----2089----pid-2089
---ebpf-pid----2089----pid-1
---ebpf-pid----2089----pid-2089
---ebpf-pid----2089----pid-1
---ebpf-pid----2089----pid-2089
---ebpf-pid----2089----pid-1
---ebpf-pid----2089----pid-2089
---ebpf-pid----376651----pid-3323
---ebpf-pid----376651----pid-1
---ebpf-pid----376651----pid-376651
---ebpf-pid----376651----pid-3323
---ebpf-pid----376651----pid-1
---ebpf-pid----376651----pid-376651
---ebpf-pid----376651----pid-3323
---ebpf-pid----2089----pid-1
---ebpf-pid----2089----pid-2089
---ebpf-pid----376651----pid-1
---ebpf-pid----376651----pid-376651
---ebpf-pid----2089----pid-1
---ebpf-pid----2089----pid-2089
---ebpf-pid----376651----pid-3323
---ebpf-pid----376651----pid-1
---ebpf-pid----2089----pid-1
---ebpf-pid----376651----pid-376651
---ebpf-pid----2089----pid-2089
---ebpf-pid----376651----pid-3323
---ebpf-pid----2089----pid-1
---ebpf-pid----2089----pid-2089
---ebpf-pid----376651----pid-1
---ebpf-pid----376651----pid-376651
---ebpf-pid----2089----pid-1
---ebpf-pid----2089----pid-2089
---ebpf-pid----376651----pid-3323
---ebpf-pid----2089----pid-1
---ebpf-pid----376651----pid-1
---ebpf-pid----376651----pid-376651
---ebpf-pid----2089----pid-2089
---ebpf-pid----376651----pid-3323
---ebpf-pid----2089----pid-1
---ebpf-pid----2089----pid-2089
---ebpf-pid----376651----pid-1
---ebpf-pid----376651----pid-376651
---ebpf-pid----2089----pid-1
---ebpf-pid----372714----pid-372714
---ebpf-pid----376651----pid-3323
---ebpf-pid----372714----pid-5476
---ebpf-pid----376651----pid-1
---ebpf-pid----376651----pid-376651
---ebpf-pid----372714----pid-1
---ebpf-pid----372714----pid-372714
---ebpf-pid----376651----pid-3323
---ebpf-pid----372714----pid-5476
---ebpf-pid----376651----pid-1
---ebpf-pid----376651----pid-376651
---ebpf-pid----372714----pid-1
---ebpf-pid----372714----pid-372714
---ebpf-pid----376651----pid-3323
---ebpf-pid----372714----pid-5476
---ebpf-pid----376651----pid-1
---ebpf-pid----372714----pid-1
---ebpf-pid----372714----pid-372714
---ebpf-pid----376651----pid-376651
---ebpf-pid----372714----pid-5476
---ebpf-pid----372714----pid-1
---ebpf-pid----372714----pid-372714
---ebpf-pid----372714----pid-5476
---ebpf-pid----372714----pid-1
---ebpf-pid----372714----pid-372714
---ebpf-pid----372714----pid-5476
---ebpf-pid----372714----pid-1
---ebpf-pid----372714----pid-372714
---ebpf-pid----372714----pid-5476
---ebpf-pid----372714----pid-1
---ebpf-pid----377755----pid-377755
---ebpf-pid----377755----pid-1
---ebpf-pid----373029----pid-373029
---ebpf-pid----373029----pid-5476
---ebpf-pid----373029----pid-1
---ebpf-pid----373029----pid-373029
---ebpf-pid----373029----pid-5476
---ebpf-pid----373029----pid-1
---ebpf-pid----2094----pid-2094
---ebpf-pid----2094----pid-1
---ebpf-pid----2094----pid-2094
---ebpf-pid----2094----pid-2094
---ebpf-pid----2094----pid-1
---ebpf-pid----2094----pid-2094
---ebpf-pid----2094----pid-1
---ebpf-pid----2094----pid-2094
---ebpf-pid----2094----pid-1
---ebpf-pid----2094----pid-2094
---ebpf-pid----2094----pid-1
---ebpf-pid----2094----pid-2094
---ebpf-pid----2094----pid-1
---ebpf-pid----2094----pid-2094
---ebpf-pid----2094----pid-1
---ebpf-pid----2094----pid-2094
---ebpf-pid----2094----pid-1
---ebpf-pid----2094----pid-2094
---ebpf-pid----2094----pid-1
---ebpf-pid----2094----pid-2094
---ebpf-pid----2094----pid-1
---ebpf-pid----2094----pid-1
---ebpf-pid----2094----pid-2094
---ebpf-pid----2094----pid-2094
---ebpf-pid----2094----pid-1
---ebpf-pid----2094----pid-1
---ebpf-pid----2094----pid-2094
---ebpf-pid----373029----pid-373029
---ebpf-pid----2094----pid-1
---ebpf-pid----373029----pid-5476
---ebpf-pid----2094----pid-2094
---ebpf-pid----373029----pid-1
---ebpf-pid----373029----pid-373029
---ebpf-pid----376651----pid-3323
---ebpf-pid----373029----pid-5476
---ebpf-pid----373029----pid-1
---ebpf-pid----376651----pid-1
---ebpf-pid----372714----pid-372714
---ebpf-pid----376651----pid-376651
---ebpf-pid----372714----pid-5476
---ebpf-pid----376651----pid-3323
---ebpf-pid----372714----pid-1
---ebpf-pid----376651----pid-1
---ebpf-pid----372714----pid-372714
---ebpf-pid----376651----pid-376651
---ebpf-pid----372714----pid-5476
---ebpf-pid----376651----pid-3323
---ebpf-pid----372714----pid-1
---ebpf-pid----376651----pid-1
---ebpf-pid----372714----pid-372714
---ebpf-pid----376651----pid-376651
---ebpf-pid----372714----pid-5476
---ebpf-pid----376651----pid-3323
---ebpf-pid----372714----pid-1
---ebpf-pid----372714----pid-372714
---ebpf-pid----376651----pid-1
---ebpf-pid----376651----pid-376651
---ebpf-pid----372714----pid-5476
---ebpf-pid----376651----pid-3323
---ebpf-pid----372714----pid-1
---ebpf-pid----372881----pid-372881
---ebpf-pid----376651----pid-1
---ebpf-pid----376651----pid-376651
---ebpf-pid----372881----pid-1
---ebpf-pid----372881----pid-372881
---ebpf-pid----376651----pid-3323
---ebpf-pid----372881----pid-1
---ebpf-pid----376651----pid-1
---ebpf-pid----372881----pid-372881
---ebpf-pid----376651----pid-376651
---ebpf-pid----372881----pid-1
---ebpf-pid----376651----pid-3323
---ebpf-pid----372881----pid-372881
---ebpf-pid----376651----pid-1
---ebpf-pid----372881----pid-1
---ebpf-pid----376651----pid-376651
---ebpf-pid----372881----pid-372881
---ebpf-pid----376651----pid-3323
---ebpf-pid----372881----pid-1
---ebpf-pid----372881----pid-372881
---ebpf-pid----376651----pid-1
---ebpf-pid----376651----pid-376651
---ebpf-pid----372881----pid-1
---ebpf-pid----372881----pid-372881
---ebpf-pid----376651----pid-3323
---ebpf-pid----372881----pid-1
---ebpf-pid----376651----pid-1
---ebpf-pid----372881----pid-372881
---ebpf-pid----376651----pid-376651
---ebpf-pid----372881----pid-1
---ebpf-pid----376651----pid-3323
---ebpf-pid----372881----pid-372881
---ebpf-pid----376651----pid-1
---ebpf-pid----372881----pid-1
---ebpf-pid----376651----pid-376651
---ebpf-pid----372881----pid-372881
---ebpf-pid----376651----pid-3323
---ebpf-pid----372881----pid-1
---ebpf-pid----372881----pid-372881
---ebpf-pid----376651----pid-1
---ebpf-pid----376651----pid-376651
---ebpf-pid----372881----pid-1
---ebpf-pid----372881----pid-372881
---ebpf-pid----376651----pid-3323
---ebpf-pid----372881----pid-1
---ebpf-pid----376651----pid-1
---ebpf-pid----372881----pid-372881
---ebpf-pid----376651----pid-376651
---ebpf-pid----372881----pid-1
---ebpf-pid----376651----pid-3323
---ebpf-pid----372881----pid-372881
---ebpf-pid----2089----pid-1
---ebpf-pid----2029----pid-2029
---ebpf-pid----2029----pid-1
---ebpf-pid----2029----pid-2029
---ebpf-pid----2029----pid-1
---ebpf-pid----2029----pid-2029
---ebpf-pid----2029----pid-1
---ebpf-pid----2029----pid-2029
---ebpf-pid----2029----pid-1
---ebpf-pid----2029----pid-2029
---ebpf-pid----2029----pid-1
---ebpf-pid----2029----pid-2029
---ebpf-pid----2029----pid-1
---ebpf-pid----2029----pid-2029
---ebpf-pid----2029----pid-1
---ebpf-pid----2029----pid-2029
---ebpf-pid----2029----pid-1
---ebpf-pid----2029----pid-2029
---ebpf-pid----2029----pid-1
---ebpf-pid----2029----pid-2029
---ebpf-pid----2029----pid-1
---ebpf-pid----372714----pid-372714
---ebpf-pid----372714----pid-5476
---ebpf-pid----372714----pid-1
---ebpf-pid----372714----pid-372714
---ebpf-pid----372714----pid-5476
---ebpf-pid----372714----pid-1
---ebpf-pid----2094----pid-2094
---ebpf-pid----2094----pid-1
---ebpf-pid----2094----pid-2094
---ebpf-pid----2094----pid-1
---ebpf-pid----2029----pid-2029
---ebpf-pid----2029----pid-1
---ebpf-pid----2029----pid-2029
---ebpf-pid----2029----pid-1
---ebpf-pid----2029----pid-2029
---ebpf-pid----2029----pid-1
---ebpf-pid----2029----pid-2029
---ebpf-pid----2029----pid-1
---ebpf-pid----2029----pid-2029
---ebpf-pid----376651----pid-1
---ebpf-pid----2029----pid-1
---ebpf-pid----376651----pid-376651
---ebpf-pid----2029----pid-2029
---ebpf-pid----376651----pid-3323
---ebpf-pid----2029----pid-1
---ebpf-pid----2029----pid-2029
---ebpf-pid----376651----pid-1
---ebpf-pid----2029----pid-1
---ebpf-pid----376651----pid-376651
---ebpf-pid----2029----pid-2029
---ebpf-pid----376651----pid-3323
---ebpf-pid----2029----pid-1
---ebpf-pid----2089----pid-2089
---ebpf-pid----376651----pid-1
---ebpf-pid----376651----pid-376651
---ebpf-pid----2089----pid-1
---ebpf-pid----2089----pid-2089
---ebpf-pid----376651----pid-3323
---ebpf-pid----2089----pid-1
---ebpf-pid----2089----pid-2089
---ebpf-pid----376651----pid-1
---ebpf-pid----376651----pid-376651
---ebpf-pid----2089----pid-1
---ebpf-pid----2089----pid-2089
---ebpf-pid----376651----pid-3323
---ebpf-pid----376651----pid-1
---ebpf-pid----2089----pid-1
---ebpf-pid----376651----pid-376651
---ebpf-pid----2089----pid-2089
---ebpf-pid----376651----pid-3323
---ebpf-pid----2089----pid-1
---ebpf-pid----2089----pid-2089
---ebpf-pid----376651----pid-1
---ebpf-pid----2089----pid-1
---ebpf-pid----376651----pid-376651
---ebpf-pid----2089----pid-2089
---ebpf-pid----376651----pid-3323
---ebpf-pid----2089----pid-1
---ebpf-pid----2089----pid-2089
---ebpf-pid----376651----pid-1
---ebpf-pid----376651----pid-376651
---ebpf-pid----2089----pid-1
---ebpf-pid----2089----pid-2089
---ebpf-pid----376651----pid-3323
---ebpf-pid----2089----pid-1
---ebpf-pid----376651----pid-1
---ebpf-pid----2089----pid-2089
---ebpf-pid----376651----pid-376651
---ebpf-pid----2089----pid-1
---ebpf-pid----376651----pid-3323
---ebpf-pid----2089----pid-2089
---ebpf-pid----372881----pid-1
---ebpf-pid----376651----pid-1
---ebpf-pid----376651----pid-376651
---ebpf-pid----376651----pid-3323
---ebpf-pid----2089----pid-1
---ebpf-pid----2089----pid-2089
---ebpf-pid----376651----pid-1
---ebpf-pid----372881----pid-372881
---ebpf-pid----376651----pid-376651
---ebpf-pid----2089----pid-1
---ebpf-pid----2089----pid-2089
---ebpf-pid----2089----pid-1
---ebpf-pid----2089----pid-2089
---ebpf-pid----2089----pid-1
---ebpf-pid----2089----pid-2089
---ebpf-pid----372881----pid-1
---ebpf-pid----2089----pid-1
---ebpf-pid----372881----pid-372881
---ebpf-pid----2089----pid-2089
---ebpf-pid----372881----pid-1
---ebpf-pid----2089----pid-1
---ebpf-pid----372881----pid-372881
---ebpf-pid----2089----pid-2089
---ebpf-pid----372881----pid-1
---ebpf-pid----372881----pid-372881
---ebpf-pid----2089----pid-1
---ebpf-pid----372881----pid-1
---ebpf-pid----2089----pid-2089
---ebpf-pid----372881----pid-372881
---ebpf-pid----2089----pid-1
---ebpf-pid----372881----pid-1
---ebpf-pid----2089----pid-2089
---ebpf-pid----372881----pid-372881
---ebpf-pid----2089----pid-1
---ebpf-pid----372881----pid-1
---ebpf-pid----2089----pid-2089
---ebpf-pid----372881----pid-372881
---ebpf-pid----2089----pid-1
---ebpf-pid----2089----pid-2089
---ebpf-pid----372881----pid-1
---ebpf-pid----372881----pid-372881
---ebpf-pid----2089----pid-1
---ebpf-pid----2089----pid-2089
---ebpf-pid----372881----pid-1
---ebpf-pid----372881----pid-372881
---ebpf-pid----2089----pid-1
---ebpf-pid----372881----pid-1
---ebpf-pid----2089----pid-2089
---ebpf-pid----372881----pid-372881
---ebpf-pid----2089----pid-1
---ebpf-pid----2089----pid-2089
---ebpf-pid----372881----pid-1
---ebpf-pid----372881----pid-372881
---ebpf-pid----2089----pid-1
---ebpf-pid----2089----pid-2089
---ebpf-pid----372881----pid-1
---ebpf-pid----372881----pid-372881
---ebpf-pid----2089----pid-1
---ebpf-pid----2089----pid-2089
---ebpf-pid----372881----pid-1
---ebpf-pid----372881----pid-372881
---ebpf-pid----2089----pid-1
---ebpf-pid----2089----pid-2089
---ebpf-pid----372881----pid-1
---ebpf-pid----372881----pid-372881
---ebpf-pid----2089----pid-1
---ebpf-pid----2089----pid-2089
---ebpf-pid----2089----pid-1
---ebpf-pid----2089----pid-2089
---ebpf-pid----2089----pid-1
---ebpf-pid----2094----pid-1
---ebpf-pid----2089----pid-2089
---ebpf-pid----2094----pid-2094
---ebpf-pid----2089----pid-1
---ebpf-pid----2094----pid-1
---ebpf-pid----2089----pid-2089
---ebpf-pid----2094----pid-2094
---ebpf-pid----2089----pid-1
---ebpf-pid----2094----pid-1
---ebpf-pid----2094----pid-2094
---ebpf-pid----2094----pid-1
---ebpf-pid----2094----pid-2094
---ebpf-pid----2094----pid-1
---ebpf-pid----2094----pid-2094
---ebpf-pid----2094----pid-1
---ebpf-pid----2094----pid-2094
---ebpf-pid----2094----pid-1
---ebpf-pid----2094----pid-2094
---ebpf-pid----2094----pid-1
---ebpf-pid----2094----pid-2094
---ebpf-pid----2094----pid-1
---ebpf-pid----2094----pid-2094
---ebpf-pid----2094----pid-1
---ebpf-pid----2089----pid-2089
---ebpf-pid----2089----pid-1
---ebpf-pid----2089----pid-2089
---ebpf-pid----2089----pid-2089
---ebpf-pid----2089----pid-1
---ebpf-pid----2089----pid-1
---ebpf-pid----379067----pid-379067
---ebpf-pid----2089----pid-2089
---ebpf-pid----379067----pid-5476
---ebpf-pid----2089----pid-1
---ebpf-pid----2089----pid-2089
---ebpf-pid----379067----pid-1
---ebpf-pid----379067----pid-379067
---ebpf-pid----2089----pid-1
---ebpf-pid----2089----pid-2089
---ebpf-pid----379067----pid-5476
---ebpf-pid----2089----pid-1
---ebpf-pid----2089----pid-2089
---ebpf-pid----379067----pid-1
---ebpf-pid----379067----pid-379067
---ebpf-pid----379067----pid-5476
---ebpf-pid----379067----pid-1
---ebpf-pid----2029----pid-2029
---ebpf-pid----2029----pid-1
---ebpf-pid----2029----pid-2029
---ebpf-pid----2029----pid-1
---ebpf-pid----2029----pid-2029
---ebpf-pid----2029----pid-1
---ebpf-pid----2029----pid-2029
---ebpf-pid----2029----pid-1
---ebpf-pid----2029----pid-2029
---ebpf-pid----2029----pid-1
---ebpf-pid----2029----pid-2029
---ebpf-pid----2029----pid-1
---ebpf-pid----2029----pid-2029
---ebpf-pid----372881----pid-1
---ebpf-pid----372881----pid-372881
---ebpf-pid----372881----pid-1
---ebpf-pid----372881----pid-372881
---ebpf-pid----372881----pid-1
---ebpf-pid----372881----pid-372881
---ebpf-pid----372881----pid-1
---ebpf-pid----372881----pid-372881
---ebpf-pid----2029----pid-1
---ebpf-pid----372881----pid-1
---ebpf-pid----2029----pid-2029
---ebpf-pid----372881----pid-372881
---ebpf-pid----2029----pid-1
---ebpf-pid----2029----pid-2029
---ebpf-pid----372881----pid-1
---ebpf-pid----372881----pid-372881
---ebpf-pid----2029----pid-1
---ebpf-pid----2029----pid-2029
---ebpf-pid----372881----pid-1
---ebpf-pid----372881----pid-372881
---ebpf-pid----2029----pid-1
---ebpf-pid----372881----pid-1
---ebpf-pid----2029----pid-2029
---ebpf-pid----372881----pid-372881
---ebpf-pid----2029----pid-1
---ebpf-pid----372881----pid-1
---ebpf-pid----2029----pid-2029
---ebpf-pid----372881----pid-372881
---ebpf-pid----2029----pid-1
---ebpf-pid----372881----pid-1
---ebpf-pid----2029----pid-2029
---ebpf-pid----372881----pid-372881
---ebpf-pid----2029----pid-1
---ebpf-pid----372881----pid-1
---ebpf-pid----2029----pid-2029
---ebpf-pid----372881----pid-372881
---ebpf-pid----2029----pid-1
---ebpf-pid----372881----pid-1
---ebpf-pid----2029----pid-2029
---ebpf-pid----372881----pid-372881
---ebpf-pid----2029----pid-1
---ebpf-pid----2029----pid-2029
---ebpf-pid----372881----pid-1
---ebpf-pid----372881----pid-372881
---ebpf-pid----2029----pid-1
---ebpf-pid----2029----pid-2029
---ebpf-pid----372881----pid-1
---ebpf-pid----2029----pid-1
---ebpf-pid----372881----pid-372881
---ebpf-pid----2029----pid-2029
---ebpf-pid----2029----pid-1
---ebpf-pid----372881----pid-1
---ebpf-pid----2029----pid-2029
---ebpf-pid----372881----pid-372881
---ebpf-pid----2029----pid-1
---ebpf-pid----2029----pid-2029
---ebpf-pid----372881----pid-1
---ebpf-pid----372881----pid-372881
---ebpf-pid----2029----pid-1
---ebpf-pid----2029----pid-2029
---ebpf-pid----372881----pid-1
---ebpf-pid----372881----pid-372881
---ebpf-pid----2029----pid-1
---ebpf-pid----372881----pid-1
---ebpf-pid----2029----pid-2029
---ebpf-pid----372881----pid-372881
---ebpf-pid----2029----pid-1
---ebpf-pid----372881----pid-1
---ebpf-pid----2029----pid-2029
---ebpf-pid----372881----pid-372881
---ebpf-pid----2029----pid-1
---ebpf-pid----2029----pid-2029
---ebpf-pid----376651----pid-3323
---ebpf-pid----2029----pid-1
---ebpf-pid----2029----pid-2029
---ebpf-pid----376651----pid-1
---ebpf-pid----376651----pid-376651
---ebpf-pid----2029----pid-1
---ebpf-pid----2029----pid-2029
---ebpf-pid----376651----pid-3323
---ebpf-pid----2029----pid-1
---ebpf-pid----2029----pid-2029
---ebpf-pid----376651----pid-1
---ebpf-pid----376651----pid-376651
---ebpf-pid----2029----pid-1
---ebpf-pid----2029----pid-2029
---ebpf-pid----2089----pid-1
---ebpf-pid----2029----pid-1
---ebpf-pid----2029----pid-2029
---ebpf-pid----2089----pid-2089
---ebpf-pid----372881----pid-1
---ebpf-pid----2029----pid-1
---ebpf-pid----2089----pid-1
---ebpf-pid----372881----pid-372881
---ebpf-pid----2089----pid-2089
---ebpf-pid----379067----pid-379067
---ebpf-pid----372881----pid-1
---ebpf-pid----2089----pid-1
---ebpf-pid----372881----pid-372881
---ebpf-pid----379067----pid-5476
---ebpf-pid----2089----pid-2089
---ebpf-pid----372881----pid-1
---ebpf-pid----372881----pid-372881
---ebpf-pid----372881----pid-1
---ebpf-pid----376651----pid-3323
---ebpf-pid----372881----pid-372881
---ebpf-pid----372881----pid-1
---ebpf-pid----372881----pid-372881
---ebpf-pid----376651----pid-1
---ebpf-pid----376651----pid-376651
---ebpf-pid----372881----pid-1
---ebpf-pid----372881----pid-372881
---ebpf-pid----376651----pid-3323
---ebpf-pid----372881----pid-1
---ebpf-pid----372881----pid-372881
---ebpf-pid----376651----pid-1
---ebpf-pid----376651----pid-376651
---ebpf-pid----372881----pid-1
---ebpf-pid----372881----pid-372881
---ebpf-pid----372881----pid-1
---ebpf-pid----373029----pid-373029
---ebpf-pid----373029----pid-5476
---ebpf-pid----373029----pid-1
---ebpf-pid----372881----pid-372881
---ebpf-pid----379067----pid-1
---ebpf-pid----379067----pid-379067
---ebpf-pid----379067----pid-5476
---ebpf-pid----379067----pid-1
---ebpf-pid----379067----pid-379067
---ebpf-pid----379067----pid-5476
---ebpf-pid----379067----pid-1
---ebpf-pid----372714----pid-372714
---ebpf-pid----372714----pid-5476
---ebpf-pid----372881----pid-1
---ebpf-pid----372881----pid-372881
---ebpf-pid----372714----pid-1
---ebpf-pid----372714----pid-372714
---ebpf-pid----372881----pid-1
---ebpf-pid----372881----pid-372881
---ebpf-pid----372714----pid-5476
---ebpf-pid----2089----pid-1
---ebpf-pid----2089----pid-2089
---ebpf-pid----372881----pid-1
---ebpf-pid----372714----pid-1
---ebpf-pid----372881----pid-372881
---ebpf-pid----2094----pid-2094
---ebpf-pid----2089----pid-1
---ebpf-pid----5707----pid-5707
---ebpf-pid----2094----pid-1
---ebpf-pid----372881----pid-1
---ebpf-pid----2094----pid-2094
---ebpf-pid----372881----pid-372881
---ebpf-pid----5707----pid-5476
---ebpf-pid----372881----pid-1
---ebpf-pid----376651----pid-3323
---ebpf-pid----5707----pid-1
---ebpf-pid----372714----pid-372714
---ebpf-pid----5707----pid-5707
---ebpf-pid----372714----pid-5476
---ebpf-pid----376651----pid-1
---ebpf-pid----5707----pid-5476
---ebpf-pid----372714----pid-1
---ebpf-pid----376651----pid-376651
---ebpf-pid----5707----pid-1
---ebpf-pid----372714----pid-372714
---ebpf-pid----448783----pid-448783
---ebpf-pid----376651----pid-3323
---ebpf-pid----372714----pid-5476
---ebpf-pid----376651----pid-1
---ebpf-pid----448783----pid-448520
---ebpf-pid----376651----pid-376651
---ebpf-pid----372714----pid-1
---ebpf-pid----372714----pid-372714
---ebpf-pid----448783----pid-1
---ebpf-pid----376651----pid-3323
---ebpf-pid----2088----pid-2088
---ebpf-pid----372714----pid-5476
---ebpf-pid----376651----pid-1
---ebpf-pid----2088----pid-1
---ebpf-pid----372714----pid-1
---ebpf-pid----376651----pid-376651
---ebpf-pid----2088----pid-2088
---ebpf-pid----372714----pid-372714
---ebpf-pid----376651----pid-3323
---ebpf-pid----372714----pid-5476
---ebpf-pid----2088----pid-1
---ebpf-pid----2088----pid-2088
---ebpf-pid----372714----pid-1
---ebpf-pid----376651----pid-1
---ebpf-pid----372714----pid-372714
---ebpf-pid----2088----pid-1
---ebpf-pid----2088----pid-2088
---ebpf-pid----372714----pid-5476
---ebpf-pid----2088----pid-1
---ebpf-pid----372714----pid-1
---ebpf-pid----2088----pid-2088
---ebpf-pid----372714----pid-372714
---ebpf-pid----2088----pid-1
---ebpf-pid----2088----pid-2088
---ebpf-pid----372714----pid-5476
---ebpf-pid----2088----pid-1
---ebpf-pid----372714----pid-1
---ebpf-pid----2088----pid-2088
---ebpf-pid----372714----pid-372714
---ebpf-pid----2088----pid-1
---ebpf-pid----372714----pid-5476
---ebpf-pid----2088----pid-2088
---ebpf-pid----372714----pid-1
---ebpf-pid----372714----pid-372714
---ebpf-pid----2088----pid-1
---ebpf-pid----2088----pid-2088
---ebpf-pid----372714----pid-5476
---ebpf-pid----2088----pid-1
---ebpf-pid----2088----pid-2088
---ebpf-pid----372714----pid-1
---ebpf-pid----372714----pid-372714
---ebpf-pid----2088----pid-1
---ebpf-pid----2088----pid-2088
---ebpf-pid----372714----pid-5476
---ebpf-pid----2088----pid-1
---ebpf-pid----2088----pid-2088
---ebpf-pid----372714----pid-1
---ebpf-pid----372714----pid-372714
---ebpf-pid----2088----pid-1
---ebpf-pid----2088----pid-2088
---ebpf-pid----372714----pid-5476
---ebpf-pid----2088----pid-1
---ebpf-pid----2088----pid-2088
---ebpf-pid----2088----pid-1
---ebpf-pid----2088----pid-2088
---ebpf-pid----2088----pid-1
---ebpf-pid----2088----pid-2088
---ebpf-pid----2088----pid-1
---ebpf-pid----2088----pid-2088
---ebpf-pid----2088----pid-1
---ebpf-pid----2088----pid-2088
---ebpf-pid----2088----pid-1
---ebpf-pid----373029----pid-373029
---ebpf-pid----373029----pid-5476
---ebpf-pid----373029----pid-1
---ebpf-pid----373029----pid-373029
---ebpf-pid----2094----pid-1
---ebpf-pid----2094----pid-2094
---ebpf-pid----2094----pid-1
---ebpf-pid----2094----pid-2094
---ebpf-pid----2094----pid-1
---ebpf-pid----2094----pid-2094
---ebpf-pid----2094----pid-1
---ebpf-pid----2094----pid-2094
---ebpf-pid----2094----pid-1
---ebpf-pid----2094----pid-2094
---ebpf-pid----2094----pid-1
---ebpf-pid----2094----pid-2094
---ebpf-pid----2094----pid-1
---ebpf-pid----2094----pid-2094
---ebpf-pid----2094----pid-1
---ebpf-pid----2094----pid-2094
---ebpf-pid----2094----pid-1
---ebpf-pid----2094----pid-2094
---ebpf-pid----2094----pid-1
---ebpf-pid----2094----pid-2094
---ebpf-pid----2094----pid-1
---ebpf-pid----2094----pid-2094
---ebpf-pid----2094----pid-1
---ebpf-pid----2094----pid-2094
---ebpf-pid----2094----pid-1
---ebpf-pid----2094----pid-2094
---ebpf-pid----2094----pid-1
---ebpf-pid----2094----pid-2094
---ebpf-pid----2094----pid-1
---ebpf-pid----2094----pid-2094
---ebpf-pid----2094----pid-1
---ebpf-pid----2094----pid-2094
---ebpf-pid----2094----pid-1
---ebpf-pid----2094----pid-2094
---ebpf-pid----2094----pid-1
---ebpf-pid----2094----pid-2094
---ebpf-pid----2094----pid-1
---ebpf-pid----2094----pid-2094
---ebpf-pid----2094----pid-1
---ebpf-pid----2094----pid-2094
---ebpf-pid----2094----pid-1
---ebpf-pid----2094----pid-2094
---ebpf-pid----373029----pid-5476
---ebpf-pid----373029----pid-1
---ebpf-pid----448783----pid-448783
---ebpf-pid----372714----pid-1
---ebpf-pid----448783----pid-448520
---ebpf-pid----372714----pid-372714
---ebpf-pid----448783----pid-1
---ebpf-pid----372714----pid-5476
---ebpf-pid----373029----pid-373029
---ebpf-pid----373029----pid-5476
---ebpf-pid----372714----pid-1
---ebpf-pid----5707----pid-5707
---ebpf-pid----373029----pid-1
---ebpf-pid----373029----pid-373029
---ebpf-pid----5707----pid-5476
---ebpf-pid----373029----pid-5476
---ebpf-pid----373029----pid-1
---ebpf-pid----5707----pid-1
---ebpf-pid----373029----pid-373029
---ebpf-pid----5707----pid-5707
---ebpf-pid----2094----pid-1
---ebpf-pid----2094----pid-2094
---ebpf-pid----5707----pid-5476
---ebpf-pid----2094----pid-1
---ebpf-pid----5707----pid-1
---ebpf-pid----2094----pid-2094
---ebpf-pid----5707----pid-5707
---ebpf-pid----2094----pid-1
---ebpf-pid----5707----pid-5476
---ebpf-pid----2094----pid-2094
---ebpf-pid----5707----pid-1
---ebpf-pid----2094----pid-1
---ebpf-pid----2094----pid-2094
---ebpf-pid----372714----pid-372714
---ebpf-pid----2094----pid-1
---ebpf-pid----372714----pid-5476
---ebpf-pid----2094----pid-2094
---ebpf-pid----2094----pid-1
---ebpf-pid----2094----pid-2094
---ebpf-pid----372714----pid-1
---ebpf-pid----372714----pid-372714
---ebpf-pid----2094----pid-1
---ebpf-pid----2094----pid-2094
---ebpf-pid----372714----pid-5476
---ebpf-pid----2094----pid-1
---ebpf-pid----2094----pid-2094
---ebpf-pid----372714----pid-1
---ebpf-pid----2094----pid-1
---ebpf-pid----372714----pid-372714
---ebpf-pid----2094----pid-2094
---ebpf-pid----2094----pid-1
---ebpf-pid----372714----pid-5476
---ebpf-pid----2094----pid-2094
---ebpf-pid----372714----pid-1
---ebpf-pid----2094----pid-1
---ebpf-pid----372714----pid-372714
---ebpf-pid----372714----pid-372714
---ebpf-pid----372714----pid-5476
---ebpf-pid----373029----pid-5476
---ebpf-pid----373029----pid-1
---ebpf-pid----372714----pid-1
---ebpf-pid----373029----pid-373029
---ebpf-pid----372714----pid-372714
---ebpf-pid----373029----pid-5476
---ebpf-pid----372714----pid-5476
---ebpf-pid----373029----pid-1
---ebpf-pid----373029----pid-373029
---ebpf-pid----372714----pid-1
---ebpf-pid----372714----pid-372714
---ebpf-pid----373029----pid-5476
---ebpf-pid----373029----pid-1
---ebpf-pid----372714----pid-5476
---ebpf-pid----373029----pid-373029
---ebpf-pid----372714----pid-1
---ebpf-pid----373029----pid-5476
---ebpf-pid----372714----pid-372714
---ebpf-pid----373029----pid-1
---ebpf-pid----372714----pid-5476
---ebpf-pid----373029----pid-373029
---ebpf-pid----372714----pid-1
---ebpf-pid----372714----pid-372714
---ebpf-pid----373029----pid-5476
---ebpf-pid----372714----pid-5476
---ebpf-pid----373029----pid-1
---ebpf-pid----373029----pid-373029
---ebpf-pid----372714----pid-1
---ebpf-pid----372714----pid-372714
---ebpf-pid----373029----pid-5476
---ebpf-pid----372714----pid-5476
---ebpf-pid----373029----pid-1
---ebpf-pid----373029----pid-373029
---ebpf-pid----372714----pid-1
---ebpf-pid----372714----pid-372714
---ebpf-pid----372714----pid-5476
---ebpf-pid----372714----pid-1
---ebpf-pid----372714----pid-372714
---ebpf-pid----372714----pid-5476
---ebpf-pid----372714----pid-1
---ebpf-pid----372714----pid-372714
---ebpf-pid----372714----pid-5476
---ebpf-pid----372714----pid-1
---ebpf-pid----2094----pid-2094
---ebpf-pid----2094----pid-1
---ebpf-pid----2094----pid-2094
---ebpf-pid----2094----pid-1
---ebpf-pid----2094----pid-2094
---ebpf-pid----372714----pid-5476
---ebpf-pid----2094----pid-1
---ebpf-pid----2094----pid-2094
---ebpf-pid----372714----pid-1
---ebpf-pid----372714----pid-372714
---ebpf-pid----2094----pid-1
---ebpf-pid----2094----pid-2094
---ebpf-pid----372714----pid-5476
---ebpf-pid----372714----pid-1
---ebpf-pid----2094----pid-1
---ebpf-pid----372714----pid-372714
---ebpf-pid----2094----pid-2094
---ebpf-pid----372714----pid-5476
---ebpf-pid----2094----pid-1
---ebpf-pid----2094----pid-2094
---ebpf-pid----372714----pid-1
---ebpf-pid----372714----pid-372714
---ebpf-pid----2094----pid-1
---ebpf-pid----372714----pid-5476
---ebpf-pid----2094----pid-2094
---ebpf-pid----372714----pid-1
---ebpf-pid----2094----pid-1
---ebpf-pid----372714----pid-372714
---ebpf-pid----2094----pid-2094
---ebpf-pid----372714----pid-5476
---ebpf-pid----372714----pid-1
---ebpf-pid----373029----pid-5476
---ebpf-pid----372714----pid-372714
---ebpf-pid----373029----pid-1
---ebpf-pid----372714----pid-5476
---ebpf-pid----373029----pid-373029
---ebpf-pid----372714----pid-1
---ebpf-pid----372714----pid-372714
---ebpf-pid----373029----pid-5476
---ebpf-pid----372714----pid-5476
---ebpf-pid----373029----pid-1
---ebpf-pid----448783----pid-448783
---ebpf-pid----372714----pid-1
---ebpf-pid----2029----pid-2029
---ebpf-pid----448783----pid-448520
---ebpf-pid----2029----pid-1
---ebpf-pid----372714----pid-372714
---ebpf-pid----448783----pid-1
---ebpf-pid----448783----pid-448783
---ebpf-pid----372714----pid-5476
---ebpf-pid----448783----pid-448520
---ebpf-pid----372714----pid-1
---ebpf-pid----372714----pid-372714
---ebpf-pid----448783----pid-1
---ebpf-pid----372714----pid-5476
---ebpf-pid----373029----pid-373029
---ebpf-pid----372714----pid-1
---ebpf-pid----2029----pid-2029
---ebpf-pid----373029----pid-5476
---ebpf-pid----2029----pid-1
---ebpf-pid----2029----pid-2029
---ebpf-pid----373029----pid-1
---ebpf-pid----2029----pid-1
---ebpf-pid----373029----pid-373029
---ebpf-pid----2029----pid-2029
---ebpf-pid----373029----pid-5476
---ebpf-pid----2029----pid-1
---ebpf-pid----2029----pid-2029
---ebpf-pid----373029----pid-1
---ebpf-pid----373029----pid-373029
---ebpf-pid----2029----pid-1
---ebpf-pid----2029----pid-2029
---ebpf-pid----373029----pid-5476
---ebpf-pid----2029----pid-1
---ebpf-pid----2029----pid-2029
---ebpf-pid----373029----pid-1
---ebpf-pid----2029----pid-1
---ebpf-pid----373029----pid-373029
---ebpf-pid----2029----pid-2029
---ebpf-pid----373029----pid-5476
---ebpf-pid----2029----pid-1
---ebpf-pid----2029----pid-2029
---ebpf-pid----373029----pid-1
---ebpf-pid----2029----pid-1
---ebpf-pid----448784----pid-448784
---ebpf-pid----2029----pid-2029
---ebpf-pid----448784----pid-448520
---ebpf-pid----2029----pid-1
---ebpf-pid----448784----pid-1
---ebpf-pid----2029----pid-2029
---ebpf-pid----448784----pid-448784
---ebpf-pid----2029----pid-1
---ebpf-pid----372714----pid-372714
---ebpf-pid----448784----pid-448520
---ebpf-pid----372714----pid-5476
---ebpf-pid----448784----pid-1
---ebpf-pid----373029----pid-373029
---ebpf-pid----372714----pid-1
---ebpf-pid----379067----pid-379067
---ebpf-pid----373029----pid-5476
---ebpf-pid----379067----pid-5476
---ebpf-pid----373029----pid-1
---ebpf-pid----373029----pid-373029
---ebpf-pid----379067----pid-1
---ebpf-pid----379067----pid-379067
---ebpf-pid----373029----pid-5476
---ebpf-pid----379067----pid-5476
---ebpf-pid----373029----pid-1
---ebpf-pid----379067----pid-1
---ebpf-pid----5637----pid-5637
---ebpf-pid----372714----pid-372714
---ebpf-pid----2094----pid-1
---ebpf-pid----372714----pid-5476
---ebpf-pid----2094----pid-2094
---ebpf-pid----372714----pid-1
---ebpf-pid----2094----pid-1
---ebpf-pid----372714----pid-372714
---ebpf-pid----2094----pid-2094
---ebpf-pid----372714----pid-5476
---ebpf-pid----2094----pid-1
---ebpf-pid----2094----pid-2094
---ebpf-pid----372714----pid-1
---ebpf-pid----373029----pid-373029
---ebpf-pid----2094----pid-1
---ebpf-pid----2094----pid-2094
---ebpf-pid----373029----pid-5476
---ebpf-pid----373029----pid-1
---ebpf-pid----2094----pid-1
---ebpf-pid----373029----pid-373029
---ebpf-pid----2094----pid-2094
---ebpf-pid----373029----pid-5476
---ebpf-pid----2094----pid-1
---ebpf-pid----2094----pid-2094
---ebpf-pid----373029----pid-1
---ebpf-pid----373029----pid-373029
---ebpf-pid----2094----pid-1
---ebpf-pid----2094----pid-2094
---ebpf-pid----373029----pid-5476
---ebpf-pid----373029----pid-1
---ebpf-pid----373029----pid-373029
---ebpf-pid----2094----pid-1
---ebpf-pid----2094----pid-2094
---ebpf-pid----373029----pid-5476
---ebpf-pid----2094----pid-1
---ebpf-pid----373029----pid-1
---ebpf-pid----2094----pid-2094
---ebpf-pid----373029----pid-373029
---ebpf-pid----2094----pid-1
---ebpf-pid----2029----pid-2029
---ebpf-pid----373029----pid-5476
---ebpf-pid----2029----pid-1
---ebpf-pid----373029----pid-1
---ebpf-pid----2029----pid-2029
---ebpf-pid----373029----pid-373029
---ebpf-pid----2029----pid-1
---ebpf-pid----373029----pid-5476
---ebpf-pid----2029----pid-2029
---ebpf-pid----373029----pid-1
---ebpf-pid----2029----pid-1
---ebpf-pid----373029----pid-373029
---ebpf-pid----2029----pid-2029
---ebpf-pid----373029----pid-5476
---ebpf-pid----2029----pid-1
---ebpf-pid----2029----pid-2029
---ebpf-pid----373029----pid-1
---ebpf-pid----2029----pid-2029
---ebpf-pid----2029----pid-1
---ebpf-pid----2029----pid-2029
---ebpf-pid----2029----pid-1
---ebpf-pid----373029----pid-373029
---ebpf-pid----2029----pid-1
---ebpf-pid----2029----pid-2029
---ebpf-pid----373029----pid-5476
---ebpf-pid----2029----pid-1
---ebpf-pid----2029----pid-2029
---ebpf-pid----373029----pid-1
---ebpf-pid----373029----pid-373029
---ebpf-pid----2029----pid-1
---ebpf-pid----2029----pid-2029
---ebpf-pid----373029----pid-5476
---ebpf-pid----2029----pid-1
---ebpf-pid----2094----pid-2094
---ebpf-pid----373029----pid-1
---ebpf-pid----373029----pid-373029
---ebpf-pid----2094----pid-1
---ebpf-pid----2094----pid-2094
---ebpf-pid----373029----pid-5476
---ebpf-pid----2094----pid-1
---ebpf-pid----373029----pid-1
---ebpf-pid----2094----pid-2094
---ebpf-pid----373029----pid-373029
---ebpf-pid----2094----pid-1
---ebpf-pid----373029----pid-5476
---ebpf-pid----2094----pid-2094
---ebpf-pid----373029----pid-1
---ebpf-pid----376651----pid-376651
---ebpf-pid----2094----pid-1
---ebpf-pid----373029----pid-373029
---ebpf-pid----2094----pid-2094
---ebpf-pid----376651----pid-3323
---ebpf-pid----373029----pid-5476
---ebpf-pid----2094----pid-1
---ebpf-pid----2094----pid-2094
---ebpf-pid----373029----pid-1
---ebpf-pid----376651----pid-1
---ebpf-pid----373029----pid-373029
---ebpf-pid----2094----pid-1
---ebpf-pid----376651----pid-376651
---ebpf-pid----2094----pid-2094
---ebpf-pid----373029----pid-5476
---ebpf-pid----376651----pid-3323
---ebpf-pid----2094----pid-1
---ebpf-pid----2094----pid-2094
---ebpf-pid----373029----pid-1
---ebpf-pid----376651----pid-1
---ebpf-pid----373029----pid-373029
---ebpf-pid----376651----pid-376651
---ebpf-pid----2094----pid-1
---ebpf-pid----373029----pid-5476
---ebpf-pid----2094----pid-2094
---ebpf-pid----376651----pid-3323
---ebpf-pid----2094----pid-1
---ebpf-pid----373029----pid-1
---ebpf-pid----2089----pid-2089
---ebpf-pid----373029----pid-373029
---ebpf-pid----376651----pid-1
---ebpf-pid----376651----pid-376651
---ebpf-pid----373029----pid-5476
---ebpf-pid----376651----pid-3323
---ebpf-pid----373029----pid-1
---ebpf-pid----373029----pid-373029
---ebpf-pid----376651----pid-1
---ebpf-pid----376651----pid-376651
---ebpf-pid----373029----pid-5476
---ebpf-pid----376651----pid-3323
---ebpf-pid----373029----pid-1
---ebpf-pid----372714----pid-372714
---ebpf-pid----376651----pid-1
---ebpf-pid----376651----pid-376651
---ebpf-pid----5637----pid-1
---ebpf-pid----372714----pid-5476
---ebpf-pid----448782----pid-448782
---ebpf-pid----376651----pid-3323
---ebpf-pid----372714----pid-1
---ebpf-pid----372714----pid-372714
---ebpf-pid----448782----pid-448520
---ebpf-pid----376651----pid-1
---ebpf-pid----376651----pid-376651
---ebpf-pid----372714----pid-5476
---ebpf-pid----448782----pid-1
---ebpf-pid----448521----pid-448521
---ebpf-pid----376651----pid-3323
---ebpf-pid----372714----pid-1
---ebpf-pid----373029----pid-373029
---ebpf-pid----448521----pid-1
---ebpf-pid----376651----pid-1
---ebpf-pid----448521----pid-448521
---ebpf-pid----376651----pid-376651
---ebpf-pid----373029----pid-5476
---ebpf-pid----376651----pid-3323
---ebpf-pid----376651----pid-1
---ebpf-pid----448521----pid-1
---ebpf-pid----376651----pid-376651
---ebpf-pid----373029----pid-1
---ebpf-pid----448783----pid-448783
---ebpf-pid----372714----pid-372714
---ebpf-pid----376651----pid-3323
---ebpf-pid----448783----pid-448520
---ebpf-pid----372714----pid-5476
---ebpf-pid----376651----pid-1
---ebpf-pid----448783----pid-1
---ebpf-pid----376651----pid-376651
---ebpf-pid----372714----pid-1
---ebpf-pid----448782----pid-448782
---ebpf-pid----372714----pid-372714
---ebpf-pid----448782----pid-448520
---ebpf-pid----376651----pid-3323
---ebpf-pid----372714----pid-5476
---ebpf-pid----448782----pid-1
---ebpf-pid----376651----pid-1
---ebpf-pid----448785----pid-448785
---ebpf-pid----372714----pid-1
---ebpf-pid----376651----pid-376651
---ebpf-pid----373029----pid-373029
---ebpf-pid----448785----pid-448520
---ebpf-pid----376651----pid-3323
---ebpf-pid----373029----pid-5476
---ebpf-pid----448785----pid-1
---ebpf-pid----448784----pid-448784
---ebpf-pid----373029----pid-1
---ebpf-pid----376651----pid-1
---ebpf-pid----373029----pid-373029
---ebpf-pid----376651----pid-376651
---ebpf-pid----448784----pid-448520
---ebpf-pid----373029----pid-5476
---ebpf-pid----376651----pid-3323
---ebpf-pid----448784----pid-1
---ebpf-pid----448783----pid-448783
---ebpf-pid----373029----pid-1
---ebpf-pid----376651----pid-1
---ebpf-pid----372714----pid-372714
---ebpf-pid----448783----pid-448520
---ebpf-pid----376651----pid-376651
---ebpf-pid----372714----pid-5476
---ebpf-pid----448783----pid-1
---ebpf-pid----376651----pid-3323
---ebpf-pid----448546----pid-448546
---ebpf-pid----372714----pid-1
---ebpf-pid----376651----pid-1
---ebpf-pid----372714----pid-372714
---ebpf-pid----14379----pid-14379
---ebpf-pid----448546----pid-1
---ebpf-pid----448783----pid-448783
---ebpf-pid----372714----pid-5476
---ebpf-pid----14379----pid-1
---ebpf-pid----448783----pid-448520
---ebpf-pid----372714----pid-1
---ebpf-pid----376651----pid-376651
---ebpf-pid----373029----pid-373029
---ebpf-pid----448783----pid-1
---ebpf-pid----376651----pid-3323
---ebpf-pid----448783----pid-448783
---ebpf-pid----373029----pid-5476
---ebpf-pid----376651----pid-1
---ebpf-pid----448783----pid-448520
---ebpf-pid----373029----pid-1
---ebpf-pid----376651----pid-376651
---ebpf-pid----373029----pid-373029
---ebpf-pid----448783----pid-1
---ebpf-pid----448784----pid-448784
---ebpf-pid----376651----pid-3323
---ebpf-pid----373029----pid-5476
---ebpf-pid----376651----pid-1
---ebpf-pid----373029----pid-1
---ebpf-pid----376651----pid-376651
---ebpf-pid----373029----pid-373029
---ebpf-pid----376651----pid-3323
---ebpf-pid----373029----pid-5476
---ebpf-pid----376651----pid-1
---ebpf-pid----373029----pid-1
---ebpf-pid----376651----pid-376651
---ebpf-pid----372714----pid-372714
---ebpf-pid----376651----pid-3323
---ebpf-pid----372714----pid-5476
---ebpf-pid----376651----pid-1
---ebpf-pid----372714----pid-1
---ebpf-pid----376651----pid-376651
---ebpf-pid----372714----pid-372714
---ebpf-pid----376651----pid-3323
---ebpf-pid----372714----pid-5476
---ebpf-pid----372714----pid-1
---ebpf-pid----376651----pid-1
---ebpf-pid----372714----pid-372714
---ebpf-pid----376651----pid-376651
---ebpf-pid----372714----pid-5476
---ebpf-pid----376651----pid-3323
---ebpf-pid----372714----pid-1
---ebpf-pid----372714----pid-372714
---ebpf-pid----372714----pid-5476
---ebpf-pid----372714----pid-1
---ebpf-pid----372714----pid-372714
---ebpf-pid----372714----pid-5476
---ebpf-pid----372714----pid-1
---ebpf-pid----2094----pid-2094
---ebpf-pid----2094----pid-1
---ebpf-pid----2094----pid-2094
---ebpf-pid----2094----pid-1
---ebpf-pid----2094----pid-2094
---ebpf-pid----2094----pid-1
---ebpf-pid----2094----pid-2094
---ebpf-pid----2094----pid-1
---ebpf-pid----2094----pid-2094
---ebpf-pid----2094----pid-1
---ebpf-pid----2094----pid-2094
---ebpf-pid----2094----pid-1
---ebpf-pid----2094----pid-2094
---ebpf-pid----2094----pid-1
---ebpf-pid----2094----pid-2094
---ebpf-pid----2094----pid-1
---ebpf-pid----2094----pid-2094
---ebpf-pid----2094----pid-1
---ebpf-pid----2094----pid-2094
---ebpf-pid----2094----pid-1
---ebpf-pid----2094----pid-2094
---ebpf-pid----2094----pid-1
---ebpf-pid----2094----pid-2094
---ebpf-pid----2094----pid-1
---ebpf-pid----2094----pid-2094
---ebpf-pid----2094----pid-1
---ebpf-pid----2094----pid-2094
---ebpf-pid----2094----pid-1
---ebpf-pid----2094----pid-2094
---ebpf-pid----2094----pid-1
---ebpf-pid----2094----pid-2094
---ebpf-pid----2094----pid-1
---ebpf-pid----2094----pid-2094
---ebpf-pid----2094----pid-1
---ebpf-pid----2094----pid-2094
---ebpf-pid----2094----pid-1
---ebpf-pid----2094----pid-2094
---ebpf-pid----2094----pid-1
---ebpf-pid----2094----pid-2094
---ebpf-pid----2094----pid-1
---ebpf-pid----2094----pid-2094
---ebpf-pid----2094----pid-1
---ebpf-pid----2094----pid-2094
---ebpf-pid----2094----pid-1
---ebpf-pid----2094----pid-2094
---ebpf-pid----2094----pid-1
---ebpf-pid----2094----pid-2094
---ebpf-pid----2094----pid-1
---ebpf-pid----372714----pid-372714
---ebpf-pid----372714----pid-5476
---ebpf-pid----372714----pid-1
---ebpf-pid----372714----pid-372714
---ebpf-pid----372714----pid-5476
---ebpf-pid----372714----pid-1
---ebpf-pid----372714----pid-372714
---ebpf-pid----372714----pid-5476
---ebpf-pid----372714----pid-1
---ebpf-pid----372714----pid-372714
---ebpf-pid----372714----pid-5476
---ebpf-pid----372714----pid-1
---ebpf-pid----372714----pid-372714
---ebpf-pid----372714----pid-5476
---ebpf-pid----372714----pid-1
---ebpf-pid----372714----pid-372714
---ebpf-pid----372714----pid-5476
---ebpf-pid----372714----pid-1
---ebpf-pid----372714----pid-372714
---ebpf-pid----372714----pid-5476
---ebpf-pid----372714----pid-1
---ebpf-pid----2029----pid-2029
---ebpf-pid----2029----pid-1
---ebpf-pid----2029----pid-2029
---ebpf-pid----2029----pid-1
---ebpf-pid----2029----pid-2029
---ebpf-pid----2029----pid-1
---ebpf-pid----2029----pid-2029
---ebpf-pid----2029----pid-1
---ebpf-pid----2029----pid-2029
---ebpf-pid----2029----pid-1
---ebpf-pid----2029----pid-2029
---ebpf-pid----2029----pid-1
---ebpf-pid----2029----pid-2029
---ebpf-pid----2029----pid-1
---ebpf-pid----2029----pid-2029
---ebpf-pid----2089----pid-1
---ebpf-pid----2089----pid-2089
---ebpf-pid----2089----pid-1
---ebpf-pid----2089----pid-2089
---ebpf-pid----2089----pid-1
---ebpf-pid----2089----pid-2089
---ebpf-pid----2089----pid-1
---ebpf-pid----376651----pid-1
---ebpf-pid----14379----pid-14379
---ebpf-pid----14379----pid-1
---ebpf-pid----2029----pid-2029
---ebpf-pid----2029----pid-1
---ebpf-pid----2029----pid-2029
---ebpf-pid----2029----pid-1
---ebpf-pid----2029----pid-2029
---ebpf-pid----2029----pid-1
---ebpf-pid----2029----pid-2029
---ebpf-pid----2029----pid-1
---ebpf-pid----2029----pid-2029
---ebpf-pid----2029----pid-1
---ebpf-pid----2029----pid-2029
---ebpf-pid----2029----pid-1
---ebpf-pid----2029----pid-2029
---ebpf-pid----2029----pid-1
---ebpf-pid----2029----pid-2029
---ebpf-pid----2029----pid-1
---ebpf-pid----2029----pid-2029
---ebpf-pid----2029----pid-1
---ebpf-pid----2029----pid-2029
---ebpf-pid----2029----pid-1
---ebpf-pid----2029----pid-2029
---ebpf-pid----2029----pid-1
---ebpf-pid----2029----pid-2029
---ebpf-pid----2029----pid-1
---ebpf-pid----2029----pid-2029
---ebpf-pid----2029----pid-1
---ebpf-pid----2029----pid-2029
---ebpf-pid----2029----pid-1
---ebpf-pid----2029----pid-2029
---ebpf-pid----2029----pid-1
---ebpf-pid----2029----pid-2029
---ebpf-pid----448784----pid-448520
---ebpf-pid----2029----pid-1
---ebpf-pid----2029----pid-2029
---ebpf-pid----448784----pid-1
---ebpf-pid----448782----pid-448782
---ebpf-pid----2029----pid-1
---ebpf-pid----2089----pid-2089
---ebpf-pid----2089----pid-1
---ebpf-pid----2089----pid-2089
---ebpf-pid----448782----pid-448520
---ebpf-pid----2089----pid-1
---ebpf-pid----2089----pid-2089
---ebpf-pid----448782----pid-1
---ebpf-pid----2089----pid-1
---ebpf-pid----14----pid-14
---ebpf-pid----2089----pid-2089
---ebpf-pid----2089----pid-1
---ebpf-pid----14----pid-2
---ebpf-pid----2089----pid-2089
---ebpf-pid----448783----pid-448783
---ebpf-pid----2089----pid-1
---ebpf-pid----448783----pid-448520
---ebpf-pid----373029----pid-373029
---ebpf-pid----448783----pid-1
---ebpf-pid----373029----pid-5476
---ebpf-pid----448521----pid-448521
---ebpf-pid----373029----pid-1
---ebpf-pid----448521----pid-1
---ebpf-pid----373029----pid-373029
---ebpf-pid----448546----pid-448546
---ebpf-pid----448546----pid-1
---ebpf-pid----448782----pid-448782
---ebpf-pid----448782----pid-448520
---ebpf-pid----448782----pid-1
---ebpf-pid----448546----pid-448546
---ebpf-pid----448546----pid-1
---ebpf-pid----448546----pid-448546
---ebpf-pid----373029----pid-5476
---ebpf-pid----448546----pid-1
---ebpf-pid----373029----pid-1
---ebpf-pid----448521----pid-448521
---ebpf-pid----2089----pid-2089
---ebpf-pid----448521----pid-1
---ebpf-pid----2089----pid-1
---ebpf-pid----2089----pid-2089
---ebpf-pid----448546----pid-448546
---ebpf-pid----2089----pid-1
---ebpf-pid----2089----pid-2089
---ebpf-pid----448546----pid-1
---ebpf-pid----377755----pid-377755
---ebpf-pid----2089----pid-1
---ebpf-pid----2089----pid-2089
---ebpf-pid----377755----pid-1
---ebpf-pid----5707----pid-5707
---ebpf-pid----2089----pid-1
---ebpf-pid----2089----pid-2089
---ebpf-pid----5707----pid-5476
---ebpf-pid----2089----pid-1
---ebpf-pid----2089----pid-2089
---ebpf-pid----5707----pid-1
---ebpf-pid----5707----pid-5707
---ebpf-pid----2089----pid-1
---ebpf-pid----2089----pid-2089
---ebpf-pid----5707----pid-5476
---ebpf-pid----2089----pid-1
---ebpf-pid----5707----pid-1
---ebpf-pid----372881----pid-372881
---ebpf-pid----5707----pid-5707
---ebpf-pid----372881----pid-1
---ebpf-pid----5707----pid-5476
---ebpf-pid----372881----pid-372881
---ebpf-pid----372881----pid-1
---ebpf-pid----5707----pid-1
---ebpf-pid----372881----pid-372881
---ebpf-pid----372881----pid-1
---ebpf-pid----372881----pid-372881
---ebpf-pid----372881----pid-1
---ebpf-pid----372881----pid-372881
---ebpf-pid----372881----pid-1
---ebpf-pid----372881----pid-372881
---ebpf-pid----372881----pid-1
---ebpf-pid----372881----pid-372881
---ebpf-pid----372881----pid-1
---ebpf-pid----372881----pid-372881
---ebpf-pid----372881----pid-1
---ebpf-pid----372881----pid-372881
---ebpf-pid----372881----pid-1
---ebpf-pid----372881----pid-372881
---ebpf-pid----5707----pid-5707
---ebpf-pid----372881----pid-1
---ebpf-pid----372881----pid-372881
---ebpf-pid----5707----pid-5476
---ebpf-pid----5707----pid-1
---ebpf-pid----377755----pid-377755
---ebpf-pid----377755----pid-1
---ebpf-pid----5707----pid-5707
---ebpf-pid----5707----pid-5476
---ebpf-pid----5707----pid-1
---ebpf-pid----2029----pid-1
---ebpf-pid----5707----pid-5707
---ebpf-pid----2029----pid-2029
---ebpf-pid----2029----pid-2029
---ebpf-pid----5707----pid-5476
---ebpf-pid----2029----pid-1
---ebpf-pid----5707----pid-1
---ebpf-pid----448521----pid-448521
---ebpf-pid----2029----pid-2029
---ebpf-pid----448521----pid-1
---ebpf-pid----2029----pid-1
---ebpf-pid----5707----pid-5707
---ebpf-pid----2029----pid-2029
---ebpf-pid----5707----pid-5476
---ebpf-pid----2029----pid-1
---ebpf-pid----2029----pid-1
---ebpf-pid----5707----pid-1
---ebpf-pid----5707----pid-5707
---ebpf-pid----5707----pid-5476
---ebpf-pid----5707----pid-1
---ebpf-pid----2010----pid-2010
---ebpf-pid----2010----pid-1
---ebpf-pid----379067----pid-379067
---ebpf-pid----379067----pid-5476
---ebpf-pid----379067----pid-1
---ebpf-pid----379067----pid-379067
---ebpf-pid----379067----pid-5476
---ebpf-pid----379067----pid-1
---ebpf-pid----379067----pid-379067
---ebpf-pid----372881----pid-1
---ebpf-pid----372881----pid-372881
---ebpf-pid----372881----pid-1
---ebpf-pid----372881----pid-372881
---ebpf-pid----372881----pid-1
---ebpf-pid----372881----pid-372881
---ebpf-pid----372881----pid-1
---ebpf-pid----372881----pid-372881
---ebpf-pid----379067----pid-5476
---ebpf-pid----379067----pid-1
---ebpf-pid----379067----pid-379067
---ebpf-pid----379067----pid-5476
---ebpf-pid----2029----pid-2029
---ebpf-pid----2029----pid-1
---ebpf-pid----2029----pid-2029
---ebpf-pid----2029----pid-2029
---ebpf-pid----2029----pid-1
---ebpf-pid----2029----pid-2029
---ebpf-pid----2029----pid-1
---ebpf-pid----2029----pid-2029
---ebpf-pid----2029----pid-1
---ebpf-pid----2029----pid-2029
---ebpf-pid----2029----pid-1
---ebpf-pid----2029----pid-2029
---ebpf-pid----2029----pid-1
---ebpf-pid----2029----pid-2029
---ebpf-pid----2029----pid-1
---ebpf-pid----2029----pid-2029
---ebpf-pid----2029----pid-1
---ebpf-pid----2029----pid-2029
---ebpf-pid----2029----pid-1
---ebpf-pid----2029----pid-2029
---ebpf-pid----2029----pid-1
---ebpf-pid----2029----pid-2029
---ebpf-pid----2029----pid-1
---ebpf-pid----2029----pid-2029
---ebpf-pid----2029----pid-1
---ebpf-pid----2029----pid-2029
---ebpf-pid----2029----pid-1
---ebpf-pid----2029----pid-2029
---ebpf-pid----2029----pid-1
---ebpf-pid----2029----pid-2029
---ebpf-pid----2029----pid-1
---ebpf-pid----2029----pid-2029
---ebpf-pid----2029----pid-1
---ebpf-pid----5707----pid-5707
---ebpf-pid----2029----pid-1
---ebpf-pid----2029----pid-2029
---ebpf-pid----5707----pid-5476
---ebpf-pid----2029----pid-1
---ebpf-pid----2029----pid-2029
---ebpf-pid----5707----pid-1
---ebpf-pid----5707----pid-5707
---ebpf-pid----2029----pid-1
---ebpf-pid----2029----pid-2029
---ebpf-pid----5707----pid-5476
---ebpf-pid----2029----pid-1
---ebpf-pid----5707----pid-1
---ebpf-pid----2029----pid-2029
---ebpf-pid----5707----pid-5707
---ebpf-pid----2029----pid-1
---ebpf-pid----5707----pid-5476
---ebpf-pid----2029----pid-2029
---ebpf-pid----5707----pid-1
---ebpf-pid----2029----pid-1
---ebpf-pid----5707----pid-5707
---ebpf-pid----2029----pid-2029
---ebpf-pid----5707----pid-5476
---ebpf-pid----2029----pid-1
---ebpf-pid----2029----pid-2029
---ebpf-pid----5707----pid-1
---ebpf-pid----5707----pid-5707
---ebpf-pid----2029----pid-1
---ebpf-pid----2029----pid-2029
---ebpf-pid----5707----pid-5476
---ebpf-pid----2029----pid-1
---ebpf-pid----5707----pid-1
---ebpf-pid----5707----pid-5707
---ebpf-pid----5707----pid-5476
---ebpf-pid----5707----pid-1
---ebpf-pid----373029----pid-373029
---ebpf-pid----373029----pid-5476
---ebpf-pid----379067----pid-1
---ebpf-pid----373029----pid-1
---ebpf-pid----379067----pid-379067
---ebpf-pid----373029----pid-373029
---ebpf-pid----379067----pid-5476
---ebpf-pid----373029----pid-5476
---ebpf-pid----379067----pid-1
---ebpf-pid----373029----pid-1
---ebpf-pid----448546----pid-448546
---ebpf-pid----373029----pid-373029
---ebpf-pid----372881----pid-1
---ebpf-pid----448546----pid-1
---ebpf-pid----372881----pid-372881
---ebpf-pid----373029----pid-5476
---ebpf-pid----448784----pid-448784
---ebpf-pid----373029----pid-1
---ebpf-pid----372881----pid-1
---ebpf-pid----448784----pid-448520
---ebpf-pid----373029----pid-373029
---ebpf-pid----373029----pid-5476
---ebpf-pid----448784----pid-1
---ebpf-pid----448521----pid-448521
---ebpf-pid----373029----pid-1
---ebpf-pid----5707----pid-5707
---ebpf-pid----448521----pid-1
---ebpf-pid----14----pid-14
---ebpf-pid----5707----pid-5476
---ebpf-pid----14----pid-2
---ebpf-pid----5707----pid-1
---ebpf-pid----448546----pid-448546
---ebpf-pid----5707----pid-5707
---ebpf-pid----448546----pid-1
---ebpf-pid----5707----pid-5476
---ebpf-pid----448546----pid-448546
---ebpf-pid----5707----pid-1
---ebpf-pid----448546----pid-1
---ebpf-pid----2094----pid-2094
---ebpf-pid----448546----pid-448546
---ebpf-pid----448546----pid-1
---ebpf-pid----2094----pid-1
---ebpf-pid----448785----pid-448785
---ebpf-pid----2094----pid-2094
---ebpf-pid----448785----pid-448520
---ebpf-pid----2094----pid-1
---ebpf-pid----2094----pid-2094
---ebpf-pid----448785----pid-1
---ebpf-pid----448782----pid-448782
---ebpf-pid----2094----pid-1
---ebpf-pid----448782----pid-448520
---ebpf-pid----2094----pid-2094
---ebpf-pid----448782----pid-1
---ebpf-pid----2029----pid-2029
---ebpf-pid----2094----pid-1
---ebpf-pid----448784----pid-448784
---ebpf-pid----2094----pid-2094
---ebpf-pid----2029----pid-1
---ebpf-pid----448784----pid-448520
---ebpf-pid----2094----pid-1
---ebpf-pid----2029----pid-2029
---ebpf-pid----2094----pid-2094
---ebpf-pid----448784----pid-1
---ebpf-pid----2029----pid-1
---ebpf-pid----1856----pid-1856
---ebpf-pid----2094----pid-1
---ebpf-pid----2029----pid-2029
---ebpf-pid----2094----pid-2094
---ebpf-pid----1856----pid-1
---ebpf-pid----2029----pid-1
---ebpf-pid----2094----pid-1
---ebpf-pid----448785----pid-448785
---ebpf-pid----2029----pid-2029
---ebpf-pid----2094----pid-2094
---ebpf-pid----448785----pid-448520
---ebpf-pid----2029----pid-1
---ebpf-pid----2094----pid-1
---ebpf-pid----2029----pid-2029
---ebpf-pid----2094----pid-2094
---ebpf-pid----448785----pid-1
---ebpf-pid----2029----pid-1
---ebpf-pid----7313----pid-7313
---ebpf-pid----2094----pid-1
---ebpf-pid----2029----pid-2029
---ebpf-pid----2094----pid-2094
---ebpf-pid----7313----pid-1
---ebpf-pid----2029----pid-1
---ebpf-pid----2094----pid-1
---ebpf-pid----4716----pid-4716
---ebpf-pid----2094----pid-2094
---ebpf-pid----2029----pid-2029
---ebpf-pid----4716----pid-3323
---ebpf-pid----2094----pid-1
---ebpf-pid----2029----pid-1
---ebpf-pid----2094----pid-2094
---ebpf-pid----2029----pid-2029
---ebpf-pid----4716----pid-1
---ebpf-pid----2094----pid-1
---ebpf-pid----5614----pid-5614
---ebpf-pid----2094----pid-2094
---ebpf-pid----2029----pid-1
---ebpf-pid----2094----pid-1
---ebpf-pid----5614----pid-1
---ebpf-pid----2094----pid-2094
---ebpf-pid----2094----pid-1
---ebpf-pid----2029----pid-2029
---ebpf-pid----2094----pid-2094
---ebpf-pid----2029----pid-1
---ebpf-pid----2094----pid-1
---ebpf-pid----2029----pid-2029
---ebpf-pid----2094----pid-2094
---ebpf-pid----2029----pid-1
---ebpf-pid----2094----pid-1
---ebpf-pid----2029----pid-2029
---ebpf-pid----2094----pid-2094
---ebpf-pid----2029----pid-1
---ebpf-pid----2094----pid-1
---ebpf-pid----2029----pid-2029
---ebpf-pid----2029----pid-1
---ebpf-pid----2029----pid-2029
---ebpf-pid----2029----pid-1
---ebpf-pid----2029----pid-2029
---ebpf-pid----2029----pid-1
---ebpf-pid----2029----pid-2029
---ebpf-pid----2029----pid-1
---ebpf-pid----2029----pid-2029
---ebpf-pid----2029----pid-1
---ebpf-pid----2029----pid-2029
---ebpf-pid----2029----pid-1
---ebpf-pid----7313----pid-7313
---ebpf-pid----7313----pid-1
---ebpf-pid----7313----pid-7313
---ebpf-pid----7313----pid-1
---ebpf-pid----7313----pid-7313
---ebpf-pid----7313----pid-1
---ebpf-pid----2029----pid-2029
---ebpf-pid----2029----pid-1
---ebpf-pid----2029----pid-2029
---ebpf-pid----2029----pid-1
---ebpf-pid----5707----pid-5707
---ebpf-pid----5707----pid-5476
---ebpf-pid----5707----pid-1
---ebpf-pid----2094----pid-2094
---ebpf-pid----5707----pid-5707
---ebpf-pid----5707----pid-5476
---ebpf-pid----2094----pid-1
---ebpf-pid----2094----pid-2094
---ebpf-pid----5707----pid-1
---ebpf-pid----5707----pid-5707
---ebpf-pid----2094----pid-1
---ebpf-pid----2094----pid-2094
---ebpf-pid----5707----pid-5476
---ebpf-pid----2094----pid-1
---ebpf-pid----5707----pid-1
---ebpf-pid----2094----pid-2094
---ebpf-pid----5707----pid-5707
---ebpf-pid----2094----pid-1
---ebpf-pid----5707----pid-5476
---ebpf-pid----2094----pid-2094
---ebpf-pid----2094----pid-1
---ebpf-pid----5707----pid-1
---ebpf-pid----2094----pid-2094
---ebpf-pid----5707----pid-5707
---ebpf-pid----2094----pid-1
---ebpf-pid----373029----pid-373029
---ebpf-pid----5707----pid-5476
---ebpf-pid----373029----pid-5476
---ebpf-pid----5707----pid-1
---ebpf-pid----372881----pid-372881
---ebpf-pid----5707----pid-5707
---ebpf-pid----373029----pid-1
---ebpf-pid----373029----pid-373029
---ebpf-pid----372881----pid-1
---ebpf-pid----372881----pid-372881
---ebpf-pid----373029----pid-5476
---ebpf-pid----372881----pid-1
---ebpf-pid----373029----pid-1
---ebpf-pid----372881----pid-372881
---ebpf-pid----373029----pid-373029
---ebpf-pid----372881----pid-1
---ebpf-pid----373029----pid-5476
---ebpf-pid----372881----pid-372881
---ebpf-pid----372881----pid-1
---ebpf-pid----373029----pid-1
---ebpf-pid----372881----pid-372881
---ebpf-pid----373029----pid-373029
---ebpf-pid----372881----pid-1
---ebpf-pid----373029----pid-5476
---ebpf-pid----372881----pid-372881
---ebpf-pid----373029----pid-1
---ebpf-pid----372881----pid-1
---ebpf-pid----372881----pid-372881
---ebpf-pid----373029----pid-373029
---ebpf-pid----372881----pid-1
---ebpf-pid----372881----pid-372881
---ebpf-pid----373029----pid-5476
---ebpf-pid----372881----pid-1
---ebpf-pid----372881----pid-372881
---ebpf-pid----373029----pid-1
---ebpf-pid----372881----pid-1
---ebpf-pid----373029----pid-373029
---ebpf-pid----5707----pid-5476
---ebpf-pid----373029----pid-5476
---ebpf-pid----373029----pid-1
---ebpf-pid----373029----pid-373029
---ebpf-pid----373029----pid-5476
---ebpf-pid----373029----pid-1
---ebpf-pid----373029----pid-373029
---ebpf-pid----373029----pid-5476
---ebpf-pid----373029----pid-1
---ebpf-pid----373029----pid-373029
---ebpf-pid----373029----pid-5476
---ebpf-pid----5707----pid-1
---ebpf-pid----5707----pid-5707
---ebpf-pid----5614----pid-5614
---ebpf-pid----372881----pid-372881
---ebpf-pid----372881----pid-1
---ebpf-pid----372881----pid-372881
---ebpf-pid----372881----pid-1
---ebpf-pid----379067----pid-379067
---ebpf-pid----379067----pid-5476
---ebpf-pid----379067----pid-1
---ebpf-pid----373029----pid-1
---ebpf-pid----373029----pid-373029
---ebpf-pid----5707----pid-5476
---ebpf-pid----5707----pid-1
---ebpf-pid----373029----pid-5476
---ebpf-pid----5614----pid-1
---ebpf-pid----373029----pid-1
---ebpf-pid----379067----pid-379067
---ebpf-pid----373029----pid-373029
---ebpf-pid----379067----pid-5476
---ebpf-pid----373029----pid-5476
---ebpf-pid----379067----pid-1
---ebpf-pid----373029----pid-1
---ebpf-pid----379067----pid-379067
---ebpf-pid----2029----pid-2029
---ebpf-pid----379067----pid-5476
---ebpf-pid----2029----pid-1
---ebpf-pid----2029----pid-2029
---ebpf-pid----379067----pid-1
---ebpf-pid----379067----pid-379067
---ebpf-pid----2029----pid-1
---ebpf-pid----2029----pid-2029
---ebpf-pid----379067----pid-5476
---ebpf-pid----2029----pid-1
---ebpf-pid----2029----pid-2029
---ebpf-pid----379067----pid-1
---ebpf-pid----2029----pid-1
---ebpf-pid----379067----pid-379067
---ebpf-pid----2029----pid-2029
---ebpf-pid----379067----pid-5476
---ebpf-pid----2029----pid-1
---ebpf-pid----379067----pid-1
---ebpf-pid----2029----pid-2029
---ebpf-pid----379067----pid-379067
---ebpf-pid----2029----pid-1
---ebpf-pid----379067----pid-5476
---ebpf-pid----2029----pid-2029
---ebpf-pid----379067----pid-1
---ebpf-pid----2029----pid-1
---ebpf-pid----379067----pid-379067
---ebpf-pid----2029----pid-2029
---ebpf-pid----379067----pid-5476
---ebpf-pid----2029----pid-1
---ebpf-pid----2029----pid-2029
---ebpf-pid----379067----pid-1
---ebpf-pid----379067----pid-379067
---ebpf-pid----2029----pid-1
---ebpf-pid----2029----pid-2029
---ebpf-pid----379067----pid-5476
---ebpf-pid----2029----pid-1
---ebpf-pid----2029----pid-2029
---ebpf-pid----379067----pid-1
---ebpf-pid----379067----pid-379067
---ebpf-pid----2029----pid-1
---ebpf-pid----2029----pid-2029
---ebpf-pid----379067----pid-5476
---ebpf-pid----2029----pid-1
---ebpf-pid----379067----pid-1
---ebpf-pid----2029----pid-2029
---ebpf-pid----379067----pid-379067
---ebpf-pid----2029----pid-1
---ebpf-pid----379067----pid-5476
---ebpf-pid----2029----pid-2029
---ebpf-pid----379067----pid-1
---ebpf-pid----379067----pid-379067
---ebpf-pid----2029----pid-1
---ebpf-pid----2029----pid-2029
---ebpf-pid----379067----pid-5476
---ebpf-pid----2029----pid-1
---ebpf-pid----379067----pid-1
---ebpf-pid----2029----pid-2029
---ebpf-pid----379067----pid-379067
---ebpf-pid----2029----pid-1
---ebpf-pid----379067----pid-5476
---ebpf-pid----2029----pid-2029
---ebpf-pid----379067----pid-1
---ebpf-pid----2029----pid-1
---ebpf-pid----379067----pid-379067
---ebpf-pid----2029----pid-2029
---ebpf-pid----2029----pid-1
---ebpf-pid----5707----pid-5707
---ebpf-pid----5707----pid-5476
---ebpf-pid----5707----pid-1
---ebpf-pid----5707----pid-5707
---ebpf-pid----5707----pid-5476
---ebpf-pid----5707----pid-1
---ebpf-pid----5707----pid-5707
---ebpf-pid----5707----pid-5476
---ebpf-pid----2029----pid-2029
---ebpf-pid----5707----pid-1
---ebpf-pid----2029----pid-1
---ebpf-pid----2029----pid-2029
---ebpf-pid----5707----pid-5707
---ebpf-pid----2029----pid-1
---ebpf-pid----5707----pid-5476
---ebpf-pid----2029----pid-2029
---ebpf-pid----5707----pid-1
---ebpf-pid----2029----pid-1
---ebpf-pid----5707----pid-5707
---ebpf-pid----2029----pid-2029
---ebpf-pid----5707----pid-5476
---ebpf-pid----2029----pid-1
---ebpf-pid----2029----pid-2029
---ebpf-pid----5707----pid-1
---ebpf-pid----5707----pid-5707
---ebpf-pid----2029----pid-1
---ebpf-pid----2029----pid-2029
---ebpf-pid----5707----pid-5476
---ebpf-pid----5707----pid-1
---ebpf-pid----2029----pid-1
---ebpf-pid----5707----pid-5707
---ebpf-pid----2029----pid-2029
---ebpf-pid----5707----pid-5476
---ebpf-pid----2029----pid-1
---ebpf-pid----2029----pid-2029
---ebpf-pid----5707----pid-1
---ebpf-pid----5707----pid-5707
---ebpf-pid----2029----pid-1
---ebpf-pid----2029----pid-2029
---ebpf-pid----2029----pid-1
---ebpf-pid----2029----pid-2029
---ebpf-pid----5707----pid-5476
---ebpf-pid----2029----pid-1
---ebpf-pid----2029----pid-2029
---ebpf-pid----5707----pid-1
---ebpf-pid----379067----pid-379067
---ebpf-pid----2029----pid-1
---ebpf-pid----5707----pid-5707
---ebpf-pid----2029----pid-2029
---ebpf-pid----379067----pid-5476
---ebpf-pid----2029----pid-1
---ebpf-pid----5707----pid-5476
---ebpf-pid----2029----pid-2029
---ebpf-pid----379067----pid-1
---ebpf-pid----5707----pid-1
---ebpf-pid----2029----pid-1
---ebpf-pid----2094----pid-2094
---ebpf-pid----5707----pid-5707
---ebpf-pid----2029----pid-2029
---ebpf-pid----2094----pid-1
---ebpf-pid----2029----pid-1
---ebpf-pid----5707----pid-5476
---ebpf-pid----2094----pid-2094
---ebpf-pid----2029----pid-2029
---ebpf-pid----5707----pid-1
---ebpf-pid----2029----pid-1
---ebpf-pid----2094----pid-1
---ebpf-pid----5707----pid-5707
---ebpf-pid----2029----pid-2029
---ebpf-pid----2094----pid-2094
---ebpf-pid----379067----pid-5476
---ebpf-pid----2029----pid-1
---ebpf-pid----2094----pid-1
---ebpf-pid----2094----pid-2094
---ebpf-pid----2029----pid-2029
---ebpf-pid----379067----pid-1
---ebpf-pid----2094----pid-1
---ebpf-pid----2029----pid-1
---ebpf-pid----379067----pid-379067
---ebpf-pid----2094----pid-2094
---ebpf-pid----2029----pid-2029
---ebpf-pid----2094----pid-1
---ebpf-pid----2029----pid-1
---ebpf-pid----379067----pid-5476
---ebpf-pid----2029----pid-2029
---ebpf-pid----2094----pid-2094
---ebpf-pid----379067----pid-1
---ebpf-pid----2029----pid-1
---ebpf-pid----373029----pid-373029
---ebpf-pid----2029----pid-2029
---ebpf-pid----373029----pid-5476
---ebpf-pid----2029----pid-1
---ebpf-pid----2029----pid-2029
---ebpf-pid----373029----pid-1
---ebpf-pid----373029----pid-373029
---ebpf-pid----2029----pid-1
---ebpf-pid----2094----pid-2094
---ebpf-pid----373029----pid-5476
---ebpf-pid----2094----pid-1
---ebpf-pid----373029----pid-1
---ebpf-pid----2094----pid-2094
---ebpf-pid----373029----pid-373029
---ebpf-pid----2094----pid-1
---ebpf-pid----373029----pid-5476
---ebpf-pid----2094----pid-2094
---ebpf-pid----373029----pid-1
---ebpf-pid----2094----pid-1
---ebpf-pid----373029----pid-373029
---ebpf-pid----2094----pid-2094
---ebpf-pid----373029----pid-5476
---ebpf-pid----2094----pid-1
---ebpf-pid----373029----pid-1
---ebpf-pid----2094----pid-2094
---ebpf-pid----373029----pid-373029
---ebpf-pid----2094----pid-1
---ebpf-pid----373029----pid-5476
---ebpf-pid----2094----pid-2094
---ebpf-pid----373029----pid-1
---ebpf-pid----2094----pid-1
---ebpf-pid----373029----pid-373029
---ebpf-pid----2094----pid-2094
---ebpf-pid----373029----pid-5476
---ebpf-pid----2094----pid-1
---ebpf-pid----2094----pid-2094
---ebpf-pid----373029----pid-1
---ebpf-pid----373029----pid-373029
---ebpf-pid----2094----pid-1
---ebpf-pid----2094----pid-2094
---ebpf-pid----373029----pid-5476
---ebpf-pid----2094----pid-1
---ebpf-pid----373029----pid-1
---ebpf-pid----2094----pid-2094
---ebpf-pid----5707----pid-5476
---ebpf-pid----379067----pid-379067
---ebpf-pid----2094----pid-1
---ebpf-pid----379067----pid-5476
---ebpf-pid----2094----pid-2094
---ebpf-pid----5707----pid-1
---ebpf-pid----5707----pid-5707
---ebpf-pid----379067----pid-1
---ebpf-pid----2094----pid-1
---ebpf-pid----379067----pid-379067
---ebpf-pid----2094----pid-2094
---ebpf-pid----5707----pid-5476
---ebpf-pid----379067----pid-5476
---ebpf-pid----5707----pid-1
---ebpf-pid----2094----pid-1
---ebpf-pid----5707----pid-5707
---ebpf-pid----2094----pid-2094
---ebpf-pid----379067----pid-1
---ebpf-pid----2029----pid-2029
---ebpf-pid----2094----pid-1
---ebpf-pid----5707----pid-5476
---ebpf-pid----2094----pid-2094
---ebpf-pid----2029----pid-1
---ebpf-pid----5707----pid-1
---ebpf-pid----2029----pid-2029
---ebpf-pid----2094----pid-1
---ebpf-pid----5707----pid-5707
---ebpf-pid----2094----pid-2094
---ebpf-pid----2029----pid-1
---ebpf-pid----5707----pid-5476
---ebpf-pid----2029----pid-2029
---ebpf-pid----2094----pid-1
---ebpf-pid----2094----pid-2094
---ebpf-pid----5707----pid-1
---ebpf-pid----2029----pid-1
---ebpf-pid----5707----pid-5707
---ebpf-pid----2029----pid-2029
---ebpf-pid----2094----pid-1
---ebpf-pid----5707----pid-5476
---ebpf-pid----2094----pid-2094
---ebpf-pid----2029----pid-1
---ebpf-pid----5707----pid-1
---ebpf-pid----2029----pid-2029
---ebpf-pid----2094----pid-1
---ebpf-pid----372881----pid-372881
---ebpf-pid----2094----pid-2094
---ebpf-pid----2029----pid-1
---ebpf-pid----372881----pid-1
---ebpf-pid----2029----pid-2029
---ebpf-pid----2094----pid-1
---ebpf-pid----372881----pid-372881
---ebpf-pid----2094----pid-2094
---ebpf-pid----2094----pid-1
---ebpf-pid----372881----pid-1
---ebpf-pid----2094----pid-1
---ebpf-pid----372881----pid-372881
---ebpf-pid----2094----pid-2094
---ebpf-pid----372881----pid-1
---ebpf-pid----372881----pid-372881
---ebpf-pid----2094----pid-1
---ebpf-pid----2094----pid-2094
---ebpf-pid----372881----pid-1
---ebpf-pid----372881----pid-372881
---ebpf-pid----2094----pid-1
---ebpf-pid----2094----pid-2094
---ebpf-pid----372881----pid-1
---ebpf-pid----372881----pid-372881
---ebpf-pid----2094----pid-1
---ebpf-pid----2094----pid-2094
---ebpf-pid----372881----pid-1
---ebpf-pid----372881----pid-372881
---ebpf-pid----2094----pid-1
---ebpf-pid----2094----pid-2094
---ebpf-pid----372881----pid-1
---ebpf-pid----372881----pid-372881
---ebpf-pid----2094----pid-1
---ebpf-pid----2088----pid-2088
---ebpf-pid----372881----pid-1
---ebpf-pid----372881----pid-372881
---ebpf-pid----2094----pid-2094
---ebpf-pid----2094----pid-1
---ebpf-pid----2088----pid-1
---ebpf-pid----2088----pid-2088
---ebpf-pid----2094----pid-2094
---ebpf-pid----2094----pid-1
---ebpf-pid----372881----pid-1
---ebpf-pid----372881----pid-372881
---ebpf-pid----372881----pid-1
---ebpf-pid----372881----pid-372881
---ebpf-pid----372881----pid-1
---ebpf-pid----372881----pid-372881
---ebpf-pid----372881----pid-1
---ebpf-pid----372881----pid-372881
---ebpf-pid----372881----pid-1
---ebpf-pid----372881----pid-372881
---ebpf-pid----372881----pid-1
---ebpf-pid----372881----pid-372881
---ebpf-pid----372881----pid-1
---ebpf-pid----372881----pid-372881
---ebpf-pid----372881----pid-1
---ebpf-pid----372881----pid-372881
---ebpf-pid----2029----pid-1
---ebpf-pid----372881----pid-1
---ebpf-pid----372881----pid-372881
---ebpf-pid----373029----pid-373029
---ebpf-pid----372881----pid-1
---ebpf-pid----373029----pid-5476
---ebpf-pid----372881----pid-372881
---ebpf-pid----373029----pid-1
---ebpf-pid----372881----pid-1
---ebpf-pid----2029----pid-2029
---ebpf-pid----372881----pid-372881
---ebpf-pid----2029----pid-1
---ebpf-pid----372881----pid-1
---ebpf-pid----373029----pid-373029
---ebpf-pid----372881----pid-372881
---ebpf-pid----373029----pid-5476
---ebpf-pid----372881----pid-1
---ebpf-pid----372881----pid-372881
---ebpf-pid----373029----pid-1
---ebpf-pid----373029----pid-373029
---ebpf-pid----372881----pid-1
---ebpf-pid----372881----pid-372881
---ebpf-pid----373029----pid-5476
---ebpf-pid----373029----pid-1
---ebpf-pid----372881----pid-1
---ebpf-pid----373029----pid-373029
---ebpf-pid----372881----pid-372881
---ebpf-pid----373029----pid-5476
---ebpf-pid----372881----pid-1
---ebpf-pid----372881----pid-372881
---ebpf-pid----373029----pid-1
---ebpf-pid----373029----pid-373029
---ebpf-pid----372881----pid-1
---ebpf-pid----373029----pid-5476
---ebpf-pid----372881----pid-372881
---ebpf-pid----372881----pid-1
---ebpf-pid----372881----pid-372881
---ebpf-pid----373029----pid-1
---ebpf-pid----373029----pid-373029
---ebpf-pid----372881----pid-1
---ebpf-pid----372881----pid-372881
---ebpf-pid----373029----pid-5476
---ebpf-pid----373029----pid-1
---ebpf-pid----372881----pid-1
---ebpf-pid----372881----pid-372881
---ebpf-pid----2088----pid-1
---ebpf-pid----372881----pid-1
---ebpf-pid----372881----pid-372881
---ebpf-pid----2088----pid-2088
---ebpf-pid----372881----pid-1
---ebpf-pid----2088----pid-1
---ebpf-pid----372881----pid-372881
---ebpf-pid----2088----pid-2088
---ebpf-pid----372881----pid-1
---ebpf-pid----372881----pid-372881
---ebpf-pid----2088----pid-1
---ebpf-pid----2088----pid-2088
---ebpf-pid----372881----pid-1
---ebpf-pid----372881----pid-372881
---ebpf-pid----2088----pid-1
---ebpf-pid----372881----pid-1
---ebpf-pid----2088----pid-2088
---ebpf-pid----372881----pid-372881
---ebpf-pid----2088----pid-1
---ebpf-pid----372881----pid-1
---ebpf-pid----2088----pid-2088
---ebpf-pid----372881----pid-372881
---ebpf-pid----372881----pid-1
---ebpf-pid----2088----pid-1
---ebpf-pid----372881----pid-372881
---ebpf-pid----2088----pid-2088
---ebpf-pid----372881----pid-1
---ebpf-pid----2088----pid-1
---ebpf-pid----372881----pid-372881
---ebpf-pid----2088----pid-2088
---ebpf-pid----372881----pid-1
---ebpf-pid----372881----pid-372881
---ebpf-pid----2088----pid-1
---ebpf-pid----372881----pid-1
---ebpf-pid----2029----pid-2029
---ebpf-pid----372881----pid-372881
---ebpf-pid----2029----pid-1
---ebpf-pid----372881----pid-1
---ebpf-pid----2029----pid-2029
---ebpf-pid----372881----pid-372881
---ebpf-pid----2029----pid-1
---ebpf-pid----372881----pid-1
---ebpf-pid----2029----pid-2029
---ebpf-pid----372881----pid-372881
---ebpf-pid----2029----pid-1
---ebpf-pid----4716----pid-4716
---ebpf-pid----372881----pid-1
---ebpf-pid----372881----pid-372881
---ebpf-pid----4716----pid-3323
---ebpf-pid----372881----pid-1
---ebpf-pid----4716----pid-1
---ebpf-pid----372881----pid-372881
---ebpf-pid----373029----pid-373029
---ebpf-pid----372881----pid-1
---ebpf-pid----373029----pid-5476
---ebpf-pid----372881----pid-372881
---ebpf-pid----372881----pid-1
---ebpf-pid----373029----pid-1
---ebpf-pid----373029----pid-373029
---ebpf-pid----372881----pid-372881
---ebpf-pid----373029----pid-5476
---ebpf-pid----372881----pid-1
---ebpf-pid----372881----pid-372881
---ebpf-pid----373029----pid-1
---ebpf-pid----373029----pid-373029
---ebpf-pid----372881----pid-1
---ebpf-pid----372881----pid-372881
---ebpf-pid----373029----pid-5476
---ebpf-pid----372881----pid-1
---ebpf-pid----373029----pid-1
---ebpf-pid----372881----pid-372881
---ebpf-pid----373029----pid-373029
---ebpf-pid----373029----pid-5476
---ebpf-pid----372881----pid-1
---ebpf-pid----373029----pid-1
---ebpf-pid----372881----pid-372881
---ebpf-pid----372714----pid-372714
---ebpf-pid----372881----pid-1
---ebpf-pid----372714----pid-5476
---ebpf-pid----372714----pid-1
---ebpf-pid----448784----pid-448784
---ebpf-pid----448784----pid-448520
---ebpf-pid----448784----pid-1
---ebpf-pid----7313----pid-7313
---ebpf-pid----2094----pid-2094
---ebpf-pid----7313----pid-1
---ebpf-pid----377755----pid-377755
---ebpf-pid----377755----pid-1
---ebpf-pid----377755----pid-377755
---ebpf-pid----377755----pid-1
---ebpf-pid----448784----pid-448784
---ebpf-pid----448784----pid-448520
---ebpf-pid----448784----pid-1
---ebpf-pid----2088----pid-2088
---ebpf-pid----2088----pid-1
---ebpf-pid----2088----pid-2088
---ebpf-pid----2088----pid-1
---ebpf-pid----2088----pid-2088
---ebpf-pid----2088----pid-1
---ebpf-pid----2088----pid-2088
---ebpf-pid----2088----pid-1
---ebpf-pid----2088----pid-2088
---ebpf-pid----2088----pid-1
---ebpf-pid----2088----pid-2088
---ebpf-pid----2088----pid-1
---ebpf-pid----2088----pid-2088
---ebpf-pid----377755----pid-377755
---ebpf-pid----2088----pid-1
---ebpf-pid----2088----pid-2088
---ebpf-pid----377755----pid-1
---ebpf-pid----2088----pid-1
---ebpf-pid----448782----pid-448782
---ebpf-pid----2088----pid-2088
---ebpf-pid----448782----pid-448520
---ebpf-pid----2088----pid-1
---ebpf-pid----2088----pid-2088
---ebpf-pid----448782----pid-1
---ebpf-pid----2088----pid-1
---ebpf-pid----1856----pid-1856
---ebpf-pid----2088----pid-2088
---ebpf-pid----1856----pid-1
---ebpf-pid----2088----pid-1
---ebpf-pid----7313----pid-7313
---ebpf-pid----2088----pid-2088
---ebpf-pid----7313----pid-1
---ebpf-pid----2088----pid-1
---ebpf-pid----448783----pid-448783
---ebpf-pid----2088----pid-2088
---ebpf-pid----2088----pid-1
---ebpf-pid----448783----pid-448520
---ebpf-pid----2088----pid-2088
---ebpf-pid----448783----pid-1
---ebpf-pid----2088----pid-1
---ebpf-pid----448783----pid-448783
---ebpf-pid----2088----pid-2088
---ebpf-pid----448783----pid-448520
---ebpf-pid----2088----pid-1
---ebpf-pid----2088----pid-2088
---ebpf-pid----2088----pid-1
---ebpf-pid----2088----pid-2088
---ebpf-pid----2088----pid-1
---ebpf-pid----2088----pid-2088
---ebpf-pid----2088----pid-1
---ebpf-pid----2088----pid-2088
---ebpf-pid----2088----pid-1
---ebpf-pid----2088----pid-2088
---ebpf-pid----2088----pid-1
---ebpf-pid----2088----pid-2088
---ebpf-pid----2088----pid-1
---ebpf-pid----2088----pid-2088
---ebpf-pid----2088----pid-1
---ebpf-pid----2088----pid-2088
---ebpf-pid----2094----pid-1
---ebpf-pid----2094----pid-2094
---ebpf-pid----2094----pid-1
---ebpf-pid----2094----pid-2094
---ebpf-pid----2094----pid-1
---ebpf-pid----2094----pid-2094
---ebpf-pid----2094----pid-1
---ebpf-pid----2094----pid-2094
---ebpf-pid----2094----pid-1
---ebpf-pid----2094----pid-2094
---ebpf-pid----2094----pid-1
---ebpf-pid----2094----pid-2094
---ebpf-pid----2094----pid-1
---ebpf-pid----2094----pid-2094
---ebpf-pid----2094----pid-1
---ebpf-pid----2094----pid-2094
---ebpf-pid----2094----pid-1
---ebpf-pid----2094----pid-2094
---ebpf-pid----372881----pid-372881
---ebpf-pid----2094----pid-1
---ebpf-pid----2094----pid-2094
---ebpf-pid----372881----pid-1
---ebpf-pid----372881----pid-372881
---ebpf-pid----2094----pid-1
---ebpf-pid----2094----pid-2094
---ebpf-pid----372881----pid-1
---ebpf-pid----372881----pid-372881
---ebpf-pid----2094----pid-1
---ebpf-pid----2094----pid-2094
---ebpf-pid----372881----pid-1
---ebpf-pid----372881----pid-372881
---ebpf-pid----2094----pid-1
---ebpf-pid----2094----pid-2094
---ebpf-pid----372881----pid-1
---ebpf-pid----372881----pid-372881
---ebpf-pid----2094----pid-1
---ebpf-pid----372881----pid-1
---ebpf-pid----2094----pid-2094
---ebpf-pid----372881----pid-372881
---ebpf-pid----2094----pid-1
---ebpf-pid----372881----pid-1
---ebpf-pid----2094----pid-2094
---ebpf-pid----372881----pid-372881
---ebpf-pid----2094----pid-1
---ebpf-pid----372881----pid-1
---ebpf-pid----372881----pid-372881
---ebpf-pid----2094----pid-2094
---ebpf-pid----372881----pid-1
---ebpf-pid----2094----pid-1
---ebpf-pid----372881----pid-372881
---ebpf-pid----2094----pid-2094
---ebpf-pid----372881----pid-1
---ebpf-pid----2094----pid-1
---ebpf-pid----448783----pid-1
---ebpf-pid----372881----pid-372881
---ebpf-pid----2094----pid-2094
---ebpf-pid----448783----pid-448783
---ebpf-pid----2094----pid-1
---ebpf-pid----372881----pid-1
---ebpf-pid----448783----pid-448520
---ebpf-pid----2094----pid-2094
---ebpf-pid----372881----pid-372881
---ebpf-pid----2094----pid-1
---ebpf-pid----448783----pid-1
---ebpf-pid----372881----pid-1
---ebpf-pid----448783----pid-448783
---ebpf-pid----448783----pid-448520
---ebpf-pid----448783----pid-1
---ebpf-pid----372714----pid-372714
---ebpf-pid----372714----pid-5476
---ebpf-pid----372714----pid-1
---ebpf-pid----372714----pid-372714
---ebpf-pid----372714----pid-5476
---ebpf-pid----372714----pid-1
---ebpf-pid----448783----pid-448783
---ebpf-pid----448783----pid-448520
---ebpf-pid----448783----pid-1
---ebpf-pid----448783----pid-448783
---ebpf-pid----448783----pid-448520
---ebpf-pid----448783----pid-1
---ebpf-pid----448783----pid-448783
---ebpf-pid----372881----pid-372881
---ebpf-pid----448783----pid-448520
---ebpf-pid----372881----pid-1
---ebpf-pid----448783----pid-1
---ebpf-pid----372881----pid-372881
---ebpf-pid----7313----pid-7313
---ebpf-pid----372881----pid-1
---ebpf-pid----7313----pid-1
---ebpf-pid----372881----pid-372881
---ebpf-pid----448783----pid-448783
---ebpf-pid----448783----pid-448520
---ebpf-pid----372881----pid-1
---ebpf-pid----372881----pid-372881
---ebpf-pid----448783----pid-1
---ebpf-pid----448785----pid-448785
---ebpf-pid----372881----pid-1
---ebpf-pid----372881----pid-372881
---ebpf-pid----448785----pid-448520
---ebpf-pid----372881----pid-1
---ebpf-pid----372881----pid-372881
---ebpf-pid----448785----pid-1
---ebpf-pid----448783----pid-448783
---ebpf-pid----372881----pid-1
---ebpf-pid----2088----pid-1
---ebpf-pid----448783----pid-448520
---ebpf-pid----2088----pid-2088
---ebpf-pid----448783----pid-1
---ebpf-pid----448785----pid-448785
---ebpf-pid----2088----pid-1
---ebpf-pid----2088----pid-2088
---ebpf-pid----448785----pid-448520
---ebpf-pid----2088----pid-1
---ebpf-pid----448785----pid-1
---ebpf-pid----2088----pid-2088
---ebpf-pid----2088----pid-2088
---ebpf-pid----2088----pid-1
---ebpf-pid----2088----pid-1
---ebpf-pid----2088----pid-2088
---ebpf-pid----2088----pid-2088
---ebpf-pid----2094----pid-2094
---ebpf-pid----2094----pid-1
---ebpf-pid----2094----pid-2094
---ebpf-pid----2094----pid-1
---ebpf-pid----2094----pid-2094
---ebpf-pid----2094----pid-1
---ebpf-pid----2094----pid-2094
---ebpf-pid----2094----pid-1
---ebpf-pid----2094----pid-2094
---ebpf-pid----2094----pid-1
---ebpf-pid----2094----pid-2094
---ebpf-pid----2094----pid-1
---ebpf-pid----2094----pid-2094
---ebpf-pid----372881----pid-372881
---ebpf-pid----2094----pid-1
---ebpf-pid----372881----pid-1
---ebpf-pid----2094----pid-2094
---ebpf-pid----372881----pid-372881
---ebpf-pid----372881----pid-1
---ebpf-pid----372881----pid-372881
---ebpf-pid----2094----pid-1
---ebpf-pid----2094----pid-2094
---ebpf-pid----372881----pid-1
---ebpf-pid----2094----pid-1
---ebpf-pid----372881----pid-372881
---ebpf-pid----2094----pid-2094
---ebpf-pid----372881----pid-1
---ebpf-pid----2094----pid-1
---ebpf-pid----372881----pid-372881
---ebpf-pid----2094----pid-2094
---ebpf-pid----372881----pid-1
---ebpf-pid----2088----pid-2088
---ebpf-pid----2094----pid-1
---ebpf-pid----2094----pid-2094
---ebpf-pid----2088----pid-1
---ebpf-pid----2088----pid-2088
---ebpf-pid----2094----pid-1
---ebpf-pid----2094----pid-2094
---ebpf-pid----2088----pid-1
---ebpf-pid----2088----pid-2088
---ebpf-pid----2094----pid-1
---ebpf-pid----2088----pid-1
---ebpf-pid----2094----pid-2094
---ebpf-pid----2094----pid-2094
---ebpf-pid----2094----pid-1
---ebpf-pid----2094----pid-1
---ebpf-pid----2094----pid-2094
---ebpf-pid----2094----pid-2094
---ebpf-pid----2094----pid-1
---ebpf-pid----2094----pid-1
---ebpf-pid----2094----pid-2094
---ebpf-pid----2094----pid-2094
---ebpf-pid----2094----pid-1
---ebpf-pid----2094----pid-1
---ebpf-pid----2094----pid-2094
---ebpf-pid----2094----pid-2094
---ebpf-pid----2094----pid-1
---ebpf-pid----2094----pid-1
---ebpf-pid----2094----pid-2094
---ebpf-pid----2088----pid-1
---ebpf-pid----448785----pid-448785
---ebpf-pid----448785----pid-448520
---ebpf-pid----2088----pid-1
---ebpf-pid----2088----pid-2088
---ebpf-pid----2088----pid-1
---ebpf-pid----2088----pid-2088
---ebpf-pid----2088----pid-1
---ebpf-pid----2088----pid-2088
---ebpf-pid----2088----pid-1
---ebpf-pid----2088----pid-2088
---ebpf-pid----2088----pid-1
---ebpf-pid----2088----pid-2088
---ebpf-pid----2088----pid-1
---ebpf-pid----2088----pid-2088
---ebpf-pid----2088----pid-1
---ebpf-pid----2088----pid-2088
---ebpf-pid----2088----pid-1
---ebpf-pid----2088----pid-2088
---ebpf-pid----2088----pid-1
---ebpf-pid----2088----pid-2088
---ebpf-pid----2088----pid-1
---ebpf-pid----2088----pid-2088
---ebpf-pid----2088----pid-1
---ebpf-pid----2088----pid-2088
---ebpf-pid----2088----pid-1
---ebpf-pid----2088----pid-2088
---ebpf-pid----2094----pid-2094
---ebpf-pid----2088----pid-1
---ebpf-pid----2088----pid-2088
---ebpf-pid----2094----pid-1
---ebpf-pid----2089----pid-2089
---ebpf-pid----2088----pid-1
---ebpf-pid----2088----pid-2088
---ebpf-pid----2089----pid-1
---ebpf-pid----2089----pid-2089
---ebpf-pid----2088----pid-1
---ebpf-pid----448785----pid-1
---ebpf-pid----2088----pid-2088
---ebpf-pid----2089----pid-1
---ebpf-pid----2088----pid-2088
---ebpf-pid----2089----pid-2089
---ebpf-pid----2088----pid-1
---ebpf-pid----2088----pid-2088
---ebpf-pid----2088----pid-1
---ebpf-pid----2089----pid-1
---ebpf-pid----5707----pid-5707
---ebpf-pid----2089----pid-2089
---ebpf-pid----2088----pid-1
---ebpf-pid----2089----pid-1
---ebpf-pid----2088----pid-2088
---ebpf-pid----2089----pid-2089
---ebpf-pid----5707----pid-5476
---ebpf-pid----2088----pid-1
---ebpf-pid----2089----pid-1
---ebpf-pid----2094----pid-2094
---ebpf-pid----2089----pid-2089
---ebpf-pid----5707----pid-1
---ebpf-pid----5707----pid-5707
---ebpf-pid----2094----pid-1
---ebpf-pid----2089----pid-1
---ebpf-pid----2094----pid-2094
---ebpf-pid----2089----pid-2089
---ebpf-pid----5707----pid-5476
---ebpf-pid----2094----pid-1
---ebpf-pid----2089----pid-1
---ebpf-pid----5707----pid-1
---ebpf-pid----2094----pid-2094
---ebpf-pid----2089----pid-2089
---ebpf-pid----5707----pid-5707
---ebpf-pid----2094----pid-1
---ebpf-pid----2089----pid-1
---ebpf-pid----5707----pid-5707
---ebpf-pid----2089----pid-2089
---ebpf-pid----5707----pid-5476
---ebpf-pid----2089----pid-1
---ebpf-pid----5707----pid-1
---ebpf-pid----2089----pid-2089
---ebpf-pid----448782----pid-448782
---ebpf-pid----5707----pid-5476
---ebpf-pid----2089----pid-1
---ebpf-pid----2089----pid-2089
---ebpf-pid----2089----pid-1
---ebpf-pid----2094----pid-2094
---ebpf-pid----2094----pid-1
---ebpf-pid----2094----pid-2094
---ebpf-pid----2094----pid-1
---ebpf-pid----2094----pid-2094
---ebpf-pid----2094----pid-1
---ebpf-pid----2094----pid-2094
---ebpf-pid----2094----pid-1
---ebpf-pid----2094----pid-2094
---ebpf-pid----2094----pid-1
---ebpf-pid----2094----pid-2094
---ebpf-pid----2094----pid-1
---ebpf-pid----2094----pid-2094
---ebpf-pid----2094----pid-1
---ebpf-pid----2094----pid-1
---ebpf-pid----2094----pid-2094
---ebpf-pid----2094----pid-2094
---ebpf-pid----2094----pid-1
---ebpf-pid----2094----pid-1
---ebpf-pid----2094----pid-2094
---ebpf-pid----2094----pid-2094
---ebpf-pid----2094----pid-1
---ebpf-pid----2094----pid-1
---ebpf-pid----2094----pid-2094
---ebpf-pid----5705----pid-5705
---ebpf-pid----2094----pid-1
---ebpf-pid----5705----pid-5476
---ebpf-pid----2094----pid-2094
---ebpf-pid----5705----pid-1
---ebpf-pid----2094----pid-1
---ebpf-pid----2094----pid-2094
---ebpf-pid----5705----pid-5705
---ebpf-pid----2094----pid-1
---ebpf-pid----5705----pid-5476
---ebpf-pid----2094----pid-2094
---ebpf-pid----5705----pid-1
---ebpf-pid----2094----pid-1
---ebpf-pid----5705----pid-5705
---ebpf-pid----2094----pid-2094
---ebpf-pid----5705----pid-5476
---ebpf-pid----2094----pid-1
---ebpf-pid----2094----pid-2094
---ebpf-pid----5705----pid-1
---ebpf-pid----5705----pid-5705
---ebpf-pid----2094----pid-1
---ebpf-pid----2094----pid-2094
---ebpf-pid----5705----pid-5476
---ebpf-pid----2094----pid-1
---ebpf-pid----5705----pid-1
---ebpf-pid----2094----pid-2094
---ebpf-pid----5705----pid-5705
---ebpf-pid----5705----pid-5476
---ebpf-pid----2094----pid-1
---ebpf-pid----2094----pid-2094
---ebpf-pid----5705----pid-1
---ebpf-pid----5705----pid-5705
---ebpf-pid----2094----pid-1
---ebpf-pid----2094----pid-2094
---ebpf-pid----5705----pid-5476
---ebpf-pid----2094----pid-1
---ebpf-pid----2094----pid-2094
---ebpf-pid----5705----pid-1
---ebpf-pid----5705----pid-5705
---ebpf-pid----2094----pid-1
---ebpf-pid----2094----pid-2094
---ebpf-pid----5705----pid-5476
---ebpf-pid----2094----pid-1
---ebpf-pid----5705----pid-1
---ebpf-pid----2094----pid-2094
---ebpf-pid----5705----pid-5705
---ebpf-pid----2094----pid-1
---ebpf-pid----5705----pid-5476
---ebpf-pid----2094----pid-2094
---ebpf-pid----5705----pid-1
---ebpf-pid----2094----pid-1
---ebpf-pid----5705----pid-5705
---ebpf-pid----2094----pid-2094
---ebpf-pid----448782----pid-448520
---ebpf-pid----5705----pid-5476
---ebpf-pid----448782----pid-1
---ebpf-pid----5705----pid-1
---ebpf-pid----448783----pid-448783
---ebpf-pid----2094----pid-2094
---ebpf-pid----448783----pid-448520
---ebpf-pid----2094----pid-1
---ebpf-pid----2094----pid-2094
---ebpf-pid----448783----pid-1
---ebpf-pid----5707----pid-5707
---ebpf-pid----2094----pid-1
---ebpf-pid----2094----pid-2094
---ebpf-pid----5707----pid-5476
---ebpf-pid----2094----pid-1
---ebpf-pid----5707----pid-1
---ebpf-pid----2094----pid-2094
---ebpf-pid----5707----pid-5707
---ebpf-pid----2094----pid-1
---ebpf-pid----5707----pid-5476
---ebpf-pid----2094----pid-2094
---ebpf-pid----5707----pid-1
---ebpf-pid----2094----pid-1
---ebpf-pid----5707----pid-5707
---ebpf-pid----2094----pid-2094
---ebpf-pid----5707----pid-5476
---ebpf-pid----2094----pid-1
---ebpf-pid----5707----pid-1
---ebpf-pid----2094----pid-2094
---ebpf-pid----5707----pid-5707
---ebpf-pid----2094----pid-1
---ebpf-pid----5707----pid-5476
---ebpf-pid----2094----pid-2094
---ebpf-pid----5707----pid-1
---ebpf-pid----2094----pid-1
---ebpf-pid----5707----pid-5707
---ebpf-pid----2094----pid-2094
---ebpf-pid----5707----pid-5476
---ebpf-pid----2094----pid-1
---ebpf-pid----2094----pid-2094
---ebpf-pid----5707----pid-1
---ebpf-pid----5707----pid-5707
---ebpf-pid----2094----pid-1
---ebpf-pid----2094----pid-2094
---ebpf-pid----5707----pid-5476
---ebpf-pid----2094----pid-1
---ebpf-pid----5707----pid-1
---ebpf-pid----2094----pid-2094
---ebpf-pid----5707----pid-5707
---ebpf-pid----2094----pid-1
---ebpf-pid----5707----pid-5476
---ebpf-pid----5707----pid-1
---ebpf-pid----5707----pid-5707
---ebpf-pid----2094----pid-2094
---ebpf-pid----5707----pid-5476
---ebpf-pid----2094----pid-1
---ebpf-pid----2094----pid-2094
---ebpf-pid----5707----pid-1
---ebpf-pid----5707----pid-5707
---ebpf-pid----2094----pid-1
---ebpf-pid----2094----pid-2094
---ebpf-pid----5707----pid-5476
---ebpf-pid----2094----pid-1
---ebpf-pid----5707----pid-1
---ebpf-pid----2094----pid-2094
---ebpf-pid----2029----pid-2029
---ebpf-pid----2094----pid-1
---ebpf-pid----2029----pid-1
---ebpf-pid----2094----pid-2094
---ebpf-pid----5637----pid-5637
---ebpf-pid----2094----pid-1
---ebpf-pid----5637----pid-1
---ebpf-pid----5707----pid-5707
---ebpf-pid----2094----pid-2094
---ebpf-pid----2094----pid-1
---ebpf-pid----2094----pid-1
---ebpf-pid----2089----pid-2089
---ebpf-pid----2094----pid-2094
---ebpf-pid----2089----pid-1
---ebpf-pid----2094----pid-1
---ebpf-pid----2089----pid-2089
---ebpf-pid----2094----pid-2094
---ebpf-pid----2089----pid-1
---ebpf-pid----2094----pid-1
---ebpf-pid----2089----pid-2089
---ebpf-pid----2094----pid-2094
---ebpf-pid----2089----pid-1
---ebpf-pid----2094----pid-1
---ebpf-pid----2089----pid-2089
---ebpf-pid----2094----pid-2094
---ebpf-pid----2089----pid-1
---ebpf-pid----2094----pid-1
---ebpf-pid----2089----pid-2089
---ebpf-pid----2094----pid-2094
---ebpf-pid----2089----pid-1
---ebpf-pid----2089----pid-2089
---ebpf-pid----2094----pid-1
---ebpf-pid----2094----pid-2094
---ebpf-pid----2089----pid-1
---ebpf-pid----2089----pid-2089
---ebpf-pid----2089----pid-1
---ebpf-pid----2094----pid-1
---ebpf-pid----2089----pid-2089
---ebpf-pid----2094----pid-2094
---ebpf-pid----2089----pid-1
---ebpf-pid----2089----pid-2089
---ebpf-pid----2094----pid-1
---ebpf-pid----2094----pid-2094
---ebpf-pid----2089----pid-1
---ebpf-pid----2089----pid-2089
---ebpf-pid----2094----pid-1
---ebpf-pid----2089----pid-1
---ebpf-pid----2089----pid-2089
---ebpf-pid----2089----pid-1
---ebpf-pid----2089----pid-2089
---ebpf-pid----5707----pid-5476
---ebpf-pid----5707----pid-1
---ebpf-pid----2089----pid-1
---ebpf-pid----2089----pid-2089
---ebpf-pid----5707----pid-5707
---ebpf-pid----5707----pid-1
---ebpf-pid----2089----pid-1
---ebpf-pid----5707----pid-5707
---ebpf-pid----2089----pid-2089
---ebpf-pid----5707----pid-5476
---ebpf-pid----2089----pid-1
---ebpf-pid----5707----pid-5476
---ebpf-pid----5707----pid-1
---ebpf-pid----2089----pid-2089
---ebpf-pid----5707----pid-5707
---ebpf-pid----5707----pid-1
---ebpf-pid----5707----pid-5707
---ebpf-pid----5707----pid-5476
---ebpf-pid----5707----pid-5476
---ebpf-pid----5707----pid-1
---ebpf-pid----5707----pid-5707
---ebpf-pid----5707----pid-1
---ebpf-pid----5707----pid-5707
---ebpf-pid----5707----pid-5476
---ebpf-pid----5707----pid-5476
---ebpf-pid----5707----pid-1
---ebpf-pid----5707----pid-5707
---ebpf-pid----5707----pid-1
---ebpf-pid----5707----pid-5707
---ebpf-pid----5707----pid-5476
---ebpf-pid----5707----pid-5476
---ebpf-pid----5707----pid-1
---ebpf-pid----5707----pid-1
---ebpf-pid----5707----pid-5707
---ebpf-pid----448783----pid-448783
---ebpf-pid----5707----pid-5476
---ebpf-pid----448783----pid-448520
---ebpf-pid----5707----pid-1
---ebpf-pid----448783----pid-1
---ebpf-pid----5707----pid-5707
---ebpf-pid----377755----pid-377755
---ebpf-pid----5707----pid-5476
---ebpf-pid----377755----pid-1
---ebpf-pid----377755----pid-377755
---ebpf-pid----5707----pid-1
---ebpf-pid----5707----pid-5707
---ebpf-pid----377755----pid-1
---ebpf-pid----448783----pid-448783
---ebpf-pid----5707----pid-5476
---ebpf-pid----448783----pid-448520
---ebpf-pid----5707----pid-1
---ebpf-pid----448783----pid-1
---ebpf-pid----5707----pid-5707
---ebpf-pid----379067----pid-379067
---ebpf-pid----5707----pid-5476
---ebpf-pid----379067----pid-5476
---ebpf-pid----5707----pid-1
---ebpf-pid----379067----pid-1
---ebpf-pid----5707----pid-5707
---ebpf-pid----379067----pid-379067
---ebpf-pid----5707----pid-5476
---ebpf-pid----379067----pid-5476
---ebpf-pid----5707----pid-1
---ebpf-pid----379067----pid-1
---ebpf-pid----379067----pid-379067
---ebpf-pid----5707----pid-5707
---ebpf-pid----379067----pid-5476
---ebpf-pid----5707----pid-5476
---ebpf-pid----5707----pid-1
---ebpf-pid----5707----pid-5707
---ebpf-pid----5707----pid-5476
---ebpf-pid----2094----pid-2094
---ebpf-pid----5707----pid-1
---ebpf-pid----5707----pid-5707
---ebpf-pid----2094----pid-1
---ebpf-pid----5707----pid-5476
---ebpf-pid----2094----pid-2094
---ebpf-pid----5707----pid-1
---ebpf-pid----2094----pid-1
---ebpf-pid----5707----pid-5707
---ebpf-pid----2094----pid-2094
---ebpf-pid----5707----pid-5476
---ebpf-pid----2094----pid-1
---ebpf-pid----2094----pid-2094
---ebpf-pid----5707----pid-1
---ebpf-pid----5707----pid-5707
---ebpf-pid----2094----pid-1
---ebpf-pid----2094----pid-2094
---ebpf-pid----5707----pid-5476
---ebpf-pid----2094----pid-1
---ebpf-pid----5707----pid-1
---ebpf-pid----5707----pid-5707
---ebpf-pid----5707----pid-5476
---ebpf-pid----2094----pid-2094
---ebpf-pid----5707----pid-1
---ebpf-pid----5707----pid-5707
---ebpf-pid----2094----pid-1
---ebpf-pid----2094----pid-2094
---ebpf-pid----5707----pid-5476
---ebpf-pid----2094----pid-1
---ebpf-pid----5707----pid-1
---ebpf-pid----2094----pid-2094
---ebpf-pid----5707----pid-5707
---ebpf-pid----2094----pid-1
---ebpf-pid----2094----pid-2094
---ebpf-pid----5707----pid-5476
---ebpf-pid----2094----pid-1
---ebpf-pid----5707----pid-1
---ebpf-pid----2094----pid-2094
---ebpf-pid----5707----pid-5707
---ebpf-pid----2094----pid-1
---ebpf-pid----2094----pid-2094
---ebpf-pid----5707----pid-5476
---ebpf-pid----2094----pid-1
---ebpf-pid----5707----pid-1
---ebpf-pid----2094----pid-2094
---ebpf-pid----379067----pid-379067
---ebpf-pid----2094----pid-1
---ebpf-pid----379067----pid-5476
---ebpf-pid----379067----pid-1
---ebpf-pid----379067----pid-379067
---ebpf-pid----379067----pid-5476
---ebpf-pid----379067----pid-1
---ebpf-pid----379067----pid-379067
---ebpf-pid----379067----pid-5476
---ebpf-pid----379067----pid-1
---ebpf-pid----8459----pid-8459
---ebpf-pid----8459----pid-7749
---ebpf-pid----379067----pid-1
---ebpf-pid----8459----pid-1
---ebpf-pid----8459----pid-8459
---ebpf-pid----2094----pid-2094
---ebpf-pid----8459----pid-7749
---ebpf-pid----2089----pid-1
---ebpf-pid----2089----pid-2089
---ebpf-pid----8459----pid-1
---ebpf-pid----2089----pid-1
---ebpf-pid----372881----pid-372881
---ebpf-pid----2089----pid-2089
---ebpf-pid----372881----pid-1
---ebpf-pid----2089----pid-1
---ebpf-pid----372881----pid-372881
---ebpf-pid----2089----pid-2089
---ebpf-pid----372881----pid-1
---ebpf-pid----2089----pid-1
---ebpf-pid----372881----pid-372881
---ebpf-pid----2029----pid-2029
---ebpf-pid----2029----pid-1
---ebpf-pid----372881----pid-1
---ebpf-pid----2029----pid-2029
---ebpf-pid----372881----pid-372881
---ebpf-pid----2029----pid-1
---ebpf-pid----372881----pid-1
---ebpf-pid----2094----pid-1
---ebpf-pid----2029----pid-2029
---ebpf-pid----372881----pid-372881
---ebpf-pid----2094----pid-2094
---ebpf-pid----2029----pid-1
---ebpf-pid----372881----pid-1
---ebpf-pid----2094----pid-1
---ebpf-pid----2029----pid-2029
---ebpf-pid----5705----pid-5705
---ebpf-pid----2094----pid-2094
---ebpf-pid----2029----pid-1
---ebpf-pid----5705----pid-5476
---ebpf-pid----2094----pid-1
---ebpf-pid----2029----pid-2029
---ebpf-pid----2094----pid-2094
---ebpf-pid----2029----pid-1
---ebpf-pid----2029----pid-2029
---ebpf-pid----2094----pid-1
---ebpf-pid----2029----pid-1
---ebpf-pid----2094----pid-2094
---ebpf-pid----2029----pid-2029
---ebpf-pid----2094----pid-1
---ebpf-pid----2094----pid-2094
---ebpf-pid----2029----pid-1
---ebpf-pid----2029----pid-2029
---ebpf-pid----2094----pid-1
---ebpf-pid----2094----pid-2094
---ebpf-pid----2029----pid-1
---ebpf-pid----2029----pid-2029
---ebpf-pid----2094----pid-1
---ebpf-pid----5705----pid-1
---ebpf-pid----2029----pid-1
---ebpf-pid----2094----pid-2094
---ebpf-pid----5705----pid-5705
---ebpf-pid----2029----pid-2029
---ebpf-pid----2094----pid-1
---ebpf-pid----5705----pid-5476
---ebpf-pid----2029----pid-1
---ebpf-pid----2094----pid-2094
---ebpf-pid----2029----pid-2029
---ebpf-pid----5705----pid-1
---ebpf-pid----2094----pid-1
---ebpf-pid----5705----pid-5705
---ebpf-pid----2029----pid-1
---ebpf-pid----2094----pid-2094
---ebpf-pid----2029----pid-2029
---ebpf-pid----5705----pid-5476
---ebpf-pid----2094----pid-1
---ebpf-pid----2094----pid-2094
---ebpf-pid----5705----pid-1
---ebpf-pid----2029----pid-1
---ebpf-pid----372881----pid-372881
---ebpf-pid----2029----pid-2029
---ebpf-pid----2094----pid-1
---ebpf-pid----2094----pid-2094
---ebpf-pid----372881----pid-1
---ebpf-pid----2029----pid-1
---ebpf-pid----372881----pid-372881
---ebpf-pid----2029----pid-2029
---ebpf-pid----2094----pid-1
---ebpf-pid----2094----pid-2094
---ebpf-pid----372881----pid-1
---ebpf-pid----2029----pid-1
---ebpf-pid----5705----pid-5705
---ebpf-pid----2029----pid-2029
---ebpf-pid----2094----pid-1
---ebpf-pid----2094----pid-2094
---ebpf-pid----5705----pid-5476
---ebpf-pid----2029----pid-1
---ebpf-pid----2029----pid-2029
---ebpf-pid----5705----pid-1
---ebpf-pid----2094----pid-1
---ebpf-pid----5705----pid-5705
---ebpf-pid----2094----pid-2094
---ebpf-pid----2029----pid-1
---ebpf-pid----2029----pid-2029
---ebpf-pid----5705----pid-5476
---ebpf-pid----2094----pid-1
---ebpf-pid----2094----pid-2094
---ebpf-pid----2029----pid-1
---ebpf-pid----5705----pid-1
---ebpf-pid----2029----pid-2029
---ebpf-pid----5705----pid-5705
---ebpf-pid----2094----pid-1
---ebpf-pid----2094----pid-2094
---ebpf-pid----2029----pid-1
---ebpf-pid----2029----pid-2029
---ebpf-pid----5705----pid-5476
---ebpf-pid----2029----pid-1
---ebpf-pid----2029----pid-2029
---ebpf-pid----5705----pid-1
---ebpf-pid----2029----pid-1
---ebpf-pid----5705----pid-5705
---ebpf-pid----2029----pid-2029
---ebpf-pid----5705----pid-5476
---ebpf-pid----2029----pid-1
---ebpf-pid----2029----pid-2029
---ebpf-pid----5705----pid-1
---ebpf-pid----5705----pid-5705
---ebpf-pid----2029----pid-1
---ebpf-pid----2029----pid-2029
---ebpf-pid----2029----pid-1
---ebpf-pid----2029----pid-2029
---ebpf-pid----5705----pid-5476
---ebpf-pid----2029----pid-1
---ebpf-pid----448783----pid-448783
---ebpf-pid----448783----pid-448520
---ebpf-pid----448783----pid-1
---ebpf-pid----379067----pid-379067
---ebpf-pid----379067----pid-5476
---ebpf-pid----379067----pid-1
---ebpf-pid----379067----pid-379067
---ebpf-pid----379067----pid-5476
---ebpf-pid----379067----pid-1
---ebpf-pid----448783----pid-448783
---ebpf-pid----448783----pid-448520
---ebpf-pid----448783----pid-1
---ebpf-pid----2029----pid-2029
---ebpf-pid----2029----pid-1
---ebpf-pid----2029----pid-2029
---ebpf-pid----2029----pid-1
---ebpf-pid----2029----pid-2029
---ebpf-pid----2029----pid-1
---ebpf-pid----2029----pid-2029
---ebpf-pid----2029----pid-1
---ebpf-pid----2029----pid-2029
---ebpf-pid----2029----pid-1
---ebpf-pid----2029----pid-2029
---ebpf-pid----2029----pid-1
---ebpf-pid----2029----pid-2029
---ebpf-pid----2029----pid-1
---ebpf-pid----2029----pid-2029
---ebpf-pid----2029----pid-1
---ebpf-pid----2029----pid-2029
---ebpf-pid----2029----pid-1
---ebpf-pid----2029----pid-2029
---ebpf-pid----2029----pid-1
---ebpf-pid----2029----pid-2029
---ebpf-pid----2029----pid-1
---ebpf-pid----2029----pid-2029
---ebpf-pid----2029----pid-1
---ebpf-pid----2029----pid-2029
---ebpf-pid----2029----pid-1
---ebpf-pid----2029----pid-2029
---ebpf-pid----2029----pid-1
---ebpf-pid----2029----pid-2029
---ebpf-pid----2029----pid-1
---ebpf-pid----2029----pid-2029
---ebpf-pid----2029----pid-2029
---ebpf-pid----2029----pid-1
---ebpf-pid----2029----pid-2029
---ebpf-pid----2029----pid-1
---ebpf-pid----2029----pid-2029
---ebpf-pid----2029----pid-1
---ebpf-pid----2029----pid-2029
---ebpf-pid----2029----pid-1
---ebpf-pid----2089----pid-2089
---ebpf-pid----2089----pid-1
---ebpf-pid----2089----pid-2089
---ebpf-pid----2089----pid-1
---ebpf-pid----2089----pid-2089
---ebpf-pid----2089----pid-1
---ebpf-pid----2089----pid-2089
---ebpf-pid----2089----pid-1
---ebpf-pid----2089----pid-2089
---ebpf-pid----2089----pid-1
---ebpf-pid----2089----pid-2089
---ebpf-pid----2089----pid-1
---ebpf-pid----2089----pid-2089
---ebpf-pid----2089----pid-1
---ebpf-pid----2089----pid-2089
---ebpf-pid----2089----pid-1
---ebpf-pid----2089----pid-2089
---ebpf-pid----2089----pid-1
---ebpf-pid----2089----pid-2089
---ebpf-pid----2089----pid-1
---ebpf-pid----2089----pid-2089
---ebpf-pid----2089----pid-1
---ebpf-pid----2089----pid-2089
---ebpf-pid----2089----pid-1
---ebpf-pid----2089----pid-2089
---ebpf-pid----2089----pid-1
---ebpf-pid----2089----pid-2089
---ebpf-pid----2089----pid-1
---ebpf-pid----2089----pid-2089
---ebpf-pid----2089----pid-1
---ebpf-pid----2089----pid-2089
---ebpf-pid----2089----pid-1
---ebpf-pid----2089----pid-2089
---ebpf-pid----2089----pid-1
---ebpf-pid----2089----pid-2089
---ebpf-pid----2089----pid-1
---ebpf-pid----2029----pid-1
---ebpf-pid----2089----pid-2089
---ebpf-pid----2029----pid-2029
---ebpf-pid----5705----pid-1
---ebpf-pid----5705----pid-5705
---ebpf-pid----2029----pid-1
---ebpf-pid----2029----pid-2029
---ebpf-pid----5705----pid-5476
---ebpf-pid----2029----pid-1
---ebpf-pid----2029----pid-2029
---ebpf-pid----5705----pid-1
---ebpf-pid----5705----pid-5705
---ebpf-pid----2029----pid-1
---ebpf-pid----2029----pid-2029
---ebpf-pid----5705----pid-5476
---ebpf-pid----2029----pid-1
---ebpf-pid----5705----pid-1
---ebpf-pid----2029----pid-2029
---ebpf-pid----5705----pid-5705
---ebpf-pid----2029----pid-1
---ebpf-pid----5705----pid-5476
---ebpf-pid----2029----pid-2029
---ebpf-pid----5705----pid-1
---ebpf-pid----2029----pid-1
---ebpf-pid----5705----pid-5705
---ebpf-pid----2029----pid-2029
---ebpf-pid----5705----pid-5476
---ebpf-pid----2029----pid-1
---ebpf-pid----2029----pid-2029
---ebpf-pid----5705----pid-1
---ebpf-pid----5705----pid-5705
---ebpf-pid----2029----pid-1
---ebpf-pid----2029----pid-2029
---ebpf-pid----5705----pid-5476
---ebpf-pid----2029----pid-1
---ebpf-pid----2029----pid-2029
---ebpf-pid----5705----pid-1
---ebpf-pid----5705----pid-5705
---ebpf-pid----2029----pid-1
---ebpf-pid----379067----pid-379067
---ebpf-pid----5705----pid-5476
---ebpf-pid----5705----pid-1
---ebpf-pid----5705----pid-5705
---ebpf-pid----5705----pid-5476
---ebpf-pid----5705----pid-1
---ebpf-pid----5705----pid-5705
---ebpf-pid----5705----pid-5476
---ebpf-pid----5705----pid-1
---ebpf-pid----5705----pid-5705
---ebpf-pid----5705----pid-5476
---ebpf-pid----5705----pid-1
---ebpf-pid----5705----pid-5705
---ebpf-pid----5705----pid-5476
---ebpf-pid----5705----pid-1
---ebpf-pid----5705----pid-5705
---ebpf-pid----5705----pid-5476
---ebpf-pid----5705----pid-1
---ebpf-pid----379067----pid-5476
---ebpf-pid----372881----pid-372881
---ebpf-pid----379067----pid-1
---ebpf-pid----379067----pid-379067
---ebpf-pid----372881----pid-1
---ebpf-pid----372881----pid-372881
---ebpf-pid----379067----pid-5476
---ebpf-pid----372881----pid-1
---ebpf-pid----379067----pid-1
---ebpf-pid----372881----pid-372881
---ebpf-pid----379067----pid-379067
---ebpf-pid----372881----pid-1
---ebpf-pid----379067----pid-5476
---ebpf-pid----372881----pid-372881
---ebpf-pid----2094----pid-1
---ebpf-pid----2094----pid-2094
---ebpf-pid----2094----pid-1
---ebpf-pid----2094----pid-2094
---ebpf-pid----379067----pid-1
---ebpf-pid----2094----pid-1
---ebpf-pid----2094----pid-2094
---ebpf-pid----2094----pid-1
---ebpf-pid----2094----pid-2094
---ebpf-pid----2094----pid-1
---ebpf-pid----2094----pid-2094
---ebpf-pid----2094----pid-1
---ebpf-pid----2094----pid-2094
---ebpf-pid----2094----pid-1
---ebpf-pid----2094----pid-2094
---ebpf-pid----2029----pid-2029
---ebpf-pid----2094----pid-1
---ebpf-pid----2094----pid-2094
---ebpf-pid----2094----pid-1
---ebpf-pid----2094----pid-2094
---ebpf-pid----2094----pid-1
---ebpf-pid----2094----pid-2094
---ebpf-pid----2094----pid-1
---ebpf-pid----2094----pid-2094
---ebpf-pid----2029----pid-1
---ebpf-pid----2094----pid-1
---ebpf-pid----2094----pid-2094
---ebpf-pid----2094----pid-1
---ebpf-pid----2094----pid-2094
---ebpf-pid----2029----pid-2029
---ebpf-pid----2029----pid-1
---ebpf-pid----2029----pid-2029
---ebpf-pid----2029----pid-1
---ebpf-pid----2029----pid-2029
---ebpf-pid----2029----pid-1
---ebpf-pid----2029----pid-2029
---ebpf-pid----372881----pid-1
---ebpf-pid----372881----pid-372881
---ebpf-pid----2029----pid-1
---ebpf-pid----372881----pid-1
---ebpf-pid----2029----pid-2029
---ebpf-pid----372881----pid-372881
---ebpf-pid----2029----pid-1
---ebpf-pid----2029----pid-2029
---ebpf-pid----2029----pid-1
---ebpf-pid----2029----pid-2029
---ebpf-pid----2029----pid-1
---ebpf-pid----2029----pid-2029
---ebpf-pid----2089----pid-1
---ebpf-pid----2089----pid-2089
---ebpf-pid----2029----pid-1
---ebpf-pid----5707----pid-5707
---ebpf-pid----2089----pid-1
---ebpf-pid----2089----pid-2089
---ebpf-pid----2089----pid-1
---ebpf-pid----2089----pid-2089
---ebpf-pid----5707----pid-5476
---ebpf-pid----2089----pid-1
---ebpf-pid----5707----pid-1
---ebpf-pid----2029----pid-2029
---ebpf-pid----2089----pid-2089
---ebpf-pid----2029----pid-1
---ebpf-pid----2029----pid-2029
---ebpf-pid----2029----pid-1
---ebpf-pid----2029----pid-2029
---ebpf-pid----2029----pid-1
---ebpf-pid----2029----pid-2029
---ebpf-pid----2029----pid-1
---ebpf-pid----2029----pid-2029
---ebpf-pid----2089----pid-1
---ebpf-pid----2029----pid-1
---ebpf-pid----372881----pid-1
---ebpf-pid----2029----pid-2029
---ebpf-pid----372881----pid-372881
---ebpf-pid----2029----pid-1
---ebpf-pid----372881----pid-1
---ebpf-pid----2029----pid-2029
---ebpf-pid----372881----pid-372881
---ebpf-pid----2029----pid-1
---ebpf-pid----2029----pid-2029
---ebpf-pid----372881----pid-1
---ebpf-pid----372881----pid-372881
---ebpf-pid----2029----pid-1
---ebpf-pid----2029----pid-2029
---ebpf-pid----372881----pid-1
---ebpf-pid----372881----pid-372881
---ebpf-pid----2029----pid-1
---ebpf-pid----2029----pid-2029
---ebpf-pid----372881----pid-1
---ebpf-pid----2029----pid-1
---ebpf-pid----372881----pid-372881
---ebpf-pid----2094----pid-2094
---ebpf-pid----2094----pid-1
---ebpf-pid----372881----pid-1
---ebpf-pid----2094----pid-1
---ebpf-pid----2094----pid-2094
---ebpf-pid----372881----pid-372881
---ebpf-pid----448783----pid-448783
---ebpf-pid----2094----pid-1
---ebpf-pid----372881----pid-1
---ebpf-pid----2094----pid-2094
---ebpf-pid----448783----pid-448520
---ebpf-pid----372881----pid-372881
---ebpf-pid----2094----pid-1
---ebpf-pid----448783----pid-1
---ebpf-pid----372881----pid-1
---ebpf-pid----2094----pid-2094
---ebpf-pid----2010----pid-2010
---ebpf-pid----372881----pid-372881
---ebpf-pid----2094----pid-1
---ebpf-pid----2010----pid-1
---ebpf-pid----2094----pid-2094
---ebpf-pid----2089----pid-2089
---ebpf-pid----2010----pid-2010
---ebpf-pid----2094----pid-1
---ebpf-pid----2089----pid-1
---ebpf-pid----2010----pid-1
---ebpf-pid----2094----pid-2094
---ebpf-pid----2089----pid-2089
---ebpf-pid----5703----pid-5703
---ebpf-pid----2089----pid-1
---ebpf-pid----2094----pid-1
---ebpf-pid----5703----pid-5476
---ebpf-pid----2089----pid-2089
---ebpf-pid----2094----pid-2094
---ebpf-pid----5703----pid-1
---ebpf-pid----2089----pid-1
---ebpf-pid----2094----pid-1
---ebpf-pid----7313----pid-7313
---ebpf-pid----2089----pid-2089
---ebpf-pid----2094----pid-2094
---ebpf-pid----7313----pid-1
---ebpf-pid----2094----pid-1
---ebpf-pid----2089----pid-1
---ebpf-pid----5705----pid-5705
---ebpf-pid----2089----pid-2089
---ebpf-pid----372881----pid-1
---ebpf-pid----372881----pid-372881
---ebpf-pid----2089----pid-1
---ebpf-pid----2089----pid-2089
---ebpf-pid----372881----pid-1
---ebpf-pid----372881----pid-372881
---ebpf-pid----2089----pid-1
---ebpf-pid----372881----pid-1
---ebpf-pid----2089----pid-2089
---ebpf-pid----372881----pid-372881
---ebpf-pid----2089----pid-1
---ebpf-pid----2089----pid-2089
---ebpf-pid----372881----pid-1
---ebpf-pid----372881----pid-372881
---ebpf-pid----2089----pid-1
---ebpf-pid----2089----pid-2089
---ebpf-pid----372881----pid-1
---ebpf-pid----372881----pid-372881
---ebpf-pid----2089----pid-1
---ebpf-pid----372881----pid-1
---ebpf-pid----2089----pid-2089
---ebpf-pid----372881----pid-372881
---ebpf-pid----2089----pid-1
---ebpf-pid----372881----pid-1
---ebpf-pid----2089----pid-2089
---ebpf-pid----372881----pid-372881
---ebpf-pid----2089----pid-1
---ebpf-pid----372881----pid-1
---ebpf-pid----2089----pid-2089
---ebpf-pid----372881----pid-372881
---ebpf-pid----2094----pid-2094
---ebpf-pid----2089----pid-1
---ebpf-pid----2089----pid-2089
---ebpf-pid----2094----pid-1
---ebpf-pid----2094----pid-2094
---ebpf-pid----2089----pid-1
---ebpf-pid----2089----pid-2089
---ebpf-pid----2094----pid-1
---ebpf-pid----2094----pid-2094
---ebpf-pid----2089----pid-1
---ebpf-pid----2089----pid-2089
---ebpf-pid----2094----pid-1
---ebpf-pid----2094----pid-2094
---ebpf-pid----2089----pid-1
---ebpf-pid----2089----pid-2089
---ebpf-pid----2089----pid-1
---ebpf-pid----372881----pid-1
---ebpf-pid----2089----pid-2089
---ebpf-pid----372881----pid-372881
---ebpf-pid----372881----pid-1
---ebpf-pid----2089----pid-1
---ebpf-pid----372881----pid-372881
---ebpf-pid----2089----pid-2089
---ebpf-pid----2089----pid-1
---ebpf-pid----2089----pid-2089
---ebpf-pid----2094----pid-1
---ebpf-pid----2089----pid-1
---ebpf-pid----2089----pid-2089
---ebpf-pid----2089----pid-1
---ebpf-pid----2089----pid-2089
---ebpf-pid----2089----pid-1
---ebpf-pid----2089----pid-2089
---ebpf-pid----2089----pid-1
---ebpf-pid----2089----pid-2089
---ebpf-pid----2089----pid-1
---ebpf-pid----2089----pid-2089
---ebpf-pid----2089----pid-1
---ebpf-pid----2089----pid-2089
---ebpf-pid----2089----pid-1
---ebpf-pid----2089----pid-2089
---ebpf-pid----2089----pid-1
---ebpf-pid----5705----pid-5476
---ebpf-pid----2089----pid-2089
---ebpf-pid----2089----pid-1
---ebpf-pid----5705----pid-1
---ebpf-pid----2089----pid-2089
---ebpf-pid----5705----pid-5705
---ebpf-pid----5705----pid-5476
---ebpf-pid----2089----pid-1
---ebpf-pid----2089----pid-2089
---ebpf-pid----5705----pid-1
---ebpf-pid----5705----pid-5705
---ebpf-pid----2089----pid-1
---ebpf-pid----2089----pid-2089
---ebpf-pid----5705----pid-5476
---ebpf-pid----2089----pid-1
---ebpf-pid----5705----pid-1
---ebpf-pid----2089----pid-2089
---ebpf-pid----5705----pid-5705
---ebpf-pid----2089----pid-1
---ebpf-pid----5705----pid-5476
---ebpf-pid----2089----pid-2089
---ebpf-pid----5705----pid-1
---ebpf-pid----2089----pid-1
---ebpf-pid----5705----pid-5705
---ebpf-pid----2089----pid-2089
---ebpf-pid----5705----pid-5476
---ebpf-pid----2089----pid-1
---ebpf-pid----2089----pid-2089
---ebpf-pid----5705----pid-1
---ebpf-pid----2089----pid-1
---ebpf-pid----5705----pid-5705
---ebpf-pid----373029----pid-373029
---ebpf-pid----373029----pid-5476
---ebpf-pid----5705----pid-5476
---ebpf-pid----373029----pid-1
---ebpf-pid----5705----pid-1
---ebpf-pid----373029----pid-373029
---ebpf-pid----5707----pid-5707
---ebpf-pid----373029----pid-5476
---ebpf-pid----5707----pid-5476
---ebpf-pid----373029----pid-1
---ebpf-pid----5707----pid-1
---ebpf-pid----373029----pid-373029
---ebpf-pid----5707----pid-5707
---ebpf-pid----373029----pid-5476
---ebpf-pid----5707----pid-5476
---ebpf-pid----373029----pid-1
---ebpf-pid----5707----pid-1
---ebpf-pid----373029----pid-373029
---ebpf-pid----1856----pid-1856
---ebpf-pid----373029----pid-5476
---ebpf-pid----1856----pid-1
---ebpf-pid----5707----pid-5707
---ebpf-pid----373029----pid-1
---ebpf-pid----373029----pid-373029
---ebpf-pid----5707----pid-5476
---ebpf-pid----373029----pid-5476
---ebpf-pid----5707----pid-1
---ebpf-pid----373029----pid-1
---ebpf-pid----373029----pid-373029
---ebpf-pid----373029----pid-373029
---ebpf-pid----373029----pid-5476
---ebpf-pid----373029----pid-5476
---ebpf-pid----373029----pid-1
---ebpf-pid----373029----pid-1
---ebpf-pid----373029----pid-373029
---ebpf-pid----373029----pid-373029
---ebpf-pid----373029----pid-5476
---ebpf-pid----373029----pid-5476
---ebpf-pid----373029----pid-1
---ebpf-pid----373029----pid-1
---ebpf-pid----373029----pid-373029
---ebpf-pid----373029----pid-373029
---ebpf-pid----373029----pid-5476
---ebpf-pid----373029----pid-5476
---ebpf-pid----373029----pid-1
---ebpf-pid----5705----pid-5705
---ebpf-pid----373029----pid-1
---ebpf-pid----373029----pid-373029
---ebpf-pid----5705----pid-5476
---ebpf-pid----373029----pid-5476
---ebpf-pid----5705----pid-1
---ebpf-pid----373029----pid-1
---ebpf-pid----5707----pid-5707
---ebpf-pid----373029----pid-373029
---ebpf-pid----5707----pid-5476
---ebpf-pid----373029----pid-5476
---ebpf-pid----5707----pid-1
---ebpf-pid----373029----pid-1
---ebpf-pid----5705----pid-5705
---ebpf-pid----373029----pid-373029
---ebpf-pid----5705----pid-5476
---ebpf-pid----373029----pid-5476
---ebpf-pid----5705----pid-1
---ebpf-pid----373029----pid-1
---ebpf-pid----5705----pid-5705
---ebpf-pid----373029----pid-373029
---ebpf-pid----5705----pid-5476
---ebpf-pid----373029----pid-5476
---ebpf-pid----5705----pid-1
---ebpf-pid----373029----pid-1
---ebpf-pid----373029----pid-373029
---ebpf-pid----373029----pid-5476
---ebpf-pid----373029----pid-1
---ebpf-pid----373029----pid-373029
---ebpf-pid----373029----pid-5476
---ebpf-pid----373029----pid-1
---ebpf-pid----373029----pid-373029
---ebpf-pid----373029----pid-5476
---ebpf-pid----373029----pid-1
---ebpf-pid----373029----pid-373029
---ebpf-pid----373029----pid-5476
---ebpf-pid----373029----pid-1
---ebpf-pid----373029----pid-373029
---ebpf-pid----373029----pid-5476
---ebpf-pid----373029----pid-1
---ebpf-pid----373029----pid-373029
---ebpf-pid----373029----pid-5476
---ebpf-pid----373029----pid-1
---ebpf-pid----373029----pid-373029
---ebpf-pid----373029----pid-5476
---ebpf-pid----373029----pid-1
---ebpf-pid----373029----pid-373029
---ebpf-pid----373029----pid-5476
---ebpf-pid----373029----pid-1
---ebpf-pid----373029----pid-373029
---ebpf-pid----2094----pid-2094
---ebpf-pid----373029----pid-5476
---ebpf-pid----2094----pid-1
---ebpf-pid----2094----pid-2094
---ebpf-pid----373029----pid-1
---ebpf-pid----373029----pid-373029
---ebpf-pid----2094----pid-1
---ebpf-pid----2094----pid-2094
---ebpf-pid----373029----pid-5476
---ebpf-pid----373029----pid-1
---ebpf-pid----373029----pid-373029
---ebpf-pid----373029----pid-5476
---ebpf-pid----373029----pid-1
---ebpf-pid----2094----pid-2094
---ebpf-pid----2094----pid-1
---ebpf-pid----2094----pid-2094
---ebpf-pid----2094----pid-1
---ebpf-pid----2094----pid-2094
---ebpf-pid----2094----pid-1
---ebpf-pid----372881----pid-1
---ebpf-pid----2094----pid-2094
---ebpf-pid----372881----pid-372881
---ebpf-pid----2094----pid-1
---ebpf-pid----2094----pid-2094
---ebpf-pid----372881----pid-1
---ebpf-pid----372881----pid-372881
---ebpf-pid----2094----pid-1
---ebpf-pid----2094----pid-2094
---ebpf-pid----372881----pid-1
---ebpf-pid----372881----pid-372881
---ebpf-pid----2094----pid-1
---ebpf-pid----2094----pid-2094
---ebpf-pid----372881----pid-1
---ebpf-pid----372881----pid-372881
---ebpf-pid----372881----pid-1
---ebpf-pid----2094----pid-1
---ebpf-pid----372881----pid-372881
---ebpf-pid----2094----pid-2094
---ebpf-pid----372881----pid-1
---ebpf-pid----2094----pid-1
---ebpf-pid----372881----pid-372881
---ebpf-pid----2094----pid-2094
---ebpf-pid----372881----pid-1
---ebpf-pid----2094----pid-1
---ebpf-pid----372881----pid-372881
---ebpf-pid----2094----pid-2094
---ebpf-pid----372881----pid-1
---ebpf-pid----372881----pid-372881
---ebpf-pid----2094----pid-1
---ebpf-pid----2094----pid-2094
---ebpf-pid----372881----pid-1
---ebpf-pid----372881----pid-372881
---ebpf-pid----2094----pid-1
---ebpf-pid----2094----pid-2094
---ebpf-pid----372881----pid-1
---ebpf-pid----372881----pid-372881
---ebpf-pid----2094----pid-1
---ebpf-pid----2094----pid-2094
---ebpf-pid----372881----pid-1
---ebpf-pid----372881----pid-372881
---ebpf-pid----2094----pid-1
---ebpf-pid----2094----pid-2094
---ebpf-pid----372881----pid-1
---ebpf-pid----2094----pid-1
---ebpf-pid----372881----pid-372881
---ebpf-pid----372881----pid-1
---ebpf-pid----372881----pid-372881
---ebpf-pid----372881----pid-1
---ebpf-pid----372881----pid-372881
---ebpf-pid----372881----pid-1
---ebpf-pid----372881----pid-372881
---ebpf-pid----372881----pid-1
---ebpf-pid----372881----pid-372881
---ebpf-pid----372881----pid-1
---ebpf-pid----372881----pid-372881
---ebpf-pid----372881----pid-1
---ebpf-pid----372881----pid-372881
---ebpf-pid----372881----pid-1
---ebpf-pid----372881----pid-372881
---ebpf-pid----372881----pid-1
---ebpf-pid----372881----pid-372881
---ebpf-pid----2094----pid-1
---ebpf-pid----2094----pid-2094
---ebpf-pid----372881----pid-1
---ebpf-pid----372881----pid-372881
---ebpf-pid----2094----pid-1
---ebpf-pid----2094----pid-2094
---ebpf-pid----372881----pid-1
---ebpf-pid----372881----pid-372881
---ebpf-pid----2094----pid-1
---ebpf-pid----372881----pid-1
---ebpf-pid----2094----pid-2094
---ebpf-pid----372881----pid-372881
---ebpf-pid----2094----pid-1
---ebpf-pid----372881----pid-1
---ebpf-pid----2094----pid-2094
---ebpf-pid----372881----pid-372881
---ebpf-pid----2094----pid-1
---ebpf-pid----372881----pid-1
---ebpf-pid----2094----pid-2094
---ebpf-pid----372881----pid-372881
---ebpf-pid----2094----pid-1
---ebpf-pid----372881----pid-1
---ebpf-pid----2094----pid-2094
---ebpf-pid----372881----pid-372881
---ebpf-pid----2094----pid-1
---ebpf-pid----372881----pid-1
---ebpf-pid----2094----pid-2094
---ebpf-pid----372881----pid-372881
---ebpf-pid----372881----pid-1
---ebpf-pid----372881----pid-372881
---ebpf-pid----2094----pid-1
---ebpf-pid----2094----pid-2094
---ebpf-pid----2094----pid-1
---ebpf-pid----2094----pid-2094
---ebpf-pid----2094----pid-1
---ebpf-pid----2094----pid-2094
---ebpf-pid----2094----pid-1
---ebpf-pid----2094----pid-2094
---ebpf-pid----2094----pid-1
---ebpf-pid----2094----pid-2094
---ebpf-pid----2094----pid-1
---ebpf-pid----2094----pid-2094
---ebpf-pid----2094----pid-1
---ebpf-pid----2094----pid-2094
---ebpf-pid----2094----pid-1
---ebpf-pid----2094----pid-2094
---ebpf-pid----2094----pid-1
---ebpf-pid----2094----pid-2094
---ebpf-pid----2094----pid-1
---ebpf-pid----2094----pid-2094
---ebpf-pid----2094----pid-1
---ebpf-pid----2094----pid-2094
---ebpf-pid----2094----pid-1
---ebpf-pid----2094----pid-2094
---ebpf-pid----2094----pid-1
---ebpf-pid----2094----pid-2094
---ebpf-pid----2094----pid-1
---ebpf-pid----2094----pid-2094
---ebpf-pid----2094----pid-1
---ebpf-pid----372881----pid-1
---ebpf-pid----372881----pid-372881
---ebpf-pid----372881----pid-1
---ebpf-pid----372881----pid-372881
---ebpf-pid----372881----pid-1
---ebpf-pid----372881----pid-372881
---ebpf-pid----372881----pid-372881
---ebpf-pid----372881----pid-1
---ebpf-pid----372881----pid-372881
---ebpf-pid----372881----pid-1
---ebpf-pid----372881----pid-372881
---ebpf-pid----372881----pid-1
---ebpf-pid----372881----pid-1
---ebpf-pid----372881----pid-372881
---ebpf-pid----372881----pid-372881
---ebpf-pid----372881----pid-1
---ebpf-pid----372881----pid-372881
---ebpf-pid----372881----pid-1
---ebpf-pid----372881----pid-1
---ebpf-pid----372881----pid-372881
---ebpf-pid----372881----pid-372881
---ebpf-pid----372881----pid-1
---ebpf-pid----372881----pid-372881
---ebpf-pid----372881----pid-1
---ebpf-pid----372881----pid-372881
---ebpf-pid----372881----pid-1
---ebpf-pid----372881----pid-372881
---ebpf-pid----372881----pid-1
---ebpf-pid----372881----pid-1
---ebpf-pid----372881----pid-372881
---ebpf-pid----372881----pid-1
---ebpf-pid----372881----pid-372881
---ebpf-pid----372881----pid-1
---ebpf-pid----372881----pid-372881
---ebpf-pid----372881----pid-1
---ebpf-pid----372881----pid-372881
---ebpf-pid----372881----pid-1
---ebpf-pid----372881----pid-372881
---ebpf-pid----372881----pid-1
---ebpf-pid----5703----pid-5703
---ebpf-pid----5703----pid-5476
---ebpf-pid----2029----pid-2029
---ebpf-pid----5703----pid-1
---ebpf-pid----5707----pid-5707
---ebpf-pid----5707----pid-5476
---ebpf-pid----5707----pid-1
---ebpf-pid----372714----pid-372714
---ebpf-pid----372714----pid-5476
---ebpf-pid----372714----pid-1
---ebpf-pid----372714----pid-372714
---ebpf-pid----372714----pid-5476
---ebpf-pid----372714----pid-1
---ebpf-pid----5707----pid-5707
---ebpf-pid----5707----pid-5476
---ebpf-pid----5707----pid-1
---ebpf-pid----5703----pid-5703
---ebpf-pid----5703----pid-5476
---ebpf-pid----5703----pid-1
---ebpf-pid----5703----pid-5703
---ebpf-pid----5703----pid-5476
---ebpf-pid----372881----pid-372881
---ebpf-pid----5703----pid-1
---ebpf-pid----372881----pid-1
---ebpf-pid----372714----pid-372714
---ebpf-pid----372881----pid-372881
---ebpf-pid----372881----pid-1
---ebpf-pid----372714----pid-5476
---ebpf-pid----372881----pid-372881
---ebpf-pid----372881----pid-1
---ebpf-pid----372714----pid-1
---ebpf-pid----372881----pid-372881
---ebpf-pid----2094----pid-2094
---ebpf-pid----372881----pid-372881
---ebpf-pid----372881----pid-1
---ebpf-pid----372881----pid-372881
---ebpf-pid----372881----pid-1
---ebpf-pid----2094----pid-1
---ebpf-pid----372881----pid-372881
---ebpf-pid----2094----pid-2094
---ebpf-pid----372881----pid-1
---ebpf-pid----2094----pid-1
---ebpf-pid----372881----pid-372881
---ebpf-pid----2094----pid-2094
---ebpf-pid----372881----pid-1
---ebpf-pid----2094----pid-1
---ebpf-pid----372881----pid-372881
---ebpf-pid----2094----pid-2094
---ebpf-pid----372881----pid-1
---ebpf-pid----2094----pid-1
---ebpf-pid----372881----pid-1
---ebpf-pid----372881----pid-372881
---ebpf-pid----2094----pid-2094
---ebpf-pid----2029----pid-1
---ebpf-pid----372881----pid-372881
---ebpf-pid----2029----pid-2029
---ebpf-pid----372881----pid-1
---ebpf-pid----2094----pid-1
---ebpf-pid----372881----pid-372881
---ebpf-pid----2094----pid-2094
---ebpf-pid----372881----pid-1
---ebpf-pid----2029----pid-1
---ebpf-pid----372881----pid-372881
---ebpf-pid----372881----pid-1
---ebpf-pid----2094----pid-1
---ebpf-pid----372881----pid-372881
---ebpf-pid----2029----pid-2029
---ebpf-pid----2094----pid-2094
---ebpf-pid----372881----pid-1
---ebpf-pid----372881----pid-372881
---ebpf-pid----372881----pid-1
---ebpf-pid----2029----pid-1
---ebpf-pid----2094----pid-1
---ebpf-pid----372881----pid-372881
---ebpf-pid----2094----pid-2094
---ebpf-pid----2029----pid-2029
---ebpf-pid----372881----pid-1
---ebpf-pid----372881----pid-1
---ebpf-pid----2094----pid-1
---ebpf-pid----372881----pid-372881
---ebpf-pid----2029----pid-1
---ebpf-pid----372881----pid-372881
---ebpf-pid----2094----pid-2094
---ebpf-pid----2029----pid-2029
---ebpf-pid----372881----pid-1
---ebpf-pid----372881----pid-1
---ebpf-pid----2094----pid-1
---ebpf-pid----372881----pid-372881
---ebpf-pid----372881----pid-372881
---ebpf-pid----2094----pid-2094
---ebpf-pid----2029----pid-1
---ebpf-pid----2029----pid-2029
---ebpf-pid----372881----pid-1
---ebpf-pid----372881----pid-1
---ebpf-pid----2094----pid-1
---ebpf-pid----372881----pid-372881
---ebpf-pid----372881----pid-372881
---ebpf-pid----2094----pid-2094
---ebpf-pid----2029----pid-1
---ebpf-pid----2029----pid-2029
---ebpf-pid----372881----pid-1
---ebpf-pid----372881----pid-1
---ebpf-pid----2094----pid-1
---ebpf-pid----372881----pid-372881
---ebpf-pid----372881----pid-372881
---ebpf-pid----2094----pid-2094
---ebpf-pid----2029----pid-1
---ebpf-pid----2029----pid-2029
---ebpf-pid----372881----pid-1
---ebpf-pid----372881----pid-1
---ebpf-pid----2094----pid-1
---ebpf-pid----372881----pid-372881
---ebpf-pid----372881----pid-372881
---ebpf-pid----2094----pid-2094
---ebpf-pid----2029----pid-1
---ebpf-pid----2029----pid-2029
---ebpf-pid----372881----pid-1
---ebpf-pid----372881----pid-1
---ebpf-pid----2094----pid-1
---ebpf-pid----372881----pid-372881
---ebpf-pid----372881----pid-372881
---ebpf-pid----2094----pid-2094
---ebpf-pid----2029----pid-1
---ebpf-pid----2029----pid-2029
---ebpf-pid----372881----pid-1
---ebpf-pid----372881----pid-1
---ebpf-pid----2094----pid-1
---ebpf-pid----5705----pid-5705
---ebpf-pid----372881----pid-372881
---ebpf-pid----2029----pid-1
---ebpf-pid----2094----pid-2094
---ebpf-pid----2029----pid-2029
---ebpf-pid----372881----pid-1
---ebpf-pid----5705----pid-5476
---ebpf-pid----372881----pid-372881
---ebpf-pid----2094----pid-1
---ebpf-pid----2029----pid-1
---ebpf-pid----5705----pid-1
---ebpf-pid----2094----pid-2094
---ebpf-pid----2029----pid-2029
---ebpf-pid----372881----pid-1
---ebpf-pid----5705----pid-5705
---ebpf-pid----372881----pid-372881
---ebpf-pid----2094----pid-1
---ebpf-pid----2029----pid-1
---ebpf-pid----2094----pid-2094
---ebpf-pid----5705----pid-5476
---ebpf-pid----2029----pid-2029
---ebpf-pid----372881----pid-1
---ebpf-pid----372881----pid-372881
---ebpf-pid----2094----pid-1
---ebpf-pid----5705----pid-1
---ebpf-pid----2029----pid-1
---ebpf-pid----2094----pid-2094
---ebpf-pid----5705----pid-5705
---ebpf-pid----2029----pid-2029
---ebpf-pid----372881----pid-1
---ebpf-pid----372881----pid-372881
---ebpf-pid----2094----pid-1
---ebpf-pid----5705----pid-5476
---ebpf-pid----2029----pid-1
---ebpf-pid----2094----pid-2094
---ebpf-pid----2088----pid-2088
---ebpf-pid----372881----pid-1
---ebpf-pid----5705----pid-1
---ebpf-pid----372881----pid-372881
---ebpf-pid----2094----pid-1
---ebpf-pid----5705----pid-5705
---ebpf-pid----2088----pid-1
---ebpf-pid----2094----pid-2094
---ebpf-pid----2088----pid-2088
---ebpf-pid----372881----pid-1
---ebpf-pid----5705----pid-5476
---ebpf-pid----372881----pid-372881
---ebpf-pid----2094----pid-1
---ebpf-pid----2088----pid-1
---ebpf-pid----2094----pid-2094
---ebpf-pid----5705----pid-1
---ebpf-pid----2088----pid-2088
---ebpf-pid----372881----pid-1
---ebpf-pid----5705----pid-5705
---ebpf-pid----372881----pid-372881
---ebpf-pid----2094----pid-1
---ebpf-pid----2088----pid-1
---ebpf-pid----2094----pid-2094
---ebpf-pid----5705----pid-5476
---ebpf-pid----2088----pid-2088
---ebpf-pid----372881----pid-1
---ebpf-pid----372881----pid-372881
---ebpf-pid----2094----pid-1
---ebpf-pid----5705----pid-1
---ebpf-pid----2088----pid-1
---ebpf-pid----2094----pid-2094
---ebpf-pid----5705----pid-5705
---ebpf-pid----2088----pid-2088
---ebpf-pid----372881----pid-1
---ebpf-pid----4716----pid-4716
---ebpf-pid----2094----pid-1
---ebpf-pid----5705----pid-5476
---ebpf-pid----2088----pid-1
---ebpf-pid----2094----pid-2094
---ebpf-pid----2088----pid-2088
---ebpf-pid----5705----pid-1
---ebpf-pid----2094----pid-1
---ebpf-pid----5705----pid-5705
---ebpf-pid----2088----pid-1
---ebpf-pid----2094----pid-2094
---ebpf-pid----2088----pid-2088
---ebpf-pid----5705----pid-5476
---ebpf-pid----2094----pid-1
---ebpf-pid----2094----pid-2094
---ebpf-pid----5705----pid-1
---ebpf-pid----2088----pid-1
---ebpf-pid----5705----pid-5705
---ebpf-pid----2088----pid-2088
---ebpf-pid----2094----pid-1
---ebpf-pid----2094----pid-2094
---ebpf-pid----5705----pid-5476
---ebpf-pid----2088----pid-1
---ebpf-pid----2088----pid-2088
---ebpf-pid----2094----pid-1
---ebpf-pid----4716----pid-3323
---ebpf-pid----2094----pid-2094
---ebpf-pid----2088----pid-1
---ebpf-pid----372881----pid-372881
---ebpf-pid----2094----pid-1
---ebpf-pid----2094----pid-2094
---ebpf-pid----372881----pid-1
---ebpf-pid----372881----pid-372881
---ebpf-pid----2094----pid-1
---ebpf-pid----2094----pid-2094
---ebpf-pid----372881----pid-1
---ebpf-pid----2094----pid-1
---ebpf-pid----2094----pid-2094
---ebpf-pid----372881----pid-372881
---ebpf-pid----2094----pid-1
---ebpf-pid----372881----pid-1
---ebpf-pid----2094----pid-2094
---ebpf-pid----372881----pid-372881
---ebpf-pid----2094----pid-1
---ebpf-pid----372881----pid-1
---ebpf-pid----2094----pid-2094
---ebpf-pid----372881----pid-372881
---ebpf-pid----2094----pid-1
---ebpf-pid----372881----pid-1
---ebpf-pid----2094----pid-2094
---ebpf-pid----372881----pid-372881
---ebpf-pid----2094----pid-1
---ebpf-pid----372881----pid-1
---ebpf-pid----2094----pid-2094
---ebpf-pid----372881----pid-372881
---ebpf-pid----2094----pid-1
---ebpf-pid----372881----pid-1
---ebpf-pid----2094----pid-2094
---ebpf-pid----372881----pid-372881
---ebpf-pid----2094----pid-1
---ebpf-pid----372881----pid-1
---ebpf-pid----2094----pid-2094
---ebpf-pid----372881----pid-372881
---ebpf-pid----2094----pid-1
---ebpf-pid----372881----pid-1
---ebpf-pid----372881----pid-372881
---ebpf-pid----372881----pid-1
---ebpf-pid----372881----pid-372881
---ebpf-pid----4716----pid-1
---ebpf-pid----4716----pid-4716
---ebpf-pid----4716----pid-3323
---ebpf-pid----4716----pid-1
---ebpf-pid----8459----pid-8459
---ebpf-pid----8459----pid-7749
---ebpf-pid----372881----pid-1
---ebpf-pid----372881----pid-372881
---ebpf-pid----8459----pid-1
---ebpf-pid----8459----pid-8459
---ebpf-pid----372881----pid-1
---ebpf-pid----372881----pid-372881
---ebpf-pid----8459----pid-7749
---ebpf-pid----8459----pid-1
---ebpf-pid----372881----pid-1
---ebpf-pid----8459----pid-8459
---ebpf-pid----372881----pid-372881
---ebpf-pid----8459----pid-7749
---ebpf-pid----372881----pid-1
---ebpf-pid----372881----pid-372881
---ebpf-pid----8459----pid-1
---ebpf-pid----2029----pid-2029
---ebpf-pid----2029----pid-1
---ebpf-pid----2029----pid-2029
---ebpf-pid----2029----pid-1
---ebpf-pid----2029----pid-2029
---ebpf-pid----2029----pid-1
---ebpf-pid----2029----pid-2029
---ebpf-pid----2029----pid-1
---ebpf-pid----2029----pid-2029
---ebpf-pid----2029----pid-1
---ebpf-pid----4716----pid-4716
---ebpf-pid----4716----pid-3323
---ebpf-pid----4716----pid-1
---ebpf-pid----4716----pid-4716
---ebpf-pid----4716----pid-3323
---ebpf-pid----4716----pid-1
---ebpf-pid----2010----pid-2010
---ebpf-pid----372881----pid-1
---ebpf-pid----372881----pid-372881
---ebpf-pid----2010----pid-1
---ebpf-pid----448782----pid-448782
---ebpf-pid----372881----pid-1
---ebpf-pid----372881----pid-372881
---ebpf-pid----448782----pid-448520
---ebpf-pid----372881----pid-1
---ebpf-pid----448782----pid-1
---ebpf-pid----372881----pid-372881
---ebpf-pid----448782----pid-448782
---ebpf-pid----372881----pid-1
---ebpf-pid----372881----pid-372881
---ebpf-pid----448782----pid-448520
---ebpf-pid----372881----pid-1
---ebpf-pid----448782----pid-1
---ebpf-pid----372881----pid-372881
---ebpf-pid----448782----pid-448782
---ebpf-pid----372881----pid-1
---ebpf-pid----448782----pid-448520
---ebpf-pid----372881----pid-372881
---ebpf-pid----448782----pid-1
---ebpf-pid----372881----pid-1
---ebpf-pid----448782----pid-448782
---ebpf-pid----448782----pid-448520
---ebpf-pid----448782----pid-1
---ebpf-pid----448782----pid-448782
---ebpf-pid----448782----pid-448520
---ebpf-pid----448782----pid-1
---ebpf-pid----448782----pid-448782
---ebpf-pid----448782----pid-448520
---ebpf-pid----448782----pid-1
---ebpf-pid----448782----pid-448782
---ebpf-pid----448782----pid-448520
---ebpf-pid----2094----pid-2094
---ebpf-pid----448782----pid-1
---ebpf-pid----4716----pid-4716
---ebpf-pid----2094----pid-1
---ebpf-pid----4716----pid-3323
---ebpf-pid----2094----pid-2094
---ebpf-pid----4716----pid-1
---ebpf-pid----2094----pid-1
---ebpf-pid----4716----pid-4716
---ebpf-pid----2094----pid-2094
---ebpf-pid----4716----pid-3323
---ebpf-pid----2094----pid-1
---ebpf-pid----2094----pid-2094
---ebpf-pid----4716----pid-1
---ebpf-pid----4716----pid-4716
---ebpf-pid----2094----pid-1
---ebpf-pid----2094----pid-2094
---ebpf-pid----4716----pid-3323
---ebpf-pid----2094----pid-1
---ebpf-pid----2094----pid-2094
---ebpf-pid----2094----pid-1
---ebpf-pid----4716----pid-1
---ebpf-pid----2094----pid-2094
---ebpf-pid----4716----pid-4716
---ebpf-pid----2094----pid-1
---ebpf-pid----2094----pid-2094
---ebpf-pid----4716----pid-3323
---ebpf-pid----2094----pid-1
---ebpf-pid----2094----pid-2094
---ebpf-pid----4716----pid-1
---ebpf-pid----4716----pid-4716
---ebpf-pid----2094----pid-1
---ebpf-pid----2094----pid-2094
---ebpf-pid----4716----pid-3323
---ebpf-pid----2094----pid-1
---ebpf-pid----4716----pid-1
---ebpf-pid----2094----pid-2094
---ebpf-pid----4716----pid-4716
---ebpf-pid----2094----pid-1
---ebpf-pid----4716----pid-3323
---ebpf-pid----2094----pid-2094
---ebpf-pid----4716----pid-1
---ebpf-pid----4716----pid-4716
---ebpf-pid----2094----pid-1
---ebpf-pid----2094----pid-2094
---ebpf-pid----4716----pid-3323
---ebpf-pid----2094----pid-1
---ebpf-pid----4716----pid-1
---ebpf-pid----2094----pid-2094
---ebpf-pid----4716----pid-4716
---ebpf-pid----2094----pid-1
---ebpf-pid----4716----pid-3323
---ebpf-pid----2094----pid-2094
---ebpf-pid----4716----pid-1
---ebpf-pid----4716----pid-4716
---ebpf-pid----2094----pid-1
---ebpf-pid----2094----pid-2094
---ebpf-pid----4716----pid-3323
---ebpf-pid----5705----pid-1
---ebpf-pid----4716----pid-1
---ebpf-pid----5705----pid-5705
---ebpf-pid----5707----pid-5707
---ebpf-pid----5705----pid-5476
---ebpf-pid----5707----pid-5476
---ebpf-pid----5705----pid-1
---ebpf-pid----5707----pid-1
---ebpf-pid----4716----pid-4716
---ebpf-pid----5705----pid-5705
---ebpf-pid----4716----pid-3323
---ebpf-pid----5705----pid-5476
---ebpf-pid----4716----pid-1
---ebpf-pid----5705----pid-1
---ebpf-pid----5705----pid-5705
---ebpf-pid----5705----pid-5476
---ebpf-pid----5705----pid-1
---ebpf-pid----5705----pid-5705
---ebpf-pid----5705----pid-5476
---ebpf-pid----5705----pid-1
---ebpf-pid----5705----pid-5705
---ebpf-pid----5705----pid-5476
---ebpf-pid----4716----pid-4716
---ebpf-pid----5705----pid-1
---ebpf-pid----4716----pid-3323
---ebpf-pid----5705----pid-5705
---ebpf-pid----4716----pid-1
---ebpf-pid----5705----pid-5476
---ebpf-pid----4716----pid-4716
---ebpf-pid----4716----pid-3323
---ebpf-pid----5705----pid-1
---ebpf-pid----5705----pid-5705
---ebpf-pid----4716----pid-1
---ebpf-pid----4716----pid-4716
---ebpf-pid----5705----pid-5476
---ebpf-pid----4716----pid-3323
---ebpf-pid----5705----pid-1
---ebpf-pid----5705----pid-5705
---ebpf-pid----4716----pid-1
---ebpf-pid----4716----pid-4716
---ebpf-pid----5705----pid-5476
---ebpf-pid----4716----pid-3323
---ebpf-pid----5705----pid-1
---ebpf-pid----5705----pid-5705
---ebpf-pid----4716----pid-1
---ebpf-pid----4716----pid-4716
---ebpf-pid----5705----pid-5476
---ebpf-pid----4716----pid-3323
---ebpf-pid----5705----pid-1
---ebpf-pid----4716----pid-1
---ebpf-pid----5705----pid-5705
---ebpf-pid----4716----pid-4716
---ebpf-pid----372881----pid-372881
---ebpf-pid----5705----pid-5476
---ebpf-pid----4716----pid-3323
---ebpf-pid----5705----pid-1
---ebpf-pid----372881----pid-1
---ebpf-pid----4716----pid-1
---ebpf-pid----373029----pid-373029
---ebpf-pid----372881----pid-372881
---ebpf-pid----4716----pid-4716
---ebpf-pid----373029----pid-5476
---ebpf-pid----372881----pid-1
---ebpf-pid----4716----pid-3323
---ebpf-pid----372881----pid-372881
---ebpf-pid----373029----pid-1
---ebpf-pid----373029----pid-373029
---ebpf-pid----4716----pid-1
---ebpf-pid----372881----pid-1
---ebpf-pid----4716----pid-4716
---ebpf-pid----372881----pid-372881
---ebpf-pid----373029----pid-5476
---ebpf-pid----4716----pid-3323
---ebpf-pid----372881----pid-1
---ebpf-pid----372881----pid-372881
---ebpf-pid----373029----pid-1
---ebpf-pid----373029----pid-373029
---ebpf-pid----4716----pid-1
---ebpf-pid----372881----pid-1
---ebpf-pid----4716----pid-4716
---ebpf-pid----372881----pid-372881
---ebpf-pid----373029----pid-5476
---ebpf-pid----4716----pid-3323
---ebpf-pid----372881----pid-1
---ebpf-pid----4716----pid-1
---ebpf-pid----372881----pid-372881
---ebpf-pid----2094----pid-1
---ebpf-pid----4716----pid-4716
---ebpf-pid----2094----pid-2094
---ebpf-pid----372881----pid-1
---ebpf-pid----4716----pid-3323
---ebpf-pid----372881----pid-372881
---ebpf-pid----2094----pid-1
---ebpf-pid----2094----pid-2094
---ebpf-pid----372881----pid-1
---ebpf-pid----4716----pid-1
---ebpf-pid----4716----pid-4716
---ebpf-pid----372881----pid-372881
---ebpf-pid----2094----pid-1
---ebpf-pid----2094----pid-2094
---ebpf-pid----4716----pid-3323
---ebpf-pid----372881----pid-1
---ebpf-pid----372881----pid-372881
---ebpf-pid----2094----pid-1
---ebpf-pid----2094----pid-2094
---ebpf-pid----4716----pid-1
---ebpf-pid----4716----pid-4716
---ebpf-pid----372881----pid-1
---ebpf-pid----372881----pid-372881
---ebpf-pid----2094----pid-1
---ebpf-pid----2094----pid-2094
---ebpf-pid----4716----pid-3323
---ebpf-pid----372881----pid-1
---ebpf-pid----372881----pid-372881
---ebpf-pid----2094----pid-1
---ebpf-pid----4716----pid-1
---ebpf-pid----2094----pid-2094
---ebpf-pid----448782----pid-448782
---ebpf-pid----372881----pid-1
---ebpf-pid----372881----pid-372881
---ebpf-pid----2094----pid-1
---ebpf-pid----448782----pid-448520
---ebpf-pid----2094----pid-2094
---ebpf-pid----372881----pid-1
---ebpf-pid----448782----pid-1
---ebpf-pid----372881----pid-372881
---ebpf-pid----448782----pid-448782
---ebpf-pid----372881----pid-1
---ebpf-pid----448782----pid-448520
---ebpf-pid----372881----pid-372881
---ebpf-pid----448782----pid-1
---ebpf-pid----372881----pid-1
---ebpf-pid----448782----pid-448782
---ebpf-pid----372881----pid-372881
---ebpf-pid----448782----pid-448520
---ebpf-pid----372881----pid-1
---ebpf-pid----372881----pid-372881
---ebpf-pid----448782----pid-1
---ebpf-pid----372881----pid-1
---ebpf-pid----448782----pid-448782
---ebpf-pid----5707----pid-5707
---ebpf-pid----448782----pid-448520
---ebpf-pid----5707----pid-5476
---ebpf-pid----448782----pid-1
---ebpf-pid----448782----pid-448782
---ebpf-pid----5707----pid-1
---ebpf-pid----5707----pid-5707
---ebpf-pid----448782----pid-448520
---ebpf-pid----5707----pid-5476
---ebpf-pid----448782----pid-1
---ebpf-pid----448782----pid-448782
---ebpf-pid----448782----pid-448520
---ebpf-pid----448782----pid-1
---ebpf-pid----448782----pid-448782
---ebpf-pid----448782----pid-448520
---ebpf-pid----448782----pid-1
---ebpf-pid----448782----pid-448782
---ebpf-pid----373029----pid-1
---ebpf-pid----5705----pid-5705
---ebpf-pid----448782----pid-448520
---ebpf-pid----5705----pid-5476
---ebpf-pid----448782----pid-1
---ebpf-pid----448782----pid-448782
---ebpf-pid----5705----pid-1
---ebpf-pid----5705----pid-5705
---ebpf-pid----448782----pid-448520
---ebpf-pid----5705----pid-5476
---ebpf-pid----448782----pid-1
---ebpf-pid----448782----pid-448782
---ebpf-pid----5705----pid-1
---ebpf-pid----5705----pid-5705
---ebpf-pid----5705----pid-5476
---ebpf-pid----5705----pid-1
---ebpf-pid----5705----pid-5705
---ebpf-pid----5705----pid-5476
---ebpf-pid----5705----pid-1
---ebpf-pid----5705----pid-5705
---ebpf-pid----5705----pid-5476
---ebpf-pid----448782----pid-448520
---ebpf-pid----5705----pid-1
---ebpf-pid----5705----pid-5705
---ebpf-pid----448782----pid-1
---ebpf-pid----448782----pid-448782
---ebpf-pid----5705----pid-5476
---ebpf-pid----448782----pid-448520
---ebpf-pid----5705----pid-1
---ebpf-pid----448782----pid-1
---ebpf-pid----373029----pid-373029
---ebpf-pid----448782----pid-448782
---ebpf-pid----373029----pid-5476
---ebpf-pid----448782----pid-448520
---ebpf-pid----373029----pid-1
---ebpf-pid----373029----pid-373029
---ebpf-pid----448782----pid-1
---ebpf-pid----448782----pid-448782
---ebpf-pid----373029----pid-5476
---ebpf-pid----448782----pid-448520
---ebpf-pid----373029----pid-1
---ebpf-pid----448782----pid-1
---ebpf-pid----373029----pid-373029
---ebpf-pid----372714----pid-372714
---ebpf-pid----373029----pid-5476
---ebpf-pid----372714----pid-5476
---ebpf-pid----373029----pid-1
---ebpf-pid----372714----pid-1
---ebpf-pid----373029----pid-373029
---ebpf-pid----372714----pid-372714
---ebpf-pid----372714----pid-5476
---ebpf-pid----373029----pid-5476
---ebpf-pid----372714----pid-1
---ebpf-pid----373029----pid-1
---ebpf-pid----372714----pid-372714
---ebpf-pid----373029----pid-373029
---ebpf-pid----372714----pid-5476
---ebpf-pid----372714----pid-1
---ebpf-pid----2094----pid-1
---ebpf-pid----372714----pid-372714
---ebpf-pid----2094----pid-2094
---ebpf-pid----372714----pid-5476
---ebpf-pid----2094----pid-1
---ebpf-pid----2094----pid-2094
---ebpf-pid----372714----pid-1
---ebpf-pid----372714----pid-372714
---ebpf-pid----2094----pid-1
---ebpf-pid----372714----pid-5476
---ebpf-pid----2094----pid-2094
---ebpf-pid----372714----pid-1
---ebpf-pid----2094----pid-1
---ebpf-pid----372714----pid-372714
---ebpf-pid----2094----pid-2094
---ebpf-pid----2094----pid-1
---ebpf-pid----372714----pid-5476
---ebpf-pid----2094----pid-2094
---ebpf-pid----372714----pid-1
---ebpf-pid----2094----pid-1
---ebpf-pid----372714----pid-372714
---ebpf-pid----5707----pid-1
---ebpf-pid----2094----pid-2094
---ebpf-pid----5707----pid-5707
---ebpf-pid----372714----pid-5476
---ebpf-pid----2094----pid-1
---ebpf-pid----2094----pid-2094
---ebpf-pid----5707----pid-5476
---ebpf-pid----2094----pid-1
---ebpf-pid----372714----pid-1
---ebpf-pid----5707----pid-1
---ebpf-pid----5707----pid-5707
---ebpf-pid----5707----pid-5476
---ebpf-pid----2094----pid-2094
---ebpf-pid----5707----pid-1
---ebpf-pid----2094----pid-1
---ebpf-pid----5707----pid-5707
---ebpf-pid----2094----pid-2094
---ebpf-pid----5707----pid-5476
---ebpf-pid----2094----pid-1
---ebpf-pid----2094----pid-2094
---ebpf-pid----5707----pid-1
---ebpf-pid----2088----pid-2088
---ebpf-pid----2094----pid-1
---ebpf-pid----2094----pid-2094
---ebpf-pid----2088----pid-1
---ebpf-pid----2088----pid-2088
---ebpf-pid----2094----pid-1
---ebpf-pid----2094----pid-2094
---ebpf-pid----2088----pid-1
---ebpf-pid----5707----pid-5707
---ebpf-pid----2094----pid-1
---ebpf-pid----2094----pid-2094
---ebpf-pid----5707----pid-5476
---ebpf-pid----2094----pid-1
---ebpf-pid----5707----pid-1
---ebpf-pid----2094----pid-2094
---ebpf-pid----5707----pid-5707
---ebpf-pid----2094----pid-1
---ebpf-pid----5707----pid-5476
---ebpf-pid----2094----pid-2094
---ebpf-pid----5707----pid-1
---ebpf-pid----2094----pid-1
---ebpf-pid----372714----pid-372714
---ebpf-pid----2094----pid-2094
---ebpf-pid----372714----pid-5476
---ebpf-pid----2094----pid-1
---ebpf-pid----2094----pid-2094
---ebpf-pid----372714----pid-1
---ebpf-pid----372714----pid-372714
---ebpf-pid----2094----pid-1
---ebpf-pid----2094----pid-2094
---ebpf-pid----372714----pid-5476
---ebpf-pid----2094----pid-1
---ebpf-pid----372714----pid-1
---ebpf-pid----2094----pid-2094
---ebpf-pid----372714----pid-372714
---ebpf-pid----2094----pid-1
---ebpf-pid----2094----pid-2094
---ebpf-pid----372714----pid-5476
---ebpf-pid----2094----pid-1
---ebpf-pid----372714----pid-1
---ebpf-pid----2094----pid-2094
---ebpf-pid----372714----pid-372714
---ebpf-pid----372714----pid-372714
---ebpf-pid----372714----pid-5476
---ebpf-pid----373029----pid-5476
---ebpf-pid----372714----pid-1
---ebpf-pid----372714----pid-372714
---ebpf-pid----373029----pid-1
---ebpf-pid----373029----pid-373029
---ebpf-pid----372714----pid-5476
---ebpf-pid----372714----pid-1
---ebpf-pid----373029----pid-5476
---ebpf-pid----372714----pid-372714
---ebpf-pid----373029----pid-1
---ebpf-pid----372714----pid-5476
---ebpf-pid----373029----pid-373029
---ebpf-pid----372714----pid-1
---ebpf-pid----372714----pid-372714
---ebpf-pid----373029----pid-5476
---ebpf-pid----372714----pid-5476
---ebpf-pid----373029----pid-1
---ebpf-pid----373029----pid-373029
---ebpf-pid----372714----pid-1
---ebpf-pid----373029----pid-373029
---ebpf-pid----373029----pid-5476
---ebpf-pid----373029----pid-5476
---ebpf-pid----373029----pid-1
---ebpf-pid----373029----pid-373029
---ebpf-pid----373029----pid-1
---ebpf-pid----373029----pid-373029
---ebpf-pid----2094----pid-1
---ebpf-pid----2094----pid-2094
---ebpf-pid----2094----pid-1
---ebpf-pid----2094----pid-2094
---ebpf-pid----2094----pid-1
---ebpf-pid----2094----pid-2094
---ebpf-pid----2094----pid-1
---ebpf-pid----373029----pid-373029
---ebpf-pid----373029----pid-5476
---ebpf-pid----373029----pid-5476
---ebpf-pid----373029----pid-1
---ebpf-pid----373029----pid-1
---ebpf-pid----373029----pid-373029
---ebpf-pid----373029----pid-373029
---ebpf-pid----373029----pid-5476
---ebpf-pid----373029----pid-5476
---ebpf-pid----373029----pid-1
---ebpf-pid----373029----pid-373029
---ebpf-pid----373029----pid-5476
---ebpf-pid----373029----pid-1
---ebpf-pid----448783----pid-448783
---ebpf-pid----448783----pid-448520
---ebpf-pid----448783----pid-1
---ebpf-pid----448783----pid-448783
---ebpf-pid----448783----pid-448520
---ebpf-pid----448783----pid-1
---ebpf-pid----448783----pid-448783
---ebpf-pid----448783----pid-448520
---ebpf-pid----448783----pid-1
---ebpf-pid----4716----pid-4716
---ebpf-pid----4716----pid-3323
---ebpf-pid----4716----pid-1
---ebpf-pid----373029----pid-1
---ebpf-pid----379067----pid-379067
---ebpf-pid----4716----pid-4716
---ebpf-pid----379067----pid-5476
---ebpf-pid----379067----pid-1
---ebpf-pid----379067----pid-379067
---ebpf-pid----379067----pid-5476
---ebpf-pid----379067----pid-1
---ebpf-pid----379067----pid-379067
---ebpf-pid----379067----pid-5476
---ebpf-pid----4716----pid-3323
---ebpf-pid----4716----pid-1
---ebpf-pid----4716----pid-4716
---ebpf-pid----4716----pid-3323
---ebpf-pid----4716----pid-1
---ebpf-pid----4716----pid-4716
---ebpf-pid----4716----pid-3323
---ebpf-pid----4716----pid-1
---ebpf-pid----4716----pid-4716
---ebpf-pid----4716----pid-3323
---ebpf-pid----4716----pid-1
---ebpf-pid----14----pid-14
---ebpf-pid----373029----pid-5476
---ebpf-pid----14----pid-2
---ebpf-pid----4716----pid-4716
---ebpf-pid----373029----pid-1
---ebpf-pid----4716----pid-3323
---ebpf-pid----372714----pid-372714
---ebpf-pid----4716----pid-1
---ebpf-pid----372714----pid-5476
---ebpf-pid----4716----pid-4716
---ebpf-pid----4716----pid-3323
---ebpf-pid----372714----pid-1
---ebpf-pid----372714----pid-372714
---ebpf-pid----4716----pid-1
---ebpf-pid----372714----pid-5476
---ebpf-pid----4716----pid-4716
---ebpf-pid----372714----pid-1
---ebpf-pid----4716----pid-3323
---ebpf-pid----372714----pid-372714
---ebpf-pid----4716----pid-1
---ebpf-pid----372714----pid-5476
---ebpf-pid----4716----pid-4716
---ebpf-pid----372714----pid-1
---ebpf-pid----4716----pid-3323
---ebpf-pid----372714----pid-372714
---ebpf-pid----4716----pid-1
---ebpf-pid----4716----pid-4716
---ebpf-pid----372714----pid-5476
---ebpf-pid----4716----pid-3323
---ebpf-pid----372714----pid-1
---ebpf-pid----4716----pid-1
---ebpf-pid----372714----pid-372714
---ebpf-pid----4716----pid-4716
---ebpf-pid----372714----pid-5476
---ebpf-pid----4716----pid-3323
---ebpf-pid----372714----pid-1
---ebpf-pid----372714----pid-372714
---ebpf-pid----4716----pid-1
---ebpf-pid----4716----pid-4716
---ebpf-pid----372714----pid-5476
---ebpf-pid----4716----pid-3323
---ebpf-pid----372714----pid-1
---ebpf-pid----372714----pid-372714
---ebpf-pid----4716----pid-1
---ebpf-pid----4716----pid-4716
---ebpf-pid----372714----pid-5476
---ebpf-pid----4716----pid-3323
---ebpf-pid----372714----pid-1
---ebpf-pid----372714----pid-372714
---ebpf-pid----4716----pid-1
---ebpf-pid----1856----pid-1856
---ebpf-pid----379067----pid-1
---ebpf-pid----379067----pid-379067
---ebpf-pid----1856----pid-1
---ebpf-pid----448783----pid-448783
---ebpf-pid----379067----pid-5476
---ebpf-pid----448783----pid-448520
---ebpf-pid----379067----pid-1
---ebpf-pid----379067----pid-379067
---ebpf-pid----448783----pid-1
---ebpf-pid----448785----pid-448785
---ebpf-pid----379067----pid-5476
---ebpf-pid----448785----pid-448520
---ebpf-pid----379067----pid-1
---ebpf-pid----379067----pid-379067
---ebpf-pid----448785----pid-1
---ebpf-pid----448785----pid-448785
---ebpf-pid----379067----pid-5476
---ebpf-pid----379067----pid-1
---ebpf-pid----379067----pid-379067
---ebpf-pid----379067----pid-5476
---ebpf-pid----379067----pid-1
---ebpf-pid----448783----pid-448783
---ebpf-pid----448783----pid-448520
---ebpf-pid----372714----pid-5476
---ebpf-pid----448783----pid-1
---ebpf-pid----448783----pid-448783
---ebpf-pid----372714----pid-1
---ebpf-pid----372714----pid-372714
---ebpf-pid----448783----pid-448520
---ebpf-pid----372714----pid-5476
---ebpf-pid----448783----pid-1
---ebpf-pid----372881----pid-372881
---ebpf-pid----372714----pid-1
---ebpf-pid----5707----pid-5707
---ebpf-pid----372881----pid-1
---ebpf-pid----5707----pid-5476
---ebpf-pid----372881----pid-372881
---ebpf-pid----5707----pid-1
---ebpf-pid----5707----pid-5707
---ebpf-pid----372881----pid-1
---ebpf-pid----372881----pid-372881
---ebpf-pid----5707----pid-5476
---ebpf-pid----5707----pid-1
---ebpf-pid----372881----pid-1
---ebpf-pid----5707----pid-5707
---ebpf-pid----372881----pid-372881
---ebpf-pid----5707----pid-5476
---ebpf-pid----372881----pid-1
---ebpf-pid----372881----pid-372881
---ebpf-pid----5707----pid-1
---ebpf-pid----5707----pid-5707
---ebpf-pid----372881----pid-1
---ebpf-pid----372881----pid-372881
---ebpf-pid----5707----pid-5476
---ebpf-pid----5707----pid-1
---ebpf-pid----372881----pid-1
---ebpf-pid----5707----pid-5707
---ebpf-pid----372881----pid-372881
---ebpf-pid----372881----pid-1
---ebpf-pid----5707----pid-5476
---ebpf-pid----372881----pid-372881
---ebpf-pid----5707----pid-1
---ebpf-pid----372881----pid-1
---ebpf-pid----2088----pid-2088
---ebpf-pid----448785----pid-448520
---ebpf-pid----372881----pid-372881
---ebpf-pid----448785----pid-1
---ebpf-pid----372881----pid-1
---ebpf-pid----2088----pid-1
---ebpf-pid----448785----pid-448785
---ebpf-pid----372881----pid-372881
---ebpf-pid----2088----pid-2088
---ebpf-pid----448785----pid-448520
---ebpf-pid----372881----pid-1
---ebpf-pid----2088----pid-1
---ebpf-pid----372881----pid-372881
---ebpf-pid----2088----pid-2088
---ebpf-pid----448785----pid-1
---ebpf-pid----448785----pid-448785
---ebpf-pid----372881----pid-1
---ebpf-pid----2088----pid-1
---ebpf-pid----2094----pid-2094
---ebpf-pid----2088----pid-2088
---ebpf-pid----448785----pid-448520
---ebpf-pid----2094----pid-1
---ebpf-pid----2088----pid-1
---ebpf-pid----5707----pid-5707
---ebpf-pid----2088----pid-2088
---ebpf-pid----448785----pid-1
---ebpf-pid----448785----pid-448785
---ebpf-pid----5707----pid-5476
---ebpf-pid----448785----pid-448520
---ebpf-pid----5707----pid-1
---ebpf-pid----448785----pid-1
---ebpf-pid----5707----pid-5707
---ebpf-pid----448785----pid-448785
---ebpf-pid----5707----pid-5476
---ebpf-pid----448785----pid-448520
---ebpf-pid----5707----pid-1
---ebpf-pid----448785----pid-1
---ebpf-pid----448785----pid-448785
---ebpf-pid----448785----pid-448520
---ebpf-pid----5707----pid-5707
---ebpf-pid----448785----pid-1
---ebpf-pid----5707----pid-5476
---ebpf-pid----448785----pid-448785
---ebpf-pid----5707----pid-1
---ebpf-pid----448785----pid-448520
---ebpf-pid----5707----pid-5707
---ebpf-pid----448785----pid-1
---ebpf-pid----5707----pid-5476
---ebpf-pid----448785----pid-448785
---ebpf-pid----5707----pid-1
---ebpf-pid----448785----pid-448520
---ebpf-pid----372714----pid-372714
---ebpf-pid----448785----pid-1
---ebpf-pid----372714----pid-5476
---ebpf-pid----4716----pid-4716
---ebpf-pid----372714----pid-1
---ebpf-pid----4716----pid-3323
---ebpf-pid----372714----pid-372714
---ebpf-pid----4716----pid-1
---ebpf-pid----372714----pid-5476
---ebpf-pid----4716----pid-4716
---ebpf-pid----4716----pid-3323
---ebpf-pid----372714----pid-1
---ebpf-pid----372714----pid-372714
---ebpf-pid----4716----pid-1
---ebpf-pid----372714----pid-5476
---ebpf-pid----4716----pid-4716
---ebpf-pid----372714----pid-1
---ebpf-pid----4716----pid-3323
---ebpf-pid----372714----pid-372714
---ebpf-pid----4716----pid-1
---ebpf-pid----372714----pid-5476
---ebpf-pid----4716----pid-4716
---ebpf-pid----372714----pid-1
---ebpf-pid----4716----pid-3323
---ebpf-pid----372714----pid-372714
---ebpf-pid----4716----pid-1
---ebpf-pid----372714----pid-5476
---ebpf-pid----4716----pid-4716
---ebpf-pid----372714----pid-1
---ebpf-pid----372714----pid-372714
---ebpf-pid----4716----pid-3323
---ebpf-pid----372714----pid-5476
---ebpf-pid----4716----pid-1
---ebpf-pid----4716----pid-4716
---ebpf-pid----4716----pid-3323
---ebpf-pid----4716----pid-1
---ebpf-pid----4716----pid-4716
---ebpf-pid----2088----pid-1
---ebpf-pid----2088----pid-2088
---ebpf-pid----2088----pid-1
---ebpf-pid----2088----pid-2088
---ebpf-pid----2088----pid-1
---ebpf-pid----2088----pid-2088
---ebpf-pid----2088----pid-1
---ebpf-pid----2088----pid-2088
---ebpf-pid----2088----pid-1
---ebpf-pid----2088----pid-2088
---ebpf-pid----2088----pid-1
---ebpf-pid----2088----pid-2088
---ebpf-pid----2088----pid-1
---ebpf-pid----2088----pid-2088
---ebpf-pid----2088----pid-1
---ebpf-pid----2088----pid-2088
---ebpf-pid----2088----pid-1
---ebpf-pid----2088----pid-2088
---ebpf-pid----2088----pid-1
---ebpf-pid----2088----pid-2088
---ebpf-pid----2088----pid-1
---ebpf-pid----2088----pid-2088
---ebpf-pid----2088----pid-1
---ebpf-pid----2088----pid-2088
---ebpf-pid----2088----pid-1
---ebpf-pid----2088----pid-2088
---ebpf-pid----2088----pid-1
---ebpf-pid----372881----pid-372881
---ebpf-pid----372881----pid-1
---ebpf-pid----372881----pid-372881
---ebpf-pid----372881----pid-1
---ebpf-pid----372881----pid-372881
---ebpf-pid----372881----pid-1
---ebpf-pid----372881----pid-372881
---ebpf-pid----372881----pid-1
---ebpf-pid----372881----pid-372881
---ebpf-pid----372881----pid-1
---ebpf-pid----372881----pid-372881
---ebpf-pid----372881----pid-1
---ebpf-pid----372881----pid-372881
---ebpf-pid----372714----pid-1
---ebpf-pid----372714----pid-372714
---ebpf-pid----372714----pid-5476
---ebpf-pid----372714----pid-1
---ebpf-pid----372714----pid-372714
---ebpf-pid----372714----pid-5476
---ebpf-pid----372714----pid-1
---ebpf-pid----372714----pid-372714
---ebpf-pid----372714----pid-5476
---ebpf-pid----372714----pid-1
---ebpf-pid----372714----pid-372714
---ebpf-pid----372714----pid-5476
---ebpf-pid----372714----pid-1
---ebpf-pid----372714----pid-372714
---ebpf-pid----372714----pid-5476
---ebpf-pid----372714----pid-1
---ebpf-pid----372714----pid-372714
---ebpf-pid----372714----pid-5476
---ebpf-pid----372714----pid-1
---ebpf-pid----372714----pid-372714
---ebpf-pid----372881----pid-1
---ebpf-pid----372714----pid-5476
---ebpf-pid----372881----pid-372881
---ebpf-pid----372714----pid-1
---ebpf-pid----372881----pid-1
---ebpf-pid----372714----pid-372714
---ebpf-pid----372714----pid-5476
---ebpf-pid----372714----pid-5476
---ebpf-pid----372714----pid-1
---ebpf-pid----372714----pid-372714
---ebpf-pid----372714----pid-5476
---ebpf-pid----4716----pid-3323
---ebpf-pid----372714----pid-1
---ebpf-pid----372714----pid-1
---ebpf-pid----372714----pid-372714
---ebpf-pid----372714----pid-372714
---ebpf-pid----4716----pid-1
---ebpf-pid----4716----pid-4716
---ebpf-pid----372714----pid-5476
---ebpf-pid----4716----pid-3323
---ebpf-pid----372714----pid-1
---ebpf-pid----372714----pid-372714
---ebpf-pid----4716----pid-1
---ebpf-pid----4716----pid-4716
---ebpf-pid----372714----pid-5476
---ebpf-pid----4716----pid-3323
---ebpf-pid----372714----pid-1
---ebpf-pid----372714----pid-372714
---ebpf-pid----4716----pid-1
---ebpf-pid----372714----pid-372714
---ebpf-pid----372714----pid-5476
---ebpf-pid----372714----pid-5476
---ebpf-pid----372714----pid-1
---ebpf-pid----372714----pid-372714
---ebpf-pid----372714----pid-1
---ebpf-pid----372714----pid-372714
---ebpf-pid----372714----pid-5476
---ebpf-pid----372714----pid-5476
---ebpf-pid----372714----pid-1
---ebpf-pid----372714----pid-372714
---ebpf-pid----372714----pid-1
---ebpf-pid----448782----pid-448782
---ebpf-pid----372714----pid-5476
---ebpf-pid----372714----pid-1
---ebpf-pid----448782----pid-448520
---ebpf-pid----372714----pid-372714
---ebpf-pid----372714----pid-5476
---ebpf-pid----448782----pid-1
---ebpf-pid----372714----pid-5476
---ebpf-pid----448782----pid-448782
---ebpf-pid----372714----pid-1
---ebpf-pid----372714----pid-372714
---ebpf-pid----448782----pid-448520
---ebpf-pid----372714----pid-1
---ebpf-pid----372714----pid-372714
---ebpf-pid----372714----pid-5476
---ebpf-pid----372714----pid-5476
---ebpf-pid----372714----pid-1
---ebpf-pid----372714----pid-372714
---ebpf-pid----372714----pid-1
---ebpf-pid----372714----pid-372714
---ebpf-pid----372714----pid-5476
---ebpf-pid----372714----pid-5476
---ebpf-pid----372714----pid-1
---ebpf-pid----372714----pid-372714
---ebpf-pid----372714----pid-1
---ebpf-pid----372714----pid-372714
---ebpf-pid----448782----pid-1
---ebpf-pid----372714----pid-5476
---ebpf-pid----372714----pid-372714
---ebpf-pid----372714----pid-5476
---ebpf-pid----372714----pid-1
---ebpf-pid----372714----pid-5476
---ebpf-pid----372714----pid-1
---ebpf-pid----372714----pid-372714
---ebpf-pid----372714----pid-372714
---ebpf-pid----372714----pid-1
---ebpf-pid----372714----pid-5476
---ebpf-pid----372714----pid-372714
---ebpf-pid----372714----pid-5476
---ebpf-pid----372714----pid-1
---ebpf-pid----372714----pid-372714
---ebpf-pid----372714----pid-1
---ebpf-pid----372714----pid-5476
---ebpf-pid----372714----pid-372714
---ebpf-pid----372714----pid-1
---ebpf-pid----372714----pid-5476
---ebpf-pid----372714----pid-372714
---ebpf-pid----372714----pid-5476
---ebpf-pid----372714----pid-1
---ebpf-pid----372714----pid-372714
---ebpf-pid----372714----pid-1
---ebpf-pid----372714----pid-372714
---ebpf-pid----372714----pid-5476
---ebpf-pid----372714----pid-5476
---ebpf-pid----372714----pid-1
---ebpf-pid----372714----pid-1
---ebpf-pid----372714----pid-372714
---ebpf-pid----372714----pid-372714
---ebpf-pid----372714----pid-5476
---ebpf-pid----372714----pid-5476
---ebpf-pid----372714----pid-1
---ebpf-pid----372714----pid-1
---ebpf-pid----2029----pid-2029
---ebpf-pid----372714----pid-372714
---ebpf-pid----2029----pid-1
---ebpf-pid----372714----pid-5476
---ebpf-pid----2029----pid-2029
---ebpf-pid----2029----pid-1
---ebpf-pid----372714----pid-1
---ebpf-pid----2029----pid-2029
---ebpf-pid----372714----pid-372714
---ebpf-pid----2029----pid-1
---ebpf-pid----372714----pid-5476
---ebpf-pid----2029----pid-2029
---ebpf-pid----372881----pid-372881
---ebpf-pid----372714----pid-1
---ebpf-pid----372714----pid-372714
---ebpf-pid----372714----pid-5476
---ebpf-pid----372714----pid-1
---ebpf-pid----372714----pid-372714
---ebpf-pid----372714----pid-5476
---ebpf-pid----372714----pid-1
---ebpf-pid----372714----pid-372714
---ebpf-pid----372714----pid-5476
---ebpf-pid----372714----pid-1
---ebpf-pid----372714----pid-372714
---ebpf-pid----372714----pid-5476
---ebpf-pid----372714----pid-1
---ebpf-pid----372714----pid-372714
---ebpf-pid----372714----pid-5476
---ebpf-pid----372714----pid-1
---ebpf-pid----372714----pid-372714
---ebpf-pid----372714----pid-5476
---ebpf-pid----2029----pid-1
---ebpf-pid----372714----pid-1
---ebpf-pid----2029----pid-2029
---ebpf-pid----372714----pid-372714
---ebpf-pid----2029----pid-1
---ebpf-pid----372714----pid-5476
---ebpf-pid----2029----pid-2029
---ebpf-pid----2029----pid-1
---ebpf-pid----372714----pid-1
---ebpf-pid----2029----pid-2029
---ebpf-pid----372714----pid-372714
---ebpf-pid----2029----pid-1
---ebpf-pid----372714----pid-5476
---ebpf-pid----2029----pid-2029
---ebpf-pid----2029----pid-1
---ebpf-pid----2029----pid-2029
---ebpf-pid----2029----pid-1
---ebpf-pid----2029----pid-2029
---ebpf-pid----2029----pid-1
---ebpf-pid----2029----pid-2029
---ebpf-pid----2029----pid-1
---ebpf-pid----2029----pid-2029
---ebpf-pid----2029----pid-1
---ebpf-pid----2029----pid-2029
---ebpf-pid----2029----pid-1
---ebpf-pid----2029----pid-2029
---ebpf-pid----2029----pid-1
---ebpf-pid----2029----pid-2029
---ebpf-pid----2029----pid-1
---ebpf-pid----2029----pid-2029
---ebpf-pid----2029----pid-1
---ebpf-pid----2029----pid-2029
---ebpf-pid----2029----pid-1
---ebpf-pid----2029----pid-2029
---ebpf-pid----2029----pid-1
---ebpf-pid----2094----pid-2094
---ebpf-pid----2094----pid-1
---ebpf-pid----2094----pid-2094
---ebpf-pid----2094----pid-1
---ebpf-pid----2094----pid-2094
---ebpf-pid----2094----pid-1
---ebpf-pid----2094----pid-2094
---ebpf-pid----2094----pid-1
---ebpf-pid----2094----pid-2094
---ebpf-pid----2094----pid-1
---ebpf-pid----2094----pid-2094
---ebpf-pid----2094----pid-1
---ebpf-pid----372714----pid-5476
---ebpf-pid----2094----pid-2094
---ebpf-pid----372714----pid-1
---ebpf-pid----372714----pid-372714
---ebpf-pid----372881----pid-1
---ebpf-pid----372714----pid-5476
---ebpf-pid----372881----pid-372881
---ebpf-pid----372714----pid-1
---ebpf-pid----372714----pid-372714
---ebpf-pid----372881----pid-1
---ebpf-pid----372714----pid-1
---ebpf-pid----372881----pid-372881
---ebpf-pid----448785----pid-448785
---ebpf-pid----372714----pid-5476
---ebpf-pid----372714----pid-1
---ebpf-pid----448785----pid-448520
---ebpf-pid----372714----pid-372714
---ebpf-pid----448785----pid-1
---ebpf-pid----26----pid-26
---ebpf-pid----26----pid-2
---ebpf-pid----448782----pid-448782
---ebpf-pid----448782----pid-448520
---ebpf-pid----2094----pid-1
---ebpf-pid----2094----pid-2094
---ebpf-pid----2094----pid-1
---ebpf-pid----2094----pid-2094
---ebpf-pid----2094----pid-1
---ebpf-pid----2094----pid-2094
---ebpf-pid----2094----pid-1
---ebpf-pid----2094----pid-2094
---ebpf-pid----2094----pid-1
---ebpf-pid----2094----pid-2094
---ebpf-pid----2094----pid-1
---ebpf-pid----2094----pid-2094
---ebpf-pid----2094----pid-1
---ebpf-pid----2094----pid-2094
---ebpf-pid----2094----pid-1
---ebpf-pid----2094----pid-2094
---ebpf-pid----2094----pid-1
---ebpf-pid----372714----pid-5476
---ebpf-pid----448782----pid-1
---ebpf-pid----379067----pid-379067
---ebpf-pid----372714----pid-1
---ebpf-pid----379067----pid-5476
---ebpf-pid----372714----pid-372714
---ebpf-pid----379067----pid-1
---ebpf-pid----379067----pid-379067
---ebpf-pid----372881----pid-1
---ebpf-pid----372881----pid-372881
---ebpf-pid----379067----pid-5476
---ebpf-pid----379067----pid-1
---ebpf-pid----372881----pid-1
---ebpf-pid----379067----pid-379067
---ebpf-pid----372881----pid-372881
---ebpf-pid----372881----pid-1
---ebpf-pid----379067----pid-5476
---ebpf-pid----372881----pid-372881
---ebpf-pid----379067----pid-1
---ebpf-pid----372881----pid-1
---ebpf-pid----379067----pid-379067
---ebpf-pid----372881----pid-372881
---ebpf-pid----379067----pid-5476
---ebpf-pid----372881----pid-1
---ebpf-pid----372881----pid-372881
---ebpf-pid----379067----pid-1
---ebpf-pid----372714----pid-372714
---ebpf-pid----372881----pid-1
---ebpf-pid----372881----pid-372881
---ebpf-pid----372714----pid-5476
---ebpf-pid----372881----pid-1
---ebpf-pid----372714----pid-1
---ebpf-pid----372881----pid-372881
---ebpf-pid----372714----pid-372714
---ebpf-pid----372881----pid-1
---ebpf-pid----372714----pid-5476
---ebpf-pid----372881----pid-372881
---ebpf-pid----372714----pid-1
---ebpf-pid----372881----pid-1
---ebpf-pid----372714----pid-372714
---ebpf-pid----372881----pid-372881
---ebpf-pid----372714----pid-5476
---ebpf-pid----372881----pid-1
---ebpf-pid----372881----pid-372881
---ebpf-pid----372714----pid-1
---ebpf-pid----372714----pid-372714
---ebpf-pid----372714----pid-5476
---ebpf-pid----372714----pid-5476
---ebpf-pid----372714----pid-1
---ebpf-pid----2029----pid-2029
---ebpf-pid----372714----pid-1
---ebpf-pid----372714----pid-372714
---ebpf-pid----2029----pid-1
---ebpf-pid----2029----pid-2029
---ebpf-pid----372714----pid-5476
---ebpf-pid----2029----pid-1
---ebpf-pid----372714----pid-1
---ebpf-pid----2029----pid-2029
---ebpf-pid----372714----pid-372714
---ebpf-pid----2029----pid-1
---ebpf-pid----372714----pid-5476
---ebpf-pid----2029----pid-2029
---ebpf-pid----372714----pid-1
---ebpf-pid----2029----pid-1
---ebpf-pid----372714----pid-372714
---ebpf-pid----2029----pid-2029
---ebpf-pid----372714----pid-5476
---ebpf-pid----2029----pid-1
---ebpf-pid----2029----pid-2029
---ebpf-pid----372714----pid-1
---ebpf-pid----379067----pid-379067
---ebpf-pid----2029----pid-1
---ebpf-pid----2029----pid-2029
---ebpf-pid----379067----pid-5476
---ebpf-pid----2029----pid-1
---ebpf-pid----379067----pid-1
---ebpf-pid----2029----pid-2029
---ebpf-pid----379067----pid-379067
---ebpf-pid----379067----pid-5476
---ebpf-pid----379067----pid-1
---ebpf-pid----2094----pid-2094
---ebpf-pid----379067----pid-379067
---ebpf-pid----2094----pid-1
---ebpf-pid----2094----pid-2094
---ebpf-pid----379067----pid-5476
---ebpf-pid----2094----pid-1
---ebpf-pid----2094----pid-2094
---ebpf-pid----379067----pid-1
---ebpf-pid----2094----pid-1
---ebpf-pid----2094----pid-2094
---ebpf-pid----379067----pid-379067
---ebpf-pid----2094----pid-1
---ebpf-pid----379067----pid-5476
---ebpf-pid----2094----pid-2094
---ebpf-pid----379067----pid-1
---ebpf-pid----2094----pid-1
---ebpf-pid----373029----pid-373029
---ebpf-pid----2094----pid-2094
---ebpf-pid----373029----pid-5476
---ebpf-pid----2094----pid-1
---ebpf-pid----2094----pid-2094
---ebpf-pid----373029----pid-1
---ebpf-pid----373029----pid-373029
---ebpf-pid----2094----pid-1
---ebpf-pid----2094----pid-2094
---ebpf-pid----373029----pid-5476
---ebpf-pid----2094----pid-1
---ebpf-pid----373029----pid-1
---ebpf-pid----2094----pid-2094
---ebpf-pid----373029----pid-373029
---ebpf-pid----2094----pid-1
---ebpf-pid----2094----pid-2094
---ebpf-pid----373029----pid-5476
---ebpf-pid----373029----pid-1
---ebpf-pid----2094----pid-1
---ebpf-pid----373029----pid-373029
---ebpf-pid----2094----pid-2094
---ebpf-pid----373029----pid-5476
---ebpf-pid----2094----pid-1
---ebpf-pid----2094----pid-2094
---ebpf-pid----373029----pid-1
---ebpf-pid----373029----pid-373029
---ebpf-pid----2094----pid-1
---ebpf-pid----2094----pid-2094
---ebpf-pid----2094----pid-1
---ebpf-pid----373029----pid-5476
---ebpf-pid----2094----pid-2094
---ebpf-pid----2029----pid-1
---ebpf-pid----373029----pid-1
---ebpf-pid----2094----pid-1
---ebpf-pid----448782----pid-448782
---ebpf-pid----2029----pid-2029
---ebpf-pid----2094----pid-2094
---ebpf-pid----2029----pid-1
---ebpf-pid----448782----pid-448520
---ebpf-pid----2094----pid-1
---ebpf-pid----2029----pid-2029
---ebpf-pid----2094----pid-2094
---ebpf-pid----448782----pid-1
---ebpf-pid----2029----pid-1
---ebpf-pid----448782----pid-448782
---ebpf-pid----2094----pid-1
---ebpf-pid----372881----pid-372881
---ebpf-pid----2094----pid-2094
---ebpf-pid----448782----pid-448520
---ebpf-pid----372881----pid-1
---ebpf-pid----372881----pid-372881
---ebpf-pid----2094----pid-1
---ebpf-pid----448782----pid-1
---ebpf-pid----2094----pid-2094
---ebpf-pid----448782----pid-448782
---ebpf-pid----372881----pid-1
---ebpf-pid----372881----pid-372881
---ebpf-pid----2094----pid-1
---ebpf-pid----448782----pid-448520
---ebpf-pid----2094----pid-2094
---ebpf-pid----372881----pid-1
---ebpf-pid----372881----pid-372881
---ebpf-pid----448782----pid-1
---ebpf-pid----2094----pid-1
---ebpf-pid----2094----pid-2094
---ebpf-pid----448782----pid-448782
---ebpf-pid----372881----pid-1
---ebpf-pid----372881----pid-372881
---ebpf-pid----2094----pid-1
---ebpf-pid----448782----pid-448520
---ebpf-pid----2094----pid-2094
---ebpf-pid----372881----pid-1
---ebpf-pid----372881----pid-372881
---ebpf-pid----448782----pid-1
---ebpf-pid----2094----pid-1
---ebpf-pid----373029----pid-373029
---ebpf-pid----2094----pid-2094
---ebpf-pid----372881----pid-1
---ebpf-pid----372881----pid-372881
---ebpf-pid----373029----pid-5476
---ebpf-pid----2094----pid-1
---ebpf-pid----372881----pid-1
---ebpf-pid----2094----pid-2094
---ebpf-pid----373029----pid-1
---ebpf-pid----372881----pid-1
---ebpf-pid----373029----pid-373029
---ebpf-pid----372881----pid-372881
---ebpf-pid----372881----pid-1
---ebpf-pid----373029----pid-5476
---ebpf-pid----372881----pid-372881
---ebpf-pid----373029----pid-1
---ebpf-pid----372881----pid-1
---ebpf-pid----373029----pid-373029
---ebpf-pid----372881----pid-372881
---ebpf-pid----373029----pid-5476
---ebpf-pid----372881----pid-1
---ebpf-pid----372881----pid-372881
---ebpf-pid----373029----pid-1
---ebpf-pid----372881----pid-1
---ebpf-pid----373029----pid-373029
---ebpf-pid----372881----pid-372881
---ebpf-pid----373029----pid-5476
---ebpf-pid----372881----pid-1
---ebpf-pid----372881----pid-372881
---ebpf-pid----373029----pid-1
---ebpf-pid----372881----pid-1
---ebpf-pid----373029----pid-373029
---ebpf-pid----372881----pid-372881
---ebpf-pid----372881----pid-372881
---ebpf-pid----372881----pid-1
---ebpf-pid----373029----pid-5476
---ebpf-pid----372881----pid-372881
---ebpf-pid----373029----pid-1
---ebpf-pid----372881----pid-1
---ebpf-pid----372881----pid-372881
---ebpf-pid----448782----pid-448782
---ebpf-pid----372881----pid-1
---ebpf-pid----448782----pid-448520
---ebpf-pid----372881----pid-372881
---ebpf-pid----372881----pid-1
---ebpf-pid----448782----pid-1
---ebpf-pid----372881----pid-372881
---ebpf-pid----379067----pid-379067
---ebpf-pid----372881----pid-1
---ebpf-pid----372881----pid-372881
---ebpf-pid----379067----pid-5476
---ebpf-pid----372881----pid-1
---ebpf-pid----379067----pid-1
---ebpf-pid----372881----pid-372881
---ebpf-pid----379067----pid-379067
---ebpf-pid----372881----pid-1
---ebpf-pid----379067----pid-5476
---ebpf-pid----372881----pid-372881
---ebpf-pid----372881----pid-1
---ebpf-pid----379067----pid-1
---ebpf-pid----372881----pid-372881
---ebpf-pid----379067----pid-379067
---ebpf-pid----372881----pid-1
---ebpf-pid----372881----pid-1
---ebpf-pid----372881----pid-372881
---ebpf-pid----379067----pid-5476
---ebpf-pid----372881----pid-372881
---ebpf-pid----372881----pid-1
---ebpf-pid----372881----pid-1
---ebpf-pid----379067----pid-1
---ebpf-pid----372881----pid-372881
---ebpf-pid----372881----pid-372881
---ebpf-pid----379067----pid-379067
---ebpf-pid----372881----pid-1
---ebpf-pid----372881----pid-1
---ebpf-pid----379067----pid-5476
---ebpf-pid----372881----pid-372881
---ebpf-pid----372881----pid-372881
---ebpf-pid----372881----pid-1
---ebpf-pid----379067----pid-1
---ebpf-pid----372881----pid-372881
---ebpf-pid----372881----pid-1
---ebpf-pid----448782----pid-448782
---ebpf-pid----372881----pid-372881
---ebpf-pid----372881----pid-1
---ebpf-pid----372881----pid-372881
---ebpf-pid----448782----pid-448520
---ebpf-pid----372881----pid-1
---ebpf-pid----372881----pid-1
---ebpf-pid----372881----pid-372881
---ebpf-pid----372881----pid-372881
---ebpf-pid----448782----pid-1
---ebpf-pid----448782----pid-448782
---ebpf-pid----372881----pid-1
---ebpf-pid----372881----pid-1
---ebpf-pid----372881----pid-372881
---ebpf-pid----372881----pid-372881
---ebpf-pid----448782----pid-448520
---ebpf-pid----372881----pid-1
---ebpf-pid----372881----pid-372881
---ebpf-pid----448782----pid-1
---ebpf-pid----448782----pid-448782
---ebpf-pid----372881----pid-1
---ebpf-pid----372881----pid-372881
---ebpf-pid----448782----pid-448520
---ebpf-pid----372881----pid-1
---ebpf-pid----372881----pid-372881
---ebpf-pid----448782----pid-1
---ebpf-pid----372881----pid-1
---ebpf-pid----372881----pid-372881
---ebpf-pid----372881----pid-1
---ebpf-pid----372881----pid-372881
---ebpf-pid----448782----pid-448782
---ebpf-pid----372881----pid-1
---ebpf-pid----5707----pid-5707
---ebpf-pid----5707----pid-5476
Failed to get process information for PID 0
---ebpf-pid----5707----pid-1
---ebpf-pid----5707----pid-5707
---ebpf-pid----5707----pid-5476
---ebpf-pid----448782----pid-448520
---ebpf-pid----5707----pid-1
---ebpf-pid----2094----pid-1
---ebpf-pid----5707----pid-5707
---ebpf-pid----2094----pid-2094
---ebpf-pid----448782----pid-1
---ebpf-pid----448782----pid-448782
---ebpf-pid----5707----pid-5476
---ebpf-pid----2094----pid-1
---ebpf-pid----2094----pid-2094
---ebpf-pid----5707----pid-1
---ebpf-pid----448782----pid-448520
---ebpf-pid----372881----pid-372881
---ebpf-pid----2094----pid-1
---ebpf-pid----448782----pid-1
---ebpf-pid----372881----pid-1
---ebpf-pid----2094----pid-2094
---ebpf-pid----448782----pid-448782
---ebpf-pid----372881----pid-372881
---ebpf-pid----2094----pid-1
---ebpf-pid----372881----pid-1
---ebpf-pid----448782----pid-448520
---ebpf-pid----2094----pid-2094
---ebpf-pid----372881----pid-372881
---ebpf-pid----448782----pid-1
---ebpf-pid----372881----pid-1
---ebpf-pid----2094----pid-1
---ebpf-pid----448782----pid-448782
---ebpf-pid----372881----pid-372881
---ebpf-pid----2094----pid-2094
---ebpf-pid----372881----pid-1
---ebpf-pid----448782----pid-448520
---ebpf-pid----2094----pid-1
---ebpf-pid----372881----pid-372881
---ebpf-pid----2094----pid-2094
---ebpf-pid----448782----pid-1
---ebpf-pid----372881----pid-1
---ebpf-pid----448782----pid-448782
---ebpf-pid----372881----pid-372881
---ebpf-pid----2094----pid-1
---ebpf-pid----2094----pid-2094
---ebpf-pid----448782----pid-448520
---ebpf-pid----372881----pid-1
---ebpf-pid----372881----pid-372881
---ebpf-pid----2094----pid-1
---ebpf-pid----448782----pid-1
---ebpf-pid----2094----pid-2094
---ebpf-pid----448782----pid-448782
---ebpf-pid----372881----pid-1
---ebpf-pid----372881----pid-372881
---ebpf-pid----2094----pid-1
---ebpf-pid----448782----pid-448520
---ebpf-pid----2094----pid-2094
---ebpf-pid----372881----pid-1
---ebpf-pid----372881----pid-372881
---ebpf-pid----448782----pid-1
---ebpf-pid----2094----pid-1
---ebpf-pid----372881----pid-1
---ebpf-pid----448782----pid-448782
---ebpf-pid----2094----pid-2094
---ebpf-pid----372881----pid-372881
---ebpf-pid----448782----pid-448520
---ebpf-pid----2094----pid-1
---ebpf-pid----372881----pid-1
---ebpf-pid----2094----pid-2094
---ebpf-pid----372881----pid-372881
---ebpf-pid----448782----pid-1
---ebpf-pid----372881----pid-1
---ebpf-pid----372881----pid-372881
---ebpf-pid----448782----pid-448782
---ebpf-pid----372881----pid-1
---ebpf-pid----372881----pid-372881
---ebpf-pid----448782----pid-448520
---ebpf-pid----372881----pid-1
---ebpf-pid----372881----pid-372881
---ebpf-pid----448782----pid-1
---ebpf-pid----372881----pid-1
---ebpf-pid----372881----pid-372881
---ebpf-pid----448782----pid-448782
---ebpf-pid----372881----pid-1
---ebpf-pid----372881----pid-372881
---ebpf-pid----448782----pid-448520
---ebpf-pid----372881----pid-1
---ebpf-pid----372881----pid-372881
---ebpf-pid----372881----pid-1
---ebpf-pid----448782----pid-1
---ebpf-pid----372881----pid-1
---ebpf-pid----372881----pid-372881
---ebpf-pid----372881----pid-372881
---ebpf-pid----448782----pid-448782
---ebpf-pid----372881----pid-1
---ebpf-pid----372881----pid-1
---ebpf-pid----448782----pid-448520
---ebpf-pid----372881----pid-372881
---ebpf-pid----372881----pid-372881
---ebpf-pid----448782----pid-1
---ebpf-pid----372881----pid-1
---ebpf-pid----448782----pid-448782
---ebpf-pid----372881----pid-1
---ebpf-pid----372881----pid-372881
---ebpf-pid----372881----pid-372881
---ebpf-pid----448782----pid-448520
---ebpf-pid----372881----pid-1
---ebpf-pid----372881----pid-1
---ebpf-pid----372881----pid-372881
---ebpf-pid----448782----pid-1
---ebpf-pid----372881----pid-372881
---ebpf-pid----448782----pid-448782
---ebpf-pid----372881----pid-1
---ebpf-pid----372881----pid-372881
---ebpf-pid----372881----pid-1
---ebpf-pid----448782----pid-448520
---ebpf-pid----372881----pid-372881
---ebpf-pid----372881----pid-1
---ebpf-pid----448782----pid-1
---ebpf-pid----372881----pid-372881
---ebpf-pid----372881----pid-1
---ebpf-pid----448782----pid-448782
---ebpf-pid----372881----pid-372881
---ebpf-pid----372881----pid-1
---ebpf-pid----448782----pid-448520
---ebpf-pid----372881----pid-372881
---ebpf-pid----372881----pid-1
---ebpf-pid----372881----pid-372881
---ebpf-pid----372881----pid-1
---ebpf-pid----448782----pid-1
---ebpf-pid----372881----pid-372881
---ebpf-pid----448782----pid-448782
---ebpf-pid----372881----pid-1
---ebpf-pid----372881----pid-372881
---ebpf-pid----372881----pid-1
---ebpf-pid----448782----pid-448520
---ebpf-pid----372881----pid-372881
---ebpf-pid----372881----pid-1
---ebpf-pid----372881----pid-372881
---ebpf-pid----448782----pid-1
---ebpf-pid----372881----pid-1
---ebpf-pid----372881----pid-372881
---ebpf-pid----372881----pid-1
---ebpf-pid----5637----pid-5637
---ebpf-pid----372881----pid-372881
---ebpf-pid----372881----pid-1
---ebpf-pid----372881----pid-372881
---ebpf-pid----372881----pid-1
---ebpf-pid----5637----pid-1
---ebpf-pid----372881----pid-1
---ebpf-pid----372881----pid-372881
---ebpf-pid----5637----pid-5637
---ebpf-pid----372881----pid-372881
---ebpf-pid----372881----pid-1
---ebpf-pid----5637----pid-1
---ebpf-pid----372881----pid-1
---ebpf-pid----372881----pid-372881
---ebpf-pid----448546----pid-448546
---ebpf-pid----372881----pid-372881
---ebpf-pid----448546----pid-1
---ebpf-pid----372881----pid-1
---ebpf-pid----372881----pid-1
---ebpf-pid----372881----pid-372881
---ebpf-pid----377755----pid-377755
---ebpf-pid----372881----pid-372881
---ebpf-pid----372881----pid-1
---ebpf-pid----372881----pid-1
---ebpf-pid----377755----pid-1
---ebpf-pid----372881----pid-372881
---ebpf-pid----372881----pid-372881
---ebpf-pid----377755----pid-377755
---ebpf-pid----372881----pid-1
---ebpf-pid----377755----pid-1
---ebpf-pid----372881----pid-1
---ebpf-pid----372881----pid-372881
---ebpf-pid----377755----pid-377755
---ebpf-pid----372881----pid-372881
---ebpf-pid----372881----pid-1
---ebpf-pid----372881----pid-372881
---ebpf-pid----372881----pid-1
---ebpf-pid----377755----pid-1
---ebpf-pid----377755----pid-377755
---ebpf-pid----372881----pid-372881
---ebpf-pid----372881----pid-1
---ebpf-pid----372881----pid-372881
---ebpf-pid----372881----pid-1
---ebpf-pid----377755----pid-1
---ebpf-pid----372881----pid-372881
---ebpf-pid----372881----pid-1
---ebpf-pid----448782----pid-448782
---ebpf-pid----372881----pid-372881
---ebpf-pid----372881----pid-1
---ebpf-pid----372881----pid-372881
---ebpf-pid----372881----pid-1
---ebpf-pid----448782----pid-448520
---ebpf-pid----372881----pid-372881
---ebpf-pid----372881----pid-1
---ebpf-pid----448782----pid-1
---ebpf-pid----372881----pid-372881
---ebpf-pid----377755----pid-377755
---ebpf-pid----372881----pid-1
---ebpf-pid----372881----pid-1
---ebpf-pid----372881----pid-372881
---ebpf-pid----2088----pid-2088
---ebpf-pid----377755----pid-1
---ebpf-pid----5614----pid-5614
---ebpf-pid----372881----pid-1
---ebpf-pid----2088----pid-1
---ebpf-pid----2088----pid-2088
---ebpf-pid----372881----pid-372881
---ebpf-pid----5614----pid-1
---ebpf-pid----448782----pid-448782
---ebpf-pid----2088----pid-1
---ebpf-pid----372881----pid-1
---ebpf-pid----2088----pid-2088
---ebpf-pid----372881----pid-372881
---ebpf-pid----448782----pid-448520
---ebpf-pid----2088----pid-1
---ebpf-pid----2088----pid-2088
---ebpf-pid----372881----pid-1
---ebpf-pid----448782----pid-1
---ebpf-pid----2094----pid-1
---ebpf-pid----2088----pid-1
---ebpf-pid----2088----pid-2088
---ebpf-pid----379067----pid-379067
---ebpf-pid----2088----pid-1
---ebpf-pid----2094----pid-2094
---ebpf-pid----2088----pid-2088
---ebpf-pid----2088----pid-1
---ebpf-pid----2094----pid-1
---ebpf-pid----2088----pid-2088
---ebpf-pid----2094----pid-2094
---ebpf-pid----2088----pid-1
---ebpf-pid----2094----pid-1
---ebpf-pid----2088----pid-2088
---ebpf-pid----2094----pid-2094
---ebpf-pid----2088----pid-1
---ebpf-pid----2094----pid-1
---ebpf-pid----2088----pid-2088
---ebpf-pid----2094----pid-2094
---ebpf-pid----2088----pid-1
---ebpf-pid----2094----pid-1
---ebpf-pid----2088----pid-2088
---ebpf-pid----2094----pid-2094
---ebpf-pid----2088----pid-1
---ebpf-pid----2088----pid-2088
---ebpf-pid----2094----pid-1
---ebpf-pid----2094----pid-2094
---ebpf-pid----2088----pid-1
---ebpf-pid----2088----pid-2088
---ebpf-pid----2094----pid-1
---ebpf-pid----2094----pid-2094
---ebpf-pid----2088----pid-1
---ebpf-pid----2088----pid-2088
---ebpf-pid----2094----pid-1
---ebpf-pid----2088----pid-1
---ebpf-pid----2094----pid-2094
---ebpf-pid----2088----pid-2088
---ebpf-pid----2094----pid-1
---ebpf-pid----2088----pid-1
---ebpf-pid----2029----pid-2029
---ebpf-pid----2088----pid-2088
---ebpf-pid----2088----pid-1
---ebpf-pid----2029----pid-1
---ebpf-pid----2088----pid-2088
---ebpf-pid----372881----pid-372881
---ebpf-pid----2029----pid-2029
---ebpf-pid----2029----pid-1
---ebpf-pid----372881----pid-1
---ebpf-pid----372881----pid-372881
---ebpf-pid----372881----pid-1
---ebpf-pid----379067----pid-5476
---ebpf-pid----2029----pid-2029
---ebpf-pid----2029----pid-1
---ebpf-pid----372881----pid-372881
---ebpf-pid----2029----pid-2029
---ebpf-pid----2029----pid-1
---ebpf-pid----2029----pid-2029
---ebpf-pid----379067----pid-1
---ebpf-pid----379067----pid-379067
---ebpf-pid----2029----pid-1
---ebpf-pid----2088----pid-1
---ebpf-pid----2029----pid-2029
---ebpf-pid----2088----pid-2088
---ebpf-pid----379067----pid-5476
---ebpf-pid----2029----pid-1
---ebpf-pid----2088----pid-1
---ebpf-pid----2029----pid-2029
---ebpf-pid----379067----pid-1
---ebpf-pid----2088----pid-2088
---ebpf-pid----379067----pid-379067
---ebpf-pid----2088----pid-1
---ebpf-pid----2029----pid-1
---ebpf-pid----2088----pid-2088
---ebpf-pid----2029----pid-2029
---ebpf-pid----2029----pid-1
---ebpf-pid----2088----pid-1
---ebpf-pid----2029----pid-2029
---ebpf-pid----2088----pid-2088
---ebpf-pid----372881----pid-1
---ebpf-pid----372881----pid-372881
---ebpf-pid----2088----pid-1
---ebpf-pid----2029----pid-1
---ebpf-pid----2088----pid-2088
---ebpf-pid----2029----pid-2029
---ebpf-pid----372881----pid-1
---ebpf-pid----372881----pid-372881
---ebpf-pid----2088----pid-1
---ebpf-pid----2029----pid-1
---ebpf-pid----2088----pid-2088
---ebpf-pid----2029----pid-2029
---ebpf-pid----372881----pid-1
---ebpf-pid----2088----pid-1
---ebpf-pid----372881----pid-372881
---ebpf-pid----2088----pid-2088
---ebpf-pid----2029----pid-1
---ebpf-pid----2029----pid-2029
---ebpf-pid----2088----pid-1
---ebpf-pid----372881----pid-1
---ebpf-pid----2088----pid-2088
---ebpf-pid----372881----pid-372881
---ebpf-pid----2029----pid-1
---ebpf-pid----2029----pid-2029
---ebpf-pid----2088----pid-1
---ebpf-pid----372881----pid-1
---ebpf-pid----2088----pid-2088
---ebpf-pid----372881----pid-372881
---ebpf-pid----2029----pid-1
---ebpf-pid----2088----pid-1
---ebpf-pid----2029----pid-2029
---ebpf-pid----2088----pid-2088
---ebpf-pid----372881----pid-1
---ebpf-pid----372881----pid-372881
---ebpf-pid----2029----pid-1
---ebpf-pid----2088----pid-1
---ebpf-pid----2088----pid-2088
---ebpf-pid----2029----pid-2029
---ebpf-pid----372881----pid-1
---ebpf-pid----372881----pid-372881
---ebpf-pid----2088----pid-1
---ebpf-pid----2029----pid-1
---ebpf-pid----2088----pid-2088
---ebpf-pid----2029----pid-2029
---ebpf-pid----372881----pid-1
---ebpf-pid----372881----pid-372881
---ebpf-pid----2088----pid-1
---ebpf-pid----2088----pid-2088
---ebpf-pid----2029----pid-1
---ebpf-pid----2029----pid-2029
---ebpf-pid----372881----pid-1
---ebpf-pid----2088----pid-1
---ebpf-pid----372881----pid-372881
---ebpf-pid----2029----pid-1
---ebpf-pid----2029----pid-2029
---ebpf-pid----372881----pid-1
---ebpf-pid----372881----pid-372881
---ebpf-pid----2029----pid-1
---ebpf-pid----2089----pid-2089
---ebpf-pid----372881----pid-1
---ebpf-pid----372881----pid-372881
---ebpf-pid----2089----pid-1
---ebpf-pid----2089----pid-2089
---ebpf-pid----372881----pid-1
---ebpf-pid----372881----pid-372881
---ebpf-pid----2089----pid-1
---ebpf-pid----2089----pid-2089
---ebpf-pid----372881----pid-1
---ebpf-pid----372881----pid-372881
---ebpf-pid----2089----pid-1
---ebpf-pid----2089----pid-2089
---ebpf-pid----372881----pid-1
---ebpf-pid----372881----pid-372881
---ebpf-pid----379067----pid-5476
---ebpf-pid----2089----pid-1
---ebpf-pid----2089----pid-2089
---ebpf-pid----379067----pid-1
---ebpf-pid----2089----pid-1
---ebpf-pid----2089----pid-2089
---ebpf-pid----379067----pid-379067
---ebpf-pid----2089----pid-1
---ebpf-pid----372881----pid-1
---ebpf-pid----372881----pid-372881
---ebpf-pid----372881----pid-1
---ebpf-pid----2089----pid-2089
---ebpf-pid----372881----pid-372881
---ebpf-pid----372881----pid-1
---ebpf-pid----379067----pid-5476
---ebpf-pid----372881----pid-372881
---ebpf-pid----372881----pid-1
---ebpf-pid----372881----pid-372881
---ebpf-pid----2089----pid-1
---ebpf-pid----2089----pid-2089
---ebpf-pid----379067----pid-1
---ebpf-pid----2089----pid-1
---ebpf-pid----379067----pid-379067
---ebpf-pid----2089----pid-2089
---ebpf-pid----2089----pid-1
---ebpf-pid----2089----pid-2089
---ebpf-pid----2089----pid-1
---ebpf-pid----2089----pid-2089
---ebpf-pid----379067----pid-5476
---ebpf-pid----2089----pid-1
---ebpf-pid----2089----pid-2089
---ebpf-pid----2089----pid-1
---ebpf-pid----2089----pid-2089
---ebpf-pid----379067----pid-1
---ebpf-pid----2089----pid-1
---ebpf-pid----2089----pid-2089
---ebpf-pid----379067----pid-379067
---ebpf-pid----2089----pid-1
---ebpf-pid----2089----pid-2089
---ebpf-pid----379067----pid-5476
---ebpf-pid----379067----pid-1
---ebpf-pid----379067----pid-379067
---ebpf-pid----379067----pid-5476
---ebpf-pid----379067----pid-1
---ebpf-pid----379067----pid-379067
---ebpf-pid----379067----pid-5476
---ebpf-pid----379067----pid-1
---ebpf-pid----379067----pid-379067
---ebpf-pid----379067----pid-5476
---ebpf-pid----379067----pid-1
---ebpf-pid----379067----pid-379067
---ebpf-pid----379067----pid-5476
---ebpf-pid----379067----pid-1
---ebpf-pid----379067----pid-379067
---ebpf-pid----379067----pid-5476
---ebpf-pid----379067----pid-1
---ebpf-pid----379067----pid-379067
---ebpf-pid----379067----pid-5476
---ebpf-pid----379067----pid-1
---ebpf-pid----379067----pid-379067
---ebpf-pid----379067----pid-5476
---ebpf-pid----372881----pid-1
---ebpf-pid----372881----pid-372881
---ebpf-pid----379067----pid-1
---ebpf-pid----379067----pid-379067
---ebpf-pid----372881----pid-1
---ebpf-pid----372881----pid-372881
---ebpf-pid----379067----pid-5476
---ebpf-pid----372881----pid-1
---ebpf-pid----372881----pid-372881
---ebpf-pid----372881----pid-1
---ebpf-pid----379067----pid-1
---ebpf-pid----372881----pid-372881
---ebpf-pid----379067----pid-379067
---ebpf-pid----372881----pid-1
---ebpf-pid----379067----pid-5476
---ebpf-pid----372881----pid-372881
---ebpf-pid----379067----pid-1
---ebpf-pid----372881----pid-1
---ebpf-pid----379067----pid-379067
---ebpf-pid----372881----pid-372881
---ebpf-pid----379067----pid-5476
---ebpf-pid----372881----pid-1
---ebpf-pid----379067----pid-1
---ebpf-pid----372881----pid-372881
---ebpf-pid----379067----pid-379067
---ebpf-pid----372881----pid-1
---ebpf-pid----379067----pid-5476
---ebpf-pid----372881----pid-372881
---ebpf-pid----379067----pid-1
---ebpf-pid----372881----pid-1
---ebpf-pid----379067----pid-379067
---ebpf-pid----372881----pid-372881
---ebpf-pid----379067----pid-5476
---ebpf-pid----372881----pid-1
---ebpf-pid----372881----pid-372881
---ebpf-pid----379067----pid-1
---ebpf-pid----379067----pid-379067
---ebpf-pid----372881----pid-1
---ebpf-pid----2094----pid-2094
---ebpf-pid----379067----pid-5476
---ebpf-pid----2094----pid-1
---ebpf-pid----2094----pid-2094
---ebpf-pid----379067----pid-1
---ebpf-pid----379067----pid-379067
---ebpf-pid----2094----pid-1
---ebpf-pid----2094----pid-2094
---ebpf-pid----2094----pid-1
---ebpf-pid----379067----pid-5476
---ebpf-pid----2094----pid-2094
---ebpf-pid----379067----pid-1
---ebpf-pid----2094----pid-1
---ebpf-pid----379067----pid-379067
---ebpf-pid----2094----pid-2094
---ebpf-pid----2094----pid-1
---ebpf-pid----379067----pid-5476
---ebpf-pid----2094----pid-2094
---ebpf-pid----379067----pid-1
---ebpf-pid----448783----pid-448783
---ebpf-pid----2094----pid-1
---ebpf-pid----2094----pid-2094
---ebpf-pid----448783----pid-448520
---ebpf-pid----2094----pid-1
---ebpf-pid----2094----pid-2094
---ebpf-pid----448783----pid-1
---ebpf-pid----448783----pid-448783
---ebpf-pid----2094----pid-1
---ebpf-pid----2094----pid-2094
---ebpf-pid----448783----pid-448520
---ebpf-pid----2094----pid-1
---ebpf-pid----448783----pid-1
---ebpf-pid----448783----pid-448783
---ebpf-pid----448783----pid-448520
---ebpf-pid----448783----pid-1
---ebpf-pid----5707----pid-5707
---ebpf-pid----5707----pid-5476
---ebpf-pid----5707----pid-1
---ebpf-pid----5707----pid-5707
---ebpf-pid----5707----pid-5476
---ebpf-pid----5707----pid-1
---ebpf-pid----5707----pid-5707
---ebpf-pid----2089----pid-1
---ebpf-pid----5707----pid-5476
---ebpf-pid----2089----pid-2089
---ebpf-pid----5707----pid-1
---ebpf-pid----2089----pid-1
---ebpf-pid----2089----pid-2089
---ebpf-pid----373029----pid-373029
---ebpf-pid----2089----pid-1
---ebpf-pid----2089----pid-2089
---ebpf-pid----373029----pid-5476
---ebpf-pid----2089----pid-1
---ebpf-pid----373029----pid-1
---ebpf-pid----2088----pid-2088
---ebpf-pid----448785----pid-448785
---ebpf-pid----2088----pid-1
---ebpf-pid----448785----pid-448520
---ebpf-pid----2088----pid-2088
---ebpf-pid----448785----pid-1
---ebpf-pid----2088----pid-1
---ebpf-pid----448785----pid-448785
---ebpf-pid----2088----pid-2088
---ebpf-pid----2088----pid-1
---ebpf-pid----2088----pid-2088
---ebpf-pid----448785----pid-448520
---ebpf-pid----2088----pid-1
---ebpf-pid----448785----pid-1
---ebpf-pid----2088----pid-2088
---ebpf-pid----448785----pid-448785
---ebpf-pid----2088----pid-1
---ebpf-pid----2088----pid-2088
---ebpf-pid----2088----pid-1
---ebpf-pid----2088----pid-2088
---ebpf-pid----2088----pid-1
---ebpf-pid----2088----pid-2088
---ebpf-pid----448785----pid-448520
---ebpf-pid----2088----pid-1
---ebpf-pid----2088----pid-2088
---ebpf-pid----448785----pid-1
---ebpf-pid----5707----pid-5707
---ebpf-pid----2088----pid-1
---ebpf-pid----2088----pid-2088
---ebpf-pid----5707----pid-5476
---ebpf-pid----2088----pid-1
---ebpf-pid----5707----pid-1
---ebpf-pid----2088----pid-2088
---ebpf-pid----5707----pid-5707
---ebpf-pid----2094----pid-2094
---ebpf-pid----2094----pid-1
---ebpf-pid----2094----pid-2094
---ebpf-pid----2094----pid-1
---ebpf-pid----2094----pid-2094
---ebpf-pid----2094----pid-1
---ebpf-pid----2094----pid-2094
---ebpf-pid----2094----pid-1
---ebpf-pid----2094----pid-2094
---ebpf-pid----2094----pid-1
---ebpf-pid----2094----pid-2094
---ebpf-pid----2088----pid-1
---ebpf-pid----2094----pid-1
---ebpf-pid----2088----pid-2088
---ebpf-pid----2094----pid-2094
---ebpf-pid----2088----pid-1
---ebpf-pid----2094----pid-1
---ebpf-pid----2088----pid-2088
---ebpf-pid----2094----pid-2094
---ebpf-pid----2088----pid-1
---ebpf-pid----2094----pid-1
---ebpf-pid----2088----pid-2088
---ebpf-pid----2094----pid-2094
---ebpf-pid----2088----pid-1
---ebpf-pid----2094----pid-1
---ebpf-pid----2088----pid-2088
---ebpf-pid----2094----pid-2094
---ebpf-pid----2088----pid-1
---ebpf-pid----2094----pid-1
---ebpf-pid----2088----pid-2088
---ebpf-pid----2089----pid-2089
---ebpf-pid----2088----pid-1
---ebpf-pid----2088----pid-2088
---ebpf-pid----2089----pid-1
---ebpf-pid----2089----pid-2089
---ebpf-pid----2088----pid-1
---ebpf-pid----2088----pid-2088
---ebpf-pid----2089----pid-1
---ebpf-pid----2089----pid-2089
---ebpf-pid----2088----pid-1
---ebpf-pid----2088----pid-2088
---ebpf-pid----2089----pid-1
---ebpf-pid----2089----pid-2089
---ebpf-pid----2088----pid-1
---ebpf-pid----2089----pid-1
---ebpf-pid----2088----pid-2088
---ebpf-pid----2089----pid-2089
---ebpf-pid----2088----pid-1
---ebpf-pid----2088----pid-2088
---ebpf-pid----5707----pid-5476
---ebpf-pid----2088----pid-1
---ebpf-pid----2088----pid-2088
---ebpf-pid----5707----pid-1
---ebpf-pid----5707----pid-5707
---ebpf-pid----2088----pid-1
---ebpf-pid----2088----pid-2088
---ebpf-pid----5707----pid-5476
---ebpf-pid----2088----pid-1
---ebpf-pid----5707----pid-1
---ebpf-pid----2088----pid-2088
---ebpf-pid----5707----pid-5707
---ebpf-pid----2088----pid-1
---ebpf-pid----5707----pid-5476
---ebpf-pid----2088----pid-2088
---ebpf-pid----5707----pid-1
---ebpf-pid----2088----pid-1
---ebpf-pid----5707----pid-5707
---ebpf-pid----2088----pid-2088
---ebpf-pid----5707----pid-5476
---ebpf-pid----2088----pid-1
---ebpf-pid----2088----pid-2088
---ebpf-pid----5707----pid-1
---ebpf-pid----448783----pid-448783
---ebpf-pid----2088----pid-1
---ebpf-pid----2088----pid-2088
---ebpf-pid----2088----pid-1
---ebpf-pid----2088----pid-2088
---ebpf-pid----2088----pid-1
---ebpf-pid----373029----pid-373029
---ebpf-pid----373029----pid-5476
---ebpf-pid----373029----pid-1
---ebpf-pid----373029----pid-373029
---ebpf-pid----448783----pid-448520
---ebpf-pid----448783----pid-1
---ebpf-pid----448783----pid-448783
---ebpf-pid----448783----pid-448520
---ebpf-pid----448783----pid-1
---ebpf-pid----5707----pid-5707
---ebpf-pid----5707----pid-5476
---ebpf-pid----5707----pid-1
---ebpf-pid----5707----pid-5707
---ebpf-pid----5707----pid-5476
---ebpf-pid----5707----pid-1
---ebpf-pid----5707----pid-5707
---ebpf-pid----5707----pid-5476
---ebpf-pid----5707----pid-1
---ebpf-pid----5707----pid-5707
---ebpf-pid----5707----pid-5476
---ebpf-pid----5707----pid-1
---ebpf-pid----5707----pid-5707
---ebpf-pid----5707----pid-5476
---ebpf-pid----5707----pid-1
---ebpf-pid----5707----pid-5707
---ebpf-pid----5707----pid-5476
---ebpf-pid----373029----pid-5476
---ebpf-pid----5707----pid-1
---ebpf-pid----373029----pid-1
---ebpf-pid----5707----pid-5707
---ebpf-pid----373029----pid-373029
---ebpf-pid----5707----pid-5476
---ebpf-pid----373029----pid-5476
---ebpf-pid----5707----pid-1
---ebpf-pid----373029----pid-1
---ebpf-pid----5707----pid-5707
---ebpf-pid----373029----pid-373029
---ebpf-pid----5707----pid-5476
---ebpf-pid----373029----pid-5476
---ebpf-pid----5707----pid-1
---ebpf-pid----373029----pid-1
---ebpf-pid----5707----pid-5707
---ebpf-pid----373029----pid-373029
---ebpf-pid----5707----pid-5476
---ebpf-pid----373029----pid-5476
---ebpf-pid----5707----pid-1
---ebpf-pid----373029----pid-1
---ebpf-pid----5707----pid-5707
---ebpf-pid----373029----pid-373029
---ebpf-pid----5707----pid-5476
---ebpf-pid----373029----pid-5476
---ebpf-pid----5707----pid-1
---ebpf-pid----373029----pid-1
---ebpf-pid----5707----pid-5707
---ebpf-pid----373029----pid-373029
---ebpf-pid----5707----pid-5476
---ebpf-pid----373029----pid-5476
---ebpf-pid----5707----pid-1
---ebpf-pid----373029----pid-1
---ebpf-pid----5707----pid-5707
---ebpf-pid----373029----pid-373029
---ebpf-pid----5707----pid-5476
---ebpf-pid----373029----pid-5476
---ebpf-pid----5707----pid-1
---ebpf-pid----373029----pid-1
---ebpf-pid----5707----pid-5707
---ebpf-pid----373029----pid-373029
---ebpf-pid----5707----pid-5476
---ebpf-pid----373029----pid-5476
---ebpf-pid----5707----pid-1
---ebpf-pid----373029----pid-1
---ebpf-pid----5707----pid-5707
---ebpf-pid----379067----pid-379067
---ebpf-pid----2089----pid-1
---ebpf-pid----2089----pid-2089
---ebpf-pid----2089----pid-1
---ebpf-pid----2089----pid-2089
---ebpf-pid----2089----pid-1
---ebpf-pid----2089----pid-2089
---ebpf-pid----2089----pid-1
---ebpf-pid----2089----pid-2089
---ebpf-pid----2089----pid-1
---ebpf-pid----2089----pid-2089
---ebpf-pid----372881----pid-372881
---ebpf-pid----2089----pid-1
---ebpf-pid----2089----pid-2089
---ebpf-pid----372881----pid-1
---ebpf-pid----379067----pid-5476
---ebpf-pid----372881----pid-372881
---ebpf-pid----2089----pid-1
---ebpf-pid----2089----pid-2089
---ebpf-pid----372881----pid-1
---ebpf-pid----379067----pid-1
---ebpf-pid----372881----pid-372881
---ebpf-pid----379067----pid-379067
---ebpf-pid----2089----pid-1
---ebpf-pid----2089----pid-2089
---ebpf-pid----372881----pid-1
---ebpf-pid----372881----pid-372881
---ebpf-pid----379067----pid-5476
---ebpf-pid----2089----pid-1
---ebpf-pid----372881----pid-1
---ebpf-pid----2089----pid-2089
---ebpf-pid----379067----pid-1
---ebpf-pid----372881----pid-372881
---ebpf-pid----373029----pid-373029
---ebpf-pid----2089----pid-1
---ebpf-pid----2089----pid-2089
---ebpf-pid----372881----pid-1
---ebpf-pid----373029----pid-5476
---ebpf-pid----372881----pid-372881
---ebpf-pid----2089----pid-1
---ebpf-pid----372881----pid-1
---ebpf-pid----373029----pid-1
---ebpf-pid----2089----pid-2089
---ebpf-pid----372881----pid-372881
---ebpf-pid----373029----pid-373029
---ebpf-pid----2089----pid-1
---ebpf-pid----372881----pid-1
---ebpf-pid----2089----pid-2089
---ebpf-pid----372881----pid-372881
---ebpf-pid----2089----pid-1
---ebpf-pid----372881----pid-1
---ebpf-pid----2089----pid-2089
---ebpf-pid----372881----pid-372881
---ebpf-pid----372881----pid-1
---ebpf-pid----2089----pid-1
---ebpf-pid----372881----pid-372881
---ebpf-pid----2089----pid-2089
---ebpf-pid----373029----pid-5476
---ebpf-pid----372881----pid-1
---ebpf-pid----2089----pid-1
---ebpf-pid----372881----pid-372881
---ebpf-pid----2094----pid-2094
---ebpf-pid----373029----pid-1
---ebpf-pid----372881----pid-1
---ebpf-pid----373029----pid-373029
---ebpf-pid----372881----pid-372881
---ebpf-pid----372881----pid-1
---ebpf-pid----372881----pid-372881
---ebpf-pid----2094----pid-1
---ebpf-pid----2094----pid-2094
---ebpf-pid----372881----pid-1
---ebpf-pid----372881----pid-372881
---ebpf-pid----2094----pid-1
---ebpf-pid----2094----pid-2094
---ebpf-pid----372881----pid-1
---ebpf-pid----372881----pid-372881
---ebpf-pid----2094----pid-1
---ebpf-pid----2094----pid-2094
---ebpf-pid----372881----pid-1
---ebpf-pid----372881----pid-372881
---ebpf-pid----2094----pid-1
---ebpf-pid----2094----pid-2094
---ebpf-pid----372881----pid-1
---ebpf-pid----372881----pid-372881
---ebpf-pid----2094----pid-1
---ebpf-pid----372881----pid-1
---ebpf-pid----2094----pid-2094
---ebpf-pid----372881----pid-372881
---ebpf-pid----2094----pid-1
---ebpf-pid----372881----pid-1
---ebpf-pid----372881----pid-372881
---ebpf-pid----2094----pid-2094
---ebpf-pid----372881----pid-1
---ebpf-pid----373029----pid-5476
---ebpf-pid----373029----pid-1
---ebpf-pid----373029----pid-373029
---ebpf-pid----373029----pid-5476
---ebpf-pid----373029----pid-1
---ebpf-pid----373029----pid-373029
---ebpf-pid----373029----pid-5476
---ebpf-pid----373029----pid-1
---ebpf-pid----372714----pid-372714
---ebpf-pid----5707----pid-5476
---ebpf-pid----372714----pid-5476
---ebpf-pid----5707----pid-1
---ebpf-pid----372714----pid-1
---ebpf-pid----5707----pid-5707
---ebpf-pid----372714----pid-372714
---ebpf-pid----5707----pid-5476
---ebpf-pid----372714----pid-5476
---ebpf-pid----5707----pid-1
---ebpf-pid----372714----pid-1
---ebpf-pid----5707----pid-5707
---ebpf-pid----373029----pid-373029
---ebpf-pid----5707----pid-5476
---ebpf-pid----373029----pid-5476
---ebpf-pid----5707----pid-1
---ebpf-pid----373029----pid-1
---ebpf-pid----5707----pid-5707
---ebpf-pid----372881----pid-372881
---ebpf-pid----372881----pid-1
---ebpf-pid----372881----pid-372881
---ebpf-pid----5707----pid-5476
---ebpf-pid----372881----pid-1
---ebpf-pid----5707----pid-1
---ebpf-pid----373029----pid-373029
---ebpf-pid----5707----pid-5707
---ebpf-pid----373029----pid-5476
---ebpf-pid----2094----pid-1
---ebpf-pid----373029----pid-1
---ebpf-pid----372881----pid-372881
---ebpf-pid----2094----pid-2094
---ebpf-pid----372881----pid-1
---ebpf-pid----2094----pid-1
---ebpf-pid----372881----pid-372881
---ebpf-pid----2094----pid-2094
---ebpf-pid----372881----pid-1
---ebpf-pid----2094----pid-1
---ebpf-pid----372881----pid-372881
---ebpf-pid----2088----pid-2088
---ebpf-pid----372881----pid-1
---ebpf-pid----2088----pid-1
---ebpf-pid----372881----pid-372881
---ebpf-pid----2088----pid-2088
---ebpf-pid----372881----pid-1
---ebpf-pid----2088----pid-1
---ebpf-pid----372881----pid-372881
---ebpf-pid----2088----pid-2088
---ebpf-pid----372881----pid-1
---ebpf-pid----2088----pid-1
---ebpf-pid----372881----pid-372881
---ebpf-pid----2088----pid-2088
---ebpf-pid----372881----pid-1
---ebpf-pid----2088----pid-1
---ebpf-pid----372881----pid-372881
---ebpf-pid----2088----pid-2088
---ebpf-pid----372881----pid-1
---ebpf-pid----5707----pid-5476
---ebpf-pid----372881----pid-372881
---ebpf-pid----5707----pid-1
---ebpf-pid----5707----pid-5707
---ebpf-pid----372881----pid-1
---ebpf-pid----372881----pid-372881
---ebpf-pid----5707----pid-5476
---ebpf-pid----372881----pid-1
---ebpf-pid----372881----pid-372881
---ebpf-pid----5707----pid-1
---ebpf-pid----5707----pid-5707
---ebpf-pid----372881----pid-1
---ebpf-pid----372881----pid-372881
---ebpf-pid----5707----pid-5476
---ebpf-pid----372881----pid-1
---ebpf-pid----5707----pid-1
---ebpf-pid----372881----pid-372881
---ebpf-pid----5707----pid-5707
---ebpf-pid----372881----pid-1
---ebpf-pid----5707----pid-5476
---ebpf-pid----372881----pid-372881
---ebpf-pid----5707----pid-1
---ebpf-pid----372881----pid-1
---ebpf-pid----5707----pid-5707
---ebpf-pid----372881----pid-372881
---ebpf-pid----5707----pid-5476
---ebpf-pid----372881----pid-1
---ebpf-pid----372881----pid-372881
---ebpf-pid----5707----pid-1
---ebpf-pid----5707----pid-5707
---ebpf-pid----372881----pid-1
---ebpf-pid----372881----pid-372881
---ebpf-pid----5707----pid-5476
---ebpf-pid----372881----pid-1
---ebpf-pid----5707----pid-1
---ebpf-pid----372881----pid-372881
---ebpf-pid----5707----pid-5707
---ebpf-pid----372881----pid-1
---ebpf-pid----5707----pid-5476
---ebpf-pid----372881----pid-372881
---ebpf-pid----5707----pid-1
---ebpf-pid----372881----pid-1
---ebpf-pid----5707----pid-5707
---ebpf-pid----372881----pid-372881
---ebpf-pid----5707----pid-5476
---ebpf-pid----372881----pid-1
---ebpf-pid----372881----pid-372881
---ebpf-pid----372881----pid-372881
---ebpf-pid----5707----pid-1
---ebpf-pid----5707----pid-5707
---ebpf-pid----372881----pid-1
---ebpf-pid----372881----pid-1
---ebpf-pid----372881----pid-372881
---ebpf-pid----5707----pid-5476
---ebpf-pid----372881----pid-372881
---ebpf-pid----372881----pid-1
---ebpf-pid----372881----pid-372881
---ebpf-pid----2088----pid-1
---ebpf-pid----2088----pid-2088
---ebpf-pid----372881----pid-1
---ebpf-pid----372881----pid-372881
---ebpf-pid----2088----pid-1
---ebpf-pid----2088----pid-2088
---ebpf-pid----372881----pid-1
---ebpf-pid----372881----pid-372881
---ebpf-pid----2088----pid-1
---ebpf-pid----2088----pid-2088
---ebpf-pid----372881----pid-1
---ebpf-pid----2088----pid-1
---ebpf-pid----372881----pid-372881
---ebpf-pid----2088----pid-2088
---ebpf-pid----372881----pid-1
---ebpf-pid----2088----pid-1
---ebpf-pid----372881----pid-372881
---ebpf-pid----2088----pid-2088
---ebpf-pid----372881----pid-1
---ebpf-pid----2088----pid-1
---ebpf-pid----372881----pid-372881
---ebpf-pid----2088----pid-2088
---ebpf-pid----372881----pid-1
---ebpf-pid----2088----pid-1
---ebpf-pid----372881----pid-372881
---ebpf-pid----2088----pid-2088
---ebpf-pid----372881----pid-1
---ebpf-pid----2088----pid-1
---ebpf-pid----372881----pid-372881
---ebpf-pid----2088----pid-2088
---ebpf-pid----372881----pid-1
---ebpf-pid----2088----pid-1
---ebpf-pid----372881----pid-372881
---ebpf-pid----2088----pid-2088
---ebpf-pid----5707----pid-1
---ebpf-pid----372881----pid-1
---ebpf-pid----5707----pid-5707
---ebpf-pid----2088----pid-1
---ebpf-pid----372881----pid-372881
---ebpf-pid----2088----pid-2088
---ebpf-pid----372881----pid-1
---ebpf-pid----5707----pid-5476
---ebpf-pid----372881----pid-372881
---ebpf-pid----2088----pid-1
---ebpf-pid----2088----pid-2088
---ebpf-pid----5707----pid-1
---ebpf-pid----372881----pid-1
---ebpf-pid----5707----pid-5707
---ebpf-pid----372881----pid-372881
---ebpf-pid----2088----pid-1
---ebpf-pid----2088----pid-2088
---ebpf-pid----5707----pid-5476
---ebpf-pid----372881----pid-1
---ebpf-pid----372881----pid-372881
---ebpf-pid----2088----pid-1
---ebpf-pid----5707----pid-1
---ebpf-pid----2088----pid-2088
---ebpf-pid----5707----pid-5707
---ebpf-pid----372881----pid-1
---ebpf-pid----372881----pid-372881
---ebpf-pid----2088----pid-1
---ebpf-pid----2088----pid-2088
---ebpf-pid----5707----pid-5476
---ebpf-pid----2088----pid-1
---ebpf-pid----5707----pid-1
---ebpf-pid----2088----pid-2088
---ebpf-pid----5707----pid-5707
---ebpf-pid----2088----pid-1
---ebpf-pid----5707----pid-5476
---ebpf-pid----2088----pid-2088
---ebpf-pid----5707----pid-1
---ebpf-pid----2088----pid-1
---ebpf-pid----5707----pid-5707
---ebpf-pid----2088----pid-2088
---ebpf-pid----2088----pid-1
---ebpf-pid----5707----pid-5476
---ebpf-pid----2088----pid-2088
---ebpf-pid----5707----pid-1
---ebpf-pid----2088----pid-1
---ebpf-pid----5707----pid-5707
---ebpf-pid----2088----pid-2088
---ebpf-pid----5707----pid-5476
---ebpf-pid----2088----pid-1
---ebpf-pid----2088----pid-2088
---ebpf-pid----5707----pid-1
---ebpf-pid----5707----pid-5707
---ebpf-pid----2088----pid-1
---ebpf-pid----5707----pid-5476
---ebpf-pid----5707----pid-1
---ebpf-pid----448785----pid-448785
---ebpf-pid----372881----pid-1
---ebpf-pid----372881----pid-372881
---ebpf-pid----448785----pid-448520
---ebpf-pid----372881----pid-1
---ebpf-pid----372881----pid-372881
---ebpf-pid----448785----pid-1
---ebpf-pid----448785----pid-448785
---ebpf-pid----372881----pid-1
---ebpf-pid----372881----pid-372881
---ebpf-pid----448785----pid-448520
---ebpf-pid----372881----pid-1
---ebpf-pid----448785----pid-1
---ebpf-pid----372881----pid-372881
---ebpf-pid----448785----pid-448785
---ebpf-pid----448785----pid-448520
---ebpf-pid----372881----pid-1
---ebpf-pid----372881----pid-372881
---ebpf-pid----448785----pid-1
---ebpf-pid----372881----pid-1
---ebpf-pid----448785----pid-448785
---ebpf-pid----2089----pid-2089
---ebpf-pid----448785----pid-448520
---ebpf-pid----2089----pid-1
---ebpf-pid----2089----pid-2089
---ebpf-pid----2089----pid-1
---ebpf-pid----2089----pid-2089
---ebpf-pid----2089----pid-1
---ebpf-pid----2089----pid-2089
---ebpf-pid----2089----pid-1
---ebpf-pid----2089----pid-2089
---ebpf-pid----2089----pid-1
---ebpf-pid----2089----pid-2089
---ebpf-pid----2089----pid-1
---ebpf-pid----2089----pid-2089
---ebpf-pid----2089----pid-1
---ebpf-pid----2089----pid-2089
---ebpf-pid----2089----pid-1
---ebpf-pid----2089----pid-2089
---ebpf-pid----2089----pid-1
---ebpf-pid----2089----pid-2089
---ebpf-pid----2089----pid-1
---ebpf-pid----2089----pid-2089
---ebpf-pid----2089----pid-1
---ebpf-pid----2089----pid-2089
---ebpf-pid----2089----pid-1
---ebpf-pid----2089----pid-2089
---ebpf-pid----2089----pid-1
---ebpf-pid----379067----pid-379067
---ebpf-pid----379067----pid-5476
---ebpf-pid----379067----pid-1
---ebpf-pid----379067----pid-379067
---ebpf-pid----379067----pid-5476
---ebpf-pid----379067----pid-1
---ebpf-pid----373029----pid-373029
---ebpf-pid----373029----pid-5476
---ebpf-pid----373029----pid-1
---ebpf-pid----373029----pid-373029
---ebpf-pid----373029----pid-5476
---ebpf-pid----373029----pid-1
---ebpf-pid----448785----pid-1
---ebpf-pid----373029----pid-373029
---ebpf-pid----448785----pid-448785
---ebpf-pid----373029----pid-5476
---ebpf-pid----448785----pid-448520
---ebpf-pid----373029----pid-1
---ebpf-pid----448785----pid-1
---ebpf-pid----379067----pid-379067
---ebpf-pid----448785----pid-448785
---ebpf-pid----379067----pid-5476
---ebpf-pid----448785----pid-448520
---ebpf-pid----379067----pid-1
---ebpf-pid----448785----pid-1
---ebpf-pid----379067----pid-379067
---ebpf-pid----448546----pid-448546
---ebpf-pid----379067----pid-5476
---ebpf-pid----448546----pid-1
---ebpf-pid----448521----pid-448521
---ebpf-pid----379067----pid-1
---ebpf-pid----379067----pid-379067
---ebpf-pid----448521----pid-1
---ebpf-pid----379067----pid-5476
---ebpf-pid----448546----pid-448546
---ebpf-pid----379067----pid-1
---ebpf-pid----379067----pid-379067
---ebpf-pid----448546----pid-1
---ebpf-pid----448782----pid-448782
---ebpf-pid----379067----pid-5476
---ebpf-pid----448782----pid-448520
---ebpf-pid----379067----pid-1
---ebpf-pid----372881----pid-1
---ebpf-pid----5705----pid-5705
---ebpf-pid----372881----pid-372881
---ebpf-pid----448782----pid-1
---ebpf-pid----1856----pid-1856
---ebpf-pid----5705----pid-5476
---ebpf-pid----372881----pid-1
---ebpf-pid----372881----pid-372881
---ebpf-pid----1856----pid-1
---ebpf-pid----5705----pid-1
---ebpf-pid----7313----pid-7313
---ebpf-pid----5705----pid-5705
---ebpf-pid----372881----pid-1
---ebpf-pid----7313----pid-1
---ebpf-pid----5705----pid-5476
---ebpf-pid----372881----pid-372881
---ebpf-pid----377755----pid-377755
---ebpf-pid----5705----pid-1
---ebpf-pid----372881----pid-1
---ebpf-pid----377755----pid-1
---ebpf-pid----5705----pid-5705
---ebpf-pid----372881----pid-372881
---ebpf-pid----448521----pid-448521
---ebpf-pid----372881----pid-1
---ebpf-pid----372881----pid-372881
---ebpf-pid----372881----pid-1
---ebpf-pid----372881----pid-372881
---ebpf-pid----448521----pid-1
---ebpf-pid----448521----pid-448521
---ebpf-pid----372881----pid-1
---ebpf-pid----448521----pid-1
---ebpf-pid----372881----pid-372881
---ebpf-pid----448521----pid-448521
---ebpf-pid----372881----pid-1
---ebpf-pid----448521----pid-1
---ebpf-pid----372881----pid-372881
---ebpf-pid----372714----pid-372714
---ebpf-pid----372881----pid-1
---ebpf-pid----372714----pid-5476
---ebpf-pid----372881----pid-372881
---ebpf-pid----372881----pid-1
---ebpf-pid----372714----pid-1
---ebpf-pid----372881----pid-372881
---ebpf-pid----372714----pid-372714
---ebpf-pid----372881----pid-1
---ebpf-pid----372714----pid-5476
---ebpf-pid----372881----pid-372881
---ebpf-pid----2088----pid-2088
---ebpf-pid----372714----pid-1
---ebpf-pid----372881----pid-1
---ebpf-pid----372714----pid-372714
---ebpf-pid----372881----pid-372881
---ebpf-pid----2088----pid-1
---ebpf-pid----2088----pid-2088
---ebpf-pid----372714----pid-5476
---ebpf-pid----372881----pid-1
---ebpf-pid----372881----pid-372881
---ebpf-pid----2088----pid-1
---ebpf-pid----372714----pid-1
---ebpf-pid----2088----pid-2088
---ebpf-pid----372714----pid-372714
---ebpf-pid----372881----pid-1
---ebpf-pid----372881----pid-372881
---ebpf-pid----2088----pid-1
---ebpf-pid----372714----pid-5476
---ebpf-pid----2088----pid-2088
---ebpf-pid----372881----pid-1
---ebpf-pid----372881----pid-372881
---ebpf-pid----372714----pid-1
---ebpf-pid----2088----pid-1
---ebpf-pid----372714----pid-372714
---ebpf-pid----2088----pid-2088
---ebpf-pid----372881----pid-1
---ebpf-pid----372881----pid-372881
---ebpf-pid----372714----pid-5476
---ebpf-pid----2088----pid-1
---ebpf-pid----2088----pid-2088
---ebpf-pid----372881----pid-1
---ebpf-pid----372714----pid-1
---ebpf-pid----372881----pid-372881
---ebpf-pid----448785----pid-448785
---ebpf-pid----2088----pid-1
---ebpf-pid----2088----pid-2088
---ebpf-pid----372881----pid-1
---ebpf-pid----448785----pid-448520
---ebpf-pid----372881----pid-372881
---ebpf-pid----2088----pid-1
---ebpf-pid----448785----pid-1
---ebpf-pid----372881----pid-1
---ebpf-pid----2088----pid-2088
---ebpf-pid----448785----pid-448785
---ebpf-pid----372881----pid-372881
---ebpf-pid----372881----pid-1
---ebpf-pid----372881----pid-372881
---ebpf-pid----372881----pid-1
---ebpf-pid----2088----pid-1
---ebpf-pid----372881----pid-372881
---ebpf-pid----2088----pid-2088
---ebpf-pid----372881----pid-1
---ebpf-pid----372881----pid-372881
---ebpf-pid----2088----pid-1
---ebpf-pid----2088----pid-2088
---ebpf-pid----372881----pid-1
---ebpf-pid----372881----pid-372881
---ebpf-pid----2088----pid-1
---ebpf-pid----2088----pid-2088
---ebpf-pid----372881----pid-1
---ebpf-pid----2088----pid-1
---ebpf-pid----372881----pid-372881
---ebpf-pid----2088----pid-2088
---ebpf-pid----372881----pid-1
---ebpf-pid----2088----pid-1
---ebpf-pid----372881----pid-372881
---ebpf-pid----2088----pid-2088
---ebpf-pid----372881----pid-1
---ebpf-pid----2088----pid-1
---ebpf-pid----372881----pid-372881
---ebpf-pid----2088----pid-2088
---ebpf-pid----372881----pid-1
---ebpf-pid----2088----pid-1
---ebpf-pid----372881----pid-372881
---ebpf-pid----2088----pid-2088
---ebpf-pid----372881----pid-1
---ebpf-pid----372881----pid-372881
---ebpf-pid----2088----pid-1
---ebpf-pid----2088----pid-2088
---ebpf-pid----372881----pid-1
---ebpf-pid----372881----pid-372881
---ebpf-pid----2088----pid-1
---ebpf-pid----2088----pid-2088
---ebpf-pid----372881----pid-1
---ebpf-pid----372881----pid-372881
---ebpf-pid----2088----pid-1
---ebpf-pid----2088----pid-2088
---ebpf-pid----372881----pid-1
---ebpf-pid----372881----pid-372881
---ebpf-pid----2088----pid-1
---ebpf-pid----2088----pid-2088
---ebpf-pid----372881----pid-1
---ebpf-pid----372881----pid-372881
---ebpf-pid----2088----pid-1
---ebpf-pid----2088----pid-2088
---ebpf-pid----372881----pid-1
---ebpf-pid----372881----pid-372881
---ebpf-pid----2088----pid-1
---ebpf-pid----2088----pid-2088
---ebpf-pid----372881----pid-1
---ebpf-pid----2088----pid-1
---ebpf-pid----372881----pid-372881
---ebpf-pid----2088----pid-2088
---ebpf-pid----372881----pid-1
---ebpf-pid----372881----pid-372881
---ebpf-pid----2088----pid-1
---ebpf-pid----2088----pid-2088
---ebpf-pid----372881----pid-1
---ebpf-pid----372881----pid-372881
---ebpf-pid----2088----pid-1
---ebpf-pid----2088----pid-2088
---ebpf-pid----372881----pid-1
---ebpf-pid----372881----pid-372881
---ebpf-pid----2088----pid-1
---ebpf-pid----2088----pid-2088
---ebpf-pid----2088----pid-1
---ebpf-pid----2088----pid-2088
---ebpf-pid----448785----pid-448520
---ebpf-pid----5705----pid-5476
---ebpf-pid----5705----pid-1
---ebpf-pid----5705----pid-5705
---ebpf-pid----5705----pid-5476
---ebpf-pid----372881----pid-1
---ebpf-pid----372881----pid-372881
---ebpf-pid----5705----pid-1
---ebpf-pid----372881----pid-1
---ebpf-pid----5705----pid-5705
---ebpf-pid----372881----pid-372881
---ebpf-pid----5705----pid-5476
---ebpf-pid----372881----pid-1
---ebpf-pid----372881----pid-372881
---ebpf-pid----5705----pid-1
---ebpf-pid----2088----pid-1
---ebpf-pid----372714----pid-372714
---ebpf-pid----372714----pid-5476
---ebpf-pid----5705----pid-5705
---ebpf-pid----372714----pid-1
---ebpf-pid----372714----pid-372714
---ebpf-pid----5705----pid-5476
---ebpf-pid----372714----pid-5476
---ebpf-pid----5705----pid-1
---ebpf-pid----5705----pid-5705
---ebpf-pid----372714----pid-1
---ebpf-pid----372714----pid-372714
---ebpf-pid----5705----pid-5476
---ebpf-pid----372714----pid-5476
---ebpf-pid----5705----pid-1
---ebpf-pid----5705----pid-5705
---ebpf-pid----372714----pid-1
---ebpf-pid----2088----pid-2088
---ebpf-pid----5705----pid-5476
---ebpf-pid----2088----pid-1
---ebpf-pid----2088----pid-2088
---ebpf-pid----5705----pid-1
---ebpf-pid----5705----pid-5705
---ebpf-pid----2088----pid-1
---ebpf-pid----2088----pid-2088
---ebpf-pid----5705----pid-5476
---ebpf-pid----2088----pid-1
---ebpf-pid----5705----pid-1
---ebpf-pid----2088----pid-2088
---ebpf-pid----5705----pid-5705
---ebpf-pid----2088----pid-1
---ebpf-pid----5705----pid-5476
---ebpf-pid----2088----pid-2088
---ebpf-pid----5705----pid-1
---ebpf-pid----2088----pid-1
---ebpf-pid----5705----pid-5705
---ebpf-pid----2088----pid-2088
---ebpf-pid----5705----pid-5476
---ebpf-pid----2088----pid-1
---ebpf-pid----2088----pid-2088
---ebpf-pid----5705----pid-1
---ebpf-pid----5705----pid-5705
---ebpf-pid----2088----pid-1
---ebpf-pid----2088----pid-2088
---ebpf-pid----5705----pid-5476
---ebpf-pid----2088----pid-1
---ebpf-pid----5705----pid-1
---ebpf-pid----5705----pid-5705
---ebpf-pid----5705----pid-5476
---ebpf-pid----372881----pid-1
---ebpf-pid----372881----pid-372881
---ebpf-pid----5705----pid-1
---ebpf-pid----5705----pid-5705
---ebpf-pid----372881----pid-1
---ebpf-pid----372881----pid-372881
---ebpf-pid----448785----pid-1
---ebpf-pid----448785----pid-448785
---ebpf-pid----448785----pid-448520
---ebpf-pid----5705----pid-5476
---ebpf-pid----2088----pid-2088
---ebpf-pid----372881----pid-1
---ebpf-pid----2088----pid-1
---ebpf-pid----448785----pid-1
---ebpf-pid----448785----pid-448785
---ebpf-pid----5705----pid-1
---ebpf-pid----5705----pid-5705
---ebpf-pid----448785----pid-448520
---ebpf-pid----5705----pid-5476
---ebpf-pid----5705----pid-1
---ebpf-pid----5705----pid-5705
---ebpf-pid----448785----pid-1
---ebpf-pid----5705----pid-5476
---ebpf-pid----448785----pid-448785
---ebpf-pid----5705----pid-1
---ebpf-pid----5705----pid-5705
---ebpf-pid----448785----pid-448520
---ebpf-pid----448785----pid-1
---ebpf-pid----372881----pid-372881
---ebpf-pid----448785----pid-448785
---ebpf-pid----372881----pid-1
---ebpf-pid----448785----pid-448520
---ebpf-pid----372881----pid-372881
---ebpf-pid----372881----pid-1
---ebpf-pid----448785----pid-1
---ebpf-pid----5705----pid-5476
---ebpf-pid----448785----pid-448785
---ebpf-pid----5705----pid-1
---ebpf-pid----2089----pid-2089
---ebpf-pid----2089----pid-1
---ebpf-pid----448785----pid-448520
---ebpf-pid----448785----pid-1
---ebpf-pid----448785----pid-448785
---ebpf-pid----372881----pid-372881
---ebpf-pid----372881----pid-1
---ebpf-pid----372881----pid-372881
---ebpf-pid----448785----pid-448520
---ebpf-pid----372881----pid-1
---ebpf-pid----372881----pid-372881
---ebpf-pid----372881----pid-1
---ebpf-pid----372881----pid-372881
---ebpf-pid----2088----pid-2088
---ebpf-pid----448785----pid-1
---ebpf-pid----448785----pid-448785
---ebpf-pid----2088----pid-1
---ebpf-pid----372881----pid-1
---ebpf-pid----372881----pid-372881
---ebpf-pid----372881----pid-1
---ebpf-pid----372881----pid-372881
---ebpf-pid----372881----pid-1
---ebpf-pid----448785----pid-448520
---ebpf-pid----448785----pid-1
---ebpf-pid----448785----pid-448785
---ebpf-pid----448785----pid-448520
---ebpf-pid----448785----pid-1
---ebpf-pid----448785----pid-448785
---ebpf-pid----448785----pid-448520
---ebpf-pid----448785----pid-1
---ebpf-pid----379067----pid-379067
---ebpf-pid----379067----pid-5476
---ebpf-pid----379067----pid-1
---ebpf-pid----448785----pid-448785
---ebpf-pid----448785----pid-448520
---ebpf-pid----448785----pid-1
---ebpf-pid----448785----pid-448785
---ebpf-pid----448785----pid-448520
---ebpf-pid----448785----pid-1
---ebpf-pid----379067----pid-379067
---ebpf-pid----379067----pid-5476
---ebpf-pid----379067----pid-1
---ebpf-pid----379067----pid-379067
---ebpf-pid----379067----pid-5476
---ebpf-pid----379067----pid-1
---ebpf-pid----379067----pid-379067
---ebpf-pid----379067----pid-5476
---ebpf-pid----379067----pid-1
---ebpf-pid----379067----pid-379067
---ebpf-pid----379067----pid-5476
---ebpf-pid----379067----pid-1
---ebpf-pid----372881----pid-372881
---ebpf-pid----377755----pid-377755
---ebpf-pid----377755----pid-1
---ebpf-pid----377755----pid-377755
---ebpf-pid----377755----pid-1
---ebpf-pid----1856----pid-1856
---ebpf-pid----1856----pid-1
---ebpf-pid----377755----pid-377755
---ebpf-pid----377755----pid-1
---ebpf-pid----377755----pid-377755
---ebpf-pid----2089----pid-2089
---ebpf-pid----2089----pid-1
---ebpf-pid----2089----pid-2089
---ebpf-pid----2089----pid-1
---ebpf-pid----2089----pid-2089
---ebpf-pid----2089----pid-1
---ebpf-pid----2089----pid-2089
---ebpf-pid----2089----pid-1
---ebpf-pid----2089----pid-2089
---ebpf-pid----2089----pid-1
---ebpf-pid----2089----pid-2089
---ebpf-pid----372881----pid-1
---ebpf-pid----2089----pid-1
---ebpf-pid----2089----pid-2089
---ebpf-pid----2089----pid-1
---ebpf-pid----2088----pid-2088
---ebpf-pid----372881----pid-372881
---ebpf-pid----2088----pid-1
---ebpf-pid----2088----pid-2088
---ebpf-pid----2088----pid-1
---ebpf-pid----2088----pid-2088
---ebpf-pid----372881----pid-1
---ebpf-pid----2088----pid-1
---ebpf-pid----2088----pid-2088
---ebpf-pid----372881----pid-372881
---ebpf-pid----2088----pid-1
---ebpf-pid----2088----pid-2088
---ebpf-pid----2088----pid-1
---ebpf-pid----2088----pid-2088
---ebpf-pid----372881----pid-1
---ebpf-pid----2088----pid-1
---ebpf-pid----2088----pid-2088
---ebpf-pid----372881----pid-372881
---ebpf-pid----2088----pid-1
---ebpf-pid----2088----pid-2088
---ebpf-pid----2088----pid-1
---ebpf-pid----2088----pid-2088
---ebpf-pid----372881----pid-1
---ebpf-pid----2088----pid-1
---ebpf-pid----2088----pid-2088
---ebpf-pid----372881----pid-372881
---ebpf-pid----2088----pid-1
---ebpf-pid----2088----pid-2088
---ebpf-pid----2088----pid-1
---ebpf-pid----2088----pid-2088
---ebpf-pid----377755----pid-1
---ebpf-pid----2088----pid-1
---ebpf-pid----377755----pid-377755
---ebpf-pid----2088----pid-2088
---ebpf-pid----377755----pid-1
---ebpf-pid----2088----pid-1
---ebpf-pid----377755----pid-377755
---ebpf-pid----2088----pid-2088
---ebpf-pid----377755----pid-1
---ebpf-pid----2088----pid-1
---ebpf-pid----2088----pid-2088
---ebpf-pid----2088----pid-1
---ebpf-pid----2089----pid-2089
---ebpf-pid----2089----pid-1
---ebpf-pid----2089----pid-2089
---ebpf-pid----377755----pid-377755
---ebpf-pid----2089----pid-1
---ebpf-pid----2089----pid-2089
---ebpf-pid----377755----pid-1
---ebpf-pid----448785----pid-448785
---ebpf-pid----2089----pid-1
---ebpf-pid----2089----pid-2089
---ebpf-pid----448785----pid-448520
---ebpf-pid----2089----pid-1
---ebpf-pid----2089----pid-2089
---ebpf-pid----2089----pid-1
---ebpf-pid----448785----pid-1
---ebpf-pid----448785----pid-448785
---ebpf-pid----2088----pid-2088
---ebpf-pid----448785----pid-448520
---ebpf-pid----448785----pid-1
---ebpf-pid----2088----pid-1
---ebpf-pid----2088----pid-2088
---ebpf-pid----372881----pid-1
---ebpf-pid----372881----pid-372881
---ebpf-pid----2088----pid-1
---ebpf-pid----372881----pid-1
---ebpf-pid----372881----pid-372881
---ebpf-pid----2088----pid-2088
---ebpf-pid----372881----pid-1
---ebpf-pid----372881----pid-372881
---ebpf-pid----372881----pid-1
---ebpf-pid----372881----pid-372881
---ebpf-pid----2088----pid-1
---ebpf-pid----372881----pid-1
---ebpf-pid----372881----pid-372881
---ebpf-pid----2088----pid-2088
---ebpf-pid----372881----pid-1
---ebpf-pid----372881----pid-372881
---ebpf-pid----2088----pid-1
---ebpf-pid----2089----pid-2089
---ebpf-pid----2088----pid-2088
---ebpf-pid----2089----pid-1
---ebpf-pid----2089----pid-2089
---ebpf-pid----2089----pid-1
---ebpf-pid----2089----pid-2089
---ebpf-pid----2088----pid-1
---ebpf-pid----2089----pid-1
---ebpf-pid----2089----pid-2089
---ebpf-pid----2088----pid-2088
---ebpf-pid----2089----pid-1
---ebpf-pid----2089----pid-2089
---ebpf-pid----2089----pid-1
---ebpf-pid----2089----pid-2089
---ebpf-pid----2088----pid-1
---ebpf-pid----2089----pid-1
---ebpf-pid----448785----pid-448785
---ebpf-pid----2089----pid-2089
---ebpf-pid----2089----pid-1
---ebpf-pid----2089----pid-2089
---ebpf-pid----372881----pid-1
---ebpf-pid----372881----pid-372881
---ebpf-pid----2089----pid-1
---ebpf-pid----2089----pid-2089
---ebpf-pid----372881----pid-1
---ebpf-pid----372881----pid-372881
---ebpf-pid----2089----pid-1
---ebpf-pid----2089----pid-2089
---ebpf-pid----372881----pid-1
---ebpf-pid----2089----pid-1
---ebpf-pid----372881----pid-372881
---ebpf-pid----2089----pid-2089
---ebpf-pid----372881----pid-1
---ebpf-pid----2089----pid-1
---ebpf-pid----372881----pid-372881
---ebpf-pid----2089----pid-2089
---ebpf-pid----372881----pid-1
---ebpf-pid----2089----pid-1
---ebpf-pid----372881----pid-372881
---ebpf-pid----2089----pid-2089
---ebpf-pid----372881----pid-1
---ebpf-pid----372881----pid-372881
---ebpf-pid----2089----pid-1
---ebpf-pid----2089----pid-2089
---ebpf-pid----372881----pid-1
---ebpf-pid----372881----pid-372881
---ebpf-pid----2089----pid-1
---ebpf-pid----2089----pid-2089
---ebpf-pid----372881----pid-1
---ebpf-pid----372881----pid-372881
---ebpf-pid----2089----pid-1
---ebpf-pid----2089----pid-2089
---ebpf-pid----372881----pid-1
---ebpf-pid----372881----pid-372881
---ebpf-pid----2089----pid-1
---ebpf-pid----2089----pid-2089
---ebpf-pid----372881----pid-1
---ebpf-pid----372881----pid-372881
---ebpf-pid----2089----pid-1
---ebpf-pid----2089----pid-2089
---ebpf-pid----372881----pid-1
---ebpf-pid----372881----pid-372881
---ebpf-pid----2089----pid-1
---ebpf-pid----2089----pid-2089
---ebpf-pid----372881----pid-1
---ebpf-pid----372881----pid-372881
---ebpf-pid----2089----pid-1
---ebpf-pid----2089----pid-2089
---ebpf-pid----372881----pid-1
---ebpf-pid----2089----pid-1
---ebpf-pid----2088----pid-2088
---ebpf-pid----448785----pid-448520
---ebpf-pid----448785----pid-1
---ebpf-pid----448785----pid-448785
---ebpf-pid----448785----pid-448520
---ebpf-pid----448785----pid-1
---ebpf-pid----2088----pid-1
---ebpf-pid----2088----pid-2088
---ebpf-pid----372881----pid-372881
---ebpf-pid----2088----pid-1
---ebpf-pid----2088----pid-2088
---ebpf-pid----372881----pid-1
---ebpf-pid----2088----pid-1
---ebpf-pid----372881----pid-372881
---ebpf-pid----2088----pid-2088
---ebpf-pid----372881----pid-1
---ebpf-pid----2088----pid-1
---ebpf-pid----372881----pid-372881
---ebpf-pid----2088----pid-2088
---ebpf-pid----372881----pid-1
---ebpf-pid----2088----pid-1
---ebpf-pid----372881----pid-372881
---ebpf-pid----2088----pid-2088
---ebpf-pid----372881----pid-1
---ebpf-pid----2088----pid-1
---ebpf-pid----372881----pid-372881
---ebpf-pid----2088----pid-2088
---ebpf-pid----2088----pid-1
---ebpf-pid----372881----pid-1
---ebpf-pid----2088----pid-2088
---ebpf-pid----372881----pid-372881
---ebpf-pid----2088----pid-1
---ebpf-pid----372881----pid-1
---ebpf-pid----2088----pid-2088
---ebpf-pid----372881----pid-372881
---ebpf-pid----2088----pid-1
---ebpf-pid----372881----pid-1
---ebpf-pid----2088----pid-2088
---ebpf-pid----372881----pid-372881
---ebpf-pid----372881----pid-1
---ebpf-pid----372881----pid-372881
---ebpf-pid----448785----pid-448785
---ebpf-pid----372881----pid-1
---ebpf-pid----372881----pid-372881
---ebpf-pid----372881----pid-1
---ebpf-pid----373029----pid-373029
---ebpf-pid----448785----pid-448520
---ebpf-pid----373029----pid-5476
---ebpf-pid----373029----pid-1
---ebpf-pid----448785----pid-1
---ebpf-pid----373029----pid-373029
---ebpf-pid----448785----pid-448785
---ebpf-pid----373029----pid-5476
---ebpf-pid----373029----pid-1
---ebpf-pid----373029----pid-373029
---ebpf-pid----2089----pid-2089
---ebpf-pid----2088----pid-1
---ebpf-pid----448785----pid-448520
---ebpf-pid----448785----pid-1
---ebpf-pid----373029----pid-5476
---ebpf-pid----2089----pid-1
---ebpf-pid----379067----pid-379067
---ebpf-pid----448785----pid-448785
---ebpf-pid----373029----pid-1
---ebpf-pid----2089----pid-2089
---ebpf-pid----448785----pid-448520
---ebpf-pid----2089----pid-1
---ebpf-pid----2089----pid-2089
---ebpf-pid----448785----pid-1
---ebpf-pid----373029----pid-373029
---ebpf-pid----448785----pid-448785
---ebpf-pid----448785----pid-448520
---ebpf-pid----373029----pid-5476
---ebpf-pid----448785----pid-1
---ebpf-pid----448785----pid-448785
---ebpf-pid----448785----pid-448520
---ebpf-pid----373029----pid-1
---ebpf-pid----379067----pid-5476
---ebpf-pid----379067----pid-1
---ebpf-pid----379067----pid-379067
---ebpf-pid----373029----pid-373029
---ebpf-pid----373029----pid-5476
---ebpf-pid----373029----pid-1
---ebpf-pid----373029----pid-373029
---ebpf-pid----373029----pid-5476
---ebpf-pid----373029----pid-1
---ebpf-pid----373029----pid-373029
---ebpf-pid----373029----pid-5476
---ebpf-pid----373029----pid-1
---ebpf-pid----373029----pid-373029
---ebpf-pid----373029----pid-5476
---ebpf-pid----373029----pid-1
---ebpf-pid----373029----pid-373029
---ebpf-pid----373029----pid-5476
---ebpf-pid----373029----pid-1
---ebpf-pid----373029----pid-373029
---ebpf-pid----373029----pid-5476
---ebpf-pid----373029----pid-1
---ebpf-pid----373029----pid-373029
---ebpf-pid----373029----pid-5476
---ebpf-pid----373029----pid-1
---ebpf-pid----373029----pid-373029
---ebpf-pid----373029----pid-5476
---ebpf-pid----373029----pid-1
---ebpf-pid----373029----pid-373029
---ebpf-pid----373029----pid-5476
---ebpf-pid----373029----pid-1
---ebpf-pid----373029----pid-373029
---ebpf-pid----373029----pid-5476
---ebpf-pid----373029----pid-1
---ebpf-pid----373029----pid-373029
---ebpf-pid----373029----pid-5476
---ebpf-pid----373029----pid-1
---ebpf-pid----373029----pid-373029
---ebpf-pid----373029----pid-5476
---ebpf-pid----373029----pid-1
---ebpf-pid----373029----pid-373029
---ebpf-pid----373029----pid-5476
---ebpf-pid----2089----pid-1
---ebpf-pid----2089----pid-2089
---ebpf-pid----2089----pid-1
---ebpf-pid----2089----pid-2089
---ebpf-pid----2089----pid-1
---ebpf-pid----2089----pid-2089
---ebpf-pid----2089----pid-1
---ebpf-pid----2089----pid-2089
---ebpf-pid----2089----pid-1
---ebpf-pid----2089----pid-2089
---ebpf-pid----2089----pid-1
---ebpf-pid----2089----pid-2089
---ebpf-pid----2089----pid-1
---ebpf-pid----2089----pid-2089
---ebpf-pid----2089----pid-1
---ebpf-pid----2089----pid-2089
---ebpf-pid----2089----pid-1
---ebpf-pid----2089----pid-2089
---ebpf-pid----2089----pid-1
---ebpf-pid----2089----pid-2089
---ebpf-pid----2089----pid-1
---ebpf-pid----2089----pid-2089
---ebpf-pid----2089----pid-1
---ebpf-pid----2089----pid-2089
---ebpf-pid----2089----pid-1
---ebpf-pid----2089----pid-2089
---ebpf-pid----2089----pid-1
---ebpf-pid----2089----pid-2089
---ebpf-pid----2089----pid-1
---ebpf-pid----2089----pid-2089
---ebpf-pid----448785----pid-1
---ebpf-pid----448785----pid-448785
---ebpf-pid----448785----pid-448520
---ebpf-pid----448785----pid-1
---ebpf-pid----448785----pid-448785
---ebpf-pid----448785----pid-448520
---ebpf-pid----448785----pid-1
---ebpf-pid----448785----pid-448785
---ebpf-pid----448785----pid-448520
---ebpf-pid----448785----pid-1
---ebpf-pid----448785----pid-448785
---ebpf-pid----448785----pid-448520
---ebpf-pid----448785----pid-1
---ebpf-pid----379067----pid-5476
---ebpf-pid----379067----pid-1
---ebpf-pid----379067----pid-379067
---ebpf-pid----379067----pid-5476
---ebpf-pid----379067----pid-1
---ebpf-pid----379067----pid-379067
---ebpf-pid----379067----pid-5476
---ebpf-pid----379067----pid-1
---ebpf-pid----379067----pid-379067
---ebpf-pid----379067----pid-5476
---ebpf-pid----379067----pid-1
---ebpf-pid----379067----pid-379067
---ebpf-pid----379067----pid-5476
---ebpf-pid----379067----pid-1
---ebpf-pid----2088----pid-2088
---ebpf-pid----2088----pid-1
---ebpf-pid----2088----pid-2088
---ebpf-pid----2088----pid-1
---ebpf-pid----2088----pid-2088
---ebpf-pid----2088----pid-1
---ebpf-pid----2088----pid-2088
---ebpf-pid----2088----pid-1
---ebpf-pid----2088----pid-2088
---ebpf-pid----2088----pid-1
---ebpf-pid----2088----pid-2088
---ebpf-pid----2088----pid-1
---ebpf-pid----2088----pid-2088
---ebpf-pid----448785----pid-448785
---ebpf-pid----448785----pid-448520
---ebpf-pid----448785----pid-1
---ebpf-pid----448785----pid-448785
---ebpf-pid----448785----pid-448520
---ebpf-pid----448785----pid-1
---ebpf-pid----448785----pid-448785
---ebpf-pid----448785----pid-448520
---ebpf-pid----448785----pid-1
---ebpf-pid----448785----pid-448785
---ebpf-pid----448785----pid-448520
---ebpf-pid----448785----pid-1
---ebpf-pid----448785----pid-448785
---ebpf-pid----448785----pid-448520
---ebpf-pid----448785----pid-1
---ebpf-pid----377755----pid-377755
---ebpf-pid----377755----pid-1
---ebpf-pid----448785----pid-448785
---ebpf-pid----448785----pid-448520
---ebpf-pid----448785----pid-1
---ebpf-pid----448785----pid-448785
---ebpf-pid----448785----pid-448520
---ebpf-pid----448785----pid-1
---ebpf-pid----448785----pid-448785
---ebpf-pid----448785----pid-448520
---ebpf-pid----448785----pid-1
---ebpf-pid----7313----pid-7313
---ebpf-pid----7313----pid-1
---ebpf-pid----448785----pid-448785
---ebpf-pid----448785----pid-448520
---ebpf-pid----448785----pid-1
---ebpf-pid----448785----pid-448785
---ebpf-pid----448785----pid-448520
---ebpf-pid----448785----pid-1
---ebpf-pid----448785----pid-448785
---ebpf-pid----448785----pid-448520
---ebpf-pid----448785----pid-1
---ebpf-pid----448785----pid-448785
---ebpf-pid----448785----pid-448520
---ebpf-pid----2088----pid-1
---ebpf-pid----2088----pid-2088
---ebpf-pid----2088----pid-1
---ebpf-pid----2088----pid-2088
---ebpf-pid----2088----pid-1
---ebpf-pid----2088----pid-2088
---ebpf-pid----2088----pid-1
---ebpf-pid----2088----pid-2088
---ebpf-pid----2088----pid-1
---ebpf-pid----2088----pid-2088
---ebpf-pid----2088----pid-1
---ebpf-pid----2088----pid-2088
---ebpf-pid----2088----pid-1
---ebpf-pid----2088----pid-2088
---ebpf-pid----2088----pid-1
---ebpf-pid----372881----pid-372881
---ebpf-pid----2089----pid-1
---ebpf-pid----2089----pid-2089
---ebpf-pid----2089----pid-1
---ebpf-pid----373029----pid-373029
---ebpf-pid----373029----pid-5476
---ebpf-pid----373029----pid-1
---ebpf-pid----5707----pid-5707
---ebpf-pid----5707----pid-5476
---ebpf-pid----5707----pid-1
---ebpf-pid----5707----pid-5707
---ebpf-pid----5707----pid-5476
---ebpf-pid----5707----pid-1
---ebpf-pid----373029----pid-1
---ebpf-pid----373029----pid-373029
---ebpf-pid----373029----pid-5476
---ebpf-pid----372881----pid-1
---ebpf-pid----372881----pid-372881
---ebpf-pid----373029----pid-1
---ebpf-pid----373029----pid-373029
---ebpf-pid----372881----pid-1
---ebpf-pid----372881----pid-372881
---ebpf-pid----373029----pid-5476
---ebpf-pid----372881----pid-1
---ebpf-pid----373029----pid-1
---ebpf-pid----372881----pid-372881
---ebpf-pid----373029----pid-373029
---ebpf-pid----372881----pid-1
---ebpf-pid----373029----pid-5476
---ebpf-pid----372881----pid-372881
---ebpf-pid----373029----pid-1
---ebpf-pid----372881----pid-1
---ebpf-pid----373029----pid-373029
---ebpf-pid----373029----pid-373029
---ebpf-pid----373029----pid-5476
---ebpf-pid----373029----pid-5476
---ebpf-pid----373029----pid-1
---ebpf-pid----373029----pid-373029
---ebpf-pid----373029----pid-1
---ebpf-pid----5705----pid-5705
---ebpf-pid----373029----pid-5476
---ebpf-pid----5705----pid-5476
---ebpf-pid----373029----pid-1
---ebpf-pid----373029----pid-373029
---ebpf-pid----5705----pid-1
---ebpf-pid----5705----pid-5705
---ebpf-pid----5705----pid-5476
---ebpf-pid----448785----pid-1
---ebpf-pid----5705----pid-1
---ebpf-pid----373029----pid-373029
---ebpf-pid----448785----pid-448785
---ebpf-pid----373029----pid-5476
---ebpf-pid----448785----pid-448520
---ebpf-pid----373029----pid-1
---ebpf-pid----373029----pid-373029
---ebpf-pid----448785----pid-1
---ebpf-pid----14----pid-14
---ebpf-pid----14----pid-2
---ebpf-pid----7313----pid-7313
---ebpf-pid----7313----pid-1
---ebpf-pid----7313----pid-7313
---ebpf-pid----372881----pid-372881
---ebpf-pid----7313----pid-1
---ebpf-pid----448785----pid-448785
---ebpf-pid----372881----pid-1
---ebpf-pid----372881----pid-372881
---ebpf-pid----448785----pid-448520
---ebpf-pid----372881----pid-1
---ebpf-pid----448785----pid-1
---ebpf-pid----372881----pid-372881
---ebpf-pid----1856----pid-1856
---ebpf-pid----372881----pid-1
---ebpf-pid----1856----pid-1
---ebpf-pid----372881----pid-372881
---ebpf-pid----4716----pid-4716
---ebpf-pid----372881----pid-1
---ebpf-pid----4716----pid-3323
---ebpf-pid----372881----pid-372881
---ebpf-pid----4716----pid-1
---ebpf-pid----1856----pid-1856
---ebpf-pid----1856----pid-1
---ebpf-pid----5614----pid-5614
---ebpf-pid----5614----pid-1
---ebpf-pid----1856----pid-1856
---ebpf-pid----1856----pid-1
---ebpf-pid----4716----pid-4716
---ebpf-pid----4716----pid-3323
---ebpf-pid----4716----pid-1
---ebpf-pid----372881----pid-1
---ebpf-pid----4716----pid-4716
---ebpf-pid----372881----pid-372881
---ebpf-pid----372881----pid-1
---ebpf-pid----372881----pid-372881
---ebpf-pid----4716----pid-3323
---ebpf-pid----372881----pid-1
---ebpf-pid----372881----pid-372881
---ebpf-pid----4716----pid-1
---ebpf-pid----4716----pid-4716
---ebpf-pid----4716----pid-3323
---ebpf-pid----4716----pid-1
---ebpf-pid----4716----pid-4716
---ebpf-pid----4716----pid-3323
---ebpf-pid----4716----pid-1
---ebpf-pid----4716----pid-4716
---ebpf-pid----4716----pid-3323
---ebpf-pid----4716----pid-1
---ebpf-pid----4716----pid-4716
---ebpf-pid----4716----pid-3323
---ebpf-pid----4716----pid-1
---ebpf-pid----4716----pid-4716
---ebpf-pid----4716----pid-3323
---ebpf-pid----4716----pid-1
---ebpf-pid----4716----pid-4716
---ebpf-pid----4716----pid-3323
---ebpf-pid----4716----pid-1
---ebpf-pid----4716----pid-4716
---ebpf-pid----373029----pid-5476
---ebpf-pid----373029----pid-5476
---ebpf-pid----4716----pid-3323
---ebpf-pid----373029----pid-1
---ebpf-pid----373029----pid-1
---ebpf-pid----4716----pid-1
---ebpf-pid----373029----pid-373029
---ebpf-pid----4716----pid-4716
---ebpf-pid----373029----pid-373029
---ebpf-pid----4716----pid-3323
---ebpf-pid----373029----pid-5476
---ebpf-pid----373029----pid-5476
---ebpf-pid----4716----pid-1
---ebpf-pid----373029----pid-1
---ebpf-pid----4716----pid-4716
---ebpf-pid----373029----pid-1
---ebpf-pid----373029----pid-373029
---ebpf-pid----2088----pid-2088
---ebpf-pid----4716----pid-3323
---ebpf-pid----373029----pid-5476
---ebpf-pid----2088----pid-1
---ebpf-pid----2088----pid-2088
---ebpf-pid----4716----pid-1
---ebpf-pid----4716----pid-4716
---ebpf-pid----373029----pid-1
---ebpf-pid----373029----pid-373029
---ebpf-pid----373029----pid-5476
---ebpf-pid----373029----pid-1
---ebpf-pid----373029----pid-373029
---ebpf-pid----373029----pid-5476
---ebpf-pid----373029----pid-1
---ebpf-pid----373029----pid-373029
---ebpf-pid----373029----pid-5476
---ebpf-pid----373029----pid-1
---ebpf-pid----373029----pid-373029
---ebpf-pid----373029----pid-5476
---ebpf-pid----373029----pid-1
---ebpf-pid----373029----pid-373029
---ebpf-pid----373029----pid-5476
---ebpf-pid----373029----pid-1
---ebpf-pid----373029----pid-373029
---ebpf-pid----373029----pid-5476
---ebpf-pid----373029----pid-1
---ebpf-pid----373029----pid-373029
---ebpf-pid----373029----pid-5476
---ebpf-pid----373029----pid-1
---ebpf-pid----373029----pid-373029
---ebpf-pid----373029----pid-5476
---ebpf-pid----372881----pid-1
---ebpf-pid----372881----pid-372881
---ebpf-pid----372881----pid-1
---ebpf-pid----372881----pid-372881
---ebpf-pid----372881----pid-1
---ebpf-pid----372881----pid-372881
---ebpf-pid----372881----pid-1
---ebpf-pid----372881----pid-372881
---ebpf-pid----372881----pid-1
---ebpf-pid----372881----pid-372881
---ebpf-pid----372881----pid-1
---ebpf-pid----372881----pid-372881
---ebpf-pid----372881----pid-1
---ebpf-pid----372881----pid-372881
---ebpf-pid----372881----pid-1
---ebpf-pid----372881----pid-372881
---ebpf-pid----372881----pid-1
---ebpf-pid----372881----pid-372881
---ebpf-pid----372881----pid-1
---ebpf-pid----372881----pid-372881
---ebpf-pid----372881----pid-1
---ebpf-pid----372881----pid-372881
---ebpf-pid----4716----pid-3323
---ebpf-pid----4716----pid-1
---ebpf-pid----4716----pid-4716
---ebpf-pid----4716----pid-3323
---ebpf-pid----4716----pid-1
---ebpf-pid----4716----pid-4716
---ebpf-pid----4716----pid-3323
---ebpf-pid----4716----pid-1
---ebpf-pid----448521----pid-448521
---ebpf-pid----448521----pid-1
---ebpf-pid----448782----pid-448782
---ebpf-pid----448782----pid-448520
---ebpf-pid----448782----pid-1
---ebpf-pid----448782----pid-448782
---ebpf-pid----448782----pid-448520
---ebpf-pid----448782----pid-1
---ebpf-pid----448546----pid-448546
---ebpf-pid----448546----pid-1
---ebpf-pid----7313----pid-7313
---ebpf-pid----7313----pid-1
---ebpf-pid----448784----pid-448784
---ebpf-pid----448784----pid-448520
---ebpf-pid----448784----pid-1
---ebpf-pid----448784----pid-448784
---ebpf-pid----448784----pid-448520
---ebpf-pid----373029----pid-1
---ebpf-pid----448784----pid-1
---ebpf-pid----373029----pid-373029
---ebpf-pid----448784----pid-448784
---ebpf-pid----448784----pid-448520
---ebpf-pid----372881----pid-1
---ebpf-pid----372881----pid-372881
---ebpf-pid----448784----pid-1
---ebpf-pid----448784----pid-448784
---ebpf-pid----373029----pid-5476
---ebpf-pid----372881----pid-1
---ebpf-pid----448784----pid-448520
---ebpf-pid----372881----pid-372881
---ebpf-pid----373029----pid-1
---ebpf-pid----448784----pid-1
---ebpf-pid----373029----pid-373029
---ebpf-pid----448784----pid-448784
---ebpf-pid----372881----pid-1
---ebpf-pid----372881----pid-372881
---ebpf-pid----373029----pid-5476
---ebpf-pid----448784----pid-448520
---ebpf-pid----372881----pid-1
---ebpf-pid----448784----pid-1
---ebpf-pid----373029----pid-1
---ebpf-pid----372881----pid-372881
---ebpf-pid----448784----pid-448784
---ebpf-pid----373029----pid-373029
---ebpf-pid----448784----pid-448520
---ebpf-pid----372881----pid-1
---ebpf-pid----373029----pid-5476
---ebpf-pid----372881----pid-372881
---ebpf-pid----448784----pid-1
---ebpf-pid----373029----pid-1
---ebpf-pid----372881----pid-1
---ebpf-pid----2088----pid-2088
---ebpf-pid----372881----pid-372881
---ebpf-pid----2088----pid-1
---ebpf-pid----372881----pid-1
---ebpf-pid----2088----pid-2088
---ebpf-pid----372881----pid-372881
---ebpf-pid----2088----pid-1
---ebpf-pid----372881----pid-1
---ebpf-pid----372881----pid-372881
---ebpf-pid----2088----pid-2088
---ebpf-pid----2088----pid-1
---ebpf-pid----372881----pid-1
---ebpf-pid----2088----pid-2088
---ebpf-pid----372881----pid-372881
---ebpf-pid----372881----pid-1
---ebpf-pid----2088----pid-1
---ebpf-pid----372881----pid-372881
---ebpf-pid----2088----pid-2088
---ebpf-pid----372881----pid-1
---ebpf-pid----2088----pid-1
---ebpf-pid----372881----pid-372881
---ebpf-pid----2088----pid-2088
---ebpf-pid----2088----pid-1
---ebpf-pid----372881----pid-1
---ebpf-pid----2088----pid-2088
---ebpf-pid----372881----pid-372881
---ebpf-pid----372881----pid-1
---ebpf-pid----372881----pid-372881
---ebpf-pid----372881----pid-1
---ebpf-pid----372881----pid-372881
---ebpf-pid----372881----pid-1
---ebpf-pid----372881----pid-372881
---ebpf-pid----2088----pid-1
---ebpf-pid----372881----pid-1
---ebpf-pid----2088----pid-2088
---ebpf-pid----372881----pid-372881
---ebpf-pid----372881----pid-1
---ebpf-pid----2088----pid-1
---ebpf-pid----372881----pid-372881
---ebpf-pid----2088----pid-2088
---ebpf-pid----2088----pid-1
---ebpf-pid----372881----pid-1
---ebpf-pid----2088----pid-2088
---ebpf-pid----372881----pid-372881
---ebpf-pid----2088----pid-1
---ebpf-pid----2088----pid-1
---ebpf-pid----2088----pid-2088
---ebpf-pid----2088----pid-1
---ebpf-pid----2088----pid-2088
---ebpf-pid----372881----pid-1
---ebpf-pid----372881----pid-372881
---ebpf-pid----372881----pid-1
---ebpf-pid----372881----pid-372881
---ebpf-pid----372881----pid-1
---ebpf-pid----372881----pid-372881
---ebpf-pid----372881----pid-1
---ebpf-pid----372881----pid-372881
---ebpf-pid----372881----pid-1
---ebpf-pid----2029----pid-2029
---ebpf-pid----2029----pid-1
---ebpf-pid----2029----pid-2029
---ebpf-pid----2029----pid-1
---ebpf-pid----2029----pid-2029
---ebpf-pid----2029----pid-1
---ebpf-pid----2029----pid-2029
---ebpf-pid----2029----pid-1
---ebpf-pid----2029----pid-2029
---ebpf-pid----2029----pid-1
---ebpf-pid----2029----pid-2029
---ebpf-pid----2029----pid-1
---ebpf-pid----2029----pid-2029
---ebpf-pid----2029----pid-1
---ebpf-pid----2029----pid-2029
---ebpf-pid----2029----pid-1
---ebpf-pid----2029----pid-2029
---ebpf-pid----2029----pid-1
---ebpf-pid----2089----pid-2089
---ebpf-pid----2089----pid-1
---ebpf-pid----2089----pid-2089
---ebpf-pid----2089----pid-1
---ebpf-pid----2089----pid-2089
---ebpf-pid----2088----pid-2088
---ebpf-pid----2088----pid-1
---ebpf-pid----2088----pid-2088
---ebpf-pid----2088----pid-1
---ebpf-pid----2088----pid-2088
---ebpf-pid----2088----pid-1
---ebpf-pid----2088----pid-2088
---ebpf-pid----2088----pid-1
---ebpf-pid----2088----pid-2088
---ebpf-pid----2088----pid-1
---ebpf-pid----2088----pid-2088
---ebpf-pid----2088----pid-1
---ebpf-pid----2088----pid-2088
---ebpf-pid----2088----pid-1
---ebpf-pid----2088----pid-2088
---ebpf-pid----2088----pid-1
---ebpf-pid----2088----pid-2088
---ebpf-pid----2088----pid-1
---ebpf-pid----2088----pid-2088
---ebpf-pid----2088----pid-1
---ebpf-pid----448784----pid-448784
---ebpf-pid----448784----pid-448520
---ebpf-pid----448784----pid-1
---ebpf-pid----448784----pid-448784
---ebpf-pid----2088----pid-2088
---ebpf-pid----448784----pid-448520
---ebpf-pid----2088----pid-1
---ebpf-pid----2088----pid-2088
---ebpf-pid----448784----pid-1
---ebpf-pid----448784----pid-448784
---ebpf-pid----2088----pid-1
---ebpf-pid----2088----pid-2088
---ebpf-pid----448784----pid-448520
---ebpf-pid----2088----pid-1
---ebpf-pid----448784----pid-1
---ebpf-pid----2088----pid-2088
---ebpf-pid----4716----pid-4716
---ebpf-pid----2088----pid-1
---ebpf-pid----2088----pid-2088
---ebpf-pid----4716----pid-3323
---ebpf-pid----2088----pid-1
---ebpf-pid----4716----pid-1
---ebpf-pid----2088----pid-2088
---ebpf-pid----4716----pid-4716
---ebpf-pid----4716----pid-3323
---ebpf-pid----2088----pid-1
---ebpf-pid----2088----pid-2088
---ebpf-pid----4716----pid-1
---ebpf-pid----4716----pid-4716
---ebpf-pid----2088----pid-1
---ebpf-pid----2088----pid-2088
---ebpf-pid----4716----pid-3323
---ebpf-pid----2088----pid-1
---ebpf-pid----2088----pid-2088
---ebpf-pid----4716----pid-1
---ebpf-pid----4716----pid-4716
---ebpf-pid----2088----pid-1
---ebpf-pid----5705----pid-5705
---ebpf-pid----5705----pid-5476
---ebpf-pid----5705----pid-1
---ebpf-pid----5705----pid-5705
---ebpf-pid----5705----pid-5476
---ebpf-pid----5705----pid-1
---ebpf-pid----2088----pid-2088
---ebpf-pid----2088----pid-1
---ebpf-pid----2088----pid-2088
---ebpf-pid----2088----pid-1
---ebpf-pid----2088----pid-2088
---ebpf-pid----2088----pid-1
---ebpf-pid----2088----pid-2088
---ebpf-pid----2088----pid-1
---ebpf-pid----2088----pid-2088
---ebpf-pid----2088----pid-1
---ebpf-pid----2088----pid-2088
---ebpf-pid----2088----pid-1
---ebpf-pid----2088----pid-2088
---ebpf-pid----2088----pid-1
---ebpf-pid----2088----pid-2088
---ebpf-pid----4716----pid-3323
---ebpf-pid----2088----pid-1
---ebpf-pid----4716----pid-1
---ebpf-pid----2088----pid-2088
---ebpf-pid----4716----pid-4716
---ebpf-pid----4716----pid-3323
---ebpf-pid----2088----pid-1
---ebpf-pid----2088----pid-2088
---ebpf-pid----4716----pid-1
---ebpf-pid----2088----pid-1
---ebpf-pid----448784----pid-448784
---ebpf-pid----2088----pid-2088
---ebpf-pid----448784----pid-448520
---ebpf-pid----2088----pid-1
---ebpf-pid----2088----pid-2088
---ebpf-pid----448784----pid-1
---ebpf-pid----4716----pid-4716
---ebpf-pid----2088----pid-1
---ebpf-pid----2088----pid-2088
---ebpf-pid----4716----pid-3323
---ebpf-pid----2088----pid-1
---ebpf-pid----4716----pid-1
---ebpf-pid----2088----pid-2088
---ebpf-pid----4716----pid-4716
---ebpf-pid----2088----pid-1
---ebpf-pid----4716----pid-3323
---ebpf-pid----2088----pid-2088
---ebpf-pid----4716----pid-1
---ebpf-pid----2088----pid-1
---ebpf-pid----4716----pid-4716
---ebpf-pid----2088----pid-2088
---ebpf-pid----4716----pid-3323
---ebpf-pid----2088----pid-1
---ebpf-pid----2088----pid-2088
---ebpf-pid----4716----pid-1
---ebpf-pid----4716----pid-4716
---ebpf-pid----2088----pid-1
---ebpf-pid----2088----pid-2088
---ebpf-pid----4716----pid-3323
---ebpf-pid----2088----pid-1
---ebpf-pid----2088----pid-2088
---ebpf-pid----4716----pid-1
---ebpf-pid----4716----pid-4716
---ebpf-pid----2088----pid-1
---ebpf-pid----2088----pid-2088
---ebpf-pid----4716----pid-3323
---ebpf-pid----2088----pid-1
---ebpf-pid----2088----pid-2088
---ebpf-pid----4716----pid-1
---ebpf-pid----4716----pid-4716
---ebpf-pid----2088----pid-1
---ebpf-pid----2088----pid-2088
---ebpf-pid----4716----pid-3323
---ebpf-pid----2088----pid-1
---ebpf-pid----4716----pid-1
---ebpf-pid----2088----pid-2088
---ebpf-pid----4716----pid-4716
---ebpf-pid----2088----pid-1
---ebpf-pid----4716----pid-3323
---ebpf-pid----2088----pid-2088
---ebpf-pid----4716----pid-1
---ebpf-pid----2088----pid-1
---ebpf-pid----5614----pid-5614
---ebpf-pid----2088----pid-2088
---ebpf-pid----5614----pid-1
---ebpf-pid----2088----pid-1
---ebpf-pid----4716----pid-4716
---ebpf-pid----2088----pid-2088
---ebpf-pid----2088----pid-1
---ebpf-pid----2088----pid-2088
---ebpf-pid----2088----pid-1
---ebpf-pid----2088----pid-2088
---ebpf-pid----2088----pid-1
---ebpf-pid----2088----pid-2088
---ebpf-pid----2088----pid-1
---ebpf-pid----2088----pid-2088
---ebpf-pid----2088----pid-1
---ebpf-pid----2088----pid-2088
---ebpf-pid----2088----pid-1
---ebpf-pid----2088----pid-2088
---ebpf-pid----2088----pid-1
---ebpf-pid----2088----pid-2088
---ebpf-pid----2088----pid-1
---ebpf-pid----2088----pid-2088
---ebpf-pid----2088----pid-1
---ebpf-pid----2088----pid-2088
---ebpf-pid----2088----pid-1
---ebpf-pid----2088----pid-2088
---ebpf-pid----2088----pid-1
---ebpf-pid----2088----pid-2088
---ebpf-pid----2088----pid-1
---ebpf-pid----2088----pid-2088
---ebpf-pid----2088----pid-1
---ebpf-pid----2088----pid-2088
---ebpf-pid----2088----pid-1
---ebpf-pid----2088----pid-2088
---ebpf-pid----4716----pid-3323
---ebpf-pid----2088----pid-1
---ebpf-pid----4716----pid-1
---ebpf-pid----2088----pid-2088
---ebpf-pid----5637----pid-5637
---ebpf-pid----2088----pid-1
---ebpf-pid----5637----pid-1
---ebpf-pid----2088----pid-2088
---ebpf-pid----5614----pid-5614
---ebpf-pid----2088----pid-1
---ebpf-pid----5614----pid-1
---ebpf-pid----2088----pid-2088
---ebpf-pid----4716----pid-4716
---ebpf-pid----4716----pid-3323
---ebpf-pid----2088----pid-1
---ebpf-pid----2088----pid-2088
---ebpf-pid----4716----pid-1
---ebpf-pid----5707----pid-5707
---ebpf-pid----2088----pid-1
---ebpf-pid----2088----pid-2088
---ebpf-pid----5707----pid-5476
---ebpf-pid----2088----pid-1
---ebpf-pid----2088----pid-2088
---ebpf-pid----5707----pid-1
---ebpf-pid----5707----pid-5707
---ebpf-pid----2088----pid-1
---ebpf-pid----2088----pid-2088
---ebpf-pid----5707----pid-5476
---ebpf-pid----2088----pid-1
---ebpf-pid----5707----pid-1
---ebpf-pid----2088----pid-2088
---ebpf-pid----5707----pid-5707
---ebpf-pid----2088----pid-1
---ebpf-pid----5707----pid-5476
---ebpf-pid----2088----pid-2088
---ebpf-pid----5707----pid-1
---ebpf-pid----2088----pid-1
---ebpf-pid----2088----pid-2088
---ebpf-pid----372881----pid-372881
---ebpf-pid----2089----pid-1
---ebpf-pid----2089----pid-2089
---ebpf-pid----2089----pid-1
---ebpf-pid----2089----pid-2089
---ebpf-pid----2089----pid-1
---ebpf-pid----2089----pid-2089
---ebpf-pid----2089----pid-1
---ebpf-pid----2089----pid-2089
---ebpf-pid----2089----pid-1
---ebpf-pid----2089----pid-2089
---ebpf-pid----2089----pid-1
---ebpf-pid----2089----pid-2089
---ebpf-pid----2089----pid-1
---ebpf-pid----2089----pid-2089
---ebpf-pid----2089----pid-1
---ebpf-pid----2089----pid-2089
---ebpf-pid----2089----pid-1
---ebpf-pid----5705----pid-5705
---ebpf-pid----5705----pid-5476
---ebpf-pid----5705----pid-1
---ebpf-pid----5705----pid-5705
---ebpf-pid----5705----pid-5476
---ebpf-pid----5705----pid-1
---ebpf-pid----5705----pid-5705
---ebpf-pid----372881----pid-1
---ebpf-pid----372881----pid-372881
---ebpf-pid----372881----pid-1
---ebpf-pid----372881----pid-372881
---ebpf-pid----372881----pid-1
---ebpf-pid----372881----pid-372881
---ebpf-pid----372881----pid-1
---ebpf-pid----372881----pid-372881
---ebpf-pid----372881----pid-1
---ebpf-pid----372881----pid-372881
---ebpf-pid----372881----pid-1
---ebpf-pid----372881----pid-372881
---ebpf-pid----372881----pid-1
---ebpf-pid----5705----pid-5476
---ebpf-pid----372881----pid-372881
---ebpf-pid----372881----pid-1
---ebpf-pid----372881----pid-372881
---ebpf-pid----5705----pid-1
---ebpf-pid----5705----pid-5705
---ebpf-pid----372881----pid-1
---ebpf-pid----372881----pid-372881
---ebpf-pid----5705----pid-5476
---ebpf-pid----372881----pid-1
---ebpf-pid----372881----pid-372881
---ebpf-pid----5705----pid-1
---ebpf-pid----5705----pid-5705
---ebpf-pid----372881----pid-1
---ebpf-pid----5705----pid-5476
---ebpf-pid----2088----pid-1
---ebpf-pid----2088----pid-2088
---ebpf-pid----5705----pid-1
---ebpf-pid----5705----pid-5705
---ebpf-pid----2088----pid-1
---ebpf-pid----2088----pid-2088
---ebpf-pid----5705----pid-5476
---ebpf-pid----2088----pid-1
---ebpf-pid----2088----pid-2088
---ebpf-pid----2088----pid-1
---ebpf-pid----2088----pid-2088
---ebpf-pid----2088----pid-1
---ebpf-pid----2088----pid-2088
---ebpf-pid----2088----pid-1
---ebpf-pid----2088----pid-2088
---ebpf-pid----2088----pid-1
---ebpf-pid----2088----pid-2088
---ebpf-pid----2088----pid-1
---ebpf-pid----2088----pid-2088
---ebpf-pid----2088----pid-1
---ebpf-pid----2088----pid-2088
---ebpf-pid----2088----pid-1
---ebpf-pid----2088----pid-2088
---ebpf-pid----2088----pid-1
---ebpf-pid----2088----pid-2088
---ebpf-pid----2088----pid-1
---ebpf-pid----2088----pid-2088
---ebpf-pid----2088----pid-1
---ebpf-pid----2088----pid-1
---ebpf-pid----2088----pid-2088
---ebpf-pid----5705----pid-1
---ebpf-pid----2088----pid-1
---ebpf-pid----5705----pid-5705
---ebpf-pid----2088----pid-2088
---ebpf-pid----5705----pid-5476
---ebpf-pid----2088----pid-1
---ebpf-pid----2088----pid-2088
---ebpf-pid----5705----pid-1
---ebpf-pid----5705----pid-5705
---ebpf-pid----2088----pid-1
---ebpf-pid----2088----pid-2088
---ebpf-pid----5705----pid-5476
---ebpf-pid----2088----pid-1
---ebpf-pid----2029----pid-2029
---ebpf-pid----5705----pid-1
---ebpf-pid----2088----pid-2088
---ebpf-pid----5705----pid-5705
---ebpf-pid----2029----pid-1
---ebpf-pid----2088----pid-1
---ebpf-pid----5705----pid-5476
---ebpf-pid----2029----pid-2029
---ebpf-pid----2088----pid-2088
---ebpf-pid----5705----pid-1
---ebpf-pid----2029----pid-1
---ebpf-pid----2088----pid-1
---ebpf-pid----5705----pid-5705
---ebpf-pid----2029----pid-2029
---ebpf-pid----2088----pid-2088
---ebpf-pid----5705----pid-5476
---ebpf-pid----2029----pid-1
---ebpf-pid----2088----pid-1
---ebpf-pid----2029----pid-2029
---ebpf-pid----373029----pid-373029
---ebpf-pid----5705----pid-1
---ebpf-pid----5705----pid-5705
---ebpf-pid----2029----pid-1
---ebpf-pid----373029----pid-5476
---ebpf-pid----2029----pid-2029
---ebpf-pid----5705----pid-5476
---ebpf-pid----373029----pid-1
---ebpf-pid----2029----pid-1
---ebpf-pid----373029----pid-373029
---ebpf-pid----2029----pid-2029
---ebpf-pid----5705----pid-1
---ebpf-pid----5705----pid-5705
---ebpf-pid----373029----pid-5476
---ebpf-pid----2029----pid-1
---ebpf-pid----2029----pid-2029
---ebpf-pid----5705----pid-5476
---ebpf-pid----373029----pid-1
---ebpf-pid----373029----pid-373029
---ebpf-pid----2029----pid-1
---ebpf-pid----5705----pid-1
---ebpf-pid----2029----pid-2029
---ebpf-pid----5705----pid-5705
---ebpf-pid----2029----pid-1
---ebpf-pid----5705----pid-5476
---ebpf-pid----373029----pid-5476
---ebpf-pid----2029----pid-2029
---ebpf-pid----5705----pid-1
---ebpf-pid----373029----pid-1
---ebpf-pid----5705----pid-5705
---ebpf-pid----373029----pid-373029
---ebpf-pid----5705----pid-5476
---ebpf-pid----373029----pid-5476
---ebpf-pid----5705----pid-1
---ebpf-pid----5705----pid-5705
---ebpf-pid----373029----pid-1
---ebpf-pid----373029----pid-373029
---ebpf-pid----5705----pid-5476
---ebpf-pid----373029----pid-5476
---ebpf-pid----5705----pid-1
---ebpf-pid----2029----pid-1
---ebpf-pid----373029----pid-1
---ebpf-pid----5705----pid-5705
---ebpf-pid----2029----pid-2029
---ebpf-pid----2088----pid-2088
---ebpf-pid----5705----pid-5476
---ebpf-pid----2029----pid-1
---ebpf-pid----5707----pid-5707
---ebpf-pid----5705----pid-1
---ebpf-pid----5705----pid-5705
---ebpf-pid----5707----pid-5476
---ebpf-pid----5705----pid-5476
---ebpf-pid----5707----pid-1
---ebpf-pid----5707----pid-5707
---ebpf-pid----5705----pid-1
---ebpf-pid----5705----pid-5705
---ebpf-pid----5707----pid-5476
---ebpf-pid----372881----pid-372881
---ebpf-pid----372881----pid-1
---ebpf-pid----5707----pid-1
---ebpf-pid----379067----pid-379067
---ebpf-pid----5707----pid-5707
---ebpf-pid----379067----pid-5476
---ebpf-pid----379067----pid-1
---ebpf-pid----379067----pid-379067
---ebpf-pid----5707----pid-5476
---ebpf-pid----379067----pid-5476
---ebpf-pid----379067----pid-1
---ebpf-pid----5707----pid-5707
---ebpf-pid----5707----pid-5476
---ebpf-pid----5707----pid-1
---ebpf-pid----5707----pid-1
---ebpf-pid----379067----pid-379067
---ebpf-pid----379067----pid-5476
---ebpf-pid----379067----pid-1
---ebpf-pid----379067----pid-379067
---ebpf-pid----5707----pid-5707
---ebpf-pid----379067----pid-5476
---ebpf-pid----379067----pid-1
---ebpf-pid----5707----pid-5707
---ebpf-pid----5707----pid-5476
---ebpf-pid----5707----pid-1
---ebpf-pid----5707----pid-5707
---ebpf-pid----5707----pid-5476
---ebpf-pid----2088----pid-1
---ebpf-pid----2088----pid-2088
---ebpf-pid----5707----pid-1
---ebpf-pid----2029----pid-2029
---ebpf-pid----2029----pid-1
---ebpf-pid----5637----pid-5637
---ebpf-pid----2088----pid-1
---ebpf-pid----2088----pid-2088
---ebpf-pid----2088----pid-1
---ebpf-pid----2088----pid-2088
---ebpf-pid----5637----pid-1
---ebpf-pid----5705----pid-5476
---ebpf-pid----5707----pid-5476
---ebpf-pid----5707----pid-1
---ebpf-pid----379067----pid-379067
---ebpf-pid----379067----pid-5476
---ebpf-pid----379067----pid-1
---ebpf-pid----379067----pid-379067
---ebpf-pid----379067----pid-5476
---ebpf-pid----379067----pid-1
---ebpf-pid----2029----pid-2029
---ebpf-pid----2029----pid-1
---ebpf-pid----2029----pid-2029
---ebpf-pid----2029----pid-1
---ebpf-pid----2029----pid-2029
---ebpf-pid----2029----pid-1
---ebpf-pid----2029----pid-2029
---ebpf-pid----2029----pid-1
---ebpf-pid----2029----pid-2029
---ebpf-pid----2029----pid-1
---ebpf-pid----5705----pid-1
---ebpf-pid----2029----pid-2029
---ebpf-pid----5705----pid-5705
---ebpf-pid----2029----pid-1
---ebpf-pid----2029----pid-2029
---ebpf-pid----5705----pid-5476
---ebpf-pid----2029----pid-1
---ebpf-pid----5705----pid-1
---ebpf-pid----379067----pid-379067
---ebpf-pid----2088----pid-2088
---ebpf-pid----379067----pid-5476
---ebpf-pid----2088----pid-1
---ebpf-pid----4720----pid-4720
---ebpf-pid----379067----pid-1
---ebpf-pid----379067----pid-379067
---ebpf-pid----4720----pid-3323
---ebpf-pid----379067----pid-5476
---ebpf-pid----4720----pid-1
---ebpf-pid----379067----pid-1
---ebpf-pid----4720----pid-4720
---ebpf-pid----379067----pid-379067
---ebpf-pid----4720----pid-3323
---ebpf-pid----379067----pid-5476
---ebpf-pid----4720----pid-1
---ebpf-pid----379067----pid-1
---ebpf-pid----4720----pid-4720
---ebpf-pid----5707----pid-5707
---ebpf-pid----4720----pid-3323
---ebpf-pid----5707----pid-5476
---ebpf-pid----4720----pid-1
---ebpf-pid----4720----pid-4720
---ebpf-pid----5707----pid-1
---ebpf-pid----5707----pid-5707
---ebpf-pid----4720----pid-3323
---ebpf-pid----5707----pid-5476
---ebpf-pid----4720----pid-1
---ebpf-pid----5707----pid-1
---ebpf-pid----4720----pid-4720
---ebpf-pid----5707----pid-5707
---ebpf-pid----4720----pid-3323
---ebpf-pid----5707----pid-5476
---ebpf-pid----4720----pid-1
---ebpf-pid----5707----pid-1
---ebpf-pid----4720----pid-4720
---ebpf-pid----5707----pid-5707
---ebpf-pid----4720----pid-3323
---ebpf-pid----5707----pid-5707
---ebpf-pid----5707----pid-5476
---ebpf-pid----4720----pid-1
---ebpf-pid----5707----pid-5476
---ebpf-pid----5707----pid-1
---ebpf-pid----4720----pid-4720
---ebpf-pid----5707----pid-5707
---ebpf-pid----4720----pid-3323
---ebpf-pid----5707----pid-1
---ebpf-pid----5707----pid-5476
---ebpf-pid----5707----pid-5707
---ebpf-pid----4720----pid-1
---ebpf-pid----5707----pid-1
---ebpf-pid----4720----pid-4720
---ebpf-pid----5707----pid-5476
---ebpf-pid----5707----pid-5707
---ebpf-pid----4720----pid-3323
---ebpf-pid----5707----pid-1
---ebpf-pid----5707----pid-5476
---ebpf-pid----372881----pid-372881
---ebpf-pid----4720----pid-1
---ebpf-pid----5707----pid-1
---ebpf-pid----4720----pid-4720
---ebpf-pid----372881----pid-1
---ebpf-pid----372881----pid-372881
---ebpf-pid----372881----pid-1
---ebpf-pid----372881----pid-372881
---ebpf-pid----372881----pid-1
---ebpf-pid----372881----pid-372881
---ebpf-pid----5707----pid-5707
---ebpf-pid----5707----pid-5476
---ebpf-pid----372881----pid-1
---ebpf-pid----372881----pid-372881
---ebpf-pid----2088----pid-1
---ebpf-pid----5707----pid-1
---ebpf-pid----2088----pid-2088
---ebpf-pid----5707----pid-5707
---ebpf-pid----372881----pid-1
---ebpf-pid----372881----pid-372881
---ebpf-pid----2088----pid-1
---ebpf-pid----5707----pid-5476
---ebpf-pid----2088----pid-2088
---ebpf-pid----372881----pid-1
---ebpf-pid----5707----pid-1
---ebpf-pid----372881----pid-372881
---ebpf-pid----2088----pid-1
---ebpf-pid----5707----pid-5707
---ebpf-pid----2088----pid-2088
---ebpf-pid----372881----pid-1
---ebpf-pid----5707----pid-5476
---ebpf-pid----372881----pid-372881
---ebpf-pid----2088----pid-1
---ebpf-pid----2088----pid-2088
---ebpf-pid----372881----pid-1
---ebpf-pid----372881----pid-372881
---ebpf-pid----5707----pid-1
---ebpf-pid----372881----pid-1
---ebpf-pid----5707----pid-5707
---ebpf-pid----372881----pid-372881
---ebpf-pid----5707----pid-5476
---ebpf-pid----372881----pid-1
---ebpf-pid----372881----pid-372881
---ebpf-pid----5707----pid-1
---ebpf-pid----5707----pid-5707
---ebpf-pid----372881----pid-1
---ebpf-pid----372881----pid-372881
---ebpf-pid----5707----pid-5476
---ebpf-pid----372881----pid-1
---ebpf-pid----372881----pid-372881
---ebpf-pid----5707----pid-1
---ebpf-pid----5707----pid-5707
---ebpf-pid----372881----pid-1
---ebpf-pid----372881----pid-372881
---ebpf-pid----5707----pid-5476
---ebpf-pid----372881----pid-1
---ebpf-pid----5707----pid-1
---ebpf-pid----372881----pid-372881
---ebpf-pid----5707----pid-5707
---ebpf-pid----372881----pid-1
---ebpf-pid----5707----pid-5476
---ebpf-pid----372881----pid-372881
---ebpf-pid----5707----pid-1
---ebpf-pid----372881----pid-1
---ebpf-pid----5707----pid-5707
---ebpf-pid----372881----pid-372881
---ebpf-pid----5707----pid-5476
---ebpf-pid----372881----pid-1
---ebpf-pid----372881----pid-372881
---ebpf-pid----5707----pid-1
---ebpf-pid----5707----pid-5707
---ebpf-pid----372881----pid-1
---ebpf-pid----372881----pid-372881
---ebpf-pid----5707----pid-5476
---ebpf-pid----5707----pid-1
---ebpf-pid----372881----pid-1
---ebpf-pid----5707----pid-5707
---ebpf-pid----372881----pid-372881
---ebpf-pid----5707----pid-5476
---ebpf-pid----372881----pid-1
---ebpf-pid----372881----pid-372881
---ebpf-pid----5707----pid-1
---ebpf-pid----5707----pid-5707
---ebpf-pid----372881----pid-1
---ebpf-pid----5707----pid-5476
---ebpf-pid----372881----pid-372881
---ebpf-pid----5707----pid-1
---ebpf-pid----372881----pid-1
---ebpf-pid----372881----pid-372881
---ebpf-pid----5707----pid-5707
---ebpf-pid----372881----pid-1
---ebpf-pid----5707----pid-5476
---ebpf-pid----372881----pid-372881
---ebpf-pid----5707----pid-1
---ebpf-pid----372881----pid-1
---ebpf-pid----5707----pid-5707
---ebpf-pid----372881----pid-372881
---ebpf-pid----5707----pid-5476
---ebpf-pid----372881----pid-1
---ebpf-pid----5707----pid-1
---ebpf-pid----372881----pid-372881
---ebpf-pid----5707----pid-5707
---ebpf-pid----372881----pid-1
---ebpf-pid----5707----pid-5476
---ebpf-pid----372881----pid-372881
---ebpf-pid----5707----pid-1
---ebpf-pid----5707----pid-5707
---ebpf-pid----372881----pid-1
---ebpf-pid----372881----pid-372881
---ebpf-pid----5707----pid-5476
---ebpf-pid----372881----pid-1
---ebpf-pid----5707----pid-1
---ebpf-pid----372881----pid-372881
---ebpf-pid----5707----pid-5707
---ebpf-pid----372881----pid-1
---ebpf-pid----5707----pid-5476
---ebpf-pid----372881----pid-372881
---ebpf-pid----372881----pid-1
---ebpf-pid----372881----pid-372881
---ebpf-pid----372881----pid-1
---ebpf-pid----372881----pid-372881
---ebpf-pid----372881----pid-1
---ebpf-pid----372881----pid-372881
---ebpf-pid----372881----pid-1
---ebpf-pid----372881----pid-372881
---ebpf-pid----372881----pid-1
---ebpf-pid----372881----pid-372881
---ebpf-pid----372881----pid-1
---ebpf-pid----372881----pid-372881
---ebpf-pid----372881----pid-1
---ebpf-pid----372881----pid-372881
---ebpf-pid----2088----pid-1
---ebpf-pid----2088----pid-2088
---ebpf-pid----372881----pid-1
---ebpf-pid----372881----pid-372881
---ebpf-pid----2088----pid-1
---ebpf-pid----2088----pid-2088
---ebpf-pid----372881----pid-1
---ebpf-pid----2088----pid-1
---ebpf-pid----372881----pid-372881
---ebpf-pid----2088----pid-2088
---ebpf-pid----372881----pid-1
---ebpf-pid----2088----pid-1
---ebpf-pid----372881----pid-372881
---ebpf-pid----2088----pid-2088
---ebpf-pid----2088----pid-1
---ebpf-pid----372881----pid-1
---ebpf-pid----2088----pid-2088
---ebpf-pid----372881----pid-372881
---ebpf-pid----2088----pid-1
---ebpf-pid----372881----pid-1
---ebpf-pid----2088----pid-2088
---ebpf-pid----372881----pid-372881
---ebpf-pid----2088----pid-1
---ebpf-pid----372881----pid-1
---ebpf-pid----2088----pid-2088
---ebpf-pid----372881----pid-372881
---ebpf-pid----2088----pid-1
---ebpf-pid----372881----pid-1
---ebpf-pid----2088----pid-2088
---ebpf-pid----372881----pid-372881
---ebpf-pid----2088----pid-1
---ebpf-pid----372881----pid-1
---ebpf-pid----2088----pid-2088
---ebpf-pid----372881----pid-372881
---ebpf-pid----372881----pid-1
---ebpf-pid----2088----pid-1
---ebpf-pid----372881----pid-372881
---ebpf-pid----2088----pid-2088
---ebpf-pid----2088----pid-1
---ebpf-pid----372881----pid-1
---ebpf-pid----5707----pid-1
---ebpf-pid----372881----pid-372881
---ebpf-pid----2088----pid-2088
---ebpf-pid----5707----pid-5707
---ebpf-pid----372881----pid-1
---ebpf-pid----2088----pid-1
---ebpf-pid----372881----pid-372881
---ebpf-pid----5707----pid-5476
---ebpf-pid----2088----pid-2088
---ebpf-pid----372881----pid-1
---ebpf-pid----5707----pid-1
---ebpf-pid----372881----pid-372881
---ebpf-pid----5707----pid-5707
---ebpf-pid----372881----pid-1
---ebpf-pid----372881----pid-372881
---ebpf-pid----5707----pid-5476
---ebpf-pid----372881----pid-1
---ebpf-pid----5707----pid-1
---ebpf-pid----372881----pid-372881
---ebpf-pid----5707----pid-5707
---ebpf-pid----372881----pid-1
---ebpf-pid----5707----pid-5476
---ebpf-pid----372881----pid-372881
---ebpf-pid----372881----pid-1
---ebpf-pid----5707----pid-1
---ebpf-pid----372881----pid-372881
---ebpf-pid----5707----pid-5707
---ebpf-pid----372881----pid-1
---ebpf-pid----5707----pid-5476
---ebpf-pid----372881----pid-372881
---ebpf-pid----5707----pid-1
---ebpf-pid----5707----pid-5707
---ebpf-pid----5707----pid-5476
---ebpf-pid----5707----pid-1
---ebpf-pid----5707----pid-5707
---ebpf-pid----5707----pid-5476
---ebpf-pid----5707----pid-1
---ebpf-pid----5707----pid-5707
---ebpf-pid----5707----pid-5476
---ebpf-pid----5707----pid-1
---ebpf-pid----5707----pid-5707
---ebpf-pid----5707----pid-5476
---ebpf-pid----5707----pid-1
---ebpf-pid----5707----pid-5707
---ebpf-pid----5707----pid-5476
---ebpf-pid----5707----pid-1
---ebpf-pid----5707----pid-5707
---ebpf-pid----5707----pid-5476
---ebpf-pid----5707----pid-1
---ebpf-pid----5707----pid-5707
---ebpf-pid----5707----pid-5476
---ebpf-pid----5707----pid-1
---ebpf-pid----5707----pid-5707
---ebpf-pid----5707----pid-5476
---ebpf-pid----5707----pid-1
---ebpf-pid----5707----pid-5707
---ebpf-pid----5707----pid-5476
---ebpf-pid----5707----pid-1
---ebpf-pid----5707----pid-5707
---ebpf-pid----5707----pid-5476
---ebpf-pid----5707----pid-1
---ebpf-pid----5707----pid-5707
---ebpf-pid----5707----pid-5476
---ebpf-pid----5707----pid-1
---ebpf-pid----5707----pid-5707
---ebpf-pid----5707----pid-5476
---ebpf-pid----5707----pid-1
---ebpf-pid----5707----pid-5707
---ebpf-pid----5707----pid-5476
---ebpf-pid----5707----pid-1
---ebpf-pid----5707----pid-5707
---ebpf-pid----5707----pid-5476
---ebpf-pid----5707----pid-1
---ebpf-pid----5707----pid-5707
---ebpf-pid----5707----pid-5476
---ebpf-pid----5707----pid-1
---ebpf-pid----5707----pid-5707
---ebpf-pid----5707----pid-5476
---ebpf-pid----5707----pid-1
---ebpf-pid----5705----pid-5705
---ebpf-pid----5705----pid-5476
---ebpf-pid----5705----pid-1
---ebpf-pid----5705----pid-5705
---ebpf-pid----2088----pid-1
---ebpf-pid----5705----pid-5476
---ebpf-pid----2088----pid-2088
---ebpf-pid----5705----pid-1
---ebpf-pid----2088----pid-1
---ebpf-pid----5705----pid-5705
---ebpf-pid----2088----pid-2088
---ebpf-pid----2088----pid-1
---ebpf-pid----5705----pid-5476
---ebpf-pid----2088----pid-2088
---ebpf-pid----5705----pid-1
---ebpf-pid----2088----pid-1
---ebpf-pid----5705----pid-5705
---ebpf-pid----2088----pid-2088
---ebpf-pid----5705----pid-5476
---ebpf-pid----2088----pid-1
---ebpf-pid----2088----pid-2088
---ebpf-pid----5705----pid-1
---ebpf-pid----5705----pid-5705
---ebpf-pid----2088----pid-1
---ebpf-pid----2088----pid-2088
---ebpf-pid----5705----pid-5476
---ebpf-pid----2088----pid-1
---ebpf-pid----5705----pid-1
---ebpf-pid----2088----pid-2088
---ebpf-pid----5705----pid-5705
---ebpf-pid----4720----pid-3323
---ebpf-pid----4720----pid-1
---ebpf-pid----5705----pid-5476
---ebpf-pid----4720----pid-4720
---ebpf-pid----5705----pid-1
---ebpf-pid----4720----pid-3323
---ebpf-pid----5705----pid-5705
---ebpf-pid----4720----pid-1
---ebpf-pid----5705----pid-5476
---ebpf-pid----2029----pid-2029
---ebpf-pid----5705----pid-1
---ebpf-pid----2029----pid-1
---ebpf-pid----5705----pid-5705
---ebpf-pid----2029----pid-2029
---ebpf-pid----5705----pid-5476
---ebpf-pid----2029----pid-1
---ebpf-pid----2029----pid-2029
---ebpf-pid----5705----pid-1
---ebpf-pid----5705----pid-5705
---ebpf-pid----2029----pid-1
---ebpf-pid----2029----pid-2029
---ebpf-pid----5705----pid-5476
---ebpf-pid----2029----pid-1
---ebpf-pid----2088----pid-1
---ebpf-pid----5705----pid-1
---ebpf-pid----2088----pid-2088
---ebpf-pid----5705----pid-5705
---ebpf-pid----2088----pid-1
---ebpf-pid----5705----pid-5476
---ebpf-pid----2088----pid-2088
---ebpf-pid----5705----pid-1
---ebpf-pid----2088----pid-1
---ebpf-pid----5705----pid-5705
---ebpf-pid----2088----pid-2088
---ebpf-pid----5705----pid-5476
---ebpf-pid----2088----pid-1
---ebpf-pid----2088----pid-2088
---ebpf-pid----5705----pid-1
---ebpf-pid----5705----pid-5705
---ebpf-pid----2088----pid-1
---ebpf-pid----2088----pid-2088
---ebpf-pid----5705----pid-5476
---ebpf-pid----2088----pid-1
---ebpf-pid----5705----pid-1
---ebpf-pid----2088----pid-2088
---ebpf-pid----5705----pid-5705
---ebpf-pid----2088----pid-1
---ebpf-pid----5705----pid-5476
---ebpf-pid----2088----pid-2088
---ebpf-pid----5705----pid-1
---ebpf-pid----2088----pid-1
---ebpf-pid----2029----pid-2029
---ebpf-pid----5705----pid-5705
---ebpf-pid----2029----pid-1
---ebpf-pid----2029----pid-2029
---ebpf-pid----5705----pid-5476
---ebpf-pid----2029----pid-1
---ebpf-pid----2029----pid-2029
---ebpf-pid----5705----pid-1
---ebpf-pid----5705----pid-5705
---ebpf-pid----2029----pid-1
---ebpf-pid----2029----pid-2029
---ebpf-pid----5705----pid-5476
---ebpf-pid----2029----pid-1
---ebpf-pid----5705----pid-1
---ebpf-pid----2029----pid-2029
---ebpf-pid----5705----pid-5705
---ebpf-pid----2029----pid-1
---ebpf-pid----5705----pid-5476
---ebpf-pid----2029----pid-2029
---ebpf-pid----5705----pid-1
---ebpf-pid----2029----pid-1
---ebpf-pid----5705----pid-5705
---ebpf-pid----2029----pid-2029
---ebpf-pid----5705----pid-5476
---ebpf-pid----2029----pid-1
---ebpf-pid----2029----pid-2029
---ebpf-pid----2088----pid-2088
---ebpf-pid----2088----pid-1
---ebpf-pid----5705----pid-1
---ebpf-pid----2088----pid-2088
---ebpf-pid----5705----pid-5705
---ebpf-pid----2088----pid-1
---ebpf-pid----2088----pid-2088
---ebpf-pid----5705----pid-5476
---ebpf-pid----5705----pid-1
---ebpf-pid----2088----pid-1
---ebpf-pid----5705----pid-5705
---ebpf-pid----2088----pid-2088
---ebpf-pid----2088----pid-1
---ebpf-pid----5705----pid-5476
---ebpf-pid----2088----pid-2088
---ebpf-pid----5705----pid-1
---ebpf-pid----2088----pid-1
---ebpf-pid----5705----pid-5705
---ebpf-pid----2088----pid-2088
---ebpf-pid----5705----pid-5476
---ebpf-pid----2088----pid-1
---ebpf-pid----2088----pid-2088
---ebpf-pid----5705----pid-1
---ebpf-pid----5705----pid-5705
---ebpf-pid----2088----pid-1
---ebpf-pid----2088----pid-2088
---ebpf-pid----5705----pid-5476
---ebpf-pid----5705----pid-1
---ebpf-pid----5705----pid-5705
---ebpf-pid----5705----pid-5476
---ebpf-pid----5705----pid-1
---ebpf-pid----5705----pid-5705
---ebpf-pid----5705----pid-5476
---ebpf-pid----5705----pid-1
---ebpf-pid----5705----pid-5705
---ebpf-pid----372881----pid-1
---ebpf-pid----372881----pid-372881
---ebpf-pid----5705----pid-5476
---ebpf-pid----372881----pid-1
---ebpf-pid----5705----pid-1
---ebpf-pid----372881----pid-372881
---ebpf-pid----5705----pid-5705
---ebpf-pid----372881----pid-1
---ebpf-pid----5705----pid-5476
---ebpf-pid----372881----pid-372881
---ebpf-pid----5705----pid-1
---ebpf-pid----372881----pid-1
---ebpf-pid----5705----pid-5705
---ebpf-pid----372881----pid-372881
---ebpf-pid----5705----pid-5476
---ebpf-pid----372881----pid-1
---ebpf-pid----372881----pid-372881
---ebpf-pid----5705----pid-1
---ebpf-pid----5705----pid-5705
---ebpf-pid----372881----pid-1
---ebpf-pid----372881----pid-372881
---ebpf-pid----5705----pid-5476
---ebpf-pid----372881----pid-1
---ebpf-pid----5705----pid-1
---ebpf-pid----5707----pid-5707
---ebpf-pid----5705----pid-5705
---ebpf-pid----5705----pid-5476
---ebpf-pid----5707----pid-5476
---ebpf-pid----5705----pid-1
---ebpf-pid----5705----pid-5705
---ebpf-pid----5707----pid-1
---ebpf-pid----5707----pid-5707
---ebpf-pid----5705----pid-5476
---ebpf-pid----5707----pid-5476
---ebpf-pid----5705----pid-1
---ebpf-pid----5705----pid-5705
---ebpf-pid----5707----pid-1
---ebpf-pid----5707----pid-5707
---ebpf-pid----5705----pid-5476
---ebpf-pid----5707----pid-5476
---ebpf-pid----5707----pid-1
---ebpf-pid----5705----pid-1
---ebpf-pid----4716----pid-4716
---ebpf-pid----5705----pid-5705
---ebpf-pid----5705----pid-5476
---ebpf-pid----4716----pid-3323
---ebpf-pid----5705----pid-1
---ebpf-pid----5705----pid-5705
---ebpf-pid----4716----pid-1
---ebpf-pid----4716----pid-4716
---ebpf-pid----5705----pid-5476
---ebpf-pid----4716----pid-3323
---ebpf-pid----5705----pid-1
---ebpf-pid----5705----pid-5705
---ebpf-pid----4716----pid-1
---ebpf-pid----4716----pid-4716
---ebpf-pid----5705----pid-5476
---ebpf-pid----4716----pid-3323
---ebpf-pid----5705----pid-1
---ebpf-pid----5705----pid-5705
---ebpf-pid----4716----pid-1
---ebpf-pid----5707----pid-5707
---ebpf-pid----5705----pid-5476
---ebpf-pid----5705----pid-1
---ebpf-pid----5705----pid-5705
---ebpf-pid----5705----pid-5476
---ebpf-pid----5705----pid-1
---ebpf-pid----5705----pid-5705
---ebpf-pid----5705----pid-5476
---ebpf-pid----5705----pid-1
---ebpf-pid----5705----pid-5705
---ebpf-pid----5705----pid-5476
---ebpf-pid----5705----pid-1
---ebpf-pid----5705----pid-5705
---ebpf-pid----5705----pid-5476
---ebpf-pid----5705----pid-1
---ebpf-pid----5705----pid-5705
---ebpf-pid----5705----pid-5476
---ebpf-pid----5705----pid-1
---ebpf-pid----5705----pid-5705
---ebpf-pid----5705----pid-5476
---ebpf-pid----5705----pid-1
---ebpf-pid----5705----pid-5705
---ebpf-pid----2029----pid-1
---ebpf-pid----5705----pid-5476
---ebpf-pid----373029----pid-373029
---ebpf-pid----5705----pid-1
---ebpf-pid----5705----pid-5705
---ebpf-pid----373029----pid-5476
---ebpf-pid----373029----pid-1
---ebpf-pid----5705----pid-5476
---ebpf-pid----373029----pid-373029
---ebpf-pid----5705----pid-1
---ebpf-pid----373029----pid-5476
---ebpf-pid----5705----pid-5705
---ebpf-pid----373029----pid-1
---ebpf-pid----5705----pid-5476
---ebpf-pid----171279----pid-171279
---ebpf-pid----5705----pid-1
---ebpf-pid----171279----pid-1
---ebpf-pid----171279----pid-171279
---ebpf-pid----5707----pid-5476
---ebpf-pid----2088----pid-1
---ebpf-pid----2088----pid-2088
---ebpf-pid----5707----pid-1
---ebpf-pid----5707----pid-5707
---ebpf-pid----2088----pid-1
---ebpf-pid----2088----pid-2088
---ebpf-pid----5707----pid-5476
---ebpf-pid----2088----pid-1
---ebpf-pid----2088----pid-2088
---ebpf-pid----5707----pid-1
---ebpf-pid----5707----pid-5707
---ebpf-pid----2088----pid-1
---ebpf-pid----2088----pid-2088
---ebpf-pid----5707----pid-5476
---ebpf-pid----2088----pid-1
---ebpf-pid----5707----pid-1
---ebpf-pid----2088----pid-2088
---ebpf-pid----5707----pid-5707
---ebpf-pid----2088----pid-1
---ebpf-pid----5707----pid-5476
---ebpf-pid----2088----pid-2088
---ebpf-pid----5707----pid-1
---ebpf-pid----2088----pid-1
---ebpf-pid----2088----pid-2088
---ebpf-pid----2088----pid-1
---ebpf-pid----2088----pid-2088
---ebpf-pid----2088----pid-1
---ebpf-pid----2088----pid-2088
---ebpf-pid----2088----pid-1
---ebpf-pid----2088----pid-2088
---ebpf-pid----171279----pid-1
---ebpf-pid----2088----pid-1
---ebpf-pid----2088----pid-2088
---ebpf-pid----171279----pid-171279
---ebpf-pid----2088----pid-1
---ebpf-pid----171279----pid-1
---ebpf-pid----2088----pid-2088
---ebpf-pid----5707----pid-5707
---ebpf-pid----2088----pid-1
---ebpf-pid----2088----pid-2088
---ebpf-pid----5707----pid-5476
---ebpf-pid----2088----pid-1
---ebpf-pid----5707----pid-1
---ebpf-pid----2088----pid-2088
---ebpf-pid----5707----pid-5707
---ebpf-pid----2088----pid-1
---ebpf-pid----2088----pid-2088
---ebpf-pid----2088----pid-1
---ebpf-pid----2088----pid-2088
---ebpf-pid----2088----pid-1
---ebpf-pid----2088----pid-2088
---ebpf-pid----2088----pid-1
---ebpf-pid----2088----pid-2088
---ebpf-pid----2088----pid-1
---ebpf-pid----2088----pid-2088
---ebpf-pid----2088----pid-1
---ebpf-pid----2088----pid-2088
---ebpf-pid----2088----pid-1
---ebpf-pid----2088----pid-2088
---ebpf-pid----2088----pid-1
---ebpf-pid----2088----pid-2088
---ebpf-pid----2088----pid-1
---ebpf-pid----2088----pid-2088
---ebpf-pid----2088----pid-1
---ebpf-pid----5705----pid-5705
---ebpf-pid----2088----pid-2088
---ebpf-pid----2088----pid-1
---ebpf-pid----5705----pid-5476
---ebpf-pid----2088----pid-2088
---ebpf-pid----5705----pid-1
---ebpf-pid----2088----pid-1
---ebpf-pid----5705----pid-5705
---ebpf-pid----2088----pid-2088
---ebpf-pid----5705----pid-5476
---ebpf-pid----2088----pid-1
---ebpf-pid----2088----pid-2088
---ebpf-pid----5705----pid-1
---ebpf-pid----5705----pid-5705
---ebpf-pid----2088----pid-1
---ebpf-pid----2088----pid-2088
---ebpf-pid----5705----pid-5476
---ebpf-pid----2088----pid-1
---ebpf-pid----2088----pid-2088
---ebpf-pid----5705----pid-1
---ebpf-pid----5705----pid-5705
---ebpf-pid----5707----pid-5707
---ebpf-pid----2088----pid-1
---ebpf-pid----5705----pid-5476
---ebpf-pid----2088----pid-2088
---ebpf-pid----5707----pid-5476
---ebpf-pid----5705----pid-1
---ebpf-pid----2088----pid-1
---ebpf-pid----5707----pid-1
---ebpf-pid----5705----pid-5705
---ebpf-pid----2088----pid-2088
---ebpf-pid----4716----pid-4716
---ebpf-pid----5705----pid-5476
---ebpf-pid----2088----pid-1
---ebpf-pid----4716----pid-3323
---ebpf-pid----2088----pid-2088
---ebpf-pid----5705----pid-1
---ebpf-pid----4716----pid-1
---ebpf-pid----5705----pid-5705
---ebpf-pid----372881----pid-372881
---ebpf-pid----2088----pid-1
---ebpf-pid----2088----pid-2088
---ebpf-pid----372881----pid-1
---ebpf-pid----5705----pid-5476
---ebpf-pid----5707----pid-5707
---ebpf-pid----2088----pid-1
---ebpf-pid----2088----pid-2088
---ebpf-pid----5705----pid-1
---ebpf-pid----5707----pid-5476
---ebpf-pid----5705----pid-5705
---ebpf-pid----2088----pid-1
---ebpf-pid----5707----pid-1
---ebpf-pid----2088----pid-2088
---ebpf-pid----5707----pid-5707
---ebpf-pid----5705----pid-5476
---ebpf-pid----2088----pid-1
---ebpf-pid----5705----pid-1
---ebpf-pid----5707----pid-5476
---ebpf-pid----2088----pid-2088
---ebpf-pid----5705----pid-5705
---ebpf-pid----5705----pid-5476
---ebpf-pid----5705----pid-1
---ebpf-pid----5705----pid-5705
---ebpf-pid----5705----pid-5476
---ebpf-pid----5705----pid-1
---ebpf-pid----5705----pid-5705
---ebpf-pid----5705----pid-5476
---ebpf-pid----5705----pid-1
---ebpf-pid----5705----pid-5705
---ebpf-pid----5705----pid-5476
---ebpf-pid----5705----pid-1
---ebpf-pid----5705----pid-5705
---ebpf-pid----5705----pid-5476
---ebpf-pid----5705----pid-1
---ebpf-pid----5705----pid-5705
---ebpf-pid----5705----pid-5476
---ebpf-pid----5705----pid-1
---ebpf-pid----5705----pid-5705
---ebpf-pid----5705----pid-5476
---ebpf-pid----5705----pid-1
---ebpf-pid----5705----pid-5705
---ebpf-pid----5705----pid-5476
---ebpf-pid----5705----pid-1
---ebpf-pid----5705----pid-5705
---ebpf-pid----5705----pid-5476
---ebpf-pid----5705----pid-1
---ebpf-pid----5705----pid-5705
---ebpf-pid----5705----pid-5476
---ebpf-pid----5705----pid-1
---ebpf-pid----5705----pid-5705
---ebpf-pid----5705----pid-5476
---ebpf-pid----5705----pid-1
---ebpf-pid----5705----pid-5705
---ebpf-pid----5705----pid-5476
---ebpf-pid----5705----pid-1
---ebpf-pid----5707----pid-1
---ebpf-pid----377755----pid-377755
---ebpf-pid----377755----pid-1
---ebpf-pid----2089----pid-2089
---ebpf-pid----2089----pid-1
---ebpf-pid----2089----pid-2089
---ebpf-pid----2089----pid-1
---ebpf-pid----2089----pid-2089
---ebpf-pid----2089----pid-1
---ebpf-pid----2089----pid-2089
---ebpf-pid----2089----pid-1
---ebpf-pid----2089----pid-2089
---ebpf-pid----2089----pid-1
---ebpf-pid----2089----pid-2089
---ebpf-pid----5707----pid-5476
---ebpf-pid----5707----pid-1
---ebpf-pid----5707----pid-5707
---ebpf-pid----5707----pid-5476
---ebpf-pid----5707----pid-1
---ebpf-pid----5707----pid-5707
---ebpf-pid----5707----pid-5476
---ebpf-pid----5707----pid-1
---ebpf-pid----5707----pid-5707
---ebpf-pid----5707----pid-5476
---ebpf-pid----5707----pid-1
---ebpf-pid----5707----pid-5707
---ebpf-pid----5707----pid-5476
---ebpf-pid----5707----pid-1
---ebpf-pid----5707----pid-5707
---ebpf-pid----5707----pid-5476
---ebpf-pid----5707----pid-1
---ebpf-pid----5707----pid-5707
---ebpf-pid----5707----pid-5476
---ebpf-pid----5707----pid-1
---ebpf-pid----5707----pid-5707
---ebpf-pid----5707----pid-5476
---ebpf-pid----5707----pid-1
---ebpf-pid----5707----pid-5707
---ebpf-pid----5707----pid-5476
---ebpf-pid----5707----pid-1
---ebpf-pid----5707----pid-5707
---ebpf-pid----5707----pid-5476
---ebpf-pid----5707----pid-1
---ebpf-pid----5707----pid-5707
---ebpf-pid----5707----pid-5476
---ebpf-pid----5707----pid-1
---ebpf-pid----5707----pid-5707
---ebpf-pid----5707----pid-5476
---ebpf-pid----5707----pid-1
---ebpf-pid----5707----pid-5707
---ebpf-pid----5707----pid-5476
---ebpf-pid----5707----pid-1
---ebpf-pid----5707----pid-5707
---ebpf-pid----5707----pid-5476
---ebpf-pid----5707----pid-1
---ebpf-pid----5707----pid-5707
---ebpf-pid----2089----pid-1
---ebpf-pid----2089----pid-2089
---ebpf-pid----2089----pid-1
---ebpf-pid----5707----pid-5476
---ebpf-pid----2089----pid-2089
---ebpf-pid----2089----pid-1
---ebpf-pid----2089----pid-2089
---ebpf-pid----2089----pid-1
---ebpf-pid----2089----pid-2089
---ebpf-pid----2089----pid-1
---ebpf-pid----2089----pid-2089
---ebpf-pid----2089----pid-1
---ebpf-pid----2089----pid-2089
---ebpf-pid----2089----pid-1
---ebpf-pid----2089----pid-2089
---ebpf-pid----2089----pid-1
---ebpf-pid----2089----pid-2089
---ebpf-pid----2089----pid-1
---ebpf-pid----2089----pid-2089
---ebpf-pid----2089----pid-1
---ebpf-pid----2089----pid-2089
---ebpf-pid----2089----pid-1
---ebpf-pid----2089----pid-2089
---ebpf-pid----2089----pid-1
---ebpf-pid----2089----pid-2089
---ebpf-pid----2089----pid-1
---ebpf-pid----2089----pid-2089
---ebpf-pid----2089----pid-1
---ebpf-pid----5707----pid-1
---ebpf-pid----2089----pid-2089
---ebpf-pid----5707----pid-5707
---ebpf-pid----2089----pid-1
---ebpf-pid----5707----pid-5476
---ebpf-pid----2089----pid-2089
---ebpf-pid----5707----pid-1
---ebpf-pid----2089----pid-1
---ebpf-pid----5707----pid-5707
---ebpf-pid----2089----pid-2089
---ebpf-pid----5707----pid-5476
---ebpf-pid----2089----pid-1
---ebpf-pid----2089----pid-2089
---ebpf-pid----5707----pid-1
---ebpf-pid----5707----pid-5707
---ebpf-pid----2089----pid-1
---ebpf-pid----2089----pid-2089
---ebpf-pid----5707----pid-5476
---ebpf-pid----5707----pid-1
---ebpf-pid----2089----pid-1
---ebpf-pid----5707----pid-5707
---ebpf-pid----2089----pid-2089
---ebpf-pid----5707----pid-5476
---ebpf-pid----2089----pid-1
---ebpf-pid----5707----pid-1
---ebpf-pid----2089----pid-2089
---ebpf-pid----5707----pid-5707
---ebpf-pid----5707----pid-5476
---ebpf-pid----2089----pid-1
---ebpf-pid----2089----pid-2089
---ebpf-pid----5707----pid-1
---ebpf-pid----5707----pid-5707
---ebpf-pid----2089----pid-1
---ebpf-pid----2089----pid-2089
---ebpf-pid----5707----pid-5476
---ebpf-pid----5707----pid-1
---ebpf-pid----2089----pid-1
---ebpf-pid----5707----pid-5707
---ebpf-pid----5707----pid-5476
---ebpf-pid----5707----pid-1
---ebpf-pid----5707----pid-5707
---ebpf-pid----5707----pid-5476
---ebpf-pid----5707----pid-1
---ebpf-pid----373029----pid-373029
---ebpf-pid----373029----pid-5476
---ebpf-pid----373029----pid-1
---ebpf-pid----373029----pid-373029
---ebpf-pid----373029----pid-5476
---ebpf-pid----373029----pid-1
---ebpf-pid----373029----pid-373029
---ebpf-pid----2089----pid-2089
---ebpf-pid----373029----pid-5476
---ebpf-pid----373029----pid-1
---ebpf-pid----2089----pid-1
---ebpf-pid----373029----pid-373029
---ebpf-pid----2089----pid-2089
---ebpf-pid----373029----pid-5476
---ebpf-pid----2089----pid-1
---ebpf-pid----2089----pid-2089
---ebpf-pid----373029----pid-1
---ebpf-pid----373029----pid-373029
---ebpf-pid----2089----pid-1
---ebpf-pid----373029----pid-5476
---ebpf-pid----2089----pid-2089
---ebpf-pid----373029----pid-1
---ebpf-pid----373029----pid-373029
---ebpf-pid----2089----pid-1
---ebpf-pid----2089----pid-2089
---ebpf-pid----373029----pid-5476
---ebpf-pid----373029----pid-1
---ebpf-pid----2089----pid-1
---ebpf-pid----373029----pid-373029
---ebpf-pid----2089----pid-2089
---ebpf-pid----373029----pid-5476
---ebpf-pid----2089----pid-1
---ebpf-pid----2089----pid-2089
---ebpf-pid----373029----pid-1
---ebpf-pid----373029----pid-373029
---ebpf-pid----2089----pid-1
---ebpf-pid----373029----pid-5476
---ebpf-pid----2089----pid-2089
---ebpf-pid----373029----pid-1
---ebpf-pid----2089----pid-1
---ebpf-pid----373029----pid-373029
---ebpf-pid----2089----pid-2089
---ebpf-pid----373029----pid-5476
---ebpf-pid----2089----pid-1
---ebpf-pid----2089----pid-2089
---ebpf-pid----373029----pid-1
---ebpf-pid----373029----pid-373029
---ebpf-pid----2089----pid-1
---ebpf-pid----2089----pid-2089
---ebpf-pid----2089----pid-1
---ebpf-pid----2089----pid-2089
---ebpf-pid----2089----pid-1
---ebpf-pid----2089----pid-2089
---ebpf-pid----2089----pid-1
---ebpf-pid----2089----pid-2089
---ebpf-pid----2089----pid-1
---ebpf-pid----2089----pid-2089
---ebpf-pid----2089----pid-1
---ebpf-pid----2089----pid-2089
---ebpf-pid----2089----pid-1
---ebpf-pid----2089----pid-2089
---ebpf-pid----2089----pid-1
---ebpf-pid----5705----pid-5705
---ebpf-pid----5705----pid-5476
---ebpf-pid----5705----pid-1
---ebpf-pid----5705----pid-5705
---ebpf-pid----5705----pid-5476
---ebpf-pid----5705----pid-1
---ebpf-pid----5705----pid-5705
---ebpf-pid----5705----pid-5476
---ebpf-pid----5705----pid-1
---ebpf-pid----5705----pid-5705
---ebpf-pid----5705----pid-5476
---ebpf-pid----5705----pid-1
---ebpf-pid----5705----pid-5705
---ebpf-pid----5705----pid-5476
---ebpf-pid----5705----pid-1
---ebpf-pid----5705----pid-5705
---ebpf-pid----5705----pid-5476
---ebpf-pid----2089----pid-2089
---ebpf-pid----2089----pid-1
---ebpf-pid----2089----pid-2089
---ebpf-pid----2089----pid-1
---ebpf-pid----2089----pid-2089
---ebpf-pid----2089----pid-1
---ebpf-pid----2088----pid-1
---ebpf-pid----2089----pid-2089
---ebpf-pid----2088----pid-2088
---ebpf-pid----2089----pid-1
---ebpf-pid----2089----pid-2089
---ebpf-pid----2089----pid-1
---ebpf-pid----2089----pid-2089
---ebpf-pid----2088----pid-1
---ebpf-pid----2088----pid-2088
---ebpf-pid----2089----pid-1
---ebpf-pid----2089----pid-2089
---ebpf-pid----2088----pid-1
---ebpf-pid----2089----pid-1
---ebpf-pid----2089----pid-2089
---ebpf-pid----2089----pid-1
---ebpf-pid----2089----pid-2089
---ebpf-pid----2089----pid-1
---ebpf-pid----4716----pid-4716
---ebpf-pid----4716----pid-3323
---ebpf-pid----4716----pid-1
---ebpf-pid----4716----pid-4716
---ebpf-pid----4716----pid-3323
---ebpf-pid----2088----pid-2088
---ebpf-pid----4716----pid-1
---ebpf-pid----4716----pid-4716
---ebpf-pid----2088----pid-1
---ebpf-pid----2088----pid-2088
---ebpf-pid----4716----pid-3323
---ebpf-pid----2088----pid-1
---ebpf-pid----2088----pid-2088
---ebpf-pid----4716----pid-1
---ebpf-pid----2088----pid-1
---ebpf-pid----4716----pid-4716
---ebpf-pid----2088----pid-2088
---ebpf-pid----2088----pid-1
---ebpf-pid----4716----pid-3323
---ebpf-pid----2088----pid-2088
---ebpf-pid----2088----pid-1
---ebpf-pid----4716----pid-1
---ebpf-pid----2088----pid-2088
---ebpf-pid----4716----pid-4716
---ebpf-pid----2088----pid-1
---ebpf-pid----2088----pid-2088
---ebpf-pid----4716----pid-3323
---ebpf-pid----2088----pid-1
---ebpf-pid----4716----pid-1
---ebpf-pid----2088----pid-2088
---ebpf-pid----4716----pid-4716
---ebpf-pid----2088----pid-1
---ebpf-pid----4716----pid-3323
---ebpf-pid----2088----pid-2088
---ebpf-pid----2088----pid-1
---ebpf-pid----2088----pid-2088
---ebpf-pid----2088----pid-1
---ebpf-pid----2088----pid-2088
---ebpf-pid----2088----pid-1
---ebpf-pid----2088----pid-2088
---ebpf-pid----2088----pid-1
---ebpf-pid----2088----pid-2088
---ebpf-pid----2088----pid-1
---ebpf-pid----2088----pid-2088
---ebpf-pid----2088----pid-1
---ebpf-pid----2088----pid-2088
---ebpf-pid----2088----pid-1
---ebpf-pid----2088----pid-2088
---ebpf-pid----2088----pid-1
---ebpf-pid----2088----pid-2088
---ebpf-pid----2088----pid-1
---ebpf-pid----2088----pid-2088
---ebpf-pid----2088----pid-1
---ebpf-pid----2088----pid-2088
---ebpf-pid----2088----pid-1
---ebpf-pid----2088----pid-2088
---ebpf-pid----4716----pid-1
---ebpf-pid----2088----pid-1
---ebpf-pid----2089----pid-2089
---ebpf-pid----2088----pid-2088
---ebpf-pid----2088----pid-1
---ebpf-pid----2088----pid-2088
---ebpf-pid----2089----pid-1
---ebpf-pid----2089----pid-2089
---ebpf-pid----2088----pid-1
---ebpf-pid----2088----pid-2088
---ebpf-pid----2089----pid-1
---ebpf-pid----2089----pid-2089
---ebpf-pid----2088----pid-1
---ebpf-pid----2088----pid-2088
---ebpf-pid----2089----pid-1
---ebpf-pid----2088----pid-1
---ebpf-pid----2089----pid-2089
---ebpf-pid----2088----pid-2088
---ebpf-pid----2088----pid-1
---ebpf-pid----2089----pid-1
---ebpf-pid----2088----pid-2088
---ebpf-pid----2089----pid-2089
---ebpf-pid----2088----pid-1
---ebpf-pid----2088----pid-2088
---ebpf-pid----2089----pid-1
---ebpf-pid----2089----pid-2089
---ebpf-pid----2088----pid-1
---ebpf-pid----2089----pid-1
---ebpf-pid----2089----pid-2089
---ebpf-pid----2089----pid-1
---ebpf-pid----2089----pid-2089
---ebpf-pid----2089----pid-1
---ebpf-pid----2089----pid-2089
---ebpf-pid----2089----pid-1
---ebpf-pid----2089----pid-2089
---ebpf-pid----2089----pid-1
---ebpf-pid----2089----pid-2089
---ebpf-pid----2089----pid-1
---ebpf-pid----2089----pid-2089
---ebpf-pid----2089----pid-1
---ebpf-pid----2089----pid-2089
---ebpf-pid----2089----pid-1
---ebpf-pid----2089----pid-2089
---ebpf-pid----2089----pid-1
---ebpf-pid----2089----pid-2089
---ebpf-pid----2089----pid-1
---ebpf-pid----2089----pid-2089
---ebpf-pid----2089----pid-1
---ebpf-pid----2089----pid-2089
---ebpf-pid----2089----pid-1
---ebpf-pid----2089----pid-2089
---ebpf-pid----2089----pid-1
---ebpf-pid----2089----pid-2089
---ebpf-pid----2089----pid-1
---ebpf-pid----2089----pid-2089
---ebpf-pid----2089----pid-1
---ebpf-pid----2089----pid-2089
---ebpf-pid----5705----pid-1
---ebpf-pid----5705----pid-5705
---ebpf-pid----5705----pid-5476
---ebpf-pid----5705----pid-1
---ebpf-pid----5705----pid-5705
---ebpf-pid----5705----pid-5476
---ebpf-pid----5705----pid-1
---ebpf-pid----5705----pid-5705
---ebpf-pid----5705----pid-5476
---ebpf-pid----5705----pid-1
---ebpf-pid----5705----pid-5705
---ebpf-pid----5705----pid-5476
---ebpf-pid----5705----pid-1
---ebpf-pid----5705----pid-5705
---ebpf-pid----5705----pid-5476
---ebpf-pid----5705----pid-1
---ebpf-pid----5705----pid-5705
---ebpf-pid----5705----pid-5476
---ebpf-pid----5705----pid-1
---ebpf-pid----5705----pid-5705
---ebpf-pid----5705----pid-5476
---ebpf-pid----5705----pid-1
---ebpf-pid----5705----pid-5705
---ebpf-pid----5705----pid-5476
---ebpf-pid----5705----pid-1
---ebpf-pid----5705----pid-5705
---ebpf-pid----5705----pid-5476
---ebpf-pid----5705----pid-1
---ebpf-pid----5705----pid-5705
---ebpf-pid----2089----pid-1
---ebpf-pid----2089----pid-2089
---ebpf-pid----2089----pid-1
---ebpf-pid----2089----pid-2089
---ebpf-pid----2089----pid-1
---ebpf-pid----2089----pid-2089
---ebpf-pid----2089----pid-1
---ebpf-pid----2089----pid-2089
---ebpf-pid----2089----pid-1
---ebpf-pid----2089----pid-2089
---ebpf-pid----2089----pid-1
---ebpf-pid----2089----pid-2089
---ebpf-pid----2089----pid-1
---ebpf-pid----2089----pid-2089
---ebpf-pid----2089----pid-1
---ebpf-pid----2089----pid-2089
---ebpf-pid----2089----pid-1
---ebpf-pid----2089----pid-2089
---ebpf-pid----2089----pid-1
---ebpf-pid----2089----pid-2089
---ebpf-pid----2089----pid-1
---ebpf-pid----2029----pid-2029
---ebpf-pid----2029----pid-1
---ebpf-pid----2029----pid-2029
---ebpf-pid----2029----pid-1
---ebpf-pid----448784----pid-448784
---ebpf-pid----448784----pid-448520
---ebpf-pid----448784----pid-1
---ebpf-pid----448784----pid-448784
---ebpf-pid----448784----pid-448520
---ebpf-pid----448784----pid-1
---ebpf-pid----5705----pid-5705
---ebpf-pid----5705----pid-5476
---ebpf-pid----5705----pid-1
---ebpf-pid----5705----pid-5705
---ebpf-pid----5705----pid-5476
---ebpf-pid----5705----pid-1
---ebpf-pid----5705----pid-5705
---ebpf-pid----5705----pid-5476
---ebpf-pid----5705----pid-1
---ebpf-pid----5705----pid-5705
---ebpf-pid----5705----pid-5476
---ebpf-pid----5705----pid-1
---ebpf-pid----5705----pid-5705
---ebpf-pid----5705----pid-5476
---ebpf-pid----5705----pid-1
---ebpf-pid----5705----pid-5705
---ebpf-pid----2088----pid-2088
---ebpf-pid----5705----pid-5476
---ebpf-pid----5705----pid-1
---ebpf-pid----448784----pid-448784
---ebpf-pid----2088----pid-1
---ebpf-pid----2088----pid-2088
---ebpf-pid----448784----pid-448520
---ebpf-pid----448784----pid-1
---ebpf-pid----2088----pid-1
---ebpf-pid----448784----pid-448784
---ebpf-pid----2088----pid-2088
---ebpf-pid----448784----pid-448520
---ebpf-pid----2088----pid-1
---ebpf-pid----2088----pid-2088
---ebpf-pid----448784----pid-1
---ebpf-pid----448784----pid-448784
---ebpf-pid----2088----pid-1
---ebpf-pid----448784----pid-448520
---ebpf-pid----2088----pid-2088
---ebpf-pid----448784----pid-1
---ebpf-pid----2088----pid-1
---ebpf-pid----448784----pid-448784
---ebpf-pid----2088----pid-2088
---ebpf-pid----448784----pid-448520
---ebpf-pid----2088----pid-1
---ebpf-pid----2088----pid-2088
---ebpf-pid----448784----pid-1
---ebpf-pid----448784----pid-448784
---ebpf-pid----448784----pid-448520
---ebpf-pid----448784----pid-1
---ebpf-pid----4716----pid-4716
---ebpf-pid----4716----pid-3323
---ebpf-pid----4716----pid-1
---ebpf-pid----4716----pid-4716
---ebpf-pid----4716----pid-3323
---ebpf-pid----4716----pid-1
---ebpf-pid----372881----pid-372881
---ebpf-pid----372881----pid-1
---ebpf-pid----4716----pid-4716
---ebpf-pid----4716----pid-3323
---ebpf-pid----4716----pid-1
---ebpf-pid----4716----pid-4716
---ebpf-pid----4716----pid-3323
---ebpf-pid----4716----pid-1
---ebpf-pid----5707----pid-5707
---ebpf-pid----373029----pid-5476
---ebpf-pid----373029----pid-1
---ebpf-pid----373029----pid-373029
---ebpf-pid----373029----pid-5476
---ebpf-pid----373029----pid-1
---ebpf-pid----373029----pid-373029
---ebpf-pid----5705----pid-5476
---ebpf-pid----373029----pid-5476
---ebpf-pid----5705----pid-1
---ebpf-pid----5705----pid-5705
---ebpf-pid----373029----pid-1
---ebpf-pid----373029----pid-373029
---ebpf-pid----373029----pid-5476
---ebpf-pid----373029----pid-1
---ebpf-pid----373029----pid-373029
---ebpf-pid----373029----pid-5476
---ebpf-pid----373029----pid-1
---ebpf-pid----373029----pid-373029
---ebpf-pid----373029----pid-5476
---ebpf-pid----373029----pid-1
---ebpf-pid----5707----pid-5707
---ebpf-pid----2088----pid-1
---ebpf-pid----2088----pid-2088
---ebpf-pid----2088----pid-1
---ebpf-pid----2088----pid-2088
---ebpf-pid----2088----pid-1
---ebpf-pid----2088----pid-2088
---ebpf-pid----2088----pid-1
---ebpf-pid----2088----pid-2088
---ebpf-pid----2088----pid-1
---ebpf-pid----2088----pid-2088
---ebpf-pid----2088----pid-1
---ebpf-pid----2088----pid-2088
---ebpf-pid----2088----pid-1
---ebpf-pid----2088----pid-2088
---ebpf-pid----2088----pid-1
---ebpf-pid----2088----pid-2088
---ebpf-pid----2088----pid-1
---ebpf-pid----2088----pid-2088
---ebpf-pid----5707----pid-5476
---ebpf-pid----2088----pid-1
---ebpf-pid----2088----pid-2088
---ebpf-pid----5707----pid-1
---ebpf-pid----2088----pid-1
---ebpf-pid----5707----pid-5707
---ebpf-pid----2088----pid-2088
---ebpf-pid----5707----pid-5476
---ebpf-pid----2088----pid-1
---ebpf-pid----2088----pid-2088
---ebpf-pid----5707----pid-1
---ebpf-pid----5707----pid-5707
---ebpf-pid----2088----pid-1
---ebpf-pid----2088----pid-2088
---ebpf-pid----5707----pid-5476
---ebpf-pid----5707----pid-1
---ebpf-pid----2088----pid-1
---ebpf-pid----5707----pid-5707
---ebpf-pid----2088----pid-2088
---ebpf-pid----5707----pid-5476
---ebpf-pid----2088----pid-1
---ebpf-pid----2088----pid-2088
---ebpf-pid----5707----pid-1
---ebpf-pid----5707----pid-5707
---ebpf-pid----5707----pid-5476
---ebpf-pid----5707----pid-1
---ebpf-pid----5707----pid-5707
---ebpf-pid----5707----pid-5476
---ebpf-pid----5707----pid-1
---ebpf-pid----5707----pid-5707
---ebpf-pid----5705----pid-5476
---ebpf-pid----5707----pid-5476
---ebpf-pid----5707----pid-1
---ebpf-pid----5707----pid-5707
---ebpf-pid----5705----pid-1
---ebpf-pid----5705----pid-5705
---ebpf-pid----5707----pid-5476
---ebpf-pid----5707----pid-1
---ebpf-pid----5705----pid-5476
---ebpf-pid----5707----pid-5707
---ebpf-pid----5705----pid-1
---ebpf-pid----5707----pid-5476
---ebpf-pid----5705----pid-5705
---ebpf-pid----5707----pid-1
---ebpf-pid----5705----pid-5476
---ebpf-pid----5707----pid-5707
---ebpf-pid----5707----pid-5476
---ebpf-pid----5707----pid-1
---ebpf-pid----5707----pid-5707
---ebpf-pid----5705----pid-1
---ebpf-pid----5707----pid-5476
---ebpf-pid----373029----pid-373029
---ebpf-pid----5707----pid-1
---ebpf-pid----5707----pid-5707
---ebpf-pid----5707----pid-5476
---ebpf-pid----5707----pid-1
---ebpf-pid----373029----pid-5476
---ebpf-pid----5707----pid-5707
---ebpf-pid----5707----pid-5476
---ebpf-pid----373029----pid-1
---ebpf-pid----5707----pid-1
---ebpf-pid----5707----pid-5707
---ebpf-pid----5707----pid-5476
---ebpf-pid----5707----pid-1
---ebpf-pid----5707----pid-5707
---ebpf-pid----373029----pid-373029
---ebpf-pid----5707----pid-5476
---ebpf-pid----373029----pid-5476
---ebpf-pid----5707----pid-1
---ebpf-pid----373029----pid-1
---ebpf-pid----5707----pid-5707
---ebpf-pid----373029----pid-373029
---ebpf-pid----5707----pid-5476
---ebpf-pid----373029----pid-5476
---ebpf-pid----5707----pid-1
---ebpf-pid----5707----pid-5707
---ebpf-pid----373029----pid-1
---ebpf-pid----373029----pid-373029
---ebpf-pid----5707----pid-5476
---ebpf-pid----373029----pid-5476
---ebpf-pid----5707----pid-1
---ebpf-pid----5707----pid-5707
---ebpf-pid----373029----pid-1
---ebpf-pid----5705----pid-5705
---ebpf-pid----5707----pid-5476
---ebpf-pid----5705----pid-5476
---ebpf-pid----5707----pid-1
---ebpf-pid----5707----pid-5707
---ebpf-pid----5705----pid-1
---ebpf-pid----5705----pid-5705
---ebpf-pid----5707----pid-5476
---ebpf-pid----5705----pid-5476
---ebpf-pid----5707----pid-1
---ebpf-pid----5707----pid-5707
---ebpf-pid----5705----pid-1
---ebpf-pid----373029----pid-373029
---ebpf-pid----5707----pid-5476
---ebpf-pid----373029----pid-5476
---ebpf-pid----5707----pid-1
---ebpf-pid----5707----pid-5707
---ebpf-pid----373029----pid-1
---ebpf-pid----373029----pid-373029
---ebpf-pid----5707----pid-5476
---ebpf-pid----373029----pid-5476
---ebpf-pid----5707----pid-1
---ebpf-pid----5707----pid-5707
---ebpf-pid----373029----pid-1
---ebpf-pid----2094----pid-2094
---ebpf-pid----5707----pid-5476
---ebpf-pid----5707----pid-1
---ebpf-pid----2094----pid-1
---ebpf-pid----2094----pid-2094
---ebpf-pid----2094----pid-1
---ebpf-pid----2094----pid-2094
---ebpf-pid----2094----pid-1
---ebpf-pid----2094----pid-2094
---ebpf-pid----2094----pid-1
---ebpf-pid----2094----pid-2094
---ebpf-pid----2094----pid-1
---ebpf-pid----2094----pid-2094
---ebpf-pid----2094----pid-1
---ebpf-pid----2094----pid-2094
---ebpf-pid----2094----pid-1
---ebpf-pid----2094----pid-2094
---ebpf-pid----2094----pid-1
---ebpf-pid----2094----pid-2094
---ebpf-pid----5707----pid-5707
---ebpf-pid----5707----pid-5476
---ebpf-pid----5707----pid-1
---ebpf-pid----5707----pid-5707
---ebpf-pid----5707----pid-5476
---ebpf-pid----5707----pid-1
---ebpf-pid----5707----pid-5707
---ebpf-pid----5707----pid-5476
---ebpf-pid----5707----pid-1
---ebpf-pid----5707----pid-5707
---ebpf-pid----5707----pid-5476
---ebpf-pid----5707----pid-1
---ebpf-pid----5707----pid-5707
---ebpf-pid----5707----pid-5476
---ebpf-pid----5707----pid-1
---ebpf-pid----5707----pid-5707
---ebpf-pid----5707----pid-5476
---ebpf-pid----5707----pid-1
---ebpf-pid----5707----pid-5707
---ebpf-pid----5707----pid-5476
---ebpf-pid----5707----pid-1
---ebpf-pid----5707----pid-5707
---ebpf-pid----5707----pid-5476
---ebpf-pid----5707----pid-1
---ebpf-pid----5707----pid-5707
---ebpf-pid----5707----pid-5476
---ebpf-pid----2088----pid-1
---ebpf-pid----5707----pid-5476
---ebpf-pid----5707----pid-1
---ebpf-pid----5707----pid-5707
---ebpf-pid----5707----pid-1
---ebpf-pid----5707----pid-5707
---ebpf-pid----5707----pid-5476
---ebpf-pid----5707----pid-5476
---ebpf-pid----5707----pid-1
---ebpf-pid----5707----pid-5707
---ebpf-pid----5707----pid-1
---ebpf-pid----5707----pid-5707
---ebpf-pid----5707----pid-5476
---ebpf-pid----5707----pid-5476
---ebpf-pid----5707----pid-1
---ebpf-pid----5707----pid-5707
---ebpf-pid----5707----pid-1
---ebpf-pid----5707----pid-5707
---ebpf-pid----5707----pid-5476
---ebpf-pid----5707----pid-5476
---ebpf-pid----5707----pid-1
---ebpf-pid----5707----pid-5707
---ebpf-pid----5707----pid-1
---ebpf-pid----5707----pid-5476
---ebpf-pid----5707----pid-5707
---ebpf-pid----5707----pid-5476
---ebpf-pid----5707----pid-1
---ebpf-pid----5707----pid-5707
---ebpf-pid----5707----pid-5476
---ebpf-pid----5707----pid-1
---ebpf-pid----4716----pid-4716
---ebpf-pid----4716----pid-3323
---ebpf-pid----4716----pid-1
---ebpf-pid----5707----pid-5707
---ebpf-pid----5707----pid-5476
---ebpf-pid----5707----pid-1
---ebpf-pid----5707----pid-5707
---ebpf-pid----5707----pid-5476
---ebpf-pid----5707----pid-1
---ebpf-pid----5707----pid-5707
---ebpf-pid----5707----pid-5476
---ebpf-pid----5707----pid-1
---ebpf-pid----5707----pid-5707
---ebpf-pid----5707----pid-5476
---ebpf-pid----5707----pid-1
---ebpf-pid----5707----pid-5707
---ebpf-pid----5707----pid-5476
---ebpf-pid----5707----pid-1
---ebpf-pid----5707----pid-5707
---ebpf-pid----5707----pid-5476
---ebpf-pid----5707----pid-1
---ebpf-pid----5707----pid-5707
---ebpf-pid----5707----pid-5476
---ebpf-pid----5707----pid-1
---ebpf-pid----5707----pid-5707
---ebpf-pid----5707----pid-5476
---ebpf-pid----5707----pid-1
---ebpf-pid----5707----pid-5707
---ebpf-pid----5707----pid-5476
---ebpf-pid----5707----pid-1
---ebpf-pid----5707----pid-5707
---ebpf-pid----5707----pid-5476
---ebpf-pid----5707----pid-1
---ebpf-pid----5707----pid-5707
---ebpf-pid----5707----pid-5476
---ebpf-pid----5707----pid-1
---ebpf-pid----5707----pid-5707
---ebpf-pid----5707----pid-1
---ebpf-pid----5707----pid-5707
---ebpf-pid----5707----pid-5476
---ebpf-pid----5707----pid-5476
---ebpf-pid----5707----pid-1
---ebpf-pid----5707----pid-5707
---ebpf-pid----5707----pid-1
---ebpf-pid----5707----pid-5476
---ebpf-pid----5707----pid-5707
---ebpf-pid----5707----pid-1
---ebpf-pid----5707----pid-5476
---ebpf-pid----5707----pid-5707
---ebpf-pid----5707----pid-1
---ebpf-pid----5707----pid-5476
---ebpf-pid----5707----pid-5707
---ebpf-pid----5707----pid-1
---ebpf-pid----5707----pid-5476
---ebpf-pid----4716----pid-4716
---ebpf-pid----5707----pid-1
---ebpf-pid----373029----pid-373029
---ebpf-pid----4716----pid-3323
---ebpf-pid----373029----pid-5476
---ebpf-pid----4716----pid-1
---ebpf-pid----373029----pid-373029
---ebpf-pid----373029----pid-1
---ebpf-pid----373029----pid-373029
---ebpf-pid----373029----pid-5476
---ebpf-pid----373029----pid-5476
---ebpf-pid----373029----pid-1
---ebpf-pid----373029----pid-373029
---ebpf-pid----373029----pid-1
---ebpf-pid----373029----pid-5476
---ebpf-pid----373029----pid-373029
---ebpf-pid----373029----pid-1
---ebpf-pid----2094----pid-1
---ebpf-pid----373029----pid-5476
---ebpf-pid----4716----pid-4716
---ebpf-pid----2094----pid-2094
---ebpf-pid----373029----pid-1
---ebpf-pid----4716----pid-3323
---ebpf-pid----373029----pid-373029
---ebpf-pid----2094----pid-1
---ebpf-pid----2094----pid-2094
---ebpf-pid----4716----pid-1
---ebpf-pid----373029----pid-5476
---ebpf-pid----4716----pid-4716
---ebpf-pid----373029----pid-1
---ebpf-pid----373029----pid-373029
---ebpf-pid----4716----pid-3323
---ebpf-pid----2094----pid-1
---ebpf-pid----2094----pid-2094
---ebpf-pid----4716----pid-1
---ebpf-pid----373029----pid-5476
---ebpf-pid----4716----pid-4716
---ebpf-pid----2094----pid-1
---ebpf-pid----373029----pid-1
---ebpf-pid----2094----pid-2094
---ebpf-pid----4716----pid-3323
---ebpf-pid----373029----pid-373029
---ebpf-pid----2094----pid-1
---ebpf-pid----2094----pid-2094
---ebpf-pid----4716----pid-1
---ebpf-pid----373029----pid-5476
---ebpf-pid----4716----pid-4716
---ebpf-pid----2094----pid-1
---ebpf-pid----373029----pid-1
---ebpf-pid----2094----pid-2094
---ebpf-pid----4716----pid-3323
---ebpf-pid----373029----pid-373029
---ebpf-pid----2094----pid-1
---ebpf-pid----4716----pid-1
---ebpf-pid----373029----pid-5476
---ebpf-pid----2094----pid-2094
---ebpf-pid----4716----pid-4716
---ebpf-pid----2094----pid-1
---ebpf-pid----373029----pid-1
---ebpf-pid----2094----pid-2094
---ebpf-pid----4716----pid-3323
---ebpf-pid----373029----pid-373029
---ebpf-pid----2094----pid-1
---ebpf-pid----4716----pid-1
---ebpf-pid----373029----pid-5476
---ebpf-pid----2094----pid-2094
---ebpf-pid----4716----pid-4716
---ebpf-pid----2094----pid-1
---ebpf-pid----2094----pid-2094
---ebpf-pid----2094----pid-1
---ebpf-pid----2094----pid-2094
---ebpf-pid----2094----pid-1
---ebpf-pid----2094----pid-2094
---ebpf-pid----2094----pid-1
---ebpf-pid----2094----pid-2094
---ebpf-pid----4716----pid-3323
---ebpf-pid----2094----pid-1
---ebpf-pid----2094----pid-2094
---ebpf-pid----4716----pid-1
---ebpf-pid----4716----pid-4716
---ebpf-pid----2094----pid-1
---ebpf-pid----2094----pid-2094
---ebpf-pid----4716----pid-3323
---ebpf-pid----2094----pid-1
---ebpf-pid----4716----pid-1
---ebpf-pid----2094----pid-2094
---ebpf-pid----4716----pid-4716
---ebpf-pid----2094----pid-1
---ebpf-pid----4716----pid-3323
---ebpf-pid----4716----pid-1
---ebpf-pid----373029----pid-373029
---ebpf-pid----373029----pid-5476
---ebpf-pid----373029----pid-1
---ebpf-pid----4716----pid-4716
---ebpf-pid----4716----pid-3323
---ebpf-pid----4716----pid-1
---ebpf-pid----4716----pid-4716
---ebpf-pid----373029----pid-1
---ebpf-pid----4716----pid-3323
---ebpf-pid----373029----pid-373029
---ebpf-pid----2088----pid-2088
---ebpf-pid----2088----pid-1
---ebpf-pid----2088----pid-2088
---ebpf-pid----2088----pid-1
---ebpf-pid----2088----pid-2088
---ebpf-pid----2088----pid-1
---ebpf-pid----2088----pid-2088
---ebpf-pid----2088----pid-1
---ebpf-pid----2088----pid-2088
---ebpf-pid----2088----pid-1
---ebpf-pid----2088----pid-2088
---ebpf-pid----2088----pid-1
---ebpf-pid----2088----pid-2088
---ebpf-pid----2088----pid-1
---ebpf-pid----2088----pid-2088
---ebpf-pid----2088----pid-1
---ebpf-pid----2088----pid-2088
---ebpf-pid----373029----pid-5476
---ebpf-pid----373029----pid-1
---ebpf-pid----373029----pid-373029
---ebpf-pid----373029----pid-5476
---ebpf-pid----373029----pid-1
---ebpf-pid----373029----pid-373029
---ebpf-pid----373029----pid-5476
---ebpf-pid----373029----pid-1
---ebpf-pid----5707----pid-5707
---ebpf-pid----5707----pid-5476
---ebpf-pid----5707----pid-1
---ebpf-pid----5707----pid-5707
---ebpf-pid----5707----pid-5476
---ebpf-pid----5707----pid-1
---ebpf-pid----5707----pid-5707
---ebpf-pid----5707----pid-5476
---ebpf-pid----5707----pid-1
---ebpf-pid----5707----pid-5707
---ebpf-pid----5707----pid-5476
---ebpf-pid----5707----pid-1
---ebpf-pid----5705----pid-5705
---ebpf-pid----5705----pid-5476
---ebpf-pid----5705----pid-1
---ebpf-pid----5705----pid-5705
---ebpf-pid----5705----pid-5476
---ebpf-pid----5705----pid-1
---ebpf-pid----5705----pid-5705
---ebpf-pid----5705----pid-5476
---ebpf-pid----5705----pid-1
---ebpf-pid----5705----pid-5705
---ebpf-pid----5705----pid-5476
---ebpf-pid----5705----pid-1
---ebpf-pid----5705----pid-5705
---ebpf-pid----5705----pid-5476
---ebpf-pid----5705----pid-1
---ebpf-pid----5705----pid-5705
---ebpf-pid----5705----pid-5476
---ebpf-pid----4716----pid-1
---ebpf-pid----2088----pid-1
---ebpf-pid----2088----pid-2088
---ebpf-pid----2088----pid-2088
---ebpf-pid----2088----pid-1
---ebpf-pid----2088----pid-1
---ebpf-pid----2088----pid-2088
---ebpf-pid----372714----pid-372714
---ebpf-pid----2088----pid-1
---ebpf-pid----372714----pid-5476
---ebpf-pid----2088----pid-2088
---ebpf-pid----372714----pid-1
---ebpf-pid----2088----pid-1
---ebpf-pid----372714----pid-372714
---ebpf-pid----2088----pid-2088
---ebpf-pid----372714----pid-5476
---ebpf-pid----2088----pid-1
---ebpf-pid----2088----pid-2088
---ebpf-pid----372714----pid-1
---ebpf-pid----372714----pid-372714
---ebpf-pid----2088----pid-1
---ebpf-pid----2088----pid-2088
---ebpf-pid----372714----pid-5476
---ebpf-pid----2088----pid-1
---ebpf-pid----2088----pid-2088
---ebpf-pid----372714----pid-1
---ebpf-pid----372714----pid-372714
---ebpf-pid----2088----pid-1
---ebpf-pid----2088----pid-2088
---ebpf-pid----372714----pid-5476
---ebpf-pid----372714----pid-1
---ebpf-pid----372714----pid-372714
---ebpf-pid----372714----pid-5476
---ebpf-pid----372714----pid-1
---ebpf-pid----372714----pid-372714
---ebpf-pid----372714----pid-5476
---ebpf-pid----372714----pid-1
---ebpf-pid----448785----pid-448785
---ebpf-pid----448785----pid-448520
---ebpf-pid----2088----pid-1
---ebpf-pid----2088----pid-2088
---ebpf-pid----448785----pid-1
---ebpf-pid----448785----pid-448785
---ebpf-pid----2088----pid-1
---ebpf-pid----2088----pid-2088
---ebpf-pid----448785----pid-448520
---ebpf-pid----2088----pid-1
---ebpf-pid----2088----pid-2088
---ebpf-pid----448785----pid-1
---ebpf-pid----448785----pid-448785
---ebpf-pid----2088----pid-1
---ebpf-pid----372881----pid-372881
---ebpf-pid----448785----pid-448520
---ebpf-pid----372881----pid-1
---ebpf-pid----372881----pid-372881
---ebpf-pid----5705----pid-1
---ebpf-pid----5705----pid-5705
---ebpf-pid----5705----pid-5476
---ebpf-pid----5705----pid-1
---ebpf-pid----5705----pid-5705
---ebpf-pid----5705----pid-5476
---ebpf-pid----5705----pid-1
---ebpf-pid----5705----pid-5705
---ebpf-pid----5705----pid-5476
---ebpf-pid----5705----pid-1
---ebpf-pid----5705----pid-5705
---ebpf-pid----5705----pid-5476
---ebpf-pid----5705----pid-1
---ebpf-pid----5705----pid-5705
---ebpf-pid----5705----pid-5476
---ebpf-pid----5705----pid-1
---ebpf-pid----5705----pid-5705
---ebpf-pid----5705----pid-5476
---ebpf-pid----372881----pid-1
---ebpf-pid----372881----pid-372881
---ebpf-pid----5705----pid-1
---ebpf-pid----5705----pid-5705
---ebpf-pid----372881----pid-1
---ebpf-pid----5705----pid-5476
---ebpf-pid----372881----pid-372881
---ebpf-pid----5705----pid-1
---ebpf-pid----372881----pid-1
---ebpf-pid----5705----pid-5705
---ebpf-pid----372881----pid-372881
---ebpf-pid----5705----pid-5476
---ebpf-pid----372881----pid-1
---ebpf-pid----372881----pid-372881
---ebpf-pid----5705----pid-1
---ebpf-pid----5705----pid-5705
---ebpf-pid----372881----pid-1
---ebpf-pid----372881----pid-372881
---ebpf-pid----5705----pid-5476
---ebpf-pid----2094----pid-2094
---ebpf-pid----372881----pid-1
---ebpf-pid----5705----pid-1
---ebpf-pid----372881----pid-372881
---ebpf-pid----5705----pid-5705
---ebpf-pid----2094----pid-1
---ebpf-pid----2094----pid-2094
---ebpf-pid----5705----pid-5476
---ebpf-pid----372881----pid-1
---ebpf-pid----2094----pid-1
---ebpf-pid----372881----pid-372881
---ebpf-pid----5705----pid-1
---ebpf-pid----2094----pid-2094
---ebpf-pid----5705----pid-5705
---ebpf-pid----372881----pid-1
---ebpf-pid----2094----pid-1
---ebpf-pid----372881----pid-372881
---ebpf-pid----5705----pid-5476
---ebpf-pid----2094----pid-2094
---ebpf-pid----372881----pid-1
---ebpf-pid----5705----pid-1
---ebpf-pid----2094----pid-1
---ebpf-pid----372881----pid-372881
---ebpf-pid----2094----pid-2094
---ebpf-pid----5705----pid-5705
---ebpf-pid----372881----pid-1
---ebpf-pid----372881----pid-372881
---ebpf-pid----2094----pid-1
---ebpf-pid----2094----pid-2094
---ebpf-pid----372881----pid-1
---ebpf-pid----372881----pid-372881
---ebpf-pid----2094----pid-1
---ebpf-pid----372881----pid-1
---ebpf-pid----2094----pid-2094
---ebpf-pid----5705----pid-5476
---ebpf-pid----372881----pid-372881
---ebpf-pid----2094----pid-1
---ebpf-pid----5705----pid-1
---ebpf-pid----372881----pid-1
---ebpf-pid----2094----pid-2094
---ebpf-pid----5705----pid-5705
---ebpf-pid----372881----pid-372881
---ebpf-pid----2094----pid-1
---ebpf-pid----5705----pid-5476
---ebpf-pid----372881----pid-1
---ebpf-pid----2094----pid-2094
---ebpf-pid----372881----pid-372881
---ebpf-pid----5705----pid-1
---ebpf-pid----2094----pid-1
---ebpf-pid----5705----pid-5705
---ebpf-pid----2094----pid-2094
---ebpf-pid----372881----pid-1
---ebpf-pid----5705----pid-5476
---ebpf-pid----2094----pid-1
---ebpf-pid----372881----pid-372881
---ebpf-pid----2094----pid-2094
---ebpf-pid----5705----pid-1
---ebpf-pid----372881----pid-1
---ebpf-pid----5705----pid-5705
---ebpf-pid----2094----pid-1
---ebpf-pid----372881----pid-372881
---ebpf-pid----2094----pid-2094
---ebpf-pid----5705----pid-5476
---ebpf-pid----372881----pid-1
---ebpf-pid----2089----pid-2089
---ebpf-pid----2094----pid-1
---ebpf-pid----2094----pid-2094
---ebpf-pid----5705----pid-1
---ebpf-pid----5705----pid-5705
---ebpf-pid----2089----pid-1
---ebpf-pid----2089----pid-2089
---ebpf-pid----2094----pid-1
---ebpf-pid----2094----pid-2094
---ebpf-pid----5705----pid-5476
---ebpf-pid----2089----pid-1
---ebpf-pid----2089----pid-2089
---ebpf-pid----2094----pid-1
---ebpf-pid----5705----pid-1
---ebpf-pid----2094----pid-2094
---ebpf-pid----5705----pid-5705
---ebpf-pid----2089----pid-1
---ebpf-pid----2089----pid-2089
---ebpf-pid----2094----pid-1
---ebpf-pid----5705----pid-5476
---ebpf-pid----2094----pid-2094
---ebpf-pid----2089----pid-1
---ebpf-pid----5705----pid-1
---ebpf-pid----2089----pid-2089
---ebpf-pid----2094----pid-1
---ebpf-pid----5705----pid-5705
---ebpf-pid----2094----pid-2094
---ebpf-pid----2089----pid-1
---ebpf-pid----5705----pid-5476
---ebpf-pid----2089----pid-2089
---ebpf-pid----2094----pid-1
---ebpf-pid----2094----pid-2094
---ebpf-pid----5705----pid-1
---ebpf-pid----2089----pid-1
---ebpf-pid----5705----pid-5705
---ebpf-pid----2089----pid-2089
---ebpf-pid----2094----pid-1
---ebpf-pid----2094----pid-2094
---ebpf-pid----5705----pid-5476
---ebpf-pid----5705----pid-1
---ebpf-pid----5705----pid-5705
---ebpf-pid----5705----pid-5476
---ebpf-pid----5705----pid-1
---ebpf-pid----5705----pid-5705
---ebpf-pid----5705----pid-5476
---ebpf-pid----5705----pid-1
---ebpf-pid----5705----pid-5705
---ebpf-pid----5705----pid-5476
---ebpf-pid----5705----pid-1
---ebpf-pid----5705----pid-5705
---ebpf-pid----5705----pid-5476
---ebpf-pid----5705----pid-1
---ebpf-pid----5705----pid-5705
---ebpf-pid----5705----pid-5476
---ebpf-pid----5705----pid-1
---ebpf-pid----5705----pid-5705
---ebpf-pid----5705----pid-5476
---ebpf-pid----5705----pid-1
---ebpf-pid----5705----pid-5705
---ebpf-pid----5705----pid-5476
---ebpf-pid----5705----pid-1
---ebpf-pid----5705----pid-5705
---ebpf-pid----5705----pid-5476
---ebpf-pid----5705----pid-1
---ebpf-pid----5705----pid-5705
---ebpf-pid----2094----pid-1
---ebpf-pid----5705----pid-5476
---ebpf-pid----2094----pid-2094
---ebpf-pid----5705----pid-1
---ebpf-pid----2094----pid-1
---ebpf-pid----5705----pid-5705
---ebpf-pid----2094----pid-2094
---ebpf-pid----5705----pid-5476
---ebpf-pid----2094----pid-1
---ebpf-pid----2094----pid-2094
---ebpf-pid----5705----pid-1
---ebpf-pid----5705----pid-5705
---ebpf-pid----2094----pid-1
---ebpf-pid----2094----pid-2094
---ebpf-pid----5705----pid-5476
---ebpf-pid----2094----pid-1
---ebpf-pid----5705----pid-1
---ebpf-pid----5119----pid-5119
---ebpf-pid----5705----pid-5705
---ebpf-pid----5119----pid-3323
---ebpf-pid----5705----pid-5476
---ebpf-pid----5705----pid-1
---ebpf-pid----5119----pid-1
---ebpf-pid----5705----pid-5705
---ebpf-pid----5119----pid-5119
---ebpf-pid----5119----pid-3323
---ebpf-pid----2089----pid-1
---ebpf-pid----5705----pid-5476
---ebpf-pid----2089----pid-2089
---ebpf-pid----5119----pid-1
---ebpf-pid----5119----pid-5119
---ebpf-pid----448785----pid-1
---ebpf-pid----5119----pid-3323
---ebpf-pid----4716----pid-4716
---ebpf-pid----4716----pid-3323
---ebpf-pid----4716----pid-1
---ebpf-pid----2088----pid-2088
---ebpf-pid----2088----pid-1
---ebpf-pid----2088----pid-2088
---ebpf-pid----2088----pid-1
---ebpf-pid----2088----pid-2088
---ebpf-pid----2088----pid-1
---ebpf-pid----373029----pid-373029
---ebpf-pid----373029----pid-5476
---ebpf-pid----373029----pid-1
---ebpf-pid----373029----pid-373029
---ebpf-pid----373029----pid-5476
---ebpf-pid----373029----pid-1
---ebpf-pid----373029----pid-373029
---ebpf-pid----373029----pid-5476
---ebpf-pid----373029----pid-1
---ebpf-pid----373029----pid-373029
---ebpf-pid----373029----pid-5476
---ebpf-pid----373029----pid-1
---ebpf-pid----373029----pid-373029
---ebpf-pid----373029----pid-5476
---ebpf-pid----2089----pid-1
---ebpf-pid----373029----pid-1
---ebpf-pid----373029----pid-373029
---ebpf-pid----2089----pid-2089
---ebpf-pid----373029----pid-5476
---ebpf-pid----2089----pid-1
---ebpf-pid----5707----pid-5707
---ebpf-pid----373029----pid-1
---ebpf-pid----373029----pid-373029
---ebpf-pid----5707----pid-5476
---ebpf-pid----373029----pid-5476
---ebpf-pid----373029----pid-1
---ebpf-pid----5707----pid-1
---ebpf-pid----373029----pid-373029
---ebpf-pid----5707----pid-5707
---ebpf-pid----373029----pid-5476
---ebpf-pid----5707----pid-5476
---ebpf-pid----373029----pid-1
---ebpf-pid----5707----pid-1
---ebpf-pid----373029----pid-373029
---ebpf-pid----2089----pid-2089
---ebpf-pid----373029----pid-5476
---ebpf-pid----2089----pid-1
---ebpf-pid----373029----pid-1
---ebpf-pid----2089----pid-2089
---ebpf-pid----373029----pid-373029
---ebpf-pid----2089----pid-1
---ebpf-pid----373029----pid-5476
---ebpf-pid----2089----pid-2089
---ebpf-pid----373029----pid-1
---ebpf-pid----373029----pid-373029
---ebpf-pid----2089----pid-1
---ebpf-pid----2089----pid-2089
---ebpf-pid----373029----pid-5476
---ebpf-pid----373029----pid-1
---ebpf-pid----2089----pid-1
---ebpf-pid----373029----pid-373029
---ebpf-pid----2089----pid-2089
---ebpf-pid----373029----pid-5476
---ebpf-pid----2089----pid-1
---ebpf-pid----2089----pid-2089
---ebpf-pid----373029----pid-1
---ebpf-pid----373029----pid-373029
---ebpf-pid----2089----pid-1
---ebpf-pid----2089----pid-2089
---ebpf-pid----2089----pid-1
---ebpf-pid----2094----pid-2094
---ebpf-pid----5119----pid-1
---ebpf-pid----2094----pid-2094
---ebpf-pid----2094----pid-1
---ebpf-pid----2094----pid-2094
---ebpf-pid----2094----pid-1
---ebpf-pid----2029----pid-2029
---ebpf-pid----2094----pid-1
---ebpf-pid----2094----pid-2094
---ebpf-pid----2029----pid-1
---ebpf-pid----5705----pid-1
---ebpf-pid----373029----pid-5476
---ebpf-pid----373029----pid-1
---ebpf-pid----5707----pid-5707
---ebpf-pid----373029----pid-373029
---ebpf-pid----5705----pid-5705
---ebpf-pid----373029----pid-5476
---ebpf-pid----5707----pid-5476
---ebpf-pid----373029----pid-1
---ebpf-pid----5705----pid-5476
---ebpf-pid----5707----pid-1
---ebpf-pid----373029----pid-373029
---ebpf-pid----2029----pid-2029
---ebpf-pid----5705----pid-1
---ebpf-pid----373029----pid-5476
---ebpf-pid----5705----pid-5705
---ebpf-pid----2029----pid-1
---ebpf-pid----2029----pid-2029
---ebpf-pid----373029----pid-1
---ebpf-pid----373029----pid-373029
---ebpf-pid----5705----pid-5476
---ebpf-pid----2029----pid-1
---ebpf-pid----2029----pid-2029
---ebpf-pid----373029----pid-5476
---ebpf-pid----5705----pid-1
---ebpf-pid----2029----pid-2029
---ebpf-pid----373029----pid-1
---ebpf-pid----2029----pid-1
---ebpf-pid----373029----pid-373029
---ebpf-pid----2029----pid-2029
---ebpf-pid----2029----pid-1
---ebpf-pid----2029----pid-2029
---ebpf-pid----373029----pid-5476
---ebpf-pid----2029----pid-1
---ebpf-pid----2029----pid-1
---ebpf-pid----2029----pid-2029
---ebpf-pid----2029----pid-2029
---ebpf-pid----373029----pid-1
---ebpf-pid----373029----pid-373029
---ebpf-pid----2029----pid-1
---ebpf-pid----2029----pid-1
---ebpf-pid----2029----pid-2029
---ebpf-pid----2029----pid-2029
---ebpf-pid----373029----pid-5476
---ebpf-pid----2029----pid-1
---ebpf-pid----2029----pid-1
---ebpf-pid----373029----pid-1
---ebpf-pid----2029----pid-2029
---ebpf-pid----2029----pid-2029
---ebpf-pid----373029----pid-373029
---ebpf-pid----2029----pid-1
---ebpf-pid----2029----pid-1
---ebpf-pid----2029----pid-2029
---ebpf-pid----373029----pid-5476
---ebpf-pid----2029----pid-2029
---ebpf-pid----2029----pid-1
---ebpf-pid----373029----pid-1
---ebpf-pid----2029----pid-2029
---ebpf-pid----373029----pid-373029
---ebpf-pid----2029----pid-1
---ebpf-pid----2029----pid-1
---ebpf-pid----373029----pid-5476
---ebpf-pid----2029----pid-2029
---ebpf-pid----2029----pid-2029
---ebpf-pid----373029----pid-1
---ebpf-pid----2029----pid-1
---ebpf-pid----2029----pid-1
---ebpf-pid----373029----pid-373029
---ebpf-pid----2029----pid-2029
---ebpf-pid----2029----pid-2029
---ebpf-pid----373029----pid-5476
---ebpf-pid----2029----pid-1
---ebpf-pid----2029----pid-1
---ebpf-pid----2029----pid-2029
---ebpf-pid----2029----pid-2029
---ebpf-pid----373029----pid-1
---ebpf-pid----2029----pid-1
---ebpf-pid----373029----pid-373029
---ebpf-pid----2029----pid-1
---ebpf-pid----2029----pid-2029
---ebpf-pid----2029----pid-2029
---ebpf-pid----373029----pid-5476
---ebpf-pid----2029----pid-1
---ebpf-pid----2029----pid-1
---ebpf-pid----2029----pid-2029
---ebpf-pid----2029----pid-2029
---ebpf-pid----373029----pid-1
---ebpf-pid----448784----pid-448784
---ebpf-pid----2029----pid-1
---ebpf-pid----2029----pid-1
---ebpf-pid----2029----pid-2029
---ebpf-pid----2029----pid-2029
---ebpf-pid----448784----pid-448520
---ebpf-pid----2029----pid-1
---ebpf-pid----448784----pid-1
---ebpf-pid----2029----pid-1
---ebpf-pid----2029----pid-2029
---ebpf-pid----2029----pid-2029
---ebpf-pid----448784----pid-448784
---ebpf-pid----2029----pid-1
---ebpf-pid----2029----pid-1
---ebpf-pid----2029----pid-2029
---ebpf-pid----2029----pid-2029
---ebpf-pid----448784----pid-448520
---ebpf-pid----2029----pid-1
---ebpf-pid----2029----pid-1
---ebpf-pid----448784----pid-1
---ebpf-pid----2029----pid-2029
---ebpf-pid----2029----pid-2029
---ebpf-pid----448784----pid-448784
---ebpf-pid----2029----pid-1
---ebpf-pid----2029----pid-1
---ebpf-pid----448784----pid-448520
---ebpf-pid----2029----pid-2029
---ebpf-pid----2029----pid-2029
---ebpf-pid----2029----pid-1
---ebpf-pid----2029----pid-1
---ebpf-pid----448784----pid-1
---ebpf-pid----2029----pid-2029
---ebpf-pid----2029----pid-2029
---ebpf-pid----5705----pid-5705
---ebpf-pid----2029----pid-1
---ebpf-pid----5705----pid-5476
---ebpf-pid----2029----pid-1
---ebpf-pid----5705----pid-5705
---ebpf-pid----2029----pid-2029
---ebpf-pid----5705----pid-5476
---ebpf-pid----5705----pid-1
---ebpf-pid----2029----pid-1
---ebpf-pid----5705----pid-5705
---ebpf-pid----2029----pid-2029
---ebpf-pid----5705----pid-1
---ebpf-pid----5705----pid-5476
---ebpf-pid----5705----pid-5705
---ebpf-pid----2029----pid-1
---ebpf-pid----2029----pid-2029
---ebpf-pid----5705----pid-5476
---ebpf-pid----5705----pid-1
---ebpf-pid----5705----pid-5705
---ebpf-pid----2029----pid-1
---ebpf-pid----5705----pid-1
---ebpf-pid----2029----pid-2029
---ebpf-pid----5705----pid-5705
---ebpf-pid----5705----pid-5476
---ebpf-pid----2029----pid-1
---ebpf-pid----5705----pid-5476
---ebpf-pid----5705----pid-1
---ebpf-pid----2029----pid-2029
---ebpf-pid----5705----pid-5705
---ebpf-pid----5705----pid-1
---ebpf-pid----2029----pid-1
---ebpf-pid----5705----pid-5476
---ebpf-pid----2029----pid-2029
---ebpf-pid----2029----pid-2029
---ebpf-pid----5705----pid-1
---ebpf-pid----2029----pid-1
---ebpf-pid----2029----pid-1
---ebpf-pid----5705----pid-5705
---ebpf-pid----2094----pid-2094
---ebpf-pid----2029----pid-2029
---ebpf-pid----5705----pid-5476
---ebpf-pid----2094----pid-1
---ebpf-pid----2029----pid-1
---ebpf-pid----2029----pid-2029
---ebpf-pid----2094----pid-2094
---ebpf-pid----5705----pid-1
---ebpf-pid----2094----pid-2094
---ebpf-pid----2094----pid-1
---ebpf-pid----2029----pid-1
---ebpf-pid----2094----pid-2094
---ebpf-pid----2029----pid-2029
---ebpf-pid----2094----pid-1
---ebpf-pid----448783----pid-448783
---ebpf-pid----2029----pid-1
---ebpf-pid----2094----pid-1
---ebpf-pid----2094----pid-2094
---ebpf-pid----2029----pid-2029
---ebpf-pid----448783----pid-448520
---ebpf-pid----2029----pid-1
---ebpf-pid----448783----pid-1
---ebpf-pid----2029----pid-2029
---ebpf-pid----5707----pid-5707
---ebpf-pid----2029----pid-1
---ebpf-pid----5707----pid-5476
---ebpf-pid----2029----pid-2029
---ebpf-pid----2029----pid-1
---ebpf-pid----5707----pid-1
---ebpf-pid----2029----pid-2029
---ebpf-pid----5707----pid-5707
---ebpf-pid----2094----pid-1
---ebpf-pid----2029----pid-1
---ebpf-pid----5707----pid-5476
---ebpf-pid----2029----pid-2029
---ebpf-pid----2094----pid-2094
---ebpf-pid----5707----pid-1
---ebpf-pid----2029----pid-1
---ebpf-pid----2094----pid-1
---ebpf-pid----5707----pid-5707
---ebpf-pid----2029----pid-2029
---ebpf-pid----2094----pid-2094
---ebpf-pid----5707----pid-5476
---ebpf-pid----2029----pid-1
---ebpf-pid----2094----pid-1
---ebpf-pid----2029----pid-2029
---ebpf-pid----2094----pid-2094
---ebpf-pid----5707----pid-1
---ebpf-pid----5707----pid-5707
---ebpf-pid----2029----pid-1
---ebpf-pid----2094----pid-1
---ebpf-pid----2029----pid-2029
---ebpf-pid----2094----pid-2094
---ebpf-pid----5707----pid-5476
---ebpf-pid----5707----pid-1
---ebpf-pid----2029----pid-1
---ebpf-pid----2094----pid-1
---ebpf-pid----5707----pid-5707
---ebpf-pid----2029----pid-2029
---ebpf-pid----2094----pid-2094
---ebpf-pid----5707----pid-5476
---ebpf-pid----2029----pid-1
---ebpf-pid----2094----pid-1
---ebpf-pid----2029----pid-2029
---ebpf-pid----2094----pid-2094
---ebpf-pid----5707----pid-1
---ebpf-pid----5707----pid-5707
---ebpf-pid----2029----pid-1
---ebpf-pid----2094----pid-1
---ebpf-pid----2029----pid-2029
---ebpf-pid----5707----pid-5476
---ebpf-pid----2094----pid-2094
---ebpf-pid----5707----pid-1
---ebpf-pid----2029----pid-1
---ebpf-pid----2094----pid-1
---ebpf-pid----448782----pid-448782
---ebpf-pid----2029----pid-2029
---ebpf-pid----2094----pid-2094
---ebpf-pid----2094----pid-1
---ebpf-pid----448782----pid-448520
---ebpf-pid----2029----pid-1
---ebpf-pid----2094----pid-2094
---ebpf-pid----2029----pid-2029
---ebpf-pid----448782----pid-1
---ebpf-pid----2094----pid-1
---ebpf-pid----448782----pid-448782
---ebpf-pid----2029----pid-1
---ebpf-pid----373029----pid-373029
---ebpf-pid----2029----pid-2029
---ebpf-pid----2094----pid-1
---ebpf-pid----448782----pid-448520
---ebpf-pid----2094----pid-2094
---ebpf-pid----2029----pid-1
---ebpf-pid----373029----pid-5476
---ebpf-pid----2029----pid-2029
---ebpf-pid----448782----pid-1
---ebpf-pid----2094----pid-1
---ebpf-pid----448782----pid-448782
---ebpf-pid----373029----pid-1
---ebpf-pid----2094----pid-2094
---ebpf-pid----373029----pid-373029
---ebpf-pid----2029----pid-1
---ebpf-pid----448782----pid-448520
---ebpf-pid----2029----pid-2029
---ebpf-pid----2094----pid-1
---ebpf-pid----373029----pid-5476
---ebpf-pid----2094----pid-2094
---ebpf-pid----448782----pid-1
---ebpf-pid----2029----pid-1
---ebpf-pid----5705----pid-5705
---ebpf-pid----373029----pid-1
---ebpf-pid----2029----pid-2029
---ebpf-pid----2094----pid-1
---ebpf-pid----373029----pid-373029
---ebpf-pid----2094----pid-2094
---ebpf-pid----5705----pid-5476
---ebpf-pid----2029----pid-1
---ebpf-pid----2029----pid-2029
---ebpf-pid----373029----pid-5476
---ebpf-pid----2094----pid-1
---ebpf-pid----5705----pid-1
---ebpf-pid----2094----pid-2094
---ebpf-pid----5705----pid-5705
---ebpf-pid----2029----pid-1
---ebpf-pid----2029----pid-2029
---ebpf-pid----2094----pid-1
---ebpf-pid----5705----pid-5476
---ebpf-pid----2094----pid-2094
---ebpf-pid----2029----pid-1
---ebpf-pid----2029----pid-2029
---ebpf-pid----373029----pid-1
---ebpf-pid----5705----pid-1
---ebpf-pid----2094----pid-1
---ebpf-pid----448782----pid-448782
---ebpf-pid----373029----pid-373029
---ebpf-pid----2094----pid-2094
---ebpf-pid----2029----pid-1
---ebpf-pid----2029----pid-2029
---ebpf-pid----448782----pid-448520
---ebpf-pid----373029----pid-5476
---ebpf-pid----2094----pid-1
---ebpf-pid----2094----pid-2094
---ebpf-pid----2029----pid-1
---ebpf-pid----448782----pid-1
---ebpf-pid----373029----pid-1
---ebpf-pid----2029----pid-2029
---ebpf-pid----5705----pid-5705
---ebpf-pid----2094----pid-2094
---ebpf-pid----2094----pid-1
---ebpf-pid----2094----pid-2094
---ebpf-pid----2029----pid-1
---ebpf-pid----2094----pid-1
---ebpf-pid----2094----pid-1
---ebpf-pid----5705----pid-5476
---ebpf-pid----2029----pid-2029
---ebpf-pid----2094----pid-2094
---ebpf-pid----2094----pid-2094
---ebpf-pid----5705----pid-1
---ebpf-pid----2029----pid-1
---ebpf-pid----2094----pid-1
---ebpf-pid----5705----pid-5705
---ebpf-pid----2029----pid-2029
---ebpf-pid----2029----pid-2029
---ebpf-pid----2094----pid-1
---ebpf-pid----2094----pid-2094
---ebpf-pid----5705----pid-5476
---ebpf-pid----2029----pid-1
---ebpf-pid----2029----pid-1
---ebpf-pid----2029----pid-2029
---ebpf-pid----2029----pid-2029
---ebpf-pid----2094----pid-1
---ebpf-pid----5705----pid-1
---ebpf-pid----2094----pid-2094
---ebpf-pid----2029----pid-1
---ebpf-pid----5705----pid-5705
---ebpf-pid----2029----pid-1
---ebpf-pid----2029----pid-2029
---ebpf-pid----2094----pid-1
---ebpf-pid----2029----pid-2029
---ebpf-pid----5705----pid-5476
---ebpf-pid----2094----pid-2094
---ebpf-pid----2029----pid-1
---ebpf-pid----2029----pid-1
---ebpf-pid----2029----pid-2029
---ebpf-pid----5705----pid-1
---ebpf-pid----2094----pid-1
---ebpf-pid----2029----pid-2029
---ebpf-pid----5705----pid-5705
---ebpf-pid----2094----pid-2094
---ebpf-pid----2029----pid-1
---ebpf-pid----2029----pid-1
---ebpf-pid----2029----pid-2029
---ebpf-pid----5705----pid-5476
---ebpf-pid----2094----pid-1
---ebpf-pid----2029----pid-2029
---ebpf-pid----2094----pid-2094
---ebpf-pid----2029----pid-1
---ebpf-pid----5705----pid-1
---ebpf-pid----2029----pid-1
---ebpf-pid----2029----pid-2029
---ebpf-pid----5705----pid-5705
---ebpf-pid----2094----pid-1
---ebpf-pid----2029----pid-2029
---ebpf-pid----2094----pid-2094
---ebpf-pid----2029----pid-1
---ebpf-pid----5705----pid-5476
---ebpf-pid----2029----pid-1
---ebpf-pid----2029----pid-2029
---ebpf-pid----2094----pid-1
---ebpf-pid----2029----pid-2029
---ebpf-pid----2094----pid-2094
---ebpf-pid----5705----pid-1
---ebpf-pid----5705----pid-5705
---ebpf-pid----2029----pid-1
---ebpf-pid----2029----pid-1
---ebpf-pid----2094----pid-1
---ebpf-pid----2029----pid-2029
---ebpf-pid----2029----pid-2029
---ebpf-pid----2094----pid-2094
---ebpf-pid----5705----pid-5476
---ebpf-pid----2029----pid-1
---ebpf-pid----2029----pid-1
---ebpf-pid----2029----pid-2029
---ebpf-pid----2094----pid-1
---ebpf-pid----5705----pid-1
---ebpf-pid----2029----pid-2029
---ebpf-pid----5705----pid-5705
---ebpf-pid----2094----pid-2094
---ebpf-pid----2029----pid-1
---ebpf-pid----2029----pid-1
---ebpf-pid----372714----pid-372714
---ebpf-pid----2094----pid-1
---ebpf-pid----5705----pid-5476
---ebpf-pid----2029----pid-2029
---ebpf-pid----2094----pid-2094
---ebpf-pid----372714----pid-5476
---ebpf-pid----5705----pid-1
---ebpf-pid----2029----pid-1
---ebpf-pid----2094----pid-1
---ebpf-pid----5705----pid-5705
---ebpf-pid----2029----pid-2029
---ebpf-pid----2094----pid-2094
---ebpf-pid----372714----pid-1
---ebpf-pid----372714----pid-372714
---ebpf-pid----5705----pid-5476
---ebpf-pid----2029----pid-1
---ebpf-pid----2094----pid-1
---ebpf-pid----2029----pid-2029
---ebpf-pid----2094----pid-2094
---ebpf-pid----372714----pid-5476
---ebpf-pid----5705----pid-1
---ebpf-pid----5705----pid-5705
---ebpf-pid----372714----pid-1
---ebpf-pid----2094----pid-1
---ebpf-pid----2029----pid-1
---ebpf-pid----5707----pid-5707
---ebpf-pid----2094----pid-2094
---ebpf-pid----5705----pid-5476
---ebpf-pid----2029----pid-2029
---ebpf-pid----5707----pid-5476
---ebpf-pid----2094----pid-1
---ebpf-pid----5705----pid-1
---ebpf-pid----2029----pid-1
---ebpf-pid----5705----pid-5705
---ebpf-pid----2094----pid-2094
---ebpf-pid----2029----pid-2029
---ebpf-pid----5707----pid-1
---ebpf-pid----2029----pid-2029
---ebpf-pid----5705----pid-5476
---ebpf-pid----2094----pid-1
---ebpf-pid----2029----pid-1
---ebpf-pid----2094----pid-2094
---ebpf-pid----2029----pid-2029
---ebpf-pid----2029----pid-1
---ebpf-pid----5705----pid-1
---ebpf-pid----2029----pid-2029
---ebpf-pid----2094----pid-1
---ebpf-pid----5705----pid-5705
---ebpf-pid----2029----pid-1
---ebpf-pid----2094----pid-2094
---ebpf-pid----2029----pid-2029
---ebpf-pid----2029----pid-1
---ebpf-pid----5705----pid-5476
---ebpf-pid----2029----pid-2029
---ebpf-pid----2094----pid-1
---ebpf-pid----2029----pid-1
---ebpf-pid----2094----pid-2094
---ebpf-pid----2029----pid-2029
---ebpf-pid----5705----pid-1
---ebpf-pid----2029----pid-1
---ebpf-pid----448524----pid-448524
---ebpf-pid----2029----pid-2029
---ebpf-pid----2094----pid-1
---ebpf-pid----2029----pid-1
---ebpf-pid----2094----pid-2094
---ebpf-pid----2029----pid-2029
---ebpf-pid----448524----pid-1
---ebpf-pid----2029----pid-1
---ebpf-pid----5705----pid-5705
---ebpf-pid----2029----pid-2029
---ebpf-pid----2094----pid-1
---ebpf-pid----2029----pid-1
---ebpf-pid----2094----pid-2094
---ebpf-pid----2029----pid-2029
---ebpf-pid----5705----pid-5476
---ebpf-pid----2094----pid-1
---ebpf-pid----2029----pid-1
---ebpf-pid----5705----pid-1
---ebpf-pid----2094----pid-2094
---ebpf-pid----2029----pid-2029
---ebpf-pid----5705----pid-5705
---ebpf-pid----2029----pid-1
---ebpf-pid----2029----pid-2029
---ebpf-pid----2094----pid-1
---ebpf-pid----2029----pid-1
---ebpf-pid----5705----pid-5476
---ebpf-pid----2094----pid-2094
---ebpf-pid----2029----pid-2029
---ebpf-pid----2029----pid-1
---ebpf-pid----5705----pid-1
---ebpf-pid----379067----pid-379067
---ebpf-pid----2029----pid-1
---ebpf-pid----2094----pid-1
---ebpf-pid----5705----pid-5705
---ebpf-pid----2029----pid-2029
---ebpf-pid----2094----pid-2094
---ebpf-pid----379067----pid-5476
---ebpf-pid----2029----pid-1
---ebpf-pid----5705----pid-5476
---ebpf-pid----2094----pid-1
---ebpf-pid----2029----pid-2029
---ebpf-pid----2094----pid-2094
---ebpf-pid----379067----pid-1
---ebpf-pid----379067----pid-379067
---ebpf-pid----5705----pid-1
---ebpf-pid----2029----pid-1
---ebpf-pid----2094----pid-1
---ebpf-pid----7312----pid-7312
---ebpf-pid----2029----pid-2029
---ebpf-pid----2094----pid-2094
---ebpf-pid----379067----pid-5476
---ebpf-pid----7312----pid-1
---ebpf-pid----2029----pid-1
---ebpf-pid----2094----pid-1
---ebpf-pid----2088----pid-2088
---ebpf-pid----379067----pid-1
---ebpf-pid----2029----pid-2029
---ebpf-pid----2094----pid-2094
---ebpf-pid----379067----pid-379067
---ebpf-pid----2088----pid-1
---ebpf-pid----2029----pid-1
---ebpf-pid----2094----pid-1
---ebpf-pid----2088----pid-2088
---ebpf-pid----379067----pid-5476
---ebpf-pid----2029----pid-2029
---ebpf-pid----2094----pid-2094
---ebpf-pid----379067----pid-1
---ebpf-pid----2094----pid-1
---ebpf-pid----2088----pid-1
---ebpf-pid----2029----pid-1
---ebpf-pid----379067----pid-379067
---ebpf-pid----2094----pid-2094
---ebpf-pid----2088----pid-2088
---ebpf-pid----2029----pid-2029
---ebpf-pid----379067----pid-5476
---ebpf-pid----2088----pid-1
---ebpf-pid----2094----pid-1
---ebpf-pid----2029----pid-1
---ebpf-pid----2088----pid-2088
---ebpf-pid----2094----pid-2094
---ebpf-pid----2029----pid-2029
---ebpf-pid----379067----pid-1
---ebpf-pid----379067----pid-379067
---ebpf-pid----2088----pid-1
---ebpf-pid----2094----pid-1
---ebpf-pid----2029----pid-1
---ebpf-pid----2088----pid-2088
---ebpf-pid----2094----pid-2094
---ebpf-pid----2029----pid-2029
---ebpf-pid----379067----pid-5476
---ebpf-pid----2088----pid-1
---ebpf-pid----2094----pid-1
---ebpf-pid----2029----pid-1
---ebpf-pid----2094----pid-2094
---ebpf-pid----2088----pid-2088
---ebpf-pid----379067----pid-1
---ebpf-pid----2029----pid-2029
---ebpf-pid----379067----pid-379067
---ebpf-pid----2094----pid-1
---ebpf-pid----2088----pid-1
---ebpf-pid----2088----pid-2088
---ebpf-pid----2094----pid-2094
---ebpf-pid----2029----pid-1
---ebpf-pid----379067----pid-5476
---ebpf-pid----2029----pid-2029
---ebpf-pid----2088----pid-1
---ebpf-pid----2094----pid-1
---ebpf-pid----379067----pid-1
---ebpf-pid----2094----pid-2094
---ebpf-pid----2088----pid-2088
---ebpf-pid----2029----pid-1
---ebpf-pid----379067----pid-379067
---ebpf-pid----2029----pid-2029
---ebpf-pid----2088----pid-1
---ebpf-pid----2094----pid-1
---ebpf-pid----379067----pid-5476
---ebpf-pid----2094----pid-2094
---ebpf-pid----448785----pid-448785
---ebpf-pid----2029----pid-1
---ebpf-pid----379067----pid-1
---ebpf-pid----448785----pid-448520
---ebpf-pid----379067----pid-379067
---ebpf-pid----2029----pid-2029
---ebpf-pid----448785----pid-1
---ebpf-pid----379067----pid-5476
---ebpf-pid----448785----pid-448785
---ebpf-pid----2029----pid-1
---ebpf-pid----2029----pid-2029
---ebpf-pid----379067----pid-1
---ebpf-pid----448785----pid-448520
---ebpf-pid----379067----pid-379067
---ebpf-pid----2029----pid-1
---ebpf-pid----448785----pid-1
---ebpf-pid----379067----pid-5476
---ebpf-pid----2029----pid-2029
---ebpf-pid----2029----pid-2029
---ebpf-pid----379067----pid-1
---ebpf-pid----2029----pid-1
---ebpf-pid----2029----pid-1
---ebpf-pid----2088----pid-2088
---ebpf-pid----2029----pid-2029
---ebpf-pid----2029----pid-2029
---ebpf-pid----2029----pid-1
---ebpf-pid----2088----pid-1
---ebpf-pid----2029----pid-1
---ebpf-pid----2088----pid-2088
---ebpf-pid----2029----pid-2029
---ebpf-pid----2029----pid-2029
---ebpf-pid----2088----pid-1
---ebpf-pid----2029----pid-1
---ebpf-pid----2029----pid-1
---ebpf-pid----2088----pid-2088
---ebpf-pid----2029----pid-2029
---ebpf-pid----2029----pid-2029
---ebpf-pid----2088----pid-1
---ebpf-pid----2029----pid-1
---ebpf-pid----2029----pid-1
---ebpf-pid----2029----pid-2029
---ebpf-pid----2088----pid-2088
---ebpf-pid----2029----pid-2029
---ebpf-pid----2029----pid-1
---ebpf-pid----2029----pid-2029
---ebpf-pid----2029----pid-1
---ebpf-pid----2029----pid-1
---ebpf-pid----2029----pid-2029
---ebpf-pid----2029----pid-2029
---ebpf-pid----2029----pid-1
---ebpf-pid----2029----pid-1
---ebpf-pid----2029----pid-2029
---ebpf-pid----2029----pid-2029
---ebpf-pid----2029----pid-1
---ebpf-pid----2029----pid-2029
---ebpf-pid----2029----pid-1
---ebpf-pid----2029----pid-2029
---ebpf-pid----2029----pid-1
---ebpf-pid----2029----pid-2029
---ebpf-pid----2029----pid-1
---ebpf-pid----2029----pid-2029
---ebpf-pid----2029----pid-1
---ebpf-pid----2029----pid-2029
---ebpf-pid----2029----pid-1
---ebpf-pid----2029----pid-1
---ebpf-pid----2029----pid-2029
---ebpf-pid----2029----pid-2029
---ebpf-pid----2029----pid-1
---ebpf-pid----2029----pid-1
---ebpf-pid----2029----pid-2029
---ebpf-pid----2029----pid-2029
---ebpf-pid----2029----pid-1
---ebpf-pid----2029----pid-1
---ebpf-pid----2029----pid-2029
---ebpf-pid----2029----pid-2029
---ebpf-pid----2029----pid-1
---ebpf-pid----2029----pid-2029
---ebpf-pid----2029----pid-1
---ebpf-pid----2029----pid-1
---ebpf-pid----2029----pid-2029
---ebpf-pid----2029----pid-2029
---ebpf-pid----2029----pid-1
---ebpf-pid----2029----pid-1
---ebpf-pid----2029----pid-2029
---ebpf-pid----2029----pid-2029
---ebpf-pid----2029----pid-1
---ebpf-pid----2029----pid-1
---ebpf-pid----2088----pid-1
---ebpf-pid----2029----pid-2029
---ebpf-pid----2029----pid-2029
---ebpf-pid----2088----pid-2088
---ebpf-pid----2029----pid-1
---ebpf-pid----2029----pid-1
---ebpf-pid----2088----pid-1
---ebpf-pid----2029----pid-2029
---ebpf-pid----2029----pid-2029
---ebpf-pid----2088----pid-2088
---ebpf-pid----2029----pid-1
---ebpf-pid----2029----pid-1
---ebpf-pid----2088----pid-1
---ebpf-pid----2029----pid-2029
---ebpf-pid----2029----pid-2029
---ebpf-pid----2088----pid-2088
---ebpf-pid----2029----pid-1
---ebpf-pid----2029----pid-1
---ebpf-pid----2029----pid-2029
---ebpf-pid----2088----pid-1
---ebpf-pid----2029----pid-2029
---ebpf-pid----2088----pid-2088
---ebpf-pid----2029----pid-1
---ebpf-pid----2029----pid-2029
---ebpf-pid----2029----pid-1
---ebpf-pid----2088----pid-1
---ebpf-pid----2029----pid-2029
---ebpf-pid----2088----pid-2088
---ebpf-pid----2029----pid-1
---ebpf-pid----2029----pid-1
---ebpf-pid----2088----pid-1
---ebpf-pid----2029----pid-2029
---ebpf-pid----2088----pid-2088
---ebpf-pid----2029----pid-2029
---ebpf-pid----2029----pid-1
---ebpf-pid----2029----pid-1
---ebpf-pid----2088----pid-1
---ebpf-pid----2029----pid-2029
---ebpf-pid----2088----pid-2088
---ebpf-pid----2029----pid-2029
---ebpf-pid----2029----pid-1
---ebpf-pid----2029----pid-1
---ebpf-pid----2029----pid-2029
---ebpf-pid----2029----pid-2029
---ebpf-pid----2088----pid-1
---ebpf-pid----2029----pid-1
---ebpf-pid----2029----pid-1
---ebpf-pid----2029----pid-2029
---ebpf-pid----2088----pid-2088
---ebpf-pid----2029----pid-2029
---ebpf-pid----2029----pid-1
---ebpf-pid----2088----pid-1
---ebpf-pid----2029----pid-2029
---ebpf-pid----2029----pid-1
---ebpf-pid----2088----pid-2088
---ebpf-pid----2029----pid-2029
---ebpf-pid----2029----pid-1
---ebpf-pid----2088----pid-1
---ebpf-pid----2029----pid-2029
---ebpf-pid----2088----pid-2088
---ebpf-pid----2029----pid-1
---ebpf-pid----2029----pid-2029
---ebpf-pid----2029----pid-1
---ebpf-pid----2029----pid-2029
---ebpf-pid----2088----pid-1
---ebpf-pid----2029----pid-1
---ebpf-pid----2088----pid-2088
---ebpf-pid----2029----pid-1
---ebpf-pid----2029----pid-2029
---ebpf-pid----2029----pid-2029
---ebpf-pid----2088----pid-1
---ebpf-pid----379067----pid-379067
---ebpf-pid----2029----pid-1
---ebpf-pid----2029----pid-1
---ebpf-pid----2029----pid-2029
---ebpf-pid----2029----pid-2029
---ebpf-pid----379067----pid-5476
---ebpf-pid----2029----pid-1
---ebpf-pid----2029----pid-1
---ebpf-pid----2029----pid-2029
---ebpf-pid----2029----pid-2029
---ebpf-pid----379067----pid-1
---ebpf-pid----5705----pid-5705
---ebpf-pid----2029----pid-1
---ebpf-pid----2029----pid-1
---ebpf-pid----2029----pid-2029
---ebpf-pid----2029----pid-2029
---ebpf-pid----5705----pid-5476
---ebpf-pid----2029----pid-1
---ebpf-pid----2029----pid-1
---ebpf-pid----5705----pid-1
---ebpf-pid----2029----pid-2029
---ebpf-pid----2029----pid-2029
---ebpf-pid----5705----pid-5705
---ebpf-pid----2029----pid-1
---ebpf-pid----2029----pid-1
---ebpf-pid----5705----pid-5476
---ebpf-pid----2029----pid-2029
---ebpf-pid----2029----pid-2029
---ebpf-pid----5705----pid-1
---ebpf-pid----2029----pid-1
---ebpf-pid----373029----pid-373029
---ebpf-pid----2094----pid-1
---ebpf-pid----2029----pid-2029
---ebpf-pid----2094----pid-2094
---ebpf-pid----373029----pid-5476
---ebpf-pid----2094----pid-1
---ebpf-pid----2029----pid-1
---ebpf-pid----2094----pid-2094
---ebpf-pid----2029----pid-2029
---ebpf-pid----373029----pid-1
---ebpf-pid----373029----pid-373029
---ebpf-pid----2094----pid-1
---ebpf-pid----2029----pid-1
---ebpf-pid----2094----pid-2094
---ebpf-pid----2029----pid-2029
---ebpf-pid----373029----pid-5476
---ebpf-pid----2094----pid-1
---ebpf-pid----2029----pid-1
---ebpf-pid----2094----pid-2094
---ebpf-pid----373029----pid-1
---ebpf-pid----2029----pid-2029
---ebpf-pid----373029----pid-373029
---ebpf-pid----2094----pid-1
---ebpf-pid----2029----pid-1
---ebpf-pid----2094----pid-2094
---ebpf-pid----373029----pid-5476
---ebpf-pid----2029----pid-2029
---ebpf-pid----2094----pid-1
---ebpf-pid----373029----pid-1
---ebpf-pid----2029----pid-1
---ebpf-pid----2094----pid-2094
---ebpf-pid----373029----pid-373029
---ebpf-pid----2029----pid-2029
---ebpf-pid----373029----pid-5476
---ebpf-pid----2094----pid-1
---ebpf-pid----2029----pid-1
---ebpf-pid----2094----pid-2094
---ebpf-pid----2029----pid-2029
---ebpf-pid----2029----pid-1
---ebpf-pid----2029----pid-2029
---ebpf-pid----2029----pid-1
---ebpf-pid----2029----pid-1
---ebpf-pid----2029----pid-2029
---ebpf-pid----2029----pid-2029
---ebpf-pid----2029----pid-1
---ebpf-pid----2029----pid-2029
---ebpf-pid----2029----pid-1
---ebpf-pid----2029----pid-2029
---ebpf-pid----2029----pid-1
---ebpf-pid----2029----pid-2029
---ebpf-pid----2029----pid-1
---ebpf-pid----2029----pid-2029
---ebpf-pid----2029----pid-1
---ebpf-pid----5707----pid-5707
---ebpf-pid----2029----pid-1
---ebpf-pid----5707----pid-5476
---ebpf-pid----2029----pid-2029
---ebpf-pid----5707----pid-1
---ebpf-pid----2029----pid-1
---ebpf-pid----5707----pid-5707
---ebpf-pid----2029----pid-2029
---ebpf-pid----5707----pid-5476
---ebpf-pid----2029----pid-1
---ebpf-pid----5707----pid-1
---ebpf-pid----2029----pid-2029
---ebpf-pid----2029----pid-2029
---ebpf-pid----2029----pid-1
---ebpf-pid----2029----pid-1
---ebpf-pid----2029----pid-2029
---ebpf-pid----2029----pid-2029
---ebpf-pid----2029----pid-1
---ebpf-pid----2029----pid-1
---ebpf-pid----2029----pid-2029
---ebpf-pid----2029----pid-2029
---ebpf-pid----2029----pid-1
---ebpf-pid----2029----pid-1
---ebpf-pid----373029----pid-1
---ebpf-pid----2029----pid-2029
---ebpf-pid----2029----pid-2029
---ebpf-pid----373029----pid-373029
---ebpf-pid----2029----pid-1
---ebpf-pid----2029----pid-1
---ebpf-pid----2029----pid-2029
---ebpf-pid----2029----pid-2029
---ebpf-pid----2029----pid-1
---ebpf-pid----2029----pid-2029
---ebpf-pid----2029----pid-1
---ebpf-pid----2029----pid-2029
---ebpf-pid----2029----pid-1
---ebpf-pid----2029----pid-2029
---ebpf-pid----2029----pid-1
---ebpf-pid----2029----pid-2029
---ebpf-pid----2029----pid-1
---ebpf-pid----2029----pid-2029
---ebpf-pid----2029----pid-1
---ebpf-pid----2029----pid-2029
---ebpf-pid----2029----pid-1
---ebpf-pid----2029----pid-2029
---ebpf-pid----2029----pid-1
---ebpf-pid----2029----pid-2029
---ebpf-pid----2029----pid-1
---ebpf-pid----2029----pid-2029
---ebpf-pid----2029----pid-1
---ebpf-pid----2029----pid-2029
---ebpf-pid----2029----pid-1
---ebpf-pid----2029----pid-2029
---ebpf-pid----2029----pid-1
---ebpf-pid----2029----pid-2029
---ebpf-pid----2029----pid-1
---ebpf-pid----2029----pid-2029
---ebpf-pid----2029----pid-1
---ebpf-pid----2029----pid-2029
---ebpf-pid----2029----pid-1
---ebpf-pid----2029----pid-2029
---ebpf-pid----2029----pid-1
---ebpf-pid----2088----pid-2088
---ebpf-pid----373029----pid-5476
---ebpf-pid----373029----pid-1
---ebpf-pid----373029----pid-373029
---ebpf-pid----2088----pid-1
---ebpf-pid----373029----pid-5476
---ebpf-pid----2088----pid-2088
---ebpf-pid----373029----pid-1
---ebpf-pid----2088----pid-1
---ebpf-pid----2088----pid-2088
---ebpf-pid----373029----pid-373029
---ebpf-pid----373029----pid-5476
---ebpf-pid----2088----pid-1
---ebpf-pid----2088----pid-2088
---ebpf-pid----373029----pid-1
---ebpf-pid----2088----pid-1
---ebpf-pid----373029----pid-373029
---ebpf-pid----2088----pid-2088
---ebpf-pid----373029----pid-5476
---ebpf-pid----2088----pid-1
---ebpf-pid----2088----pid-2088
---ebpf-pid----373029----pid-1
---ebpf-pid----2088----pid-1
---ebpf-pid----373029----pid-373029
---ebpf-pid----2088----pid-2088
---ebpf-pid----373029----pid-5476
---ebpf-pid----2088----pid-1
---ebpf-pid----2088----pid-2088
---ebpf-pid----373029----pid-1
---ebpf-pid----2088----pid-1
---ebpf-pid----2029----pid-2029
---ebpf-pid----2088----pid-2088
---ebpf-pid----2029----pid-1
---ebpf-pid----2088----pid-1
---ebpf-pid----2029----pid-2029
---ebpf-pid----7313----pid-7313
---ebpf-pid----2029----pid-1
---ebpf-pid----7313----pid-1
---ebpf-pid----2029----pid-2029
---ebpf-pid----2088----pid-2088
---ebpf-pid----2029----pid-1
---ebpf-pid----2088----pid-1
---ebpf-pid----2029----pid-2029
---ebpf-pid----2088----pid-2088
---ebpf-pid----2088----pid-1
---ebpf-pid----2029----pid-1
---ebpf-pid----2088----pid-2088
---ebpf-pid----2029----pid-2029
---ebpf-pid----2088----pid-1
---ebpf-pid----2029----pid-1
---ebpf-pid----2088----pid-2088
---ebpf-pid----2029----pid-2029
---ebpf-pid----2088----pid-1
---ebpf-pid----2088----pid-2088
---ebpf-pid----2029----pid-1
---ebpf-pid----2029----pid-2029
---ebpf-pid----2088----pid-1
---ebpf-pid----2088----pid-2088
---ebpf-pid----2029----pid-1
---ebpf-pid----2029----pid-2029
---ebpf-pid----2088----pid-1
---ebpf-pid----2088----pid-2088
---ebpf-pid----2029----pid-1
---ebpf-pid----2029----pid-2029
---ebpf-pid----2088----pid-1
---ebpf-pid----7312----pid-7312
---ebpf-pid----2029----pid-1
---ebpf-pid----7312----pid-1
---ebpf-pid----379067----pid-379067
---ebpf-pid----2088----pid-2088
---ebpf-pid----379067----pid-5476
---ebpf-pid----2088----pid-1
---ebpf-pid----2088----pid-2088
---ebpf-pid----2088----pid-1
---ebpf-pid----2088----pid-2088
---ebpf-pid----2088----pid-1
---ebpf-pid----2088----pid-2088
---ebpf-pid----2088----pid-1
Failed to get process information for PID 448916
---ebpf-pid----2088----pid-2088
---ebpf-pid----2088----pid-1
---ebpf-pid----2088----pid-2088
---ebpf-pid----2088----pid-1
---ebpf-pid----2088----pid-2088
---ebpf-pid----2088----pid-1
---ebpf-pid----2088----pid-2088
---ebpf-pid----2088----pid-1
---ebpf-pid----5707----pid-5707
---ebpf-pid----5707----pid-5476
---ebpf-pid----5707----pid-1
---ebpf-pid----2094----pid-1
---ebpf-pid----5707----pid-5707
---ebpf-pid----2094----pid-2094
---ebpf-pid----5707----pid-5476
---ebpf-pid----5707----pid-1
---ebpf-pid----5707----pid-5707
---ebpf-pid----2094----pid-1
---ebpf-pid----2094----pid-2094
---ebpf-pid----5707----pid-5476
---ebpf-pid----2094----pid-1
---ebpf-pid----5707----pid-1
---ebpf-pid----2094----pid-2094
---ebpf-pid----5707----pid-5707
---ebpf-pid----5707----pid-5476
---ebpf-pid----2094----pid-1
---ebpf-pid----2094----pid-2094
---ebpf-pid----5707----pid-1
---ebpf-pid----5705----pid-5705
---ebpf-pid----2094----pid-1
---ebpf-pid----2094----pid-2094
---ebpf-pid----2094----pid-1
---ebpf-pid----2094----pid-2094
---ebpf-pid----2094----pid-1
---ebpf-pid----2094----pid-2094
---ebpf-pid----5705----pid-5476
---ebpf-pid----2094----pid-1
---ebpf-pid----5705----pid-1
---ebpf-pid----2094----pid-2094
---ebpf-pid----5705----pid-5705
---ebpf-pid----2094----pid-1
---ebpf-pid----5705----pid-5476
---ebpf-pid----2094----pid-2094
---ebpf-pid----5705----pid-1
---ebpf-pid----5703----pid-5703
---ebpf-pid----2094----pid-1
---ebpf-pid----2094----pid-2094
---ebpf-pid----5703----pid-5476
---ebpf-pid----2094----pid-1
---ebpf-pid----5703----pid-1
---ebpf-pid----2094----pid-2094
---ebpf-pid----5705----pid-5705
---ebpf-pid----5705----pid-5476
---ebpf-pid----2094----pid-1
---ebpf-pid----2094----pid-2094
---ebpf-pid----5705----pid-1
---ebpf-pid----5705----pid-5705
---ebpf-pid----2094----pid-1
---ebpf-pid----5705----pid-5476
---ebpf-pid----2094----pid-2094
---ebpf-pid----5705----pid-1
---ebpf-pid----2094----pid-1
---ebpf-pid----5705----pid-5705
---ebpf-pid----2094----pid-2094
---ebpf-pid----5705----pid-5476
---ebpf-pid----2094----pid-1
---ebpf-pid----5705----pid-1
---ebpf-pid----2094----pid-2094
---ebpf-pid----5705----pid-5705
---ebpf-pid----2094----pid-1
---ebpf-pid----5705----pid-5476
---ebpf-pid----2094----pid-2094
---ebpf-pid----5705----pid-1
---ebpf-pid----5705----pid-5705
---ebpf-pid----2094----pid-1
---ebpf-pid----2094----pid-2094
---ebpf-pid----5705----pid-5476
---ebpf-pid----2094----pid-1
---ebpf-pid----5705----pid-1
---ebpf-pid----448783----pid-448783
---ebpf-pid----2094----pid-2094
---ebpf-pid----448783----pid-448520
---ebpf-pid----2094----pid-1
---ebpf-pid----2094----pid-2094
---ebpf-pid----448783----pid-1
---ebpf-pid----448783----pid-448783
---ebpf-pid----2029----pid-1
---ebpf-pid----2029----pid-2029
---ebpf-pid----2029----pid-1
---ebpf-pid----2029----pid-2029
---ebpf-pid----2029----pid-1
---ebpf-pid----2029----pid-2029
---ebpf-pid----2029----pid-1
---ebpf-pid----5707----pid-5707
---ebpf-pid----5707----pid-5476
---ebpf-pid----5707----pid-1
---ebpf-pid----5707----pid-5707
---ebpf-pid----5707----pid-5476
---ebpf-pid----5707----pid-1
---ebpf-pid----5707----pid-5707
---ebpf-pid----5707----pid-5476
---ebpf-pid----5707----pid-1
---ebpf-pid----5707----pid-5707
---ebpf-pid----379067----pid-1
---ebpf-pid----379067----pid-379067
---ebpf-pid----5707----pid-5476
---ebpf-pid----379067----pid-5476
---ebpf-pid----5707----pid-1
---ebpf-pid----5707----pid-5707
---ebpf-pid----379067----pid-1
---ebpf-pid----379067----pid-379067
---ebpf-pid----5707----pid-5476
---ebpf-pid----379067----pid-5476
---ebpf-pid----5707----pid-1
---ebpf-pid----5707----pid-5707
---ebpf-pid----5707----pid-5476
---ebpf-pid----5707----pid-1
---ebpf-pid----5707----pid-5707
---ebpf-pid----5707----pid-5476
---ebpf-pid----5707----pid-1
---ebpf-pid----5707----pid-5707
---ebpf-pid----5707----pid-5476
---ebpf-pid----5707----pid-1
---ebpf-pid----5707----pid-5707
---ebpf-pid----5707----pid-5476
---ebpf-pid----5707----pid-1
---ebpf-pid----5707----pid-5707
---ebpf-pid----5707----pid-5476
---ebpf-pid----5707----pid-1
---ebpf-pid----5707----pid-5707
---ebpf-pid----5707----pid-5476
---ebpf-pid----5707----pid-1
---ebpf-pid----5707----pid-5707
---ebpf-pid----448783----pid-448520
---ebpf-pid----5707----pid-5476
---ebpf-pid----448783----pid-1
---ebpf-pid----448783----pid-448783
---ebpf-pid----5707----pid-1
---ebpf-pid----2029----pid-2029
---ebpf-pid----448783----pid-448520
---ebpf-pid----2094----pid-1
---ebpf-pid----2094----pid-2094
---ebpf-pid----2029----pid-1
---ebpf-pid----2029----pid-2029
---ebpf-pid----2094----pid-1
---ebpf-pid----2094----pid-2094
---ebpf-pid----2029----pid-1
---ebpf-pid----2029----pid-2029
---ebpf-pid----2094----pid-1
---ebpf-pid----2094----pid-2094
---ebpf-pid----2029----pid-1
---ebpf-pid----2029----pid-2029
---ebpf-pid----2094----pid-1
---ebpf-pid----2094----pid-2094
---ebpf-pid----2029----pid-1
---ebpf-pid----2094----pid-1
---ebpf-pid----2029----pid-2029
---ebpf-pid----2094----pid-2094
---ebpf-pid----2029----pid-1
---ebpf-pid----2094----pid-1
---ebpf-pid----2029----pid-2029
---ebpf-pid----2094----pid-2094
---ebpf-pid----2029----pid-1
---ebpf-pid----2094----pid-1
---ebpf-pid----2094----pid-2094
---ebpf-pid----2029----pid-2029
---ebpf-pid----2094----pid-1
---ebpf-pid----2029----pid-1
---ebpf-pid----2094----pid-2094
---ebpf-pid----2094----pid-1
---ebpf-pid----2094----pid-2094
---ebpf-pid----2029----pid-2029
---ebpf-pid----2094----pid-1
---ebpf-pid----2094----pid-2094
---ebpf-pid----2029----pid-1
---ebpf-pid----2029----pid-2029
---ebpf-pid----2094----pid-1
---ebpf-pid----2094----pid-2094
---ebpf-pid----2029----pid-1
---ebpf-pid----448783----pid-1
---ebpf-pid----2029----pid-2029
---ebpf-pid----2094----pid-1
---ebpf-pid----448783----pid-448783
---ebpf-pid----2094----pid-2094
---ebpf-pid----2029----pid-1
---ebpf-pid----448783----pid-448520
---ebpf-pid----2029----pid-2029
---ebpf-pid----2094----pid-1
---ebpf-pid----2094----pid-2094
---ebpf-pid----448783----pid-1
---ebpf-pid----2029----pid-1
---ebpf-pid----5637----pid-5637
---ebpf-pid----2029----pid-2029
---ebpf-pid----2094----pid-1
---ebpf-pid----2094----pid-2094
---ebpf-pid----5637----pid-1
---ebpf-pid----2029----pid-1
---ebpf-pid----448784----pid-448784
---ebpf-pid----2029----pid-2029
---ebpf-pid----2094----pid-1
---ebpf-pid----2094----pid-2094
---ebpf-pid----2029----pid-1
---ebpf-pid----448784----pid-448520
---ebpf-pid----2029----pid-2029
---ebpf-pid----2094----pid-1
---ebpf-pid----2094----pid-2094
---ebpf-pid----448784----pid-1
---ebpf-pid----448784----pid-448784
---ebpf-pid----2029----pid-1
---ebpf-pid----2094----pid-1
---ebpf-pid----2029----pid-2029
---ebpf-pid----2094----pid-2094
---ebpf-pid----448784----pid-448520
---ebpf-pid----2029----pid-1
---ebpf-pid----2029----pid-2029
---ebpf-pid----2094----pid-1
---ebpf-pid----448784----pid-1
---ebpf-pid----2094----pid-2094
---ebpf-pid----448521----pid-448521
---ebpf-pid----2029----pid-1
---ebpf-pid----2029----pid-2029
---ebpf-pid----2094----pid-1
---ebpf-pid----448521----pid-1
---ebpf-pid----2094----pid-2094
---ebpf-pid----448783----pid-448783
---ebpf-pid----2029----pid-1
---ebpf-pid----2029----pid-2029
---ebpf-pid----2094----pid-1
---ebpf-pid----448783----pid-448520
---ebpf-pid----2094----pid-2094
---ebpf-pid----2029----pid-1
---ebpf-pid----448783----pid-1
---ebpf-pid----2029----pid-2029
---ebpf-pid----2094----pid-1
---ebpf-pid----448783----pid-448783
---ebpf-pid----2094----pid-2094
---ebpf-pid----2029----pid-1
---ebpf-pid----448783----pid-448520
---ebpf-pid----2029----pid-2029
---ebpf-pid----2094----pid-1
---ebpf-pid----2094----pid-2094
---ebpf-pid----448783----pid-1
---ebpf-pid----2029----pid-1
---ebpf-pid----7312----pid-7312
---ebpf-pid----2029----pid-2029
---ebpf-pid----7312----pid-1
---ebpf-pid----7312----pid-7312
---ebpf-pid----7312----pid-1
---ebpf-pid----5707----pid-5707
---ebpf-pid----5707----pid-5476
---ebpf-pid----5707----pid-1
---ebpf-pid----5705----pid-5705
---ebpf-pid----5705----pid-5476
---ebpf-pid----5705----pid-1
---ebpf-pid----5705----pid-5705
---ebpf-pid----5705----pid-5476
---ebpf-pid----5705----pid-1
---ebpf-pid----5707----pid-5707
---ebpf-pid----2029----pid-1
---ebpf-pid----2094----pid-1
---ebpf-pid----2029----pid-2029
---ebpf-pid----2094----pid-2094
---ebpf-pid----2094----pid-1
---ebpf-pid----2029----pid-1
---ebpf-pid----2094----pid-2094
---ebpf-pid----2029----pid-2029
---ebpf-pid----2094----pid-1
---ebpf-pid----2029----pid-1
---ebpf-pid----2094----pid-2094
---ebpf-pid----2029----pid-2029
---ebpf-pid----2094----pid-1
---ebpf-pid----2094----pid-2094
---ebpf-pid----2029----pid-1
---ebpf-pid----2029----pid-2029
---ebpf-pid----2094----pid-1
---ebpf-pid----2094----pid-2094
---ebpf-pid----2029----pid-1
---ebpf-pid----2029----pid-2029
---ebpf-pid----2094----pid-1
---ebpf-pid----5705----pid-5705
---ebpf-pid----2029----pid-1
---ebpf-pid----2029----pid-2029
---ebpf-pid----2029----pid-1
---ebpf-pid----2029----pid-2029
---ebpf-pid----5705----pid-5476
---ebpf-pid----2029----pid-1
---ebpf-pid----5705----pid-1
---ebpf-pid----2029----pid-2029
---ebpf-pid----2094----pid-2094
---ebpf-pid----2029----pid-1
---ebpf-pid----2094----pid-1
---ebpf-pid----2094----pid-2094
---ebpf-pid----2029----pid-2029
---ebpf-pid----2094----pid-1
---ebpf-pid----2029----pid-1
---ebpf-pid----2094----pid-2094
---ebpf-pid----2029----pid-2029
---ebpf-pid----2094----pid-1
---ebpf-pid----2094----pid-2094
---ebpf-pid----2029----pid-1
---ebpf-pid----2029----pid-2029
---ebpf-pid----2094----pid-1
---ebpf-pid----5707----pid-5707
---ebpf-pid----2029----pid-1
---ebpf-pid----2029----pid-2029
---ebpf-pid----5707----pid-5476
---ebpf-pid----2029----pid-1
---ebpf-pid----5707----pid-5476
---ebpf-pid----2029----pid-2029
---ebpf-pid----5707----pid-1
---ebpf-pid----373029----pid-373029
---ebpf-pid----2029----pid-1
---ebpf-pid----2029----pid-2029
---ebpf-pid----373029----pid-5476
---ebpf-pid----2029----pid-1
---ebpf-pid----373029----pid-1
---ebpf-pid----2029----pid-2029
---ebpf-pid----373029----pid-373029
---ebpf-pid----2029----pid-1
---ebpf-pid----373029----pid-5476
---ebpf-pid----2029----pid-2029
---ebpf-pid----373029----pid-1
---ebpf-pid----2029----pid-1
---ebpf-pid----5707----pid-5707
---ebpf-pid----2029----pid-2029
---ebpf-pid----5707----pid-5476
---ebpf-pid----2029----pid-1
---ebpf-pid----2029----pid-2029
---ebpf-pid----5707----pid-1
---ebpf-pid----5707----pid-5707
---ebpf-pid----2029----pid-1
---ebpf-pid----2029----pid-2029
---ebpf-pid----5707----pid-5476
---ebpf-pid----2029----pid-1
---ebpf-pid----2029----pid-2029
---ebpf-pid----2029----pid-1
---ebpf-pid----5707----pid-1
---ebpf-pid----5707----pid-5707
---ebpf-pid----5707----pid-5476
---ebpf-pid----5707----pid-1
---ebpf-pid----372881----pid-372881
---ebpf-pid----372881----pid-1
---ebpf-pid----372881----pid-372881
---ebpf-pid----372881----pid-1
---ebpf-pid----372881----pid-372881
---ebpf-pid----372881----pid-1
---ebpf-pid----372881----pid-372881
---ebpf-pid----372881----pid-1
---ebpf-pid----372881----pid-372881
---ebpf-pid----372881----pid-1
---ebpf-pid----372881----pid-372881
---ebpf-pid----372881----pid-1
---ebpf-pid----372881----pid-372881
---ebpf-pid----5707----pid-1
---ebpf-pid----373029----pid-373029
---ebpf-pid----372881----pid-1
---ebpf-pid----373029----pid-5476
---ebpf-pid----373029----pid-1
---ebpf-pid----372881----pid-372881
---ebpf-pid----373029----pid-373029
---ebpf-pid----373029----pid-5476
---ebpf-pid----372881----pid-1
---ebpf-pid----373029----pid-1
---ebpf-pid----372881----pid-372881
---ebpf-pid----5707----pid-5707
---ebpf-pid----5707----pid-5476
---ebpf-pid----372881----pid-1
---ebpf-pid----5707----pid-1
---ebpf-pid----372881----pid-372881
---ebpf-pid----5707----pid-5707
---ebpf-pid----372881----pid-1
---ebpf-pid----5707----pid-5476
---ebpf-pid----372881----pid-372881
---ebpf-pid----5707----pid-1
---ebpf-pid----372881----pid-1
---ebpf-pid----448784----pid-448784
---ebpf-pid----372881----pid-372881
---ebpf-pid----448784----pid-448520
---ebpf-pid----372881----pid-1
---ebpf-pid----372881----pid-372881
---ebpf-pid----448784----pid-1
---ebpf-pid----448784----pid-448784
---ebpf-pid----372881----pid-1
---ebpf-pid----372881----pid-372881
---ebpf-pid----448784----pid-448520
---ebpf-pid----372881----pid-1
---ebpf-pid----448784----pid-1
---ebpf-pid----372881----pid-372881
---ebpf-pid----373029----pid-373029
---ebpf-pid----372881----pid-1
---ebpf-pid----373029----pid-5476
---ebpf-pid----372881----pid-372881
---ebpf-pid----373029----pid-1
---ebpf-pid----373029----pid-373029
---ebpf-pid----372881----pid-1
---ebpf-pid----372881----pid-372881
---ebpf-pid----373029----pid-5476
---ebpf-pid----372881----pid-1
---ebpf-pid----5707----pid-5707
---ebpf-pid----373029----pid-1
---ebpf-pid----373029----pid-373029
---ebpf-pid----5707----pid-5476
---ebpf-pid----373029----pid-5476
---ebpf-pid----5707----pid-1
---ebpf-pid----373029----pid-1
---ebpf-pid----5707----pid-5707
---ebpf-pid----373029----pid-373029
---ebpf-pid----5707----pid-5476
---ebpf-pid----373029----pid-5476
---ebpf-pid----5707----pid-1
---ebpf-pid----5707----pid-5707
---ebpf-pid----5707----pid-5476
---ebpf-pid----5707----pid-1
---ebpf-pid----5707----pid-5707
---ebpf-pid----5707----pid-5476
---ebpf-pid----5707----pid-1
---ebpf-pid----5707----pid-5707
---ebpf-pid----5707----pid-5476
---ebpf-pid----5707----pid-1
---ebpf-pid----5707----pid-5707
---ebpf-pid----5707----pid-5476
---ebpf-pid----5707----pid-1
---ebpf-pid----5707----pid-5707
---ebpf-pid----2029----pid-2029
---ebpf-pid----2029----pid-1
---ebpf-pid----2029----pid-2029
---ebpf-pid----2029----pid-1
---ebpf-pid----2029----pid-2029
---ebpf-pid----2029----pid-1
---ebpf-pid----2029----pid-2029
---ebpf-pid----2029----pid-1
---ebpf-pid----2029----pid-2029
---ebpf-pid----2029----pid-1
---ebpf-pid----2029----pid-2029
---ebpf-pid----2029----pid-1
---ebpf-pid----2029----pid-2029
---ebpf-pid----2029----pid-1
---ebpf-pid----373029----pid-1
---ebpf-pid----379067----pid-1
---ebpf-pid----373029----pid-373029
---ebpf-pid----379067----pid-379067
---ebpf-pid----373029----pid-5476
---ebpf-pid----379067----pid-5476
---ebpf-pid----373029----pid-1
---ebpf-pid----373029----pid-373029
---ebpf-pid----379067----pid-1
---ebpf-pid----379067----pid-379067
---ebpf-pid----373029----pid-5476
---ebpf-pid----379067----pid-5476
---ebpf-pid----373029----pid-1
---ebpf-pid----373029----pid-373029
---ebpf-pid----379067----pid-1
---ebpf-pid----379067----pid-379067
---ebpf-pid----373029----pid-5476
---ebpf-pid----379067----pid-5476
---ebpf-pid----373029----pid-1
---ebpf-pid----373029----pid-373029
---ebpf-pid----379067----pid-1
---ebpf-pid----379067----pid-379067
---ebpf-pid----373029----pid-5476
---ebpf-pid----379067----pid-5476
---ebpf-pid----373029----pid-1
---ebpf-pid----373029----pid-373029
---ebpf-pid----373029----pid-5476
---ebpf-pid----373029----pid-1
---ebpf-pid----373029----pid-373029
---ebpf-pid----373029----pid-5476
---ebpf-pid----373029----pid-1
---ebpf-pid----373029----pid-373029
---ebpf-pid----373029----pid-5476
---ebpf-pid----373029----pid-1
---ebpf-pid----379067----pid-1
---ebpf-pid----373029----pid-373029
---ebpf-pid----2088----pid-2088
---ebpf-pid----373029----pid-5476
---ebpf-pid----2088----pid-1
---ebpf-pid----2088----pid-2088
---ebpf-pid----373029----pid-1
---ebpf-pid----373029----pid-373029
---ebpf-pid----2088----pid-1
---ebpf-pid----373029----pid-5476
---ebpf-pid----373029----pid-1
---ebpf-pid----373029----pid-373029
---ebpf-pid----373029----pid-5476
---ebpf-pid----373029----pid-1
---ebpf-pid----373029----pid-373029
---ebpf-pid----373029----pid-5476
---ebpf-pid----373029----pid-1
---ebpf-pid----373029----pid-373029
---ebpf-pid----373029----pid-5476
---ebpf-pid----373029----pid-1
---ebpf-pid----373029----pid-373029
---ebpf-pid----2088----pid-2088
---ebpf-pid----2088----pid-1
---ebpf-pid----2088----pid-2088
---ebpf-pid----2088----pid-1
---ebpf-pid----2088----pid-2088
---ebpf-pid----2088----pid-1
---ebpf-pid----2088----pid-2088
---ebpf-pid----2088----pid-1
---ebpf-pid----2088----pid-2088
---ebpf-pid----2088----pid-1
---ebpf-pid----2088----pid-2088
---ebpf-pid----2088----pid-1
---ebpf-pid----2088----pid-2088
---ebpf-pid----2088----pid-1
---ebpf-pid----5707----pid-5476
---ebpf-pid----5707----pid-1
---ebpf-pid----5707----pid-5707
---ebpf-pid----5707----pid-5476
---ebpf-pid----5707----pid-1
---ebpf-pid----2094----pid-2094
---ebpf-pid----2094----pid-1
---ebpf-pid----2094----pid-2094
---ebpf-pid----2094----pid-1
---ebpf-pid----373029----pid-5476
---ebpf-pid----2094----pid-2094
---ebpf-pid----373029----pid-1
---ebpf-pid----2094----pid-1
---ebpf-pid----373029----pid-373029
---ebpf-pid----2094----pid-2094
---ebpf-pid----373029----pid-5476
---ebpf-pid----2094----pid-1
---ebpf-pid----2094----pid-2094
---ebpf-pid----373029----pid-1
---ebpf-pid----373029----pid-373029
---ebpf-pid----2094----pid-1
---ebpf-pid----2094----pid-2094
---ebpf-pid----373029----pid-5476
---ebpf-pid----2094----pid-1
---ebpf-pid----373029----pid-1
---ebpf-pid----379067----pid-379067
---ebpf-pid----373029----pid-373029
---ebpf-pid----379067----pid-5476
---ebpf-pid----373029----pid-5476
---ebpf-pid----379067----pid-1
---ebpf-pid----373029----pid-1
---ebpf-pid----379067----pid-379067
---ebpf-pid----373029----pid-373029
---ebpf-pid----379067----pid-5476
---ebpf-pid----379067----pid-1
---ebpf-pid----379067----pid-379067
---ebpf-pid----379067----pid-5476
---ebpf-pid----379067----pid-1
---ebpf-pid----5705----pid-5705
---ebpf-pid----2029----pid-2029
---ebpf-pid----2029----pid-1
---ebpf-pid----2029----pid-2029
---ebpf-pid----2029----pid-1
---ebpf-pid----2029----pid-2029
---ebpf-pid----2029----pid-1
---ebpf-pid----2029----pid-2029
---ebpf-pid----2029----pid-1
---ebpf-pid----2029----pid-2029
---ebpf-pid----2029----pid-1
---ebpf-pid----2029----pid-2029
---ebpf-pid----2029----pid-1
---ebpf-pid----2029----pid-2029
---ebpf-pid----2029----pid-1
---ebpf-pid----2029----pid-2029
---ebpf-pid----2029----pid-1
---ebpf-pid----2029----pid-2029
---ebpf-pid----2029----pid-1
---ebpf-pid----2029----pid-2029
---ebpf-pid----2029----pid-1
---ebpf-pid----2029----pid-2029
---ebpf-pid----2029----pid-1
---ebpf-pid----2029----pid-2029
---ebpf-pid----2029----pid-1
---ebpf-pid----2029----pid-2029
---ebpf-pid----2029----pid-1
---ebpf-pid----2029----pid-2029
---ebpf-pid----2029----pid-1
---ebpf-pid----2029----pid-2029
---ebpf-pid----2029----pid-1
---ebpf-pid----2029----pid-2029
---ebpf-pid----373029----pid-5476
---ebpf-pid----2029----pid-1
---ebpf-pid----2029----pid-2029
---ebpf-pid----373029----pid-1
---ebpf-pid----373029----pid-373029
---ebpf-pid----373029----pid-5476
---ebpf-pid----2088----pid-2088
---ebpf-pid----2088----pid-1
---ebpf-pid----373029----pid-1
---ebpf-pid----2088----pid-2088
---ebpf-pid----373029----pid-373029
---ebpf-pid----2088----pid-1
---ebpf-pid----2088----pid-2088
---ebpf-pid----373029----pid-5476
---ebpf-pid----2088----pid-1
---ebpf-pid----2088----pid-2088
---ebpf-pid----373029----pid-1
---ebpf-pid----373029----pid-373029
---ebpf-pid----2088----pid-1
---ebpf-pid----2088----pid-2088
---ebpf-pid----373029----pid-5476
---ebpf-pid----2088----pid-1
---ebpf-pid----373029----pid-1
---ebpf-pid----2088----pid-2088
---ebpf-pid----373029----pid-373029
---ebpf-pid----2088----pid-1
---ebpf-pid----2088----pid-2088
---ebpf-pid----373029----pid-5476
---ebpf-pid----2088----pid-1
---ebpf-pid----373029----pid-1
---ebpf-pid----2088----pid-2088
---ebpf-pid----373029----pid-373029
---ebpf-pid----2088----pid-1
---ebpf-pid----373029----pid-5476
---ebpf-pid----2088----pid-2088
---ebpf-pid----2088----pid-1
---ebpf-pid----373029----pid-1
---ebpf-pid----2088----pid-2088
---ebpf-pid----373029----pid-373029
---ebpf-pid----2088----pid-1
---ebpf-pid----2088----pid-2088
---ebpf-pid----373029----pid-5476
---ebpf-pid----2088----pid-1
---ebpf-pid----2088----pid-2088
---ebpf-pid----373029----pid-1
---ebpf-pid----373029----pid-373029
---ebpf-pid----2088----pid-1
---ebpf-pid----2088----pid-2088
---ebpf-pid----373029----pid-5476
---ebpf-pid----2088----pid-1
---ebpf-pid----2088----pid-2088
---ebpf-pid----373029----pid-1
---ebpf-pid----373029----pid-373029
---ebpf-pid----2088----pid-1
---ebpf-pid----2088----pid-2088
---ebpf-pid----373029----pid-5476
---ebpf-pid----2088----pid-1
---ebpf-pid----373029----pid-1
---ebpf-pid----2088----pid-2088
---ebpf-pid----373029----pid-373029
---ebpf-pid----2088----pid-1
---ebpf-pid----2088----pid-2088
---ebpf-pid----373029----pid-5476
---ebpf-pid----2088----pid-1
---ebpf-pid----373029----pid-1
---ebpf-pid----2088----pid-2088
---ebpf-pid----373029----pid-373029
---ebpf-pid----2088----pid-1
---ebpf-pid----2088----pid-2088
---ebpf-pid----373029----pid-5476
---ebpf-pid----2088----pid-1
---ebpf-pid----373029----pid-1
---ebpf-pid----2088----pid-2088
---ebpf-pid----373029----pid-373029
---ebpf-pid----2088----pid-1
---ebpf-pid----2088----pid-2088
---ebpf-pid----373029----pid-5476
---ebpf-pid----5705----pid-5476
---ebpf-pid----5705----pid-1
---ebpf-pid----372881----pid-372881
---ebpf-pid----372881----pid-1
---ebpf-pid----5119----pid-5119
---ebpf-pid----5119----pid-3323
---ebpf-pid----5119----pid-1
---ebpf-pid----2029----pid-1
---ebpf-pid----2029----pid-2029
---ebpf-pid----2029----pid-1
---ebpf-pid----2029----pid-2029
---ebpf-pid----2029----pid-1
---ebpf-pid----2029----pid-2029
---ebpf-pid----2029----pid-1
---ebpf-pid----2029----pid-2029
---ebpf-pid----2029----pid-1
---ebpf-pid----2029----pid-2029
---ebpf-pid----2029----pid-1
---ebpf-pid----2029----pid-2029
---ebpf-pid----2029----pid-1
---ebpf-pid----2029----pid-2029
---ebpf-pid----2029----pid-1
---ebpf-pid----2029----pid-2029
---ebpf-pid----2029----pid-1
---ebpf-pid----2029----pid-2029
---ebpf-pid----2029----pid-1
---ebpf-pid----2029----pid-2029
---ebpf-pid----2029----pid-1
---ebpf-pid----2029----pid-2029
---ebpf-pid----2029----pid-1
---ebpf-pid----2029----pid-2029
---ebpf-pid----2029----pid-1
---ebpf-pid----2029----pid-2029
---ebpf-pid----2029----pid-1
---ebpf-pid----2029----pid-2029
---ebpf-pid----2029----pid-1
---ebpf-pid----2029----pid-2029
---ebpf-pid----2029----pid-1
---ebpf-pid----2029----pid-2029
---ebpf-pid----2029----pid-1
---ebpf-pid----2088----pid-1
---ebpf-pid----2088----pid-2088
---ebpf-pid----2088----pid-1
---ebpf-pid----2088----pid-2088
---ebpf-pid----2088----pid-1
---ebpf-pid----2088----pid-2088
---ebpf-pid----2088----pid-1
---ebpf-pid----2088----pid-2088
---ebpf-pid----2088----pid-1
---ebpf-pid----2088----pid-2088
---ebpf-pid----2088----pid-1
---ebpf-pid----5705----pid-5705
---ebpf-pid----5705----pid-5476
---ebpf-pid----5705----pid-1
---ebpf-pid----5705----pid-5705
---ebpf-pid----5705----pid-5476
---ebpf-pid----5705----pid-1
---ebpf-pid----5705----pid-5705
---ebpf-pid----5705----pid-5476
---ebpf-pid----2029----pid-2029
---ebpf-pid----2029----pid-1
---ebpf-pid----2029----pid-2029
---ebpf-pid----2029----pid-1
---ebpf-pid----2029----pid-2029
---ebpf-pid----2029----pid-1
---ebpf-pid----2029----pid-2029
---ebpf-pid----2029----pid-1
---ebpf-pid----2029----pid-2029
---ebpf-pid----2029----pid-1
---ebpf-pid----2029----pid-2029
---ebpf-pid----2029----pid-1
---ebpf-pid----2029----pid-2029
---ebpf-pid----2029----pid-1
---ebpf-pid----2029----pid-2029
---ebpf-pid----2029----pid-1
---ebpf-pid----2029----pid-2029
---ebpf-pid----2029----pid-1
---ebpf-pid----2029----pid-2029
---ebpf-pid----2029----pid-1
---ebpf-pid----2029----pid-2029
---ebpf-pid----2029----pid-1
---ebpf-pid----2029----pid-2029
---ebpf-pid----2029----pid-1
---ebpf-pid----2029----pid-2029
---ebpf-pid----2029----pid-1
---ebpf-pid----2029----pid-2029
---ebpf-pid----2029----pid-1
---ebpf-pid----2029----pid-2029
---ebpf-pid----2029----pid-1
---ebpf-pid----2029----pid-2029
---ebpf-pid----2029----pid-1
---ebpf-pid----2029----pid-2029
---ebpf-pid----5705----pid-1
---ebpf-pid----5705----pid-5705
---ebpf-pid----373029----pid-1
---ebpf-pid----5705----pid-5476
---ebpf-pid----373029----pid-373029
---ebpf-pid----5705----pid-1
---ebpf-pid----5705----pid-5705
---ebpf-pid----373029----pid-5476
---ebpf-pid----5705----pid-5476
---ebpf-pid----373029----pid-1
---ebpf-pid----5705----pid-1
---ebpf-pid----373029----pid-373029
---ebpf-pid----373029----pid-5476
---ebpf-pid----373029----pid-1
---ebpf-pid----373029----pid-373029
---ebpf-pid----373029----pid-5476
---ebpf-pid----5705----pid-5705
---ebpf-pid----373029----pid-1
---ebpf-pid----373029----pid-373029
---ebpf-pid----5705----pid-5476
---ebpf-pid----5705----pid-1
---ebpf-pid----5705----pid-5705
---ebpf-pid----5705----pid-5476
---ebpf-pid----373029----pid-5476
---ebpf-pid----5705----pid-1
---ebpf-pid----373029----pid-1
---ebpf-pid----5705----pid-5705
---ebpf-pid----373029----pid-373029
---ebpf-pid----5705----pid-5476
---ebpf-pid----373029----pid-5476
---ebpf-pid----373029----pid-1
---ebpf-pid----373029----pid-373029
---ebpf-pid----373029----pid-5476
---ebpf-pid----373029----pid-1
---ebpf-pid----373029----pid-373029
---ebpf-pid----373029----pid-5476
---ebpf-pid----5705----pid-1
---ebpf-pid----373029----pid-1
---ebpf-pid----5705----pid-5705
---ebpf-pid----373029----pid-373029
---ebpf-pid----5705----pid-5476
---ebpf-pid----373029----pid-5476
---ebpf-pid----5705----pid-1
---ebpf-pid----373029----pid-1
---ebpf-pid----5705----pid-5705
---ebpf-pid----373029----pid-373029
---ebpf-pid----5705----pid-5476
---ebpf-pid----373029----pid-5476
---ebpf-pid----5705----pid-1
---ebpf-pid----5705----pid-5705
---ebpf-pid----373029----pid-1
---ebpf-pid----373029----pid-373029
---ebpf-pid----373029----pid-5476
---ebpf-pid----373029----pid-1
---ebpf-pid----373029----pid-373029
---ebpf-pid----373029----pid-5476
---ebpf-pid----373029----pid-1
---ebpf-pid----2029----pid-1
---ebpf-pid----373029----pid-373029
---ebpf-pid----2029----pid-2029
---ebpf-pid----373029----pid-5476
---ebpf-pid----2029----pid-1
---ebpf-pid----2029----pid-2029
---ebpf-pid----373029----pid-1
---ebpf-pid----373029----pid-373029
---ebpf-pid----2029----pid-1
---ebpf-pid----2029----pid-2029
---ebpf-pid----373029----pid-5476
---ebpf-pid----2029----pid-1
---ebpf-pid----2029----pid-2029
---ebpf-pid----373029----pid-1
---ebpf-pid----373029----pid-373029
---ebpf-pid----2029----pid-1
---ebpf-pid----2029----pid-2029
---ebpf-pid----373029----pid-5476
---ebpf-pid----2029----pid-1
---ebpf-pid----2029----pid-2029
---ebpf-pid----373029----pid-1
---ebpf-pid----2029----pid-1
---ebpf-pid----373029----pid-373029
---ebpf-pid----2029----pid-2029
---ebpf-pid----2029----pid-1
---ebpf-pid----373029----pid-5476
---ebpf-pid----2029----pid-2029
---ebpf-pid----373029----pid-1
---ebpf-pid----2029----pid-1
---ebpf-pid----2029----pid-2029
---ebpf-pid----373029----pid-373029
---ebpf-pid----2029----pid-1
---ebpf-pid----373029----pid-5476
---ebpf-pid----2029----pid-2029
---ebpf-pid----373029----pid-1
---ebpf-pid----2029----pid-1
---ebpf-pid----373029----pid-373029
---ebpf-pid----2029----pid-2029
---ebpf-pid----373029----pid-5476
---ebpf-pid----2029----pid-1
---ebpf-pid----2029----pid-2029
---ebpf-pid----373029----pid-1
---ebpf-pid----2029----pid-1
---ebpf-pid----373029----pid-373029
---ebpf-pid----2029----pid-2029
---ebpf-pid----2029----pid-1
---ebpf-pid----2029----pid-2029
---ebpf-pid----2029----pid-1
---ebpf-pid----2029----pid-2029
---ebpf-pid----2029----pid-1
---ebpf-pid----2029----pid-2029
---ebpf-pid----2029----pid-1
---ebpf-pid----2029----pid-2029
---ebpf-pid----2029----pid-1
---ebpf-pid----2029----pid-2029
---ebpf-pid----2029----pid-1
---ebpf-pid----2029----pid-2029
---ebpf-pid----2029----pid-1
---ebpf-pid----2029----pid-2029
---ebpf-pid----2029----pid-1
---ebpf-pid----2029----pid-2029
---ebpf-pid----373029----pid-5476
---ebpf-pid----373029----pid-1
---ebpf-pid----373029----pid-373029
---ebpf-pid----373029----pid-5476
---ebpf-pid----373029----pid-1
---ebpf-pid----373029----pid-373029
---ebpf-pid----373029----pid-5476
---ebpf-pid----373029----pid-1
---ebpf-pid----373029----pid-373029
---ebpf-pid----373029----pid-5476
---ebpf-pid----373029----pid-1
---ebpf-pid----373029----pid-373029
---ebpf-pid----373029----pid-5476
---ebpf-pid----373029----pid-1
---ebpf-pid----373029----pid-373029
---ebpf-pid----373029----pid-5476
---ebpf-pid----5705----pid-5476
---ebpf-pid----5705----pid-1
---ebpf-pid----5705----pid-5705
---ebpf-pid----5705----pid-5476
---ebpf-pid----5705----pid-1
---ebpf-pid----2029----pid-2029
---ebpf-pid----2029----pid-1
---ebpf-pid----2029----pid-2029
---ebpf-pid----2029----pid-1
---ebpf-pid----2029----pid-2029
---ebpf-pid----2029----pid-1
---ebpf-pid----2029----pid-2029
---ebpf-pid----2029----pid-1
---ebpf-pid----2029----pid-2029
---ebpf-pid----2029----pid-1
---ebpf-pid----2029----pid-2029
---ebpf-pid----2029----pid-1
---ebpf-pid----2029----pid-2029
---ebpf-pid----2029----pid-1
---ebpf-pid----372881----pid-372881
---ebpf-pid----372881----pid-1
---ebpf-pid----379067----pid-379067
---ebpf-pid----379067----pid-5476
---ebpf-pid----379067----pid-1
---ebpf-pid----379067----pid-379067
---ebpf-pid----379067----pid-5476
---ebpf-pid----379067----pid-1
---ebpf-pid----379067----pid-379067
---ebpf-pid----379067----pid-5476
---ebpf-pid----379067----pid-1
---ebpf-pid----379067----pid-379067
---ebpf-pid----379067----pid-5476
---ebpf-pid----379067----pid-1
---ebpf-pid----379067----pid-379067
---ebpf-pid----379067----pid-5476
---ebpf-pid----2029----pid-1
---ebpf-pid----2029----pid-2029
---ebpf-pid----2029----pid-1
---ebpf-pid----2029----pid-2029
---ebpf-pid----2029----pid-1
---ebpf-pid----2029----pid-2029
---ebpf-pid----2029----pid-1
---ebpf-pid----2029----pid-2029
---ebpf-pid----2029----pid-1
---ebpf-pid----2029----pid-2029
---ebpf-pid----2029----pid-1
---ebpf-pid----2029----pid-2029
---ebpf-pid----373029----pid-1
---ebpf-pid----379067----pid-1
---ebpf-pid----379067----pid-379067
---ebpf-pid----373029----pid-373029
---ebpf-pid----379067----pid-5476
---ebpf-pid----379067----pid-1
---ebpf-pid----373029----pid-5476
---ebpf-pid----379067----pid-379067
---ebpf-pid----379067----pid-5476
---ebpf-pid----373029----pid-1
---ebpf-pid----379067----pid-1
---ebpf-pid----379067----pid-379067
---ebpf-pid----373029----pid-373029
---ebpf-pid----379067----pid-5476
---ebpf-pid----373029----pid-5476
---ebpf-pid----379067----pid-1
---ebpf-pid----379067----pid-379067
---ebpf-pid----373029----pid-1
---ebpf-pid----379067----pid-5476
---ebpf-pid----373029----pid-373029
---ebpf-pid----379067----pid-1
---ebpf-pid----373029----pid-5476
---ebpf-pid----379067----pid-379067
---ebpf-pid----373029----pid-1
---ebpf-pid----379067----pid-5476
---ebpf-pid----373029----pid-373029
---ebpf-pid----379067----pid-1
---ebpf-pid----379067----pid-379067
---ebpf-pid----373029----pid-5476
---ebpf-pid----379067----pid-5476
---ebpf-pid----379067----pid-1
---ebpf-pid----373029----pid-1
---ebpf-pid----379067----pid-379067
---ebpf-pid----373029----pid-373029
---ebpf-pid----379067----pid-5476
---ebpf-pid----373029----pid-5476
---ebpf-pid----379067----pid-1
---ebpf-pid----373029----pid-1
---ebpf-pid----379067----pid-379067
---ebpf-pid----373029----pid-373029
---ebpf-pid----379067----pid-5476
---ebpf-pid----373029----pid-5476
---ebpf-pid----379067----pid-1
---ebpf-pid----373029----pid-1
---ebpf-pid----379067----pid-379067
---ebpf-pid----2029----pid-2029
---ebpf-pid----379067----pid-5476
---ebpf-pid----2029----pid-1
---ebpf-pid----379067----pid-1
---ebpf-pid----2029----pid-2029
---ebpf-pid----379067----pid-379067
---ebpf-pid----2029----pid-1
---ebpf-pid----2029----pid-1
---ebpf-pid----2029----pid-2029
---ebpf-pid----2029----pid-2029
---ebpf-pid----2029----pid-1
---ebpf-pid----2029----pid-2029
---ebpf-pid----2029----pid-1
---ebpf-pid----2094----pid-2094
---ebpf-pid----2094----pid-1
---ebpf-pid----2094----pid-2094
---ebpf-pid----2094----pid-1
---ebpf-pid----2094----pid-2094
---ebpf-pid----2094----pid-1
---ebpf-pid----2094----pid-2094
---ebpf-pid----2029----pid-1
---ebpf-pid----2094----pid-1
---ebpf-pid----2094----pid-2094
---ebpf-pid----2094----pid-1
---ebpf-pid----2094----pid-2094
---ebpf-pid----2029----pid-2029
---ebpf-pid----2094----pid-1
---ebpf-pid----2094----pid-2094
---ebpf-pid----2029----pid-1
---ebpf-pid----2029----pid-2029
---ebpf-pid----2094----pid-1
---ebpf-pid----2094----pid-2094
---ebpf-pid----2029----pid-1
---ebpf-pid----2029----pid-2029
---ebpf-pid----2094----pid-1
---ebpf-pid----2094----pid-2094
---ebpf-pid----2029----pid-1
---ebpf-pid----2029----pid-2029
---ebpf-pid----2094----pid-1
---ebpf-pid----2094----pid-2094
---ebpf-pid----2094----pid-1
---ebpf-pid----2094----pid-2094
---ebpf-pid----2094----pid-1
---ebpf-pid----2094----pid-2094
---ebpf-pid----2029----pid-1
---ebpf-pid----2094----pid-1
---ebpf-pid----2029----pid-2029
---ebpf-pid----379067----pid-379067
---ebpf-pid----2029----pid-1
---ebpf-pid----379067----pid-5476
---ebpf-pid----2029----pid-2029
---ebpf-pid----379067----pid-1
---ebpf-pid----2029----pid-1
---ebpf-pid----379067----pid-379067
---ebpf-pid----5705----pid-5705
---ebpf-pid----379067----pid-5476
---ebpf-pid----5705----pid-5476
---ebpf-pid----379067----pid-1
---ebpf-pid----5705----pid-1
---ebpf-pid----379067----pid-379067
---ebpf-pid----5705----pid-5705
---ebpf-pid----379067----pid-5476
---ebpf-pid----5705----pid-5476
---ebpf-pid----379067----pid-1
---ebpf-pid----5705----pid-1
---ebpf-pid----379067----pid-379067
---ebpf-pid----5705----pid-5705
---ebpf-pid----379067----pid-5476
---ebpf-pid----5705----pid-5476
---ebpf-pid----5705----pid-1
---ebpf-pid----379067----pid-1
---ebpf-pid----5705----pid-5705
---ebpf-pid----379067----pid-379067
---ebpf-pid----5705----pid-5476
---ebpf-pid----379067----pid-5476
---ebpf-pid----5705----pid-1
---ebpf-pid----379067----pid-1
---ebpf-pid----379067----pid-5476
---ebpf-pid----5705----pid-5705
---ebpf-pid----379067----pid-379067
---ebpf-pid----5705----pid-5476
---ebpf-pid----379067----pid-1
---ebpf-pid----379067----pid-5476
---ebpf-pid----379067----pid-379067
---ebpf-pid----5705----pid-1
---ebpf-pid----379067----pid-5476
---ebpf-pid----448524----pid-448524
---ebpf-pid----379067----pid-1
---ebpf-pid----448524----pid-1
---ebpf-pid----379067----pid-379067
---ebpf-pid----379067----pid-1
---ebpf-pid----2088----pid-2088
---ebpf-pid----2089----pid-2089
---ebpf-pid----2088----pid-1
---ebpf-pid----379067----pid-5476
---ebpf-pid----2088----pid-2088
---ebpf-pid----2089----pid-1
---ebpf-pid----2089----pid-2089
---ebpf-pid----2088----pid-1
---ebpf-pid----379067----pid-1
---ebpf-pid----2088----pid-2088
---ebpf-pid----379067----pid-379067
---ebpf-pid----2089----pid-1
---ebpf-pid----2088----pid-1
---ebpf-pid----2089----pid-2089
---ebpf-pid----379067----pid-5476
---ebpf-pid----5705----pid-5705
---ebpf-pid----5705----pid-5476
---ebpf-pid----2089----pid-1
---ebpf-pid----379067----pid-1
---ebpf-pid----2089----pid-2089
---ebpf-pid----379067----pid-379067
---ebpf-pid----5705----pid-1
---ebpf-pid----5705----pid-5705
---ebpf-pid----2089----pid-1
---ebpf-pid----379067----pid-5476
---ebpf-pid----2089----pid-2089
---ebpf-pid----5705----pid-5476
---ebpf-pid----379067----pid-1
---ebpf-pid----2089----pid-1
---ebpf-pid----5705----pid-1
---ebpf-pid----379067----pid-379067
---ebpf-pid----5705----pid-5705
---ebpf-pid----2089----pid-2089
---ebpf-pid----379067----pid-5476
---ebpf-pid----5705----pid-5476
---ebpf-pid----2089----pid-1
---ebpf-pid----379067----pid-1
---ebpf-pid----5705----pid-1
---ebpf-pid----2089----pid-2089
---ebpf-pid----379067----pid-379067
---ebpf-pid----5705----pid-5705
---ebpf-pid----2089----pid-1
---ebpf-pid----379067----pid-5476
---ebpf-pid----5705----pid-5476
---ebpf-pid----2089----pid-2089
---ebpf-pid----5705----pid-1
---ebpf-pid----379067----pid-1
---ebpf-pid----5705----pid-5705
---ebpf-pid----2089----pid-1
---ebpf-pid----379067----pid-379067
---ebpf-pid----2089----pid-2089
---ebpf-pid----5705----pid-5476
---ebpf-pid----379067----pid-5476
---ebpf-pid----2089----pid-1
---ebpf-pid----5705----pid-1
---ebpf-pid----373029----pid-373029
---ebpf-pid----5705----pid-5705
---ebpf-pid----379067----pid-1
---ebpf-pid----379067----pid-379067
---ebpf-pid----5705----pid-5476
---ebpf-pid----373029----pid-5476
---ebpf-pid----379067----pid-5476
---ebpf-pid----5705----pid-1
---ebpf-pid----373029----pid-1
---ebpf-pid----5705----pid-5705
---ebpf-pid----373029----pid-373029
---ebpf-pid----379067----pid-1
---ebpf-pid----5705----pid-5476
---ebpf-pid----379067----pid-379067
---ebpf-pid----373029----pid-5476
---ebpf-pid----5119----pid-5119
---ebpf-pid----379067----pid-5476
---ebpf-pid----373029----pid-1
---ebpf-pid----373029----pid-373029
---ebpf-pid----5119----pid-3323
---ebpf-pid----379067----pid-1
---ebpf-pid----379067----pid-379067
---ebpf-pid----373029----pid-5476
---ebpf-pid----5119----pid-1
---ebpf-pid----379067----pid-5476
---ebpf-pid----373029----pid-1
---ebpf-pid----373029----pid-373029
---ebpf-pid----379067----pid-1
---ebpf-pid----379067----pid-379067
---ebpf-pid----379067----pid-5476
---ebpf-pid----379067----pid-1
---ebpf-pid----379067----pid-379067
---ebpf-pid----4716----pid-4716
---ebpf-pid----4716----pid-3323
---ebpf-pid----4716----pid-1
---ebpf-pid----31----pid-31
---ebpf-pid----31----pid-2
---ebpf-pid----379067----pid-5476
---ebpf-pid----379067----pid-1
---ebpf-pid----379067----pid-379067
---ebpf-pid----379067----pid-5476
---ebpf-pid----379067----pid-1
---ebpf-pid----379067----pid-379067
---ebpf-pid----373029----pid-5476
---ebpf-pid----5705----pid-1
---ebpf-pid----5705----pid-5705
---ebpf-pid----5705----pid-5476
---ebpf-pid----5705----pid-1
---ebpf-pid----5705----pid-5705
---ebpf-pid----5705----pid-5476
---ebpf-pid----5705----pid-1
---ebpf-pid----5705----pid-5705
---ebpf-pid----5705----pid-5476
---ebpf-pid----5705----pid-1
---ebpf-pid----5705----pid-5705
---ebpf-pid----5705----pid-5476
---ebpf-pid----5705----pid-1
---ebpf-pid----379067----pid-379067
---ebpf-pid----379067----pid-5476
---ebpf-pid----379067----pid-1
---ebpf-pid----379067----pid-379067
---ebpf-pid----379067----pid-5476
---ebpf-pid----379067----pid-1
---ebpf-pid----379067----pid-379067
---ebpf-pid----379067----pid-5476
---ebpf-pid----379067----pid-1
---ebpf-pid----5428----pid-5428
---ebpf-pid----5428----pid-1
---ebpf-pid----379067----pid-5476
---ebpf-pid----5428----pid-5428
---ebpf-pid----379067----pid-1
---ebpf-pid----5428----pid-1
---ebpf-pid----379067----pid-379067
---ebpf-pid----379067----pid-379067
---ebpf-pid----379067----pid-5476
---ebpf-pid----379067----pid-5476
---ebpf-pid----379067----pid-1
---ebpf-pid----379067----pid-1
---ebpf-pid----379067----pid-379067
---ebpf-pid----379067----pid-379067
---ebpf-pid----379067----pid-5476
---ebpf-pid----379067----pid-5476
---ebpf-pid----379067----pid-1
---ebpf-pid----379067----pid-1
---ebpf-pid----379067----pid-379067
---ebpf-pid----379067----pid-379067
---ebpf-pid----379067----pid-5476
---ebpf-pid----379067----pid-5476
---ebpf-pid----379067----pid-1
---ebpf-pid----379067----pid-379067
---ebpf-pid----373029----pid-1
---ebpf-pid----373029----pid-373029
---ebpf-pid----373029----pid-5476
---ebpf-pid----373029----pid-1
---ebpf-pid----373029----pid-373029
---ebpf-pid----373029----pid-5476
---ebpf-pid----373029----pid-1
---ebpf-pid----373029----pid-373029
---ebpf-pid----379067----pid-1
---ebpf-pid----379067----pid-5476
---ebpf-pid----379067----pid-379067
---ebpf-pid----379067----pid-1
---ebpf-pid----379067----pid-379067
---ebpf-pid----373029----pid-5476
---ebpf-pid----373029----pid-1
---ebpf-pid----379067----pid-5476
---ebpf-pid----379067----pid-1
---ebpf-pid----379067----pid-379067
---ebpf-pid----379067----pid-5476
---ebpf-pid----379067----pid-1
---ebpf-pid----379067----pid-379067
---ebpf-pid----379067----pid-5476
---ebpf-pid----379067----pid-1
---ebpf-pid----2029----pid-2029
---ebpf-pid----2029----pid-1
---ebpf-pid----2029----pid-2029
---ebpf-pid----2029----pid-1
---ebpf-pid----2029----pid-2029
---ebpf-pid----2029----pid-1
---ebpf-pid----2029----pid-2029
---ebpf-pid----2029----pid-1
---ebpf-pid----2029----pid-2029
---ebpf-pid----2029----pid-1
---ebpf-pid----2029----pid-2029
---ebpf-pid----2029----pid-1
---ebpf-pid----2029----pid-2029
---ebpf-pid----2029----pid-1
---ebpf-pid----2029----pid-2029
---ebpf-pid----2029----pid-1
---ebpf-pid----2029----pid-2029
---ebpf-pid----2029----pid-1
---ebpf-pid----2029----pid-2029
---ebpf-pid----2029----pid-1
---ebpf-pid----2029----pid-2029
---ebpf-pid----373029----pid-373029
---ebpf-pid----2029----pid-1
---ebpf-pid----2029----pid-2029
---ebpf-pid----373029----pid-5476
---ebpf-pid----2029----pid-1
---ebpf-pid----373029----pid-1
---ebpf-pid----2029----pid-2029
---ebpf-pid----373029----pid-373029
---ebpf-pid----2029----pid-1
---ebpf-pid----373029----pid-5476
---ebpf-pid----2029----pid-2029
---ebpf-pid----373029----pid-1
---ebpf-pid----373029----pid-373029
---ebpf-pid----373029----pid-5476
---ebpf-pid----373029----pid-1
---ebpf-pid----373029----pid-373029
---ebpf-pid----373029----pid-5476
---ebpf-pid----379067----pid-5476
---ebpf-pid----2029----pid-1
---ebpf-pid----2029----pid-2029
---ebpf-pid----2029----pid-1
---ebpf-pid----2029----pid-2029
---ebpf-pid----2029----pid-1
---ebpf-pid----2029----pid-2029
---ebpf-pid----2029----pid-1
---ebpf-pid----2029----pid-2029
---ebpf-pid----2029----pid-1
---ebpf-pid----2029----pid-2029
---ebpf-pid----379067----pid-1
---ebpf-pid----379067----pid-379067
---ebpf-pid----373029----pid-1
---ebpf-pid----2029----pid-1
---ebpf-pid----2029----pid-2029
---ebpf-pid----379067----pid-5476
---ebpf-pid----373029----pid-373029
---ebpf-pid----379067----pid-1
---ebpf-pid----379067----pid-379067
---ebpf-pid----379067----pid-5476
---ebpf-pid----2029----pid-1
---ebpf-pid----373029----pid-5476
---ebpf-pid----379067----pid-1
---ebpf-pid----2029----pid-2029
---ebpf-pid----373029----pid-1
---ebpf-pid----373029----pid-373029
---ebpf-pid----373029----pid-5476
---ebpf-pid----379067----pid-379067
---ebpf-pid----379067----pid-5476
---ebpf-pid----379067----pid-1
---ebpf-pid----373029----pid-1
---ebpf-pid----379067----pid-379067
---ebpf-pid----373029----pid-373029
---ebpf-pid----2029----pid-1
---ebpf-pid----379067----pid-5476
---ebpf-pid----2029----pid-2029
---ebpf-pid----373029----pid-5476
---ebpf-pid----2029----pid-1
---ebpf-pid----2029----pid-2029
---ebpf-pid----2029----pid-1
---ebpf-pid----2029----pid-2029
---ebpf-pid----379067----pid-1
---ebpf-pid----373029----pid-1
---ebpf-pid----2029----pid-1
---ebpf-pid----2029----pid-2029
---ebpf-pid----2029----pid-1
---ebpf-pid----2029----pid-2029
---ebpf-pid----2029----pid-1
---ebpf-pid----2029----pid-2029
---ebpf-pid----2029----pid-1
---ebpf-pid----2029----pid-2029
---ebpf-pid----379067----pid-379067
---ebpf-pid----2029----pid-1
---ebpf-pid----2029----pid-2029
---ebpf-pid----2029----pid-1
---ebpf-pid----2029----pid-2029
---ebpf-pid----373029----pid-373029
---ebpf-pid----2029----pid-1
---ebpf-pid----379067----pid-5476
---ebpf-pid----379067----pid-1
---ebpf-pid----373029----pid-5476
---ebpf-pid----379067----pid-379067
---ebpf-pid----379067----pid-5476
---ebpf-pid----373029----pid-1
---ebpf-pid----373029----pid-373029
---ebpf-pid----379067----pid-1
---ebpf-pid----2029----pid-2029
---ebpf-pid----373029----pid-5476
---ebpf-pid----2029----pid-1
---ebpf-pid----2029----pid-2029
---ebpf-pid----379067----pid-379067
---ebpf-pid----2029----pid-1
---ebpf-pid----2029----pid-2029
---ebpf-pid----2029----pid-1
---ebpf-pid----2029----pid-2029
---ebpf-pid----379067----pid-5476
---ebpf-pid----2029----pid-1
---ebpf-pid----2029----pid-2029
---ebpf-pid----373029----pid-1
---ebpf-pid----2029----pid-1
---ebpf-pid----2029----pid-2029
---ebpf-pid----373029----pid-373029
---ebpf-pid----373029----pid-5476
---ebpf-pid----373029----pid-1
---ebpf-pid----379067----pid-1
---ebpf-pid----373029----pid-373029
---ebpf-pid----2029----pid-1
---ebpf-pid----373029----pid-5476
---ebpf-pid----2029----pid-2029
---ebpf-pid----379067----pid-379067
---ebpf-pid----373029----pid-1
---ebpf-pid----373029----pid-373029
---ebpf-pid----379067----pid-5476
---ebpf-pid----2029----pid-1
---ebpf-pid----379067----pid-1
---ebpf-pid----379067----pid-379067
---ebpf-pid----2029----pid-2029
---ebpf-pid----373029----pid-5476
---ebpf-pid----373029----pid-1
---ebpf-pid----373029----pid-373029
---ebpf-pid----2029----pid-1
---ebpf-pid----2029----pid-2029
---ebpf-pid----379067----pid-5476
---ebpf-pid----2029----pid-1
---ebpf-pid----2029----pid-2029
---ebpf-pid----2029----pid-1
---ebpf-pid----2029----pid-2029
---ebpf-pid----379067----pid-1
---ebpf-pid----2029----pid-1
---ebpf-pid----2029----pid-2029
---ebpf-pid----2029----pid-1
---ebpf-pid----2029----pid-2029
---ebpf-pid----2029----pid-1
---ebpf-pid----373029----pid-5476
---ebpf-pid----373029----pid-1
---ebpf-pid----373029----pid-373029
---ebpf-pid----373029----pid-5476
---ebpf-pid----373029----pid-1
---ebpf-pid----373029----pid-373029
---ebpf-pid----379067----pid-379067
---ebpf-pid----2029----pid-2029
---ebpf-pid----373029----pid-5476
---ebpf-pid----373029----pid-1
---ebpf-pid----373029----pid-373029
---ebpf-pid----373029----pid-5476
---ebpf-pid----373029----pid-1
---ebpf-pid----373029----pid-373029
---ebpf-pid----373029----pid-5476
---ebpf-pid----373029----pid-1
---ebpf-pid----373029----pid-373029
---ebpf-pid----373029----pid-5476
---ebpf-pid----373029----pid-1
---ebpf-pid----373029----pid-373029
